[0.003s][info][metaspace]  - commit_granule_bytes: 65536.
[0.003s][info][metaspace]  - commit_granule_words: 8192.
[0.003s][info][metaspace]  - virtual_space_node_default_size: 8388608.
[0.003s][info][metaspace]  - enlarge_chunks_in_place: 1.
[0.005s][info][gc,init  ] CardTable entry size: 512
[0.009s][info][gc       ] Using G1
[0.013s][info][gc,init  ] Version: 24-internal-adhoc.root.jdk (release)
[0.013s][info][gc,init  ] CPUs: 2 total, 2 available
[0.013s][info][gc,init  ] Memory: 3908M
[0.013s][info][gc,init  ] Large Page Support: Disabled
[0.013s][info][gc,init  ] NUMA Support: Disabled
[0.013s][info][gc,init  ] Compressed Oops: Enabled (32-bit)
[0.013s][info][gc,init  ] Heap Region Size: 1M
[0.013s][info][gc,init  ] Heap Min Capacity: 256M
[0.013s][info][gc,init  ] Heap Initial Capacity: 256M
[0.013s][info][gc,init  ] Heap Max Capacity: 978M
[0.013s][info][gc,init  ] Pre-touch: Disabled
[0.013s][info][gc,init  ] Parallel Workers: 2
[0.013s][info][gc,init  ] Concurrent Workers: 1
[0.013s][info][gc,init  ] Concurrent Refinement Workers: 2
[0.013s][info][gc,init  ] Periodic GC: Disabled
[0.028s][info][gc,metaspace] CDS archive(s) mapped at: [0x00007f592e000000-0x00007f592edc0000-0x00007f592edc0000), size 14417920, SharedBaseAddress: 0x00007f592e000000, ArchiveRelocationMode: 1.
[0.028s][info][gc,metaspace] Compressed class space mapped at: 0x00007f592f000000-0x00007f596f000000, reserved size: 1073741824
[0.028s][info][gc,metaspace] UseCompressedClassPointers 1, UseCompactObjectHeaders 0
[0.028s][info][gc,metaspace] Narrow klass pointer bits 32, Max shift 3
[0.028s][info][gc,metaspace] Narrow klass base: 0x00007f592e000000, Narrow klass shift: 0
[0.028s][info][gc,metaspace] Encoding Range: [0x00007f592e000000 - 0x00007f5a2e000000), (4294967296 bytes)
[0.028s][info][gc,metaspace] Klass Range:    [0x00007f592e000000 - 0x00007f596f000000), (1090519040 bytes)
[0.028s][info][gc,metaspace] Klass ID Range:  [8 - 1090519033) (1090519025)
[0.362s][info][gc,start    ] GC(0) Pause Young (Normal) (G1 Evacuation Pause)
[0.362s][info][gc,task     ] GC(0) Using 2 workers of 2 for evacuation
[0.366s][info][gc,phases   ] GC(0)   Pre Evacuate Collection Set: 0.17ms
[0.366s][info][gc,phases   ] GC(0)   Merge Heap Roots: 0.08ms
[0.366s][info][gc,phases   ] GC(0)   Evacuate Collection Set: 3.10ms
[0.366s][info][gc,phases   ] GC(0)   Post Evacuate Collection Set: 0.33ms
[0.366s][info][gc,phases   ] GC(0)   Other: 0.27ms
[0.366s][info][gc,heap     ] GC(0) Eden regions: 12->0(10)
[0.366s][info][gc,heap     ] GC(0) Survivor regions: 0->2(2)
[0.366s][info][gc,heap     ] GC(0) Old regions: 2->2
[0.366s][info][gc,heap     ] GC(0) Humongous regions: 0->0
[0.366s][info][gc,metaspace] GC(0) Metaspace: 2317K(2432K)->2317K(2432K) NonClass: 2120K(2176K)->2120K(2176K) Class: 197K(256K)->197K(256K)
[0.366s][info][gc          ] GC(0) Pause Young (Normal) (G1 Evacuation Pause) 13M->2M(258M) 4.201ms
[0.366s][info][gc,cpu      ] GC(0) User=0.00s Sys=0.00s Real=0.00s
[0.396s][info][gc,start    ] GC(1) Pause Young (Normal) (G1 Evacuation Pause)
[0.396s][info][gc,task     ] GC(1) Using 2 workers of 2 for evacuation
[0.400s][info][gc,phases   ] GC(1)   Pre Evacuate Collection Set: 0.17ms
[0.400s][info][gc,phases   ] GC(1)   Merge Heap Roots: 0.04ms
[0.400s][info][gc,phases   ] GC(1)   Evacuate Collection Set: 3.53ms
[0.400s][info][gc,phases   ] GC(1)   Post Evacuate Collection Set: 0.19ms
[0.400s][info][gc,phases   ] GC(1)   Other: 0.09ms
[0.400s][info][gc,heap     ] GC(1) Eden regions: 10->0(20)
[0.400s][info][gc,heap     ] GC(1) Survivor regions: 2->1(2)
[0.400s][info][gc,heap     ] GC(1) Old regions: 2->4
[0.400s][info][gc,heap     ] GC(1) Humongous regions: 0->0
[0.400s][info][gc,metaspace] GC(1) Metaspace: 2394K(2496K)->2394K(2496K) NonClass: 2195K(2240K)->2195K(2240K) Class: 198K(256K)->198K(256K)
[0.400s][info][gc          ] GC(1) Pause Young (Normal) (G1 Evacuation Pause) 12M->3M(258M) 4.242ms
[0.400s][info][gc,cpu      ] GC(1) User=0.00s Sys=0.00s Real=0.00s
[0.470s][info][gc,start    ] GC(2) Pause Young (Normal) (G1 Evacuation Pause)
[0.470s][info][gc,task     ] GC(2) Using 2 workers of 2 for evacuation
[0.471s][info][gc,phases   ] GC(2)   Pre Evacuate Collection Set: 0.14ms
[0.471s][info][gc,phases   ] GC(2)   Merge Heap Roots: 0.04ms
[0.471s][info][gc,phases   ] GC(2)   Evacuate Collection Set: 0.35ms
[0.471s][info][gc,phases   ] GC(2)   Post Evacuate Collection Set: 0.15ms
[0.471s][info][gc,phases   ] GC(2)   Other: 0.09ms
[0.471s][info][gc,heap     ] GC(2) Eden regions: 20->0(25)
[0.471s][info][gc,heap     ] GC(2) Survivor regions: 1->1(3)
[0.471s][info][gc,heap     ] GC(2) Old regions: 4->4
[0.471s][info][gc,heap     ] GC(2) Humongous regions: 0->0
[0.471s][info][gc,metaspace] GC(2) Metaspace: 2552K(2688K)->2552K(2688K) NonClass: 2354K(2432K)->2354K(2432K) Class: 198K(256K)->198K(256K)
[0.471s][info][gc          ] GC(2) Pause Young (Normal) (G1 Evacuation Pause) 23M->2M(258M) 0.955ms
[0.471s][info][gc,cpu      ] GC(2) User=0.00s Sys=0.00s Real=0.01s
[0.939s][info][gc,start    ] GC(3) Pause Young (Normal) (G1 Evacuation Pause)
[0.939s][info][gc,task     ] GC(3) Using 2 workers of 2 for evacuation
[0.943s][info][gc,phases   ] GC(3)   Pre Evacuate Collection Set: 0.16ms
[0.943s][info][gc,phases   ] GC(3)   Merge Heap Roots: 0.04ms
[0.943s][info][gc,phases   ] GC(3)   Evacuate Collection Set: 3.19ms
[0.943s][info][gc,phases   ] GC(3)   Post Evacuate Collection Set: 0.33ms
[0.943s][info][gc,phases   ] GC(3)   Other: 0.08ms
[0.943s][info][gc,heap     ] GC(3) Eden regions: 25->0(32)
[0.943s][info][gc,heap     ] GC(3) Survivor regions: 1->2(4)
[0.943s][info][gc,heap     ] GC(3) Old regions: 4->4
[0.943s][info][gc,heap     ] GC(3) Humongous regions: 0->0
[0.943s][info][gc,metaspace] GC(3) Metaspace: 6343K(6528K)->6343K(6528K) NonClass: 5800K(5888K)->5800K(5888K) Class: 542K(640K)->542K(640K)
[0.943s][info][gc          ] GC(3) Pause Young (Normal) (G1 Evacuation Pause) 27M->4M(258M) 4.016ms
[0.943s][info][gc,cpu      ] GC(3) User=0.00s Sys=0.00s Real=0.01s
[1.194s][info][gc,start    ] GC(4) Pause Young (Normal) (G1 Evacuation Pause)
[1.194s][info][gc,task     ] GC(4) Using 2 workers of 2 for evacuation
[1.200s][info][gc,phases   ] GC(4)   Pre Evacuate Collection Set: 0.19ms
[1.200s][info][gc,phases   ] GC(4)   Merge Heap Roots: 0.04ms
[1.200s][info][gc,phases   ] GC(4)   Evacuate Collection Set: 4.93ms
[1.200s][info][gc,phases   ] GC(4)   Post Evacuate Collection Set: 0.48ms
[1.200s][info][gc,phases   ] GC(4)   Other: 0.09ms
[1.200s][info][gc,heap     ] GC(4) Eden regions: 32->0(42)
[1.200s][info][gc,heap     ] GC(4) Survivor regions: 2->2(5)
[1.200s][info][gc,heap     ] GC(4) Old regions: 4->4
[1.200s][info][gc,heap     ] GC(4) Humongous regions: 0->0
[1.200s][info][gc,metaspace] GC(4) Metaspace: 6566K(6720K)->6566K(6720K) NonClass: 5994K(6080K)->5994K(6080K) Class: 571K(640K)->571K(640K)
[1.200s][info][gc          ] GC(4) Pause Young (Normal) (G1 Evacuation Pause) 36M->4M(258M) 5.971ms
[1.200s][info][gc,cpu      ] GC(4) User=0.01s Sys=0.00s Real=0.00s
[1.511s][info][gc,start    ] GC(5) Pause Young (Normal) (G1 Evacuation Pause)
[1.511s][info][gc,task     ] GC(5) Using 2 workers of 2 for evacuation
[1.516s][info][gc,phases   ] GC(5)   Pre Evacuate Collection Set: 0.18ms
[1.516s][info][gc,phases   ] GC(5)   Merge Heap Roots: 0.05ms
[1.516s][info][gc,phases   ] GC(5)   Evacuate Collection Set: 4.74ms
[1.516s][info][gc,phases   ] GC(5)   Post Evacuate Collection Set: 0.47ms
[1.516s][info][gc,phases   ] GC(5)   Other: 0.08ms
[1.516s][info][gc,heap     ] GC(5) Eden regions: 42->0(55)
[1.516s][info][gc,heap     ] GC(5) Survivor regions: 2->2(6)
[1.516s][info][gc,heap     ] GC(5) Old regions: 4->4
[1.516s][info][gc,heap     ] GC(5) Humongous regions: 0->0
[1.516s][info][gc,metaspace] GC(5) Metaspace: 6914K(7104K)->6914K(7104K) NonClass: 6260K(6400K)->6260K(6400K) Class: 653K(704K)->653K(704K)
[1.516s][info][gc          ] GC(5) Pause Young (Normal) (G1 Evacuation Pause) 46M->4M(258M) 5.705ms
[1.516s][info][gc,cpu      ] GC(5) User=0.01s Sys=0.00s Real=0.00s
[1.802s][info][gc,start    ] GC(6) Pause Young (Normal) (G1 Evacuation Pause)
[1.803s][info][gc,task     ] GC(6) Using 2 workers of 2 for evacuation
[1.809s][info][gc,phases   ] GC(6)   Pre Evacuate Collection Set: 0.17ms
[1.809s][info][gc,phases   ] GC(6)   Merge Heap Roots: 0.65ms
[1.809s][info][gc,phases   ] GC(6)   Evacuate Collection Set: 5.26ms
[1.809s][info][gc,phases   ] GC(6)   Post Evacuate Collection Set: 0.46ms
[1.809s][info][gc,phases   ] GC(6)   Other: 0.10ms
[1.809s][info][gc,heap     ] GC(6) Eden regions: 55->0(69)
[1.809s][info][gc,heap     ] GC(6) Survivor regions: 2->2(8)
[1.809s][info][gc,heap     ] GC(6) Old regions: 4->4
[1.809s][info][gc,heap     ] GC(6) Humongous regions: 0->0
[1.809s][info][gc,metaspace] GC(6) Metaspace: 7441K(7552K)->7441K(7552K) NonClass: 6670K(6720K)->6670K(6720K) Class: 771K(832K)->771K(832K)
[1.809s][info][gc          ] GC(6) Pause Young (Normal) (G1 Evacuation Pause) 59M->4M(258M) 6.845ms
[1.809s][info][gc,cpu      ] GC(6) User=0.01s Sys=0.00s Real=0.00s
[2.113s][info][gc,start    ] GC(7) Pause Young (Normal) (G1 Evacuation Pause)
[2.113s][info][gc,task     ] GC(7) Using 2 workers of 2 for evacuation
[2.120s][info][gc,phases   ] GC(7)   Pre Evacuate Collection Set: 0.15ms
[2.120s][info][gc,phases   ] GC(7)   Merge Heap Roots: 0.04ms
[2.120s][info][gc,phases   ] GC(7)   Evacuate Collection Set: 5.76ms
[2.120s][info][gc,phases   ] GC(7)   Post Evacuate Collection Set: 0.45ms
[2.120s][info][gc,phases   ] GC(7)   Other: 0.08ms
[2.120s][info][gc,heap     ] GC(7) Eden regions: 69->0(87)
[2.120s][info][gc,heap     ] GC(7) Survivor regions: 2->3(9)
[2.120s][info][gc,heap     ] GC(7) Old regions: 4->4
[2.120s][info][gc,heap     ] GC(7) Humongous regions: 0->0
[2.120s][info][gc,metaspace] GC(7) Metaspace: 7747K(7936K)->7747K(7936K) NonClass: 6918K(7040K)->6918K(7040K) Class: 828K(896K)->828K(896K)
[2.120s][info][gc          ] GC(7) Pause Young (Normal) (G1 Evacuation Pause) 73M->5M(258M) 6.682ms
[2.120s][info][gc,cpu      ] GC(7) User=0.01s Sys=0.01s Real=0.00s
[2.497s][info][gc,start    ] GC(8) Pause Young (Normal) (G1 Evacuation Pause)
[2.497s][info][gc,task     ] GC(8) Using 2 workers of 2 for evacuation
[2.501s][info][gc,phases   ] GC(8)   Pre Evacuate Collection Set: 0.21ms
[2.501s][info][gc,phases   ] GC(8)   Merge Heap Roots: 0.07ms
[2.501s][info][gc,phases   ] GC(8)   Evacuate Collection Set: 3.42ms
[2.501s][info][gc,phases   ] GC(8)   Post Evacuate Collection Set: 0.47ms
[2.501s][info][gc,phases   ] GC(8)   Other: 0.09ms
[2.501s][info][gc,heap     ] GC(8) Eden regions: 87->0(109)
[2.501s][info][gc,heap     ] GC(8) Survivor regions: 3->3(12)
[2.501s][info][gc,heap     ] GC(8) Old regions: 4->4
[2.501s][info][gc,heap     ] GC(8) Humongous regions: 0->0
[2.501s][info][gc,metaspace] GC(8) Metaspace: 7964K(8128K)->7964K(8128K) NonClass: 7059K(7168K)->7059K(7168K) Class: 904K(960K)->904K(960K)
[2.501s][info][gc          ] GC(8) Pause Young (Normal) (G1 Evacuation Pause) 92M->5M(258M) 4.464ms
[2.501s][info][gc,cpu      ] GC(8) User=0.01s Sys=0.00s Real=0.01s
[3.160s][info][gc,start    ] GC(9) Pause Young (Normal) (G1 Evacuation Pause)
[3.161s][info][gc,task     ] GC(9) Using 2 workers of 2 for evacuation
[3.187s][info][gc,phases   ] GC(9)   Pre Evacuate Collection Set: 0.14ms
[3.187s][info][gc,phases   ] GC(9)   Merge Heap Roots: 0.05ms
[3.187s][info][gc,phases   ] GC(9)   Evacuate Collection Set: 25.79ms
[3.187s][info][gc,phases   ] GC(9)   Post Evacuate Collection Set: 0.76ms
[3.187s][info][gc,phases   ] GC(9)   Other: 0.08ms
[3.187s][info][gc,heap     ] GC(9) Eden regions: 109->0(102)
[3.187s][info][gc,heap     ] GC(9) Survivor regions: 3->14(14)
[3.187s][info][gc,heap     ] GC(9) Old regions: 4->7
[3.187s][info][gc,heap     ] GC(9) Humongous regions: 0->0
[3.187s][info][gc,metaspace] GC(9) Metaspace: 9886K(10048K)->9886K(10048K) NonClass: 8721K(8832K)->8721K(8832K) Class: 1165K(1216K)->1165K(1216K)
[3.188s][info][gc          ] GC(9) Pause Young (Normal) (G1 Evacuation Pause) 114M->19M(258M) 27.082ms
[3.188s][info][gc,cpu      ] GC(9) User=0.04s Sys=0.02s Real=0.02s
[3.577s][info][gc,start    ] GC(10) Pause Young (Normal) (G1 Evacuation Pause)
[3.577s][info][gc,task     ] GC(10) Using 2 workers of 2 for evacuation
[3.679s][info][gc,phases   ] GC(10)   Pre Evacuate Collection Set: 0.15ms
[3.679s][info][gc,phases   ] GC(10)   Merge Heap Roots: 0.10ms
[3.679s][info][gc,phases   ] GC(10)   Evacuate Collection Set: 100.73ms
[3.679s][info][gc,phases   ] GC(10)   Post Evacuate Collection Set: 1.10ms
[3.679s][info][gc,phases   ] GC(10)   Other: 0.10ms
[3.679s][info][gc,heap     ] GC(10) Eden regions: 102->0(64)
[3.679s][info][gc,heap     ] GC(10) Survivor regions: 14->15(15)
[3.679s][info][gc,heap     ] GC(10) Old regions: 7->51
[3.679s][info][gc,heap     ] GC(10) Humongous regions: 0->0
[3.679s][info][gc,metaspace] GC(10) Metaspace: 10949K(11136K)->10949K(11136K) NonClass: 9675K(9728K)->9675K(9728K) Class: 1273K(1408K)->1273K(1408K)
[3.679s][info][gc          ] GC(10) Pause Young (Normal) (G1 Evacuation Pause) 121M->64M(258M) 102.419ms
[3.679s][info][gc,cpu      ] GC(10) User=0.16s Sys=0.04s Real=0.10s
[3.692s][info][gc,start    ] GC(11) Pause Young (Normal) (G1 Evacuation Pause)
[3.692s][info][gc,task     ] GC(11) Using 2 workers of 2 for evacuation
[3.733s][info][gc,phases   ] GC(11)   Pre Evacuate Collection Set: 0.16ms
[3.733s][info][gc,phases   ] GC(11)   Merge Heap Roots: 0.30ms
[3.733s][info][gc,phases   ] GC(11)   Evacuate Collection Set: 40.51ms
[3.733s][info][gc,phases   ] GC(11)   Post Evacuate Collection Set: 0.28ms
[3.733s][info][gc,phases   ] GC(11)   Other: 0.10ms
[3.733s][info][gc,heap     ] GC(11) Eden regions: 2->0(10)
[3.733s][info][gc,heap     ] GC(11) Survivor regions: 15->2(3)
[3.733s][info][gc,heap     ] GC(11) Old regions: 51->66
[3.733s][info][gc,heap     ] GC(11) Humongous regions: 0->0
[3.733s][info][gc,metaspace] GC(11) Metaspace: 10964K(11200K)->10964K(11200K) NonClass: 9690K(9792K)->9690K(9792K) Class: 1273K(1408K)->1273K(1408K)
[3.733s][info][gc          ] GC(11) Pause Young (Normal) (G1 Evacuation Pause) 66M->66M(258M) 41.597ms
[3.733s][info][gc,cpu      ] GC(11) User=0.08s Sys=0.01s Real=0.04s
[4.109s][info][gc,start    ] GC(12) Pause Young (Normal) (G1 Evacuation Pause)
[4.109s][info][gc,task     ] GC(12) Using 2 workers of 2 for evacuation
[4.191s][info][gc,phases   ] GC(12)   Pre Evacuate Collection Set: 0.17ms
[4.191s][info][gc,phases   ] GC(12)   Merge Heap Roots: 0.10ms
[4.191s][info][gc,phases   ] GC(12)   Evacuate Collection Set: 80.56ms
[4.191s][info][gc,phases   ] GC(12)   Post Evacuate Collection Set: 1.05ms
[4.191s][info][gc,phases   ] GC(12)   Other: 0.07ms
[4.191s][info][gc,heap     ] GC(12) Eden regions: 99->0(1)
[4.191s][info][gc,heap     ] GC(12) Survivor regions: 2->13(13)
[4.191s][info][gc,heap     ] GC(12) Old regions: 66->99
[4.191s][info][gc,heap     ] GC(12) Humongous regions: 0->0
[4.191s][info][gc,metaspace] GC(12) Metaspace: 13837K(14016K)->13837K(14016K) NonClass: 12226K(12288K)->12226K(12288K) Class: 1610K(1728K)->1610K(1728K)
[4.191s][info][gc          ] GC(12) Pause Young (Normal) (G1 Evacuation Pause) 165M->110M(297M) 82.161ms
[4.191s][info][gc,cpu      ] GC(12) User=0.14s Sys=0.02s Real=0.09s
[4.199s][info][gc,start    ] GC(13) Pause Young (Normal) (G1 Evacuation Pause)
[4.199s][info][gc,task     ] GC(13) Using 2 workers of 2 for evacuation
[4.240s][info][gc,phases   ] GC(13)   Pre Evacuate Collection Set: 0.16ms
[4.240s][info][gc,phases   ] GC(13)   Merge Heap Roots: 0.64ms
[4.240s][info][gc,phases   ] GC(13)   Evacuate Collection Set: 40.28ms
[4.240s][info][gc,phases   ] GC(13)   Post Evacuate Collection Set: 0.23ms
[4.240s][info][gc,phases   ] GC(13)   Other: 0.11ms
[4.240s][info][gc,heap     ] GC(13) Eden regions: 1->0(13)
[4.240s][info][gc,heap     ] GC(13) Survivor regions: 13->1(2)
[4.240s][info][gc,heap     ] GC(13) Old regions: 99->112
[4.240s][info][gc,heap     ] GC(13) Humongous regions: 0->0
[4.240s][info][gc,metaspace] GC(13) Metaspace: 13866K(14080K)->13866K(14080K) NonClass: 12255K(12352K)->12255K(12352K) Class: 1610K(1728K)->1610K(1728K)
[4.240s][info][gc          ] GC(13) Pause Young (Normal) (G1 Evacuation Pause) 111M->112M(297M) 41.633ms
[4.240s][info][gc,cpu      ] GC(13) User=0.07s Sys=0.01s Real=0.04s
[5.157s][info][gc,start    ] GC(14) Pause Young (Normal) (G1 Evacuation Pause)
[5.157s][info][gc,task     ] GC(14) Using 2 workers of 2 for evacuation
[5.193s][info][gc,phases   ] GC(14)   Pre Evacuate Collection Set: 0.21ms
[5.193s][info][gc,phases   ] GC(14)   Merge Heap Roots: 0.13ms
[5.193s][info][gc,phases   ] GC(14)   Evacuate Collection Set: 35.25ms
[5.193s][info][gc,phases   ] GC(14)   Post Evacuate Collection Set: 0.63ms
[5.193s][info][gc,phases   ] GC(14)   Other: 0.11ms
[5.193s][info][gc,heap     ] GC(14) Eden regions: 104->0(21)
[5.193s][info][gc,heap     ] GC(14) Survivor regions: 1->14(14)
[5.193s][info][gc,heap     ] GC(14) Old regions: 112->124
[5.193s][info][gc,heap     ] GC(14) Humongous regions: 0->0
[5.193s][info][gc,metaspace] GC(14) Metaspace: 15266K(15424K)->15266K(15424K) NonClass: 13554K(13632K)->13554K(13632K) Class: 1712K(1792K)->1712K(1792K)
[5.193s][info][gc          ] GC(14) Pause Young (Normal) (G1 Evacuation Pause) 216M->136M(297M) 36.596ms
[5.193s][info][gc,cpu      ] GC(14) User=0.06s Sys=0.01s Real=0.04s
[5.455s][info][gc,start    ] GC(15) Pause Young (Normal) (G1 Evacuation Pause)
[5.455s][info][gc,task     ] GC(15) Using 2 workers of 2 for evacuation
[5.495s][info][gc,phases   ] GC(15)   Pre Evacuate Collection Set: 0.19ms
[5.495s][info][gc,phases   ] GC(15)   Merge Heap Roots: 0.42ms
[5.495s][info][gc,phases   ] GC(15)   Evacuate Collection Set: 38.76ms
[5.495s][info][gc,phases   ] GC(15)   Post Evacuate Collection Set: 0.50ms
[5.495s][info][gc,phases   ] GC(15)   Other: 0.07ms
[5.495s][info][gc,heap     ] GC(15) Eden regions: 30->0(79)
[5.495s][info][gc,heap     ] GC(15) Survivor regions: 14->4(6)
[5.495s][info][gc,heap     ] GC(15) Old regions: 124->138
[5.495s][info][gc,heap     ] GC(15) Humongous regions: 0->0
[5.495s][info][gc,metaspace] GC(15) Metaspace: 15492K(15680K)->15492K(15680K) NonClass: 13771K(13888K)->13771K(13888K) Class: 1720K(1792K)->1720K(1792K)
[5.495s][info][gc          ] GC(15) Pause Young (Normal) (G1 Evacuation Pause) 166M->141M(297M) 40.159ms
[5.495s][info][gc,cpu      ] GC(15) User=0.07s Sys=0.00s Real=0.04s
[5.608s][info][gc,start    ] GC(16) Pause Young (Concurrent Start) (G1 Evacuation Pause)
[5.608s][info][gc,task     ] GC(16) Using 2 workers of 2 for evacuation
[5.628s][info][gc,phases   ] GC(16)   Pre Evacuate Collection Set: 0.20ms
[5.628s][info][gc,phases   ] GC(16)   Merge Heap Roots: 0.60ms
[5.628s][info][gc,phases   ] GC(16)   Evacuate Collection Set: 18.71ms
[5.628s][info][gc,phases   ] GC(16)   Post Evacuate Collection Set: 0.37ms
[5.628s][info][gc,phases   ] GC(16)   Other: 0.14ms
[5.628s][info][gc,heap     ] GC(16) Eden regions: 15->0(97)
[5.628s][info][gc,heap     ] GC(16) Survivor regions: 4->1(3)
[5.628s][info][gc,heap     ] GC(16) Old regions: 138->142
[5.628s][info][gc,heap     ] GC(16) Humongous regions: 0->0
[5.628s][info][gc,metaspace] GC(16) Metaspace: 15570K(15744K)->15570K(15744K) NonClass: 13849K(13952K)->13849K(13952K) Class: 1720K(1792K)->1720K(1792K)
[5.628s][info][gc          ] GC(16) Pause Young (Concurrent Start) (G1 Evacuation Pause) 156M->142M(297M) 20.240ms
[5.628s][info][gc,cpu      ] GC(16) User=0.04s Sys=0.00s Real=0.02s
[5.628s][info][gc          ] GC(17) Concurrent Mark Cycle
[5.628s][info][gc,marking  ] GC(17) Concurrent Scan Root Regions
[5.660s][info][gc,marking  ] GC(17) Concurrent Scan Root Regions 32.414ms
[5.660s][info][gc,marking  ] GC(17) Concurrent Mark
[5.660s][info][gc,marking  ] GC(17) Concurrent Mark From Roots
[5.660s][info][gc,task     ] GC(17) Using 1 workers of 1 for marking
[5.882s][info][gc,start    ] GC(18) Pause Young (Normal) (G1 Evacuation Pause)
[5.882s][info][gc,task     ] GC(18) Using 2 workers of 2 for evacuation
[5.913s][info][gc,phases   ] GC(18)   Pre Evacuate Collection Set: 0.16ms
[5.913s][info][gc,phases   ] GC(18)   Merge Heap Roots: 0.75ms
[5.913s][info][gc,phases   ] GC(18)   Evacuate Collection Set: 25.89ms
[5.913s][info][gc,phases   ] GC(18)   Post Evacuate Collection Set: 4.10ms
[5.913s][info][gc,phases   ] GC(18)   Other: 0.10ms
[5.913s][info][gc,heap     ] GC(18) Eden regions: 13->0(77)
[5.913s][info][gc,heap     ] GC(18) Survivor regions: 1->2(2)
[5.913s][info][gc,heap     ] GC(18) Old regions: 142->142
[5.913s][info][gc,heap     ] GC(18) Humongous regions: 0->0
[5.913s][info][gc,metaspace] GC(18) Metaspace: 15724K(16000K)->15724K(16000K) NonClass: 13988K(14144K)->13988K(14144K) Class: 1736K(1856K)->1736K(1856K)
[5.913s][info][gc          ] GC(18) Pause Young (Normal) (G1 Evacuation Pause) 155M->142M(570M) 31.247ms
[5.913s][info][gc,cpu      ] GC(18) User=0.06s Sys=0.00s Real=0.03s
[6.308s][info][gc,marking  ] GC(17) Concurrent Mark From Roots 647.708ms
[6.308s][info][gc,marking  ] GC(17) Concurrent Preclean
[6.308s][info][gc,marking  ] GC(17) Concurrent Preclean 0.029ms
[6.308s][info][gc,start    ] GC(17) Pause Remark
[6.315s][info][gc          ] GC(17) Pause Remark 162M->162M(480M) 6.835ms
[6.315s][info][gc,cpu      ] GC(17) User=0.02s Sys=0.00s Real=0.01s
[6.318s][info][gc,marking  ] GC(17) Concurrent Mark 657.303ms
[6.318s][info][gc,marking  ] GC(17) Concurrent Rebuild Remembered Sets and Scrub Regions
[6.374s][info][gc,start    ] GC(19) Pause Young (Normal) (G1 Evacuation Pause)
[6.374s][info][gc,task     ] GC(19) Using 2 workers of 2 for evacuation
[6.403s][info][gc,phases   ] GC(19)   Pre Evacuate Collection Set: 0.28ms
[6.403s][info][gc,phases   ] GC(19)   Merge Heap Roots: 0.56ms
[6.403s][info][gc,phases   ] GC(19)   Evacuate Collection Set: 27.90ms
[6.403s][info][gc,phases   ] GC(19)   Post Evacuate Collection Set: 0.56ms
[6.403s][info][gc,phases   ] GC(19)   Other: 0.07ms
[6.403s][info][gc,heap     ] GC(19) Eden regions: 22->0(72)
[6.403s][info][gc,heap     ] GC(19) Survivor regions: 2->3(3)
[6.403s][info][gc,heap     ] GC(19) Old regions: 142->142
[6.404s][info][gc,heap     ] GC(19) Humongous regions: 0->0
[6.404s][info][gc,metaspace] GC(19) Metaspace: 16311K(16512K)->16311K(16512K) NonClass: 14550K(14656K)->14550K(14656K) Class: 1761K(1856K)->1761K(1856K)
[6.404s][info][gc          ] GC(19) Pause Young (Normal) (G1 Evacuation Pause) 164M->143M(480M) 29.607ms
[6.404s][info][gc,cpu      ] GC(19) User=0.05s Sys=0.00s Real=0.03s
[6.563s][info][gc,start    ] GC(20) Pause Young (Normal) (G1 Evacuation Pause)
[6.563s][info][gc,task     ] GC(20) Using 2 workers of 2 for evacuation
[6.599s][info][gc,phases   ] GC(20)   Pre Evacuate Collection Set: 0.22ms
[6.599s][info][gc,phases   ] GC(20)   Merge Heap Roots: 0.84ms
[6.599s][info][gc,phases   ] GC(20)   Evacuate Collection Set: 34.44ms
[6.599s][info][gc,phases   ] GC(20)   Post Evacuate Collection Set: 0.41ms
[6.599s][info][gc,phases   ] GC(20)   Other: 0.07ms
[6.599s][info][gc,heap     ] GC(20) Eden regions: 21->0(65)
[6.599s][info][gc,heap     ] GC(20) Survivor regions: 3->3(3)
[6.599s][info][gc,heap     ] GC(20) Old regions: 142->146
[6.599s][info][gc,heap     ] GC(20) Humongous regions: 0->0
[6.599s][info][gc,metaspace] GC(20) Metaspace: 16458K(16640K)->16458K(16640K) NonClass: 14683K(14784K)->14683K(14784K) Class: 1774K(1856K)->1774K(1856K)
[6.599s][info][gc          ] GC(20) Pause Young (Normal) (G1 Evacuation Pause) 164M->147M(480M) 36.206ms
[6.599s][info][gc,cpu      ] GC(20) User=0.07s Sys=0.00s Real=0.03s
[6.655s][info][gc,marking  ] GC(17) Concurrent Rebuild Remembered Sets and Scrub Regions 336.910ms
[6.657s][info][gc,start    ] GC(17) Pause Cleanup
[6.657s][info][gc          ] GC(17) Pause Cleanup 160M->160M(480M) 0.099ms
[6.657s][info][gc,cpu      ] GC(17) User=0.00s Sys=0.00s Real=0.00s
[6.657s][info][gc,marking  ] GC(17) Concurrent Clear Claimed Marks
[6.657s][info][gc,marking  ] GC(17) Concurrent Clear Claimed Marks 0.049ms
[6.657s][info][gc,marking  ] GC(17) Concurrent Cleanup for Next Mark
[6.674s][info][gc,marking  ] GC(17) Concurrent Cleanup for Next Mark 17.229ms
[6.674s][info][gc          ] GC(17) Concurrent Mark Cycle 1046.175ms
[7.410s][info][gc,start    ] GC(21) Pause Young (Prepare Mixed) (G1 Evacuation Pause)
[7.410s][info][gc,task     ] GC(21) Using 2 workers of 2 for evacuation
[7.549s][info][gc,phases   ] GC(21)   Pre Evacuate Collection Set: 0.27ms
[7.549s][info][gc,phases   ] GC(21)   Merge Heap Roots: 0.57ms
[7.549s][info][gc,phases   ] GC(21)   Evacuate Collection Set: 137.39ms
[7.549s][info][gc,phases   ] GC(21)   Post Evacuate Collection Set: 0.78ms
[7.549s][info][gc,phases   ] GC(21)   Other: 0.12ms
[7.549s][info][gc,heap     ] GC(21) Eden regions: 181->0(62)
[7.549s][info][gc,heap     ] GC(21) Survivor regions: 3->23(23)
[7.549s][info][gc,heap     ] GC(21) Old regions: 146->197
[7.549s][info][gc,heap     ] GC(21) Humongous regions: 3->3
[7.549s][info][gc,metaspace] GC(21) Metaspace: 16617K(16832K)->16617K(16832K) NonClass: 14839K(14976K)->14839K(14976K) Class: 1777K(1856K)->1777K(1856K)
[7.550s][info][gc          ] GC(21) Pause Young (Prepare Mixed) (G1 Evacuation Pause) 331M->222M(480M) 139.434ms
[7.550s][info][gc,cpu      ] GC(21) User=0.27s Sys=0.00s Real=0.14s
[7.741s][info][gc,start    ] GC(22) Pause Young (Mixed) (G1 Evacuation Pause)
[7.741s][info][gc,task     ] GC(22) Using 2 workers of 2 for evacuation
[7.794s][info][gc,phases   ] GC(22)   Pre Evacuate Collection Set: 0.98ms
[7.794s][info][gc,phases   ] GC(22)   Merge Heap Roots: 0.84ms
[7.794s][info][gc,phases   ] GC(22)   Evacuate Collection Set: 50.44ms
[7.794s][info][gc,phases   ] GC(22)   Post Evacuate Collection Set: 0.47ms
[7.794s][info][gc,phases   ] GC(22)   Other: 0.10ms
[7.794s][info][gc,heap     ] GC(22) Eden regions: 87->0(83)
[7.794s][info][gc,heap     ] GC(22) Survivor regions: 23->7(14)
[7.794s][info][gc,heap     ] GC(22) Old regions: 197->220
[7.794s][info][gc,heap     ] GC(22) Humongous regions: 4->4
[7.794s][info][gc,metaspace] GC(22) Metaspace: 16618K(16832K)->16618K(16832K) NonClass: 14840K(14976K)->14840K(14976K) Class: 1777K(1856K)->1777K(1856K)
[7.794s][info][gc          ] GC(22) Pause Young (Mixed) (G1 Evacuation Pause) 310M->230M(480M) 53.066ms
[7.794s][info][gc,cpu      ] GC(22) User=0.11s Sys=0.00s Real=0.05s
[8.038s][info][gc,start    ] GC(23) Pause Young (Mixed) (G1 Evacuation Pause)
[8.038s][info][gc,task     ] GC(23) Using 2 workers of 2 for evacuation
[8.097s][info][gc,phases   ] GC(23)   Pre Evacuate Collection Set: 0.26ms
[8.097s][info][gc,phases   ] GC(23)   Merge Heap Roots: 0.69ms
[8.097s][info][gc,phases   ] GC(23)   Evacuate Collection Set: 57.40ms
[8.097s][info][gc,phases   ] GC(23)   Post Evacuate Collection Set: 0.39ms
[8.097s][info][gc,phases   ] GC(23)   Other: 0.10ms
[8.097s][info][gc,heap     ] GC(23) Eden regions: 129->0(110)
[8.097s][info][gc,heap     ] GC(23) Survivor regions: 7->14(17)
[8.097s][info][gc,heap     ] GC(23) Old regions: 220->220
[8.097s][info][gc,heap     ] GC(23) Humongous regions: 4->4
[8.097s][info][gc,metaspace] GC(23) Metaspace: 16651K(16832K)->16651K(16832K) NonClass: 14874K(14976K)->14874K(14976K) Class: 1777K(1856K)->1777K(1856K)
[8.097s][info][gc          ] GC(23) Pause Young (Mixed) (G1 Evacuation Pause) 359M->237M(480M) 59.078ms
[8.097s][info][gc,cpu      ] GC(23) User=0.12s Sys=0.00s Real=0.06s
[8.322s][info][gc,start    ] GC(24) Pause Young (Concurrent Start) (G1 Evacuation Pause)
[8.322s][info][gc,task     ] GC(24) Using 2 workers of 2 for evacuation
[8.362s][info][gc,phases   ] GC(24)   Pre Evacuate Collection Set: 0.23ms
[8.362s][info][gc,phases   ] GC(24)   Merge Heap Roots: 0.17ms
[8.362s][info][gc,phases   ] GC(24)   Evacuate Collection Set: 37.79ms
[8.362s][info][gc,phases   ] GC(24)   Post Evacuate Collection Set: 1.55ms
[8.362s][info][gc,phases   ] GC(24)   Other: 0.17ms
[8.362s][info][gc,heap     ] GC(24) Eden regions: 142->0(156)
[8.362s][info][gc,heap     ] GC(24) Survivor regions: 14->16(20)
[8.362s][info][gc,heap     ] GC(24) Old regions: 220->226
[8.362s][info][gc,heap     ] GC(24) Humongous regions: 4->4
[8.362s][info][gc,metaspace] GC(24) Metaspace: 16672K(16832K)->16672K(16832K) NonClass: 14894K(14976K)->14894K(14976K) Class: 1777K(1856K)->1777K(1856K)
[8.362s][info][gc          ] GC(24) Pause Young (Concurrent Start) (G1 Evacuation Pause) 379M->245M(602M) 40.153ms
[8.362s][info][gc,cpu      ] GC(24) User=0.08s Sys=0.01s Real=0.04s
[8.362s][info][gc          ] GC(25) Concurrent Mark Cycle
[8.362s][info][gc,marking  ] GC(25) Concurrent Scan Root Regions
[8.418s][info][gc,marking  ] GC(25) Concurrent Scan Root Regions 55.524ms
[8.418s][info][gc,marking  ] GC(25) Concurrent Mark
[8.418s][info][gc,marking  ] GC(25) Concurrent Mark From Roots
[8.418s][info][gc,task     ] GC(25) Using 1 workers of 1 for marking
[9.075s][info][gc,start    ] GC(26) Pause Young (Normal) (G1 Evacuation Pause)
[9.076s][info][gc,task     ] GC(26) Using 2 workers of 2 for evacuation
[9.101s][info][gc,phases   ] GC(26)   Pre Evacuate Collection Set: 0.34ms
[9.101s][info][gc,phases   ] GC(26)   Merge Heap Roots: 0.30ms
[9.101s][info][gc,phases   ] GC(26)   Evacuate Collection Set: 23.92ms
[9.101s][info][gc,phases   ] GC(26)   Post Evacuate Collection Set: 0.46ms
[9.101s][info][gc,phases   ] GC(26)   Other: 0.16ms
[9.101s][info][gc,heap     ] GC(26) Eden regions: 210->0(221)
[9.101s][info][gc,heap     ] GC(26) Survivor regions: 16->11(29)
[9.101s][info][gc,heap     ] GC(26) Old regions: 226->234
[9.101s][info][gc,heap     ] GC(26) Humongous regions: 4->4
[9.101s][info][gc,metaspace] GC(26) Metaspace: 16751K(16896K)->16751K(16896K) NonClass: 14974K(15040K)->14974K(15040K) Class: 1777K(1856K)->1777K(1856K)
[9.101s][info][gc          ] GC(26) Pause Young (Normal) (G1 Evacuation Pause) 455M->249M(602M) 25.429ms
[9.101s][info][gc,cpu      ] GC(26) User=0.05s Sys=0.00s Real=0.03s
[9.329s][info][gc,marking  ] GC(25) Concurrent Mark From Roots 910.505ms
[9.329s][info][gc,marking  ] GC(25) Concurrent Preclean
[9.329s][info][gc,marking  ] GC(25) Concurrent Preclean 0.040ms
[9.329s][info][gc,start    ] GC(25) Pause Remark
[9.341s][info][gc          ] GC(25) Pause Remark 304M->303M(602M) 12.418ms
[9.341s][info][gc,cpu      ] GC(25) User=0.02s Sys=0.00s Real=0.02s
[9.344s][info][gc,marking  ] GC(25) Concurrent Mark 925.624ms
[9.344s][info][gc,marking  ] GC(25) Concurrent Rebuild Remembered Sets and Scrub Regions
[9.658s][info][gc,marking  ] GC(25) Concurrent Rebuild Remembered Sets and Scrub Regions 313.888ms
[9.658s][info][gc,start    ] GC(25) Pause Cleanup
[9.658s][info][gc          ] GC(25) Pause Cleanup 426M->426M(602M) 0.068ms
[9.658s][info][gc,cpu      ] GC(25) User=0.00s Sys=0.00s Real=0.00s
[9.662s][info][gc,marking  ] GC(25) Concurrent Clear Claimed Marks
[9.662s][info][gc,marking  ] GC(25) Concurrent Clear Claimed Marks 0.046ms
[9.662s][info][gc,marking  ] GC(25) Concurrent Cleanup for Next Mark
[9.668s][info][gc,marking  ] GC(25) Concurrent Cleanup for Next Mark 6.811ms
[9.668s][info][gc          ] GC(25) Concurrent Mark Cycle 1305.996ms
[9.789s][info][gc,start    ] GC(27) Pause Young (Prepare Mixed) (G1 Evacuation Pause)
[9.790s][info][gc,task     ] GC(27) Using 2 workers of 2 for evacuation
[9.809s][info][gc,phases   ] GC(27)   Pre Evacuate Collection Set: 0.23ms
[9.809s][info][gc,phases   ] GC(27)   Merge Heap Roots: 0.35ms
[9.809s][info][gc,phases   ] GC(27)   Evacuate Collection Set: 18.48ms
[9.809s][info][gc,phases   ] GC(27)   Post Evacuate Collection Set: 0.43ms
[9.809s][info][gc,phases   ] GC(27)   Other: 0.13ms
[9.809s][info][gc,heap     ] GC(27) Eden regions: 221->0(235)
[9.809s][info][gc,heap     ] GC(27) Survivor regions: 11->13(29)
[9.809s][info][gc,heap     ] GC(27) Old regions: 234->234
[9.809s][info][gc,heap     ] GC(27) Humongous regions: 3->3
[9.809s][info][gc,metaspace] GC(27) Metaspace: 16853K(17088K)->16853K(17088K) NonClass: 15074K(15232K)->15074K(15232K) Class: 1778K(1856K)->1778K(1856K)
[9.809s][info][gc          ] GC(27) Pause Young (Prepare Mixed) (G1 Evacuation Pause) 469M->249M(602M) 19.847ms
[9.809s][info][gc,cpu      ] GC(27) User=0.04s Sys=0.00s Real=0.02s
[10.347s][info][gc,start    ] GC(28) Pause Young (Mixed) (G1 Evacuation Pause)
[10.348s][info][gc,task     ] GC(28) Using 2 workers of 2 for evacuation
[10.412s][info][gc,phases   ] GC(28)   Pre Evacuate Collection Set: 0.28ms
[10.412s][info][gc,phases   ] GC(28)   Merge Heap Roots: 0.29ms
[10.412s][info][gc,phases   ] GC(28)   Evacuate Collection Set: 63.41ms
[10.412s][info][gc,phases   ] GC(28)   Post Evacuate Collection Set: 0.50ms
[10.412s][info][gc,phases   ] GC(28)   Other: 0.12ms
[10.412s][info][gc,heap     ] GC(28) Eden regions: 235->0(224)
[10.412s][info][gc,heap     ] GC(28) Survivor regions: 13->31(31)
[10.412s][info][gc,heap     ] GC(28) Old regions: 234->240
[10.412s][info][gc,heap     ] GC(28) Humongous regions: 3->3
[10.412s][info][gc,metaspace] GC(28) Metaspace: 16934K(17152K)->16934K(17152K) NonClass: 15155K(15296K)->15155K(15296K) Class: 1779K(1856K)->1779K(1856K)
[10.412s][info][gc          ] GC(28) Pause Young (Mixed) (G1 Evacuation Pause) 484M->274M(602M) 64.888ms
[10.412s][info][gc,cpu      ] GC(28) User=0.13s Sys=0.00s Real=0.07s
[11.221s][info][gc,start    ] GC(29) Pause Young (Normal) (G1 Evacuation Pause)
[11.222s][info][gc,task     ] GC(29) Using 2 workers of 2 for evacuation
[11.328s][info][gc,phases   ] GC(29)   Pre Evacuate Collection Set: 0.27ms
[11.328s][info][gc,phases   ] GC(29)   Merge Heap Roots: 0.21ms
[11.328s][info][gc,phases   ] GC(29)   Evacuate Collection Set: 104.91ms
[11.328s][info][gc,phases   ] GC(29)   Post Evacuate Collection Set: 0.59ms
[11.328s][info][gc,phases   ] GC(29)   Other: 0.11ms
[11.328s][info][gc,heap     ] GC(29) Eden regions: 224->0(173)
[11.328s][info][gc,heap     ] GC(29) Survivor regions: 31->32(32)
[11.328s][info][gc,heap     ] GC(29) Old regions: 240->292
[11.328s][info][gc,heap     ] GC(29) Humongous regions: 4->4
[11.328s][info][gc,metaspace] GC(29) Metaspace: 16973K(17152K)->16973K(17152K) NonClass: 15191K(15296K)->15191K(15296K) Class: 1782K(1856K)->1782K(1856K)
[11.328s][info][gc          ] GC(29) Pause Young (Normal) (G1 Evacuation Pause) 499M->327M(602M) 106.427ms
[11.328s][info][gc,cpu      ] GC(29) User=0.21s Sys=0.00s Real=0.10s
[11.618s][info][gc,start    ] GC(30) Pause Young (Concurrent Start) (G1 Evacuation Pause)
[11.618s][info][gc,task     ] GC(30) Using 2 workers of 2 for evacuation
[11.665s][info][gc,phases   ] GC(30)   Pre Evacuate Collection Set: 0.29ms
[11.665s][info][gc,phases   ] GC(30)   Merge Heap Roots: 0.29ms
[11.665s][info][gc,phases   ] GC(30)   Evacuate Collection Set: 45.34ms
[11.665s][info][gc,phases   ] GC(30)   Post Evacuate Collection Set: 1.17ms
[11.665s][info][gc,phases   ] GC(30)   Other: 0.17ms
[11.665s][info][gc,heap     ] GC(30) Eden regions: 173->0(219)
[11.665s][info][gc,heap     ] GC(30) Survivor regions: 32->5(26)
[11.665s][info][gc,heap     ] GC(30) Old regions: 292->324
[11.665s][info][gc,heap     ] GC(30) Humongous regions: 4->4
[11.665s][info][gc,metaspace] GC(30) Metaspace: 16978K(17152K)->16978K(17152K) NonClass: 15196K(15296K)->15196K(15296K) Class: 1782K(1856K)->1782K(1856K)
[11.666s][info][gc          ] GC(30) Pause Young (Concurrent Start) (G1 Evacuation Pause) 500M->333M(650M) 47.523ms
[11.666s][info][gc          ] GC(31) Concurrent Mark Cycle
[11.666s][info][gc,marking  ] GC(31) Concurrent Scan Root Regions
[11.666s][info][gc,cpu      ] GC(30) User=0.09s Sys=0.00s Real=0.05s
[11.725s][info][gc,marking  ] GC(31) Concurrent Scan Root Regions 59.486ms
[11.725s][info][gc,marking  ] GC(31) Concurrent Mark
[11.725s][info][gc,marking  ] GC(31) Concurrent Mark From Roots
[11.725s][info][gc,task     ] GC(31) Using 1 workers of 1 for marking
[12.604s][info][gc,marking  ] GC(31) Concurrent Mark From Roots 878.618ms
[12.604s][info][gc,marking  ] GC(31) Concurrent Preclean
[12.604s][info][gc,marking  ] GC(31) Concurrent Preclean 0.029ms
[12.604s][info][gc,start    ] GC(31) Pause Remark
[12.614s][info][gc          ] GC(31) Pause Remark 540M->500M(650M) 9.853ms
[12.614s][info][gc,cpu      ] GC(31) User=0.02s Sys=0.00s Real=0.01s
[12.618s][info][gc,marking  ] GC(31) Concurrent Mark 893.287ms
[12.618s][info][gc,marking  ] GC(31) Concurrent Rebuild Remembered Sets and Scrub Regions
[12.665s][info][gc,start    ] GC(32) Pause Young (Normal) (G1 Evacuation Pause)
[12.665s][info][gc,task     ] GC(32) Using 2 workers of 2 for evacuation
[12.679s][info][gc,phases   ] GC(32)   Pre Evacuate Collection Set: 0.32ms
[12.679s][info][gc,phases   ] GC(32)   Merge Heap Roots: 0.22ms
[12.679s][info][gc,phases   ] GC(32)   Evacuate Collection Set: 13.06ms
[12.679s][info][gc,phases   ] GC(32)   Post Evacuate Collection Set: 0.41ms
[12.679s][info][gc,phases   ] GC(32)   Other: 0.08ms
[12.679s][info][gc,heap     ] GC(32) Eden regions: 219->0(257)
[12.679s][info][gc,heap     ] GC(32) Survivor regions: 5->8(28)
[12.679s][info][gc,heap     ] GC(32) Old regions: 285->285
[12.679s][info][gc,heap     ] GC(32) Humongous regions: 3->3
[12.679s][info][gc,metaspace] GC(32) Metaspace: 16989K(17152K)->16989K(17152K) NonClass: 15207K(15296K)->15207K(15296K) Class: 1782K(1856K)->1782K(1856K)
[12.679s][info][gc          ] GC(32) Pause Young (Normal) (G1 Evacuation Pause) 512M->295M(650M) 14.346ms
[12.679s][info][gc,cpu      ] GC(32) User=0.02s Sys=0.00s Real=0.01s
[13.031s][info][gc,marking  ] GC(31) Concurrent Rebuild Remembered Sets and Scrub Regions 412.970ms
[13.032s][info][gc,start    ] GC(31) Pause Cleanup
[13.032s][info][gc          ] GC(31) Pause Cleanup 369M->369M(650M) 0.105ms
[13.032s][info][gc,cpu      ] GC(31) User=0.00s Sys=0.00s Real=0.00s
[13.034s][info][gc,marking  ] GC(31) Concurrent Clear Claimed Marks
[13.034s][info][gc,marking  ] GC(31) Concurrent Clear Claimed Marks 0.051ms
[13.034s][info][gc,marking  ] GC(31) Concurrent Cleanup for Next Mark
[13.040s][info][gc,marking  ] GC(31) Concurrent Cleanup for Next Mark 5.968ms
[13.040s][info][gc          ] GC(31) Concurrent Mark Cycle 1374.651ms
[13.645s][info][gc,start    ] GC(33) Pause Young (Prepare Mixed) (G1 Evacuation Pause)
[13.645s][info][gc,task     ] GC(33) Using 2 workers of 2 for evacuation
[13.693s][info][gc,phases   ] GC(33)   Pre Evacuate Collection Set: 0.27ms
[13.693s][info][gc,phases   ] GC(33)   Merge Heap Roots: 0.27ms
[13.693s][info][gc,phases   ] GC(33)   Evacuate Collection Set: 46.67ms
[13.693s][info][gc,phases   ] GC(33)   Post Evacuate Collection Set: 0.53ms
[13.693s][info][gc,phases   ] GC(33)   Other: 0.11ms
[13.693s][info][gc,heap     ] GC(33) Eden regions: 257->0(231)
[13.693s][info][gc,heap     ] GC(33) Survivor regions: 8->34(34)
[13.693s][info][gc,heap     ] GC(33) Old regions: 285->289
[13.693s][info][gc,heap     ] GC(33) Humongous regions: 3->3
[13.693s][info][gc,metaspace] GC(33) Metaspace: 17008K(17216K)->17008K(17216K) NonClass: 15225K(15360K)->15225K(15360K) Class: 1782K(1856K)->1782K(1856K)
[13.693s][info][gc          ] GC(33) Pause Young (Prepare Mixed) (G1 Evacuation Pause) 552M->326M(650M) 48.118ms
[13.693s][info][gc,cpu      ] GC(33) User=0.10s Sys=0.00s Real=0.05s
[14.213s][info][gc,start    ] GC(34) Pause Young (Mixed) (G1 Evacuation Pause)
[14.214s][info][gc,task     ] GC(34) Using 2 workers of 2 for evacuation
[14.457s][info][gc,mmu      ] GC(34) MMU target violated: 201.0ms (200.0ms/201.0ms)
[14.457s][info][gc,phases   ] GC(34)   Pre Evacuate Collection Set: 0.25ms
[14.457s][info][gc,phases   ] GC(34)   Merge Heap Roots: 0.51ms
[14.457s][info][gc,phases   ] GC(34)   Evacuate Collection Set: 241.73ms
[14.457s][info][gc,phases   ] GC(34)   Post Evacuate Collection Set: 0.75ms
[14.457s][info][gc,phases   ] GC(34)   Other: 0.18ms
[14.457s][info][gc,heap     ] GC(34) Eden regions: 231->0(154)
[14.457s][info][gc,heap     ] GC(34) Survivor regions: 34->34(34)
[14.457s][info][gc,heap     ] GC(34) Old regions: 289->373
[14.457s][info][gc,heap     ] GC(34) Humongous regions: 3->3
[14.457s][info][gc,metaspace] GC(34) Metaspace: 17013K(17216K)->17013K(17216K) NonClass: 15231K(15360K)->15231K(15360K) Class: 1782K(1856K)->1782K(1856K)
[14.457s][info][gc          ] GC(34) Pause Young (Mixed) (G1 Evacuation Pause) 557M->410M(703M) 243.653ms
[14.457s][info][gc,cpu      ] GC(34) User=0.44s Sys=0.04s Real=0.24s
[14.562s][info][gc,start    ] GC(35) Pause Young (Concurrent Start) (G1 Humongous Allocation)
[14.562s][info][gc,task     ] GC(35) Using 2 workers of 2 for evacuation
[14.648s][info][gc,phases   ] GC(35)   Pre Evacuate Collection Set: 0.29ms
[14.648s][info][gc,phases   ] GC(35)   Merge Heap Roots: 0.44ms
[14.648s][info][gc,phases   ] GC(35)   Evacuate Collection Set: 83.98ms
[14.648s][info][gc,phases   ] GC(35)   Post Evacuate Collection Set: 0.52ms
[14.648s][info][gc,phases   ] GC(35)   Other: 0.13ms
[14.648s][info][gc,heap     ] GC(35) Eden regions: 57->0(126)
[14.648s][info][gc,heap     ] GC(35) Survivor regions: 34->24(24)
[14.648s][info][gc,heap     ] GC(35) Old regions: 373->413
[14.648s][info][gc,heap     ] GC(35) Humongous regions: 3->3
[14.648s][info][gc,metaspace] GC(35) Metaspace: 17013K(17216K)->17013K(17216K) NonClass: 15231K(15360K)->15231K(15360K) Class: 1782K(1856K)->1782K(1856K)
[14.648s][info][gc          ] GC(35) Pause Young (Concurrent Start) (G1 Humongous Allocation) 467M->439M(703M) 85.682ms
[14.648s][info][gc,cpu      ] GC(35) User=0.16s Sys=0.00s Real=0.08s
[14.648s][info][gc          ] GC(36) Concurrent Mark Cycle
[14.648s][info][gc,marking  ] GC(36) Concurrent Scan Root Regions
[14.782s][info][gc,marking  ] GC(36) Concurrent Scan Root Regions 134.461ms
[14.783s][info][gc,marking  ] GC(36) Concurrent Mark
[14.783s][info][gc,marking  ] GC(36) Concurrent Mark From Roots
[14.783s][info][gc,task     ] GC(36) Using 1 workers of 1 for marking
[14.985s][info][gc,start    ] GC(37) Pause Young (Normal) (G1 Evacuation Pause)
[14.985s][info][gc,task     ] GC(37) Using 2 workers of 2 for evacuation
[15.059s][info][gc,phases   ] GC(37)   Pre Evacuate Collection Set: 0.36ms
[15.059s][info][gc,phases   ] GC(37)   Merge Heap Roots: 0.55ms
[15.059s][info][gc,phases   ] GC(37)   Evacuate Collection Set: 72.87ms
[15.059s][info][gc,phases   ] GC(37)   Post Evacuate Collection Set: 0.49ms
[15.059s][info][gc,phases   ] GC(37)   Other: 0.09ms
[15.059s][info][gc,heap     ] GC(37) Eden regions: 126->0(133)
[15.059s][info][gc,heap     ] GC(37) Survivor regions: 24->10(19)
[15.059s][info][gc,heap     ] GC(37) Old regions: 413->437
[15.059s][info][gc,heap     ] GC(37) Humongous regions: 4->4
[15.059s][info][gc,metaspace] GC(37) Metaspace: 17015K(17216K)->17015K(17216K) NonClass: 15232K(15360K)->15232K(15360K) Class: 1782K(1856K)->1782K(1856K)
[15.059s][info][gc          ] GC(37) Pause Young (Normal) (G1 Evacuation Pause) 566M->450M(703M) 74.729ms
[15.059s][info][gc,cpu      ] GC(37) User=0.15s Sys=0.00s Real=0.07s
[15.386s][info][gc,start    ] GC(38) Pause Young (Normal) (G1 Evacuation Pause)
[15.386s][info][gc,task     ] GC(38) Using 2 workers of 2 for evacuation
[15.431s][info][gc,phases   ] GC(38)   Pre Evacuate Collection Set: 0.35ms
[15.431s][info][gc,phases   ] GC(38)   Merge Heap Roots: 0.15ms
[15.431s][info][gc,phases   ] GC(38)   Evacuate Collection Set: 43.92ms
[15.431s][info][gc,phases   ] GC(38)   Post Evacuate Collection Set: 0.38ms
[15.431s][info][gc,phases   ] GC(38)   Other: 0.08ms
[15.431s][info][gc,heap     ] GC(38) Eden regions: 133->0(136)
[15.431s][info][gc,heap     ] GC(38) Survivor regions: 10->14(18)
[15.431s][info][gc,heap     ] GC(38) Old regions: 437->446
[15.431s][info][gc,heap     ] GC(38) Humongous regions: 4->4
[15.431s][info][gc,metaspace] GC(38) Metaspace: 17021K(17216K)->17021K(17216K) NonClass: 15239K(15360K)->15239K(15360K) Class: 1782K(1856K)->1782K(1856K)
[15.431s][info][gc          ] GC(38) Pause Young (Normal) (G1 Evacuation Pause) 583M->463M(703M) 45.129ms
[15.431s][info][gc,cpu      ] GC(38) User=0.06s Sys=0.00s Real=0.05s
[15.943s][info][gc,start    ] GC(39) Pause Young (Normal) (G1 Evacuation Pause)
[15.943s][info][gc,task     ] GC(39) Using 2 workers of 2 for evacuation
[15.987s][info][gc,phases   ] GC(39)   Pre Evacuate Collection Set: 0.25ms
[15.987s][info][gc,phases   ] GC(39)   Merge Heap Roots: 0.10ms
[15.987s][info][gc,phases   ] GC(39)   Evacuate Collection Set: 42.28ms
[15.987s][info][gc,phases   ] GC(39)   Post Evacuate Collection Set: 1.77ms
[15.987s][info][gc,phases   ] GC(39)   Other: 0.11ms
[15.987s][info][gc,heap     ] GC(39) Eden regions: 136->0(170)
[15.987s][info][gc,heap     ] GC(39) Survivor regions: 14->19(19)
[15.987s][info][gc,heap     ] GC(39) Old regions: 446->469
[15.987s][info][gc,heap     ] GC(39) Humongous regions: 4->4
[15.987s][info][gc,metaspace] GC(39) Metaspace: 17029K(17216K)->17029K(17216K) NonClass: 15247K(15360K)->15247K(15360K) Class: 1782K(1856K)->1782K(1856K)
[15.987s][info][gc          ] GC(39) Pause Young (Normal) (G1 Evacuation Pause) 599M->491M(785M) 44.765ms
[15.987s][info][gc,cpu      ] GC(39) User=0.08s Sys=0.00s Real=0.04s
[16.557s][info][gc,start    ] GC(40) Pause Young (Normal) (G1 Evacuation Pause)
[16.557s][info][gc,task     ] GC(40) Using 2 workers of 2 for evacuation
[16.595s][info][gc,phases   ] GC(40)   Pre Evacuate Collection Set: 0.29ms
[16.595s][info][gc,phases   ] GC(40)   Merge Heap Roots: 0.31ms
[16.595s][info][gc,phases   ] GC(40)   Evacuate Collection Set: 36.87ms
[16.595s][info][gc,phases   ] GC(40)   Post Evacuate Collection Set: 0.44ms
[16.595s][info][gc,phases   ] GC(40)   Other: 0.13ms
[16.595s][info][gc,heap     ] GC(40) Eden regions: 170->0(177)
[16.595s][info][gc,heap     ] GC(40) Survivor regions: 19->8(24)
[16.595s][info][gc,heap     ] GC(40) Old regions: 469->488
[16.595s][info][gc,heap     ] GC(40) Humongous regions: 5->5
[16.595s][info][gc,metaspace] GC(40) Metaspace: 17031K(17216K)->17031K(17216K) NonClass: 15249K(15360K)->15249K(15360K) Class: 1782K(1856K)->1782K(1856K)
[16.595s][info][gc          ] GC(40) Pause Young (Normal) (G1 Evacuation Pause) 662M->501M(785M) 38.316ms
[16.595s][info][gc,cpu      ] GC(40) User=0.07s Sys=0.01s Real=0.04s
[16.735s][info][gc,marking  ] GC(36) Concurrent Mark From Roots 1952.897ms
[16.735s][info][gc,marking  ] GC(36) Concurrent Preclean
[16.736s][info][gc,marking  ] GC(36) Concurrent Preclean 0.032ms
[16.736s][info][gc,start    ] GC(36) Pause Remark
[16.744s][info][gc          ] GC(36) Pause Remark 572M->572M(835M) 8.061ms
[16.744s][info][gc,cpu      ] GC(36) User=0.01s Sys=0.00s Real=0.01s
[16.744s][info][gc,marking  ] GC(36) Concurrent Mark 1961.875ms
[16.744s][info][gc,marking  ] GC(36) Concurrent Rebuild Remembered Sets and Scrub Regions
[16.996s][info][gc,start    ] GC(41) Pause Young (Normal) (G1 Evacuation Pause)
[16.996s][info][gc,task     ] GC(41) Using 2 workers of 2 for evacuation
[17.025s][info][gc,phases   ] GC(41)   Pre Evacuate Collection Set: 0.45ms
[17.025s][info][gc,phases   ] GC(41)   Merge Heap Roots: 0.18ms
[17.025s][info][gc,phases   ] GC(41)   Evacuate Collection Set: 28.08ms
[17.025s][info][gc,phases   ] GC(41)   Post Evacuate Collection Set: 0.44ms
[17.025s][info][gc,phases   ] GC(41)   Other: 0.15ms
[17.025s][info][gc,heap     ] GC(41) Eden regions: 177->0(208)
[17.025s][info][gc,heap     ] GC(41) Survivor regions: 8->20(24)
[17.025s][info][gc,heap     ] GC(41) Old regions: 488->488
[17.025s][info][gc,heap     ] GC(41) Humongous regions: 5->5
[17.025s][info][gc,metaspace] GC(41) Metaspace: 17032K(17216K)->17032K(17216K) NonClass: 15250K(15360K)->15250K(15360K) Class: 1782K(1856K)->1782K(1856K)
[17.025s][info][gc          ] GC(41) Pause Young (Normal) (G1 Evacuation Pause) 678M->513M(835M) 29.548ms
[17.025s][info][gc,cpu      ] GC(41) User=0.05s Sys=0.00s Real=0.03s
[17.526s][info][gc,marking  ] GC(36) Concurrent Rebuild Remembered Sets and Scrub Regions 781.786ms
[17.527s][info][gc,start    ] GC(36) Pause Cleanup
[17.527s][info][gc          ] GC(36) Pause Cleanup 643M->643M(835M) 0.114ms
[17.527s][info][gc,cpu      ] GC(36) User=0.00s Sys=0.00s Real=0.00s
[17.527s][info][gc,marking  ] GC(36) Concurrent Clear Claimed Marks
[17.527s][info][gc,marking  ] GC(36) Concurrent Clear Claimed Marks 0.032ms
[17.527s][info][gc,marking  ] GC(36) Concurrent Cleanup for Next Mark
[17.539s][info][gc,marking  ] GC(36) Concurrent Cleanup for Next Mark 11.936ms
[17.539s][info][gc          ] GC(36) Concurrent Mark Cycle 2891.113ms
[17.689s][info][gc,start    ] GC(42) Pause Young (Prepare Mixed) (G1 Evacuation Pause)
[17.689s][info][gc,task     ] GC(42) Using 2 workers of 2 for evacuation
[17.755s][info][gc,phases   ] GC(42)   Pre Evacuate Collection Set: 0.26ms
[17.755s][info][gc,phases   ] GC(42)   Merge Heap Roots: 0.27ms
[17.755s][info][gc,phases   ] GC(42)   Evacuate Collection Set: 65.54ms
[17.755s][info][gc,phases   ] GC(42)   Post Evacuate Collection Set: 0.50ms
[17.755s][info][gc,phases   ] GC(42)   Other: 0.08ms
[17.755s][info][gc,heap     ] GC(42) Eden regions: 208->0(190)
[17.755s][info][gc,heap     ] GC(42) Survivor regions: 20->29(29)
[17.755s][info][gc,heap     ] GC(42) Old regions: 488->514
[17.755s][info][gc,heap     ] GC(42) Humongous regions: 5->5
[17.755s][info][gc,metaspace] GC(42) Metaspace: 17108K(17280K)->17108K(17280K) NonClass: 15317K(15424K)->15317K(15424K) Class: 1791K(1856K)->1791K(1856K)
[17.756s][info][gc          ] GC(42) Pause Young (Prepare Mixed) (G1 Evacuation Pause) 721M->548M(835M) 66.932ms
[17.756s][info][gc,cpu      ] GC(42) User=0.13s Sys=0.00s Real=0.07s
[18.103s][info][gc,start    ] GC(43) Pause Young (Mixed) (G1 Evacuation Pause)
[18.103s][info][gc,task     ] GC(43) Using 2 workers of 2 for evacuation
[18.216s][info][gc,phases   ] GC(43)   Pre Evacuate Collection Set: 0.29ms
[18.216s][info][gc,phases   ] GC(43)   Merge Heap Roots: 0.27ms
[18.216s][info][gc,phases   ] GC(43)   Evacuate Collection Set: 81.85ms
[18.216s][info][gc,phases   ] GC(43)   Merge Optional Heap Roots: 0.22ms
[18.216s][info][gc,phases   ] GC(43)   Evacuate Optional Collection Set: 29.51ms
[18.216s][info][gc,phases   ] GC(43)   Post Evacuate Collection Set: 0.83ms
[18.216s][info][gc,phases   ] GC(43)   Other: 0.11ms
[18.216s][info][gc,heap     ] GC(43) Eden regions: 190->0(160)
[18.216s][info][gc,heap     ] GC(43) Survivor regions: 29->28(28)
[18.216s][info][gc,heap     ] GC(43) Old regions: 514->553
[18.216s][info][gc,heap     ] GC(43) Humongous regions: 5->5
[18.216s][info][gc,metaspace] GC(43) Metaspace: 17128K(17344K)->17128K(17344K) NonClass: 15336K(15488K)->15336K(15488K) Class: 1792K(1856K)->1792K(1856K)
[18.216s][info][gc          ] GC(43) Pause Young (Mixed) (G1 Evacuation Pause) 738M->585M(835M) 113.347ms
[18.216s][info][gc,cpu      ] GC(43) User=0.22s Sys=0.00s Real=0.11s
[18.504s][info][gc,start    ] GC(44) Pause Young (Concurrent Start) (G1 Evacuation Pause)
[18.504s][info][gc,task     ] GC(44) Using 2 workers of 2 for evacuation
[18.657s][info][gc,phases   ] GC(44)   Pre Evacuate Collection Set: 0.37ms
[18.657s][info][gc,phases   ] GC(44)   Merge Heap Roots: 0.55ms
[18.657s][info][gc,phases   ] GC(44)   Evacuate Collection Set: 150.88ms
[18.657s][info][gc,phases   ] GC(44)   Post Evacuate Collection Set: 0.47ms
[18.657s][info][gc,phases   ] GC(44)   Other: 0.18ms
[18.657s][info][gc,heap     ] GC(44) Eden regions: 160->0(89)
[18.657s][info][gc,heap     ] GC(44) Survivor regions: 28->24(24)
[18.657s][info][gc,heap     ] GC(44) Old regions: 553->641
[18.657s][info][gc,heap     ] GC(44) Humongous regions: 5->5
[18.657s][info][gc,metaspace] GC(44) Metaspace: 17133K(17344K)->17133K(17344K) NonClass: 15341K(15488K)->15341K(15488K) Class: 1792K(1856K)->1792K(1856K)
[18.657s][info][gc          ] GC(44) Pause Young (Concurrent Start) (G1 Evacuation Pause) 745M->670M(858M) 152.692ms
[18.657s][info][gc,cpu      ] GC(44) User=0.29s Sys=0.02s Real=0.15s
[18.657s][info][gc          ] GC(45) Concurrent Mark Cycle
[18.660s][info][gc,marking  ] GC(45) Concurrent Scan Root Regions
[18.837s][info][gc,marking  ] GC(45) Concurrent Scan Root Regions 177.387ms
[18.837s][info][gc,marking  ] GC(45) Concurrent Mark
[18.837s][info][gc,marking  ] GC(45) Concurrent Mark From Roots
[18.837s][info][gc,task     ] GC(45) Using 1 workers of 1 for marking
[18.925s][info][gc,start    ] GC(46) Pause Young (Normal) (G1 Evacuation Pause)
[18.925s][info][gc,task     ] GC(46) Using 2 workers of 2 for evacuation
[18.971s][info][gc,phases   ] GC(46)   Pre Evacuate Collection Set: 0.46ms
[18.971s][info][gc,phases   ] GC(46)   Merge Heap Roots: 0.22ms
[18.971s][info][gc,phases   ] GC(46)   Evacuate Collection Set: 44.59ms
[18.971s][info][gc,phases   ] GC(46)   Post Evacuate Collection Set: 0.90ms
[18.971s][info][gc,phases   ] GC(46)   Other: 0.08ms
[18.971s][info][gc,heap     ] GC(46) Eden regions: 89->0(106)
[18.971s][info][gc,heap     ] GC(46) Survivor regions: 24->15(15)
[18.971s][info][gc,heap     ] GC(46) Old regions: 641->667
[18.971s][info][gc,heap     ] GC(46) Humongous regions: 5->5
[18.971s][info][gc,metaspace] GC(46) Metaspace: 17134K(17344K)->17134K(17344K) NonClass: 15341K(15488K)->15341K(15488K) Class: 1792K(1856K)->1792K(1856K)
[18.971s][info][gc          ] GC(46) Pause Young (Normal) (G1 Evacuation Pause) 759M->687M(890M) 46.536ms
[18.971s][info][gc,cpu      ] GC(46) User=0.09s Sys=0.00s Real=0.05s
[19.188s][info][gc,start    ] GC(47) Pause Young (Normal) (G1 Evacuation Pause)
[19.189s][info][gc,task     ] GC(47) Using 2 workers of 2 for evacuation
[19.235s][info][gc,phases   ] GC(47)   Pre Evacuate Collection Set: 0.44ms
[19.235s][info][gc,phases   ] GC(47)   Merge Heap Roots: 0.21ms
[19.235s][info][gc,phases   ] GC(47)   Evacuate Collection Set: 45.41ms
[19.235s][info][gc,phases   ] GC(47)   Post Evacuate Collection Set: 0.41ms
[19.235s][info][gc,phases   ] GC(47)   Other: 0.11ms
[19.235s][info][gc,heap     ] GC(47) Eden regions: 106->0(101)
[19.235s][info][gc,heap     ] GC(47) Survivor regions: 15->16(16)
[19.235s][info][gc,heap     ] GC(47) Old regions: 667->685
[19.235s][info][gc,heap     ] GC(47) Humongous regions: 5->5
[19.235s][info][gc,metaspace] GC(47) Metaspace: 17134K(17344K)->17134K(17344K) NonClass: 15341K(15488K)->15341K(15488K) Class: 1792K(1856K)->1792K(1856K)
[19.235s][info][gc          ] GC(47) Pause Young (Normal) (G1 Evacuation Pause) 793M->706M(890M) 46.850ms
[19.235s][info][gc,cpu      ] GC(47) User=0.10s Sys=0.00s Real=0.05s
[19.272s][info][gc,marking  ] GC(45) Concurrent Mark From Roots 435.435ms
[19.272s][info][gc,marking  ] GC(45) Concurrent Preclean
[19.273s][info][gc,marking  ] GC(45) Concurrent Preclean 0.031ms
[19.273s][info][gc,start    ] GC(45) Pause Remark
[19.280s][info][gc          ] GC(45) Pause Remark 716M->366M(890M) 7.509ms
[19.280s][info][gc,cpu      ] GC(45) User=0.01s Sys=0.00s Real=0.00s
[19.280s][info][gc,marking  ] GC(45) Concurrent Mark 443.326ms
[19.280s][info][gc,marking  ] GC(45) Concurrent Rebuild Remembered Sets and Scrub Regions
[19.541s][info][gc,start    ] GC(48) Pause Young (Normal) (G1 Evacuation Pause)
[19.541s][info][gc,task     ] GC(48) Using 2 workers of 2 for evacuation
[19.593s][info][gc,phases   ] GC(48)   Pre Evacuate Collection Set: 0.30ms
[19.593s][info][gc,phases   ] GC(48)   Merge Heap Roots: 0.34ms
[19.593s][info][gc,phases   ] GC(48)   Evacuate Collection Set: 51.04ms
[19.593s][info][gc,phases   ] GC(48)   Post Evacuate Collection Set: 0.51ms
[19.593s][info][gc,phases   ] GC(48)   Other: 0.09ms
[19.593s][info][gc,heap     ] GC(48) Eden regions: 101->0(288)
[19.593s][info][gc,heap     ] GC(48) Survivor regions: 16->15(15)
[19.593s][info][gc,heap     ] GC(48) Old regions: 339->371
[19.593s][info][gc,heap     ] GC(48) Humongous regions: 1->1
[19.593s][info][gc,metaspace] GC(48) Metaspace: 17137K(17344K)->17137K(17344K) NonClass: 15345K(15488K)->15345K(15488K) Class: 1792K(1856K)->1792K(1856K)
[19.593s][info][gc          ] GC(48) Pause Young (Normal) (G1 Evacuation Pause) 457M->387M(890M) 52.549ms
[19.593s][info][gc,cpu      ] GC(48) User=0.10s Sys=0.00s Real=0.05s
[19.659s][info][gc,marking  ] GC(45) Concurrent Rebuild Remembered Sets and Scrub Regions 378.516ms
[19.661s][info][gc,start    ] GC(45) Pause Cleanup
[19.661s][info][gc          ] GC(45) Pause Cleanup 404M->404M(890M) 0.189ms
[19.661s][info][gc,cpu      ] GC(45) User=0.00s Sys=0.00s Real=0.00s
[19.664s][info][gc,marking  ] GC(45) Concurrent Clear Claimed Marks
[19.664s][info][gc,marking  ] GC(45) Concurrent Clear Claimed Marks 0.060ms
[19.664s][info][gc,marking  ] GC(45) Concurrent Cleanup for Next Mark
[19.671s][info][gc,marking  ] GC(45) Concurrent Cleanup for Next Mark 6.514ms
[19.671s][info][gc          ] GC(45) Concurrent Mark Cycle 1013.897ms
[20.181s][info][gc,start    ] GC(49) Pause Young (Prepare Mixed) (G1 Evacuation Pause)
[20.181s][info][gc,task     ] GC(49) Using 2 workers of 2 for evacuation
[20.280s][info][gc,phases   ] GC(49)   Pre Evacuate Collection Set: 0.26ms
[20.280s][info][gc,phases   ] GC(49)   Merge Heap Roots: 0.55ms
[20.280s][info][gc,phases   ] GC(49)   Evacuate Collection Set: 97.35ms
[20.280s][info][gc,phases   ] GC(49)   Post Evacuate Collection Set: 0.77ms
[20.280s][info][gc,phases   ] GC(49)   Other: 0.13ms
[20.280s][info][gc,heap     ] GC(49) Eden regions: 288->0(267)
[20.280s][info][gc,heap     ] GC(49) Survivor regions: 15->38(38)
[20.280s][info][gc,heap     ] GC(49) Old regions: 371->396
[20.280s][info][gc,heap     ] GC(49) Humongous regions: 4->4
[20.280s][info][gc,metaspace] GC(49) Metaspace: 17150K(17344K)->17150K(17344K) NonClass: 15356K(15488K)->15356K(15488K) Class: 1794K(1856K)->1794K(1856K)
[20.280s][info][gc          ] GC(49) Pause Young (Prepare Mixed) (G1 Evacuation Pause) 678M->438M(890M) 99.355ms
[20.280s][info][gc,cpu      ] GC(49) User=0.20s Sys=0.01s Real=0.09s
[20.634s][info][gc,start    ] GC(50) Pause Young (Mixed) (G1 Evacuation Pause)
[20.634s][info][gc,task     ] GC(50) Using 2 workers of 2 for evacuation
[20.780s][info][gc,phases   ] GC(50)   Pre Evacuate Collection Set: 0.46ms
[20.780s][info][gc,phases   ] GC(50)   Merge Heap Roots: 1.21ms
[20.780s][info][gc,phases   ] GC(50)   Evacuate Collection Set: 141.64ms
[20.780s][info][gc,phases   ] GC(50)   Merge Optional Heap Roots: 0.05ms
[20.780s][info][gc,phases   ] GC(50)   Evacuate Optional Collection Set: 2.28ms
[20.780s][info][gc,phases   ] GC(50)   Post Evacuate Collection Set: 0.64ms
[20.780s][info][gc,phases   ] GC(50)   Other: 0.10ms
[20.780s][info][gc,heap     ] GC(50) Eden regions: 236->0(262)
[20.780s][info][gc,heap     ] GC(50) Survivor regions: 38->31(35)
[20.780s][info][gc,heap     ] GC(50) Old regions: 396->421
[20.780s][info][gc,heap     ] GC(50) Humongous regions: 7->7
[20.780s][info][gc,metaspace] GC(50) Metaspace: 17153K(17344K)->17153K(17344K) NonClass: 15358K(15488K)->15358K(15488K) Class: 1794K(1856K)->1794K(1856K)
[20.780s][info][gc          ] GC(50) Pause Young (Mixed) (G1 Evacuation Pause) 677M->458M(890M) 146.660ms
[20.780s][info][gc,cpu      ] GC(50) User=0.29s Sys=0.00s Real=0.14s
[21.144s][info][gc,start    ] GC(51) Pause Young (Mixed) (G1 Evacuation Pause)
[21.145s][info][gc,task     ] GC(51) Using 2 workers of 2 for evacuation
[21.226s][info][gc,phases   ] GC(51)   Pre Evacuate Collection Set: 0.30ms
[21.227s][info][gc,phases   ] GC(51)   Merge Heap Roots: 0.44ms
[21.227s][info][gc,phases   ] GC(51)   Evacuate Collection Set: 80.19ms
[21.227s][info][gc,phases   ] GC(51)   Post Evacuate Collection Set: 0.86ms
[21.227s][info][gc,phases   ] GC(51)   Other: 0.12ms
[21.227s][info][gc,heap     ] GC(51) Eden regions: 262->0(297)
[21.227s][info][gc,heap     ] GC(51) Survivor regions: 31->25(37)
[21.227s][info][gc,heap     ] GC(51) Old regions: 421->383
[21.227s][info][gc,heap     ] GC(51) Humongous regions: 7->7
[21.227s][info][gc,metaspace] GC(51) Metaspace: 17165K(17344K)->17165K(17344K) NonClass: 15366K(15488K)->15366K(15488K) Class: 1798K(1856K)->1798K(1856K)
[21.227s][info][gc          ] GC(51) Pause Young (Mixed) (G1 Evacuation Pause) 720M->414M(908M) 82.137ms
[21.227s][info][gc,cpu      ] GC(51) User=0.17s Sys=0.00s Real=0.08s
[21.615s][info][gc,start    ] GC(52) Pause Young (Concurrent Start) (G1 Evacuation Pause)
[21.615s][info][gc,task     ] GC(52) Using 2 workers of 2 for evacuation
[21.685s][info][gc,phases   ] GC(52)   Pre Evacuate Collection Set: 0.44ms
[21.685s][info][gc,phases   ] GC(52)   Merge Heap Roots: 0.35ms
[21.685s][info][gc,phases   ] GC(52)   Evacuate Collection Set: 67.60ms
[21.685s][info][gc,phases   ] GC(52)   Post Evacuate Collection Set: 0.61ms
[21.685s][info][gc,phases   ] GC(52)   Other: 0.20ms
[21.685s][info][gc,heap     ] GC(52) Eden regions: 297->0(296)
[21.685s][info][gc,heap     ] GC(52) Survivor regions: 25->31(41)
[21.685s][info][gc,heap     ] GC(52) Old regions: 383->407
[21.685s][info][gc,heap     ] GC(52) Humongous regions: 7->7
[21.685s][info][gc,metaspace] GC(52) Metaspace: 17166K(17344K)->17166K(17344K) NonClass: 15368K(15488K)->15368K(15488K) Class: 1798K(1856K)->1798K(1856K)
[21.685s][info][gc          ] GC(52) Pause Young (Concurrent Start) (G1 Evacuation Pause) 711M->444M(908M) 69.477ms
[21.685s][info][gc,cpu      ] GC(52) User=0.14s Sys=0.00s Real=0.07s
[21.685s][info][gc          ] GC(53) Concurrent Mark Cycle
[21.686s][info][gc,marking  ] GC(53) Concurrent Scan Root Regions
[21.817s][info][gc,marking  ] GC(53) Concurrent Scan Root Regions 130.872ms
[21.817s][info][gc,marking  ] GC(53) Concurrent Mark
[21.817s][info][gc,marking  ] GC(53) Concurrent Mark From Roots
[21.817s][info][gc,task     ] GC(53) Using 1 workers of 1 for marking
[22.672s][info][gc,start    ] GC(54) Pause Young (Normal) (G1 Evacuation Pause)
[22.672s][info][gc,task     ] GC(54) Using 2 workers of 2 for evacuation
[22.740s][info][gc,phases   ] GC(54)   Pre Evacuate Collection Set: 0.47ms
[22.740s][info][gc,phases   ] GC(54)   Merge Heap Roots: 0.48ms
[22.740s][info][gc,phases   ] GC(54)   Evacuate Collection Set: 66.74ms
[22.740s][info][gc,phases   ] GC(54)   Post Evacuate Collection Set: 0.57ms
[22.740s][info][gc,phases   ] GC(54)   Other: 0.09ms
[22.740s][info][gc,heap     ] GC(54) Eden regions: 296->0(298)
[22.741s][info][gc,heap     ] GC(54) Survivor regions: 31->21(41)
[22.741s][info][gc,heap     ] GC(54) Old regions: 407->437
[22.741s][info][gc,heap     ] GC(54) Humongous regions: 7->7
[22.741s][info][gc,metaspace] GC(54) Metaspace: 17170K(17344K)->17170K(17344K) NonClass: 15371K(15488K)->15371K(15488K) Class: 1798K(1856K)->1798K(1856K)
[22.741s][info][gc          ] GC(54) Pause Young (Normal) (G1 Evacuation Pause) 740M->464M(908M) 68.671ms
[22.741s][info][gc,cpu      ] GC(54) User=0.14s Sys=0.00s Real=0.07s
[22.983s][info][gc,marking  ] GC(53) Concurrent Mark From Roots 1165.994ms
[22.983s][info][gc,marking  ] GC(53) Concurrent Preclean
[22.983s][info][gc,marking  ] GC(53) Concurrent Preclean 0.028ms
[22.983s][info][gc,start    ] GC(53) Pause Remark
[22.991s][info][gc          ] GC(53) Pause Remark 555M->473M(908M) 7.401ms
[22.991s][info][gc,cpu      ] GC(53) User=0.01s Sys=0.00s Real=0.01s
[22.992s][info][gc,marking  ] GC(53) Concurrent Mark 1175.534ms
[22.993s][info][gc,marking  ] GC(53) Concurrent Rebuild Remembered Sets and Scrub Regions
[23.465s][info][gc,marking  ] GC(53) Concurrent Rebuild Remembered Sets and Scrub Regions 472.463ms
[23.468s][info][gc,start    ] GC(53) Pause Cleanup
[23.468s][info][gc          ] GC(53) Pause Cleanup 537M->537M(908M) 0.135ms
[23.468s][info][gc,cpu      ] GC(53) User=0.00s Sys=0.00s Real=0.00s
[23.470s][info][gc,marking  ] GC(53) Concurrent Clear Claimed Marks
[23.471s][info][gc,marking  ] GC(53) Concurrent Clear Claimed Marks 0.059ms
[23.471s][info][gc,marking  ] GC(53) Concurrent Cleanup for Next Mark
[23.474s][info][gc,marking  ] GC(53) Concurrent Cleanup for Next Mark 3.050ms
[23.474s][info][gc          ] GC(53) Concurrent Mark Cycle 1788.820ms
[24.052s][info][gc,start    ] GC(55) Pause Young (Prepare Mixed) (G1 Evacuation Pause)
[24.052s][info][gc,task     ] GC(55) Using 2 workers of 2 for evacuation
[24.099s][info][gc,phases   ] GC(55)   Pre Evacuate Collection Set: 0.47ms
[24.099s][info][gc,phases   ] GC(55)   Merge Heap Roots: 0.54ms
[24.099s][info][gc,phases   ] GC(55)   Evacuate Collection Set: 45.74ms
[24.099s][info][gc,phases   ] GC(55)   Post Evacuate Collection Set: 0.65ms
[24.099s][info][gc,phases   ] GC(55)   Other: 0.12ms
[24.099s][info][gc,heap     ] GC(55) Eden regions: 298->0(341)
[24.099s][info][gc,heap     ] GC(55) Survivor regions: 21->34(40)
[24.099s][info][gc,heap     ] GC(55) Old regions: 358->358
[24.099s][info][gc,heap     ] GC(55) Humongous regions: 4->4
[24.099s][info][gc,metaspace] GC(55) Metaspace: 17202K(17344K)->17202K(17344K) NonClass: 15403K(15488K)->15403K(15488K) Class: 1798K(1856K)->1798K(1856K)
[24.099s][info][gc          ] GC(55) Pause Young (Prepare Mixed) (G1 Evacuation Pause) 680M->395M(908M) 47.827ms
[24.099s][info][gc,cpu      ] GC(55) User=0.10s Sys=0.01s Real=0.04s
[25.425s][info][gc,start    ] GC(56) Pause Young (Mixed) (G1 Evacuation Pause)
[25.425s][info][gc,task     ] GC(56) Using 2 workers of 2 for evacuation
[25.479s][info][gc,phases   ] GC(56)   Pre Evacuate Collection Set: 0.45ms
[25.479s][info][gc,phases   ] GC(56)   Merge Heap Roots: 0.93ms
[25.479s][info][gc,phases   ] GC(56)   Evacuate Collection Set: 51.49ms
[25.479s][info][gc,phases   ] GC(56)   Post Evacuate Collection Set: 0.69ms
[25.479s][info][gc,phases   ] GC(56)   Other: 0.11ms
[25.479s][info][gc,heap     ] GC(56) Eden regions: 341->0(367)
[25.479s][info][gc,heap     ] GC(56) Survivor regions: 34->14(47)
[25.479s][info][gc,heap     ] GC(56) Old regions: 358->354
[25.479s][info][gc,heap     ] GC(56) Humongous regions: 4->4
[25.479s][info][gc,metaspace] GC(56) Metaspace: 17203K(17344K)->17203K(17344K) NonClass: 15405K(15488K)->15405K(15488K) Class: 1798K(1856K)->1798K(1856K)
[25.479s][info][gc          ] GC(56) Pause Young (Mixed) (G1 Evacuation Pause) 736M->371M(908M) 53.937ms
[25.479s][info][gc,cpu      ] GC(56) User=0.11s Sys=0.00s Real=0.05s
[26.276s][info][gc,start    ] GC(57) Pause Young (Concurrent Start) (G1 Evacuation Pause)
[26.276s][info][gc,task     ] GC(57) Using 2 workers of 2 for evacuation
[26.393s][info][gc,phases   ] GC(57)   Pre Evacuate Collection Set: 0.29ms
[26.393s][info][gc,phases   ] GC(57)   Merge Heap Roots: 0.56ms
[26.393s][info][gc,phases   ] GC(57)   Evacuate Collection Set: 114.86ms
[26.393s][info][gc,phases   ] GC(57)   Post Evacuate Collection Set: 0.98ms
[26.393s][info][gc,phases   ] GC(57)   Other: 0.14ms
[26.393s][info][gc,heap     ] GC(57) Eden regions: 367->0(308)
[26.393s][info][gc,heap     ] GC(57) Survivor regions: 14->48(48)
[26.393s][info][gc,heap     ] GC(57) Old regions: 354->402
[26.393s][info][gc,heap     ] GC(57) Humongous regions: 4->4
[26.393s][info][gc,metaspace] GC(57) Metaspace: 17215K(17344K)->17215K(17344K) NonClass: 15417K(15488K)->15417K(15488K) Class: 1798K(1856K)->1798K(1856K)
[26.393s][info][gc          ] GC(57) Pause Young (Concurrent Start) (G1 Evacuation Pause) 738M->454M(908M) 117.107ms
[26.393s][info][gc,cpu      ] GC(57) User=0.24s Sys=0.00s Real=0.12s
[26.396s][info][gc          ] GC(58) Concurrent Mark Cycle
[26.396s][info][gc,marking  ] GC(58) Concurrent Scan Root Regions
[26.519s][info][gc,marking  ] GC(58) Concurrent Scan Root Regions 122.417ms
[26.519s][info][gc,marking  ] GC(58) Concurrent Mark
[26.519s][info][gc,marking  ] GC(58) Concurrent Mark From Roots
[26.519s][info][gc,task     ] GC(58) Using 1 workers of 1 for marking
[27.455s][info][gc,start    ] GC(59) Pause Young (Normal) (G1 Evacuation Pause)
[27.456s][info][gc,task     ] GC(59) Using 2 workers of 2 for evacuation
[27.589s][info][gc,phases   ] GC(59)   Pre Evacuate Collection Set: 0.29ms
[27.589s][info][gc,phases   ] GC(59)   Merge Heap Roots: 0.99ms
[27.589s][info][gc,phases   ] GC(59)   Evacuate Collection Set: 131.15ms
[27.589s][info][gc,phases   ] GC(59)   Post Evacuate Collection Set: 0.73ms
[27.589s][info][gc,phases   ] GC(59)   Other: 0.11ms
[27.589s][info][gc,heap     ] GC(59) Eden regions: 308->0(275)
[27.589s][info][gc,heap     ] GC(59) Survivor regions: 48->43(45)
[27.589s][info][gc,heap     ] GC(59) Old regions: 402->451
[27.589s][info][gc,heap     ] GC(59) Humongous regions: 7->7
[27.589s][info][gc,metaspace] GC(59) Metaspace: 17241K(17408K)->17241K(17408K) NonClass: 15442K(15552K)->15442K(15552K) Class: 1799K(1856K)->1799K(1856K)
[27.589s][info][gc          ] GC(59) Pause Young (Normal) (G1 Evacuation Pause) 765M->500M(908M) 133.556ms
[27.589s][info][gc,cpu      ] GC(59) User=0.26s Sys=0.00s Real=0.13s
[28.065s][info][gc,marking  ] GC(58) Concurrent Mark From Roots 1545.800ms
[28.065s][info][gc,marking  ] GC(58) Concurrent Preclean
[28.065s][info][gc,marking  ] GC(58) Concurrent Preclean 0.026ms
[28.065s][info][gc,start    ] GC(58) Pause Remark
[28.072s][info][gc          ] GC(58) Pause Remark 747M->743M(908M) 7.332ms
[28.072s][info][gc,cpu      ] GC(58) User=0.01s Sys=0.00s Real=0.01s
[28.072s][info][gc,marking  ] GC(58) Concurrent Mark 1553.439ms
[28.072s][info][gc,marking  ] GC(58) Concurrent Rebuild Remembered Sets and Scrub Regions
[28.124s][info][gc,start    ] GC(60) Pause Young (Normal) (G1 Evacuation Pause)
[28.124s][info][gc,task     ] GC(60) Using 2 workers of 2 for evacuation
[28.254s][info][gc,phases   ] GC(60)   Pre Evacuate Collection Set: 0.45ms
[28.254s][info][gc,phases   ] GC(60)   Merge Heap Roots: 0.50ms
[28.254s][info][gc,phases   ] GC(60)   Evacuate Collection Set: 128.91ms
[28.254s][info][gc,phases   ] GC(60)   Post Evacuate Collection Set: 0.60ms
[28.254s][info][gc,phases   ] GC(60)   Other: 0.11ms
[28.254s][info][gc,heap     ] GC(60) Eden regions: 275->0(238)
[28.254s][info][gc,heap     ] GC(60) Survivor regions: 43->40(40)
[28.254s][info][gc,heap     ] GC(60) Old regions: 447->505
[28.254s][info][gc,heap     ] GC(60) Humongous regions: 7->7
[28.255s][info][gc,metaspace] GC(60) Metaspace: 17249K(17408K)->17249K(17408K) NonClass: 15450K(15552K)->15450K(15552K) Class: 1799K(1856K)->1799K(1856K)
[28.255s][info][gc          ] GC(60) Pause Young (Normal) (G1 Evacuation Pause) 771M->551M(908M) 130.891ms
[28.255s][info][gc,cpu      ] GC(60) User=0.26s Sys=0.00s Real=0.13s
[28.570s][info][gc,start    ] GC(61) Pause Young (Normal) (G1 Evacuation Pause)
[28.570s][info][gc,task     ] GC(61) Using 2 workers of 2 for evacuation
[28.640s][info][gc,phases   ] GC(61)   Pre Evacuate Collection Set: 0.26ms
[28.641s][info][gc,phases   ] GC(61)   Merge Heap Roots: 0.24ms
[28.641s][info][gc,phases   ] GC(61)   Evacuate Collection Set: 68.52ms
[28.641s][info][gc,phases   ] GC(61)   Post Evacuate Collection Set: 0.86ms
[28.641s][info][gc,phases   ] GC(61)   Other: 0.11ms
[28.641s][info][gc,heap     ] GC(61) Eden regions: 238->0(261)
[28.641s][info][gc,heap     ] GC(61) Survivor regions: 40->6(35)
[28.641s][info][gc,heap     ] GC(61) Old regions: 505->545
[28.641s][info][gc,heap     ] GC(61) Humongous regions: 7->7
[28.641s][info][gc,metaspace] GC(61) Metaspace: 17249K(17408K)->17249K(17408K) NonClass: 15450K(15552K)->15450K(15552K) Class: 1799K(1856K)->1799K(1856K)
[28.641s][info][gc          ] GC(61) Pause Young (Normal) (G1 Evacuation Pause) 789M->558M(932M) 70.259ms
[28.641s][info][gc,cpu      ] GC(61) User=0.13s Sys=0.00s Real=0.08s
[28.885s][info][gc,marking  ] GC(58) Concurrent Rebuild Remembered Sets and Scrub Regions 812.529ms
[28.885s][info][gc,start    ] GC(58) Pause Cleanup
[28.885s][info][gc          ] GC(58) Pause Cleanup 665M->665M(932M) 0.137ms
[28.885s][info][gc,cpu      ] GC(58) User=0.00s Sys=0.00s Real=0.00s
[28.885s][info][gc,marking  ] GC(58) Concurrent Clear Claimed Marks
[28.885s][info][gc,marking  ] GC(58) Concurrent Clear Claimed Marks 0.035ms
[28.885s][info][gc,marking  ] GC(58) Concurrent Cleanup for Next Mark
[28.893s][info][gc,marking  ] GC(58) Concurrent Cleanup for Next Mark 7.167ms
[28.893s][info][gc          ] GC(58) Concurrent Mark Cycle 2496.203ms
[29.084s][info][gc,start    ] GC(62) Pause Young (Prepare Mixed) (G1 Evacuation Pause)
[29.084s][info][gc,task     ] GC(62) Using 2 workers of 2 for evacuation
[29.140s][info][gc,phases   ] GC(62)   Pre Evacuate Collection Set: 0.52ms
[29.141s][info][gc,phases   ] GC(62)   Merge Heap Roots: 0.37ms
[29.141s][info][gc,phases   ] GC(62)   Evacuate Collection Set: 54.93ms
[29.141s][info][gc,phases   ] GC(62)   Post Evacuate Collection Set: 0.58ms
[29.141s][info][gc,phases   ] GC(62)   Other: 0.13ms
[29.141s][info][gc,heap     ] GC(62) Eden regions: 261->0(246)
[29.141s][info][gc,heap     ] GC(62) Survivor regions: 6->33(34)
[29.141s][info][gc,heap     ] GC(62) Old regions: 545->545
[29.141s][info][gc,heap     ] GC(62) Humongous regions: 8->8
[29.141s][info][gc,metaspace] GC(62) Metaspace: 17250K(17408K)->17250K(17408K) NonClass: 15451K(15552K)->15451K(15552K) Class: 1799K(1856K)->1799K(1856K)
[29.141s][info][gc          ] GC(62) Pause Young (Prepare Mixed) (G1 Evacuation Pause) 820M->586M(932M) 56.790ms
[29.141s][info][gc,cpu      ] GC(62) User=0.11s Sys=0.00s Real=0.06s
[29.431s][info][gc,start    ] GC(63) Pause Young (Mixed) (G1 Evacuation Pause)
[29.431s][info][gc,task     ] GC(63) Using 2 workers of 2 for evacuation
[29.560s][info][gc,phases   ] GC(63)   Pre Evacuate Collection Set: 0.50ms
[29.560s][info][gc,phases   ] GC(63)   Merge Heap Roots: 0.50ms
[29.560s][info][gc,phases   ] GC(63)   Evacuate Collection Set: 126.06ms
[29.560s][info][gc,phases   ] GC(63)   Post Evacuate Collection Set: 1.97ms
[29.560s][info][gc,phases   ] GC(63)   Other: 0.09ms
[29.560s][info][gc,heap     ] GC(63) Eden regions: 246->0(249)
[29.560s][info][gc,heap     ] GC(63) Survivor regions: 33->15(35)
[29.560s][info][gc,heap     ] GC(63) Old regions: 545->568
[29.560s][info][gc,heap     ] GC(63) Humongous regions: 8->8
[29.560s][info][gc,metaspace] GC(63) Metaspace: 17270K(17472K)->17270K(17472K) NonClass: 15471K(15616K)->15471K(15616K) Class: 1799K(1856K)->1799K(1856K)
[29.560s][info][gc          ] GC(63) Pause Young (Mixed) (G1 Evacuation Pause) 832M->590M(932M) 129.429ms
[29.560s][info][gc,cpu      ] GC(63) User=0.25s Sys=0.00s Real=0.12s
[30.434s][info][gc,start    ] GC(64) Pause Young (Concurrent Start) (G1 Evacuation Pause)
[30.434s][info][gc,task     ] GC(64) Using 2 workers of 2 for evacuation
[30.485s][info][gc,phases   ] GC(64)   Pre Evacuate Collection Set: 0.42ms
[30.485s][info][gc,phases   ] GC(64)   Merge Heap Roots: 0.41ms
[30.485s][info][gc,phases   ] GC(64)   Evacuate Collection Set: 49.77ms
[30.485s][info][gc,phases   ] GC(64)   Post Evacuate Collection Set: 0.57ms
[30.485s][info][gc,phases   ] GC(64)   Other: 0.18ms
[30.485s][info][gc,heap     ] GC(64) Eden regions: 249->0(238)
[30.485s][info][gc,heap     ] GC(64) Survivor regions: 15->33(33)
[30.485s][info][gc,heap     ] GC(64) Old regions: 568->571
[30.485s][info][gc,heap     ] GC(64) Humongous regions: 8->8
[30.485s][info][gc,metaspace] GC(64) Metaspace: 17290K(17472K)->17290K(17472K) NonClass: 15490K(15616K)->15490K(15616K) Class: 1799K(1856K)->1799K(1856K)
[30.485s][info][gc          ] GC(64) Pause Young (Concurrent Start) (G1 Evacuation Pause) 839M->611M(932M) 51.577ms
[30.485s][info][gc          ] GC(65) Concurrent Mark Cycle
[30.485s][info][gc,marking  ] GC(65) Concurrent Scan Root Regions
[30.485s][info][gc,cpu      ] GC(64) User=0.10s Sys=0.00s Real=0.05s
[30.560s][info][gc,marking  ] GC(65) Concurrent Scan Root Regions 74.914ms
[30.560s][info][gc,marking  ] GC(65) Concurrent Mark
[30.560s][info][gc,marking  ] GC(65) Concurrent Mark From Roots
[30.560s][info][gc,task     ] GC(65) Using 1 workers of 1 for marking
[31.510s][info][gc,start    ] GC(66) Pause Young (Normal) (G1 Evacuation Pause)
[31.510s][info][gc,task     ] GC(66) Using 2 workers of 2 for evacuation
[31.590s][info][gc,phases   ] GC(66)   Pre Evacuate Collection Set: 0.28ms
[31.590s][info][gc,phases   ] GC(66)   Merge Heap Roots: 0.39ms
[31.590s][info][gc,phases   ] GC(66)   Evacuate Collection Set: 79.41ms
[31.590s][info][gc,phases   ] GC(66)   Post Evacuate Collection Set: 0.55ms
[31.590s][info][gc,phases   ] GC(66)   Other: 0.08ms
[31.590s][info][gc,heap     ] GC(66) Eden regions: 238->0(225)
[31.590s][info][gc,heap     ] GC(66) Survivor regions: 33->21(34)
[31.590s][info][gc,heap     ] GC(66) Old regions: 571->604
[31.590s][info][gc,heap     ] GC(66) Humongous regions: 8->8
[31.590s][info][gc,metaspace] GC(66) Metaspace: 17300K(17472K)->17300K(17472K) NonClass: 15501K(15616K)->15501K(15616K) Class: 1799K(1856K)->1799K(1856K)
[31.591s][info][gc          ] GC(66) Pause Young (Normal) (G1 Evacuation Pause) 849M->633M(932M) 81.000ms
[31.591s][info][gc,cpu      ] GC(66) User=0.16s Sys=0.00s Real=0.09s
[32.355s][info][gc,marking  ] GC(65) Concurrent Mark From Roots 1794.192ms
[32.355s][info][gc,marking  ] GC(65) Concurrent Preclean
[32.355s][info][gc,marking  ] GC(65) Concurrent Preclean 0.032ms
[32.355s][info][gc,start    ] GC(65) Pause Remark
[32.364s][info][gc          ] GC(65) Pause Remark 839M->741M(932M) 8.868ms
[32.364s][info][gc,cpu      ] GC(65) User=0.02s Sys=0.00s Real=0.01s
[32.365s][info][gc,marking  ] GC(65) Concurrent Mark 1805.157ms
[32.365s][info][gc,marking  ] GC(65) Concurrent Rebuild Remembered Sets and Scrub Regions
[32.416s][info][gc,start    ] GC(67) Pause Young (Normal) (G1 Evacuation Pause)
[32.416s][info][gc,task     ] GC(67) Using 2 workers of 2 for evacuation
[32.493s][info][gc,phases   ] GC(67)   Pre Evacuate Collection Set: 0.32ms
[32.493s][info][gc,phases   ] GC(67)   Merge Heap Roots: 0.16ms
[32.493s][info][gc,phases   ] GC(67)   Evacuate Collection Set: 76.21ms
[32.493s][info][gc,phases   ] GC(67)   Post Evacuate Collection Set: 0.68ms
[32.493s][info][gc,phases   ] GC(67)   Other: 0.10ms
[32.494s][info][gc,heap     ] GC(67) Eden regions: 225->0(252)
[32.494s][info][gc,heap     ] GC(67) Survivor regions: 21->31(31)
[32.494s][info][gc,heap     ] GC(67) Old regions: 509->540
[32.494s][info][gc,heap     ] GC(67) Humongous regions: 5->5
[32.494s][info][gc,metaspace] GC(67) Metaspace: 17321K(17472K)->17321K(17472K) NonClass: 15521K(15616K)->15521K(15616K) Class: 1799K(1856K)->1799K(1856K)
[32.494s][info][gc          ] GC(67) Pause Young (Normal) (G1 Evacuation Pause) 760M->575M(932M) 77.764ms
[32.494s][info][gc,cpu      ] GC(67) User=0.15s Sys=0.00s Real=0.08s
[33.281s][info][gc,start    ] GC(68) Pause Young (Normal) (G1 Evacuation Pause)
[33.281s][info][gc,task     ] GC(68) Using 2 workers of 2 for evacuation
[33.365s][info][gc,phases   ] GC(68)   Pre Evacuate Collection Set: 0.44ms
[33.365s][info][gc,phases   ] GC(68)   Merge Heap Roots: 0.58ms
[33.365s][info][gc,phases   ] GC(68)   Evacuate Collection Set: 82.00ms
[33.365s][info][gc,phases   ] GC(68)   Post Evacuate Collection Set: 0.70ms
[33.365s][info][gc,phases   ] GC(68)   Other: 0.09ms
[33.365s][info][gc,heap     ] GC(68) Eden regions: 252->0(220)
[33.365s][info][gc,heap     ] GC(68) Survivor regions: 31->36(36)
[33.365s][info][gc,heap     ] GC(68) Old regions: 540->576
[33.365s][info][gc,heap     ] GC(68) Humongous regions: 5->5
[33.365s][info][gc,metaspace] GC(68) Metaspace: 17329K(17472K)->17329K(17472K) NonClass: 15529K(15616K)->15529K(15616K) Class: 1799K(1856K)->1799K(1856K)
[33.365s][info][gc          ] GC(68) Pause Young (Normal) (G1 Evacuation Pause) 827M->617M(932M) 84.065ms
[33.365s][info][gc,cpu      ] GC(68) User=0.16s Sys=0.00s Real=0.08s
[33.642s][info][gc,marking  ] GC(65) Concurrent Rebuild Remembered Sets and Scrub Regions 1276.565ms
[33.642s][info][gc,start    ] GC(65) Pause Cleanup
[33.642s][info][gc          ] GC(65) Pause Cleanup 673M->673M(932M) 0.150ms
[33.642s][info][gc,cpu      ] GC(65) User=0.00s Sys=0.00s Real=0.00s
[33.644s][info][gc,marking  ] GC(65) Concurrent Clear Claimed Marks
[33.644s][info][gc,marking  ] GC(65) Concurrent Clear Claimed Marks 0.050ms
[33.644s][info][gc,marking  ] GC(65) Concurrent Cleanup for Next Mark
[33.651s][info][gc,marking  ] GC(65) Concurrent Cleanup for Next Mark 6.801ms
[33.651s][info][gc          ] GC(65) Concurrent Mark Cycle 3166.090ms
[34.101s][info][gc,start    ] GC(69) Pause Young (Prepare Mixed) (G1 Evacuation Pause)
[34.101s][info][gc,task     ] GC(69) Using 2 workers of 2 for evacuation
[34.226s][info][gc,phases   ] GC(69)   Pre Evacuate Collection Set: 0.46ms
[34.226s][info][gc,phases   ] GC(69)   Merge Heap Roots: 1.01ms
[34.226s][info][gc,phases   ] GC(69)   Evacuate Collection Set: 122.78ms
[34.226s][info][gc,phases   ] GC(69)   Post Evacuate Collection Set: 0.73ms
[34.226s][info][gc,phases   ] GC(69)   Other: 0.10ms
[34.226s][info][gc,heap     ] GC(69) Eden regions: 220->0(182)
[34.226s][info][gc,heap     ] GC(69) Survivor regions: 36->32(32)
[34.226s][info][gc,heap     ] GC(69) Old regions: 576->619
[34.226s][info][gc,heap     ] GC(69) Humongous regions: 8->8
[34.226s][info][gc,metaspace] GC(69) Metaspace: 17329K(17472K)->17329K(17472K) NonClass: 15529K(15616K)->15529K(15616K) Class: 1799K(1856K)->1799K(1856K)
[34.226s][info][gc          ] GC(69) Pause Young (Prepare Mixed) (G1 Evacuation Pause) 840M->658M(932M) 125.353ms
[34.226s][info][gc,cpu      ] GC(69) User=0.24s Sys=0.00s Real=0.12s
[34.505s][info][gc,start    ] GC(70) Pause Young (Mixed) (G1 Evacuation Pause)
[34.505s][info][gc,task     ] GC(70) Using 2 workers of 2 for evacuation
[34.619s][info][gc,phases   ] GC(70)   Pre Evacuate Collection Set: 0.56ms
[34.619s][info][gc,phases   ] GC(70)   Merge Heap Roots: 0.78ms
[34.619s][info][gc,phases   ] GC(70)   Evacuate Collection Set: 101.50ms
[34.619s][info][gc,phases   ] GC(70)   Merge Optional Heap Roots: 0.29ms
[34.619s][info][gc,phases   ] GC(70)   Evacuate Optional Collection Set: 9.70ms
[34.619s][info][gc,phases   ] GC(70)   Post Evacuate Collection Set: 1.30ms
[34.619s][info][gc,phases   ] GC(70)   Other: 0.10ms
[34.619s][info][gc,heap     ] GC(70) Eden regions: 182->0(23)
[34.619s][info][gc,heap     ] GC(70) Survivor regions: 32->24(27)
[34.619s][info][gc,heap     ] GC(70) Old regions: 619->584
[34.619s][info][gc,heap     ] GC(70) Humongous regions: 8->8
[34.619s][info][gc,metaspace] GC(70) Metaspace: 17329K(17472K)->17329K(17472K) NonClass: 15529K(15616K)->15529K(15616K) Class: 1799K(1856K)->1799K(1856K)
[34.619s][info][gc          ] GC(70) Pause Young (Mixed) (G1 Evacuation Pause) 840M->615M(950M) 114.518ms
[34.620s][info][gc,cpu      ] GC(70) User=0.23s Sys=0.00s Real=0.11s
[34.650s][info][gc,start    ] GC(71) Pause Young (Mixed) (G1 Evacuation Pause)
[34.650s][info][gc,task     ] GC(71) Using 2 workers of 2 for evacuation
[34.882s][info][gc,mmu      ] GC(71) MMU target violated: 201.0ms (200.0ms/201.0ms)
[34.882s][info][gc,phases   ] GC(71)   Pre Evacuate Collection Set: 0.50ms
[34.882s][info][gc,phases   ] GC(71)   Merge Heap Roots: 3.07ms
[34.882s][info][gc,phases   ] GC(71)   Evacuate Collection Set: 228.48ms
[34.882s][info][gc,phases   ] GC(71)   Post Evacuate Collection Set: 0.37ms
[34.882s][info][gc,phases   ] GC(71)   Other: 0.18ms
[34.882s][info][gc,heap     ] GC(71) Eden regions: 23->0(226)
[34.882s][info][gc,heap     ] GC(71) Survivor regions: 24->4(6)
[34.882s][info][gc,heap     ] GC(71) Old regions: 584->605
[34.882s][info][gc,heap     ] GC(71) Humongous regions: 8->8
[34.882s][info][gc,metaspace] GC(71) Metaspace: 17329K(17472K)->17329K(17472K) NonClass: 15529K(15616K)->15529K(15616K) Class: 1799K(1856K)->1799K(1856K)
[34.882s][info][gc          ] GC(71) Pause Young (Mixed) (G1 Evacuation Pause) 638M->616M(950M) 232.800ms
[34.882s][info][gc,cpu      ] GC(71) User=0.46s Sys=0.00s Real=0.24s
[35.168s][info][gc,start    ] GC(72) Pause Young (Concurrent Start) (G1 Evacuation Pause)
[35.169s][info][gc,task     ] GC(72) Using 2 workers of 2 for evacuation
[35.193s][info][gc,phases   ] GC(72)   Pre Evacuate Collection Set: 0.28ms
[35.193s][info][gc,phases   ] GC(72)   Merge Heap Roots: 0.23ms
[35.193s][info][gc,phases   ] GC(72)   Evacuate Collection Set: 23.37ms
[35.193s][info][gc,phases   ] GC(72)   Post Evacuate Collection Set: 0.54ms
[35.193s][info][gc,phases   ] GC(72)   Other: 0.10ms
[35.193s][info][gc,heap     ] GC(72) Eden regions: 226->0(228)
[35.193s][info][gc,heap     ] GC(72) Survivor regions: 4->16(29)
[35.193s][info][gc,heap     ] GC(72) Old regions: 605->605
[35.193s][info][gc,heap     ] GC(72) Humongous regions: 8->8
[35.193s][info][gc,metaspace] GC(72) Metaspace: 17335K(17472K)->17335K(17472K) NonClass: 15535K(15616K)->15535K(15616K) Class: 1799K(1856K)->1799K(1856K)
[35.193s][info][gc          ] GC(72) Pause Young (Concurrent Start) (G1 Evacuation Pause) 842M->628M(950M) 24.773ms
[35.193s][info][gc          ] GC(73) Concurrent Mark Cycle
[35.193s][info][gc,marking  ] GC(73) Concurrent Scan Root Regions
[35.195s][info][gc,cpu      ] GC(72) User=0.05s Sys=0.00s Real=0.03s
[35.219s][info][gc,marking  ] GC(73) Concurrent Scan Root Regions 26.172ms
[35.219s][info][gc,marking  ] GC(73) Concurrent Mark
[35.219s][info][gc,marking  ] GC(73) Concurrent Mark From Roots
[35.220s][info][gc,task     ] GC(73) Using 1 workers of 1 for marking
[35.664s][info][gc,start    ] GC(74) Pause Young (Normal) (G1 Evacuation Pause)
[35.664s][info][gc,task     ] GC(74) Using 2 workers of 2 for evacuation
[35.740s][info][gc,phases   ] GC(74)   Pre Evacuate Collection Set: 0.37ms
[35.740s][info][gc,phases   ] GC(74)   Merge Heap Roots: 0.19ms
[35.740s][info][gc,phases   ] GC(74)   Evacuate Collection Set: 74.72ms
[35.740s][info][gc,phases   ] GC(74)   Post Evacuate Collection Set: 0.82ms
[35.740s][info][gc,phases   ] GC(74)   Other: 0.12ms
[35.740s][info][gc,heap     ] GC(74) Eden regions: 228->0(181)
[35.740s][info][gc,heap     ] GC(74) Survivor regions: 16->31(31)
[35.740s][info][gc,heap     ] GC(74) Old regions: 605->643
[35.740s][info][gc,heap     ] GC(74) Humongous regions: 8->8
[35.740s][info][gc,metaspace] GC(74) Metaspace: 17335K(17472K)->17335K(17472K) NonClass: 15535K(15616K)->15535K(15616K) Class: 1799K(1856K)->1799K(1856K)
[35.740s][info][gc          ] GC(74) Pause Young (Normal) (G1 Evacuation Pause) 856M->682M(950M) 76.573ms
[35.740s][info][gc,cpu      ] GC(74) User=0.15s Sys=0.00s Real=0.07s
[36.343s][info][gc,start    ] GC(75) Pause Young (Normal) (G1 Evacuation Pause)
[36.343s][info][gc,task     ] GC(75) Using 2 workers of 2 for evacuation
[36.437s][info][gc,phases   ] GC(75)   Pre Evacuate Collection Set: 0.55ms
[36.437s][info][gc,phases   ] GC(75)   Merge Heap Roots: 0.44ms
[36.437s][info][gc,phases   ] GC(75)   Evacuate Collection Set: 91.63ms
[36.437s][info][gc,phases   ] GC(75)   Post Evacuate Collection Set: 0.71ms
[36.437s][info][gc,phases   ] GC(75)   Other: 0.14ms
[36.437s][info][gc,heap     ] GC(75) Eden regions: 181->0(158)
[36.437s][info][gc,heap     ] GC(75) Survivor regions: 31->27(27)
[36.437s][info][gc,heap     ] GC(75) Old regions: 643->687
[36.437s][info][gc,heap     ] GC(75) Humongous regions: 8->8
[36.437s][info][gc,metaspace] GC(75) Metaspace: 17336K(17472K)->17336K(17472K) NonClass: 15536K(15616K)->15536K(15616K) Class: 1799K(1856K)->1799K(1856K)
[36.437s][info][gc          ] GC(75) Pause Young (Normal) (G1 Evacuation Pause) 863M->722M(962M) 93.787ms
[36.437s][info][gc,cpu      ] GC(75) User=0.19s Sys=0.00s Real=0.09s
[36.986s][info][gc,start    ] GC(76) Pause Young (Normal) (G1 Evacuation Pause)
[36.986s][info][gc,task     ] GC(76) Using 2 workers of 2 for evacuation
[37.072s][info][gc,phases   ] GC(76)   Pre Evacuate Collection Set: 0.36ms
[37.073s][info][gc,phases   ] GC(76)   Merge Heap Roots: 0.39ms
[37.073s][info][gc,phases   ] GC(76)   Evacuate Collection Set: 84.90ms
[37.073s][info][gc,phases   ] GC(76)   Post Evacuate Collection Set: 0.56ms
[37.073s][info][gc,phases   ] GC(76)   Other: 0.18ms
[37.073s][info][gc,heap     ] GC(76) Eden regions: 158->0(135)
[37.073s][info][gc,heap     ] GC(76) Survivor regions: 27->24(24)
[37.073s][info][gc,heap     ] GC(76) Old regions: 687->718
[37.073s][info][gc,heap     ] GC(76) Humongous regions: 11->11
[37.073s][info][gc,metaspace] GC(76) Metaspace: 17339K(17472K)->17339K(17472K) NonClass: 15540K(15616K)->15540K(15616K) Class: 1799K(1856K)->1799K(1856K)
[37.073s][info][gc          ] GC(76) Pause Young (Normal) (G1 Evacuation Pause) 883M->753M(962M) 86.700ms
[37.073s][info][gc,cpu      ] GC(76) User=0.17s Sys=0.00s Real=0.09s
[37.128s][info][gc,marking  ] GC(73) Concurrent Mark From Roots 1908.949ms
[37.129s][info][gc,marking  ] GC(73) Concurrent Preclean
[37.129s][info][gc,marking  ] GC(73) Concurrent Preclean 0.027ms
[37.129s][info][gc,start    ] GC(73) Pause Remark
[37.138s][info][gc          ] GC(73) Pause Remark 782M->649M(978M) 9.509ms
[37.138s][info][gc,cpu      ] GC(73) User=0.02s Sys=0.00s Real=0.01s
[37.142s][info][gc,marking  ] GC(73) Concurrent Mark 1922.959ms
[37.142s][info][gc,marking  ] GC(73) Concurrent Rebuild Remembered Sets and Scrub Regions
[37.470s][info][gc,start    ] GC(77) Pause Young (Normal) (G1 Evacuation Pause)
[37.470s][info][gc,task     ] GC(77) Using 2 workers of 2 for evacuation
[37.557s][info][gc,phases   ] GC(77)   Pre Evacuate Collection Set: 0.56ms
[37.557s][info][gc,phases   ] GC(77)   Merge Heap Roots: 0.66ms
[37.557s][info][gc,phases   ] GC(77)   Evacuate Collection Set: 85.37ms
[37.557s][info][gc,phases   ] GC(77)   Post Evacuate Collection Set: 0.48ms
[37.557s][info][gc,phases   ] GC(77)   Other: 0.11ms
[37.557s][info][gc,heap     ] GC(77) Eden regions: 135->0(201)
[37.557s][info][gc,heap     ] GC(77) Survivor regions: 24->20(20)
[37.557s][info][gc,heap     ] GC(77) Old regions: 589->627
[37.557s][info][gc,heap     ] GC(77) Humongous regions: 7->7
[37.557s][info][gc,metaspace] GC(77) Metaspace: 17340K(17472K)->17340K(17472K) NonClass: 15540K(15616K)->15540K(15616K) Class: 1799K(1856K)->1799K(1856K)
[37.557s][info][gc          ] GC(77) Pause Young (Normal) (G1 Evacuation Pause) 755M->654M(978M) 87.432ms
[37.557s][info][gc,cpu      ] GC(77) User=0.17s Sys=0.00s Real=0.09s
[37.822s][info][gc,marking  ] GC(73) Concurrent Rebuild Remembered Sets and Scrub Regions 679.348ms
[37.822s][info][gc,start    ] GC(73) Pause Cleanup
[37.822s][info][gc          ] GC(73) Pause Cleanup 761M->761M(978M) 0.190ms
[37.822s][info][gc,cpu      ] GC(73) User=0.00s Sys=0.00s Real=0.00s
[37.824s][info][gc,marking  ] GC(73) Concurrent Clear Claimed Marks
[37.824s][info][gc,marking  ] GC(73) Concurrent Clear Claimed Marks 0.047ms
[37.824s][info][gc,marking  ] GC(73) Concurrent Cleanup for Next Mark
[37.829s][info][gc,marking  ] GC(73) Concurrent Cleanup for Next Mark 5.729ms
[37.829s][info][gc          ] GC(73) Concurrent Mark Cycle 2636.155ms
[37.974s][info][gc,start    ] GC(78) Pause Young (Prepare Mixed) (G1 Evacuation Pause)
[37.974s][info][gc,task     ] GC(78) Using 2 workers of 2 for evacuation
[38.009s][info][gc,phases   ] GC(78)   Pre Evacuate Collection Set: 0.52ms
[38.009s][info][gc,phases   ] GC(78)   Merge Heap Roots: 0.22ms
[38.009s][info][gc,phases   ] GC(78)   Evacuate Collection Set: 33.13ms
[38.009s][info][gc,phases   ] GC(78)   Post Evacuate Collection Set: 0.52ms
[38.009s][info][gc,phases   ] GC(78)   Other: 0.09ms
[38.009s][info][gc,heap     ] GC(78) Eden regions: 201->0(213)
[38.009s][info][gc,heap     ] GC(78) Survivor regions: 20->5(28)
[38.009s][info][gc,heap     ] GC(78) Old regions: 627->648
[38.009s][info][gc,heap     ] GC(78) Humongous regions: 7->7
[38.009s][info][gc,metaspace] GC(78) Metaspace: 17345K(17472K)->17345K(17472K) NonClass: 15545K(15616K)->15545K(15616K) Class: 1799K(1856K)->1799K(1856K)
[38.009s][info][gc          ] GC(78) Pause Young (Prepare Mixed) (G1 Evacuation Pause) 855M->659M(978M) 34.764ms
[38.009s][info][gc,cpu      ] GC(78) User=0.06s Sys=0.00s Real=0.03s
[38.411s][info][gc,start    ] GC(79) Pause Young (Mixed) (G1 Evacuation Pause)
[38.411s][info][gc,task     ] GC(79) Using 2 workers of 2 for evacuation
[38.440s][info][gc,phases   ] GC(79)   Pre Evacuate Collection Set: 0.56ms
[38.440s][info][gc,phases   ] GC(79)   Merge Heap Roots: 0.46ms
[38.440s][info][gc,phases   ] GC(79)   Evacuate Collection Set: 26.94ms
[38.440s][info][gc,phases   ] GC(79)   Post Evacuate Collection Set: 0.59ms
[38.440s][info][gc,phases   ] GC(79)   Other: 0.14ms
[38.440s][info][gc,heap     ] GC(79) Eden regions: 213->0(292)
[38.440s][info][gc,heap     ] GC(79) Survivor regions: 5->10(28)
[38.440s][info][gc,heap     ] GC(79) Old regions: 648->551
[38.440s][info][gc,heap     ] GC(79) Humongous regions: 7->7
[38.440s][info][gc,metaspace] GC(79) Metaspace: 17346K(17472K)->17346K(17472K) NonClass: 15546K(15616K)->15546K(15616K) Class: 1799K(1856K)->1799K(1856K)
[38.440s][info][gc          ] GC(79) Pause Young (Mixed) (G1 Evacuation Pause) 872M->567M(978M) 28.948ms
[38.440s][info][gc,cpu      ] GC(79) User=0.06s Sys=0.00s Real=0.02s
[39.241s][info][gc,start    ] GC(80) Pause Young (Concurrent Start) (G1 Evacuation Pause)
[39.241s][info][gc,task     ] GC(80) Using 2 workers of 2 for evacuation
[39.297s][info][gc,phases   ] GC(80)   Pre Evacuate Collection Set: 0.38ms
[39.297s][info][gc,phases   ] GC(80)   Merge Heap Roots: 0.32ms
[39.297s][info][gc,phases   ] GC(80)   Evacuate Collection Set: 54.55ms
[39.297s][info][gc,phases   ] GC(80)   Post Evacuate Collection Set: 0.62ms
[39.297s][info][gc,phases   ] GC(80)   Other: 0.23ms
[39.297s][info][gc,heap     ] GC(80) Eden regions: 292->0(274)
[39.297s][info][gc,heap     ] GC(80) Survivor regions: 10->38(38)
[39.297s][info][gc,heap     ] GC(80) Old regions: 551->551
[39.297s][info][gc,heap     ] GC(80) Humongous regions: 7->7
[39.297s][info][gc,metaspace] GC(80) Metaspace: 17351K(17472K)->17351K(17472K) NonClass: 15550K(15616K)->15550K(15616K) Class: 1800K(1856K)->1800K(1856K)
[39.297s][info][gc          ] GC(80) Pause Young (Concurrent Start) (G1 Evacuation Pause) 859M->595M(978M) 56.367ms
[39.297s][info][gc          ] GC(81) Concurrent Mark Cycle
[39.297s][info][gc,marking  ] GC(81) Concurrent Scan Root Regions
[39.299s][info][gc,cpu      ] GC(80) User=0.11s Sys=0.00s Real=0.05s
[39.377s][info][gc,marking  ] GC(81) Concurrent Scan Root Regions 80.122ms
[39.378s][info][gc,marking  ] GC(81) Concurrent Mark
[39.378s][info][gc,marking  ] GC(81) Concurrent Mark From Roots
[39.378s][info][gc,task     ] GC(81) Using 1 workers of 1 for marking
[40.705s][info][gc,start    ] GC(82) Pause Young (Normal) (G1 Evacuation Pause)
[40.706s][info][gc,task     ] GC(82) Using 2 workers of 2 for evacuation
[40.755s][info][gc,phases   ] GC(82)   Pre Evacuate Collection Set: 1.32ms
[40.755s][info][gc,phases   ] GC(82)   Merge Heap Roots: 0.33ms
[40.755s][info][gc,phases   ] GC(82)   Evacuate Collection Set: 47.63ms
[40.756s][info][gc,phases   ] GC(82)   Post Evacuate Collection Set: 0.54ms
[40.756s][info][gc,phases   ] GC(82)   Other: 0.12ms
[40.756s][info][gc,heap     ] GC(82) Eden regions: 274->0(292)
[40.756s][info][gc,heap     ] GC(82) Survivor regions: 38->1(39)
[40.756s][info][gc,heap     ] GC(82) Old regions: 551->589
[40.756s][info][gc,heap     ] GC(82) Humongous regions: 7->7
[40.756s][info][gc,metaspace] GC(82) Metaspace: 17351K(17472K)->17351K(17472K) NonClass: 15551K(15616K)->15551K(15616K) Class: 1800K(1856K)->1800K(1856K)
[40.756s][info][gc          ] GC(82) Pause Young (Normal) (G1 Evacuation Pause) 869M->596M(978M) 50.250ms
[40.756s][info][gc,cpu      ] GC(82) User=0.10s Sys=0.00s Real=0.05s
[41.371s][info][gc,marking  ] GC(81) Concurrent Mark From Roots 1993.841ms
[41.371s][info][gc,marking  ] GC(81) Concurrent Preclean
[41.371s][info][gc,marking  ] GC(81) Concurrent Preclean 0.045ms
[41.372s][info][gc,start    ] GC(81) Pause Remark
[41.379s][info][gc          ] GC(81) Pause Remark 736M->735M(978M) 7.635ms
[41.379s][info][gc,cpu      ] GC(81) User=0.02s Sys=0.00s Real=0.00s
[41.381s][info][gc,marking  ] GC(81) Concurrent Mark 2003.960ms
[41.382s][info][gc,marking  ] GC(81) Concurrent Rebuild Remembered Sets and Scrub Regions
[42.082s][info][gc,start    ] GC(83) Pause Young (Normal) (G1 Evacuation Pause)
[42.082s][info][gc,task     ] GC(83) Using 2 workers of 2 for evacuation
[42.097s][info][gc,phases   ] GC(83)   Pre Evacuate Collection Set: 0.34ms
[42.097s][info][gc,phases   ] GC(83)   Merge Heap Roots: 0.42ms
[42.097s][info][gc,phases   ] GC(83)   Evacuate Collection Set: 13.30ms
[42.097s][info][gc,phases   ] GC(83)   Post Evacuate Collection Set: 0.55ms
[42.097s][info][gc,phases   ] GC(83)   Other: 0.10ms
[42.097s][info][gc,heap     ] GC(83) Eden regions: 292->0(307)
[42.097s][info][gc,heap     ] GC(83) Survivor regions: 1->1(37)
[42.097s][info][gc,heap     ] GC(83) Old regions: 589->589
[42.097s][info][gc,heap     ] GC(83) Humongous regions: 6->6
[42.097s][info][gc,metaspace] GC(83) Metaspace: 17352K(17472K)->17352K(17472K) NonClass: 15551K(15616K)->15551K(15616K) Class: 1800K(1856K)->1800K(1856K)
[42.097s][info][gc          ] GC(83) Pause Young (Normal) (G1 Evacuation Pause) 887M->595M(978M) 14.959ms
[42.097s][info][gc,cpu      ] GC(83) User=0.02s Sys=0.00s Real=0.01s
[42.147s][info][gc,marking  ] GC(81) Concurrent Rebuild Remembered Sets and Scrub Regions 765.185ms
[42.147s][info][gc,start    ] GC(81) Pause Cleanup
[42.147s][info][gc          ] GC(81) Pause Cleanup 606M->606M(978M) 0.123ms
[42.147s][info][gc,cpu      ] GC(81) User=0.00s Sys=0.00s Real=0.00s
[42.148s][info][gc,marking  ] GC(81) Concurrent Clear Claimed Marks
[42.148s][info][gc,marking  ] GC(81) Concurrent Clear Claimed Marks 0.036ms
[42.148s][info][gc,marking  ] GC(81) Concurrent Cleanup for Next Mark
[42.152s][info][gc,marking  ] GC(81) Concurrent Cleanup for Next Mark 4.097ms
[42.152s][info][gc          ] GC(81) Concurrent Mark Cycle 2854.546ms
[42.756s][info][gc,start    ] GC(84) Pause Young (Prepare Mixed) (G1 Evacuation Pause)
[42.756s][info][gc,task     ] GC(84) Using 2 workers of 2 for evacuation
[42.816s][info][gc,phases   ] GC(84)   Pre Evacuate Collection Set: 0.34ms
[42.816s][info][gc,phases   ] GC(84)   Merge Heap Roots: 0.16ms
[42.816s][info][gc,phases   ] GC(84)   Evacuate Collection Set: 58.36ms
[42.816s][info][gc,phases   ] GC(84)   Post Evacuate Collection Set: 0.76ms
[42.816s][info][gc,phases   ] GC(84)   Other: 0.09ms
[42.816s][info][gc,heap     ] GC(84) Eden regions: 307->0(199)
[42.816s][info][gc,heap     ] GC(84) Survivor regions: 1->39(39)
[42.816s][info][gc,heap     ] GC(84) Old regions: 589->608
[42.816s][info][gc,heap     ] GC(84) Humongous regions: 6->6
[42.816s][info][gc,metaspace] GC(84) Metaspace: 17352K(17472K)->17352K(17472K) NonClass: 15552K(15616K)->15552K(15616K) Class: 1800K(1856K)->1800K(1856K)
[42.816s][info][gc          ] GC(84) Pause Young (Prepare Mixed) (G1 Evacuation Pause) 902M->652M(978M) 59.986ms
[42.816s][info][gc,cpu      ] GC(84) User=0.11s Sys=0.00s Real=0.06s
[43.257s][info][gc,start    ] GC(85) Pause Young (Mixed) (G1 Evacuation Pause)
[43.257s][info][gc,task     ] GC(85) Using 2 workers of 2 for evacuation
[43.350s][info][gc,phases   ] GC(85)   Pre Evacuate Collection Set: 0.58ms
[43.350s][info][gc,phases   ] GC(85)   Merge Heap Roots: 0.43ms
[43.350s][info][gc,phases   ] GC(85)   Evacuate Collection Set: 91.19ms
[43.350s][info][gc,phases   ] GC(85)   Post Evacuate Collection Set: 0.63ms
[43.350s][info][gc,phases   ] GC(85)   Other: 0.09ms
[43.350s][info][gc,heap     ] GC(85) Eden regions: 231->0(209)
[43.350s][info][gc,heap     ] GC(85) Survivor regions: 39->33(34)
[43.350s][info][gc,heap     ] GC(85) Old regions: 608->637
[43.350s][info][gc,heap     ] GC(85) Humongous regions: 9->9
[43.350s][info][gc,metaspace] GC(85) Metaspace: 17353K(17472K)->17353K(17472K) NonClass: 15553K(15616K)->15553K(15616K) Class: 1800K(1856K)->1800K(1856K)
[43.350s][info][gc          ] GC(85) Pause Young (Mixed) (G1 Evacuation Pause) 886M->678M(978M) 93.207ms
[43.350s][info][gc,cpu      ] GC(85) User=0.18s Sys=0.00s Real=0.09s
[43.641s][info][gc,start    ] GC(86) Pause Young (Concurrent Start) (G1 Evacuation Pause)
[43.641s][info][gc,task     ] GC(86) Using 2 workers of 2 for evacuation
[43.760s][info][gc,phases   ] GC(86)   Pre Evacuate Collection Set: 0.38ms
[43.760s][info][gc,phases   ] GC(86)   Merge Heap Roots: 0.62ms
[43.760s][info][gc,phases   ] GC(86)   Evacuate Collection Set: 117.05ms
[43.760s][info][gc,phases   ] GC(86)   Post Evacuate Collection Set: 0.57ms
[43.760s][info][gc,phases   ] GC(86)   Other: 0.23ms
[43.760s][info][gc,heap     ] GC(86) Eden regions: 209->0(169)
[43.760s][info][gc,heap     ] GC(86) Survivor regions: 33->31(31)
[43.760s][info][gc,heap     ] GC(86) Old regions: 637->683
[43.760s][info][gc,heap     ] GC(86) Humongous regions: 9->9
[43.760s][info][gc,metaspace] GC(86) Metaspace: 17353K(17472K)->17353K(17472K) NonClass: 15553K(15616K)->15553K(15616K) Class: 1800K(1856K)->1800K(1856K)
[43.760s][info][gc          ] GC(86) Pause Young (Concurrent Start) (G1 Evacuation Pause) 887M->722M(978M) 119.128ms
[43.760s][info][gc          ] GC(87) Concurrent Mark Cycle
[43.760s][info][gc,marking  ] GC(87) Concurrent Scan Root Regions
[43.760s][info][gc,cpu      ] GC(86) User=0.23s Sys=0.00s Real=0.12s
[43.870s][info][gc,marking  ] GC(87) Concurrent Scan Root Regions 110.486ms
[43.870s][info][gc,marking  ] GC(87) Concurrent Mark
[43.870s][info][gc,marking  ] GC(87) Concurrent Mark From Roots
[43.870s][info][gc,task     ] GC(87) Using 1 workers of 1 for marking
[44.086s][info][gc,start    ] GC(88) Pause Young (Normal) (G1 Evacuation Pause)
[44.086s][info][gc,task     ] GC(88) Using 2 workers of 2 for evacuation
[44.140s][info][gc,phases   ] GC(88)   Pre Evacuate Collection Set: 0.36ms
[44.140s][info][gc,phases   ] GC(88)   Merge Heap Roots: 0.38ms
[44.140s][info][gc,phases   ] GC(88)   Evacuate Collection Set: 53.19ms
[44.140s][info][gc,phases   ] GC(88)   Post Evacuate Collection Set: 0.46ms
[44.140s][info][gc,phases   ] GC(88)   Other: 0.08ms
[44.140s][info][gc,heap     ] GC(88) Eden regions: 169->0(177)
[44.140s][info][gc,heap     ] GC(88) Survivor regions: 31->5(25)
[44.140s][info][gc,heap     ] GC(88) Old regions: 683->714
[44.140s][info][gc,heap     ] GC(88) Humongous regions: 9->9
[44.140s][info][gc,metaspace] GC(88) Metaspace: 17354K(17472K)->17354K(17472K) NonClass: 15554K(15616K)->15554K(15616K) Class: 1800K(1856K)->1800K(1856K)
[44.140s][info][gc          ] GC(88) Pause Young (Normal) (G1 Evacuation Pause) 891M->727M(978M) 54.737ms
[44.140s][info][gc,cpu      ] GC(88) User=0.10s Sys=0.00s Real=0.06s
[44.601s][info][gc,start    ] GC(89) Pause Young (Normal) (G1 Evacuation Pause)
[44.601s][info][gc,task     ] GC(89) Using 2 workers of 2 for evacuation
[44.621s][info][gc,phases   ] GC(89)   Pre Evacuate Collection Set: 0.30ms
[44.621s][info][gc,phases   ] GC(89)   Merge Heap Roots: 0.25ms
[44.621s][info][gc,phases   ] GC(89)   Evacuate Collection Set: 19.43ms
[44.621s][info][gc,phases   ] GC(89)   Post Evacuate Collection Set: 0.43ms
[44.621s][info][gc,phases   ] GC(89)   Other: 0.08ms
[44.621s][info][gc,heap     ] GC(89) Eden regions: 177->0(185)
[44.621s][info][gc,heap     ] GC(89) Survivor regions: 5->8(23)
[44.621s][info][gc,heap     ] GC(89) Old regions: 714->714
[44.621s][info][gc,heap     ] GC(89) Humongous regions: 9->9
[44.621s][info][gc,metaspace] GC(89) Metaspace: 17356K(17472K)->17356K(17472K) NonClass: 15556K(15616K)->15556K(15616K) Class: 1800K(1856K)->1800K(1856K)
[44.621s][info][gc          ] GC(89) Pause Young (Normal) (G1 Evacuation Pause) 904M->731M(978M) 20.759ms
[44.621s][info][gc,cpu      ] GC(89) User=0.04s Sys=0.00s Real=0.02s
[45.081s][info][gc,start    ] GC(90) Pause Young (Normal) (G1 Evacuation Pause)
[45.082s][info][gc,task     ] GC(90) Using 2 workers of 2 for evacuation
[45.117s][info][gc,phases   ] GC(90)   Pre Evacuate Collection Set: 0.31ms
[45.117s][info][gc,phases   ] GC(90)   Merge Heap Roots: 0.19ms
[45.117s][info][gc,phases   ] GC(90)   Evacuate Collection Set: 34.30ms
[45.117s][info][gc,phases   ] GC(90)   Post Evacuate Collection Set: 0.51ms
[45.117s][info][gc,phases   ] GC(90)   Other: 0.09ms
[45.117s][info][gc,heap     ] GC(90) Eden regions: 185->0(154)
[45.117s][info][gc,heap     ] GC(90) Survivor regions: 8->25(25)
[45.117s][info][gc,heap     ] GC(90) Old regions: 714->715
[45.117s][info][gc,heap     ] GC(90) Humongous regions: 9->9
[45.117s][info][gc,metaspace] GC(90) Metaspace: 17371K(17600K)->17371K(17600K) NonClass: 15570K(15744K)->15570K(15744K) Class: 1801K(1856K)->1801K(1856K)
[45.117s][info][gc          ] GC(90) Pause Young (Normal) (G1 Evacuation Pause) 916M->748M(978M) 35.645ms
[45.117s][info][gc,cpu      ] GC(90) User=0.07s Sys=0.00s Real=0.03s
[45.478s][info][gc,start    ] GC(91) Pause Young (Normal) (G1 Evacuation Pause)
[45.479s][info][gc,task     ] GC(91) Using 2 workers of 2 for evacuation
[45.542s][info][gc,phases   ] GC(91)   Pre Evacuate Collection Set: 0.31ms
[45.542s][info][gc,phases   ] GC(91)   Merge Heap Roots: 0.22ms
[45.542s][info][gc,phases   ] GC(91)   Evacuate Collection Set: 62.61ms
[45.542s][info][gc,phases   ] GC(91)   Post Evacuate Collection Set: 0.48ms
[45.542s][info][gc,phases   ] GC(91)   Other: 0.09ms
[45.542s][info][gc,heap     ] GC(91) Eden regions: 154->0(132)
[45.542s][info][gc,heap     ] GC(91) Survivor regions: 25->23(23)
[45.542s][info][gc,heap     ] GC(91) Old regions: 715->741
[45.542s][info][gc,heap     ] GC(91) Humongous regions: 9->9
[45.542s][info][gc,metaspace] GC(91) Metaspace: 17395K(17600K)->17395K(17600K) NonClass: 15592K(15744K)->15592K(15744K) Class: 1802K(1856K)->1802K(1856K)
[45.542s][info][gc          ] GC(91) Pause Young (Normal) (G1 Evacuation Pause) 902M->772M(978M) 63.980ms
[45.542s][info][gc,cpu      ] GC(91) User=0.13s Sys=0.00s Real=0.07s
[45.667s][info][gc,marking  ] GC(87) Concurrent Mark From Roots 1796.488ms
[45.667s][info][gc,marking  ] GC(87) Concurrent Preclean
[45.667s][info][gc,marking  ] GC(87) Concurrent Preclean 0.059ms
[45.667s][info][gc,start    ] GC(87) Pause Remark
[45.682s][info][gc          ] GC(87) Pause Remark 822M->675M(978M) 14.556ms
[45.682s][info][gc,cpu      ] GC(87) User=0.03s Sys=0.00s Real=0.02s
[45.682s][info][gc,marking  ] GC(87) Concurrent Mark 1811.552ms
[45.682s][info][gc,marking  ] GC(87) Concurrent Rebuild Remembered Sets and Scrub Regions
[45.963s][info][gc,start    ] GC(92) Pause Young (Normal) (G1 Evacuation Pause)
[45.963s][info][gc,task     ] GC(92) Using 2 workers of 2 for evacuation
[46.027s][info][gc,phases   ] GC(92)   Pre Evacuate Collection Set: 0.63ms
[46.027s][info][gc,phases   ] GC(92)   Merge Heap Roots: 0.41ms
[46.027s][info][gc,phases   ] GC(92)   Evacuate Collection Set: 62.03ms
[46.027s][info][gc,phases   ] GC(92)   Post Evacuate Collection Set: 0.57ms
[46.027s][info][gc,phases   ] GC(92)   Other: 0.09ms
[46.027s][info][gc,heap     ] GC(92) Eden regions: 132->0(220)
[46.027s][info][gc,heap     ] GC(92) Survivor regions: 23->20(20)
[46.027s][info][gc,heap     ] GC(92) Old regions: 597->627
[46.027s][info][gc,heap     ] GC(92) Humongous regions: 6->6
[46.027s][info][gc,metaspace] GC(92) Metaspace: 17402K(17600K)->17402K(17600K) NonClass: 15599K(15744K)->15599K(15744K) Class: 1802K(1856K)->1802K(1856K)
[46.027s][info][gc          ] GC(92) Pause Young (Normal) (G1 Evacuation Pause) 757M->653M(978M) 64.046ms
[46.027s][info][gc,cpu      ] GC(92) User=0.13s Sys=0.00s Real=0.06s
[46.556s][info][gc,marking  ] GC(87) Concurrent Rebuild Remembered Sets and Scrub Regions 874.013ms
[46.556s][info][gc,start    ] GC(87) Pause Cleanup
[46.556s][info][gc          ] GC(87) Pause Cleanup 776M->776M(978M) 0.138ms
[46.556s][info][gc,cpu      ] GC(87) User=0.00s Sys=0.00s Real=0.00s
[46.558s][info][gc,marking  ] GC(87) Concurrent Clear Claimed Marks
[46.558s][info][gc,marking  ] GC(87) Concurrent Clear Claimed Marks 0.052ms
[46.559s][info][gc,marking  ] GC(87) Concurrent Cleanup for Next Mark
[46.566s][info][gc,marking  ] GC(87) Concurrent Cleanup for Next Mark 7.038ms
[46.566s][info][gc          ] GC(87) Concurrent Mark Cycle 2805.876ms
[46.683s][info][gc,start    ] GC(93) Pause Young (Prepare Mixed) (G1 Evacuation Pause)
[46.683s][info][gc,task     ] GC(93) Using 2 workers of 2 for evacuation
[46.736s][info][gc,phases   ] GC(93)   Pre Evacuate Collection Set: 0.33ms
[46.736s][info][gc,phases   ] GC(93)   Merge Heap Roots: 0.31ms
[46.736s][info][gc,phases   ] GC(93)   Evacuate Collection Set: 52.34ms
[46.737s][info][gc,phases   ] GC(93)   Post Evacuate Collection Set: 0.59ms
[46.737s][info][gc,phases   ] GC(93)   Other: 0.09ms
[46.737s][info][gc,heap     ] GC(93) Eden regions: 220->0(211)
[46.737s][info][gc,heap     ] GC(93) Survivor regions: 20->26(30)
[46.737s][info][gc,heap     ] GC(93) Old regions: 627->641
[46.737s][info][gc,heap     ] GC(93) Humongous regions: 6->6
[46.737s][info][gc,metaspace] GC(93) Metaspace: 17437K(17600K)->17437K(17600K) NonClass: 15631K(15744K)->15631K(15744K) Class: 1806K(1856K)->1806K(1856K)
[46.737s][info][gc          ] GC(93) Pause Young (Prepare Mixed) (G1 Evacuation Pause) 873M->673M(978M) 53.927ms
[46.737s][info][gc,cpu      ] GC(93) User=0.11s Sys=0.00s Real=0.05s
[47.358s][info][gc,start    ] GC(94) Pause Young (Mixed) (G1 Evacuation Pause)
[47.358s][info][gc,task     ] GC(94) Using 2 workers of 2 for evacuation
[47.398s][info][gc,phases   ] GC(94)   Pre Evacuate Collection Set: 0.39ms
[47.398s][info][gc,phases   ] GC(94)   Merge Heap Roots: 0.22ms
[47.398s][info][gc,phases   ] GC(94)   Evacuate Collection Set: 38.53ms
[47.398s][info][gc,phases   ] GC(94)   Post Evacuate Collection Set: 0.58ms
[47.398s][info][gc,phases   ] GC(94)   Other: 0.11ms
[47.398s][info][gc,heap     ] GC(94) Eden regions: 211->0(234)
[47.398s][info][gc,heap     ] GC(94) Survivor regions: 26->5(30)
[47.398s][info][gc,heap     ] GC(94) Old regions: 641->637
[47.398s][info][gc,heap     ] GC(94) Humongous regions: 6->6
[47.398s][info][gc,metaspace] GC(94) Metaspace: 17475K(17600K)->17475K(17600K) NonClass: 15669K(15744K)->15669K(15744K) Class: 1806K(1856K)->1806K(1856K)
[47.398s][info][gc          ] GC(94) Pause Young (Mixed) (G1 Evacuation Pause) 884M->647M(978M) 40.089ms
[47.398s][info][gc,cpu      ] GC(94) User=0.07s Sys=0.00s Real=0.04s
[47.873s][info][gc,start    ] GC(95) Pause Young (Concurrent Start) (G1 Evacuation Pause)
[47.873s][info][gc,task     ] GC(95) Using 2 workers of 2 for evacuation
[47.900s][info][gc,phases   ] GC(95)   Pre Evacuate Collection Set: 0.35ms
[47.900s][info][gc,phases   ] GC(95)   Merge Heap Roots: 0.15ms
[47.900s][info][gc,phases   ] GC(95)   Evacuate Collection Set: 25.87ms
[47.900s][info][gc,phases   ] GC(95)   Post Evacuate Collection Set: 0.54ms
[47.900s][info][gc,phases   ] GC(95)   Other: 0.13ms
[47.900s][info][gc,heap     ] GC(95) Eden regions: 234->0(229)
[47.900s][info][gc,heap     ] GC(95) Survivor regions: 5->21(30)
[47.900s][info][gc,heap     ] GC(95) Old regions: 637->637
[47.900s][info][gc,heap     ] GC(95) Humongous regions: 6->6
[47.900s][info][gc,metaspace] GC(95) Metaspace: 17479K(17600K)->17479K(17600K) NonClass: 15673K(15744K)->15673K(15744K) Class: 1806K(1856K)->1806K(1856K)
[47.901s][info][gc          ] GC(95) Pause Young (Concurrent Start) (G1 Evacuation Pause) 881M->663M(978M) 27.354ms
[47.901s][info][gc,cpu      ] GC(95) User=0.05s Sys=0.00s Real=0.03s
[47.901s][info][gc          ] GC(96) Concurrent Mark Cycle
[47.901s][info][gc,marking  ] GC(96) Concurrent Scan Root Regions
[47.935s][info][gc,marking  ] GC(96) Concurrent Scan Root Regions 34.779ms
[47.935s][info][gc,marking  ] GC(96) Concurrent Mark
[47.935s][info][gc,marking  ] GC(96) Concurrent Mark From Roots
[47.936s][info][gc,task     ] GC(96) Using 1 workers of 1 for marking
[48.474s][info][gc,start    ] GC(97) Pause Young (Normal) (G1 Evacuation Pause)
[48.474s][info][gc,task     ] GC(97) Using 2 workers of 2 for evacuation
[48.562s][info][gc,phases   ] GC(97)   Pre Evacuate Collection Set: 0.34ms
[48.562s][info][gc,phases   ] GC(97)   Merge Heap Roots: 0.16ms
[48.562s][info][gc,phases   ] GC(97)   Evacuate Collection Set: 86.60ms
[48.562s][info][gc,phases   ] GC(97)   Post Evacuate Collection Set: 0.71ms
[48.562s][info][gc,phases   ] GC(97)   Other: 0.10ms
[48.562s][info][gc,heap     ] GC(97) Eden regions: 229->0(166)
[48.562s][info][gc,heap     ] GC(97) Survivor regions: 21->32(32)
[48.562s][info][gc,heap     ] GC(97) Old regions: 637->683
[48.562s][info][gc,heap     ] GC(97) Humongous regions: 6->6
[48.562s][info][gc,metaspace] GC(97) Metaspace: 17480K(17600K)->17480K(17600K) NonClass: 15674K(15744K)->15674K(15744K) Class: 1806K(1856K)->1806K(1856K)
[48.562s][info][gc          ] GC(97) Pause Young (Normal) (G1 Evacuation Pause) 892M->721M(978M) 88.215ms
[48.562s][info][gc,cpu      ] GC(97) User=0.17s Sys=0.00s Real=0.09s
[48.996s][info][gc,start    ] GC(98) Pause Young (Normal) (G1 Evacuation Pause)
[48.996s][info][gc,task     ] GC(98) Using 2 workers of 2 for evacuation
[49.056s][info][gc,phases   ] GC(98)   Pre Evacuate Collection Set: 0.56ms
[49.056s][info][gc,phases   ] GC(98)   Merge Heap Roots: 0.37ms
[49.056s][info][gc,phases   ] GC(98)   Evacuate Collection Set: 58.50ms
[49.056s][info][gc,phases   ] GC(98)   Post Evacuate Collection Set: 0.52ms
[49.056s][info][gc,phases   ] GC(98)   Other: 0.11ms
[49.056s][info][gc,heap     ] GC(98) Eden regions: 166->0(156)
[49.056s][info][gc,heap     ] GC(98) Survivor regions: 32->21(25)
[49.056s][info][gc,heap     ] GC(98) Old regions: 683->716
[49.056s][info][gc,heap     ] GC(98) Humongous regions: 6->6
[49.056s][info][gc,metaspace] GC(98) Metaspace: 17480K(17600K)->17480K(17600K) NonClass: 15674K(15744K)->15674K(15744K) Class: 1806K(1856K)->1806K(1856K)
[49.056s][info][gc          ] GC(98) Pause Young (Normal) (G1 Evacuation Pause) 887M->742M(978M) 60.330ms
[49.056s][info][gc,cpu      ] GC(98) User=0.12s Sys=0.00s Real=0.06s
[49.594s][info][gc,start    ] GC(99) Pause Young (Normal) (G1 Evacuation Pause)
[49.594s][info][gc,task     ] GC(99) Using 2 workers of 2 for evacuation
[49.675s][info][gc,phases   ] GC(99)   Pre Evacuate Collection Set: 0.33ms
[49.675s][info][gc,phases   ] GC(99)   Merge Heap Roots: 0.35ms
[49.675s][info][gc,phases   ] GC(99)   Evacuate Collection Set: 79.07ms
[49.675s][info][gc,phases   ] GC(99)   Post Evacuate Collection Set: 0.58ms
[49.675s][info][gc,phases   ] GC(99)   Other: 0.11ms
[49.675s][info][gc,heap     ] GC(99) Eden regions: 156->0(124)
[49.675s][info][gc,heap     ] GC(99) Survivor regions: 21->23(23)
[49.675s][info][gc,heap     ] GC(99) Old regions: 716->747
[49.675s][info][gc,heap     ] GC(99) Humongous regions: 9->9
[49.675s][info][gc,metaspace] GC(99) Metaspace: 17481K(17600K)->17481K(17600K) NonClass: 15675K(15744K)->15675K(15744K) Class: 1806K(1856K)->1806K(1856K)
[49.675s][info][gc          ] GC(99) Pause Young (Normal) (G1 Evacuation Pause) 901M->779M(978M) 80.725ms
[49.675s][info][gc,cpu      ] GC(99) User=0.16s Sys=0.00s Real=0.08s
[49.719s][info][gc,marking  ] GC(96) Concurrent Mark From Roots 1783.395ms
[49.719s][info][gc,marking  ] GC(96) Concurrent Preclean
[49.719s][info][gc,marking  ] GC(96) Concurrent Preclean 0.025ms
[49.719s][info][gc,start    ] GC(96) Pause Remark
[49.727s][info][gc          ] GC(96) Pause Remark 793M->657M(978M) 7.758ms
[49.727s][info][gc,cpu      ] GC(96) User=0.01s Sys=0.00s Real=0.01s
[49.727s][info][gc,marking  ] GC(96) Concurrent Mark 1791.494ms
[49.727s][info][gc,marking  ] GC(96) Concurrent Rebuild Remembered Sets and Scrub Regions
[49.978s][info][gc,start    ] GC(100) Pause Young (Normal) (G1 Evacuation Pause)
[49.978s][info][gc,task     ] GC(100) Using 2 workers of 2 for evacuation
[50.046s][info][gc,phases   ] GC(100)   Pre Evacuate Collection Set: 0.56ms
[50.046s][info][gc,phases   ] GC(100)   Merge Heap Roots: 0.50ms
[50.046s][info][gc,phases   ] GC(100)   Evacuate Collection Set: 66.36ms
[50.046s][info][gc,phases   ] GC(100)   Post Evacuate Collection Set: 0.43ms
[50.046s][info][gc,phases   ] GC(100)   Other: 0.09ms
[50.046s][info][gc,heap     ] GC(100) Eden regions: 124->0(206)
[50.046s][info][gc,heap     ] GC(100) Survivor regions: 23->19(19)
[50.046s][info][gc,heap     ] GC(100) Old regions: 613->639
[50.046s][info][gc,heap     ] GC(100) Humongous regions: 7->7
[50.046s][info][gc,metaspace] GC(100) Metaspace: 17481K(17600K)->17481K(17600K) NonClass: 15675K(15744K)->15675K(15744K) Class: 1806K(1856K)->1806K(1856K)
[50.046s][info][gc          ] GC(100) Pause Young (Normal) (G1 Evacuation Pause) 767M->665M(978M) 68.237ms
[50.046s][info][gc,cpu      ] GC(100) User=0.13s Sys=0.00s Real=0.07s
[50.327s][info][gc,marking  ] GC(96) Concurrent Rebuild Remembered Sets and Scrub Regions 600.375ms
[50.328s][info][gc,start    ] GC(96) Pause Cleanup
[50.328s][info][gc          ] GC(96) Pause Cleanup 800M->800M(978M) 0.185ms
[50.328s][info][gc,cpu      ] GC(96) User=0.00s Sys=0.00s Real=0.00s
[50.329s][info][gc,marking  ] GC(96) Concurrent Clear Claimed Marks
[50.329s][info][gc,marking  ] GC(96) Concurrent Clear Claimed Marks 0.048ms
[50.329s][info][gc,marking  ] GC(96) Concurrent Cleanup for Next Mark
[50.333s][info][gc,marking  ] GC(96) Concurrent Cleanup for Next Mark 4.642ms
[50.333s][info][gc          ] GC(96) Concurrent Mark Cycle 2432.929ms
[50.403s][info][gc,start    ] GC(101) Pause Young (Prepare Mixed) (G1 Evacuation Pause)
[50.403s][info][gc,task     ] GC(101) Using 2 workers of 2 for evacuation
[50.438s][info][gc,phases   ] GC(101)   Pre Evacuate Collection Set: 0.31ms
[50.438s][info][gc,phases   ] GC(101)   Merge Heap Roots: 0.20ms
[50.438s][info][gc,phases   ] GC(101)   Evacuate Collection Set: 33.37ms
[50.438s][info][gc,phases   ] GC(101)   Post Evacuate Collection Set: 0.49ms
[50.438s][info][gc,phases   ] GC(101)   Other: 0.12ms
[50.438s][info][gc,heap     ] GC(101) Eden regions: 206->0(216)
[50.438s][info][gc,heap     ] GC(101) Survivor regions: 19->6(29)
[50.438s][info][gc,heap     ] GC(101) Old regions: 639->659
[50.438s][info][gc,heap     ] GC(101) Humongous regions: 7->7
[50.438s][info][gc,metaspace] GC(101) Metaspace: 17481K(17600K)->17481K(17600K) NonClass: 15675K(15744K)->15675K(15744K) Class: 1806K(1856K)->1806K(1856K)
[50.438s][info][gc          ] GC(101) Pause Young (Prepare Mixed) (G1 Evacuation Pause) 871M->671M(978M) 34.750ms
[50.438s][info][gc,cpu      ] GC(101) User=0.06s Sys=0.01s Real=0.03s
[50.695s][info][gc,start    ] GC(102) Pause Young (Mixed) (G1 Evacuation Pause)
[50.695s][info][gc,task     ] GC(102) Using 2 workers of 2 for evacuation
[50.722s][info][gc,phases   ] GC(102)   Pre Evacuate Collection Set: 0.59ms
[50.722s][info][gc,phases   ] GC(102)   Merge Heap Roots: 0.45ms
[50.722s][info][gc,phases   ] GC(102)   Evacuate Collection Set: 25.39ms
[50.722s][info][gc,phases   ] GC(102)   Post Evacuate Collection Set: 0.58ms
[50.722s][info][gc,phases   ] GC(102)   Other: 0.12ms
[50.722s][info][gc,heap     ] GC(102) Eden regions: 216->0(265)
[50.722s][info][gc,heap     ] GC(102) Survivor regions: 6->10(28)
[50.722s][info][gc,heap     ] GC(102) Old regions: 659->599
[50.722s][info][gc,heap     ] GC(102) Humongous regions: 7->7
[50.722s][info][gc,metaspace] GC(102) Metaspace: 17481K(17600K)->17481K(17600K) NonClass: 15675K(15744K)->15675K(15744K) Class: 1806K(1856K)->1806K(1856K)
[50.722s][info][gc          ] GC(102) Pause Young (Mixed) (G1 Evacuation Pause) 887M->616M(978M) 27.375ms
[50.722s][info][gc,cpu      ] GC(102) User=0.05s Sys=0.00s Real=0.03s
[51.281s][info][gc,start    ] GC(103) Pause Young (Concurrent Start) (G1 Evacuation Pause)
[51.282s][info][gc,task     ] GC(103) Using 2 workers of 2 for evacuation
[51.344s][info][gc,phases   ] GC(103)   Pre Evacuate Collection Set: 0.29ms
[51.344s][info][gc,phases   ] GC(103)   Merge Heap Roots: 0.53ms
[51.344s][info][gc,phases   ] GC(103)   Evacuate Collection Set: 61.12ms
[51.344s][info][gc,phases   ] GC(103)   Post Evacuate Collection Set: 0.60ms
[51.344s][info][gc,phases   ] GC(103)   Other: 0.14ms
[51.344s][info][gc,heap     ] GC(103) Eden regions: 265->0(243)
[51.344s][info][gc,heap     ] GC(103) Survivor regions: 10->35(35)
[51.344s][info][gc,heap     ] GC(103) Old regions: 599->602
[51.344s][info][gc,heap     ] GC(103) Humongous regions: 7->7
[51.344s][info][gc,metaspace] GC(103) Metaspace: 17482K(17600K)->17482K(17600K) NonClass: 15676K(15744K)->15676K(15744K) Class: 1806K(1856K)->1806K(1856K)
[51.344s][info][gc          ] GC(103) Pause Young (Concurrent Start) (G1 Evacuation Pause) 881M->644M(978M) 63.008ms
[51.344s][info][gc          ] GC(104) Concurrent Mark Cycle
[51.344s][info][gc,marking  ] GC(104) Concurrent Scan Root Regions
[51.345s][info][gc,cpu      ] GC(103) User=0.12s Sys=0.00s Real=0.06s
[51.427s][info][gc,marking  ] GC(104) Concurrent Scan Root Regions 82.820ms
[51.427s][info][gc,marking  ] GC(104) Concurrent Mark
[51.427s][info][gc,marking  ] GC(104) Concurrent Mark From Roots
[51.427s][info][gc,task     ] GC(104) Using 1 workers of 1 for marking
[52.270s][info][gc,start    ] GC(105) Pause Young (Normal) (G1 Evacuation Pause)
[52.270s][info][gc,task     ] GC(105) Using 2 workers of 2 for evacuation
[52.367s][info][gc,phases   ] GC(105)   Pre Evacuate Collection Set: 0.56ms
[52.367s][info][gc,phases   ] GC(105)   Merge Heap Roots: 0.25ms
[52.367s][info][gc,phases   ] GC(105)   Evacuate Collection Set: 95.05ms
[52.367s][info][gc,phases   ] GC(105)   Post Evacuate Collection Set: 0.66ms
[52.367s][info][gc,phases   ] GC(105)   Other: 0.11ms
[52.367s][info][gc,heap     ] GC(105) Eden regions: 243->0(198)
[52.367s][info][gc,heap     ] GC(105) Survivor regions: 35->35(35)
[52.367s][info][gc,heap     ] GC(105) Old regions: 602->649
[52.367s][info][gc,heap     ] GC(105) Humongous regions: 7->7
[52.367s][info][gc,metaspace] GC(105) Metaspace: 17482K(17600K)->17482K(17600K) NonClass: 15676K(15744K)->15676K(15744K) Class: 1806K(1856K)->1806K(1856K)
[52.367s][info][gc          ] GC(105) Pause Young (Normal) (G1 Evacuation Pause) 887M->690M(978M) 96.893ms
[52.367s][info][gc,cpu      ] GC(105) User=0.19s Sys=0.00s Real=0.10s
[52.867s][info][gc,marking  ] GC(104) Concurrent Mark From Roots 1440.083ms
[52.868s][info][gc,marking  ] GC(104) Concurrent Preclean
[52.868s][info][gc,marking  ] GC(104) Concurrent Preclean 0.038ms
[52.868s][info][gc,start    ] GC(104) Pause Remark
[52.876s][info][gc          ] GC(104) Pause Remark 808M->656M(978M) 8.349ms
[52.876s][info][gc,cpu      ] GC(104) User=0.01s Sys=0.00s Real=0.01s
[52.880s][info][gc,marking  ] GC(104) Concurrent Mark 1452.620ms
[52.880s][info][gc,marking  ] GC(104) Concurrent Rebuild Remembered Sets and Scrub Regions
[53.154s][info][gc,start    ] GC(106) Pause Young (Normal) (G1 Evacuation Pause)
[53.154s][info][gc,task     ] GC(106) Using 2 workers of 2 for evacuation
[53.210s][info][gc,phases   ] GC(106)   Pre Evacuate Collection Set: 0.56ms
[53.210s][info][gc,phases   ] GC(106)   Merge Heap Roots: 0.47ms
[53.210s][info][gc,phases   ] GC(106)   Evacuate Collection Set: 54.76ms
[53.210s][info][gc,phases   ] GC(106)   Post Evacuate Collection Set: 0.49ms
[53.210s][info][gc,phases   ] GC(106)   Other: 0.12ms
[53.210s][info][gc,heap     ] GC(106) Eden regions: 198->0(308)
[53.210s][info][gc,heap     ] GC(106) Survivor regions: 35->8(30)
[53.210s][info][gc,heap     ] GC(106) Old regions: 500->535
[53.210s][info][gc,heap     ] GC(106) Humongous regions: 5->5
[53.210s][info][gc,metaspace] GC(106) Metaspace: 17482K(17600K)->17482K(17600K) NonClass: 15676K(15744K)->15676K(15744K) Class: 1806K(1856K)->1806K(1856K)
[53.210s][info][gc          ] GC(106) Pause Young (Normal) (G1 Evacuation Pause) 737M->547M(978M) 56.693ms
[53.210s][info][gc,cpu      ] GC(106) User=0.10s Sys=0.00s Real=0.05s
[53.284s][info][gc,marking  ] GC(104) Concurrent Rebuild Remembered Sets and Scrub Regions 404.311ms
[53.285s][info][gc,start    ] GC(104) Pause Cleanup
[53.285s][info][gc          ] GC(104) Pause Cleanup 566M->566M(978M) 0.172ms
[53.285s][info][gc,cpu      ] GC(104) User=0.00s Sys=0.00s Real=0.00s
[53.286s][info][gc,marking  ] GC(104) Concurrent Clear Claimed Marks
[53.286s][info][gc,marking  ] GC(104) Concurrent Clear Claimed Marks 0.068ms
[53.286s][info][gc,marking  ] GC(104) Concurrent Cleanup for Next Mark
[53.293s][info][gc,marking  ] GC(104) Concurrent Cleanup for Next Mark 6.805ms
[53.293s][info][gc          ] GC(104) Concurrent Mark Cycle 1948.156ms
[53.639s][info][gc,start    ] GC(107) Pause Young (Prepare Mixed) (G1 Evacuation Pause)
[53.639s][info][gc,task     ] GC(107) Using 2 workers of 2 for evacuation
[53.682s][info][gc,phases   ] GC(107)   Pre Evacuate Collection Set: 0.31ms
[53.682s][info][gc,phases   ] GC(107)   Merge Heap Roots: 0.17ms
[53.682s][info][gc,phases   ] GC(107)   Evacuate Collection Set: 41.36ms
[53.682s][info][gc,phases   ] GC(107)   Post Evacuate Collection Set: 0.57ms
[53.682s][info][gc,phases   ] GC(107)   Other: 0.13ms
[53.682s][info][gc,heap     ] GC(107) Eden regions: 308->0(298)
[53.682s][info][gc,heap     ] GC(107) Survivor regions: 8->31(40)
[53.682s][info][gc,heap     ] GC(107) Old regions: 535->535
[53.682s][info][gc,heap     ] GC(107) Humongous regions: 5->5
[53.682s][info][gc,metaspace] GC(107) Metaspace: 17482K(17600K)->17482K(17600K) NonClass: 15676K(15744K)->15676K(15744K) Class: 1806K(1856K)->1806K(1856K)
[53.682s][info][gc          ] GC(107) Pause Young (Prepare Mixed) (G1 Evacuation Pause) 855M->570M(978M) 42.862ms
[53.682s][info][gc,cpu      ] GC(107) User=0.09s Sys=0.00s Real=0.05s
[54.408s][info][gc,start    ] GC(108) Pause Young (Mixed) (G1 Evacuation Pause)
[54.408s][info][gc,task     ] GC(108) Using 2 workers of 2 for evacuation
[54.478s][info][gc,phases   ] GC(108)   Pre Evacuate Collection Set: 0.38ms
[54.478s][info][gc,phases   ] GC(108)   Merge Heap Roots: 0.38ms
[54.478s][info][gc,phases   ] GC(108)   Evacuate Collection Set: 68.29ms
[54.478s][info][gc,phases   ] GC(108)   Post Evacuate Collection Set: 0.72ms
[54.478s][info][gc,phases   ] GC(108)   Other: 0.10ms
[54.478s][info][gc,heap     ] GC(108) Eden regions: 298->0(353)
[54.478s][info][gc,heap     ] GC(108) Survivor regions: 31->18(42)
[54.478s][info][gc,heap     ] GC(108) Old regions: 535->487
[54.478s][info][gc,heap     ] GC(108) Humongous regions: 5->5
[54.478s][info][gc,metaspace] GC(108) Metaspace: 17483K(17600K)->17483K(17600K) NonClass: 15677K(15744K)->15677K(15744K) Class: 1806K(1856K)->1806K(1856K)
[54.478s][info][gc          ] GC(108) Pause Young (Mixed) (G1 Evacuation Pause) 868M->509M(978M) 70.160ms
[54.478s][info][gc,cpu      ] GC(108) User=0.14s Sys=0.00s Real=0.07s
[55.479s][info][gc,start    ] GC(109) Pause Young (Concurrent Start) (G1 Evacuation Pause)
[55.479s][info][gc,task     ] GC(109) Using 2 workers of 2 for evacuation
[55.514s][info][gc,phases   ] GC(109)   Pre Evacuate Collection Set: 0.36ms
[55.515s][info][gc,phases   ] GC(109)   Merge Heap Roots: 0.44ms
[55.515s][info][gc,phases   ] GC(109)   Evacuate Collection Set: 33.70ms
[55.515s][info][gc,phases   ] GC(109)   Post Evacuate Collection Set: 0.65ms
[55.515s][info][gc,phases   ] GC(109)   Other: 0.23ms
[55.515s][info][gc,heap     ] GC(109) Eden regions: 353->0(373)
[55.515s][info][gc,heap     ] GC(109) Survivor regions: 18->18(47)
[55.515s][info][gc,heap     ] GC(109) Old regions: 487->487
[55.515s][info][gc,heap     ] GC(109) Humongous regions: 5->5
[55.515s][info][gc,metaspace] GC(109) Metaspace: 17484K(17600K)->17484K(17600K) NonClass: 15678K(15744K)->15678K(15744K) Class: 1806K(1856K)->1806K(1856K)
[55.515s][info][gc          ] GC(109) Pause Young (Concurrent Start) (G1 Evacuation Pause) 862M->509M(978M) 35.622ms
[55.515s][info][gc          ] GC(110) Concurrent Mark Cycle
[55.515s][info][gc,marking  ] GC(110) Concurrent Scan Root Regions
[55.516s][info][gc,cpu      ] GC(109) User=0.07s Sys=0.00s Real=0.04s
[55.551s][info][gc,marking  ] GC(110) Concurrent Scan Root Regions 36.721ms
[55.551s][info][gc,marking  ] GC(110) Concurrent Mark
[55.551s][info][gc,marking  ] GC(110) Concurrent Mark From Roots
[55.551s][info][gc,task     ] GC(110) Using 1 workers of 1 for marking
[56.511s][info][gc,start    ] GC(111) Pause Young (Normal) (G1 Evacuation Pause)
[56.511s][info][gc,task     ] GC(111) Using 2 workers of 2 for evacuation
[56.666s][info][gc,phases   ] GC(111)   Pre Evacuate Collection Set: 0.33ms
[56.666s][info][gc,phases   ] GC(111)   Merge Heap Roots: 0.21ms
[56.666s][info][gc,phases   ] GC(111)   Evacuate Collection Set: 139.70ms
[56.666s][info][gc,phases   ] GC(111)   Post Evacuate Collection Set: 14.56ms
[56.666s][info][gc,phases   ] GC(111)   Other: 0.14ms
[56.666s][info][gc,heap     ] GC(111) Eden regions: 373->0(94)
[56.666s][info][gc,heap     ] GC(111) Survivor regions: 18->49(49)
[56.666s][info][gc,heap     ] GC(111) Old regions: 487->731
[56.666s][info][gc,heap     ] GC(111) Humongous regions: 5->5
[56.666s][info][gc,metaspace] GC(111) Metaspace: 17495K(17664K)->17495K(17664K) NonClass: 15689K(15808K)->15689K(15808K) Class: 1806K(1856K)->1806K(1856K)
[56.666s][info][gc          ] GC(111) Pause Young (Normal) (G1 Evacuation Pause) (Evacuation Failure: Allocation) 882M->785M(978M) 155.216ms
[56.666s][info][gc,cpu      ] GC(111) User=0.31s Sys=0.00s Real=0.15s
[56.845s][info][gc,start    ] GC(112) Pause Young (Normal) (G1 Evacuation Pause)
[56.845s][info][gc,task     ] GC(112) Using 2 workers of 2 for evacuation
[56.958s][info][gc,phases   ] GC(112)   Pre Evacuate Collection Set: 0.43ms
[56.958s][info][gc,phases   ] GC(112)   Merge Heap Roots: 0.64ms
[56.958s][info][gc,phases   ] GC(112)   Evacuate Collection Set: 111.17ms
[56.958s][info][gc,phases   ] GC(112)   Post Evacuate Collection Set: 0.64ms
[56.958s][info][gc,phases   ] GC(112)   Other: 0.10ms
[56.958s][info][gc,heap     ] GC(112) Eden regions: 94->0(212)
[56.958s][info][gc,heap     ] GC(112) Survivor regions: 49->18(18)
[56.958s][info][gc,heap     ] GC(112) Old regions: 731->630
[56.958s][info][gc,heap     ] GC(112) Humongous regions: 5->5
[56.958s][info][gc,metaspace] GC(112) Metaspace: 17497K(17664K)->17497K(17664K) NonClass: 15690K(15808K)->15690K(15808K) Class: 1806K(1856K)->1806K(1856K)
[56.958s][info][gc          ] GC(112) Pause Young (Normal) (G1 Evacuation Pause) 879M->653M(978M) 113.255ms
[56.958s][info][gc,cpu      ] GC(112) User=0.22s Sys=0.00s Real=0.11s
[57.134s][info][gc,marking  ] GC(110) Concurrent Mark From Roots 1582.676ms
[57.134s][info][gc,marking  ] GC(110) Concurrent Preclean
[57.134s][info][gc,marking  ] GC(110) Concurrent Preclean 0.035ms
[57.134s][info][gc,start    ] GC(110) Pause Remark
[57.142s][info][gc          ] GC(110) Pause Remark 729M->613M(978M) 7.846ms
[57.142s][info][gc,cpu      ] GC(110) User=0.01s Sys=0.00s Real=0.01s
[57.144s][info][gc,marking  ] GC(110) Concurrent Mark 1592.995ms
[57.145s][info][gc,marking  ] GC(110) Concurrent Rebuild Remembered Sets and Scrub Regions
[57.446s][info][gc,start    ] GC(113) Pause Young (Normal) (G1 Evacuation Pause)
[57.446s][info][gc,task     ] GC(113) Using 2 workers of 2 for evacuation
[57.530s][info][gc,phases   ] GC(113)   Pre Evacuate Collection Set: 0.34ms
[57.530s][info][gc,phases   ] GC(113)   Merge Heap Roots: 0.53ms
[57.530s][info][gc,phases   ] GC(113)   Evacuate Collection Set: 82.18ms
[57.530s][info][gc,phases   ] GC(113)   Post Evacuate Collection Set: 0.67ms
[57.530s][info][gc,phases   ] GC(113)   Other: 0.15ms
[57.530s][info][gc,heap     ] GC(113) Eden regions: 212->0(283)
[57.530s][info][gc,heap     ] GC(113) Survivor regions: 18->29(29)
[57.530s][info][gc,heap     ] GC(113) Old regions: 516->527
[57.530s][info][gc,heap     ] GC(113) Humongous regions: 6->6
[57.530s][info][gc,metaspace] GC(113) Metaspace: 17503K(17664K)->17503K(17664K) NonClass: 15696K(15808K)->15696K(15808K) Class: 1806K(1856K)->1806K(1856K)
[57.530s][info][gc          ] GC(113) Pause Young (Normal) (G1 Evacuation Pause) 752M->561M(978M) 84.151ms
[57.530s][info][gc,cpu      ] GC(113) User=0.16s Sys=0.01s Real=0.08s
[57.851s][info][gc,marking  ] GC(110) Concurrent Rebuild Remembered Sets and Scrub Regions 706.871ms
[57.853s][info][gc,start    ] GC(110) Pause Cleanup
[57.853s][info][gc          ] GC(110) Pause Cleanup 695M->695M(978M) 0.217ms
[57.853s][info][gc,cpu      ] GC(110) User=0.00s Sys=0.00s Real=0.00s
[57.853s][info][gc,marking  ] GC(110) Concurrent Clear Claimed Marks
[57.853s][info][gc,marking  ] GC(110) Concurrent Clear Claimed Marks 0.048ms
[57.853s][info][gc,marking  ] GC(110) Concurrent Cleanup for Next Mark
[57.856s][info][gc,marking  ] GC(110) Concurrent Cleanup for Next Mark 3.053ms
[57.856s][info][gc          ] GC(110) Concurrent Mark Cycle 2341.355ms
[58.094s][info][gc,start    ] GC(114) Pause Young (Prepare Mixed) (G1 Evacuation Pause)
[58.094s][info][gc,task     ] GC(114) Using 2 workers of 2 for evacuation
[58.185s][info][gc,phases   ] GC(114)   Pre Evacuate Collection Set: 0.33ms
[58.185s][info][gc,phases   ] GC(114)   Merge Heap Roots: 0.79ms
[58.185s][info][gc,phases   ] GC(114)   Evacuate Collection Set: 89.03ms
[58.185s][info][gc,phases   ] GC(114)   Post Evacuate Collection Set: 0.63ms
[58.185s][info][gc,phases   ] GC(114)   Other: 0.11ms
[58.185s][info][gc,heap     ] GC(114) Eden regions: 283->0(278)
[58.185s][info][gc,heap     ] GC(114) Survivor regions: 29->19(39)
[58.185s][info][gc,heap     ] GC(114) Old regions: 527->556
[58.185s][info][gc,heap     ] GC(114) Humongous regions: 9->9
[58.185s][info][gc,metaspace] GC(114) Metaspace: 17503K(17664K)->17503K(17664K) NonClass: 15697K(15808K)->15697K(15808K) Class: 1806K(1856K)->1806K(1856K)
[58.186s][info][gc          ] GC(114) Pause Young (Prepare Mixed) (G1 Evacuation Pause) 847M->583M(978M) 91.196ms
[58.186s][info][gc,cpu      ] GC(114) User=0.18s Sys=0.00s Real=0.09s
[58.670s][info][gc,start    ] GC(115) Pause Young (Mixed) (G1 Evacuation Pause)
[58.670s][info][gc,task     ] GC(115) Using 2 workers of 2 for evacuation
[58.712s][info][gc,phases   ] GC(115)   Pre Evacuate Collection Set: 0.35ms
[58.712s][info][gc,phases   ] GC(115)   Merge Heap Roots: 0.36ms
[58.712s][info][gc,phases   ] GC(115)   Evacuate Collection Set: 40.29ms
[58.712s][info][gc,phases   ] GC(115)   Post Evacuate Collection Set: 0.70ms
[58.712s][info][gc,phases   ] GC(115)   Other: 0.11ms
[58.712s][info][gc,heap     ] GC(115) Eden regions: 278->0(349)
[58.712s][info][gc,heap     ] GC(115) Survivor regions: 19->18(38)
[58.712s][info][gc,heap     ] GC(115) Old regions: 556->498
[58.712s][info][gc,heap     ] GC(115) Humongous regions: 9->9
[58.712s][info][gc,metaspace] GC(115) Metaspace: 17503K(17664K)->17503K(17664K) NonClass: 15697K(15808K)->15697K(15808K) Class: 1806K(1856K)->1806K(1856K)
[58.712s][info][gc          ] GC(115) Pause Young (Mixed) (G1 Evacuation Pause) 861M->525M(978M) 42.110ms
[58.712s][info][gc,cpu      ] GC(115) User=0.09s Sys=0.00s Real=0.05s
[59.278s][info][gc,start    ] GC(116) Pause Young (Concurrent Start) (G1 Evacuation Pause)
[59.278s][info][gc,task     ] GC(116) Using 2 workers of 2 for evacuation
[59.318s][info][gc,phases   ] GC(116)   Pre Evacuate Collection Set: 0.34ms
[59.318s][info][gc,phases   ] GC(116)   Merge Heap Roots: 0.34ms
[59.318s][info][gc,phases   ] GC(116)   Evacuate Collection Set: 38.83ms
[59.318s][info][gc,phases   ] GC(116)   Post Evacuate Collection Set: 0.69ms
[59.318s][info][gc,phases   ] GC(116)   Other: 0.17ms
[59.318s][info][gc,heap     ] GC(116) Eden regions: 349->0(368)
[59.319s][info][gc,heap     ] GC(116) Survivor regions: 18->19(46)
[59.319s][info][gc,heap     ] GC(116) Old regions: 498->498
[59.319s][info][gc,heap     ] GC(116) Humongous regions: 9->9
[59.319s][info][gc,metaspace] GC(116) Metaspace: 17503K(17664K)->17503K(17664K) NonClass: 15697K(15808K)->15697K(15808K) Class: 1806K(1856K)->1806K(1856K)
[59.319s][info][gc          ] GC(116) Pause Young (Concurrent Start) (G1 Evacuation Pause) 874M->525M(978M) 40.659ms
[59.319s][info][gc,cpu      ] GC(116) User=0.08s Sys=0.00s Real=0.04s
[59.319s][info][gc          ] GC(117) Concurrent Mark Cycle
[59.319s][info][gc,marking  ] GC(117) Concurrent Scan Root Regions
[59.386s][info][gc,marking  ] GC(117) Concurrent Scan Root Regions 67.768ms
[59.386s][info][gc,marking  ] GC(117) Concurrent Mark
[59.387s][info][gc,marking  ] GC(117) Concurrent Mark From Roots
[59.387s][info][gc,task     ] GC(117) Using 1 workers of 1 for marking
[60.678s][info][gc,start    ] GC(118) Pause Young (Normal) (G1 Evacuation Pause)
[60.678s][info][gc,task     ] GC(118) Using 2 workers of 2 for evacuation
[60.717s][info][gc,phases   ] GC(118)   Pre Evacuate Collection Set: 0.28ms
[60.717s][info][gc,phases   ] GC(118)   Merge Heap Roots: 0.33ms
[60.717s][info][gc,phases   ] GC(118)   Evacuate Collection Set: 38.02ms
[60.717s][info][gc,phases   ] GC(118)   Post Evacuate Collection Set: 0.68ms
[60.717s][info][gc,phases   ] GC(118)   Other: 0.12ms
[60.717s][info][gc,heap     ] GC(118) Eden regions: 368->0(380)
[60.717s][info][gc,heap     ] GC(118) Survivor regions: 19->18(49)
[60.717s][info][gc,heap     ] GC(118) Old regions: 498->498
[60.717s][info][gc,heap     ] GC(118) Humongous regions: 9->9
[60.717s][info][gc,metaspace] GC(118) Metaspace: 17505K(17664K)->17505K(17664K) NonClass: 15699K(15808K)->15699K(15808K) Class: 1806K(1856K)->1806K(1856K)
[60.717s][info][gc          ] GC(118) Pause Young (Normal) (G1 Evacuation Pause) 893M->525M(978M) 39.704ms
[60.717s][info][gc,cpu      ] GC(118) User=0.08s Sys=0.00s Real=0.04s
[60.978s][info][gc,marking  ] GC(117) Concurrent Mark From Roots 1591.862ms
[60.978s][info][gc,marking  ] GC(117) Concurrent Preclean
[60.978s][info][gc,marking  ] GC(117) Concurrent Preclean 0.030ms
[60.979s][info][gc,start    ] GC(117) Pause Remark
[60.986s][info][gc          ] GC(117) Pause Remark 587M->585M(978M) 7.362ms
[60.986s][info][gc,cpu      ] GC(117) User=0.01s Sys=0.00s Real=0.01s
[60.986s][info][gc,marking  ] GC(117) Concurrent Mark 1599.581ms
[60.986s][info][gc,marking  ] GC(117) Concurrent Rebuild Remembered Sets and Scrub Regions
[61.422s][info][gc,marking  ] GC(117) Concurrent Rebuild Remembered Sets and Scrub Regions 435.545ms
[61.422s][info][gc,start    ] GC(117) Pause Cleanup
[61.422s][info][gc          ] GC(117) Pause Cleanup 746M->746M(978M) 0.118ms
[61.422s][info][gc,cpu      ] GC(117) User=0.00s Sys=0.00s Real=0.00s
[61.422s][info][gc,marking  ] GC(117) Concurrent Clear Claimed Marks
[61.422s][info][gc,marking  ] GC(117) Concurrent Clear Claimed Marks 0.028ms
[61.422s][info][gc,marking  ] GC(117) Concurrent Cleanup for Next Mark
[61.425s][info][gc,marking  ] GC(117) Concurrent Cleanup for Next Mark 3.004ms
[61.425s][info][gc          ] GC(117) Concurrent Mark Cycle 2106.469ms
[61.606s][info][gc,start    ] GC(119) Pause Young (Prepare Mixed) (G1 Evacuation Pause)
[61.606s][info][gc,task     ] GC(119) Using 2 workers of 2 for evacuation
[61.677s][info][gc,phases   ] GC(119)   Pre Evacuate Collection Set: 0.34ms
[61.677s][info][gc,phases   ] GC(119)   Merge Heap Roots: 0.60ms
[61.677s][info][gc,phases   ] GC(119)   Evacuate Collection Set: 69.63ms
[61.677s][info][gc,phases   ] GC(119)   Post Evacuate Collection Set: 0.74ms
[61.677s][info][gc,phases   ] GC(119)   Other: 0.13ms
[61.677s][info][gc,heap     ] GC(119) Eden regions: 380->0(339)
[61.677s][info][gc,heap     ] GC(119) Survivor regions: 18->42(50)
[61.677s][info][gc,heap     ] GC(119) Old regions: 498->498
[61.677s][info][gc,heap     ] GC(119) Humongous regions: 7->7
[61.677s][info][gc,metaspace] GC(119) Metaspace: 17505K(17664K)->17505K(17664K) NonClass: 15699K(15808K)->15699K(15808K) Class: 1806K(1856K)->1806K(1856K)
[61.677s][info][gc          ] GC(119) Pause Young (Prepare Mixed) (G1 Evacuation Pause) 903M->546M(978M) 71.698ms
[61.677s][info][gc,cpu      ] GC(119) User=0.14s Sys=0.00s Real=0.07s
[61.948s][info][gc,start    ] GC(120) Pause Young (Mixed) (G1 Evacuation Pause)
[61.948s][info][gc,task     ] GC(120) Using 2 workers of 2 for evacuation
[62.074s][info][gc,phases   ] GC(120)   Pre Evacuate Collection Set: 0.32ms
[62.074s][info][gc,phases   ] GC(120)   Merge Heap Roots: 0.45ms
[62.074s][info][gc,phases   ] GC(120)   Evacuate Collection Set: 124.07ms
[62.074s][info][gc,phases   ] GC(120)   Post Evacuate Collection Set: 0.68ms
[62.074s][info][gc,phases   ] GC(120)   Other: 0.09ms
[62.074s][info][gc,heap     ] GC(120) Eden regions: 339->0(295)
[62.074s][info][gc,heap     ] GC(120) Survivor regions: 42->48(48)
[62.074s][info][gc,heap     ] GC(120) Old regions: 498->530
[62.074s][info][gc,heap     ] GC(120) Humongous regions: 7->7
[62.074s][info][gc,metaspace] GC(120) Metaspace: 17505K(17664K)->17505K(17664K) NonClass: 15699K(15808K)->15699K(15808K) Class: 1806K(1856K)->1806K(1856K)
[62.074s][info][gc          ] GC(120) Pause Young (Mixed) (G1 Evacuation Pause) 885M->585M(978M) 125.948ms
[62.074s][info][gc,cpu      ] GC(120) User=0.25s Sys=0.01s Real=0.13s
[62.288s][info][gc,start    ] GC(121) Pause Young (Concurrent Start) (G1 Evacuation Pause)
[62.288s][info][gc,task     ] GC(121) Using 2 workers of 2 for evacuation
[62.362s][info][gc,phases   ] GC(121)   Pre Evacuate Collection Set: 0.36ms
[62.362s][info][gc,phases   ] GC(121)   Merge Heap Roots: 0.32ms
[62.362s][info][gc,phases   ] GC(121)   Evacuate Collection Set: 72.41ms
[62.362s][info][gc,phases   ] GC(121)   Post Evacuate Collection Set: 0.62ms
[62.362s][info][gc,phases   ] GC(121)   Other: 0.22ms
[62.362s][info][gc,heap     ] GC(121) Eden regions: 295->0(307)
[62.362s][info][gc,heap     ] GC(121) Survivor regions: 48->10(43)
[62.362s][info][gc,heap     ] GC(121) Old regions: 530->579
[62.362s][info][gc,heap     ] GC(121) Humongous regions: 7->7
[62.362s][info][gc,metaspace] GC(121) Metaspace: 17508K(17664K)->17508K(17664K) NonClass: 15702K(15808K)->15702K(15808K) Class: 1806K(1856K)->1806K(1856K)
[62.362s][info][gc          ] GC(121) Pause Young (Concurrent Start) (G1 Evacuation Pause) 880M->595M(978M) 74.199ms
[62.362s][info][gc,cpu      ] GC(121) User=0.14s Sys=0.00s Real=0.08s
[62.362s][info][gc          ] GC(122) Concurrent Mark Cycle
[62.362s][info][gc,marking  ] GC(122) Concurrent Scan Root Regions
[62.478s][info][gc,marking  ] GC(122) Concurrent Scan Root Regions 116.246ms
[62.478s][info][gc,marking  ] GC(122) Concurrent Mark
[62.478s][info][gc,marking  ] GC(122) Concurrent Mark From Roots
[62.478s][info][gc,task     ] GC(122) Using 1 workers of 1 for marking
[62.838s][info][gc,start    ] GC(123) Pause Young (Normal) (G1 Evacuation Pause)
[62.838s][info][gc,task     ] GC(123) Using 2 workers of 2 for evacuation
[62.887s][info][gc,phases   ] GC(123)   Pre Evacuate Collection Set: 0.55ms
[62.887s][info][gc,phases   ] GC(123)   Merge Heap Roots: 0.32ms
[62.887s][info][gc,phases   ] GC(123)   Evacuate Collection Set: 47.57ms
[62.887s][info][gc,phases   ] GC(123)   Post Evacuate Collection Set: 0.60ms
[62.887s][info][gc,phases   ] GC(123)   Other: 0.09ms
[62.887s][info][gc,heap     ] GC(123) Eden regions: 307->0(278)
[62.887s][info][gc,heap     ] GC(123) Survivor regions: 10->32(40)
[62.887s][info][gc,heap     ] GC(123) Old regions: 579->579
[62.887s][info][gc,heap     ] GC(123) Humongous regions: 7->7
[62.887s][info][gc,metaspace] GC(123) Metaspace: 17528K(17728K)->17528K(17728K) NonClass: 15722K(15872K)->15722K(15872K) Class: 1806K(1856K)->1806K(1856K)
[62.887s][info][gc          ] GC(123) Pause Young (Normal) (G1 Evacuation Pause) 902M->617M(978M) 49.390ms
[62.887s][info][gc,cpu      ] GC(123) User=0.09s Sys=0.00s Real=0.05s
[63.469s][info][gc,start    ] GC(124) Pause Young (Normal) (G1 Evacuation Pause)
[63.470s][info][gc,task     ] GC(124) Using 2 workers of 2 for evacuation
[63.549s][info][gc,phases   ] GC(124)   Pre Evacuate Collection Set: 0.30ms
[63.549s][info][gc,phases   ] GC(124)   Merge Heap Roots: 0.35ms
[63.549s][info][gc,phases   ] GC(124)   Evacuate Collection Set: 77.92ms
[63.549s][info][gc,phases   ] GC(124)   Post Evacuate Collection Set: 0.58ms
[63.549s][info][gc,phases   ] GC(124)   Other: 0.09ms
[63.549s][info][gc,heap     ] GC(124) Eden regions: 278->0(252)
[63.549s][info][gc,heap     ] GC(124) Survivor regions: 32->29(39)
[63.549s][info][gc,heap     ] GC(124) Old regions: 579->611
[63.549s][info][gc,heap     ] GC(124) Humongous regions: 7->7
[63.549s][info][gc,metaspace] GC(124) Metaspace: 17528K(17728K)->17528K(17728K) NonClass: 15722K(15872K)->15722K(15872K) Class: 1806K(1856K)->1806K(1856K)
[63.549s][info][gc          ] GC(124) Pause Young (Normal) (G1 Evacuation Pause) 895M->646M(978M) 79.522ms
[63.549s][info][gc,cpu      ] GC(124) User=0.15s Sys=0.00s Real=0.08s
[64.625s][info][gc,marking  ] GC(122) Concurrent Mark From Roots 2147.012ms
[64.625s][info][gc,marking  ] GC(122) Concurrent Preclean
[64.626s][info][gc,marking  ] GC(122) Concurrent Preclean 0.049ms
[64.626s][info][gc,start    ] GC(122) Pause Remark
[64.633s][info][gc          ] GC(122) Pause Remark 843M->843M(978M) 7.018ms
[64.633s][info][gc,cpu      ] GC(122) User=0.02s Sys=0.00s Real=0.01s
[64.633s][info][gc,marking  ] GC(122) Concurrent Mark 2154.440ms
[64.633s][info][gc,marking  ] GC(122) Concurrent Rebuild Remembered Sets and Scrub Regions
[64.932s][info][gc,start    ] GC(125) Pause Young (Normal) (G1 Evacuation Pause)
[64.932s][info][gc,task     ] GC(125) Using 2 workers of 2 for evacuation
[64.975s][info][gc,phases   ] GC(125)   Pre Evacuate Collection Set: 0.59ms
[64.975s][info][gc,phases   ] GC(125)   Merge Heap Roots: 0.54ms
[64.975s][info][gc,phases   ] GC(125)   Evacuate Collection Set: 41.29ms
[64.975s][info][gc,phases   ] GC(125)   Post Evacuate Collection Set: 0.70ms
[64.975s][info][gc,phases   ] GC(125)   Other: 0.09ms
[64.975s][info][gc,heap     ] GC(125) Eden regions: 252->0(264)
[64.975s][info][gc,heap     ] GC(125) Survivor regions: 29->3(36)
[64.975s][info][gc,heap     ] GC(125) Old regions: 611->640
[64.975s][info][gc,heap     ] GC(125) Humongous regions: 7->7
[64.975s][info][gc,metaspace] GC(125) Metaspace: 17532K(17728K)->17532K(17728K) NonClass: 15726K(15872K)->15726K(15872K) Class: 1806K(1856K)->1806K(1856K)
[64.975s][info][gc          ] GC(125) Pause Young (Normal) (G1 Evacuation Pause) 898M->649M(978M) 43.474ms
[64.975s][info][gc,cpu      ] GC(125) User=0.08s Sys=0.00s Real=0.04s
[65.748s][info][gc,marking  ] GC(122) Concurrent Rebuild Remembered Sets and Scrub Regions 1114.764ms
[65.748s][info][gc,start    ] GC(122) Pause Cleanup
[65.748s][info][gc          ] GC(122) Pause Cleanup 812M->812M(978M) 0.145ms
[65.748s][info][gc,cpu      ] GC(122) User=0.00s Sys=0.00s Real=0.00s
[65.748s][info][gc,marking  ] GC(122) Concurrent Clear Claimed Marks
[65.748s][info][gc,marking  ] GC(122) Concurrent Clear Claimed Marks 0.035ms
[65.748s][info][gc,marking  ] GC(122) Concurrent Cleanup for Next Mark
[65.755s][info][gc,marking  ] GC(122) Concurrent Cleanup for Next Mark 7.407ms
[65.756s][info][gc          ] GC(122) Concurrent Mark Cycle 3393.573ms
[66.018s][info][gc,start    ] GC(126) Pause Young (Prepare Mixed) (G1 Evacuation Pause)
[66.018s][info][gc,task     ] GC(126) Using 2 workers of 2 for evacuation
[66.038s][info][gc,phases   ] GC(126)   Pre Evacuate Collection Set: 0.28ms
[66.038s][info][gc,phases   ] GC(126)   Merge Heap Roots: 0.43ms
[66.038s][info][gc,phases   ] GC(126)   Evacuate Collection Set: 18.15ms
[66.038s][info][gc,phases   ] GC(126)   Post Evacuate Collection Set: 0.68ms
[66.038s][info][gc,phases   ] GC(126)   Other: 0.09ms
[66.038s][info][gc,heap     ] GC(126) Eden regions: 264->0(275)
[66.038s][info][gc,heap     ] GC(126) Survivor regions: 3->3(34)
[66.038s][info][gc,heap     ] GC(126) Old regions: 640->640
[66.038s][info][gc,heap     ] GC(126) Humongous regions: 7->7
[66.038s][info][gc,metaspace] GC(126) Metaspace: 17532K(17728K)->17532K(17728K) NonClass: 15726K(15872K)->15726K(15872K) Class: 1806K(1856K)->1806K(1856K)
[66.038s][info][gc          ] GC(126) Pause Young (Prepare Mixed) (G1 Evacuation Pause) 913M->649M(978M) 19.878ms
[66.038s][info][gc,cpu      ] GC(126) User=0.04s Sys=0.00s Real=0.02s
[66.787s][info][gc,start    ] GC(127) Pause Young (Mixed) (G1 Evacuation Pause)
[66.787s][info][gc,task     ] GC(127) Using 2 workers of 2 for evacuation
[66.809s][info][gc,phases   ] GC(127)   Pre Evacuate Collection Set: 0.57ms
[66.809s][info][gc,phases   ] GC(127)   Merge Heap Roots: 0.49ms
[66.809s][info][gc,phases   ] GC(127)   Evacuate Collection Set: 20.67ms
[66.809s][info][gc,phases   ] GC(127)   Post Evacuate Collection Set: 0.68ms
[66.809s][info][gc,phases   ] GC(127)   Other: 0.10ms
[66.809s][info][gc,heap     ] GC(127) Eden regions: 275->0(282)
[66.809s][info][gc,heap     ] GC(127) Survivor regions: 3->3(35)
[66.809s][info][gc,heap     ] GC(127) Old regions: 640->633
[66.809s][info][gc,heap     ] GC(127) Humongous regions: 7->7
[66.809s][info][gc,metaspace] GC(127) Metaspace: 17535K(17728K)->17535K(17728K) NonClass: 15729K(15872K)->15729K(15872K) Class: 1806K(1856K)->1806K(1856K)
[66.810s][info][gc          ] GC(127) Pause Young (Mixed) (G1 Evacuation Pause) 924M->642M(978M) 22.812ms
[66.810s][info][gc,cpu      ] GC(127) User=0.04s Sys=0.00s Real=0.02s
[67.595s][info][gc,start    ] GC(128) Pause Young (Mixed) (G1 Evacuation Pause)
[67.595s][info][gc,task     ] GC(128) Using 2 workers of 2 for evacuation
[67.821s][info][gc,mmu      ] GC(128) MMU target violated: 201.0ms (200.0ms/201.0ms)
[67.821s][info][gc,phases   ] GC(128)   Pre Evacuate Collection Set: 0.34ms
[67.821s][info][gc,phases   ] GC(128)   Merge Heap Roots: 0.71ms
[67.821s][info][gc,phases   ] GC(128)   Evacuate Collection Set: 223.82ms
[67.821s][info][gc,phases   ] GC(128)   Post Evacuate Collection Set: 0.64ms
[67.821s][info][gc,phases   ] GC(128)   Other: 0.19ms
[67.821s][info][gc,heap     ] GC(128) Eden regions: 282->0(254)
[67.821s][info][gc,heap     ] GC(128) Survivor regions: 3->17(36)
[67.821s][info][gc,heap     ] GC(128) Old regions: 633->633
[67.821s][info][gc,heap     ] GC(128) Humongous regions: 7->7
[67.821s][info][gc,metaspace] GC(128) Metaspace: 17535K(17728K)->17535K(17728K) NonClass: 15729K(15872K)->15729K(15872K) Class: 1806K(1856K)->1806K(1856K)
[67.821s][info][gc          ] GC(128) Pause Young (Mixed) (G1 Evacuation Pause) 924M->655M(978M) 225.891ms
[67.821s][info][gc,cpu      ] GC(128) User=0.44s Sys=0.00s Real=0.23s
[68.187s][info][gc,start    ] GC(129) Pause Young (Concurrent Start) (G1 Evacuation Pause)
[68.187s][info][gc,task     ] GC(129) Using 2 workers of 2 for evacuation
[68.275s][info][gc,phases   ] GC(129)   Pre Evacuate Collection Set: 0.36ms
[68.275s][info][gc,phases   ] GC(129)   Merge Heap Roots: 0.17ms
[68.275s][info][gc,phases   ] GC(129)   Evacuate Collection Set: 81.50ms
[68.275s][info][gc,phases   ] GC(129)   Post Evacuate Collection Set: 5.40ms
[68.275s][info][gc,phases   ] GC(129)   Other: 0.25ms
[68.275s][info][gc,heap     ] GC(129) Eden regions: 254->0(122)
[68.275s][info][gc,heap     ] GC(129) Survivor regions: 17->34(34)
[68.275s][info][gc,heap     ] GC(129) Old regions: 633->731
[68.275s][info][gc,heap     ] GC(129) Humongous regions: 7->7
[68.275s][info][gc,metaspace] GC(129) Metaspace: 17537K(17728K)->17537K(17728K) NonClass: 15731K(15872K)->15731K(15872K) Class: 1806K(1856K)->1806K(1856K)
[68.275s][info][gc          ] GC(129) Pause Young (Concurrent Start) (G1 Evacuation Pause) (Evacuation Failure: Allocation) 909M->772M(978M) 87.959ms
[68.275s][info][gc          ] GC(130) Concurrent Mark Cycle
[68.275s][info][gc,marking  ] GC(130) Concurrent Scan Root Regions
[68.275s][info][gc,cpu      ] GC(129) User=0.17s Sys=0.00s Real=0.09s
[68.369s][info][gc,marking  ] GC(130) Concurrent Scan Root Regions 94.406ms
[68.370s][info][gc,marking  ] GC(130) Concurrent Mark
[68.370s][info][gc,marking  ] GC(130) Concurrent Mark From Roots
[68.370s][info][gc,task     ] GC(130) Using 1 workers of 1 for marking
[68.627s][info][gc,start    ] GC(131) Pause Young (Normal) (G1 Evacuation Pause)
[68.627s][info][gc,task     ] GC(131) Using 2 workers of 2 for evacuation
[68.708s][info][gc,phases   ] GC(131)   Pre Evacuate Collection Set: 0.53ms
[68.708s][info][gc,phases   ] GC(131)   Merge Heap Roots: 0.81ms
[68.708s][info][gc,phases   ] GC(131)   Evacuate Collection Set: 78.37ms
[68.708s][info][gc,phases   ] GC(131)   Post Evacuate Collection Set: 0.71ms
[68.708s][info][gc,phases   ] GC(131)   Other: 0.11ms
[68.708s][info][gc,heap     ] GC(131) Eden regions: 122->0(181)
[68.708s][info][gc,heap     ] GC(131) Survivor regions: 34->12(20)
[68.708s][info][gc,heap     ] GC(131) Old regions: 731->713
[68.708s][info][gc,heap     ] GC(131) Humongous regions: 7->7
[68.708s][info][gc,metaspace] GC(131) Metaspace: 17545K(17728K)->17545K(17728K) NonClass: 15739K(15872K)->15739K(15872K) Class: 1806K(1856K)->1806K(1856K)
[68.708s][info][gc          ] GC(131) Pause Young (Normal) (G1 Evacuation Pause) 894M->731M(978M) 80.813ms
[68.708s][info][gc,cpu      ] GC(131) User=0.16s Sys=0.00s Real=0.08s
[69.108s][info][gc,start    ] GC(132) Pause Young (Normal) (G1 Evacuation Pause)
[69.108s][info][gc,task     ] GC(132) Using 2 workers of 2 for evacuation
[69.216s][info][gc,phases   ] GC(132)   Pre Evacuate Collection Set: 0.32ms
[69.216s][info][gc,phases   ] GC(132)   Merge Heap Roots: 0.36ms
[69.216s][info][gc,phases   ] GC(132)   Evacuate Collection Set: 101.00ms
[69.216s][info][gc,phases   ] GC(132)   Post Evacuate Collection Set: 6.70ms
[69.216s][info][gc,phases   ] GC(132)   Other: 0.12ms
[69.216s][info][gc,heap     ] GC(132) Eden regions: 181->0(46)
[69.216s][info][gc,heap     ] GC(132) Survivor regions: 12->25(25)
[69.216s][info][gc,heap     ] GC(132) Old regions: 713->822
[69.216s][info][gc,heap     ] GC(132) Humongous regions: 10->10
[69.216s][info][gc,metaspace] GC(132) Metaspace: 17545K(17728K)->17545K(17728K) NonClass: 15739K(15872K)->15739K(15872K) Class: 1806K(1856K)->1806K(1856K)
[69.216s][info][gc          ] GC(132) Pause Young (Normal) (G1 Evacuation Pause) (Evacuation Failure: Allocation) 915M->857M(978M) 108.738ms
[69.216s][info][gc,cpu      ] GC(132) User=0.21s Sys=0.00s Real=0.11s
[69.349s][info][gc,start    ] GC(133) Pause Young (Normal) (G1 Evacuation Pause)
[69.349s][info][gc,task     ] GC(133) Using 2 workers of 2 for evacuation
[69.436s][info][gc,phases   ] GC(133)   Pre Evacuate Collection Set: 0.40ms
[69.436s][info][gc,phases   ] GC(133)   Merge Heap Roots: 0.54ms
[69.436s][info][gc,phases   ] GC(133)   Evacuate Collection Set: 84.97ms
[69.436s][info][gc,phases   ] GC(133)   Post Evacuate Collection Set: 0.55ms
[69.436s][info][gc,phases   ] GC(133)   Other: 0.11ms
[69.436s][info][gc,heap     ] GC(133) Eden regions: 46->0(100)
[69.436s][info][gc,heap     ] GC(133) Survivor regions: 25->9(9)
[69.436s][info][gc,heap     ] GC(133) Old regions: 822->800
[69.436s][info][gc,heap     ] GC(133) Humongous regions: 10->10
[69.436s][info][gc,metaspace] GC(133) Metaspace: 17545K(17728K)->17545K(17728K) NonClass: 15739K(15872K)->15739K(15872K) Class: 1806K(1856K)->1806K(1856K)
[69.436s][info][gc          ] GC(133) Pause Young (Normal) (G1 Evacuation Pause) 903M->818M(978M) 86.838ms
[69.436s][info][gc,cpu      ] GC(133) User=0.17s Sys=0.00s Real=0.09s
[69.865s][info][gc,start    ] GC(134) Pause Young (Normal) (G1 Evacuation Pause)
[69.865s][info][gc,task     ] GC(134) Using 2 workers of 2 for evacuation
[69.884s][info][gc,phases   ] GC(134)   Pre Evacuate Collection Set: 0.54ms
[69.884s][info][gc,phases   ] GC(134)   Merge Heap Roots: 0.26ms
[69.884s][info][gc,phases   ] GC(134)   Evacuate Collection Set: 18.14ms
[69.884s][info][gc,phases   ] GC(134)   Post Evacuate Collection Set: 0.37ms
[69.884s][info][gc,phases   ] GC(134)   Other: 0.10ms
[69.884s][info][gc,heap     ] GC(134) Eden regions: 100->0(99)
[69.884s][info][gc,heap     ] GC(134) Survivor regions: 9->5(14)
[69.884s][info][gc,heap     ] GC(134) Old regions: 800->809
[69.884s][info][gc,heap     ] GC(134) Humongous regions: 10->10
[69.884s][info][gc,metaspace] GC(134) Metaspace: 17545K(17728K)->17545K(17728K) NonClass: 15739K(15872K)->15739K(15872K) Class: 1806K(1856K)->1806K(1856K)
[69.884s][info][gc          ] GC(134) Pause Young (Normal) (G1 Evacuation Pause) 918M->823M(978M) 19.659ms
[69.884s][info][gc,cpu      ] GC(134) User=0.04s Sys=0.00s Real=0.02s
[70.184s][info][gc,start    ] GC(135) Pause Young (Normal) (G1 Evacuation Pause)
[70.184s][info][gc,task     ] GC(135) Using 2 workers of 2 for evacuation
[70.194s][info][gc,phases   ] GC(135)   Pre Evacuate Collection Set: 0.30ms
[70.194s][info][gc,phases   ] GC(135)   Merge Heap Roots: 0.12ms
[70.194s][info][gc,phases   ] GC(135)   Evacuate Collection Set: 7.78ms
[70.194s][info][gc,phases   ] GC(135)   Post Evacuate Collection Set: 1.00ms
[70.194s][info][gc,phases   ] GC(135)   Other: 0.09ms
[70.194s][info][gc,heap     ] GC(135) Eden regions: 99->0(99)
[70.194s][info][gc,heap     ] GC(135) Survivor regions: 5->5(13)
[70.194s][info][gc,heap     ] GC(135) Old regions: 809->809
[70.194s][info][gc,heap     ] GC(135) Humongous regions: 10->10
[70.194s][info][gc,metaspace] GC(135) Metaspace: 17545K(17728K)->17545K(17728K) NonClass: 15739K(15872K)->15739K(15872K) Class: 1806K(1856K)->1806K(1856K)
[70.194s][info][gc          ] GC(135) Pause Young (Normal) (G1 Evacuation Pause) 922M->824M(978M) 9.538ms
[70.194s][info][gc,cpu      ] GC(135) User=0.02s Sys=0.00s Real=0.01s
[70.320s][info][gc,marking  ] GC(130) Concurrent Mark From Roots 1950.020ms
[70.320s][info][gc,marking  ] GC(130) Concurrent Preclean
[70.320s][info][gc,marking  ] GC(130) Concurrent Preclean 0.032ms
[70.320s][info][gc,start    ] GC(130) Pause Remark
[70.327s][info][gc          ] GC(130) Pause Remark 865M->690M(978M) 6.848ms
[70.327s][info][gc,cpu      ] GC(130) User=0.02s Sys=0.00s Real=0.01s
[70.327s][info][gc,marking  ] GC(130) Concurrent Mark 1957.638ms
[70.327s][info][gc,marking  ] GC(130) Concurrent Rebuild Remembered Sets and Scrub Regions
[70.504s][info][gc,start    ] GC(136) Pause Young (Normal) (G1 Evacuation Pause)
[70.504s][info][gc,task     ] GC(136) Using 2 workers of 2 for evacuation
[70.512s][info][gc,phases   ] GC(136)   Pre Evacuate Collection Set: 0.31ms
[70.512s][info][gc,phases   ] GC(136)   Merge Heap Roots: 0.20ms
[70.512s][info][gc,phases   ] GC(136)   Evacuate Collection Set: 7.28ms
[70.512s][info][gc,phases   ] GC(136)   Post Evacuate Collection Set: 0.35ms
[70.512s][info][gc,phases   ] GC(136)   Other: 0.11ms
[70.512s][info][gc,heap     ] GC(136) Eden regions: 99->0(236)
[70.512s][info][gc,heap     ] GC(136) Survivor regions: 5->5(13)
[70.512s][info][gc,heap     ] GC(136) Old regions: 637->637
[70.512s][info][gc,heap     ] GC(136) Humongous regions: 7->7
[70.512s][info][gc,metaspace] GC(136) Metaspace: 17545K(17728K)->17545K(17728K) NonClass: 15739K(15872K)->15739K(15872K) Class: 1806K(1856K)->1806K(1856K)
[70.512s][info][gc          ] GC(136) Pause Young (Normal) (G1 Evacuation Pause) 748M->648M(978M) 8.500ms
[70.512s][info][gc,cpu      ] GC(136) User=0.01s Sys=0.00s Real=0.01s
[70.999s][info][gc,marking  ] GC(130) Concurrent Rebuild Remembered Sets and Scrub Regions 672.260ms
[71.000s][info][gc,start    ] GC(130) Pause Cleanup
[71.000s][info][gc          ] GC(130) Pause Cleanup 876M->876M(978M) 0.182ms
[71.000s][info][gc,cpu      ] GC(130) User=0.00s Sys=0.00s Real=0.00s
[71.000s][info][gc,marking  ] GC(130) Concurrent Clear Claimed Marks
[71.000s][info][gc,marking  ] GC(130) Concurrent Clear Claimed Marks 0.036ms
[71.000s][info][gc,marking  ] GC(130) Concurrent Cleanup for Next Mark
[71.005s][info][gc,marking  ] GC(130) Concurrent Cleanup for Next Mark 5.030ms
[71.005s][info][gc          ] GC(130) Concurrent Mark Cycle 2730.040ms
[71.012s][info][gc,start    ] GC(137) Pause Young (Prepare Mixed) (G1 Evacuation Pause)
[71.012s][info][gc,task     ] GC(137) Using 2 workers of 2 for evacuation
[71.021s][info][gc,phases   ] GC(137)   Pre Evacuate Collection Set: 0.29ms
[71.021s][info][gc,phases   ] GC(137)   Merge Heap Roots: 0.20ms
[71.021s][info][gc,phases   ] GC(137)   Evacuate Collection Set: 7.44ms
[71.021s][info][gc,phases   ] GC(137)   Post Evacuate Collection Set: 0.52ms
[71.021s][info][gc,phases   ] GC(137)   Other: 0.12ms
[71.021s][info][gc,heap     ] GC(137) Eden regions: 236->0(251)
[71.021s][info][gc,heap     ] GC(137) Survivor regions: 5->5(31)
[71.021s][info][gc,heap     ] GC(137) Old regions: 637->637
[71.021s][info][gc,heap     ] GC(137) Humongous regions: 7->7
[71.021s][info][gc,metaspace] GC(137) Metaspace: 17545K(17728K)->17545K(17728K) NonClass: 15739K(15872K)->15739K(15872K) Class: 1806K(1856K)->1806K(1856K)
[71.021s][info][gc          ] GC(137) Pause Young (Prepare Mixed) (G1 Evacuation Pause) 884M->648M(978M) 8.820ms
[71.021s][info][gc,cpu      ] GC(137) User=0.02s Sys=0.00s Real=0.01s
[71.335s][info][gc,start    ] GC(138) Pause Young (Mixed) (G1 Evacuation Pause)
[71.335s][info][gc,task     ] GC(138) Using 2 workers of 2 for evacuation
[71.346s][info][gc,phases   ] GC(138)   Pre Evacuate Collection Set: 0.57ms
[71.346s][info][gc,phases   ] GC(138)   Merge Heap Roots: 0.27ms
[71.346s][info][gc,phases   ] GC(138)   Evacuate Collection Set: 9.53ms
[71.346s][info][gc,phases   ] GC(138)   Post Evacuate Collection Set: 0.62ms
[71.346s][info][gc,phases   ] GC(138)   Other: 0.15ms
[71.346s][info][gc,heap     ] GC(138) Eden regions: 251->0(326)
[71.346s][info][gc,heap     ] GC(138) Survivor regions: 5->5(32)
[71.346s][info][gc,heap     ] GC(138) Old regions: 637->561
[71.346s][info][gc,heap     ] GC(138) Humongous regions: 7->7
[71.346s][info][gc,metaspace] GC(138) Metaspace: 17545K(17728K)->17545K(17728K) NonClass: 15739K(15872K)->15739K(15872K) Class: 1806K(1856K)->1806K(1856K)
[71.346s][info][gc          ] GC(138) Pause Young (Mixed) (G1 Evacuation Pause) 899M->572M(978M) 11.399ms
[71.346s][info][gc,cpu      ] GC(138) User=0.02s Sys=0.00s Real=0.01s
[71.780s][info][gc,start    ] GC(139) Pause Young (Concurrent Start) (G1 Evacuation Pause)
[71.780s][info][gc,task     ] GC(139) Using 2 workers of 2 for evacuation
[71.802s][info][gc,phases   ] GC(139)   Pre Evacuate Collection Set: 0.35ms
[71.802s][info][gc,phases   ] GC(139)   Merge Heap Roots: 0.31ms
[71.802s][info][gc,phases   ] GC(139)   Evacuate Collection Set: 19.84ms
[71.802s][info][gc,phases   ] GC(139)   Post Evacuate Collection Set: 0.67ms
[71.802s][info][gc,phases   ] GC(139)   Other: 0.26ms
[71.802s][info][gc,heap     ] GC(139) Eden regions: 326->0(334)
[71.802s][info][gc,heap     ] GC(139) Survivor regions: 5->9(42)
[71.802s][info][gc,heap     ] GC(139) Old regions: 561->561
[71.802s][info][gc,heap     ] GC(139) Humongous regions: 7->7
[71.802s][info][gc,metaspace] GC(139) Metaspace: 17545K(17728K)->17545K(17728K) NonClass: 15739K(15872K)->15739K(15872K) Class: 1806K(1856K)->1806K(1856K)
[71.802s][info][gc          ] GC(139) Pause Young (Concurrent Start) (G1 Evacuation Pause) 898M->575M(978M) 21.732ms
[71.802s][info][gc,cpu      ] GC(139) User=0.04s Sys=0.00s Real=0.03s
[71.802s][info][gc          ] GC(140) Concurrent Mark Cycle
[71.807s][info][gc,marking  ] GC(140) Concurrent Scan Root Regions
[71.826s][info][gc,marking  ] GC(140) Concurrent Scan Root Regions 19.765ms
[71.826s][info][gc,marking  ] GC(140) Concurrent Mark
[71.826s][info][gc,marking  ] GC(140) Concurrent Mark From Roots
[71.826s][info][gc,task     ] GC(140) Using 1 workers of 1 for marking
[72.914s][info][gc,marking  ] GC(140) Concurrent Mark From Roots 1087.410ms
[72.914s][info][gc,marking  ] GC(140) Concurrent Preclean
[72.914s][info][gc,marking  ] GC(140) Concurrent Preclean 0.031ms
[72.914s][info][gc,start    ] GC(140) Pause Remark
[72.922s][info][gc          ] GC(140) Pause Remark 845M->772M(978M) 7.896ms
[72.922s][info][gc,cpu      ] GC(140) User=0.01s Sys=0.00s Real=0.01s
[72.922s][info][gc,marking  ] GC(140) Concurrent Mark 1095.797ms
[72.922s][info][gc,marking  ] GC(140) Concurrent Rebuild Remembered Sets and Scrub Regions
[73.076s][info][gc,start    ] GC(141) Pause Young (Normal) (G1 Evacuation Pause)
[73.076s][info][gc,task     ] GC(141) Using 2 workers of 2 for evacuation
[73.149s][info][gc,phases   ] GC(141)   Pre Evacuate Collection Set: 0.51ms
[73.149s][info][gc,phases   ] GC(141)   Merge Heap Roots: 0.70ms
[73.149s][info][gc,phases   ] GC(141)   Evacuate Collection Set: 70.68ms
[73.149s][info][gc,phases   ] GC(141)   Post Evacuate Collection Set: 0.75ms
[73.149s][info][gc,phases   ] GC(141)   Other: 0.10ms
[73.149s][info][gc,heap     ] GC(141) Eden regions: 334->0(378)
[73.149s][info][gc,heap     ] GC(141) Survivor regions: 9->25(43)
[73.149s][info][gc,heap     ] GC(141) Old regions: 491->491
[73.149s][info][gc,heap     ] GC(141) Humongous regions: 7->7
[73.149s][info][gc,metaspace] GC(141) Metaspace: 17545K(17728K)->17545K(17728K) NonClass: 15739K(15872K)->15739K(15872K) Class: 1806K(1856K)->1806K(1856K)
[73.149s][info][gc          ] GC(141) Pause Young (Normal) (G1 Evacuation Pause) 839M->522M(978M) 72.994ms
[73.149s][info][gc,cpu      ] GC(141) User=0.11s Sys=0.00s Real=0.07s
[73.444s][info][gc,marking  ] GC(140) Concurrent Rebuild Remembered Sets and Scrub Regions 521.799ms
[73.444s][info][gc,start    ] GC(140) Pause Cleanup
[73.444s][info][gc          ] GC(140) Pause Cleanup 648M->648M(978M) 0.170ms
[73.444s][info][gc,cpu      ] GC(140) User=0.00s Sys=0.00s Real=0.00s
[73.445s][info][gc,marking  ] GC(140) Concurrent Clear Claimed Marks
[73.445s][info][gc,marking  ] GC(140) Concurrent Clear Claimed Marks 0.027ms
[73.445s][info][gc,marking  ] GC(140) Concurrent Cleanup for Next Mark
[73.450s][info][gc,marking  ] GC(140) Concurrent Cleanup for Next Mark 5.184ms
[73.450s][info][gc          ] GC(140) Concurrent Mark Cycle 1647.780ms
[73.829s][info][gc,start    ] GC(142) Pause Young (Prepare Mixed) (G1 Evacuation Pause)
[73.829s][info][gc,task     ] GC(142) Using 2 workers of 2 for evacuation
[73.883s][info][gc,phases   ] GC(142)   Pre Evacuate Collection Set: 0.55ms
[73.883s][info][gc,phases   ] GC(142)   Merge Heap Roots: 0.75ms
[73.883s][info][gc,phases   ] GC(142)   Evacuate Collection Set: 51.91ms
[73.883s][info][gc,phases   ] GC(142)   Post Evacuate Collection Set: 0.79ms
[73.883s][info][gc,phases   ] GC(142)   Other: 0.10ms
[73.883s][info][gc,heap     ] GC(142) Eden regions: 378->0(376)
[73.883s][info][gc,heap     ] GC(142) Survivor regions: 25->27(51)
[73.883s][info][gc,heap     ] GC(142) Old regions: 491->491
[73.883s][info][gc,heap     ] GC(142) Humongous regions: 7->7
[73.883s][info][gc,metaspace] GC(142) Metaspace: 17545K(17728K)->17545K(17728K) NonClass: 15739K(15872K)->15739K(15872K) Class: 1806K(1856K)->1806K(1856K)
[73.883s][info][gc          ] GC(142) Pause Young (Prepare Mixed) (G1 Evacuation Pause) 900M->523M(978M) 54.376ms
[73.883s][info][gc,cpu      ] GC(142) User=0.11s Sys=0.00s Real=0.06s
[74.258s][info][gc,start    ] GC(143) Pause Young (Mixed) (G1 Evacuation Pause)
[74.258s][info][gc,task     ] GC(143) Using 2 workers of 2 for evacuation
[74.378s][info][gc,phases   ] GC(143)   Pre Evacuate Collection Set: 0.41ms
[74.378s][info][gc,phases   ] GC(143)   Merge Heap Roots: 0.73ms
[74.378s][info][gc,phases   ] GC(143)   Evacuate Collection Set: 112.67ms
[74.378s][info][gc,phases   ] GC(143)   Merge Optional Heap Roots: 0.12ms
[74.378s][info][gc,phases   ] GC(143)   Evacuate Optional Collection Set: 5.08ms
[74.378s][info][gc,phases   ] GC(143)   Post Evacuate Collection Set: 1.07ms
[74.378s][info][gc,phases   ] GC(143)   Other: 0.15ms
[74.378s][info][gc,heap     ] GC(143) Eden regions: 376->0(248)
[74.378s][info][gc,heap     ] GC(143) Survivor regions: 27->51(51)
[74.378s][info][gc,heap     ] GC(143) Old regions: 491->427
[74.378s][info][gc,heap     ] GC(143) Humongous regions: 7->7
[74.378s][info][gc,metaspace] GC(143) Metaspace: 17548K(17728K)->17548K(17728K) NonClass: 15742K(15872K)->15742K(15872K) Class: 1806K(1856K)->1806K(1856K)
[74.379s][info][gc          ] GC(143) Pause Young (Mixed) (G1 Evacuation Pause) 899M->485M(978M) 120.555ms
[74.379s][info][gc,cpu      ] GC(143) User=0.23s Sys=0.00s Real=0.12s
[74.599s][info][gc,start    ] GC(144) Pause Young (Mixed) (G1 Evacuation Pause)
[74.599s][info][gc,task     ] GC(144) Using 2 workers of 2 for evacuation
[74.702s][info][gc,phases   ] GC(144)   Pre Evacuate Collection Set: 0.36ms
[74.702s][info][gc,phases   ] GC(144)   Merge Heap Roots: 0.80ms
[74.702s][info][gc,phases   ] GC(144)   Evacuate Collection Set: 101.02ms
[74.702s][info][gc,phases   ] GC(144)   Post Evacuate Collection Set: 0.66ms
[74.702s][info][gc,phases   ] GC(144)   Other: 0.09ms
[74.702s][info][gc,heap     ] GC(144) Eden regions: 207->0(408)
[74.702s][info][gc,heap     ] GC(144) Survivor regions: 51->6(33)
[74.702s][info][gc,heap     ] GC(144) Old regions: 427->470
[74.702s][info][gc,heap     ] GC(144) Humongous regions: 7->7
[74.702s][info][gc,metaspace] GC(144) Metaspace: 17548K(17728K)->17548K(17728K) NonClass: 15742K(15872K)->15742K(15872K) Class: 1806K(1856K)->1806K(1856K)
[74.702s][info][gc          ] GC(144) Pause Young (Mixed) (G1 Evacuation Pause) 692M->482M(978M) 103.210ms
[74.702s][info][gc,cpu      ] GC(144) User=0.20s Sys=0.00s Real=0.11s
[75.109s][info][gc,start    ] GC(145) Pause Young (Mixed) (G1 Evacuation Pause)
[75.109s][info][gc,task     ] GC(145) Using 2 workers of 2 for evacuation
[75.219s][info][gc,phases   ] GC(145)   Pre Evacuate Collection Set: 0.33ms
[75.219s][info][gc,phases   ] GC(145)   Merge Heap Roots: 1.15ms
[75.219s][info][gc,phases   ] GC(145)   Evacuate Collection Set: 106.51ms
[75.219s][info][gc,phases   ] GC(145)   Post Evacuate Collection Set: 1.89ms
[75.219s][info][gc,phases   ] GC(145)   Other: 0.13ms
[75.219s][info][gc,heap     ] GC(145) Eden regions: 408->0(360)
[75.219s][info][gc,heap     ] GC(145) Survivor regions: 6->48(52)
[75.219s][info][gc,heap     ] GC(145) Old regions: 470->464
[75.219s][info][gc,heap     ] GC(145) Humongous regions: 7->7
[75.219s][info][gc,metaspace] GC(145) Metaspace: 17548K(17728K)->17548K(17728K) NonClass: 15742K(15872K)->15742K(15872K) Class: 1806K(1856K)->1806K(1856K)
[75.219s][info][gc          ] GC(145) Pause Young (Mixed) (G1 Evacuation Pause) 890M->518M(978M) 110.291ms
[75.219s][info][gc,cpu      ] GC(145) User=0.21s Sys=0.00s Real=0.11s
[75.678s][info][gc,start    ] GC(146) Pause Young (Concurrent Start) (G1 Evacuation Pause)
[75.679s][info][gc,task     ] GC(146) Using 2 workers of 2 for evacuation
[75.777s][info][gc,phases   ] GC(146)   Pre Evacuate Collection Set: 0.33ms
[75.777s][info][gc,phases   ] GC(146)   Merge Heap Roots: 0.39ms
[75.777s][info][gc,phases   ] GC(146)   Evacuate Collection Set: 96.59ms
[75.777s][info][gc,phases   ] GC(146)   Post Evacuate Collection Set: 0.76ms
[75.777s][info][gc,phases   ] GC(146)   Other: 0.12ms
[75.777s][info][gc,heap     ] GC(146) Eden regions: 360->0(335)
[75.777s][info][gc,heap     ] GC(146) Survivor regions: 48->29(51)
[75.777s][info][gc,heap     ] GC(146) Old regions: 464->512
[75.777s][info][gc,heap     ] GC(146) Humongous regions: 7->7
[75.777s][info][gc,metaspace] GC(146) Metaspace: 17549K(17728K)->17549K(17728K) NonClass: 15743K(15872K)->15743K(15872K) Class: 1806K(1856K)->1806K(1856K)
[75.777s][info][gc          ] GC(146) Pause Young (Concurrent Start) (G1 Evacuation Pause) 878M->547M(978M) 98.440ms
[75.777s][info][gc          ] GC(147) Concurrent Mark Cycle
[75.777s][info][gc,marking  ] GC(147) Concurrent Scan Root Regions
[75.777s][info][gc,cpu      ] GC(146) User=0.19s Sys=0.00s Real=0.10s
[75.945s][info][gc,marking  ] GC(147) Concurrent Scan Root Regions 168.386ms
[75.945s][info][gc,marking  ] GC(147) Concurrent Mark
[75.945s][info][gc,marking  ] GC(147) Concurrent Mark From Roots
[75.945s][info][gc,task     ] GC(147) Using 1 workers of 1 for marking
[76.346s][info][gc,start    ] GC(148) Pause Young (Normal) (G1 Evacuation Pause)
[76.346s][info][gc,task     ] GC(148) Using 2 workers of 2 for evacuation
[76.394s][info][gc,phases   ] GC(148)   Pre Evacuate Collection Set: 0.59ms
[76.394s][info][gc,phases   ] GC(148)   Merge Heap Roots: 0.33ms
[76.394s][info][gc,phases   ] GC(148)   Evacuate Collection Set: 46.21ms
[76.394s][info][gc,phases   ] GC(148)   Post Evacuate Collection Set: 0.63ms
[76.394s][info][gc,phases   ] GC(148)   Other: 0.12ms
[76.394s][info][gc,heap     ] GC(148) Eden regions: 335->0(343)
[76.394s][info][gc,heap     ] GC(148) Survivor regions: 29->6(46)
[76.394s][info][gc,heap     ] GC(148) Old regions: 512->540
[76.394s][info][gc,heap     ] GC(148) Humongous regions: 7->7
[76.394s][info][gc,metaspace] GC(148) Metaspace: 17551K(17728K)->17551K(17728K) NonClass: 15745K(15872K)->15745K(15872K) Class: 1806K(1856K)->1806K(1856K)
[76.394s][info][gc          ] GC(148) Pause Young (Normal) (G1 Evacuation Pause) 882M->553M(978M) 48.150ms
[76.394s][info][gc,cpu      ] GC(148) User=0.10s Sys=0.00s Real=0.05s
[76.856s][info][gc,marking  ] GC(147) Concurrent Mark From Roots 910.105ms
[76.856s][info][gc,marking  ] GC(147) Concurrent Preclean
[76.856s][info][gc,marking  ] GC(147) Concurrent Preclean 0.041ms
[76.856s][info][gc,start    ] GC(147) Pause Remark
[76.867s][info][gc          ] GC(147) Pause Remark 712M->592M(978M) 10.842ms
[76.867s][info][gc,cpu      ] GC(147) User=0.02s Sys=0.00s Real=0.01s
[76.868s][info][gc,marking  ] GC(147) Concurrent Mark 923.060ms
[76.869s][info][gc,marking  ] GC(147) Concurrent Rebuild Remembered Sets and Scrub Regions
[77.257s][info][gc,marking  ] GC(147) Concurrent Rebuild Remembered Sets and Scrub Regions 388.812ms
[77.258s][info][gc,start    ] GC(147) Pause Cleanup
[77.258s][info][gc          ] GC(147) Pause Cleanup 664M->664M(978M) 0.138ms
[77.258s][info][gc,cpu      ] GC(147) User=0.00s Sys=0.00s Real=0.00s
[77.259s][info][gc,marking  ] GC(147) Concurrent Clear Claimed Marks
[77.260s][info][gc,marking  ] GC(147) Concurrent Clear Claimed Marks 0.064ms
[77.260s][info][gc,marking  ] GC(147) Concurrent Cleanup for Next Mark
[77.263s][info][gc,marking  ] GC(147) Concurrent Cleanup for Next Mark 3.082ms
[77.263s][info][gc          ] GC(147) Concurrent Mark Cycle 1485.786ms
[77.643s][info][gc,start    ] GC(149) Pause Young (Prepare Mixed) (G1 Evacuation Pause)
[77.643s][info][gc,task     ] GC(149) Using 2 workers of 2 for evacuation
[77.674s][info][gc,phases   ] GC(149)   Pre Evacuate Collection Set: 0.31ms
[77.675s][info][gc,phases   ] GC(149)   Merge Heap Roots: 0.33ms
[77.675s][info][gc,phases   ] GC(149)   Evacuate Collection Set: 29.68ms
[77.675s][info][gc,phases   ] GC(149)   Post Evacuate Collection Set: 0.62ms
[77.675s][info][gc,phases   ] GC(149)   Other: 0.10ms
[77.675s][info][gc,heap     ] GC(149) Eden regions: 343->0(412)
[77.675s][info][gc,heap     ] GC(149) Survivor regions: 6->22(44)
[77.675s][info][gc,heap     ] GC(149) Old regions: 423->423
[77.675s][info][gc,heap     ] GC(149) Humongous regions: 4->4
[77.675s][info][gc,metaspace] GC(149) Metaspace: 17555K(17728K)->17555K(17728K) NonClass: 15749K(15872K)->15749K(15872K) Class: 1806K(1856K)->1806K(1856K)
[77.675s][info][gc          ] GC(149) Pause Young (Prepare Mixed) (G1 Evacuation Pause) 776M->448M(978M) 31.331ms
[77.675s][info][gc,cpu      ] GC(149) User=0.06s Sys=0.01s Real=0.03s
[78.878s][info][gc,start    ] GC(150) Pause Young (Mixed) (G1 Evacuation Pause)
[78.878s][info][gc,task     ] GC(150) Using 2 workers of 2 for evacuation
[78.917s][info][gc,phases   ] GC(150)   Pre Evacuate Collection Set: 0.53ms
[78.917s][info][gc,phases   ] GC(150)   Merge Heap Roots: 0.35ms
[78.917s][info][gc,phases   ] GC(150)   Evacuate Collection Set: 37.23ms
[78.917s][info][gc,phases   ] GC(150)   Post Evacuate Collection Set: 0.77ms
[78.917s][info][gc,phases   ] GC(150)   Other: 0.11ms
[78.917s][info][gc,heap     ] GC(150) Eden regions: 412->0(443)
[78.917s][info][gc,heap     ] GC(150) Survivor regions: 22->22(55)
[78.917s][info][gc,heap     ] GC(150) Old regions: 423->380
[78.917s][info][gc,heap     ] GC(150) Humongous regions: 4->4
[78.917s][info][gc,metaspace] GC(150) Metaspace: 17560K(17728K)->17560K(17728K) NonClass: 15754K(15872K)->15754K(15872K) Class: 1806K(1856K)->1806K(1856K)
[78.917s][info][gc          ] GC(150) Pause Young (Mixed) (G1 Evacuation Pause) 860M->405M(978M) 39.252ms
[78.917s][info][gc,cpu      ] GC(150) User=0.07s Sys=0.00s Real=0.04s
[79.645s][info][gc,start    ] GC(151) Pause Young (Concurrent Start) (G1 Evacuation Pause)
[79.645s][info][gc,task     ] GC(151) Using 2 workers of 2 for evacuation
[79.822s][info][gc,phases   ] GC(151)   Pre Evacuate Collection Set: 0.32ms
[79.822s][info][gc,phases   ] GC(151)   Merge Heap Roots: 0.29ms
[79.822s][info][gc,phases   ] GC(151)   Evacuate Collection Set: 166.89ms
[79.822s][info][gc,phases   ] GC(151)   Post Evacuate Collection Set: 9.21ms
[79.822s][info][gc,phases   ] GC(151)   Other: 0.16ms
[79.822s][info][gc,heap     ] GC(151) Eden regions: 443->0(271)
[79.822s][info][gc,heap     ] GC(151) Survivor regions: 22->59(59)
[79.822s][info][gc,heap     ] GC(151) Old regions: 380->533
[79.822s][info][gc,heap     ] GC(151) Humongous regions: 4->4
[79.822s][info][gc,metaspace] GC(151) Metaspace: 17562K(17728K)->17562K(17728K) NonClass: 15756K(15872K)->15756K(15872K) Class: 1806K(1856K)->1806K(1856K)
[79.822s][info][gc          ] GC(151) Pause Young (Concurrent Start) (G1 Evacuation Pause) (Evacuation Failure: Allocation) 848M->596M(978M) 177.141ms
[79.822s][info][gc,cpu      ] GC(151) User=0.35s Sys=0.00s Real=0.18s
[79.822s][info][gc          ] GC(152) Concurrent Mark Cycle
[79.822s][info][gc,marking  ] GC(152) Concurrent Scan Root Regions
[80.058s][info][gc,marking  ] GC(152) Concurrent Scan Root Regions 236.252ms
[80.059s][info][gc,marking  ] GC(152) Concurrent Mark
[80.059s][info][gc,marking  ] GC(152) Concurrent Mark From Roots
[80.059s][info][gc,task     ] GC(152) Using 1 workers of 1 for marking
[80.928s][info][gc,start    ] GC(153) Pause Young (Normal) (G1 Evacuation Pause)
[80.929s][info][gc,task     ] GC(153) Using 2 workers of 2 for evacuation
[81.139s][info][gc,mmu      ] GC(153) MMU target violated: 201.0ms (200.0ms/201.0ms)
[81.139s][info][gc,phases   ] GC(153)   Pre Evacuate Collection Set: 0.66ms
[81.139s][info][gc,phases   ] GC(153)   Merge Heap Roots: 1.43ms
[81.139s][info][gc,phases   ] GC(153)   Evacuate Collection Set: 194.16ms
[81.139s][info][gc,phases   ] GC(153)   Post Evacuate Collection Set: 13.68ms
[81.139s][info][gc,phases   ] GC(153)   Other: 0.22ms
[81.139s][info][gc,heap     ] GC(153) Eden regions: 271->0(182)
[81.139s][info][gc,heap     ] GC(153) Survivor regions: 59->32(42)
[81.139s][info][gc,heap     ] GC(153) Old regions: 533->678
[81.139s][info][gc,heap     ] GC(153) Humongous regions: 4->4
[81.139s][info][gc,metaspace] GC(153) Metaspace: 17567K(17728K)->17567K(17728K) NonClass: 15761K(15872K)->15761K(15872K) Class: 1806K(1856K)->1806K(1856K)
[81.139s][info][gc          ] GC(153) Pause Young (Normal) (G1 Evacuation Pause) (Evacuation Failure: Allocation) 867M->714M(978M) 210.389ms
[81.139s][info][gc,cpu      ] GC(153) User=0.42s Sys=0.01s Real=0.21s
[81.656s][info][gc,start    ] GC(154) Pause Young (Normal) (G1 Evacuation Pause)
[81.656s][info][gc,task     ] GC(154) Using 2 workers of 2 for evacuation
[81.759s][info][gc,phases   ] GC(154)   Pre Evacuate Collection Set: 0.49ms
[81.759s][info][gc,phases   ] GC(154)   Merge Heap Roots: 1.32ms
[81.759s][info][gc,phases   ] GC(154)   Evacuate Collection Set: 100.49ms
[81.759s][info][gc,phases   ] GC(154)   Post Evacuate Collection Set: 0.90ms
[81.759s][info][gc,phases   ] GC(154)   Other: 0.13ms
[81.759s][info][gc,heap     ] GC(154) Eden regions: 182->0(248)
[81.759s][info][gc,heap     ] GC(154) Survivor regions: 32->14(27)
[81.759s][info][gc,heap     ] GC(154) Old regions: 678->622
[81.759s][info][gc,heap     ] GC(154) Humongous regions: 4->4
[81.759s][info][gc,metaspace] GC(154) Metaspace: 17567K(17728K)->17567K(17728K) NonClass: 15761K(15872K)->15761K(15872K) Class: 1806K(1856K)->1806K(1856K)
[81.759s][info][gc          ] GC(154) Pause Young (Normal) (G1 Evacuation Pause) 896M->639M(978M) 103.619ms
[81.759s][info][gc,cpu      ] GC(154) User=0.21s Sys=0.00s Real=0.10s
[81.804s][info][gc,marking  ] GC(152) Concurrent Mark From Roots 1745.945ms
[81.805s][info][gc,marking  ] GC(152) Concurrent Preclean
[81.805s][info][gc,marking  ] GC(152) Concurrent Preclean 0.025ms
[81.805s][info][gc,start    ] GC(152) Pause Remark
[81.812s][info][gc          ] GC(152) Pause Remark 656M->656M(978M) 7.070ms
[81.812s][info][gc,cpu      ] GC(152) User=0.02s Sys=0.00s Real=0.01s
[81.812s][info][gc,marking  ] GC(152) Concurrent Mark 1753.366ms
[81.812s][info][gc,marking  ] GC(152) Concurrent Rebuild Remembered Sets and Scrub Regions
[82.439s][info][gc,start    ] GC(155) Pause Young (Normal) (G1 Evacuation Pause)
[82.439s][info][gc,task     ] GC(155) Using 2 workers of 2 for evacuation
[82.571s][info][gc,phases   ] GC(155)   Pre Evacuate Collection Set: 0.59ms
[82.571s][info][gc,phases   ] GC(155)   Merge Heap Roots: 1.38ms
[82.571s][info][gc,phases   ] GC(155)   Evacuate Collection Set: 129.61ms
[82.571s][info][gc,phases   ] GC(155)   Post Evacuate Collection Set: 0.75ms
[82.571s][info][gc,phases   ] GC(155)   Other: 0.12ms
[82.571s][info][gc,heap     ] GC(155) Eden regions: 248->0(223)
[82.571s][info][gc,heap     ] GC(155) Survivor regions: 14->33(33)
[82.571s][info][gc,heap     ] GC(155) Old regions: 622->623
[82.571s][info][gc,heap     ] GC(155) Humongous regions: 13->13
[82.571s][info][gc,metaspace] GC(155) Metaspace: 17568K(17728K)->17568K(17728K) NonClass: 15762K(15872K)->15762K(15872K) Class: 1806K(1856K)->1806K(1856K)
[82.572s][info][gc          ] GC(155) Pause Young (Normal) (G1 Evacuation Pause) 896M->668M(978M) 132.779ms
[82.572s][info][gc,cpu      ] GC(155) User=0.26s Sys=0.00s Real=0.14s
[82.645s][info][gc,marking  ] GC(152) Concurrent Rebuild Remembered Sets and Scrub Regions 833.340ms
[82.646s][info][gc,start    ] GC(152) Pause Cleanup
[82.646s][info][gc          ] GC(152) Pause Cleanup 700M->700M(978M) 0.199ms
[82.646s][info][gc,cpu      ] GC(152) User=0.00s Sys=0.00s Real=0.00s
[82.647s][info][gc,marking  ] GC(152) Concurrent Clear Claimed Marks
[82.647s][info][gc,marking  ] GC(152) Concurrent Clear Claimed Marks 0.061ms
[82.647s][info][gc,marking  ] GC(152) Concurrent Cleanup for Next Mark
[82.654s][info][gc,marking  ] GC(152) Concurrent Cleanup for Next Mark 7.135ms
[82.655s][info][gc          ] GC(152) Concurrent Mark Cycle 2832.383ms
[82.973s][info][gc,start    ] GC(156) Pause Young (Prepare Mixed) (G1 Evacuation Pause)
[82.973s][info][gc,task     ] GC(156) Using 2 workers of 2 for evacuation
[83.034s][info][gc,phases   ] GC(156)   Pre Evacuate Collection Set: 0.58ms
[83.034s][info][gc,phases   ] GC(156)   Merge Heap Roots: 0.39ms
[83.034s][info][gc,phases   ] GC(156)   Evacuate Collection Set: 59.24ms
[83.034s][info][gc,phases   ] GC(156)   Post Evacuate Collection Set: 0.51ms
[83.034s][info][gc,phases   ] GC(156)   Other: 0.11ms
[83.034s][info][gc,heap     ] GC(156) Eden regions: 223->0(234)
[83.034s][info][gc,heap     ] GC(156) Survivor regions: 33->1(32)
[83.034s][info][gc,heap     ] GC(156) Old regions: 623->656
[83.034s][info][gc,heap     ] GC(156) Humongous regions: 13->13
[83.034s][info][gc,metaspace] GC(156) Metaspace: 17568K(17728K)->17568K(17728K) NonClass: 15762K(15872K)->15762K(15872K) Class: 1806K(1856K)->1806K(1856K)
[83.034s][info][gc          ] GC(156) Pause Young (Prepare Mixed) (G1 Evacuation Pause) 891M->669M(978M) 61.104ms
[83.034s][info][gc,cpu      ] GC(156) User=0.12s Sys=0.00s Real=0.06s
[83.469s][info][gc,start    ] GC(157) Pause Young (Mixed) (G1 Evacuation Pause)
[83.469s][info][gc,task     ] GC(157) Using 2 workers of 2 for evacuation
[83.471s][info][gc,phases   ] GC(157)   Pre Evacuate Collection Set: 0.33ms
[83.471s][info][gc,phases   ] GC(157)   Merge Heap Roots: 0.10ms
[83.471s][info][gc,phases   ] GC(157)   Evacuate Collection Set: 0.44ms
[83.471s][info][gc,phases   ] GC(157)   Post Evacuate Collection Set: 0.53ms
[83.471s][info][gc,phases   ] GC(157)   Other: 0.13ms
[83.471s][info][gc,heap     ] GC(157) Eden regions: 234->0(250)
[83.471s][info][gc,heap     ] GC(157) Survivor regions: 1->1(30)
[83.471s][info][gc,heap     ] GC(157) Old regions: 656->647
[83.471s][info][gc,heap     ] GC(157) Humongous regions: 13->13
[83.471s][info][gc,metaspace] GC(157) Metaspace: 17568K(17728K)->17568K(17728K) NonClass: 15762K(15872K)->15762K(15872K) Class: 1806K(1856K)->1806K(1856K)
[83.471s][info][gc          ] GC(157) Pause Young (Mixed) (G1 Evacuation Pause) 903M->660M(978M) 1.782ms
[83.471s][info][gc,cpu      ] GC(157) User=0.01s Sys=0.00s Real=0.01s
[83.933s][info][gc,start    ] GC(158) Pause Young (Concurrent Start) (G1 Evacuation Pause)
[83.933s][info][gc,task     ] GC(158) Using 2 workers of 2 for evacuation
[83.935s][info][gc,phases   ] GC(158)   Pre Evacuate Collection Set: 0.39ms
[83.935s][info][gc,phases   ] GC(158)   Merge Heap Roots: 0.10ms
[83.935s][info][gc,phases   ] GC(158)   Evacuate Collection Set: 0.55ms
[83.935s][info][gc,phases   ] GC(158)   Post Evacuate Collection Set: 0.47ms
[83.935s][info][gc,phases   ] GC(158)   Other: 0.26ms
[83.935s][info][gc,heap     ] GC(158) Eden regions: 250->0(260)
[83.935s][info][gc,heap     ] GC(158) Survivor regions: 1->1(32)
[83.935s][info][gc,heap     ] GC(158) Old regions: 647->647
[83.935s][info][gc,heap     ] GC(158) Humongous regions: 13->13
[83.935s][info][gc,metaspace] GC(158) Metaspace: 17568K(17728K)->17568K(17728K) NonClass: 15762K(15872K)->15762K(15872K) Class: 1806K(1856K)->1806K(1856K)
[83.935s][info][gc          ] GC(158) Pause Young (Concurrent Start) (G1 Evacuation Pause) 910M->659M(978M) 1.994ms
[83.935s][info][gc,cpu      ] GC(158) User=0.01s Sys=0.00s Real=0.00s
[83.935s][info][gc          ] GC(159) Concurrent Mark Cycle
[83.935s][info][gc,marking  ] GC(159) Concurrent Scan Root Regions
[83.935s][info][gc,marking  ] GC(159) Concurrent Scan Root Regions 0.293ms
[83.935s][info][gc,marking  ] GC(159) Concurrent Mark
[83.935s][info][gc,marking  ] GC(159) Concurrent Mark From Roots
[83.935s][info][gc,task     ] GC(159) Using 1 workers of 1 for marking
[85.083s][info][gc,start    ] GC(160) Pause Young (Normal) (G1 Evacuation Pause)
[85.083s][info][gc,task     ] GC(160) Using 2 workers of 2 for evacuation
[85.084s][info][gc,phases   ] GC(160)   Pre Evacuate Collection Set: 0.55ms
[85.084s][info][gc,phases   ] GC(160)   Merge Heap Roots: 0.13ms
[85.084s][info][gc,phases   ] GC(160)   Evacuate Collection Set: 0.28ms
[85.084s][info][gc,phases   ] GC(160)   Post Evacuate Collection Set: 0.44ms
[85.084s][info][gc,phases   ] GC(160)   Other: 0.12ms
[85.084s][info][gc,heap     ] GC(160) Eden regions: 260->0(266)
[85.084s][info][gc,heap     ] GC(160) Survivor regions: 1->1(33)
[85.084s][info][gc,heap     ] GC(160) Old regions: 647->647
[85.084s][info][gc,heap     ] GC(160) Humongous regions: 13->13
[85.084s][info][gc,metaspace] GC(160) Metaspace: 17568K(17728K)->17568K(17728K) NonClass: 15762K(15872K)->15762K(15872K) Class: 1806K(1856K)->1806K(1856K)
[85.084s][info][gc          ] GC(160) Pause Young (Normal) (G1 Evacuation Pause) 919M->659M(978M) 1.766ms
[85.084s][info][gc,cpu      ] GC(160) User=0.00s Sys=0.00s Real=0.00s
[85.458s][info][gc,marking  ] GC(159) Concurrent Mark From Roots 1523.144ms
[85.458s][info][gc,marking  ] GC(159) Concurrent Preclean
[85.458s][info][gc,marking  ] GC(159) Concurrent Preclean 0.030ms
[85.458s][info][gc,start    ] GC(159) Pause Remark
[85.466s][info][gc          ] GC(159) Pause Remark 736M->673M(978M) 7.481ms
[85.466s][info][gc,cpu      ] GC(159) User=0.01s Sys=0.00s Real=0.01s
[85.467s][info][gc,marking  ] GC(159) Concurrent Mark 1531.440ms
[85.467s][info][gc,marking  ] GC(159) Concurrent Rebuild Remembered Sets and Scrub Regions
[85.803s][info][gc,start    ] GC(161) Pause Young (Normal) (G1 Evacuation Pause)
[85.803s][info][gc,task     ] GC(161) Using 2 workers of 2 for evacuation
[85.839s][info][gc,phases   ] GC(161)   Pre Evacuate Collection Set: 0.32ms
[85.839s][info][gc,phases   ] GC(161)   Merge Heap Roots: 0.26ms
[85.839s][info][gc,phases   ] GC(161)   Evacuate Collection Set: 34.54ms
[85.839s][info][gc,phases   ] GC(161)   Post Evacuate Collection Set: 0.59ms
[85.839s][info][gc,phases   ] GC(161)   Other: 0.11ms
[85.839s][info][gc,heap     ] GC(161) Eden regions: 266->0(279)
[85.839s][info][gc,heap     ] GC(161) Survivor regions: 1->26(34)
[85.839s][info][gc,heap     ] GC(161) Old regions: 590->590
[85.839s][info][gc,heap     ] GC(161) Humongous regions: 7->7
[85.839s][info][gc,metaspace] GC(161) Metaspace: 17568K(17728K)->17568K(17728K) NonClass: 15762K(15872K)->15762K(15872K) Class: 1806K(1856K)->1806K(1856K)
[85.839s][info][gc          ] GC(161) Pause Young (Normal) (G1 Evacuation Pause) 862M->622M(978M) 36.089ms
[85.839s][info][gc,cpu      ] GC(161) User=0.07s Sys=0.00s Real=0.03s
[86.159s][info][gc,marking  ] GC(159) Concurrent Rebuild Remembered Sets and Scrub Regions 692.891ms
[86.160s][info][gc,start    ] GC(159) Pause Cleanup
[86.160s][info][gc          ] GC(159) Pause Cleanup 869M->869M(978M) 0.215ms
[86.160s][info][gc,cpu      ] GC(159) User=0.00s Sys=0.00s Real=0.00s
[86.160s][info][gc,marking  ] GC(159) Concurrent Clear Claimed Marks
[86.160s][info][gc,marking  ] GC(159) Concurrent Clear Claimed Marks 0.030ms
[86.160s][info][gc,marking  ] GC(159) Concurrent Cleanup for Next Mark
[86.165s][info][gc,marking  ] GC(159) Concurrent Cleanup for Next Mark 5.065ms
[86.165s][info][gc          ] GC(159) Concurrent Mark Cycle 2230.344ms
[86.200s][info][gc,start    ] GC(162) Pause Young (Prepare Mixed) (G1 Evacuation Pause)
[86.200s][info][gc,task     ] GC(162) Using 2 workers of 2 for evacuation
[86.242s][info][gc,phases   ] GC(162)   Pre Evacuate Collection Set: 0.30ms
[86.242s][info][gc,phases   ] GC(162)   Merge Heap Roots: 0.24ms
[86.242s][info][gc,phases   ] GC(162)   Evacuate Collection Set: 40.43ms
[86.242s][info][gc,phases   ] GC(162)   Post Evacuate Collection Set: 0.75ms
[86.242s][info][gc,phases   ] GC(162)   Other: 0.12ms
[86.242s][info][gc,heap     ] GC(162) Eden regions: 279->0(286)
[86.242s][info][gc,heap     ] GC(162) Survivor regions: 26->10(39)
[86.242s][info][gc,heap     ] GC(162) Old regions: 590->615
[86.243s][info][gc,heap     ] GC(162) Humongous regions: 7->7
[86.243s][info][gc,metaspace] GC(162) Metaspace: 17568K(17728K)->17568K(17728K) NonClass: 15762K(15872K)->15762K(15872K) Class: 1806K(1856K)->1806K(1856K)
[86.243s][info][gc          ] GC(162) Pause Young (Prepare Mixed) (G1 Evacuation Pause) 901M->632M(978M) 42.156ms
[86.243s][info][gc,cpu      ] GC(162) User=0.09s Sys=0.00s Real=0.05s
[86.605s][info][gc,start    ] GC(163) Pause Young (Mixed) (G1 Evacuation Pause)
[86.605s][info][gc,task     ] GC(163) Using 2 workers of 2 for evacuation
[86.654s][info][gc,phases   ] GC(163)   Pre Evacuate Collection Set: 0.36ms
[86.654s][info][gc,phases   ] GC(163)   Merge Heap Roots: 0.73ms
[86.654s][info][gc,phases   ] GC(163)   Evacuate Collection Set: 46.82ms
[86.654s][info][gc,phases   ] GC(163)   Post Evacuate Collection Set: 0.89ms
[86.654s][info][gc,phases   ] GC(163)   Other: 0.10ms
[86.654s][info][gc,heap     ] GC(163) Eden regions: 286->0(148)
[86.654s][info][gc,heap     ] GC(163) Survivor regions: 10->19(37)
[86.654s][info][gc,heap     ] GC(163) Old regions: 615->521
[86.654s][info][gc,heap     ] GC(163) Humongous regions: 7->7
[86.654s][info][gc,metaspace] GC(163) Metaspace: 17568K(17728K)->17568K(17728K) NonClass: 15762K(15872K)->15762K(15872K) Class: 1806K(1856K)->1806K(1856K)
[86.654s][info][gc          ] GC(163) Pause Young (Mixed) (G1 Evacuation Pause) 918M->546M(978M) 49.194ms
[86.654s][info][gc,cpu      ] GC(163) User=0.10s Sys=0.00s Real=0.05s
[86.998s][info][gc,start    ] GC(164) Pause Young (Mixed) (G1 Evacuation Pause)
[86.998s][info][gc,task     ] GC(164) Using 2 workers of 2 for evacuation
[87.143s][info][gc,phases   ] GC(164)   Pre Evacuate Collection Set: 0.61ms
[87.143s][info][gc,phases   ] GC(164)   Merge Heap Roots: 0.84ms
[87.143s][info][gc,phases   ] GC(164)   Evacuate Collection Set: 142.98ms
[87.143s][info][gc,phases   ] GC(164)   Post Evacuate Collection Set: 0.44ms
[87.143s][info][gc,phases   ] GC(164)   Other: 0.11ms
[87.143s][info][gc,heap     ] GC(164) Eden regions: 141->0(363)
[87.143s][info][gc,heap     ] GC(164) Survivor regions: 19->9(20)
[87.143s][info][gc,heap     ] GC(164) Old regions: 521->528
[87.143s][info][gc,heap     ] GC(164) Humongous regions: 7->7
[87.143s][info][gc,metaspace] GC(164) Metaspace: 17569K(17728K)->17569K(17728K) NonClass: 15763K(15872K)->15763K(15872K) Class: 1806K(1856K)->1806K(1856K)
[87.143s][info][gc          ] GC(164) Pause Young (Mixed) (G1 Evacuation Pause) 687M->544M(978M) 145.248ms
[87.143s][info][gc,cpu      ] GC(164) User=0.28s Sys=0.01s Real=0.15s
[87.954s][info][gc,start    ] GC(165) Pause Young (Concurrent Start) (G1 Evacuation Pause)
[87.954s][info][gc,task     ] GC(165) Using 2 workers of 2 for evacuation
[87.968s][info][gc,phases   ] GC(165)   Pre Evacuate Collection Set: 0.31ms
[87.968s][info][gc,phases   ] GC(165)   Merge Heap Roots: 0.20ms
[87.968s][info][gc,phases   ] GC(165)   Evacuate Collection Set: 12.51ms
[87.968s][info][gc,phases   ] GC(165)   Post Evacuate Collection Set: 0.65ms
[87.968s][info][gc,phases   ] GC(165)   Other: 0.15ms
[87.968s][info][gc,heap     ] GC(165) Eden regions: 363->0(375)
[87.968s][info][gc,heap     ] GC(165) Survivor regions: 9->9(47)
[87.968s][info][gc,heap     ] GC(165) Old regions: 528->528
[87.968s][info][gc,heap     ] GC(165) Humongous regions: 7->7
[87.968s][info][gc,metaspace] GC(165) Metaspace: 17569K(17728K)->17569K(17728K) NonClass: 15763K(15872K)->15763K(15872K) Class: 1806K(1856K)->1806K(1856K)
[87.968s][info][gc          ] GC(165) Pause Young (Concurrent Start) (G1 Evacuation Pause) 907M->544M(978M) 14.063ms
[87.968s][info][gc          ] GC(166) Concurrent Mark Cycle
[87.968s][info][gc,marking  ] GC(166) Concurrent Scan Root Regions
[87.969s][info][gc,cpu      ] GC(165) User=0.03s Sys=0.00s Real=0.01s
[87.988s][info][gc,marking  ] GC(166) Concurrent Scan Root Regions 19.850ms
[87.988s][info][gc,marking  ] GC(166) Concurrent Mark
[87.988s][info][gc,marking  ] GC(166) Concurrent Mark From Roots
[87.988s][info][gc,task     ] GC(166) Using 1 workers of 1 for marking
[89.188s][info][gc,start    ] GC(167) Pause Young (Normal) (G1 Evacuation Pause)
[89.188s][info][gc,task     ] GC(167) Using 2 workers of 2 for evacuation
[89.258s][info][gc,phases   ] GC(167)   Pre Evacuate Collection Set: 0.32ms
[89.258s][info][gc,phases   ] GC(167)   Merge Heap Roots: 0.19ms
[89.258s][info][gc,phases   ] GC(167)   Evacuate Collection Set: 67.43ms
[89.258s][info][gc,phases   ] GC(167)   Post Evacuate Collection Set: 1.73ms
[89.258s][info][gc,phases   ] GC(167)   Other: 0.09ms
[89.258s][info][gc,heap     ] GC(167) Eden regions: 375->0(272)
[89.258s][info][gc,heap     ] GC(167) Survivor regions: 9->48(48)
[89.258s][info][gc,heap     ] GC(167) Old regions: 528->553
[89.258s][info][gc,heap     ] GC(167) Humongous regions: 7->7
[89.258s][info][gc,metaspace] GC(167) Metaspace: 17569K(17728K)->17569K(17728K) NonClass: 15763K(15872K)->15763K(15872K) Class: 1806K(1856K)->1806K(1856K)
[89.258s][info][gc          ] GC(167) Pause Young (Normal) (G1 Evacuation Pause) (Evacuation Failure: Allocation) 919M->608M(978M) 70.058ms
[89.258s][info][gc,cpu      ] GC(167) User=0.14s Sys=0.00s Real=0.07s
[89.980s][info][gc,marking  ] GC(166) Concurrent Mark From Roots 1992.046ms
[89.980s][info][gc,marking  ] GC(166) Concurrent Preclean
[89.980s][info][gc,marking  ] GC(166) Concurrent Preclean 0.027ms
[89.980s][info][gc,start    ] GC(166) Pause Remark
[89.987s][info][gc          ] GC(166) Pause Remark 767M->767M(978M) 7.245ms
[89.987s][info][gc,cpu      ] GC(166) User=0.01s Sys=0.00s Real=0.01s
[89.987s][info][gc,marking  ] GC(166) Concurrent Mark 1999.664ms
[89.987s][info][gc,marking  ] GC(166) Concurrent Rebuild Remembered Sets and Scrub Regions
[90.283s][info][gc,start    ] GC(168) Pause Young (Normal) (G1 Evacuation Pause)
[90.283s][info][gc,task     ] GC(168) Using 2 workers of 2 for evacuation
[90.390s][info][gc,phases   ] GC(168)   Pre Evacuate Collection Set: 0.35ms
[90.390s][info][gc,phases   ] GC(168)   Merge Heap Roots: 0.71ms
[90.390s][info][gc,phases   ] GC(168)   Evacuate Collection Set: 105.09ms
[90.390s][info][gc,phases   ] GC(168)   Post Evacuate Collection Set: 0.69ms
[90.390s][info][gc,phases   ] GC(168)   Other: 0.12ms
[90.390s][info][gc,heap     ] GC(168) Eden regions: 272->0(265)
[90.390s][info][gc,heap     ] GC(168) Survivor regions: 48->31(40)
[90.390s][info][gc,heap     ] GC(168) Old regions: 553->591
[90.390s][info][gc,heap     ] GC(168) Humongous regions: 10->10
[90.390s][info][gc,metaspace] GC(168) Metaspace: 17601K(17728K)->17601K(17728K) NonClass: 15792K(15872K)->15792K(15872K) Class: 1808K(1856K)->1808K(1856K)
[90.391s][info][gc          ] GC(168) Pause Young (Normal) (G1 Evacuation Pause) 883M->631M(978M) 107.262ms
[90.391s][info][gc,cpu      ] GC(168) User=0.21s Sys=0.00s Real=0.11s
[90.615s][info][gc,marking  ] GC(166) Concurrent Rebuild Remembered Sets and Scrub Regions 627.560ms
[90.615s][info][gc,start    ] GC(166) Pause Cleanup
[90.615s][info][gc          ] GC(166) Pause Cleanup 723M->723M(978M) 0.142ms
[90.615s][info][gc,cpu      ] GC(166) User=0.00s Sys=0.00s Real=0.00s
[90.615s][info][gc,marking  ] GC(166) Concurrent Clear Claimed Marks
[90.615s][info][gc,marking  ] GC(166) Concurrent Clear Claimed Marks 0.028ms
[90.615s][info][gc,marking  ] GC(166) Concurrent Cleanup for Next Mark
[90.618s][info][gc,marking  ] GC(166) Concurrent Cleanup for Next Mark 3.034ms
[90.618s][info][gc          ] GC(166) Concurrent Mark Cycle 2650.691ms
[90.906s][info][gc,start    ] GC(169) Pause Young (Prepare Mixed) (G1 Evacuation Pause)
[90.906s][info][gc,task     ] GC(169) Using 2 workers of 2 for evacuation
[90.955s][info][gc,phases   ] GC(169)   Pre Evacuate Collection Set: 0.32ms
[90.955s][info][gc,phases   ] GC(169)   Merge Heap Roots: 0.34ms
[90.955s][info][gc,phases   ] GC(169)   Evacuate Collection Set: 47.33ms
[90.955s][info][gc,phases   ] GC(169)   Post Evacuate Collection Set: 0.57ms
[90.955s][info][gc,phases   ] GC(169)   Other: 0.09ms
[90.955s][info][gc,heap     ] GC(169) Eden regions: 265->0(282)
[90.955s][info][gc,heap     ] GC(169) Survivor regions: 31->1(37)
[90.955s][info][gc,heap     ] GC(169) Old regions: 591->621
[90.955s][info][gc,heap     ] GC(169) Humongous regions: 10->10
[90.955s][info][gc,metaspace] GC(169) Metaspace: 17601K(17728K)->17601K(17728K) NonClass: 15792K(15872K)->15792K(15872K) Class: 1808K(1856K)->1808K(1856K)
[90.955s][info][gc          ] GC(169) Pause Young (Prepare Mixed) (G1 Evacuation Pause) 896M->631M(978M) 48.947ms
[90.955s][info][gc,cpu      ] GC(169) User=0.10s Sys=0.00s Real=0.05s
[91.418s][info][gc,start    ] GC(170) Pause Young (Mixed) (G1 Evacuation Pause)
[91.419s][info][gc,task     ] GC(170) Using 2 workers of 2 for evacuation
[91.438s][info][gc,phases   ] GC(170)   Pre Evacuate Collection Set: 0.52ms
[91.438s][info][gc,phases   ] GC(170)   Merge Heap Roots: 0.64ms
[91.438s][info][gc,phases   ] GC(170)   Evacuate Collection Set: 17.45ms
[91.438s][info][gc,phases   ] GC(170)   Post Evacuate Collection Set: 0.55ms
[91.438s][info][gc,phases   ] GC(170)   Other: 0.10ms
[91.438s][info][gc,heap     ] GC(170) Eden regions: 282->0(302)
[91.438s][info][gc,heap     ] GC(170) Survivor regions: 1->1(36)
[91.438s][info][gc,heap     ] GC(170) Old regions: 621->611
[91.438s][info][gc,heap     ] GC(170) Humongous regions: 10->10
[91.438s][info][gc,metaspace] GC(170) Metaspace: 17601K(17728K)->17601K(17728K) NonClass: 15792K(15872K)->15792K(15872K) Class: 1808K(1856K)->1808K(1856K)
[91.438s][info][gc          ] GC(170) Pause Young (Mixed) (G1 Evacuation Pause) 913M->622M(978M) 19.549ms
[91.438s][info][gc,cpu      ] GC(170) User=0.03s Sys=0.00s Real=0.02s
[91.962s][info][gc,start    ] GC(171) Pause Young (Concurrent Start) (G1 Evacuation Pause)
[91.962s][info][gc,task     ] GC(171) Using 2 workers of 2 for evacuation
[91.963s][info][gc,phases   ] GC(171)   Pre Evacuate Collection Set: 0.34ms
[91.964s][info][gc,phases   ] GC(171)   Merge Heap Roots: 0.09ms
[91.964s][info][gc,phases   ] GC(171)   Evacuate Collection Set: 0.57ms
[91.964s][info][gc,phases   ] GC(171)   Post Evacuate Collection Set: 0.53ms
[91.964s][info][gc,phases   ] GC(171)   Other: 0.22ms
[91.964s][info][gc,heap     ] GC(171) Eden regions: 302->0(305)
[91.964s][info][gc,heap     ] GC(171) Survivor regions: 1->1(38)
[91.964s][info][gc,heap     ] GC(171) Old regions: 611->611
[91.964s][info][gc,heap     ] GC(171) Humongous regions: 10->10
[91.964s][info][gc,metaspace] GC(171) Metaspace: 17601K(17728K)->17601K(17728K) NonClass: 15792K(15872K)->15792K(15872K) Class: 1808K(1856K)->1808K(1856K)
[91.964s][info][gc          ] GC(171) Pause Young (Concurrent Start) (G1 Evacuation Pause) 924M->621M(978M) 1.977ms
[91.964s][info][gc,cpu      ] GC(171) User=0.00s Sys=0.00s Real=0.00s
[91.964s][info][gc          ] GC(172) Concurrent Mark Cycle
[91.964s][info][gc,marking  ] GC(172) Concurrent Scan Root Regions
[91.966s][info][gc,marking  ] GC(172) Concurrent Scan Root Regions 2.030ms
[91.966s][info][gc,marking  ] GC(172) Concurrent Mark
[91.966s][info][gc,marking  ] GC(172) Concurrent Mark From Roots
[91.966s][info][gc,task     ] GC(172) Using 1 workers of 1 for marking
[92.814s][info][gc,start    ] GC(173) Pause Young (Normal) (G1 Evacuation Pause)
[92.814s][info][gc,task     ] GC(173) Using 2 workers of 2 for evacuation
[92.866s][info][gc,phases   ] GC(173)   Pre Evacuate Collection Set: 0.54ms
[92.866s][info][gc,phases   ] GC(173)   Merge Heap Roots: 0.36ms
[92.866s][info][gc,phases   ] GC(173)   Evacuate Collection Set: 50.23ms
[92.866s][info][gc,phases   ] GC(173)   Post Evacuate Collection Set: 0.59ms
[92.866s][info][gc,phases   ] GC(173)   Other: 0.09ms
[92.866s][info][gc,heap     ] GC(173) Eden regions: 305->0(237)
[92.866s][info][gc,heap     ] GC(173) Survivor regions: 1->35(39)
[92.866s][info][gc,heap     ] GC(173) Old regions: 611->611
[92.866s][info][gc,heap     ] GC(173) Humongous regions: 10->10
[92.866s][info][gc,metaspace] GC(173) Metaspace: 17601K(17728K)->17601K(17728K) NonClass: 15792K(15872K)->15792K(15872K) Class: 1808K(1856K)->1808K(1856K)
[92.866s][info][gc          ] GC(173) Pause Young (Normal) (G1 Evacuation Pause) 926M->656M(978M) 52.087ms
[92.866s][info][gc,cpu      ] GC(173) User=0.10s Sys=0.00s Real=0.05s
[93.169s][info][gc,start    ] GC(174) Pause Young (Normal) (G1 Evacuation Pause)
[93.169s][info][gc,task     ] GC(174) Using 2 workers of 2 for evacuation
[93.267s][info][gc,phases   ] GC(174)   Pre Evacuate Collection Set: 0.50ms
[93.267s][info][gc,phases   ] GC(174)   Merge Heap Roots: 0.41ms
[93.267s][info][gc,phases   ] GC(174)   Evacuate Collection Set: 96.15ms
[93.267s][info][gc,phases   ] GC(174)   Post Evacuate Collection Set: 0.60ms
[93.267s][info][gc,phases   ] GC(174)   Other: 0.13ms
[93.267s][info][gc,heap     ] GC(174) Eden regions: 237->0(212)
[93.267s][info][gc,heap     ] GC(174) Survivor regions: 35->30(34)
[93.267s][info][gc,heap     ] GC(174) Old regions: 611->646
[93.267s][info][gc,heap     ] GC(174) Humongous regions: 10->10
[93.267s][info][gc,metaspace] GC(174) Metaspace: 17601K(17728K)->17601K(17728K) NonClass: 15792K(15872K)->15792K(15872K) Class: 1808K(1856K)->1808K(1856K)
[93.267s][info][gc          ] GC(174) Pause Young (Normal) (G1 Evacuation Pause) 893M->685M(978M) 98.044ms
[93.267s][info][gc,cpu      ] GC(174) User=0.16s Sys=0.00s Real=0.10s
[93.571s][info][gc,start    ] GC(175) Pause Young (Normal) (G1 Evacuation Pause)
[93.572s][info][gc,task     ] GC(175) Using 2 workers of 2 for evacuation
[93.632s][info][gc,phases   ] GC(175)   Pre Evacuate Collection Set: 0.65ms
[93.632s][info][gc,phases   ] GC(175)   Merge Heap Roots: 0.36ms
[93.632s][info][gc,phases   ] GC(175)   Evacuate Collection Set: 58.31ms
[93.632s][info][gc,phases   ] GC(175)   Post Evacuate Collection Set: 0.53ms
[93.632s][info][gc,phases   ] GC(175)   Other: 0.12ms
[93.632s][info][gc,heap     ] GC(175) Eden regions: 212->0(214)
[93.632s][info][gc,heap     ] GC(175) Survivor regions: 30->14(31)
[93.632s][info][gc,heap     ] GC(175) Old regions: 646->676
[93.632s][info][gc,heap     ] GC(175) Humongous regions: 10->10
[93.632s][info][gc,metaspace] GC(175) Metaspace: 17601K(17728K)->17601K(17728K) NonClass: 15792K(15872K)->15792K(15872K) Class: 1808K(1856K)->1808K(1856K)
[93.632s][info][gc          ] GC(175) Pause Young (Normal) (G1 Evacuation Pause) 897M->699M(978M) 60.243ms
[93.632s][info][gc,cpu      ] GC(175) User=0.12s Sys=0.00s Real=0.06s
[93.821s][info][gc,marking  ] GC(172) Concurrent Mark From Roots 1855.662ms
[93.821s][info][gc,marking  ] GC(172) Concurrent Preclean
[93.822s][info][gc,marking  ] GC(172) Concurrent Preclean 0.025ms
[93.822s][info][gc,start    ] GC(172) Pause Remark
[93.829s][info][gc          ] GC(172) Pause Remark 827M->747M(978M) 7.108ms
[93.829s][info][gc,cpu      ] GC(172) User=0.02s Sys=0.00s Real=0.00s
[93.829s][info][gc,marking  ] GC(172) Concurrent Mark 1863.126ms
[93.829s][info][gc,marking  ] GC(172) Concurrent Rebuild Remembered Sets and Scrub Regions
[94.059s][info][gc,start    ] GC(176) Pause Young (Normal) (G1 Evacuation Pause)
[94.059s][info][gc,task     ] GC(176) Using 2 workers of 2 for evacuation
[94.134s][info][gc,phases   ] GC(176)   Pre Evacuate Collection Set: 0.33ms
[94.134s][info][gc,phases   ] GC(176)   Merge Heap Roots: 0.32ms
[94.134s][info][gc,phases   ] GC(176)   Evacuate Collection Set: 74.10ms
[94.134s][info][gc,phases   ] GC(176)   Post Evacuate Collection Set: 0.71ms
[94.134s][info][gc,phases   ] GC(176)   Other: 0.11ms
[94.134s][info][gc,heap     ] GC(176) Eden regions: 214->0(235)
[94.134s][info][gc,heap     ] GC(176) Survivor regions: 14->29(29)
[94.134s][info][gc,heap     ] GC(176) Old regions: 599->621
[94.134s][info][gc,heap     ] GC(176) Humongous regions: 7->7
[94.134s][info][gc,metaspace] GC(176) Metaspace: 17625K(17792K)->17625K(17792K) NonClass: 15816K(15936K)->15816K(15936K) Class: 1809K(1856K)->1809K(1856K)
[94.134s][info][gc          ] GC(176) Pause Young (Normal) (G1 Evacuation Pause) 833M->657M(978M) 75.827ms
[94.134s][info][gc,cpu      ] GC(176) User=0.15s Sys=0.00s Real=0.08s
[94.580s][info][gc,start    ] GC(177) Pause Young (Normal) (G1 Evacuation Pause)
[94.580s][info][gc,task     ] GC(177) Using 2 workers of 2 for evacuation
[94.636s][info][gc,phases   ] GC(177)   Pre Evacuate Collection Set: 0.29ms
[94.636s][info][gc,phases   ] GC(177)   Merge Heap Roots: 0.45ms
[94.636s][info][gc,phases   ] GC(177)   Evacuate Collection Set: 53.84ms
[94.636s][info][gc,phases   ] GC(177)   Post Evacuate Collection Set: 0.79ms
[94.636s][info][gc,phases   ] GC(177)   Other: 0.09ms
[94.636s][info][gc,heap     ] GC(177) Eden regions: 235->0(239)
[94.636s][info][gc,heap     ] GC(177) Survivor regions: 29->8(33)
[94.636s][info][gc,heap     ] GC(177) Old regions: 621->651
[94.636s][info][gc,heap     ] GC(177) Humongous regions: 7->7
[94.636s][info][gc,metaspace] GC(177) Metaspace: 17626K(17792K)->17626K(17792K) NonClass: 15817K(15936K)->15817K(15936K) Class: 1809K(1856K)->1809K(1856K)
[94.636s][info][gc          ] GC(177) Pause Young (Normal) (G1 Evacuation Pause) 892M->665M(978M) 55.724ms
[94.636s][info][gc,cpu      ] GC(177) User=0.11s Sys=0.00s Real=0.06s
[94.724s][info][gc,marking  ] GC(172) Concurrent Rebuild Remembered Sets and Scrub Regions 895.359ms
[94.724s][info][gc,start    ] GC(172) Pause Cleanup
[94.725s][info][gc          ] GC(172) Pause Cleanup 730M->730M(978M) 0.166ms
[94.725s][info][gc,cpu      ] GC(172) User=0.00s Sys=0.00s Real=0.00s
[94.725s][info][gc,marking  ] GC(172) Concurrent Clear Claimed Marks
[94.725s][info][gc,marking  ] GC(172) Concurrent Clear Claimed Marks 0.037ms
[94.725s][info][gc,marking  ] GC(172) Concurrent Cleanup for Next Mark
[94.733s][info][gc,marking  ] GC(172) Concurrent Cleanup for Next Mark 8.185ms
[94.733s][info][gc          ] GC(172) Concurrent Mark Cycle 2769.855ms
[94.995s][info][gc,start    ] GC(178) Pause Young (Prepare Mixed) (G1 Evacuation Pause)
[94.995s][info][gc,task     ] GC(178) Using 2 workers of 2 for evacuation
[95.026s][info][gc,phases   ] GC(178)   Pre Evacuate Collection Set: 0.58ms
[95.026s][info][gc,phases   ] GC(178)   Merge Heap Roots: 0.49ms
[95.026s][info][gc,phases   ] GC(178)   Evacuate Collection Set: 29.20ms
[95.026s][info][gc,phases   ] GC(178)   Post Evacuate Collection Set: 0.71ms
[95.026s][info][gc,phases   ] GC(178)   Other: 0.10ms
[95.026s][info][gc,heap     ] GC(178) Eden regions: 239->0(250)
[95.026s][info][gc,heap     ] GC(178) Survivor regions: 8->10(31)
[95.026s][info][gc,heap     ] GC(178) Old regions: 651->651
[95.026s][info][gc,heap     ] GC(178) Humongous regions: 7->7
[95.026s][info][gc,metaspace] GC(178) Metaspace: 17626K(17792K)->17626K(17792K) NonClass: 15817K(15936K)->15817K(15936K) Class: 1809K(1856K)->1809K(1856K)
[95.026s][info][gc          ] GC(178) Pause Young (Prepare Mixed) (G1 Evacuation Pause) 904M->667M(978M) 31.353ms
[95.026s][info][gc,cpu      ] GC(178) User=0.07s Sys=0.00s Real=0.03s
[95.371s][info][gc,start    ] GC(179) Pause Young (Mixed) (G1 Evacuation Pause)
[95.371s][info][gc,task     ] GC(179) Using 2 workers of 2 for evacuation
[95.466s][info][gc,phases   ] GC(179)   Pre Evacuate Collection Set: 0.30ms
[95.466s][info][gc,phases   ] GC(179)   Merge Heap Roots: 1.15ms
[95.466s][info][gc,phases   ] GC(179)   Evacuate Collection Set: 91.63ms
[95.466s][info][gc,phases   ] GC(179)   Post Evacuate Collection Set: 1.22ms
[95.466s][info][gc,phases   ] GC(179)   Other: 0.13ms
[95.466s][info][gc,heap     ] GC(179) Eden regions: 250->0(35)
[95.466s][info][gc,heap     ] GC(179) Survivor regions: 10->13(33)
[95.466s][info][gc,heap     ] GC(179) Old regions: 651->605
[95.466s][info][gc,heap     ] GC(179) Humongous regions: 7->7
[95.466s][info][gc,metaspace] GC(179) Metaspace: 17627K(17792K)->17627K(17792K) NonClass: 15818K(15936K)->15818K(15936K) Class: 1809K(1856K)->1809K(1856K)
[95.466s][info][gc          ] GC(179) Pause Young (Mixed) (G1 Evacuation Pause) 917M->625M(978M) 94.732ms
[95.466s][info][gc,cpu      ] GC(179) User=0.18s Sys=0.00s Real=0.09s
[95.600s][info][gc,start    ] GC(180) Pause Young (Mixed) (G1 Evacuation Pause)
[95.600s][info][gc,task     ] GC(180) Using 2 workers of 2 for evacuation
[95.802s][info][gc,mmu      ] GC(180) MMU target violated: 201.0ms (200.0ms/201.0ms)
[95.802s][info][gc,phases   ] GC(180)   Pre Evacuate Collection Set: 0.54ms
[95.802s][info][gc,phases   ] GC(180)   Merge Heap Roots: 1.55ms
[95.802s][info][gc,phases   ] GC(180)   Evacuate Collection Set: 198.55ms
[95.802s][info][gc,phases   ] GC(180)   Post Evacuate Collection Set: 0.42ms
[95.802s][info][gc,phases   ] GC(180)   Other: 0.17ms
[95.802s][info][gc,heap     ] GC(180) Eden regions: 35->0(301)
[95.802s][info][gc,heap     ] GC(180) Survivor regions: 13->1(6)
[95.802s][info][gc,heap     ] GC(180) Old regions: 605->616
[95.802s][info][gc,heap     ] GC(180) Humongous regions: 7->7
[95.802s][info][gc,metaspace] GC(180) Metaspace: 17627K(17792K)->17627K(17792K) NonClass: 15818K(15936K)->15818K(15936K) Class: 1809K(1856K)->1809K(1856K)
[95.802s][info][gc          ] GC(180) Pause Young (Mixed) (G1 Evacuation Pause) 660M->624M(978M) 201.433ms
[95.802s][info][gc,cpu      ] GC(180) User=0.40s Sys=0.00s Real=0.21s
[96.304s][info][gc,start    ] GC(181) Pause Young (Concurrent Start) (G1 Evacuation Pause)
[96.304s][info][gc,task     ] GC(181) Using 2 workers of 2 for evacuation
[96.425s][info][gc,phases   ] GC(181)   Pre Evacuate Collection Set: 0.43ms
[96.425s][info][gc,phases   ] GC(181)   Merge Heap Roots: 0.19ms
[96.425s][info][gc,phases   ] GC(181)   Evacuate Collection Set: 107.77ms
[96.425s][info][gc,phases   ] GC(181)   Post Evacuate Collection Set: 12.47ms
[96.425s][info][gc,phases   ] GC(181)   Other: 0.21ms
[96.425s][info][gc,heap     ] GC(181) Eden regions: 301->0(103)
[96.425s][info][gc,heap     ] GC(181) Survivor regions: 1->38(38)
[96.425s][info][gc,heap     ] GC(181) Old regions: 616->742
[96.425s][info][gc,heap     ] GC(181) Humongous regions: 7->7
[96.425s][info][gc,metaspace] GC(181) Metaspace: 17646K(17792K)->17646K(17792K) NonClass: 15834K(15936K)->15834K(15936K) Class: 1812K(1856K)->1812K(1856K)
[96.425s][info][gc          ] GC(181) Pause Young (Concurrent Start) (G1 Evacuation Pause) (Evacuation Failure: Allocation) 925M->787M(978M) 121.334ms
[96.426s][info][gc,cpu      ] GC(181) User=0.24s Sys=0.01s Real=0.12s
[96.426s][info][gc          ] GC(182) Concurrent Mark Cycle
[96.429s][info][gc,marking  ] GC(182) Concurrent Scan Root Regions
[96.602s][info][gc,marking  ] GC(182) Concurrent Scan Root Regions 172.976ms
[96.602s][info][gc,marking  ] GC(182) Concurrent Mark
[96.602s][info][gc,marking  ] GC(182) Concurrent Mark From Roots
[96.603s][info][gc,task     ] GC(182) Using 1 workers of 1 for marking
[96.878s][info][gc,start    ] GC(183) Pause Young (Normal) (G1 Evacuation Pause)
[96.878s][info][gc,task     ] GC(183) Using 2 workers of 2 for evacuation
[96.967s][info][gc,phases   ] GC(183)   Pre Evacuate Collection Set: 0.58ms
[96.967s][info][gc,phases   ] GC(183)   Merge Heap Roots: 0.52ms
[96.967s][info][gc,phases   ] GC(183)   Evacuate Collection Set: 87.96ms
[96.967s][info][gc,phases   ] GC(183)   Post Evacuate Collection Set: 0.51ms
[96.967s][info][gc,phases   ] GC(183)   Other: 0.11ms
[96.967s][info][gc,heap     ] GC(183) Eden regions: 103->0(180)
[96.967s][info][gc,heap     ] GC(183) Survivor regions: 38->13(18)
[96.967s][info][gc,heap     ] GC(183) Old regions: 742->715
[96.967s][info][gc,heap     ] GC(183) Humongous regions: 7->7
[96.967s][info][gc,metaspace] GC(183) Metaspace: 17654K(17792K)->17654K(17792K) NonClass: 15842K(15936K)->15842K(15936K) Class: 1812K(1856K)->1812K(1856K)
[96.968s][info][gc          ] GC(183) Pause Young (Normal) (G1 Evacuation Pause) 890M->734M(978M) 89.950ms
[96.968s][info][gc,cpu      ] GC(183) User=0.18s Sys=0.00s Real=0.09s
[97.358s][info][gc,start    ] GC(184) Pause Young (Normal) (G1 Evacuation Pause)
[97.358s][info][gc,task     ] GC(184) Using 2 workers of 2 for evacuation
[97.387s][info][gc,phases   ] GC(184)   Pre Evacuate Collection Set: 0.33ms
[97.387s][info][gc,phases   ] GC(184)   Merge Heap Roots: 0.24ms
[97.387s][info][gc,phases   ] GC(184)   Evacuate Collection Set: 27.61ms
[97.387s][info][gc,phases   ] GC(184)   Post Evacuate Collection Set: 0.46ms
[97.387s][info][gc,phases   ] GC(184)   Other: 0.09ms
[97.387s][info][gc,heap     ] GC(184) Eden regions: 180->0(190)
[97.387s][info][gc,heap     ] GC(184) Survivor regions: 13->6(25)
[97.387s][info][gc,heap     ] GC(184) Old regions: 715->719
[97.387s][info][gc,heap     ] GC(184) Humongous regions: 7->7
[97.387s][info][gc,metaspace] GC(184) Metaspace: 17654K(17792K)->17654K(17792K) NonClass: 15842K(15936K)->15842K(15936K) Class: 1812K(1856K)->1812K(1856K)
[97.387s][info][gc          ] GC(184) Pause Young (Normal) (G1 Evacuation Pause) 914M->731M(978M) 29.029ms
[97.387s][info][gc,cpu      ] GC(184) User=0.05s Sys=0.00s Real=0.03s
[98.107s][info][gc,start    ] GC(185) Pause Young (Normal) (G1 Evacuation Pause)
[98.107s][info][gc,task     ] GC(185) Using 2 workers of 2 for evacuation
[98.119s][info][gc,phases   ] GC(185)   Pre Evacuate Collection Set: 0.56ms
[98.119s][info][gc,phases   ] GC(185)   Merge Heap Roots: 0.18ms
[98.119s][info][gc,phases   ] GC(185)   Evacuate Collection Set: 10.68ms
[98.119s][info][gc,phases   ] GC(185)   Post Evacuate Collection Set: 0.46ms
[98.119s][info][gc,phases   ] GC(185)   Other: 0.11ms
[98.119s][info][gc,heap     ] GC(185) Eden regions: 190->0(190)
[98.119s][info][gc,heap     ] GC(185) Survivor regions: 6->6(25)
[98.119s][info][gc,heap     ] GC(185) Old regions: 719->719
[98.119s][info][gc,heap     ] GC(185) Humongous regions: 7->7
[98.119s][info][gc,metaspace] GC(185) Metaspace: 17654K(17792K)->17654K(17792K) NonClass: 15842K(15936K)->15842K(15936K) Class: 1812K(1856K)->1812K(1856K)
[98.119s][info][gc          ] GC(185) Pause Young (Normal) (G1 Evacuation Pause) 921M->731M(978M) 12.236ms
[98.119s][info][gc,cpu      ] GC(185) User=0.02s Sys=0.00s Real=0.01s
[98.953s][info][gc,start    ] GC(186) Pause Young (Normal) (G1 Evacuation Pause)
[98.953s][info][gc,task     ] GC(186) Using 2 workers of 2 for evacuation
[98.967s][info][gc,phases   ] GC(186)   Pre Evacuate Collection Set: 0.30ms
[98.967s][info][gc,phases   ] GC(186)   Merge Heap Roots: 0.20ms
[98.967s][info][gc,phases   ] GC(186)   Evacuate Collection Set: 13.07ms
[98.967s][info][gc,phases   ] GC(186)   Post Evacuate Collection Set: 0.50ms
[98.967s][info][gc,phases   ] GC(186)   Other: 0.10ms
[98.967s][info][gc,heap     ] GC(186) Eden regions: 190->0(186)
[98.967s][info][gc,heap     ] GC(186) Survivor regions: 6->8(25)
[98.967s][info][gc,heap     ] GC(186) Old regions: 719->719
[98.967s][info][gc,heap     ] GC(186) Humongous regions: 7->7
[98.967s][info][gc,metaspace] GC(186) Metaspace: 17658K(17792K)->17658K(17792K) NonClass: 15845K(15936K)->15845K(15936K) Class: 1812K(1856K)->1812K(1856K)
[98.967s][info][gc          ] GC(186) Pause Young (Normal) (G1 Evacuation Pause) 921M->733M(978M) 14.417ms
[98.967s][info][gc,cpu      ] GC(186) User=0.02s Sys=0.00s Real=0.01s
[99.324s][info][gc,start    ] GC(187) Pause Young (Normal) (G1 Evacuation Pause)
[99.324s][info][gc,task     ] GC(187) Using 2 workers of 2 for evacuation
[99.341s][info][gc,phases   ] GC(187)   Pre Evacuate Collection Set: 0.31ms
[99.341s][info][gc,phases   ] GC(187)   Merge Heap Roots: 0.21ms
[99.341s][info][gc,phases   ] GC(187)   Evacuate Collection Set: 15.40ms
[99.341s][info][gc,phases   ] GC(187)   Post Evacuate Collection Set: 0.45ms
[99.341s][info][gc,phases   ] GC(187)   Other: 0.10ms
[99.341s][info][gc,heap     ] GC(187) Eden regions: 186->0(184)
[99.341s][info][gc,heap     ] GC(187) Survivor regions: 8->9(25)
[99.341s][info][gc,heap     ] GC(187) Old regions: 719->719
[99.341s][info][gc,heap     ] GC(187) Humongous regions: 7->7
[99.341s][info][gc,metaspace] GC(187) Metaspace: 17659K(17792K)->17659K(17792K) NonClass: 15847K(15936K)->15847K(15936K) Class: 1812K(1856K)->1812K(1856K)
[99.341s][info][gc          ] GC(187) Pause Young (Normal) (G1 Evacuation Pause) 919M->734M(978M) 16.734ms
[99.341s][info][gc,cpu      ] GC(187) User=0.03s Sys=0.00s Real=0.02s
[99.464s][info][gc,marking  ] GC(182) Concurrent Mark From Roots 2861.483ms
[99.464s][info][gc,marking  ] GC(182) Concurrent Preclean
[99.464s][info][gc,marking  ] GC(182) Concurrent Preclean 0.025ms
[99.464s][info][gc,start    ] GC(182) Pause Remark
[99.471s][info][gc          ] GC(182) Pause Remark 770M->770M(978M) 7.246ms
[99.472s][info][gc,cpu      ] GC(182) User=0.02s Sys=0.00s Real=0.01s
[99.472s][info][gc,marking  ] GC(182) Concurrent Mark 2869.106ms
[99.472s][info][gc,marking  ] GC(182) Concurrent Rebuild Remembered Sets and Scrub Regions
[100.252s][info][gc,start    ] GC(188) Pause Young (Normal) (G1 Evacuation Pause)
[100.252s][info][gc,task     ] GC(188) Using 2 workers of 2 for evacuation
[100.309s][info][gc,phases   ] GC(188)   Pre Evacuate Collection Set: 0.56ms
[100.309s][info][gc,phases   ] GC(188)   Merge Heap Roots: 0.66ms
[100.309s][info][gc,phases   ] GC(188)   Evacuate Collection Set: 54.72ms
[100.309s][info][gc,phases   ] GC(188)   Post Evacuate Collection Set: 0.63ms
[100.309s][info][gc,phases   ] GC(188)   Other: 0.09ms
[100.309s][info][gc,heap     ] GC(188) Eden regions: 184->0(148)
[100.309s][info][gc,heap     ] GC(188) Survivor regions: 9->25(25)
[100.309s][info][gc,heap     ] GC(188) Old regions: 719->720
[100.309s][info][gc,heap     ] GC(188) Humongous regions: 10->10
[100.309s][info][gc,metaspace] GC(188) Metaspace: 17687K(17792K)->17687K(17792K) NonClass: 15872K(15936K)->15872K(15936K) Class: 1815K(1856K)->1815K(1856K)
[100.309s][info][gc          ] GC(188) Pause Young (Normal) (G1 Evacuation Pause) 921M->754M(978M) 56.925ms
[100.309s][info][gc,cpu      ] GC(188) User=0.11s Sys=0.00s Real=0.05s
[100.407s][info][gc,marking  ] GC(182) Concurrent Rebuild Remembered Sets and Scrub Regions 935.831ms
[100.408s][info][gc,start    ] GC(182) Pause Cleanup
[100.408s][info][gc          ] GC(182) Pause Cleanup 778M->778M(978M) 0.130ms
[100.408s][info][gc,cpu      ] GC(182) User=0.00s Sys=0.00s Real=0.00s
[100.409s][info][gc,marking  ] GC(182) Concurrent Clear Claimed Marks
[100.409s][info][gc,marking  ] GC(182) Concurrent Clear Claimed Marks 0.050ms
[100.410s][info][gc,marking  ] GC(182) Concurrent Cleanup for Next Mark
[100.415s][info][gc,marking  ] GC(182) Concurrent Cleanup for Next Mark 5.016ms
[100.415s][info][gc          ] GC(182) Concurrent Mark Cycle 3989.056ms
[100.683s][info][gc,start    ] GC(189) Pause Young (Prepare Mixed) (G1 Evacuation Pause)
[100.684s][info][gc,task     ] GC(189) Using 2 workers of 2 for evacuation
[100.763s][info][gc,phases   ] GC(189)   Pre Evacuate Collection Set: 0.48ms
[100.763s][info][gc,phases   ] GC(189)   Merge Heap Roots: 0.64ms
[100.763s][info][gc,phases   ] GC(189)   Evacuate Collection Set: 78.13ms
[100.763s][info][gc,phases   ] GC(189)   Post Evacuate Collection Set: 0.51ms
[100.763s][info][gc,phases   ] GC(189)   Other: 0.09ms
[100.763s][info][gc,heap     ] GC(189) Eden regions: 148->0(147)
[100.764s][info][gc,heap     ] GC(189) Survivor regions: 25->13(22)
[100.764s][info][gc,heap     ] GC(189) Old regions: 720->745
[100.764s][info][gc,heap     ] GC(189) Humongous regions: 10->10
[100.764s][info][gc,metaspace] GC(189) Metaspace: 17687K(17792K)->17687K(17792K) NonClass: 15872K(15936K)->15872K(15936K) Class: 1815K(1856K)->1815K(1856K)
[100.764s][info][gc          ] GC(189) Pause Young (Prepare Mixed) (G1 Evacuation Pause) 902M->767M(978M) 80.173ms
[100.764s][info][gc,cpu      ] GC(189) User=0.16s Sys=0.00s Real=0.08s
[100.973s][info][gc,start    ] GC(190) Pause Young (Mixed) (G1 Evacuation Pause)
[100.974s][info][gc,task     ] GC(190) Using 2 workers of 2 for evacuation
[101.036s][info][gc,phases   ] GC(190)   Pre Evacuate Collection Set: 0.32ms
[101.036s][info][gc,phases   ] GC(190)   Merge Heap Roots: 0.54ms
[101.036s][info][gc,phases   ] GC(190)   Evacuate Collection Set: 60.71ms
[101.036s][info][gc,phases   ] GC(190)   Post Evacuate Collection Set: 0.46ms
[101.036s][info][gc,phases   ] GC(190)   Other: 0.08ms
[101.036s][info][gc,heap     ] GC(190) Eden regions: 147->0(128)
[101.036s][info][gc,heap     ] GC(190) Survivor regions: 13->20(20)
[101.036s][info][gc,heap     ] GC(190) Old regions: 745->750
[101.036s][info][gc,heap     ] GC(190) Humongous regions: 10->10
[101.036s][info][gc,metaspace] GC(190) Metaspace: 17688K(17792K)->17688K(17792K) NonClass: 15873K(15936K)->15873K(15936K) Class: 1815K(1856K)->1815K(1856K)
[101.036s][info][gc          ] GC(190) Pause Young (Mixed) (G1 Evacuation Pause) 914M->779M(978M) 62.403ms
[101.036s][info][gc,cpu      ] GC(190) User=0.12s Sys=0.01s Real=0.06s
[101.178s][info][gc,start    ] GC(191) Pause Young (Concurrent Start) (G1 Evacuation Pause)
[101.178s][info][gc,task     ] GC(191) Using 2 workers of 2 for evacuation
[101.209s][info][gc,phases   ] GC(191)   Pre Evacuate Collection Set: 0.38ms
[101.209s][info][gc,phases   ] GC(191)   Merge Heap Roots: 0.17ms
[101.209s][info][gc,phases   ] GC(191)   Evacuate Collection Set: 29.90ms
[101.209s][info][gc,phases   ] GC(191)   Post Evacuate Collection Set: 0.42ms
[101.209s][info][gc,phases   ] GC(191)   Other: 0.14ms
[101.209s][info][gc,heap     ] GC(191) Eden regions: 128->0(138)
[101.209s][info][gc,heap     ] GC(191) Survivor regions: 20->5(19)
[101.209s][info][gc,heap     ] GC(191) Old regions: 750->770
[101.209s][info][gc,heap     ] GC(191) Humongous regions: 10->10
[101.209s][info][gc,metaspace] GC(191) Metaspace: 17694K(17792K)->17694K(17792K) NonClass: 15879K(15936K)->15879K(15936K) Class: 1815K(1856K)->1815K(1856K)
[101.209s][info][gc          ] GC(191) Pause Young (Concurrent Start) (G1 Evacuation Pause) 907M->784M(978M) 31.269ms
[101.209s][info][gc,cpu      ] GC(191) User=0.06s Sys=0.00s Real=0.03s
[101.209s][info][gc          ] GC(192) Concurrent Mark Cycle
[101.209s][info][gc,marking  ] GC(192) Concurrent Scan Root Regions
[101.266s][info][gc,marking  ] GC(192) Concurrent Scan Root Regions 57.016ms
[101.266s][info][gc,marking  ] GC(192) Concurrent Mark
[101.266s][info][gc,marking  ] GC(192) Concurrent Mark From Roots
[101.266s][info][gc,task     ] GC(192) Using 1 workers of 1 for marking
[101.550s][info][gc,start    ] GC(193) Pause Young (Normal) (G1 Evacuation Pause)
[101.550s][info][gc,task     ] GC(193) Using 2 workers of 2 for evacuation
[101.568s][info][gc,phases   ] GC(193)   Pre Evacuate Collection Set: 0.57ms
[101.568s][info][gc,phases   ] GC(193)   Merge Heap Roots: 0.28ms
[101.568s][info][gc,phases   ] GC(193)   Evacuate Collection Set: 16.43ms
[101.568s][info][gc,phases   ] GC(193)   Post Evacuate Collection Set: 0.45ms
[101.568s][info][gc,phases   ] GC(193)   Other: 0.13ms
[101.568s][info][gc,heap     ] GC(193) Eden regions: 138->0(134)
[101.568s][info][gc,heap     ] GC(193) Survivor regions: 5->7(18)
[101.568s][info][gc,heap     ] GC(193) Old regions: 770->770
[101.568s][info][gc,heap     ] GC(193) Humongous regions: 10->10
[101.568s][info][gc,metaspace] GC(193) Metaspace: 17701K(17856K)->17701K(17856K) NonClass: 15886K(16000K)->15886K(16000K) Class: 1815K(1856K)->1815K(1856K)
[101.568s][info][gc          ] GC(193) Pause Young (Normal) (G1 Evacuation Pause) 922M->787M(978M) 18.097ms
[101.568s][info][gc,cpu      ] GC(193) User=0.03s Sys=0.00s Real=0.02s
[101.900s][info][gc,start    ] GC(194) Pause Young (Normal) (G1 Evacuation Pause)
[101.900s][info][gc,task     ] GC(194) Using 2 workers of 2 for evacuation
[101.918s][info][gc,phases   ] GC(194)   Pre Evacuate Collection Set: 0.55ms
[101.918s][info][gc,phases   ] GC(194)   Merge Heap Roots: 0.20ms
[101.918s][info][gc,phases   ] GC(194)   Evacuate Collection Set: 17.10ms
[101.918s][info][gc,phases   ] GC(194)   Post Evacuate Collection Set: 0.45ms
[101.918s][info][gc,phases   ] GC(194)   Other: 0.11ms
[101.918s][info][gc,heap     ] GC(194) Eden regions: 134->0(128)
[101.918s][info][gc,heap     ] GC(194) Survivor regions: 7->10(18)
[101.918s][info][gc,heap     ] GC(194) Old regions: 770->770
[101.918s][info][gc,heap     ] GC(194) Humongous regions: 10->10
[101.918s][info][gc,metaspace] GC(194) Metaspace: 17704K(17856K)->17704K(17856K) NonClass: 15888K(16000K)->15888K(16000K) Class: 1815K(1856K)->1815K(1856K)
[101.918s][info][gc          ] GC(194) Pause Young (Normal) (G1 Evacuation Pause) 921M->790M(978M) 18.666ms
[101.918s][info][gc,cpu      ] GC(194) User=0.03s Sys=0.00s Real=0.02s
[102.078s][info][gc,start    ] GC(195) Pause Young (Normal) (G1 Evacuation Pause)
[102.079s][info][gc,task     ] GC(195) Using 2 workers of 2 for evacuation
[102.093s][info][gc,phases   ] GC(195)   Pre Evacuate Collection Set: 0.33ms
[102.093s][info][gc,phases   ] GC(195)   Merge Heap Roots: 0.15ms
[102.093s][info][gc,phases   ] GC(195)   Evacuate Collection Set: 13.84ms
[102.093s][info][gc,phases   ] GC(195)   Post Evacuate Collection Set: 0.42ms
[102.093s][info][gc,phases   ] GC(195)   Other: 0.10ms
[102.093s][info][gc,heap     ] GC(195) Eden regions: 128->0(131)
[102.093s][info][gc,heap     ] GC(195) Survivor regions: 10->6(18)
[102.093s][info][gc,heap     ] GC(195) Old regions: 770->775
[102.094s][info][gc,heap     ] GC(195) Humongous regions: 10->10
[102.094s][info][gc,metaspace] GC(195) Metaspace: 17704K(17856K)->17704K(17856K) NonClass: 15888K(16000K)->15888K(16000K) Class: 1815K(1856K)->1815K(1856K)
[102.094s][info][gc          ] GC(195) Pause Young (Normal) (G1 Evacuation Pause) 918M->790M(978M) 15.109ms
[102.094s][info][gc,cpu      ] GC(195) User=0.03s Sys=0.00s Real=0.02s
[102.327s][info][gc,start    ] GC(196) Pause Young (Normal) (G1 Evacuation Pause)
[102.327s][info][gc,task     ] GC(196) Using 2 workers of 2 for evacuation
[102.344s][info][gc,phases   ] GC(196)   Pre Evacuate Collection Set: 0.33ms
[102.344s][info][gc,phases   ] GC(196)   Merge Heap Roots: 0.15ms
[102.344s][info][gc,phases   ] GC(196)   Evacuate Collection Set: 15.50ms
[102.344s][info][gc,phases   ] GC(196)   Post Evacuate Collection Set: 0.44ms
[102.344s][info][gc,phases   ] GC(196)   Other: 0.13ms
[102.344s][info][gc,heap     ] GC(196) Eden regions: 131->0(121)
[102.344s][info][gc,heap     ] GC(196) Survivor regions: 6->11(18)
[102.344s][info][gc,heap     ] GC(196) Old regions: 775->775
[102.344s][info][gc,heap     ] GC(196) Humongous regions: 10->10
[102.344s][info][gc,metaspace] GC(196) Metaspace: 17713K(17920K)->17713K(17920K) NonClass: 15894K(16064K)->15894K(16064K) Class: 1818K(1856K)->1818K(1856K)
[102.344s][info][gc          ] GC(196) Pause Young (Normal) (G1 Evacuation Pause) 921M->794M(978M) 16.802ms
[102.344s][info][gc,cpu      ] GC(196) User=0.03s Sys=0.00s Real=0.02s
[102.662s][info][gc,start    ] GC(197) Pause Young (Normal) (G1 Evacuation Pause)
[102.662s][info][gc,task     ] GC(197) Using 2 workers of 2 for evacuation
[102.681s][info][gc,phases   ] GC(197)   Pre Evacuate Collection Set: 0.30ms
[102.681s][info][gc,phases   ] GC(197)   Merge Heap Roots: 0.16ms
[102.681s][info][gc,phases   ] GC(197)   Evacuate Collection Set: 18.50ms
[102.681s][info][gc,phases   ] GC(197)   Post Evacuate Collection Set: 0.42ms
[102.681s][info][gc,phases   ] GC(197)   Other: 0.12ms
[102.681s][info][gc,heap     ] GC(197) Eden regions: 121->0(116)
[102.681s][info][gc,heap     ] GC(197) Survivor regions: 11->12(17)
[102.681s][info][gc,heap     ] GC(197) Old regions: 775->778
[102.681s][info][gc,heap     ] GC(197) Humongous regions: 10->10
[102.681s][info][gc,metaspace] GC(197) Metaspace: 17713K(17920K)->17713K(17920K) NonClass: 15894K(16064K)->15894K(16064K) Class: 1818K(1856K)->1818K(1856K)
[102.681s][info][gc          ] GC(197) Pause Young (Normal) (G1 Evacuation Pause) 915M->798M(978M) 19.742ms
[102.681s][info][gc,cpu      ] GC(197) User=0.04s Sys=0.00s Real=0.02s
[102.931s][info][gc,start    ] GC(198) Pause Young (Normal) (G1 Evacuation Pause)
[102.931s][info][gc,task     ] GC(198) Using 2 workers of 2 for evacuation
[102.974s][info][gc,phases   ] GC(198)   Pre Evacuate Collection Set: 0.34ms
[102.974s][info][gc,phases   ] GC(198)   Merge Heap Roots: 0.21ms
[102.974s][info][gc,phases   ] GC(198)   Evacuate Collection Set: 41.90ms
[102.974s][info][gc,phases   ] GC(198)   Post Evacuate Collection Set: 0.41ms
[102.974s][info][gc,phases   ] GC(198)   Other: 0.08ms
[102.974s][info][gc,heap     ] GC(198) Eden regions: 116->0(91)
[102.974s][info][gc,heap     ] GC(198) Survivor regions: 12->16(16)
[102.974s][info][gc,heap     ] GC(198) Old regions: 778->795
[102.974s][info][gc,heap     ] GC(198) Humongous regions: 10->10
[102.974s][info][gc,metaspace] GC(198) Metaspace: 17713K(17920K)->17713K(17920K) NonClass: 15894K(16064K)->15894K(16064K) Class: 1818K(1856K)->1818K(1856K)
[102.974s][info][gc          ] GC(198) Pause Young (Normal) (G1 Evacuation Pause) 914M->820M(978M) 43.231ms
[102.974s][info][gc,cpu      ] GC(198) User=0.08s Sys=0.00s Real=0.04s
[103.359s][info][gc,start    ] GC(199) Pause Young (Normal) (G1 Evacuation Pause)
[103.359s][info][gc,task     ] GC(199) Using 2 workers of 2 for evacuation
[103.379s][info][gc,phases   ] GC(199)   Pre Evacuate Collection Set: 0.51ms
[103.379s][info][gc,phases   ] GC(199)   Merge Heap Roots: 0.11ms
[103.379s][info][gc,phases   ] GC(199)   Evacuate Collection Set: 18.97ms
[103.379s][info][gc,phases   ] GC(199)   Post Evacuate Collection Set: 0.37ms
[103.379s][info][gc,phases   ] GC(199)   Other: 0.11ms
[103.379s][info][gc,heap     ] GC(199) Eden regions: 91->0(105)
[103.379s][info][gc,heap     ] GC(199) Survivor regions: 16->1(14)
[103.379s][info][gc,heap     ] GC(199) Old regions: 795->811
[103.379s][info][gc,heap     ] GC(199) Humongous regions: 10->10
[103.379s][info][gc,metaspace] GC(199) Metaspace: 17717K(17920K)->17717K(17920K) NonClass: 15898K(16064K)->15898K(16064K) Class: 1818K(1856K)->1818K(1856K)
[103.379s][info][gc          ] GC(199) Pause Young (Normal) (G1 Evacuation Pause) 911M->822M(978M) 20.290ms
[103.379s][info][gc,cpu      ] GC(199) User=0.04s Sys=0.00s Real=0.02s
[104.015s][info][gc,start    ] GC(200) Pause Young (Normal) (G1 Evacuation Pause)
[104.015s][info][gc,task     ] GC(200) Using 2 workers of 2 for evacuation
[104.016s][info][gc,phases   ] GC(200)   Pre Evacuate Collection Set: 0.32ms
[104.016s][info][gc,phases   ] GC(200)   Merge Heap Roots: 0.08ms
[104.016s][info][gc,phases   ] GC(200)   Evacuate Collection Set: 0.70ms
[104.016s][info][gc,phases   ] GC(200)   Post Evacuate Collection Set: 0.34ms
[104.016s][info][gc,phases   ] GC(200)   Other: 0.10ms
[104.016s][info][gc,heap     ] GC(200) Eden regions: 105->0(105)
[104.016s][info][gc,heap     ] GC(200) Survivor regions: 1->1(14)
[104.016s][info][gc,heap     ] GC(200) Old regions: 811->811
[104.016s][info][gc,heap     ] GC(200) Humongous regions: 10->10
[104.016s][info][gc,metaspace] GC(200) Metaspace: 17736K(17920K)->17736K(17920K) NonClass: 15918K(16064K)->15918K(16064K) Class: 1818K(1856K)->1818K(1856K)
[104.016s][info][gc          ] GC(200) Pause Young (Normal) (G1 Evacuation Pause) 927M->821M(978M) 1.788ms
[104.016s][info][gc,cpu      ] GC(200) User=0.00s Sys=0.00s Real=0.00s
[104.329s][info][gc,marking  ] GC(192) Concurrent Mark From Roots 3062.581ms
[104.329s][info][gc,marking  ] GC(192) Concurrent Preclean
[104.329s][info][gc,marking  ] GC(192) Concurrent Preclean 0.044ms
[104.329s][info][gc,start    ] GC(192) Pause Remark
[104.338s][info][gc          ] GC(192) Pause Remark 914M->913M(978M) 9.253ms
[104.338s][info][gc,cpu      ] GC(192) User=0.02s Sys=0.00s Real=0.01s
[104.340s][info][gc,marking  ] GC(192) Concurrent Mark 3073.590ms
[104.340s][info][gc,marking  ] GC(192) Concurrent Rebuild Remembered Sets and Scrub Regions
[104.363s][info][gc,start    ] GC(201) Pause Young (Normal) (G1 Evacuation Pause)
[104.363s][info][gc,task     ] GC(201) Using 2 workers of 2 for evacuation
[104.364s][info][gc,phases   ] GC(201)   Pre Evacuate Collection Set: 0.30ms
[104.364s][info][gc,phases   ] GC(201)   Merge Heap Roots: 0.07ms
[104.364s][info][gc,phases   ] GC(201)   Evacuate Collection Set: 0.79ms
[104.364s][info][gc,phases   ] GC(201)   Post Evacuate Collection Set: 0.32ms
[104.365s][info][gc,phases   ] GC(201)   Other: 0.11ms
[104.365s][info][gc,heap     ] GC(201) Eden regions: 105->0(106)
[104.365s][info][gc,heap     ] GC(201) Survivor regions: 1->1(14)
[104.365s][info][gc,heap     ] GC(201) Old regions: 811->811
[104.365s][info][gc,heap     ] GC(201) Humongous regions: 9->9
[104.365s][info][gc,metaspace] GC(201) Metaspace: 17736K(17920K)->17736K(17920K) NonClass: 15918K(16064K)->15918K(16064K) Class: 1818K(1856K)->1818K(1856K)
[104.365s][info][gc          ] GC(201) Pause Young (Normal) (G1 Evacuation Pause) 925M->820M(978M) 1.805ms
[104.365s][info][gc,cpu      ] GC(201) User=0.01s Sys=0.00s Real=0.00s
[104.624s][info][gc,start    ] GC(202) Pause Young (Normal) (G1 Evacuation Pause)
[104.624s][info][gc,task     ] GC(202) Using 2 workers of 2 for evacuation
[104.626s][info][gc,phases   ] GC(202)   Pre Evacuate Collection Set: 0.58ms
[104.626s][info][gc,phases   ] GC(202)   Merge Heap Roots: 0.08ms
[104.626s][info][gc,phases   ] GC(202)   Evacuate Collection Set: 0.85ms
[104.626s][info][gc,phases   ] GC(202)   Post Evacuate Collection Set: 0.33ms
[104.626s][info][gc,phases   ] GC(202)   Other: 0.10ms
[104.626s][info][gc,heap     ] GC(202) Eden regions: 106->0(106)
[104.626s][info][gc,heap     ] GC(202) Survivor regions: 1->1(14)
[104.626s][info][gc,heap     ] GC(202) Old regions: 811->811
[104.626s][info][gc,heap     ] GC(202) Humongous regions: 9->9
[104.626s][info][gc,metaspace] GC(202) Metaspace: 17736K(17920K)->17736K(17920K) NonClass: 15918K(16064K)->15918K(16064K) Class: 1818K(1856K)->1818K(1856K)
[104.626s][info][gc          ] GC(202) Pause Young (Normal) (G1 Evacuation Pause) 926M->820M(978M) 2.193ms
[104.626s][info][gc,cpu      ] GC(202) User=0.00s Sys=0.00s Real=0.00s
[105.439s][info][gc,marking  ] GC(192) Concurrent Rebuild Remembered Sets and Scrub Regions 1099.271ms
[105.439s][info][gc,start    ] GC(192) Pause Cleanup
[105.440s][info][gc          ] GC(192) Pause Cleanup 859M->859M(978M) 0.192ms
[105.440s][info][gc,cpu      ] GC(192) User=0.00s Sys=0.00s Real=0.00s
[105.440s][info][gc,marking  ] GC(192) Concurrent Clear Claimed Marks
[105.440s][info][gc,marking  ] GC(192) Concurrent Clear Claimed Marks 0.032ms
[105.440s][info][gc,marking  ] GC(192) Concurrent Cleanup for Next Mark
[105.443s][info][gc,marking  ] GC(192) Concurrent Cleanup for Next Mark 3.104ms
[105.443s][info][gc          ] GC(192) Concurrent Mark Cycle 4233.742ms
[106.528s][info][gc,start    ] GC(203) Pause Young (Prepare Mixed) (G1 Evacuation Pause)
[106.528s][info][gc,task     ] GC(203) Using 2 workers of 2 for evacuation
[106.531s][info][gc,phases   ] GC(203)   Pre Evacuate Collection Set: 0.31ms
[106.531s][info][gc,phases   ] GC(203)   Merge Heap Roots: 0.15ms
[106.531s][info][gc,phases   ] GC(203)   Evacuate Collection Set: 1.87ms
[106.531s][info][gc,phases   ] GC(203)   Post Evacuate Collection Set: 0.36ms
[106.531s][info][gc,phases   ] GC(203)   Other: 0.10ms
[106.531s][info][gc,heap     ] GC(203) Eden regions: 106->0(106)
[106.531s][info][gc,heap     ] GC(203) Survivor regions: 1->1(14)
[106.531s][info][gc,heap     ] GC(203) Old regions: 811->811
[106.531s][info][gc,heap     ] GC(203) Humongous regions: 9->9
[106.531s][info][gc,metaspace] GC(203) Metaspace: 17739K(17920K)->17739K(17920K) NonClass: 15920K(16064K)->15920K(16064K) Class: 1818K(1856K)->1818K(1856K)
[106.531s][info][gc          ] GC(203) Pause Young (Prepare Mixed) (G1 Evacuation Pause) 926M->820M(978M) 3.022ms
[106.531s][info][gc,cpu      ] GC(203) User=0.01s Sys=0.00s Real=0.01s
[107.258s][info][gc,start    ] GC(204) Pause Young (Mixed) (G1 Evacuation Pause)
[107.259s][info][gc,task     ] GC(204) Using 2 workers of 2 for evacuation
[107.295s][info][gc,phases   ] GC(204)   Pre Evacuate Collection Set: 0.32ms
[107.295s][info][gc,phases   ] GC(204)   Merge Heap Roots: 0.63ms
[107.295s][info][gc,phases   ] GC(204)   Evacuate Collection Set: 35.01ms
[107.295s][info][gc,phases   ] GC(204)   Post Evacuate Collection Set: 0.38ms
[107.295s][info][gc,phases   ] GC(204)   Other: 0.08ms
[107.295s][info][gc,heap     ] GC(204) Eden regions: 106->0(110)
[107.295s][info][gc,heap     ] GC(204) Survivor regions: 1->2(14)
[107.295s][info][gc,heap     ] GC(204) Old regions: 811->805
[107.295s][info][gc,heap     ] GC(204) Humongous regions: 9->9
[107.295s][info][gc,metaspace] GC(204) Metaspace: 17741K(17920K)->17741K(17920K) NonClass: 15922K(16064K)->15922K(16064K) Class: 1818K(1856K)->1818K(1856K)
[107.295s][info][gc          ] GC(204) Pause Young (Mixed) (G1 Evacuation Pause) 926M->814M(978M) 36.703ms
[107.295s][info][gc,cpu      ] GC(204) User=0.07s Sys=0.00s Real=0.04s
[108.116s][info][gc,start    ] GC(205) Pause Young (Concurrent Start) (G1 Evacuation Pause)
[108.116s][info][gc,task     ] GC(205) Using 2 workers of 2 for evacuation
[108.122s][info][gc,phases   ] GC(205)   Pre Evacuate Collection Set: 0.33ms
[108.122s][info][gc,phases   ] GC(205)   Merge Heap Roots: 0.12ms
[108.122s][info][gc,phases   ] GC(205)   Evacuate Collection Set: 4.47ms
[108.122s][info][gc,phases   ] GC(205)   Post Evacuate Collection Set: 0.41ms
[108.122s][info][gc,phases   ] GC(205)   Other: 0.17ms
[108.122s][info][gc,heap     ] GC(205) Eden regions: 110->0(108)
[108.122s][info][gc,heap     ] GC(205) Survivor regions: 2->3(14)
[108.122s][info][gc,heap     ] GC(205) Old regions: 805->805
[108.122s][info][gc,heap     ] GC(205) Humongous regions: 9->9
[108.122s][info][gc,metaspace] GC(205) Metaspace: 17872K(17984K)->17872K(17984K) NonClass: 16044K(16128K)->16044K(16128K) Class: 1827K(1856K)->1827K(1856K)
[108.122s][info][gc          ] GC(205) Pause Young (Concurrent Start) (G1 Evacuation Pause) 924M->815M(978M) 5.766ms
[108.122s][info][gc,cpu      ] GC(205) User=0.01s Sys=0.00s Real=0.01s
[108.122s][info][gc          ] GC(206) Concurrent Mark Cycle
[108.122s][info][gc,marking  ] GC(206) Concurrent Scan Root Regions
[108.128s][info][gc,marking  ] GC(206) Concurrent Scan Root Regions 6.073ms
[108.128s][info][gc,marking  ] GC(206) Concurrent Mark
[108.128s][info][gc,marking  ] GC(206) Concurrent Mark From Roots
[108.128s][info][gc,task     ] GC(206) Using 1 workers of 1 for marking
[108.754s][info][gc,start    ] GC(207) Pause Young (Normal) (G1 Evacuation Pause)
[108.754s][info][gc,task     ] GC(207) Using 2 workers of 2 for evacuation
[108.759s][info][gc,phases   ] GC(207)   Pre Evacuate Collection Set: 0.47ms
[108.759s][info][gc,phases   ] GC(207)   Merge Heap Roots: 0.13ms
[108.759s][info][gc,phases   ] GC(207)   Evacuate Collection Set: 4.34ms
[108.759s][info][gc,phases   ] GC(207)   Post Evacuate Collection Set: 0.39ms
[108.759s][info][gc,phases   ] GC(207)   Other: 0.10ms
[108.759s][info][gc,heap     ] GC(207) Eden regions: 108->0(106)
[108.759s][info][gc,heap     ] GC(207) Survivor regions: 3->4(14)
[108.759s][info][gc,heap     ] GC(207) Old regions: 805->805
[108.759s][info][gc,heap     ] GC(207) Humongous regions: 9->9
[108.759s][info][gc,metaspace] GC(207) Metaspace: 17949K(18112K)->17949K(18112K) NonClass: 16120K(16256K)->16120K(16256K) Class: 1828K(1856K)->1828K(1856K)
[108.759s][info][gc          ] GC(207) Pause Young (Normal) (G1 Evacuation Pause) 923M->816M(978M) 5.643ms
[108.759s][info][gc,cpu      ] GC(207) User=0.01s Sys=0.00s Real=0.00s
[109.162s][info][gc,start    ] GC(208) Pause Young (Normal) (G1 Evacuation Pause)
[109.163s][info][gc,task     ] GC(208) Using 2 workers of 2 for evacuation
[109.169s][info][gc,phases   ] GC(208)   Pre Evacuate Collection Set: 0.49ms
[109.169s][info][gc,phases   ] GC(208)   Merge Heap Roots: 0.13ms
[109.169s][info][gc,phases   ] GC(208)   Evacuate Collection Set: 5.59ms
[109.169s][info][gc,phases   ] GC(208)   Post Evacuate Collection Set: 0.46ms
[109.169s][info][gc,phases   ] GC(208)   Other: 0.08ms
[109.169s][info][gc,heap     ] GC(208) Eden regions: 106->0(106)
[109.169s][info][gc,heap     ] GC(208) Survivor regions: 4->4(14)
[109.169s][info][gc,heap     ] GC(208) Old regions: 805->805
[109.169s][info][gc,heap     ] GC(208) Humongous regions: 9->9
[109.169s][info][gc,metaspace] GC(208) Metaspace: 17971K(18112K)->17971K(18112K) NonClass: 16142K(16256K)->16142K(16256K) Class: 1828K(1856K)->1828K(1856K)
[109.169s][info][gc          ] GC(208) Pause Young (Normal) (G1 Evacuation Pause) 922M->816M(978M) 6.994ms
[109.169s][info][gc,cpu      ] GC(208) User=0.01s Sys=0.00s Real=0.00s
[109.680s][info][gc,marking  ] GC(206) Concurrent Mark From Roots 1551.484ms
[109.680s][info][gc,marking  ] GC(206) Concurrent Preclean
[109.680s][info][gc,marking  ] GC(206) Concurrent Preclean 0.023ms
[109.683s][info][gc,start    ] GC(206) Pause Remark
[109.693s][info][gc          ] GC(206) Pause Remark 913M->734M(978M) 9.821ms
[109.693s][info][gc,cpu      ] GC(206) User=0.02s Sys=0.00s Real=0.01s
[109.694s][info][gc,marking  ] GC(206) Concurrent Mark 1566.188ms
[109.695s][info][gc,marking  ] GC(206) Concurrent Rebuild Remembered Sets and Scrub Regions
[109.740s][info][gc,start    ] GC(209) Pause Young (Normal) (G1 Evacuation Pause)
[109.740s][info][gc,task     ] GC(209) Using 2 workers of 2 for evacuation
[109.746s][info][gc,phases   ] GC(209)   Pre Evacuate Collection Set: 0.32ms
[109.746s][info][gc,phases   ] GC(209)   Merge Heap Roots: 0.20ms
[109.746s][info][gc,phases   ] GC(209)   Evacuate Collection Set: 5.25ms
[109.746s][info][gc,phases   ] GC(209)   Post Evacuate Collection Set: 0.39ms
[109.746s][info][gc,phases   ] GC(209)   Other: 0.12ms
[109.746s][info][gc,heap     ] GC(209) Eden regions: 106->0(286)
[109.746s][info][gc,heap     ] GC(209) Survivor regions: 4->4(14)
[109.746s][info][gc,heap     ] GC(209) Old regions: 629->629
[109.746s][info][gc,heap     ] GC(209) Humongous regions: 5->5
[109.746s][info][gc,metaspace] GC(209) Metaspace: 18004K(18112K)->18004K(18112K) NonClass: 16175K(16256K)->16175K(16256K) Class: 1828K(1856K)->1828K(1856K)
[109.746s][info][gc          ] GC(209) Pause Young (Normal) (G1 Evacuation Pause) 743M->637M(978M) 6.516ms
[109.746s][info][gc,cpu      ] GC(209) User=0.01s Sys=0.00s Real=0.01s
[110.392s][info][gc,marking  ] GC(206) Concurrent Rebuild Remembered Sets and Scrub Regions 697.066ms
[110.392s][info][gc,start    ] GC(206) Pause Cleanup
[110.392s][info][gc          ] GC(206) Pause Cleanup 882M->882M(978M) 0.183ms
[110.392s][info][gc,cpu      ] GC(206) User=0.00s Sys=0.00s Real=0.00s
[110.393s][info][gc,marking  ] GC(206) Concurrent Clear Claimed Marks
[110.393s][info][gc,marking  ] GC(206) Concurrent Clear Claimed Marks 0.044ms
[110.393s][info][gc,marking  ] GC(206) Concurrent Cleanup for Next Mark
[110.397s][info][gc,marking  ] GC(206) Concurrent Cleanup for Next Mark 4.037ms
[110.397s][info][gc          ] GC(206) Concurrent Mark Cycle 2274.900ms
[110.433s][info][gc,start    ] GC(210) Pause Young (Prepare Mixed) (G1 Evacuation Pause)
[110.433s][info][gc,task     ] GC(210) Using 2 workers of 2 for evacuation
[110.555s][info][gc,phases   ] GC(210)   Pre Evacuate Collection Set: 0.50ms
[110.555s][info][gc,phases   ] GC(210)   Merge Heap Roots: 0.18ms
[110.555s][info][gc,phases   ] GC(210)   Evacuate Collection Set: 104.83ms
[110.555s][info][gc,phases   ] GC(210)   Post Evacuate Collection Set: 15.92ms
[110.555s][info][gc,phases   ] GC(210)   Other: 0.09ms
[110.555s][info][gc,heap     ] GC(210) Eden regions: 286->0(67)
[110.555s][info][gc,heap     ] GC(210) Survivor regions: 4->37(37)
[110.555s][info][gc,heap     ] GC(210) Old regions: 629->782
[110.555s][info][gc,heap     ] GC(210) Humongous regions: 5->5
[110.555s][info][gc,metaspace] GC(210) Metaspace: 18133K(18240K)->18133K(18240K) NonClass: 16305K(16384K)->16305K(16384K) Class: 1828K(1856K)->1828K(1856K)
[110.555s][info][gc          ] GC(210) Pause Young (Prepare Mixed) (G1 Evacuation Pause) (Evacuation Failure: Allocation) 923M->824M(978M) 121.794ms
[110.555s][info][gc,cpu      ] GC(210) User=0.23s Sys=0.00s Real=0.12s
[110.654s][info][gc,start    ] GC(211) Pause Young (Mixed) (G1 Evacuation Pause)
[110.654s][info][gc,task     ] GC(211) Using 2 workers of 2 for evacuation
[110.749s][info][gc,phases   ] GC(211)   Pre Evacuate Collection Set: 0.59ms
[110.749s][info][gc,phases   ] GC(211)   Merge Heap Roots: 1.15ms
[110.749s][info][gc,phases   ] GC(211)   Evacuate Collection Set: 92.57ms
[110.749s][info][gc,phases   ] GC(211)   Post Evacuate Collection Set: 0.71ms
[110.749s][info][gc,phases   ] GC(211)   Other: 0.11ms
[110.749s][info][gc,heap     ] GC(211) Eden regions: 67->0(215)
[110.749s][info][gc,heap     ] GC(211) Survivor regions: 37->13(13)
[110.749s][info][gc,heap     ] GC(211) Old regions: 782->668
[110.749s][info][gc,heap     ] GC(211) Humongous regions: 5->5
[110.749s][info][gc,metaspace] GC(211) Metaspace: 18133K(18240K)->18133K(18240K) NonClass: 16305K(16384K)->16305K(16384K) Class: 1828K(1856K)->1828K(1856K)
[110.749s][info][gc          ] GC(211) Pause Young (Mixed) (G1 Evacuation Pause) 891M->685M(978M) 95.400ms
[110.749s][info][gc,cpu      ] GC(211) User=0.19s Sys=0.00s Real=0.09s
[111.297s][info][gc,start    ] GC(212) Pause Young (Mixed) (G1 Evacuation Pause)
[111.297s][info][gc,task     ] GC(212) Using 2 workers of 2 for evacuation
[111.464s][info][gc,phases   ] GC(212)   Pre Evacuate Collection Set: 0.58ms
[111.464s][info][gc,phases   ] GC(212)   Merge Heap Roots: 1.06ms
[111.464s][info][gc,phases   ] GC(212)   Evacuate Collection Set: 152.66ms
[111.464s][info][gc,phases   ] GC(212)   Post Evacuate Collection Set: 12.86ms
[111.464s][info][gc,phases   ] GC(212)   Other: 0.10ms
[111.464s][info][gc,heap     ] GC(212) Eden regions: 215->0(78)
[111.464s][info][gc,heap     ] GC(212) Survivor regions: 13->29(29)
[111.464s][info][gc,heap     ] GC(212) Old regions: 668->786
[111.464s][info][gc,heap     ] GC(212) Humongous regions: 6->6
[111.464s][info][gc,metaspace] GC(212) Metaspace: 18137K(18240K)->18137K(18240K) NonClass: 16309K(16384K)->16309K(16384K) Class: 1828K(1856K)->1828K(1856K)
[111.464s][info][gc          ] GC(212) Pause Young (Mixed) (G1 Evacuation Pause) (Evacuation Failure: Allocation) 901M->821M(978M) 167.556ms
[111.464s][info][gc,cpu      ] GC(212) User=0.34s Sys=0.00s Real=0.17s
[111.657s][info][gc,start    ] GC(213) Pause Young (Concurrent Start) (G1 Evacuation Pause)
[111.657s][info][gc,task     ] GC(213) Using 2 workers of 2 for evacuation
[111.740s][info][gc,phases   ] GC(213)   Pre Evacuate Collection Set: 0.40ms
[111.740s][info][gc,phases   ] GC(213)   Merge Heap Roots: 0.86ms
[111.740s][info][gc,phases   ] GC(213)   Evacuate Collection Set: 81.46ms
[111.740s][info][gc,phases   ] GC(213)   Post Evacuate Collection Set: 0.61ms
[111.740s][info][gc,phases   ] GC(213)   Other: 0.11ms
[111.740s][info][gc,heap     ] GC(213) Eden regions: 78->0(196)
[111.740s][info][gc,heap     ] GC(213) Survivor regions: 29->6(14)
[111.740s][info][gc,heap     ] GC(213) Old regions: 786->701
[111.740s][info][gc,heap     ] GC(213) Humongous regions: 6->6
[111.740s][info][gc,metaspace] GC(213) Metaspace: 18170K(18304K)->18170K(18304K) NonClass: 16341K(16448K)->16341K(16448K) Class: 1828K(1856K)->1828K(1856K)
[111.740s][info][gc          ] GC(213) Pause Young (Concurrent Start) (G1 Evacuation Pause) 899M->712M(978M) 83.728ms
[111.740s][info][gc          ] GC(214) Concurrent Mark Cycle
[111.740s][info][gc,marking  ] GC(214) Concurrent Scan Root Regions
[111.742s][info][gc,cpu      ] GC(213) User=0.16s Sys=0.00s Real=0.09s
[111.833s][info][gc,marking  ] GC(214) Concurrent Scan Root Regions 92.388ms
[111.833s][info][gc,marking  ] GC(214) Concurrent Mark
[111.833s][info][gc,marking  ] GC(214) Concurrent Mark From Roots
[111.833s][info][gc,task     ] GC(214) Using 1 workers of 1 for marking
[112.153s][info][gc,start    ] GC(215) Pause Young (Normal) (G1 Evacuation Pause)
[112.153s][info][gc,task     ] GC(215) Using 2 workers of 2 for evacuation
[112.246s][info][gc,phases   ] GC(215)   Pre Evacuate Collection Set: 0.51ms
[112.246s][info][gc,phases   ] GC(215)   Merge Heap Roots: 0.53ms
[112.246s][info][gc,phases   ] GC(215)   Evacuate Collection Set: 91.00ms
[112.246s][info][gc,phases   ] GC(215)   Post Evacuate Collection Set: 0.57ms
[112.246s][info][gc,phases   ] GC(215)   Other: 0.09ms
[112.246s][info][gc,heap     ] GC(215) Eden regions: 196->0(153)
[112.246s][info][gc,heap     ] GC(215) Survivor regions: 6->26(26)
[112.246s][info][gc,heap     ] GC(215) Old regions: 701->714
[112.246s][info][gc,heap     ] GC(215) Humongous regions: 9->9
[112.246s][info][gc,metaspace] GC(215) Metaspace: 18178K(18304K)->18178K(18304K) NonClass: 16349K(16448K)->16349K(16448K) Class: 1828K(1856K)->1828K(1856K)
[112.246s][info][gc          ] GC(215) Pause Young (Normal) (G1 Evacuation Pause) 911M->749M(978M) 92.996ms
[112.246s][info][gc,cpu      ] GC(215) User=0.19s Sys=0.00s Real=0.09s
[112.564s][info][gc,start    ] GC(216) Pause Young (Normal) (G1 Evacuation Pause)
[112.564s][info][gc,task     ] GC(216) Using 2 workers of 2 for evacuation
[112.619s][info][gc,phases   ] GC(216)   Pre Evacuate Collection Set: 0.54ms
[112.619s][info][gc,phases   ] GC(216)   Merge Heap Roots: 0.32ms
[112.619s][info][gc,phases   ] GC(216)   Evacuate Collection Set: 53.41ms
[112.619s][info][gc,phases   ] GC(216)   Post Evacuate Collection Set: 0.49ms
[112.619s][info][gc,phases   ] GC(216)   Other: 0.09ms
[112.619s][info][gc,heap     ] GC(216) Eden regions: 153->0(161)
[112.619s][info][gc,heap     ] GC(216) Survivor regions: 26->8(23)
[112.619s][info][gc,heap     ] GC(216) Old regions: 714->740
[112.619s][info][gc,heap     ] GC(216) Humongous regions: 9->9
[112.619s][info][gc,metaspace] GC(216) Metaspace: 18187K(18304K)->18187K(18304K) NonClass: 16359K(16448K)->16359K(16448K) Class: 1828K(1856K)->1828K(1856K)
[112.619s][info][gc          ] GC(216) Pause Young (Normal) (G1 Evacuation Pause) 902M->757M(978M) 55.126ms
[112.619s][info][gc,cpu      ] GC(216) User=0.11s Sys=0.00s Real=0.05s
[112.922s][info][gc,start    ] GC(217) Pause Young (Normal) (G1 Evacuation Pause)
[112.922s][info][gc,task     ] GC(217) Using 2 workers of 2 for evacuation
[112.942s][info][gc,phases   ] GC(217)   Pre Evacuate Collection Set: 0.50ms
[112.942s][info][gc,phases   ] GC(217)   Merge Heap Roots: 0.19ms
[112.942s][info][gc,phases   ] GC(217)   Evacuate Collection Set: 18.72ms
[112.942s][info][gc,phases   ] GC(217)   Post Evacuate Collection Set: 0.47ms
[112.942s][info][gc,phases   ] GC(217)   Other: 0.13ms
[112.942s][info][gc,heap     ] GC(217) Eden regions: 161->0(155)
[112.942s][info][gc,heap     ] GC(217) Survivor regions: 8->12(22)
[112.942s][info][gc,heap     ] GC(217) Old regions: 740->740
[112.942s][info][gc,heap     ] GC(217) Humongous regions: 9->9
[112.942s][info][gc,metaspace] GC(217) Metaspace: 18187K(18304K)->18187K(18304K) NonClass: 16359K(16448K)->16359K(16448K) Class: 1828K(1856K)->1828K(1856K)
[112.942s][info][gc          ] GC(217) Pause Young (Normal) (G1 Evacuation Pause) 918M->761M(978M) 20.265ms
[112.942s][info][gc,cpu      ] GC(217) User=0.04s Sys=0.00s Real=0.02s
[113.317s][info][gc,start    ] GC(218) Pause Young (Normal) (G1 Evacuation Pause)
[113.317s][info][gc,task     ] GC(218) Using 2 workers of 2 for evacuation
[113.338s][info][gc,phases   ] GC(218)   Pre Evacuate Collection Set: 0.53ms
[113.339s][info][gc,phases   ] GC(218)   Merge Heap Roots: 0.20ms
[113.339s][info][gc,phases   ] GC(218)   Evacuate Collection Set: 20.48ms
[113.339s][info][gc,phases   ] GC(218)   Post Evacuate Collection Set: 0.45ms
[113.339s][info][gc,phases   ] GC(218)   Other: 0.14ms
[113.339s][info][gc,heap     ] GC(218) Eden regions: 155->0(157)
[113.339s][info][gc,heap     ] GC(218) Survivor regions: 12->7(21)
[113.339s][info][gc,heap     ] GC(218) Old regions: 740->748
[113.339s][info][gc,heap     ] GC(218) Humongous regions: 9->9
[113.339s][info][gc,metaspace] GC(218) Metaspace: 18187K(18304K)->18187K(18304K) NonClass: 16359K(16448K)->16359K(16448K) Class: 1828K(1856K)->1828K(1856K)
[113.339s][info][gc          ] GC(218) Pause Young (Normal) (G1 Evacuation Pause) 916M->764M(978M) 22.033ms
[113.339s][info][gc,cpu      ] GC(218) User=0.05s Sys=0.00s Real=0.02s
[113.640s][info][gc,start    ] GC(219) Pause Young (Normal) (G1 Evacuation Pause)
[113.640s][info][gc,task     ] GC(219) Using 2 workers of 2 for evacuation
[113.677s][info][gc,phases   ] GC(219)   Pre Evacuate Collection Set: 0.61ms
[113.677s][info][gc,phases   ] GC(219)   Merge Heap Roots: 0.21ms
[113.677s][info][gc,phases   ] GC(219)   Evacuate Collection Set: 35.29ms
[113.677s][info][gc,phases   ] GC(219)   Post Evacuate Collection Set: 0.47ms
[113.677s][info][gc,phases   ] GC(219)   Other: 0.09ms
[113.677s][info][gc,heap     ] GC(219) Eden regions: 157->0(125)
[113.677s][info][gc,heap     ] GC(219) Survivor regions: 7->21(21)
[113.677s][info][gc,heap     ] GC(219) Old regions: 748->752
[113.677s][info][gc,heap     ] GC(219) Humongous regions: 9->9
[113.677s][info][gc,metaspace] GC(219) Metaspace: 18187K(18304K)->18187K(18304K) NonClass: 16359K(16448K)->16359K(16448K) Class: 1828K(1856K)->1828K(1856K)
[113.677s][info][gc          ] GC(219) Pause Young (Normal) (G1 Evacuation Pause) 921M->782M(978M) 36.947ms
[113.677s][info][gc,cpu      ] GC(219) User=0.07s Sys=0.00s Real=0.04s
[113.892s][info][gc,start    ] GC(220) Pause Young (Normal) (G1 Evacuation Pause)
[113.893s][info][gc,task     ] GC(220) Using 2 workers of 2 for evacuation
[113.963s][info][gc,phases   ] GC(220)   Pre Evacuate Collection Set: 0.54ms
[113.963s][info][gc,phases   ] GC(220)   Merge Heap Roots: 0.18ms
[113.963s][info][gc,phases   ] GC(220)   Evacuate Collection Set: 69.04ms
[113.963s][info][gc,phases   ] GC(220)   Post Evacuate Collection Set: 0.58ms
[113.963s][info][gc,phases   ] GC(220)   Other: 0.11ms
[113.963s][info][gc,heap     ] GC(220) Eden regions: 125->0(95)
[113.963s][info][gc,heap     ] GC(220) Survivor regions: 21->19(19)
[113.963s][info][gc,heap     ] GC(220) Old regions: 752->786
[113.963s][info][gc,heap     ] GC(220) Humongous regions: 9->9
[113.963s][info][gc,metaspace] GC(220) Metaspace: 18187K(18304K)->18187K(18304K) NonClass: 16359K(16448K)->16359K(16448K) Class: 1828K(1856K)->1828K(1856K)
[113.963s][info][gc          ] GC(220) Pause Young (Normal) (G1 Evacuation Pause) 907M->813M(978M) 70.734ms
[113.963s][info][gc,cpu      ] GC(220) User=0.13s Sys=0.00s Real=0.07s
[114.139s][info][gc,start    ] GC(221) Pause Young (Normal) (G1 Evacuation Pause)
[114.139s][info][gc,task     ] GC(221) Using 2 workers of 2 for evacuation
[114.178s][info][gc,phases   ] GC(221)   Pre Evacuate Collection Set: 0.57ms
[114.178s][info][gc,phases   ] GC(221)   Merge Heap Roots: 0.25ms
[114.178s][info][gc,phases   ] GC(221)   Evacuate Collection Set: 37.76ms
[114.178s][info][gc,phases   ] GC(221)   Post Evacuate Collection Set: 0.41ms
[114.178s][info][gc,phases   ] GC(221)   Other: 0.10ms
[114.179s][info][gc,heap     ] GC(221) Eden regions: 95->0(86)
[114.179s][info][gc,heap     ] GC(221) Survivor regions: 19->14(15)
[114.179s][info][gc,heap     ] GC(221) Old regions: 786->805
[114.179s][info][gc,heap     ] GC(221) Humongous regions: 9->9
[114.179s][info][gc,metaspace] GC(221) Metaspace: 18187K(18304K)->18187K(18304K) NonClass: 16359K(16448K)->16359K(16448K) Class: 1828K(1856K)->1828K(1856K)
[114.179s][info][gc          ] GC(221) Pause Young (Normal) (G1 Evacuation Pause) 908M->828M(978M) 39.343ms
[114.179s][info][gc,cpu      ] GC(221) User=0.07s Sys=0.01s Real=0.04s
[114.342s][info][gc,start    ] GC(222) Pause Young (Normal) (G1 Evacuation Pause)
[114.342s][info][gc,task     ] GC(222) Using 2 workers of 2 for evacuation
[114.384s][info][gc,phases   ] GC(222)   Pre Evacuate Collection Set: 0.36ms
[114.384s][info][gc,phases   ] GC(222)   Merge Heap Roots: 0.32ms
[114.384s][info][gc,phases   ] GC(222)   Evacuate Collection Set: 40.50ms
[114.384s][info][gc,phases   ] GC(222)   Post Evacuate Collection Set: 0.47ms
[114.384s][info][gc,phases   ] GC(222)   Other: 0.10ms
[114.384s][info][gc,heap     ] GC(222) Eden regions: 86->0(79)
[114.384s][info][gc,heap     ] GC(222) Survivor regions: 14->10(13)
[114.384s][info][gc,heap     ] GC(222) Old regions: 805->819
[114.384s][info][gc,heap     ] GC(222) Humongous regions: 10->10
[114.384s][info][gc,metaspace] GC(222) Metaspace: 18187K(18304K)->18187K(18304K) NonClass: 16359K(16448K)->16359K(16448K) Class: 1828K(1856K)->1828K(1856K)
[114.384s][info][gc          ] GC(222) Pause Young (Normal) (G1 Evacuation Pause) 915M->839M(978M) 42.024ms
[114.384s][info][gc,cpu      ] GC(222) User=0.08s Sys=0.00s Real=0.04s
[114.547s][info][gc,start    ] GC(223) Pause Young (Normal) (G1 Evacuation Pause)
[114.547s][info][gc,task     ] GC(223) Using 2 workers of 2 for evacuation
[114.578s][info][gc,phases   ] GC(223)   Pre Evacuate Collection Set: 0.31ms
[114.578s][info][gc,phases   ] GC(223)   Merge Heap Roots: 0.34ms
[114.578s][info][gc,phases   ] GC(223)   Evacuate Collection Set: 30.53ms
[114.578s][info][gc,phases   ] GC(223)   Post Evacuate Collection Set: 0.36ms
[114.578s][info][gc,phases   ] GC(223)   Other: 0.10ms
[114.578s][info][gc,heap     ] GC(223) Eden regions: 79->0(75)
[114.578s][info][gc,heap     ] GC(223) Survivor regions: 10->7(12)
[114.578s][info][gc,heap     ] GC(223) Old regions: 819->829
[114.578s][info][gc,heap     ] GC(223) Humongous regions: 10->10
[114.578s][info][gc,metaspace] GC(223) Metaspace: 18187K(18304K)->18187K(18304K) NonClass: 16359K(16448K)->16359K(16448K) Class: 1828K(1856K)->1828K(1856K)
[114.578s][info][gc          ] GC(223) Pause Young (Normal) (G1 Evacuation Pause) 918M->845M(978M) 31.941ms
[114.579s][info][gc,cpu      ] GC(223) User=0.06s Sys=0.00s Real=0.03s
[114.688s][info][gc,start    ] GC(224) Pause Young (Normal) (G1 Evacuation Pause)
[114.688s][info][gc,task     ] GC(224) Using 2 workers of 2 for evacuation
[114.699s][info][gc,phases   ] GC(224)   Pre Evacuate Collection Set: 0.35ms
[114.699s][info][gc,phases   ] GC(224)   Merge Heap Roots: 0.09ms
[114.699s][info][gc,phases   ] GC(224)   Evacuate Collection Set: 10.34ms
[114.699s][info][gc,phases   ] GC(224)   Post Evacuate Collection Set: 0.34ms
[114.699s][info][gc,phases   ] GC(224)   Other: 0.10ms
[114.699s][info][gc,heap     ] GC(224) Eden regions: 75->0(76)
[114.699s][info][gc,heap     ] GC(224) Survivor regions: 7->3(11)
[114.699s][info][gc,heap     ] GC(224) Old regions: 829->836
[114.699s][info][gc,heap     ] GC(224) Humongous regions: 10->10
[114.699s][info][gc,metaspace] GC(224) Metaspace: 18187K(18304K)->18187K(18304K) NonClass: 16359K(16448K)->16359K(16448K) Class: 1828K(1856K)->1828K(1856K)
[114.699s][info][gc          ] GC(224) Pause Young (Normal) (G1 Evacuation Pause) 920M->848M(978M) 11.444ms
[114.699s][info][gc,cpu      ] GC(224) User=0.02s Sys=0.00s Real=0.01s
[114.783s][info][gc,marking  ] GC(214) Concurrent Mark From Roots 2950.242ms
[114.783s][info][gc,marking  ] GC(214) Concurrent Preclean
[114.783s][info][gc,marking  ] GC(214) Concurrent Preclean 0.042ms
[114.783s][info][gc,start    ] GC(214) Pause Remark
[114.792s][info][gc          ] GC(214) Pause Remark 877M->877M(978M) 8.689ms
[114.792s][info][gc,cpu      ] GC(214) User=0.01s Sys=0.00s Real=0.01s
[114.792s][info][gc,marking  ] GC(214) Concurrent Mark 2959.328ms
[114.792s][info][gc,marking  ] GC(214) Concurrent Rebuild Remembered Sets and Scrub Regions
[114.927s][info][gc,start    ] GC(225) Pause Young (Normal) (G1 Evacuation Pause)
[114.927s][info][gc,task     ] GC(225) Using 2 workers of 2 for evacuation
[114.938s][info][gc,phases   ] GC(225)   Pre Evacuate Collection Set: 0.37ms
[114.938s][info][gc,phases   ] GC(225)   Merge Heap Roots: 0.16ms
[114.938s][info][gc,phases   ] GC(225)   Evacuate Collection Set: 9.84ms
[114.938s][info][gc,phases   ] GC(225)   Post Evacuate Collection Set: 0.45ms
[114.938s][info][gc,phases   ] GC(225)   Other: 0.12ms
[114.938s][info][gc,heap     ] GC(225) Eden regions: 76->0(74)
[114.938s][info][gc,heap     ] GC(225) Survivor regions: 3->4(10)
[114.938s][info][gc,heap     ] GC(225) Old regions: 836->836
[114.938s][info][gc,heap     ] GC(225) Humongous regions: 10->10
[114.938s][info][gc,metaspace] GC(225) Metaspace: 18188K(18304K)->18188K(18304K) NonClass: 16359K(16448K)->16359K(16448K) Class: 1828K(1856K)->1828K(1856K)
[114.938s][info][gc          ] GC(225) Pause Young (Normal) (G1 Evacuation Pause) 924M->848M(978M) 11.221ms
[114.938s][info][gc,cpu      ] GC(225) User=0.02s Sys=0.00s Real=0.01s
[115.148s][info][gc,start    ] GC(226) Pause Young (Normal) (G1 Evacuation Pause)
[115.148s][info][gc,task     ] GC(226) Using 2 workers of 2 for evacuation
[115.159s][info][gc,phases   ] GC(226)   Pre Evacuate Collection Set: 0.53ms
[115.159s][info][gc,phases   ] GC(226)   Merge Heap Roots: 0.22ms
[115.159s][info][gc,phases   ] GC(226)   Evacuate Collection Set: 9.06ms
[115.159s][info][gc,phases   ] GC(226)   Post Evacuate Collection Set: 0.35ms
[115.159s][info][gc,phases   ] GC(226)   Other: 0.09ms
[115.159s][info][gc,heap     ] GC(226) Eden regions: 74->0(72)
[115.159s][info][gc,heap     ] GC(226) Survivor regions: 4->5(10)
[115.159s][info][gc,heap     ] GC(226) Old regions: 836->836
[115.159s][info][gc,heap     ] GC(226) Humongous regions: 10->10
[115.159s][info][gc,metaspace] GC(226) Metaspace: 18188K(18304K)->18188K(18304K) NonClass: 16359K(16448K)->16359K(16448K) Class: 1828K(1856K)->1828K(1856K)
[115.159s][info][gc          ] GC(226) Pause Young (Normal) (G1 Evacuation Pause) 922M->850M(978M) 10.506ms
[115.159s][info][gc,cpu      ] GC(226) User=0.01s Sys=0.01s Real=0.01s
[115.494s][info][gc,start    ] GC(227) Pause Young (Normal) (G1 Evacuation Pause)
[115.494s][info][gc,task     ] GC(227) Using 2 workers of 2 for evacuation
[115.503s][info][gc,phases   ] GC(227)   Pre Evacuate Collection Set: 0.54ms
[115.503s][info][gc,phases   ] GC(227)   Merge Heap Roots: 0.14ms
[115.503s][info][gc,phases   ] GC(227)   Evacuate Collection Set: 8.54ms
[115.503s][info][gc,phases   ] GC(227)   Post Evacuate Collection Set: 0.36ms
[115.503s][info][gc,phases   ] GC(227)   Other: 0.09ms
[115.503s][info][gc,heap     ] GC(227) Eden regions: 72->0(70)
[115.503s][info][gc,heap     ] GC(227) Survivor regions: 5->6(10)
[115.503s][info][gc,heap     ] GC(227) Old regions: 836->836
[115.503s][info][gc,heap     ] GC(227) Humongous regions: 10->10
[115.503s][info][gc,metaspace] GC(227) Metaspace: 18188K(18304K)->18188K(18304K) NonClass: 16359K(16448K)->16359K(16448K) Class: 1828K(1856K)->1828K(1856K)
[115.504s][info][gc          ] GC(227) Pause Young (Normal) (G1 Evacuation Pause) 922M->851M(978M) 9.938ms
[115.504s][info][gc,cpu      ] GC(227) User=0.02s Sys=0.00s Real=0.01s
[115.780s][info][gc,start    ] GC(228) Pause Young (Normal) (G1 Evacuation Pause)
[115.780s][info][gc,task     ] GC(228) Using 2 workers of 2 for evacuation
[115.790s][info][gc,phases   ] GC(228)   Pre Evacuate Collection Set: 0.30ms
[115.790s][info][gc,phases   ] GC(228)   Merge Heap Roots: 0.18ms
[115.790s][info][gc,phases   ] GC(228)   Evacuate Collection Set: 8.74ms
[115.790s][info][gc,phases   ] GC(228)   Post Evacuate Collection Set: 0.36ms
[115.790s][info][gc,phases   ] GC(228)   Other: 0.08ms
[115.790s][info][gc,heap     ] GC(228) Eden regions: 70->0(72)
[115.790s][info][gc,heap     ] GC(228) Survivor regions: 6->4(10)
[115.790s][info][gc,heap     ] GC(228) Old regions: 836->838
[115.790s][info][gc,heap     ] GC(228) Humongous regions: 10->10
[115.790s][info][gc,metaspace] GC(228) Metaspace: 18188K(18304K)->18188K(18304K) NonClass: 16359K(16448K)->16359K(16448K) Class: 1828K(1856K)->1828K(1856K)
[115.790s][info][gc          ] GC(228) Pause Young (Normal) (G1 Evacuation Pause) 921M->851M(978M) 9.892ms
[115.790s][info][gc,cpu      ] GC(228) User=0.01s Sys=0.00s Real=0.01s
[115.817s][info][gc,marking  ] GC(214) Concurrent Rebuild Remembered Sets and Scrub Regions 1025.121ms
[115.817s][info][gc,start    ] GC(214) Pause Cleanup
[115.818s][info][gc          ] GC(214) Pause Cleanup 860M->860M(978M) 0.157ms
[115.818s][info][gc,cpu      ] GC(214) User=0.00s Sys=0.00s Real=0.00s
[115.818s][info][gc,marking  ] GC(214) Concurrent Clear Claimed Marks
[115.818s][info][gc,marking  ] GC(214) Concurrent Clear Claimed Marks 0.034ms
[115.818s][info][gc,marking  ] GC(214) Concurrent Cleanup for Next Mark
[115.823s][info][gc,marking  ] GC(214) Concurrent Cleanup for Next Mark 5.074ms
[115.823s][info][gc          ] GC(214) Concurrent Mark Cycle 4082.566ms
[115.970s][info][gc,start    ] GC(229) Pause Young (Prepare Mixed) (G1 Evacuation Pause)
[115.970s][info][gc,task     ] GC(229) Using 2 workers of 2 for evacuation
[115.977s][info][gc,phases   ] GC(229)   Pre Evacuate Collection Set: 0.55ms
[115.977s][info][gc,phases   ] GC(229)   Merge Heap Roots: 0.17ms
[115.977s][info][gc,phases   ] GC(229)   Evacuate Collection Set: 6.26ms
[115.977s][info][gc,phases   ] GC(229)   Post Evacuate Collection Set: 0.39ms
[115.977s][info][gc,phases   ] GC(229)   Other: 0.11ms
[115.977s][info][gc,heap     ] GC(229) Eden regions: 72->0(72)
[115.977s][info][gc,heap     ] GC(229) Survivor regions: 4->4(10)
[115.977s][info][gc,heap     ] GC(229) Old regions: 838->838
[115.977s][info][gc,heap     ] GC(229) Humongous regions: 10->10
[115.977s][info][gc,metaspace] GC(229) Metaspace: 18188K(18304K)->18188K(18304K) NonClass: 16359K(16448K)->16359K(16448K) Class: 1828K(1856K)->1828K(1856K)
[115.977s][info][gc          ] GC(229) Pause Young (Prepare Mixed) (G1 Evacuation Pause) 923M->851M(978M) 7.745ms
[115.977s][info][gc,cpu      ] GC(229) User=0.02s Sys=0.00s Real=0.01s
[116.061s][info][gc,start    ] GC(230) Pause Young (Mixed) (G1 Evacuation Pause)
[116.061s][info][gc,task     ] GC(230) Using 2 workers of 2 for evacuation
[116.112s][info][gc,phases   ] GC(230)   Pre Evacuate Collection Set: 0.36ms
[116.112s][info][gc,phases   ] GC(230)   Merge Heap Roots: 0.58ms
[116.112s][info][gc,phases   ] GC(230)   Evacuate Collection Set: 50.01ms
[116.112s][info][gc,phases   ] GC(230)   Post Evacuate Collection Set: 0.42ms
[116.112s][info][gc,phases   ] GC(230)   Other: 0.10ms
[116.112s][info][gc,heap     ] GC(230) Eden regions: 72->0(59)
[116.112s][info][gc,heap     ] GC(230) Survivor regions: 4->10(10)
[116.112s][info][gc,heap     ] GC(230) Old regions: 838->839
[116.112s][info][gc,heap     ] GC(230) Humongous regions: 10->10
[116.112s][info][gc,metaspace] GC(230) Metaspace: 18188K(18304K)->18188K(18304K) NonClass: 16359K(16448K)->16359K(16448K) Class: 1828K(1856K)->1828K(1856K)
[116.112s][info][gc          ] GC(230) Pause Young (Mixed) (G1 Evacuation Pause) 923M->859M(978M) 51.755ms
[116.112s][info][gc,cpu      ] GC(230) User=0.10s Sys=0.00s Real=0.05s
[116.221s][info][gc,start    ] GC(231) Pause Young (Concurrent Start) (G1 Evacuation Pause)
[116.221s][info][gc,task     ] GC(231) Using 2 workers of 2 for evacuation
[116.256s][info][gc,phases   ] GC(231)   Pre Evacuate Collection Set: 0.35ms
[116.256s][info][gc,phases   ] GC(231)   Merge Heap Roots: 0.13ms
[116.256s][info][gc,phases   ] GC(231)   Evacuate Collection Set: 33.96ms
[116.256s][info][gc,phases   ] GC(231)   Post Evacuate Collection Set: 0.44ms
[116.256s][info][gc,phases   ] GC(231)   Other: 0.15ms
[116.256s][info][gc,heap     ] GC(231) Eden regions: 59->0(40)
[116.256s][info][gc,heap     ] GC(231) Survivor regions: 10->9(9)
[116.256s][info][gc,heap     ] GC(231) Old regions: 839->860
[116.256s][info][gc,heap     ] GC(231) Humongous regions: 10->10
[116.256s][info][gc,metaspace] GC(231) Metaspace: 18189K(18304K)->18189K(18304K) NonClass: 16360K(16448K)->16360K(16448K) Class: 1828K(1856K)->1828K(1856K)
[116.256s][info][gc          ] GC(231) Pause Young (Concurrent Start) (G1 Evacuation Pause) 918M->878M(978M) 35.290ms
[116.257s][info][gc          ] GC(232) Concurrent Mark Cycle
[116.257s][info][gc,marking  ] GC(232) Concurrent Scan Root Regions
[116.257s][info][gc,cpu      ] GC(231) User=0.07s Sys=0.00s Real=0.03s
[116.311s][info][gc,marking  ] GC(232) Concurrent Scan Root Regions 53.984ms
[116.311s][info][gc,marking  ] GC(232) Concurrent Mark
[116.311s][info][gc,marking  ] GC(232) Concurrent Mark From Roots
[116.311s][info][gc,task     ] GC(232) Using 1 workers of 1 for marking
[116.349s][info][gc,start    ] GC(233) Pause Young (Normal) (G1 Evacuation Pause)
[116.350s][info][gc,task     ] GC(233) Using 2 workers of 2 for evacuation
[116.374s][info][gc,phases   ] GC(233)   Pre Evacuate Collection Set: 0.30ms
[116.374s][info][gc,phases   ] GC(233)   Merge Heap Roots: 0.11ms
[116.374s][info][gc,phases   ] GC(233)   Evacuate Collection Set: 23.93ms
[116.374s][info][gc,phases   ] GC(233)   Post Evacuate Collection Set: 0.36ms
[116.374s][info][gc,phases   ] GC(233)   Other: 0.07ms
[116.374s][info][gc,heap     ] GC(233) Eden regions: 40->0(41)
[116.374s][info][gc,heap     ] GC(233) Survivor regions: 9->7(7)
[116.374s][info][gc,heap     ] GC(233) Old regions: 860->875
[116.374s][info][gc,heap     ] GC(233) Humongous regions: 10->10
[116.374s][info][gc,metaspace] GC(233) Metaspace: 18189K(18304K)->18189K(18304K) NonClass: 16360K(16448K)->16360K(16448K) Class: 1828K(1856K)->1828K(1856K)
[116.374s][info][gc          ] GC(233) Pause Young (Normal) (G1 Evacuation Pause) 918M->891M(978M) 25.022ms
[116.374s][info][gc,cpu      ] GC(233) User=0.05s Sys=0.00s Real=0.03s
[116.471s][info][gc,start    ] GC(234) Pause Young (Normal) (G1 Evacuation Pause)
[116.472s][info][gc,task     ] GC(234) Using 2 workers of 2 for evacuation
[116.490s][info][gc,phases   ] GC(234)   Pre Evacuate Collection Set: 0.53ms
[116.490s][info][gc,phases   ] GC(234)   Merge Heap Roots: 0.15ms
[116.490s][info][gc,phases   ] GC(234)   Evacuate Collection Set: 17.23ms
[116.490s][info][gc,phases   ] GC(234)   Post Evacuate Collection Set: 0.35ms
[116.490s][info][gc,phases   ] GC(234)   Other: 0.10ms
[116.490s][info][gc,heap     ] GC(234) Eden regions: 41->0(42)
[116.490s][info][gc,heap     ] GC(234) Survivor regions: 7->6(6)
[116.490s][info][gc,heap     ] GC(234) Old regions: 875->885
[116.490s][info][gc,heap     ] GC(234) Humongous regions: 10->10
[116.490s][info][gc,metaspace] GC(234) Metaspace: 18189K(18304K)->18189K(18304K) NonClass: 16360K(16448K)->16360K(16448K) Class: 1828K(1856K)->1828K(1856K)
[116.490s][info][gc          ] GC(234) Pause Young (Normal) (G1 Evacuation Pause) 932M->900M(978M) 18.638ms
[116.490s][info][gc,cpu      ] GC(234) User=0.04s Sys=0.00s Real=0.01s
[116.643s][info][gc,start    ] GC(235) Pause Young (Normal) (G1 Evacuation Pause)
[116.643s][info][gc,task     ] GC(235) Using 2 workers of 2 for evacuation
[116.663s][info][gc,phases   ] GC(235)   Pre Evacuate Collection Set: 0.33ms
[116.664s][info][gc,phases   ] GC(235)   Merge Heap Roots: 0.12ms
[116.664s][info][gc,phases   ] GC(235)   Evacuate Collection Set: 19.58ms
[116.664s][info][gc,phases   ] GC(235)   Post Evacuate Collection Set: 0.36ms
[116.664s][info][gc,phases   ] GC(235)   Other: 0.11ms
[116.664s][info][gc,heap     ] GC(235) Eden regions: 42->0(42)
[116.664s][info][gc,heap     ] GC(235) Survivor regions: 6->6(6)
[116.664s][info][gc,heap     ] GC(235) Old regions: 885->898
[116.664s][info][gc,heap     ] GC(235) Humongous regions: 10->10
[116.664s][info][gc,metaspace] GC(235) Metaspace: 18189K(18304K)->18189K(18304K) NonClass: 16360K(16448K)->16360K(16448K) Class: 1828K(1856K)->1828K(1856K)
[116.664s][info][gc          ] GC(235) Pause Young (Normal) (G1 Evacuation Pause) 942M->913M(978M) 20.762ms
[116.664s][info][gc,cpu      ] GC(235) User=0.04s Sys=0.01s Real=0.02s
[116.782s][info][gc,start    ] GC(236) Pause Young (Normal) (G1 Evacuation Pause)
[116.782s][info][gc,task     ] GC(236) Using 2 workers of 2 for evacuation
[116.817s][info][gc,phases   ] GC(236)   Pre Evacuate Collection Set: 0.34ms
[116.817s][info][gc,phases   ] GC(236)   Merge Heap Roots: 0.32ms
[116.817s][info][gc,phases   ] GC(236)   Evacuate Collection Set: 34.17ms
[116.817s][info][gc,phases   ] GC(236)   Post Evacuate Collection Set: 0.48ms
[116.817s][info][gc,phases   ] GC(236)   Other: 0.09ms
[116.817s][info][gc,heap     ] GC(236) Eden regions: 42->0(42)
[116.817s][info][gc,heap     ] GC(236) Survivor regions: 6->6(6)
[116.817s][info][gc,heap     ] GC(236) Old regions: 898->909
[116.817s][info][gc,heap     ] GC(236) Humongous regions: 11->11
[116.817s][info][gc,metaspace] GC(236) Metaspace: 18189K(18304K)->18189K(18304K) NonClass: 16360K(16448K)->16360K(16448K) Class: 1828K(1856K)->1828K(1856K)
[116.817s][info][gc          ] GC(236) Pause Young (Normal) (G1 Evacuation Pause) 956M->925M(978M) 35.671ms
[116.817s][info][gc,cpu      ] GC(236) User=0.07s Sys=0.00s Real=0.03s
[116.928s][info][gc,start    ] GC(237) Pause Young (Normal) (G1 Evacuation Pause)
[116.928s][info][gc,task     ] GC(237) Using 2 workers of 2 for evacuation
[116.950s][info][gc,phases   ] GC(237)   Pre Evacuate Collection Set: 0.34ms
[116.950s][info][gc,phases   ] GC(237)   Merge Heap Roots: 0.32ms
[116.950s][info][gc,phases   ] GC(237)   Evacuate Collection Set: 20.41ms
[116.950s][info][gc,phases   ] GC(237)   Post Evacuate Collection Set: 0.33ms
[116.950s][info][gc,phases   ] GC(237)   Other: 0.11ms
[116.950s][info][gc,heap     ] GC(237) Eden regions: 42->0(46)
[116.950s][info][gc,heap     ] GC(237) Survivor regions: 6->2(6)
[116.950s][info][gc,heap     ] GC(237) Old regions: 909->915
[116.950s][info][gc,heap     ] GC(237) Humongous regions: 11->11
[116.950s][info][gc,metaspace] GC(237) Metaspace: 18189K(18304K)->18189K(18304K) NonClass: 16360K(16448K)->16360K(16448K) Class: 1828K(1856K)->1828K(1856K)
[116.950s][info][gc          ] GC(237) Pause Young (Normal) (G1 Evacuation Pause) 967M->928M(978M) 21.759ms
[116.950s][info][gc,cpu      ] GC(237) User=0.05s Sys=0.00s Real=0.02s
[117.034s][info][gc,start    ] GC(238) Pause Young (Normal) (G1 Evacuation Pause)
[117.034s][info][gc,task     ] GC(238) Using 2 workers of 2 for evacuation
[117.041s][info][gc,phases   ] GC(238)   Pre Evacuate Collection Set: 0.32ms
[117.041s][info][gc,phases   ] GC(238)   Merge Heap Roots: 0.08ms
[117.041s][info][gc,phases   ] GC(238)   Evacuate Collection Set: 6.32ms
[117.041s][info][gc,phases   ] GC(238)   Post Evacuate Collection Set: 0.53ms
[117.041s][info][gc,phases   ] GC(238)   Other: 0.10ms
[117.041s][info][gc,heap     ] GC(238) Eden regions: 46->0(35)
[117.041s][info][gc,heap     ] GC(238) Survivor regions: 2->4(4)
[117.041s][info][gc,heap     ] GC(238) Old regions: 915->924
[117.041s][info][gc,heap     ] GC(238) Humongous regions: 11->11
[117.041s][info][gc,metaspace] GC(238) Metaspace: 18189K(18304K)->18189K(18304K) NonClass: 16360K(16448K)->16360K(16448K) Class: 1828K(1856K)->1828K(1856K)
[117.041s][info][gc          ] GC(238) Pause Young (Normal) (G1 Evacuation Pause) (Evacuation Failure: Allocation) 974M->939M(978M) 7.640ms
[117.041s][info][gc,cpu      ] GC(238) User=0.01s Sys=0.00s Real=0.01s
[117.087s][info][gc,start    ] GC(239) Pause Young (Normal) (G1 Evacuation Pause)
[117.087s][info][gc,task     ] GC(239) Using 2 workers of 2 for evacuation
[117.095s][info][gc,phases   ] GC(239)   Pre Evacuate Collection Set: 0.57ms
[117.095s][info][gc,phases   ] GC(239)   Merge Heap Roots: 0.08ms
[117.095s][info][gc,phases   ] GC(239)   Evacuate Collection Set: 6.40ms
[117.095s][info][gc,phases   ] GC(239)   Post Evacuate Collection Set: 0.76ms
[117.095s][info][gc,phases   ] GC(239)   Other: 0.07ms
[117.095s][info][gc,heap     ] GC(239) Eden regions: 35->0(38)
[117.095s][info][gc,heap     ] GC(239) Survivor regions: 4->1(4)
[117.095s][info][gc,heap     ] GC(239) Old regions: 924->927
[117.095s][info][gc,heap     ] GC(239) Humongous regions: 11->11
[117.095s][info][gc,metaspace] GC(239) Metaspace: 18189K(18304K)->18189K(18304K) NonClass: 16360K(16448K)->16360K(16448K) Class: 1828K(1856K)->1828K(1856K)
[117.095s][info][gc          ] GC(239) Pause Young (Normal) (G1 Evacuation Pause) (Evacuation Failure: Allocation) 974M->938M(978M) 8.131ms
[117.095s][info][gc,cpu      ] GC(239) User=0.02s Sys=0.00s Real=0.01s
[117.163s][info][gc,start    ] GC(240) Pause Young (Normal) (G1 Evacuation Pause)
[117.163s][info][gc,task     ] GC(240) Using 2 workers of 2 for evacuation
[117.168s][info][gc,phases   ] GC(240)   Pre Evacuate Collection Set: 0.33ms
[117.168s][info][gc,phases   ] GC(240)   Merge Heap Roots: 0.08ms
[117.168s][info][gc,phases   ] GC(240)   Evacuate Collection Set: 4.01ms
[117.168s][info][gc,phases   ] GC(240)   Post Evacuate Collection Set: 0.75ms
[117.168s][info][gc,phases   ] GC(240)   Other: 0.09ms
[117.168s][info][gc,heap     ] GC(240) Eden regions: 38->0(38)
[117.168s][info][gc,heap     ] GC(240) Survivor regions: 1->1(1)
[117.168s][info][gc,heap     ] GC(240) Old regions: 927->927
[117.168s][info][gc,heap     ] GC(240) Humongous regions: 11->11
[117.168s][info][gc,metaspace] GC(240) Metaspace: 18189K(18304K)->18189K(18304K) NonClass: 16360K(16448K)->16360K(16448K) Class: 1828K(1856K)->1828K(1856K)
[117.168s][info][gc          ] GC(240) Pause Young (Normal) (G1 Evacuation Pause) (Evacuation Failure: Allocation) 976M->938M(978M) 5.512ms
[117.168s][info][gc,cpu      ] GC(240) User=0.01s Sys=0.00s Real=0.00s
[117.246s][info][gc,start    ] GC(241) Pause Young (Normal) (G1 Evacuation Pause)
[117.246s][info][gc,task     ] GC(241) Using 2 workers of 2 for evacuation
[117.251s][info][gc,phases   ] GC(241)   Pre Evacuate Collection Set: 0.35ms
[117.251s][info][gc,phases   ] GC(241)   Merge Heap Roots: 0.06ms
[117.251s][info][gc,phases   ] GC(241)   Evacuate Collection Set: 3.57ms
[117.251s][info][gc,phases   ] GC(241)   Post Evacuate Collection Set: 0.77ms
[117.251s][info][gc,phases   ] GC(241)   Other: 0.10ms
[117.251s][info][gc,heap     ] GC(241) Eden regions: 38->0(38)
[117.251s][info][gc,heap     ] GC(241) Survivor regions: 1->1(1)
[117.251s][info][gc,heap     ] GC(241) Old regions: 927->927
[117.251s][info][gc,heap     ] GC(241) Humongous regions: 11->11
[117.251s][info][gc,metaspace] GC(241) Metaspace: 18189K(18304K)->18189K(18304K) NonClass: 16360K(16448K)->16360K(16448K) Class: 1828K(1856K)->1828K(1856K)
[117.251s][info][gc          ] GC(241) Pause Young (Normal) (G1 Evacuation Pause) (Evacuation Failure: Allocation) 976M->938M(978M) 5.144ms
[117.251s][info][gc,cpu      ] GC(241) User=0.01s Sys=0.00s Real=0.01s
[117.356s][info][gc,marking  ] GC(232) Concurrent Mark From Roots 1045.395ms
[117.356s][info][gc,marking  ] GC(232) Concurrent Preclean
[117.356s][info][gc,marking  ] GC(232) Concurrent Preclean 0.076ms
[117.356s][info][gc,start    ] GC(232) Pause Remark
[117.368s][info][metaspace   ] ChkMgr @0x00007f59a415e580 (non-class-space): : reclaiming memory...
[117.368s][info][metaspace   ] ChkMgr @0x00007f59a415e580 (non-class-space): nothing reclaimed.
[117.368s][info][metaspace   ] ChkMgr @0x00007f59a415c690 (class-space): : reclaiming memory...
[117.368s][info][metaspace   ] ChkMgr @0x00007f59a415c690 (class-space): nothing reclaimed.
[117.369s][info][gc          ] GC(232) Pause Remark 972M->584M(978M) 12.427ms
[117.369s][info][gc,cpu      ] GC(232) User=0.03s Sys=0.00s Real=0.01s
[117.375s][info][gc,marking  ] GC(232) Concurrent Mark 1063.925ms
[117.375s][info][gc,marking  ] GC(232) Concurrent Rebuild Remembered Sets and Scrub Regions
[117.384s][info][gc,start    ] GC(242) Pause Young (Normal) (G1 Evacuation Pause)
[117.384s][info][gc,task     ] GC(242) Using 2 workers of 2 for evacuation
[117.389s][info][gc,phases   ] GC(242)   Pre Evacuate Collection Set: 0.31ms
[117.389s][info][gc,phases   ] GC(242)   Merge Heap Roots: 0.08ms
[117.389s][info][gc,phases   ] GC(242)   Evacuate Collection Set: 4.07ms
[117.389s][info][gc,phases   ] GC(242)   Post Evacuate Collection Set: 0.40ms
[117.389s][info][gc,phases   ] GC(242)   Other: 0.11ms
[117.389s][info][gc,heap     ] GC(242) Eden regions: 38->0(281)
[117.389s][info][gc,heap     ] GC(242) Survivor regions: 1->2(5)
[117.389s][info][gc,heap     ] GC(242) Old regions: 546->539
[117.389s][info][gc,heap     ] GC(242) Humongous regions: 4->4
[117.389s][info][gc,metaspace] GC(242) Metaspace: 18167K(18304K)->18167K(18304K) NonClass: 16338K(16448K)->16338K(16448K) Class: 1828K(1856K)->1828K(1856K)
[117.389s][info][gc          ] GC(242) Pause Young (Normal) (G1 Evacuation Pause) 588M->543M(978M) 5.190ms
[117.389s][info][gc,cpu      ] GC(242) User=0.01s Sys=0.00s Real=0.00s
[117.886s][info][gc,marking  ] GC(232) Concurrent Rebuild Remembered Sets and Scrub Regions 511.888ms
[117.887s][info][gc,start    ] GC(232) Pause Cleanup
[117.887s][info][gc          ] GC(232) Pause Cleanup 790M->790M(978M) 0.246ms
[117.887s][info][gc,cpu      ] GC(232) User=0.00s Sys=0.00s Real=0.00s
[117.887s][info][gc,marking  ] GC(232) Concurrent Clear Claimed Marks
[117.887s][info][gc,marking  ] GC(232) Concurrent Clear Claimed Marks 0.037ms
[117.887s][info][gc,marking  ] GC(232) Concurrent Cleanup for Next Mark
[117.894s][info][gc,marking  ] GC(232) Concurrent Cleanup for Next Mark 7.425ms
[117.894s][info][gc          ] GC(232) Concurrent Mark Cycle 1637.988ms
[117.976s][info][gc,start    ] GC(243) Pause Young (Prepare Mixed) (G1 Evacuation Pause)
[117.976s][info][gc,task     ] GC(243) Using 2 workers of 2 for evacuation
[118.094s][info][gc,phases   ] GC(243)   Pre Evacuate Collection Set: 0.34ms
[118.094s][info][gc,phases   ] GC(243)   Merge Heap Roots: 0.30ms
[118.095s][info][gc,phases   ] GC(243)   Evacuate Collection Set: 116.22ms
[118.095s][info][gc,phases   ] GC(243)   Post Evacuate Collection Set: 0.95ms
[118.095s][info][gc,phases   ] GC(243)   Other: 0.14ms
[118.095s][info][gc,heap     ] GC(243) Eden regions: 281->0(163)
[118.095s][info][gc,heap     ] GC(243) Survivor regions: 2->36(36)
[118.095s][info][gc,heap     ] GC(243) Old regions: 539->599
[118.095s][info][gc,heap     ] GC(243) Humongous regions: 4->4
[118.095s][info][gc,metaspace] GC(243) Metaspace: 18167K(18304K)->18167K(18304K) NonClass: 16338K(16448K)->16338K(16448K) Class: 1828K(1856K)->1828K(1856K)
[118.095s][info][gc          ] GC(243) Pause Young (Prepare Mixed) (G1 Evacuation Pause) 824M->639M(978M) 118.225ms
[118.095s][info][gc,cpu      ] GC(243) User=0.23s Sys=0.00s Real=0.12s
[118.426s][info][gc,start    ] GC(244) Pause Young (Mixed) (G1 Evacuation Pause)
[118.426s][info][gc,task     ] GC(244) Using 2 workers of 2 for evacuation
[118.547s][info][gc,phases   ] GC(244)   Pre Evacuate Collection Set: 0.33ms
[118.547s][info][gc,phases   ] GC(244)   Merge Heap Roots: 0.42ms
[118.547s][info][gc,phases   ] GC(244)   Evacuate Collection Set: 118.60ms
[118.547s][info][gc,phases   ] GC(244)   Post Evacuate Collection Set: 1.09ms
[118.547s][info][gc,phases   ] GC(244)   Other: 0.12ms
[118.547s][info][gc,heap     ] GC(244) Eden regions: 168->0(156)
[118.547s][info][gc,heap     ] GC(244) Survivor regions: 36->26(26)
[118.547s][info][gc,heap     ] GC(244) Old regions: 599->650
[118.547s][info][gc,heap     ] GC(244) Humongous regions: 4->4
[118.547s][info][gc,metaspace] GC(244) Metaspace: 18167K(18304K)->18167K(18304K) NonClass: 16338K(16448K)->16338K(16448K) Class: 1828K(1856K)->1828K(1856K)
[118.547s][info][gc          ] GC(244) Pause Young (Mixed) (G1 Evacuation Pause) 807M->679M(978M) 120.880ms
[118.547s][info][gc,cpu      ] GC(244) User=0.24s Sys=0.00s Real=0.12s
[118.795s][info][gc,start    ] GC(245) Pause Young (Mixed) (G1 Evacuation Pause)
[118.795s][info][gc,task     ] GC(245) Using 2 workers of 2 for evacuation
[118.871s][info][gc,phases   ] GC(245)   Pre Evacuate Collection Set: 0.40ms
[118.871s][info][gc,phases   ] GC(245)   Merge Heap Roots: 0.48ms
[118.871s][info][gc,phases   ] GC(245)   Evacuate Collection Set: 74.30ms
[118.871s][info][gc,phases   ] GC(245)   Post Evacuate Collection Set: 0.78ms
[118.871s][info][gc,phases   ] GC(245)   Other: 0.11ms
[118.871s][info][gc,heap     ] GC(245) Eden regions: 156->0(204)
[118.871s][info][gc,heap     ] GC(245) Survivor regions: 26->23(23)
[118.871s][info][gc,heap     ] GC(245) Old regions: 650->579
[118.871s][info][gc,heap     ] GC(245) Humongous regions: 5->5
[118.871s][info][gc,metaspace] GC(245) Metaspace: 18169K(18304K)->18169K(18304K) NonClass: 16341K(16448K)->16341K(16448K) Class: 1828K(1856K)->1828K(1856K)
[118.871s][info][gc          ] GC(245) Pause Young (Mixed) (G1 Evacuation Pause) 836M->606M(978M) 76.319ms
[118.871s][info][gc,cpu      ] GC(245) User=0.15s Sys=0.00s Real=0.08s
[119.098s][info][gc,start    ] GC(246) Pause Young (Mixed) (G1 Evacuation Pause)
[119.098s][info][gc,task     ] GC(246) Using 2 workers of 2 for evacuation
[119.202s][info][gc,phases   ] GC(246)   Pre Evacuate Collection Set: 0.53ms
[119.202s][info][gc,phases   ] GC(246)   Merge Heap Roots: 0.94ms
[119.202s][info][gc,phases   ] GC(246)   Evacuate Collection Set: 101.40ms
[119.202s][info][gc,phases   ] GC(246)   Post Evacuate Collection Set: 1.16ms
[119.202s][info][gc,phases   ] GC(246)   Other: 0.08ms
[119.202s][info][gc,heap     ] GC(246) Eden regions: 204->0(56)
[119.202s][info][gc,heap     ] GC(246) Survivor regions: 23->10(29)
[119.202s][info][gc,heap     ] GC(246) Old regions: 579->554
[119.202s][info][gc,heap     ] GC(246) Humongous regions: 5->5
[119.202s][info][gc,metaspace] GC(246) Metaspace: 18171K(18368K)->18171K(18368K) NonClass: 16342K(16512K)->16342K(16512K) Class: 1828K(1856K)->1828K(1856K)
[119.202s][info][gc          ] GC(246) Pause Young (Mixed) (G1 Evacuation Pause) 810M->568M(978M) 104.366ms
[119.202s][info][gc,cpu      ] GC(246) User=0.21s Sys=0.00s Real=0.11s
[119.364s][info][gc,start    ] GC(247) Pause Young (Mixed) (G1 Evacuation Pause)
[119.365s][info][gc,task     ] GC(247) Using 2 workers of 2 for evacuation
[119.539s][info][gc,phases   ] GC(247)   Pre Evacuate Collection Set: 0.52ms
[119.539s][info][gc,phases   ] GC(247)   Merge Heap Roots: 0.65ms
[119.539s][info][gc,phases   ] GC(247)   Evacuate Collection Set: 173.11ms
[119.539s][info][gc,phases   ] GC(247)   Post Evacuate Collection Set: 0.38ms
[119.539s][info][gc,phases   ] GC(247)   Other: 0.08ms
[119.539s][info][gc,heap     ] GC(247) Eden regions: 60->0(245)
[119.539s][info][gc,heap     ] GC(247) Survivor regions: 10->9(9)
[119.539s][info][gc,heap     ] GC(247) Old regions: 554->563
[119.539s][info][gc,heap     ] GC(247) Humongous regions: 5->5
[119.539s][info][gc,metaspace] GC(247) Metaspace: 18171K(18368K)->18171K(18368K) NonClass: 16342K(16512K)->16342K(16512K) Class: 1828K(1856K)->1828K(1856K)
[119.540s][info][gc          ] GC(247) Pause Young (Mixed) (G1 Evacuation Pause) 628M->576M(978M) 175.067ms
[119.540s][info][gc,cpu      ] GC(247) User=0.34s Sys=0.00s Real=0.17s
[119.844s][info][gc,start    ] GC(248) Pause Young (Concurrent Start) (G1 Evacuation Pause)
[119.844s][info][gc,task     ] GC(248) Using 2 workers of 2 for evacuation
[119.925s][info][gc,phases   ] GC(248)   Pre Evacuate Collection Set: 0.38ms
[119.925s][info][gc,phases   ] GC(248)   Merge Heap Roots: 0.09ms
[119.925s][info][gc,phases   ] GC(248)   Evacuate Collection Set: 79.48ms
[119.925s][info][gc,phases   ] GC(248)   Post Evacuate Collection Set: 0.83ms
[119.925s][info][gc,phases   ] GC(248)   Other: 0.21ms
[119.925s][info][gc,heap     ] GC(248) Eden regions: 245->0(186)
[119.925s][info][gc,heap     ] GC(248) Survivor regions: 9->32(32)
[119.925s][info][gc,heap     ] GC(248) Old regions: 563->611
[119.925s][info][gc,heap     ] GC(248) Humongous regions: 5->5
[119.925s][info][gc,metaspace] GC(248) Metaspace: 18177K(18368K)->18177K(18368K) NonClass: 16348K(16512K)->16348K(16512K) Class: 1828K(1856K)->1828K(1856K)
[119.925s][info][gc          ] GC(248) Pause Young (Concurrent Start) (G1 Evacuation Pause) 821M->647M(978M) 81.255ms
[119.925s][info][gc          ] GC(249) Concurrent Mark Cycle
[119.925s][info][gc,marking  ] GC(249) Concurrent Scan Root Regions
[119.925s][info][gc,cpu      ] GC(248) User=0.16s Sys=0.00s Real=0.08s
[120.032s][info][gc,marking  ] GC(249) Concurrent Scan Root Regions 107.175ms
[120.033s][info][gc,marking  ] GC(249) Concurrent Mark
[120.033s][info][gc,marking  ] GC(249) Concurrent Mark From Roots
[120.033s][info][gc,task     ] GC(249) Using 1 workers of 1 for marking
[120.231s][info][gc,marking  ] GC(249) Concurrent Mark From Roots 198.172ms
[120.231s][info][gc,marking  ] GC(249) Concurrent Preclean
[120.231s][info][gc,marking  ] GC(249) Concurrent Preclean 0.032ms
[120.231s][info][gc,start    ] GC(249) Pause Remark
[120.239s][info][gc          ] GC(249) Pause Remark 783M->438M(978M) 7.980ms
[120.239s][info][gc,cpu      ] GC(249) User=0.01s Sys=0.00s Real=0.00s
[120.240s][info][gc,marking  ] GC(249) Concurrent Mark 207.058ms
[120.240s][info][gc,marking  ] GC(249) Concurrent Rebuild Remembered Sets and Scrub Regions
[120.347s][info][gc,start    ] GC(250) Pause Young (Normal) (G1 Evacuation Pause)
[120.347s][info][gc,task     ] GC(250) Using 2 workers of 2 for evacuation
[120.421s][info][gc,phases   ] GC(250)   Pre Evacuate Collection Set: 0.53ms
[120.421s][info][gc,phases   ] GC(250)   Merge Heap Roots: 0.52ms
[120.421s][info][gc,phases   ] GC(250)   Evacuate Collection Set: 72.77ms
[120.421s][info][gc,phases   ] GC(250)   Post Evacuate Collection Set: 0.60ms
[120.421s][info][gc,phases   ] GC(250)   Other: 0.10ms
[120.421s][info][gc,heap     ] GC(250) Eden regions: 186->0(441)
[120.421s][info][gc,heap     ] GC(250) Survivor regions: 32->18(28)
[120.421s][info][gc,heap     ] GC(250) Old regions: 270->302
[120.421s][info][gc,heap     ] GC(250) Humongous regions: 1->1
[120.421s][info][gc,metaspace] GC(250) Metaspace: 18177K(18368K)->18177K(18368K) NonClass: 16348K(16512K)->16348K(16512K) Class: 1828K(1856K)->1828K(1856K)
[120.421s][info][gc          ] GC(250) Pause Young (Normal) (G1 Evacuation Pause) 488M->321M(978M) 74.759ms
[120.421s][info][gc,cpu      ] GC(250) User=0.14s Sys=0.00s Real=0.08s
[120.493s][info][gc,marking  ] GC(249) Concurrent Rebuild Remembered Sets and Scrub Regions 253.821ms
[120.494s][info][gc,start    ] GC(249) Pause Cleanup
[120.494s][info][gc          ] GC(249) Pause Cleanup 383M->383M(978M) 0.187ms
[120.494s][info][gc,cpu      ] GC(249) User=0.00s Sys=0.00s Real=0.00s
[120.494s][info][gc,marking  ] GC(249) Concurrent Clear Claimed Marks
[120.494s][info][gc,marking  ] GC(249) Concurrent Clear Claimed Marks 0.034ms
[120.494s][info][gc,marking  ] GC(249) Concurrent Cleanup for Next Mark
[120.499s][info][gc,marking  ] GC(249) Concurrent Cleanup for Next Mark 5.012ms
[120.499s][info][gc          ] GC(249) Concurrent Mark Cycle 573.787ms
[120.845s][info][gc,start    ] GC(251) Pause Young (Prepare Mixed) (G1 Evacuation Pause)
[120.845s][info][gc,task     ] GC(251) Using 2 workers of 2 for evacuation
[121.056s][info][gc,mmu      ] GC(251) MMU target violated: 201.0ms (200.0ms/201.0ms)
[121.056s][info][gc,phases   ] GC(251)   Pre Evacuate Collection Set: 0.54ms
[121.056s][info][gc,phases   ] GC(251)   Merge Heap Roots: 0.57ms
[121.056s][info][gc,phases   ] GC(251)   Evacuate Collection Set: 208.43ms
[121.056s][info][gc,phases   ] GC(251)   Post Evacuate Collection Set: 1.20ms
[121.056s][info][gc,phases   ] GC(251)   Other: 0.18ms
[121.056s][info][gc,heap     ] GC(251) Eden regions: 441->0(69)
[121.056s][info][gc,heap     ] GC(251) Survivor regions: 18->58(58)
[121.056s][info][gc,heap     ] GC(251) Old regions: 302->417
[121.056s][info][gc,heap     ] GC(251) Humongous regions: 4->4
[121.056s][info][gc,metaspace] GC(251) Metaspace: 18177K(18368K)->18177K(18368K) NonClass: 16348K(16512K)->16348K(16512K) Class: 1828K(1856K)->1828K(1856K)
[121.056s][info][gc          ] GC(251) Pause Young (Prepare Mixed) (G1 Evacuation Pause) 765M->479M(978M) 211.145ms
[121.056s][info][gc,cpu      ] GC(251) User=0.42s Sys=0.00s Real=0.21s
[121.071s][info][gc,start    ] GC(252) Pause Young (Mixed) (G1 Evacuation Pause)
[121.071s][info][gc,task     ] GC(252) Using 2 workers of 2 for evacuation
[121.185s][info][gc,phases   ] GC(252)   Pre Evacuate Collection Set: 0.32ms
[121.185s][info][gc,phases   ] GC(252)   Merge Heap Roots: 0.91ms
[121.185s][info][gc,phases   ] GC(252)   Evacuate Collection Set: 112.01ms
[121.185s][info][gc,phases   ] GC(252)   Post Evacuate Collection Set: 0.44ms
[121.185s][info][gc,phases   ] GC(252)   Other: 0.09ms
[121.185s][info][gc,heap     ] GC(252) Eden regions: 11->0(270)
[121.185s][info][gc,heap     ] GC(252) Survivor regions: 58->1(9)
[121.185s][info][gc,heap     ] GC(252) Old regions: 417->462
[121.185s][info][gc,heap     ] GC(252) Humongous regions: 4->4
[121.185s][info][gc,metaspace] GC(252) Metaspace: 18177K(18368K)->18177K(18368K) NonClass: 16348K(16512K)->16348K(16512K) Class: 1828K(1856K)->1828K(1856K)
[121.185s][info][gc          ] GC(252) Pause Young (Mixed) (G1 Evacuation Pause) 490M->466M(978M) 114.085ms
[121.185s][info][gc,cpu      ] GC(252) User=0.22s Sys=0.00s Real=0.11s
[121.451s][info][gc,start    ] GC(253) Pause Young (Mixed) (G1 Evacuation Pause)
[121.451s][info][gc,task     ] GC(253) Using 2 workers of 2 for evacuation
[121.507s][info][gc,phases   ] GC(253)   Pre Evacuate Collection Set: 0.56ms
[121.507s][info][gc,phases   ] GC(253)   Merge Heap Roots: 0.54ms
[121.507s][info][gc,phases   ] GC(253)   Evacuate Collection Set: 54.14ms
[121.507s][info][gc,phases   ] GC(253)   Post Evacuate Collection Set: 0.74ms
[121.507s][info][gc,phases   ] GC(253)   Other: 0.10ms
[121.507s][info][gc,heap     ] GC(253) Eden regions: 314->0(242)
[121.507s][info][gc,heap     ] GC(253) Survivor regions: 1->24(40)
[121.507s][info][gc,heap     ] GC(253) Old regions: 462->448
[121.507s][info][gc,heap     ] GC(253) Humongous regions: 7->7
[121.507s][info][gc,metaspace] GC(253) Metaspace: 18177K(18368K)->18177K(18368K) NonClass: 16348K(16512K)->16348K(16512K) Class: 1828K(1856K)->1828K(1856K)
[121.507s][info][gc          ] GC(253) Pause Young (Mixed) (G1 Evacuation Pause) 783M->478M(978M) 56.351ms
[121.507s][info][gc,cpu      ] GC(253) User=0.11s Sys=0.00s Real=0.05s
[121.767s][info][gc,start    ] GC(254) Pause Young (Mixed) (G1 Evacuation Pause)
[121.767s][info][gc,task     ] GC(254) Using 2 workers of 2 for evacuation
[121.865s][info][gc,phases   ] GC(254)   Pre Evacuate Collection Set: 0.56ms
[121.865s][info][gc,phases   ] GC(254)   Merge Heap Roots: 0.52ms
[121.865s][info][gc,phases   ] GC(254)   Evacuate Collection Set: 96.37ms
[121.865s][info][gc,phases   ] GC(254)   Post Evacuate Collection Set: 0.71ms
[121.865s][info][gc,phases   ] GC(254)   Other: 0.10ms
[121.865s][info][gc,heap     ] GC(254) Eden regions: 291->0(229)
[121.865s][info][gc,heap     ] GC(254) Survivor regions: 24->38(40)
[121.865s][info][gc,heap     ] GC(254) Old regions: 448->458
[121.865s][info][gc,heap     ] GC(254) Humongous regions: 7->7
[121.865s][info][gc,metaspace] GC(254) Metaspace: 18184K(18368K)->18184K(18368K) NonClass: 16356K(16512K)->16356K(16512K) Class: 1828K(1856K)->1828K(1856K)
[121.865s][info][gc          ] GC(254) Pause Young (Mixed) (G1 Evacuation Pause) 769M->502M(978M) 98.553ms
[121.865s][info][gc,cpu      ] GC(254) User=0.19s Sys=0.00s Real=0.10s
[122.168s][info][gc,start    ] GC(255) Pause Young (Mixed) (G1 Evacuation Pause)
[122.168s][info][gc,task     ] GC(255) Using 2 workers of 2 for evacuation
[122.260s][info][gc,phases   ] GC(255)   Pre Evacuate Collection Set: 1.89ms
[122.260s][info][gc,phases   ] GC(255)   Merge Heap Roots: 0.67ms
[122.260s][info][gc,phases   ] GC(255)   Evacuate Collection Set: 88.48ms
[122.260s][info][gc,phases   ] GC(255)   Post Evacuate Collection Set: 0.67ms
[122.260s][info][gc,phases   ] GC(255)   Other: 0.10ms
[122.260s][info][gc,heap     ] GC(255) Eden regions: 296->0(319)
[122.260s][info][gc,heap     ] GC(255) Survivor regions: 38->24(42)
[122.260s][info][gc,heap     ] GC(255) Old regions: 458->481
[122.260s][info][gc,heap     ] GC(255) Humongous regions: 7->7
[122.260s][info][gc,metaspace] GC(255) Metaspace: 18188K(18368K)->18188K(18368K) NonClass: 16359K(16512K)->16359K(16512K) Class: 1828K(1856K)->1828K(1856K)
[122.261s][info][gc          ] GC(255) Pause Young (Mixed) (G1 Evacuation Pause) 798M->512M(978M) 92.128ms
[122.261s][info][gc,cpu      ] GC(255) User=0.17s Sys=0.00s Real=0.10s
[122.772s][info][gc,start    ] GC(256) Pause Young (Mixed) (G1 Evacuation Pause)
[122.772s][info][gc,task     ] GC(256) Using 2 workers of 2 for evacuation
[122.852s][info][gc,phases   ] GC(256)   Pre Evacuate Collection Set: 0.59ms
[122.852s][info][gc,phases   ] GC(256)   Merge Heap Roots: 0.65ms
[122.852s][info][gc,phases   ] GC(256)   Evacuate Collection Set: 77.50ms
[122.852s][info][gc,phases   ] GC(256)   Post Evacuate Collection Set: 0.71ms
[122.852s][info][gc,phases   ] GC(256)   Other: 0.12ms
[122.852s][info][gc,heap     ] GC(256) Eden regions: 319->0(343)
[122.852s][info][gc,heap     ] GC(256) Survivor regions: 24->26(43)
[122.852s][info][gc,heap     ] GC(256) Old regions: 481->451
[122.852s][info][gc,heap     ] GC(256) Humongous regions: 7->7
[122.852s][info][gc,metaspace] GC(256) Metaspace: 18192K(18368K)->18192K(18368K) NonClass: 16363K(16512K)->16363K(16512K) Class: 1828K(1856K)->1828K(1856K)
[122.852s][info][gc          ] GC(256) Pause Young (Mixed) (G1 Evacuation Pause) 831M->484M(978M) 79.868ms
[122.852s][info][gc,cpu      ] GC(256) User=0.16s Sys=0.00s Real=0.08s
[123.883s][info][gc,start    ] GC(257) Pause Young (Concurrent Start) (G1 Evacuation Pause)
[123.883s][info][gc,task     ] GC(257) Using 2 workers of 2 for evacuation
[123.921s][info][gc,phases   ] GC(257)   Pre Evacuate Collection Set: 0.33ms
[123.921s][info][gc,phases   ] GC(257)   Merge Heap Roots: 0.23ms
[123.921s][info][gc,phases   ] GC(257)   Evacuate Collection Set: 37.00ms
[123.921s][info][gc,phases   ] GC(257)   Post Evacuate Collection Set: 0.61ms
[123.921s][info][gc,phases   ] GC(257)   Other: 0.12ms
[123.921s][info][gc,heap     ] GC(257) Eden regions: 343->0(363)
[123.921s][info][gc,heap     ] GC(257) Survivor regions: 26->1(47)
[123.921s][info][gc,heap     ] GC(257) Old regions: 451->477
[123.921s][info][gc,heap     ] GC(257) Humongous regions: 7->7
[123.922s][info][gc,metaspace] GC(257) Metaspace: 18206K(18368K)->18206K(18368K) NonClass: 16377K(16512K)->16377K(16512K) Class: 1828K(1856K)->1828K(1856K)
[123.922s][info][gc          ] GC(257) Pause Young (Concurrent Start) (G1 Evacuation Pause) 827M->485M(978M) 38.538ms
[123.922s][info][gc,cpu      ] GC(257) User=0.08s Sys=0.00s Real=0.04s
[123.922s][info][gc          ] GC(258) Concurrent Mark Cycle
[123.922s][info][gc,marking  ] GC(258) Concurrent Scan Root Regions
[123.978s][info][gc,marking  ] GC(258) Concurrent Scan Root Regions 56.135ms
[123.978s][info][gc,marking  ] GC(258) Concurrent Mark
[123.978s][info][gc,marking  ] GC(258) Concurrent Mark From Roots
[123.978s][info][gc,task     ] GC(258) Using 1 workers of 1 for marking
[125.030s][info][gc,marking  ] GC(258) Concurrent Mark From Roots 1052.313ms
[125.030s][info][gc,marking  ] GC(258) Concurrent Preclean
[125.030s][info][gc,marking  ] GC(258) Concurrent Preclean 0.028ms
[125.031s][info][gc,start    ] GC(258) Pause Remark
[125.038s][info][gc          ] GC(258) Pause Remark 749M->665M(978M) 7.848ms
[125.038s][info][gc,cpu      ] GC(258) User=0.02s Sys=0.00s Real=0.00s
[125.039s][info][gc,marking  ] GC(258) Concurrent Mark 1061.651ms
[125.040s][info][gc,marking  ] GC(258) Concurrent Rebuild Remembered Sets and Scrub Regions
[125.280s][info][gc,start    ] GC(259) Pause Young (Normal) (G1 Evacuation Pause)
[125.280s][info][gc,task     ] GC(259) Using 2 workers of 2 for evacuation
[125.328s][info][gc,phases   ] GC(259)   Pre Evacuate Collection Set: 0.54ms
[125.328s][info][gc,phases   ] GC(259)   Merge Heap Roots: 0.45ms
[125.328s][info][gc,phases   ] GC(259)   Evacuate Collection Set: 45.70ms
[125.328s][info][gc,phases   ] GC(259)   Post Evacuate Collection Set: 0.70ms
[125.328s][info][gc,phases   ] GC(259)   Other: 0.10ms
[125.328s][info][gc,heap     ] GC(259) Eden regions: 363->0(398)
[125.328s][info][gc,heap     ] GC(259) Survivor regions: 1->34(46)
[125.328s][info][gc,heap     ] GC(259) Old regions: 396->396
[125.328s][info][gc,heap     ] GC(259) Humongous regions: 4->4
[125.328s][info][gc,metaspace] GC(259) Metaspace: 18212K(18368K)->18212K(18368K) NonClass: 16383K(16512K)->16383K(16512K) Class: 1828K(1856K)->1828K(1856K)
[125.328s][info][gc          ] GC(259) Pause Young (Normal) (G1 Evacuation Pause) 764M->433M(978M) 47.725ms
[125.328s][info][gc,cpu      ] GC(259) User=0.09s Sys=0.00s Real=0.05s
[125.546s][info][gc,marking  ] GC(258) Concurrent Rebuild Remembered Sets and Scrub Regions 506.676ms
[125.547s][info][gc,start    ] GC(258) Pause Cleanup
[125.547s][info][gc          ] GC(258) Pause Cleanup 570M->570M(978M) 0.140ms
[125.547s][info][gc,cpu      ] GC(258) User=0.00s Sys=0.00s Real=0.00s
[125.547s][info][gc,marking  ] GC(258) Concurrent Clear Claimed Marks
[125.547s][info][gc,marking  ] GC(258) Concurrent Clear Claimed Marks 0.035ms
[125.547s][info][gc,marking  ] GC(258) Concurrent Cleanup for Next Mark
[125.555s][info][gc,marking  ] GC(258) Concurrent Cleanup for Next Mark 8.343ms
[125.556s][info][gc          ] GC(258) Concurrent Mark Cycle 1633.925ms
[125.894s][info][gc,start    ] GC(260) Pause Young (Prepare Mixed) (G1 Evacuation Pause)
[125.894s][info][gc,task     ] GC(260) Using 2 workers of 2 for evacuation
[126.027s][info][gc,phases   ] GC(260)   Pre Evacuate Collection Set: 0.56ms
[126.027s][info][gc,phases   ] GC(260)   Merge Heap Roots: 0.24ms
[126.027s][info][gc,phases   ] GC(260)   Evacuate Collection Set: 130.92ms
[126.027s][info][gc,phases   ] GC(260)   Post Evacuate Collection Set: 0.87ms
[126.027s][info][gc,phases   ] GC(260)   Other: 0.10ms
[126.027s][info][gc,heap     ] GC(260) Eden regions: 398->0(335)
[126.027s][info][gc,heap     ] GC(260) Survivor regions: 34->54(54)
[126.027s][info][gc,heap     ] GC(260) Old regions: 396->451
[126.027s][info][gc,heap     ] GC(260) Humongous regions: 7->7
[126.027s][info][gc,metaspace] GC(260) Metaspace: 18216K(18368K)->18216K(18368K) NonClass: 16387K(16512K)->16387K(16512K) Class: 1828K(1856K)->1828K(1856K)
[126.027s][info][gc          ] GC(260) Pause Young (Prepare Mixed) (G1 Evacuation Pause) 834M->511M(978M) 132.969ms
[126.027s][info][gc,cpu      ] GC(260) User=0.26s Sys=0.00s Real=0.13s
[126.333s][info][gc,start    ] GC(261) Pause Young (Mixed) (G1 Evacuation Pause)
[126.333s][info][gc,task     ] GC(261) Using 2 workers of 2 for evacuation
[126.479s][info][gc,phases   ] GC(261)   Pre Evacuate Collection Set: 0.55ms
[126.479s][info][gc,phases   ] GC(261)   Merge Heap Roots: 0.58ms
[126.479s][info][gc,phases   ] GC(261)   Evacuate Collection Set: 144.03ms
[126.479s][info][gc,phases   ] GC(261)   Post Evacuate Collection Set: 0.96ms
[126.479s][info][gc,phases   ] GC(261)   Other: 0.10ms
[126.479s][info][gc,heap     ] GC(261) Eden regions: 335->0(289)
[126.479s][info][gc,heap     ] GC(261) Survivor regions: 54->49(49)
[126.479s][info][gc,heap     ] GC(261) Old regions: 451->495
[126.479s][info][gc,heap     ] GC(261) Humongous regions: 7->7
[126.479s][info][gc,metaspace] GC(261) Metaspace: 18216K(18368K)->18216K(18368K) NonClass: 16387K(16512K)->16387K(16512K) Class: 1828K(1856K)->1828K(1856K)
[126.479s][info][gc          ] GC(261) Pause Young (Mixed) (G1 Evacuation Pause) 846M->551M(978M) 146.508ms
[126.479s][info][gc,cpu      ] GC(261) User=0.29s Sys=0.00s Real=0.14s
[126.732s][info][gc,start    ] GC(262) Pause Young (Mixed) (G1 Evacuation Pause)
[126.732s][info][gc,task     ] GC(262) Using 2 workers of 2 for evacuation
[126.884s][info][gc,phases   ] GC(262)   Pre Evacuate Collection Set: 0.57ms
[126.884s][info][gc,phases   ] GC(262)   Merge Heap Roots: 0.61ms
[126.884s][info][gc,phases   ] GC(262)   Evacuate Collection Set: 150.12ms
[126.884s][info][gc,phases   ] GC(262)   Post Evacuate Collection Set: 0.68ms
[126.884s][info][gc,phases   ] GC(262)   Other: 0.10ms
[126.884s][info][gc,heap     ] GC(262) Eden regions: 299->0(281)
[126.884s][info][gc,heap     ] GC(262) Survivor regions: 49->32(44)
[126.884s][info][gc,heap     ] GC(262) Old regions: 495->544
[126.884s][info][gc,heap     ] GC(262) Humongous regions: 8->8
[126.884s][info][gc,metaspace] GC(262) Metaspace: 18216K(18368K)->18216K(18368K) NonClass: 16387K(16512K)->16387K(16512K) Class: 1828K(1856K)->1828K(1856K)
[126.884s][info][gc          ] GC(262) Pause Young (Mixed) (G1 Evacuation Pause) 851M->584M(978M) 152.352ms
[126.884s][info][gc,cpu      ] GC(262) User=0.30s Sys=0.00s Real=0.15s
[127.102s][info][gc,start    ] GC(263) Pause Young (Concurrent Start) (G1 Evacuation Pause)
[127.102s][info][gc,task     ] GC(263) Using 2 workers of 2 for evacuation
[127.171s][info][gc,phases   ] GC(263)   Pre Evacuate Collection Set: 0.37ms
[127.171s][info][gc,phases   ] GC(263)   Merge Heap Roots: 0.33ms
[127.172s][info][gc,phases   ] GC(263)   Evacuate Collection Set: 67.93ms
[127.172s][info][gc,phases   ] GC(263)   Post Evacuate Collection Set: 0.59ms
[127.172s][info][gc,phases   ] GC(263)   Other: 0.23ms
[127.172s][info][gc,heap     ] GC(263) Eden regions: 281->0(280)
[127.172s][info][gc,heap     ] GC(263) Survivor regions: 32->15(40)
[127.172s][info][gc,heap     ] GC(263) Old regions: 544->577
[127.172s][info][gc,heap     ] GC(263) Humongous regions: 8->8
[127.172s][info][gc,metaspace] GC(263) Metaspace: 18229K(18368K)->18229K(18368K) NonClass: 16400K(16512K)->16400K(16512K) Class: 1828K(1856K)->1828K(1856K)
[127.172s][info][gc          ] GC(263) Pause Young (Concurrent Start) (G1 Evacuation Pause) 865M->599M(978M) 69.725ms
[127.172s][info][gc,cpu      ] GC(263) User=0.14s Sys=0.00s Real=0.07s
[127.172s][info][gc          ] GC(264) Concurrent Mark Cycle
[127.172s][info][gc,marking  ] GC(264) Concurrent Scan Root Regions
[127.279s][info][gc,marking  ] GC(264) Concurrent Scan Root Regions 107.242ms
[127.279s][info][gc,marking  ] GC(264) Concurrent Mark
[127.279s][info][gc,marking  ] GC(264) Concurrent Mark From Roots
[127.279s][info][gc,task     ] GC(264) Using 1 workers of 1 for marking
[127.700s][info][gc,start    ] GC(265) Pause Young (Normal) (G1 Evacuation Pause)
[127.700s][info][gc,task     ] GC(265) Using 2 workers of 2 for evacuation
[127.752s][info][gc,phases   ] GC(265)   Pre Evacuate Collection Set: 0.52ms
[127.752s][info][gc,phases   ] GC(265)   Merge Heap Roots: 0.28ms
[127.752s][info][gc,phases   ] GC(265)   Evacuate Collection Set: 51.22ms
[127.752s][info][gc,phases   ] GC(265)   Post Evacuate Collection Set: 0.60ms
[127.752s][info][gc,phases   ] GC(265)   Other: 0.09ms
[127.752s][info][gc,heap     ] GC(265) Eden regions: 280->0(263)
[127.752s][info][gc,heap     ] GC(265) Survivor regions: 15->37(37)
[127.753s][info][gc,heap     ] GC(265) Old regions: 577->580
[127.753s][info][gc,heap     ] GC(265) Humongous regions: 8->8
[127.753s][info][gc,metaspace] GC(265) Metaspace: 18233K(18368K)->18233K(18368K) NonClass: 16404K(16512K)->16404K(16512K) Class: 1828K(1856K)->1828K(1856K)
[127.753s][info][gc          ] GC(265) Pause Young (Normal) (G1 Evacuation Pause) 879M->624M(978M) 52.996ms
[127.753s][info][gc,cpu      ] GC(265) User=0.10s Sys=0.00s Real=0.06s
[128.441s][info][gc,marking  ] GC(264) Concurrent Mark From Roots 1162.404ms
[128.442s][info][gc,marking  ] GC(264) Concurrent Preclean
[128.442s][info][gc,marking  ] GC(264) Concurrent Preclean 0.043ms
[128.442s][info][gc,start    ] GC(264) Pause Remark
[128.450s][info][gc          ] GC(264) Pause Remark 774M->659M(978M) 7.803ms
[128.450s][info][gc,cpu      ] GC(264) User=0.01s Sys=0.00s Real=0.00s
[128.450s][info][gc,marking  ] GC(264) Concurrent Mark 1170.583ms
[128.450s][info][gc,marking  ] GC(264) Concurrent Rebuild Remembered Sets and Scrub Regions
[128.793s][info][gc,start    ] GC(266) Pause Young (Normal) (G1 Evacuation Pause)
[128.793s][info][gc,task     ] GC(266) Using 2 workers of 2 for evacuation
[128.873s][info][gc,phases   ] GC(266)   Pre Evacuate Collection Set: 0.31ms
[128.873s][info][gc,phases   ] GC(266)   Merge Heap Roots: 0.54ms
[128.873s][info][gc,phases   ] GC(266)   Evacuate Collection Set: 78.01ms
[128.873s][info][gc,phases   ] GC(266)   Post Evacuate Collection Set: 0.88ms
[128.873s][info][gc,phases   ] GC(266)   Other: 0.12ms
[128.873s][info][gc,heap     ] GC(266) Eden regions: 263->0(328)
[128.873s][info][gc,heap     ] GC(266) Survivor regions: 37->20(38)
[128.873s][info][gc,heap     ] GC(266) Old regions: 468->505
[128.873s][info][gc,heap     ] GC(266) Humongous regions: 5->5
[128.873s][info][gc,metaspace] GC(266) Metaspace: 18235K(18368K)->18235K(18368K) NonClass: 16406K(16512K)->16406K(16512K) Class: 1828K(1856K)->1828K(1856K)
[128.873s][info][gc          ] GC(266) Pause Young (Normal) (G1 Evacuation Pause) 772M->529M(978M) 80.102ms
[128.873s][info][gc,cpu      ] GC(266) User=0.16s Sys=0.00s Real=0.08s
[129.115s][info][gc,marking  ] GC(264) Concurrent Rebuild Remembered Sets and Scrub Regions 665.865ms
[129.116s][info][gc,start    ] GC(264) Pause Cleanup
[129.116s][info][gc          ] GC(264) Pause Cleanup 591M->591M(978M) 0.153ms
[129.116s][info][gc,cpu      ] GC(264) User=0.00s Sys=0.00s Real=0.00s
[129.116s][info][gc,marking  ] GC(264) Concurrent Clear Claimed Marks
[129.116s][info][gc,marking  ] GC(264) Concurrent Clear Claimed Marks 0.027ms
[129.116s][info][gc,marking  ] GC(264) Concurrent Cleanup for Next Mark
[129.122s][info][gc,marking  ] GC(264) Concurrent Cleanup for Next Mark 6.497ms
[129.122s][info][gc          ] GC(264) Concurrent Mark Cycle 1950.849ms
[129.509s][info][gc,start    ] GC(267) Pause Young (Prepare Mixed) (G1 Evacuation Pause)
[129.509s][info][gc,task     ] GC(267) Using 2 workers of 2 for evacuation
[129.609s][info][gc,phases   ] GC(267)   Pre Evacuate Collection Set: 0.51ms
[129.609s][info][gc,phases   ] GC(267)   Merge Heap Roots: 0.62ms
[129.609s][info][gc,phases   ] GC(267)   Evacuate Collection Set: 97.06ms
[129.609s][info][gc,phases   ] GC(267)   Post Evacuate Collection Set: 1.08ms
[129.609s][info][gc,phases   ] GC(267)   Other: 0.10ms
[129.609s][info][gc,heap     ] GC(267) Eden regions: 328->0(276)
[129.609s][info][gc,heap     ] GC(267) Survivor regions: 20->44(44)
[129.609s][info][gc,heap     ] GC(267) Old regions: 505->539
[129.609s][info][gc,heap     ] GC(267) Humongous regions: 5->5
[129.609s][info][gc,metaspace] GC(267) Metaspace: 18237K(18368K)->18237K(18368K) NonClass: 16408K(16512K)->16408K(16512K) Class: 1828K(1856K)->1828K(1856K)
[129.609s][info][gc          ] GC(267) Pause Young (Prepare Mixed) (G1 Evacuation Pause) 857M->587M(978M) 99.628ms
[129.609s][info][gc,cpu      ] GC(267) User=0.20s Sys=0.01s Real=0.10s
[130.143s][info][gc,start    ] GC(268) Pause Young (Mixed) (G1 Evacuation Pause)
[130.143s][info][gc,task     ] GC(268) Using 2 workers of 2 for evacuation
[130.288s][info][gc,phases   ] GC(268)   Pre Evacuate Collection Set: 0.59ms
[130.288s][info][gc,phases   ] GC(268)   Merge Heap Roots: 0.85ms
[130.288s][info][gc,phases   ] GC(268)   Evacuate Collection Set: 142.62ms
[130.288s][info][gc,phases   ] GC(268)   Post Evacuate Collection Set: 0.96ms
[130.288s][info][gc,phases   ] GC(268)   Other: 0.10ms
[130.288s][info][gc,heap     ] GC(268) Eden regions: 276->0(55)
[130.288s][info][gc,heap     ] GC(268) Survivor regions: 44->40(40)
[130.288s][info][gc,heap     ] GC(268) Old regions: 539->525
[130.288s][info][gc,heap     ] GC(268) Humongous regions: 8->8
[130.288s][info][gc,metaspace] GC(268) Metaspace: 18237K(18368K)->18237K(18368K) NonClass: 16408K(16512K)->16408K(16512K) Class: 1828K(1856K)->1828K(1856K)
[130.288s][info][gc          ] GC(268) Pause Young (Mixed) (G1 Evacuation Pause) 866M->573M(978M) 145.436ms
[130.288s][info][gc,cpu      ] GC(268) User=0.28s Sys=0.00s Real=0.14s
[130.379s][info][gc,start    ] GC(269) Pause Young (Mixed) (G1 Evacuation Pause)
[130.379s][info][gc,task     ] GC(269) Using 2 workers of 2 for evacuation
[130.583s][info][gc,mmu      ] GC(269) MMU target violated: 201.0ms (200.0ms/201.0ms)
[130.583s][info][gc,phases   ] GC(269)   Pre Evacuate Collection Set: 0.57ms
[130.583s][info][gc,phases   ] GC(269)   Merge Heap Roots: 0.71ms
[130.583s][info][gc,phases   ] GC(269)   Evacuate Collection Set: 201.91ms
[130.583s][info][gc,phases   ] GC(269)   Post Evacuate Collection Set: 0.38ms
[130.583s][info][gc,phases   ] GC(269)   Other: 0.18ms
[130.583s][info][gc,heap     ] GC(269) Eden regions: 56->0(266)
[130.583s][info][gc,heap     ] GC(269) Survivor regions: 40->12(12)
[130.583s][info][gc,heap     ] GC(269) Old regions: 525->569
[130.583s][info][gc,heap     ] GC(269) Humongous regions: 8->8
[130.583s][info][gc,metaspace] GC(269) Metaspace: 18237K(18368K)->18237K(18368K) NonClass: 16408K(16512K)->16408K(16512K) Class: 1828K(1856K)->1828K(1856K)
[130.583s][info][gc          ] GC(269) Pause Young (Mixed) (G1 Evacuation Pause) 629M->588M(978M) 203.990ms
[130.583s][info][gc,cpu      ] GC(269) User=0.41s Sys=0.00s Real=0.21s
[130.885s][info][gc,start    ] GC(270) Pause Young (Concurrent Start) (G1 Evacuation Pause)
[130.885s][info][gc,task     ] GC(270) Using 2 workers of 2 for evacuation
[130.939s][info][gc,phases   ] GC(270)   Pre Evacuate Collection Set: 0.38ms
[130.939s][info][gc,phases   ] GC(270)   Merge Heap Roots: 0.22ms
[130.939s][info][gc,phases   ] GC(270)   Evacuate Collection Set: 52.36ms
[130.939s][info][gc,phases   ] GC(270)   Post Evacuate Collection Set: 0.59ms
[130.939s][info][gc,phases   ] GC(270)   Other: 0.24ms
[130.939s][info][gc,heap     ] GC(270) Eden regions: 266->0(249)
[130.939s][info][gc,heap     ] GC(270) Survivor regions: 12->35(35)
[130.939s][info][gc,heap     ] GC(270) Old regions: 569->575
[130.939s][info][gc,heap     ] GC(270) Humongous regions: 8->8
[130.939s][info][gc,metaspace] GC(270) Metaspace: 18237K(18368K)->18237K(18368K) NonClass: 16408K(16512K)->16408K(16512K) Class: 1828K(1856K)->1828K(1856K)
[130.939s][info][gc          ] GC(270) Pause Young (Concurrent Start) (G1 Evacuation Pause) 854M->617M(978M) 54.048ms
[130.939s][info][gc          ] GC(271) Concurrent Mark Cycle
[130.939s][info][gc,marking  ] GC(271) Concurrent Scan Root Regions
[130.939s][info][gc,cpu      ] GC(270) User=0.11s Sys=0.00s Real=0.05s
[131.028s][info][gc,marking  ] GC(271) Concurrent Scan Root Regions 89.299ms
[131.028s][info][gc,marking  ] GC(271) Concurrent Mark
[131.028s][info][gc,marking  ] GC(271) Concurrent Mark From Roots
[131.028s][info][gc,task     ] GC(271) Using 1 workers of 1 for marking
[131.437s][info][gc,start    ] GC(272) Pause Young (Normal) (G1 Evacuation Pause)
[131.437s][info][gc,task     ] GC(272) Using 2 workers of 2 for evacuation
[131.500s][info][gc,phases   ] GC(272)   Pre Evacuate Collection Set: 0.32ms
[131.500s][info][gc,phases   ] GC(272)   Merge Heap Roots: 0.54ms
[131.500s][info][gc,phases   ] GC(272)   Evacuate Collection Set: 61.03ms
[131.500s][info][gc,phases   ] GC(272)   Post Evacuate Collection Set: 0.55ms
[131.500s][info][gc,phases   ] GC(272)   Other: 0.11ms
[131.500s][info][gc,heap     ] GC(272) Eden regions: 249->0(259)
[131.500s][info][gc,heap     ] GC(272) Survivor regions: 35->6(36)
[131.500s][info][gc,heap     ] GC(272) Old regions: 575->610
[131.500s][info][gc,heap     ] GC(272) Humongous regions: 8->8
[131.500s][info][gc,metaspace] GC(272) Metaspace: 18237K(18368K)->18237K(18368K) NonClass: 16408K(16512K)->16408K(16512K) Class: 1828K(1856K)->1828K(1856K)
[131.500s][info][gc          ] GC(272) Pause Young (Normal) (G1 Evacuation Pause) 866M->623M(978M) 62.846ms
[131.500s][info][gc,cpu      ] GC(272) User=0.13s Sys=0.00s Real=0.06s
[132.017s][info][gc,start    ] GC(273) Pause Young (Normal) (G1 Evacuation Pause)
[132.017s][info][gc,task     ] GC(273) Using 2 workers of 2 for evacuation
[132.080s][info][gc,phases   ] GC(273)   Pre Evacuate Collection Set: 0.33ms
[132.080s][info][gc,phases   ] GC(273)   Merge Heap Roots: 0.22ms
[132.080s][info][gc,phases   ] GC(273)   Evacuate Collection Set: 61.96ms
[132.080s][info][gc,phases   ] GC(273)   Post Evacuate Collection Set: 0.73ms
[132.081s][info][gc,phases   ] GC(273)   Other: 0.13ms
[132.081s][info][gc,heap     ] GC(273) Eden regions: 259->0(210)
[132.081s][info][gc,heap     ] GC(273) Survivor regions: 6->34(34)
[132.081s][info][gc,heap     ] GC(273) Old regions: 610->629
[132.081s][info][gc,heap     ] GC(273) Humongous regions: 8->8
[132.081s][info][gc,metaspace] GC(273) Metaspace: 18237K(18368K)->18237K(18368K) NonClass: 16408K(16512K)->16408K(16512K) Class: 1828K(1856K)->1828K(1856K)
[132.081s][info][gc          ] GC(273) Pause Young (Normal) (G1 Evacuation Pause) 882M->671M(978M) 63.618ms
[132.081s][info][gc,cpu      ] GC(273) User=0.12s Sys=0.00s Real=0.07s
[132.559s][info][gc,start    ] GC(274) Pause Young (Normal) (G1 Evacuation Pause)
[132.559s][info][gc,task     ] GC(274) Using 2 workers of 2 for evacuation
[132.669s][info][gc,phases   ] GC(274)   Pre Evacuate Collection Set: 0.35ms
[132.669s][info][gc,phases   ] GC(274)   Merge Heap Roots: 0.47ms
[132.669s][info][gc,phases   ] GC(274)   Evacuate Collection Set: 108.09ms
[132.669s][info][gc,phases   ] GC(274)   Post Evacuate Collection Set: 0.64ms
[132.669s][info][gc,phases   ] GC(274)   Other: 0.09ms
[132.669s][info][gc,heap     ] GC(274) Eden regions: 210->0(151)
[132.669s][info][gc,heap     ] GC(274) Survivor regions: 34->31(31)
[132.669s][info][gc,heap     ] GC(274) Old regions: 629->694
[132.669s][info][gc,heap     ] GC(274) Humongous regions: 8->8
[132.669s][info][gc,metaspace] GC(274) Metaspace: 18237K(18368K)->18237K(18368K) NonClass: 16408K(16512K)->16408K(16512K) Class: 1828K(1856K)->1828K(1856K)
[132.669s][info][gc          ] GC(274) Pause Young (Normal) (G1 Evacuation Pause) 881M->732M(978M) 109.925ms
[132.669s][info][gc,cpu      ] GC(274) User=0.21s Sys=0.00s Real=0.11s
[133.019s][info][gc,marking  ] GC(271) Concurrent Mark From Roots 1990.858ms
[133.019s][info][gc,marking  ] GC(271) Concurrent Preclean
[133.019s][info][gc,marking  ] GC(271) Concurrent Preclean 0.027ms
[133.019s][info][gc,start    ] GC(271) Pause Remark
[133.027s][info][gc          ] GC(271) Pause Remark 862M->814M(978M) 7.615ms
[133.027s][info][gc,cpu      ] GC(271) User=0.01s Sys=0.00s Real=0.01s
[133.027s][info][gc,marking  ] GC(271) Concurrent Mark 1998.856ms
[133.027s][info][gc,marking  ] GC(271) Concurrent Rebuild Remembered Sets and Scrub Regions
[133.095s][info][gc,start    ] GC(275) Pause Young (Normal) (G1 Evacuation Pause)
[133.095s][info][gc,task     ] GC(275) Using 2 workers of 2 for evacuation
[133.175s][info][gc,phases   ] GC(275)   Pre Evacuate Collection Set: 0.68ms
[133.175s][info][gc,phases   ] GC(275)   Merge Heap Roots: 1.07ms
[133.175s][info][gc,phases   ] GC(275)   Evacuate Collection Set: 77.45ms
[133.175s][info][gc,phases   ] GC(275)   Post Evacuate Collection Set: 0.53ms
[133.175s][info][gc,phases   ] GC(275)   Other: 0.09ms
[133.175s][info][gc,heap     ] GC(275) Eden regions: 151->0(170)
[133.175s][info][gc,heap     ] GC(275) Survivor regions: 31->22(23)
[133.175s][info][gc,heap     ] GC(275) Old regions: 648->679
[133.175s][info][gc,heap     ] GC(275) Humongous regions: 9->9
[133.175s][info][gc,metaspace] GC(275) Metaspace: 18237K(18368K)->18237K(18368K) NonClass: 16408K(16512K)->16408K(16512K) Class: 1828K(1856K)->1828K(1856K)
[133.175s][info][gc          ] GC(275) Pause Young (Normal) (G1 Evacuation Pause) 838M->710M(978M) 80.102ms
[133.175s][info][gc,cpu      ] GC(275) User=0.15s Sys=0.00s Real=0.08s
[133.550s][info][gc,start    ] GC(276) Pause Young (Normal) (G1 Evacuation Pause)
[133.550s][info][gc,task     ] GC(276) Using 2 workers of 2 for evacuation
[133.635s][info][gc,phases   ] GC(276)   Pre Evacuate Collection Set: 0.86ms
[133.635s][info][gc,phases   ] GC(276)   Merge Heap Roots: 0.39ms
[133.636s][info][gc,phases   ] GC(276)   Evacuate Collection Set: 83.71ms
[133.636s][info][gc,phases   ] GC(276)   Post Evacuate Collection Set: 0.48ms
[133.636s][info][gc,phases   ] GC(276)   Other: 0.11ms
[133.636s][info][gc,heap     ] GC(276) Eden regions: 170->0(147)
[133.636s][info][gc,heap     ] GC(276) Survivor regions: 22->24(24)
[133.636s][info][gc,heap     ] GC(276) Old regions: 679->712
[133.636s][info][gc,heap     ] GC(276) Humongous regions: 9->9
[133.636s][info][gc,metaspace] GC(276) Metaspace: 18239K(18368K)->18239K(18368K) NonClass: 16410K(16512K)->16410K(16512K) Class: 1828K(1856K)->1828K(1856K)
[133.636s][info][gc          ] GC(276) Pause Young (Normal) (G1 Evacuation Pause) 880M->744M(978M) 85.835ms
[133.636s][info][gc,cpu      ] GC(276) User=0.16s Sys=0.00s Real=0.09s
[133.854s][info][gc,start    ] GC(277) Pause Young (Normal) (G1 Evacuation Pause)
[133.854s][info][gc,task     ] GC(277) Using 2 workers of 2 for evacuation
[133.893s][info][gc,phases   ] GC(277)   Pre Evacuate Collection Set: 0.35ms
[133.893s][info][gc,phases   ] GC(277)   Merge Heap Roots: 0.24ms
[133.893s][info][gc,phases   ] GC(277)   Evacuate Collection Set: 37.83ms
[133.893s][info][gc,phases   ] GC(277)   Post Evacuate Collection Set: 0.45ms
[133.893s][info][gc,phases   ] GC(277)   Other: 0.12ms
[133.893s][info][gc,heap     ] GC(277) Eden regions: 147->0(151)
[133.893s][info][gc,heap     ] GC(277) Survivor regions: 24->6(22)
[133.893s][info][gc,heap     ] GC(277) Old regions: 712->736
[133.893s][info][gc,heap     ] GC(277) Humongous regions: 9->9
[133.893s][info][gc,metaspace] GC(277) Metaspace: 18239K(18368K)->18239K(18368K) NonClass: 16410K(16512K)->16410K(16512K) Class: 1828K(1856K)->1828K(1856K)
[133.893s][info][gc          ] GC(277) Pause Young (Normal) (G1 Evacuation Pause) 891M->751M(978M) 39.270ms
[133.893s][info][gc,cpu      ] GC(277) User=0.08s Sys=0.00s Real=0.04s
[133.902s][info][gc,marking  ] GC(271) Concurrent Rebuild Remembered Sets and Scrub Regions 875.441ms
[133.903s][info][gc,start    ] GC(271) Pause Cleanup
[133.903s][info][gc          ] GC(271) Pause Cleanup 756M->756M(978M) 0.164ms
[133.903s][info][gc,cpu      ] GC(271) User=0.00s Sys=0.00s Real=0.00s
[133.903s][info][gc,marking  ] GC(271) Concurrent Clear Claimed Marks
[133.903s][info][gc,marking  ] GC(271) Concurrent Clear Claimed Marks 0.034ms
[133.903s][info][gc,marking  ] GC(271) Concurrent Cleanup for Next Mark
[133.906s][info][gc,marking  ] GC(271) Concurrent Cleanup for Next Mark 3.045ms
[133.906s][info][gc          ] GC(271) Concurrent Mark Cycle 2967.293ms
[134.074s][info][gc,start    ] GC(278) Pause Young (Prepare Mixed) (G1 Evacuation Pause)
[134.074s][info][gc,task     ] GC(278) Using 2 workers of 2 for evacuation
[134.091s][info][gc,phases   ] GC(278)   Pre Evacuate Collection Set: 0.53ms
[134.091s][info][gc,phases   ] GC(278)   Merge Heap Roots: 0.26ms
[134.091s][info][gc,phases   ] GC(278)   Evacuate Collection Set: 15.21ms
[134.091s][info][gc,phases   ] GC(278)   Post Evacuate Collection Set: 0.46ms
[134.091s][info][gc,phases   ] GC(278)   Other: 0.10ms
[134.091s][info][gc,heap     ] GC(278) Eden regions: 151->0(161)
[134.091s][info][gc,heap     ] GC(278) Survivor regions: 6->7(20)
[134.091s][info][gc,heap     ] GC(278) Old regions: 736->736
[134.091s][info][gc,heap     ] GC(278) Humongous regions: 9->9
[134.091s][info][gc,metaspace] GC(278) Metaspace: 18239K(18368K)->18239K(18368K) NonClass: 16410K(16512K)->16410K(16512K) Class: 1828K(1856K)->1828K(1856K)
[134.091s][info][gc          ] GC(278) Pause Young (Prepare Mixed) (G1 Evacuation Pause) 902M->751M(978M) 16.813ms
[134.091s][info][gc,cpu      ] GC(278) User=0.03s Sys=0.00s Real=0.02s
[134.293s][info][gc,start    ] GC(279) Pause Young (Mixed) (G1 Evacuation Pause)
[134.293s][info][gc,task     ] GC(279) Using 2 workers of 2 for evacuation
[134.390s][info][gc,phases   ] GC(279)   Pre Evacuate Collection Set: 0.38ms
[134.390s][info][gc,phases   ] GC(279)   Merge Heap Roots: 0.62ms
[134.390s][info][gc,phases   ] GC(279)   Evacuate Collection Set: 95.12ms
[134.390s][info][gc,phases   ] GC(279)   Post Evacuate Collection Set: 0.54ms
[134.390s][info][gc,phases   ] GC(279)   Other: 0.14ms
[134.390s][info][gc,heap     ] GC(279) Eden regions: 161->0(186)
[134.390s][info][gc,heap     ] GC(279) Survivor regions: 7->11(21)
[134.390s][info][gc,heap     ] GC(279) Old regions: 736->709
[134.390s][info][gc,heap     ] GC(279) Humongous regions: 9->9
[134.390s][info][gc,metaspace] GC(279) Metaspace: 18241K(18368K)->18241K(18368K) NonClass: 16412K(16512K)->16412K(16512K) Class: 1828K(1856K)->1828K(1856K)
[134.390s][info][gc          ] GC(279) Pause Young (Mixed) (G1 Evacuation Pause) 912M->729M(978M) 97.068ms
[134.390s][info][gc,cpu      ] GC(279) User=0.19s Sys=0.00s Real=0.09s
[134.680s][info][gc,start    ] GC(280) Pause Young (Concurrent Start) (G1 Evacuation Pause)
[134.681s][info][gc,task     ] GC(280) Using 2 workers of 2 for evacuation
[134.731s][info][gc,phases   ] GC(280)   Pre Evacuate Collection Set: 0.37ms
[134.731s][info][gc,phases   ] GC(280)   Merge Heap Roots: 0.22ms
[134.731s][info][gc,phases   ] GC(280)   Evacuate Collection Set: 48.64ms
[134.731s][info][gc,phases   ] GC(280)   Post Evacuate Collection Set: 0.53ms
[134.731s][info][gc,phases   ] GC(280)   Other: 0.27ms
[134.731s][info][gc,heap     ] GC(280) Eden regions: 186->0(146)
[134.731s][info][gc,heap     ] GC(280) Survivor regions: 11->25(25)
[134.731s][info][gc,heap     ] GC(280) Old regions: 709->723
[134.731s][info][gc,heap     ] GC(280) Humongous regions: 9->9
[134.731s][info][gc,metaspace] GC(280) Metaspace: 18241K(18368K)->18241K(18368K) NonClass: 16412K(16512K)->16412K(16512K) Class: 1828K(1856K)->1828K(1856K)
[134.731s][info][gc          ] GC(280) Pause Young (Concurrent Start) (G1 Evacuation Pause) 915M->757M(978M) 50.296ms
[134.731s][info][gc,cpu      ] GC(280) User=0.09s Sys=0.00s Real=0.05s
[134.731s][info][gc          ] GC(281) Concurrent Mark Cycle
[134.731s][info][gc,marking  ] GC(281) Concurrent Scan Root Regions
[134.813s][info][gc,marking  ] GC(281) Concurrent Scan Root Regions 81.893ms
[134.813s][info][gc,marking  ] GC(281) Concurrent Mark
[134.813s][info][gc,marking  ] GC(281) Concurrent Mark From Roots
[134.813s][info][gc,task     ] GC(281) Using 1 workers of 1 for marking
[135.390s][info][gc,start    ] GC(282) Pause Young (Normal) (G1 Evacuation Pause)
[135.390s][info][gc,task     ] GC(282) Using 2 workers of 2 for evacuation
[135.425s][info][gc,phases   ] GC(282)   Pre Evacuate Collection Set: 0.56ms
[135.425s][info][gc,phases   ] GC(282)   Merge Heap Roots: 0.26ms
[135.425s][info][gc,phases   ] GC(282)   Evacuate Collection Set: 33.31ms
[135.425s][info][gc,phases   ] GC(282)   Post Evacuate Collection Set: 0.39ms
[135.425s][info][gc,phases   ] GC(282)   Other: 0.10ms
[135.425s][info][gc,heap     ] GC(282) Eden regions: 146->0(164)
[135.425s][info][gc,heap     ] GC(282) Survivor regions: 25->1(22)
[135.425s][info][gc,heap     ] GC(282) Old regions: 723->749
[135.425s][info][gc,heap     ] GC(282) Humongous regions: 9->9
[135.425s][info][gc,metaspace] GC(282) Metaspace: 18241K(18368K)->18241K(18368K) NonClass: 16412K(16512K)->16412K(16512K) Class: 1828K(1856K)->1828K(1856K)
[135.425s][info][gc          ] GC(282) Pause Young (Normal) (G1 Evacuation Pause) 903M->758M(978M) 34.879ms
[135.425s][info][gc,cpu      ] GC(282) User=0.07s Sys=0.00s Real=0.04s
[136.060s][info][gc,start    ] GC(283) Pause Young (Normal) (G1 Evacuation Pause)
[136.060s][info][gc,task     ] GC(283) Using 2 workers of 2 for evacuation
[136.062s][info][gc,phases   ] GC(283)   Pre Evacuate Collection Set: 0.55ms
[136.062s][info][gc,phases   ] GC(283)   Merge Heap Roots: 0.14ms
[136.062s][info][gc,phases   ] GC(283)   Evacuate Collection Set: 1.47ms
[136.062s][info][gc,phases   ] GC(283)   Post Evacuate Collection Set: 0.44ms
[136.062s][info][gc,phases   ] GC(283)   Other: 0.11ms
[136.063s][info][gc,heap     ] GC(283) Eden regions: 164->0(168)
[136.063s][info][gc,heap     ] GC(283) Survivor regions: 1->1(21)
[136.063s][info][gc,heap     ] GC(283) Old regions: 749->749
[136.063s][info][gc,heap     ] GC(283) Humongous regions: 9->9
[136.063s][info][gc,metaspace] GC(283) Metaspace: 18241K(18368K)->18241K(18368K) NonClass: 16412K(16512K)->16412K(16512K) Class: 1828K(1856K)->1828K(1856K)
[136.063s][info][gc          ] GC(283) Pause Young (Normal) (G1 Evacuation Pause) 922M->758M(978M) 2.988ms
[136.063s][info][gc,cpu      ] GC(283) User=0.01s Sys=0.00s Real=0.01s
[136.749s][info][gc,marking  ] GC(281) Concurrent Mark From Roots 1935.839ms
[136.749s][info][gc,marking  ] GC(281) Concurrent Preclean
[136.749s][info][gc,marking  ] GC(281) Concurrent Preclean 0.032ms
[136.749s][info][gc,start    ] GC(281) Pause Remark
[136.783s][info][gc          ] GC(281) Pause Remark 920M->777M(978M) 33.335ms
[136.783s][info][gc,cpu      ] GC(281) User=0.06s Sys=0.00s Real=0.04s
[136.785s][info][gc,marking  ] GC(281) Concurrent Mark 1971.763ms
[136.785s][info][gc,marking  ] GC(281) Concurrent Rebuild Remembered Sets and Scrub Regions
[136.806s][info][gc,start    ] GC(284) Pause Young (Normal) (G1 Evacuation Pause)
[136.806s][info][gc,task     ] GC(284) Using 2 workers of 2 for evacuation
[136.818s][info][gc,phases   ] GC(284)   Pre Evacuate Collection Set: 0.54ms
[136.818s][info][gc,phases   ] GC(284)   Merge Heap Roots: 0.34ms
[136.818s][info][gc,phases   ] GC(284)   Evacuate Collection Set: 10.50ms
[136.818s][info][gc,phases   ] GC(284)   Post Evacuate Collection Set: 0.41ms
[136.818s][info][gc,phases   ] GC(284)   Other: 0.09ms
[136.818s][info][gc,heap     ] GC(284) Eden regions: 168->0(294)
[136.818s][info][gc,heap     ] GC(284) Survivor regions: 1->1(22)
[136.818s][info][gc,heap     ] GC(284) Old regions: 609->609
[136.818s][info][gc,heap     ] GC(284) Humongous regions: 6->6
[136.818s][info][gc,metaspace] GC(284) Metaspace: 18244K(18368K)->18244K(18368K) NonClass: 16415K(16512K)->16415K(16512K) Class: 1828K(1856K)->1828K(1856K)
[136.818s][info][gc          ] GC(284) Pause Young (Normal) (G1 Evacuation Pause) 783M->614M(978M) 12.121ms
[136.818s][info][gc,cpu      ] GC(284) User=0.02s Sys=0.00s Real=0.01s
[137.419s][info][gc,marking  ] GC(281) Concurrent Rebuild Remembered Sets and Scrub Regions 634.091ms
[137.419s][info][gc,start    ] GC(281) Pause Cleanup
[137.419s][info][gc          ] GC(281) Pause Cleanup 857M->857M(978M) 0.110ms
[137.419s][info][gc,cpu      ] GC(281) User=0.01s Sys=0.00s Real=0.00s
[137.419s][info][gc,marking  ] GC(281) Concurrent Clear Claimed Marks
[137.419s][info][gc,marking  ] GC(281) Concurrent Clear Claimed Marks 0.025ms
[137.419s][info][gc,marking  ] GC(281) Concurrent Cleanup for Next Mark
[137.422s][info][gc,marking  ] GC(281) Concurrent Cleanup for Next Mark 2.875ms
[137.422s][info][gc          ] GC(281) Concurrent Mark Cycle 2691.187ms
[137.459s][info][gc,start    ] GC(285) Pause Young (Prepare Mixed) (G1 Evacuation Pause)
[137.459s][info][gc,task     ] GC(285) Using 2 workers of 2 for evacuation
[137.513s][info][gc,phases   ] GC(285)   Pre Evacuate Collection Set: 0.32ms
[137.513s][info][gc,phases   ] GC(285)   Merge Heap Roots: 0.17ms
[137.513s][info][gc,phases   ] GC(285)   Evacuate Collection Set: 52.92ms
[137.513s][info][gc,phases   ] GC(285)   Post Evacuate Collection Set: 0.73ms
[137.513s][info][gc,phases   ] GC(285)   Other: 0.08ms
[137.513s][info][gc,heap     ] GC(285) Eden regions: 294->0(219)
[137.513s][info][gc,heap     ] GC(285) Survivor regions: 1->37(37)
[137.513s][info][gc,heap     ] GC(285) Old regions: 609->627
[137.513s][info][gc,heap     ] GC(285) Humongous regions: 6->6
[137.513s][info][gc,metaspace] GC(285) Metaspace: 18244K(18368K)->18244K(18368K) NonClass: 16415K(16512K)->16415K(16512K) Class: 1828K(1856K)->1828K(1856K)
[137.513s][info][gc          ] GC(285) Pause Young (Prepare Mixed) (G1 Evacuation Pause) 908M->669M(978M) 54.436ms
[137.513s][info][gc,cpu      ] GC(285) User=0.10s Sys=0.00s Real=0.06s
[137.845s][info][gc,start    ] GC(286) Pause Young (Mixed) (G1 Evacuation Pause)
[137.846s][info][gc,task     ] GC(286) Using 2 workers of 2 for evacuation
[137.911s][info][gc,phases   ] GC(286)   Pre Evacuate Collection Set: 0.32ms
[137.911s][info][gc,phases   ] GC(286)   Merge Heap Roots: 0.36ms
[137.911s][info][gc,phases   ] GC(286)   Evacuate Collection Set: 64.40ms
[137.911s][info][gc,phases   ] GC(286)   Post Evacuate Collection Set: 0.62ms
[137.911s][info][gc,phases   ] GC(286)   Other: 0.11ms
[137.911s][info][gc,heap     ] GC(286) Eden regions: 219->0(213)
[137.911s][info][gc,heap     ] GC(286) Survivor regions: 37->25(32)
[137.911s][info][gc,heap     ] GC(286) Old regions: 627->646
[137.912s][info][gc,heap     ] GC(286) Humongous regions: 6->6
[137.912s][info][gc,metaspace] GC(286) Metaspace: 18244K(18368K)->18244K(18368K) NonClass: 16415K(16512K)->16415K(16512K) Class: 1828K(1856K)->1828K(1856K)
[137.912s][info][gc          ] GC(286) Pause Young (Mixed) (G1 Evacuation Pause) 888M->677M(978M) 66.107ms
[137.912s][info][gc,cpu      ] GC(286) User=0.13s Sys=0.00s Real=0.07s
[137.959s][info][gc,start    ] GC(287) Pause Young (Concurrent Start) (G1 Humongous Allocation)
[137.959s][info][gc,task     ] GC(287) Using 2 workers of 2 for evacuation
[137.998s][info][gc,phases   ] GC(287)   Pre Evacuate Collection Set: 0.38ms
[137.998s][info][gc,phases   ] GC(287)   Merge Heap Roots: 0.26ms
[137.998s][info][gc,phases   ] GC(287)   Evacuate Collection Set: 37.92ms
[137.998s][info][gc,phases   ] GC(287)   Post Evacuate Collection Set: 0.36ms
[137.998s][info][gc,phases   ] GC(287)   Other: 0.24ms
[137.998s][info][gc,heap     ] GC(287) Eden regions: 23->0(219)
[137.998s][info][gc,heap     ] GC(287) Survivor regions: 25->6(30)
[137.998s][info][gc,heap     ] GC(287) Old regions: 646->671
[137.999s][info][gc,heap     ] GC(287) Humongous regions: 6->6
[137.999s][info][gc,metaspace] GC(287) Metaspace: 18244K(18368K)->18244K(18368K) NonClass: 16415K(16512K)->16415K(16512K) Class: 1828K(1856K)->1828K(1856K)
[137.999s][info][gc          ] GC(287) Pause Young (Concurrent Start) (G1 Humongous Allocation) 699M->682M(978M) 39.410ms
[137.999s][info][gc,cpu      ] GC(287) User=0.07s Sys=0.00s Real=0.04s
[137.999s][info][gc          ] GC(288) Concurrent Mark Cycle
[138.000s][info][gc,marking  ] GC(288) Concurrent Scan Root Regions
[138.053s][info][gc,marking  ] GC(288) Concurrent Scan Root Regions 52.750ms
[138.053s][info][gc,marking  ] GC(288) Concurrent Mark
[138.053s][info][gc,marking  ] GC(288) Concurrent Mark From Roots
[138.053s][info][gc,task     ] GC(288) Using 1 workers of 1 for marking
[138.426s][info][gc,start    ] GC(289) Pause Young (Normal) (G1 Evacuation Pause)
[138.426s][info][gc,task     ] GC(289) Using 2 workers of 2 for evacuation
[138.505s][info][gc,phases   ] GC(289)   Pre Evacuate Collection Set: 0.34ms
[138.505s][info][gc,phases   ] GC(289)   Merge Heap Roots: 0.17ms
[138.505s][info][gc,phases   ] GC(289)   Evacuate Collection Set: 77.56ms
[138.505s][info][gc,phases   ] GC(289)   Post Evacuate Collection Set: 0.56ms
[138.505s][info][gc,phases   ] GC(289)   Other: 0.09ms
[138.505s][info][gc,heap     ] GC(289) Eden regions: 219->0(163)
[138.505s][info][gc,heap     ] GC(289) Survivor regions: 6->29(29)
[138.505s][info][gc,heap     ] GC(289) Old regions: 671->698
[138.505s][info][gc,heap     ] GC(289) Humongous regions: 9->9
[138.505s][info][gc,metaspace] GC(289) Metaspace: 18244K(18368K)->18244K(18368K) NonClass: 16415K(16512K)->16415K(16512K) Class: 1828K(1856K)->1828K(1856K)
[138.505s][info][gc          ] GC(289) Pause Young (Normal) (G1 Evacuation Pause) 904M->735M(978M) 78.991ms
[138.505s][info][gc,cpu      ] GC(289) User=0.16s Sys=0.00s Real=0.08s
[138.732s][info][gc,start    ] GC(290) Pause Young (Normal) (G1 Evacuation Pause)
[138.732s][info][gc,task     ] GC(290) Using 2 workers of 2 for evacuation
[138.783s][info][gc,phases   ] GC(290)   Pre Evacuate Collection Set: 0.32ms
[138.783s][info][gc,phases   ] GC(290)   Merge Heap Roots: 0.27ms
[138.783s][info][gc,phases   ] GC(290)   Evacuate Collection Set: 50.45ms
[138.783s][info][gc,phases   ] GC(290)   Post Evacuate Collection Set: 0.45ms
[138.783s][info][gc,phases   ] GC(290)   Other: 0.09ms
[138.783s][info][gc,heap     ] GC(290) Eden regions: 163->0(174)
[138.783s][info][gc,heap     ] GC(290) Survivor regions: 29->5(24)
[138.783s][info][gc,heap     ] GC(290) Old regions: 698->727
[138.783s][info][gc,heap     ] GC(290) Humongous regions: 9->9
[138.783s][info][gc,metaspace] GC(290) Metaspace: 18244K(18368K)->18244K(18368K) NonClass: 16415K(16512K)->16415K(16512K) Class: 1828K(1856K)->1828K(1856K)
[138.783s][info][gc          ] GC(290) Pause Young (Normal) (G1 Evacuation Pause) 898M->741M(978M) 51.881ms
[138.783s][info][gc,cpu      ] GC(290) User=0.10s Sys=0.00s Real=0.05s
[139.123s][info][gc,start    ] GC(291) Pause Young (Normal) (G1 Evacuation Pause)
[139.123s][info][gc,task     ] GC(291) Using 2 workers of 2 for evacuation
[139.158s][info][gc,phases   ] GC(291)   Pre Evacuate Collection Set: 0.54ms
[139.158s][info][gc,phases   ] GC(291)   Merge Heap Roots: 0.60ms
[139.158s][info][gc,phases   ] GC(291)   Evacuate Collection Set: 33.08ms
[139.158s][info][gc,phases   ] GC(291)   Post Evacuate Collection Set: 0.48ms
[139.158s][info][gc,phases   ] GC(291)   Other: 0.08ms
[139.158s][info][gc,heap     ] GC(291) Eden regions: 174->0(172)
[139.158s][info][gc,heap     ] GC(291) Survivor regions: 5->10(23)
[139.158s][info][gc,heap     ] GC(291) Old regions: 727->727
[139.158s][info][gc,heap     ] GC(291) Humongous regions: 9->9
[139.158s][info][gc,metaspace] GC(291) Metaspace: 18244K(18368K)->18244K(18368K) NonClass: 16415K(16512K)->16415K(16512K) Class: 1828K(1856K)->1828K(1856K)
[139.158s][info][gc          ] GC(291) Pause Young (Normal) (G1 Evacuation Pause) 915M->745M(978M) 35.021ms
[139.158s][info][gc,cpu      ] GC(291) User=0.06s Sys=0.00s Real=0.03s
[139.550s][info][gc,start    ] GC(292) Pause Young (Normal) (G1 Evacuation Pause)
[139.550s][info][gc,task     ] GC(292) Using 2 workers of 2 for evacuation
[139.579s][info][gc,phases   ] GC(292)   Pre Evacuate Collection Set: 0.57ms
[139.579s][info][gc,phases   ] GC(292)   Merge Heap Roots: 0.24ms
[139.579s][info][gc,phases   ] GC(292)   Evacuate Collection Set: 27.06ms
[139.579s][info][gc,phases   ] GC(292)   Post Evacuate Collection Set: 0.48ms
[139.579s][info][gc,phases   ] GC(292)   Other: 0.09ms
[139.579s][info][gc,heap     ] GC(292) Eden regions: 172->0(152)
[139.579s][info][gc,heap     ] GC(292) Survivor regions: 10->20(23)
[139.579s][info][gc,heap     ] GC(292) Old regions: 727->727
[139.579s][info][gc,heap     ] GC(292) Humongous regions: 9->9
[139.579s][info][gc,metaspace] GC(292) Metaspace: 18244K(18368K)->18244K(18368K) NonClass: 16415K(16512K)->16415K(16512K) Class: 1828K(1856K)->1828K(1856K)
[139.579s][info][gc          ] GC(292) Pause Young (Normal) (G1 Evacuation Pause) 917M->755M(978M) 28.667ms
[139.579s][info][gc,cpu      ] GC(292) User=0.06s Sys=0.00s Real=0.03s
[139.975s][info][gc,start    ] GC(293) Pause Young (Normal) (G1 Evacuation Pause)
[139.975s][info][gc,task     ] GC(293) Using 2 workers of 2 for evacuation
[140.032s][info][gc,phases   ] GC(293)   Pre Evacuate Collection Set: 0.54ms
[140.032s][info][gc,phases   ] GC(293)   Merge Heap Roots: 0.32ms
[140.032s][info][gc,phases   ] GC(293)   Evacuate Collection Set: 55.90ms
[140.032s][info][gc,phases   ] GC(293)   Post Evacuate Collection Set: 0.47ms
[140.032s][info][gc,phases   ] GC(293)   Other: 0.09ms
[140.032s][info][gc,heap     ] GC(293) Eden regions: 152->0(128)
[140.032s][info][gc,heap     ] GC(293) Survivor regions: 20->22(22)
[140.032s][info][gc,heap     ] GC(293) Old regions: 727->747
[140.032s][info][gc,heap     ] GC(293) Humongous regions: 9->9
[140.032s][info][gc,metaspace] GC(293) Metaspace: 18245K(18368K)->18245K(18368K) NonClass: 16416K(16512K)->16416K(16512K) Class: 1828K(1856K)->1828K(1856K)
[140.032s][info][gc          ] GC(293) Pause Young (Normal) (G1 Evacuation Pause) 907M->778M(978M) 57.590ms
[140.032s][info][gc,cpu      ] GC(293) User=0.11s Sys=0.00s Real=0.06s
[140.472s][info][gc,marking  ] GC(288) Concurrent Mark From Roots 2418.836ms
[140.472s][info][gc,marking  ] GC(288) Concurrent Preclean
[140.472s][info][gc,marking  ] GC(288) Concurrent Preclean 0.057ms
[140.475s][info][gc,start    ] GC(288) Pause Remark
[140.482s][info][gc          ] GC(288) Pause Remark 896M->878M(978M) 7.401ms
[140.482s][info][gc,cpu      ] GC(288) User=0.02s Sys=0.00s Real=0.01s
[140.484s][info][gc,marking  ] GC(288) Concurrent Mark 2431.193ms
[140.484s][info][gc,marking  ] GC(288) Concurrent Rebuild Remembered Sets and Scrub Regions
[140.534s][info][gc,start    ] GC(294) Pause Young (Normal) (G1 Evacuation Pause)
[140.534s][info][gc,task     ] GC(294) Using 2 workers of 2 for evacuation
[140.588s][info][gc,phases   ] GC(294)   Pre Evacuate Collection Set: 0.54ms
[140.588s][info][gc,phases   ] GC(294)   Merge Heap Roots: 0.28ms
[140.588s][info][gc,phases   ] GC(294)   Evacuate Collection Set: 52.51ms
[140.588s][info][gc,phases   ] GC(294)   Post Evacuate Collection Set: 0.42ms
[140.588s][info][gc,phases   ] GC(294)   Other: 0.10ms
[140.588s][info][gc,heap     ] GC(294) Eden regions: 128->0(135)
[140.588s][info][gc,heap     ] GC(294) Survivor regions: 22->16(19)
[140.588s][info][gc,heap     ] GC(294) Old regions: 729->752
[140.588s][info][gc,heap     ] GC(294) Humongous regions: 9->9
[140.588s][info][gc,metaspace] GC(294) Metaspace: 18247K(18368K)->18247K(18368K) NonClass: 16418K(16512K)->16418K(16512K) Class: 1828K(1856K)->1828K(1856K)
[140.588s][info][gc          ] GC(294) Pause Young (Normal) (G1 Evacuation Pause) 888M->776M(978M) 54.110ms
[140.588s][info][gc,cpu      ] GC(294) User=0.10s Sys=0.00s Real=0.05s
[140.858s][info][gc,start    ] GC(295) Pause Young (Normal) (G1 Evacuation Pause)
[140.858s][info][gc,task     ] GC(295) Using 2 workers of 2 for evacuation
[140.886s][info][gc,phases   ] GC(295)   Pre Evacuate Collection Set: 0.30ms
[140.886s][info][gc,phases   ] GC(295)   Merge Heap Roots: 0.11ms
[140.886s][info][gc,phases   ] GC(295)   Evacuate Collection Set: 26.79ms
[140.886s][info][gc,phases   ] GC(295)   Post Evacuate Collection Set: 0.49ms
[140.886s][info][gc,phases   ] GC(295)   Other: 0.11ms
[140.886s][info][gc,heap     ] GC(295) Eden regions: 135->0(123)
[140.886s][info][gc,heap     ] GC(295) Survivor regions: 16->19(19)
[140.886s][info][gc,heap     ] GC(295) Old regions: 752->758
[140.886s][info][gc,heap     ] GC(295) Humongous regions: 9->9
[140.886s][info][gc,metaspace] GC(295) Metaspace: 18248K(18432K)->18248K(18432K) NonClass: 16419K(16576K)->16419K(16576K) Class: 1828K(1856K)->1828K(1856K)
[140.886s][info][gc          ] GC(295) Pause Young (Normal) (G1 Evacuation Pause) 911M->786M(978M) 28.013ms
[140.886s][info][gc,cpu      ] GC(295) User=0.06s Sys=0.00s Real=0.03s
[141.196s][info][gc,start    ] GC(296) Pause Young (Normal) (G1 Evacuation Pause)
[141.196s][info][gc,task     ] GC(296) Using 2 workers of 2 for evacuation
[141.222s][info][gc,phases   ] GC(296)   Pre Evacuate Collection Set: 0.54ms
[141.222s][info][gc,phases   ] GC(296)   Merge Heap Roots: 0.18ms
[141.222s][info][gc,phases   ] GC(296)   Evacuate Collection Set: 24.41ms
[141.222s][info][gc,phases   ] GC(296)   Post Evacuate Collection Set: 0.47ms
[141.222s][info][gc,phases   ] GC(296)   Other: 0.11ms
[141.222s][info][gc,heap     ] GC(296) Eden regions: 123->0(135)
[141.222s][info][gc,heap     ] GC(296) Survivor regions: 19->6(18)
[141.222s][info][gc,heap     ] GC(296) Old regions: 758->772
[141.222s][info][gc,heap     ] GC(296) Humongous regions: 9->9
[141.222s][info][gc,metaspace] GC(296) Metaspace: 18248K(18432K)->18248K(18432K) NonClass: 16419K(16576K)->16419K(16576K) Class: 1828K(1856K)->1828K(1856K)
[141.222s][info][gc          ] GC(296) Pause Young (Normal) (G1 Evacuation Pause) 909M->786M(978M) 25.931ms
[141.222s][info][gc,cpu      ] GC(296) User=0.06s Sys=0.00s Real=0.03s
[141.441s][info][gc,start    ] GC(297) Pause Young (Normal) (G1 Evacuation Pause)
[141.441s][info][gc,task     ] GC(297) Using 2 workers of 2 for evacuation
[141.467s][info][gc,phases   ] GC(297)   Pre Evacuate Collection Set: 0.34ms
[141.467s][info][gc,phases   ] GC(297)   Merge Heap Roots: 0.19ms
[141.467s][info][gc,phases   ] GC(297)   Evacuate Collection Set: 24.92ms
[141.467s][info][gc,phases   ] GC(297)   Post Evacuate Collection Set: 0.45ms
[141.467s][info][gc,phases   ] GC(297)   Other: 0.09ms
[141.467s][info][gc,heap     ] GC(297) Eden regions: 135->0(111)
[141.467s][info][gc,heap     ] GC(297) Survivor regions: 6->18(18)
[141.467s][info][gc,heap     ] GC(297) Old regions: 772->772
[141.467s][info][gc,heap     ] GC(297) Humongous regions: 9->9
[141.467s][info][gc,metaspace] GC(297) Metaspace: 18249K(18432K)->18249K(18432K) NonClass: 16420K(16576K)->16420K(16576K) Class: 1828K(1856K)->1828K(1856K)
[141.467s][info][gc          ] GC(297) Pause Young (Normal) (G1 Evacuation Pause) 921M->798M(978M) 26.288ms
[141.467s][info][gc,cpu      ] GC(297) User=0.06s Sys=0.00s Real=0.02s
[141.596s][info][gc,marking  ] GC(288) Concurrent Rebuild Remembered Sets and Scrub Regions 1111.263ms
[141.596s][info][gc,start    ] GC(288) Pause Cleanup
[141.596s][info][gc          ] GC(288) Pause Cleanup 865M->865M(978M) 0.148ms
[141.596s][info][gc,cpu      ] GC(288) User=0.00s Sys=0.00s Real=0.00s
[141.596s][info][gc,marking  ] GC(288) Concurrent Clear Claimed Marks
[141.596s][info][gc,marking  ] GC(288) Concurrent Clear Claimed Marks 0.029ms
[141.596s][info][gc,marking  ] GC(288) Concurrent Cleanup for Next Mark
[141.599s][info][gc,marking  ] GC(288) Concurrent Cleanup for Next Mark 2.954ms
[141.599s][info][gc          ] GC(288) Concurrent Mark Cycle 3600.650ms
[141.724s][info][gc,start    ] GC(298) Pause Young (Prepare Mixed) (G1 Evacuation Pause)
[141.724s][info][gc,task     ] GC(298) Using 2 workers of 2 for evacuation
[141.754s][info][gc,phases   ] GC(298)   Pre Evacuate Collection Set: 0.53ms
[141.754s][info][gc,phases   ] GC(298)   Merge Heap Roots: 0.19ms
[141.754s][info][gc,phases   ] GC(298)   Evacuate Collection Set: 28.80ms
[141.754s][info][gc,phases   ] GC(298)   Post Evacuate Collection Set: 0.43ms
[141.754s][info][gc,phases   ] GC(298)   Other: 0.08ms
[141.754s][info][gc,heap     ] GC(298) Eden regions: 111->0(122)
[141.754s][info][gc,heap     ] GC(298) Survivor regions: 18->4(17)
[141.754s][info][gc,heap     ] GC(298) Old regions: 772->789
[141.754s][info][gc,heap     ] GC(298) Humongous regions: 9->9
[141.754s][info][gc,metaspace] GC(298) Metaspace: 18250K(18432K)->18250K(18432K) NonClass: 16421K(16576K)->16421K(16576K) Class: 1828K(1856K)->1828K(1856K)
[141.754s][info][gc          ] GC(298) Pause Young (Prepare Mixed) (G1 Evacuation Pause) 909M->802M(978M) 30.294ms
[141.754s][info][gc,cpu      ] GC(298) User=0.06s Sys=0.00s Real=0.03s
[142.062s][info][gc,start    ] GC(299) Pause Young (Mixed) (G1 Evacuation Pause)
[142.062s][info][gc,task     ] GC(299) Using 2 workers of 2 for evacuation
[142.070s][info][gc,phases   ] GC(299)   Pre Evacuate Collection Set: 0.35ms
[142.070s][info][gc,phases   ] GC(299)   Merge Heap Roots: 0.13ms
[142.070s][info][gc,phases   ] GC(299)   Evacuate Collection Set: 7.17ms
[142.070s][info][gc,phases   ] GC(299)   Post Evacuate Collection Set: 0.35ms
[142.070s][info][gc,phases   ] GC(299)   Other: 0.10ms
[142.070s][info][gc,heap     ] GC(299) Eden regions: 122->0(133)
[142.070s][info][gc,heap     ] GC(299) Survivor regions: 4->4(16)
[142.070s][info][gc,heap     ] GC(299) Old regions: 789->778
[142.070s][info][gc,heap     ] GC(299) Humongous regions: 9->9
[142.070s][info][gc,metaspace] GC(299) Metaspace: 18250K(18432K)->18250K(18432K) NonClass: 16421K(16576K)->16421K(16576K) Class: 1828K(1856K)->1828K(1856K)
[142.070s][info][gc          ] GC(299) Pause Young (Mixed) (G1 Evacuation Pause) 924M->790M(978M) 8.332ms
[142.070s][info][gc,cpu      ] GC(299) User=0.01s Sys=0.00s Real=0.00s
[142.266s][info][gc,start    ] GC(300) Pause Young (Concurrent Start) (G1 Evacuation Pause)
[142.266s][info][gc,task     ] GC(300) Using 2 workers of 2 for evacuation
[142.288s][info][gc,phases   ] GC(300)   Pre Evacuate Collection Set: 0.34ms
[142.288s][info][gc,phases   ] GC(300)   Merge Heap Roots: 0.10ms
[142.288s][info][gc,phases   ] GC(300)   Evacuate Collection Set: 20.68ms
[142.288s][info][gc,phases   ] GC(300)   Post Evacuate Collection Set: 0.41ms
[142.288s][info][gc,phases   ] GC(300)   Other: 0.13ms
[142.288s][info][gc,heap     ] GC(300) Eden regions: 133->0(105)
[142.288s][info][gc,heap     ] GC(300) Survivor regions: 4->18(18)
[142.288s][info][gc,heap     ] GC(300) Old regions: 778->778
[142.288s][info][gc,heap     ] GC(300) Humongous regions: 9->9
[142.288s][info][gc,metaspace] GC(300) Metaspace: 18251K(18432K)->18251K(18432K) NonClass: 16422K(16576K)->16422K(16576K) Class: 1828K(1856K)->1828K(1856K)
[142.288s][info][gc          ] GC(300) Pause Young (Concurrent Start) (G1 Evacuation Pause) 923M->804M(978M) 21.939ms
[142.288s][info][gc,cpu      ] GC(300) User=0.04s Sys=0.00s Real=0.02s
[142.288s][info][gc          ] GC(301) Concurrent Mark Cycle
[142.288s][info][gc,marking  ] GC(301) Concurrent Scan Root Regions
[142.314s][info][gc,marking  ] GC(301) Concurrent Scan Root Regions 26.269ms
[142.315s][info][gc,marking  ] GC(301) Concurrent Mark
[142.315s][info][gc,marking  ] GC(301) Concurrent Mark From Roots
[142.315s][info][gc,task     ] GC(301) Using 1 workers of 1 for marking
[142.534s][info][gc,start    ] GC(302) Pause Young (Normal) (G1 Evacuation Pause)
[142.534s][info][gc,task     ] GC(302) Using 2 workers of 2 for evacuation
[142.559s][info][gc,phases   ] GC(302)   Pre Evacuate Collection Set: 0.32ms
[142.559s][info][gc,phases   ] GC(302)   Merge Heap Roots: 0.11ms
[142.559s][info][gc,phases   ] GC(302)   Evacuate Collection Set: 23.45ms
[142.559s][info][gc,phases   ] GC(302)   Post Evacuate Collection Set: 0.38ms
[142.559s][info][gc,phases   ] GC(302)   Other: 0.10ms
[142.559s][info][gc,heap     ] GC(302) Eden regions: 105->0(115)
[142.559s][info][gc,heap     ] GC(302) Survivor regions: 18->4(16)
[142.559s][info][gc,heap     ] GC(302) Old regions: 778->796
[142.559s][info][gc,heap     ] GC(302) Humongous regions: 9->9
[142.559s][info][gc,metaspace] GC(302) Metaspace: 18251K(18432K)->18251K(18432K) NonClass: 16422K(16576K)->16422K(16576K) Class: 1828K(1856K)->1828K(1856K)
[142.559s][info][gc          ] GC(302) Pause Young (Normal) (G1 Evacuation Pause) 909M->808M(978M) 24.620ms
[142.559s][info][gc,cpu      ] GC(302) User=0.04s Sys=0.00s Real=0.02s
[142.761s][info][gc,start    ] GC(303) Pause Young (Normal) (G1 Evacuation Pause)
[142.761s][info][gc,task     ] GC(303) Using 2 workers of 2 for evacuation
[142.802s][info][gc,phases   ] GC(303)   Pre Evacuate Collection Set: 0.31ms
[142.802s][info][gc,phases   ] GC(303)   Merge Heap Roots: 0.07ms
[142.802s][info][gc,phases   ] GC(303)   Evacuate Collection Set: 39.79ms
[142.802s][info][gc,phases   ] GC(303)   Post Evacuate Collection Set: 0.60ms
[142.802s][info][gc,phases   ] GC(303)   Other: 0.11ms
[142.802s][info][gc,heap     ] GC(303) Eden regions: 115->0(68)
[142.802s][info][gc,heap     ] GC(303) Survivor regions: 4->15(15)
[142.802s][info][gc,heap     ] GC(303) Old regions: 796->821
[142.802s][info][gc,heap     ] GC(303) Humongous regions: 9->9
[142.802s][info][gc,metaspace] GC(303) Metaspace: 18253K(18432K)->18253K(18432K) NonClass: 16424K(16576K)->16424K(16576K) Class: 1828K(1856K)->1828K(1856K)
[142.802s][info][gc          ] GC(303) Pause Young (Normal) (G1 Evacuation Pause) 923M->845M(978M) 41.153ms
[142.802s][info][gc,cpu      ] GC(303) User=0.09s Sys=0.00s Real=0.04s
[142.904s][info][gc,start    ] GC(304) Pause Young (Normal) (G1 Evacuation Pause)
[142.904s][info][gc,task     ] GC(304) Using 2 workers of 2 for evacuation
[142.951s][info][gc,phases   ] GC(304)   Pre Evacuate Collection Set: 0.31ms
[142.952s][info][gc,phases   ] GC(304)   Merge Heap Roots: 0.33ms
[142.952s][info][gc,phases   ] GC(304)   Evacuate Collection Set: 46.45ms
[142.952s][info][gc,phases   ] GC(304)   Post Evacuate Collection Set: 0.44ms
[142.952s][info][gc,phases   ] GC(304)   Other: 0.12ms
[142.952s][info][gc,heap     ] GC(304) Eden regions: 68->0(49)
[142.952s][info][gc,heap     ] GC(304) Survivor regions: 15->11(11)
[142.952s][info][gc,heap     ] GC(304) Old regions: 821->848
[142.952s][info][gc,heap     ] GC(304) Humongous regions: 9->9
[142.952s][info][gc,metaspace] GC(304) Metaspace: 18253K(18432K)->18253K(18432K) NonClass: 16424K(16576K)->16424K(16576K) Class: 1828K(1856K)->1828K(1856K)
[142.952s][info][gc          ] GC(304) Pause Young (Normal) (G1 Evacuation Pause) 913M->867M(978M) 47.941ms
[142.952s][info][gc,cpu      ] GC(304) User=0.10s Sys=0.00s Real=0.05s
[143.043s][info][gc,start    ] GC(305) Pause Young (Normal) (G1 Evacuation Pause)
[143.043s][info][gc,task     ] GC(305) Using 2 workers of 2 for evacuation
[143.071s][info][gc,phases   ] GC(305)   Pre Evacuate Collection Set: 0.55ms
[143.071s][info][gc,phases   ] GC(305)   Merge Heap Roots: 0.21ms
[143.071s][info][gc,phases   ] GC(305)   Evacuate Collection Set: 27.15ms
[143.071s][info][gc,phases   ] GC(305)   Post Evacuate Collection Set: 0.36ms
[143.071s][info][gc,phases   ] GC(305)   Other: 0.11ms
[143.071s][info][gc,heap     ] GC(305) Eden regions: 49->0(40)
[143.071s][info][gc,heap     ] GC(305) Survivor regions: 11->8(8)
[143.071s][info][gc,heap     ] GC(305) Old regions: 848->866
[143.071s][info][gc,heap     ] GC(305) Humongous regions: 9->9
[143.071s][info][gc,metaspace] GC(305) Metaspace: 18253K(18432K)->18253K(18432K) NonClass: 16424K(16576K)->16424K(16576K) Class: 1828K(1856K)->1828K(1856K)
[143.071s][info][gc          ] GC(305) Pause Young (Normal) (G1 Evacuation Pause) 916M->882M(978M) 28.620ms
[143.071s][info][gc,cpu      ] GC(305) User=0.05s Sys=0.00s Real=0.03s
[143.246s][info][gc,start    ] GC(306) Pause Young (Normal) (G1 Evacuation Pause)
[143.246s][info][gc,task     ] GC(306) Using 2 workers of 2 for evacuation
[143.259s][info][gc,phases   ] GC(306)   Pre Evacuate Collection Set: 0.33ms
[143.259s][info][gc,phases   ] GC(306)   Merge Heap Roots: 0.19ms
[143.259s][info][gc,phases   ] GC(306)   Evacuate Collection Set: 12.45ms
[143.259s][info][gc,phases   ] GC(306)   Post Evacuate Collection Set: 0.33ms
[143.259s][info][gc,phases   ] GC(306)   Other: 0.12ms
[143.259s][info][gc,heap     ] GC(306) Eden regions: 40->0(46)
[143.259s][info][gc,heap     ] GC(306) Survivor regions: 8->2(6)
[143.259s][info][gc,heap     ] GC(306) Old regions: 866->874
[143.259s][info][gc,heap     ] GC(306) Humongous regions: 9->9
[143.259s][info][gc,metaspace] GC(306) Metaspace: 18253K(18432K)->18253K(18432K) NonClass: 16424K(16576K)->16424K(16576K) Class: 1828K(1856K)->1828K(1856K)
[143.259s][info][gc          ] GC(306) Pause Young (Normal) (G1 Evacuation Pause) 922M->885M(978M) 13.651ms
[143.259s][info][gc,cpu      ] GC(306) User=0.03s Sys=0.00s Real=0.01s
[143.394s][info][gc,start    ] GC(307) Pause Young (Normal) (G1 Evacuation Pause)
[143.394s][info][gc,task     ] GC(307) Using 2 workers of 2 for evacuation
[143.403s][info][gc,phases   ] GC(307)   Pre Evacuate Collection Set: 0.54ms
[143.404s][info][gc,phases   ] GC(307)   Merge Heap Roots: 0.17ms
[143.404s][info][gc,phases   ] GC(307)   Evacuate Collection Set: 8.67ms
[143.404s][info][gc,phases   ] GC(307)   Post Evacuate Collection Set: 0.35ms
[143.404s][info][gc,phases   ] GC(307)   Other: 0.08ms
[143.404s][info][gc,heap     ] GC(307) Eden regions: 46->0(45)
[143.404s][info][gc,heap     ] GC(307) Survivor regions: 2->3(6)
[143.404s][info][gc,heap     ] GC(307) Old regions: 874->874
[143.404s][info][gc,heap     ] GC(307) Humongous regions: 9->9
[143.404s][info][gc,metaspace] GC(307) Metaspace: 18253K(18432K)->18253K(18432K) NonClass: 16424K(16576K)->16424K(16576K) Class: 1828K(1856K)->1828K(1856K)
[143.404s][info][gc          ] GC(307) Pause Young (Normal) (G1 Evacuation Pause) 931M->885M(978M) 10.050ms
[143.404s][info][gc,cpu      ] GC(307) User=0.02s Sys=0.00s Real=0.01s
[143.449s][info][gc,start    ] GC(308) Pause Young (Normal) (G1 Evacuation Pause)
[143.449s][info][gc,task     ] GC(308) Using 2 workers of 2 for evacuation
[143.461s][info][gc,phases   ] GC(308)   Pre Evacuate Collection Set: 0.31ms
[143.461s][info][gc,phases   ] GC(308)   Merge Heap Roots: 0.18ms
[143.461s][info][gc,phases   ] GC(308)   Evacuate Collection Set: 10.67ms
[143.461s][info][gc,phases   ] GC(308)   Post Evacuate Collection Set: 0.36ms
[143.461s][info][gc,phases   ] GC(308)   Other: 0.09ms
[143.461s][info][gc,heap     ] GC(308) Eden regions: 45->0(44)
[143.461s][info][gc,heap     ] GC(308) Survivor regions: 3->4(6)
[143.461s][info][gc,heap     ] GC(308) Old regions: 874->874
[143.461s][info][gc,heap     ] GC(308) Humongous regions: 9->9
[143.461s][info][gc,metaspace] GC(308) Metaspace: 18253K(18432K)->18253K(18432K) NonClass: 16424K(16576K)->16424K(16576K) Class: 1828K(1856K)->1828K(1856K)
[143.461s][info][gc          ] GC(308) Pause Young (Normal) (G1 Evacuation Pause) 930M->887M(978M) 11.888ms
[143.461s][info][gc,cpu      ] GC(308) User=0.02s Sys=0.00s Real=0.02s
[143.568s][info][gc,start    ] GC(309) Pause Young (Normal) (G1 Evacuation Pause)
[143.568s][info][gc,task     ] GC(309) Using 2 workers of 2 for evacuation
[143.589s][info][gc,phases   ] GC(309)   Pre Evacuate Collection Set: 0.31ms
[143.589s][info][gc,phases   ] GC(309)   Merge Heap Roots: 0.32ms
[143.589s][info][gc,phases   ] GC(309)   Evacuate Collection Set: 19.56ms
[143.589s][info][gc,phases   ] GC(309)   Post Evacuate Collection Set: 0.44ms
[143.589s][info][gc,phases   ] GC(309)   Other: 0.08ms
[143.589s][info][gc,heap     ] GC(309) Eden regions: 44->0(43)
[143.589s][info][gc,heap     ] GC(309) Survivor regions: 4->5(6)
[143.589s][info][gc,heap     ] GC(309) Old regions: 874->876
[143.589s][info][gc,heap     ] GC(309) Humongous regions: 9->9
[143.589s][info][gc,metaspace] GC(309) Metaspace: 18253K(18432K)->18253K(18432K) NonClass: 16424K(16576K)->16424K(16576K) Class: 1828K(1856K)->1828K(1856K)
[143.589s][info][gc          ] GC(309) Pause Young (Normal) (G1 Evacuation Pause) 931M->889M(978M) 20.966ms
[143.589s][info][gc,cpu      ] GC(309) User=0.04s Sys=0.00s Real=0.02s
[143.742s][info][gc,start    ] GC(310) Pause Young (Normal) (G1 Evacuation Pause)
[143.742s][info][gc,task     ] GC(310) Using 2 workers of 2 for evacuation
[143.787s][info][gc,phases   ] GC(310)   Pre Evacuate Collection Set: 0.34ms
[143.787s][info][gc,phases   ] GC(310)   Merge Heap Roots: 0.30ms
[143.787s][info][gc,phases   ] GC(310)   Evacuate Collection Set: 44.36ms
[143.787s][info][gc,phases   ] GC(310)   Post Evacuate Collection Set: 0.49ms
[143.787s][info][gc,phases   ] GC(310)   Other: 0.08ms
[143.787s][info][gc,heap     ] GC(310) Eden regions: 43->0(42)
[143.787s][info][gc,heap     ] GC(310) Survivor regions: 5->6(6)
[143.787s][info][gc,heap     ] GC(310) Old regions: 876->891
[143.787s][info][gc,heap     ] GC(310) Humongous regions: 12->12
[143.787s][info][gc,metaspace] GC(310) Metaspace: 18253K(18432K)->18253K(18432K) NonClass: 16424K(16576K)->16424K(16576K) Class: 1828K(1856K)->1828K(1856K)
[143.787s][info][gc          ] GC(310) Pause Young (Normal) (G1 Evacuation Pause) 935M->909M(978M) 45.861ms
[143.787s][info][gc,cpu      ] GC(310) User=0.09s Sys=0.00s Real=0.04s
[143.884s][info][gc,start    ] GC(311) Pause Young (Normal) (G1 Evacuation Pause)
[143.884s][info][gc,task     ] GC(311) Using 2 workers of 2 for evacuation
[143.917s][info][gc,phases   ] GC(311)   Pre Evacuate Collection Set: 0.29ms
[143.917s][info][gc,phases   ] GC(311)   Merge Heap Roots: 0.34ms
[143.917s][info][gc,phases   ] GC(311)   Evacuate Collection Set: 32.66ms
[143.917s][info][gc,phases   ] GC(311)   Post Evacuate Collection Set: 0.31ms
[143.917s][info][gc,phases   ] GC(311)   Other: 0.11ms
[143.918s][info][gc,heap     ] GC(311) Eden regions: 42->0(42)
[143.918s][info][gc,heap     ] GC(311) Survivor regions: 6->6(6)
[143.918s][info][gc,heap     ] GC(311) Old regions: 891->900
[143.918s][info][gc,heap     ] GC(311) Humongous regions: 12->12
[143.918s][info][gc,metaspace] GC(311) Metaspace: 18253K(18432K)->18253K(18432K) NonClass: 16424K(16576K)->16424K(16576K) Class: 1828K(1856K)->1828K(1856K)
[143.918s][info][gc          ] GC(311) Pause Young (Normal) (G1 Evacuation Pause) 951M->918M(978M) 33.934ms
[143.918s][info][gc,cpu      ] GC(311) User=0.07s Sys=0.00s Real=0.03s
[143.980s][info][gc,start    ] GC(312) Pause Young (Normal) (G1 Evacuation Pause)
[143.980s][info][gc,task     ] GC(312) Using 2 workers of 2 for evacuation
[143.998s][info][gc,phases   ] GC(312)   Pre Evacuate Collection Set: 0.54ms
[143.998s][info][gc,phases   ] GC(312)   Merge Heap Roots: 0.10ms
[143.998s][info][gc,phases   ] GC(312)   Evacuate Collection Set: 17.03ms
[143.998s][info][gc,phases   ] GC(312)   Post Evacuate Collection Set: 0.32ms
[143.998s][info][gc,phases   ] GC(312)   Other: 0.10ms
[143.998s][info][gc,heap     ] GC(312) Eden regions: 42->0(42)
[143.999s][info][gc,heap     ] GC(312) Survivor regions: 6->6(6)
[143.999s][info][gc,heap     ] GC(312) Old regions: 900->908
[143.999s][info][gc,heap     ] GC(312) Humongous regions: 12->12
[143.999s][info][gc,metaspace] GC(312) Metaspace: 18253K(18432K)->18253K(18432K) NonClass: 16424K(16576K)->16424K(16576K) Class: 1828K(1856K)->1828K(1856K)
[143.999s][info][gc          ] GC(312) Pause Young (Normal) (G1 Evacuation Pause) 960M->926M(978M) 18.362ms
[143.999s][info][gc,cpu      ] GC(312) User=0.04s Sys=0.00s Real=0.02s
[144.049s][info][gc,start    ] GC(313) Pause Young (Normal) (G1 Evacuation Pause)
[144.049s][info][gc,task     ] GC(313) Using 2 workers of 2 for evacuation
[144.073s][info][gc,phases   ] GC(313)   Pre Evacuate Collection Set: 0.30ms
[144.073s][info][gc,phases   ] GC(313)   Merge Heap Roots: 0.12ms
[144.073s][info][gc,phases   ] GC(313)   Evacuate Collection Set: 21.15ms
[144.073s][info][gc,phases   ] GC(313)   Post Evacuate Collection Set: 2.64ms
[144.073s][info][gc,phases   ] GC(313)   Other: 0.07ms
[144.073s][info][gc,heap     ] GC(313) Eden regions: 42->0(13)
[144.073s][info][gc,heap     ] GC(313) Survivor regions: 6->6(6)
[144.073s][info][gc,heap     ] GC(313) Old regions: 908->941
[144.073s][info][gc,heap     ] GC(313) Humongous regions: 12->12
[144.073s][info][gc,metaspace] GC(313) Metaspace: 18253K(18432K)->18253K(18432K) NonClass: 16424K(16576K)->16424K(16576K) Class: 1828K(1856K)->1828K(1856K)
[144.073s][info][gc          ] GC(313) Pause Young (Normal) (G1 Evacuation Pause) (Evacuation Failure: Allocation) 968M->959M(978M) 24.522ms
[144.073s][info][gc,cpu      ] GC(313) User=0.04s Sys=0.00s Real=0.03s
[144.096s][info][gc,start    ] GC(314) Pause Young (Normal) (G1 Evacuation Pause)
[144.097s][info][gc,task     ] GC(314) Using 2 workers of 2 for evacuation
[144.119s][info][gc,phases   ] GC(314)   Pre Evacuate Collection Set: 0.34ms
[144.119s][info][gc,phases   ] GC(314)   Merge Heap Roots: 0.18ms
[144.119s][info][gc,phases   ] GC(314)   Evacuate Collection Set: 19.35ms
[144.119s][info][gc,phases   ] GC(314)   Post Evacuate Collection Set: 2.67ms
[144.119s][info][gc,phases   ] GC(314)   Other: 0.10ms
[144.119s][info][gc,heap     ] GC(314) Eden regions: 13->0(19)
[144.119s][info][gc,heap     ] GC(314) Survivor regions: 6->2(3)
[144.119s][info][gc,heap     ] GC(314) Old regions: 941->943
[144.119s][info][gc,heap     ] GC(314) Humongous regions: 12->12
[144.119s][info][gc,metaspace] GC(314) Metaspace: 18253K(18432K)->18253K(18432K) NonClass: 16424K(16576K)->16424K(16576K) Class: 1828K(1856K)->1828K(1856K)
[144.119s][info][gc          ] GC(314) Pause Young (Normal) (G1 Evacuation Pause) (Evacuation Failure: Allocation) 972M->957M(978M) 22.867ms
[144.119s][info][gc,cpu      ] GC(314) User=0.04s Sys=0.00s Real=0.02s
[144.152s][info][gc,start    ] GC(315) Pause Young (Normal) (G1 Evacuation Pause)
[144.152s][info][gc,task     ] GC(315) Using 2 workers of 2 for evacuation
[144.172s][info][gc,phases   ] GC(315)   Pre Evacuate Collection Set: 0.33ms
[144.172s][info][gc,phases   ] GC(315)   Merge Heap Roots: 0.13ms
[144.172s][info][gc,phases   ] GC(315)   Evacuate Collection Set: 15.77ms
[144.172s][info][gc,phases   ] GC(315)   Post Evacuate Collection Set: 3.36ms
[144.172s][info][gc,phases   ] GC(315)   Other: 0.08ms
[144.172s][info][gc,heap     ] GC(315) Eden regions: 19->0(0)
[144.172s][info][gc,heap     ] GC(315) Survivor regions: 2->1(2)
[144.172s][info][gc,heap     ] GC(315) Old regions: 943->964
[144.172s][info][gc,heap     ] GC(315) Humongous regions: 12->12
[144.172s][info][gc,metaspace] GC(315) Metaspace: 18253K(18432K)->18253K(18432K) NonClass: 16424K(16576K)->16424K(16576K) Class: 1828K(1856K)->1828K(1856K)
[144.172s][info][gc          ] GC(315) Pause Young (Normal) (G1 Evacuation Pause) (Evacuation Failure: Allocation) 976M->977M(978M) 19.948ms
[144.172s][info][gc,cpu      ] GC(315) User=0.04s Sys=0.01s Real=0.02s
[144.172s][info][gc,ergo     ] Attempting full compaction
[144.172s][info][gc,start    ] GC(316) Pause Full (G1 Compaction Pause)
[144.172s][info][gc,task     ] GC(316) Using 2 workers of 2 for full compaction
[144.174s][info][gc,phases,start] GC(316) Phase 1: Mark live objects
[144.628s][info][metaspace      ] ChkMgr @0x00007f59a415e580 (non-class-space): : reclaiming memory...
[144.628s][info][metaspace      ] ChkMgr @0x00007f59a415e580 (non-class-space): nothing reclaimed.
[144.628s][info][metaspace      ] ChkMgr @0x00007f59a415c690 (class-space): : reclaiming memory...
[144.628s][info][metaspace      ] ChkMgr @0x00007f59a415c690 (class-space): nothing reclaimed.
[144.628s][info][gc,phases      ] GC(316) Phase 1: Mark live objects 453.971ms
[144.628s][info][gc,phases,start] GC(316) Phase 2: Prepare compaction
[144.646s][info][gc,phases      ] GC(316) Phase 2: Prepare compaction 17.873ms
[144.646s][info][gc,phases,start] GC(316) Phase 3: Adjust pointers
[144.812s][info][gc,phases      ] GC(316) Phase 3: Adjust pointers 166.109ms
[144.812s][info][gc,phases,start] GC(316) Phase 4: Compact heap
[144.834s][info][gc,phases      ] GC(316) Phase 4: Compact heap 22.067ms
[144.834s][info][gc,phases,start] GC(316) Phase 5: Reset Metadata
[144.913s][info][gc,phases      ] GC(316) Phase 5: Reset Metadata 78.609ms
[144.921s][info][gc,heap        ] GC(316) Eden regions: 0->0(380)
[144.921s][info][gc,heap        ] GC(316) Survivor regions: 1->0(2)
[144.921s][info][gc,heap        ] GC(316) Old regions: 964->485
[144.921s][info][gc,heap        ] GC(316) Humongous regions: 12->6
[144.921s][info][gc,metaspace   ] GC(316) Metaspace: 18253K(18432K)->18246K(18432K) NonClass: 16424K(16576K)->16417K(16576K) Class: 1828K(1856K)->1828K(1856K)
[144.921s][info][gc             ] GC(316) Pause Full (G1 Compaction Pause) 977M->489M(978M) 748.969ms
[144.921s][info][gc,cpu         ] GC(316) User=1.47s Sys=0.00s Real=0.75s
[144.925s][info][gc,marking     ] GC(301) Concurrent Mark From Roots 2610.470ms
[144.925s][info][gc,marking     ] GC(301) Concurrent Mark Abort
[144.925s][info][gc             ] GC(301) Concurrent Mark Cycle 2636.932ms
[145.337s][info][gc,start       ] GC(317) Pause Young (Normal) (G1 Evacuation Pause)
[145.337s][info][gc,task        ] GC(317) Using 2 workers of 2 for evacuation
[145.377s][info][gc,phases      ] GC(317)   Pre Evacuate Collection Set: 0.32ms
[145.377s][info][gc,phases      ] GC(317)   Merge Heap Roots: 0.54ms
[145.377s][info][gc,phases      ] GC(317)   Evacuate Collection Set: 38.43ms
[145.377s][info][gc,phases      ] GC(317)   Post Evacuate Collection Set: 0.64ms
[145.377s][info][gc,phases      ] GC(317)   Other: 0.09ms
[145.377s][info][gc,heap        ] GC(317) Eden regions: 380->0(373)
[145.377s][info][gc,heap        ] GC(317) Survivor regions: 0->18(48)
[145.377s][info][gc,heap        ] GC(317) Old regions: 485->485
[145.377s][info][gc,heap        ] GC(317) Humongous regions: 6->6
[145.377s][info][gc,metaspace   ] GC(317) Metaspace: 18246K(18432K)->18246K(18432K) NonClass: 16417K(16576K)->16417K(16576K) Class: 1828K(1856K)->1828K(1856K)
[145.377s][info][gc             ] GC(317) Pause Young (Normal) (G1 Evacuation Pause) 869M->507M(978M) 40.266ms
[145.377s][info][gc,cpu         ] GC(317) User=0.08s Sys=0.00s Real=0.04s
[145.800s][info][gc,start       ] GC(318) Pause Young (Concurrent Start) (G1 Evacuation Pause)
[145.800s][info][gc,task        ] GC(318) Using 2 workers of 2 for evacuation
[145.897s][info][gc,phases      ] GC(318)   Pre Evacuate Collection Set: 0.35ms
[145.897s][info][gc,phases      ] GC(318)   Merge Heap Roots: 0.32ms
[145.897s][info][gc,phases      ] GC(318)   Evacuate Collection Set: 95.31ms
[145.897s][info][gc,phases      ] GC(318)   Post Evacuate Collection Set: 0.76ms
[145.897s][info][gc,phases      ] GC(318)   Other: 0.12ms
[145.897s][info][gc,heap        ] GC(318) Eden regions: 373->0(279)
[145.897s][info][gc,heap        ] GC(318) Survivor regions: 18->49(49)
[145.897s][info][gc,heap        ] GC(318) Old regions: 485->524
[145.897s][info][gc,heap        ] GC(318) Humongous regions: 6->6
[145.897s][info][gc,metaspace   ] GC(318) Metaspace: 18246K(18432K)->18246K(18432K) NonClass: 16417K(16576K)->16417K(16576K) Class: 1828K(1856K)->1828K(1856K)
[145.897s][info][gc             ] GC(318) Pause Young (Concurrent Start) (G1 Evacuation Pause) 880M->577M(978M) 97.138ms
[145.897s][info][gc             ] GC(319) Concurrent Mark Cycle
[145.897s][info][gc,marking     ] GC(319) Concurrent Scan Root Regions
[145.899s][info][gc,cpu         ] GC(318) User=0.20s Sys=0.00s Real=0.10s
[146.036s][info][gc,marking     ] GC(319) Concurrent Scan Root Regions 138.631ms
[146.036s][info][gc,marking     ] GC(319) Concurrent Mark
[146.036s][info][gc,marking     ] GC(319) Concurrent Mark From Roots
[146.036s][info][gc,task        ] GC(319) Using 1 workers of 1 for marking
[146.856s][info][gc,start       ] GC(320) Pause Young (Normal) (G1 Evacuation Pause)
[146.856s][info][gc,task        ] GC(320) Using 2 workers of 2 for evacuation
[146.929s][info][gc,phases      ] GC(320)   Pre Evacuate Collection Set: 0.54ms
[146.929s][info][gc,phases      ] GC(320)   Merge Heap Roots: 0.31ms
[146.929s][info][gc,phases      ] GC(320)   Evacuate Collection Set: 71.65ms
[146.929s][info][gc,phases      ] GC(320)   Post Evacuate Collection Set: 0.67ms
[146.929s][info][gc,phases      ] GC(320)   Other: 0.08ms
[146.929s][info][gc,heap        ] GC(320) Eden regions: 279->0(280)
[146.929s][info][gc,heap        ] GC(320) Survivor regions: 49->13(41)
[146.929s][info][gc,heap        ] GC(320) Old regions: 524->573
[146.929s][info][gc,heap        ] GC(320) Humongous regions: 7->7
[146.929s][info][gc,metaspace   ] GC(320) Metaspace: 18253K(18432K)->18253K(18432K) NonClass: 16424K(16576K)->16424K(16576K) Class: 1828K(1856K)->1828K(1856K)
[146.930s][info][gc             ] GC(320) Pause Young (Normal) (G1 Evacuation Pause) 857M->591M(978M) 73.494ms
[146.930s][info][gc,cpu         ] GC(320) User=0.14s Sys=0.00s Real=0.07s
[147.175s][info][gc,marking     ] GC(319) Concurrent Mark From Roots 1139.660ms
[147.175s][info][gc,marking     ] GC(319) Concurrent Preclean
[147.176s][info][gc,marking     ] GC(319) Concurrent Preclean 0.035ms
[147.176s][info][gc,start       ] GC(319) Pause Remark
[147.185s][info][gc             ] GC(319) Pause Remark 673M->556M(978M) 8.576ms
[147.185s][info][gc,cpu         ] GC(319) User=0.02s Sys=0.00s Real=0.01s
[147.187s][info][gc,marking     ] GC(319) Concurrent Mark 1151.686ms
[147.187s][info][gc,marking     ] GC(319) Concurrent Rebuild Remembered Sets and Scrub Regions
[147.591s][info][gc,start       ] GC(321) Pause Young (Normal) (G1 Evacuation Pause)
[147.591s][info][gc,task        ] GC(321) Using 2 workers of 2 for evacuation
[147.644s][info][gc,phases      ] GC(321)   Pre Evacuate Collection Set: 0.33ms
[147.644s][info][gc,phases      ] GC(321)   Merge Heap Roots: 0.65ms
[147.644s][info][gc,phases      ] GC(321)   Evacuate Collection Set: 51.19ms
[147.644s][info][gc,phases      ] GC(321)   Post Evacuate Collection Set: 0.62ms
[147.644s][info][gc,phases      ] GC(321)   Other: 0.11ms
[147.644s][info][gc,heap        ] GC(321) Eden regions: 280->0(367)
[147.644s][info][gc,heap        ] GC(321) Survivor regions: 13->35(37)
[147.644s][info][gc,heap        ] GC(321) Old regions: 458->458
[147.644s][info][gc,heap        ] GC(321) Humongous regions: 5->5
[147.644s][info][gc,metaspace   ] GC(321) Metaspace: 18253K(18432K)->18253K(18432K) NonClass: 16424K(16576K)->16424K(16576K) Class: 1828K(1856K)->1828K(1856K)
[147.644s][info][gc             ] GC(321) Pause Young (Normal) (G1 Evacuation Pause) 754M->496M(978M) 53.170ms
[147.644s][info][gc,cpu         ] GC(321) User=0.10s Sys=0.00s Real=0.05s
[147.645s][info][gc,marking     ] GC(319) Concurrent Rebuild Remembered Sets and Scrub Regions 457.181ms
[147.645s][info][gc,start       ] GC(319) Pause Cleanup
[147.645s][info][gc             ] GC(319) Pause Cleanup 497M->497M(978M) 0.085ms
[147.645s][info][gc,cpu         ] GC(319) User=0.00s Sys=0.00s Real=0.00s
[147.647s][info][gc,marking     ] GC(319) Concurrent Clear Claimed Marks
[147.648s][info][gc,marking     ] GC(319) Concurrent Clear Claimed Marks 0.076ms
[147.648s][info][gc,marking     ] GC(319) Concurrent Cleanup for Next Mark
[147.653s][info][gc,marking     ] GC(319) Concurrent Cleanup for Next Mark 5.023ms
[147.653s][info][gc             ] GC(319) Concurrent Mark Cycle 1755.587ms
[148.406s][info][gc,start       ] GC(322) Pause Young (Prepare Mixed) (G1 Evacuation Pause)
[148.406s][info][gc,task        ] GC(322) Using 2 workers of 2 for evacuation
[148.479s][info][gc,phases      ] GC(322)   Pre Evacuate Collection Set: 0.56ms
[148.479s][info][gc,phases      ] GC(322)   Merge Heap Roots: 0.31ms
[148.479s][info][gc,phases      ] GC(322)   Evacuate Collection Set: 71.54ms
[148.479s][info][gc,phases      ] GC(322)   Post Evacuate Collection Set: 0.70ms
[148.479s][info][gc,phases      ] GC(322)   Other: 0.12ms
[148.479s][info][gc,heap        ] GC(322) Eden regions: 367->0(360)
[148.479s][info][gc,heap        ] GC(322) Survivor regions: 35->41(51)
[148.479s][info][gc,heap        ] GC(322) Old regions: 458->470
[148.479s][info][gc,heap        ] GC(322) Humongous regions: 5->5
[148.479s][info][gc,metaspace   ] GC(322) Metaspace: 18254K(18432K)->18254K(18432K) NonClass: 16425K(16576K)->16425K(16576K) Class: 1828K(1856K)->1828K(1856K)
[148.479s][info][gc             ] GC(322) Pause Young (Prepare Mixed) (G1 Evacuation Pause) 863M->514M(978M) 73.490ms
[148.479s][info][gc,cpu         ] GC(322) User=0.15s Sys=0.00s Real=0.07s
[149.352s][info][gc,start       ] GC(323) Pause Young (Mixed) (G1 Evacuation Pause)
[149.352s][info][gc,task        ] GC(323) Using 2 workers of 2 for evacuation
[149.409s][info][gc,phases      ] GC(323)   Pre Evacuate Collection Set: 0.34ms
[149.409s][info][gc,phases      ] GC(323)   Merge Heap Roots: 0.46ms
[149.409s][info][gc,phases      ] GC(323)   Evacuate Collection Set: 55.30ms
[149.409s][info][gc,phases      ] GC(323)   Post Evacuate Collection Set: 0.65ms
[149.409s][info][gc,phases      ] GC(323)   Other: 0.12ms
[149.409s][info][gc,heap        ] GC(323) Eden regions: 360->0(381)
[149.409s][info][gc,heap        ] GC(323) Survivor regions: 41->18(51)
[149.409s][info][gc,heap        ] GC(323) Old regions: 470->486
[149.409s][info][gc,heap        ] GC(323) Humongous regions: 5->5
[149.409s][info][gc,metaspace   ] GC(323) Metaspace: 18255K(18432K)->18255K(18432K) NonClass: 16426K(16576K)->16426K(16576K) Class: 1828K(1856K)->1828K(1856K)
[149.409s][info][gc             ] GC(323) Pause Young (Mixed) (G1 Evacuation Pause) 874M->507M(978M) 57.132ms
[149.409s][info][gc,cpu         ] GC(323) User=0.11s Sys=0.00s Real=0.05s
[149.855s][info][gc,start       ] GC(324) Pause Young (Concurrent Start) (G1 Evacuation Pause)
[149.856s][info][gc,task        ] GC(324) Using 2 workers of 2 for evacuation
[149.970s][info][gc,phases      ] GC(324)   Pre Evacuate Collection Set: 0.35ms
[149.970s][info][gc,phases      ] GC(324)   Merge Heap Roots: 0.59ms
[149.970s][info][gc,phases      ] GC(324)   Evacuate Collection Set: 110.57ms
[149.970s][info][gc,phases      ] GC(324)   Post Evacuate Collection Set: 2.61ms
[149.970s][info][gc,phases      ] GC(324)   Other: 0.23ms
[149.970s][info][gc,heap        ] GC(324) Eden regions: 381->0(263)
[149.970s][info][gc,heap        ] GC(324) Survivor regions: 18->50(50)
[149.970s][info][gc,heap        ] GC(324) Old regions: 486->560
[149.970s][info][gc,heap        ] GC(324) Humongous regions: 5->5
[149.970s][info][gc,metaspace   ] GC(324) Metaspace: 18257K(18432K)->18257K(18432K) NonClass: 16428K(16576K)->16428K(16576K) Class: 1828K(1856K)->1828K(1856K)
[149.970s][info][gc             ] GC(324) Pause Young (Concurrent Start) (G1 Evacuation Pause) (Evacuation Failure: Allocation) 888M->613M(978M) 114.609ms
[149.970s][info][gc             ] GC(325) Concurrent Mark Cycle
[149.970s][info][gc,marking     ] GC(325) Concurrent Scan Root Regions
[149.972s][info][gc,cpu         ] GC(324) User=0.22s Sys=0.00s Real=0.12s
[150.050s][info][gc,marking     ] GC(325) Concurrent Scan Root Regions 79.425ms
[150.050s][info][gc,marking     ] GC(325) Concurrent Mark
[150.050s][info][gc,marking     ] GC(325) Concurrent Mark From Roots
[150.050s][info][gc,task        ] GC(325) Using 1 workers of 1 for marking
[150.568s][info][gc,start       ] GC(326) Pause Young (Normal) (G1 Evacuation Pause)
[150.568s][info][gc,task        ] GC(326) Using 2 workers of 2 for evacuation
[150.767s][info][gc,phases      ] GC(326)   Pre Evacuate Collection Set: 0.57ms
[150.768s][info][gc,phases      ] GC(326)   Merge Heap Roots: 0.60ms
[150.768s][info][gc,phases      ] GC(326)   Evacuate Collection Set: 182.78ms
[150.768s][info][gc,phases      ] GC(326)   Post Evacuate Collection Set: 15.80ms
[150.768s][info][gc,phases      ] GC(326)   Other: 0.14ms
[150.768s][info][gc,heap        ] GC(326) Eden regions: 263->0(101)
[150.768s][info][gc,heap        ] GC(326) Survivor regions: 50->40(40)
[150.768s][info][gc,heap        ] GC(326) Old regions: 560->739
[150.768s][info][gc,heap        ] GC(326) Humongous regions: 8->8
[150.768s][info][gc,metaspace   ] GC(326) Metaspace: 18265K(18432K)->18265K(18432K) NonClass: 16436K(16576K)->16436K(16576K) Class: 1828K(1856K)->1828K(1856K)
[150.768s][info][gc             ] GC(326) Pause Young (Normal) (G1 Evacuation Pause) (Evacuation Failure: Allocation) 879M->785M(978M) 200.185ms
[150.768s][info][gc,cpu         ] GC(326) User=0.40s Sys=0.00s Real=0.20s
[151.001s][info][gc,start       ] GC(327) Pause Young (Normal) (G1 Evacuation Pause)
[151.002s][info][gc,task        ] GC(327) Using 2 workers of 2 for evacuation
[151.085s][info][gc,phases      ] GC(327)   Pre Evacuate Collection Set: 0.39ms
[151.085s][info][gc,phases      ] GC(327)   Merge Heap Roots: 0.76ms
[151.085s][info][gc,phases      ] GC(327)   Evacuate Collection Set: 81.68ms
[151.085s][info][gc,phases      ] GC(327)   Post Evacuate Collection Set: 0.58ms
[151.085s][info][gc,phases      ] GC(327)   Other: 0.12ms
[151.085s][info][gc,heap        ] GC(327) Eden regions: 101->0(211)
[151.085s][info][gc,heap        ] GC(327) Survivor regions: 40->3(18)
[151.085s][info][gc,heap        ] GC(327) Old regions: 739->680
[151.085s][info][gc,heap        ] GC(327) Humongous regions: 8->8
[151.085s][info][gc,metaspace   ] GC(327) Metaspace: 18265K(18432K)->18265K(18432K) NonClass: 16436K(16576K)->16436K(16576K) Class: 1828K(1856K)->1828K(1856K)
[151.085s][info][gc             ] GC(327) Pause Young (Normal) (G1 Evacuation Pause) 886M->689M(978M) 83.812ms
[151.085s][info][gc,cpu         ] GC(327) User=0.16s Sys=0.00s Real=0.08s
[151.337s][info][gc,marking     ] GC(325) Concurrent Mark From Roots 1287.246ms
[151.337s][info][gc,marking     ] GC(325) Concurrent Preclean
[151.337s][info][gc,marking     ] GC(325) Concurrent Preclean 0.034ms
[151.337s][info][gc,start       ] GC(325) Pause Remark
[151.345s][info][gc             ] GC(325) Pause Remark 794M->665M(978M) 7.476ms
[151.345s][info][gc,cpu         ] GC(325) User=0.01s Sys=0.00s Real=0.01s
[151.345s][info][gc,marking     ] GC(325) Concurrent Mark 1295.153ms
[151.345s][info][gc,marking     ] GC(325) Concurrent Rebuild Remembered Sets and Scrub Regions
[151.578s][info][gc,start       ] GC(328) Pause Young (Normal) (G1 Evacuation Pause)
[151.578s][info][gc,task        ] GC(328) Using 2 workers of 2 for evacuation
[151.638s][info][gc,phases      ] GC(328)   Pre Evacuate Collection Set: 0.55ms
[151.638s][info][gc,phases      ] GC(328)   Merge Heap Roots: 0.45ms
[151.638s][info][gc,phases      ] GC(328)   Evacuate Collection Set: 58.33ms
[151.638s][info][gc,phases      ] GC(328)   Post Evacuate Collection Set: 0.62ms
[151.638s][info][gc,phases      ] GC(328)   Other: 0.09ms
[151.638s][info][gc,heap        ] GC(328) Eden regions: 211->0(286)
[151.638s][info][gc,heap        ] GC(328) Survivor regions: 3->21(27)
[151.638s][info][gc,heap        ] GC(328) Old regions: 553->540
[151.638s][info][gc,heap        ] GC(328) Humongous regions: 9->9
[151.638s][info][gc,metaspace   ] GC(328) Metaspace: 18265K(18432K)->18265K(18432K) NonClass: 16436K(16576K)->16436K(16576K) Class: 1828K(1856K)->1828K(1856K)
[151.638s][info][gc             ] GC(328) Pause Young (Normal) (G1 Evacuation Pause) 774M->568M(978M) 60.296ms
[151.638s][info][gc,cpu         ] GC(328) User=0.12s Sys=0.00s Real=0.06s
[151.904s][info][gc,marking     ] GC(325) Concurrent Rebuild Remembered Sets and Scrub Regions 558.825ms
[151.904s][info][gc,start       ] GC(325) Pause Cleanup
[151.905s][info][gc             ] GC(325) Pause Cleanup 676M->676M(978M) 0.171ms
[151.905s][info][gc,cpu         ] GC(325) User=0.00s Sys=0.00s Real=0.00s
[151.905s][info][gc,marking     ] GC(325) Concurrent Clear Claimed Marks
[151.905s][info][gc,marking     ] GC(325) Concurrent Clear Claimed Marks 0.028ms
[151.905s][info][gc,marking     ] GC(325) Concurrent Cleanup for Next Mark
[151.911s][info][gc,marking     ] GC(325) Concurrent Cleanup for Next Mark 6.797ms
[151.911s][info][gc             ] GC(325) Concurrent Mark Cycle 1941.408ms
[152.185s][info][gc,start       ] GC(329) Pause Young (Prepare Mixed) (G1 Evacuation Pause)
[152.185s][info][gc,task        ] GC(329) Using 2 workers of 2 for evacuation
[152.229s][info][gc,phases      ] GC(329)   Pre Evacuate Collection Set: 0.56ms
[152.229s][info][gc,phases      ] GC(329)   Merge Heap Roots: 0.56ms
[152.229s][info][gc,phases      ] GC(329)   Evacuate Collection Set: 41.72ms
[152.229s][info][gc,phases      ] GC(329)   Post Evacuate Collection Set: 0.64ms
[152.229s][info][gc,phases      ] GC(329)   Other: 0.12ms
[152.229s][info][gc,heap        ] GC(329) Eden regions: 286->0(305)
[152.229s][info][gc,heap        ] GC(329) Survivor regions: 21->19(39)
[152.229s][info][gc,heap        ] GC(329) Old regions: 540->543
[152.229s][info][gc,heap        ] GC(329) Humongous regions: 9->9
[152.229s][info][gc,metaspace   ] GC(329) Metaspace: 18265K(18432K)->18265K(18432K) NonClass: 16436K(16576K)->16436K(16576K) Class: 1828K(1856K)->1828K(1856K)
[152.229s][info][gc             ] GC(329) Pause Young (Prepare Mixed) (G1 Evacuation Pause) 854M->568M(978M) 43.869ms
[152.229s][info][gc,cpu         ] GC(329) User=0.08s Sys=0.00s Real=0.04s
[152.711s][info][gc,start       ] GC(330) Pause Young (Mixed) (G1 Evacuation Pause)
[152.711s][info][gc,task        ] GC(330) Using 2 workers of 2 for evacuation
[152.750s][info][gc,phases      ] GC(330)   Pre Evacuate Collection Set: 0.33ms
[152.750s][info][gc,phases      ] GC(330)   Merge Heap Roots: 0.34ms
[152.750s][info][gc,phases      ] GC(330)   Evacuate Collection Set: 37.59ms
[152.750s][info][gc,phases      ] GC(330)   Post Evacuate Collection Set: 0.71ms
[152.750s][info][gc,phases      ] GC(330)   Other: 0.12ms
[152.750s][info][gc,heap        ] GC(330) Eden regions: 305->0(355)
[152.750s][info][gc,heap        ] GC(330) Survivor regions: 19->19(41)
[152.750s][info][gc,heap        ] GC(330) Old regions: 543->500
[152.750s][info][gc,heap        ] GC(330) Humongous regions: 9->9
[152.750s][info][gc,metaspace   ] GC(330) Metaspace: 18265K(18432K)->18265K(18432K) NonClass: 16436K(16576K)->16436K(16576K) Class: 1828K(1856K)->1828K(1856K)
[152.750s][info][gc             ] GC(330) Pause Young (Mixed) (G1 Evacuation Pause) 873M->526M(978M) 39.379ms
[152.750s][info][gc,cpu         ] GC(330) User=0.08s Sys=0.01s Real=0.04s
[153.313s][info][gc,start       ] GC(331) Pause Young (Concurrent Start) (G1 Evacuation Pause)
[153.313s][info][gc,task        ] GC(331) Using 2 workers of 2 for evacuation
[153.352s][info][gc,phases      ] GC(331)   Pre Evacuate Collection Set: 0.32ms
[153.352s][info][gc,phases      ] GC(331)   Merge Heap Roots: 0.32ms
[153.352s][info][gc,phases      ] GC(331)   Evacuate Collection Set: 37.75ms
[153.352s][info][gc,phases      ] GC(331)   Post Evacuate Collection Set: 0.69ms
[153.352s][info][gc,phases      ] GC(331)   Other: 0.15ms
[153.352s][info][gc,heap        ] GC(331) Eden regions: 355->0(371)
[153.352s][info][gc,heap        ] GC(331) Survivor regions: 19->19(47)
[153.352s][info][gc,heap        ] GC(331) Old regions: 500->500
[153.352s][info][gc,heap        ] GC(331) Humongous regions: 9->9
[153.352s][info][gc,metaspace   ] GC(331) Metaspace: 18265K(18432K)->18265K(18432K) NonClass: 16436K(16576K)->16436K(16576K) Class: 1828K(1856K)->1828K(1856K)
[153.352s][info][gc             ] GC(331) Pause Young (Concurrent Start) (G1 Evacuation Pause) 881M->526M(978M) 39.499ms
[153.352s][info][gc             ] GC(332) Concurrent Mark Cycle
[153.352s][info][gc,marking     ] GC(332) Concurrent Scan Root Regions
[153.353s][info][gc,cpu         ] GC(331) User=0.08s Sys=0.00s Real=0.04s
[153.418s][info][gc,marking     ] GC(332) Concurrent Scan Root Regions 65.898ms
[153.418s][info][gc,marking     ] GC(332) Concurrent Mark
[153.418s][info][gc,marking     ] GC(332) Concurrent Mark From Roots
[153.418s][info][gc,task        ] GC(332) Using 1 workers of 1 for marking
[154.483s][info][gc,start       ] GC(333) Pause Young (Normal) (G1 Evacuation Pause)
[154.483s][info][gc,task        ] GC(333) Using 2 workers of 2 for evacuation
[154.552s][info][gc,phases      ] GC(333)   Pre Evacuate Collection Set: 0.33ms
[154.552s][info][gc,phases      ] GC(333)   Merge Heap Roots: 0.42ms
[154.552s][info][gc,phases      ] GC(333)   Evacuate Collection Set: 67.93ms
[154.552s][info][gc,phases      ] GC(333)   Post Evacuate Collection Set: 0.74ms
[154.552s][info][gc,phases      ] GC(333)   Other: 0.09ms
[154.552s][info][gc,heap        ] GC(333) Eden regions: 371->0(335)
[154.552s][info][gc,heap        ] GC(333) Survivor regions: 19->42(49)
[154.552s][info][gc,heap        ] GC(333) Old regions: 500->500
[154.552s][info][gc,heap        ] GC(333) Humongous regions: 9->9
[154.552s][info][gc,metaspace   ] GC(333) Metaspace: 18265K(18432K)->18265K(18432K) NonClass: 16436K(16576K)->16436K(16576K) Class: 1828K(1856K)->1828K(1856K)
[154.552s][info][gc             ] GC(333) Pause Young (Normal) (G1 Evacuation Pause) 897M->549M(978M) 69.755ms
[154.552s][info][gc,cpu         ] GC(333) User=0.13s Sys=0.00s Real=0.07s
[155.060s][info][gc,start       ] GC(334) Pause Young (Normal) (G1 Evacuation Pause)
[155.061s][info][gc,task        ] GC(334) Using 2 workers of 2 for evacuation
[155.154s][info][gc,phases      ] GC(334)   Pre Evacuate Collection Set: 0.51ms
[155.154s][info][gc,phases      ] GC(334)   Merge Heap Roots: 0.44ms
[155.154s][info][gc,phases      ] GC(334)   Evacuate Collection Set: 91.27ms
[155.154s][info][gc,phases      ] GC(334)   Post Evacuate Collection Set: 0.66ms
[155.154s][info][gc,phases      ] GC(334)   Other: 0.09ms
[155.154s][info][gc,heap        ] GC(334) Eden regions: 335->0(303)
[155.154s][info][gc,heap        ] GC(334) Survivor regions: 42->48(48)
[155.154s][info][gc,heap        ] GC(334) Old regions: 500->520
[155.154s][info][gc,heap        ] GC(334) Humongous regions: 9->9
[155.154s][info][gc,metaspace   ] GC(334) Metaspace: 18265K(18432K)->18265K(18432K) NonClass: 16436K(16576K)->16436K(16576K) Class: 1828K(1856K)->1828K(1856K)
[155.154s][info][gc             ] GC(334) Pause Young (Normal) (G1 Evacuation Pause) 884M->575M(978M) 93.238ms
[155.154s][info][gc,cpu         ] GC(334) User=0.18s Sys=0.00s Real=0.09s
[155.255s][info][gc,marking     ] GC(332) Concurrent Mark From Roots 1836.325ms
[155.255s][info][gc,marking     ] GC(332) Concurrent Preclean
[155.255s][info][gc,marking     ] GC(332) Concurrent Preclean 0.037ms
[155.255s][info][gc,start       ] GC(332) Pause Remark
[155.263s][info][gc             ] GC(332) Pause Remark 666M->664M(978M) 7.726ms
[155.263s][info][gc,cpu         ] GC(332) User=0.02s Sys=0.00s Real=0.01s
[155.263s][info][gc,marking     ] GC(332) Concurrent Mark 1844.452ms
[155.263s][info][gc,marking     ] GC(332) Concurrent Rebuild Remembered Sets and Scrub Regions
[155.497s][info][gc,start       ] GC(335) Pause Young (Normal) (G1 Evacuation Pause)
[155.497s][info][gc,task        ] GC(335) Using 2 workers of 2 for evacuation
[155.585s][info][gc,phases      ] GC(335)   Pre Evacuate Collection Set: 0.53ms
[155.585s][info][gc,phases      ] GC(335)   Merge Heap Roots: 0.37ms
[155.585s][info][gc,phases      ] GC(335)   Evacuate Collection Set: 87.08ms
[155.585s][info][gc,phases      ] GC(335)   Post Evacuate Collection Set: 0.65ms
[155.585s][info][gc,phases      ] GC(335)   Other: 0.09ms
[155.585s][info][gc,heap        ] GC(335) Eden regions: 303->0(292)
[155.585s][info][gc,heap        ] GC(335) Survivor regions: 48->30(44)
[155.585s][info][gc,heap        ] GC(335) Old regions: 520->569
[155.585s][info][gc,heap        ] GC(335) Humongous regions: 7->7
[155.585s][info][gc,metaspace   ] GC(335) Metaspace: 18269K(18432K)->18269K(18432K) NonClass: 16440K(16576K)->16440K(16576K) Class: 1828K(1856K)->1828K(1856K)
[155.586s][info][gc             ] GC(335) Pause Young (Normal) (G1 Evacuation Pause) 876M->604M(978M) 89.019ms
[155.586s][info][gc,cpu         ] GC(335) User=0.17s Sys=0.00s Real=0.09s
[155.886s][info][gc,start       ] GC(336) Pause Young (Normal) (G1 Evacuation Pause)
[155.886s][info][gc,task        ] GC(336) Using 2 workers of 2 for evacuation
[155.939s][info][gc,phases      ] GC(336)   Pre Evacuate Collection Set: 0.53ms
[155.939s][info][gc,phases      ] GC(336)   Merge Heap Roots: 0.28ms
[155.939s][info][gc,phases      ] GC(336)   Evacuate Collection Set: 51.18ms
[155.939s][info][gc,phases      ] GC(336)   Post Evacuate Collection Set: 0.56ms
[155.939s][info][gc,phases      ] GC(336)   Other: 0.09ms
[155.939s][info][gc,heap        ] GC(336) Eden regions: 292->0(282)
[155.939s][info][gc,heap        ] GC(336) Survivor regions: 30->15(41)
[155.939s][info][gc,heap        ] GC(336) Old regions: 569->599
[155.939s][info][gc,heap        ] GC(336) Humongous regions: 7->7
[155.939s][info][gc,metaspace   ] GC(336) Metaspace: 18269K(18432K)->18269K(18432K) NonClass: 16440K(16576K)->16440K(16576K) Class: 1828K(1856K)->1828K(1856K)
[155.939s][info][gc             ] GC(336) Pause Young (Normal) (G1 Evacuation Pause) 896M->618M(978M) 52.899ms
[155.939s][info][gc,cpu         ] GC(336) User=0.10s Sys=0.00s Real=0.05s
[155.996s][info][gc,marking     ] GC(332) Concurrent Rebuild Remembered Sets and Scrub Regions 732.864ms
[155.996s][info][gc,start       ] GC(332) Pause Cleanup
[155.996s][info][gc             ] GC(332) Pause Cleanup 645M->645M(978M) 0.140ms
[155.996s][info][gc,cpu         ] GC(332) User=0.00s Sys=0.00s Real=0.00s
[155.996s][info][gc,marking     ] GC(332) Concurrent Clear Claimed Marks
[155.996s][info][gc,marking     ] GC(332) Concurrent Clear Claimed Marks 0.033ms
[155.996s][info][gc,marking     ] GC(332) Concurrent Cleanup for Next Mark
[156.003s][info][gc,marking     ] GC(332) Concurrent Cleanup for Next Mark 6.995ms
[156.003s][info][gc             ] GC(332) Concurrent Mark Cycle 2650.854ms
[156.226s][info][gc,start       ] GC(337) Pause Young (Prepare Mixed) (G1 Evacuation Pause)
[156.226s][info][gc,task        ] GC(337) Using 2 workers of 2 for evacuation
[156.277s][info][gc,phases      ] GC(337)   Pre Evacuate Collection Set: 0.55ms
[156.277s][info][gc,phases      ] GC(337)   Merge Heap Roots: 0.31ms
[156.277s][info][gc,phases      ] GC(337)   Evacuate Collection Set: 49.55ms
[156.277s][info][gc,phases      ] GC(337)   Post Evacuate Collection Set: 0.79ms
[156.277s][info][gc,phases      ] GC(337)   Other: 0.09ms
[156.277s][info][gc,heap        ] GC(337) Eden regions: 282->0(246)
[156.277s][info][gc,heap        ] GC(337) Survivor regions: 15->38(38)
[156.277s][info][gc,heap        ] GC(337) Old regions: 599->599
[156.277s][info][gc,heap        ] GC(337) Humongous regions: 7->7
[156.277s][info][gc,metaspace   ] GC(337) Metaspace: 18270K(18432K)->18270K(18432K) NonClass: 16441K(16576K)->16441K(16576K) Class: 1828K(1856K)->1828K(1856K)
[156.277s][info][gc             ] GC(337) Pause Young (Prepare Mixed) (G1 Evacuation Pause) 900M->642M(978M) 51.526ms
[156.277s][info][gc,cpu         ] GC(337) User=0.10s Sys=0.00s Real=0.05s
[156.923s][info][gc,start       ] GC(338) Pause Young (Mixed) (G1 Evacuation Pause)
[156.923s][info][gc,task        ] GC(338) Using 2 workers of 2 for evacuation
[156.989s][info][gc,phases      ] GC(338)   Pre Evacuate Collection Set: 0.56ms
[156.989s][info][gc,phases      ] GC(338)   Merge Heap Roots: 0.34ms
[156.989s][info][gc,phases      ] GC(338)   Evacuate Collection Set: 64.33ms
[156.989s][info][gc,phases      ] GC(338)   Post Evacuate Collection Set: 0.53ms
[156.989s][info][gc,phases      ] GC(338)   Other: 0.09ms
[156.989s][info][gc,heap        ] GC(338) Eden regions: 246->0(257)
[156.989s][info][gc,heap        ] GC(338) Survivor regions: 38->17(36)
[156.989s][info][gc,heap        ] GC(338) Old regions: 599->629
[156.989s][info][gc,heap        ] GC(338) Humongous regions: 7->7
[156.989s][info][gc,metaspace   ] GC(338) Metaspace: 18271K(18432K)->18271K(18432K) NonClass: 16442K(16576K)->16442K(16576K) Class: 1828K(1856K)->1828K(1856K)
[156.989s][info][gc             ] GC(338) Pause Young (Mixed) (G1 Evacuation Pause) 888M->651M(978M) 66.149ms
[156.989s][info][gc,cpu         ] GC(338) User=0.13s Sys=0.00s Real=0.06s
[157.658s][info][gc,start       ] GC(339) Pause Young (Concurrent Start) (G1 Evacuation Pause)
[157.658s][info][gc,task        ] GC(339) Using 2 workers of 2 for evacuation
[157.679s][info][gc,phases      ] GC(339)   Pre Evacuate Collection Set: 0.38ms
[157.679s][info][gc,phases      ] GC(339)   Merge Heap Roots: 0.19ms
[157.679s][info][gc,phases      ] GC(339)   Evacuate Collection Set: 19.38ms
[157.679s][info][gc,phases      ] GC(339)   Post Evacuate Collection Set: 0.50ms
[157.679s][info][gc,phases      ] GC(339)   Other: 0.23ms
[157.679s][info][gc,heap        ] GC(339) Eden regions: 257->0(258)
[157.679s][info][gc,heap        ] GC(339) Survivor regions: 17->17(35)
[157.679s][info][gc,heap        ] GC(339) Old regions: 629->629
[157.679s][info][gc,heap        ] GC(339) Humongous regions: 7->7
[157.679s][info][gc,metaspace   ] GC(339) Metaspace: 18271K(18432K)->18271K(18432K) NonClass: 16442K(16576K)->16442K(16576K) Class: 1828K(1856K)->1828K(1856K)
[157.679s][info][gc             ] GC(339) Pause Young (Concurrent Start) (G1 Evacuation Pause) 908M->650M(978M) 20.906ms
[157.679s][info][gc,cpu         ] GC(339) User=0.04s Sys=0.00s Real=0.02s
[157.679s][info][gc             ] GC(340) Concurrent Mark Cycle
[157.679s][info][gc,marking     ] GC(340) Concurrent Scan Root Regions
[157.712s][info][gc,marking     ] GC(340) Concurrent Scan Root Regions 33.294ms
[157.712s][info][gc,marking     ] GC(340) Concurrent Mark
[157.713s][info][gc,marking     ] GC(340) Concurrent Mark From Roots
[157.713s][info][gc,task        ] GC(340) Using 1 workers of 1 for marking
[158.633s][info][gc,start       ] GC(341) Pause Young (Normal) (G1 Evacuation Pause)
[158.633s][info][gc,task        ] GC(341) Using 2 workers of 2 for evacuation
[158.653s][info][gc,phases      ] GC(341)   Pre Evacuate Collection Set: 0.30ms
[158.653s][info][gc,phases      ] GC(341)   Merge Heap Roots: 0.19ms
[158.653s][info][gc,phases      ] GC(341)   Evacuate Collection Set: 19.04ms
[158.653s][info][gc,phases      ] GC(341)   Post Evacuate Collection Set: 0.51ms
[158.653s][info][gc,phases      ] GC(341)   Other: 0.11ms
[158.653s][info][gc,heap        ] GC(341) Eden regions: 258->0(258)
[158.653s][info][gc,heap        ] GC(341) Survivor regions: 17->17(35)
[158.653s][info][gc,heap        ] GC(341) Old regions: 629->629
[158.653s][info][gc,heap        ] GC(341) Humongous regions: 7->7
[158.653s][info][gc,metaspace   ] GC(341) Metaspace: 18271K(18432K)->18271K(18432K) NonClass: 16442K(16576K)->16442K(16576K) Class: 1828K(1856K)->1828K(1856K)
[158.653s][info][gc             ] GC(341) Pause Young (Normal) (G1 Evacuation Pause) 908M->650M(978M) 20.402ms
[158.653s][info][gc,cpu         ] GC(341) User=0.04s Sys=0.00s Real=0.02s
[159.612s][info][gc,marking     ] GC(340) Concurrent Mark From Roots 1899.475ms
[159.612s][info][gc,marking     ] GC(340) Concurrent Preclean
[159.612s][info][gc,marking     ] GC(340) Concurrent Preclean 0.038ms
[159.612s][info][gc,start       ] GC(340) Pause Remark
[159.619s][info][gc             ] GC(340) Pause Remark 892M->892M(978M) 6.843ms
[159.619s][info][gc,cpu         ] GC(340) User=0.01s Sys=0.00s Real=0.00s
[159.619s][info][gc,marking     ] GC(340) Concurrent Mark 1906.709ms
[159.619s][info][gc,marking     ] GC(340) Concurrent Rebuild Remembered Sets and Scrub Regions
[159.708s][info][gc,start       ] GC(342) Pause Young (Normal) (G1 Evacuation Pause)
[159.708s][info][gc,task        ] GC(342) Using 2 workers of 2 for evacuation
[159.728s][info][gc,phases      ] GC(342)   Pre Evacuate Collection Set: 0.30ms
[159.728s][info][gc,phases      ] GC(342)   Merge Heap Roots: 0.24ms
[159.728s][info][gc,phases      ] GC(342)   Evacuate Collection Set: 18.66ms
[159.728s][info][gc,phases      ] GC(342)   Post Evacuate Collection Set: 0.53ms
[159.728s][info][gc,phases      ] GC(342)   Other: 0.11ms
[159.728s][info][gc,heap        ] GC(342) Eden regions: 258->0(258)
[159.728s][info][gc,heap        ] GC(342) Survivor regions: 17->17(35)
[159.728s][info][gc,heap        ] GC(342) Old regions: 629->629
[159.728s][info][gc,heap        ] GC(342) Humongous regions: 7->7
[159.728s][info][gc,metaspace   ] GC(342) Metaspace: 18271K(18432K)->18271K(18432K) NonClass: 16442K(16576K)->16442K(16576K) Class: 1828K(1856K)->1828K(1856K)
[159.728s][info][gc             ] GC(342) Pause Young (Normal) (G1 Evacuation Pause) 908M->650M(978M) 20.107ms
[159.728s][info][gc,cpu         ] GC(342) User=0.04s Sys=0.00s Real=0.02s
[160.203s][info][gc,marking     ] GC(340) Concurrent Rebuild Remembered Sets and Scrub Regions 583.471ms
[160.203s][info][gc,start       ] GC(340) Pause Cleanup
[160.203s][info][gc             ] GC(340) Pause Cleanup 771M->771M(978M) 0.114ms
[160.203s][info][gc,cpu         ] GC(340) User=0.00s Sys=0.00s Real=0.00s
[160.205s][info][gc,marking     ] GC(340) Concurrent Clear Claimed Marks
[160.205s][info][gc,marking     ] GC(340) Concurrent Clear Claimed Marks 0.039ms
[160.205s][info][gc,marking     ] GC(340) Concurrent Cleanup for Next Mark
[160.208s][info][gc,marking     ] GC(340) Concurrent Cleanup for Next Mark 2.983ms
[160.209s][info][gc             ] GC(340) Concurrent Mark Cycle 2529.465ms
[160.318s][info][gc,start       ] GC(343) Pause Young (Prepare Mixed) (G1 Evacuation Pause)
[160.318s][info][gc,task        ] GC(343) Using 2 workers of 2 for evacuation
[160.382s][info][gc,phases      ] GC(343)   Pre Evacuate Collection Set: 0.30ms
[160.382s][info][gc,phases      ] GC(343)   Merge Heap Roots: 0.21ms
[160.382s][info][gc,phases      ] GC(343)   Evacuate Collection Set: 62.79ms
[160.382s][info][gc,phases      ] GC(343)   Post Evacuate Collection Set: 0.74ms
[160.382s][info][gc,phases      ] GC(343)   Other: 0.10ms
[160.382s][info][gc,heap        ] GC(343) Eden regions: 258->0(193)
[160.382s][info][gc,heap        ] GC(343) Survivor regions: 17->35(35)
[160.382s][info][gc,heap        ] GC(343) Old regions: 629->658
[160.382s][info][gc,heap        ] GC(343) Humongous regions: 7->7
[160.382s][info][gc,metaspace   ] GC(343) Metaspace: 18271K(18432K)->18271K(18432K) NonClass: 16442K(16576K)->16442K(16576K) Class: 1828K(1856K)->1828K(1856K)
[160.382s][info][gc             ] GC(343) Pause Young (Prepare Mixed) (G1 Evacuation Pause) 908M->698M(978M) 64.368ms
[160.382s][info][gc,cpu         ] GC(343) User=0.13s Sys=0.00s Real=0.07s
[160.603s][info][gc,start       ] GC(344) Pause Young (Mixed) (G1 Evacuation Pause)
[160.604s][info][gc,task        ] GC(344) Using 2 workers of 2 for evacuation
[160.709s][info][gc,phases      ] GC(344)   Pre Evacuate Collection Set: 0.49ms
[160.709s][info][gc,phases      ] GC(344)   Merge Heap Roots: 0.63ms
[160.709s][info][gc,phases      ] GC(344)   Evacuate Collection Set: 100.55ms
[160.709s][info][gc,phases      ] GC(344)   Post Evacuate Collection Set: 3.57ms
[160.709s][info][gc,phases      ] GC(344)   Other: 0.08ms
[160.709s][info][gc,heap        ] GC(344) Eden regions: 193->0(118)
[160.709s][info][gc,heap        ] GC(344) Survivor regions: 35->29(29)
[160.709s][info][gc,heap        ] GC(344) Old regions: 658->745
[160.709s][info][gc,heap        ] GC(344) Humongous regions: 7->7
[160.709s][info][gc,metaspace   ] GC(344) Metaspace: 18271K(18432K)->18271K(18432K) NonClass: 16442K(16576K)->16442K(16576K) Class: 1828K(1856K)->1828K(1856K)
[160.709s][info][gc             ] GC(344) Pause Young (Mixed) (G1 Evacuation Pause) (Evacuation Failure: Allocation) 891M->779M(978M) 105.574ms
[160.709s][info][gc,cpu         ] GC(344) User=0.21s Sys=0.01s Real=0.10s
[160.780s][info][gc,start       ] GC(345) Pause Young (Concurrent Start) (G1 Evacuation Pause)
[160.780s][info][gc,task        ] GC(345) Using 2 workers of 2 for evacuation
[160.852s][info][gc,phases      ] GC(345)   Pre Evacuate Collection Set: 0.50ms
[160.852s][info][gc,phases      ] GC(345)   Merge Heap Roots: 0.39ms
[160.852s][info][gc,phases      ] GC(345)   Evacuate Collection Set: 70.59ms
[160.852s][info][gc,phases      ] GC(345)   Post Evacuate Collection Set: 0.58ms
[160.852s][info][gc,phases      ] GC(345)   Other: 0.21ms
[160.852s][info][gc,heap        ] GC(345) Eden regions: 118->0(118)
[160.852s][info][gc,heap        ] GC(345) Survivor regions: 29->19(19)
[160.852s][info][gc,heap        ] GC(345) Old regions: 745->762
[160.852s][info][gc,heap        ] GC(345) Humongous regions: 7->7
[160.852s][info][gc,metaspace   ] GC(345) Metaspace: 18271K(18432K)->18271K(18432K) NonClass: 16442K(16576K)->16442K(16576K) Class: 1828K(1856K)->1828K(1856K)
[160.852s][info][gc             ] GC(345) Pause Young (Concurrent Start) (G1 Evacuation Pause) 897M->786M(978M) 72.551ms
[160.853s][info][gc,cpu         ] GC(345) User=0.15s Sys=0.00s Real=0.08s
[160.853s][info][gc             ] GC(346) Concurrent Mark Cycle
[160.853s][info][gc,marking     ] GC(346) Concurrent Scan Root Regions
[160.932s][info][gc,marking     ] GC(346) Concurrent Scan Root Regions 79.852ms
[160.932s][info][gc,marking     ] GC(346) Concurrent Mark
[160.933s][info][gc,marking     ] GC(346) Concurrent Mark From Roots
[160.933s][info][gc,task        ] GC(346) Using 1 workers of 1 for marking
[161.135s][info][gc,start       ] GC(347) Pause Young (Normal) (G1 Evacuation Pause)
[161.135s][info][gc,task        ] GC(347) Using 2 workers of 2 for evacuation
[161.185s][info][gc,phases      ] GC(347)   Pre Evacuate Collection Set: 0.49ms
[161.185s][info][gc,phases      ] GC(347)   Merge Heap Roots: 0.77ms
[161.185s][info][gc,phases      ] GC(347)   Evacuate Collection Set: 47.63ms
[161.185s][info][gc,phases      ] GC(347)   Post Evacuate Collection Set: 0.53ms
[161.185s][info][gc,phases      ] GC(347)   Other: 0.12ms
[161.185s][info][gc,heap        ] GC(347) Eden regions: 118->0(107)
[161.185s][info][gc,heap        ] GC(347) Survivor regions: 19->16(18)
[161.185s][info][gc,heap        ] GC(347) Old regions: 762->782
[161.185s][info][gc,heap        ] GC(347) Humongous regions: 7->7
[161.185s][info][gc,metaspace   ] GC(347) Metaspace: 18271K(18432K)->18271K(18432K) NonClass: 16442K(16576K)->16442K(16576K) Class: 1828K(1856K)->1828K(1856K)
[161.185s][info][gc             ] GC(347) Pause Young (Normal) (G1 Evacuation Pause) 904M->803M(978M) 49.775ms
[161.185s][info][gc,cpu         ] GC(347) User=0.10s Sys=0.00s Real=0.05s
[161.501s][info][gc,start       ] GC(348) Pause Young (Normal) (G1 Evacuation Pause)
[161.501s][info][gc,task        ] GC(348) Using 2 workers of 2 for evacuation
[161.569s][info][gc,phases      ] GC(348)   Pre Evacuate Collection Set: 0.48ms
[161.569s][info][gc,phases      ] GC(348)   Merge Heap Roots: 0.48ms
[161.569s][info][gc,phases      ] GC(348)   Evacuate Collection Set: 66.31ms
[161.569s][info][gc,phases      ] GC(348)   Post Evacuate Collection Set: 0.47ms
[161.569s][info][gc,phases      ] GC(348)   Other: 0.10ms
[161.569s][info][gc,heap        ] GC(348) Eden regions: 107->0(87)
[161.569s][info][gc,heap        ] GC(348) Survivor regions: 16->16(16)
[161.569s][info][gc,heap        ] GC(348) Old regions: 782->799
[161.569s][info][gc,heap        ] GC(348) Humongous regions: 10->10
[161.569s][info][gc,metaspace   ] GC(348) Metaspace: 18271K(18432K)->18271K(18432K) NonClass: 16442K(16576K)->16442K(16576K) Class: 1828K(1856K)->1828K(1856K)
[161.569s][info][gc             ] GC(348) Pause Young (Normal) (G1 Evacuation Pause) 913M->823M(978M) 68.136ms
[161.569s][info][gc,cpu         ] GC(348) User=0.14s Sys=0.00s Real=0.06s
[161.828s][info][gc,start       ] GC(349) Pause Young (Normal) (G1 Evacuation Pause)
[161.828s][info][gc,task        ] GC(349) Using 2 workers of 2 for evacuation
[161.853s][info][gc,phases      ] GC(349)   Pre Evacuate Collection Set: 0.35ms
[161.854s][info][gc,phases      ] GC(349)   Merge Heap Roots: 0.09ms
[161.854s][info][gc,phases      ] GC(349)   Evacuate Collection Set: 24.53ms
[161.854s][info][gc,phases      ] GC(349)   Post Evacuate Collection Set: 0.36ms
[161.854s][info][gc,phases      ] GC(349)   Other: 0.12ms
[161.854s][info][gc,heap        ] GC(349) Eden regions: 87->0(100)
[161.854s][info][gc,heap        ] GC(349) Survivor regions: 16->1(13)
[161.854s][info][gc,heap        ] GC(349) Old regions: 799->816
[161.854s][info][gc,heap        ] GC(349) Humongous regions: 10->10
[161.854s][info][gc,metaspace   ] GC(349) Metaspace: 18271K(18432K)->18271K(18432K) NonClass: 16442K(16576K)->16442K(16576K) Class: 1828K(1856K)->1828K(1856K)
[161.854s][info][gc             ] GC(349) Pause Young (Normal) (G1 Evacuation Pause) 910M->825M(978M) 25.741ms
[161.854s][info][gc,cpu         ] GC(349) User=0.05s Sys=0.00s Real=0.03s
[162.084s][info][gc,start       ] GC(350) Pause Young (Normal) (G1 Evacuation Pause)
[162.084s][info][gc,task        ] GC(350) Using 2 workers of 2 for evacuation
[162.086s][info][gc,phases      ] GC(350)   Pre Evacuate Collection Set: 0.53ms
[162.086s][info][gc,phases      ] GC(350)   Merge Heap Roots: 0.06ms
[162.086s][info][gc,phases      ] GC(350)   Evacuate Collection Set: 0.78ms
[162.086s][info][gc,phases      ] GC(350)   Post Evacuate Collection Set: 0.32ms
[162.086s][info][gc,phases      ] GC(350)   Other: 0.11ms
[162.086s][info][gc,heap        ] GC(350) Eden regions: 100->0(100)
[162.086s][info][gc,heap        ] GC(350) Survivor regions: 1->1(13)
[162.086s][info][gc,heap        ] GC(350) Old regions: 816->816
[162.086s][info][gc,heap        ] GC(350) Humongous regions: 10->10
[162.086s][info][gc,metaspace   ] GC(350) Metaspace: 18271K(18432K)->18271K(18432K) NonClass: 16442K(16576K)->16442K(16576K) Class: 1828K(1856K)->1828K(1856K)
[162.086s][info][gc             ] GC(350) Pause Young (Normal) (G1 Evacuation Pause) 925M->825M(978M) 2.000ms
[162.086s][info][gc,cpu         ] GC(350) User=0.00s Sys=0.00s Real=0.00s
[162.285s][info][gc,start       ] GC(351) Pause Young (Normal) (G1 Evacuation Pause)
[162.285s][info][gc,task        ] GC(351) Using 2 workers of 2 for evacuation
[162.287s][info][gc,phases      ] GC(351)   Pre Evacuate Collection Set: 0.30ms
[162.287s][info][gc,phases      ] GC(351)   Merge Heap Roots: 0.07ms
[162.287s][info][gc,phases      ] GC(351)   Evacuate Collection Set: 1.06ms
[162.287s][info][gc,phases      ] GC(351)   Post Evacuate Collection Set: 0.33ms
[162.287s][info][gc,phases      ] GC(351)   Other: 0.11ms
[162.287s][info][gc,heap        ] GC(351) Eden regions: 100->0(100)
[162.287s][info][gc,heap        ] GC(351) Survivor regions: 1->1(13)
[162.287s][info][gc,heap        ] GC(351) Old regions: 816->816
[162.287s][info][gc,heap        ] GC(351) Humongous regions: 10->10
[162.287s][info][gc,metaspace   ] GC(351) Metaspace: 18271K(18432K)->18271K(18432K) NonClass: 16442K(16576K)->16442K(16576K) Class: 1828K(1856K)->1828K(1856K)
[162.287s][info][gc             ] GC(351) Pause Young (Normal) (G1 Evacuation Pause) 925M->824M(978M) 2.092ms
[162.287s][info][gc,cpu         ] GC(351) User=0.00s Sys=0.00s Real=0.00s
[162.378s][info][gc,marking     ] GC(346) Concurrent Mark From Roots 1445.633ms
[162.378s][info][gc,marking     ] GC(346) Concurrent Preclean
[162.378s][info][gc,marking     ] GC(346) Concurrent Preclean 0.034ms
[162.378s][info][gc,start       ] GC(346) Pause Remark
[162.386s][info][gc             ] GC(346) Pause Remark 873M->657M(978M) 7.119ms
[162.386s][info][gc,cpu         ] GC(346) User=0.02s Sys=0.00s Real=0.01s
[162.386s][info][gc,marking     ] GC(346) Concurrent Mark 1453.961ms
[162.386s][info][gc,marking     ] GC(346) Concurrent Rebuild Remembered Sets and Scrub Regions
[162.485s][info][gc,start       ] GC(352) Pause Young (Normal) (G1 Evacuation Pause)
[162.485s][info][gc,task        ] GC(352) Using 2 workers of 2 for evacuation
[162.487s][info][gc,phases      ] GC(352)   Pre Evacuate Collection Set: 0.53ms
[162.487s][info][gc,phases      ] GC(352)   Merge Heap Roots: 0.07ms
[162.487s][info][gc,phases      ] GC(352)   Evacuate Collection Set: 1.07ms
[162.487s][info][gc,phases      ] GC(352)   Post Evacuate Collection Set: 0.33ms
[162.487s][info][gc,phases      ] GC(352)   Other: 0.11ms
[162.487s][info][gc,heap        ] GC(352) Eden regions: 100->0(273)
[162.487s][info][gc,heap        ] GC(352) Survivor regions: 1->1(13)
[162.487s][info][gc,heap        ] GC(352) Old regions: 602->602
[162.487s][info][gc,heap        ] GC(352) Humongous regions: 7->7
[162.487s][info][gc,metaspace   ] GC(352) Metaspace: 18271K(18432K)->18271K(18432K) NonClass: 16442K(16576K)->16442K(16576K) Class: 1828K(1856K)->1828K(1856K)
[162.487s][info][gc             ] GC(352) Pause Young (Normal) (G1 Evacuation Pause) 708M->608M(978M) 2.338ms
[162.487s][info][gc,cpu         ] GC(352) User=0.01s Sys=0.00s Real=0.00s
[162.950s][info][gc,start       ] GC(353) Pause Young (Normal) (G1 Evacuation Pause)
[162.950s][info][gc,task        ] GC(353) Using 2 workers of 2 for evacuation
[162.953s][info][gc,phases      ] GC(353)   Pre Evacuate Collection Set: 0.31ms
[162.953s][info][gc,phases      ] GC(353)   Merge Heap Roots: 0.13ms
[162.953s][info][gc,phases      ] GC(353)   Evacuate Collection Set: 1.90ms
[162.953s][info][gc,phases      ] GC(353)   Post Evacuate Collection Set: 0.48ms
[162.953s][info][gc,phases      ] GC(353)   Other: 0.09ms
[162.953s][info][gc,heap        ] GC(353) Eden regions: 273->0(288)
[162.953s][info][gc,heap        ] GC(353) Survivor regions: 1->1(35)
[162.953s][info][gc,heap        ] GC(353) Old regions: 602->602
[162.953s][info][gc,heap        ] GC(353) Humongous regions: 7->7
[162.953s][info][gc,metaspace   ] GC(353) Metaspace: 18271K(18432K)->18271K(18432K) NonClass: 16442K(16576K)->16442K(16576K) Class: 1828K(1856K)->1828K(1856K)
[162.953s][info][gc             ] GC(353) Pause Young (Normal) (G1 Evacuation Pause) 881M->608M(978M) 3.129ms
[162.953s][info][gc,cpu         ] GC(353) User=0.01s Sys=0.00s Real=0.01s
[162.994s][info][gc,marking     ] GC(346) Concurrent Rebuild Remembered Sets and Scrub Regions 607.630ms
[162.994s][info][gc,start       ] GC(346) Pause Cleanup
[162.994s][info][gc             ] GC(346) Pause Cleanup 632M->632M(978M) 0.150ms
[162.994s][info][gc,cpu         ] GC(346) User=0.00s Sys=0.00s Real=0.00s
[162.995s][info][gc,marking     ] GC(346) Concurrent Clear Claimed Marks
[162.995s][info][gc,marking     ] GC(346) Concurrent Clear Claimed Marks 0.043ms
[162.995s][info][gc,marking     ] GC(346) Concurrent Cleanup for Next Mark
[163.002s][info][gc,marking     ] GC(346) Concurrent Cleanup for Next Mark 7.277ms
[163.002s][info][gc             ] GC(346) Concurrent Mark Cycle 2149.947ms
[163.322s][info][gc,start       ] GC(354) Pause Young (Prepare Mixed) (G1 Evacuation Pause)
[163.323s][info][gc,task        ] GC(354) Using 2 workers of 2 for evacuation
[163.336s][info][gc,phases      ] GC(354)   Pre Evacuate Collection Set: 0.52ms
[163.336s][info][gc,phases      ] GC(354)   Merge Heap Roots: 0.24ms
[163.336s][info][gc,phases      ] GC(354)   Evacuate Collection Set: 12.10ms
[163.336s][info][gc,phases      ] GC(354)   Post Evacuate Collection Set: 0.54ms
[163.336s][info][gc,phases      ] GC(354)   Other: 0.12ms
[163.336s][info][gc,heap        ] GC(354) Eden regions: 288->0(297)
[163.336s][info][gc,heap        ] GC(354) Survivor regions: 1->5(37)
[163.336s][info][gc,heap        ] GC(354) Old regions: 602->602
[163.336s][info][gc,heap        ] GC(354) Humongous regions: 7->7
[163.336s][info][gc,metaspace   ] GC(354) Metaspace: 18271K(18432K)->18271K(18432K) NonClass: 16442K(16576K)->16442K(16576K) Class: 1828K(1856K)->1828K(1856K)
[163.336s][info][gc             ] GC(354) Pause Young (Prepare Mixed) (G1 Evacuation Pause) 896M->612M(978M) 13.787ms
[163.336s][info][gc,cpu         ] GC(354) User=0.03s Sys=0.00s Real=0.01s
[163.770s][info][gc,start       ] GC(355) Pause Young (Mixed) (G1 Evacuation Pause)
[163.770s][info][gc,task        ] GC(355) Using 2 workers of 2 for evacuation
[163.815s][info][gc,phases      ] GC(355)   Pre Evacuate Collection Set: 0.62ms
[163.815s][info][gc,phases      ] GC(355)   Merge Heap Roots: 0.46ms
[163.815s][info][gc,phases      ] GC(355)   Evacuate Collection Set: 43.28ms
[163.815s][info][gc,phases      ] GC(355)   Post Evacuate Collection Set: 0.66ms
[163.815s][info][gc,phases      ] GC(355)   Other: 0.11ms
[163.815s][info][gc,heap        ] GC(355) Eden regions: 297->0(308)
[163.815s][info][gc,heap        ] GC(355) Survivor regions: 5->21(38)
[163.815s][info][gc,heap        ] GC(355) Old regions: 602->566
[163.815s][info][gc,heap        ] GC(355) Humongous regions: 10->10
[163.815s][info][gc,metaspace   ] GC(355) Metaspace: 18271K(18432K)->18271K(18432K) NonClass: 16442K(16576K)->16442K(16576K) Class: 1828K(1856K)->1828K(1856K)
[163.815s][info][gc             ] GC(355) Pause Young (Mixed) (G1 Evacuation Pause) 912M->596M(978M) 45.399ms
[163.815s][info][gc,cpu         ] GC(355) User=0.09s Sys=0.00s Real=0.05s
[164.268s][info][gc,start       ] GC(356) Pause Young (Concurrent Start) (G1 Evacuation Pause)
[164.269s][info][gc,task        ] GC(356) Using 2 workers of 2 for evacuation
[164.314s][info][gc,phases      ] GC(356)   Pre Evacuate Collection Set: 0.29ms
[164.314s][info][gc,phases      ] GC(356)   Merge Heap Roots: 0.37ms
[164.314s][info][gc,phases      ] GC(356)   Evacuate Collection Set: 44.12ms
[164.314s][info][gc,phases      ] GC(356)   Post Evacuate Collection Set: 0.66ms
[164.314s][info][gc,phases      ] GC(356)   Other: 0.16ms
[164.314s][info][gc,heap        ] GC(356) Eden regions: 308->0(310)
[164.314s][info][gc,heap        ] GC(356) Survivor regions: 21->21(42)
[164.314s][info][gc,heap        ] GC(356) Old regions: 566->566
[164.314s][info][gc,heap        ] GC(356) Humongous regions: 10->10
[164.314s][info][gc,metaspace   ] GC(356) Metaspace: 18271K(18432K)->18271K(18432K) NonClass: 16442K(16576K)->16442K(16576K) Class: 1828K(1856K)->1828K(1856K)
[164.314s][info][gc             ] GC(356) Pause Young (Concurrent Start) (G1 Evacuation Pause) 904M->596M(978M) 45.855ms
[164.314s][info][gc,cpu         ] GC(356) User=0.10s Sys=0.00s Real=0.05s
[164.314s][info][gc             ] GC(357) Concurrent Mark Cycle
[164.314s][info][gc,marking     ] GC(357) Concurrent Scan Root Regions
[164.380s][info][gc,marking     ] GC(357) Concurrent Scan Root Regions 65.674ms
[164.380s][info][gc,marking     ] GC(357) Concurrent Mark
[164.380s][info][gc,marking     ] GC(357) Concurrent Mark From Roots
[164.380s][info][gc,task        ] GC(357) Using 1 workers of 1 for marking
[165.030s][info][gc,marking     ] GC(357) Concurrent Mark From Roots 650.251ms
[165.030s][info][gc,marking     ] GC(357) Concurrent Preclean
[165.031s][info][gc,marking     ] GC(357) Concurrent Preclean 0.039ms
[165.031s][info][gc,start       ] GC(357) Pause Remark
[165.038s][info][gc             ] GC(357) Pause Remark 812M->573M(978M) 7.194ms
[165.038s][info][gc,cpu         ] GC(357) User=0.01s Sys=0.00s Real=0.00s
[165.038s][info][gc,marking     ] GC(357) Concurrent Mark 657.822ms
[165.038s][info][gc,marking     ] GC(357) Concurrent Rebuild Remembered Sets and Scrub Regions
[165.228s][info][gc,start       ] GC(358) Pause Young (Normal) (G1 Evacuation Pause)
[165.228s][info][gc,task        ] GC(358) Using 2 workers of 2 for evacuation
[165.271s][info][gc,phases      ] GC(358)   Pre Evacuate Collection Set: 0.32ms
[165.271s][info][gc,phases      ] GC(358)   Merge Heap Roots: 0.55ms
[165.271s][info][gc,phases      ] GC(358)   Evacuate Collection Set: 41.52ms
[165.271s][info][gc,phases      ] GC(358)   Post Evacuate Collection Set: 0.68ms
[165.271s][info][gc,phases      ] GC(358)   Other: 0.09ms
[165.271s][info][gc,heap        ] GC(358) Eden regions: 310->0(529)
[165.271s][info][gc,heap        ] GC(358) Survivor regions: 21->21(42)
[165.271s][info][gc,heap        ] GC(358) Old regions: 333->333
[165.271s][info][gc,heap        ] GC(358) Humongous regions: 4->4
[165.271s][info][gc,metaspace   ] GC(358) Metaspace: 18271K(18432K)->18271K(18432K) NonClass: 16442K(16576K)->16442K(16576K) Class: 1828K(1856K)->1828K(1856K)
[165.271s][info][gc             ] GC(358) Pause Young (Normal) (G1 Evacuation Pause) 667M->357M(978M) 43.404ms
[165.271s][info][gc,cpu         ] GC(358) User=0.09s Sys=0.00s Real=0.05s
[165.312s][info][gc,marking     ] GC(357) Concurrent Rebuild Remembered Sets and Scrub Regions 274.451ms
[165.313s][info][gc,start       ] GC(357) Pause Cleanup
[165.313s][info][gc             ] GC(357) Pause Cleanup 377M->377M(978M) 0.190ms
[165.313s][info][gc,cpu         ] GC(357) User=0.00s Sys=0.00s Real=0.00s
[165.314s][info][gc,marking     ] GC(357) Concurrent Clear Claimed Marks
[165.314s][info][gc,marking     ] GC(357) Concurrent Clear Claimed Marks 0.034ms
[165.314s][info][gc,marking     ] GC(357) Concurrent Cleanup for Next Mark
[165.320s][info][gc,marking     ] GC(357) Concurrent Cleanup for Next Mark 6.614ms
[165.321s][info][gc             ] GC(357) Concurrent Mark Cycle 1006.208ms
[165.771s][info][gc,start       ] GC(359) Pause Young (Prepare Mixed) (G1 Evacuation Pause)
[165.771s][info][gc,task        ] GC(359) Using 2 workers of 2 for evacuation
[165.880s][info][gc,phases      ] GC(359)   Pre Evacuate Collection Set: 0.33ms
[165.880s][info][gc,phases      ] GC(359)   Merge Heap Roots: 0.62ms
[165.880s][info][gc,phases      ] GC(359)   Evacuate Collection Set: 106.72ms
[165.880s][info][gc,phases      ] GC(359)   Post Evacuate Collection Set: 0.90ms
[165.880s][info][gc,phases      ] GC(359)   Other: 0.15ms
[165.880s][info][gc,heap        ] GC(359) Eden regions: 529->0(450)
[165.880s][info][gc,heap        ] GC(359) Survivor regions: 21->69(69)
[165.880s][info][gc,heap        ] GC(359) Old regions: 333->336
[165.880s][info][gc,heap        ] GC(359) Humongous regions: 4->4
[165.880s][info][gc,metaspace   ] GC(359) Metaspace: 18271K(18432K)->18271K(18432K) NonClass: 16442K(16576K)->16442K(16576K) Class: 1828K(1856K)->1828K(1856K)
[165.880s][info][gc             ] GC(359) Pause Young (Prepare Mixed) (G1 Evacuation Pause) 886M->407M(978M) 108.991ms
[165.880s][info][gc,cpu         ] GC(359) User=0.22s Sys=0.00s Real=0.10s
[166.251s][info][gc,start       ] GC(360) Pause Young (Mixed) (G1 Evacuation Pause)
[166.251s][info][gc,task        ] GC(360) Using 2 workers of 2 for evacuation
[166.422s][info][gc,phases      ] GC(360)   Pre Evacuate Collection Set: 0.57ms
[166.422s][info][gc,phases      ] GC(360)   Merge Heap Roots: 1.05ms
[166.422s][info][gc,phases      ] GC(360)   Evacuate Collection Set: 168.74ms
[166.422s][info][gc,phases      ] GC(360)   Post Evacuate Collection Set: 0.79ms
[166.422s][info][gc,phases      ] GC(360)   Other: 0.10ms
[166.422s][info][gc,heap        ] GC(360) Eden regions: 450->0(471)
[166.422s][info][gc,heap        ] GC(360) Survivor regions: 69->44(65)
[166.422s][info][gc,heap        ] GC(360) Old regions: 336->319
[166.422s][info][gc,heap        ] GC(360) Humongous regions: 4->4
[166.422s][info][gc,metaspace   ] GC(360) Metaspace: 18271K(18432K)->18271K(18432K) NonClass: 16442K(16576K)->16442K(16576K) Class: 1828K(1856K)->1828K(1856K)
[166.422s][info][gc             ] GC(360) Pause Young (Mixed) (G1 Evacuation Pause) 857M->366M(978M) 171.559ms
[166.422s][info][gc,cpu         ] GC(360) User=0.34s Sys=0.00s Real=0.17s
[166.887s][info][gc,start       ] GC(361) Pause Young (Concurrent Start) (G1 Evacuation Pause)
[166.887s][info][gc,task        ] GC(361) Using 2 workers of 2 for evacuation
[166.974s][info][gc,phases      ] GC(361)   Pre Evacuate Collection Set: 0.37ms
[166.974s][info][gc,phases      ] GC(361)   Merge Heap Roots: 0.44ms
[166.974s][info][gc,phases      ] GC(361)   Evacuate Collection Set: 84.83ms
[166.974s][info][gc,phases      ] GC(361)   Post Evacuate Collection Set: 0.79ms
[166.974s][info][gc,phases      ] GC(361)   Other: 0.22ms
[166.974s][info][gc,heap        ] GC(361) Eden regions: 471->0(468)
[166.974s][info][gc,heap        ] GC(361) Survivor regions: 44->24(65)
[166.974s][info][gc,heap        ] GC(361) Old regions: 319->362
[166.974s][info][gc,heap        ] GC(361) Humongous regions: 4->4
[166.974s][info][gc,metaspace   ] GC(361) Metaspace: 18271K(18432K)->18271K(18432K) NonClass: 16442K(16576K)->16442K(16576K) Class: 1828K(1856K)->1828K(1856K)
[166.974s][info][gc             ] GC(361) Pause Young (Concurrent Start) (G1 Evacuation Pause) 837M->389M(978M) 86.923ms
[166.974s][info][gc,cpu         ] GC(361) User=0.17s Sys=0.00s Real=0.09s
[166.974s][info][gc             ] GC(362) Concurrent Mark Cycle
[166.974s][info][gc,marking     ] GC(362) Concurrent Scan Root Regions
[167.098s][info][gc,marking     ] GC(362) Concurrent Scan Root Regions 123.870ms
[167.098s][info][gc,marking     ] GC(362) Concurrent Mark
[167.098s][info][gc,marking     ] GC(362) Concurrent Mark From Roots
[167.098s][info][gc,task        ] GC(362) Using 1 workers of 1 for marking
[168.048s][info][gc,marking     ] GC(362) Concurrent Mark From Roots 950.414ms
[168.048s][info][gc,marking     ] GC(362) Concurrent Preclean
[168.048s][info][gc,marking     ] GC(362) Concurrent Preclean 0.044ms
[168.049s][info][gc,start       ] GC(362) Pause Remark
[168.056s][info][gc             ] GC(362) Pause Remark 727M->727M(978M) 7.555ms
[168.056s][info][gc,cpu         ] GC(362) User=0.01s Sys=0.01s Real=0.01s
[168.056s][info][gc,marking     ] GC(362) Concurrent Mark 958.335ms
[168.056s][info][gc,marking     ] GC(362) Concurrent Rebuild Remembered Sets and Scrub Regions
[168.513s][info][gc,marking     ] GC(362) Concurrent Rebuild Remembered Sets and Scrub Regions 456.345ms
[168.514s][info][gc,start       ] GC(362) Pause Cleanup
[168.514s][info][gc             ] GC(362) Pause Cleanup 847M->847M(978M) 0.127ms
[168.514s][info][gc,cpu         ] GC(362) User=0.00s Sys=0.00s Real=0.00s
[168.514s][info][gc,marking     ] GC(362) Concurrent Clear Claimed Marks
[168.514s][info][gc,marking     ] GC(362) Concurrent Clear Claimed Marks 0.028ms
[168.514s][info][gc,marking     ] GC(362) Concurrent Cleanup for Next Mark
[168.519s][info][gc,marking     ] GC(362) Concurrent Cleanup for Next Mark 5.054ms
[168.519s][info][gc             ] GC(362) Concurrent Mark Cycle 1545.149ms
[168.545s][info][gc,start       ] GC(363) Pause Young (Prepare Mixed) (G1 Evacuation Pause)
[168.545s][info][gc,task        ] GC(363) Using 2 workers of 2 for evacuation
[168.598s][info][gc,phases      ] GC(363)   Pre Evacuate Collection Set: 0.31ms
[168.599s][info][gc,phases      ] GC(363)   Merge Heap Roots: 0.48ms
[168.599s][info][gc,phases      ] GC(363)   Evacuate Collection Set: 51.82ms
[168.599s][info][gc,phases      ] GC(363)   Post Evacuate Collection Set: 0.85ms
[168.599s][info][gc,phases      ] GC(363)   Other: 0.12ms
[168.599s][info][gc,heap        ] GC(363) Eden regions: 468->0(466)
[168.599s][info][gc,heap        ] GC(363) Survivor regions: 24->40(62)
[168.599s][info][gc,heap        ] GC(363) Old regions: 362->362
[168.599s][info][gc,heap        ] GC(363) Humongous regions: 4->4
[168.599s][info][gc,metaspace   ] GC(363) Metaspace: 18271K(18432K)->18271K(18432K) NonClass: 16442K(16576K)->16442K(16576K) Class: 1828K(1856K)->1828K(1856K)
[168.599s][info][gc             ] GC(363) Pause Young (Prepare Mixed) (G1 Evacuation Pause) 857M->405M(978M) 53.808ms
[168.599s][info][gc,cpu         ] GC(363) User=0.10s Sys=0.00s Real=0.05s
[169.755s][info][gc,start       ] GC(364) Pause Young (Mixed) (G1 Evacuation Pause)
[169.755s][info][gc,task        ] GC(364) Using 2 workers of 2 for evacuation
[169.912s][info][gc,phases      ] GC(364)   Pre Evacuate Collection Set: 0.37ms
[169.912s][info][gc,phases      ] GC(364)   Merge Heap Roots: 0.47ms
[169.912s][info][gc,phases      ] GC(364)   Evacuate Collection Set: 66.08ms
[169.912s][info][gc,phases      ] GC(364)   Merge Optional Heap Roots: 0.58ms
[169.912s][info][gc,phases      ] GC(364)   Evacuate Optional Collection Set: 87.21ms
[169.912s][info][gc,phases      ] GC(364)   Post Evacuate Collection Set: 1.74ms
[169.912s][info][gc,phases      ] GC(364)   Other: 0.13ms
[169.912s][info][gc,heap        ] GC(364) Eden regions: 466->0(477)
[169.912s][info][gc,heap        ] GC(364) Survivor regions: 40->25(64)
[169.912s][info][gc,heap        ] GC(364) Old regions: 362->376
[169.912s][info][gc,heap        ] GC(364) Humongous regions: 4->4
[169.912s][info][gc,metaspace   ] GC(364) Metaspace: 18271K(18432K)->18271K(18432K) NonClass: 16442K(16576K)->16442K(16576K) Class: 1828K(1856K)->1828K(1856K)
[169.912s][info][gc             ] GC(364) Pause Young (Mixed) (G1 Evacuation Pause) 871M->404M(978M) 156.840ms
[169.912s][info][gc,cpu         ] GC(364) User=0.30s Sys=0.00s Real=0.16s
[170.629s][info][gc,start       ] GC(365) Pause Young (Concurrent Start) (G1 Evacuation Pause)
[170.629s][info][gc,task        ] GC(365) Using 2 workers of 2 for evacuation
[170.833s][info][gc,mmu         ] GC(365) MMU target violated: 201.0ms (200.0ms/201.0ms)
[170.833s][info][gc,phases      ] GC(365)   Pre Evacuate Collection Set: 0.32ms
[170.833s][info][gc,phases      ] GC(365)   Merge Heap Roots: 0.51ms
[170.833s][info][gc,phases      ] GC(365)   Evacuate Collection Set: 179.07ms
[170.833s][info][gc,phases      ] GC(365)   Post Evacuate Collection Set: 23.88ms
[170.833s][info][gc,phases      ] GC(365)   Other: 0.24ms
[170.833s][info][gc,heap        ] GC(365) Eden regions: 477->0(131)
[170.833s][info][gc,heap        ] GC(365) Survivor regions: 25->63(63)
[170.833s][info][gc,heap        ] GC(365) Old regions: 376->667
[170.833s][info][gc,heap        ] GC(365) Humongous regions: 4->4
[170.833s][info][gc,metaspace   ] GC(365) Metaspace: 18272K(18432K)->18272K(18432K) NonClass: 16443K(16576K)->16443K(16576K) Class: 1828K(1856K)->1828K(1856K)
[170.833s][info][gc             ] GC(365) Pause Young (Concurrent Start) (G1 Evacuation Pause) (Evacuation Failure: Allocation) 881M->733M(978M) 204.232ms
[170.833s][info][gc,cpu         ] GC(365) User=0.41s Sys=0.00s Real=0.21s
[170.833s][info][gc             ] GC(366) Concurrent Mark Cycle
[170.833s][info][gc,marking     ] GC(366) Concurrent Scan Root Regions
[171.013s][info][gc,marking     ] GC(366) Concurrent Scan Root Regions 179.249ms
[171.013s][info][gc,marking     ] GC(366) Concurrent Mark
[171.013s][info][gc,marking     ] GC(366) Concurrent Mark From Roots
[171.013s][info][gc,task        ] GC(366) Using 1 workers of 1 for marking
[171.314s][info][gc,start       ] GC(367) Pause Young (Normal) (G1 Evacuation Pause)
[171.314s][info][gc,task        ] GC(367) Using 2 workers of 2 for evacuation
[171.453s][info][gc,phases      ] GC(367)   Pre Evacuate Collection Set: 0.42ms
[171.454s][info][gc,phases      ] GC(367)   Merge Heap Roots: 1.25ms
[171.454s][info][gc,phases      ] GC(367)   Evacuate Collection Set: 136.38ms
[171.454s][info][gc,phases      ] GC(367)   Post Evacuate Collection Set: 0.86ms
[171.454s][info][gc,phases      ] GC(367)   Other: 0.10ms
[171.454s][info][gc,heap        ] GC(367) Eden regions: 131->0(285)
[171.454s][info][gc,heap        ] GC(367) Survivor regions: 63->14(25)
[171.454s][info][gc,heap        ] GC(367) Old regions: 667->600
[171.454s][info][gc,heap        ] GC(367) Humongous regions: 4->4
[171.454s][info][gc,metaspace   ] GC(367) Metaspace: 18272K(18432K)->18272K(18432K) NonClass: 16443K(16576K)->16443K(16576K) Class: 1828K(1856K)->1828K(1856K)
[171.454s][info][gc             ] GC(367) Pause Young (Normal) (G1 Evacuation Pause) 864M->617M(978M) 139.282ms
[171.454s][info][gc,cpu         ] GC(367) User=0.28s Sys=0.00s Real=0.14s
[172.061s][info][gc,start       ] GC(368) Pause Young (Normal) (G1 Evacuation Pause)
[172.061s][info][gc,task        ] GC(368) Using 2 workers of 2 for evacuation
[172.274s][info][gc,mmu         ] GC(368) MMU target violated: 201.0ms (200.0ms/201.0ms)
[172.274s][info][gc,phases      ] GC(368)   Pre Evacuate Collection Set: 0.61ms
[172.274s][info][gc,phases      ] GC(368)   Merge Heap Roots: 0.93ms
[172.274s][info][gc,phases      ] GC(368)   Evacuate Collection Set: 187.06ms
[172.274s][info][gc,phases      ] GC(368)   Post Evacuate Collection Set: 24.11ms
[172.274s][info][gc,phases      ] GC(368)   Other: 0.23ms
[172.274s][info][gc,heap        ] GC(368) Eden regions: 285->0(17)
[172.274s][info][gc,heap        ] GC(368) Survivor regions: 14->38(38)
[172.274s][info][gc,heap        ] GC(368) Old regions: 600->825
[172.274s][info][gc,heap        ] GC(368) Humongous regions: 10->10
[172.274s][info][gc,metaspace   ] GC(368) Metaspace: 18272K(18432K)->18272K(18432K) NonClass: 16443K(16576K)->16443K(16576K) Class: 1828K(1856K)->1828K(1856K)
[172.274s][info][gc             ] GC(368) Pause Young (Normal) (G1 Evacuation Pause) (Evacuation Failure: Allocation) 908M->872M(978M) 213.151ms
[172.274s][info][gc,cpu         ] GC(368) User=0.42s Sys=0.00s Real=0.21s
[172.302s][info][gc,start       ] GC(369) Pause Young (Normal) (G1 Evacuation Pause)
[172.302s][info][gc,task        ] GC(369) Using 2 workers of 2 for evacuation
[172.443s][info][gc,phases      ] GC(369)   Pre Evacuate Collection Set: 0.46ms
[172.444s][info][gc,phases      ] GC(369)   Merge Heap Roots: 3.56ms
[172.444s][info][gc,phases      ] GC(369)   Evacuate Collection Set: 96.73ms
[172.444s][info][gc,phases      ] GC(369)   Merge Optional Heap Roots: 0.19ms
[172.444s][info][gc,phases      ] GC(369)   Evacuate Optional Collection Set: 38.64ms
[172.444s][info][gc,phases      ] GC(369)   Post Evacuate Collection Set: 1.42ms
[172.444s][info][gc,phases      ] GC(369)   Other: 0.22ms
[172.444s][info][gc,heap        ] GC(369) Eden regions: 10->0(236)
[172.444s][info][gc,heap        ] GC(369) Survivor regions: 38->1(6)
[172.444s][info][gc,heap        ] GC(369) Old regions: 825->651
[172.444s][info][gc,heap        ] GC(369) Humongous regions: 10->10
[172.444s][info][gc,metaspace   ] GC(369) Metaspace: 18272K(18432K)->18272K(18432K) NonClass: 16443K(16576K)->16443K(16576K) Class: 1828K(1856K)->1828K(1856K)
[172.444s][info][gc             ] GC(369) Pause Young (Normal) (G1 Evacuation Pause) 882M->661M(978M) 141.484ms
[172.444s][info][gc,cpu         ] GC(369) User=0.27s Sys=0.00s Real=0.14s
[172.685s][info][gc,marking     ] GC(366) Concurrent Mark From Roots 1671.977ms
[172.685s][info][gc,marking     ] GC(366) Concurrent Preclean
[172.685s][info][gc,marking     ] GC(366) Concurrent Preclean 0.030ms
[172.685s][info][gc,start       ] GC(366) Pause Remark
[172.692s][info][gc             ] GC(366) Pause Remark 737M->737M(978M) 7.364ms
[172.692s][info][gc,cpu         ] GC(366) User=0.01s Sys=0.00s Real=0.01s
[172.694s][info][gc,marking     ] GC(366) Concurrent Mark 1681.614ms
[172.694s][info][gc,marking     ] GC(366) Concurrent Rebuild Remembered Sets and Scrub Regions
[173.056s][info][gc,start       ] GC(370) Pause Young (Normal) (G1 Evacuation Pause)
[173.056s][info][gc,task        ] GC(370) Using 2 workers of 2 for evacuation
[173.118s][info][gc,phases      ] GC(370)   Pre Evacuate Collection Set: 0.33ms
[173.118s][info][gc,phases      ] GC(370)   Merge Heap Roots: 1.03ms
[173.118s][info][gc,phases      ] GC(370)   Evacuate Collection Set: 59.99ms
[173.118s][info][gc,phases      ] GC(370)   Post Evacuate Collection Set: 0.56ms
[173.118s][info][gc,phases      ] GC(370)   Other: 0.09ms
[173.118s][info][gc,heap        ] GC(370) Eden regions: 236->0(239)
[173.118s][info][gc,heap        ] GC(370) Survivor regions: 1->13(30)
[173.118s][info][gc,heap        ] GC(370) Old regions: 651->637
[173.118s][info][gc,heap        ] GC(370) Humongous regions: 13->13
[173.118s][info][gc,metaspace   ] GC(370) Metaspace: 18272K(18432K)->18272K(18432K) NonClass: 16443K(16576K)->16443K(16576K) Class: 1828K(1856K)->1828K(1856K)
[173.118s][info][gc             ] GC(370) Pause Young (Normal) (G1 Evacuation Pause) 900M->661M(978M) 62.274ms
[173.118s][info][gc,cpu         ] GC(370) User=0.13s Sys=0.00s Real=0.06s
[173.454s][info][gc,marking     ] GC(366) Concurrent Rebuild Remembered Sets and Scrub Regions 759.517ms
[173.455s][info][gc,start       ] GC(366) Pause Cleanup
[173.455s][info][gc             ] GC(366) Pause Cleanup 797M->797M(978M) 0.155ms
[173.455s][info][gc,cpu         ] GC(366) User=0.00s Sys=0.00s Real=0.00s
[173.455s][info][gc,marking     ] GC(366) Concurrent Clear Claimed Marks
[173.455s][info][gc,marking     ] GC(366) Concurrent Clear Claimed Marks 0.043ms
[173.455s][info][gc,marking     ] GC(366) Concurrent Cleanup for Next Mark
[173.460s][info][gc,marking     ] GC(366) Concurrent Cleanup for Next Mark 5.035ms
[173.460s][info][gc             ] GC(366) Concurrent Mark Cycle 2627.054ms
[173.626s][info][gc,start       ] GC(371) Pause Young (Prepare Mixed) (G1 Evacuation Pause)
[173.626s][info][gc,task        ] GC(371) Using 2 workers of 2 for evacuation
[173.653s][info][gc,phases      ] GC(371)   Pre Evacuate Collection Set: 0.33ms
[173.653s][info][gc,phases      ] GC(371)   Merge Heap Roots: 0.28ms
[173.653s][info][gc,phases      ] GC(371)   Evacuate Collection Set: 25.24ms
[173.653s][info][gc,phases      ] GC(371)   Post Evacuate Collection Set: 0.58ms
[173.653s][info][gc,phases      ] GC(371)   Other: 0.12ms
[173.653s][info][gc,heap        ] GC(371) Eden regions: 239->0(252)
[173.653s][info][gc,heap        ] GC(371) Survivor regions: 13->13(32)
[173.653s][info][gc,heap        ] GC(371) Old regions: 637->637
[173.653s][info][gc,heap        ] GC(371) Humongous regions: 13->13
[173.653s][info][gc,metaspace   ] GC(371) Metaspace: 18272K(18432K)->18272K(18432K) NonClass: 16443K(16576K)->16443K(16576K) Class: 1828K(1856K)->1828K(1856K)
[173.653s][info][gc             ] GC(371) Pause Young (Prepare Mixed) (G1 Evacuation Pause) 900M->661M(978M) 26.859ms
[173.653s][info][gc,cpu         ] GC(371) User=0.05s Sys=0.00s Real=0.03s
[174.072s][info][gc,start       ] GC(372) Pause Young (Mixed) (G1 Evacuation Pause)
[174.072s][info][gc,task        ] GC(372) Using 2 workers of 2 for evacuation
[174.120s][info][gc,phases      ] GC(372)   Pre Evacuate Collection Set: 0.60ms
[174.120s][info][gc,phases      ] GC(372)   Merge Heap Roots: 0.56ms
[174.120s][info][gc,phases      ] GC(372)   Evacuate Collection Set: 46.63ms
[174.120s][info][gc,phases      ] GC(372)   Post Evacuate Collection Set: 0.72ms
[174.120s][info][gc,phases      ] GC(372)   Other: 0.13ms
[174.120s][info][gc,heap        ] GC(372) Eden regions: 252->0(260)
[174.120s][info][gc,heap        ] GC(372) Survivor regions: 13->13(34)
[174.120s][info][gc,heap        ] GC(372) Old regions: 637->629
[174.120s][info][gc,heap        ] GC(372) Humongous regions: 13->13
[174.120s][info][gc,metaspace   ] GC(372) Metaspace: 18272K(18432K)->18272K(18432K) NonClass: 16443K(16576K)->16443K(16576K) Class: 1828K(1856K)->1828K(1856K)
[174.120s][info][gc             ] GC(372) Pause Young (Mixed) (G1 Evacuation Pause) 913M->653M(978M) 48.937ms
[174.120s][info][gc,cpu         ] GC(372) User=0.10s Sys=0.00s Real=0.05s
[174.548s][info][gc,start       ] GC(373) Pause Young (Concurrent Start) (G1 Evacuation Pause)
[174.548s][info][gc,task        ] GC(373) Using 2 workers of 2 for evacuation
[174.573s][info][gc,phases      ] GC(373)   Pre Evacuate Collection Set: 0.34ms
[174.573s][info][gc,phases      ] GC(373)   Merge Heap Roots: 0.18ms
[174.573s][info][gc,phases      ] GC(373)   Evacuate Collection Set: 23.85ms
[174.573s][info][gc,phases      ] GC(373)   Post Evacuate Collection Set: 0.56ms
[174.573s][info][gc,phases      ] GC(373)   Other: 0.15ms
[174.573s][info][gc,heap        ] GC(373) Eden regions: 260->0(260)
[174.573s][info][gc,heap        ] GC(373) Survivor regions: 13->13(35)
[174.573s][info][gc,heap        ] GC(373) Old regions: 629->629
[174.573s][info][gc,heap        ] GC(373) Humongous regions: 13->13
[174.573s][info][gc,metaspace   ] GC(373) Metaspace: 18272K(18432K)->18272K(18432K) NonClass: 16443K(16576K)->16443K(16576K) Class: 1828K(1856K)->1828K(1856K)
[174.573s][info][gc             ] GC(373) Pause Young (Concurrent Start) (G1 Evacuation Pause) 913M->653M(978M) 25.375ms
[174.573s][info][gc             ] GC(374) Concurrent Mark Cycle
[174.573s][info][gc,marking     ] GC(374) Concurrent Scan Root Regions
[174.574s][info][gc,cpu         ] GC(373) User=0.04s Sys=0.00s Real=0.03s
[174.618s][info][gc,marking     ] GC(374) Concurrent Scan Root Regions 44.728ms
[174.618s][info][gc,marking     ] GC(374) Concurrent Mark
[174.618s][info][gc,marking     ] GC(374) Concurrent Mark From Roots
[174.618s][info][gc,task        ] GC(374) Using 1 workers of 1 for marking
[175.504s][info][gc,start       ] GC(375) Pause Young (Normal) (G1 Evacuation Pause)
[175.504s][info][gc,task        ] GC(375) Using 2 workers of 2 for evacuation
[175.528s][info][gc,phases      ] GC(375)   Pre Evacuate Collection Set: 0.52ms
[175.528s][info][gc,phases      ] GC(375)   Merge Heap Roots: 0.18ms
[175.528s][info][gc,phases      ] GC(375)   Evacuate Collection Set: 22.79ms
[175.528s][info][gc,phases      ] GC(375)   Post Evacuate Collection Set: 0.54ms
[175.528s][info][gc,phases      ] GC(375)   Other: 0.11ms
[175.528s][info][gc,heap        ] GC(375) Eden regions: 260->0(262)
[175.528s][info][gc,heap        ] GC(375) Survivor regions: 13->12(35)
[175.528s][info][gc,heap        ] GC(375) Old regions: 629->629
[175.528s][info][gc,heap        ] GC(375) Humongous regions: 13->13
[175.528s][info][gc,metaspace   ] GC(375) Metaspace: 18272K(18432K)->18272K(18432K) NonClass: 16443K(16576K)->16443K(16576K) Class: 1828K(1856K)->1828K(1856K)
[175.528s][info][gc             ] GC(375) Pause Young (Normal) (G1 Evacuation Pause) 913M->653M(978M) 24.416ms
[175.528s][info][gc,cpu         ] GC(375) User=0.05s Sys=0.01s Real=0.02s
[176.223s][info][gc,start       ] GC(376) Pause Young (Normal) (G1 Evacuation Pause)
[176.223s][info][gc,task        ] GC(376) Using 2 workers of 2 for evacuation
[176.274s][info][gc,phases      ] GC(376)   Pre Evacuate Collection Set: 0.30ms
[176.274s][info][gc,phases      ] GC(376)   Merge Heap Roots: 0.20ms
[176.274s][info][gc,phases      ] GC(376)   Evacuate Collection Set: 49.72ms
[176.274s][info][gc,phases      ] GC(376)   Post Evacuate Collection Set: 0.50ms
[176.274s][info][gc,phases      ] GC(376)   Other: 0.08ms
[176.274s][info][gc,heap        ] GC(376) Eden regions: 262->0(214)
[176.274s][info][gc,heap        ] GC(376) Survivor regions: 12->35(35)
[176.274s][info][gc,heap        ] GC(376) Old regions: 629->631
[176.274s][info][gc,heap        ] GC(376) Humongous regions: 13->13
[176.274s][info][gc,metaspace   ] GC(376) Metaspace: 18272K(18432K)->18272K(18432K) NonClass: 16443K(16576K)->16443K(16576K) Class: 1828K(1856K)->1828K(1856K)
[176.274s][info][gc             ] GC(376) Pause Young (Normal) (G1 Evacuation Pause) 915M->678M(978M) 51.081ms
[176.274s][info][gc,cpu         ] GC(376) User=0.10s Sys=0.01s Real=0.05s
[176.277s][info][gc,marking     ] GC(374) Concurrent Mark From Roots 1658.990ms
[176.277s][info][gc,marking     ] GC(374) Concurrent Preclean
[176.277s][info][gc,marking     ] GC(374) Concurrent Preclean 0.046ms
[176.278s][info][gc,start       ] GC(374) Pause Remark
[176.285s][info][gc             ] GC(374) Pause Remark 679M->594M(978M) 7.083ms
[176.285s][info][gc,cpu         ] GC(374) User=0.02s Sys=0.00s Real=0.01s
[176.285s][info][gc,marking     ] GC(374) Concurrent Mark 1667.206ms
[176.286s][info][gc,marking     ] GC(374) Concurrent Rebuild Remembered Sets and Scrub Regions
[176.608s][info][gc,start       ] GC(377) Pause Young (Normal) (G1 Evacuation Pause)
[176.608s][info][gc,task        ] GC(377) Using 2 workers of 2 for evacuation
[176.664s][info][gc,phases      ] GC(377)   Pre Evacuate Collection Set: 0.32ms
[176.664s][info][gc,phases      ] GC(377)   Merge Heap Roots: 0.22ms
[176.664s][info][gc,phases      ] GC(377)   Evacuate Collection Set: 54.62ms
[176.664s][info][gc,phases      ] GC(377)   Post Evacuate Collection Set: 0.50ms
[176.664s][info][gc,phases      ] GC(377)   Other: 0.10ms
[176.664s][info][gc,heap        ] GC(377) Eden regions: 214->0(318)
[176.664s][info][gc,heap        ] GC(377) Survivor regions: 35->8(32)
[176.664s][info][gc,heap        ] GC(377) Old regions: 552->587
[176.664s][info][gc,heap        ] GC(377) Humongous regions: 7->7
[176.664s][info][gc,metaspace   ] GC(377) Metaspace: 18272K(18432K)->18272K(18432K) NonClass: 16443K(16576K)->16443K(16576K) Class: 1828K(1856K)->1828K(1856K)
[176.664s][info][gc             ] GC(377) Pause Young (Normal) (G1 Evacuation Pause) 807M->601M(978M) 56.010ms
[176.664s][info][gc,cpu         ] GC(377) User=0.11s Sys=0.00s Real=0.06s
[176.743s][info][gc,marking     ] GC(374) Concurrent Rebuild Remembered Sets and Scrub Regions 457.519ms
[176.743s][info][gc,start       ] GC(374) Pause Cleanup
[176.743s][info][gc             ] GC(374) Pause Cleanup 648M->648M(978M) 0.196ms
[176.743s][info][gc,cpu         ] GC(374) User=0.00s Sys=0.00s Real=0.00s
[176.744s][info][gc,marking     ] GC(374) Concurrent Clear Claimed Marks
[176.744s][info][gc,marking     ] GC(374) Concurrent Clear Claimed Marks 0.026ms
[176.744s][info][gc,marking     ] GC(374) Concurrent Cleanup for Next Mark
[176.747s][info][gc,marking     ] GC(374) Concurrent Cleanup for Next Mark 3.047ms
[176.747s][info][gc             ] GC(374) Concurrent Mark Cycle 2173.169ms
[177.041s][info][gc,start       ] GC(378) Pause Young (Prepare Mixed) (G1 Evacuation Pause)
[177.041s][info][gc,task        ] GC(378) Using 2 workers of 2 for evacuation
[177.067s][info][gc,phases      ] GC(378)   Pre Evacuate Collection Set: 0.33ms
[177.067s][info][gc,phases      ] GC(378)   Merge Heap Roots: 0.23ms
[177.067s][info][gc,phases      ] GC(378)   Evacuate Collection Set: 24.65ms
[177.067s][info][gc,phases      ] GC(378)   Post Evacuate Collection Set: 0.57ms
[177.067s][info][gc,phases      ] GC(378)   Other: 0.11ms
[177.067s][info][gc,heap        ] GC(378) Eden regions: 318->0(300)
[177.067s][info][gc,heap        ] GC(378) Survivor regions: 8->17(41)
[177.067s][info][gc,heap        ] GC(378) Old regions: 587->587
[177.067s][info][gc,heap        ] GC(378) Humongous regions: 7->7
[177.067s][info][gc,metaspace   ] GC(378) Metaspace: 18272K(18432K)->18272K(18432K) NonClass: 16443K(16576K)->16443K(16576K) Class: 1828K(1856K)->1828K(1856K)
[177.067s][info][gc             ] GC(378) Pause Young (Prepare Mixed) (G1 Evacuation Pause) 919M->610M(978M) 26.152ms
[177.067s][info][gc,cpu         ] GC(378) User=0.05s Sys=0.00s Real=0.02s
[177.717s][info][gc,start       ] GC(379) Pause Young (Mixed) (G1 Evacuation Pause)
[177.717s][info][gc,task        ] GC(379) Using 2 workers of 2 for evacuation
[177.755s][info][gc,phases      ] GC(379)   Pre Evacuate Collection Set: 0.34ms
[177.755s][info][gc,phases      ] GC(379)   Merge Heap Roots: 0.39ms
[177.755s][info][gc,phases      ] GC(379)   Evacuate Collection Set: 35.46ms
[177.755s][info][gc,phases      ] GC(379)   Post Evacuate Collection Set: 0.71ms
[177.755s][info][gc,phases      ] GC(379)   Other: 0.10ms
[177.755s][info][gc,heap        ] GC(379) Eden regions: 300->0(364)
[177.755s][info][gc,heap        ] GC(379) Survivor regions: 17->19(40)
[177.755s][info][gc,heap        ] GC(379) Old regions: 587->519
[177.755s][info][gc,heap        ] GC(379) Humongous regions: 7->7
[177.755s][info][gc,metaspace   ] GC(379) Metaspace: 18272K(18432K)->18272K(18432K) NonClass: 16443K(16576K)->16443K(16576K) Class: 1828K(1856K)->1828K(1856K)
[177.755s][info][gc             ] GC(379) Pause Young (Mixed) (G1 Evacuation Pause) 910M->544M(978M) 37.307ms
[177.755s][info][gc,cpu         ] GC(379) User=0.07s Sys=0.00s Real=0.04s
[178.479s][info][gc,start       ] GC(380) Pause Young (Concurrent Start) (G1 Evacuation Pause)
[178.479s][info][gc,task        ] GC(380) Using 2 workers of 2 for evacuation
[178.520s][info][gc,phases      ] GC(380)   Pre Evacuate Collection Set: 0.33ms
[178.520s][info][gc,phases      ] GC(380)   Merge Heap Roots: 0.24ms
[178.520s][info][gc,phases      ] GC(380)   Evacuate Collection Set: 39.75ms
[178.520s][info][gc,phases      ] GC(380)   Post Evacuate Collection Set: 0.69ms
[178.520s][info][gc,phases      ] GC(380)   Other: 0.14ms
[178.520s][info][gc,heap        ] GC(380) Eden regions: 364->0(336)
[178.520s][info][gc,heap        ] GC(380) Survivor regions: 19->33(48)
[178.520s][info][gc,heap        ] GC(380) Old regions: 519->519
[178.520s][info][gc,heap        ] GC(380) Humongous regions: 7->7
[178.520s][info][gc,metaspace   ] GC(380) Metaspace: 18272K(18432K)->18272K(18432K) NonClass: 16443K(16576K)->16443K(16576K) Class: 1828K(1856K)->1828K(1856K)
[178.520s][info][gc             ] GC(380) Pause Young (Concurrent Start) (G1 Evacuation Pause) 908M->558M(978M) 41.459ms
[178.521s][info][gc             ] GC(381) Concurrent Mark Cycle
[178.521s][info][gc,marking     ] GC(381) Concurrent Scan Root Regions
[178.521s][info][gc,cpu         ] GC(380) User=0.08s Sys=0.01s Real=0.05s
[178.593s][info][gc,marking     ] GC(381) Concurrent Scan Root Regions 72.358ms
[178.593s][info][gc,marking     ] GC(381) Concurrent Mark
[178.593s][info][gc,marking     ] GC(381) Concurrent Mark From Roots
[178.593s][info][gc,task        ] GC(381) Using 1 workers of 1 for marking
[179.458s][info][gc,start       ] GC(382) Pause Young (Normal) (G1 Evacuation Pause)
[179.458s][info][gc,task        ] GC(382) Using 2 workers of 2 for evacuation
[179.548s][info][gc,phases      ] GC(382)   Pre Evacuate Collection Set: 0.35ms
[179.548s][info][gc,phases      ] GC(382)   Merge Heap Roots: 0.21ms
[179.548s][info][gc,phases      ] GC(382)   Evacuate Collection Set: 88.75ms
[179.548s][info][gc,phases      ] GC(382)   Post Evacuate Collection Set: 0.90ms
[179.548s][info][gc,phases      ] GC(382)   Other: 0.13ms
[179.548s][info][gc,heap        ] GC(382) Eden regions: 336->0(272)
[179.548s][info][gc,heap        ] GC(382) Survivor regions: 33->47(47)
[179.548s][info][gc,heap        ] GC(382) Old regions: 519->555
[179.548s][info][gc,heap        ] GC(382) Humongous regions: 7->7
[179.548s][info][gc,metaspace   ] GC(382) Metaspace: 18272K(18432K)->18272K(18432K) NonClass: 16443K(16576K)->16443K(16576K) Class: 1828K(1856K)->1828K(1856K)
[179.548s][info][gc             ] GC(382) Pause Young (Normal) (G1 Evacuation Pause) 894M->608M(978M) 90.664ms
[179.548s][info][gc,cpu         ] GC(382) User=0.18s Sys=0.00s Real=0.09s
[180.368s][info][gc,marking     ] GC(381) Concurrent Mark From Roots 1775.310ms
[180.368s][info][gc,marking     ] GC(381) Concurrent Preclean
[180.368s][info][gc,marking     ] GC(381) Concurrent Preclean 0.053ms
[180.369s][info][gc,start       ] GC(381) Pause Remark
[180.376s][info][gc             ] GC(381) Pause Remark 816M->816M(978M) 7.632ms
[180.376s][info][gc,cpu         ] GC(381) User=0.02s Sys=0.00s Real=0.01s
[180.378s][info][gc,marking     ] GC(381) Concurrent Mark 1785.444ms
[180.378s][info][gc,marking     ] GC(381) Concurrent Rebuild Remembered Sets and Scrub Regions
[180.514s][info][gc,start       ] GC(383) Pause Young (Normal) (G1 Evacuation Pause)
[180.514s][info][gc,task        ] GC(383) Using 2 workers of 2 for evacuation
[180.601s][info][gc,phases      ] GC(383)   Pre Evacuate Collection Set: 0.34ms
[180.601s][info][gc,phases      ] GC(383)   Merge Heap Roots: 0.45ms
[180.601s][info][gc,phases      ] GC(383)   Evacuate Collection Set: 85.38ms
[180.601s][info][gc,phases      ] GC(383)   Post Evacuate Collection Set: 0.81ms
[180.601s][info][gc,phases      ] GC(383)   Other: 0.13ms
[180.601s][info][gc,heap        ] GC(383) Eden regions: 272->0(266)
[180.601s][info][gc,heap        ] GC(383) Survivor regions: 47->19(40)
[180.601s][info][gc,heap        ] GC(383) Old regions: 555->603
[180.601s][info][gc,heap        ] GC(383) Humongous regions: 10->10
[180.601s][info][gc,metaspace   ] GC(383) Metaspace: 18273K(18432K)->18273K(18432K) NonClass: 16444K(16576K)->16444K(16576K) Class: 1828K(1856K)->1828K(1856K)
[180.601s][info][gc             ] GC(383) Pause Young (Normal) (G1 Evacuation Pause) 883M->630M(978M) 87.377ms
[180.601s][info][gc,cpu         ] GC(383) User=0.17s Sys=0.00s Real=0.09s
[181.173s][info][gc,marking     ] GC(381) Concurrent Rebuild Remembered Sets and Scrub Regions 794.851ms
[181.174s][info][gc,start       ] GC(381) Pause Cleanup
[181.174s][info][gc             ] GC(381) Pause Cleanup 862M->862M(978M) 0.134ms
[181.174s][info][gc,cpu         ] GC(381) User=0.00s Sys=0.00s Real=0.00s
[181.174s][info][gc,marking     ] GC(381) Concurrent Clear Claimed Marks
[181.174s][info][gc,marking     ] GC(381) Concurrent Clear Claimed Marks 0.033ms
[181.174s][info][gc,marking     ] GC(381) Concurrent Cleanup for Next Mark
[181.180s][info][gc,marking     ] GC(381) Concurrent Cleanup for Next Mark 6.671ms
[181.181s][info][gc             ] GC(381) Concurrent Mark Cycle 2659.982ms
[181.232s][info][gc,start       ] GC(384) Pause Young (Prepare Mixed) (G1 Evacuation Pause)
[181.232s][info][gc,task        ] GC(384) Using 2 workers of 2 for evacuation
[181.277s][info][gc,phases      ] GC(384)   Pre Evacuate Collection Set: 0.34ms
[181.277s][info][gc,phases      ] GC(384)   Merge Heap Roots: 0.55ms
[181.277s][info][gc,phases      ] GC(384)   Evacuate Collection Set: 42.68ms
[181.277s][info][gc,phases      ] GC(384)   Post Evacuate Collection Set: 0.68ms
[181.277s][info][gc,phases      ] GC(384)   Other: 0.09ms
[181.277s][info][gc,heap        ] GC(384) Eden regions: 266->0(281)
[181.277s][info][gc,heap        ] GC(384) Survivor regions: 19->1(36)
[181.277s][info][gc,heap        ] GC(384) Old regions: 603->621
[181.277s][info][gc,heap        ] GC(384) Humongous regions: 10->10
[181.277s][info][gc,metaspace   ] GC(384) Metaspace: 18273K(18432K)->18273K(18432K) NonClass: 16444K(16576K)->16444K(16576K) Class: 1828K(1856K)->1828K(1856K)
[181.277s][info][gc             ] GC(384) Pause Young (Prepare Mixed) (G1 Evacuation Pause) 896M->631M(978M) 44.613ms
[181.277s][info][gc,cpu         ] GC(384) User=0.08s Sys=0.00s Real=0.04s
[181.727s][info][gc,start       ] GC(385) Pause Young (Mixed) (G1 Evacuation Pause)
[181.727s][info][gc,task        ] GC(385) Using 2 workers of 2 for evacuation
[181.844s][info][gc,phases      ] GC(385)   Pre Evacuate Collection Set: 0.57ms
[181.844s][info][gc,phases      ] GC(385)   Merge Heap Roots: 0.75ms
[181.844s][info][gc,phases      ] GC(385)   Evacuate Collection Set: 114.41ms
[181.844s][info][gc,phases      ] GC(385)   Post Evacuate Collection Set: 0.52ms
[181.844s][info][gc,phases      ] GC(385)   Other: 0.09ms
[181.844s][info][gc,heap        ] GC(385) Eden regions: 281->0(302)
[181.844s][info][gc,heap        ] GC(385) Survivor regions: 1->1(36)
[181.844s][info][gc,heap        ] GC(385) Old regions: 621->613
[181.844s][info][gc,heap        ] GC(385) Humongous regions: 10->10
[181.844s][info][gc,metaspace   ] GC(385) Metaspace: 18273K(18432K)->18273K(18432K) NonClass: 16444K(16576K)->16444K(16576K) Class: 1828K(1856K)->1828K(1856K)
[181.844s][info][gc             ] GC(385) Pause Young (Mixed) (G1 Evacuation Pause) 912M->623M(978M) 116.628ms
[181.844s][info][gc,cpu         ] GC(385) User=0.23s Sys=0.00s Real=0.12s
[182.222s][info][gc,start       ] GC(386) Pause Young (Concurrent Start) (G1 Evacuation Pause)
[182.223s][info][gc,task        ] GC(386) Using 2 workers of 2 for evacuation
[182.275s][info][gc,phases      ] GC(386)   Pre Evacuate Collection Set: 0.36ms
[182.275s][info][gc,phases      ] GC(386)   Merge Heap Roots: 0.34ms
[182.275s][info][gc,phases      ] GC(386)   Evacuate Collection Set: 50.52ms
[182.275s][info][gc,phases      ] GC(386)   Post Evacuate Collection Set: 0.63ms
[182.275s][info][gc,phases      ] GC(386)   Other: 0.22ms
[182.275s][info][gc,heap        ] GC(386) Eden regions: 302->0(237)
[182.275s][info][gc,heap        ] GC(386) Survivor regions: 1->34(38)
[182.275s][info][gc,heap        ] GC(386) Old regions: 613->613
[182.275s][info][gc,heap        ] GC(386) Humongous regions: 10->10
[182.275s][info][gc,metaspace   ] GC(386) Metaspace: 18273K(18432K)->18273K(18432K) NonClass: 16444K(16576K)->16444K(16576K) Class: 1828K(1856K)->1828K(1856K)
[182.275s][info][gc             ] GC(386) Pause Young (Concurrent Start) (G1 Evacuation Pause) 925M->656M(978M) 52.320ms
[182.275s][info][gc             ] GC(387) Concurrent Mark Cycle
[182.275s][info][gc,marking     ] GC(387) Concurrent Scan Root Regions
[182.275s][info][gc,cpu         ] GC(386) User=0.10s Sys=0.00s Real=0.05s
[182.352s][info][gc,marking     ] GC(387) Concurrent Scan Root Regions 77.475ms
[182.352s][info][gc,marking     ] GC(387) Concurrent Mark
[182.352s][info][gc,marking     ] GC(387) Concurrent Mark From Roots
[182.352s][info][gc,task        ] GC(387) Using 1 workers of 1 for marking
[182.728s][info][gc,start       ] GC(388) Pause Young (Normal) (G1 Evacuation Pause)
[182.728s][info][gc,task        ] GC(388) Using 2 workers of 2 for evacuation
[182.823s][info][gc,phases      ] GC(388)   Pre Evacuate Collection Set: 0.30ms
[182.823s][info][gc,phases      ] GC(388)   Merge Heap Roots: 0.35ms
[182.823s][info][gc,phases      ] GC(388)   Evacuate Collection Set: 93.42ms
[182.823s][info][gc,phases      ] GC(388)   Post Evacuate Collection Set: 0.58ms
[182.823s][info][gc,phases      ] GC(388)   Other: 0.11ms
[182.823s][info][gc,heap        ] GC(388) Eden regions: 237->0(195)
[182.823s][info][gc,heap        ] GC(388) Survivor regions: 34->34(34)
[182.823s][info][gc,heap        ] GC(388) Old regions: 613->655
[182.823s][info][gc,heap        ] GC(388) Humongous regions: 10->10
[182.823s][info][gc,metaspace   ] GC(388) Metaspace: 18273K(18432K)->18273K(18432K) NonClass: 16444K(16576K)->16444K(16576K) Class: 1828K(1856K)->1828K(1856K)
[182.823s][info][gc             ] GC(388) Pause Young (Normal) (G1 Evacuation Pause) 893M->698M(978M) 95.096ms
[182.823s][info][gc,cpu         ] GC(388) User=0.19s Sys=0.00s Real=0.10s
[183.063s][info][gc,start       ] GC(389) Pause Young (Normal) (G1 Evacuation Pause)
[183.063s][info][gc,task        ] GC(389) Using 2 workers of 2 for evacuation
[183.142s][info][gc,phases      ] GC(389)   Pre Evacuate Collection Set: 0.30ms
[183.142s][info][gc,phases      ] GC(389)   Merge Heap Roots: 0.28ms
[183.142s][info][gc,phases      ] GC(389)   Evacuate Collection Set: 77.38ms
[183.142s][info][gc,phases      ] GC(389)   Post Evacuate Collection Set: 0.52ms
[183.142s][info][gc,phases      ] GC(389)   Other: 0.12ms
[183.142s][info][gc,heap        ] GC(389) Eden regions: 195->0(172)
[183.142s][info][gc,heap        ] GC(389) Survivor regions: 34->28(29)
[183.142s][info][gc,heap        ] GC(389) Old regions: 655->690
[183.142s][info][gc,heap        ] GC(389) Humongous regions: 10->10
[183.142s][info][gc,metaspace   ] GC(389) Metaspace: 18273K(18432K)->18273K(18432K) NonClass: 16444K(16576K)->16444K(16576K) Class: 1828K(1856K)->1828K(1856K)
[183.142s][info][gc             ] GC(389) Pause Young (Normal) (G1 Evacuation Pause) 893M->727M(978M) 78.851ms
[183.142s][info][gc,cpu         ] GC(389) User=0.16s Sys=0.00s Real=0.08s
[183.282s][info][gc,start       ] GC(390) Pause Young (Normal) (G1 Evacuation Pause)
[183.282s][info][gc,task        ] GC(390) Using 2 workers of 2 for evacuation
[183.325s][info][gc,phases      ] GC(390)   Pre Evacuate Collection Set: 0.30ms
[183.325s][info][gc,phases      ] GC(390)   Merge Heap Roots: 0.24ms
[183.325s][info][gc,phases      ] GC(390)   Evacuate Collection Set: 41.96ms
[183.325s][info][gc,phases      ] GC(390)   Post Evacuate Collection Set: 0.45ms
[183.325s][info][gc,phases      ] GC(390)   Other: 0.08ms
[183.325s][info][gc,heap        ] GC(390) Eden regions: 172->0(179)
[183.325s][info][gc,heap        ] GC(390) Survivor regions: 28->6(25)
[183.325s][info][gc,heap        ] GC(390) Old regions: 690->718
[183.325s][info][gc,heap        ] GC(390) Humongous regions: 10->10
[183.325s][info][gc,metaspace   ] GC(390) Metaspace: 18273K(18432K)->18273K(18432K) NonClass: 16444K(16576K)->16444K(16576K) Class: 1828K(1856K)->1828K(1856K)
[183.325s][info][gc             ] GC(390) Pause Young (Normal) (G1 Evacuation Pause) 899M->732M(978M) 43.271ms
[183.325s][info][gc,cpu         ] GC(390) User=0.09s Sys=0.00s Real=0.04s
[183.537s][info][gc,start       ] GC(391) Pause Young (Normal) (G1 Evacuation Pause)
[183.537s][info][gc,task        ] GC(391) Using 2 workers of 2 for evacuation
[183.561s][info][gc,phases      ] GC(391)   Pre Evacuate Collection Set: 0.52ms
[183.562s][info][gc,phases      ] GC(391)   Merge Heap Roots: 0.32ms
[183.562s][info][gc,phases      ] GC(391)   Evacuate Collection Set: 23.42ms
[183.562s][info][gc,phases      ] GC(391)   Post Evacuate Collection Set: 0.46ms
[183.562s][info][gc,phases      ] GC(391)   Other: 0.10ms
[183.562s][info][gc,heap        ] GC(391) Eden regions: 179->0(180)
[183.562s][info][gc,heap        ] GC(391) Survivor regions: 6->10(24)
[183.562s][info][gc,heap        ] GC(391) Old regions: 718->718
[183.562s][info][gc,heap        ] GC(391) Humongous regions: 10->10
[183.562s][info][gc,metaspace   ] GC(391) Metaspace: 18273K(18432K)->18273K(18432K) NonClass: 16444K(16576K)->16444K(16576K) Class: 1828K(1856K)->1828K(1856K)
[183.562s][info][gc             ] GC(391) Pause Young (Normal) (G1 Evacuation Pause) 911M->736M(978M) 25.051ms
[183.562s][info][gc,cpu         ] GC(391) User=0.05s Sys=0.00s Real=0.03s
[183.792s][info][gc,start       ] GC(392) Pause Young (Normal) (G1 Evacuation Pause)
[183.792s][info][gc,task        ] GC(392) Using 2 workers of 2 for evacuation
[183.813s][info][gc,phases      ] GC(392)   Pre Evacuate Collection Set: 0.62ms
[183.813s][info][gc,phases      ] GC(392)   Merge Heap Roots: 0.26ms
[183.813s][info][gc,phases      ] GC(392)   Evacuate Collection Set: 19.54ms
[183.813s][info][gc,phases      ] GC(392)   Post Evacuate Collection Set: 0.44ms
[183.813s][info][gc,phases      ] GC(392)   Other: 0.11ms
[183.813s][info][gc,heap        ] GC(392) Eden regions: 180->0(178)
[183.813s][info][gc,heap        ] GC(392) Survivor regions: 10->11(24)
[183.813s][info][gc,heap        ] GC(392) Old regions: 718->718
[183.813s][info][gc,heap        ] GC(392) Humongous regions: 10->10
[183.813s][info][gc,metaspace   ] GC(392) Metaspace: 18273K(18432K)->18273K(18432K) NonClass: 16444K(16576K)->16444K(16576K) Class: 1828K(1856K)->1828K(1856K)
[183.813s][info][gc             ] GC(392) Pause Young (Normal) (G1 Evacuation Pause) 916M->737M(978M) 21.260ms
[183.813s][info][gc,cpu         ] GC(392) User=0.05s Sys=0.00s Real=0.02s
[184.053s][info][gc,start       ] GC(393) Pause Young (Normal) (G1 Evacuation Pause)
[184.054s][info][gc,task        ] GC(393) Using 2 workers of 2 for evacuation
[184.095s][info][gc,phases      ] GC(393)   Pre Evacuate Collection Set: 0.31ms
[184.095s][info][gc,phases      ] GC(393)   Merge Heap Roots: 0.31ms
[184.095s][info][gc,phases      ] GC(393)   Evacuate Collection Set: 39.65ms
[184.095s][info][gc,phases      ] GC(393)   Post Evacuate Collection Set: 0.52ms
[184.095s][info][gc,phases      ] GC(393)   Other: 0.13ms
[184.095s][info][gc,heap        ] GC(393) Eden regions: 178->0(152)
[184.095s][info][gc,heap        ] GC(393) Survivor regions: 11->24(24)
[184.095s][info][gc,heap        ] GC(393) Old regions: 718->718
[184.095s][info][gc,heap        ] GC(393) Humongous regions: 10->10
[184.095s][info][gc,metaspace   ] GC(393) Metaspace: 18273K(18432K)->18273K(18432K) NonClass: 16444K(16576K)->16444K(16576K) Class: 1828K(1856K)->1828K(1856K)
[184.095s][info][gc             ] GC(393) Pause Young (Normal) (G1 Evacuation Pause) 915M->751M(978M) 41.247ms
[184.095s][info][gc,cpu         ] GC(393) User=0.08s Sys=0.00s Real=0.04s
[184.174s][info][gc,marking     ] GC(387) Concurrent Mark From Roots 1821.197ms
[184.174s][info][gc,marking     ] GC(387) Concurrent Preclean
[184.174s][info][gc,marking     ] GC(387) Concurrent Preclean 0.037ms
[184.174s][info][gc,start       ] GC(387) Pause Remark
[184.181s][info][gc             ] GC(387) Pause Remark 784M->693M(978M) 7.522ms
[184.181s][info][gc,cpu         ] GC(387) User=0.01s Sys=0.00s Real=0.01s
[184.181s][info][gc,marking     ] GC(387) Concurrent Mark 1829.096ms
[184.182s][info][gc,marking     ] GC(387) Concurrent Rebuild Remembered Sets and Scrub Regions
[184.404s][info][gc,start       ] GC(394) Pause Young (Normal) (G1 Evacuation Pause)
[184.404s][info][gc,task        ] GC(394) Using 2 workers of 2 for evacuation
[184.444s][info][gc,phases      ] GC(394)   Pre Evacuate Collection Set: 0.55ms
[184.444s][info][gc,phases      ] GC(394)   Merge Heap Roots: 0.29ms
[184.444s][info][gc,phases      ] GC(394)   Evacuate Collection Set: 38.85ms
[184.444s][info][gc,phases      ] GC(394)   Post Evacuate Collection Set: 0.48ms
[184.444s][info][gc,phases      ] GC(394)   Other: 0.11ms
[184.444s][info][gc,heap        ] GC(394) Eden regions: 152->0(265)
[184.444s][info][gc,heap        ] GC(394) Survivor regions: 24->1(22)
[184.444s][info][gc,heap        ] GC(394) Old regions: 630->653
[184.444s][info][gc,heap        ] GC(394) Humongous regions: 7->7
[184.444s][info][gc,metaspace   ] GC(394) Metaspace: 18273K(18432K)->18273K(18432K) NonClass: 16444K(16576K)->16444K(16576K) Class: 1828K(1856K)->1828K(1856K)
[184.444s][info][gc             ] GC(394) Pause Young (Normal) (G1 Evacuation Pause) 812M->660M(978M) 40.543ms
[184.444s][info][gc,cpu         ] GC(394) User=0.08s Sys=0.00s Real=0.04s
[184.959s][info][gc,marking     ] GC(387) Concurrent Rebuild Remembered Sets and Scrub Regions 777.063ms
[184.959s][info][gc,start       ] GC(387) Pause Cleanup
[184.959s][info][gc             ] GC(387) Pause Cleanup 876M->876M(978M) 0.146ms
[184.959s][info][gc,cpu         ] GC(387) User=0.00s Sys=0.00s Real=0.00s
[184.960s][info][gc,marking     ] GC(387) Concurrent Clear Claimed Marks
[184.960s][info][gc,marking     ] GC(387) Concurrent Clear Claimed Marks 0.041ms
[184.960s][info][gc,marking     ] GC(387) Concurrent Cleanup for Next Mark
[184.966s][info][gc,marking     ] GC(387) Concurrent Cleanup for Next Mark 6.735ms
[184.967s][info][gc             ] GC(387) Concurrent Mark Cycle 2691.717ms
[185.137s][info][gc,start       ] GC(395) Pause Young (Prepare Mixed) (G1 Evacuation Pause)
[185.137s][info][gc,task        ] GC(395) Using 2 workers of 2 for evacuation
[185.162s][info][gc,phases      ] GC(395)   Pre Evacuate Collection Set: 0.29ms
[185.162s][info][gc,phases      ] GC(395)   Merge Heap Roots: 0.23ms
[185.162s][info][gc,phases      ] GC(395)   Evacuate Collection Set: 24.01ms
[185.162s][info][gc,phases      ] GC(395)   Post Evacuate Collection Set: 0.57ms
[185.162s][info][gc,phases      ] GC(395)   Other: 0.09ms
[185.162s][info][gc,heap        ] GC(395) Eden regions: 265->0(232)
[185.162s][info][gc,heap        ] GC(395) Survivor regions: 1->18(34)
[185.162s][info][gc,heap        ] GC(395) Old regions: 653->653
[185.162s][info][gc,heap        ] GC(395) Humongous regions: 7->7
[185.162s][info][gc,metaspace   ] GC(395) Metaspace: 18275K(18432K)->18275K(18432K) NonClass: 16446K(16576K)->16446K(16576K) Class: 1828K(1856K)->1828K(1856K)
[185.162s][info][gc             ] GC(395) Pause Young (Prepare Mixed) (G1 Evacuation Pause) 925M->677M(978M) 25.418ms
[185.162s][info][gc,cpu         ] GC(395) User=0.05s Sys=0.00s Real=0.03s
[185.609s][info][gc,start       ] GC(396) Pause Young (Mixed) (G1 Evacuation Pause)
[185.609s][info][gc,task        ] GC(396) Using 2 workers of 2 for evacuation
[185.671s][info][gc,phases      ] GC(396)   Pre Evacuate Collection Set: 0.34ms
[185.671s][info][gc,phases      ] GC(396)   Merge Heap Roots: 0.62ms
[185.671s][info][gc,phases      ] GC(396)   Evacuate Collection Set: 54.52ms
[185.671s][info][gc,phases      ] GC(396)   Merge Optional Heap Roots: 0.32ms
[185.671s][info][gc,phases      ] GC(396)   Evacuate Optional Collection Set: 5.30ms
[185.671s][info][gc,phases      ] GC(396)   Post Evacuate Collection Set: 0.70ms
[185.671s][info][gc,phases      ] GC(396)   Other: 0.10ms
[185.671s][info][gc,heap        ] GC(396) Eden regions: 232->0(265)
[185.671s][info][gc,heap        ] GC(396) Survivor regions: 18->11(32)
[185.671s][info][gc,heap        ] GC(396) Old regions: 653->634
[185.671s][info][gc,heap        ] GC(396) Humongous regions: 7->7
[185.671s][info][gc,metaspace   ] GC(396) Metaspace: 18275K(18432K)->18275K(18432K) NonClass: 16446K(16576K)->16446K(16576K) Class: 1828K(1856K)->1828K(1856K)
[185.671s][info][gc             ] GC(396) Pause Young (Mixed) (G1 Evacuation Pause) 909M->650M(978M) 62.189ms
[185.671s][info][gc,cpu         ] GC(396) User=0.12s Sys=0.00s Real=0.07s
[186.072s][info][gc,start       ] GC(397) Pause Young (Mixed) (G1 Evacuation Pause)
[186.072s][info][gc,task        ] GC(397) Using 2 workers of 2 for evacuation
[186.196s][info][gc,phases      ] GC(397)   Pre Evacuate Collection Set: 0.51ms
[186.196s][info][gc,phases      ] GC(397)   Merge Heap Roots: 0.44ms
[186.196s][info][gc,phases      ] GC(397)   Evacuate Collection Set: 112.01ms
[186.196s][info][gc,phases      ] GC(397)   Post Evacuate Collection Set: 10.76ms
[186.196s][info][gc,phases      ] GC(397)   Other: 0.13ms
[186.196s][info][gc,heap        ] GC(397) Eden regions: 265->0(76)
[186.196s][info][gc,heap        ] GC(397) Survivor regions: 11->35(35)
[186.196s][info][gc,heap        ] GC(397) Old regions: 634->775
[186.196s][info][gc,heap        ] GC(397) Humongous regions: 7->7
[186.196s][info][gc,metaspace   ] GC(397) Metaspace: 18288K(18432K)->18288K(18432K) NonClass: 16459K(16576K)->16459K(16576K) Class: 1828K(1856K)->1828K(1856K)
[186.196s][info][gc             ] GC(397) Pause Young (Mixed) (G1 Evacuation Pause) (Evacuation Failure: Allocation) 915M->816M(978M) 124.130ms
[186.196s][info][gc,cpu         ] GC(397) User=0.25s Sys=0.00s Real=0.12s
[186.377s][info][gc,start       ] GC(398) Pause Young (Concurrent Start) (G1 Evacuation Pause)
[186.377s][info][gc,task        ] GC(398) Using 2 workers of 2 for evacuation
[186.451s][info][gc,phases      ] GC(398)   Pre Evacuate Collection Set: 0.41ms
[186.451s][info][gc,phases      ] GC(398)   Merge Heap Roots: 0.54ms
[186.451s][info][gc,phases      ] GC(398)   Evacuate Collection Set: 71.73ms
[186.451s][info][gc,phases      ] GC(398)   Post Evacuate Collection Set: 0.57ms
[186.451s][info][gc,phases      ] GC(398)   Other: 0.11ms
[186.451s][info][gc,heap        ] GC(398) Eden regions: 76->0(193)
[186.451s][info][gc,heap        ] GC(398) Survivor regions: 35->1(14)
[186.451s][info][gc,heap        ] GC(398) Old regions: 775->723
[186.451s][info][gc,heap        ] GC(398) Humongous regions: 7->7
[186.451s][info][gc,metaspace   ] GC(398) Metaspace: 18288K(18432K)->18288K(18432K) NonClass: 16459K(16576K)->16459K(16576K) Class: 1828K(1856K)->1828K(1856K)
[186.451s][info][gc             ] GC(398) Pause Young (Concurrent Start) (G1 Evacuation Pause) 892M->730M(978M) 73.663ms
[186.451s][info][gc             ] GC(399) Concurrent Mark Cycle
[186.451s][info][gc,marking     ] GC(399) Concurrent Scan Root Regions
[186.451s][info][gc,cpu         ] GC(398) User=0.15s Sys=0.00s Real=0.08s
[186.540s][info][gc,marking     ] GC(399) Concurrent Scan Root Regions 88.647ms
[186.540s][info][gc,marking     ] GC(399) Concurrent Mark
[186.540s][info][gc,marking     ] GC(399) Concurrent Mark From Roots
[186.540s][info][gc,task        ] GC(399) Using 1 workers of 1 for marking
[186.934s][info][gc,start       ] GC(400) Pause Young (Normal) (G1 Evacuation Pause)
[186.934s][info][gc,task        ] GC(400) Using 2 workers of 2 for evacuation
[186.938s][info][gc,phases      ] GC(400)   Pre Evacuate Collection Set: 0.32ms
[186.938s][info][gc,phases      ] GC(400)   Merge Heap Roots: 0.16ms
[186.938s][info][gc,phases      ] GC(400)   Evacuate Collection Set: 2.88ms
[186.938s][info][gc,phases      ] GC(400)   Post Evacuate Collection Set: 0.46ms
[186.938s][info][gc,phases      ] GC(400)   Other: 0.08ms
[186.938s][info][gc,heap        ] GC(400) Eden regions: 193->0(196)
[186.938s][info][gc,heap        ] GC(400) Survivor regions: 1->1(25)
[186.938s][info][gc,heap        ] GC(400) Old regions: 723->723
[186.938s][info][gc,heap        ] GC(400) Humongous regions: 7->7
[186.938s][info][gc,metaspace   ] GC(400) Metaspace: 18288K(18432K)->18288K(18432K) NonClass: 16459K(16576K)->16459K(16576K) Class: 1828K(1856K)->1828K(1856K)
[186.938s][info][gc             ] GC(400) Pause Young (Normal) (G1 Evacuation Pause) 923M->730M(978M) 4.116ms
[186.938s][info][gc,cpu         ] GC(400) User=0.01s Sys=0.00s Real=0.00s
[187.483s][info][gc,start       ] GC(401) Pause Young (Normal) (G1 Evacuation Pause)
[187.483s][info][gc,task        ] GC(401) Using 2 workers of 2 for evacuation
[187.489s][info][gc,phases      ] GC(401)   Pre Evacuate Collection Set: 0.36ms
[187.489s][info][gc,phases      ] GC(401)   Merge Heap Roots: 0.17ms
[187.489s][info][gc,phases      ] GC(401)   Evacuate Collection Set: 4.56ms
[187.489s][info][gc,phases      ] GC(401)   Post Evacuate Collection Set: 0.44ms
[187.489s][info][gc,phases      ] GC(401)   Other: 0.11ms
[187.489s][info][gc,heap        ] GC(401) Eden regions: 196->0(194)
[187.489s][info][gc,heap        ] GC(401) Survivor regions: 1->2(25)
[187.489s][info][gc,heap        ] GC(401) Old regions: 723->723
[187.489s][info][gc,heap        ] GC(401) Humongous regions: 7->7
[187.489s][info][gc,metaspace   ] GC(401) Metaspace: 18288K(18432K)->18288K(18432K) NonClass: 16459K(16576K)->16459K(16576K) Class: 1828K(1856K)->1828K(1856K)
[187.489s][info][gc             ] GC(401) Pause Young (Normal) (G1 Evacuation Pause) 926M->731M(978M) 5.911ms
[187.489s][info][gc,cpu         ] GC(401) User=0.01s Sys=0.00s Real=0.00s
[187.767s][info][gc,start       ] GC(402) Pause Young (Normal) (G1 Evacuation Pause)
[187.767s][info][gc,task        ] GC(402) Using 2 workers of 2 for evacuation
[187.777s][info][gc,phases      ] GC(402)   Pre Evacuate Collection Set: 0.29ms
[187.777s][info][gc,phases      ] GC(402)   Merge Heap Roots: 0.19ms
[187.777s][info][gc,phases      ] GC(402)   Evacuate Collection Set: 8.21ms
[187.777s][info][gc,phases      ] GC(402)   Post Evacuate Collection Set: 0.46ms
[187.777s][info][gc,phases      ] GC(402)   Other: 0.13ms
[187.777s][info][gc,heap        ] GC(402) Eden regions: 194->0(190)
[187.777s][info][gc,heap        ] GC(402) Survivor regions: 2->4(25)
[187.777s][info][gc,heap        ] GC(402) Old regions: 723->723
[187.777s][info][gc,heap        ] GC(402) Humongous regions: 7->7
[187.777s][info][gc,metaspace   ] GC(402) Metaspace: 18288K(18432K)->18288K(18432K) NonClass: 16459K(16576K)->16459K(16576K) Class: 1828K(1856K)->1828K(1856K)
[187.777s][info][gc             ] GC(402) Pause Young (Normal) (G1 Evacuation Pause) 925M->733M(978M) 9.556ms
[187.777s][info][gc,cpu         ] GC(402) User=0.02s Sys=0.00s Real=0.01s
[188.373s][info][gc,start       ] GC(403) Pause Young (Normal) (G1 Evacuation Pause)
[188.373s][info][gc,task        ] GC(403) Using 2 workers of 2 for evacuation
[188.417s][info][gc,phases      ] GC(403)   Pre Evacuate Collection Set: 0.32ms
[188.417s][info][gc,phases      ] GC(403)   Merge Heap Roots: 0.44ms
[188.417s][info][gc,phases      ] GC(403)   Evacuate Collection Set: 42.92ms
[188.417s][info][gc,phases      ] GC(403)   Post Evacuate Collection Set: 0.58ms
[188.417s][info][gc,phases      ] GC(403)   Other: 0.13ms
[188.417s][info][gc,heap        ] GC(403) Eden regions: 190->0(155)
[188.417s][info][gc,heap        ] GC(403) Survivor regions: 4->20(25)
[188.417s][info][gc,heap        ] GC(403) Old regions: 723->723
[188.417s][info][gc,heap        ] GC(403) Humongous regions: 10->10
[188.417s][info][gc,metaspace   ] GC(403) Metaspace: 18295K(18432K)->18295K(18432K) NonClass: 16466K(16576K)->16466K(16576K) Class: 1828K(1856K)->1828K(1856K)
[188.417s][info][gc             ] GC(403) Pause Young (Normal) (G1 Evacuation Pause) 926M->752M(978M) 44.659ms
[188.417s][info][gc,cpu         ] GC(403) User=0.09s Sys=0.00s Real=0.04s
[188.865s][info][gc,marking     ] GC(399) Concurrent Mark From Roots 2325.168ms
[188.865s][info][gc,marking     ] GC(399) Concurrent Preclean
[188.865s][info][gc,marking     ] GC(399) Concurrent Preclean 0.039ms
[188.865s][info][gc,start       ] GC(399) Pause Remark
[188.873s][info][gc             ] GC(399) Pause Remark 883M->883M(978M) 7.749ms
[188.873s][info][gc,cpu         ] GC(399) User=0.02s Sys=0.00s Real=0.01s
[188.874s][info][gc,marking     ] GC(399) Concurrent Mark 2334.849ms
[188.874s][info][gc,marking     ] GC(399) Concurrent Rebuild Remembered Sets and Scrub Regions
[188.936s][info][gc,start       ] GC(404) Pause Young (Normal) (G1 Evacuation Pause)
[188.936s][info][gc,task        ] GC(404) Using 2 workers of 2 for evacuation
[189.002s][info][gc,phases      ] GC(404)   Pre Evacuate Collection Set: 0.32ms
[189.002s][info][gc,phases      ] GC(404)   Merge Heap Roots: 0.47ms
[189.002s][info][gc,phases      ] GC(404)   Evacuate Collection Set: 64.32ms
[189.002s][info][gc,phases      ] GC(404)   Post Evacuate Collection Set: 0.47ms
[189.002s][info][gc,phases      ] GC(404)   Other: 0.09ms
[189.002s][info][gc,heap        ] GC(404) Eden regions: 155->0(147)
[189.002s][info][gc,heap        ] GC(404) Survivor regions: 20->14(22)
[189.002s][info][gc,heap        ] GC(404) Old regions: 723->743
[189.002s][info][gc,heap        ] GC(404) Humongous regions: 10->10
[189.002s][info][gc,metaspace   ] GC(404) Metaspace: 18295K(18432K)->18295K(18432K) NonClass: 16466K(16576K)->16466K(16576K) Class: 1828K(1856K)->1828K(1856K)
[189.002s][info][gc             ] GC(404) Pause Young (Normal) (G1 Evacuation Pause) 907M->765M(978M) 65.940ms
[189.002s][info][gc,cpu         ] GC(404) User=0.13s Sys=0.00s Real=0.07s
[189.371s][info][gc,start       ] GC(405) Pause Young (Normal) (G1 Evacuation Pause)
[189.371s][info][gc,task        ] GC(405) Using 2 workers of 2 for evacuation
[189.414s][info][gc,phases      ] GC(405)   Pre Evacuate Collection Set: 0.55ms
[189.414s][info][gc,phases      ] GC(405)   Merge Heap Roots: 0.21ms
[189.414s][info][gc,phases      ] GC(405)   Evacuate Collection Set: 42.28ms
[189.414s][info][gc,phases      ] GC(405)   Post Evacuate Collection Set: 0.45ms
[189.414s][info][gc,phases      ] GC(405)   Other: 0.09ms
[189.414s][info][gc,heap        ] GC(405) Eden regions: 147->0(120)
[189.414s][info][gc,heap        ] GC(405) Survivor regions: 14->21(21)
[189.414s][info][gc,heap        ] GC(405) Old regions: 743->756
[189.414s][info][gc,heap        ] GC(405) Humongous regions: 10->10
[189.414s][info][gc,metaspace   ] GC(405) Metaspace: 18303K(18432K)->18303K(18432K) NonClass: 16474K(16576K)->16474K(16576K) Class: 1828K(1856K)->1828K(1856K)
[189.414s][info][gc             ] GC(405) Pause Young (Normal) (G1 Evacuation Pause) 912M->786M(978M) 43.874ms
[189.414s][info][gc,cpu         ] GC(405) User=0.09s Sys=0.00s Real=0.04s
[189.613s][info][gc,start       ] GC(406) Pause Young (Normal) (G1 Evacuation Pause)
[189.613s][info][gc,task        ] GC(406) Using 2 workers of 2 for evacuation
[189.643s][info][gc,phases      ] GC(406)   Pre Evacuate Collection Set: 0.55ms
[189.644s][info][gc,phases      ] GC(406)   Merge Heap Roots: 0.19ms
[189.644s][info][gc,phases      ] GC(406)   Evacuate Collection Set: 29.46ms
[189.644s][info][gc,phases      ] GC(406)   Post Evacuate Collection Set: 0.42ms
[189.644s][info][gc,phases      ] GC(406)   Other: 0.09ms
[189.644s][info][gc,heap        ] GC(406) Eden regions: 120->0(133)
[189.644s][info][gc,heap        ] GC(406) Survivor regions: 21->4(18)
[189.644s][info][gc,heap        ] GC(406) Old regions: 756->777
[189.644s][info][gc,heap        ] GC(406) Humongous regions: 10->10
[189.644s][info][gc,metaspace   ] GC(406) Metaspace: 18306K(18432K)->18306K(18432K) NonClass: 16477K(16576K)->16477K(16576K) Class: 1828K(1856K)->1828K(1856K)
[189.644s][info][gc             ] GC(406) Pause Young (Normal) (G1 Evacuation Pause) 906M->790M(978M) 30.959ms
[189.644s][info][gc,cpu         ] GC(406) User=0.06s Sys=0.00s Real=0.03s
[189.787s][info][gc,marking     ] GC(399) Concurrent Rebuild Remembered Sets and Scrub Regions 912.938ms
[189.788s][info][gc,start       ] GC(399) Pause Cleanup
[189.789s][info][gc             ] GC(399) Pause Cleanup 881M->881M(978M) 0.151ms
[189.789s][info][gc,cpu         ] GC(399) User=0.00s Sys=0.00s Real=0.00s
[189.789s][info][gc,marking     ] GC(399) Concurrent Clear Claimed Marks
[189.789s][info][gc,marking     ] GC(399) Concurrent Clear Claimed Marks 0.029ms
[189.789s][info][gc,marking     ] GC(399) Concurrent Cleanup for Next Mark
[189.794s][info][gc,marking     ] GC(399) Concurrent Cleanup for Next Mark 5.014ms
[189.794s][info][gc             ] GC(399) Concurrent Mark Cycle 3342.888ms
[189.843s][info][gc,start       ] GC(407) Pause Young (Prepare Mixed) (G1 Evacuation Pause)
[189.843s][info][gc,task        ] GC(407) Using 2 workers of 2 for evacuation
[189.860s][info][gc,phases      ] GC(407)   Pre Evacuate Collection Set: 0.56ms
[189.860s][info][gc,phases      ] GC(407)   Merge Heap Roots: 0.27ms
[189.860s][info][gc,phases      ] GC(407)   Evacuate Collection Set: 15.15ms
[189.860s][info][gc,phases      ] GC(407)   Post Evacuate Collection Set: 0.47ms
[189.860s][info][gc,phases      ] GC(407)   Other: 0.09ms
[189.860s][info][gc,heap        ] GC(407) Eden regions: 133->0(127)
[189.860s][info][gc,heap        ] GC(407) Survivor regions: 4->7(18)
[189.860s][info][gc,heap        ] GC(407) Old regions: 777->777
[189.860s][info][gc,heap        ] GC(407) Humongous regions: 10->10
[189.860s][info][gc,metaspace   ] GC(407) Metaspace: 18308K(18432K)->18308K(18432K) NonClass: 16480K(16576K)->16480K(16576K) Class: 1828K(1856K)->1828K(1856K)
[189.860s][info][gc             ] GC(407) Pause Young (Prepare Mixed) (G1 Evacuation Pause) 923M->793M(978M) 16.794ms
[189.860s][info][gc,cpu         ] GC(407) User=0.03s Sys=0.00s Real=0.01s
[190.012s][info][gc,start       ] GC(408) Pause Young (Mixed) (G1 Evacuation Pause)
[190.013s][info][gc,task        ] GC(408) Using 2 workers of 2 for evacuation
[190.053s][info][gc,phases      ] GC(408)   Pre Evacuate Collection Set: 0.33ms
[190.053s][info][gc,phases      ] GC(408)   Merge Heap Roots: 0.51ms
[190.053s][info][gc,phases      ] GC(408)   Evacuate Collection Set: 38.89ms
[190.053s][info][gc,phases      ] GC(408)   Post Evacuate Collection Set: 0.42ms
[190.053s][info][gc,phases      ] GC(408)   Other: 0.08ms
[190.053s][info][gc,heap        ] GC(408) Eden regions: 127->0(118)
[190.053s][info][gc,heap        ] GC(408) Survivor regions: 7->15(17)
[190.053s][info][gc,heap        ] GC(408) Old regions: 777->770
[190.053s][info][gc,heap        ] GC(408) Humongous regions: 10->10
[190.053s][info][gc,metaspace   ] GC(408) Metaspace: 18310K(18432K)->18310K(18432K) NonClass: 16481K(16576K)->16481K(16576K) Class: 1828K(1856K)->1828K(1856K)
[190.053s][info][gc             ] GC(408) Pause Young (Mixed) (G1 Evacuation Pause) 920M->793M(978M) 40.537ms
[190.053s][info][gc,cpu         ] GC(408) User=0.08s Sys=0.00s Real=0.04s
[190.129s][info][gc,start       ] GC(409) Pause Young (Concurrent Start) (G1 Evacuation Pause)
[190.129s][info][gc,task        ] GC(409) Using 2 workers of 2 for evacuation
[190.172s][info][gc,phases      ] GC(409)   Pre Evacuate Collection Set: 0.40ms
[190.172s][info][gc,phases      ] GC(409)   Merge Heap Roots: 0.21ms
[190.172s][info][gc,phases      ] GC(409)   Evacuate Collection Set: 41.95ms
[190.172s][info][gc,phases      ] GC(409)   Post Evacuate Collection Set: 0.50ms
[190.172s][info][gc,phases      ] GC(409)   Other: 0.25ms
[190.172s][info][gc,heap        ] GC(409) Eden regions: 118->0(99)
[190.172s][info][gc,heap        ] GC(409) Survivor regions: 15->17(17)
[190.172s][info][gc,heap        ] GC(409) Old regions: 770->785
[190.172s][info][gc,heap        ] GC(409) Humongous regions: 10->10
[190.172s][info][gc,metaspace   ] GC(409) Metaspace: 18310K(18432K)->18310K(18432K) NonClass: 16481K(16576K)->16481K(16576K) Class: 1828K(1856K)->1828K(1856K)
[190.172s][info][gc             ] GC(409) Pause Young (Concurrent Start) (G1 Evacuation Pause) 911M->811M(978M) 43.648ms
[190.172s][info][gc,cpu         ] GC(409) User=0.08s Sys=0.00s Real=0.05s
[190.172s][info][gc             ] GC(410) Concurrent Mark Cycle
[190.172s][info][gc,marking     ] GC(410) Concurrent Scan Root Regions
[190.241s][info][gc,marking     ] GC(410) Concurrent Scan Root Regions 68.575ms
[190.241s][info][gc,marking     ] GC(410) Concurrent Mark
[190.241s][info][gc,marking     ] GC(410) Concurrent Mark From Roots
[190.241s][info][gc,task        ] GC(410) Using 1 workers of 1 for marking
[190.258s][info][gc,start       ] GC(411) Pause Young (Normal) (G1 Evacuation Pause)
[190.258s][info][gc,task        ] GC(411) Using 2 workers of 2 for evacuation
[190.279s][info][gc,phases      ] GC(411)   Pre Evacuate Collection Set: 0.57ms
[190.279s][info][gc,phases      ] GC(411)   Merge Heap Roots: 0.15ms
[190.279s][info][gc,phases      ] GC(411)   Evacuate Collection Set: 20.28ms
[190.279s][info][gc,phases      ] GC(411)   Post Evacuate Collection Set: 0.40ms
[190.279s][info][gc,phases      ] GC(411)   Other: 0.09ms
[190.279s][info][gc,heap        ] GC(411) Eden regions: 99->0(114)
[190.279s][info][gc,heap        ] GC(411) Survivor regions: 17->1(15)
[190.279s][info][gc,heap        ] GC(411) Old regions: 785->802
[190.279s][info][gc,heap        ] GC(411) Humongous regions: 10->10
[190.279s][info][gc,metaspace   ] GC(411) Metaspace: 18310K(18432K)->18310K(18432K) NonClass: 16481K(16576K)->16481K(16576K) Class: 1828K(1856K)->1828K(1856K)
[190.279s][info][gc             ] GC(411) Pause Young (Normal) (G1 Evacuation Pause) 910M->812M(978M) 21.758ms
[190.279s][info][gc,cpu         ] GC(411) User=0.04s Sys=0.00s Real=0.02s
[190.588s][info][gc,start       ] GC(412) Pause Young (Normal) (G1 Evacuation Pause)
[190.588s][info][gc,task        ] GC(412) Using 2 workers of 2 for evacuation
[190.596s][info][gc,phases      ] GC(412)   Pre Evacuate Collection Set: 0.31ms
[190.596s][info][gc,phases      ] GC(412)   Merge Heap Roots: 0.11ms
[190.596s][info][gc,phases      ] GC(412)   Evacuate Collection Set: 7.77ms
[190.596s][info][gc,phases      ] GC(412)   Post Evacuate Collection Set: 0.36ms
[190.596s][info][gc,phases      ] GC(412)   Other: 0.08ms
[190.596s][info][gc,heap        ] GC(412) Eden regions: 114->0(104)
[190.596s][info][gc,heap        ] GC(412) Survivor regions: 1->6(15)
[190.596s][info][gc,heap        ] GC(412) Old regions: 802->802
[190.596s][info][gc,heap        ] GC(412) Humongous regions: 10->10
[190.596s][info][gc,metaspace   ] GC(412) Metaspace: 18310K(18432K)->18310K(18432K) NonClass: 16481K(16576K)->16481K(16576K) Class: 1828K(1856K)->1828K(1856K)
[190.597s][info][gc             ] GC(412) Pause Young (Normal) (G1 Evacuation Pause) 926M->817M(978M) 8.932ms
[190.597s][info][gc,cpu         ] GC(412) User=0.02s Sys=0.00s Real=0.01s
[190.812s][info][gc,start       ] GC(413) Pause Young (Normal) (G1 Evacuation Pause)
[190.812s][info][gc,task        ] GC(413) Using 2 workers of 2 for evacuation
[190.823s][info][gc,phases      ] GC(413)   Pre Evacuate Collection Set: 0.31ms
[190.823s][info][gc,phases      ] GC(413)   Merge Heap Roots: 0.11ms
[190.823s][info][gc,phases      ] GC(413)   Evacuate Collection Set: 9.93ms
[190.823s][info][gc,phases      ] GC(413)   Post Evacuate Collection Set: 0.36ms
[190.823s][info][gc,phases      ] GC(413)   Other: 0.09ms
[190.823s][info][gc,heap        ] GC(413) Eden regions: 104->0(98)
[190.823s][info][gc,heap        ] GC(413) Survivor regions: 6->9(14)
[190.823s][info][gc,heap        ] GC(413) Old regions: 802->802
[190.823s][info][gc,heap        ] GC(413) Humongous regions: 10->10
[190.823s][info][gc,metaspace   ] GC(413) Metaspace: 18314K(18432K)->18314K(18432K) NonClass: 16485K(16576K)->16485K(16576K) Class: 1828K(1856K)->1828K(1856K)
[190.823s][info][gc             ] GC(413) Pause Young (Normal) (G1 Evacuation Pause) 921M->820M(978M) 11.072ms
[190.823s][info][gc,cpu         ] GC(413) User=0.02s Sys=0.00s Real=0.01s
[191.090s][info][gc,start       ] GC(414) Pause Young (Normal) (G1 Evacuation Pause)
[191.090s][info][gc,task        ] GC(414) Using 2 workers of 2 for evacuation
[191.102s][info][gc,phases      ] GC(414)   Pre Evacuate Collection Set: 0.31ms
[191.102s][info][gc,phases      ] GC(414)   Merge Heap Roots: 0.14ms
[191.102s][info][gc,phases      ] GC(414)   Evacuate Collection Set: 10.62ms
[191.102s][info][gc,phases      ] GC(414)   Post Evacuate Collection Set: 0.37ms
[191.102s][info][gc,phases      ] GC(414)   Other: 0.12ms
[191.102s][info][gc,heap        ] GC(414) Eden regions: 98->0(104)
[191.102s][info][gc,heap        ] GC(414) Survivor regions: 9->3(14)
[191.102s][info][gc,heap        ] GC(414) Old regions: 802->808
[191.102s][info][gc,heap        ] GC(414) Humongous regions: 10->10
[191.102s][info][gc,metaspace   ] GC(414) Metaspace: 18314K(18432K)->18314K(18432K) NonClass: 16485K(16576K)->16485K(16576K) Class: 1828K(1856K)->1828K(1856K)
[191.102s][info][gc             ] GC(414) Pause Young (Normal) (G1 Evacuation Pause) 918M->820M(978M) 11.812ms
[191.102s][info][gc,cpu         ] GC(414) User=0.02s Sys=0.00s Real=0.02s
[191.627s][info][gc,start       ] GC(415) Pause Young (Normal) (G1 Evacuation Pause)
[191.627s][info][gc,task        ] GC(415) Using 2 workers of 2 for evacuation
[191.631s][info][gc,phases      ] GC(415)   Pre Evacuate Collection Set: 0.32ms
[191.631s][info][gc,phases      ] GC(415)   Merge Heap Roots: 0.10ms
[191.631s][info][gc,phases      ] GC(415)   Evacuate Collection Set: 3.75ms
[191.631s][info][gc,phases      ] GC(415)   Post Evacuate Collection Set: 0.35ms
[191.631s][info][gc,phases      ] GC(415)   Other: 0.11ms
[191.631s][info][gc,heap        ] GC(415) Eden regions: 104->0(104)
[191.631s][info][gc,heap        ] GC(415) Survivor regions: 3->3(14)
[191.631s][info][gc,heap        ] GC(415) Old regions: 808->808
[191.631s][info][gc,heap        ] GC(415) Humongous regions: 10->10
[191.631s][info][gc,metaspace   ] GC(415) Metaspace: 18317K(18432K)->18317K(18432K) NonClass: 16488K(16576K)->16488K(16576K) Class: 1828K(1856K)->1828K(1856K)
[191.631s][info][gc             ] GC(415) Pause Young (Normal) (G1 Evacuation Pause) 924M->820M(978M) 4.874ms
[191.631s][info][gc,cpu         ] GC(415) User=0.01s Sys=0.00s Real=0.01s
[191.967s][info][gc,start       ] GC(416) Pause Young (Normal) (G1 Evacuation Pause)
[191.967s][info][gc,task        ] GC(416) Using 2 workers of 2 for evacuation
[191.972s][info][gc,phases      ] GC(416)   Pre Evacuate Collection Set: 0.32ms
[191.972s][info][gc,phases      ] GC(416)   Merge Heap Roots: 0.09ms
[191.972s][info][gc,phases      ] GC(416)   Evacuate Collection Set: 3.85ms
[191.972s][info][gc,phases      ] GC(416)   Post Evacuate Collection Set: 0.34ms
[191.972s][info][gc,phases      ] GC(416)   Other: 0.15ms
[191.972s][info][gc,heap        ] GC(416) Eden regions: 104->0(104)
[191.972s][info][gc,heap        ] GC(416) Survivor regions: 3->3(14)
[191.972s][info][gc,heap        ] GC(416) Old regions: 808->808
[191.972s][info][gc,heap        ] GC(416) Humongous regions: 10->10
[191.972s][info][gc,metaspace   ] GC(416) Metaspace: 18319K(18432K)->18319K(18432K) NonClass: 16490K(16576K)->16490K(16576K) Class: 1828K(1856K)->1828K(1856K)
[191.972s][info][gc             ] GC(416) Pause Young (Normal) (G1 Evacuation Pause) 924M->820M(978M) 5.001ms
[191.972s][info][gc,cpu         ] GC(416) User=0.01s Sys=0.00s Real=0.01s
[192.563s][info][gc,start       ] GC(417) Pause Young (Normal) (G1 Evacuation Pause)
[192.563s][info][gc,task        ] GC(417) Using 2 workers of 2 for evacuation
[192.568s][info][gc,phases      ] GC(417)   Pre Evacuate Collection Set: 0.33ms
[192.569s][info][gc,phases      ] GC(417)   Merge Heap Roots: 0.09ms
[192.569s][info][gc,phases      ] GC(417)   Evacuate Collection Set: 4.12ms
[192.569s][info][gc,phases      ] GC(417)   Post Evacuate Collection Set: 0.36ms
[192.569s][info][gc,phases      ] GC(417)   Other: 0.09ms
[192.569s][info][gc,heap        ] GC(417) Eden regions: 104->0(102)
[192.569s][info][gc,heap        ] GC(417) Survivor regions: 3->4(14)
[192.569s][info][gc,heap        ] GC(417) Old regions: 808->808
[192.569s][info][gc,heap        ] GC(417) Humongous regions: 10->10
[192.569s][info][gc,metaspace   ] GC(417) Metaspace: 18319K(18432K)->18319K(18432K) NonClass: 16490K(16576K)->16490K(16576K) Class: 1828K(1856K)->1828K(1856K)
[192.569s][info][gc             ] GC(417) Pause Young (Normal) (G1 Evacuation Pause) 924M->820M(978M) 5.290ms
[192.569s][info][gc,cpu         ] GC(417) User=0.01s Sys=0.00s Real=0.00s
[192.597s][info][gc,marking     ] GC(410) Concurrent Mark From Roots 2356.068ms
[192.597s][info][gc,marking     ] GC(410) Concurrent Preclean
[192.597s][info][gc,marking     ] GC(410) Concurrent Preclean 0.044ms
[192.597s][info][gc,start       ] GC(410) Pause Remark
[192.605s][info][gc             ] GC(410) Pause Remark 821M->687M(978M) 7.701ms
[192.605s][info][gc,cpu         ] GC(410) User=0.01s Sys=0.00s Real=0.01s
[192.605s][info][gc,marking     ] GC(410) Concurrent Mark 2364.156ms
[192.605s][info][gc,marking     ] GC(410) Concurrent Rebuild Remembered Sets and Scrub Regions
[193.408s][info][gc,marking     ] GC(410) Concurrent Rebuild Remembered Sets and Scrub Regions 802.764ms
[193.408s][info][gc,start       ] GC(410) Pause Cleanup
[193.408s][info][gc             ] GC(410) Pause Cleanup 696M->696M(978M) 0.144ms
[193.408s][info][gc,cpu         ] GC(410) User=0.00s Sys=0.00s Real=0.00s
[193.408s][info][gc,marking     ] GC(410) Concurrent Clear Claimed Marks
[193.408s][info][gc,marking     ] GC(410) Concurrent Clear Claimed Marks 0.029ms
[193.408s][info][gc,marking     ] GC(410) Concurrent Cleanup for Next Mark
[193.411s][info][gc,marking     ] GC(410) Concurrent Cleanup for Next Mark 3.042ms
[193.411s][info][gc             ] GC(410) Concurrent Mark Cycle 3239.206ms
[194.295s][info][gc,start       ] GC(418) Pause Young (Prepare Mixed) (G1 Evacuation Pause)
[194.295s][info][gc,task        ] GC(418) Using 2 workers of 2 for evacuation
[194.305s][info][gc,phases      ] GC(418)   Pre Evacuate Collection Set: 0.40ms
[194.305s][info][gc,phases      ] GC(418)   Merge Heap Roots: 0.25ms
[194.305s][info][gc,phases      ] GC(418)   Evacuate Collection Set: 8.02ms
[194.305s][info][gc,phases      ] GC(418)   Post Evacuate Collection Set: 0.47ms
[194.305s][info][gc,phases      ] GC(418)   Other: 0.11ms
[194.305s][info][gc,heap        ] GC(418) Eden regions: 102->0(236)
[194.305s][info][gc,heap        ] GC(418) Survivor regions: 4->4(14)
[194.305s][info][gc,heap        ] GC(418) Old regions: 677->677
[194.305s][info][gc,heap        ] GC(418) Humongous regions: 7->7
[194.305s][info][gc,metaspace   ] GC(418) Metaspace: 18320K(18432K)->18320K(18432K) NonClass: 16491K(16576K)->16491K(16576K) Class: 1828K(1856K)->1828K(1856K)
[194.305s][info][gc             ] GC(418) Pause Young (Prepare Mixed) (G1 Evacuation Pause) 788M->687M(978M) 9.534ms
[194.305s][info][gc,cpu         ] GC(418) User=0.02s Sys=0.00s Real=0.01s
[195.742s][info][gc,start       ] GC(419) Pause Young (Mixed) (G1 Evacuation Pause)
[195.742s][info][gc,task        ] GC(419) Using 2 workers of 2 for evacuation
[195.755s][info][gc,phases      ] GC(419)   Pre Evacuate Collection Set: 0.38ms
[195.755s][info][gc,phases      ] GC(419)   Merge Heap Roots: 0.23ms
[195.755s][info][gc,phases      ] GC(419)   Evacuate Collection Set: 11.07ms
[195.755s][info][gc,phases      ] GC(419)   Post Evacuate Collection Set: 0.63ms
[195.755s][info][gc,phases      ] GC(419)   Other: 0.14ms
[195.755s][info][gc,heap        ] GC(419) Eden regions: 236->0(122)
[195.755s][info][gc,heap        ] GC(419) Survivor regions: 4->6(30)
[195.755s][info][gc,heap        ] GC(419) Old regions: 677->643
[195.755s][info][gc,heap        ] GC(419) Humongous regions: 7->7
[195.755s][info][gc,metaspace   ] GC(419) Metaspace: 18380K(18496K)->18380K(18496K) NonClass: 16551K(16640K)->16551K(16640K) Class: 1828K(1856K)->1828K(1856K)
[195.755s][info][gc             ] GC(419) Pause Young (Mixed) (G1 Evacuation Pause) 923M->655M(978M) 12.675ms
[195.755s][info][gc,cpu         ] GC(419) User=0.03s Sys=0.00s Real=0.01s
[196.163s][info][gc,start       ] GC(420) Pause Young (Mixed) (G1 Evacuation Pause)
[196.163s][info][gc,task        ] GC(420) Using 2 workers of 2 for evacuation
[196.336s][info][gc,phases      ] GC(420)   Pre Evacuate Collection Set: 0.50ms
[196.336s][info][gc,phases      ] GC(420)   Merge Heap Roots: 0.64ms
[196.336s][info][gc,phases      ] GC(420)   Evacuate Collection Set: 170.57ms
[196.336s][info][gc,phases      ] GC(420)   Post Evacuate Collection Set: 0.52ms
[196.336s][info][gc,phases      ] GC(420)   Other: 0.08ms
[196.336s][info][gc,heap        ] GC(420) Eden regions: 140->0(267)
[196.336s][info][gc,heap        ] GC(420) Survivor regions: 6->6(19)
[196.336s][info][gc,heap        ] GC(420) Old regions: 643->642
[196.336s][info][gc,heap        ] GC(420) Humongous regions: 7->7
[196.336s][info][gc,metaspace   ] GC(420) Metaspace: 18396K(18560K)->18396K(18560K) NonClass: 16567K(16704K)->16567K(16704K) Class: 1828K(1856K)->1828K(1856K)
[196.336s][info][gc             ] GC(420) Pause Young (Mixed) (G1 Evacuation Pause) 795M->654M(978M) 172.547ms
[196.336s][info][gc,cpu         ] GC(420) User=0.34s Sys=0.00s Real=0.17s
[196.975s][info][gc,start       ] GC(421) Pause Young (Concurrent Start) (G1 Evacuation Pause)
[196.975s][info][gc,task        ] GC(421) Using 2 workers of 2 for evacuation
[197.023s][info][gc,phases      ] GC(421)   Pre Evacuate Collection Set: 0.31ms
[197.023s][info][gc,phases      ] GC(421)   Merge Heap Roots: 0.14ms
[197.023s][info][gc,phases      ] GC(421)   Evacuate Collection Set: 46.36ms
[197.023s][info][gc,phases      ] GC(421)   Post Evacuate Collection Set: 0.75ms
[197.023s][info][gc,phases      ] GC(421)   Other: 0.13ms
[197.023s][info][gc,heap        ] GC(421) Eden regions: 267->0(201)
[197.023s][info][gc,heap        ] GC(421) Survivor regions: 6->35(35)
[197.023s][info][gc,heap        ] GC(421) Old regions: 642->650
[197.023s][info][gc,heap        ] GC(421) Humongous regions: 7->7
[197.023s][info][gc,metaspace   ] GC(421) Metaspace: 18493K(18688K)->18493K(18688K) NonClass: 16664K(16832K)->16664K(16832K) Class: 1828K(1856K)->1828K(1856K)
[197.023s][info][gc             ] GC(421) Pause Young (Concurrent Start) (G1 Evacuation Pause) 921M->691M(978M) 47.918ms
[197.023s][info][gc             ] GC(422) Concurrent Mark Cycle
[197.023s][info][gc,marking     ] GC(422) Concurrent Scan Root Regions
[197.023s][info][gc,cpu         ] GC(421) User=0.09s Sys=0.00s Real=0.05s
[197.092s][info][gc,marking     ] GC(422) Concurrent Scan Root Regions 69.736ms
[197.092s][info][gc,marking     ] GC(422) Concurrent Mark
[197.092s][info][gc,marking     ] GC(422) Concurrent Mark From Roots
[197.092s][info][gc,task        ] GC(422) Using 1 workers of 1 for marking
[197.323s][info][gc,start       ] GC(423) Pause Young (Normal) (G1 Evacuation Pause)
[197.323s][info][gc,task        ] GC(423) Using 2 workers of 2 for evacuation
[197.441s][info][gc,phases      ] GC(423)   Pre Evacuate Collection Set: 0.57ms
[197.441s][info][gc,phases      ] GC(423)   Merge Heap Roots: 0.24ms
[197.441s][info][gc,phases      ] GC(423)   Evacuate Collection Set: 108.86ms
[197.441s][info][gc,phases      ] GC(423)   Post Evacuate Collection Set: 7.74ms
[197.441s][info][gc,phases      ] GC(423)   Other: 0.11ms
[197.441s][info][gc,heap        ] GC(423) Eden regions: 201->0(83)
[197.441s][info][gc,heap        ] GC(423) Survivor regions: 35->30(30)
[197.441s][info][gc,heap        ] GC(423) Old regions: 650->778
[197.441s][info][gc,heap        ] GC(423) Humongous regions: 7->7
[197.441s][info][gc,metaspace   ] GC(423) Metaspace: 18521K(18688K)->18521K(18688K) NonClass: 16692K(16832K)->16692K(16832K) Class: 1828K(1856K)->1828K(1856K)
[197.441s][info][gc             ] GC(423) Pause Young (Normal) (G1 Evacuation Pause) (Evacuation Failure: Allocation) 892M->814M(978M) 117.763ms
[197.441s][info][gc,cpu         ] GC(423) User=0.23s Sys=0.00s Real=0.12s
[197.629s][info][gc,start       ] GC(424) Pause Young (Normal) (G1 Evacuation Pause)
[197.629s][info][gc,task        ] GC(424) Using 2 workers of 2 for evacuation
[197.715s][info][gc,phases      ] GC(424)   Pre Evacuate Collection Set: 0.37ms
[197.715s][info][gc,phases      ] GC(424)   Merge Heap Roots: 0.43ms
[197.715s][info][gc,phases      ] GC(424)   Evacuate Collection Set: 83.98ms
[197.715s][info][gc,phases      ] GC(424)   Post Evacuate Collection Set: 0.60ms
[197.715s][info][gc,phases      ] GC(424)   Other: 0.12ms
[197.715s][info][gc,heap        ] GC(424) Eden regions: 83->0(119)
[197.715s][info][gc,heap        ] GC(424) Survivor regions: 30->15(15)
[197.715s][info][gc,heap        ] GC(424) Old regions: 778->768
[197.715s][info][gc,heap        ] GC(424) Humongous regions: 7->7
[197.715s][info][gc,metaspace   ] GC(424) Metaspace: 18521K(18688K)->18521K(18688K) NonClass: 16692K(16832K)->16692K(16832K) Class: 1828K(1856K)->1828K(1856K)
[197.715s][info][gc             ] GC(424) Pause Young (Normal) (G1 Evacuation Pause) 897M->789M(978M) 85.751ms
[197.715s][info][gc,cpu         ] GC(424) User=0.17s Sys=0.00s Real=0.09s
[198.089s][info][gc,start       ] GC(425) Pause Young (Normal) (G1 Evacuation Pause)
[198.089s][info][gc,task        ] GC(425) Using 2 workers of 2 for evacuation
[198.178s][info][gc,phases      ] GC(425)   Pre Evacuate Collection Set: 0.32ms
[198.178s][info][gc,phases      ] GC(425)   Merge Heap Roots: 0.53ms
[198.178s][info][gc,phases      ] GC(425)   Evacuate Collection Set: 87.14ms
[198.178s][info][gc,phases      ] GC(425)   Post Evacuate Collection Set: 0.70ms
[198.178s][info][gc,phases      ] GC(425)   Other: 0.10ms
[198.178s][info][gc,heap        ] GC(425) Eden regions: 119->0(76)
[198.178s][info][gc,heap        ] GC(425) Survivor regions: 15->17(17)
[198.178s][info][gc,heap        ] GC(425) Old regions: 768->810
[198.178s][info][gc,heap        ] GC(425) Humongous regions: 8->8
[198.178s][info][gc,metaspace   ] GC(425) Metaspace: 18522K(18688K)->18522K(18688K) NonClass: 16693K(16832K)->16693K(16832K) Class: 1828K(1856K)->1828K(1856K)
[198.178s][info][gc             ] GC(425) Pause Young (Normal) (G1 Evacuation Pause) 909M->834M(978M) 89.023ms
[198.178s][info][gc,cpu         ] GC(425) User=0.17s Sys=0.00s Real=0.09s
[198.421s][info][gc,start       ] GC(426) Pause Young (Normal) (G1 Evacuation Pause)
[198.421s][info][gc,task        ] GC(426) Using 2 workers of 2 for evacuation
[198.484s][info][gc,phases      ] GC(426)   Pre Evacuate Collection Set: 0.29ms
[198.484s][info][gc,phases      ] GC(426)   Merge Heap Roots: 0.75ms
[198.484s][info][gc,phases      ] GC(426)   Evacuate Collection Set: 61.35ms
[198.484s][info][gc,phases      ] GC(426)   Post Evacuate Collection Set: 0.57ms
[198.484s][info][gc,phases      ] GC(426)   Other: 0.08ms
[198.484s][info][gc,heap        ] GC(426) Eden regions: 76->0(74)
[198.484s][info][gc,heap        ] GC(426) Survivor regions: 17->9(12)
[198.484s][info][gc,heap        ] GC(426) Old regions: 810->828
[198.484s][info][gc,heap        ] GC(426) Humongous regions: 8->8
[198.484s][info][gc,metaspace   ] GC(426) Metaspace: 18547K(18688K)->18547K(18688K) NonClass: 16718K(16832K)->16718K(16832K) Class: 1828K(1856K)->1828K(1856K)
[198.484s][info][gc             ] GC(426) Pause Young (Normal) (G1 Evacuation Pause) 910M->843M(978M) 63.342ms
[198.484s][info][gc,cpu         ] GC(426) User=0.12s Sys=0.00s Real=0.06s
[198.643s][info][gc,start       ] GC(427) Pause Young (Normal) (G1 Evacuation Pause)
[198.643s][info][gc,task        ] GC(427) Using 2 workers of 2 for evacuation
[198.686s][info][gc,phases      ] GC(427)   Pre Evacuate Collection Set: 0.34ms
[198.686s][info][gc,phases      ] GC(427)   Merge Heap Roots: 0.52ms
[198.686s][info][gc,phases      ] GC(427)   Evacuate Collection Set: 42.36ms
[198.686s][info][gc,phases      ] GC(427)   Post Evacuate Collection Set: 0.35ms
[198.686s][info][gc,phases      ] GC(427)   Other: 0.08ms
[198.686s][info][gc,heap        ] GC(427) Eden regions: 74->0(59)
[198.686s][info][gc,heap        ] GC(427) Survivor regions: 9->11(11)
[198.686s][info][gc,heap        ] GC(427) Old regions: 828->836
[198.687s][info][gc,heap        ] GC(427) Humongous regions: 11->11
[198.687s][info][gc,metaspace   ] GC(427) Metaspace: 18553K(18688K)->18553K(18688K) NonClass: 16724K(16832K)->16724K(16832K) Class: 1828K(1856K)->1828K(1856K)
[198.687s][info][gc             ] GC(427) Pause Young (Normal) (G1 Evacuation Pause) 920M->857M(978M) 43.932ms
[198.687s][info][gc,cpu         ] GC(427) User=0.08s Sys=0.00s Real=0.04s
[198.807s][info][gc,start       ] GC(428) Pause Young (Normal) (G1 Evacuation Pause)
[198.807s][info][gc,task        ] GC(428) Using 2 workers of 2 for evacuation
[198.860s][info][gc,phases      ] GC(428)   Pre Evacuate Collection Set: 0.50ms
[198.860s][info][gc,phases      ] GC(428)   Merge Heap Roots: 0.33ms
[198.860s][info][gc,phases      ] GC(428)   Evacuate Collection Set: 51.43ms
[198.860s][info][gc,phases      ] GC(428)   Post Evacuate Collection Set: 0.40ms
[198.860s][info][gc,phases      ] GC(428)   Other: 0.08ms
[198.860s][info][gc,heap        ] GC(428) Eden regions: 59->0(50)
[198.860s][info][gc,heap        ] GC(428) Survivor regions: 11->9(9)
[198.860s][info][gc,heap        ] GC(428) Old regions: 836->849
[198.860s][info][gc,heap        ] GC(428) Humongous regions: 11->11
[198.860s][info][gc,metaspace   ] GC(428) Metaspace: 18553K(18688K)->18553K(18688K) NonClass: 16724K(16832K)->16724K(16832K) Class: 1828K(1856K)->1828K(1856K)
[198.860s][info][gc             ] GC(428) Pause Young (Normal) (G1 Evacuation Pause) 916M->867M(978M) 53.004ms
[198.860s][info][gc,cpu         ] GC(428) User=0.11s Sys=0.00s Real=0.05s
[198.977s][info][gc,start       ] GC(429) Pause Young (Normal) (G1 Evacuation Pause)
[198.977s][info][gc,task        ] GC(429) Using 2 workers of 2 for evacuation
[199.007s][info][gc,phases      ] GC(429)   Pre Evacuate Collection Set: 0.33ms
[199.007s][info][gc,phases      ] GC(429)   Merge Heap Roots: 0.55ms
[199.007s][info][gc,phases      ] GC(429)   Evacuate Collection Set: 28.26ms
[199.007s][info][gc,phases      ] GC(429)   Post Evacuate Collection Set: 0.36ms
[199.007s][info][gc,phases      ] GC(429)   Other: 0.08ms
[199.007s][info][gc,heap        ] GC(429) Eden regions: 50->0(45)
[199.007s][info][gc,heap        ] GC(429) Survivor regions: 9->7(8)
[199.007s][info][gc,heap        ] GC(429) Old regions: 849->858
[199.007s][info][gc,heap        ] GC(429) Humongous regions: 11->11
[199.007s][info][gc,metaspace   ] GC(429) Metaspace: 18555K(18688K)->18555K(18688K) NonClass: 16726K(16832K)->16726K(16832K) Class: 1828K(1856K)->1828K(1856K)
[199.007s][info][gc             ] GC(429) Pause Young (Normal) (G1 Evacuation Pause) 917M->875M(978M) 29.825ms
[199.007s][info][gc,cpu         ] GC(429) User=0.05s Sys=0.00s Real=0.03s
[199.097s][info][gc,start       ] GC(430) Pause Young (Normal) (G1 Evacuation Pause)
[199.097s][info][gc,task        ] GC(430) Using 2 workers of 2 for evacuation
[199.114s][info][gc,phases      ] GC(430)   Pre Evacuate Collection Set: 0.52ms
[199.114s][info][gc,phases      ] GC(430)   Merge Heap Roots: 0.12ms
[199.114s][info][gc,phases      ] GC(430)   Evacuate Collection Set: 16.66ms
[199.115s][info][gc,phases      ] GC(430)   Post Evacuate Collection Set: 0.34ms
[199.115s][info][gc,phases      ] GC(430)   Other: 0.14ms
[199.115s][info][gc,heap        ] GC(430) Eden regions: 45->0(41)
[199.115s][info][gc,heap        ] GC(430) Survivor regions: 7->7(7)
[199.115s][info][gc,heap        ] GC(430) Old regions: 858->865
[199.115s][info][gc,heap        ] GC(430) Humongous regions: 11->11
[199.115s][info][gc,metaspace   ] GC(430) Metaspace: 18560K(18688K)->18560K(18688K) NonClass: 16731K(16832K)->16731K(16832K) Class: 1828K(1856K)->1828K(1856K)
[199.115s][info][gc             ] GC(430) Pause Young (Normal) (G1 Evacuation Pause) 920M->882M(978M) 18.024ms
[199.115s][info][gc,cpu         ] GC(430) User=0.03s Sys=0.00s Real=0.02s
[199.218s][info][gc,start       ] GC(431) Pause Young (Normal) (G1 Evacuation Pause)
[199.219s][info][gc,task        ] GC(431) Using 2 workers of 2 for evacuation
[199.232s][info][gc,phases      ] GC(431)   Pre Evacuate Collection Set: 0.50ms
[199.232s][info][gc,phases      ] GC(431)   Merge Heap Roots: 0.09ms
[199.232s][info][gc,phases      ] GC(431)   Evacuate Collection Set: 12.26ms
[199.232s][info][gc,phases      ] GC(431)   Post Evacuate Collection Set: 0.29ms
[199.232s][info][gc,phases      ] GC(431)   Other: 0.08ms
[199.232s][info][gc,heap        ] GC(431) Eden regions: 41->0(47)
[199.232s][info][gc,heap        ] GC(431) Survivor regions: 7->1(6)
[199.232s][info][gc,heap        ] GC(431) Old regions: 865->872
[199.232s][info][gc,heap        ] GC(431) Humongous regions: 11->11
[199.232s][info][gc,metaspace   ] GC(431) Metaspace: 18560K(18688K)->18560K(18688K) NonClass: 16731K(16832K)->16731K(16832K) Class: 1828K(1856K)->1828K(1856K)
[199.232s][info][gc             ] GC(431) Pause Young (Normal) (G1 Evacuation Pause) 923M->883M(978M) 13.467ms
[199.232s][info][gc,cpu         ] GC(431) User=0.03s Sys=0.00s Real=0.02s
[199.355s][info][gc,start       ] GC(432) Pause Young (Normal) (G1 Evacuation Pause)
[199.355s][info][gc,task        ] GC(432) Using 2 workers of 2 for evacuation
[199.360s][info][gc,phases      ] GC(432)   Pre Evacuate Collection Set: 0.57ms
[199.360s][info][gc,phases      ] GC(432)   Merge Heap Roots: 0.13ms
[199.360s][info][gc,phases      ] GC(432)   Evacuate Collection Set: 4.05ms
[199.360s][info][gc,phases      ] GC(432)   Post Evacuate Collection Set: 0.34ms
[199.360s][info][gc,phases      ] GC(432)   Other: 0.11ms
[199.360s][info][gc,heap        ] GC(432) Eden regions: 47->0(46)
[199.360s][info][gc,heap        ] GC(432) Survivor regions: 1->2(6)
[199.360s][info][gc,heap        ] GC(432) Old regions: 872->872
[199.360s][info][gc,heap        ] GC(432) Humongous regions: 11->11
[199.360s][info][gc,metaspace   ] GC(432) Metaspace: 18560K(18688K)->18560K(18688K) NonClass: 16731K(16832K)->16731K(16832K) Class: 1828K(1856K)->1828K(1856K)
[199.360s][info][gc             ] GC(432) Pause Young (Normal) (G1 Evacuation Pause) 930M->884M(978M) 5.451ms
[199.360s][info][gc,cpu         ] GC(432) User=0.01s Sys=0.00s Real=0.00s
[199.438s][info][gc,start       ] GC(433) Pause Young (Normal) (G1 Evacuation Pause)
[199.438s][info][gc,task        ] GC(433) Using 2 workers of 2 for evacuation
[199.447s][info][gc,phases      ] GC(433)   Pre Evacuate Collection Set: 0.33ms
[199.447s][info][gc,phases      ] GC(433)   Merge Heap Roots: 0.11ms
[199.447s][info][gc,phases      ] GC(433)   Evacuate Collection Set: 8.65ms
[199.447s][info][gc,phases      ] GC(433)   Post Evacuate Collection Set: 0.31ms
[199.447s][info][gc,phases      ] GC(433)   Other: 0.10ms
[199.447s][info][gc,heap        ] GC(433) Eden regions: 46->0(42)
[199.447s][info][gc,heap        ] GC(433) Survivor regions: 2->6(6)
[199.447s][info][gc,heap        ] GC(433) Old regions: 872->872
[199.447s][info][gc,heap        ] GC(433) Humongous regions: 11->11
[199.447s][info][gc,metaspace   ] GC(433) Metaspace: 18560K(18688K)->18560K(18688K) NonClass: 16731K(16832K)->16731K(16832K) Class: 1828K(1856K)->1828K(1856K)
[199.447s][info][gc             ] GC(433) Pause Young (Normal) (G1 Evacuation Pause) 930M->888M(978M) 9.784ms
[199.447s][info][gc,cpu         ] GC(433) User=0.02s Sys=0.00s Real=0.01s
[199.504s][info][gc,start       ] GC(434) Pause Young (Normal) (G1 Evacuation Pause)
[199.504s][info][gc,task        ] GC(434) Using 2 workers of 2 for evacuation
[199.518s][info][gc,phases      ] GC(434)   Pre Evacuate Collection Set: 0.56ms
[199.518s][info][gc,phases      ] GC(434)   Merge Heap Roots: 0.11ms
[199.518s][info][gc,phases      ] GC(434)   Evacuate Collection Set: 12.94ms
[199.518s][info][gc,phases      ] GC(434)   Post Evacuate Collection Set: 0.33ms
[199.518s][info][gc,phases      ] GC(434)   Other: 0.10ms
[199.518s][info][gc,heap        ] GC(434) Eden regions: 42->0(43)
[199.518s][info][gc,heap        ] GC(434) Survivor regions: 6->5(6)
[199.518s][info][gc,heap        ] GC(434) Old regions: 872->878
[199.518s][info][gc,heap        ] GC(434) Humongous regions: 11->11
[199.518s][info][gc,metaspace   ] GC(434) Metaspace: 18560K(18688K)->18560K(18688K) NonClass: 16731K(16832K)->16731K(16832K) Class: 1828K(1856K)->1828K(1856K)
[199.518s][info][gc             ] GC(434) Pause Young (Normal) (G1 Evacuation Pause) 930M->892M(978M) 14.314ms
[199.518s][info][gc,cpu         ] GC(434) User=0.03s Sys=0.00s Real=0.01s
[199.592s][info][gc,start       ] GC(435) Pause Young (Normal) (G1 Evacuation Pause)
[199.592s][info][gc,task        ] GC(435) Using 2 workers of 2 for evacuation
[199.602s][info][gc,phases      ] GC(435)   Pre Evacuate Collection Set: 0.54ms
[199.602s][info][gc,phases      ] GC(435)   Merge Heap Roots: 0.09ms
[199.602s][info][gc,phases      ] GC(435)   Evacuate Collection Set: 8.23ms
[199.602s][info][gc,phases      ] GC(435)   Post Evacuate Collection Set: 0.32ms
[199.602s][info][gc,phases      ] GC(435)   Other: 0.12ms
[199.602s][info][gc,heap        ] GC(435) Eden regions: 43->0(45)
[199.602s][info][gc,heap        ] GC(435) Survivor regions: 5->3(6)
[199.602s][info][gc,heap        ] GC(435) Old regions: 878->882
[199.602s][info][gc,heap        ] GC(435) Humongous regions: 11->11
[199.602s][info][gc,metaspace   ] GC(435) Metaspace: 18560K(18688K)->18560K(18688K) NonClass: 16731K(16832K)->16731K(16832K) Class: 1828K(1856K)->1828K(1856K)
[199.602s][info][gc             ] GC(435) Pause Young (Normal) (G1 Evacuation Pause) 935M->895M(978M) 9.552ms
[199.602s][info][gc,cpu         ] GC(435) User=0.02s Sys=0.00s Real=0.01s
[199.662s][info][gc,start       ] GC(436) Pause Young (Normal) (G1 Evacuation Pause)
[199.662s][info][gc,task        ] GC(436) Using 2 workers of 2 for evacuation
[199.666s][info][gc,phases      ] GC(436)   Pre Evacuate Collection Set: 0.56ms
[199.667s][info][gc,phases      ] GC(436)   Merge Heap Roots: 0.09ms
[199.667s][info][gc,phases      ] GC(436)   Evacuate Collection Set: 3.67ms
[199.667s][info][gc,phases      ] GC(436)   Post Evacuate Collection Set: 0.31ms
[199.667s][info][gc,phases      ] GC(436)   Other: 0.11ms
[199.667s][info][gc,heap        ] GC(436) Eden regions: 45->0(45)
[199.667s][info][gc,heap        ] GC(436) Survivor regions: 3->3(6)
[199.667s][info][gc,heap        ] GC(436) Old regions: 882->882
[199.667s][info][gc,heap        ] GC(436) Humongous regions: 11->11
[199.667s][info][gc,metaspace   ] GC(436) Metaspace: 18560K(18688K)->18560K(18688K) NonClass: 16731K(16832K)->16731K(16832K) Class: 1828K(1856K)->1828K(1856K)
[199.667s][info][gc             ] GC(436) Pause Young (Normal) (G1 Evacuation Pause) 940M->895M(978M) 4.969ms
[199.667s][info][gc,cpu         ] GC(436) User=0.01s Sys=0.00s Real=0.00s
[199.722s][info][gc,start       ] GC(437) Pause Young (Normal) (G1 Evacuation Pause)
[199.722s][info][gc,task        ] GC(437) Using 2 workers of 2 for evacuation
[199.727s][info][gc,phases      ] GC(437)   Pre Evacuate Collection Set: 0.29ms
[199.727s][info][gc,phases      ] GC(437)   Merge Heap Roots: 0.08ms
[199.727s][info][gc,phases      ] GC(437)   Evacuate Collection Set: 4.14ms
[199.727s][info][gc,phases      ] GC(437)   Post Evacuate Collection Set: 0.30ms
[199.727s][info][gc,phases      ] GC(437)   Other: 0.08ms
[199.727s][info][gc,heap        ] GC(437) Eden regions: 45->0(45)
[199.727s][info][gc,heap        ] GC(437) Survivor regions: 3->3(6)
[199.727s][info][gc,heap        ] GC(437) Old regions: 882->882
[199.727s][info][gc,heap        ] GC(437) Humongous regions: 11->11
[199.728s][info][gc,metaspace   ] GC(437) Metaspace: 18560K(18688K)->18560K(18688K) NonClass: 16731K(16832K)->16731K(16832K) Class: 1828K(1856K)->1828K(1856K)
[199.728s][info][gc             ] GC(437) Pause Young (Normal) (G1 Evacuation Pause) 940M->895M(978M) 5.192ms
[199.728s][info][gc,cpu         ] GC(437) User=0.01s Sys=0.00s Real=0.00s
[199.788s][info][gc,start       ] GC(438) Pause Young (Normal) (G1 Evacuation Pause)
[199.788s][info][gc,task        ] GC(438) Using 2 workers of 2 for evacuation
[199.793s][info][gc,phases      ] GC(438)   Pre Evacuate Collection Set: 0.35ms
[199.793s][info][gc,phases      ] GC(438)   Merge Heap Roots: 0.09ms
[199.793s][info][gc,phases      ] GC(438)   Evacuate Collection Set: 4.02ms
[199.793s][info][gc,phases      ] GC(438)   Post Evacuate Collection Set: 0.33ms
[199.793s][info][gc,phases      ] GC(438)   Other: 0.08ms
[199.793s][info][gc,heap        ] GC(438) Eden regions: 45->0(45)
[199.793s][info][gc,heap        ] GC(438) Survivor regions: 3->3(6)
[199.793s][info][gc,heap        ] GC(438) Old regions: 882->882
[199.793s][info][gc,heap        ] GC(438) Humongous regions: 11->11
[199.793s][info][gc,metaspace   ] GC(438) Metaspace: 18560K(18688K)->18560K(18688K) NonClass: 16731K(16832K)->16731K(16832K) Class: 1828K(1856K)->1828K(1856K)
[199.793s][info][gc             ] GC(438) Pause Young (Normal) (G1 Evacuation Pause) 940M->895M(978M) 5.096ms
[199.793s][info][gc,cpu         ] GC(438) User=0.00s Sys=0.00s Real=0.01s
[199.804s][info][gc,marking     ] GC(422) Concurrent Mark From Roots 2711.879ms
[199.804s][info][gc,marking     ] GC(422) Concurrent Preclean
[199.804s][info][gc,marking     ] GC(422) Concurrent Preclean 0.048ms
[199.805s][info][gc,start       ] GC(422) Pause Remark
[199.816s][info][metaspace      ] ChkMgr @0x00007f59a415e580 (non-class-space): : reclaiming memory...
[199.816s][info][metaspace      ] ChkMgr @0x00007f59a415e580 (non-class-space): nothing reclaimed.
[199.816s][info][metaspace      ] ChkMgr @0x00007f59a415c690 (class-space): : reclaiming memory...
[199.816s][info][metaspace      ] ChkMgr @0x00007f59a415c690 (class-space): nothing reclaimed.
[199.817s][info][gc             ] GC(422) Pause Remark 902M->833M(978M) 12.151ms
[199.817s][info][gc,cpu         ] GC(422) User=0.03s Sys=0.01s Real=0.01s
[199.817s][info][gc,marking     ] GC(422) Concurrent Mark 2724.459ms
[199.817s][info][gc,marking     ] GC(422) Concurrent Rebuild Remembered Sets and Scrub Regions
[199.858s][info][gc,start       ] GC(439) Pause Young (Normal) (G1 Evacuation Pause)
[199.858s][info][gc,task        ] GC(439) Using 2 workers of 2 for evacuation
[199.863s][info][gc,phases      ] GC(439)   Pre Evacuate Collection Set: 0.55ms
[199.864s][info][gc,phases      ] GC(439)   Merge Heap Roots: 0.09ms
[199.864s][info][gc,phases      ] GC(439)   Evacuate Collection Set: 4.23ms
[199.864s][info][gc,phases      ] GC(439)   Post Evacuate Collection Set: 0.36ms
[199.864s][info][gc,phases      ] GC(439)   Other: 0.09ms
[199.864s][info][gc,heap        ] GC(439) Eden regions: 45->0(98)
[199.864s][info][gc,heap        ] GC(439) Survivor regions: 3->3(6)
[199.864s][info][gc,heap        ] GC(439) Old regions: 815->815
[199.864s][info][gc,heap        ] GC(439) Humongous regions: 9->9
[199.864s][info][gc,metaspace   ] GC(439) Metaspace: 18549K(18688K)->18549K(18688K) NonClass: 16720K(16832K)->16720K(16832K) Class: 1828K(1856K)->1828K(1856K)
[199.864s][info][gc             ] GC(439) Pause Young (Normal) (G1 Evacuation Pause) 871M->826M(978M) 5.541ms
[199.864s][info][gc,cpu         ] GC(439) User=0.01s Sys=0.00s Real=0.01s
[199.994s][info][gc,start       ] GC(440) Pause Young (Normal) (G1 Evacuation Pause)
[199.994s][info][gc,task        ] GC(440) Using 2 workers of 2 for evacuation
[200.004s][info][gc,phases      ] GC(440)   Pre Evacuate Collection Set: 0.35ms
[200.004s][info][gc,phases      ] GC(440)   Merge Heap Roots: 0.15ms
[200.004s][info][gc,phases      ] GC(440)   Evacuate Collection Set: 9.02ms
[200.004s][info][gc,phases      ] GC(440)   Post Evacuate Collection Set: 0.39ms
[200.004s][info][gc,phases      ] GC(440)   Other: 0.12ms
[200.004s][info][gc,heap        ] GC(440) Eden regions: 98->0(94)
[200.004s][info][gc,heap        ] GC(440) Survivor regions: 3->5(13)
[200.004s][info][gc,heap        ] GC(440) Old regions: 815->815
[200.004s][info][gc,heap        ] GC(440) Humongous regions: 9->9
[200.004s][info][gc,metaspace   ] GC(440) Metaspace: 18549K(18688K)->18549K(18688K) NonClass: 16720K(16832K)->16720K(16832K) Class: 1828K(1856K)->1828K(1856K)
[200.004s][info][gc             ] GC(440) Pause Young (Normal) (G1 Evacuation Pause) 924M->828M(978M) 10.277ms
[200.004s][info][gc,cpu         ] GC(440) User=0.02s Sys=0.00s Real=0.01s
[200.119s][info][gc,start       ] GC(441) Pause Young (Normal) (G1 Evacuation Pause)
[200.119s][info][gc,task        ] GC(441) Using 2 workers of 2 for evacuation
[200.133s][info][gc,phases      ] GC(441)   Pre Evacuate Collection Set: 0.38ms
[200.133s][info][gc,phases      ] GC(441)   Merge Heap Roots: 0.17ms
[200.133s][info][gc,phases      ] GC(441)   Evacuate Collection Set: 12.78ms
[200.133s][info][gc,phases      ] GC(441)   Post Evacuate Collection Set: 0.37ms
[200.133s][info][gc,phases      ] GC(441)   Other: 0.10ms
[200.133s][info][gc,heap        ] GC(441) Eden regions: 94->0(88)
[200.133s][info][gc,heap        ] GC(441) Survivor regions: 5->8(13)
[200.133s][info][gc,heap        ] GC(441) Old regions: 815->815
[200.133s][info][gc,heap        ] GC(441) Humongous regions: 9->9
[200.133s][info][gc,metaspace   ] GC(441) Metaspace: 18549K(18688K)->18549K(18688K) NonClass: 16720K(16832K)->16720K(16832K) Class: 1828K(1856K)->1828K(1856K)
[200.133s][info][gc             ] GC(441) Pause Young (Normal) (G1 Evacuation Pause) 922M->831M(978M) 14.070ms
[200.133s][info][gc,cpu         ] GC(441) User=0.03s Sys=0.00s Real=0.02s
[200.254s][info][gc,start       ] GC(442) Pause Young (Normal) (G1 Evacuation Pause)
[200.254s][info][gc,task        ] GC(442) Using 2 workers of 2 for evacuation
[200.289s][info][gc,phases      ] GC(442)   Pre Evacuate Collection Set: 0.32ms
[200.289s][info][gc,phases      ] GC(442)   Merge Heap Roots: 0.18ms
[200.289s][info][gc,phases      ] GC(442)   Evacuate Collection Set: 33.36ms
[200.289s][info][gc,phases      ] GC(442)   Post Evacuate Collection Set: 0.41ms
[200.289s][info][gc,phases      ] GC(442)   Other: 0.10ms
[200.289s][info][gc,heap        ] GC(442) Eden regions: 88->0(66)
[200.289s][info][gc,heap        ] GC(442) Survivor regions: 8->12(12)
[200.289s][info][gc,heap        ] GC(442) Old regions: 815->829
[200.289s][info][gc,heap        ] GC(442) Humongous regions: 9->9
[200.289s][info][gc,metaspace   ] GC(442) Metaspace: 18549K(18688K)->18549K(18688K) NonClass: 16720K(16832K)->16720K(16832K) Class: 1828K(1856K)->1828K(1856K)
[200.289s][info][gc             ] GC(442) Pause Young (Normal) (G1 Evacuation Pause) 919M->849M(978M) 34.614ms
[200.289s][info][gc,cpu         ] GC(442) User=0.06s Sys=0.00s Real=0.03s
[200.405s][info][gc,start       ] GC(443) Pause Young (Normal) (G1 Evacuation Pause)
[200.405s][info][gc,task        ] GC(443) Using 2 workers of 2 for evacuation
[200.445s][info][gc,phases      ] GC(443)   Pre Evacuate Collection Set: 0.54ms
[200.445s][info][gc,phases      ] GC(443)   Merge Heap Roots: 0.18ms
[200.445s][info][gc,phases      ] GC(443)   Evacuate Collection Set: 38.60ms
[200.445s][info][gc,phases      ] GC(443)   Post Evacuate Collection Set: 0.49ms
[200.445s][info][gc,phases      ] GC(443)   Other: 0.12ms
[200.445s][info][gc,heap        ] GC(443) Eden regions: 66->0(48)
[200.445s][info][gc,heap        ] GC(443) Survivor regions: 12->10(10)
[200.445s][info][gc,heap        ] GC(443) Old regions: 829->851
[200.445s][info][gc,heap        ] GC(443) Humongous regions: 9->9
[200.445s][info][gc,metaspace   ] GC(443) Metaspace: 18549K(18688K)->18549K(18688K) NonClass: 16720K(16832K)->16720K(16832K) Class: 1828K(1856K)->1828K(1856K)
[200.445s][info][gc             ] GC(443) Pause Young (Normal) (G1 Evacuation Pause) 915M->869M(978M) 40.222ms
[200.445s][info][gc,cpu         ] GC(443) User=0.08s Sys=0.00s Real=0.04s
[200.489s][info][gc,start       ] GC(444) Pause Young (Normal) (G1 Evacuation Pause)
[200.489s][info][gc,task        ] GC(444) Using 2 workers of 2 for evacuation
[200.521s][info][gc,phases      ] GC(444)   Pre Evacuate Collection Set: 0.54ms
[200.521s][info][gc,phases      ] GC(444)   Merge Heap Roots: 0.29ms
[200.521s][info][gc,phases      ] GC(444)   Evacuate Collection Set: 30.77ms
[200.521s][info][gc,phases      ] GC(444)   Post Evacuate Collection Set: 0.44ms
[200.521s][info][gc,phases      ] GC(444)   Other: 0.10ms
[200.521s][info][gc,heap        ] GC(444) Eden regions: 48->0(40)
[200.521s][info][gc,heap        ] GC(444) Survivor regions: 10->8(8)
[200.521s][info][gc,heap        ] GC(444) Old regions: 851->863
[200.521s][info][gc,heap        ] GC(444) Humongous regions: 9->9
[200.521s][info][gc,metaspace   ] GC(444) Metaspace: 18549K(18688K)->18549K(18688K) NonClass: 16720K(16832K)->16720K(16832K) Class: 1828K(1856K)->1828K(1856K)
[200.521s][info][gc             ] GC(444) Pause Young (Normal) (G1 Evacuation Pause) 917M->879M(978M) 32.375ms
[200.521s][info][gc,cpu         ] GC(444) User=0.06s Sys=0.00s Real=0.04s
[200.556s][info][gc,start       ] GC(445) Pause Young (Normal) (G1 Evacuation Pause)
[200.556s][info][gc,task        ] GC(445) Using 2 workers of 2 for evacuation
[200.578s][info][gc,phases      ] GC(445)   Pre Evacuate Collection Set: 0.53ms
[200.578s][info][gc,phases      ] GC(445)   Merge Heap Roots: 0.22ms
[200.578s][info][gc,phases      ] GC(445)   Evacuate Collection Set: 20.61ms
[200.578s][info][gc,phases      ] GC(445)   Post Evacuate Collection Set: 0.42ms
[200.578s][info][gc,phases      ] GC(445)   Other: 0.10ms
[200.578s][info][gc,heap        ] GC(445) Eden regions: 40->0(42)
[200.578s][info][gc,heap        ] GC(445) Survivor regions: 8->6(6)
[200.578s][info][gc,heap        ] GC(445) Old regions: 863->872
[200.578s][info][gc,heap        ] GC(445) Humongous regions: 9->9
[200.578s][info][gc,metaspace   ] GC(445) Metaspace: 18549K(18688K)->18549K(18688K) NonClass: 16720K(16832K)->16720K(16832K) Class: 1828K(1856K)->1828K(1856K)
[200.578s][info][gc             ] GC(445) Pause Young (Normal) (G1 Evacuation Pause) 919M->886M(978M) 22.117ms
[200.578s][info][gc,cpu         ] GC(445) User=0.04s Sys=0.00s Real=0.02s
[200.614s][info][gc,start       ] GC(446) Pause Young (Normal) (G1 Evacuation Pause)
[200.614s][info][gc,task        ] GC(446) Using 2 workers of 2 for evacuation
[200.634s][info][gc,phases      ] GC(446)   Pre Evacuate Collection Set: 0.31ms
[200.634s][info][gc,phases      ] GC(446)   Merge Heap Roots: 0.17ms
[200.634s][info][gc,phases      ] GC(446)   Evacuate Collection Set: 18.81ms
[200.634s][info][gc,phases      ] GC(446)   Post Evacuate Collection Set: 0.42ms
[200.634s][info][gc,phases      ] GC(446)   Other: 0.10ms
[200.634s][info][gc,heap        ] GC(446) Eden regions: 42->0(42)
[200.634s][info][gc,heap        ] GC(446) Survivor regions: 6->6(6)
[200.634s][info][gc,heap        ] GC(446) Old regions: 872->879
[200.634s][info][gc,heap        ] GC(446) Humongous regions: 9->9
[200.634s][info][gc,metaspace   ] GC(446) Metaspace: 18549K(18688K)->18549K(18688K) NonClass: 16720K(16832K)->16720K(16832K) Class: 1828K(1856K)->1828K(1856K)
[200.634s][info][gc             ] GC(446) Pause Young (Normal) (G1 Evacuation Pause) 928M->893M(978M) 20.044ms
[200.634s][info][gc,cpu         ] GC(446) User=0.04s Sys=0.00s Real=0.02s
[200.766s][info][gc,start       ] GC(447) Pause Young (Normal) (G1 Evacuation Pause)
[200.766s][info][gc,task        ] GC(447) Using 2 workers of 2 for evacuation
[200.786s][info][gc,phases      ] GC(447)   Pre Evacuate Collection Set: 0.33ms
[200.786s][info][gc,phases      ] GC(447)   Merge Heap Roots: 0.29ms
[200.786s][info][gc,phases      ] GC(447)   Evacuate Collection Set: 19.31ms
[200.786s][info][gc,phases      ] GC(447)   Post Evacuate Collection Set: 0.44ms
[200.786s][info][gc,phases      ] GC(447)   Other: 0.13ms
[200.786s][info][gc,heap        ] GC(447) Eden regions: 42->0(45)
[200.786s][info][gc,heap        ] GC(447) Survivor regions: 6->3(6)
[200.786s][info][gc,heap        ] GC(447) Old regions: 879->886
[200.786s][info][gc,heap        ] GC(447) Humongous regions: 9->9
[200.786s][info][gc,metaspace   ] GC(447) Metaspace: 18549K(18688K)->18549K(18688K) NonClass: 16720K(16832K)->16720K(16832K) Class: 1828K(1856K)->1828K(1856K)
[200.786s][info][gc             ] GC(447) Pause Young (Normal) (G1 Evacuation Pause) 935M->897M(978M) 20.774ms
[200.786s][info][gc,cpu         ] GC(447) User=0.04s Sys=0.00s Real=0.02s
[200.975s][info][gc,start       ] GC(448) Pause Young (Normal) (G1 Evacuation Pause)
[200.975s][info][gc,task        ] GC(448) Using 2 workers of 2 for evacuation
[201.021s][info][gc,phases      ] GC(448)   Pre Evacuate Collection Set: 0.33ms
[201.022s][info][gc,phases      ] GC(448)   Merge Heap Roots: 0.43ms
[201.022s][info][gc,phases      ] GC(448)   Evacuate Collection Set: 44.58ms
[201.022s][info][gc,phases      ] GC(448)   Post Evacuate Collection Set: 0.70ms
[201.022s][info][gc,phases      ] GC(448)   Other: 0.10ms
[201.022s][info][gc,heap        ] GC(448) Eden regions: 45->0(42)
[201.022s][info][gc,heap        ] GC(448) Survivor regions: 3->6(6)
[201.022s][info][gc,heap        ] GC(448) Old regions: 886->892
[201.022s][info][gc,heap        ] GC(448) Humongous regions: 10->10
[201.022s][info][gc,metaspace   ] GC(448) Metaspace: 18549K(18688K)->18549K(18688K) NonClass: 16720K(16832K)->16720K(16832K) Class: 1828K(1856K)->1828K(1856K)
[201.022s][info][gc             ] GC(448) Pause Young (Normal) (G1 Evacuation Pause) 943M->907M(978M) 46.396ms
[201.022s][info][gc,cpu         ] GC(448) User=0.09s Sys=0.01s Real=0.05s
[201.153s][info][gc,start       ] GC(449) Pause Young (Normal) (G1 Evacuation Pause)
[201.153s][info][gc,task        ] GC(449) Using 2 workers of 2 for evacuation
[201.183s][info][gc,phases      ] GC(449)   Pre Evacuate Collection Set: 0.53ms
[201.183s][info][gc,phases      ] GC(449)   Merge Heap Roots: 0.64ms
[201.183s][info][gc,phases      ] GC(449)   Evacuate Collection Set: 28.52ms
[201.183s][info][gc,phases      ] GC(449)   Post Evacuate Collection Set: 0.46ms
[201.183s][info][gc,phases      ] GC(449)   Other: 0.12ms
[201.183s][info][gc,heap        ] GC(449) Eden regions: 42->0(44)
[201.183s][info][gc,heap        ] GC(449) Survivor regions: 6->4(6)
[201.183s][info][gc,heap        ] GC(449) Old regions: 892->898
[201.183s][info][gc,heap        ] GC(449) Humongous regions: 10->10
[201.183s][info][gc,metaspace   ] GC(449) Metaspace: 18549K(18688K)->18549K(18688K) NonClass: 16720K(16832K)->16720K(16832K) Class: 1828K(1856K)->1828K(1856K)
[201.183s][info][gc             ] GC(449) Pause Young (Normal) (G1 Evacuation Pause) 949M->911M(978M) 30.499ms
[201.183s][info][gc,cpu         ] GC(449) User=0.06s Sys=0.00s Real=0.03s
[201.238s][info][gc,marking     ] GC(422) Concurrent Rebuild Remembered Sets and Scrub Regions 1421.168ms
[201.238s][info][gc,start       ] GC(422) Pause Cleanup
[201.239s][info][gc             ] GC(422) Pause Cleanup 922M->922M(978M) 0.214ms
[201.239s][info][gc,cpu         ] GC(422) User=0.00s Sys=0.00s Real=0.00s
[201.239s][info][gc,marking     ] GC(422) Concurrent Clear Claimed Marks
[201.239s][info][gc,marking     ] GC(422) Concurrent Clear Claimed Marks 0.038ms
[201.239s][info][gc,marking     ] GC(422) Concurrent Cleanup for Next Mark
[201.246s][info][gc,marking     ] GC(422) Concurrent Cleanup for Next Mark 6.939ms
[201.246s][info][gc             ] GC(422) Concurrent Mark Cycle 4222.972ms
[201.273s][info][gc,start       ] GC(450) Pause Young (Prepare Mixed) (G1 Evacuation Pause)
[201.273s][info][gc,task        ] GC(450) Using 2 workers of 2 for evacuation
[201.291s][info][gc,phases      ] GC(450)   Pre Evacuate Collection Set: 0.33ms
[201.291s][info][gc,phases      ] GC(450)   Merge Heap Roots: 0.28ms
[201.291s][info][gc,phases      ] GC(450)   Evacuate Collection Set: 17.53ms
[201.291s][info][gc,phases      ] GC(450)   Post Evacuate Collection Set: 0.48ms
[201.291s][info][gc,phases      ] GC(450)   Other: 0.12ms
[201.291s][info][gc,heap        ] GC(450) Eden regions: 44->0(45)
[201.292s][info][gc,heap        ] GC(450) Survivor regions: 4->3(6)
[201.292s][info][gc,heap        ] GC(450) Old regions: 898->902
[201.292s][info][gc,heap        ] GC(450) Humongous regions: 10->10
[201.292s][info][gc,metaspace   ] GC(450) Metaspace: 18549K(18688K)->18549K(18688K) NonClass: 16720K(16832K)->16720K(16832K) Class: 1828K(1856K)->1828K(1856K)
[201.292s][info][gc             ] GC(450) Pause Young (Prepare Mixed) (G1 Evacuation Pause) 955M->914M(978M) 19.017ms
[201.292s][info][gc,cpu         ] GC(450) User=0.04s Sys=0.00s Real=0.02s
[201.350s][info][gc,start       ] GC(451) Pause Young (Mixed) (G1 Evacuation Pause)
[201.350s][info][gc,task        ] GC(451) Using 2 workers of 2 for evacuation
[201.415s][info][gc,phases      ] GC(451)   Pre Evacuate Collection Set: 0.35ms
[201.415s][info][gc,phases      ] GC(451)   Merge Heap Roots: 0.87ms
[201.415s][info][gc,phases      ] GC(451)   Evacuate Collection Set: 59.52ms
[201.415s][info][gc,phases      ] GC(451)   Post Evacuate Collection Set: 4.26ms
[201.415s][info][gc,phases      ] GC(451)   Other: 0.10ms
[201.415s][info][gc,heap        ] GC(451) Eden regions: 45->0(47)
[201.415s][info][gc,heap        ] GC(451) Survivor regions: 3->1(6)
[201.415s][info][gc,heap        ] GC(451) Old regions: 902->907
[201.416s][info][gc,heap        ] GC(451) Humongous regions: 10->10
[201.416s][info][gc,metaspace   ] GC(451) Metaspace: 18549K(18688K)->18549K(18688K) NonClass: 16720K(16832K)->16720K(16832K) Class: 1828K(1856K)->1828K(1856K)
[201.416s][info][gc             ] GC(451) Pause Young (Mixed) (G1 Evacuation Pause) (Evacuation Failure: Allocation) 959M->917M(978M) 65.372ms
[201.416s][info][gc,cpu         ] GC(451) User=0.12s Sys=0.00s Real=0.07s
[201.485s][info][gc,start       ] GC(452) Pause Young (Mixed) (G1 Evacuation Pause)
[201.485s][info][gc,task        ] GC(452) Using 2 workers of 2 for evacuation
[201.614s][info][gc,phases      ] GC(452)   Pre Evacuate Collection Set: 0.35ms
[201.614s][info][gc,phases      ] GC(452)   Merge Heap Roots: 1.93ms
[201.614s][info][gc,phases      ] GC(452)   Evacuate Collection Set: 123.38ms
[201.614s][info][gc,phases      ] GC(452)   Post Evacuate Collection Set: 2.32ms
[201.614s][info][gc,phases      ] GC(452)   Other: 0.10ms
[201.614s][info][gc,heap        ] GC(452) Eden regions: 47->0(57)
[201.614s][info][gc,heap        ] GC(452) Survivor regions: 1->1(6)
[201.614s][info][gc,heap        ] GC(452) Old regions: 907->859
[201.614s][info][gc,heap        ] GC(452) Humongous regions: 10->10
[201.614s][info][gc,metaspace   ] GC(452) Metaspace: 18549K(18688K)->18549K(18688K) NonClass: 16720K(16832K)->16720K(16832K) Class: 1828K(1856K)->1828K(1856K)
[201.614s][info][gc             ] GC(452) Pause Young (Mixed) (G1 Evacuation Pause) (Evacuation Failure: Allocation) 964M->869M(978M) 128.361ms
[201.614s][info][gc,cpu         ] GC(452) User=0.25s Sys=0.00s Real=0.13s
[201.678s][info][gc,start       ] GC(453) Pause Young (Concurrent Start) (G1 Evacuation Pause)
[201.678s][info][gc,task        ] GC(453) Using 2 workers of 2 for evacuation
[201.684s][info][gc,phases      ] GC(453)   Pre Evacuate Collection Set: 0.45ms
[201.684s][info][gc,phases      ] GC(453)   Merge Heap Roots: 0.09ms
[201.684s][info][gc,phases      ] GC(453)   Evacuate Collection Set: 5.08ms
[201.684s][info][gc,phases      ] GC(453)   Post Evacuate Collection Set: 0.35ms
[201.684s][info][gc,phases      ] GC(453)   Other: 0.30ms
[201.684s][info][gc,heap        ] GC(453) Eden regions: 57->0(69)
[201.684s][info][gc,heap        ] GC(453) Survivor regions: 1->2(8)
[201.684s][info][gc,heap        ] GC(453) Old regions: 859->845
[201.684s][info][gc,heap        ] GC(453) Humongous regions: 10->10
[201.684s][info][gc,metaspace   ] GC(453) Metaspace: 18549K(18688K)->18549K(18688K) NonClass: 16720K(16832K)->16720K(16832K) Class: 1828K(1856K)->1828K(1856K)
[201.684s][info][gc             ] GC(453) Pause Young (Concurrent Start) (G1 Evacuation Pause) 926M->855M(978M) 6.499ms
[201.684s][info][gc,cpu         ] GC(453) User=0.01s Sys=0.00s Real=0.01s
[201.684s][info][gc             ] GC(454) Concurrent Mark Cycle
[201.684s][info][gc,marking     ] GC(454) Concurrent Scan Root Regions
[201.690s][info][gc,marking     ] GC(454) Concurrent Scan Root Regions 5.911ms
[201.690s][info][gc,marking     ] GC(454) Concurrent Mark
[201.690s][info][gc,marking     ] GC(454) Concurrent Mark From Roots
[201.690s][info][gc,task        ] GC(454) Using 1 workers of 1 for marking
[201.825s][info][gc,start       ] GC(455) Pause Young (Normal) (G1 Evacuation Pause)
[201.825s][info][gc,task        ] GC(455) Using 2 workers of 2 for evacuation
[201.830s][info][gc,phases      ] GC(455)   Pre Evacuate Collection Set: 0.58ms
[201.831s][info][gc,phases      ] GC(455)   Merge Heap Roots: 0.09ms
[201.831s][info][gc,phases      ] GC(455)   Evacuate Collection Set: 4.14ms
[201.831s][info][gc,phases      ] GC(455)   Post Evacuate Collection Set: 0.34ms
[201.831s][info][gc,phases      ] GC(455)   Other: 0.10ms
[201.831s][info][gc,heap        ] GC(455) Eden regions: 69->0(67)
[201.831s][info][gc,heap        ] GC(455) Survivor regions: 2->3(9)
[201.831s][info][gc,heap        ] GC(455) Old regions: 845->845
[201.831s][info][gc,heap        ] GC(455) Humongous regions: 10->10
[201.831s][info][gc,metaspace   ] GC(455) Metaspace: 18549K(18688K)->18549K(18688K) NonClass: 16720K(16832K)->16720K(16832K) Class: 1828K(1856K)->1828K(1856K)
[201.831s][info][gc             ] GC(455) Pause Young (Normal) (G1 Evacuation Pause) 924M->856M(978M) 5.462ms
[201.831s][info][gc,cpu         ] GC(455) User=0.01s Sys=0.00s Real=0.01s
[202.147s][info][gc,start       ] GC(456) Pause Young (Normal) (G1 Evacuation Pause)
[202.147s][info][gc,task        ] GC(456) Using 2 workers of 2 for evacuation
[202.153s][info][gc,phases      ] GC(456)   Pre Evacuate Collection Set: 0.33ms
[202.153s][info][gc,phases      ] GC(456)   Merge Heap Roots: 0.12ms
[202.153s][info][gc,phases      ] GC(456)   Evacuate Collection Set: 5.26ms
[202.153s][info][gc,phases      ] GC(456)   Post Evacuate Collection Set: 0.36ms
[202.153s][info][gc,phases      ] GC(456)   Other: 0.09ms
[202.153s][info][gc,heap        ] GC(456) Eden regions: 67->0(67)
[202.153s][info][gc,heap        ] GC(456) Survivor regions: 3->3(9)
[202.153s][info][gc,heap        ] GC(456) Old regions: 845->845
[202.153s][info][gc,heap        ] GC(456) Humongous regions: 10->10
[202.153s][info][gc,metaspace   ] GC(456) Metaspace: 18549K(18688K)->18549K(18688K) NonClass: 16720K(16832K)->16720K(16832K) Class: 1828K(1856K)->1828K(1856K)
[202.154s][info][gc             ] GC(456) Pause Young (Normal) (G1 Evacuation Pause) 923M->857M(978M) 6.440ms
[202.154s][info][gc,cpu         ] GC(456) User=0.02s Sys=0.00s Real=0.01s
[202.366s][info][gc,start       ] GC(457) Pause Young (Normal) (G1 Evacuation Pause)
[202.366s][info][gc,task        ] GC(457) Using 2 workers of 2 for evacuation
[202.371s][info][gc,phases      ] GC(457)   Pre Evacuate Collection Set: 0.30ms
[202.371s][info][gc,phases      ] GC(457)   Merge Heap Roots: 0.09ms
[202.371s][info][gc,phases      ] GC(457)   Evacuate Collection Set: 4.74ms
[202.371s][info][gc,phases      ] GC(457)   Post Evacuate Collection Set: 0.35ms
[202.371s][info][gc,phases      ] GC(457)   Other: 0.07ms
[202.371s][info][gc,heap        ] GC(457) Eden regions: 67->0(65)
[202.371s][info][gc,heap        ] GC(457) Survivor regions: 3->4(9)
[202.371s][info][gc,heap        ] GC(457) Old regions: 845->845
[202.371s][info][gc,heap        ] GC(457) Humongous regions: 10->10
[202.371s][info][gc,metaspace   ] GC(457) Metaspace: 18549K(18688K)->18549K(18688K) NonClass: 16720K(16832K)->16720K(16832K) Class: 1828K(1856K)->1828K(1856K)
[202.371s][info][gc             ] GC(457) Pause Young (Normal) (G1 Evacuation Pause) 924M->857M(978M) 5.799ms
[202.371s][info][gc,cpu         ] GC(457) User=0.02s Sys=0.00s Real=0.01s
[202.602s][info][gc,start       ] GC(458) Pause Young (Normal) (G1 Evacuation Pause)
[202.602s][info][gc,task        ] GC(458) Using 2 workers of 2 for evacuation
[202.609s][info][gc,phases      ] GC(458)   Pre Evacuate Collection Set: 0.33ms
[202.609s][info][gc,phases      ] GC(458)   Merge Heap Roots: 0.13ms
[202.609s][info][gc,phases      ] GC(458)   Evacuate Collection Set: 5.42ms
[202.609s][info][gc,phases      ] GC(458)   Post Evacuate Collection Set: 0.34ms
[202.609s][info][gc,phases      ] GC(458)   Other: 0.10ms
[202.609s][info][gc,heap        ] GC(458) Eden regions: 65->0(65)
[202.609s][info][gc,heap        ] GC(458) Survivor regions: 4->4(9)
[202.609s][info][gc,heap        ] GC(458) Old regions: 845->845
[202.609s][info][gc,heap        ] GC(458) Humongous regions: 10->10
[202.609s][info][gc,metaspace   ] GC(458) Metaspace: 18549K(18688K)->18549K(18688K) NonClass: 16720K(16832K)->16720K(16832K) Class: 1828K(1856K)->1828K(1856K)
[202.609s][info][gc             ] GC(458) Pause Young (Normal) (G1 Evacuation Pause) 922M->857M(978M) 6.616ms
[202.609s][info][gc,cpu         ] GC(458) User=0.01s Sys=0.00s Real=0.00s
[202.865s][info][gc,start       ] GC(459) Pause Young (Normal) (G1 Evacuation Pause)
[202.865s][info][gc,task        ] GC(459) Using 2 workers of 2 for evacuation
[202.872s][info][gc,phases      ] GC(459)   Pre Evacuate Collection Set: 0.30ms
[202.872s][info][gc,phases      ] GC(459)   Merge Heap Roots: 0.14ms
[202.872s][info][gc,phases      ] GC(459)   Evacuate Collection Set: 6.38ms
[202.872s][info][gc,phases      ] GC(459)   Post Evacuate Collection Set: 0.33ms
[202.872s][info][gc,phases      ] GC(459)   Other: 0.11ms
[202.872s][info][gc,heap        ] GC(459) Eden regions: 65->0(65)
[202.872s][info][gc,heap        ] GC(459) Survivor regions: 4->4(9)
[202.872s][info][gc,heap        ] GC(459) Old regions: 845->845
[202.872s][info][gc,heap        ] GC(459) Humongous regions: 10->10
[202.872s][info][gc,metaspace   ] GC(459) Metaspace: 18549K(18688K)->18549K(18688K) NonClass: 16720K(16832K)->16720K(16832K) Class: 1828K(1856K)->1828K(1856K)
[202.872s][info][gc             ] GC(459) Pause Young (Normal) (G1 Evacuation Pause) 922M->858M(978M) 7.509ms
[202.872s][info][gc,cpu         ] GC(459) User=0.02s Sys=0.00s Real=0.01s
[203.051s][info][gc,start       ] GC(460) Pause Young (Normal) (G1 Evacuation Pause)
[203.051s][info][gc,task        ] GC(460) Using 2 workers of 2 for evacuation
[203.084s][info][gc,phases      ] GC(460)   Pre Evacuate Collection Set: 0.55ms
[203.084s][info][gc,phases      ] GC(460)   Merge Heap Roots: 0.17ms
[203.084s][info][gc,phases      ] GC(460)   Evacuate Collection Set: 32.21ms
[203.084s][info][gc,phases      ] GC(460)   Post Evacuate Collection Set: 0.35ms
[203.084s][info][gc,phases      ] GC(460)   Other: 0.10ms
[203.084s][info][gc,heap        ] GC(460) Eden regions: 65->0(39)
[203.084s][info][gc,heap        ] GC(460) Survivor regions: 4->9(9)
[203.084s][info][gc,heap        ] GC(460) Old regions: 845->862
[203.084s][info][gc,heap        ] GC(460) Humongous regions: 10->10
[203.084s][info][gc,metaspace   ] GC(460) Metaspace: 18549K(18688K)->18549K(18688K) NonClass: 16720K(16832K)->16720K(16832K) Class: 1828K(1856K)->1828K(1856K)
[203.084s][info][gc             ] GC(460) Pause Young (Normal) (G1 Evacuation Pause) 923M->880M(978M) 33.626ms
[203.084s][info][gc,cpu         ] GC(460) User=0.06s Sys=0.00s Real=0.03s
[203.224s][info][gc,start       ] GC(461) Pause Young (Normal) (G1 Evacuation Pause)
[203.224s][info][gc,task        ] GC(461) Using 2 workers of 2 for evacuation
[203.245s][info][gc,phases      ] GC(461)   Pre Evacuate Collection Set: 0.30ms
[203.245s][info][gc,phases      ] GC(461)   Merge Heap Roots: 0.09ms
[203.245s][info][gc,phases      ] GC(461)   Evacuate Collection Set: 20.33ms
[203.245s][info][gc,phases      ] GC(461)   Post Evacuate Collection Set: 0.33ms
[203.245s][info][gc,phases      ] GC(461)   Other: 0.07ms
[203.245s][info][gc,heap        ] GC(461) Eden regions: 39->0(42)
[203.245s][info][gc,heap        ] GC(461) Survivor regions: 9->6(6)
[203.245s][info][gc,heap        ] GC(461) Old regions: 862->874
[203.245s][info][gc,heap        ] GC(461) Humongous regions: 10->10
[203.245s][info][gc,metaspace   ] GC(461) Metaspace: 18552K(18688K)->18552K(18688K) NonClass: 16723K(16832K)->16723K(16832K) Class: 1828K(1856K)->1828K(1856K)
[203.245s][info][gc             ] GC(461) Pause Young (Normal) (G1 Evacuation Pause) 919M->889M(978M) 21.373ms
[203.245s][info][gc,cpu         ] GC(461) User=0.04s Sys=0.00s Real=0.02s
[203.331s][info][gc,start       ] GC(462) Pause Young (Normal) (G1 Evacuation Pause)
[203.331s][info][gc,task        ] GC(462) Using 2 workers of 2 for evacuation
[203.355s][info][gc,phases      ] GC(462)   Pre Evacuate Collection Set: 0.31ms
[203.355s][info][gc,phases      ] GC(462)   Merge Heap Roots: 0.07ms
[203.355s][info][gc,phases      ] GC(462)   Evacuate Collection Set: 22.51ms
[203.355s][info][gc,phases      ] GC(462)   Post Evacuate Collection Set: 0.38ms
[203.355s][info][gc,phases      ] GC(462)   Other: 0.07ms
[203.355s][info][gc,heap        ] GC(462) Eden regions: 42->0(42)
[203.355s][info][gc,heap        ] GC(462) Survivor regions: 6->6(6)
[203.355s][info][gc,heap        ] GC(462) Old regions: 874->889
[203.355s][info][gc,heap        ] GC(462) Humongous regions: 10->10
[203.355s][info][gc,metaspace   ] GC(462) Metaspace: 18552K(18688K)->18552K(18688K) NonClass: 16723K(16832K)->16723K(16832K) Class: 1828K(1856K)->1828K(1856K)
[203.355s][info][gc             ] GC(462) Pause Young (Normal) (G1 Evacuation Pause) 931M->904M(978M) 23.631ms
[203.355s][info][gc,cpu         ] GC(462) User=0.05s Sys=0.00s Real=0.02s
[203.425s][info][gc,start       ] GC(463) Pause Young (Normal) (G1 Evacuation Pause)
[203.425s][info][gc,task        ] GC(463) Using 2 workers of 2 for evacuation
[203.453s][info][gc,phases      ] GC(463)   Pre Evacuate Collection Set: 0.56ms
[203.453s][info][gc,phases      ] GC(463)   Merge Heap Roots: 0.19ms
[203.453s][info][gc,phases      ] GC(463)   Evacuate Collection Set: 27.30ms
[203.453s][info][gc,phases      ] GC(463)   Post Evacuate Collection Set: 0.42ms
[203.453s][info][gc,phases      ] GC(463)   Other: 0.13ms
[203.453s][info][gc,heap        ] GC(463) Eden regions: 42->0(42)
[203.453s][info][gc,heap        ] GC(463) Survivor regions: 6->6(6)
[203.453s][info][gc,heap        ] GC(463) Old regions: 889->907
[203.453s][info][gc,heap        ] GC(463) Humongous regions: 10->10
[203.453s][info][gc,metaspace   ] GC(463) Metaspace: 18552K(18688K)->18552K(18688K) NonClass: 16723K(16832K)->16723K(16832K) Class: 1828K(1856K)->1828K(1856K)
[203.453s][info][gc             ] GC(463) Pause Young (Normal) (G1 Evacuation Pause) 946M->922M(978M) 28.838ms
[203.453s][info][gc,cpu         ] GC(463) User=0.05s Sys=0.00s Real=0.03s
[203.597s][info][gc,start       ] GC(464) Pause Young (Normal) (G1 Evacuation Pause)
[203.597s][info][gc,task        ] GC(464) Using 2 workers of 2 for evacuation
[203.635s][info][gc,phases      ] GC(464)   Pre Evacuate Collection Set: 0.33ms
[203.636s][info][gc,phases      ] GC(464)   Merge Heap Roots: 0.29ms
[203.636s][info][gc,phases      ] GC(464)   Evacuate Collection Set: 35.02ms
[203.636s][info][gc,phases      ] GC(464)   Post Evacuate Collection Set: 2.81ms
[203.636s][info][gc,phases      ] GC(464)   Other: 0.09ms
[203.636s][info][gc,heap        ] GC(464) Eden regions: 42->0(16)
[203.636s][info][gc,heap        ] GC(464) Survivor regions: 6->6(6)
[203.636s][info][gc,heap        ] GC(464) Old regions: 907->939
[203.636s][info][gc,heap        ] GC(464) Humongous regions: 11->11
[203.636s][info][gc,metaspace   ] GC(464) Metaspace: 18552K(18688K)->18552K(18688K) NonClass: 16723K(16832K)->16723K(16832K) Class: 1828K(1856K)->1828K(1856K)
[203.636s][info][gc             ] GC(464) Pause Young (Normal) (G1 Evacuation Pause) (Evacuation Failure: Allocation) 965M->955M(978M) 38.778ms
[203.636s][info][gc,cpu         ] GC(464) User=0.08s Sys=0.00s Real=0.04s
[203.682s][info][gc,start       ] GC(465) Pause Young (Normal) (G1 Evacuation Pause)
[203.682s][info][gc,task        ] GC(465) Using 2 workers of 2 for evacuation
[203.719s][info][gc,phases      ] GC(465)   Pre Evacuate Collection Set: 0.57ms
[203.719s][info][gc,phases      ] GC(465)   Merge Heap Roots: 0.58ms
[203.719s][info][gc,phases      ] GC(465)   Evacuate Collection Set: 32.58ms
[203.719s][info][gc,phases      ] GC(465)   Post Evacuate Collection Set: 3.58ms
[203.719s][info][gc,phases      ] GC(465)   Other: 0.08ms
[203.719s][info][gc,heap        ] GC(465) Eden regions: 16->0(9)
[203.719s][info][gc,heap        ] GC(465) Survivor regions: 6->2(3)
[203.719s][info][gc,heap        ] GC(465) Old regions: 939->954
[203.719s][info][gc,heap        ] GC(465) Humongous regions: 11->11
[203.719s][info][gc,metaspace   ] GC(465) Metaspace: 18552K(18688K)->18552K(18688K) NonClass: 16723K(16832K)->16723K(16832K) Class: 1828K(1856K)->1828K(1856K)
[203.719s][info][gc             ] GC(465) Pause Young (Normal) (G1 Evacuation Pause) (Evacuation Failure: Allocation) 971M->966M(978M) 37.670ms
[203.719s][info][gc,cpu         ] GC(465) User=0.07s Sys=0.00s Real=0.03s
[203.740s][info][gc,start       ] GC(466) Pause Young (Normal) (G1 Evacuation Pause)
[203.740s][info][gc,task        ] GC(466) Using 2 workers of 2 for evacuation
[203.768s][info][gc,phases      ] GC(466)   Pre Evacuate Collection Set: 0.57ms
[203.768s][info][gc,phases      ] GC(466)   Merge Heap Roots: 0.48ms
[203.768s][info][gc,phases      ] GC(466)   Evacuate Collection Set: 23.15ms
[203.768s][info][gc,phases      ] GC(466)   Post Evacuate Collection Set: 3.41ms
[203.768s][info][gc,phases      ] GC(466)   Other: 0.08ms
[203.768s][info][gc,heap        ] GC(466) Eden regions: 9->0(8)
[203.768s][info][gc,heap        ] GC(466) Survivor regions: 2->1(2)
[203.768s][info][gc,heap        ] GC(466) Old regions: 954->957
[203.768s][info][gc,heap        ] GC(466) Humongous regions: 11->11
[203.768s][info][gc,metaspace   ] GC(466) Metaspace: 18552K(18688K)->18552K(18688K) NonClass: 16723K(16832K)->16723K(16832K) Class: 1828K(1856K)->1828K(1856K)
[203.768s][info][gc             ] GC(466) Pause Young (Normal) (G1 Evacuation Pause) (Evacuation Failure: Allocation) 975M->968M(978M) 27.966ms
[203.768s][info][gc,cpu         ] GC(466) User=0.05s Sys=0.00s Real=0.03s
[203.783s][info][gc,start       ] GC(467) Pause Young (Normal) (G1 Evacuation Pause)
[203.783s][info][gc,task        ] GC(467) Using 2 workers of 2 for evacuation
[203.807s][info][gc,phases      ] GC(467)   Pre Evacuate Collection Set: 0.52ms
[203.807s][info][gc,phases      ] GC(467)   Merge Heap Roots: 0.35ms
[203.807s][info][gc,phases      ] GC(467)   Evacuate Collection Set: 20.18ms
[203.807s][info][gc,phases      ] GC(467)   Post Evacuate Collection Set: 3.02ms
[203.807s][info][gc,phases      ] GC(467)   Other: 0.07ms
[203.807s][info][gc,heap        ] GC(467) Eden regions: 8->0(8)
[203.807s][info][gc,heap        ] GC(467) Survivor regions: 1->1(1)
[203.807s][info][gc,heap        ] GC(467) Old regions: 957->957
[203.807s][info][gc,heap        ] GC(467) Humongous regions: 11->11
[203.807s][info][gc,metaspace   ] GC(467) Metaspace: 18552K(18688K)->18552K(18688K) NonClass: 16723K(16832K)->16723K(16832K) Class: 1828K(1856K)->1828K(1856K)
[203.807s][info][gc             ] GC(467) Pause Young (Normal) (G1 Evacuation Pause) (Evacuation Failure: Allocation) 976M->968M(978M) 24.393ms
[203.807s][info][gc,cpu         ] GC(467) User=0.04s Sys=0.00s Real=0.02s
[203.821s][info][gc,start       ] GC(468) Pause Young (Normal) (G1 Evacuation Pause)
[203.821s][info][gc,task        ] GC(468) Using 2 workers of 2 for evacuation
[203.845s][info][gc,phases      ] GC(468)   Pre Evacuate Collection Set: 0.48ms
[203.845s][info][gc,phases      ] GC(468)   Merge Heap Roots: 0.33ms
[203.845s][info][gc,phases      ] GC(468)   Evacuate Collection Set: 20.05ms
[203.845s][info][gc,phases      ] GC(468)   Post Evacuate Collection Set: 3.04ms
[203.845s][info][gc,phases      ] GC(468)   Other: 0.07ms
[203.845s][info][gc,heap        ] GC(468) Eden regions: 8->0(8)
[203.845s][info][gc,heap        ] GC(468) Survivor regions: 1->1(1)
[203.846s][info][gc,heap        ] GC(468) Old regions: 957->957
[203.846s][info][gc,heap        ] GC(468) Humongous regions: 11->11
[203.846s][info][gc,metaspace   ] GC(468) Metaspace: 18552K(18688K)->18552K(18688K) NonClass: 16723K(16832K)->16723K(16832K) Class: 1828K(1856K)->1828K(1856K)
[203.846s][info][gc             ] GC(468) Pause Young (Normal) (G1 Evacuation Pause) (Evacuation Failure: Allocation) 976M->968M(978M) 24.230ms
[203.846s][info][gc,cpu         ] GC(468) User=0.05s Sys=0.00s Real=0.02s
[203.865s][info][gc,start       ] GC(469) Pause Young (Normal) (G1 Evacuation Pause)
[203.866s][info][gc,task        ] GC(469) Using 2 workers of 2 for evacuation
[203.890s][info][gc,phases      ] GC(469)   Pre Evacuate Collection Set: 0.51ms
[203.890s][info][gc,phases      ] GC(469)   Merge Heap Roots: 0.35ms
[203.890s][info][gc,phases      ] GC(469)   Evacuate Collection Set: 20.63ms
[203.890s][info][gc,phases      ] GC(469)   Post Evacuate Collection Set: 3.08ms
[203.890s][info][gc,phases      ] GC(469)   Other: 0.07ms
[203.890s][info][gc,heap        ] GC(469) Eden regions: 8->0(7)
[203.890s][info][gc,heap        ] GC(469) Survivor regions: 1->1(1)
[203.890s][info][gc,heap        ] GC(469) Old regions: 957->958
[203.890s][info][gc,heap        ] GC(469) Humongous regions: 11->11
[203.890s][info][gc,metaspace   ] GC(469) Metaspace: 18552K(18688K)->18552K(18688K) NonClass: 16723K(16832K)->16723K(16832K) Class: 1828K(1856K)->1828K(1856K)
[203.890s][info][gc             ] GC(469) Pause Young (Normal) (G1 Evacuation Pause) (Evacuation Failure: Allocation) 976M->969M(978M) 24.875ms
[203.890s][info][gc,cpu         ] GC(469) User=0.05s Sys=0.00s Real=0.02s
[203.903s][info][gc,start       ] GC(470) Pause Young (Normal) (G1 Evacuation Pause)
[203.903s][info][gc,task        ] GC(470) Using 2 workers of 2 for evacuation
[203.929s][info][gc,phases      ] GC(470)   Pre Evacuate Collection Set: 0.31ms
[203.929s][info][gc,phases      ] GC(470)   Merge Heap Roots: 0.32ms
[203.929s][info][gc,phases      ] GC(470)   Evacuate Collection Set: 21.17ms
[203.929s][info][gc,phases      ] GC(470)   Post Evacuate Collection Set: 3.22ms
[203.929s][info][gc,phases      ] GC(470)   Other: 0.07ms
[203.929s][info][gc,heap        ] GC(470) Eden regions: 7->0(6)
[203.929s][info][gc,heap        ] GC(470) Survivor regions: 1->1(1)
[203.929s][info][gc,heap        ] GC(470) Old regions: 958->959
[203.929s][info][gc,heap        ] GC(470) Humongous regions: 11->11
[203.929s][info][gc,metaspace   ] GC(470) Metaspace: 18552K(18688K)->18552K(18688K) NonClass: 16723K(16832K)->16723K(16832K) Class: 1828K(1856K)->1828K(1856K)
[203.929s][info][gc             ] GC(470) Pause Young (Normal) (G1 Evacuation Pause) (Evacuation Failure: Allocation) 976M->970M(978M) 25.305ms
[203.929s][info][gc,cpu         ] GC(470) User=0.05s Sys=0.00s Real=0.02s
[203.942s][info][gc,start       ] GC(471) Pause Young (Normal) (G1 Evacuation Pause)
[203.942s][info][gc,task        ] GC(471) Using 2 workers of 2 for evacuation
[203.967s][info][gc,phases      ] GC(471)   Pre Evacuate Collection Set: 0.33ms
[203.967s][info][gc,phases      ] GC(471)   Merge Heap Roots: 0.35ms
[203.967s][info][gc,phases      ] GC(471)   Evacuate Collection Set: 21.22ms
[203.967s][info][gc,phases      ] GC(471)   Post Evacuate Collection Set: 3.42ms
[203.967s][info][gc,phases      ] GC(471)   Other: 0.07ms
[203.967s][info][gc,heap        ] GC(471) Eden regions: 6->0(1)
[203.967s][info][gc,heap        ] GC(471) Survivor regions: 1->0(1)
[203.967s][info][gc,heap        ] GC(471) Old regions: 959->966
[203.967s][info][gc,heap        ] GC(471) Humongous regions: 11->11
[203.967s][info][gc,metaspace   ] GC(471) Metaspace: 18552K(18688K)->18552K(18688K) NonClass: 16723K(16832K)->16723K(16832K) Class: 1828K(1856K)->1828K(1856K)
[203.967s][info][gc             ] GC(471) Pause Young (Normal) (G1 Evacuation Pause) (Evacuation Failure: Allocation) 976M->976M(978M) 25.636ms
[203.967s][info][gc,cpu         ] GC(471) User=0.05s Sys=0.00s Real=0.02s
[203.971s][info][gc,start       ] GC(472) Pause Young (Normal) (G1 Evacuation Pause)
[203.972s][info][gc,task        ] GC(472) Using 2 workers of 2 for evacuation
[203.994s][info][gc,phases      ] GC(472)   Pre Evacuate Collection Set: 0.29ms
[203.994s][info][gc,phases      ] GC(472)   Merge Heap Roots: 0.33ms
[203.994s][info][gc,phases      ] GC(472)   Evacuate Collection Set: 18.71ms
[203.994s][info][gc,phases      ] GC(472)   Post Evacuate Collection Set: 3.36ms
[203.994s][info][gc,phases      ] GC(472)   Other: 0.09ms
[203.994s][info][gc,heap        ] GC(472) Eden regions: 1->0(0)
[203.994s][info][gc,heap        ] GC(472) Survivor regions: 0->0(0)
[203.994s][info][gc,heap        ] GC(472) Old regions: 966->967
[203.994s][info][gc,heap        ] GC(472) Humongous regions: 11->11
[203.994s][info][gc,metaspace   ] GC(472) Metaspace: 18552K(18688K)->18552K(18688K) NonClass: 16723K(16832K)->16723K(16832K) Class: 1828K(1856K)->1828K(1856K)
[203.995s][info][gc             ] GC(472) Pause Young (Normal) (G1 Evacuation Pause) (Evacuation Failure: Allocation) 977M->977M(978M) 23.032ms
[203.995s][info][gc,cpu         ] GC(472) User=0.05s Sys=0.00s Real=0.02s
[203.995s][info][gc,ergo        ] Attempting full compaction
[203.995s][info][gc,start       ] GC(473) Pause Full (G1 Compaction Pause)
[203.995s][info][gc,task        ] GC(473) Using 2 workers of 2 for full compaction
[203.996s][info][gc,phases,start] GC(473) Phase 1: Mark live objects
[204.303s][info][metaspace      ] ChkMgr @0x00007f59a415e580 (non-class-space): : reclaiming memory...
[204.303s][info][metaspace      ] ChkMgr @0x00007f59a415e580 (non-class-space): nothing reclaimed.
[204.303s][info][metaspace      ] ChkMgr @0x00007f59a415c690 (class-space): : reclaiming memory...
[204.303s][info][metaspace      ] ChkMgr @0x00007f59a415c690 (class-space): nothing reclaimed.
[204.303s][info][gc,phases      ] GC(473) Phase 1: Mark live objects 306.726ms
[204.303s][info][gc,phases,start] GC(473) Phase 2: Prepare compaction
[204.318s][info][gc,phases      ] GC(473) Phase 2: Prepare compaction 14.922ms
[204.318s][info][gc,phases,start] GC(473) Phase 3: Adjust pointers
[204.431s][info][gc,phases      ] GC(473) Phase 3: Adjust pointers 112.537ms
[204.431s][info][gc,phases,start] GC(473) Phase 4: Compact heap
[204.461s][info][gc,phases      ] GC(473) Phase 4: Compact heap 29.832ms
[204.461s][info][gc,phases,start] GC(473) Phase 5: Reset Metadata
[204.510s][info][gc,phases      ] GC(473) Phase 5: Reset Metadata 49.530ms
[204.519s][info][gc,heap        ] GC(473) Eden regions: 0->0(494)
[204.519s][info][gc,heap        ] GC(473) Survivor regions: 0->0(0)
[204.519s][info][gc,heap        ] GC(473) Old regions: 967->319
[204.519s][info][gc,heap        ] GC(473) Humongous regions: 11->4
[204.519s][info][gc,metaspace   ] GC(473) Metaspace: 18552K(18688K)->18521K(18688K) NonClass: 16723K(16832K)->16692K(16832K) Class: 1828K(1856K)->1828K(1856K)
[204.519s][info][gc             ] GC(473) Pause Full (G1 Compaction Pause) 977M->321M(978M) 524.432ms
[204.519s][info][gc,cpu         ] GC(473) User=1.01s Sys=0.01s Real=0.52s
[204.521s][info][gc,marking     ] GC(454) Concurrent Mark From Roots 2830.333ms
[204.521s][info][gc,marking     ] GC(454) Concurrent Mark Abort
[204.521s][info][gc             ] GC(454) Concurrent Mark Cycle 2836.391ms
[204.893s][info][gc,start       ] GC(474) Pause Young (Normal) (G1 Evacuation Pause)
[204.893s][info][gc,task        ] GC(474) Using 2 workers of 2 for evacuation
[205.016s][info][gc,phases      ] GC(474)   Pre Evacuate Collection Set: 0.33ms
[205.016s][info][gc,phases      ] GC(474)   Merge Heap Roots: 0.48ms
[205.016s][info][gc,phases      ] GC(474)   Evacuate Collection Set: 121.45ms
[205.016s][info][gc,phases      ] GC(474)   Post Evacuate Collection Set: 0.79ms
[205.016s][info][gc,phases      ] GC(474)   Other: 0.12ms
[205.016s][info][gc,heap        ] GC(474) Eden regions: 494->0(376)
[205.016s][info][gc,heap        ] GC(474) Survivor regions: 0->62(62)
[205.016s][info][gc,heap        ] GC(474) Old regions: 319->357
[205.016s][info][gc,heap        ] GC(474) Humongous regions: 4->4
[205.016s][info][gc,metaspace   ] GC(474) Metaspace: 18521K(18688K)->18521K(18688K) NonClass: 16692K(16832K)->16692K(16832K) Class: 1828K(1856K)->1828K(1856K)
[205.016s][info][gc             ] GC(474) Pause Young (Normal) (G1 Evacuation Pause) 815M->420M(978M) 123.411ms
[205.016s][info][gc,cpu         ] GC(474) User=0.24s Sys=0.00s Real=0.12s
[205.298s][info][gc,start       ] GC(475) Pause Young (Concurrent Start) (G1 Humongous Allocation)
[205.298s][info][gc,task        ] GC(475) Using 2 workers of 2 for evacuation
[205.421s][info][gc,phases      ] GC(475)   Pre Evacuate Collection Set: 0.37ms
[205.421s][info][gc,phases      ] GC(475)   Merge Heap Roots: 0.20ms
[205.421s][info][gc,phases      ] GC(475)   Evacuate Collection Set: 121.81ms
[205.421s][info][gc,phases      ] GC(475)   Post Evacuate Collection Set: 0.59ms
[205.421s][info][gc,phases      ] GC(475)   Other: 0.20ms
[205.421s][info][gc,heap        ] GC(475) Eden regions: 154->0(343)
[205.421s][info][gc,heap        ] GC(475) Survivor regions: 62->46(55)
[205.421s][info][gc,heap        ] GC(475) Old regions: 357->419
[205.421s][info][gc,heap        ] GC(475) Humongous regions: 4->4
[205.421s][info][gc,metaspace   ] GC(475) Metaspace: 18521K(18688K)->18521K(18688K) NonClass: 16692K(16832K)->16692K(16832K) Class: 1828K(1856K)->1828K(1856K)
[205.422s][info][gc             ] GC(475) Pause Young (Concurrent Start) (G1 Humongous Allocation) 574M->466M(978M) 123.434ms
[205.422s][info][gc             ] GC(476) Concurrent Mark Cycle
[205.422s][info][gc,marking     ] GC(476) Concurrent Scan Root Regions
[205.422s][info][gc,cpu         ] GC(475) User=0.24s Sys=0.00s Real=0.13s
[205.572s][info][gc,marking     ] GC(476) Concurrent Scan Root Regions 150.299ms
[205.572s][info][gc,marking     ] GC(476) Concurrent Mark
[205.572s][info][gc,marking     ] GC(476) Concurrent Mark From Roots
[205.572s][info][gc,task        ] GC(476) Using 1 workers of 1 for marking
[206.002s][info][gc,start       ] GC(477) Pause Young (Normal) (G1 Evacuation Pause)
[206.002s][info][gc,task        ] GC(477) Using 2 workers of 2 for evacuation
[206.093s][info][gc,phases      ] GC(477)   Pre Evacuate Collection Set: 0.57ms
[206.093s][info][gc,phases      ] GC(477)   Merge Heap Roots: 0.20ms
[206.093s][info][gc,phases      ] GC(477)   Evacuate Collection Set: 89.82ms
[206.093s][info][gc,phases      ] GC(477)   Post Evacuate Collection Set: 0.67ms
[206.093s][info][gc,phases      ] GC(477)   Other: 0.09ms
[206.093s][info][gc,heap        ] GC(477) Eden regions: 343->0(320)
[206.093s][info][gc,heap        ] GC(477) Survivor regions: 46->37(49)
[206.093s][info][gc,heap        ] GC(477) Old regions: 419->464
[206.093s][info][gc,heap        ] GC(477) Humongous regions: 5->5
[206.093s][info][gc,metaspace   ] GC(477) Metaspace: 18521K(18688K)->18521K(18688K) NonClass: 16692K(16832K)->16692K(16832K) Class: 1828K(1856K)->1828K(1856K)
[206.093s][info][gc             ] GC(477) Pause Young (Normal) (G1 Evacuation Pause) 810M->503M(978M) 91.629ms
[206.093s][info][gc,cpu         ] GC(477) User=0.18s Sys=0.00s Real=0.09s
[206.918s][info][gc,start       ] GC(478) Pause Young (Normal) (G1 Evacuation Pause)
[206.919s][info][gc,task        ] GC(478) Using 2 workers of 2 for evacuation
[207.011s][info][gc,phases      ] GC(478)   Pre Evacuate Collection Set: 0.32ms
[207.011s][info][gc,phases      ] GC(478)   Merge Heap Roots: 0.29ms
[207.011s][info][gc,phases      ] GC(478)   Evacuate Collection Set: 90.55ms
[207.011s][info][gc,phases      ] GC(478)   Post Evacuate Collection Set: 0.71ms
[207.011s][info][gc,phases      ] GC(478)   Other: 0.12ms
[207.011s][info][gc,heap        ] GC(478) Eden regions: 320->0(285)
[207.011s][info][gc,heap        ] GC(478) Survivor regions: 37->45(45)
[207.011s][info][gc,heap        ] GC(478) Old regions: 464->500
[207.011s][info][gc,heap        ] GC(478) Humongous regions: 5->5
[207.011s][info][gc,metaspace   ] GC(478) Metaspace: 18522K(18688K)->18522K(18688K) NonClass: 16693K(16832K)->16693K(16832K) Class: 1828K(1856K)->1828K(1856K)
[207.011s][info][gc             ] GC(478) Pause Young (Normal) (G1 Evacuation Pause) 823M->547M(978M) 92.244ms
[207.011s][info][gc,cpu         ] GC(478) User=0.18s Sys=0.00s Real=0.10s
[207.021s][info][gc,marking     ] GC(476) Concurrent Mark From Roots 1448.584ms
[207.021s][info][gc,marking     ] GC(476) Concurrent Preclean
[207.021s][info][gc,marking     ] GC(476) Concurrent Preclean 0.060ms
[207.021s][info][gc,start       ] GC(476) Pause Remark
[207.029s][info][gc             ] GC(476) Pause Remark 552M->552M(978M) 8.172ms
[207.029s][info][gc,cpu         ] GC(476) User=0.02s Sys=0.00s Real=0.00s
[207.029s][info][gc,marking     ] GC(476) Concurrent Mark 1457.097ms
[207.029s][info][gc,marking     ] GC(476) Concurrent Rebuild Remembered Sets and Scrub Regions
[207.308s][info][gc,start       ] GC(479) Pause Young (Normal) (G1 Evacuation Pause)
[207.308s][info][gc,task        ] GC(479) Using 2 workers of 2 for evacuation
[207.501s][info][gc,phases      ] GC(479)   Pre Evacuate Collection Set: 0.32ms
[207.501s][info][gc,phases      ] GC(479)   Merge Heap Roots: 0.18ms
[207.501s][info][gc,phases      ] GC(479)   Evacuate Collection Set: 180.36ms
[207.501s][info][gc,phases      ] GC(479)   Post Evacuate Collection Set: 12.25ms
[207.501s][info][gc,phases      ] GC(479)   Other: 0.09ms
[207.501s][info][gc,heap        ] GC(479) Eden regions: 285->0(100)
[207.501s][info][gc,heap        ] GC(479) Survivor regions: 45->42(42)
[207.501s][info][gc,heap        ] GC(479) Old regions: 500->739
[207.501s][info][gc,heap        ] GC(479) Humongous regions: 5->5
[207.501s][info][gc,metaspace   ] GC(479) Metaspace: 18522K(18688K)->18522K(18688K) NonClass: 16693K(16832K)->16693K(16832K) Class: 1828K(1856K)->1828K(1856K)
[207.501s][info][gc             ] GC(479) Pause Young (Normal) (G1 Evacuation Pause) (Evacuation Failure: Allocation) 832M->784M(978M) 193.475ms
[207.501s][info][gc,cpu         ] GC(479) User=0.38s Sys=0.00s Real=0.20s
[207.683s][info][gc,start       ] GC(480) Pause Young (Normal) (G1 Evacuation Pause)
[207.683s][info][gc,task        ] GC(480) Using 2 workers of 2 for evacuation
[207.803s][info][gc,phases      ] GC(480)   Pre Evacuate Collection Set: 0.42ms
[207.803s][info][gc,phases      ] GC(480)   Merge Heap Roots: 0.48ms
[207.803s][info][gc,phases      ] GC(480)   Evacuate Collection Set: 113.79ms
[207.803s][info][gc,phases      ] GC(480)   Post Evacuate Collection Set: 5.17ms
[207.803s][info][gc,phases      ] GC(480)   Other: 0.10ms
[207.803s][info][gc,heap        ] GC(480) Eden regions: 100->0(144)
[207.803s][info][gc,heap        ] GC(480) Survivor regions: 42->14(18)
[207.803s][info][gc,heap        ] GC(480) Old regions: 739->729
[207.803s][info][gc,heap        ] GC(480) Humongous regions: 5->5
[207.803s][info][gc,metaspace   ] GC(480) Metaspace: 18525K(18688K)->18525K(18688K) NonClass: 16696K(16832K)->16696K(16832K) Class: 1828K(1856K)->1828K(1856K)
[207.803s][info][gc             ] GC(480) Pause Young (Normal) (G1 Evacuation Pause) (Evacuation Failure: Allocation) 884M->746M(978M) 120.241ms
[207.803s][info][gc,cpu         ] GC(480) User=0.24s Sys=0.00s Real=0.12s
[207.857s][info][gc,marking     ] GC(476) Concurrent Rebuild Remembered Sets and Scrub Regions 828.387ms
[207.858s][info][gc,start       ] GC(476) Pause Cleanup
[207.858s][info][gc             ] GC(476) Pause Cleanup 772M->772M(978M) 0.123ms
[207.858s][info][gc,cpu         ] GC(476) User=0.00s Sys=0.00s Real=0.00s
[207.858s][info][gc,marking     ] GC(476) Concurrent Clear Claimed Marks
[207.858s][info][gc,marking     ] GC(476) Concurrent Clear Claimed Marks 0.039ms
[207.858s][info][gc,marking     ] GC(476) Concurrent Cleanup for Next Mark
[207.864s][info][gc,marking     ] GC(476) Concurrent Cleanup for Next Mark 6.133ms
[207.864s][info][gc             ] GC(476) Concurrent Mark Cycle 2442.940ms
[207.967s][info][gc,start       ] GC(481) Pause Young (Prepare Mixed) (G1 Evacuation Pause)
[207.967s][info][gc,task        ] GC(481) Using 2 workers of 2 for evacuation
[208.014s][info][gc,phases      ] GC(481)   Pre Evacuate Collection Set: 0.39ms
[208.014s][info][gc,phases      ] GC(481)   Merge Heap Roots: 0.48ms
[208.014s][info][gc,phases      ] GC(481)   Evacuate Collection Set: 44.68ms
[208.014s][info][gc,phases      ] GC(481)   Post Evacuate Collection Set: 0.64ms
[208.014s][info][gc,phases      ] GC(481)   Other: 0.12ms
[208.014s][info][gc,heap        ] GC(481) Eden regions: 144->0(173)
[208.014s][info][gc,heap        ] GC(481) Survivor regions: 14->5(20)
[208.014s][info][gc,heap        ] GC(481) Old regions: 729->710
[208.014s][info][gc,heap        ] GC(481) Humongous regions: 5->5
[208.014s][info][gc,metaspace   ] GC(481) Metaspace: 18526K(18688K)->18526K(18688K) NonClass: 16697K(16832K)->16697K(16832K) Class: 1828K(1856K)->1828K(1856K)
[208.014s][info][gc             ] GC(481) Pause Young (Prepare Mixed) (G1 Evacuation Pause) 890M->717M(978M) 46.585ms
[208.014s][info][gc,cpu         ] GC(481) User=0.09s Sys=0.00s Real=0.05s
[208.221s][info][gc,start       ] GC(482) Pause Young (Mixed) (G1 Evacuation Pause)
[208.221s][info][gc,task        ] GC(482) Using 2 workers of 2 for evacuation
[208.315s][info][gc,phases      ] GC(482)   Pre Evacuate Collection Set: 0.35ms
[208.315s][info][gc,phases      ] GC(482)   Merge Heap Roots: 0.65ms
[208.315s][info][gc,phases      ] GC(482)   Evacuate Collection Set: 92.92ms
[208.315s][info][gc,phases      ] GC(482)   Post Evacuate Collection Set: 0.56ms
[208.315s][info][gc,phases      ] GC(482)   Other: 0.09ms
[208.315s][info][gc,heap        ] GC(482) Eden regions: 170->0(132)
[208.315s][info][gc,heap        ] GC(482) Survivor regions: 5->22(22)
[208.316s][info][gc,heap        ] GC(482) Old regions: 710->733
[208.316s][info][gc,heap        ] GC(482) Humongous regions: 11->11
[208.316s][info][gc,metaspace   ] GC(482) Metaspace: 18526K(18688K)->18526K(18688K) NonClass: 16697K(16832K)->16697K(16832K) Class: 1828K(1856K)->1828K(1856K)
[208.316s][info][gc             ] GC(482) Pause Young (Mixed) (G1 Evacuation Pause) 893M->764M(978M) 94.836ms
[208.316s][info][gc,cpu         ] GC(482) User=0.19s Sys=0.00s Real=0.09s
[208.441s][info][gc,start       ] GC(483) Pause Young (Concurrent Start) (G1 Evacuation Pause)
[208.441s][info][gc,task        ] GC(483) Using 2 workers of 2 for evacuation
[208.517s][info][gc,phases      ] GC(483)   Pre Evacuate Collection Set: 0.33ms
[208.517s][info][gc,phases      ] GC(483)   Merge Heap Roots: 0.35ms
[208.517s][info][gc,phases      ] GC(483)   Evacuate Collection Set: 74.62ms
[208.517s][info][gc,phases      ] GC(483)   Post Evacuate Collection Set: 0.47ms
[208.517s][info][gc,phases      ] GC(483)   Other: 0.10ms
[208.517s][info][gc,heap        ] GC(483) Eden regions: 132->0(115)
[208.517s][info][gc,heap        ] GC(483) Survivor regions: 22->20(20)
[208.517s][info][gc,heap        ] GC(483) Old regions: 733->762
[208.517s][info][gc,heap        ] GC(483) Humongous regions: 11->11
[208.517s][info][gc,metaspace   ] GC(483) Metaspace: 18526K(18688K)->18526K(18688K) NonClass: 16697K(16832K)->16697K(16832K) Class: 1828K(1856K)->1828K(1856K)
[208.517s][info][gc             ] GC(483) Pause Young (Concurrent Start) (G1 Evacuation Pause) 896M->791M(978M) 76.119ms
[208.517s][info][gc,cpu         ] GC(483) User=0.15s Sys=0.00s Real=0.07s
[208.517s][info][gc             ] GC(484) Concurrent Mark Cycle
[208.517s][info][gc,marking     ] GC(484) Concurrent Scan Root Regions
[208.645s][info][gc,marking     ] GC(484) Concurrent Scan Root Regions 128.083ms
[208.645s][info][gc,marking     ] GC(484) Concurrent Mark
[208.645s][info][gc,marking     ] GC(484) Concurrent Mark From Roots
[208.645s][info][gc,task        ] GC(484) Using 1 workers of 1 for marking
[208.676s][info][gc,start       ] GC(485) Pause Young (Normal) (G1 Evacuation Pause)
[208.676s][info][gc,task        ] GC(485) Using 2 workers of 2 for evacuation
[208.731s][info][gc,phases      ] GC(485)   Pre Evacuate Collection Set: 0.32ms
[208.731s][info][gc,phases      ] GC(485)   Merge Heap Roots: 0.24ms
[208.731s][info][gc,phases      ] GC(485)   Evacuate Collection Set: 53.24ms
[208.731s][info][gc,phases      ] GC(485)   Post Evacuate Collection Set: 0.42ms
[208.731s][info][gc,phases      ] GC(485)   Other: 0.08ms
[208.731s][info][gc,heap        ] GC(485) Eden regions: 115->0(98)
[208.731s][info][gc,heap        ] GC(485) Survivor regions: 20->17(17)
[208.731s][info][gc,heap        ] GC(485) Old regions: 762->785
[208.731s][info][gc,heap        ] GC(485) Humongous regions: 11->11
[208.731s][info][gc,metaspace   ] GC(485) Metaspace: 18526K(18688K)->18526K(18688K) NonClass: 16697K(16832K)->16697K(16832K) Class: 1828K(1856K)->1828K(1856K)
[208.731s][info][gc             ] GC(485) Pause Young (Normal) (G1 Evacuation Pause) 906M->811M(978M) 54.549ms
[208.731s][info][gc,cpu         ] GC(485) User=0.11s Sys=0.00s Real=0.06s
[208.867s][info][gc,start       ] GC(486) Pause Young (Normal) (G1 Evacuation Pause)
[208.867s][info][gc,task        ] GC(486) Using 2 workers of 2 for evacuation
[208.906s][info][gc,phases      ] GC(486)   Pre Evacuate Collection Set: 0.34ms
[208.906s][info][gc,phases      ] GC(486)   Merge Heap Roots: 0.28ms
[208.906s][info][gc,phases      ] GC(486)   Evacuate Collection Set: 37.82ms
[208.906s][info][gc,phases      ] GC(486)   Post Evacuate Collection Set: 0.42ms
[208.906s][info][gc,phases      ] GC(486)   Other: 0.08ms
[208.906s][info][gc,heap        ] GC(486) Eden regions: 98->0(91)
[208.906s][info][gc,heap        ] GC(486) Survivor regions: 17->12(15)
[208.906s][info][gc,heap        ] GC(486) Old regions: 785->802
[208.906s][info][gc,heap        ] GC(486) Humongous regions: 11->11
[208.906s][info][gc,metaspace   ] GC(486) Metaspace: 18527K(18688K)->18527K(18688K) NonClass: 16698K(16832K)->16698K(16832K) Class: 1828K(1856K)->1828K(1856K)
[208.906s][info][gc             ] GC(486) Pause Young (Normal) (G1 Evacuation Pause) 909M->824M(978M) 39.191ms
[208.906s][info][gc,cpu         ] GC(486) User=0.08s Sys=0.00s Real=0.04s
[208.984s][info][gc,start       ] GC(487) Pause Young (Normal) (G1 Evacuation Pause)
[208.984s][info][gc,task        ] GC(487) Using 2 workers of 2 for evacuation
[209.006s][info][gc,phases      ] GC(487)   Pre Evacuate Collection Set: 0.56ms
[209.006s][info][gc,phases      ] GC(487)   Merge Heap Roots: 0.13ms
[209.006s][info][gc,phases      ] GC(487)   Evacuate Collection Set: 20.42ms
[209.006s][info][gc,phases      ] GC(487)   Post Evacuate Collection Set: 0.39ms
[209.006s][info][gc,phases      ] GC(487)   Other: 0.11ms
[209.006s][info][gc,heap        ] GC(487) Eden regions: 91->0(93)
[209.006s][info][gc,heap        ] GC(487) Survivor regions: 12->5(13)
[209.006s][info][gc,heap        ] GC(487) Old regions: 802->814
[209.006s][info][gc,heap        ] GC(487) Humongous regions: 11->11
[209.006s][info][gc,metaspace   ] GC(487) Metaspace: 18527K(18688K)->18527K(18688K) NonClass: 16698K(16832K)->16698K(16832K) Class: 1828K(1856K)->1828K(1856K)
[209.006s][info][gc             ] GC(487) Pause Young (Normal) (G1 Evacuation Pause) 915M->828M(978M) 21.860ms
[209.006s][info][gc,cpu         ] GC(487) User=0.04s Sys=0.00s Real=0.02s
[209.102s][info][gc,start       ] GC(488) Pause Young (Normal) (G1 Evacuation Pause)
[209.103s][info][gc,task        ] GC(488) Using 2 workers of 2 for evacuation
[209.112s][info][gc,phases      ] GC(488)   Pre Evacuate Collection Set: 0.31ms
[209.112s][info][gc,phases      ] GC(488)   Merge Heap Roots: 0.15ms
[209.112s][info][gc,phases      ] GC(488)   Evacuate Collection Set: 8.91ms
[209.112s][info][gc,phases      ] GC(488)   Post Evacuate Collection Set: 0.36ms
[209.112s][info][gc,phases      ] GC(488)   Other: 0.08ms
[209.112s][info][gc,heap        ] GC(488) Eden regions: 93->0(91)
[209.112s][info][gc,heap        ] GC(488) Survivor regions: 5->6(13)
[209.112s][info][gc,heap        ] GC(488) Old regions: 814->814
[209.112s][info][gc,heap        ] GC(488) Humongous regions: 11->11
[209.112s][info][gc,metaspace   ] GC(488) Metaspace: 18527K(18688K)->18527K(18688K) NonClass: 16698K(16832K)->16698K(16832K) Class: 1828K(1856K)->1828K(1856K)
[209.112s][info][gc             ] GC(488) Pause Young (Normal) (G1 Evacuation Pause) 921M->829M(978M) 10.068ms
[209.113s][info][gc,cpu         ] GC(488) User=0.02s Sys=0.00s Real=0.01s
[209.253s][info][gc,start       ] GC(489) Pause Young (Normal) (G1 Evacuation Pause)
[209.253s][info][gc,task        ] GC(489) Using 2 workers of 2 for evacuation
[209.270s][info][gc,phases      ] GC(489)   Pre Evacuate Collection Set: 0.59ms
[209.270s][info][gc,phases      ] GC(489)   Merge Heap Roots: 0.25ms
[209.270s][info][gc,phases      ] GC(489)   Evacuate Collection Set: 15.68ms
[209.270s][info][gc,phases      ] GC(489)   Post Evacuate Collection Set: 0.38ms
[209.270s][info][gc,phases      ] GC(489)   Other: 0.08ms
[209.270s][info][gc,heap        ] GC(489) Eden regions: 91->0(91)
[209.270s][info][gc,heap        ] GC(489) Survivor regions: 6->6(13)
[209.270s][info][gc,heap        ] GC(489) Old regions: 814->814
[209.270s][info][gc,heap        ] GC(489) Humongous regions: 11->11
[209.270s][info][gc,metaspace   ] GC(489) Metaspace: 18529K(18688K)->18529K(18688K) NonClass: 16700K(16832K)->16700K(16832K) Class: 1828K(1856K)->1828K(1856K)
[209.270s][info][gc             ] GC(489) Pause Young (Normal) (G1 Evacuation Pause) 920M->830M(978M) 17.305ms
[209.270s][info][gc,cpu         ] GC(489) User=0.04s Sys=0.00s Real=0.01s
[209.376s][info][gc,marking     ] GC(484) Concurrent Mark From Roots 730.748ms
[209.376s][info][gc,marking     ] GC(484) Concurrent Preclean
[209.376s][info][gc,marking     ] GC(484) Concurrent Preclean 0.049ms
[209.376s][info][gc,start       ] GC(484) Pause Remark
[209.386s][info][gc             ] GC(484) Pause Remark 904M->499M(978M) 9.884ms
[209.386s][info][gc,cpu         ] GC(484) User=0.02s Sys=0.00s Real=0.01s
[209.386s][info][gc,marking     ] GC(484) Concurrent Mark 741.095ms
[209.386s][info][gc,marking     ] GC(484) Concurrent Rebuild Remembered Sets and Scrub Regions
[209.411s][info][gc,start       ] GC(490) Pause Young (Normal) (G1 Evacuation Pause)
[209.412s][info][gc,task        ] GC(490) Using 2 workers of 2 for evacuation
[209.427s][info][gc,phases      ] GC(490)   Pre Evacuate Collection Set: 0.32ms
[209.427s][info][gc,phases      ] GC(490)   Merge Heap Roots: 0.22ms
[209.427s][info][gc,phases      ] GC(490)   Evacuate Collection Set: 14.44ms
[209.427s][info][gc,phases      ] GC(490)   Post Evacuate Collection Set: 0.39ms
[209.427s][info][gc,phases      ] GC(490)   Other: 0.11ms
[209.427s][info][gc,heap        ] GC(490) Eden regions: 91->0(338)
[209.427s][info][gc,heap        ] GC(490) Survivor regions: 6->6(13)
[209.427s][info][gc,heap        ] GC(490) Old regions: 416->416
[209.427s][info][gc,heap        ] GC(490) Humongous regions: 4->4
[209.427s][info][gc,metaspace   ] GC(490) Metaspace: 18529K(18688K)->18529K(18688K) NonClass: 16700K(16832K)->16700K(16832K) Class: 1828K(1856K)->1828K(1856K)
[209.427s][info][gc             ] GC(490) Pause Young (Normal) (G1 Evacuation Pause) 516M->425M(978M) 15.724ms
[209.427s][info][gc,cpu         ] GC(490) User=0.03s Sys=0.00s Real=0.01s
[209.621s][info][gc,marking     ] GC(484) Concurrent Rebuild Remembered Sets and Scrub Regions 234.356ms
[209.621s][info][gc,start       ] GC(484) Pause Cleanup
[209.621s][info][gc             ] GC(484) Pause Cleanup 563M->563M(978M) 0.164ms
[209.621s][info][gc,cpu         ] GC(484) User=0.00s Sys=0.00s Real=0.00s
[209.621s][info][gc,marking     ] GC(484) Concurrent Clear Claimed Marks
[209.621s][info][gc,marking     ] GC(484) Concurrent Clear Claimed Marks 0.030ms
[209.621s][info][gc,marking     ] GC(484) Concurrent Cleanup for Next Mark
[209.628s][info][gc,marking     ] GC(484) Concurrent Cleanup for Next Mark 7.050ms
[209.628s][info][gc             ] GC(484) Concurrent Mark Cycle 1111.466ms
[209.848s][info][gc,start       ] GC(491) Pause Young (Prepare Mixed) (G1 Evacuation Pause)
[209.848s][info][gc,task        ] GC(491) Using 2 workers of 2 for evacuation
[209.901s][info][gc,phases      ] GC(491)   Pre Evacuate Collection Set: 0.33ms
[209.901s][info][gc,phases      ] GC(491)   Merge Heap Roots: 0.34ms
[209.901s][info][gc,phases      ] GC(491)   Evacuate Collection Set: 52.04ms
[209.901s][info][gc,phases      ] GC(491)   Post Evacuate Collection Set: 0.62ms
[209.901s][info][gc,phases      ] GC(491)   Other: 0.13ms
[209.901s][info][gc,heap        ] GC(491) Eden regions: 338->0(91)
[209.901s][info][gc,heap        ] GC(491) Survivor regions: 6->39(43)
[209.901s][info][gc,heap        ] GC(491) Old regions: 416->416
[209.901s][info][gc,heap        ] GC(491) Humongous regions: 4->4
[209.901s][info][gc,metaspace   ] GC(491) Metaspace: 18529K(18688K)->18529K(18688K) NonClass: 16700K(16832K)->16700K(16832K) Class: 1828K(1856K)->1828K(1856K)
[209.901s][info][gc             ] GC(491) Pause Young (Prepare Mixed) (G1 Evacuation Pause) 763M->458M(978M) 53.757ms
[209.901s][info][gc,cpu         ] GC(491) User=0.11s Sys=0.00s Real=0.06s
[209.965s][info][gc,start       ] GC(492) Pause Young (Mixed) (G1 Evacuation Pause)
[209.965s][info][gc,task        ] GC(492) Using 2 workers of 2 for evacuation
[210.041s][info][gc,phases      ] GC(492)   Pre Evacuate Collection Set: 0.57ms
[210.041s][info][gc,phases      ] GC(492)   Merge Heap Roots: 0.34ms
[210.041s][info][gc,phases      ] GC(492)   Evacuate Collection Set: 74.30ms
[210.041s][info][gc,phases      ] GC(492)   Post Evacuate Collection Set: 0.46ms
[210.041s][info][gc,phases      ] GC(492)   Other: 0.08ms
[210.041s][info][gc,heap        ] GC(492) Eden regions: 98->0(184)
[210.041s][info][gc,heap        ] GC(492) Survivor regions: 39->18(18)
[210.041s][info][gc,heap        ] GC(492) Old regions: 416->442
[210.041s][info][gc,heap        ] GC(492) Humongous regions: 4->4
[210.041s][info][gc,metaspace   ] GC(492) Metaspace: 18529K(18688K)->18529K(18688K) NonClass: 16700K(16832K)->16700K(16832K) Class: 1828K(1856K)->1828K(1856K)
[210.041s][info][gc             ] GC(492) Pause Young (Mixed) (G1 Evacuation Pause) 556M->463M(978M) 76.000ms
[210.041s][info][gc,cpu         ] GC(492) User=0.15s Sys=0.00s Real=0.08s
[210.797s][info][gc,start       ] GC(493) Pause Young (Mixed) (G1 Evacuation Pause)
[210.797s][info][gc,task        ] GC(493) Using 2 workers of 2 for evacuation
[210.824s][info][gc,phases      ] GC(493)   Pre Evacuate Collection Set: 0.35ms
[210.824s][info][gc,phases      ] GC(493)   Merge Heap Roots: 0.25ms
[210.824s][info][gc,phases      ] GC(493)   Evacuate Collection Set: 24.55ms
[210.824s][info][gc,phases      ] GC(493)   Merge Optional Heap Roots: 0.06ms
[210.824s][info][gc,phases      ] GC(493)   Evacuate Optional Collection Set: 0.15ms
[210.824s][info][gc,phases      ] GC(493)   Post Evacuate Collection Set: 0.63ms
[210.824s][info][gc,phases      ] GC(493)   Other: 0.10ms
[210.824s][info][gc,heap        ] GC(493) Eden regions: 198->0(299)
[210.824s][info][gc,heap        ] GC(493) Survivor regions: 18->1(27)
[210.824s][info][gc,heap        ] GC(493) Old regions: 442->416
[210.824s][info][gc,heap        ] GC(493) Humongous regions: 4->4
[210.824s][info][gc,metaspace   ] GC(493) Metaspace: 18531K(18688K)->18531K(18688K) NonClass: 16702K(16832K)->16702K(16832K) Class: 1828K(1856K)->1828K(1856K)
[210.824s][info][gc             ] GC(493) Pause Young (Mixed) (G1 Evacuation Pause) 661M->420M(978M) 26.376ms
[210.824s][info][gc,cpu         ] GC(493) User=0.05s Sys=0.00s Real=0.03s
[211.676s][info][gc,start       ] GC(494) Pause Young (Mixed) (G1 Evacuation Pause)
[211.677s][info][gc,task        ] GC(494) Using 2 workers of 2 for evacuation
[211.683s][info][gc,phases      ] GC(494)   Pre Evacuate Collection Set: 0.34ms
[211.683s][info][gc,phases      ] GC(494)   Merge Heap Roots: 0.25ms
[211.683s][info][gc,phases      ] GC(494)   Evacuate Collection Set: 4.87ms
[211.683s][info][gc,phases      ] GC(494)   Merge Optional Heap Roots: 0.03ms
[211.683s][info][gc,phases      ] GC(494)   Evacuate Optional Collection Set: 0.09ms
[211.683s][info][gc,phases      ] GC(494)   Post Evacuate Collection Set: 0.63ms
[211.683s][info][gc,phases      ] GC(494)   Other: 0.12ms
[211.683s][info][gc,heap        ] GC(494) Eden regions: 319->0(386)
[211.683s][info][gc,heap        ] GC(494) Survivor regions: 1->2(40)
[211.683s][info][gc,heap        ] GC(494) Old regions: 416->403
[211.683s][info][gc,heap        ] GC(494) Humongous regions: 4->4
[211.683s][info][gc,metaspace   ] GC(494) Metaspace: 18532K(18688K)->18532K(18688K) NonClass: 16703K(16832K)->16703K(16832K) Class: 1828K(1856K)->1828K(1856K)
[211.683s][info][gc             ] GC(494) Pause Young (Mixed) (G1 Evacuation Pause) 739M->407M(978M) 6.578ms
[211.683s][info][gc,cpu         ] GC(494) User=0.01s Sys=0.00s Real=0.01s
[212.395s][info][gc,start       ] GC(495) Pause Young (Mixed) (G1 Evacuation Pause)
[212.396s][info][gc,task        ] GC(495) Using 2 workers of 2 for evacuation
[212.468s][info][gc,phases      ] GC(495)   Pre Evacuate Collection Set: 0.33ms
[212.468s][info][gc,phases      ] GC(495)   Merge Heap Roots: 0.45ms
[212.468s][info][gc,phases      ] GC(495)   Evacuate Collection Set: 70.44ms
[212.468s][info][gc,phases      ] GC(495)   Post Evacuate Collection Set: 0.79ms
[212.468s][info][gc,phases      ] GC(495)   Other: 0.12ms
[212.468s][info][gc,heap        ] GC(495) Eden regions: 378->0(185)
[212.468s][info][gc,heap        ] GC(495) Survivor regions: 2->48(48)
[212.468s][info][gc,heap        ] GC(495) Old regions: 403->400
[212.468s][info][gc,heap        ] GC(495) Humongous regions: 4->4
[212.468s][info][gc,metaspace   ] GC(495) Metaspace: 18532K(18688K)->18532K(18688K) NonClass: 16703K(16832K)->16703K(16832K) Class: 1828K(1856K)->1828K(1856K)
[212.468s][info][gc             ] GC(495) Pause Young (Mixed) (G1 Evacuation Pause) 785M->451M(978M) 72.397ms
[212.468s][info][gc,cpu         ] GC(495) User=0.14s Sys=0.00s Real=0.07s
[212.654s][info][gc,start       ] GC(496) Pause Young (Mixed) (G1 Evacuation Pause)
[212.654s][info][gc,task        ] GC(496) Using 2 workers of 2 for evacuation
[212.775s][info][gc,phases      ] GC(496)   Pre Evacuate Collection Set: 0.66ms
[212.775s][info][gc,phases      ] GC(496)   Merge Heap Roots: 0.34ms
[212.775s][info][gc,phases      ] GC(496)   Evacuate Collection Set: 119.12ms
[212.775s][info][gc,phases      ] GC(496)   Post Evacuate Collection Set: 0.91ms
[212.775s][info][gc,phases      ] GC(496)   Other: 0.11ms
[212.776s][info][gc,heap        ] GC(496) Eden regions: 202->0(268)
[212.776s][info][gc,heap        ] GC(496) Survivor regions: 48->32(32)
[212.776s][info][gc,heap        ] GC(496) Old regions: 400->462
[212.776s][info][gc,heap        ] GC(496) Humongous regions: 4->4
[212.776s][info][gc,metaspace   ] GC(496) Metaspace: 18536K(18688K)->18536K(18688K) NonClass: 16707K(16832K)->16707K(16832K) Class: 1828K(1856K)->1828K(1856K)
[212.776s][info][gc             ] GC(496) Pause Young (Mixed) (G1 Evacuation Pause) 653M->497M(978M) 121.467ms
[212.776s][info][gc,cpu         ] GC(496) User=0.24s Sys=0.00s Real=0.12s
[212.986s][info][gc,start       ] GC(497) Pause Young (Mixed) (G1 Evacuation Pause)
[212.987s][info][gc,task        ] GC(497) Using 2 workers of 2 for evacuation
[213.061s][info][gc,phases      ] GC(497)   Pre Evacuate Collection Set: 0.54ms
[213.061s][info][gc,phases      ] GC(497)   Merge Heap Roots: 0.55ms
[213.061s][info][gc,phases      ] GC(497)   Evacuate Collection Set: 72.76ms
[213.061s][info][gc,phases      ] GC(497)   Post Evacuate Collection Set: 0.69ms
[213.061s][info][gc,phases      ] GC(497)   Other: 0.09ms
[213.061s][info][gc,heap        ] GC(497) Eden regions: 213->0(314)
[213.061s][info][gc,heap        ] GC(497) Survivor regions: 32->15(31)
[213.061s][info][gc,heap        ] GC(497) Old regions: 462->492
[213.061s][info][gc,heap        ] GC(497) Humongous regions: 4->4
[213.061s][info][gc,metaspace   ] GC(497) Metaspace: 18536K(18688K)->18536K(18688K) NonClass: 16707K(16832K)->16707K(16832K) Class: 1828K(1856K)->1828K(1856K)
[213.061s][info][gc             ] GC(497) Pause Young (Mixed) (G1 Evacuation Pause) 710M->510M(978M) 74.936ms
[213.061s][info][gc,cpu         ] GC(497) User=0.14s Sys=0.00s Real=0.08s
[213.080s][info][gc,start       ] GC(498) Pause Young (Concurrent Start) (G1 Humongous Allocation)
[213.080s][info][gc,task        ] GC(498) Using 2 workers of 2 for evacuation
[213.120s][info][gc,phases      ] GC(498)   Pre Evacuate Collection Set: 0.36ms
[213.120s][info][gc,phases      ] GC(498)   Merge Heap Roots: 0.35ms
[213.120s][info][gc,phases      ] GC(498)   Evacuate Collection Set: 38.48ms
[213.120s][info][gc,phases      ] GC(498)   Post Evacuate Collection Set: 0.52ms
[213.120s][info][gc,phases      ] GC(498)   Other: 0.14ms
[213.120s][info][gc,heap        ] GC(498) Eden regions: 14->0(321)
[213.120s][info][gc,heap        ] GC(498) Survivor regions: 15->21(42)
[213.120s][info][gc,heap        ] GC(498) Old regions: 492->492
[213.120s][info][gc,heap        ] GC(498) Humongous regions: 4->4
[213.120s][info][gc,metaspace   ] GC(498) Metaspace: 18536K(18688K)->18536K(18688K) NonClass: 16707K(16832K)->16707K(16832K) Class: 1828K(1856K)->1828K(1856K)
[213.120s][info][gc             ] GC(498) Pause Young (Concurrent Start) (G1 Humongous Allocation) 523M->515M(978M) 40.142ms
[213.120s][info][gc,cpu         ] GC(498) User=0.08s Sys=0.00s Real=0.04s
[213.120s][info][gc             ] GC(499) Concurrent Mark Cycle
[213.120s][info][gc,marking     ] GC(499) Concurrent Scan Root Regions
[213.166s][info][gc,marking     ] GC(499) Concurrent Scan Root Regions 45.655ms
[213.166s][info][gc,marking     ] GC(499) Concurrent Mark
[213.166s][info][gc,marking     ] GC(499) Concurrent Mark From Roots
[213.166s][info][gc,task        ] GC(499) Using 1 workers of 1 for marking
[213.638s][info][gc,start       ] GC(500) Pause Young (Normal) (G1 Evacuation Pause)
[213.638s][info][gc,task        ] GC(500) Using 2 workers of 2 for evacuation
[213.746s][info][gc,phases      ] GC(500)   Pre Evacuate Collection Set: 0.54ms
[213.746s][info][gc,phases      ] GC(500)   Merge Heap Roots: 0.47ms
[213.746s][info][gc,phases      ] GC(500)   Evacuate Collection Set: 106.44ms
[213.746s][info][gc,phases      ] GC(500)   Post Evacuate Collection Set: 0.82ms
[213.746s][info][gc,phases      ] GC(500)   Other: 0.09ms
[213.746s][info][gc,heap        ] GC(500) Eden regions: 321->0(278)
[213.746s][info][gc,heap        ] GC(500) Survivor regions: 21->43(43)
[213.746s][info][gc,heap        ] GC(500) Old regions: 492->518
[213.746s][info][gc,heap        ] GC(500) Humongous regions: 8->8
[213.746s][info][gc,metaspace   ] GC(500) Metaspace: 18536K(18688K)->18536K(18688K) NonClass: 16707K(16832K)->16707K(16832K) Class: 1828K(1856K)->1828K(1856K)
[213.746s][info][gc             ] GC(500) Pause Young (Normal) (G1 Evacuation Pause) 840M->568M(978M) 108.649ms
[213.746s][info][gc,cpu         ] GC(500) User=0.21s Sys=0.00s Real=0.11s
[214.109s][info][gc,start       ] GC(501) Pause Young (Normal) (G1 Evacuation Pause)
[214.109s][info][gc,task        ] GC(501) Using 2 workers of 2 for evacuation
[214.218s][info][gc,phases      ] GC(501)   Pre Evacuate Collection Set: 0.30ms
[214.218s][info][gc,phases      ] GC(501)   Merge Heap Roots: 0.61ms
[214.218s][info][gc,phases      ] GC(501)   Evacuate Collection Set: 107.31ms
[214.218s][info][gc,phases      ] GC(501)   Post Evacuate Collection Set: 0.60ms
[214.218s][info][gc,phases      ] GC(501)   Other: 0.12ms
[214.218s][info][gc,heap        ] GC(501) Eden regions: 278->0(264)
[214.218s][info][gc,heap        ] GC(501) Survivor regions: 43->29(41)
[214.218s][info][gc,heap        ] GC(501) Old regions: 518->561
[214.218s][info][gc,heap        ] GC(501) Humongous regions: 8->8
[214.218s][info][gc,metaspace   ] GC(501) Metaspace: 18538K(18688K)->18538K(18688K) NonClass: 16709K(16832K)->16709K(16832K) Class: 1828K(1856K)->1828K(1856K)
[214.219s][info][gc             ] GC(501) Pause Young (Normal) (G1 Evacuation Pause) 846M->597M(978M) 109.231ms
[214.219s][info][gc,cpu         ] GC(501) User=0.21s Sys=0.00s Real=0.11s
[214.355s][info][gc,marking     ] GC(499) Concurrent Mark From Roots 1189.828ms
[214.356s][info][gc,marking     ] GC(499) Concurrent Preclean
[214.356s][info][gc,marking     ] GC(499) Concurrent Preclean 0.041ms
[214.356s][info][gc,start       ] GC(499) Pause Remark
[214.364s][info][gc             ] GC(499) Pause Remark 707M->589M(978M) 8.077ms
[214.364s][info][gc,cpu         ] GC(499) User=0.01s Sys=0.00s Real=0.01s
[214.365s][info][gc,marking     ] GC(499) Concurrent Mark 1199.351ms
[214.365s][info][gc,marking     ] GC(499) Concurrent Rebuild Remembered Sets and Scrub Regions
[214.648s][info][gc,start       ] GC(502) Pause Young (Normal) (G1 Evacuation Pause)
[214.648s][info][gc,task        ] GC(502) Using 2 workers of 2 for evacuation
[214.714s][info][gc,phases      ] GC(502)   Pre Evacuate Collection Set: 0.79ms
[214.714s][info][gc,phases      ] GC(502)   Merge Heap Roots: 0.49ms
[214.714s][info][gc,phases      ] GC(502)   Evacuate Collection Set: 63.78ms
[214.714s][info][gc,phases      ] GC(502)   Post Evacuate Collection Set: 0.66ms
[214.714s][info][gc,phases      ] GC(502)   Other: 0.14ms
[214.714s][info][gc,heap        ] GC(502) Eden regions: 264->0(357)
[214.714s][info][gc,heap        ] GC(502) Survivor regions: 29->7(37)
[214.714s][info][gc,heap        ] GC(502) Old regions: 445->475
[214.714s][info][gc,heap        ] GC(502) Humongous regions: 6->6
[214.714s][info][gc,metaspace   ] GC(502) Metaspace: 18538K(18688K)->18538K(18688K) NonClass: 16709K(16832K)->16709K(16832K) Class: 1828K(1856K)->1828K(1856K)
[214.714s][info][gc             ] GC(502) Pause Young (Normal) (G1 Evacuation Pause) 743M->487M(978M) 66.234ms
[214.714s][info][gc,cpu         ] GC(502) User=0.13s Sys=0.00s Real=0.07s
[214.915s][info][gc,marking     ] GC(499) Concurrent Rebuild Remembered Sets and Scrub Regions 550.007ms
[214.915s][info][gc,start       ] GC(499) Pause Cleanup
[214.915s][info][gc             ] GC(499) Pause Cleanup 562M->562M(978M) 0.142ms
[214.915s][info][gc,cpu         ] GC(499) User=0.00s Sys=0.00s Real=0.00s
[214.915s][info][gc,marking     ] GC(499) Concurrent Clear Claimed Marks
[214.916s][info][gc,marking     ] GC(499) Concurrent Clear Claimed Marks 0.028ms
[214.916s][info][gc,marking     ] GC(499) Concurrent Cleanup for Next Mark
[214.919s][info][gc,marking     ] GC(499) Concurrent Cleanup for Next Mark 3.024ms
[214.919s][info][gc             ] GC(499) Concurrent Mark Cycle 1798.748ms
[215.451s][info][gc,start       ] GC(503) Pause Young (Prepare Mixed) (G1 Evacuation Pause)
[215.451s][info][gc,task        ] GC(503) Using 2 workers of 2 for evacuation
[215.522s][info][gc,phases      ] GC(503)   Pre Evacuate Collection Set: 0.56ms
[215.522s][info][gc,phases      ] GC(503)   Merge Heap Roots: 0.53ms
[215.522s][info][gc,phases      ] GC(503)   Evacuate Collection Set: 69.02ms
[215.522s][info][gc,phases      ] GC(503)   Post Evacuate Collection Set: 0.69ms
[215.522s][info][gc,phases      ] GC(503)   Other: 0.12ms
[215.522s][info][gc,heap        ] GC(503) Eden regions: 357->0(339)
[215.522s][info][gc,heap        ] GC(503) Survivor regions: 7->37(46)
[215.522s][info][gc,heap        ] GC(503) Old regions: 475->475
[215.522s][info][gc,heap        ] GC(503) Humongous regions: 6->6
[215.522s][info][gc,metaspace   ] GC(503) Metaspace: 18538K(18688K)->18538K(18688K) NonClass: 16709K(16832K)->16709K(16832K) Class: 1828K(1856K)->1828K(1856K)
[215.522s][info][gc             ] GC(503) Pause Young (Prepare Mixed) (G1 Evacuation Pause) 844M->516M(978M) 71.192ms
[215.522s][info][gc,cpu         ] GC(503) User=0.14s Sys=0.00s Real=0.07s
[216.266s][info][gc,start       ] GC(504) Pause Young (Mixed) (G1 Evacuation Pause)
[216.266s][info][gc,task        ] GC(504) Using 2 workers of 2 for evacuation
[216.396s][info][gc,phases      ] GC(504)   Pre Evacuate Collection Set: 0.61ms
[216.396s][info][gc,phases      ] GC(504)   Merge Heap Roots: 0.46ms
[216.396s][info][gc,phases      ] GC(504)   Evacuate Collection Set: 106.83ms
[216.396s][info][gc,phases      ] GC(504)   Merge Optional Heap Roots: 1.02ms
[216.396s][info][gc,phases      ] GC(504)   Evacuate Optional Collection Set: 20.01ms
[216.396s][info][gc,phases      ] GC(504)   Post Evacuate Collection Set: 0.97ms
[216.396s][info][gc,phases      ] GC(504)   Other: 0.13ms
[216.396s][info][gc,heap        ] GC(504) Eden regions: 339->0(344)
[216.396s][info][gc,heap        ] GC(504) Survivor regions: 37->40(47)
[216.396s][info][gc,heap        ] GC(504) Old regions: 475->460
[216.396s][info][gc,heap        ] GC(504) Humongous regions: 6->6
[216.396s][info][gc,metaspace   ] GC(504) Metaspace: 18538K(18688K)->18538K(18688K) NonClass: 16709K(16832K)->16709K(16832K) Class: 1828K(1856K)->1828K(1856K)
[216.396s][info][gc             ] GC(504) Pause Young (Mixed) (G1 Evacuation Pause) 855M->505M(978M) 130.284ms
[216.396s][info][gc,cpu         ] GC(504) User=0.25s Sys=0.00s Real=0.13s
[216.916s][info][gc,start       ] GC(505) Pause Young (Concurrent Start) (G1 Evacuation Pause)
[216.916s][info][gc,task        ] GC(505) Using 2 workers of 2 for evacuation
[217.023s][info][gc,phases      ] GC(505)   Pre Evacuate Collection Set: 0.37ms
[217.023s][info][gc,phases      ] GC(505)   Merge Heap Roots: 0.16ms
[217.023s][info][gc,phases      ] GC(505)   Evacuate Collection Set: 105.26ms
[217.023s][info][gc,phases      ] GC(505)   Post Evacuate Collection Set: 0.77ms
[217.023s][info][gc,phases      ] GC(505)   Other: 0.26ms
[217.023s][info][gc,heap        ] GC(505) Eden regions: 344->0(293)
[217.023s][info][gc,heap        ] GC(505) Survivor regions: 40->48(48)
[217.023s][info][gc,heap        ] GC(505) Old regions: 460->513
[217.023s][info][gc,heap        ] GC(505) Humongous regions: 6->6
[217.023s][info][gc,metaspace   ] GC(505) Metaspace: 18538K(18688K)->18538K(18688K) NonClass: 16709K(16832K)->16709K(16832K) Class: 1828K(1856K)->1828K(1856K)
[217.023s][info][gc             ] GC(505) Pause Young (Concurrent Start) (G1 Evacuation Pause) 849M->566M(978M) 107.116ms
[217.023s][info][gc             ] GC(506) Concurrent Mark Cycle
[217.023s][info][gc,marking     ] GC(506) Concurrent Scan Root Regions
[217.025s][info][gc,cpu         ] GC(505) User=0.21s Sys=0.00s Real=0.11s
[217.098s][info][gc,marking     ] GC(506) Concurrent Scan Root Regions 74.460ms
[217.098s][info][gc,marking     ] GC(506) Concurrent Mark
[217.098s][info][gc,marking     ] GC(506) Concurrent Mark From Roots
[217.098s][info][gc,task        ] GC(506) Using 1 workers of 1 for marking
[217.692s][info][gc,start       ] GC(507) Pause Young (Normal) (G1 Evacuation Pause)
[217.692s][info][gc,task        ] GC(507) Using 2 workers of 2 for evacuation
[217.836s][info][gc,phases      ] GC(507)   Pre Evacuate Collection Set: 0.35ms
[217.836s][info][gc,phases      ] GC(507)   Merge Heap Roots: 0.40ms
[217.836s][info][gc,phases      ] GC(507)   Evacuate Collection Set: 142.65ms
[217.836s][info][gc,phases      ] GC(507)   Post Evacuate Collection Set: 0.70ms
[217.837s][info][gc,phases      ] GC(507)   Other: 0.10ms
[217.837s][info][gc,heap        ] GC(507) Eden regions: 293->0(242)
[217.837s][info][gc,heap        ] GC(507) Survivor regions: 48->43(43)
[217.837s][info][gc,heap        ] GC(507) Old regions: 513->577
[217.837s][info][gc,heap        ] GC(507) Humongous regions: 9->9
[217.837s][info][gc,metaspace   ] GC(507) Metaspace: 18538K(18688K)->18538K(18688K) NonClass: 16709K(16832K)->16709K(16832K) Class: 1828K(1856K)->1828K(1856K)
[217.837s][info][gc             ] GC(507) Pause Young (Normal) (G1 Evacuation Pause) 862M->628M(978M) 144.541ms
[217.837s][info][gc,cpu         ] GC(507) User=0.28s Sys=0.00s Real=0.14s
[218.229s][info][gc,start       ] GC(508) Pause Young (Normal) (G1 Evacuation Pause)
[218.229s][info][gc,task        ] GC(508) Using 2 workers of 2 for evacuation
[218.311s][info][gc,phases      ] GC(508)   Pre Evacuate Collection Set: 0.59ms
[218.312s][info][gc,phases      ] GC(508)   Merge Heap Roots: 0.79ms
[218.312s][info][gc,phases      ] GC(508)   Evacuate Collection Set: 80.25ms
[218.312s][info][gc,phases      ] GC(508)   Post Evacuate Collection Set: 0.67ms
[218.312s][info][gc,phases      ] GC(508)   Other: 0.09ms
[218.312s][info][gc,heap        ] GC(508) Eden regions: 242->0(252)
[218.312s][info][gc,heap        ] GC(508) Survivor regions: 43->4(36)
[218.312s][info][gc,heap        ] GC(508) Old regions: 577->620
[218.312s][info][gc,heap        ] GC(508) Humongous regions: 9->9
[218.312s][info][gc,metaspace   ] GC(508) Metaspace: 18538K(18688K)->18538K(18688K) NonClass: 16709K(16832K)->16709K(16832K) Class: 1828K(1856K)->1828K(1856K)
[218.312s][info][gc             ] GC(508) Pause Young (Normal) (G1 Evacuation Pause) 870M->632M(978M) 82.638ms
[218.312s][info][gc,cpu         ] GC(508) User=0.16s Sys=0.00s Real=0.09s
[218.866s][info][gc,start       ] GC(509) Pause Young (Normal) (G1 Evacuation Pause)
[218.866s][info][gc,task        ] GC(509) Using 2 workers of 2 for evacuation
[218.916s][info][gc,phases      ] GC(509)   Pre Evacuate Collection Set: 0.35ms
[218.916s][info][gc,phases      ] GC(509)   Merge Heap Roots: 0.26ms
[218.916s][info][gc,phases      ] GC(509)   Evacuate Collection Set: 48.98ms
[218.916s][info][gc,phases      ] GC(509)   Post Evacuate Collection Set: 0.69ms
[218.916s][info][gc,phases      ] GC(509)   Other: 0.10ms
[218.916s][info][gc,heap        ] GC(509) Eden regions: 252->0(224)
[218.916s][info][gc,heap        ] GC(509) Survivor regions: 4->32(32)
[218.916s][info][gc,heap        ] GC(509) Old regions: 620->626
[218.916s][info][gc,heap        ] GC(509) Humongous regions: 9->9
[218.916s][info][gc,metaspace   ] GC(509) Metaspace: 18538K(18688K)->18538K(18688K) NonClass: 16709K(16832K)->16709K(16832K) Class: 1828K(1856K)->1828K(1856K)
[218.916s][info][gc             ] GC(509) Pause Young (Normal) (G1 Evacuation Pause) 884M->666M(978M) 50.668ms
[218.916s][info][gc,cpu         ] GC(509) User=0.10s Sys=0.00s Real=0.05s
[219.013s][info][gc,marking     ] GC(506) Concurrent Mark From Roots 1915.552ms
[219.013s][info][gc,marking     ] GC(506) Concurrent Preclean
[219.014s][info][gc,marking     ] GC(506) Concurrent Preclean 0.033ms
[219.014s][info][gc,start       ] GC(506) Pause Remark
[219.022s][info][gc             ] GC(506) Pause Remark 711M->703M(978M) 8.682ms
[219.022s][info][gc,cpu         ] GC(506) User=0.02s Sys=0.00s Real=0.01s
[219.022s][info][gc,marking     ] GC(506) Concurrent Mark 1924.635ms
[219.022s][info][gc,marking     ] GC(506) Concurrent Rebuild Remembered Sets and Scrub Regions
[219.265s][info][gc,start       ] GC(510) Pause Young (Normal) (G1 Evacuation Pause)
[219.265s][info][gc,task        ] GC(510) Using 2 workers of 2 for evacuation
[219.395s][info][gc,phases      ] GC(510)   Pre Evacuate Collection Set: 0.32ms
[219.395s][info][gc,phases      ] GC(510)   Merge Heap Roots: 0.36ms
[219.395s][info][gc,phases      ] GC(510)   Evacuate Collection Set: 123.47ms
[219.395s][info][gc,phases      ] GC(510)   Post Evacuate Collection Set: 5.85ms
[219.395s][info][gc,phases      ] GC(510)   Other: 0.09ms
[219.395s][info][gc,heap        ] GC(510) Eden regions: 224->0(93)
[219.395s][info][gc,heap        ] GC(510) Survivor regions: 32->32(32)
[219.395s][info][gc,heap        ] GC(510) Old regions: 619->763
[219.395s][info][gc,heap        ] GC(510) Humongous regions: 8->8
[219.395s][info][gc,metaspace   ] GC(510) Metaspace: 18538K(18688K)->18538K(18688K) NonClass: 16709K(16832K)->16709K(16832K) Class: 1828K(1856K)->1828K(1856K)
[219.395s][info][gc             ] GC(510) Pause Young (Normal) (G1 Evacuation Pause) (Evacuation Failure: Allocation) 882M->802M(978M) 130.369ms
[219.395s][info][gc,cpu         ] GC(510) User=0.26s Sys=0.00s Real=0.13s
[219.629s][info][gc,start       ] GC(511) Pause Young (Normal) (G1 Evacuation Pause)
[219.629s][info][gc,task        ] GC(511) Using 2 workers of 2 for evacuation
[219.689s][info][gc,phases      ] GC(511)   Pre Evacuate Collection Set: 0.39ms
[219.689s][info][gc,phases      ] GC(511)   Merge Heap Roots: 0.50ms
[219.689s][info][gc,phases      ] GC(511)   Evacuate Collection Set: 58.36ms
[219.689s][info][gc,phases      ] GC(511)   Post Evacuate Collection Set: 0.52ms
[219.689s][info][gc,phases      ] GC(511)   Other: 0.09ms
[219.689s][info][gc,heap        ] GC(511) Eden regions: 93->0(160)
[219.689s][info][gc,heap        ] GC(511) Survivor regions: 32->4(16)
[219.689s][info][gc,heap        ] GC(511) Old regions: 763->727
[219.689s][info][gc,heap        ] GC(511) Humongous regions: 8->8
[219.689s][info][gc,metaspace   ] GC(511) Metaspace: 18538K(18688K)->18538K(18688K) NonClass: 16709K(16832K)->16709K(16832K) Class: 1828K(1856K)->1828K(1856K)
[219.689s][info][gc             ] GC(511) Pause Young (Normal) (G1 Evacuation Pause) 895M->738M(978M) 60.131ms
[219.689s][info][gc,cpu         ] GC(511) User=0.12s Sys=0.00s Real=0.06s
[219.807s][info][gc,marking     ] GC(506) Concurrent Rebuild Remembered Sets and Scrub Regions 784.929ms
[219.808s][info][gc,start       ] GC(506) Pause Cleanup
[219.808s][info][gc             ] GC(506) Pause Cleanup 769M->769M(978M) 0.152ms
[219.808s][info][gc,cpu         ] GC(506) User=0.00s Sys=0.00s Real=0.00s
[219.808s][info][gc,marking     ] GC(506) Concurrent Clear Claimed Marks
[219.808s][info][gc,marking     ] GC(506) Concurrent Clear Claimed Marks 0.035ms
[219.808s][info][gc,marking     ] GC(506) Concurrent Cleanup for Next Mark
[219.814s][info][gc,marking     ] GC(506) Concurrent Cleanup for Next Mark 6.476ms
[219.814s][info][gc             ] GC(506) Concurrent Mark Cycle 2791.205ms
[220.057s][info][gc,start       ] GC(512) Pause Young (Prepare Mixed) (G1 Evacuation Pause)
[220.057s][info][gc,task        ] GC(512) Using 2 workers of 2 for evacuation
[220.127s][info][gc,phases      ] GC(512)   Pre Evacuate Collection Set: 0.55ms
[220.127s][info][gc,phases      ] GC(512)   Merge Heap Roots: 0.38ms
[220.127s][info][gc,phases      ] GC(512)   Evacuate Collection Set: 68.98ms
[220.127s][info][gc,phases      ] GC(512)   Post Evacuate Collection Set: 0.53ms
[220.127s][info][gc,phases      ] GC(512)   Other: 0.11ms
[220.127s][info][gc,heap        ] GC(512) Eden regions: 160->0(123)
[220.127s][info][gc,heap        ] GC(512) Survivor regions: 4->21(21)
[220.127s][info][gc,heap        ] GC(512) Old regions: 727->747
[220.127s][info][gc,heap        ] GC(512) Humongous regions: 11->11
[220.127s][info][gc,metaspace   ] GC(512) Metaspace: 18538K(18688K)->18538K(18688K) NonClass: 16709K(16832K)->16709K(16832K) Class: 1828K(1856K)->1828K(1856K)
[220.127s][info][gc             ] GC(512) Pause Young (Prepare Mixed) (G1 Evacuation Pause) 901M->778M(978M) 70.818ms
[220.127s][info][gc,cpu         ] GC(512) User=0.14s Sys=0.00s Real=0.07s
[220.291s][info][gc,start       ] GC(513) Pause Young (Mixed) (G1 Evacuation Pause)
[220.291s][info][gc,task        ] GC(513) Using 2 workers of 2 for evacuation
[220.358s][info][gc,phases      ] GC(513)   Pre Evacuate Collection Set: 0.56ms
[220.358s][info][gc,phases      ] GC(513)   Merge Heap Roots: 0.41ms
[220.358s][info][gc,phases      ] GC(513)   Evacuate Collection Set: 65.33ms
[220.358s][info][gc,phases      ] GC(513)   Post Evacuate Collection Set: 0.50ms
[220.358s][info][gc,phases      ] GC(513)   Other: 0.10ms
[220.358s][info][gc,heap        ] GC(513) Eden regions: 123->0(121)
[220.358s][info][gc,heap        ] GC(513) Survivor regions: 21->18(18)
[220.358s][info][gc,heap        ] GC(513) Old regions: 747->757
[220.358s][info][gc,heap        ] GC(513) Humongous regions: 11->11
[220.358s][info][gc,metaspace   ] GC(513) Metaspace: 18538K(18688K)->18538K(18688K) NonClass: 16709K(16832K)->16709K(16832K) Class: 1828K(1856K)->1828K(1856K)
[220.358s][info][gc             ] GC(513) Pause Young (Mixed) (G1 Evacuation Pause) 901M->785M(978M) 67.148ms
[220.358s][info][gc,cpu         ] GC(513) User=0.13s Sys=0.00s Real=0.06s
[220.461s][info][gc,start       ] GC(514) Pause Young (Concurrent Start) (G1 Evacuation Pause)
[220.461s][info][gc,task        ] GC(514) Using 2 workers of 2 for evacuation
[220.492s][info][gc,phases      ] GC(514)   Pre Evacuate Collection Set: 0.44ms
[220.492s][info][gc,phases      ] GC(514)   Merge Heap Roots: 0.18ms
[220.492s][info][gc,phases      ] GC(514)   Evacuate Collection Set: 28.95ms
[220.492s][info][gc,phases      ] GC(514)   Post Evacuate Collection Set: 0.46ms
[220.492s][info][gc,phases      ] GC(514)   Other: 0.22ms
[220.492s][info][gc,heap        ] GC(514) Eden regions: 121->0(126)
[220.492s][info][gc,heap        ] GC(514) Survivor regions: 18->5(18)
[220.492s][info][gc,heap        ] GC(514) Old regions: 757->776
[220.492s][info][gc,heap        ] GC(514) Humongous regions: 11->11
[220.492s][info][gc,metaspace   ] GC(514) Metaspace: 18538K(18688K)->18538K(18688K) NonClass: 16709K(16832K)->16709K(16832K) Class: 1828K(1856K)->1828K(1856K)
[220.492s][info][gc             ] GC(514) Pause Young (Concurrent Start) (G1 Evacuation Pause) 906M->791M(978M) 30.505ms
[220.492s][info][gc,cpu         ] GC(514) User=0.06s Sys=0.00s Real=0.03s
[220.492s][info][gc             ] GC(515) Concurrent Mark Cycle
[220.494s][info][gc,marking     ] GC(515) Concurrent Scan Root Regions
[220.538s][info][gc,marking     ] GC(515) Concurrent Scan Root Regions 43.203ms
[220.538s][info][gc,marking     ] GC(515) Concurrent Mark
[220.538s][info][gc,marking     ] GC(515) Concurrent Mark From Roots
[220.538s][info][gc,task        ] GC(515) Using 1 workers of 1 for marking
[220.781s][info][gc,start       ] GC(516) Pause Young (Normal) (G1 Evacuation Pause)
[220.781s][info][gc,task        ] GC(516) Using 2 workers of 2 for evacuation
[220.795s][info][gc,phases      ] GC(516)   Pre Evacuate Collection Set: 0.33ms
[220.796s][info][gc,phases      ] GC(516)   Merge Heap Roots: 0.23ms
[220.796s][info][gc,phases      ] GC(516)   Evacuate Collection Set: 13.53ms
[220.796s][info][gc,phases      ] GC(516)   Post Evacuate Collection Set: 0.40ms
[220.796s][info][gc,phases      ] GC(516)   Other: 0.09ms
[220.796s][info][gc,heap        ] GC(516) Eden regions: 126->0(129)
[220.796s][info][gc,heap        ] GC(516) Survivor regions: 5->6(17)
[220.796s][info][gc,heap        ] GC(516) Old regions: 776->776
[220.796s][info][gc,heap        ] GC(516) Humongous regions: 11->11
[220.796s][info][gc,metaspace   ] GC(516) Metaspace: 18538K(18688K)->18538K(18688K) NonClass: 16709K(16832K)->16709K(16832K) Class: 1828K(1856K)->1828K(1856K)
[220.796s][info][gc             ] GC(516) Pause Young (Normal) (G1 Evacuation Pause) 917M->791M(978M) 14.832ms
[220.796s][info][gc,cpu         ] GC(516) User=0.03s Sys=0.00s Real=0.01s
[221.118s][info][gc,start       ] GC(517) Pause Young (Normal) (G1 Evacuation Pause)
[221.119s][info][gc,task        ] GC(517) Using 2 workers of 2 for evacuation
[221.141s][info][gc,phases      ] GC(517)   Pre Evacuate Collection Set: 0.36ms
[221.141s][info][gc,phases      ] GC(517)   Merge Heap Roots: 0.23ms
[221.141s][info][gc,phases      ] GC(517)   Evacuate Collection Set: 21.08ms
[221.141s][info][gc,phases      ] GC(517)   Post Evacuate Collection Set: 0.49ms
[221.141s][info][gc,phases      ] GC(517)   Other: 0.16ms
[221.141s][info][gc,heap        ] GC(517) Eden regions: 129->0(121)
[221.141s][info][gc,heap        ] GC(517) Survivor regions: 6->10(17)
[221.141s][info][gc,heap        ] GC(517) Old regions: 776->776
[221.141s][info][gc,heap        ] GC(517) Humongous regions: 11->11
[221.141s][info][gc,metaspace   ] GC(517) Metaspace: 18538K(18688K)->18538K(18688K) NonClass: 16709K(16832K)->16709K(16832K) Class: 1828K(1856K)->1828K(1856K)
[221.141s][info][gc             ] GC(517) Pause Young (Normal) (G1 Evacuation Pause) 920M->795M(978M) 22.707ms
[221.141s][info][gc,cpu         ] GC(517) User=0.04s Sys=0.00s Real=0.03s
[221.480s][info][gc,start       ] GC(518) Pause Young (Normal) (G1 Evacuation Pause)
[221.480s][info][gc,task        ] GC(518) Using 2 workers of 2 for evacuation
[221.508s][info][gc,phases      ] GC(518)   Pre Evacuate Collection Set: 0.54ms
[221.508s][info][gc,phases      ] GC(518)   Merge Heap Roots: 0.16ms
[221.508s][info][gc,phases      ] GC(518)   Evacuate Collection Set: 26.41ms
[221.508s][info][gc,phases      ] GC(518)   Post Evacuate Collection Set: 0.44ms
[221.508s][info][gc,phases      ] GC(518)   Other: 0.10ms
[221.508s][info][gc,heap        ] GC(518) Eden regions: 121->0(105)
[221.508s][info][gc,heap        ] GC(518) Survivor regions: 10->16(17)
[221.508s][info][gc,heap        ] GC(518) Old regions: 776->780
[221.508s][info][gc,heap        ] GC(518) Humongous regions: 11->11
[221.508s][info][gc,metaspace   ] GC(518) Metaspace: 18538K(18688K)->18538K(18688K) NonClass: 16709K(16832K)->16709K(16832K) Class: 1828K(1856K)->1828K(1856K)
[221.508s][info][gc             ] GC(518) Pause Young (Normal) (G1 Evacuation Pause) 916M->806M(978M) 27.898ms
[221.508s][info][gc,cpu         ] GC(518) User=0.06s Sys=0.00s Real=0.03s
[221.712s][info][gc,start       ] GC(519) Pause Young (Normal) (G1 Evacuation Pause)
[221.713s][info][gc,task        ] GC(519) Using 2 workers of 2 for evacuation
[221.759s][info][gc,phases      ] GC(519)   Pre Evacuate Collection Set: 0.54ms
[221.759s][info][gc,phases      ] GC(519)   Merge Heap Roots: 0.41ms
[221.759s][info][gc,phases      ] GC(519)   Evacuate Collection Set: 45.12ms
[221.759s][info][gc,phases      ] GC(519)   Post Evacuate Collection Set: 0.39ms
[221.759s][info][gc,phases      ] GC(519)   Other: 0.08ms
[221.759s][info][gc,heap        ] GC(519) Eden regions: 105->0(88)
[221.759s][info][gc,heap        ] GC(519) Survivor regions: 16->16(16)
[221.759s][info][gc,heap        ] GC(519) Old regions: 780->797
[221.759s][info][gc,heap        ] GC(519) Humongous regions: 11->11
[221.759s][info][gc,metaspace   ] GC(519) Metaspace: 18538K(18688K)->18538K(18688K) NonClass: 16709K(16832K)->16709K(16832K) Class: 1828K(1856K)->1828K(1856K)
[221.759s][info][gc             ] GC(519) Pause Young (Normal) (G1 Evacuation Pause) 911M->823M(978M) 46.829ms
[221.759s][info][gc,cpu         ] GC(519) User=0.09s Sys=0.00s Real=0.04s
[222.249s][info][gc,start       ] GC(520) Pause Young (Normal) (G1 Evacuation Pause)
[222.249s][info][gc,task        ] GC(520) Using 2 workers of 2 for evacuation
[222.273s][info][gc,phases      ] GC(520)   Pre Evacuate Collection Set: 0.53ms
[222.273s][info][gc,phases      ] GC(520)   Merge Heap Roots: 0.13ms
[222.273s][info][gc,phases      ] GC(520)   Evacuate Collection Set: 22.65ms
[222.273s][info][gc,phases      ] GC(520)   Post Evacuate Collection Set: 0.40ms
[222.273s][info][gc,phases      ] GC(520)   Other: 0.11ms
[222.273s][info][gc,heap        ] GC(520) Eden regions: 88->0(101)
[222.273s][info][gc,heap        ] GC(520) Survivor regions: 16->1(13)
[222.273s][info][gc,heap        ] GC(520) Old regions: 797->814
[222.273s][info][gc,heap        ] GC(520) Humongous regions: 11->11
[222.273s][info][gc,metaspace   ] GC(520) Metaspace: 18538K(18688K)->18538K(18688K) NonClass: 16709K(16832K)->16709K(16832K) Class: 1828K(1856K)->1828K(1856K)
[222.273s][info][gc             ] GC(520) Pause Young (Normal) (G1 Evacuation Pause) 911M->825M(978M) 24.173ms
[222.273s][info][gc,cpu         ] GC(520) User=0.04s Sys=0.00s Real=0.03s
[222.523s][info][gc,marking     ] GC(515) Concurrent Mark From Roots 1984.928ms
[222.523s][info][gc,marking     ] GC(515) Concurrent Preclean
[222.523s][info][gc,marking     ] GC(515) Concurrent Preclean 0.041ms
[222.523s][info][gc,start       ] GC(515) Pause Remark
[222.531s][info][gc             ] GC(515) Pause Remark 895M->723M(978M) 8.262ms
[222.531s][info][gc,cpu         ] GC(515) User=0.01s Sys=0.00s Real=0.01s
[222.531s][info][gc,marking     ] GC(515) Concurrent Mark 1993.568ms
[222.531s][info][gc,marking     ] GC(515) Concurrent Rebuild Remembered Sets and Scrub Regions
[222.691s][info][gc,start       ] GC(521) Pause Young (Normal) (G1 Evacuation Pause)
[222.691s][info][gc,task        ] GC(521) Using 2 workers of 2 for evacuation
[222.692s][info][gc,phases      ] GC(521)   Pre Evacuate Collection Set: 0.56ms
[222.692s][info][gc,phases      ] GC(521)   Merge Heap Roots: 0.10ms
[222.692s][info][gc,phases      ] GC(521)   Evacuate Collection Set: 0.62ms
[222.692s][info][gc,phases      ] GC(521)   Post Evacuate Collection Set: 0.33ms
[222.693s][info][gc,phases      ] GC(521)   Other: 0.11ms
[222.693s][info][gc,heap        ] GC(521) Eden regions: 101->0(249)
[222.693s][info][gc,heap        ] GC(521) Survivor regions: 1->1(13)
[222.693s][info][gc,heap        ] GC(521) Old regions: 647->647
[222.693s][info][gc,heap        ] GC(521) Humongous regions: 6->6
[222.693s][info][gc,metaspace   ] GC(521) Metaspace: 18538K(18688K)->18538K(18688K) NonClass: 16709K(16832K)->16709K(16832K) Class: 1828K(1856K)->1828K(1856K)
[222.693s][info][gc             ] GC(521) Pause Young (Normal) (G1 Evacuation Pause) 754M->653M(978M) 1.944ms
[222.693s][info][gc,cpu         ] GC(521) User=0.00s Sys=0.00s Real=0.00s
[223.142s][info][gc,marking     ] GC(515) Concurrent Rebuild Remembered Sets and Scrub Regions 610.864ms
[223.142s][info][gc,start       ] GC(515) Pause Cleanup
[223.143s][info][gc             ] GC(515) Pause Cleanup 756M->756M(978M) 0.177ms
[223.143s][info][gc,cpu         ] GC(515) User=0.00s Sys=0.00s Real=0.00s
[223.143s][info][gc,marking     ] GC(515) Concurrent Clear Claimed Marks
[223.143s][info][gc,marking     ] GC(515) Concurrent Clear Claimed Marks 0.035ms
[223.143s][info][gc,marking     ] GC(515) Concurrent Cleanup for Next Mark
[223.146s][info][gc,marking     ] GC(515) Concurrent Cleanup for Next Mark 3.011ms
[223.146s][info][gc             ] GC(515) Concurrent Mark Cycle 2653.868ms
[223.540s][info][gc,start       ] GC(522) Pause Young (Prepare Mixed) (G1 Evacuation Pause)
[223.540s][info][gc,task        ] GC(522) Using 2 workers of 2 for evacuation
[223.542s][info][gc,phases      ] GC(522)   Pre Evacuate Collection Set: 0.59ms
[223.542s][info][gc,phases      ] GC(522)   Merge Heap Roots: 0.14ms
[223.542s][info][gc,phases      ] GC(522)   Evacuate Collection Set: 0.94ms
[223.542s][info][gc,phases      ] GC(522)   Post Evacuate Collection Set: 0.45ms
[223.542s][info][gc,phases      ] GC(522)   Other: 0.12ms
[223.542s][info][gc,heap        ] GC(522) Eden regions: 249->0(261)
[223.542s][info][gc,heap        ] GC(522) Survivor regions: 1->1(32)
[223.542s][info][gc,heap        ] GC(522) Old regions: 647->647
[223.542s][info][gc,heap        ] GC(522) Humongous regions: 6->6
[223.542s][info][gc,metaspace   ] GC(522) Metaspace: 18538K(18688K)->18538K(18688K) NonClass: 16709K(16832K)->16709K(16832K) Class: 1828K(1856K)->1828K(1856K)
[223.542s][info][gc             ] GC(522) Pause Young (Prepare Mixed) (G1 Evacuation Pause) 902M->652M(978M) 2.530ms
[223.542s][info][gc,cpu         ] GC(522) User=0.00s Sys=0.00s Real=0.01s
[224.215s][info][gc,start       ] GC(523) Pause Young (Mixed) (G1 Evacuation Pause)
[224.215s][info][gc,task        ] GC(523) Using 2 workers of 2 for evacuation
[224.284s][info][gc,phases      ] GC(523)   Pre Evacuate Collection Set: 0.59ms
[224.284s][info][gc,phases      ] GC(523)   Merge Heap Roots: 1.21ms
[224.284s][info][gc,phases      ] GC(523)   Evacuate Collection Set: 66.44ms
[224.284s][info][gc,phases      ] GC(523)   Post Evacuate Collection Set: 0.67ms
[224.284s][info][gc,phases      ] GC(523)   Other: 0.12ms
[224.284s][info][gc,heap        ] GC(523) Eden regions: 261->0(313)
[224.284s][info][gc,heap        ] GC(523) Survivor regions: 1->1(33)
[224.284s][info][gc,heap        ] GC(523) Old regions: 647->593
[224.284s][info][gc,heap        ] GC(523) Humongous regions: 6->6
[224.284s][info][gc,metaspace   ] GC(523) Metaspace: 18538K(18688K)->18538K(18688K) NonClass: 16709K(16832K)->16709K(16832K) Class: 1828K(1856K)->1828K(1856K)
[224.284s][info][gc             ] GC(523) Pause Young (Mixed) (G1 Evacuation Pause) 913M->599M(978M) 69.292ms
[224.284s][info][gc,cpu         ] GC(523) User=0.13s Sys=0.00s Real=0.07s
[224.734s][info][gc,start       ] GC(524) Pause Young (Concurrent Start) (G1 Evacuation Pause)
[224.734s][info][gc,task        ] GC(524) Using 2 workers of 2 for evacuation
[224.815s][info][gc,phases      ] GC(524)   Pre Evacuate Collection Set: 0.34ms
[224.815s][info][gc,phases      ] GC(524)   Merge Heap Roots: 0.14ms
[224.815s][info][gc,phases      ] GC(524)   Evacuate Collection Set: 76.13ms
[224.815s][info][gc,phases      ] GC(524)   Post Evacuate Collection Set: 3.82ms
[224.815s][info][gc,phases      ] GC(524)   Other: 0.14ms
[224.815s][info][gc,heap        ] GC(524) Eden regions: 313->0(184)
[224.815s][info][gc,heap        ] GC(524) Survivor regions: 1->40(40)
[224.815s][info][gc,heap        ] GC(524) Old regions: 593->658
[224.815s][info][gc,heap        ] GC(524) Humongous regions: 6->6
[224.815s][info][gc,metaspace   ] GC(524) Metaspace: 18538K(18688K)->18538K(18688K) NonClass: 16709K(16832K)->16709K(16832K) Class: 1828K(1856K)->1828K(1856K)
[224.815s][info][gc             ] GC(524) Pause Young (Concurrent Start) (G1 Evacuation Pause) (Evacuation Failure: Allocation) 912M->703M(978M) 80.845ms
[224.815s][info][gc,cpu         ] GC(524) User=0.16s Sys=0.00s Real=0.08s
[224.815s][info][gc             ] GC(525) Concurrent Mark Cycle
[224.817s][info][gc,marking     ] GC(525) Concurrent Scan Root Regions
[224.898s][info][gc,marking     ] GC(525) Concurrent Scan Root Regions 80.101ms
[224.898s][info][gc,marking     ] GC(525) Concurrent Mark
[224.898s][info][gc,marking     ] GC(525) Concurrent Mark From Roots
[224.898s][info][gc,task        ] GC(525) Using 1 workers of 1 for marking
[225.412s][info][gc,start       ] GC(526) Pause Young (Normal) (G1 Evacuation Pause)
[225.412s][info][gc,task        ] GC(526) Using 2 workers of 2 for evacuation
[225.508s][info][gc,phases      ] GC(526)   Pre Evacuate Collection Set: 0.36ms
[225.508s][info][gc,phases      ] GC(526)   Merge Heap Roots: 0.44ms
[225.508s][info][gc,phases      ] GC(526)   Evacuate Collection Set: 93.93ms
[225.508s][info][gc,phases      ] GC(526)   Post Evacuate Collection Set: 0.71ms
[225.508s][info][gc,phases      ] GC(526)   Other: 0.11ms
[225.508s][info][gc,heap        ] GC(526) Eden regions: 184->0(204)
[225.508s][info][gc,heap        ] GC(526) Survivor regions: 40->17(28)
[225.508s][info][gc,heap        ] GC(526) Old regions: 658->668
[225.508s][info][gc,heap        ] GC(526) Humongous regions: 9->9
[225.508s][info][gc,metaspace   ] GC(526) Metaspace: 18538K(18688K)->18538K(18688K) NonClass: 16709K(16832K)->16709K(16832K) Class: 1828K(1856K)->1828K(1856K)
[225.508s][info][gc             ] GC(526) Pause Young (Normal) (G1 Evacuation Pause) 890M->693M(978M) 95.811ms
[225.508s][info][gc,cpu         ] GC(526) User=0.19s Sys=0.00s Real=0.09s
[225.891s][info][gc,start       ] GC(527) Pause Young (Normal) (G1 Evacuation Pause)
[225.891s][info][gc,task        ] GC(527) Using 2 workers of 2 for evacuation
[225.984s][info][gc,phases      ] GC(527)   Pre Evacuate Collection Set: 0.34ms
[225.984s][info][gc,phases      ] GC(527)   Merge Heap Roots: 0.39ms
[225.984s][info][gc,phases      ] GC(527)   Evacuate Collection Set: 91.74ms
[225.984s][info][gc,phases      ] GC(527)   Post Evacuate Collection Set: 0.50ms
[225.984s][info][gc,phases      ] GC(527)   Other: 0.11ms
[225.984s][info][gc,heap        ] GC(527) Eden regions: 204->0(163)
[225.984s][info][gc,heap        ] GC(527) Survivor regions: 17->28(28)
[225.984s][info][gc,heap        ] GC(527) Old regions: 668->700
[225.984s][info][gc,heap        ] GC(527) Humongous regions: 9->9
[225.984s][info][gc,metaspace   ] GC(527) Metaspace: 18538K(18688K)->18538K(18688K) NonClass: 16709K(16832K)->16709K(16832K) Class: 1828K(1856K)->1828K(1856K)
[225.984s][info][gc             ] GC(527) Pause Young (Normal) (G1 Evacuation Pause) 897M->736M(978M) 93.319ms
[225.984s][info][gc,cpu         ] GC(527) User=0.18s Sys=0.00s Real=0.09s
[226.289s][info][gc,start       ] GC(528) Pause Young (Normal) (G1 Evacuation Pause)
[226.289s][info][gc,task        ] GC(528) Using 2 workers of 2 for evacuation
[226.334s][info][gc,phases      ] GC(528)   Pre Evacuate Collection Set: 0.30ms
[226.334s][info][gc,phases      ] GC(528)   Merge Heap Roots: 0.25ms
[226.334s][info][gc,phases      ] GC(528)   Evacuate Collection Set: 44.10ms
[226.334s][info][gc,phases      ] GC(528)   Post Evacuate Collection Set: 0.45ms
[226.334s][info][gc,phases      ] GC(528)   Other: 0.08ms
[226.334s][info][gc,heap        ] GC(528) Eden regions: 163->0(168)
[226.334s][info][gc,heap        ] GC(528) Survivor regions: 28->7(24)
[226.334s][info][gc,heap        ] GC(528) Old regions: 700->729
[226.334s][info][gc,heap        ] GC(528) Humongous regions: 9->9
[226.334s][info][gc,metaspace   ] GC(528) Metaspace: 18538K(18688K)->18538K(18688K) NonClass: 16709K(16832K)->16709K(16832K) Class: 1828K(1856K)->1828K(1856K)
[226.334s][info][gc             ] GC(528) Pause Young (Normal) (G1 Evacuation Pause) 899M->744M(978M) 45.450ms
[226.334s][info][gc,cpu         ] GC(528) User=0.09s Sys=0.00s Real=0.05s
[226.607s][info][gc,start       ] GC(529) Pause Young (Normal) (G1 Evacuation Pause)
[226.607s][info][gc,task        ] GC(529) Using 2 workers of 2 for evacuation
[226.636s][info][gc,phases      ] GC(529)   Pre Evacuate Collection Set: 0.35ms
[226.637s][info][gc,phases      ] GC(529)   Merge Heap Roots: 0.24ms
[226.637s][info][gc,phases      ] GC(529)   Evacuate Collection Set: 28.27ms
[226.637s][info][gc,phases      ] GC(529)   Post Evacuate Collection Set: 0.47ms
[226.637s][info][gc,phases      ] GC(529)   Other: 0.09ms
[226.637s][info][gc,heap        ] GC(529) Eden regions: 168->0(154)
[226.637s][info][gc,heap        ] GC(529) Survivor regions: 7->18(22)
[226.637s][info][gc,heap        ] GC(529) Old regions: 729->729
[226.637s][info][gc,heap        ] GC(529) Humongous regions: 9->9
[226.637s][info][gc,metaspace   ] GC(529) Metaspace: 18539K(18688K)->18539K(18688K) NonClass: 16710K(16832K)->16710K(16832K) Class: 1828K(1856K)->1828K(1856K)
[226.637s][info][gc             ] GC(529) Pause Young (Normal) (G1 Evacuation Pause) 912M->755M(978M) 29.719ms
[226.637s][info][gc,cpu         ] GC(529) User=0.06s Sys=0.00s Real=0.03s
[226.901s][info][gc,start       ] GC(530) Pause Young (Normal) (G1 Evacuation Pause)
[226.901s][info][gc,task        ] GC(530) Using 2 workers of 2 for evacuation
[226.949s][info][gc,phases      ] GC(530)   Pre Evacuate Collection Set: 0.55ms
[226.949s][info][gc,phases      ] GC(530)   Merge Heap Roots: 0.20ms
[226.949s][info][gc,phases      ] GC(530)   Evacuate Collection Set: 47.30ms
[226.949s][info][gc,phases      ] GC(530)   Post Evacuate Collection Set: 0.48ms
[226.949s][info][gc,phases      ] GC(530)   Other: 0.08ms
[226.949s][info][gc,heap        ] GC(530) Eden regions: 154->0(148)
[226.949s][info][gc,heap        ] GC(530) Survivor regions: 18->12(22)
[226.949s][info][gc,heap        ] GC(530) Old regions: 729->747
[226.949s][info][gc,heap        ] GC(530) Humongous regions: 9->9
[226.949s][info][gc,metaspace   ] GC(530) Metaspace: 18539K(18688K)->18539K(18688K) NonClass: 16710K(16832K)->16710K(16832K) Class: 1828K(1856K)->1828K(1856K)
[226.949s][info][gc             ] GC(530) Pause Young (Normal) (G1 Evacuation Pause) 909M->767M(978M) 48.901ms
[226.949s][info][gc,cpu         ] GC(530) User=0.09s Sys=0.00s Real=0.04s
[227.210s][info][gc,start       ] GC(531) Pause Young (Normal) (G1 Evacuation Pause)
[227.211s][info][gc,task        ] GC(531) Using 2 workers of 2 for evacuation
[227.257s][info][gc,phases      ] GC(531)   Pre Evacuate Collection Set: 0.54ms
[227.257s][info][gc,phases      ] GC(531)   Merge Heap Roots: 0.16ms
[227.257s][info][gc,phases      ] GC(531)   Evacuate Collection Set: 45.53ms
[227.257s][info][gc,phases      ] GC(531)   Post Evacuate Collection Set: 0.48ms
[227.257s][info][gc,phases      ] GC(531)   Other: 0.08ms
[227.257s][info][gc,heap        ] GC(531) Eden regions: 148->0(117)
[227.257s][info][gc,heap        ] GC(531) Survivor regions: 12->20(20)
[227.257s][info][gc,heap        ] GC(531) Old regions: 747->762
[227.257s][info][gc,heap        ] GC(531) Humongous regions: 9->9
[227.257s][info][gc,metaspace   ] GC(531) Metaspace: 18543K(18688K)->18543K(18688K) NonClass: 16715K(16832K)->16715K(16832K) Class: 1828K(1856K)->1828K(1856K)
[227.258s][info][gc             ] GC(531) Pause Young (Normal) (G1 Evacuation Pause) 915M->790M(978M) 47.067ms
[227.258s][info][gc,cpu         ] GC(531) User=0.10s Sys=0.01s Real=0.04s
[227.383s][info][gc,marking     ] GC(525) Concurrent Mark From Roots 2485.325ms
[227.383s][info][gc,marking     ] GC(525) Concurrent Preclean
[227.383s][info][gc,marking     ] GC(525) Concurrent Preclean 0.055ms
[227.383s][info][gc,start       ] GC(525) Pause Remark
[227.393s][info][gc             ] GC(525) Pause Remark 871M->858M(978M) 9.337ms
[227.393s][info][gc,cpu         ] GC(525) User=0.02s Sys=0.00s Real=0.01s
[227.394s][info][gc,marking     ] GC(525) Concurrent Mark 2496.787ms
[227.394s][info][gc,marking     ] GC(525) Concurrent Rebuild Remembered Sets and Scrub Regions
[227.549s][info][gc,start       ] GC(532) Pause Young (Normal) (G1 Evacuation Pause)
[227.549s][info][gc,task        ] GC(532) Using 2 workers of 2 for evacuation
[227.596s][info][gc,phases      ] GC(532)   Pre Evacuate Collection Set: 0.60ms
[227.596s][info][gc,phases      ] GC(532)   Merge Heap Roots: 0.20ms
[227.596s][info][gc,phases      ] GC(532)   Evacuate Collection Set: 45.68ms
[227.596s][info][gc,phases      ] GC(532)   Post Evacuate Collection Set: 0.63ms
[227.596s][info][gc,phases      ] GC(532)   Other: 0.11ms
[227.596s][info][gc,heap        ] GC(532) Eden regions: 117->0(126)
[227.596s][info][gc,heap        ] GC(532) Survivor regions: 20->15(18)
[227.596s][info][gc,heap        ] GC(532) Old regions: 749->763
[227.596s][info][gc,heap        ] GC(532) Humongous regions: 9->9
[227.596s][info][gc,metaspace   ] GC(532) Metaspace: 18543K(18688K)->18543K(18688K) NonClass: 16715K(16832K)->16715K(16832K) Class: 1828K(1856K)->1828K(1856K)
[227.597s][info][gc             ] GC(532) Pause Young (Normal) (G1 Evacuation Pause) 894M->786M(978M) 47.610ms
[227.597s][info][gc,cpu         ] GC(532) User=0.09s Sys=0.00s Real=0.05s
[227.755s][info][gc,start       ] GC(533) Pause Young (Normal) (G1 Evacuation Pause)
[227.755s][info][gc,task        ] GC(533) Using 2 workers of 2 for evacuation
[227.833s][info][gc,phases      ] GC(533)   Pre Evacuate Collection Set: 0.72ms
[227.833s][info][gc,phases      ] GC(533)   Merge Heap Roots: 0.61ms
[227.833s][info][gc,phases      ] GC(533)   Evacuate Collection Set: 76.08ms
[227.833s][info][gc,phases      ] GC(533)   Post Evacuate Collection Set: 0.58ms
[227.833s][info][gc,phases      ] GC(533)   Other: 0.10ms
[227.834s][info][gc,heap        ] GC(533) Eden regions: 126->0(97)
[227.834s][info][gc,heap        ] GC(533) Survivor regions: 15->18(18)
[227.834s][info][gc,heap        ] GC(533) Old regions: 763->786
[227.834s][info][gc,heap        ] GC(533) Humongous regions: 9->9
[227.834s][info][gc,metaspace   ] GC(533) Metaspace: 18543K(18688K)->18543K(18688K) NonClass: 16715K(16832K)->16715K(16832K) Class: 1828K(1856K)->1828K(1856K)
[227.834s][info][gc             ] GC(533) Pause Young (Normal) (G1 Evacuation Pause) 912M->812M(978M) 78.513ms
[227.834s][info][gc,cpu         ] GC(533) User=0.15s Sys=0.00s Real=0.08s
[228.078s][info][gc,start       ] GC(534) Pause Young (Normal) (G1 Evacuation Pause)
[228.078s][info][gc,task        ] GC(534) Using 2 workers of 2 for evacuation
[228.108s][info][gc,phases      ] GC(534)   Pre Evacuate Collection Set: 0.44ms
[228.108s][info][gc,phases      ] GC(534)   Merge Heap Roots: 0.20ms
[228.108s][info][gc,phases      ] GC(534)   Evacuate Collection Set: 28.63ms
[228.108s][info][gc,phases      ] GC(534)   Post Evacuate Collection Set: 0.38ms
[228.108s][info][gc,phases      ] GC(534)   Other: 0.14ms
[228.108s][info][gc,heap        ] GC(534) Eden regions: 97->0(111)
[228.108s][info][gc,heap        ] GC(534) Survivor regions: 18->2(15)
[228.108s][info][gc,heap        ] GC(534) Old regions: 786->804
[228.108s][info][gc,heap        ] GC(534) Humongous regions: 9->9
[228.108s][info][gc,metaspace   ] GC(534) Metaspace: 18543K(18688K)->18543K(18688K) NonClass: 16715K(16832K)->16715K(16832K) Class: 1828K(1856K)->1828K(1856K)
[228.108s][info][gc             ] GC(534) Pause Young (Normal) (G1 Evacuation Pause) 909M->814M(978M) 30.201ms
[228.108s][info][gc,cpu         ] GC(534) User=0.06s Sys=0.00s Real=0.03s
[228.608s][info][gc,marking     ] GC(525) Concurrent Rebuild Remembered Sets and Scrub Regions 1213.383ms
[228.608s][info][gc,start       ] GC(525) Pause Cleanup
[228.608s][info][gc             ] GC(525) Pause Cleanup 921M->921M(978M) 0.146ms
[228.608s][info][gc,cpu         ] GC(525) User=0.00s Sys=0.00s Real=0.00s
[228.608s][info][gc,marking     ] GC(525) Concurrent Clear Claimed Marks
[228.608s][info][gc,marking     ] GC(525) Concurrent Clear Claimed Marks 0.030ms
[228.608s][info][gc,marking     ] GC(525) Concurrent Cleanup for Next Mark
[228.611s][info][gc,marking     ] GC(525) Concurrent Cleanup for Next Mark 2.988ms
[228.611s][info][gc             ] GC(525) Concurrent Mark Cycle 3796.114ms
[228.624s][info][gc,start       ] GC(535) Pause Young (Prepare Mixed) (G1 Evacuation Pause)
[228.624s][info][gc,task        ] GC(535) Using 2 workers of 2 for evacuation
[228.633s][info][gc,phases      ] GC(535)   Pre Evacuate Collection Set: 0.53ms
[228.633s][info][gc,phases      ] GC(535)   Merge Heap Roots: 0.13ms
[228.633s][info][gc,phases      ] GC(535)   Evacuate Collection Set: 7.85ms
[228.633s][info][gc,phases      ] GC(535)   Post Evacuate Collection Set: 0.41ms
[228.633s][info][gc,phases      ] GC(535)   Other: 0.10ms
[228.633s][info][gc,heap        ] GC(535) Eden regions: 111->0(103)
[228.633s][info][gc,heap        ] GC(535) Survivor regions: 2->6(15)
[228.633s][info][gc,heap        ] GC(535) Old regions: 804->804
[228.633s][info][gc,heap        ] GC(535) Humongous regions: 9->9
[228.633s][info][gc,metaspace   ] GC(535) Metaspace: 18547K(18688K)->18547K(18688K) NonClass: 16718K(16832K)->16718K(16832K) Class: 1828K(1856K)->1828K(1856K)
[228.633s][info][gc             ] GC(535) Pause Young (Prepare Mixed) (G1 Evacuation Pause) 925M->818M(978M) 9.260ms
[228.633s][info][gc,cpu         ] GC(535) User=0.02s Sys=0.00s Real=0.01s
[228.886s][info][gc,start       ] GC(536) Pause Young (Mixed) (G1 Evacuation Pause)
[228.886s][info][gc,task        ] GC(536) Using 2 workers of 2 for evacuation
[228.910s][info][gc,phases      ] GC(536)   Pre Evacuate Collection Set: 0.56ms
[228.910s][info][gc,phases      ] GC(536)   Merge Heap Roots: 0.42ms
[228.910s][info][gc,phases      ] GC(536)   Evacuate Collection Set: 23.08ms
[228.910s][info][gc,phases      ] GC(536)   Post Evacuate Collection Set: 0.44ms
[228.910s][info][gc,phases      ] GC(536)   Other: 0.08ms
[228.910s][info][gc,heap        ] GC(536) Eden regions: 103->0(112)
[228.910s][info][gc,heap        ] GC(536) Survivor regions: 6->7(14)
[228.910s][info][gc,heap        ] GC(536) Old regions: 804->793
[228.910s][info][gc,heap        ] GC(536) Humongous regions: 9->9
[228.910s][info][gc,metaspace   ] GC(536) Metaspace: 18547K(18688K)->18547K(18688K) NonClass: 16718K(16832K)->16718K(16832K) Class: 1828K(1856K)->1828K(1856K)
[228.910s][info][gc             ] GC(536) Pause Young (Mixed) (G1 Evacuation Pause) 921M->807M(978M) 24.834ms
[228.910s][info][gc,cpu         ] GC(536) User=0.05s Sys=0.00s Real=0.02s
[229.060s][info][gc,start       ] GC(537) Pause Young (Concurrent Start) (G1 Evacuation Pause)
[229.061s][info][gc,task        ] GC(537) Using 2 workers of 2 for evacuation
[229.086s][info][gc,phases      ] GC(537)   Pre Evacuate Collection Set: 0.39ms
[229.086s][info][gc,phases      ] GC(537)   Merge Heap Roots: 0.12ms
[229.086s][info][gc,phases      ] GC(537)   Evacuate Collection Set: 24.30ms
[229.086s][info][gc,phases      ] GC(537)   Post Evacuate Collection Set: 0.49ms
[229.086s][info][gc,phases      ] GC(537)   Other: 0.26ms
[229.086s][info][gc,heap        ] GC(537) Eden regions: 112->0(91)
[229.086s][info][gc,heap        ] GC(537) Survivor regions: 7->15(15)
[229.086s][info][gc,heap        ] GC(537) Old regions: 793->798
[229.086s][info][gc,heap        ] GC(537) Humongous regions: 9->9
[229.086s][info][gc,metaspace   ] GC(537) Metaspace: 18550K(18688K)->18550K(18688K) NonClass: 16721K(16832K)->16721K(16832K) Class: 1828K(1856K)->1828K(1856K)
[229.086s][info][gc             ] GC(537) Pause Young (Concurrent Start) (G1 Evacuation Pause) 919M->821M(978M) 25.824ms
[229.086s][info][gc,cpu         ] GC(537) User=0.05s Sys=0.00s Real=0.02s
[229.086s][info][gc             ] GC(538) Concurrent Mark Cycle
[229.086s][info][gc,marking     ] GC(538) Concurrent Scan Root Regions
[229.122s][info][gc,marking     ] GC(538) Concurrent Scan Root Regions 36.078ms
[229.122s][info][gc,marking     ] GC(538) Concurrent Mark
[229.123s][info][gc,marking     ] GC(538) Concurrent Mark From Roots
[229.123s][info][gc,task        ] GC(538) Using 1 workers of 1 for marking
[229.330s][info][gc,start       ] GC(539) Pause Young (Normal) (G1 Evacuation Pause)
[229.330s][info][gc,task        ] GC(539) Using 2 workers of 2 for evacuation
[229.353s][info][gc,phases      ] GC(539)   Pre Evacuate Collection Set: 0.57ms
[229.353s][info][gc,phases      ] GC(539)   Merge Heap Roots: 0.19ms
[229.353s][info][gc,phases      ] GC(539)   Evacuate Collection Set: 22.19ms
[229.353s][info][gc,phases      ] GC(539)   Post Evacuate Collection Set: 0.37ms
[229.353s][info][gc,phases      ] GC(539)   Other: 0.10ms
[229.353s][info][gc,heap        ] GC(539) Eden regions: 91->0(100)
[229.354s][info][gc,heap        ] GC(539) Survivor regions: 15->3(14)
[229.354s][info][gc,heap        ] GC(539) Old regions: 798->813
[229.354s][info][gc,heap        ] GC(539) Humongous regions: 9->9
[229.354s][info][gc,metaspace   ] GC(539) Metaspace: 18550K(18688K)->18550K(18688K) NonClass: 16721K(16832K)->16721K(16832K) Class: 1828K(1856K)->1828K(1856K)
[229.354s][info][gc             ] GC(539) Pause Young (Normal) (G1 Evacuation Pause) 912M->824M(978M) 23.692ms
[229.354s][info][gc,cpu         ] GC(539) User=0.05s Sys=0.00s Real=0.03s
[229.504s][info][gc,start       ] GC(540) Pause Young (Normal) (G1 Evacuation Pause)
[229.504s][info][gc,task        ] GC(540) Using 2 workers of 2 for evacuation
[229.540s][info][gc,phases      ] GC(540)   Pre Evacuate Collection Set: 0.56ms
[229.540s][info][gc,phases      ] GC(540)   Merge Heap Roots: 0.09ms
[229.540s][info][gc,phases      ] GC(540)   Evacuate Collection Set: 34.76ms
[229.540s][info][gc,phases      ] GC(540)   Post Evacuate Collection Set: 0.56ms
[229.540s][info][gc,phases      ] GC(540)   Other: 0.08ms
[229.540s][info][gc,heap        ] GC(540) Eden regions: 100->0(57)
[229.540s][info][gc,heap        ] GC(540) Survivor regions: 3->13(13)
[229.540s][info][gc,heap        ] GC(540) Old regions: 813->836
[229.540s][info][gc,heap        ] GC(540) Humongous regions: 9->9
[229.540s][info][gc,metaspace   ] GC(540) Metaspace: 18550K(18688K)->18550K(18688K) NonClass: 16721K(16832K)->16721K(16832K) Class: 1828K(1856K)->1828K(1856K)
[229.540s][info][gc             ] GC(540) Pause Young (Normal) (G1 Evacuation Pause) 924M->857M(978M) 36.331ms
[229.540s][info][gc,cpu         ] GC(540) User=0.07s Sys=0.00s Real=0.03s
[229.651s][info][gc,start       ] GC(541) Pause Young (Normal) (G1 Evacuation Pause)
[229.651s][info][gc,task        ] GC(541) Using 2 workers of 2 for evacuation
[229.689s][info][gc,phases      ] GC(541)   Pre Evacuate Collection Set: 0.32ms
[229.689s][info][gc,phases      ] GC(541)   Merge Heap Roots: 0.32ms
[229.689s][info][gc,phases      ] GC(541)   Evacuate Collection Set: 37.02ms
[229.689s][info][gc,phases      ] GC(541)   Post Evacuate Collection Set: 0.37ms
[229.689s][info][gc,phases      ] GC(541)   Other: 0.08ms
[229.689s][info][gc,heap        ] GC(541) Eden regions: 57->0(46)
[229.689s][info][gc,heap        ] GC(541) Survivor regions: 13->9(9)
[229.689s][info][gc,heap        ] GC(541) Old regions: 836->855
[229.689s][info][gc,heap        ] GC(541) Humongous regions: 9->9
[229.689s][info][gc,metaspace   ] GC(541) Metaspace: 18550K(18688K)->18550K(18688K) NonClass: 16721K(16832K)->16721K(16832K) Class: 1828K(1856K)->1828K(1856K)
[229.689s][info][gc             ] GC(541) Pause Young (Normal) (G1 Evacuation Pause) 914M->872M(978M) 38.362ms
[229.689s][info][gc,cpu         ] GC(541) User=0.07s Sys=0.00s Real=0.03s
[229.796s][info][gc,start       ] GC(542) Pause Young (Normal) (G1 Evacuation Pause)
[229.796s][info][gc,task        ] GC(542) Using 2 workers of 2 for evacuation
[229.819s][info][gc,phases      ] GC(542)   Pre Evacuate Collection Set: 0.33ms
[229.819s][info][gc,phases      ] GC(542)   Merge Heap Roots: 0.12ms
[229.819s][info][gc,phases      ] GC(542)   Evacuate Collection Set: 21.48ms
[229.819s][info][gc,phases      ] GC(542)   Post Evacuate Collection Set: 0.35ms
[229.819s][info][gc,phases      ] GC(542)   Other: 0.11ms
[229.819s][info][gc,heap        ] GC(542) Eden regions: 46->0(41)
[229.819s][info][gc,heap        ] GC(542) Survivor regions: 9->7(7)
[229.819s][info][gc,heap        ] GC(542) Old regions: 855->869
[229.819s][info][gc,heap        ] GC(542) Humongous regions: 9->9
[229.819s][info][gc,metaspace   ] GC(542) Metaspace: 18550K(18688K)->18550K(18688K) NonClass: 16721K(16832K)->16721K(16832K) Class: 1828K(1856K)->1828K(1856K)
[229.819s][info][gc             ] GC(542) Pause Young (Normal) (G1 Evacuation Pause) 918M->884M(978M) 22.619ms
[229.819s][info][gc,cpu         ] GC(542) User=0.04s Sys=0.00s Real=0.02s
[229.901s][info][gc,start       ] GC(543) Pause Young (Normal) (G1 Evacuation Pause)
[229.901s][info][gc,task        ] GC(543) Using 2 workers of 2 for evacuation
[229.920s][info][gc,phases      ] GC(543)   Pre Evacuate Collection Set: 0.32ms
[229.920s][info][gc,phases      ] GC(543)   Merge Heap Roots: 0.12ms
[229.920s][info][gc,phases      ] GC(543)   Evacuate Collection Set: 18.41ms
[229.920s][info][gc,phases      ] GC(543)   Post Evacuate Collection Set: 0.35ms
[229.920s][info][gc,phases      ] GC(543)   Other: 0.08ms
[229.920s][info][gc,heap        ] GC(543) Eden regions: 41->0(42)
[229.920s][info][gc,heap        ] GC(543) Survivor regions: 7->6(6)
[229.920s][info][gc,heap        ] GC(543) Old regions: 869->882
[229.920s][info][gc,heap        ] GC(543) Humongous regions: 9->9
[229.920s][info][gc,metaspace   ] GC(543) Metaspace: 18550K(18688K)->18550K(18688K) NonClass: 16721K(16832K)->16721K(16832K) Class: 1828K(1856K)->1828K(1856K)
[229.920s][info][gc             ] GC(543) Pause Young (Normal) (G1 Evacuation Pause) 925M->896M(978M) 19.547ms
[229.920s][info][gc,cpu         ] GC(543) User=0.04s Sys=0.00s Real=0.01s
[230.100s][info][gc,start       ] GC(544) Pause Young (Normal) (G1 Evacuation Pause)
[230.100s][info][gc,task        ] GC(544) Using 2 workers of 2 for evacuation
[230.115s][info][gc,phases      ] GC(544)   Pre Evacuate Collection Set: 0.33ms
[230.116s][info][gc,phases      ] GC(544)   Merge Heap Roots: 0.19ms
[230.116s][info][gc,phases      ] GC(544)   Evacuate Collection Set: 14.02ms
[230.116s][info][gc,phases      ] GC(544)   Post Evacuate Collection Set: 0.34ms
[230.116s][info][gc,phases      ] GC(544)   Other: 0.11ms
[230.116s][info][gc,heap        ] GC(544) Eden regions: 42->0(43)
[230.116s][info][gc,heap        ] GC(544) Survivor regions: 6->5(6)
[230.116s][info][gc,heap        ] GC(544) Old regions: 882->888
[230.116s][info][gc,heap        ] GC(544) Humongous regions: 9->9
[230.116s][info][gc,metaspace   ] GC(544) Metaspace: 18550K(18688K)->18550K(18688K) NonClass: 16721K(16832K)->16721K(16832K) Class: 1828K(1856K)->1828K(1856K)
[230.116s][info][gc             ] GC(544) Pause Young (Normal) (G1 Evacuation Pause) 938M->901M(978M) 15.260ms
[230.116s][info][gc,cpu         ] GC(544) User=0.02s Sys=0.00s Real=0.02s
[230.216s][info][gc,start       ] GC(545) Pause Young (Normal) (G1 Evacuation Pause)
[230.216s][info][gc,task        ] GC(545) Using 2 workers of 2 for evacuation
[230.227s][info][gc,phases      ] GC(545)   Pre Evacuate Collection Set: 0.32ms
[230.227s][info][gc,phases      ] GC(545)   Merge Heap Roots: 0.16ms
[230.227s][info][gc,phases      ] GC(545)   Evacuate Collection Set: 9.97ms
[230.227s][info][gc,phases      ] GC(545)   Post Evacuate Collection Set: 0.29ms
[230.227s][info][gc,phases      ] GC(545)   Other: 0.10ms
[230.227s][info][gc,heap        ] GC(545) Eden regions: 43->0(46)
[230.227s][info][gc,heap        ] GC(545) Survivor regions: 5->2(6)
[230.227s][info][gc,heap        ] GC(545) Old regions: 888->893
[230.227s][info][gc,heap        ] GC(545) Humongous regions: 9->9
[230.227s][info][gc,metaspace   ] GC(545) Metaspace: 18550K(18688K)->18550K(18688K) NonClass: 16721K(16832K)->16721K(16832K) Class: 1828K(1856K)->1828K(1856K)
[230.227s][info][gc             ] GC(545) Pause Young (Normal) (G1 Evacuation Pause) 944M->903M(978M) 11.081ms
[230.227s][info][gc,cpu         ] GC(545) User=0.02s Sys=0.00s Real=0.01s
[230.312s][info][gc,start       ] GC(546) Pause Young (Normal) (G1 Evacuation Pause)
[230.312s][info][gc,task        ] GC(546) Using 2 workers of 2 for evacuation
[230.318s][info][gc,phases      ] GC(546)   Pre Evacuate Collection Set: 0.34ms
[230.318s][info][gc,phases      ] GC(546)   Merge Heap Roots: 0.11ms
[230.318s][info][gc,phases      ] GC(546)   Evacuate Collection Set: 5.35ms
[230.318s][info][gc,phases      ] GC(546)   Post Evacuate Collection Set: 0.32ms
[230.318s][info][gc,phases      ] GC(546)   Other: 0.11ms
[230.319s][info][gc,heap        ] GC(546) Eden regions: 46->0(45)
[230.319s][info][gc,heap        ] GC(546) Survivor regions: 2->3(6)
[230.319s][info][gc,heap        ] GC(546) Old regions: 893->893
[230.319s][info][gc,heap        ] GC(546) Humongous regions: 9->9
[230.319s][info][gc,metaspace   ] GC(546) Metaspace: 18550K(18688K)->18550K(18688K) NonClass: 16721K(16832K)->16721K(16832K) Class: 1828K(1856K)->1828K(1856K)
[230.319s][info][gc             ] GC(546) Pause Young (Normal) (G1 Evacuation Pause) 949M->903M(978M) 6.484ms
[230.319s][info][gc,cpu         ] GC(546) User=0.01s Sys=0.00s Real=0.00s
[230.424s][info][gc,start       ] GC(547) Pause Young (Normal) (G1 Evacuation Pause)
[230.425s][info][gc,task        ] GC(547) Using 2 workers of 2 for evacuation
[230.435s][info][gc,phases      ] GC(547)   Pre Evacuate Collection Set: 0.53ms
[230.435s][info][gc,phases      ] GC(547)   Merge Heap Roots: 0.18ms
[230.435s][info][gc,phases      ] GC(547)   Evacuate Collection Set: 9.45ms
[230.435s][info][gc,phases      ] GC(547)   Post Evacuate Collection Set: 0.38ms
[230.435s][info][gc,phases      ] GC(547)   Other: 0.08ms
[230.435s][info][gc,heap        ] GC(547) Eden regions: 45->0(44)
[230.435s][info][gc,heap        ] GC(547) Survivor regions: 3->4(6)
[230.435s][info][gc,heap        ] GC(547) Old regions: 893->893
[230.435s][info][gc,heap        ] GC(547) Humongous regions: 9->9
[230.435s][info][gc,metaspace   ] GC(547) Metaspace: 18550K(18688K)->18550K(18688K) NonClass: 16721K(16832K)->16721K(16832K) Class: 1828K(1856K)->1828K(1856K)
[230.435s][info][gc             ] GC(547) Pause Young (Normal) (G1 Evacuation Pause) 948M->904M(978M) 10.934ms
[230.435s][info][gc,cpu         ] GC(547) User=0.02s Sys=0.00s Real=0.01s
[230.566s][info][gc,start       ] GC(548) Pause Young (Normal) (G1 Evacuation Pause)
[230.566s][info][gc,task        ] GC(548) Using 2 workers of 2 for evacuation
[230.603s][info][gc,phases      ] GC(548)   Pre Evacuate Collection Set: 0.58ms
[230.603s][info][gc,phases      ] GC(548)   Merge Heap Roots: 0.29ms
[230.603s][info][gc,phases      ] GC(548)   Evacuate Collection Set: 35.83ms
[230.603s][info][gc,phases      ] GC(548)   Post Evacuate Collection Set: 0.43ms
[230.603s][info][gc,phases      ] GC(548)   Other: 0.08ms
[230.603s][info][gc,heap        ] GC(548) Eden regions: 44->0(42)
[230.603s][info][gc,heap        ] GC(548) Survivor regions: 4->6(6)
[230.603s][info][gc,heap        ] GC(548) Old regions: 893->903
[230.603s][info][gc,heap        ] GC(548) Humongous regions: 12->12
[230.603s][info][gc,metaspace   ] GC(548) Metaspace: 18550K(18688K)->18550K(18688K) NonClass: 16721K(16832K)->16721K(16832K) Class: 1828K(1856K)->1828K(1856K)
[230.603s][info][gc             ] GC(548) Pause Young (Normal) (G1 Evacuation Pause) 951M->920M(978M) 37.471ms
[230.603s][info][gc,cpu         ] GC(548) User=0.08s Sys=0.00s Real=0.04s
[230.682s][info][gc,start       ] GC(549) Pause Young (Normal) (G1 Evacuation Pause)
[230.682s][info][gc,task        ] GC(549) Using 2 workers of 2 for evacuation
[230.722s][info][gc,phases      ] GC(549)   Pre Evacuate Collection Set: 0.56ms
[230.722s][info][gc,phases      ] GC(549)   Merge Heap Roots: 0.28ms
[230.722s][info][gc,phases      ] GC(549)   Evacuate Collection Set: 37.03ms
[230.722s][info][gc,phases      ] GC(549)   Post Evacuate Collection Set: 1.82ms
[230.722s][info][gc,phases      ] GC(549)   Other: 0.07ms
[230.722s][info][gc,heap        ] GC(549) Eden regions: 42->0(26)
[230.722s][info][gc,heap        ] GC(549) Survivor regions: 6->6(6)
[230.722s][info][gc,heap        ] GC(549) Old regions: 903->928
[230.722s][info][gc,heap        ] GC(549) Humongous regions: 12->12
[230.722s][info][gc,metaspace   ] GC(549) Metaspace: 18550K(18688K)->18550K(18688K) NonClass: 16721K(16832K)->16721K(16832K) Class: 1828K(1856K)->1828K(1856K)
[230.722s][info][gc             ] GC(549) Pause Young (Normal) (G1 Evacuation Pause) (Evacuation Failure: Allocation) 962M->945M(978M) 40.020ms
[230.722s][info][gc,cpu         ] GC(549) User=0.08s Sys=0.00s Real=0.04s
[230.761s][info][gc,start       ] GC(550) Pause Young (Normal) (G1 Evacuation Pause)
[230.761s][info][gc,task        ] GC(550) Using 2 workers of 2 for evacuation
[230.795s][info][gc,phases      ] GC(550)   Pre Evacuate Collection Set: 0.55ms
[230.795s][info][gc,phases      ] GC(550)   Merge Heap Roots: 0.45ms
[230.795s][info][gc,phases      ] GC(550)   Evacuate Collection Set: 29.19ms
[230.795s][info][gc,phases      ] GC(550)   Post Evacuate Collection Set: 3.77ms
[230.795s][info][gc,phases      ] GC(550)   Other: 0.07ms
[230.795s][info][gc,heap        ] GC(550) Eden regions: 26->0(13)
[230.795s][info][gc,heap        ] GC(550) Survivor regions: 6->3(4)
[230.795s][info][gc,heap        ] GC(550) Old regions: 928->947
[230.795s][info][gc,heap        ] GC(550) Humongous regions: 12->12
[230.795s][info][gc,metaspace   ] GC(550) Metaspace: 18550K(18688K)->18550K(18688K) NonClass: 16721K(16832K)->16721K(16832K) Class: 1828K(1856K)->1828K(1856K)
[230.795s][info][gc             ] GC(550) Pause Young (Normal) (G1 Evacuation Pause) (Evacuation Failure: Allocation) 971M->961M(978M) 34.330ms
[230.795s][info][gc,cpu         ] GC(550) User=0.06s Sys=0.01s Real=0.03s
[230.826s][info][gc,start       ] GC(551) Pause Young (Normal) (G1 Evacuation Pause)
[230.826s][info][gc,task        ] GC(551) Using 2 workers of 2 for evacuation
[230.847s][info][gc,phases      ] GC(551)   Pre Evacuate Collection Set: 0.55ms
[230.847s][info][gc,phases      ] GC(551)   Merge Heap Roots: 0.13ms
[230.847s][info][gc,phases      ] GC(551)   Evacuate Collection Set: 17.58ms
[230.847s][info][gc,phases      ] GC(551)   Post Evacuate Collection Set: 3.17ms
[230.847s][info][gc,phases      ] GC(551)   Other: 0.11ms
[230.847s][info][gc,heap        ] GC(551) Eden regions: 13->0(10)
[230.847s][info][gc,heap        ] GC(551) Survivor regions: 3->1(2)
[230.847s][info][gc,heap        ] GC(551) Old regions: 947->954
[230.847s][info][gc,heap        ] GC(551) Humongous regions: 12->12
[230.848s][info][gc,metaspace   ] GC(551) Metaspace: 18550K(18688K)->18550K(18688K) NonClass: 16721K(16832K)->16721K(16832K) Class: 1828K(1856K)->1828K(1856K)
[230.848s][info][gc             ] GC(551) Pause Young (Normal) (G1 Evacuation Pause) (Evacuation Failure: Allocation) 974M->966M(978M) 21.782ms
[230.848s][info][gc,cpu         ] GC(551) User=0.04s Sys=0.00s Real=0.02s
[230.883s][info][gc,start       ] GC(552) Pause Young (Normal) (G1 Evacuation Pause)
[230.883s][info][gc,task        ] GC(552) Using 2 workers of 2 for evacuation
[230.897s][info][gc,phases      ] GC(552)   Pre Evacuate Collection Set: 0.36ms
[230.897s][info][gc,phases      ] GC(552)   Merge Heap Roots: 0.11ms
[230.897s][info][gc,phases      ] GC(552)   Evacuate Collection Set: 11.35ms
[230.897s][info][gc,phases      ] GC(552)   Post Evacuate Collection Set: 2.71ms
[230.897s][info][gc,phases      ] GC(552)   Other: 0.07ms
[230.897s][info][gc,heap        ] GC(552) Eden regions: 10->0(8)
[230.897s][info][gc,heap        ] GC(552) Survivor regions: 1->1(1)
[230.897s][info][gc,heap        ] GC(552) Old regions: 954->956
[230.897s][info][gc,heap        ] GC(552) Humongous regions: 12->12
[230.898s][info][gc,metaspace   ] GC(552) Metaspace: 18550K(18688K)->18550K(18688K) NonClass: 16721K(16832K)->16721K(16832K) Class: 1828K(1856K)->1828K(1856K)
[230.898s][info][gc             ] GC(552) Pause Young (Normal) (G1 Evacuation Pause) (Evacuation Failure: Allocation) 976M->968M(978M) 14.870ms
[230.898s][info][gc,cpu         ] GC(552) User=0.03s Sys=0.00s Real=0.01s
[230.912s][info][gc,start       ] GC(553) Pause Young (Normal) (G1 Evacuation Pause)
[230.912s][info][gc,task        ] GC(553) Using 2 workers of 2 for evacuation
[230.929s][info][gc,phases      ] GC(553)   Pre Evacuate Collection Set: 0.55ms
[230.929s][info][gc,phases      ] GC(553)   Merge Heap Roots: 0.17ms
[230.929s][info][gc,phases      ] GC(553)   Evacuate Collection Set: 13.17ms
[230.929s][info][gc,phases      ] GC(553)   Post Evacuate Collection Set: 3.21ms
[230.929s][info][gc,phases      ] GC(553)   Other: 0.09ms
[230.929s][info][gc,heap        ] GC(553) Eden regions: 8->0(1)
[230.929s][info][gc,heap        ] GC(553) Survivor regions: 1->1(1)
[230.929s][info][gc,heap        ] GC(553) Old regions: 956->963
[230.929s][info][gc,heap        ] GC(553) Humongous regions: 12->12
[230.929s][info][gc,metaspace   ] GC(553) Metaspace: 18550K(18688K)->18550K(18688K) NonClass: 16721K(16832K)->16721K(16832K) Class: 1828K(1856K)->1828K(1856K)
[230.929s][info][gc             ] GC(553) Pause Young (Normal) (G1 Evacuation Pause) (Evacuation Failure: Allocation) 976M->975M(978M) 17.404ms
[230.929s][info][gc,cpu         ] GC(553) User=0.03s Sys=0.00s Real=0.01s
[230.932s][info][gc,start       ] GC(554) Pause Young (Normal) (G1 Evacuation Pause)
[230.932s][info][gc,task        ] GC(554) Using 2 workers of 2 for evacuation
[230.949s][info][gc,phases      ] GC(554)   Pre Evacuate Collection Set: 0.29ms
[230.950s][info][gc,phases      ] GC(554)   Merge Heap Roots: 0.10ms
[230.950s][info][gc,phases      ] GC(554)   Evacuate Collection Set: 13.26ms
[230.950s][info][gc,phases      ] GC(554)   Post Evacuate Collection Set: 3.40ms
[230.950s][info][gc,phases      ] GC(554)   Other: 0.09ms
[230.950s][info][gc,heap        ] GC(554) Eden regions: 1->0(0)
[230.950s][info][gc,heap        ] GC(554) Survivor regions: 1->1(1)
[230.950s][info][gc,heap        ] GC(554) Old regions: 963->964
[230.950s][info][gc,heap        ] GC(554) Humongous regions: 12->12
[230.950s][info][gc,metaspace   ] GC(554) Metaspace: 18550K(18688K)->18550K(18688K) NonClass: 16721K(16832K)->16721K(16832K) Class: 1828K(1856K)->1828K(1856K)
[230.950s][info][gc             ] GC(554) Pause Young (Normal) (G1 Evacuation Pause) (Evacuation Failure: Allocation) 976M->976M(978M) 17.351ms
[230.950s][info][gc,cpu         ] GC(554) User=0.04s Sys=0.00s Real=0.01s
[230.950s][info][gc,ergo        ] Attempting full compaction
[230.950s][info][gc,start       ] GC(555) Pause Full (G1 Compaction Pause)
[230.950s][info][gc,task        ] GC(555) Using 2 workers of 2 for full compaction
[230.951s][info][gc,phases,start] GC(555) Phase 1: Mark live objects
[231.372s][info][gc,phases      ] GC(555) Phase 1: Mark live objects 420.362ms
[231.372s][info][gc,phases,start] GC(555) Phase 2: Prepare compaction
[231.389s][info][gc,phases      ] GC(555) Phase 2: Prepare compaction 17.505ms
[231.389s][info][gc,phases,start] GC(555) Phase 3: Adjust pointers
[231.551s][info][gc,phases      ] GC(555) Phase 3: Adjust pointers 161.586ms
[231.551s][info][gc,phases,start] GC(555) Phase 4: Compact heap
[231.573s][info][gc,phases      ] GC(555) Phase 4: Compact heap 22.197ms
[231.573s][info][gc,phases,start] GC(555) Phase 5: Reset Metadata
[231.649s][info][gc,phases      ] GC(555) Phase 5: Reset Metadata 75.275ms
[231.657s][info][gc,heap        ] GC(555) Eden regions: 0->0(391)
[231.657s][info][gc,heap        ] GC(555) Survivor regions: 1->0(1)
[231.657s][info][gc,heap        ] GC(555) Old regions: 964->473
[231.657s][info][gc,heap        ] GC(555) Humongous regions: 12->6
[231.657s][info][gc,metaspace   ] GC(555) Metaspace: 18550K(18688K)->18550K(18688K) NonClass: 16721K(16832K)->16721K(16832K) Class: 1828K(1856K)->1828K(1856K)
[231.657s][info][gc             ] GC(555) Pause Full (G1 Compaction Pause) 976M->478M(978M) 707.217ms
[231.657s][info][gc,cpu         ] GC(555) User=1.38s Sys=0.00s Real=0.71s
[231.660s][info][gc,marking     ] GC(538) Concurrent Mark From Roots 2537.049ms
[231.660s][info][gc,marking     ] GC(538) Concurrent Mark Abort
[231.660s][info][gc             ] GC(538) Concurrent Mark Cycle 2573.300ms
[232.075s][info][gc,start       ] GC(556) Pause Young (Normal) (G1 Evacuation Pause)
[232.075s][info][gc,task        ] GC(556) Using 2 workers of 2 for evacuation
[232.111s][info][gc,phases      ] GC(556)   Pre Evacuate Collection Set: 0.30ms
[232.112s][info][gc,phases      ] GC(556)   Merge Heap Roots: 0.24ms
[232.112s][info][gc,phases      ] GC(556)   Evacuate Collection Set: 35.46ms
[232.112s][info][gc,phases      ] GC(556)   Post Evacuate Collection Set: 0.68ms
[232.112s][info][gc,phases      ] GC(556)   Other: 0.14ms
[232.112s][info][gc,heap        ] GC(556) Eden regions: 391->0(369)
[232.112s][info][gc,heap        ] GC(556) Survivor regions: 0->26(49)
[232.112s][info][gc,heap        ] GC(556) Old regions: 473->473
[232.112s][info][gc,heap        ] GC(556) Humongous regions: 6->6
[232.112s][info][gc,metaspace   ] GC(556) Metaspace: 18550K(18688K)->18550K(18688K) NonClass: 16721K(16832K)->16721K(16832K) Class: 1828K(1856K)->1828K(1856K)
[232.112s][info][gc             ] GC(556) Pause Young (Normal) (G1 Evacuation Pause) 869M->503M(978M) 37.051ms
[232.112s][info][gc,cpu         ] GC(556) User=0.07s Sys=0.00s Real=0.04s
[232.647s][info][gc,start       ] GC(557) Pause Young (Concurrent Start) (G1 Evacuation Pause)
[232.647s][info][gc,task        ] GC(557) Using 2 workers of 2 for evacuation
[232.727s][info][gc,phases      ] GC(557)   Pre Evacuate Collection Set: 0.37ms
[232.727s][info][gc,phases      ] GC(557)   Merge Heap Roots: 0.57ms
[232.727s][info][gc,phases      ] GC(557)   Evacuate Collection Set: 78.23ms
[232.727s][info][gc,phases      ] GC(557)   Post Evacuate Collection Set: 0.68ms
[232.727s][info][gc,phases      ] GC(557)   Other: 0.22ms
[232.727s][info][gc,heap        ] GC(557) Eden regions: 369->0(340)
[232.727s][info][gc,heap        ] GC(557) Survivor regions: 26->32(50)
[232.727s][info][gc,heap        ] GC(557) Old regions: 473->499
[232.727s][info][gc,heap        ] GC(557) Humongous regions: 6->6
[232.727s][info][gc,metaspace   ] GC(557) Metaspace: 18550K(18688K)->18550K(18688K) NonClass: 16721K(16832K)->16721K(16832K) Class: 1828K(1856K)->1828K(1856K)
[232.727s][info][gc             ] GC(557) Pause Young (Concurrent Start) (G1 Evacuation Pause) 872M->535M(978M) 80.370ms
[232.727s][info][gc             ] GC(558) Concurrent Mark Cycle
[232.727s][info][gc,marking     ] GC(558) Concurrent Scan Root Regions
[232.727s][info][gc,cpu         ] GC(557) User=0.16s Sys=0.00s Real=0.08s
[232.847s][info][gc,marking     ] GC(558) Concurrent Scan Root Regions 120.447ms
[232.848s][info][gc,marking     ] GC(558) Concurrent Mark
[232.848s][info][gc,marking     ] GC(558) Concurrent Mark From Roots
[232.848s][info][gc,task        ] GC(558) Using 1 workers of 1 for marking
[233.875s][info][gc,start       ] GC(559) Pause Young (Normal) (G1 Evacuation Pause)
[233.875s][info][gc,task        ] GC(559) Using 2 workers of 2 for evacuation
[233.989s][info][gc,phases      ] GC(559)   Pre Evacuate Collection Set: 0.37ms
[233.989s][info][gc,phases      ] GC(559)   Merge Heap Roots: 0.35ms
[233.989s][info][gc,phases      ] GC(559)   Evacuate Collection Set: 112.66ms
[233.989s][info][gc,phases      ] GC(559)   Post Evacuate Collection Set: 0.66ms
[233.989s][info][gc,phases      ] GC(559)   Other: 0.09ms
[233.989s][info][gc,heap        ] GC(559) Eden regions: 340->0(275)
[233.989s][info][gc,heap        ] GC(559) Survivor regions: 32->47(47)
[233.989s][info][gc,heap        ] GC(559) Old regions: 499->537
[233.989s][info][gc,heap        ] GC(559) Humongous regions: 7->7
[233.989s][info][gc,metaspace   ] GC(559) Metaspace: 18550K(18688K)->18550K(18688K) NonClass: 16721K(16832K)->16721K(16832K) Class: 1828K(1856K)->1828K(1856K)
[233.989s][info][gc             ] GC(559) Pause Young (Normal) (G1 Evacuation Pause) 876M->590M(978M) 114.404ms
[233.989s][info][gc,cpu         ] GC(559) User=0.23s Sys=0.00s Real=0.11s
[234.097s][info][gc,marking     ] GC(558) Concurrent Mark From Roots 1249.518ms
[234.097s][info][gc,marking     ] GC(558) Concurrent Preclean
[234.097s][info][gc,marking     ] GC(558) Concurrent Preclean 0.035ms
[234.097s][info][gc,start       ] GC(558) Pause Remark
[234.105s][info][gc             ] GC(558) Pause Remark 619M->473M(978M) 7.912ms
[234.105s][info][gc,cpu         ] GC(558) User=0.02s Sys=0.00s Real=0.01s
[234.105s][info][gc,marking     ] GC(558) Concurrent Mark 1257.855ms
[234.105s][info][gc,marking     ] GC(558) Concurrent Rebuild Remembered Sets and Scrub Regions
[234.539s][info][gc,marking     ] GC(558) Concurrent Rebuild Remembered Sets and Scrub Regions 433.753ms
[234.539s][info][gc,start       ] GC(558) Pause Cleanup
[234.540s][info][gc             ] GC(558) Pause Cleanup 611M->611M(978M) 0.128ms
[234.540s][info][gc,cpu         ] GC(558) User=0.00s Sys=0.00s Real=0.00s
[234.540s][info][gc,marking     ] GC(558) Concurrent Clear Claimed Marks
[234.540s][info][gc,marking     ] GC(558) Concurrent Clear Claimed Marks 0.029ms
[234.540s][info][gc,marking     ] GC(558) Concurrent Cleanup for Next Mark
[234.543s][info][gc,marking     ] GC(558) Concurrent Cleanup for Next Mark 2.970ms
[234.543s][info][gc             ] GC(558) Concurrent Mark Cycle 1815.590ms
[234.691s][info][gc,start       ] GC(560) Pause Young (Prepare Mixed) (G1 Evacuation Pause)
[234.691s][info][gc,task        ] GC(560) Using 2 workers of 2 for evacuation
[234.760s][info][gc,phases      ] GC(560)   Pre Evacuate Collection Set: 0.35ms
[234.760s][info][gc,phases      ] GC(560)   Merge Heap Roots: 0.22ms
[234.760s][info][gc,phases      ] GC(560)   Evacuate Collection Set: 67.54ms
[234.760s][info][gc,phases      ] GC(560)   Post Evacuate Collection Set: 0.64ms
[234.760s][info][gc,phases      ] GC(560)   Other: 0.11ms
[234.760s][info][gc,heap        ] GC(560) Eden regions: 275->0(401)
[234.760s][info][gc,heap        ] GC(560) Survivor regions: 47->14(41)
[234.760s][info][gc,heap        ] GC(560) Old regions: 393->441
[234.760s][info][gc,heap        ] GC(560) Humongous regions: 5->5
[234.760s][info][gc,metaspace   ] GC(560) Metaspace: 18550K(18688K)->18550K(18688K) NonClass: 16721K(16832K)->16721K(16832K) Class: 1828K(1856K)->1828K(1856K)
[234.760s][info][gc             ] GC(560) Pause Young (Prepare Mixed) (G1 Evacuation Pause) 719M->458M(978M) 69.132ms
[234.760s][info][gc,cpu         ] GC(560) User=0.13s Sys=0.00s Real=0.06s
[235.288s][info][gc,start       ] GC(561) Pause Young (Mixed) (G1 Evacuation Pause)
[235.288s][info][gc,task        ] GC(561) Using 2 workers of 2 for evacuation
[235.339s][info][gc,phases      ] GC(561)   Pre Evacuate Collection Set: 0.33ms
[235.339s][info][gc,phases      ] GC(561)   Merge Heap Roots: 0.25ms
[235.339s][info][gc,phases      ] GC(561)   Evacuate Collection Set: 50.04ms
[235.339s][info][gc,phases      ] GC(561)   Post Evacuate Collection Set: 0.68ms
[235.339s][info][gc,phases      ] GC(561)   Other: 0.10ms
[235.339s][info][gc,heap        ] GC(561) Eden regions: 401->0(388)
[235.339s][info][gc,heap        ] GC(561) Survivor regions: 14->41(52)
[235.339s][info][gc,heap        ] GC(561) Old regions: 441->436
[235.339s][info][gc,heap        ] GC(561) Humongous regions: 5->5
[235.339s][info][gc,metaspace   ] GC(561) Metaspace: 18550K(18688K)->18550K(18688K) NonClass: 16721K(16832K)->16721K(16832K) Class: 1828K(1856K)->1828K(1856K)
[235.339s][info][gc             ] GC(561) Pause Young (Mixed) (G1 Evacuation Pause) 859M->481M(978M) 51.655ms
[235.339s][info][gc,cpu         ] GC(561) User=0.10s Sys=0.00s Real=0.05s
[236.355s][info][gc,start       ] GC(562) Pause Young (Concurrent Start) (G1 Evacuation Pause)
[236.355s][info][gc,task        ] GC(562) Using 2 workers of 2 for evacuation
[236.405s][info][gc,phases      ] GC(562)   Pre Evacuate Collection Set: 0.36ms
[236.405s][info][gc,phases      ] GC(562)   Merge Heap Roots: 0.27ms
[236.405s][info][gc,phases      ] GC(562)   Evacuate Collection Set: 48.62ms
[236.405s][info][gc,phases      ] GC(562)   Post Evacuate Collection Set: 0.67ms
[236.405s][info][gc,phases      ] GC(562)   Other: 0.23ms
[236.405s][info][gc,heap        ] GC(562) Eden regions: 388->0(405)
[236.405s][info][gc,heap        ] GC(562) Survivor regions: 41->27(54)
[236.405s][info][gc,heap        ] GC(562) Old regions: 436->450
[236.405s][info][gc,heap        ] GC(562) Humongous regions: 5->5
[236.406s][info][gc,metaspace   ] GC(562) Metaspace: 18550K(18688K)->18550K(18688K) NonClass: 16722K(16832K)->16722K(16832K) Class: 1828K(1856K)->1828K(1856K)
[236.406s][info][gc             ] GC(562) Pause Young (Concurrent Start) (G1 Evacuation Pause) 869M->481M(978M) 50.432ms
[236.406s][info][gc,cpu         ] GC(562) User=0.10s Sys=0.00s Real=0.05s
[236.406s][info][gc             ] GC(563) Concurrent Mark Cycle
[236.407s][info][gc,marking     ] GC(563) Concurrent Scan Root Regions
[236.492s][info][gc,marking     ] GC(563) Concurrent Scan Root Regions 84.165ms
[236.492s][info][gc,marking     ] GC(563) Concurrent Mark
[236.492s][info][gc,marking     ] GC(563) Concurrent Mark From Roots
[236.492s][info][gc,task        ] GC(563) Using 1 workers of 1 for marking
[237.358s][info][gc,marking     ] GC(563) Concurrent Mark From Roots 866.690ms
[237.358s][info][gc,marking     ] GC(563) Concurrent Preclean
[237.359s][info][gc,marking     ] GC(563) Concurrent Preclean 0.036ms
[237.359s][info][gc,start       ] GC(563) Pause Remark
[237.548s][info][gc             ] GC(563) Pause Remark 820M->820M(978M) 189.485ms
[237.548s][info][gc,cpu         ] GC(563) User=0.37s Sys=0.00s Real=0.19s
[237.550s][info][gc,marking     ] GC(563) Concurrent Mark 1058.744ms
[237.550s][info][gc,marking     ] GC(563) Concurrent Rebuild Remembered Sets and Scrub Regions
[237.630s][info][gc,start       ] GC(564) Pause Young (Normal) (G1 Evacuation Pause)
[237.630s][info][gc,task        ] GC(564) Using 2 workers of 2 for evacuation
[237.792s][info][gc,phases      ] GC(564)   Pre Evacuate Collection Set: 0.31ms
[237.792s][info][gc,phases      ] GC(564)   Merge Heap Roots: 0.95ms
[237.792s][info][gc,phases      ] GC(564)   Evacuate Collection Set: 147.92ms
[237.792s][info][gc,phases      ] GC(564)   Post Evacuate Collection Set: 12.90ms
[237.792s][info][gc,phases      ] GC(564)   Other: 0.15ms
[237.792s][info][gc,heap        ] GC(564) Eden regions: 405->0(181)
[237.792s][info][gc,heap        ] GC(564) Survivor regions: 27->54(54)
[237.792s][info][gc,heap        ] GC(564) Old regions: 450->634
[237.792s][info][gc,heap        ] GC(564) Humongous regions: 5->5
[237.792s][info][gc,metaspace   ] GC(564) Metaspace: 18563K(18752K)->18563K(18752K) NonClass: 16734K(16896K)->16734K(16896K) Class: 1828K(1856K)->1828K(1856K)
[237.792s][info][gc             ] GC(564) Pause Young (Normal) (G1 Evacuation Pause) (Evacuation Failure: Allocation) 886M->692M(978M) 162.469ms
[237.792s][info][gc,cpu         ] GC(564) User=0.32s Sys=0.00s Real=0.17s
[237.980s][info][gc,start       ] GC(565) Pause Young (Normal) (G1 Evacuation Pause)
[237.981s][info][gc,task        ] GC(565) Using 2 workers of 2 for evacuation
[238.133s][info][gc,phases      ] GC(565)   Pre Evacuate Collection Set: 0.37ms
[238.133s][info][gc,phases      ] GC(565)   Merge Heap Roots: 0.99ms
[238.133s][info][gc,phases      ] GC(565)   Evacuate Collection Set: 141.61ms
[238.133s][info][gc,phases      ] GC(565)   Post Evacuate Collection Set: 9.11ms
[238.133s][info][gc,phases      ] GC(565)   Other: 0.10ms
[238.133s][info][gc,heap        ] GC(565) Eden regions: 181->0(188)
[238.133s][info][gc,heap        ] GC(565) Survivor regions: 54->16(30)
[238.133s][info][gc,heap        ] GC(565) Old regions: 634->688
[238.133s][info][gc,heap        ] GC(565) Humongous regions: 5->5
[238.133s][info][gc,metaspace   ] GC(565) Metaspace: 18563K(18752K)->18563K(18752K) NonClass: 16734K(16896K)->16734K(16896K) Class: 1828K(1856K)->1828K(1856K)
[238.133s][info][gc             ] GC(565) Pause Young (Normal) (G1 Evacuation Pause) (Evacuation Failure: Allocation) 873M->708M(978M) 152.460ms
[238.133s][info][gc,cpu         ] GC(565) User=0.30s Sys=0.00s Real=0.15s
[238.486s][info][gc,marking     ] GC(563) Concurrent Rebuild Remembered Sets and Scrub Regions 935.833ms
[238.487s][info][gc,start       ] GC(563) Pause Cleanup
[238.487s][info][gc             ] GC(563) Pause Cleanup 857M->857M(978M) 0.122ms
[238.487s][info][gc,cpu         ] GC(563) User=0.00s Sys=0.00s Real=0.00s
[238.487s][info][gc,marking     ] GC(563) Concurrent Clear Claimed Marks
[238.487s][info][gc,marking     ] GC(563) Concurrent Clear Claimed Marks 0.034ms
[238.487s][info][gc,marking     ] GC(563) Concurrent Cleanup for Next Mark
[238.495s][info][gc,marking     ] GC(563) Concurrent Cleanup for Next Mark 8.156ms
[238.496s][info][gc             ] GC(563) Concurrent Mark Cycle 2089.994ms
[238.524s][info][gc,start       ] GC(566) Pause Young (Prepare Mixed) (G1 Evacuation Pause)
[238.524s][info][gc,task        ] GC(566) Using 2 workers of 2 for evacuation
[238.609s][info][gc,phases      ] GC(566)   Pre Evacuate Collection Set: 0.42ms
[238.609s][info][gc,phases      ] GC(566)   Merge Heap Roots: 0.55ms
[238.609s][info][gc,phases      ] GC(566)   Evacuate Collection Set: 83.34ms
[238.609s][info][gc,phases      ] GC(566)   Post Evacuate Collection Set: 0.70ms
[238.609s][info][gc,phases      ] GC(566)   Other: 0.13ms
[238.609s][info][gc,heap        ] GC(566) Eden regions: 188->0(222)
[238.609s][info][gc,heap        ] GC(566) Survivor regions: 16->26(26)
[238.609s][info][gc,heap        ] GC(566) Old regions: 688->617
[238.609s][info][gc,heap        ] GC(566) Humongous regions: 8->8
[238.609s][info][gc,metaspace   ] GC(566) Metaspace: 18564K(18752K)->18564K(18752K) NonClass: 16735K(16896K)->16735K(16896K) Class: 1828K(1856K)->1828K(1856K)
[238.609s][info][gc             ] GC(566) Pause Young (Prepare Mixed) (G1 Evacuation Pause) 899M->649M(978M) 85.418ms
[238.609s][info][gc,cpu         ] GC(566) User=0.17s Sys=0.00s Real=0.08s
[238.941s][info][gc,start       ] GC(567) Pause Young (Mixed) (G1 Evacuation Pause)
[238.942s][info][gc,task        ] GC(567) Using 2 workers of 2 for evacuation
[239.028s][info][gc,phases      ] GC(567)   Pre Evacuate Collection Set: 0.32ms
[239.028s][info][gc,phases      ] GC(567)   Merge Heap Roots: 0.54ms
[239.028s][info][gc,phases      ] GC(567)   Evacuate Collection Set: 84.41ms
[239.028s][info][gc,phases      ] GC(567)   Post Evacuate Collection Set: 0.62ms
[239.028s][info][gc,phases      ] GC(567)   Other: 0.09ms
[239.028s][info][gc,heap        ] GC(567) Eden regions: 222->0(216)
[239.028s][info][gc,heap        ] GC(567) Survivor regions: 26->19(31)
[239.028s][info][gc,heap        ] GC(567) Old regions: 617->638
[239.028s][info][gc,heap        ] GC(567) Humongous regions: 11->11
[239.028s][info][gc,metaspace   ] GC(567) Metaspace: 18566K(18752K)->18566K(18752K) NonClass: 16737K(16896K)->16737K(16896K) Class: 1828K(1856K)->1828K(1856K)
[239.028s][info][gc             ] GC(567) Pause Young (Mixed) (G1 Evacuation Pause) 874M->666M(978M) 86.276ms
[239.028s][info][gc,cpu         ] GC(567) User=0.17s Sys=0.00s Real=0.08s
[239.369s][info][gc,start       ] GC(568) Pause Young (Concurrent Start) (G1 Evacuation Pause)
[239.370s][info][gc,task        ] GC(568) Using 2 workers of 2 for evacuation
[239.409s][info][gc,phases      ] GC(568)   Pre Evacuate Collection Set: 0.36ms
[239.409s][info][gc,phases      ] GC(568)   Merge Heap Roots: 0.32ms
[239.409s][info][gc,phases      ] GC(568)   Evacuate Collection Set: 37.93ms
[239.409s][info][gc,phases      ] GC(568)   Post Evacuate Collection Set: 0.62ms
[239.409s][info][gc,phases      ] GC(568)   Other: 0.24ms
[239.409s][info][gc,heap        ] GC(568) Eden regions: 216->0(229)
[239.409s][info][gc,heap        ] GC(568) Survivor regions: 19->1(30)
[239.409s][info][gc,heap        ] GC(568) Old regions: 638->657
[239.409s][info][gc,heap        ] GC(568) Humongous regions: 11->11
[239.409s][info][gc,metaspace   ] GC(568) Metaspace: 18566K(18752K)->18566K(18752K) NonClass: 16737K(16896K)->16737K(16896K) Class: 1828K(1856K)->1828K(1856K)
[239.409s][info][gc             ] GC(568) Pause Young (Concurrent Start) (G1 Evacuation Pause) 882M->667M(978M) 39.737ms
[239.409s][info][gc             ] GC(569) Concurrent Mark Cycle
[239.409s][info][gc,marking     ] GC(569) Concurrent Scan Root Regions
[239.409s][info][gc,cpu         ] GC(568) User=0.08s Sys=0.00s Real=0.04s
[239.473s][info][gc,marking     ] GC(569) Concurrent Scan Root Regions 64.040ms
[239.473s][info][gc,marking     ] GC(569) Concurrent Mark
[239.473s][info][gc,marking     ] GC(569) Concurrent Mark From Roots
[239.473s][info][gc,task        ] GC(569) Using 1 workers of 1 for marking
[240.273s][info][gc,start       ] GC(570) Pause Young (Normal) (G1 Evacuation Pause)
[240.273s][info][gc,task        ] GC(570) Using 2 workers of 2 for evacuation
[240.274s][info][gc,phases      ] GC(570)   Pre Evacuate Collection Set: 0.33ms
[240.274s][info][gc,phases      ] GC(570)   Merge Heap Roots: 0.09ms
[240.274s][info][gc,phases      ] GC(570)   Evacuate Collection Set: 0.29ms
[240.274s][info][gc,phases      ] GC(570)   Post Evacuate Collection Set: 0.44ms
[240.274s][info][gc,phases      ] GC(570)   Other: 0.11ms
[240.274s][info][gc,heap        ] GC(570) Eden regions: 229->0(241)
[240.274s][info][gc,heap        ] GC(570) Survivor regions: 1->1(29)
[240.274s][info][gc,heap        ] GC(570) Old regions: 657->657
[240.274s][info][gc,heap        ] GC(570) Humongous regions: 11->11
[240.274s][info][gc,metaspace   ] GC(570) Metaspace: 18566K(18752K)->18566K(18752K) NonClass: 16737K(16896K)->16737K(16896K) Class: 1828K(1856K)->1828K(1856K)
[240.274s][info][gc             ] GC(570) Pause Young (Normal) (G1 Evacuation Pause) 896M->667M(978M) 1.504ms
[240.274s][info][gc,cpu         ] GC(570) User=0.00s Sys=0.00s Real=0.00s
[240.975s][info][gc,marking     ] GC(569) Concurrent Mark From Roots 1501.535ms
[240.975s][info][gc,marking     ] GC(569) Concurrent Preclean
[240.975s][info][gc,marking     ] GC(569) Concurrent Preclean 0.035ms
[240.975s][info][gc,start       ] GC(569) Pause Remark
[240.983s][info][gc             ] GC(569) Pause Remark 853M->710M(978M) 8.045ms
[240.983s][info][gc,cpu         ] GC(569) User=0.01s Sys=0.00s Real=0.01s
[240.983s][info][gc,marking     ] GC(569) Concurrent Mark 1509.964ms
[240.983s][info][gc,marking     ] GC(569) Concurrent Rebuild Remembered Sets and Scrub Regions
[241.119s][info][gc,start       ] GC(571) Pause Young (Normal) (G1 Evacuation Pause)
[241.119s][info][gc,task        ] GC(571) Using 2 workers of 2 for evacuation
[241.120s][info][gc,phases      ] GC(571)   Pre Evacuate Collection Set: 0.32ms
[241.121s][info][gc,phases      ] GC(571)   Merge Heap Roots: 0.09ms
[241.121s][info][gc,phases      ] GC(571)   Evacuate Collection Set: 0.20ms
[241.121s][info][gc,phases      ] GC(571)   Post Evacuate Collection Set: 0.41ms
[241.121s][info][gc,phases      ] GC(571)   Other: 0.16ms
[241.121s][info][gc,heap        ] GC(571) Eden regions: 241->0(352)
[241.121s][info][gc,heap        ] GC(571) Survivor regions: 1->1(31)
[241.121s][info][gc,heap        ] GC(571) Old regions: 518->518
[241.121s][info][gc,heap        ] GC(571) Humongous regions: 7->7
[241.121s][info][gc,metaspace   ] GC(571) Metaspace: 18566K(18752K)->18566K(18752K) NonClass: 16737K(16896K)->16737K(16896K) Class: 1828K(1856K)->1828K(1856K)
[241.121s][info][gc             ] GC(571) Pause Young (Normal) (G1 Evacuation Pause) 765M->524M(978M) 1.398ms
[241.121s][info][gc,cpu         ] GC(571) User=0.00s Sys=0.00s Real=0.01s
[241.572s][info][gc,marking     ] GC(569) Concurrent Rebuild Remembered Sets and Scrub Regions 588.337ms
[241.572s][info][gc,start       ] GC(569) Pause Cleanup
[241.572s][info][gc             ] GC(569) Pause Cleanup 728M->728M(978M) 0.145ms
[241.572s][info][gc,cpu         ] GC(569) User=0.00s Sys=0.00s Real=0.00s
[241.572s][info][gc,marking     ] GC(569) Concurrent Clear Claimed Marks
[241.572s][info][gc,marking     ] GC(569) Concurrent Clear Claimed Marks 0.036ms
[241.572s][info][gc,marking     ] GC(569) Concurrent Cleanup for Next Mark
[241.575s][info][gc,marking     ] GC(569) Concurrent Cleanup for Next Mark 3.060ms
[241.575s][info][gc             ] GC(569) Concurrent Mark Cycle 2166.093ms
[241.811s][info][gc,start       ] GC(572) Pause Young (Prepare Mixed) (G1 Evacuation Pause)
[241.811s][info][gc,task        ] GC(572) Using 2 workers of 2 for evacuation
[241.812s][info][gc,phases      ] GC(572)   Pre Evacuate Collection Set: 0.56ms
[241.812s][info][gc,phases      ] GC(572)   Merge Heap Roots: 0.14ms
[241.812s][info][gc,phases      ] GC(572)   Evacuate Collection Set: 0.23ms
[241.812s][info][gc,phases      ] GC(572)   Post Evacuate Collection Set: 0.50ms
[241.812s][info][gc,phases      ] GC(572)   Other: 0.13ms
[241.812s][info][gc,heap        ] GC(572) Eden regions: 352->0(368)
[241.812s][info][gc,heap        ] GC(572) Survivor regions: 1->1(45)
[241.812s][info][gc,heap        ] GC(572) Old regions: 518->518
[241.812s][info][gc,heap        ] GC(572) Humongous regions: 7->7
[241.812s][info][gc,metaspace   ] GC(572) Metaspace: 18566K(18752K)->18566K(18752K) NonClass: 16737K(16896K)->16737K(16896K) Class: 1828K(1856K)->1828K(1856K)
[241.813s][info][gc             ] GC(572) Pause Young (Prepare Mixed) (G1 Evacuation Pause) 876M->523M(978M) 1.788ms
[241.813s][info][gc,cpu         ] GC(572) User=0.00s Sys=0.00s Real=0.00s
[242.346s][info][gc,start       ] GC(573) Pause Young (Mixed) (G1 Evacuation Pause)
[242.346s][info][gc,task        ] GC(573) Using 2 workers of 2 for evacuation
[242.391s][info][gc,phases      ] GC(573)   Pre Evacuate Collection Set: 0.34ms
[242.391s][info][gc,phases      ] GC(573)   Merge Heap Roots: 0.21ms
[242.391s][info][gc,phases      ] GC(573)   Evacuate Collection Set: 43.16ms
[242.391s][info][gc,phases      ] GC(573)   Post Evacuate Collection Set: 0.64ms
[242.391s][info][gc,phases      ] GC(573)   Other: 0.10ms
[242.391s][info][gc,heap        ] GC(573) Eden regions: 368->0(338)
[242.391s][info][gc,heap        ] GC(573) Survivor regions: 1->33(47)
[242.391s][info][gc,heap        ] GC(573) Old regions: 518->510
[242.391s][info][gc,heap        ] GC(573) Humongous regions: 7->7
[242.391s][info][gc,metaspace   ] GC(573) Metaspace: 18566K(18752K)->18566K(18752K) NonClass: 16737K(16896K)->16737K(16896K) Class: 1828K(1856K)->1828K(1856K)
[242.391s][info][gc             ] GC(573) Pause Young (Mixed) (G1 Evacuation Pause) 891M->548M(978M) 44.732ms
[242.391s][info][gc,cpu         ] GC(573) User=0.09s Sys=0.00s Real=0.05s
[242.664s][info][gc,start       ] GC(574) Pause Young (Concurrent Start) (G1 Evacuation Pause)
[242.664s][info][gc,task        ] GC(574) Using 2 workers of 2 for evacuation
[242.740s][info][gc,phases      ] GC(574)   Pre Evacuate Collection Set: 0.36ms
[242.740s][info][gc,phases      ] GC(574)   Merge Heap Roots: 0.30ms
[242.740s][info][gc,phases      ] GC(574)   Evacuate Collection Set: 74.41ms
[242.740s][info][gc,phases      ] GC(574)   Post Evacuate Collection Set: 0.66ms
[242.740s][info][gc,phases      ] GC(574)   Other: 0.13ms
[242.740s][info][gc,heap        ] GC(574) Eden regions: 338->0(316)
[242.740s][info][gc,heap        ] GC(574) Survivor regions: 33->27(47)
[242.740s][info][gc,heap        ] GC(574) Old regions: 510->543
[242.740s][info][gc,heap        ] GC(574) Humongous regions: 7->7
[242.740s][info][gc,metaspace   ] GC(574) Metaspace: 18566K(18752K)->18566K(18752K) NonClass: 16737K(16896K)->16737K(16896K) Class: 1828K(1856K)->1828K(1856K)
[242.740s][info][gc             ] GC(574) Pause Young (Concurrent Start) (G1 Evacuation Pause) 886M->576M(978M) 76.105ms
[242.740s][info][gc,cpu         ] GC(574) User=0.15s Sys=0.00s Real=0.07s
[242.740s][info][gc             ] GC(575) Concurrent Mark Cycle
[242.742s][info][gc,marking     ] GC(575) Concurrent Scan Root Regions
[242.875s][info][gc,marking     ] GC(575) Concurrent Scan Root Regions 132.857ms
[242.875s][info][gc,marking     ] GC(575) Concurrent Mark
[242.875s][info][gc,marking     ] GC(575) Concurrent Mark From Roots
[242.875s][info][gc,task        ] GC(575) Using 1 workers of 1 for marking
[243.109s][info][gc,start       ] GC(576) Pause Young (Normal) (G1 Evacuation Pause)
[243.109s][info][gc,task        ] GC(576) Using 2 workers of 2 for evacuation
[243.173s][info][gc,phases      ] GC(576)   Pre Evacuate Collection Set: 0.55ms
[243.173s][info][gc,phases      ] GC(576)   Merge Heap Roots: 0.31ms
[243.173s][info][gc,phases      ] GC(576)   Evacuate Collection Set: 62.29ms
[243.173s][info][gc,phases      ] GC(576)   Post Evacuate Collection Set: 0.64ms
[243.173s][info][gc,phases      ] GC(576)   Other: 0.09ms
[243.173s][info][gc,heap        ] GC(576) Eden regions: 316->0(298)
[243.173s][info][gc,heap        ] GC(576) Survivor regions: 27->22(43)
[243.173s][info][gc,heap        ] GC(576) Old regions: 543->570
[243.173s][info][gc,heap        ] GC(576) Humongous regions: 7->7
[243.173s][info][gc,metaspace   ] GC(576) Metaspace: 18566K(18752K)->18566K(18752K) NonClass: 16737K(16896K)->16737K(16896K) Class: 1828K(1856K)->1828K(1856K)
[243.173s][info][gc             ] GC(576) Pause Young (Normal) (G1 Evacuation Pause) 892M->598M(978M) 64.139ms
[243.173s][info][gc,cpu         ] GC(576) User=0.12s Sys=0.00s Real=0.07s
[243.680s][info][gc,start       ] GC(577) Pause Young (Normal) (G1 Evacuation Pause)
[243.680s][info][gc,task        ] GC(577) Using 2 workers of 2 for evacuation
[243.745s][info][gc,phases      ] GC(577)   Pre Evacuate Collection Set: 0.53ms
[243.745s][info][gc,phases      ] GC(577)   Merge Heap Roots: 0.39ms
[243.745s][info][gc,phases      ] GC(577)   Evacuate Collection Set: 64.02ms
[243.745s][info][gc,phases      ] GC(577)   Post Evacuate Collection Set: 0.62ms
[243.745s][info][gc,phases      ] GC(577)   Other: 0.11ms
[243.745s][info][gc,heap        ] GC(577) Eden regions: 298->0(277)
[243.745s][info][gc,heap        ] GC(577) Survivor regions: 22->26(40)
[243.745s][info][gc,heap        ] GC(577) Old regions: 570->592
[243.745s][info][gc,heap        ] GC(577) Humongous regions: 7->7
[243.745s][info][gc,metaspace   ] GC(577) Metaspace: 18566K(18752K)->18566K(18752K) NonClass: 16737K(16896K)->16737K(16896K) Class: 1828K(1856K)->1828K(1856K)
[243.746s][info][gc             ] GC(577) Pause Young (Normal) (G1 Evacuation Pause) 896M->623M(978M) 65.954ms
[243.746s][info][gc,cpu         ] GC(577) User=0.13s Sys=0.01s Real=0.07s
[244.450s][info][gc,start       ] GC(578) Pause Young (Normal) (G1 Evacuation Pause)
[244.451s][info][gc,task        ] GC(578) Using 2 workers of 2 for evacuation
[244.511s][info][gc,phases      ] GC(578)   Pre Evacuate Collection Set: 0.48ms
[244.511s][info][gc,phases      ] GC(578)   Merge Heap Roots: 0.29ms
[244.511s][info][gc,phases      ] GC(578)   Evacuate Collection Set: 58.90ms
[244.511s][info][gc,phases      ] GC(578)   Post Evacuate Collection Set: 0.58ms
[244.511s][info][gc,phases      ] GC(578)   Other: 0.11ms
[244.511s][info][gc,heap        ] GC(578) Eden regions: 277->0(265)
[244.511s][info][gc,heap        ] GC(578) Survivor regions: 26->19(38)
[244.511s][info][gc,heap        ] GC(578) Old regions: 592->617
[244.511s][info][gc,heap        ] GC(578) Humongous regions: 7->7
[244.511s][info][gc,metaspace   ] GC(578) Metaspace: 18571K(18752K)->18571K(18752K) NonClass: 16742K(16896K)->16742K(16896K) Class: 1828K(1856K)->1828K(1856K)
[244.511s][info][gc             ] GC(578) Pause Young (Normal) (G1 Evacuation Pause) 900M->641M(978M) 60.610ms
[244.511s][info][gc,cpu         ] GC(578) User=0.12s Sys=0.00s Real=0.06s
[244.761s][info][gc,marking     ] GC(575) Concurrent Mark From Roots 1885.407ms
[244.761s][info][gc,marking     ] GC(575) Concurrent Preclean
[244.761s][info][gc,marking     ] GC(575) Concurrent Preclean 0.037ms
[244.761s][info][gc,start       ] GC(575) Pause Remark
[244.769s][info][gc             ] GC(575) Pause Remark 737M->737M(978M) 8.144ms
[244.769s][info][gc,cpu         ] GC(575) User=0.02s Sys=0.00s Real=0.00s
[244.771s][info][gc,marking     ] GC(575) Concurrent Mark 1896.066ms
[244.771s][info][gc,marking     ] GC(575) Concurrent Rebuild Remembered Sets and Scrub Regions
[245.559s][info][gc,marking     ] GC(575) Concurrent Rebuild Remembered Sets and Scrub Regions 787.456ms
[245.559s][info][gc,start       ] GC(575) Pause Cleanup
[245.559s][info][gc             ] GC(575) Pause Cleanup 902M->902M(978M) 0.117ms
[245.559s][info][gc,cpu         ] GC(575) User=0.00s Sys=0.00s Real=0.00s
[245.561s][info][gc,marking     ] GC(575) Concurrent Clear Claimed Marks
[245.561s][info][gc,marking     ] GC(575) Concurrent Clear Claimed Marks 0.049ms
[245.561s][info][gc,marking     ] GC(575) Concurrent Cleanup for Next Mark
[245.564s][info][gc,marking     ] GC(575) Concurrent Cleanup for Next Mark 3.101ms
[245.564s][info][gc             ] GC(575) Concurrent Mark Cycle 2823.620ms
[245.579s][info][gc,start       ] GC(579) Pause Young (Prepare Mixed) (G1 Evacuation Pause)
[245.579s][info][gc,task        ] GC(579) Using 2 workers of 2 for evacuation
[245.625s][info][gc,phases      ] GC(579)   Pre Evacuate Collection Set: 0.36ms
[245.625s][info][gc,phases      ] GC(579)   Merge Heap Roots: 0.42ms
[245.625s][info][gc,phases      ] GC(579)   Evacuate Collection Set: 44.83ms
[245.625s][info][gc,phases      ] GC(579)   Post Evacuate Collection Set: 0.68ms
[245.625s][info][gc,phases      ] GC(579)   Other: 0.13ms
[245.625s][info][gc,heap        ] GC(579) Eden regions: 265->0(248)
[245.625s][info][gc,heap        ] GC(579) Survivor regions: 19->28(36)
[245.625s][info][gc,heap        ] GC(579) Old regions: 617->617
[245.625s][info][gc,heap        ] GC(579) Humongous regions: 7->7
[245.625s][info][gc,metaspace   ] GC(579) Metaspace: 18571K(18752K)->18571K(18752K) NonClass: 16742K(16896K)->16742K(16896K) Class: 1828K(1856K)->1828K(1856K)
[245.625s][info][gc             ] GC(579) Pause Young (Prepare Mixed) (G1 Evacuation Pause) 906M->650M(978M) 46.702ms
[245.625s][info][gc,cpu         ] GC(579) User=0.10s Sys=0.00s Real=0.05s
[246.368s][info][gc,start       ] GC(580) Pause Young (Mixed) (G1 Evacuation Pause)
[246.368s][info][gc,task        ] GC(580) Using 2 workers of 2 for evacuation
[246.403s][info][gc,phases      ] GC(580)   Pre Evacuate Collection Set: 0.32ms
[246.403s][info][gc,phases      ] GC(580)   Merge Heap Roots: 0.21ms
[246.403s][info][gc,phases      ] GC(580)   Evacuate Collection Set: 33.73ms
[246.404s][info][gc,phases      ] GC(580)   Post Evacuate Collection Set: 0.55ms
[246.404s][info][gc,phases      ] GC(580)   Other: 0.11ms
[246.404s][info][gc,heap        ] GC(580) Eden regions: 248->0(272)
[246.404s][info][gc,heap        ] GC(580) Survivor regions: 28->10(35)
[246.404s][info][gc,heap        ] GC(580) Old regions: 617->629
[246.404s][info][gc,heap        ] GC(580) Humongous regions: 7->7
[246.404s][info][gc,metaspace   ] GC(580) Metaspace: 18571K(18752K)->18571K(18752K) NonClass: 16742K(16896K)->16742K(16896K) Class: 1828K(1856K)->1828K(1856K)
[246.404s][info][gc             ] GC(580) Pause Young (Mixed) (G1 Evacuation Pause) 898M->644M(978M) 35.233ms
[246.404s][info][gc,cpu         ] GC(580) User=0.07s Sys=0.00s Real=0.04s
[247.128s][info][gc,start       ] GC(581) Pause Young (Concurrent Start) (G1 Evacuation Pause)
[247.128s][info][gc,task        ] GC(581) Using 2 workers of 2 for evacuation
[247.144s][info][gc,phases      ] GC(581)   Pre Evacuate Collection Set: 0.36ms
[247.144s][info][gc,phases      ] GC(581)   Merge Heap Roots: 0.21ms
[247.144s][info][gc,phases      ] GC(581)   Evacuate Collection Set: 14.69ms
[247.144s][info][gc,phases      ] GC(581)   Post Evacuate Collection Set: 0.61ms
[247.144s][info][gc,phases      ] GC(581)   Other: 0.14ms
[247.144s][info][gc,heap        ] GC(581) Eden regions: 272->0(272)
[247.144s][info][gc,heap        ] GC(581) Survivor regions: 10->10(36)
[247.144s][info][gc,heap        ] GC(581) Old regions: 629->629
[247.144s][info][gc,heap        ] GC(581) Humongous regions: 7->7
[247.144s][info][gc,metaspace   ] GC(581) Metaspace: 18571K(18752K)->18571K(18752K) NonClass: 16742K(16896K)->16742K(16896K) Class: 1828K(1856K)->1828K(1856K)
[247.144s][info][gc             ] GC(581) Pause Young (Concurrent Start) (G1 Evacuation Pause) 916M->644M(978M) 16.237ms
[247.144s][info][gc             ] GC(582) Concurrent Mark Cycle
[247.144s][info][gc,marking     ] GC(582) Concurrent Scan Root Regions
[247.144s][info][gc,cpu         ] GC(581) User=0.03s Sys=0.00s Real=0.02s
[247.159s][info][gc,marking     ] GC(582) Concurrent Scan Root Regions 14.673ms
[247.159s][info][gc,marking     ] GC(582) Concurrent Mark
[247.159s][info][gc,marking     ] GC(582) Concurrent Mark From Roots
[247.159s][info][gc,task        ] GC(582) Using 1 workers of 1 for marking
[248.417s][info][gc,start       ] GC(583) Pause Young (Normal) (G1 Evacuation Pause)
[248.417s][info][gc,task        ] GC(583) Using 2 workers of 2 for evacuation
[248.449s][info][gc,phases      ] GC(583)   Pre Evacuate Collection Set: 0.32ms
[248.449s][info][gc,phases      ] GC(583)   Merge Heap Roots: 0.18ms
[248.449s][info][gc,phases      ] GC(583)   Evacuate Collection Set: 30.67ms
[248.449s][info][gc,phases      ] GC(583)   Post Evacuate Collection Set: 0.64ms
[248.449s][info][gc,phases      ] GC(583)   Other: 0.09ms
[248.450s][info][gc,heap        ] GC(583) Eden regions: 272->0(240)
[248.450s][info][gc,heap        ] GC(583) Survivor regions: 10->26(36)
[248.450s][info][gc,heap        ] GC(583) Old regions: 629->629
[248.450s][info][gc,heap        ] GC(583) Humongous regions: 7->7
[248.450s][info][gc,metaspace   ] GC(583) Metaspace: 18573K(18752K)->18573K(18752K) NonClass: 16744K(16896K)->16744K(16896K) Class: 1828K(1856K)->1828K(1856K)
[248.450s][info][gc             ] GC(583) Pause Young (Normal) (G1 Evacuation Pause) 916M->660M(978M) 32.184ms
[248.450s][info][gc,cpu         ] GC(583) User=0.06s Sys=0.00s Real=0.03s
[249.008s][info][gc,start       ] GC(584) Pause Young (Normal) (G1 Evacuation Pause)
[249.009s][info][gc,task        ] GC(584) Using 2 workers of 2 for evacuation
[249.109s][info][gc,phases      ] GC(584)   Pre Evacuate Collection Set: 0.33ms
[249.109s][info][gc,phases      ] GC(584)   Merge Heap Roots: 0.20ms
[249.109s][info][gc,phases      ] GC(584)   Evacuate Collection Set: 95.17ms
[249.109s][info][gc,phases      ] GC(584)   Post Evacuate Collection Set: 4.29ms
[249.109s][info][gc,phases      ] GC(584)   Other: 0.12ms
[249.109s][info][gc,heap        ] GC(584) Eden regions: 240->0(135)
[249.109s][info][gc,heap        ] GC(584) Survivor regions: 26->34(34)
[249.109s][info][gc,heap        ] GC(584) Old regions: 629->718
[249.109s][info][gc,heap        ] GC(584) Humongous regions: 7->7
[249.109s][info][gc,metaspace   ] GC(584) Metaspace: 18573K(18752K)->18573K(18752K) NonClass: 16744K(16896K)->16744K(16896K) Class: 1828K(1856K)->1828K(1856K)
[249.109s][info][gc             ] GC(584) Pause Young (Normal) (G1 Evacuation Pause) (Evacuation Failure: Allocation) 900M->758M(978M) 100.423ms
[249.109s][info][gc,cpu         ] GC(584) User=0.20s Sys=0.00s Real=0.10s
[249.368s][info][gc,start       ] GC(585) Pause Young (Normal) (G1 Evacuation Pause)
[249.368s][info][gc,task        ] GC(585) Using 2 workers of 2 for evacuation
[249.467s][info][gc,phases      ] GC(585)   Pre Evacuate Collection Set: 2.96ms
[249.468s][info][gc,phases      ] GC(585)   Merge Heap Roots: 0.58ms
[249.468s][info][gc,phases      ] GC(585)   Evacuate Collection Set: 94.87ms
[249.468s][info][gc,phases      ] GC(585)   Post Evacuate Collection Set: 0.67ms
[249.468s][info][gc,phases      ] GC(585)   Other: 0.15ms
[249.468s][info][gc,heap        ] GC(585) Eden regions: 135->0(165)
[249.468s][info][gc,heap        ] GC(585) Survivor regions: 34->20(22)
[249.468s][info][gc,heap        ] GC(585) Old regions: 718->716
[249.468s][info][gc,heap        ] GC(585) Humongous regions: 7->7
[249.468s][info][gc,metaspace   ] GC(585) Metaspace: 18573K(18752K)->18573K(18752K) NonClass: 16744K(16896K)->16744K(16896K) Class: 1828K(1856K)->1828K(1856K)
[249.468s][info][gc             ] GC(585) Pause Young (Normal) (G1 Evacuation Pause) 893M->741M(978M) 99.559ms
[249.468s][info][gc,cpu         ] GC(585) User=0.19s Sys=0.00s Real=0.10s
[249.768s][info][gc,start       ] GC(586) Pause Young (Normal) (G1 Evacuation Pause)
[249.768s][info][gc,task        ] GC(586) Using 2 workers of 2 for evacuation
[249.885s][info][gc,phases      ] GC(586)   Pre Evacuate Collection Set: 0.59ms
[249.885s][info][gc,phases      ] GC(586)   Merge Heap Roots: 0.32ms
[249.885s][info][gc,phases      ] GC(586)   Evacuate Collection Set: 108.75ms
[249.885s][info][gc,phases      ] GC(586)   Post Evacuate Collection Set: 7.22ms
[249.885s][info][gc,phases      ] GC(586)   Other: 0.11ms
[249.885s][info][gc,heap        ] GC(586) Eden regions: 165->0(37)
[249.885s][info][gc,heap        ] GC(586) Survivor regions: 20->24(24)
[249.885s][info][gc,heap        ] GC(586) Old regions: 716->833
[249.885s][info][gc,heap        ] GC(586) Humongous regions: 10->10
[249.885s][info][gc,metaspace   ] GC(586) Metaspace: 18573K(18752K)->18573K(18752K) NonClass: 16744K(16896K)->16744K(16896K) Class: 1828K(1856K)->1828K(1856K)
[249.885s][info][gc             ] GC(586) Pause Young (Normal) (G1 Evacuation Pause) (Evacuation Failure: Allocation) 909M->866M(978M) 117.249ms
[249.885s][info][gc,cpu         ] GC(586) User=0.23s Sys=0.00s Real=0.12s
[249.941s][info][gc,marking     ] GC(582) Concurrent Mark From Roots 2782.523ms
[249.941s][info][gc,marking     ] GC(582) Concurrent Preclean
[249.942s][info][gc,marking     ] GC(582) Concurrent Preclean 0.041ms
[249.942s][info][gc,start       ] GC(582) Pause Remark
[249.950s][info][gc             ] GC(582) Pause Remark 882M->882M(978M) 8.083ms
[249.950s][info][gc,cpu         ] GC(582) User=0.01s Sys=0.00s Real=0.00s
[249.951s][info][gc,marking     ] GC(582) Concurrent Mark 2792.045ms
[249.951s][info][gc,marking     ] GC(582) Concurrent Rebuild Remembered Sets and Scrub Regions
[249.994s][info][gc,start       ] GC(587) Pause Young (Normal) (G1 Evacuation Pause)
[249.994s][info][gc,task        ] GC(587) Using 2 workers of 2 for evacuation
[250.065s][info][gc,phases      ] GC(587)   Pre Evacuate Collection Set: 0.36ms
[250.065s][info][gc,phases      ] GC(587)   Merge Heap Roots: 0.45ms
[250.065s][info][gc,phases      ] GC(587)   Evacuate Collection Set: 70.12ms
[250.065s][info][gc,phases      ] GC(587)   Post Evacuate Collection Set: 0.46ms
[250.065s][info][gc,phases      ] GC(587)   Other: 0.11ms
[250.065s][info][gc,heap        ] GC(587) Eden regions: 37->0(95)
[250.065s][info][gc,heap        ] GC(587) Survivor regions: 24->8(8)
[250.065s][info][gc,heap        ] GC(587) Old regions: 833->807
[250.065s][info][gc,heap        ] GC(587) Humongous regions: 10->10
[250.065s][info][gc,metaspace   ] GC(587) Metaspace: 18574K(18752K)->18574K(18752K) NonClass: 16745K(16896K)->16745K(16896K) Class: 1828K(1856K)->1828K(1856K)
[250.065s][info][gc             ] GC(587) Pause Young (Normal) (G1 Evacuation Pause) 903M->823M(978M) 71.784ms
[250.065s][info][gc,cpu         ] GC(587) User=0.14s Sys=0.00s Real=0.07s
[250.341s][info][gc,start       ] GC(588) Pause Young (Normal) (G1 Evacuation Pause)
[250.341s][info][gc,task        ] GC(588) Using 2 workers of 2 for evacuation
[250.353s][info][gc,phases      ] GC(588)   Pre Evacuate Collection Set: 0.54ms
[250.353s][info][gc,phases      ] GC(588)   Merge Heap Roots: 0.15ms
[250.353s][info][gc,phases      ] GC(588)   Evacuate Collection Set: 10.99ms
[250.353s][info][gc,phases      ] GC(588)   Post Evacuate Collection Set: 0.42ms
[250.353s][info][gc,phases      ] GC(588)   Other: 0.10ms
[250.353s][info][gc,heap        ] GC(588) Eden regions: 95->0(99)
[250.353s][info][gc,heap        ] GC(588) Survivor regions: 8->2(13)
[250.353s][info][gc,heap        ] GC(588) Old regions: 807->815
[250.353s][info][gc,heap        ] GC(588) Humongous regions: 10->10
[250.353s][info][gc,metaspace   ] GC(588) Metaspace: 18574K(18752K)->18574K(18752K) NonClass: 16745K(16896K)->16745K(16896K) Class: 1828K(1856K)->1828K(1856K)
[250.353s][info][gc             ] GC(588) Pause Young (Normal) (G1 Evacuation Pause) 918M->825M(978M) 12.447ms
[250.353s][info][gc,cpu         ] GC(588) User=0.03s Sys=0.00s Real=0.01s
[250.536s][info][gc,start       ] GC(589) Pause Young (Normal) (G1 Evacuation Pause)
[250.537s][info][gc,task        ] GC(589) Using 2 workers of 2 for evacuation
[250.541s][info][gc,phases      ] GC(589)   Pre Evacuate Collection Set: 0.33ms
[250.541s][info][gc,phases      ] GC(589)   Merge Heap Roots: 0.11ms
[250.541s][info][gc,phases      ] GC(589)   Evacuate Collection Set: 3.57ms
[250.541s][info][gc,phases      ] GC(589)   Post Evacuate Collection Set: 0.35ms
[250.541s][info][gc,phases      ] GC(589)   Other: 0.11ms
[250.541s][info][gc,heap        ] GC(589) Eden regions: 99->0(99)
[250.541s][info][gc,heap        ] GC(589) Survivor regions: 2->2(13)
[250.541s][info][gc,heap        ] GC(589) Old regions: 815->815
[250.541s][info][gc,heap        ] GC(589) Humongous regions: 10->10
[250.541s][info][gc,metaspace   ] GC(589) Metaspace: 18574K(18752K)->18574K(18752K) NonClass: 16745K(16896K)->16745K(16896K) Class: 1828K(1856K)->1828K(1856K)
[250.541s][info][gc             ] GC(589) Pause Young (Normal) (G1 Evacuation Pause) 924M->825M(978M) 4.748ms
[250.541s][info][gc,cpu         ] GC(589) User=0.01s Sys=0.00s Real=0.01s
[250.743s][info][gc,start       ] GC(590) Pause Young (Normal) (G1 Evacuation Pause)
[250.743s][info][gc,task        ] GC(590) Using 2 workers of 2 for evacuation
[250.748s][info][gc,phases      ] GC(590)   Pre Evacuate Collection Set: 0.33ms
[250.748s][info][gc,phases      ] GC(590)   Merge Heap Roots: 0.16ms
[250.748s][info][gc,phases      ] GC(590)   Evacuate Collection Set: 4.05ms
[250.748s][info][gc,phases      ] GC(590)   Post Evacuate Collection Set: 0.37ms
[250.748s][info][gc,phases      ] GC(590)   Other: 0.08ms
[250.748s][info][gc,heap        ] GC(590) Eden regions: 99->0(99)
[250.748s][info][gc,heap        ] GC(590) Survivor regions: 2->2(13)
[250.748s][info][gc,heap        ] GC(590) Old regions: 815->815
[250.748s][info][gc,heap        ] GC(590) Humongous regions: 10->10
[250.748s][info][gc,metaspace   ] GC(590) Metaspace: 18574K(18752K)->18574K(18752K) NonClass: 16745K(16896K)->16745K(16896K) Class: 1828K(1856K)->1828K(1856K)
[250.748s][info][gc             ] GC(590) Pause Young (Normal) (G1 Evacuation Pause) 924M->825M(978M) 5.256ms
[250.748s][info][gc,cpu         ] GC(590) User=0.01s Sys=0.00s Real=0.00s
[250.755s][info][gc,marking     ] GC(582) Concurrent Rebuild Remembered Sets and Scrub Regions 804.175ms
[250.755s][info][gc,start       ] GC(582) Pause Cleanup
[250.755s][info][gc             ] GC(582) Pause Cleanup 827M->827M(978M) 0.165ms
[250.755s][info][gc,cpu         ] GC(582) User=0.00s Sys=0.00s Real=0.00s
[250.757s][info][gc,marking     ] GC(582) Concurrent Clear Claimed Marks
[250.757s][info][gc,marking     ] GC(582) Concurrent Clear Claimed Marks 0.038ms
[250.757s][info][gc,marking     ] GC(582) Concurrent Cleanup for Next Mark
[250.762s][info][gc,marking     ] GC(582) Concurrent Cleanup for Next Mark 5.045ms
[250.762s][info][gc             ] GC(582) Concurrent Mark Cycle 3617.910ms
[250.875s][info][gc,start       ] GC(591) Pause Young (Prepare Mixed) (G1 Evacuation Pause)
[250.875s][info][gc,task        ] GC(591) Using 2 workers of 2 for evacuation
[250.880s][info][gc,phases      ] GC(591)   Pre Evacuate Collection Set: 0.59ms
[250.880s][info][gc,phases      ] GC(591)   Merge Heap Roots: 0.14ms
[250.880s][info][gc,phases      ] GC(591)   Evacuate Collection Set: 4.43ms
[250.880s][info][gc,phases      ] GC(591)   Post Evacuate Collection Set: 0.42ms
[250.880s][info][gc,phases      ] GC(591)   Other: 0.09ms
[250.880s][info][gc,heap        ] GC(591) Eden regions: 99->0(99)
[250.880s][info][gc,heap        ] GC(591) Survivor regions: 2->2(13)
[250.880s][info][gc,heap        ] GC(591) Old regions: 815->815
[250.880s][info][gc,heap        ] GC(591) Humongous regions: 10->10
[250.880s][info][gc,metaspace   ] GC(591) Metaspace: 18574K(18752K)->18574K(18752K) NonClass: 16745K(16896K)->16745K(16896K) Class: 1828K(1856K)->1828K(1856K)
[250.881s][info][gc             ] GC(591) Pause Young (Prepare Mixed) (G1 Evacuation Pause) 924M->825M(978M) 5.940ms
[250.881s][info][gc,cpu         ] GC(591) User=0.01s Sys=0.00s Real=0.01s
[251.003s][info][gc,start       ] GC(592) Pause Young (Mixed) (G1 Evacuation Pause)
[251.003s][info][gc,task        ] GC(592) Using 2 workers of 2 for evacuation
[251.009s][info][gc,phases      ] GC(592)   Pre Evacuate Collection Set: 0.35ms
[251.009s][info][gc,phases      ] GC(592)   Merge Heap Roots: 0.16ms
[251.009s][info][gc,phases      ] GC(592)   Evacuate Collection Set: 4.98ms
[251.009s][info][gc,phases      ] GC(592)   Post Evacuate Collection Set: 0.38ms
[251.009s][info][gc,phases      ] GC(592)   Other: 0.09ms
[251.009s][info][gc,heap        ] GC(592) Eden regions: 99->0(106)
[251.009s][info][gc,heap        ] GC(592) Survivor regions: 2->2(13)
[251.009s][info][gc,heap        ] GC(592) Old regions: 815->808
[251.009s][info][gc,heap        ] GC(592) Humongous regions: 10->10
[251.009s][info][gc,metaspace   ] GC(592) Metaspace: 18574K(18752K)->18574K(18752K) NonClass: 16745K(16896K)->16745K(16896K) Class: 1828K(1856K)->1828K(1856K)
[251.009s][info][gc             ] GC(592) Pause Young (Mixed) (G1 Evacuation Pause) 924M->818M(978M) 6.215ms
[251.009s][info][gc,cpu         ] GC(592) User=0.01s Sys=0.01s Real=0.00s
[251.140s][info][gc,start       ] GC(593) Pause Young (Concurrent Start) (G1 Evacuation Pause)
[251.140s][info][gc,task        ] GC(593) Using 2 workers of 2 for evacuation
[251.146s][info][gc,phases      ] GC(593)   Pre Evacuate Collection Set: 0.34ms
[251.146s][info][gc,phases      ] GC(593)   Merge Heap Roots: 0.13ms
[251.146s][info][gc,phases      ] GC(593)   Evacuate Collection Set: 5.16ms
[251.146s][info][gc,phases      ] GC(593)   Post Evacuate Collection Set: 0.42ms
[251.146s][info][gc,phases      ] GC(593)   Other: 0.15ms
[251.146s][info][gc,heap        ] GC(593) Eden regions: 106->0(106)
[251.146s][info][gc,heap        ] GC(593) Survivor regions: 2->2(14)
[251.146s][info][gc,heap        ] GC(593) Old regions: 808->808
[251.146s][info][gc,heap        ] GC(593) Humongous regions: 10->10
[251.146s][info][gc,metaspace   ] GC(593) Metaspace: 18574K(18752K)->18574K(18752K) NonClass: 16745K(16896K)->16745K(16896K) Class: 1828K(1856K)->1828K(1856K)
[251.147s][info][gc             ] GC(593) Pause Young (Concurrent Start) (G1 Evacuation Pause) 924M->818M(978M) 6.482ms
[251.147s][info][gc,cpu         ] GC(593) User=0.01s Sys=0.00s Real=0.01s
[251.147s][info][gc             ] GC(594) Concurrent Mark Cycle
[251.147s][info][gc,marking     ] GC(594) Concurrent Scan Root Regions
[251.152s][info][gc,marking     ] GC(594) Concurrent Scan Root Regions 5.008ms
[251.152s][info][gc,marking     ] GC(594) Concurrent Mark
[251.152s][info][gc,marking     ] GC(594) Concurrent Mark From Roots
[251.152s][info][gc,task        ] GC(594) Using 1 workers of 1 for marking
[251.352s][info][gc,start       ] GC(595) Pause Young (Normal) (G1 Evacuation Pause)
[251.352s][info][gc,task        ] GC(595) Using 2 workers of 2 for evacuation
[251.359s][info][gc,phases      ] GC(595)   Pre Evacuate Collection Set: 0.32ms
[251.359s][info][gc,phases      ] GC(595)   Merge Heap Roots: 0.14ms
[251.359s][info][gc,phases      ] GC(595)   Evacuate Collection Set: 5.52ms
[251.359s][info][gc,phases      ] GC(595)   Post Evacuate Collection Set: 0.38ms
[251.359s][info][gc,phases      ] GC(595)   Other: 0.10ms
[251.359s][info][gc,heap        ] GC(595) Eden regions: 106->0(106)
[251.359s][info][gc,heap        ] GC(595) Survivor regions: 2->2(14)
[251.359s][info][gc,heap        ] GC(595) Old regions: 808->808
[251.359s][info][gc,heap        ] GC(595) Humongous regions: 10->10
[251.359s][info][gc,metaspace   ] GC(595) Metaspace: 18574K(18752K)->18574K(18752K) NonClass: 16745K(16896K)->16745K(16896K) Class: 1828K(1856K)->1828K(1856K)
[251.359s][info][gc             ] GC(595) Pause Young (Normal) (G1 Evacuation Pause) 924M->818M(978M) 6.712ms
[251.359s][info][gc,cpu         ] GC(595) User=0.01s Sys=0.00s Real=0.00s
[251.595s][info][gc,start       ] GC(596) Pause Young (Normal) (G1 Evacuation Pause)
[251.595s][info][gc,task        ] GC(596) Using 2 workers of 2 for evacuation
[251.602s][info][gc,phases      ] GC(596)   Pre Evacuate Collection Set: 0.57ms
[251.602s][info][gc,phases      ] GC(596)   Merge Heap Roots: 0.15ms
[251.602s][info][gc,phases      ] GC(596)   Evacuate Collection Set: 5.86ms
[251.602s][info][gc,phases      ] GC(596)   Post Evacuate Collection Set: 0.38ms
[251.602s][info][gc,phases      ] GC(596)   Other: 0.12ms
[251.602s][info][gc,heap        ] GC(596) Eden regions: 106->0(106)
[251.602s][info][gc,heap        ] GC(596) Survivor regions: 2->2(14)
[251.602s][info][gc,heap        ] GC(596) Old regions: 808->808
[251.602s][info][gc,heap        ] GC(596) Humongous regions: 10->10
[251.602s][info][gc,metaspace   ] GC(596) Metaspace: 18574K(18752K)->18574K(18752K) NonClass: 16745K(16896K)->16745K(16896K) Class: 1828K(1856K)->1828K(1856K)
[251.602s][info][gc             ] GC(596) Pause Young (Normal) (G1 Evacuation Pause) 924M->818M(978M) 7.350ms
[251.602s][info][gc,cpu         ] GC(596) User=0.02s Sys=0.00s Real=0.01s
[251.862s][info][gc,start       ] GC(597) Pause Young (Normal) (G1 Evacuation Pause)
[251.862s][info][gc,task        ] GC(597) Using 2 workers of 2 for evacuation
[251.869s][info][gc,phases      ] GC(597)   Pre Evacuate Collection Set: 0.54ms
[251.869s][info][gc,phases      ] GC(597)   Merge Heap Roots: 0.16ms
[251.869s][info][gc,phases      ] GC(597)   Evacuate Collection Set: 6.10ms
[251.869s][info][gc,phases      ] GC(597)   Post Evacuate Collection Set: 0.41ms
[251.869s][info][gc,phases      ] GC(597)   Other: 0.08ms
[251.869s][info][gc,heap        ] GC(597) Eden regions: 106->0(106)
[251.869s][info][gc,heap        ] GC(597) Survivor regions: 2->2(14)
[251.869s][info][gc,heap        ] GC(597) Old regions: 808->808
[251.869s][info][gc,heap        ] GC(597) Humongous regions: 10->10
[251.869s][info][gc,metaspace   ] GC(597) Metaspace: 18574K(18752K)->18574K(18752K) NonClass: 16745K(16896K)->16745K(16896K) Class: 1828K(1856K)->1828K(1856K)
[251.869s][info][gc             ] GC(597) Pause Young (Normal) (G1 Evacuation Pause) 924M->818M(978M) 7.539ms
[251.869s][info][gc,cpu         ] GC(597) User=0.01s Sys=0.00s Real=0.00s
[252.078s][info][gc,start       ] GC(598) Pause Young (Normal) (G1 Evacuation Pause)
[252.078s][info][gc,task        ] GC(598) Using 2 workers of 2 for evacuation
[252.095s][info][gc,phases      ] GC(598)   Pre Evacuate Collection Set: 0.34ms
[252.095s][info][gc,phases      ] GC(598)   Merge Heap Roots: 0.25ms
[252.095s][info][gc,phases      ] GC(598)   Evacuate Collection Set: 16.13ms
[252.095s][info][gc,phases      ] GC(598)   Post Evacuate Collection Set: 0.45ms
[252.095s][info][gc,phases      ] GC(598)   Other: 0.08ms
[252.095s][info][gc,heap        ] GC(598) Eden regions: 106->0(98)
[252.095s][info][gc,heap        ] GC(598) Survivor regions: 2->6(14)
[252.095s][info][gc,heap        ] GC(598) Old regions: 808->808
[252.095s][info][gc,heap        ] GC(598) Humongous regions: 10->10
[252.095s][info][gc,metaspace   ] GC(598) Metaspace: 18577K(18752K)->18577K(18752K) NonClass: 16748K(16896K)->16748K(16896K) Class: 1828K(1856K)->1828K(1856K)
[252.096s][info][gc             ] GC(598) Pause Young (Normal) (G1 Evacuation Pause) 924M->822M(978M) 17.547ms
[252.096s][info][gc,cpu         ] GC(598) User=0.03s Sys=0.00s Real=0.02s
[252.422s][info][gc,start       ] GC(599) Pause Young (Normal) (G1 Evacuation Pause)
[252.422s][info][gc,task        ] GC(599) Using 2 workers of 2 for evacuation
[252.471s][info][gc,phases      ] GC(599)   Pre Evacuate Collection Set: 0.31ms
[252.471s][info][gc,phases      ] GC(599)   Merge Heap Roots: 0.39ms
[252.471s][info][gc,phases      ] GC(599)   Evacuate Collection Set: 48.43ms
[252.471s][info][gc,phases      ] GC(599)   Post Evacuate Collection Set: 0.52ms
[252.471s][info][gc,phases      ] GC(599)   Other: 0.08ms
[252.472s][info][gc,heap        ] GC(599) Eden regions: 98->0(73)
[252.472s][info][gc,heap        ] GC(599) Survivor regions: 6->13(13)
[252.472s][info][gc,heap        ] GC(599) Old regions: 808->816
[252.472s][info][gc,heap        ] GC(599) Humongous regions: 13->13
[252.472s][info][gc,metaspace   ] GC(599) Metaspace: 18577K(18752K)->18577K(18752K) NonClass: 16748K(16896K)->16748K(16896K) Class: 1828K(1856K)->1828K(1856K)
[252.472s][info][gc             ] GC(599) Pause Young (Normal) (G1 Evacuation Pause) 923M->841M(978M) 50.018ms
[252.472s][info][gc,cpu         ] GC(599) User=0.10s Sys=0.00s Real=0.05s
[252.482s][info][gc,marking     ] GC(594) Concurrent Mark From Roots 1329.913ms
[252.482s][info][gc,marking     ] GC(594) Concurrent Preclean
[252.482s][info][gc,marking     ] GC(594) Concurrent Preclean 0.037ms
[252.482s][info][gc,start       ] GC(594) Pause Remark
[252.490s][info][gc             ] GC(594) Pause Remark 844M->555M(978M) 8.167ms
[252.490s][info][gc,cpu         ] GC(594) User=0.01s Sys=0.00s Real=0.00s
[252.491s][info][gc,marking     ] GC(594) Concurrent Mark 1339.716ms
[252.491s][info][gc,marking     ] GC(594) Concurrent Rebuild Remembered Sets and Scrub Regions
[252.632s][info][gc,start       ] GC(600) Pause Young (Normal) (G1 Evacuation Pause)
[252.632s][info][gc,task        ] GC(600) Using 2 workers of 2 for evacuation
[252.663s][info][gc,phases      ] GC(600)   Pre Evacuate Collection Set: 0.33ms
[252.663s][info][gc,phases      ] GC(600)   Merge Heap Roots: 0.34ms
[252.663s][info][gc,phases      ] GC(600)   Evacuate Collection Set: 30.21ms
[252.663s][info][gc,phases      ] GC(600)   Post Evacuate Collection Set: 0.35ms
[252.663s][info][gc,phases      ] GC(600)   Other: 0.12ms
[252.663s][info][gc,heap        ] GC(600) Eden regions: 73->0(345)
[252.663s][info][gc,heap        ] GC(600) Survivor regions: 13->1(11)
[252.663s][info][gc,heap        ] GC(600) Old regions: 532->546
[252.663s][info][gc,heap        ] GC(600) Humongous regions: 7->7
[252.663s][info][gc,metaspace   ] GC(600) Metaspace: 18577K(18752K)->18577K(18752K) NonClass: 16748K(16896K)->16748K(16896K) Class: 1828K(1856K)->1828K(1856K)
[252.663s][info][gc             ] GC(600) Pause Young (Normal) (G1 Evacuation Pause) 624M->553M(978M) 31.623ms
[252.663s][info][gc,cpu         ] GC(600) User=0.07s Sys=0.00s Real=0.03s
[252.987s][info][gc,marking     ] GC(594) Concurrent Rebuild Remembered Sets and Scrub Regions 495.296ms
[252.987s][info][gc,start       ] GC(594) Pause Cleanup
[252.987s][info][gc             ] GC(594) Pause Cleanup 699M->699M(978M) 0.203ms
[252.987s][info][gc,cpu         ] GC(594) User=0.00s Sys=0.00s Real=0.00s
[252.987s][info][gc,marking     ] GC(594) Concurrent Clear Claimed Marks
[252.987s][info][gc,marking     ] GC(594) Concurrent Clear Claimed Marks 0.030ms
[252.987s][info][gc,marking     ] GC(594) Concurrent Cleanup for Next Mark
[252.990s][info][gc,marking     ] GC(594) Concurrent Cleanup for Next Mark 3.014ms
[252.990s][info][gc             ] GC(594) Concurrent Mark Cycle 1843.744ms
[253.296s][info][gc,start       ] GC(601) Pause Young (Prepare Mixed) (G1 Evacuation Pause)
[253.296s][info][gc,task        ] GC(601) Using 2 workers of 2 for evacuation
[253.297s][info][gc,phases      ] GC(601)   Pre Evacuate Collection Set: 0.34ms
[253.297s][info][gc,phases      ] GC(601)   Merge Heap Roots: 0.11ms
[253.297s][info][gc,phases      ] GC(601)   Evacuate Collection Set: 0.25ms
[253.297s][info][gc,phases      ] GC(601)   Post Evacuate Collection Set: 0.50ms
[253.297s][info][gc,phases      ] GC(601)   Other: 0.11ms
[253.297s][info][gc,heap        ] GC(601) Eden regions: 345->0(360)
[253.297s][info][gc,heap        ] GC(601) Survivor regions: 1->1(44)
[253.297s][info][gc,heap        ] GC(601) Old regions: 546->546
[253.297s][info][gc,heap        ] GC(601) Humongous regions: 7->7
[253.297s][info][gc,metaspace   ] GC(601) Metaspace: 18577K(18752K)->18577K(18752K) NonClass: 16748K(16896K)->16748K(16896K) Class: 1828K(1856K)->1828K(1856K)
[253.297s][info][gc             ] GC(601) Pause Young (Prepare Mixed) (G1 Evacuation Pause) 898M->552M(978M) 1.648ms
[253.297s][info][gc,cpu         ] GC(601) User=0.00s Sys=0.00s Real=0.00s
[253.849s][info][gc,start       ] GC(602) Pause Young (Mixed) (G1 Evacuation Pause)
[253.849s][info][gc,task        ] GC(602) Using 2 workers of 2 for evacuation
[253.853s][info][gc,phases      ] GC(602)   Pre Evacuate Collection Set: 0.63ms
[253.853s][info][gc,phases      ] GC(602)   Merge Heap Roots: 0.21ms
[253.853s][info][gc,phases      ] GC(602)   Evacuate Collection Set: 2.49ms
[253.853s][info][gc,phases      ] GC(602)   Post Evacuate Collection Set: 0.66ms
[253.853s][info][gc,phases      ] GC(602)   Other: 0.13ms
[253.853s][info][gc,heap        ] GC(602) Eden regions: 360->0(456)
[253.853s][info][gc,heap        ] GC(602) Survivor regions: 1->1(46)
[253.853s][info][gc,heap        ] GC(602) Old regions: 546->449
[253.853s][info][gc,heap        ] GC(602) Humongous regions: 7->7
[253.853s][info][gc,metaspace   ] GC(602) Metaspace: 18577K(18752K)->18577K(18752K) NonClass: 16748K(16896K)->16748K(16896K) Class: 1828K(1856K)->1828K(1856K)
[253.853s][info][gc             ] GC(602) Pause Young (Mixed) (G1 Evacuation Pause) 912M->455M(978M) 4.377ms
[253.853s][info][gc,cpu         ] GC(602) User=0.01s Sys=0.00s Real=0.01s
[254.325s][info][gc,start       ] GC(603) Pause Young (Mixed) (G1 Evacuation Pause)
[254.325s][info][gc,task        ] GC(603) Using 2 workers of 2 for evacuation
[254.385s][info][gc,phases      ] GC(603)   Pre Evacuate Collection Set: 0.35ms
[254.385s][info][gc,phases      ] GC(603)   Merge Heap Roots: 0.40ms
[254.385s][info][gc,phases      ] GC(603)   Evacuate Collection Set: 58.27ms
[254.385s][info][gc,phases      ] GC(603)   Post Evacuate Collection Set: 0.73ms
[254.385s][info][gc,phases      ] GC(603)   Other: 0.14ms
[254.385s][info][gc,heap        ] GC(603) Eden regions: 456->0(417)
[254.385s][info][gc,heap        ] GC(603) Survivor regions: 1->38(58)
[254.385s][info][gc,heap        ] GC(603) Old regions: 449->428
[254.385s][info][gc,heap        ] GC(603) Humongous regions: 7->7
[254.385s][info][gc,metaspace   ] GC(603) Metaspace: 18579K(18752K)->18579K(18752K) NonClass: 16750K(16896K)->16750K(16896K) Class: 1828K(1856K)->1828K(1856K)
[254.385s][info][gc             ] GC(603) Pause Young (Mixed) (G1 Evacuation Pause) 911M->472M(978M) 60.169ms
[254.385s][info][gc,cpu         ] GC(603) User=0.12s Sys=0.00s Real=0.06s
[254.723s][info][gc,start       ] GC(604) Pause Young (Concurrent Start) (G1 Evacuation Pause)
[254.723s][info][gc,task        ] GC(604) Using 2 workers of 2 for evacuation
[254.825s][info][gc,phases      ] GC(604)   Pre Evacuate Collection Set: 0.36ms
[254.825s][info][gc,phases      ] GC(604)   Merge Heap Roots: 0.42ms
[254.825s][info][gc,phases      ] GC(604)   Evacuate Collection Set: 100.13ms
[254.825s][info][gc,phases      ] GC(604)   Post Evacuate Collection Set: 0.74ms
[254.825s][info][gc,phases      ] GC(604)   Other: 0.24ms
[254.825s][info][gc,heap        ] GC(604) Eden regions: 417->0(372)
[254.825s][info][gc,heap        ] GC(604) Survivor regions: 38->41(57)
[254.825s][info][gc,heap        ] GC(604) Old regions: 428->466
[254.825s][info][gc,heap        ] GC(604) Humongous regions: 7->7
[254.825s][info][gc,metaspace   ] GC(604) Metaspace: 18579K(18752K)->18579K(18752K) NonClass: 16750K(16896K)->16750K(16896K) Class: 1828K(1856K)->1828K(1856K)
[254.825s][info][gc             ] GC(604) Pause Young (Concurrent Start) (G1 Evacuation Pause) 889M->513M(978M) 102.202ms
[254.825s][info][gc,cpu         ] GC(604) User=0.20s Sys=0.00s Real=0.10s
[254.825s][info][gc             ] GC(605) Concurrent Mark Cycle
[254.825s][info][gc,marking     ] GC(605) Concurrent Scan Root Regions
[254.995s][info][gc,marking     ] GC(605) Concurrent Scan Root Regions 170.132ms
[254.996s][info][gc,marking     ] GC(605) Concurrent Mark
[254.996s][info][gc,marking     ] GC(605) Concurrent Mark From Roots
[254.996s][info][gc,task        ] GC(605) Using 1 workers of 1 for marking
[255.275s][info][gc,start       ] GC(606) Pause Young (Normal) (G1 Evacuation Pause)
[255.275s][info][gc,task        ] GC(606) Using 2 workers of 2 for evacuation
[255.371s][info][gc,phases      ] GC(606)   Pre Evacuate Collection Set: 0.31ms
[255.371s][info][gc,phases      ] GC(606)   Merge Heap Roots: 0.39ms
[255.371s][info][gc,phases      ] GC(606)   Evacuate Collection Set: 93.66ms
[255.371s][info][gc,phases      ] GC(606)   Post Evacuate Collection Set: 0.71ms
[255.371s][info][gc,phases      ] GC(606)   Other: 0.10ms
[255.371s][info][gc,heap        ] GC(606) Eden regions: 372->0(340)
[255.371s][info][gc,heap        ] GC(606) Survivor regions: 41->35(52)
[255.371s][info][gc,heap        ] GC(606) Old regions: 466->507
[255.371s][info][gc,heap        ] GC(606) Humongous regions: 7->7
[255.371s][info][gc,metaspace   ] GC(606) Metaspace: 18579K(18752K)->18579K(18752K) NonClass: 16750K(16896K)->16750K(16896K) Class: 1828K(1856K)->1828K(1856K)
[255.371s][info][gc             ] GC(606) Pause Young (Normal) (G1 Evacuation Pause) 885M->548M(978M) 95.465ms
[255.371s][info][gc,cpu         ] GC(606) User=0.19s Sys=0.00s Real=0.10s
[255.843s][info][gc,marking     ] GC(605) Concurrent Mark From Roots 847.825ms
[255.843s][info][gc,marking     ] GC(605) Concurrent Preclean
[255.843s][info][gc,marking     ] GC(605) Concurrent Preclean 0.038ms
[255.844s][info][gc,start       ] GC(605) Pause Remark
[255.852s][info][gc             ] GC(605) Pause Remark 745M->631M(978M) 8.029ms
[255.852s][info][gc,cpu         ] GC(605) User=0.02s Sys=0.00s Real=0.01s
[255.853s][info][gc,marking     ] GC(605) Concurrent Mark 857.161ms
[255.853s][info][gc,marking     ] GC(605) Concurrent Rebuild Remembered Sets and Scrub Regions
[256.047s][info][gc,start       ] GC(607) Pause Young (Normal) (G1 Evacuation Pause)
[256.048s][info][gc,task        ] GC(607) Using 2 workers of 2 for evacuation
[256.123s][info][gc,phases      ] GC(607)   Pre Evacuate Collection Set: 0.49ms
[256.123s][info][gc,phases      ] GC(607)   Merge Heap Roots: 0.52ms
[256.123s][info][gc,phases      ] GC(607)   Evacuate Collection Set: 73.95ms
[256.123s][info][gc,phases      ] GC(607)   Post Evacuate Collection Set: 0.65ms
[256.123s][info][gc,phases      ] GC(607)   Other: 0.12ms
[256.123s][info][gc,heap        ] GC(607) Eden regions: 340->0(439)
[256.123s][info][gc,heap        ] GC(607) Survivor regions: 35->5(47)
[256.123s][info][gc,heap        ] GC(607) Old regions: 396->431
[256.123s][info][gc,heap        ] GC(607) Humongous regions: 4->4
[256.123s][info][gc,metaspace   ] GC(607) Metaspace: 18581K(18752K)->18581K(18752K) NonClass: 16752K(16896K)->16752K(16896K) Class: 1828K(1856K)->1828K(1856K)
[256.124s][info][gc             ] GC(607) Pause Young (Normal) (G1 Evacuation Pause) 774M->439M(978M) 76.031ms
[256.124s][info][gc,cpu         ] GC(607) User=0.15s Sys=0.01s Real=0.08s
[256.345s][info][gc,marking     ] GC(605) Concurrent Rebuild Remembered Sets and Scrub Regions 492.464ms
[256.345s][info][gc,start       ] GC(605) Pause Cleanup
[256.346s][info][gc             ] GC(605) Pause Cleanup 519M->519M(978M) 0.159ms
[256.346s][info][gc,cpu         ] GC(605) User=0.00s Sys=0.00s Real=0.00s
[256.347s][info][gc,marking     ] GC(605) Concurrent Clear Claimed Marks
[256.347s][info][gc,marking     ] GC(605) Concurrent Clear Claimed Marks 0.058ms
[256.347s][info][gc,marking     ] GC(605) Concurrent Cleanup for Next Mark
[256.354s][info][gc,marking     ] GC(605) Concurrent Cleanup for Next Mark 7.553ms
[256.354s][info][gc             ] GC(605) Concurrent Mark Cycle 1529.237ms
[257.296s][info][gc,start       ] GC(608) Pause Young (Prepare Mixed) (G1 Evacuation Pause)
[257.296s][info][gc,task        ] GC(608) Using 2 workers of 2 for evacuation
[257.328s][info][gc,phases      ] GC(608)   Pre Evacuate Collection Set: 0.56ms
[257.328s][info][gc,phases      ] GC(608)   Merge Heap Roots: 0.30ms
[257.328s][info][gc,phases      ] GC(608)   Evacuate Collection Set: 30.27ms
[257.328s][info][gc,phases      ] GC(608)   Post Evacuate Collection Set: 0.72ms
[257.328s][info][gc,phases      ] GC(608)   Other: 0.11ms
[257.328s][info][gc,heap        ] GC(608) Eden regions: 439->0(431)
[257.328s][info][gc,heap        ] GC(608) Survivor regions: 5->21(56)
[257.328s][info][gc,heap        ] GC(608) Old regions: 431->431
[257.328s][info][gc,heap        ] GC(608) Humongous regions: 4->4
[257.328s][info][gc,metaspace   ] GC(608) Metaspace: 18581K(18752K)->18581K(18752K) NonClass: 16752K(16896K)->16752K(16896K) Class: 1828K(1856K)->1828K(1856K)
[257.328s][info][gc             ] GC(608) Pause Young (Prepare Mixed) (G1 Evacuation Pause) 878M->455M(978M) 32.262ms
[257.328s][info][gc,cpu         ] GC(608) User=0.06s Sys=0.00s Real=0.03s
[258.364s][info][gc,start       ] GC(609) Pause Young (Mixed) (G1 Evacuation Pause)
[258.364s][info][gc,task        ] GC(609) Using 2 workers of 2 for evacuation
[258.402s][info][gc,phases      ] GC(609)   Pre Evacuate Collection Set: 0.36ms
[258.402s][info][gc,phases      ] GC(609)   Merge Heap Roots: 0.28ms
[258.402s][info][gc,phases      ] GC(609)   Evacuate Collection Set: 35.84ms
[258.402s][info][gc,phases      ] GC(609)   Post Evacuate Collection Set: 0.78ms
[258.402s][info][gc,phases      ] GC(609)   Other: 0.10ms
[258.402s][info][gc,heap        ] GC(609) Eden regions: 431->0(483)
[258.402s][info][gc,heap        ] GC(609) Survivor regions: 21->28(57)
[258.402s][info][gc,heap        ] GC(609) Old regions: 431->381
[258.402s][info][gc,heap        ] GC(609) Humongous regions: 4->4
[258.402s][info][gc,metaspace   ] GC(609) Metaspace: 18581K(18752K)->18581K(18752K) NonClass: 16752K(16896K)->16752K(16896K) Class: 1828K(1856K)->1828K(1856K)
[258.402s][info][gc             ] GC(609) Pause Young (Mixed) (G1 Evacuation Pause) 886M->411M(978M) 37.624ms
[258.402s][info][gc,cpu         ] GC(609) User=0.07s Sys=0.00s Real=0.04s
[259.150s][info][gc,start       ] GC(610) Pause Young (Concurrent Start) (G1 Evacuation Pause)
[259.150s][info][gc,task        ] GC(610) Using 2 workers of 2 for evacuation
[259.374s][info][gc,mmu         ] GC(610) MMU target violated: 201.0ms (200.0ms/201.0ms)
[259.374s][info][gc,phases      ] GC(610)   Pre Evacuate Collection Set: 0.34ms
[259.374s][info][gc,phases      ] GC(610)   Merge Heap Roots: 0.29ms
[259.374s][info][gc,phases      ] GC(610)   Evacuate Collection Set: 191.14ms
[259.374s][info][gc,phases      ] GC(610)   Post Evacuate Collection Set: 32.29ms
[259.374s][info][gc,phases      ] GC(610)   Other: 0.22ms
[259.374s][info][gc,heap        ] GC(610) Eden regions: 483->0(71)
[259.374s][info][gc,heap        ] GC(610) Survivor regions: 28->64(64)
[259.374s][info][gc,heap        ] GC(610) Old regions: 381->725
[259.374s][info][gc,heap        ] GC(610) Humongous regions: 4->4
[259.374s][info][gc,metaspace   ] GC(610) Metaspace: 18589K(18752K)->18589K(18752K) NonClass: 16760K(16896K)->16760K(16896K) Class: 1828K(1856K)->1828K(1856K)
[259.374s][info][gc             ] GC(610) Pause Young (Concurrent Start) (G1 Evacuation Pause) (Evacuation Failure: Allocation) 894M->792M(978M) 224.487ms
[259.374s][info][gc,cpu         ] GC(610) User=0.45s Sys=0.00s Real=0.23s
[259.374s][info][gc             ] GC(611) Concurrent Mark Cycle
[259.374s][info][gc,marking     ] GC(611) Concurrent Scan Root Regions
[259.385s][info][gc,start       ] GC(612) Pause Young (Normal) (G1 Evacuation Pause)
[259.385s][info][gc,task        ] GC(612) Using 2 workers of 2 for evacuation
[259.507s][info][gc,marking     ] GC(611) Concurrent Scan Root Regions 132.162ms
[259.507s][info][gc,marking     ] GC(611) Concurrent Mark
[259.507s][info][gc,marking     ] GC(611) Concurrent Mark From Roots
[259.507s][info][gc,task        ] GC(611) Using 1 workers of 1 for marking
[259.658s][info][gc,phases      ] GC(612)   Pre Evacuate Collection Set: 0.44ms
[259.658s][info][gc,phases      ] GC(612)   Merge Heap Roots: 1.57ms
[259.658s][info][gc,phases      ] GC(612)   Evacuate Collection Set: 122.18ms
[259.659s][info][gc,phases      ] GC(612)   Merge Optional Heap Roots: 0.13ms
[259.659s][info][gc,phases      ] GC(612)   Evacuate Optional Collection Set: 26.52ms
[259.659s][info][gc,phases      ] GC(612)   Post Evacuate Collection Set: 0.89ms
[259.659s][info][gc,phases      ] GC(612)   Other: 0.20ms
[259.659s][info][gc,heap        ] GC(612) Eden regions: 2->0(250)
[259.659s][info][gc,heap        ] GC(612) Survivor regions: 64->1(9)
[259.659s][info][gc,heap        ] GC(612) Old regions: 725->667
[259.659s][info][gc,heap        ] GC(612) Humongous regions: 4->4
[259.659s][info][gc,metaspace   ] GC(612) Metaspace: 18589K(18752K)->18589K(18752K) NonClass: 16760K(16896K)->16760K(16896K) Class: 1828K(1856K)->1828K(1856K)
[259.659s][info][gc             ] GC(612) Pause Young (Normal) (G1 Evacuation Pause) 794M->671M(978M) 273.313ms
[259.659s][info][gc,cpu         ] GC(612) User=0.42s Sys=0.01s Real=0.27s
[260.003s][info][gc,start       ] GC(613) Pause Young (Normal) (G1 Evacuation Pause)
[260.003s][info][gc,task        ] GC(613) Using 2 workers of 2 for evacuation
[260.121s][info][gc,phases      ] GC(613)   Pre Evacuate Collection Set: 0.37ms
[260.121s][info][gc,phases      ] GC(613)   Merge Heap Roots: 0.66ms
[260.121s][info][gc,phases      ] GC(613)   Evacuate Collection Set: 101.61ms
[260.122s][info][gc,phases      ] GC(613)   Post Evacuate Collection Set: 15.93ms
[260.122s][info][gc,phases      ] GC(613)   Other: 0.10ms
[260.122s][info][gc,heap        ] GC(613) Eden regions: 250->0(16)
[260.122s][info][gc,heap        ] GC(613) Survivor regions: 1->32(32)
[260.122s][info][gc,heap        ] GC(613) Old regions: 667->855
[260.122s][info][gc,heap        ] GC(613) Humongous regions: 4->4
[260.122s][info][gc,metaspace   ] GC(613) Metaspace: 18589K(18752K)->18589K(18752K) NonClass: 16760K(16896K)->16760K(16896K) Class: 1828K(1856K)->1828K(1856K)
[260.122s][info][gc             ] GC(613) Pause Young (Normal) (G1 Evacuation Pause) (Evacuation Failure: Allocation) 921M->890M(978M) 119.072ms
[260.122s][info][gc,cpu         ] GC(613) User=0.23s Sys=0.00s Real=0.12s
[260.173s][info][gc,start       ] GC(614) Pause Young (Normal) (G1 Evacuation Pause)
[260.174s][info][gc,task        ] GC(614) Using 2 workers of 2 for evacuation
[260.253s][info][gc,phases      ] GC(614)   Pre Evacuate Collection Set: 0.62ms
[260.253s][info][gc,phases      ] GC(614)   Merge Heap Roots: 0.79ms
[260.253s][info][gc,phases      ] GC(614)   Evacuate Collection Set: 77.33ms
[260.253s][info][gc,phases      ] GC(614)   Post Evacuate Collection Set: 0.62ms
[260.253s][info][gc,phases      ] GC(614)   Other: 0.11ms
[260.253s][info][gc,heap        ] GC(614) Eden regions: 16->0(233)
[260.253s][info][gc,heap        ] GC(614) Survivor regions: 32->5(6)
[260.253s][info][gc,heap        ] GC(614) Old regions: 855->668
[260.253s][info][gc,heap        ] GC(614) Humongous regions: 4->4
[260.253s][info][gc,metaspace   ] GC(614) Metaspace: 18590K(18752K)->18590K(18752K) NonClass: 16761K(16896K)->16761K(16896K) Class: 1828K(1856K)->1828K(1856K)
[260.253s][info][gc             ] GC(614) Pause Young (Normal) (G1 Evacuation Pause) 906M->675M(978M) 79.730ms
[260.253s][info][gc,cpu         ] GC(614) User=0.16s Sys=0.00s Real=0.08s
[261.066s][info][gc,start       ] GC(615) Pause Young (Normal) (G1 Evacuation Pause)
[261.067s][info][gc,task        ] GC(615) Using 2 workers of 2 for evacuation
[261.231s][info][gc,phases      ] GC(615)   Pre Evacuate Collection Set: 0.38ms
[261.231s][info][gc,phases      ] GC(615)   Merge Heap Roots: 1.45ms
[261.231s][info][gc,phases      ] GC(615)   Evacuate Collection Set: 146.57ms
[261.231s][info][gc,phases      ] GC(615)   Post Evacuate Collection Set: 15.99ms
[261.231s][info][gc,phases      ] GC(615)   Other: 0.12ms
[261.231s][info][gc,heap        ] GC(615) Eden regions: 233->0(95)
[261.231s][info][gc,heap        ] GC(615) Survivor regions: 5->27(30)
[261.231s][info][gc,heap        ] GC(615) Old regions: 668->766
[261.231s][info][gc,heap        ] GC(615) Humongous regions: 13->13
[261.231s][info][gc,metaspace   ] GC(615) Metaspace: 18590K(18752K)->18590K(18752K) NonClass: 16761K(16896K)->16761K(16896K) Class: 1828K(1856K)->1828K(1856K)
[261.231s][info][gc             ] GC(615) Pause Young (Normal) (G1 Evacuation Pause) (Evacuation Failure: Allocation) 917M->805M(978M) 164.787ms
[261.231s][info][gc,cpu         ] GC(615) User=0.32s Sys=0.00s Real=0.17s
[261.321s][info][gc,marking     ] GC(611) Concurrent Mark From Roots 1814.817ms
[261.321s][info][gc,marking     ] GC(611) Concurrent Preclean
[261.322s][info][gc,marking     ] GC(611) Concurrent Preclean 0.039ms
[261.322s][info][gc,start       ] GC(611) Pause Remark
[261.330s][info][gc             ] GC(611) Pause Remark 825M->825M(978M) 8.015ms
[261.330s][info][gc,cpu         ] GC(611) User=0.02s Sys=0.00s Real=0.00s
[261.330s][info][gc,marking     ] GC(611) Concurrent Mark 1823.606ms
[261.330s][info][gc,marking     ] GC(611) Concurrent Rebuild Remembered Sets and Scrub Regions
[261.336s][info][gc,start       ] GC(616) Pause Young (Normal) (G1 Evacuation Pause)
[261.336s][info][gc,task        ] GC(616) Using 2 workers of 2 for evacuation
[261.461s][info][gc,phases      ] GC(616)   Pre Evacuate Collection Set: 0.37ms
[261.461s][info][gc,phases      ] GC(616)   Merge Heap Roots: 3.40ms
[261.461s][info][gc,phases      ] GC(616)   Evacuate Collection Set: 69.81ms
[261.461s][info][gc,phases      ] GC(616)   Merge Optional Heap Roots: 0.35ms
[261.461s][info][gc,phases      ] GC(616)   Evacuate Optional Collection Set: 49.14ms
[261.461s][info][gc,phases      ] GC(616)   Post Evacuate Collection Set: 1.59ms
[261.461s][info][gc,phases      ] GC(616)   Other: 0.18ms
[261.461s][info][gc,heap        ] GC(616) Eden regions: 21->0(236)
[261.461s][info][gc,heap        ] GC(616) Survivor regions: 27->1(6)
[261.461s][info][gc,heap        ] GC(616) Old regions: 766->656
[261.461s][info][gc,heap        ] GC(616) Humongous regions: 13->13
[261.461s][info][gc,metaspace   ] GC(616) Metaspace: 18590K(18752K)->18590K(18752K) NonClass: 16761K(16896K)->16761K(16896K) Class: 1828K(1856K)->1828K(1856K)
[261.461s][info][gc             ] GC(616) Pause Young (Normal) (G1 Evacuation Pause) 826M->669M(978M) 125.082ms
[261.461s][info][gc,cpu         ] GC(616) User=0.25s Sys=0.00s Real=0.13s
[262.039s][info][gc,start       ] GC(617) Pause Young (Normal) (G1 Evacuation Pause)
[262.040s][info][gc,task        ] GC(617) Using 2 workers of 2 for evacuation
[262.057s][info][gc,phases      ] GC(617)   Pre Evacuate Collection Set: 0.57ms
[262.057s][info][gc,phases      ] GC(617)   Merge Heap Roots: 0.58ms
[262.057s][info][gc,phases      ] GC(617)   Evacuate Collection Set: 15.49ms
[262.057s][info][gc,phases      ] GC(617)   Post Evacuate Collection Set: 0.49ms
[262.057s][info][gc,phases      ] GC(617)   Other: 0.09ms
[262.057s][info][gc,heap        ] GC(617) Eden regions: 236->0(246)
[262.057s][info][gc,heap        ] GC(617) Survivor regions: 1->1(30)
[262.057s][info][gc,heap        ] GC(617) Old regions: 656->656
[262.057s][info][gc,heap        ] GC(617) Humongous regions: 13->13
[262.057s][info][gc,metaspace   ] GC(617) Metaspace: 18590K(18752K)->18590K(18752K) NonClass: 16761K(16896K)->16761K(16896K) Class: 1828K(1856K)->1828K(1856K)
[262.057s][info][gc             ] GC(617) Pause Young (Normal) (G1 Evacuation Pause) 905M->669M(978M) 17.468ms
[262.057s][info][gc,cpu         ] GC(617) User=0.04s Sys=0.00s Real=0.02s
[262.183s][info][gc,marking     ] GC(611) Concurrent Rebuild Remembered Sets and Scrub Regions 852.948ms
[262.183s][info][gc,start       ] GC(611) Pause Cleanup
[262.184s][info][gc             ] GC(611) Pause Cleanup 725M->725M(978M) 0.166ms
[262.184s][info][gc,cpu         ] GC(611) User=0.00s Sys=0.00s Real=0.00s
[262.184s][info][gc,marking     ] GC(611) Concurrent Clear Claimed Marks
[262.184s][info][gc,marking     ] GC(611) Concurrent Clear Claimed Marks 0.039ms
[262.184s][info][gc,marking     ] GC(611) Concurrent Cleanup for Next Mark
[262.191s][info][gc,marking     ] GC(611) Concurrent Cleanup for Next Mark 6.828ms
[262.191s][info][gc             ] GC(611) Concurrent Mark Cycle 2816.291ms
[262.501s][info][gc,start       ] GC(618) Pause Young (Prepare Mixed) (G1 Evacuation Pause)
[262.501s][info][gc,task        ] GC(618) Using 2 workers of 2 for evacuation
[262.503s][info][gc,phases      ] GC(618)   Pre Evacuate Collection Set: 0.30ms
[262.503s][info][gc,phases      ] GC(618)   Merge Heap Roots: 0.09ms
[262.503s][info][gc,phases      ] GC(618)   Evacuate Collection Set: 0.24ms
[262.503s][info][gc,phases      ] GC(618)   Post Evacuate Collection Set: 0.46ms
[262.503s][info][gc,phases      ] GC(618)   Other: 0.12ms
[262.503s][info][gc,heap        ] GC(618) Eden regions: 246->0(257)
[262.503s][info][gc,heap        ] GC(618) Survivor regions: 1->1(31)
[262.503s][info][gc,heap        ] GC(618) Old regions: 656->656
[262.503s][info][gc,heap        ] GC(618) Humongous regions: 13->13
[262.503s][info][gc,metaspace   ] GC(618) Metaspace: 18590K(18752K)->18590K(18752K) NonClass: 16761K(16896K)->16761K(16896K) Class: 1828K(1856K)->1828K(1856K)
[262.503s][info][gc             ] GC(618) Pause Young (Prepare Mixed) (G1 Evacuation Pause) 915M->669M(978M) 1.477ms
[262.503s][info][gc,cpu         ] GC(618) User=0.00s Sys=0.00s Real=0.00s
[262.929s][info][gc,start       ] GC(619) Pause Young (Mixed) (G1 Evacuation Pause)
[262.929s][info][gc,task        ] GC(619) Using 2 workers of 2 for evacuation
[262.931s][info][gc,phases      ] GC(619)   Pre Evacuate Collection Set: 0.56ms
[262.931s][info][gc,phases      ] GC(619)   Merge Heap Roots: 0.13ms
[262.931s][info][gc,phases      ] GC(619)   Evacuate Collection Set: 0.31ms
[262.931s][info][gc,phases      ] GC(619)   Post Evacuate Collection Set: 0.45ms
[262.931s][info][gc,phases      ] GC(619)   Other: 0.11ms
[262.931s][info][gc,heap        ] GC(619) Eden regions: 257->0(265)
[262.931s][info][gc,heap        ] GC(619) Survivor regions: 1->1(33)
[262.931s][info][gc,heap        ] GC(619) Old regions: 656->648
[262.931s][info][gc,heap        ] GC(619) Humongous regions: 13->13
[262.931s][info][gc,metaspace   ] GC(619) Metaspace: 18590K(18752K)->18590K(18752K) NonClass: 16761K(16896K)->16761K(16896K) Class: 1828K(1856K)->1828K(1856K)
[262.931s][info][gc             ] GC(619) Pause Young (Mixed) (G1 Evacuation Pause) 926M->660M(978M) 1.789ms
[262.931s][info][gc,cpu         ] GC(619) User=0.00s Sys=0.00s Real=0.01s
[263.371s][info][gc,start       ] GC(620) Pause Young (Concurrent Start) (G1 Evacuation Pause)
[263.371s][info][gc,task        ] GC(620) Using 2 workers of 2 for evacuation
[263.373s][info][gc,phases      ] GC(620)   Pre Evacuate Collection Set: 0.39ms
[263.373s][info][gc,phases      ] GC(620)   Merge Heap Roots: 0.08ms
[263.373s][info][gc,phases      ] GC(620)   Evacuate Collection Set: 0.53ms
[263.373s][info][gc,phases      ] GC(620)   Post Evacuate Collection Set: 0.48ms
[263.373s][info][gc,phases      ] GC(620)   Other: 0.24ms
[263.373s][info][gc,heap        ] GC(620) Eden regions: 265->0(265)
[263.373s][info][gc,heap        ] GC(620) Survivor regions: 1->1(34)
[263.373s][info][gc,heap        ] GC(620) Old regions: 648->648
[263.373s][info][gc,heap        ] GC(620) Humongous regions: 13->13
[263.373s][info][gc,metaspace   ] GC(620) Metaspace: 18590K(18752K)->18590K(18752K) NonClass: 16761K(16896K)->16761K(16896K) Class: 1828K(1856K)->1828K(1856K)
[263.373s][info][gc             ] GC(620) Pause Young (Concurrent Start) (G1 Evacuation Pause) 925M->660M(978M) 1.962ms
[263.373s][info][gc,cpu         ] GC(620) User=0.00s Sys=0.00s Real=0.00s
[263.373s][info][gc             ] GC(621) Concurrent Mark Cycle
[263.373s][info][gc,marking     ] GC(621) Concurrent Scan Root Regions
[263.377s][info][gc,marking     ] GC(621) Concurrent Scan Root Regions 4.507ms
[263.377s][info][gc,marking     ] GC(621) Concurrent Mark
[263.377s][info][gc,marking     ] GC(621) Concurrent Mark From Roots
[263.377s][info][gc,task        ] GC(621) Using 1 workers of 1 for marking
[264.245s][info][gc,start       ] GC(622) Pause Young (Normal) (G1 Evacuation Pause)
[264.245s][info][gc,task        ] GC(622) Using 2 workers of 2 for evacuation
[264.274s][info][gc,phases      ] GC(622)   Pre Evacuate Collection Set: 0.30ms
[264.274s][info][gc,phases      ] GC(622)   Merge Heap Roots: 0.18ms
[264.274s][info][gc,phases      ] GC(622)   Evacuate Collection Set: 27.49ms
[264.274s][info][gc,phases      ] GC(622)   Post Evacuate Collection Set: 0.54ms
[264.274s][info][gc,phases      ] GC(622)   Other: 0.11ms
[264.274s][info][gc,heap        ] GC(622) Eden regions: 265->0(227)
[264.274s][info][gc,heap        ] GC(622) Survivor regions: 1->20(34)
[264.274s][info][gc,heap        ] GC(622) Old regions: 648->648
[264.274s][info][gc,heap        ] GC(622) Humongous regions: 13->13
[264.274s][info][gc,metaspace   ] GC(622) Metaspace: 18590K(18752K)->18590K(18752K) NonClass: 16761K(16896K)->16761K(16896K) Class: 1828K(1856K)->1828K(1856K)
[264.274s][info][gc             ] GC(622) Pause Young (Normal) (G1 Evacuation Pause) 925M->680M(978M) 28.885ms
[264.274s][info][gc,cpu         ] GC(622) User=0.06s Sys=0.00s Real=0.03s
[264.707s][info][gc,start       ] GC(623) Pause Young (Normal) (G1 Evacuation Pause)
[264.707s][info][gc,task        ] GC(623) Using 2 workers of 2 for evacuation
[264.748s][info][gc,phases      ] GC(623)   Pre Evacuate Collection Set: 0.32ms
[264.748s][info][gc,phases      ] GC(623)   Merge Heap Roots: 0.18ms
[264.748s][info][gc,phases      ] GC(623)   Evacuate Collection Set: 39.87ms
[264.748s][info][gc,phases      ] GC(623)   Post Evacuate Collection Set: 0.52ms
[264.748s][info][gc,phases      ] GC(623)   Other: 0.11ms
[264.748s][info][gc,heap        ] GC(623) Eden regions: 227->0(220)
[264.748s][info][gc,heap        ] GC(623) Survivor regions: 20->14(31)
[264.748s][info][gc,heap        ] GC(623) Old regions: 648->667
[264.748s][info][gc,heap        ] GC(623) Humongous regions: 13->13
[264.748s][info][gc,metaspace   ] GC(623) Metaspace: 18590K(18752K)->18590K(18752K) NonClass: 16761K(16896K)->16761K(16896K) Class: 1828K(1856K)->1828K(1856K)
[264.748s][info][gc             ] GC(623) Pause Young (Normal) (G1 Evacuation Pause) 907M->693M(978M) 41.244ms
[264.748s][info][gc,cpu         ] GC(623) User=0.08s Sys=0.00s Real=0.04s
[265.078s][info][gc,marking     ] GC(621) Concurrent Mark From Roots 1700.436ms
[265.078s][info][gc,marking     ] GC(621) Concurrent Preclean
[265.078s][info][gc,marking     ] GC(621) Concurrent Preclean 0.054ms
[265.078s][info][gc,start       ] GC(621) Pause Remark
[265.087s][info][gc             ] GC(621) Pause Remark 846M->750M(978M) 8.467ms
[265.087s][info][gc,cpu         ] GC(621) User=0.02s Sys=0.00s Real=0.01s
[265.087s][info][gc,marking     ] GC(621) Concurrent Mark 1710.013ms
[265.088s][info][gc,marking     ] GC(621) Concurrent Rebuild Remembered Sets and Scrub Regions
[265.251s][info][gc,start       ] GC(624) Pause Young (Normal) (G1 Evacuation Pause)
[265.251s][info][gc,task        ] GC(624) Using 2 workers of 2 for evacuation
[265.281s][info][gc,phases      ] GC(624)   Pre Evacuate Collection Set: 0.32ms
[265.281s][info][gc,phases      ] GC(624)   Merge Heap Roots: 0.21ms
[265.281s][info][gc,phases      ] GC(624)   Evacuate Collection Set: 28.09ms
[265.281s][info][gc,phases      ] GC(624)   Post Evacuate Collection Set: 0.51ms
[265.281s][info][gc,phases      ] GC(624)   Other: 0.10ms
[265.281s][info][gc,heap        ] GC(624) Eden regions: 220->0(302)
[265.281s][info][gc,heap        ] GC(624) Survivor regions: 14->21(30)
[265.281s][info][gc,heap        ] GC(624) Old regions: 577->577
[265.281s][info][gc,heap        ] GC(624) Humongous regions: 7->7
[265.281s][info][gc,metaspace   ] GC(624) Metaspace: 18594K(18752K)->18594K(18752K) NonClass: 16765K(16896K)->16765K(16896K) Class: 1828K(1856K)->1828K(1856K)
[265.281s][info][gc             ] GC(624) Pause Young (Normal) (G1 Evacuation Pause) 817M->604M(978M) 29.497ms
[265.281s][info][gc,cpu         ] GC(624) User=0.05s Sys=0.00s Real=0.03s
[265.543s][info][gc,marking     ] GC(621) Concurrent Rebuild Remembered Sets and Scrub Regions 455.418ms
[265.543s][info][gc,start       ] GC(621) Pause Cleanup
[265.543s][info][gc             ] GC(621) Pause Cleanup 729M->729M(978M) 0.158ms
[265.543s][info][gc,cpu         ] GC(621) User=0.00s Sys=0.00s Real=0.00s
[265.544s][info][gc,marking     ] GC(621) Concurrent Clear Claimed Marks
[265.544s][info][gc,marking     ] GC(621) Concurrent Clear Claimed Marks 0.031ms
[265.544s][info][gc,marking     ] GC(621) Concurrent Cleanup for Next Mark
[265.549s][info][gc,marking     ] GC(621) Concurrent Cleanup for Next Mark 5.044ms
[265.549s][info][gc             ] GC(621) Concurrent Mark Cycle 2175.829ms
[265.957s][info][gc,start       ] GC(625) Pause Young (Prepare Mixed) (G1 Evacuation Pause)
[265.957s][info][gc,task        ] GC(625) Using 2 workers of 2 for evacuation
[265.988s][info][gc,phases      ] GC(625)   Pre Evacuate Collection Set: 0.55ms
[265.988s][info][gc,phases      ] GC(625)   Merge Heap Roots: 0.26ms
[265.988s][info][gc,phases      ] GC(625)   Evacuate Collection Set: 29.90ms
[265.988s][info][gc,phases      ] GC(625)   Post Evacuate Collection Set: 0.62ms
[265.988s][info][gc,phases      ] GC(625)   Other: 0.10ms
[265.988s][info][gc,heap        ] GC(625) Eden regions: 302->0(296)
[265.988s][info][gc,heap        ] GC(625) Survivor regions: 21->24(41)
[265.988s][info][gc,heap        ] GC(625) Old regions: 577->577
[265.988s][info][gc,heap        ] GC(625) Humongous regions: 7->7
[265.988s][info][gc,metaspace   ] GC(625) Metaspace: 18594K(18752K)->18594K(18752K) NonClass: 16765K(16896K)->16765K(16896K) Class: 1828K(1856K)->1828K(1856K)
[265.988s][info][gc             ] GC(625) Pause Young (Prepare Mixed) (G1 Evacuation Pause) 906M->607M(978M) 31.714ms
[265.988s][info][gc,cpu         ] GC(625) User=0.06s Sys=0.00s Real=0.03s
[266.653s][info][gc,start       ] GC(626) Pause Young (Mixed) (G1 Evacuation Pause)
[266.653s][info][gc,task        ] GC(626) Using 2 workers of 2 for evacuation
[266.686s][info][gc,phases      ] GC(626)   Pre Evacuate Collection Set: 0.41ms
[266.686s][info][gc,phases      ] GC(626)   Merge Heap Roots: 0.27ms
[266.686s][info][gc,phases      ] GC(626)   Evacuate Collection Set: 31.35ms
[266.686s][info][gc,phases      ] GC(626)   Post Evacuate Collection Set: 0.68ms
[266.686s][info][gc,phases      ] GC(626)   Other: 0.12ms
[266.686s][info][gc,heap        ] GC(626) Eden regions: 296->0(373)
[266.686s][info][gc,heap        ] GC(626) Survivor regions: 24->11(40)
[266.686s][info][gc,heap        ] GC(626) Old regions: 577->526
[266.686s][info][gc,heap        ] GC(626) Humongous regions: 7->7
[266.686s][info][gc,metaspace   ] GC(626) Metaspace: 18594K(18752K)->18594K(18752K) NonClass: 16765K(16896K)->16765K(16896K) Class: 1828K(1856K)->1828K(1856K)
[266.686s][info][gc             ] GC(626) Pause Young (Mixed) (G1 Evacuation Pause) 903M->543M(978M) 33.113ms
[266.686s][info][gc,cpu         ] GC(626) User=0.06s Sys=0.00s Real=0.03s
[267.233s][info][gc,start       ] GC(627) Pause Young (Concurrent Start) (G1 Evacuation Pause)
[267.234s][info][gc,task        ] GC(627) Using 2 workers of 2 for evacuation
[267.289s][info][gc,phases      ] GC(627)   Pre Evacuate Collection Set: 0.37ms
[267.289s][info][gc,phases      ] GC(627)   Merge Heap Roots: 0.25ms
[267.289s][info][gc,phases      ] GC(627)   Evacuate Collection Set: 54.01ms
[267.289s][info][gc,phases      ] GC(627)   Post Evacuate Collection Set: 0.76ms
[267.289s][info][gc,phases      ] GC(627)   Other: 0.24ms
[267.289s][info][gc,heap        ] GC(627) Eden regions: 373->0(299)
[267.289s][info][gc,heap        ] GC(627) Survivor regions: 11->48(48)
[267.289s][info][gc,heap        ] GC(627) Old regions: 526->526
[267.289s][info][gc,heap        ] GC(627) Humongous regions: 7->7
[267.289s][info][gc,metaspace   ] GC(627) Metaspace: 18594K(18752K)->18594K(18752K) NonClass: 16765K(16896K)->16765K(16896K) Class: 1828K(1856K)->1828K(1856K)
[267.289s][info][gc             ] GC(627) Pause Young (Concurrent Start) (G1 Evacuation Pause) 916M->580M(978M) 55.907ms
[267.289s][info][gc             ] GC(628) Concurrent Mark Cycle
[267.289s][info][gc,marking     ] GC(628) Concurrent Scan Root Regions
[267.289s][info][gc,cpu         ] GC(627) User=0.10s Sys=0.00s Real=0.05s
[267.361s][info][gc,marking     ] GC(628) Concurrent Scan Root Regions 71.688ms
[267.361s][info][gc,marking     ] GC(628) Concurrent Mark
[267.361s][info][gc,marking     ] GC(628) Concurrent Mark From Roots
[267.361s][info][gc,task        ] GC(628) Using 1 workers of 1 for marking
[268.263s][info][gc,start       ] GC(629) Pause Young (Normal) (G1 Evacuation Pause)
[268.263s][info][gc,task        ] GC(629) Using 2 workers of 2 for evacuation
[268.378s][info][gc,phases      ] GC(629)   Pre Evacuate Collection Set: 0.35ms
[268.378s][info][gc,phases      ] GC(629)   Merge Heap Roots: 0.24ms
[268.378s][info][gc,phases      ] GC(629)   Evacuate Collection Set: 113.23ms
[268.378s][info][gc,phases      ] GC(629)   Post Evacuate Collection Set: 0.67ms
[268.378s][info][gc,phases      ] GC(629)   Other: 0.10ms
[268.378s][info][gc,heap        ] GC(629) Eden regions: 299->0(255)
[268.378s][info][gc,heap        ] GC(629) Survivor regions: 48->44(44)
[268.378s][info][gc,heap        ] GC(629) Old regions: 526->575
[268.378s][info][gc,heap        ] GC(629) Humongous regions: 10->10
[268.378s][info][gc,metaspace   ] GC(629) Metaspace: 18606K(18752K)->18606K(18752K) NonClass: 16777K(16896K)->16777K(16896K) Class: 1828K(1856K)->1828K(1856K)
[268.378s][info][gc             ] GC(629) Pause Young (Normal) (G1 Evacuation Pause) 882M->628M(978M) 114.861ms
[268.378s][info][gc,cpu         ] GC(629) User=0.22s Sys=0.00s Real=0.11s
[269.193s][info][gc,marking     ] GC(628) Concurrent Mark From Roots 1832.035ms
[269.193s][info][gc,marking     ] GC(628) Concurrent Preclean
[269.193s][info][gc,marking     ] GC(628) Concurrent Preclean 0.036ms
[269.193s][info][gc,start       ] GC(628) Pause Remark
[269.201s][info][gc             ] GC(628) Pause Remark 831M->831M(978M) 8.053ms
[269.202s][info][gc,cpu         ] GC(628) User=0.02s Sys=0.00s Real=0.01s
[269.202s][info][gc,marking     ] GC(628) Concurrent Mark 1840.435ms
[269.202s][info][gc,marking     ] GC(628) Concurrent Rebuild Remembered Sets and Scrub Regions
[269.358s][info][gc,start       ] GC(630) Pause Young (Normal) (G1 Evacuation Pause)
[269.358s][info][gc,task        ] GC(630) Using 2 workers of 2 for evacuation
[269.413s][info][gc,phases      ] GC(630)   Pre Evacuate Collection Set: 0.37ms
[269.413s][info][gc,phases      ] GC(630)   Merge Heap Roots: 0.26ms
[269.413s][info][gc,phases      ] GC(630)   Evacuate Collection Set: 53.05ms
[269.413s][info][gc,phases      ] GC(630)   Post Evacuate Collection Set: 0.53ms
[269.413s][info][gc,phases      ] GC(630)   Other: 0.09ms
[269.413s][info][gc,heap        ] GC(630) Eden regions: 255->0(283)
[269.413s][info][gc,heap        ] GC(630) Survivor regions: 44->1(38)
[269.413s][info][gc,heap        ] GC(630) Old regions: 575->620
[269.413s][info][gc,heap        ] GC(630) Humongous regions: 10->10
[269.413s][info][gc,metaspace   ] GC(630) Metaspace: 18606K(18752K)->18606K(18752K) NonClass: 16777K(16896K)->16777K(16896K) Class: 1828K(1856K)->1828K(1856K)
[269.413s][info][gc             ] GC(630) Pause Young (Normal) (G1 Evacuation Pause) 883M->630M(978M) 54.580ms
[269.413s][info][gc,cpu         ] GC(630) User=0.10s Sys=0.00s Real=0.06s
[269.811s][info][gc,marking     ] GC(628) Concurrent Rebuild Remembered Sets and Scrub Regions 609.605ms
[269.811s][info][gc,start       ] GC(628) Pause Cleanup
[269.812s][info][gc             ] GC(628) Pause Cleanup 795M->795M(978M) 0.130ms
[269.812s][info][gc,cpu         ] GC(628) User=0.00s Sys=0.00s Real=0.00s
[269.813s][info][gc,marking     ] GC(628) Concurrent Clear Claimed Marks
[269.813s][info][gc,marking     ] GC(628) Concurrent Clear Claimed Marks 0.044ms
[269.813s][info][gc,marking     ] GC(628) Concurrent Cleanup for Next Mark
[269.818s][info][gc,marking     ] GC(628) Concurrent Cleanup for Next Mark 5.099ms
[269.818s][info][gc             ] GC(628) Concurrent Mark Cycle 2528.968ms
[270.008s][info][gc,start       ] GC(631) Pause Young (Prepare Mixed) (G1 Evacuation Pause)
[270.008s][info][gc,task        ] GC(631) Using 2 workers of 2 for evacuation
[270.009s][info][gc,phases      ] GC(631)   Pre Evacuate Collection Set: 0.56ms
[270.009s][info][gc,phases      ] GC(631)   Merge Heap Roots: 0.12ms
[270.009s][info][gc,phases      ] GC(631)   Evacuate Collection Set: 0.24ms
[270.009s][info][gc,phases      ] GC(631)   Post Evacuate Collection Set: 0.46ms
[270.009s][info][gc,phases      ] GC(631)   Other: 0.10ms
[270.009s][info][gc,heap        ] GC(631) Eden regions: 283->0(292)
[270.009s][info][gc,heap        ] GC(631) Survivor regions: 1->1(36)
[270.009s][info][gc,heap        ] GC(631) Old regions: 620->620
[270.009s][info][gc,heap        ] GC(631) Humongous regions: 10->10
[270.009s][info][gc,metaspace   ] GC(631) Metaspace: 18606K(18752K)->18606K(18752K) NonClass: 16777K(16896K)->16777K(16896K) Class: 1828K(1856K)->1828K(1856K)
[270.009s][info][gc             ] GC(631) Pause Young (Prepare Mixed) (G1 Evacuation Pause) 913M->630M(978M) 1.715ms
[270.009s][info][gc,cpu         ] GC(631) User=0.01s Sys=0.00s Real=0.00s
[270.485s][info][gc,start       ] GC(632) Pause Young (Mixed) (G1 Evacuation Pause)
[270.485s][info][gc,task        ] GC(632) Using 2 workers of 2 for evacuation
[270.487s][info][gc,phases      ] GC(632)   Pre Evacuate Collection Set: 0.58ms
[270.487s][info][gc,phases      ] GC(632)   Merge Heap Roots: 0.15ms
[270.487s][info][gc,phases      ] GC(632)   Evacuate Collection Set: 0.89ms
[270.487s][info][gc,phases      ] GC(632)   Post Evacuate Collection Set: 0.47ms
[270.487s][info][gc,phases      ] GC(632)   Other: 0.09ms
[270.487s][info][gc,heap        ] GC(632) Eden regions: 292->0(306)
[270.487s][info][gc,heap        ] GC(632) Survivor regions: 1->1(37)
[270.487s][info][gc,heap        ] GC(632) Old regions: 620->610
[270.487s][info][gc,heap        ] GC(632) Humongous regions: 10->10
[270.487s][info][gc,metaspace   ] GC(632) Metaspace: 18606K(18752K)->18606K(18752K) NonClass: 16777K(16896K)->16777K(16896K) Class: 1828K(1856K)->1828K(1856K)
[270.487s][info][gc             ] GC(632) Pause Young (Mixed) (G1 Evacuation Pause) 922M->620M(978M) 2.421ms
[270.487s][info][gc,cpu         ] GC(632) User=0.00s Sys=0.00s Real=0.00s
[270.850s][info][gc,start       ] GC(633) Pause Young (Concurrent Start) (G1 Evacuation Pause)
[270.850s][info][gc,task        ] GC(633) Using 2 workers of 2 for evacuation
[270.906s][info][gc,phases      ] GC(633)   Pre Evacuate Collection Set: 0.38ms
[270.906s][info][gc,phases      ] GC(633)   Merge Heap Roots: 0.37ms
[270.906s][info][gc,phases      ] GC(633)   Evacuate Collection Set: 54.47ms
[270.906s][info][gc,phases      ] GC(633)   Post Evacuate Collection Set: 0.66ms
[270.906s][info][gc,phases      ] GC(633)   Other: 0.13ms
[270.906s][info][gc,heap        ] GC(633) Eden regions: 306->0(232)
[270.906s][info][gc,heap        ] GC(633) Survivor regions: 1->38(39)
[270.906s][info][gc,heap        ] GC(633) Old regions: 610->610
[270.906s][info][gc,heap        ] GC(633) Humongous regions: 10->10
[270.906s][info][gc,metaspace   ] GC(633) Metaspace: 18610K(18752K)->18610K(18752K) NonClass: 16781K(16896K)->16781K(16896K) Class: 1828K(1856K)->1828K(1856K)
[270.906s][info][gc             ] GC(633) Pause Young (Concurrent Start) (G1 Evacuation Pause) 926M->656M(978M) 56.254ms
[270.906s][info][gc,cpu         ] GC(633) User=0.11s Sys=0.00s Real=0.06s
[270.906s][info][gc             ] GC(634) Concurrent Mark Cycle
[270.906s][info][gc,marking     ] GC(634) Concurrent Scan Root Regions
[270.969s][info][gc,marking     ] GC(634) Concurrent Scan Root Regions 63.530ms
[270.970s][info][gc,marking     ] GC(634) Concurrent Mark
[270.970s][info][gc,marking     ] GC(634) Concurrent Mark From Roots
[270.970s][info][gc,task        ] GC(634) Using 1 workers of 1 for marking
[271.194s][info][gc,start       ] GC(635) Pause Young (Normal) (G1 Evacuation Pause)
[271.194s][info][gc,task        ] GC(635) Using 2 workers of 2 for evacuation
[271.281s][info][gc,phases      ] GC(635)   Pre Evacuate Collection Set: 0.45ms
[271.281s][info][gc,phases      ] GC(635)   Merge Heap Roots: 0.35ms
[271.281s][info][gc,phases      ] GC(635)   Evacuate Collection Set: 84.93ms
[271.281s][info][gc,phases      ] GC(635)   Post Evacuate Collection Set: 0.60ms
[271.281s][info][gc,phases      ] GC(635)   Other: 0.13ms
[271.281s][info][gc,heap        ] GC(635) Eden regions: 232->0(222)
[271.281s][info][gc,heap        ] GC(635) Survivor regions: 38->24(34)
[271.281s][info][gc,heap        ] GC(635) Old regions: 610->648
[271.281s][info][gc,heap        ] GC(635) Humongous regions: 10->10
[271.281s][info][gc,metaspace   ] GC(635) Metaspace: 18610K(18752K)->18610K(18752K) NonClass: 16781K(16896K)->16781K(16896K) Class: 1828K(1856K)->1828K(1856K)
[271.281s][info][gc             ] GC(635) Pause Young (Normal) (G1 Evacuation Pause) 888M->681M(978M) 86.763ms
[271.281s][info][gc,cpu         ] GC(635) User=0.17s Sys=0.00s Real=0.09s
[271.562s][info][gc,start       ] GC(636) Pause Young (Normal) (G1 Evacuation Pause)
[271.563s][info][gc,task        ] GC(636) Using 2 workers of 2 for evacuation
[271.616s][info][gc,phases      ] GC(636)   Pre Evacuate Collection Set: 0.32ms
[271.616s][info][gc,phases      ] GC(636)   Merge Heap Roots: 0.28ms
[271.616s][info][gc,phases      ] GC(636)   Evacuate Collection Set: 52.44ms
[271.616s][info][gc,phases      ] GC(636)   Post Evacuate Collection Set: 0.54ms
[271.616s][info][gc,phases      ] GC(636)   Other: 0.09ms
[271.616s][info][gc,heap        ] GC(636) Eden regions: 222->0(214)
[271.616s][info][gc,heap        ] GC(636) Survivor regions: 24->16(31)
[271.616s][info][gc,heap        ] GC(636) Old regions: 648->672
[271.616s][info][gc,heap        ] GC(636) Humongous regions: 10->10
[271.616s][info][gc,metaspace   ] GC(636) Metaspace: 18612K(18752K)->18612K(18752K) NonClass: 16783K(16896K)->16783K(16896K) Class: 1828K(1856K)->1828K(1856K)
[271.616s][info][gc             ] GC(636) Pause Young (Normal) (G1 Evacuation Pause) 903M->697M(978M) 53.944ms
[271.616s][info][gc,cpu         ] GC(636) User=0.11s Sys=0.00s Real=0.05s
[271.963s][info][gc,start       ] GC(637) Pause Young (Normal) (G1 Evacuation Pause)
[271.963s][info][gc,task        ] GC(637) Using 2 workers of 2 for evacuation
[272.039s][info][gc,phases      ] GC(637)   Pre Evacuate Collection Set: 0.60ms
[272.039s][info][gc,phases      ] GC(637)   Merge Heap Roots: 0.35ms
[272.039s][info][gc,phases      ] GC(637)   Evacuate Collection Set: 73.88ms
[272.039s][info][gc,phases      ] GC(637)   Post Evacuate Collection Set: 0.56ms
[272.039s][info][gc,phases      ] GC(637)   Other: 0.10ms
[272.039s][info][gc,heap        ] GC(637) Eden regions: 214->0(163)
[272.039s][info][gc,heap        ] GC(637) Survivor regions: 16->29(29)
[272.039s][info][gc,heap        ] GC(637) Old regions: 672->697
[272.039s][info][gc,heap        ] GC(637) Humongous regions: 10->10
[272.039s][info][gc,metaspace   ] GC(637) Metaspace: 18615K(18752K)->18615K(18752K) NonClass: 16786K(16896K)->16786K(16896K) Class: 1828K(1856K)->1828K(1856K)
[272.039s][info][gc             ] GC(637) Pause Young (Normal) (G1 Evacuation Pause) 911M->735M(978M) 75.772ms
[272.039s][info][gc,cpu         ] GC(637) User=0.15s Sys=0.00s Real=0.07s
[272.279s][info][gc,start       ] GC(638) Pause Young (Normal) (G1 Evacuation Pause)
[272.279s][info][gc,task        ] GC(638) Using 2 workers of 2 for evacuation
[272.326s][info][gc,phases      ] GC(638)   Pre Evacuate Collection Set: 0.55ms
[272.326s][info][gc,phases      ] GC(638)   Merge Heap Roots: 0.23ms
[272.326s][info][gc,phases      ] GC(638)   Evacuate Collection Set: 46.21ms
[272.326s][info][gc,phases      ] GC(638)   Post Evacuate Collection Set: 0.49ms
[272.326s][info][gc,phases      ] GC(638)   Other: 0.09ms
[272.326s][info][gc,heap        ] GC(638) Eden regions: 163->0(176)
[272.326s][info][gc,heap        ] GC(638) Survivor regions: 29->8(24)
[272.326s][info][gc,heap        ] GC(638) Old regions: 697->726
[272.326s][info][gc,heap        ] GC(638) Humongous regions: 10->10
[272.326s][info][gc,metaspace   ] GC(638) Metaspace: 18618K(18752K)->18618K(18752K) NonClass: 16789K(16896K)->16789K(16896K) Class: 1828K(1856K)->1828K(1856K)
[272.326s][info][gc             ] GC(638) Pause Young (Normal) (G1 Evacuation Pause) 898M->743M(978M) 47.827ms
[272.326s][info][gc,cpu         ] GC(638) User=0.10s Sys=0.00s Real=0.05s
[272.631s][info][gc,start       ] GC(639) Pause Young (Normal) (G1 Evacuation Pause)
[272.631s][info][gc,task        ] GC(639) Using 2 workers of 2 for evacuation
[272.653s][info][gc,phases      ] GC(639)   Pre Evacuate Collection Set: 0.33ms
[272.653s][info][gc,phases      ] GC(639)   Merge Heap Roots: 0.31ms
[272.653s][info][gc,phases      ] GC(639)   Evacuate Collection Set: 20.72ms
[272.653s][info][gc,phases      ] GC(639)   Post Evacuate Collection Set: 0.48ms
[272.653s][info][gc,phases      ] GC(639)   Other: 0.11ms
[272.653s][info][gc,heap        ] GC(639) Eden regions: 176->0(174)
[272.653s][info][gc,heap        ] GC(639) Survivor regions: 8->9(23)
[272.653s][info][gc,heap        ] GC(639) Old regions: 726->726
[272.653s][info][gc,heap        ] GC(639) Humongous regions: 10->10
[272.653s][info][gc,metaspace   ] GC(639) Metaspace: 18621K(18752K)->18621K(18752K) NonClass: 16792K(16896K)->16792K(16896K) Class: 1828K(1856K)->1828K(1856K)
[272.653s][info][gc             ] GC(639) Pause Young (Normal) (G1 Evacuation Pause) 919M->744M(978M) 22.206ms
[272.653s][info][gc,cpu         ] GC(639) User=0.04s Sys=0.00s Real=0.02s
[272.940s][info][gc,marking     ] GC(634) Concurrent Mark From Roots 1970.785ms
[272.940s][info][gc,marking     ] GC(634) Concurrent Preclean
[272.940s][info][gc,marking     ] GC(634) Concurrent Preclean 0.038ms
[272.941s][info][gc,start       ] GC(634) Pause Remark
[272.949s][info][gc             ] GC(634) Pause Remark 900M->833M(978M) 8.119ms
[272.949s][info][gc,cpu         ] GC(634) User=0.02s Sys=0.00s Real=0.00s
[272.949s][info][gc,marking     ] GC(634) Concurrent Mark 1979.301ms
[272.949s][info][gc,marking     ] GC(634) Concurrent Rebuild Remembered Sets and Scrub Regions
[272.993s][info][gc,start       ] GC(640) Pause Young (Normal) (G1 Evacuation Pause)
[272.993s][info][gc,task        ] GC(640) Using 2 workers of 2 for evacuation
[273.021s][info][gc,phases      ] GC(640)   Pre Evacuate Collection Set: 0.55ms
[273.021s][info][gc,phases      ] GC(640)   Merge Heap Roots: 0.33ms
[273.021s][info][gc,phases      ] GC(640)   Evacuate Collection Set: 26.97ms
[273.021s][info][gc,phases      ] GC(640)   Post Evacuate Collection Set: 0.47ms
[273.021s][info][gc,phases      ] GC(640)   Other: 0.09ms
[273.021s][info][gc,heap        ] GC(640) Eden regions: 174->0(235)
[273.021s][info][gc,heap        ] GC(640) Survivor regions: 9->12(23)
[273.021s][info][gc,heap        ] GC(640) Old regions: 662->662
[273.021s][info][gc,heap        ] GC(640) Humongous regions: 7->7
[273.021s][info][gc,metaspace   ] GC(640) Metaspace: 18636K(18752K)->18636K(18752K) NonClass: 16807K(16896K)->16807K(16896K) Class: 1828K(1856K)->1828K(1856K)
[273.022s][info][gc             ] GC(640) Pause Young (Normal) (G1 Evacuation Pause) 851M->680M(978M) 28.683ms
[273.022s][info][gc,cpu         ] GC(640) User=0.06s Sys=0.00s Real=0.03s
[273.397s][info][gc,start       ] GC(641) Pause Young (Normal) (G1 Evacuation Pause)
[273.397s][info][gc,task        ] GC(641) Using 2 workers of 2 for evacuation
[273.419s][info][gc,phases      ] GC(641)   Pre Evacuate Collection Set: 0.32ms
[273.419s][info][gc,phases      ] GC(641)   Merge Heap Roots: 0.24ms
[273.419s][info][gc,phases      ] GC(641)   Evacuate Collection Set: 20.43ms
[273.419s][info][gc,phases      ] GC(641)   Post Evacuate Collection Set: 0.56ms
[273.419s][info][gc,phases      ] GC(641)   Other: 0.10ms
[273.419s][info][gc,heap        ] GC(641) Eden regions: 235->0(231)
[273.419s][info][gc,heap        ] GC(641) Survivor regions: 12->14(31)
[273.419s][info][gc,heap        ] GC(641) Old regions: 662->662
[273.419s][info][gc,heap        ] GC(641) Humongous regions: 7->7
[273.419s][info][gc,metaspace   ] GC(641) Metaspace: 18645K(18816K)->18645K(18816K) NonClass: 16816K(16960K)->16816K(16960K) Class: 1828K(1856K)->1828K(1856K)
[273.419s][info][gc             ] GC(641) Pause Young (Normal) (G1 Evacuation Pause) 915M->682M(978M) 21.923ms
[273.419s][info][gc,cpu         ] GC(641) User=0.04s Sys=0.00s Real=0.02s
[273.764s][info][gc,marking     ] GC(634) Concurrent Rebuild Remembered Sets and Scrub Regions 814.739ms
[273.764s][info][gc,start       ] GC(634) Pause Cleanup
[273.764s][info][gc             ] GC(634) Pause Cleanup 823M->823M(978M) 0.153ms
[273.764s][info][gc,cpu         ] GC(634) User=0.00s Sys=0.00s Real=0.00s
[273.764s][info][gc,marking     ] GC(634) Concurrent Clear Claimed Marks
[273.764s][info][gc,marking     ] GC(634) Concurrent Clear Claimed Marks 0.029ms
[273.764s][info][gc,marking     ] GC(634) Concurrent Cleanup for Next Mark
[273.767s][info][gc,marking     ] GC(634) Concurrent Cleanup for Next Mark 2.984ms
[273.767s][info][gc             ] GC(634) Concurrent Mark Cycle 2861.237ms
[273.944s][info][gc,start       ] GC(642) Pause Young (Prepare Mixed) (G1 Evacuation Pause)
[273.944s][info][gc,task        ] GC(642) Using 2 workers of 2 for evacuation
[274.021s][info][gc,phases      ] GC(642)   Pre Evacuate Collection Set: 0.32ms
[274.021s][info][gc,phases      ] GC(642)   Merge Heap Roots: 0.34ms
[274.021s][info][gc,phases      ] GC(642)   Evacuate Collection Set: 75.06ms
[274.021s][info][gc,phases      ] GC(642)   Post Evacuate Collection Set: 0.73ms
[274.021s][info][gc,phases      ] GC(642)   Other: 0.09ms
[274.021s][info][gc,heap        ] GC(642) Eden regions: 231->0(166)
[274.021s][info][gc,heap        ] GC(642) Survivor regions: 14->31(31)
[274.021s][info][gc,heap        ] GC(642) Old regions: 662->693
[274.021s][info][gc,heap        ] GC(642) Humongous regions: 7->7
[274.021s][info][gc,metaspace   ] GC(642) Metaspace: 18646K(18816K)->18646K(18816K) NonClass: 16817K(16960K)->16817K(16960K) Class: 1828K(1856K)->1828K(1856K)
[274.021s][info][gc             ] GC(642) Pause Young (Prepare Mixed) (G1 Evacuation Pause) 913M->730M(978M) 76.792ms
[274.021s][info][gc,cpu         ] GC(642) User=0.15s Sys=0.00s Real=0.08s
[274.194s][info][gc,start       ] GC(643) Pause Young (Mixed) (G1 Evacuation Pause)
[274.194s][info][gc,task        ] GC(643) Using 2 workers of 2 for evacuation
[274.343s][info][gc,phases      ] GC(643)   Pre Evacuate Collection Set: 0.61ms
[274.343s][info][gc,phases      ] GC(643)   Merge Heap Roots: 1.08ms
[274.343s][info][gc,phases      ] GC(643)   Evacuate Collection Set: 139.79ms
[274.343s][info][gc,phases      ] GC(643)   Post Evacuate Collection Set: 7.29ms
[274.343s][info][gc,phases      ] GC(643)   Other: 0.10ms
[274.343s][info][gc,heap        ] GC(643) Eden regions: 166->0(128)
[274.343s][info][gc,heap        ] GC(643) Survivor regions: 31->25(25)
[274.343s][info][gc,heap        ] GC(643) Old regions: 693->743
[274.343s][info][gc,heap        ] GC(643) Humongous regions: 7->7
[274.343s][info][gc,metaspace   ] GC(643) Metaspace: 18646K(18816K)->18646K(18816K) NonClass: 16817K(16960K)->16817K(16960K) Class: 1828K(1856K)->1828K(1856K)
[274.343s][info][gc             ] GC(643) Pause Young (Mixed) (G1 Evacuation Pause) (Evacuation Failure: Allocation) 896M->774M(978M) 149.121ms
[274.343s][info][gc,cpu         ] GC(643) User=0.29s Sys=0.00s Real=0.15s
[274.459s][info][gc,start       ] GC(644) Pause Young (Mixed) (G1 Evacuation Pause)
[274.459s][info][gc,task        ] GC(644) Using 2 workers of 2 for evacuation
[274.528s][info][gc,phases      ] GC(644)   Pre Evacuate Collection Set: 0.61ms
[274.528s][info][gc,phases      ] GC(644)   Merge Heap Roots: 0.51ms
[274.528s][info][gc,phases      ] GC(644)   Evacuate Collection Set: 67.32ms
[274.528s][info][gc,phases      ] GC(644)   Post Evacuate Collection Set: 0.51ms
[274.528s][info][gc,phases      ] GC(644)   Other: 0.11ms
[274.528s][info][gc,heap        ] GC(644) Eden regions: 128->0(175)
[274.528s][info][gc,heap        ] GC(644) Survivor regions: 25->5(20)
[274.528s][info][gc,heap        ] GC(644) Old regions: 743->720
[274.528s][info][gc,heap        ] GC(644) Humongous regions: 7->7
[274.528s][info][gc,metaspace   ] GC(644) Metaspace: 18646K(18816K)->18646K(18816K) NonClass: 16817K(16960K)->16817K(16960K) Class: 1828K(1856K)->1828K(1856K)
[274.528s][info][gc             ] GC(644) Pause Young (Mixed) (G1 Evacuation Pause) 902M->731M(978M) 69.368ms
[274.528s][info][gc,cpu         ] GC(644) User=0.14s Sys=0.00s Real=0.07s
[274.794s][info][gc,start       ] GC(645) Pause Young (Concurrent Start) (G1 Evacuation Pause)
[274.795s][info][gc,task        ] GC(645) Using 2 workers of 2 for evacuation
[274.802s][info][gc,phases      ] GC(645)   Pre Evacuate Collection Set: 0.37ms
[274.802s][info][gc,phases      ] GC(645)   Merge Heap Roots: 0.10ms
[274.802s][info][gc,phases      ] GC(645)   Evacuate Collection Set: 6.65ms
[274.802s][info][gc,phases      ] GC(645)   Post Evacuate Collection Set: 0.48ms
[274.802s][info][gc,phases      ] GC(645)   Other: 0.10ms
[274.802s][info][gc,heap        ] GC(645) Eden regions: 175->0(186)
[274.802s][info][gc,heap        ] GC(645) Survivor regions: 5->5(23)
[274.802s][info][gc,heap        ] GC(645) Old regions: 720->720
[274.802s][info][gc,heap        ] GC(645) Humongous regions: 7->7
[274.802s][info][gc,metaspace   ] GC(645) Metaspace: 18646K(18816K)->18646K(18816K) NonClass: 16817K(16960K)->16817K(16960K) Class: 1828K(1856K)->1828K(1856K)
[274.802s][info][gc             ] GC(645) Pause Young (Concurrent Start) (G1 Evacuation Pause) 906M->731M(978M) 7.947ms
[274.802s][info][gc,cpu         ] GC(645) User=0.01s Sys=0.00s Real=0.01s
[274.802s][info][gc             ] GC(646) Concurrent Mark Cycle
[274.802s][info][gc,marking     ] GC(646) Concurrent Scan Root Regions
[274.814s][info][gc,marking     ] GC(646) Concurrent Scan Root Regions 11.936ms
[274.814s][info][gc,marking     ] GC(646) Concurrent Mark
[274.814s][info][gc,marking     ] GC(646) Concurrent Mark From Roots
[274.815s][info][gc,task        ] GC(646) Using 1 workers of 1 for marking
[275.379s][info][gc,start       ] GC(647) Pause Young (Normal) (G1 Evacuation Pause)
[275.379s][info][gc,task        ] GC(647) Using 2 workers of 2 for evacuation
[275.389s][info][gc,phases      ] GC(647)   Pre Evacuate Collection Set: 0.34ms
[275.389s][info][gc,phases      ] GC(647)   Merge Heap Roots: 0.18ms
[275.389s][info][gc,phases      ] GC(647)   Evacuate Collection Set: 8.90ms
[275.389s][info][gc,phases      ] GC(647)   Post Evacuate Collection Set: 0.46ms
[275.389s][info][gc,phases      ] GC(647)   Other: 0.13ms
[275.389s][info][gc,heap        ] GC(647) Eden regions: 186->0(189)
[275.389s][info][gc,heap        ] GC(647) Survivor regions: 5->6(24)
[275.389s][info][gc,heap        ] GC(647) Old regions: 720->720
[275.389s][info][gc,heap        ] GC(647) Humongous regions: 7->7
[275.389s][info][gc,metaspace   ] GC(647) Metaspace: 18646K(18816K)->18646K(18816K) NonClass: 16817K(16960K)->16817K(16960K) Class: 1828K(1856K)->1828K(1856K)
[275.390s][info][gc             ] GC(647) Pause Young (Normal) (G1 Evacuation Pause) 917M->732M(978M) 10.272ms
[275.390s][info][gc,cpu         ] GC(647) User=0.02s Sys=0.00s Real=0.01s
[275.813s][info][gc,start       ] GC(648) Pause Young (Normal) (G1 Evacuation Pause)
[275.813s][info][gc,task        ] GC(648) Using 2 workers of 2 for evacuation
[275.826s][info][gc,phases      ] GC(648)   Pre Evacuate Collection Set: 0.59ms
[275.826s][info][gc,phases      ] GC(648)   Merge Heap Roots: 0.33ms
[275.826s][info][gc,phases      ] GC(648)   Evacuate Collection Set: 11.87ms
[275.826s][info][gc,phases      ] GC(648)   Post Evacuate Collection Set: 0.49ms
[275.826s][info][gc,phases      ] GC(648)   Other: 0.11ms
[275.826s][info][gc,heap        ] GC(648) Eden regions: 189->0(187)
[275.826s][info][gc,heap        ] GC(648) Survivor regions: 6->7(25)
[275.827s][info][gc,heap        ] GC(648) Old regions: 720->720
[275.827s][info][gc,heap        ] GC(648) Humongous regions: 7->7
[275.827s][info][gc,metaspace   ] GC(648) Metaspace: 18646K(18816K)->18646K(18816K) NonClass: 16817K(16960K)->16817K(16960K) Class: 1828K(1856K)->1828K(1856K)
[275.827s][info][gc             ] GC(648) Pause Young (Normal) (G1 Evacuation Pause) 921M->733M(978M) 13.724ms
[275.827s][info][gc,cpu         ] GC(648) User=0.02s Sys=0.00s Real=0.01s
[276.432s][info][gc,start       ] GC(649) Pause Young (Normal) (G1 Evacuation Pause)
[276.432s][info][gc,task        ] GC(649) Using 2 workers of 2 for evacuation
[276.459s][info][gc,phases      ] GC(649)   Pre Evacuate Collection Set: 0.55ms
[276.459s][info][gc,phases      ] GC(649)   Merge Heap Roots: 0.62ms
[276.459s][info][gc,phases      ] GC(649)   Evacuate Collection Set: 25.45ms
[276.459s][info][gc,phases      ] GC(649)   Post Evacuate Collection Set: 0.62ms
[276.459s][info][gc,phases      ] GC(649)   Other: 0.11ms
[276.459s][info][gc,heap        ] GC(649) Eden regions: 187->0(179)
[276.459s][info][gc,heap        ] GC(649) Survivor regions: 7->11(25)
[276.459s][info][gc,heap        ] GC(649) Old regions: 720->720
[276.459s][info][gc,heap        ] GC(649) Humongous regions: 7->7
[276.459s][info][gc,metaspace   ] GC(649) Metaspace: 18646K(18816K)->18646K(18816K) NonClass: 16817K(16960K)->16817K(16960K) Class: 1828K(1856K)->1828K(1856K)
[276.459s][info][gc             ] GC(649) Pause Young (Normal) (G1 Evacuation Pause) 920M->737M(978M) 27.642ms
[276.459s][info][gc,cpu         ] GC(649) User=0.05s Sys=0.00s Real=0.02s
[277.194s][info][gc,start       ] GC(650) Pause Young (Normal) (G1 Evacuation Pause)
[277.195s][info][gc,task        ] GC(650) Using 2 workers of 2 for evacuation
[277.255s][info][gc,phases      ] GC(650)   Pre Evacuate Collection Set: 0.31ms
[277.255s][info][gc,phases      ] GC(650)   Merge Heap Roots: 0.43ms
[277.255s][info][gc,phases      ] GC(650)   Evacuate Collection Set: 59.18ms
[277.255s][info][gc,phases      ] GC(650)   Post Evacuate Collection Set: 0.55ms
[277.255s][info][gc,phases      ] GC(650)   Other: 0.11ms
[277.255s][info][gc,heap        ] GC(650) Eden regions: 179->0(140)
[277.255s][info][gc,heap        ] GC(650) Survivor regions: 11->24(24)
[277.255s][info][gc,heap        ] GC(650) Old regions: 720->730
[277.255s][info][gc,heap        ] GC(650) Humongous regions: 10->10
[277.255s][info][gc,metaspace   ] GC(650) Metaspace: 18646K(18816K)->18646K(18816K) NonClass: 16817K(16960K)->16817K(16960K) Class: 1828K(1856K)->1828K(1856K)
[277.255s][info][gc             ] GC(650) Pause Young (Normal) (G1 Evacuation Pause) 919M->763M(978M) 60.842ms
[277.255s][info][gc,cpu         ] GC(650) User=0.12s Sys=0.00s Real=0.06s
[277.264s][info][gc,marking     ] GC(646) Concurrent Mark From Roots 2449.922ms
[277.264s][info][gc,marking     ] GC(646) Concurrent Preclean
[277.265s][info][gc,marking     ] GC(646) Concurrent Preclean 0.035ms
[277.265s][info][gc,start       ] GC(646) Pause Remark
[277.273s][info][gc             ] GC(646) Pause Remark 766M->766M(978M) 8.114ms
[277.273s][info][gc,cpu         ] GC(646) User=0.02s Sys=0.00s Real=0.01s
[277.273s][info][gc,marking     ] GC(646) Concurrent Mark 2458.367ms
[277.273s][info][gc,marking     ] GC(646) Concurrent Rebuild Remembered Sets and Scrub Regions
[277.535s][info][gc,start       ] GC(651) Pause Young (Normal) (G1 Evacuation Pause)
[277.535s][info][gc,task        ] GC(651) Using 2 workers of 2 for evacuation
[277.600s][info][gc,phases      ] GC(651)   Pre Evacuate Collection Set: 0.35ms
[277.600s][info][gc,phases      ] GC(651)   Merge Heap Roots: 0.53ms
[277.600s][info][gc,phases      ] GC(651)   Evacuate Collection Set: 64.12ms
[277.600s][info][gc,phases      ] GC(651)   Post Evacuate Collection Set: 0.47ms
[277.600s][info][gc,phases      ] GC(651)   Other: 0.09ms
[277.600s][info][gc,heap        ] GC(651) Eden regions: 140->0(132)
[277.600s][info][gc,heap        ] GC(651) Survivor regions: 24->16(21)
[277.601s][info][gc,heap        ] GC(651) Old regions: 730->754
[277.601s][info][gc,heap        ] GC(651) Humongous regions: 10->10
[277.601s][info][gc,metaspace   ] GC(651) Metaspace: 18647K(18816K)->18647K(18816K) NonClass: 16818K(16960K)->16818K(16960K) Class: 1828K(1856K)->1828K(1856K)
[277.601s][info][gc             ] GC(651) Pause Young (Normal) (G1 Evacuation Pause) 903M->779M(978M) 65.864ms
[277.601s][info][gc,cpu         ] GC(651) User=0.13s Sys=0.00s Real=0.07s
[277.793s][info][gc,start       ] GC(652) Pause Young (Normal) (G1 Evacuation Pause)
[277.793s][info][gc,task        ] GC(652) Using 2 workers of 2 for evacuation
[277.831s][info][gc,phases      ] GC(652)   Pre Evacuate Collection Set: 0.54ms
[277.831s][info][gc,phases      ] GC(652)   Merge Heap Roots: 0.24ms
[277.831s][info][gc,phases      ] GC(652)   Evacuate Collection Set: 36.67ms
[277.831s][info][gc,phases      ] GC(652)   Post Evacuate Collection Set: 0.44ms
[277.831s][info][gc,phases      ] GC(652)   Other: 0.11ms
[277.831s][info][gc,heap        ] GC(652) Eden regions: 132->0(122)
[277.831s][info][gc,heap        ] GC(652) Survivor regions: 16->13(19)
[277.831s][info][gc,heap        ] GC(652) Old regions: 754->770
[277.831s][info][gc,heap        ] GC(652) Humongous regions: 10->10
[277.831s][info][gc,metaspace   ] GC(652) Metaspace: 18647K(18816K)->18647K(18816K) NonClass: 16818K(16960K)->16818K(16960K) Class: 1828K(1856K)->1828K(1856K)
[277.831s][info][gc             ] GC(652) Pause Young (Normal) (G1 Evacuation Pause) 911M->792M(978M) 38.269ms
[277.831s][info][gc,cpu         ] GC(652) User=0.07s Sys=0.00s Real=0.04s
[278.041s][info][gc,start       ] GC(653) Pause Young (Normal) (G1 Evacuation Pause)
[278.041s][info][gc,task        ] GC(653) Using 2 workers of 2 for evacuation
[278.066s][info][gc,phases      ] GC(653)   Pre Evacuate Collection Set: 0.31ms
[278.067s][info][gc,phases      ] GC(653)   Merge Heap Roots: 0.28ms
[278.067s][info][gc,phases      ] GC(653)   Evacuate Collection Set: 24.53ms
[278.067s][info][gc,phases      ] GC(653)   Post Evacuate Collection Set: 0.45ms
[278.067s][info][gc,phases      ] GC(653)   Other: 0.08ms
[278.067s][info][gc,heap        ] GC(653) Eden regions: 122->0(129)
[278.067s][info][gc,heap        ] GC(653) Survivor regions: 13->3(17)
[278.067s][info][gc,heap        ] GC(653) Old regions: 770->783
[278.067s][info][gc,heap        ] GC(653) Humongous regions: 10->10
[278.067s][info][gc,metaspace   ] GC(653) Metaspace: 18647K(18816K)->18647K(18816K) NonClass: 16818K(16960K)->16818K(16960K) Class: 1828K(1856K)->1828K(1856K)
[278.067s][info][gc             ] GC(653) Pause Young (Normal) (G1 Evacuation Pause) 914M->795M(978M) 25.907ms
[278.067s][info][gc,cpu         ] GC(653) User=0.05s Sys=0.00s Real=0.02s
[278.153s][info][gc,marking     ] GC(646) Concurrent Rebuild Remembered Sets and Scrub Regions 880.108ms
[278.153s][info][gc,start       ] GC(646) Pause Cleanup
[278.153s][info][gc             ] GC(646) Pause Cleanup 828M->828M(978M) 0.130ms
[278.153s][info][gc,cpu         ] GC(646) User=0.00s Sys=0.00s Real=0.00s
[278.153s][info][gc,marking     ] GC(646) Concurrent Clear Claimed Marks
[278.153s][info][gc,marking     ] GC(646) Concurrent Clear Claimed Marks 0.030ms
[278.153s][info][gc,marking     ] GC(646) Concurrent Cleanup for Next Mark
[278.156s][info][gc,marking     ] GC(646) Concurrent Cleanup for Next Mark 3.003ms
[278.156s][info][gc             ] GC(646) Concurrent Mark Cycle 3354.017ms
[278.314s][info][gc,start       ] GC(654) Pause Young (Prepare Mixed) (G1 Evacuation Pause)
[278.314s][info][gc,task        ] GC(654) Using 2 workers of 2 for evacuation
[278.331s][info][gc,phases      ] GC(654)   Pre Evacuate Collection Set: 0.32ms
[278.331s][info][gc,phases      ] GC(654)   Merge Heap Roots: 0.26ms
[278.331s][info][gc,phases      ] GC(654)   Evacuate Collection Set: 15.36ms
[278.331s][info][gc,phases      ] GC(654)   Post Evacuate Collection Set: 0.45ms
[278.331s][info][gc,phases      ] GC(654)   Other: 0.11ms
[278.331s][info][gc,heap        ] GC(654) Eden regions: 129->0(123)
[278.331s][info][gc,heap        ] GC(654) Survivor regions: 3->6(17)
[278.331s][info][gc,heap        ] GC(654) Old regions: 783->783
[278.331s][info][gc,heap        ] GC(654) Humongous regions: 10->10
[278.331s][info][gc,metaspace   ] GC(654) Metaspace: 18652K(18816K)->18652K(18816K) NonClass: 16823K(16960K)->16823K(16960K) Class: 1828K(1856K)->1828K(1856K)
[278.331s][info][gc             ] GC(654) Pause Young (Prepare Mixed) (G1 Evacuation Pause) 924M->798M(978M) 16.796ms
[278.331s][info][gc,cpu         ] GC(654) User=0.03s Sys=0.00s Real=0.02s
[278.451s][info][gc,start       ] GC(655) Pause Young (Mixed) (G1 Evacuation Pause)
[278.451s][info][gc,task        ] GC(655) Using 2 workers of 2 for evacuation
[278.504s][info][gc,phases      ] GC(655)   Pre Evacuate Collection Set: 0.32ms
[278.504s][info][gc,phases      ] GC(655)   Merge Heap Roots: 0.42ms
[278.504s][info][gc,phases      ] GC(655)   Evacuate Collection Set: 51.28ms
[278.504s][info][gc,phases      ] GC(655)   Post Evacuate Collection Set: 0.40ms
[278.504s][info][gc,phases      ] GC(655)   Other: 0.13ms
[278.504s][info][gc,heap        ] GC(655) Eden regions: 123->0(131)
[278.504s][info][gc,heap        ] GC(655) Survivor regions: 6->6(17)
[278.504s][info][gc,heap        ] GC(655) Old regions: 783->775
[278.504s][info][gc,heap        ] GC(655) Humongous regions: 10->10
[278.504s][info][gc,metaspace   ] GC(655) Metaspace: 18652K(18816K)->18652K(18816K) NonClass: 16824K(16960K)->16824K(16960K) Class: 1828K(1856K)->1828K(1856K)
[278.504s][info][gc             ] GC(655) Pause Young (Mixed) (G1 Evacuation Pause) 921M->790M(978M) 52.797ms
[278.504s][info][gc,cpu         ] GC(655) User=0.10s Sys=0.00s Real=0.05s
[278.598s][info][gc,start       ] GC(656) Pause Young (Concurrent Start) (G1 Evacuation Pause)
[278.598s][info][gc,task        ] GC(656) Using 2 workers of 2 for evacuation
[278.608s][info][gc,phases      ] GC(656)   Pre Evacuate Collection Set: 0.33ms
[278.608s][info][gc,phases      ] GC(656)   Merge Heap Roots: 0.12ms
[278.608s][info][gc,phases      ] GC(656)   Evacuate Collection Set: 8.79ms
[278.608s][info][gc,phases      ] GC(656)   Post Evacuate Collection Set: 0.46ms
[278.608s][info][gc,phases      ] GC(656)   Other: 0.11ms
[278.608s][info][gc,heap        ] GC(656) Eden regions: 131->0(131)
[278.608s][info][gc,heap        ] GC(656) Survivor regions: 6->6(18)
[278.608s][info][gc,heap        ] GC(656) Old regions: 775->775
[278.608s][info][gc,heap        ] GC(656) Humongous regions: 10->10
[278.608s][info][gc,metaspace   ] GC(656) Metaspace: 18652K(18816K)->18652K(18816K) NonClass: 16824K(16960K)->16824K(16960K) Class: 1828K(1856K)->1828K(1856K)
[278.608s][info][gc             ] GC(656) Pause Young (Concurrent Start) (G1 Evacuation Pause) 921M->790M(978M) 10.054ms
[278.608s][info][gc,cpu         ] GC(656) User=0.02s Sys=0.00s Real=0.01s
[278.609s][info][gc             ] GC(657) Concurrent Mark Cycle
[278.609s][info][gc,marking     ] GC(657) Concurrent Scan Root Regions
[278.625s][info][gc,marking     ] GC(657) Concurrent Scan Root Regions 15.193ms
[278.625s][info][gc,marking     ] GC(657) Concurrent Mark
[278.625s][info][gc,marking     ] GC(657) Concurrent Mark From Roots
[278.625s][info][gc,task        ] GC(657) Using 1 workers of 1 for marking
[278.954s][info][gc,start       ] GC(658) Pause Young (Normal) (G1 Evacuation Pause)
[278.955s][info][gc,task        ] GC(658) Using 2 workers of 2 for evacuation
[278.975s][info][gc,phases      ] GC(658)   Pre Evacuate Collection Set: 0.32ms
[278.975s][info][gc,phases      ] GC(658)   Merge Heap Roots: 0.15ms
[278.975s][info][gc,phases      ] GC(658)   Evacuate Collection Set: 19.48ms
[278.975s][info][gc,phases      ] GC(658)   Post Evacuate Collection Set: 0.42ms
[278.975s][info][gc,phases      ] GC(658)   Other: 0.08ms
[278.975s][info][gc,heap        ] GC(658) Eden regions: 131->0(115)
[278.975s][info][gc,heap        ] GC(658) Survivor regions: 6->14(18)
[278.975s][info][gc,heap        ] GC(658) Old regions: 775->775
[278.975s][info][gc,heap        ] GC(658) Humongous regions: 10->10
[278.975s][info][gc,metaspace   ] GC(658) Metaspace: 18655K(18816K)->18655K(18816K) NonClass: 16826K(16960K)->16826K(16960K) Class: 1828K(1856K)->1828K(1856K)
[278.975s][info][gc             ] GC(658) Pause Young (Normal) (G1 Evacuation Pause) 921M->798M(978M) 20.745ms
[278.975s][info][gc,cpu         ] GC(658) User=0.04s Sys=0.00s Real=0.02s
[279.202s][info][gc,start       ] GC(659) Pause Young (Normal) (G1 Evacuation Pause)
[279.202s][info][gc,task        ] GC(659) Using 2 workers of 2 for evacuation
[279.240s][info][gc,phases      ] GC(659)   Pre Evacuate Collection Set: 0.33ms
[279.240s][info][gc,phases      ] GC(659)   Merge Heap Roots: 0.21ms
[279.240s][info][gc,phases      ] GC(659)   Evacuate Collection Set: 36.64ms
[279.240s][info][gc,phases      ] GC(659)   Post Evacuate Collection Set: 0.42ms
[279.240s][info][gc,phases      ] GC(659)   Other: 0.08ms
[279.240s][info][gc,heap        ] GC(659) Eden regions: 115->0(98)
[279.240s][info][gc,heap        ] GC(659) Survivor regions: 14->17(17)
[279.240s][info][gc,heap        ] GC(659) Old regions: 775->786
[279.240s][info][gc,heap        ] GC(659) Humongous regions: 10->10
[279.240s][info][gc,metaspace   ] GC(659) Metaspace: 18655K(18816K)->18655K(18816K) NonClass: 16826K(16960K)->16826K(16960K) Class: 1828K(1856K)->1828K(1856K)
[279.240s][info][gc             ] GC(659) Pause Young (Normal) (G1 Evacuation Pause) 913M->812M(978M) 37.995ms
[279.240s][info][gc,cpu         ] GC(659) User=0.08s Sys=0.00s Real=0.03s
[279.655s][info][gc,start       ] GC(660) Pause Young (Normal) (G1 Evacuation Pause)
[279.655s][info][gc,task        ] GC(660) Using 2 workers of 2 for evacuation
[279.687s][info][gc,phases      ] GC(660)   Pre Evacuate Collection Set: 0.33ms
[279.687s][info][gc,phases      ] GC(660)   Merge Heap Roots: 0.18ms
[279.687s][info][gc,phases      ] GC(660)   Evacuate Collection Set: 31.17ms
[279.687s][info][gc,phases      ] GC(660)   Post Evacuate Collection Set: 0.39ms
[279.687s][info][gc,phases      ] GC(660)   Other: 0.11ms
[279.687s][info][gc,heap        ] GC(660) Eden regions: 98->0(97)
[279.687s][info][gc,heap        ] GC(660) Survivor regions: 17->9(15)
[279.687s][info][gc,heap        ] GC(660) Old regions: 786->803
[279.687s][info][gc,heap        ] GC(660) Humongous regions: 10->10
[279.687s][info][gc,metaspace   ] GC(660) Metaspace: 18656K(18816K)->18656K(18816K) NonClass: 16827K(16960K)->16827K(16960K) Class: 1828K(1856K)->1828K(1856K)
[279.687s][info][gc             ] GC(660) Pause Young (Normal) (G1 Evacuation Pause) 910M->821M(978M) 32.456ms
[279.687s][info][gc,cpu         ] GC(660) User=0.06s Sys=0.00s Real=0.03s
[280.151s][info][gc,start       ] GC(661) Pause Young (Normal) (G1 Evacuation Pause)
[280.151s][info][gc,task        ] GC(661) Using 2 workers of 2 for evacuation
[280.162s][info][gc,phases      ] GC(661)   Pre Evacuate Collection Set: 0.34ms
[280.162s][info][gc,phases      ] GC(661)   Merge Heap Roots: 0.12ms
[280.162s][info][gc,phases      ] GC(661)   Evacuate Collection Set: 10.48ms
[280.162s][info][gc,phases      ] GC(661)   Post Evacuate Collection Set: 0.35ms
[280.162s][info][gc,phases      ] GC(661)   Other: 0.10ms
[280.162s][info][gc,heap        ] GC(661) Eden regions: 97->0(104)
[280.162s][info][gc,heap        ] GC(661) Survivor regions: 9->1(14)
[280.162s][info][gc,heap        ] GC(661) Old regions: 803->812
[280.162s][info][gc,heap        ] GC(661) Humongous regions: 10->10
[280.162s][info][gc,metaspace   ] GC(661) Metaspace: 18659K(18816K)->18659K(18816K) NonClass: 16830K(16960K)->16830K(16960K) Class: 1828K(1856K)->1828K(1856K)
[280.162s][info][gc             ] GC(661) Pause Young (Normal) (G1 Evacuation Pause) 918M->822M(978M) 11.650ms
[280.162s][info][gc,cpu         ] GC(661) User=0.02s Sys=0.00s Real=0.01s
[280.482s][info][gc,start       ] GC(662) Pause Young (Normal) (G1 Evacuation Pause)
[280.482s][info][gc,task        ] GC(662) Using 2 workers of 2 for evacuation
[280.484s][info][gc,phases      ] GC(662)   Pre Evacuate Collection Set: 0.52ms
[280.484s][info][gc,phases      ] GC(662)   Merge Heap Roots: 0.07ms
[280.484s][info][gc,phases      ] GC(662)   Evacuate Collection Set: 0.81ms
[280.484s][info][gc,phases      ] GC(662)   Post Evacuate Collection Set: 0.37ms
[280.484s][info][gc,phases      ] GC(662)   Other: 0.10ms
[280.484s][info][gc,heap        ] GC(662) Eden regions: 104->0(104)
[280.484s][info][gc,heap        ] GC(662) Survivor regions: 1->1(14)
[280.484s][info][gc,heap        ] GC(662) Old regions: 812->812
[280.484s][info][gc,heap        ] GC(662) Humongous regions: 10->10
[280.484s][info][gc,metaspace   ] GC(662) Metaspace: 18659K(18816K)->18659K(18816K) NonClass: 16830K(16960K)->16830K(16960K) Class: 1828K(1856K)->1828K(1856K)
[280.484s][info][gc             ] GC(662) Pause Young (Normal) (G1 Evacuation Pause) 926M->822M(978M) 2.119ms
[280.484s][info][gc,cpu         ] GC(662) User=0.01s Sys=0.00s Real=0.00s
[281.087s][info][gc,marking     ] GC(657) Concurrent Mark From Roots 2462.422ms
[281.087s][info][gc,marking     ] GC(657) Concurrent Preclean
[281.087s][info][gc,marking     ] GC(657) Concurrent Preclean 0.038ms
[281.087s][info][gc,start       ] GC(657) Pause Remark
[281.098s][info][gc             ] GC(657) Pause Remark 923M->769M(978M) 10.334ms
[281.098s][info][gc,cpu         ] GC(657) User=0.02s Sys=0.00s Real=0.01s
[281.098s][info][gc,marking     ] GC(657) Concurrent Mark 2473.149ms
[281.098s][info][gc,marking     ] GC(657) Concurrent Rebuild Remembered Sets and Scrub Regions
[281.112s][info][gc,start       ] GC(663) Pause Young (Normal) (G1 Evacuation Pause)
[281.112s][info][gc,task        ] GC(663) Using 2 workers of 2 for evacuation
[281.114s][info][gc,phases      ] GC(663)   Pre Evacuate Collection Set: 0.31ms
[281.114s][info][gc,phases      ] GC(663)   Merge Heap Roots: 0.08ms
[281.114s][info][gc,phases      ] GC(663)   Evacuate Collection Set: 0.69ms
[281.114s][info][gc,phases      ] GC(663)   Post Evacuate Collection Set: 0.32ms
[281.114s][info][gc,phases      ] GC(663)   Other: 0.11ms
[281.114s][info][gc,heap        ] GC(663) Eden regions: 104->0(258)
[281.114s][info][gc,heap        ] GC(663) Survivor regions: 1->1(14)
[281.114s][info][gc,heap        ] GC(663) Old regions: 661->661
[281.114s][info][gc,heap        ] GC(663) Humongous regions: 7->7
[281.114s][info][gc,metaspace   ] GC(663) Metaspace: 18659K(18816K)->18659K(18816K) NonClass: 16830K(16960K)->16830K(16960K) Class: 1828K(1856K)->1828K(1856K)
[281.114s][info][gc             ] GC(663) Pause Young (Normal) (G1 Evacuation Pause) 772M->668M(978M) 1.711ms
[281.114s][info][gc,cpu         ] GC(663) User=0.00s Sys=0.00s Real=0.00s
[281.778s][info][gc,marking     ] GC(657) Concurrent Rebuild Remembered Sets and Scrub Regions 679.953ms
[281.778s][info][gc,start       ] GC(657) Pause Cleanup
[281.778s][info][gc             ] GC(657) Pause Cleanup 736M->736M(978M) 0.143ms
[281.778s][info][gc,cpu         ] GC(657) User=0.00s Sys=0.00s Real=0.00s
[281.780s][info][gc,marking     ] GC(657) Concurrent Clear Claimed Marks
[281.780s][info][gc,marking     ] GC(657) Concurrent Clear Claimed Marks 0.054ms
[281.781s][info][gc,marking     ] GC(657) Concurrent Cleanup for Next Mark
[281.786s][info][gc,marking     ] GC(657) Concurrent Cleanup for Next Mark 5.064ms
[281.786s][info][gc             ] GC(657) Concurrent Mark Cycle 3176.214ms
[283.279s][info][gc,start       ] GC(664) Pause Young (Prepare Mixed) (G1 Evacuation Pause)
[283.279s][info][gc,task        ] GC(664) Using 2 workers of 2 for evacuation
[283.283s][info][gc,phases      ] GC(664)   Pre Evacuate Collection Set: 0.33ms
[283.283s][info][gc,phases      ] GC(664)   Merge Heap Roots: 0.16ms
[283.283s][info][gc,phases      ] GC(664)   Evacuate Collection Set: 3.17ms
[283.283s][info][gc,phases      ] GC(664)   Post Evacuate Collection Set: 0.49ms
[283.283s][info][gc,phases      ] GC(664)   Other: 0.09ms
[283.283s][info][gc,heap        ] GC(664) Eden regions: 258->0(256)
[283.284s][info][gc,heap        ] GC(664) Survivor regions: 1->2(33)
[283.284s][info][gc,heap        ] GC(664) Old regions: 661->661
[283.284s][info][gc,heap        ] GC(664) Humongous regions: 7->7
[283.284s][info][gc,metaspace   ] GC(664) Metaspace: 18671K(18816K)->18671K(18816K) NonClass: 16842K(16960K)->16842K(16960K) Class: 1828K(1856K)->1828K(1856K)
[283.284s][info][gc             ] GC(664) Pause Young (Prepare Mixed) (G1 Evacuation Pause) 926M->669M(978M) 4.480ms
[283.284s][info][gc,cpu         ] GC(664) User=0.01s Sys=0.00s Real=0.01s
[284.408s][info][gc,start       ] GC(665) Pause Young (Mixed) (G1 Evacuation Pause)
[284.408s][info][gc,task        ] GC(665) Using 2 workers of 2 for evacuation
[284.415s][info][gc,phases      ] GC(665)   Pre Evacuate Collection Set: 0.57ms
[284.415s][info][gc,phases      ] GC(665)   Merge Heap Roots: 0.21ms
[284.415s][info][gc,phases      ] GC(665)   Evacuate Collection Set: 5.86ms
[284.415s][info][gc,phases      ] GC(665)   Post Evacuate Collection Set: 0.63ms
[284.415s][info][gc,phases      ] GC(665)   Other: 0.15ms
[284.415s][info][gc,heap        ] GC(665) Eden regions: 256->0(272)
[284.415s][info][gc,heap        ] GC(665) Survivor regions: 2->3(33)
[284.415s][info][gc,heap        ] GC(665) Old regions: 661->643
[284.415s][info][gc,heap        ] GC(665) Humongous regions: 7->7
[284.415s][info][gc,metaspace   ] GC(665) Metaspace: 18704K(18816K)->18704K(18816K) NonClass: 16876K(16960K)->16876K(16960K) Class: 1828K(1856K)->1828K(1856K)
[284.415s][info][gc             ] GC(665) Pause Young (Mixed) (G1 Evacuation Pause) 925M->651M(978M) 7.753ms
[284.415s][info][gc,cpu         ] GC(665) User=0.01s Sys=0.00s Real=0.01s
[285.116s][info][gc,start       ] GC(666) Pause Young (Concurrent Start) (G1 Evacuation Pause)
[285.116s][info][gc,task        ] GC(666) Using 2 workers of 2 for evacuation
[285.161s][info][gc,phases      ] GC(666)   Pre Evacuate Collection Set: 0.53ms
[285.161s][info][gc,phases      ] GC(666)   Merge Heap Roots: 0.14ms
[285.161s][info][gc,phases      ] GC(666)   Evacuate Collection Set: 42.82ms
[285.161s][info][gc,phases      ] GC(666)   Post Evacuate Collection Set: 0.73ms
[285.161s][info][gc,phases      ] GC(666)   Other: 0.23ms
[285.161s][info][gc,heap        ] GC(666) Eden regions: 272->0(210)
[285.161s][info][gc,heap        ] GC(666) Survivor regions: 3->34(35)
[285.161s][info][gc,heap        ] GC(666) Old regions: 643->643
[285.161s][info][gc,heap        ] GC(666) Humongous regions: 7->7
[285.161s][info][gc,metaspace   ] GC(666) Metaspace: 18722K(18816K)->18722K(18816K) NonClass: 16892K(16960K)->16892K(16960K) Class: 1829K(1856K)->1829K(1856K)
[285.161s][info][gc             ] GC(666) Pause Young (Concurrent Start) (G1 Evacuation Pause) 923M->683M(978M) 44.709ms
[285.161s][info][gc             ] GC(667) Concurrent Mark Cycle
[285.161s][info][gc,marking     ] GC(667) Concurrent Scan Root Regions
[285.161s][info][gc,cpu         ] GC(666) User=0.09s Sys=0.00s Real=0.05s
[285.228s][info][gc,marking     ] GC(667) Concurrent Scan Root Regions 66.846ms
[285.228s][info][gc,marking     ] GC(667) Concurrent Mark
[285.228s][info][gc,marking     ] GC(667) Concurrent Mark From Roots
[285.228s][info][gc,task        ] GC(667) Using 1 workers of 1 for marking
[285.627s][info][gc,start       ] GC(668) Pause Young (Normal) (G1 Evacuation Pause)
[285.627s][info][gc,task        ] GC(668) Using 2 workers of 2 for evacuation
[285.757s][info][gc,phases      ] GC(668)   Pre Evacuate Collection Set: 0.53ms
[285.757s][info][gc,phases      ] GC(668)   Merge Heap Roots: 0.16ms
[285.757s][info][gc,phases      ] GC(668)   Evacuate Collection Set: 120.60ms
[285.757s][info][gc,phases      ] GC(668)   Post Evacuate Collection Set: 9.01ms
[285.757s][info][gc,phases      ] GC(668)   Other: 0.09ms
[285.757s][info][gc,heap        ] GC(668) Eden regions: 210->0(56)
[285.757s][info][gc,heap        ] GC(668) Survivor regions: 34->31(31)
[285.757s][info][gc,heap        ] GC(668) Old regions: 643->803
[285.757s][info][gc,heap        ] GC(668) Humongous regions: 7->7
[285.757s][info][gc,metaspace   ] GC(668) Metaspace: 18764K(18880K)->18764K(18880K) NonClass: 16934K(17024K)->16934K(17024K) Class: 1829K(1856K)->1829K(1856K)
[285.757s][info][gc             ] GC(668) Pause Young (Normal) (G1 Evacuation Pause) (Evacuation Failure: Allocation) 893M->840M(978M) 130.656ms
[285.757s][info][gc,cpu         ] GC(668) User=0.25s Sys=0.00s Real=0.13s
[286.014s][info][gc,start       ] GC(669) Pause Young (Normal) (G1 Evacuation Pause)
[286.015s][info][gc,task        ] GC(669) Using 2 workers of 2 for evacuation
[286.137s][info][gc,phases      ] GC(669)   Pre Evacuate Collection Set: 0.79ms
[286.137s][info][gc,phases      ] GC(669)   Merge Heap Roots: 0.75ms
[286.137s][info][gc,phases      ] GC(669)   Evacuate Collection Set: 120.08ms
[286.137s][info][gc,phases      ] GC(669)   Post Evacuate Collection Set: 0.74ms
[286.137s][info][gc,phases      ] GC(669)   Other: 0.10ms
[286.137s][info][gc,heap        ] GC(669) Eden regions: 56->0(141)
[286.137s][info][gc,heap        ] GC(669) Survivor regions: 31->11(11)
[286.137s][info][gc,heap        ] GC(669) Old regions: 803->756
[286.137s][info][gc,heap        ] GC(669) Humongous regions: 7->7
[286.137s][info][gc,metaspace   ] GC(669) Metaspace: 18764K(18880K)->18764K(18880K) NonClass: 16934K(17024K)->16934K(17024K) Class: 1829K(1856K)->1829K(1856K)
[286.137s][info][gc             ] GC(669) Pause Young (Normal) (G1 Evacuation Pause) 896M->773M(978M) 122.817ms
[286.137s][info][gc,cpu         ] GC(669) User=0.24s Sys=0.00s Real=0.12s
[286.639s][info][gc,start       ] GC(670) Pause Young (Normal) (G1 Evacuation Pause)
[286.639s][info][gc,task        ] GC(670) Using 2 workers of 2 for evacuation
[286.721s][info][gc,phases      ] GC(670)   Pre Evacuate Collection Set: 0.53ms
[286.721s][info][gc,phases      ] GC(670)   Merge Heap Roots: 0.34ms
[286.721s][info][gc,phases      ] GC(670)   Evacuate Collection Set: 79.59ms
[286.721s][info][gc,phases      ] GC(670)   Post Evacuate Collection Set: 1.36ms
[286.721s][info][gc,phases      ] GC(670)   Other: 0.11ms
[286.721s][info][gc,heap        ] GC(670) Eden regions: 141->0(60)
[286.721s][info][gc,heap        ] GC(670) Survivor regions: 11->19(19)
[286.721s][info][gc,heap        ] GC(670) Old regions: 756->822
[286.721s][info][gc,heap        ] GC(670) Humongous regions: 8->8
[286.721s][info][gc,metaspace   ] GC(670) Metaspace: 18770K(18880K)->18770K(18880K) NonClass: 16941K(17024K)->16941K(17024K) Class: 1829K(1856K)->1829K(1856K)
[286.721s][info][gc             ] GC(670) Pause Young (Normal) (G1 Evacuation Pause) (Evacuation Failure: Allocation) 915M->848M(978M) 82.222ms
[286.722s][info][gc,cpu         ] GC(670) User=0.16s Sys=0.00s Real=0.09s
[286.898s][info][gc,start       ] GC(671) Pause Young (Normal) (G1 Evacuation Pause)
[286.898s][info][gc,task        ] GC(671) Using 2 workers of 2 for evacuation
[286.963s][info][gc,phases      ] GC(671)   Pre Evacuate Collection Set: 0.59ms
[286.963s][info][gc,phases      ] GC(671)   Merge Heap Roots: 0.64ms
[286.963s][info][gc,phases      ] GC(671)   Evacuate Collection Set: 63.27ms
[286.963s][info][gc,phases      ] GC(671)   Post Evacuate Collection Set: 0.67ms
[286.963s][info][gc,phases      ] GC(671)   Other: 0.10ms
[286.963s][info][gc,heap        ] GC(671) Eden regions: 60->0(82)
[286.963s][info][gc,heap        ] GC(671) Survivor regions: 19->9(10)
[286.963s][info][gc,heap        ] GC(671) Old regions: 822->820
[286.963s][info][gc,heap        ] GC(671) Humongous regions: 8->8
[286.963s][info][gc,metaspace   ] GC(671) Metaspace: 18770K(18880K)->18770K(18880K) NonClass: 16941K(17024K)->16941K(17024K) Class: 1829K(1856K)->1829K(1856K)
[286.963s][info][gc             ] GC(671) Pause Young (Normal) (G1 Evacuation Pause) 908M->836M(978M) 65.546ms
[286.963s][info][gc,cpu         ] GC(671) User=0.13s Sys=0.00s Real=0.07s
[287.225s][info][gc,start       ] GC(672) Pause Young (Normal) (G1 Evacuation Pause)
[287.225s][info][gc,task        ] GC(672) Using 2 workers of 2 for evacuation
[287.271s][info][gc,phases      ] GC(672)   Pre Evacuate Collection Set: 0.55ms
[287.271s][info][gc,phases      ] GC(672)   Merge Heap Roots: 1.21ms
[287.271s][info][gc,phases      ] GC(672)   Evacuate Collection Set: 43.27ms
[287.271s][info][gc,phases      ] GC(672)   Post Evacuate Collection Set: 0.49ms
[287.271s][info][gc,phases      ] GC(672)   Other: 0.08ms
[287.271s][info][gc,heap        ] GC(672) Eden regions: 82->0(81)
[287.271s][info][gc,heap        ] GC(672) Survivor regions: 9->5(12)
[287.271s][info][gc,heap        ] GC(672) Old regions: 820->829
[287.271s][info][gc,heap        ] GC(672) Humongous regions: 8->8
[287.271s][info][gc,metaspace   ] GC(672) Metaspace: 18782K(18944K)->18782K(18944K) NonClass: 16953K(17088K)->16953K(17088K) Class: 1829K(1856K)->1829K(1856K)
[287.271s][info][gc             ] GC(672) Pause Young (Normal) (G1 Evacuation Pause) 918M->840M(978M) 45.904ms
[287.271s][info][gc,cpu         ] GC(672) User=0.09s Sys=0.00s Real=0.05s
[287.453s][info][gc,start       ] GC(673) Pause Young (Normal) (G1 Evacuation Pause)
[287.453s][info][gc,task        ] GC(673) Using 2 workers of 2 for evacuation
[287.507s][info][gc,phases      ] GC(673)   Pre Evacuate Collection Set: 0.55ms
[287.507s][info][gc,phases      ] GC(673)   Merge Heap Roots: 0.39ms
[287.507s][info][gc,phases      ] GC(673)   Evacuate Collection Set: 53.11ms
[287.507s][info][gc,phases      ] GC(673)   Post Evacuate Collection Set: 0.55ms
[287.507s][info][gc,phases      ] GC(673)   Other: 0.08ms
[287.507s][info][gc,heap        ] GC(673) Eden regions: 81->0(52)
[287.507s][info][gc,heap        ] GC(673) Survivor regions: 5->11(11)
[287.507s][info][gc,heap        ] GC(673) Old regions: 829->843
[287.507s][info][gc,heap        ] GC(673) Humongous regions: 11->11
[287.507s][info][gc,metaspace   ] GC(673) Metaspace: 18782K(18944K)->18782K(18944K) NonClass: 16953K(17088K)->16953K(17088K) Class: 1829K(1856K)->1829K(1856K)
[287.508s][info][gc             ] GC(673) Pause Young (Normal) (G1 Evacuation Pause) 924M->864M(978M) 54.961ms
[287.508s][info][gc,cpu         ] GC(673) User=0.11s Sys=0.00s Real=0.05s
[287.608s][info][gc,start       ] GC(674) Pause Young (Normal) (G1 Evacuation Pause)
[287.608s][info][gc,task        ] GC(674) Using 2 workers of 2 for evacuation
[287.652s][info][gc,phases      ] GC(674)   Pre Evacuate Collection Set: 0.32ms
[287.653s][info][gc,phases      ] GC(674)   Merge Heap Roots: 0.47ms
[287.653s][info][gc,phases      ] GC(674)   Evacuate Collection Set: 43.04ms
[287.653s][info][gc,phases      ] GC(674)   Post Evacuate Collection Set: 0.36ms
[287.653s][info][gc,phases      ] GC(674)   Other: 0.07ms
[287.653s][info][gc,heap        ] GC(674) Eden regions: 52->0(49)
[287.653s][info][gc,heap        ] GC(674) Survivor regions: 11->7(8)
[287.653s][info][gc,heap        ] GC(674) Old regions: 843->854
[287.653s][info][gc,heap        ] GC(674) Humongous regions: 11->11
[287.653s][info][gc,metaspace   ] GC(674) Metaspace: 18782K(18944K)->18782K(18944K) NonClass: 16953K(17088K)->16953K(17088K) Class: 1829K(1856K)->1829K(1856K)
[287.653s][info][gc             ] GC(674) Pause Young (Normal) (G1 Evacuation Pause) 916M->871M(978M) 44.528ms
[287.653s][info][gc,cpu         ] GC(674) User=0.09s Sys=0.00s Real=0.05s
[287.762s][info][gc,start       ] GC(675) Pause Young (Normal) (G1 Evacuation Pause)
[287.762s][info][gc,task        ] GC(675) Using 2 workers of 2 for evacuation
[287.780s][info][gc,phases      ] GC(675)   Pre Evacuate Collection Set: 0.32ms
[287.780s][info][gc,phases      ] GC(675)   Merge Heap Roots: 0.12ms
[287.780s][info][gc,phases      ] GC(675)   Evacuate Collection Set: 17.01ms
[287.780s][info][gc,phases      ] GC(675)   Post Evacuate Collection Set: 0.33ms
[287.780s][info][gc,phases      ] GC(675)   Other: 0.08ms
[287.780s][info][gc,heap        ] GC(675) Eden regions: 49->0(42)
[287.780s][info][gc,heap        ] GC(675) Survivor regions: 7->7(7)
[287.780s][info][gc,heap        ] GC(675) Old regions: 854->861
[287.780s][info][gc,heap        ] GC(675) Humongous regions: 11->11
[287.780s][info][gc,metaspace   ] GC(675) Metaspace: 18787K(18944K)->18787K(18944K) NonClass: 16958K(17088K)->16958K(17088K) Class: 1829K(1856K)->1829K(1856K)
[287.780s][info][gc             ] GC(675) Pause Young (Normal) (G1 Evacuation Pause) 920M->878M(978M) 18.108ms
[287.780s][info][gc,cpu         ] GC(675) User=0.04s Sys=0.00s Real=0.01s
[287.843s][info][gc,start       ] GC(676) Pause Young (Normal) (G1 Evacuation Pause)
[287.843s][info][gc,task        ] GC(676) Using 2 workers of 2 for evacuation
[287.853s][info][gc,phases      ] GC(676)   Pre Evacuate Collection Set: 0.33ms
[287.853s][info][gc,phases      ] GC(676)   Merge Heap Roots: 0.11ms
[287.853s][info][gc,phases      ] GC(676)   Evacuate Collection Set: 9.22ms
[287.853s][info][gc,phases      ] GC(676)   Post Evacuate Collection Set: 0.31ms
[287.853s][info][gc,phases      ] GC(676)   Other: 0.08ms
[287.853s][info][gc,heap        ] GC(676) Eden regions: 42->0(47)
[287.853s][info][gc,heap        ] GC(676) Survivor regions: 7->1(7)
[287.853s][info][gc,heap        ] GC(676) Old regions: 861->868
[287.853s][info][gc,heap        ] GC(676) Humongous regions: 11->11
[287.853s][info][gc,metaspace   ] GC(676) Metaspace: 18787K(18944K)->18787K(18944K) NonClass: 16958K(17088K)->16958K(17088K) Class: 1829K(1856K)->1829K(1856K)
[287.853s][info][gc             ] GC(676) Pause Young (Normal) (G1 Evacuation Pause) 920M->879M(978M) 10.335ms
[287.853s][info][gc,cpu         ] GC(676) User=0.02s Sys=0.00s Real=0.01s
[287.960s][info][gc,start       ] GC(677) Pause Young (Normal) (G1 Evacuation Pause)
[287.960s][info][gc,task        ] GC(677) Using 2 workers of 2 for evacuation
[287.964s][info][gc,phases      ] GC(677)   Pre Evacuate Collection Set: 0.36ms
[287.964s][info][gc,phases      ] GC(677)   Merge Heap Roots: 0.08ms
[287.964s][info][gc,phases      ] GC(677)   Evacuate Collection Set: 3.13ms
[287.964s][info][gc,phases      ] GC(677)   Post Evacuate Collection Set: 0.31ms
[287.964s][info][gc,phases      ] GC(677)   Other: 0.08ms
[287.964s][info][gc,heap        ] GC(677) Eden regions: 47->0(46)
[287.964s][info][gc,heap        ] GC(677) Survivor regions: 1->2(6)
[287.964s][info][gc,heap        ] GC(677) Old regions: 868->868
[287.964s][info][gc,heap        ] GC(677) Humongous regions: 11->11
[287.964s][info][gc,metaspace   ] GC(677) Metaspace: 18787K(18944K)->18787K(18944K) NonClass: 16958K(17088K)->16958K(17088K) Class: 1829K(1856K)->1829K(1856K)
[287.964s][info][gc             ] GC(677) Pause Young (Normal) (G1 Evacuation Pause) 926M->880M(978M) 4.213ms
[287.964s][info][gc,cpu         ] GC(677) User=0.01s Sys=0.00s Real=0.01s
[287.996s][info][gc,marking     ] GC(667) Concurrent Mark From Roots 2768.713ms
[287.996s][info][gc,marking     ] GC(667) Concurrent Preclean
[287.996s][info][gc,marking     ] GC(667) Concurrent Preclean 0.038ms
[287.997s][info][gc,start       ] GC(667) Pause Remark
[288.009s][info][metaspace      ] ChkMgr @0x00007f59a415e580 (non-class-space): : reclaiming memory...
[288.009s][info][metaspace      ] ChkMgr @0x00007f59a415e580 (non-class-space): nothing reclaimed.
[288.009s][info][metaspace      ] ChkMgr @0x00007f59a415c690 (class-space): : reclaiming memory...
[288.009s][info][metaspace      ] ChkMgr @0x00007f59a415c690 (class-space): nothing reclaimed.
[288.010s][info][gc             ] GC(667) Pause Remark 893M->826M(978M) 12.953ms
[288.010s][info][gc,cpu         ] GC(667) User=0.02s Sys=0.00s Real=0.01s
[288.010s][info][gc,marking     ] GC(667) Concurrent Mark 2782.676ms
[288.010s][info][gc,marking     ] GC(667) Concurrent Rebuild Remembered Sets and Scrub Regions
[288.124s][info][gc,start       ] GC(678) Pause Young (Normal) (G1 Evacuation Pause)
[288.124s][info][gc,task        ] GC(678) Using 2 workers of 2 for evacuation
[288.136s][info][gc,phases      ] GC(678)   Pre Evacuate Collection Set: 0.50ms
[288.136s][info][gc,phases      ] GC(678)   Merge Heap Roots: 0.13ms
[288.136s][info][gc,phases      ] GC(678)   Evacuate Collection Set: 9.98ms
[288.136s][info][gc,phases      ] GC(678)   Post Evacuate Collection Set: 0.40ms
[288.136s][info][gc,phases      ] GC(678)   Other: 0.12ms
[288.136s][info][gc,heap        ] GC(678) Eden regions: 46->0(106)
[288.136s][info][gc,heap        ] GC(678) Survivor regions: 2->5(6)
[288.136s][info][gc,heap        ] GC(678) Old regions: 803->803
[288.136s][info][gc,heap        ] GC(678) Humongous regions: 9->9
[288.136s][info][gc,metaspace   ] GC(678) Metaspace: 18775K(18944K)->18775K(18944K) NonClass: 16946K(17088K)->16946K(17088K) Class: 1829K(1856K)->1829K(1856K)
[288.136s][info][gc             ] GC(678) Pause Young (Normal) (G1 Evacuation Pause) 859M->816M(978M) 11.375ms
[288.136s][info][gc,cpu         ] GC(678) User=0.01s Sys=0.00s Real=0.01s
[288.301s][info][gc,start       ] GC(679) Pause Young (Normal) (G1 Evacuation Pause)
[288.301s][info][gc,task        ] GC(679) Using 2 workers of 2 for evacuation
[288.319s][info][gc,phases      ] GC(679)   Pre Evacuate Collection Set: 0.37ms
[288.319s][info][gc,phases      ] GC(679)   Merge Heap Roots: 0.20ms
[288.319s][info][gc,phases      ] GC(679)   Evacuate Collection Set: 16.87ms
[288.319s][info][gc,phases      ] GC(679)   Post Evacuate Collection Set: 0.40ms
[288.319s][info][gc,phases      ] GC(679)   Other: 0.10ms
[288.319s][info][gc,heap        ] GC(679) Eden regions: 106->0(92)
[288.319s][info][gc,heap        ] GC(679) Survivor regions: 5->12(14)
[288.319s][info][gc,heap        ] GC(679) Old regions: 803->803
[288.319s][info][gc,heap        ] GC(679) Humongous regions: 9->9
[288.319s][info][gc,metaspace   ] GC(679) Metaspace: 18775K(18944K)->18775K(18944K) NonClass: 16946K(17088K)->16946K(17088K) Class: 1829K(1856K)->1829K(1856K)
[288.319s][info][gc             ] GC(679) Pause Young (Normal) (G1 Evacuation Pause) 922M->823M(978M) 18.183ms
[288.319s][info][gc,cpu         ] GC(679) User=0.04s Sys=0.00s Real=0.01s
[288.474s][info][gc,start       ] GC(680) Pause Young (Normal) (G1 Evacuation Pause)
[288.474s][info][gc,task        ] GC(680) Using 2 workers of 2 for evacuation
[288.505s][info][gc,phases      ] GC(680)   Pre Evacuate Collection Set: 0.32ms
[288.505s][info][gc,phases      ] GC(680)   Merge Heap Roots: 0.16ms
[288.505s][info][gc,phases      ] GC(680)   Evacuate Collection Set: 29.62ms
[288.505s][info][gc,phases      ] GC(680)   Post Evacuate Collection Set: 0.36ms
[288.505s][info][gc,phases      ] GC(680)   Other: 0.11ms
[288.505s][info][gc,heap        ] GC(680) Eden regions: 92->0(80)
[288.505s][info][gc,heap        ] GC(680) Survivor regions: 12->12(13)
[288.505s][info][gc,heap        ] GC(680) Old regions: 803->815
[288.505s][info][gc,heap        ] GC(680) Humongous regions: 9->9
[288.505s][info][gc,metaspace   ] GC(680) Metaspace: 18775K(18944K)->18775K(18944K) NonClass: 16946K(17088K)->16946K(17088K) Class: 1829K(1856K)->1829K(1856K)
[288.505s][info][gc             ] GC(680) Pause Young (Normal) (G1 Evacuation Pause) 915M->835M(978M) 30.804ms
[288.505s][info][gc,cpu         ] GC(680) User=0.06s Sys=0.00s Real=0.03s
[288.616s][info][gc,start       ] GC(681) Pause Young (Normal) (G1 Evacuation Pause)
[288.616s][info][gc,task        ] GC(681) Using 2 workers of 2 for evacuation
[288.650s][info][gc,phases      ] GC(681)   Pre Evacuate Collection Set: 0.33ms
[288.650s][info][gc,phases      ] GC(681)   Merge Heap Roots: 0.11ms
[288.650s][info][gc,phases      ] GC(681)   Evacuate Collection Set: 33.22ms
[288.650s][info][gc,phases      ] GC(681)   Post Evacuate Collection Set: 0.41ms
[288.650s][info][gc,phases      ] GC(681)   Other: 0.09ms
[288.650s][info][gc,heap        ] GC(681) Eden regions: 80->0(63)
[288.650s][info][gc,heap        ] GC(681) Survivor regions: 12->12(12)
[288.650s][info][gc,heap        ] GC(681) Old regions: 815->832
[288.650s][info][gc,heap        ] GC(681) Humongous regions: 9->9
[288.650s][info][gc,metaspace   ] GC(681) Metaspace: 18775K(18944K)->18775K(18944K) NonClass: 16946K(17088K)->16946K(17088K) Class: 1829K(1856K)->1829K(1856K)
[288.650s][info][gc             ] GC(681) Pause Young (Normal) (G1 Evacuation Pause) 915M->852M(978M) 34.414ms
[288.650s][info][gc,cpu         ] GC(681) User=0.07s Sys=0.00s Real=0.03s
[288.730s][info][gc,start       ] GC(682) Pause Young (Normal) (G1 Evacuation Pause)
[288.730s][info][gc,task        ] GC(682) Using 2 workers of 2 for evacuation
[288.765s][info][gc,phases      ] GC(682)   Pre Evacuate Collection Set: 0.58ms
[288.765s][info][gc,phases      ] GC(682)   Merge Heap Roots: 0.19ms
[288.765s][info][gc,phases      ] GC(682)   Evacuate Collection Set: 33.19ms
[288.765s][info][gc,phases      ] GC(682)   Post Evacuate Collection Set: 0.42ms
[288.765s][info][gc,phases      ] GC(682)   Other: 0.08ms
[288.765s][info][gc,heap        ] GC(682) Eden regions: 63->0(49)
[288.765s][info][gc,heap        ] GC(682) Survivor regions: 12->10(10)
[288.765s][info][gc,heap        ] GC(682) Old regions: 832->850
[288.765s][info][gc,heap        ] GC(682) Humongous regions: 9->9
[288.765s][info][gc,metaspace   ] GC(682) Metaspace: 18775K(18944K)->18775K(18944K) NonClass: 16946K(17088K)->16946K(17088K) Class: 1829K(1856K)->1829K(1856K)
[288.765s][info][gc             ] GC(682) Pause Young (Normal) (G1 Evacuation Pause) 915M->868M(978M) 34.737ms
[288.765s][info][gc,cpu         ] GC(682) User=0.07s Sys=0.00s Real=0.04s
[288.834s][info][gc,start       ] GC(683) Pause Young (Normal) (G1 Evacuation Pause)
[288.834s][info][gc,task        ] GC(683) Using 2 workers of 2 for evacuation
[288.857s][info][gc,phases      ] GC(683)   Pre Evacuate Collection Set: 0.54ms
[288.857s][info][gc,phases      ] GC(683)   Merge Heap Roots: 0.15ms
[288.857s][info][gc,phases      ] GC(683)   Evacuate Collection Set: 22.16ms
[288.857s][info][gc,phases      ] GC(683)   Post Evacuate Collection Set: 0.37ms
[288.857s][info][gc,phases      ] GC(683)   Other: 0.11ms
[288.857s][info][gc,heap        ] GC(683) Eden regions: 49->0(40)
[288.857s][info][gc,heap        ] GC(683) Survivor regions: 10->8(8)
[288.857s][info][gc,heap        ] GC(683) Old regions: 850->863
[288.857s][info][gc,heap        ] GC(683) Humongous regions: 9->9
[288.857s][info][gc,metaspace   ] GC(683) Metaspace: 18775K(18944K)->18775K(18944K) NonClass: 16946K(17088K)->16946K(17088K) Class: 1829K(1856K)->1829K(1856K)
[288.857s][info][gc             ] GC(683) Pause Young (Normal) (G1 Evacuation Pause) 917M->879M(978M) 23.574ms
[288.857s][info][gc,cpu         ] GC(683) User=0.05s Sys=0.00s Real=0.02s
[288.934s][info][gc,start       ] GC(684) Pause Young (Normal) (G1 Evacuation Pause)
[288.934s][info][gc,task        ] GC(684) Using 2 workers of 2 for evacuation
[288.948s][info][gc,phases      ] GC(684)   Pre Evacuate Collection Set: 0.54ms
[288.948s][info][gc,phases      ] GC(684)   Merge Heap Roots: 0.12ms
[288.948s][info][gc,phases      ] GC(684)   Evacuate Collection Set: 13.40ms
[288.948s][info][gc,phases      ] GC(684)   Post Evacuate Collection Set: 0.35ms
[288.948s][info][gc,phases      ] GC(684)   Other: 0.11ms
[288.948s][info][gc,heap        ] GC(684) Eden regions: 40->0(43)
[288.948s][info][gc,heap        ] GC(684) Survivor regions: 8->5(6)
[288.948s][info][gc,heap        ] GC(684) Old regions: 863->872
[288.948s][info][gc,heap        ] GC(684) Humongous regions: 9->9
[288.948s][info][gc,metaspace   ] GC(684) Metaspace: 18775K(18944K)->18775K(18944K) NonClass: 16946K(17088K)->16946K(17088K) Class: 1829K(1856K)->1829K(1856K)
[288.948s][info][gc             ] GC(684) Pause Young (Normal) (G1 Evacuation Pause) 919M->885M(978M) 14.766ms
[288.948s][info][gc,cpu         ] GC(684) User=0.03s Sys=0.00s Real=0.01s
[288.994s][info][gc,marking     ] GC(667) Concurrent Rebuild Remembered Sets and Scrub Regions 984.093ms
[288.995s][info][gc,start       ] GC(667) Pause Cleanup
[288.995s][info][gc             ] GC(667) Pause Cleanup 905M->905M(978M) 0.190ms
[288.995s][info][gc,cpu         ] GC(667) User=0.00s Sys=0.00s Real=0.00s
[288.995s][info][gc,marking     ] GC(667) Concurrent Clear Claimed Marks
[288.995s][info][gc,marking     ] GC(667) Concurrent Clear Claimed Marks 0.039ms
[288.995s][info][gc,marking     ] GC(667) Concurrent Cleanup for Next Mark
[288.998s][info][gc,marking     ] GC(667) Concurrent Cleanup for Next Mark 3.050ms
[288.998s][info][gc             ] GC(667) Concurrent Mark Cycle 3837.376ms
[289.037s][info][gc,start       ] GC(685) Pause Young (Prepare Mixed) (G1 Evacuation Pause)
[289.038s][info][gc,task        ] GC(685) Using 2 workers of 2 for evacuation
[289.057s][info][gc,phases      ] GC(685)   Pre Evacuate Collection Set: 0.33ms
[289.057s][info][gc,phases      ] GC(685)   Merge Heap Roots: 0.30ms
[289.057s][info][gc,phases      ] GC(685)   Evacuate Collection Set: 18.11ms
[289.057s][info][gc,phases      ] GC(685)   Post Evacuate Collection Set: 0.52ms
[289.057s][info][gc,phases      ] GC(685)   Other: 0.09ms
[289.057s][info][gc,heap        ] GC(685) Eden regions: 43->0(44)
[289.057s][info][gc,heap        ] GC(685) Survivor regions: 5->4(6)
[289.057s][info][gc,heap        ] GC(685) Old regions: 872->877
[289.057s][info][gc,heap        ] GC(685) Humongous regions: 9->9
[289.057s][info][gc,metaspace   ] GC(685) Metaspace: 18775K(18944K)->18775K(18944K) NonClass: 16946K(17088K)->16946K(17088K) Class: 1829K(1856K)->1829K(1856K)
[289.057s][info][gc             ] GC(685) Pause Young (Prepare Mixed) (G1 Evacuation Pause) 928M->889M(978M) 19.623ms
[289.057s][info][gc,cpu         ] GC(685) User=0.04s Sys=0.00s Real=0.02s
[289.093s][info][gc,start       ] GC(686) Pause Young (Mixed) (G1 Evacuation Pause)
[289.093s][info][gc,task        ] GC(686) Using 2 workers of 2 for evacuation
[289.147s][info][gc,phases      ] GC(686)   Pre Evacuate Collection Set: 0.62ms
[289.147s][info][gc,phases      ] GC(686)   Merge Heap Roots: 0.72ms
[289.147s][info][gc,phases      ] GC(686)   Evacuate Collection Set: 52.33ms
[289.147s][info][gc,phases      ] GC(686)   Post Evacuate Collection Set: 0.44ms
[289.147s][info][gc,phases      ] GC(686)   Other: 0.09ms
[289.147s][info][gc,heap        ] GC(686) Eden regions: 44->0(85)
[289.147s][info][gc,heap        ] GC(686) Survivor regions: 4->6(6)
[289.147s][info][gc,heap        ] GC(686) Old regions: 877->821
[289.147s][info][gc,heap        ] GC(686) Humongous regions: 10->10
[289.147s][info][gc,metaspace   ] GC(686) Metaspace: 18775K(18944K)->18775K(18944K) NonClass: 16946K(17088K)->16946K(17088K) Class: 1829K(1856K)->1829K(1856K)
[289.147s][info][gc             ] GC(686) Pause Young (Mixed) (G1 Evacuation Pause) 934M->836M(978M) 54.453ms
[289.147s][info][gc,cpu         ] GC(686) User=0.11s Sys=0.00s Real=0.05s
[289.204s][info][gc,start       ] GC(687) Pause Young (Concurrent Start) (G1 Evacuation Pause)
[289.204s][info][gc,task        ] GC(687) Using 2 workers of 2 for evacuation
[289.221s][info][gc,phases      ] GC(687)   Pre Evacuate Collection Set: 0.38ms
[289.221s][info][gc,phases      ] GC(687)   Merge Heap Roots: 0.09ms
[289.221s][info][gc,phases      ] GC(687)   Evacuate Collection Set: 15.45ms
[289.221s][info][gc,phases      ] GC(687)   Post Evacuate Collection Set: 0.39ms
[289.221s][info][gc,phases      ] GC(687)   Other: 0.25ms
[289.221s][info][gc,heap        ] GC(687) Eden regions: 85->0(75)
[289.221s][info][gc,heap        ] GC(687) Survivor regions: 6->11(12)
[289.221s][info][gc,heap        ] GC(687) Old regions: 821->821
[289.221s][info][gc,heap        ] GC(687) Humongous regions: 10->10
[289.221s][info][gc,metaspace   ] GC(687) Metaspace: 18775K(18944K)->18775K(18944K) NonClass: 16946K(17088K)->16946K(17088K) Class: 1829K(1856K)->1829K(1856K)
[289.221s][info][gc             ] GC(687) Pause Young (Concurrent Start) (G1 Evacuation Pause) 921M->841M(978M) 16.801ms
[289.221s][info][gc,cpu         ] GC(687) User=0.03s Sys=0.00s Real=0.02s
[289.221s][info][gc             ] GC(688) Concurrent Mark Cycle
[289.221s][info][gc,marking     ] GC(688) Concurrent Scan Root Regions
[289.253s][info][gc,marking     ] GC(688) Concurrent Scan Root Regions 32.367ms
[289.254s][info][gc,marking     ] GC(688) Concurrent Mark
[289.254s][info][gc,marking     ] GC(688) Concurrent Mark From Roots
[289.254s][info][gc,task        ] GC(688) Using 1 workers of 1 for marking
[289.304s][info][gc,start       ] GC(689) Pause Young (Normal) (G1 Evacuation Pause)
[289.304s][info][gc,task        ] GC(689) Using 2 workers of 2 for evacuation
[289.326s][info][gc,phases      ] GC(689)   Pre Evacuate Collection Set: 0.56ms
[289.326s][info][gc,phases      ] GC(689)   Merge Heap Roots: 0.07ms
[289.326s][info][gc,phases      ] GC(689)   Evacuate Collection Set: 20.19ms
[289.326s][info][gc,phases      ] GC(689)   Post Evacuate Collection Set: 0.38ms
[289.326s][info][gc,phases      ] GC(689)   Other: 0.12ms
[289.326s][info][gc,heap        ] GC(689) Eden regions: 75->0(72)
[289.326s][info][gc,heap        ] GC(689) Survivor regions: 11->9(11)
[289.326s][info][gc,heap        ] GC(689) Old regions: 821->828
[289.326s][info][gc,heap        ] GC(689) Humongous regions: 10->10
[289.326s][info][gc,metaspace   ] GC(689) Metaspace: 18775K(18944K)->18775K(18944K) NonClass: 16946K(17088K)->16946K(17088K) Class: 1829K(1856K)->1829K(1856K)
[289.326s][info][gc             ] GC(689) Pause Young (Normal) (G1 Evacuation Pause) 916M->845M(978M) 21.579ms
[289.326s][info][gc,cpu         ] GC(689) User=0.04s Sys=0.00s Real=0.02s
[289.433s][info][gc,start       ] GC(690) Pause Young (Normal) (G1 Evacuation Pause)
[289.433s][info][gc,task        ] GC(690) Using 2 workers of 2 for evacuation
[289.446s][info][gc,phases      ] GC(690)   Pre Evacuate Collection Set: 0.32ms
[289.446s][info][gc,phases      ] GC(690)   Merge Heap Roots: 0.08ms
[289.446s][info][gc,phases      ] GC(690)   Evacuate Collection Set: 11.29ms
[289.446s][info][gc,phases      ] GC(690)   Post Evacuate Collection Set: 0.40ms
[289.446s][info][gc,phases      ] GC(690)   Other: 0.09ms
[289.446s][info][gc,heap        ] GC(690) Eden regions: 72->0(78)
[289.446s][info][gc,heap        ] GC(690) Survivor regions: 9->4(11)
[289.446s][info][gc,heap        ] GC(690) Old regions: 828->832
[289.446s][info][gc,heap        ] GC(690) Humongous regions: 10->10
[289.446s][info][gc,metaspace   ] GC(690) Metaspace: 18775K(18944K)->18775K(18944K) NonClass: 16946K(17088K)->16946K(17088K) Class: 1829K(1856K)->1829K(1856K)
[289.446s][info][gc             ] GC(690) Pause Young (Normal) (G1 Evacuation Pause) 917M->845M(978M) 12.456ms
[289.446s][info][gc,cpu         ] GC(690) User=0.02s Sys=0.00s Real=0.01s
[289.526s][info][gc,start       ] GC(691) Pause Young (Normal) (G1 Evacuation Pause)
[289.526s][info][gc,task        ] GC(691) Using 2 workers of 2 for evacuation
[289.535s][info][gc,phases      ] GC(691)   Pre Evacuate Collection Set: 0.32ms
[289.535s][info][gc,phases      ] GC(691)   Merge Heap Roots: 0.10ms
[289.535s][info][gc,phases      ] GC(691)   Evacuate Collection Set: 7.72ms
[289.535s][info][gc,phases      ] GC(691)   Post Evacuate Collection Set: 0.35ms
[289.535s][info][gc,phases      ] GC(691)   Other: 0.08ms
[289.535s][info][gc,heap        ] GC(691) Eden regions: 78->0(76)
[289.535s][info][gc,heap        ] GC(691) Survivor regions: 4->5(11)
[289.535s][info][gc,heap        ] GC(691) Old regions: 832->832
[289.535s][info][gc,heap        ] GC(691) Humongous regions: 10->10
[289.535s][info][gc,metaspace   ] GC(691) Metaspace: 18775K(18944K)->18775K(18944K) NonClass: 16946K(17088K)->16946K(17088K) Class: 1829K(1856K)->1829K(1856K)
[289.535s][info][gc             ] GC(691) Pause Young (Normal) (G1 Evacuation Pause) 923M->846M(978M) 8.831ms
[289.535s][info][gc,cpu         ] GC(691) User=0.02s Sys=0.00s Real=0.01s
[289.641s][info][gc,start       ] GC(692) Pause Young (Normal) (G1 Evacuation Pause)
[289.641s][info][gc,task        ] GC(692) Using 2 workers of 2 for evacuation
[289.651s][info][gc,phases      ] GC(692)   Pre Evacuate Collection Set: 0.29ms
[289.651s][info][gc,phases      ] GC(692)   Merge Heap Roots: 0.10ms
[289.651s][info][gc,phases      ] GC(692)   Evacuate Collection Set: 8.60ms
[289.651s][info][gc,phases      ] GC(692)   Post Evacuate Collection Set: 0.35ms
[289.651s][info][gc,phases      ] GC(692)   Other: 0.08ms
[289.651s][info][gc,heap        ] GC(692) Eden regions: 76->0(74)
[289.651s][info][gc,heap        ] GC(692) Survivor regions: 5->6(11)
[289.651s][info][gc,heap        ] GC(692) Old regions: 832->832
[289.651s][info][gc,heap        ] GC(692) Humongous regions: 10->10
[289.651s][info][gc,metaspace   ] GC(692) Metaspace: 18775K(18944K)->18775K(18944K) NonClass: 16946K(17088K)->16946K(17088K) Class: 1829K(1856K)->1829K(1856K)
[289.651s][info][gc             ] GC(692) Pause Young (Normal) (G1 Evacuation Pause) 922M->847M(978M) 9.680ms
[289.651s][info][gc,cpu         ] GC(692) User=0.02s Sys=0.00s Real=0.01s
[289.821s][info][gc,start       ] GC(693) Pause Young (Normal) (G1 Evacuation Pause)
[289.821s][info][gc,task        ] GC(693) Using 2 workers of 2 for evacuation
[289.833s][info][gc,phases      ] GC(693)   Pre Evacuate Collection Set: 0.55ms
[289.834s][info][gc,phases      ] GC(693)   Merge Heap Roots: 0.12ms
[289.834s][info][gc,phases      ] GC(693)   Evacuate Collection Set: 11.66ms
[289.834s][info][gc,phases      ] GC(693)   Post Evacuate Collection Set: 0.38ms
[289.834s][info][gc,phases      ] GC(693)   Other: 0.09ms
[289.834s][info][gc,heap        ] GC(693) Eden regions: 74->0(72)
[289.834s][info][gc,heap        ] GC(693) Survivor regions: 6->5(10)
[289.834s][info][gc,heap        ] GC(693) Old regions: 832->836
[289.834s][info][gc,heap        ] GC(693) Humongous regions: 10->10
[289.834s][info][gc,metaspace   ] GC(693) Metaspace: 18775K(18944K)->18775K(18944K) NonClass: 16946K(17088K)->16946K(17088K) Class: 1829K(1856K)->1829K(1856K)
[289.834s][info][gc             ] GC(693) Pause Young (Normal) (G1 Evacuation Pause) 921M->850M(978M) 13.070ms
[289.834s][info][gc,cpu         ] GC(693) User=0.02s Sys=0.00s Real=0.01s
[289.948s][info][gc,start       ] GC(694) Pause Young (Normal) (G1 Evacuation Pause)
[289.949s][info][gc,task        ] GC(694) Using 2 workers of 2 for evacuation
[289.960s][info][gc,phases      ] GC(694)   Pre Evacuate Collection Set: 0.33ms
[289.960s][info][gc,phases      ] GC(694)   Merge Heap Roots: 0.12ms
[289.960s][info][gc,phases      ] GC(694)   Evacuate Collection Set: 10.27ms
[289.960s][info][gc,phases      ] GC(694)   Post Evacuate Collection Set: 0.38ms
[289.960s][info][gc,phases      ] GC(694)   Other: 0.11ms
[289.960s][info][gc,heap        ] GC(694) Eden regions: 72->0(66)
[289.960s][info][gc,heap        ] GC(694) Survivor regions: 5->8(10)
[289.960s][info][gc,heap        ] GC(694) Old regions: 836->836
[289.960s][info][gc,heap        ] GC(694) Humongous regions: 10->10
[289.960s][info][gc,metaspace   ] GC(694) Metaspace: 18775K(18944K)->18775K(18944K) NonClass: 16946K(17088K)->16946K(17088K) Class: 1829K(1856K)->1829K(1856K)
[289.960s][info][gc             ] GC(694) Pause Young (Normal) (G1 Evacuation Pause) 922M->853M(978M) 11.460ms
[289.960s][info][gc,cpu         ] GC(694) User=0.02s Sys=0.00s Real=0.01s
[290.078s][info][gc,marking     ] GC(688) Concurrent Mark From Roots 824.645ms
[290.078s][info][gc,marking     ] GC(688) Concurrent Preclean
[290.078s][info][gc,marking     ] GC(688) Concurrent Preclean 0.040ms
[290.078s][info][gc,start       ] GC(688) Pause Remark
[290.091s][info][metaspace      ] ChkMgr @0x00007f59a415e580 (non-class-space): : reclaiming memory...
[290.091s][info][metaspace      ] ChkMgr @0x00007f59a415e580 (non-class-space): nothing reclaimed.
[290.091s][info][metaspace      ] ChkMgr @0x00007f59a415c690 (class-space): : reclaiming memory...
[290.091s][info][metaspace      ] ChkMgr @0x00007f59a415c690 (class-space): nothing reclaimed.
[290.092s][info][gc             ] GC(688) Pause Remark 891M->355M(978M) 13.253ms
[290.092s][info][gc,cpu         ] GC(688) User=0.03s Sys=0.00s Real=0.02s
[290.093s][info][gc,marking     ] GC(688) Concurrent Mark 839.818ms
[290.093s][info][gc,marking     ] GC(688) Concurrent Rebuild Remembered Sets and Scrub Regions
[290.214s][info][gc,start       ] GC(695) Pause Young (Normal) (G1 Evacuation Pause)
[290.214s][info][gc,task        ] GC(695) Using 2 workers of 2 for evacuation
[290.226s][info][gc,phases      ] GC(695)   Pre Evacuate Collection Set: 0.31ms
[290.226s][info][gc,phases      ] GC(695)   Merge Heap Roots: 0.21ms
[290.227s][info][gc,phases      ] GC(695)   Evacuate Collection Set: 11.01ms
[290.227s][info][gc,phases      ] GC(695)   Post Evacuate Collection Set: 0.35ms
[290.227s][info][gc,phases      ] GC(695)   Other: 0.13ms
[290.227s][info][gc,heap        ] GC(695) Eden regions: 66->0(583)
[290.227s][info][gc,heap        ] GC(695) Survivor regions: 8->3(10)
[290.227s][info][gc,heap        ] GC(695) Old regions: 307->312
[290.227s][info][gc,heap        ] GC(695) Humongous regions: 3->3
[290.227s][info][gc,metaspace   ] GC(695) Metaspace: 18769K(18944K)->18769K(18944K) NonClass: 16940K(17088K)->16940K(17088K) Class: 1829K(1856K)->1829K(1856K)
[290.227s][info][gc             ] GC(695) Pause Young (Normal) (G1 Evacuation Pause) 383M->317M(978M) 12.285ms
[290.227s][info][gc,cpu         ] GC(695) User=0.02s Sys=0.00s Real=0.01s
[290.328s][info][gc,marking     ] GC(688) Concurrent Rebuild Remembered Sets and Scrub Regions 234.345ms
[290.328s][info][gc,start       ] GC(688) Pause Cleanup
[290.328s][info][gc             ] GC(688) Pause Cleanup 339M->339M(978M) 0.141ms
[290.328s][info][gc,cpu         ] GC(688) User=0.00s Sys=0.00s Real=0.00s
[290.331s][info][gc,marking     ] GC(688) Concurrent Clear Claimed Marks
[290.331s][info][gc,marking     ] GC(688) Concurrent Clear Claimed Marks 0.069ms
[290.331s][info][gc,marking     ] GC(688) Concurrent Cleanup for Next Mark
[290.334s][info][gc,marking     ] GC(688) Concurrent Cleanup for Next Mark 3.021ms
[290.334s][info][gc             ] GC(688) Concurrent Mark Cycle 1112.644ms
[291.233s][info][gc,start       ] GC(696) Pause Young (Prepare Mixed) (G1 Evacuation Pause)
[291.233s][info][gc,task        ] GC(696) Using 2 workers of 2 for evacuation
[291.372s][info][gc,phases      ] GC(696)   Pre Evacuate Collection Set: 0.58ms
[291.372s][info][gc,phases      ] GC(696)   Merge Heap Roots: 0.33ms
[291.372s][info][gc,phases      ] GC(696)   Evacuate Collection Set: 129.66ms
[291.372s][info][gc,phases      ] GC(696)   Post Evacuate Collection Set: 7.83ms
[291.372s][info][gc,phases      ] GC(696)   Other: 0.12ms
[291.372s][info][gc,heap        ] GC(696) Eden regions: 583->0(357)
[291.372s][info][gc,heap        ] GC(696) Survivor regions: 3->74(74)
[291.372s][info][gc,heap        ] GC(696) Old regions: 312->419
[291.372s][info][gc,heap        ] GC(696) Humongous regions: 4->4
[291.372s][info][gc,metaspace   ] GC(696) Metaspace: 18771K(18944K)->18771K(18944K) NonClass: 16941K(17088K)->16941K(17088K) Class: 1829K(1856K)->1829K(1856K)
[291.372s][info][gc             ] GC(696) Pause Young (Prepare Mixed) (G1 Evacuation Pause) (Evacuation Failure: Allocation) 901M->496M(978M) 138.804ms
[291.372s][info][gc,cpu         ] GC(696) User=0.27s Sys=0.00s Real=0.14s
[292.195s][info][gc,start       ] GC(697) Pause Young (Mixed) (G1 Evacuation Pause)
[292.195s][info][gc,task        ] GC(697) Using 2 workers of 2 for evacuation
[292.332s][info][gc,phases      ] GC(697)   Pre Evacuate Collection Set: 0.63ms
[292.332s][info][gc,phases      ] GC(697)   Merge Heap Roots: 0.57ms
[292.332s][info][gc,phases      ] GC(697)   Evacuate Collection Set: 135.45ms
[292.333s][info][gc,phases      ] GC(697)   Post Evacuate Collection Set: 0.86ms
[292.333s][info][gc,phases      ] GC(697)   Other: 0.11ms
[292.333s][info][gc,heap        ] GC(697) Eden regions: 357->0(445)
[292.333s][info][gc,heap        ] GC(697) Survivor regions: 74->34(54)
[292.333s][info][gc,heap        ] GC(697) Old regions: 419->372
[292.333s][info][gc,heap        ] GC(697) Humongous regions: 4->4
[292.333s][info][gc,metaspace   ] GC(697) Metaspace: 18771K(18944K)->18771K(18944K) NonClass: 16941K(17088K)->16941K(17088K) Class: 1829K(1856K)->1829K(1856K)
[292.333s][info][gc             ] GC(697) Pause Young (Mixed) (G1 Evacuation Pause) 853M->409M(978M) 137.913ms
[292.333s][info][gc,cpu         ] GC(697) User=0.27s Sys=0.00s Real=0.14s
[292.708s][info][gc,start       ] GC(698) Pause Young (Concurrent Start) (G1 Humongous Allocation)
[292.708s][info][gc,task        ] GC(698) Using 2 workers of 2 for evacuation
[292.915s][info][gc,mmu         ] GC(698) MMU target violated: 201.0ms (200.0ms/201.0ms)
[292.915s][info][gc,phases      ] GC(698)   Pre Evacuate Collection Set: 0.32ms
[292.915s][info][gc,phases      ] GC(698)   Merge Heap Roots: 0.31ms
[292.915s][info][gc,phases      ] GC(698)   Evacuate Collection Set: 205.48ms
[292.915s][info][gc,phases      ] GC(698)   Post Evacuate Collection Set: 0.75ms
[292.915s][info][gc,phases      ] GC(698)   Other: 0.22ms
[292.915s][info][gc,heap        ] GC(698) Eden regions: 312->0(262)
[292.915s][info][gc,heap        ] GC(698) Survivor regions: 34->60(60)
[292.915s][info][gc,heap        ] GC(698) Old regions: 372->491
[292.915s][info][gc,heap        ] GC(698) Humongous regions: 4->4
[292.915s][info][gc,metaspace   ] GC(698) Metaspace: 18778K(18944K)->18778K(18944K) NonClass: 16948K(17088K)->16948K(17088K) Class: 1829K(1856K)->1829K(1856K)
[292.915s][info][gc             ] GC(698) Pause Young (Concurrent Start) (G1 Humongous Allocation) 721M->554M(978M) 207.299ms
[292.916s][info][gc,cpu         ] GC(698) User=0.41s Sys=0.00s Real=0.21s
[292.916s][info][gc             ] GC(699) Concurrent Mark Cycle
[292.916s][info][gc,marking     ] GC(699) Concurrent Scan Root Regions
[293.230s][info][gc,marking     ] GC(699) Concurrent Scan Root Regions 314.740ms
[293.230s][info][gc,marking     ] GC(699) Concurrent Mark
[293.230s][info][gc,marking     ] GC(699) Concurrent Mark From Roots
[293.230s][info][gc,task        ] GC(699) Using 1 workers of 1 for marking
[293.308s][info][gc,start       ] GC(700) Pause Young (Normal) (G1 Evacuation Pause)
[293.308s][info][gc,task        ] GC(700) Using 2 workers of 2 for evacuation
[293.394s][info][gc,phases      ] GC(700)   Pre Evacuate Collection Set: 0.35ms
[293.394s][info][gc,phases      ] GC(700)   Merge Heap Roots: 0.50ms
[293.394s][info][gc,phases      ] GC(700)   Evacuate Collection Set: 84.84ms
[293.394s][info][gc,phases      ] GC(700)   Post Evacuate Collection Set: 0.64ms
[293.394s][info][gc,phases      ] GC(700)   Other: 0.12ms
[293.394s][info][gc,heap        ] GC(700) Eden regions: 262->0(266)
[293.394s][info][gc,heap        ] GC(700) Survivor regions: 60->16(41)
[293.394s][info][gc,heap        ] GC(700) Old regions: 491->552
[293.394s][info][gc,heap        ] GC(700) Humongous regions: 5->5
[293.394s][info][gc,metaspace   ] GC(700) Metaspace: 18779K(18944K)->18779K(18944K) NonClass: 16950K(17088K)->16950K(17088K) Class: 1829K(1856K)->1829K(1856K)
[293.394s][info][gc             ] GC(700) Pause Young (Normal) (G1 Evacuation Pause) 817M->571M(978M) 86.725ms
[293.394s][info][gc,cpu         ] GC(700) User=0.17s Sys=0.00s Real=0.09s
[293.931s][info][gc,start       ] GC(701) Pause Young (Normal) (G1 Evacuation Pause)
[293.931s][info][gc,task        ] GC(701) Using 2 workers of 2 for evacuation
[294.005s][info][gc,phases      ] GC(701)   Pre Evacuate Collection Set: 0.35ms
[294.005s][info][gc,phases      ] GC(701)   Merge Heap Roots: 0.16ms
[294.005s][info][gc,phases      ] GC(701)   Evacuate Collection Set: 72.82ms
[294.005s][info][gc,phases      ] GC(701)   Post Evacuate Collection Set: 0.85ms
[294.005s][info][gc,phases      ] GC(701)   Other: 0.13ms
[294.005s][info][gc,heap        ] GC(701) Eden regions: 266->0(227)
[294.005s][info][gc,heap        ] GC(701) Survivor regions: 16->36(36)
[294.005s][info][gc,heap        ] GC(701) Old regions: 552->585
[294.005s][info][gc,heap        ] GC(701) Humongous regions: 5->5
[294.005s][info][gc,metaspace   ] GC(701) Metaspace: 18779K(18944K)->18779K(18944K) NonClass: 16950K(17088K)->16950K(17088K) Class: 1829K(1856K)->1829K(1856K)
[294.005s][info][gc             ] GC(701) Pause Young (Normal) (G1 Evacuation Pause) 837M->625M(978M) 74.561ms
[294.005s][info][gc,cpu         ] GC(701) User=0.14s Sys=0.00s Real=0.07s
[294.257s][info][gc,marking     ] GC(699) Concurrent Mark From Roots 1026.810ms
[294.257s][info][gc,marking     ] GC(699) Concurrent Preclean
[294.257s][info][gc,marking     ] GC(699) Concurrent Preclean 0.034ms
[294.257s][info][gc,start       ] GC(699) Pause Remark
[294.266s][info][gc             ] GC(699) Pause Remark 704M->641M(978M) 8.686ms
[294.266s][info][gc,cpu         ] GC(699) User=0.02s Sys=0.00s Real=0.01s
[294.266s][info][gc,marking     ] GC(699) Concurrent Mark 1035.871ms
[294.266s][info][gc,marking     ] GC(699) Concurrent Rebuild Remembered Sets and Scrub Regions
[294.559s][info][gc,start       ] GC(702) Pause Young (Normal) (G1 Evacuation Pause)
[294.559s][info][gc,task        ] GC(702) Using 2 workers of 2 for evacuation
[294.642s][info][gc,phases      ] GC(702)   Pre Evacuate Collection Set: 0.35ms
[294.642s][info][gc,phases      ] GC(702)   Merge Heap Roots: 0.43ms
[294.642s][info][gc,phases      ] GC(702)   Evacuate Collection Set: 81.61ms
[294.642s][info][gc,phases      ] GC(702)   Post Evacuate Collection Set: 0.57ms
[294.642s][info][gc,phases      ] GC(702)   Other: 0.13ms
[294.642s][info][gc,heap        ] GC(702) Eden regions: 227->0(253)
[294.642s][info][gc,heap        ] GC(702) Survivor regions: 36->28(33)
[294.642s][info][gc,heap        ] GC(702) Old regions: 523->559
[294.642s][info][gc,heap        ] GC(702) Humongous regions: 4->4
[294.642s][info][gc,metaspace   ] GC(702) Metaspace: 18779K(18944K)->18779K(18944K) NonClass: 16950K(17088K)->16950K(17088K) Class: 1829K(1856K)->1829K(1856K)
[294.642s][info][gc             ] GC(702) Pause Young (Normal) (G1 Evacuation Pause) 789M->590M(978M) 83.374ms
[294.642s][info][gc,cpu         ] GC(702) User=0.17s Sys=0.00s Real=0.09s
[294.861s][info][gc,marking     ] GC(699) Concurrent Rebuild Remembered Sets and Scrub Regions 594.784ms
[294.861s][info][gc,start       ] GC(699) Pause Cleanup
[294.861s][info][gc             ] GC(699) Pause Cleanup 762M->762M(978M) 0.122ms
[294.861s][info][gc,cpu         ] GC(699) User=0.00s Sys=0.00s Real=0.00s
[294.861s][info][gc,marking     ] GC(699) Concurrent Clear Claimed Marks
[294.861s][info][gc,marking     ] GC(699) Concurrent Clear Claimed Marks 0.034ms
[294.861s][info][gc,marking     ] GC(699) Concurrent Cleanup for Next Mark
[294.864s][info][gc,marking     ] GC(699) Concurrent Cleanup for Next Mark 2.983ms
[294.864s][info][gc             ] GC(699) Concurrent Mark Cycle 1948.975ms
[294.917s][info][gc,start       ] GC(703) Pause Young (Prepare Mixed) (G1 Evacuation Pause)
[294.917s][info][gc,task        ] GC(703) Using 2 workers of 2 for evacuation
[295.100s][info][gc,phases      ] GC(703)   Pre Evacuate Collection Set: 0.56ms
[295.100s][info][gc,phases      ] GC(703)   Merge Heap Roots: 0.56ms
[295.100s][info][gc,phases      ] GC(703)   Evacuate Collection Set: 174.83ms
[295.100s][info][gc,phases      ] GC(703)   Post Evacuate Collection Set: 6.56ms
[295.100s][info][gc,phases      ] GC(703)   Other: 0.12ms
[295.100s][info][gc,heap        ] GC(703) Eden regions: 253->0(125)
[295.100s][info][gc,heap        ] GC(703) Survivor regions: 28->36(36)
[295.100s][info][gc,heap        ] GC(703) Old regions: 559->724
[295.100s][info][gc,heap        ] GC(703) Humongous regions: 7->7
[295.100s][info][gc,metaspace   ] GC(703) Metaspace: 18779K(18944K)->18779K(18944K) NonClass: 16950K(17088K)->16950K(17088K) Class: 1829K(1856K)->1829K(1856K)
[295.100s][info][gc             ] GC(703) Pause Young (Prepare Mixed) (G1 Evacuation Pause) (Evacuation Failure: Allocation) 846M->766M(978M) 182.855ms
[295.100s][info][gc,cpu         ] GC(703) User=0.36s Sys=0.00s Real=0.18s
[295.280s][info][gc,start       ] GC(704) Pause Young (Mixed) (G1 Evacuation Pause)
[295.280s][info][gc,task        ] GC(704) Using 2 workers of 2 for evacuation
[295.398s][info][gc,phases      ] GC(704)   Pre Evacuate Collection Set: 0.38ms
[295.398s][info][gc,phases      ] GC(704)   Merge Heap Roots: 0.62ms
[295.398s][info][gc,phases      ] GC(704)   Evacuate Collection Set: 115.68ms
[295.398s][info][gc,phases      ] GC(704)   Post Evacuate Collection Set: 0.75ms
[295.398s][info][gc,phases      ] GC(704)   Other: 0.11ms
[295.398s][info][gc,heap        ] GC(704) Eden regions: 125->0(154)
[295.398s][info][gc,heap        ] GC(704) Survivor regions: 36->21(21)
[295.398s][info][gc,heap        ] GC(704) Old regions: 724->690
[295.398s][info][gc,heap        ] GC(704) Humongous regions: 7->7
[295.398s][info][gc,metaspace   ] GC(704) Metaspace: 18779K(18944K)->18779K(18944K) NonClass: 16950K(17088K)->16950K(17088K) Class: 1829K(1856K)->1829K(1856K)
[295.398s][info][gc             ] GC(704) Pause Young (Mixed) (G1 Evacuation Pause) 891M->717M(978M) 117.818ms
[295.398s][info][gc,cpu         ] GC(704) User=0.23s Sys=0.00s Real=0.12s
[295.513s][info][gc,start       ] GC(705) Pause Young (Concurrent Start) (G1 Evacuation Pause)
[295.513s][info][gc,task        ] GC(705) Using 2 workers of 2 for evacuation
[295.566s][info][gc,phases      ] GC(705)   Pre Evacuate Collection Set: 0.35ms
[295.566s][info][gc,phases      ] GC(705)   Merge Heap Roots: 0.36ms
[295.566s][info][gc,phases      ] GC(705)   Evacuate Collection Set: 51.08ms
[295.566s][info][gc,phases      ] GC(705)   Post Evacuate Collection Set: 0.51ms
[295.566s][info][gc,phases      ] GC(705)   Other: 0.14ms
[295.566s][info][gc,heap        ] GC(705) Eden regions: 154->0(154)
[295.566s][info][gc,heap        ] GC(705) Survivor regions: 21->14(22)
[295.566s][info][gc,heap        ] GC(705) Old regions: 690->712
[295.566s][info][gc,heap        ] GC(705) Humongous regions: 7->7
[295.566s][info][gc,metaspace   ] GC(705) Metaspace: 18779K(18944K)->18779K(18944K) NonClass: 16950K(17088K)->16950K(17088K) Class: 1829K(1856K)->1829K(1856K)
[295.566s][info][gc             ] GC(705) Pause Young (Concurrent Start) (G1 Evacuation Pause) 871M->731M(978M) 52.725ms
[295.566s][info][gc,cpu         ] GC(705) User=0.10s Sys=0.00s Real=0.05s
[295.566s][info][gc             ] GC(706) Concurrent Mark Cycle
[295.566s][info][gc,marking     ] GC(706) Concurrent Scan Root Regions
[295.645s][info][gc,marking     ] GC(706) Concurrent Scan Root Regions 78.951ms
[295.645s][info][gc,marking     ] GC(706) Concurrent Mark
[295.645s][info][gc,marking     ] GC(706) Concurrent Mark From Roots
[295.645s][info][gc,task        ] GC(706) Using 1 workers of 1 for marking
[295.803s][info][gc,start       ] GC(707) Pause Young (Normal) (G1 Evacuation Pause)
[295.803s][info][gc,task        ] GC(707) Using 2 workers of 2 for evacuation
[295.865s][info][gc,phases      ] GC(707)   Pre Evacuate Collection Set: 0.56ms
[295.865s][info][gc,phases      ] GC(707)   Merge Heap Roots: 0.39ms
[295.865s][info][gc,phases      ] GC(707)   Evacuate Collection Set: 60.01ms
[295.865s][info][gc,phases      ] GC(707)   Post Evacuate Collection Set: 0.57ms
[295.865s][info][gc,phases      ] GC(707)   Other: 0.11ms
[295.865s][info][gc,heap        ] GC(707) Eden regions: 154->0(141)
[295.865s][info][gc,heap        ] GC(707) Survivor regions: 14->21(21)
[295.865s][info][gc,heap        ] GC(707) Old regions: 712->726
[295.865s][info][gc,heap        ] GC(707) Humongous regions: 10->10
[295.865s][info][gc,metaspace   ] GC(707) Metaspace: 18779K(18944K)->18779K(18944K) NonClass: 16950K(17088K)->16950K(17088K) Class: 1829K(1856K)->1829K(1856K)
[295.865s][info][gc             ] GC(707) Pause Young (Normal) (G1 Evacuation Pause) 888M->756M(978M) 61.901ms
[295.865s][info][gc,cpu         ] GC(707) User=0.12s Sys=0.00s Real=0.06s
[296.135s][info][gc,start       ] GC(708) Pause Young (Normal) (G1 Evacuation Pause)
[296.135s][info][gc,task        ] GC(708) Using 2 workers of 2 for evacuation
[296.196s][info][gc,phases      ] GC(708)   Pre Evacuate Collection Set: 0.53ms
[296.196s][info][gc,phases      ] GC(708)   Merge Heap Roots: 0.40ms
[296.196s][info][gc,phases      ] GC(708)   Evacuate Collection Set: 58.90ms
[296.196s][info][gc,phases      ] GC(708)   Post Evacuate Collection Set: 0.44ms
[296.196s][info][gc,phases      ] GC(708)   Other: 0.10ms
[296.196s][info][gc,heap        ] GC(708) Eden regions: 141->0(138)
[296.196s][info][gc,heap        ] GC(708) Survivor regions: 21->12(21)
[296.196s][info][gc,heap        ] GC(708) Old regions: 726->748
[296.196s][info][gc,heap        ] GC(708) Humongous regions: 10->10
[296.196s][info][gc,metaspace   ] GC(708) Metaspace: 18779K(18944K)->18779K(18944K) NonClass: 16950K(17088K)->16950K(17088K) Class: 1829K(1856K)->1829K(1856K)
[296.196s][info][gc             ] GC(708) Pause Young (Normal) (G1 Evacuation Pause) 897M->768M(978M) 60.604ms
[296.196s][info][gc,cpu         ] GC(708) User=0.12s Sys=0.00s Real=0.06s
[296.415s][info][gc,start       ] GC(709) Pause Young (Normal) (G1 Evacuation Pause)
[296.416s][info][gc,task        ] GC(709) Using 2 workers of 2 for evacuation
[296.455s][info][gc,phases      ] GC(709)   Pre Evacuate Collection Set: 0.32ms
[296.455s][info][gc,phases      ] GC(709)   Merge Heap Roots: 0.40ms
[296.455s][info][gc,phases      ] GC(709)   Evacuate Collection Set: 38.20ms
[296.455s][info][gc,phases      ] GC(709)   Post Evacuate Collection Set: 0.48ms
[296.455s][info][gc,phases      ] GC(709)   Other: 0.10ms
[296.455s][info][gc,heap        ] GC(709) Eden regions: 138->0(129)
[296.455s][info][gc,heap        ] GC(709) Survivor regions: 12->15(19)
[296.455s][info][gc,heap        ] GC(709) Old regions: 748->759
[296.455s][info][gc,heap        ] GC(709) Humongous regions: 10->10
[296.455s][info][gc,metaspace   ] GC(709) Metaspace: 18779K(18944K)->18779K(18944K) NonClass: 16950K(17088K)->16950K(17088K) Class: 1829K(1856K)->1829K(1856K)
[296.455s][info][gc             ] GC(709) Pause Young (Normal) (G1 Evacuation Pause) 906M->783M(978M) 39.801ms
[296.455s][info][gc,cpu         ] GC(709) User=0.07s Sys=0.00s Real=0.04s
[296.696s][info][gc,start       ] GC(710) Pause Young (Normal) (G1 Evacuation Pause)
[296.696s][info][gc,task        ] GC(710) Using 2 workers of 2 for evacuation
[296.737s][info][gc,phases      ] GC(710)   Pre Evacuate Collection Set: 0.31ms
[296.737s][info][gc,phases      ] GC(710)   Merge Heap Roots: 0.18ms
[296.737s][info][gc,phases      ] GC(710)   Evacuate Collection Set: 39.53ms
[296.737s][info][gc,phases      ] GC(710)   Post Evacuate Collection Set: 0.41ms
[296.737s][info][gc,phases      ] GC(710)   Other: 0.08ms
[296.737s][info][gc,heap        ] GC(710) Eden regions: 129->0(110)
[296.737s][info][gc,heap        ] GC(710) Survivor regions: 15->17(18)
[296.737s][info][gc,heap        ] GC(710) Old regions: 759->774
[296.737s][info][gc,heap        ] GC(710) Humongous regions: 10->10
[296.737s][info][gc,metaspace   ] GC(710) Metaspace: 18781K(18944K)->18781K(18944K) NonClass: 16952K(17088K)->16952K(17088K) Class: 1829K(1856K)->1829K(1856K)
[296.737s][info][gc             ] GC(710) Pause Young (Normal) (G1 Evacuation Pause) 912M->799M(978M) 40.822ms
[296.737s][info][gc,cpu         ] GC(710) User=0.08s Sys=0.00s Real=0.04s
[296.814s][info][gc,marking     ] GC(706) Concurrent Mark From Roots 1169.141ms
[296.814s][info][gc,marking     ] GC(706) Concurrent Preclean
[296.814s][info][gc,marking     ] GC(706) Concurrent Preclean 0.035ms
[296.814s][info][gc,start       ] GC(706) Pause Remark
[296.823s][info][gc             ] GC(706) Pause Remark 889M->596M(978M) 8.794ms
[296.823s][info][gc,cpu         ] GC(706) User=0.01s Sys=0.00s Real=0.01s
[296.824s][info][gc,marking     ] GC(706) Concurrent Mark 1178.944ms
[296.824s][info][gc,marking     ] GC(706) Concurrent Rebuild Remembered Sets and Scrub Regions
[296.854s][info][gc,start       ] GC(711) Pause Young (Normal) (G1 Evacuation Pause)
[296.854s][info][gc,task        ] GC(711) Using 2 workers of 2 for evacuation
[296.880s][info][gc,phases      ] GC(711)   Pre Evacuate Collection Set: 0.31ms
[296.880s][info][gc,phases      ] GC(711)   Merge Heap Roots: 0.14ms
[296.880s][info][gc,phases      ] GC(711)   Evacuate Collection Set: 25.64ms
[296.880s][info][gc,phases      ] GC(711)   Post Evacuate Collection Set: 0.39ms
[296.880s][info][gc,phases      ] GC(711)   Other: 0.11ms
[296.880s][info][gc,heap        ] GC(711) Eden regions: 110->0(288)
[296.880s][info][gc,heap        ] GC(711) Survivor regions: 17->5(16)
[296.880s][info][gc,heap        ] GC(711) Old regions: 485->501
[296.880s][info][gc,heap        ] GC(711) Humongous regions: 6->6
[296.880s][info][gc,metaspace   ] GC(711) Metaspace: 18781K(18944K)->18781K(18944K) NonClass: 16952K(17088K)->16952K(17088K) Class: 1829K(1856K)->1829K(1856K)
[296.880s][info][gc             ] GC(711) Pause Young (Normal) (G1 Evacuation Pause) 616M->511M(978M) 26.859ms
[296.880s][info][gc,cpu         ] GC(711) User=0.06s Sys=0.00s Real=0.03s
[297.287s][info][gc,marking     ] GC(706) Concurrent Rebuild Remembered Sets and Scrub Regions 462.951ms
[297.287s][info][gc,start       ] GC(706) Pause Cleanup
[297.287s][info][gc             ] GC(706) Pause Cleanup 765M->765M(978M) 0.146ms
[297.287s][info][gc,cpu         ] GC(706) User=0.00s Sys=0.00s Real=0.00s
[297.289s][info][gc,marking     ] GC(706) Concurrent Clear Claimed Marks
[297.290s][info][gc,marking     ] GC(706) Concurrent Clear Claimed Marks 0.060ms
[297.290s][info][gc,marking     ] GC(706) Concurrent Cleanup for Next Mark
[297.293s][info][gc,marking     ] GC(706) Concurrent Cleanup for Next Mark 3.053ms
[297.293s][info][gc             ] GC(706) Concurrent Mark Cycle 1726.834ms
[297.334s][info][gc,start       ] GC(712) Pause Young (Prepare Mixed) (G1 Evacuation Pause)
[297.334s][info][gc,task        ] GC(712) Using 2 workers of 2 for evacuation
[297.373s][info][gc,phases      ] GC(712)   Pre Evacuate Collection Set: 0.56ms
[297.373s][info][gc,phases      ] GC(712)   Merge Heap Roots: 0.38ms
[297.373s][info][gc,phases      ] GC(712)   Evacuate Collection Set: 37.27ms
[297.373s][info][gc,phases      ] GC(712)   Post Evacuate Collection Set: 0.63ms
[297.373s][info][gc,phases      ] GC(712)   Other: 0.10ms
[297.373s][info][gc,heap        ] GC(712) Eden regions: 288->0(292)
[297.373s][info][gc,heap        ] GC(712) Survivor regions: 5->24(37)
[297.373s][info][gc,heap        ] GC(712) Old regions: 501->501
[297.373s][info][gc,heap        ] GC(712) Humongous regions: 6->6
[297.373s][info][gc,metaspace   ] GC(712) Metaspace: 18781K(18944K)->18781K(18944K) NonClass: 16952K(17088K)->16952K(17088K) Class: 1829K(1856K)->1829K(1856K)
[297.373s][info][gc             ] GC(712) Pause Young (Prepare Mixed) (G1 Evacuation Pause) 799M->530M(978M) 39.221ms
[297.373s][info][gc,cpu         ] GC(712) User=0.07s Sys=0.00s Real=0.04s
[298.049s][info][gc,start       ] GC(713) Pause Young (Mixed) (G1 Evacuation Pause)
[298.050s][info][gc,task        ] GC(713) Using 2 workers of 2 for evacuation
[298.114s][info][gc,phases      ] GC(713)   Pre Evacuate Collection Set: 0.56ms
[298.114s][info][gc,phases      ] GC(713)   Merge Heap Roots: 0.46ms
[298.114s][info][gc,phases      ] GC(713)   Evacuate Collection Set: 62.95ms
[298.114s][info][gc,phases      ] GC(713)   Post Evacuate Collection Set: 0.71ms
[298.114s][info][gc,phases      ] GC(713)   Other: 0.10ms
[298.114s][info][gc,heap        ] GC(713) Eden regions: 292->0(328)
[298.114s][info][gc,heap        ] GC(713) Survivor regions: 24->40(40)
[298.114s][info][gc,heap        ] GC(713) Old regions: 501->436
[298.114s][info][gc,heap        ] GC(713) Humongous regions: 6->6
[298.115s][info][gc,metaspace   ] GC(713) Metaspace: 18781K(18944K)->18781K(18944K) NonClass: 16952K(17088K)->16952K(17088K) Class: 1829K(1856K)->1829K(1856K)
[298.115s][info][gc             ] GC(713) Pause Young (Mixed) (G1 Evacuation Pause) 822M->481M(978M) 65.066ms
[298.115s][info][gc,cpu         ] GC(713) User=0.12s Sys=0.00s Real=0.07s
[298.962s][info][gc,start       ] GC(714) Pause Young (Concurrent Start) (G1 Evacuation Pause)
[298.962s][info][gc,task        ] GC(714) Using 2 workers of 2 for evacuation
[299.013s][info][gc,phases      ] GC(714)   Pre Evacuate Collection Set: 0.31ms
[299.013s][info][gc,phases      ] GC(714)   Merge Heap Roots: 0.27ms
[299.013s][info][gc,phases      ] GC(714)   Evacuate Collection Set: 49.10ms
[299.013s][info][gc,phases      ] GC(714)   Post Evacuate Collection Set: 0.66ms
[299.013s][info][gc,phases      ] GC(714)   Other: 0.16ms
[299.013s][info][gc,heap        ] GC(714) Eden regions: 328->0(349)
[299.013s][info][gc,heap        ] GC(714) Survivor regions: 40->23(46)
[299.013s][info][gc,heap        ] GC(714) Old regions: 436->455
[299.013s][info][gc,heap        ] GC(714) Humongous regions: 6->6
[299.013s][info][gc,metaspace   ] GC(714) Metaspace: 18781K(18944K)->18781K(18944K) NonClass: 16952K(17088K)->16952K(17088K) Class: 1829K(1856K)->1829K(1856K)
[299.013s][info][gc             ] GC(714) Pause Young (Concurrent Start) (G1 Evacuation Pause) 809M->483M(978M) 50.755ms
[299.013s][info][gc,cpu         ] GC(714) User=0.10s Sys=0.00s Real=0.05s
[299.013s][info][gc             ] GC(715) Concurrent Mark Cycle
[299.013s][info][gc,marking     ] GC(715) Concurrent Scan Root Regions
[299.101s][info][gc,marking     ] GC(715) Concurrent Scan Root Regions 88.355ms
[299.102s][info][gc,marking     ] GC(715) Concurrent Mark
[299.102s][info][gc,marking     ] GC(715) Concurrent Mark From Roots
[299.102s][info][gc,task        ] GC(715) Using 1 workers of 1 for marking
[299.904s][info][gc,marking     ] GC(715) Concurrent Mark From Roots 802.940ms
[299.905s][info][gc,marking     ] GC(715) Concurrent Preclean
[299.905s][info][gc,marking     ] GC(715) Concurrent Preclean 0.034ms
[299.909s][info][gc,start       ] GC(715) Pause Remark
[299.917s][info][gc             ] GC(715) Pause Remark 684M->566M(978M) 8.728ms
[299.917s][info][gc,cpu         ] GC(715) User=0.02s Sys=0.00s Real=0.01s
[299.919s][info][gc,marking     ] GC(715) Concurrent Mark 817.934ms
[299.920s][info][gc,marking     ] GC(715) Concurrent Rebuild Remembered Sets and Scrub Regions
[300.151s][info][gc,start       ] GC(716) Pause Young (Normal) (G1 Evacuation Pause)
[300.151s][info][gc,task        ] GC(716) Using 2 workers of 2 for evacuation
[300.246s][info][gc,phases      ] GC(716)   Pre Evacuate Collection Set: 0.31ms
[300.246s][info][gc,phases      ] GC(716)   Merge Heap Roots: 0.50ms
[300.246s][info][gc,phases      ] GC(716)   Evacuate Collection Set: 92.57ms
[300.246s][info][gc,phases      ] GC(716)   Post Evacuate Collection Set: 0.93ms
[300.246s][info][gc,phases      ] GC(716)   Other: 0.12ms
[300.246s][info][gc,heap        ] GC(716) Eden regions: 349->0(379)
[300.246s][info][gc,heap        ] GC(716) Survivor regions: 23->47(47)
[300.246s][info][gc,heap        ] GC(716) Old regions: 339->368
[300.246s][info][gc,heap        ] GC(716) Humongous regions: 4->4
[300.246s][info][gc,metaspace   ] GC(716) Metaspace: 18782K(18944K)->18782K(18944K) NonClass: 16952K(17088K)->16952K(17088K) Class: 1829K(1856K)->1829K(1856K)
[300.246s][info][gc             ] GC(716) Pause Young (Normal) (G1 Evacuation Pause) 714M->418M(978M) 94.717ms
[300.246s][info][gc,cpu         ] GC(716) User=0.19s Sys=0.00s Real=0.09s
[300.399s][info][gc,marking     ] GC(715) Concurrent Rebuild Remembered Sets and Scrub Regions 479.917ms
[300.400s][info][gc,start       ] GC(715) Pause Cleanup
[300.400s][info][gc             ] GC(715) Pause Cleanup 515M->515M(978M) 0.135ms
[300.400s][info][gc,cpu         ] GC(715) User=0.00s Sys=0.00s Real=0.00s
[300.400s][info][gc,marking     ] GC(715) Concurrent Clear Claimed Marks
[300.400s][info][gc,marking     ] GC(715) Concurrent Clear Claimed Marks 0.043ms
[300.400s][info][gc,marking     ] GC(715) Concurrent Cleanup for Next Mark
[300.407s][info][gc,marking     ] GC(715) Concurrent Cleanup for Next Mark 7.049ms
[300.407s][info][gc             ] GC(715) Concurrent Mark Cycle 1393.995ms
[300.660s][info][gc,start       ] GC(717) Pause Young (Prepare Mixed) (G1 Evacuation Pause)
[300.660s][info][gc,task        ] GC(717) Using 2 workers of 2 for evacuation
[300.808s][info][gc,phases      ] GC(717)   Pre Evacuate Collection Set: 0.62ms
[300.808s][info][gc,phases      ] GC(717)   Merge Heap Roots: 0.62ms
[300.808s][info][gc,phases      ] GC(717)   Evacuate Collection Set: 145.78ms
[300.808s][info][gc,phases      ] GC(717)   Post Evacuate Collection Set: 1.17ms
[300.808s][info][gc,phases      ] GC(717)   Other: 0.10ms
[300.808s][info][gc,heap        ] GC(717) Eden regions: 379->0(325)
[300.808s][info][gc,heap        ] GC(717) Survivor regions: 47->54(54)
[300.808s][info][gc,heap        ] GC(717) Old regions: 368->436
[300.808s][info][gc,heap        ] GC(717) Humongous regions: 4->4
[300.808s][info][gc,metaspace   ] GC(717) Metaspace: 18782K(18944K)->18782K(18944K) NonClass: 16953K(17088K)->16953K(17088K) Class: 1829K(1856K)->1829K(1856K)
[300.808s][info][gc             ] GC(717) Pause Young (Prepare Mixed) (G1 Evacuation Pause) 797M->493M(978M) 148.570ms
[300.808s][info][gc,cpu         ] GC(717) User=0.30s Sys=0.00s Real=0.15s
[301.154s][info][gc,start       ] GC(718) Pause Young (Mixed) (G1 Evacuation Pause)
[301.154s][info][gc,task        ] GC(718) Using 2 workers of 2 for evacuation
[301.311s][info][gc,phases      ] GC(718)   Pre Evacuate Collection Set: 0.58ms
[301.311s][info][gc,phases      ] GC(718)   Merge Heap Roots: 0.67ms
[301.311s][info][gc,phases      ] GC(718)   Evacuate Collection Set: 154.87ms
[301.311s][info][gc,phases      ] GC(718)   Post Evacuate Collection Set: 0.75ms
[301.311s][info][gc,phases      ] GC(718)   Other: 0.10ms
[301.311s][info][gc,heap        ] GC(718) Eden regions: 316->0(307)
[301.311s][info][gc,heap        ] GC(718) Survivor regions: 54->41(47)
[301.311s][info][gc,heap        ] GC(718) Old regions: 436->477
[301.311s][info][gc,heap        ] GC(718) Humongous regions: 8->8
[301.311s][info][gc,metaspace   ] GC(718) Metaspace: 18782K(18944K)->18782K(18944K) NonClass: 16953K(17088K)->16953K(17088K) Class: 1829K(1856K)->1829K(1856K)
[301.311s][info][gc             ] GC(718) Pause Young (Mixed) (G1 Evacuation Pause) 813M->524M(978M) 157.277ms
[301.311s][info][gc,cpu         ] GC(718) User=0.31s Sys=0.00s Real=0.16s
[301.569s][info][gc,start       ] GC(719) Pause Young (Mixed) (G1 Evacuation Pause)
[301.569s][info][gc,task        ] GC(719) Using 2 workers of 2 for evacuation
[301.688s][info][gc,phases      ] GC(719)   Pre Evacuate Collection Set: 0.35ms
[301.688s][info][gc,phases      ] GC(719)   Merge Heap Roots: 0.38ms
[301.688s][info][gc,phases      ] GC(719)   Evacuate Collection Set: 116.99ms
[301.688s][info][gc,phases      ] GC(719)   Post Evacuate Collection Set: 0.65ms
[301.688s][info][gc,phases      ] GC(719)   Other: 0.09ms
[301.688s][info][gc,heap        ] GC(719) Eden regions: 307->0(285)
[301.688s][info][gc,heap        ] GC(719) Survivor regions: 41->42(44)
[301.688s][info][gc,heap        ] GC(719) Old regions: 477->509
[301.688s][info][gc,heap        ] GC(719) Humongous regions: 8->8
[301.688s][info][gc,metaspace   ] GC(719) Metaspace: 18792K(18944K)->18792K(18944K) NonClass: 16962K(17088K)->16962K(17088K) Class: 1829K(1856K)->1829K(1856K)
[301.688s][info][gc             ] GC(719) Pause Young (Mixed) (G1 Evacuation Pause) 831M->558M(978M) 118.714ms
[301.688s][info][gc,cpu         ] GC(719) User=0.23s Sys=0.00s Real=0.12s
[301.889s][info][gc,start       ] GC(720) Pause Young (Concurrent Start) (G1 Evacuation Pause)
[301.889s][info][gc,task        ] GC(720) Using 2 workers of 2 for evacuation
[301.956s][info][gc,phases      ] GC(720)   Pre Evacuate Collection Set: 0.38ms
[301.956s][info][gc,phases      ] GC(720)   Merge Heap Roots: 0.27ms
[301.956s][info][gc,phases      ] GC(720)   Evacuate Collection Set: 65.19ms
[301.956s][info][gc,phases      ] GC(720)   Post Evacuate Collection Set: 0.64ms
[301.956s][info][gc,phases      ] GC(720)   Other: 0.22ms
[301.956s][info][gc,heap        ] GC(720) Eden regions: 285->0(293)
[301.956s][info][gc,heap        ] GC(720) Survivor regions: 42->11(41)
[301.956s][info][gc,heap        ] GC(720) Old regions: 509->551
[301.956s][info][gc,heap        ] GC(720) Humongous regions: 8->8
[301.956s][info][gc,metaspace   ] GC(720) Metaspace: 18792K(18944K)->18792K(18944K) NonClass: 16962K(17088K)->16962K(17088K) Class: 1829K(1856K)->1829K(1856K)
[301.956s][info][gc             ] GC(720) Pause Young (Concurrent Start) (G1 Evacuation Pause) 843M->569M(978M) 66.980ms
[301.956s][info][gc             ] GC(721) Concurrent Mark Cycle
[301.956s][info][gc,marking     ] GC(721) Concurrent Scan Root Regions
[301.958s][info][gc,cpu         ] GC(720) User=0.14s Sys=0.00s Real=0.07s
[302.029s][info][gc,marking     ] GC(721) Concurrent Scan Root Regions 73.164ms
[302.029s][info][gc,marking     ] GC(721) Concurrent Mark
[302.029s][info][gc,marking     ] GC(721) Concurrent Mark From Roots
[302.029s][info][gc,task        ] GC(721) Using 1 workers of 1 for marking
[302.636s][info][gc,start       ] GC(722) Pause Young (Normal) (G1 Evacuation Pause)
[302.636s][info][gc,task        ] GC(722) Using 2 workers of 2 for evacuation
[302.688s][info][gc,phases      ] GC(722)   Pre Evacuate Collection Set: 0.55ms
[302.688s][info][gc,phases      ] GC(722)   Merge Heap Roots: 0.28ms
[302.688s][info][gc,phases      ] GC(722)   Evacuate Collection Set: 50.81ms
[302.688s][info][gc,phases      ] GC(722)   Post Evacuate Collection Set: 0.60ms
[302.688s][info][gc,phases      ] GC(722)   Other: 0.09ms
[302.688s][info][gc,heap        ] GC(722) Eden regions: 293->0(276)
[302.688s][info][gc,heap        ] GC(722) Survivor regions: 11->38(38)
[302.688s][info][gc,heap        ] GC(722) Old regions: 551->551
[302.688s][info][gc,heap        ] GC(722) Humongous regions: 8->8
[302.688s][info][gc,metaspace   ] GC(722) Metaspace: 18792K(18944K)->18792K(18944K) NonClass: 16962K(17088K)->16962K(17088K) Class: 1829K(1856K)->1829K(1856K)
[302.688s][info][gc             ] GC(722) Pause Young (Normal) (G1 Evacuation Pause) 862M->596M(978M) 52.627ms
[302.688s][info][gc,cpu         ] GC(722) User=0.10s Sys=0.00s Real=0.05s
[303.043s][info][gc,marking     ] GC(721) Concurrent Mark From Roots 1014.123ms
[303.043s][info][gc,marking     ] GC(721) Concurrent Preclean
[303.043s][info][gc,marking     ] GC(721) Concurrent Preclean 0.034ms
[303.044s][info][gc,start       ] GC(721) Pause Remark
[303.052s][info][gc             ] GC(721) Pause Remark 667M->575M(978M) 8.586ms
[303.052s][info][gc,cpu         ] GC(721) User=0.01s Sys=0.00s Real=0.01s
[303.054s][info][gc,marking     ] GC(721) Concurrent Mark 1025.262ms
[303.054s][info][gc,marking     ] GC(721) Concurrent Rebuild Remembered Sets and Scrub Regions
[303.464s][info][gc,marking     ] GC(721) Concurrent Rebuild Remembered Sets and Scrub Regions 409.907ms
[303.465s][info][gc,start       ] GC(721) Pause Cleanup
[303.465s][info][gc             ] GC(721) Pause Cleanup 682M->682M(978M) 0.135ms
[303.465s][info][gc,cpu         ] GC(721) User=0.00s Sys=0.00s Real=0.00s
[303.466s][info][gc,marking     ] GC(721) Concurrent Clear Claimed Marks
[303.466s][info][gc,marking     ] GC(721) Concurrent Clear Claimed Marks 0.052ms
[303.467s][info][gc,marking     ] GC(721) Concurrent Cleanup for Next Mark
[303.470s][info][gc,marking     ] GC(721) Concurrent Cleanup for Next Mark 3.054ms
[303.470s][info][gc             ] GC(721) Concurrent Mark Cycle 1513.677ms
[303.613s][info][gc,start       ] GC(723) Pause Young (Prepare Mixed) (G1 Evacuation Pause)
[303.613s][info][gc,task        ] GC(723) Using 2 workers of 2 for evacuation
[303.693s][info][gc,phases      ] GC(723)   Pre Evacuate Collection Set: 0.48ms
[303.693s][info][gc,phases      ] GC(723)   Merge Heap Roots: 0.58ms
[303.693s][info][gc,phases      ] GC(723)   Evacuate Collection Set: 78.51ms
[303.693s][info][gc,phases      ] GC(723)   Post Evacuate Collection Set: 0.64ms
[303.693s][info][gc,phases      ] GC(723)   Other: 0.11ms
[303.693s][info][gc,heap        ] GC(723) Eden regions: 276->0(335)
[303.693s][info][gc,heap        ] GC(723) Survivor regions: 38->21(40)
[303.693s][info][gc,heap        ] GC(723) Old regions: 462->500
[303.693s][info][gc,heap        ] GC(723) Humongous regions: 5->5
[303.693s][info][gc,metaspace   ] GC(723) Metaspace: 18803K(18944K)->18803K(18944K) NonClass: 16973K(17088K)->16973K(17088K) Class: 1829K(1856K)->1829K(1856K)
[303.693s][info][gc             ] GC(723) Pause Young (Prepare Mixed) (G1 Evacuation Pause) 780M->525M(978M) 80.571ms
[303.693s][info][gc,cpu         ] GC(723) User=0.15s Sys=0.00s Real=0.08s
[304.192s][info][gc,start       ] GC(724) Pause Young (Mixed) (G1 Evacuation Pause)
[304.193s][info][gc,task        ] GC(724) Using 2 workers of 2 for evacuation
[304.312s][info][gc,phases      ] GC(724)   Pre Evacuate Collection Set: 0.35ms
[304.312s][info][gc,phases      ] GC(724)   Merge Heap Roots: 0.39ms
[304.312s][info][gc,phases      ] GC(724)   Evacuate Collection Set: 117.60ms
[304.312s][info][gc,phases      ] GC(724)   Post Evacuate Collection Set: 1.24ms
[304.312s][info][gc,phases      ] GC(724)   Other: 0.13ms
[304.312s][info][gc,heap        ] GC(724) Eden regions: 335->0(283)
[304.312s][info][gc,heap        ] GC(724) Survivor regions: 21->45(45)
[304.312s][info][gc,heap        ] GC(724) Old regions: 500->502
[304.312s][info][gc,heap        ] GC(724) Humongous regions: 5->5
[304.312s][info][gc,metaspace   ] GC(724) Metaspace: 18807K(18944K)->18807K(18944K) NonClass: 16978K(17088K)->16978K(17088K) Class: 1829K(1856K)->1829K(1856K)
[304.312s][info][gc             ] GC(724) Pause Young (Mixed) (G1 Evacuation Pause) 860M->551M(978M) 119.997ms
[304.312s][info][gc,cpu         ] GC(724) User=0.24s Sys=0.00s Real=0.12s
[304.544s][info][gc,start       ] GC(725) Pause Young (Concurrent Start) (G1 Humongous Allocation)
[304.544s][info][gc,task        ] GC(725) Using 2 workers of 2 for evacuation
[304.630s][info][gc,phases      ] GC(725)   Pre Evacuate Collection Set: 0.36ms
[304.630s][info][gc,phases      ] GC(725)   Merge Heap Roots: 0.49ms
[304.630s][info][gc,phases      ] GC(725)   Evacuate Collection Set: 83.89ms
[304.630s][info][gc,phases      ] GC(725)   Post Evacuate Collection Set: 0.66ms
[304.630s][info][gc,phases      ] GC(725)   Other: 0.14ms
[304.630s][info][gc,heap        ] GC(725) Eden regions: 140->0(295)
[304.630s][info][gc,heap        ] GC(725) Survivor regions: 45->9(41)
[304.630s][info][gc,heap        ] GC(725) Old regions: 502->547
[304.630s][info][gc,heap        ] GC(725) Humongous regions: 5->5
[304.630s][info][gc,metaspace   ] GC(725) Metaspace: 18807K(18944K)->18807K(18944K) NonClass: 16978K(17088K)->16978K(17088K) Class: 1829K(1856K)->1829K(1856K)
[304.630s][info][gc             ] GC(725) Pause Young (Concurrent Start) (G1 Humongous Allocation) 690M->560M(978M) 85.816ms
[304.630s][info][gc,cpu         ] GC(725) User=0.17s Sys=0.00s Real=0.08s
[304.630s][info][gc             ] GC(726) Concurrent Mark Cycle
[304.630s][info][gc,marking     ] GC(726) Concurrent Scan Root Regions
[304.720s][info][gc,marking     ] GC(726) Concurrent Scan Root Regions 90.586ms
[304.721s][info][gc,marking     ] GC(726) Concurrent Mark
[304.721s][info][gc,marking     ] GC(726) Concurrent Mark From Roots
[304.721s][info][gc,task        ] GC(726) Using 1 workers of 1 for marking
[305.180s][info][gc,start       ] GC(727) Pause Young (Normal) (G1 Evacuation Pause)
[305.181s][info][gc,task        ] GC(727) Using 2 workers of 2 for evacuation
[305.275s][info][gc,phases      ] GC(727)   Pre Evacuate Collection Set: 0.33ms
[305.275s][info][gc,phases      ] GC(727)   Merge Heap Roots: 0.37ms
[305.275s][info][gc,phases      ] GC(727)   Evacuate Collection Set: 92.57ms
[305.275s][info][gc,phases      ] GC(727)   Post Evacuate Collection Set: 0.73ms
[305.275s][info][gc,phases      ] GC(727)   Other: 0.09ms
[305.275s][info][gc,heap        ] GC(727) Eden regions: 295->0(246)
[305.275s][info][gc,heap        ] GC(727) Survivor regions: 9->38(38)
[305.275s][info][gc,heap        ] GC(727) Old regions: 547->571
[305.275s][info][gc,heap        ] GC(727) Humongous regions: 8->8
[305.275s][info][gc,metaspace   ] GC(727) Metaspace: 18807K(18944K)->18807K(18944K) NonClass: 16978K(17088K)->16978K(17088K) Class: 1829K(1856K)->1829K(1856K)
[305.275s][info][gc             ] GC(727) Pause Young (Normal) (G1 Evacuation Pause) 858M->616M(978M) 94.373ms
[305.275s][info][gc,cpu         ] GC(727) User=0.19s Sys=0.00s Real=0.09s
[305.665s][info][gc,start       ] GC(728) Pause Young (Normal) (G1 Evacuation Pause)
[305.665s][info][gc,task        ] GC(728) Using 2 workers of 2 for evacuation
[305.730s][info][gc,phases      ] GC(728)   Pre Evacuate Collection Set: 0.32ms
[305.730s][info][gc,phases      ] GC(728)   Merge Heap Roots: 0.43ms
[305.730s][info][gc,phases      ] GC(728)   Evacuate Collection Set: 63.47ms
[305.730s][info][gc,phases      ] GC(728)   Post Evacuate Collection Set: 0.54ms
[305.730s][info][gc,phases      ] GC(728)   Other: 0.09ms
[305.730s][info][gc,heap        ] GC(728) Eden regions: 246->0(261)
[305.730s][info][gc,heap        ] GC(728) Survivor regions: 38->1(36)
[305.730s][info][gc,heap        ] GC(728) Old regions: 571->610
[305.730s][info][gc,heap        ] GC(728) Humongous regions: 8->8
[305.730s][info][gc,metaspace   ] GC(728) Metaspace: 18812K(18944K)->18812K(18944K) NonClass: 16982K(17088K)->16982K(17088K) Class: 1829K(1856K)->1829K(1856K)
[305.730s][info][gc             ] GC(728) Pause Young (Normal) (G1 Evacuation Pause) 862M->618M(978M) 65.144ms
[305.730s][info][gc,cpu         ] GC(728) User=0.13s Sys=0.00s Real=0.06s
[306.491s][info][gc,start       ] GC(729) Pause Young (Normal) (G1 Evacuation Pause)
[306.491s][info][gc,task        ] GC(729) Using 2 workers of 2 for evacuation
[306.541s][info][gc,phases      ] GC(729)   Pre Evacuate Collection Set: 0.31ms
[306.541s][info][gc,phases      ] GC(729)   Merge Heap Roots: 0.60ms
[306.541s][info][gc,phases      ] GC(729)   Evacuate Collection Set: 47.51ms
[306.541s][info][gc,phases      ] GC(729)   Post Evacuate Collection Set: 0.56ms
[306.541s][info][gc,phases      ] GC(729)   Other: 0.12ms
[306.541s][info][gc,heap        ] GC(729) Eden regions: 261->0(245)
[306.541s][info][gc,heap        ] GC(729) Survivor regions: 1->26(33)
[306.541s][info][gc,heap        ] GC(729) Old regions: 610->610
[306.541s][info][gc,heap        ] GC(729) Humongous regions: 8->8
[306.541s][info][gc,metaspace   ] GC(729) Metaspace: 18812K(18944K)->18812K(18944K) NonClass: 16982K(17088K)->16982K(17088K) Class: 1829K(1856K)->1829K(1856K)
[306.541s][info][gc             ] GC(729) Pause Young (Normal) (G1 Evacuation Pause) 879M->642M(978M) 49.435ms
[306.541s][info][gc,cpu         ] GC(729) User=0.09s Sys=0.00s Real=0.05s
[306.648s][info][gc,marking     ] GC(726) Concurrent Mark From Roots 1927.113ms
[306.648s][info][gc,marking     ] GC(726) Concurrent Preclean
[306.648s][info][gc,marking     ] GC(726) Concurrent Preclean 0.033ms
[306.648s][info][gc,start       ] GC(726) Pause Remark
[306.656s][info][gc             ] GC(726) Pause Remark 709M->709M(978M) 8.482ms
[306.656s][info][gc,cpu         ] GC(726) User=0.02s Sys=0.01s Real=0.01s
[306.656s][info][gc,marking     ] GC(726) Concurrent Mark 1935.986ms
[306.657s][info][gc,marking     ] GC(726) Concurrent Rebuild Remembered Sets and Scrub Regions
[306.900s][info][gc,start       ] GC(730) Pause Young (Normal) (G1 Evacuation Pause)
[306.900s][info][gc,task        ] GC(730) Using 2 workers of 2 for evacuation
[307.022s][info][gc,phases      ] GC(730)   Pre Evacuate Collection Set: 0.52ms
[307.022s][info][gc,phases      ] GC(730)   Merge Heap Roots: 0.32ms
[307.022s][info][gc,phases      ] GC(730)   Evacuate Collection Set: 115.25ms
[307.022s][info][gc,phases      ] GC(730)   Post Evacuate Collection Set: 4.84ms
[307.022s][info][gc,phases      ] GC(730)   Other: 0.12ms
[307.022s][info][gc,heap        ] GC(730) Eden regions: 245->0(142)
[307.022s][info][gc,heap        ] GC(730) Survivor regions: 26->34(34)
[307.022s][info][gc,heap        ] GC(730) Old regions: 610->710
[307.022s][info][gc,heap        ] GC(730) Humongous regions: 8->8
[307.022s][info][gc,metaspace   ] GC(730) Metaspace: 18817K(18944K)->18817K(18944K) NonClass: 16988K(17088K)->16988K(17088K) Class: 1829K(1856K)->1829K(1856K)
[307.022s][info][gc             ] GC(730) Pause Young (Normal) (G1 Evacuation Pause) (Evacuation Failure: Allocation) 887M->751M(978M) 121.341ms
[307.022s][info][gc,cpu         ] GC(730) User=0.24s Sys=0.00s Real=0.13s
[307.437s][info][gc,marking     ] GC(726) Concurrent Rebuild Remembered Sets and Scrub Regions 780.091ms
[307.437s][info][gc,start       ] GC(726) Pause Cleanup
[307.437s][info][gc             ] GC(726) Pause Cleanup 849M->849M(978M) 0.117ms
[307.437s][info][gc,cpu         ] GC(726) User=0.00s Sys=0.00s Real=0.00s
[307.437s][info][gc,marking     ] GC(726) Concurrent Clear Claimed Marks
[307.437s][info][gc,marking     ] GC(726) Concurrent Clear Claimed Marks 0.033ms
[307.437s][info][gc,marking     ] GC(726) Concurrent Cleanup for Next Mark
[307.440s][info][gc,marking     ] GC(726) Concurrent Cleanup for Next Mark 2.938ms
[307.440s][info][gc             ] GC(726) Concurrent Mark Cycle 2810.200ms
[307.482s][info][gc,start       ] GC(731) Pause Young (Prepare Mixed) (G1 Evacuation Pause)
[307.483s][info][gc,task        ] GC(731) Using 2 workers of 2 for evacuation
[307.560s][info][gc,phases      ] GC(731)   Pre Evacuate Collection Set: 0.57ms
[307.560s][info][gc,phases      ] GC(731)   Merge Heap Roots: 0.53ms
[307.560s][info][gc,phases      ] GC(731)   Evacuate Collection Set: 75.78ms
[307.560s][info][gc,phases      ] GC(731)   Post Evacuate Collection Set: 0.55ms
[307.560s][info][gc,phases      ] GC(731)   Other: 0.09ms
[307.560s][info][gc,heap        ] GC(731) Eden regions: 142->0(161)
[307.560s][info][gc,heap        ] GC(731) Survivor regions: 34->14(22)
[307.560s][info][gc,heap        ] GC(731) Old regions: 710->713
[307.560s][info][gc,heap        ] GC(731) Humongous regions: 8->8
[307.560s][info][gc,metaspace   ] GC(731) Metaspace: 18817K(18944K)->18817K(18944K) NonClass: 16988K(17088K)->16988K(17088K) Class: 1829K(1856K)->1829K(1856K)
[307.560s][info][gc             ] GC(731) Pause Young (Prepare Mixed) (G1 Evacuation Pause) 893M->734M(978M) 77.799ms
[307.560s][info][gc,cpu         ] GC(731) User=0.16s Sys=0.00s Real=0.07s
[307.833s][info][gc,start       ] GC(732) Pause Young (Mixed) (G1 Evacuation Pause)
[307.833s][info][gc,task        ] GC(732) Using 2 workers of 2 for evacuation
[307.919s][info][gc,phases      ] GC(732)   Pre Evacuate Collection Set: 0.39ms
[307.919s][info][gc,phases      ] GC(732)   Merge Heap Roots: 0.46ms
[307.919s][info][gc,phases      ] GC(732)   Evacuate Collection Set: 83.86ms
[307.919s][info][gc,phases      ] GC(732)   Post Evacuate Collection Set: 0.63ms
[307.919s][info][gc,phases      ] GC(732)   Other: 0.15ms
[307.919s][info][gc,heap        ] GC(732) Eden regions: 161->0(137)
[307.919s][info][gc,heap        ] GC(732) Survivor regions: 14->22(22)
[307.919s][info][gc,heap        ] GC(732) Old regions: 713->730
[307.919s][info][gc,heap        ] GC(732) Humongous regions: 11->11
[307.919s][info][gc,metaspace   ] GC(732) Metaspace: 18817K(18944K)->18817K(18944K) NonClass: 16988K(17088K)->16988K(17088K) Class: 1829K(1856K)->1829K(1856K)
[307.919s][info][gc             ] GC(732) Pause Young (Mixed) (G1 Evacuation Pause) 898M->762M(978M) 85.728ms
[307.919s][info][gc,cpu         ] GC(732) User=0.17s Sys=0.00s Real=0.08s
[308.107s][info][gc,start       ] GC(733) Pause Young (Concurrent Start) (G1 Evacuation Pause)
[308.107s][info][gc,task        ] GC(733) Using 2 workers of 2 for evacuation
[308.177s][info][gc,phases      ] GC(733)   Pre Evacuate Collection Set: 0.39ms
[308.177s][info][gc,phases      ] GC(733)   Merge Heap Roots: 0.35ms
[308.177s][info][gc,phases      ] GC(733)   Evacuate Collection Set: 68.13ms
[308.177s][info][gc,phases      ] GC(733)   Post Evacuate Collection Set: 0.50ms
[308.177s][info][gc,phases      ] GC(733)   Other: 0.27ms
[308.177s][info][gc,heap        ] GC(733) Eden regions: 137->0(123)
[308.177s][info][gc,heap        ] GC(733) Survivor regions: 22->20(20)
[308.177s][info][gc,heap        ] GC(733) Old regions: 730->754
[308.177s][info][gc,heap        ] GC(733) Humongous regions: 11->11
[308.177s][info][gc,metaspace   ] GC(733) Metaspace: 18817K(18944K)->18817K(18944K) NonClass: 16988K(17088K)->16988K(17088K) Class: 1829K(1856K)->1829K(1856K)
[308.177s][info][gc             ] GC(733) Pause Young (Concurrent Start) (G1 Evacuation Pause) 899M->784M(978M) 69.919ms
[308.177s][info][gc,cpu         ] GC(733) User=0.14s Sys=0.00s Real=0.07s
[308.179s][info][gc             ] GC(734) Concurrent Mark Cycle
[308.179s][info][gc,marking     ] GC(734) Concurrent Scan Root Regions
[308.280s][info][gc,marking     ] GC(734) Concurrent Scan Root Regions 100.416ms
[308.280s][info][gc,marking     ] GC(734) Concurrent Mark
[308.280s][info][gc,marking     ] GC(734) Concurrent Mark From Roots
[308.280s][info][gc,task        ] GC(734) Using 1 workers of 1 for marking
[308.369s][info][gc,start       ] GC(735) Pause Young (Normal) (G1 Evacuation Pause)
[308.370s][info][gc,task        ] GC(735) Using 2 workers of 2 for evacuation
[308.401s][info][gc,phases      ] GC(735)   Pre Evacuate Collection Set: 0.33ms
[308.401s][info][gc,phases      ] GC(735)   Merge Heap Roots: 0.21ms
[308.401s][info][gc,phases      ] GC(735)   Evacuate Collection Set: 30.39ms
[308.401s][info][gc,phases      ] GC(735)   Post Evacuate Collection Set: 0.39ms
[308.401s][info][gc,phases      ] GC(735)   Other: 0.10ms
[308.401s][info][gc,heap        ] GC(735) Eden regions: 123->0(129)
[308.401s][info][gc,heap        ] GC(735) Survivor regions: 20->4(18)
[308.401s][info][gc,heap        ] GC(735) Old regions: 754->774
[308.401s][info][gc,heap        ] GC(735) Humongous regions: 11->11
[308.401s][info][gc,metaspace   ] GC(735) Metaspace: 18817K(18944K)->18817K(18944K) NonClass: 16988K(17088K)->16988K(17088K) Class: 1829K(1856K)->1829K(1856K)
[308.401s][info][gc             ] GC(735) Pause Young (Normal) (G1 Evacuation Pause) 907M->788M(978M) 31.686ms
[308.401s][info][gc,cpu         ] GC(735) User=0.06s Sys=0.00s Real=0.04s
[308.667s][info][gc,start       ] GC(736) Pause Young (Normal) (G1 Evacuation Pause)
[308.668s][info][gc,task        ] GC(736) Using 2 workers of 2 for evacuation
[308.680s][info][gc,phases      ] GC(736)   Pre Evacuate Collection Set: 0.34ms
[308.680s][info][gc,phases      ] GC(736)   Merge Heap Roots: 0.35ms
[308.680s][info][gc,phases      ] GC(736)   Evacuate Collection Set: 11.60ms
[308.680s][info][gc,phases      ] GC(736)   Post Evacuate Collection Set: 0.44ms
[308.681s][info][gc,phases      ] GC(736)   Other: 0.09ms
[308.681s][info][gc,heap        ] GC(736) Eden regions: 129->0(135)
[308.681s][info][gc,heap        ] GC(736) Survivor regions: 4->4(17)
[308.681s][info][gc,heap        ] GC(736) Old regions: 774->774
[308.681s][info][gc,heap        ] GC(736) Humongous regions: 11->11
[308.681s][info][gc,metaspace   ] GC(736) Metaspace: 18817K(18944K)->18817K(18944K) NonClass: 16988K(17088K)->16988K(17088K) Class: 1829K(1856K)->1829K(1856K)
[308.681s][info][gc             ] GC(736) Pause Young (Normal) (G1 Evacuation Pause) 917M->788M(978M) 13.110ms
[308.681s][info][gc,cpu         ] GC(736) User=0.03s Sys=0.00s Real=0.02s
[308.932s][info][gc,start       ] GC(737) Pause Young (Normal) (G1 Evacuation Pause)
[308.932s][info][gc,task        ] GC(737) Using 2 workers of 2 for evacuation
[308.951s][info][gc,phases      ] GC(737)   Pre Evacuate Collection Set: 0.33ms
[308.951s][info][gc,phases      ] GC(737)   Merge Heap Roots: 0.22ms
[308.951s][info][gc,phases      ] GC(737)   Evacuate Collection Set: 17.54ms
[308.951s][info][gc,phases      ] GC(737)   Post Evacuate Collection Set: 0.40ms
[308.951s][info][gc,phases      ] GC(737)   Other: 0.11ms
[308.951s][info][gc,heap        ] GC(737) Eden regions: 135->0(125)
[308.951s][info][gc,heap        ] GC(737) Survivor regions: 4->9(18)
[308.951s][info][gc,heap        ] GC(737) Old regions: 774->774
[308.951s][info][gc,heap        ] GC(737) Humongous regions: 11->11
[308.951s][info][gc,metaspace   ] GC(737) Metaspace: 18817K(18944K)->18817K(18944K) NonClass: 16988K(17088K)->16988K(17088K) Class: 1829K(1856K)->1829K(1856K)
[308.951s][info][gc             ] GC(737) Pause Young (Normal) (G1 Evacuation Pause) 923M->793M(978M) 18.860ms
[308.951s][info][gc,cpu         ] GC(737) User=0.04s Sys=0.00s Real=0.02s
[309.198s][info][gc,start       ] GC(738) Pause Young (Normal) (G1 Evacuation Pause)
[309.199s][info][gc,task        ] GC(738) Using 2 workers of 2 for evacuation
[309.225s][info][gc,phases      ] GC(738)   Pre Evacuate Collection Set: 0.32ms
[309.225s][info][gc,phases      ] GC(738)   Merge Heap Roots: 0.15ms
[309.225s][info][gc,phases      ] GC(738)   Evacuate Collection Set: 25.72ms
[309.225s][info][gc,phases      ] GC(738)   Post Evacuate Collection Set: 0.43ms
[309.225s][info][gc,phases      ] GC(738)   Other: 0.08ms
[309.225s][info][gc,heap        ] GC(738) Eden regions: 125->0(108)
[309.225s][info][gc,heap        ] GC(738) Survivor regions: 9->17(17)
[309.225s][info][gc,heap        ] GC(738) Old regions: 774->775
[309.225s][info][gc,heap        ] GC(738) Humongous regions: 11->11
[309.225s][info][gc,metaspace   ] GC(738) Metaspace: 18817K(18944K)->18817K(18944K) NonClass: 16988K(17088K)->16988K(17088K) Class: 1829K(1856K)->1829K(1856K)
[309.225s][info][gc             ] GC(738) Pause Young (Normal) (G1 Evacuation Pause) 918M->802M(978M) 27.001ms
[309.225s][info][gc,cpu         ] GC(738) User=0.06s Sys=0.00s Real=0.03s
[309.551s][info][gc,start       ] GC(739) Pause Young (Normal) (G1 Evacuation Pause)
[309.551s][info][gc,task        ] GC(739) Using 2 workers of 2 for evacuation
[309.595s][info][gc,phases      ] GC(739)   Pre Evacuate Collection Set: 0.33ms
[309.595s][info][gc,phases      ] GC(739)   Merge Heap Roots: 0.17ms
[309.595s][info][gc,phases      ] GC(739)   Evacuate Collection Set: 42.37ms
[309.595s][info][gc,phases      ] GC(739)   Post Evacuate Collection Set: 0.41ms
[309.595s][info][gc,phases      ] GC(739)   Other: 0.09ms
[309.595s][info][gc,heap        ] GC(739) Eden regions: 108->0(92)
[309.595s][info][gc,heap        ] GC(739) Survivor regions: 17->16(16)
[309.595s][info][gc,heap        ] GC(739) Old regions: 775->793
[309.595s][info][gc,heap        ] GC(739) Humongous regions: 11->11
[309.595s][info][gc,metaspace   ] GC(739) Metaspace: 18817K(18944K)->18817K(18944K) NonClass: 16988K(17088K)->16988K(17088K) Class: 1829K(1856K)->1829K(1856K)
[309.595s][info][gc             ] GC(739) Pause Young (Normal) (G1 Evacuation Pause) 910M->819M(978M) 43.659ms
[309.595s][info][gc,cpu         ] GC(739) User=0.09s Sys=0.01s Real=0.04s
[309.946s][info][gc,start       ] GC(740) Pause Young (Normal) (G1 Evacuation Pause)
[309.946s][info][gc,task        ] GC(740) Using 2 workers of 2 for evacuation
[309.971s][info][gc,phases      ] GC(740)   Pre Evacuate Collection Set: 0.57ms
[309.971s][info][gc,phases      ] GC(740)   Merge Heap Roots: 0.21ms
[309.971s][info][gc,phases      ] GC(740)   Evacuate Collection Set: 24.34ms
[309.971s][info][gc,phases      ] GC(740)   Post Evacuate Collection Set: 0.41ms
[309.971s][info][gc,phases      ] GC(740)   Other: 0.11ms
[309.971s][info][gc,heap        ] GC(740) Eden regions: 92->0(102)
[309.971s][info][gc,heap        ] GC(740) Survivor regions: 16->3(14)
[309.971s][info][gc,heap        ] GC(740) Old regions: 793->809
[309.971s][info][gc,heap        ] GC(740) Humongous regions: 11->11
[309.971s][info][gc,metaspace   ] GC(740) Metaspace: 18817K(18944K)->18817K(18944K) NonClass: 16988K(17088K)->16988K(17088K) Class: 1829K(1856K)->1829K(1856K)
[309.972s][info][gc             ] GC(740) Pause Young (Normal) (G1 Evacuation Pause) 911M->821M(978M) 25.914ms
[309.972s][info][gc,cpu         ] GC(740) User=0.05s Sys=0.00s Real=0.03s
[310.159s][info][gc,marking     ] GC(734) Concurrent Mark From Roots 1878.954ms
[310.159s][info][gc,marking     ] GC(734) Concurrent Preclean
[310.159s][info][gc,marking     ] GC(734) Concurrent Preclean 0.046ms
[310.159s][info][gc,start       ] GC(734) Pause Remark
[310.168s][info][gc             ] GC(734) Pause Remark 848M->663M(978M) 8.649ms
[310.168s][info][gc,cpu         ] GC(734) User=0.02s Sys=0.00s Real=0.01s
[310.168s][info][gc,marking     ] GC(734) Concurrent Mark 1888.009ms
[310.168s][info][gc,marking     ] GC(734) Concurrent Rebuild Remembered Sets and Scrub Regions
[310.521s][info][gc,start       ] GC(741) Pause Young (Normal) (G1 Evacuation Pause)
[310.521s][info][gc,task        ] GC(741) Using 2 workers of 2 for evacuation
[310.526s][info][gc,phases      ] GC(741)   Pre Evacuate Collection Set: 0.57ms
[310.526s][info][gc,phases      ] GC(741)   Merge Heap Roots: 0.08ms
[310.526s][info][gc,phases      ] GC(741)   Evacuate Collection Set: 3.48ms
[310.526s][info][gc,phases      ] GC(741)   Post Evacuate Collection Set: 0.38ms
[310.526s][info][gc,phases      ] GC(741)   Other: 0.13ms
[310.526s][info][gc,heap        ] GC(741) Eden regions: 102->0(244)
[310.526s][info][gc,heap        ] GC(741) Survivor regions: 3->3(14)
[310.526s][info][gc,heap        ] GC(741) Old regions: 629->629
[310.526s][info][gc,heap        ] GC(741) Humongous regions: 6->6
[310.526s][info][gc,metaspace   ] GC(741) Metaspace: 18817K(18944K)->18817K(18944K) NonClass: 16988K(17088K)->16988K(17088K) Class: 1829K(1856K)->1829K(1856K)
[310.526s][info][gc             ] GC(741) Pause Young (Normal) (G1 Evacuation Pause) 738M->637M(978M) 4.892ms
[310.526s][info][gc,cpu         ] GC(741) User=0.00s Sys=0.00s Real=0.00s
[310.793s][info][gc,marking     ] GC(734) Concurrent Rebuild Remembered Sets and Scrub Regions 624.849ms
[310.793s][info][gc,start       ] GC(734) Pause Cleanup
[310.793s][info][gc             ] GC(734) Pause Cleanup 716M->716M(978M) 0.168ms
[310.793s][info][gc,cpu         ] GC(734) User=0.00s Sys=0.00s Real=0.00s
[310.793s][info][gc,marking     ] GC(734) Concurrent Clear Claimed Marks
[310.793s][info][gc,marking     ] GC(734) Concurrent Clear Claimed Marks 0.042ms
[310.793s][info][gc,marking     ] GC(734) Concurrent Cleanup for Next Mark
[310.798s][info][gc,marking     ] GC(734) Concurrent Cleanup for Next Mark 5.029ms
[310.798s][info][gc             ] GC(734) Concurrent Mark Cycle 2619.024ms
[311.301s][info][gc,start       ] GC(742) Pause Young (Prepare Mixed) (G1 Evacuation Pause)
[311.301s][info][gc,task        ] GC(742) Using 2 workers of 2 for evacuation
[311.318s][info][gc,phases      ] GC(742)   Pre Evacuate Collection Set: 0.31ms
[311.318s][info][gc,phases      ] GC(742)   Merge Heap Roots: 0.39ms
[311.318s][info][gc,phases      ] GC(742)   Evacuate Collection Set: 16.33ms
[311.318s][info][gc,phases      ] GC(742)   Post Evacuate Collection Set: 0.54ms
[311.318s][info][gc,phases      ] GC(742)   Other: 0.10ms
[311.318s][info][gc,heap        ] GC(742) Eden regions: 244->0(257)
[311.318s][info][gc,heap        ] GC(742) Survivor regions: 3->3(31)
[311.318s][info][gc,heap        ] GC(742) Old regions: 629->629
[311.318s][info][gc,heap        ] GC(742) Humongous regions: 6->6
[311.318s][info][gc,metaspace   ] GC(742) Metaspace: 18817K(18944K)->18817K(18944K) NonClass: 16988K(17088K)->16988K(17088K) Class: 1829K(1856K)->1829K(1856K)
[311.319s][info][gc             ] GC(742) Pause Young (Prepare Mixed) (G1 Evacuation Pause) 881M->637M(978M) 17.960ms
[311.319s][info][gc,cpu         ] GC(742) User=0.03s Sys=0.00s Real=0.01s
[311.678s][info][gc,start       ] GC(743) Pause Young (Mixed) (G1 Evacuation Pause)
[311.678s][info][gc,task        ] GC(743) Using 2 workers of 2 for evacuation
[311.759s][info][gc,phases      ] GC(743)   Pre Evacuate Collection Set: 0.58ms
[311.759s][info][gc,phases      ] GC(743)   Merge Heap Roots: 0.23ms
[311.759s][info][gc,phases      ] GC(743)   Evacuate Collection Set: 79.86ms
[311.759s][info][gc,phases      ] GC(743)   Post Evacuate Collection Set: 0.91ms
[311.759s][info][gc,phases      ] GC(743)   Other: 0.12ms
[311.759s][info][gc,heap        ] GC(743) Eden regions: 257->0(200)
[311.759s][info][gc,heap        ] GC(743) Survivor regions: 3->33(33)
[311.759s][info][gc,heap        ] GC(743) Old regions: 629->633
[311.759s][info][gc,heap        ] GC(743) Humongous regions: 6->6
[311.759s][info][gc,metaspace   ] GC(743) Metaspace: 18818K(18944K)->18818K(18944K) NonClass: 16989K(17088K)->16989K(17088K) Class: 1829K(1856K)->1829K(1856K)
[311.760s][info][gc             ] GC(743) Pause Young (Mixed) (G1 Evacuation Pause) 894M->671M(978M) 81.981ms
[311.760s][info][gc,cpu         ] GC(743) User=0.16s Sys=0.01s Real=0.08s
[312.115s][info][gc,start       ] GC(744) Pause Young (Concurrent Start) (G1 Humongous Allocation)
[312.115s][info][gc,task        ] GC(744) Using 2 workers of 2 for evacuation
[312.183s][info][gc,phases      ] GC(744)   Pre Evacuate Collection Set: 0.34ms
[312.183s][info][gc,phases      ] GC(744)   Merge Heap Roots: 0.55ms
[312.183s][info][gc,phases      ] GC(744)   Evacuate Collection Set: 66.65ms
[312.183s][info][gc,phases      ] GC(744)   Post Evacuate Collection Set: 0.70ms
[312.183s][info][gc,phases      ] GC(744)   Other: 0.11ms
[312.183s][info][gc,heap        ] GC(744) Eden regions: 182->0(203)
[312.183s][info][gc,heap        ] GC(744) Survivor regions: 33->10(30)
[312.183s][info][gc,heap        ] GC(744) Old regions: 633->667
[312.183s][info][gc,heap        ] GC(744) Humongous regions: 6->6
[312.183s][info][gc,metaspace   ] GC(744) Metaspace: 18818K(18944K)->18818K(18944K) NonClass: 16989K(17088K)->16989K(17088K) Class: 1829K(1856K)->1829K(1856K)
[312.184s][info][gc             ] GC(744) Pause Young (Concurrent Start) (G1 Humongous Allocation) 853M->682M(978M) 68.620ms
[312.184s][info][gc             ] GC(745) Concurrent Mark Cycle
[312.184s][info][gc,marking     ] GC(745) Concurrent Scan Root Regions
[312.184s][info][gc,cpu         ] GC(744) User=0.14s Sys=0.00s Real=0.07s
[312.242s][info][gc,marking     ] GC(745) Concurrent Scan Root Regions 58.452ms
[312.242s][info][gc,marking     ] GC(745) Concurrent Mark
[312.242s][info][gc,marking     ] GC(745) Concurrent Mark From Roots
[312.242s][info][gc,task        ] GC(745) Using 1 workers of 1 for marking
[312.665s][info][gc,start       ] GC(746) Pause Young (Normal) (G1 Evacuation Pause)
[312.665s][info][gc,task        ] GC(746) Using 2 workers of 2 for evacuation
[312.745s][info][gc,phases      ] GC(746)   Pre Evacuate Collection Set: 0.32ms
[312.745s][info][gc,phases      ] GC(746)   Merge Heap Roots: 0.41ms
[312.745s][info][gc,phases      ] GC(746)   Evacuate Collection Set: 78.87ms
[312.745s][info][gc,phases      ] GC(746)   Post Evacuate Collection Set: 0.64ms
[312.745s][info][gc,phases      ] GC(746)   Other: 0.09ms
[312.745s][info][gc,heap        ] GC(746) Eden regions: 203->0(171)
[312.745s][info][gc,heap        ] GC(746) Survivor regions: 10->27(27)
[312.745s][info][gc,heap        ] GC(746) Old regions: 667->689
[312.745s][info][gc,heap        ] GC(746) Humongous regions: 9->9
[312.745s][info][gc,metaspace   ] GC(746) Metaspace: 18818K(18944K)->18818K(18944K) NonClass: 16989K(17088K)->16989K(17088K) Class: 1829K(1856K)->1829K(1856K)
[312.745s][info][gc             ] GC(746) Pause Young (Normal) (G1 Evacuation Pause) 888M->724M(978M) 80.619ms
[312.745s][info][gc,cpu         ] GC(746) User=0.15s Sys=0.00s Real=0.08s
[313.105s][info][gc,start       ] GC(747) Pause Young (Normal) (G1 Evacuation Pause)
[313.106s][info][gc,task        ] GC(747) Using 2 workers of 2 for evacuation
[313.181s][info][gc,phases      ] GC(747)   Pre Evacuate Collection Set: 0.54ms
[313.181s][info][gc,phases      ] GC(747)   Merge Heap Roots: 0.51ms
[313.181s][info][gc,phases      ] GC(747)   Evacuate Collection Set: 73.40ms
[313.181s][info][gc,phases      ] GC(747)   Post Evacuate Collection Set: 0.49ms
[313.181s][info][gc,phases      ] GC(747)   Other: 0.09ms
[313.181s][info][gc,heap        ] GC(747) Eden regions: 171->0(166)
[313.181s][info][gc,heap        ] GC(747) Survivor regions: 27->15(25)
[313.181s][info][gc,heap        ] GC(747) Old regions: 689->716
[313.181s][info][gc,heap        ] GC(747) Humongous regions: 9->9
[313.181s][info][gc,metaspace   ] GC(747) Metaspace: 18818K(18944K)->18818K(18944K) NonClass: 16989K(17088K)->16989K(17088K) Class: 1829K(1856K)->1829K(1856K)
[313.181s][info][gc             ] GC(747) Pause Young (Normal) (G1 Evacuation Pause) 895M->739M(978M) 75.293ms
[313.181s][info][gc,cpu         ] GC(747) User=0.15s Sys=0.00s Real=0.08s
[313.499s][info][gc,start       ] GC(748) Pause Young (Normal) (G1 Evacuation Pause)
[313.499s][info][gc,task        ] GC(748) Using 2 workers of 2 for evacuation
[313.525s][info][gc,phases      ] GC(748)   Pre Evacuate Collection Set: 0.32ms
[313.525s][info][gc,phases      ] GC(748)   Merge Heap Roots: 0.23ms
[313.525s][info][gc,phases      ] GC(748)   Evacuate Collection Set: 24.78ms
[313.525s][info][gc,phases      ] GC(748)   Post Evacuate Collection Set: 0.47ms
[313.525s][info][gc,phases      ] GC(748)   Other: 0.11ms
[313.525s][info][gc,heap        ] GC(748) Eden regions: 166->0(175)
[313.525s][info][gc,heap        ] GC(748) Survivor regions: 15->1(23)
[313.525s][info][gc,heap        ] GC(748) Old regions: 716->731
[313.525s][info][gc,heap        ] GC(748) Humongous regions: 9->9
[313.525s][info][gc,metaspace   ] GC(748) Metaspace: 18818K(18944K)->18818K(18944K) NonClass: 16989K(17088K)->16989K(17088K) Class: 1829K(1856K)->1829K(1856K)
[313.525s][info][gc             ] GC(748) Pause Young (Normal) (G1 Evacuation Pause) 905M->740M(978M) 26.155ms
[313.525s][info][gc,cpu         ] GC(748) User=0.05s Sys=0.00s Real=0.03s
[313.947s][info][gc,start       ] GC(749) Pause Young (Normal) (G1 Evacuation Pause)
[313.948s][info][gc,task        ] GC(749) Using 2 workers of 2 for evacuation
[313.975s][info][gc,phases      ] GC(749)   Pre Evacuate Collection Set: 0.32ms
[313.975s][info][gc,phases      ] GC(749)   Merge Heap Roots: 0.44ms
[313.975s][info][gc,phases      ] GC(749)   Evacuate Collection Set: 25.77ms
[313.975s][info][gc,phases      ] GC(749)   Post Evacuate Collection Set: 0.47ms
[313.975s][info][gc,phases      ] GC(749)   Other: 0.09ms
[313.975s][info][gc,heap        ] GC(749) Eden regions: 175->0(176)
[313.975s][info][gc,heap        ] GC(749) Survivor regions: 1->6(22)
[313.975s][info][gc,heap        ] GC(749) Old regions: 731->731
[313.975s][info][gc,heap        ] GC(749) Humongous regions: 9->9
[313.975s][info][gc,metaspace   ] GC(749) Metaspace: 18818K(18944K)->18818K(18944K) NonClass: 16989K(17088K)->16989K(17088K) Class: 1829K(1856K)->1829K(1856K)
[313.975s][info][gc             ] GC(749) Pause Young (Normal) (G1 Evacuation Pause) 915M->745M(978M) 27.362ms
[313.975s][info][gc,cpu         ] GC(749) User=0.06s Sys=0.00s Real=0.03s
[314.473s][info][gc,marking     ] GC(745) Concurrent Mark From Roots 2231.049ms
[314.473s][info][gc,marking     ] GC(745) Concurrent Preclean
[314.473s][info][gc,marking     ] GC(745) Concurrent Preclean 0.041ms
[314.474s][info][gc,start       ] GC(745) Pause Remark
[314.482s][info][gc             ] GC(745) Pause Remark 907M->887M(978M) 8.774ms
[314.482s][info][gc,cpu         ] GC(745) User=0.02s Sys=0.00s Real=0.01s
[314.482s][info][gc,marking     ] GC(745) Concurrent Mark 2240.335ms
[314.482s][info][gc,marking     ] GC(745) Concurrent Rebuild Remembered Sets and Scrub Regions
[314.527s][info][gc,start       ] GC(750) Pause Young (Normal) (G1 Evacuation Pause)
[314.527s][info][gc,task        ] GC(750) Using 2 workers of 2 for evacuation
[314.555s][info][gc,phases      ] GC(750)   Pre Evacuate Collection Set: 0.53ms
[314.555s][info][gc,phases      ] GC(750)   Merge Heap Roots: 0.20ms
[314.555s][info][gc,phases      ] GC(750)   Evacuate Collection Set: 27.00ms
[314.555s][info][gc,phases      ] GC(750)   Post Evacuate Collection Set: 0.45ms
[314.555s][info][gc,phases      ] GC(750)   Other: 0.11ms
[314.555s][info][gc,heap        ] GC(750) Eden regions: 176->0(168)
[314.555s][info][gc,heap        ] GC(750) Survivor regions: 6->20(23)
[314.555s][info][gc,heap        ] GC(750) Old regions: 711->711
[314.555s][info][gc,heap        ] GC(750) Humongous regions: 9->9
[314.555s][info][gc,metaspace   ] GC(750) Metaspace: 18818K(18944K)->18818K(18944K) NonClass: 16989K(17088K)->16989K(17088K) Class: 1829K(1856K)->1829K(1856K)
[314.555s][info][gc             ] GC(750) Pause Young (Normal) (G1 Evacuation Pause) 901M->739M(978M) 28.540ms
[314.555s][info][gc,cpu         ] GC(750) User=0.05s Sys=0.00s Real=0.03s
[314.873s][info][gc,start       ] GC(751) Pause Young (Normal) (G1 Evacuation Pause)
[314.873s][info][gc,task        ] GC(751) Using 2 workers of 2 for evacuation
[314.935s][info][gc,phases      ] GC(751)   Pre Evacuate Collection Set: 0.54ms
[314.935s][info][gc,phases      ] GC(751)   Merge Heap Roots: 0.36ms
[314.935s][info][gc,phases      ] GC(751)   Evacuate Collection Set: 60.18ms
[314.935s][info][gc,phases      ] GC(751)   Post Evacuate Collection Set: 0.52ms
[314.935s][info][gc,phases      ] GC(751)   Other: 0.11ms
[314.935s][info][gc,heap        ] GC(751) Eden regions: 168->0(137)
[314.935s][info][gc,heap        ] GC(751) Survivor regions: 20->24(24)
[314.935s][info][gc,heap        ] GC(751) Old regions: 711->734
[314.935s][info][gc,heap        ] GC(751) Humongous regions: 9->9
[314.935s][info][gc,metaspace   ] GC(751) Metaspace: 18818K(18944K)->18818K(18944K) NonClass: 16989K(17088K)->16989K(17088K) Class: 1829K(1856K)->1829K(1856K)
[314.935s][info][gc             ] GC(751) Pause Young (Normal) (G1 Evacuation Pause) 907M->766M(978M) 61.972ms
[314.935s][info][gc,cpu         ] GC(751) User=0.12s Sys=0.00s Real=0.06s
[315.318s][info][gc,start       ] GC(752) Pause Young (Normal) (G1 Evacuation Pause)
[315.319s][info][gc,task        ] GC(752) Using 2 workers of 2 for evacuation
[315.365s][info][gc,phases      ] GC(752)   Pre Evacuate Collection Set: 0.32ms
[315.365s][info][gc,phases      ] GC(752)   Merge Heap Roots: 0.30ms
[315.365s][info][gc,phases      ] GC(752)   Evacuate Collection Set: 44.84ms
[315.365s][info][gc,phases      ] GC(752)   Post Evacuate Collection Set: 0.53ms
[315.365s][info][gc,phases      ] GC(752)   Other: 0.11ms
[315.365s][info][gc,heap        ] GC(752) Eden regions: 137->0(129)
[315.365s][info][gc,heap        ] GC(752) Survivor regions: 24->16(21)
[315.365s][info][gc,heap        ] GC(752) Old regions: 734->758
[315.365s][info][gc,heap        ] GC(752) Humongous regions: 9->9
[315.365s][info][gc,metaspace   ] GC(752) Metaspace: 18820K(18944K)->18820K(18944K) NonClass: 16991K(17088K)->16991K(17088K) Class: 1829K(1856K)->1829K(1856K)
[315.365s][info][gc             ] GC(752) Pause Young (Normal) (G1 Evacuation Pause) 903M->782M(978M) 46.329ms
[315.365s][info][gc,cpu         ] GC(752) User=0.09s Sys=0.00s Real=0.05s
[315.389s][info][gc,marking     ] GC(745) Concurrent Rebuild Remembered Sets and Scrub Regions 906.998ms
[315.390s][info][gc,start       ] GC(745) Pause Cleanup
[315.390s][info][gc             ] GC(745) Pause Cleanup 799M->799M(978M) 0.157ms
[315.390s][info][gc,cpu         ] GC(745) User=0.00s Sys=0.00s Real=0.00s
[315.390s][info][gc,marking     ] GC(745) Concurrent Clear Claimed Marks
[315.390s][info][gc,marking     ] GC(745) Concurrent Clear Claimed Marks 0.041ms
[315.390s][info][gc,marking     ] GC(745) Concurrent Cleanup for Next Mark
[315.398s][info][gc,marking     ] GC(745) Concurrent Cleanup for Next Mark 8.509ms
[315.399s][info][gc             ] GC(745) Concurrent Mark Cycle 3214.972ms
[315.534s][info][gc,start       ] GC(753) Pause Young (Prepare Mixed) (G1 Evacuation Pause)
[315.534s][info][gc,task        ] GC(753) Using 2 workers of 2 for evacuation
[315.561s][info][gc,phases      ] GC(753)   Pre Evacuate Collection Set: 0.57ms
[315.561s][info][gc,phases      ] GC(753)   Merge Heap Roots: 0.11ms
[315.561s][info][gc,phases      ] GC(753)   Evacuate Collection Set: 25.70ms
[315.561s][info][gc,phases      ] GC(753)   Post Evacuate Collection Set: 0.45ms
[315.561s][info][gc,phases      ] GC(753)   Other: 0.11ms
[315.561s][info][gc,heap        ] GC(753) Eden regions: 129->0(120)
[315.561s][info][gc,heap        ] GC(753) Survivor regions: 16->16(19)
[315.561s][info][gc,heap        ] GC(753) Old regions: 758->767
[315.561s][info][gc,heap        ] GC(753) Humongous regions: 9->9
[315.561s][info][gc,metaspace   ] GC(753) Metaspace: 18820K(18944K)->18820K(18944K) NonClass: 16991K(17088K)->16991K(17088K) Class: 1829K(1856K)->1829K(1856K)
[315.561s][info][gc             ] GC(753) Pause Young (Prepare Mixed) (G1 Evacuation Pause) 911M->791M(978M) 27.206ms
[315.561s][info][gc,cpu         ] GC(753) User=0.05s Sys=0.00s Real=0.03s
[315.745s][info][gc,start       ] GC(754) Pause Young (Mixed) (G1 Evacuation Pause)
[315.746s][info][gc,task        ] GC(754) Using 2 workers of 2 for evacuation
[315.786s][info][gc,phases      ] GC(754)   Pre Evacuate Collection Set: 0.56ms
[315.786s][info][gc,phases      ] GC(754)   Merge Heap Roots: 0.24ms
[315.787s][info][gc,phases      ] GC(754)   Evacuate Collection Set: 39.50ms
[315.787s][info][gc,phases      ] GC(754)   Post Evacuate Collection Set: 0.48ms
[315.787s][info][gc,phases      ] GC(754)   Other: 0.10ms
[315.787s][info][gc,heap        ] GC(754) Eden regions: 120->0(118)
[315.787s][info][gc,heap        ] GC(754) Survivor regions: 16->15(17)
[315.787s][info][gc,heap        ] GC(754) Old regions: 767->771
[315.787s][info][gc,heap        ] GC(754) Humongous regions: 9->9
[315.787s][info][gc,metaspace   ] GC(754) Metaspace: 18820K(18944K)->18820K(18944K) NonClass: 16991K(17088K)->16991K(17088K) Class: 1829K(1856K)->1829K(1856K)
[315.787s][info][gc             ] GC(754) Pause Young (Mixed) (G1 Evacuation Pause) 911M->794M(978M) 41.161ms
[315.787s][info][gc,cpu         ] GC(754) User=0.08s Sys=0.00s Real=0.04s
[315.967s][info][gc,start       ] GC(755) Pause Young (Concurrent Start) (G1 Evacuation Pause)
[315.967s][info][gc,task        ] GC(755) Using 2 workers of 2 for evacuation
[315.992s][info][gc,phases      ] GC(755)   Pre Evacuate Collection Set: 0.38ms
[315.992s][info][gc,phases      ] GC(755)   Merge Heap Roots: 0.11ms
[315.992s][info][gc,phases      ] GC(755)   Evacuate Collection Set: 23.22ms
[315.992s][info][gc,phases      ] GC(755)   Post Evacuate Collection Set: 0.46ms
[315.992s][info][gc,phases      ] GC(755)   Other: 0.26ms
[315.992s][info][gc,heap        ] GC(755) Eden regions: 118->0(123)
[315.992s][info][gc,heap        ] GC(755) Survivor regions: 15->5(17)
[315.992s][info][gc,heap        ] GC(755) Old regions: 771->786
[315.992s][info][gc,heap        ] GC(755) Humongous regions: 9->9
[315.992s][info][gc,metaspace   ] GC(755) Metaspace: 18823K(18944K)->18823K(18944K) NonClass: 16994K(17088K)->16994K(17088K) Class: 1829K(1856K)->1829K(1856K)
[315.992s][info][gc             ] GC(755) Pause Young (Concurrent Start) (G1 Evacuation Pause) 912M->798M(978M) 24.699ms
[315.992s][info][gc             ] GC(756) Concurrent Mark Cycle
[315.992s][info][gc,marking     ] GC(756) Concurrent Scan Root Regions
[315.992s][info][gc,cpu         ] GC(755) User=0.05s Sys=0.00s Real=0.03s
[316.031s][info][gc,marking     ] GC(756) Concurrent Scan Root Regions 39.149ms
[316.031s][info][gc,marking     ] GC(756) Concurrent Mark
[316.031s][info][gc,marking     ] GC(756) Concurrent Mark From Roots
[316.031s][info][gc,task        ] GC(756) Using 1 workers of 1 for marking
[316.568s][info][gc,start       ] GC(757) Pause Young (Normal) (G1 Evacuation Pause)
[316.568s][info][gc,task        ] GC(757) Using 2 workers of 2 for evacuation
[316.577s][info][gc,phases      ] GC(757)   Pre Evacuate Collection Set: 0.31ms
[316.577s][info][gc,phases      ] GC(757)   Merge Heap Roots: 0.20ms
[316.577s][info][gc,phases      ] GC(757)   Evacuate Collection Set: 7.50ms
[316.577s][info][gc,phases      ] GC(757)   Post Evacuate Collection Set: 0.40ms
[316.577s][info][gc,phases      ] GC(757)   Other: 0.10ms
[316.577s][info][gc,heap        ] GC(757) Eden regions: 123->0(123)
[316.577s][info][gc,heap        ] GC(757) Survivor regions: 5->5(16)
[316.577s][info][gc,heap        ] GC(757) Old regions: 786->786
[316.577s][info][gc,heap        ] GC(757) Humongous regions: 9->9
[316.577s][info][gc,metaspace   ] GC(757) Metaspace: 18823K(18944K)->18823K(18944K) NonClass: 16994K(17088K)->16994K(17088K) Class: 1829K(1856K)->1829K(1856K)
[316.577s][info][gc             ] GC(757) Pause Young (Normal) (G1 Evacuation Pause) 921M->798M(978M) 8.743ms
[316.577s][info][gc,cpu         ] GC(757) User=0.01s Sys=0.00s Real=0.01s
[317.011s][info][gc,start       ] GC(758) Pause Young (Normal) (G1 Evacuation Pause)
[317.011s][info][gc,task        ] GC(758) Using 2 workers of 2 for evacuation
[317.025s][info][gc,phases      ] GC(758)   Pre Evacuate Collection Set: 0.30ms
[317.025s][info][gc,phases      ] GC(758)   Merge Heap Roots: 0.14ms
[317.025s][info][gc,phases      ] GC(758)   Evacuate Collection Set: 12.92ms
[317.025s][info][gc,phases      ] GC(758)   Post Evacuate Collection Set: 0.42ms
[317.025s][info][gc,phases      ] GC(758)   Other: 0.13ms
[317.025s][info][gc,heap        ] GC(758) Eden regions: 123->0(111)
[317.025s][info][gc,heap        ] GC(758) Survivor regions: 5->11(16)
[317.025s][info][gc,heap        ] GC(758) Old regions: 786->786
[317.025s][info][gc,heap        ] GC(758) Humongous regions: 9->9
[317.025s][info][gc,metaspace   ] GC(758) Metaspace: 18823K(18944K)->18823K(18944K) NonClass: 16994K(17088K)->16994K(17088K) Class: 1829K(1856K)->1829K(1856K)
[317.025s][info][gc             ] GC(758) Pause Young (Normal) (G1 Evacuation Pause) 921M->805M(978M) 14.182ms
[317.026s][info][gc,cpu         ] GC(758) User=0.03s Sys=0.00s Real=0.01s
[317.294s][info][gc,start       ] GC(759) Pause Young (Normal) (G1 Evacuation Pause)
[317.294s][info][gc,task        ] GC(759) Using 2 workers of 2 for evacuation
[317.319s][info][gc,phases      ] GC(759)   Pre Evacuate Collection Set: 0.34ms
[317.319s][info][gc,phases      ] GC(759)   Merge Heap Roots: 0.11ms
[317.319s][info][gc,phases      ] GC(759)   Evacuate Collection Set: 23.55ms
[317.319s][info][gc,phases      ] GC(759)   Post Evacuate Collection Set: 0.41ms
[317.319s][info][gc,phases      ] GC(759)   Other: 0.13ms
[317.319s][info][gc,heap        ] GC(759) Eden regions: 111->0(97)
[317.319s][info][gc,heap        ] GC(759) Survivor regions: 11->16(16)
[317.319s][info][gc,heap        ] GC(759) Old regions: 786->790
[317.319s][info][gc,heap        ] GC(759) Humongous regions: 9->9
[317.319s][info][gc,metaspace   ] GC(759) Metaspace: 18823K(18944K)->18823K(18944K) NonClass: 16994K(17088K)->16994K(17088K) Class: 1829K(1856K)->1829K(1856K)
[317.319s][info][gc             ] GC(759) Pause Young (Normal) (G1 Evacuation Pause) 916M->814M(978M) 24.760ms
[317.319s][info][gc,cpu         ] GC(759) User=0.05s Sys=0.00s Real=0.02s
[317.425s][info][gc,marking     ] GC(756) Concurrent Mark From Roots 1393.932ms
[317.425s][info][gc,marking     ] GC(756) Concurrent Preclean
[317.425s][info][gc,marking     ] GC(756) Concurrent Preclean 0.044ms
[317.425s][info][gc,start       ] GC(756) Pause Remark
[317.434s][info][gc             ] GC(756) Pause Remark 844M->561M(978M) 8.842ms
[317.434s][info][gc,cpu         ] GC(756) User=0.01s Sys=0.00s Real=0.01s
[317.435s][info][gc,marking     ] GC(756) Concurrent Mark 1404.042ms
[317.435s][info][gc,marking     ] GC(756) Concurrent Rebuild Remembered Sets and Scrub Regions
[317.610s][info][gc,start       ] GC(760) Pause Young (Normal) (G1 Evacuation Pause)
[317.610s][info][gc,task        ] GC(760) Using 2 workers of 2 for evacuation
[317.634s][info][gc,phases      ] GC(760)   Pre Evacuate Collection Set: 0.56ms
[317.634s][info][gc,phases      ] GC(760)   Merge Heap Roots: 0.11ms
[317.634s][info][gc,phases      ] GC(760)   Evacuate Collection Set: 22.90ms
[317.634s][info][gc,phases      ] GC(760)   Post Evacuate Collection Set: 0.45ms
[317.634s][info][gc,phases      ] GC(760)   Other: 0.09ms
[317.634s][info][gc,heap        ] GC(760) Eden regions: 97->0(327)
[317.634s][info][gc,heap        ] GC(760) Survivor regions: 16->6(15)
[317.634s][info][gc,heap        ] GC(760) Old regions: 512->528
[317.634s][info][gc,heap        ] GC(760) Humongous regions: 4->4
[317.634s][info][gc,metaspace   ] GC(760) Metaspace: 18823K(18944K)->18823K(18944K) NonClass: 16994K(17088K)->16994K(17088K) Class: 1829K(1856K)->1829K(1856K)
[317.634s][info][gc             ] GC(760) Pause Young (Normal) (G1 Evacuation Pause) 628M->536M(978M) 24.337ms
[317.634s][info][gc,cpu         ] GC(760) User=0.05s Sys=0.00s Real=0.03s
[318.036s][info][gc,marking     ] GC(756) Concurrent Rebuild Remembered Sets and Scrub Regions 601.051ms
[318.037s][info][gc,start       ] GC(756) Pause Cleanup
[318.037s][info][gc             ] GC(756) Pause Cleanup 776M->776M(978M) 0.139ms
[318.037s][info][gc,cpu         ] GC(756) User=0.00s Sys=0.00s Real=0.00s
[318.038s][info][gc,marking     ] GC(756) Concurrent Clear Claimed Marks
[318.038s][info][gc,marking     ] GC(756) Concurrent Clear Claimed Marks 0.052ms
[318.038s][info][gc,marking     ] GC(756) Concurrent Cleanup for Next Mark
[318.043s][info][gc,marking     ] GC(756) Concurrent Cleanup for Next Mark 5.033ms
[318.043s][info][gc             ] GC(756) Concurrent Mark Cycle 2051.157ms
[318.135s][info][gc,start       ] GC(761) Pause Young (Prepare Mixed) (G1 Evacuation Pause)
[318.135s][info][gc,task        ] GC(761) Using 2 workers of 2 for evacuation
[318.217s][info][gc,phases      ] GC(761)   Pre Evacuate Collection Set: 0.54ms
[318.217s][info][gc,phases      ] GC(761)   Merge Heap Roots: 0.14ms
[318.217s][info][gc,phases      ] GC(761)   Evacuate Collection Set: 80.43ms
[318.217s][info][gc,phases      ] GC(761)   Post Evacuate Collection Set: 0.89ms
[318.217s][info][gc,phases      ] GC(761)   Other: 0.12ms
[318.217s][info][gc,heap        ] GC(761) Eden regions: 327->0(261)
[318.217s][info][gc,heap        ] GC(761) Survivor regions: 6->42(42)
[318.217s][info][gc,heap        ] GC(761) Old regions: 528->565
[318.217s][info][gc,heap        ] GC(761) Humongous regions: 4->4
[318.217s][info][gc,metaspace   ] GC(761) Metaspace: 18823K(18944K)->18823K(18944K) NonClass: 16994K(17088K)->16994K(17088K) Class: 1829K(1856K)->1829K(1856K)
[318.217s][info][gc             ] GC(761) Pause Young (Prepare Mixed) (G1 Evacuation Pause) 863M->610M(978M) 82.395ms
[318.217s][info][gc,cpu         ] GC(761) User=0.16s Sys=0.00s Real=0.08s
[318.598s][info][gc,start       ] GC(762) Pause Young (Mixed) (G1 Evacuation Pause)
[318.598s][info][gc,task        ] GC(762) Using 2 workers of 2 for evacuation
[318.735s][info][gc,phases      ] GC(762)   Pre Evacuate Collection Set: 0.59ms
[318.735s][info][gc,phases      ] GC(762)   Merge Heap Roots: 0.42ms
[318.735s][info][gc,phases      ] GC(762)   Evacuate Collection Set: 134.54ms
[318.735s][info][gc,phases      ] GC(762)   Post Evacuate Collection Set: 0.81ms
[318.735s][info][gc,phases      ] GC(762)   Other: 0.13ms
[318.735s][info][gc,heap        ] GC(762) Eden regions: 261->0(251)
[318.735s][info][gc,heap        ] GC(762) Survivor regions: 42->38(38)
[318.735s][info][gc,heap        ] GC(762) Old regions: 565->561
[318.735s][info][gc,heap        ] GC(762) Humongous regions: 7->7
[318.735s][info][gc,metaspace   ] GC(762) Metaspace: 18823K(18944K)->18823K(18944K) NonClass: 16994K(17088K)->16994K(17088K) Class: 1829K(1856K)->1829K(1856K)
[318.735s][info][gc             ] GC(762) Pause Young (Mixed) (G1 Evacuation Pause) 874M->605M(978M) 136.763ms
[318.735s][info][gc,cpu         ] GC(762) User=0.27s Sys=0.00s Real=0.14s
[319.036s][info][gc,start       ] GC(763) Pause Young (Concurrent Start) (G1 Evacuation Pause)
[319.036s][info][gc,task        ] GC(763) Using 2 workers of 2 for evacuation
[319.118s][info][gc,phases      ] GC(763)   Pre Evacuate Collection Set: 0.37ms
[319.118s][info][gc,phases      ] GC(763)   Merge Heap Roots: 0.73ms
[319.118s][info][gc,phases      ] GC(763)   Evacuate Collection Set: 79.82ms
[319.118s][info][gc,phases      ] GC(763)   Post Evacuate Collection Set: 0.55ms
[319.118s][info][gc,phases      ] GC(763)   Other: 0.24ms
[319.118s][info][gc,heap        ] GC(763) Eden regions: 251->0(259)
[319.118s][info][gc,heap        ] GC(763) Survivor regions: 38->7(37)
[319.118s][info][gc,heap        ] GC(763) Old regions: 561->600
[319.118s][info][gc,heap        ] GC(763) Humongous regions: 7->7
[319.118s][info][gc,metaspace   ] GC(763) Metaspace: 18823K(18944K)->18823K(18944K) NonClass: 16994K(17088K)->16994K(17088K) Class: 1829K(1856K)->1829K(1856K)
[319.118s][info][gc             ] GC(763) Pause Young (Concurrent Start) (G1 Evacuation Pause) 856M->613M(978M) 81.988ms
[319.118s][info][gc             ] GC(764) Concurrent Mark Cycle
[319.118s][info][gc,marking     ] GC(764) Concurrent Scan Root Regions
[319.121s][info][gc,cpu         ] GC(763) User=0.17s Sys=0.00s Real=0.09s
[319.209s][info][gc,marking     ] GC(764) Concurrent Scan Root Regions 90.330ms
[319.209s][info][gc,marking     ] GC(764) Concurrent Mark
[319.209s][info][gc,marking     ] GC(764) Concurrent Mark From Roots
[319.209s][info][gc,task        ] GC(764) Using 1 workers of 1 for marking
[319.622s][info][gc,start       ] GC(765) Pause Young (Normal) (G1 Evacuation Pause)
[319.622s][info][gc,task        ] GC(765) Using 2 workers of 2 for evacuation
[319.657s][info][gc,phases      ] GC(765)   Pre Evacuate Collection Set: 0.31ms
[319.657s][info][gc,phases      ] GC(765)   Merge Heap Roots: 0.29ms
[319.657s][info][gc,phases      ] GC(765)   Evacuate Collection Set: 33.68ms
[319.657s][info][gc,phases      ] GC(765)   Post Evacuate Collection Set: 0.59ms
[319.657s][info][gc,phases      ] GC(765)   Other: 0.10ms
[319.657s][info][gc,heap        ] GC(765) Eden regions: 259->0(256)
[319.657s][info][gc,heap        ] GC(765) Survivor regions: 7->21(34)
[319.657s][info][gc,heap        ] GC(765) Old regions: 600->600
[319.657s][info][gc,heap        ] GC(765) Humongous regions: 7->7
[319.657s][info][gc,metaspace   ] GC(765) Metaspace: 18823K(18944K)->18823K(18944K) NonClass: 16994K(17088K)->16994K(17088K) Class: 1829K(1856K)->1829K(1856K)
[319.657s][info][gc             ] GC(765) Pause Young (Normal) (G1 Evacuation Pause) 872M->627M(978M) 35.212ms
[319.657s][info][gc,cpu         ] GC(765) User=0.07s Sys=0.00s Real=0.03s
[320.228s][info][gc,start       ] GC(766) Pause Young (Normal) (G1 Evacuation Pause)
[320.228s][info][gc,task        ] GC(766) Using 2 workers of 2 for evacuation
[320.326s][info][gc,phases      ] GC(766)   Pre Evacuate Collection Set: 0.58ms
[320.326s][info][gc,phases      ] GC(766)   Merge Heap Roots: 0.50ms
[320.326s][info][gc,phases      ] GC(766)   Evacuate Collection Set: 96.64ms
[320.326s][info][gc,phases      ] GC(766)   Post Evacuate Collection Set: 0.84ms
[320.326s][info][gc,phases      ] GC(766)   Other: 0.13ms
[320.326s][info][gc,heap        ] GC(766) Eden regions: 256->0(196)
[320.326s][info][gc,heap        ] GC(766) Survivor regions: 21->35(35)
[320.326s][info][gc,heap        ] GC(766) Old regions: 600->646
[320.326s][info][gc,heap        ] GC(766) Humongous regions: 7->7
[320.326s][info][gc,metaspace   ] GC(766) Metaspace: 18823K(18944K)->18823K(18944K) NonClass: 16994K(17088K)->16994K(17088K) Class: 1829K(1856K)->1829K(1856K)
[320.326s][info][gc             ] GC(766) Pause Young (Normal) (G1 Evacuation Pause) 883M->687M(978M) 98.967ms
[320.326s][info][gc,cpu         ] GC(766) User=0.19s Sys=0.00s Real=0.10s
[320.334s][info][gc,marking     ] GC(764) Concurrent Mark From Roots 1125.818ms
[320.335s][info][gc,marking     ] GC(764) Concurrent Preclean
[320.335s][info][gc,marking     ] GC(764) Concurrent Preclean 0.052ms
[320.335s][info][gc,start       ] GC(764) Pause Remark
[320.344s][info][gc             ] GC(764) Pause Remark 690M->498M(978M) 9.050ms
[320.344s][info][gc,cpu         ] GC(764) User=0.01s Sys=0.00s Real=0.01s
[320.344s][info][gc,marking     ] GC(764) Concurrent Mark 1135.303ms
[320.344s][info][gc,marking     ] GC(764) Concurrent Rebuild Remembered Sets and Scrub Regions
[320.787s][info][gc,marking     ] GC(764) Concurrent Rebuild Remembered Sets and Scrub Regions 442.817ms
[320.787s][info][gc,start       ] GC(764) Pause Cleanup
[320.787s][info][gc             ] GC(764) Pause Cleanup 623M->623M(978M) 0.125ms
[320.787s][info][gc,cpu         ] GC(764) User=0.00s Sys=0.00s Real=0.00s
[320.787s][info][gc,marking     ] GC(764) Concurrent Clear Claimed Marks
[320.787s][info][gc,marking     ] GC(764) Concurrent Clear Claimed Marks 0.034ms
[320.787s][info][gc,marking     ] GC(764) Concurrent Cleanup for Next Mark
[320.790s][info][gc,marking     ] GC(764) Concurrent Cleanup for Next Mark 3.050ms
[320.790s][info][gc             ] GC(764) Concurrent Mark Cycle 1672.122ms
[320.908s][info][gc,start       ] GC(767) Pause Young (Prepare Mixed) (G1 Evacuation Pause)
[320.908s][info][gc,task        ] GC(767) Using 2 workers of 2 for evacuation
[320.984s][info][gc,phases      ] GC(767)   Pre Evacuate Collection Set: 0.54ms
[320.984s][info][gc,phases      ] GC(767)   Merge Heap Roots: 0.55ms
[320.984s][info][gc,phases      ] GC(767)   Evacuate Collection Set: 74.23ms
[320.984s][info][gc,phases      ] GC(767)   Post Evacuate Collection Set: 0.59ms
[320.984s][info][gc,phases      ] GC(767)   Other: 0.11ms
[320.984s][info][gc,heap        ] GC(767) Eden regions: 196->0(325)
[320.984s][info][gc,heap        ] GC(767) Survivor regions: 35->12(29)
[320.984s][info][gc,heap        ] GC(767) Old regions: 457->493
[320.984s][info][gc,heap        ] GC(767) Humongous regions: 5->5
[320.984s][info][gc,metaspace   ] GC(767) Metaspace: 18823K(18944K)->18823K(18944K) NonClass: 16994K(17088K)->16994K(17088K) Class: 1829K(1856K)->1829K(1856K)
[320.984s][info][gc             ] GC(767) Pause Young (Prepare Mixed) (G1 Evacuation Pause) 692M->508M(978M) 76.301ms
[320.984s][info][gc,cpu         ] GC(767) User=0.15s Sys=0.00s Real=0.08s
[321.364s][info][gc,start       ] GC(768) Pause Young (Mixed) (G1 Evacuation Pause)
[321.364s][info][gc,task        ] GC(768) Using 2 workers of 2 for evacuation
[321.418s][info][gc,phases      ] GC(768)   Pre Evacuate Collection Set: 0.35ms
[321.418s][info][gc,phases      ] GC(768)   Merge Heap Roots: 0.30ms
[321.418s][info][gc,phases      ] GC(768)   Evacuate Collection Set: 52.37ms
[321.418s][info][gc,phases      ] GC(768)   Post Evacuate Collection Set: 0.68ms
[321.418s][info][gc,phases      ] GC(768)   Other: 0.12ms
[321.418s][info][gc,heap        ] GC(768) Eden regions: 325->0(343)
[321.418s][info][gc,heap        ] GC(768) Survivor regions: 12->36(43)
[321.418s][info][gc,heap        ] GC(768) Old regions: 493->455
[321.418s][info][gc,heap        ] GC(768) Humongous regions: 5->5
[321.418s][info][gc,metaspace   ] GC(768) Metaspace: 18823K(18944K)->18823K(18944K) NonClass: 16994K(17088K)->16994K(17088K) Class: 1829K(1856K)->1829K(1856K)
[321.418s][info][gc             ] GC(768) Pause Young (Mixed) (G1 Evacuation Pause) 833M->494M(978M) 54.072ms
[321.418s][info][gc,cpu         ] GC(768) User=0.10s Sys=0.00s Real=0.05s
[322.208s][info][gc,start       ] GC(769) Pause Young (Concurrent Start) (G1 Evacuation Pause)
[322.208s][info][gc,task        ] GC(769) Using 2 workers of 2 for evacuation
[322.278s][info][gc,phases      ] GC(769)   Pre Evacuate Collection Set: 0.34ms
[322.278s][info][gc,phases      ] GC(769)   Merge Heap Roots: 0.29ms
[322.278s][info][gc,phases      ] GC(769)   Evacuate Collection Set: 68.76ms
[322.278s][info][gc,phases      ] GC(769)   Post Evacuate Collection Set: 0.64ms
[322.278s][info][gc,phases      ] GC(769)   Other: 0.14ms
[322.278s][info][gc,heap        ] GC(769) Eden regions: 343->0(346)
[322.278s][info][gc,heap        ] GC(769) Survivor regions: 36->16(48)
[322.278s][info][gc,heap        ] GC(769) Old regions: 455->491
[322.278s][info][gc,heap        ] GC(769) Humongous regions: 5->5
[322.278s][info][gc,metaspace   ] GC(769) Metaspace: 18823K(18944K)->18823K(18944K) NonClass: 16994K(17088K)->16994K(17088K) Class: 1829K(1856K)->1829K(1856K)
[322.278s][info][gc             ] GC(769) Pause Young (Concurrent Start) (G1 Evacuation Pause) 837M->511M(978M) 70.477ms
[322.278s][info][gc             ] GC(770) Concurrent Mark Cycle
[322.278s][info][gc,marking     ] GC(770) Concurrent Scan Root Regions
[322.278s][info][gc,cpu         ] GC(769) User=0.14s Sys=0.01s Real=0.07s
[322.376s][info][gc,marking     ] GC(770) Concurrent Scan Root Regions 97.663ms
[322.376s][info][gc,marking     ] GC(770) Concurrent Mark
[322.376s][info][gc,marking     ] GC(770) Concurrent Mark From Roots
[322.376s][info][gc,task        ] GC(770) Using 1 workers of 1 for marking
[323.559s][info][gc,start       ] GC(771) Pause Young (Normal) (G1 Evacuation Pause)
[323.559s][info][gc,task        ] GC(771) Using 2 workers of 2 for evacuation
[323.606s][info][gc,phases      ] GC(771)   Pre Evacuate Collection Set: 0.32ms
[323.606s][info][gc,phases      ] GC(771)   Merge Heap Roots: 0.43ms
[323.606s][info][gc,phases      ] GC(771)   Evacuate Collection Set: 45.30ms
[323.606s][info][gc,phases      ] GC(771)   Post Evacuate Collection Set: 0.69ms
[323.606s][info][gc,phases      ] GC(771)   Other: 0.11ms
[323.606s][info][gc,heap        ] GC(771) Eden regions: 346->0(343)
[323.606s][info][gc,heap        ] GC(771) Survivor regions: 16->31(46)
[323.606s][info][gc,heap        ] GC(771) Old regions: 491->491
[323.606s][info][gc,heap        ] GC(771) Humongous regions: 5->5
[323.606s][info][gc,metaspace   ] GC(771) Metaspace: 18823K(18944K)->18823K(18944K) NonClass: 16994K(17088K)->16994K(17088K) Class: 1829K(1856K)->1829K(1856K)
[323.606s][info][gc             ] GC(771) Pause Young (Normal) (G1 Evacuation Pause) 857M->525M(978M) 47.092ms
[323.606s][info][gc,cpu         ] GC(771) User=0.09s Sys=0.01s Real=0.05s
[323.749s][info][gc,marking     ] GC(770) Concurrent Mark From Roots 1373.351ms
[323.749s][info][gc,marking     ] GC(770) Concurrent Preclean
[323.749s][info][gc,marking     ] GC(770) Concurrent Preclean 0.029ms
[323.749s][info][gc,start       ] GC(770) Pause Remark
[323.759s][info][gc             ] GC(770) Pause Remark 616M->616M(978M) 9.926ms
[323.759s][info][gc,cpu         ] GC(770) User=0.02s Sys=0.00s Real=0.01s
[323.759s][info][gc,marking     ] GC(770) Concurrent Mark 1383.623ms
[323.760s][info][gc,marking     ] GC(770) Concurrent Rebuild Remembered Sets and Scrub Regions
[324.170s][info][gc,marking     ] GC(770) Concurrent Rebuild Remembered Sets and Scrub Regions 410.928ms
[324.171s][info][gc,start       ] GC(770) Pause Cleanup
[324.171s][info][gc             ] GC(770) Pause Cleanup 766M->766M(978M) 0.113ms
[324.171s][info][gc,cpu         ] GC(770) User=0.00s Sys=0.00s Real=0.00s
[324.172s][info][gc,marking     ] GC(770) Concurrent Clear Claimed Marks
[324.172s][info][gc,marking     ] GC(770) Concurrent Clear Claimed Marks 0.050ms
[324.172s][info][gc,marking     ] GC(770) Concurrent Cleanup for Next Mark
[324.179s][info][gc,marking     ] GC(770) Concurrent Cleanup for Next Mark 7.062ms
[324.179s][info][gc             ] GC(770) Concurrent Mark Cycle 1900.943ms
[324.321s][info][gc,start       ] GC(772) Pause Young (Prepare Mixed) (G1 Evacuation Pause)
[324.321s][info][gc,task        ] GC(772) Using 2 workers of 2 for evacuation
[324.433s][info][gc,phases      ] GC(772)   Pre Evacuate Collection Set: 0.53ms
[324.433s][info][gc,phases      ] GC(772)   Merge Heap Roots: 0.61ms
[324.433s][info][gc,phases      ] GC(772)   Evacuate Collection Set: 109.22ms
[324.433s][info][gc,phases      ] GC(772)   Post Evacuate Collection Set: 0.89ms
[324.433s][info][gc,phases      ] GC(772)   Other: 0.14ms
[324.433s][info][gc,heap        ] GC(772) Eden regions: 343->0(290)
[324.433s][info][gc,heap        ] GC(772) Survivor regions: 31->47(47)
[324.433s][info][gc,heap        ] GC(772) Old regions: 491->534
[324.433s][info][gc,heap        ] GC(772) Humongous regions: 5->5
[324.433s][info][gc,metaspace   ] GC(772) Metaspace: 18823K(18944K)->18823K(18944K) NonClass: 16994K(17088K)->16994K(17088K) Class: 1829K(1856K)->1829K(1856K)
[324.433s][info][gc             ] GC(772) Pause Young (Prepare Mixed) (G1 Evacuation Pause) 868M->585M(978M) 111.677ms
[324.433s][info][gc,cpu         ] GC(772) User=0.22s Sys=0.00s Real=0.11s
[324.789s][info][gc,start       ] GC(773) Pause Young (Mixed) (G1 Evacuation Pause)
[324.789s][info][gc,task        ] GC(773) Using 2 workers of 2 for evacuation
[324.938s][info][gc,phases      ] GC(773)   Pre Evacuate Collection Set: 0.56ms
[324.938s][info][gc,phases      ] GC(773)   Merge Heap Roots: 0.55ms
[324.938s][info][gc,phases      ] GC(773)   Evacuate Collection Set: 143.41ms
[324.938s][info][gc,phases      ] GC(773)   Post Evacuate Collection Set: 4.48ms
[324.938s][info][gc,phases      ] GC(773)   Other: 0.12ms
[324.938s][info][gc,heap        ] GC(773) Eden regions: 290->0(209)
[324.938s][info][gc,heap        ] GC(773) Survivor regions: 47->43(43)
[324.938s][info][gc,heap        ] GC(773) Old regions: 534->625
[324.938s][info][gc,heap        ] GC(773) Humongous regions: 8->8
[324.938s][info][gc,metaspace   ] GC(773) Metaspace: 18823K(18944K)->18823K(18944K) NonClass: 16994K(17088K)->16994K(17088K) Class: 1829K(1856K)->1829K(1856K)
[324.938s][info][gc             ] GC(773) Pause Young (Mixed) (G1 Evacuation Pause) (Evacuation Failure: Allocation) 878M->675M(978M) 149.412ms
[324.939s][info][gc,cpu         ] GC(773) User=0.29s Sys=0.00s Real=0.15s
[325.207s][info][gc,start       ] GC(774) Pause Young (Concurrent Start) (G1 Evacuation Pause)
[325.207s][info][gc,task        ] GC(774) Using 2 workers of 2 for evacuation
[325.292s][info][gc,phases      ] GC(774)   Pre Evacuate Collection Set: 0.41ms
[325.292s][info][gc,phases      ] GC(774)   Merge Heap Roots: 0.34ms
[325.292s][info][gc,phases      ] GC(774)   Evacuate Collection Set: 83.57ms
[325.292s][info][gc,phases      ] GC(774)   Post Evacuate Collection Set: 0.61ms
[325.292s][info][gc,phases      ] GC(774)   Other: 0.25ms
[325.292s][info][gc,heap        ] GC(774) Eden regions: 209->0(221)
[325.292s][info][gc,heap        ] GC(774) Survivor regions: 43->27(32)
[325.292s][info][gc,heap        ] GC(774) Old regions: 625->634
[325.292s][info][gc,heap        ] GC(774) Humongous regions: 8->8
[325.292s][info][gc,metaspace   ] GC(774) Metaspace: 18823K(18944K)->18823K(18944K) NonClass: 16994K(17088K)->16994K(17088K) Class: 1829K(1856K)->1829K(1856K)
[325.293s][info][gc             ] GC(774) Pause Young (Concurrent Start) (G1 Evacuation Pause) 884M->668M(978M) 85.444ms
[325.293s][info][gc,cpu         ] GC(774) User=0.17s Sys=0.00s Real=0.09s
[325.293s][info][gc             ] GC(775) Concurrent Mark Cycle
[325.294s][info][gc,marking     ] GC(775) Concurrent Scan Root Regions
[325.421s][info][gc,marking     ] GC(775) Concurrent Scan Root Regions 126.259ms
[325.421s][info][gc,marking     ] GC(775) Concurrent Mark
[325.421s][info][gc,marking     ] GC(775) Concurrent Mark From Roots
[325.421s][info][gc,task        ] GC(775) Using 1 workers of 1 for marking
[325.922s][info][gc,start       ] GC(776) Pause Young (Normal) (G1 Evacuation Pause)
[325.922s][info][gc,task        ] GC(776) Using 2 workers of 2 for evacuation
[325.988s][info][gc,phases      ] GC(776)   Pre Evacuate Collection Set: 0.35ms
[325.988s][info][gc,phases      ] GC(776)   Merge Heap Roots: 0.28ms
[325.988s][info][gc,phases      ] GC(776)   Evacuate Collection Set: 64.18ms
[325.988s][info][gc,phases      ] GC(776)   Post Evacuate Collection Set: 0.60ms
[325.988s][info][gc,phases      ] GC(776)   Other: 0.11ms
[325.988s][info][gc,heap        ] GC(776) Eden regions: 221->0(208)
[325.988s][info][gc,heap        ] GC(776) Survivor regions: 27->19(31)
[325.988s][info][gc,heap        ] GC(776) Old regions: 634->661
[325.988s][info][gc,heap        ] GC(776) Humongous regions: 11->11
[325.988s][info][gc,metaspace   ] GC(776) Metaspace: 18823K(18944K)->18823K(18944K) NonClass: 16994K(17088K)->16994K(17088K) Class: 1829K(1856K)->1829K(1856K)
[325.988s][info][gc             ] GC(776) Pause Young (Normal) (G1 Evacuation Pause) 892M->690M(978M) 65.820ms
[325.988s][info][gc,cpu         ] GC(776) User=0.13s Sys=0.00s Real=0.06s
[326.669s][info][gc,marking     ] GC(775) Concurrent Mark From Roots 1248.537ms
[326.669s][info][gc,marking     ] GC(775) Concurrent Preclean
[326.669s][info][gc,marking     ] GC(775) Concurrent Preclean 0.056ms
[326.670s][info][gc,start       ] GC(775) Pause Remark
[326.678s][info][gc             ] GC(775) Pause Remark 878M->724M(978M) 8.226ms
[326.678s][info][gc,cpu         ] GC(775) User=0.01s Sys=0.00s Real=0.01s
[326.679s][info][gc,marking     ] GC(775) Concurrent Mark 1258.413ms
[326.679s][info][gc,marking     ] GC(775) Concurrent Rebuild Remembered Sets and Scrub Regions
[326.718s][info][gc,start       ] GC(777) Pause Young (Normal) (G1 Evacuation Pause)
[326.718s][info][gc,task        ] GC(777) Using 2 workers of 2 for evacuation
[326.756s][info][gc,phases      ] GC(777)   Pre Evacuate Collection Set: 0.33ms
[326.756s][info][gc,phases      ] GC(777)   Merge Heap Roots: 0.30ms
[326.756s][info][gc,phases      ] GC(777)   Evacuate Collection Set: 37.17ms
[326.756s][info][gc,phases      ] GC(777)   Post Evacuate Collection Set: 0.49ms
[326.756s][info][gc,phases      ] GC(777)   Other: 0.09ms
[326.756s][info][gc,heap        ] GC(777) Eden regions: 208->0(315)
[326.756s][info][gc,heap        ] GC(777) Survivor regions: 19->1(29)
[326.756s][info][gc,heap        ] GC(777) Old regions: 510->529
[326.756s][info][gc,heap        ] GC(777) Humongous regions: 8->8
[326.756s][info][gc,metaspace   ] GC(777) Metaspace: 18823K(18944K)->18823K(18944K) NonClass: 16994K(17088K)->16994K(17088K) Class: 1829K(1856K)->1829K(1856K)
[326.756s][info][gc             ] GC(777) Pause Young (Normal) (G1 Evacuation Pause) 744M->537M(978M) 38.643ms
[326.756s][info][gc,cpu         ] GC(777) User=0.08s Sys=0.00s Real=0.04s
[327.187s][info][gc,marking     ] GC(775) Concurrent Rebuild Remembered Sets and Scrub Regions 507.561ms
[327.187s][info][gc,start       ] GC(775) Pause Cleanup
[327.187s][info][gc             ] GC(775) Pause Cleanup 715M->715M(978M) 0.129ms
[327.187s][info][gc,cpu         ] GC(775) User=0.00s Sys=0.00s Real=0.00s
[327.187s][info][gc,marking     ] GC(775) Concurrent Clear Claimed Marks
[327.187s][info][gc,marking     ] GC(775) Concurrent Clear Claimed Marks 0.038ms
[327.187s][info][gc,marking     ] GC(775) Concurrent Cleanup for Next Mark
[327.190s][info][gc,marking     ] GC(775) Concurrent Cleanup for Next Mark 2.970ms
[327.190s][info][gc             ] GC(775) Concurrent Mark Cycle 1897.711ms
[327.408s][info][gc,start       ] GC(778) Pause Young (Prepare Mixed) (G1 Evacuation Pause)
[327.408s][info][gc,task        ] GC(778) Using 2 workers of 2 for evacuation
[327.409s][info][gc,phases      ] GC(778)   Pre Evacuate Collection Set: 0.31ms
[327.409s][info][gc,phases      ] GC(778)   Merge Heap Roots: 0.10ms
[327.409s][info][gc,phases      ] GC(778)   Evacuate Collection Set: 0.23ms
[327.409s][info][gc,phases      ] GC(778)   Post Evacuate Collection Set: 0.50ms
[327.409s][info][gc,phases      ] GC(778)   Other: 0.09ms
[327.409s][info][gc,heap        ] GC(778) Eden regions: 315->0(334)
[327.409s][info][gc,heap        ] GC(778) Survivor regions: 1->1(40)
[327.409s][info][gc,heap        ] GC(778) Old regions: 529->529
[327.409s][info][gc,heap        ] GC(778) Humongous regions: 8->8
[327.409s][info][gc,metaspace   ] GC(778) Metaspace: 18823K(18944K)->18823K(18944K) NonClass: 16994K(17088K)->16994K(17088K) Class: 1829K(1856K)->1829K(1856K)
[327.409s][info][gc             ] GC(778) Pause Young (Prepare Mixed) (G1 Evacuation Pause) 852M->537M(978M) 1.460ms
[327.409s][info][gc,cpu         ] GC(778) User=0.00s Sys=0.00s Real=0.00s
[327.924s][info][gc,start       ] GC(779) Pause Young (Mixed) (G1 Evacuation Pause)
[327.924s][info][gc,task        ] GC(779) Using 2 workers of 2 for evacuation
[327.926s][info][gc,phases      ] GC(779)   Pre Evacuate Collection Set: 0.43ms
[327.926s][info][gc,phases      ] GC(779)   Merge Heap Roots: 0.16ms
[327.926s][info][gc,phases      ] GC(779)   Evacuate Collection Set: 0.53ms
[327.926s][info][gc,phases      ] GC(779)   Post Evacuate Collection Set: 0.61ms
[327.926s][info][gc,phases      ] GC(779)   Other: 0.12ms
[327.926s][info][gc,heap        ] GC(779) Eden regions: 334->0(359)
[327.926s][info][gc,heap        ] GC(779) Survivor regions: 1->1(42)
[327.926s][info][gc,heap        ] GC(779) Old regions: 529->517
[327.926s][info][gc,heap        ] GC(779) Humongous regions: 8->8
[327.926s][info][gc,metaspace   ] GC(779) Metaspace: 18823K(18944K)->18823K(18944K) NonClass: 16994K(17088K)->16994K(17088K) Class: 1829K(1856K)->1829K(1856K)
[327.926s][info][gc             ] GC(779) Pause Young (Mixed) (G1 Evacuation Pause) 871M->525M(978M) 2.190ms
[327.926s][info][gc,cpu         ] GC(779) User=0.00s Sys=0.00s Real=0.00s
[328.382s][info][gc,start       ] GC(780) Pause Young (Concurrent Start) (G1 Evacuation Pause)
[328.382s][info][gc,task        ] GC(780) Using 2 workers of 2 for evacuation
[328.432s][info][gc,phases      ] GC(780)   Pre Evacuate Collection Set: 0.39ms
[328.432s][info][gc,phases      ] GC(780)   Merge Heap Roots: 0.21ms
[328.432s][info][gc,phases      ] GC(780)   Evacuate Collection Set: 48.67ms
[328.432s][info][gc,phases      ] GC(780)   Post Evacuate Collection Set: 0.64ms
[328.432s][info][gc,phases      ] GC(780)   Other: 0.26ms
[328.432s][info][gc,heap        ] GC(780) Eden regions: 359->0(321)
[328.432s][info][gc,heap        ] GC(780) Survivor regions: 1->38(45)
[328.432s][info][gc,heap        ] GC(780) Old regions: 517->517
[328.432s][info][gc,heap        ] GC(780) Humongous regions: 8->8
[328.432s][info][gc,metaspace   ] GC(780) Metaspace: 18823K(18944K)->18823K(18944K) NonClass: 16994K(17088K)->16994K(17088K) Class: 1829K(1856K)->1829K(1856K)
[328.432s][info][gc             ] GC(780) Pause Young (Concurrent Start) (G1 Evacuation Pause) 884M->562M(978M) 50.432ms
[328.432s][info][gc,cpu         ] GC(780) User=0.09s Sys=0.00s Real=0.05s
[328.432s][info][gc             ] GC(781) Concurrent Mark Cycle
[328.432s][info][gc,marking     ] GC(781) Concurrent Scan Root Regions
[328.539s][info][gc,marking     ] GC(781) Concurrent Scan Root Regions 106.774ms
[328.539s][info][gc,marking     ] GC(781) Concurrent Mark
[328.539s][info][gc,marking     ] GC(781) Concurrent Mark From Roots
[328.539s][info][gc,task        ] GC(781) Using 1 workers of 1 for marking
[329.024s][info][gc,start       ] GC(782) Pause Young (Normal) (G1 Evacuation Pause)
[329.025s][info][gc,task        ] GC(782) Using 2 workers of 2 for evacuation
[329.086s][info][gc,phases      ] GC(782)   Pre Evacuate Collection Set: 0.56ms
[329.086s][info][gc,phases      ] GC(782)   Merge Heap Roots: 0.23ms
[329.086s][info][gc,phases      ] GC(782)   Evacuate Collection Set: 59.37ms
[329.086s][info][gc,phases      ] GC(782)   Post Evacuate Collection Set: 0.70ms
[329.086s][info][gc,phases      ] GC(782)   Other: 0.14ms
[329.086s][info][gc,heap        ] GC(782) Eden regions: 321->0(330)
[329.086s][info][gc,heap        ] GC(782) Survivor regions: 38->6(45)
[329.086s][info][gc,heap        ] GC(782) Old regions: 517->554
[329.086s][info][gc,heap        ] GC(782) Humongous regions: 8->8
[329.086s][info][gc,metaspace   ] GC(782) Metaspace: 18823K(18944K)->18823K(18944K) NonClass: 16994K(17088K)->16994K(17088K) Class: 1829K(1856K)->1829K(1856K)
[329.086s][info][gc             ] GC(782) Pause Young (Normal) (G1 Evacuation Pause) 883M->567M(978M) 61.337ms
[329.086s][info][gc,cpu         ] GC(782) User=0.12s Sys=0.00s Real=0.06s
[329.975s][info][gc,start       ] GC(783) Pause Young (Normal) (G1 Evacuation Pause)
[329.975s][info][gc,task        ] GC(783) Using 2 workers of 2 for evacuation
[330.017s][info][gc,phases      ] GC(783)   Pre Evacuate Collection Set: 0.34ms
[330.017s][info][gc,phases      ] GC(783)   Merge Heap Roots: 0.26ms
[330.017s][info][gc,phases      ] GC(783)   Evacuate Collection Set: 40.39ms
[330.017s][info][gc,phases      ] GC(783)   Post Evacuate Collection Set: 0.60ms
[330.017s][info][gc,phases      ] GC(783)   Other: 0.12ms
[330.017s][info][gc,heap        ] GC(783) Eden regions: 330->0(304)
[330.017s][info][gc,heap        ] GC(783) Survivor regions: 6->31(42)
[330.017s][info][gc,heap        ] GC(783) Old regions: 554->554
[330.017s][info][gc,heap        ] GC(783) Humongous regions: 8->8
[330.017s][info][gc,metaspace   ] GC(783) Metaspace: 18823K(18944K)->18823K(18944K) NonClass: 16994K(17088K)->16994K(17088K) Class: 1829K(1856K)->1829K(1856K)
[330.017s][info][gc             ] GC(783) Pause Young (Normal) (G1 Evacuation Pause) 897M->592M(978M) 42.041ms
[330.017s][info][gc,cpu         ] GC(783) User=0.08s Sys=0.00s Real=0.04s
[330.375s][info][gc,marking     ] GC(781) Concurrent Mark From Roots 1835.582ms
[330.375s][info][gc,marking     ] GC(781) Concurrent Preclean
[330.375s][info][gc,marking     ] GC(781) Concurrent Preclean 0.052ms
[330.375s][info][gc,start       ] GC(781) Pause Remark
[330.384s][info][gc             ] GC(781) Pause Remark 733M->732M(978M) 8.920ms
[330.384s][info][gc,cpu         ] GC(781) User=0.01s Sys=0.00s Real=0.01s
[330.384s][info][gc,marking     ] GC(781) Concurrent Mark 1844.949ms
[330.384s][info][gc,marking     ] GC(781) Concurrent Rebuild Remembered Sets and Scrub Regions
[330.644s][info][gc,start       ] GC(784) Pause Young (Normal) (G1 Evacuation Pause)
[330.644s][info][gc,task        ] GC(784) Using 2 workers of 2 for evacuation
[330.730s][info][gc,phases      ] GC(784)   Pre Evacuate Collection Set: 0.33ms
[330.730s][info][gc,phases      ] GC(784)   Merge Heap Roots: 0.37ms
[330.730s][info][gc,phases      ] GC(784)   Evacuate Collection Set: 84.57ms
[330.730s][info][gc,phases      ] GC(784)   Post Evacuate Collection Set: 0.61ms
[330.730s][info][gc,phases      ] GC(784)   Other: 0.10ms
[330.730s][info][gc,heap        ] GC(784) Eden regions: 304->0(261)
[330.730s][info][gc,heap        ] GC(784) Survivor regions: 31->38(42)
[330.730s][info][gc,heap        ] GC(784) Old regions: 554->584
[330.730s][info][gc,heap        ] GC(784) Humongous regions: 7->7
[330.730s][info][gc,metaspace   ] GC(784) Metaspace: 18823K(18944K)->18823K(18944K) NonClass: 16994K(17088K)->16994K(17088K) Class: 1829K(1856K)->1829K(1856K)
[330.730s][info][gc             ] GC(784) Pause Young (Normal) (G1 Evacuation Pause) 895M->628M(978M) 86.245ms
[330.730s][info][gc,cpu         ] GC(784) User=0.17s Sys=0.00s Real=0.08s
[331.083s][info][gc,marking     ] GC(781) Concurrent Rebuild Remembered Sets and Scrub Regions 698.716ms
[331.083s][info][gc,start       ] GC(781) Pause Cleanup
[331.083s][info][gc             ] GC(781) Pause Cleanup 799M->799M(978M) 0.121ms
[331.083s][info][gc,cpu         ] GC(781) User=0.00s Sys=0.00s Real=0.00s
[331.085s][info][gc,marking     ] GC(781) Concurrent Clear Claimed Marks
[331.086s][info][gc,marking     ] GC(781) Concurrent Clear Claimed Marks 0.068ms
[331.086s][info][gc,marking     ] GC(781) Concurrent Cleanup for Next Mark
[331.091s][info][gc,marking     ] GC(781) Concurrent Cleanup for Next Mark 5.018ms
[331.091s][info][gc             ] GC(781) Concurrent Mark Cycle 2658.246ms
[331.196s][info][gc,start       ] GC(785) Pause Young (Prepare Mixed) (G1 Evacuation Pause)
[331.196s][info][gc,task        ] GC(785) Using 2 workers of 2 for evacuation
[331.255s][info][gc,phases      ] GC(785)   Pre Evacuate Collection Set: 0.63ms
[331.255s][info][gc,phases      ] GC(785)   Merge Heap Roots: 0.28ms
[331.255s][info][gc,phases      ] GC(785)   Evacuate Collection Set: 57.56ms
[331.255s][info][gc,phases      ] GC(785)   Post Evacuate Collection Set: 0.60ms
[331.255s][info][gc,phases      ] GC(785)   Other: 0.10ms
[331.255s][info][gc,heap        ] GC(785) Eden regions: 261->0(274)
[331.255s][info][gc,heap        ] GC(785) Survivor regions: 38->6(38)
[331.255s][info][gc,heap        ] GC(785) Old regions: 584->622
[331.255s][info][gc,heap        ] GC(785) Humongous regions: 7->7
[331.255s][info][gc,metaspace   ] GC(785) Metaspace: 18823K(18944K)->18823K(18944K) NonClass: 16994K(17088K)->16994K(17088K) Class: 1829K(1856K)->1829K(1856K)
[331.255s][info][gc             ] GC(785) Pause Young (Prepare Mixed) (G1 Evacuation Pause) 889M->634M(978M) 59.405ms
[331.255s][info][gc,cpu         ] GC(785) User=0.12s Sys=0.00s Real=0.06s
[331.674s][info][gc,start       ] GC(786) Pause Young (Mixed) (G1 Evacuation Pause)
[331.674s][info][gc,task        ] GC(786) Using 2 workers of 2 for evacuation
[331.720s][info][gc,phases      ] GC(786)   Pre Evacuate Collection Set: 0.56ms
[331.720s][info][gc,phases      ] GC(786)   Merge Heap Roots: 0.32ms
[331.720s][info][gc,phases      ] GC(786)   Evacuate Collection Set: 44.24ms
[331.720s][info][gc,phases      ] GC(786)   Post Evacuate Collection Set: 0.62ms
[331.720s][info][gc,phases      ] GC(786)   Other: 0.12ms
[331.720s][info][gc,heap        ] GC(786) Eden regions: 274->0(248)
[331.720s][info][gc,heap        ] GC(786) Survivor regions: 6->30(35)
[331.720s][info][gc,heap        ] GC(786) Old regions: 622->613
[331.720s][info][gc,heap        ] GC(786) Humongous regions: 7->7
[331.720s][info][gc,metaspace   ] GC(786) Metaspace: 18823K(18944K)->18823K(18944K) NonClass: 16994K(17088K)->16994K(17088K) Class: 1829K(1856K)->1829K(1856K)
[331.720s][info][gc             ] GC(786) Pause Young (Mixed) (G1 Evacuation Pause) 908M->649M(978M) 46.101ms
[331.720s][info][gc,cpu         ] GC(786) User=0.09s Sys=0.00s Real=0.04s
[332.492s][info][gc,start       ] GC(787) Pause Young (Concurrent Start) (G1 Evacuation Pause)
[332.492s][info][gc,task        ] GC(787) Using 2 workers of 2 for evacuation
[332.530s][info][gc,phases      ] GC(787)   Pre Evacuate Collection Set: 0.38ms
[332.530s][info][gc,phases      ] GC(787)   Merge Heap Roots: 0.23ms
[332.530s][info][gc,phases      ] GC(787)   Evacuate Collection Set: 36.43ms
[332.530s][info][gc,phases      ] GC(787)   Post Evacuate Collection Set: 0.59ms
[332.530s][info][gc,phases      ] GC(787)   Other: 0.24ms
[332.530s][info][gc,heap        ] GC(787) Eden regions: 248->0(270)
[332.530s][info][gc,heap        ] GC(787) Survivor regions: 30->1(35)
[332.530s][info][gc,heap        ] GC(787) Old regions: 613->642
[332.530s][info][gc,heap        ] GC(787) Humongous regions: 7->7
[332.530s][info][gc,metaspace   ] GC(787) Metaspace: 18823K(18944K)->18823K(18944K) NonClass: 16994K(17088K)->16994K(17088K) Class: 1829K(1856K)->1829K(1856K)
[332.530s][info][gc             ] GC(787) Pause Young (Concurrent Start) (G1 Evacuation Pause) 897M->649M(978M) 38.129ms
[332.530s][info][gc,cpu         ] GC(787) User=0.08s Sys=0.00s Real=0.03s
[332.531s][info][gc             ] GC(788) Concurrent Mark Cycle
[332.531s][info][gc,marking     ] GC(788) Concurrent Scan Root Regions
[332.597s][info][gc,marking     ] GC(788) Concurrent Scan Root Regions 65.266ms
[332.597s][info][gc,marking     ] GC(788) Concurrent Mark
[332.597s][info][gc,marking     ] GC(788) Concurrent Mark From Roots
[332.597s][info][gc,task        ] GC(788) Using 1 workers of 1 for marking
[333.656s][info][gc,start       ] GC(789) Pause Young (Normal) (G1 Evacuation Pause)
[333.656s][info][gc,task        ] GC(789) Using 2 workers of 2 for evacuation
[333.659s][info][gc,phases      ] GC(789)   Pre Evacuate Collection Set: 0.32ms
[333.659s][info][gc,phases      ] GC(789)   Merge Heap Roots: 0.16ms
[333.659s][info][gc,phases      ] GC(789)   Evacuate Collection Set: 1.71ms
[333.659s][info][gc,phases      ] GC(789)   Post Evacuate Collection Set: 0.50ms
[333.659s][info][gc,phases      ] GC(789)   Other: 0.09ms
[333.659s][info][gc,heap        ] GC(789) Eden regions: 270->0(277)
[333.659s][info][gc,heap        ] GC(789) Survivor regions: 1->1(34)
[333.659s][info][gc,heap        ] GC(789) Old regions: 642->642
[333.659s][info][gc,heap        ] GC(789) Humongous regions: 7->7
[333.659s][info][gc,metaspace   ] GC(789) Metaspace: 18823K(18944K)->18823K(18944K) NonClass: 16994K(17088K)->16994K(17088K) Class: 1829K(1856K)->1829K(1856K)
[333.659s][info][gc             ] GC(789) Pause Young (Normal) (G1 Evacuation Pause) 919M->649M(978M) 3.014ms
[333.659s][info][gc,cpu         ] GC(789) User=0.00s Sys=0.00s Real=0.00s
[334.607s][info][gc,start       ] GC(790) Pause Young (Normal) (G1 Evacuation Pause)
[334.607s][info][gc,task        ] GC(790) Using 2 workers of 2 for evacuation
[334.635s][info][gc,phases      ] GC(790)   Pre Evacuate Collection Set: 0.56ms
[334.636s][info][gc,phases      ] GC(790)   Merge Heap Roots: 0.15ms
[334.636s][info][gc,phases      ] GC(790)   Evacuate Collection Set: 27.29ms
[334.636s][info][gc,phases      ] GC(790)   Post Evacuate Collection Set: 0.62ms
[334.636s][info][gc,phases      ] GC(790)   Other: 0.16ms
[334.636s][info][gc,heap        ] GC(790) Eden regions: 277->0(225)
[334.636s][info][gc,heap        ] GC(790) Survivor regions: 1->27(35)
[334.636s][info][gc,heap        ] GC(790) Old regions: 642->642
[334.636s][info][gc,heap        ] GC(790) Humongous regions: 7->7
[334.636s][info][gc,metaspace   ] GC(790) Metaspace: 18823K(18944K)->18823K(18944K) NonClass: 16994K(17088K)->16994K(17088K) Class: 1829K(1856K)->1829K(1856K)
[334.636s][info][gc             ] GC(790) Pause Young (Normal) (G1 Evacuation Pause) 926M->675M(978M) 29.045ms
[334.636s][info][gc,cpu         ] GC(790) User=0.05s Sys=0.00s Real=0.03s
[334.870s][info][gc,marking     ] GC(788) Concurrent Mark From Roots 2273.474ms
[334.870s][info][gc,marking     ] GC(788) Concurrent Preclean
[334.870s][info][gc,marking     ] GC(788) Concurrent Preclean 0.057ms
[334.871s][info][gc,start       ] GC(788) Pause Remark
[334.879s][info][gc             ] GC(788) Pause Remark 813M->813M(978M) 8.593ms
[334.879s][info][gc,cpu         ] GC(788) User=0.02s Sys=0.00s Real=0.00s
[334.879s][info][gc,marking     ] GC(788) Concurrent Mark 2282.507ms
[334.879s][info][gc,marking     ] GC(788) Concurrent Rebuild Remembered Sets and Scrub Regions
[335.126s][info][gc,start       ] GC(791) Pause Young (Normal) (G1 Evacuation Pause)
[335.126s][info][gc,task        ] GC(791) Using 2 workers of 2 for evacuation
[335.204s][info][gc,phases      ] GC(791)   Pre Evacuate Collection Set: 0.57ms
[335.204s][info][gc,phases      ] GC(791)   Merge Heap Roots: 0.14ms
[335.204s][info][gc,phases      ] GC(791)   Evacuate Collection Set: 76.82ms
[335.204s][info][gc,phases      ] GC(791)   Post Evacuate Collection Set: 0.68ms
[335.204s][info][gc,phases      ] GC(791)   Other: 0.11ms
[335.204s][info][gc,heap        ] GC(791) Eden regions: 225->0(171)
[335.204s][info][gc,heap        ] GC(791) Survivor regions: 27->32(32)
[335.204s][info][gc,heap        ] GC(791) Old regions: 642->686
[335.204s][info][gc,heap        ] GC(791) Humongous regions: 7->7
[335.204s][info][gc,metaspace   ] GC(791) Metaspace: 18823K(18944K)->18823K(18944K) NonClass: 16994K(17088K)->16994K(17088K) Class: 1829K(1856K)->1829K(1856K)
[335.204s][info][gc             ] GC(791) Pause Young (Normal) (G1 Evacuation Pause) 900M->724M(978M) 78.612ms
[335.204s][info][gc,cpu         ] GC(791) User=0.15s Sys=0.00s Real=0.08s
[335.637s][info][gc,start       ] GC(792) Pause Young (Normal) (G1 Evacuation Pause)
[335.637s][info][gc,task        ] GC(792) Using 2 workers of 2 for evacuation
[335.713s][info][gc,phases      ] GC(792)   Pre Evacuate Collection Set: 0.34ms
[335.713s][info][gc,phases      ] GC(792)   Merge Heap Roots: 0.37ms
[335.713s][info][gc,phases      ] GC(792)   Evacuate Collection Set: 74.03ms
[335.713s][info][gc,phases      ] GC(792)   Post Evacuate Collection Set: 0.58ms
[335.713s][info][gc,phases      ] GC(792)   Other: 0.10ms
[335.713s][info][gc,heap        ] GC(792) Eden regions: 171->0(160)
[335.713s][info][gc,heap        ] GC(792) Survivor regions: 32->20(26)
[335.713s][info][gc,heap        ] GC(792) Old regions: 686->718
[335.713s][info][gc,heap        ] GC(792) Humongous regions: 10->10
[335.713s][info][gc,metaspace   ] GC(792) Metaspace: 18823K(18944K)->18823K(18944K) NonClass: 16994K(17088K)->16994K(17088K) Class: 1829K(1856K)->1829K(1856K)
[335.713s][info][gc             ] GC(792) Pause Young (Normal) (G1 Evacuation Pause) 898M->747M(978M) 75.736ms
[335.713s][info][gc,cpu         ] GC(792) User=0.15s Sys=0.00s Real=0.08s
[335.848s][info][gc,marking     ] GC(788) Concurrent Rebuild Remembered Sets and Scrub Regions 968.198ms
[335.848s][info][gc,start       ] GC(788) Pause Cleanup
[335.848s][info][gc             ] GC(788) Pause Cleanup 797M->797M(978M) 0.155ms
[335.848s][info][gc,cpu         ] GC(788) User=0.00s Sys=0.00s Real=0.00s
[335.848s][info][gc,marking     ] GC(788) Concurrent Clear Claimed Marks
[335.848s][info][gc,marking     ] GC(788) Concurrent Clear Claimed Marks 0.041ms
[335.848s][info][gc,marking     ] GC(788) Concurrent Cleanup for Next Mark
[335.855s][info][gc,marking     ] GC(788) Concurrent Cleanup for Next Mark 7.046ms
[335.855s][info][gc             ] GC(788) Concurrent Mark Cycle 3323.790ms
[336.044s][info][gc,start       ] GC(793) Pause Young (Prepare Mixed) (G1 Evacuation Pause)
[336.044s][info][gc,task        ] GC(793) Using 2 workers of 2 for evacuation
[336.088s][info][gc,phases      ] GC(793)   Pre Evacuate Collection Set: 0.58ms
[336.088s][info][gc,phases      ] GC(793)   Merge Heap Roots: 0.34ms
[336.088s][info][gc,phases      ] GC(793)   Evacuate Collection Set: 42.55ms
[336.088s][info][gc,phases      ] GC(793)   Post Evacuate Collection Set: 0.46ms
[336.088s][info][gc,phases      ] GC(793)   Other: 0.11ms
[336.088s][info][gc,heap        ] GC(793) Eden regions: 160->0(171)
[336.088s][info][gc,heap        ] GC(793) Survivor regions: 20->3(23)
[336.088s][info][gc,heap        ] GC(793) Old regions: 718->738
[336.088s][info][gc,heap        ] GC(793) Humongous regions: 10->10
[336.088s][info][gc,metaspace   ] GC(793) Metaspace: 18823K(18944K)->18823K(18944K) NonClass: 16994K(17088K)->16994K(17088K) Class: 1829K(1856K)->1829K(1856K)
[336.088s][info][gc             ] GC(793) Pause Young (Prepare Mixed) (G1 Evacuation Pause) 907M->750M(978M) 44.271ms
[336.088s][info][gc,cpu         ] GC(793) User=0.09s Sys=0.00s Real=0.04s
[336.225s][info][gc,start       ] GC(794) Pause Young (Mixed) (G1 Evacuation Pause)
[336.226s][info][gc,task        ] GC(794) Using 2 workers of 2 for evacuation
[336.281s][info][gc,phases      ] GC(794)   Pre Evacuate Collection Set: 0.34ms
[336.281s][info][gc,phases      ] GC(794)   Merge Heap Roots: 0.10ms
[336.281s][info][gc,phases      ] GC(794)   Evacuate Collection Set: 54.29ms
[336.281s][info][gc,phases      ] GC(794)   Post Evacuate Collection Set: 0.74ms
[336.281s][info][gc,phases      ] GC(794)   Other: 0.10ms
[336.281s][info][gc,heap        ] GC(794) Eden regions: 171->0(111)
[336.281s][info][gc,heap        ] GC(794) Survivor regions: 3->22(22)
[336.281s][info][gc,heap        ] GC(794) Old regions: 738->763
[336.281s][info][gc,heap        ] GC(794) Humongous regions: 10->10
[336.281s][info][gc,metaspace   ] GC(794) Metaspace: 18823K(18944K)->18823K(18944K) NonClass: 16994K(17088K)->16994K(17088K) Class: 1829K(1856K)->1829K(1856K)
[336.281s][info][gc             ] GC(794) Pause Young (Mixed) (G1 Evacuation Pause) 921M->794M(978M) 55.884ms
[336.281s][info][gc,cpu         ] GC(794) User=0.11s Sys=0.00s Real=0.06s
[336.417s][info][gc,start       ] GC(795) Pause Young (Concurrent Start) (G1 Evacuation Pause)
[336.418s][info][gc,task        ] GC(795) Using 2 workers of 2 for evacuation
[336.477s][info][gc,phases      ] GC(795)   Pre Evacuate Collection Set: 0.32ms
[336.477s][info][gc,phases      ] GC(795)   Merge Heap Roots: 0.42ms
[336.477s][info][gc,phases      ] GC(795)   Evacuate Collection Set: 57.93ms
[336.477s][info][gc,phases      ] GC(795)   Post Evacuate Collection Set: 0.54ms
[336.477s][info][gc,phases      ] GC(795)   Other: 0.12ms
[336.477s][info][gc,heap        ] GC(795) Eden regions: 111->0(88)
[336.477s][info][gc,heap        ] GC(795) Survivor regions: 22->17(17)
[336.477s][info][gc,heap        ] GC(795) Old regions: 763->796
[336.477s][info][gc,heap        ] GC(795) Humongous regions: 10->10
[336.477s][info][gc,metaspace   ] GC(795) Metaspace: 18823K(18944K)->18823K(18944K) NonClass: 16994K(17088K)->16994K(17088K) Class: 1829K(1856K)->1829K(1856K)
[336.477s][info][gc             ] GC(795) Pause Young (Concurrent Start) (G1 Evacuation Pause) 905M->822M(978M) 59.621ms
[336.477s][info][gc             ] GC(796) Concurrent Mark Cycle
[336.477s][info][gc,marking     ] GC(796) Concurrent Scan Root Regions
[336.477s][info][gc,cpu         ] GC(795) User=0.12s Sys=0.01s Real=0.06s
[336.520s][info][gc,marking     ] GC(796) Concurrent Scan Root Regions 42.952ms
[336.520s][info][gc,marking     ] GC(796) Concurrent Mark
[336.520s][info][gc,marking     ] GC(796) Concurrent Mark From Roots
[336.520s][info][gc,task        ] GC(796) Using 1 workers of 1 for marking
[336.671s][info][gc,start       ] GC(797) Pause Young (Normal) (G1 Evacuation Pause)
[336.671s][info][gc,task        ] GC(797) Using 2 workers of 2 for evacuation
[336.693s][info][gc,phases      ] GC(797)   Pre Evacuate Collection Set: 0.35ms
[336.693s][info][gc,phases      ] GC(797)   Merge Heap Roots: 0.21ms
[336.693s][info][gc,phases      ] GC(797)   Evacuate Collection Set: 20.65ms
[336.693s][info][gc,phases      ] GC(797)   Post Evacuate Collection Set: 0.38ms
[336.693s][info][gc,phases      ] GC(797)   Other: 0.09ms
[336.693s][info][gc,heap        ] GC(797) Eden regions: 88->0(103)
[336.693s][info][gc,heap        ] GC(797) Survivor regions: 17->1(14)
[336.693s][info][gc,heap        ] GC(797) Old regions: 796->813
[336.693s][info][gc,heap        ] GC(797) Humongous regions: 10->10
[336.693s][info][gc,metaspace   ] GC(797) Metaspace: 18823K(18944K)->18823K(18944K) NonClass: 16994K(17088K)->16994K(17088K) Class: 1829K(1856K)->1829K(1856K)
[336.693s][info][gc             ] GC(797) Pause Young (Normal) (G1 Evacuation Pause) 910M->823M(978M) 21.969ms
[336.693s][info][gc,cpu         ] GC(797) User=0.04s Sys=0.00s Real=0.02s
[336.943s][info][gc,start       ] GC(798) Pause Young (Normal) (G1 Evacuation Pause)
[336.943s][info][gc,task        ] GC(798) Using 2 workers of 2 for evacuation
[336.944s][info][gc,phases      ] GC(798)   Pre Evacuate Collection Set: 0.34ms
[336.944s][info][gc,phases      ] GC(798)   Merge Heap Roots: 0.09ms
[336.944s][info][gc,phases      ] GC(798)   Evacuate Collection Set: 0.78ms
[336.944s][info][gc,phases      ] GC(798)   Post Evacuate Collection Set: 0.36ms
[336.944s][info][gc,phases      ] GC(798)   Other: 0.10ms
[336.944s][info][gc,heap        ] GC(798) Eden regions: 103->0(103)
[336.944s][info][gc,heap        ] GC(798) Survivor regions: 1->1(13)
[336.944s][info][gc,heap        ] GC(798) Old regions: 813->813
[336.944s][info][gc,heap        ] GC(798) Humongous regions: 10->10
[336.944s][info][gc,metaspace   ] GC(798) Metaspace: 18823K(18944K)->18823K(18944K) NonClass: 16994K(17088K)->16994K(17088K) Class: 1829K(1856K)->1829K(1856K)
[336.945s][info][gc             ] GC(798) Pause Young (Normal) (G1 Evacuation Pause) 926M->823M(978M) 1.957ms
[336.945s][info][gc,cpu         ] GC(798) User=0.00s Sys=0.00s Real=0.00s
[337.182s][info][gc,start       ] GC(799) Pause Young (Normal) (G1 Evacuation Pause)
[337.182s][info][gc,task        ] GC(799) Using 2 workers of 2 for evacuation
[337.184s][info][gc,phases      ] GC(799)   Pre Evacuate Collection Set: 0.55ms
[337.184s][info][gc,phases      ] GC(799)   Merge Heap Roots: 0.07ms
[337.184s][info][gc,phases      ] GC(799)   Evacuate Collection Set: 1.05ms
[337.184s][info][gc,phases      ] GC(799)   Post Evacuate Collection Set: 0.32ms
[337.184s][info][gc,phases      ] GC(799)   Other: 0.11ms
[337.184s][info][gc,heap        ] GC(799) Eden regions: 103->0(103)
[337.184s][info][gc,heap        ] GC(799) Survivor regions: 1->1(13)
[337.184s][info][gc,heap        ] GC(799) Old regions: 813->813
[337.184s][info][gc,heap        ] GC(799) Humongous regions: 10->10
[337.184s][info][gc,metaspace   ] GC(799) Metaspace: 18823K(18944K)->18823K(18944K) NonClass: 16994K(17088K)->16994K(17088K) Class: 1829K(1856K)->1829K(1856K)
[337.184s][info][gc             ] GC(799) Pause Young (Normal) (G1 Evacuation Pause) 926M->823M(978M) 2.366ms
[337.184s][info][gc,cpu         ] GC(799) User=0.00s Sys=0.01s Real=0.00s
[337.422s][info][gc,start       ] GC(800) Pause Young (Normal) (G1 Evacuation Pause)
[337.422s][info][gc,task        ] GC(800) Using 2 workers of 2 for evacuation
[337.424s][info][gc,phases      ] GC(800)   Pre Evacuate Collection Set: 0.34ms
[337.424s][info][gc,phases      ] GC(800)   Merge Heap Roots: 0.08ms
[337.424s][info][gc,phases      ] GC(800)   Evacuate Collection Set: 1.13ms
[337.424s][info][gc,phases      ] GC(800)   Post Evacuate Collection Set: 0.32ms
[337.424s][info][gc,phases      ] GC(800)   Other: 0.10ms
[337.424s][info][gc,heap        ] GC(800) Eden regions: 103->0(103)
[337.424s][info][gc,heap        ] GC(800) Survivor regions: 1->1(13)
[337.424s][info][gc,heap        ] GC(800) Old regions: 813->813
[337.424s][info][gc,heap        ] GC(800) Humongous regions: 10->10
[337.424s][info][gc,metaspace   ] GC(800) Metaspace: 18823K(18944K)->18823K(18944K) NonClass: 16994K(17088K)->16994K(17088K) Class: 1829K(1856K)->1829K(1856K)
[337.424s][info][gc             ] GC(800) Pause Young (Normal) (G1 Evacuation Pause) 926M->823M(978M) 2.232ms
[337.424s][info][gc,cpu         ] GC(800) User=0.00s Sys=0.01s Real=0.00s
[337.626s][info][gc,marking     ] GC(796) Concurrent Mark From Roots 1106.205ms
[337.627s][info][gc,marking     ] GC(796) Concurrent Preclean
[337.627s][info][gc,marking     ] GC(796) Concurrent Preclean 0.046ms
[337.627s][info][gc,start       ] GC(796) Pause Remark
[337.635s][info][gc             ] GC(796) Pause Remark 917M->589M(978M) 8.754ms
[337.636s][info][gc,cpu         ] GC(796) User=0.02s Sys=0.00s Real=0.01s
[337.637s][info][gc,marking     ] GC(796) Concurrent Mark 1117.274ms
[337.638s][info][gc,marking     ] GC(796) Concurrent Rebuild Remembered Sets and Scrub Regions
[337.652s][info][gc,start       ] GC(801) Pause Young (Normal) (G1 Evacuation Pause)
[337.652s][info][gc,task        ] GC(801) Using 2 workers of 2 for evacuation
[337.654s][info][gc,phases      ] GC(801)   Pre Evacuate Collection Set: 0.35ms
[337.654s][info][gc,phases      ] GC(801)   Merge Heap Roots: 0.07ms
[337.654s][info][gc,phases      ] GC(801)   Evacuate Collection Set: 1.25ms
[337.654s][info][gc,phases      ] GC(801)   Post Evacuate Collection Set: 0.31ms
[337.654s][info][gc,phases      ] GC(801)   Other: 0.12ms
[337.654s][info][gc,heap        ] GC(801) Eden regions: 103->0(330)
[337.654s][info][gc,heap        ] GC(801) Survivor regions: 1->1(13)
[337.654s][info][gc,heap        ] GC(801) Old regions: 491->491
[337.654s][info][gc,heap        ] GC(801) Humongous regions: 4->4
[337.654s][info][gc,metaspace   ] GC(801) Metaspace: 18823K(18944K)->18823K(18944K) NonClass: 16994K(17088K)->16994K(17088K) Class: 1829K(1856K)->1829K(1856K)
[337.654s][info][gc             ] GC(801) Pause Young (Normal) (G1 Evacuation Pause) 598M->495M(978M) 2.329ms
[337.654s][info][gc,cpu         ] GC(801) User=0.01s Sys=0.00s Real=0.00s
[338.092s][info][gc,marking     ] GC(796) Concurrent Rebuild Remembered Sets and Scrub Regions 454.785ms
[338.093s][info][gc,start       ] GC(796) Pause Cleanup
[338.093s][info][gc             ] GC(796) Pause Cleanup 757M->757M(978M) 0.157ms
[338.093s][info][gc,cpu         ] GC(796) User=0.00s Sys=0.00s Real=0.00s
[338.093s][info][gc,marking     ] GC(796) Concurrent Clear Claimed Marks
[338.093s][info][gc,marking     ] GC(796) Concurrent Clear Claimed Marks 0.034ms
[338.093s][info][gc,marking     ] GC(796) Concurrent Cleanup for Next Mark
[338.096s][info][gc,marking     ] GC(796) Concurrent Cleanup for Next Mark 2.995ms
[338.096s][info][gc             ] GC(796) Concurrent Mark Cycle 1618.709ms
[338.178s][info][gc,start       ] GC(802) Pause Young (Prepare Mixed) (G1 Evacuation Pause)
[338.178s][info][gc,task        ] GC(802) Using 2 workers of 2 for evacuation
[338.182s][info][gc,phases      ] GC(802)   Pre Evacuate Collection Set: 0.34ms
[338.182s][info][gc,phases      ] GC(802)   Merge Heap Roots: 0.12ms
[338.182s][info][gc,phases      ] GC(802)   Evacuate Collection Set: 2.31ms
[338.182s][info][gc,phases      ] GC(802)   Post Evacuate Collection Set: 0.58ms
[338.182s][info][gc,phases      ] GC(802)   Other: 0.15ms
[338.182s][info][gc,heap        ] GC(802) Eden regions: 330->0(353)
[338.182s][info][gc,heap        ] GC(802) Survivor regions: 1->1(42)
[338.182s][info][gc,heap        ] GC(802) Old regions: 491->491
[338.182s][info][gc,heap        ] GC(802) Humongous regions: 4->4
[338.182s][info][gc,metaspace   ] GC(802) Metaspace: 18823K(18944K)->18823K(18944K) NonClass: 16994K(17088K)->16994K(17088K) Class: 1829K(1856K)->1829K(1856K)
[338.182s][info][gc             ] GC(802) Pause Young (Prepare Mixed) (G1 Evacuation Pause) 825M->495M(978M) 3.779ms
[338.182s][info][gc,cpu         ] GC(802) User=0.00s Sys=0.00s Real=0.01s
[338.677s][info][gc,start       ] GC(803) Pause Young (Mixed) (G1 Evacuation Pause)
[338.678s][info][gc,task        ] GC(803) Using 2 workers of 2 for evacuation
[338.729s][info][gc,phases      ] GC(803)   Pre Evacuate Collection Set: 0.39ms
[338.729s][info][gc,phases      ] GC(803)   Merge Heap Roots: 0.54ms
[338.729s][info][gc,phases      ] GC(803)   Evacuate Collection Set: 49.31ms
[338.729s][info][gc,phases      ] GC(803)   Post Evacuate Collection Set: 0.86ms
[338.729s][info][gc,phases      ] GC(803)   Other: 0.10ms
[338.729s][info][gc,heap        ] GC(803) Eden regions: 353->0(405)
[338.729s][info][gc,heap        ] GC(803) Survivor regions: 1->21(45)
[338.729s][info][gc,heap        ] GC(803) Old regions: 491->408
[338.729s][info][gc,heap        ] GC(803) Humongous regions: 7->7
[338.729s][info][gc,metaspace   ] GC(803) Metaspace: 18823K(18944K)->18823K(18944K) NonClass: 16994K(17088K)->16994K(17088K) Class: 1829K(1856K)->1829K(1856K)
[338.729s][info][gc             ] GC(803) Pause Young (Mixed) (G1 Evacuation Pause) 851M->435M(978M) 51.490ms
[338.729s][info][gc,cpu         ] GC(803) User=0.10s Sys=0.00s Real=0.05s
[339.344s][info][gc,start       ] GC(804) Pause Young (Concurrent Start) (G1 Evacuation Pause)
[339.344s][info][gc,task        ] GC(804) Using 2 workers of 2 for evacuation
[339.388s][info][gc,phases      ] GC(804)   Pre Evacuate Collection Set: 0.41ms
[339.388s][info][gc,phases      ] GC(804)   Merge Heap Roots: 0.38ms
[339.388s][info][gc,phases      ] GC(804)   Evacuate Collection Set: 42.33ms
[339.388s][info][gc,phases      ] GC(804)   Post Evacuate Collection Set: 0.77ms
[339.388s][info][gc,phases      ] GC(804)   Other: 0.22ms
[339.388s][info][gc,heap        ] GC(804) Eden regions: 405->0(427)
[339.388s][info][gc,heap        ] GC(804) Survivor regions: 21->21(54)
[339.388s][info][gc,heap        ] GC(804) Old regions: 408->408
[339.388s][info][gc,heap        ] GC(804) Humongous regions: 7->7
[339.388s][info][gc,metaspace   ] GC(804) Metaspace: 18823K(18944K)->18823K(18944K) NonClass: 16994K(17088K)->16994K(17088K) Class: 1829K(1856K)->1829K(1856K)
[339.388s][info][gc             ] GC(804) Pause Young (Concurrent Start) (G1 Evacuation Pause) 840M->435M(978M) 44.407ms
[339.388s][info][gc,cpu         ] GC(804) User=0.09s Sys=0.00s Real=0.04s
[339.388s][info][gc             ] GC(805) Concurrent Mark Cycle
[339.388s][info][gc,marking     ] GC(805) Concurrent Scan Root Regions
[339.459s][info][gc,marking     ] GC(805) Concurrent Scan Root Regions 71.059ms
[339.460s][info][gc,marking     ] GC(805) Concurrent Mark
[339.460s][info][gc,marking     ] GC(805) Concurrent Mark From Roots
[339.460s][info][gc,task        ] GC(805) Using 1 workers of 1 for marking
[340.013s][info][gc,marking     ] GC(805) Concurrent Mark From Roots 553.028ms
[340.013s][info][gc,marking     ] GC(805) Concurrent Preclean
[340.013s][info][gc,marking     ] GC(805) Concurrent Preclean 0.042ms
[340.013s][info][gc,start       ] GC(805) Pause Remark
[340.021s][info][gc             ] GC(805) Pause Remark 748M->625M(978M) 8.289ms
[340.021s][info][gc,cpu         ] GC(805) User=0.02s Sys=0.00s Real=0.01s
[340.021s][info][gc,marking     ] GC(805) Concurrent Mark 561.760ms
[340.021s][info][gc,marking     ] GC(805) Concurrent Rebuild Remembered Sets and Scrub Regions
[340.180s][info][gc,start       ] GC(806) Pause Young (Normal) (G1 Evacuation Pause)
[340.180s][info][gc,task        ] GC(806) Using 2 workers of 2 for evacuation
[340.277s][info][gc,phases      ] GC(806)   Pre Evacuate Collection Set: 0.34ms
[340.277s][info][gc,phases      ] GC(806)   Merge Heap Roots: 1.09ms
[340.277s][info][gc,phases      ] GC(806)   Evacuate Collection Set: 94.46ms
[340.277s][info][gc,phases      ] GC(806)   Post Evacuate Collection Set: 0.88ms
[340.277s][info][gc,phases      ] GC(806)   Other: 0.11ms
[340.277s][info][gc,heap        ] GC(806) Eden regions: 427->0(487)
[340.277s][info][gc,heap        ] GC(806) Survivor regions: 21->56(56)
[340.277s][info][gc,heap        ] GC(806) Old regions: 288->290
[340.277s][info][gc,heap        ] GC(806) Humongous regions: 4->4
[340.277s][info][gc,metaspace   ] GC(806) Metaspace: 18825K(18944K)->18825K(18944K) NonClass: 16996K(17088K)->16996K(17088K) Class: 1829K(1856K)->1829K(1856K)
[340.277s][info][gc             ] GC(806) Pause Young (Normal) (G1 Evacuation Pause) 739M->349M(978M) 97.240ms
[340.277s][info][gc,cpu         ] GC(806) User=0.20s Sys=0.00s Real=0.10s
[340.318s][info][gc,marking     ] GC(805) Concurrent Rebuild Remembered Sets and Scrub Regions 296.821ms
[340.318s][info][gc,start       ] GC(805) Pause Cleanup
[340.319s][info][gc             ] GC(805) Pause Cleanup 376M->376M(978M) 0.146ms
[340.319s][info][gc,cpu         ] GC(805) User=0.00s Sys=0.00s Real=0.00s
[340.319s][info][gc,marking     ] GC(805) Concurrent Clear Claimed Marks
[340.319s][info][gc,marking     ] GC(805) Concurrent Clear Claimed Marks 0.039ms
[340.319s][info][gc,marking     ] GC(805) Concurrent Cleanup for Next Mark
[340.324s][info][gc,marking     ] GC(805) Concurrent Cleanup for Next Mark 5.017ms
[340.324s][info][gc             ] GC(805) Concurrent Mark Cycle 935.590ms
[340.807s][info][gc,start       ] GC(807) Pause Young (Prepare Mixed) (G1 Evacuation Pause)
[340.807s][info][gc,task        ] GC(807) Using 2 workers of 2 for evacuation
[340.908s][info][gc,phases      ] GC(807)   Pre Evacuate Collection Set: 0.33ms
[340.908s][info][gc,phases      ] GC(807)   Merge Heap Roots: 0.52ms
[340.908s][info][gc,phases      ] GC(807)   Evacuate Collection Set: 98.75ms
[340.908s][info][gc,phases      ] GC(807)   Post Evacuate Collection Set: 0.82ms
[340.908s][info][gc,phases      ] GC(807)   Other: 0.14ms
[340.908s][info][gc,heap        ] GC(807) Eden regions: 487->0(489)
[340.908s][info][gc,heap        ] GC(807) Survivor regions: 56->15(68)
[340.908s][info][gc,heap        ] GC(807) Old regions: 290->346
[340.908s][info][gc,heap        ] GC(807) Humongous regions: 4->4
[340.908s][info][gc,metaspace   ] GC(807) Metaspace: 18825K(18944K)->18825K(18944K) NonClass: 16996K(17088K)->16996K(17088K) Class: 1829K(1856K)->1829K(1856K)
[340.908s][info][gc             ] GC(807) Pause Young (Prepare Mixed) (G1 Evacuation Pause) 836M->364M(978M) 100.873ms
[340.908s][info][gc,cpu         ] GC(807) User=0.20s Sys=0.00s Real=0.10s
[341.442s][info][gc,start       ] GC(808) Pause Young (Mixed) (G1 Evacuation Pause)
[341.442s][info][gc,task        ] GC(808) Using 2 workers of 2 for evacuation
[341.539s][info][gc,phases      ] GC(808)   Pre Evacuate Collection Set: 0.37ms
[341.539s][info][gc,phases      ] GC(808)   Merge Heap Roots: 0.53ms
[341.539s][info][gc,phases      ] GC(808)   Evacuate Collection Set: 95.84ms
[341.539s][info][gc,phases      ] GC(808)   Post Evacuate Collection Set: 0.83ms
[341.539s][info][gc,phases      ] GC(808)   Other: 0.11ms
[341.540s][info][gc,heap        ] GC(808) Eden regions: 489->0(459)
[341.540s][info][gc,heap        ] GC(808) Survivor regions: 15->63(63)
[341.540s][info][gc,heap        ] GC(808) Old regions: 346->315
[341.540s][info][gc,heap        ] GC(808) Humongous regions: 4->4
[341.540s][info][gc,metaspace   ] GC(808) Metaspace: 18825K(18944K)->18825K(18944K) NonClass: 16996K(17088K)->16996K(17088K) Class: 1829K(1856K)->1829K(1856K)
[341.540s][info][gc             ] GC(808) Pause Young (Mixed) (G1 Evacuation Pause) 853M->381M(978M) 97.962ms
[341.540s][info][gc,cpu         ] GC(808) User=0.19s Sys=0.00s Real=0.09s
[342.092s][info][gc,start       ] GC(809) Pause Young (Concurrent Start) (G1 Evacuation Pause)
[342.092s][info][gc,task        ] GC(809) Using 2 workers of 2 for evacuation
[342.188s][info][gc,phases      ] GC(809)   Pre Evacuate Collection Set: 0.38ms
[342.188s][info][gc,phases      ] GC(809)   Merge Heap Roots: 0.41ms
[342.188s][info][gc,phases      ] GC(809)   Evacuate Collection Set: 94.84ms
[342.188s][info][gc,phases      ] GC(809)   Post Evacuate Collection Set: 0.79ms
[342.188s][info][gc,phases      ] GC(809)   Other: 0.23ms
[342.188s][info][gc,heap        ] GC(809) Eden regions: 459->0(461)
[342.188s][info][gc,heap        ] GC(809) Survivor regions: 63->14(66)
[342.188s][info][gc,heap        ] GC(809) Old regions: 315->379
[342.188s][info][gc,heap        ] GC(809) Humongous regions: 4->4
[342.188s][info][gc,metaspace   ] GC(809) Metaspace: 18825K(18944K)->18825K(18944K) NonClass: 16996K(17088K)->16996K(17088K) Class: 1829K(1856K)->1829K(1856K)
[342.189s][info][gc             ] GC(809) Pause Young (Concurrent Start) (G1 Evacuation Pause) 840M->396M(978M) 96.944ms
[342.189s][info][gc             ] GC(810) Concurrent Mark Cycle
[342.189s][info][gc,marking     ] GC(810) Concurrent Scan Root Regions
[342.189s][info][gc,cpu         ] GC(809) User=0.19s Sys=0.00s Real=0.09s
[342.356s][info][gc,marking     ] GC(810) Concurrent Scan Root Regions 167.858ms
[342.356s][info][gc,marking     ] GC(810) Concurrent Mark
[342.356s][info][gc,marking     ] GC(810) Concurrent Mark From Roots
[342.357s][info][gc,task        ] GC(810) Using 1 workers of 1 for marking
[343.305s][info][gc,marking     ] GC(810) Concurrent Mark From Roots 948.273ms
[343.305s][info][gc,marking     ] GC(810) Concurrent Preclean
[343.305s][info][gc,marking     ] GC(810) Concurrent Preclean 0.033ms
[343.305s][info][gc,start       ] GC(810) Pause Remark
[343.314s][info][gc             ] GC(810) Pause Remark 711M->711M(978M) 8.626ms
[343.314s][info][gc,cpu         ] GC(810) User=0.02s Sys=0.00s Real=0.01s
[343.314s][info][gc,marking     ] GC(810) Concurrent Mark 957.285ms
[343.314s][info][gc,marking     ] GC(810) Concurrent Rebuild Remembered Sets and Scrub Regions
[343.734s][info][gc,marking     ] GC(810) Concurrent Rebuild Remembered Sets and Scrub Regions 419.914ms
[343.734s][info][gc,start       ] GC(810) Pause Cleanup
[343.734s][info][gc             ] GC(810) Pause Cleanup 816M->816M(978M) 0.114ms
[343.734s][info][gc,cpu         ] GC(810) User=0.00s Sys=0.00s Real=0.00s
[343.735s][info][gc,marking     ] GC(810) Concurrent Clear Claimed Marks
[343.735s][info][gc,marking     ] GC(810) Concurrent Clear Claimed Marks 0.061ms
[343.735s][info][gc,marking     ] GC(810) Concurrent Cleanup for Next Mark
[343.740s][info][gc,marking     ] GC(810) Concurrent Cleanup for Next Mark 5.084ms
[343.740s][info][gc             ] GC(810) Concurrent Mark Cycle 1551.909ms
[343.820s][info][gc,start       ] GC(811) Pause Young (Prepare Mixed) (G1 Evacuation Pause)
[343.820s][info][gc,task        ] GC(811) Using 2 workers of 2 for evacuation
[343.853s][info][gc,phases      ] GC(811)   Pre Evacuate Collection Set: 0.51ms
[343.853s][info][gc,phases      ] GC(811)   Merge Heap Roots: 0.38ms
[343.853s][info][gc,phases      ] GC(811)   Evacuate Collection Set: 30.99ms
[343.853s][info][gc,phases      ] GC(811)   Post Evacuate Collection Set: 0.78ms
[343.853s][info][gc,phases      ] GC(811)   Other: 0.11ms
[343.853s][info][gc,heap        ] GC(811) Eden regions: 461->0(468)
[343.853s][info][gc,heap        ] GC(811) Survivor regions: 14->24(60)
[343.853s][info][gc,heap        ] GC(811) Old regions: 379->379
[343.853s][info][gc,heap        ] GC(811) Humongous regions: 4->4
[343.853s][info][gc,metaspace   ] GC(811) Metaspace: 18826K(18944K)->18826K(18944K) NonClass: 16996K(17088K)->16996K(17088K) Class: 1829K(1856K)->1829K(1856K)
[343.853s][info][gc             ] GC(811) Pause Young (Prepare Mixed) (G1 Evacuation Pause) 857M->405M(978M) 33.037ms
[343.853s][info][gc,cpu         ] GC(811) User=0.06s Sys=0.00s Real=0.04s
[344.820s][info][gc,start       ] GC(812) Pause Young (Mixed) (G1 Evacuation Pause)
[344.820s][info][gc,task        ] GC(812) Using 2 workers of 2 for evacuation
[344.897s][info][gc,phases      ] GC(812)   Pre Evacuate Collection Set: 0.57ms
[344.897s][info][gc,phases      ] GC(812)   Merge Heap Roots: 0.37ms
[344.897s][info][gc,phases      ] GC(812)   Evacuate Collection Set: 74.67ms
[344.897s][info][gc,phases      ] GC(812)   Post Evacuate Collection Set: 0.90ms
[344.897s][info][gc,phases      ] GC(812)   Other: 0.11ms
[344.897s][info][gc,heap        ] GC(812) Eden regions: 468->0(429)
[344.897s][info][gc,heap        ] GC(812) Survivor regions: 24->62(62)
[344.897s][info][gc,heap        ] GC(812) Old regions: 379->371
[344.897s][info][gc,heap        ] GC(812) Humongous regions: 4->4
[344.897s][info][gc,metaspace   ] GC(812) Metaspace: 18826K(18944K)->18826K(18944K) NonClass: 16996K(17088K)->16996K(17088K) Class: 1829K(1856K)->1829K(1856K)
[344.897s][info][gc             ] GC(812) Pause Young (Mixed) (G1 Evacuation Pause) 873M->436M(978M) 76.940ms
[344.897s][info][gc,cpu         ] GC(812) User=0.15s Sys=0.00s Real=0.08s
[345.262s][info][gc,start       ] GC(813) Pause Young (Concurrent Start) (G1 Evacuation Pause)
[345.262s][info][gc,task        ] GC(813) Using 2 workers of 2 for evacuation
[345.552s][info][gc,mmu         ] GC(813) MMU target violated: 201.0ms (200.0ms/201.0ms)
[345.552s][info][gc,phases      ] GC(813)   Pre Evacuate Collection Set: 0.34ms
[345.552s][info][gc,phases      ] GC(813)   Merge Heap Roots: 0.33ms
[345.552s][info][gc,phases      ] GC(813)   Evacuate Collection Set: 255.22ms
[345.552s][info][gc,phases      ] GC(813)   Post Evacuate Collection Set: 34.33ms
[345.552s][info][gc,phases      ] GC(813)   Other: 0.22ms
[345.552s][info][gc,heap        ] GC(813) Eden regions: 429->0(38)
[345.552s][info][gc,heap        ] GC(813) Survivor regions: 62->62(62)
[345.552s][info][gc,heap        ] GC(813) Old regions: 371->762
[345.552s][info][gc,heap        ] GC(813) Humongous regions: 4->4
[345.552s][info][gc,metaspace   ] GC(813) Metaspace: 18826K(18944K)->18826K(18944K) NonClass: 16996K(17088K)->16996K(17088K) Class: 1829K(1856K)->1829K(1856K)
[345.552s][info][gc             ] GC(813) Pause Young (Concurrent Start) (G1 Evacuation Pause) (Evacuation Failure: Allocation) 865M->827M(978M) 290.640ms
[345.552s][info][gc,cpu         ] GC(813) User=0.58s Sys=0.00s Real=0.29s
[345.552s][info][gc             ] GC(814) Concurrent Mark Cycle
[345.556s][info][gc,marking     ] GC(814) Concurrent Scan Root Regions
[345.790s][info][gc,marking     ] GC(814) Concurrent Scan Root Regions 233.270ms
[345.790s][info][gc,marking     ] GC(814) Concurrent Mark
[345.790s][info][gc,marking     ] GC(814) Concurrent Mark From Roots
[345.790s][info][gc,task        ] GC(814) Using 1 workers of 1 for marking
[345.822s][info][gc,start       ] GC(815) Pause Young (Normal) (G1 Evacuation Pause)
[345.822s][info][gc,task        ] GC(815) Using 2 workers of 2 for evacuation
[345.964s][info][gc,phases      ] GC(815)   Pre Evacuate Collection Set: 0.47ms
[345.964s][info][gc,phases      ] GC(815)   Merge Heap Roots: 1.05ms
[345.964s][info][gc,phases      ] GC(815)   Evacuate Collection Set: 139.31ms
[345.964s][info][gc,phases      ] GC(815)   Post Evacuate Collection Set: 0.68ms
[345.964s][info][gc,phases      ] GC(815)   Other: 0.12ms
[345.964s][info][gc,heap        ] GC(815) Eden regions: 38->0(196)
[345.964s][info][gc,heap        ] GC(815) Survivor regions: 62->13(13)
[345.964s][info][gc,heap        ] GC(815) Old regions: 762->657
[345.964s][info][gc,heap        ] GC(815) Humongous regions: 7->7
[345.964s][info][gc,metaspace   ] GC(815) Metaspace: 18826K(18944K)->18826K(18944K) NonClass: 16996K(17088K)->16996K(17088K) Class: 1829K(1856K)->1829K(1856K)
[345.964s][info][gc             ] GC(815) Pause Young (Normal) (G1 Evacuation Pause) 868M->675M(978M) 141.907ms
[345.964s][info][gc,cpu         ] GC(815) User=0.28s Sys=0.00s Real=0.14s
[346.639s][info][gc,start       ] GC(816) Pause Young (Normal) (G1 Evacuation Pause)
[346.639s][info][gc,task        ] GC(816) Using 2 workers of 2 for evacuation
[346.714s][info][gc,phases      ] GC(816)   Pre Evacuate Collection Set: 0.40ms
[346.714s][info][gc,phases      ] GC(816)   Merge Heap Roots: 0.59ms
[346.714s][info][gc,phases      ] GC(816)   Evacuate Collection Set: 72.39ms
[346.714s][info][gc,phases      ] GC(816)   Post Evacuate Collection Set: 0.72ms
[346.714s][info][gc,phases      ] GC(816)   Other: 0.10ms
[346.714s][info][gc,heap        ] GC(816) Eden regions: 196->0(246)
[346.714s][info][gc,heap        ] GC(816) Survivor regions: 13->18(27)
[346.714s][info][gc,heap        ] GC(816) Old regions: 657->602
[346.714s][info][gc,heap        ] GC(816) Humongous regions: 7->7
[346.714s][info][gc,metaspace   ] GC(816) Metaspace: 18826K(18944K)->18826K(18944K) NonClass: 16996K(17088K)->16996K(17088K) Class: 1829K(1856K)->1829K(1856K)
[346.714s][info][gc             ] GC(816) Pause Young (Normal) (G1 Evacuation Pause) 871M->626M(978M) 74.525ms
[346.714s][info][gc,cpu         ] GC(816) User=0.14s Sys=0.00s Real=0.08s
[347.226s][info][gc,marking     ] GC(814) Concurrent Mark From Roots 1436.289ms
[347.226s][info][gc,marking     ] GC(814) Concurrent Preclean
[347.226s][info][gc,marking     ] GC(814) Concurrent Preclean 0.040ms
[347.226s][info][gc,start       ] GC(814) Pause Remark
[347.235s][info][gc             ] GC(814) Pause Remark 796M->796M(978M) 8.912ms
[347.235s][info][gc,cpu         ] GC(814) User=0.02s Sys=0.00s Real=0.01s
[347.238s][info][gc,marking     ] GC(814) Concurrent Mark 1448.605ms
[347.238s][info][gc,marking     ] GC(814) Concurrent Rebuild Remembered Sets and Scrub Regions
[347.438s][info][gc,start       ] GC(817) Pause Young (Normal) (G1 Evacuation Pause)
[347.438s][info][gc,task        ] GC(817) Using 2 workers of 2 for evacuation
[347.550s][info][gc,phases      ] GC(817)   Pre Evacuate Collection Set: 0.36ms
[347.550s][info][gc,phases      ] GC(817)   Merge Heap Roots: 1.02ms
[347.550s][info][gc,phases      ] GC(817)   Evacuate Collection Set: 109.55ms
[347.550s][info][gc,phases      ] GC(817)   Post Evacuate Collection Set: 0.89ms
[347.550s][info][gc,phases      ] GC(817)   Other: 0.13ms
[347.550s][info][gc,heap        ] GC(817) Eden regions: 246->0(219)
[347.550s][info][gc,heap        ] GC(817) Survivor regions: 18->33(33)
[347.550s][info][gc,heap        ] GC(817) Old regions: 602->614
[347.550s][info][gc,heap        ] GC(817) Humongous regions: 13->13
[347.550s][info][gc,metaspace   ] GC(817) Metaspace: 18826K(18944K)->18826K(18944K) NonClass: 16996K(17088K)->16996K(17088K) Class: 1829K(1856K)->1829K(1856K)
[347.550s][info][gc             ] GC(817) Pause Young (Normal) (G1 Evacuation Pause) 878M->659M(978M) 112.264ms
[347.550s][info][gc,cpu         ] GC(817) User=0.22s Sys=0.00s Real=0.11s
[348.032s][info][gc,marking     ] GC(814) Concurrent Rebuild Remembered Sets and Scrub Regions 793.173ms
[348.033s][info][gc,start       ] GC(814) Pause Cleanup
[348.033s][info][gc             ] GC(814) Pause Cleanup 855M->855M(978M) 0.146ms
[348.033s][info][gc,cpu         ] GC(814) User=0.00s Sys=0.00s Real=0.00s
[348.036s][info][gc,marking     ] GC(814) Concurrent Clear Claimed Marks
[348.037s][info][gc,marking     ] GC(814) Concurrent Clear Claimed Marks 0.076ms
[348.037s][info][gc,marking     ] GC(814) Concurrent Cleanup for Next Mark
[348.040s][info][gc,marking     ] GC(814) Concurrent Cleanup for Next Mark 3.084ms
[348.040s][info][gc             ] GC(814) Concurrent Mark Cycle 2487.259ms
[348.078s][info][gc,start       ] GC(818) Pause Young (Prepare Mixed) (G1 Evacuation Pause)
[348.079s][info][gc,task        ] GC(818) Using 2 workers of 2 for evacuation
[348.161s][info][gc,phases      ] GC(818)   Pre Evacuate Collection Set: 0.56ms
[348.161s][info][gc,phases      ] GC(818)   Merge Heap Roots: 1.11ms
[348.161s][info][gc,phases      ] GC(818)   Evacuate Collection Set: 80.25ms
[348.161s][info][gc,phases      ] GC(818)   Post Evacuate Collection Set: 0.54ms
[348.161s][info][gc,phases      ] GC(818)   Other: 0.09ms
[348.161s][info][gc,heap        ] GC(818) Eden regions: 219->0(236)
[348.161s][info][gc,heap        ] GC(818) Survivor regions: 33->1(32)
[348.161s][info][gc,heap        ] GC(818) Old regions: 614->647
[348.161s][info][gc,heap        ] GC(818) Humongous regions: 13->13
[348.161s][info][gc,metaspace   ] GC(818) Metaspace: 18826K(18944K)->18826K(18944K) NonClass: 16996K(17088K)->16996K(17088K) Class: 1829K(1856K)->1829K(1856K)
[348.161s][info][gc             ] GC(818) Pause Young (Prepare Mixed) (G1 Evacuation Pause) 878M->660M(978M) 82.818ms
[348.161s][info][gc,cpu         ] GC(818) User=0.16s Sys=0.00s Real=0.09s
[348.557s][info][gc,start       ] GC(819) Pause Young (Mixed) (G1 Evacuation Pause)
[348.557s][info][gc,task        ] GC(819) Using 2 workers of 2 for evacuation
[348.561s][info][gc,phases      ] GC(819)   Pre Evacuate Collection Set: 0.55ms
[348.561s][info][gc,phases      ] GC(819)   Merge Heap Roots: 0.14ms
[348.561s][info][gc,phases      ] GC(819)   Evacuate Collection Set: 2.49ms
[348.561s][info][gc,phases      ] GC(819)   Post Evacuate Collection Set: 0.49ms
[348.561s][info][gc,phases      ] GC(819)   Other: 0.12ms
[348.561s][info][gc,heap        ] GC(819) Eden regions: 236->0(254)
[348.561s][info][gc,heap        ] GC(819) Survivor regions: 1->1(30)
[348.561s][info][gc,heap        ] GC(819) Old regions: 647->640
[348.561s][info][gc,heap        ] GC(819) Humongous regions: 13->13
[348.561s][info][gc,metaspace   ] GC(819) Metaspace: 18826K(18944K)->18826K(18944K) NonClass: 16996K(17088K)->16996K(17088K) Class: 1829K(1856K)->1829K(1856K)
[348.561s][info][gc             ] GC(819) Pause Young (Mixed) (G1 Evacuation Pause) 896M->653M(978M) 4.068ms
[348.561s][info][gc,cpu         ] GC(819) User=0.01s Sys=0.00s Real=0.01s
[348.990s][info][gc,start       ] GC(820) Pause Young (Concurrent Start) (G1 Evacuation Pause)
[348.990s][info][gc,task        ] GC(820) Using 2 workers of 2 for evacuation
[348.992s][info][gc,phases      ] GC(820)   Pre Evacuate Collection Set: 0.32ms
[348.992s][info][gc,phases      ] GC(820)   Merge Heap Roots: 0.11ms
[348.992s][info][gc,phases      ] GC(820)   Evacuate Collection Set: 0.55ms
[348.992s][info][gc,phases      ] GC(820)   Post Evacuate Collection Set: 0.48ms
[348.992s][info][gc,phases      ] GC(820)   Other: 0.11ms
[348.992s][info][gc,heap        ] GC(820) Eden regions: 254->0(266)
[348.992s][info][gc,heap        ] GC(820) Survivor regions: 1->1(32)
[348.992s][info][gc,heap        ] GC(820) Old regions: 640->640
[348.992s][info][gc,heap        ] GC(820) Humongous regions: 13->13
[348.992s][info][gc,metaspace   ] GC(820) Metaspace: 18826K(18944K)->18826K(18944K) NonClass: 16996K(17088K)->16996K(17088K) Class: 1829K(1856K)->1829K(1856K)
[348.992s][info][gc             ] GC(820) Pause Young (Concurrent Start) (G1 Evacuation Pause) 907M->652M(978M) 1.795ms
[348.992s][info][gc,cpu         ] GC(820) User=0.00s Sys=0.00s Real=0.01s
[348.992s][info][gc             ] GC(821) Concurrent Mark Cycle
[348.992s][info][gc,marking     ] GC(821) Concurrent Scan Root Regions
[348.994s][info][gc,marking     ] GC(821) Concurrent Scan Root Regions 1.973ms
[348.994s][info][gc,marking     ] GC(821) Concurrent Mark
[348.994s][info][gc,marking     ] GC(821) Concurrent Mark From Roots
[348.994s][info][gc,task        ] GC(821) Using 1 workers of 1 for marking
[350.101s][info][gc,start       ] GC(822) Pause Young (Normal) (G1 Evacuation Pause)
[350.101s][info][gc,task        ] GC(822) Using 2 workers of 2 for evacuation
[350.103s][info][gc,phases      ] GC(822)   Pre Evacuate Collection Set: 0.55ms
[350.103s][info][gc,phases      ] GC(822)   Merge Heap Roots: 0.10ms
[350.103s][info][gc,phases      ] GC(822)   Evacuate Collection Set: 0.33ms
[350.103s][info][gc,phases      ] GC(822)   Post Evacuate Collection Set: 0.44ms
[350.103s][info][gc,phases      ] GC(822)   Other: 0.09ms
[350.103s][info][gc,heap        ] GC(822) Eden regions: 266->0(273)
[350.103s][info][gc,heap        ] GC(822) Survivor regions: 1->1(34)
[350.103s][info][gc,heap        ] GC(822) Old regions: 640->640
[350.103s][info][gc,heap        ] GC(822) Humongous regions: 13->13
[350.103s][info][gc,metaspace   ] GC(822) Metaspace: 18826K(18944K)->18826K(18944K) NonClass: 16996K(17088K)->16996K(17088K) Class: 1829K(1856K)->1829K(1856K)
[350.103s][info][gc             ] GC(822) Pause Young (Normal) (G1 Evacuation Pause) 918M->652M(978M) 1.755ms
[350.103s][info][gc,cpu         ] GC(822) User=0.01s Sys=0.00s Real=0.00s
[350.583s][info][gc,marking     ] GC(821) Concurrent Mark From Roots 1589.236ms
[350.583s][info][gc,marking     ] GC(821) Concurrent Preclean
[350.583s][info][gc,marking     ] GC(821) Concurrent Preclean 0.057ms
[350.583s][info][gc,start       ] GC(821) Pause Remark
[350.592s][info][gc             ] GC(821) Pause Remark 910M->825M(978M) 8.654ms
[350.592s][info][gc,cpu         ] GC(821) User=0.02s Sys=0.00s Real=0.01s
[350.592s][info][gc,marking     ] GC(821) Concurrent Mark 1598.385ms
[350.592s][info][gc,marking     ] GC(821) Concurrent Rebuild Remembered Sets and Scrub Regions
[350.624s][info][gc,start       ] GC(823) Pause Young (Normal) (G1 Evacuation Pause)
[350.625s][info][gc,task        ] GC(823) Using 2 workers of 2 for evacuation
[350.669s][info][gc,phases      ] GC(823)   Pre Evacuate Collection Set: 0.33ms
[350.669s][info][gc,phases      ] GC(823)   Merge Heap Roots: 0.21ms
[350.669s][info][gc,phases      ] GC(823)   Evacuate Collection Set: 43.16ms
[350.669s][info][gc,phases      ] GC(823)   Post Evacuate Collection Set: 0.53ms
[350.669s][info][gc,phases      ] GC(823)   Other: 0.12ms
[350.669s][info][gc,heap        ] GC(823) Eden regions: 273->0(294)
[350.669s][info][gc,heap        ] GC(823) Survivor regions: 1->33(35)
[350.669s][info][gc,heap        ] GC(823) Old regions: 561->561
[350.669s][info][gc,heap        ] GC(823) Humongous regions: 7->7
[350.669s][info][gc,metaspace   ] GC(823) Metaspace: 18826K(18944K)->18826K(18944K) NonClass: 16996K(17088K)->16996K(17088K) Class: 1829K(1856K)->1829K(1856K)
[350.669s][info][gc             ] GC(823) Pause Young (Normal) (G1 Evacuation Pause) 840M->600M(978M) 44.655ms
[350.669s][info][gc,cpu         ] GC(823) User=0.09s Sys=0.00s Real=0.04s
[351.123s][info][gc,start       ] GC(824) Pause Young (Normal) (G1 Evacuation Pause)
[351.123s][info][gc,task        ] GC(824) Using 2 workers of 2 for evacuation
[351.165s][info][gc,phases      ] GC(824)   Pre Evacuate Collection Set: 0.56ms
[351.165s][info][gc,phases      ] GC(824)   Merge Heap Roots: 0.26ms
[351.165s][info][gc,phases      ] GC(824)   Evacuate Collection Set: 40.35ms
[351.165s][info][gc,phases      ] GC(824)   Post Evacuate Collection Set: 0.59ms
[351.165s][info][gc,phases      ] GC(824)   Other: 0.10ms
[351.165s][info][gc,heap        ] GC(824) Eden regions: 294->0(311)
[351.165s][info][gc,heap        ] GC(824) Survivor regions: 33->3(41)
[351.165s][info][gc,heap        ] GC(824) Old regions: 561->594
[351.165s][info][gc,heap        ] GC(824) Humongous regions: 7->7
[351.165s][info][gc,metaspace   ] GC(824) Metaspace: 18826K(18944K)->18826K(18944K) NonClass: 16996K(17088K)->16996K(17088K) Class: 1829K(1856K)->1829K(1856K)
[351.165s][info][gc             ] GC(824) Pause Young (Normal) (G1 Evacuation Pause) 894M->603M(978M) 42.128ms
[351.165s][info][gc,cpu         ] GC(824) User=0.08s Sys=0.00s Real=0.04s
[351.195s][info][gc,marking     ] GC(821) Concurrent Rebuild Remembered Sets and Scrub Regions 602.542ms
[351.195s][info][gc,start       ] GC(821) Pause Cleanup
[351.195s][info][gc             ] GC(821) Pause Cleanup 629M->629M(978M) 0.150ms
[351.195s][info][gc,cpu         ] GC(821) User=0.00s Sys=0.00s Real=0.00s
[351.195s][info][gc,marking     ] GC(821) Concurrent Clear Claimed Marks
[351.195s][info][gc,marking     ] GC(821) Concurrent Clear Claimed Marks 0.035ms
[351.195s][info][gc,marking     ] GC(821) Concurrent Cleanup for Next Mark
[351.202s][info][gc,marking     ] GC(821) Concurrent Cleanup for Next Mark 7.235ms
[351.203s][info][gc             ] GC(821) Concurrent Mark Cycle 2210.823ms
[351.734s][info][gc,start       ] GC(825) Pause Young (Prepare Mixed) (G1 Evacuation Pause)
[351.734s][info][gc,task        ] GC(825) Using 2 workers of 2 for evacuation
[351.750s][info][gc,phases      ] GC(825)   Pre Evacuate Collection Set: 0.35ms
[351.750s][info][gc,phases      ] GC(825)   Merge Heap Roots: 0.19ms
[351.750s][info][gc,phases      ] GC(825)   Evacuate Collection Set: 14.36ms
[351.750s][info][gc,phases      ] GC(825)   Post Evacuate Collection Set: 0.58ms
[351.750s][info][gc,phases      ] GC(825)   Other: 0.09ms
[351.750s][info][gc,heap        ] GC(825) Eden regions: 311->0(303)
[351.750s][info][gc,heap        ] GC(825) Survivor regions: 3->12(40)
[351.750s][info][gc,heap        ] GC(825) Old regions: 594->594
[351.750s][info][gc,heap        ] GC(825) Humongous regions: 7->7
[351.750s][info][gc,metaspace   ] GC(825) Metaspace: 18826K(18944K)->18826K(18944K) NonClass: 16996K(17088K)->16996K(17088K) Class: 1829K(1856K)->1829K(1856K)
[351.750s][info][gc             ] GC(825) Pause Young (Prepare Mixed) (G1 Evacuation Pause) 914M->611M(978M) 15.842ms
[351.750s][info][gc,cpu         ] GC(825) User=0.03s Sys=0.00s Real=0.01s
[352.378s][info][gc,start       ] GC(826) Pause Young (Mixed) (G1 Evacuation Pause)
[352.378s][info][gc,task        ] GC(826) Using 2 workers of 2 for evacuation
[352.404s][info][gc,phases      ] GC(826)   Pre Evacuate Collection Set: 0.57ms
[352.404s][info][gc,phases      ] GC(826)   Merge Heap Roots: 0.38ms
[352.404s][info][gc,phases      ] GC(826)   Evacuate Collection Set: 23.63ms
[352.404s][info][gc,phases      ] GC(826)   Post Evacuate Collection Set: 0.74ms
[352.404s][info][gc,phases      ] GC(826)   Other: 0.12ms
[352.404s][info][gc,heap        ] GC(826) Eden regions: 303->0(355)
[352.404s][info][gc,heap        ] GC(826) Survivor regions: 12->11(40)
[352.404s][info][gc,heap        ] GC(826) Old regions: 594->527
[352.404s][info][gc,heap        ] GC(826) Humongous regions: 7->7
[352.404s][info][gc,metaspace   ] GC(826) Metaspace: 18826K(18944K)->18826K(18944K) NonClass: 16996K(17088K)->16996K(17088K) Class: 1829K(1856K)->1829K(1856K)
[352.404s][info][gc             ] GC(826) Pause Young (Mixed) (G1 Evacuation Pause) 914M->544M(978M) 25.683ms
[352.404s][info][gc,cpu         ] GC(826) User=0.05s Sys=0.00s Real=0.03s
[352.877s][info][gc,start       ] GC(827) Pause Young (Concurrent Start) (G1 Evacuation Pause)
[352.877s][info][gc,task        ] GC(827) Using 2 workers of 2 for evacuation
[352.933s][info][gc,phases      ] GC(827)   Pre Evacuate Collection Set: 0.33ms
[352.933s][info][gc,phases      ] GC(827)   Merge Heap Roots: 0.22ms
[352.933s][info][gc,phases      ] GC(827)   Evacuate Collection Set: 54.41ms
[352.933s][info][gc,phases      ] GC(827)   Post Evacuate Collection Set: 0.74ms
[352.933s][info][gc,phases      ] GC(827)   Other: 0.14ms
[352.933s][info][gc,heap        ] GC(827) Eden regions: 355->0(298)
[352.933s][info][gc,heap        ] GC(827) Survivor regions: 11->46(46)
[352.933s][info][gc,heap        ] GC(827) Old regions: 527->531
[352.933s][info][gc,heap        ] GC(827) Humongous regions: 7->7
[352.933s][info][gc,metaspace   ] GC(827) Metaspace: 18826K(18944K)->18826K(18944K) NonClass: 16996K(17088K)->16996K(17088K) Class: 1829K(1856K)->1829K(1856K)
[352.933s][info][gc             ] GC(827) Pause Young (Concurrent Start) (G1 Evacuation Pause) 899M->583M(978M) 56.088ms
[352.933s][info][gc,cpu         ] GC(827) User=0.11s Sys=0.00s Real=0.06s
[352.933s][info][gc             ] GC(828) Concurrent Mark Cycle
[352.933s][info][gc,marking     ] GC(828) Concurrent Scan Root Regions
[353.007s][info][gc,marking     ] GC(828) Concurrent Scan Root Regions 74.050ms
[353.007s][info][gc,marking     ] GC(828) Concurrent Mark
[353.007s][info][gc,marking     ] GC(828) Concurrent Mark From Roots
[353.007s][info][gc,task        ] GC(828) Using 1 workers of 1 for marking
[353.980s][info][gc,start       ] GC(829) Pause Young (Normal) (G1 Evacuation Pause)
[353.980s][info][gc,task        ] GC(829) Using 2 workers of 2 for evacuation
[354.089s][info][gc,phases      ] GC(829)   Pre Evacuate Collection Set: 0.58ms
[354.089s][info][gc,phases      ] GC(829)   Merge Heap Roots: 0.36ms
[354.089s][info][gc,phases      ] GC(829)   Evacuate Collection Set: 107.45ms
[354.089s][info][gc,phases      ] GC(829)   Post Evacuate Collection Set: 0.92ms
[354.089s][info][gc,phases      ] GC(829)   Other: 0.12ms
[354.089s][info][gc,heap        ] GC(829) Eden regions: 298->0(254)
[354.089s][info][gc,heap        ] GC(829) Survivor regions: 46->43(43)
[354.089s][info][gc,heap        ] GC(829) Old regions: 531->578
[354.089s][info][gc,heap        ] GC(829) Humongous regions: 10->10
[354.089s][info][gc,metaspace   ] GC(829) Metaspace: 18826K(18944K)->18826K(18944K) NonClass: 16996K(17088K)->16996K(17088K) Class: 1829K(1856K)->1829K(1856K)
[354.090s][info][gc             ] GC(829) Pause Young (Normal) (G1 Evacuation Pause) 884M->630M(978M) 109.708ms
[354.090s][info][gc,cpu         ] GC(829) User=0.22s Sys=0.01s Real=0.11s
[354.525s][info][gc,marking     ] GC(828) Concurrent Mark From Roots 1517.749ms
[354.525s][info][gc,marking     ] GC(828) Concurrent Preclean
[354.525s][info][gc,marking     ] GC(828) Concurrent Preclean 0.041ms
[354.525s][info][gc,start       ] GC(828) Pause Remark
[354.534s][info][gc             ] GC(828) Pause Remark 746M->746M(978M) 8.556ms
[354.534s][info][gc,cpu         ] GC(828) User=0.01s Sys=0.00s Real=0.01s
[354.534s][info][gc,marking     ] GC(828) Concurrent Mark 1527.421ms
[354.535s][info][gc,marking     ] GC(828) Concurrent Rebuild Remembered Sets and Scrub Regions
[354.857s][info][gc,start       ] GC(830) Pause Young (Normal) (G1 Evacuation Pause)
[354.857s][info][gc,task        ] GC(830) Using 2 workers of 2 for evacuation
[354.911s][info][gc,phases      ] GC(830)   Pre Evacuate Collection Set: 0.57ms
[354.911s][info][gc,phases      ] GC(830)   Merge Heap Roots: 0.28ms
[354.911s][info][gc,phases      ] GC(830)   Evacuate Collection Set: 52.04ms
[354.911s][info][gc,phases      ] GC(830)   Post Evacuate Collection Set: 0.55ms
[354.911s][info][gc,phases      ] GC(830)   Other: 0.12ms
[354.911s][info][gc,heap        ] GC(830) Eden regions: 254->0(279)
[354.911s][info][gc,heap        ] GC(830) Survivor regions: 43->1(38)
[354.911s][info][gc,heap        ] GC(830) Old regions: 578->622
[354.911s][info][gc,heap        ] GC(830) Humongous regions: 10->10
[354.911s][info][gc,metaspace   ] GC(830) Metaspace: 18826K(18944K)->18826K(18944K) NonClass: 16996K(17088K)->16996K(17088K) Class: 1829K(1856K)->1829K(1856K)
[354.911s][info][gc             ] GC(830) Pause Young (Normal) (G1 Evacuation Pause) 884M->632M(978M) 53.826ms
[354.911s][info][gc,cpu         ] GC(830) User=0.11s Sys=0.00s Real=0.06s
[355.191s][info][gc,marking     ] GC(828) Concurrent Rebuild Remembered Sets and Scrub Regions 656.643ms
[355.191s][info][gc,start       ] GC(828) Pause Cleanup
[355.192s][info][gc             ] GC(828) Pause Cleanup 743M->743M(978M) 0.157ms
[355.192s][info][gc,cpu         ] GC(828) User=0.00s Sys=0.00s Real=0.00s
[355.192s][info][gc,marking     ] GC(828) Concurrent Clear Claimed Marks
[355.192s][info][gc,marking     ] GC(828) Concurrent Clear Claimed Marks 0.044ms
[355.192s][info][gc,marking     ] GC(828) Concurrent Cleanup for Next Mark
[355.197s][info][gc,marking     ] GC(828) Concurrent Cleanup for Next Mark 5.016ms
[355.197s][info][gc             ] GC(828) Concurrent Mark Cycle 2263.868ms
[355.468s][info][gc,start       ] GC(831) Pause Young (Prepare Mixed) (G1 Evacuation Pause)
[355.468s][info][gc,task        ] GC(831) Using 2 workers of 2 for evacuation
[355.469s][info][gc,phases      ] GC(831)   Pre Evacuate Collection Set: 0.36ms
[355.469s][info][gc,phases      ] GC(831)   Merge Heap Roots: 0.12ms
[355.469s][info][gc,phases      ] GC(831)   Evacuate Collection Set: 0.28ms
[355.469s][info][gc,phases      ] GC(831)   Post Evacuate Collection Set: 0.48ms
[355.469s][info][gc,phases      ] GC(831)   Other: 0.10ms
[355.469s][info][gc,heap        ] GC(831) Eden regions: 279->0(288)
[355.469s][info][gc,heap        ] GC(831) Survivor regions: 1->1(35)
[355.469s][info][gc,heap        ] GC(831) Old regions: 622->622
[355.469s][info][gc,heap        ] GC(831) Humongous regions: 10->10
[355.469s][info][gc,metaspace   ] GC(831) Metaspace: 18826K(18944K)->18826K(18944K) NonClass: 16996K(17088K)->16996K(17088K) Class: 1829K(1856K)->1829K(1856K)
[355.469s][info][gc             ] GC(831) Pause Young (Prepare Mixed) (G1 Evacuation Pause) 911M->632M(978M) 1.591ms
[355.469s][info][gc,cpu         ] GC(831) User=0.00s Sys=0.00s Real=0.00s
[355.942s][info][gc,start       ] GC(832) Pause Young (Mixed) (G1 Evacuation Pause)
[355.942s][info][gc,task        ] GC(832) Using 2 workers of 2 for evacuation
[355.959s][info][gc,phases      ] GC(832)   Pre Evacuate Collection Set: 0.35ms
[355.959s][info][gc,phases      ] GC(832)   Merge Heap Roots: 0.36ms
[355.959s][info][gc,phases      ] GC(832)   Evacuate Collection Set: 15.20ms
[355.959s][info][gc,phases      ] GC(832)   Post Evacuate Collection Set: 0.58ms
[355.959s][info][gc,phases      ] GC(832)   Other: 0.14ms
[355.959s][info][gc,heap        ] GC(832) Eden regions: 288->0(302)
[355.959s][info][gc,heap        ] GC(832) Survivor regions: 1->1(37)
[355.959s][info][gc,heap        ] GC(832) Old regions: 622->613
[355.959s][info][gc,heap        ] GC(832) Humongous regions: 10->10
[355.959s][info][gc,metaspace   ] GC(832) Metaspace: 18826K(18944K)->18826K(18944K) NonClass: 16996K(17088K)->16996K(17088K) Class: 1829K(1856K)->1829K(1856K)
[355.959s][info][gc             ] GC(832) Pause Young (Mixed) (G1 Evacuation Pause) 920M->623M(978M) 16.946ms
[355.959s][info][gc,cpu         ] GC(832) User=0.03s Sys=0.01s Real=0.01s
[356.322s][info][gc,start       ] GC(833) Pause Young (Concurrent Start) (G1 Evacuation Pause)
[356.322s][info][gc,task        ] GC(833) Using 2 workers of 2 for evacuation
[356.359s][info][gc,phases      ] GC(833)   Pre Evacuate Collection Set: 0.33ms
[356.359s][info][gc,phases      ] GC(833)   Merge Heap Roots: 0.21ms
[356.359s][info][gc,phases      ] GC(833)   Evacuate Collection Set: 36.20ms
[356.359s][info][gc,phases      ] GC(833)   Post Evacuate Collection Set: 0.60ms
[356.359s][info][gc,phases      ] GC(833)   Other: 0.14ms
[356.359s][info][gc,heap        ] GC(833) Eden regions: 302->0(251)
[356.359s][info][gc,heap        ] GC(833) Survivor regions: 1->27(38)
[356.359s][info][gc,heap        ] GC(833) Old regions: 613->613
[356.359s][info][gc,heap        ] GC(833) Humongous regions: 10->10
[356.359s][info][gc,metaspace   ] GC(833) Metaspace: 18826K(18944K)->18826K(18944K) NonClass: 16996K(17088K)->16996K(17088K) Class: 1829K(1856K)->1829K(1856K)
[356.359s][info][gc             ] GC(833) Pause Young (Concurrent Start) (G1 Evacuation Pause) 925M->649M(978M) 37.729ms
[356.359s][info][gc,cpu         ] GC(833) User=0.07s Sys=0.00s Real=0.03s
[356.359s][info][gc             ] GC(834) Concurrent Mark Cycle
[356.359s][info][gc,marking     ] GC(834) Concurrent Scan Root Regions
[356.423s][info][gc,marking     ] GC(834) Concurrent Scan Root Regions 63.581ms
[356.423s][info][gc,marking     ] GC(834) Concurrent Mark
[356.423s][info][gc,marking     ] GC(834) Concurrent Mark From Roots
[356.423s][info][gc,task        ] GC(834) Using 1 workers of 1 for marking
[356.828s][info][gc,start       ] GC(835) Pause Young (Normal) (G1 Evacuation Pause)
[356.828s][info][gc,task        ] GC(835) Using 2 workers of 2 for evacuation
[356.864s][info][gc,phases      ] GC(835)   Pre Evacuate Collection Set: 0.32ms
[356.864s][info][gc,phases      ] GC(835)   Merge Heap Roots: 0.15ms
[356.864s][info][gc,phases      ] GC(835)   Evacuate Collection Set: 34.76ms
[356.864s][info][gc,phases      ] GC(835)   Post Evacuate Collection Set: 0.54ms
[356.864s][info][gc,phases      ] GC(835)   Other: 0.15ms
[356.864s][info][gc,heap        ] GC(835) Eden regions: 251->0(268)
[356.864s][info][gc,heap        ] GC(835) Survivor regions: 27->5(35)
[356.864s][info][gc,heap        ] GC(835) Old regions: 613->640
[356.864s][info][gc,heap        ] GC(835) Humongous regions: 10->10
[356.864s][info][gc,metaspace   ] GC(835) Metaspace: 18826K(18944K)->18826K(18944K) NonClass: 16996K(17088K)->16996K(17088K) Class: 1829K(1856K)->1829K(1856K)
[356.864s][info][gc             ] GC(835) Pause Young (Normal) (G1 Evacuation Pause) 900M->654M(978M) 36.188ms
[356.865s][info][gc,cpu         ] GC(835) User=0.07s Sys=0.00s Real=0.04s
[357.253s][info][gc,start       ] GC(836) Pause Young (Normal) (G1 Evacuation Pause)
[357.253s][info][gc,task        ] GC(836) Using 2 workers of 2 for evacuation
[357.312s][info][gc,phases      ] GC(836)   Pre Evacuate Collection Set: 0.55ms
[357.312s][info][gc,phases      ] GC(836)   Merge Heap Roots: 0.63ms
[357.312s][info][gc,phases      ] GC(836)   Evacuate Collection Set: 57.74ms
[357.312s][info][gc,phases      ] GC(836)   Post Evacuate Collection Set: 0.61ms
[357.312s][info][gc,phases      ] GC(836)   Other: 0.12ms
[357.312s][info][gc,heap        ] GC(836) Eden regions: 268->0(201)
[357.312s][info][gc,heap        ] GC(836) Survivor regions: 5->35(35)
[357.312s][info][gc,heap        ] GC(836) Old regions: 640->647
[357.312s][info][gc,heap        ] GC(836) Humongous regions: 10->10
[357.312s][info][gc,metaspace   ] GC(836) Metaspace: 18826K(18944K)->18826K(18944K) NonClass: 16996K(17088K)->16996K(17088K) Class: 1829K(1856K)->1829K(1856K)
[357.313s][info][gc             ] GC(836) Pause Young (Normal) (G1 Evacuation Pause) 922M->691M(978M) 60.001ms
[357.313s][info][gc,cpu         ] GC(836) User=0.12s Sys=0.00s Real=0.06s
[357.758s][info][gc,start       ] GC(837) Pause Young (Normal) (G1 Evacuation Pause)
[357.758s][info][gc,task        ] GC(837) Using 2 workers of 2 for evacuation
[357.847s][info][gc,phases      ] GC(837)   Pre Evacuate Collection Set: 0.60ms
[357.847s][info][gc,phases      ] GC(837)   Merge Heap Roots: 0.29ms
[357.847s][info][gc,phases      ] GC(837)   Evacuate Collection Set: 87.58ms
[357.847s][info][gc,phases      ] GC(837)   Post Evacuate Collection Set: 0.57ms
[357.847s][info][gc,phases      ] GC(837)   Other: 0.09ms
[357.847s][info][gc,heap        ] GC(837) Eden regions: 201->0(169)
[357.847s][info][gc,heap        ] GC(837) Survivor regions: 35->30(30)
[357.847s][info][gc,heap        ] GC(837) Old regions: 647->689
[357.847s][info][gc,heap        ] GC(837) Humongous regions: 10->10
[357.847s][info][gc,metaspace   ] GC(837) Metaspace: 18826K(18944K)->18826K(18944K) NonClass: 16996K(17088K)->16996K(17088K) Class: 1829K(1856K)->1829K(1856K)
[357.847s][info][gc             ] GC(837) Pause Young (Normal) (G1 Evacuation Pause) 892M->728M(978M) 89.396ms
[357.847s][info][gc,cpu         ] GC(837) User=0.18s Sys=0.00s Real=0.09s
[357.978s][info][gc,marking     ] GC(834) Concurrent Mark From Roots 1554.763ms
[357.978s][info][gc,marking     ] GC(834) Concurrent Preclean
[357.978s][info][gc,marking     ] GC(834) Concurrent Preclean 0.043ms
[357.978s][info][gc,start       ] GC(834) Pause Remark
[357.987s][info][gc             ] GC(834) Pause Remark 777M->702M(978M) 8.579ms
[357.987s][info][gc,cpu         ] GC(834) User=0.02s Sys=0.00s Real=0.01s
[357.988s][info][gc,marking     ] GC(834) Concurrent Mark 1565.287ms
[357.988s][info][gc,marking     ] GC(834) Concurrent Rebuild Remembered Sets and Scrub Regions
[358.127s][info][gc,start       ] GC(838) Pause Young (Normal) (G1 Evacuation Pause)
[358.127s][info][gc,task        ] GC(838) Using 2 workers of 2 for evacuation
[358.191s][info][gc,phases      ] GC(838)   Pre Evacuate Collection Set: 0.37ms
[358.191s][info][gc,phases      ] GC(838)   Merge Heap Roots: 0.29ms
[358.191s][info][gc,phases      ] GC(838)   Evacuate Collection Set: 62.96ms
[358.191s][info][gc,phases      ] GC(838)   Post Evacuate Collection Set: 0.54ms
[358.191s][info][gc,phases      ] GC(838)   Other: 0.09ms
[358.191s][info][gc,heap        ] GC(838) Eden regions: 169->0(227)
[358.191s][info][gc,heap        ] GC(838) Survivor regions: 30->16(25)
[358.191s][info][gc,heap        ] GC(838) Old regions: 617->648
[358.191s][info][gc,heap        ] GC(838) Humongous regions: 7->7
[358.191s][info][gc,metaspace   ] GC(838) Metaspace: 18826K(18944K)->18826K(18944K) NonClass: 16996K(17088K)->16996K(17088K) Class: 1829K(1856K)->1829K(1856K)
[358.191s][info][gc             ] GC(838) Pause Young (Normal) (G1 Evacuation Pause) 822M->669M(978M) 64.510ms
[358.191s][info][gc,cpu         ] GC(838) User=0.13s Sys=0.00s Real=0.07s
[358.573s][info][gc,start       ] GC(839) Pause Young (Normal) (G1 Evacuation Pause)
[358.573s][info][gc,task        ] GC(839) Using 2 workers of 2 for evacuation
[358.615s][info][gc,phases      ] GC(839)   Pre Evacuate Collection Set: 0.35ms
[358.615s][info][gc,phases      ] GC(839)   Merge Heap Roots: 0.53ms
[358.615s][info][gc,phases      ] GC(839)   Evacuate Collection Set: 40.35ms
[358.615s][info][gc,phases      ] GC(839)   Post Evacuate Collection Set: 0.59ms
[358.615s][info][gc,phases      ] GC(839)   Other: 0.12ms
[358.615s][info][gc,heap        ] GC(839) Eden regions: 227->0(233)
[358.615s][info][gc,heap        ] GC(839) Survivor regions: 16->20(31)
[358.615s][info][gc,heap        ] GC(839) Old regions: 648->648
[358.615s][info][gc,heap        ] GC(839) Humongous regions: 7->7
[358.615s][info][gc,metaspace   ] GC(839) Metaspace: 18826K(18944K)->18826K(18944K) NonClass: 16996K(17088K)->16996K(17088K) Class: 1829K(1856K)->1829K(1856K)
[358.615s][info][gc             ] GC(839) Pause Young (Normal) (G1 Evacuation Pause) 896M->673M(978M) 42.285ms
[358.615s][info][gc,cpu         ] GC(839) User=0.08s Sys=0.00s Real=0.04s
[358.739s][info][gc,marking     ] GC(834) Concurrent Rebuild Remembered Sets and Scrub Regions 750.866ms
[358.740s][info][gc,start       ] GC(834) Pause Cleanup
[358.740s][info][gc             ] GC(834) Pause Cleanup 753M->753M(978M) 0.209ms
[358.740s][info][gc,cpu         ] GC(834) User=0.00s Sys=0.00s Real=0.00s
[358.741s][info][gc,marking     ] GC(834) Concurrent Clear Claimed Marks
[358.741s][info][gc,marking     ] GC(834) Concurrent Clear Claimed Marks 0.067ms
[358.741s][info][gc,marking     ] GC(834) Concurrent Cleanup for Next Mark
[358.748s][info][gc,marking     ] GC(834) Concurrent Cleanup for Next Mark 7.433ms
[358.749s][info][gc             ] GC(834) Concurrent Mark Cycle 2389.165ms
[358.924s][info][gc,start       ] GC(840) Pause Young (Prepare Mixed) (G1 Evacuation Pause)
[358.924s][info][gc,task        ] GC(840) Using 2 workers of 2 for evacuation
[358.967s][info][gc,phases      ] GC(840)   Pre Evacuate Collection Set: 0.57ms
[358.967s][info][gc,phases      ] GC(840)   Merge Heap Roots: 0.44ms
[358.967s][info][gc,phases      ] GC(840)   Evacuate Collection Set: 41.82ms
[358.967s][info][gc,phases      ] GC(840)   Post Evacuate Collection Set: 0.65ms
[358.967s][info][gc,phases      ] GC(840)   Other: 0.10ms
[358.967s][info][gc,heap        ] GC(840) Eden regions: 233->0(242)
[358.967s][info][gc,heap        ] GC(840) Survivor regions: 20->8(32)
[358.967s][info][gc,heap        ] GC(840) Old regions: 648->663
[358.967s][info][gc,heap        ] GC(840) Humongous regions: 7->7
[358.967s][info][gc,metaspace   ] GC(840) Metaspace: 18826K(18944K)->18826K(18944K) NonClass: 16996K(17088K)->16996K(17088K) Class: 1829K(1856K)->1829K(1856K)
[358.967s][info][gc             ] GC(840) Pause Young (Prepare Mixed) (G1 Evacuation Pause) 906M->677M(978M) 43.844ms
[358.967s][info][gc,cpu         ] GC(840) User=0.09s Sys=0.00s Real=0.04s
[359.316s][info][gc,start       ] GC(841) Pause Young (Mixed) (G1 Evacuation Pause)
[359.316s][info][gc,task        ] GC(841) Using 2 workers of 2 for evacuation
[359.460s][info][gc,phases      ] GC(841)   Pre Evacuate Collection Set: 0.42ms
[359.460s][info][gc,phases      ] GC(841)   Merge Heap Roots: 2.05ms
[359.460s][info][gc,phases      ] GC(841)   Evacuate Collection Set: 137.56ms
[359.460s][info][gc,phases      ] GC(841)   Post Evacuate Collection Set: 3.97ms
[359.460s][info][gc,phases      ] GC(841)   Other: 0.10ms
[359.460s][info][gc,heap        ] GC(841) Eden regions: 242->0(237)
[359.460s][info][gc,heap        ] GC(841) Survivor regions: 8->14(32)
[359.460s][info][gc,heap        ] GC(841) Old regions: 663->656
[359.460s][info][gc,heap        ] GC(841) Humongous regions: 7->7
[359.460s][info][gc,metaspace   ] GC(841) Metaspace: 18826K(18944K)->18826K(18944K) NonClass: 16996K(17088K)->16996K(17088K) Class: 1829K(1856K)->1829K(1856K)
[359.460s][info][gc             ] GC(841) Pause Young (Mixed) (G1 Evacuation Pause) (Evacuation Failure: Allocation) 919M->676M(978M) 144.382ms
[359.460s][info][gc,cpu         ] GC(841) User=0.29s Sys=0.00s Real=0.14s
[359.818s][info][gc,start       ] GC(842) Pause Young (Mixed) (G1 Evacuation Pause)
[359.818s][info][gc,task        ] GC(842) Using 2 workers of 2 for evacuation
[359.969s][info][gc,phases      ] GC(842)   Pre Evacuate Collection Set: 0.59ms
[359.970s][info][gc,phases      ] GC(842)   Merge Heap Roots: 0.81ms
[359.970s][info][gc,phases      ] GC(842)   Evacuate Collection Set: 137.91ms
[359.970s][info][gc,phases      ] GC(842)   Post Evacuate Collection Set: 11.73ms
[359.970s][info][gc,phases      ] GC(842)   Other: 0.14ms
[359.970s][info][gc,heap        ] GC(842) Eden regions: 237->0(112)
[359.970s][info][gc,heap        ] GC(842) Survivor regions: 14->32(32)
[359.970s][info][gc,heap        ] GC(842) Old regions: 656->745
[359.970s][info][gc,heap        ] GC(842) Humongous regions: 7->7
[359.970s][info][gc,metaspace   ] GC(842) Metaspace: 18826K(18944K)->18826K(18944K) NonClass: 16997K(17088K)->16997K(17088K) Class: 1829K(1856K)->1829K(1856K)
[359.970s][info][gc             ] GC(842) Pause Young (Mixed) (G1 Evacuation Pause) (Evacuation Failure: Allocation) 913M->783M(978M) 151.488ms
[359.970s][info][gc,cpu         ] GC(842) User=0.29s Sys=0.00s Real=0.15s
[360.124s][info][gc,start       ] GC(843) Pause Young (Concurrent Start) (G1 Evacuation Pause)
[360.124s][info][gc,task        ] GC(843) Using 2 workers of 2 for evacuation
[360.209s][info][gc,phases      ] GC(843)   Pre Evacuate Collection Set: 0.46ms
[360.209s][info][gc,phases      ] GC(843)   Merge Heap Roots: 0.48ms
[360.209s][info][gc,phases      ] GC(843)   Evacuate Collection Set: 82.85ms
[360.209s][info][gc,phases      ] GC(843)   Post Evacuate Collection Set: 0.82ms
[360.209s][info][gc,phases      ] GC(843)   Other: 0.15ms
[360.209s][info][gc,heap        ] GC(843) Eden regions: 112->0(175)
[360.209s][info][gc,heap        ] GC(843) Survivor regions: 32->15(18)
[360.209s][info][gc,heap        ] GC(843) Old regions: 745->709
[360.209s][info][gc,heap        ] GC(843) Humongous regions: 7->7
[360.209s][info][gc,metaspace   ] GC(843) Metaspace: 18826K(18944K)->18826K(18944K) NonClass: 16997K(17088K)->16997K(17088K) Class: 1829K(1856K)->1829K(1856K)
[360.209s][info][gc             ] GC(843) Pause Young (Concurrent Start) (G1 Evacuation Pause) 895M->730M(978M) 85.060ms
[360.209s][info][gc             ] GC(844) Concurrent Mark Cycle
[360.209s][info][gc,marking     ] GC(844) Concurrent Scan Root Regions
[360.209s][info][gc,cpu         ] GC(843) User=0.17s Sys=0.00s Real=0.08s
[360.311s][info][gc,marking     ] GC(844) Concurrent Scan Root Regions 101.198ms
[360.311s][info][gc,marking     ] GC(844) Concurrent Mark
[360.311s][info][gc,marking     ] GC(844) Concurrent Mark From Roots
[360.311s][info][gc,task        ] GC(844) Using 1 workers of 1 for marking
[360.534s][info][gc,start       ] GC(845) Pause Young (Normal) (G1 Evacuation Pause)
[360.535s][info][gc,task        ] GC(845) Using 2 workers of 2 for evacuation
[360.562s][info][gc,phases      ] GC(845)   Pre Evacuate Collection Set: 0.37ms
[360.562s][info][gc,phases      ] GC(845)   Merge Heap Roots: 0.27ms
[360.562s][info][gc,phases      ] GC(845)   Evacuate Collection Set: 26.38ms
[360.562s][info][gc,phases      ] GC(845)   Post Evacuate Collection Set: 0.48ms
[360.562s][info][gc,phases      ] GC(845)   Other: 0.17ms
[360.562s][info][gc,heap        ] GC(845) Eden regions: 175->0(182)
[360.562s][info][gc,heap        ] GC(845) Survivor regions: 15->3(24)
[360.562s][info][gc,heap        ] GC(845) Old regions: 709->723
[360.562s][info][gc,heap        ] GC(845) Humongous regions: 7->7
[360.562s][info][gc,metaspace   ] GC(845) Metaspace: 18826K(18944K)->18826K(18944K) NonClass: 16997K(17088K)->16997K(17088K) Class: 1829K(1856K)->1829K(1856K)
[360.563s][info][gc             ] GC(845) Pause Young (Normal) (G1 Evacuation Pause) 905M->732M(978M) 28.087ms
[360.563s][info][gc,cpu         ] GC(845) User=0.06s Sys=0.00s Real=0.03s
[361.206s][info][gc,start       ] GC(846) Pause Young (Normal) (G1 Evacuation Pause)
[361.207s][info][gc,task        ] GC(846) Using 2 workers of 2 for evacuation
[361.215s][info][gc,phases      ] GC(846)   Pre Evacuate Collection Set: 0.39ms
[361.215s][info][gc,phases      ] GC(846)   Merge Heap Roots: 0.20ms
[361.215s][info][gc,phases      ] GC(846)   Evacuate Collection Set: 7.55ms
[361.216s][info][gc,phases      ] GC(846)   Post Evacuate Collection Set: 0.54ms
[361.216s][info][gc,phases      ] GC(846)   Other: 0.17ms
[361.216s][info][gc,heap        ] GC(846) Eden regions: 182->0(190)
[361.216s][info][gc,heap        ] GC(846) Survivor regions: 3->3(24)
[361.216s][info][gc,heap        ] GC(846) Old regions: 723->723
[361.216s][info][gc,heap        ] GC(846) Humongous regions: 7->7
[361.216s][info][gc,metaspace   ] GC(846) Metaspace: 18826K(18944K)->18826K(18944K) NonClass: 16997K(17088K)->16997K(17088K) Class: 1829K(1856K)->1829K(1856K)
[361.216s][info][gc             ] GC(846) Pause Young (Normal) (G1 Evacuation Pause) 914M->732M(978M) 9.373ms
[361.216s][info][gc,cpu         ] GC(846) User=0.02s Sys=0.00s Real=0.01s
[361.749s][info][gc,start       ] GC(847) Pause Young (Normal) (G1 Evacuation Pause)
[361.749s][info][gc,task        ] GC(847) Using 2 workers of 2 for evacuation
[361.759s][info][gc,phases      ] GC(847)   Pre Evacuate Collection Set: 0.58ms
[361.759s][info][gc,phases      ] GC(847)   Merge Heap Roots: 0.21ms
[361.759s][info][gc,phases      ] GC(847)   Evacuate Collection Set: 9.08ms
[361.759s][info][gc,phases      ] GC(847)   Post Evacuate Collection Set: 0.49ms
[361.759s][info][gc,phases      ] GC(847)   Other: 0.09ms
[361.759s][info][gc,heap        ] GC(847) Eden regions: 190->0(188)
[361.759s][info][gc,heap        ] GC(847) Survivor regions: 3->5(25)
[361.759s][info][gc,heap        ] GC(847) Old regions: 723->723
[361.759s][info][gc,heap        ] GC(847) Humongous regions: 7->7
[361.759s][info][gc,metaspace   ] GC(847) Metaspace: 18827K(18944K)->18827K(18944K) NonClass: 16997K(17088K)->16997K(17088K) Class: 1829K(1856K)->1829K(1856K)
[361.759s][info][gc             ] GC(847) Pause Young (Normal) (G1 Evacuation Pause) 922M->733M(978M) 10.702ms
[361.759s][info][gc,cpu         ] GC(847) User=0.02s Sys=0.00s Real=0.01s
[361.979s][info][gc,start       ] GC(848) Pause Young (Normal) (G1 Evacuation Pause)
[361.980s][info][gc,task        ] GC(848) Using 2 workers of 2 for evacuation
[361.992s][info][gc,phases      ] GC(848)   Pre Evacuate Collection Set: 0.32ms
[361.992s][info][gc,phases      ] GC(848)   Merge Heap Roots: 0.20ms
[361.992s][info][gc,phases      ] GC(848)   Evacuate Collection Set: 11.48ms
[361.992s][info][gc,phases      ] GC(848)   Post Evacuate Collection Set: 0.48ms
[361.992s][info][gc,phases      ] GC(848)   Other: 0.11ms
[361.992s][info][gc,heap        ] GC(848) Eden regions: 188->0(186)
[361.992s][info][gc,heap        ] GC(848) Survivor regions: 5->6(25)
[361.992s][info][gc,heap        ] GC(848) Old regions: 723->723
[361.992s][info][gc,heap        ] GC(848) Humongous regions: 7->7
[361.992s][info][gc,metaspace   ] GC(848) Metaspace: 18827K(18944K)->18827K(18944K) NonClass: 16997K(17088K)->16997K(17088K) Class: 1829K(1856K)->1829K(1856K)
[361.992s][info][gc             ] GC(848) Pause Young (Normal) (G1 Evacuation Pause) 921M->735M(978M) 12.829ms
[361.992s][info][gc,cpu         ] GC(848) User=0.03s Sys=0.00s Real=0.02s
[362.628s][info][gc,marking     ] GC(844) Concurrent Mark From Roots 2317.775ms
[362.628s][info][gc,marking     ] GC(844) Concurrent Preclean
[362.629s][info][gc,marking     ] GC(844) Concurrent Preclean 0.039ms
[362.629s][info][gc,start       ] GC(844) Pause Remark
[362.638s][info][gc             ] GC(844) Pause Remark 857M->857M(978M) 9.475ms
[362.638s][info][gc,cpu         ] GC(844) User=0.02s Sys=0.00s Real=0.01s
[362.638s][info][gc,marking     ] GC(844) Concurrent Mark 2327.658ms
[362.638s][info][gc,marking     ] GC(844) Concurrent Rebuild Remembered Sets and Scrub Regions
[362.823s][info][gc,start       ] GC(849) Pause Young (Normal) (G1 Evacuation Pause)
[362.823s][info][gc,task        ] GC(849) Using 2 workers of 2 for evacuation
[362.883s][info][gc,phases      ] GC(849)   Pre Evacuate Collection Set: 0.32ms
[362.883s][info][gc,phases      ] GC(849)   Merge Heap Roots: 0.50ms
[362.883s][info][gc,phases      ] GC(849)   Evacuate Collection Set: 58.54ms
[362.883s][info][gc,phases      ] GC(849)   Post Evacuate Collection Set: 0.66ms
[362.883s][info][gc,phases      ] GC(849)   Other: 0.09ms
[362.883s][info][gc,heap        ] GC(849) Eden regions: 186->0(140)
[362.883s][info][gc,heap        ] GC(849) Survivor regions: 6->24(24)
[362.883s][info][gc,heap        ] GC(849) Old regions: 723->730
[362.883s][info][gc,heap        ] GC(849) Humongous regions: 10->10
[362.883s][info][gc,metaspace   ] GC(849) Metaspace: 18834K(18944K)->18834K(18944K) NonClass: 17004K(17088K)->17004K(17088K) Class: 1829K(1856K)->1829K(1856K)
[362.883s][info][gc             ] GC(849) Pause Young (Normal) (G1 Evacuation Pause) 924M->763M(978M) 60.388ms
[362.883s][info][gc,cpu         ] GC(849) User=0.11s Sys=0.00s Real=0.06s
[363.141s][info][gc,start       ] GC(850) Pause Young (Normal) (G1 Evacuation Pause)
[363.141s][info][gc,task        ] GC(850) Using 2 workers of 2 for evacuation
[363.211s][info][gc,phases      ] GC(850)   Pre Evacuate Collection Set: 0.56ms
[363.211s][info][gc,phases      ] GC(850)   Merge Heap Roots: 0.50ms
[363.211s][info][gc,phases      ] GC(850)   Evacuate Collection Set: 68.46ms
[363.211s][info][gc,phases      ] GC(850)   Post Evacuate Collection Set: 0.49ms
[363.211s][info][gc,phases      ] GC(850)   Other: 0.12ms
[363.211s][info][gc,heap        ] GC(850) Eden regions: 140->0(122)
[363.211s][info][gc,heap        ] GC(850) Survivor regions: 24->21(21)
[363.211s][info][gc,heap        ] GC(850) Old regions: 730->754
[363.211s][info][gc,heap        ] GC(850) Humongous regions: 10->10
[363.211s][info][gc,metaspace   ] GC(850) Metaspace: 18834K(18944K)->18834K(18944K) NonClass: 17004K(17088K)->17004K(17088K) Class: 1829K(1856K)->1829K(1856K)
[363.211s][info][gc             ] GC(850) Pause Young (Normal) (G1 Evacuation Pause) 903M->784M(978M) 70.467ms
[363.212s][info][gc,cpu         ] GC(850) User=0.14s Sys=0.00s Real=0.07s
[363.448s][info][gc,marking     ] GC(844) Concurrent Rebuild Remembered Sets and Scrub Regions 809.422ms
[363.448s][info][gc,start       ] GC(844) Pause Cleanup
[363.448s][info][gc             ] GC(844) Pause Cleanup 891M->891M(978M) 0.153ms
[363.448s][info][gc,cpu         ] GC(844) User=0.00s Sys=0.00s Real=0.00s
[363.450s][info][gc,marking     ] GC(844) Concurrent Clear Claimed Marks
[363.450s][info][gc,marking     ] GC(844) Concurrent Clear Claimed Marks 0.069ms
[363.450s][info][gc,marking     ] GC(844) Concurrent Cleanup for Next Mark
[363.457s][info][gc,marking     ] GC(844) Concurrent Cleanup for Next Mark 6.951ms
[363.458s][info][gc             ] GC(844) Concurrent Mark Cycle 3248.186ms
[363.461s][info][gc,start       ] GC(851) Pause Young (Prepare Mixed) (G1 Evacuation Pause)
[363.461s][info][gc,task        ] GC(851) Using 2 workers of 2 for evacuation
[363.497s][info][gc,phases      ] GC(851)   Pre Evacuate Collection Set: 0.57ms
[363.497s][info][gc,phases      ] GC(851)   Merge Heap Roots: 0.23ms
[363.497s][info][gc,phases      ] GC(851)   Evacuate Collection Set: 35.21ms
[363.497s][info][gc,phases      ] GC(851)   Post Evacuate Collection Set: 0.45ms
[363.497s][info][gc,phases      ] GC(851)   Other: 0.08ms
[363.497s][info][gc,heap        ] GC(851) Eden regions: 122->0(127)
[363.497s][info][gc,heap        ] GC(851) Survivor regions: 21->8(18)
[363.497s][info][gc,heap        ] GC(851) Old regions: 754->775
[363.497s][info][gc,heap        ] GC(851) Humongous regions: 10->10
[363.497s][info][gc,metaspace   ] GC(851) Metaspace: 18834K(18944K)->18834K(18944K) NonClass: 17004K(17088K)->17004K(17088K) Class: 1829K(1856K)->1829K(1856K)
[363.497s][info][gc             ] GC(851) Pause Young (Prepare Mixed) (G1 Evacuation Pause) 906M->792M(978M) 36.797ms
[363.497s][info][gc,cpu         ] GC(851) User=0.07s Sys=0.00s Real=0.03s
[363.669s][info][gc,start       ] GC(852) Pause Young (Mixed) (G1 Evacuation Pause)
[363.669s][info][gc,task        ] GC(852) Using 2 workers of 2 for evacuation
[363.709s][info][gc,phases      ] GC(852)   Pre Evacuate Collection Set: 0.34ms
[363.709s][info][gc,phases      ] GC(852)   Merge Heap Roots: 0.39ms
[363.709s][info][gc,phases      ] GC(852)   Evacuate Collection Set: 37.75ms
[363.709s][info][gc,phases      ] GC(852)   Post Evacuate Collection Set: 0.46ms
[363.709s][info][gc,phases      ] GC(852)   Other: 0.13ms
[363.709s][info][gc,heap        ] GC(852) Eden regions: 127->0(130)
[363.709s][info][gc,heap        ] GC(852) Survivor regions: 8->10(17)
[363.709s][info][gc,heap        ] GC(852) Old regions: 775->768
[363.709s][info][gc,heap        ] GC(852) Humongous regions: 10->10
[363.709s][info][gc,metaspace   ] GC(852) Metaspace: 18834K(18944K)->18834K(18944K) NonClass: 17004K(17088K)->17004K(17088K) Class: 1829K(1856K)->1829K(1856K)
[363.709s][info][gc             ] GC(852) Pause Young (Mixed) (G1 Evacuation Pause) 919M->787M(978M) 39.442ms
[363.709s][info][gc,cpu         ] GC(852) User=0.08s Sys=0.00s Real=0.04s
[363.888s][info][gc,start       ] GC(853) Pause Young (Concurrent Start) (G1 Evacuation Pause)
[363.888s][info][gc,task        ] GC(853) Using 2 workers of 2 for evacuation
[363.915s][info][gc,phases      ] GC(853)   Pre Evacuate Collection Set: 0.36ms
[363.915s][info][gc,phases      ] GC(853)   Merge Heap Roots: 0.30ms
[363.915s][info][gc,phases      ] GC(853)   Evacuate Collection Set: 25.21ms
[363.915s][info][gc,phases      ] GC(853)   Post Evacuate Collection Set: 0.48ms
[363.915s][info][gc,phases      ] GC(853)   Other: 0.15ms
[363.915s][info][gc,heap        ] GC(853) Eden regions: 130->0(128)
[363.915s][info][gc,heap        ] GC(853) Survivor regions: 10->7(18)
[363.915s][info][gc,heap        ] GC(853) Old regions: 768->776
[363.915s][info][gc,heap        ] GC(853) Humongous regions: 10->10
[363.915s][info][gc,metaspace   ] GC(853) Metaspace: 18834K(18944K)->18834K(18944K) NonClass: 17005K(17088K)->17005K(17088K) Class: 1829K(1856K)->1829K(1856K)
[363.915s][info][gc             ] GC(853) Pause Young (Concurrent Start) (G1 Evacuation Pause) 917M->791M(978M) 26.788ms
[363.915s][info][gc,cpu         ] GC(853) User=0.05s Sys=0.00s Real=0.03s
[363.915s][info][gc             ] GC(854) Concurrent Mark Cycle
[363.915s][info][gc,marking     ] GC(854) Concurrent Scan Root Regions
[363.950s][info][gc,marking     ] GC(854) Concurrent Scan Root Regions 35.521ms
[363.950s][info][gc,marking     ] GC(854) Concurrent Mark
[363.950s][info][gc,marking     ] GC(854) Concurrent Mark From Roots
[363.951s][info][gc,task        ] GC(854) Using 1 workers of 1 for marking
[364.071s][info][gc,start       ] GC(855) Pause Young (Normal) (G1 Evacuation Pause)
[364.071s][info][gc,task        ] GC(855) Using 2 workers of 2 for evacuation
[364.081s][info][gc,phases      ] GC(855)   Pre Evacuate Collection Set: 0.35ms
[364.081s][info][gc,phases      ] GC(855)   Merge Heap Roots: 0.14ms
[364.081s][info][gc,phases      ] GC(855)   Evacuate Collection Set: 8.80ms
[364.081s][info][gc,phases      ] GC(855)   Post Evacuate Collection Set: 0.41ms
[364.081s][info][gc,phases      ] GC(855)   Other: 0.11ms
[364.081s][info][gc,heap        ] GC(855) Eden regions: 128->0(130)
[364.081s][info][gc,heap        ] GC(855) Survivor regions: 7->6(17)
[364.081s][info][gc,heap        ] GC(855) Old regions: 776->776
[364.081s][info][gc,heap        ] GC(855) Humongous regions: 10->10
[364.081s][info][gc,metaspace   ] GC(855) Metaspace: 18834K(18944K)->18834K(18944K) NonClass: 17005K(17088K)->17005K(17088K) Class: 1829K(1856K)->1829K(1856K)
[364.081s][info][gc             ] GC(855) Pause Young (Normal) (G1 Evacuation Pause) 919M->791M(978M) 10.075ms
[364.081s][info][gc,cpu         ] GC(855) User=0.02s Sys=0.00s Real=0.01s
[364.267s][info][gc,start       ] GC(856) Pause Young (Normal) (G1 Evacuation Pause)
[364.267s][info][gc,task        ] GC(856) Using 2 workers of 2 for evacuation
[364.277s][info][gc,phases      ] GC(856)   Pre Evacuate Collection Set: 0.35ms
[364.277s][info][gc,phases      ] GC(856)   Merge Heap Roots: 0.14ms
[364.277s][info][gc,phases      ] GC(856)   Evacuate Collection Set: 9.22ms
[364.277s][info][gc,phases      ] GC(856)   Post Evacuate Collection Set: 0.42ms
[364.277s][info][gc,phases      ] GC(856)   Other: 0.12ms
[364.278s][info][gc,heap        ] GC(856) Eden regions: 130->0(128)
[364.278s][info][gc,heap        ] GC(856) Survivor regions: 6->7(17)
[364.278s][info][gc,heap        ] GC(856) Old regions: 776->776
[364.278s][info][gc,heap        ] GC(856) Humongous regions: 10->10
[364.278s][info][gc,metaspace   ] GC(856) Metaspace: 18834K(18944K)->18834K(18944K) NonClass: 17005K(17088K)->17005K(17088K) Class: 1829K(1856K)->1829K(1856K)
[364.278s][info][gc             ] GC(856) Pause Young (Normal) (G1 Evacuation Pause) 921M->791M(978M) 10.586ms
[364.278s][info][gc,cpu         ] GC(856) User=0.02s Sys=0.00s Real=0.01s
[364.685s][info][gc,start       ] GC(857) Pause Young (Normal) (G1 Evacuation Pause)
[364.685s][info][gc,task        ] GC(857) Using 2 workers of 2 for evacuation
[364.705s][info][gc,phases      ] GC(857)   Pre Evacuate Collection Set: 0.33ms
[364.705s][info][gc,phases      ] GC(857)   Merge Heap Roots: 0.16ms
[364.705s][info][gc,phases      ] GC(857)   Evacuate Collection Set: 19.24ms
[364.705s][info][gc,phases      ] GC(857)   Post Evacuate Collection Set: 0.45ms
[364.705s][info][gc,phases      ] GC(857)   Other: 0.14ms
[364.705s][info][gc,heap        ] GC(857) Eden regions: 128->0(114)
[364.705s][info][gc,heap        ] GC(857) Survivor regions: 7->14(17)
[364.705s][info][gc,heap        ] GC(857) Old regions: 776->776
[364.705s][info][gc,heap        ] GC(857) Humongous regions: 10->10
[364.705s][info][gc,metaspace   ] GC(857) Metaspace: 18834K(18944K)->18834K(18944K) NonClass: 17005K(17088K)->17005K(17088K) Class: 1829K(1856K)->1829K(1856K)
[364.705s][info][gc             ] GC(857) Pause Young (Normal) (G1 Evacuation Pause) 919M->799M(978M) 20.666ms
[364.705s][info][gc,cpu         ] GC(857) User=0.04s Sys=0.00s Real=0.02s
[365.010s][info][gc,start       ] GC(858) Pause Young (Normal) (G1 Evacuation Pause)
[365.010s][info][gc,task        ] GC(858) Using 2 workers of 2 for evacuation
[365.030s][info][gc,phases      ] GC(858)   Pre Evacuate Collection Set: 0.32ms
[365.030s][info][gc,phases      ] GC(858)   Merge Heap Roots: 0.20ms
[365.030s][info][gc,phases      ] GC(858)   Evacuate Collection Set: 19.53ms
[365.030s][info][gc,phases      ] GC(858)   Post Evacuate Collection Set: 0.40ms
[365.030s][info][gc,phases      ] GC(858)   Other: 0.11ms
[365.030s][info][gc,heap        ] GC(858) Eden regions: 114->0(118)
[365.030s][info][gc,heap        ] GC(858) Survivor regions: 14->9(16)
[365.030s][info][gc,heap        ] GC(858) Old regions: 776->782
[365.030s][info][gc,heap        ] GC(858) Humongous regions: 10->10
[365.030s][info][gc,metaspace   ] GC(858) Metaspace: 18834K(18944K)->18834K(18944K) NonClass: 17005K(17088K)->17005K(17088K) Class: 1829K(1856K)->1829K(1856K)
[365.030s][info][gc             ] GC(858) Pause Young (Normal) (G1 Evacuation Pause) 913M->799M(978M) 20.868ms
[365.030s][info][gc,cpu         ] GC(858) User=0.04s Sys=0.00s Real=0.03s
[365.494s][info][gc,start       ] GC(859) Pause Young (Normal) (G1 Evacuation Pause)
[365.494s][info][gc,task        ] GC(859) Using 2 workers of 2 for evacuation
[365.525s][info][gc,phases      ] GC(859)   Pre Evacuate Collection Set: 0.33ms
[365.525s][info][gc,phases      ] GC(859)   Merge Heap Roots: 0.18ms
[365.525s][info][gc,phases      ] GC(859)   Evacuate Collection Set: 30.38ms
[365.525s][info][gc,phases      ] GC(859)   Post Evacuate Collection Set: 0.44ms
[365.525s][info][gc,phases      ] GC(859)   Other: 0.10ms
[365.525s][info][gc,heap        ] GC(859) Eden regions: 118->0(98)
[365.525s][info][gc,heap        ] GC(859) Survivor regions: 9->16(16)
[365.525s][info][gc,heap        ] GC(859) Old regions: 782->788
[365.525s][info][gc,heap        ] GC(859) Humongous regions: 10->10
[365.526s][info][gc,metaspace   ] GC(859) Metaspace: 18835K(18944K)->18835K(18944K) NonClass: 17005K(17088K)->17005K(17088K) Class: 1829K(1856K)->1829K(1856K)
[365.526s][info][gc             ] GC(859) Pause Young (Normal) (G1 Evacuation Pause) 917M->813M(978M) 31.698ms
[365.526s][info][gc,cpu         ] GC(859) User=0.06s Sys=0.00s Real=0.03s
[365.898s][info][gc,start       ] GC(860) Pause Young (Normal) (G1 Evacuation Pause)
[365.898s][info][gc,task        ] GC(860) Using 2 workers of 2 for evacuation
[365.928s][info][gc,phases      ] GC(860)   Pre Evacuate Collection Set: 0.31ms
[365.928s][info][gc,phases      ] GC(860)   Merge Heap Roots: 0.16ms
[365.928s][info][gc,phases      ] GC(860)   Evacuate Collection Set: 29.63ms
[365.928s][info][gc,phases      ] GC(860)   Post Evacuate Collection Set: 0.43ms
[365.928s][info][gc,phases      ] GC(860)   Other: 0.09ms
[365.928s][info][gc,heap        ] GC(860) Eden regions: 98->0(95)
[365.928s][info][gc,heap        ] GC(860) Survivor regions: 16->9(15)
[365.928s][info][gc,heap        ] GC(860) Old regions: 788->805
[365.928s][info][gc,heap        ] GC(860) Humongous regions: 10->10
[365.929s][info][gc,metaspace   ] GC(860) Metaspace: 18835K(18944K)->18835K(18944K) NonClass: 17005K(17088K)->17005K(17088K) Class: 1829K(1856K)->1829K(1856K)
[365.929s][info][gc             ] GC(860) Pause Young (Normal) (G1 Evacuation Pause) 911M->822M(978M) 31.050ms
[365.929s][info][gc,cpu         ] GC(860) User=0.06s Sys=0.00s Real=0.03s
[366.280s][info][gc,start       ] GC(861) Pause Young (Normal) (G1 Evacuation Pause)
[366.280s][info][gc,task        ] GC(861) Using 2 workers of 2 for evacuation
[366.290s][info][gc,phases      ] GC(861)   Pre Evacuate Collection Set: 0.33ms
[366.290s][info][gc,phases      ] GC(861)   Merge Heap Roots: 0.10ms
[366.290s][info][gc,phases      ] GC(861)   Evacuate Collection Set: 9.02ms
[366.290s][info][gc,phases      ] GC(861)   Post Evacuate Collection Set: 0.36ms
[366.290s][info][gc,phases      ] GC(861)   Other: 0.12ms
[366.290s][info][gc,heap        ] GC(861) Eden regions: 95->0(103)
[366.290s][info][gc,heap        ] GC(861) Survivor regions: 9->1(13)
[366.290s][info][gc,heap        ] GC(861) Old regions: 805->813
[366.290s][info][gc,heap        ] GC(861) Humongous regions: 10->10
[366.290s][info][gc,metaspace   ] GC(861) Metaspace: 18835K(18944K)->18835K(18944K) NonClass: 17005K(17088K)->17005K(17088K) Class: 1829K(1856K)->1829K(1856K)
[366.290s][info][gc             ] GC(861) Pause Young (Normal) (G1 Evacuation Pause) 917M->823M(978M) 10.213ms
[366.290s][info][gc,cpu         ] GC(861) User=0.02s Sys=0.00s Real=0.01s
[366.810s][info][gc,marking     ] GC(854) Concurrent Mark From Roots 2859.932ms
[366.811s][info][gc,marking     ] GC(854) Concurrent Preclean
[366.811s][info][gc,marking     ] GC(854) Concurrent Preclean 0.037ms
[366.811s][info][gc,start       ] GC(854) Pause Remark
[366.819s][info][gc             ] GC(854) Pause Remark 911M->910M(978M) 8.731ms
[366.820s][info][gc,cpu         ] GC(854) User=0.01s Sys=0.00s Real=0.00s
[366.820s][info][gc,marking     ] GC(854) Concurrent Mark 2869.873ms
[366.820s][info][gc,marking     ] GC(854) Concurrent Rebuild Remembered Sets and Scrub Regions
[366.903s][info][gc,start       ] GC(862) Pause Young (Normal) (G1 Evacuation Pause)
[366.903s][info][gc,task        ] GC(862) Using 2 workers of 2 for evacuation
[366.905s][info][gc,phases      ] GC(862)   Pre Evacuate Collection Set: 0.31ms
[366.905s][info][gc,phases      ] GC(862)   Merge Heap Roots: 0.06ms
[366.905s][info][gc,phases      ] GC(862)   Evacuate Collection Set: 0.38ms
[366.905s][info][gc,phases      ] GC(862)   Post Evacuate Collection Set: 0.31ms
[366.905s][info][gc,phases      ] GC(862)   Other: 0.08ms
[366.905s][info][gc,heap        ] GC(862) Eden regions: 103->0(104)
[366.905s][info][gc,heap        ] GC(862) Survivor regions: 1->1(13)
[366.905s][info][gc,heap        ] GC(862) Old regions: 813->813
[366.905s][info][gc,heap        ] GC(862) Humongous regions: 9->9
[366.905s][info][gc,metaspace   ] GC(862) Metaspace: 18835K(18944K)->18835K(18944K) NonClass: 17005K(17088K)->17005K(17088K) Class: 1829K(1856K)->1829K(1856K)
[366.905s][info][gc             ] GC(862) Pause Young (Normal) (G1 Evacuation Pause) 925M->821M(978M) 1.374ms
[366.905s][info][gc,cpu         ] GC(862) User=0.00s Sys=0.00s Real=0.00s
[367.334s][info][gc,start       ] GC(863) Pause Young (Normal) (G1 Evacuation Pause)
[367.334s][info][gc,task        ] GC(863) Using 2 workers of 2 for evacuation
[367.335s][info][gc,phases      ] GC(863)   Pre Evacuate Collection Set: 0.35ms
[367.335s][info][gc,phases      ] GC(863)   Merge Heap Roots: 0.06ms
[367.335s][info][gc,phases      ] GC(863)   Evacuate Collection Set: 0.37ms
[367.335s][info][gc,phases      ] GC(863)   Post Evacuate Collection Set: 0.34ms
[367.335s][info][gc,phases      ] GC(863)   Other: 0.09ms
[367.335s][info][gc,heap        ] GC(863) Eden regions: 104->0(104)
[367.335s][info][gc,heap        ] GC(863) Survivor regions: 1->1(14)
[367.335s][info][gc,heap        ] GC(863) Old regions: 813->813
[367.335s][info][gc,heap        ] GC(863) Humongous regions: 9->9
[367.336s][info][gc,metaspace   ] GC(863) Metaspace: 18835K(18944K)->18835K(18944K) NonClass: 17005K(17088K)->17005K(17088K) Class: 1829K(1856K)->1829K(1856K)
[367.336s][info][gc             ] GC(863) Pause Young (Normal) (G1 Evacuation Pause) 925M->821M(978M) 1.484ms
[367.336s][info][gc,cpu         ] GC(863) User=0.00s Sys=0.00s Real=0.00s
[367.648s][info][gc,marking     ] GC(854) Concurrent Rebuild Remembered Sets and Scrub Regions 827.637ms
[367.650s][info][gc,start       ] GC(854) Pause Cleanup
[367.650s][info][gc             ] GC(854) Pause Cleanup 856M->856M(978M) 0.163ms
[367.650s][info][gc,cpu         ] GC(854) User=0.00s Sys=0.00s Real=0.00s
[367.650s][info][gc,marking     ] GC(854) Concurrent Clear Claimed Marks
[367.650s][info][gc,marking     ] GC(854) Concurrent Clear Claimed Marks 0.059ms
[367.650s][info][gc,marking     ] GC(854) Concurrent Cleanup for Next Mark
[367.655s][info][gc,marking     ] GC(854) Concurrent Cleanup for Next Mark 5.052ms
[367.655s][info][gc             ] GC(854) Concurrent Mark Cycle 3740.110ms
[368.393s][info][gc,start       ] GC(864) Pause Young (Prepare Mixed) (G1 Evacuation Pause)
[368.393s][info][gc,task        ] GC(864) Using 2 workers of 2 for evacuation
[368.396s][info][gc,phases      ] GC(864)   Pre Evacuate Collection Set: 0.57ms
[368.396s][info][gc,phases      ] GC(864)   Merge Heap Roots: 0.10ms
[368.396s][info][gc,phases      ] GC(864)   Evacuate Collection Set: 1.43ms
[368.396s][info][gc,phases      ] GC(864)   Post Evacuate Collection Set: 0.43ms
[368.396s][info][gc,phases      ] GC(864)   Other: 0.15ms
[368.396s][info][gc,heap        ] GC(864) Eden regions: 104->0(104)
[368.396s][info][gc,heap        ] GC(864) Survivor regions: 1->1(14)
[368.396s][info][gc,heap        ] GC(864) Old regions: 813->813
[368.396s][info][gc,heap        ] GC(864) Humongous regions: 9->9
[368.396s][info][gc,metaspace   ] GC(864) Metaspace: 18835K(18944K)->18835K(18944K) NonClass: 17005K(17088K)->17005K(17088K) Class: 1829K(1856K)->1829K(1856K)
[368.396s][info][gc             ] GC(864) Pause Young (Prepare Mixed) (G1 Evacuation Pause) 925M->822M(978M) 2.969ms
[368.396s][info][gc,cpu         ] GC(864) User=0.01s Sys=0.00s Real=0.00s
[369.056s][info][gc,start       ] GC(865) Pause Young (Mixed) (G1 Evacuation Pause)
[369.056s][info][gc,task        ] GC(865) Using 2 workers of 2 for evacuation
[369.080s][info][gc,phases      ] GC(865)   Pre Evacuate Collection Set: 0.37ms
[369.080s][info][gc,phases      ] GC(865)   Merge Heap Roots: 0.41ms
[369.080s][info][gc,phases      ] GC(865)   Evacuate Collection Set: 22.16ms
[369.080s][info][gc,phases      ] GC(865)   Post Evacuate Collection Set: 0.40ms
[369.080s][info][gc,phases      ] GC(865)   Other: 0.09ms
[369.080s][info][gc,heap        ] GC(865) Eden regions: 104->0(112)
[369.080s][info][gc,heap        ] GC(865) Survivor regions: 1->1(14)
[369.080s][info][gc,heap        ] GC(865) Old regions: 813->805
[369.080s][info][gc,heap        ] GC(865) Humongous regions: 9->9
[369.080s][info][gc,metaspace   ] GC(865) Metaspace: 18835K(18944K)->18835K(18944K) NonClass: 17005K(17088K)->17005K(17088K) Class: 1829K(1856K)->1829K(1856K)
[369.080s][info][gc             ] GC(865) Pause Young (Mixed) (G1 Evacuation Pause) 926M->814M(978M) 23.703ms
[369.080s][info][gc,cpu         ] GC(865) User=0.05s Sys=0.00s Real=0.02s
[369.745s][info][gc,start       ] GC(866) Pause Young (Concurrent Start) (G1 Evacuation Pause)
[369.745s][info][gc,task        ] GC(866) Using 2 workers of 2 for evacuation
[369.750s][info][gc,phases      ] GC(866)   Pre Evacuate Collection Set: 0.42ms
[369.751s][info][gc,phases      ] GC(866)   Merge Heap Roots: 0.11ms
[369.751s][info][gc,phases      ] GC(866)   Evacuate Collection Set: 4.31ms
[369.751s][info][gc,phases      ] GC(866)   Post Evacuate Collection Set: 0.45ms
[369.751s][info][gc,phases      ] GC(866)   Other: 0.26ms
[369.751s][info][gc,heap        ] GC(866) Eden regions: 112->0(108)
[369.751s][info][gc,heap        ] GC(866) Survivor regions: 1->3(15)
[369.751s][info][gc,heap        ] GC(866) Old regions: 805->805
[369.751s][info][gc,heap        ] GC(866) Humongous regions: 9->9
[369.751s][info][gc,metaspace   ] GC(866) Metaspace: 18836K(18944K)->18836K(18944K) NonClass: 17007K(17088K)->17007K(17088K) Class: 1829K(1856K)->1829K(1856K)
[369.751s][info][gc             ] GC(866) Pause Young (Concurrent Start) (G1 Evacuation Pause) 926M->816M(978M) 5.850ms
[369.751s][info][gc             ] GC(867) Concurrent Mark Cycle
[369.751s][info][gc,marking     ] GC(867) Concurrent Scan Root Regions
[369.751s][info][gc,cpu         ] GC(866) User=0.01s Sys=0.00s Real=0.01s
[369.756s][info][gc,marking     ] GC(867) Concurrent Scan Root Regions 5.472ms
[369.756s][info][gc,marking     ] GC(867) Concurrent Mark
[369.756s][info][gc,marking     ] GC(867) Concurrent Mark From Roots
[369.756s][info][gc,task        ] GC(867) Using 1 workers of 1 for marking
[370.138s][info][gc,start       ] GC(868) Pause Young (Normal) (G1 Evacuation Pause)
[370.138s][info][gc,task        ] GC(868) Using 2 workers of 2 for evacuation
[370.144s][info][gc,phases      ] GC(868)   Pre Evacuate Collection Set: 0.59ms
[370.144s][info][gc,phases      ] GC(868)   Merge Heap Roots: 0.11ms
[370.144s][info][gc,phases      ] GC(868)   Evacuate Collection Set: 5.22ms
[370.144s][info][gc,phases      ] GC(868)   Post Evacuate Collection Set: 0.45ms
[370.144s][info][gc,phases      ] GC(868)   Other: 0.08ms
[370.144s][info][gc,heap        ] GC(868) Eden regions: 108->0(108)
[370.144s][info][gc,heap        ] GC(868) Survivor regions: 3->3(14)
[370.144s][info][gc,heap        ] GC(868) Old regions: 805->805
[370.144s][info][gc,heap        ] GC(868) Humongous regions: 9->9
[370.144s][info][gc,metaspace   ] GC(868) Metaspace: 18852K(18944K)->18852K(18944K) NonClass: 17023K(17088K)->17023K(17088K) Class: 1829K(1856K)->1829K(1856K)
[370.144s][info][gc             ] GC(868) Pause Young (Normal) (G1 Evacuation Pause) 924M->816M(978M) 6.702ms
[370.144s][info][gc,cpu         ] GC(868) User=0.01s Sys=0.00s Real=0.01s
[370.468s][info][gc,start       ] GC(869) Pause Young (Normal) (G1 Evacuation Pause)
[370.468s][info][gc,task        ] GC(869) Using 2 workers of 2 for evacuation
[370.473s][info][gc,phases      ] GC(869)   Pre Evacuate Collection Set: 0.58ms
[370.473s][info][gc,phases      ] GC(869)   Merge Heap Roots: 0.11ms
[370.474s][info][gc,phases      ] GC(869)   Evacuate Collection Set: 4.24ms
[370.474s][info][gc,phases      ] GC(869)   Post Evacuate Collection Set: 0.42ms
[370.474s][info][gc,phases      ] GC(869)   Other: 0.08ms
[370.474s][info][gc,heap        ] GC(869) Eden regions: 108->0(108)
[370.474s][info][gc,heap        ] GC(869) Survivor regions: 3->3(14)
[370.474s][info][gc,heap        ] GC(869) Old regions: 805->805
[370.474s][info][gc,heap        ] GC(869) Humongous regions: 9->9
[370.474s][info][gc,metaspace   ] GC(869) Metaspace: 18853K(18944K)->18853K(18944K) NonClass: 17023K(17088K)->17023K(17088K) Class: 1829K(1856K)->1829K(1856K)
[370.474s][info][gc             ] GC(869) Pause Young (Normal) (G1 Evacuation Pause) 924M->816M(978M) 5.656ms
[370.474s][info][gc,cpu         ] GC(869) User=0.01s Sys=0.00s Real=0.01s
[370.791s][info][gc,start       ] GC(870) Pause Young (Normal) (G1 Evacuation Pause)
[370.791s][info][gc,task        ] GC(870) Using 2 workers of 2 for evacuation
[370.796s][info][gc,phases      ] GC(870)   Pre Evacuate Collection Set: 0.57ms
[370.797s][info][gc,phases      ] GC(870)   Merge Heap Roots: 0.11ms
[370.797s][info][gc,phases      ] GC(870)   Evacuate Collection Set: 4.19ms
[370.797s][info][gc,phases      ] GC(870)   Post Evacuate Collection Set: 0.41ms
[370.797s][info][gc,phases      ] GC(870)   Other: 0.13ms
[370.797s][info][gc,heap        ] GC(870) Eden regions: 108->0(108)
[370.797s][info][gc,heap        ] GC(870) Survivor regions: 3->3(14)
[370.797s][info][gc,heap        ] GC(870) Old regions: 805->805
[370.797s][info][gc,heap        ] GC(870) Humongous regions: 9->9
[370.797s][info][gc,metaspace   ] GC(870) Metaspace: 18854K(18944K)->18854K(18944K) NonClass: 17024K(17088K)->17024K(17088K) Class: 1829K(1856K)->1829K(1856K)
[370.797s][info][gc             ] GC(870) Pause Young (Normal) (G1 Evacuation Pause) 924M->816M(978M) 5.657ms
[370.797s][info][gc,cpu         ] GC(870) User=0.01s Sys=0.00s Real=0.00s
[371.056s][info][gc,start       ] GC(871) Pause Young (Normal) (G1 Evacuation Pause)
[371.056s][info][gc,task        ] GC(871) Using 2 workers of 2 for evacuation
[371.089s][info][gc,phases      ] GC(871)   Pre Evacuate Collection Set: 0.51ms
[371.089s][info][gc,phases      ] GC(871)   Merge Heap Roots: 0.11ms
[371.089s][info][gc,phases      ] GC(871)   Evacuate Collection Set: 31.53ms
[371.089s][info][gc,phases      ] GC(871)   Post Evacuate Collection Set: 0.57ms
[371.089s][info][gc,phases      ] GC(871)   Other: 0.11ms
[371.089s][info][gc,heap        ] GC(871) Eden regions: 108->0(69)
[371.089s][info][gc,heap        ] GC(871) Survivor regions: 3->14(14)
[371.089s][info][gc,heap        ] GC(871) Old regions: 805->822
[371.089s][info][gc,heap        ] GC(871) Humongous regions: 9->9
[371.089s][info][gc,metaspace   ] GC(871) Metaspace: 18865K(19008K)->18865K(19008K) NonClass: 17035K(17152K)->17035K(17152K) Class: 1829K(1856K)->1829K(1856K)
[371.089s][info][gc             ] GC(871) Pause Young (Normal) (G1 Evacuation Pause) 924M->844M(978M) 33.117ms
[371.089s][info][gc,cpu         ] GC(871) User=0.06s Sys=0.00s Real=0.03s
[371.211s][info][gc,start       ] GC(872) Pause Young (Normal) (G1 Evacuation Pause)
[371.211s][info][gc,task        ] GC(872) Using 2 workers of 2 for evacuation
[371.252s][info][gc,phases      ] GC(872)   Pre Evacuate Collection Set: 0.34ms
[371.252s][info][gc,phases      ] GC(872)   Merge Heap Roots: 0.37ms
[371.252s][info][gc,phases      ] GC(872)   Evacuate Collection Set: 40.35ms
[371.252s][info][gc,phases      ] GC(872)   Post Evacuate Collection Set: 0.44ms
[371.252s][info][gc,phases      ] GC(872)   Other: 0.10ms
[371.252s][info][gc,heap        ] GC(872) Eden regions: 69->0(49)
[371.252s][info][gc,heap        ] GC(872) Survivor regions: 14->11(11)
[371.252s][info][gc,heap        ] GC(872) Old regions: 822->848
[371.252s][info][gc,heap        ] GC(872) Humongous regions: 9->9
[371.252s][info][gc,metaspace   ] GC(872) Metaspace: 18865K(19008K)->18865K(19008K) NonClass: 17035K(17152K)->17035K(17152K) Class: 1829K(1856K)->1829K(1856K)
[371.253s][info][gc             ] GC(872) Pause Young (Normal) (G1 Evacuation Pause) 913M->867M(978M) 41.842ms
[371.253s][info][gc,cpu         ] GC(872) User=0.08s Sys=0.00s Real=0.04s
[371.290s][info][gc,marking     ] GC(867) Concurrent Mark From Roots 1534.214ms
[371.290s][info][gc,marking     ] GC(867) Concurrent Preclean
[371.291s][info][gc,marking     ] GC(867) Concurrent Preclean 0.040ms
[371.291s][info][gc,start       ] GC(867) Pause Remark
[371.303s][info][gc             ] GC(867) Pause Remark 894M->672M(978M) 12.602ms
[371.303s][info][gc,cpu         ] GC(867) User=0.02s Sys=0.00s Real=0.01s
[371.304s][info][gc,marking     ] GC(867) Concurrent Mark 1547.934ms
[371.304s][info][gc,marking     ] GC(867) Concurrent Rebuild Remembered Sets and Scrub Regions
[371.367s][info][gc,start       ] GC(873) Pause Young (Normal) (G1 Evacuation Pause)
[371.367s][info][gc,task        ] GC(873) Using 2 workers of 2 for evacuation
[371.404s][info][gc,phases      ] GC(873)   Pre Evacuate Collection Set: 0.57ms
[371.404s][info][gc,phases      ] GC(873)   Merge Heap Roots: 0.30ms
[371.404s][info][gc,phases      ] GC(873)   Evacuate Collection Set: 35.69ms
[371.404s][info][gc,phases      ] GC(873)   Post Evacuate Collection Set: 0.43ms
[371.404s][info][gc,phases      ] GC(873)   Other: 0.14ms
[371.404s][info][gc,heap        ] GC(873) Eden regions: 49->0(242)
[371.404s][info][gc,heap        ] GC(873) Survivor regions: 11->8(8)
[371.404s][info][gc,heap        ] GC(873) Old regions: 630->647
[371.404s][info][gc,heap        ] GC(873) Humongous regions: 5->5
[371.404s][info][gc,metaspace   ] GC(873) Metaspace: 18865K(19008K)->18865K(19008K) NonClass: 17035K(17152K)->17035K(17152K) Class: 1829K(1856K)->1829K(1856K)
[371.404s][info][gc             ] GC(873) Pause Young (Normal) (G1 Evacuation Pause) 694M->659M(978M) 37.472ms
[371.404s][info][gc,cpu         ] GC(873) User=0.07s Sys=0.00s Real=0.04s
[371.823s][info][gc,start       ] GC(874) Pause Young (Normal) (G1 Evacuation Pause)
[371.823s][info][gc,task        ] GC(874) Using 2 workers of 2 for evacuation
[371.951s][info][gc,phases      ] GC(874)   Pre Evacuate Collection Set: 0.56ms
[371.951s][info][gc,phases      ] GC(874)   Merge Heap Roots: 0.24ms
[371.951s][info][gc,phases      ] GC(874)   Evacuate Collection Set: 113.87ms
[371.951s][info][gc,phases      ] GC(874)   Post Evacuate Collection Set: 13.63ms
[371.951s][info][gc,phases      ] GC(874)   Other: 0.12ms
[371.951s][info][gc,heap        ] GC(874) Eden regions: 242->0(0)
[371.951s][info][gc,heap        ] GC(874) Survivor regions: 8->32(32)
[371.951s][info][gc,heap        ] GC(874) Old regions: 647->931
[371.951s][info][gc,heap        ] GC(874) Humongous regions: 5->5
[371.951s][info][gc,metaspace   ] GC(874) Metaspace: 18865K(19008K)->18865K(19008K) NonClass: 17035K(17152K)->17035K(17152K) Class: 1829K(1856K)->1829K(1856K)
[371.951s][info][gc             ] GC(874) Pause Young (Normal) (G1 Evacuation Pause) (Evacuation Failure: Allocation) 901M->967M(978M) 128.685ms
[371.951s][info][gc,cpu         ] GC(874) User=0.25s Sys=0.00s Real=0.13s
[371.951s][info][gc,ergo        ] Attempting full compaction
[371.951s][info][gc,start       ] GC(875) Pause Full (G1 Compaction Pause)
[371.951s][info][gc,task        ] GC(875) Using 2 workers of 2 for full compaction
[371.953s][info][gc,phases,start] GC(875) Phase 1: Mark live objects
[372.096s][info][metaspace      ] ChkMgr @0x00007f59a415e580 (non-class-space): : reclaiming memory...
[372.096s][info][metaspace      ] ChkMgr @0x00007f59a415e580 (non-class-space): nothing reclaimed.
[372.096s][info][metaspace      ] ChkMgr @0x00007f59a415c690 (class-space): : reclaiming memory...
[372.096s][info][metaspace      ] ChkMgr @0x00007f59a415c690 (class-space): nothing reclaimed.
[372.096s][info][gc,phases      ] GC(875) Phase 1: Mark live objects 143.145ms
[372.096s][info][gc,phases,start] GC(875) Phase 2: Prepare compaction
[372.107s][info][gc,phases      ] GC(875) Phase 2: Prepare compaction 10.546ms
[372.107s][info][gc,phases,start] GC(875) Phase 3: Adjust pointers
[372.164s][info][gc,phases      ] GC(875) Phase 3: Adjust pointers 56.519ms
[372.164s][info][gc,phases,start] GC(875) Phase 4: Compact heap
[372.177s][info][gc,phases      ] GC(875) Phase 4: Compact heap 12.955ms
[372.177s][info][gc,phases,start] GC(875) Phase 5: Reset Metadata
[372.204s][info][gc,phases      ] GC(875) Phase 5: Reset Metadata 27.195ms
[372.212s][info][gc,heap        ] GC(875) Eden regions: 0->0(275)
[372.212s][info][gc,heap        ] GC(875) Survivor regions: 32->0(32)
[372.213s][info][gc,heap        ] GC(875) Old regions: 931->172
[372.213s][info][gc,heap        ] GC(875) Humongous regions: 5->0
[372.213s][info][gc,metaspace   ] GC(875) Metaspace: 18865K(19008K)->18850K(19008K) NonClass: 17035K(17152K)->17020K(17152K) Class: 1829K(1856K)->1829K(1856K)
[372.213s][info][gc             ] GC(875) Pause Full (G1 Compaction Pause) 967M->170M(574M) 261.267ms
[372.213s][info][gc,cpu         ] GC(875) User=0.51s Sys=0.00s Real=0.26s
[372.217s][info][gc,marking     ] GC(867) Concurrent Rebuild Remembered Sets and Scrub Regions 912.586ms
[372.217s][info][gc,marking     ] GC(867) Concurrent Mark Abort
[372.217s][info][gc             ] GC(867) Concurrent Mark Cycle 2466.166ms
[372.335s][info][gc,start       ] GC(876) Pause Young (Concurrent Start) (G1 Humongous Allocation)
[372.335s][info][gc,task        ] GC(876) Using 2 workers of 2 for evacuation
[372.360s][info][gc,phases      ] GC(876)   Pre Evacuate Collection Set: 0.29ms
[372.360s][info][gc,phases      ] GC(876)   Merge Heap Roots: 0.22ms
[372.360s][info][gc,phases      ] GC(876)   Evacuate Collection Set: 23.87ms
[372.360s][info][gc,phases      ] GC(876)   Post Evacuate Collection Set: 0.44ms
[372.360s][info][gc,phases      ] GC(876)   Other: 0.14ms
[372.360s][info][gc,heap        ] GC(876) Eden regions: 41->0(241)
[372.360s][info][gc,heap        ] GC(876) Survivor regions: 0->14(35)
[372.361s][info][gc,heap        ] GC(876) Old regions: 172->172
[372.361s][info][gc,heap        ] GC(876) Humongous regions: 0->0
[372.361s][info][gc,metaspace   ] GC(876) Metaspace: 18850K(19008K)->18850K(19008K) NonClass: 17020K(17152K)->17020K(17152K) Class: 1829K(1856K)->1829K(1856K)
[372.361s][info][gc             ] GC(876) Pause Young (Concurrent Start) (G1 Humongous Allocation) 210M->184M(574M) 25.260ms
[372.361s][info][gc,cpu         ] GC(876) User=0.05s Sys=0.00s Real=0.03s
[372.361s][info][gc             ] GC(877) Concurrent Mark Cycle
[372.363s][info][gc,marking     ] GC(877) Concurrent Scan Root Regions
[372.393s][info][gc,marking     ] GC(877) Concurrent Scan Root Regions 29.966ms
[372.393s][info][gc,marking     ] GC(877) Concurrent Mark
[372.393s][info][gc,marking     ] GC(877) Concurrent Mark From Roots
[372.393s][info][gc,task        ] GC(877) Using 1 workers of 1 for marking
[372.950s][info][gc,start       ] GC(878) Pause Young (Normal) (G1 Evacuation Pause)
[372.951s][info][gc,task        ] GC(878) Using 2 workers of 2 for evacuation
[373.047s][info][gc,phases      ] GC(878)   Pre Evacuate Collection Set: 0.26ms
[373.047s][info][gc,phases      ] GC(878)   Merge Heap Roots: 0.93ms
[373.047s][info][gc,phases      ] GC(878)   Evacuate Collection Set: 94.93ms
[373.047s][info][gc,phases      ] GC(878)   Post Evacuate Collection Set: 0.63ms
[373.047s][info][gc,phases      ] GC(878)   Other: 0.11ms
[373.048s][info][gc,heap        ] GC(878) Eden regions: 241->0(226)
[373.048s][info][gc,heap        ] GC(878) Survivor regions: 14->32(32)
[373.048s][info][gc,heap        ] GC(878) Old regions: 172->184
[373.048s][info][gc,heap        ] GC(878) Humongous regions: 4->4
[373.048s][info][gc,metaspace   ] GC(878) Metaspace: 18855K(19008K)->18855K(19008K) NonClass: 17025K(17152K)->17025K(17152K) Class: 1829K(1856K)->1829K(1856K)
[373.048s][info][gc             ] GC(878) Pause Young (Normal) (G1 Evacuation Pause) 429M->218M(574M) 97.174ms
[373.048s][info][gc,cpu         ] GC(878) User=0.19s Sys=0.00s Real=0.10s
[373.074s][info][gc,marking     ] GC(877) Concurrent Mark From Roots 681.632ms
[373.074s][info][gc,marking     ] GC(877) Concurrent Preclean
[373.074s][info][gc,marking     ] GC(877) Concurrent Preclean 0.037ms
[373.075s][info][gc,start       ] GC(877) Pause Remark
[373.084s][info][gc             ] GC(877) Pause Remark 233M->233M(574M) 8.919ms
[373.084s][info][gc,cpu         ] GC(877) User=0.02s Sys=0.00s Real=0.01s
[373.084s][info][gc,marking     ] GC(877) Concurrent Mark 691.125ms
[373.084s][info][gc,marking     ] GC(877) Concurrent Rebuild Remembered Sets and Scrub Regions
[373.307s][info][gc,marking     ] GC(877) Concurrent Rebuild Remembered Sets and Scrub Regions 223.469ms
[373.307s][info][gc,start       ] GC(877) Pause Cleanup
[373.308s][info][gc             ] GC(877) Pause Cleanup 348M->348M(574M) 0.105ms
[373.308s][info][gc,cpu         ] GC(877) User=0.00s Sys=0.00s Real=0.00s
[373.308s][info][gc,marking     ] GC(877) Concurrent Clear Claimed Marks
[373.308s][info][gc,marking     ] GC(877) Concurrent Clear Claimed Marks 0.036ms
[373.308s][info][gc,marking     ] GC(877) Concurrent Cleanup for Next Mark
[373.315s][info][gc,marking     ] GC(877) Concurrent Cleanup for Next Mark 7.804ms
[373.316s][info][gc             ] GC(877) Concurrent Mark Cycle 954.881ms
[373.450s][info][gc,start       ] GC(879) Pause Young (Prepare Mixed) (G1 Evacuation Pause)
[373.450s][info][gc,task        ] GC(879) Using 2 workers of 2 for evacuation
[373.534s][info][gc,phases      ] GC(879)   Pre Evacuate Collection Set: 0.27ms
[373.534s][info][gc,phases      ] GC(879)   Merge Heap Roots: 0.57ms
[373.534s][info][gc,phases      ] GC(879)   Evacuate Collection Set: 82.17ms
[373.534s][info][gc,phases      ] GC(879)   Post Evacuate Collection Set: 0.57ms
[373.534s][info][gc,phases      ] GC(879)   Other: 0.11ms
[373.534s][info][gc,heap        ] GC(879) Eden regions: 226->0(220)
[373.534s][info][gc,heap        ] GC(879) Survivor regions: 32->21(33)
[373.534s][info][gc,heap        ] GC(879) Old regions: 184->217
[373.534s][info][gc,heap        ] GC(879) Humongous regions: 4->4
[373.534s][info][gc,metaspace   ] GC(879) Metaspace: 18855K(19008K)->18855K(19008K) NonClass: 17025K(17152K)->17025K(17152K) Class: 1829K(1856K)->1829K(1856K)
[373.534s][info][gc             ] GC(879) Pause Young (Prepare Mixed) (G1 Evacuation Pause) 444M->240M(574M) 84.011ms
[373.534s][info][gc,cpu         ] GC(879) User=0.17s Sys=0.00s Real=0.09s
[373.748s][info][gc,start       ] GC(880) Pause Young (Mixed) (G1 Evacuation Pause)
[373.748s][info][gc,task        ] GC(880) Using 2 workers of 2 for evacuation
[373.790s][info][gc,phases      ] GC(880)   Pre Evacuate Collection Set: 0.28ms
[373.790s][info][gc,phases      ] GC(880)   Merge Heap Roots: 0.23ms
[373.790s][info][gc,phases      ] GC(880)   Evacuate Collection Set: 41.07ms
[373.790s][info][gc,phases      ] GC(880)   Post Evacuate Collection Set: 0.50ms
[373.790s][info][gc,phases      ] GC(880)   Other: 0.12ms
[373.790s][info][gc,heap        ] GC(880) Eden regions: 220->0(227)
[373.790s][info][gc,heap        ] GC(880) Survivor regions: 21->9(31)
[373.790s][info][gc,heap        ] GC(880) Old regions: 217->237
[373.790s][info][gc,heap        ] GC(880) Humongous regions: 4->4
[373.790s][info][gc,metaspace   ] GC(880) Metaspace: 18855K(19008K)->18855K(19008K) NonClass: 17025K(17152K)->17025K(17152K) Class: 1829K(1856K)->1829K(1856K)
[373.790s][info][gc             ] GC(880) Pause Young (Mixed) (G1 Evacuation Pause) 460M->248M(574M) 42.478ms
[373.790s][info][gc,cpu         ] GC(880) User=0.08s Sys=0.00s Real=0.05s
[373.960s][info][gc,start       ] GC(881) Pause Young (Concurrent Start) (G1 Evacuation Pause)
[373.960s][info][gc,task        ] GC(881) Using 2 workers of 2 for evacuation
[374.025s][info][gc,phases      ] GC(881)   Pre Evacuate Collection Set: 0.29ms
[374.025s][info][gc,phases      ] GC(881)   Merge Heap Roots: 0.22ms
[374.025s][info][gc,phases      ] GC(881)   Evacuate Collection Set: 63.04ms
[374.025s][info][gc,phases      ] GC(881)   Post Evacuate Collection Set: 1.59ms
[374.025s][info][gc,phases      ] GC(881)   Other: 0.14ms
[374.025s][info][gc,heap        ] GC(881) Eden regions: 227->0(273)
[374.025s][info][gc,heap        ] GC(881) Survivor regions: 9->30(30)
[374.025s][info][gc,heap        ] GC(881) Old regions: 237->259
[374.025s][info][gc,heap        ] GC(881) Humongous regions: 4->4
[374.025s][info][gc,metaspace   ] GC(881) Metaspace: 18855K(19008K)->18855K(19008K) NonClass: 17025K(17152K)->17025K(17152K) Class: 1829K(1856K)->1829K(1856K)
[374.025s][info][gc             ] GC(881) Pause Young (Concurrent Start) (G1 Evacuation Pause) 475M->292M(689M) 65.523ms
[374.025s][info][gc,cpu         ] GC(881) User=0.12s Sys=0.00s Real=0.07s
[374.026s][info][gc             ] GC(882) Concurrent Mark Cycle
[374.026s][info][gc,marking     ] GC(882) Concurrent Scan Root Regions
[374.111s][info][gc,marking     ] GC(882) Concurrent Scan Root Regions 84.925ms
[374.111s][info][gc,marking     ] GC(882) Concurrent Mark
[374.111s][info][gc,marking     ] GC(882) Concurrent Mark From Roots
[374.111s][info][gc,task        ] GC(882) Using 1 workers of 1 for marking
[374.502s][info][gc,start       ] GC(883) Pause Young (Normal) (G1 Evacuation Pause)
[374.502s][info][gc,task        ] GC(883) Using 2 workers of 2 for evacuation
[374.590s][info][gc,phases      ] GC(883)   Pre Evacuate Collection Set: 0.29ms
[374.590s][info][gc,phases      ] GC(883)   Merge Heap Roots: 0.37ms
[374.590s][info][gc,phases      ] GC(883)   Evacuate Collection Set: 86.90ms
[374.590s][info][gc,phases      ] GC(883)   Post Evacuate Collection Set: 0.61ms
[374.590s][info][gc,phases      ] GC(883)   Other: 0.09ms
[374.590s][info][gc,heap        ] GC(883) Eden regions: 273->0(250)
[374.590s][info][gc,heap        ] GC(883) Survivor regions: 30->34(38)
[374.590s][info][gc,heap        ] GC(883) Old regions: 259->290
[374.590s][info][gc,heap        ] GC(883) Humongous regions: 5->5
[374.590s][info][gc,metaspace   ] GC(883) Metaspace: 18855K(19008K)->18855K(19008K) NonClass: 17025K(17152K)->17025K(17152K) Class: 1829K(1856K)->1829K(1856K)
[374.591s][info][gc             ] GC(883) Pause Young (Normal) (G1 Evacuation Pause) 566M->327M(689M) 88.558ms
[374.591s][info][gc,cpu         ] GC(883) User=0.17s Sys=0.00s Real=0.09s
[374.966s][info][gc,start       ] GC(884) Pause Young (Normal) (G1 Evacuation Pause)
[374.966s][info][gc,task        ] GC(884) Using 2 workers of 2 for evacuation
[375.018s][info][gc,phases      ] GC(884)   Pre Evacuate Collection Set: 0.41ms
[375.018s][info][gc,phases      ] GC(884)   Merge Heap Roots: 0.28ms
[375.018s][info][gc,phases      ] GC(884)   Evacuate Collection Set: 50.54ms
[375.018s][info][gc,phases      ] GC(884)   Post Evacuate Collection Set: 0.56ms
[375.018s][info][gc,phases      ] GC(884)   Other: 0.09ms
[375.018s][info][gc,heap        ] GC(884) Eden regions: 250->0(260)
[375.018s][info][gc,heap        ] GC(884) Survivor regions: 34->6(36)
[375.018s][info][gc,heap        ] GC(884) Old regions: 290->323
[375.018s][info][gc,heap        ] GC(884) Humongous regions: 5->5
[375.018s][info][gc,metaspace   ] GC(884) Metaspace: 18863K(19008K)->18863K(19008K) NonClass: 17033K(17152K)->17033K(17152K) Class: 1829K(1856K)->1829K(1856K)
[375.018s][info][gc             ] GC(884) Pause Young (Normal) (G1 Evacuation Pause) 577M->333M(689M) 52.140ms
[375.018s][info][gc,cpu         ] GC(884) User=0.10s Sys=0.00s Real=0.05s
[375.033s][info][gc,marking     ] GC(882) Concurrent Mark From Roots 922.699ms
[375.033s][info][gc,marking     ] GC(882) Concurrent Preclean
[375.033s][info][gc,marking     ] GC(882) Concurrent Preclean 0.033ms
[375.034s][info][gc,start       ] GC(882) Pause Remark
[375.042s][info][gc             ] GC(882) Pause Remark 338M->333M(689M) 8.817ms
[375.043s][info][gc,cpu         ] GC(882) User=0.01s Sys=0.00s Real=0.01s
[375.043s][info][gc,marking     ] GC(882) Concurrent Mark 931.915ms
[375.043s][info][gc,marking     ] GC(882) Concurrent Rebuild Remembered Sets and Scrub Regions
[375.386s][info][gc,marking     ] GC(882) Concurrent Rebuild Remembered Sets and Scrub Regions 343.503ms
[375.386s][info][gc,start       ] GC(882) Pause Cleanup
[375.386s][info][gc             ] GC(882) Pause Cleanup 448M->448M(689M) 0.095ms
[375.386s][info][gc,cpu         ] GC(882) User=0.00s Sys=0.00s Real=0.00s
[375.388s][info][gc,marking     ] GC(882) Concurrent Clear Claimed Marks
[375.388s][info][gc,marking     ] GC(882) Concurrent Clear Claimed Marks 0.056ms
[375.388s][info][gc,marking     ] GC(882) Concurrent Cleanup for Next Mark
[375.396s][info][gc,marking     ] GC(882) Concurrent Cleanup for Next Mark 7.491ms
[375.396s][info][gc             ] GC(882) Concurrent Mark Cycle 1370.475ms
[375.789s][info][gc,start       ] GC(885) Pause Young (Prepare Mixed) (G1 Evacuation Pause)
[375.789s][info][gc,task        ] GC(885) Using 2 workers of 2 for evacuation
[375.802s][info][gc,phases      ] GC(885)   Pre Evacuate Collection Set: 0.41ms
[375.802s][info][gc,phases      ] GC(885)   Merge Heap Roots: 0.23ms
[375.802s][info][gc,phases      ] GC(885)   Evacuate Collection Set: 11.43ms
[375.802s][info][gc,phases      ] GC(885)   Post Evacuate Collection Set: 0.53ms
[375.802s][info][gc,phases      ] GC(885)   Other: 0.12ms
[375.802s][info][gc,heap        ] GC(885) Eden regions: 260->0(276)
[375.802s][info][gc,heap        ] GC(885) Survivor regions: 6->9(34)
[375.802s][info][gc,heap        ] GC(885) Old regions: 319->319
[375.802s][info][gc,heap        ] GC(885) Humongous regions: 4->4
[375.802s][info][gc,metaspace   ] GC(885) Metaspace: 18863K(19008K)->18863K(19008K) NonClass: 17033K(17152K)->17033K(17152K) Class: 1829K(1856K)->1829K(1856K)
[375.802s][info][gc             ] GC(885) Pause Young (Prepare Mixed) (G1 Evacuation Pause) 588M->330M(689M) 12.949ms
[375.802s][info][gc,cpu         ] GC(885) User=0.02s Sys=0.00s Real=0.02s
[376.179s][info][gc,start       ] GC(886) Pause Young (Mixed) (G1 Evacuation Pause)
[376.179s][info][gc,task        ] GC(886) Using 2 workers of 2 for evacuation
[376.292s][info][gc,phases      ] GC(886)   Pre Evacuate Collection Set: 0.26ms
[376.292s][info][gc,phases      ] GC(886)   Merge Heap Roots: 0.25ms
[376.292s][info][gc,phases      ] GC(886)   Evacuate Collection Set: 112.43ms
[376.292s][info][gc,phases      ] GC(886)   Post Evacuate Collection Set: 0.56ms
[376.292s][info][gc,phases      ] GC(886)   Other: 0.10ms
[376.292s][info][gc,heap        ] GC(886) Eden regions: 276->0(200)
[376.292s][info][gc,heap        ] GC(886) Survivor regions: 9->36(36)
[376.292s][info][gc,heap        ] GC(886) Old regions: 319->368
[376.292s][info][gc,heap        ] GC(886) Humongous regions: 5->5
[376.292s][info][gc,metaspace   ] GC(886) Metaspace: 18863K(19008K)->18863K(19008K) NonClass: 17033K(17152K)->17033K(17152K) Class: 1829K(1856K)->1829K(1856K)
[376.292s][info][gc             ] GC(886) Pause Young (Mixed) (G1 Evacuation Pause) 607M->407M(698M) 113.843ms
[376.292s][info][gc,cpu         ] GC(886) User=0.22s Sys=0.01s Real=0.12s
[376.486s][info][gc,start       ] GC(887) Pause Young (Concurrent Start) (G1 Evacuation Pause)
[376.486s][info][gc,task        ] GC(887) Using 2 workers of 2 for evacuation
[376.533s][info][gc,phases      ] GC(887)   Pre Evacuate Collection Set: 0.26ms
[376.533s][info][gc,phases      ] GC(887)   Merge Heap Roots: 0.24ms
[376.533s][info][gc,phases      ] GC(887)   Evacuate Collection Set: 45.51ms
[376.533s][info][gc,phases      ] GC(887)   Post Evacuate Collection Set: 0.48ms
[376.533s][info][gc,phases      ] GC(887)   Other: 0.19ms
[376.533s][info][gc,heap        ] GC(887) Eden regions: 200->0(210)
[376.533s][info][gc,heap        ] GC(887) Survivor regions: 36->6(30)
[376.533s][info][gc,heap        ] GC(887) Old regions: 368->404
[376.533s][info][gc,heap        ] GC(887) Humongous regions: 5->5
[376.533s][info][gc,metaspace   ] GC(887) Metaspace: 18863K(19008K)->18863K(19008K) NonClass: 17033K(17152K)->17033K(17152K) Class: 1829K(1856K)->1829K(1856K)
[376.533s][info][gc             ] GC(887) Pause Young (Concurrent Start) (G1 Evacuation Pause) 607M->414M(698M) 46.953ms
[376.533s][info][gc,cpu         ] GC(887) User=0.09s Sys=0.00s Real=0.05s
[376.533s][info][gc             ] GC(888) Concurrent Mark Cycle
[376.533s][info][gc,marking     ] GC(888) Concurrent Scan Root Regions
[376.579s][info][gc,marking     ] GC(888) Concurrent Scan Root Regions 46.015ms
[376.579s][info][gc,marking     ] GC(888) Concurrent Mark
[376.579s][info][gc,marking     ] GC(888) Concurrent Mark From Roots
[376.579s][info][gc,task        ] GC(888) Using 1 workers of 1 for marking
[377.262s][info][gc,start       ] GC(889) Pause Young (Normal) (G1 Evacuation Pause)
[377.262s][info][gc,task        ] GC(889) Using 2 workers of 2 for evacuation
[377.275s][info][gc,phases      ] GC(889)   Pre Evacuate Collection Set: 0.28ms
[377.275s][info][gc,phases      ] GC(889)   Merge Heap Roots: 0.22ms
[377.275s][info][gc,phases      ] GC(889)   Evacuate Collection Set: 11.82ms
[377.275s][info][gc,phases      ] GC(889)   Post Evacuate Collection Set: 1.09ms
[377.275s][info][gc,phases      ] GC(889)   Other: 0.11ms
[377.275s][info][gc,heap        ] GC(889) Eden regions: 210->0(256)
[377.275s][info][gc,heap        ] GC(889) Survivor regions: 6->7(27)
[377.275s][info][gc,heap        ] GC(889) Old regions: 404->404
[377.275s][info][gc,heap        ] GC(889) Humongous regions: 5->5
[377.275s][info][gc,metaspace   ] GC(889) Metaspace: 18863K(19008K)->18863K(19008K) NonClass: 17033K(17152K)->17033K(17152K) Class: 1829K(1856K)->1829K(1856K)
[377.275s][info][gc             ] GC(889) Pause Young (Normal) (G1 Evacuation Pause) 624M->415M(763M) 13.769ms
[377.275s][info][gc,cpu         ] GC(889) User=0.03s Sys=0.00s Real=0.01s
[377.509s][info][gc,marking     ] GC(888) Concurrent Mark From Roots 929.231ms
[377.509s][info][gc,marking     ] GC(888) Concurrent Preclean
[377.509s][info][gc,marking     ] GC(888) Concurrent Preclean 0.037ms
[377.509s][info][gc,start       ] GC(888) Pause Remark
[377.518s][info][gc             ] GC(888) Pause Remark 459M->430M(763M) 9.006ms
[377.518s][info][gc,cpu         ] GC(888) User=0.01s Sys=0.00s Real=0.01s
[377.520s][info][gc,marking     ] GC(888) Concurrent Mark 940.290ms
[377.520s][info][gc,marking     ] GC(888) Concurrent Rebuild Remembered Sets and Scrub Regions
[377.873s][info][gc,marking     ] GC(888) Concurrent Rebuild Remembered Sets and Scrub Regions 352.977ms
[377.873s][info][gc,start       ] GC(888) Pause Cleanup
[377.873s][info][gc             ] GC(888) Pause Cleanup 628M->628M(763M) 0.121ms
[377.873s][info][gc,cpu         ] GC(888) User=0.00s Sys=0.00s Real=0.00s
[377.873s][info][gc,marking     ] GC(888) Concurrent Clear Claimed Marks
[377.873s][info][gc,marking     ] GC(888) Concurrent Clear Claimed Marks 0.031ms
[377.873s][info][gc,marking     ] GC(888) Concurrent Cleanup for Next Mark
[377.876s][info][gc,marking     ] GC(888) Concurrent Cleanup for Next Mark 3.198ms
[377.876s][info][gc             ] GC(888) Concurrent Mark Cycle 1343.138ms
[377.887s][info][gc,start       ] GC(890) Pause Young (Prepare Mixed) (G1 Evacuation Pause)
[377.887s][info][gc,task        ] GC(890) Using 2 workers of 2 for evacuation
[378.037s][info][gc,phases      ] GC(890)   Pre Evacuate Collection Set: 0.29ms
[378.037s][info][gc,phases      ] GC(890)   Merge Heap Roots: 0.32ms
[378.037s][info][gc,phases      ] GC(890)   Evacuate Collection Set: 148.88ms
[378.037s][info][gc,phases      ] GC(890)   Post Evacuate Collection Set: 0.52ms
[378.037s][info][gc,phases      ] GC(890)   Other: 0.10ms
[378.037s][info][gc,heap        ] GC(890) Eden regions: 256->0(140)
[378.037s][info][gc,heap        ] GC(890) Survivor regions: 7->33(33)
[378.037s][info][gc,heap        ] GC(890) Old regions: 376->472
[378.037s][info][gc,heap        ] GC(890) Humongous regions: 4->4
[378.037s][info][gc,metaspace   ] GC(890) Metaspace: 18863K(19008K)->18863K(19008K) NonClass: 17033K(17152K)->17033K(17152K) Class: 1829K(1856K)->1829K(1856K)
[378.037s][info][gc             ] GC(890) Pause Young (Prepare Mixed) (G1 Evacuation Pause) 642M->508M(772M) 150.378ms
[378.037s][info][gc,cpu         ] GC(890) User=0.29s Sys=0.00s Real=0.15s
[378.223s][info][gc,start       ] GC(891) Pause Young (Mixed) (G1 Evacuation Pause)
[378.223s][info][gc,task        ] GC(891) Using 2 workers of 2 for evacuation
[378.322s][info][gc,phases      ] GC(891)   Pre Evacuate Collection Set: 0.50ms
[378.322s][info][gc,phases      ] GC(891)   Merge Heap Roots: 0.25ms
[378.322s][info][gc,phases      ] GC(891)   Evacuate Collection Set: 98.12ms
[378.322s][info][gc,phases      ] GC(891)   Post Evacuate Collection Set: 0.61ms
[378.322s][info][gc,phases      ] GC(891)   Other: 0.08ms
[378.322s][info][gc,heap        ] GC(891) Eden regions: 140->0(129)
[378.322s][info][gc,heap        ] GC(891) Survivor regions: 33->22(22)
[378.322s][info][gc,heap        ] GC(891) Old regions: 472->505
[378.322s][info][gc,heap        ] GC(891) Humongous regions: 4->4
[378.322s][info][gc,metaspace   ] GC(891) Metaspace: 18863K(19008K)->18863K(19008K) NonClass: 17033K(17152K)->17033K(17152K) Class: 1829K(1856K)->1829K(1856K)
[378.322s][info][gc             ] GC(891) Pause Young (Mixed) (G1 Evacuation Pause) 648M->529M(772M) 99.803ms
[378.322s][info][gc,cpu         ] GC(891) User=0.19s Sys=0.00s Real=0.10s
[378.444s][info][gc,start       ] GC(892) Pause Young (Concurrent Start) (G1 Humongous Allocation)
[378.444s][info][gc,task        ] GC(892) Using 2 workers of 2 for evacuation
[378.493s][info][gc,phases      ] GC(892)   Pre Evacuate Collection Set: 0.31ms
[378.493s][info][gc,phases      ] GC(892)   Merge Heap Roots: 0.31ms
[378.493s][info][gc,phases      ] GC(892)   Evacuate Collection Set: 47.88ms
[378.493s][info][gc,phases      ] GC(892)   Post Evacuate Collection Set: 0.53ms
[378.493s][info][gc,phases      ] GC(892)   Other: 0.20ms
[378.493s][info][gc,heap        ] GC(892) Eden regions: 97->0(124)
[378.493s][info][gc,heap        ] GC(892) Survivor regions: 22->19(19)
[378.493s][info][gc,heap        ] GC(892) Old regions: 505->524
[378.493s][info][gc,heap        ] GC(892) Humongous regions: 4->4
[378.493s][info][gc,metaspace   ] GC(892) Metaspace: 18863K(19008K)->18863K(19008K) NonClass: 17033K(17152K)->17033K(17152K) Class: 1829K(1856K)->1829K(1856K)
[378.493s][info][gc             ] GC(892) Pause Young (Concurrent Start) (G1 Humongous Allocation) 626M->545M(772M) 49.467ms
[378.493s][info][gc,cpu         ] GC(892) User=0.09s Sys=0.01s Real=0.05s
[378.493s][info][gc             ] GC(893) Concurrent Mark Cycle
[378.495s][info][gc,marking     ] GC(893) Concurrent Scan Root Regions
[378.550s][info][gc,marking     ] GC(893) Concurrent Scan Root Regions 54.622ms
[378.550s][info][gc,marking     ] GC(893) Concurrent Mark
[378.550s][info][gc,marking     ] GC(893) Concurrent Mark From Roots
[378.550s][info][gc,task        ] GC(893) Using 1 workers of 1 for marking
[378.634s][info][gc,start       ] GC(894) Pause Young (Normal) (G1 Evacuation Pause)
[378.634s][info][gc,task        ] GC(894) Using 2 workers of 2 for evacuation
[378.677s][info][gc,phases      ] GC(894)   Pre Evacuate Collection Set: 0.28ms
[378.678s][info][gc,phases      ] GC(894)   Merge Heap Roots: 0.29ms
[378.678s][info][gc,phases      ] GC(894)   Evacuate Collection Set: 42.14ms
[378.678s][info][gc,phases      ] GC(894)   Post Evacuate Collection Set: 0.41ms
[378.678s][info][gc,phases      ] GC(894)   Other: 0.11ms
[378.678s][info][gc,heap        ] GC(894) Eden regions: 124->0(124)
[378.678s][info][gc,heap        ] GC(894) Survivor regions: 19->13(18)
[378.678s][info][gc,heap        ] GC(894) Old regions: 524->543
[378.678s][info][gc,heap        ] GC(894) Humongous regions: 5->5
[378.678s][info][gc,metaspace   ] GC(894) Metaspace: 18863K(19008K)->18863K(19008K) NonClass: 17033K(17152K)->17033K(17152K) Class: 1829K(1856K)->1829K(1856K)
[378.678s][info][gc             ] GC(894) Pause Young (Normal) (G1 Evacuation Pause) 670M->559M(772M) 43.453ms
[378.678s][info][gc,cpu         ] GC(894) User=0.09s Sys=0.00s Real=0.04s
[378.813s][info][gc,start       ] GC(895) Pause Young (Normal) (G1 Evacuation Pause)
[378.813s][info][gc,task        ] GC(895) Using 2 workers of 2 for evacuation
[378.836s][info][gc,phases      ] GC(895)   Pre Evacuate Collection Set: 0.45ms
[378.837s][info][gc,phases      ] GC(895)   Merge Heap Roots: 0.16ms
[378.837s][info][gc,phases      ] GC(895)   Evacuate Collection Set: 21.36ms
[378.837s][info][gc,phases      ] GC(895)   Post Evacuate Collection Set: 1.25ms
[378.837s][info][gc,phases      ] GC(895)   Other: 0.11ms
[378.837s][info][gc,heap        ] GC(895) Eden regions: 124->0(172)
[378.837s][info][gc,heap        ] GC(895) Survivor regions: 13->8(18)
[378.837s][info][gc,heap        ] GC(895) Old regions: 543->555
[378.837s][info][gc,heap        ] GC(895) Humongous regions: 5->5
[378.837s][info][gc,metaspace   ] GC(895) Metaspace: 18863K(19008K)->18863K(19008K) NonClass: 17033K(17152K)->17033K(17152K) Class: 1829K(1856K)->1829K(1856K)
[378.837s][info][gc             ] GC(895) Pause Young (Normal) (G1 Evacuation Pause) 683M->566M(855M) 23.585ms
[378.837s][info][gc,cpu         ] GC(895) User=0.05s Sys=0.00s Real=0.02s
[379.119s][info][gc,start       ] GC(896) Pause Young (Normal) (G1 Evacuation Pause)
[379.119s][info][gc,task        ] GC(896) Using 2 workers of 2 for evacuation
[379.160s][info][gc,phases      ] GC(896)   Pre Evacuate Collection Set: 0.52ms
[379.160s][info][gc,phases      ] GC(896)   Merge Heap Roots: 0.08ms
[379.160s][info][gc,phases      ] GC(896)   Evacuate Collection Set: 39.60ms
[379.160s][info][gc,phases      ] GC(896)   Post Evacuate Collection Set: 0.58ms
[379.160s][info][gc,phases      ] GC(896)   Other: 0.09ms
[379.160s][info][gc,heap        ] GC(896) Eden regions: 172->0(155)
[379.160s][info][gc,heap        ] GC(896) Survivor regions: 8->23(23)
[379.160s][info][gc,heap        ] GC(896) Old regions: 555->573
[379.160s][info][gc,heap        ] GC(896) Humongous regions: 5->5
[379.160s][info][gc,metaspace   ] GC(896) Metaspace: 18863K(19008K)->18863K(19008K) NonClass: 17033K(17152K)->17033K(17152K) Class: 1829K(1856K)->1829K(1856K)
[379.160s][info][gc             ] GC(896) Pause Young (Normal) (G1 Evacuation Pause) 738M->600M(855M) 41.126ms
[379.160s][info][gc,cpu         ] GC(896) User=0.08s Sys=0.00s Real=0.04s
[379.480s][info][gc,start       ] GC(897) Pause Young (Normal) (G1 Evacuation Pause)
[379.480s][info][gc,task        ] GC(897) Using 2 workers of 2 for evacuation
[379.541s][info][gc,phases      ] GC(897)   Pre Evacuate Collection Set: 0.28ms
[379.541s][info][gc,phases      ] GC(897)   Merge Heap Roots: 0.31ms
[379.541s][info][gc,phases      ] GC(897)   Evacuate Collection Set: 60.01ms
[379.541s][info][gc,phases      ] GC(897)   Post Evacuate Collection Set: 0.52ms
[379.541s][info][gc,phases      ] GC(897)   Other: 0.09ms
[379.541s][info][gc,heap        ] GC(897) Eden regions: 155->0(138)
[379.541s][info][gc,heap        ] GC(897) Survivor regions: 23->23(23)
[379.541s][info][gc,heap        ] GC(897) Old regions: 573->605
[379.541s][info][gc,heap        ] GC(897) Humongous regions: 5->5
[379.541s][info][gc,metaspace   ] GC(897) Metaspace: 18863K(19008K)->18863K(19008K) NonClass: 17033K(17152K)->17033K(17152K) Class: 1829K(1856K)->1829K(1856K)
[379.541s][info][gc             ] GC(897) Pause Young (Normal) (G1 Evacuation Pause) 755M->632M(855M) 61.506ms
[379.541s][info][gc,cpu         ] GC(897) User=0.13s Sys=0.00s Real=0.07s
[379.858s][info][gc,start       ] GC(898) Pause Young (Normal) (G1 Evacuation Pause)
[379.859s][info][gc,task        ] GC(898) Using 2 workers of 2 for evacuation
[379.928s][info][gc,phases      ] GC(898)   Pre Evacuate Collection Set: 0.30ms
[379.928s][info][gc,phases      ] GC(898)   Merge Heap Roots: 0.36ms
[379.928s][info][gc,phases      ] GC(898)   Evacuate Collection Set: 67.72ms
[379.928s][info][gc,phases      ] GC(898)   Post Evacuate Collection Set: 0.54ms
[379.928s][info][gc,phases      ] GC(898)   Other: 0.10ms
[379.928s][info][gc,heap        ] GC(898) Eden regions: 138->0(126)
[379.928s][info][gc,heap        ] GC(898) Survivor regions: 23->19(21)
[379.928s][info][gc,heap        ] GC(898) Old regions: 605->629
[379.928s][info][gc,heap        ] GC(898) Humongous regions: 8->8
[379.928s][info][gc,metaspace   ] GC(898) Metaspace: 18863K(19008K)->18863K(19008K) NonClass: 17033K(17152K)->17033K(17152K) Class: 1829K(1856K)->1829K(1856K)
[379.928s][info][gc             ] GC(898) Pause Young (Normal) (G1 Evacuation Pause) 773M->654M(855M) 69.277ms
[379.928s][info][gc,cpu         ] GC(898) User=0.14s Sys=0.00s Real=0.07s
[380.235s][info][gc,start       ] GC(899) Pause Young (Normal) (G1 Evacuation Pause)
[380.236s][info][gc,task        ] GC(899) Using 2 workers of 2 for evacuation
[380.313s][info][gc,phases      ] GC(899)   Pre Evacuate Collection Set: 0.28ms
[380.313s][info][gc,phases      ] GC(899)   Merge Heap Roots: 0.34ms
[380.313s][info][gc,phases      ] GC(899)   Evacuate Collection Set: 75.61ms
[380.313s][info][gc,phases      ] GC(899)   Post Evacuate Collection Set: 0.73ms
[380.313s][info][gc,phases      ] GC(899)   Other: 0.08ms
[380.313s][info][gc,heap        ] GC(899) Eden regions: 126->0(106)
[380.313s][info][gc,heap        ] GC(899) Survivor regions: 19->19(19)
[380.313s][info][gc,heap        ] GC(899) Old regions: 629->667
[380.313s][info][gc,heap        ] GC(899) Humongous regions: 8->8
[380.313s][info][gc,metaspace   ] GC(899) Metaspace: 18863K(19008K)->18863K(19008K) NonClass: 17033K(17152K)->17033K(17152K) Class: 1829K(1856K)->1829K(1856K)
[380.313s][info][gc             ] GC(899) Pause Young (Normal) (G1 Evacuation Pause) 780M->692M(880M) 77.277ms
[380.313s][info][gc,cpu         ] GC(899) User=0.15s Sys=0.00s Real=0.08s
[380.380s][info][gc,marking     ] GC(893) Concurrent Mark From Roots 1829.490ms
[380.380s][info][gc,marking     ] GC(893) Concurrent Preclean
[380.380s][info][gc,marking     ] GC(893) Concurrent Preclean 0.034ms
[380.380s][info][gc,start       ] GC(893) Pause Remark
[380.389s][info][gc             ] GC(893) Pause Remark 732M->677M(978M) 9.387ms
[380.389s][info][gc,cpu         ] GC(893) User=0.02s Sys=0.00s Real=0.01s
[380.389s][info][gc,marking     ] GC(893) Concurrent Mark 1839.286ms
[380.389s][info][gc,marking     ] GC(893) Concurrent Rebuild Remembered Sets and Scrub Regions
[380.537s][info][gc,start       ] GC(900) Pause Young (Normal) (G1 Evacuation Pause)
[380.537s][info][gc,task        ] GC(900) Using 2 workers of 2 for evacuation
[380.623s][info][gc,phases      ] GC(900)   Pre Evacuate Collection Set: 0.33ms
[380.623s][info][gc,phases      ] GC(900)   Merge Heap Roots: 0.18ms
[380.623s][info][gc,phases      ] GC(900)   Evacuate Collection Set: 84.13ms
[380.623s][info][gc,phases      ] GC(900)   Post Evacuate Collection Set: 0.42ms
[380.623s][info][gc,phases      ] GC(900)   Other: 0.09ms
[380.623s][info][gc,heap        ] GC(900) Eden regions: 106->0(166)
[380.623s][info][gc,heap        ] GC(900) Survivor regions: 19->16(16)
[380.623s][info][gc,heap        ] GC(900) Old regions: 613->658
[380.623s][info][gc,heap        ] GC(900) Humongous regions: 7->7
[380.623s][info][gc,metaspace   ] GC(900) Metaspace: 18863K(19008K)->18863K(19008K) NonClass: 17033K(17152K)->17033K(17152K) Class: 1829K(1856K)->1829K(1856K)
[380.623s][info][gc             ] GC(900) Pause Young (Normal) (G1 Evacuation Pause) 743M->679M(978M) 85.459ms
[380.623s][info][gc,cpu         ] GC(900) User=0.15s Sys=0.01s Real=0.09s
[380.805s][info][gc,start       ] GC(901) Pause Young (Normal) (G1 Evacuation Pause)
[380.805s][info][gc,task        ] GC(901) Using 2 workers of 2 for evacuation
[380.862s][info][gc,phases      ] GC(901)   Pre Evacuate Collection Set: 0.55ms
[380.862s][info][gc,phases      ] GC(901)   Merge Heap Roots: 0.20ms
[380.862s][info][gc,phases      ] GC(901)   Evacuate Collection Set: 56.12ms
[380.862s][info][gc,phases      ] GC(901)   Post Evacuate Collection Set: 0.55ms
[380.862s][info][gc,phases      ] GC(901)   Other: 0.09ms
[380.862s][info][gc,heap        ] GC(901) Eden regions: 166->0(149)
[380.862s][info][gc,heap        ] GC(901) Survivor regions: 16->23(23)
[380.862s][info][gc,heap        ] GC(901) Old regions: 658->687
[380.862s][info][gc,heap        ] GC(901) Humongous regions: 7->7
[380.862s][info][gc,metaspace   ] GC(901) Metaspace: 18863K(19008K)->18863K(19008K) NonClass: 17033K(17152K)->17033K(17152K) Class: 1829K(1856K)->1829K(1856K)
[380.862s][info][gc             ] GC(901) Pause Young (Normal) (G1 Evacuation Pause) 845M->715M(978M) 57.775ms
[380.862s][info][gc,cpu         ] GC(901) User=0.11s Sys=0.00s Real=0.06s
[380.984s][info][gc,start       ] GC(902) Pause Young (Normal) (G1 Evacuation Pause)
[380.984s][info][gc,task        ] GC(902) Using 2 workers of 2 for evacuation
[381.046s][info][gc,phases      ] GC(902)   Pre Evacuate Collection Set: 0.36ms
[381.046s][info][gc,phases      ] GC(902)   Merge Heap Roots: 0.32ms
[381.046s][info][gc,phases      ] GC(902)   Evacuate Collection Set: 60.79ms
[381.046s][info][gc,phases      ] GC(902)   Post Evacuate Collection Set: 0.49ms
[381.046s][info][gc,phases      ] GC(902)   Other: 0.10ms
[381.046s][info][gc,heap        ] GC(902) Eden regions: 149->0(132)
[381.046s][info][gc,heap        ] GC(902) Survivor regions: 23->22(22)
[381.046s][info][gc,heap        ] GC(902) Old regions: 687->721
[381.046s][info][gc,heap        ] GC(902) Humongous regions: 7->7
[381.046s][info][gc,metaspace   ] GC(902) Metaspace: 18863K(19008K)->18863K(19008K) NonClass: 17033K(17152K)->17033K(17152K) Class: 1829K(1856K)->1829K(1856K)
[381.046s][info][gc             ] GC(902) Pause Young (Normal) (G1 Evacuation Pause) 864M->748M(978M) 62.314ms
[381.046s][info][gc,cpu         ] GC(902) User=0.12s Sys=0.00s Real=0.06s
[381.149s][info][gc,marking     ] GC(893) Concurrent Rebuild Remembered Sets and Scrub Regions 759.814ms
[381.150s][info][gc,start       ] GC(893) Pause Cleanup
[381.150s][info][gc             ] GC(893) Pause Cleanup 816M->816M(978M) 0.170ms
[381.150s][info][gc,cpu         ] GC(893) User=0.00s Sys=0.00s Real=0.00s
[381.150s][info][gc,marking     ] GC(893) Concurrent Clear Claimed Marks
[381.150s][info][gc,marking     ] GC(893) Concurrent Clear Claimed Marks 0.049ms
[381.150s][info][gc,marking     ] GC(893) Concurrent Cleanup for Next Mark
[381.160s][info][gc,marking     ] GC(893) Concurrent Cleanup for Next Mark 9.425ms
[381.160s][info][gc             ] GC(893) Concurrent Mark Cycle 2666.342ms
[381.212s][info][gc,start       ] GC(903) Pause Young (Prepare Mixed) (G1 Evacuation Pause)
[381.212s][info][gc,task        ] GC(903) Using 2 workers of 2 for evacuation
[381.255s][info][gc,phases      ] GC(903)   Pre Evacuate Collection Set: 0.55ms
[381.255s][info][gc,phases      ] GC(903)   Merge Heap Roots: 0.32ms
[381.255s][info][gc,phases      ] GC(903)   Evacuate Collection Set: 41.62ms
[381.255s][info][gc,phases      ] GC(903)   Post Evacuate Collection Set: 0.50ms
[381.255s][info][gc,phases      ] GC(903)   Other: 0.11ms
[381.255s][info][gc,heap        ] GC(903) Eden regions: 132->0(132)
[381.255s][info][gc,heap        ] GC(903) Survivor regions: 22->13(20)
[381.255s][info][gc,heap        ] GC(903) Old regions: 721->743
[381.255s][info][gc,heap        ] GC(903) Humongous regions: 7->7
[381.255s][info][gc,metaspace   ] GC(903) Metaspace: 18863K(19008K)->18863K(19008K) NonClass: 17033K(17152K)->17033K(17152K) Class: 1829K(1856K)->1829K(1856K)
[381.255s][info][gc             ] GC(903) Pause Young (Prepare Mixed) (G1 Evacuation Pause) 880M->761M(978M) 43.376ms
[381.255s][info][gc,cpu         ] GC(903) User=0.08s Sys=0.00s Real=0.04s
[381.334s][info][gc,start       ] GC(904) Pause Young (Mixed) (G1 Evacuation Pause)
[381.334s][info][gc,task        ] GC(904) Using 2 workers of 2 for evacuation
[381.362s][info][gc,phases      ] GC(904)   Pre Evacuate Collection Set: 0.34ms
[381.362s][info][gc,phases      ] GC(904)   Merge Heap Roots: 0.29ms
[381.362s][info][gc,phases      ] GC(904)   Evacuate Collection Set: 26.21ms
[381.362s][info][gc,phases      ] GC(904)   Post Evacuate Collection Set: 0.50ms
[381.362s][info][gc,phases      ] GC(904)   Other: 0.08ms
[381.362s][info][gc,heap        ] GC(904) Eden regions: 132->0(158)
[381.362s][info][gc,heap        ] GC(904) Survivor regions: 13->3(19)
[381.362s][info][gc,heap        ] GC(904) Old regions: 743->728
[381.362s][info][gc,heap        ] GC(904) Humongous regions: 7->7
[381.362s][info][gc,metaspace   ] GC(904) Metaspace: 18863K(19008K)->18863K(19008K) NonClass: 17033K(17152K)->17033K(17152K) Class: 1829K(1856K)->1829K(1856K)
[381.362s][info][gc             ] GC(904) Pause Young (Mixed) (G1 Evacuation Pause) 893M->736M(978M) 27.673ms
[381.362s][info][gc,cpu         ] GC(904) User=0.05s Sys=0.00s Real=0.03s
[381.467s][info][gc,start       ] GC(905) Pause Young (Concurrent Start) (G1 Humongous Allocation)
[381.467s][info][gc,task        ] GC(905) Using 2 workers of 2 for evacuation
[381.492s][info][gc,phases      ] GC(905)   Pre Evacuate Collection Set: 0.32ms
[381.492s][info][gc,phases      ] GC(905)   Merge Heap Roots: 0.32ms
[381.492s][info][gc,phases      ] GC(905)   Evacuate Collection Set: 23.73ms
[381.492s][info][gc,phases      ] GC(905)   Post Evacuate Collection Set: 0.51ms
[381.492s][info][gc,phases      ] GC(905)   Other: 0.12ms
[381.492s][info][gc,heap        ] GC(905) Eden regions: 78->0(161)
[381.492s][info][gc,heap        ] GC(905) Survivor regions: 3->10(21)
[381.492s][info][gc,heap        ] GC(905) Old regions: 728->728
[381.492s][info][gc,heap        ] GC(905) Humongous regions: 7->7
[381.492s][info][gc,metaspace   ] GC(905) Metaspace: 18863K(19008K)->18863K(19008K) NonClass: 17033K(17152K)->17033K(17152K) Class: 1829K(1856K)->1829K(1856K)
[381.492s][info][gc             ] GC(905) Pause Young (Concurrent Start) (G1 Humongous Allocation) 814M->743M(978M) 25.275ms
[381.492s][info][gc,cpu         ] GC(905) User=0.05s Sys=0.00s Real=0.03s
[381.492s][info][gc             ] GC(906) Concurrent Mark Cycle
[381.492s][info][gc,marking     ] GC(906) Concurrent Scan Root Regions
[381.524s][info][gc,marking     ] GC(906) Concurrent Scan Root Regions 32.506ms
[381.524s][info][gc,marking     ] GC(906) Concurrent Mark
[381.524s][info][gc,marking     ] GC(906) Concurrent Mark From Roots
[381.525s][info][gc,task        ] GC(906) Using 1 workers of 1 for marking
[381.810s][info][gc,start       ] GC(907) Pause Young (Normal) (G1 Evacuation Pause)
[381.810s][info][gc,task        ] GC(907) Using 2 workers of 2 for evacuation
[381.889s][info][gc,phases      ] GC(907)   Pre Evacuate Collection Set: 0.35ms
[381.889s][info][gc,phases      ] GC(907)   Merge Heap Roots: 0.39ms
[381.889s][info][gc,phases      ] GC(907)   Evacuate Collection Set: 77.60ms
[381.889s][info][gc,phases      ] GC(907)   Post Evacuate Collection Set: 0.57ms
[381.889s][info][gc,phases      ] GC(907)   Other: 0.09ms
[381.889s][info][gc,heap        ] GC(907) Eden regions: 161->0(119)
[381.889s][info][gc,heap        ] GC(907) Survivor regions: 10->22(22)
[381.889s][info][gc,heap        ] GC(907) Old regions: 728->755
[381.889s][info][gc,heap        ] GC(907) Humongous regions: 10->10
[381.889s][info][gc,metaspace   ] GC(907) Metaspace: 18863K(19008K)->18863K(19008K) NonClass: 17033K(17152K)->17033K(17152K) Class: 1829K(1856K)->1829K(1856K)
[381.889s][info][gc             ] GC(907) Pause Young (Normal) (G1 Evacuation Pause) 907M->785M(978M) 79.276ms
[381.889s][info][gc,cpu         ] GC(907) User=0.15s Sys=0.00s Real=0.08s
[382.116s][info][gc,start       ] GC(908) Pause Young (Normal) (G1 Evacuation Pause)
[382.116s][info][gc,task        ] GC(908) Using 2 workers of 2 for evacuation
[382.180s][info][gc,phases      ] GC(908)   Pre Evacuate Collection Set: 0.56ms
[382.180s][info][gc,phases      ] GC(908)   Merge Heap Roots: 0.36ms
[382.180s][info][gc,phases      ] GC(908)   Evacuate Collection Set: 62.05ms
[382.180s][info][gc,phases      ] GC(908)   Post Evacuate Collection Set: 0.44ms
[382.180s][info][gc,phases      ] GC(908)   Other: 0.09ms
[382.180s][info][gc,heap        ] GC(908) Eden regions: 119->0(103)
[382.180s][info][gc,heap        ] GC(908) Survivor regions: 22->18(18)
[382.180s][info][gc,heap        ] GC(908) Old regions: 755->779
[382.180s][info][gc,heap        ] GC(908) Humongous regions: 10->10
[382.180s][info][gc,metaspace   ] GC(908) Metaspace: 18863K(19008K)->18863K(19008K) NonClass: 17033K(17152K)->17033K(17152K) Class: 1829K(1856K)->1829K(1856K)
[382.180s][info][gc             ] GC(908) Pause Young (Normal) (G1 Evacuation Pause) 904M->805M(978M) 63.735ms
[382.180s][info][gc,cpu         ] GC(908) User=0.12s Sys=0.00s Real=0.06s
[382.336s][info][gc,marking     ] GC(906) Concurrent Mark From Roots 811.197ms
[382.336s][info][gc,marking     ] GC(906) Concurrent Preclean
[382.336s][info][gc,marking     ] GC(906) Concurrent Preclean 0.034ms
[382.336s][info][gc,start       ] GC(906) Pause Remark
[382.345s][info][gc             ] GC(906) Pause Remark 882M->519M(978M) 8.663ms
[382.345s][info][gc,cpu         ] GC(906) User=0.01s Sys=0.00s Real=0.01s
[382.346s][info][gc,marking     ] GC(906) Concurrent Mark 821.925ms
[382.346s][info][gc,marking     ] GC(906) Concurrent Rebuild Remembered Sets and Scrub Regions
[382.391s][info][gc,start       ] GC(909) Pause Young (Normal) (G1 Evacuation Pause)
[382.391s][info][gc,task        ] GC(909) Using 2 workers of 2 for evacuation
[382.424s][info][gc,phases      ] GC(909)   Pre Evacuate Collection Set: 0.53ms
[382.424s][info][gc,phases      ] GC(909)   Merge Heap Roots: 0.19ms
[382.424s][info][gc,phases      ] GC(909)   Evacuate Collection Set: 32.23ms
[382.424s][info][gc,phases      ] GC(909)   Post Evacuate Collection Set: 0.43ms
[382.424s][info][gc,phases      ] GC(909)   Other: 0.10ms
[382.424s][info][gc,heap        ] GC(909) Eden regions: 103->0(364)
[382.424s][info][gc,heap        ] GC(909) Survivor regions: 18->8(16)
[382.424s][info][gc,heap        ] GC(909) Old regions: 421->439
[382.424s][info][gc,heap        ] GC(909) Humongous regions: 5->5
[382.424s][info][gc,metaspace   ] GC(909) Metaspace: 18863K(19008K)->18863K(19008K) NonClass: 17033K(17152K)->17033K(17152K) Class: 1829K(1856K)->1829K(1856K)
[382.424s][info][gc             ] GC(909) Pause Young (Normal) (G1 Evacuation Pause) 545M->451M(978M) 33.756ms
[382.425s][info][gc,cpu         ] GC(909) User=0.07s Sys=0.00s Real=0.03s
[382.684s][info][gc,marking     ] GC(906) Concurrent Rebuild Remembered Sets and Scrub Regions 337.574ms
[382.684s][info][gc,start       ] GC(906) Pause Cleanup
[382.684s][info][gc             ] GC(906) Pause Cleanup 594M->594M(978M) 0.154ms
[382.684s][info][gc,cpu         ] GC(906) User=0.00s Sys=0.00s Real=0.00s
[382.684s][info][gc,marking     ] GC(906) Concurrent Clear Claimed Marks
[382.685s][info][gc,marking     ] GC(906) Concurrent Clear Claimed Marks 0.030ms
[382.685s][info][gc,marking     ] GC(906) Concurrent Cleanup for Next Mark
[382.687s][info][gc,marking     ] GC(906) Concurrent Cleanup for Next Mark 2.973ms
[382.688s][info][gc             ] GC(906) Concurrent Mark Cycle 1195.672ms
[382.985s][info][gc,start       ] GC(910) Pause Young (Prepare Mixed) (G1 Evacuation Pause)
[382.985s][info][gc,task        ] GC(910) Using 2 workers of 2 for evacuation
[383.019s][info][gc,phases      ] GC(910)   Pre Evacuate Collection Set: 0.32ms
[383.019s][info][gc,phases      ] GC(910)   Merge Heap Roots: 0.30ms
[383.019s][info][gc,phases      ] GC(910)   Evacuate Collection Set: 31.94ms
[383.019s][info][gc,phases      ] GC(910)   Post Evacuate Collection Set: 0.70ms
[383.019s][info][gc,phases      ] GC(910)   Other: 0.09ms
[383.019s][info][gc,heap        ] GC(910) Eden regions: 364->0(374)
[383.019s][info][gc,heap        ] GC(910) Survivor regions: 8->20(47)
[383.019s][info][gc,heap        ] GC(910) Old regions: 439->439
[383.019s][info][gc,heap        ] GC(910) Humongous regions: 5->5
[383.019s][info][gc,metaspace   ] GC(910) Metaspace: 18863K(19008K)->18863K(19008K) NonClass: 17033K(17152K)->17033K(17152K) Class: 1829K(1856K)->1829K(1856K)
[383.019s][info][gc             ] GC(910) Pause Young (Prepare Mixed) (G1 Evacuation Pause) 815M->463M(978M) 33.579ms
[383.019s][info][gc,cpu         ] GC(910) User=0.07s Sys=0.00s Real=0.03s
[383.942s][info][gc,start       ] GC(911) Pause Young (Mixed) (G1 Evacuation Pause)
[383.942s][info][gc,task        ] GC(911) Using 2 workers of 2 for evacuation
[383.992s][info][gc,phases      ] GC(911)   Pre Evacuate Collection Set: 0.63ms
[383.992s][info][gc,phases      ] GC(911)   Merge Heap Roots: 0.46ms
[383.992s][info][gc,phases      ] GC(911)   Evacuate Collection Set: 47.62ms
[383.992s][info][gc,phases      ] GC(911)   Post Evacuate Collection Set: 0.80ms
[383.992s][info][gc,phases      ] GC(911)   Other: 0.11ms
[383.992s][info][gc,heap        ] GC(911) Eden regions: 374->0(455)
[383.992s][info][gc,heap        ] GC(911) Survivor regions: 20->35(50)
[383.992s][info][gc,heap        ] GC(911) Old regions: 439->342
[383.992s][info][gc,heap        ] GC(911) Humongous regions: 5->5
[383.992s][info][gc,metaspace   ] GC(911) Metaspace: 18863K(19008K)->18863K(19008K) NonClass: 17033K(17152K)->17033K(17152K) Class: 1829K(1856K)->1829K(1856K)
[383.992s][info][gc             ] GC(911) Pause Young (Mixed) (G1 Evacuation Pause) 837M->381M(978M) 49.893ms
[383.992s][info][gc,cpu         ] GC(911) User=0.09s Sys=0.00s Real=0.05s
[384.767s][info][gc,start       ] GC(912) Pause Young (Mixed) (G1 Evacuation Pause)
[384.767s][info][gc,task        ] GC(912) Using 2 workers of 2 for evacuation
[384.895s][info][gc,phases      ] GC(912)   Pre Evacuate Collection Set: 0.54ms
[384.895s][info][gc,phases      ] GC(912)   Merge Heap Roots: 0.55ms
[384.895s][info][gc,phases      ] GC(912)   Evacuate Collection Set: 125.88ms
[384.895s][info][gc,phases      ] GC(912)   Post Evacuate Collection Set: 1.11ms
[384.895s][info][gc,phases      ] GC(912)   Other: 0.13ms
[384.895s][info][gc,heap        ] GC(912) Eden regions: 455->0(365)
[384.896s][info][gc,heap        ] GC(912) Survivor regions: 35->62(62)
[384.896s][info][gc,heap        ] GC(912) Old regions: 342->390
[384.896s][info][gc,heap        ] GC(912) Humongous regions: 5->5
[384.896s][info][gc,metaspace   ] GC(912) Metaspace: 18863K(19008K)->18863K(19008K) NonClass: 17033K(17152K)->17033K(17152K) Class: 1829K(1856K)->1829K(1856K)
[384.896s][info][gc             ] GC(912) Pause Young (Mixed) (G1 Evacuation Pause) 836M->456M(978M) 128.488ms
[384.896s][info][gc,cpu         ] GC(912) User=0.25s Sys=0.00s Real=0.13s
[385.087s][info][gc,start       ] GC(913) Pause Young (Concurrent Start) (G1 Humongous Allocation)
[385.087s][info][gc,task        ] GC(913) Using 2 workers of 2 for evacuation
[385.197s][info][gc,phases      ] GC(913)   Pre Evacuate Collection Set: 0.35ms
[385.197s][info][gc,phases      ] GC(913)   Merge Heap Roots: 0.83ms
[385.197s][info][gc,phases      ] GC(913)   Evacuate Collection Set: 107.84ms
[385.197s][info][gc,phases      ] GC(913)   Post Evacuate Collection Set: 0.71ms
[385.197s][info][gc,phases      ] GC(913)   Other: 0.11ms
[385.197s][info][gc,heap        ] GC(913) Eden regions: 150->0(376)
[385.197s][info][gc,heap        ] GC(913) Survivor regions: 62->9(48)
[385.197s][info][gc,heap        ] GC(913) Old regions: 390->453
[385.197s][info][gc,heap        ] GC(913) Humongous regions: 5->5
[385.197s][info][gc,metaspace   ] GC(913) Metaspace: 18863K(19008K)->18863K(19008K) NonClass: 17033K(17152K)->17033K(17152K) Class: 1829K(1856K)->1829K(1856K)
[385.197s][info][gc             ] GC(913) Pause Young (Concurrent Start) (G1 Humongous Allocation) 606M->465M(978M) 110.119ms
[385.197s][info][gc,cpu         ] GC(913) User=0.21s Sys=0.00s Real=0.11s
[385.197s][info][gc             ] GC(914) Concurrent Mark Cycle
[385.197s][info][gc,marking     ] GC(914) Concurrent Scan Root Regions
[385.316s][info][gc,marking     ] GC(914) Concurrent Scan Root Regions 119.239ms
[385.316s][info][gc,marking     ] GC(914) Concurrent Mark
[385.316s][info][gc,marking     ] GC(914) Concurrent Mark From Roots
[385.316s][info][gc,task        ] GC(914) Using 1 workers of 1 for marking
[386.070s][info][gc,start       ] GC(915) Pause Young (Normal) (G1 Evacuation Pause)
[386.071s][info][gc,task        ] GC(915) Using 2 workers of 2 for evacuation
[386.185s][info][gc,phases      ] GC(915)   Pre Evacuate Collection Set: 0.58ms
[386.185s][info][gc,phases      ] GC(915)   Merge Heap Roots: 0.65ms
[386.185s][info][gc,phases      ] GC(915)   Evacuate Collection Set: 112.39ms
[386.185s][info][gc,phases      ] GC(915)   Post Evacuate Collection Set: 0.90ms
[386.185s][info][gc,phases      ] GC(915)   Other: 0.14ms
[386.185s][info][gc,heap        ] GC(915) Eden regions: 376->0(314)
[386.185s][info][gc,heap        ] GC(915) Survivor regions: 9->49(49)
[386.185s][info][gc,heap        ] GC(915) Old regions: 453->475
[386.185s][info][gc,heap        ] GC(915) Humongous regions: 8->8
[386.185s][info][gc,metaspace   ] GC(915) Metaspace: 18864K(19008K)->18864K(19008K) NonClass: 17034K(17152K)->17034K(17152K) Class: 1829K(1856K)->1829K(1856K)
[386.185s][info][gc             ] GC(915) Pause Young (Normal) (G1 Evacuation Pause) 844M->531M(978M) 114.936ms
[386.185s][info][gc,cpu         ] GC(915) User=0.23s Sys=0.00s Real=0.11s
[386.478s][info][gc,marking     ] GC(914) Concurrent Mark From Roots 1162.051ms
[386.478s][info][gc,marking     ] GC(914) Concurrent Preclean
[386.478s][info][gc,marking     ] GC(914) Concurrent Preclean 0.031ms
[386.479s][info][gc,start       ] GC(914) Pause Remark
[386.487s][info][gc             ] GC(914) Pause Remark 732M->723M(978M) 8.761ms
[386.487s][info][gc,cpu         ] GC(914) User=0.02s Sys=0.00s Real=0.01s
[386.488s][info][gc,marking     ] GC(914) Concurrent Mark 1171.232ms
[386.488s][info][gc,marking     ] GC(914) Concurrent Rebuild Remembered Sets and Scrub Regions
[386.604s][info][gc,start       ] GC(916) Pause Young (Normal) (G1 Evacuation Pause)
[386.604s][info][gc,task        ] GC(916) Using 2 workers of 2 for evacuation
[386.721s][info][gc,phases      ] GC(916)   Pre Evacuate Collection Set: 0.32ms
[386.721s][info][gc,phases      ] GC(916)   Merge Heap Roots: 0.62ms
[386.721s][info][gc,phases      ] GC(916)   Evacuate Collection Set: 115.19ms
[386.721s][info][gc,phases      ] GC(916)   Post Evacuate Collection Set: 0.69ms
[386.721s][info][gc,phases      ] GC(916)   Other: 0.09ms
[386.721s][info][gc,heap        ] GC(916) Eden regions: 314->0(286)
[386.721s][info][gc,heap        ] GC(916) Survivor regions: 49->40(46)
[386.721s][info][gc,heap        ] GC(916) Old regions: 467->516
[386.721s][info][gc,heap        ] GC(916) Humongous regions: 7->7
[386.721s][info][gc,metaspace   ] GC(916) Metaspace: 18866K(19008K)->18866K(19008K) NonClass: 17036K(17152K)->17036K(17152K) Class: 1829K(1856K)->1829K(1856K)
[386.721s][info][gc             ] GC(916) Pause Young (Normal) (G1 Evacuation Pause) 836M->562M(978M) 117.191ms
[386.721s][info][gc,cpu         ] GC(916) User=0.24s Sys=0.00s Real=0.12s
[387.069s][info][gc,start       ] GC(917) Pause Young (Normal) (G1 Evacuation Pause)
[387.069s][info][gc,task        ] GC(917) Using 2 workers of 2 for evacuation
[387.121s][info][gc,phases      ] GC(917)   Pre Evacuate Collection Set: 0.55ms
[387.121s][info][gc,phases      ] GC(917)   Merge Heap Roots: 0.23ms
[387.121s][info][gc,phases      ] GC(917)   Evacuate Collection Set: 50.51ms
[387.121s][info][gc,phases      ] GC(917)   Post Evacuate Collection Set: 0.69ms
[387.121s][info][gc,phases      ] GC(917)   Other: 0.10ms
[387.121s][info][gc,heap        ] GC(917) Eden regions: 286->0(296)
[387.121s][info][gc,heap        ] GC(917) Survivor regions: 40->10(41)
[387.121s][info][gc,heap        ] GC(917) Old regions: 516->556
[387.121s][info][gc,heap        ] GC(917) Humongous regions: 7->7
[387.121s][info][gc,metaspace   ] GC(917) Metaspace: 18867K(19008K)->18867K(19008K) NonClass: 17037K(17152K)->17037K(17152K) Class: 1829K(1856K)->1829K(1856K)
[387.121s][info][gc             ] GC(917) Pause Young (Normal) (G1 Evacuation Pause) 848M->572M(978M) 52.394ms
[387.121s][info][gc,cpu         ] GC(917) User=0.10s Sys=0.00s Real=0.06s
[387.128s][info][gc,marking     ] GC(914) Concurrent Rebuild Remembered Sets and Scrub Regions 640.912ms
[387.129s][info][gc,start       ] GC(914) Pause Cleanup
[387.129s][info][gc             ] GC(914) Pause Cleanup 577M->577M(978M) 0.124ms
[387.129s][info][gc,cpu         ] GC(914) User=0.00s Sys=0.00s Real=0.00s
[387.129s][info][gc,marking     ] GC(914) Concurrent Clear Claimed Marks
[387.129s][info][gc,marking     ] GC(914) Concurrent Clear Claimed Marks 0.036ms
[387.129s][info][gc,marking     ] GC(914) Concurrent Cleanup for Next Mark
[387.134s][info][gc,marking     ] GC(914) Concurrent Cleanup for Next Mark 5.027ms
[387.134s][info][gc             ] GC(914) Concurrent Mark Cycle 1937.005ms
[387.453s][info][gc,start       ] GC(918) Pause Young (Prepare Mixed) (G1 Evacuation Pause)
[387.453s][info][gc,task        ] GC(918) Using 2 workers of 2 for evacuation
[387.530s][info][gc,phases      ] GC(918)   Pre Evacuate Collection Set: 0.35ms
[387.530s][info][gc,phases      ] GC(918)   Merge Heap Roots: 0.41ms
[387.530s][info][gc,phases      ] GC(918)   Evacuate Collection Set: 75.90ms
[387.530s][info][gc,phases      ] GC(918)   Post Evacuate Collection Set: 0.72ms
[387.530s][info][gc,phases      ] GC(918)   Other: 0.12ms
[387.530s][info][gc,heap        ] GC(918) Eden regions: 296->0(257)
[387.530s][info][gc,heap        ] GC(918) Survivor regions: 10->39(39)
[387.530s][info][gc,heap        ] GC(918) Old regions: 556->567
[387.530s][info][gc,heap        ] GC(918) Humongous regions: 8->8
[387.530s][info][gc,metaspace   ] GC(918) Metaspace: 18867K(19008K)->18867K(19008K) NonClass: 17037K(17152K)->17037K(17152K) Class: 1829K(1856K)->1829K(1856K)
[387.531s][info][gc             ] GC(918) Pause Young (Prepare Mixed) (G1 Evacuation Pause) 869M->613M(978M) 77.791ms
[387.531s][info][gc,cpu         ] GC(918) User=0.15s Sys=0.00s Real=0.08s
[388.099s][info][gc,start       ] GC(919) Pause Young (Mixed) (G1 Evacuation Pause)
[388.099s][info][gc,task        ] GC(919) Using 2 workers of 2 for evacuation
[388.173s][info][gc,phases      ] GC(919)   Pre Evacuate Collection Set: 0.35ms
[388.173s][info][gc,phases      ] GC(919)   Merge Heap Roots: 0.41ms
[388.173s][info][gc,phases      ] GC(919)   Evacuate Collection Set: 72.48ms
[388.173s][info][gc,phases      ] GC(919)   Post Evacuate Collection Set: 0.63ms
[388.173s][info][gc,phases      ] GC(919)   Other: 0.11ms
[388.173s][info][gc,heap        ] GC(919) Eden regions: 257->0(270)
[388.173s][info][gc,heap        ] GC(919) Survivor regions: 39->10(37)
[388.174s][info][gc,heap        ] GC(919) Old regions: 567->595
[388.174s][info][gc,heap        ] GC(919) Humongous regions: 8->8
[388.174s][info][gc,metaspace   ] GC(919) Metaspace: 18874K(19072K)->18874K(19072K) NonClass: 17044K(17216K)->17044K(17216K) Class: 1829K(1856K)->1829K(1856K)
[388.174s][info][gc             ] GC(919) Pause Young (Mixed) (G1 Evacuation Pause) 870M->612M(978M) 74.242ms
[388.174s][info][gc,cpu         ] GC(919) User=0.14s Sys=0.00s Real=0.08s
[388.770s][info][gc,start       ] GC(920) Pause Young (Concurrent Start) (G1 Evacuation Pause)
[388.770s][info][gc,task        ] GC(920) Using 2 workers of 2 for evacuation
[388.813s][info][gc,phases      ] GC(920)   Pre Evacuate Collection Set: 0.41ms
[388.813s][info][gc,phases      ] GC(920)   Merge Heap Roots: 0.35ms
[388.813s][info][gc,phases      ] GC(920)   Evacuate Collection Set: 41.15ms
[388.813s][info][gc,phases      ] GC(920)   Post Evacuate Collection Set: 0.64ms
[388.813s][info][gc,phases      ] GC(920)   Other: 0.15ms
[388.813s][info][gc,heap        ] GC(920) Eden regions: 270->0(261)
[388.813s][info][gc,heap        ] GC(920) Survivor regions: 10->28(35)
[388.813s][info][gc,heap        ] GC(920) Old regions: 595->595
[388.813s][info][gc,heap        ] GC(920) Humongous regions: 8->8
[388.813s][info][gc,metaspace   ] GC(920) Metaspace: 18887K(19072K)->18887K(19072K) NonClass: 17057K(17216K)->17057K(17216K) Class: 1829K(1856K)->1829K(1856K)
[388.813s][info][gc             ] GC(920) Pause Young (Concurrent Start) (G1 Evacuation Pause) 882M->630M(978M) 42.958ms
[388.813s][info][gc             ] GC(921) Concurrent Mark Cycle
[388.813s][info][gc,marking     ] GC(921) Concurrent Scan Root Regions
[388.816s][info][gc,cpu         ] GC(920) User=0.09s Sys=0.00s Real=0.05s
[388.858s][info][gc,marking     ] GC(921) Concurrent Scan Root Regions 44.908ms
[388.858s][info][gc,marking     ] GC(921) Concurrent Mark
[388.858s][info][gc,marking     ] GC(921) Concurrent Mark From Roots
[388.858s][info][gc,task        ] GC(921) Using 1 workers of 1 for marking
[389.584s][info][gc,start       ] GC(922) Pause Young (Normal) (G1 Evacuation Pause)
[389.584s][info][gc,task        ] GC(922) Using 2 workers of 2 for evacuation
[389.650s][info][gc,phases      ] GC(922)   Pre Evacuate Collection Set: 0.35ms
[389.650s][info][gc,phases      ] GC(922)   Merge Heap Roots: 0.20ms
[389.650s][info][gc,phases      ] GC(922)   Evacuate Collection Set: 64.68ms
[389.650s][info][gc,phases      ] GC(922)   Post Evacuate Collection Set: 0.70ms
[389.650s][info][gc,phases      ] GC(922)   Other: 0.12ms
[389.650s][info][gc,heap        ] GC(922) Eden regions: 261->0(230)
[389.650s][info][gc,heap        ] GC(922) Survivor regions: 28->37(37)
[389.650s][info][gc,heap        ] GC(922) Old regions: 595->616
[389.650s][info][gc,heap        ] GC(922) Humongous regions: 8->8
[389.650s][info][gc,metaspace   ] GC(922) Metaspace: 18887K(19072K)->18887K(19072K) NonClass: 17057K(17216K)->17057K(17216K) Class: 1829K(1856K)->1829K(1856K)
[389.650s][info][gc             ] GC(922) Pause Young (Normal) (G1 Evacuation Pause) 891M->660M(978M) 66.321ms
[389.650s][info][gc,cpu         ] GC(922) User=0.13s Sys=0.00s Real=0.06s
[390.201s][info][gc,marking     ] GC(921) Concurrent Mark From Roots 1343.320ms
[390.201s][info][gc,marking     ] GC(921) Concurrent Preclean
[390.201s][info][gc,marking     ] GC(921) Concurrent Preclean 0.037ms
[390.201s][info][gc,start       ] GC(921) Pause Remark
[390.212s][info][gc             ] GC(921) Pause Remark 834M->740M(978M) 10.333ms
[390.212s][info][gc,cpu         ] GC(921) User=0.02s Sys=0.00s Real=0.01s
[390.213s][info][gc,marking     ] GC(921) Concurrent Mark 1355.575ms
[390.213s][info][gc,marking     ] GC(921) Concurrent Rebuild Remembered Sets and Scrub Regions
[390.312s][info][gc,start       ] GC(923) Pause Young (Normal) (G1 Evacuation Pause)
[390.312s][info][gc,task        ] GC(923) Using 2 workers of 2 for evacuation
[390.422s][info][gc,phases      ] GC(923)   Pre Evacuate Collection Set: 0.56ms
[390.422s][info][gc,phases      ] GC(923)   Merge Heap Roots: 0.45ms
[390.422s][info][gc,phases      ] GC(923)   Evacuate Collection Set: 108.45ms
[390.422s][info][gc,phases      ] GC(923)   Post Evacuate Collection Set: 0.68ms
[390.422s][info][gc,phases      ] GC(923)   Other: 0.12ms
[390.422s][info][gc,heap        ] GC(923) Eden regions: 230->0(243)
[390.422s][info][gc,heap        ] GC(923) Survivor regions: 37->34(34)
[390.422s][info][gc,heap        ] GC(923) Old regions: 525->582
[390.422s][info][gc,heap        ] GC(923) Humongous regions: 5->5
[390.422s][info][gc,metaspace   ] GC(923) Metaspace: 18887K(19072K)->18887K(19072K) NonClass: 17057K(17216K)->17057K(17216K) Class: 1829K(1856K)->1829K(1856K)
[390.422s][info][gc             ] GC(923) Pause Young (Normal) (G1 Evacuation Pause) 796M->620M(978M) 110.554ms
[390.422s][info][gc,cpu         ] GC(923) User=0.22s Sys=0.00s Real=0.11s
[390.829s][info][gc,start       ] GC(924) Pause Young (Normal) (G1 Evacuation Pause)
[390.829s][info][gc,task        ] GC(924) Using 2 workers of 2 for evacuation
[390.960s][info][gc,phases      ] GC(924)   Pre Evacuate Collection Set: 0.33ms
[390.960s][info][gc,phases      ] GC(924)   Merge Heap Roots: 0.50ms
[390.960s][info][gc,phases      ] GC(924)   Evacuate Collection Set: 129.83ms
[390.960s][info][gc,phases      ] GC(924)   Post Evacuate Collection Set: 0.87ms
[390.960s][info][gc,phases      ] GC(924)   Other: 0.10ms
[390.960s][info][gc,heap        ] GC(924) Eden regions: 243->0(173)
[390.960s][info][gc,heap        ] GC(924) Survivor regions: 34->35(35)
[390.960s][info][gc,heap        ] GC(924) Old regions: 582->648
[390.960s][info][gc,heap        ] GC(924) Humongous regions: 8->8
[390.960s][info][gc,metaspace   ] GC(924) Metaspace: 18887K(19072K)->18887K(19072K) NonClass: 17057K(17216K)->17057K(17216K) Class: 1829K(1856K)->1829K(1856K)
[390.960s][info][gc             ] GC(924) Pause Young (Normal) (G1 Evacuation Pause) 866M->690M(978M) 131.934ms
[390.961s][info][gc,cpu         ] GC(924) User=0.26s Sys=0.00s Real=0.14s
[390.998s][info][gc,marking     ] GC(921) Concurrent Rebuild Remembered Sets and Scrub Regions 784.783ms
[390.998s][info][gc,start       ] GC(921) Pause Cleanup
[390.999s][info][gc             ] GC(921) Pause Cleanup 727M->727M(978M) 0.180ms
[390.999s][info][gc,cpu         ] GC(921) User=0.00s Sys=0.00s Real=0.00s
[390.999s][info][gc,marking     ] GC(921) Concurrent Clear Claimed Marks
[390.999s][info][gc,marking     ] GC(921) Concurrent Clear Claimed Marks 0.036ms
[390.999s][info][gc,marking     ] GC(921) Concurrent Cleanup for Next Mark
[391.004s][info][gc,marking     ] GC(921) Concurrent Cleanup for Next Mark 5.002ms
[391.004s][info][gc             ] GC(921) Concurrent Mark Cycle 2190.934ms
[391.085s][info][gc,start       ] GC(925) Pause Young (Prepare Mixed) (G1 Evacuation Pause)
[391.085s][info][gc,task        ] GC(925) Using 2 workers of 2 for evacuation
[391.204s][info][gc,phases      ] GC(925)   Pre Evacuate Collection Set: 0.55ms
[391.204s][info][gc,phases      ] GC(925)   Merge Heap Roots: 0.50ms
[391.204s][info][gc,phases      ] GC(925)   Evacuate Collection Set: 117.35ms
[391.204s][info][gc,phases      ] GC(925)   Post Evacuate Collection Set: 0.74ms
[391.204s][info][gc,phases      ] GC(925)   Other: 0.11ms
[391.204s][info][gc,heap        ] GC(925) Eden regions: 173->0(132)
[391.204s][info][gc,heap        ] GC(925) Survivor regions: 35->26(26)
[391.204s][info][gc,heap        ] GC(925) Old regions: 648->715
[391.204s][info][gc,heap        ] GC(925) Humongous regions: 8->8
[391.204s][info][gc,metaspace   ] GC(925) Metaspace: 18887K(19072K)->18887K(19072K) NonClass: 17057K(17216K)->17057K(17216K) Class: 1829K(1856K)->1829K(1856K)
[391.204s][info][gc             ] GC(925) Pause Young (Prepare Mixed) (G1 Evacuation Pause) 863M->748M(978M) 119.518ms
[391.204s][info][gc,cpu         ] GC(925) User=0.24s Sys=0.00s Real=0.12s
[391.412s][info][gc,start       ] GC(926) Pause Young (Mixed) (G1 Evacuation Pause)
[391.412s][info][gc,task        ] GC(926) Using 2 workers of 2 for evacuation
[391.530s][info][gc,phases      ] GC(926)   Pre Evacuate Collection Set: 0.49ms
[391.530s][info][gc,phases      ] GC(926)   Merge Heap Roots: 1.29ms
[391.530s][info][gc,phases      ] GC(926)   Evacuate Collection Set: 114.92ms
[391.530s][info][gc,phases      ] GC(926)   Post Evacuate Collection Set: 0.76ms
[391.530s][info][gc,phases      ] GC(926)   Other: 0.11ms
[391.530s][info][gc,heap        ] GC(926) Eden regions: 132->0(165)
[391.530s][info][gc,heap        ] GC(926) Survivor regions: 26->18(20)
[391.530s][info][gc,heap        ] GC(926) Old regions: 715->674
[391.530s][info][gc,heap        ] GC(926) Humongous regions: 8->8
[391.530s][info][gc,metaspace   ] GC(926) Metaspace: 18887K(19072K)->18887K(19072K) NonClass: 17057K(17216K)->17057K(17216K) Class: 1829K(1856K)->1829K(1856K)
[391.530s][info][gc             ] GC(926) Pause Young (Mixed) (G1 Evacuation Pause) 880M->699M(978M) 117.848ms
[391.530s][info][gc,cpu         ] GC(926) User=0.24s Sys=0.00s Real=0.11s
[391.649s][info][gc,start       ] GC(927) Pause Young (Concurrent Start) (G1 Evacuation Pause)
[391.649s][info][gc,task        ] GC(927) Using 2 workers of 2 for evacuation
[391.695s][info][gc,phases      ] GC(927)   Pre Evacuate Collection Set: 0.40ms
[391.695s][info][gc,phases      ] GC(927)   Merge Heap Roots: 0.40ms
[391.695s][info][gc,phases      ] GC(927)   Evacuate Collection Set: 44.34ms
[391.695s][info][gc,phases      ] GC(927)   Post Evacuate Collection Set: 0.68ms
[391.695s][info][gc,phases      ] GC(927)   Other: 0.28ms
[391.696s][info][gc,heap        ] GC(927) Eden regions: 165->0(178)
[391.696s][info][gc,heap        ] GC(927) Survivor regions: 18->3(23)
[391.696s][info][gc,heap        ] GC(927) Old regions: 674->692
[391.696s][info][gc,heap        ] GC(927) Humongous regions: 8->8
[391.696s][info][gc,metaspace   ] GC(927) Metaspace: 18887K(19072K)->18887K(19072K) NonClass: 17057K(17216K)->17057K(17216K) Class: 1829K(1856K)->1829K(1856K)
[391.696s][info][gc             ] GC(927) Pause Young (Concurrent Start) (G1 Evacuation Pause) 864M->702M(978M) 46.493ms
[391.696s][info][gc,cpu         ] GC(927) User=0.09s Sys=0.00s Real=0.05s
[391.696s][info][gc             ] GC(928) Concurrent Mark Cycle
[391.697s][info][gc,marking     ] GC(928) Concurrent Scan Root Regions
[391.746s][info][gc,marking     ] GC(928) Concurrent Scan Root Regions 48.602ms
[391.746s][info][gc,marking     ] GC(928) Concurrent Mark
[391.746s][info][gc,marking     ] GC(928) Concurrent Mark From Roots
[391.746s][info][gc,task        ] GC(928) Using 1 workers of 1 for marking
[392.023s][info][gc,start       ] GC(929) Pause Young (Normal) (G1 Evacuation Pause)
[392.023s][info][gc,task        ] GC(929) Using 2 workers of 2 for evacuation
[392.092s][info][gc,phases      ] GC(929)   Pre Evacuate Collection Set: 0.36ms
[392.092s][info][gc,phases      ] GC(929)   Merge Heap Roots: 0.42ms
[392.092s][info][gc,phases      ] GC(929)   Evacuate Collection Set: 67.08ms
[392.092s][info][gc,phases      ] GC(929)   Post Evacuate Collection Set: 0.55ms
[392.092s][info][gc,phases      ] GC(929)   Other: 0.09ms
[392.092s][info][gc,heap        ] GC(929) Eden regions: 178->0(153)
[392.092s][info][gc,heap        ] GC(929) Survivor regions: 3->23(23)
[392.092s][info][gc,heap        ] GC(929) Old regions: 692->705
[392.092s][info][gc,heap        ] GC(929) Humongous regions: 11->11
[392.092s][info][gc,metaspace   ] GC(929) Metaspace: 18887K(19072K)->18887K(19072K) NonClass: 17057K(17216K)->17057K(17216K) Class: 1829K(1856K)->1829K(1856K)
[392.092s][info][gc             ] GC(929) Pause Young (Normal) (G1 Evacuation Pause) 883M->738M(978M) 68.756ms
[392.092s][info][gc,cpu         ] GC(929) User=0.13s Sys=0.00s Real=0.07s
[392.302s][info][gc,start       ] GC(930) Pause Young (Normal) (G1 Evacuation Pause)
[392.302s][info][gc,task        ] GC(930) Using 2 workers of 2 for evacuation
[392.370s][info][gc,phases      ] GC(930)   Pre Evacuate Collection Set: 0.55ms
[392.370s][info][gc,phases      ] GC(930)   Merge Heap Roots: 0.60ms
[392.370s][info][gc,phases      ] GC(930)   Evacuate Collection Set: 66.26ms
[392.370s][info][gc,phases      ] GC(930)   Post Evacuate Collection Set: 0.54ms
[392.370s][info][gc,phases      ] GC(930)   Other: 0.11ms
[392.370s][info][gc,heap        ] GC(930) Eden regions: 153->0(145)
[392.370s][info][gc,heap        ] GC(930) Survivor regions: 23->19(22)
[392.370s][info][gc,heap        ] GC(930) Old regions: 705->729
[392.370s][info][gc,heap        ] GC(930) Humongous regions: 11->11
[392.370s][info][gc,metaspace   ] GC(930) Metaspace: 18887K(19072K)->18887K(19072K) NonClass: 17057K(17216K)->17057K(17216K) Class: 1829K(1856K)->1829K(1856K)
[392.370s][info][gc             ] GC(930) Pause Young (Normal) (G1 Evacuation Pause) 891M->757M(978M) 68.321ms
[392.370s][info][gc,cpu         ] GC(930) User=0.13s Sys=0.00s Real=0.06s
[392.567s][info][gc,start       ] GC(931) Pause Young (Normal) (G1 Evacuation Pause)
[392.567s][info][gc,task        ] GC(931) Using 2 workers of 2 for evacuation
[392.621s][info][gc,phases      ] GC(931)   Pre Evacuate Collection Set: 0.31ms
[392.621s][info][gc,phases      ] GC(931)   Merge Heap Roots: 0.22ms
[392.621s][info][gc,phases      ] GC(931)   Evacuate Collection Set: 52.31ms
[392.621s][info][gc,phases      ] GC(931)   Post Evacuate Collection Set: 0.46ms
[392.621s][info][gc,phases      ] GC(931)   Other: 0.11ms
[392.621s][info][gc,heap        ] GC(931) Eden regions: 145->0(128)
[392.621s][info][gc,heap        ] GC(931) Survivor regions: 19->21(21)
[392.621s][info][gc,heap        ] GC(931) Old regions: 729->747
[392.621s][info][gc,heap        ] GC(931) Humongous regions: 11->11
[392.621s][info][gc,metaspace   ] GC(931) Metaspace: 18889K(19072K)->18889K(19072K) NonClass: 17059K(17216K)->17059K(17216K) Class: 1829K(1856K)->1829K(1856K)
[392.621s][info][gc             ] GC(931) Pause Young (Normal) (G1 Evacuation Pause) 902M->778M(978M) 53.722ms
[392.621s][info][gc,cpu         ] GC(931) User=0.11s Sys=0.00s Real=0.06s
[392.839s][info][gc,start       ] GC(932) Pause Young (Normal) (G1 Evacuation Pause)
[392.839s][info][gc,task        ] GC(932) Using 2 workers of 2 for evacuation
[392.871s][info][gc,phases      ] GC(932)   Pre Evacuate Collection Set: 0.32ms
[392.871s][info][gc,phases      ] GC(932)   Merge Heap Roots: 0.24ms
[392.871s][info][gc,phases      ] GC(932)   Evacuate Collection Set: 31.23ms
[392.871s][info][gc,phases      ] GC(932)   Post Evacuate Collection Set: 0.39ms
[392.871s][info][gc,phases      ] GC(932)   Other: 0.13ms
[392.871s][info][gc,heap        ] GC(932) Eden regions: 128->0(139)
[392.871s][info][gc,heap        ] GC(932) Survivor regions: 21->2(19)
[392.871s][info][gc,heap        ] GC(932) Old regions: 747->769
[392.871s][info][gc,heap        ] GC(932) Humongous regions: 11->11
[392.871s][info][gc,metaspace   ] GC(932) Metaspace: 18889K(19072K)->18889K(19072K) NonClass: 17059K(17216K)->17059K(17216K) Class: 1829K(1856K)->1829K(1856K)
[392.871s][info][gc             ] GC(932) Pause Young (Normal) (G1 Evacuation Pause) 906M->781M(978M) 32.547ms
[392.871s][info][gc,cpu         ] GC(932) User=0.06s Sys=0.00s Real=0.04s
[393.023s][info][gc,start       ] GC(933) Pause Young (Normal) (G1 Evacuation Pause)
[393.023s][info][gc,task        ] GC(933) Using 2 workers of 2 for evacuation
[393.054s][info][gc,phases      ] GC(933)   Pre Evacuate Collection Set: 0.33ms
[393.054s][info][gc,phases      ] GC(933)   Merge Heap Roots: 0.23ms
[393.054s][info][gc,phases      ] GC(933)   Evacuate Collection Set: 30.13ms
[393.055s][info][gc,phases      ] GC(933)   Post Evacuate Collection Set: 0.48ms
[393.055s][info][gc,phases      ] GC(933)   Other: 0.10ms
[393.055s][info][gc,heap        ] GC(933) Eden regions: 139->0(111)
[393.055s][info][gc,heap        ] GC(933) Survivor regions: 2->18(18)
[393.055s][info][gc,heap        ] GC(933) Old regions: 769->770
[393.055s][info][gc,heap        ] GC(933) Humongous regions: 11->11
[393.055s][info][gc,metaspace   ] GC(933) Metaspace: 18889K(19072K)->18889K(19072K) NonClass: 17059K(17216K)->17059K(17216K) Class: 1829K(1856K)->1829K(1856K)
[393.055s][info][gc             ] GC(933) Pause Young (Normal) (G1 Evacuation Pause) 920M->798M(978M) 31.565ms
[393.055s][info][gc,cpu         ] GC(933) User=0.06s Sys=0.00s Real=0.03s
[393.268s][info][gc,start       ] GC(934) Pause Young (Normal) (G1 Evacuation Pause)
[393.269s][info][gc,task        ] GC(934) Using 2 workers of 2 for evacuation
[393.304s][info][gc,phases      ] GC(934)   Pre Evacuate Collection Set: 0.34ms
[393.304s][info][gc,phases      ] GC(934)   Merge Heap Roots: 0.25ms
[393.304s][info][gc,phases      ] GC(934)   Evacuate Collection Set: 33.88ms
[393.304s][info][gc,phases      ] GC(934)   Post Evacuate Collection Set: 0.46ms
[393.304s][info][gc,phases      ] GC(934)   Other: 0.10ms
[393.304s][info][gc,heap        ] GC(934) Eden regions: 111->0(116)
[393.304s][info][gc,heap        ] GC(934) Survivor regions: 18->6(17)
[393.304s][info][gc,heap        ] GC(934) Old regions: 770->789
[393.304s][info][gc,heap        ] GC(934) Humongous regions: 11->11
[393.304s][info][gc,metaspace   ] GC(934) Metaspace: 18889K(19072K)->18889K(19072K) NonClass: 17059K(17216K)->17059K(17216K) Class: 1829K(1856K)->1829K(1856K)
[393.304s][info][gc             ] GC(934) Pause Young (Normal) (G1 Evacuation Pause) 909M->804M(978M) 35.287ms
[393.304s][info][gc,cpu         ] GC(934) User=0.07s Sys=0.00s Real=0.04s
[393.425s][info][gc,marking     ] GC(928) Concurrent Mark From Roots 1679.350ms
[393.426s][info][gc,marking     ] GC(928) Concurrent Preclean
[393.426s][info][gc,marking     ] GC(928) Concurrent Preclean 0.045ms
[393.426s][info][gc,start       ] GC(928) Pause Remark
[393.435s][info][gc             ] GC(928) Pause Remark 862M->681M(978M) 8.976ms
[393.435s][info][gc,cpu         ] GC(928) User=0.02s Sys=0.00s Real=0.01s
[393.435s][info][gc,marking     ] GC(928) Concurrent Mark 1688.742ms
[393.435s][info][gc,marking     ] GC(928) Concurrent Rebuild Remembered Sets and Scrub Regions
[393.657s][info][gc,start       ] GC(935) Pause Young (Normal) (G1 Evacuation Pause)
[393.657s][info][gc,task        ] GC(935) Using 2 workers of 2 for evacuation
[393.692s][info][gc,phases      ] GC(935)   Pre Evacuate Collection Set: 0.33ms
[393.692s][info][gc,phases      ] GC(935)   Merge Heap Roots: 0.18ms
[393.692s][info][gc,phases      ] GC(935)   Evacuate Collection Set: 34.27ms
[393.692s][info][gc,phases      ] GC(935)   Post Evacuate Collection Set: 0.44ms
[393.692s][info][gc,phases      ] GC(935)   Other: 0.09ms
[393.692s][info][gc,heap        ] GC(935) Eden regions: 116->0(232)
[393.692s][info][gc,heap        ] GC(935) Survivor regions: 6->16(16)
[393.692s][info][gc,heap        ] GC(935) Old regions: 612->620
[393.692s][info][gc,heap        ] GC(935) Humongous regions: 7->7
[393.692s][info][gc,metaspace   ] GC(935) Metaspace: 18889K(19072K)->18889K(19072K) NonClass: 17059K(17216K)->17059K(17216K) Class: 1829K(1856K)->1829K(1856K)
[393.693s][info][gc             ] GC(935) Pause Young (Normal) (G1 Evacuation Pause) 739M->642M(978M) 35.574ms
[393.693s][info][gc,cpu         ] GC(935) User=0.06s Sys=0.00s Real=0.04s
[394.159s][info][gc,marking     ] GC(928) Concurrent Rebuild Remembered Sets and Scrub Regions 723.898ms
[394.159s][info][gc,start       ] GC(928) Pause Cleanup
[394.159s][info][gc             ] GC(928) Pause Cleanup 739M->739M(978M) 0.192ms
[394.159s][info][gc,cpu         ] GC(928) User=0.00s Sys=0.00s Real=0.00s
[394.162s][info][gc,marking     ] GC(928) Concurrent Clear Claimed Marks
[394.162s][info][gc,marking     ] GC(928) Concurrent Clear Claimed Marks 0.082ms
[394.162s][info][gc,marking     ] GC(928) Concurrent Cleanup for Next Mark
[394.165s][info][gc,marking     ] GC(928) Concurrent Cleanup for Next Mark 3.068ms
[394.165s][info][gc             ] GC(928) Concurrent Mark Cycle 2469.067ms
[394.576s][info][gc,start       ] GC(936) Pause Young (Prepare Mixed) (G1 Evacuation Pause)
[394.576s][info][gc,task        ] GC(936) Using 2 workers of 2 for evacuation
[394.626s][info][gc,phases      ] GC(936)   Pre Evacuate Collection Set: 0.57ms
[394.626s][info][gc,phases      ] GC(936)   Merge Heap Roots: 0.30ms
[394.626s][info][gc,phases      ] GC(936)   Evacuate Collection Set: 48.48ms
[394.626s][info][gc,phases      ] GC(936)   Post Evacuate Collection Set: 0.60ms
[394.626s][info][gc,phases      ] GC(936)   Other: 0.12ms
[394.626s][info][gc,heap        ] GC(936) Eden regions: 232->0(235)
[394.626s][info][gc,heap        ] GC(936) Survivor regions: 16->23(31)
[394.626s][info][gc,heap        ] GC(936) Old regions: 620->624
[394.626s][info][gc,heap        ] GC(936) Humongous regions: 7->7
[394.626s][info][gc,metaspace   ] GC(936) Metaspace: 18889K(19072K)->18889K(19072K) NonClass: 17059K(17216K)->17059K(17216K) Class: 1829K(1856K)->1829K(1856K)
[394.626s][info][gc             ] GC(936) Pause Young (Prepare Mixed) (G1 Evacuation Pause) 874M->653M(978M) 50.331ms
[394.626s][info][gc,cpu         ] GC(936) User=0.10s Sys=0.00s Real=0.05s
[395.316s][info][gc,start       ] GC(937) Pause Young (Mixed) (G1 Evacuation Pause)
[395.316s][info][gc,task        ] GC(937) Using 2 workers of 2 for evacuation
[395.353s][info][gc,phases      ] GC(937)   Pre Evacuate Collection Set: 0.59ms
[395.353s][info][gc,phases      ] GC(937)   Merge Heap Roots: 0.33ms
[395.353s][info][gc,phases      ] GC(937)   Evacuate Collection Set: 35.19ms
[395.353s][info][gc,phases      ] GC(937)   Post Evacuate Collection Set: 0.61ms
[395.353s][info][gc,phases      ] GC(937)   Other: 0.12ms
[395.353s][info][gc,heap        ] GC(937) Eden regions: 235->0(288)
[395.353s][info][gc,heap        ] GC(937) Survivor regions: 23->10(33)
[395.353s][info][gc,heap        ] GC(937) Old regions: 624->586
[395.353s][info][gc,heap        ] GC(937) Humongous regions: 7->7
[395.353s][info][gc,metaspace   ] GC(937) Metaspace: 18889K(19072K)->18889K(19072K) NonClass: 17060K(17216K)->17060K(17216K) Class: 1829K(1856K)->1829K(1856K)
[395.353s][info][gc             ] GC(937) Pause Young (Mixed) (G1 Evacuation Pause) 888M->602M(978M) 37.192ms
[395.353s][info][gc,cpu         ] GC(937) User=0.07s Sys=0.00s Real=0.04s
[396.111s][info][gc,start       ] GC(938) Pause Young (Concurrent Start) (G1 Evacuation Pause)
[396.111s][info][gc,task        ] GC(938) Using 2 workers of 2 for evacuation
[396.125s][info][gc,phases      ] GC(938)   Pre Evacuate Collection Set: 0.33ms
[396.125s][info][gc,phases      ] GC(938)   Merge Heap Roots: 0.15ms
[396.125s][info][gc,phases      ] GC(938)   Evacuate Collection Set: 12.63ms
[396.125s][info][gc,phases      ] GC(938)   Post Evacuate Collection Set: 0.62ms
[396.125s][info][gc,phases      ] GC(938)   Other: 0.14ms
[396.125s][info][gc,heap        ] GC(938) Eden regions: 288->0(304)
[396.125s][info][gc,heap        ] GC(938) Survivor regions: 10->10(38)
[396.125s][info][gc,heap        ] GC(938) Old regions: 586->586
[396.125s][info][gc,heap        ] GC(938) Humongous regions: 7->7
[396.125s][info][gc,metaspace   ] GC(938) Metaspace: 18889K(19072K)->18889K(19072K) NonClass: 17060K(17216K)->17060K(17216K) Class: 1829K(1856K)->1829K(1856K)
[396.125s][info][gc             ] GC(938) Pause Young (Concurrent Start) (G1 Evacuation Pause) 890M->602M(978M) 14.165ms
[396.125s][info][gc,cpu         ] GC(938) User=0.03s Sys=0.00s Real=0.01s
[396.125s][info][gc             ] GC(939) Concurrent Mark Cycle
[396.128s][info][gc,marking     ] GC(939) Concurrent Scan Root Regions
[396.149s][info][gc,marking     ] GC(939) Concurrent Scan Root Regions 20.556ms
[396.149s][info][gc,marking     ] GC(939) Concurrent Mark
[396.149s][info][gc,marking     ] GC(939) Concurrent Mark From Roots
[396.149s][info][gc,task        ] GC(939) Using 1 workers of 1 for marking
[397.549s][info][gc,start       ] GC(940) Pause Young (Normal) (G1 Evacuation Pause)
[397.549s][info][gc,task        ] GC(940) Using 2 workers of 2 for evacuation
[397.577s][info][gc,phases      ] GC(940)   Pre Evacuate Collection Set: 0.57ms
[397.577s][info][gc,phases      ] GC(940)   Merge Heap Roots: 0.43ms
[397.577s][info][gc,phases      ] GC(940)   Evacuate Collection Set: 25.96ms
[397.577s][info][gc,phases      ] GC(940)   Post Evacuate Collection Set: 0.64ms
[397.577s][info][gc,phases      ] GC(940)   Other: 0.13ms
[397.577s][info][gc,heap        ] GC(940) Eden regions: 304->0(315)
[397.577s][info][gc,heap        ] GC(940) Survivor regions: 10->10(40)
[397.577s][info][gc,heap        ] GC(940) Old regions: 586->586
[397.577s][info][gc,heap        ] GC(940) Humongous regions: 7->7
[397.577s][info][gc,metaspace   ] GC(940) Metaspace: 18889K(19072K)->18889K(19072K) NonClass: 17060K(17216K)->17060K(17216K) Class: 1829K(1856K)->1829K(1856K)
[397.577s][info][gc             ] GC(940) Pause Young (Normal) (G1 Evacuation Pause) 906M->602M(978M) 27.996ms
[397.577s][info][gc,cpu         ] GC(940) User=0.05s Sys=0.00s Real=0.03s
[398.561s][info][gc,start       ] GC(941) Pause Young (Normal) (G1 Evacuation Pause)
[398.562s][info][gc,task        ] GC(941) Using 2 workers of 2 for evacuation
[398.663s][info][gc,phases      ] GC(941)   Pre Evacuate Collection Set: 0.35ms
[398.663s][info][gc,phases      ] GC(941)   Merge Heap Roots: 0.19ms
[398.663s][info][gc,phases      ] GC(941)   Evacuate Collection Set: 91.70ms
[398.663s][info][gc,phases      ] GC(941)   Post Evacuate Collection Set: 9.32ms
[398.663s][info][gc,phases      ] GC(941)   Other: 0.12ms
[398.663s][info][gc,heap        ] GC(941) Eden regions: 315->0(150)
[398.663s][info][gc,heap        ] GC(941) Survivor regions: 10->41(41)
[398.663s][info][gc,heap        ] GC(941) Old regions: 586->689
[398.663s][info][gc,heap        ] GC(941) Humongous regions: 7->7
[398.663s][info][gc,metaspace   ] GC(941) Metaspace: 18889K(19072K)->18889K(19072K) NonClass: 17060K(17216K)->17060K(17216K) Class: 1829K(1856K)->1829K(1856K)
[398.663s][info][gc             ] GC(941) Pause Young (Normal) (G1 Evacuation Pause) (Evacuation Failure: Allocation) 917M->736M(978M) 102.042ms
[398.663s][info][gc,cpu         ] GC(941) User=0.21s Sys=0.00s Real=0.10s
[398.711s][info][gc,marking     ] GC(939) Concurrent Mark From Roots 2561.591ms
[398.711s][info][gc,marking     ] GC(939) Concurrent Preclean
[398.711s][info][gc,marking     ] GC(939) Concurrent Preclean 0.043ms
[398.711s][info][gc,start       ] GC(939) Pause Remark
[398.720s][info][gc             ] GC(939) Pause Remark 755M->754M(978M) 9.147ms
[398.720s][info][gc,cpu         ] GC(939) User=0.02s Sys=0.00s Real=0.00s
[398.720s][info][gc,marking     ] GC(939) Concurrent Mark 2571.123ms
[398.720s][info][gc,marking     ] GC(939) Concurrent Rebuild Remembered Sets and Scrub Regions
[399.210s][info][gc,start       ] GC(942) Pause Young (Normal) (G1 Evacuation Pause)
[399.211s][info][gc,task        ] GC(942) Using 2 workers of 2 for evacuation
[399.329s][info][gc,phases      ] GC(942)   Pre Evacuate Collection Set: 0.52ms
[399.329s][info][gc,phases      ] GC(942)   Merge Heap Roots: 0.56ms
[399.329s][info][gc,phases      ] GC(942)   Evacuate Collection Set: 116.40ms
[399.329s][info][gc,phases      ] GC(942)   Post Evacuate Collection Set: 0.66ms
[399.329s][info][gc,phases      ] GC(942)   Other: 0.15ms
[399.329s][info][gc,heap        ] GC(942) Eden regions: 150->0(208)
[399.329s][info][gc,heap        ] GC(942) Survivor regions: 41->17(24)
[399.329s][info][gc,heap        ] GC(942) Old regions: 689->671
[399.329s][info][gc,heap        ] GC(942) Humongous regions: 6->6
[399.329s][info][gc,metaspace   ] GC(942) Metaspace: 18892K(19072K)->18892K(19072K) NonClass: 17062K(17216K)->17062K(17216K) Class: 1829K(1856K)->1829K(1856K)
[399.329s][info][gc             ] GC(942) Pause Young (Normal) (G1 Evacuation Pause) 885M->693M(978M) 118.651ms
[399.329s][info][gc,cpu         ] GC(942) User=0.23s Sys=0.00s Real=0.11s
[399.719s][info][gc,start       ] GC(943) Pause Young (Normal) (G1 Evacuation Pause)
[399.719s][info][gc,task        ] GC(943) Using 2 workers of 2 for evacuation
[399.782s][info][gc,phases      ] GC(943)   Pre Evacuate Collection Set: 0.57ms
[399.782s][info][gc,phases      ] GC(943)   Merge Heap Roots: 0.46ms
[399.782s][info][gc,phases      ] GC(943)   Evacuate Collection Set: 61.38ms
[399.782s][info][gc,phases      ] GC(943)   Post Evacuate Collection Set: 0.76ms
[399.782s][info][gc,phases      ] GC(943)   Other: 0.14ms
[399.782s][info][gc,heap        ] GC(943) Eden regions: 208->0(185)
[399.782s][info][gc,heap        ] GC(943) Survivor regions: 17->28(29)
[399.782s][info][gc,heap        ] GC(943) Old regions: 671->678
[399.782s][info][gc,heap        ] GC(943) Humongous regions: 6->6
[399.782s][info][gc,metaspace   ] GC(943) Metaspace: 18894K(19072K)->18894K(19072K) NonClass: 17064K(17216K)->17064K(17216K) Class: 1829K(1856K)->1829K(1856K)
[399.782s][info][gc             ] GC(943) Pause Young (Normal) (G1 Evacuation Pause) 901M->711M(978M) 63.661ms
[399.782s][info][gc,cpu         ] GC(943) User=0.13s Sys=0.00s Real=0.07s
[399.842s][info][gc,marking     ] GC(939) Concurrent Rebuild Remembered Sets and Scrub Regions 1121.539ms
[399.842s][info][gc,start       ] GC(939) Pause Cleanup
[399.842s][info][gc             ] GC(939) Pause Cleanup 732M->732M(978M) 0.126ms
[399.842s][info][gc,cpu         ] GC(939) User=0.01s Sys=0.00s Real=0.00s
[399.844s][info][gc,marking     ] GC(939) Concurrent Clear Claimed Marks
[399.844s][info][gc,marking     ] GC(939) Concurrent Clear Claimed Marks 0.076ms
[399.844s][info][gc,marking     ] GC(939) Concurrent Cleanup for Next Mark
[399.847s][info][gc,marking     ] GC(939) Concurrent Cleanup for Next Mark 3.259ms
[399.847s][info][gc             ] GC(939) Concurrent Mark Cycle 3722.162ms
[400.012s][info][gc,start       ] GC(944) Pause Young (Prepare Mixed) (G1 Evacuation Pause)
[400.012s][info][gc,task        ] GC(944) Using 2 workers of 2 for evacuation
[400.115s][info][gc,phases      ] GC(944)   Pre Evacuate Collection Set: 0.35ms
[400.115s][info][gc,phases      ] GC(944)   Merge Heap Roots: 0.33ms
[400.115s][info][gc,phases      ] GC(944)   Evacuate Collection Set: 101.21ms
[400.115s][info][gc,phases      ] GC(944)   Post Evacuate Collection Set: 0.63ms
[400.115s][info][gc,phases      ] GC(944)   Other: 0.09ms
[400.115s][info][gc,heap        ] GC(944) Eden regions: 185->0(144)
[400.115s][info][gc,heap        ] GC(944) Survivor regions: 28->27(27)
[400.115s][info][gc,heap        ] GC(944) Old regions: 678->721
[400.115s][info][gc,heap        ] GC(944) Humongous regions: 9->9
[400.115s][info][gc,metaspace   ] GC(944) Metaspace: 18894K(19072K)->18894K(19072K) NonClass: 17064K(17216K)->17064K(17216K) Class: 1829K(1856K)->1829K(1856K)
[400.115s][info][gc             ] GC(944) Pause Young (Prepare Mixed) (G1 Evacuation Pause) 899M->756M(978M) 102.880ms
[400.115s][info][gc,cpu         ] GC(944) User=0.21s Sys=0.00s Real=0.10s
[400.228s][info][gc,start       ] GC(945) Pause Young (Mixed) (G1 Evacuation Pause)
[400.228s][info][gc,task        ] GC(945) Using 2 workers of 2 for evacuation
[400.335s][info][gc,phases      ] GC(945)   Pre Evacuate Collection Set: 0.53ms
[400.335s][info][gc,phases      ] GC(945)   Merge Heap Roots: 0.63ms
[400.335s][info][gc,phases      ] GC(945)   Evacuate Collection Set: 104.82ms
[400.335s][info][gc,phases      ] GC(945)   Post Evacuate Collection Set: 0.49ms
[400.335s][info][gc,phases      ] GC(945)   Other: 0.09ms
[400.335s][info][gc,heap        ] GC(945) Eden regions: 144->0(134)
[400.335s][info][gc,heap        ] GC(945) Survivor regions: 27->22(22)
[400.335s][info][gc,heap        ] GC(945) Old regions: 721->741
[400.335s][info][gc,heap        ] GC(945) Humongous regions: 9->9
[400.335s][info][gc,metaspace   ] GC(945) Metaspace: 18894K(19072K)->18894K(19072K) NonClass: 17064K(17216K)->17064K(17216K) Class: 1829K(1856K)->1829K(1856K)
[400.335s][info][gc             ] GC(945) Pause Young (Mixed) (G1 Evacuation Pause) 900M->771M(978M) 106.853ms
[400.335s][info][gc,cpu         ] GC(945) User=0.21s Sys=0.00s Real=0.11s
[400.447s][info][gc,start       ] GC(946) Pause Young (Concurrent Start) (G1 Evacuation Pause)
[400.447s][info][gc,task        ] GC(946) Using 2 workers of 2 for evacuation
[400.487s][info][gc,phases      ] GC(946)   Pre Evacuate Collection Set: 0.39ms
[400.487s][info][gc,phases      ] GC(946)   Merge Heap Roots: 0.20ms
[400.487s][info][gc,phases      ] GC(946)   Evacuate Collection Set: 38.48ms
[400.487s][info][gc,phases      ] GC(946)   Post Evacuate Collection Set: 0.45ms
[400.487s][info][gc,phases      ] GC(946)   Other: 0.24ms
[400.487s][info][gc,heap        ] GC(946) Eden regions: 134->0(136)
[400.487s][info][gc,heap        ] GC(946) Survivor regions: 22->8(20)
[400.487s][info][gc,heap        ] GC(946) Old regions: 741->763
[400.487s][info][gc,heap        ] GC(946) Humongous regions: 9->9
[400.487s][info][gc,metaspace   ] GC(946) Metaspace: 18894K(19072K)->18894K(19072K) NonClass: 17064K(17216K)->17064K(17216K) Class: 1829K(1856K)->1829K(1856K)
[400.487s][info][gc             ] GC(946) Pause Young (Concurrent Start) (G1 Evacuation Pause) 905M->779M(978M) 40.008ms
[400.487s][info][gc,cpu         ] GC(946) User=0.07s Sys=0.00s Real=0.04s
[400.487s][info][gc             ] GC(947) Concurrent Mark Cycle
[400.487s][info][gc,marking     ] GC(947) Concurrent Scan Root Regions
[400.553s][info][gc,marking     ] GC(947) Concurrent Scan Root Regions 65.462ms
[400.553s][info][gc,marking     ] GC(947) Concurrent Mark
[400.553s][info][gc,marking     ] GC(947) Concurrent Mark From Roots
[400.553s][info][gc,task        ] GC(947) Using 1 workers of 1 for marking
[400.780s][info][gc,start       ] GC(948) Pause Young (Normal) (G1 Evacuation Pause)
[400.780s][info][gc,task        ] GC(948) Using 2 workers of 2 for evacuation
[400.797s][info][gc,phases      ] GC(948)   Pre Evacuate Collection Set: 0.32ms
[400.797s][info][gc,phases      ] GC(948)   Merge Heap Roots: 0.19ms
[400.797s][info][gc,phases      ] GC(948)   Evacuate Collection Set: 15.00ms
[400.797s][info][gc,phases      ] GC(948)   Post Evacuate Collection Set: 0.41ms
[400.797s][info][gc,phases      ] GC(948)   Other: 0.10ms
[400.797s][info][gc,heap        ] GC(948) Eden regions: 136->0(138)
[400.797s][info][gc,heap        ] GC(948) Survivor regions: 8->9(18)
[400.797s][info][gc,heap        ] GC(948) Old regions: 763->763
[400.797s][info][gc,heap        ] GC(948) Humongous regions: 9->9
[400.797s][info][gc,metaspace   ] GC(948) Metaspace: 18894K(19072K)->18894K(19072K) NonClass: 17064K(17216K)->17064K(17216K) Class: 1829K(1856K)->1829K(1856K)
[400.797s][info][gc             ] GC(948) Pause Young (Normal) (G1 Evacuation Pause) 915M->780M(978M) 16.257ms
[400.797s][info][gc,cpu         ] GC(948) User=0.03s Sys=0.00s Real=0.02s
[401.164s][info][gc,start       ] GC(949) Pause Young (Normal) (G1 Evacuation Pause)
[401.164s][info][gc,task        ] GC(949) Using 2 workers of 2 for evacuation
[401.193s][info][gc,phases      ] GC(949)   Pre Evacuate Collection Set: 0.46ms
[401.193s][info][gc,phases      ] GC(949)   Merge Heap Roots: 0.30ms
[401.193s][info][gc,phases      ] GC(949)   Evacuate Collection Set: 28.09ms
[401.193s][info][gc,phases      ] GC(949)   Post Evacuate Collection Set: 0.47ms
[401.193s][info][gc,phases      ] GC(949)   Other: 0.14ms
[401.193s][info][gc,heap        ] GC(949) Eden regions: 138->0(130)
[401.194s][info][gc,heap        ] GC(949) Survivor regions: 9->13(19)
[401.194s][info][gc,heap        ] GC(949) Old regions: 763->763
[401.194s][info][gc,heap        ] GC(949) Humongous regions: 9->9
[401.194s][info][gc,metaspace   ] GC(949) Metaspace: 18894K(19072K)->18894K(19072K) NonClass: 17064K(17216K)->17064K(17216K) Class: 1829K(1856K)->1829K(1856K)
[401.194s][info][gc             ] GC(949) Pause Young (Normal) (G1 Evacuation Pause) 918M->784M(978M) 29.748ms
[401.194s][info][gc,cpu         ] GC(949) User=0.06s Sys=0.00s Real=0.03s
[401.483s][info][gc,start       ] GC(950) Pause Young (Normal) (G1 Evacuation Pause)
[401.484s][info][gc,task        ] GC(950) Using 2 workers of 2 for evacuation
[401.520s][info][gc,phases      ] GC(950)   Pre Evacuate Collection Set: 0.36ms
[401.520s][info][gc,phases      ] GC(950)   Merge Heap Roots: 0.21ms
[401.520s][info][gc,phases      ] GC(950)   Evacuate Collection Set: 35.61ms
[401.520s][info][gc,phases      ] GC(950)   Post Evacuate Collection Set: 0.44ms
[401.520s][info][gc,phases      ] GC(950)   Other: 0.10ms
[401.520s][info][gc,heap        ] GC(950) Eden regions: 130->0(116)
[401.520s][info][gc,heap        ] GC(950) Survivor regions: 13->16(18)
[401.520s][info][gc,heap        ] GC(950) Old regions: 763->771
[401.520s][info][gc,heap        ] GC(950) Humongous regions: 9->9
[401.520s][info][gc,metaspace   ] GC(950) Metaspace: 18894K(19072K)->18894K(19072K) NonClass: 17064K(17216K)->17064K(17216K) Class: 1829K(1856K)->1829K(1856K)
[401.520s][info][gc             ] GC(950) Pause Young (Normal) (G1 Evacuation Pause) 914M->795M(978M) 37.015ms
[401.520s][info][gc,cpu         ] GC(950) User=0.07s Sys=0.00s Real=0.04s
[401.827s][info][gc,start       ] GC(951) Pause Young (Normal) (G1 Evacuation Pause)
[401.827s][info][gc,task        ] GC(951) Using 2 workers of 2 for evacuation
[401.866s][info][gc,phases      ] GC(951)   Pre Evacuate Collection Set: 0.32ms
[401.866s][info][gc,phases      ] GC(951)   Merge Heap Roots: 0.15ms
[401.866s][info][gc,phases      ] GC(951)   Evacuate Collection Set: 38.12ms
[401.866s][info][gc,phases      ] GC(951)   Post Evacuate Collection Set: 0.44ms
[401.866s][info][gc,phases      ] GC(951)   Other: 0.11ms
[401.866s][info][gc,heap        ] GC(951) Eden regions: 116->0(102)
[401.866s][info][gc,heap        ] GC(951) Survivor regions: 16->15(17)
[401.866s][info][gc,heap        ] GC(951) Old regions: 771->787
[401.866s][info][gc,heap        ] GC(951) Humongous regions: 9->9
[401.866s][info][gc,metaspace   ] GC(951) Metaspace: 18894K(19072K)->18894K(19072K) NonClass: 17064K(17216K)->17064K(17216K) Class: 1829K(1856K)->1829K(1856K)
[401.866s][info][gc             ] GC(951) Pause Young (Normal) (G1 Evacuation Pause) 911M->810M(978M) 39.420ms
[401.866s][info][gc,cpu         ] GC(951) User=0.08s Sys=0.00s Real=0.04s
[402.021s][info][gc,start       ] GC(952) Pause Young (Normal) (G1 Evacuation Pause)
[402.021s][info][gc,task        ] GC(952) Using 2 workers of 2 for evacuation
[402.059s][info][gc,phases      ] GC(952)   Pre Evacuate Collection Set: 0.31ms
[402.059s][info][gc,phases      ] GC(952)   Merge Heap Roots: 0.15ms
[402.059s][info][gc,phases      ] GC(952)   Evacuate Collection Set: 37.22ms
[402.059s][info][gc,phases      ] GC(952)   Post Evacuate Collection Set: 0.43ms
[402.059s][info][gc,phases      ] GC(952)   Other: 0.08ms
[402.059s][info][gc,heap        ] GC(952) Eden regions: 102->0(86)
[402.059s][info][gc,heap        ] GC(952) Survivor regions: 15->15(15)
[402.059s][info][gc,heap        ] GC(952) Old regions: 787->803
[402.059s][info][gc,heap        ] GC(952) Humongous regions: 9->9
[402.059s][info][gc,metaspace   ] GC(952) Metaspace: 18894K(19072K)->18894K(19072K) NonClass: 17064K(17216K)->17064K(17216K) Class: 1829K(1856K)->1829K(1856K)
[402.059s][info][gc             ] GC(952) Pause Young (Normal) (G1 Evacuation Pause) 912M->826M(978M) 38.438ms
[402.059s][info][gc,cpu         ] GC(952) User=0.07s Sys=0.00s Real=0.03s
[402.100s][info][gc,marking     ] GC(947) Concurrent Mark From Roots 1546.887ms
[402.100s][info][gc,marking     ] GC(947) Concurrent Preclean
[402.100s][info][gc,marking     ] GC(947) Concurrent Preclean 0.038ms
[402.102s][info][gc,start       ] GC(947) Pause Remark
[402.110s][info][gc             ] GC(947) Pause Remark 851M->550M(978M) 8.943ms
[402.111s][info][gc,cpu         ] GC(947) User=0.01s Sys=0.00s Real=0.01s
[402.111s][info][gc,marking     ] GC(947) Concurrent Mark 1557.841ms
[402.111s][info][gc,marking     ] GC(947) Concurrent Rebuild Remembered Sets and Scrub Regions
[402.246s][info][gc,start       ] GC(953) Pause Young (Normal) (G1 Evacuation Pause)
[402.246s][info][gc,task        ] GC(953) Using 2 workers of 2 for evacuation
[402.294s][info][gc,phases      ] GC(953)   Pre Evacuate Collection Set: 0.30ms
[402.294s][info][gc,phases      ] GC(953)   Merge Heap Roots: 0.21ms
[402.294s][info][gc,phases      ] GC(953)   Evacuate Collection Set: 46.88ms
[402.294s][info][gc,phases      ] GC(953)   Post Evacuate Collection Set: 0.45ms
[402.294s][info][gc,phases      ] GC(953)   Other: 0.08ms
[402.294s][info][gc,heap        ] GC(953) Eden regions: 86->0(299)
[402.294s][info][gc,heap        ] GC(953) Survivor regions: 15->13(13)
[402.294s][info][gc,heap        ] GC(953) Old regions: 507->529
[402.294s][info][gc,heap        ] GC(953) Humongous regions: 4->4
[402.294s][info][gc,metaspace   ] GC(953) Metaspace: 18894K(19072K)->18894K(19072K) NonClass: 17064K(17216K)->17064K(17216K) Class: 1829K(1856K)->1829K(1856K)
[402.294s][info][gc             ] GC(953) Pause Young (Normal) (G1 Evacuation Pause) 611M->545M(978M) 48.167ms
[402.294s][info][gc,cpu         ] GC(953) User=0.10s Sys=0.00s Real=0.05s
[402.705s][info][gc,marking     ] GC(947) Concurrent Rebuild Remembered Sets and Scrub Regions 594.070ms
[402.707s][info][gc,start       ] GC(947) Pause Cleanup
[402.707s][info][gc             ] GC(947) Pause Cleanup 718M->718M(978M) 0.176ms
[402.707s][info][gc,cpu         ] GC(947) User=0.00s Sys=0.00s Real=0.00s
[402.707s][info][gc,marking     ] GC(947) Concurrent Clear Claimed Marks
[402.707s][info][gc,marking     ] GC(947) Concurrent Clear Claimed Marks 0.058ms
[402.707s][info][gc,marking     ] GC(947) Concurrent Cleanup for Next Mark
[402.714s][info][gc,marking     ] GC(947) Concurrent Cleanup for Next Mark 7.571ms
[402.715s][info][gc             ] GC(947) Concurrent Mark Cycle 2227.390ms
[402.932s][info][gc,start       ] GC(954) Pause Young (Prepare Mixed) (G1 Evacuation Pause)
[402.932s][info][gc,task        ] GC(954) Using 2 workers of 2 for evacuation
[403.024s][info][gc,phases      ] GC(954)   Pre Evacuate Collection Set: 0.59ms
[403.024s][info][gc,phases      ] GC(954)   Merge Heap Roots: 0.31ms
[403.024s][info][gc,phases      ] GC(954)   Evacuate Collection Set: 89.95ms
[403.024s][info][gc,phases      ] GC(954)   Post Evacuate Collection Set: 1.04ms
[403.024s][info][gc,phases      ] GC(954)   Other: 0.10ms
[403.024s][info][gc,heap        ] GC(954) Eden regions: 299->0(250)
[403.024s][info][gc,heap        ] GC(954) Survivor regions: 13->39(39)
[403.024s][info][gc,heap        ] GC(954) Old regions: 529->566
[403.024s][info][gc,heap        ] GC(954) Humongous regions: 4->4
[403.024s][info][gc,metaspace   ] GC(954) Metaspace: 18894K(19072K)->18894K(19072K) NonClass: 17064K(17216K)->17064K(17216K) Class: 1829K(1856K)->1829K(1856K)
[403.024s][info][gc             ] GC(954) Pause Young (Prepare Mixed) (G1 Evacuation Pause) 844M->608M(978M) 92.268ms
[403.024s][info][gc,cpu         ] GC(954) User=0.18s Sys=0.00s Real=0.09s
[403.432s][info][gc,start       ] GC(955) Pause Young (Mixed) (G1 Evacuation Pause)
[403.432s][info][gc,task        ] GC(955) Using 2 workers of 2 for evacuation
[403.571s][info][gc,phases      ] GC(955)   Pre Evacuate Collection Set: 0.34ms
[403.571s][info][gc,phases      ] GC(955)   Merge Heap Roots: 0.50ms
[403.571s][info][gc,phases      ] GC(955)   Evacuate Collection Set: 137.16ms
[403.571s][info][gc,phases      ] GC(955)   Post Evacuate Collection Set: 0.68ms
[403.571s][info][gc,phases      ] GC(955)   Other: 0.11ms
[403.571s][info][gc,heap        ] GC(955) Eden regions: 250->0(239)
[403.571s][info][gc,heap        ] GC(955) Survivor regions: 39->37(37)
[403.571s][info][gc,heap        ] GC(955) Old regions: 566->565
[403.571s][info][gc,heap        ] GC(955) Humongous regions: 7->7
[403.571s][info][gc,metaspace   ] GC(955) Metaspace: 18894K(19072K)->18894K(19072K) NonClass: 17064K(17216K)->17064K(17216K) Class: 1829K(1856K)->1829K(1856K)
[403.571s][info][gc             ] GC(955) Pause Young (Mixed) (G1 Evacuation Pause) 861M->608M(978M) 139.072ms
[403.571s][info][gc,cpu         ] GC(955) User=0.27s Sys=0.00s Real=0.14s
[403.817s][info][gc,start       ] GC(956) Pause Young (Concurrent Start) (G1 Evacuation Pause)
[403.817s][info][gc,task        ] GC(956) Using 2 workers of 2 for evacuation
[403.887s][info][gc,phases      ] GC(956)   Pre Evacuate Collection Set: 0.38ms
[403.887s][info][gc,phases      ] GC(956)   Merge Heap Roots: 0.29ms
[403.887s][info][gc,phases      ] GC(956)   Evacuate Collection Set: 69.07ms
[403.887s][info][gc,phases      ] GC(956)   Post Evacuate Collection Set: 0.57ms
[403.887s][info][gc,phases      ] GC(956)   Other: 0.12ms
[403.887s][info][gc,heap        ] GC(956) Eden regions: 239->0(252)
[403.887s][info][gc,heap        ] GC(956) Survivor regions: 37->6(35)
[403.887s][info][gc,heap        ] GC(956) Old regions: 565->603
[403.887s][info][gc,heap        ] GC(956) Humongous regions: 7->7
[403.887s][info][gc,metaspace   ] GC(956) Metaspace: 18894K(19072K)->18894K(19072K) NonClass: 17064K(17216K)->17064K(17216K) Class: 1829K(1856K)->1829K(1856K)
[403.887s][info][gc             ] GC(956) Pause Young (Concurrent Start) (G1 Evacuation Pause) 847M->614M(978M) 70.680ms
[403.887s][info][gc             ] GC(957) Concurrent Mark Cycle
[403.887s][info][gc,marking     ] GC(957) Concurrent Scan Root Regions
[403.887s][info][gc,cpu         ] GC(956) User=0.14s Sys=0.00s Real=0.07s
[403.979s][info][gc,marking     ] GC(957) Concurrent Scan Root Regions 91.391ms
[403.979s][info][gc,marking     ] GC(957) Concurrent Mark
[403.979s][info][gc,marking     ] GC(957) Concurrent Mark From Roots
[403.979s][info][gc,task        ] GC(957) Using 1 workers of 1 for marking
[404.440s][info][gc,start       ] GC(958) Pause Young (Normal) (G1 Evacuation Pause)
[404.440s][info][gc,task        ] GC(958) Using 2 workers of 2 for evacuation
[404.472s][info][gc,phases      ] GC(958)   Pre Evacuate Collection Set: 0.32ms
[404.472s][info][gc,phases      ] GC(958)   Merge Heap Roots: 0.28ms
[404.472s][info][gc,phases      ] GC(958)   Evacuate Collection Set: 30.33ms
[404.472s][info][gc,phases      ] GC(958)   Post Evacuate Collection Set: 0.58ms
[404.472s][info][gc,phases      ] GC(958)   Other: 0.16ms
[404.472s][info][gc,heap        ] GC(958) Eden regions: 252->0(252)
[404.472s][info][gc,heap        ] GC(958) Survivor regions: 6->19(33)
[404.472s][info][gc,heap        ] GC(958) Old regions: 603->603
[404.472s][info][gc,heap        ] GC(958) Humongous regions: 7->7
[404.472s][info][gc,metaspace   ] GC(958) Metaspace: 18894K(19072K)->18894K(19072K) NonClass: 17064K(17216K)->17064K(17216K) Class: 1829K(1856K)->1829K(1856K)
[404.472s][info][gc             ] GC(958) Pause Young (Normal) (G1 Evacuation Pause) 866M->628M(978M) 31.955ms
[404.472s][info][gc,cpu         ] GC(958) User=0.07s Sys=0.00s Real=0.04s
[405.432s][info][gc,start       ] GC(959) Pause Young (Normal) (G1 Evacuation Pause)
[405.432s][info][gc,task        ] GC(959) Using 2 workers of 2 for evacuation
[405.484s][info][gc,phases      ] GC(959)   Pre Evacuate Collection Set: 0.33ms
[405.484s][info][gc,phases      ] GC(959)   Merge Heap Roots: 0.30ms
[405.484s][info][gc,phases      ] GC(959)   Evacuate Collection Set: 50.86ms
[405.484s][info][gc,phases      ] GC(959)   Post Evacuate Collection Set: 0.57ms
[405.484s][info][gc,phases      ] GC(959)   Other: 0.12ms
[405.484s][info][gc,heap        ] GC(959) Eden regions: 252->0(244)
[405.484s][info][gc,heap        ] GC(959) Survivor regions: 19->33(34)
[405.484s][info][gc,heap        ] GC(959) Old regions: 603->608
[405.484s][info][gc,heap        ] GC(959) Humongous regions: 7->7
[405.484s][info][gc,metaspace   ] GC(959) Metaspace: 18894K(19072K)->18894K(19072K) NonClass: 17064K(17216K)->17064K(17216K) Class: 1829K(1856K)->1829K(1856K)
[405.484s][info][gc             ] GC(959) Pause Young (Normal) (G1 Evacuation Pause) 880M->647M(978M) 52.474ms
[405.484s][info][gc,cpu         ] GC(959) User=0.10s Sys=0.00s Real=0.05s
[405.668s][info][gc,marking     ] GC(957) Concurrent Mark From Roots 1688.801ms
[405.668s][info][gc,marking     ] GC(957) Concurrent Preclean
[405.668s][info][gc,marking     ] GC(957) Concurrent Preclean 0.044ms
[405.668s][info][gc,start       ] GC(957) Pause Remark
[405.677s][info][gc             ] GC(957) Pause Remark 697M->662M(978M) 8.877ms
[405.677s][info][gc,cpu         ] GC(957) User=0.01s Sys=0.00s Real=0.01s
[405.677s][info][gc,marking     ] GC(957) Concurrent Mark 1698.110ms
[405.677s][info][gc,marking     ] GC(957) Concurrent Rebuild Remembered Sets and Scrub Regions
[406.183s][info][gc,marking     ] GC(957) Concurrent Rebuild Remembered Sets and Scrub Regions 505.674ms
[406.183s][info][gc,start       ] GC(957) Pause Cleanup
[406.183s][info][gc             ] GC(957) Pause Cleanup 770M->770M(978M) 0.162ms
[406.183s][info][gc,cpu         ] GC(957) User=0.00s Sys=0.00s Real=0.00s
[406.183s][info][gc,marking     ] GC(957) Concurrent Clear Claimed Marks
[406.183s][info][gc,marking     ] GC(957) Concurrent Clear Claimed Marks 0.053ms
[406.183s][info][gc,marking     ] GC(957) Concurrent Cleanup for Next Mark
[406.186s][info][gc,marking     ] GC(957) Concurrent Cleanup for Next Mark 3.207ms
[406.186s][info][gc             ] GC(957) Concurrent Mark Cycle 2299.171ms
[406.406s][info][gc,start       ] GC(960) Pause Young (Prepare Mixed) (G1 Evacuation Pause)
[406.406s][info][gc,task        ] GC(960) Using 2 workers of 2 for evacuation
[406.448s][info][gc,phases      ] GC(960)   Pre Evacuate Collection Set: 0.61ms
[406.448s][info][gc,phases      ] GC(960)   Merge Heap Roots: 0.31ms
[406.448s][info][gc,phases      ] GC(960)   Evacuate Collection Set: 40.22ms
[406.448s][info][gc,phases      ] GC(960)   Post Evacuate Collection Set: 0.58ms
[406.448s][info][gc,phases      ] GC(960)   Other: 0.10ms
[406.448s][info][gc,heap        ] GC(960) Eden regions: 244->0(282)
[406.448s][info][gc,heap        ] GC(960) Survivor regions: 33->1(35)
[406.448s][info][gc,heap        ] GC(960) Old regions: 574->607
[406.448s][info][gc,heap        ] GC(960) Humongous regions: 6->6
[406.448s][info][gc,metaspace   ] GC(960) Metaspace: 18894K(19072K)->18894K(19072K) NonClass: 17064K(17216K)->17064K(17216K) Class: 1829K(1856K)->1829K(1856K)
[406.448s][info][gc             ] GC(960) Pause Young (Prepare Mixed) (G1 Evacuation Pause) 856M->613M(978M) 42.095ms
[406.448s][info][gc,cpu         ] GC(960) User=0.08s Sys=0.00s Real=0.04s
[407.078s][info][gc,start       ] GC(961) Pause Young (Mixed) (G1 Evacuation Pause)
[407.078s][info][gc,task        ] GC(961) Using 2 workers of 2 for evacuation
[407.113s][info][gc,phases      ] GC(961)   Pre Evacuate Collection Set: 0.58ms
[407.113s][info][gc,phases      ] GC(961)   Merge Heap Roots: 0.49ms
[407.113s][info][gc,phases      ] GC(961)   Evacuate Collection Set: 33.84ms
[407.113s][info][gc,phases      ] GC(961)   Post Evacuate Collection Set: 0.67ms
[407.113s][info][gc,phases      ] GC(961)   Other: 0.12ms
[407.114s][info][gc,heap        ] GC(961) Eden regions: 282->0(285)
[407.114s][info][gc,heap        ] GC(961) Survivor regions: 1->20(36)
[407.114s][info][gc,heap        ] GC(961) Old regions: 607->584
[407.114s][info][gc,heap        ] GC(961) Humongous regions: 6->6
[407.114s][info][gc,metaspace   ] GC(961) Metaspace: 18894K(19072K)->18894K(19072K) NonClass: 17064K(17216K)->17064K(17216K) Class: 1829K(1856K)->1829K(1856K)
[407.114s][info][gc             ] GC(961) Pause Young (Mixed) (G1 Evacuation Pause) 895M->609M(978M) 35.968ms
[407.114s][info][gc,cpu         ] GC(961) User=0.07s Sys=0.00s Real=0.04s
[407.351s][info][gc,start       ] GC(962) Pause Young (Concurrent Start) (G1 Humongous Allocation)
[407.351s][info][gc,task        ] GC(962) Using 2 workers of 2 for evacuation
[407.407s][info][gc,phases      ] GC(962)   Pre Evacuate Collection Set: 0.31ms
[407.407s][info][gc,phases      ] GC(962)   Merge Heap Roots: 0.12ms
[407.407s][info][gc,phases      ] GC(962)   Evacuate Collection Set: 55.27ms
[407.407s][info][gc,phases      ] GC(962)   Post Evacuate Collection Set: 0.58ms
[407.407s][info][gc,phases      ] GC(962)   Other: 0.11ms
[407.407s][info][gc,heap        ] GC(962) Eden regions: 181->0(248)
[407.407s][info][gc,heap        ] GC(962) Survivor regions: 20->39(39)
[407.407s][info][gc,heap        ] GC(962) Old regions: 584->594
[407.407s][info][gc,heap        ] GC(962) Humongous regions: 6->6
[407.407s][info][gc,metaspace   ] GC(962) Metaspace: 18894K(19072K)->18894K(19072K) NonClass: 17064K(17216K)->17064K(17216K) Class: 1829K(1856K)->1829K(1856K)
[407.407s][info][gc             ] GC(962) Pause Young (Concurrent Start) (G1 Humongous Allocation) 790M->638M(978M) 56.677ms
[407.407s][info][gc,cpu         ] GC(962) User=0.11s Sys=0.00s Real=0.05s
[407.407s][info][gc             ] GC(963) Concurrent Mark Cycle
[407.409s][info][gc,marking     ] GC(963) Concurrent Scan Root Regions
[407.466s][info][gc,marking     ] GC(963) Concurrent Scan Root Regions 56.916ms
[407.466s][info][gc,marking     ] GC(963) Concurrent Mark
[407.466s][info][gc,marking     ] GC(963) Concurrent Mark From Roots
[407.466s][info][gc,task        ] GC(963) Using 1 workers of 1 for marking
[408.331s][info][gc,start       ] GC(964) Pause Young (Normal) (G1 Evacuation Pause)
[408.331s][info][gc,task        ] GC(964) Using 2 workers of 2 for evacuation
[408.385s][info][gc,phases      ] GC(964)   Pre Evacuate Collection Set: 0.33ms
[408.385s][info][gc,phases      ] GC(964)   Merge Heap Roots: 0.23ms
[408.386s][info][gc,phases      ] GC(964)   Evacuate Collection Set: 53.15ms
[408.386s][info][gc,phases      ] GC(964)   Post Evacuate Collection Set: 0.56ms
[408.386s][info][gc,phases      ] GC(964)   Other: 0.16ms
[408.386s][info][gc,heap        ] GC(964) Eden regions: 248->0(254)
[408.386s][info][gc,heap        ] GC(964) Survivor regions: 39->6(36)
[408.386s][info][gc,heap        ] GC(964) Old regions: 594->633
[408.386s][info][gc,heap        ] GC(964) Humongous regions: 7->7
[408.386s][info][gc,metaspace   ] GC(964) Metaspace: 18894K(19072K)->18894K(19072K) NonClass: 17064K(17216K)->17064K(17216K) Class: 1829K(1856K)->1829K(1856K)
[408.386s][info][gc             ] GC(964) Pause Young (Normal) (G1 Evacuation Pause) 887M->644M(978M) 54.706ms
[408.386s][info][gc,cpu         ] GC(964) User=0.11s Sys=0.00s Real=0.05s
[408.910s][info][gc,start       ] GC(965) Pause Young (Normal) (G1 Evacuation Pause)
[408.910s][info][gc,task        ] GC(965) Using 2 workers of 2 for evacuation
[408.981s][info][gc,phases      ] GC(965)   Pre Evacuate Collection Set: 0.55ms
[408.981s][info][gc,phases      ] GC(965)   Merge Heap Roots: 0.48ms
[408.981s][info][gc,phases      ] GC(965)   Evacuate Collection Set: 69.43ms
[408.981s][info][gc,phases      ] GC(965)   Post Evacuate Collection Set: 0.61ms
[408.981s][info][gc,phases      ] GC(965)   Other: 0.12ms
[408.981s][info][gc,heap        ] GC(965) Eden regions: 254->0(232)
[408.981s][info][gc,heap        ] GC(965) Survivor regions: 6->28(33)
[408.981s][info][gc,heap        ] GC(965) Old regions: 633->633
[408.981s][info][gc,heap        ] GC(965) Humongous regions: 7->7
[408.981s][info][gc,metaspace   ] GC(965) Metaspace: 18894K(19072K)->18894K(19072K) NonClass: 17064K(17216K)->17064K(17216K) Class: 1829K(1856K)->1829K(1856K)
[408.981s][info][gc             ] GC(965) Pause Young (Normal) (G1 Evacuation Pause) 898M->667M(978M) 71.529ms
[408.981s][info][gc,cpu         ] GC(965) User=0.14s Sys=0.00s Real=0.08s
[409.240s][info][gc,marking     ] GC(963) Concurrent Mark From Roots 1773.057ms
[409.240s][info][gc,marking     ] GC(963) Concurrent Preclean
[409.240s][info][gc,marking     ] GC(963) Concurrent Preclean 0.045ms
[409.240s][info][gc,start       ] GC(963) Pause Remark
[409.250s][info][gc             ] GC(963) Pause Remark 761M->625M(978M) 10.456ms
[409.250s][info][gc,cpu         ] GC(963) User=0.02s Sys=0.00s Real=0.01s
[409.250s][info][gc,marking     ] GC(963) Concurrent Mark 1783.947ms
[409.250s][info][gc,marking     ] GC(963) Concurrent Rebuild Remembered Sets and Scrub Regions
[409.577s][info][gc,start       ] GC(966) Pause Young (Normal) (G1 Evacuation Pause)
[409.577s][info][gc,task        ] GC(966) Using 2 workers of 2 for evacuation
[409.650s][info][gc,phases      ] GC(966)   Pre Evacuate Collection Set: 0.48ms
[409.651s][info][gc,phases      ] GC(966)   Merge Heap Roots: 0.53ms
[409.651s][info][gc,phases      ] GC(966)   Evacuate Collection Set: 71.31ms
[409.651s][info][gc,phases      ] GC(966)   Post Evacuate Collection Set: 0.56ms
[409.651s][info][gc,phases      ] GC(966)   Other: 0.13ms
[409.651s][info][gc,heap        ] GC(966) Eden regions: 232->0(318)
[409.651s][info][gc,heap        ] GC(966) Survivor regions: 28->18(33)
[409.651s][info][gc,heap        ] GC(966) Old regions: 499->527
[409.651s][info][gc,heap        ] GC(966) Humongous regions: 5->5
[409.651s][info][gc,metaspace   ] GC(966) Metaspace: 18894K(19072K)->18894K(19072K) NonClass: 17064K(17216K)->17064K(17216K) Class: 1829K(1856K)->1829K(1856K)
[409.651s][info][gc             ] GC(966) Pause Young (Normal) (G1 Evacuation Pause) 763M->549M(978M) 73.309ms
[409.651s][info][gc,cpu         ] GC(966) User=0.14s Sys=0.00s Real=0.08s
[409.885s][info][gc,marking     ] GC(963) Concurrent Rebuild Remembered Sets and Scrub Regions 634.727ms
[409.885s][info][gc,start       ] GC(963) Pause Cleanup
[409.886s][info][gc             ] GC(963) Pause Cleanup 609M->609M(978M) 0.177ms
[409.886s][info][gc,cpu         ] GC(963) User=0.00s Sys=0.00s Real=0.00s
[409.886s][info][gc,marking     ] GC(963) Concurrent Clear Claimed Marks
[409.886s][info][gc,marking     ] GC(963) Concurrent Clear Claimed Marks 0.031ms
[409.886s][info][gc,marking     ] GC(963) Concurrent Cleanup for Next Mark
[409.889s][info][gc,marking     ] GC(963) Concurrent Cleanup for Next Mark 3.008ms
[409.889s][info][gc             ] GC(963) Concurrent Mark Cycle 2481.388ms
[410.212s][info][gc,start       ] GC(967) Pause Young (Prepare Mixed) (G1 Evacuation Pause)
[410.212s][info][gc,task        ] GC(967) Using 2 workers of 2 for evacuation
[410.315s][info][gc,phases      ] GC(967)   Pre Evacuate Collection Set: 0.38ms
[410.315s][info][gc,phases      ] GC(967)   Merge Heap Roots: 0.22ms
[410.315s][info][gc,phases      ] GC(967)   Evacuate Collection Set: 101.54ms
[410.315s][info][gc,phases      ] GC(967)   Post Evacuate Collection Set: 0.98ms
[410.315s][info][gc,phases      ] GC(967)   Other: 0.13ms
[410.315s][info][gc,heap        ] GC(967) Eden regions: 318->0(248)
[410.315s][info][gc,heap        ] GC(967) Survivor regions: 18->42(42)
[410.315s][info][gc,heap        ] GC(967) Old regions: 527->577
[410.315s][info][gc,heap        ] GC(967) Humongous regions: 5->5
[410.315s][info][gc,metaspace   ] GC(967) Metaspace: 18894K(19072K)->18894K(19072K) NonClass: 17064K(17216K)->17064K(17216K) Class: 1829K(1856K)->1829K(1856K)
[410.315s][info][gc             ] GC(967) Pause Young (Prepare Mixed) (G1 Evacuation Pause) 867M->623M(978M) 103.565ms
[410.315s][info][gc,cpu         ] GC(967) User=0.21s Sys=0.00s Real=0.10s
[410.809s][info][gc,start       ] GC(968) Pause Young (Mixed) (G1 Evacuation Pause)
[410.810s][info][gc,task        ] GC(968) Using 2 workers of 2 for evacuation
[410.914s][info][gc,phases      ] GC(968)   Pre Evacuate Collection Set: 0.58ms
[410.914s][info][gc,phases      ] GC(968)   Merge Heap Roots: 0.59ms
[410.914s][info][gc,phases      ] GC(968)   Evacuate Collection Set: 102.03ms
[410.914s][info][gc,phases      ] GC(968)   Post Evacuate Collection Set: 0.74ms
[410.914s][info][gc,phases      ] GC(968)   Other: 0.12ms
[410.914s][info][gc,heap        ] GC(968) Eden regions: 248->0(265)
[410.914s][info][gc,heap        ] GC(968) Survivor regions: 42->19(37)
[410.914s][info][gc,heap        ] GC(968) Old regions: 577->580
[410.914s][info][gc,heap        ] GC(968) Humongous regions: 8->8
[410.914s][info][gc,metaspace   ] GC(968) Metaspace: 18894K(19072K)->18894K(19072K) NonClass: 17064K(17216K)->17064K(17216K) Class: 1829K(1856K)->1829K(1856K)
[410.914s][info][gc             ] GC(968) Pause Young (Mixed) (G1 Evacuation Pause) 874M->606M(978M) 104.323ms
[410.914s][info][gc,cpu         ] GC(968) User=0.21s Sys=0.00s Real=0.11s
[411.362s][info][gc,start       ] GC(969) Pause Young (Concurrent Start) (G1 Evacuation Pause)
[411.362s][info][gc,task        ] GC(969) Using 2 workers of 2 for evacuation
[411.442s][info][gc,phases      ] GC(969)   Pre Evacuate Collection Set: 0.45ms
[411.442s][info][gc,phases      ] GC(969)   Merge Heap Roots: 0.69ms
[411.442s][info][gc,phases      ] GC(969)   Evacuate Collection Set: 78.41ms
[411.442s][info][gc,phases      ] GC(969)   Post Evacuate Collection Set: 0.61ms
[411.442s][info][gc,phases      ] GC(969)   Other: 0.14ms
[411.442s][info][gc,heap        ] GC(969) Eden regions: 265->0(245)
[411.442s][info][gc,heap        ] GC(969) Survivor regions: 19->27(36)
[411.442s][info][gc,heap        ] GC(969) Old regions: 580->599
[411.442s][info][gc,heap        ] GC(969) Humongous regions: 8->8
[411.442s][info][gc,metaspace   ] GC(969) Metaspace: 18894K(19072K)->18894K(19072K) NonClass: 17064K(17216K)->17064K(17216K) Class: 1829K(1856K)->1829K(1856K)
[411.442s][info][gc             ] GC(969) Pause Young (Concurrent Start) (G1 Evacuation Pause) 871M->633M(978M) 80.609ms
[411.442s][info][gc,cpu         ] GC(969) User=0.16s Sys=0.00s Real=0.08s
[411.443s][info][gc             ] GC(970) Concurrent Mark Cycle
[411.443s][info][gc,marking     ] GC(970) Concurrent Scan Root Regions
[411.525s][info][gc,marking     ] GC(970) Concurrent Scan Root Regions 82.440ms
[411.525s][info][gc,marking     ] GC(970) Concurrent Mark
[411.525s][info][gc,marking     ] GC(970) Concurrent Mark From Roots
[411.525s][info][gc,task        ] GC(970) Using 1 workers of 1 for marking
[412.096s][info][gc,start       ] GC(971) Pause Young (Normal) (G1 Evacuation Pause)
[412.097s][info][gc,task        ] GC(971) Using 2 workers of 2 for evacuation
[412.168s][info][gc,phases      ] GC(971)   Pre Evacuate Collection Set: 0.31ms
[412.168s][info][gc,phases      ] GC(971)   Merge Heap Roots: 0.10ms
[412.168s][info][gc,phases      ] GC(971)   Evacuate Collection Set: 70.29ms
[412.168s][info][gc,phases      ] GC(971)   Post Evacuate Collection Set: 0.68ms
[412.168s][info][gc,phases      ] GC(971)   Other: 0.09ms
[412.168s][info][gc,heap        ] GC(971) Eden regions: 245->0(205)
[412.168s][info][gc,heap        ] GC(971) Survivor regions: 27->34(34)
[412.168s][info][gc,heap        ] GC(971) Old regions: 599->639
[412.168s][info][gc,heap        ] GC(971) Humongous regions: 8->8
[412.168s][info][gc,metaspace   ] GC(971) Metaspace: 18894K(19072K)->18894K(19072K) NonClass: 17064K(17216K)->17064K(17216K) Class: 1829K(1856K)->1829K(1856K)
[412.168s][info][gc             ] GC(971) Pause Young (Normal) (G1 Evacuation Pause) 878M->680M(978M) 71.780ms
[412.168s][info][gc,cpu         ] GC(971) User=0.14s Sys=0.00s Real=0.07s
[412.754s][info][gc,start       ] GC(972) Pause Young (Normal) (G1 Evacuation Pause)
[412.755s][info][gc,task        ] GC(972) Using 2 workers of 2 for evacuation
[412.833s][info][gc,phases      ] GC(972)   Pre Evacuate Collection Set: 0.34ms
[412.833s][info][gc,phases      ] GC(972)   Merge Heap Roots: 0.35ms
[412.833s][info][gc,phases      ] GC(972)   Evacuate Collection Set: 76.66ms
[412.833s][info][gc,phases      ] GC(972)   Post Evacuate Collection Set: 0.62ms
[412.833s][info][gc,phases      ] GC(972)   Other: 0.12ms
[412.833s][info][gc,heap        ] GC(972) Eden regions: 205->0(191)
[412.833s][info][gc,heap        ] GC(972) Survivor regions: 34->19(30)
[412.833s][info][gc,heap        ] GC(972) Old regions: 639->673
[412.833s][info][gc,heap        ] GC(972) Humongous regions: 11->11
[412.833s][info][gc,metaspace   ] GC(972) Metaspace: 18894K(19072K)->18894K(19072K) NonClass: 17064K(17216K)->17064K(17216K) Class: 1829K(1856K)->1829K(1856K)
[412.833s][info][gc             ] GC(972) Pause Young (Normal) (G1 Evacuation Pause) 888M->702M(978M) 78.394ms
[412.833s][info][gc,cpu         ] GC(972) User=0.15s Sys=0.00s Real=0.08s
[412.959s][info][gc,marking     ] GC(970) Concurrent Mark From Roots 1434.021ms
[412.959s][info][gc,marking     ] GC(970) Concurrent Preclean
[412.959s][info][gc,marking     ] GC(970) Concurrent Preclean 0.039ms
[412.959s][info][gc,start       ] GC(970) Pause Remark
[412.968s][info][gc             ] GC(970) Pause Remark 733M->581M(978M) 8.780ms
[412.968s][info][gc,cpu         ] GC(970) User=0.02s Sys=0.00s Real=0.01s
[412.971s][info][gc,marking     ] GC(970) Concurrent Mark 1445.508ms
[412.971s][info][gc,marking     ] GC(970) Concurrent Rebuild Remembered Sets and Scrub Regions
[413.373s][info][gc,start       ] GC(973) Pause Young (Normal) (G1 Evacuation Pause)
[413.373s][info][gc,task        ] GC(973) Using 2 workers of 2 for evacuation
[413.414s][info][gc,phases      ] GC(973)   Pre Evacuate Collection Set: 0.33ms
[413.414s][info][gc,phases      ] GC(973)   Merge Heap Roots: 0.40ms
[413.414s][info][gc,phases      ] GC(973)   Evacuate Collection Set: 38.85ms
[413.414s][info][gc,phases      ] GC(973)   Post Evacuate Collection Set: 0.47ms
[413.414s][info][gc,phases      ] GC(973)   Other: 0.09ms
[413.414s][info][gc,heap        ] GC(973) Eden regions: 191->0(305)
[413.414s][info][gc,heap        ] GC(973) Survivor regions: 19->1(27)
[413.414s][info][gc,heap        ] GC(973) Old regions: 524->544
[413.414s][info][gc,heap        ] GC(973) Humongous regions: 8->8
[413.414s][info][gc,metaspace   ] GC(973) Metaspace: 18894K(19072K)->18894K(19072K) NonClass: 17064K(17216K)->17064K(17216K) Class: 1829K(1856K)->1829K(1856K)
[413.414s][info][gc             ] GC(973) Pause Young (Normal) (G1 Evacuation Pause) 741M->552M(978M) 40.362ms
[413.414s][info][gc,cpu         ] GC(973) User=0.08s Sys=0.00s Real=0.04s
[413.461s][info][gc,marking     ] GC(970) Concurrent Rebuild Remembered Sets and Scrub Regions 490.894ms
[413.462s][info][gc,start       ] GC(970) Pause Cleanup
[413.462s][info][gc             ] GC(970) Pause Cleanup 567M->567M(978M) 0.124ms
[413.462s][info][gc,cpu         ] GC(970) User=0.00s Sys=0.00s Real=0.00s
[413.462s][info][gc,marking     ] GC(970) Concurrent Clear Claimed Marks
[413.462s][info][gc,marking     ] GC(970) Concurrent Clear Claimed Marks 0.034ms
[413.462s][info][gc,marking     ] GC(970) Concurrent Cleanup for Next Mark
[413.465s][info][gc,marking     ] GC(970) Concurrent Cleanup for Next Mark 3.038ms
[413.465s][info][gc             ] GC(970) Concurrent Mark Cycle 2022.546ms
[413.925s][info][gc,start       ] GC(974) Pause Young (Prepare Mixed) (G1 Evacuation Pause)
[413.925s][info][gc,task        ] GC(974) Using 2 workers of 2 for evacuation
[413.927s][info][gc,phases      ] GC(974)   Pre Evacuate Collection Set: 0.56ms
[413.927s][info][gc,phases      ] GC(974)   Merge Heap Roots: 0.13ms
[413.927s][info][gc,phases      ] GC(974)   Evacuate Collection Set: 0.26ms
[413.927s][info][gc,phases      ] GC(974)   Post Evacuate Collection Set: 0.51ms
[413.927s][info][gc,phases      ] GC(974)   Other: 0.09ms
[413.927s][info][gc,heap        ] GC(974) Eden regions: 305->0(325)
[413.927s][info][gc,heap        ] GC(974) Survivor regions: 1->1(39)
[413.927s][info][gc,heap        ] GC(974) Old regions: 544->544
[413.927s][info][gc,heap        ] GC(974) Humongous regions: 8->8
[413.927s][info][gc,metaspace   ] GC(974) Metaspace: 18894K(19072K)->18894K(19072K) NonClass: 17064K(17216K)->17064K(17216K) Class: 1829K(1856K)->1829K(1856K)
[413.927s][info][gc             ] GC(974) Pause Young (Prepare Mixed) (G1 Evacuation Pause) 857M->552M(978M) 1.769ms
[413.927s][info][gc,cpu         ] GC(974) User=0.00s Sys=0.00s Real=0.00s
[414.407s][info][gc,start       ] GC(975) Pause Young (Mixed) (G1 Evacuation Pause)
[414.407s][info][gc,task        ] GC(975) Using 2 workers of 2 for evacuation
[414.428s][info][gc,phases      ] GC(975)   Pre Evacuate Collection Set: 0.57ms
[414.428s][info][gc,phases      ] GC(975)   Merge Heap Roots: 0.19ms
[414.428s][info][gc,phases      ] GC(975)   Evacuate Collection Set: 19.31ms
[414.428s][info][gc,phases      ] GC(975)   Post Evacuate Collection Set: 0.64ms
[414.428s][info][gc,phases      ] GC(975)   Other: 0.10ms
[414.428s][info][gc,heap        ] GC(975) Eden regions: 325->0(342)
[414.428s][info][gc,heap        ] GC(975) Survivor regions: 1->14(41)
[414.428s][info][gc,heap        ] GC(975) Old regions: 544->520
[414.428s][info][gc,heap        ] GC(975) Humongous regions: 8->8
[414.428s][info][gc,metaspace   ] GC(975) Metaspace: 18894K(19072K)->18894K(19072K) NonClass: 17064K(17216K)->17064K(17216K) Class: 1829K(1856K)->1829K(1856K)
[414.428s][info][gc             ] GC(975) Pause Young (Mixed) (G1 Evacuation Pause) 877M->541M(978M) 21.074ms
[414.428s][info][gc,cpu         ] GC(975) User=0.04s Sys=0.00s Real=0.02s
[414.828s][info][gc,start       ] GC(976) Pause Young (Concurrent Start) (G1 Evacuation Pause)
[414.828s][info][gc,task        ] GC(976) Using 2 workers of 2 for evacuation
[414.885s][info][gc,phases      ] GC(976)   Pre Evacuate Collection Set: 0.42ms
[414.885s][info][gc,phases      ] GC(976)   Merge Heap Roots: 0.25ms
[414.885s][info][gc,phases      ] GC(976)   Evacuate Collection Set: 55.71ms
[414.885s][info][gc,phases      ] GC(976)   Post Evacuate Collection Set: 0.70ms
[414.885s][info][gc,phases      ] GC(976)   Other: 0.14ms
[414.885s][info][gc,heap        ] GC(976) Eden regions: 342->0(324)
[414.885s][info][gc,heap        ] GC(976) Survivor regions: 14->38(45)
[414.885s][info][gc,heap        ] GC(976) Old regions: 520->520
[414.885s][info][gc,heap        ] GC(976) Humongous regions: 8->8
[414.885s][info][gc,metaspace   ] GC(976) Metaspace: 18894K(19072K)->18894K(19072K) NonClass: 17064K(17216K)->17064K(17216K) Class: 1829K(1856K)->1829K(1856K)
[414.885s][info][gc             ] GC(976) Pause Young (Concurrent Start) (G1 Evacuation Pause) 883M->565M(978M) 57.537ms
[414.885s][info][gc,cpu         ] GC(976) User=0.12s Sys=0.00s Real=0.06s
[414.885s][info][gc             ] GC(977) Concurrent Mark Cycle
[414.887s][info][gc,marking     ] GC(977) Concurrent Scan Root Regions
[414.968s][info][gc,marking     ] GC(977) Concurrent Scan Root Regions 80.725ms
[414.968s][info][gc,marking     ] GC(977) Concurrent Mark
[414.968s][info][gc,marking     ] GC(977) Concurrent Mark From Roots
[414.968s][info][gc,task        ] GC(977) Using 1 workers of 1 for marking
[415.612s][info][gc,start       ] GC(978) Pause Young (Normal) (G1 Evacuation Pause)
[415.612s][info][gc,task        ] GC(978) Using 2 workers of 2 for evacuation
[415.663s][info][gc,phases      ] GC(978)   Pre Evacuate Collection Set: 0.55ms
[415.663s][info][gc,phases      ] GC(978)   Merge Heap Roots: 0.24ms
[415.663s][info][gc,phases      ] GC(978)   Evacuate Collection Set: 49.29ms
[415.663s][info][gc,phases      ] GC(978)   Post Evacuate Collection Set: 0.65ms
[415.663s][info][gc,phases      ] GC(978)   Other: 0.18ms
[415.663s][info][gc,heap        ] GC(978) Eden regions: 324->0(332)
[415.663s][info][gc,heap        ] GC(978) Survivor regions: 38->5(46)
[415.663s][info][gc,heap        ] GC(978) Old regions: 520->558
[415.663s][info][gc,heap        ] GC(978) Humongous regions: 8->8
[415.663s][info][gc,metaspace   ] GC(978) Metaspace: 18894K(19072K)->18894K(19072K) NonClass: 17064K(17216K)->17064K(17216K) Class: 1829K(1856K)->1829K(1856K)
[415.663s][info][gc             ] GC(978) Pause Young (Normal) (G1 Evacuation Pause) 889M->570M(978M) 51.187ms
[415.663s][info][gc,cpu         ] GC(978) User=0.10s Sys=0.00s Real=0.05s
[416.474s][info][gc,marking     ] GC(977) Concurrent Mark From Roots 1505.853ms
[416.474s][info][gc,marking     ] GC(977) Concurrent Preclean
[416.474s][info][gc,marking     ] GC(977) Concurrent Preclean 0.046ms
[416.474s][info][gc,start       ] GC(977) Pause Remark
[416.483s][info][gc             ] GC(977) Pause Remark 824M->823M(978M) 9.023ms
[416.484s][info][gc,cpu         ] GC(977) User=0.02s Sys=0.00s Real=0.01s
[416.484s][info][gc,marking     ] GC(977) Concurrent Mark 1515.305ms
[416.484s][info][gc,marking     ] GC(977) Concurrent Rebuild Remembered Sets and Scrub Regions
[416.835s][info][gc,start       ] GC(979) Pause Young (Normal) (G1 Evacuation Pause)
[416.835s][info][gc,task        ] GC(979) Using 2 workers of 2 for evacuation
[416.880s][info][gc,phases      ] GC(979)   Pre Evacuate Collection Set: 0.29ms
[416.880s][info][gc,phases      ] GC(979)   Merge Heap Roots: 0.33ms
[416.880s][info][gc,phases      ] GC(979)   Evacuate Collection Set: 43.55ms
[416.880s][info][gc,phases      ] GC(979)   Post Evacuate Collection Set: 0.65ms
[416.880s][info][gc,phases      ] GC(979)   Other: 0.12ms
[416.880s][info][gc,heap        ] GC(979) Eden regions: 332->0(299)
[416.880s][info][gc,heap        ] GC(979) Survivor regions: 5->32(43)
[416.880s][info][gc,heap        ] GC(979) Old regions: 558->558
[416.880s][info][gc,heap        ] GC(979) Humongous regions: 7->7
[416.880s][info][gc,metaspace   ] GC(979) Metaspace: 18894K(19072K)->18894K(19072K) NonClass: 17064K(17216K)->17064K(17216K) Class: 1829K(1856K)->1829K(1856K)
[416.880s][info][gc             ] GC(979) Pause Young (Normal) (G1 Evacuation Pause) 901M->596M(978M) 45.229ms
[416.880s][info][gc,cpu         ] GC(979) User=0.09s Sys=0.00s Real=0.04s
[417.006s][info][gc,marking     ] GC(977) Concurrent Rebuild Remembered Sets and Scrub Regions 522.150ms
[417.006s][info][gc,start       ] GC(977) Pause Cleanup
[417.006s][info][gc             ] GC(977) Pause Cleanup 649M->649M(978M) 0.123ms
[417.006s][info][gc,cpu         ] GC(977) User=0.00s Sys=0.00s Real=0.00s
[417.007s][info][gc,marking     ] GC(977) Concurrent Clear Claimed Marks
[417.007s][info][gc,marking     ] GC(977) Concurrent Clear Claimed Marks 0.056ms
[417.007s][info][gc,marking     ] GC(977) Concurrent Cleanup for Next Mark
[417.013s][info][gc,marking     ] GC(977) Concurrent Cleanup for Next Mark 6.101ms
[417.013s][info][gc             ] GC(977) Concurrent Mark Cycle 2128.096ms
[417.297s][info][gc,start       ] GC(980) Pause Young (Prepare Mixed) (G1 Evacuation Pause)
[417.297s][info][gc,task        ] GC(980) Using 2 workers of 2 for evacuation
[417.384s][info][gc,phases      ] GC(980)   Pre Evacuate Collection Set: 0.36ms
[417.384s][info][gc,phases      ] GC(980)   Merge Heap Roots: 0.39ms
[417.384s][info][gc,phases      ] GC(980)   Evacuate Collection Set: 85.58ms
[417.384s][info][gc,phases      ] GC(980)   Post Evacuate Collection Set: 0.68ms
[417.384s][info][gc,phases      ] GC(980)   Other: 0.13ms
[417.384s][info][gc,heap        ] GC(980) Eden regions: 299->0(261)
[417.384s][info][gc,heap        ] GC(980) Survivor regions: 32->35(42)
[417.384s][info][gc,heap        ] GC(980) Old regions: 558->590
[417.384s][info][gc,heap        ] GC(980) Humongous regions: 7->7
[417.384s][info][gc,metaspace   ] GC(980) Metaspace: 18894K(19072K)->18894K(19072K) NonClass: 17064K(17216K)->17064K(17216K) Class: 1829K(1856K)->1829K(1856K)
[417.384s][info][gc             ] GC(980) Pause Young (Prepare Mixed) (G1 Evacuation Pause) 895M->631M(978M) 87.502ms
[417.384s][info][gc,cpu         ] GC(980) User=0.17s Sys=0.00s Real=0.09s
[417.718s][info][gc,start       ] GC(981) Pause Young (Mixed) (G1 Evacuation Pause)
[417.718s][info][gc,task        ] GC(981) Using 2 workers of 2 for evacuation
[417.771s][info][gc,phases      ] GC(981)   Pre Evacuate Collection Set: 0.57ms
[417.771s][info][gc,phases      ] GC(981)   Merge Heap Roots: 0.28ms
[417.771s][info][gc,phases      ] GC(981)   Evacuate Collection Set: 51.09ms
[417.771s][info][gc,phases      ] GC(981)   Post Evacuate Collection Set: 0.61ms
[417.771s][info][gc,phases      ] GC(981)   Other: 0.12ms
[417.771s][info][gc,heap        ] GC(981) Eden regions: 261->0(286)
[417.771s][info][gc,heap        ] GC(981) Survivor regions: 35->6(37)
[417.771s][info][gc,heap        ] GC(981) Old regions: 590->614
[417.771s][info][gc,heap        ] GC(981) Humongous regions: 7->7
[417.771s][info][gc,metaspace   ] GC(981) Metaspace: 18894K(19072K)->18894K(19072K) NonClass: 17064K(17216K)->17064K(17216K) Class: 1829K(1856K)->1829K(1856K)
[417.771s][info][gc             ] GC(981) Pause Young (Mixed) (G1 Evacuation Pause) 892M->626M(978M) 52.974ms
[417.771s][info][gc,cpu         ] GC(981) User=0.10s Sys=0.01s Real=0.06s
[418.164s][info][gc,start       ] GC(982) Pause Young (Concurrent Start) (G1 Evacuation Pause)
[418.165s][info][gc,task        ] GC(982) Using 2 workers of 2 for evacuation
[418.208s][info][gc,phases      ] GC(982)   Pre Evacuate Collection Set: 0.37ms
[418.208s][info][gc,phases      ] GC(982)   Merge Heap Roots: 0.28ms
[418.208s][info][gc,phases      ] GC(982)   Evacuate Collection Set: 41.80ms
[418.208s][info][gc,phases      ] GC(982)   Post Evacuate Collection Set: 0.63ms
[418.208s][info][gc,phases      ] GC(982)   Other: 0.11ms
[418.208s][info][gc,heap        ] GC(982) Eden regions: 286->0(247)
[418.208s][info][gc,heap        ] GC(982) Survivor regions: 6->30(37)
[418.208s][info][gc,heap        ] GC(982) Old regions: 614->614
[418.208s][info][gc,heap        ] GC(982) Humongous regions: 7->7
[418.208s][info][gc,metaspace   ] GC(982) Metaspace: 18894K(19072K)->18894K(19072K) NonClass: 17064K(17216K)->17064K(17216K) Class: 1829K(1856K)->1829K(1856K)
[418.208s][info][gc             ] GC(982) Pause Young (Concurrent Start) (G1 Evacuation Pause) 912M->650M(978M) 43.473ms
[418.208s][info][gc,cpu         ] GC(982) User=0.09s Sys=0.00s Real=0.04s
[418.210s][info][gc             ] GC(983) Concurrent Mark Cycle
[418.210s][info][gc,marking     ] GC(983) Concurrent Scan Root Regions
[418.272s][info][gc,marking     ] GC(983) Concurrent Scan Root Regions 61.412ms
[418.272s][info][gc,marking     ] GC(983) Concurrent Mark
[418.272s][info][gc,marking     ] GC(983) Concurrent Mark From Roots
[418.272s][info][gc,task        ] GC(983) Using 1 workers of 1 for marking
[419.309s][info][gc,start       ] GC(984) Pause Young (Normal) (G1 Evacuation Pause)
[419.309s][info][gc,task        ] GC(984) Using 2 workers of 2 for evacuation
[419.344s][info][gc,phases      ] GC(984)   Pre Evacuate Collection Set: 0.31ms
[419.344s][info][gc,phases      ] GC(984)   Merge Heap Roots: 0.22ms
[419.344s][info][gc,phases      ] GC(984)   Evacuate Collection Set: 33.78ms
[419.344s][info][gc,phases      ] GC(984)   Post Evacuate Collection Set: 0.55ms
[419.344s][info][gc,phases      ] GC(984)   Other: 0.09ms
[419.344s][info][gc,heap        ] GC(984) Eden regions: 247->0(271)
[419.344s][info][gc,heap        ] GC(984) Survivor regions: 30->1(35)
[419.344s][info][gc,heap        ] GC(984) Old regions: 614->644
[419.344s][info][gc,heap        ] GC(984) Humongous regions: 7->7
[419.344s][info][gc,metaspace   ] GC(984) Metaspace: 18894K(19072K)->18894K(19072K) NonClass: 17064K(17216K)->17064K(17216K) Class: 1829K(1856K)->1829K(1856K)
[419.344s][info][gc             ] GC(984) Pause Young (Normal) (G1 Evacuation Pause) 897M->651M(978M) 35.235ms
[419.344s][info][gc,cpu         ] GC(984) User=0.07s Sys=0.00s Real=0.04s
[420.531s][info][gc,marking     ] GC(983) Concurrent Mark From Roots 2259.034ms
[420.531s][info][gc,marking     ] GC(983) Concurrent Preclean
[420.531s][info][gc,marking     ] GC(983) Concurrent Preclean 0.054ms
[420.531s][info][gc,start       ] GC(983) Pause Remark
[420.540s][info][gc             ] GC(983) Pause Remark 901M->901M(978M) 8.880ms
[420.540s][info][gc,cpu         ] GC(983) User=0.02s Sys=0.01s Real=0.00s
[420.540s][info][gc,marking     ] GC(983) Concurrent Mark 2268.358ms
[420.540s][info][gc,marking     ] GC(983) Concurrent Rebuild Remembered Sets and Scrub Regions
[420.653s][info][gc,start       ] GC(985) Pause Young (Normal) (G1 Evacuation Pause)
[420.653s][info][gc,task        ] GC(985) Using 2 workers of 2 for evacuation
[420.657s][info][gc,phases      ] GC(985)   Pre Evacuate Collection Set: 0.59ms
[420.657s][info][gc,phases      ] GC(985)   Merge Heap Roots: 0.15ms
[420.657s][info][gc,phases      ] GC(985)   Evacuate Collection Set: 2.29ms
[420.657s][info][gc,phases      ] GC(985)   Post Evacuate Collection Set: 0.53ms
[420.657s][info][gc,phases      ] GC(985)   Other: 0.10ms
[420.657s][info][gc,heap        ] GC(985) Eden regions: 271->0(275)
[420.657s][info][gc,heap        ] GC(985) Survivor regions: 1->1(34)
[420.657s][info][gc,heap        ] GC(985) Old regions: 644->644
[420.657s][info][gc,heap        ] GC(985) Humongous regions: 7->7
[420.657s][info][gc,metaspace   ] GC(985) Metaspace: 18894K(19072K)->18894K(19072K) NonClass: 17064K(17216K)->17064K(17216K) Class: 1829K(1856K)->1829K(1856K)
[420.657s][info][gc             ] GC(985) Pause Young (Normal) (G1 Evacuation Pause) 922M->651M(978M) 3.868ms
[420.657s][info][gc,cpu         ] GC(985) User=0.00s Sys=0.00s Real=0.00s
[421.220s][info][gc,start       ] GC(986) Pause Young (Normal) (G1 Evacuation Pause)
[421.220s][info][gc,task        ] GC(986) Using 2 workers of 2 for evacuation
[421.304s][info][gc,phases      ] GC(986)   Pre Evacuate Collection Set: 0.37ms
[421.304s][info][gc,phases      ] GC(986)   Merge Heap Roots: 0.14ms
[421.304s][info][gc,phases      ] GC(986)   Evacuate Collection Set: 78.41ms
[421.304s][info][gc,phases      ] GC(986)   Post Evacuate Collection Set: 4.22ms
[421.304s][info][gc,phases      ] GC(986)   Other: 0.13ms
[421.304s][info][gc,heap        ] GC(986) Eden regions: 275->0(152)
[421.304s][info][gc,heap        ] GC(986) Survivor regions: 1->35(35)
[421.304s][info][gc,heap        ] GC(986) Old regions: 644->699
[421.304s][info][gc,heap        ] GC(986) Humongous regions: 7->7
[421.304s][info][gc,metaspace   ] GC(986) Metaspace: 18894K(19072K)->18894K(19072K) NonClass: 17064K(17216K)->17064K(17216K) Class: 1829K(1856K)->1829K(1856K)
[421.304s][info][gc             ] GC(986) Pause Young (Normal) (G1 Evacuation Pause) (Evacuation Failure: Allocation) 926M->740M(978M) 83.558ms
[421.304s][info][gc,cpu         ] GC(986) User=0.16s Sys=0.00s Real=0.09s
[421.347s][info][gc,marking     ] GC(983) Concurrent Rebuild Remembered Sets and Scrub Regions 806.515ms
[421.347s][info][gc,start       ] GC(983) Pause Cleanup
[421.347s][info][gc             ] GC(983) Pause Cleanup 768M->768M(978M) 0.206ms
[421.347s][info][gc,cpu         ] GC(983) User=0.00s Sys=0.00s Real=0.00s
[421.348s][info][gc,marking     ] GC(983) Concurrent Clear Claimed Marks
[421.348s][info][gc,marking     ] GC(983) Concurrent Clear Claimed Marks 0.060ms
[421.348s][info][gc,marking     ] GC(983) Concurrent Cleanup for Next Mark
[421.353s][info][gc,marking     ] GC(983) Concurrent Cleanup for Next Mark 5.099ms
[421.354s][info][gc             ] GC(983) Concurrent Mark Cycle 3145.573ms
[421.607s][info][gc,start       ] GC(987) Pause Young (Prepare Mixed) (G1 Evacuation Pause)
[421.608s][info][gc,task        ] GC(987) Using 2 workers of 2 for evacuation
[421.682s][info][gc,phases      ] GC(987)   Pre Evacuate Collection Set: 0.59ms
[421.682s][info][gc,phases      ] GC(987)   Merge Heap Roots: 0.32ms
[421.682s][info][gc,phases      ] GC(987)   Evacuate Collection Set: 72.85ms
[421.682s][info][gc,phases      ] GC(987)   Post Evacuate Collection Set: 0.69ms
[421.682s][info][gc,phases      ] GC(987)   Other: 0.11ms
[421.682s][info][gc,heap        ] GC(987) Eden regions: 152->0(177)
[421.682s][info][gc,heap        ] GC(987) Survivor regions: 35->15(24)
[421.682s][info][gc,heap        ] GC(987) Old regions: 699->705
[421.682s][info][gc,heap        ] GC(987) Humongous regions: 7->7
[421.682s][info][gc,metaspace   ] GC(987) Metaspace: 18894K(19072K)->18894K(19072K) NonClass: 17064K(17216K)->17064K(17216K) Class: 1829K(1856K)->1829K(1856K)
[421.682s][info][gc             ] GC(987) Pause Young (Prepare Mixed) (G1 Evacuation Pause) 892M->726M(978M) 74.942ms
[421.682s][info][gc,cpu         ] GC(987) User=0.14s Sys=0.00s Real=0.08s
[422.016s][info][gc,start       ] GC(988) Pause Young (Mixed) (G1 Evacuation Pause)
[422.016s][info][gc,task        ] GC(988) Using 2 workers of 2 for evacuation
[422.077s][info][gc,phases      ] GC(988)   Pre Evacuate Collection Set: 0.57ms
[422.077s][info][gc,phases      ] GC(988)   Merge Heap Roots: 0.44ms
[422.077s][info][gc,phases      ] GC(988)   Evacuate Collection Set: 59.23ms
[422.077s][info][gc,phases      ] GC(988)   Post Evacuate Collection Set: 0.56ms
[422.077s][info][gc,phases      ] GC(988)   Other: 0.09ms
[422.077s][info][gc,heap        ] GC(988) Eden regions: 177->0(169)
[422.077s][info][gc,heap        ] GC(988) Survivor regions: 15->19(24)
[422.077s][info][gc,heap        ] GC(988) Old regions: 705->711
[422.077s][info][gc,heap        ] GC(988) Humongous regions: 10->10
[422.077s][info][gc,metaspace   ] GC(988) Metaspace: 18894K(19072K)->18894K(19072K) NonClass: 17064K(17216K)->17064K(17216K) Class: 1829K(1856K)->1829K(1856K)
[422.077s][info][gc             ] GC(988) Pause Young (Mixed) (G1 Evacuation Pause) 906M->739M(978M) 61.165ms
[422.077s][info][gc,cpu         ] GC(988) User=0.12s Sys=0.00s Real=0.06s
[422.437s][info][gc,start       ] GC(989) Pause Young (Concurrent Start) (G1 Evacuation Pause)
[422.437s][info][gc,task        ] GC(989) Using 2 workers of 2 for evacuation
[422.478s][info][gc,phases      ] GC(989)   Pre Evacuate Collection Set: 0.33ms
[422.478s][info][gc,phases      ] GC(989)   Merge Heap Roots: 0.31ms
[422.478s][info][gc,phases      ] GC(989)   Evacuate Collection Set: 39.78ms
[422.478s][info][gc,phases      ] GC(989)   Post Evacuate Collection Set: 0.56ms
[422.478s][info][gc,phases      ] GC(989)   Other: 0.12ms
[422.478s][info][gc,heap        ] GC(989) Eden regions: 169->0(179)
[422.478s][info][gc,heap        ] GC(989) Survivor regions: 19->1(24)
[422.478s][info][gc,heap        ] GC(989) Old regions: 711->730
[422.478s][info][gc,heap        ] GC(989) Humongous regions: 10->10
[422.478s][info][gc,metaspace   ] GC(989) Metaspace: 18894K(19072K)->18894K(19072K) NonClass: 17064K(17216K)->17064K(17216K) Class: 1829K(1856K)->1829K(1856K)
[422.478s][info][gc             ] GC(989) Pause Young (Concurrent Start) (G1 Evacuation Pause) 908M->740M(978M) 41.458ms
[422.478s][info][gc,cpu         ] GC(989) User=0.08s Sys=0.00s Real=0.04s
[422.478s][info][gc             ] GC(990) Concurrent Mark Cycle
[422.480s][info][gc,marking     ] GC(990) Concurrent Scan Root Regions
[422.579s][info][gc,marking     ] GC(990) Concurrent Scan Root Regions 98.814ms
[422.579s][info][gc,marking     ] GC(990) Concurrent Mark
[422.579s][info][gc,marking     ] GC(990) Concurrent Mark From Roots
[422.579s][info][gc,task        ] GC(990) Using 1 workers of 1 for marking
[423.010s][info][gc,start       ] GC(991) Pause Young (Normal) (G1 Evacuation Pause)
[423.010s][info][gc,task        ] GC(991) Using 2 workers of 2 for evacuation
[423.038s][info][gc,phases      ] GC(991)   Pre Evacuate Collection Set: 0.33ms
[423.038s][info][gc,phases      ] GC(991)   Merge Heap Roots: 0.10ms
[423.038s][info][gc,phases      ] GC(991)   Evacuate Collection Set: 26.96ms
[423.038s][info][gc,phases      ] GC(991)   Post Evacuate Collection Set: 0.50ms
[423.038s][info][gc,phases      ] GC(991)   Other: 0.14ms
[423.038s][info][gc,heap        ] GC(991) Eden regions: 179->0(137)
[423.038s][info][gc,heap        ] GC(991) Survivor regions: 1->23(23)
[423.038s][info][gc,heap        ] GC(991) Old regions: 730->735
[423.038s][info][gc,heap        ] GC(991) Humongous regions: 10->10
[423.038s][info][gc,metaspace   ] GC(991) Metaspace: 18894K(19072K)->18894K(19072K) NonClass: 17064K(17216K)->17064K(17216K) Class: 1829K(1856K)->1829K(1856K)
[423.038s][info][gc             ] GC(991) Pause Young (Normal) (G1 Evacuation Pause) 919M->767M(978M) 28.318ms
[423.038s][info][gc,cpu         ] GC(991) User=0.05s Sys=0.00s Real=0.03s
[423.333s][info][gc,start       ] GC(992) Pause Young (Normal) (G1 Evacuation Pause)
[423.333s][info][gc,task        ] GC(992) Using 2 workers of 2 for evacuation
[423.392s][info][gc,phases      ] GC(992)   Pre Evacuate Collection Set: 0.60ms
[423.392s][info][gc,phases      ] GC(992)   Merge Heap Roots: 0.15ms
[423.392s][info][gc,phases      ] GC(992)   Evacuate Collection Set: 58.02ms
[423.392s][info][gc,phases      ] GC(992)   Post Evacuate Collection Set: 0.53ms
[423.392s][info][gc,phases      ] GC(992)   Other: 0.10ms
[423.392s][info][gc,heap        ] GC(992) Eden regions: 137->0(102)
[423.392s][info][gc,heap        ] GC(992) Survivor regions: 23->20(20)
[423.392s][info][gc,heap        ] GC(992) Old regions: 735->776
[423.392s][info][gc,heap        ] GC(992) Humongous regions: 10->10
[423.392s][info][gc,metaspace   ] GC(992) Metaspace: 18894K(19072K)->18894K(19072K) NonClass: 17064K(17216K)->17064K(17216K) Class: 1829K(1856K)->1829K(1856K)
[423.392s][info][gc             ] GC(992) Pause Young (Normal) (G1 Evacuation Pause) 904M->805M(978M) 59.647ms
[423.392s][info][gc,cpu         ] GC(992) User=0.12s Sys=0.00s Real=0.06s
[423.466s][info][gc,marking     ] GC(990) Concurrent Mark From Roots 886.993ms
[423.466s][info][gc,marking     ] GC(990) Concurrent Preclean
[423.466s][info][gc,marking     ] GC(990) Concurrent Preclean 0.047ms
[423.467s][info][gc,start       ] GC(990) Pause Remark
[423.477s][info][gc             ] GC(990) Pause Remark 825M->490M(978M) 10.104ms
[423.477s][info][gc,cpu         ] GC(990) User=0.02s Sys=0.00s Real=0.01s
[423.478s][info][gc,marking     ] GC(990) Concurrent Mark 898.556ms
[423.478s][info][gc,marking     ] GC(990) Concurrent Rebuild Remembered Sets and Scrub Regions
[423.667s][info][gc,start       ] GC(993) Pause Young (Normal) (G1 Evacuation Pause)
[423.667s][info][gc,task        ] GC(993) Using 2 workers of 2 for evacuation
[423.711s][info][gc,phases      ] GC(993)   Pre Evacuate Collection Set: 0.33ms
[423.711s][info][gc,phases      ] GC(993)   Merge Heap Roots: 0.29ms
[423.711s][info][gc,phases      ] GC(993)   Evacuate Collection Set: 42.72ms
[423.711s][info][gc,phases      ] GC(993)   Post Evacuate Collection Set: 0.43ms
[423.711s][info][gc,phases      ] GC(993)   Other: 0.09ms
[423.711s][info][gc,heap        ] GC(993) Eden regions: 102->0(332)
[423.711s][info][gc,heap        ] GC(993) Survivor regions: 20->16(16)
[423.711s][info][gc,heap        ] GC(993) Old regions: 447->469
[423.711s][info][gc,heap        ] GC(993) Humongous regions: 4->4
[423.711s][info][gc,metaspace   ] GC(993) Metaspace: 18894K(19072K)->18894K(19072K) NonClass: 17064K(17216K)->17064K(17216K) Class: 1829K(1856K)->1829K(1856K)
[423.711s][info][gc             ] GC(993) Pause Young (Normal) (G1 Evacuation Pause) 572M->488M(978M) 44.123ms
[423.711s][info][gc,cpu         ] GC(993) User=0.09s Sys=0.00s Real=0.05s
[423.900s][info][gc,marking     ] GC(990) Concurrent Rebuild Remembered Sets and Scrub Regions 421.777ms
[423.900s][info][gc,start       ] GC(990) Pause Cleanup
[423.900s][info][gc             ] GC(990) Pause Cleanup 588M->588M(978M) 0.185ms
[423.900s][info][gc,cpu         ] GC(990) User=0.00s Sys=0.00s Real=0.00s
[423.900s][info][gc,marking     ] GC(990) Concurrent Clear Claimed Marks
[423.900s][info][gc,marking     ] GC(990) Concurrent Clear Claimed Marks 0.039ms
[423.900s][info][gc,marking     ] GC(990) Concurrent Cleanup for Next Mark
[423.905s][info][gc,marking     ] GC(990) Concurrent Cleanup for Next Mark 5.106ms
[423.905s][info][gc             ] GC(990) Concurrent Mark Cycle 1427.220ms
[424.193s][info][gc,start       ] GC(994) Pause Young (Prepare Mixed) (G1 Evacuation Pause)
[424.193s][info][gc,task        ] GC(994) Using 2 workers of 2 for evacuation
[424.212s][info][gc,phases      ] GC(994)   Pre Evacuate Collection Set: 0.56ms
[424.212s][info][gc,phases      ] GC(994)   Merge Heap Roots: 0.21ms
[424.212s][info][gc,phases      ] GC(994)   Evacuate Collection Set: 17.29ms
[424.212s][info][gc,phases      ] GC(994)   Post Evacuate Collection Set: 0.66ms
[424.212s][info][gc,phases      ] GC(994)   Other: 0.13ms
[424.212s][info][gc,heap        ] GC(994) Eden regions: 332->0(354)
[424.212s][info][gc,heap        ] GC(994) Survivor regions: 16->17(44)
[424.212s][info][gc,heap        ] GC(994) Old regions: 469->469
[424.212s][info][gc,heap        ] GC(994) Humongous regions: 4->4
[424.212s][info][gc,metaspace   ] GC(994) Metaspace: 18894K(19072K)->18894K(19072K) NonClass: 17064K(17216K)->17064K(17216K) Class: 1829K(1856K)->1829K(1856K)
[424.212s][info][gc             ] GC(994) Pause Young (Prepare Mixed) (G1 Evacuation Pause) 820M->489M(978M) 19.101ms
[424.212s][info][gc,cpu         ] GC(994) User=0.04s Sys=0.01s Real=0.02s
[424.687s][info][gc,start       ] GC(995) Pause Young (Mixed) (G1 Evacuation Pause)
[424.687s][info][gc,task        ] GC(995) Using 2 workers of 2 for evacuation
[424.709s][info][gc,phases      ] GC(995)   Pre Evacuate Collection Set: 0.57ms
[424.709s][info][gc,phases      ] GC(995)   Merge Heap Roots: 0.30ms
[424.709s][info][gc,phases      ] GC(995)   Evacuate Collection Set: 20.75ms
[424.709s][info][gc,phases      ] GC(995)   Post Evacuate Collection Set: 0.74ms
[424.709s][info][gc,phases      ] GC(995)   Other: 0.10ms
[424.709s][info][gc,heap        ] GC(995) Eden regions: 354->0(427)
[424.709s][info][gc,heap        ] GC(995) Survivor regions: 17->17(47)
[424.709s][info][gc,heap        ] GC(995) Old regions: 469->392
[424.709s][info][gc,heap        ] GC(995) Humongous regions: 4->4
[424.709s][info][gc,metaspace   ] GC(995) Metaspace: 18894K(19072K)->18894K(19072K) NonClass: 17064K(17216K)->17064K(17216K) Class: 1829K(1856K)->1829K(1856K)
[424.709s][info][gc             ] GC(995) Pause Young (Mixed) (G1 Evacuation Pause) 843M->412M(978M) 22.705ms
[424.709s][info][gc,cpu         ] GC(995) User=0.04s Sys=0.00s Real=0.02s
[425.253s][info][gc,start       ] GC(996) Pause Young (Concurrent Start) (G1 Evacuation Pause)
[425.254s][info][gc,task        ] GC(996) Using 2 workers of 2 for evacuation
[425.283s][info][gc,phases      ] GC(996)   Pre Evacuate Collection Set: 0.32ms
[425.283s][info][gc,phases      ] GC(996)   Merge Heap Roots: 0.29ms
[425.283s][info][gc,phases      ] GC(996)   Evacuate Collection Set: 27.69ms
[425.283s][info][gc,phases      ] GC(996)   Post Evacuate Collection Set: 0.76ms
[425.283s][info][gc,phases      ] GC(996)   Other: 0.13ms
[425.283s][info][gc,heap        ] GC(996) Eden regions: 427->0(445)
[425.283s][info][gc,heap        ] GC(996) Survivor regions: 17->21(56)
[425.283s][info][gc,heap        ] GC(996) Old regions: 392->392
[425.283s][info][gc,heap        ] GC(996) Humongous regions: 4->4
[425.283s][info][gc,metaspace   ] GC(996) Metaspace: 18896K(19072K)->18896K(19072K) NonClass: 17066K(17216K)->17066K(17216K) Class: 1829K(1856K)->1829K(1856K)
[425.283s][info][gc             ] GC(996) Pause Young (Concurrent Start) (G1 Evacuation Pause) 839M->416M(978M) 29.473ms
[425.283s][info][gc,cpu         ] GC(996) User=0.06s Sys=0.00s Real=0.03s
[425.283s][info][gc             ] GC(997) Concurrent Mark Cycle
[425.283s][info][gc,marking     ] GC(997) Concurrent Scan Root Regions
[425.312s][info][gc,marking     ] GC(997) Concurrent Scan Root Regions 29.429ms
[425.313s][info][gc,marking     ] GC(997) Concurrent Mark
[425.313s][info][gc,marking     ] GC(997) Concurrent Mark From Roots
[425.313s][info][gc,task        ] GC(997) Using 1 workers of 1 for marking
[426.286s][info][gc,start       ] GC(998) Pause Young (Normal) (G1 Evacuation Pause)
[426.286s][info][gc,task        ] GC(998) Using 2 workers of 2 for evacuation
[426.395s][info][gc,phases      ] GC(998)   Pre Evacuate Collection Set: 0.34ms
[426.395s][info][gc,phases      ] GC(998)   Merge Heap Roots: 0.51ms
[426.395s][info][gc,phases      ] GC(998)   Evacuate Collection Set: 106.94ms
[426.395s][info][gc,phases      ] GC(998)   Post Evacuate Collection Set: 0.87ms
[426.395s][info][gc,phases      ] GC(998)   Other: 0.11ms
[426.395s][info][gc,heap        ] GC(998) Eden regions: 445->0(391)
[426.395s][info][gc,heap        ] GC(998) Survivor regions: 21->59(59)
[426.395s][info][gc,heap        ] GC(998) Old regions: 392->407
[426.395s][info][gc,heap        ] GC(998) Humongous regions: 7->7
[426.395s][info][gc,metaspace   ] GC(998) Metaspace: 18896K(19072K)->18896K(19072K) NonClass: 17066K(17216K)->17066K(17216K) Class: 1829K(1856K)->1829K(1856K)
[426.395s][info][gc             ] GC(998) Pause Young (Normal) (G1 Evacuation Pause) 864M->472M(978M) 109.083ms
[426.395s][info][gc,cpu         ] GC(998) User=0.21s Sys=0.00s Real=0.11s
[426.563s][info][gc,marking     ] GC(997) Concurrent Mark From Roots 1250.686ms
[426.563s][info][gc,marking     ] GC(997) Concurrent Preclean
[426.563s][info][gc,marking     ] GC(997) Concurrent Preclean 0.042ms
[426.564s][info][gc,start       ] GC(997) Pause Remark
[426.573s][info][gc             ] GC(997) Pause Remark 578M->578M(978M) 8.729ms
[426.573s][info][gc,cpu         ] GC(997) User=0.01s Sys=0.00s Real=0.01s
[426.573s][info][gc,marking     ] GC(997) Concurrent Mark 1260.796ms
[426.573s][info][gc,marking     ] GC(997) Concurrent Rebuild Remembered Sets and Scrub Regions
[426.995s][info][gc,start       ] GC(999) Pause Young (Normal) (G1 Evacuation Pause)
[426.995s][info][gc,task        ] GC(999) Using 2 workers of 2 for evacuation
[427.084s][info][gc,phases      ] GC(999)   Pre Evacuate Collection Set: 0.33ms
[427.084s][info][gc,phases      ] GC(999)   Merge Heap Roots: 0.65ms
[427.084s][info][gc,phases      ] GC(999)   Evacuate Collection Set: 87.02ms
[427.084s][info][gc,phases      ] GC(999)   Post Evacuate Collection Set: 0.71ms
[427.084s][info][gc,phases      ] GC(999)   Other: 0.10ms
[427.084s][info][gc,heap        ] GC(999) Eden regions: 391->0(400)
[427.084s][info][gc,heap        ] GC(999) Survivor regions: 59->6(57)
[427.084s][info][gc,heap        ] GC(999) Old regions: 407->466
[427.084s][info][gc,heap        ] GC(999) Humongous regions: 7->7
[427.084s][info][gc,metaspace   ] GC(999) Metaspace: 18896K(19072K)->18896K(19072K) NonClass: 17066K(17216K)->17066K(17216K) Class: 1829K(1856K)->1829K(1856K)
[427.084s][info][gc             ] GC(999) Pause Young (Normal) (G1 Evacuation Pause) 863M->478M(978M) 89.111ms
[427.084s][info][gc,cpu         ] GC(999) User=0.17s Sys=0.00s Real=0.09s
[427.161s][info][gc,marking     ] GC(997) Concurrent Rebuild Remembered Sets and Scrub Regions 587.322ms
[427.161s][info][gc,start       ] GC(997) Pause Cleanup
[427.161s][info][gc             ] GC(997) Pause Cleanup 543M->543M(978M) 0.135ms
[427.161s][info][gc,cpu         ] GC(997) User=0.00s Sys=0.00s Real=0.00s
[427.161s][info][gc,marking     ] GC(997) Concurrent Clear Claimed Marks
[427.161s][info][gc,marking     ] GC(997) Concurrent Clear Claimed Marks 0.052ms
[427.161s][info][gc,marking     ] GC(997) Concurrent Cleanup for Next Mark
[427.166s][info][gc,marking     ] GC(997) Concurrent Cleanup for Next Mark 5.055ms
[427.166s][info][gc             ] GC(997) Concurrent Mark Cycle 1883.310ms
[427.594s][info][gc,start       ] GC(1000) Pause Young (Prepare Mixed) (G1 Evacuation Pause)
[427.594s][info][gc,task        ] GC(1000) Using 2 workers of 2 for evacuation
[427.636s][info][gc,phases      ] GC(1000)   Pre Evacuate Collection Set: 0.33ms
[427.636s][info][gc,phases      ] GC(1000)   Merge Heap Roots: 0.29ms
[427.636s][info][gc,phases      ] GC(1000)   Evacuate Collection Set: 40.99ms
[427.636s][info][gc,phases      ] GC(1000)   Post Evacuate Collection Set: 0.71ms
[427.636s][info][gc,phases      ] GC(1000)   Other: 0.09ms
[427.636s][info][gc,heap        ] GC(1000) Eden regions: 400->0(384)
[427.636s][info][gc,heap        ] GC(1000) Survivor regions: 6->30(51)
[427.636s][info][gc,heap        ] GC(1000) Old regions: 466->466
[427.636s][info][gc,heap        ] GC(1000) Humongous regions: 7->7
[427.636s][info][gc,metaspace   ] GC(1000) Metaspace: 18896K(19072K)->18896K(19072K) NonClass: 17066K(17216K)->17066K(17216K) Class: 1829K(1856K)->1829K(1856K)
[427.636s][info][gc             ] GC(1000) Pause Young (Prepare Mixed) (G1 Evacuation Pause) 878M->502M(978M) 42.672ms
[427.636s][info][gc,cpu         ] GC(1000) User=0.09s Sys=0.00s Real=0.04s
[428.353s][info][gc,start       ] GC(1001) Pause Young (Mixed) (G1 Evacuation Pause)
[428.353s][info][gc,task        ] GC(1001) Using 2 workers of 2 for evacuation
[428.442s][info][gc,phases      ] GC(1001)   Pre Evacuate Collection Set: 0.33ms
[428.442s][info][gc,phases      ] GC(1001)   Merge Heap Roots: 0.43ms
[428.442s][info][gc,phases      ] GC(1001)   Evacuate Collection Set: 87.05ms
[428.442s][info][gc,phases      ] GC(1001)   Post Evacuate Collection Set: 0.71ms
[428.442s][info][gc,phases      ] GC(1001)   Other: 0.10ms
[428.442s][info][gc,heap        ] GC(1001) Eden regions: 384->0(348)
[428.442s][info][gc,heap        ] GC(1001) Survivor regions: 30->52(52)
[428.442s][info][gc,heap        ] GC(1001) Old regions: 466->469
[428.442s][info][gc,heap        ] GC(1001) Humongous regions: 7->7
[428.442s][info][gc,metaspace   ] GC(1001) Metaspace: 18896K(19072K)->18896K(19072K) NonClass: 17066K(17216K)->17066K(17216K) Class: 1829K(1856K)->1829K(1856K)
[428.442s][info][gc             ] GC(1001) Pause Young (Mixed) (G1 Evacuation Pause) 886M->527M(978M) 88.920ms
[428.442s][info][gc,cpu         ] GC(1001) User=0.17s Sys=0.00s Real=0.09s
[428.805s][info][gc,start       ] GC(1002) Pause Young (Concurrent Start) (G1 Evacuation Pause)
[428.806s][info][gc,task        ] GC(1002) Using 2 workers of 2 for evacuation
[428.881s][info][gc,phases      ] GC(1002)   Pre Evacuate Collection Set: 0.34ms
[428.881s][info][gc,phases      ] GC(1002)   Merge Heap Roots: 0.28ms
[428.881s][info][gc,phases      ] GC(1002)   Evacuate Collection Set: 74.45ms
[428.881s][info][gc,phases      ] GC(1002)   Post Evacuate Collection Set: 0.68ms
[428.882s][info][gc,phases      ] GC(1002)   Other: 0.11ms
[428.882s][info][gc,heap        ] GC(1002) Eden regions: 348->0(352)
[428.882s][info][gc,heap        ] GC(1002) Survivor regions: 52->11(50)
[428.882s][info][gc,heap        ] GC(1002) Old regions: 469->522
[428.882s][info][gc,heap        ] GC(1002) Humongous regions: 7->7
[428.882s][info][gc,metaspace   ] GC(1002) Metaspace: 18896K(19072K)->18896K(19072K) NonClass: 17066K(17216K)->17066K(17216K) Class: 1829K(1856K)->1829K(1856K)
[428.882s][info][gc             ] GC(1002) Pause Young (Concurrent Start) (G1 Evacuation Pause) 875M->539M(978M) 76.160ms
[428.882s][info][gc,cpu         ] GC(1002) User=0.15s Sys=0.00s Real=0.08s
[428.882s][info][gc             ] GC(1003) Concurrent Mark Cycle
[428.882s][info][gc,marking     ] GC(1003) Concurrent Scan Root Regions
[429.018s][info][gc,marking     ] GC(1003) Concurrent Scan Root Regions 135.902ms
[429.018s][info][gc,marking     ] GC(1003) Concurrent Mark
[429.018s][info][gc,marking     ] GC(1003) Concurrent Mark From Roots
[429.018s][info][gc,task        ] GC(1003) Using 1 workers of 1 for marking
[429.511s][info][gc,start       ] GC(1004) Pause Young (Normal) (G1 Evacuation Pause)
[429.511s][info][gc,task        ] GC(1004) Using 2 workers of 2 for evacuation
[429.543s][info][gc,phases      ] GC(1004)   Pre Evacuate Collection Set: 0.33ms
[429.543s][info][gc,phases      ] GC(1004)   Merge Heap Roots: 0.35ms
[429.543s][info][gc,phases      ] GC(1004)   Evacuate Collection Set: 30.19ms
[429.543s][info][gc,phases      ] GC(1004)   Post Evacuate Collection Set: 0.66ms
[429.543s][info][gc,phases      ] GC(1004)   Other: 0.11ms
[429.543s][info][gc,heap        ] GC(1004) Eden regions: 352->0(349)
[429.543s][info][gc,heap        ] GC(1004) Survivor regions: 11->22(46)
[429.543s][info][gc,heap        ] GC(1004) Old regions: 522->522
[429.543s][info][gc,heap        ] GC(1004) Humongous regions: 7->7
[429.543s][info][gc,metaspace   ] GC(1004) Metaspace: 18896K(19072K)->18896K(19072K) NonClass: 17066K(17216K)->17066K(17216K) Class: 1829K(1856K)->1829K(1856K)
[429.543s][info][gc             ] GC(1004) Pause Young (Normal) (G1 Evacuation Pause) 891M->550M(978M) 31.960ms
[429.543s][info][gc,cpu         ] GC(1004) User=0.06s Sys=0.00s Real=0.03s
[429.970s][info][gc,marking     ] GC(1003) Concurrent Mark From Roots 952.203ms
[429.970s][info][gc,marking     ] GC(1003) Concurrent Preclean
[429.970s][info][gc,marking     ] GC(1003) Concurrent Preclean 0.035ms
[429.970s][info][gc,start       ] GC(1003) Pause Remark
[429.979s][info][gc             ] GC(1003) Pause Remark 720M->600M(978M) 8.890ms
[429.979s][info][gc,cpu         ] GC(1003) User=0.02s Sys=0.00s Real=0.01s
[429.979s][info][gc,marking     ] GC(1003) Concurrent Mark 961.489ms
[429.979s][info][gc,marking     ] GC(1003) Concurrent Rebuild Remembered Sets and Scrub Regions
[430.312s][info][gc,marking     ] GC(1003) Concurrent Rebuild Remembered Sets and Scrub Regions 333.235ms
[430.313s][info][gc,start       ] GC(1003) Pause Cleanup
[430.313s][info][gc             ] GC(1003) Pause Cleanup 656M->656M(978M) 0.129ms
[430.313s][info][gc,cpu         ] GC(1003) User=0.00s Sys=0.00s Real=0.00s
[430.314s][info][gc,marking     ] GC(1003) Concurrent Clear Claimed Marks
[430.314s][info][gc,marking     ] GC(1003) Concurrent Clear Claimed Marks 0.057ms
[430.314s][info][gc,marking     ] GC(1003) Concurrent Cleanup for Next Mark
[430.320s][info][gc,marking     ] GC(1003) Concurrent Cleanup for Next Mark 5.077ms
[430.320s][info][gc             ] GC(1003) Concurrent Mark Cycle 1438.018ms
[430.654s][info][gc,start       ] GC(1005) Pause Young (Prepare Mixed) (G1 Evacuation Pause)
[430.654s][info][gc,task        ] GC(1005) Using 2 workers of 2 for evacuation
[430.696s][info][gc,phases      ] GC(1005)   Pre Evacuate Collection Set: 0.55ms
[430.696s][info][gc,phases      ] GC(1005)   Merge Heap Roots: 0.37ms
[430.696s][info][gc,phases      ] GC(1005)   Evacuate Collection Set: 40.15ms
[430.696s][info][gc,phases      ] GC(1005)   Post Evacuate Collection Set: 0.70ms
[430.696s][info][gc,phases      ] GC(1005)   Other: 0.10ms
[430.696s][info][gc,heap        ] GC(1005) Eden regions: 349->0(447)
[430.696s][info][gc,heap        ] GC(1005) Survivor regions: 22->32(47)
[430.696s][info][gc,heap        ] GC(1005) Old regions: 405->405
[430.696s][info][gc,heap        ] GC(1005) Humongous regions: 4->4
[430.696s][info][gc,metaspace   ] GC(1005) Metaspace: 18896K(19072K)->18896K(19072K) NonClass: 17066K(17216K)->17066K(17216K) Class: 1829K(1856K)->1829K(1856K)
[430.696s][info][gc             ] GC(1005) Pause Young (Prepare Mixed) (G1 Evacuation Pause) 779M->439M(978M) 42.148ms
[430.696s][info][gc,cpu         ] GC(1005) User=0.08s Sys=0.00s Real=0.04s
[431.603s][info][gc,start       ] GC(1006) Pause Young (Mixed) (G1 Evacuation Pause)
[431.603s][info][gc,task        ] GC(1006) Using 2 workers of 2 for evacuation
[431.701s][info][gc,phases      ] GC(1006)   Pre Evacuate Collection Set: 0.35ms
[431.701s][info][gc,phases      ] GC(1006)   Merge Heap Roots: 0.32ms
[431.701s][info][gc,phases      ] GC(1006)   Evacuate Collection Set: 96.31ms
[431.701s][info][gc,phases      ] GC(1006)   Post Evacuate Collection Set: 0.99ms
[431.701s][info][gc,phases      ] GC(1006)   Other: 0.10ms
[431.701s][info][gc,heap        ] GC(1006) Eden regions: 447->0(404)
[431.701s][info][gc,heap        ] GC(1006) Survivor regions: 32->60(60)
[431.701s][info][gc,heap        ] GC(1006) Old regions: 405->395
[431.701s][info][gc,heap        ] GC(1006) Humongous regions: 4->4
[431.701s][info][gc,metaspace   ] GC(1006) Metaspace: 18896K(19072K)->18896K(19072K) NonClass: 17066K(17216K)->17066K(17216K) Class: 1829K(1856K)->1829K(1856K)
[431.701s][info][gc             ] GC(1006) Pause Young (Mixed) (G1 Evacuation Pause) 886M->458M(978M) 98.328ms
[431.701s][info][gc,cpu         ] GC(1006) User=0.19s Sys=0.00s Real=0.10s
[432.088s][info][gc,start       ] GC(1007) Pause Young (Concurrent Start) (G1 Evacuation Pause)
[432.089s][info][gc,task        ] GC(1007) Using 2 workers of 2 for evacuation
[432.347s][info][gc,mmu         ] GC(1007) MMU target violated: 201.0ms (200.0ms/201.0ms)
[432.347s][info][gc,phases      ] GC(1007)   Pre Evacuate Collection Set: 0.36ms
[432.347s][info][gc,phases      ] GC(1007)   Merge Heap Roots: 0.46ms
[432.347s][info][gc,phases      ] GC(1007)   Evacuate Collection Set: 224.55ms
[432.347s][info][gc,phases      ] GC(1007)   Post Evacuate Collection Set: 32.75ms
[432.347s][info][gc,phases      ] GC(1007)   Other: 0.32ms
[432.347s][info][gc,heap        ] GC(1007) Eden regions: 404->0(0)
[432.347s][info][gc,heap        ] GC(1007) Survivor regions: 60->58(58)
[432.347s][info][gc,heap        ] GC(1007) Old regions: 395->827
[432.347s][info][gc,heap        ] GC(1007) Humongous regions: 4->4
[432.347s][info][gc,metaspace   ] GC(1007) Metaspace: 18896K(19072K)->18896K(19072K) NonClass: 17066K(17216K)->17066K(17216K) Class: 1829K(1856K)->1829K(1856K)
[432.347s][info][gc             ] GC(1007) Pause Young (Concurrent Start) (G1 Evacuation Pause) (Evacuation Failure: Allocation) 862M->888M(978M) 258.670ms
[432.347s][info][gc             ] GC(1008) Concurrent Mark Cycle
[432.347s][info][gc,marking     ] GC(1008) Concurrent Scan Root Regions
[432.347s][info][gc,cpu         ] GC(1007) User=0.51s Sys=0.01s Real=0.26s
[432.347s][info][gc,ergo        ] Attempting full compaction
[432.347s][info][gc,start       ] GC(1009) Pause Full (G1 Compaction Pause)
[432.347s][info][gc,task        ] GC(1009) Using 2 workers of 2 for full compaction
[432.348s][info][gc,marking     ] GC(1008) Concurrent Scan Root Regions 1.127ms
[432.348s][info][gc,marking     ] GC(1008) Concurrent Mark
[432.348s][info][gc,marking     ] GC(1008) Concurrent Mark From Roots
[432.348s][info][gc,task        ] GC(1008) Using 1 workers of 1 for marking
[432.350s][info][gc,phases,start] GC(1009) Phase 1: Mark live objects
[432.822s][info][gc,phases      ] GC(1009) Phase 1: Mark live objects 472.344ms
[432.822s][info][gc,phases,start] GC(1009) Phase 2: Prepare compaction
[432.851s][info][gc,phases      ] GC(1009) Phase 2: Prepare compaction 28.461ms
[432.851s][info][gc,phases,start] GC(1009) Phase 3: Adjust pointers
[433.032s][info][gc,phases      ] GC(1009) Phase 3: Adjust pointers 180.902ms
[433.032s][info][gc,phases,start] GC(1009) Phase 4: Compact heap
[433.068s][info][gc,phases      ] GC(1009) Phase 4: Compact heap 35.817ms
[433.068s][info][gc,phases,start] GC(1009) Phase 5: Reset Metadata
[433.150s][info][gc,phases      ] GC(1009) Phase 5: Reset Metadata 81.945ms
[433.159s][info][gc,heap        ] GC(1009) Eden regions: 0->0(306)
[433.159s][info][gc,heap        ] GC(1009) Survivor regions: 58->0(58)
[433.159s][info][gc,heap        ] GC(1009) Old regions: 827->552
[433.159s][info][gc,heap        ] GC(1009) Humongous regions: 4->4
[433.159s][info][gc,metaspace   ] GC(1009) Metaspace: 18896K(19072K)->18896K(19072K) NonClass: 17066K(17216K)->17066K(17216K) Class: 1829K(1856K)->1829K(1856K)
[433.159s][info][gc             ] GC(1009) Pause Full (G1 Compaction Pause) 888M->555M(978M) 811.852ms
[433.159s][info][gc,cpu         ] GC(1009) User=1.60s Sys=0.00s Real=0.81s
[433.162s][info][gc,marking     ] GC(1008) Concurrent Mark From Roots 813.241ms
[433.162s][info][gc,marking     ] GC(1008) Concurrent Mark Abort
[433.162s][info][gc             ] GC(1008) Concurrent Mark Cycle 814.458ms
[433.403s][info][gc,start       ] GC(1010) Pause Young (Concurrent Start) (G1 Humongous Allocation)
[433.403s][info][gc,task        ] GC(1010) Using 2 workers of 2 for evacuation
[433.451s][info][gc,phases      ] GC(1010)   Pre Evacuate Collection Set: 0.77ms
[433.451s][info][gc,phases      ] GC(1010)   Merge Heap Roots: 0.97ms
[433.451s][info][gc,phases      ] GC(1010)   Evacuate Collection Set: 44.98ms
[433.451s][info][gc,phases      ] GC(1010)   Post Evacuate Collection Set: 0.59ms
[433.451s][info][gc,phases      ] GC(1010)   Other: 0.29ms
[433.451s][info][gc,heap        ] GC(1010) Eden regions: 91->0(274)
[433.451s][info][gc,heap        ] GC(1010) Survivor regions: 0->15(39)
[433.451s][info][gc,heap        ] GC(1010) Old regions: 552->552
[433.451s][info][gc,heap        ] GC(1010) Humongous regions: 4->4
[433.451s][info][gc,metaspace   ] GC(1010) Metaspace: 18896K(19072K)->18896K(19072K) NonClass: 17066K(17216K)->17066K(17216K) Class: 1829K(1856K)->1829K(1856K)
[433.451s][info][gc             ] GC(1010) Pause Young (Concurrent Start) (G1 Humongous Allocation) 645M->569M(978M) 47.893ms
[433.451s][info][gc             ] GC(1011) Concurrent Mark Cycle
[433.451s][info][gc,marking     ] GC(1011) Concurrent Scan Root Regions
[433.451s][info][gc,cpu         ] GC(1010) User=0.09s Sys=0.00s Real=0.05s
[433.497s][info][gc,marking     ] GC(1011) Concurrent Scan Root Regions 46.110ms
[433.497s][info][gc,marking     ] GC(1011) Concurrent Mark
[433.497s][info][gc,marking     ] GC(1011) Concurrent Mark From Roots
[433.497s][info][gc,task        ] GC(1011) Using 1 workers of 1 for marking
[434.194s][info][gc,start       ] GC(1012) Pause Young (Normal) (G1 Evacuation Pause)
[434.194s][info][gc,task        ] GC(1012) Using 2 workers of 2 for evacuation
[434.320s][info][gc,phases      ] GC(1012)   Pre Evacuate Collection Set: 0.58ms
[434.320s][info][gc,phases      ] GC(1012)   Merge Heap Roots: 1.19ms
[434.320s][info][gc,phases      ] GC(1012)   Evacuate Collection Set: 122.95ms
[434.320s][info][gc,phases      ] GC(1012)   Post Evacuate Collection Set: 1.01ms
[434.320s][info][gc,phases      ] GC(1012)   Other: 0.11ms
[434.320s][info][gc,heap        ] GC(1012) Eden regions: 274->0(240)
[434.320s][info][gc,heap        ] GC(1012) Survivor regions: 15->37(37)
[434.320s][info][gc,heap        ] GC(1012) Old regions: 552->569
[434.320s][info][gc,heap        ] GC(1012) Humongous regions: 13->13
[434.320s][info][gc,metaspace   ] GC(1012) Metaspace: 18896K(19072K)->18896K(19072K) NonClass: 17066K(17216K)->17066K(17216K) Class: 1829K(1856K)->1829K(1856K)
[434.320s][info][gc             ] GC(1012) Pause Young (Normal) (G1 Evacuation Pause) 852M->617M(978M) 126.107ms
[434.320s][info][gc,cpu         ] GC(1012) User=0.25s Sys=0.00s Real=0.12s
[435.268s][info][gc,start       ] GC(1013) Pause Young (Normal) (G1 Evacuation Pause)
[435.268s][info][gc,task        ] GC(1013) Using 2 workers of 2 for evacuation
[435.357s][info][gc,phases      ] GC(1013)   Pre Evacuate Collection Set: 0.33ms
[435.357s][info][gc,phases      ] GC(1013)   Merge Heap Roots: 1.00ms
[435.357s][info][gc,phases      ] GC(1013)   Evacuate Collection Set: 87.82ms
[435.357s][info][gc,phases      ] GC(1013)   Post Evacuate Collection Set: 0.52ms
[435.357s][info][gc,phases      ] GC(1013)   Other: 0.08ms
[435.357s][info][gc,heap        ] GC(1013) Eden regions: 240->0(258)
[435.358s][info][gc,heap        ] GC(1013) Survivor regions: 37->1(35)
[435.358s][info][gc,heap        ] GC(1013) Old regions: 569->606
[435.358s][info][gc,heap        ] GC(1013) Humongous regions: 13->13
[435.358s][info][gc,metaspace   ] GC(1013) Metaspace: 18896K(19072K)->18896K(19072K) NonClass: 17066K(17216K)->17066K(17216K) Class: 1829K(1856K)->1829K(1856K)
[435.358s][info][gc             ] GC(1013) Pause Young (Normal) (G1 Evacuation Pause) 857M->619M(978M) 90.010ms
[435.358s][info][gc,cpu         ] GC(1013) User=0.18s Sys=0.00s Real=0.09s
[435.599s][info][gc,marking     ] GC(1011) Concurrent Mark From Roots 2101.732ms
[435.599s][info][gc,marking     ] GC(1011) Concurrent Preclean
[435.599s][info][gc,marking     ] GC(1011) Concurrent Preclean 0.048ms
[435.599s][info][gc,start       ] GC(1011) Pause Remark
[435.608s][info][gc             ] GC(1011) Pause Remark 689M->689M(978M) 8.590ms
[435.608s][info][gc,cpu         ] GC(1011) User=0.01s Sys=0.00s Real=0.01s
[435.609s][info][gc,marking     ] GC(1011) Concurrent Mark 2112.293ms
[435.609s][info][gc,marking     ] GC(1011) Concurrent Rebuild Remembered Sets and Scrub Regions
[436.067s][info][gc,start       ] GC(1014) Pause Young (Normal) (G1 Evacuation Pause)
[436.067s][info][gc,task        ] GC(1014) Using 2 workers of 2 for evacuation
[436.068s][info][gc,phases      ] GC(1014)   Pre Evacuate Collection Set: 0.32ms
[436.068s][info][gc,phases      ] GC(1014)   Merge Heap Roots: 0.09ms
[436.068s][info][gc,phases      ] GC(1014)   Evacuate Collection Set: 0.26ms
[436.068s][info][gc,phases      ] GC(1014)   Post Evacuate Collection Set: 0.47ms
[436.068s][info][gc,phases      ] GC(1014)   Other: 0.08ms
[436.068s][info][gc,heap        ] GC(1014) Eden regions: 258->0(271)
[436.068s][info][gc,heap        ] GC(1014) Survivor regions: 1->1(33)
[436.068s][info][gc,heap        ] GC(1014) Old regions: 606->606
[436.068s][info][gc,heap        ] GC(1014) Humongous regions: 13->13
[436.068s][info][gc,metaspace   ] GC(1014) Metaspace: 18896K(19072K)->18896K(19072K) NonClass: 17066K(17216K)->17066K(17216K) Class: 1829K(1856K)->1829K(1856K)
[436.068s][info][gc             ] GC(1014) Pause Young (Normal) (G1 Evacuation Pause) 877M->619M(978M) 1.472ms
[436.068s][info][gc,cpu         ] GC(1014) User=0.00s Sys=0.00s Real=0.00s
[436.304s][info][gc,marking     ] GC(1011) Concurrent Rebuild Remembered Sets and Scrub Regions 695.049ms
[436.305s][info][gc,start       ] GC(1011) Pause Cleanup
[436.305s][info][gc             ] GC(1011) Pause Cleanup 707M->707M(978M) 0.168ms
[436.305s][info][gc,cpu         ] GC(1011) User=0.00s Sys=0.00s Real=0.00s
[436.305s][info][gc,marking     ] GC(1011) Concurrent Clear Claimed Marks
[436.305s][info][gc,marking     ] GC(1011) Concurrent Clear Claimed Marks 0.037ms
[436.305s][info][gc,marking     ] GC(1011) Concurrent Cleanup for Next Mark
[436.308s][info][gc,marking     ] GC(1011) Concurrent Cleanup for Next Mark 3.131ms
[436.308s][info][gc             ] GC(1011) Concurrent Mark Cycle 2857.311ms
[436.619s][info][gc,start       ] GC(1015) Pause Young (Prepare Mixed) (G1 Evacuation Pause)
[436.620s][info][gc,task        ] GC(1015) Using 2 workers of 2 for evacuation
[436.621s][info][gc,phases      ] GC(1015)   Pre Evacuate Collection Set: 0.56ms
[436.621s][info][gc,phases      ] GC(1015)   Merge Heap Roots: 0.13ms
[436.621s][info][gc,phases      ] GC(1015)   Evacuate Collection Set: 0.29ms
[436.621s][info][gc,phases      ] GC(1015)   Post Evacuate Collection Set: 0.45ms
[436.621s][info][gc,phases      ] GC(1015)   Other: 0.11ms
[436.621s][info][gc,heap        ] GC(1015) Eden regions: 271->0(285)
[436.621s][info][gc,heap        ] GC(1015) Survivor regions: 1->1(34)
[436.621s][info][gc,heap        ] GC(1015) Old regions: 606->606
[436.621s][info][gc,heap        ] GC(1015) Humongous regions: 13->13
[436.621s][info][gc,metaspace   ] GC(1015) Metaspace: 18896K(19072K)->18896K(19072K) NonClass: 17066K(17216K)->17066K(17216K) Class: 1829K(1856K)->1829K(1856K)
[436.621s][info][gc             ] GC(1015) Pause Young (Prepare Mixed) (G1 Evacuation Pause) 890M->618M(978M) 1.772ms
[436.621s][info][gc,cpu         ] GC(1015) User=0.01s Sys=0.00s Real=0.01s
[437.102s][info][gc,start       ] GC(1016) Pause Young (Mixed) (G1 Evacuation Pause)
[437.102s][info][gc,task        ] GC(1016) Using 2 workers of 2 for evacuation
[437.104s][info][gc,phases      ] GC(1016)   Pre Evacuate Collection Set: 0.29ms
[437.104s][info][gc,phases      ] GC(1016)   Merge Heap Roots: 0.12ms
[437.104s][info][gc,phases      ] GC(1016)   Evacuate Collection Set: 0.92ms
[437.104s][info][gc,phases      ] GC(1016)   Post Evacuate Collection Set: 0.49ms
[437.104s][info][gc,phases      ] GC(1016)   Other: 0.11ms
[437.104s][info][gc,heap        ] GC(1016) Eden regions: 285->0(297)
[437.104s][info][gc,heap        ] GC(1016) Survivor regions: 1->1(36)
[437.104s][info][gc,heap        ] GC(1016) Old regions: 606->606
[437.104s][info][gc,heap        ] GC(1016) Humongous regions: 13->13
[437.104s][info][gc,metaspace   ] GC(1016) Metaspace: 18896K(19072K)->18896K(19072K) NonClass: 17066K(17216K)->17066K(17216K) Class: 1829K(1856K)->1829K(1856K)
[437.104s][info][gc             ] GC(1016) Pause Young (Mixed) (G1 Evacuation Pause) 903M->618M(978M) 2.166ms
[437.104s][info][gc,cpu         ] GC(1016) User=0.00s Sys=0.00s Real=0.00s
[437.488s][info][gc,start       ] GC(1017) Pause Young (Concurrent Start) (G1 Evacuation Pause)
[437.488s][info][gc,task        ] GC(1017) Using 2 workers of 2 for evacuation
[437.527s][info][gc,phases      ] GC(1017)   Pre Evacuate Collection Set: 0.39ms
[437.527s][info][gc,phases      ] GC(1017)   Merge Heap Roots: 0.21ms
[437.527s][info][gc,phases      ] GC(1017)   Evacuate Collection Set: 38.22ms
[437.527s][info][gc,phases      ] GC(1017)   Post Evacuate Collection Set: 0.61ms
[437.527s][info][gc,phases      ] GC(1017)   Other: 0.25ms
[437.527s][info][gc,heap        ] GC(1017) Eden regions: 297->0(249)
[437.527s][info][gc,heap        ] GC(1017) Survivor regions: 1->30(38)
[437.527s][info][gc,heap        ] GC(1017) Old regions: 606->606
[437.527s][info][gc,heap        ] GC(1017) Humongous regions: 13->13
[437.527s][info][gc,metaspace   ] GC(1017) Metaspace: 18896K(19072K)->18896K(19072K) NonClass: 17066K(17216K)->17066K(17216K) Class: 1829K(1856K)->1829K(1856K)
[437.528s][info][gc             ] GC(1017) Pause Young (Concurrent Start) (G1 Evacuation Pause) 915M->647M(978M) 39.949ms
[437.528s][info][gc,cpu         ] GC(1017) User=0.08s Sys=0.00s Real=0.04s
[437.528s][info][gc             ] GC(1018) Concurrent Mark Cycle
[437.528s][info][gc,marking     ] GC(1018) Concurrent Scan Root Regions
[437.592s][info][gc,marking     ] GC(1018) Concurrent Scan Root Regions 64.851ms
[437.593s][info][gc,marking     ] GC(1018) Concurrent Mark
[437.593s][info][gc,marking     ] GC(1018) Concurrent Mark From Roots
[437.593s][info][gc,task        ] GC(1018) Using 1 workers of 1 for marking
[437.978s][info][gc,start       ] GC(1019) Pause Young (Normal) (G1 Evacuation Pause)
[437.978s][info][gc,task        ] GC(1019) Using 2 workers of 2 for evacuation
[438.020s][info][gc,phases      ] GC(1019)   Pre Evacuate Collection Set: 0.35ms
[438.020s][info][gc,phases      ] GC(1019)   Merge Heap Roots: 0.18ms
[438.020s][info][gc,phases      ] GC(1019)   Evacuate Collection Set: 40.60ms
[438.020s][info][gc,phases      ] GC(1019)   Post Evacuate Collection Set: 0.53ms
[438.020s][info][gc,phases      ] GC(1019)   Other: 0.11ms
[438.020s][info][gc,heap        ] GC(1019) Eden regions: 249->0(267)
[438.020s][info][gc,heap        ] GC(1019) Survivor regions: 30->6(35)
[438.020s][info][gc,heap        ] GC(1019) Old regions: 606->635
[438.020s][info][gc,heap        ] GC(1019) Humongous regions: 13->13
[438.020s][info][gc,metaspace   ] GC(1019) Metaspace: 18896K(19072K)->18896K(19072K) NonClass: 17066K(17216K)->17066K(17216K) Class: 1829K(1856K)->1829K(1856K)
[438.020s][info][gc             ] GC(1019) Pause Young (Normal) (G1 Evacuation Pause) 896M->653M(978M) 42.036ms
[438.020s][info][gc,cpu         ] GC(1019) User=0.08s Sys=0.00s Real=0.04s
[438.786s][info][gc,start       ] GC(1020) Pause Young (Normal) (G1 Evacuation Pause)
[438.786s][info][gc,task        ] GC(1020) Using 2 workers of 2 for evacuation
[438.807s][info][gc,phases      ] GC(1020)   Pre Evacuate Collection Set: 0.57ms
[438.807s][info][gc,phases      ] GC(1020)   Merge Heap Roots: 0.19ms
[438.807s][info][gc,phases      ] GC(1020)   Evacuate Collection Set: 19.70ms
[438.807s][info][gc,phases      ] GC(1020)   Post Evacuate Collection Set: 0.57ms
[438.807s][info][gc,phases      ] GC(1020)   Other: 0.11ms
[438.807s][info][gc,heap        ] GC(1020) Eden regions: 267->0(250)
[438.807s][info][gc,heap        ] GC(1020) Survivor regions: 6->15(35)
[438.807s][info][gc,heap        ] GC(1020) Old regions: 635->635
[438.807s][info][gc,heap        ] GC(1020) Humongous regions: 13->13
[438.807s][info][gc,metaspace   ] GC(1020) Metaspace: 18896K(19072K)->18896K(19072K) NonClass: 17066K(17216K)->17066K(17216K) Class: 1829K(1856K)->1829K(1856K)
[438.807s][info][gc             ] GC(1020) Pause Young (Normal) (G1 Evacuation Pause) 920M->662M(978M) 21.410ms
[438.807s][info][gc,cpu         ] GC(1020) User=0.04s Sys=0.00s Real=0.02s
[439.094s][info][gc,marking     ] GC(1018) Concurrent Mark From Roots 1501.693ms
[439.094s][info][gc,marking     ] GC(1018) Concurrent Preclean
[439.094s][info][gc,marking     ] GC(1018) Concurrent Preclean 0.046ms
[439.094s][info][gc,start       ] GC(1018) Pause Remark
[439.104s][info][gc             ] GC(1018) Pause Remark 710M->624M(978M) 9.039ms
[439.104s][info][gc,cpu         ] GC(1018) User=0.01s Sys=0.00s Real=0.01s
[439.105s][info][gc,marking     ] GC(1018) Concurrent Mark 1512.918ms
[439.105s][info][gc,marking     ] GC(1018) Concurrent Rebuild Remembered Sets and Scrub Regions
[439.744s][info][gc,start       ] GC(1021) Pause Young (Normal) (G1 Evacuation Pause)
[439.744s][info][gc,task        ] GC(1021) Using 2 workers of 2 for evacuation
[439.763s][info][gc,phases      ] GC(1021)   Pre Evacuate Collection Set: 0.56ms
[439.764s][info][gc,phases      ] GC(1021)   Merge Heap Roots: 0.19ms
[439.764s][info][gc,phases      ] GC(1021)   Evacuate Collection Set: 18.06ms
[439.764s][info][gc,phases      ] GC(1021)   Post Evacuate Collection Set: 0.54ms
[439.764s][info][gc,phases      ] GC(1021)   Other: 0.13ms
[439.764s][info][gc,heap        ] GC(1021) Eden regions: 250->0(336)
[439.764s][info][gc,heap        ] GC(1021) Survivor regions: 15->15(34)
[439.764s][info][gc,heap        ] GC(1021) Old regions: 555->555
[439.764s][info][gc,heap        ] GC(1021) Humongous regions: 7->7
[439.764s][info][gc,metaspace   ] GC(1021) Metaspace: 18896K(19072K)->18896K(19072K) NonClass: 17066K(17216K)->17066K(17216K) Class: 1829K(1856K)->1829K(1856K)
[439.764s][info][gc             ] GC(1021) Pause Young (Normal) (G1 Evacuation Pause) 826M->576M(978M) 19.741ms
[439.764s][info][gc,cpu         ] GC(1021) User=0.04s Sys=0.00s Real=0.02s
[439.782s][info][gc,marking     ] GC(1018) Concurrent Rebuild Remembered Sets and Scrub Regions 676.270ms
[439.782s][info][gc,start       ] GC(1018) Pause Cleanup
[439.782s][info][gc             ] GC(1018) Pause Cleanup 581M->581M(978M) 0.124ms
[439.782s][info][gc,cpu         ] GC(1018) User=0.00s Sys=0.00s Real=0.00s
[439.783s][info][gc,marking     ] GC(1018) Concurrent Clear Claimed Marks
[439.783s][info][gc,marking     ] GC(1018) Concurrent Clear Claimed Marks 0.042ms
[439.783s][info][gc,marking     ] GC(1018) Concurrent Cleanup for Next Mark
[439.789s][info][gc,marking     ] GC(1018) Concurrent Cleanup for Next Mark 6.063ms
[439.789s][info][gc             ] GC(1018) Concurrent Mark Cycle 2261.924ms
[440.378s][info][gc,start       ] GC(1022) Pause Young (Prepare Mixed) (G1 Evacuation Pause)
[440.378s][info][gc,task        ] GC(1022) Using 2 workers of 2 for evacuation
[440.414s][info][gc,phases      ] GC(1022)   Pre Evacuate Collection Set: 0.35ms
[440.414s][info][gc,phases      ] GC(1022)   Merge Heap Roots: 0.22ms
[440.414s][info][gc,phases      ] GC(1022)   Evacuate Collection Set: 34.60ms
[440.414s][info][gc,phases      ] GC(1022)   Post Evacuate Collection Set: 0.61ms
[440.414s][info][gc,phases      ] GC(1022)   Other: 0.14ms
[440.414s][info][gc,heap        ] GC(1022) Eden regions: 336->0(308)
[440.414s][info][gc,heap        ] GC(1022) Survivor regions: 15->29(44)
[440.414s][info][gc,heap        ] GC(1022) Old regions: 555->555
[440.414s][info][gc,heap        ] GC(1022) Humongous regions: 7->7
[440.414s][info][gc,metaspace   ] GC(1022) Metaspace: 18896K(19072K)->18896K(19072K) NonClass: 17066K(17216K)->17066K(17216K) Class: 1829K(1856K)->1829K(1856K)
[440.414s][info][gc             ] GC(1022) Pause Young (Prepare Mixed) (G1 Evacuation Pause) 912M->589M(978M) 36.177ms
[440.414s][info][gc,cpu         ] GC(1022) User=0.07s Sys=0.00s Real=0.04s
[440.795s][info][gc,start       ] GC(1023) Pause Young (Mixed) (G1 Evacuation Pause)
[440.795s][info][gc,task        ] GC(1023) Using 2 workers of 2 for evacuation
[440.894s][info][gc,phases      ] GC(1023)   Pre Evacuate Collection Set: 0.37ms
[440.894s][info][gc,phases      ] GC(1023)   Merge Heap Roots: 0.24ms
[440.894s][info][gc,phases      ] GC(1023)   Evacuate Collection Set: 95.56ms
[440.894s][info][gc,phases      ] GC(1023)   Post Evacuate Collection Set: 2.43ms
[440.894s][info][gc,phases      ] GC(1023)   Other: 0.11ms
[440.894s][info][gc,heap        ] GC(1023) Eden regions: 308->0(251)
[440.894s][info][gc,heap        ] GC(1023) Survivor regions: 29->43(43)
[440.894s][info][gc,heap        ] GC(1023) Old regions: 555->584
[440.894s][info][gc,heap        ] GC(1023) Humongous regions: 7->7
[440.894s][info][gc,metaspace   ] GC(1023) Metaspace: 18896K(19072K)->18896K(19072K) NonClass: 17066K(17216K)->17066K(17216K) Class: 1829K(1856K)->1829K(1856K)
[440.894s][info][gc             ] GC(1023) Pause Young (Mixed) (G1 Evacuation Pause) (Evacuation Failure: Allocation) 897M->633M(978M) 99.038ms
[440.894s][info][gc,cpu         ] GC(1023) User=0.20s Sys=0.00s Real=0.10s
[441.117s][info][gc,start       ] GC(1024) Pause Young (Concurrent Start) (G1 Humongous Allocation)
[441.117s][info][gc,task        ] GC(1024) Using 2 workers of 2 for evacuation
[441.190s][info][gc,phases      ] GC(1024)   Pre Evacuate Collection Set: 0.44ms
[441.190s][info][gc,phases      ] GC(1024)   Merge Heap Roots: 0.49ms
[441.190s][info][gc,phases      ] GC(1024)   Evacuate Collection Set: 70.99ms
[441.190s][info][gc,phases      ] GC(1024)   Post Evacuate Collection Set: 0.69ms
[441.190s][info][gc,phases      ] GC(1024)   Other: 0.21ms
[441.190s][info][gc,heap        ] GC(1024) Eden regions: 109->0(281)
[441.190s][info][gc,heap        ] GC(1024) Survivor regions: 43->8(37)
[441.190s][info][gc,heap        ] GC(1024) Old regions: 584->606
[441.190s][info][gc,heap        ] GC(1024) Humongous regions: 7->7
[441.190s][info][gc,metaspace   ] GC(1024) Metaspace: 18896K(19072K)->18896K(19072K) NonClass: 17066K(17216K)->17066K(17216K) Class: 1829K(1856K)->1829K(1856K)
[441.190s][info][gc             ] GC(1024) Pause Young (Concurrent Start) (G1 Humongous Allocation) 742M->620M(978M) 73.113ms
[441.190s][info][gc,cpu         ] GC(1024) User=0.15s Sys=0.00s Real=0.07s
[441.190s][info][gc             ] GC(1025) Concurrent Mark Cycle
[441.190s][info][gc,marking     ] GC(1025) Concurrent Scan Root Regions
[441.271s][info][gc,marking     ] GC(1025) Concurrent Scan Root Regions 80.965ms
[441.271s][info][gc,marking     ] GC(1025) Concurrent Mark
[441.271s][info][gc,marking     ] GC(1025) Concurrent Mark From Roots
[441.271s][info][gc,task        ] GC(1025) Using 1 workers of 1 for marking
[442.343s][info][gc,start       ] GC(1026) Pause Young (Normal) (G1 Evacuation Pause)
[442.343s][info][gc,task        ] GC(1026) Using 2 workers of 2 for evacuation
[442.376s][info][gc,phases      ] GC(1026)   Pre Evacuate Collection Set: 0.55ms
[442.376s][info][gc,phases      ] GC(1026)   Merge Heap Roots: 0.40ms
[442.376s][info][gc,phases      ] GC(1026)   Evacuate Collection Set: 31.60ms
[442.376s][info][gc,phases      ] GC(1026)   Post Evacuate Collection Set: 0.66ms
[442.376s][info][gc,phases      ] GC(1026)   Other: 0.11ms
[442.376s][info][gc,heap        ] GC(1026) Eden regions: 281->0(282)
[442.376s][info][gc,heap        ] GC(1026) Survivor regions: 8->14(37)
[442.376s][info][gc,heap        ] GC(1026) Old regions: 606->606
[442.376s][info][gc,heap        ] GC(1026) Humongous regions: 10->10
[442.376s][info][gc,metaspace   ] GC(1026) Metaspace: 18896K(19072K)->18896K(19072K) NonClass: 17066K(17216K)->17066K(17216K) Class: 1829K(1856K)->1829K(1856K)
[442.376s][info][gc             ] GC(1026) Pause Young (Normal) (G1 Evacuation Pause) 904M->628M(978M) 33.593ms
[442.376s][info][gc,cpu         ] GC(1026) User=0.06s Sys=0.00s Real=0.03s
[442.409s][info][gc,marking     ] GC(1025) Concurrent Mark From Roots 1137.419ms
[442.409s][info][gc,marking     ] GC(1025) Concurrent Preclean
[442.409s][info][gc,marking     ] GC(1025) Concurrent Preclean 0.039ms
[442.409s][info][gc,start       ] GC(1025) Pause Remark
[442.418s][info][gc             ] GC(1025) Pause Remark 638M->476M(978M) 9.163ms
[442.418s][info][gc,cpu         ] GC(1025) User=0.01s Sys=0.00s Real=0.01s
[442.418s][info][gc,marking     ] GC(1025) Concurrent Mark 1146.967ms
[442.418s][info][gc,marking     ] GC(1025) Concurrent Rebuild Remembered Sets and Scrub Regions
[442.805s][info][gc,marking     ] GC(1025) Concurrent Rebuild Remembered Sets and Scrub Regions 386.168ms
[442.805s][info][gc,start       ] GC(1025) Pause Cleanup
[442.805s][info][gc             ] GC(1025) Pause Cleanup 624M->624M(978M) 0.120ms
[442.805s][info][gc,cpu         ] GC(1025) User=0.00s Sys=0.00s Real=0.00s
[442.805s][info][gc,marking     ] GC(1025) Concurrent Clear Claimed Marks
[442.805s][info][gc,marking     ] GC(1025) Concurrent Clear Claimed Marks 0.063ms
[442.805s][info][gc,marking     ] GC(1025) Concurrent Cleanup for Next Mark
[442.808s][info][gc,marking     ] GC(1025) Concurrent Cleanup for Next Mark 3.086ms
[442.808s][info][gc             ] GC(1025) Concurrent Mark Cycle 1617.928ms
[443.016s][info][gc,start       ] GC(1027) Pause Young (Prepare Mixed) (G1 Evacuation Pause)
[443.016s][info][gc,task        ] GC(1027) Using 2 workers of 2 for evacuation
[443.049s][info][gc,phases      ] GC(1027)   Pre Evacuate Collection Set: 0.58ms
[443.049s][info][gc,phases      ] GC(1027)   Merge Heap Roots: 0.52ms
[443.049s][info][gc,phases      ] GC(1027)   Evacuate Collection Set: 31.36ms
[443.049s][info][gc,phases      ] GC(1027)   Post Evacuate Collection Set: 0.65ms
[443.049s][info][gc,phases      ] GC(1027)   Other: 0.13ms
[443.049s][info][gc,heap        ] GC(1027) Eden regions: 282->0(441)
[443.049s][info][gc,heap        ] GC(1027) Survivor regions: 14->14(37)
[443.049s][info][gc,heap        ] GC(1027) Old regions: 446->446
[443.049s][info][gc,heap        ] GC(1027) Humongous regions: 8->8
[443.049s][info][gc,metaspace   ] GC(1027) Metaspace: 18896K(19072K)->18896K(19072K) NonClass: 17066K(17216K)->17066K(17216K) Class: 1829K(1856K)->1829K(1856K)
[443.049s][info][gc             ] GC(1027) Pause Young (Prepare Mixed) (G1 Evacuation Pause) 748M->467M(978M) 33.502ms
[443.049s][info][gc,cpu         ] GC(1027) User=0.06s Sys=0.00s Real=0.03s
[443.778s][info][gc,start       ] GC(1028) Pause Young (Mixed) (G1 Evacuation Pause)
[443.779s][info][gc,task        ] GC(1028) Using 2 workers of 2 for evacuation
[443.825s][info][gc,phases      ] GC(1028)   Pre Evacuate Collection Set: 0.33ms
[443.825s][info][gc,phases      ] GC(1028)   Merge Heap Roots: 0.39ms
[443.825s][info][gc,phases      ] GC(1028)   Evacuate Collection Set: 44.60ms
[443.825s][info][gc,phases      ] GC(1028)   Post Evacuate Collection Set: 0.87ms
[443.825s][info][gc,phases      ] GC(1028)   Other: 0.10ms
[443.825s][info][gc,heap        ] GC(1028) Eden regions: 441->0(439)
[443.825s][info][gc,heap        ] GC(1028) Survivor regions: 14->23(57)
[443.825s][info][gc,heap        ] GC(1028) Old regions: 446->435
[443.825s][info][gc,heap        ] GC(1028) Humongous regions: 8->8
[443.825s][info][gc,metaspace   ] GC(1028) Metaspace: 18896K(19072K)->18896K(19072K) NonClass: 17066K(17216K)->17066K(17216K) Class: 1829K(1856K)->1829K(1856K)
[443.825s][info][gc             ] GC(1028) Pause Young (Mixed) (G1 Evacuation Pause) 908M->465M(978M) 46.556ms
[443.825s][info][gc,cpu         ] GC(1028) User=0.09s Sys=0.00s Real=0.05s
[444.295s][info][gc,start       ] GC(1029) Pause Young (Concurrent Start) (G1 Evacuation Pause)
[444.295s][info][gc,task        ] GC(1029) Using 2 workers of 2 for evacuation
[444.365s][info][gc,phases      ] GC(1029)   Pre Evacuate Collection Set: 0.33ms
[444.365s][info][gc,phases      ] GC(1029)   Merge Heap Roots: 0.36ms
[444.365s][info][gc,phases      ] GC(1029)   Evacuate Collection Set: 67.90ms
[444.365s][info][gc,phases      ] GC(1029)   Post Evacuate Collection Set: 0.82ms
[444.365s][info][gc,phases      ] GC(1029)   Other: 0.15ms
[444.365s][info][gc,heap        ] GC(1029) Eden regions: 439->0(395)
[444.365s][info][gc,heap        ] GC(1029) Survivor regions: 23->45(58)
[444.365s][info][gc,heap        ] GC(1029) Old regions: 435->435
[444.365s][info][gc,heap        ] GC(1029) Humongous regions: 8->8
[444.365s][info][gc,metaspace   ] GC(1029) Metaspace: 18896K(19072K)->18896K(19072K) NonClass: 17066K(17216K)->17066K(17216K) Class: 1829K(1856K)->1829K(1856K)
[444.365s][info][gc             ] GC(1029) Pause Young (Concurrent Start) (G1 Evacuation Pause) 904M->487M(978M) 69.830ms
[444.365s][info][gc             ] GC(1030) Concurrent Mark Cycle
[444.365s][info][gc,marking     ] GC(1030) Concurrent Scan Root Regions
[444.367s][info][gc,cpu         ] GC(1029) User=0.14s Sys=0.00s Real=0.07s
[444.472s][info][gc,marking     ] GC(1030) Concurrent Scan Root Regions 106.369ms
[444.472s][info][gc,marking     ] GC(1030) Concurrent Mark
[444.472s][info][gc,marking     ] GC(1030) Concurrent Mark From Roots
[444.472s][info][gc,task        ] GC(1030) Using 1 workers of 1 for marking
[445.240s][info][gc,start       ] GC(1031) Pause Young (Normal) (G1 Evacuation Pause)
[445.240s][info][gc,task        ] GC(1031) Using 2 workers of 2 for evacuation
[445.372s][info][gc,phases      ] GC(1031)   Pre Evacuate Collection Set: 0.33ms
[445.372s][info][gc,phases      ] GC(1031)   Merge Heap Roots: 0.61ms
[445.372s][info][gc,phases      ] GC(1031)   Evacuate Collection Set: 130.00ms
[445.372s][info][gc,phases      ] GC(1031)   Post Evacuate Collection Set: 0.76ms
[445.372s][info][gc,phases      ] GC(1031)   Other: 0.12ms
[445.372s][info][gc,heap        ] GC(1031) Eden regions: 395->0(339)
[445.372s][info][gc,heap        ] GC(1031) Survivor regions: 45->55(55)
[445.372s][info][gc,heap        ] GC(1031) Old regions: 435->471
[445.372s][info][gc,heap        ] GC(1031) Humongous regions: 8->8
[445.372s][info][gc,metaspace   ] GC(1031) Metaspace: 18896K(19072K)->18896K(19072K) NonClass: 17066K(17216K)->17066K(17216K) Class: 1829K(1856K)->1829K(1856K)
[445.372s][info][gc             ] GC(1031) Pause Young (Normal) (G1 Evacuation Pause) 882M->533M(978M) 132.096ms
[445.372s][info][gc,cpu         ] GC(1031) User=0.26s Sys=0.00s Real=0.14s
[445.494s][info][gc,marking     ] GC(1030) Concurrent Mark From Roots 1021.896ms
[445.494s][info][gc,marking     ] GC(1030) Concurrent Preclean
[445.494s][info][gc,marking     ] GC(1030) Concurrent Preclean 0.036ms
[445.494s][info][gc,start       ] GC(1030) Pause Remark
[445.502s][info][gc             ] GC(1030) Pause Remark 592M->512M(978M) 8.537ms
[445.502s][info][gc,cpu         ] GC(1030) User=0.02s Sys=0.00s Real=0.01s
[445.502s][info][gc,marking     ] GC(1030) Concurrent Mark 1030.865ms
[445.502s][info][gc,marking     ] GC(1030) Concurrent Rebuild Remembered Sets and Scrub Regions
[445.740s][info][gc,marking     ] GC(1030) Concurrent Rebuild Remembered Sets and Scrub Regions 237.828ms
[445.740s][info][gc,start       ] GC(1030) Pause Cleanup
[445.741s][info][gc             ] GC(1030) Pause Cleanup 622M->622M(978M) 0.124ms
[445.741s][info][gc,cpu         ] GC(1030) User=0.00s Sys=0.00s Real=0.00s
[445.741s][info][gc,marking     ] GC(1030) Concurrent Clear Claimed Marks
[445.741s][info][gc,marking     ] GC(1030) Concurrent Clear Claimed Marks 0.032ms
[445.741s][info][gc,marking     ] GC(1030) Concurrent Cleanup for Next Mark
[445.744s][info][gc,marking     ] GC(1030) Concurrent Cleanup for Next Mark 3.030ms
[445.744s][info][gc             ] GC(1030) Concurrent Mark Cycle 1378.634ms
[445.926s][info][gc,start       ] GC(1032) Pause Young (Prepare Mixed) (G1 Evacuation Pause)
[445.926s][info][gc,task        ] GC(1032) Using 2 workers of 2 for evacuation
[446.046s][info][gc,phases      ] GC(1032)   Pre Evacuate Collection Set: 0.53ms
[446.046s][info][gc,phases      ] GC(1032)   Merge Heap Roots: 0.60ms
[446.046s][info][gc,phases      ] GC(1032)   Evacuate Collection Set: 117.52ms
[446.046s][info][gc,phases      ] GC(1032)   Post Evacuate Collection Set: 0.72ms
[446.046s][info][gc,phases      ] GC(1032)   Other: 0.10ms
[446.046s][info][gc,heap        ] GC(1032) Eden regions: 339->0(371)
[446.046s][info][gc,heap        ] GC(1032) Survivor regions: 55->43(50)
[446.046s][info][gc,heap        ] GC(1032) Old regions: 394->449
[446.046s][info][gc,heap        ] GC(1032) Humongous regions: 5->5
[446.046s][info][gc,metaspace   ] GC(1032) Metaspace: 18896K(19072K)->18896K(19072K) NonClass: 17066K(17216K)->17066K(17216K) Class: 1829K(1856K)->1829K(1856K)
[446.046s][info][gc             ] GC(1032) Pause Young (Prepare Mixed) (G1 Evacuation Pause) 792M->496M(978M) 119.776ms
[446.046s][info][gc,cpu         ] GC(1032) User=0.24s Sys=0.00s Real=0.12s
[446.433s][info][gc,start       ] GC(1033) Pause Young (Mixed) (G1 Evacuation Pause)
[446.433s][info][gc,task        ] GC(1033) Using 2 workers of 2 for evacuation
[446.515s][info][gc,phases      ] GC(1033)   Pre Evacuate Collection Set: 0.36ms
[446.516s][info][gc,phases      ] GC(1033)   Merge Heap Roots: 0.54ms
[446.516s][info][gc,phases      ] GC(1033)   Evacuate Collection Set: 80.21ms
[446.516s][info][gc,phases      ] GC(1033)   Post Evacuate Collection Set: 0.73ms
[446.516s][info][gc,phases      ] GC(1033)   Other: 0.14ms
[446.516s][info][gc,heap        ] GC(1033) Eden regions: 371->0(413)
[446.516s][info][gc,heap        ] GC(1033) Survivor regions: 43->17(52)
[446.516s][info][gc,heap        ] GC(1033) Old regions: 449->437
[446.516s][info][gc,heap        ] GC(1033) Humongous regions: 5->5
[446.516s][info][gc,metaspace   ] GC(1033) Metaspace: 18896K(19072K)->18896K(19072K) NonClass: 17066K(17216K)->17066K(17216K) Class: 1829K(1856K)->1829K(1856K)
[446.516s][info][gc             ] GC(1033) Pause Young (Mixed) (G1 Evacuation Pause) 867M->458M(978M) 82.307ms
[446.516s][info][gc,cpu         ] GC(1033) User=0.16s Sys=0.00s Real=0.08s
[446.861s][info][gc,start       ] GC(1034) Pause Young (Concurrent Start) (G1 Evacuation Pause)
[446.861s][info][gc,task        ] GC(1034) Using 2 workers of 2 for evacuation
[446.967s][info][gc,phases      ] GC(1034)   Pre Evacuate Collection Set: 0.33ms
[446.967s][info][gc,phases      ] GC(1034)   Merge Heap Roots: 0.31ms
[446.967s][info][gc,phases      ] GC(1034)   Evacuate Collection Set: 104.04ms
[446.967s][info][gc,phases      ] GC(1034)   Post Evacuate Collection Set: 0.99ms
[446.967s][info][gc,phases      ] GC(1034)   Other: 0.16ms
[446.967s][info][gc,heap        ] GC(1034) Eden regions: 413->0(321)
[446.967s][info][gc,heap        ] GC(1034) Survivor regions: 17->54(54)
[446.967s][info][gc,heap        ] GC(1034) Old regions: 437->472
[446.967s][info][gc,heap        ] GC(1034) Humongous regions: 5->5
[446.967s][info][gc,metaspace   ] GC(1034) Metaspace: 18896K(19072K)->18896K(19072K) NonClass: 17066K(17216K)->17066K(17216K) Class: 1829K(1856K)->1829K(1856K)
[446.968s][info][gc             ] GC(1034) Pause Young (Concurrent Start) (G1 Evacuation Pause) 871M->530M(978M) 106.173ms
[446.968s][info][gc,cpu         ] GC(1034) User=0.21s Sys=0.00s Real=0.10s
[446.968s][info][gc             ] GC(1035) Concurrent Mark Cycle
[446.968s][info][gc,marking     ] GC(1035) Concurrent Scan Root Regions
[447.026s][info][gc,marking     ] GC(1035) Concurrent Scan Root Regions 57.963ms
[447.026s][info][gc,marking     ] GC(1035) Concurrent Mark
[447.026s][info][gc,marking     ] GC(1035) Concurrent Mark From Roots
[447.026s][info][gc,task        ] GC(1035) Using 1 workers of 1 for marking
[447.741s][info][gc,start       ] GC(1036) Pause Young (Normal) (G1 Evacuation Pause)
[447.741s][info][gc,task        ] GC(1036) Using 2 workers of 2 for evacuation
[447.833s][info][gc,phases      ] GC(1036)   Pre Evacuate Collection Set: 0.56ms
[447.833s][info][gc,phases      ] GC(1036)   Merge Heap Roots: 0.49ms
[447.833s][info][gc,phases      ] GC(1036)   Evacuate Collection Set: 90.18ms
[447.833s][info][gc,phases      ] GC(1036)   Post Evacuate Collection Set: 0.69ms
[447.833s][info][gc,phases      ] GC(1036)   Other: 0.12ms
[447.833s][info][gc,heap        ] GC(1036) Eden regions: 321->0(317)
[447.833s][info][gc,heap        ] GC(1036) Survivor regions: 54->18(47)
[447.833s][info][gc,heap        ] GC(1036) Old regions: 472->526
[447.833s][info][gc,heap        ] GC(1036) Humongous regions: 5->5
[447.833s][info][gc,metaspace   ] GC(1036) Metaspace: 18896K(19072K)->18896K(19072K) NonClass: 17066K(17216K)->17066K(17216K) Class: 1829K(1856K)->1829K(1856K)
[447.833s][info][gc             ] GC(1036) Pause Young (Normal) (G1 Evacuation Pause) 851M->548M(978M) 92.262ms
[447.833s][info][gc,cpu         ] GC(1036) User=0.18s Sys=0.00s Real=0.09s
[448.600s][info][gc,marking     ] GC(1035) Concurrent Mark From Roots 1574.713ms
[448.600s][info][gc,marking     ] GC(1035) Concurrent Preclean
[448.601s][info][gc,marking     ] GC(1035) Concurrent Preclean 0.035ms
[448.601s][info][gc,start       ] GC(1035) Pause Remark
[448.609s][info][gc             ] GC(1035) Pause Remark 864M->864M(978M) 8.805ms
[448.610s][info][gc,cpu         ] GC(1035) User=0.02s Sys=0.00s Real=0.00s
[448.610s][info][gc,marking     ] GC(1035) Concurrent Mark 1583.898ms
[448.610s][info][gc,marking     ] GC(1035) Concurrent Rebuild Remembered Sets and Scrub Regions
[448.616s][info][gc,start       ] GC(1037) Pause Young (Normal) (G1 Evacuation Pause)
[448.616s][info][gc,task        ] GC(1037) Using 2 workers of 2 for evacuation
[448.654s][info][gc,phases      ] GC(1037)   Pre Evacuate Collection Set: 0.57ms
[448.654s][info][gc,phases      ] GC(1037)   Merge Heap Roots: 0.26ms
[448.654s][info][gc,phases      ] GC(1037)   Evacuate Collection Set: 36.89ms
[448.654s][info][gc,phases      ] GC(1037)   Post Evacuate Collection Set: 0.67ms
[448.654s][info][gc,phases      ] GC(1037)   Other: 0.12ms
[448.655s][info][gc,heap        ] GC(1037) Eden regions: 317->0(323)
[448.655s][info][gc,heap        ] GC(1037) Survivor regions: 18->28(42)
[448.655s][info][gc,heap        ] GC(1037) Old regions: 526->526
[448.655s][info][gc,heap        ] GC(1037) Humongous regions: 5->5
[448.655s][info][gc,metaspace   ] GC(1037) Metaspace: 18896K(19072K)->18896K(19072K) NonClass: 17066K(17216K)->17066K(17216K) Class: 1829K(1856K)->1829K(1856K)
[448.655s][info][gc             ] GC(1037) Pause Young (Normal) (G1 Evacuation Pause) 865M->558M(978M) 38.754ms
[448.655s][info][gc,cpu         ] GC(1037) User=0.07s Sys=0.00s Real=0.04s
[449.153s][info][gc,marking     ] GC(1035) Concurrent Rebuild Remembered Sets and Scrub Regions 542.909ms
[449.153s][info][gc,start       ] GC(1035) Pause Cleanup
[449.153s][info][gc             ] GC(1035) Pause Cleanup 815M->815M(978M) 0.146ms
[449.153s][info][gc,cpu         ] GC(1035) User=0.00s Sys=0.00s Real=0.00s
[449.153s][info][gc,marking     ] GC(1035) Concurrent Clear Claimed Marks
[449.153s][info][gc,marking     ] GC(1035) Concurrent Clear Claimed Marks 0.042ms
[449.153s][info][gc,marking     ] GC(1035) Concurrent Cleanup for Next Mark
[449.158s][info][gc,marking     ] GC(1035) Concurrent Cleanup for Next Mark 5.078ms
[449.158s][info][gc             ] GC(1035) Concurrent Mark Cycle 2190.586ms
[449.368s][info][gc,start       ] GC(1038) Pause Young (Prepare Mixed) (G1 Evacuation Pause)
[449.369s][info][gc,task        ] GC(1038) Using 2 workers of 2 for evacuation
[449.444s][info][gc,phases      ] GC(1038)   Pre Evacuate Collection Set: 0.56ms
[449.444s][info][gc,phases      ] GC(1038)   Merge Heap Roots: 0.59ms
[449.444s][info][gc,phases      ] GC(1038)   Evacuate Collection Set: 73.07ms
[449.444s][info][gc,phases      ] GC(1038)   Post Evacuate Collection Set: 0.79ms
[449.444s][info][gc,phases      ] GC(1038)   Other: 0.12ms
[449.444s][info][gc,heap        ] GC(1038) Eden regions: 323->0(311)
[449.444s][info][gc,heap        ] GC(1038) Survivor regions: 28->28(44)
[449.444s][info][gc,heap        ] GC(1038) Old regions: 526->544
[449.444s][info][gc,heap        ] GC(1038) Humongous regions: 8->8
[449.444s][info][gc,metaspace   ] GC(1038) Metaspace: 18900K(19072K)->18900K(19072K) NonClass: 17070K(17216K)->17070K(17216K) Class: 1829K(1856K)->1829K(1856K)
[449.444s][info][gc             ] GC(1038) Pause Young (Prepare Mixed) (G1 Evacuation Pause) 884M->579M(978M) 75.405ms
[449.444s][info][gc,cpu         ] GC(1038) User=0.15s Sys=0.00s Real=0.08s
[449.947s][info][gc,start       ] GC(1039) Pause Young (Mixed) (G1 Evacuation Pause)
[449.947s][info][gc,task        ] GC(1039) Using 2 workers of 2 for evacuation
[450.049s][info][gc,phases      ] GC(1039)   Pre Evacuate Collection Set: 0.58ms
[450.049s][info][gc,phases      ] GC(1039)   Merge Heap Roots: 0.49ms
[450.049s][info][gc,phases      ] GC(1039)   Evacuate Collection Set: 100.18ms
[450.049s][info][gc,phases      ] GC(1039)   Post Evacuate Collection Set: 0.78ms
[450.049s][info][gc,phases      ] GC(1039)   Other: 0.11ms
[450.049s][info][gc,heap        ] GC(1039) Eden regions: 311->0(278)
[450.049s][info][gc,heap        ] GC(1039) Survivor regions: 28->43(43)
[450.049s][info][gc,heap        ] GC(1039) Old regions: 544->556
[450.049s][info][gc,heap        ] GC(1039) Humongous regions: 8->8
[450.049s][info][gc,metaspace   ] GC(1039) Metaspace: 18900K(19072K)->18900K(19072K) NonClass: 17070K(17216K)->17070K(17216K) Class: 1829K(1856K)->1829K(1856K)
[450.049s][info][gc             ] GC(1039) Pause Young (Mixed) (G1 Evacuation Pause) 890M->606M(978M) 102.428ms
[450.049s][info][gc,cpu         ] GC(1039) User=0.21s Sys=0.00s Real=0.10s
[450.379s][info][gc,start       ] GC(1040) Pause Young (Concurrent Start) (G1 Evacuation Pause)
[450.379s][info][gc,task        ] GC(1040) Using 2 workers of 2 for evacuation
[450.453s][info][gc,phases      ] GC(1040)   Pre Evacuate Collection Set: 0.38ms
[450.453s][info][gc,phases      ] GC(1040)   Merge Heap Roots: 0.43ms
[450.453s][info][gc,phases      ] GC(1040)   Evacuate Collection Set: 72.67ms
[450.453s][info][gc,phases      ] GC(1040)   Post Evacuate Collection Set: 0.61ms
[450.453s][info][gc,phases      ] GC(1040)   Other: 0.24ms
[450.453s][info][gc,heap        ] GC(1040) Eden regions: 278->0(287)
[450.453s][info][gc,heap        ] GC(1040) Survivor regions: 43->6(41)
[450.453s][info][gc,heap        ] GC(1040) Old regions: 556->599
[450.453s][info][gc,heap        ] GC(1040) Humongous regions: 8->8
[450.453s][info][gc,metaspace   ] GC(1040) Metaspace: 18902K(19072K)->18902K(19072K) NonClass: 17072K(17216K)->17072K(17216K) Class: 1829K(1856K)->1829K(1856K)
[450.453s][info][gc             ] GC(1040) Pause Young (Concurrent Start) (G1 Evacuation Pause) 884M->612M(978M) 74.608ms
[450.453s][info][gc             ] GC(1041) Concurrent Mark Cycle
[450.453s][info][gc,marking     ] GC(1041) Concurrent Scan Root Regions
[450.453s][info][gc,cpu         ] GC(1040) User=0.15s Sys=0.00s Real=0.08s
[450.567s][info][gc,marking     ] GC(1041) Concurrent Scan Root Regions 114.059ms
[450.567s][info][gc,marking     ] GC(1041) Concurrent Mark
[450.567s][info][gc,marking     ] GC(1041) Concurrent Mark From Roots
[450.567s][info][gc,task        ] GC(1041) Using 1 workers of 1 for marking
[450.797s][info][gc,start       ] GC(1042) Pause Young (Normal) (G1 Evacuation Pause)
[450.798s][info][gc,task        ] GC(1042) Using 2 workers of 2 for evacuation
[450.813s][info][gc,phases      ] GC(1042)   Pre Evacuate Collection Set: 0.55ms
[450.813s][info][gc,phases      ] GC(1042)   Merge Heap Roots: 0.22ms
[450.813s][info][gc,phases      ] GC(1042)   Evacuate Collection Set: 14.30ms
[450.813s][info][gc,phases      ] GC(1042)   Post Evacuate Collection Set: 0.60ms
[450.813s][info][gc,phases      ] GC(1042)   Other: 0.09ms
[450.813s][info][gc,heap        ] GC(1042) Eden regions: 287->0(295)
[450.813s][info][gc,heap        ] GC(1042) Survivor regions: 6->10(37)
[450.813s][info][gc,heap        ] GC(1042) Old regions: 599->599
[450.813s][info][gc,heap        ] GC(1042) Humongous regions: 8->8
[450.813s][info][gc,metaspace   ] GC(1042) Metaspace: 18903K(19072K)->18903K(19072K) NonClass: 17073K(17216K)->17073K(17216K) Class: 1829K(1856K)->1829K(1856K)
[450.813s][info][gc             ] GC(1042) Pause Young (Normal) (G1 Evacuation Pause) 899M->616M(978M) 16.029ms
[450.813s][info][gc,cpu         ] GC(1042) User=0.03s Sys=0.00s Real=0.02s
[451.802s][info][gc,start       ] GC(1043) Pause Young (Normal) (G1 Evacuation Pause)
[451.802s][info][gc,task        ] GC(1043) Using 2 workers of 2 for evacuation
[451.827s][info][gc,phases      ] GC(1043)   Pre Evacuate Collection Set: 0.32ms
[451.827s][info][gc,phases      ] GC(1043)   Merge Heap Roots: 0.38ms
[451.827s][info][gc,phases      ] GC(1043)   Evacuate Collection Set: 24.06ms
[451.827s][info][gc,phases      ] GC(1043)   Post Evacuate Collection Set: 0.59ms
[451.827s][info][gc,phases      ] GC(1043)   Other: 0.15ms
[451.827s][info][gc,heap        ] GC(1043) Eden regions: 295->0(291)
[451.827s][info][gc,heap        ] GC(1043) Survivor regions: 10->15(39)
[451.827s][info][gc,heap        ] GC(1043) Old regions: 599->599
[451.827s][info][gc,heap        ] GC(1043) Humongous regions: 8->8
[451.827s][info][gc,metaspace   ] GC(1043) Metaspace: 18903K(19072K)->18903K(19072K) NonClass: 17074K(17216K)->17074K(17216K) Class: 1829K(1856K)->1829K(1856K)
[451.827s][info][gc             ] GC(1043) Pause Young (Normal) (G1 Evacuation Pause) 911M->621M(978M) 25.751ms
[451.827s][info][gc,cpu         ] GC(1043) User=0.05s Sys=0.00s Real=0.02s
[452.331s][info][gc,marking     ] GC(1041) Concurrent Mark From Roots 1763.939ms
[452.331s][info][gc,marking     ] GC(1041) Concurrent Preclean
[452.331s][info][gc,marking     ] GC(1041) Concurrent Preclean 0.045ms
[452.332s][info][gc,start       ] GC(1041) Pause Remark
[452.340s][info][gc             ] GC(1041) Pause Remark 693M->692M(978M) 8.799ms
[452.340s][info][gc,cpu         ] GC(1041) User=0.02s Sys=0.00s Real=0.00s
[452.342s][info][gc,marking     ] GC(1041) Concurrent Mark 1775.126ms
[452.342s][info][gc,marking     ] GC(1041) Concurrent Rebuild Remembered Sets and Scrub Regions
[453.043s][info][gc,marking     ] GC(1041) Concurrent Rebuild Remembered Sets and Scrub Regions 700.915ms
[453.044s][info][gc,start       ] GC(1041) Pause Cleanup
[453.044s][info][gc             ] GC(1041) Pause Cleanup 890M->890M(978M) 0.112ms
[453.044s][info][gc,cpu         ] GC(1041) User=0.00s Sys=0.00s Real=0.00s
[453.044s][info][gc,marking     ] GC(1041) Concurrent Clear Claimed Marks
[453.044s][info][gc,marking     ] GC(1041) Concurrent Clear Claimed Marks 0.033ms
[453.044s][info][gc,marking     ] GC(1041) Concurrent Cleanup for Next Mark
[453.047s][info][gc,marking     ] GC(1041) Concurrent Cleanup for Next Mark 3.019ms
[453.047s][info][gc             ] GC(1041) Concurrent Mark Cycle 2593.733ms
[453.090s][info][gc,start       ] GC(1044) Pause Young (Prepare Mixed) (G1 Evacuation Pause)
[453.090s][info][gc,task        ] GC(1044) Using 2 workers of 2 for evacuation
[453.139s][info][gc,phases      ] GC(1044)   Pre Evacuate Collection Set: 0.33ms
[453.139s][info][gc,phases      ] GC(1044)   Merge Heap Roots: 0.39ms
[453.139s][info][gc,phases      ] GC(1044)   Evacuate Collection Set: 47.18ms
[453.139s][info][gc,phases      ] GC(1044)   Post Evacuate Collection Set: 0.65ms
[453.139s][info][gc,phases      ] GC(1044)   Other: 0.11ms
[453.139s][info][gc,heap        ] GC(1044) Eden regions: 291->0(248)
[453.139s][info][gc,heap        ] GC(1044) Survivor regions: 15->37(39)
[453.139s][info][gc,heap        ] GC(1044) Old regions: 599->599
[453.139s][info][gc,heap        ] GC(1044) Humongous regions: 7->7
[453.139s][info][gc,metaspace   ] GC(1044) Metaspace: 18903K(19072K)->18903K(19072K) NonClass: 17074K(17216K)->17074K(17216K) Class: 1829K(1856K)->1829K(1856K)
[453.139s][info][gc             ] GC(1044) Pause Young (Prepare Mixed) (G1 Evacuation Pause) 911M->642M(978M) 48.909ms
[453.139s][info][gc,cpu         ] GC(1044) User=0.09s Sys=0.00s Real=0.05s
[453.706s][info][gc,start       ] GC(1045) Pause Young (Mixed) (G1 Evacuation Pause)
[453.706s][info][gc,task        ] GC(1045) Using 2 workers of 2 for evacuation
[453.772s][info][gc,phases      ] GC(1045)   Pre Evacuate Collection Set: 0.35ms
[453.772s][info][gc,phases      ] GC(1045)   Merge Heap Roots: 0.70ms
[453.772s][info][gc,phases      ] GC(1045)   Evacuate Collection Set: 63.49ms
[453.772s][info][gc,phases      ] GC(1045)   Post Evacuate Collection Set: 0.57ms
[453.772s][info][gc,phases      ] GC(1045)   Other: 0.11ms
[453.772s][info][gc,heap        ] GC(1045) Eden regions: 248->0(290)
[453.772s][info][gc,heap        ] GC(1045) Survivor regions: 37->1(36)
[453.772s][info][gc,heap        ] GC(1045) Old regions: 599->628
[453.772s][info][gc,heap        ] GC(1045) Humongous regions: 7->7
[453.772s][info][gc,metaspace   ] GC(1045) Metaspace: 18903K(19072K)->18903K(19072K) NonClass: 17074K(17216K)->17074K(17216K) Class: 1829K(1856K)->1829K(1856K)
[453.772s][info][gc             ] GC(1045) Pause Young (Mixed) (G1 Evacuation Pause) 890M->635M(978M) 65.480ms
[453.772s][info][gc,cpu         ] GC(1045) User=0.12s Sys=0.00s Real=0.07s
[455.647s][info][gc,start       ] GC(1046) Pause Young (Concurrent Start) (G1 Evacuation Pause)
[455.647s][info][gc,task        ] GC(1046) Using 2 workers of 2 for evacuation
[455.654s][info][gc,phases      ] GC(1046)   Pre Evacuate Collection Set: 0.48ms
[455.654s][info][gc,phases      ] GC(1046)   Merge Heap Roots: 0.20ms
[455.654s][info][gc,phases      ] GC(1046)   Evacuate Collection Set: 5.64ms
[455.654s][info][gc,phases      ] GC(1046)   Post Evacuate Collection Set: 0.62ms
[455.654s][info][gc,phases      ] GC(1046)   Other: 0.23ms
[455.654s][info][gc,heap        ] GC(1046) Eden regions: 290->0(287)
[455.654s][info][gc,heap        ] GC(1046) Survivor regions: 1->3(37)
[455.654s][info][gc,heap        ] GC(1046) Old regions: 628->628
[455.654s][info][gc,heap        ] GC(1046) Humongous regions: 7->7
[455.654s][info][gc,metaspace   ] GC(1046) Metaspace: 18903K(19072K)->18903K(19072K) NonClass: 17074K(17216K)->17074K(17216K) Class: 1829K(1856K)->1829K(1856K)
[455.654s][info][gc             ] GC(1046) Pause Young (Concurrent Start) (G1 Evacuation Pause) 925M->637M(978M) 7.454ms
[455.654s][info][gc,cpu         ] GC(1046) User=0.02s Sys=0.00s Real=0.01s
[455.654s][info][gc             ] GC(1047) Concurrent Mark Cycle
[455.654s][info][gc,marking     ] GC(1047) Concurrent Scan Root Regions
[455.663s][info][gc,marking     ] GC(1047) Concurrent Scan Root Regions 9.387ms
[455.663s][info][gc,marking     ] GC(1047) Concurrent Mark
[455.663s][info][gc,marking     ] GC(1047) Concurrent Mark From Roots
[455.663s][info][gc,task        ] GC(1047) Using 1 workers of 1 for marking
[456.827s][info][gc,start       ] GC(1048) Pause Young (Normal) (G1 Evacuation Pause)
[456.828s][info][gc,task        ] GC(1048) Using 2 workers of 2 for evacuation
[456.833s][info][gc,phases      ] GC(1048)   Pre Evacuate Collection Set: 0.55ms
[456.833s][info][gc,phases      ] GC(1048)   Merge Heap Roots: 0.15ms
[456.833s][info][gc,phases      ] GC(1048)   Evacuate Collection Set: 4.41ms
[456.833s][info][gc,phases      ] GC(1048)   Post Evacuate Collection Set: 0.59ms
[456.833s][info][gc,phases      ] GC(1048)   Other: 0.15ms
[456.833s][info][gc,heap        ] GC(1048) Eden regions: 287->0(287)
[456.833s][info][gc,heap        ] GC(1048) Survivor regions: 3->3(37)
[456.834s][info][gc,heap        ] GC(1048) Old regions: 628->628
[456.834s][info][gc,heap        ] GC(1048) Humongous regions: 7->7
[456.834s][info][gc,metaspace   ] GC(1048) Metaspace: 18923K(19072K)->18923K(19072K) NonClass: 17094K(17216K)->17094K(17216K) Class: 1829K(1856K)->1829K(1856K)
[456.834s][info][gc             ] GC(1048) Pause Young (Normal) (G1 Evacuation Pause) 924M->637M(978M) 6.086ms
[456.834s][info][gc,cpu         ] GC(1048) User=0.01s Sys=0.00s Real=0.01s
[456.883s][info][gc,marking     ] GC(1047) Concurrent Mark From Roots 1219.613ms
[456.883s][info][gc,marking     ] GC(1047) Concurrent Preclean
[456.883s][info][gc,marking     ] GC(1047) Concurrent Preclean 0.043ms
[456.883s][info][gc,start       ] GC(1047) Pause Remark
[456.893s][info][gc             ] GC(1047) Pause Remark 654M->576M(978M) 9.352ms
[456.893s][info][gc,cpu         ] GC(1047) User=0.02s Sys=0.00s Real=0.01s
[456.893s][info][gc,marking     ] GC(1047) Concurrent Mark 1229.774ms
[456.893s][info][gc,marking     ] GC(1047) Concurrent Rebuild Remembered Sets and Scrub Regions
[457.346s][info][gc,marking     ] GC(1047) Concurrent Rebuild Remembered Sets and Scrub Regions 452.851ms
[457.346s][info][gc,start       ] GC(1047) Pause Cleanup
[457.346s][info][gc             ] GC(1047) Pause Cleanup 760M->760M(978M) 0.165ms
[457.346s][info][gc,cpu         ] GC(1047) User=0.00s Sys=0.00s Real=0.00s
[457.348s][info][gc,marking     ] GC(1047) Concurrent Clear Claimed Marks
[457.348s][info][gc,marking     ] GC(1047) Concurrent Clear Claimed Marks 0.051ms
[457.349s][info][gc,marking     ] GC(1047) Concurrent Cleanup for Next Mark
[457.356s][info][gc,marking     ] GC(1047) Concurrent Cleanup for Next Mark 7.927ms
[457.357s][info][gc             ] GC(1047) Concurrent Mark Cycle 1702.480ms
[457.446s][info][gc,start       ] GC(1049) Pause Young (Prepare Mixed) (G1 Evacuation Pause)
[457.447s][info][gc,task        ] GC(1049) Using 2 workers of 2 for evacuation
[457.527s][info][gc,phases      ] GC(1049)   Pre Evacuate Collection Set: 0.51ms
[457.527s][info][gc,phases      ] GC(1049)   Merge Heap Roots: 0.16ms
[457.527s][info][gc,phases      ] GC(1049)   Evacuate Collection Set: 78.31ms
[457.527s][info][gc,phases      ] GC(1049)   Post Evacuate Collection Set: 0.91ms
[457.527s][info][gc,phases      ] GC(1049)   Other: 0.11ms
[457.527s][info][gc,heap        ] GC(1049) Eden regions: 287->0(256)
[457.527s][info][gc,heap        ] GC(1049) Survivor regions: 3->37(37)
[457.527s][info][gc,heap        ] GC(1049) Old regions: 552->586
[457.527s][info][gc,heap        ] GC(1049) Humongous regions: 5->5
[457.527s][info][gc,metaspace   ] GC(1049) Metaspace: 18932K(19072K)->18932K(19072K) NonClass: 17103K(17216K)->17103K(17216K) Class: 1829K(1856K)->1829K(1856K)
[457.527s][info][gc             ] GC(1049) Pause Young (Prepare Mixed) (G1 Evacuation Pause) 846M->627M(978M) 80.275ms
[457.527s][info][gc,cpu         ] GC(1049) User=0.16s Sys=0.00s Real=0.08s
[457.852s][info][gc,start       ] GC(1050) Pause Young (Mixed) (G1 Evacuation Pause)
[457.852s][info][gc,task        ] GC(1050) Using 2 workers of 2 for evacuation
[458.076s][info][gc,mmu         ] GC(1050) MMU target violated: 201.0ms (200.0ms/201.0ms)
[458.076s][info][gc,phases      ] GC(1050)   Pre Evacuate Collection Set: 0.60ms
[458.076s][info][gc,phases      ] GC(1050)   Merge Heap Roots: 0.79ms
[458.076s][info][gc,phases      ] GC(1050)   Evacuate Collection Set: 199.82ms
[458.076s][info][gc,phases      ] GC(1050)   Post Evacuate Collection Set: 22.20ms
[458.076s][info][gc,phases      ] GC(1050)   Other: 0.15ms
[458.076s][info][gc,heap        ] GC(1050) Eden regions: 256->0(36)
[458.076s][info][gc,heap        ] GC(1050) Survivor regions: 37->37(37)
[458.076s][info][gc,heap        ] GC(1050) Old regions: 586->813
[458.076s][info][gc,heap        ] GC(1050) Humongous regions: 5->5
[458.076s][info][gc,metaspace   ] GC(1050) Metaspace: 18932K(19072K)->18932K(19072K) NonClass: 17103K(17216K)->17103K(17216K) Class: 1829K(1856K)->1829K(1856K)
[458.076s][info][gc             ] GC(1050) Pause Young (Mixed) (G1 Evacuation Pause) (Evacuation Failure: Allocation) 883M->854M(978M) 223.754ms
[458.076s][info][gc,cpu         ] GC(1050) User=0.44s Sys=0.00s Real=0.22s
[458.215s][info][gc,start       ] GC(1051) Pause Young (Concurrent Start) (G1 Humongous Allocation)
[458.215s][info][gc,task        ] GC(1051) Using 2 workers of 2 for evacuation
[458.313s][info][gc,phases      ] GC(1051)   Pre Evacuate Collection Set: 0.51ms
[458.314s][info][gc,phases      ] GC(1051)   Merge Heap Roots: 0.79ms
[458.314s][info][gc,phases      ] GC(1051)   Evacuate Collection Set: 96.02ms
[458.314s][info][gc,phases      ] GC(1051)   Post Evacuate Collection Set: 0.73ms
[458.314s][info][gc,phases      ] GC(1051)   Other: 0.16ms
[458.314s][info][gc,heap        ] GC(1051) Eden regions: 23->0(169)
[458.314s][info][gc,heap        ] GC(1051) Survivor regions: 37->7(10)
[458.314s][info][gc,heap        ] GC(1051) Old regions: 813->715
[458.314s][info][gc,heap        ] GC(1051) Humongous regions: 5->5
[458.314s][info][gc,metaspace   ] GC(1051) Metaspace: 18932K(19072K)->18932K(19072K) NonClass: 17103K(17216K)->17103K(17216K) Class: 1829K(1856K)->1829K(1856K)
[458.314s][info][gc             ] GC(1051) Pause Young (Concurrent Start) (G1 Humongous Allocation) 877M->726M(978M) 98.468ms
[458.314s][info][gc,cpu         ] GC(1051) User=0.20s Sys=0.00s Real=0.10s
[458.314s][info][gc             ] GC(1052) Concurrent Mark Cycle
[458.314s][info][gc,marking     ] GC(1052) Concurrent Scan Root Regions
[458.453s][info][gc,marking     ] GC(1052) Concurrent Scan Root Regions 138.779ms
[458.453s][info][gc,marking     ] GC(1052) Concurrent Mark
[458.453s][info][gc,marking     ] GC(1052) Concurrent Mark From Roots
[458.453s][info][gc,task        ] GC(1052) Using 1 workers of 1 for marking
[458.618s][info][gc,start       ] GC(1053) Pause Young (Normal) (G1 Evacuation Pause)
[458.618s][info][gc,task        ] GC(1053) Using 2 workers of 2 for evacuation
[458.695s][info][gc,phases      ] GC(1053)   Pre Evacuate Collection Set: 0.59ms
[458.695s][info][gc,phases      ] GC(1053)   Merge Heap Roots: 0.95ms
[458.695s][info][gc,phases      ] GC(1053)   Evacuate Collection Set: 74.46ms
[458.695s][info][gc,phases      ] GC(1053)   Post Evacuate Collection Set: 0.91ms
[458.695s][info][gc,phases      ] GC(1053)   Other: 0.11ms
[458.695s][info][gc,heap        ] GC(1053) Eden regions: 169->0(184)
[458.695s][info][gc,heap        ] GC(1053) Survivor regions: 7->20(22)
[458.695s][info][gc,heap        ] GC(1053) Old regions: 715->688
[458.695s][info][gc,heap        ] GC(1053) Humongous regions: 6->6
[458.695s][info][gc,metaspace   ] GC(1053) Metaspace: 18932K(19072K)->18932K(19072K) NonClass: 17103K(17216K)->17103K(17216K) Class: 1829K(1856K)->1829K(1856K)
[458.695s][info][gc             ] GC(1053) Pause Young (Normal) (G1 Evacuation Pause) 896M->712M(978M) 77.333ms
[458.695s][info][gc,cpu         ] GC(1053) User=0.15s Sys=0.00s Real=0.08s
[459.273s][info][gc,start       ] GC(1054) Pause Young (Normal) (G1 Evacuation Pause)
[459.273s][info][gc,task        ] GC(1054) Using 2 workers of 2 for evacuation
[459.391s][info][gc,phases      ] GC(1054)   Pre Evacuate Collection Set: 0.36ms
[459.391s][info][gc,phases      ] GC(1054)   Merge Heap Roots: 1.07ms
[459.391s][info][gc,phases      ] GC(1054)   Evacuate Collection Set: 116.01ms
[459.391s][info][gc,phases      ] GC(1054)   Post Evacuate Collection Set: 1.00ms
[459.391s][info][gc,phases      ] GC(1054)   Other: 0.13ms
[459.391s][info][gc,heap        ] GC(1054) Eden regions: 184->0(148)
[459.391s][info][gc,heap        ] GC(1054) Survivor regions: 20->26(26)
[459.391s][info][gc,heap        ] GC(1054) Old regions: 688->716
[459.391s][info][gc,heap        ] GC(1054) Humongous regions: 9->9
[459.391s][info][gc,metaspace   ] GC(1054) Metaspace: 18941K(19072K)->18941K(19072K) NonClass: 17111K(17216K)->17111K(17216K) Class: 1829K(1856K)->1829K(1856K)
[459.391s][info][gc             ] GC(1054) Pause Young (Normal) (G1 Evacuation Pause) 899M->750M(978M) 118.883ms
[459.391s][info][gc,cpu         ] GC(1054) User=0.24s Sys=0.00s Real=0.12s
[459.784s][info][gc,start       ] GC(1055) Pause Young (Normal) (G1 Evacuation Pause)
[459.784s][info][gc,task        ] GC(1055) Using 2 workers of 2 for evacuation
[459.868s][info][gc,phases      ] GC(1055)   Pre Evacuate Collection Set: 0.34ms
[459.868s][info][gc,phases      ] GC(1055)   Merge Heap Roots: 0.95ms
[459.868s][info][gc,phases      ] GC(1055)   Evacuate Collection Set: 81.24ms
[459.868s][info][gc,phases      ] GC(1055)   Post Evacuate Collection Set: 0.53ms
[459.868s][info][gc,phases      ] GC(1055)   Other: 0.11ms
[459.868s][info][gc,heap        ] GC(1055) Eden regions: 148->0(151)
[459.868s][info][gc,heap        ] GC(1055) Survivor regions: 26->9(22)
[459.868s][info][gc,heap        ] GC(1055) Old regions: 716->742
[459.868s][info][gc,heap        ] GC(1055) Humongous regions: 9->9
[459.868s][info][gc,metaspace   ] GC(1055) Metaspace: 18941K(19072K)->18941K(19072K) NonClass: 17111K(17216K)->17111K(17216K) Class: 1829K(1856K)->1829K(1856K)
[459.868s][info][gc             ] GC(1055) Pause Young (Normal) (G1 Evacuation Pause) 898M->759M(978M) 83.478ms
[459.868s][info][gc,cpu         ] GC(1055) User=0.17s Sys=0.00s Real=0.08s
[460.180s][info][gc,start       ] GC(1056) Pause Young (Normal) (G1 Evacuation Pause)
[460.180s][info][gc,task        ] GC(1056) Using 2 workers of 2 for evacuation
[460.199s][info][gc,phases      ] GC(1056)   Pre Evacuate Collection Set: 0.34ms
[460.199s][info][gc,phases      ] GC(1056)   Merge Heap Roots: 0.18ms
[460.199s][info][gc,phases      ] GC(1056)   Evacuate Collection Set: 17.73ms
[460.199s][info][gc,phases      ] GC(1056)   Post Evacuate Collection Set: 0.43ms
[460.199s][info][gc,phases      ] GC(1056)   Other: 0.13ms
[460.199s][info][gc,heap        ] GC(1056) Eden regions: 151->0(153)
[460.199s][info][gc,heap        ] GC(1056) Survivor regions: 9->12(20)
[460.199s][info][gc,heap        ] GC(1056) Old regions: 742->742
[460.199s][info][gc,heap        ] GC(1056) Humongous regions: 9->9
[460.199s][info][gc,metaspace   ] GC(1056) Metaspace: 18941K(19072K)->18941K(19072K) NonClass: 17111K(17216K)->17111K(17216K) Class: 1829K(1856K)->1829K(1856K)
[460.199s][info][gc             ] GC(1056) Pause Young (Normal) (G1 Evacuation Pause) 910M->762M(978M) 19.081ms
[460.199s][info][gc,cpu         ] GC(1056) User=0.04s Sys=0.00s Real=0.02s
[460.402s][info][gc,start       ] GC(1057) Pause Young (Normal) (G1 Evacuation Pause)
[460.402s][info][gc,task        ] GC(1057) Using 2 workers of 2 for evacuation
[460.458s][info][gc,phases      ] GC(1057)   Pre Evacuate Collection Set: 0.32ms
[460.458s][info][gc,phases      ] GC(1057)   Merge Heap Roots: 0.21ms
[460.458s][info][gc,phases      ] GC(1057)   Evacuate Collection Set: 54.64ms
[460.458s][info][gc,phases      ] GC(1057)   Post Evacuate Collection Set: 0.56ms
[460.458s][info][gc,phases      ] GC(1057)   Other: 0.13ms
[460.458s][info][gc,heap        ] GC(1057) Eden regions: 153->0(114)
[460.458s][info][gc,heap        ] GC(1057) Survivor regions: 12->21(21)
[460.458s][info][gc,heap        ] GC(1057) Old regions: 742->763
[460.458s][info][gc,heap        ] GC(1057) Humongous regions: 9->9
[460.458s][info][gc,metaspace   ] GC(1057) Metaspace: 18941K(19072K)->18941K(19072K) NonClass: 17111K(17216K)->17111K(17216K) Class: 1829K(1856K)->1829K(1856K)
[460.458s][info][gc             ] GC(1057) Pause Young (Normal) (G1 Evacuation Pause) 915M->792M(978M) 56.152ms
[460.458s][info][gc,cpu         ] GC(1057) User=0.11s Sys=0.00s Real=0.05s
[460.581s][info][gc,start       ] GC(1058) Pause Young (Normal) (G1 Evacuation Pause)
[460.581s][info][gc,task        ] GC(1058) Using 2 workers of 2 for evacuation
[460.642s][info][gc,phases      ] GC(1058)   Pre Evacuate Collection Set: 0.62ms
[460.642s][info][gc,phases      ] GC(1058)   Merge Heap Roots: 0.24ms
[460.642s][info][gc,phases      ] GC(1058)   Evacuate Collection Set: 59.70ms
[460.642s][info][gc,phases      ] GC(1058)   Post Evacuate Collection Set: 0.53ms
[460.642s][info][gc,phases      ] GC(1058)   Other: 0.14ms
[460.642s][info][gc,heap        ] GC(1058) Eden regions: 114->0(86)
[460.642s][info][gc,heap        ] GC(1058) Survivor regions: 21->17(17)
[460.642s][info][gc,heap        ] GC(1058) Old regions: 763->799
[460.642s][info][gc,heap        ] GC(1058) Humongous regions: 9->9
[460.642s][info][gc,metaspace   ] GC(1058) Metaspace: 18941K(19072K)->18941K(19072K) NonClass: 17111K(17216K)->17111K(17216K) Class: 1829K(1856K)->1829K(1856K)
[460.642s][info][gc             ] GC(1058) Pause Young (Normal) (G1 Evacuation Pause) 906M->824M(978M) 61.556ms
[460.642s][info][gc,cpu         ] GC(1058) User=0.12s Sys=0.00s Real=0.06s
[460.795s][info][gc,start       ] GC(1059) Pause Young (Normal) (G1 Evacuation Pause)
[460.795s][info][gc,task        ] GC(1059) Using 2 workers of 2 for evacuation
[460.830s][info][gc,phases      ] GC(1059)   Pre Evacuate Collection Set: 0.59ms
[460.830s][info][gc,phases      ] GC(1059)   Merge Heap Roots: 0.31ms
[460.830s][info][gc,phases      ] GC(1059)   Evacuate Collection Set: 33.25ms
[460.830s][info][gc,phases      ] GC(1059)   Post Evacuate Collection Set: 0.54ms
[460.830s][info][gc,phases      ] GC(1059)   Other: 0.12ms
[460.830s][info][gc,heap        ] GC(1059) Eden regions: 86->0(88)
[460.830s][info][gc,heap        ] GC(1059) Survivor regions: 17->7(13)
[460.830s][info][gc,heap        ] GC(1059) Old regions: 799->817
[460.830s][info][gc,heap        ] GC(1059) Humongous regions: 9->9
[460.830s][info][gc,metaspace   ] GC(1059) Metaspace: 18941K(19072K)->18941K(19072K) NonClass: 17111K(17216K)->17111K(17216K) Class: 1829K(1856K)->1829K(1856K)
[460.830s][info][gc             ] GC(1059) Pause Young (Normal) (G1 Evacuation Pause) 910M->831M(978M) 35.084ms
[460.830s][info][gc,cpu         ] GC(1059) User=0.07s Sys=0.00s Real=0.03s
[460.945s][info][gc,start       ] GC(1060) Pause Young (Normal) (G1 Evacuation Pause)
[460.945s][info][gc,task        ] GC(1060) Using 2 workers of 2 for evacuation
[460.979s][info][gc,phases      ] GC(1060)   Pre Evacuate Collection Set: 0.56ms
[460.979s][info][gc,phases      ] GC(1060)   Merge Heap Roots: 0.35ms
[460.979s][info][gc,phases      ] GC(1060)   Evacuate Collection Set: 31.51ms
[460.979s][info][gc,phases      ] GC(1060)   Post Evacuate Collection Set: 0.54ms
[460.979s][info][gc,phases      ] GC(1060)   Other: 0.11ms
[460.979s][info][gc,heap        ] GC(1060) Eden regions: 88->0(75)
[460.979s][info][gc,heap        ] GC(1060) Survivor regions: 7->12(12)
[460.979s][info][gc,heap        ] GC(1060) Old regions: 817->819
[460.979s][info][gc,heap        ] GC(1060) Humongous regions: 10->10
[460.979s][info][gc,metaspace   ] GC(1060) Metaspace: 18941K(19072K)->18941K(19072K) NonClass: 17111K(17216K)->17111K(17216K) Class: 1829K(1856K)->1829K(1856K)
[460.979s][info][gc             ] GC(1060) Pause Young (Normal) (G1 Evacuation Pause) 920M->840M(978M) 33.356ms
[460.979s][info][gc,cpu         ] GC(1060) User=0.06s Sys=0.01s Real=0.03s
[461.099s][info][gc,start       ] GC(1061) Pause Young (Normal) (G1 Evacuation Pause)
[461.099s][info][gc,task        ] GC(1061) Using 2 workers of 2 for evacuation
[461.130s][info][gc,phases      ] GC(1061)   Pre Evacuate Collection Set: 0.34ms
[461.130s][info][gc,phases      ] GC(1061)   Merge Heap Roots: 0.35ms
[461.130s][info][gc,phases      ] GC(1061)   Evacuate Collection Set: 29.94ms
[461.130s][info][gc,phases      ] GC(1061)   Post Evacuate Collection Set: 0.40ms
[461.130s][info][gc,phases      ] GC(1061)   Other: 0.10ms
[461.130s][info][gc,heap        ] GC(1061) Eden regions: 75->0(78)
[461.130s][info][gc,heap        ] GC(1061) Survivor regions: 12->4(11)
[461.130s][info][gc,heap        ] GC(1061) Old regions: 819->832
[461.130s][info][gc,heap        ] GC(1061) Humongous regions: 10->10
[461.130s][info][gc,metaspace   ] GC(1061) Metaspace: 18941K(19072K)->18941K(19072K) NonClass: 17111K(17216K)->17111K(17216K) Class: 1829K(1856K)->1829K(1856K)
[461.130s][info][gc             ] GC(1061) Pause Young (Normal) (G1 Evacuation Pause) 915M->844M(978M) 31.462ms
[461.130s][info][gc,cpu         ] GC(1061) User=0.06s Sys=0.00s Real=0.03s
[461.211s][info][gc,marking     ] GC(1052) Concurrent Mark From Roots 2758.157ms
[461.211s][info][gc,marking     ] GC(1052) Concurrent Preclean
[461.211s][info][gc,marking     ] GC(1052) Concurrent Preclean 0.039ms
[461.211s][info][gc,start       ] GC(1052) Pause Remark
[461.221s][info][gc             ] GC(1052) Pause Remark 892M->892M(978M) 10.121ms
[461.221s][info][gc,cpu         ] GC(1052) User=0.01s Sys=0.00s Real=0.01s
[461.221s][info][gc,marking     ] GC(1052) Concurrent Mark 2768.724ms
[461.221s][info][gc,marking     ] GC(1052) Concurrent Rebuild Remembered Sets and Scrub Regions
[461.278s][info][gc,start       ] GC(1062) Pause Young (Normal) (G1 Evacuation Pause)
[461.279s][info][gc,task        ] GC(1062) Using 2 workers of 2 for evacuation
[461.286s][info][gc,phases      ] GC(1062)   Pre Evacuate Collection Set: 0.34ms
[461.286s][info][gc,phases      ] GC(1062)   Merge Heap Roots: 0.11ms
[461.286s][info][gc,phases      ] GC(1062)   Evacuate Collection Set: 6.58ms
[461.286s][info][gc,phases      ] GC(1062)   Post Evacuate Collection Set: 0.37ms
[461.286s][info][gc,phases      ] GC(1062)   Other: 0.10ms
[461.286s][info][gc,heap        ] GC(1062) Eden regions: 78->0(78)
[461.286s][info][gc,heap        ] GC(1062) Survivor regions: 4->4(11)
[461.286s][info][gc,heap        ] GC(1062) Old regions: 832->832
[461.286s][info][gc,heap        ] GC(1062) Humongous regions: 10->10
[461.286s][info][gc,metaspace   ] GC(1062) Metaspace: 18941K(19072K)->18941K(19072K) NonClass: 17111K(17216K)->17111K(17216K) Class: 1829K(1856K)->1829K(1856K)
[461.286s][info][gc             ] GC(1062) Pause Young (Normal) (G1 Evacuation Pause) 922M->845M(978M) 7.826ms
[461.286s][info][gc,cpu         ] GC(1062) User=0.01s Sys=0.00s Real=0.01s
[461.412s][info][gc,start       ] GC(1063) Pause Young (Normal) (G1 Evacuation Pause)
[461.412s][info][gc,task        ] GC(1063) Using 2 workers of 2 for evacuation
[461.422s][info][gc,phases      ] GC(1063)   Pre Evacuate Collection Set: 0.57ms
[461.422s][info][gc,phases      ] GC(1063)   Merge Heap Roots: 0.11ms
[461.422s][info][gc,phases      ] GC(1063)   Evacuate Collection Set: 8.74ms
[461.422s][info][gc,phases      ] GC(1063)   Post Evacuate Collection Set: 0.39ms
[461.422s][info][gc,phases      ] GC(1063)   Other: 0.11ms
[461.422s][info][gc,heap        ] GC(1063) Eden regions: 78->0(74)
[461.422s][info][gc,heap        ] GC(1063) Survivor regions: 4->6(11)
[461.422s][info][gc,heap        ] GC(1063) Old regions: 832->832
[461.422s][info][gc,heap        ] GC(1063) Humongous regions: 10->10
[461.422s][info][gc,metaspace   ] GC(1063) Metaspace: 18941K(19072K)->18941K(19072K) NonClass: 17111K(17216K)->17111K(17216K) Class: 1829K(1856K)->1829K(1856K)
[461.422s][info][gc             ] GC(1063) Pause Young (Normal) (G1 Evacuation Pause) 923M->847M(978M) 10.206ms
[461.422s][info][gc,cpu         ] GC(1063) User=0.02s Sys=0.00s Real=0.01s
[461.481s][info][gc,start       ] GC(1064) Pause Young (Normal) (G1 Evacuation Pause)
[461.481s][info][gc,task        ] GC(1064) Using 2 workers of 2 for evacuation
[461.494s][info][gc,phases      ] GC(1064)   Pre Evacuate Collection Set: 0.56ms
[461.495s][info][gc,phases      ] GC(1064)   Merge Heap Roots: 0.11ms
[461.495s][info][gc,phases      ] GC(1064)   Evacuate Collection Set: 11.96ms
[461.495s][info][gc,phases      ] GC(1064)   Post Evacuate Collection Set: 0.38ms
[461.495s][info][gc,phases      ] GC(1064)   Other: 0.15ms
[461.495s][info][gc,heap        ] GC(1064) Eden regions: 74->0(73)
[461.495s][info][gc,heap        ] GC(1064) Survivor regions: 6->5(10)
[461.495s][info][gc,heap        ] GC(1064) Old regions: 832->835
[461.495s][info][gc,heap        ] GC(1064) Humongous regions: 10->10
[461.495s][info][gc,metaspace   ] GC(1064) Metaspace: 18941K(19072K)->18941K(19072K) NonClass: 17111K(17216K)->17111K(17216K) Class: 1829K(1856K)->1829K(1856K)
[461.495s][info][gc             ] GC(1064) Pause Young (Normal) (G1 Evacuation Pause) 921M->849M(978M) 13.410ms
[461.495s][info][gc,cpu         ] GC(1064) User=0.03s Sys=0.00s Real=0.01s
[461.628s][info][gc,start       ] GC(1065) Pause Young (Normal) (G1 Evacuation Pause)
[461.628s][info][gc,task        ] GC(1065) Using 2 workers of 2 for evacuation
[461.639s][info][gc,phases      ] GC(1065)   Pre Evacuate Collection Set: 0.62ms
[461.639s][info][gc,phases      ] GC(1065)   Merge Heap Roots: 0.11ms
[461.639s][info][gc,phases      ] GC(1065)   Evacuate Collection Set: 9.65ms
[461.639s][info][gc,phases      ] GC(1065)   Post Evacuate Collection Set: 0.40ms
[461.639s][info][gc,phases      ] GC(1065)   Other: 0.12ms
[461.639s][info][gc,heap        ] GC(1065) Eden regions: 73->0(71)
[461.639s][info][gc,heap        ] GC(1065) Survivor regions: 5->6(10)
[461.639s][info][gc,heap        ] GC(1065) Old regions: 835->835
[461.639s][info][gc,heap        ] GC(1065) Humongous regions: 10->10
[461.639s][info][gc,metaspace   ] GC(1065) Metaspace: 18941K(19072K)->18941K(19072K) NonClass: 17111K(17216K)->17111K(17216K) Class: 1829K(1856K)->1829K(1856K)
[461.639s][info][gc             ] GC(1065) Pause Young (Normal) (G1 Evacuation Pause) 922M->850M(978M) 11.139ms
[461.639s][info][gc,cpu         ] GC(1065) User=0.02s Sys=0.00s Real=0.01s
[461.812s][info][gc,start       ] GC(1066) Pause Young (Normal) (G1 Evacuation Pause)
[461.813s][info][gc,task        ] GC(1066) Using 2 workers of 2 for evacuation
[461.825s][info][gc,phases      ] GC(1066)   Pre Evacuate Collection Set: 0.33ms
[461.825s][info][gc,phases      ] GC(1066)   Merge Heap Roots: 0.13ms
[461.825s][info][gc,phases      ] GC(1066)   Evacuate Collection Set: 11.71ms
[461.825s][info][gc,phases      ] GC(1066)   Post Evacuate Collection Set: 0.44ms
[461.825s][info][gc,phases      ] GC(1066)   Other: 0.13ms
[461.825s][info][gc,heap        ] GC(1066) Eden regions: 71->0(68)
[461.825s][info][gc,heap        ] GC(1066) Survivor regions: 6->6(10)
[461.825s][info][gc,heap        ] GC(1066) Old regions: 835->838
[461.825s][info][gc,heap        ] GC(1066) Humongous regions: 10->10
[461.826s][info][gc,metaspace   ] GC(1066) Metaspace: 18941K(19072K)->18941K(19072K) NonClass: 17111K(17216K)->17111K(17216K) Class: 1829K(1856K)->1829K(1856K)
[461.826s][info][gc             ] GC(1066) Pause Young (Normal) (G1 Evacuation Pause) 921M->852M(978M) 13.138ms
[461.826s][info][gc,cpu         ] GC(1066) User=0.03s Sys=0.00s Real=0.01s
[462.261s][info][gc,start       ] GC(1067) Pause Young (Normal) (G1 Evacuation Pause)
[462.262s][info][gc,task        ] GC(1067) Using 2 workers of 2 for evacuation
[462.272s][info][gc,phases      ] GC(1067)   Pre Evacuate Collection Set: 0.57ms
[462.272s][info][gc,phases      ] GC(1067)   Merge Heap Roots: 0.17ms
[462.272s][info][gc,phases      ] GC(1067)   Evacuate Collection Set: 9.25ms
[462.272s][info][gc,phases      ] GC(1067)   Post Evacuate Collection Set: 0.37ms
[462.272s][info][gc,phases      ] GC(1067)   Other: 0.12ms
[462.272s][info][gc,heap        ] GC(1067) Eden regions: 68->0(68)
[462.272s][info][gc,heap        ] GC(1067) Survivor regions: 6->6(10)
[462.272s][info][gc,heap        ] GC(1067) Old regions: 838->838
[462.272s][info][gc,heap        ] GC(1067) Humongous regions: 10->10
[462.272s][info][gc,metaspace   ] GC(1067) Metaspace: 18941K(19072K)->18941K(19072K) NonClass: 17111K(17216K)->17111K(17216K) Class: 1829K(1856K)->1829K(1856K)
[462.272s][info][gc             ] GC(1067) Pause Young (Normal) (G1 Evacuation Pause) 920M->853M(978M) 10.771ms
[462.272s][info][gc,cpu         ] GC(1067) User=0.02s Sys=0.00s Real=0.01s
[462.313s][info][gc,marking     ] GC(1052) Concurrent Rebuild Remembered Sets and Scrub Regions 1091.415ms
[462.315s][info][gc,start       ] GC(1052) Pause Cleanup
[462.315s][info][gc             ] GC(1052) Pause Cleanup 866M->866M(978M) 0.256ms
[462.315s][info][gc,cpu         ] GC(1052) User=0.00s Sys=0.00s Real=0.00s
[462.315s][info][gc,marking     ] GC(1052) Concurrent Clear Claimed Marks
[462.315s][info][gc,marking     ] GC(1052) Concurrent Clear Claimed Marks 0.069ms
[462.315s][info][gc,marking     ] GC(1052) Concurrent Cleanup for Next Mark
[462.320s][info][gc,marking     ] GC(1052) Concurrent Cleanup for Next Mark 5.194ms
[462.320s][info][gc             ] GC(1052) Concurrent Mark Cycle 4006.625ms
[462.445s][info][gc,start       ] GC(1068) Pause Young (Prepare Mixed) (G1 Evacuation Pause)
[462.445s][info][gc,task        ] GC(1068) Using 2 workers of 2 for evacuation
[462.455s][info][gc,phases      ] GC(1068)   Pre Evacuate Collection Set: 0.35ms
[462.455s][info][gc,phases      ] GC(1068)   Merge Heap Roots: 0.18ms
[462.455s][info][gc,phases      ] GC(1068)   Evacuate Collection Set: 8.79ms
[462.455s][info][gc,phases      ] GC(1068)   Post Evacuate Collection Set: 0.45ms
[462.455s][info][gc,phases      ] GC(1068)   Other: 0.12ms
[462.455s][info][gc,heap        ] GC(1068) Eden regions: 68->0(70)
[462.455s][info][gc,heap        ] GC(1068) Survivor regions: 6->4(10)
[462.455s][info][gc,heap        ] GC(1068) Old regions: 838->840
[462.455s][info][gc,heap        ] GC(1068) Humongous regions: 10->10
[462.455s][info][gc,metaspace   ] GC(1068) Metaspace: 18942K(19072K)->18942K(19072K) NonClass: 17112K(17216K)->17112K(17216K) Class: 1829K(1856K)->1829K(1856K)
[462.455s][info][gc             ] GC(1068) Pause Young (Prepare Mixed) (G1 Evacuation Pause) 921M->853M(978M) 10.175ms
[462.455s][info][gc,cpu         ] GC(1068) User=0.02s Sys=0.00s Real=0.01s
[462.606s][info][gc,start       ] GC(1069) Pause Young (Mixed) (G1 Evacuation Pause)
[462.606s][info][gc,task        ] GC(1069) Using 2 workers of 2 for evacuation
[462.662s][info][gc,phases      ] GC(1069)   Pre Evacuate Collection Set: 0.59ms
[462.662s][info][gc,phases      ] GC(1069)   Merge Heap Roots: 0.73ms
[462.662s][info][gc,phases      ] GC(1069)   Evacuate Collection Set: 54.35ms
[462.662s][info][gc,phases      ] GC(1069)   Post Evacuate Collection Set: 0.39ms
[462.662s][info][gc,phases      ] GC(1069)   Other: 0.09ms
[462.662s][info][gc,heap        ] GC(1069) Eden regions: 70->0(55)
[462.662s][info][gc,heap        ] GC(1069) Survivor regions: 4->10(10)
[462.662s][info][gc,heap        ] GC(1069) Old regions: 840->843
[462.662s][info][gc,heap        ] GC(1069) Humongous regions: 10->10
[462.662s][info][gc,metaspace   ] GC(1069) Metaspace: 18942K(19072K)->18942K(19072K) NonClass: 17112K(17216K)->17112K(17216K) Class: 1829K(1856K)->1829K(1856K)
[462.663s][info][gc             ] GC(1069) Pause Young (Mixed) (G1 Evacuation Pause) 923M->862M(978M) 56.500ms
[462.663s][info][gc,cpu         ] GC(1069) User=0.11s Sys=0.00s Real=0.06s
[462.748s][info][gc,start       ] GC(1070) Pause Young (Concurrent Start) (G1 Evacuation Pause)
[462.748s][info][gc,task        ] GC(1070) Using 2 workers of 2 for evacuation
[462.782s][info][gc,phases      ] GC(1070)   Pre Evacuate Collection Set: 0.42ms
[462.782s][info][gc,phases      ] GC(1070)   Merge Heap Roots: 0.10ms
[462.782s][info][gc,phases      ] GC(1070)   Evacuate Collection Set: 32.05ms
[462.782s][info][gc,phases      ] GC(1070)   Post Evacuate Collection Set: 0.47ms
[462.782s][info][gc,phases      ] GC(1070)   Other: 0.27ms
[462.782s][info][gc,heap        ] GC(1070) Eden regions: 55->0(39)
[462.782s][info][gc,heap        ] GC(1070) Survivor regions: 10->9(9)
[462.782s][info][gc,heap        ] GC(1070) Old regions: 843->862
[462.782s][info][gc,heap        ] GC(1070) Humongous regions: 10->10
[462.782s][info][gc,metaspace   ] GC(1070) Metaspace: 18944K(19072K)->18944K(19072K) NonClass: 17114K(17216K)->17114K(17216K) Class: 1829K(1856K)->1829K(1856K)
[462.782s][info][gc             ] GC(1070) Pause Young (Concurrent Start) (G1 Evacuation Pause) 917M->880M(978M) 33.562ms
[462.782s][info][gc,cpu         ] GC(1070) User=0.06s Sys=0.00s Real=0.04s
[462.782s][info][gc             ] GC(1071) Concurrent Mark Cycle
[462.785s][info][gc,marking     ] GC(1071) Concurrent Scan Root Regions
[462.836s][info][gc,marking     ] GC(1071) Concurrent Scan Root Regions 51.567ms
[462.836s][info][gc,marking     ] GC(1071) Concurrent Mark
[462.836s][info][gc,marking     ] GC(1071) Concurrent Mark From Roots
[462.836s][info][gc,task        ] GC(1071) Using 1 workers of 1 for marking
[462.838s][info][gc,start       ] GC(1072) Pause Young (Normal) (G1 Evacuation Pause)
[462.838s][info][gc,task        ] GC(1072) Using 2 workers of 2 for evacuation
[462.865s][info][gc,phases      ] GC(1072)   Pre Evacuate Collection Set: 0.58ms
[462.865s][info][gc,phases      ] GC(1072)   Merge Heap Roots: 0.10ms
[462.865s][info][gc,phases      ] GC(1072)   Evacuate Collection Set: 25.87ms
[462.865s][info][gc,phases      ] GC(1072)   Post Evacuate Collection Set: 0.42ms
[462.865s][info][gc,phases      ] GC(1072)   Other: 0.11ms
[462.865s][info][gc,heap        ] GC(1072) Eden regions: 39->0(42)
[462.865s][info][gc,heap        ] GC(1072) Survivor regions: 9->6(6)
[462.865s][info][gc,heap        ] GC(1072) Old regions: 862->882
[462.865s][info][gc,heap        ] GC(1072) Humongous regions: 10->10
[462.865s][info][gc,metaspace   ] GC(1072) Metaspace: 18944K(19072K)->18944K(19072K) NonClass: 17114K(17216K)->17114K(17216K) Class: 1829K(1856K)->1829K(1856K)
[462.865s][info][gc             ] GC(1072) Pause Young (Normal) (G1 Evacuation Pause) 919M->897M(978M) 27.287ms
[462.865s][info][gc,cpu         ] GC(1072) User=0.06s Sys=0.00s Real=0.03s
[462.931s][info][gc,start       ] GC(1073) Pause Young (Normal) (G1 Evacuation Pause)
[462.931s][info][gc,task        ] GC(1073) Using 2 workers of 2 for evacuation
[462.958s][info][gc,phases      ] GC(1073)   Pre Evacuate Collection Set: 0.37ms
[462.958s][info][gc,phases      ] GC(1073)   Merge Heap Roots: 0.17ms
[462.958s][info][gc,phases      ] GC(1073)   Evacuate Collection Set: 25.37ms
[462.958s][info][gc,phases      ] GC(1073)   Post Evacuate Collection Set: 0.45ms
[462.958s][info][gc,phases      ] GC(1073)   Other: 0.11ms
[462.958s][info][gc,heap        ] GC(1073) Eden regions: 42->0(42)
[462.958s][info][gc,heap        ] GC(1073) Survivor regions: 6->6(6)
[462.958s][info][gc,heap        ] GC(1073) Old regions: 882->900
[462.958s][info][gc,heap        ] GC(1073) Humongous regions: 10->10
[462.958s][info][gc,metaspace   ] GC(1073) Metaspace: 18944K(19072K)->18944K(19072K) NonClass: 17114K(17216K)->17114K(17216K) Class: 1829K(1856K)->1829K(1856K)
[462.958s][info][gc             ] GC(1073) Pause Young (Normal) (G1 Evacuation Pause) 939M->915M(978M) 26.728ms
[462.958s][info][gc,cpu         ] GC(1073) User=0.05s Sys=0.00s Real=0.02s
[463.136s][info][gc,start       ] GC(1074) Pause Young (Normal) (G1 Evacuation Pause)
[463.136s][info][gc,task        ] GC(1074) Using 2 workers of 2 for evacuation
[463.172s][info][gc,phases      ] GC(1074)   Pre Evacuate Collection Set: 0.35ms
[463.172s][info][gc,phases      ] GC(1074)   Merge Heap Roots: 0.31ms
[463.172s][info][gc,phases      ] GC(1074)   Evacuate Collection Set: 34.44ms
[463.172s][info][gc,phases      ] GC(1074)   Post Evacuate Collection Set: 0.47ms
[463.172s][info][gc,phases      ] GC(1074)   Other: 0.10ms
[463.172s][info][gc,heap        ] GC(1074) Eden regions: 42->0(42)
[463.172s][info][gc,heap        ] GC(1074) Survivor regions: 6->6(6)
[463.172s][info][gc,heap        ] GC(1074) Old regions: 900->910
[463.172s][info][gc,heap        ] GC(1074) Humongous regions: 11->11
[463.172s][info][gc,metaspace   ] GC(1074) Metaspace: 18945K(19072K)->18945K(19072K) NonClass: 17115K(17216K)->17115K(17216K) Class: 1829K(1856K)->1829K(1856K)
[463.172s][info][gc             ] GC(1074) Pause Young (Normal) (G1 Evacuation Pause) 958M->926M(978M) 35.950ms
[463.172s][info][gc,cpu         ] GC(1074) User=0.06s Sys=0.00s Real=0.04s
[463.234s][info][gc,start       ] GC(1075) Pause Young (Normal) (G1 Evacuation Pause)
[463.234s][info][gc,task        ] GC(1075) Using 2 workers of 2 for evacuation
[463.257s][info][gc,phases      ] GC(1075)   Pre Evacuate Collection Set: 0.32ms
[463.257s][info][gc,phases      ] GC(1075)   Merge Heap Roots: 0.34ms
[463.257s][info][gc,phases      ] GC(1075)   Evacuate Collection Set: 22.34ms
[463.257s][info][gc,phases      ] GC(1075)   Post Evacuate Collection Set: 0.61ms
[463.257s][info][gc,phases      ] GC(1075)   Other: 0.10ms
[463.257s][info][gc,heap        ] GC(1075) Eden regions: 42->0(38)
[463.257s][info][gc,heap        ] GC(1075) Survivor regions: 6->3(6)
[463.257s][info][gc,heap        ] GC(1075) Old regions: 910->923
[463.257s][info][gc,heap        ] GC(1075) Humongous regions: 11->11
[463.257s][info][gc,metaspace   ] GC(1075) Metaspace: 18945K(19072K)->18945K(19072K) NonClass: 17115K(17216K)->17115K(17216K) Class: 1829K(1856K)->1829K(1856K)
[463.258s][info][gc             ] GC(1075) Pause Young (Normal) (G1 Evacuation Pause) (Evacuation Failure: Allocation) 968M->936M(978M) 23.990ms
[463.258s][info][gc,cpu         ] GC(1075) User=0.04s Sys=0.00s Real=0.02s
[463.343s][info][gc,start       ] GC(1076) Pause Young (Normal) (G1 Evacuation Pause)
[463.343s][info][gc,task        ] GC(1076) Using 2 workers of 2 for evacuation
[463.356s][info][gc,phases      ] GC(1076)   Pre Evacuate Collection Set: 0.58ms
[463.356s][info][gc,phases      ] GC(1076)   Merge Heap Roots: 0.18ms
[463.356s][info][gc,phases      ] GC(1076)   Evacuate Collection Set: 10.86ms
[463.356s][info][gc,phases      ] GC(1076)   Post Evacuate Collection Set: 1.48ms
[463.356s][info][gc,phases      ] GC(1076)   Other: 0.11ms
[463.356s][info][gc,heap        ] GC(1076) Eden regions: 38->0(15)
[463.356s][info][gc,heap        ] GC(1076) Survivor regions: 3->2(3)
[463.356s][info][gc,heap        ] GC(1076) Old regions: 923->948
[463.356s][info][gc,heap        ] GC(1076) Humongous regions: 11->11
[463.356s][info][gc,metaspace   ] GC(1076) Metaspace: 18945K(19072K)->18945K(19072K) NonClass: 17115K(17216K)->17115K(17216K) Class: 1829K(1856K)->1829K(1856K)
[463.356s][info][gc             ] GC(1076) Pause Young (Normal) (G1 Evacuation Pause) (Evacuation Failure: Allocation) 974M->960M(978M) 13.461ms
[463.356s][info][gc,cpu         ] GC(1076) User=0.02s Sys=0.00s Real=0.01s
[463.406s][info][gc,start       ] GC(1077) Pause Young (Normal) (G1 Evacuation Pause)
[463.406s][info][gc,task        ] GC(1077) Using 2 workers of 2 for evacuation
[463.416s][info][gc,phases      ] GC(1077)   Pre Evacuate Collection Set: 0.60ms
[463.416s][info][gc,phases      ] GC(1077)   Merge Heap Roots: 0.12ms
[463.416s][info][gc,phases      ] GC(1077)   Evacuate Collection Set: 7.16ms
[463.416s][info][gc,phases      ] GC(1077)   Post Evacuate Collection Set: 1.64ms
[463.416s][info][gc,phases      ] GC(1077)   Other: 0.10ms
[463.416s][info][gc,heap        ] GC(1077) Eden regions: 15->0(14)
[463.416s][info][gc,heap        ] GC(1077) Survivor regions: 2->1(2)
[463.416s][info][gc,heap        ] GC(1077) Old regions: 948->951
[463.416s][info][gc,heap        ] GC(1077) Humongous regions: 11->11
[463.416s][info][gc,metaspace   ] GC(1077) Metaspace: 18945K(19072K)->18945K(19072K) NonClass: 17115K(17216K)->17115K(17216K) Class: 1829K(1856K)->1829K(1856K)
[463.416s][info][gc             ] GC(1077) Pause Young (Normal) (G1 Evacuation Pause) (Evacuation Failure: Allocation) 975M->962M(978M) 9.869ms
[463.416s][info][gc,cpu         ] GC(1077) User=0.02s Sys=0.00s Real=0.01s
[463.456s][info][gc,start       ] GC(1078) Pause Young (Normal) (G1 Evacuation Pause)
[463.456s][info][gc,task        ] GC(1078) Using 2 workers of 2 for evacuation
[463.466s][info][gc,phases      ] GC(1078)   Pre Evacuate Collection Set: 0.60ms
[463.466s][info][gc,phases      ] GC(1078)   Merge Heap Roots: 0.10ms
[463.466s][info][gc,phases      ] GC(1078)   Evacuate Collection Set: 7.22ms
[463.466s][info][gc,phases      ] GC(1078)   Post Evacuate Collection Set: 2.09ms
[463.466s][info][gc,phases      ] GC(1078)   Other: 0.10ms
[463.466s][info][gc,heap        ] GC(1078) Eden regions: 14->0(3)
[463.466s][info][gc,heap        ] GC(1078) Survivor regions: 1->1(1)
[463.466s][info][gc,heap        ] GC(1078) Old regions: 951->962
[463.466s][info][gc,heap        ] GC(1078) Humongous regions: 11->11
[463.466s][info][gc,metaspace   ] GC(1078) Metaspace: 18945K(19072K)->18945K(19072K) NonClass: 17115K(17216K)->17115K(17216K) Class: 1829K(1856K)->1829K(1856K)
[463.466s][info][gc             ] GC(1078) Pause Young (Normal) (G1 Evacuation Pause) (Evacuation Failure: Allocation) 976M->973M(978M) 10.384ms
[463.466s][info][gc,cpu         ] GC(1078) User=0.02s Sys=0.00s Real=0.01s
[463.472s][info][gc,start       ] GC(1079) Pause Young (Normal) (G1 Evacuation Pause)
[463.472s][info][gc,task        ] GC(1079) Using 2 workers of 2 for evacuation
[463.483s][info][gc,phases      ] GC(1079)   Pre Evacuate Collection Set: 0.36ms
[463.483s][info][gc,phases      ] GC(1079)   Merge Heap Roots: 0.09ms
[463.483s][info][gc,phases      ] GC(1079)   Evacuate Collection Set: 7.80ms
[463.483s][info][gc,phases      ] GC(1079)   Post Evacuate Collection Set: 2.36ms
[463.483s][info][gc,phases      ] GC(1079)   Other: 0.12ms
[463.483s][info][gc,heap        ] GC(1079) Eden regions: 3->0(2)
[463.483s][info][gc,heap        ] GC(1079) Survivor regions: 1->1(1)
[463.483s][info][gc,heap        ] GC(1079) Old regions: 962->963
[463.483s][info][gc,heap        ] GC(1079) Humongous regions: 11->11
[463.483s][info][gc,metaspace   ] GC(1079) Metaspace: 18945K(19072K)->18945K(19072K) NonClass: 17115K(17216K)->17115K(17216K) Class: 1829K(1856K)->1829K(1856K)
[463.483s][info][gc             ] GC(1079) Pause Young (Normal) (G1 Evacuation Pause) (Evacuation Failure: Allocation) 976M->974M(978M) 10.973ms
[463.483s][info][gc,cpu         ] GC(1079) User=0.02s Sys=0.00s Real=0.01s
[463.489s][info][gc,start       ] GC(1080) Pause Young (Normal) (G1 Evacuation Pause)
[463.489s][info][gc,task        ] GC(1080) Using 2 workers of 2 for evacuation
[463.500s][info][gc,phases      ] GC(1080)   Pre Evacuate Collection Set: 0.37ms
[463.501s][info][gc,phases      ] GC(1080)   Merge Heap Roots: 0.10ms
[463.501s][info][gc,phases      ] GC(1080)   Evacuate Collection Set: 8.18ms
[463.501s][info][gc,phases      ] GC(1080)   Post Evacuate Collection Set: 2.41ms
[463.501s][info][gc,phases      ] GC(1080)   Other: 0.09ms
[463.501s][info][gc,heap        ] GC(1080) Eden regions: 2->0(1)
[463.501s][info][gc,heap        ] GC(1080) Survivor regions: 1->1(1)
[463.501s][info][gc,heap        ] GC(1080) Old regions: 963->964
[463.501s][info][gc,heap        ] GC(1080) Humongous regions: 11->11
[463.501s][info][gc,metaspace   ] GC(1080) Metaspace: 18945K(19072K)->18945K(19072K) NonClass: 17115K(17216K)->17115K(17216K) Class: 1829K(1856K)->1829K(1856K)
[463.501s][info][gc             ] GC(1080) Pause Young (Normal) (G1 Evacuation Pause) (Evacuation Failure: Allocation) 976M->975M(978M) 11.381ms
[463.501s][info][gc,cpu         ] GC(1080) User=0.02s Sys=0.00s Real=0.02s
[463.509s][info][gc,start       ] GC(1081) Pause Young (Normal) (G1 Evacuation Pause)
[463.509s][info][gc,task        ] GC(1081) Using 2 workers of 2 for evacuation
[463.521s][info][gc,phases      ] GC(1081)   Pre Evacuate Collection Set: 0.36ms
[463.521s][info][gc,phases      ] GC(1081)   Merge Heap Roots: 0.17ms
[463.521s][info][gc,phases      ] GC(1081)   Evacuate Collection Set: 8.77ms
[463.521s][info][gc,phases      ] GC(1081)   Post Evacuate Collection Set: 2.58ms
[463.521s][info][gc,phases      ] GC(1081)   Other: 0.08ms
[463.521s][info][gc,heap        ] GC(1081) Eden regions: 1->0(0)
[463.521s][info][gc,heap        ] GC(1081) Survivor regions: 1->1(1)
[463.521s][info][gc,heap        ] GC(1081) Old regions: 964->965
[463.521s][info][gc,heap        ] GC(1081) Humongous regions: 11->11
[463.521s][info][gc,metaspace   ] GC(1081) Metaspace: 18945K(19072K)->18945K(19072K) NonClass: 17115K(17216K)->17115K(17216K) Class: 1829K(1856K)->1829K(1856K)
[463.521s][info][gc             ] GC(1081) Pause Young (Normal) (G1 Evacuation Pause) (Evacuation Failure: Allocation) 976M->975M(978M) 12.235ms
[463.521s][info][gc,cpu         ] GC(1081) User=0.03s Sys=0.00s Real=0.02s
[463.521s][info][gc,ergo        ] Attempting full compaction
[463.521s][info][gc,start       ] GC(1082) Pause Full (G1 Compaction Pause)
[463.521s][info][gc,task        ] GC(1082) Using 2 workers of 2 for full compaction
[463.523s][info][gc,phases,start] GC(1082) Phase 1: Mark live objects
[463.804s][info][metaspace      ] ChkMgr @0x00007f59a415e580 (non-class-space): : reclaiming memory...
[463.804s][info][metaspace      ] ChkMgr @0x00007f59a415e580 (non-class-space): nothing reclaimed.
[463.804s][info][metaspace      ] ChkMgr @0x00007f59a415c690 (class-space): : reclaiming memory...
[463.804s][info][metaspace      ] ChkMgr @0x00007f59a415c690 (class-space): nothing reclaimed.
[463.804s][info][gc,phases      ] GC(1082) Phase 1: Mark live objects 281.319ms
[463.804s][info][gc,phases,start] GC(1082) Phase 2: Prepare compaction
[463.822s][info][gc,phases      ] GC(1082) Phase 2: Prepare compaction 18.042ms
[463.822s][info][gc,phases,start] GC(1082) Phase 3: Adjust pointers
[463.940s][info][gc,phases      ] GC(1082) Phase 3: Adjust pointers 117.679ms
[463.940s][info][gc,phases,start] GC(1082) Phase 4: Compact heap
[463.963s][info][gc,phases      ] GC(1082) Phase 4: Compact heap 22.515ms
[463.963s][info][gc,phases,start] GC(1082) Phase 5: Reset Metadata
[464.009s][info][gc,phases      ] GC(1082) Phase 5: Reset Metadata 45.832ms
[464.019s][info][gc,heap        ] GC(1082) Eden regions: 0->0(427)
[464.019s][info][gc,heap        ] GC(1082) Survivor regions: 1->0(1)
[464.019s][info][gc,heap        ] GC(1082) Old regions: 965->320
[464.019s][info][gc,heap        ] GC(1082) Humongous regions: 11->4
[464.019s][info][gc,metaspace   ] GC(1082) Metaspace: 18945K(19072K)->18936K(19072K) NonClass: 17115K(17216K)->17106K(17216K) Class: 1829K(1856K)->1829K(1856K)
[464.019s][info][gc             ] GC(1082) Pause Full (G1 Compaction Pause) 975M->322M(978M) 497.547ms
[464.019s][info][gc,cpu         ] GC(1082) User=0.97s Sys=0.00s Real=0.49s
[464.020s][info][gc,marking     ] GC(1071) Concurrent Mark From Roots 1183.828ms
[464.020s][info][gc,marking     ] GC(1071) Concurrent Mark Abort
[464.020s][info][gc             ] GC(1071) Concurrent Mark Cycle 1238.271ms
[464.824s][info][gc,start       ] GC(1083) Pause Young (Normal) (G1 Evacuation Pause)
[464.824s][info][gc,task        ] GC(1083) Using 2 workers of 2 for evacuation
[464.834s][info][gc,phases      ] GC(1083)   Pre Evacuate Collection Set: 0.32ms
[464.834s][info][gc,phases      ] GC(1083)   Merge Heap Roots: 0.38ms
[464.834s][info][gc,phases      ] GC(1083)   Evacuate Collection Set: 8.19ms
[464.834s][info][gc,phases      ] GC(1083)   Post Evacuate Collection Set: 0.73ms
[464.834s][info][gc,phases      ] GC(1083)   Other: 0.13ms
[464.834s][info][gc,heap        ] GC(1083) Eden regions: 427->0(458)
[464.834s][info][gc,heap        ] GC(1083) Survivor regions: 0->4(54)
[464.834s][info][gc,heap        ] GC(1083) Old regions: 320->320
[464.834s][info][gc,heap        ] GC(1083) Humongous regions: 4->4
[464.834s][info][gc,metaspace   ] GC(1083) Metaspace: 18942K(19072K)->18942K(19072K) NonClass: 17112K(17216K)->17112K(17216K) Class: 1829K(1856K)->1829K(1856K)
[464.834s][info][gc             ] GC(1083) Pause Young (Normal) (G1 Evacuation Pause) 749M->326M(978M) 10.038ms
[464.834s][info][gc,cpu         ] GC(1083) User=0.01s Sys=0.01s Real=0.01s
[465.359s][info][gc,start       ] GC(1084) Pause Young (Concurrent Start) (G1 Humongous Allocation)
[465.359s][info][gc,task        ] GC(1084) Using 2 workers of 2 for evacuation
[465.580s][info][gc,mmu         ] GC(1084) MMU target violated: 201.0ms (200.0ms/201.0ms)
[465.580s][info][gc,phases      ] GC(1084)   Pre Evacuate Collection Set: 0.35ms
[465.580s][info][gc,phases      ] GC(1084)   Merge Heap Roots: 0.36ms
[465.580s][info][gc,phases      ] GC(1084)   Evacuate Collection Set: 219.62ms
[465.580s][info][gc,phases      ] GC(1084)   Post Evacuate Collection Set: 0.90ms
[465.580s][info][gc,phases      ] GC(1084)   Other: 0.22ms
[465.580s][info][gc,heap        ] GC(1084) Eden regions: 421->0(285)
[465.580s][info][gc,heap        ] GC(1084) Survivor regions: 4->58(58)
[465.580s][info][gc,heap        ] GC(1084) Old regions: 320->447
[465.580s][info][gc,heap        ] GC(1084) Humongous regions: 4->4
[465.580s][info][gc,metaspace   ] GC(1084) Metaspace: 18949K(19072K)->18949K(19072K) NonClass: 17119K(17216K)->17119K(17216K) Class: 1829K(1856K)->1829K(1856K)
[465.580s][info][gc             ] GC(1084) Pause Young (Concurrent Start) (G1 Humongous Allocation) 747M->507M(978M) 221.714ms
[465.580s][info][gc,cpu         ] GC(1084) User=0.44s Sys=0.00s Real=0.23s
[465.580s][info][gc             ] GC(1085) Concurrent Mark Cycle
[465.581s][info][gc,marking     ] GC(1085) Concurrent Scan Root Regions
[465.815s][info][gc,marking     ] GC(1085) Concurrent Scan Root Regions 234.636ms
[465.815s][info][gc,marking     ] GC(1085) Concurrent Mark
[465.815s][info][gc,marking     ] GC(1085) Concurrent Mark From Roots
[465.815s][info][gc,task        ] GC(1085) Using 1 workers of 1 for marking
[466.007s][info][gc,start       ] GC(1086) Pause Young (Normal) (G1 Evacuation Pause)
[466.007s][info][gc,task        ] GC(1086) Using 2 workers of 2 for evacuation
[466.094s][info][gc,phases      ] GC(1086)   Pre Evacuate Collection Set: 0.33ms
[466.094s][info][gc,phases      ] GC(1086)   Merge Heap Roots: 0.35ms
[466.094s][info][gc,phases      ] GC(1086)   Evacuate Collection Set: 84.98ms
[466.094s][info][gc,phases      ] GC(1086)   Post Evacuate Collection Set: 0.69ms
[466.094s][info][gc,phases      ] GC(1086)   Other: 0.10ms
[466.094s][info][gc,heap        ] GC(1086) Eden regions: 285->0(291)
[466.094s][info][gc,heap        ] GC(1086) Survivor regions: 58->17(43)
[466.094s][info][gc,heap        ] GC(1086) Old regions: 447->505
[466.094s][info][gc,heap        ] GC(1086) Humongous regions: 5->5
[466.094s][info][gc,metaspace   ] GC(1086) Metaspace: 18949K(19072K)->18949K(19072K) NonClass: 17119K(17216K)->17119K(17216K) Class: 1829K(1856K)->1829K(1856K)
[466.094s][info][gc             ] GC(1086) Pause Young (Normal) (G1 Evacuation Pause) 793M->525M(978M) 86.698ms
[466.094s][info][gc,cpu         ] GC(1086) User=0.17s Sys=0.00s Real=0.09s
[466.718s][info][gc,marking     ] GC(1085) Concurrent Mark From Roots 902.632ms
[466.718s][info][gc,marking     ] GC(1085) Concurrent Preclean
[466.718s][info][gc,marking     ] GC(1085) Concurrent Preclean 0.042ms
[466.718s][info][gc,start       ] GC(1085) Pause Remark
[466.727s][info][gc             ] GC(1085) Pause Remark 804M->754M(978M) 8.713ms
[466.727s][info][gc,cpu         ] GC(1085) User=0.02s Sys=0.00s Real=0.01s
[466.728s][info][gc,marking     ] GC(1085) Concurrent Mark 912.843ms
[466.728s][info][gc,marking     ] GC(1085) Concurrent Rebuild Remembered Sets and Scrub Regions
[466.782s][info][gc,start       ] GC(1087) Pause Young (Normal) (G1 Evacuation Pause)
[466.782s][info][gc,task        ] GC(1087) Using 2 workers of 2 for evacuation
[466.881s][info][gc,phases      ] GC(1087)   Pre Evacuate Collection Set: 0.75ms
[466.881s][info][gc,phases      ] GC(1087)   Merge Heap Roots: 0.21ms
[466.881s][info][gc,phases      ] GC(1087)   Evacuate Collection Set: 96.95ms
[466.881s][info][gc,phases      ] GC(1087)   Post Evacuate Collection Set: 0.90ms
[466.881s][info][gc,phases      ] GC(1087)   Other: 0.13ms
[466.881s][info][gc,heap        ] GC(1087) Eden regions: 291->0(275)
[466.881s][info][gc,heap        ] GC(1087) Survivor regions: 17->39(39)
[466.881s][info][gc,heap        ] GC(1087) Old regions: 456->501
[466.881s][info][gc,heap        ] GC(1087) Humongous regions: 4->4
[466.881s][info][gc,metaspace   ] GC(1087) Metaspace: 18950K(19072K)->18950K(19072K) NonClass: 17120K(17216K)->17120K(17216K) Class: 1829K(1856K)->1829K(1856K)
[466.881s][info][gc             ] GC(1087) Pause Young (Normal) (G1 Evacuation Pause) 766M->542M(978M) 99.257ms
[466.881s][info][gc,cpu         ] GC(1087) User=0.19s Sys=0.00s Real=0.10s
[467.343s][info][gc,start       ] GC(1088) Pause Young (Normal) (G1 Evacuation Pause)
[467.343s][info][gc,task        ] GC(1088) Using 2 workers of 2 for evacuation
[467.500s][info][gc,phases      ] GC(1088)   Pre Evacuate Collection Set: 0.57ms
[467.500s][info][gc,phases      ] GC(1088)   Merge Heap Roots: 0.49ms
[467.500s][info][gc,phases      ] GC(1088)   Evacuate Collection Set: 154.46ms
[467.500s][info][gc,phases      ] GC(1088)   Post Evacuate Collection Set: 0.89ms
[467.500s][info][gc,phases      ] GC(1088)   Other: 0.12ms
[467.500s][info][gc,heap        ] GC(1088) Eden regions: 275->0(203)
[467.500s][info][gc,heap        ] GC(1088) Survivor regions: 39->40(40)
[467.500s][info][gc,heap        ] GC(1088) Old regions: 501->577
[467.500s][info][gc,heap        ] GC(1088) Humongous regions: 4->4
[467.500s][info][gc,metaspace   ] GC(1088) Metaspace: 18950K(19072K)->18950K(19072K) NonClass: 17120K(17216K)->17120K(17216K) Class: 1829K(1856K)->1829K(1856K)
[467.500s][info][gc             ] GC(1088) Pause Young (Normal) (G1 Evacuation Pause) 817M->619M(978M) 156.812ms
[467.500s][info][gc,cpu         ] GC(1088) User=0.31s Sys=0.00s Real=0.15s
[467.594s][info][gc,marking     ] GC(1085) Concurrent Rebuild Remembered Sets and Scrub Regions 865.447ms
[467.597s][info][gc,start       ] GC(1085) Pause Cleanup
[467.597s][info][gc             ] GC(1085) Pause Cleanup 717M->717M(978M) 0.139ms
[467.597s][info][gc,cpu         ] GC(1085) User=0.00s Sys=0.00s Real=0.00s
[467.597s][info][gc,marking     ] GC(1085) Concurrent Clear Claimed Marks
[467.597s][info][gc,marking     ] GC(1085) Concurrent Clear Claimed Marks 0.031ms
[467.597s][info][gc,marking     ] GC(1085) Concurrent Cleanup for Next Mark
[467.600s][info][gc,marking     ] GC(1085) Concurrent Cleanup for Next Mark 2.974ms
[467.600s][info][gc             ] GC(1085) Concurrent Mark Cycle 2019.383ms
[467.778s][info][gc,start       ] GC(1089) Pause Young (Prepare Mixed) (G1 Evacuation Pause)
[467.778s][info][gc,task        ] GC(1089) Using 2 workers of 2 for evacuation
[467.936s][info][gc,phases      ] GC(1089)   Pre Evacuate Collection Set: 0.35ms
[467.936s][info][gc,phases      ] GC(1089)   Merge Heap Roots: 0.52ms
[467.936s][info][gc,phases      ] GC(1089)   Evacuate Collection Set: 156.73ms
[467.936s][info][gc,phases      ] GC(1089)   Post Evacuate Collection Set: 0.68ms
[467.936s][info][gc,phases      ] GC(1089)   Other: 0.11ms
[467.936s][info][gc,heap        ] GC(1089) Eden regions: 203->0(149)
[467.936s][info][gc,heap        ] GC(1089) Survivor regions: 40->31(31)
[467.936s][info][gc,heap        ] GC(1089) Old regions: 577->662
[467.936s][info][gc,heap        ] GC(1089) Humongous regions: 7->7
[467.936s][info][gc,metaspace   ] GC(1089) Metaspace: 18950K(19072K)->18950K(19072K) NonClass: 17120K(17216K)->17120K(17216K) Class: 1829K(1856K)->1829K(1856K)
[467.936s][info][gc             ] GC(1089) Pause Young (Prepare Mixed) (G1 Evacuation Pause) 825M->698M(978M) 158.677ms
[467.936s][info][gc,cpu         ] GC(1089) User=0.31s Sys=0.00s Real=0.16s
[468.041s][info][gc,start       ] GC(1090) Pause Young (Mixed) (G1 Evacuation Pause)
[468.041s][info][gc,task        ] GC(1090) Using 2 workers of 2 for evacuation
[468.097s][info][gc,phases      ] GC(1090)   Pre Evacuate Collection Set: 0.34ms
[468.097s][info][gc,phases      ] GC(1090)   Merge Heap Roots: 0.66ms
[468.097s][info][gc,phases      ] GC(1090)   Evacuate Collection Set: 55.19ms
[468.098s][info][gc,phases      ] GC(1090)   Post Evacuate Collection Set: 0.50ms
[468.098s][info][gc,phases      ] GC(1090)   Other: 0.13ms
[468.098s][info][gc,heap        ] GC(1090) Eden regions: 149->0(156)
[468.098s][info][gc,heap        ] GC(1090) Survivor regions: 31->14(23)
[468.098s][info][gc,heap        ] GC(1090) Old regions: 662->686
[468.098s][info][gc,heap        ] GC(1090) Humongous regions: 7->7
[468.098s][info][gc,metaspace   ] GC(1090) Metaspace: 18950K(19072K)->18950K(19072K) NonClass: 17120K(17216K)->17120K(17216K) Class: 1829K(1856K)->1829K(1856K)
[468.098s][info][gc             ] GC(1090) Pause Young (Mixed) (G1 Evacuation Pause) 847M->705M(978M) 57.098ms
[468.098s][info][gc,cpu         ] GC(1090) User=0.11s Sys=0.00s Real=0.05s
[468.213s][info][gc,start       ] GC(1091) Pause Young (Concurrent Start) (G1 Humongous Allocation)
[468.213s][info][gc,task        ] GC(1091) Using 2 workers of 2 for evacuation
[468.279s][info][gc,phases      ] GC(1091)   Pre Evacuate Collection Set: 0.44ms
[468.279s][info][gc,phases      ] GC(1091)   Merge Heap Roots: 0.44ms
[468.279s][info][gc,phases      ] GC(1091)   Evacuate Collection Set: 63.59ms
[468.279s][info][gc,phases      ] GC(1091)   Post Evacuate Collection Set: 0.58ms
[468.279s][info][gc,phases      ] GC(1091)   Other: 0.26ms
[468.279s][info][gc,heap        ] GC(1091) Eden regions: 103->0(152)
[468.279s][info][gc,heap        ] GC(1091) Survivor regions: 14->18(22)
[468.279s][info][gc,heap        ] GC(1091) Old regions: 686->700
[468.279s][info][gc,heap        ] GC(1091) Humongous regions: 7->7
[468.279s][info][gc,metaspace   ] GC(1091) Metaspace: 18950K(19072K)->18950K(19072K) NonClass: 17120K(17216K)->17120K(17216K) Class: 1829K(1856K)->1829K(1856K)
[468.279s][info][gc             ] GC(1091) Pause Young (Concurrent Start) (G1 Humongous Allocation) 808M->723M(978M) 65.620ms
[468.279s][info][gc,cpu         ] GC(1091) User=0.13s Sys=0.00s Real=0.06s
[468.279s][info][gc             ] GC(1092) Concurrent Mark Cycle
[468.279s][info][gc,marking     ] GC(1092) Concurrent Scan Root Regions
[468.357s][info][gc,marking     ] GC(1092) Concurrent Scan Root Regions 77.878ms
[468.357s][info][gc,marking     ] GC(1092) Concurrent Mark
[468.357s][info][gc,marking     ] GC(1092) Concurrent Mark From Roots
[468.357s][info][gc,task        ] GC(1092) Using 1 workers of 1 for marking
[468.499s][info][gc,start       ] GC(1093) Pause Young (Normal) (G1 Evacuation Pause)
[468.499s][info][gc,task        ] GC(1093) Using 2 workers of 2 for evacuation
[468.555s][info][gc,phases      ] GC(1093)   Pre Evacuate Collection Set: 0.34ms
[468.555s][info][gc,phases      ] GC(1093)   Merge Heap Roots: 0.43ms
[468.555s][info][gc,phases      ] GC(1093)   Evacuate Collection Set: 55.01ms
[468.555s][info][gc,phases      ] GC(1093)   Post Evacuate Collection Set: 0.49ms
[468.555s][info][gc,phases      ] GC(1093)   Other: 0.11ms
[468.555s][info][gc,heap        ] GC(1093) Eden regions: 152->0(149)
[468.555s][info][gc,heap        ] GC(1093) Survivor regions: 18->13(22)
[468.555s][info][gc,heap        ] GC(1093) Old regions: 700->719
[468.555s][info][gc,heap        ] GC(1093) Humongous regions: 10->10
[468.555s][info][gc,metaspace   ] GC(1093) Metaspace: 18950K(19072K)->18950K(19072K) NonClass: 17120K(17216K)->17120K(17216K) Class: 1829K(1856K)->1829K(1856K)
[468.555s][info][gc             ] GC(1093) Pause Young (Normal) (G1 Evacuation Pause) 878M->740M(978M) 56.662ms
[468.555s][info][gc,cpu         ] GC(1093) User=0.11s Sys=0.00s Real=0.06s
[468.820s][info][gc,start       ] GC(1094) Pause Young (Normal) (G1 Evacuation Pause)
[468.820s][info][gc,task        ] GC(1094) Using 2 workers of 2 for evacuation
[468.867s][info][gc,phases      ] GC(1094)   Pre Evacuate Collection Set: 0.54ms
[468.867s][info][gc,phases      ] GC(1094)   Merge Heap Roots: 0.33ms
[468.867s][info][gc,phases      ] GC(1094)   Evacuate Collection Set: 45.88ms
[468.867s][info][gc,phases      ] GC(1094)   Post Evacuate Collection Set: 0.45ms
[468.867s][info][gc,phases      ] GC(1094)   Other: 0.11ms
[468.867s][info][gc,heap        ] GC(1094) Eden regions: 149->0(144)
[468.867s][info][gc,heap        ] GC(1094) Survivor regions: 13->16(21)
[468.867s][info][gc,heap        ] GC(1094) Old regions: 719->732
[468.867s][info][gc,heap        ] GC(1094) Humongous regions: 10->10
[468.867s][info][gc,metaspace   ] GC(1094) Metaspace: 18950K(19072K)->18950K(19072K) NonClass: 17120K(17216K)->17120K(17216K) Class: 1829K(1856K)->1829K(1856K)
[468.867s][info][gc             ] GC(1094) Pause Young (Normal) (G1 Evacuation Pause) 889M->755M(978M) 47.630ms
[468.867s][info][gc,cpu         ] GC(1094) User=0.09s Sys=0.00s Real=0.05s
[468.940s][info][gc,marking     ] GC(1092) Concurrent Mark From Roots 582.847ms
[468.940s][info][gc,marking     ] GC(1092) Concurrent Preclean
[468.940s][info][gc,marking     ] GC(1092) Concurrent Preclean 0.047ms
[468.940s][info][gc,start       ] GC(1092) Pause Remark
[468.949s][info][gc             ] GC(1092) Pause Remark 798M->433M(978M) 8.756ms
[468.949s][info][gc,cpu         ] GC(1092) User=0.01s Sys=0.00s Real=0.01s
[468.949s][info][gc,marking     ] GC(1092) Concurrent Mark 591.994ms
[468.949s][info][gc,marking     ] GC(1092) Concurrent Rebuild Remembered Sets and Scrub Regions
[469.084s][info][gc,start       ] GC(1095) Pause Young (Normal) (G1 Evacuation Pause)
[469.084s][info][gc,task        ] GC(1095) Using 2 workers of 2 for evacuation
[469.129s][info][gc,phases      ] GC(1095)   Pre Evacuate Collection Set: 0.32ms
[469.129s][info][gc,phases      ] GC(1095)   Merge Heap Roots: 0.35ms
[469.129s][info][gc,phases      ] GC(1095)   Evacuate Collection Set: 44.46ms
[469.129s][info][gc,phases      ] GC(1095)   Post Evacuate Collection Set: 0.45ms
[469.129s][info][gc,phases      ] GC(1095)   Other: 0.09ms
[469.129s][info][gc,heap        ] GC(1095) Eden regions: 144->0(361)
[469.129s][info][gc,heap        ] GC(1095) Survivor regions: 16->19(20)
[469.130s][info][gc,heap        ] GC(1095) Old regions: 371->387
[469.130s][info][gc,heap        ] GC(1095) Humongous regions: 5->5
[469.130s][info][gc,metaspace   ] GC(1095) Metaspace: 18950K(19072K)->18950K(19072K) NonClass: 17120K(17216K)->17120K(17216K) Class: 1829K(1856K)->1829K(1856K)
[469.130s][info][gc             ] GC(1095) Pause Young (Normal) (G1 Evacuation Pause) 534M->410M(978M) 45.937ms
[469.130s][info][gc,cpu         ] GC(1095) User=0.09s Sys=0.00s Real=0.04s
[469.194s][info][gc,marking     ] GC(1092) Concurrent Rebuild Remembered Sets and Scrub Regions 244.722ms
[469.194s][info][gc,start       ] GC(1092) Pause Cleanup
[469.194s][info][gc             ] GC(1092) Pause Cleanup 438M->438M(978M) 0.141ms
[469.194s][info][gc,cpu         ] GC(1092) User=0.00s Sys=0.00s Real=0.00s
[469.194s][info][gc,marking     ] GC(1092) Concurrent Clear Claimed Marks
[469.194s][info][gc,marking     ] GC(1092) Concurrent Clear Claimed Marks 0.031ms
[469.194s][info][gc,marking     ] GC(1092) Concurrent Cleanup for Next Mark
[469.197s][info][gc,marking     ] GC(1092) Concurrent Cleanup for Next Mark 2.951ms
[469.197s][info][gc             ] GC(1092) Concurrent Mark Cycle 918.113ms
[469.466s][info][gc,start       ] GC(1096) Pause Young (Prepare Mixed) (G1 Evacuation Pause)
[469.466s][info][gc,task        ] GC(1096) Using 2 workers of 2 for evacuation
[469.528s][info][gc,phases      ] GC(1096)   Pre Evacuate Collection Set: 0.56ms
[469.528s][info][gc,phases      ] GC(1096)   Merge Heap Roots: 0.40ms
[469.528s][info][gc,phases      ] GC(1096)   Evacuate Collection Set: 60.19ms
[469.528s][info][gc,phases      ] GC(1096)   Post Evacuate Collection Set: 0.68ms
[469.528s][info][gc,phases      ] GC(1096)   Other: 0.10ms
[469.528s][info][gc,heap        ] GC(1096) Eden regions: 361->0(362)
[469.528s][info][gc,heap        ] GC(1096) Survivor regions: 19->46(48)
[469.528s][info][gc,heap        ] GC(1096) Old regions: 387->387
[469.528s][info][gc,heap        ] GC(1096) Humongous regions: 5->5
[469.528s][info][gc,metaspace   ] GC(1096) Metaspace: 18950K(19072K)->18950K(19072K) NonClass: 17120K(17216K)->17120K(17216K) Class: 1829K(1856K)->1829K(1856K)
[469.528s][info][gc             ] GC(1096) Pause Young (Prepare Mixed) (G1 Evacuation Pause) 771M->436M(978M) 62.202ms
[469.528s][info][gc,cpu         ] GC(1096) User=0.12s Sys=0.00s Real=0.06s
[470.276s][info][gc,start       ] GC(1097) Pause Young (Mixed) (G1 Evacuation Pause)
[470.276s][info][gc,task        ] GC(1097) Using 2 workers of 2 for evacuation
[470.386s][info][gc,phases      ] GC(1097)   Pre Evacuate Collection Set: 0.40ms
[470.386s][info][gc,phases      ] GC(1097)   Merge Heap Roots: 0.46ms
[470.386s][info][gc,phases      ] GC(1097)   Evacuate Collection Set: 107.60ms
[470.386s][info][gc,phases      ] GC(1097)   Post Evacuate Collection Set: 0.76ms
[470.386s][info][gc,phases      ] GC(1097)   Other: 0.10ms
[470.386s][info][gc,heap        ] GC(1097) Eden regions: 362->0(414)
[470.386s][info][gc,heap        ] GC(1097) Survivor regions: 46->26(51)
[470.386s][info][gc,heap        ] GC(1097) Old regions: 387->350
[470.386s][info][gc,heap        ] GC(1097) Humongous regions: 5->5
[470.386s][info][gc,metaspace   ] GC(1097) Metaspace: 18950K(19072K)->18950K(19072K) NonClass: 17120K(17216K)->17120K(17216K) Class: 1829K(1856K)->1829K(1856K)
[470.386s][info][gc             ] GC(1097) Pause Young (Mixed) (G1 Evacuation Pause) 798M->380M(978M) 109.573ms
[470.386s][info][gc,cpu         ] GC(1097) User=0.22s Sys=0.00s Real=0.11s
[471.485s][info][gc,start       ] GC(1098) Pause Young (Concurrent Start) (G1 Evacuation Pause)
[471.485s][info][gc,task        ] GC(1098) Using 2 workers of 2 for evacuation
[471.530s][info][gc,phases      ] GC(1098)   Pre Evacuate Collection Set: 0.36ms
[471.530s][info][gc,phases      ] GC(1098)   Merge Heap Roots: 0.51ms
[471.530s][info][gc,phases      ] GC(1098)   Evacuate Collection Set: 42.69ms
[471.530s][info][gc,phases      ] GC(1098)   Post Evacuate Collection Set: 0.74ms
[471.530s][info][gc,phases      ] GC(1098)   Other: 0.26ms
[471.530s][info][gc,heap        ] GC(1098) Eden regions: 414->0(445)
[471.530s][info][gc,heap        ] GC(1098) Survivor regions: 26->27(55)
[471.530s][info][gc,heap        ] GC(1098) Old regions: 350->350
[471.530s][info][gc,heap        ] GC(1098) Humongous regions: 5->5
[471.530s][info][gc,metaspace   ] GC(1098) Metaspace: 18950K(19072K)->18950K(19072K) NonClass: 17120K(17216K)->17120K(17216K) Class: 1829K(1856K)->1829K(1856K)
[471.530s][info][gc             ] GC(1098) Pause Young (Concurrent Start) (G1 Evacuation Pause) 794M->380M(978M) 44.826ms
[471.530s][info][gc,cpu         ] GC(1098) User=0.09s Sys=0.00s Real=0.04s
[471.530s][info][gc             ] GC(1099) Concurrent Mark Cycle
[471.530s][info][gc,marking     ] GC(1099) Concurrent Scan Root Regions
[471.582s][info][gc,marking     ] GC(1099) Concurrent Scan Root Regions 52.452ms
[471.583s][info][gc,marking     ] GC(1099) Concurrent Mark
[471.583s][info][gc,marking     ] GC(1099) Concurrent Mark From Roots
[471.583s][info][gc,task        ] GC(1099) Using 1 workers of 1 for marking
[472.635s][info][gc,start       ] GC(1100) Pause Young (Normal) (G1 Evacuation Pause)
[472.635s][info][gc,task        ] GC(1100) Using 2 workers of 2 for evacuation
[472.766s][info][gc,phases      ] GC(1100)   Pre Evacuate Collection Set: 0.31ms
[472.766s][info][gc,phases      ] GC(1100)   Merge Heap Roots: 0.65ms
[472.766s][info][gc,phases      ] GC(1100)   Evacuate Collection Set: 129.33ms
[472.766s][info][gc,phases      ] GC(1100)   Post Evacuate Collection Set: 1.11ms
[472.766s][info][gc,phases      ] GC(1100)   Other: 0.11ms
[472.766s][info][gc,heap        ] GC(1100) Eden regions: 445->0(356)
[472.766s][info][gc,heap        ] GC(1100) Survivor regions: 27->59(59)
[472.766s][info][gc,heap        ] GC(1100) Old regions: 350->400
[472.766s][info][gc,heap        ] GC(1100) Humongous regions: 5->5
[472.766s][info][gc,metaspace   ] GC(1100) Metaspace: 18950K(19072K)->18950K(19072K) NonClass: 17120K(17216K)->17120K(17216K) Class: 1829K(1856K)->1829K(1856K)
[472.766s][info][gc             ] GC(1100) Pause Young (Normal) (G1 Evacuation Pause) 825M->463M(978M) 131.775ms
[472.766s][info][gc,cpu         ] GC(1100) User=0.26s Sys=0.00s Real=0.13s
[472.915s][info][gc,marking     ] GC(1099) Concurrent Mark From Roots 1332.497ms
[472.915s][info][gc,marking     ] GC(1099) Concurrent Preclean
[472.915s][info][gc,marking     ] GC(1099) Concurrent Preclean 0.038ms
[472.915s][info][gc,start       ] GC(1099) Pause Remark
[472.924s][info][gc             ] GC(1099) Pause Remark 582M->571M(978M) 8.723ms
[472.924s][info][gc,cpu         ] GC(1099) User=0.01s Sys=0.00s Real=0.01s
[472.924s][info][gc,marking     ] GC(1099) Concurrent Mark 1341.672ms
[472.924s][info][gc,marking     ] GC(1099) Concurrent Rebuild Remembered Sets and Scrub Regions
[473.285s][info][gc,start       ] GC(1101) Pause Young (Normal) (G1 Evacuation Pause)
[473.285s][info][gc,task        ] GC(1101) Using 2 workers of 2 for evacuation
[473.455s][info][gc,phases      ] GC(1101)   Pre Evacuate Collection Set: 0.57ms
[473.455s][info][gc,phases      ] GC(1101)   Merge Heap Roots: 0.66ms
[473.455s][info][gc,phases      ] GC(1101)   Evacuate Collection Set: 167.93ms
[473.455s][info][gc,phases      ] GC(1101)   Post Evacuate Collection Set: 0.95ms
[473.455s][info][gc,phases      ] GC(1101)   Other: 0.12ms
[473.455s][info][gc,heap        ] GC(1101) Eden regions: 337->0(301)
[473.455s][info][gc,heap        ] GC(1101) Survivor regions: 59->50(50)
[473.455s][info][gc,heap        ] GC(1101) Old regions: 390->464
[473.455s][info][gc,heap        ] GC(1101) Humongous regions: 7->7
[473.456s][info][gc,metaspace   ] GC(1101) Metaspace: 18950K(19072K)->18950K(19072K) NonClass: 17120K(17216K)->17120K(17216K) Class: 1829K(1856K)->1829K(1856K)
[473.456s][info][gc             ] GC(1101) Pause Young (Normal) (G1 Evacuation Pause) 792M->520M(978M) 170.510ms
[473.456s][info][gc,cpu         ] GC(1101) User=0.33s Sys=0.01s Real=0.17s
[473.525s][info][gc,marking     ] GC(1099) Concurrent Rebuild Remembered Sets and Scrub Regions 600.698ms
[473.525s][info][gc,start       ] GC(1099) Pause Cleanup
[473.525s][info][gc             ] GC(1099) Pause Cleanup 574M->574M(978M) 0.119ms
[473.525s][info][gc,cpu         ] GC(1099) User=0.00s Sys=0.00s Real=0.00s
[473.526s][info][gc,marking     ] GC(1099) Concurrent Clear Claimed Marks
[473.526s][info][gc,marking     ] GC(1099) Concurrent Clear Claimed Marks 0.034ms
[473.526s][info][gc,marking     ] GC(1099) Concurrent Cleanup for Next Mark
[473.532s][info][gc,marking     ] GC(1099) Concurrent Cleanup for Next Mark 6.791ms
[473.533s][info][gc             ] GC(1099) Concurrent Mark Cycle 2002.586ms
[473.703s][info][gc,start       ] GC(1102) Pause Young (Prepare Mixed) (G1 Evacuation Pause)
[473.703s][info][gc,task        ] GC(1102) Using 2 workers of 2 for evacuation
[473.814s][info][gc,phases      ] GC(1102)   Pre Evacuate Collection Set: 0.55ms
[473.814s][info][gc,phases      ] GC(1102)   Merge Heap Roots: 0.57ms
[473.814s][info][gc,phases      ] GC(1102)   Evacuate Collection Set: 109.21ms
[473.814s][info][gc,phases      ] GC(1102)   Post Evacuate Collection Set: 0.80ms
[473.814s][info][gc,phases      ] GC(1102)   Other: 0.12ms
[473.814s][info][gc,heap        ] GC(1102) Eden regions: 301->0(287)
[473.814s][info][gc,heap        ] GC(1102) Survivor regions: 50->37(44)
[473.814s][info][gc,heap        ] GC(1102) Old regions: 464->503
[473.814s][info][gc,heap        ] GC(1102) Humongous regions: 7->7
[473.814s][info][gc,metaspace   ] GC(1102) Metaspace: 18950K(19072K)->18950K(19072K) NonClass: 17120K(17216K)->17120K(17216K) Class: 1829K(1856K)->1829K(1856K)
[473.814s][info][gc             ] GC(1102) Pause Young (Prepare Mixed) (G1 Evacuation Pause) 821M->545M(978M) 111.516ms
[473.814s][info][gc,cpu         ] GC(1102) User=0.22s Sys=0.00s Real=0.11s
[474.021s][info][gc,start       ] GC(1103) Pause Young (Mixed) (G1 Evacuation Pause)
[474.021s][info][gc,task        ] GC(1103) Using 2 workers of 2 for evacuation
[474.108s][info][gc,phases      ] GC(1103)   Pre Evacuate Collection Set: 0.33ms
[474.108s][info][gc,phases      ] GC(1103)   Merge Heap Roots: 0.41ms
[474.108s][info][gc,phases      ] GC(1103)   Evacuate Collection Set: 85.63ms
[474.108s][info][gc,phases      ] GC(1103)   Post Evacuate Collection Set: 0.63ms
[474.108s][info][gc,phases      ] GC(1103)   Other: 0.09ms
[474.108s][info][gc,heap        ] GC(1103) Eden regions: 287->0(286)
[474.108s][info][gc,heap        ] GC(1103) Survivor regions: 37->27(41)
[474.108s][info][gc,heap        ] GC(1103) Old regions: 503->528
[474.108s][info][gc,heap        ] GC(1103) Humongous regions: 8->8
[474.108s][info][gc,metaspace   ] GC(1103) Metaspace: 18950K(19072K)->18950K(19072K) NonClass: 17120K(17216K)->17120K(17216K) Class: 1829K(1856K)->1829K(1856K)
[474.108s][info][gc             ] GC(1103) Pause Young (Mixed) (G1 Evacuation Pause) 833M->561M(978M) 87.375ms
[474.108s][info][gc,cpu         ] GC(1103) User=0.18s Sys=0.00s Real=0.08s
[474.319s][info][gc,start       ] GC(1104) Pause Young (Concurrent Start) (G1 Evacuation Pause)
[474.319s][info][gc,task        ] GC(1104) Using 2 workers of 2 for evacuation
[474.370s][info][gc,phases      ] GC(1104)   Pre Evacuate Collection Set: 0.30ms
[474.370s][info][gc,phases      ] GC(1104)   Merge Heap Roots: 0.31ms
[474.370s][info][gc,phases      ] GC(1104)   Evacuate Collection Set: 48.92ms
[474.370s][info][gc,phases      ] GC(1104)   Post Evacuate Collection Set: 0.59ms
[474.370s][info][gc,phases      ] GC(1104)   Other: 0.11ms
[474.370s][info][gc,heap        ] GC(1104) Eden regions: 286->0(294)
[474.370s][info][gc,heap        ] GC(1104) Survivor regions: 27->11(40)
[474.370s][info][gc,heap        ] GC(1104) Old regions: 528->554
[474.370s][info][gc,heap        ] GC(1104) Humongous regions: 8->8
[474.370s][info][gc,metaspace   ] GC(1104) Metaspace: 18950K(19072K)->18950K(19072K) NonClass: 17120K(17216K)->17120K(17216K) Class: 1829K(1856K)->1829K(1856K)
[474.370s][info][gc             ] GC(1104) Pause Young (Concurrent Start) (G1 Evacuation Pause) 847M->572M(978M) 50.476ms
[474.370s][info][gc,cpu         ] GC(1104) User=0.10s Sys=0.00s Real=0.05s
[474.370s][info][gc             ] GC(1105) Concurrent Mark Cycle
[474.370s][info][gc,marking     ] GC(1105) Concurrent Scan Root Regions
[474.440s][info][gc,marking     ] GC(1105) Concurrent Scan Root Regions 69.890ms
[474.440s][info][gc,marking     ] GC(1105) Concurrent Mark
[474.440s][info][gc,marking     ] GC(1105) Concurrent Mark From Roots
[474.440s][info][gc,task        ] GC(1105) Using 1 workers of 1 for marking
[475.318s][info][gc,start       ] GC(1106) Pause Young (Normal) (G1 Evacuation Pause)
[475.318s][info][gc,task        ] GC(1106) Using 2 workers of 2 for evacuation
[475.370s][info][gc,phases      ] GC(1106)   Pre Evacuate Collection Set: 0.57ms
[475.371s][info][gc,phases      ] GC(1106)   Merge Heap Roots: 0.32ms
[475.371s][info][gc,phases      ] GC(1106)   Evacuate Collection Set: 50.72ms
[475.371s][info][gc,phases      ] GC(1106)   Post Evacuate Collection Set: 0.64ms
[475.371s][info][gc,phases      ] GC(1106)   Other: 0.10ms
[475.371s][info][gc,heap        ] GC(1106) Eden regions: 294->0(279)
[475.371s][info][gc,heap        ] GC(1106) Survivor regions: 11->38(39)
[475.371s][info][gc,heap        ] GC(1106) Old regions: 554->554
[475.371s][info][gc,heap        ] GC(1106) Humongous regions: 8->8
[475.371s][info][gc,metaspace   ] GC(1106) Metaspace: 18950K(19072K)->18950K(19072K) NonClass: 17120K(17216K)->17120K(17216K) Class: 1829K(1856K)->1829K(1856K)
[475.371s][info][gc             ] GC(1106) Pause Young (Normal) (G1 Evacuation Pause) 866M->599M(978M) 52.620ms
[475.371s][info][gc,cpu         ] GC(1106) User=0.10s Sys=0.00s Real=0.06s
[475.705s][info][gc,marking     ] GC(1105) Concurrent Mark From Roots 1265.524ms
[475.705s][info][gc,marking     ] GC(1105) Concurrent Preclean
[475.706s][info][gc,marking     ] GC(1105) Concurrent Preclean 0.050ms
[475.706s][info][gc,start       ] GC(1105) Pause Remark
[475.717s][info][gc             ] GC(1105) Pause Remark 682M->586M(978M) 11.017ms
[475.717s][info][gc,cpu         ] GC(1105) User=0.02s Sys=0.00s Real=0.01s
[475.718s][info][gc,marking     ] GC(1105) Concurrent Mark 1278.301ms
[475.718s][info][gc,marking     ] GC(1105) Concurrent Rebuild Remembered Sets and Scrub Regions
[476.229s][info][gc,start       ] GC(1107) Pause Young (Normal) (G1 Evacuation Pause)
[476.229s][info][gc,task        ] GC(1107) Using 2 workers of 2 for evacuation
[476.334s][info][gc,phases      ] GC(1107)   Pre Evacuate Collection Set: 0.60ms
[476.334s][info][gc,phases      ] GC(1107)   Merge Heap Roots: 0.63ms
[476.334s][info][gc,phases      ] GC(1107)   Evacuate Collection Set: 102.13ms
[476.334s][info][gc,phases      ] GC(1107)   Post Evacuate Collection Set: 0.75ms
[476.334s][info][gc,phases      ] GC(1107)   Other: 0.12ms
[476.334s][info][gc,heap        ] GC(1107) Eden regions: 279->0(335)
[476.334s][info][gc,heap        ] GC(1107) Survivor regions: 38->25(40)
[476.334s][info][gc,heap        ] GC(1107) Old regions: 461->499
[476.334s][info][gc,heap        ] GC(1107) Humongous regions: 5->5
[476.334s][info][gc,metaspace   ] GC(1107) Metaspace: 18950K(19072K)->18950K(19072K) NonClass: 17120K(17216K)->17120K(17216K) Class: 1829K(1856K)->1829K(1856K)
[476.334s][info][gc             ] GC(1107) Pause Young (Normal) (G1 Evacuation Pause) 782M->527M(978M) 104.499ms
[476.334s][info][gc,cpu         ] GC(1107) User=0.20s Sys=0.00s Real=0.11s
[476.357s][info][gc,marking     ] GC(1105) Concurrent Rebuild Remembered Sets and Scrub Regions 639.221ms
[476.358s][info][gc,start       ] GC(1105) Pause Cleanup
[476.358s][info][gc             ] GC(1105) Pause Cleanup 532M->532M(978M) 0.173ms
[476.358s][info][gc,cpu         ] GC(1105) User=0.00s Sys=0.00s Real=0.00s
[476.358s][info][gc,marking     ] GC(1105) Concurrent Clear Claimed Marks
[476.358s][info][gc,marking     ] GC(1105) Concurrent Clear Claimed Marks 0.054ms
[476.358s][info][gc,marking     ] GC(1105) Concurrent Cleanup for Next Mark
[476.364s][info][gc,marking     ] GC(1105) Concurrent Cleanup for Next Mark 5.525ms
[476.364s][info][gc             ] GC(1105) Concurrent Mark Cycle 1993.748ms
[476.803s][info][gc,start       ] GC(1108) Pause Young (Prepare Mixed) (G1 Evacuation Pause)
[476.803s][info][gc,task        ] GC(1108) Using 2 workers of 2 for evacuation
[476.928s][info][gc,phases      ] GC(1108)   Pre Evacuate Collection Set: 0.53ms
[476.928s][info][gc,phases      ] GC(1108)   Merge Heap Roots: 0.16ms
[476.928s][info][gc,phases      ] GC(1108)   Evacuate Collection Set: 123.48ms
[476.928s][info][gc,phases      ] GC(1108)   Post Evacuate Collection Set: 0.90ms
[476.928s][info][gc,phases      ] GC(1108)   Other: 0.10ms
[476.928s][info][gc,heap        ] GC(1108) Eden regions: 335->0(257)
[476.928s][info][gc,heap        ] GC(1108) Survivor regions: 25->45(45)
[476.928s][info][gc,heap        ] GC(1108) Old regions: 499->555
[476.928s][info][gc,heap        ] GC(1108) Humongous regions: 5->5
[476.928s][info][gc,metaspace   ] GC(1108) Metaspace: 18950K(19072K)->18950K(19072K) NonClass: 17120K(17216K)->17120K(17216K) Class: 1829K(1856K)->1829K(1856K)
[476.928s][info][gc             ] GC(1108) Pause Young (Prepare Mixed) (G1 Evacuation Pause) 862M->604M(978M) 125.467ms
[476.928s][info][gc,cpu         ] GC(1108) User=0.24s Sys=0.00s Real=0.12s
[477.334s][info][gc,start       ] GC(1109) Pause Young (Mixed) (G1 Evacuation Pause)
[477.334s][info][gc,task        ] GC(1109) Using 2 workers of 2 for evacuation
[477.468s][info][gc,phases      ] GC(1109)   Pre Evacuate Collection Set: 0.59ms
[477.468s][info][gc,phases      ] GC(1109)   Merge Heap Roots: 0.60ms
[477.468s][info][gc,phases      ] GC(1109)   Evacuate Collection Set: 131.76ms
[477.468s][info][gc,phases      ] GC(1109)   Post Evacuate Collection Set: 0.77ms
[477.468s][info][gc,phases      ] GC(1109)   Other: 0.14ms
[477.468s][info][gc,heap        ] GC(1109) Eden regions: 257->0(253)
[477.468s][info][gc,heap        ] GC(1109) Survivor regions: 45->38(38)
[477.468s][info][gc,heap        ] GC(1109) Old regions: 555->555
[477.468s][info][gc,heap        ] GC(1109) Humongous regions: 8->8
[477.468s][info][gc,metaspace   ] GC(1109) Metaspace: 18950K(19072K)->18950K(19072K) NonClass: 17120K(17216K)->17120K(17216K) Class: 1829K(1856K)->1829K(1856K)
[477.468s][info][gc             ] GC(1109) Pause Young (Mixed) (G1 Evacuation Pause) 864M->600M(978M) 134.143ms
[477.468s][info][gc,cpu         ] GC(1109) User=0.27s Sys=0.00s Real=0.13s
[477.723s][info][gc,start       ] GC(1110) Pause Young (Concurrent Start) (G1 Evacuation Pause)
[477.723s][info][gc,task        ] GC(1110) Using 2 workers of 2 for evacuation
[477.801s][info][gc,phases      ] GC(1110)   Pre Evacuate Collection Set: 0.40ms
[477.801s][info][gc,phases      ] GC(1110)   Merge Heap Roots: 0.38ms
[477.801s][info][gc,phases      ] GC(1110)   Evacuate Collection Set: 76.82ms
[477.801s][info][gc,phases      ] GC(1110)   Post Evacuate Collection Set: 0.59ms
[477.802s][info][gc,phases      ] GC(1110)   Other: 0.25ms
[477.802s][info][gc,heap        ] GC(1110) Eden regions: 253->0(251)
[477.802s][info][gc,heap        ] GC(1110) Survivor regions: 38->16(37)
[477.802s][info][gc,heap        ] GC(1110) Old regions: 555->593
[477.802s][info][gc,heap        ] GC(1110) Humongous regions: 8->8
[477.802s][info][gc,metaspace   ] GC(1110) Metaspace: 18950K(19072K)->18950K(19072K) NonClass: 17120K(17216K)->17120K(17216K) Class: 1829K(1856K)->1829K(1856K)
[477.802s][info][gc             ] GC(1110) Pause Young (Concurrent Start) (G1 Evacuation Pause) 853M->616M(978M) 78.752ms
[477.802s][info][gc             ] GC(1111) Concurrent Mark Cycle
[477.802s][info][gc,marking     ] GC(1111) Concurrent Scan Root Regions
[477.802s][info][gc,cpu         ] GC(1110) User=0.16s Sys=0.00s Real=0.08s
[477.906s][info][gc,marking     ] GC(1111) Concurrent Scan Root Regions 104.850ms
[477.907s][info][gc,marking     ] GC(1111) Concurrent Mark
[477.907s][info][gc,marking     ] GC(1111) Concurrent Mark From Roots
[477.907s][info][gc,task        ] GC(1111) Using 1 workers of 1 for marking
[478.357s][info][gc,start       ] GC(1112) Pause Young (Normal) (G1 Evacuation Pause)
[478.358s][info][gc,task        ] GC(1112) Using 2 workers of 2 for evacuation
[478.406s][info][gc,phases      ] GC(1112)   Pre Evacuate Collection Set: 0.32ms
[478.406s][info][gc,phases      ] GC(1112)   Merge Heap Roots: 1.30ms
[478.406s][info][gc,phases      ] GC(1112)   Evacuate Collection Set: 46.45ms
[478.406s][info][gc,phases      ] GC(1112)   Post Evacuate Collection Set: 0.60ms
[478.406s][info][gc,phases      ] GC(1112)   Other: 0.11ms
[478.406s][info][gc,heap        ] GC(1112) Eden regions: 251->0(257)
[478.407s][info][gc,heap        ] GC(1112) Survivor regions: 16->25(34)
[478.407s][info][gc,heap        ] GC(1112) Old regions: 593->593
[478.407s][info][gc,heap        ] GC(1112) Humongous regions: 8->8
[478.407s][info][gc,metaspace   ] GC(1112) Metaspace: 18950K(19072K)->18950K(19072K) NonClass: 17120K(17216K)->17120K(17216K) Class: 1829K(1856K)->1829K(1856K)
[478.407s][info][gc             ] GC(1112) Pause Young (Normal) (G1 Evacuation Pause) 867M->625M(978M) 49.062ms
[478.407s][info][gc,cpu         ] GC(1112) User=0.09s Sys=0.00s Real=0.05s
[478.952s][info][gc,start       ] GC(1113) Pause Young (Normal) (G1 Evacuation Pause)
[478.952s][info][gc,task        ] GC(1113) Using 2 workers of 2 for evacuation
[479.060s][info][gc,phases      ] GC(1113)   Pre Evacuate Collection Set: 0.35ms
[479.060s][info][gc,phases      ] GC(1113)   Merge Heap Roots: 0.24ms
[479.060s][info][gc,phases      ] GC(1113)   Evacuate Collection Set: 105.98ms
[479.060s][info][gc,phases      ] GC(1113)   Post Evacuate Collection Set: 1.54ms
[479.060s][info][gc,phases      ] GC(1113)   Other: 0.09ms
[479.060s][info][gc,heap        ] GC(1113) Eden regions: 257->0(175)
[479.060s][info][gc,heap        ] GC(1113) Survivor regions: 25->36(36)
[479.060s][info][gc,heap        ] GC(1113) Old regions: 593->661
[479.060s][info][gc,heap        ] GC(1113) Humongous regions: 8->8
[479.060s][info][gc,metaspace   ] GC(1113) Metaspace: 18950K(19072K)->18950K(19072K) NonClass: 17120K(17216K)->17120K(17216K) Class: 1829K(1856K)->1829K(1856K)
[479.060s][info][gc             ] GC(1113) Pause Young (Normal) (G1 Evacuation Pause) (Evacuation Failure: Allocation) 882M->704M(978M) 108.441ms
[479.060s][info][gc,cpu         ] GC(1113) User=0.22s Sys=0.00s Real=0.10s
[479.451s][info][gc,start       ] GC(1114) Pause Young (Normal) (G1 Evacuation Pause)
[479.451s][info][gc,task        ] GC(1114) Using 2 workers of 2 for evacuation
[479.549s][info][gc,phases      ] GC(1114)   Pre Evacuate Collection Set: 0.57ms
[479.549s][info][gc,phases      ] GC(1114)   Merge Heap Roots: 0.58ms
[479.549s][info][gc,phases      ] GC(1114)   Evacuate Collection Set: 96.53ms
[479.549s][info][gc,phases      ] GC(1114)   Post Evacuate Collection Set: 0.52ms
[479.549s][info][gc,phases      ] GC(1114)   Other: 0.14ms
[479.549s][info][gc,heap        ] GC(1114) Eden regions: 175->0(159)
[479.549s][info][gc,heap        ] GC(1114) Survivor regions: 36->27(27)
[479.549s][info][gc,heap        ] GC(1114) Old regions: 661->697
[479.549s][info][gc,heap        ] GC(1114) Humongous regions: 8->8
[479.549s][info][gc,metaspace   ] GC(1114) Metaspace: 18950K(19072K)->18950K(19072K) NonClass: 17120K(17216K)->17120K(17216K) Class: 1829K(1856K)->1829K(1856K)
[479.549s][info][gc             ] GC(1114) Pause Young (Normal) (G1 Evacuation Pause) 879M->731M(978M) 98.618ms
[479.549s][info][gc,cpu         ] GC(1114) User=0.20s Sys=0.00s Real=0.09s
[479.654s][info][gc,marking     ] GC(1111) Concurrent Mark From Roots 1747.389ms
[479.654s][info][gc,marking     ] GC(1111) Concurrent Preclean
[479.654s][info][gc,marking     ] GC(1111) Concurrent Preclean 0.046ms
[479.654s][info][gc,start       ] GC(1111) Pause Remark
[479.663s][info][gc             ] GC(1111) Pause Remark 781M->738M(978M) 9.052ms
[479.663s][info][gc,cpu         ] GC(1111) User=0.02s Sys=0.00s Real=0.01s
[479.663s][info][gc,marking     ] GC(1111) Concurrent Mark 1756.868ms
[479.663s][info][gc,marking     ] GC(1111) Concurrent Rebuild Remembered Sets and Scrub Regions
[480.019s][info][gc,start       ] GC(1115) Pause Young (Normal) (G1 Evacuation Pause)
[480.019s][info][gc,task        ] GC(1115) Using 2 workers of 2 for evacuation
[480.112s][info][gc,phases      ] GC(1115)   Pre Evacuate Collection Set: 0.58ms
[480.112s][info][gc,phases      ] GC(1115)   Merge Heap Roots: 0.35ms
[480.112s][info][gc,phases      ] GC(1115)   Evacuate Collection Set: 91.14ms
[480.112s][info][gc,phases      ] GC(1115)   Post Evacuate Collection Set: 0.65ms
[480.112s][info][gc,phases      ] GC(1115)   Other: 0.09ms
[480.112s][info][gc,heap        ] GC(1115) Eden regions: 159->0(153)
[480.112s][info][gc,heap        ] GC(1115) Survivor regions: 27->24(24)
[480.112s][info][gc,heap        ] GC(1115) Old regions: 656->696
[480.112s][info][gc,heap        ] GC(1115) Humongous regions: 9->9
[480.112s][info][gc,metaspace   ] GC(1115) Metaspace: 18950K(19072K)->18950K(19072K) NonClass: 17120K(17216K)->17120K(17216K) Class: 1829K(1856K)->1829K(1856K)
[480.112s][info][gc             ] GC(1115) Pause Young (Normal) (G1 Evacuation Pause) 850M->728M(978M) 93.112ms
[480.112s][info][gc,cpu         ] GC(1115) User=0.19s Sys=0.00s Real=0.10s
[480.428s][info][gc,marking     ] GC(1111) Concurrent Rebuild Remembered Sets and Scrub Regions 764.397ms
[480.428s][info][gc,start       ] GC(1111) Pause Cleanup
[480.428s][info][gc             ] GC(1111) Pause Cleanup 867M->867M(978M) 0.175ms
[480.428s][info][gc,cpu         ] GC(1111) User=0.00s Sys=0.00s Real=0.00s
[480.430s][info][gc,marking     ] GC(1111) Concurrent Clear Claimed Marks
[480.430s][info][gc,marking     ] GC(1111) Concurrent Clear Claimed Marks 0.055ms
[480.430s][info][gc,marking     ] GC(1111) Concurrent Cleanup for Next Mark
[480.433s][info][gc,marking     ] GC(1111) Concurrent Cleanup for Next Mark 3.030ms
[480.433s][info][gc             ] GC(1111) Concurrent Mark Cycle 2631.050ms
[480.450s][info][gc,start       ] GC(1116) Pause Young (Prepare Mixed) (G1 Evacuation Pause)
[480.450s][info][gc,task        ] GC(1116) Using 2 workers of 2 for evacuation
[480.518s][info][gc,phases      ] GC(1116)   Pre Evacuate Collection Set: 0.35ms
[480.518s][info][gc,phases      ] GC(1116)   Merge Heap Roots: 0.50ms
[480.518s][info][gc,phases      ] GC(1116)   Evacuate Collection Set: 66.27ms
[480.518s][info][gc,phases      ] GC(1116)   Post Evacuate Collection Set: 0.48ms
[480.518s][info][gc,phases      ] GC(1116)   Other: 0.11ms
[480.518s][info][gc,heap        ] GC(1116) Eden regions: 153->0(145)
[480.518s][info][gc,heap        ] GC(1116) Survivor regions: 24->20(23)
[480.518s][info][gc,heap        ] GC(1116) Old regions: 696->721
[480.518s][info][gc,heap        ] GC(1116) Humongous regions: 9->9
[480.518s][info][gc,metaspace   ] GC(1116) Metaspace: 18950K(19072K)->18950K(19072K) NonClass: 17120K(17216K)->17120K(17216K) Class: 1829K(1856K)->1829K(1856K)
[480.518s][info][gc             ] GC(1116) Pause Young (Prepare Mixed) (G1 Evacuation Pause) 881M->748M(978M) 67.990ms
[480.518s][info][gc,cpu         ] GC(1116) User=0.14s Sys=0.00s Real=0.07s
[480.646s][info][gc,start       ] GC(1117) Pause Young (Mixed) (G1 Evacuation Pause)
[480.647s][info][gc,task        ] GC(1117) Using 2 workers of 2 for evacuation
[480.708s][info][gc,phases      ] GC(1117)   Pre Evacuate Collection Set: 0.34ms
[480.708s][info][gc,phases      ] GC(1117)   Merge Heap Roots: 0.61ms
[480.708s][info][gc,phases      ] GC(1117)   Evacuate Collection Set: 59.57ms
[480.708s][info][gc,phases      ] GC(1117)   Post Evacuate Collection Set: 0.55ms
[480.708s][info][gc,phases      ] GC(1117)   Other: 0.11ms
[480.708s][info][gc,heap        ] GC(1117) Eden regions: 145->0(171)
[480.708s][info][gc,heap        ] GC(1117) Survivor regions: 20->5(21)
[480.708s][info][gc,heap        ] GC(1117) Old regions: 721->708
[480.708s][info][gc,heap        ] GC(1117) Humongous regions: 9->9
[480.708s][info][gc,metaspace   ] GC(1117) Metaspace: 18950K(19072K)->18950K(19072K) NonClass: 17120K(17216K)->17120K(17216K) Class: 1829K(1856K)->1829K(1856K)
[480.708s][info][gc             ] GC(1117) Pause Young (Mixed) (G1 Evacuation Pause) 893M->721M(978M) 61.439ms
[480.708s][info][gc,cpu         ] GC(1117) User=0.12s Sys=0.00s Real=0.06s
[480.941s][info][gc,start       ] GC(1118) Pause Young (Concurrent Start) (G1 Evacuation Pause)
[480.941s][info][gc,task        ] GC(1118) Using 2 workers of 2 for evacuation
[480.963s][info][gc,phases      ] GC(1118)   Pre Evacuate Collection Set: 0.34ms
[480.963s][info][gc,phases      ] GC(1118)   Merge Heap Roots: 0.25ms
[480.963s][info][gc,phases      ] GC(1118)   Evacuate Collection Set: 20.17ms
[480.963s][info][gc,phases      ] GC(1118)   Post Evacuate Collection Set: 0.55ms
[480.963s][info][gc,phases      ] GC(1118)   Other: 0.13ms
[480.963s][info][gc,heap        ] GC(1118) Eden regions: 171->0(178)
[480.963s][info][gc,heap        ] GC(1118) Survivor regions: 5->9(22)
[480.963s][info][gc,heap        ] GC(1118) Old regions: 708->708
[480.963s][info][gc,heap        ] GC(1118) Humongous regions: 9->9
[480.963s][info][gc,metaspace   ] GC(1118) Metaspace: 18950K(19072K)->18950K(19072K) NonClass: 17120K(17216K)->17120K(17216K) Class: 1829K(1856K)->1829K(1856K)
[480.963s][info][gc             ] GC(1118) Pause Young (Concurrent Start) (G1 Evacuation Pause) 892M->725M(978M) 21.715ms
[480.963s][info][gc,cpu         ] GC(1118) User=0.04s Sys=0.00s Real=0.02s
[480.963s][info][gc             ] GC(1119) Concurrent Mark Cycle
[480.963s][info][gc,marking     ] GC(1119) Concurrent Scan Root Regions
[480.986s][info][gc,marking     ] GC(1119) Concurrent Scan Root Regions 23.538ms
[480.986s][info][gc,marking     ] GC(1119) Concurrent Mark
[480.986s][info][gc,marking     ] GC(1119) Concurrent Mark From Roots
[480.987s][info][gc,task        ] GC(1119) Using 1 workers of 1 for marking
[481.327s][info][gc,start       ] GC(1120) Pause Young (Normal) (G1 Evacuation Pause)
[481.327s][info][gc,task        ] GC(1120) Using 2 workers of 2 for evacuation
[481.354s][info][gc,phases      ] GC(1120)   Pre Evacuate Collection Set: 0.56ms
[481.354s][info][gc,phases      ] GC(1120)   Merge Heap Roots: 0.17ms
[481.354s][info][gc,phases      ] GC(1120)   Evacuate Collection Set: 26.03ms
[481.354s][info][gc,phases      ] GC(1120)   Post Evacuate Collection Set: 0.50ms
[481.354s][info][gc,phases      ] GC(1120)   Other: 0.09ms
[481.354s][info][gc,heap        ] GC(1120) Eden regions: 178->0(171)
[481.354s][info][gc,heap        ] GC(1120) Survivor regions: 9->20(24)
[481.354s][info][gc,heap        ] GC(1120) Old regions: 708->708
[481.354s][info][gc,heap        ] GC(1120) Humongous regions: 9->9
[481.354s][info][gc,metaspace   ] GC(1120) Metaspace: 18950K(19072K)->18950K(19072K) NonClass: 17120K(17216K)->17120K(17216K) Class: 1829K(1856K)->1829K(1856K)
[481.355s][info][gc             ] GC(1120) Pause Young (Normal) (G1 Evacuation Pause) 903M->736M(978M) 27.661ms
[481.355s][info][gc,cpu         ] GC(1120) User=0.06s Sys=0.00s Real=0.03s
[481.965s][info][gc,start       ] GC(1121) Pause Young (Normal) (G1 Evacuation Pause)
[481.965s][info][gc,task        ] GC(1121) Using 2 workers of 2 for evacuation
[482.016s][info][gc,phases      ] GC(1121)   Pre Evacuate Collection Set: 0.56ms
[482.016s][info][gc,phases      ] GC(1121)   Merge Heap Roots: 0.29ms
[482.016s][info][gc,phases      ] GC(1121)   Evacuate Collection Set: 49.76ms
[482.016s][info][gc,phases      ] GC(1121)   Post Evacuate Collection Set: 0.49ms
[482.016s][info][gc,phases      ] GC(1121)   Other: 0.09ms
[482.016s][info][gc,heap        ] GC(1121) Eden regions: 171->0(150)
[482.016s][info][gc,heap        ] GC(1121) Survivor regions: 20->24(24)
[482.016s][info][gc,heap        ] GC(1121) Old regions: 708->721
[482.016s][info][gc,heap        ] GC(1121) Humongous regions: 9->9
[482.016s][info][gc,metaspace   ] GC(1121) Metaspace: 18950K(19072K)->18950K(19072K) NonClass: 17120K(17216K)->17120K(17216K) Class: 1829K(1856K)->1829K(1856K)
[482.016s][info][gc             ] GC(1121) Pause Young (Normal) (G1 Evacuation Pause) 907M->753M(978M) 51.441ms
[482.016s][info][gc,cpu         ] GC(1121) User=0.10s Sys=0.00s Real=0.05s
[482.751s][info][gc,start       ] GC(1122) Pause Young (Normal) (G1 Evacuation Pause)
[482.751s][info][gc,task        ] GC(1122) Using 2 workers of 2 for evacuation
[482.781s][info][gc,phases      ] GC(1122)   Pre Evacuate Collection Set: 0.34ms
[482.781s][info][gc,phases      ] GC(1122)   Merge Heap Roots: 0.15ms
[482.781s][info][gc,phases      ] GC(1122)   Evacuate Collection Set: 28.32ms
[482.781s][info][gc,phases      ] GC(1122)   Post Evacuate Collection Set: 0.44ms
[482.781s][info][gc,phases      ] GC(1122)   Other: 0.09ms
[482.781s][info][gc,heap        ] GC(1122) Eden regions: 150->0(171)
[482.781s][info][gc,heap        ] GC(1122) Survivor regions: 24->1(22)
[482.781s][info][gc,heap        ] GC(1122) Old regions: 721->746
[482.781s][info][gc,heap        ] GC(1122) Humongous regions: 9->9
[482.781s][info][gc,metaspace   ] GC(1122) Metaspace: 18950K(19072K)->18950K(19072K) NonClass: 17120K(17216K)->17120K(17216K) Class: 1829K(1856K)->1829K(1856K)
[482.781s][info][gc             ] GC(1122) Pause Young (Normal) (G1 Evacuation Pause) 903M->755M(978M) 29.608ms
[482.781s][info][gc,cpu         ] GC(1122) User=0.05s Sys=0.00s Real=0.03s
[482.979s][info][gc,marking     ] GC(1119) Concurrent Mark From Roots 1992.717ms
[482.979s][info][gc,marking     ] GC(1119) Concurrent Preclean
[482.979s][info][gc,marking     ] GC(1119) Concurrent Preclean 0.055ms
[482.980s][info][gc,start       ] GC(1119) Pause Remark
[482.988s][info][gc             ] GC(1119) Pause Remark 797M->645M(978M) 8.882ms
[482.988s][info][gc,cpu         ] GC(1119) User=0.02s Sys=0.00s Real=0.01s
[482.991s][info][gc,marking     ] GC(1119) Concurrent Mark 2004.071ms
[482.991s][info][gc,marking     ] GC(1119) Concurrent Rebuild Remembered Sets and Scrub Regions
[483.502s][info][gc,start       ] GC(1123) Pause Young (Normal) (G1 Evacuation Pause)
[483.502s][info][gc,task        ] GC(1123) Using 2 workers of 2 for evacuation
[483.504s][info][gc,phases      ] GC(1123)   Pre Evacuate Collection Set: 0.55ms
[483.504s][info][gc,phases      ] GC(1123)   Merge Heap Roots: 0.17ms
[483.504s][info][gc,phases      ] GC(1123)   Evacuate Collection Set: 1.34ms
[483.504s][info][gc,phases      ] GC(1123)   Post Evacuate Collection Set: 0.39ms
[483.504s][info][gc,phases      ] GC(1123)   Other: 0.09ms
[483.504s][info][gc,heap        ] GC(1123) Eden regions: 171->0(281)
[483.504s][info][gc,heap        ] GC(1123) Survivor regions: 1->1(22)
[483.504s][info][gc,heap        ] GC(1123) Old regions: 597->597
[483.504s][info][gc,heap        ] GC(1123) Humongous regions: 6->6
[483.505s][info][gc,metaspace   ] GC(1123) Metaspace: 18950K(19072K)->18950K(19072K) NonClass: 17120K(17216K)->17120K(17216K) Class: 1829K(1856K)->1829K(1856K)
[483.505s][info][gc             ] GC(1123) Pause Young (Normal) (G1 Evacuation Pause) 774M->603M(978M) 2.830ms
[483.505s][info][gc,cpu         ] GC(1123) User=0.01s Sys=0.01s Real=0.00s
[483.609s][info][gc,marking     ] GC(1119) Concurrent Rebuild Remembered Sets and Scrub Regions 617.993ms
[483.609s][info][gc,start       ] GC(1119) Pause Cleanup
[483.609s][info][gc             ] GC(1119) Pause Cleanup 630M->630M(978M) 0.120ms
[483.609s][info][gc,cpu         ] GC(1119) User=0.00s Sys=0.00s Real=0.00s
[483.609s][info][gc,marking     ] GC(1119) Concurrent Clear Claimed Marks
[483.609s][info][gc,marking     ] GC(1119) Concurrent Clear Claimed Marks 0.032ms
[483.609s][info][gc,marking     ] GC(1119) Concurrent Cleanup for Next Mark
[483.612s][info][gc,marking     ] GC(1119) Concurrent Cleanup for Next Mark 2.969ms
[483.612s][info][gc             ] GC(1119) Concurrent Mark Cycle 2649.213ms
[484.227s][info][gc,start       ] GC(1124) Pause Young (Prepare Mixed) (G1 Evacuation Pause)
[484.228s][info][gc,task        ] GC(1124) Using 2 workers of 2 for evacuation
[484.239s][info][gc,phases      ] GC(1124)   Pre Evacuate Collection Set: 0.53ms
[484.239s][info][gc,phases      ] GC(1124)   Merge Heap Roots: 0.38ms
[484.239s][info][gc,phases      ] GC(1124)   Evacuate Collection Set: 10.12ms
[484.239s][info][gc,phases      ] GC(1124)   Post Evacuate Collection Set: 0.57ms
[484.239s][info][gc,phases      ] GC(1124)   Other: 0.10ms
[484.239s][info][gc,heap        ] GC(1124) Eden regions: 281->0(295)
[484.239s][info][gc,heap        ] GC(1124) Survivor regions: 1->1(36)
[484.239s][info][gc,heap        ] GC(1124) Old regions: 597->597
[484.239s][info][gc,heap        ] GC(1124) Humongous regions: 6->6
[484.239s][info][gc,metaspace   ] GC(1124) Metaspace: 18950K(19072K)->18950K(19072K) NonClass: 17120K(17216K)->17120K(17216K) Class: 1829K(1856K)->1829K(1856K)
[484.239s][info][gc             ] GC(1124) Pause Young (Prepare Mixed) (G1 Evacuation Pause) 884M->602M(978M) 11.975ms
[484.239s][info][gc,cpu         ] GC(1124) User=0.03s Sys=0.00s Real=0.01s
[484.657s][info][gc,start       ] GC(1125) Pause Young (Mixed) (G1 Evacuation Pause)
[484.657s][info][gc,task        ] GC(1125) Using 2 workers of 2 for evacuation
[484.736s][info][gc,phases      ] GC(1125)   Pre Evacuate Collection Set: 0.32ms
[484.736s][info][gc,phases      ] GC(1125)   Merge Heap Roots: 0.16ms
[484.736s][info][gc,phases      ] GC(1125)   Evacuate Collection Set: 77.97ms
[484.736s][info][gc,phases      ] GC(1125)   Post Evacuate Collection Set: 0.90ms
[484.736s][info][gc,phases      ] GC(1125)   Other: 0.11ms
[484.736s][info][gc,heap        ] GC(1125) Eden regions: 295->0(219)
[484.736s][info][gc,heap        ] GC(1125) Survivor regions: 1->37(37)
[484.736s][info][gc,heap        ] GC(1125) Old regions: 597->625
[484.736s][info][gc,heap        ] GC(1125) Humongous regions: 6->6
[484.736s][info][gc,metaspace   ] GC(1125) Metaspace: 18951K(19072K)->18951K(19072K) NonClass: 17121K(17216K)->17121K(17216K) Class: 1829K(1856K)->1829K(1856K)
[484.736s][info][gc             ] GC(1125) Pause Young (Mixed) (G1 Evacuation Pause) 897M->667M(978M) 79.718ms
[484.736s][info][gc,cpu         ] GC(1125) User=0.16s Sys=0.00s Real=0.08s
[484.896s][info][gc,start       ] GC(1126) Pause Young (Concurrent Start) (G1 Humongous Allocation)
[484.896s][info][gc,task        ] GC(1126) Using 2 workers of 2 for evacuation
[484.970s][info][gc,phases      ] GC(1126)   Pre Evacuate Collection Set: 0.38ms
[484.970s][info][gc,phases      ] GC(1126)   Merge Heap Roots: 0.41ms
[484.970s][info][gc,phases      ] GC(1126)   Evacuate Collection Set: 71.89ms
[484.970s][info][gc,phases      ] GC(1126)   Post Evacuate Collection Set: 0.62ms
[484.970s][info][gc,phases      ] GC(1126)   Other: 0.24ms
[484.970s][info][gc,heap        ] GC(1126) Eden regions: 109->0(221)
[484.970s][info][gc,heap        ] GC(1126) Survivor regions: 37->8(32)
[484.970s][info][gc,heap        ] GC(1126) Old regions: 625->663
[484.970s][info][gc,heap        ] GC(1126) Humongous regions: 6->6
[484.970s][info][gc,metaspace   ] GC(1126) Metaspace: 18951K(19072K)->18951K(19072K) NonClass: 17121K(17216K)->17121K(17216K) Class: 1829K(1856K)->1829K(1856K)
[484.970s][info][gc             ] GC(1126) Pause Young (Concurrent Start) (G1 Humongous Allocation) 776M->676M(978M) 73.868ms
[484.970s][info][gc,cpu         ] GC(1126) User=0.14s Sys=0.00s Real=0.07s
[484.970s][info][gc             ] GC(1127) Concurrent Mark Cycle
[484.970s][info][gc,marking     ] GC(1127) Concurrent Scan Root Regions
[485.030s][info][gc,marking     ] GC(1127) Concurrent Scan Root Regions 60.435ms
[485.031s][info][gc,marking     ] GC(1127) Concurrent Mark
[485.031s][info][gc,marking     ] GC(1127) Concurrent Mark From Roots
[485.031s][info][gc,task        ] GC(1127) Using 1 workers of 1 for marking
[485.549s][info][gc,start       ] GC(1128) Pause Young (Normal) (G1 Evacuation Pause)
[485.549s][info][gc,task        ] GC(1128) Using 2 workers of 2 for evacuation
[485.639s][info][gc,phases      ] GC(1128)   Pre Evacuate Collection Set: 0.54ms
[485.639s][info][gc,phases      ] GC(1128)   Merge Heap Roots: 0.79ms
[485.639s][info][gc,phases      ] GC(1128)   Evacuate Collection Set: 88.47ms
[485.639s][info][gc,phases      ] GC(1128)   Post Evacuate Collection Set: 0.66ms
[485.639s][info][gc,phases      ] GC(1128)   Other: 0.11ms
[485.639s][info][gc,heap        ] GC(1128) Eden regions: 221->0(180)
[485.639s][info][gc,heap        ] GC(1128) Survivor regions: 8->29(29)
[485.639s][info][gc,heap        ] GC(1128) Old regions: 663->681
[485.639s][info][gc,heap        ] GC(1128) Humongous regions: 9->9
[485.639s][info][gc,metaspace   ] GC(1128) Metaspace: 18951K(19072K)->18951K(19072K) NonClass: 17121K(17216K)->17121K(17216K) Class: 1829K(1856K)->1829K(1856K)
[485.639s][info][gc             ] GC(1128) Pause Young (Normal) (G1 Evacuation Pause) 900M->718M(978M) 90.828ms
[485.639s][info][gc,cpu         ] GC(1128) User=0.18s Sys=0.00s Real=0.09s
[485.957s][info][gc,start       ] GC(1129) Pause Young (Normal) (G1 Evacuation Pause)
[485.957s][info][gc,task        ] GC(1129) Using 2 workers of 2 for evacuation
[486.029s][info][gc,phases      ] GC(1129)   Pre Evacuate Collection Set: 0.30ms
[486.029s][info][gc,phases      ] GC(1129)   Merge Heap Roots: 0.45ms
[486.029s][info][gc,phases      ] GC(1129)   Evacuate Collection Set: 71.39ms
[486.029s][info][gc,phases      ] GC(1129)   Post Evacuate Collection Set: 0.47ms
[486.029s][info][gc,phases      ] GC(1129)   Other: 0.11ms
[486.029s][info][gc,heap        ] GC(1129) Eden regions: 180->0(177)
[486.029s][info][gc,heap        ] GC(1129) Survivor regions: 29->16(27)
[486.029s][info][gc,heap        ] GC(1129) Old regions: 681->710
[486.030s][info][gc,heap        ] GC(1129) Humongous regions: 9->9
[486.030s][info][gc,metaspace   ] GC(1129) Metaspace: 18951K(19072K)->18951K(19072K) NonClass: 17121K(17216K)->17121K(17216K) Class: 1829K(1856K)->1829K(1856K)
[486.030s][info][gc             ] GC(1129) Pause Young (Normal) (G1 Evacuation Pause) 898M->734M(978M) 72.986ms
[486.030s][info][gc,cpu         ] GC(1129) User=0.14s Sys=0.00s Real=0.07s
[486.338s][info][gc,start       ] GC(1130) Pause Young (Normal) (G1 Evacuation Pause)
[486.339s][info][gc,task        ] GC(1130) Using 2 workers of 2 for evacuation
[486.364s][info][gc,phases      ] GC(1130)   Pre Evacuate Collection Set: 0.31ms
[486.364s][info][gc,phases      ] GC(1130)   Merge Heap Roots: 0.21ms
[486.364s][info][gc,phases      ] GC(1130)   Evacuate Collection Set: 24.59ms
[486.364s][info][gc,phases      ] GC(1130)   Post Evacuate Collection Set: 0.44ms
[486.364s][info][gc,phases      ] GC(1130)   Other: 0.11ms
[486.364s][info][gc,heap        ] GC(1130) Eden regions: 177->0(185)
[486.364s][info][gc,heap        ] GC(1130) Survivor regions: 16->1(25)
[486.364s][info][gc,heap        ] GC(1130) Old regions: 710->726
[486.364s][info][gc,heap        ] GC(1130) Humongous regions: 9->9
[486.364s][info][gc,metaspace   ] GC(1130) Metaspace: 18951K(19072K)->18951K(19072K) NonClass: 17121K(17216K)->17121K(17216K) Class: 1829K(1856K)->1829K(1856K)
[486.364s][info][gc             ] GC(1130) Pause Young (Normal) (G1 Evacuation Pause) 911M->735M(978M) 25.945ms
[486.364s][info][gc,cpu         ] GC(1130) User=0.05s Sys=0.00s Real=0.03s
[486.746s][info][gc,start       ] GC(1131) Pause Young (Normal) (G1 Evacuation Pause)
[486.747s][info][gc,task        ] GC(1131) Using 2 workers of 2 for evacuation
[486.772s][info][gc,phases      ] GC(1131)   Pre Evacuate Collection Set: 0.32ms
[486.772s][info][gc,phases      ] GC(1131)   Merge Heap Roots: 0.16ms
[486.772s][info][gc,phases      ] GC(1131)   Evacuate Collection Set: 24.67ms
[486.772s][info][gc,phases      ] GC(1131)   Post Evacuate Collection Set: 0.49ms
[486.772s][info][gc,phases      ] GC(1131)   Other: 0.11ms
[486.772s][info][gc,heap        ] GC(1131) Eden regions: 185->0(155)
[486.772s][info][gc,heap        ] GC(1131) Survivor regions: 1->19(24)
[486.772s][info][gc,heap        ] GC(1131) Old regions: 726->726
[486.772s][info][gc,heap        ] GC(1131) Humongous regions: 9->9
[486.772s][info][gc,metaspace   ] GC(1131) Metaspace: 18965K(19136K)->18965K(19136K) NonClass: 17135K(17280K)->17135K(17280K) Class: 1829K(1856K)->1829K(1856K)
[486.772s][info][gc             ] GC(1131) Pause Young (Normal) (G1 Evacuation Pause) 920M->753M(978M) 26.013ms
[486.772s][info][gc,cpu         ] GC(1131) User=0.05s Sys=0.00s Real=0.03s
[487.069s][info][gc,start       ] GC(1132) Pause Young (Normal) (G1 Evacuation Pause)
[487.070s][info][gc,task        ] GC(1132) Using 2 workers of 2 for evacuation
[487.100s][info][gc,phases      ] GC(1132)   Pre Evacuate Collection Set: 0.33ms
[487.100s][info][gc,phases      ] GC(1132)   Merge Heap Roots: 0.25ms
[487.100s][info][gc,phases      ] GC(1132)   Evacuate Collection Set: 29.59ms
[487.100s][info][gc,phases      ] GC(1132)   Post Evacuate Collection Set: 0.47ms
[487.100s][info][gc,phases      ] GC(1132)   Other: 0.10ms
[487.100s][info][gc,heap        ] GC(1132) Eden regions: 155->0(155)
[487.100s][info][gc,heap        ] GC(1132) Survivor regions: 19->13(22)
[487.100s][info][gc,heap        ] GC(1132) Old regions: 726->738
[487.100s][info][gc,heap        ] GC(1132) Humongous regions: 9->9
[487.100s][info][gc,metaspace   ] GC(1132) Metaspace: 18967K(19136K)->18967K(19136K) NonClass: 17137K(17280K)->17137K(17280K) Class: 1829K(1856K)->1829K(1856K)
[487.100s][info][gc             ] GC(1132) Pause Young (Normal) (G1 Evacuation Pause) 908M->759M(978M) 30.989ms
[487.101s][info][gc,cpu         ] GC(1132) User=0.06s Sys=0.00s Real=0.04s
[487.243s][info][gc,marking     ] GC(1127) Concurrent Mark From Roots 2212.161ms
[487.243s][info][gc,marking     ] GC(1127) Concurrent Preclean
[487.243s][info][gc,marking     ] GC(1127) Concurrent Preclean 0.049ms
[487.243s][info][gc,start       ] GC(1127) Pause Remark
[487.254s][info][gc             ] GC(1127) Pause Remark 857M->841M(978M) 11.355ms
[487.254s][info][gc,cpu         ] GC(1127) User=0.02s Sys=0.00s Real=0.01s
[487.256s][info][gc,marking     ] GC(1127) Concurrent Mark 2225.703ms
[487.256s][info][gc,marking     ] GC(1127) Concurrent Rebuild Remembered Sets and Scrub Regions
[487.378s][info][gc,start       ] GC(1133) Pause Young (Normal) (G1 Evacuation Pause)
[487.378s][info][gc,task        ] GC(1133) Using 2 workers of 2 for evacuation
[487.437s][info][gc,phases      ] GC(1133)   Pre Evacuate Collection Set: 0.56ms
[487.437s][info][gc,phases      ] GC(1133)   Merge Heap Roots: 0.23ms
[487.437s][info][gc,phases      ] GC(1133)   Evacuate Collection Set: 58.16ms
[487.437s][info][gc,phases      ] GC(1133)   Post Evacuate Collection Set: 0.47ms
[487.437s][info][gc,phases      ] GC(1133)   Other: 0.09ms
[487.437s][info][gc,heap        ] GC(1133) Eden regions: 155->0(124)
[487.437s][info][gc,heap        ] GC(1133) Survivor regions: 13->21(21)
[487.437s][info][gc,heap        ] GC(1133) Old regions: 722->753
[487.438s][info][gc,heap        ] GC(1133) Humongous regions: 9->9
[487.438s][info][gc,metaspace   ] GC(1133) Metaspace: 18967K(19136K)->18967K(19136K) NonClass: 17137K(17280K)->17137K(17280K) Class: 1829K(1856K)->1829K(1856K)
[487.438s][info][gc             ] GC(1133) Pause Young (Normal) (G1 Evacuation Pause) 898M->782M(978M) 59.773ms
[487.438s][info][gc,cpu         ] GC(1133) User=0.11s Sys=0.00s Real=0.06s
[487.695s][info][gc,start       ] GC(1134) Pause Young (Normal) (G1 Evacuation Pause)
[487.695s][info][gc,task        ] GC(1134) Using 2 workers of 2 for evacuation
[487.740s][info][gc,phases      ] GC(1134)   Pre Evacuate Collection Set: 0.35ms
[487.740s][info][gc,phases      ] GC(1134)   Merge Heap Roots: 0.17ms
[487.740s][info][gc,phases      ] GC(1134)   Evacuate Collection Set: 44.20ms
[487.740s][info][gc,phases      ] GC(1134)   Post Evacuate Collection Set: 0.49ms
[487.740s][info][gc,phases      ] GC(1134)   Other: 0.11ms
[487.740s][info][gc,heap        ] GC(1134) Eden regions: 124->0(115)
[487.740s][info][gc,heap        ] GC(1134) Survivor regions: 21->15(19)
[487.740s][info][gc,heap        ] GC(1134) Old regions: 753->774
[487.740s][info][gc,heap        ] GC(1134) Humongous regions: 9->9
[487.740s][info][gc,metaspace   ] GC(1134) Metaspace: 18967K(19136K)->18967K(19136K) NonClass: 17137K(17280K)->17137K(17280K) Class: 1829K(1856K)->1829K(1856K)
[487.740s][info][gc             ] GC(1134) Pause Young (Normal) (G1 Evacuation Pause) 906M->797M(978M) 45.583ms
[487.740s][info][gc,cpu         ] GC(1134) User=0.09s Sys=0.00s Real=0.04s
[487.959s][info][gc,start       ] GC(1135) Pause Young (Normal) (G1 Evacuation Pause)
[487.959s][info][gc,task        ] GC(1135) Using 2 workers of 2 for evacuation
[487.988s][info][gc,phases      ] GC(1135)   Pre Evacuate Collection Set: 0.56ms
[487.988s][info][gc,phases      ] GC(1135)   Merge Heap Roots: 0.19ms
[487.988s][info][gc,phases      ] GC(1135)   Evacuate Collection Set: 27.57ms
[487.988s][info][gc,phases      ] GC(1135)   Post Evacuate Collection Set: 0.45ms
[487.988s][info][gc,phases      ] GC(1135)   Other: 0.13ms
[487.988s][info][gc,heap        ] GC(1135) Eden regions: 115->0(118)
[487.988s][info][gc,heap        ] GC(1135) Survivor regions: 15->6(17)
[487.988s][info][gc,heap        ] GC(1135) Old regions: 774->789
[487.988s][info][gc,heap        ] GC(1135) Humongous regions: 9->9
[487.988s][info][gc,metaspace   ] GC(1135) Metaspace: 18967K(19136K)->18967K(19136K) NonClass: 17137K(17280K)->17137K(17280K) Class: 1829K(1856K)->1829K(1856K)
[487.988s][info][gc             ] GC(1135) Pause Young (Normal) (G1 Evacuation Pause) 912M->803M(978M) 29.172ms
[487.988s][info][gc,cpu         ] GC(1135) User=0.05s Sys=0.00s Real=0.03s
[488.162s][info][gc,marking     ] GC(1127) Concurrent Rebuild Remembered Sets and Scrub Regions 905.981ms
[488.163s][info][gc,start       ] GC(1127) Pause Cleanup
[488.163s][info][gc             ] GC(1127) Pause Cleanup 843M->843M(978M) 0.151ms
[488.163s][info][gc,cpu         ] GC(1127) User=0.00s Sys=0.00s Real=0.00s
[488.163s][info][gc,marking     ] GC(1127) Concurrent Clear Claimed Marks
[488.163s][info][gc,marking     ] GC(1127) Concurrent Clear Claimed Marks 0.042ms
[488.163s][info][gc,marking     ] GC(1127) Concurrent Cleanup for Next Mark
[488.168s][info][gc,marking     ] GC(1127) Concurrent Cleanup for Next Mark 5.133ms
[488.168s][info][gc             ] GC(1127) Concurrent Mark Cycle 3197.949ms
[488.379s][info][gc,start       ] GC(1136) Pause Young (Prepare Mixed) (G1 Evacuation Pause)
[488.379s][info][gc,task        ] GC(1136) Using 2 workers of 2 for evacuation
[488.388s][info][gc,phases      ] GC(1136)   Pre Evacuate Collection Set: 0.33ms
[488.388s][info][gc,phases      ] GC(1136)   Merge Heap Roots: 0.15ms
[488.388s][info][gc,phases      ] GC(1136)   Evacuate Collection Set: 8.54ms
[488.388s][info][gc,phases      ] GC(1136)   Post Evacuate Collection Set: 0.45ms
[488.389s][info][gc,phases      ] GC(1136)   Other: 0.14ms
[488.389s][info][gc,heap        ] GC(1136) Eden regions: 118->0(118)
[488.389s][info][gc,heap        ] GC(1136) Survivor regions: 6->6(16)
[488.389s][info][gc,heap        ] GC(1136) Old regions: 789->789
[488.389s][info][gc,heap        ] GC(1136) Humongous regions: 9->9
[488.389s][info][gc,metaspace   ] GC(1136) Metaspace: 18967K(19136K)->18967K(19136K) NonClass: 17137K(17280K)->17137K(17280K) Class: 1829K(1856K)->1829K(1856K)
[488.389s][info][gc             ] GC(1136) Pause Young (Prepare Mixed) (G1 Evacuation Pause) 921M->803M(978M) 9.862ms
[488.389s][info][gc,cpu         ] GC(1136) User=0.02s Sys=0.01s Real=0.01s
[488.686s][info][gc,start       ] GC(1137) Pause Young (Mixed) (G1 Evacuation Pause)
[488.686s][info][gc,task        ] GC(1137) Using 2 workers of 2 for evacuation
[488.703s][info][gc,phases      ] GC(1137)   Pre Evacuate Collection Set: 0.35ms
[488.704s][info][gc,phases      ] GC(1137)   Merge Heap Roots: 0.14ms
[488.704s][info][gc,phases      ] GC(1137)   Evacuate Collection Set: 16.15ms
[488.704s][info][gc,phases      ] GC(1137)   Post Evacuate Collection Set: 0.44ms
[488.704s][info][gc,phases      ] GC(1137)   Other: 0.14ms
[488.704s][info][gc,heap        ] GC(1137) Eden regions: 118->0(112)
[488.704s][info][gc,heap        ] GC(1137) Survivor regions: 6->14(16)
[488.704s][info][gc,heap        ] GC(1137) Old regions: 789->779
[488.704s][info][gc,heap        ] GC(1137) Humongous regions: 9->9
[488.704s][info][gc,metaspace   ] GC(1137) Metaspace: 18967K(19136K)->18967K(19136K) NonClass: 17138K(17280K)->17138K(17280K) Class: 1829K(1856K)->1829K(1856K)
[488.704s][info][gc             ] GC(1137) Pause Young (Mixed) (G1 Evacuation Pause) 921M->801M(978M) 17.447ms
[488.704s][info][gc,cpu         ] GC(1137) User=0.03s Sys=0.00s Real=0.02s
[488.856s][info][gc,start       ] GC(1138) Pause Young (Concurrent Start) (G1 Evacuation Pause)
[488.857s][info][gc,task        ] GC(1138) Using 2 workers of 2 for evacuation
[488.884s][info][gc,phases      ] GC(1138)   Pre Evacuate Collection Set: 0.39ms
[488.884s][info][gc,phases      ] GC(1138)   Merge Heap Roots: 0.14ms
[488.884s][info][gc,phases      ] GC(1138)   Evacuate Collection Set: 26.51ms
[488.884s][info][gc,phases      ] GC(1138)   Post Evacuate Collection Set: 0.46ms
[488.884s][info][gc,phases      ] GC(1138)   Other: 0.25ms
[488.884s][info][gc,heap        ] GC(1138) Eden regions: 112->0(108)
[488.884s][info][gc,heap        ] GC(1138) Survivor regions: 14->9(16)
[488.884s][info][gc,heap        ] GC(1138) Old regions: 779->793
[488.884s][info][gc,heap        ] GC(1138) Humongous regions: 9->9
[488.884s][info][gc,metaspace   ] GC(1138) Metaspace: 18967K(19136K)->18967K(19136K) NonClass: 17138K(17280K)->17138K(17280K) Class: 1829K(1856K)->1829K(1856K)
[488.884s][info][gc             ] GC(1138) Pause Young (Concurrent Start) (G1 Evacuation Pause) 913M->810M(978M) 28.026ms
[488.884s][info][gc,cpu         ] GC(1138) User=0.05s Sys=0.00s Real=0.03s
[488.885s][info][gc             ] GC(1139) Concurrent Mark Cycle
[488.885s][info][gc,marking     ] GC(1139) Concurrent Scan Root Regions
[488.911s][info][gc,marking     ] GC(1139) Concurrent Scan Root Regions 26.713ms
[488.911s][info][gc,marking     ] GC(1139) Concurrent Mark
[488.911s][info][gc,marking     ] GC(1139) Concurrent Mark From Roots
[488.911s][info][gc,task        ] GC(1139) Using 1 workers of 1 for marking
[489.147s][info][gc,start       ] GC(1140) Pause Young (Normal) (G1 Evacuation Pause)
[489.147s][info][gc,task        ] GC(1140) Using 2 workers of 2 for evacuation
[489.178s][info][gc,phases      ] GC(1140)   Pre Evacuate Collection Set: 0.54ms
[489.178s][info][gc,phases      ] GC(1140)   Merge Heap Roots: 0.12ms
[489.178s][info][gc,phases      ] GC(1140)   Evacuate Collection Set: 30.37ms
[489.178s][info][gc,phases      ] GC(1140)   Post Evacuate Collection Set: 0.47ms
[489.179s][info][gc,phases      ] GC(1140)   Other: 0.14ms
[489.179s][info][gc,heap        ] GC(1140) Eden regions: 108->0(81)
[489.179s][info][gc,heap        ] GC(1140) Survivor regions: 9->15(15)
[489.179s][info][gc,heap        ] GC(1140) Old regions: 793->808
[489.179s][info][gc,heap        ] GC(1140) Humongous regions: 9->9
[489.179s][info][gc,metaspace   ] GC(1140) Metaspace: 18967K(19136K)->18967K(19136K) NonClass: 17138K(17280K)->17138K(17280K) Class: 1829K(1856K)->1829K(1856K)
[489.179s][info][gc             ] GC(1140) Pause Young (Normal) (G1 Evacuation Pause) 918M->831M(978M) 31.889ms
[489.179s][info][gc,cpu         ] GC(1140) User=0.06s Sys=0.00s Real=0.03s
[489.318s][info][gc,start       ] GC(1141) Pause Young (Normal) (G1 Evacuation Pause)
[489.318s][info][gc,task        ] GC(1141) Using 2 workers of 2 for evacuation
[489.361s][info][gc,phases      ] GC(1141)   Pre Evacuate Collection Set: 0.30ms
[489.362s][info][gc,phases      ] GC(1141)   Merge Heap Roots: 0.13ms
[489.362s][info][gc,phases      ] GC(1141)   Evacuate Collection Set: 42.04ms
[489.362s][info][gc,phases      ] GC(1141)   Post Evacuate Collection Set: 0.49ms
[489.362s][info][gc,phases      ] GC(1141)   Other: 0.12ms
[489.362s][info][gc,heap        ] GC(1141) Eden regions: 81->0(57)
[489.362s][info][gc,heap        ] GC(1141) Survivor regions: 15->12(12)
[489.362s][info][gc,heap        ] GC(1141) Old regions: 808->838
[489.362s][info][gc,heap        ] GC(1141) Humongous regions: 9->9
[489.362s][info][gc,metaspace   ] GC(1141) Metaspace: 18967K(19136K)->18967K(19136K) NonClass: 17138K(17280K)->17138K(17280K) Class: 1829K(1856K)->1829K(1856K)
[489.362s][info][gc             ] GC(1141) Pause Young (Normal) (G1 Evacuation Pause) 912M->858M(978M) 43.323ms
[489.362s][info][gc,cpu         ] GC(1141) User=0.09s Sys=0.00s Real=0.05s
[489.491s][info][gc,start       ] GC(1142) Pause Young (Normal) (G1 Evacuation Pause)
[489.491s][info][gc,task        ] GC(1142) Using 2 workers of 2 for evacuation
[489.522s][info][gc,phases      ] GC(1142)   Pre Evacuate Collection Set: 0.57ms
[489.522s][info][gc,phases      ] GC(1142)   Merge Heap Roots: 0.22ms
[489.522s][info][gc,phases      ] GC(1142)   Evacuate Collection Set: 29.37ms
[489.522s][info][gc,phases      ] GC(1142)   Post Evacuate Collection Set: 0.40ms
[489.522s][info][gc,phases      ] GC(1142)   Other: 0.11ms
[489.522s][info][gc,heap        ] GC(1142) Eden regions: 57->0(45)
[489.522s][info][gc,heap        ] GC(1142) Survivor regions: 12->9(9)
[489.522s][info][gc,heap        ] GC(1142) Old regions: 838->856
[489.522s][info][gc,heap        ] GC(1142) Humongous regions: 9->9
[489.522s][info][gc,metaspace   ] GC(1142) Metaspace: 18967K(19136K)->18967K(19136K) NonClass: 17138K(17280K)->17138K(17280K) Class: 1829K(1856K)->1829K(1856K)
[489.522s][info][gc             ] GC(1142) Pause Young (Normal) (G1 Evacuation Pause) 915M->873M(978M) 30.924ms
[489.522s][info][gc,cpu         ] GC(1142) User=0.06s Sys=0.00s Real=0.03s
[489.634s][info][gc,start       ] GC(1143) Pause Young (Normal) (G1 Evacuation Pause)
[489.634s][info][gc,task        ] GC(1143) Using 2 workers of 2 for evacuation
[489.657s][info][gc,phases      ] GC(1143)   Pre Evacuate Collection Set: 0.35ms
[489.658s][info][gc,phases      ] GC(1143)   Merge Heap Roots: 0.17ms
[489.658s][info][gc,phases      ] GC(1143)   Evacuate Collection Set: 22.45ms
[489.658s][info][gc,phases      ] GC(1143)   Post Evacuate Collection Set: 0.41ms
[489.658s][info][gc,phases      ] GC(1143)   Other: 0.14ms
[489.658s][info][gc,heap        ] GC(1143) Eden regions: 45->0(41)
[489.658s][info][gc,heap        ] GC(1143) Survivor regions: 9->7(7)
[489.658s][info][gc,heap        ] GC(1143) Old regions: 856->871
[489.658s][info][gc,heap        ] GC(1143) Humongous regions: 9->9
[489.658s][info][gc,metaspace   ] GC(1143) Metaspace: 18967K(19136K)->18967K(19136K) NonClass: 17138K(17280K)->17138K(17280K) Class: 1829K(1856K)->1829K(1856K)
[489.658s][info][gc             ] GC(1143) Pause Young (Normal) (G1 Evacuation Pause) 918M->886M(978M) 23.812ms
[489.658s][info][gc,cpu         ] GC(1143) User=0.04s Sys=0.00s Real=0.02s
[489.780s][info][gc,start       ] GC(1144) Pause Young (Normal) (G1 Evacuation Pause)
[489.780s][info][gc,task        ] GC(1144) Using 2 workers of 2 for evacuation
[489.796s][info][gc,phases      ] GC(1144)   Pre Evacuate Collection Set: 0.34ms
[489.796s][info][gc,phases      ] GC(1144)   Merge Heap Roots: 0.19ms
[489.796s][info][gc,phases      ] GC(1144)   Evacuate Collection Set: 14.53ms
[489.796s][info][gc,phases      ] GC(1144)   Post Evacuate Collection Set: 0.32ms
[489.796s][info][gc,phases      ] GC(1144)   Other: 0.10ms
[489.796s][info][gc,heap        ] GC(1144) Eden regions: 41->0(46)
[489.796s][info][gc,heap        ] GC(1144) Survivor regions: 7->2(6)
[489.796s][info][gc,heap        ] GC(1144) Old regions: 871->878
[489.796s][info][gc,heap        ] GC(1144) Humongous regions: 9->9
[489.796s][info][gc,metaspace   ] GC(1144) Metaspace: 18967K(19136K)->18967K(19136K) NonClass: 17138K(17280K)->17138K(17280K) Class: 1829K(1856K)->1829K(1856K)
[489.796s][info][gc             ] GC(1144) Pause Young (Normal) (G1 Evacuation Pause) 927M->888M(978M) 15.754ms
[489.796s][info][gc,cpu         ] GC(1144) User=0.03s Sys=0.00s Real=0.02s
[489.867s][info][gc,start       ] GC(1145) Pause Young (Normal) (G1 Evacuation Pause)
[489.867s][info][gc,task        ] GC(1145) Using 2 workers of 2 for evacuation
[489.873s][info][gc,phases      ] GC(1145)   Pre Evacuate Collection Set: 0.30ms
[489.873s][info][gc,phases      ] GC(1145)   Merge Heap Roots: 0.11ms
[489.873s][info][gc,phases      ] GC(1145)   Evacuate Collection Set: 5.20ms
[489.873s][info][gc,phases      ] GC(1145)   Post Evacuate Collection Set: 0.33ms
[489.873s][info][gc,phases      ] GC(1145)   Other: 0.08ms
[489.873s][info][gc,heap        ] GC(1145) Eden regions: 46->0(45)
[489.873s][info][gc,heap        ] GC(1145) Survivor regions: 2->3(6)
[489.873s][info][gc,heap        ] GC(1145) Old regions: 878->878
[489.873s][info][gc,heap        ] GC(1145) Humongous regions: 9->9
[489.873s][info][gc,metaspace   ] GC(1145) Metaspace: 18967K(19136K)->18967K(19136K) NonClass: 17138K(17280K)->17138K(17280K) Class: 1829K(1856K)->1829K(1856K)
[489.873s][info][gc             ] GC(1145) Pause Young (Normal) (G1 Evacuation Pause) 934M->889M(978M) 6.268ms
[489.873s][info][gc,cpu         ] GC(1145) User=0.02s Sys=0.00s Real=0.01s
[489.937s][info][gc,start       ] GC(1146) Pause Young (Normal) (G1 Evacuation Pause)
[489.937s][info][gc,task        ] GC(1146) Using 2 workers of 2 for evacuation
[489.949s][info][gc,phases      ] GC(1146)   Pre Evacuate Collection Set: 0.55ms
[489.949s][info][gc,phases      ] GC(1146)   Merge Heap Roots: 0.18ms
[489.949s][info][gc,phases      ] GC(1146)   Evacuate Collection Set: 10.63ms
[489.949s][info][gc,phases      ] GC(1146)   Post Evacuate Collection Set: 0.38ms
[489.949s][info][gc,phases      ] GC(1146)   Other: 0.08ms
[489.949s][info][gc,heap        ] GC(1146) Eden regions: 45->0(43)
[489.949s][info][gc,heap        ] GC(1146) Survivor regions: 3->5(6)
[489.949s][info][gc,heap        ] GC(1146) Old regions: 878->878
[489.949s][info][gc,heap        ] GC(1146) Humongous regions: 9->9
[489.949s][info][gc,metaspace   ] GC(1146) Metaspace: 18967K(19136K)->18967K(19136K) NonClass: 17138K(17280K)->17138K(17280K) Class: 1829K(1856K)->1829K(1856K)
[489.949s][info][gc             ] GC(1146) Pause Young (Normal) (G1 Evacuation Pause) 934M->891M(978M) 12.061ms
[489.949s][info][gc,cpu         ] GC(1146) User=0.02s Sys=0.00s Real=0.01s
[490.081s][info][gc,start       ] GC(1147) Pause Young (Normal) (G1 Evacuation Pause)
[490.081s][info][gc,task        ] GC(1147) Using 2 workers of 2 for evacuation
[490.115s][info][gc,phases      ] GC(1147)   Pre Evacuate Collection Set: 0.33ms
[490.115s][info][gc,phases      ] GC(1147)   Merge Heap Roots: 0.28ms
[490.115s][info][gc,phases      ] GC(1147)   Evacuate Collection Set: 32.32ms
[490.115s][info][gc,phases      ] GC(1147)   Post Evacuate Collection Set: 0.40ms
[490.115s][info][gc,phases      ] GC(1147)   Other: 0.08ms
[490.115s][info][gc,heap        ] GC(1147) Eden regions: 43->0(42)
[490.115s][info][gc,heap        ] GC(1147) Survivor regions: 5->6(6)
[490.115s][info][gc,heap        ] GC(1147) Old regions: 878->887
[490.115s][info][gc,heap        ] GC(1147) Humongous regions: 12->12
[490.115s][info][gc,metaspace   ] GC(1147) Metaspace: 18967K(19136K)->18967K(19136K) NonClass: 17138K(17280K)->17138K(17280K) Class: 1829K(1856K)->1829K(1856K)
[490.115s][info][gc             ] GC(1147) Pause Young (Normal) (G1 Evacuation Pause) 937M->904M(978M) 33.641ms
[490.115s][info][gc,cpu         ] GC(1147) User=0.07s Sys=0.00s Real=0.03s
[490.199s][info][gc,start       ] GC(1148) Pause Young (Normal) (G1 Evacuation Pause)
[490.200s][info][gc,task        ] GC(1148) Using 2 workers of 2 for evacuation
[490.237s][info][gc,phases      ] GC(1148)   Pre Evacuate Collection Set: 0.32ms
[490.237s][info][gc,phases      ] GC(1148)   Merge Heap Roots: 0.23ms
[490.237s][info][gc,phases      ] GC(1148)   Evacuate Collection Set: 36.08ms
[490.237s][info][gc,phases      ] GC(1148)   Post Evacuate Collection Set: 0.33ms
[490.237s][info][gc,phases      ] GC(1148)   Other: 0.08ms
[490.237s][info][gc,heap        ] GC(1148) Eden regions: 42->0(42)
[490.237s][info][gc,heap        ] GC(1148) Survivor regions: 6->6(6)
[490.237s][info][gc,heap        ] GC(1148) Old regions: 887->901
[490.237s][info][gc,heap        ] GC(1148) Humongous regions: 12->12
[490.237s][info][gc,metaspace   ] GC(1148) Metaspace: 18967K(19136K)->18967K(19136K) NonClass: 17138K(17280K)->17138K(17280K) Class: 1829K(1856K)->1829K(1856K)
[490.237s][info][gc             ] GC(1148) Pause Young (Normal) (G1 Evacuation Pause) 946M->918M(978M) 37.311ms
[490.237s][info][gc,cpu         ] GC(1148) User=0.07s Sys=0.00s Real=0.04s
[490.301s][info][gc,start       ] GC(1149) Pause Young (Normal) (G1 Evacuation Pause)
[490.301s][info][gc,task        ] GC(1149) Using 2 workers of 2 for evacuation
[490.322s][info][gc,phases      ] GC(1149)   Pre Evacuate Collection Set: 0.57ms
[490.322s][info][gc,phases      ] GC(1149)   Merge Heap Roots: 0.13ms
[490.322s][info][gc,phases      ] GC(1149)   Evacuate Collection Set: 20.34ms
[490.322s][info][gc,phases      ] GC(1149)   Post Evacuate Collection Set: 0.34ms
[490.323s][info][gc,phases      ] GC(1149)   Other: 0.10ms
[490.323s][info][gc,heap        ] GC(1149) Eden regions: 42->0(42)
[490.323s][info][gc,heap        ] GC(1149) Survivor regions: 6->6(6)
[490.323s][info][gc,heap        ] GC(1149) Old regions: 901->910
[490.323s][info][gc,heap        ] GC(1149) Humongous regions: 12->12
[490.323s][info][gc,metaspace   ] GC(1149) Metaspace: 18967K(19136K)->18967K(19136K) NonClass: 17138K(17280K)->17138K(17280K) Class: 1829K(1856K)->1829K(1856K)
[490.323s][info][gc             ] GC(1149) Pause Young (Normal) (G1 Evacuation Pause) 960M->927M(978M) 21.721ms
[490.323s][info][gc,cpu         ] GC(1149) User=0.04s Sys=0.00s Real=0.02s
[490.411s][info][gc,start       ] GC(1150) Pause Young (Normal) (G1 Evacuation Pause)
[490.411s][info][gc,task        ] GC(1150) Using 2 workers of 2 for evacuation
[490.434s][info][gc,phases      ] GC(1150)   Pre Evacuate Collection Set: 0.34ms
[490.434s][info][gc,phases      ] GC(1150)   Merge Heap Roots: 0.13ms
[490.434s][info][gc,phases      ] GC(1150)   Evacuate Collection Set: 19.41ms
[490.434s][info][gc,phases      ] GC(1150)   Post Evacuate Collection Set: 2.81ms
[490.434s][info][gc,phases      ] GC(1150)   Other: 0.09ms
[490.434s][info][gc,heap        ] GC(1150) Eden regions: 42->0(8)
[490.434s][info][gc,heap        ] GC(1150) Survivor regions: 6->4(6)
[490.434s][info][gc,heap        ] GC(1150) Old regions: 910->950
[490.434s][info][gc,heap        ] GC(1150) Humongous regions: 12->12
[490.434s][info][gc,metaspace   ] GC(1150) Metaspace: 18967K(19136K)->18967K(19136K) NonClass: 17138K(17280K)->17138K(17280K) Class: 1829K(1856K)->1829K(1856K)
[490.434s][info][gc             ] GC(1150) Pause Young (Normal) (G1 Evacuation Pause) (Evacuation Failure: Allocation) 969M->965M(978M) 23.046ms
[490.434s][info][gc,cpu         ] GC(1150) User=0.05s Sys=0.00s Real=0.02s
[490.455s][info][gc,start       ] GC(1151) Pause Young (Normal) (G1 Evacuation Pause)
[490.455s][info][gc,task        ] GC(1151) Using 2 workers of 2 for evacuation
[490.473s][info][gc,phases      ] GC(1151)   Pre Evacuate Collection Set: 0.37ms
[490.473s][info][gc,phases      ] GC(1151)   Merge Heap Roots: 0.11ms
[490.473s][info][gc,phases      ] GC(1151)   Evacuate Collection Set: 14.92ms
[490.473s][info][gc,phases      ] GC(1151)   Post Evacuate Collection Set: 2.72ms
[490.473s][info][gc,phases      ] GC(1151)   Other: 0.09ms
[490.473s][info][gc,heap        ] GC(1151) Eden regions: 8->0(6)
[490.473s][info][gc,heap        ] GC(1151) Survivor regions: 4->1(2)
[490.473s][info][gc,heap        ] GC(1151) Old regions: 950->958
[490.473s][info][gc,heap        ] GC(1151) Humongous regions: 12->12
[490.474s][info][gc,metaspace   ] GC(1151) Metaspace: 18967K(19136K)->18967K(19136K) NonClass: 17138K(17280K)->17138K(17280K) Class: 1829K(1856K)->1829K(1856K)
[490.474s][info][gc             ] GC(1151) Pause Young (Normal) (G1 Evacuation Pause) (Evacuation Failure: Allocation) 973M->970M(978M) 18.507ms
[490.474s][info][gc,cpu         ] GC(1151) User=0.03s Sys=0.00s Real=0.02s
[490.491s][info][gc,start       ] GC(1152) Pause Young (Normal) (G1 Evacuation Pause)
[490.491s][info][gc,task        ] GC(1152) Using 2 workers of 2 for evacuation
[490.503s][info][gc,phases      ] GC(1152)   Pre Evacuate Collection Set: 0.60ms
[490.503s][info][gc,phases      ] GC(1152)   Merge Heap Roots: 0.11ms
[490.503s][info][gc,phases      ] GC(1152)   Evacuate Collection Set: 8.23ms
[490.503s][info][gc,phases      ] GC(1152)   Post Evacuate Collection Set: 2.55ms
[490.503s][info][gc,phases      ] GC(1152)   Other: 0.14ms
[490.503s][info][gc,heap        ] GC(1152) Eden regions: 6->0(0)
[490.503s][info][gc,heap        ] GC(1152) Survivor regions: 1->1(1)
[490.503s][info][gc,heap        ] GC(1152) Old regions: 958->964
[490.503s][info][gc,heap        ] GC(1152) Humongous regions: 12->12
[490.503s][info][gc,metaspace   ] GC(1152) Metaspace: 18967K(19136K)->18967K(19136K) NonClass: 17138K(17280K)->17138K(17280K) Class: 1829K(1856K)->1829K(1856K)
[490.503s][info][gc             ] GC(1152) Pause Young (Normal) (G1 Evacuation Pause) (Evacuation Failure: Allocation) 976M->976M(978M) 11.917ms
[490.503s][info][gc,cpu         ] GC(1152) User=0.02s Sys=0.00s Real=0.01s
[490.503s][info][gc,ergo        ] Attempting full compaction
[490.503s][info][gc,start       ] GC(1153) Pause Full (G1 Compaction Pause)
[490.503s][info][gc,task        ] GC(1153) Using 2 workers of 2 for full compaction
[490.505s][info][gc,phases,start] GC(1153) Phase 1: Mark live objects
[490.947s][info][gc,phases      ] GC(1153) Phase 1: Mark live objects 441.880ms
[490.947s][info][gc,phases,start] GC(1153) Phase 2: Prepare compaction
[490.963s][info][gc,phases      ] GC(1153) Phase 2: Prepare compaction 16.466ms
[490.963s][info][gc,phases,start] GC(1153) Phase 3: Adjust pointers
[491.127s][info][gc,phases      ] GC(1153) Phase 3: Adjust pointers 163.683ms
[491.127s][info][gc,phases,start] GC(1153) Phase 4: Compact heap
[491.148s][info][gc,phases      ] GC(1153) Phase 4: Compact heap 21.107ms
[491.148s][info][gc,phases,start] GC(1153) Phase 5: Reset Metadata
[491.225s][info][gc,phases      ] GC(1153) Phase 5: Reset Metadata 77.343ms
[491.234s][info][gc,heap        ] GC(1153) Eden regions: 0->0(364)
[491.235s][info][gc,heap        ] GC(1153) Survivor regions: 1->0(1)
[491.235s][info][gc,heap        ] GC(1153) Old regions: 964->482
[491.235s][info][gc,heap        ] GC(1153) Humongous regions: 12->6
[491.235s][info][gc,metaspace   ] GC(1153) Metaspace: 18967K(19136K)->18967K(19136K) NonClass: 17138K(17280K)->17138K(17280K) Class: 1829K(1856K)->1829K(1856K)
[491.235s][info][gc             ] GC(1153) Pause Full (G1 Compaction Pause) 976M->486M(978M) 731.692ms
[491.235s][info][gc,cpu         ] GC(1153) User=1.43s Sys=0.00s Real=0.73s
[491.235s][info][gc,marking     ] GC(1139) Concurrent Mark From Roots 2324.154ms
[491.236s][info][gc,marking     ] GC(1139) Concurrent Mark Abort
[491.236s][info][gc             ] GC(1139) Concurrent Mark Cycle 2351.016ms
[491.653s][info][gc,start       ] GC(1154) Pause Young (Normal) (G1 Evacuation Pause)
[491.653s][info][gc,task        ] GC(1154) Using 2 workers of 2 for evacuation
[491.686s][info][gc,phases      ] GC(1154)   Pre Evacuate Collection Set: 0.34ms
[491.686s][info][gc,phases      ] GC(1154)   Merge Heap Roots: 0.24ms
[491.686s][info][gc,phases      ] GC(1154)   Evacuate Collection Set: 31.64ms
[491.686s][info][gc,phases      ] GC(1154)   Post Evacuate Collection Set: 0.67ms
[491.686s][info][gc,phases      ] GC(1154)   Other: 0.10ms
[491.686s][info][gc,heap        ] GC(1154) Eden regions: 364->0(359)
[491.686s][info][gc,heap        ] GC(1154) Survivor regions: 0->18(46)
[491.687s][info][gc,heap        ] GC(1154) Old regions: 482->482
[491.687s][info][gc,heap        ] GC(1154) Humongous regions: 6->6
[491.687s][info][gc,metaspace   ] GC(1154) Metaspace: 18967K(19136K)->18967K(19136K) NonClass: 17138K(17280K)->17138K(17280K) Class: 1829K(1856K)->1829K(1856K)
[491.687s][info][gc             ] GC(1154) Pause Young (Normal) (G1 Evacuation Pause) 850M->503M(978M) 33.296ms
[491.687s][info][gc,cpu         ] GC(1154) User=0.06s Sys=0.00s Real=0.03s
[492.201s][info][gc,start       ] GC(1155) Pause Young (Concurrent Start) (G1 Evacuation Pause)
[492.202s][info][gc,task        ] GC(1155) Using 2 workers of 2 for evacuation
[492.270s][info][gc,phases      ] GC(1155)   Pre Evacuate Collection Set: 0.31ms
[492.270s][info][gc,phases      ] GC(1155)   Merge Heap Roots: 0.35ms
[492.270s][info][gc,phases      ] GC(1155)   Evacuate Collection Set: 66.50ms
[492.270s][info][gc,phases      ] GC(1155)   Post Evacuate Collection Set: 0.74ms
[492.270s][info][gc,phases      ] GC(1155)   Other: 0.11ms
[492.270s][info][gc,heap        ] GC(1155) Eden regions: 359->0(331)
[492.270s][info][gc,heap        ] GC(1155) Survivor regions: 18->48(48)
[492.270s][info][gc,heap        ] GC(1155) Old regions: 482->484
[492.270s][info][gc,heap        ] GC(1155) Humongous regions: 6->6
[492.270s][info][gc,metaspace   ] GC(1155) Metaspace: 18967K(19136K)->18967K(19136K) NonClass: 17138K(17280K)->17138K(17280K) Class: 1829K(1856K)->1829K(1856K)
[492.270s][info][gc             ] GC(1155) Pause Young (Concurrent Start) (G1 Evacuation Pause) 862M->535M(978M) 68.292ms
[492.270s][info][gc,cpu         ] GC(1155) User=0.14s Sys=0.00s Real=0.06s
[492.270s][info][gc             ] GC(1156) Concurrent Mark Cycle
[492.270s][info][gc,marking     ] GC(1156) Concurrent Scan Root Regions
[492.375s][info][gc,marking     ] GC(1156) Concurrent Scan Root Regions 105.610ms
[492.376s][info][gc,marking     ] GC(1156) Concurrent Mark
[492.376s][info][gc,marking     ] GC(1156) Concurrent Mark From Roots
[492.376s][info][gc,task        ] GC(1156) Using 1 workers of 1 for marking
[493.544s][info][gc,start       ] GC(1157) Pause Young (Normal) (G1 Evacuation Pause)
[493.544s][info][gc,task        ] GC(1157) Using 2 workers of 2 for evacuation
[493.668s][info][gc,phases      ] GC(1157)   Pre Evacuate Collection Set: 0.55ms
[493.668s][info][gc,phases      ] GC(1157)   Merge Heap Roots: 0.58ms
[493.668s][info][gc,phases      ] GC(1157)   Evacuate Collection Set: 122.62ms
[493.668s][info][gc,phases      ] GC(1157)   Post Evacuate Collection Set: 0.78ms
[493.668s][info][gc,phases      ] GC(1157)   Other: 0.11ms
[493.668s][info][gc,heap        ] GC(1157) Eden regions: 331->0(289)
[493.668s][info][gc,heap        ] GC(1157) Survivor regions: 48->43(48)
[493.668s][info][gc,heap        ] GC(1157) Old regions: 484->532
[493.668s][info][gc,heap        ] GC(1157) Humongous regions: 6->6
[493.668s][info][gc,metaspace   ] GC(1157) Metaspace: 18967K(19136K)->18967K(19136K) NonClass: 17138K(17280K)->17138K(17280K) Class: 1829K(1856K)->1829K(1856K)
[493.668s][info][gc             ] GC(1157) Pause Young (Normal) (G1 Evacuation Pause) 866M->578M(978M) 124.876ms
[493.668s][info][gc,cpu         ] GC(1157) User=0.24s Sys=0.01s Real=0.12s
[494.623s][info][gc,start       ] GC(1158) Pause Young (Normal) (G1 Evacuation Pause)
[494.623s][info][gc,task        ] GC(1158) Using 2 workers of 2 for evacuation
[494.688s][info][gc,phases      ] GC(1158)   Pre Evacuate Collection Set: 0.55ms
[494.688s][info][gc,phases      ] GC(1158)   Merge Heap Roots: 0.15ms
[494.688s][info][gc,phases      ] GC(1158)   Evacuate Collection Set: 62.94ms
[494.688s][info][gc,phases      ] GC(1158)   Post Evacuate Collection Set: 0.67ms
[494.688s][info][gc,phases      ] GC(1158)   Other: 0.09ms
[494.688s][info][gc,heap        ] GC(1158) Eden regions: 289->0(287)
[494.688s][info][gc,heap        ] GC(1158) Survivor regions: 43->13(42)
[494.688s][info][gc,heap        ] GC(1158) Old regions: 532->575
[494.688s][info][gc,heap        ] GC(1158) Humongous regions: 7->7
[494.688s][info][gc,metaspace   ] GC(1158) Metaspace: 18967K(19136K)->18967K(19136K) NonClass: 17138K(17280K)->17138K(17280K) Class: 1829K(1856K)->1829K(1856K)
[494.688s][info][gc             ] GC(1158) Pause Young (Normal) (G1 Evacuation Pause) 868M->592M(978M) 64.698ms
[494.688s][info][gc,cpu         ] GC(1158) User=0.13s Sys=0.00s Real=0.06s
[494.708s][info][gc,marking     ] GC(1156) Concurrent Mark From Roots 2332.943ms
[494.709s][info][gc,marking     ] GC(1156) Concurrent Preclean
[494.709s][info][gc,marking     ] GC(1156) Concurrent Preclean 0.044ms
[494.709s][info][gc,start       ] GC(1156) Pause Remark
[494.718s][info][gc             ] GC(1156) Pause Remark 600M->600M(978M) 8.987ms
[494.718s][info][gc,cpu         ] GC(1156) User=0.01s Sys=0.00s Real=0.01s
[494.718s][info][gc,marking     ] GC(1156) Concurrent Mark 2342.315ms
[494.718s][info][gc,marking     ] GC(1156) Concurrent Rebuild Remembered Sets and Scrub Regions
[495.269s][info][gc,start       ] GC(1159) Pause Young (Normal) (G1 Evacuation Pause)
[495.269s][info][gc,task        ] GC(1159) Using 2 workers of 2 for evacuation
[495.322s][info][gc,phases      ] GC(1159)   Pre Evacuate Collection Set: 0.54ms
[495.322s][info][gc,phases      ] GC(1159)   Merge Heap Roots: 0.36ms
[495.322s][info][gc,phases      ] GC(1159)   Evacuate Collection Set: 50.94ms
[495.322s][info][gc,phases      ] GC(1159)   Post Evacuate Collection Set: 0.62ms
[495.322s][info][gc,phases      ] GC(1159)   Other: 0.12ms
[495.322s][info][gc,heap        ] GC(1159) Eden regions: 287->0(273)
[495.322s][info][gc,heap        ] GC(1159) Survivor regions: 13->35(38)
[495.322s][info][gc,heap        ] GC(1159) Old regions: 575->575
[495.322s][info][gc,heap        ] GC(1159) Humongous regions: 7->7
[495.322s][info][gc,metaspace   ] GC(1159) Metaspace: 18967K(19136K)->18967K(19136K) NonClass: 17138K(17280K)->17138K(17280K) Class: 1829K(1856K)->1829K(1856K)
[495.322s][info][gc             ] GC(1159) Pause Young (Normal) (G1 Evacuation Pause) 879M->614M(978M) 52.822ms
[495.322s][info][gc,cpu         ] GC(1159) User=0.10s Sys=0.00s Real=0.06s
[495.367s][info][gc,marking     ] GC(1156) Concurrent Rebuild Remembered Sets and Scrub Regions 648.874ms
[495.367s][info][gc,start       ] GC(1156) Pause Cleanup
[495.367s][info][gc             ] GC(1156) Pause Cleanup 629M->629M(978M) 0.142ms
[495.367s][info][gc,cpu         ] GC(1156) User=0.00s Sys=0.00s Real=0.00s
[495.367s][info][gc,marking     ] GC(1156) Concurrent Clear Claimed Marks
[495.367s][info][gc,marking     ] GC(1156) Concurrent Clear Claimed Marks 0.038ms
[495.367s][info][gc,marking     ] GC(1156) Concurrent Cleanup for Next Mark
[495.370s][info][gc,marking     ] GC(1156) Concurrent Cleanup for Next Mark 2.985ms
[495.370s][info][gc             ] GC(1156) Concurrent Mark Cycle 3100.499ms
[495.890s][info][gc,start       ] GC(1160) Pause Young (Prepare Mixed) (G1 Evacuation Pause)
[495.890s][info][gc,task        ] GC(1160) Using 2 workers of 2 for evacuation
[495.962s][info][gc,phases      ] GC(1160)   Pre Evacuate Collection Set: 0.36ms
[495.962s][info][gc,phases      ] GC(1160)   Merge Heap Roots: 0.29ms
[495.962s][info][gc,phases      ] GC(1160)   Evacuate Collection Set: 71.14ms
[495.962s][info][gc,phases      ] GC(1160)   Post Evacuate Collection Set: 0.59ms
[495.962s][info][gc,phases      ] GC(1160)   Other: 0.12ms
[495.962s][info][gc,heap        ] GC(1160) Eden regions: 273->0(263)
[495.962s][info][gc,heap        ] GC(1160) Survivor regions: 35->17(39)
[495.962s][info][gc,heap        ] GC(1160) Old regions: 575->610
[495.962s][info][gc,heap        ] GC(1160) Humongous regions: 7->7
[495.962s][info][gc,metaspace   ] GC(1160) Metaspace: 18971K(19136K)->18971K(19136K) NonClass: 17141K(17280K)->17141K(17280K) Class: 1829K(1856K)->1829K(1856K)
[495.962s][info][gc             ] GC(1160) Pause Young (Prepare Mixed) (G1 Evacuation Pause) 887M->631M(978M) 72.762ms
[495.962s][info][gc,cpu         ] GC(1160) User=0.15s Sys=0.00s Real=0.08s
[496.688s][info][gc,start       ] GC(1161) Pause Young (Mixed) (G1 Evacuation Pause)
[496.688s][info][gc,task        ] GC(1161) Using 2 workers of 2 for evacuation
[496.727s][info][gc,phases      ] GC(1161)   Pre Evacuate Collection Set: 0.61ms
[496.727s][info][gc,phases      ] GC(1161)   Merge Heap Roots: 0.55ms
[496.727s][info][gc,phases      ] GC(1161)   Evacuate Collection Set: 37.01ms
[496.727s][info][gc,phases      ] GC(1161)   Post Evacuate Collection Set: 0.61ms
[496.727s][info][gc,phases      ] GC(1161)   Other: 0.16ms
[496.727s][info][gc,heap        ] GC(1161) Eden regions: 263->0(277)
[496.727s][info][gc,heap        ] GC(1161) Survivor regions: 17->17(35)
[496.727s][info][gc,heap        ] GC(1161) Old regions: 610->610
[496.727s][info][gc,heap        ] GC(1161) Humongous regions: 7->7
[496.727s][info][gc,metaspace   ] GC(1161) Metaspace: 18971K(19136K)->18971K(19136K) NonClass: 17141K(17280K)->17141K(17280K) Class: 1829K(1856K)->1829K(1856K)
[496.727s][info][gc             ] GC(1161) Pause Young (Mixed) (G1 Evacuation Pause) 894M->632M(978M) 39.243ms
[496.727s][info][gc,cpu         ] GC(1161) User=0.08s Sys=0.00s Real=0.04s
[497.138s][info][gc,start       ] GC(1162) Pause Young (Concurrent Start) (G1 Evacuation Pause)
[497.138s][info][gc,task        ] GC(1162) Using 2 workers of 2 for evacuation
[497.224s][info][gc,phases      ] GC(1162)   Pre Evacuate Collection Set: 0.33ms
[497.224s][info][gc,phases      ] GC(1162)   Merge Heap Roots: 0.39ms
[497.224s][info][gc,phases      ] GC(1162)   Evacuate Collection Set: 83.45ms
[497.224s][info][gc,phases      ] GC(1162)   Post Evacuate Collection Set: 1.51ms
[497.224s][info][gc,phases      ] GC(1162)   Other: 0.14ms
[497.224s][info][gc,heap        ] GC(1162) Eden regions: 277->0(199)
[497.224s][info][gc,heap        ] GC(1162) Survivor regions: 17->37(37)
[497.224s][info][gc,heap        ] GC(1162) Old regions: 610->648
[497.224s][info][gc,heap        ] GC(1162) Humongous regions: 7->7
[497.224s][info][gc,metaspace   ] GC(1162) Metaspace: 18971K(19136K)->18971K(19136K) NonClass: 17141K(17280K)->17141K(17280K) Class: 1829K(1856K)->1829K(1856K)
[497.224s][info][gc             ] GC(1162) Pause Young (Concurrent Start) (G1 Evacuation Pause) (Evacuation Failure: Allocation) 909M->691M(978M) 86.091ms
[497.224s][info][gc             ] GC(1163) Concurrent Mark Cycle
[497.224s][info][gc,marking     ] GC(1163) Concurrent Scan Root Regions
[497.224s][info][gc,cpu         ] GC(1162) User=0.17s Sys=0.00s Real=0.09s
[497.306s][info][gc,marking     ] GC(1163) Concurrent Scan Root Regions 81.840ms
[497.306s][info][gc,marking     ] GC(1163) Concurrent Mark
[497.306s][info][gc,marking     ] GC(1163) Concurrent Mark From Roots
[497.306s][info][gc,task        ] GC(1163) Using 1 workers of 1 for marking
[497.565s][info][gc,start       ] GC(1164) Pause Young (Normal) (G1 Evacuation Pause)
[497.565s][info][gc,task        ] GC(1164) Using 2 workers of 2 for evacuation
[497.703s][info][gc,phases      ] GC(1164)   Pre Evacuate Collection Set: 0.35ms
[497.703s][info][gc,phases      ] GC(1164)   Merge Heap Roots: 0.52ms
[497.703s][info][gc,phases      ] GC(1164)   Evacuate Collection Set: 128.01ms
[497.703s][info][gc,phases      ] GC(1164)   Post Evacuate Collection Set: 8.99ms
[497.703s][info][gc,phases      ] GC(1164)   Other: 0.12ms
[497.703s][info][gc,heap        ] GC(1164) Eden regions: 199->0(60)
[497.703s][info][gc,heap        ] GC(1164) Survivor regions: 37->30(30)
[497.703s][info][gc,heap        ] GC(1164) Old regions: 648->801
[497.703s][info][gc,heap        ] GC(1164) Humongous regions: 7->7
[497.703s][info][gc,metaspace   ] GC(1164) Metaspace: 18971K(19136K)->18971K(19136K) NonClass: 17141K(17280K)->17141K(17280K) Class: 1829K(1856K)->1829K(1856K)
[497.703s][info][gc             ] GC(1164) Pause Young (Normal) (G1 Evacuation Pause) (Evacuation Failure: Allocation) 890M->837M(978M) 138.286ms
[497.703s][info][gc,cpu         ] GC(1164) User=0.27s Sys=0.00s Real=0.14s
[497.755s][info][gc,start       ] GC(1165) Pause Young (Normal) (G1 Evacuation Pause)
[497.755s][info][gc,task        ] GC(1165) Using 2 workers of 2 for evacuation
[497.816s][info][gc,phases      ] GC(1165)   Pre Evacuate Collection Set: 0.37ms
[497.816s][info][gc,phases      ] GC(1165)   Merge Heap Roots: 0.32ms
[497.816s][info][gc,phases      ] GC(1165)   Evacuate Collection Set: 59.59ms
[497.816s][info][gc,phases      ] GC(1165)   Post Evacuate Collection Set: 0.49ms
[497.816s][info][gc,phases      ] GC(1165)   Other: 0.14ms
[497.816s][info][gc,heap        ] GC(1165) Eden regions: 60->0(139)
[497.816s][info][gc,heap        ] GC(1165) Survivor regions: 30->7(12)
[497.816s][info][gc,heap        ] GC(1165) Old regions: 801->755
[497.816s][info][gc,heap        ] GC(1165) Humongous regions: 7->7
[497.816s][info][gc,metaspace   ] GC(1165) Metaspace: 18971K(19136K)->18971K(19136K) NonClass: 17141K(17280K)->17141K(17280K) Class: 1829K(1856K)->1829K(1856K)
[497.816s][info][gc             ] GC(1165) Pause Young (Normal) (G1 Evacuation Pause) 897M->767M(978M) 61.186ms
[497.816s][info][gc,cpu         ] GC(1165) User=0.12s Sys=0.00s Real=0.06s
[498.126s][info][gc,start       ] GC(1166) Pause Young (Normal) (G1 Evacuation Pause)
[498.126s][info][gc,task        ] GC(1166) Using 2 workers of 2 for evacuation
[498.186s][info][gc,phases      ] GC(1166)   Pre Evacuate Collection Set: 0.32ms
[498.186s][info][gc,phases      ] GC(1166)   Merge Heap Roots: 0.38ms
[498.186s][info][gc,phases      ] GC(1166)   Evacuate Collection Set: 58.37ms
[498.186s][info][gc,phases      ] GC(1166)   Post Evacuate Collection Set: 0.55ms
[498.186s][info][gc,phases      ] GC(1166)   Other: 0.11ms
[498.186s][info][gc,heap        ] GC(1166) Eden regions: 139->0(110)
[498.186s][info][gc,heap        ] GC(1166) Survivor regions: 7->19(19)
[498.186s][info][gc,heap        ] GC(1166) Old regions: 755->770
[498.186s][info][gc,heap        ] GC(1166) Humongous regions: 10->10
[498.186s][info][gc,metaspace   ] GC(1166) Metaspace: 18971K(19136K)->18971K(19136K) NonClass: 17141K(17280K)->17141K(17280K) Class: 1829K(1856K)->1829K(1856K)
[498.186s][info][gc             ] GC(1166) Pause Young (Normal) (G1 Evacuation Pause) 909M->797M(978M) 60.029ms
[498.186s][info][gc,cpu         ] GC(1166) User=0.11s Sys=0.00s Real=0.06s
[498.403s][info][gc,start       ] GC(1167) Pause Young (Normal) (G1 Evacuation Pause)
[498.403s][info][gc,task        ] GC(1167) Using 2 workers of 2 for evacuation
[498.457s][info][gc,phases      ] GC(1167)   Pre Evacuate Collection Set: 0.41ms
[498.457s][info][gc,phases      ] GC(1167)   Merge Heap Roots: 0.54ms
[498.457s][info][gc,phases      ] GC(1167)   Evacuate Collection Set: 52.16ms
[498.457s][info][gc,phases      ] GC(1167)   Post Evacuate Collection Set: 0.55ms
[498.457s][info][gc,phases      ] GC(1167)   Other: 0.11ms
[498.457s][info][gc,heap        ] GC(1167) Eden regions: 110->0(119)
[498.457s][info][gc,heap        ] GC(1167) Survivor regions: 19->5(17)
[498.457s][info][gc,heap        ] GC(1167) Old regions: 770->789
[498.457s][info][gc,heap        ] GC(1167) Humongous regions: 10->10
[498.457s][info][gc,metaspace   ] GC(1167) Metaspace: 18971K(19136K)->18971K(19136K) NonClass: 17141K(17280K)->17141K(17280K) Class: 1829K(1856K)->1829K(1856K)
[498.457s][info][gc             ] GC(1167) Pause Young (Normal) (G1 Evacuation Pause) 907M->803M(978M) 54.036ms
[498.457s][info][gc,cpu         ] GC(1167) User=0.10s Sys=0.00s Real=0.05s
[498.609s][info][gc,marking     ] GC(1163) Concurrent Mark From Roots 1303.249ms
[498.610s][info][gc,marking     ] GC(1163) Concurrent Preclean
[498.610s][info][gc,marking     ] GC(1163) Concurrent Preclean 0.053ms
[498.610s][info][gc,start       ] GC(1163) Pause Remark
[498.619s][info][gc             ] GC(1163) Pause Remark 859M->581M(978M) 9.242ms
[498.619s][info][gc,cpu         ] GC(1163) User=0.02s Sys=0.00s Real=0.01s
[498.620s][info][gc,marking     ] GC(1163) Concurrent Mark 1313.752ms
[498.620s][info][gc,marking     ] GC(1163) Concurrent Rebuild Remembered Sets and Scrub Regions
[498.750s][info][gc,start       ] GC(1168) Pause Young (Normal) (G1 Evacuation Pause)
[498.750s][info][gc,task        ] GC(1168) Using 2 workers of 2 for evacuation
[498.797s][info][gc,phases      ] GC(1168)   Pre Evacuate Collection Set: 0.63ms
[498.797s][info][gc,phases      ] GC(1168)   Merge Heap Roots: 0.35ms
[498.797s][info][gc,phases      ] GC(1168)   Evacuate Collection Set: 45.31ms
[498.797s][info][gc,phases      ] GC(1168)   Post Evacuate Collection Set: 0.58ms
[498.797s][info][gc,phases      ] GC(1168)   Other: 0.12ms
[498.797s][info][gc,heap        ] GC(1168) Eden regions: 119->0(308)
[498.797s][info][gc,heap        ] GC(1168) Survivor regions: 5->16(16)
[498.797s][info][gc,heap        ] GC(1168) Old regions: 515->522
[498.797s][info][gc,heap        ] GC(1168) Humongous regions: 9->9
[498.797s][info][gc,metaspace   ] GC(1168) Metaspace: 18971K(19136K)->18971K(19136K) NonClass: 17141K(17280K)->17141K(17280K) Class: 1829K(1856K)->1829K(1856K)
[498.797s][info][gc             ] GC(1168) Pause Young (Normal) (G1 Evacuation Pause) 647M->545M(978M) 47.283ms
[498.797s][info][gc,cpu         ] GC(1168) User=0.09s Sys=0.00s Real=0.05s
[499.178s][info][gc,marking     ] GC(1163) Concurrent Rebuild Remembered Sets and Scrub Regions 558.045ms
[499.178s][info][gc,start       ] GC(1163) Pause Cleanup
[499.178s][info][gc             ] GC(1163) Pause Cleanup 697M->697M(978M) 0.135ms
[499.178s][info][gc,cpu         ] GC(1163) User=0.00s Sys=0.00s Real=0.00s
[499.178s][info][gc,marking     ] GC(1163) Concurrent Clear Claimed Marks
[499.179s][info][gc,marking     ] GC(1163) Concurrent Clear Claimed Marks 0.037ms
[499.179s][info][gc,marking     ] GC(1163) Concurrent Cleanup for Next Mark
[499.182s][info][gc,marking     ] GC(1163) Concurrent Cleanup for Next Mark 3.013ms
[499.182s][info][gc             ] GC(1163) Concurrent Mark Cycle 1957.312ms
[499.438s][info][gc,start       ] GC(1169) Pause Young (Prepare Mixed) (G1 Evacuation Pause)
[499.438s][info][gc,task        ] GC(1169) Using 2 workers of 2 for evacuation
[499.474s][info][gc,phases      ] GC(1169)   Pre Evacuate Collection Set: 0.36ms
[499.474s][info][gc,phases      ] GC(1169)   Merge Heap Roots: 0.58ms
[499.474s][info][gc,phases      ] GC(1169)   Evacuate Collection Set: 33.71ms
[499.474s][info][gc,phases      ] GC(1169)   Post Evacuate Collection Set: 0.74ms
[499.474s][info][gc,phases      ] GC(1169)   Other: 0.12ms
[499.474s][info][gc,heap        ] GC(1169) Eden regions: 308->0(327)
[499.474s][info][gc,heap        ] GC(1169) Survivor regions: 16->17(41)
[499.474s][info][gc,heap        ] GC(1169) Old regions: 522->522
[499.474s][info][gc,heap        ] GC(1169) Humongous regions: 9->9
[499.474s][info][gc,metaspace   ] GC(1169) Metaspace: 18971K(19136K)->18971K(19136K) NonClass: 17141K(17280K)->17141K(17280K) Class: 1829K(1856K)->1829K(1856K)
[499.474s][info][gc             ] GC(1169) Pause Young (Prepare Mixed) (G1 Evacuation Pause) 853M->546M(978M) 35.804ms
[499.474s][info][gc,cpu         ] GC(1169) User=0.07s Sys=0.00s Real=0.04s
[500.006s][info][gc,start       ] GC(1170) Pause Young (Mixed) (G1 Evacuation Pause)
[500.006s][info][gc,task        ] GC(1170) Using 2 workers of 2 for evacuation
[500.043s][info][gc,phases      ] GC(1170)   Pre Evacuate Collection Set: 0.62ms
[500.043s][info][gc,phases      ] GC(1170)   Merge Heap Roots: 0.69ms
[500.043s][info][gc,phases      ] GC(1170)   Evacuate Collection Set: 34.86ms
[500.043s][info][gc,phases      ] GC(1170)   Post Evacuate Collection Set: 0.74ms
[500.043s][info][gc,phases      ] GC(1170)   Other: 0.12ms
[500.043s][info][gc,heap        ] GC(1170) Eden regions: 327->0(363)
[500.043s][info][gc,heap        ] GC(1170) Survivor regions: 17->17(43)
[500.043s][info][gc,heap        ] GC(1170) Old regions: 522->503
[500.043s][info][gc,heap        ] GC(1170) Humongous regions: 9->9
[500.043s][info][gc,metaspace   ] GC(1170) Metaspace: 18971K(19136K)->18971K(19136K) NonClass: 17141K(17280K)->17141K(17280K) Class: 1829K(1856K)->1829K(1856K)
[500.043s][info][gc             ] GC(1170) Pause Young (Mixed) (G1 Evacuation Pause) 873M->527M(978M) 37.341ms
[500.043s][info][gc,cpu         ] GC(1170) User=0.07s Sys=0.00s Real=0.04s
[500.652s][info][gc,start       ] GC(1171) Pause Young (Concurrent Start) (G1 Evacuation Pause)
[500.652s][info][gc,task        ] GC(1171) Using 2 workers of 2 for evacuation
[500.689s][info][gc,phases      ] GC(1171)   Pre Evacuate Collection Set: 0.38ms
[500.689s][info][gc,phases      ] GC(1171)   Merge Heap Roots: 0.42ms
[500.689s][info][gc,phases      ] GC(1171)   Evacuate Collection Set: 34.47ms
[500.689s][info][gc,phases      ] GC(1171)   Post Evacuate Collection Set: 0.80ms
[500.689s][info][gc,phases      ] GC(1171)   Other: 0.24ms
[500.689s][info][gc,heap        ] GC(1171) Eden regions: 363->0(378)
[500.689s][info][gc,heap        ] GC(1171) Survivor regions: 17->17(48)
[500.689s][info][gc,heap        ] GC(1171) Old regions: 503->503
[500.689s][info][gc,heap        ] GC(1171) Humongous regions: 9->9
[500.689s][info][gc,metaspace   ] GC(1171) Metaspace: 18971K(19136K)->18971K(19136K) NonClass: 17141K(17280K)->17141K(17280K) Class: 1829K(1856K)->1829K(1856K)
[500.689s][info][gc             ] GC(1171) Pause Young (Concurrent Start) (G1 Evacuation Pause) 890M->527M(978M) 36.603ms
[500.689s][info][gc,cpu         ] GC(1171) User=0.07s Sys=0.00s Real=0.03s
[500.689s][info][gc             ] GC(1172) Concurrent Mark Cycle
[500.689s][info][gc,marking     ] GC(1172) Concurrent Scan Root Regions
[500.743s][info][gc,marking     ] GC(1172) Concurrent Scan Root Regions 54.389ms
[500.744s][info][gc,marking     ] GC(1172) Concurrent Mark
[500.744s][info][gc,marking     ] GC(1172) Concurrent Mark From Roots
[500.744s][info][gc,task        ] GC(1172) Using 1 workers of 1 for marking
[502.160s][info][gc,start       ] GC(1173) Pause Young (Normal) (G1 Evacuation Pause)
[502.160s][info][gc,task        ] GC(1173) Using 2 workers of 2 for evacuation
[502.201s][info][gc,phases      ] GC(1173)   Pre Evacuate Collection Set: 0.55ms
[502.201s][info][gc,phases      ] GC(1173)   Merge Heap Roots: 0.40ms
[502.201s][info][gc,phases      ] GC(1173)   Evacuate Collection Set: 38.58ms
[502.201s][info][gc,phases      ] GC(1173)   Post Evacuate Collection Set: 0.86ms
[502.201s][info][gc,phases      ] GC(1173)   Other: 0.12ms
[502.201s][info][gc,heap        ] GC(1173) Eden regions: 378->0(382)
[502.201s][info][gc,heap        ] GC(1173) Survivor regions: 17->17(50)
[502.201s][info][gc,heap        ] GC(1173) Old regions: 503->503
[502.201s][info][gc,heap        ] GC(1173) Humongous regions: 9->9
[502.201s][info][gc,metaspace   ] GC(1173) Metaspace: 18971K(19136K)->18971K(19136K) NonClass: 17141K(17280K)->17141K(17280K) Class: 1829K(1856K)->1829K(1856K)
[502.201s][info][gc             ] GC(1173) Pause Young (Normal) (G1 Evacuation Pause) 905M->527M(978M) 40.775ms
[502.201s][info][gc,cpu         ] GC(1173) User=0.08s Sys=0.00s Real=0.05s
[502.488s][info][gc,marking     ] GC(1172) Concurrent Mark From Roots 1744.118ms
[502.488s][info][gc,marking     ] GC(1172) Concurrent Preclean
[502.488s][info][gc,marking     ] GC(1172) Concurrent Preclean 0.052ms
[502.488s][info][gc,start       ] GC(1172) Pause Remark
[502.497s][info][gc             ] GC(1172) Pause Remark 711M->709M(978M) 8.839ms
[502.497s][info][gc,cpu         ] GC(1172) User=0.01s Sys=0.00s Real=0.01s
[502.497s][info][gc,marking     ] GC(1172) Concurrent Mark 1753.417ms
[502.497s][info][gc,marking     ] GC(1172) Concurrent Rebuild Remembered Sets and Scrub Regions
[502.774s][info][gc,start       ] GC(1174) Pause Young (Normal) (G1 Evacuation Pause)
[502.774s][info][gc,task        ] GC(1174) Using 2 workers of 2 for evacuation
[502.922s][info][gc,phases      ] GC(1174)   Pre Evacuate Collection Set: 0.60ms
[502.922s][info][gc,phases      ] GC(1174)   Merge Heap Roots: 0.56ms
[502.922s][info][gc,phases      ] GC(1174)   Evacuate Collection Set: 134.82ms
[502.922s][info][gc,phases      ] GC(1174)   Post Evacuate Collection Set: 11.47ms
[502.922s][info][gc,phases      ] GC(1174)   Other: 0.10ms
[502.922s][info][gc,heap        ] GC(1174) Eden regions: 382->0(156)
[502.922s][info][gc,heap        ] GC(1174) Survivor regions: 17->50(50)
[502.922s][info][gc,heap        ] GC(1174) Old regions: 503->665
[502.922s][info][gc,heap        ] GC(1174) Humongous regions: 7->7
[502.922s][info][gc,metaspace   ] GC(1174) Metaspace: 18971K(19136K)->18971K(19136K) NonClass: 17141K(17280K)->17141K(17280K) Class: 1829K(1856K)->1829K(1856K)
[502.922s][info][gc             ] GC(1174) Pause Young (Normal) (G1 Evacuation Pause) (Evacuation Failure: Allocation) 907M->720M(978M) 147.899ms
[502.922s][info][gc,cpu         ] GC(1174) User=0.29s Sys=0.00s Real=0.15s
[503.026s][info][gc,start       ] GC(1175) Pause Young (Normal) (G1 Evacuation Pause)
[503.026s][info][gc,task        ] GC(1175) Using 2 workers of 2 for evacuation
[503.126s][info][gc,phases      ] GC(1175)   Pre Evacuate Collection Set: 0.58ms
[503.126s][info][gc,phases      ] GC(1175)   Merge Heap Roots: 0.71ms
[503.126s][info][gc,phases      ] GC(1175)   Evacuate Collection Set: 97.32ms
[503.126s][info][gc,phases      ] GC(1175)   Post Evacuate Collection Set: 0.74ms
[503.126s][info][gc,phases      ] GC(1175)   Other: 0.17ms
[503.126s][info][gc,heap        ] GC(1175) Eden regions: 156->0(305)
[503.126s][info][gc,heap        ] GC(1175) Survivor regions: 50->3(26)
[503.126s][info][gc,heap        ] GC(1175) Old regions: 665->593
[503.126s][info][gc,heap        ] GC(1175) Humongous regions: 7->7
[503.126s][info][gc,metaspace   ] GC(1175) Metaspace: 18971K(19136K)->18971K(19136K) NonClass: 17141K(17280K)->17141K(17280K) Class: 1829K(1856K)->1829K(1856K)
[503.126s][info][gc             ] GC(1175) Pause Young (Normal) (G1 Evacuation Pause) 876M->601M(978M) 99.913ms
[503.126s][info][gc,cpu         ] GC(1175) User=0.19s Sys=0.00s Real=0.10s
[503.352s][info][gc,marking     ] GC(1172) Concurrent Rebuild Remembered Sets and Scrub Regions 854.776ms
[503.352s][info][gc,start       ] GC(1172) Pause Cleanup
[503.352s][info][gc             ] GC(1172) Pause Cleanup 749M->749M(978M) 0.225ms
[503.352s][info][gc,cpu         ] GC(1172) User=0.00s Sys=0.00s Real=0.00s
[503.352s][info][gc,marking     ] GC(1172) Concurrent Clear Claimed Marks
[503.352s][info][gc,marking     ] GC(1172) Concurrent Clear Claimed Marks 0.043ms
[503.352s][info][gc,marking     ] GC(1172) Concurrent Cleanup for Next Mark
[503.360s][info][gc,marking     ] GC(1172) Concurrent Cleanup for Next Mark 7.301ms
[503.360s][info][gc             ] GC(1172) Concurrent Mark Cycle 2670.792ms
[503.494s][info][gc,start       ] GC(1176) Pause Young (Prepare Mixed) (G1 Evacuation Pause)
[503.494s][info][gc,task        ] GC(1176) Using 2 workers of 2 for evacuation
[503.522s][info][gc,phases      ] GC(1176)   Pre Evacuate Collection Set: 0.36ms
[503.522s][info][gc,phases      ] GC(1176)   Merge Heap Roots: 0.39ms
[503.522s][info][gc,phases      ] GC(1176)   Evacuate Collection Set: 26.56ms
[503.522s][info][gc,phases      ] GC(1176)   Post Evacuate Collection Set: 0.66ms
[503.522s][info][gc,phases      ] GC(1176)   Other: 0.10ms
[503.522s][info][gc,heap        ] GC(1176) Eden regions: 305->0(305)
[503.522s][info][gc,heap        ] GC(1176) Survivor regions: 3->11(39)
[503.522s][info][gc,heap        ] GC(1176) Old regions: 593->593
[503.522s][info][gc,heap        ] GC(1176) Humongous regions: 7->7
[503.522s][info][gc,metaspace   ] GC(1176) Metaspace: 18971K(19136K)->18971K(19136K) NonClass: 17141K(17280K)->17141K(17280K) Class: 1829K(1856K)->1829K(1856K)
[503.522s][info][gc             ] GC(1176) Pause Young (Prepare Mixed) (G1 Evacuation Pause) 906M->610M(978M) 28.364ms
[503.522s][info][gc,cpu         ] GC(1176) User=0.06s Sys=0.00s Real=0.03s
[503.779s][info][gc,start       ] GC(1177) Pause Young (Mixed) (G1 Evacuation Pause)
[503.779s][info][gc,task        ] GC(1177) Using 2 workers of 2 for evacuation
[503.824s][info][gc,phases      ] GC(1177)   Pre Evacuate Collection Set: 0.58ms
[503.824s][info][gc,phases      ] GC(1177)   Merge Heap Roots: 0.31ms
[503.824s][info][gc,phases      ] GC(1177)   Evacuate Collection Set: 44.06ms
[503.824s][info][gc,phases      ] GC(1177)   Post Evacuate Collection Set: 0.66ms
[503.824s][info][gc,phases      ] GC(1177)   Other: 0.10ms
[503.824s][info][gc,heap        ] GC(1177) Eden regions: 305->0(278)
[503.824s][info][gc,heap        ] GC(1177) Survivor regions: 11->29(40)
[503.825s][info][gc,heap        ] GC(1177) Old regions: 593->585
[503.825s][info][gc,heap        ] GC(1177) Humongous regions: 7->7
[503.825s][info][gc,metaspace   ] GC(1177) Metaspace: 18971K(19136K)->18971K(19136K) NonClass: 17141K(17280K)->17141K(17280K) Class: 1829K(1856K)->1829K(1856K)
[503.825s][info][gc             ] GC(1177) Pause Young (Mixed) (G1 Evacuation Pause) 915M->619M(978M) 46.031ms
[503.825s][info][gc,cpu         ] GC(1177) User=0.09s Sys=0.00s Real=0.05s
[504.439s][info][gc,start       ] GC(1178) Pause Young (Concurrent Start) (G1 Evacuation Pause)
[504.439s][info][gc,task        ] GC(1178) Using 2 workers of 2 for evacuation
[504.522s][info][gc,phases      ] GC(1178)   Pre Evacuate Collection Set: 0.39ms
[504.522s][info][gc,phases      ] GC(1178)   Merge Heap Roots: 0.40ms
[504.522s][info][gc,phases      ] GC(1178)   Evacuate Collection Set: 81.36ms
[504.522s][info][gc,phases      ] GC(1178)   Post Evacuate Collection Set: 0.63ms
[504.522s][info][gc,phases      ] GC(1178)   Other: 0.21ms
[504.522s][info][gc,heap        ] GC(1178) Eden regions: 278->0(237)
[504.522s][info][gc,heap        ] GC(1178) Survivor regions: 29->39(39)
[504.522s][info][gc,heap        ] GC(1178) Old regions: 585->606
[504.522s][info][gc,heap        ] GC(1178) Humongous regions: 7->7
[504.522s][info][gc,metaspace   ] GC(1178) Metaspace: 18971K(19136K)->18971K(19136K) NonClass: 17141K(17280K)->17141K(17280K) Class: 1829K(1856K)->1829K(1856K)
[504.522s][info][gc             ] GC(1178) Pause Young (Concurrent Start) (G1 Evacuation Pause) 897M->650M(978M) 83.280ms
[504.522s][info][gc,cpu         ] GC(1178) User=0.16s Sys=0.00s Real=0.09s
[504.522s][info][gc             ] GC(1179) Concurrent Mark Cycle
[504.524s][info][gc,marking     ] GC(1179) Concurrent Scan Root Regions
[504.619s][info][gc,marking     ] GC(1179) Concurrent Scan Root Regions 94.127ms
[504.619s][info][gc,marking     ] GC(1179) Concurrent Mark
[504.619s][info][gc,marking     ] GC(1179) Concurrent Mark From Roots
[504.619s][info][gc,task        ] GC(1179) Using 1 workers of 1 for marking
[505.569s][info][gc,start       ] GC(1180) Pause Young (Normal) (G1 Evacuation Pause)
[505.569s][info][gc,task        ] GC(1180) Using 2 workers of 2 for evacuation
[505.617s][info][gc,phases      ] GC(1180)   Pre Evacuate Collection Set: 0.33ms
[505.617s][info][gc,phases      ] GC(1180)   Merge Heap Roots: 0.25ms
[505.617s][info][gc,phases      ] GC(1180)   Evacuate Collection Set: 47.44ms
[505.617s][info][gc,phases      ] GC(1180)   Post Evacuate Collection Set: 0.54ms
[505.617s][info][gc,phases      ] GC(1180)   Other: 0.09ms
[505.617s][info][gc,heap        ] GC(1180) Eden regions: 237->0(265)
[505.617s][info][gc,heap        ] GC(1180) Survivor regions: 39->1(35)
[505.617s][info][gc,heap        ] GC(1180) Old regions: 606->645
[505.617s][info][gc,heap        ] GC(1180) Humongous regions: 7->7
[505.617s][info][gc,metaspace   ] GC(1180) Metaspace: 18971K(19136K)->18971K(19136K) NonClass: 17141K(17280K)->17141K(17280K) Class: 1829K(1856K)->1829K(1856K)
[505.618s][info][gc             ] GC(1180) Pause Young (Normal) (G1 Evacuation Pause) 887M->652M(978M) 48.931ms
[505.618s][info][gc,cpu         ] GC(1180) User=0.10s Sys=0.00s Real=0.05s
[506.564s][info][gc,marking     ] GC(1179) Concurrent Mark From Roots 1945.394ms
[506.564s][info][gc,marking     ] GC(1179) Concurrent Preclean
[506.564s][info][gc,marking     ] GC(1179) Concurrent Preclean 0.051ms
[506.564s][info][gc,start       ] GC(1179) Pause Remark
[506.573s][info][gc             ] GC(1179) Pause Remark 902M->902M(978M) 8.626ms
[506.573s][info][gc,cpu         ] GC(1179) User=0.02s Sys=0.01s Real=0.01s
[506.573s][info][gc,marking     ] GC(1179) Concurrent Mark 1954.433ms
[506.573s][info][gc,marking     ] GC(1179) Concurrent Rebuild Remembered Sets and Scrub Regions
[506.652s][info][gc,start       ] GC(1181) Pause Young (Normal) (G1 Evacuation Pause)
[506.652s][info][gc,task        ] GC(1181) Using 2 workers of 2 for evacuation
[506.654s][info][gc,phases      ] GC(1181)   Pre Evacuate Collection Set: 0.30ms
[506.654s][info][gc,phases      ] GC(1181)   Merge Heap Roots: 0.13ms
[506.654s][info][gc,phases      ] GC(1181)   Evacuate Collection Set: 1.26ms
[506.654s][info][gc,phases      ] GC(1181)   Post Evacuate Collection Set: 0.48ms
[506.654s][info][gc,phases      ] GC(1181)   Other: 0.09ms
[506.654s][info][gc,heap        ] GC(1181) Eden regions: 265->0(274)
[506.654s][info][gc,heap        ] GC(1181) Survivor regions: 1->1(34)
[506.654s][info][gc,heap        ] GC(1181) Old regions: 645->645
[506.654s][info][gc,heap        ] GC(1181) Humongous regions: 7->7
[506.654s][info][gc,metaspace   ] GC(1181) Metaspace: 18971K(19136K)->18971K(19136K) NonClass: 17141K(17280K)->17141K(17280K) Class: 1829K(1856K)->1829K(1856K)
[506.654s][info][gc             ] GC(1181) Pause Young (Normal) (G1 Evacuation Pause) 917M->652M(978M) 2.547ms
[506.654s][info][gc,cpu         ] GC(1181) User=0.00s Sys=0.00s Real=0.00s
[507.344s][info][gc,marking     ] GC(1179) Concurrent Rebuild Remembered Sets and Scrub Regions 771.301ms
[507.345s][info][gc,start       ] GC(1179) Pause Cleanup
[507.345s][info][gc             ] GC(1179) Pause Cleanup 826M->826M(978M) 0.199ms
[507.345s][info][gc,cpu         ] GC(1179) User=0.00s Sys=0.00s Real=0.00s
[507.345s][info][gc,marking     ] GC(1179) Concurrent Clear Claimed Marks
[507.345s][info][gc,marking     ] GC(1179) Concurrent Clear Claimed Marks 0.041ms
[507.345s][info][gc,marking     ] GC(1179) Concurrent Cleanup for Next Mark
[507.348s][info][gc,marking     ] GC(1179) Concurrent Cleanup for Next Mark 3.355ms
[507.348s][info][gc             ] GC(1179) Concurrent Mark Cycle 2826.223ms
[507.611s][info][gc,start       ] GC(1182) Pause Young (Prepare Mixed) (G1 Evacuation Pause)
[507.611s][info][gc,task        ] GC(1182) Using 2 workers of 2 for evacuation
[507.615s][info][gc,phases      ] GC(1182)   Pre Evacuate Collection Set: 0.42ms
[507.615s][info][gc,phases      ] GC(1182)   Merge Heap Roots: 0.17ms
[507.615s][info][gc,phases      ] GC(1182)   Evacuate Collection Set: 2.14ms
[507.615s][info][gc,phases      ] GC(1182)   Post Evacuate Collection Set: 0.62ms
[507.615s][info][gc,phases      ] GC(1182)   Other: 0.18ms
[507.615s][info][gc,heap        ] GC(1182) Eden regions: 274->0(274)
[507.615s][info][gc,heap        ] GC(1182) Survivor regions: 1->1(35)
[507.615s][info][gc,heap        ] GC(1182) Old regions: 645->645
[507.615s][info][gc,heap        ] GC(1182) Humongous regions: 7->7
[507.615s][info][gc,metaspace   ] GC(1182) Metaspace: 18971K(19136K)->18971K(19136K) NonClass: 17141K(17280K)->17141K(17280K) Class: 1829K(1856K)->1829K(1856K)
[507.615s][info][gc             ] GC(1182) Pause Young (Prepare Mixed) (G1 Evacuation Pause) 926M->652M(978M) 3.898ms
[507.615s][info][gc,cpu         ] GC(1182) User=0.01s Sys=0.00s Real=0.00s
[508.277s][info][gc,start       ] GC(1183) Pause Young (Mixed) (G1 Evacuation Pause)
[508.277s][info][gc,task        ] GC(1183) Using 2 workers of 2 for evacuation
[508.299s][info][gc,phases      ] GC(1183)   Pre Evacuate Collection Set: 0.37ms
[508.299s][info][gc,phases      ] GC(1183)   Merge Heap Roots: 0.19ms
[508.299s][info][gc,phases      ] GC(1183)   Evacuate Collection Set: 20.86ms
[508.299s][info][gc,phases      ] GC(1183)   Post Evacuate Collection Set: 0.57ms
[508.299s][info][gc,phases      ] GC(1183)   Other: 0.10ms
[508.299s][info][gc,heap        ] GC(1183) Eden regions: 274->0(247)
[508.299s][info][gc,heap        ] GC(1183) Survivor regions: 1->18(35)
[508.299s][info][gc,heap        ] GC(1183) Old regions: 645->638
[508.299s][info][gc,heap        ] GC(1183) Humongous regions: 7->7
[508.299s][info][gc,metaspace   ] GC(1183) Metaspace: 18971K(19136K)->18971K(19136K) NonClass: 17141K(17280K)->17141K(17280K) Class: 1829K(1856K)->1829K(1856K)
[508.299s][info][gc             ] GC(1183) Pause Young (Mixed) (G1 Evacuation Pause) 926M->661M(978M) 22.335ms
[508.299s][info][gc,cpu         ] GC(1183) User=0.04s Sys=0.00s Real=0.02s
[508.478s][info][gc,start       ] GC(1184) Pause Young (Concurrent Start) (G1 Evacuation Pause)
[508.478s][info][gc,task        ] GC(1184) Using 2 workers of 2 for evacuation
[508.610s][info][gc,phases      ] GC(1184)   Pre Evacuate Collection Set: 0.35ms
[508.611s][info][gc,phases      ] GC(1184)   Merge Heap Roots: 0.15ms
[508.611s][info][gc,phases      ] GC(1184)   Evacuate Collection Set: 115.86ms
[508.611s][info][gc,phases      ] GC(1184)   Post Evacuate Collection Set: 15.75ms
[508.611s][info][gc,phases      ] GC(1184)   Other: 0.12ms
[508.611s][info][gc,heap        ] GC(1184) Eden regions: 247->0(14)
[508.611s][info][gc,heap        ] GC(1184) Survivor regions: 18->34(34)
[508.611s][info][gc,heap        ] GC(1184) Old regions: 638->874
[508.611s][info][gc,heap        ] GC(1184) Humongous regions: 7->7
[508.611s][info][gc,metaspace   ] GC(1184) Metaspace: 18972K(19136K)->18972K(19136K) NonClass: 17142K(17280K)->17142K(17280K) Class: 1829K(1856K)->1829K(1856K)
[508.611s][info][gc             ] GC(1184) Pause Young (Concurrent Start) (G1 Evacuation Pause) (Evacuation Failure: Allocation) 908M->914M(978M) 132.504ms
[508.611s][info][gc,cpu         ] GC(1184) User=0.26s Sys=0.00s Real=0.14s
[508.611s][info][gc             ] GC(1185) Concurrent Mark Cycle
[508.611s][info][gc,marking     ] GC(1185) Concurrent Scan Root Regions
[508.654s][info][gc,start       ] GC(1186) Pause Young (Normal) (G1 Evacuation Pause)
[508.654s][info][gc,task        ] GC(1186) Using 2 workers of 2 for evacuation
[508.701s][info][gc,marking     ] GC(1185) Concurrent Scan Root Regions 89.852ms
[508.701s][info][gc,marking     ] GC(1185) Concurrent Mark
[508.701s][info][gc,marking     ] GC(1185) Concurrent Mark From Roots
[508.701s][info][gc,task        ] GC(1185) Using 1 workers of 1 for marking
[508.782s][info][gc,phases      ] GC(1186)   Pre Evacuate Collection Set: 0.45ms
[508.782s][info][gc,phases      ] GC(1186)   Merge Heap Roots: 0.76ms
[508.782s][info][gc,phases      ] GC(1186)   Evacuate Collection Set: 75.03ms
[508.782s][info][gc,phases      ] GC(1186)   Post Evacuate Collection Set: 5.31ms
[508.782s][info][gc,phases      ] GC(1186)   Other: 0.11ms
[508.782s][info][gc,heap        ] GC(1186) Eden regions: 14->0(107)
[508.782s][info][gc,heap        ] GC(1186) Survivor regions: 34->2(6)
[508.782s][info][gc,heap        ] GC(1186) Old regions: 874->810
[508.782s][info][gc,heap        ] GC(1186) Humongous regions: 7->7
[508.782s][info][gc,metaspace   ] GC(1186) Metaspace: 18972K(19136K)->18972K(19136K) NonClass: 17142K(17280K)->17142K(17280K) Class: 1829K(1856K)->1829K(1856K)
[508.783s][info][gc             ] GC(1186) Pause Young (Normal) (G1 Evacuation Pause) (Evacuation Failure: Allocation) 928M->818M(978M) 128.967ms
[508.783s][info][gc,cpu         ] GC(1186) User=0.21s Sys=0.00s Real=0.13s
[508.972s][info][gc,start       ] GC(1187) Pause Young (Normal) (G1 Evacuation Pause)
[508.973s][info][gc,task        ] GC(1187) Using 2 workers of 2 for evacuation
[509.021s][info][gc,phases      ] GC(1187)   Pre Evacuate Collection Set: 0.56ms
[509.022s][info][gc,phases      ] GC(1187)   Merge Heap Roots: 0.22ms
[509.022s][info][gc,phases      ] GC(1187)   Evacuate Collection Set: 47.46ms
[509.022s][info][gc,phases      ] GC(1187)   Post Evacuate Collection Set: 0.55ms
[509.022s][info][gc,phases      ] GC(1187)   Other: 0.09ms
[509.022s][info][gc,heap        ] GC(1187) Eden regions: 107->0(127)
[509.022s][info][gc,heap        ] GC(1187) Survivor regions: 2->14(14)
[509.022s][info][gc,heap        ] GC(1187) Old regions: 810->766
[509.022s][info][gc,heap        ] GC(1187) Humongous regions: 7->7
[509.022s][info][gc,metaspace   ] GC(1187) Metaspace: 18972K(19136K)->18972K(19136K) NonClass: 17142K(17280K)->17142K(17280K) Class: 1829K(1856K)->1829K(1856K)
[509.022s][info][gc             ] GC(1187) Pause Young (Normal) (G1 Evacuation Pause) (Evacuation Failure: Allocation) 925M->786M(978M) 49.134ms
[509.022s][info][gc,cpu         ] GC(1187) User=0.10s Sys=0.00s Real=0.05s
[509.260s][info][gc,start       ] GC(1188) Pause Young (Normal) (G1 Evacuation Pause)
[509.260s][info][gc,task        ] GC(1188) Using 2 workers of 2 for evacuation
[509.307s][info][gc,phases      ] GC(1188)   Pre Evacuate Collection Set: 0.32ms
[509.307s][info][gc,phases      ] GC(1188)   Merge Heap Roots: 0.33ms
[509.307s][info][gc,phases      ] GC(1188)   Evacuate Collection Set: 45.60ms
[509.307s][info][gc,phases      ] GC(1188)   Post Evacuate Collection Set: 0.59ms
[509.307s][info][gc,phases      ] GC(1188)   Other: 0.10ms
[509.307s][info][gc,heap        ] GC(1188) Eden regions: 127->0(103)
[509.307s][info][gc,heap        ] GC(1188) Survivor regions: 14->18(18)
[509.307s][info][gc,heap        ] GC(1188) Old regions: 766->782
[509.307s][info][gc,heap        ] GC(1188) Humongous regions: 7->7
[509.307s][info][gc,metaspace   ] GC(1188) Metaspace: 18972K(19136K)->18972K(19136K) NonClass: 17142K(17280K)->17142K(17280K) Class: 1829K(1856K)->1829K(1856K)
[509.307s][info][gc             ] GC(1188) Pause Young (Normal) (G1 Evacuation Pause) 913M->805M(978M) 47.241ms
[509.308s][info][gc,cpu         ] GC(1188) User=0.09s Sys=0.00s Real=0.05s
[509.511s][info][gc,start       ] GC(1189) Pause Young (Normal) (G1 Evacuation Pause)
[509.511s][info][gc,task        ] GC(1189) Using 2 workers of 2 for evacuation
[509.563s][info][gc,phases      ] GC(1189)   Pre Evacuate Collection Set: 0.31ms
[509.563s][info][gc,phases      ] GC(1189)   Merge Heap Roots: 0.36ms
[509.563s][info][gc,phases      ] GC(1189)   Evacuate Collection Set: 50.94ms
[509.563s][info][gc,phases      ] GC(1189)   Post Evacuate Collection Set: 0.44ms
[509.563s][info][gc,phases      ] GC(1189)   Other: 0.08ms
[509.563s][info][gc,heap        ] GC(1189) Eden regions: 103->0(86)
[509.563s][info][gc,heap        ] GC(1189) Survivor regions: 18->16(16)
[509.563s][info][gc,heap        ] GC(1189) Old regions: 782->800
[509.563s][info][gc,heap        ] GC(1189) Humongous regions: 10->10
[509.563s][info][gc,metaspace   ] GC(1189) Metaspace: 18972K(19136K)->18972K(19136K) NonClass: 17142K(17280K)->17142K(17280K) Class: 1829K(1856K)->1829K(1856K)
[509.563s][info][gc             ] GC(1189) Pause Young (Normal) (G1 Evacuation Pause) 911M->824M(978M) 52.410ms
[509.563s][info][gc,cpu         ] GC(1189) User=0.10s Sys=0.00s Real=0.05s
[509.729s][info][gc,start       ] GC(1190) Pause Young (Normal) (G1 Evacuation Pause)
[509.729s][info][gc,task        ] GC(1190) Using 2 workers of 2 for evacuation
[509.755s][info][gc,phases      ] GC(1190)   Pre Evacuate Collection Set: 0.33ms
[509.755s][info][gc,phases      ] GC(1190)   Merge Heap Roots: 0.16ms
[509.755s][info][gc,phases      ] GC(1190)   Evacuate Collection Set: 24.94ms
[509.755s][info][gc,phases      ] GC(1190)   Post Evacuate Collection Set: 0.38ms
[509.755s][info][gc,phases      ] GC(1190)   Other: 0.13ms
[509.755s][info][gc,heap        ] GC(1190) Eden regions: 86->0(100)
[509.755s][info][gc,heap        ] GC(1190) Survivor regions: 16->1(13)
[509.755s][info][gc,heap        ] GC(1190) Old regions: 800->816
[509.755s][info][gc,heap        ] GC(1190) Humongous regions: 10->10
[509.755s][info][gc,metaspace   ] GC(1190) Metaspace: 18972K(19136K)->18972K(19136K) NonClass: 17142K(17280K)->17142K(17280K) Class: 1829K(1856K)->1829K(1856K)
[509.755s][info][gc             ] GC(1190) Pause Young (Normal) (G1 Evacuation Pause) 910M->825M(978M) 26.187ms
[509.755s][info][gc,cpu         ] GC(1190) User=0.05s Sys=0.00s Real=0.03s
[509.942s][info][gc,start       ] GC(1191) Pause Young (Normal) (G1 Evacuation Pause)
[509.942s][info][gc,task        ] GC(1191) Using 2 workers of 2 for evacuation
[509.944s][info][gc,phases      ] GC(1191)   Pre Evacuate Collection Set: 0.66ms
[509.944s][info][gc,phases      ] GC(1191)   Merge Heap Roots: 0.13ms
[509.944s][info][gc,phases      ] GC(1191)   Evacuate Collection Set: 1.08ms
[509.944s][info][gc,phases      ] GC(1191)   Post Evacuate Collection Set: 0.35ms
[509.944s][info][gc,phases      ] GC(1191)   Other: 0.13ms
[509.944s][info][gc,heap        ] GC(1191) Eden regions: 100->0(100)
[509.944s][info][gc,heap        ] GC(1191) Survivor regions: 1->1(13)
[509.944s][info][gc,heap        ] GC(1191) Old regions: 816->816
[509.944s][info][gc,heap        ] GC(1191) Humongous regions: 10->10
[509.944s][info][gc,metaspace   ] GC(1191) Metaspace: 18972K(19136K)->18972K(19136K) NonClass: 17142K(17280K)->17142K(17280K) Class: 1829K(1856K)->1829K(1856K)
[509.944s][info][gc             ] GC(1191) Pause Young (Normal) (G1 Evacuation Pause) 925M->825M(978M) 2.614ms
[509.944s][info][gc,cpu         ] GC(1191) User=0.00s Sys=0.00s Real=0.00s
[510.165s][info][gc,start       ] GC(1192) Pause Young (Normal) (G1 Evacuation Pause)
[510.165s][info][gc,task        ] GC(1192) Using 2 workers of 2 for evacuation
[510.167s][info][gc,phases      ] GC(1192)   Pre Evacuate Collection Set: 0.53ms
[510.167s][info][gc,phases      ] GC(1192)   Merge Heap Roots: 0.06ms
[510.167s][info][gc,phases      ] GC(1192)   Evacuate Collection Set: 1.00ms
[510.167s][info][gc,phases      ] GC(1192)   Post Evacuate Collection Set: 0.34ms
[510.167s][info][gc,phases      ] GC(1192)   Other: 0.11ms
[510.167s][info][gc,heap        ] GC(1192) Eden regions: 100->0(100)
[510.167s][info][gc,heap        ] GC(1192) Survivor regions: 1->1(13)
[510.167s][info][gc,heap        ] GC(1192) Old regions: 816->816
[510.167s][info][gc,heap        ] GC(1192) Humongous regions: 10->10
[510.167s][info][gc,metaspace   ] GC(1192) Metaspace: 18972K(19136K)->18972K(19136K) NonClass: 17142K(17280K)->17142K(17280K) Class: 1829K(1856K)->1829K(1856K)
[510.167s][info][gc             ] GC(1192) Pause Young (Normal) (G1 Evacuation Pause) 925M->825M(978M) 2.275ms
[510.167s][info][gc,cpu         ] GC(1192) User=0.00s Sys=0.00s Real=0.00s
[510.320s][info][gc,marking     ] GC(1185) Concurrent Mark From Roots 1619.749ms
[510.320s][info][gc,marking     ] GC(1185) Concurrent Preclean
[510.321s][info][gc,marking     ] GC(1185) Concurrent Preclean 0.056ms
[510.321s][info][gc,start       ] GC(1185) Pause Remark
[510.330s][info][gc             ] GC(1185) Pause Remark 886M->672M(978M) 9.146ms
[510.330s][info][gc,cpu         ] GC(1185) User=0.02s Sys=0.00s Real=0.01s
[510.332s][info][gc,marking     ] GC(1185) Concurrent Mark 1631.111ms
[510.332s][info][gc,marking     ] GC(1185) Concurrent Rebuild Remembered Sets and Scrub Regions
[510.417s][info][gc,start       ] GC(1193) Pause Young (Normal) (G1 Evacuation Pause)
[510.417s][info][gc,task        ] GC(1193) Using 2 workers of 2 for evacuation
[510.419s][info][gc,phases      ] GC(1193)   Pre Evacuate Collection Set: 0.31ms
[510.419s][info][gc,phases      ] GC(1193)   Merge Heap Roots: 0.07ms
[510.419s][info][gc,phases      ] GC(1193)   Evacuate Collection Set: 1.05ms
[510.419s][info][gc,phases      ] GC(1193)   Post Evacuate Collection Set: 0.36ms
[510.419s][info][gc,phases      ] GC(1193)   Other: 0.10ms
[510.419s][info][gc,heap        ] GC(1193) Eden regions: 100->0(290)
[510.419s][info][gc,heap        ] GC(1193) Survivor regions: 1->1(13)
[510.419s][info][gc,heap        ] GC(1193) Old regions: 605->605
[510.419s][info][gc,heap        ] GC(1193) Humongous regions: 7->7
[510.419s][info][gc,metaspace   ] GC(1193) Metaspace: 18972K(19136K)->18972K(19136K) NonClass: 17142K(17280K)->17142K(17280K) Class: 1829K(1856K)->1829K(1856K)
[510.419s][info][gc             ] GC(1193) Pause Young (Normal) (G1 Evacuation Pause) 711M->611M(978M) 2.170ms
[510.419s][info][gc,cpu         ] GC(1193) User=0.01s Sys=0.00s Real=0.00s
[510.842s][info][gc,marking     ] GC(1185) Concurrent Rebuild Remembered Sets and Scrub Regions 509.737ms
[510.842s][info][gc,start       ] GC(1185) Pause Cleanup
[510.842s][info][gc             ] GC(1185) Pause Cleanup 786M->786M(978M) 0.146ms
[510.842s][info][gc,cpu         ] GC(1185) User=0.00s Sys=0.00s Real=0.00s
[510.842s][info][gc,marking     ] GC(1185) Concurrent Clear Claimed Marks
[510.842s][info][gc,marking     ] GC(1185) Concurrent Clear Claimed Marks 0.032ms
[510.842s][info][gc,marking     ] GC(1185) Concurrent Cleanup for Next Mark
[510.845s][info][gc,marking     ] GC(1185) Concurrent Cleanup for Next Mark 3.011ms
[510.845s][info][gc             ] GC(1185) Concurrent Mark Cycle 2234.390ms
[510.992s][info][gc,start       ] GC(1194) Pause Young (Prepare Mixed) (G1 Evacuation Pause)
[510.992s][info][gc,task        ] GC(1194) Using 2 workers of 2 for evacuation
[510.996s][info][gc,phases      ] GC(1194)   Pre Evacuate Collection Set: 0.59ms
[510.996s][info][gc,phases      ] GC(1194)   Merge Heap Roots: 0.13ms
[510.996s][info][gc,phases      ] GC(1194)   Evacuate Collection Set: 2.17ms
[510.996s][info][gc,phases      ] GC(1194)   Post Evacuate Collection Set: 0.55ms
[510.996s][info][gc,phases      ] GC(1194)   Other: 0.10ms
[510.996s][info][gc,heap        ] GC(1194) Eden regions: 290->0(303)
[510.996s][info][gc,heap        ] GC(1194) Survivor regions: 1->1(37)
[510.996s][info][gc,heap        ] GC(1194) Old regions: 605->605
[510.996s][info][gc,heap        ] GC(1194) Humongous regions: 7->7
[510.996s][info][gc,metaspace   ] GC(1194) Metaspace: 18972K(19136K)->18972K(19136K) NonClass: 17142K(17280K)->17142K(17280K) Class: 1829K(1856K)->1829K(1856K)
[510.996s][info][gc             ] GC(1194) Pause Young (Prepare Mixed) (G1 Evacuation Pause) 901M->612M(978M) 3.829ms
[510.996s][info][gc,cpu         ] GC(1194) User=0.00s Sys=0.00s Real=0.00s
[511.426s][info][gc,start       ] GC(1195) Pause Young (Mixed) (G1 Evacuation Pause)
[511.426s][info][gc,task        ] GC(1195) Using 2 workers of 2 for evacuation
[511.472s][info][gc,phases      ] GC(1195)   Pre Evacuate Collection Set: 0.35ms
[511.472s][info][gc,phases      ] GC(1195)   Merge Heap Roots: 0.52ms
[511.472s][info][gc,phases      ] GC(1195)   Evacuate Collection Set: 43.95ms
[511.472s][info][gc,phases      ] GC(1195)   Post Evacuate Collection Set: 0.81ms
[511.472s][info][gc,phases      ] GC(1195)   Other: 0.12ms
[511.472s][info][gc,heap        ] GC(1195) Eden regions: 303->0(315)
[511.472s][info][gc,heap        ] GC(1195) Survivor regions: 1->18(38)
[511.472s][info][gc,heap        ] GC(1195) Old regions: 605->566
[511.472s][info][gc,heap        ] GC(1195) Humongous regions: 10->10
[511.472s][info][gc,metaspace   ] GC(1195) Metaspace: 18972K(19136K)->18972K(19136K) NonClass: 17142K(17280K)->17142K(17280K) Class: 1829K(1856K)->1829K(1856K)
[511.472s][info][gc             ] GC(1195) Pause Young (Mixed) (G1 Evacuation Pause) 918M->593M(978M) 46.016ms
[511.472s][info][gc,cpu         ] GC(1195) User=0.09s Sys=0.00s Real=0.05s
[511.956s][info][gc,start       ] GC(1196) Pause Young (Concurrent Start) (G1 Evacuation Pause)
[511.956s][info][gc,task        ] GC(1196) Using 2 workers of 2 for evacuation
[512.005s][info][gc,phases      ] GC(1196)   Pre Evacuate Collection Set: 0.38ms
[512.005s][info][gc,phases      ] GC(1196)   Merge Heap Roots: 0.39ms
[512.005s][info][gc,phases      ] GC(1196)   Evacuate Collection Set: 46.66ms
[512.005s][info][gc,phases      ] GC(1196)   Post Evacuate Collection Set: 0.74ms
[512.005s][info][gc,phases      ] GC(1196)   Other: 0.26ms
[512.005s][info][gc,heap        ] GC(1196) Eden regions: 315->0(310)
[512.005s][info][gc,heap        ] GC(1196) Survivor regions: 18->21(42)
[512.005s][info][gc,heap        ] GC(1196) Old regions: 566->566
[512.005s][info][gc,heap        ] GC(1196) Humongous regions: 10->10
[512.005s][info][gc,metaspace   ] GC(1196) Metaspace: 18972K(19136K)->18972K(19136K) NonClass: 17142K(17280K)->17142K(17280K) Class: 1829K(1856K)->1829K(1856K)
[512.005s][info][gc             ] GC(1196) Pause Young (Concurrent Start) (G1 Evacuation Pause) 908M->596M(978M) 48.676ms
[512.005s][info][gc,cpu         ] GC(1196) User=0.10s Sys=0.00s Real=0.05s
[512.005s][info][gc             ] GC(1197) Concurrent Mark Cycle
[512.005s][info][gc,marking     ] GC(1197) Concurrent Scan Root Regions
[512.082s][info][gc,marking     ] GC(1197) Concurrent Scan Root Regions 77.707ms
[512.083s][info][gc,marking     ] GC(1197) Concurrent Mark
[512.083s][info][gc,marking     ] GC(1197) Concurrent Mark From Roots
[512.083s][info][gc,task        ] GC(1197) Using 1 workers of 1 for marking
[512.707s][info][gc,marking     ] GC(1197) Concurrent Mark From Roots 624.630ms
[512.707s][info][gc,marking     ] GC(1197) Concurrent Preclean
[512.707s][info][gc,marking     ] GC(1197) Concurrent Preclean 0.048ms
[512.707s][info][gc,start       ] GC(1197) Pause Remark
[512.716s][info][gc             ] GC(1197) Pause Remark 785M->562M(978M) 8.775ms
[512.716s][info][gc,cpu         ] GC(1197) User=0.02s Sys=0.00s Real=0.01s
[512.719s][info][gc,marking     ] GC(1197) Concurrent Mark 635.942ms
[512.719s][info][gc,marking     ] GC(1197) Concurrent Rebuild Remembered Sets and Scrub Regions
[512.924s][info][gc,marking     ] GC(1197) Concurrent Rebuild Remembered Sets and Scrub Regions 205.887ms
[512.925s][info][gc,start       ] GC(1197) Pause Cleanup
[512.925s][info][gc             ] GC(1197) Pause Cleanup 649M->649M(978M) 0.174ms
[512.925s][info][gc,cpu         ] GC(1197) User=0.00s Sys=0.00s Real=0.00s
[512.925s][info][gc,marking     ] GC(1197) Concurrent Clear Claimed Marks
[512.925s][info][gc,marking     ] GC(1197) Concurrent Clear Claimed Marks 0.032ms
[512.925s][info][gc,marking     ] GC(1197) Concurrent Cleanup for Next Mark
[512.928s][info][gc,marking     ] GC(1197) Concurrent Cleanup for Next Mark 3.006ms
[512.928s][info][gc             ] GC(1197) Concurrent Mark Cycle 923.236ms
[512.982s][info][gc,start       ] GC(1198) Pause Young (Prepare Mixed) (G1 Evacuation Pause)
[512.982s][info][gc,task        ] GC(1198) Using 2 workers of 2 for evacuation
[513.030s][info][gc,phases      ] GC(1198)   Pre Evacuate Collection Set: 0.58ms
[513.030s][info][gc,phases      ] GC(1198)   Merge Heap Roots: 0.69ms
[513.030s][info][gc,phases      ] GC(1198)   Evacuate Collection Set: 45.48ms
[513.030s][info][gc,phases      ] GC(1198)   Post Evacuate Collection Set: 0.77ms
[513.030s][info][gc,phases      ] GC(1198)   Other: 0.11ms
[513.030s][info][gc,heap        ] GC(1198) Eden regions: 310->0(476)
[513.030s][info][gc,heap        ] GC(1198) Survivor regions: 21->21(42)
[513.030s][info][gc,heap        ] GC(1198) Old regions: 349->349
[513.030s][info][gc,heap        ] GC(1198) Humongous regions: 4->4
[513.030s][info][gc,metaspace   ] GC(1198) Metaspace: 18972K(19136K)->18972K(19136K) NonClass: 17142K(17280K)->17142K(17280K) Class: 1829K(1856K)->1829K(1856K)
[513.030s][info][gc             ] GC(1198) Pause Young (Prepare Mixed) (G1 Evacuation Pause) 683M->373M(978M) 47.902ms
[513.030s][info][gc,cpu         ] GC(1198) User=0.09s Sys=0.00s Real=0.04s
[513.685s][info][gc,start       ] GC(1199) Pause Young (Mixed) (G1 Evacuation Pause)
[513.685s][info][gc,task        ] GC(1199) Using 2 workers of 2 for evacuation
[513.789s][info][gc,phases      ] GC(1199)   Pre Evacuate Collection Set: 0.61ms
[513.789s][info][gc,phases      ] GC(1199)   Merge Heap Roots: 0.74ms
[513.789s][info][gc,phases      ] GC(1199)   Evacuate Collection Set: 102.13ms
[513.789s][info][gc,phases      ] GC(1199)   Post Evacuate Collection Set: 1.04ms
[513.789s][info][gc,phases      ] GC(1199)   Other: 0.12ms
[513.789s][info][gc,heap        ] GC(1199) Eden regions: 476->0(513)
[513.789s][info][gc,heap        ] GC(1199) Survivor regions: 21->54(63)
[513.789s][info][gc,heap        ] GC(1199) Old regions: 349->251
[513.789s][info][gc,heap        ] GC(1199) Humongous regions: 4->4
[513.789s][info][gc,metaspace   ] GC(1199) Metaspace: 18972K(19136K)->18972K(19136K) NonClass: 17142K(17280K)->17142K(17280K) Class: 1829K(1856K)->1829K(1856K)
[513.789s][info][gc             ] GC(1199) Pause Young (Mixed) (G1 Evacuation Pause) 849M->308M(978M) 104.940ms
[513.790s][info][gc,cpu         ] GC(1199) User=0.20s Sys=0.00s Real=0.10s
[514.254s][info][gc,start       ] GC(1200) Pause Young (Mixed) (G1 Evacuation Pause)
[514.254s][info][gc,task        ] GC(1200) Using 2 workers of 2 for evacuation
[514.414s][info][gc,phases      ] GC(1200)   Pre Evacuate Collection Set: 0.57ms
[514.414s][info][gc,phases      ] GC(1200)   Merge Heap Roots: 0.71ms
[514.414s][info][gc,phases      ] GC(1200)   Evacuate Collection Set: 157.74ms
[514.414s][info][gc,phases      ] GC(1200)   Post Evacuate Collection Set: 0.88ms
[514.414s][info][gc,phases      ] GC(1200)   Other: 0.10ms
[514.414s][info][gc,heap        ] GC(1200) Eden regions: 483->0(417)
[514.414s][info][gc,heap        ] GC(1200) Survivor regions: 54->68(68)
[514.414s][info][gc,heap        ] GC(1200) Old regions: 251->277
[514.414s][info][gc,heap        ] GC(1200) Humongous regions: 4->4
[514.414s][info][gc,metaspace   ] GC(1200) Metaspace: 18972K(19136K)->18972K(19136K) NonClass: 17142K(17280K)->17142K(17280K) Class: 1829K(1856K)->1829K(1856K)
[514.414s][info][gc             ] GC(1200) Pause Young (Mixed) (G1 Evacuation Pause) 791M->348M(978M) 160.276ms
[514.414s][info][gc,cpu         ] GC(1200) User=0.32s Sys=0.00s Real=0.16s
[514.740s][info][gc,start       ] GC(1201) Pause Young (Concurrent Start) (G1 Evacuation Pause)
[514.740s][info][gc,task        ] GC(1201) Using 2 workers of 2 for evacuation
[514.864s][info][gc,phases      ] GC(1201)   Pre Evacuate Collection Set: 0.36ms
[514.864s][info][gc,phases      ] GC(1201)   Merge Heap Roots: 0.35ms
[514.864s][info][gc,phases      ] GC(1201)   Evacuate Collection Set: 122.27ms
[514.864s][info][gc,phases      ] GC(1201)   Post Evacuate Collection Set: 0.89ms
[514.864s][info][gc,phases      ] GC(1201)   Other: 0.12ms
[514.864s][info][gc,heap        ] GC(1201) Eden regions: 424->0(481)
[514.864s][info][gc,heap        ] GC(1201) Survivor regions: 68->20(62)
[514.864s][info][gc,heap        ] GC(1201) Old regions: 277->346
[514.864s][info][gc,heap        ] GC(1201) Humongous regions: 4->4
[514.864s][info][gc,metaspace   ] GC(1201) Metaspace: 18974K(19136K)->18974K(19136K) NonClass: 17144K(17280K)->17144K(17280K) Class: 1829K(1856K)->1829K(1856K)
[514.864s][info][gc             ] GC(1201) Pause Young (Concurrent Start) (G1 Evacuation Pause) 772M->368M(978M) 124.327ms
[514.864s][info][gc,cpu         ] GC(1201) User=0.24s Sys=0.00s Real=0.13s
[514.864s][info][gc             ] GC(1202) Concurrent Mark Cycle
[514.864s][info][gc,marking     ] GC(1202) Concurrent Scan Root Regions
[515.086s][info][gc,marking     ] GC(1202) Concurrent Scan Root Regions 222.166ms
[515.087s][info][gc,marking     ] GC(1202) Concurrent Mark
[515.087s][info][gc,marking     ] GC(1202) Concurrent Mark From Roots
[515.087s][info][gc,task        ] GC(1202) Using 1 workers of 1 for marking
[515.777s][info][gc,marking     ] GC(1202) Concurrent Mark From Roots 690.057ms
[515.777s][info][gc,marking     ] GC(1202) Concurrent Preclean
[515.777s][info][gc,marking     ] GC(1202) Concurrent Preclean 0.044ms
[515.777s][info][gc,start       ] GC(1202) Pause Remark
[515.786s][info][gc             ] GC(1202) Pause Remark 826M->826M(978M) 8.890ms
[515.786s][info][gc,cpu         ] GC(1202) User=0.02s Sys=0.00s Real=0.01s
[515.786s][info][gc,marking     ] GC(1202) Concurrent Mark 699.342ms
[515.786s][info][gc,marking     ] GC(1202) Concurrent Rebuild Remembered Sets and Scrub Regions
[515.841s][info][gc,start       ] GC(1203) Pause Young (Normal) (G1 Evacuation Pause)
[515.841s][info][gc,task        ] GC(1203) Using 2 workers of 2 for evacuation
[515.913s][info][gc,phases      ] GC(1203)   Pre Evacuate Collection Set: 0.60ms
[515.913s][info][gc,phases      ] GC(1203)   Merge Heap Roots: 0.51ms
[515.913s][info][gc,phases      ] GC(1203)   Evacuate Collection Set: 69.61ms
[515.913s][info][gc,phases      ] GC(1203)   Post Evacuate Collection Set: 0.80ms
[515.913s][info][gc,phases      ] GC(1203)   Other: 0.10ms
[515.913s][info][gc,heap        ] GC(1203) Eden regions: 481->0(461)
[515.913s][info][gc,heap        ] GC(1203) Survivor regions: 20->49(63)
[515.913s][info][gc,heap        ] GC(1203) Old regions: 346->346
[515.913s][info][gc,heap        ] GC(1203) Humongous regions: 4->4
[515.913s][info][gc,metaspace   ] GC(1203) Metaspace: 18974K(19136K)->18974K(19136K) NonClass: 17144K(17280K)->17144K(17280K) Class: 1829K(1856K)->1829K(1856K)
[515.913s][info][gc             ] GC(1203) Pause Young (Normal) (G1 Evacuation Pause) 849M->398M(978M) 71.875ms
[515.913s][info][gc,cpu         ] GC(1203) User=0.14s Sys=0.00s Real=0.07s
[516.154s][info][gc,marking     ] GC(1202) Concurrent Rebuild Remembered Sets and Scrub Regions 367.995ms
[516.154s][info][gc,start       ] GC(1202) Pause Cleanup
[516.154s][info][gc             ] GC(1202) Pause Cleanup 501M->501M(978M) 0.150ms
[516.154s][info][gc,cpu         ] GC(1202) User=0.00s Sys=0.00s Real=0.00s
[516.154s][info][gc,marking     ] GC(1202) Concurrent Clear Claimed Marks
[516.154s][info][gc,marking     ] GC(1202) Concurrent Clear Claimed Marks 0.040ms
[516.154s][info][gc,marking     ] GC(1202) Concurrent Cleanup for Next Mark
[516.160s][info][gc,marking     ] GC(1202) Concurrent Cleanup for Next Mark 5.352ms
[516.160s][info][gc             ] GC(1202) Concurrent Mark Cycle 1295.536ms
[517.199s][info][gc,start       ] GC(1204) Pause Young (Prepare Mixed) (G1 Evacuation Pause)
[517.199s][info][gc,task        ] GC(1204) Using 2 workers of 2 for evacuation
[517.271s][info][gc,phases      ] GC(1204)   Pre Evacuate Collection Set: 0.31ms
[517.271s][info][gc,phases      ] GC(1204)   Merge Heap Roots: 0.46ms
[517.271s][info][gc,phases      ] GC(1204)   Evacuate Collection Set: 70.69ms
[517.271s][info][gc,phases      ] GC(1204)   Post Evacuate Collection Set: 0.80ms
[517.271s][info][gc,phases      ] GC(1204)   Other: 0.12ms
[517.271s][info][gc,heap        ] GC(1204) Eden regions: 461->0(471)
[517.271s][info][gc,heap        ] GC(1204) Survivor regions: 49->37(64)
[517.271s][info][gc,heap        ] GC(1204) Old regions: 346->366
[517.271s][info][gc,heap        ] GC(1204) Humongous regions: 4->4
[517.271s][info][gc,metaspace   ] GC(1204) Metaspace: 18974K(19136K)->18974K(19136K) NonClass: 17144K(17280K)->17144K(17280K) Class: 1829K(1856K)->1829K(1856K)
[517.271s][info][gc             ] GC(1204) Pause Young (Prepare Mixed) (G1 Evacuation Pause) 859M->405M(978M) 72.628ms
[517.271s][info][gc,cpu         ] GC(1204) User=0.15s Sys=0.00s Real=0.08s
[518.216s][info][gc,start       ] GC(1205) Pause Young (Mixed) (G1 Evacuation Pause)
[518.217s][info][gc,task        ] GC(1205) Using 2 workers of 2 for evacuation
[518.330s][info][gc,phases      ] GC(1205)   Pre Evacuate Collection Set: 0.35ms
[518.330s][info][gc,phases      ] GC(1205)   Merge Heap Roots: 0.33ms
[518.330s][info][gc,phases      ] GC(1205)   Evacuate Collection Set: 111.59ms
[518.330s][info][gc,phases      ] GC(1205)   Post Evacuate Collection Set: 1.48ms
[518.330s][info][gc,phases      ] GC(1205)   Other: 0.12ms
[518.330s][info][gc,heap        ] GC(1205) Eden regions: 471->0(390)
[518.331s][info][gc,heap        ] GC(1205) Survivor regions: 37->64(64)
[518.331s][info][gc,heap        ] GC(1205) Old regions: 366->401
[518.331s][info][gc,heap        ] GC(1205) Humongous regions: 4->4
[518.331s][info][gc,metaspace   ] GC(1205) Metaspace: 18974K(19136K)->18974K(19136K) NonClass: 17144K(17280K)->17144K(17280K) Class: 1829K(1856K)->1829K(1856K)
[518.331s][info][gc             ] GC(1205) Pause Young (Mixed) (G1 Evacuation Pause) (Evacuation Failure: Allocation) 876M->468M(978M) 114.125ms
[518.331s][info][gc,cpu         ] GC(1205) User=0.23s Sys=0.00s Real=0.12s
[519.032s][info][gc,start       ] GC(1206) Pause Young (Concurrent Start) (G1 Evacuation Pause)
[519.032s][info][gc,task        ] GC(1206) Using 2 workers of 2 for evacuation
[519.207s][info][gc,phases      ] GC(1206)   Pre Evacuate Collection Set: 0.33ms
[519.207s][info][gc,phases      ] GC(1206)   Merge Heap Roots: 0.34ms
[519.207s][info][gc,phases      ] GC(1206)   Evacuate Collection Set: 161.35ms
[519.207s][info][gc,phases      ] GC(1206)   Post Evacuate Collection Set: 12.27ms
[519.207s][info][gc,phases      ] GC(1206)   Other: 0.14ms
[519.207s][info][gc,heap        ] GC(1206) Eden regions: 390->0(224)
[519.207s][info][gc,heap        ] GC(1206) Survivor regions: 64->57(57)
[519.207s][info][gc,heap        ] GC(1206) Old regions: 401->586
[519.207s][info][gc,heap        ] GC(1206) Humongous regions: 4->4
[519.207s][info][gc,metaspace   ] GC(1206) Metaspace: 18974K(19136K)->18974K(19136K) NonClass: 17144K(17280K)->17144K(17280K) Class: 1829K(1856K)->1829K(1856K)
[519.207s][info][gc             ] GC(1206) Pause Young (Concurrent Start) (G1 Evacuation Pause) (Evacuation Failure: Allocation) 858M->646M(978M) 174.658ms
[519.207s][info][gc,cpu         ] GC(1206) User=0.35s Sys=0.00s Real=0.17s
[519.207s][info][gc             ] GC(1207) Concurrent Mark Cycle
[519.209s][info][gc,marking     ] GC(1207) Concurrent Scan Root Regions
[519.334s][info][gc,marking     ] GC(1207) Concurrent Scan Root Regions 125.004ms
[519.335s][info][gc,marking     ] GC(1207) Concurrent Mark
[519.335s][info][gc,marking     ] GC(1207) Concurrent Mark From Roots
[519.335s][info][gc,task        ] GC(1207) Using 1 workers of 1 for marking
[519.551s][info][gc,start       ] GC(1208) Pause Young (Normal) (G1 Evacuation Pause)
[519.552s][info][gc,task        ] GC(1208) Using 2 workers of 2 for evacuation
[519.720s][info][gc,phases      ] GC(1208)   Pre Evacuate Collection Set: 0.39ms
[519.720s][info][gc,phases      ] GC(1208)   Merge Heap Roots: 0.62ms
[519.720s][info][gc,phases      ] GC(1208)   Evacuate Collection Set: 152.15ms
[519.720s][info][gc,phases      ] GC(1208)   Post Evacuate Collection Set: 15.14ms
[519.720s][info][gc,phases      ] GC(1208)   Other: 0.12ms
[519.720s][info][gc,heap        ] GC(1208) Eden regions: 224->0(78)
[519.720s][info][gc,heap        ] GC(1208) Survivor regions: 57->36(36)
[519.720s][info][gc,heap        ] GC(1208) Old regions: 586->774
[519.720s][info][gc,heap        ] GC(1208) Humongous regions: 4->4
[519.720s][info][gc,metaspace   ] GC(1208) Metaspace: 18974K(19136K)->18974K(19136K) NonClass: 17144K(17280K)->17144K(17280K) Class: 1829K(1856K)->1829K(1856K)
[519.720s][info][gc             ] GC(1208) Pause Young (Normal) (G1 Evacuation Pause) (Evacuation Failure: Allocation) 870M->813M(978M) 168.731ms
[519.720s][info][gc,cpu         ] GC(1208) User=0.33s Sys=0.00s Real=0.16s
[519.972s][info][gc,start       ] GC(1209) Pause Young (Normal) (G1 Evacuation Pause)
[519.973s][info][gc,task        ] GC(1209) Using 2 workers of 2 for evacuation
[520.092s][info][gc,phases      ] GC(1209)   Pre Evacuate Collection Set: 0.48ms
[520.092s][info][gc,phases      ] GC(1209)   Merge Heap Roots: 1.11ms
[520.092s][info][gc,phases      ] GC(1209)   Evacuate Collection Set: 116.57ms
[520.092s][info][gc,phases      ] GC(1209)   Post Evacuate Collection Set: 0.84ms
[520.092s][info][gc,phases      ] GC(1209)   Other: 0.12ms
[520.092s][info][gc,heap        ] GC(1209) Eden regions: 78->0(233)
[520.092s][info][gc,heap        ] GC(1209) Survivor regions: 36->15(15)
[520.092s][info][gc,heap        ] GC(1209) Old regions: 774->609
[520.092s][info][gc,heap        ] GC(1209) Humongous regions: 7->7
[520.092s][info][gc,metaspace   ] GC(1209) Metaspace: 18974K(19136K)->18974K(19136K) NonClass: 17144K(17280K)->17144K(17280K) Class: 1829K(1856K)->1829K(1856K)
[520.092s][info][gc             ] GC(1209) Pause Young (Normal) (G1 Evacuation Pause) 894M->630M(978M) 119.398ms
[520.092s][info][gc,cpu         ] GC(1209) User=0.23s Sys=0.00s Real=0.12s
[520.818s][info][gc,marking     ] GC(1207) Concurrent Mark From Roots 1483.319ms
[520.818s][info][gc,marking     ] GC(1207) Concurrent Preclean
[520.818s][info][gc,marking     ] GC(1207) Concurrent Preclean 0.048ms
[520.818s][info][gc,start       ] GC(1207) Pause Remark
[520.827s][info][gc             ] GC(1207) Pause Remark 810M->810M(978M) 8.738ms
[520.827s][info][gc,cpu         ] GC(1207) User=0.02s Sys=0.00s Real=0.01s
[520.827s][info][gc,marking     ] GC(1207) Concurrent Mark 1492.474ms
[520.827s][info][gc,marking     ] GC(1207) Concurrent Rebuild Remembered Sets and Scrub Regions
[520.976s][info][gc,start       ] GC(1210) Pause Young (Normal) (G1 Evacuation Pause)
[520.976s][info][gc,task        ] GC(1210) Using 2 workers of 2 for evacuation
[521.068s][info][gc,phases      ] GC(1210)   Pre Evacuate Collection Set: 0.35ms
[521.068s][info][gc,phases      ] GC(1210)   Merge Heap Roots: 1.03ms
[521.068s][info][gc,phases      ] GC(1210)   Evacuate Collection Set: 89.55ms
[521.068s][info][gc,phases      ] GC(1210)   Post Evacuate Collection Set: 0.62ms
[521.068s][info][gc,phases      ] GC(1210)   Other: 0.13ms
[521.068s][info][gc,heap        ] GC(1210) Eden regions: 233->0(217)
[521.068s][info][gc,heap        ] GC(1210) Survivor regions: 15->31(31)
[521.068s][info][gc,heap        ] GC(1210) Old regions: 609->616
[521.068s][info][gc,heap        ] GC(1210) Humongous regions: 13->13
[521.068s][info][gc,metaspace   ] GC(1210) Metaspace: 18974K(19136K)->18974K(19136K) NonClass: 17144K(17280K)->17144K(17280K) Class: 1829K(1856K)->1829K(1856K)
[521.068s][info][gc             ] GC(1210) Pause Young (Normal) (G1 Evacuation Pause) 869M->659M(978M) 91.947ms
[521.068s][info][gc,cpu         ] GC(1210) User=0.18s Sys=0.00s Real=0.09s
[521.438s][info][gc,marking     ] GC(1207) Concurrent Rebuild Remembered Sets and Scrub Regions 610.692ms
[521.438s][info][gc,start       ] GC(1207) Pause Cleanup
[521.438s][info][gc             ] GC(1207) Pause Cleanup 788M->788M(978M) 0.126ms
[521.438s][info][gc,cpu         ] GC(1207) User=0.00s Sys=0.00s Real=0.00s
[521.438s][info][gc,marking     ] GC(1207) Concurrent Clear Claimed Marks
[521.438s][info][gc,marking     ] GC(1207) Concurrent Clear Claimed Marks 0.034ms
[521.438s][info][gc,marking     ] GC(1207) Concurrent Cleanup for Next Mark
[521.441s][info][gc,marking     ] GC(1207) Concurrent Cleanup for Next Mark 2.997ms
[521.441s][info][gc             ] GC(1207) Concurrent Mark Cycle 2234.380ms
[521.592s][info][gc,start       ] GC(1211) Pause Young (Prepare Mixed) (G1 Evacuation Pause)
[521.592s][info][gc,task        ] GC(1211) Using 2 workers of 2 for evacuation
[521.649s][info][gc,phases      ] GC(1211)   Pre Evacuate Collection Set: 0.34ms
[521.649s][info][gc,phases      ] GC(1211)   Merge Heap Roots: 0.32ms
[521.649s][info][gc,phases      ] GC(1211)   Evacuate Collection Set: 55.75ms
[521.649s][info][gc,phases      ] GC(1211)   Post Evacuate Collection Set: 0.55ms
[521.649s][info][gc,phases      ] GC(1211)   Other: 0.09ms
[521.649s][info][gc,heap        ] GC(1211) Eden regions: 217->0(231)
[521.649s][info][gc,heap        ] GC(1211) Survivor regions: 31->1(31)
[521.649s][info][gc,heap        ] GC(1211) Old regions: 616->647
[521.649s][info][gc,heap        ] GC(1211) Humongous regions: 13->13
[521.649s][info][gc,metaspace   ] GC(1211) Metaspace: 18974K(19136K)->18974K(19136K) NonClass: 17144K(17280K)->17144K(17280K) Class: 1829K(1856K)->1829K(1856K)
[521.649s][info][gc             ] GC(1211) Pause Young (Prepare Mixed) (G1 Evacuation Pause) 876M->660M(978M) 57.301ms
[521.649s][info][gc,cpu         ] GC(1211) User=0.11s Sys=0.00s Real=0.05s
[522.036s][info][gc,start       ] GC(1212) Pause Young (Mixed) (G1 Evacuation Pause)
[522.036s][info][gc,task        ] GC(1212) Using 2 workers of 2 for evacuation
[522.038s][info][gc,phases      ] GC(1212)   Pre Evacuate Collection Set: 0.32ms
[522.038s][info][gc,phases      ] GC(1212)   Merge Heap Roots: 0.10ms
[522.038s][info][gc,phases      ] GC(1212)   Evacuate Collection Set: 0.74ms
[522.038s][info][gc,phases      ] GC(1212)   Post Evacuate Collection Set: 0.46ms
[522.038s][info][gc,phases      ] GC(1212)   Other: 0.12ms
[522.038s][info][gc,heap        ] GC(1212) Eden regions: 231->0(248)
[522.038s][info][gc,heap        ] GC(1212) Survivor regions: 1->1(29)
[522.038s][info][gc,heap        ] GC(1212) Old regions: 647->640
[522.038s][info][gc,heap        ] GC(1212) Humongous regions: 13->13
[522.038s][info][gc,metaspace   ] GC(1212) Metaspace: 18974K(19136K)->18974K(19136K) NonClass: 17144K(17280K)->17144K(17280K) Class: 1829K(1856K)->1829K(1856K)
[522.038s][info][gc             ] GC(1212) Pause Young (Mixed) (G1 Evacuation Pause) 891M->653M(978M) 2.000ms
[522.038s][info][gc,cpu         ] GC(1212) User=0.00s Sys=0.00s Real=0.00s
[522.468s][info][gc,start       ] GC(1213) Pause Young (Concurrent Start) (G1 Evacuation Pause)
[522.468s][info][gc,task        ] GC(1213) Using 2 workers of 2 for evacuation
[522.470s][info][gc,phases      ] GC(1213)   Pre Evacuate Collection Set: 0.37ms
[522.470s][info][gc,phases      ] GC(1213)   Merge Heap Roots: 0.07ms
[522.470s][info][gc,phases      ] GC(1213)   Evacuate Collection Set: 0.57ms
[522.470s][info][gc,phases      ] GC(1213)   Post Evacuate Collection Set: 0.45ms
[522.470s][info][gc,phases      ] GC(1213)   Other: 0.24ms
[522.470s][info][gc,heap        ] GC(1213) Eden regions: 248->0(261)
[522.470s][info][gc,heap        ] GC(1213) Survivor regions: 1->1(32)
[522.470s][info][gc,heap        ] GC(1213) Old regions: 640->640
[522.470s][info][gc,heap        ] GC(1213) Humongous regions: 13->13
[522.470s][info][gc,metaspace   ] GC(1213) Metaspace: 18974K(19136K)->18974K(19136K) NonClass: 17144K(17280K)->17144K(17280K) Class: 1829K(1856K)->1829K(1856K)
[522.470s][info][gc             ] GC(1213) Pause Young (Concurrent Start) (G1 Evacuation Pause) 901M->653M(978M) 1.938ms
[522.470s][info][gc,cpu         ] GC(1213) User=0.01s Sys=0.00s Real=0.00s
[522.470s][info][gc             ] GC(1214) Concurrent Mark Cycle
[522.470s][info][gc,marking     ] GC(1214) Concurrent Scan Root Regions
[522.473s][info][gc,marking     ] GC(1214) Concurrent Scan Root Regions 2.513ms
[522.473s][info][gc,marking     ] GC(1214) Concurrent Mark
[522.473s][info][gc,marking     ] GC(1214) Concurrent Mark From Roots
[522.473s][info][gc,task        ] GC(1214) Using 1 workers of 1 for marking
[523.635s][info][gc,start       ] GC(1215) Pause Young (Normal) (G1 Evacuation Pause)
[523.635s][info][gc,task        ] GC(1215) Using 2 workers of 2 for evacuation
[523.637s][info][gc,phases      ] GC(1215)   Pre Evacuate Collection Set: 0.30ms
[523.637s][info][gc,phases      ] GC(1215)   Merge Heap Roots: 0.09ms
[523.637s][info][gc,phases      ] GC(1215)   Evacuate Collection Set: 0.35ms
[523.637s][info][gc,phases      ] GC(1215)   Post Evacuate Collection Set: 0.45ms
[523.637s][info][gc,phases      ] GC(1215)   Other: 0.10ms
[523.637s][info][gc,heap        ] GC(1215) Eden regions: 261->0(271)
[523.637s][info][gc,heap        ] GC(1215) Survivor regions: 1->1(33)
[523.637s][info][gc,heap        ] GC(1215) Old regions: 640->640
[523.637s][info][gc,heap        ] GC(1215) Humongous regions: 13->13
[523.637s][info][gc,metaspace   ] GC(1215) Metaspace: 18974K(19136K)->18974K(19136K) NonClass: 17144K(17280K)->17144K(17280K) Class: 1829K(1856K)->1829K(1856K)
[523.637s][info][gc             ] GC(1215) Pause Young (Normal) (G1 Evacuation Pause) 914M->653M(978M) 1.532ms
[523.637s][info][gc,cpu         ] GC(1215) User=0.00s Sys=0.01s Real=0.00s
[524.030s][info][gc,marking     ] GC(1214) Concurrent Mark From Roots 1557.401ms
[524.030s][info][gc,marking     ] GC(1214) Concurrent Preclean
[524.030s][info][gc,marking     ] GC(1214) Concurrent Preclean 0.049ms
[524.030s][info][gc,start       ] GC(1214) Pause Remark
[524.039s][info][gc             ] GC(1214) Pause Remark 747M->684M(978M) 8.799ms
[524.039s][info][gc,cpu         ] GC(1214) User=0.02s Sys=0.00s Real=0.00s
[524.039s][info][gc,marking     ] GC(1214) Concurrent Mark 1566.623ms
[524.039s][info][gc,marking     ] GC(1214) Concurrent Rebuild Remembered Sets and Scrub Regions
[524.305s][info][gc,start       ] GC(1216) Pause Young (Normal) (G1 Evacuation Pause)
[524.305s][info][gc,task        ] GC(1216) Using 2 workers of 2 for evacuation
[524.346s][info][gc,phases      ] GC(1216)   Pre Evacuate Collection Set: 0.56ms
[524.346s][info][gc,phases      ] GC(1216)   Merge Heap Roots: 0.29ms
[524.346s][info][gc,phases      ] GC(1216)   Evacuate Collection Set: 38.81ms
[524.346s][info][gc,phases      ] GC(1216)   Post Evacuate Collection Set: 0.59ms
[524.346s][info][gc,phases      ] GC(1216)   Other: 0.10ms
[524.346s][info][gc,heap        ] GC(1216) Eden regions: 271->0(280)
[524.346s][info][gc,heap        ] GC(1216) Survivor regions: 1->29(34)
[524.346s][info][gc,heap        ] GC(1216) Old regions: 583->583
[524.346s][info][gc,heap        ] GC(1216) Humongous regions: 7->7
[524.346s][info][gc,metaspace   ] GC(1216) Metaspace: 18974K(19136K)->18974K(19136K) NonClass: 17144K(17280K)->17144K(17280K) Class: 1829K(1856K)->1829K(1856K)
[524.346s][info][gc             ] GC(1216) Pause Young (Normal) (G1 Evacuation Pause) 861M->618M(978M) 40.610ms
[524.346s][info][gc,cpu         ] GC(1216) User=0.08s Sys=0.00s Real=0.04s
[524.543s][info][gc,marking     ] GC(1214) Concurrent Rebuild Remembered Sets and Scrub Regions 504.001ms
[524.544s][info][gc,start       ] GC(1214) Pause Cleanup
[524.544s][info][gc             ] GC(1214) Pause Cleanup 761M->761M(978M) 0.196ms
[524.544s][info][gc,cpu         ] GC(1214) User=0.00s Sys=0.00s Real=0.00s
[524.545s][info][gc,marking     ] GC(1214) Concurrent Clear Claimed Marks
[524.546s][info][gc,marking     ] GC(1214) Concurrent Clear Claimed Marks 0.065ms
[524.546s][info][gc,marking     ] GC(1214) Concurrent Cleanup for Next Mark
[524.549s][info][gc,marking     ] GC(1214) Concurrent Cleanup for Next Mark 3.066ms
[524.549s][info][gc             ] GC(1214) Concurrent Mark Cycle 2078.538ms
[524.681s][info][gc,start       ] GC(1217) Pause Young (Prepare Mixed) (G1 Evacuation Pause)
[524.681s][info][gc,task        ] GC(1217) Using 2 workers of 2 for evacuation
[524.723s][info][gc,phases      ] GC(1217)   Pre Evacuate Collection Set: 0.56ms
[524.723s][info][gc,phases      ] GC(1217)   Merge Heap Roots: 0.22ms
[524.723s][info][gc,phases      ] GC(1217)   Evacuate Collection Set: 39.91ms
[524.723s][info][gc,phases      ] GC(1217)   Post Evacuate Collection Set: 0.63ms
[524.723s][info][gc,phases      ] GC(1217)   Other: 0.10ms
[524.723s][info][gc,heap        ] GC(1217) Eden regions: 280->0(290)
[524.723s][info][gc,heap        ] GC(1217) Survivor regions: 29->6(39)
[524.723s][info][gc,heap        ] GC(1217) Old regions: 583->613
[524.723s][info][gc,heap        ] GC(1217) Humongous regions: 7->7
[524.723s][info][gc,metaspace   ] GC(1217) Metaspace: 18974K(19136K)->18974K(19136K) NonClass: 17144K(17280K)->17144K(17280K) Class: 1829K(1856K)->1829K(1856K)
[524.723s][info][gc             ] GC(1217) Pause Young (Prepare Mixed) (G1 Evacuation Pause) 898M->625M(978M) 41.694ms
[524.723s][info][gc,cpu         ] GC(1217) User=0.08s Sys=0.00s Real=0.04s
[525.166s][info][gc,start       ] GC(1218) Pause Young (Mixed) (G1 Evacuation Pause)
[525.166s][info][gc,task        ] GC(1218) Using 2 workers of 2 for evacuation
[525.207s][info][gc,phases      ] GC(1218)   Pre Evacuate Collection Set: 0.40ms
[525.207s][info][gc,phases      ] GC(1218)   Merge Heap Roots: 0.40ms
[525.207s][info][gc,phases      ] GC(1218)   Evacuate Collection Set: 39.00ms
[525.207s][info][gc,phases      ] GC(1218)   Post Evacuate Collection Set: 0.73ms
[525.207s][info][gc,phases      ] GC(1218)   Other: 0.10ms
[525.207s][info][gc,heap        ] GC(1218) Eden regions: 290->0(360)
[525.207s][info][gc,heap        ] GC(1218) Survivor regions: 6->15(37)
[525.207s][info][gc,heap        ] GC(1218) Old regions: 613->524
[525.207s][info][gc,heap        ] GC(1218) Humongous regions: 7->7
[525.207s][info][gc,metaspace   ] GC(1218) Metaspace: 18974K(19136K)->18974K(19136K) NonClass: 17144K(17280K)->17144K(17280K) Class: 1829K(1856K)->1829K(1856K)
[525.207s][info][gc             ] GC(1218) Pause Young (Mixed) (G1 Evacuation Pause) 915M->544M(978M) 40.895ms
[525.207s][info][gc,cpu         ] GC(1218) User=0.08s Sys=0.00s Real=0.04s
[525.967s][info][gc,start       ] GC(1219) Pause Young (Mixed) (G1 Evacuation Pause)
[525.967s][info][gc,task        ] GC(1219) Using 2 workers of 2 for evacuation
[525.989s][info][gc,phases      ] GC(1219)   Pre Evacuate Collection Set: 0.56ms
[525.989s][info][gc,phases      ] GC(1219)   Merge Heap Roots: 0.28ms
[525.989s][info][gc,phases      ] GC(1219)   Evacuate Collection Set: 20.58ms
[525.989s][info][gc,phases      ] GC(1219)   Post Evacuate Collection Set: 0.63ms
[525.989s][info][gc,phases      ] GC(1219)   Other: 0.13ms
[525.989s][info][gc,heap        ] GC(1219) Eden regions: 360->0(368)
[525.989s][info][gc,heap        ] GC(1219) Survivor regions: 15->15(47)
[525.989s][info][gc,heap        ] GC(1219) Old regions: 524->523
[525.989s][info][gc,heap        ] GC(1219) Humongous regions: 7->7
[525.989s][info][gc,metaspace   ] GC(1219) Metaspace: 18974K(19136K)->18974K(19136K) NonClass: 17144K(17280K)->17144K(17280K) Class: 1829K(1856K)->1829K(1856K)
[525.989s][info][gc             ] GC(1219) Pause Young (Mixed) (G1 Evacuation Pause) 904M->544M(978M) 22.435ms
[525.989s][info][gc,cpu         ] GC(1219) User=0.04s Sys=0.00s Real=0.02s
[526.576s][info][gc,start       ] GC(1220) Pause Young (Concurrent Start) (G1 Evacuation Pause)
[526.576s][info][gc,task        ] GC(1220) Using 2 workers of 2 for evacuation
[526.627s][info][gc,phases      ] GC(1220)   Pre Evacuate Collection Set: 0.32ms
[526.627s][info][gc,phases      ] GC(1220)   Merge Heap Roots: 0.20ms
[526.627s][info][gc,phases      ] GC(1220)   Evacuate Collection Set: 49.12ms
[526.627s][info][gc,phases      ] GC(1220)   Post Evacuate Collection Set: 0.73ms
[526.627s][info][gc,phases      ] GC(1220)   Other: 0.15ms
[526.627s][info][gc,heap        ] GC(1220) Eden regions: 368->0(310)
[526.627s][info][gc,heap        ] GC(1220) Survivor regions: 15->44(48)
[526.627s][info][gc,heap        ] GC(1220) Old regions: 523->523
[526.627s][info][gc,heap        ] GC(1220) Humongous regions: 7->7
[526.627s][info][gc,metaspace   ] GC(1220) Metaspace: 18974K(19136K)->18974K(19136K) NonClass: 17144K(17280K)->17144K(17280K) Class: 1829K(1856K)->1829K(1856K)
[526.627s][info][gc             ] GC(1220) Pause Young (Concurrent Start) (G1 Evacuation Pause) 912M->573M(978M) 50.826ms
[526.627s][info][gc,cpu         ] GC(1220) User=0.10s Sys=0.00s Real=0.05s
[526.627s][info][gc             ] GC(1221) Concurrent Mark Cycle
[526.627s][info][gc,marking     ] GC(1221) Concurrent Scan Root Regions
[526.678s][info][gc,marking     ] GC(1221) Concurrent Scan Root Regions 51.188ms
[526.679s][info][gc,marking     ] GC(1221) Concurrent Mark
[526.679s][info][gc,marking     ] GC(1221) Concurrent Mark From Roots
[526.679s][info][gc,task        ] GC(1221) Using 1 workers of 1 for marking
[527.615s][info][gc,start       ] GC(1222) Pause Young (Normal) (G1 Evacuation Pause)
[527.615s][info][gc,task        ] GC(1222) Using 2 workers of 2 for evacuation
[527.748s][info][gc,phases      ] GC(1222)   Pre Evacuate Collection Set: 0.33ms
[527.748s][info][gc,phases      ] GC(1222)   Merge Heap Roots: 0.22ms
[527.748s][info][gc,phases      ] GC(1222)   Evacuate Collection Set: 127.67ms
[527.748s][info][gc,phases      ] GC(1222)   Post Evacuate Collection Set: 4.69ms
[527.748s][info][gc,phases      ] GC(1222)   Other: 0.12ms
[527.748s][info][gc,heap        ] GC(1222) Eden regions: 310->0(217)
[527.748s][info][gc,heap        ] GC(1222) Survivor regions: 44->45(45)
[527.748s][info][gc,heap        ] GC(1222) Old regions: 523->611
[527.748s][info][gc,heap        ] GC(1222) Humongous regions: 10->10
[527.748s][info][gc,metaspace   ] GC(1222) Metaspace: 18976K(19136K)->18976K(19136K) NonClass: 17146K(17280K)->17146K(17280K) Class: 1829K(1856K)->1829K(1856K)
[527.748s][info][gc             ] GC(1222) Pause Young (Normal) (G1 Evacuation Pause) (Evacuation Failure: Allocation) 886M->665M(978M) 133.324ms
[527.748s][info][gc,cpu         ] GC(1222) User=0.27s Sys=0.00s Real=0.13s
[528.568s][info][gc,marking     ] GC(1221) Concurrent Mark From Roots 1889.110ms
[528.568s][info][gc,marking     ] GC(1221) Concurrent Preclean
[528.568s][info][gc,marking     ] GC(1221) Concurrent Preclean 0.047ms
[528.568s][info][gc,start       ] GC(1221) Pause Remark
[528.577s][info][gc             ] GC(1221) Pause Remark 825M->825M(978M) 9.078ms
[528.577s][info][gc,cpu         ] GC(1221) User=0.02s Sys=0.00s Real=0.01s
[528.577s][info][gc,marking     ] GC(1221) Concurrent Mark 1898.575ms
[528.577s][info][gc,marking     ] GC(1221) Concurrent Rebuild Remembered Sets and Scrub Regions
[528.723s][info][gc,start       ] GC(1223) Pause Young (Normal) (G1 Evacuation Pause)
[528.723s][info][gc,task        ] GC(1223) Using 2 workers of 2 for evacuation
[528.789s][info][gc,phases      ] GC(1223)   Pre Evacuate Collection Set: 0.38ms
[528.789s][info][gc,phases      ] GC(1223)   Merge Heap Roots: 0.59ms
[528.789s][info][gc,phases      ] GC(1223)   Evacuate Collection Set: 64.09ms
[528.789s][info][gc,phases      ] GC(1223)   Post Evacuate Collection Set: 0.55ms
[528.789s][info][gc,phases      ] GC(1223)   Other: 0.10ms
[528.789s][info][gc,heap        ] GC(1223) Eden regions: 217->0(275)
[528.789s][info][gc,heap        ] GC(1223) Survivor regions: 45->1(33)
[528.789s][info][gc,heap        ] GC(1223) Old regions: 611->620
[528.789s][info][gc,heap        ] GC(1223) Humongous regions: 10->10
[528.789s][info][gc,metaspace   ] GC(1223) Metaspace: 18976K(19136K)->18976K(19136K) NonClass: 17146K(17280K)->17146K(17280K) Class: 1829K(1856K)->1829K(1856K)
[528.789s][info][gc             ] GC(1223) Pause Young (Normal) (G1 Evacuation Pause) 882M->630M(978M) 65.973ms
[528.789s][info][gc,cpu         ] GC(1223) User=0.13s Sys=0.01s Real=0.06s
[529.193s][info][gc,marking     ] GC(1221) Concurrent Rebuild Remembered Sets and Scrub Regions 616.079ms
[529.193s][info][gc,start       ] GC(1221) Pause Cleanup
[529.194s][info][gc             ] GC(1221) Pause Cleanup 775M->775M(978M) 0.173ms
[529.194s][info][gc,cpu         ] GC(1221) User=0.00s Sys=0.00s Real=0.00s
[529.194s][info][gc,marking     ] GC(1221) Concurrent Clear Claimed Marks
[529.194s][info][gc,marking     ] GC(1221) Concurrent Clear Claimed Marks 0.039ms
[529.194s][info][gc,marking     ] GC(1221) Concurrent Cleanup for Next Mark
[529.200s][info][gc,marking     ] GC(1221) Concurrent Cleanup for Next Mark 5.947ms
[529.201s][info][gc             ] GC(1221) Concurrent Mark Cycle 2573.295ms
[529.423s][info][gc,start       ] GC(1224) Pause Young (Prepare Mixed) (G1 Evacuation Pause)
[529.424s][info][gc,task        ] GC(1224) Using 2 workers of 2 for evacuation
[529.425s][info][gc,phases      ] GC(1224)   Pre Evacuate Collection Set: 0.30ms
[529.425s][info][gc,phases      ] GC(1224)   Merge Heap Roots: 0.09ms
[529.425s][info][gc,phases      ] GC(1224)   Evacuate Collection Set: 0.29ms
[529.425s][info][gc,phases      ] GC(1224)   Post Evacuate Collection Set: 0.48ms
[529.425s][info][gc,phases      ] GC(1224)   Other: 0.11ms
[529.425s][info][gc,heap        ] GC(1224) Eden regions: 275->0(286)
[529.425s][info][gc,heap        ] GC(1224) Survivor regions: 1->1(35)
[529.425s][info][gc,heap        ] GC(1224) Old regions: 620->620
[529.425s][info][gc,heap        ] GC(1224) Humongous regions: 10->10
[529.425s][info][gc,metaspace   ] GC(1224) Metaspace: 18976K(19136K)->18976K(19136K) NonClass: 17146K(17280K)->17146K(17280K) Class: 1829K(1856K)->1829K(1856K)
[529.425s][info][gc             ] GC(1224) Pause Young (Prepare Mixed) (G1 Evacuation Pause) 905M->630M(978M) 1.543ms
[529.425s][info][gc,cpu         ] GC(1224) User=0.00s Sys=0.00s Real=0.00s
[529.902s][info][gc,start       ] GC(1225) Pause Young (Mixed) (G1 Evacuation Pause)
[529.902s][info][gc,task        ] GC(1225) Using 2 workers of 2 for evacuation
[529.921s][info][gc,phases      ] GC(1225)   Pre Evacuate Collection Set: 0.57ms
[529.921s][info][gc,phases      ] GC(1225)   Merge Heap Roots: 0.35ms
[529.921s][info][gc,phases      ] GC(1225)   Evacuate Collection Set: 16.77ms
[529.921s][info][gc,phases      ] GC(1225)   Post Evacuate Collection Set: 0.56ms
[529.921s][info][gc,phases      ] GC(1225)   Other: 0.12ms
[529.921s][info][gc,heap        ] GC(1225) Eden regions: 286->0(302)
[529.921s][info][gc,heap        ] GC(1225) Survivor regions: 1->1(36)
[529.921s][info][gc,heap        ] GC(1225) Old regions: 620->612
[529.921s][info][gc,heap        ] GC(1225) Humongous regions: 10->10
[529.921s][info][gc,metaspace   ] GC(1225) Metaspace: 18976K(19136K)->18976K(19136K) NonClass: 17146K(17280K)->17146K(17280K) Class: 1829K(1856K)->1829K(1856K)
[529.921s][info][gc             ] GC(1225) Pause Young (Mixed) (G1 Evacuation Pause) 916M->622M(978M) 18.627ms
[529.921s][info][gc,cpu         ] GC(1225) User=0.03s Sys=0.00s Real=0.02s
[530.339s][info][gc,start       ] GC(1226) Pause Young (Concurrent Start) (G1 Evacuation Pause)
[530.339s][info][gc,task        ] GC(1226) Using 2 workers of 2 for evacuation
[530.367s][info][gc,phases      ] GC(1226)   Pre Evacuate Collection Set: 0.33ms
[530.367s][info][gc,phases      ] GC(1226)   Merge Heap Roots: 0.23ms
[530.367s][info][gc,phases      ] GC(1226)   Evacuate Collection Set: 27.04ms
[530.367s][info][gc,phases      ] GC(1226)   Post Evacuate Collection Set: 0.63ms
[530.367s][info][gc,phases      ] GC(1226)   Other: 0.13ms
[530.367s][info][gc,heap        ] GC(1226) Eden regions: 302->0(266)
[530.367s][info][gc,heap        ] GC(1226) Survivor regions: 1->20(38)
[530.367s][info][gc,heap        ] GC(1226) Old regions: 612->612
[530.367s][info][gc,heap        ] GC(1226) Humongous regions: 10->10
[530.368s][info][gc,metaspace   ] GC(1226) Metaspace: 18976K(19136K)->18976K(19136K) NonClass: 17146K(17280K)->17146K(17280K) Class: 1829K(1856K)->1829K(1856K)
[530.368s][info][gc             ] GC(1226) Pause Young (Concurrent Start) (G1 Evacuation Pause) 924M->641M(978M) 28.642ms
[530.368s][info][gc,cpu         ] GC(1226) User=0.06s Sys=0.00s Real=0.03s
[530.368s][info][gc             ] GC(1227) Concurrent Mark Cycle
[530.368s][info][gc,marking     ] GC(1227) Concurrent Scan Root Regions
[530.416s][info][gc,marking     ] GC(1227) Concurrent Scan Root Regions 47.930ms
[530.416s][info][gc,marking     ] GC(1227) Concurrent Mark
[530.416s][info][gc,marking     ] GC(1227) Concurrent Mark From Roots
[530.416s][info][gc,task        ] GC(1227) Using 1 workers of 1 for marking
[530.851s][info][gc,start       ] GC(1228) Pause Young (Normal) (G1 Evacuation Pause)
[530.851s][info][gc,task        ] GC(1228) Using 2 workers of 2 for evacuation
[530.891s][info][gc,phases      ] GC(1228)   Pre Evacuate Collection Set: 0.33ms
[530.891s][info][gc,phases      ] GC(1228)   Merge Heap Roots: 0.28ms
[530.891s][info][gc,phases      ] GC(1228)   Evacuate Collection Set: 38.28ms
[530.891s][info][gc,phases      ] GC(1228)   Post Evacuate Collection Set: 0.57ms
[530.891s][info][gc,phases      ] GC(1228)   Other: 0.12ms
[530.891s][info][gc,heap        ] GC(1228) Eden regions: 266->0(260)
[530.891s][info][gc,heap        ] GC(1228) Survivor regions: 20->13(36)
[530.891s][info][gc,heap        ] GC(1228) Old regions: 612->632
[530.891s][info][gc,heap        ] GC(1228) Humongous regions: 10->10
[530.891s][info][gc,metaspace   ] GC(1228) Metaspace: 18976K(19136K)->18976K(19136K) NonClass: 17146K(17280K)->17146K(17280K) Class: 1829K(1856K)->1829K(1856K)
[530.891s][info][gc             ] GC(1228) Pause Young (Normal) (G1 Evacuation Pause) 907M->653M(978M) 39.823ms
[530.891s][info][gc,cpu         ] GC(1228) User=0.08s Sys=0.00s Real=0.04s
[531.243s][info][gc,start       ] GC(1229) Pause Young (Normal) (G1 Evacuation Pause)
[531.243s][info][gc,task        ] GC(1229) Using 2 workers of 2 for evacuation
[531.304s][info][gc,phases      ] GC(1229)   Pre Evacuate Collection Set: 0.54ms
[531.304s][info][gc,phases      ] GC(1229)   Merge Heap Roots: 0.36ms
[531.304s][info][gc,phases      ] GC(1229)   Evacuate Collection Set: 60.00ms
[531.304s][info][gc,phases      ] GC(1229)   Post Evacuate Collection Set: 0.60ms
[531.304s][info][gc,phases      ] GC(1229)   Other: 0.11ms
[531.304s][info][gc,heap        ] GC(1229) Eden regions: 260->0(208)
[531.304s][info][gc,heap        ] GC(1229) Survivor regions: 13->35(35)
[531.304s][info][gc,heap        ] GC(1229) Old regions: 632->640
[531.304s][info][gc,heap        ] GC(1229) Humongous regions: 10->10
[531.304s][info][gc,metaspace   ] GC(1229) Metaspace: 18976K(19136K)->18976K(19136K) NonClass: 17146K(17280K)->17146K(17280K) Class: 1829K(1856K)->1829K(1856K)
[531.304s][info][gc             ] GC(1229) Pause Young (Normal) (G1 Evacuation Pause) 913M->684M(978M) 61.888ms
[531.304s][info][gc,cpu         ] GC(1229) User=0.12s Sys=0.00s Real=0.06s
[531.633s][info][gc,start       ] GC(1230) Pause Young (Normal) (G1 Evacuation Pause)
[531.633s][info][gc,task        ] GC(1230) Using 2 workers of 2 for evacuation
[531.718s][info][gc,phases      ] GC(1230)   Pre Evacuate Collection Set: 0.33ms
[531.718s][info][gc,phases      ] GC(1230)   Merge Heap Roots: 0.33ms
[531.718s][info][gc,phases      ] GC(1230)   Evacuate Collection Set: 83.59ms
[531.718s][info][gc,phases      ] GC(1230)   Post Evacuate Collection Set: 0.58ms
[531.718s][info][gc,phases      ] GC(1230)   Other: 0.09ms
[531.718s][info][gc,heap        ] GC(1230) Eden regions: 208->0(183)
[531.718s][info][gc,heap        ] GC(1230) Survivor regions: 35->30(31)
[531.718s][info][gc,heap        ] GC(1230) Old regions: 640->675
[531.718s][info][gc,heap        ] GC(1230) Humongous regions: 10->10
[531.718s][info][gc,metaspace   ] GC(1230) Metaspace: 18976K(19136K)->18976K(19136K) NonClass: 17146K(17280K)->17146K(17280K) Class: 1829K(1856K)->1829K(1856K)
[531.718s][info][gc             ] GC(1230) Pause Young (Normal) (G1 Evacuation Pause) 892M->714M(978M) 85.199ms
[531.718s][info][gc,cpu         ] GC(1230) User=0.16s Sys=0.00s Real=0.08s
[532.168s][info][gc,start       ] GC(1231) Pause Young (Normal) (G1 Evacuation Pause)
[532.168s][info][gc,task        ] GC(1231) Using 2 workers of 2 for evacuation
[532.240s][info][gc,phases      ] GC(1231)   Pre Evacuate Collection Set: 0.55ms
[532.240s][info][gc,phases      ] GC(1231)   Merge Heap Roots: 0.27ms
[532.240s][info][gc,phases      ] GC(1231)   Evacuate Collection Set: 70.59ms
[532.240s][info][gc,phases      ] GC(1231)   Post Evacuate Collection Set: 0.50ms
[532.240s][info][gc,phases      ] GC(1231)   Other: 0.09ms
[532.240s][info][gc,heap        ] GC(1231) Eden regions: 183->0(159)
[532.240s][info][gc,heap        ] GC(1231) Survivor regions: 30->27(27)
[532.240s][info][gc,heap        ] GC(1231) Old regions: 675->705
[532.240s][info][gc,heap        ] GC(1231) Humongous regions: 10->10
[532.240s][info][gc,metaspace   ] GC(1231) Metaspace: 18976K(19136K)->18976K(19136K) NonClass: 17146K(17280K)->17146K(17280K) Class: 1829K(1856K)->1829K(1856K)
[532.240s][info][gc             ] GC(1231) Pause Young (Normal) (G1 Evacuation Pause) 897M->741M(978M) 72.318ms
[532.240s][info][gc,cpu         ] GC(1231) User=0.14s Sys=0.00s Real=0.07s
[532.388s][info][gc,marking     ] GC(1227) Concurrent Mark From Roots 1972.252ms
[532.388s][info][gc,marking     ] GC(1227) Concurrent Preclean
[532.388s][info][gc,marking     ] GC(1227) Concurrent Preclean 0.046ms
[532.388s][info][gc,start       ] GC(1227) Pause Remark
[532.397s][info][gc             ] GC(1227) Pause Remark 857M->808M(978M) 8.950ms
[532.397s][info][gc,cpu         ] GC(1227) User=0.01s Sys=0.00s Real=0.01s
[532.398s][info][gc,marking     ] GC(1227) Concurrent Mark 1982.245ms
[532.398s][info][gc,marking     ] GC(1227) Concurrent Rebuild Remembered Sets and Scrub Regions
[532.473s][info][gc,start       ] GC(1232) Pause Young (Normal) (G1 Evacuation Pause)
[532.473s][info][gc,task        ] GC(1232) Using 2 workers of 2 for evacuation
[532.514s][info][gc,phases      ] GC(1232)   Pre Evacuate Collection Set: 0.30ms
[532.514s][info][gc,phases      ] GC(1232)   Merge Heap Roots: 0.21ms
[532.514s][info][gc,phases      ] GC(1232)   Evacuate Collection Set: 40.20ms
[532.514s][info][gc,phases      ] GC(1232)   Post Evacuate Collection Set: 0.61ms
[532.514s][info][gc,phases      ] GC(1232)   Other: 0.15ms
[532.514s][info][gc,heap        ] GC(1232) Eden regions: 159->0(212)
[532.514s][info][gc,heap        ] GC(1232) Survivor regions: 27->5(24)
[532.514s][info][gc,heap        ] GC(1232) Old regions: 659->686
[532.514s][info][gc,heap        ] GC(1232) Humongous regions: 7->7
[532.514s][info][gc,metaspace   ] GC(1232) Metaspace: 18976K(19136K)->18976K(19136K) NonClass: 17146K(17280K)->17146K(17280K) Class: 1829K(1856K)->1829K(1856K)
[532.514s][info][gc             ] GC(1232) Pause Young (Normal) (G1 Evacuation Pause) 851M->697M(978M) 41.767ms
[532.514s][info][gc,cpu         ] GC(1232) User=0.08s Sys=0.00s Real=0.04s
[532.881s][info][gc,start       ] GC(1233) Pause Young (Normal) (G1 Evacuation Pause)
[532.882s][info][gc,task        ] GC(1233) Using 2 workers of 2 for evacuation
[532.910s][info][gc,phases      ] GC(1233)   Pre Evacuate Collection Set: 0.29ms
[532.910s][info][gc,phases      ] GC(1233)   Merge Heap Roots: 0.44ms
[532.910s][info][gc,phases      ] GC(1233)   Evacuate Collection Set: 26.66ms
[532.910s][info][gc,phases      ] GC(1233)   Post Evacuate Collection Set: 0.62ms
[532.910s][info][gc,phases      ] GC(1233)   Other: 0.12ms
[532.910s][info][gc,heap        ] GC(1233) Eden regions: 212->0(223)
[532.910s][info][gc,heap        ] GC(1233) Survivor regions: 5->6(28)
[532.910s][info][gc,heap        ] GC(1233) Old regions: 686->686
[532.910s][info][gc,heap        ] GC(1233) Humongous regions: 7->7
[532.910s][info][gc,metaspace   ] GC(1233) Metaspace: 18977K(19136K)->18977K(19136K) NonClass: 17147K(17280K)->17147K(17280K) Class: 1829K(1856K)->1829K(1856K)
[532.910s][info][gc             ] GC(1233) Pause Young (Normal) (G1 Evacuation Pause) 909M->698M(978M) 28.373ms
[532.910s][info][gc,cpu         ] GC(1233) User=0.06s Sys=0.00s Real=0.02s
[533.224s][info][gc,marking     ] GC(1227) Concurrent Rebuild Remembered Sets and Scrub Regions 825.756ms
[533.224s][info][gc,start       ] GC(1227) Pause Cleanup
[533.224s][info][gc             ] GC(1227) Pause Cleanup 860M->860M(978M) 0.210ms
[533.224s][info][gc,cpu         ] GC(1227) User=0.00s Sys=0.00s Real=0.00s
[533.224s][info][gc,marking     ] GC(1227) Concurrent Clear Claimed Marks
[533.224s][info][gc,marking     ] GC(1227) Concurrent Clear Claimed Marks 0.042ms
[533.224s][info][gc,marking     ] GC(1227) Concurrent Cleanup for Next Mark
[533.229s][info][gc,marking     ] GC(1227) Concurrent Cleanup for Next Mark 5.074ms
[533.229s][info][gc             ] GC(1227) Concurrent Mark Cycle 2861.871ms
[533.284s][info][gc,start       ] GC(1234) Pause Young (Prepare Mixed) (G1 Evacuation Pause)
[533.284s][info][gc,task        ] GC(1234) Using 2 workers of 2 for evacuation
[533.311s][info][gc,phases      ] GC(1234)   Pre Evacuate Collection Set: 0.55ms
[533.312s][info][gc,phases      ] GC(1234)   Merge Heap Roots: 0.43ms
[533.312s][info][gc,phases      ] GC(1234)   Evacuate Collection Set: 25.64ms
[533.312s][info][gc,phases      ] GC(1234)   Post Evacuate Collection Set: 0.65ms
[533.312s][info][gc,phases      ] GC(1234)   Other: 0.12ms
[533.312s][info][gc,heap        ] GC(1234) Eden regions: 223->0(215)
[533.312s][info][gc,heap        ] GC(1234) Survivor regions: 6->10(29)
[533.312s][info][gc,heap        ] GC(1234) Old regions: 686->686
[533.312s][info][gc,heap        ] GC(1234) Humongous regions: 7->7
[533.312s][info][gc,metaspace   ] GC(1234) Metaspace: 18977K(19136K)->18977K(19136K) NonClass: 17147K(17280K)->17147K(17280K) Class: 1829K(1856K)->1829K(1856K)
[533.312s][info][gc             ] GC(1234) Pause Young (Prepare Mixed) (G1 Evacuation Pause) 921M->702M(978M) 27.620ms
[533.312s][info][gc,cpu         ] GC(1234) User=0.05s Sys=0.00s Real=0.03s
[533.576s][info][gc,start       ] GC(1235) Pause Young (Mixed) (G1 Evacuation Pause)
[533.576s][info][gc,task        ] GC(1235) Using 2 workers of 2 for evacuation
[533.699s][info][gc,phases      ] GC(1235)   Pre Evacuate Collection Set: 0.54ms
[533.699s][info][gc,phases      ] GC(1235)   Merge Heap Roots: 1.79ms
[533.699s][info][gc,phases      ] GC(1235)   Evacuate Collection Set: 113.98ms
[533.699s][info][gc,phases      ] GC(1235)   Post Evacuate Collection Set: 6.41ms
[533.699s][info][gc,phases      ] GC(1235)   Other: 0.12ms
[533.699s][info][gc,heap        ] GC(1235) Eden regions: 215->0(174)
[533.699s][info][gc,heap        ] GC(1235) Survivor regions: 10->29(29)
[533.699s][info][gc,heap        ] GC(1235) Old regions: 686->689
[533.699s][info][gc,heap        ] GC(1235) Humongous regions: 7->7
[533.699s][info][gc,metaspace   ] GC(1235) Metaspace: 18978K(19136K)->18978K(19136K) NonClass: 17149K(17280K)->17149K(17280K) Class: 1829K(1856K)->1829K(1856K)
[533.699s][info][gc             ] GC(1235) Pause Young (Mixed) (G1 Evacuation Pause) (Evacuation Failure: Allocation) 917M->724M(978M) 123.093ms
[533.699s][info][gc,cpu         ] GC(1235) User=0.24s Sys=0.00s Real=0.12s
[533.839s][info][gc,start       ] GC(1236) Pause Young (Mixed) (G1 Evacuation Pause)
[533.839s][info][gc,task        ] GC(1236) Using 2 workers of 2 for evacuation
[534.011s][info][gc,phases      ] GC(1236)   Pre Evacuate Collection Set: 0.39ms
[534.011s][info][gc,phases      ] GC(1236)   Merge Heap Roots: 1.41ms
[534.011s][info][gc,phases      ] GC(1236)   Evacuate Collection Set: 157.94ms
[534.011s][info][gc,phases      ] GC(1236)   Post Evacuate Collection Set: 11.47ms
[534.011s][info][gc,phases      ] GC(1236)   Other: 0.12ms
[534.011s][info][gc,heap        ] GC(1236) Eden regions: 174->0(77)
[534.011s][info][gc,heap        ] GC(1236) Survivor regions: 29->26(26)
[534.011s][info][gc,heap        ] GC(1236) Old regions: 689->792
[534.011s][info][gc,heap        ] GC(1236) Humongous regions: 7->7
[534.011s][info][gc,metaspace   ] GC(1236) Metaspace: 18980K(19136K)->18980K(19136K) NonClass: 17150K(17280K)->17150K(17280K) Class: 1829K(1856K)->1829K(1856K)
[534.011s][info][gc             ] GC(1236) Pause Young (Mixed) (G1 Evacuation Pause) (Evacuation Failure: Allocation) 898M->824M(978M) 171.556ms
[534.011s][info][gc,cpu         ] GC(1236) User=0.34s Sys=0.00s Real=0.18s
[534.196s][info][gc,start       ] GC(1237) Pause Young (Mixed) (G1 Evacuation Pause)
[534.196s][info][gc,task        ] GC(1237) Using 2 workers of 2 for evacuation
[534.286s][info][gc,phases      ] GC(1237)   Pre Evacuate Collection Set: 0.42ms
[534.286s][info][gc,phases      ] GC(1237)   Merge Heap Roots: 0.77ms
[534.286s][info][gc,phases      ] GC(1237)   Evacuate Collection Set: 88.18ms
[534.286s][info][gc,phases      ] GC(1237)   Post Evacuate Collection Set: 0.61ms
[534.286s][info][gc,phases      ] GC(1237)   Other: 0.13ms
[534.286s][info][gc,heap        ] GC(1237) Eden regions: 77->0(183)
[534.286s][info][gc,heap        ] GC(1237) Survivor regions: 26->3(13)
[534.286s][info][gc,heap        ] GC(1237) Old regions: 792->714
[534.286s][info][gc,heap        ] GC(1237) Humongous regions: 7->7
[534.286s][info][gc,metaspace   ] GC(1237) Metaspace: 18981K(19136K)->18981K(19136K) NonClass: 17151K(17280K)->17151K(17280K) Class: 1829K(1856K)->1829K(1856K)
[534.286s][info][gc             ] GC(1237) Pause Young (Mixed) (G1 Evacuation Pause) 901M->722M(978M) 90.379ms
[534.286s][info][gc,cpu         ] GC(1237) User=0.18s Sys=0.00s Real=0.09s
[534.512s][info][gc,start       ] GC(1238) Pause Young (Concurrent Start) (G1 Evacuation Pause)
[534.512s][info][gc,task        ] GC(1238) Using 2 workers of 2 for evacuation
[534.532s][info][gc,phases      ] GC(1238)   Pre Evacuate Collection Set: 0.40ms
[534.532s][info][gc,phases      ] GC(1238)   Merge Heap Roots: 0.19ms
[534.532s][info][gc,phases      ] GC(1238)   Evacuate Collection Set: 18.72ms
[534.532s][info][gc,phases      ] GC(1238)   Post Evacuate Collection Set: 0.50ms
[534.532s][info][gc,phases      ] GC(1238)   Other: 0.28ms
[534.532s][info][gc,heap        ] GC(1238) Eden regions: 183->0(187)
[534.532s][info][gc,heap        ] GC(1238) Survivor regions: 3->10(24)
[534.532s][info][gc,heap        ] GC(1238) Old regions: 714->713
[534.532s][info][gc,heap        ] GC(1238) Humongous regions: 7->7
[534.532s][info][gc,metaspace   ] GC(1238) Metaspace: 18981K(19136K)->18981K(19136K) NonClass: 17151K(17280K)->17151K(17280K) Class: 1829K(1856K)->1829K(1856K)
[534.532s][info][gc             ] GC(1238) Pause Young (Concurrent Start) (G1 Evacuation Pause) 905M->729M(978M) 20.358ms
[534.532s][info][gc             ] GC(1239) Concurrent Mark Cycle
[534.532s][info][gc,marking     ] GC(1239) Concurrent Scan Root Regions
[534.534s][info][gc,cpu         ] GC(1238) User=0.04s Sys=0.00s Real=0.02s
[534.561s][info][gc,marking     ] GC(1239) Concurrent Scan Root Regions 28.464ms
[534.561s][info][gc,marking     ] GC(1239) Concurrent Mark
[534.561s][info][gc,marking     ] GC(1239) Concurrent Mark From Roots
[534.561s][info][gc,task        ] GC(1239) Using 1 workers of 1 for marking
[534.992s][info][gc,start       ] GC(1240) Pause Young (Normal) (G1 Evacuation Pause)
[534.993s][info][gc,task        ] GC(1240) Using 2 workers of 2 for evacuation
[535.014s][info][gc,phases      ] GC(1240)   Pre Evacuate Collection Set: 0.34ms
[535.014s][info][gc,phases      ] GC(1240)   Merge Heap Roots: 0.26ms
[535.014s][info][gc,phases      ] GC(1240)   Evacuate Collection Set: 19.81ms
[535.014s][info][gc,phases      ] GC(1240)   Post Evacuate Collection Set: 0.48ms
[535.014s][info][gc,phases      ] GC(1240)   Other: 0.13ms
[535.014s][info][gc,heap        ] GC(1240) Eden regions: 187->0(184)
[535.014s][info][gc,heap        ] GC(1240) Survivor regions: 10->12(25)
[535.014s][info][gc,heap        ] GC(1240) Old regions: 713->713
[535.014s][info][gc,heap        ] GC(1240) Humongous regions: 7->7
[535.014s][info][gc,metaspace   ] GC(1240) Metaspace: 18981K(19136K)->18981K(19136K) NonClass: 17151K(17280K)->17151K(17280K) Class: 1829K(1856K)->1829K(1856K)
[535.014s][info][gc             ] GC(1240) Pause Young (Normal) (G1 Evacuation Pause) 916M->731M(978M) 21.275ms
[535.014s][info][gc,cpu         ] GC(1240) User=0.05s Sys=0.00s Real=0.02s
[535.544s][info][gc,start       ] GC(1241) Pause Young (Normal) (G1 Evacuation Pause)
[535.544s][info][gc,task        ] GC(1241) Using 2 workers of 2 for evacuation
[535.573s][info][gc,phases      ] GC(1241)   Pre Evacuate Collection Set: 0.41ms
[535.573s][info][gc,phases      ] GC(1241)   Merge Heap Roots: 0.33ms
[535.573s][info][gc,phases      ] GC(1241)   Evacuate Collection Set: 27.79ms
[535.573s][info][gc,phases      ] GC(1241)   Post Evacuate Collection Set: 0.62ms
[535.573s][info][gc,phases      ] GC(1241)   Other: 0.14ms
[535.573s][info][gc,heap        ] GC(1241) Eden regions: 184->0(180)
[535.573s][info][gc,heap        ] GC(1241) Survivor regions: 12->14(25)
[535.573s][info][gc,heap        ] GC(1241) Old regions: 713->713
[535.573s][info][gc,heap        ] GC(1241) Humongous regions: 7->7
[535.573s][info][gc,metaspace   ] GC(1241) Metaspace: 18981K(19136K)->18981K(19136K) NonClass: 17152K(17280K)->17152K(17280K) Class: 1829K(1856K)->1829K(1856K)
[535.573s][info][gc             ] GC(1241) Pause Young (Normal) (G1 Evacuation Pause) 915M->732M(978M) 29.659ms
[535.573s][info][gc,cpu         ] GC(1241) User=0.06s Sys=0.00s Real=0.03s
[535.902s][info][gc,start       ] GC(1242) Pause Young (Normal) (G1 Evacuation Pause)
[535.903s][info][gc,task        ] GC(1242) Using 2 workers of 2 for evacuation
[535.934s][info][gc,phases      ] GC(1242)   Pre Evacuate Collection Set: 0.54ms
[535.934s][info][gc,phases      ] GC(1242)   Merge Heap Roots: 0.38ms
[535.934s][info][gc,phases      ] GC(1242)   Evacuate Collection Set: 29.75ms
[535.934s][info][gc,phases      ] GC(1242)   Post Evacuate Collection Set: 0.60ms
[535.934s][info][gc,phases      ] GC(1242)   Other: 0.09ms
[535.934s][info][gc,heap        ] GC(1242) Eden regions: 180->0(178)
[535.934s][info][gc,heap        ] GC(1242) Survivor regions: 14->14(25)
[535.934s][info][gc,heap        ] GC(1242) Old regions: 713->715
[535.934s][info][gc,heap        ] GC(1242) Humongous regions: 7->7
[535.934s][info][gc,metaspace   ] GC(1242) Metaspace: 18983K(19136K)->18983K(19136K) NonClass: 17153K(17280K)->17153K(17280K) Class: 1829K(1856K)->1829K(1856K)
[535.934s][info][gc             ] GC(1242) Pause Young (Normal) (G1 Evacuation Pause) 912M->734M(978M) 31.647ms
[535.934s][info][gc,cpu         ] GC(1242) User=0.06s Sys=0.00s Real=0.03s
[536.596s][info][gc,start       ] GC(1243) Pause Young (Normal) (G1 Evacuation Pause)
[536.596s][info][gc,task        ] GC(1243) Using 2 workers of 2 for evacuation
[536.665s][info][gc,phases      ] GC(1243)   Pre Evacuate Collection Set: 0.55ms
[536.665s][info][gc,phases      ] GC(1243)   Merge Heap Roots: 0.47ms
[536.665s][info][gc,phases      ] GC(1243)   Evacuate Collection Set: 66.99ms
[536.665s][info][gc,phases      ] GC(1243)   Post Evacuate Collection Set: 0.64ms
[536.665s][info][gc,phases      ] GC(1243)   Other: 0.11ms
[536.665s][info][gc,heap        ] GC(1243) Eden regions: 178->0(140)
[536.665s][info][gc,heap        ] GC(1243) Survivor regions: 14->24(24)
[536.665s][info][gc,heap        ] GC(1243) Old regions: 715->730
[536.665s][info][gc,heap        ] GC(1243) Humongous regions: 10->10
[536.665s][info][gc,metaspace   ] GC(1243) Metaspace: 18983K(19136K)->18983K(19136K) NonClass: 17153K(17280K)->17153K(17280K) Class: 1829K(1856K)->1829K(1856K)
[536.665s][info][gc             ] GC(1243) Pause Young (Normal) (G1 Evacuation Pause) 915M->763M(978M) 69.020ms
[536.665s][info][gc,cpu         ] GC(1243) User=0.14s Sys=0.00s Real=0.07s
[537.004s][info][gc,marking     ] GC(1239) Concurrent Mark From Roots 2443.194ms
[537.004s][info][gc,marking     ] GC(1239) Concurrent Preclean
[537.004s][info][gc,marking     ] GC(1239) Concurrent Preclean 0.048ms
[537.004s][info][gc,start       ] GC(1239) Pause Remark
[537.013s][info][gc             ] GC(1239) Pause Remark 882M->882M(978M) 9.232ms
[537.014s][info][gc,cpu         ] GC(1239) User=0.02s Sys=0.00s Real=0.01s
[537.014s][info][gc,marking     ] GC(1239) Concurrent Mark 2453.241ms
[537.014s][info][gc,marking     ] GC(1239) Concurrent Rebuild Remembered Sets and Scrub Regions
[537.064s][info][gc,start       ] GC(1244) Pause Young (Normal) (G1 Evacuation Pause)
[537.064s][info][gc,task        ] GC(1244) Using 2 workers of 2 for evacuation
[537.134s][info][gc,phases      ] GC(1244)   Pre Evacuate Collection Set: 0.31ms
[537.134s][info][gc,phases      ] GC(1244)   Merge Heap Roots: 0.39ms
[537.134s][info][gc,phases      ] GC(1244)   Evacuate Collection Set: 68.16ms
[537.134s][info][gc,phases      ] GC(1244)   Post Evacuate Collection Set: 0.45ms
[537.134s][info][gc,phases      ] GC(1244)   Other: 0.12ms
[537.134s][info][gc,heap        ] GC(1244) Eden regions: 140->0(121)
[537.134s][info][gc,heap        ] GC(1244) Survivor regions: 24->21(21)
[537.134s][info][gc,heap        ] GC(1244) Old regions: 730->755
[537.134s][info][gc,heap        ] GC(1244) Humongous regions: 10->10
[537.134s][info][gc,metaspace   ] GC(1244) Metaspace: 18983K(19136K)->18983K(19136K) NonClass: 17153K(17280K)->17153K(17280K) Class: 1829K(1856K)->1829K(1856K)
[537.134s][info][gc             ] GC(1244) Pause Young (Normal) (G1 Evacuation Pause) 903M->785M(978M) 69.714ms
[537.134s][info][gc,cpu         ] GC(1244) User=0.14s Sys=0.00s Real=0.07s
[537.369s][info][gc,start       ] GC(1245) Pause Young (Normal) (G1 Evacuation Pause)
[537.369s][info][gc,task        ] GC(1245) Using 2 workers of 2 for evacuation
[537.404s][info][gc,phases      ] GC(1245)   Pre Evacuate Collection Set: 0.31ms
[537.404s][info][gc,phases      ] GC(1245)   Merge Heap Roots: 0.20ms
[537.404s][info][gc,phases      ] GC(1245)   Evacuate Collection Set: 33.86ms
[537.404s][info][gc,phases      ] GC(1245)   Post Evacuate Collection Set: 0.43ms
[537.404s][info][gc,phases      ] GC(1245)   Other: 0.11ms
[537.404s][info][gc,heap        ] GC(1245) Eden regions: 121->0(129)
[537.404s][info][gc,heap        ] GC(1245) Survivor regions: 21->7(18)
[537.404s][info][gc,heap        ] GC(1245) Old regions: 755->775
[537.404s][info][gc,heap        ] GC(1245) Humongous regions: 10->10
[537.404s][info][gc,metaspace   ] GC(1245) Metaspace: 18983K(19136K)->18983K(19136K) NonClass: 17153K(17280K)->17153K(17280K) Class: 1829K(1856K)->1829K(1856K)
[537.404s][info][gc             ] GC(1245) Pause Young (Normal) (G1 Evacuation Pause) 906M->791M(978M) 35.210ms
[537.404s][info][gc,cpu         ] GC(1245) User=0.07s Sys=0.00s Real=0.04s
[537.642s][info][gc,start       ] GC(1246) Pause Young (Normal) (G1 Evacuation Pause)
[537.642s][info][gc,task        ] GC(1246) Using 2 workers of 2 for evacuation
[537.663s][info][gc,phases      ] GC(1246)   Pre Evacuate Collection Set: 0.33ms
[537.663s][info][gc,phases      ] GC(1246)   Merge Heap Roots: 0.26ms
[537.663s][info][gc,phases      ] GC(1246)   Evacuate Collection Set: 19.06ms
[537.663s][info][gc,phases      ] GC(1246)   Post Evacuate Collection Set: 0.44ms
[537.663s][info][gc,phases      ] GC(1246)   Other: 0.11ms
[537.663s][info][gc,heap        ] GC(1246) Eden regions: 129->0(123)
[537.663s][info][gc,heap        ] GC(1246) Survivor regions: 7->10(17)
[537.663s][info][gc,heap        ] GC(1246) Old regions: 775->775
[537.663s][info][gc,heap        ] GC(1246) Humongous regions: 10->10
[537.663s][info][gc,metaspace   ] GC(1246) Metaspace: 18984K(19136K)->18984K(19136K) NonClass: 17154K(17280K)->17154K(17280K) Class: 1829K(1856K)->1829K(1856K)
[537.663s][info][gc             ] GC(1246) Pause Young (Normal) (G1 Evacuation Pause) 920M->794M(978M) 20.468ms
[537.663s][info][gc,cpu         ] GC(1246) User=0.04s Sys=0.00s Real=0.02s
[537.969s][info][gc,marking     ] GC(1239) Concurrent Rebuild Remembered Sets and Scrub Regions 954.994ms
[537.970s][info][gc,start       ] GC(1239) Pause Cleanup
[537.970s][info][gc             ] GC(1239) Pause Cleanup 904M->904M(978M) 0.157ms
[537.970s][info][gc,cpu         ] GC(1239) User=0.00s Sys=0.00s Real=0.00s
[537.971s][info][gc,marking     ] GC(1239) Concurrent Clear Claimed Marks
[537.971s][info][gc,marking     ] GC(1239) Concurrent Clear Claimed Marks 0.037ms
[537.971s][info][gc,marking     ] GC(1239) Concurrent Cleanup for Next Mark
[537.974s][info][gc,marking     ] GC(1239) Concurrent Cleanup for Next Mark 3.058ms
[537.974s][info][gc             ] GC(1239) Concurrent Mark Cycle 3441.523ms
[537.986s][info][gc,start       ] GC(1247) Pause Young (Prepare Mixed) (G1 Evacuation Pause)
[537.986s][info][gc,task        ] GC(1247) Using 2 workers of 2 for evacuation
[538.009s][info][gc,phases      ] GC(1247)   Pre Evacuate Collection Set: 0.32ms
[538.009s][info][gc,phases      ] GC(1247)   Merge Heap Roots: 0.23ms
[538.009s][info][gc,phases      ] GC(1247)   Evacuate Collection Set: 20.89ms
[538.009s][info][gc,phases      ] GC(1247)   Post Evacuate Collection Set: 0.48ms
[538.009s][info][gc,phases      ] GC(1247)   Other: 0.10ms
[538.009s][info][gc,heap        ] GC(1247) Eden regions: 123->0(124)
[538.009s][info][gc,heap        ] GC(1247) Survivor regions: 10->6(17)
[538.009s][info][gc,heap        ] GC(1247) Old regions: 775->782
[538.009s][info][gc,heap        ] GC(1247) Humongous regions: 10->10
[538.009s][info][gc,metaspace   ] GC(1247) Metaspace: 18988K(19136K)->18988K(19136K) NonClass: 17158K(17280K)->17158K(17280K) Class: 1829K(1856K)->1829K(1856K)
[538.009s][info][gc             ] GC(1247) Pause Young (Prepare Mixed) (G1 Evacuation Pause) 917M->797M(978M) 22.303ms
[538.009s][info][gc,cpu         ] GC(1247) User=0.04s Sys=0.00s Real=0.02s
[538.122s][info][gc,start       ] GC(1248) Pause Young (Mixed) (G1 Evacuation Pause)
[538.122s][info][gc,task        ] GC(1248) Using 2 workers of 2 for evacuation
[538.164s][info][gc,phases      ] GC(1248)   Pre Evacuate Collection Set: 0.56ms
[538.164s][info][gc,phases      ] GC(1248)   Merge Heap Roots: 0.79ms
[538.164s][info][gc,phases      ] GC(1248)   Evacuate Collection Set: 40.28ms
[538.164s][info][gc,phases      ] GC(1248)   Post Evacuate Collection Set: 0.46ms
[538.164s][info][gc,phases      ] GC(1248)   Other: 0.10ms
[538.164s][info][gc,heap        ] GC(1248) Eden regions: 124->0(131)
[538.164s][info][gc,heap        ] GC(1248) Survivor regions: 6->6(17)
[538.165s][info][gc,heap        ] GC(1248) Old regions: 782->775
[538.165s][info][gc,heap        ] GC(1248) Humongous regions: 10->10
[538.165s][info][gc,metaspace   ] GC(1248) Metaspace: 18988K(19136K)->18988K(19136K) NonClass: 17158K(17280K)->17158K(17280K) Class: 1829K(1856K)->1829K(1856K)
[538.165s][info][gc             ] GC(1248) Pause Young (Mixed) (G1 Evacuation Pause) 921M->790M(978M) 42.471ms
[538.165s][info][gc,cpu         ] GC(1248) User=0.09s Sys=0.01s Real=0.04s
[538.258s][info][gc,start       ] GC(1249) Pause Young (Concurrent Start) (G1 Evacuation Pause)
[538.258s][info][gc,task        ] GC(1249) Using 2 workers of 2 for evacuation
[538.270s][info][gc,phases      ] GC(1249)   Pre Evacuate Collection Set: 0.43ms
[538.270s][info][gc,phases      ] GC(1249)   Merge Heap Roots: 0.18ms
[538.270s][info][gc,phases      ] GC(1249)   Evacuate Collection Set: 10.84ms
[538.270s][info][gc,phases      ] GC(1249)   Post Evacuate Collection Set: 0.45ms
[538.270s][info][gc,phases      ] GC(1249)   Other: 0.27ms
[538.270s][info][gc,heap        ] GC(1249) Eden regions: 131->0(129)
[538.270s][info][gc,heap        ] GC(1249) Survivor regions: 6->7(18)
[538.270s][info][gc,heap        ] GC(1249) Old regions: 775->775
[538.270s][info][gc,heap        ] GC(1249) Humongous regions: 10->10
[538.270s][info][gc,metaspace   ] GC(1249) Metaspace: 18988K(19136K)->18988K(19136K) NonClass: 17158K(17280K)->17158K(17280K) Class: 1829K(1856K)->1829K(1856K)
[538.270s][info][gc             ] GC(1249) Pause Young (Concurrent Start) (G1 Evacuation Pause) 921M->790M(978M) 12.416ms
[538.270s][info][gc,cpu         ] GC(1249) User=0.03s Sys=0.00s Real=0.01s
[538.270s][info][gc             ] GC(1250) Concurrent Mark Cycle
[538.272s][info][gc,marking     ] GC(1250) Concurrent Scan Root Regions
[538.290s][info][gc,marking     ] GC(1250) Concurrent Scan Root Regions 18.022ms
[538.291s][info][gc,marking     ] GC(1250) Concurrent Mark
[538.291s][info][gc,marking     ] GC(1250) Concurrent Mark From Roots
[538.291s][info][gc,task        ] GC(1250) Using 1 workers of 1 for marking
[538.689s][info][gc,start       ] GC(1251) Pause Young (Normal) (G1 Evacuation Pause)
[538.689s][info][gc,task        ] GC(1251) Using 2 workers of 2 for evacuation
[538.709s][info][gc,phases      ] GC(1251)   Pre Evacuate Collection Set: 0.55ms
[538.709s][info][gc,phases      ] GC(1251)   Merge Heap Roots: 0.20ms
[538.709s][info][gc,phases      ] GC(1251)   Evacuate Collection Set: 18.71ms
[538.709s][info][gc,phases      ] GC(1251)   Post Evacuate Collection Set: 0.44ms
[538.709s][info][gc,phases      ] GC(1251)   Other: 0.12ms
[538.709s][info][gc,heap        ] GC(1251) Eden regions: 129->0(117)
[538.709s][info][gc,heap        ] GC(1251) Survivor regions: 7->13(17)
[538.709s][info][gc,heap        ] GC(1251) Old regions: 775->775
[538.709s][info][gc,heap        ] GC(1251) Humongous regions: 10->10
[538.709s][info][gc,metaspace   ] GC(1251) Metaspace: 18988K(19136K)->18988K(19136K) NonClass: 17158K(17280K)->17158K(17280K) Class: 1829K(1856K)->1829K(1856K)
[538.709s][info][gc             ] GC(1251) Pause Young (Normal) (G1 Evacuation Pause) 919M->796M(978M) 20.305ms
[538.709s][info][gc,cpu         ] GC(1251) User=0.04s Sys=0.00s Real=0.02s
[539.023s][info][gc,start       ] GC(1252) Pause Young (Normal) (G1 Evacuation Pause)
[539.024s][info][gc,task        ] GC(1252) Using 2 workers of 2 for evacuation
[539.044s][info][gc,phases      ] GC(1252)   Pre Evacuate Collection Set: 0.32ms
[539.044s][info][gc,phases      ] GC(1252)   Merge Heap Roots: 0.22ms
[539.044s][info][gc,phases      ] GC(1252)   Evacuate Collection Set: 19.71ms
[539.044s][info][gc,phases      ] GC(1252)   Post Evacuate Collection Set: 0.39ms
[539.044s][info][gc,phases      ] GC(1252)   Other: 0.11ms
[539.044s][info][gc,heap        ] GC(1252) Eden regions: 117->0(119)
[539.044s][info][gc,heap        ] GC(1252) Survivor regions: 13->9(17)
[539.044s][info][gc,heap        ] GC(1252) Old regions: 775->781
[539.044s][info][gc,heap        ] GC(1252) Humongous regions: 10->10
[539.044s][info][gc,metaspace   ] GC(1252) Metaspace: 18988K(19136K)->18988K(19136K) NonClass: 17158K(17280K)->17158K(17280K) Class: 1829K(1856K)->1829K(1856K)
[539.044s][info][gc             ] GC(1252) Pause Young (Normal) (G1 Evacuation Pause) 913M->798M(978M) 21.011ms
[539.044s][info][gc,cpu         ] GC(1252) User=0.04s Sys=0.00s Real=0.02s
[539.760s][info][gc,start       ] GC(1253) Pause Young (Normal) (G1 Evacuation Pause)
[539.760s][info][gc,task        ] GC(1253) Using 2 workers of 2 for evacuation
[539.773s][info][gc,phases      ] GC(1253)   Pre Evacuate Collection Set: 0.32ms
[539.773s][info][gc,phases      ] GC(1253)   Merge Heap Roots: 0.13ms
[539.773s][info][gc,phases      ] GC(1253)   Evacuate Collection Set: 11.24ms
[539.773s][info][gc,phases      ] GC(1253)   Post Evacuate Collection Set: 0.41ms
[539.773s][info][gc,phases      ] GC(1253)   Other: 0.10ms
[539.773s][info][gc,heap        ] GC(1253) Eden regions: 119->0(119)
[539.773s][info][gc,heap        ] GC(1253) Survivor regions: 9->9(16)
[539.773s][info][gc,heap        ] GC(1253) Old regions: 781->781
[539.773s][info][gc,heap        ] GC(1253) Humongous regions: 10->10
[539.773s][info][gc,metaspace   ] GC(1253) Metaspace: 18988K(19136K)->18988K(19136K) NonClass: 17158K(17280K)->17158K(17280K) Class: 1829K(1856K)->1829K(1856K)
[539.773s][info][gc             ] GC(1253) Pause Young (Normal) (G1 Evacuation Pause) 917M->798M(978M) 12.451ms
[539.773s][info][gc,cpu         ] GC(1253) User=0.02s Sys=0.00s Real=0.02s
[540.101s][info][gc,start       ] GC(1254) Pause Young (Normal) (G1 Evacuation Pause)
[540.101s][info][gc,task        ] GC(1254) Using 2 workers of 2 for evacuation
[540.140s][info][gc,phases      ] GC(1254)   Pre Evacuate Collection Set: 0.33ms
[540.141s][info][gc,phases      ] GC(1254)   Merge Heap Roots: 0.22ms
[540.141s][info][gc,phases      ] GC(1254)   Evacuate Collection Set: 38.79ms
[540.141s][info][gc,phases      ] GC(1254)   Post Evacuate Collection Set: 0.43ms
[540.141s][info][gc,phases      ] GC(1254)   Other: 0.10ms
[540.141s][info][gc,heap        ] GC(1254) Eden regions: 119->0(91)
[540.141s][info][gc,heap        ] GC(1254) Survivor regions: 9->16(16)
[540.141s][info][gc,heap        ] GC(1254) Old regions: 781->795
[540.141s][info][gc,heap        ] GC(1254) Humongous regions: 10->10
[540.141s][info][gc,metaspace   ] GC(1254) Metaspace: 18988K(19136K)->18988K(19136K) NonClass: 17158K(17280K)->17158K(17280K) Class: 1829K(1856K)->1829K(1856K)
[540.141s][info][gc             ] GC(1254) Pause Young (Normal) (G1 Evacuation Pause) 917M->820M(978M) 40.099ms
[540.141s][info][gc,cpu         ] GC(1254) User=0.08s Sys=0.00s Real=0.04s
[540.646s][info][gc,start       ] GC(1255) Pause Young (Normal) (G1 Evacuation Pause)
[540.646s][info][gc,task        ] GC(1255) Using 2 workers of 2 for evacuation
[540.665s][info][gc,phases      ] GC(1255)   Pre Evacuate Collection Set: 0.32ms
[540.665s][info][gc,phases      ] GC(1255)   Merge Heap Roots: 0.13ms
[540.665s][info][gc,phases      ] GC(1255)   Evacuate Collection Set: 18.78ms
[540.665s][info][gc,phases      ] GC(1255)   Post Evacuate Collection Set: 0.38ms
[540.665s][info][gc,phases      ] GC(1255)   Other: 0.08ms
[540.665s][info][gc,heap        ] GC(1255) Eden regions: 91->0(104)
[540.665s][info][gc,heap        ] GC(1255) Survivor regions: 16->1(14)
[540.665s][info][gc,heap        ] GC(1255) Old regions: 795->812
[540.665s][info][gc,heap        ] GC(1255) Humongous regions: 10->10
[540.665s][info][gc,metaspace   ] GC(1255) Metaspace: 18988K(19136K)->18988K(19136K) NonClass: 17158K(17280K)->17158K(17280K) Class: 1829K(1856K)->1829K(1856K)
[540.666s][info][gc             ] GC(1255) Pause Young (Normal) (G1 Evacuation Pause) 911M->822M(978M) 19.941ms
[540.666s][info][gc,cpu         ] GC(1255) User=0.04s Sys=0.00s Real=0.02s
[541.154s][info][gc,marking     ] GC(1250) Concurrent Mark From Roots 2863.618ms
[541.154s][info][gc,marking     ] GC(1250) Concurrent Preclean
[541.154s][info][gc,marking     ] GC(1250) Concurrent Preclean 0.049ms
[541.154s][info][gc,start       ] GC(1250) Pause Remark
[541.163s][info][gc             ] GC(1250) Pause Remark 897M->896M(978M) 8.981ms
[541.163s][info][gc,cpu         ] GC(1250) User=0.02s Sys=0.00s Real=0.01s
[541.164s][info][gc,marking     ] GC(1250) Concurrent Mark 2873.003ms
[541.164s][info][gc,marking     ] GC(1250) Concurrent Rebuild Remembered Sets and Scrub Regions
[541.290s][info][gc,start       ] GC(1256) Pause Young (Normal) (G1 Evacuation Pause)
[541.290s][info][gc,task        ] GC(1256) Using 2 workers of 2 for evacuation
[541.291s][info][gc,phases      ] GC(1256)   Pre Evacuate Collection Set: 0.32ms
[541.291s][info][gc,phases      ] GC(1256)   Merge Heap Roots: 0.07ms
[541.291s][info][gc,phases      ] GC(1256)   Evacuate Collection Set: 0.32ms
[541.291s][info][gc,phases      ] GC(1256)   Post Evacuate Collection Set: 0.32ms
[541.291s][info][gc,phases      ] GC(1256)   Other: 0.10ms
[541.291s][info][gc,heap        ] GC(1256) Eden regions: 104->0(105)
[541.291s][info][gc,heap        ] GC(1256) Survivor regions: 1->1(14)
[541.291s][info][gc,heap        ] GC(1256) Old regions: 812->812
[541.291s][info][gc,heap        ] GC(1256) Humongous regions: 9->9
[541.291s][info][gc,metaspace   ] GC(1256) Metaspace: 18988K(19136K)->18988K(19136K) NonClass: 17158K(17280K)->17158K(17280K) Class: 1829K(1856K)->1829K(1856K)
[541.291s][info][gc             ] GC(1256) Pause Young (Normal) (G1 Evacuation Pause) 925M->821M(978M) 1.357ms
[541.291s][info][gc,cpu         ] GC(1256) User=0.00s Sys=0.00s Real=0.01s
[541.797s][info][gc,start       ] GC(1257) Pause Young (Normal) (G1 Evacuation Pause)
[541.797s][info][gc,task        ] GC(1257) Using 2 workers of 2 for evacuation
[541.798s][info][gc,phases      ] GC(1257)   Pre Evacuate Collection Set: 0.34ms
[541.798s][info][gc,phases      ] GC(1257)   Merge Heap Roots: 0.06ms
[541.798s][info][gc,phases      ] GC(1257)   Evacuate Collection Set: 0.28ms
[541.798s][info][gc,phases      ] GC(1257)   Post Evacuate Collection Set: 0.29ms
[541.798s][info][gc,phases      ] GC(1257)   Other: 0.10ms
[541.798s][info][gc,heap        ] GC(1257) Eden regions: 105->0(105)
[541.798s][info][gc,heap        ] GC(1257) Survivor regions: 1->1(14)
[541.798s][info][gc,heap        ] GC(1257) Old regions: 812->812
[541.798s][info][gc,heap        ] GC(1257) Humongous regions: 9->9
[541.798s][info][gc,metaspace   ] GC(1257) Metaspace: 18988K(19136K)->18988K(19136K) NonClass: 17158K(17280K)->17158K(17280K) Class: 1829K(1856K)->1829K(1856K)
[541.798s][info][gc             ] GC(1257) Pause Young (Normal) (G1 Evacuation Pause) 926M->820M(978M) 1.281ms
[541.798s][info][gc,cpu         ] GC(1257) User=0.00s Sys=0.00s Real=0.00s
[542.204s][info][gc,marking     ] GC(1250) Concurrent Rebuild Remembered Sets and Scrub Regions 1039.985ms
[542.204s][info][gc,start       ] GC(1250) Pause Cleanup
[542.204s][info][gc             ] GC(1250) Pause Cleanup 881M->881M(978M) 0.133ms
[542.204s][info][gc,cpu         ] GC(1250) User=0.00s Sys=0.00s Real=0.00s
[542.206s][info][gc,marking     ] GC(1250) Concurrent Clear Claimed Marks
[542.206s][info][gc,marking     ] GC(1250) Concurrent Clear Claimed Marks 0.039ms
[542.206s][info][gc,marking     ] GC(1250) Concurrent Cleanup for Next Mark
[542.212s][info][gc,marking     ] GC(1250) Concurrent Cleanup for Next Mark 5.090ms
[542.212s][info][gc             ] GC(1250) Concurrent Mark Cycle 3941.256ms
[542.503s][info][gc,start       ] GC(1258) Pause Young (Prepare Mixed) (G1 Evacuation Pause)
[542.503s][info][gc,task        ] GC(1258) Using 2 workers of 2 for evacuation
[542.505s][info][gc,phases      ] GC(1258)   Pre Evacuate Collection Set: 0.58ms
[542.505s][info][gc,phases      ] GC(1258)   Merge Heap Roots: 0.08ms
[542.505s][info][gc,phases      ] GC(1258)   Evacuate Collection Set: 0.98ms
[542.505s][info][gc,phases      ] GC(1258)   Post Evacuate Collection Set: 0.37ms
[542.505s][info][gc,phases      ] GC(1258)   Other: 0.10ms
[542.505s][info][gc,heap        ] GC(1258) Eden regions: 105->0(105)
[542.505s][info][gc,heap        ] GC(1258) Survivor regions: 1->1(14)
[542.505s][info][gc,heap        ] GC(1258) Old regions: 812->812
[542.505s][info][gc,heap        ] GC(1258) Humongous regions: 9->9
[542.505s][info][gc,metaspace   ] GC(1258) Metaspace: 18988K(19136K)->18988K(19136K) NonClass: 17158K(17280K)->17158K(17280K) Class: 1829K(1856K)->1829K(1856K)
[542.505s][info][gc             ] GC(1258) Pause Young (Prepare Mixed) (G1 Evacuation Pause) 925M->820M(978M) 2.328ms
[542.505s][info][gc,cpu         ] GC(1258) User=0.00s Sys=0.00s Real=0.00s
[543.318s][info][gc,start       ] GC(1259) Pause Young (Mixed) (G1 Evacuation Pause)
[543.318s][info][gc,task        ] GC(1259) Using 2 workers of 2 for evacuation
[543.344s][info][gc,phases      ] GC(1259)   Pre Evacuate Collection Set: 0.36ms
[543.344s][info][gc,phases      ] GC(1259)   Merge Heap Roots: 0.87ms
[543.344s][info][gc,phases      ] GC(1259)   Evacuate Collection Set: 24.32ms
[543.344s][info][gc,phases      ] GC(1259)   Post Evacuate Collection Set: 0.42ms
[543.344s][info][gc,phases      ] GC(1259)   Other: 0.08ms
[543.344s][info][gc,heap        ] GC(1259) Eden regions: 105->0(112)
[543.344s][info][gc,heap        ] GC(1259) Survivor regions: 1->1(14)
[543.344s][info][gc,heap        ] GC(1259) Old regions: 812->805
[543.344s][info][gc,heap        ] GC(1259) Humongous regions: 9->9
[543.344s][info][gc,metaspace   ] GC(1259) Metaspace: 18991K(19136K)->18991K(19136K) NonClass: 17161K(17280K)->17161K(17280K) Class: 1829K(1856K)->1829K(1856K)
[543.344s][info][gc             ] GC(1259) Pause Young (Mixed) (G1 Evacuation Pause) 925M->814M(978M) 26.307ms
[543.344s][info][gc,cpu         ] GC(1259) User=0.05s Sys=0.00s Real=0.03s
[543.914s][info][gc,start       ] GC(1260) Pause Young (Concurrent Start) (G1 Evacuation Pause)
[543.914s][info][gc,task        ] GC(1260) Using 2 workers of 2 for evacuation
[543.920s][info][gc,phases      ] GC(1260)   Pre Evacuate Collection Set: 0.51ms
[543.920s][info][gc,phases      ] GC(1260)   Merge Heap Roots: 0.13ms
[543.920s][info][gc,phases      ] GC(1260)   Evacuate Collection Set: 4.69ms
[543.920s][info][gc,phases      ] GC(1260)   Post Evacuate Collection Set: 0.44ms
[543.920s][info][gc,phases      ] GC(1260)   Other: 0.18ms
[543.920s][info][gc,heap        ] GC(1260) Eden regions: 112->0(108)
[543.920s][info][gc,heap        ] GC(1260) Survivor regions: 1->3(15)
[543.920s][info][gc,heap        ] GC(1260) Old regions: 805->805
[543.920s][info][gc,heap        ] GC(1260) Humongous regions: 9->9
[543.920s][info][gc,metaspace   ] GC(1260) Metaspace: 18991K(19136K)->18991K(19136K) NonClass: 17161K(17280K)->17161K(17280K) Class: 1829K(1856K)->1829K(1856K)
[543.920s][info][gc             ] GC(1260) Pause Young (Concurrent Start) (G1 Evacuation Pause) 926M->816M(978M) 6.212ms
[543.920s][info][gc,cpu         ] GC(1260) User=0.01s Sys=0.00s Real=0.00s
[543.920s][info][gc             ] GC(1261) Concurrent Mark Cycle
[543.920s][info][gc,marking     ] GC(1261) Concurrent Scan Root Regions
[543.924s][info][gc,marking     ] GC(1261) Concurrent Scan Root Regions 3.636ms
[543.924s][info][gc,marking     ] GC(1261) Concurrent Mark
[543.924s][info][gc,marking     ] GC(1261) Concurrent Mark From Roots
[543.924s][info][gc,task        ] GC(1261) Using 1 workers of 1 for marking
[544.709s][info][gc,start       ] GC(1262) Pause Young (Normal) (G1 Evacuation Pause)
[544.709s][info][gc,task        ] GC(1262) Using 2 workers of 2 for evacuation
[544.714s][info][gc,phases      ] GC(1262)   Pre Evacuate Collection Set: 0.59ms
[544.714s][info][gc,phases      ] GC(1262)   Merge Heap Roots: 0.11ms
[544.714s][info][gc,phases      ] GC(1262)   Evacuate Collection Set: 4.09ms
[544.714s][info][gc,phases      ] GC(1262)   Post Evacuate Collection Set: 0.38ms
[544.714s][info][gc,phases      ] GC(1262)   Other: 0.08ms
[544.714s][info][gc,heap        ] GC(1262) Eden regions: 108->0(108)
[544.714s][info][gc,heap        ] GC(1262) Survivor regions: 3->3(14)
[544.714s][info][gc,heap        ] GC(1262) Old regions: 805->805
[544.714s][info][gc,heap        ] GC(1262) Humongous regions: 9->9
[544.714s][info][gc,metaspace   ] GC(1262) Metaspace: 19043K(19200K)->19043K(19200K) NonClass: 17213K(17344K)->17213K(17344K) Class: 1829K(1856K)->1829K(1856K)
[544.714s][info][gc             ] GC(1262) Pause Young (Normal) (G1 Evacuation Pause) 924M->816M(978M) 5.492ms
[544.714s][info][gc,cpu         ] GC(1262) User=0.01s Sys=0.00s Real=0.01s
[545.030s][info][gc,start       ] GC(1263) Pause Young (Normal) (G1 Evacuation Pause)
[545.030s][info][gc,task        ] GC(1263) Using 2 workers of 2 for evacuation
[545.036s][info][gc,phases      ] GC(1263)   Pre Evacuate Collection Set: 0.31ms
[545.036s][info][gc,phases      ] GC(1263)   Merge Heap Roots: 0.11ms
[545.036s][info][gc,phases      ] GC(1263)   Evacuate Collection Set: 4.59ms
[545.036s][info][gc,phases      ] GC(1263)   Post Evacuate Collection Set: 0.40ms
[545.036s][info][gc,phases      ] GC(1263)   Other: 0.12ms
[545.036s][info][gc,heap        ] GC(1263) Eden regions: 108->0(106)
[545.036s][info][gc,heap        ] GC(1263) Survivor regions: 3->4(14)
[545.036s][info][gc,heap        ] GC(1263) Old regions: 805->805
[545.036s][info][gc,heap        ] GC(1263) Humongous regions: 9->9
[545.036s][info][gc,metaspace   ] GC(1263) Metaspace: 19044K(19200K)->19044K(19200K) NonClass: 17214K(17344K)->17214K(17344K) Class: 1829K(1856K)->1829K(1856K)
[545.036s][info][gc             ] GC(1263) Pause Young (Normal) (G1 Evacuation Pause) 924M->817M(978M) 5.752ms
[545.036s][info][gc,cpu         ] GC(1263) User=0.01s Sys=0.00s Real=0.01s
[545.106s][info][gc,marking     ] GC(1261) Concurrent Mark From Roots 1182.370ms
[545.106s][info][gc,marking     ] GC(1261) Concurrent Preclean
[545.106s][info][gc,marking     ] GC(1261) Concurrent Preclean 0.043ms
[545.106s][info][gc,start       ] GC(1261) Pause Remark
[545.120s][info][metaspace      ] ChkMgr @0x00007f59a415e580 (non-class-space): : reclaiming memory...
[545.121s][info][metaspace      ] ChkMgr @0x00007f59a415e580 (non-class-space): nothing reclaimed.
[545.121s][info][metaspace      ] ChkMgr @0x00007f59a415c690 (class-space): : reclaiming memory...
[545.121s][info][metaspace      ] ChkMgr @0x00007f59a415c690 (class-space): nothing reclaimed.
[545.121s][info][gc             ] GC(1261) Pause Remark 835M->617M(978M) 14.662ms
[545.121s][info][gc,cpu         ] GC(1261) User=0.03s Sys=0.00s Real=0.02s
[545.126s][info][gc,marking     ] GC(1261) Concurrent Mark 1202.708ms
[545.126s][info][gc,marking     ] GC(1261) Concurrent Rebuild Remembered Sets and Scrub Regions
[545.405s][info][gc,start       ] GC(1264) Pause Young (Normal) (G1 Evacuation Pause)
[545.405s][info][gc,task        ] GC(1264) Using 2 workers of 2 for evacuation
[545.410s][info][gc,phases      ] GC(1264)   Pre Evacuate Collection Set: 0.55ms
[545.410s][info][gc,phases      ] GC(1264)   Merge Heap Roots: 0.12ms
[545.410s][info][gc,phases      ] GC(1264)   Evacuate Collection Set: 4.12ms
[545.410s][info][gc,phases      ] GC(1264)   Post Evacuate Collection Set: 0.43ms
[545.410s][info][gc,phases      ] GC(1264)   Other: 0.08ms
[545.410s][info][gc,heap        ] GC(1264) Eden regions: 106->0(326)
[545.410s][info][gc,heap        ] GC(1264) Survivor regions: 4->3(14)
[545.410s][info][gc,heap        ] GC(1264) Old regions: 591->591
[545.410s][info][gc,heap        ] GC(1264) Humongous regions: 5->5
[545.410s][info][gc,metaspace   ] GC(1264) Metaspace: 19028K(19200K)->19028K(19200K) NonClass: 17198K(17344K)->17198K(17344K) Class: 1829K(1856K)->1829K(1856K)
[545.410s][info][gc             ] GC(1264) Pause Young (Normal) (G1 Evacuation Pause) 705M->598M(978M) 5.556ms
[545.410s][info][gc,cpu         ] GC(1264) User=0.01s Sys=0.01s Real=0.00s
[545.690s][info][gc,marking     ] GC(1261) Concurrent Rebuild Remembered Sets and Scrub Regions 563.463ms
[545.690s][info][gc,start       ] GC(1261) Pause Cleanup
[545.691s][info][gc             ] GC(1261) Pause Cleanup 705M->705M(978M) 0.254ms
[545.691s][info][gc,cpu         ] GC(1261) User=0.00s Sys=0.00s Real=0.01s
[545.691s][info][gc,marking     ] GC(1261) Concurrent Clear Claimed Marks
[545.691s][info][gc,marking     ] GC(1261) Concurrent Clear Claimed Marks 0.047ms
[545.691s][info][gc,marking     ] GC(1261) Concurrent Cleanup for Next Mark
[545.696s][info][gc,marking     ] GC(1261) Concurrent Cleanup for Next Mark 5.127ms
[545.697s][info][gc             ] GC(1261) Concurrent Mark Cycle 1776.562ms
[545.997s][info][gc,start       ] GC(1265) Pause Young (Prepare Mixed) (G1 Evacuation Pause)
[545.997s][info][gc,task        ] GC(1265) Using 2 workers of 2 for evacuation
[546.147s][info][gc,phases      ] GC(1265)   Pre Evacuate Collection Set: 0.34ms
[546.147s][info][gc,phases      ] GC(1265)   Merge Heap Roots: 0.17ms
[546.147s][info][gc,phases      ] GC(1265)   Evacuate Collection Set: 126.13ms
[546.147s][info][gc,phases      ] GC(1265)   Post Evacuate Collection Set: 22.99ms
[546.147s][info][gc,phases      ] GC(1265)   Other: 0.10ms
[546.147s][info][gc,heap        ] GC(1265) Eden regions: 326->0(57)
[546.147s][info][gc,heap        ] GC(1265) Survivor regions: 3->42(42)
[546.147s][info][gc,heap        ] GC(1265) Old regions: 591->782
[546.147s][info][gc,heap        ] GC(1265) Humongous regions: 5->5
[546.147s][info][gc,metaspace   ] GC(1265) Metaspace: 19059K(19200K)->19059K(19200K) NonClass: 17229K(17344K)->17229K(17344K) Class: 1829K(1856K)->1829K(1856K)
[546.147s][info][gc             ] GC(1265) Pause Young (Prepare Mixed) (G1 Evacuation Pause) (Evacuation Failure: Allocation) 924M->828M(978M) 149.999ms
[546.147s][info][gc,cpu         ] GC(1265) User=0.29s Sys=0.00s Real=0.15s
[546.240s][info][gc,start       ] GC(1266) Pause Young (Mixed) (G1 Evacuation Pause)
[546.240s][info][gc,task        ] GC(1266) Using 2 workers of 2 for evacuation
[546.356s][info][gc,phases      ] GC(1266)   Pre Evacuate Collection Set: 0.48ms
[546.356s][info][gc,phases      ] GC(1266)   Merge Heap Roots: 0.86ms
[546.356s][info][gc,phases      ] GC(1266)   Evacuate Collection Set: 111.10ms
[546.356s][info][gc,phases      ] GC(1266)   Post Evacuate Collection Set: 2.89ms
[546.356s][info][gc,phases      ] GC(1266)   Other: 0.10ms
[546.356s][info][gc,heap        ] GC(1266) Eden regions: 57->0(240)
[546.356s][info][gc,heap        ] GC(1266) Survivor regions: 42->12(13)
[546.356s][info][gc,heap        ] GC(1266) Old regions: 782->656
[546.356s][info][gc,heap        ] GC(1266) Humongous regions: 5->5
[546.356s][info][gc,metaspace   ] GC(1266) Metaspace: 19059K(19200K)->19059K(19200K) NonClass: 17229K(17344K)->17229K(17344K) Class: 1829K(1856K)->1829K(1856K)
[546.356s][info][gc             ] GC(1266) Pause Young (Mixed) (G1 Evacuation Pause) (Evacuation Failure: Allocation) 885M->672M(978M) 115.727ms
[546.356s][info][gc,cpu         ] GC(1266) User=0.22s Sys=0.00s Real=0.12s
[546.592s][info][gc,start       ] GC(1267) Pause Young (Concurrent Start) (G1 Humongous Allocation)
[546.592s][info][gc,task        ] GC(1267) Using 2 workers of 2 for evacuation
[546.689s][info][gc,phases      ] GC(1267)   Pre Evacuate Collection Set: 0.47ms
[546.689s][info][gc,phases      ] GC(1267)   Merge Heap Roots: 0.21ms
[546.689s][info][gc,phases      ] GC(1267)   Evacuate Collection Set: 94.75ms
[546.689s][info][gc,phases      ] GC(1267)   Post Evacuate Collection Set: 0.85ms
[546.689s][info][gc,phases      ] GC(1267)   Other: 0.13ms
[546.689s][info][gc,heap        ] GC(1267) Eden regions: 147->0(180)
[546.689s][info][gc,heap        ] GC(1267) Survivor regions: 12->32(32)
[546.689s][info][gc,heap        ] GC(1267) Old regions: 656->661
[546.689s][info][gc,heap        ] GC(1267) Humongous regions: 5->5
[546.689s][info][gc,metaspace   ] GC(1267) Metaspace: 19059K(19200K)->19059K(19200K) NonClass: 17229K(17344K)->17229K(17344K) Class: 1829K(1856K)->1829K(1856K)
[546.689s][info][gc             ] GC(1267) Pause Young (Concurrent Start) (G1 Humongous Allocation) 819M->697M(978M) 96.709ms
[546.689s][info][gc,cpu         ] GC(1267) User=0.19s Sys=0.00s Real=0.09s
[546.689s][info][gc             ] GC(1268) Concurrent Mark Cycle
[546.689s][info][gc,marking     ] GC(1268) Concurrent Scan Root Regions
[546.796s][info][gc,marking     ] GC(1268) Concurrent Scan Root Regions 106.565ms
[546.796s][info][gc,marking     ] GC(1268) Concurrent Mark
[546.796s][info][gc,marking     ] GC(1268) Concurrent Mark From Roots
[546.796s][info][gc,task        ] GC(1268) Using 1 workers of 1 for marking
[547.131s][info][gc,start       ] GC(1269) Pause Young (Normal) (G1 Evacuation Pause)
[547.132s][info][gc,task        ] GC(1269) Using 2 workers of 2 for evacuation
[547.229s][info][gc,phases      ] GC(1269)   Pre Evacuate Collection Set: 0.31ms
[547.229s][info][gc,phases      ] GC(1269)   Merge Heap Roots: 0.73ms
[547.229s][info][gc,phases      ] GC(1269)   Evacuate Collection Set: 95.81ms
[547.229s][info][gc,phases      ] GC(1269)   Post Evacuate Collection Set: 0.84ms
[547.230s][info][gc,phases      ] GC(1269)   Other: 0.09ms
[547.230s][info][gc,heap        ] GC(1269) Eden regions: 180->0(178)
[547.230s][info][gc,heap        ] GC(1269) Survivor regions: 32->15(27)
[547.230s][info][gc,heap        ] GC(1269) Old regions: 661->693
[547.230s][info][gc,heap        ] GC(1269) Humongous regions: 6->6
[547.230s][info][gc,metaspace   ] GC(1269) Metaspace: 19062K(19200K)->19062K(19200K) NonClass: 17232K(17344K)->17232K(17344K) Class: 1829K(1856K)->1829K(1856K)
[547.230s][info][gc             ] GC(1269) Pause Young (Normal) (G1 Evacuation Pause) 878M->712M(978M) 98.089ms
[547.230s][info][gc,cpu         ] GC(1269) User=0.19s Sys=0.00s Real=0.09s
[547.272s][info][gc,marking     ] GC(1268) Concurrent Mark From Roots 476.183ms
[547.272s][info][gc,marking     ] GC(1268) Concurrent Preclean
[547.272s][info][gc,marking     ] GC(1268) Concurrent Preclean 0.048ms
[547.273s][info][gc,start       ] GC(1268) Pause Remark
[547.291s][info][metaspace      ] ChkMgr @0x00007f59a415e580 (non-class-space): : reclaiming memory...
[547.291s][info][metaspace      ] ChkMgr @0x00007f59a415e580 (non-class-space): nothing reclaimed.
[547.291s][info][metaspace      ] ChkMgr @0x00007f59a415c690 (class-space): : reclaiming memory...
[547.291s][info][metaspace      ] ChkMgr @0x00007f59a415c690 (class-space): nothing reclaimed.
[547.292s][info][gc             ] GC(1268) Pause Remark 721M->239M(774M) 18.481ms
[547.292s][info][gc,cpu         ] GC(1268) User=0.03s Sys=0.00s Real=0.02s
[547.293s][info][gc,marking     ] GC(1268) Concurrent Mark 497.733ms
[547.293s][info][gc,marking     ] GC(1268) Concurrent Rebuild Remembered Sets and Scrub Regions
[547.615s][info][gc,marking     ] GC(1268) Concurrent Rebuild Remembered Sets and Scrub Regions 321.304ms
[547.615s][info][gc,start       ] GC(1268) Pause Cleanup
[547.615s][info][gc             ] GC(1268) Pause Cleanup 334M->334M(774M) 0.100ms
[547.615s][info][gc,cpu         ] GC(1268) User=0.00s Sys=0.00s Real=0.00s
[547.615s][info][gc,marking     ] GC(1268) Concurrent Clear Claimed Marks
[547.615s][info][gc,marking     ] GC(1268) Concurrent Clear Claimed Marks 0.034ms
[547.616s][info][gc,marking     ] GC(1268) Concurrent Cleanup for Next Mark
[547.622s][info][gc,marking     ] GC(1268) Concurrent Cleanup for Next Mark 6.902ms
[547.622s][info][gc             ] GC(1268) Concurrent Mark Cycle 933.594ms
[547.775s][info][gc,start       ] GC(1270) Pause Young (Prepare Mixed) (G1 Evacuation Pause)
[547.775s][info][gc,task        ] GC(1270) Using 2 workers of 2 for evacuation
[547.874s][info][gc,phases      ] GC(1270)   Pre Evacuate Collection Set: 0.35ms
[547.874s][info][gc,phases      ] GC(1270)   Merge Heap Roots: 1.05ms
[547.874s][info][gc,phases      ] GC(1270)   Evacuate Collection Set: 96.94ms
[547.874s][info][gc,phases      ] GC(1270)   Post Evacuate Collection Set: 0.54ms
[547.874s][info][gc,phases      ] GC(1270)   Other: 0.11ms
[547.874s][info][gc,heap        ] GC(1270) Eden regions: 178->0(353)
[547.874s][info][gc,heap        ] GC(1270) Survivor regions: 15->25(25)
[547.874s][info][gc,heap        ] GC(1270) Old regions: 216->239
[547.874s][info][gc,heap        ] GC(1270) Humongous regions: 4->4
[547.874s][info][gc,metaspace   ] GC(1270) Metaspace: 19061K(19200K)->19061K(19200K) NonClass: 17231K(17344K)->17231K(17344K) Class: 1829K(1856K)->1829K(1856K)
[547.874s][info][gc             ] GC(1270) Pause Young (Prepare Mixed) (G1 Evacuation Pause) 411M->267M(774M) 99.272ms
[547.874s][info][gc,cpu         ] GC(1270) User=0.20s Sys=0.00s Real=0.10s
[548.238s][info][gc,start       ] GC(1271) Pause Young (Mixed) (G1 Evacuation Pause)
[548.238s][info][gc,task        ] GC(1271) Using 2 workers of 2 for evacuation
[548.292s][info][gc,phases      ] GC(1271)   Pre Evacuate Collection Set: 0.30ms
[548.292s][info][gc,phases      ] GC(1271)   Merge Heap Roots: 0.22ms
[548.292s][info][gc,phases      ] GC(1271)   Evacuate Collection Set: 52.67ms
[548.292s][info][gc,phases      ] GC(1271)   Post Evacuate Collection Set: 0.67ms
[548.292s][info][gc,phases      ] GC(1271)   Other: 0.12ms
[548.292s][info][gc,heap        ] GC(1271) Eden regions: 353->0(367)
[548.292s][info][gc,heap        ] GC(1271) Survivor regions: 25->12(48)
[548.292s][info][gc,heap        ] GC(1271) Old regions: 239->260
[548.292s][info][gc,heap        ] GC(1271) Humongous regions: 4->4
[548.292s][info][gc,metaspace   ] GC(1271) Metaspace: 19061K(19200K)->19061K(19200K) NonClass: 17231K(17344K)->17231K(17344K) Class: 1829K(1856K)->1829K(1856K)
[548.292s][info][gc             ] GC(1271) Pause Young (Mixed) (G1 Evacuation Pause) 620M->274M(774M) 54.240ms
[548.292s][info][gc,cpu         ] GC(1271) User=0.11s Sys=0.00s Real=0.06s
[548.583s][info][gc,start       ] GC(1272) Pause Young (Concurrent Start) (G1 Humongous Allocation)
[548.583s][info][gc,task        ] GC(1272) Using 2 workers of 2 for evacuation
[548.687s][info][gc,phases      ] GC(1272)   Pre Evacuate Collection Set: 0.29ms
[548.687s][info][gc,phases      ] GC(1272)   Merge Heap Roots: 0.24ms
[548.687s][info][gc,phases      ] GC(1272)   Evacuate Collection Set: 102.02ms
[548.687s][info][gc,phases      ] GC(1272)   Post Evacuate Collection Set: 0.69ms
[548.687s][info][gc,phases      ] GC(1272)   Other: 0.16ms
[548.687s][info][gc,heap        ] GC(1272) Eden regions: 360->0(303)
[548.687s][info][gc,heap        ] GC(1272) Survivor regions: 12->48(48)
[548.687s][info][gc,heap        ] GC(1272) Old regions: 260->292
[548.687s][info][gc,heap        ] GC(1272) Humongous regions: 4->4
[548.687s][info][gc,metaspace   ] GC(1272) Metaspace: 19066K(19200K)->19066K(19200K) NonClass: 17236K(17344K)->17236K(17344K) Class: 1829K(1856K)->1829K(1856K)
[548.687s][info][gc             ] GC(1272) Pause Young (Concurrent Start) (G1 Humongous Allocation) 634M->342M(774M) 103.626ms
[548.687s][info][gc,cpu         ] GC(1272) User=0.20s Sys=0.00s Real=0.10s
[548.687s][info][gc             ] GC(1273) Concurrent Mark Cycle
[548.689s][info][gc,marking     ] GC(1273) Concurrent Scan Root Regions
[548.789s][info][gc,marking     ] GC(1273) Concurrent Scan Root Regions 99.823ms
[548.789s][info][gc,marking     ] GC(1273) Concurrent Mark
[548.789s][info][gc,marking     ] GC(1273) Concurrent Mark From Roots
[548.789s][info][gc,task        ] GC(1273) Using 1 workers of 1 for marking
[549.137s][info][gc,start       ] GC(1274) Pause Young (Normal) (G1 Evacuation Pause)
[549.137s][info][gc,task        ] GC(1274) Using 2 workers of 2 for evacuation
[549.207s][info][gc,phases      ] GC(1274)   Pre Evacuate Collection Set: 0.46ms
[549.207s][info][gc,phases      ] GC(1274)   Merge Heap Roots: 0.22ms
[549.207s][info][gc,phases      ] GC(1274)   Evacuate Collection Set: 68.99ms
[549.207s][info][gc,phases      ] GC(1274)   Post Evacuate Collection Set: 0.61ms
[549.207s][info][gc,phases      ] GC(1274)   Other: 0.12ms
[549.207s][info][gc,heap        ] GC(1274) Eden regions: 303->0(304)
[549.207s][info][gc,heap        ] GC(1274) Survivor regions: 48->15(44)
[549.207s][info][gc,heap        ] GC(1274) Old regions: 292->340
[549.207s][info][gc,heap        ] GC(1274) Humongous regions: 5->5
[549.207s][info][gc,metaspace   ] GC(1274) Metaspace: 19066K(19200K)->19066K(19200K) NonClass: 17236K(17344K)->17236K(17344K) Class: 1829K(1856K)->1829K(1856K)
[549.207s][info][gc             ] GC(1274) Pause Young (Normal) (G1 Evacuation Pause) 646M->359M(774M) 70.705ms
[549.207s][info][gc,cpu         ] GC(1274) User=0.14s Sys=0.00s Real=0.07s
[549.654s][info][gc,marking     ] GC(1273) Concurrent Mark From Roots 864.803ms
[549.654s][info][gc,marking     ] GC(1273) Concurrent Preclean
[549.654s][info][gc,marking     ] GC(1273) Concurrent Preclean 0.047ms
[549.654s][info][gc,start       ] GC(1273) Pause Remark
[549.664s][info][gc             ] GC(1273) Pause Remark 533M->523M(774M) 9.273ms
[549.664s][info][gc,cpu         ] GC(1273) User=0.02s Sys=0.00s Real=0.01s
[549.664s][info][gc,marking     ] GC(1273) Concurrent Mark 875.132ms
[549.664s][info][gc,marking     ] GC(1273) Concurrent Rebuild Remembered Sets and Scrub Regions
[549.924s][info][gc,marking     ] GC(1273) Concurrent Rebuild Remembered Sets and Scrub Regions 259.892ms
[549.925s][info][gc,start       ] GC(1273) Pause Cleanup
[549.925s][info][gc             ] GC(1273) Pause Cleanup 557M->557M(774M) 0.130ms
[549.925s][info][gc,cpu         ] GC(1273) User=0.00s Sys=0.00s Real=0.00s
[549.925s][info][gc,marking     ] GC(1273) Concurrent Clear Claimed Marks
[549.925s][info][gc,marking     ] GC(1273) Concurrent Clear Claimed Marks 0.043ms
[549.925s][info][gc,marking     ] GC(1273) Concurrent Cleanup for Next Mark
[549.927s][info][gc,marking     ] GC(1273) Concurrent Cleanup for Next Mark 2.414ms
[549.927s][info][gc             ] GC(1273) Concurrent Mark Cycle 1240.465ms
[550.159s][info][gc,start       ] GC(1275) Pause Young (Prepare Mixed) (G1 Evacuation Pause)
[550.159s][info][gc,task        ] GC(1275) Using 2 workers of 2 for evacuation
[550.187s][info][gc,phases      ] GC(1275)   Pre Evacuate Collection Set: 0.31ms
[550.187s][info][gc,phases      ] GC(1275)   Merge Heap Roots: 0.28ms
[550.187s][info][gc,phases      ] GC(1275)   Evacuate Collection Set: 26.01ms
[550.187s][info][gc,phases      ] GC(1275)   Post Evacuate Collection Set: 0.67ms
[550.187s][info][gc,phases      ] GC(1275)   Other: 0.12ms
[550.187s][info][gc,heap        ] GC(1275) Eden regions: 304->0(324)
[550.187s][info][gc,heap        ] GC(1275) Survivor regions: 15->18(40)
[550.187s][info][gc,heap        ] GC(1275) Old regions: 331->331
[550.187s][info][gc,heap        ] GC(1275) Humongous regions: 4->4
[550.187s][info][gc,metaspace   ] GC(1275) Metaspace: 19066K(19200K)->19066K(19200K) NonClass: 17237K(17344K)->17237K(17344K) Class: 1829K(1856K)->1829K(1856K)
[550.187s][info][gc             ] GC(1275) Pause Young (Prepare Mixed) (G1 Evacuation Pause) 653M->352M(774M) 27.679ms
[550.187s][info][gc,cpu         ] GC(1275) User=0.06s Sys=0.00s Real=0.03s
[550.727s][info][gc,start       ] GC(1276) Pause Young (Mixed) (G1 Evacuation Pause)
[550.727s][info][gc,task        ] GC(1276) Using 2 workers of 2 for evacuation
[550.856s][info][gc,phases      ] GC(1276)   Pre Evacuate Collection Set: 0.27ms
[550.856s][info][gc,phases      ] GC(1276)   Merge Heap Roots: 0.25ms
[550.856s][info][gc,phases      ] GC(1276)   Evacuate Collection Set: 126.44ms
[550.856s][info][gc,phases      ] GC(1276)   Post Evacuate Collection Set: 1.21ms
[550.856s][info][gc,phases      ] GC(1276)   Other: 0.12ms
[550.856s][info][gc,heap        ] GC(1276) Eden regions: 324->0(264)
[550.856s][info][gc,heap        ] GC(1276) Survivor regions: 18->43(43)
[550.856s][info][gc,heap        ] GC(1276) Old regions: 331->378
[550.856s][info][gc,heap        ] GC(1276) Humongous regions: 5->5
[550.856s][info][gc,metaspace   ] GC(1276) Metaspace: 19069K(19200K)->19069K(19200K) NonClass: 17239K(17344K)->17239K(17344K) Class: 1829K(1856K)->1829K(1856K)
[550.856s][info][gc             ] GC(1276) Pause Young (Mixed) (G1 Evacuation Pause) 677M->425M(824M) 128.562ms
[550.856s][info][gc,cpu         ] GC(1276) User=0.26s Sys=0.00s Real=0.13s
[551.240s][info][gc,start       ] GC(1277) Pause Young (Concurrent Start) (G1 Evacuation Pause)
[551.240s][info][gc,task        ] GC(1277) Using 2 workers of 2 for evacuation
[551.307s][info][gc,phases      ] GC(1277)   Pre Evacuate Collection Set: 0.44ms
[551.307s][info][gc,phases      ] GC(1277)   Merge Heap Roots: 0.42ms
[551.307s][info][gc,phases      ] GC(1277)   Evacuate Collection Set: 64.59ms
[551.307s][info][gc,phases      ] GC(1277)   Post Evacuate Collection Set: 0.63ms
[551.307s][info][gc,phases      ] GC(1277)   Other: 0.25ms
[551.307s][info][gc,heap        ] GC(1277) Eden regions: 264->0(281)
[551.307s][info][gc,heap        ] GC(1277) Survivor regions: 43->6(39)
[551.307s][info][gc,heap        ] GC(1277) Old regions: 378->422
[551.307s][info][gc,heap        ] GC(1277) Humongous regions: 5->5
[551.307s][info][gc,metaspace   ] GC(1277) Metaspace: 19071K(19200K)->19071K(19200K) NonClass: 17241K(17344K)->17241K(17344K) Class: 1829K(1856K)->1829K(1856K)
[551.307s][info][gc             ] GC(1277) Pause Young (Concurrent Start) (G1 Evacuation Pause) 689M->431M(824M) 66.583ms
[551.307s][info][gc,cpu         ] GC(1277) User=0.13s Sys=0.01s Real=0.07s
[551.307s][info][gc             ] GC(1278) Concurrent Mark Cycle
[551.307s][info][gc,marking     ] GC(1278) Concurrent Scan Root Regions
[551.388s][info][gc,marking     ] GC(1278) Concurrent Scan Root Regions 80.612ms
[551.388s][info][gc,marking     ] GC(1278) Concurrent Mark
[551.388s][info][gc,marking     ] GC(1278) Concurrent Mark From Roots
[551.388s][info][gc,task        ] GC(1278) Using 1 workers of 1 for marking
[551.993s][info][gc,start       ] GC(1279) Pause Young (Normal) (G1 Evacuation Pause)
[551.993s][info][gc,task        ] GC(1279) Using 2 workers of 2 for evacuation
[552.113s][info][gc,phases      ] GC(1279)   Pre Evacuate Collection Set: 0.28ms
[552.113s][info][gc,phases      ] GC(1279)   Merge Heap Roots: 0.30ms
[552.114s][info][gc,phases      ] GC(1279)   Evacuate Collection Set: 119.52ms
[552.114s][info][gc,phases      ] GC(1279)   Post Evacuate Collection Set: 0.57ms
[552.114s][info][gc,phases      ] GC(1279)   Other: 0.11ms
[552.114s][info][gc,heap        ] GC(1279) Eden regions: 281->0(163)
[552.114s][info][gc,heap        ] GC(1279) Survivor regions: 6->36(36)
[552.114s][info][gc,heap        ] GC(1279) Old regions: 422->487
[552.114s][info][gc,heap        ] GC(1279) Humongous regions: 5->5
[552.114s][info][gc,metaspace   ] GC(1279) Metaspace: 19071K(19200K)->19071K(19200K) NonClass: 17241K(17344K)->17241K(17344K) Class: 1829K(1856K)->1829K(1856K)
[552.114s][info][gc             ] GC(1279) Pause Young (Normal) (G1 Evacuation Pause) 712M->527M(824M) 121.052ms
[552.114s][info][gc,cpu         ] GC(1279) User=0.24s Sys=0.00s Real=0.12s
[552.593s][info][gc,marking     ] GC(1278) Concurrent Mark From Roots 1205.314ms
[552.593s][info][gc,marking     ] GC(1278) Concurrent Preclean
[552.593s][info][gc,marking     ] GC(1278) Concurrent Preclean 0.059ms
[552.594s][info][gc,start       ] GC(1278) Pause Remark
[552.603s][info][gc             ] GC(1278) Pause Remark 649M->620M(832M) 9.561ms
[552.603s][info][gc,cpu         ] GC(1278) User=0.02s Sys=0.00s Real=0.01s
[552.604s][info][gc,marking     ] GC(1278) Concurrent Mark 1216.822ms
[552.604s][info][gc,marking     ] GC(1278) Concurrent Rebuild Remembered Sets and Scrub Regions
[552.640s][info][gc,start       ] GC(1280) Pause Young (Normal) (G1 Evacuation Pause)
[552.640s][info][gc,task        ] GC(1280) Using 2 workers of 2 for evacuation
[552.735s][info][gc,phases      ] GC(1280)   Pre Evacuate Collection Set: 0.50ms
[552.736s][info][gc,phases      ] GC(1280)   Merge Heap Roots: 0.20ms
[552.736s][info][gc,phases      ] GC(1280)   Evacuate Collection Set: 93.76ms
[552.736s][info][gc,phases      ] GC(1280)   Post Evacuate Collection Set: 0.62ms
[552.736s][info][gc,phases      ] GC(1280)   Other: 0.09ms
[552.736s][info][gc,heap        ] GC(1280) Eden regions: 163->0(154)
[552.736s][info][gc,heap        ] GC(1280) Survivor regions: 36->25(25)
[552.736s][info][gc,heap        ] GC(1280) Old regions: 459->516
[552.736s][info][gc,heap        ] GC(1280) Humongous regions: 4->4
[552.736s][info][gc,metaspace   ] GC(1280) Metaspace: 19072K(19200K)->19072K(19200K) NonClass: 17242K(17344K)->17242K(17344K) Class: 1829K(1856K)->1829K(1856K)
[552.736s][info][gc             ] GC(1280) Pause Young (Normal) (G1 Evacuation Pause) 661M->544M(832M) 95.421ms
[552.736s][info][gc,cpu         ] GC(1280) User=0.19s Sys=0.00s Real=0.10s
[552.987s][info][gc,start       ] GC(1281) Pause Young (Normal) (G1 Evacuation Pause)
[552.987s][info][gc,task        ] GC(1281) Using 2 workers of 2 for evacuation
[553.073s][info][gc,phases      ] GC(1281)   Pre Evacuate Collection Set: 0.29ms
[553.073s][info][gc,phases      ] GC(1281)   Merge Heap Roots: 0.34ms
[553.073s][info][gc,phases      ] GC(1281)   Evacuate Collection Set: 85.24ms
[553.073s][info][gc,phases      ] GC(1281)   Post Evacuate Collection Set: 0.52ms
[553.073s][info][gc,phases      ] GC(1281)   Other: 0.10ms
[553.073s][info][gc,heap        ] GC(1281) Eden regions: 154->0(134)
[553.073s][info][gc,heap        ] GC(1281) Survivor regions: 25->23(23)
[553.073s][info][gc,heap        ] GC(1281) Old regions: 516->560
[553.073s][info][gc,heap        ] GC(1281) Humongous regions: 5->5
[553.073s][info][gc,metaspace   ] GC(1281) Metaspace: 19074K(19200K)->19074K(19200K) NonClass: 17244K(17344K)->17244K(17344K) Class: 1829K(1856K)->1829K(1856K)
[553.073s][info][gc             ] GC(1281) Pause Young (Normal) (G1 Evacuation Pause) 699M->587M(832M) 86.749ms
[553.073s][info][gc,cpu         ] GC(1281) User=0.17s Sys=0.00s Real=0.09s
[553.236s][info][gc,start       ] GC(1282) Pause Young (Normal) (G1 Evacuation Pause)
[553.236s][info][gc,task        ] GC(1282) Using 2 workers of 2 for evacuation
[553.280s][info][gc,phases      ] GC(1282)   Pre Evacuate Collection Set: 0.44ms
[553.280s][info][gc,phases      ] GC(1282)   Merge Heap Roots: 0.39ms
[553.280s][info][gc,phases      ] GC(1282)   Evacuate Collection Set: 41.35ms
[553.280s][info][gc,phases      ] GC(1282)   Post Evacuate Collection Set: 0.94ms
[553.280s][info][gc,phases      ] GC(1282)   Other: 0.14ms
[553.280s][info][gc,heap        ] GC(1282) Eden regions: 134->0(166)
[553.280s][info][gc,heap        ] GC(1282) Survivor regions: 23->11(20)
[553.280s][info][gc,heap        ] GC(1282) Old regions: 560->583
[553.280s][info][gc,heap        ] GC(1282) Humongous regions: 5->5
[553.280s][info][gc,metaspace   ] GC(1282) Metaspace: 19077K(19200K)->19077K(19200K) NonClass: 17247K(17344K)->17247K(17344K) Class: 1829K(1856K)->1829K(1856K)
[553.280s][info][gc             ] GC(1282) Pause Young (Normal) (G1 Evacuation Pause) 721M->598M(888M) 43.515ms
[553.280s][info][gc,cpu         ] GC(1282) User=0.08s Sys=0.00s Real=0.04s
[553.351s][info][gc,marking     ] GC(1278) Concurrent Rebuild Remembered Sets and Scrub Regions 746.648ms
[553.351s][info][gc,start       ] GC(1278) Pause Cleanup
[553.351s][info][gc             ] GC(1278) Pause Cleanup 643M->643M(888M) 0.154ms
[553.352s][info][gc,cpu         ] GC(1278) User=0.01s Sys=0.00s Real=0.00s
[553.352s][info][gc,marking     ] GC(1278) Concurrent Clear Claimed Marks
[553.352s][info][gc,marking     ] GC(1278) Concurrent Clear Claimed Marks 0.035ms
[553.352s][info][gc,marking     ] GC(1278) Concurrent Cleanup for Next Mark
[553.356s][info][gc,marking     ] GC(1278) Concurrent Cleanup for Next Mark 4.157ms
[553.356s][info][gc             ] GC(1278) Concurrent Mark Cycle 2048.863ms
[553.466s][info][gc,start       ] GC(1283) Pause Young (Prepare Mixed) (G1 Evacuation Pause)
[553.466s][info][gc,task        ] GC(1283) Using 2 workers of 2 for evacuation
[553.492s][info][gc,phases      ] GC(1283)   Pre Evacuate Collection Set: 0.33ms
[553.492s][info][gc,phases      ] GC(1283)   Merge Heap Roots: 0.09ms
[553.492s][info][gc,phases      ] GC(1283)   Evacuate Collection Set: 24.63ms
[553.492s][info][gc,phases      ] GC(1283)   Post Evacuate Collection Set: 0.52ms
[553.492s][info][gc,phases      ] GC(1283)   Other: 0.11ms
[553.492s][info][gc,heap        ] GC(1283) Eden regions: 166->0(171)
[553.492s][info][gc,heap        ] GC(1283) Survivor regions: 11->23(23)
[553.492s][info][gc,heap        ] GC(1283) Old regions: 583->584
[553.492s][info][gc,heap        ] GC(1283) Humongous regions: 5->5
[553.492s][info][gc,metaspace   ] GC(1283) Metaspace: 19079K(19200K)->19079K(19200K) NonClass: 17249K(17344K)->17249K(17344K) Class: 1829K(1856K)->1829K(1856K)
[553.492s][info][gc             ] GC(1283) Pause Young (Prepare Mixed) (G1 Evacuation Pause) 764M->611M(888M) 25.930ms
[553.492s][info][gc,cpu         ] GC(1283) User=0.05s Sys=0.00s Real=0.03s
[553.586s][info][gc,start       ] GC(1284) Pause Young (Mixed) (G1 Evacuation Pause)
[553.586s][info][gc,task        ] GC(1284) Using 2 workers of 2 for evacuation
[553.664s][info][gc,phases      ] GC(1284)   Pre Evacuate Collection Set: 0.36ms
[553.664s][info][gc,phases      ] GC(1284)   Merge Heap Roots: 0.21ms
[553.664s][info][gc,phases      ] GC(1284)   Evacuate Collection Set: 75.97ms
[553.664s][info][gc,phases      ] GC(1284)   Post Evacuate Collection Set: 0.88ms
[553.664s][info][gc,phases      ] GC(1284)   Other: 0.12ms
[553.664s][info][gc,heap        ] GC(1284) Eden regions: 171->0(158)
[553.664s][info][gc,heap        ] GC(1284) Survivor regions: 23->25(25)
[553.664s][info][gc,heap        ] GC(1284) Old regions: 584->593
[553.664s][info][gc,heap        ] GC(1284) Humongous regions: 5->5
[553.664s][info][gc,metaspace   ] GC(1284) Metaspace: 19079K(19200K)->19079K(19200K) NonClass: 17249K(17344K)->17249K(17344K) Class: 1829K(1856K)->1829K(1856K)
[553.664s][info][gc             ] GC(1284) Pause Young (Mixed) (G1 Evacuation Pause) 782M->622M(888M) 77.832ms
[553.664s][info][gc,cpu         ] GC(1284) User=0.16s Sys=0.00s Real=0.08s
[553.904s][info][gc,start       ] GC(1285) Pause Young (Concurrent Start) (G1 Evacuation Pause)
[553.904s][info][gc,task        ] GC(1285) Using 2 workers of 2 for evacuation
[553.958s][info][gc,phases      ] GC(1285)   Pre Evacuate Collection Set: 0.31ms
[553.958s][info][gc,phases      ] GC(1285)   Merge Heap Roots: 0.45ms
[553.959s][info][gc,phases      ] GC(1285)   Evacuate Collection Set: 52.65ms
[553.959s][info][gc,phases      ] GC(1285)   Post Evacuate Collection Set: 0.53ms
[553.959s][info][gc,phases      ] GC(1285)   Other: 0.16ms
[553.959s][info][gc,heap        ] GC(1285) Eden regions: 158->0(156)
[553.959s][info][gc,heap        ] GC(1285) Survivor regions: 25->16(23)
[553.959s][info][gc,heap        ] GC(1285) Old regions: 593->619
[553.959s][info][gc,heap        ] GC(1285) Humongous regions: 5->5
[553.959s][info][gc,metaspace   ] GC(1285) Metaspace: 19080K(19200K)->19080K(19200K) NonClass: 17250K(17344K)->17250K(17344K) Class: 1829K(1856K)->1829K(1856K)
[553.959s][info][gc             ] GC(1285) Pause Young (Concurrent Start) (G1 Evacuation Pause) 780M->638M(888M) 54.373ms
[553.959s][info][gc,cpu         ] GC(1285) User=0.10s Sys=0.00s Real=0.05s
[553.959s][info][gc             ] GC(1286) Concurrent Mark Cycle
[553.959s][info][gc,marking     ] GC(1286) Concurrent Scan Root Regions
[554.011s][info][gc,marking     ] GC(1286) Concurrent Scan Root Regions 52.150ms
[554.011s][info][gc,marking     ] GC(1286) Concurrent Mark
[554.011s][info][gc,marking     ] GC(1286) Concurrent Mark From Roots
[554.011s][info][gc,task        ] GC(1286) Using 1 workers of 1 for marking
[554.322s][info][gc,marking     ] GC(1286) Concurrent Mark From Roots 311.544ms
[554.323s][info][gc,marking     ] GC(1286) Concurrent Preclean
[554.323s][info][gc,marking     ] GC(1286) Concurrent Preclean 0.048ms
[554.323s][info][gc,start       ] GC(1286) Pause Remark
[554.332s][info][gc             ] GC(1286) Pause Remark 762M->365M(820M) 9.674ms
[554.332s][info][gc,cpu         ] GC(1286) User=0.02s Sys=0.00s Real=0.01s
[554.334s][info][gc,marking     ] GC(1286) Concurrent Mark 322.678ms
[554.334s][info][gc,marking     ] GC(1286) Concurrent Rebuild Remembered Sets and Scrub Regions
[554.396s][info][gc,start       ] GC(1287) Pause Young (Normal) (G1 Evacuation Pause)
[554.396s][info][gc,task        ] GC(1287) Using 2 workers of 2 for evacuation
[554.467s][info][gc,phases      ] GC(1287)   Pre Evacuate Collection Set: 0.31ms
[554.467s][info][gc,phases      ] GC(1287)   Merge Heap Roots: 0.38ms
[554.467s][info][gc,phases      ] GC(1287)   Evacuate Collection Set: 69.15ms
[554.467s][info][gc,phases      ] GC(1287)   Post Evacuate Collection Set: 0.57ms
[554.467s][info][gc,phases      ] GC(1287)   Other: 0.09ms
[554.467s][info][gc,heap        ] GC(1287) Eden regions: 156->0(368)
[554.467s][info][gc,heap        ] GC(1287) Survivor regions: 16->22(22)
[554.467s][info][gc,heap        ] GC(1287) Old regions: 226->248
[554.467s][info][gc,heap        ] GC(1287) Humongous regions: 4->4
[554.467s][info][gc,metaspace   ] GC(1287) Metaspace: 19081K(19200K)->19081K(19200K) NonClass: 17251K(17344K)->17251K(17344K) Class: 1829K(1856K)->1829K(1856K)
[554.467s][info][gc             ] GC(1287) Pause Young (Normal) (G1 Evacuation Pause) 400M->273M(820M) 70.780ms
[554.467s][info][gc,cpu         ] GC(1287) User=0.14s Sys=0.00s Real=0.07s
[554.521s][info][gc,marking     ] GC(1286) Concurrent Rebuild Remembered Sets and Scrub Regions 186.957ms
[554.521s][info][gc,start       ] GC(1286) Pause Cleanup
[554.521s][info][gc             ] GC(1286) Pause Cleanup 291M->291M(820M) 0.123ms
[554.521s][info][gc,cpu         ] GC(1286) User=0.00s Sys=0.00s Real=0.00s
[554.521s][info][gc,marking     ] GC(1286) Concurrent Clear Claimed Marks
[554.521s][info][gc,marking     ] GC(1286) Concurrent Clear Claimed Marks 0.034ms
[554.521s][info][gc,marking     ] GC(1286) Concurrent Cleanup for Next Mark
[554.524s][info][gc,marking     ] GC(1286) Concurrent Cleanup for Next Mark 2.538ms
[554.524s][info][gc             ] GC(1286) Concurrent Mark Cycle 564.863ms
[554.803s][info][gc,start       ] GC(1288) Pause Young (Prepare Mixed) (G1 Evacuation Pause)
[554.803s][info][gc,task        ] GC(1288) Using 2 workers of 2 for evacuation
[554.959s][info][gc,phases      ] GC(1288)   Pre Evacuate Collection Set: 0.50ms
[554.959s][info][gc,phases      ] GC(1288)   Merge Heap Roots: 0.47ms
[554.959s][info][gc,phases      ] GC(1288)   Evacuate Collection Set: 153.89ms
[554.959s][info][gc,phases      ] GC(1288)   Post Evacuate Collection Set: 0.95ms
[554.959s][info][gc,phases      ] GC(1288)   Other: 0.10ms
[554.959s][info][gc,heap        ] GC(1288) Eden regions: 368->0(260)
[554.959s][info][gc,heap        ] GC(1288) Survivor regions: 22->49(49)
[554.959s][info][gc,heap        ] GC(1288) Old regions: 248->328
[554.959s][info][gc,heap        ] GC(1288) Humongous regions: 4->4
[554.959s][info][gc,metaspace   ] GC(1288) Metaspace: 19081K(19200K)->19081K(19200K) NonClass: 17251K(17344K)->17251K(17344K) Class: 1829K(1856K)->1829K(1856K)
[554.959s][info][gc             ] GC(1288) Pause Young (Prepare Mixed) (G1 Evacuation Pause) 641M->380M(820M) 156.178ms
[554.959s][info][gc,cpu         ] GC(1288) User=0.31s Sys=0.00s Real=0.15s
[555.183s][info][gc,start       ] GC(1289) Pause Young (Mixed) (G1 Evacuation Pause)
[555.183s][info][gc,task        ] GC(1289) Using 2 workers of 2 for evacuation
[555.304s][info][gc,phases      ] GC(1289)   Pre Evacuate Collection Set: 0.52ms
[555.304s][info][gc,phases      ] GC(1289)   Merge Heap Roots: 1.01ms
[555.304s][info][gc,phases      ] GC(1289)   Evacuate Collection Set: 118.45ms
[555.304s][info][gc,phases      ] GC(1289)   Post Evacuate Collection Set: 0.64ms
[555.304s][info][gc,phases      ] GC(1289)   Other: 0.12ms
[555.304s][info][gc,heap        ] GC(1289) Eden regions: 260->0(272)
[555.304s][info][gc,heap        ] GC(1289) Survivor regions: 49->39(39)
[555.304s][info][gc,heap        ] GC(1289) Old regions: 328->329
[555.304s][info][gc,heap        ] GC(1289) Humongous regions: 4->4
[555.304s][info][gc,metaspace   ] GC(1289) Metaspace: 19081K(19200K)->19081K(19200K) NonClass: 17251K(17344K)->17251K(17344K) Class: 1829K(1856K)->1829K(1856K)
[555.304s][info][gc             ] GC(1289) Pause Young (Mixed) (G1 Evacuation Pause) 640M->371M(820M) 121.046ms
[555.304s][info][gc,cpu         ] GC(1289) User=0.24s Sys=0.00s Real=0.12s
[555.495s][info][gc,start       ] GC(1290) Pause Young (Concurrent Start) (G1 Humongous Allocation)
[555.495s][info][gc,task        ] GC(1290) Using 2 workers of 2 for evacuation
[555.563s][info][gc,phases      ] GC(1290)   Pre Evacuate Collection Set: 0.33ms
[555.563s][info][gc,phases      ] GC(1290)   Merge Heap Roots: 0.26ms
[555.563s][info][gc,phases      ] GC(1290)   Evacuate Collection Set: 65.12ms
[555.563s][info][gc,phases      ] GC(1290)   Post Evacuate Collection Set: 1.31ms
[555.563s][info][gc,phases      ] GC(1290)   Other: 0.11ms
[555.563s][info][gc,heap        ] GC(1290) Eden regions: 222->0(327)
[555.563s][info][gc,heap        ] GC(1290) Survivor regions: 39->16(39)
[555.563s][info][gc,heap        ] GC(1290) Old regions: 329->369
[555.563s][info][gc,heap        ] GC(1290) Humongous regions: 4->4
[555.563s][info][gc,metaspace   ] GC(1290) Metaspace: 19081K(19200K)->19081K(19200K) NonClass: 17251K(17344K)->17251K(17344K) Class: 1829K(1856K)->1829K(1856K)
[555.563s][info][gc             ] GC(1290) Pause Young (Concurrent Start) (G1 Humongous Allocation) 593M->387M(881M) 67.421ms
[555.563s][info][gc,cpu         ] GC(1290) User=0.13s Sys=0.00s Real=0.07s
[555.563s][info][gc             ] GC(1291) Concurrent Mark Cycle
[555.563s][info][gc,marking     ] GC(1291) Concurrent Scan Root Regions
[555.652s][info][gc,marking     ] GC(1291) Concurrent Scan Root Regions 89.466ms
[555.652s][info][gc,marking     ] GC(1291) Concurrent Mark
[555.652s][info][gc,marking     ] GC(1291) Concurrent Mark From Roots
[555.652s][info][gc,task        ] GC(1291) Using 1 workers of 1 for marking
[556.271s][info][gc,marking     ] GC(1291) Concurrent Mark From Roots 618.492ms
[556.271s][info][gc,marking     ] GC(1291) Concurrent Preclean
[556.271s][info][gc,marking     ] GC(1291) Concurrent Preclean 0.043ms
[556.271s][info][gc,start       ] GC(1291) Pause Remark
[556.281s][info][gc             ] GC(1291) Pause Remark 665M->571M(881M) 9.402ms
[556.281s][info][gc,cpu         ] GC(1291) User=0.02s Sys=0.00s Real=0.01s
[556.281s][info][gc,marking     ] GC(1291) Concurrent Mark 628.301ms
[556.281s][info][gc,marking     ] GC(1291) Concurrent Rebuild Remembered Sets and Scrub Regions
[556.454s][info][gc,start       ] GC(1292) Pause Young (Normal) (G1 Evacuation Pause)
[556.454s][info][gc,task        ] GC(1292) Using 2 workers of 2 for evacuation
[556.570s][info][gc,phases      ] GC(1292)   Pre Evacuate Collection Set: 0.31ms
[556.570s][info][gc,phases      ] GC(1292)   Merge Heap Roots: 0.77ms
[556.570s][info][gc,phases      ] GC(1292)   Evacuate Collection Set: 113.51ms
[556.570s][info][gc,phases      ] GC(1292)   Post Evacuate Collection Set: 0.82ms
[556.570s][info][gc,phases      ] GC(1292)   Other: 0.13ms
[556.570s][info][gc,heap        ] GC(1292) Eden regions: 327->0(344)
[556.570s][info][gc,heap        ] GC(1292) Survivor regions: 16->43(43)
[556.570s][info][gc,heap        ] GC(1292) Old regions: 277->309
[556.570s][info][gc,heap        ] GC(1292) Humongous regions: 5->5
[556.570s][info][gc,metaspace   ] GC(1292) Metaspace: 19081K(19200K)->19081K(19200K) NonClass: 17251K(17344K)->17251K(17344K) Class: 1829K(1856K)->1829K(1856K)
[556.570s][info][gc             ] GC(1292) Pause Young (Normal) (G1 Evacuation Pause) 623M->356M(881M) 115.841ms
[556.570s][info][gc,cpu         ] GC(1292) User=0.23s Sys=0.00s Real=0.11s
[556.643s][info][gc,marking     ] GC(1291) Concurrent Rebuild Remembered Sets and Scrub Regions 362.238ms
[556.643s][info][gc,start       ] GC(1291) Pause Cleanup
[556.643s][info][gc             ] GC(1291) Pause Cleanup 439M->439M(881M) 0.103ms
[556.643s][info][gc,cpu         ] GC(1291) User=0.00s Sys=0.00s Real=0.00s
[556.643s][info][gc,marking     ] GC(1291) Concurrent Clear Claimed Marks
[556.643s][info][gc,marking     ] GC(1291) Concurrent Clear Claimed Marks 0.036ms
[556.643s][info][gc,marking     ] GC(1291) Concurrent Cleanup for Next Mark
[556.647s][info][gc,marking     ] GC(1291) Concurrent Cleanup for Next Mark 3.506ms
[556.647s][info][gc             ] GC(1291) Concurrent Mark Cycle 1084.218ms
[556.968s][info][gc,start       ] GC(1293) Pause Young (Prepare Mixed) (G1 Evacuation Pause)
[556.968s][info][gc,task        ] GC(1293) Using 2 workers of 2 for evacuation
[557.048s][info][gc,phases      ] GC(1293)   Pre Evacuate Collection Set: 0.33ms
[557.048s][info][gc,phases      ] GC(1293)   Merge Heap Roots: 0.50ms
[557.048s][info][gc,phases      ] GC(1293)   Evacuate Collection Set: 78.56ms
[557.048s][info][gc,phases      ] GC(1293)   Post Evacuate Collection Set: 0.70ms
[557.049s][info][gc,phases      ] GC(1293)   Other: 0.13ms
[557.049s][info][gc,heap        ] GC(1293) Eden regions: 344->0(369)
[557.049s][info][gc,heap        ] GC(1293) Survivor regions: 43->5(49)
[557.049s][info][gc,heap        ] GC(1293) Old regions: 309->353
[557.049s][info][gc,heap        ] GC(1293) Humongous regions: 5->5
[557.049s][info][gc,metaspace   ] GC(1293) Metaspace: 19081K(19200K)->19081K(19200K) NonClass: 17251K(17344K)->17251K(17344K) Class: 1829K(1856K)->1829K(1856K)
[557.049s][info][gc             ] GC(1293) Pause Young (Prepare Mixed) (G1 Evacuation Pause) 700M->361M(881M) 80.604ms
[557.049s][info][gc,cpu         ] GC(1293) User=0.16s Sys=0.00s Real=0.08s
[557.917s][info][gc,start       ] GC(1294) Pause Young (Mixed) (G1 Evacuation Pause)
[557.917s][info][gc,task        ] GC(1294) Using 2 workers of 2 for evacuation
[557.960s][info][gc,phases      ] GC(1294)   Pre Evacuate Collection Set: 0.55ms
[557.960s][info][gc,phases      ] GC(1294)   Merge Heap Roots: 0.32ms
[557.960s][info][gc,phases      ] GC(1294)   Evacuate Collection Set: 40.94ms
[557.960s][info][gc,phases      ] GC(1294)   Post Evacuate Collection Set: 0.70ms
[557.960s][info][gc,phases      ] GC(1294)   Other: 0.10ms
[557.960s][info][gc,heap        ] GC(1294) Eden regions: 369->0(370)
[557.960s][info][gc,heap        ] GC(1294) Survivor regions: 5->28(47)
[557.960s][info][gc,heap        ] GC(1294) Old regions: 353->344
[557.960s][info][gc,heap        ] GC(1294) Humongous regions: 5->5
[557.960s][info][gc,metaspace   ] GC(1294) Metaspace: 19081K(19200K)->19081K(19200K) NonClass: 17251K(17344K)->17251K(17344K) Class: 1829K(1856K)->1829K(1856K)
[557.960s][info][gc             ] GC(1294) Pause Young (Mixed) (G1 Evacuation Pause) 730M->375M(881M) 42.853ms
[557.960s][info][gc,cpu         ] GC(1294) User=0.08s Sys=0.00s Real=0.04s
[558.661s][info][gc,start       ] GC(1295) Pause Young (Concurrent Start) (G1 Evacuation Pause)
[558.661s][info][gc,task        ] GC(1295) Using 2 workers of 2 for evacuation
[558.765s][info][gc,phases      ] GC(1295)   Pre Evacuate Collection Set: 0.32ms
[558.765s][info][gc,phases      ] GC(1295)   Merge Heap Roots: 0.52ms
[558.765s][info][gc,phases      ] GC(1295)   Evacuate Collection Set: 101.58ms
[558.765s][info][gc,phases      ] GC(1295)   Post Evacuate Collection Set: 0.95ms
[558.765s][info][gc,phases      ] GC(1295)   Other: 0.13ms
[558.765s][info][gc,heap        ] GC(1295) Eden regions: 370->0(313)
[558.765s][info][gc,heap        ] GC(1295) Survivor regions: 28->50(50)
[558.765s][info][gc,heap        ] GC(1295) Old regions: 344->377
[558.765s][info][gc,heap        ] GC(1295) Humongous regions: 5->5
[558.765s][info][gc,metaspace   ] GC(1295) Metaspace: 19081K(19200K)->19081K(19200K) NonClass: 17251K(17344K)->17251K(17344K) Class: 1829K(1856K)->1829K(1856K)
[558.765s][info][gc             ] GC(1295) Pause Young (Concurrent Start) (G1 Evacuation Pause) 745M->430M(881M) 103.771ms
[558.765s][info][gc,cpu         ] GC(1295) User=0.20s Sys=0.00s Real=0.10s
[558.765s][info][gc             ] GC(1296) Concurrent Mark Cycle
[558.765s][info][gc,marking     ] GC(1296) Concurrent Scan Root Regions
[558.889s][info][gc,marking     ] GC(1296) Concurrent Scan Root Regions 124.547ms
[558.890s][info][gc,marking     ] GC(1296) Concurrent Mark
[558.890s][info][gc,marking     ] GC(1296) Concurrent Mark From Roots
[558.890s][info][gc,task        ] GC(1296) Using 1 workers of 1 for marking
[559.519s][info][gc,start       ] GC(1297) Pause Young (Normal) (G1 Evacuation Pause)
[559.520s][info][gc,task        ] GC(1297) Using 2 workers of 2 for evacuation
[559.648s][info][gc,phases      ] GC(1297)   Pre Evacuate Collection Set: 0.29ms
[559.648s][info][gc,phases      ] GC(1297)   Merge Heap Roots: 0.60ms
[559.648s][info][gc,phases      ] GC(1297)   Evacuate Collection Set: 127.10ms
[559.648s][info][gc,phases      ] GC(1297)   Post Evacuate Collection Set: 0.73ms
[559.648s][info][gc,phases      ] GC(1297)   Other: 0.12ms
[559.648s][info][gc,heap        ] GC(1297) Eden regions: 313->0(278)
[559.649s][info][gc,heap        ] GC(1297) Survivor regions: 50->43(46)
[559.649s][info][gc,heap        ] GC(1297) Old regions: 377->427
[559.649s][info][gc,heap        ] GC(1297) Humongous regions: 8->8
[559.649s][info][gc,metaspace   ] GC(1297) Metaspace: 19081K(19200K)->19081K(19200K) NonClass: 17251K(17344K)->17251K(17344K) Class: 1829K(1856K)->1829K(1856K)
[559.649s][info][gc             ] GC(1297) Pause Young (Normal) (G1 Evacuation Pause) 746M->476M(881M) 129.122ms
[559.649s][info][gc,cpu         ] GC(1297) User=0.25s Sys=0.00s Real=0.13s
[560.075s][info][gc,marking     ] GC(1296) Concurrent Mark From Roots 1185.641ms
[560.075s][info][gc,marking     ] GC(1296) Concurrent Preclean
[560.075s][info][gc,marking     ] GC(1296) Concurrent Preclean 0.072ms
[560.078s][info][gc,start       ] GC(1296) Pause Remark
[560.090s][info][gc             ] GC(1296) Pause Remark 593M->583M(881M) 11.883ms
[560.090s][info][gc,cpu         ] GC(1296) User=0.02s Sys=0.00s Real=0.01s
[560.090s][info][gc,marking     ] GC(1296) Concurrent Mark 1200.357ms
[560.090s][info][gc,marking     ] GC(1296) Concurrent Rebuild Remembered Sets and Scrub Regions
[560.389s][info][gc,start       ] GC(1298) Pause Young (Normal) (G1 Evacuation Pause)
[560.390s][info][gc,task        ] GC(1298) Using 2 workers of 2 for evacuation
[560.535s][info][gc,phases      ] GC(1298)   Pre Evacuate Collection Set: 0.32ms
[560.535s][info][gc,phases      ] GC(1298)   Merge Heap Roots: 0.90ms
[560.535s][info][gc,phases      ] GC(1298)   Evacuate Collection Set: 143.20ms
[560.535s][info][gc,phases      ] GC(1298)   Post Evacuate Collection Set: 0.68ms
[560.535s][info][gc,phases      ] GC(1298)   Other: 0.13ms
[560.535s][info][gc,heap        ] GC(1298) Eden regions: 278->0(256)
[560.535s][info][gc,heap        ] GC(1298) Survivor regions: 43->39(41)
[560.535s][info][gc,heap        ] GC(1298) Old regions: 418->461
[560.535s][info][gc,heap        ] GC(1298) Humongous regions: 7->7
[560.535s][info][gc,metaspace   ] GC(1298) Metaspace: 19083K(19264K)->19083K(19264K) NonClass: 17253K(17408K)->17253K(17408K) Class: 1829K(1856K)->1829K(1856K)
[560.535s][info][gc             ] GC(1298) Pause Young (Normal) (G1 Evacuation Pause) 744M->505M(881M) 145.554ms
[560.535s][info][gc,cpu         ] GC(1298) User=0.29s Sys=0.00s Real=0.15s
[560.717s][info][gc,marking     ] GC(1296) Concurrent Rebuild Remembered Sets and Scrub Regions 626.692ms
[560.717s][info][gc,start       ] GC(1296) Pause Cleanup
[560.717s][info][gc             ] GC(1296) Pause Cleanup 691M->691M(881M) 0.107ms
[560.717s][info][gc,cpu         ] GC(1296) User=0.00s Sys=0.00s Real=0.00s
[560.717s][info][gc,marking     ] GC(1296) Concurrent Clear Claimed Marks
[560.717s][info][gc,marking     ] GC(1296) Concurrent Clear Claimed Marks 0.039ms
[560.717s][info][gc,marking     ] GC(1296) Concurrent Cleanup for Next Mark
[560.724s][info][gc,marking     ] GC(1296) Concurrent Cleanup for Next Mark 7.209ms
[560.724s][info][gc             ] GC(1296) Concurrent Mark Cycle 1959.689ms
[560.799s][info][gc,start       ] GC(1299) Pause Young (Prepare Mixed) (G1 Evacuation Pause)
[560.799s][info][gc,task        ] GC(1299) Using 2 workers of 2 for evacuation
[560.867s][info][gc,phases      ] GC(1299)   Pre Evacuate Collection Set: 0.53ms
[560.867s][info][gc,phases      ] GC(1299)   Merge Heap Roots: 0.25ms
[560.867s][info][gc,phases      ] GC(1299)   Evacuate Collection Set: 66.19ms
[560.867s][info][gc,phases      ] GC(1299)   Post Evacuate Collection Set: 0.59ms
[560.867s][info][gc,phases      ] GC(1299)   Other: 0.11ms
[560.867s][info][gc,heap        ] GC(1299) Eden regions: 256->0(254)
[560.867s][info][gc,heap        ] GC(1299) Survivor regions: 39->17(37)
[560.867s][info][gc,heap        ] GC(1299) Old regions: 461->499
[560.867s][info][gc,heap        ] GC(1299) Humongous regions: 7->7
[560.867s][info][gc,metaspace   ] GC(1299) Metaspace: 19084K(19264K)->19084K(19264K) NonClass: 17254K(17408K)->17254K(17408K) Class: 1829K(1856K)->1829K(1856K)
[560.867s][info][gc             ] GC(1299) Pause Young (Prepare Mixed) (G1 Evacuation Pause) 761M->521M(881M) 67.939ms
[560.867s][info][gc,cpu         ] GC(1299) User=0.13s Sys=0.00s Real=0.07s
[561.056s][info][gc,start       ] GC(1300) Pause Young (Mixed) (G1 Evacuation Pause)
[561.056s][info][gc,task        ] GC(1300) Using 2 workers of 2 for evacuation
[561.120s][info][gc,phases      ] GC(1300)   Pre Evacuate Collection Set: 0.31ms
[561.120s][info][gc,phases      ] GC(1300)   Merge Heap Roots: 0.25ms
[561.120s][info][gc,phases      ] GC(1300)   Evacuate Collection Set: 62.88ms
[561.120s][info][gc,phases      ] GC(1300)   Post Evacuate Collection Set: 0.73ms
[561.120s][info][gc,phases      ] GC(1300)   Other: 0.10ms
[561.120s][info][gc,heap        ] GC(1300) Eden regions: 254->0(232)
[561.120s][info][gc,heap        ] GC(1300) Survivor regions: 17->34(34)
[561.120s][info][gc,heap        ] GC(1300) Old regions: 499->510
[561.120s][info][gc,heap        ] GC(1300) Humongous regions: 7->7
[561.120s][info][gc,metaspace   ] GC(1300) Metaspace: 19084K(19264K)->19084K(19264K) NonClass: 17254K(17408K)->17254K(17408K) Class: 1829K(1856K)->1829K(1856K)
[561.120s][info][gc             ] GC(1300) Pause Young (Mixed) (G1 Evacuation Pause) 775M->549M(881M) 64.567ms
[561.120s][info][gc,cpu         ] GC(1300) User=0.13s Sys=0.00s Real=0.06s
[561.318s][info][gc,start       ] GC(1301) Pause Young (Concurrent Start) (G1 Humongous Allocation)
[561.318s][info][gc,task        ] GC(1301) Using 2 workers of 2 for evacuation
[561.387s][info][gc,phases      ] GC(1301)   Pre Evacuate Collection Set: 0.31ms
[561.387s][info][gc,phases      ] GC(1301)   Merge Heap Roots: 0.44ms
[561.387s][info][gc,phases      ] GC(1301)   Evacuate Collection Set: 67.00ms
[561.387s][info][gc,phases      ] GC(1301)   Post Evacuate Collection Set: 1.01ms
[561.387s][info][gc,phases      ] GC(1301)   Other: 0.15ms
[561.387s][info][gc,heap        ] GC(1301) Eden regions: 222->0(248)
[561.387s][info][gc,heap        ] GC(1301) Survivor regions: 34->16(34)
[561.387s][info][gc,heap        ] GC(1301) Old regions: 510->544
[561.387s][info][gc,heap        ] GC(1301) Humongous regions: 7->7
[561.387s][info][gc,metaspace   ] GC(1301) Metaspace: 19084K(19264K)->19084K(19264K) NonClass: 17254K(17408K)->17254K(17408K) Class: 1829K(1856K)->1829K(1856K)
[561.387s][info][gc             ] GC(1301) Pause Young (Concurrent Start) (G1 Humongous Allocation) 771M->565M(909M) 69.156ms
[561.387s][info][gc             ] GC(1302) Concurrent Mark Cycle
[561.387s][info][gc,marking     ] GC(1302) Concurrent Scan Root Regions
[561.387s][info][gc,cpu         ] GC(1301) User=0.14s Sys=0.00s Real=0.07s
[561.466s][info][gc,marking     ] GC(1302) Concurrent Scan Root Regions 79.303ms
[561.466s][info][gc,marking     ] GC(1302) Concurrent Mark
[561.466s][info][gc,marking     ] GC(1302) Concurrent Mark From Roots
[561.466s][info][gc,task        ] GC(1302) Using 1 workers of 1 for marking
[561.850s][info][gc,start       ] GC(1303) Pause Young (Normal) (G1 Evacuation Pause)
[561.850s][info][gc,task        ] GC(1303) Using 2 workers of 2 for evacuation
[561.921s][info][gc,phases      ] GC(1303)   Pre Evacuate Collection Set: 0.30ms
[561.921s][info][gc,phases      ] GC(1303)   Merge Heap Roots: 0.36ms
[561.921s][info][gc,phases      ] GC(1303)   Evacuate Collection Set: 70.15ms
[561.921s][info][gc,phases      ] GC(1303)   Post Evacuate Collection Set: 0.58ms
[561.921s][info][gc,phases      ] GC(1303)   Other: 0.11ms
[561.921s][info][gc,heap        ] GC(1303) Eden regions: 248->0(222)
[561.921s][info][gc,heap        ] GC(1303) Survivor regions: 16->33(33)
[561.921s][info][gc,heap        ] GC(1303) Old regions: 544->561
[561.921s][info][gc,heap        ] GC(1303) Humongous regions: 8->8
[561.921s][info][gc,metaspace   ] GC(1303) Metaspace: 19084K(19264K)->19084K(19264K) NonClass: 17254K(17408K)->17254K(17408K) Class: 1829K(1856K)->1829K(1856K)
[561.921s][info][gc             ] GC(1303) Pause Young (Normal) (G1 Evacuation Pause) 814M->601M(909M) 71.820ms
[561.921s][info][gc,cpu         ] GC(1303) User=0.14s Sys=0.00s Real=0.08s
[562.666s][info][gc,start       ] GC(1304) Pause Young (Normal) (G1 Evacuation Pause)
[562.666s][info][gc,task        ] GC(1304) Using 2 workers of 2 for evacuation
[562.722s][info][gc,phases      ] GC(1304)   Pre Evacuate Collection Set: 0.54ms
[562.722s][info][gc,phases      ] GC(1304)   Merge Heap Roots: 0.22ms
[562.722s][info][gc,phases      ] GC(1304)   Evacuate Collection Set: 55.20ms
[562.722s][info][gc,phases      ] GC(1304)   Post Evacuate Collection Set: 0.54ms
[562.722s][info][gc,phases      ] GC(1304)   Other: 0.09ms
[562.722s][info][gc,heap        ] GC(1304) Eden regions: 222->0(222)
[562.722s][info][gc,heap        ] GC(1304) Survivor regions: 33->10(32)
[562.722s][info][gc,heap        ] GC(1304) Old regions: 561->595
[562.722s][info][gc,heap        ] GC(1304) Humongous regions: 8->8
[562.722s][info][gc,metaspace   ] GC(1304) Metaspace: 19084K(19264K)->19084K(19264K) NonClass: 17254K(17408K)->17254K(17408K) Class: 1829K(1856K)->1829K(1856K)
[562.722s][info][gc             ] GC(1304) Pause Young (Normal) (G1 Evacuation Pause) 823M->611M(909M) 56.885ms
[562.722s][info][gc,cpu         ] GC(1304) User=0.11s Sys=0.00s Real=0.06s
[562.767s][info][gc,marking     ] GC(1302) Concurrent Mark From Roots 1300.505ms
[562.767s][info][gc,marking     ] GC(1302) Concurrent Preclean
[562.767s][info][gc,marking     ] GC(1302) Concurrent Preclean 0.052ms
[562.767s][info][gc,start       ] GC(1302) Pause Remark
[562.776s][info][gc             ] GC(1302) Pause Remark 622M->533M(909M) 9.143ms
[562.776s][info][gc,cpu         ] GC(1302) User=0.02s Sys=0.00s Real=0.01s
[562.778s][info][gc,marking     ] GC(1302) Concurrent Mark 1312.303ms
[562.778s][info][gc,marking     ] GC(1302) Concurrent Rebuild Remembered Sets and Scrub Regions
[563.376s][info][gc,marking     ] GC(1302) Concurrent Rebuild Remembered Sets and Scrub Regions 597.049ms
[563.376s][info][gc,start       ] GC(1302) Pause Cleanup
[563.376s][info][gc             ] GC(1302) Pause Cleanup 696M->696M(909M) 0.146ms
[563.376s][info][gc,cpu         ] GC(1302) User=0.00s Sys=0.00s Real=0.00s
[563.378s][info][gc,marking     ] GC(1302) Concurrent Clear Claimed Marks
[563.379s][info][gc,marking     ] GC(1302) Concurrent Clear Claimed Marks 0.073ms
[563.379s][info][gc,marking     ] GC(1302) Concurrent Cleanup for Next Mark
[563.385s][info][gc,marking     ] GC(1302) Concurrent Cleanup for Next Mark 6.095ms
[563.385s][info][gc             ] GC(1302) Concurrent Mark Cycle 1997.989ms
[563.518s][info][gc,start       ] GC(1305) Pause Young (Prepare Mixed) (G1 Evacuation Pause)
[563.518s][info][gc,task        ] GC(1305) Using 2 workers of 2 for evacuation
[563.542s][info][gc,phases      ] GC(1305)   Pre Evacuate Collection Set: 0.33ms
[563.542s][info][gc,phases      ] GC(1305)   Merge Heap Roots: 0.37ms
[563.542s][info][gc,phases      ] GC(1305)   Evacuate Collection Set: 22.77ms
[563.542s][info][gc,phases      ] GC(1305)   Post Evacuate Collection Set: 0.54ms
[563.542s][info][gc,phases      ] GC(1305)   Other: 0.12ms
[563.542s][info][gc,heap        ] GC(1305) Eden regions: 222->0(296)
[563.542s][info][gc,heap        ] GC(1305) Survivor regions: 10->12(29)
[563.542s][info][gc,heap        ] GC(1305) Old regions: 509->509
[563.542s][info][gc,heap        ] GC(1305) Humongous regions: 5->5
[563.542s][info][gc,metaspace   ] GC(1305) Metaspace: 19084K(19264K)->19084K(19264K) NonClass: 17254K(17408K)->17254K(17408K) Class: 1829K(1856K)->1829K(1856K)
[563.542s][info][gc             ] GC(1305) Pause Young (Prepare Mixed) (G1 Evacuation Pause) 744M->524M(909M) 24.465ms
[563.543s][info][gc,cpu         ] GC(1305) User=0.04s Sys=0.01s Real=0.03s
[564.033s][info][gc,start       ] GC(1306) Pause Young (Mixed) (G1 Evacuation Pause)
[564.033s][info][gc,task        ] GC(1306) Using 2 workers of 2 for evacuation
[564.090s][info][gc,phases      ] GC(1306)   Pre Evacuate Collection Set: 0.34ms
[564.090s][info][gc,phases      ] GC(1306)   Merge Heap Roots: 0.30ms
[564.090s][info][gc,phases      ] GC(1306)   Evacuate Collection Set: 54.98ms
[564.090s][info][gc,phases      ] GC(1306)   Post Evacuate Collection Set: 0.73ms
[564.090s][info][gc,phases      ] GC(1306)   Other: 0.11ms
[564.090s][info][gc,heap        ] GC(1306) Eden regions: 296->0(321)
[564.090s][info][gc,heap        ] GC(1306) Survivor regions: 12->39(39)
[564.090s][info][gc,heap        ] GC(1306) Old regions: 509->446
[564.090s][info][gc,heap        ] GC(1306) Humongous regions: 5->5
[564.090s][info][gc,metaspace   ] GC(1306) Metaspace: 19084K(19264K)->19084K(19264K) NonClass: 17254K(17408K)->17254K(17408K) Class: 1829K(1856K)->1829K(1856K)
[564.090s][info][gc             ] GC(1306) Pause Young (Mixed) (G1 Evacuation Pause) 820M->489M(909M) 56.742ms
[564.090s][info][gc,cpu         ] GC(1306) User=0.11s Sys=0.00s Real=0.05s
[564.472s][info][gc,start       ] GC(1307) Pause Young (Concurrent Start) (G1 Evacuation Pause)
[564.473s][info][gc,task        ] GC(1307) Using 2 workers of 2 for evacuation
[564.610s][info][gc,phases      ] GC(1307)   Pre Evacuate Collection Set: 0.30ms
[564.610s][info][gc,phases      ] GC(1307)   Merge Heap Roots: 0.54ms
[564.610s][info][gc,phases      ] GC(1307)   Evacuate Collection Set: 135.35ms
[564.610s][info][gc,phases      ] GC(1307)   Post Evacuate Collection Set: 1.04ms
[564.610s][info][gc,phases      ] GC(1307)   Other: 0.15ms
[564.610s][info][gc,heap        ] GC(1307) Eden regions: 321->0(265)
[564.610s][info][gc,heap        ] GC(1307) Survivor regions: 39->45(45)
[564.610s][info][gc,heap        ] GC(1307) Old regions: 446->514
[564.610s][info][gc,heap        ] GC(1307) Humongous regions: 5->5
[564.610s][info][gc,metaspace   ] GC(1307) Metaspace: 19084K(19264K)->19084K(19264K) NonClass: 17254K(17408K)->17254K(17408K) Class: 1829K(1856K)->1829K(1856K)
[564.610s][info][gc             ] GC(1307) Pause Young (Concurrent Start) (G1 Evacuation Pause) 810M->563M(935M) 137.629ms
[564.610s][info][gc             ] GC(1308) Concurrent Mark Cycle
[564.610s][info][gc,marking     ] GC(1308) Concurrent Scan Root Regions
[564.610s][info][gc,cpu         ] GC(1307) User=0.26s Sys=0.02s Real=0.13s
[564.727s][info][gc,marking     ] GC(1308) Concurrent Scan Root Regions 117.261ms
[564.727s][info][gc,marking     ] GC(1308) Concurrent Mark
[564.727s][info][gc,marking     ] GC(1308) Concurrent Mark From Roots
[564.727s][info][gc,task        ] GC(1308) Using 1 workers of 1 for marking
[565.151s][info][gc,start       ] GC(1309) Pause Young (Normal) (G1 Evacuation Pause)
[565.152s][info][gc,task        ] GC(1309) Using 2 workers of 2 for evacuation
[565.321s][info][gc,phases      ] GC(1309)   Pre Evacuate Collection Set: 0.33ms
[565.321s][info][gc,phases      ] GC(1309)   Merge Heap Roots: 0.48ms
[565.321s][info][gc,phases      ] GC(1309)   Evacuate Collection Set: 167.39ms
[565.321s][info][gc,phases      ] GC(1309)   Post Evacuate Collection Set: 0.93ms
[565.321s][info][gc,phases      ] GC(1309)   Other: 0.12ms
[565.321s][info][gc,heap        ] GC(1309) Eden regions: 265->0(205)
[565.321s][info][gc,heap        ] GC(1309) Survivor regions: 45->39(39)
[565.321s][info][gc,heap        ] GC(1309) Old regions: 514->600
[565.321s][info][gc,heap        ] GC(1309) Humongous regions: 8->8
[565.321s][info][gc,metaspace   ] GC(1309) Metaspace: 19084K(19264K)->19084K(19264K) NonClass: 17254K(17408K)->17254K(17408K) Class: 1829K(1856K)->1829K(1856K)
[565.321s][info][gc             ] GC(1309) Pause Young (Normal) (G1 Evacuation Pause) 831M->646M(957M) 169.516ms
[565.321s][info][gc,cpu         ] GC(1309) User=0.32s Sys=0.01s Real=0.17s
[565.592s][info][gc,start       ] GC(1310) Pause Young (Normal) (G1 Evacuation Pause)
[565.592s][info][gc,task        ] GC(1310) Using 2 workers of 2 for evacuation
[565.719s][info][gc,phases      ] GC(1310)   Pre Evacuate Collection Set: 0.57ms
[565.719s][info][gc,phases      ] GC(1310)   Merge Heap Roots: 0.57ms
[565.719s][info][gc,phases      ] GC(1310)   Evacuate Collection Set: 124.86ms
[565.719s][info][gc,phases      ] GC(1310)   Post Evacuate Collection Set: 0.64ms
[565.719s][info][gc,phases      ] GC(1310)   Other: 0.12ms
[565.719s][info][gc,heap        ] GC(1310) Eden regions: 205->0(167)
[565.719s][info][gc,heap        ] GC(1310) Survivor regions: 39->31(31)
[565.719s][info][gc,heap        ] GC(1310) Old regions: 600->661
[565.719s][info][gc,heap        ] GC(1310) Humongous regions: 8->8
[565.719s][info][gc,metaspace   ] GC(1310) Metaspace: 19084K(19264K)->19084K(19264K) NonClass: 17254K(17408K)->17254K(17408K) Class: 1829K(1856K)->1829K(1856K)
[565.719s][info][gc             ] GC(1310) Pause Young (Normal) (G1 Evacuation Pause) 851M->699M(957M) 127.048ms
[565.719s][info][gc,cpu         ] GC(1310) User=0.25s Sys=0.00s Real=0.12s
[565.853s][info][gc,marking     ] GC(1308) Concurrent Mark From Roots 1125.409ms
[565.853s][info][gc,marking     ] GC(1308) Concurrent Preclean
[565.853s][info][gc,marking     ] GC(1308) Concurrent Preclean 0.050ms
[565.853s][info][gc,start       ] GC(1308) Pause Remark
[565.864s][info][gc             ] GC(1308) Pause Remark 780M->624M(957M) 10.440ms
[565.864s][info][gc,cpu         ] GC(1308) User=0.02s Sys=0.01s Real=0.01s
[565.864s][info][gc,marking     ] GC(1308) Concurrent Mark 1136.675ms
[565.864s][info][gc,marking     ] GC(1308) Concurrent Rebuild Remembered Sets and Scrub Regions
[566.000s][info][gc,start       ] GC(1311) Pause Young (Normal) (G1 Evacuation Pause)
[566.000s][info][gc,task        ] GC(1311) Using 2 workers of 2 for evacuation
[566.056s][info][gc,phases      ] GC(1311)   Pre Evacuate Collection Set: 0.54ms
[566.056s][info][gc,phases      ] GC(1311)   Merge Heap Roots: 0.52ms
[566.056s][info][gc,phases      ] GC(1311)   Evacuate Collection Set: 53.78ms
[566.056s][info][gc,phases      ] GC(1311)   Post Evacuate Collection Set: 0.50ms
[566.056s][info][gc,phases      ] GC(1311)   Other: 0.14ms
[566.056s][info][gc,heap        ] GC(1311) Eden regions: 167->0(260)
[566.056s][info][gc,heap        ] GC(1311) Survivor regions: 31->7(25)
[566.056s][info][gc,heap        ] GC(1311) Old regions: 507->539
[566.056s][info][gc,heap        ] GC(1311) Humongous regions: 6->6
[566.056s][info][gc,metaspace   ] GC(1311) Metaspace: 19084K(19264K)->19084K(19264K) NonClass: 17254K(17408K)->17254K(17408K) Class: 1829K(1856K)->1829K(1856K)
[566.056s][info][gc             ] GC(1311) Pause Young (Normal) (G1 Evacuation Pause) 710M->551M(957M) 55.727ms
[566.056s][info][gc,cpu         ] GC(1311) User=0.11s Sys=0.00s Real=0.06s
[566.409s][info][gc,marking     ] GC(1308) Concurrent Rebuild Remembered Sets and Scrub Regions 544.750ms
[566.409s][info][gc,start       ] GC(1308) Pause Cleanup
[566.409s][info][gc             ] GC(1308) Pause Cleanup 776M->776M(957M) 0.122ms
[566.409s][info][gc,cpu         ] GC(1308) User=0.00s Sys=0.00s Real=0.00s
[566.409s][info][gc,marking     ] GC(1308) Concurrent Clear Claimed Marks
[566.410s][info][gc,marking     ] GC(1308) Concurrent Clear Claimed Marks 0.037ms
[566.410s][info][gc,marking     ] GC(1308) Concurrent Cleanup for Next Mark
[566.413s][info][gc,marking     ] GC(1308) Concurrent Cleanup for Next Mark 3.627ms
[566.413s][info][gc             ] GC(1308) Concurrent Mark Cycle 1803.111ms
[566.479s][info][gc,start       ] GC(1312) Pause Young (Prepare Mixed) (G1 Evacuation Pause)
[566.479s][info][gc,task        ] GC(1312) Using 2 workers of 2 for evacuation
[566.542s][info][gc,phases      ] GC(1312)   Pre Evacuate Collection Set: 0.32ms
[566.542s][info][gc,phases      ] GC(1312)   Merge Heap Roots: 0.66ms
[566.542s][info][gc,phases      ] GC(1312)   Evacuate Collection Set: 61.42ms
[566.542s][info][gc,phases      ] GC(1312)   Post Evacuate Collection Set: 0.70ms
[566.542s][info][gc,phases      ] GC(1312)   Other: 0.09ms
[566.542s][info][gc,heap        ] GC(1312) Eden regions: 260->0(251)
[566.542s][info][gc,heap        ] GC(1312) Survivor regions: 7->31(34)
[566.542s][info][gc,heap        ] GC(1312) Old regions: 539->539
[566.542s][info][gc,heap        ] GC(1312) Humongous regions: 9->9
[566.542s][info][gc,metaspace   ] GC(1312) Metaspace: 19084K(19264K)->19084K(19264K) NonClass: 17254K(17408K)->17254K(17408K) Class: 1829K(1856K)->1829K(1856K)
[566.542s][info][gc             ] GC(1312) Pause Young (Prepare Mixed) (G1 Evacuation Pause) 814M->578M(957M) 63.463ms
[566.542s][info][gc,cpu         ] GC(1312) User=0.12s Sys=0.00s Real=0.07s
[566.806s][info][gc,start       ] GC(1313) Pause Young (Mixed) (G1 Evacuation Pause)
[566.806s][info][gc,task        ] GC(1313) Using 2 workers of 2 for evacuation
[566.945s][info][gc,phases      ] GC(1313)   Pre Evacuate Collection Set: 0.57ms
[566.945s][info][gc,phases      ] GC(1313)   Merge Heap Roots: 0.56ms
[566.945s][info][gc,phases      ] GC(1313)   Evacuate Collection Set: 136.73ms
[566.945s][info][gc,phases      ] GC(1313)   Post Evacuate Collection Set: 0.66ms
[566.945s][info][gc,phases      ] GC(1313)   Other: 0.10ms
[566.945s][info][gc,heap        ] GC(1313) Eden regions: 251->0(211)
[566.945s][info][gc,heap        ] GC(1313) Survivor regions: 31->36(36)
[566.945s][info][gc,heap        ] GC(1313) Old regions: 539->585
[566.945s][info][gc,heap        ] GC(1313) Humongous regions: 9->9
[566.945s][info][gc,metaspace   ] GC(1313) Metaspace: 19084K(19264K)->19084K(19264K) NonClass: 17254K(17408K)->17254K(17408K) Class: 1829K(1856K)->1829K(1856K)
[566.945s][info][gc             ] GC(1313) Pause Young (Mixed) (G1 Evacuation Pause) 829M->629M(957M) 138.906ms
[566.945s][info][gc,cpu         ] GC(1313) User=0.27s Sys=0.00s Real=0.14s
[567.192s][info][gc,start       ] GC(1314) Pause Young (Concurrent Start) (G1 Evacuation Pause)
[567.192s][info][gc,task        ] GC(1314) Using 2 workers of 2 for evacuation
[567.252s][info][gc,phases      ] GC(1314)   Pre Evacuate Collection Set: 0.38ms
[567.252s][info][gc,phases      ] GC(1314)   Merge Heap Roots: 0.31ms
[567.252s][info][gc,phases      ] GC(1314)   Evacuate Collection Set: 58.97ms
[567.252s][info][gc,phases      ] GC(1314)   Post Evacuate Collection Set: 0.69ms
[567.252s][info][gc,phases      ] GC(1314)   Other: 0.24ms
[567.252s][info][gc,heap        ] GC(1314) Eden regions: 211->0(219)
[567.252s][info][gc,heap        ] GC(1314) Survivor regions: 36->11(31)
[567.252s][info][gc,heap        ] GC(1314) Old regions: 585->621
[567.252s][info][gc,heap        ] GC(1314) Humongous regions: 9->9
[567.252s][info][gc,metaspace   ] GC(1314) Metaspace: 19084K(19264K)->19084K(19264K) NonClass: 17254K(17408K)->17254K(17408K) Class: 1829K(1856K)->1829K(1856K)
[567.252s][info][gc             ] GC(1314) Pause Young (Concurrent Start) (G1 Evacuation Pause) 840M->640M(965M) 60.827ms
[567.252s][info][gc             ] GC(1315) Concurrent Mark Cycle
[567.252s][info][gc,marking     ] GC(1315) Concurrent Scan Root Regions
[567.252s][info][gc,cpu         ] GC(1314) User=0.12s Sys=0.00s Real=0.06s
[567.355s][info][gc,marking     ] GC(1315) Concurrent Scan Root Regions 102.581ms
[567.355s][info][gc,marking     ] GC(1315) Concurrent Mark
[567.355s][info][gc,marking     ] GC(1315) Concurrent Mark From Roots
[567.355s][info][gc,task        ] GC(1315) Using 1 workers of 1 for marking
[567.715s][info][gc,start       ] GC(1316) Pause Young (Normal) (G1 Evacuation Pause)
[567.715s][info][gc,task        ] GC(1316) Using 2 workers of 2 for evacuation
[567.743s][info][gc,phases      ] GC(1316)   Pre Evacuate Collection Set: 0.56ms
[567.743s][info][gc,phases      ] GC(1316)   Merge Heap Roots: 0.28ms
[567.743s][info][gc,phases      ] GC(1316)   Evacuate Collection Set: 26.29ms
[567.743s][info][gc,phases      ] GC(1316)   Post Evacuate Collection Set: 0.53ms
[567.743s][info][gc,phases      ] GC(1316)   Other: 0.11ms
[567.743s][info][gc,heap        ] GC(1316) Eden regions: 219->0(228)
[567.743s][info][gc,heap        ] GC(1316) Survivor regions: 11->15(29)
[567.743s][info][gc,heap        ] GC(1316) Old regions: 621->621
[567.743s][info][gc,heap        ] GC(1316) Humongous regions: 9->9
[567.743s][info][gc,metaspace   ] GC(1316) Metaspace: 19084K(19264K)->19084K(19264K) NonClass: 17254K(17408K)->17254K(17408K) Class: 1829K(1856K)->1829K(1856K)
[567.743s][info][gc             ] GC(1316) Pause Young (Normal) (G1 Evacuation Pause) 859M->644M(965M) 28.075ms
[567.743s][info][gc,cpu         ] GC(1316) User=0.05s Sys=0.00s Real=0.03s
[568.458s][info][gc,start       ] GC(1317) Pause Young (Normal) (G1 Evacuation Pause)
[568.458s][info][gc,task        ] GC(1317) Using 2 workers of 2 for evacuation
[568.518s][info][gc,phases      ] GC(1317)   Pre Evacuate Collection Set: 0.55ms
[568.518s][info][gc,phases      ] GC(1317)   Merge Heap Roots: 0.35ms
[568.518s][info][gc,phases      ] GC(1317)   Evacuate Collection Set: 57.69ms
[568.518s][info][gc,phases      ] GC(1317)   Post Evacuate Collection Set: 0.59ms
[568.518s][info][gc,phases      ] GC(1317)   Other: 0.12ms
[568.518s][info][gc,heap        ] GC(1317) Eden regions: 228->0(208)
[568.518s][info][gc,heap        ] GC(1317) Survivor regions: 15->31(31)
[568.518s][info][gc,heap        ] GC(1317) Old regions: 621->633
[568.518s][info][gc,heap        ] GC(1317) Humongous regions: 9->9
[568.518s][info][gc,metaspace   ] GC(1317) Metaspace: 19084K(19264K)->19084K(19264K) NonClass: 17254K(17408K)->17254K(17408K) Class: 1829K(1856K)->1829K(1856K)
[568.518s][info][gc             ] GC(1317) Pause Young (Normal) (G1 Evacuation Pause) 872M->672M(965M) 59.587ms
[568.518s][info][gc,cpu         ] GC(1317) User=0.11s Sys=0.00s Real=0.06s
[569.160s][info][gc,marking     ] GC(1315) Concurrent Mark From Roots 1804.617ms
[569.160s][info][gc,marking     ] GC(1315) Concurrent Preclean
[569.160s][info][gc,marking     ] GC(1315) Concurrent Preclean 0.064ms
[569.161s][info][gc,start       ] GC(1315) Pause Remark
[569.172s][info][gc             ] GC(1315) Pause Remark 789M->736M(978M) 11.707ms
[569.172s][info][gc,cpu         ] GC(1315) User=0.02s Sys=0.00s Real=0.01s
[569.175s][info][gc,marking     ] GC(1315) Concurrent Mark 1819.479ms
[569.175s][info][gc,marking     ] GC(1315) Concurrent Rebuild Remembered Sets and Scrub Regions
[569.557s][info][gc,start       ] GC(1318) Pause Young (Normal) (G1 Evacuation Pause)
[569.557s][info][gc,task        ] GC(1318) Using 2 workers of 2 for evacuation
[569.596s][info][gc,phases      ] GC(1318)   Pre Evacuate Collection Set: 0.31ms
[569.596s][info][gc,phases      ] GC(1318)   Merge Heap Roots: 0.26ms
[569.596s][info][gc,phases      ] GC(1318)   Evacuate Collection Set: 37.91ms
[569.596s][info][gc,phases      ] GC(1318)   Post Evacuate Collection Set: 0.49ms
[569.596s][info][gc,phases      ] GC(1318)   Other: 0.10ms
[569.597s][info][gc,heap        ] GC(1318) Eden regions: 208->0(258)
[569.597s][info][gc,heap        ] GC(1318) Survivor regions: 31->1(30)
[569.597s][info][gc,heap        ] GC(1318) Old regions: 583->614
[569.597s][info][gc,heap        ] GC(1318) Humongous regions: 6->6
[569.597s][info][gc,metaspace   ] GC(1318) Metaspace: 19084K(19264K)->19084K(19264K) NonClass: 17254K(17408K)->17254K(17408K) Class: 1829K(1856K)->1829K(1856K)
[569.597s][info][gc             ] GC(1318) Pause Young (Normal) (G1 Evacuation Pause) 827M->620M(978M) 39.327ms
[569.597s][info][gc,cpu         ] GC(1318) User=0.07s Sys=0.00s Real=0.04s
[569.812s][info][gc,marking     ] GC(1315) Concurrent Rebuild Remembered Sets and Scrub Regions 637.228ms
[569.812s][info][gc,start       ] GC(1315) Pause Cleanup
[569.812s][info][gc             ] GC(1315) Pause Cleanup 668M->668M(978M) 0.151ms
[569.812s][info][gc,cpu         ] GC(1315) User=0.00s Sys=0.00s Real=0.00s
[569.812s][info][gc,marking     ] GC(1315) Concurrent Clear Claimed Marks
[569.812s][info][gc,marking     ] GC(1315) Concurrent Clear Claimed Marks 0.034ms
[569.812s][info][gc,marking     ] GC(1315) Concurrent Cleanup for Next Mark
[569.816s][info][gc,marking     ] GC(1315) Concurrent Cleanup for Next Mark 3.408ms
[569.816s][info][gc             ] GC(1315) Concurrent Mark Cycle 2563.335ms
[570.364s][info][gc,start       ] GC(1319) Pause Young (Prepare Mixed) (G1 Evacuation Pause)
[570.365s][info][gc,task        ] GC(1319) Using 2 workers of 2 for evacuation
[570.367s][info][gc,phases      ] GC(1319)   Pre Evacuate Collection Set: 0.32ms
[570.367s][info][gc,phases      ] GC(1319)   Merge Heap Roots: 0.15ms
[570.367s][info][gc,phases      ] GC(1319)   Evacuate Collection Set: 1.47ms
[570.367s][info][gc,phases      ] GC(1319)   Post Evacuate Collection Set: 0.50ms
[570.367s][info][gc,phases      ] GC(1319)   Other: 0.12ms
[570.367s][info][gc,heap        ] GC(1319) Eden regions: 258->0(272)
[570.367s][info][gc,heap        ] GC(1319) Survivor regions: 1->1(33)
[570.367s][info][gc,heap        ] GC(1319) Old regions: 614->614
[570.367s][info][gc,heap        ] GC(1319) Humongous regions: 6->6
[570.367s][info][gc,metaspace   ] GC(1319) Metaspace: 19084K(19264K)->19084K(19264K) NonClass: 17254K(17408K)->17254K(17408K) Class: 1829K(1856K)->1829K(1856K)
[570.367s][info][gc             ] GC(1319) Pause Young (Prepare Mixed) (G1 Evacuation Pause) 878M->620M(978M) 2.812ms
[570.367s][info][gc,cpu         ] GC(1319) User=0.00s Sys=0.00s Real=0.00s
[571.107s][info][gc,start       ] GC(1320) Pause Young (Mixed) (G1 Evacuation Pause)
[571.107s][info][gc,task        ] GC(1320) Using 2 workers of 2 for evacuation
[571.122s][info][gc,phases      ] GC(1320)   Pre Evacuate Collection Set: 0.59ms
[571.122s][info][gc,phases      ] GC(1320)   Merge Heap Roots: 0.46ms
[571.122s][info][gc,phases      ] GC(1320)   Evacuate Collection Set: 12.97ms
[571.122s][info][gc,phases      ] GC(1320)   Post Evacuate Collection Set: 0.58ms
[571.122s][info][gc,phases      ] GC(1320)   Other: 0.10ms
[571.122s][info][gc,heap        ] GC(1320) Eden regions: 272->0(299)
[571.122s][info][gc,heap        ] GC(1320) Survivor regions: 1->1(35)
[571.122s][info][gc,heap        ] GC(1320) Old regions: 614->591
[571.122s][info][gc,heap        ] GC(1320) Humongous regions: 6->6
[571.122s][info][gc,metaspace   ] GC(1320) Metaspace: 19084K(19264K)->19084K(19264K) NonClass: 17254K(17408K)->17254K(17408K) Class: 1829K(1856K)->1829K(1856K)
[571.122s][info][gc             ] GC(1320) Pause Young (Mixed) (G1 Evacuation Pause) 892M->597M(978M) 14.949ms
[571.122s][info][gc,cpu         ] GC(1320) User=0.03s Sys=0.00s Real=0.02s
[571.533s][info][gc,start       ] GC(1321) Pause Young (Concurrent Start) (G1 Evacuation Pause)
[571.533s][info][gc,task        ] GC(1321) Using 2 workers of 2 for evacuation
[571.604s][info][gc,phases      ] GC(1321)   Pre Evacuate Collection Set: 0.37ms
[571.604s][info][gc,phases      ] GC(1321)   Merge Heap Roots: 0.13ms
[571.604s][info][gc,phases      ] GC(1321)   Evacuate Collection Set: 69.46ms
[571.604s][info][gc,phases      ] GC(1321)   Post Evacuate Collection Set: 0.86ms
[571.604s][info][gc,phases      ] GC(1321)   Other: 0.13ms
[571.604s][info][gc,heap        ] GC(1321) Eden regions: 299->0(213)
[571.604s][info][gc,heap        ] GC(1321) Survivor regions: 1->38(38)
[571.604s][info][gc,heap        ] GC(1321) Old regions: 591->623
[571.604s][info][gc,heap        ] GC(1321) Humongous regions: 6->6
[571.604s][info][gc,metaspace   ] GC(1321) Metaspace: 19084K(19264K)->19084K(19264K) NonClass: 17254K(17408K)->17254K(17408K) Class: 1829K(1856K)->1829K(1856K)
[571.604s][info][gc             ] GC(1321) Pause Young (Concurrent Start) (G1 Evacuation Pause) 896M->666M(978M) 71.219ms
[571.604s][info][gc,cpu         ] GC(1321) User=0.14s Sys=0.00s Real=0.07s
[571.604s][info][gc             ] GC(1322) Concurrent Mark Cycle
[571.604s][info][gc,marking     ] GC(1322) Concurrent Scan Root Regions
[571.676s][info][gc,marking     ] GC(1322) Concurrent Scan Root Regions 72.385ms
[571.676s][info][gc,marking     ] GC(1322) Concurrent Mark
[571.676s][info][gc,marking     ] GC(1322) Concurrent Mark From Roots
[571.677s][info][gc,task        ] GC(1322) Using 1 workers of 1 for marking
[572.322s][info][gc,start       ] GC(1323) Pause Young (Normal) (G1 Evacuation Pause)
[572.322s][info][gc,task        ] GC(1323) Using 2 workers of 2 for evacuation
[572.416s][info][gc,phases      ] GC(1323)   Pre Evacuate Collection Set: 0.54ms
[572.416s][info][gc,phases      ] GC(1323)   Merge Heap Roots: 0.48ms
[572.416s][info][gc,phases      ] GC(1323)   Evacuate Collection Set: 92.68ms
[572.416s][info][gc,phases      ] GC(1323)   Post Evacuate Collection Set: 0.66ms
[572.416s][info][gc,phases      ] GC(1323)   Other: 0.09ms
[572.416s][info][gc,heap        ] GC(1323) Eden regions: 213->0(198)
[572.416s][info][gc,heap        ] GC(1323) Survivor regions: 38->22(32)
[572.416s][info][gc,heap        ] GC(1323) Old regions: 623->662
[572.416s][info][gc,heap        ] GC(1323) Humongous regions: 9->9
[572.416s][info][gc,metaspace   ] GC(1323) Metaspace: 19084K(19264K)->19084K(19264K) NonClass: 17254K(17408K)->17254K(17408K) Class: 1829K(1856K)->1829K(1856K)
[572.416s][info][gc             ] GC(1323) Pause Young (Normal) (G1 Evacuation Pause) 882M->691M(978M) 94.757ms
[572.416s][info][gc,cpu         ] GC(1323) User=0.19s Sys=0.00s Real=0.09s
[572.895s][info][gc,start       ] GC(1324) Pause Young (Normal) (G1 Evacuation Pause)
[572.895s][info][gc,task        ] GC(1324) Using 2 workers of 2 for evacuation
[572.989s][info][gc,phases      ] GC(1324)   Pre Evacuate Collection Set: 0.58ms
[572.989s][info][gc,phases      ] GC(1324)   Merge Heap Roots: 0.46ms
[572.989s][info][gc,phases      ] GC(1324)   Evacuate Collection Set: 92.88ms
[572.989s][info][gc,phases      ] GC(1324)   Post Evacuate Collection Set: 0.56ms
[572.989s][info][gc,phases      ] GC(1324)   Other: 0.11ms
[572.989s][info][gc,heap        ] GC(1324) Eden regions: 198->0(173)
[572.989s][info][gc,heap        ] GC(1324) Survivor regions: 22->28(28)
[572.989s][info][gc,heap        ] GC(1324) Old regions: 662->688
[572.989s][info][gc,heap        ] GC(1324) Humongous regions: 9->9
[572.989s][info][gc,metaspace   ] GC(1324) Metaspace: 19084K(19264K)->19084K(19264K) NonClass: 17254K(17408K)->17254K(17408K) Class: 1829K(1856K)->1829K(1856K)
[572.989s][info][gc             ] GC(1324) Pause Young (Normal) (G1 Evacuation Pause) 889M->724M(978M) 94.883ms
[572.989s][info][gc,cpu         ] GC(1324) User=0.19s Sys=0.00s Real=0.09s
[573.256s][info][gc,start       ] GC(1325) Pause Young (Normal) (G1 Evacuation Pause)
[573.256s][info][gc,task        ] GC(1325) Using 2 workers of 2 for evacuation
[573.318s][info][gc,phases      ] GC(1325)   Pre Evacuate Collection Set: 0.55ms
[573.318s][info][gc,phases      ] GC(1325)   Merge Heap Roots: 0.23ms
[573.318s][info][gc,phases      ] GC(1325)   Evacuate Collection Set: 60.06ms
[573.318s][info][gc,phases      ] GC(1325)   Post Evacuate Collection Set: 0.50ms
[573.318s][info][gc,phases      ] GC(1325)   Other: 0.10ms
[573.318s][info][gc,heap        ] GC(1325) Eden regions: 173->0(160)
[573.318s][info][gc,heap        ] GC(1325) Survivor regions: 28->21(26)
[573.318s][info][gc,heap        ] GC(1325) Old regions: 688->717
[573.318s][info][gc,heap        ] GC(1325) Humongous regions: 9->9
[573.318s][info][gc,metaspace   ] GC(1325) Metaspace: 19085K(19264K)->19085K(19264K) NonClass: 17255K(17408K)->17255K(17408K) Class: 1829K(1856K)->1829K(1856K)
[573.318s][info][gc             ] GC(1325) Pause Young (Normal) (G1 Evacuation Pause) 897M->745M(978M) 61.711ms
[573.318s][info][gc,cpu         ] GC(1325) User=0.12s Sys=0.00s Real=0.06s
[573.545s][info][gc,start       ] GC(1326) Pause Young (Normal) (G1 Evacuation Pause)
[573.545s][info][gc,task        ] GC(1326) Using 2 workers of 2 for evacuation
[573.585s][info][gc,phases      ] GC(1326)   Pre Evacuate Collection Set: 0.31ms
[573.585s][info][gc,phases      ] GC(1326)   Merge Heap Roots: 0.20ms
[573.585s][info][gc,phases      ] GC(1326)   Evacuate Collection Set: 39.25ms
[573.585s][info][gc,phases      ] GC(1326)   Post Evacuate Collection Set: 0.43ms
[573.585s][info][gc,phases      ] GC(1326)   Other: 0.14ms
[573.585s][info][gc,heap        ] GC(1326) Eden regions: 160->0(160)
[573.585s][info][gc,heap        ] GC(1326) Survivor regions: 21->10(23)
[573.585s][info][gc,heap        ] GC(1326) Old regions: 717->737
[573.585s][info][gc,heap        ] GC(1326) Humongous regions: 9->9
[573.585s][info][gc,metaspace   ] GC(1326) Metaspace: 19085K(19264K)->19085K(19264K) NonClass: 17255K(17408K)->17255K(17408K) Class: 1829K(1856K)->1829K(1856K)
[573.585s][info][gc             ] GC(1326) Pause Young (Normal) (G1 Evacuation Pause) 905M->755M(978M) 40.618ms
[573.585s][info][gc,cpu         ] GC(1326) User=0.08s Sys=0.00s Real=0.04s
[573.827s][info][gc,start       ] GC(1327) Pause Young (Normal) (G1 Evacuation Pause)
[573.827s][info][gc,task        ] GC(1327) Using 2 workers of 2 for evacuation
[573.857s][info][gc,phases      ] GC(1327)   Pre Evacuate Collection Set: 0.32ms
[573.857s][info][gc,phases      ] GC(1327)   Merge Heap Roots: 0.19ms
[573.857s][info][gc,phases      ] GC(1327)   Evacuate Collection Set: 28.76ms
[573.857s][info][gc,phases      ] GC(1327)   Post Evacuate Collection Set: 0.46ms
[573.857s][info][gc,phases      ] GC(1327)   Other: 0.11ms
[573.857s][info][gc,heap        ] GC(1327) Eden regions: 160->0(142)
[573.857s][info][gc,heap        ] GC(1327) Survivor regions: 10->20(22)
[573.857s][info][gc,heap        ] GC(1327) Old regions: 737->737
[573.857s][info][gc,heap        ] GC(1327) Humongous regions: 9->9
[573.857s][info][gc,metaspace   ] GC(1327) Metaspace: 19090K(19264K)->19090K(19264K) NonClass: 17260K(17408K)->17260K(17408K) Class: 1829K(1856K)->1829K(1856K)
[573.857s][info][gc             ] GC(1327) Pause Young (Normal) (G1 Evacuation Pause) 915M->765M(978M) 30.116ms
[573.857s][info][gc,cpu         ] GC(1327) User=0.05s Sys=0.01s Real=0.03s
[573.994s][info][gc,marking     ] GC(1322) Concurrent Mark From Roots 2317.523ms
[573.994s][info][gc,marking     ] GC(1322) Concurrent Preclean
[573.994s][info][gc,marking     ] GC(1322) Concurrent Preclean 0.048ms
[573.994s][info][gc,start       ] GC(1322) Pause Remark
[574.003s][info][gc             ] GC(1322) Pause Remark 878M->860M(978M) 8.839ms
[574.003s][info][gc,cpu         ] GC(1322) User=0.02s Sys=0.00s Real=0.01s
[574.005s][info][gc,marking     ] GC(1322) Concurrent Mark 2328.759ms
[574.005s][info][gc,marking     ] GC(1322) Concurrent Rebuild Remembered Sets and Scrub Regions
[574.061s][info][gc,start       ] GC(1328) Pause Young (Normal) (G1 Evacuation Pause)
[574.061s][info][gc,task        ] GC(1328) Using 2 workers of 2 for evacuation
[574.105s][info][gc,phases      ] GC(1328)   Pre Evacuate Collection Set: 0.33ms
[574.105s][info][gc,phases      ] GC(1328)   Merge Heap Roots: 0.13ms
[574.106s][info][gc,phases      ] GC(1328)   Evacuate Collection Set: 43.10ms
[574.106s][info][gc,phases      ] GC(1328)   Post Evacuate Collection Set: 0.47ms
[574.106s][info][gc,phases      ] GC(1328)   Other: 0.11ms
[574.106s][info][gc,heap        ] GC(1328) Eden regions: 142->0(138)
[574.106s][info][gc,heap        ] GC(1328) Survivor regions: 20->21(21)
[574.106s][info][gc,heap        ] GC(1328) Old regions: 719->739
[574.106s][info][gc,heap        ] GC(1328) Humongous regions: 9->9
[574.106s][info][gc,metaspace   ] GC(1328) Metaspace: 19090K(19264K)->19090K(19264K) NonClass: 17260K(17408K)->17260K(17408K) Class: 1829K(1856K)->1829K(1856K)
[574.106s][info][gc             ] GC(1328) Pause Young (Normal) (G1 Evacuation Pause) 889M->768M(978M) 44.415ms
[574.106s][info][gc,cpu         ] GC(1328) User=0.09s Sys=0.00s Real=0.04s
[574.312s][info][gc,start       ] GC(1329) Pause Young (Normal) (G1 Evacuation Pause)
[574.312s][info][gc,task        ] GC(1329) Using 2 workers of 2 for evacuation
[574.360s][info][gc,phases      ] GC(1329)   Pre Evacuate Collection Set: 0.56ms
[574.360s][info][gc,phases      ] GC(1329)   Merge Heap Roots: 0.18ms
[574.360s][info][gc,phases      ] GC(1329)   Evacuate Collection Set: 46.03ms
[574.360s][info][gc,phases      ] GC(1329)   Post Evacuate Collection Set: 0.51ms
[574.360s][info][gc,phases      ] GC(1329)   Other: 0.11ms
[574.360s][info][gc,heap        ] GC(1329) Eden regions: 138->0(124)
[574.360s][info][gc,heap        ] GC(1329) Survivor regions: 21->20(20)
[574.360s][info][gc,heap        ] GC(1329) Old regions: 739->755
[574.360s][info][gc,heap        ] GC(1329) Humongous regions: 9->9
[574.360s][info][gc,metaspace   ] GC(1329) Metaspace: 19090K(19264K)->19090K(19264K) NonClass: 17260K(17408K)->17260K(17408K) Class: 1829K(1856K)->1829K(1856K)
[574.360s][info][gc             ] GC(1329) Pause Young (Normal) (G1 Evacuation Pause) 906M->783M(978M) 47.691ms
[574.360s][info][gc,cpu         ] GC(1329) User=0.09s Sys=0.00s Real=0.04s
[574.487s][info][gc,start       ] GC(1330) Pause Young (Normal) (G1 Evacuation Pause)
[574.487s][info][gc,task        ] GC(1330) Using 2 workers of 2 for evacuation
[574.548s][info][gc,phases      ] GC(1330)   Pre Evacuate Collection Set: 0.57ms
[574.548s][info][gc,phases      ] GC(1330)   Merge Heap Roots: 0.31ms
[574.548s][info][gc,phases      ] GC(1330)   Evacuate Collection Set: 59.31ms
[574.548s][info][gc,phases      ] GC(1330)   Post Evacuate Collection Set: 0.56ms
[574.548s][info][gc,phases      ] GC(1330)   Other: 0.11ms
[574.548s][info][gc,heap        ] GC(1330) Eden regions: 124->0(102)
[574.548s][info][gc,heap        ] GC(1330) Survivor regions: 20->18(18)
[574.548s][info][gc,heap        ] GC(1330) Old regions: 755->781
[574.548s][info][gc,heap        ] GC(1330) Humongous regions: 9->9
[574.548s][info][gc,metaspace   ] GC(1330) Metaspace: 19091K(19264K)->19091K(19264K) NonClass: 17261K(17408K)->17261K(17408K) Class: 1829K(1856K)->1829K(1856K)
[574.548s][info][gc             ] GC(1330) Pause Young (Normal) (G1 Evacuation Pause) 907M->807M(978M) 61.128ms
[574.548s][info][gc,cpu         ] GC(1330) User=0.12s Sys=0.00s Real=0.06s
[574.835s][info][gc,start       ] GC(1331) Pause Young (Normal) (G1 Evacuation Pause)
[574.835s][info][gc,task        ] GC(1331) Using 2 workers of 2 for evacuation
[574.867s][info][gc,phases      ] GC(1331)   Pre Evacuate Collection Set: 0.34ms
[574.867s][info][gc,phases      ] GC(1331)   Merge Heap Roots: 0.17ms
[574.867s][info][gc,phases      ] GC(1331)   Evacuate Collection Set: 31.16ms
[574.867s][info][gc,phases      ] GC(1331)   Post Evacuate Collection Set: 0.39ms
[574.867s][info][gc,phases      ] GC(1331)   Other: 0.11ms
[574.867s][info][gc,heap        ] GC(1331) Eden regions: 102->0(114)
[574.867s][info][gc,heap        ] GC(1331) Survivor regions: 18->3(15)
[574.867s][info][gc,heap        ] GC(1331) Old regions: 781->799
[574.867s][info][gc,heap        ] GC(1331) Humongous regions: 9->9
[574.867s][info][gc,metaspace   ] GC(1331) Metaspace: 19091K(19264K)->19091K(19264K) NonClass: 17261K(17408K)->17261K(17408K) Class: 1829K(1856K)->1829K(1856K)
[574.867s][info][gc             ] GC(1331) Pause Young (Normal) (G1 Evacuation Pause) 909M->810M(978M) 32.435ms
[574.867s][info][gc,cpu         ] GC(1331) User=0.06s Sys=0.00s Real=0.03s
[575.079s][info][gc,marking     ] GC(1322) Concurrent Rebuild Remembered Sets and Scrub Regions 1074.147ms
[575.080s][info][gc,start       ] GC(1322) Pause Cleanup
[575.080s][info][gc             ] GC(1322) Pause Cleanup 839M->839M(978M) 0.227ms
[575.080s][info][gc,cpu         ] GC(1322) User=0.00s Sys=0.00s Real=0.00s
[575.080s][info][gc,marking     ] GC(1322) Concurrent Clear Claimed Marks
[575.080s][info][gc,marking     ] GC(1322) Concurrent Clear Claimed Marks 0.045ms
[575.080s][info][gc,marking     ] GC(1322) Concurrent Cleanup for Next Mark
[575.086s][info][gc,marking     ] GC(1322) Concurrent Cleanup for Next Mark 5.589ms
[575.086s][info][gc             ] GC(1322) Concurrent Mark Cycle 3481.796ms
[575.359s][info][gc,start       ] GC(1332) Pause Young (Prepare Mixed) (G1 Evacuation Pause)
[575.359s][info][gc,task        ] GC(1332) Using 2 workers of 2 for evacuation
[575.367s][info][gc,phases      ] GC(1332)   Pre Evacuate Collection Set: 0.57ms
[575.367s][info][gc,phases      ] GC(1332)   Merge Heap Roots: 0.12ms
[575.367s][info][gc,phases      ] GC(1332)   Evacuate Collection Set: 6.79ms
[575.367s][info][gc,phases      ] GC(1332)   Post Evacuate Collection Set: 0.41ms
[575.367s][info][gc,phases      ] GC(1332)   Other: 0.13ms
[575.367s][info][gc,heap        ] GC(1332) Eden regions: 114->0(110)
[575.367s][info][gc,heap        ] GC(1332) Survivor regions: 3->5(15)
[575.367s][info][gc,heap        ] GC(1332) Old regions: 799->799
[575.367s][info][gc,heap        ] GC(1332) Humongous regions: 9->9
[575.367s][info][gc,metaspace   ] GC(1332) Metaspace: 19091K(19264K)->19091K(19264K) NonClass: 17261K(17408K)->17261K(17408K) Class: 1829K(1856K)->1829K(1856K)
[575.367s][info][gc             ] GC(1332) Pause Young (Prepare Mixed) (G1 Evacuation Pause) 924M->812M(978M) 8.312ms
[575.367s][info][gc,cpu         ] GC(1332) User=0.02s Sys=0.00s Real=0.01s
[575.636s][info][gc,start       ] GC(1333) Pause Young (Mixed) (G1 Evacuation Pause)
[575.636s][info][gc,task        ] GC(1333) Using 2 workers of 2 for evacuation
[575.651s][info][gc,phases      ] GC(1333)   Pre Evacuate Collection Set: 0.32ms
[575.651s][info][gc,phases      ] GC(1333)   Merge Heap Roots: 0.19ms
[575.651s][info][gc,phases      ] GC(1333)   Evacuate Collection Set: 13.25ms
[575.651s][info][gc,phases      ] GC(1333)   Post Evacuate Collection Set: 0.46ms
[575.651s][info][gc,phases      ] GC(1333)   Other: 0.08ms
[575.651s][info][gc,heap        ] GC(1333) Eden regions: 110->0(114)
[575.651s][info][gc,heap        ] GC(1333) Survivor regions: 5->8(15)
[575.651s][info][gc,heap        ] GC(1333) Old regions: 799->789
[575.651s][info][gc,heap        ] GC(1333) Humongous regions: 9->9
[575.651s][info][gc,metaspace   ] GC(1333) Metaspace: 19091K(19264K)->19091K(19264K) NonClass: 17261K(17408K)->17261K(17408K) Class: 1829K(1856K)->1829K(1856K)
[575.651s][info][gc             ] GC(1333) Pause Young (Mixed) (G1 Evacuation Pause) 922M->805M(978M) 14.529ms
[575.651s][info][gc,cpu         ] GC(1333) User=0.03s Sys=0.00s Real=0.02s
[575.786s][info][gc,start       ] GC(1334) Pause Young (Concurrent Start) (G1 Evacuation Pause)
[575.786s][info][gc,task        ] GC(1334) Using 2 workers of 2 for evacuation
[575.812s][info][gc,phases      ] GC(1334)   Pre Evacuate Collection Set: 0.36ms
[575.812s][info][gc,phases      ] GC(1334)   Merge Heap Roots: 0.12ms
[575.812s][info][gc,phases      ] GC(1334)   Evacuate Collection Set: 25.18ms
[575.812s][info][gc,phases      ] GC(1334)   Post Evacuate Collection Set: 0.49ms
[575.812s][info][gc,phases      ] GC(1334)   Other: 0.11ms
[575.812s][info][gc,heap        ] GC(1334) Eden regions: 114->0(93)
[575.812s][info][gc,heap        ] GC(1334) Survivor regions: 8->16(16)
[575.812s][info][gc,heap        ] GC(1334) Old regions: 789->794
[575.812s][info][gc,heap        ] GC(1334) Humongous regions: 9->9
[575.812s][info][gc,metaspace   ] GC(1334) Metaspace: 19091K(19264K)->19091K(19264K) NonClass: 17261K(17408K)->17261K(17408K) Class: 1829K(1856K)->1829K(1856K)
[575.812s][info][gc             ] GC(1334) Pause Young (Concurrent Start) (G1 Evacuation Pause) 919M->818M(978M) 26.528ms
[575.812s][info][gc,cpu         ] GC(1334) User=0.05s Sys=0.00s Real=0.03s
[575.812s][info][gc             ] GC(1335) Concurrent Mark Cycle
[575.812s][info][gc,marking     ] GC(1335) Concurrent Scan Root Regions
[575.845s][info][gc,marking     ] GC(1335) Concurrent Scan Root Regions 32.981ms
[575.845s][info][gc,marking     ] GC(1335) Concurrent Mark
[575.845s][info][gc,marking     ] GC(1335) Concurrent Mark From Roots
[575.845s][info][gc,task        ] GC(1335) Using 1 workers of 1 for marking
[576.057s][info][gc,start       ] GC(1336) Pause Young (Normal) (G1 Evacuation Pause)
[576.057s][info][gc,task        ] GC(1336) Using 2 workers of 2 for evacuation
[576.088s][info][gc,phases      ] GC(1336)   Pre Evacuate Collection Set: 0.52ms
[576.088s][info][gc,phases      ] GC(1336)   Merge Heap Roots: 0.16ms
[576.088s][info][gc,phases      ] GC(1336)   Evacuate Collection Set: 29.84ms
[576.088s][info][gc,phases      ] GC(1336)   Post Evacuate Collection Set: 0.39ms
[576.088s][info][gc,phases      ] GC(1336)   Other: 0.12ms
[576.088s][info][gc,heap        ] GC(1336) Eden regions: 93->0(91)
[576.088s][info][gc,heap        ] GC(1336) Survivor regions: 16->9(14)
[576.088s][info][gc,heap        ] GC(1336) Old regions: 794->810
[576.088s][info][gc,heap        ] GC(1336) Humongous regions: 9->9
[576.088s][info][gc,metaspace   ] GC(1336) Metaspace: 19091K(19264K)->19091K(19264K) NonClass: 17261K(17408K)->17261K(17408K) Class: 1829K(1856K)->1829K(1856K)
[576.088s][info][gc             ] GC(1336) Pause Young (Normal) (G1 Evacuation Pause) 911M->827M(978M) 31.314ms
[576.088s][info][gc,cpu         ] GC(1336) User=0.06s Sys=0.00s Real=0.03s
[576.282s][info][gc,start       ] GC(1337) Pause Young (Normal) (G1 Evacuation Pause)
[576.282s][info][gc,task        ] GC(1337) Using 2 workers of 2 for evacuation
[576.317s][info][gc,phases      ] GC(1337)   Pre Evacuate Collection Set: 0.32ms
[576.317s][info][gc,phases      ] GC(1337)   Merge Heap Roots: 0.08ms
[576.317s][info][gc,phases      ] GC(1337)   Evacuate Collection Set: 34.76ms
[576.317s][info][gc,phases      ] GC(1337)   Post Evacuate Collection Set: 0.47ms
[576.317s][info][gc,phases      ] GC(1337)   Other: 0.10ms
[576.318s][info][gc,heap        ] GC(1337) Eden regions: 91->0(58)
[576.318s][info][gc,heap        ] GC(1337) Survivor regions: 9->13(13)
[576.318s][info][gc,heap        ] GC(1337) Old regions: 810->835
[576.318s][info][gc,heap        ] GC(1337) Humongous regions: 9->9
[576.318s][info][gc,metaspace   ] GC(1337) Metaspace: 19091K(19264K)->19091K(19264K) NonClass: 17261K(17408K)->17261K(17408K) Class: 1829K(1856K)->1829K(1856K)
[576.318s][info][gc             ] GC(1337) Pause Young (Normal) (G1 Evacuation Pause) 918M->856M(978M) 36.001ms
[576.318s][info][gc,cpu         ] GC(1337) User=0.07s Sys=0.00s Real=0.03s
[576.402s][info][gc,start       ] GC(1338) Pause Young (Normal) (G1 Evacuation Pause)
[576.402s][info][gc,task        ] GC(1338) Using 2 workers of 2 for evacuation
[576.440s][info][gc,phases      ] GC(1338)   Pre Evacuate Collection Set: 0.32ms
[576.440s][info][gc,phases      ] GC(1338)   Merge Heap Roots: 0.25ms
[576.440s][info][gc,phases      ] GC(1338)   Evacuate Collection Set: 37.32ms
[576.440s][info][gc,phases      ] GC(1338)   Post Evacuate Collection Set: 0.40ms
[576.440s][info][gc,phases      ] GC(1338)   Other: 0.10ms
[576.440s][info][gc,heap        ] GC(1338) Eden regions: 58->0(41)
[576.440s][info][gc,heap        ] GC(1338) Survivor regions: 13->9(9)
[576.440s][info][gc,heap        ] GC(1338) Old regions: 835->860
[576.440s][info][gc,heap        ] GC(1338) Humongous regions: 9->9
[576.440s][info][gc,metaspace   ] GC(1338) Metaspace: 19091K(19264K)->19091K(19264K) NonClass: 17261K(17408K)->17261K(17408K) Class: 1829K(1856K)->1829K(1856K)
[576.440s][info][gc             ] GC(1338) Pause Young (Normal) (G1 Evacuation Pause) 914M->877M(978M) 38.645ms
[576.440s][info][gc,cpu         ] GC(1338) User=0.07s Sys=0.00s Real=0.03s
[576.501s][info][gc,start       ] GC(1339) Pause Young (Normal) (G1 Evacuation Pause)
[576.501s][info][gc,task        ] GC(1339) Using 2 workers of 2 for evacuation
[576.528s][info][gc,phases      ] GC(1339)   Pre Evacuate Collection Set: 0.34ms
[576.528s][info][gc,phases      ] GC(1339)   Merge Heap Roots: 0.18ms
[576.528s][info][gc,phases      ] GC(1339)   Evacuate Collection Set: 25.45ms
[576.528s][info][gc,phases      ] GC(1339)   Post Evacuate Collection Set: 0.38ms
[576.528s][info][gc,phases      ] GC(1339)   Other: 0.10ms
[576.528s][info][gc,heap        ] GC(1339) Eden regions: 41->0(41)
[576.528s][info][gc,heap        ] GC(1339) Survivor regions: 9->7(7)
[576.528s][info][gc,heap        ] GC(1339) Old regions: 860->877
[576.528s][info][gc,heap        ] GC(1339) Humongous regions: 9->9
[576.528s][info][gc,metaspace   ] GC(1339) Metaspace: 19091K(19264K)->19091K(19264K) NonClass: 17261K(17408K)->17261K(17408K) Class: 1829K(1856K)->1829K(1856K)
[576.528s][info][gc             ] GC(1339) Pause Young (Normal) (G1 Evacuation Pause) 918M->892M(978M) 26.738ms
[576.528s][info][gc,cpu         ] GC(1339) User=0.05s Sys=0.00s Real=0.02s
[576.692s][info][gc,start       ] GC(1340) Pause Young (Normal) (G1 Evacuation Pause)
[576.692s][info][gc,task        ] GC(1340) Using 2 workers of 2 for evacuation
[576.707s][info][gc,phases      ] GC(1340)   Pre Evacuate Collection Set: 0.55ms
[576.707s][info][gc,phases      ] GC(1340)   Merge Heap Roots: 0.20ms
[576.707s][info][gc,phases      ] GC(1340)   Evacuate Collection Set: 14.09ms
[576.707s][info][gc,phases      ] GC(1340)   Post Evacuate Collection Set: 0.33ms
[576.707s][info][gc,phases      ] GC(1340)   Other: 0.13ms
[576.707s][info][gc,heap        ] GC(1340) Eden regions: 41->0(44)
[576.707s][info][gc,heap        ] GC(1340) Survivor regions: 7->4(6)
[576.707s][info][gc,heap        ] GC(1340) Old regions: 877->885
[576.707s][info][gc,heap        ] GC(1340) Humongous regions: 9->9
[576.707s][info][gc,metaspace   ] GC(1340) Metaspace: 19091K(19264K)->19091K(19264K) NonClass: 17261K(17408K)->17261K(17408K) Class: 1829K(1856K)->1829K(1856K)
[576.707s][info][gc             ] GC(1340) Pause Young (Normal) (G1 Evacuation Pause) 933M->897M(978M) 15.582ms
[576.707s][info][gc,cpu         ] GC(1340) User=0.03s Sys=0.00s Real=0.01s
[576.831s][info][gc,start       ] GC(1341) Pause Young (Normal) (G1 Evacuation Pause)
[576.831s][info][gc,task        ] GC(1341) Using 2 workers of 2 for evacuation
[576.842s][info][gc,phases      ] GC(1341)   Pre Evacuate Collection Set: 0.53ms
[576.842s][info][gc,phases      ] GC(1341)   Merge Heap Roots: 0.17ms
[576.842s][info][gc,phases      ] GC(1341)   Evacuate Collection Set: 9.94ms
[576.842s][info][gc,phases      ] GC(1341)   Post Evacuate Collection Set: 0.32ms
[576.842s][info][gc,phases      ] GC(1341)   Other: 0.10ms
[576.842s][info][gc,heap        ] GC(1341) Eden regions: 44->0(46)
[576.842s][info][gc,heap        ] GC(1341) Survivor regions: 4->2(6)
[576.842s][info][gc,heap        ] GC(1341) Old regions: 885->888
[576.842s][info][gc,heap        ] GC(1341) Humongous regions: 9->9
[576.842s][info][gc,metaspace   ] GC(1341) Metaspace: 19091K(19264K)->19091K(19264K) NonClass: 17261K(17408K)->17261K(17408K) Class: 1829K(1856K)->1829K(1856K)
[576.842s][info][gc             ] GC(1341) Pause Young (Normal) (G1 Evacuation Pause) 941M->898M(978M) 11.316ms
[576.842s][info][gc,cpu         ] GC(1341) User=0.02s Sys=0.00s Real=0.01s
[576.926s][info][gc,start       ] GC(1342) Pause Young (Normal) (G1 Evacuation Pause)
[576.926s][info][gc,task        ] GC(1342) Using 2 workers of 2 for evacuation
[576.933s][info][gc,phases      ] GC(1342)   Pre Evacuate Collection Set: 0.53ms
[576.933s][info][gc,phases      ] GC(1342)   Merge Heap Roots: 0.11ms
[576.933s][info][gc,phases      ] GC(1342)   Evacuate Collection Set: 5.76ms
[576.933s][info][gc,phases      ] GC(1342)   Post Evacuate Collection Set: 0.36ms
[576.933s][info][gc,phases      ] GC(1342)   Other: 0.12ms
[576.933s][info][gc,heap        ] GC(1342) Eden regions: 46->0(45)
[576.933s][info][gc,heap        ] GC(1342) Survivor regions: 2->3(6)
[576.933s][info][gc,heap        ] GC(1342) Old regions: 888->888
[576.933s][info][gc,heap        ] GC(1342) Humongous regions: 9->9
[576.933s][info][gc,metaspace   ] GC(1342) Metaspace: 19091K(19264K)->19091K(19264K) NonClass: 17261K(17408K)->17261K(17408K) Class: 1829K(1856K)->1829K(1856K)
[576.933s][info][gc             ] GC(1342) Pause Young (Normal) (G1 Evacuation Pause) 944M->899M(978M) 7.113ms
[576.933s][info][gc,cpu         ] GC(1342) User=0.02s Sys=0.00s Real=0.01s
[577.053s][info][gc,start       ] GC(1343) Pause Young (Normal) (G1 Evacuation Pause)
[577.053s][info][gc,task        ] GC(1343) Using 2 workers of 2 for evacuation
[577.064s][info][gc,phases      ] GC(1343)   Pre Evacuate Collection Set: 0.34ms
[577.064s][info][gc,phases      ] GC(1343)   Merge Heap Roots: 0.21ms
[577.064s][info][gc,phases      ] GC(1343)   Evacuate Collection Set: 10.47ms
[577.064s][info][gc,phases      ] GC(1343)   Post Evacuate Collection Set: 0.37ms
[577.065s][info][gc,phases      ] GC(1343)   Other: 0.11ms
[577.065s][info][gc,heap        ] GC(1343) Eden regions: 45->0(44)
[577.065s][info][gc,heap        ] GC(1343) Survivor regions: 3->4(6)
[577.065s][info][gc,heap        ] GC(1343) Old regions: 888->888
[577.065s][info][gc,heap        ] GC(1343) Humongous regions: 9->9
[577.065s][info][gc,metaspace   ] GC(1343) Metaspace: 19091K(19264K)->19091K(19264K) NonClass: 17261K(17408K)->17261K(17408K) Class: 1829K(1856K)->1829K(1856K)
[577.065s][info][gc             ] GC(1343) Pause Young (Normal) (G1 Evacuation Pause) 944M->900M(978M) 11.766ms
[577.065s][info][gc,cpu         ] GC(1343) User=0.02s Sys=0.00s Real=0.01s
[577.208s][info][gc,start       ] GC(1344) Pause Young (Normal) (G1 Evacuation Pause)
[577.208s][info][gc,task        ] GC(1344) Using 2 workers of 2 for evacuation
[577.240s][info][gc,phases      ] GC(1344)   Pre Evacuate Collection Set: 0.34ms
[577.240s][info][gc,phases      ] GC(1344)   Merge Heap Roots: 0.27ms
[577.240s][info][gc,phases      ] GC(1344)   Evacuate Collection Set: 30.39ms
[577.240s][info][gc,phases      ] GC(1344)   Post Evacuate Collection Set: 0.47ms
[577.240s][info][gc,phases      ] GC(1344)   Other: 0.10ms
[577.240s][info][gc,heap        ] GC(1344) Eden regions: 44->0(42)
[577.240s][info][gc,heap        ] GC(1344) Survivor regions: 4->6(6)
[577.240s][info][gc,heap        ] GC(1344) Old regions: 888->895
[577.240s][info][gc,heap        ] GC(1344) Humongous regions: 10->10
[577.240s][info][gc,metaspace   ] GC(1344) Metaspace: 19091K(19264K)->19091K(19264K) NonClass: 17261K(17408K)->17261K(17408K) Class: 1829K(1856K)->1829K(1856K)
[577.240s][info][gc             ] GC(1344) Pause Young (Normal) (G1 Evacuation Pause) 945M->910M(978M) 31.843ms
[577.240s][info][gc,cpu         ] GC(1344) User=0.06s Sys=0.00s Real=0.03s
[577.342s][info][gc,start       ] GC(1345) Pause Young (Normal) (G1 Evacuation Pause)
[577.343s][info][gc,task        ] GC(1345) Using 2 workers of 2 for evacuation
[577.383s][info][gc,phases      ] GC(1345)   Pre Evacuate Collection Set: 0.33ms
[577.383s][info][gc,phases      ] GC(1345)   Merge Heap Roots: 0.35ms
[577.383s][info][gc,phases      ] GC(1345)   Evacuate Collection Set: 38.87ms
[577.383s][info][gc,phases      ] GC(1345)   Post Evacuate Collection Set: 0.35ms
[577.383s][info][gc,phases      ] GC(1345)   Other: 0.08ms
[577.383s][info][gc,heap        ] GC(1345) Eden regions: 42->0(42)
[577.383s][info][gc,heap        ] GC(1345) Survivor regions: 6->6(6)
[577.383s][info][gc,heap        ] GC(1345) Old regions: 895->907
[577.383s][info][gc,heap        ] GC(1345) Humongous regions: 12->12
[577.383s][info][gc,metaspace   ] GC(1345) Metaspace: 19091K(19264K)->19091K(19264K) NonClass: 17261K(17408K)->17261K(17408K) Class: 1829K(1856K)->1829K(1856K)
[577.383s][info][gc             ] GC(1345) Pause Young (Normal) (G1 Evacuation Pause) 954M->924M(978M) 40.226ms
[577.383s][info][gc,cpu         ] GC(1345) User=0.07s Sys=0.00s Real=0.04s
[577.457s][info][gc,start       ] GC(1346) Pause Young (Normal) (G1 Evacuation Pause)
[577.457s][info][gc,task        ] GC(1346) Using 2 workers of 2 for evacuation
[577.486s][info][gc,phases      ] GC(1346)   Pre Evacuate Collection Set: 0.55ms
[577.486s][info][gc,phases      ] GC(1346)   Merge Heap Roots: 0.12ms
[577.486s][info][gc,phases      ] GC(1346)   Evacuate Collection Set: 24.79ms
[577.486s][info][gc,phases      ] GC(1346)   Post Evacuate Collection Set: 2.77ms
[577.486s][info][gc,phases      ] GC(1346)   Other: 0.10ms
[577.486s][info][gc,heap        ] GC(1346) Eden regions: 42->0(5)
[577.486s][info][gc,heap        ] GC(1346) Survivor regions: 6->6(6)
[577.486s][info][gc,heap        ] GC(1346) Old regions: 907->949
[577.486s][info][gc,heap        ] GC(1346) Humongous regions: 12->12
[577.486s][info][gc,metaspace   ] GC(1346) Metaspace: 19091K(19264K)->19091K(19264K) NonClass: 17261K(17408K)->17261K(17408K) Class: 1829K(1856K)->1829K(1856K)
[577.486s][info][gc             ] GC(1346) Pause Young (Normal) (G1 Evacuation Pause) (Evacuation Failure: Allocation) 966M->966M(978M) 28.559ms
[577.486s][info][gc,cpu         ] GC(1346) User=0.05s Sys=0.00s Real=0.03s
[577.495s][info][gc,start       ] GC(1347) Pause Young (Normal) (G1 Evacuation Pause)
[577.495s][info][gc,task        ] GC(1347) Using 2 workers of 2 for evacuation
[577.517s][info][gc,phases      ] GC(1347)   Pre Evacuate Collection Set: 0.56ms
[577.517s][info][gc,phases      ] GC(1347)   Merge Heap Roots: 0.15ms
[577.517s][info][gc,phases      ] GC(1347)   Evacuate Collection Set: 18.74ms
[577.517s][info][gc,phases      ] GC(1347)   Post Evacuate Collection Set: 2.73ms
[577.517s][info][gc,phases      ] GC(1347)   Other: 0.07ms
[577.517s][info][gc,heap        ] GC(1347) Eden regions: 5->0(9)
[577.517s][info][gc,heap        ] GC(1347) Survivor regions: 6->1(2)
[577.517s][info][gc,heap        ] GC(1347) Old regions: 949->955
[577.517s][info][gc,heap        ] GC(1347) Humongous regions: 12->12
[577.517s][info][gc,metaspace   ] GC(1347) Metaspace: 19091K(19264K)->19091K(19264K) NonClass: 17261K(17408K)->17261K(17408K) Class: 1829K(1856K)->1829K(1856K)
[577.517s][info][gc             ] GC(1347) Pause Young (Normal) (G1 Evacuation Pause) (Evacuation Failure: Allocation) 971M->967M(978M) 22.509ms
[577.517s][info][gc,cpu         ] GC(1347) User=0.04s Sys=0.00s Real=0.02s
[577.524s][info][gc,marking     ] GC(1335) Concurrent Mark From Roots 1678.862ms
[577.524s][info][gc,marking     ] GC(1335) Concurrent Preclean
[577.524s][info][gc,marking     ] GC(1335) Concurrent Preclean 0.044ms
[577.524s][info][gc,start       ] GC(1335) Pause Remark
[577.535s][info][gc             ] GC(1335) Pause Remark 971M->706M(978M) 10.084ms
[577.535s][info][gc,cpu         ] GC(1335) User=0.01s Sys=0.00s Real=0.01s
[577.535s][info][gc,marking     ] GC(1335) Concurrent Mark 1689.796ms
[577.535s][info][gc,marking     ] GC(1335) Concurrent Rebuild Remembered Sets and Scrub Regions
[577.548s][info][gc,start       ] GC(1348) Pause Young (Normal) (G1 Evacuation Pause)
[577.548s][info][gc,task        ] GC(1348) Using 2 workers of 2 for evacuation
[577.558s][info][gc,phases      ] GC(1348)   Pre Evacuate Collection Set: 0.37ms
[577.558s][info][gc,phases      ] GC(1348)   Merge Heap Roots: 0.08ms
[577.558s][info][gc,phases      ] GC(1348)   Evacuate Collection Set: 9.16ms
[577.558s][info][gc,phases      ] GC(1348)   Post Evacuate Collection Set: 0.34ms
[577.558s][info][gc,phases      ] GC(1348)   Other: 0.09ms
[577.558s][info][gc,heap        ] GC(1348) Eden regions: 9->0(205)
[577.558s][info][gc,heap        ] GC(1348) Survivor regions: 1->2(2)
[577.558s][info][gc,heap        ] GC(1348) Old regions: 695->664
[577.558s][info][gc,heap        ] GC(1348) Humongous regions: 7->7
[577.558s][info][gc,metaspace   ] GC(1348) Metaspace: 19091K(19264K)->19091K(19264K) NonClass: 17261K(17408K)->17261K(17408K) Class: 1829K(1856K)->1829K(1856K)
[577.558s][info][gc             ] GC(1348) Pause Young (Normal) (G1 Evacuation Pause) 711M->672M(978M) 10.267ms
[577.558s][info][gc,cpu         ] GC(1348) User=0.02s Sys=0.00s Real=0.01s
[577.941s][info][gc,start       ] GC(1349) Pause Young (Normal) (G1 Evacuation Pause)
[577.942s][info][gc,task        ] GC(1349) Using 2 workers of 2 for evacuation
[577.979s][info][gc,phases      ] GC(1349)   Pre Evacuate Collection Set: 0.31ms
[577.980s][info][gc,phases      ] GC(1349)   Merge Heap Roots: 0.27ms
[577.980s][info][gc,phases      ] GC(1349)   Evacuate Collection Set: 36.72ms
[577.980s][info][gc,phases      ] GC(1349)   Post Evacuate Collection Set: 0.51ms
[577.980s][info][gc,phases      ] GC(1349)   Other: 0.09ms
[577.980s][info][gc,heap        ] GC(1349) Eden regions: 205->0(190)
[577.980s][info][gc,heap        ] GC(1349) Survivor regions: 2->26(26)
[577.980s][info][gc,heap        ] GC(1349) Old regions: 664->666
[577.980s][info][gc,heap        ] GC(1349) Humongous regions: 7->7
[577.980s][info][gc,metaspace   ] GC(1349) Metaspace: 19091K(19264K)->19091K(19264K) NonClass: 17261K(17408K)->17261K(17408K) Class: 1829K(1856K)->1829K(1856K)
[577.980s][info][gc             ] GC(1349) Pause Young (Normal) (G1 Evacuation Pause) 877M->698M(978M) 38.176ms
[577.980s][info][gc,cpu         ] GC(1349) User=0.07s Sys=0.00s Real=0.03s
[578.185s][info][gc,marking     ] GC(1335) Concurrent Rebuild Remembered Sets and Scrub Regions 649.459ms
[578.185s][info][gc,start       ] GC(1335) Pause Cleanup
[578.185s][info][gc             ] GC(1335) Pause Cleanup 840M->840M(978M) 0.193ms
[578.185s][info][gc,cpu         ] GC(1335) User=0.00s Sys=0.00s Real=0.00s
[578.185s][info][gc,marking     ] GC(1335) Concurrent Clear Claimed Marks
[578.185s][info][gc,marking     ] GC(1335) Concurrent Clear Claimed Marks 0.037ms
[578.185s][info][gc,marking     ] GC(1335) Concurrent Cleanup for Next Mark
[578.188s][info][gc,marking     ] GC(1335) Concurrent Cleanup for Next Mark 3.056ms
[578.188s][info][gc             ] GC(1335) Concurrent Mark Cycle 2376.017ms
[578.244s][info][gc,start       ] GC(1350) Pause Young (Prepare Mixed) (G1 Evacuation Pause)
[578.244s][info][gc,task        ] GC(1350) Using 2 workers of 2 for evacuation
[578.278s][info][gc,phases      ] GC(1350)   Pre Evacuate Collection Set: 0.55ms
[578.278s][info][gc,phases      ] GC(1350)   Merge Heap Roots: 0.29ms
[578.278s][info][gc,phases      ] GC(1350)   Evacuate Collection Set: 33.05ms
[578.278s][info][gc,phases      ] GC(1350)   Post Evacuate Collection Set: 0.50ms
[578.278s][info][gc,phases      ] GC(1350)   Other: 0.09ms
[578.278s][info][gc,heap        ] GC(1350) Eden regions: 190->0(203)
[578.278s][info][gc,heap        ] GC(1350) Survivor regions: 26->1(27)
[578.278s][info][gc,heap        ] GC(1350) Old regions: 666->692
[578.278s][info][gc,heap        ] GC(1350) Humongous regions: 7->7
[578.278s][info][gc,metaspace   ] GC(1350) Metaspace: 19091K(19264K)->19091K(19264K) NonClass: 17261K(17408K)->17261K(17408K) Class: 1829K(1856K)->1829K(1856K)
[578.278s][info][gc             ] GC(1350) Pause Young (Prepare Mixed) (G1 Evacuation Pause) 888M->699M(978M) 34.736ms
[578.278s][info][gc,cpu         ] GC(1350) User=0.06s Sys=0.00s Real=0.03s
[578.533s][info][gc,start       ] GC(1351) Pause Young (Mixed) (G1 Evacuation Pause)
[578.533s][info][gc,task        ] GC(1351) Using 2 workers of 2 for evacuation
[578.565s][info][gc,phases      ] GC(1351)   Pre Evacuate Collection Set: 0.38ms
[578.565s][info][gc,phases      ] GC(1351)   Merge Heap Roots: 0.38ms
[578.565s][info][gc,phases      ] GC(1351)   Evacuate Collection Set: 30.42ms
[578.565s][info][gc,phases      ] GC(1351)   Post Evacuate Collection Set: 0.55ms
[578.565s][info][gc,phases      ] GC(1351)   Other: 0.14ms
[578.565s][info][gc,heap        ] GC(1351) Eden regions: 203->0(260)
[578.565s][info][gc,heap        ] GC(1351) Survivor regions: 1->14(26)
[578.565s][info][gc,heap        ] GC(1351) Old regions: 692->610
[578.565s][info][gc,heap        ] GC(1351) Humongous regions: 7->7
[578.565s][info][gc,metaspace   ] GC(1351) Metaspace: 19091K(19264K)->19091K(19264K) NonClass: 17261K(17408K)->17261K(17408K) Class: 1829K(1856K)->1829K(1856K)
[578.565s][info][gc             ] GC(1351) Pause Young (Mixed) (G1 Evacuation Pause) 902M->630M(978M) 32.105ms
[578.565s][info][gc,cpu         ] GC(1351) User=0.06s Sys=0.00s Real=0.03s
[579.140s][info][gc,start       ] GC(1352) Pause Young (Concurrent Start) (G1 Evacuation Pause)
[579.140s][info][gc,task        ] GC(1352) Using 2 workers of 2 for evacuation
[579.196s][info][gc,phases      ] GC(1352)   Pre Evacuate Collection Set: 0.35ms
[579.196s][info][gc,phases      ] GC(1352)   Merge Heap Roots: 0.55ms
[579.196s][info][gc,phases      ] GC(1352)   Evacuate Collection Set: 54.14ms
[579.196s][info][gc,phases      ] GC(1352)   Post Evacuate Collection Set: 0.61ms
[579.196s][info][gc,phases      ] GC(1352)   Other: 0.13ms
[579.196s][info][gc,heap        ] GC(1352) Eden regions: 260->0(243)
[579.196s][info][gc,heap        ] GC(1352) Survivor regions: 14->34(35)
[579.196s][info][gc,heap        ] GC(1352) Old regions: 610->610
[579.196s][info][gc,heap        ] GC(1352) Humongous regions: 7->7
[579.196s][info][gc,metaspace   ] GC(1352) Metaspace: 19091K(19264K)->19091K(19264K) NonClass: 17261K(17408K)->17261K(17408K) Class: 1829K(1856K)->1829K(1856K)
[579.196s][info][gc             ] GC(1352) Pause Young (Concurrent Start) (G1 Evacuation Pause) 890M->650M(978M) 56.077ms
[579.196s][info][gc,cpu         ] GC(1352) User=0.11s Sys=0.00s Real=0.06s
[579.196s][info][gc             ] GC(1353) Concurrent Mark Cycle
[579.196s][info][gc,marking     ] GC(1353) Concurrent Scan Root Regions
[579.267s][info][gc,marking     ] GC(1353) Concurrent Scan Root Regions 70.884ms
[579.267s][info][gc,marking     ] GC(1353) Concurrent Mark
[579.267s][info][gc,marking     ] GC(1353) Concurrent Mark From Roots
[579.267s][info][gc,task        ] GC(1353) Using 1 workers of 1 for marking
[579.767s][info][gc,start       ] GC(1354) Pause Young (Normal) (G1 Evacuation Pause)
[579.767s][info][gc,task        ] GC(1354) Using 2 workers of 2 for evacuation
[579.847s][info][gc,phases      ] GC(1354)   Pre Evacuate Collection Set: 0.53ms
[579.847s][info][gc,phases      ] GC(1354)   Merge Heap Roots: 0.24ms
[579.847s][info][gc,phases      ] GC(1354)   Evacuate Collection Set: 79.10ms
[579.847s][info][gc,phases      ] GC(1354)   Post Evacuate Collection Set: 0.58ms
[579.847s][info][gc,phases      ] GC(1354)   Other: 0.11ms
[579.847s][info][gc,heap        ] GC(1354) Eden regions: 243->0(199)
[579.847s][info][gc,heap        ] GC(1354) Survivor regions: 34->35(35)
[579.847s][info][gc,heap        ] GC(1354) Old regions: 610->652
[579.847s][info][gc,heap        ] GC(1354) Humongous regions: 7->7
[579.847s][info][gc,metaspace   ] GC(1354) Metaspace: 19098K(19264K)->19098K(19264K) NonClass: 17269K(17408K)->17269K(17408K) Class: 1829K(1856K)->1829K(1856K)
[579.847s][info][gc             ] GC(1354) Pause Young (Normal) (G1 Evacuation Pause) 893M->693M(978M) 80.819ms
[579.847s][info][gc,cpu         ] GC(1354) User=0.16s Sys=0.00s Real=0.08s
[580.544s][info][gc,start       ] GC(1355) Pause Young (Normal) (G1 Evacuation Pause)
[580.544s][info][gc,task        ] GC(1355) Using 2 workers of 2 for evacuation
[580.599s][info][gc,phases      ] GC(1355)   Pre Evacuate Collection Set: 0.34ms
[580.599s][info][gc,phases      ] GC(1355)   Merge Heap Roots: 0.23ms
[580.599s][info][gc,phases      ] GC(1355)   Evacuate Collection Set: 54.46ms
[580.599s][info][gc,phases      ] GC(1355)   Post Evacuate Collection Set: 0.50ms
[580.599s][info][gc,phases      ] GC(1355)   Other: 0.09ms
[580.599s][info][gc,heap        ] GC(1355) Eden regions: 199->0(199)
[580.599s][info][gc,heap        ] GC(1355) Survivor regions: 35->11(30)
[580.599s][info][gc,heap        ] GC(1355) Old regions: 652->687
[580.599s][info][gc,heap        ] GC(1355) Humongous regions: 8->8
[580.599s][info][gc,metaspace   ] GC(1355) Metaspace: 19098K(19264K)->19098K(19264K) NonClass: 17269K(17408K)->17269K(17408K) Class: 1829K(1856K)->1829K(1856K)
[580.599s][info][gc             ] GC(1355) Pause Young (Normal) (G1 Evacuation Pause) 893M->704M(978M) 55.926ms
[580.599s][info][gc,cpu         ] GC(1355) User=0.11s Sys=0.00s Real=0.05s
[580.660s][info][gc,marking     ] GC(1353) Concurrent Mark From Roots 1392.587ms
[580.660s][info][gc,marking     ] GC(1353) Concurrent Preclean
[580.660s][info][gc,marking     ] GC(1353) Concurrent Preclean 0.047ms
[580.660s][info][gc,start       ] GC(1353) Pause Remark
[580.669s][info][gc             ] GC(1353) Pause Remark 723M->530M(978M) 9.257ms
[580.669s][info][gc,cpu         ] GC(1353) User=0.01s Sys=0.00s Real=0.01s
[580.670s][info][gc,marking     ] GC(1353) Concurrent Mark 1402.268ms
[580.670s][info][gc,marking     ] GC(1353) Concurrent Rebuild Remembered Sets and Scrub Regions
[580.920s][info][gc,start       ] GC(1356) Pause Young (Normal) (G1 Evacuation Pause)
[580.920s][info][gc,task        ] GC(1356) Using 2 workers of 2 for evacuation
[580.966s][info][gc,phases      ] GC(1356)   Pre Evacuate Collection Set: 0.53ms
[580.966s][info][gc,phases      ] GC(1356)   Merge Heap Roots: 0.17ms
[580.966s][info][gc,phases      ] GC(1356)   Evacuate Collection Set: 44.52ms
[580.966s][info][gc,phases      ] GC(1356)   Post Evacuate Collection Set: 0.49ms
[580.966s][info][gc,phases      ] GC(1356)   Other: 0.09ms
[580.966s][info][gc,heap        ] GC(1356) Eden regions: 199->0(323)
[580.966s][info][gc,heap        ] GC(1356) Survivor regions: 11->27(27)
[580.966s][info][gc,heap        ] GC(1356) Old regions: 497->502
[580.966s][info][gc,heap        ] GC(1356) Humongous regions: 5->5
[580.966s][info][gc,metaspace   ] GC(1356) Metaspace: 19098K(19264K)->19098K(19264K) NonClass: 17269K(17408K)->17269K(17408K) Class: 1829K(1856K)->1829K(1856K)
[580.966s][info][gc             ] GC(1356) Pause Young (Normal) (G1 Evacuation Pause) 710M->533M(978M) 46.086ms
[580.966s][info][gc,cpu         ] GC(1356) User=0.09s Sys=0.00s Real=0.05s
[581.256s][info][gc,marking     ] GC(1353) Concurrent Rebuild Remembered Sets and Scrub Regions 586.460ms
[581.256s][info][gc,start       ] GC(1353) Pause Cleanup
[581.256s][info][gc             ] GC(1353) Pause Cleanup 700M->700M(978M) 0.152ms
[581.256s][info][gc,cpu         ] GC(1353) User=0.00s Sys=0.00s Real=0.00s
[581.256s][info][gc,marking     ] GC(1353) Concurrent Clear Claimed Marks
[581.257s][info][gc,marking     ] GC(1353) Concurrent Clear Claimed Marks 0.039ms
[581.257s][info][gc,marking     ] GC(1353) Concurrent Cleanup for Next Mark
[581.263s][info][gc,marking     ] GC(1353) Concurrent Cleanup for Next Mark 6.898ms
[581.263s][info][gc             ] GC(1353) Concurrent Mark Cycle 2067.207ms
[581.591s][info][gc,start       ] GC(1357) Pause Young (Prepare Mixed) (G1 Evacuation Pause)
[581.591s][info][gc,task        ] GC(1357) Using 2 workers of 2 for evacuation
[581.651s][info][gc,phases      ] GC(1357)   Pre Evacuate Collection Set: 0.56ms
[581.651s][info][gc,phases      ] GC(1357)   Merge Heap Roots: 0.22ms
[581.651s][info][gc,phases      ] GC(1357)   Evacuate Collection Set: 58.59ms
[581.651s][info][gc,phases      ] GC(1357)   Post Evacuate Collection Set: 0.64ms
[581.651s][info][gc,phases      ] GC(1357)   Other: 0.10ms
[581.651s][info][gc,heap        ] GC(1357) Eden regions: 323->0(316)
[581.651s][info][gc,heap        ] GC(1357) Survivor regions: 27->39(44)
[581.651s][info][gc,heap        ] GC(1357) Old regions: 502->510
[581.651s][info][gc,heap        ] GC(1357) Humongous regions: 5->5
[581.651s][info][gc,metaspace   ] GC(1357) Metaspace: 19098K(19264K)->19098K(19264K) NonClass: 17269K(17408K)->17269K(17408K) Class: 1829K(1856K)->1829K(1856K)
[581.651s][info][gc             ] GC(1357) Pause Young (Prepare Mixed) (G1 Evacuation Pause) 856M->552M(978M) 60.367ms
[581.651s][info][gc,cpu         ] GC(1357) User=0.12s Sys=0.00s Real=0.06s
[582.461s][info][gc,start       ] GC(1358) Pause Young (Mixed) (G1 Evacuation Pause)
[582.461s][info][gc,task        ] GC(1358) Using 2 workers of 2 for evacuation
[582.508s][info][gc,phases      ] GC(1358)   Pre Evacuate Collection Set: 0.56ms
[582.508s][info][gc,phases      ] GC(1358)   Merge Heap Roots: 0.28ms
[582.508s][info][gc,phases      ] GC(1358)   Evacuate Collection Set: 45.38ms
[582.508s][info][gc,phases      ] GC(1358)   Post Evacuate Collection Set: 0.69ms
[582.508s][info][gc,phases      ] GC(1358)   Other: 0.10ms
[582.508s][info][gc,heap        ] GC(1358) Eden regions: 316->0(364)
[582.508s][info][gc,heap        ] GC(1358) Survivor regions: 39->19(45)
[582.508s][info][gc,heap        ] GC(1358) Old regions: 510->489
[582.508s][info][gc,heap        ] GC(1358) Humongous regions: 5->5
[582.508s][info][gc,metaspace   ] GC(1358) Metaspace: 19098K(19264K)->19098K(19264K) NonClass: 17269K(17408K)->17269K(17408K) Class: 1829K(1856K)->1829K(1856K)
[582.508s][info][gc             ] GC(1358) Pause Young (Mixed) (G1 Evacuation Pause) 868M->511M(978M) 47.260ms
[582.508s][info][gc,cpu         ] GC(1358) User=0.09s Sys=0.00s Real=0.04s
[583.073s][info][gc,start       ] GC(1359) Pause Young (Concurrent Start) (G1 Evacuation Pause)
[583.073s][info][gc,task        ] GC(1359) Using 2 workers of 2 for evacuation
[583.183s][info][gc,phases      ] GC(1359)   Pre Evacuate Collection Set: 0.35ms
[583.184s][info][gc,phases      ] GC(1359)   Merge Heap Roots: 0.52ms
[583.184s][info][gc,phases      ] GC(1359)   Evacuate Collection Set: 108.48ms
[583.184s][info][gc,phases      ] GC(1359)   Post Evacuate Collection Set: 1.00ms
[583.184s][info][gc,phases      ] GC(1359)   Other: 0.12ms
[583.184s][info][gc,heap        ] GC(1359) Eden regions: 364->0(267)
[583.184s][info][gc,heap        ] GC(1359) Survivor regions: 19->48(48)
[583.184s][info][gc,heap        ] GC(1359) Old regions: 489->535
[583.184s][info][gc,heap        ] GC(1359) Humongous regions: 5->5
[583.184s][info][gc,metaspace   ] GC(1359) Metaspace: 19101K(19264K)->19101K(19264K) NonClass: 17271K(17408K)->17271K(17408K) Class: 1829K(1856K)->1829K(1856K)
[583.184s][info][gc             ] GC(1359) Pause Young (Concurrent Start) (G1 Evacuation Pause) 875M->587M(978M) 110.734ms
[583.184s][info][gc,cpu         ] GC(1359) User=0.22s Sys=0.01s Real=0.11s
[583.184s][info][gc             ] GC(1360) Concurrent Mark Cycle
[583.186s][info][gc,marking     ] GC(1360) Concurrent Scan Root Regions
[583.307s][info][gc,marking     ] GC(1360) Concurrent Scan Root Regions 120.102ms
[583.307s][info][gc,marking     ] GC(1360) Concurrent Mark
[583.307s][info][gc,marking     ] GC(1360) Concurrent Mark From Roots
[583.307s][info][gc,task        ] GC(1360) Using 1 workers of 1 for marking
[583.559s][info][gc,start       ] GC(1361) Pause Young (Normal) (G1 Evacuation Pause)
[583.559s][info][gc,task        ] GC(1361) Using 2 workers of 2 for evacuation
[583.690s][info][gc,phases      ] GC(1361)   Pre Evacuate Collection Set: 0.56ms
[583.690s][info][gc,phases      ] GC(1361)   Merge Heap Roots: 0.59ms
[583.690s][info][gc,phases      ] GC(1361)   Evacuate Collection Set: 129.12ms
[583.690s][info][gc,phases      ] GC(1361)   Post Evacuate Collection Set: 0.91ms
[583.690s][info][gc,phases      ] GC(1361)   Other: 0.11ms
[583.690s][info][gc,heap        ] GC(1361) Eden regions: 267->0(207)
[583.690s][info][gc,heap        ] GC(1361) Survivor regions: 48->40(40)
[583.690s][info][gc,heap        ] GC(1361) Old regions: 535->608
[583.690s][info][gc,heap        ] GC(1361) Humongous regions: 5->5
[583.690s][info][gc,metaspace   ] GC(1361) Metaspace: 19101K(19264K)->19101K(19264K) NonClass: 17271K(17408K)->17271K(17408K) Class: 1829K(1856K)->1829K(1856K)
[583.690s][info][gc             ] GC(1361) Pause Young (Normal) (G1 Evacuation Pause) 854M->652M(978M) 131.573ms
[583.690s][info][gc,cpu         ] GC(1361) User=0.26s Sys=0.00s Real=0.14s
[584.133s][info][gc,start       ] GC(1362) Pause Young (Normal) (G1 Evacuation Pause)
[584.133s][info][gc,task        ] GC(1362) Using 2 workers of 2 for evacuation
[584.228s][info][gc,phases      ] GC(1362)   Pre Evacuate Collection Set: 0.31ms
[584.228s][info][gc,phases      ] GC(1362)   Merge Heap Roots: 0.61ms
[584.228s][info][gc,phases      ] GC(1362)   Evacuate Collection Set: 93.58ms
[584.228s][info][gc,phases      ] GC(1362)   Post Evacuate Collection Set: 0.63ms
[584.228s][info][gc,phases      ] GC(1362)   Other: 0.11ms
[584.228s][info][gc,heap        ] GC(1362) Eden regions: 207->0(191)
[584.228s][info][gc,heap        ] GC(1362) Survivor regions: 40->27(31)
[584.228s][info][gc,heap        ] GC(1362) Old regions: 608->649
[584.228s][info][gc,heap        ] GC(1362) Humongous regions: 8->8
[584.228s][info][gc,metaspace   ] GC(1362) Metaspace: 19101K(19264K)->19101K(19264K) NonClass: 17271K(17408K)->17271K(17408K) Class: 1829K(1856K)->1829K(1856K)
[584.228s][info][gc             ] GC(1362) Pause Young (Normal) (G1 Evacuation Pause) 862M->682M(978M) 95.536ms
[584.228s][info][gc,cpu         ] GC(1362) User=0.19s Sys=0.00s Real=0.09s
[584.689s][info][gc,marking     ] GC(1360) Concurrent Mark From Roots 1382.473ms
[584.689s][info][gc,marking     ] GC(1360) Concurrent Preclean
[584.689s][info][gc,marking     ] GC(1360) Concurrent Preclean 0.050ms
[584.689s][info][gc,start       ] GC(1360) Pause Remark
[584.699s][info][gc             ] GC(1360) Pause Remark 825M->671M(978M) 9.112ms
[584.699s][info][gc,cpu         ] GC(1360) User=0.01s Sys=0.00s Real=0.01s
[584.699s][info][gc,marking     ] GC(1360) Concurrent Mark 1392.836ms
[584.700s][info][gc,marking     ] GC(1360) Concurrent Rebuild Remembered Sets and Scrub Regions
[584.824s][info][gc,start       ] GC(1363) Pause Young (Normal) (G1 Evacuation Pause)
[584.824s][info][gc,task        ] GC(1363) Using 2 workers of 2 for evacuation
[584.907s][info][gc,phases      ] GC(1363)   Pre Evacuate Collection Set: 0.59ms
[584.907s][info][gc,phases      ] GC(1363)   Merge Heap Roots: 0.42ms
[584.907s][info][gc,phases      ] GC(1363)   Evacuate Collection Set: 81.92ms
[584.907s][info][gc,phases      ] GC(1363)   Post Evacuate Collection Set: 0.52ms
[584.907s][info][gc,phases      ] GC(1363)   Other: 0.09ms
[584.907s][info][gc,heap        ] GC(1363) Eden regions: 191->0(291)
[584.908s][info][gc,heap        ] GC(1363) Survivor regions: 27->18(28)
[584.908s][info][gc,heap        ] GC(1363) Old regions: 497->523
[584.908s][info][gc,heap        ] GC(1363) Humongous regions: 9->9
[584.908s][info][gc,metaspace   ] GC(1363) Metaspace: 19101K(19264K)->19101K(19264K) NonClass: 17271K(17408K)->17271K(17408K) Class: 1829K(1856K)->1829K(1856K)
[584.908s][info][gc             ] GC(1363) Pause Young (Normal) (G1 Evacuation Pause) 722M->548M(978M) 83.845ms
[584.908s][info][gc,cpu         ] GC(1363) User=0.16s Sys=0.00s Real=0.08s
[585.286s][info][gc,marking     ] GC(1360) Concurrent Rebuild Remembered Sets and Scrub Regions 586.095ms
[585.286s][info][gc,start       ] GC(1360) Pause Cleanup
[585.286s][info][gc             ] GC(1360) Pause Cleanup 717M->717M(978M) 0.121ms
[585.286s][info][gc,cpu         ] GC(1360) User=0.00s Sys=0.00s Real=0.00s
[585.286s][info][gc,marking     ] GC(1360) Concurrent Clear Claimed Marks
[585.286s][info][gc,marking     ] GC(1360) Concurrent Clear Claimed Marks 0.034ms
[585.286s][info][gc,marking     ] GC(1360) Concurrent Cleanup for Next Mark
[585.289s][info][gc,marking     ] GC(1360) Concurrent Cleanup for Next Mark 3.021ms
[585.289s][info][gc             ] GC(1360) Concurrent Mark Cycle 2105.384ms
[585.493s][info][gc,start       ] GC(1364) Pause Young (Prepare Mixed) (G1 Evacuation Pause)
[585.493s][info][gc,task        ] GC(1364) Using 2 workers of 2 for evacuation
[585.530s][info][gc,phases      ] GC(1364)   Pre Evacuate Collection Set: 0.58ms
[585.530s][info][gc,phases      ] GC(1364)   Merge Heap Roots: 0.37ms
[585.530s][info][gc,phases      ] GC(1364)   Evacuate Collection Set: 35.33ms
[585.530s][info][gc,phases      ] GC(1364)   Post Evacuate Collection Set: 0.70ms
[585.530s][info][gc,phases      ] GC(1364)   Other: 0.12ms
[585.530s][info][gc,heap        ] GC(1364) Eden regions: 291->0(316)
[585.530s][info][gc,heap        ] GC(1364) Survivor regions: 18->18(39)
[585.530s][info][gc,heap        ] GC(1364) Old regions: 523->523
[585.530s][info][gc,heap        ] GC(1364) Humongous regions: 9->9
[585.530s][info][gc,metaspace   ] GC(1364) Metaspace: 19101K(19264K)->19101K(19264K) NonClass: 17271K(17408K)->17271K(17408K) Class: 1829K(1856K)->1829K(1856K)
[585.530s][info][gc             ] GC(1364) Pause Young (Prepare Mixed) (G1 Evacuation Pause) 839M->548M(978M) 37.348ms
[585.530s][info][gc,cpu         ] GC(1364) User=0.07s Sys=0.00s Real=0.03s
[586.066s][info][gc,start       ] GC(1365) Pause Young (Mixed) (G1 Evacuation Pause)
[586.066s][info][gc,task        ] GC(1365) Using 2 workers of 2 for evacuation
[586.105s][info][gc,phases      ] GC(1365)   Pre Evacuate Collection Set: 0.32ms
[586.105s][info][gc,phases      ] GC(1365)   Merge Heap Roots: 0.24ms
[586.105s][info][gc,phases      ] GC(1365)   Evacuate Collection Set: 37.30ms
[586.105s][info][gc,phases      ] GC(1365)   Post Evacuate Collection Set: 0.85ms
[586.105s][info][gc,phases      ] GC(1365)   Other: 0.15ms
[586.105s][info][gc,heap        ] GC(1365) Eden regions: 316->0(354)
[586.105s][info][gc,heap        ] GC(1365) Survivor regions: 18->18(42)
[586.105s][info][gc,heap        ] GC(1365) Old regions: 523->501
[586.105s][info][gc,heap        ] GC(1365) Humongous regions: 9->9
[586.105s][info][gc,metaspace   ] GC(1365) Metaspace: 19101K(19264K)->19101K(19264K) NonClass: 17271K(17408K)->17271K(17408K) Class: 1829K(1856K)->1829K(1856K)
[586.105s][info][gc             ] GC(1365) Pause Young (Mixed) (G1 Evacuation Pause) 864M->527M(978M) 39.118ms
[586.105s][info][gc,cpu         ] GC(1365) User=0.08s Sys=0.00s Real=0.04s
[586.761s][info][gc,start       ] GC(1366) Pause Young (Concurrent Start) (G1 Evacuation Pause)
[586.761s][info][gc,task        ] GC(1366) Using 2 workers of 2 for evacuation
[586.795s][info][gc,phases      ] GC(1366)   Pre Evacuate Collection Set: 0.34ms
[586.795s][info][gc,phases      ] GC(1366)   Merge Heap Roots: 0.21ms
[586.796s][info][gc,phases      ] GC(1366)   Evacuate Collection Set: 32.90ms
[586.796s][info][gc,phases      ] GC(1366)   Post Evacuate Collection Set: 0.69ms
[586.796s][info][gc,phases      ] GC(1366)   Other: 0.14ms
[586.796s][info][gc,heap        ] GC(1366) Eden regions: 354->0(372)
[586.796s][info][gc,heap        ] GC(1366) Survivor regions: 18->18(47)
[586.796s][info][gc,heap        ] GC(1366) Old regions: 501->501
[586.796s][info][gc,heap        ] GC(1366) Humongous regions: 9->9
[586.796s][info][gc,metaspace   ] GC(1366) Metaspace: 19101K(19264K)->19101K(19264K) NonClass: 17271K(17408K)->17271K(17408K) Class: 1829K(1856K)->1829K(1856K)
[586.796s][info][gc             ] GC(1366) Pause Young (Concurrent Start) (G1 Evacuation Pause) 881M->527M(978M) 34.619ms
[586.796s][info][gc,cpu         ] GC(1366) User=0.07s Sys=0.00s Real=0.03s
[586.796s][info][gc             ] GC(1367) Concurrent Mark Cycle
[586.796s][info][gc,marking     ] GC(1367) Concurrent Scan Root Regions
[586.860s][info][gc,marking     ] GC(1367) Concurrent Scan Root Regions 63.818ms
[586.860s][info][gc,marking     ] GC(1367) Concurrent Mark
[586.860s][info][gc,marking     ] GC(1367) Concurrent Mark From Roots
[586.860s][info][gc,task        ] GC(1367) Using 1 workers of 1 for marking
[588.019s][info][gc,start       ] GC(1368) Pause Young (Normal) (G1 Evacuation Pause)
[588.020s][info][gc,task        ] GC(1368) Using 2 workers of 2 for evacuation
[588.074s][info][gc,phases      ] GC(1368)   Pre Evacuate Collection Set: 0.32ms
[588.074s][info][gc,phases      ] GC(1368)   Merge Heap Roots: 0.30ms
[588.074s][info][gc,phases      ] GC(1368)   Evacuate Collection Set: 53.31ms
[588.074s][info][gc,phases      ] GC(1368)   Post Evacuate Collection Set: 0.66ms
[588.074s][info][gc,phases      ] GC(1368)   Other: 0.12ms
[588.074s][info][gc,heap        ] GC(1368) Eden regions: 372->0(352)
[588.074s][info][gc,heap        ] GC(1368) Survivor regions: 18->33(49)
[588.074s][info][gc,heap        ] GC(1368) Old regions: 501->501
[588.074s][info][gc,heap        ] GC(1368) Humongous regions: 9->9
[588.074s][info][gc,metaspace   ] GC(1368) Metaspace: 19101K(19264K)->19101K(19264K) NonClass: 17271K(17408K)->17271K(17408K) Class: 1829K(1856K)->1829K(1856K)
[588.074s][info][gc             ] GC(1368) Pause Young (Normal) (G1 Evacuation Pause) 899M->542M(978M) 54.998ms
[588.074s][info][gc,cpu         ] GC(1368) User=0.11s Sys=0.00s Real=0.06s
[588.535s][info][gc,start       ] GC(1369) Pause Young (Normal) (G1 Evacuation Pause)
[588.536s][info][gc,task        ] GC(1369) Using 2 workers of 2 for evacuation
[588.648s][info][gc,phases      ] GC(1369)   Pre Evacuate Collection Set: 0.53ms
[588.648s][info][gc,phases      ] GC(1369)   Merge Heap Roots: 0.30ms
[588.648s][info][gc,phases      ] GC(1369)   Evacuate Collection Set: 110.85ms
[588.648s][info][gc,phases      ] GC(1369)   Post Evacuate Collection Set: 0.68ms
[588.648s][info][gc,phases      ] GC(1369)   Other: 0.12ms
[588.648s][info][gc,heap        ] GC(1369) Eden regions: 352->0(288)
[588.648s][info][gc,heap        ] GC(1369) Survivor regions: 33->49(49)
[588.648s][info][gc,heap        ] GC(1369) Old regions: 501->533
[588.648s][info][gc,heap        ] GC(1369) Humongous regions: 9->9
[588.648s][info][gc,metaspace   ] GC(1369) Metaspace: 19101K(19264K)->19101K(19264K) NonClass: 17271K(17408K)->17271K(17408K) Class: 1829K(1856K)->1829K(1856K)
[588.648s][info][gc             ] GC(1369) Pause Young (Normal) (G1 Evacuation Pause) 894M->590M(978M) 112.738ms
[588.648s][info][gc,cpu         ] GC(1369) User=0.22s Sys=0.00s Real=0.11s
[588.717s][info][gc,marking     ] GC(1367) Concurrent Mark From Roots 1857.390ms
[588.717s][info][gc,marking     ] GC(1367) Concurrent Preclean
[588.717s][info][gc,marking     ] GC(1367) Concurrent Preclean 0.054ms
[588.717s][info][gc,start       ] GC(1367) Pause Remark
[588.726s][info][gc             ] GC(1367) Pause Remark 639M->637M(978M) 8.824ms
[588.726s][info][gc,cpu         ] GC(1367) User=0.02s Sys=0.00s Real=0.01s
[588.726s][info][gc,marking     ] GC(1367) Concurrent Mark 1866.579ms
[588.726s][info][gc,marking     ] GC(1367) Concurrent Rebuild Remembered Sets and Scrub Regions
[589.014s][info][gc,start       ] GC(1370) Pause Young (Normal) (G1 Evacuation Pause)
[589.014s][info][gc,task        ] GC(1370) Using 2 workers of 2 for evacuation
[589.095s][info][gc,phases      ] GC(1370)   Pre Evacuate Collection Set: 0.32ms
[589.095s][info][gc,phases      ] GC(1370)   Merge Heap Roots: 0.41ms
[589.095s][info][gc,phases      ] GC(1370)   Evacuate Collection Set: 79.78ms
[589.095s][info][gc,phases      ] GC(1370)   Post Evacuate Collection Set: 0.60ms
[589.095s][info][gc,phases      ] GC(1370)   Other: 0.11ms
[589.095s][info][gc,heap        ] GC(1370) Eden regions: 288->0(289)
[589.095s][info][gc,heap        ] GC(1370) Survivor regions: 49->17(43)
[589.095s][info][gc,heap        ] GC(1370) Old regions: 533->583
[589.095s][info][gc,heap        ] GC(1370) Humongous regions: 7->7
[589.095s][info][gc,metaspace   ] GC(1370) Metaspace: 19101K(19264K)->19101K(19264K) NonClass: 17271K(17408K)->17271K(17408K) Class: 1829K(1856K)->1829K(1856K)
[589.095s][info][gc             ] GC(1370) Pause Young (Normal) (G1 Evacuation Pause) 876M->605M(978M) 81.502ms
[589.095s][info][gc,cpu         ] GC(1370) User=0.16s Sys=0.00s Real=0.08s
[589.239s][info][gc,marking     ] GC(1367) Concurrent Rebuild Remembered Sets and Scrub Regions 513.260ms
[589.240s][info][gc,start       ] GC(1367) Pause Cleanup
[589.240s][info][gc             ] GC(1367) Pause Cleanup 710M->710M(978M) 0.114ms
[589.240s][info][gc,cpu         ] GC(1367) User=0.00s Sys=0.00s Real=0.00s
[589.240s][info][gc,marking     ] GC(1367) Concurrent Clear Claimed Marks
[589.240s][info][gc,marking     ] GC(1367) Concurrent Clear Claimed Marks 0.040ms
[589.240s][info][gc,marking     ] GC(1367) Concurrent Cleanup for Next Mark
[589.245s][info][gc,marking     ] GC(1367) Concurrent Cleanup for Next Mark 5.000ms
[589.245s][info][gc             ] GC(1367) Concurrent Mark Cycle 2449.565ms
[589.373s][info][gc,start       ] GC(1371) Pause Young (Prepare Mixed) (G1 Evacuation Pause)
[589.373s][info][gc,task        ] GC(1371) Using 2 workers of 2 for evacuation
[589.418s][info][gc,phases      ] GC(1371)   Pre Evacuate Collection Set: 0.32ms
[589.418s][info][gc,phases      ] GC(1371)   Merge Heap Roots: 0.33ms
[589.418s][info][gc,phases      ] GC(1371)   Evacuate Collection Set: 43.45ms
[589.418s][info][gc,phases      ] GC(1371)   Post Evacuate Collection Set: 0.61ms
[589.418s][info][gc,phases      ] GC(1371)   Other: 0.11ms
[589.418s][info][gc,heap        ] GC(1371) Eden regions: 289->0(278)
[589.418s][info][gc,heap        ] GC(1371) Survivor regions: 17->30(39)
[589.418s][info][gc,heap        ] GC(1371) Old regions: 583->583
[589.418s][info][gc,heap        ] GC(1371) Humongous regions: 7->7
[589.418s][info][gc,metaspace   ] GC(1371) Metaspace: 19101K(19264K)->19101K(19264K) NonClass: 17271K(17408K)->17271K(17408K) Class: 1829K(1856K)->1829K(1856K)
[589.418s][info][gc             ] GC(1371) Pause Young (Prepare Mixed) (G1 Evacuation Pause) 894M->619M(978M) 45.102ms
[589.418s][info][gc,cpu         ] GC(1371) User=0.09s Sys=0.00s Real=0.04s
[589.665s][info][gc,start       ] GC(1372) Pause Young (Mixed) (G1 Evacuation Pause)
[589.665s][info][gc,task        ] GC(1372) Using 2 workers of 2 for evacuation
[589.738s][info][gc,phases      ] GC(1372)   Pre Evacuate Collection Set: 0.54ms
[589.738s][info][gc,phases      ] GC(1372)   Merge Heap Roots: 0.36ms
[589.738s][info][gc,phases      ] GC(1372)   Evacuate Collection Set: 70.65ms
[589.738s][info][gc,phases      ] GC(1372)   Post Evacuate Collection Set: 0.64ms
[589.738s][info][gc,phases      ] GC(1372)   Other: 0.11ms
[589.738s][info][gc,heap        ] GC(1372) Eden regions: 278->0(254)
[589.738s][info][gc,heap        ] GC(1372) Survivor regions: 30->39(39)
[589.738s][info][gc,heap        ] GC(1372) Old regions: 583->589
[589.738s][info][gc,heap        ] GC(1372) Humongous regions: 7->7
[589.738s][info][gc,metaspace   ] GC(1372) Metaspace: 19101K(19264K)->19101K(19264K) NonClass: 17271K(17408K)->17271K(17408K) Class: 1829K(1856K)->1829K(1856K)
[589.738s][info][gc             ] GC(1372) Pause Young (Mixed) (G1 Evacuation Pause) 897M->634M(978M) 72.578ms
[589.738s][info][gc,cpu         ] GC(1372) User=0.15s Sys=0.00s Real=0.07s
[590.433s][info][gc,start       ] GC(1373) Pause Young (Concurrent Start) (G1 Evacuation Pause)
[590.433s][info][gc,task        ] GC(1373) Using 2 workers of 2 for evacuation
[590.503s][info][gc,phases      ] GC(1373)   Pre Evacuate Collection Set: 0.31ms
[590.503s][info][gc,phases      ] GC(1373)   Merge Heap Roots: 0.32ms
[590.503s][info][gc,phases      ] GC(1373)   Evacuate Collection Set: 67.96ms
[590.503s][info][gc,phases      ] GC(1373)   Post Evacuate Collection Set: 0.58ms
[590.503s][info][gc,phases      ] GC(1373)   Other: 0.14ms
[590.503s][info][gc,heap        ] GC(1373) Eden regions: 254->0(260)
[590.503s][info][gc,heap        ] GC(1373) Survivor regions: 39->16(37)
[590.503s][info][gc,heap        ] GC(1373) Old regions: 589->628
[590.503s][info][gc,heap        ] GC(1373) Humongous regions: 7->7
[590.503s][info][gc,metaspace   ] GC(1373) Metaspace: 19101K(19264K)->19101K(19264K) NonClass: 17271K(17408K)->17271K(17408K) Class: 1829K(1856K)->1829K(1856K)
[590.503s][info][gc             ] GC(1373) Pause Young (Concurrent Start) (G1 Evacuation Pause) 888M->650M(978M) 69.571ms
[590.503s][info][gc,cpu         ] GC(1373) User=0.13s Sys=0.00s Real=0.07s
[590.503s][info][gc             ] GC(1374) Concurrent Mark Cycle
[590.503s][info][gc,marking     ] GC(1374) Concurrent Scan Root Regions
[590.617s][info][gc,marking     ] GC(1374) Concurrent Scan Root Regions 113.928ms
[590.617s][info][gc,marking     ] GC(1374) Concurrent Mark
[590.617s][info][gc,marking     ] GC(1374) Concurrent Mark From Roots
[590.617s][info][gc,task        ] GC(1374) Using 1 workers of 1 for marking
[591.538s][info][gc,start       ] GC(1375) Pause Young (Normal) (G1 Evacuation Pause)
[591.538s][info][gc,task        ] GC(1375) Using 2 workers of 2 for evacuation
[591.561s][info][gc,phases      ] GC(1375)   Pre Evacuate Collection Set: 0.55ms
[591.561s][info][gc,phases      ] GC(1375)   Merge Heap Roots: 0.28ms
[591.561s][info][gc,phases      ] GC(1375)   Evacuate Collection Set: 21.63ms
[591.561s][info][gc,phases      ] GC(1375)   Post Evacuate Collection Set: 0.54ms
[591.561s][info][gc,phases      ] GC(1375)   Other: 0.09ms
[591.561s][info][gc,heap        ] GC(1375) Eden regions: 260->0(259)
[591.561s][info][gc,heap        ] GC(1375) Survivor regions: 16->17(35)
[591.561s][info][gc,heap        ] GC(1375) Old regions: 628->628
[591.561s][info][gc,heap        ] GC(1375) Humongous regions: 7->7
[591.561s][info][gc,metaspace   ] GC(1375) Metaspace: 19101K(19264K)->19101K(19264K) NonClass: 17271K(17408K)->17271K(17408K) Class: 1829K(1856K)->1829K(1856K)
[591.561s][info][gc             ] GC(1375) Pause Young (Normal) (G1 Evacuation Pause) 910M->650M(978M) 23.351ms
[591.561s][info][gc,cpu         ] GC(1375) User=0.05s Sys=0.00s Real=0.03s
[592.585s][info][gc,start       ] GC(1376) Pause Young (Normal) (G1 Evacuation Pause)
[592.585s][info][gc,task        ] GC(1376) Using 2 workers of 2 for evacuation
[592.606s][info][gc,phases      ] GC(1376)   Pre Evacuate Collection Set: 0.57ms
[592.606s][info][gc,phases      ] GC(1376)   Merge Heap Roots: 0.18ms
[592.606s][info][gc,phases      ] GC(1376)   Evacuate Collection Set: 19.86ms
[592.606s][info][gc,phases      ] GC(1376)   Post Evacuate Collection Set: 0.54ms
[592.606s][info][gc,phases      ] GC(1376)   Other: 0.12ms
[592.606s][info][gc,heap        ] GC(1376) Eden regions: 259->0(259)
[592.606s][info][gc,heap        ] GC(1376) Survivor regions: 17->17(35)
[592.606s][info][gc,heap        ] GC(1376) Old regions: 628->628
[592.606s][info][gc,heap        ] GC(1376) Humongous regions: 7->7
[592.606s][info][gc,metaspace   ] GC(1376) Metaspace: 19101K(19264K)->19101K(19264K) NonClass: 17271K(17408K)->17271K(17408K) Class: 1829K(1856K)->1829K(1856K)
[592.606s][info][gc             ] GC(1376) Pause Young (Normal) (G1 Evacuation Pause) 909M->650M(978M) 21.548ms
[592.606s][info][gc,cpu         ] GC(1376) User=0.04s Sys=0.00s Real=0.02s
[592.747s][info][gc,marking     ] GC(1374) Concurrent Mark From Roots 2130.197ms
[592.747s][info][gc,marking     ] GC(1374) Concurrent Preclean
[592.747s][info][gc,marking     ] GC(1374) Concurrent Preclean 0.063ms
[592.748s][info][gc,start       ] GC(1374) Pause Remark
[592.758s][info][gc             ] GC(1374) Pause Remark 688M->688M(978M) 10.502ms
[592.758s][info][gc,cpu         ] GC(1374) User=0.02s Sys=0.00s Real=0.01s
[592.758s][info][gc,marking     ] GC(1374) Concurrent Mark 2141.156ms
[592.758s][info][gc,marking     ] GC(1374) Concurrent Rebuild Remembered Sets and Scrub Regions
[593.342s][info][gc,marking     ] GC(1374) Concurrent Rebuild Remembered Sets and Scrub Regions 584.148ms
[593.343s][info][gc,start       ] GC(1374) Pause Cleanup
[593.343s][info][gc             ] GC(1374) Pause Cleanup 827M->827M(978M) 0.124ms
[593.343s][info][gc,cpu         ] GC(1374) User=0.00s Sys=0.00s Real=0.00s
[593.343s][info][gc,marking     ] GC(1374) Concurrent Clear Claimed Marks
[593.343s][info][gc,marking     ] GC(1374) Concurrent Clear Claimed Marks 0.036ms
[593.343s][info][gc,marking     ] GC(1374) Concurrent Cleanup for Next Mark
[593.346s][info][gc,marking     ] GC(1374) Concurrent Cleanup for Next Mark 3.065ms
[593.346s][info][gc             ] GC(1374) Concurrent Mark Cycle 2842.950ms
[593.590s][info][gc,start       ] GC(1377) Pause Young (Prepare Mixed) (G1 Evacuation Pause)
[593.590s][info][gc,task        ] GC(1377) Using 2 workers of 2 for evacuation
[593.612s][info][gc,phases      ] GC(1377)   Pre Evacuate Collection Set: 0.33ms
[593.612s][info][gc,phases      ] GC(1377)   Merge Heap Roots: 0.22ms
[593.612s][info][gc,phases      ] GC(1377)   Evacuate Collection Set: 20.48ms
[593.612s][info][gc,phases      ] GC(1377)   Post Evacuate Collection Set: 0.60ms
[593.612s][info][gc,phases      ] GC(1377)   Other: 0.12ms
[593.612s][info][gc,heap        ] GC(1377) Eden regions: 259->0(261)
[593.612s][info][gc,heap        ] GC(1377) Survivor regions: 17->16(35)
[593.612s][info][gc,heap        ] GC(1377) Old regions: 628->628
[593.612s][info][gc,heap        ] GC(1377) Humongous regions: 7->7
[593.612s][info][gc,metaspace   ] GC(1377) Metaspace: 19101K(19264K)->19101K(19264K) NonClass: 17271K(17408K)->17271K(17408K) Class: 1829K(1856K)->1829K(1856K)
[593.612s][info][gc             ] GC(1377) Pause Young (Prepare Mixed) (G1 Evacuation Pause) 909M->650M(978M) 22.028ms
[593.612s][info][gc,cpu         ] GC(1377) User=0.04s Sys=0.00s Real=0.03s
[594.010s][info][gc,start       ] GC(1378) Pause Young (Mixed) (G1 Evacuation Pause)
[594.011s][info][gc,task        ] GC(1378) Using 2 workers of 2 for evacuation
[594.102s][info][gc,phases      ] GC(1378)   Pre Evacuate Collection Set: 0.33ms
[594.102s][info][gc,phases      ] GC(1378)   Merge Heap Roots: 0.21ms
[594.102s][info][gc,phases      ] GC(1378)   Evacuate Collection Set: 85.60ms
[594.102s][info][gc,phases      ] GC(1378)   Post Evacuate Collection Set: 5.57ms
[594.102s][info][gc,phases      ] GC(1378)   Other: 0.09ms
[594.102s][info][gc,heap        ] GC(1378) Eden regions: 261->0(151)
[594.102s][info][gc,heap        ] GC(1378) Survivor regions: 16->35(35)
[594.102s][info][gc,heap        ] GC(1378) Old regions: 628->700
[594.102s][info][gc,heap        ] GC(1378) Humongous regions: 7->7
[594.102s][info][gc,metaspace   ] GC(1378) Metaspace: 19101K(19264K)->19101K(19264K) NonClass: 17271K(17408K)->17271K(17408K) Class: 1829K(1856K)->1829K(1856K)
[594.103s][info][gc             ] GC(1378) Pause Young (Mixed) (G1 Evacuation Pause) (Evacuation Failure: Allocation) 911M->741M(978M) 92.080ms
[594.103s][info][gc,cpu         ] GC(1378) User=0.19s Sys=0.00s Real=0.09s
[594.335s][info][gc,start       ] GC(1379) Pause Young (Concurrent Start) (G1 Evacuation Pause)
[594.335s][info][gc,task        ] GC(1379) Using 2 workers of 2 for evacuation
[594.412s][info][gc,phases      ] GC(1379)   Pre Evacuate Collection Set: 0.37ms
[594.412s][info][gc,phases      ] GC(1379)   Merge Heap Roots: 0.47ms
[594.412s][info][gc,phases      ] GC(1379)   Evacuate Collection Set: 74.75ms
[594.412s][info][gc,phases      ] GC(1379)   Post Evacuate Collection Set: 0.59ms
[594.412s][info][gc,phases      ] GC(1379)   Other: 0.11ms
[594.412s][info][gc,heap        ] GC(1379) Eden regions: 151->0(189)
[594.412s][info][gc,heap        ] GC(1379) Survivor regions: 35->14(24)
[594.412s][info][gc,heap        ] GC(1379) Old regions: 700->700
[594.412s][info][gc,heap        ] GC(1379) Humongous regions: 7->7
[594.412s][info][gc,metaspace   ] GC(1379) Metaspace: 19101K(19264K)->19101K(19264K) NonClass: 17271K(17408K)->17271K(17408K) Class: 1829K(1856K)->1829K(1856K)
[594.412s][info][gc             ] GC(1379) Pause Young (Concurrent Start) (G1 Evacuation Pause) 892M->720M(978M) 76.586ms
[594.412s][info][gc,cpu         ] GC(1379) User=0.15s Sys=0.00s Real=0.08s
[594.412s][info][gc             ] GC(1380) Concurrent Mark Cycle
[594.416s][info][gc,marking     ] GC(1380) Concurrent Scan Root Regions
[594.513s][info][gc,marking     ] GC(1380) Concurrent Scan Root Regions 96.370ms
[594.513s][info][gc,marking     ] GC(1380) Concurrent Mark
[594.513s][info][gc,marking     ] GC(1380) Concurrent Mark From Roots
[594.513s][info][gc,task        ] GC(1380) Using 1 workers of 1 for marking
[594.765s][info][gc,start       ] GC(1381) Pause Young (Normal) (G1 Evacuation Pause)
[594.765s][info][gc,task        ] GC(1381) Using 2 workers of 2 for evacuation
[594.862s][info][gc,phases      ] GC(1381)   Pre Evacuate Collection Set: 0.32ms
[594.862s][info][gc,phases      ] GC(1381)   Merge Heap Roots: 0.39ms
[594.862s][info][gc,phases      ] GC(1381)   Evacuate Collection Set: 93.66ms
[594.862s][info][gc,phases      ] GC(1381)   Post Evacuate Collection Set: 3.00ms
[594.862s][info][gc,phases      ] GC(1381)   Other: 0.10ms
[594.862s][info][gc,heap        ] GC(1381) Eden regions: 189->0(95)
[594.862s][info][gc,heap        ] GC(1381) Survivor regions: 14->26(26)
[594.862s][info][gc,heap        ] GC(1381) Old regions: 700->771
[594.862s][info][gc,heap        ] GC(1381) Humongous regions: 10->10
[594.862s][info][gc,metaspace   ] GC(1381) Metaspace: 19101K(19264K)->19101K(19264K) NonClass: 17271K(17408K)->17271K(17408K) Class: 1829K(1856K)->1829K(1856K)
[594.862s][info][gc             ] GC(1381) Pause Young (Normal) (G1 Evacuation Pause) (Evacuation Failure: Allocation) 912M->806M(978M) 97.733ms
[594.862s][info][gc,cpu         ] GC(1381) User=0.19s Sys=0.01s Real=0.10s
[595.034s][info][gc,start       ] GC(1382) Pause Young (Normal) (G1 Evacuation Pause)
[595.034s][info][gc,task        ] GC(1382) Using 2 workers of 2 for evacuation
[595.121s][info][gc,phases      ] GC(1382)   Pre Evacuate Collection Set: 0.62ms
[595.121s][info][gc,phases      ] GC(1382)   Merge Heap Roots: 0.47ms
[595.121s][info][gc,phases      ] GC(1382)   Evacuate Collection Set: 85.51ms
[595.121s][info][gc,phases      ] GC(1382)   Post Evacuate Collection Set: 0.55ms
[595.122s][info][gc,phases      ] GC(1382)   Other: 0.11ms
[595.122s][info][gc,heap        ] GC(1382) Eden regions: 95->0(99)
[595.122s][info][gc,heap        ] GC(1382) Survivor regions: 26->16(16)
[595.122s][info][gc,heap        ] GC(1382) Old regions: 771->787
[595.122s][info][gc,heap        ] GC(1382) Humongous regions: 10->10
[595.122s][info][gc,metaspace   ] GC(1382) Metaspace: 19101K(19264K)->19101K(19264K) NonClass: 17271K(17408K)->17271K(17408K) Class: 1829K(1856K)->1829K(1856K)
[595.122s][info][gc             ] GC(1382) Pause Young (Normal) (G1 Evacuation Pause) 901M->812M(978M) 87.560ms
[595.122s][info][gc,cpu         ] GC(1382) User=0.17s Sys=0.00s Real=0.09s
[595.410s][info][gc,start       ] GC(1383) Pause Young (Normal) (G1 Evacuation Pause)
[595.410s][info][gc,task        ] GC(1383) Using 2 workers of 2 for evacuation
[595.443s][info][gc,phases      ] GC(1383)   Pre Evacuate Collection Set: 0.53ms
[595.443s][info][gc,phases      ] GC(1383)   Merge Heap Roots: 0.26ms
[595.443s][info][gc,phases      ] GC(1383)   Evacuate Collection Set: 31.55ms
[595.443s][info][gc,phases      ] GC(1383)   Post Evacuate Collection Set: 0.39ms
[595.443s][info][gc,phases      ] GC(1383)   Other: 0.08ms
[595.443s][info][gc,heap        ] GC(1383) Eden regions: 99->0(95)
[595.443s][info][gc,heap        ] GC(1383) Survivor regions: 16->10(15)
[595.443s][info][gc,heap        ] GC(1383) Old regions: 787->803
[595.443s][info][gc,heap        ] GC(1383) Humongous regions: 10->10
[595.443s][info][gc,metaspace   ] GC(1383) Metaspace: 19102K(19264K)->19102K(19264K) NonClass: 17272K(17408K)->17272K(17408K) Class: 1829K(1856K)->1829K(1856K)
[595.443s][info][gc             ] GC(1383) Pause Young (Normal) (G1 Evacuation Pause) 911M->822M(978M) 33.104ms
[595.443s][info][gc,cpu         ] GC(1383) User=0.07s Sys=0.00s Real=0.04s
[595.689s][info][gc,start       ] GC(1384) Pause Young (Normal) (G1 Evacuation Pause)
[595.690s][info][gc,task        ] GC(1384) Using 2 workers of 2 for evacuation
[595.701s][info][gc,phases      ] GC(1384)   Pre Evacuate Collection Set: 0.57ms
[595.701s][info][gc,phases      ] GC(1384)   Merge Heap Roots: 0.11ms
[595.701s][info][gc,phases      ] GC(1384)   Evacuate Collection Set: 10.39ms
[595.701s][info][gc,phases      ] GC(1384)   Post Evacuate Collection Set: 0.38ms
[595.701s][info][gc,phases      ] GC(1384)   Other: 0.10ms
[595.701s][info][gc,heap        ] GC(1384) Eden regions: 95->0(103)
[595.701s][info][gc,heap        ] GC(1384) Survivor regions: 10->1(14)
[595.701s][info][gc,heap        ] GC(1384) Old regions: 803->813
[595.701s][info][gc,heap        ] GC(1384) Humongous regions: 10->10
[595.701s][info][gc,metaspace   ] GC(1384) Metaspace: 19102K(19264K)->19102K(19264K) NonClass: 17272K(17408K)->17272K(17408K) Class: 1829K(1856K)->1829K(1856K)
[595.701s][info][gc             ] GC(1384) Pause Young (Normal) (G1 Evacuation Pause) 917M->823M(978M) 11.782ms
[595.701s][info][gc,cpu         ] GC(1384) User=0.02s Sys=0.00s Real=0.02s
[595.909s][info][gc,start       ] GC(1385) Pause Young (Normal) (G1 Evacuation Pause)
[595.909s][info][gc,task        ] GC(1385) Using 2 workers of 2 for evacuation
[595.911s][info][gc,phases      ] GC(1385)   Pre Evacuate Collection Set: 0.56ms
[595.911s][info][gc,phases      ] GC(1385)   Merge Heap Roots: 0.08ms
[595.911s][info][gc,phases      ] GC(1385)   Evacuate Collection Set: 0.96ms
[595.911s][info][gc,phases      ] GC(1385)   Post Evacuate Collection Set: 0.34ms
[595.911s][info][gc,phases      ] GC(1385)   Other: 0.08ms
[595.911s][info][gc,heap        ] GC(1385) Eden regions: 103->0(103)
[595.911s][info][gc,heap        ] GC(1385) Survivor regions: 1->1(13)
[595.911s][info][gc,heap        ] GC(1385) Old regions: 813->813
[595.911s][info][gc,heap        ] GC(1385) Humongous regions: 10->10
[595.911s][info][gc,metaspace   ] GC(1385) Metaspace: 19102K(19264K)->19102K(19264K) NonClass: 17272K(17408K)->17272K(17408K) Class: 1829K(1856K)->1829K(1856K)
[595.911s][info][gc             ] GC(1385) Pause Young (Normal) (G1 Evacuation Pause) 926M->823M(978M) 2.284ms
[595.911s][info][gc,cpu         ] GC(1385) User=0.00s Sys=0.00s Real=0.01s
[596.052s][info][gc,marking     ] GC(1380) Concurrent Mark From Roots 1539.245ms
[596.052s][info][gc,marking     ] GC(1380) Concurrent Preclean
[596.052s][info][gc,marking     ] GC(1380) Concurrent Preclean 0.049ms
[596.052s][info][gc,start       ] GC(1380) Pause Remark
[596.061s][info][gc             ] GC(1380) Pause Remark 887M->669M(978M) 8.995ms
[596.062s][info][gc,cpu         ] GC(1380) User=0.02s Sys=0.00s Real=0.01s
[596.062s][info][gc,marking     ] GC(1380) Concurrent Mark 1548.651ms
[596.062s][info][gc,marking     ] GC(1380) Concurrent Rebuild Remembered Sets and Scrub Regions
[596.158s][info][gc,start       ] GC(1386) Pause Young (Normal) (G1 Evacuation Pause)
[596.158s][info][gc,task        ] GC(1386) Using 2 workers of 2 for evacuation
[596.162s][info][gc,phases      ] GC(1386)   Pre Evacuate Collection Set: 0.53ms
[596.162s][info][gc,phases      ] GC(1386)   Merge Heap Roots: 0.07ms
[596.162s][info][gc,phases      ] GC(1386)   Evacuate Collection Set: 3.11ms
[596.162s][info][gc,phases      ] GC(1386)   Post Evacuate Collection Set: 0.44ms
[596.162s][info][gc,phases      ] GC(1386)   Other: 0.12ms
[596.162s][info][gc,heap        ] GC(1386) Eden regions: 103->0(274)
[596.162s][info][gc,heap        ] GC(1386) Survivor regions: 1->1(13)
[596.163s][info][gc,heap        ] GC(1386) Old regions: 598->598
[596.163s][info][gc,heap        ] GC(1386) Humongous regions: 7->7
[596.163s][info][gc,metaspace   ] GC(1386) Metaspace: 19102K(19264K)->19102K(19264K) NonClass: 17272K(17408K)->17272K(17408K) Class: 1829K(1856K)->1829K(1856K)
[596.163s][info][gc             ] GC(1386) Pause Young (Normal) (G1 Evacuation Pause) 708M->605M(978M) 4.558ms
[596.163s][info][gc,cpu         ] GC(1386) User=0.00s Sys=0.00s Real=0.01s
[596.644s][info][gc,marking     ] GC(1380) Concurrent Rebuild Remembered Sets and Scrub Regions 582.607ms
[596.644s][info][gc,start       ] GC(1380) Pause Cleanup
[596.645s][info][gc             ] GC(1380) Pause Cleanup 866M->866M(978M) 0.129ms
[596.645s][info][gc,cpu         ] GC(1380) User=0.00s Sys=0.00s Real=0.00s
[596.645s][info][gc,marking     ] GC(1380) Concurrent Clear Claimed Marks
[596.645s][info][gc,marking     ] GC(1380) Concurrent Clear Claimed Marks 0.033ms
[596.645s][info][gc,marking     ] GC(1380) Concurrent Cleanup for Next Mark
[596.648s][info][gc,marking     ] GC(1380) Concurrent Cleanup for Next Mark 2.968ms
[596.648s][info][gc             ] GC(1380) Concurrent Mark Cycle 2235.749ms
[596.665s][info][gc,start       ] GC(1387) Pause Young (Prepare Mixed) (G1 Evacuation Pause)
[596.665s][info][gc,task        ] GC(1387) Using 2 workers of 2 for evacuation
[596.668s][info][gc,phases      ] GC(1387)   Pre Evacuate Collection Set: 0.29ms
[596.668s][info][gc,phases      ] GC(1387)   Merge Heap Roots: 0.11ms
[596.668s][info][gc,phases      ] GC(1387)   Evacuate Collection Set: 1.69ms
[596.668s][info][gc,phases      ] GC(1387)   Post Evacuate Collection Set: 0.56ms
[596.668s][info][gc,phases      ] GC(1387)   Other: 0.09ms
[596.668s][info][gc,heap        ] GC(1387) Eden regions: 274->0(290)
[596.668s][info][gc,heap        ] GC(1387) Survivor regions: 1->1(35)
[596.668s][info][gc,heap        ] GC(1387) Old regions: 598->598
[596.668s][info][gc,heap        ] GC(1387) Humongous regions: 7->7
[596.668s][info][gc,metaspace   ] GC(1387) Metaspace: 19102K(19264K)->19102K(19264K) NonClass: 17272K(17408K)->17272K(17408K) Class: 1829K(1856K)->1829K(1856K)
[596.668s][info][gc             ] GC(1387) Pause Young (Prepare Mixed) (G1 Evacuation Pause) 879M->605M(978M) 3.004ms
[596.668s][info][gc,cpu         ] GC(1387) User=0.00s Sys=0.00s Real=0.00s
[597.020s][info][gc,start       ] GC(1388) Pause Young (Mixed) (G1 Evacuation Pause)
[597.020s][info][gc,task        ] GC(1388) Using 2 workers of 2 for evacuation
[597.026s][info][gc,phases      ] GC(1388)   Pre Evacuate Collection Set: 0.54ms
[597.026s][info][gc,phases      ] GC(1388)   Merge Heap Roots: 0.16ms
[597.026s][info][gc,phases      ] GC(1388)   Evacuate Collection Set: 4.75ms
[597.026s][info][gc,phases      ] GC(1388)   Post Evacuate Collection Set: 0.57ms
[597.026s][info][gc,phases      ] GC(1388)   Other: 0.14ms
[597.026s][info][gc,heap        ] GC(1388) Eden regions: 290->0(330)
[597.026s][info][gc,heap        ] GC(1388) Survivor regions: 1->1(37)
[597.026s][info][gc,heap        ] GC(1388) Old regions: 598->567
[597.026s][info][gc,heap        ] GC(1388) Humongous regions: 7->7
[597.026s][info][gc,metaspace   ] GC(1388) Metaspace: 19102K(19264K)->19102K(19264K) NonClass: 17272K(17408K)->17272K(17408K) Class: 1829K(1856K)->1829K(1856K)
[597.026s][info][gc             ] GC(1388) Pause Young (Mixed) (G1 Evacuation Pause) 895M->573M(978M) 6.406ms
[597.026s][info][gc,cpu         ] GC(1388) User=0.01s Sys=0.00s Real=0.01s
[597.298s][info][gc,start       ] GC(1389) Pause Young (Concurrent Start) (G1 Humongous Allocation)
[597.298s][info][gc,task        ] GC(1389) Using 2 workers of 2 for evacuation
[597.327s][info][gc,phases      ] GC(1389)   Pre Evacuate Collection Set: 0.40ms
[597.327s][info][gc,phases      ] GC(1389)   Merge Heap Roots: 0.36ms
[597.327s][info][gc,phases      ] GC(1389)   Evacuate Collection Set: 27.45ms
[597.327s][info][gc,phases      ] GC(1389)   Post Evacuate Collection Set: 0.65ms
[597.327s][info][gc,phases      ] GC(1389)   Other: 0.27ms
[597.327s][info][gc,heap        ] GC(1389) Eden regions: 205->0(329)
[597.327s][info][gc,heap        ] GC(1389) Survivor regions: 1->10(42)
[597.327s][info][gc,heap        ] GC(1389) Old regions: 567->567
[597.327s][info][gc,heap        ] GC(1389) Humongous regions: 7->7
[597.327s][info][gc,metaspace   ] GC(1389) Metaspace: 19102K(19264K)->19102K(19264K) NonClass: 17272K(17408K)->17272K(17408K) Class: 1829K(1856K)->1829K(1856K)
[597.327s][info][gc             ] GC(1389) Pause Young (Concurrent Start) (G1 Humongous Allocation) 778M->583M(978M) 29.417ms
[597.327s][info][gc             ] GC(1390) Concurrent Mark Cycle
[597.327s][info][gc,marking     ] GC(1390) Concurrent Scan Root Regions
[597.329s][info][gc,cpu         ] GC(1389) User=0.05s Sys=0.00s Real=0.03s
[597.366s][info][gc,marking     ] GC(1390) Concurrent Scan Root Regions 38.243ms
[597.366s][info][gc,marking     ] GC(1390) Concurrent Mark
[597.366s][info][gc,marking     ] GC(1390) Concurrent Mark From Roots
[597.366s][info][gc,task        ] GC(1390) Using 1 workers of 1 for marking
[598.016s][info][gc,marking     ] GC(1390) Concurrent Mark From Roots 650.709ms
[598.017s][info][gc,marking     ] GC(1390) Concurrent Preclean
[598.017s][info][gc,marking     ] GC(1390) Concurrent Preclean 0.052ms
[598.017s][info][gc,start       ] GC(1390) Pause Remark
[598.026s][info][gc             ] GC(1390) Pause Remark 780M->572M(978M) 9.154ms
[598.026s][info][gc,cpu         ] GC(1390) User=0.02s Sys=0.00s Real=0.01s
[598.026s][info][gc,marking     ] GC(1390) Concurrent Mark 660.515ms
[598.026s][info][gc,marking     ] GC(1390) Concurrent Rebuild Remembered Sets and Scrub Regions
[598.241s][info][gc,marking     ] GC(1390) Concurrent Rebuild Remembered Sets and Scrub Regions 214.428ms
[598.241s][info][gc,start       ] GC(1390) Pause Cleanup
[598.241s][info][gc             ] GC(1390) Pause Cleanup 670M->670M(978M) 0.200ms
[598.241s][info][gc,cpu         ] GC(1390) User=0.00s Sys=0.00s Real=0.00s
[598.244s][info][gc,marking     ] GC(1390) Concurrent Clear Claimed Marks
[598.244s][info][gc,marking     ] GC(1390) Concurrent Clear Claimed Marks 0.073ms
[598.244s][info][gc,marking     ] GC(1390) Concurrent Cleanup for Next Mark
[598.247s][info][gc,marking     ] GC(1390) Concurrent Cleanup for Next Mark 3.057ms
[598.247s][info][gc             ] GC(1390) Concurrent Mark Cycle 919.325ms
[598.318s][info][gc,start       ] GC(1391) Pause Young (Prepare Mixed) (G1 Evacuation Pause)
[598.318s][info][gc,task        ] GC(1391) Using 2 workers of 2 for evacuation
[598.366s][info][gc,phases      ] GC(1391)   Pre Evacuate Collection Set: 0.57ms
[598.366s][info][gc,phases      ] GC(1391)   Merge Heap Roots: 0.68ms
[598.366s][info][gc,phases      ] GC(1391)   Evacuate Collection Set: 45.56ms
[598.366s][info][gc,phases      ] GC(1391)   Post Evacuate Collection Set: 0.75ms
[598.366s][info][gc,phases      ] GC(1391)   Other: 0.11ms
[598.366s][info][gc,heap        ] GC(1391) Eden regions: 329->0(449)
[598.366s][info][gc,heap        ] GC(1391) Survivor regions: 10->21(43)
[598.366s][info][gc,heap        ] GC(1391) Old regions: 364->364
[598.366s][info][gc,heap        ] GC(1391) Humongous regions: 5->5
[598.366s][info][gc,metaspace   ] GC(1391) Metaspace: 19102K(19264K)->19102K(19264K) NonClass: 17272K(17408K)->17272K(17408K) Class: 1829K(1856K)->1829K(1856K)
[598.366s][info][gc             ] GC(1391) Pause Young (Prepare Mixed) (G1 Evacuation Pause) 707M->389M(978M) 47.941ms
[598.366s][info][gc,cpu         ] GC(1391) User=0.09s Sys=0.00s Real=0.05s
[599.010s][info][gc,start       ] GC(1392) Pause Young (Mixed) (G1 Evacuation Pause)
[599.010s][info][gc,task        ] GC(1392) Using 2 workers of 2 for evacuation
[599.081s][info][gc,phases      ] GC(1392)   Pre Evacuate Collection Set: 0.57ms
[599.081s][info][gc,phases      ] GC(1392)   Merge Heap Roots: 0.53ms
[599.081s][info][gc,phases      ] GC(1392)   Evacuate Collection Set: 68.89ms
[599.081s][info][gc,phases      ] GC(1392)   Post Evacuate Collection Set: 0.94ms
[599.081s][info][gc,phases      ] GC(1392)   Other: 0.11ms
[599.081s][info][gc,heap        ] GC(1392) Eden regions: 449->0(457)
[599.081s][info][gc,heap        ] GC(1392) Survivor regions: 21->38(59)
[599.081s][info][gc,heap        ] GC(1392) Old regions: 364->266
[599.081s][info][gc,heap        ] GC(1392) Humongous regions: 5->5
[599.081s][info][gc,metaspace   ] GC(1392) Metaspace: 19102K(19264K)->19102K(19264K) NonClass: 17272K(17408K)->17272K(17408K) Class: 1829K(1856K)->1829K(1856K)
[599.081s][info][gc             ] GC(1392) Pause Young (Mixed) (G1 Evacuation Pause) 838M->308M(978M) 71.350ms
[599.081s][info][gc,cpu         ] GC(1392) User=0.14s Sys=0.00s Real=0.08s
[599.497s][info][gc,start       ] GC(1393) Pause Young (Mixed) (G1 Evacuation Pause)
[599.497s][info][gc,task        ] GC(1393) Using 2 workers of 2 for evacuation
[599.593s][info][gc,phases      ] GC(1393)   Pre Evacuate Collection Set: 0.56ms
[599.593s][info][gc,phases      ] GC(1393)   Merge Heap Roots: 0.55ms
[599.593s][info][gc,phases      ] GC(1393)   Evacuate Collection Set: 93.42ms
[599.593s][info][gc,phases      ] GC(1393)   Post Evacuate Collection Set: 0.87ms
[599.593s][info][gc,phases      ] GC(1393)   Other: 0.10ms
[599.593s][info][gc,heap        ] GC(1393) Eden regions: 442->0(450)
[599.593s][info][gc,heap        ] GC(1393) Survivor regions: 38->50(60)
[599.593s][info][gc,heap        ] GC(1393) Old regions: 266->260
[599.593s][info][gc,heap        ] GC(1393) Humongous regions: 5->5
[599.593s][info][gc,metaspace   ] GC(1393) Metaspace: 19104K(19264K)->19104K(19264K) NonClass: 17274K(17408K)->17274K(17408K) Class: 1829K(1856K)->1829K(1856K)
[599.593s][info][gc             ] GC(1393) Pause Young (Mixed) (G1 Evacuation Pause) 750M->314M(978M) 95.780ms
[599.593s][info][gc,cpu         ] GC(1393) User=0.18s Sys=0.00s Real=0.10s
[600.014s][info][gc,start       ] GC(1394) Pause Young (Mixed) (G1 Evacuation Pause)
[600.014s][info][gc,task        ] GC(1394) Using 2 workers of 2 for evacuation
[600.145s][info][gc,phases      ] GC(1394)   Pre Evacuate Collection Set: 0.33ms
[600.145s][info][gc,phases      ] GC(1394)   Merge Heap Roots: 0.53ms
[600.145s][info][gc,phases      ] GC(1394)   Evacuate Collection Set: 128.87ms
[600.145s][info][gc,phases      ] GC(1394)   Post Evacuate Collection Set: 0.78ms
[600.145s][info][gc,phases      ] GC(1394)   Other: 0.10ms
[600.145s][info][gc,heap        ] GC(1394) Eden regions: 435->0(448)
[600.145s][info][gc,heap        ] GC(1394) Survivor regions: 50->61(61)
[600.145s][info][gc,heap        ] GC(1394) Old regions: 260->293
[600.145s][info][gc,heap        ] GC(1394) Humongous regions: 5->5
[600.145s][info][gc,metaspace   ] GC(1394) Metaspace: 19104K(19264K)->19104K(19264K) NonClass: 17274K(17408K)->17274K(17408K) Class: 1829K(1856K)->1829K(1856K)
[600.145s][info][gc             ] GC(1394) Pause Young (Mixed) (G1 Evacuation Pause) 749M->358M(978M) 130.878ms
[600.145s][info][gc,cpu         ] GC(1394) User=0.26s Sys=0.00s Real=0.13s
[600.639s][info][gc,start       ] GC(1395) Pause Young (Concurrent Start) (G1 Evacuation Pause)
[600.639s][info][gc,task        ] GC(1395) Using 2 workers of 2 for evacuation
[600.754s][info][gc,phases      ] GC(1395)   Pre Evacuate Collection Set: 0.35ms
[600.754s][info][gc,phases      ] GC(1395)   Merge Heap Roots: 0.43ms
[600.754s][info][gc,phases      ] GC(1395)   Evacuate Collection Set: 112.54ms
[600.754s][info][gc,phases      ] GC(1395)   Post Evacuate Collection Set: 0.79ms
[600.754s][info][gc,phases      ] GC(1395)   Other: 0.23ms
[600.754s][info][gc,heap        ] GC(1395) Eden regions: 451->0(453)
[600.754s][info][gc,heap        ] GC(1395) Survivor regions: 61->31(64)
[600.754s][info][gc,heap        ] GC(1395) Old regions: 293->355
[600.754s][info][gc,heap        ] GC(1395) Humongous regions: 5->5
[600.754s][info][gc,metaspace   ] GC(1395) Metaspace: 19104K(19264K)->19104K(19264K) NonClass: 17274K(17408K)->17274K(17408K) Class: 1829K(1856K)->1829K(1856K)
[600.754s][info][gc             ] GC(1395) Pause Young (Concurrent Start) (G1 Evacuation Pause) 809M->390M(978M) 114.598ms
[600.754s][info][gc,cpu         ] GC(1395) User=0.22s Sys=0.00s Real=0.12s
[600.754s][info][gc             ] GC(1396) Concurrent Mark Cycle
[600.754s][info][gc,marking     ] GC(1396) Concurrent Scan Root Regions
[600.955s][info][gc,marking     ] GC(1396) Concurrent Scan Root Regions 201.497ms
[600.956s][info][gc,marking     ] GC(1396) Concurrent Mark
[600.956s][info][gc,marking     ] GC(1396) Concurrent Mark From Roots
[600.956s][info][gc,task        ] GC(1396) Using 1 workers of 1 for marking
[601.747s][info][gc,start       ] GC(1397) Pause Young (Normal) (G1 Evacuation Pause)
[601.747s][info][gc,task        ] GC(1397) Using 2 workers of 2 for evacuation
[601.824s][info][gc,phases      ] GC(1397)   Pre Evacuate Collection Set: 0.49ms
[601.824s][info][gc,phases      ] GC(1397)   Merge Heap Roots: 0.33ms
[601.824s][info][gc,phases      ] GC(1397)   Evacuate Collection Set: 74.31ms
[601.824s][info][gc,phases      ] GC(1397)   Post Evacuate Collection Set: 0.88ms
[601.824s][info][gc,phases      ] GC(1397)   Other: 0.18ms
[601.824s][info][gc,heap        ] GC(1397) Eden regions: 453->0(454)
[601.824s][info][gc,heap        ] GC(1397) Survivor regions: 31->47(61)
[601.824s][info][gc,heap        ] GC(1397) Old regions: 355->355
[601.824s][info][gc,heap        ] GC(1397) Humongous regions: 5->5
[601.824s][info][gc,metaspace   ] GC(1397) Metaspace: 19104K(19264K)->19104K(19264K) NonClass: 17274K(17408K)->17274K(17408K) Class: 1829K(1856K)->1829K(1856K)
[601.824s][info][gc             ] GC(1397) Pause Young (Normal) (G1 Evacuation Pause) 843M->406M(978M) 76.556ms
[601.824s][info][gc,cpu         ] GC(1397) User=0.15s Sys=0.00s Real=0.08s
[601.905s][info][gc,marking     ] GC(1396) Concurrent Mark From Roots 949.120ms
[601.905s][info][gc,marking     ] GC(1396) Concurrent Preclean
[601.905s][info][gc,marking     ] GC(1396) Concurrent Preclean 0.046ms
[601.905s][info][gc,start       ] GC(1396) Pause Remark
[601.914s][info][gc             ] GC(1396) Pause Remark 435M->434M(978M) 8.784ms
[601.914s][info][gc,cpu         ] GC(1396) User=0.02s Sys=0.00s Real=0.01s
[601.914s][info][gc,marking     ] GC(1396) Concurrent Mark 958.309ms
[601.914s][info][gc,marking     ] GC(1396) Concurrent Rebuild Remembered Sets and Scrub Regions
[602.286s][info][gc,marking     ] GC(1396) Concurrent Rebuild Remembered Sets and Scrub Regions 372.130ms
[602.286s][info][gc,start       ] GC(1396) Pause Cleanup
[602.286s][info][gc             ] GC(1396) Pause Cleanup 520M->520M(978M) 0.112ms
[602.286s][info][gc,cpu         ] GC(1396) User=0.00s Sys=0.00s Real=0.00s
[602.286s][info][gc,marking     ] GC(1396) Concurrent Clear Claimed Marks
[602.286s][info][gc,marking     ] GC(1396) Concurrent Clear Claimed Marks 0.036ms
[602.286s][info][gc,marking     ] GC(1396) Concurrent Cleanup for Next Mark
[602.289s][info][gc,marking     ] GC(1396) Concurrent Cleanup for Next Mark 2.991ms
[602.289s][info][gc             ] GC(1396) Concurrent Mark Cycle 1535.595ms
[603.166s][info][gc,start       ] GC(1398) Pause Young (Prepare Mixed) (G1 Evacuation Pause)
[603.166s][info][gc,task        ] GC(1398) Using 2 workers of 2 for evacuation
[603.224s][info][gc,phases      ] GC(1398)   Pre Evacuate Collection Set: 0.31ms
[603.224s][info][gc,phases      ] GC(1398)   Merge Heap Roots: 0.47ms
[603.224s][info][gc,phases      ] GC(1398)   Evacuate Collection Set: 56.62ms
[603.224s][info][gc,phases      ] GC(1398)   Post Evacuate Collection Set: 0.75ms
[603.224s][info][gc,phases      ] GC(1398)   Other: 0.10ms
[603.224s][info][gc,heap        ] GC(1398) Eden regions: 454->0(471)
[603.224s][info][gc,heap        ] GC(1398) Survivor regions: 47->18(63)
[603.224s][info][gc,heap        ] GC(1398) Old regions: 355->385
[603.224s][info][gc,heap        ] GC(1398) Humongous regions: 4->4
[603.224s][info][gc,metaspace   ] GC(1398) Metaspace: 19104K(19264K)->19104K(19264K) NonClass: 17274K(17408K)->17274K(17408K) Class: 1829K(1856K)->1829K(1856K)
[603.224s][info][gc             ] GC(1398) Pause Young (Prepare Mixed) (G1 Evacuation Pause) 859M->406M(978M) 58.531ms
[603.224s][info][gc,cpu         ] GC(1398) User=0.11s Sys=0.00s Real=0.06s
[604.050s][info][gc,start       ] GC(1399) Pause Young (Mixed) (G1 Evacuation Pause)
[604.050s][info][gc,task        ] GC(1399) Using 2 workers of 2 for evacuation
[604.158s][info][gc,phases      ] GC(1399)   Pre Evacuate Collection Set: 0.56ms
[604.158s][info][gc,phases      ] GC(1399)   Merge Heap Roots: 0.51ms
[604.158s][info][gc,phases      ] GC(1399)   Evacuate Collection Set: 105.79ms
[604.158s][info][gc,phases      ] GC(1399)   Post Evacuate Collection Set: 1.10ms
[604.158s][info][gc,phases      ] GC(1399)   Other: 0.14ms
[604.158s][info][gc,heap        ] GC(1399) Eden regions: 471->0(370)
[604.158s][info][gc,heap        ] GC(1399) Survivor regions: 18->62(62)
[604.158s][info][gc,heap        ] GC(1399) Old regions: 385->412
[604.158s][info][gc,heap        ] GC(1399) Humongous regions: 4->4
[604.158s][info][gc,metaspace   ] GC(1399) Metaspace: 19106K(19264K)->19106K(19264K) NonClass: 17276K(17408K)->17276K(17408K) Class: 1829K(1856K)->1829K(1856K)
[604.158s][info][gc             ] GC(1399) Pause Young (Mixed) (G1 Evacuation Pause) 877M->477M(978M) 108.377ms
[604.158s][info][gc,cpu         ] GC(1399) User=0.21s Sys=0.00s Real=0.11s
[604.530s][info][gc,start       ] GC(1400) Pause Young (Concurrent Start) (G1 Humongous Allocation)
[604.530s][info][gc,task        ] GC(1400) Using 2 workers of 2 for evacuation
[604.777s][info][gc,mmu         ] GC(1400) MMU target violated: 201.0ms (200.0ms/201.0ms)
[604.777s][info][gc,phases      ] GC(1400)   Pre Evacuate Collection Set: 0.35ms
[604.777s][info][gc,phases      ] GC(1400)   Merge Heap Roots: 0.51ms
[604.777s][info][gc,phases      ] GC(1400)   Evacuate Collection Set: 226.44ms
[604.777s][info][gc,phases      ] GC(1400)   Post Evacuate Collection Set: 19.42ms
[604.777s][info][gc,phases      ] GC(1400)   Other: 0.22ms
[604.777s][info][gc,heap        ] GC(1400) Eden regions: 359->0(48)
[604.777s][info][gc,heap        ] GC(1400) Survivor regions: 62->54(54)
[604.777s][info][gc,heap        ] GC(1400) Old regions: 412->768
[604.777s][info][gc,heap        ] GC(1400) Humongous regions: 4->4
[604.777s][info][gc,metaspace   ] GC(1400) Metaspace: 19125K(19264K)->19125K(19264K) NonClass: 17295K(17408K)->17295K(17408K) Class: 1829K(1856K)->1829K(1856K)
[604.777s][info][gc             ] GC(1400) Pause Young (Concurrent Start) (G1 Humongous Allocation) (Evacuation Failure: Allocation) 836M->825M(978M) 247.155ms
[604.777s][info][gc             ] GC(1401) Concurrent Mark Cycle
[604.777s][info][gc,marking     ] GC(1401) Concurrent Scan Root Regions
[604.779s][info][gc,cpu         ] GC(1400) User=0.49s Sys=0.01s Real=0.25s
[605.039s][info][gc,marking     ] GC(1401) Concurrent Scan Root Regions 261.674ms
[605.039s][info][gc,marking     ] GC(1401) Concurrent Mark
[605.039s][info][gc,marking     ] GC(1401) Concurrent Mark From Roots
[605.039s][info][gc,task        ] GC(1401) Using 1 workers of 1 for marking
[605.139s][info][gc,start       ] GC(1402) Pause Young (Normal) (G1 Evacuation Pause)
[605.139s][info][gc,task        ] GC(1402) Using 2 workers of 2 for evacuation
[605.258s][info][gc,phases      ] GC(1402)   Pre Evacuate Collection Set: 0.62ms
[605.258s][info][gc,phases      ] GC(1402)   Merge Heap Roots: 0.88ms
[605.258s][info][gc,phases      ] GC(1402)   Evacuate Collection Set: 116.77ms
[605.258s][info][gc,phases      ] GC(1402)   Post Evacuate Collection Set: 0.61ms
[605.258s][info][gc,phases      ] GC(1402)   Other: 0.09ms
[605.258s][info][gc,heap        ] GC(1402) Eden regions: 48->0(187)
[605.258s][info][gc,heap        ] GC(1402) Survivor regions: 54->8(13)
[605.258s][info][gc,heap        ] GC(1402) Old regions: 768->669
[605.258s][info][gc,heap        ] GC(1402) Humongous regions: 7->7
[605.258s][info][gc,metaspace   ] GC(1402) Metaspace: 19125K(19264K)->19125K(19264K) NonClass: 17295K(17408K)->17295K(17408K) Class: 1829K(1856K)->1829K(1856K)
[605.258s][info][gc             ] GC(1402) Pause Young (Normal) (G1 Evacuation Pause) 876M->683M(978M) 119.235ms
[605.258s][info][gc,cpu         ] GC(1402) User=0.23s Sys=0.00s Real=0.12s
[605.672s][info][gc,start       ] GC(1403) Pause Young (Normal) (G1 Evacuation Pause)
[605.672s][info][gc,task        ] GC(1403) Using 2 workers of 2 for evacuation
[605.733s][info][gc,phases      ] GC(1403)   Pre Evacuate Collection Set: 0.59ms
[605.733s][info][gc,phases      ] GC(1403)   Merge Heap Roots: 0.72ms
[605.733s][info][gc,phases      ] GC(1403)   Evacuate Collection Set: 58.13ms
[605.733s][info][gc,phases      ] GC(1403)   Post Evacuate Collection Set: 0.87ms
[605.733s][info][gc,phases      ] GC(1403)   Other: 0.14ms
[605.733s][info][gc,heap        ] GC(1403) Eden regions: 187->0(246)
[605.733s][info][gc,heap        ] GC(1403) Survivor regions: 8->13(25)
[605.733s][info][gc,heap        ] GC(1403) Old regions: 669->606
[605.733s][info][gc,heap        ] GC(1403) Humongous regions: 7->7
[605.733s][info][gc,metaspace   ] GC(1403) Metaspace: 19125K(19264K)->19125K(19264K) NonClass: 17295K(17408K)->17295K(17408K) Class: 1829K(1856K)->1829K(1856K)
[605.733s][info][gc             ] GC(1403) Pause Young (Normal) (G1 Evacuation Pause) 870M->625M(978M) 60.742ms
[605.733s][info][gc,cpu         ] GC(1403) User=0.12s Sys=0.00s Real=0.06s
[606.520s][info][gc,marking     ] GC(1401) Concurrent Mark From Roots 1481.241ms
[606.520s][info][gc,marking     ] GC(1401) Concurrent Preclean
[606.520s][info][gc,marking     ] GC(1401) Concurrent Preclean 0.053ms
[606.520s][info][gc,start       ] GC(1401) Pause Remark
[606.529s][info][gc             ] GC(1401) Pause Remark 866M->866M(978M) 8.905ms
[606.529s][info][gc,cpu         ] GC(1401) User=0.02s Sys=0.00s Real=0.01s
[606.529s][info][gc,marking     ] GC(1401) Concurrent Mark 1490.537ms
[606.529s][info][gc,marking     ] GC(1401) Concurrent Rebuild Remembered Sets and Scrub Regions
[606.554s][info][gc,start       ] GC(1404) Pause Young (Normal) (G1 Evacuation Pause)
[606.554s][info][gc,task        ] GC(1404) Using 2 workers of 2 for evacuation
[606.652s][info][gc,phases      ] GC(1404)   Pre Evacuate Collection Set: 0.33ms
[606.652s][info][gc,phases      ] GC(1404)   Merge Heap Roots: 0.82ms
[606.652s][info][gc,phases      ] GC(1404)   Evacuate Collection Set: 95.85ms
[606.652s][info][gc,phases      ] GC(1404)   Post Evacuate Collection Set: 0.84ms
[606.652s][info][gc,phases      ] GC(1404)   Other: 0.10ms
[606.652s][info][gc,heap        ] GC(1404) Eden regions: 246->0(217)
[606.652s][info][gc,heap        ] GC(1404) Survivor regions: 13->33(33)
[606.652s][info][gc,heap        ] GC(1404) Old regions: 606->614
[606.652s][info][gc,heap        ] GC(1404) Humongous regions: 13->13
[606.652s][info][gc,metaspace   ] GC(1404) Metaspace: 19125K(19264K)->19125K(19264K) NonClass: 17295K(17408K)->17295K(17408K) Class: 1829K(1856K)->1829K(1856K)
[606.652s][info][gc             ] GC(1404) Pause Young (Normal) (G1 Evacuation Pause) 877M->659M(978M) 98.250ms
[606.652s][info][gc,cpu         ] GC(1404) User=0.20s Sys=0.00s Real=0.10s
[607.180s][info][gc,start       ] GC(1405) Pause Young (Normal) (G1 Evacuation Pause)
[607.180s][info][gc,task        ] GC(1405) Using 2 workers of 2 for evacuation
[607.262s][info][gc,phases      ] GC(1405)   Pre Evacuate Collection Set: 0.32ms
[607.262s][info][gc,phases      ] GC(1405)   Merge Heap Roots: 1.04ms
[607.262s][info][gc,phases      ] GC(1405)   Evacuate Collection Set: 80.05ms
[607.262s][info][gc,phases      ] GC(1405)   Post Evacuate Collection Set: 0.50ms
[607.262s][info][gc,phases      ] GC(1405)   Other: 0.11ms
[607.262s][info][gc,heap        ] GC(1405) Eden regions: 217->0(233)
[607.262s][info][gc,heap        ] GC(1405) Survivor regions: 33->1(32)
[607.262s][info][gc,heap        ] GC(1405) Old regions: 614->648
[607.262s][info][gc,heap        ] GC(1405) Humongous regions: 13->13
[607.262s][info][gc,metaspace   ] GC(1405) Metaspace: 19125K(19264K)->19125K(19264K) NonClass: 17295K(17408K)->17295K(17408K) Class: 1829K(1856K)->1829K(1856K)
[607.262s][info][gc             ] GC(1405) Pause Young (Normal) (G1 Evacuation Pause) 876M->661M(978M) 82.268ms
[607.262s][info][gc,cpu         ] GC(1405) User=0.16s Sys=0.00s Real=0.09s
[607.421s][info][gc,marking     ] GC(1401) Concurrent Rebuild Remembered Sets and Scrub Regions 891.449ms
[607.421s][info][gc,start       ] GC(1401) Pause Cleanup
[607.421s][info][gc             ] GC(1401) Pause Cleanup 717M->717M(978M) 0.126ms
[607.421s][info][gc,cpu         ] GC(1401) User=0.00s Sys=0.00s Real=0.00s
[607.421s][info][gc,marking     ] GC(1401) Concurrent Clear Claimed Marks
[607.421s][info][gc,marking     ] GC(1401) Concurrent Clear Claimed Marks 0.036ms
[607.421s][info][gc,marking     ] GC(1401) Concurrent Cleanup for Next Mark
[607.424s][info][gc,marking     ] GC(1401) Concurrent Cleanup for Next Mark 3.012ms
[607.424s][info][gc             ] GC(1401) Concurrent Mark Cycle 2647.331ms
[607.730s][info][gc,start       ] GC(1406) Pause Young (Prepare Mixed) (G1 Evacuation Pause)
[607.731s][info][gc,task        ] GC(1406) Using 2 workers of 2 for evacuation
[607.732s][info][gc,phases      ] GC(1406)   Pre Evacuate Collection Set: 0.58ms
[607.732s][info][gc,phases      ] GC(1406)   Merge Heap Roots: 0.11ms
[607.732s][info][gc,phases      ] GC(1406)   Evacuate Collection Set: 0.25ms
[607.732s][info][gc,phases      ] GC(1406)   Post Evacuate Collection Set: 0.41ms
[607.732s][info][gc,phases      ] GC(1406)   Other: 0.11ms
[607.732s][info][gc,heap        ] GC(1406) Eden regions: 233->0(248)
[607.732s][info][gc,heap        ] GC(1406) Survivor regions: 1->1(30)
[607.732s][info][gc,heap        ] GC(1406) Old regions: 648->648
[607.732s][info][gc,heap        ] GC(1406) Humongous regions: 13->13
[607.732s][info][gc,metaspace   ] GC(1406) Metaspace: 19125K(19264K)->19125K(19264K) NonClass: 17295K(17408K)->17295K(17408K) Class: 1829K(1856K)->1829K(1856K)
[607.732s][info][gc             ] GC(1406) Pause Young (Prepare Mixed) (G1 Evacuation Pause) 894M->661M(978M) 1.683ms
[607.732s][info][gc,cpu         ] GC(1406) User=0.00s Sys=0.00s Real=0.00s
[608.169s][info][gc,start       ] GC(1407) Pause Young (Mixed) (G1 Evacuation Pause)
[608.169s][info][gc,task        ] GC(1407) Using 2 workers of 2 for evacuation
[608.172s][info][gc,phases      ] GC(1407)   Pre Evacuate Collection Set: 0.55ms
[608.172s][info][gc,phases      ] GC(1407)   Merge Heap Roots: 0.14ms
[608.172s][info][gc,phases      ] GC(1407)   Evacuate Collection Set: 1.66ms
[608.172s][info][gc,phases      ] GC(1407)   Post Evacuate Collection Set: 0.48ms
[608.172s][info][gc,phases      ] GC(1407)   Other: 0.12ms
[608.172s][info][gc,heap        ] GC(1407) Eden regions: 248->0(266)
[608.172s][info][gc,heap        ] GC(1407) Survivor regions: 1->1(32)
[608.172s][info][gc,heap        ] GC(1407) Old regions: 648->640
[608.172s][info][gc,heap        ] GC(1407) Humongous regions: 13->13
[608.172s][info][gc,metaspace   ] GC(1407) Metaspace: 19125K(19264K)->19125K(19264K) NonClass: 17295K(17408K)->17295K(17408K) Class: 1829K(1856K)->1829K(1856K)
[608.172s][info][gc             ] GC(1407) Pause Young (Mixed) (G1 Evacuation Pause) 909M->652M(978M) 3.162ms
[608.172s][info][gc,cpu         ] GC(1407) User=0.01s Sys=0.00s Real=0.01s
[608.621s][info][gc,start       ] GC(1408) Pause Young (Concurrent Start) (G1 Evacuation Pause)
[608.621s][info][gc,task        ] GC(1408) Using 2 workers of 2 for evacuation
[608.623s][info][gc,phases      ] GC(1408)   Pre Evacuate Collection Set: 0.38ms
[608.623s][info][gc,phases      ] GC(1408)   Merge Heap Roots: 0.09ms
[608.623s][info][gc,phases      ] GC(1408)   Evacuate Collection Set: 0.56ms
[608.623s][info][gc,phases      ] GC(1408)   Post Evacuate Collection Set: 0.46ms
[608.623s][info][gc,phases      ] GC(1408)   Other: 0.11ms
[608.623s][info][gc,heap        ] GC(1408) Eden regions: 266->0(273)
[608.623s][info][gc,heap        ] GC(1408) Survivor regions: 1->1(34)
[608.623s][info][gc,heap        ] GC(1408) Old regions: 640->640
[608.623s][info][gc,heap        ] GC(1408) Humongous regions: 13->13
[608.623s][info][gc,metaspace   ] GC(1408) Metaspace: 19125K(19264K)->19125K(19264K) NonClass: 17295K(17408K)->17295K(17408K) Class: 1829K(1856K)->1829K(1856K)
[608.623s][info][gc             ] GC(1408) Pause Young (Concurrent Start) (G1 Evacuation Pause) 918M->652M(978M) 1.834ms
[608.623s][info][gc             ] GC(1409) Concurrent Mark Cycle
[608.623s][info][gc,marking     ] GC(1409) Concurrent Scan Root Regions
[608.623s][info][gc,cpu         ] GC(1408) User=0.01s Sys=0.00s Real=0.00s
[608.623s][info][gc,marking     ] GC(1409) Concurrent Scan Root Regions 0.362ms
[608.623s][info][gc,marking     ] GC(1409) Concurrent Mark
[608.623s][info][gc,marking     ] GC(1409) Concurrent Mark From Roots
[608.623s][info][gc,task        ] GC(1409) Using 1 workers of 1 for marking
[609.160s][info][gc,start       ] GC(1410) Pause Young (Normal) (G1 Evacuation Pause)
[609.161s][info][gc,task        ] GC(1410) Using 2 workers of 2 for evacuation
[609.206s][info][gc,phases      ] GC(1410)   Pre Evacuate Collection Set: 0.28ms
[609.206s][info][gc,phases      ] GC(1410)   Merge Heap Roots: 0.23ms
[609.206s][info][gc,phases      ] GC(1410)   Evacuate Collection Set: 43.82ms
[609.206s][info][gc,phases      ] GC(1410)   Post Evacuate Collection Set: 0.57ms
[609.206s][info][gc,phases      ] GC(1410)   Other: 0.11ms
[609.206s][info][gc,heap        ] GC(1410) Eden regions: 273->0(209)
[609.206s][info][gc,heap        ] GC(1410) Survivor regions: 1->33(35)
[609.206s][info][gc,heap        ] GC(1410) Old regions: 640->640
[609.206s][info][gc,heap        ] GC(1410) Humongous regions: 13->13
[609.206s][info][gc,metaspace   ] GC(1410) Metaspace: 19127K(19264K)->19127K(19264K) NonClass: 17297K(17408K)->17297K(17408K) Class: 1829K(1856K)->1829K(1856K)
[609.206s][info][gc             ] GC(1410) Pause Young (Normal) (G1 Evacuation Pause) 925M->685M(978M) 45.250ms
[609.206s][info][gc,cpu         ] GC(1410) User=0.08s Sys=0.00s Real=0.04s
[609.600s][info][gc,start       ] GC(1411) Pause Young (Normal) (G1 Evacuation Pause)
[609.600s][info][gc,task        ] GC(1411) Using 2 workers of 2 for evacuation
[609.642s][info][gc,phases      ] GC(1411)   Pre Evacuate Collection Set: 0.32ms
[609.642s][info][gc,phases      ] GC(1411)   Merge Heap Roots: 0.16ms
[609.642s][info][gc,phases      ] GC(1411)   Evacuate Collection Set: 40.09ms
[609.642s][info][gc,phases      ] GC(1411)   Post Evacuate Collection Set: 0.49ms
[609.642s][info][gc,phases      ] GC(1411)   Other: 0.10ms
[609.642s][info][gc,heap        ] GC(1411) Eden regions: 209->0(236)
[609.642s][info][gc,heap        ] GC(1411) Survivor regions: 33->3(31)
[609.642s][info][gc,heap        ] GC(1411) Old regions: 640->673
[609.642s][info][gc,heap        ] GC(1411) Humongous regions: 13->13
[609.642s][info][gc,metaspace   ] GC(1411) Metaspace: 19127K(19264K)->19127K(19264K) NonClass: 17297K(17408K)->17297K(17408K) Class: 1829K(1856K)->1829K(1856K)
[609.642s][info][gc             ] GC(1411) Pause Young (Normal) (G1 Evacuation Pause) 894M->687M(978M) 41.412ms
[609.642s][info][gc,cpu         ] GC(1411) User=0.08s Sys=0.00s Real=0.05s
[610.234s][info][gc,marking     ] GC(1409) Concurrent Mark From Roots 1610.941ms
[610.234s][info][gc,marking     ] GC(1409) Concurrent Preclean
[610.235s][info][gc,marking     ] GC(1409) Concurrent Preclean 0.051ms
[610.235s][info][gc,start       ] GC(1409) Pause Remark
[610.244s][info][gc             ] GC(1409) Pause Remark 890M->788M(978M) 9.188ms
[610.244s][info][gc,cpu         ] GC(1409) User=0.02s Sys=0.00s Real=0.01s
[610.246s][info][gc,marking     ] GC(1409) Concurrent Mark 1622.966ms
[610.246s][info][gc,marking     ] GC(1409) Concurrent Rebuild Remembered Sets and Scrub Regions
[610.433s][info][gc,start       ] GC(1412) Pause Young (Normal) (G1 Evacuation Pause)
[610.433s][info][gc,task        ] GC(1412) Using 2 workers of 2 for evacuation
[610.450s][info][gc,phases      ] GC(1412)   Pre Evacuate Collection Set: 0.56ms
[610.450s][info][gc,phases      ] GC(1412)   Merge Heap Roots: 0.30ms
[610.450s][info][gc,phases      ] GC(1412)   Evacuate Collection Set: 16.02ms
[610.450s][info][gc,phases      ] GC(1412)   Post Evacuate Collection Set: 0.51ms
[610.450s][info][gc,phases      ] GC(1412)   Other: 0.11ms
[610.450s][info][gc,heap        ] GC(1412) Eden regions: 236->0(316)
[610.450s][info][gc,heap        ] GC(1412) Survivor regions: 3->11(30)
[610.450s][info][gc,heap        ] GC(1412) Old regions: 577->577
[610.450s][info][gc,heap        ] GC(1412) Humongous regions: 7->7
[610.450s][info][gc,metaspace   ] GC(1412) Metaspace: 19132K(19264K)->19132K(19264K) NonClass: 17302K(17408K)->17302K(17408K) Class: 1829K(1856K)->1829K(1856K)
[610.450s][info][gc             ] GC(1412) Pause Young (Normal) (G1 Evacuation Pause) 821M->594M(978M) 17.770ms
[610.450s][info][gc,cpu         ] GC(1412) User=0.03s Sys=0.00s Real=0.01s
[610.913s][info][gc,marking     ] GC(1409) Concurrent Rebuild Remembered Sets and Scrub Regions 666.542ms
[610.913s][info][gc,start       ] GC(1409) Pause Cleanup
[610.913s][info][gc             ] GC(1409) Pause Cleanup 760M->760M(978M) 0.161ms
[610.913s][info][gc,cpu         ] GC(1409) User=0.00s Sys=0.00s Real=0.00s
[610.913s][info][gc,marking     ] GC(1409) Concurrent Clear Claimed Marks
[610.914s][info][gc,marking     ] GC(1409) Concurrent Clear Claimed Marks 0.041ms
[610.914s][info][gc,marking     ] GC(1409) Concurrent Cleanup for Next Mark
[610.919s][info][gc,marking     ] GC(1409) Concurrent Cleanup for Next Mark 4.977ms
[610.919s][info][gc             ] GC(1409) Concurrent Mark Cycle 2295.482ms
[611.211s][info][gc,start       ] GC(1413) Pause Young (Prepare Mixed) (G1 Evacuation Pause)
[611.211s][info][gc,task        ] GC(1413) Using 2 workers of 2 for evacuation
[611.227s][info][gc,phases      ] GC(1413)   Pre Evacuate Collection Set: 0.33ms
[611.227s][info][gc,phases      ] GC(1413)   Merge Heap Roots: 0.20ms
[611.227s][info][gc,phases      ] GC(1413)   Evacuate Collection Set: 14.57ms
[611.227s][info][gc,phases      ] GC(1413)   Post Evacuate Collection Set: 0.57ms
[611.227s][info][gc,phases      ] GC(1413)   Other: 0.13ms
[611.227s][info][gc,heap        ] GC(1413) Eden regions: 316->0(322)
[611.227s][info][gc,heap        ] GC(1413) Survivor regions: 11->11(41)
[611.227s][info][gc,heap        ] GC(1413) Old regions: 577->577
[611.227s][info][gc,heap        ] GC(1413) Humongous regions: 7->7
[611.227s][info][gc,metaspace   ] GC(1413) Metaspace: 19134K(19264K)->19134K(19264K) NonClass: 17304K(17408K)->17304K(17408K) Class: 1829K(1856K)->1829K(1856K)
[611.227s][info][gc             ] GC(1413) Pause Young (Prepare Mixed) (G1 Evacuation Pause) 910M->594M(978M) 16.056ms
[611.227s][info][gc,cpu         ] GC(1413) User=0.03s Sys=0.01s Real=0.01s
[611.758s][info][gc,start       ] GC(1414) Pause Young (Mixed) (G1 Evacuation Pause)
[611.758s][info][gc,task        ] GC(1414) Using 2 workers of 2 for evacuation
[611.821s][info][gc,phases      ] GC(1414)   Pre Evacuate Collection Set: 0.53ms
[611.821s][info][gc,phases      ] GC(1414)   Merge Heap Roots: 0.41ms
[611.821s][info][gc,phases      ] GC(1414)   Evacuate Collection Set: 61.15ms
[611.821s][info][gc,phases      ] GC(1414)   Post Evacuate Collection Set: 0.68ms
[611.821s][info][gc,phases      ] GC(1414)   Other: 0.10ms
[611.821s][info][gc,heap        ] GC(1414) Eden regions: 322->0(344)
[611.821s][info][gc,heap        ] GC(1414) Survivor regions: 11->25(42)
[611.821s][info][gc,heap        ] GC(1414) Old regions: 577->527
[611.821s][info][gc,heap        ] GC(1414) Humongous regions: 7->7
[611.821s][info][gc,metaspace   ] GC(1414) Metaspace: 19142K(19264K)->19142K(19264K) NonClass: 17312K(17408K)->17312K(17408K) Class: 1829K(1856K)->1829K(1856K)
[611.821s][info][gc             ] GC(1414) Pause Young (Mixed) (G1 Evacuation Pause) 916M->557M(978M) 63.127ms
[611.821s][info][gc,cpu         ] GC(1414) User=0.11s Sys=0.00s Real=0.07s
[612.277s][info][gc,start       ] GC(1415) Pause Young (Concurrent Start) (G1 Humongous Allocation)
[612.277s][info][gc,task        ] GC(1415) Using 2 workers of 2 for evacuation
[612.382s][info][gc,phases      ] GC(1415)   Pre Evacuate Collection Set: 0.48ms
[612.382s][info][gc,phases      ] GC(1415)   Merge Heap Roots: 0.23ms
[612.382s][info][gc,phases      ] GC(1415)   Evacuate Collection Set: 103.57ms
[612.382s][info][gc,phases      ] GC(1415)   Post Evacuate Collection Set: 0.75ms
[612.382s][info][gc,phases      ] GC(1415)   Other: 0.20ms
[612.382s][info][gc,heap        ] GC(1415) Eden regions: 319->0(259)
[612.382s][info][gc,heap        ] GC(1415) Survivor regions: 25->47(47)
[612.382s][info][gc,heap        ] GC(1415) Old regions: 527->568
[612.382s][info][gc,heap        ] GC(1415) Humongous regions: 7->7
[612.382s][info][gc,metaspace   ] GC(1415) Metaspace: 19154K(19264K)->19154K(19264K) NonClass: 17324K(17408K)->17324K(17408K) Class: 1829K(1856K)->1829K(1856K)
[612.382s][info][gc             ] GC(1415) Pause Young (Concurrent Start) (G1 Humongous Allocation) 876M->621M(978M) 105.533ms
[612.382s][info][gc,cpu         ] GC(1415) User=0.20s Sys=0.00s Real=0.11s
[612.382s][info][gc             ] GC(1416) Concurrent Mark Cycle
[612.382s][info][gc,marking     ] GC(1416) Concurrent Scan Root Regions
[612.477s][info][gc,marking     ] GC(1416) Concurrent Scan Root Regions 94.476ms
[612.477s][info][gc,marking     ] GC(1416) Concurrent Mark
[612.477s][info][gc,marking     ] GC(1416) Concurrent Mark From Roots
[612.477s][info][gc,task        ] GC(1416) Using 1 workers of 1 for marking
[613.424s][info][gc,start       ] GC(1417) Pause Young (Normal) (G1 Evacuation Pause)
[613.425s][info][gc,task        ] GC(1417) Using 2 workers of 2 for evacuation
[613.491s][info][gc,phases      ] GC(1417)   Pre Evacuate Collection Set: 0.33ms
[613.491s][info][gc,phases      ] GC(1417)   Merge Heap Roots: 0.31ms
[613.491s][info][gc,phases      ] GC(1417)   Evacuate Collection Set: 65.27ms
[613.491s][info][gc,phases      ] GC(1417)   Post Evacuate Collection Set: 0.55ms
[613.491s][info][gc,phases      ] GC(1417)   Other: 0.09ms
[613.491s][info][gc,heap        ] GC(1417) Eden regions: 259->0(271)
[613.491s][info][gc,heap        ] GC(1417) Survivor regions: 47->7(39)
[613.491s][info][gc,heap        ] GC(1417) Old regions: 568->615
[613.491s][info][gc,heap        ] GC(1417) Humongous regions: 10->10
[613.491s][info][gc,metaspace   ] GC(1417) Metaspace: 19154K(19264K)->19154K(19264K) NonClass: 17324K(17408K)->17324K(17408K) Class: 1829K(1856K)->1829K(1856K)
[613.491s][info][gc             ] GC(1417) Pause Young (Normal) (G1 Evacuation Pause) 883M->630M(978M) 66.817ms
[613.491s][info][gc,cpu         ] GC(1417) User=0.13s Sys=0.00s Real=0.07s
[614.056s][info][gc,marking     ] GC(1416) Concurrent Mark From Roots 1579.122ms
[614.056s][info][gc,marking     ] GC(1416) Concurrent Preclean
[614.056s][info][gc,marking     ] GC(1416) Concurrent Preclean 0.046ms
[614.056s][info][gc,start       ] GC(1416) Pause Remark
[614.065s][info][gc             ] GC(1416) Pause Remark 768M->768M(978M) 8.753ms
[614.065s][info][gc,cpu         ] GC(1416) User=0.02s Sys=0.00s Real=0.01s
[614.065s][info][gc,marking     ] GC(1416) Concurrent Mark 1588.270ms
[614.065s][info][gc,marking     ] GC(1416) Concurrent Rebuild Remembered Sets and Scrub Regions
[614.390s][info][gc,start       ] GC(1418) Pause Young (Normal) (G1 Evacuation Pause)
[614.390s][info][gc,task        ] GC(1418) Using 2 workers of 2 for evacuation
[614.403s][info][gc,phases      ] GC(1418)   Pre Evacuate Collection Set: 0.52ms
[614.403s][info][gc,phases      ] GC(1418)   Merge Heap Roots: 0.15ms
[614.403s][info][gc,phases      ] GC(1418)   Evacuate Collection Set: 11.65ms
[614.403s][info][gc,phases      ] GC(1418)   Post Evacuate Collection Set: 0.53ms
[614.404s][info][gc,phases      ] GC(1418)   Other: 0.14ms
[614.404s][info][gc,heap        ] GC(1418) Eden regions: 271->0(282)
[614.404s][info][gc,heap        ] GC(1418) Survivor regions: 7->7(35)
[614.404s][info][gc,heap        ] GC(1418) Old regions: 615->615
[614.404s][info][gc,heap        ] GC(1418) Humongous regions: 10->10
[614.404s][info][gc,metaspace   ] GC(1418) Metaspace: 19154K(19264K)->19154K(19264K) NonClass: 17324K(17408K)->17324K(17408K) Class: 1829K(1856K)->1829K(1856K)
[614.404s][info][gc             ] GC(1418) Pause Young (Normal) (G1 Evacuation Pause) 901M->630M(978M) 13.269ms
[614.404s][info][gc,cpu         ] GC(1418) User=0.03s Sys=0.00s Real=0.02s
[614.770s][info][gc,marking     ] GC(1416) Concurrent Rebuild Remembered Sets and Scrub Regions 705.072ms
[614.771s][info][gc,start       ] GC(1416) Pause Cleanup
[614.771s][info][gc             ] GC(1416) Pause Cleanup 787M->787M(978M) 0.124ms
[614.771s][info][gc,cpu         ] GC(1416) User=0.00s Sys=0.00s Real=0.00s
[614.771s][info][gc,marking     ] GC(1416) Concurrent Clear Claimed Marks
[614.771s][info][gc,marking     ] GC(1416) Concurrent Clear Claimed Marks 0.061ms
[614.771s][info][gc,marking     ] GC(1416) Concurrent Cleanup for Next Mark
[614.774s][info][gc,marking     ] GC(1416) Concurrent Cleanup for Next Mark 2.973ms
[614.774s][info][gc             ] GC(1416) Concurrent Mark Cycle 2391.464ms
[614.992s][info][gc,start       ] GC(1419) Pause Young (Prepare Mixed) (G1 Evacuation Pause)
[614.992s][info][gc,task        ] GC(1419) Using 2 workers of 2 for evacuation
[615.005s][info][gc,phases      ] GC(1419)   Pre Evacuate Collection Set: 0.37ms
[615.005s][info][gc,phases      ] GC(1419)   Merge Heap Roots: 0.12ms
[615.005s][info][gc,phases      ] GC(1419)   Evacuate Collection Set: 11.52ms
[615.005s][info][gc,phases      ] GC(1419)   Post Evacuate Collection Set: 0.56ms
[615.005s][info][gc,phases      ] GC(1419)   Other: 0.12ms
[615.005s][info][gc,heap        ] GC(1419) Eden regions: 282->0(289)
[615.005s][info][gc,heap        ] GC(1419) Survivor regions: 7->7(37)
[615.005s][info][gc,heap        ] GC(1419) Old regions: 615->615
[615.005s][info][gc,heap        ] GC(1419) Humongous regions: 10->10
[615.005s][info][gc,metaspace   ] GC(1419) Metaspace: 19154K(19264K)->19154K(19264K) NonClass: 17324K(17408K)->17324K(17408K) Class: 1829K(1856K)->1829K(1856K)
[615.005s][info][gc             ] GC(1419) Pause Young (Prepare Mixed) (G1 Evacuation Pause) 912M->630M(978M) 12.943ms
[615.005s][info][gc,cpu         ] GC(1419) User=0.02s Sys=0.00s Real=0.01s
[615.421s][info][gc,start       ] GC(1420) Pause Young (Mixed) (G1 Evacuation Pause)
[615.421s][info][gc,task        ] GC(1420) Using 2 workers of 2 for evacuation
[615.461s][info][gc,phases      ] GC(1420)   Pre Evacuate Collection Set: 0.34ms
[615.461s][info][gc,phases      ] GC(1420)   Merge Heap Roots: 0.26ms
[615.461s][info][gc,phases      ] GC(1420)   Evacuate Collection Set: 38.52ms
[615.461s][info][gc,phases      ] GC(1420)   Post Evacuate Collection Set: 0.63ms
[615.461s][info][gc,phases      ] GC(1420)   Other: 0.11ms
[615.461s][info][gc,heap        ] GC(1420) Eden regions: 289->0(267)
[615.461s][info][gc,heap        ] GC(1420) Survivor regions: 7->23(37)
[615.461s][info][gc,heap        ] GC(1420) Old regions: 615->605
[615.461s][info][gc,heap        ] GC(1420) Humongous regions: 10->10
[615.461s][info][gc,metaspace   ] GC(1420) Metaspace: 19154K(19264K)->19154K(19264K) NonClass: 17324K(17408K)->17324K(17408K) Class: 1829K(1856K)->1829K(1856K)
[615.461s][info][gc             ] GC(1420) Pause Young (Mixed) (G1 Evacuation Pause) 919M->637M(978M) 40.107ms
[615.461s][info][gc,cpu         ] GC(1420) User=0.08s Sys=0.00s Real=0.04s
[615.718s][info][gc,start       ] GC(1421) Pause Young (Concurrent Start) (G1 Evacuation Pause)
[615.718s][info][gc,task        ] GC(1421) Using 2 workers of 2 for evacuation
[615.766s][info][gc,phases      ] GC(1421)   Pre Evacuate Collection Set: 0.33ms
[615.766s][info][gc,phases      ] GC(1421)   Merge Heap Roots: 0.16ms
[615.766s][info][gc,phases      ] GC(1421)   Evacuate Collection Set: 45.90ms
[615.766s][info][gc,phases      ] GC(1421)   Post Evacuate Collection Set: 0.62ms
[615.766s][info][gc,phases      ] GC(1421)   Other: 0.14ms
[615.766s][info][gc,heap        ] GC(1421) Eden regions: 267->0(248)
[615.766s][info][gc,heap        ] GC(1421) Survivor regions: 23->29(37)
[615.766s][info][gc,heap        ] GC(1421) Old regions: 605->612
[615.766s][info][gc,heap        ] GC(1421) Humongous regions: 10->10
[615.766s][info][gc,metaspace   ] GC(1421) Metaspace: 19154K(19264K)->19154K(19264K) NonClass: 17324K(17408K)->17324K(17408K) Class: 1829K(1856K)->1829K(1856K)
[615.766s][info][gc             ] GC(1421) Pause Young (Concurrent Start) (G1 Evacuation Pause) 904M->650M(978M) 47.418ms
[615.766s][info][gc,cpu         ] GC(1421) User=0.09s Sys=0.00s Real=0.05s
[615.766s][info][gc             ] GC(1422) Concurrent Mark Cycle
[615.766s][info][gc,marking     ] GC(1422) Concurrent Scan Root Regions
[615.848s][info][gc,marking     ] GC(1422) Concurrent Scan Root Regions 82.580ms
[615.849s][info][gc,marking     ] GC(1422) Concurrent Mark
[615.849s][info][gc,marking     ] GC(1422) Concurrent Mark From Roots
[615.849s][info][gc,task        ] GC(1422) Using 1 workers of 1 for marking
[616.328s][info][gc,start       ] GC(1423) Pause Young (Normal) (G1 Evacuation Pause)
[616.328s][info][gc,task        ] GC(1423) Using 2 workers of 2 for evacuation
[616.378s][info][gc,phases      ] GC(1423)   Pre Evacuate Collection Set: 0.58ms
[616.379s][info][gc,phases      ] GC(1423)   Merge Heap Roots: 0.22ms
[616.379s][info][gc,phases      ] GC(1423)   Evacuate Collection Set: 48.54ms
[616.379s][info][gc,phases      ] GC(1423)   Post Evacuate Collection Set: 0.62ms
[616.379s][info][gc,phases      ] GC(1423)   Other: 0.13ms
[616.379s][info][gc,heap        ] GC(1423) Eden regions: 248->0(249)
[616.379s][info][gc,heap        ] GC(1423) Survivor regions: 29->20(35)
[616.379s][info][gc,heap        ] GC(1423) Old regions: 612->629
[616.379s][info][gc,heap        ] GC(1423) Humongous regions: 10->10
[616.379s][info][gc,metaspace   ] GC(1423) Metaspace: 19154K(19264K)->19154K(19264K) NonClass: 17324K(17408K)->17324K(17408K) Class: 1829K(1856K)->1829K(1856K)
[616.379s][info][gc             ] GC(1423) Pause Young (Normal) (G1 Evacuation Pause) 898M->657M(978M) 50.340ms
[616.379s][info][gc,cpu         ] GC(1423) User=0.10s Sys=0.00s Real=0.05s
[616.910s][info][gc,start       ] GC(1424) Pause Young (Normal) (G1 Evacuation Pause)
[616.910s][info][gc,task        ] GC(1424) Using 2 workers of 2 for evacuation
[617.006s][info][gc,phases      ] GC(1424)   Pre Evacuate Collection Set: 0.54ms
[617.006s][info][gc,phases      ] GC(1424)   Merge Heap Roots: 0.45ms
[617.006s][info][gc,phases      ] GC(1424)   Evacuate Collection Set: 94.03ms
[617.006s][info][gc,phases      ] GC(1424)   Post Evacuate Collection Set: 0.67ms
[617.006s][info][gc,phases      ] GC(1424)   Other: 0.13ms
[617.006s][info][gc,heap        ] GC(1424) Eden regions: 249->0(191)
[617.006s][info][gc,heap        ] GC(1424) Survivor regions: 20->34(34)
[617.006s][info][gc,heap        ] GC(1424) Old regions: 629->659
[617.006s][info][gc,heap        ] GC(1424) Humongous regions: 10->10
[617.006s][info][gc,metaspace   ] GC(1424) Metaspace: 19154K(19264K)->19154K(19264K) NonClass: 17324K(17408K)->17324K(17408K) Class: 1829K(1856K)->1829K(1856K)
[617.006s][info][gc             ] GC(1424) Pause Young (Normal) (G1 Evacuation Pause) 906M->702M(978M) 96.137ms
[617.006s][info][gc,cpu         ] GC(1424) User=0.19s Sys=0.00s Real=0.10s
[617.427s][info][gc,marking     ] GC(1422) Concurrent Mark From Roots 1578.460ms
[617.427s][info][gc,marking     ] GC(1422) Concurrent Preclean
[617.427s][info][gc,marking     ] GC(1422) Concurrent Preclean 0.047ms
[617.427s][info][gc,start       ] GC(1422) Pause Remark
[617.437s][info][gc             ] GC(1422) Pause Remark 869M->804M(978M) 9.209ms
[617.437s][info][gc,cpu         ] GC(1422) User=0.02s Sys=0.00s Real=0.01s
[617.437s][info][gc,marking     ] GC(1422) Concurrent Mark 1588.127ms
[617.437s][info][gc,marking     ] GC(1422) Concurrent Rebuild Remembered Sets and Scrub Regions
[617.510s][info][gc,start       ] GC(1425) Pause Young (Normal) (G1 Evacuation Pause)
[617.511s][info][gc,task        ] GC(1425) Using 2 workers of 2 for evacuation
[617.613s][info][gc,phases      ] GC(1425)   Pre Evacuate Collection Set: 0.56ms
[617.613s][info][gc,phases      ] GC(1425)   Merge Heap Roots: 0.36ms
[617.613s][info][gc,phases      ] GC(1425)   Evacuate Collection Set: 100.39ms
[617.613s][info][gc,phases      ] GC(1425)   Post Evacuate Collection Set: 0.64ms
[617.613s][info][gc,phases      ] GC(1425)   Other: 0.11ms
[617.613s][info][gc,heap        ] GC(1425) Eden regions: 191->0(229)
[617.613s][info][gc,heap        ] GC(1425) Survivor regions: 34->28(29)
[617.613s][info][gc,heap        ] GC(1425) Old regions: 597->632
[617.613s][info][gc,heap        ] GC(1425) Humongous regions: 7->7
[617.613s][info][gc,metaspace   ] GC(1425) Metaspace: 19154K(19264K)->19154K(19264K) NonClass: 17324K(17408K)->17324K(17408K) Class: 1829K(1856K)->1829K(1856K)
[617.613s][info][gc             ] GC(1425) Pause Young (Normal) (G1 Evacuation Pause) 828M->666M(978M) 102.416ms
[617.613s][info][gc,cpu         ] GC(1425) User=0.20s Sys=0.00s Real=0.10s
[617.984s][info][gc,start       ] GC(1426) Pause Young (Normal) (G1 Evacuation Pause)
[617.984s][info][gc,task        ] GC(1426) Using 2 workers of 2 for evacuation
[618.038s][info][gc,phases      ] GC(1426)   Pre Evacuate Collection Set: 0.32ms
[618.038s][info][gc,phases      ] GC(1426)   Merge Heap Roots: 0.33ms
[618.038s][info][gc,phases      ] GC(1426)   Evacuate Collection Set: 52.54ms
[618.038s][info][gc,phases      ] GC(1426)   Post Evacuate Collection Set: 0.51ms
[618.038s][info][gc,phases      ] GC(1426)   Other: 0.13ms
[618.038s][info][gc,heap        ] GC(1426) Eden regions: 229->0(223)
[618.038s][info][gc,heap        ] GC(1426) Survivor regions: 28->16(33)
[618.038s][info][gc,heap        ] GC(1426) Old regions: 632->659
[618.038s][info][gc,heap        ] GC(1426) Humongous regions: 7->7
[618.038s][info][gc,metaspace   ] GC(1426) Metaspace: 19154K(19264K)->19154K(19264K) NonClass: 17324K(17408K)->17324K(17408K) Class: 1829K(1856K)->1829K(1856K)
[618.038s][info][gc             ] GC(1426) Pause Young (Normal) (G1 Evacuation Pause) 895M->681M(978M) 54.087ms
[618.038s][info][gc,cpu         ] GC(1426) User=0.10s Sys=0.00s Real=0.05s
[618.243s][info][gc,marking     ] GC(1422) Concurrent Rebuild Remembered Sets and Scrub Regions 806.624ms
[618.244s][info][gc,start       ] GC(1422) Pause Cleanup
[618.244s][info][gc             ] GC(1422) Pause Cleanup 768M->768M(978M) 0.222ms
[618.244s][info][gc,cpu         ] GC(1422) User=0.00s Sys=0.00s Real=0.00s
[618.244s][info][gc,marking     ] GC(1422) Concurrent Clear Claimed Marks
[618.244s][info][gc,marking     ] GC(1422) Concurrent Clear Claimed Marks 0.051ms
[618.244s][info][gc,marking     ] GC(1422) Concurrent Cleanup for Next Mark
[618.249s][info][gc,marking     ] GC(1422) Concurrent Cleanup for Next Mark 5.107ms
[618.249s][info][gc             ] GC(1422) Concurrent Mark Cycle 2483.310ms
[618.437s][info][gc,start       ] GC(1427) Pause Young (Prepare Mixed) (G1 Evacuation Pause)
[618.437s][info][gc,task        ] GC(1427) Using 2 workers of 2 for evacuation
[618.477s][info][gc,phases      ] GC(1427)   Pre Evacuate Collection Set: 0.31ms
[618.477s][info][gc,phases      ] GC(1427)   Merge Heap Roots: 0.40ms
[618.477s][info][gc,phases      ] GC(1427)   Evacuate Collection Set: 38.64ms
[618.477s][info][gc,phases      ] GC(1427)   Post Evacuate Collection Set: 0.55ms
[618.478s][info][gc,phases      ] GC(1427)   Other: 0.11ms
[618.478s][info][gc,heap        ] GC(1427) Eden regions: 223->0(228)
[618.478s][info][gc,heap        ] GC(1427) Survivor regions: 16->17(30)
[618.478s][info][gc,heap        ] GC(1427) Old regions: 659->659
[618.478s][info][gc,heap        ] GC(1427) Humongous regions: 7->7
[618.478s][info][gc,metaspace   ] GC(1427) Metaspace: 19154K(19264K)->19154K(19264K) NonClass: 17324K(17408K)->17324K(17408K) Class: 1829K(1856K)->1829K(1856K)
[618.478s][info][gc             ] GC(1427) Pause Young (Prepare Mixed) (G1 Evacuation Pause) 904M->682M(978M) 40.278ms
[618.478s][info][gc,cpu         ] GC(1427) User=0.08s Sys=0.00s Real=0.04s
[618.739s][info][gc,start       ] GC(1428) Pause Young (Mixed) (G1 Evacuation Pause)
[618.739s][info][gc,task        ] GC(1428) Using 2 workers of 2 for evacuation
[618.829s][info][gc,phases      ] GC(1428)   Pre Evacuate Collection Set: 0.61ms
[618.829s][info][gc,phases      ] GC(1428)   Merge Heap Roots: 1.18ms
[618.829s][info][gc,phases      ] GC(1428)   Evacuate Collection Set: 86.85ms
[618.829s][info][gc,phases      ] GC(1428)   Post Evacuate Collection Set: 0.70ms
[618.829s][info][gc,phases      ] GC(1428)   Other: 0.09ms
[618.829s][info][gc,heap        ] GC(1428) Eden regions: 228->0(283)
[618.829s][info][gc,heap        ] GC(1428) Survivor regions: 17->9(31)
[618.829s][info][gc,heap        ] GC(1428) Old regions: 659->613
[618.829s][info][gc,heap        ] GC(1428) Humongous regions: 7->7
[618.829s][info][gc,metaspace   ] GC(1428) Metaspace: 19154K(19264K)->19154K(19264K) NonClass: 17324K(17408K)->17324K(17408K) Class: 1829K(1856K)->1829K(1856K)
[618.829s][info][gc             ] GC(1428) Pause Young (Mixed) (G1 Evacuation Pause) 910M->628M(978M) 89.735ms
[618.829s][info][gc,cpu         ] GC(1428) User=0.17s Sys=0.00s Real=0.09s
[619.087s][info][gc,start       ] GC(1429) Pause Young (Concurrent Start) (G1 Evacuation Pause)
[619.088s][info][gc,task        ] GC(1429) Using 2 workers of 2 for evacuation
[619.196s][info][gc,phases      ] GC(1429)   Pre Evacuate Collection Set: 0.42ms
[619.196s][info][gc,phases      ] GC(1429)   Merge Heap Roots: 0.28ms
[619.197s][info][gc,phases      ] GC(1429)   Evacuate Collection Set: 101.46ms
[619.197s][info][gc,phases      ] GC(1429)   Post Evacuate Collection Set: 6.63ms
[619.197s][info][gc,phases      ] GC(1429)   Other: 0.14ms
[619.197s][info][gc,heap        ] GC(1429) Eden regions: 283->0(141)
[619.197s][info][gc,heap        ] GC(1429) Survivor regions: 9->37(37)
[619.197s][info][gc,heap        ] GC(1429) Old regions: 613->706
[619.197s][info][gc,heap        ] GC(1429) Humongous regions: 7->7
[619.197s][info][gc,metaspace   ] GC(1429) Metaspace: 19154K(19264K)->19154K(19264K) NonClass: 17324K(17408K)->17324K(17408K) Class: 1829K(1856K)->1829K(1856K)
[619.197s][info][gc             ] GC(1429) Pause Young (Concurrent Start) (G1 Evacuation Pause) (Evacuation Failure: Allocation) 911M->749M(978M) 109.177ms
[619.197s][info][gc             ] GC(1430) Concurrent Mark Cycle
[619.197s][info][gc,marking     ] GC(1430) Concurrent Scan Root Regions
[619.197s][info][gc,cpu         ] GC(1429) User=0.21s Sys=0.00s Real=0.11s
[619.374s][info][gc,marking     ] GC(1430) Concurrent Scan Root Regions 176.985ms
[619.374s][info][gc,marking     ] GC(1430) Concurrent Mark
[619.374s][info][gc,marking     ] GC(1430) Concurrent Mark From Roots
[619.374s][info][gc,task        ] GC(1430) Using 1 workers of 1 for marking
[619.565s][info][gc,start       ] GC(1431) Pause Young (Normal) (G1 Evacuation Pause)
[619.565s][info][gc,task        ] GC(1431) Using 2 workers of 2 for evacuation
[619.670s][info][gc,phases      ] GC(1431)   Pre Evacuate Collection Set: 0.59ms
[619.670s][info][gc,phases      ] GC(1431)   Merge Heap Roots: 0.55ms
[619.670s][info][gc,phases      ] GC(1431)   Evacuate Collection Set: 103.01ms
[619.670s][info][gc,phases      ] GC(1431)   Post Evacuate Collection Set: 0.60ms
[619.670s][info][gc,phases      ] GC(1431)   Other: 0.11ms
[619.670s][info][gc,heap        ] GC(1431) Eden regions: 141->0(177)
[619.670s][info][gc,heap        ] GC(1431) Survivor regions: 37->21(23)
[619.670s][info][gc,heap        ] GC(1431) Old regions: 706->695
[619.670s][info][gc,heap        ] GC(1431) Humongous regions: 7->7
[619.670s][info][gc,metaspace   ] GC(1431) Metaspace: 19154K(19264K)->19154K(19264K) NonClass: 17324K(17408K)->17324K(17408K) Class: 1829K(1856K)->1829K(1856K)
[619.670s][info][gc             ] GC(1431) Pause Young (Normal) (G1 Evacuation Pause) 890M->722M(978M) 105.130ms
[619.670s][info][gc,cpu         ] GC(1431) User=0.21s Sys=0.00s Real=0.10s
[620.294s][info][gc,start       ] GC(1432) Pause Young (Normal) (G1 Evacuation Pause)
[620.294s][info][gc,task        ] GC(1432) Using 2 workers of 2 for evacuation
[620.327s][info][gc,phases      ] GC(1432)   Pre Evacuate Collection Set: 0.34ms
[620.327s][info][gc,phases      ] GC(1432)   Merge Heap Roots: 0.21ms
[620.327s][info][gc,phases      ] GC(1432)   Evacuate Collection Set: 32.01ms
[620.327s][info][gc,phases      ] GC(1432)   Post Evacuate Collection Set: 0.46ms
[620.327s][info][gc,phases      ] GC(1432)   Other: 0.13ms
[620.327s][info][gc,heap        ] GC(1432) Eden regions: 177->0(183)
[620.327s][info][gc,heap        ] GC(1432) Survivor regions: 21->7(25)
[620.327s][info][gc,heap        ] GC(1432) Old regions: 695->715
[620.327s][info][gc,heap        ] GC(1432) Humongous regions: 7->7
[620.327s][info][gc,metaspace   ] GC(1432) Metaspace: 19154K(19264K)->19154K(19264K) NonClass: 17324K(17408K)->17324K(17408K) Class: 1829K(1856K)->1829K(1856K)
[620.327s][info][gc             ] GC(1432) Pause Young (Normal) (G1 Evacuation Pause) 899M->728M(978M) 33.408ms
[620.328s][info][gc,cpu         ] GC(1432) User=0.06s Sys=0.00s Real=0.03s
[620.668s][info][gc,start       ] GC(1433) Pause Young (Normal) (G1 Evacuation Pause)
[620.668s][info][gc,task        ] GC(1433) Using 2 workers of 2 for evacuation
[620.685s][info][gc,phases      ] GC(1433)   Pre Evacuate Collection Set: 0.52ms
[620.685s][info][gc,phases      ] GC(1433)   Merge Heap Roots: 0.19ms
[620.685s][info][gc,phases      ] GC(1433)   Evacuate Collection Set: 15.52ms
[620.685s][info][gc,phases      ] GC(1433)   Post Evacuate Collection Set: 0.46ms
[620.685s][info][gc,phases      ] GC(1433)   Other: 0.08ms
[620.685s][info][gc,heap        ] GC(1433) Eden regions: 183->0(182)
[620.685s][info][gc,heap        ] GC(1433) Survivor regions: 7->12(24)
[620.685s][info][gc,heap        ] GC(1433) Old regions: 715->715
[620.685s][info][gc,heap        ] GC(1433) Humongous regions: 7->7
[620.685s][info][gc,metaspace   ] GC(1433) Metaspace: 19154K(19264K)->19154K(19264K) NonClass: 17324K(17408K)->17324K(17408K) Class: 1829K(1856K)->1829K(1856K)
[620.685s][info][gc             ] GC(1433) Pause Young (Normal) (G1 Evacuation Pause) 911M->733M(978M) 17.005ms
[620.685s][info][gc,cpu         ] GC(1433) User=0.03s Sys=0.00s Real=0.02s
[621.171s][info][gc,start       ] GC(1434) Pause Young (Normal) (G1 Evacuation Pause)
[621.171s][info][gc,task        ] GC(1434) Using 2 workers of 2 for evacuation
[621.188s][info][gc,phases      ] GC(1434)   Pre Evacuate Collection Set: 0.33ms
[621.188s][info][gc,phases      ] GC(1434)   Merge Heap Roots: 0.20ms
[621.188s][info][gc,phases      ] GC(1434)   Evacuate Collection Set: 16.48ms
[621.188s][info][gc,phases      ] GC(1434)   Post Evacuate Collection Set: 0.46ms
[621.188s][info][gc,phases      ] GC(1434)   Other: 0.08ms
[621.188s][info][gc,heap        ] GC(1434) Eden regions: 182->0(182)
[621.188s][info][gc,heap        ] GC(1434) Survivor regions: 12->12(25)
[621.188s][info][gc,heap        ] GC(1434) Old regions: 715->715
[621.188s][info][gc,heap        ] GC(1434) Humongous regions: 7->7
[621.188s][info][gc,metaspace   ] GC(1434) Metaspace: 19154K(19264K)->19154K(19264K) NonClass: 17324K(17408K)->17324K(17408K) Class: 1829K(1856K)->1829K(1856K)
[621.188s][info][gc             ] GC(1434) Pause Young (Normal) (G1 Evacuation Pause) 915M->733M(978M) 17.809ms
[621.188s][info][gc,cpu         ] GC(1434) User=0.04s Sys=0.00s Real=0.01s
[621.549s][info][gc,start       ] GC(1435) Pause Young (Normal) (G1 Evacuation Pause)
[621.549s][info][gc,task        ] GC(1435) Using 2 workers of 2 for evacuation
[621.572s][info][gc,phases      ] GC(1435)   Pre Evacuate Collection Set: 0.43ms
[621.572s][info][gc,phases      ] GC(1435)   Merge Heap Roots: 0.23ms
[621.572s][info][gc,phases      ] GC(1435)   Evacuate Collection Set: 21.54ms
[621.572s][info][gc,phases      ] GC(1435)   Post Evacuate Collection Set: 0.48ms
[621.572s][info][gc,phases      ] GC(1435)   Other: 0.12ms
[621.572s][info][gc,heap        ] GC(1435) Eden regions: 182->0(176)
[621.572s][info][gc,heap        ] GC(1435) Survivor regions: 12->15(25)
[621.572s][info][gc,heap        ] GC(1435) Old regions: 715->715
[621.572s][info][gc,heap        ] GC(1435) Humongous regions: 7->7
[621.572s][info][gc,metaspace   ] GC(1435) Metaspace: 19154K(19264K)->19154K(19264K) NonClass: 17324K(17408K)->17324K(17408K) Class: 1829K(1856K)->1829K(1856K)
[621.572s][info][gc             ] GC(1435) Pause Young (Normal) (G1 Evacuation Pause) 915M->736M(978M) 23.063ms
[621.572s][info][gc,cpu         ] GC(1435) User=0.04s Sys=0.00s Real=0.03s
[621.685s][info][gc,marking     ] GC(1430) Concurrent Mark From Roots 2311.124ms
[621.685s][info][gc,marking     ] GC(1430) Concurrent Preclean
[621.685s][info][gc,marking     ] GC(1430) Concurrent Preclean 0.049ms
[621.685s][info][gc,start       ] GC(1430) Pause Remark
[621.694s][info][gc             ] GC(1430) Pause Remark 762M->762M(978M) 8.781ms
[621.694s][info][gc,cpu         ] GC(1430) User=0.01s Sys=0.00s Real=0.01s
[621.694s][info][gc,marking     ] GC(1430) Concurrent Mark 2320.589ms
[621.694s][info][gc,marking     ] GC(1430) Concurrent Rebuild Remembered Sets and Scrub Regions
[622.135s][info][gc,start       ] GC(1436) Pause Young (Normal) (G1 Evacuation Pause)
[622.135s][info][gc,task        ] GC(1436) Using 2 workers of 2 for evacuation
[622.198s][info][gc,phases      ] GC(1436)   Pre Evacuate Collection Set: 0.54ms
[622.199s][info][gc,phases      ] GC(1436)   Merge Heap Roots: 0.62ms
[622.199s][info][gc,phases      ] GC(1436)   Evacuate Collection Set: 61.45ms
[622.199s][info][gc,phases      ] GC(1436)   Post Evacuate Collection Set: 0.62ms
[622.199s][info][gc,phases      ] GC(1436)   Other: 0.09ms
[622.199s][info][gc,heap        ] GC(1436) Eden regions: 176->0(143)
[622.199s][info][gc,heap        ] GC(1436) Survivor regions: 15->24(24)
[622.199s][info][gc,heap        ] GC(1436) Old regions: 715->727
[622.199s][info][gc,heap        ] GC(1436) Humongous regions: 10->10
[622.199s][info][gc,metaspace   ] GC(1436) Metaspace: 19154K(19264K)->19154K(19264K) NonClass: 17324K(17408K)->17324K(17408K) Class: 1829K(1856K)->1829K(1856K)
[622.199s][info][gc             ] GC(1436) Pause Young (Normal) (G1 Evacuation Pause) 915M->760M(978M) 63.590ms
[622.199s][info][gc,cpu         ] GC(1436) User=0.12s Sys=0.00s Real=0.06s
[622.556s][info][gc,marking     ] GC(1430) Concurrent Rebuild Remembered Sets and Scrub Regions 861.393ms
[622.556s][info][gc,start       ] GC(1430) Pause Cleanup
[622.556s][info][gc             ] GC(1430) Pause Cleanup 893M->893M(978M) 0.147ms
[622.556s][info][gc,cpu         ] GC(1430) User=0.00s Sys=0.00s Real=0.00s
[622.557s][info][gc,marking     ] GC(1430) Concurrent Clear Claimed Marks
[622.557s][info][gc,marking     ] GC(1430) Concurrent Clear Claimed Marks 0.061ms
[622.557s][info][gc,marking     ] GC(1430) Concurrent Cleanup for Next Mark
[622.563s][info][gc,marking     ] GC(1430) Concurrent Cleanup for Next Mark 6.732ms
[622.564s][info][gc             ] GC(1430) Concurrent Mark Cycle 3366.871ms
[622.577s][info][gc,start       ] GC(1437) Pause Young (Prepare Mixed) (G1 Evacuation Pause)
[622.577s][info][gc,task        ] GC(1437) Using 2 workers of 2 for evacuation
[622.657s][info][gc,phases      ] GC(1437)   Pre Evacuate Collection Set: 0.35ms
[622.658s][info][gc,phases      ] GC(1437)   Merge Heap Roots: 0.52ms
[622.658s][info][gc,phases      ] GC(1437)   Evacuate Collection Set: 79.09ms
[622.658s][info][gc,phases      ] GC(1437)   Post Evacuate Collection Set: 0.72ms
[622.658s][info][gc,phases      ] GC(1437)   Other: 0.11ms
[622.658s][info][gc,heap        ] GC(1437) Eden regions: 143->0(123)
[622.658s][info][gc,heap        ] GC(1437) Survivor regions: 24->21(21)
[622.658s][info][gc,heap        ] GC(1437) Old regions: 727->753
[622.658s][info][gc,heap        ] GC(1437) Humongous regions: 10->10
[622.658s][info][gc,metaspace   ] GC(1437) Metaspace: 19154K(19264K)->19154K(19264K) NonClass: 17324K(17408K)->17324K(17408K) Class: 1829K(1856K)->1829K(1856K)
[622.658s][info][gc             ] GC(1437) Pause Young (Prepare Mixed) (G1 Evacuation Pause) 903M->783M(978M) 81.060ms
[622.658s][info][gc,cpu         ] GC(1437) User=0.16s Sys=0.00s Real=0.08s
[622.797s][info][gc,start       ] GC(1438) Pause Young (Mixed) (G1 Evacuation Pause)
[622.797s][info][gc,task        ] GC(1438) Using 2 workers of 2 for evacuation
[622.881s][info][gc,phases      ] GC(1438)   Pre Evacuate Collection Set: 0.58ms
[622.881s][info][gc,phases      ] GC(1438)   Merge Heap Roots: 0.59ms
[622.881s][info][gc,phases      ] GC(1438)   Evacuate Collection Set: 82.06ms
[622.881s][info][gc,phases      ] GC(1438)   Post Evacuate Collection Set: 0.47ms
[622.881s][info][gc,phases      ] GC(1438)   Other: 0.11ms
[622.881s][info][gc,heap        ] GC(1438) Eden regions: 123->0(133)
[622.881s][info][gc,heap        ] GC(1438) Survivor regions: 21->9(18)
[622.881s][info][gc,heap        ] GC(1438) Old regions: 753->767
[622.881s][info][gc,heap        ] GC(1438) Humongous regions: 10->10
[622.881s][info][gc,metaspace   ] GC(1438) Metaspace: 19154K(19264K)->19154K(19264K) NonClass: 17324K(17408K)->17324K(17408K) Class: 1829K(1856K)->1829K(1856K)
[622.881s][info][gc             ] GC(1438) Pause Young (Mixed) (G1 Evacuation Pause) 906M->784M(978M) 84.089ms
[622.881s][info][gc,cpu         ] GC(1438) User=0.16s Sys=0.00s Real=0.09s
[623.049s][info][gc,start       ] GC(1439) Pause Young (Concurrent Start) (G1 Evacuation Pause)
[623.049s][info][gc,task        ] GC(1439) Using 2 workers of 2 for evacuation
[623.070s][info][gc,phases      ] GC(1439)   Pre Evacuate Collection Set: 0.32ms
[623.070s][info][gc,phases      ] GC(1439)   Merge Heap Roots: 0.26ms
[623.070s][info][gc,phases      ] GC(1439)   Evacuate Collection Set: 20.07ms
[623.070s][info][gc,phases      ] GC(1439)   Post Evacuate Collection Set: 0.47ms
[623.070s][info][gc,phases      ] GC(1439)   Other: 0.15ms
[623.070s][info][gc,heap        ] GC(1439) Eden regions: 133->0(129)
[623.070s][info][gc,heap        ] GC(1439) Survivor regions: 9->11(18)
[623.070s][info][gc,heap        ] GC(1439) Old regions: 767->767
[623.070s][info][gc,heap        ] GC(1439) Humongous regions: 10->10
[623.070s][info][gc,metaspace   ] GC(1439) Metaspace: 19154K(19264K)->19154K(19264K) NonClass: 17324K(17408K)->17324K(17408K) Class: 1829K(1856K)->1829K(1856K)
[623.070s][info][gc             ] GC(1439) Pause Young (Concurrent Start) (G1 Evacuation Pause) 917M->787M(978M) 21.511ms
[623.070s][info][gc             ] GC(1440) Concurrent Mark Cycle
[623.070s][info][gc,marking     ] GC(1440) Concurrent Scan Root Regions
[623.072s][info][gc,cpu         ] GC(1439) User=0.04s Sys=0.00s Real=0.03s
[623.092s][info][gc,marking     ] GC(1440) Concurrent Scan Root Regions 21.952ms
[623.092s][info][gc,marking     ] GC(1440) Concurrent Mark
[623.092s][info][gc,marking     ] GC(1440) Concurrent Mark From Roots
[623.092s][info][gc,task        ] GC(1440) Using 1 workers of 1 for marking
[623.370s][info][gc,start       ] GC(1441) Pause Young (Normal) (G1 Evacuation Pause)
[623.370s][info][gc,task        ] GC(1441) Using 2 workers of 2 for evacuation
[623.394s][info][gc,phases      ] GC(1441)   Pre Evacuate Collection Set: 0.57ms
[623.394s][info][gc,phases      ] GC(1441)   Merge Heap Roots: 0.21ms
[623.394s][info][gc,phases      ] GC(1441)   Evacuate Collection Set: 22.40ms
[623.394s][info][gc,phases      ] GC(1441)   Post Evacuate Collection Set: 0.44ms
[623.394s][info][gc,phases      ] GC(1441)   Other: 0.08ms
[623.394s][info][gc,heap        ] GC(1441) Eden regions: 129->0(131)
[623.394s][info][gc,heap        ] GC(1441) Survivor regions: 11->6(18)
[623.394s][info][gc,heap        ] GC(1441) Old regions: 767->775
[623.394s][info][gc,heap        ] GC(1441) Humongous regions: 10->10
[623.394s][info][gc,metaspace   ] GC(1441) Metaspace: 19154K(19264K)->19154K(19264K) NonClass: 17324K(17408K)->17324K(17408K) Class: 1829K(1856K)->1829K(1856K)
[623.394s][info][gc             ] GC(1441) Pause Young (Normal) (G1 Evacuation Pause) 916M->790M(978M) 23.981ms
[623.394s][info][gc,cpu         ] GC(1441) User=0.04s Sys=0.00s Real=0.03s
[623.665s][info][gc,start       ] GC(1442) Pause Young (Normal) (G1 Evacuation Pause)
[623.665s][info][gc,task        ] GC(1442) Using 2 workers of 2 for evacuation
[623.675s][info][gc,phases      ] GC(1442)   Pre Evacuate Collection Set: 0.32ms
[623.675s][info][gc,phases      ] GC(1442)   Merge Heap Roots: 0.17ms
[623.675s][info][gc,phases      ] GC(1442)   Evacuate Collection Set: 9.11ms
[623.675s][info][gc,phases      ] GC(1442)   Post Evacuate Collection Set: 0.42ms
[623.675s][info][gc,phases      ] GC(1442)   Other: 0.10ms
[623.675s][info][gc,heap        ] GC(1442) Eden regions: 131->0(131)
[623.675s][info][gc,heap        ] GC(1442) Survivor regions: 6->6(18)
[623.675s][info][gc,heap        ] GC(1442) Old regions: 775->775
[623.675s][info][gc,heap        ] GC(1442) Humongous regions: 10->10
[623.675s][info][gc,metaspace   ] GC(1442) Metaspace: 19154K(19264K)->19154K(19264K) NonClass: 17324K(17408K)->17324K(17408K) Class: 1829K(1856K)->1829K(1856K)
[623.675s][info][gc             ] GC(1442) Pause Young (Normal) (G1 Evacuation Pause) 921M->790M(978M) 10.372ms
[623.675s][info][gc,cpu         ] GC(1442) User=0.02s Sys=0.00s Real=0.01s
[623.848s][info][gc,start       ] GC(1443) Pause Young (Normal) (G1 Evacuation Pause)
[623.848s][info][gc,task        ] GC(1443) Using 2 workers of 2 for evacuation
[623.859s][info][gc,phases      ] GC(1443)   Pre Evacuate Collection Set: 0.33ms
[623.860s][info][gc,phases      ] GC(1443)   Merge Heap Roots: 0.17ms
[623.860s][info][gc,phases      ] GC(1443)   Evacuate Collection Set: 10.17ms
[623.860s][info][gc,phases      ] GC(1443)   Post Evacuate Collection Set: 0.43ms
[623.860s][info][gc,phases      ] GC(1443)   Other: 0.11ms
[623.860s][info][gc,heap        ] GC(1443) Eden regions: 131->0(129)
[623.860s][info][gc,heap        ] GC(1443) Survivor regions: 6->7(18)
[623.860s][info][gc,heap        ] GC(1443) Old regions: 775->775
[623.860s][info][gc,heap        ] GC(1443) Humongous regions: 10->10
[623.860s][info][gc,metaspace   ] GC(1443) Metaspace: 19154K(19264K)->19154K(19264K) NonClass: 17324K(17408K)->17324K(17408K) Class: 1829K(1856K)->1829K(1856K)
[623.860s][info][gc             ] GC(1443) Pause Young (Normal) (G1 Evacuation Pause) 921M->790M(978M) 11.489ms
[623.860s][info][gc,cpu         ] GC(1443) User=0.02s Sys=0.00s Real=0.01s
[624.203s][info][gc,start       ] GC(1444) Pause Young (Normal) (G1 Evacuation Pause)
[624.203s][info][gc,task        ] GC(1444) Using 2 workers of 2 for evacuation
[624.225s][info][gc,phases      ] GC(1444)   Pre Evacuate Collection Set: 0.34ms
[624.225s][info][gc,phases      ] GC(1444)   Merge Heap Roots: 0.21ms
[624.225s][info][gc,phases      ] GC(1444)   Evacuate Collection Set: 21.06ms
[624.225s][info][gc,phases      ] GC(1444)   Post Evacuate Collection Set: 0.44ms
[624.225s][info][gc,phases      ] GC(1444)   Other: 0.08ms
[624.225s][info][gc,heap        ] GC(1444) Eden regions: 129->0(115)
[624.225s][info][gc,heap        ] GC(1444) Survivor regions: 7->14(17)
[624.225s][info][gc,heap        ] GC(1444) Old regions: 775->775
[624.225s][info][gc,heap        ] GC(1444) Humongous regions: 10->10
[624.225s][info][gc,metaspace   ] GC(1444) Metaspace: 19154K(19264K)->19154K(19264K) NonClass: 17324K(17408K)->17324K(17408K) Class: 1829K(1856K)->1829K(1856K)
[624.225s][info][gc             ] GC(1444) Pause Young (Normal) (G1 Evacuation Pause) 919M->797M(978M) 22.402ms
[624.225s][info][gc,cpu         ] GC(1444) User=0.05s Sys=0.00s Real=0.02s
[624.512s][info][gc,start       ] GC(1445) Pause Young (Normal) (G1 Evacuation Pause)
[624.512s][info][gc,task        ] GC(1445) Using 2 workers of 2 for evacuation
[624.534s][info][gc,phases      ] GC(1445)   Pre Evacuate Collection Set: 0.57ms
[624.534s][info][gc,phases      ] GC(1445)   Merge Heap Roots: 0.22ms
[624.534s][info][gc,phases      ] GC(1445)   Evacuate Collection Set: 20.93ms
[624.534s][info][gc,phases      ] GC(1445)   Post Evacuate Collection Set: 0.40ms
[624.534s][info][gc,phases      ] GC(1445)   Other: 0.12ms
[624.534s][info][gc,heap        ] GC(1445) Eden regions: 115->0(119)
[624.534s][info][gc,heap        ] GC(1445) Survivor regions: 14->9(17)
[624.534s][info][gc,heap        ] GC(1445) Old regions: 775->781
[624.534s][info][gc,heap        ] GC(1445) Humongous regions: 10->10
[624.534s][info][gc,metaspace   ] GC(1445) Metaspace: 19154K(19264K)->19154K(19264K) NonClass: 17324K(17408K)->17324K(17408K) Class: 1829K(1856K)->1829K(1856K)
[624.534s][info][gc             ] GC(1445) Pause Young (Normal) (G1 Evacuation Pause) 912M->798M(978M) 22.485ms
[624.534s][info][gc,cpu         ] GC(1445) User=0.04s Sys=0.00s Real=0.02s
[625.371s][info][gc,start       ] GC(1446) Pause Young (Normal) (G1 Evacuation Pause)
[625.371s][info][gc,task        ] GC(1446) Using 2 workers of 2 for evacuation
[625.384s][info][gc,phases      ] GC(1446)   Pre Evacuate Collection Set: 0.34ms
[625.384s][info][gc,phases      ] GC(1446)   Merge Heap Roots: 0.21ms
[625.384s][info][gc,phases      ] GC(1446)   Evacuate Collection Set: 11.80ms
[625.384s][info][gc,phases      ] GC(1446)   Post Evacuate Collection Set: 0.43ms
[625.384s][info][gc,phases      ] GC(1446)   Other: 0.11ms
[625.384s][info][gc,heap        ] GC(1446) Eden regions: 119->0(119)
[625.384s][info][gc,heap        ] GC(1446) Survivor regions: 9->9(16)
[625.384s][info][gc,heap        ] GC(1446) Old regions: 781->781
[625.384s][info][gc,heap        ] GC(1446) Humongous regions: 10->10
[625.384s][info][gc,metaspace   ] GC(1446) Metaspace: 19157K(19264K)->19157K(19264K) NonClass: 17327K(17408K)->17327K(17408K) Class: 1829K(1856K)->1829K(1856K)
[625.384s][info][gc             ] GC(1446) Pause Young (Normal) (G1 Evacuation Pause) 917M->798M(978M) 13.186ms
[625.384s][info][gc,cpu         ] GC(1446) User=0.02s Sys=0.00s Real=0.01s
[625.702s][info][gc,start       ] GC(1447) Pause Young (Normal) (G1 Evacuation Pause)
[625.702s][info][gc,task        ] GC(1447) Using 2 workers of 2 for evacuation
[625.725s][info][gc,phases      ] GC(1447)   Pre Evacuate Collection Set: 0.54ms
[625.725s][info][gc,phases      ] GC(1447)   Merge Heap Roots: 0.15ms
[625.725s][info][gc,phases      ] GC(1447)   Evacuate Collection Set: 21.82ms
[625.725s][info][gc,phases      ] GC(1447)   Post Evacuate Collection Set: 0.44ms
[625.725s][info][gc,phases      ] GC(1447)   Other: 0.10ms
[625.725s][info][gc,heap        ] GC(1447) Eden regions: 119->0(109)
[625.725s][info][gc,heap        ] GC(1447) Survivor regions: 9->10(16)
[625.725s][info][gc,heap        ] GC(1447) Old regions: 781->789
[625.725s][info][gc,heap        ] GC(1447) Humongous regions: 10->10
[625.725s][info][gc,metaspace   ] GC(1447) Metaspace: 19157K(19264K)->19157K(19264K) NonClass: 17327K(17408K)->17327K(17408K) Class: 1829K(1856K)->1829K(1856K)
[625.725s][info][gc             ] GC(1447) Pause Young (Normal) (G1 Evacuation Pause) 917M->808M(978M) 23.280ms
[625.725s][info][gc,cpu         ] GC(1447) User=0.05s Sys=0.01s Real=0.02s
[625.746s][info][gc,marking     ] GC(1440) Concurrent Mark From Roots 2653.237ms
[625.746s][info][gc,marking     ] GC(1440) Concurrent Preclean
[625.746s][info][gc,marking     ] GC(1440) Concurrent Preclean 0.062ms
[625.746s][info][gc,start       ] GC(1440) Pause Remark
[625.757s][info][gc             ] GC(1440) Pause Remark 812M->811M(978M) 11.260ms
[625.757s][info][gc,cpu         ] GC(1440) User=0.02s Sys=0.00s Real=0.01s
[625.758s][info][gc,marking     ] GC(1440) Concurrent Mark 2665.992ms
[625.759s][info][gc,marking     ] GC(1440) Concurrent Rebuild Remembered Sets and Scrub Regions
[626.096s][info][gc,start       ] GC(1448) Pause Young (Normal) (G1 Evacuation Pause)
[626.097s][info][gc,task        ] GC(1448) Using 2 workers of 2 for evacuation
[626.128s][info][gc,phases      ] GC(1448)   Pre Evacuate Collection Set: 0.53ms
[626.128s][info][gc,phases      ] GC(1448)   Merge Heap Roots: 0.27ms
[626.128s][info][gc,phases      ] GC(1448)   Evacuate Collection Set: 30.40ms
[626.128s][info][gc,phases      ] GC(1448)   Post Evacuate Collection Set: 0.43ms
[626.128s][info][gc,phases      ] GC(1448)   Other: 0.11ms
[626.128s][info][gc,heap        ] GC(1448) Eden regions: 109->0(93)
[626.128s][info][gc,heap        ] GC(1448) Survivor regions: 10->14(15)
[626.128s][info][gc,heap        ] GC(1448) Old regions: 789->798
[626.128s][info][gc,heap        ] GC(1448) Humongous regions: 9->9
[626.128s][info][gc,metaspace   ] GC(1448) Metaspace: 19157K(19264K)->19157K(19264K) NonClass: 17327K(17408K)->17327K(17408K) Class: 1829K(1856K)->1829K(1856K)
[626.128s][info][gc             ] GC(1448) Pause Young (Normal) (G1 Evacuation Pause) 916M->820M(978M) 31.994ms
[626.128s][info][gc,cpu         ] GC(1448) User=0.06s Sys=0.00s Real=0.03s
[626.520s][info][gc,start       ] GC(1449) Pause Young (Normal) (G1 Evacuation Pause)
[626.520s][info][gc,task        ] GC(1449) Using 2 workers of 2 for evacuation
[626.541s][info][gc,phases      ] GC(1449)   Pre Evacuate Collection Set: 0.56ms
[626.542s][info][gc,phases      ] GC(1449)   Merge Heap Roots: 0.13ms
[626.542s][info][gc,phases      ] GC(1449)   Evacuate Collection Set: 20.22ms
[626.542s][info][gc,phases      ] GC(1449)   Post Evacuate Collection Set: 0.53ms
[626.542s][info][gc,phases      ] GC(1449)   Other: 0.17ms
[626.542s][info][gc,heap        ] GC(1449) Eden regions: 93->0(105)
[626.542s][info][gc,heap        ] GC(1449) Survivor regions: 14->1(14)
[626.542s][info][gc,heap        ] GC(1449) Old regions: 798->812
[626.542s][info][gc,heap        ] GC(1449) Humongous regions: 9->9
[626.542s][info][gc,metaspace   ] GC(1449) Metaspace: 19157K(19264K)->19157K(19264K) NonClass: 17327K(17408K)->17327K(17408K) Class: 1829K(1856K)->1829K(1856K)
[626.542s][info][gc             ] GC(1449) Pause Young (Normal) (G1 Evacuation Pause) 913M->821M(978M) 21.997ms
[626.542s][info][gc,cpu         ] GC(1449) User=0.04s Sys=0.00s Real=0.03s
[626.695s][info][gc,marking     ] GC(1440) Concurrent Rebuild Remembered Sets and Scrub Regions 936.117ms
[626.695s][info][gc,start       ] GC(1440) Pause Cleanup
[626.695s][info][gc             ] GC(1440) Pause Cleanup 849M->849M(978M) 0.159ms
[626.695s][info][gc,cpu         ] GC(1440) User=0.00s Sys=0.00s Real=0.00s
[626.695s][info][gc,marking     ] GC(1440) Concurrent Clear Claimed Marks
[626.695s][info][gc,marking     ] GC(1440) Concurrent Clear Claimed Marks 0.036ms
[626.695s][info][gc,marking     ] GC(1440) Concurrent Cleanup for Next Mark
[626.698s][info][gc,marking     ] GC(1440) Concurrent Cleanup for Next Mark 3.043ms
[626.698s][info][gc             ] GC(1440) Concurrent Mark Cycle 3627.821ms
[626.867s][info][gc,start       ] GC(1450) Pause Young (Prepare Mixed) (G1 Evacuation Pause)
[626.867s][info][gc,task        ] GC(1450) Using 2 workers of 2 for evacuation
[626.869s][info][gc,phases      ] GC(1450)   Pre Evacuate Collection Set: 0.59ms
[626.869s][info][gc,phases      ] GC(1450)   Merge Heap Roots: 0.08ms
[626.869s][info][gc,phases      ] GC(1450)   Evacuate Collection Set: 0.72ms
[626.869s][info][gc,phases      ] GC(1450)   Post Evacuate Collection Set: 0.40ms
[626.869s][info][gc,phases      ] GC(1450)   Other: 0.09ms
[626.869s][info][gc,heap        ] GC(1450) Eden regions: 105->0(105)
[626.869s][info][gc,heap        ] GC(1450) Survivor regions: 1->1(14)
[626.869s][info][gc,heap        ] GC(1450) Old regions: 812->812
[626.869s][info][gc,heap        ] GC(1450) Humongous regions: 9->9
[626.869s][info][gc,metaspace   ] GC(1450) Metaspace: 19157K(19264K)->19157K(19264K) NonClass: 17327K(17408K)->17327K(17408K) Class: 1829K(1856K)->1829K(1856K)
[626.869s][info][gc             ] GC(1450) Pause Young (Prepare Mixed) (G1 Evacuation Pause) 926M->821M(978M) 2.121ms
[626.869s][info][gc,cpu         ] GC(1450) User=0.00s Sys=0.00s Real=0.00s
[627.626s][info][gc,start       ] GC(1451) Pause Young (Mixed) (G1 Evacuation Pause)
[627.626s][info][gc,task        ] GC(1451) Using 2 workers of 2 for evacuation
[627.656s][info][gc,phases      ] GC(1451)   Pre Evacuate Collection Set: 0.60ms
[627.656s][info][gc,phases      ] GC(1451)   Merge Heap Roots: 0.58ms
[627.656s][info][gc,phases      ] GC(1451)   Evacuate Collection Set: 28.52ms
[627.656s][info][gc,phases      ] GC(1451)   Post Evacuate Collection Set: 0.40ms
[627.656s][info][gc,phases      ] GC(1451)   Other: 0.12ms
[627.656s][info][gc,heap        ] GC(1451) Eden regions: 105->0(111)
[627.656s][info][gc,heap        ] GC(1451) Survivor regions: 1->1(14)
[627.656s][info][gc,heap        ] GC(1451) Old regions: 812->806
[627.657s][info][gc,heap        ] GC(1451) Humongous regions: 9->9
[627.657s][info][gc,metaspace   ] GC(1451) Metaspace: 19157K(19264K)->19157K(19264K) NonClass: 17327K(17408K)->17327K(17408K) Class: 1829K(1856K)->1829K(1856K)
[627.657s][info][gc             ] GC(1451) Pause Young (Mixed) (G1 Evacuation Pause) 926M->815M(978M) 30.533ms
[627.657s][info][gc,cpu         ] GC(1451) User=0.05s Sys=0.00s Real=0.03s
[628.498s][info][gc,start       ] GC(1452) Pause Young (Concurrent Start) (G1 Evacuation Pause)
[628.498s][info][gc,task        ] GC(1452) Using 2 workers of 2 for evacuation
[628.503s][info][gc,phases      ] GC(1452)   Pre Evacuate Collection Set: 0.47ms
[628.503s][info][gc,phases      ] GC(1452)   Merge Heap Roots: 0.14ms
[628.503s][info][gc,phases      ] GC(1452)   Evacuate Collection Set: 3.51ms
[628.503s][info][gc,phases      ] GC(1452)   Post Evacuate Collection Set: 0.45ms
[628.503s][info][gc,phases      ] GC(1452)   Other: 0.15ms
[628.503s][info][gc,heap        ] GC(1452) Eden regions: 111->0(111)
[628.503s][info][gc,heap        ] GC(1452) Survivor regions: 1->1(14)
[628.503s][info][gc,heap        ] GC(1452) Old regions: 806->806
[628.503s][info][gc,heap        ] GC(1452) Humongous regions: 9->9
[628.503s][info][gc,metaspace   ] GC(1452) Metaspace: 19157K(19264K)->19157K(19264K) NonClass: 17327K(17408K)->17327K(17408K) Class: 1829K(1856K)->1829K(1856K)
[628.503s][info][gc             ] GC(1452) Pause Young (Concurrent Start) (G1 Evacuation Pause) 926M->815M(978M) 5.103ms
[628.503s][info][gc,cpu         ] GC(1452) User=0.01s Sys=0.00s Real=0.01s
[628.503s][info][gc             ] GC(1453) Concurrent Mark Cycle
[628.503s][info][gc,marking     ] GC(1453) Concurrent Scan Root Regions
[628.507s][info][gc,marking     ] GC(1453) Concurrent Scan Root Regions 4.116ms
[628.507s][info][gc,marking     ] GC(1453) Concurrent Mark
[628.507s][info][gc,marking     ] GC(1453) Concurrent Mark From Roots
[628.507s][info][gc,task        ] GC(1453) Using 1 workers of 1 for marking
[629.248s][info][gc,start       ] GC(1454) Pause Young (Normal) (G1 Evacuation Pause)
[629.248s][info][gc,task        ] GC(1454) Using 2 workers of 2 for evacuation
[629.253s][info][gc,phases      ] GC(1454)   Pre Evacuate Collection Set: 0.59ms
[629.253s][info][gc,phases      ] GC(1454)   Merge Heap Roots: 0.11ms
[629.253s][info][gc,phases      ] GC(1454)   Evacuate Collection Set: 3.88ms
[629.253s][info][gc,phases      ] GC(1454)   Post Evacuate Collection Set: 0.42ms
[629.253s][info][gc,phases      ] GC(1454)   Other: 0.12ms
[629.253s][info][gc,heap        ] GC(1454) Eden regions: 111->0(107)
[629.253s][info][gc,heap        ] GC(1454) Survivor regions: 1->3(14)
[629.253s][info][gc,heap        ] GC(1454) Old regions: 806->806
[629.253s][info][gc,heap        ] GC(1454) Humongous regions: 9->9
[629.253s][info][gc,metaspace   ] GC(1454) Metaspace: 19158K(19264K)->19158K(19264K) NonClass: 17328K(17408K)->17328K(17408K) Class: 1829K(1856K)->1829K(1856K)
[629.253s][info][gc             ] GC(1454) Pause Young (Normal) (G1 Evacuation Pause) 926M->816M(978M) 5.383ms
[629.253s][info][gc,cpu         ] GC(1454) User=0.01s Sys=0.00s Real=0.01s
[629.719s][info][gc,marking     ] GC(1453) Concurrent Mark From Roots 1211.156ms
[629.719s][info][gc,marking     ] GC(1453) Concurrent Preclean
[629.719s][info][gc,marking     ] GC(1453) Concurrent Preclean 0.047ms
[629.719s][info][gc,start       ] GC(1453) Pause Remark
[629.728s][info][gc             ] GC(1453) Pause Remark 913M->689M(978M) 9.554ms
[629.728s][info][gc,cpu         ] GC(1453) User=0.02s Sys=0.00s Real=0.01s
[629.728s][info][gc,marking     ] GC(1453) Concurrent Mark 1221.143ms
[629.729s][info][gc,marking     ] GC(1453) Concurrent Rebuild Remembered Sets and Scrub Regions
[629.765s][info][gc,start       ] GC(1455) Pause Young (Normal) (G1 Evacuation Pause)
[629.765s][info][gc,task        ] GC(1455) Using 2 workers of 2 for evacuation
[629.770s][info][gc,phases      ] GC(1455)   Pre Evacuate Collection Set: 0.54ms
[629.770s][info][gc,phases      ] GC(1455)   Merge Heap Roots: 0.16ms
[629.770s][info][gc,phases      ] GC(1455)   Evacuate Collection Set: 3.96ms
[629.770s][info][gc,phases      ] GC(1455)   Post Evacuate Collection Set: 0.41ms
[629.770s][info][gc,phases      ] GC(1455)   Other: 0.10ms
[629.770s][info][gc,heap        ] GC(1455) Eden regions: 107->0(312)
[629.770s][info][gc,heap        ] GC(1455) Survivor regions: 3->3(14)
[629.770s][info][gc,heap        ] GC(1455) Old regions: 586->586
[629.770s][info][gc,heap        ] GC(1455) Humongous regions: 5->5
[629.770s][info][gc,metaspace   ] GC(1455) Metaspace: 19162K(19264K)->19162K(19264K) NonClass: 17332K(17408K)->17332K(17408K) Class: 1829K(1856K)->1829K(1856K)
[629.770s][info][gc             ] GC(1455) Pause Young (Normal) (G1 Evacuation Pause) 699M->593M(978M) 5.420ms
[629.770s][info][gc,cpu         ] GC(1455) User=0.01s Sys=0.00s Real=0.00s
[630.140s][info][gc,marking     ] GC(1453) Concurrent Rebuild Remembered Sets and Scrub Regions 410.980ms
[630.140s][info][gc,start       ] GC(1453) Pause Cleanup
[630.140s][info][gc             ] GC(1453) Pause Cleanup 727M->727M(978M) 0.163ms
[630.140s][info][gc,cpu         ] GC(1453) User=0.00s Sys=0.00s Real=0.01s
[630.140s][info][gc,marking     ] GC(1453) Concurrent Clear Claimed Marks
[630.141s][info][gc,marking     ] GC(1453) Concurrent Clear Claimed Marks 0.038ms
[630.141s][info][gc,marking     ] GC(1453) Concurrent Cleanup for Next Mark
[630.144s][info][gc,marking     ] GC(1453) Concurrent Cleanup for Next Mark 3.022ms
[630.144s][info][gc             ] GC(1453) Concurrent Mark Cycle 1640.530ms
[630.598s][info][gc,start       ] GC(1456) Pause Young (Prepare Mixed) (G1 Evacuation Pause)
[630.598s][info][gc,task        ] GC(1456) Using 2 workers of 2 for evacuation
[630.626s][info][gc,phases      ] GC(1456)   Pre Evacuate Collection Set: 0.58ms
[630.626s][info][gc,phases      ] GC(1456)   Merge Heap Roots: 0.27ms
[630.626s][info][gc,phases      ] GC(1456)   Evacuate Collection Set: 26.27ms
[630.626s][info][gc,phases      ] GC(1456)   Post Evacuate Collection Set: 0.70ms
[630.626s][info][gc,phases      ] GC(1456)   Other: 0.12ms
[630.626s][info][gc,heap        ] GC(1456) Eden regions: 312->0(297)
[630.626s][info][gc,heap        ] GC(1456) Survivor regions: 3->19(40)
[630.626s][info][gc,heap        ] GC(1456) Old regions: 586->586
[630.626s][info][gc,heap        ] GC(1456) Humongous regions: 5->5
[630.626s][info][gc,metaspace   ] GC(1456) Metaspace: 19166K(19264K)->19166K(19264K) NonClass: 17336K(17408K)->17336K(17408K) Class: 1829K(1856K)->1829K(1856K)
[630.626s][info][gc             ] GC(1456) Pause Young (Prepare Mixed) (G1 Evacuation Pause) 905M->609M(978M) 28.176ms
[630.626s][info][gc,cpu         ] GC(1456) User=0.05s Sys=0.00s Real=0.03s
[630.999s][info][gc,start       ] GC(1457) Pause Young (Mixed) (G1 Evacuation Pause)
[630.999s][info][gc,task        ] GC(1457) Using 2 workers of 2 for evacuation
[631.185s][info][gc,phases      ] GC(1457)   Pre Evacuate Collection Set: 0.61ms
[631.185s][info][gc,phases      ] GC(1457)   Merge Heap Roots: 0.39ms
[631.185s][info][gc,phases      ] GC(1457)   Evacuate Collection Set: 160.43ms
[631.185s][info][gc,phases      ] GC(1457)   Post Evacuate Collection Set: 23.68ms
[631.185s][info][gc,phases      ] GC(1457)   Other: 0.12ms
[631.185s][info][gc,heap        ] GC(1457) Eden regions: 297->0(54)
[631.185s][info][gc,heap        ] GC(1457) Survivor regions: 19->40(40)
[631.185s][info][gc,heap        ] GC(1457) Old regions: 586->789
[631.185s][info][gc,heap        ] GC(1457) Humongous regions: 5->5
[631.185s][info][gc,metaspace   ] GC(1457) Metaspace: 19169K(19328K)->19169K(19328K) NonClass: 17339K(17472K)->17339K(17472K) Class: 1829K(1856K)->1829K(1856K)
[631.185s][info][gc             ] GC(1457) Pause Young (Mixed) (G1 Evacuation Pause) (Evacuation Failure: Allocation) 906M->833M(978M) 185.495ms
[631.185s][info][gc,cpu         ] GC(1457) User=0.36s Sys=0.00s Real=0.19s
[631.374s][info][gc,start       ] GC(1458) Pause Young (Concurrent Start) (G1 Evacuation Pause)
[631.375s][info][gc,task        ] GC(1458) Using 2 workers of 2 for evacuation
[631.499s][info][gc,phases      ] GC(1458)   Pre Evacuate Collection Set: 0.52ms
[631.499s][info][gc,phases      ] GC(1458)   Merge Heap Roots: 1.05ms
[631.499s][info][gc,phases      ] GC(1458)   Evacuate Collection Set: 122.03ms
[631.499s][info][gc,phases      ] GC(1458)   Post Evacuate Collection Set: 0.65ms
[631.499s][info][gc,phases      ] GC(1458)   Other: 0.26ms
[631.499s][info][gc,heap        ] GC(1458) Eden regions: 54->0(148)
[631.499s][info][gc,heap        ] GC(1458) Survivor regions: 40->12(12)
[631.499s][info][gc,heap        ] GC(1458) Old regions: 789->722
[631.499s][info][gc,heap        ] GC(1458) Humongous regions: 5->5
[631.499s][info][gc,metaspace   ] GC(1458) Metaspace: 19169K(19328K)->19169K(19328K) NonClass: 17339K(17472K)->17339K(17472K) Class: 1829K(1856K)->1829K(1856K)
[631.499s][info][gc             ] GC(1458) Pause Young (Concurrent Start) (G1 Evacuation Pause) 887M->738M(978M) 124.779ms
[631.499s][info][gc,cpu         ] GC(1458) User=0.24s Sys=0.00s Real=0.12s
[631.499s][info][gc             ] GC(1459) Concurrent Mark Cycle
[631.499s][info][gc,marking     ] GC(1459) Concurrent Scan Root Regions
[631.649s][info][gc,marking     ] GC(1459) Concurrent Scan Root Regions 149.755ms
[631.649s][info][gc,marking     ] GC(1459) Concurrent Mark
[631.649s][info][gc,marking     ] GC(1459) Concurrent Mark From Roots
[631.649s][info][gc,task        ] GC(1459) Using 1 workers of 1 for marking
[631.947s][info][gc,start       ] GC(1460) Pause Young (Normal) (G1 Evacuation Pause)
[631.948s][info][gc,task        ] GC(1460) Using 2 workers of 2 for evacuation
[632.065s][info][gc,phases      ] GC(1460)   Pre Evacuate Collection Set: 0.52ms
[632.065s][info][gc,phases      ] GC(1460)   Merge Heap Roots: 1.23ms
[632.065s][info][gc,phases      ] GC(1460)   Evacuate Collection Set: 114.99ms
[632.065s][info][gc,phases      ] GC(1460)   Post Evacuate Collection Set: 0.92ms
[632.065s][info][gc,phases      ] GC(1460)   Other: 0.11ms
[632.065s][info][gc,heap        ] GC(1460) Eden regions: 148->0(139)
[632.065s][info][gc,heap        ] GC(1460) Survivor regions: 12->20(20)
[632.066s][info][gc,heap        ] GC(1460) Old regions: 722->713
[632.066s][info][gc,heap        ] GC(1460) Humongous regions: 7->7
[632.066s][info][gc,metaspace   ] GC(1460) Metaspace: 19177K(19328K)->19177K(19328K) NonClass: 17347K(17472K)->17347K(17472K) Class: 1829K(1856K)->1829K(1856K)
[632.066s][info][gc             ] GC(1460) Pause Young (Normal) (G1 Evacuation Pause) 888M->739M(978M) 118.064ms
[632.066s][info][gc,cpu         ] GC(1460) User=0.23s Sys=0.00s Real=0.12s
[632.297s][info][gc,start       ] GC(1461) Pause Young (Normal) (G1 Evacuation Pause)
[632.297s][info][gc,task        ] GC(1461) Using 2 workers of 2 for evacuation
[632.393s][info][gc,phases      ] GC(1461)   Pre Evacuate Collection Set: 0.55ms
[632.393s][info][gc,phases      ] GC(1461)   Merge Heap Roots: 0.69ms
[632.393s][info][gc,phases      ] GC(1461)   Evacuate Collection Set: 94.67ms
[632.393s][info][gc,phases      ] GC(1461)   Post Evacuate Collection Set: 0.48ms
[632.393s][info][gc,phases      ] GC(1461)   Other: 0.12ms
[632.393s][info][gc,heap        ] GC(1461) Eden regions: 139->0(139)
[632.393s][info][gc,heap        ] GC(1461) Survivor regions: 20->20(20)
[632.393s][info][gc,heap        ] GC(1461) Old regions: 713->717
[632.393s][info][gc,heap        ] GC(1461) Humongous regions: 9->9
[632.393s][info][gc,metaspace   ] GC(1461) Metaspace: 19177K(19328K)->19177K(19328K) NonClass: 17347K(17472K)->17347K(17472K) Class: 1829K(1856K)->1829K(1856K)
[632.394s][info][gc             ] GC(1461) Pause Young (Normal) (G1 Evacuation Pause) 880M->745M(978M) 96.805ms
[632.394s][info][gc,cpu         ] GC(1461) User=0.19s Sys=0.00s Real=0.10s
[632.608s][info][gc,start       ] GC(1462) Pause Young (Normal) (G1 Evacuation Pause)
[632.608s][info][gc,task        ] GC(1462) Using 2 workers of 2 for evacuation
[632.652s][info][gc,phases      ] GC(1462)   Pre Evacuate Collection Set: 0.35ms
[632.652s][info][gc,phases      ] GC(1462)   Merge Heap Roots: 0.15ms
[632.652s][info][gc,phases      ] GC(1462)   Evacuate Collection Set: 43.33ms
[632.652s][info][gc,phases      ] GC(1462)   Post Evacuate Collection Set: 0.42ms
[632.652s][info][gc,phases      ] GC(1462)   Other: 0.12ms
[632.652s][info][gc,heap        ] GC(1462) Eden regions: 139->0(141)
[632.652s][info][gc,heap        ] GC(1462) Survivor regions: 20->9(20)
[632.652s][info][gc,heap        ] GC(1462) Old regions: 717->738
[632.652s][info][gc,heap        ] GC(1462) Humongous regions: 9->9
[632.652s][info][gc,metaspace   ] GC(1462) Metaspace: 19177K(19328K)->19177K(19328K) NonClass: 17347K(17472K)->17347K(17472K) Class: 1829K(1856K)->1829K(1856K)
[632.652s][info][gc             ] GC(1462) Pause Young (Normal) (G1 Evacuation Pause) 884M->755M(978M) 44.646ms
[632.652s][info][gc,cpu         ] GC(1462) User=0.09s Sys=0.00s Real=0.05s
[632.923s][info][gc,start       ] GC(1463) Pause Young (Normal) (G1 Evacuation Pause)
[632.923s][info][gc,task        ] GC(1463) Using 2 workers of 2 for evacuation
[632.946s][info][gc,phases      ] GC(1463)   Pre Evacuate Collection Set: 0.33ms
[632.946s][info][gc,phases      ] GC(1463)   Merge Heap Roots: 0.15ms
[632.946s][info][gc,phases      ] GC(1463)   Evacuate Collection Set: 21.89ms
[632.946s][info][gc,phases      ] GC(1463)   Post Evacuate Collection Set: 0.45ms
[632.946s][info][gc,phases      ] GC(1463)   Other: 0.09ms
[632.946s][info][gc,heap        ] GC(1463) Eden regions: 141->0(143)
[632.946s][info][gc,heap        ] GC(1463) Survivor regions: 9->17(19)
[632.946s][info][gc,heap        ] GC(1463) Old regions: 738->738
[632.946s][info][gc,heap        ] GC(1463) Humongous regions: 9->9
[632.946s][info][gc,metaspace   ] GC(1463) Metaspace: 19177K(19328K)->19177K(19328K) NonClass: 17347K(17472K)->17347K(17472K) Class: 1829K(1856K)->1829K(1856K)
[632.946s][info][gc             ] GC(1463) Pause Young (Normal) (G1 Evacuation Pause) 896M->763M(978M) 23.201ms
[632.946s][info][gc,cpu         ] GC(1463) User=0.05s Sys=0.00s Real=0.02s
[633.189s][info][gc,start       ] GC(1464) Pause Young (Normal) (G1 Evacuation Pause)
[633.189s][info][gc,task        ] GC(1464) Using 2 workers of 2 for evacuation
[633.217s][info][gc,phases      ] GC(1464)   Pre Evacuate Collection Set: 0.31ms
[633.217s][info][gc,phases      ] GC(1464)   Merge Heap Roots: 0.15ms
[633.217s][info][gc,phases      ] GC(1464)   Evacuate Collection Set: 26.99ms
[633.217s][info][gc,phases      ] GC(1464)   Post Evacuate Collection Set: 0.44ms
[633.217s][info][gc,phases      ] GC(1464)   Other: 0.11ms
[633.217s][info][gc,heap        ] GC(1464) Eden regions: 143->0(146)
[633.217s][info][gc,heap        ] GC(1464) Survivor regions: 17->13(20)
[633.217s][info][gc,heap        ] GC(1464) Old regions: 738->747
[633.217s][info][gc,heap        ] GC(1464) Humongous regions: 9->9
[633.217s][info][gc,metaspace   ] GC(1464) Metaspace: 19177K(19328K)->19177K(19328K) NonClass: 17347K(17472K)->17347K(17472K) Class: 1829K(1856K)->1829K(1856K)
[633.217s][info][gc             ] GC(1464) Pause Young (Normal) (G1 Evacuation Pause) 906M->767M(978M) 28.273ms
[633.217s][info][gc,cpu         ] GC(1464) User=0.05s Sys=0.00s Real=0.03s
[633.495s][info][gc,start       ] GC(1465) Pause Young (Normal) (G1 Evacuation Pause)
[633.495s][info][gc,task        ] GC(1465) Using 2 workers of 2 for evacuation
[633.514s][info][gc,phases      ] GC(1465)   Pre Evacuate Collection Set: 0.43ms
[633.514s][info][gc,phases      ] GC(1465)   Merge Heap Roots: 0.17ms
[633.514s][info][gc,phases      ] GC(1465)   Evacuate Collection Set: 17.71ms
[633.514s][info][gc,phases      ] GC(1465)   Post Evacuate Collection Set: 0.42ms
[633.514s][info][gc,phases      ] GC(1465)   Other: 0.13ms
[633.514s][info][gc,heap        ] GC(1465) Eden regions: 146->0(154)
[633.514s][info][gc,heap        ] GC(1465) Survivor regions: 13->5(20)
[633.514s][info][gc,heap        ] GC(1465) Old regions: 747->755
[633.514s][info][gc,heap        ] GC(1465) Humongous regions: 9->9
[633.514s][info][gc,metaspace   ] GC(1465) Metaspace: 19177K(19328K)->19177K(19328K) NonClass: 17347K(17472K)->17347K(17472K) Class: 1829K(1856K)->1829K(1856K)
[633.514s][info][gc             ] GC(1465) Pause Young (Normal) (G1 Evacuation Pause) 913M->768M(978M) 19.146ms
[633.514s][info][gc,cpu         ] GC(1465) User=0.03s Sys=0.00s Real=0.02s
[633.716s][info][gc,start       ] GC(1466) Pause Young (Normal) (G1 Evacuation Pause)
[633.716s][info][gc,task        ] GC(1466) Using 2 workers of 2 for evacuation
[633.757s][info][gc,phases      ] GC(1466)   Pre Evacuate Collection Set: 0.33ms
[633.757s][info][gc,phases      ] GC(1466)   Merge Heap Roots: 0.17ms
[633.757s][info][gc,phases      ] GC(1466)   Evacuate Collection Set: 40.33ms
[633.757s][info][gc,phases      ] GC(1466)   Post Evacuate Collection Set: 0.49ms
[633.757s][info][gc,phases      ] GC(1466)   Other: 0.11ms
[633.757s][info][gc,heap        ] GC(1466) Eden regions: 154->0(110)
[633.757s][info][gc,heap        ] GC(1466) Survivor regions: 5->20(20)
[633.757s][info][gc,heap        ] GC(1466) Old regions: 755->769
[633.757s][info][gc,heap        ] GC(1466) Humongous regions: 9->9
[633.757s][info][gc,metaspace   ] GC(1466) Metaspace: 19177K(19328K)->19177K(19328K) NonClass: 17347K(17472K)->17347K(17472K) Class: 1829K(1856K)->1829K(1856K)
[633.757s][info][gc             ] GC(1466) Pause Young (Normal) (G1 Evacuation Pause) 922M->797M(978M) 41.715ms
[633.757s][info][gc,cpu         ] GC(1466) User=0.09s Sys=0.00s Real=0.04s
[633.883s][info][gc,start       ] GC(1467) Pause Young (Normal) (G1 Evacuation Pause)
[633.883s][info][gc,task        ] GC(1467) Using 2 workers of 2 for evacuation
[633.933s][info][gc,phases      ] GC(1467)   Pre Evacuate Collection Set: 0.57ms
[633.933s][info][gc,phases      ] GC(1467)   Merge Heap Roots: 0.19ms
[633.933s][info][gc,phases      ] GC(1467)   Evacuate Collection Set: 48.44ms
[633.933s][info][gc,phases      ] GC(1467)   Post Evacuate Collection Set: 0.45ms
[633.933s][info][gc,phases      ] GC(1467)   Other: 0.10ms
[633.933s][info][gc,heap        ] GC(1467) Eden regions: 110->0(88)
[633.933s][info][gc,heap        ] GC(1467) Survivor regions: 20->17(17)
[633.933s][info][gc,heap        ] GC(1467) Old regions: 769->797
[633.933s][info][gc,heap        ] GC(1467) Humongous regions: 9->9
[633.933s][info][gc,metaspace   ] GC(1467) Metaspace: 19177K(19328K)->19177K(19328K) NonClass: 17347K(17472K)->17347K(17472K) Class: 1829K(1856K)->1829K(1856K)
[633.933s][info][gc             ] GC(1467) Pause Young (Normal) (G1 Evacuation Pause) 907M->822M(978M) 49.985ms
[633.933s][info][gc,cpu         ] GC(1467) User=0.10s Sys=0.00s Real=0.05s
[633.964s][info][gc,marking     ] GC(1459) Concurrent Mark From Roots 2314.402ms
[633.964s][info][gc,marking     ] GC(1459) Concurrent Preclean
[633.964s][info][gc,marking     ] GC(1459) Concurrent Preclean 0.046ms
[633.964s][info][gc,start       ] GC(1459) Pause Remark
[633.973s][info][gc             ] GC(1459) Pause Remark 841M->841M(978M) 8.987ms
[633.973s][info][gc,cpu         ] GC(1459) User=0.01s Sys=0.00s Real=0.01s
[633.973s][info][gc,marking     ] GC(1459) Concurrent Mark 2323.767ms
[633.973s][info][gc,marking     ] GC(1459) Concurrent Rebuild Remembered Sets and Scrub Regions
[634.094s][info][gc,start       ] GC(1468) Pause Young (Normal) (G1 Evacuation Pause)
[634.094s][info][gc,task        ] GC(1468) Using 2 workers of 2 for evacuation
[634.124s][info][gc,phases      ] GC(1468)   Pre Evacuate Collection Set: 0.52ms
[634.124s][info][gc,phases      ] GC(1468)   Merge Heap Roots: 0.31ms
[634.124s][info][gc,phases      ] GC(1468)   Evacuate Collection Set: 28.81ms
[634.124s][info][gc,phases      ] GC(1468)   Post Evacuate Collection Set: 0.38ms
[634.124s][info][gc,phases      ] GC(1468)   Other: 0.12ms
[634.124s][info][gc,heap        ] GC(1468) Eden regions: 88->0(83)
[634.124s][info][gc,heap        ] GC(1468) Survivor regions: 17->11(14)
[634.124s][info][gc,heap        ] GC(1468) Old regions: 797->814
[634.124s][info][gc,heap        ] GC(1468) Humongous regions: 9->9
[634.124s][info][gc,metaspace   ] GC(1468) Metaspace: 19177K(19328K)->19177K(19328K) NonClass: 17347K(17472K)->17347K(17472K) Class: 1829K(1856K)->1829K(1856K)
[634.124s][info][gc             ] GC(1468) Pause Young (Normal) (G1 Evacuation Pause) 910M->833M(978M) 30.420ms
[634.124s][info][gc,cpu         ] GC(1468) User=0.06s Sys=0.00s Real=0.03s
[634.226s][info][gc,start       ] GC(1469) Pause Young (Normal) (G1 Evacuation Pause)
[634.226s][info][gc,task        ] GC(1469) Using 2 workers of 2 for evacuation
[634.260s][info][gc,phases      ] GC(1469)   Pre Evacuate Collection Set: 0.57ms
[634.260s][info][gc,phases      ] GC(1469)   Merge Heap Roots: 0.29ms
[634.260s][info][gc,phases      ] GC(1469)   Evacuate Collection Set: 32.79ms
[634.260s][info][gc,phases      ] GC(1469)   Post Evacuate Collection Set: 0.49ms
[634.260s][info][gc,phases      ] GC(1469)   Other: 0.09ms
[634.260s][info][gc,heap        ] GC(1469) Eden regions: 83->0(71)
[634.260s][info][gc,heap        ] GC(1469) Survivor regions: 11->11(12)
[634.260s][info][gc,heap        ] GC(1469) Old regions: 814->825
[634.260s][info][gc,heap        ] GC(1469) Humongous regions: 10->10
[634.260s][info][gc,metaspace   ] GC(1469) Metaspace: 19177K(19328K)->19177K(19328K) NonClass: 17347K(17472K)->17347K(17472K) Class: 1829K(1856K)->1829K(1856K)
[634.260s][info][gc             ] GC(1469) Pause Young (Normal) (G1 Evacuation Pause) 917M->845M(978M) 34.534ms
[634.260s][info][gc,cpu         ] GC(1469) User=0.07s Sys=0.00s Real=0.03s
[634.351s][info][gc,start       ] GC(1470) Pause Young (Normal) (G1 Evacuation Pause)
[634.351s][info][gc,task        ] GC(1470) Using 2 workers of 2 for evacuation
[634.383s][info][gc,phases      ] GC(1470)   Pre Evacuate Collection Set: 0.34ms
[634.383s][info][gc,phases      ] GC(1470)   Merge Heap Roots: 0.33ms
[634.383s][info][gc,phases      ] GC(1470)   Evacuate Collection Set: 30.73ms
[634.383s][info][gc,phases      ] GC(1470)   Post Evacuate Collection Set: 0.36ms
[634.383s][info][gc,phases      ] GC(1470)   Other: 0.08ms
[634.383s][info][gc,heap        ] GC(1470) Eden regions: 71->0(70)
[634.383s][info][gc,heap        ] GC(1470) Survivor regions: 11->6(11)
[634.383s][info][gc,heap        ] GC(1470) Old regions: 825->836
[634.383s][info][gc,heap        ] GC(1470) Humongous regions: 10->10
[634.383s][info][gc,metaspace   ] GC(1470) Metaspace: 19177K(19328K)->19177K(19328K) NonClass: 17347K(17472K)->17347K(17472K) Class: 1829K(1856K)->1829K(1856K)
[634.383s][info][gc             ] GC(1470) Pause Young (Normal) (G1 Evacuation Pause) 916M->851M(978M) 32.119ms
[634.383s][info][gc,cpu         ] GC(1470) User=0.06s Sys=0.00s Real=0.03s
[634.495s][info][gc,start       ] GC(1471) Pause Young (Normal) (G1 Evacuation Pause)
[634.495s][info][gc,task        ] GC(1471) Using 2 workers of 2 for evacuation
[634.508s][info][gc,phases      ] GC(1471)   Pre Evacuate Collection Set: 0.54ms
[634.508s][info][gc,phases      ] GC(1471)   Merge Heap Roots: 0.09ms
[634.508s][info][gc,phases      ] GC(1471)   Evacuate Collection Set: 11.64ms
[634.508s][info][gc,phases      ] GC(1471)   Post Evacuate Collection Set: 0.34ms
[634.508s][info][gc,phases      ] GC(1471)   Other: 0.08ms
[634.508s][info][gc,heap        ] GC(1471) Eden regions: 70->0(68)
[634.508s][info][gc,heap        ] GC(1471) Survivor regions: 6->4(10)
[634.508s][info][gc,heap        ] GC(1471) Old regions: 836->842
[634.508s][info][gc,heap        ] GC(1471) Humongous regions: 10->10
[634.508s][info][gc,metaspace   ] GC(1471) Metaspace: 19177K(19328K)->19177K(19328K) NonClass: 17347K(17472K)->17347K(17472K) Class: 1829K(1856K)->1829K(1856K)
[634.508s][info][gc             ] GC(1471) Pause Young (Normal) (G1 Evacuation Pause) 921M->855M(978M) 12.924ms
[634.508s][info][gc,cpu         ] GC(1471) User=0.02s Sys=0.00s Real=0.01s
[634.612s][info][gc,start       ] GC(1472) Pause Young (Normal) (G1 Evacuation Pause)
[634.612s][info][gc,task        ] GC(1472) Using 2 workers of 2 for evacuation
[634.619s][info][gc,phases      ] GC(1472)   Pre Evacuate Collection Set: 0.53ms
[634.619s][info][gc,phases      ] GC(1472)   Merge Heap Roots: 0.13ms
[634.619s][info][gc,phases      ] GC(1472)   Evacuate Collection Set: 6.30ms
[634.619s][info][gc,phases      ] GC(1472)   Post Evacuate Collection Set: 0.36ms
[634.619s][info][gc,phases      ] GC(1472)   Other: 0.08ms
[634.619s][info][gc,heap        ] GC(1472) Eden regions: 68->0(68)
[634.619s][info][gc,heap        ] GC(1472) Survivor regions: 4->4(9)
[634.619s][info][gc,heap        ] GC(1472) Old regions: 842->842
[634.619s][info][gc,heap        ] GC(1472) Humongous regions: 10->10
[634.619s][info][gc,metaspace   ] GC(1472) Metaspace: 19177K(19328K)->19177K(19328K) NonClass: 17347K(17472K)->17347K(17472K) Class: 1829K(1856K)->1829K(1856K)
[634.619s][info][gc             ] GC(1472) Pause Young (Normal) (G1 Evacuation Pause) 923M->855M(978M) 7.641ms
[634.619s][info][gc,cpu         ] GC(1472) User=0.01s Sys=0.00s Real=0.00s
[634.779s][info][gc,start       ] GC(1473) Pause Young (Normal) (G1 Evacuation Pause)
[634.779s][info][gc,task        ] GC(1473) Using 2 workers of 2 for evacuation
[634.788s][info][gc,phases      ] GC(1473)   Pre Evacuate Collection Set: 0.55ms
[634.788s][info][gc,phases      ] GC(1473)   Merge Heap Roots: 0.14ms
[634.788s][info][gc,phases      ] GC(1473)   Evacuate Collection Set: 7.80ms
[634.788s][info][gc,phases      ] GC(1473)   Post Evacuate Collection Set: 0.35ms
[634.788s][info][gc,phases      ] GC(1473)   Other: 0.08ms
[634.788s][info][gc,heap        ] GC(1473) Eden regions: 68->0(66)
[634.788s][info][gc,heap        ] GC(1473) Survivor regions: 4->5(9)
[634.788s][info][gc,heap        ] GC(1473) Old regions: 842->842
[634.788s][info][gc,heap        ] GC(1473) Humongous regions: 10->10
[634.788s][info][gc,metaspace   ] GC(1473) Metaspace: 19177K(19328K)->19177K(19328K) NonClass: 17347K(17472K)->17347K(17472K) Class: 1829K(1856K)->1829K(1856K)
[634.788s][info][gc             ] GC(1473) Pause Young (Normal) (G1 Evacuation Pause) 923M->856M(978M) 9.188ms
[634.788s][info][gc,cpu         ] GC(1473) User=0.01s Sys=0.00s Real=0.01s
[634.950s][info][gc,start       ] GC(1474) Pause Young (Normal) (G1 Evacuation Pause)
[634.950s][info][gc,task        ] GC(1474) Using 2 workers of 2 for evacuation
[634.965s][info][gc,phases      ] GC(1474)   Pre Evacuate Collection Set: 0.66ms
[634.965s][info][gc,phases      ] GC(1474)   Merge Heap Roots: 0.17ms
[634.965s][info][gc,phases      ] GC(1474)   Evacuate Collection Set: 13.64ms
[634.965s][info][gc,phases      ] GC(1474)   Post Evacuate Collection Set: 0.41ms
[634.965s][info][gc,phases      ] GC(1474)   Other: 0.08ms
[634.965s][info][gc,heap        ] GC(1474) Eden regions: 66->0(66)
[634.965s][info][gc,heap        ] GC(1474) Survivor regions: 5->3(9)
[634.965s][info][gc,heap        ] GC(1474) Old regions: 842->846
[634.965s][info][gc,heap        ] GC(1474) Humongous regions: 10->10
[634.965s][info][gc,metaspace   ] GC(1474) Metaspace: 19177K(19328K)->19177K(19328K) NonClass: 17347K(17472K)->17347K(17472K) Class: 1829K(1856K)->1829K(1856K)
[634.965s][info][gc             ] GC(1474) Pause Young (Normal) (G1 Evacuation Pause) 922M->858M(978M) 15.183ms
[634.965s][info][gc,cpu         ] GC(1474) User=0.02s Sys=0.00s Real=0.02s
[635.090s][info][gc,marking     ] GC(1459) Concurrent Rebuild Remembered Sets and Scrub Regions 1117.272ms
[635.090s][info][gc,start       ] GC(1459) Pause Cleanup
[635.091s][info][gc             ] GC(1459) Pause Cleanup 892M->892M(978M) 0.132ms
[635.091s][info][gc,cpu         ] GC(1459) User=0.00s Sys=0.00s Real=0.00s
[635.091s][info][gc,marking     ] GC(1459) Concurrent Clear Claimed Marks
[635.091s][info][gc,marking     ] GC(1459) Concurrent Clear Claimed Marks 0.033ms
[635.091s][info][gc,marking     ] GC(1459) Concurrent Cleanup for Next Mark
[635.094s][info][gc,marking     ] GC(1459) Concurrent Cleanup for Next Mark 3.047ms
[635.094s][info][gc             ] GC(1459) Concurrent Mark Cycle 3594.512ms
[635.193s][info][gc,start       ] GC(1475) Pause Young (Prepare Mixed) (G1 Evacuation Pause)
[635.193s][info][gc,task        ] GC(1475) Using 2 workers of 2 for evacuation
[635.200s][info][gc,phases      ] GC(1475)   Pre Evacuate Collection Set: 0.52ms
[635.200s][info][gc,phases      ] GC(1475)   Merge Heap Roots: 0.16ms
[635.200s][info][gc,phases      ] GC(1475)   Evacuate Collection Set: 5.48ms
[635.200s][info][gc,phases      ] GC(1475)   Post Evacuate Collection Set: 0.37ms
[635.200s][info][gc,phases      ] GC(1475)   Other: 0.12ms
[635.200s][info][gc,heap        ] GC(1475) Eden regions: 66->0(66)
[635.200s][info][gc,heap        ] GC(1475) Survivor regions: 3->3(9)
[635.200s][info][gc,heap        ] GC(1475) Old regions: 846->846
[635.200s][info][gc,heap        ] GC(1475) Humongous regions: 10->10
[635.200s][info][gc,metaspace   ] GC(1475) Metaspace: 19177K(19328K)->19177K(19328K) NonClass: 17347K(17472K)->17347K(17472K) Class: 1829K(1856K)->1829K(1856K)
[635.200s][info][gc             ] GC(1475) Pause Young (Prepare Mixed) (G1 Evacuation Pause) 924M->858M(978M) 6.890ms
[635.200s][info][gc,cpu         ] GC(1475) User=0.01s Sys=0.00s Real=0.00s
[635.351s][info][gc,start       ] GC(1476) Pause Young (Mixed) (G1 Evacuation Pause)
[635.351s][info][gc,task        ] GC(1476) Using 2 workers of 2 for evacuation
[635.386s][info][gc,phases      ] GC(1476)   Pre Evacuate Collection Set: 0.56ms
[635.386s][info][gc,phases      ] GC(1476)   Merge Heap Roots: 0.67ms
[635.386s][info][gc,phases      ] GC(1476)   Evacuate Collection Set: 32.85ms
[635.386s][info][gc,phases      ] GC(1476)   Post Evacuate Collection Set: 0.41ms
[635.386s][info][gc,phases      ] GC(1476)   Other: 0.08ms
[635.386s][info][gc,heap        ] GC(1476) Eden regions: 66->0(73)
[635.386s][info][gc,heap        ] GC(1476) Survivor regions: 3->4(9)
[635.386s][info][gc,heap        ] GC(1476) Old regions: 846->837
[635.386s][info][gc,heap        ] GC(1476) Humongous regions: 10->10
[635.386s][info][gc,metaspace   ] GC(1476) Metaspace: 19177K(19328K)->19177K(19328K) NonClass: 17347K(17472K)->17347K(17472K) Class: 1829K(1856K)->1829K(1856K)
[635.386s][info][gc             ] GC(1476) Pause Young (Mixed) (G1 Evacuation Pause) 924M->849M(978M) 34.871ms
[635.386s][info][gc,cpu         ] GC(1476) User=0.07s Sys=0.00s Real=0.03s
[635.543s][info][gc,start       ] GC(1477) Pause Young (Concurrent Start) (G1 Evacuation Pause)
[635.544s][info][gc,task        ] GC(1477) Using 2 workers of 2 for evacuation
[635.551s][info][gc,phases      ] GC(1477)   Pre Evacuate Collection Set: 0.40ms
[635.551s][info][gc,phases      ] GC(1477)   Merge Heap Roots: 0.14ms
[635.551s][info][gc,phases      ] GC(1477)   Evacuate Collection Set: 6.37ms
[635.551s][info][gc,phases      ] GC(1477)   Post Evacuate Collection Set: 0.40ms
[635.551s][info][gc,phases      ] GC(1477)   Other: 0.23ms
[635.551s][info][gc,heap        ] GC(1477) Eden regions: 73->0(73)
[635.551s][info][gc,heap        ] GC(1477) Survivor regions: 4->4(10)
[635.551s][info][gc,heap        ] GC(1477) Old regions: 837->837
[635.551s][info][gc,heap        ] GC(1477) Humongous regions: 10->10
[635.551s][info][gc,metaspace   ] GC(1477) Metaspace: 19177K(19328K)->19177K(19328K) NonClass: 17347K(17472K)->17347K(17472K) Class: 1829K(1856K)->1829K(1856K)
[635.551s][info][gc             ] GC(1477) Pause Young (Concurrent Start) (G1 Evacuation Pause) 922M->850M(978M) 7.771ms
[635.551s][info][gc             ] GC(1478) Concurrent Mark Cycle
[635.551s][info][gc,marking     ] GC(1478) Concurrent Scan Root Regions
[635.553s][info][gc,cpu         ] GC(1477) User=0.02s Sys=0.00s Real=0.01s
[635.560s][info][gc,marking     ] GC(1478) Concurrent Scan Root Regions 8.329ms
[635.560s][info][gc,marking     ] GC(1478) Concurrent Mark
[635.560s][info][gc,marking     ] GC(1478) Concurrent Mark From Roots
[635.560s][info][gc,task        ] GC(1478) Using 1 workers of 1 for marking
[635.771s][info][gc,start       ] GC(1479) Pause Young (Normal) (G1 Evacuation Pause)
[635.771s][info][gc,task        ] GC(1479) Using 2 workers of 2 for evacuation
[635.780s][info][gc,phases      ] GC(1479)   Pre Evacuate Collection Set: 0.32ms
[635.780s][info][gc,phases      ] GC(1479)   Merge Heap Roots: 0.14ms
[635.780s][info][gc,phases      ] GC(1479)   Evacuate Collection Set: 7.31ms
[635.780s][info][gc,phases      ] GC(1479)   Post Evacuate Collection Set: 0.37ms
[635.780s][info][gc,phases      ] GC(1479)   Other: 0.09ms
[635.780s][info][gc,heap        ] GC(1479) Eden regions: 73->0(71)
[635.780s][info][gc,heap        ] GC(1479) Survivor regions: 4->5(10)
[635.780s][info][gc,heap        ] GC(1479) Old regions: 837->837
[635.780s][info][gc,heap        ] GC(1479) Humongous regions: 10->10
[635.780s][info][gc,metaspace   ] GC(1479) Metaspace: 19177K(19328K)->19177K(19328K) NonClass: 17347K(17472K)->17347K(17472K) Class: 1829K(1856K)->1829K(1856K)
[635.780s][info][gc             ] GC(1479) Pause Young (Normal) (G1 Evacuation Pause) 923M->850M(978M) 8.463ms
[635.780s][info][gc,cpu         ] GC(1479) User=0.02s Sys=0.00s Real=0.00s
[635.997s][info][gc,start       ] GC(1480) Pause Young (Normal) (G1 Evacuation Pause)
[635.997s][info][gc,task        ] GC(1480) Using 2 workers of 2 for evacuation
[636.040s][info][gc,phases      ] GC(1480)   Pre Evacuate Collection Set: 0.33ms
[636.040s][info][gc,phases      ] GC(1480)   Merge Heap Roots: 0.19ms
[636.040s][info][gc,phases      ] GC(1480)   Evacuate Collection Set: 41.22ms
[636.040s][info][gc,phases      ] GC(1480)   Post Evacuate Collection Set: 0.45ms
[636.040s][info][gc,phases      ] GC(1480)   Other: 0.08ms
[636.040s][info][gc,heap        ] GC(1480) Eden regions: 71->0(38)
[636.040s][info][gc,heap        ] GC(1480) Survivor regions: 5->10(10)
[636.040s][info][gc,heap        ] GC(1480) Old regions: 837->861
[636.040s][info][gc,heap        ] GC(1480) Humongous regions: 10->10
[636.040s][info][gc,metaspace   ] GC(1480) Metaspace: 19177K(19328K)->19177K(19328K) NonClass: 17347K(17472K)->17347K(17472K) Class: 1829K(1856K)->1829K(1856K)
[636.040s][info][gc             ] GC(1480) Pause Young (Normal) (G1 Evacuation Pause) 921M->880M(978M) 42.575ms
[636.040s][info][gc,cpu         ] GC(1480) User=0.08s Sys=0.00s Real=0.04s
[636.130s][info][gc,start       ] GC(1481) Pause Young (Normal) (G1 Evacuation Pause)
[636.130s][info][gc,task        ] GC(1481) Using 2 workers of 2 for evacuation
[636.155s][info][gc,phases      ] GC(1481)   Pre Evacuate Collection Set: 0.31ms
[636.155s][info][gc,phases      ] GC(1481)   Merge Heap Roots: 0.15ms
[636.155s][info][gc,phases      ] GC(1481)   Evacuate Collection Set: 23.86ms
[636.155s][info][gc,phases      ] GC(1481)   Post Evacuate Collection Set: 0.37ms
[636.155s][info][gc,phases      ] GC(1481)   Other: 0.09ms
[636.155s][info][gc,heap        ] GC(1481) Eden regions: 38->0(42)
[636.155s][info][gc,heap        ] GC(1481) Survivor regions: 10->6(6)
[636.155s][info][gc,heap        ] GC(1481) Old regions: 861->875
[636.155s][info][gc,heap        ] GC(1481) Humongous regions: 10->10
[636.155s][info][gc,metaspace   ] GC(1481) Metaspace: 19181K(19328K)->19181K(19328K) NonClass: 17351K(17472K)->17351K(17472K) Class: 1829K(1856K)->1829K(1856K)
[636.155s][info][gc             ] GC(1481) Pause Young (Normal) (G1 Evacuation Pause) 918M->890M(978M) 25.036ms
[636.155s][info][gc,cpu         ] GC(1481) User=0.05s Sys=0.00s Real=0.03s
[636.244s][info][gc,start       ] GC(1482) Pause Young (Normal) (G1 Evacuation Pause)
[636.244s][info][gc,task        ] GC(1482) Using 2 workers of 2 for evacuation
[636.265s][info][gc,phases      ] GC(1482)   Pre Evacuate Collection Set: 0.33ms
[636.265s][info][gc,phases      ] GC(1482)   Merge Heap Roots: 0.10ms
[636.265s][info][gc,phases      ] GC(1482)   Evacuate Collection Set: 20.08ms
[636.265s][info][gc,phases      ] GC(1482)   Post Evacuate Collection Set: 0.35ms
[636.265s][info][gc,phases      ] GC(1482)   Other: 0.07ms
[636.265s][info][gc,heap        ] GC(1482) Eden regions: 42->0(42)
[636.265s][info][gc,heap        ] GC(1482) Survivor regions: 6->6(6)
[636.265s][info][gc,heap        ] GC(1482) Old regions: 875->889
[636.265s][info][gc,heap        ] GC(1482) Humongous regions: 10->10
[636.265s][info][gc,metaspace   ] GC(1482) Metaspace: 19181K(19328K)->19181K(19328K) NonClass: 17351K(17472K)->17351K(17472K) Class: 1829K(1856K)->1829K(1856K)
[636.265s][info][gc             ] GC(1482) Pause Young (Normal) (G1 Evacuation Pause) 932M->904M(978M) 21.153ms
[636.265s][info][gc,cpu         ] GC(1482) User=0.04s Sys=0.00s Real=0.02s
[636.351s][info][gc,marking     ] GC(1478) Concurrent Mark From Roots 791.634ms
[636.351s][info][gc,marking     ] GC(1478) Concurrent Preclean
[636.351s][info][gc,marking     ] GC(1478) Concurrent Preclean 0.055ms
[636.352s][info][gc,start       ] GC(1478) Pause Remark
[636.364s][info][metaspace      ] ChkMgr @0x00007f59a415e580 (non-class-space): : reclaiming memory...
[636.364s][info][metaspace      ] ChkMgr @0x00007f59a415e580 (non-class-space): nothing reclaimed.
[636.364s][info][metaspace      ] ChkMgr @0x00007f59a415c690 (class-space): : reclaiming memory...
[636.364s][info][metaspace      ] ChkMgr @0x00007f59a415c690 (class-space): nothing reclaimed.
[636.365s][info][gc             ] GC(1478) Pause Remark 936M->419M(978M) 13.331ms
[636.365s][info][gc,cpu         ] GC(1478) User=0.03s Sys=0.00s Real=0.01s
[636.367s][info][gc,marking     ] GC(1478) Concurrent Mark 807.133ms
[636.367s][info][gc,marking     ] GC(1478) Concurrent Rebuild Remembered Sets and Scrub Regions
[636.386s][info][gc,start       ] GC(1483) Pause Young (Normal) (G1 Evacuation Pause)
[636.386s][info][gc,task        ] GC(1483) Using 2 workers of 2 for evacuation
[636.410s][info][gc,phases      ] GC(1483)   Pre Evacuate Collection Set: 0.53ms
[636.411s][info][gc,phases      ] GC(1483)   Merge Heap Roots: 0.17ms
[636.411s][info][gc,phases      ] GC(1483)   Evacuate Collection Set: 23.60ms
[636.411s][info][gc,phases      ] GC(1483)   Post Evacuate Collection Set: 0.39ms
[636.411s][info][gc,phases      ] GC(1483)   Other: 0.10ms
[636.411s][info][gc,heap        ] GC(1483) Eden regions: 42->0(389)
[636.411s][info][gc,heap        ] GC(1483) Survivor regions: 6->6(6)
[636.411s][info][gc,heap        ] GC(1483) Old regions: 379->394
[636.411s][info][gc,heap        ] GC(1483) Humongous regions: 3->3
[636.411s][info][gc,metaspace   ] GC(1483) Metaspace: 19167K(19328K)->19167K(19328K) NonClass: 17337K(17472K)->17337K(17472K) Class: 1829K(1856K)->1829K(1856K)
[636.411s][info][gc             ] GC(1483) Pause Young (Normal) (G1 Evacuation Pause) 429M->402M(978M) 25.049ms
[636.411s][info][gc,cpu         ] GC(1483) User=0.05s Sys=0.00s Real=0.03s
[636.716s][info][gc,marking     ] GC(1478) Concurrent Rebuild Remembered Sets and Scrub Regions 349.417ms
[636.716s][info][gc,start       ] GC(1478) Pause Cleanup
[636.717s][info][gc             ] GC(1478) Pause Cleanup 509M->509M(978M) 0.136ms
[636.717s][info][gc,cpu         ] GC(1478) User=0.00s Sys=0.00s Real=0.00s
[636.718s][info][gc,marking     ] GC(1478) Concurrent Clear Claimed Marks
[636.718s][info][gc,marking     ] GC(1478) Concurrent Clear Claimed Marks 0.055ms
[636.718s][info][gc,marking     ] GC(1478) Concurrent Cleanup for Next Mark
[636.725s][info][gc,marking     ] GC(1478) Concurrent Cleanup for Next Mark 7.544ms
[636.726s][info][gc             ] GC(1478) Concurrent Mark Cycle 1174.298ms
[636.965s][info][gc,start       ] GC(1484) Pause Young (Prepare Mixed) (G1 Evacuation Pause)
[636.965s][info][gc,task        ] GC(1484) Using 2 workers of 2 for evacuation
[637.046s][info][gc,phases      ] GC(1484)   Pre Evacuate Collection Set: 0.53ms
[637.046s][info][gc,phases      ] GC(1484)   Merge Heap Roots: 0.53ms
[637.046s][info][gc,phases      ] GC(1484)   Evacuate Collection Set: 78.42ms
[637.046s][info][gc,phases      ] GC(1484)   Post Evacuate Collection Set: 0.78ms
[637.046s][info][gc,phases      ] GC(1484)   Other: 0.09ms
[637.046s][info][gc,heap        ] GC(1484) Eden regions: 389->0(353)
[637.046s][info][gc,heap        ] GC(1484) Survivor regions: 6->50(50)
[637.046s][info][gc,heap        ] GC(1484) Old regions: 394->403
[637.046s][info][gc,heap        ] GC(1484) Humongous regions: 4->4
[637.046s][info][gc,metaspace   ] GC(1484) Metaspace: 19167K(19328K)->19167K(19328K) NonClass: 17337K(17472K)->17337K(17472K) Class: 1829K(1856K)->1829K(1856K)
[637.046s][info][gc             ] GC(1484) Pause Young (Prepare Mixed) (G1 Evacuation Pause) 792M->456M(978M) 80.622ms
[637.046s][info][gc,cpu         ] GC(1484) User=0.16s Sys=0.00s Real=0.08s
[637.577s][info][gc,start       ] GC(1485) Pause Young (Mixed) (G1 Evacuation Pause)
[637.577s][info][gc,task        ] GC(1485) Using 2 workers of 2 for evacuation
[637.772s][info][gc,phases      ] GC(1485)   Pre Evacuate Collection Set: 0.35ms
[637.772s][info][gc,phases      ] GC(1485)   Merge Heap Roots: 0.57ms
[637.772s][info][gc,phases      ] GC(1485)   Evacuate Collection Set: 192.96ms
[637.772s][info][gc,phases      ] GC(1485)   Post Evacuate Collection Set: 0.83ms
[637.772s][info][gc,phases      ] GC(1485)   Other: 0.12ms
[637.772s][info][gc,heap        ] GC(1485) Eden regions: 353->0(290)
[637.772s][info][gc,heap        ] GC(1485) Survivor regions: 50->51(51)
[637.772s][info][gc,heap        ] GC(1485) Old regions: 403->465
[637.772s][info][gc,heap        ] GC(1485) Humongous regions: 5->5
[637.772s][info][gc,metaspace   ] GC(1485) Metaspace: 19167K(19328K)->19167K(19328K) NonClass: 17337K(17472K)->17337K(17472K) Class: 1829K(1856K)->1829K(1856K)
[637.772s][info][gc             ] GC(1485) Pause Young (Mixed) (G1 Evacuation Pause) 810M->520M(978M) 195.144ms
[637.772s][info][gc,cpu         ] GC(1485) User=0.38s Sys=0.00s Real=0.20s
[637.994s][info][gc,start       ] GC(1486) Pause Young (Concurrent Start) (G1 Evacuation Pause)
[637.995s][info][gc,task        ] GC(1486) Using 2 workers of 2 for evacuation
[638.101s][info][gc,phases      ] GC(1486)   Pre Evacuate Collection Set: 0.31ms
[638.101s][info][gc,phases      ] GC(1486)   Merge Heap Roots: 0.39ms
[638.101s][info][gc,phases      ] GC(1486)   Evacuate Collection Set: 105.19ms
[638.101s][info][gc,phases      ] GC(1486)   Post Evacuate Collection Set: 0.65ms
[638.101s][info][gc,phases      ] GC(1486)   Other: 0.14ms
[638.101s][info][gc,heap        ] GC(1486) Eden regions: 290->0(269)
[638.101s][info][gc,heap        ] GC(1486) Survivor regions: 51->42(43)
[638.101s][info][gc,heap        ] GC(1486) Old regions: 465->517
[638.101s][info][gc,heap        ] GC(1486) Humongous regions: 5->5
[638.101s][info][gc,metaspace   ] GC(1486) Metaspace: 19167K(19328K)->19167K(19328K) NonClass: 17337K(17472K)->17337K(17472K) Class: 1829K(1856K)->1829K(1856K)
[638.101s][info][gc             ] GC(1486) Pause Young (Concurrent Start) (G1 Evacuation Pause) 810M->563M(978M) 106.953ms
[638.101s][info][gc,cpu         ] GC(1486) User=0.21s Sys=0.00s Real=0.11s
[638.101s][info][gc             ] GC(1487) Concurrent Mark Cycle
[638.102s][info][gc,marking     ] GC(1487) Concurrent Scan Root Regions
[638.225s][info][gc,marking     ] GC(1487) Concurrent Scan Root Regions 123.207ms
[638.225s][info][gc,marking     ] GC(1487) Concurrent Mark
[638.225s][info][gc,marking     ] GC(1487) Concurrent Mark From Roots
[638.225s][info][gc,task        ] GC(1487) Using 1 workers of 1 for marking
[638.703s][info][gc,start       ] GC(1488) Pause Young (Normal) (G1 Evacuation Pause)
[638.703s][info][gc,task        ] GC(1488) Using 2 workers of 2 for evacuation
[638.787s][info][gc,phases      ] GC(1488)   Pre Evacuate Collection Set: 0.31ms
[638.787s][info][gc,phases      ] GC(1488)   Merge Heap Roots: 0.14ms
[638.787s][info][gc,phases      ] GC(1488)   Evacuate Collection Set: 82.14ms
[638.787s][info][gc,phases      ] GC(1488)   Post Evacuate Collection Set: 0.61ms
[638.787s][info][gc,phases      ] GC(1488)   Other: 0.09ms
[638.787s][info][gc,heap        ] GC(1488) Eden regions: 269->0(250)
[638.787s][info][gc,heap        ] GC(1488) Survivor regions: 42->38(39)
[638.787s][info][gc,heap        ] GC(1488) Old regions: 517->557
[638.787s][info][gc,heap        ] GC(1488) Humongous regions: 5->5
[638.787s][info][gc,metaspace   ] GC(1488) Metaspace: 19167K(19328K)->19167K(19328K) NonClass: 17337K(17472K)->17337K(17472K) Class: 1829K(1856K)->1829K(1856K)
[638.787s][info][gc             ] GC(1488) Pause Young (Normal) (G1 Evacuation Pause) 832M->599M(978M) 83.562ms
[638.787s][info][gc,cpu         ] GC(1488) User=0.16s Sys=0.00s Real=0.08s
[639.290s][info][gc,marking     ] GC(1487) Concurrent Mark From Roots 1064.775ms
[639.290s][info][gc,marking     ] GC(1487) Concurrent Preclean
[639.290s][info][gc,marking     ] GC(1487) Concurrent Preclean 0.041ms
[639.290s][info][gc,start       ] GC(1487) Pause Remark
[639.298s][info][gc             ] GC(1487) Pause Remark 846M->793M(978M) 8.385ms
[639.298s][info][gc,cpu         ] GC(1487) User=0.02s Sys=0.00s Real=0.01s
[639.298s][info][gc,marking     ] GC(1487) Concurrent Mark 1073.515ms
[639.298s][info][gc,marking     ] GC(1487) Concurrent Rebuild Remembered Sets and Scrub Regions
[639.305s][info][gc,start       ] GC(1489) Pause Young (Normal) (G1 Evacuation Pause)
[639.305s][info][gc,task        ] GC(1489) Using 2 workers of 2 for evacuation
[639.442s][info][gc,phases      ] GC(1489)   Pre Evacuate Collection Set: 0.46ms
[639.442s][info][gc,phases      ] GC(1489)   Merge Heap Roots: 0.14ms
[639.442s][info][gc,phases      ] GC(1489)   Evacuate Collection Set: 135.39ms
[639.442s][info][gc,phases      ] GC(1489)   Post Evacuate Collection Set: 0.79ms
[639.442s][info][gc,phases      ] GC(1489)   Other: 0.08ms
[639.442s][info][gc,heap        ] GC(1489) Eden regions: 250->0(188)
[639.442s][info][gc,heap        ] GC(1489) Survivor regions: 38->36(36)
[639.442s][info][gc,heap        ] GC(1489) Old regions: 505->606
[639.442s][info][gc,heap        ] GC(1489) Humongous regions: 4->4
[639.442s][info][gc,metaspace   ] GC(1489) Metaspace: 19167K(19328K)->19167K(19328K) NonClass: 17337K(17472K)->17337K(17472K) Class: 1829K(1856K)->1829K(1856K)
[639.442s][info][gc             ] GC(1489) Pause Young (Normal) (G1 Evacuation Pause) 796M->645M(978M) 137.088ms
[639.442s][info][gc,cpu         ] GC(1489) User=0.27s Sys=0.00s Real=0.14s
[639.631s][info][gc,start       ] GC(1490) Pause Young (Normal) (G1 Evacuation Pause)
[639.631s][info][gc,task        ] GC(1490) Using 2 workers of 2 for evacuation
[639.725s][info][gc,phases      ] GC(1490)   Pre Evacuate Collection Set: 0.32ms
[639.725s][info][gc,phases      ] GC(1490)   Merge Heap Roots: 0.48ms
[639.725s][info][gc,phases      ] GC(1490)   Evacuate Collection Set: 92.31ms
[639.725s][info][gc,phases      ] GC(1490)   Post Evacuate Collection Set: 0.68ms
[639.725s][info][gc,phases      ] GC(1490)   Other: 0.11ms
[639.725s][info][gc,heap        ] GC(1490) Eden regions: 188->0(162)
[639.725s][info][gc,heap        ] GC(1490) Survivor regions: 36->28(28)
[639.725s][info][gc,heap        ] GC(1490) Old regions: 606->657
[639.725s][info][gc,heap        ] GC(1490) Humongous regions: 4->4
[639.725s][info][gc,metaspace   ] GC(1490) Metaspace: 19167K(19328K)->19167K(19328K) NonClass: 17337K(17472K)->17337K(17472K) Class: 1829K(1856K)->1829K(1856K)
[639.725s][info][gc             ] GC(1490) Pause Young (Normal) (G1 Evacuation Pause) 833M->688M(978M) 94.174ms
[639.725s][info][gc,cpu         ] GC(1490) User=0.19s Sys=0.00s Real=0.09s
[639.976s][info][gc,marking     ] GC(1487) Concurrent Rebuild Remembered Sets and Scrub Regions 678.105ms
[639.977s][info][gc,start       ] GC(1487) Pause Cleanup
[639.977s][info][gc             ] GC(1487) Pause Cleanup 849M->849M(978M) 0.154ms
[639.977s][info][gc,cpu         ] GC(1487) User=0.00s Sys=0.00s Real=0.00s
[639.977s][info][gc,marking     ] GC(1487) Concurrent Clear Claimed Marks
[639.978s][info][gc,marking     ] GC(1487) Concurrent Clear Claimed Marks 0.048ms
[639.978s][info][gc,marking     ] GC(1487) Concurrent Cleanup for Next Mark
[639.983s][info][gc,marking     ] GC(1487) Concurrent Cleanup for Next Mark 4.961ms
[639.983s][info][gc             ] GC(1487) Concurrent Mark Cycle 1881.098ms
[639.984s][info][gc,start       ] GC(1491) Pause Young (Prepare Mixed) (G1 Evacuation Pause)
[639.984s][info][gc,task        ] GC(1491) Using 2 workers of 2 for evacuation
[640.083s][info][gc,phases      ] GC(1491)   Pre Evacuate Collection Set: 0.53ms
[640.083s][info][gc,phases      ] GC(1491)   Merge Heap Roots: 0.49ms
[640.083s][info][gc,phases      ] GC(1491)   Evacuate Collection Set: 97.31ms
[640.083s][info][gc,phases      ] GC(1491)   Post Evacuate Collection Set: 0.62ms
[640.083s][info][gc,phases      ] GC(1491)   Other: 0.11ms
[640.083s][info][gc,heap        ] GC(1491) Eden regions: 162->0(124)
[640.083s][info][gc,heap        ] GC(1491) Survivor regions: 28->24(24)
[640.083s][info][gc,heap        ] GC(1491) Old regions: 657->717
[640.083s][info][gc,heap        ] GC(1491) Humongous regions: 7->7
[640.083s][info][gc,metaspace   ] GC(1491) Metaspace: 19167K(19328K)->19167K(19328K) NonClass: 17337K(17472K)->17337K(17472K) Class: 1829K(1856K)->1829K(1856K)
[640.083s][info][gc             ] GC(1491) Pause Young (Prepare Mixed) (G1 Evacuation Pause) 853M->747M(978M) 99.286ms
[640.083s][info][gc,cpu         ] GC(1491) User=0.19s Sys=0.00s Real=0.10s
[640.157s][info][gc,start       ] GC(1492) Pause Young (Mixed) (G1 Evacuation Pause)
[640.157s][info][gc,task        ] GC(1492) Using 2 workers of 2 for evacuation
[640.214s][info][gc,phases      ] GC(1492)   Pre Evacuate Collection Set: 0.36ms
[640.214s][info][gc,phases      ] GC(1492)   Merge Heap Roots: 0.47ms
[640.214s][info][gc,phases      ] GC(1492)   Evacuate Collection Set: 55.63ms
[640.214s][info][gc,phases      ] GC(1492)   Post Evacuate Collection Set: 0.49ms
[640.214s][info][gc,phases      ] GC(1492)   Other: 0.08ms
[640.214s][info][gc,heap        ] GC(1492) Eden regions: 124->0(145)
[640.214s][info][gc,heap        ] GC(1492) Survivor regions: 24->13(19)
[640.214s][info][gc,heap        ] GC(1492) Old regions: 717->703
[640.214s][info][gc,heap        ] GC(1492) Humongous regions: 7->7
[640.214s][info][gc,metaspace   ] GC(1492) Metaspace: 19167K(19328K)->19167K(19328K) NonClass: 17337K(17472K)->17337K(17472K) Class: 1829K(1856K)->1829K(1856K)
[640.214s][info][gc             ] GC(1492) Pause Young (Mixed) (G1 Evacuation Pause) 871M->721M(978M) 57.288ms
[640.214s][info][gc,cpu         ] GC(1492) User=0.11s Sys=0.00s Real=0.06s
[640.328s][info][gc,start       ] GC(1493) Pause Young (Concurrent Start) (G1 Humongous Allocation)
[640.328s][info][gc,task        ] GC(1493) Using 2 workers of 2 for evacuation
[640.376s][info][gc,phases      ] GC(1493)   Pre Evacuate Collection Set: 0.31ms
[640.376s][info][gc,phases      ] GC(1493)   Merge Heap Roots: 0.36ms
[640.376s][info][gc,phases      ] GC(1493)   Evacuate Collection Set: 46.98ms
[640.376s][info][gc,phases      ] GC(1493)   Post Evacuate Collection Set: 0.54ms
[640.376s][info][gc,phases      ] GC(1493)   Other: 0.09ms
[640.376s][info][gc,heap        ] GC(1493) Eden regions: 112->0(142)
[640.376s][info][gc,heap        ] GC(1493) Survivor regions: 13->17(20)
[640.376s][info][gc,heap        ] GC(1493) Old regions: 703->715
[640.376s][info][gc,heap        ] GC(1493) Humongous regions: 7->7
[640.376s][info][gc,metaspace   ] GC(1493) Metaspace: 19167K(19328K)->19167K(19328K) NonClass: 17337K(17472K)->17337K(17472K) Class: 1829K(1856K)->1829K(1856K)
[640.376s][info][gc             ] GC(1493) Pause Young (Concurrent Start) (G1 Humongous Allocation) 833M->738M(978M) 48.557ms
[640.376s][info][gc,cpu         ] GC(1493) User=0.09s Sys=0.00s Real=0.05s
[640.376s][info][gc             ] GC(1494) Concurrent Mark Cycle
[640.376s][info][gc,marking     ] GC(1494) Concurrent Scan Root Regions
[640.453s][info][gc,marking     ] GC(1494) Concurrent Scan Root Regions 77.199ms
[640.454s][info][gc,marking     ] GC(1494) Concurrent Mark
[640.454s][info][gc,marking     ] GC(1494) Concurrent Mark From Roots
[640.454s][info][gc,task        ] GC(1494) Using 1 workers of 1 for marking
[640.585s][info][gc,start       ] GC(1495) Pause Young (Normal) (G1 Evacuation Pause)
[640.585s][info][gc,task        ] GC(1495) Using 2 workers of 2 for evacuation
[640.642s][info][gc,phases      ] GC(1495)   Pre Evacuate Collection Set: 0.56ms
[640.642s][info][gc,phases      ] GC(1495)   Merge Heap Roots: 0.36ms
[640.642s][info][gc,phases      ] GC(1495)   Evacuate Collection Set: 55.51ms
[640.642s][info][gc,phases      ] GC(1495)   Post Evacuate Collection Set: 0.51ms
[640.642s][info][gc,phases      ] GC(1495)   Other: 0.10ms
[640.642s][info][gc,heap        ] GC(1495) Eden regions: 142->0(136)
[640.642s][info][gc,heap        ] GC(1495) Survivor regions: 17->19(20)
[640.642s][info][gc,heap        ] GC(1495) Old regions: 715->731
[640.642s][info][gc,heap        ] GC(1495) Humongous regions: 10->10
[640.642s][info][gc,metaspace   ] GC(1495) Metaspace: 19167K(19328K)->19167K(19328K) NonClass: 17337K(17472K)->17337K(17472K) Class: 1829K(1856K)->1829K(1856K)
[640.642s][info][gc             ] GC(1495) Pause Young (Normal) (G1 Evacuation Pause) 883M->759M(978M) 57.315ms
[640.642s][info][gc,cpu         ] GC(1495) User=0.12s Sys=0.00s Real=0.06s
[640.852s][info][gc,start       ] GC(1496) Pause Young (Normal) (G1 Evacuation Pause)
[640.852s][info][gc,task        ] GC(1496) Using 2 workers of 2 for evacuation
[640.904s][info][gc,phases      ] GC(1496)   Pre Evacuate Collection Set: 0.33ms
[640.904s][info][gc,phases      ] GC(1496)   Merge Heap Roots: 0.35ms
[640.904s][info][gc,phases      ] GC(1496)   Evacuate Collection Set: 50.67ms
[640.904s][info][gc,phases      ] GC(1496)   Post Evacuate Collection Set: 0.44ms
[640.904s][info][gc,phases      ] GC(1496)   Other: 0.11ms
[640.904s][info][gc,heap        ] GC(1496) Eden regions: 136->0(131)
[640.904s][info][gc,heap        ] GC(1496) Survivor regions: 19->17(20)
[640.904s][info][gc,heap        ] GC(1496) Old regions: 731->750
[640.904s][info][gc,heap        ] GC(1496) Humongous regions: 10->10
[640.904s][info][gc,metaspace   ] GC(1496) Metaspace: 19167K(19328K)->19167K(19328K) NonClass: 17337K(17472K)->17337K(17472K) Class: 1829K(1856K)->1829K(1856K)
[640.904s][info][gc             ] GC(1496) Pause Young (Normal) (G1 Evacuation Pause) 895M->775M(978M) 52.170ms
[640.904s][info][gc,cpu         ] GC(1496) User=0.11s Sys=0.00s Real=0.05s
[641.049s][info][gc,marking     ] GC(1494) Concurrent Mark From Roots 595.846ms
[641.049s][info][gc,marking     ] GC(1494) Concurrent Preclean
[641.050s][info][gc,marking     ] GC(1494) Concurrent Preclean 0.049ms
[641.051s][info][gc,start       ] GC(1494) Pause Remark
[641.060s][info][gc             ] GC(1494) Pause Remark 879M->478M(978M) 8.858ms
[641.060s][info][gc,cpu         ] GC(1494) User=0.02s Sys=0.00s Real=0.00s
[641.061s][info][gc,marking     ] GC(1494) Concurrent Mark 607.344ms
[641.061s][info][gc,marking     ] GC(1494) Concurrent Rebuild Remembered Sets and Scrub Regions
[641.122s][info][gc,start       ] GC(1497) Pause Young (Normal) (G1 Evacuation Pause)
[641.122s][info][gc,task        ] GC(1497) Using 2 workers of 2 for evacuation
[641.169s][info][gc,phases      ] GC(1497)   Pre Evacuate Collection Set: 0.49ms
[641.169s][info][gc,phases      ] GC(1497)   Merge Heap Roots: 0.35ms
[641.169s][info][gc,phases      ] GC(1497)   Evacuate Collection Set: 45.58ms
[641.169s][info][gc,phases      ] GC(1497)   Post Evacuate Collection Set: 0.45ms
[641.169s][info][gc,phases      ] GC(1497)   Other: 0.10ms
[641.169s][info][gc,heap        ] GC(1497) Eden regions: 131->0(377)
[641.169s][info][gc,heap        ] GC(1497) Survivor regions: 17->16(19)
[641.169s][info][gc,heap        ] GC(1497) Old regions: 354->370
[641.169s][info][gc,heap        ] GC(1497) Humongous regions: 5->5
[641.169s][info][gc,metaspace   ] GC(1497) Metaspace: 19167K(19328K)->19167K(19328K) NonClass: 17337K(17472K)->17337K(17472K) Class: 1829K(1856K)->1829K(1856K)
[641.169s][info][gc             ] GC(1497) Pause Young (Normal) (G1 Evacuation Pause) 505M->390M(978M) 47.209ms
[641.169s][info][gc,cpu         ] GC(1497) User=0.09s Sys=0.01s Real=0.04s
[641.331s][info][gc,marking     ] GC(1494) Concurrent Rebuild Remembered Sets and Scrub Regions 270.493ms
[641.332s][info][gc,start       ] GC(1494) Pause Cleanup
[641.332s][info][gc             ] GC(1494) Pause Cleanup 574M->574M(978M) 0.149ms
[641.332s][info][gc,cpu         ] GC(1494) User=0.00s Sys=0.00s Real=0.00s
[641.332s][info][gc,marking     ] GC(1494) Concurrent Clear Claimed Marks
[641.332s][info][gc,marking     ] GC(1494) Concurrent Clear Claimed Marks 0.045ms
[641.332s][info][gc,marking     ] GC(1494) Concurrent Cleanup for Next Mark
[641.339s][info][gc,marking     ] GC(1494) Concurrent Cleanup for Next Mark 7.264ms
[641.340s][info][gc             ] GC(1494) Concurrent Mark Cycle 963.348ms
[641.500s][info][gc,start       ] GC(1498) Pause Young (Prepare Mixed) (G1 Evacuation Pause)
[641.500s][info][gc,task        ] GC(1498) Using 2 workers of 2 for evacuation
[641.551s][info][gc,phases      ] GC(1498)   Pre Evacuate Collection Set: 0.35ms
[641.551s][info][gc,phases      ] GC(1498)   Merge Heap Roots: 0.38ms
[641.551s][info][gc,phases      ] GC(1498)   Evacuate Collection Set: 49.50ms
[641.551s][info][gc,phases      ] GC(1498)   Post Evacuate Collection Set: 0.68ms
[641.551s][info][gc,phases      ] GC(1498)   Other: 0.09ms
[641.551s][info][gc,heap        ] GC(1498) Eden regions: 377->0(385)
[641.551s][info][gc,heap        ] GC(1498) Survivor regions: 16->37(50)
[641.551s][info][gc,heap        ] GC(1498) Old regions: 370->370
[641.551s][info][gc,heap        ] GC(1498) Humongous regions: 5->5
[641.551s][info][gc,metaspace   ] GC(1498) Metaspace: 19167K(19328K)->19167K(19328K) NonClass: 17337K(17472K)->17337K(17472K) Class: 1829K(1856K)->1829K(1856K)
[641.551s][info][gc             ] GC(1498) Pause Young (Prepare Mixed) (G1 Evacuation Pause) 767M->411M(978M) 51.258ms
[641.551s][info][gc,cpu         ] GC(1498) User=0.10s Sys=0.00s Real=0.06s
[642.301s][info][gc,start       ] GC(1499) Pause Young (Mixed) (G1 Evacuation Pause)
[642.301s][info][gc,task        ] GC(1499) Using 2 workers of 2 for evacuation
[642.391s][info][gc,phases      ] GC(1499)   Pre Evacuate Collection Set: 0.45ms
[642.391s][info][gc,phases      ] GC(1499)   Merge Heap Roots: 0.71ms
[642.391s][info][gc,phases      ] GC(1499)   Evacuate Collection Set: 87.82ms
[642.391s][info][gc,phases      ] GC(1499)   Post Evacuate Collection Set: 0.76ms
[642.391s][info][gc,phases      ] GC(1499)   Other: 0.12ms
[642.391s][info][gc,heap        ] GC(1499) Eden regions: 385->0(423)
[642.391s][info][gc,heap        ] GC(1499) Survivor regions: 37->53(53)
[642.391s][info][gc,heap        ] GC(1499) Old regions: 370->322
[642.391s][info][gc,heap        ] GC(1499) Humongous regions: 5->5
[642.391s][info][gc,metaspace   ] GC(1499) Metaspace: 19167K(19328K)->19167K(19328K) NonClass: 17337K(17472K)->17337K(17472K) Class: 1829K(1856K)->1829K(1856K)
[642.391s][info][gc             ] GC(1499) Pause Young (Mixed) (G1 Evacuation Pause) 796M->379M(978M) 90.120ms
[642.391s][info][gc,cpu         ] GC(1499) User=0.17s Sys=0.00s Real=0.09s
[643.508s][info][gc,start       ] GC(1500) Pause Young (Concurrent Start) (G1 Evacuation Pause)
[643.508s][info][gc,task        ] GC(1500) Using 2 workers of 2 for evacuation
[643.573s][info][gc,phases      ] GC(1500)   Pre Evacuate Collection Set: 0.30ms
[643.573s][info][gc,phases      ] GC(1500)   Merge Heap Roots: 0.35ms
[643.573s][info][gc,phases      ] GC(1500)   Evacuate Collection Set: 62.72ms
[643.573s][info][gc,phases      ] GC(1500)   Post Evacuate Collection Set: 0.74ms
[643.573s][info][gc,phases      ] GC(1500)   Other: 0.14ms
[643.573s][info][gc,heap        ] GC(1500) Eden regions: 423->0(451)
[643.573s][info][gc,heap        ] GC(1500) Survivor regions: 53->1(60)
[643.573s][info][gc,heap        ] GC(1500) Old regions: 322->375
[643.573s][info][gc,heap        ] GC(1500) Humongous regions: 5->5
[643.573s][info][gc,metaspace   ] GC(1500) Metaspace: 19167K(19328K)->19167K(19328K) NonClass: 17337K(17472K)->17337K(17472K) Class: 1829K(1856K)->1829K(1856K)
[643.573s][info][gc             ] GC(1500) Pause Young (Concurrent Start) (G1 Evacuation Pause) 802M->380M(978M) 64.523ms
[643.573s][info][gc             ] GC(1501) Concurrent Mark Cycle
[643.573s][info][gc,marking     ] GC(1501) Concurrent Scan Root Regions
[643.573s][info][gc,cpu         ] GC(1500) User=0.12s Sys=0.00s Real=0.07s
[643.682s][info][gc,marking     ] GC(1501) Concurrent Scan Root Regions 108.964ms
[643.682s][info][gc,marking     ] GC(1501) Concurrent Mark
[643.682s][info][gc,marking     ] GC(1501) Concurrent Mark From Roots
[643.682s][info][gc,task        ] GC(1501) Using 1 workers of 1 for marking
[644.692s][info][gc,marking     ] GC(1501) Concurrent Mark From Roots 1010.410ms
[644.692s][info][gc,marking     ] GC(1501) Concurrent Preclean
[644.692s][info][gc,marking     ] GC(1501) Concurrent Preclean 0.051ms
[644.693s][info][gc,start       ] GC(1501) Pause Remark
[644.702s][info][gc             ] GC(1501) Pause Remark 823M->813M(978M) 8.924ms
[644.702s][info][gc,cpu         ] GC(1501) User=0.02s Sys=0.00s Real=0.01s
[644.703s][info][gc,marking     ] GC(1501) Concurrent Mark 1021.018ms
[644.703s][info][gc,marking     ] GC(1501) Concurrent Rebuild Remembered Sets and Scrub Regions
[644.731s][info][gc,start       ] GC(1502) Pause Young (Normal) (G1 Evacuation Pause)
[644.731s][info][gc,task        ] GC(1502) Using 2 workers of 2 for evacuation
[644.840s][info][gc,phases      ] GC(1502)   Pre Evacuate Collection Set: 0.34ms
[644.840s][info][gc,phases      ] GC(1502)   Merge Heap Roots: 0.51ms
[644.840s][info][gc,phases      ] GC(1502)   Evacuate Collection Set: 107.18ms
[644.840s][info][gc,phases      ] GC(1502)   Post Evacuate Collection Set: 0.98ms
[644.840s][info][gc,phases      ] GC(1502)   Other: 0.14ms
[644.840s][info][gc,heap        ] GC(1502) Eden regions: 451->0(351)
[644.840s][info][gc,heap        ] GC(1502) Survivor regions: 1->57(57)
[644.840s][info][gc,heap        ] GC(1502) Old regions: 366->401
[644.840s][info][gc,heap        ] GC(1502) Humongous regions: 4->4
[644.840s][info][gc,metaspace   ] GC(1502) Metaspace: 19167K(19328K)->19167K(19328K) NonClass: 17337K(17472K)->17337K(17472K) Class: 1829K(1856K)->1829K(1856K)
[644.840s][info][gc             ] GC(1502) Pause Young (Normal) (G1 Evacuation Pause) 821M->461M(978M) 109.432ms
[644.840s][info][gc,cpu         ] GC(1502) User=0.21s Sys=0.00s Real=0.10s
[645.147s][info][gc,marking     ] GC(1501) Concurrent Rebuild Remembered Sets and Scrub Regions 443.685ms
[645.147s][info][gc,start       ] GC(1501) Pause Cleanup
[645.147s][info][gc             ] GC(1501) Pause Cleanup 684M->684M(978M) 0.106ms
[645.147s][info][gc,cpu         ] GC(1501) User=0.00s Sys=0.00s Real=0.00s
[645.147s][info][gc,marking     ] GC(1501) Concurrent Clear Claimed Marks
[645.147s][info][gc,marking     ] GC(1501) Concurrent Clear Claimed Marks 0.034ms
[645.147s][info][gc,marking     ] GC(1501) Concurrent Cleanup for Next Mark
[645.150s][info][gc,marking     ] GC(1501) Concurrent Cleanup for Next Mark 2.972ms
[645.150s][info][gc             ] GC(1501) Concurrent Mark Cycle 1577.222ms
[645.285s][info][gc,start       ] GC(1503) Pause Young (Prepare Mixed) (G1 Evacuation Pause)
[645.285s][info][gc,task        ] GC(1503) Using 2 workers of 2 for evacuation
[645.429s][info][gc,phases      ] GC(1503)   Pre Evacuate Collection Set: 0.54ms
[645.429s][info][gc,phases      ] GC(1503)   Merge Heap Roots: 0.65ms
[645.429s][info][gc,phases      ] GC(1503)   Evacuate Collection Set: 141.56ms
[645.429s][info][gc,phases      ] GC(1503)   Post Evacuate Collection Set: 0.91ms
[645.429s][info][gc,phases      ] GC(1503)   Other: 0.11ms
[645.429s][info][gc,heap        ] GC(1503) Eden regions: 351->0(300)
[645.429s][info][gc,heap        ] GC(1503) Survivor regions: 57->51(51)
[645.429s][info][gc,heap        ] GC(1503) Old regions: 401->464
[645.429s][info][gc,heap        ] GC(1503) Humongous regions: 7->7
[645.429s][info][gc,metaspace   ] GC(1503) Metaspace: 19167K(19328K)->19167K(19328K) NonClass: 17337K(17472K)->17337K(17472K) Class: 1829K(1856K)->1829K(1856K)
[645.429s][info][gc             ] GC(1503) Pause Young (Prepare Mixed) (G1 Evacuation Pause) 815M->521M(978M) 144.025ms
[645.429s][info][gc,cpu         ] GC(1503) User=0.29s Sys=0.00s Real=0.14s
[645.689s][info][gc,start       ] GC(1504) Pause Young (Mixed) (G1 Evacuation Pause)
[645.689s][info][gc,task        ] GC(1504) Using 2 workers of 2 for evacuation
[645.818s][info][gc,phases      ] GC(1504)   Pre Evacuate Collection Set: 0.37ms
[645.818s][info][gc,phases      ] GC(1504)   Merge Heap Roots: 0.48ms
[645.818s][info][gc,phases      ] GC(1504)   Evacuate Collection Set: 127.07ms
[645.818s][info][gc,phases      ] GC(1504)   Post Evacuate Collection Set: 0.72ms
[645.818s][info][gc,phases      ] GC(1504)   Other: 0.09ms
[645.818s][info][gc,heap        ] GC(1504) Eden regions: 300->0(275)
[645.818s][info][gc,heap        ] GC(1504) Survivor regions: 51->43(44)
[645.818s][info][gc,heap        ] GC(1504) Old regions: 464->505
[645.818s][info][gc,heap        ] GC(1504) Humongous regions: 8->8
[645.818s][info][gc,metaspace   ] GC(1504) Metaspace: 19167K(19328K)->19167K(19328K) NonClass: 17337K(17472K)->17337K(17472K) Class: 1829K(1856K)->1829K(1856K)
[645.818s][info][gc             ] GC(1504) Pause Young (Mixed) (G1 Evacuation Pause) 822M->555M(978M) 129.013ms
[645.818s][info][gc,cpu         ] GC(1504) User=0.26s Sys=0.00s Real=0.13s
[646.011s][info][gc,start       ] GC(1505) Pause Young (Concurrent Start) (G1 Evacuation Pause)
[646.011s][info][gc,task        ] GC(1505) Using 2 workers of 2 for evacuation
[646.094s][info][gc,phases      ] GC(1505)   Pre Evacuate Collection Set: 0.38ms
[646.094s][info][gc,phases      ] GC(1505)   Merge Heap Roots: 0.32ms
[646.094s][info][gc,phases      ] GC(1505)   Evacuate Collection Set: 80.98ms
[646.094s][info][gc,phases      ] GC(1505)   Post Evacuate Collection Set: 0.61ms
[646.094s][info][gc,phases      ] GC(1505)   Other: 0.21ms
[646.094s][info][gc,heap        ] GC(1505) Eden regions: 275->0(272)
[646.094s][info][gc,heap        ] GC(1505) Survivor regions: 43->21(40)
[646.094s][info][gc,heap        ] GC(1505) Old regions: 505->548
[646.094s][info][gc,heap        ] GC(1505) Humongous regions: 8->8
[646.094s][info][gc,metaspace   ] GC(1505) Metaspace: 19167K(19328K)->19167K(19328K) NonClass: 17337K(17472K)->17337K(17472K) Class: 1829K(1856K)->1829K(1856K)
[646.094s][info][gc             ] GC(1505) Pause Young (Concurrent Start) (G1 Evacuation Pause) 830M->576M(978M) 82.797ms
[646.094s][info][gc,cpu         ] GC(1505) User=0.17s Sys=0.00s Real=0.08s
[646.094s][info][gc             ] GC(1506) Concurrent Mark Cycle
[646.096s][info][gc,marking     ] GC(1506) Concurrent Scan Root Regions
[646.229s][info][gc,marking     ] GC(1506) Concurrent Scan Root Regions 132.736ms
[646.229s][info][gc,marking     ] GC(1506) Concurrent Mark
[646.229s][info][gc,marking     ] GC(1506) Concurrent Mark From Roots
[646.229s][info][gc,task        ] GC(1506) Using 1 workers of 1 for marking
[646.508s][info][gc,start       ] GC(1507) Pause Young (Normal) (G1 Evacuation Pause)
[646.508s][info][gc,task        ] GC(1507) Using 2 workers of 2 for evacuation
[646.556s][info][gc,phases      ] GC(1507)   Pre Evacuate Collection Set: 0.55ms
[646.556s][info][gc,phases      ] GC(1507)   Merge Heap Roots: 0.32ms
[646.556s][info][gc,phases      ] GC(1507)   Evacuate Collection Set: 46.94ms
[646.556s][info][gc,phases      ] GC(1507)   Post Evacuate Collection Set: 0.59ms
[646.556s][info][gc,phases      ] GC(1507)   Other: 0.11ms
[646.556s][info][gc,heap        ] GC(1507) Eden regions: 272->0(276)
[646.556s][info][gc,heap        ] GC(1507) Survivor regions: 21->14(37)
[646.556s][info][gc,heap        ] GC(1507) Old regions: 548->569
[646.556s][info][gc,heap        ] GC(1507) Humongous regions: 8->8
[646.556s][info][gc,metaspace   ] GC(1507) Metaspace: 19167K(19328K)->19167K(19328K) NonClass: 17337K(17472K)->17337K(17472K) Class: 1829K(1856K)->1829K(1856K)
[646.556s][info][gc             ] GC(1507) Pause Young (Normal) (G1 Evacuation Pause) 848M->589M(978M) 48.758ms
[646.556s][info][gc,cpu         ] GC(1507) User=0.09s Sys=0.00s Real=0.05s
[647.204s][info][gc,start       ] GC(1508) Pause Young (Normal) (G1 Evacuation Pause)
[647.204s][info][gc,task        ] GC(1508) Using 2 workers of 2 for evacuation
[647.255s][info][gc,phases      ] GC(1508)   Pre Evacuate Collection Set: 0.55ms
[647.255s][info][gc,phases      ] GC(1508)   Merge Heap Roots: 0.29ms
[647.255s][info][gc,phases      ] GC(1508)   Evacuate Collection Set: 48.80ms
[647.255s][info][gc,phases      ] GC(1508)   Post Evacuate Collection Set: 0.62ms
[647.255s][info][gc,phases      ] GC(1508)   Other: 0.12ms
[647.255s][info][gc,heap        ] GC(1508) Eden regions: 276->0(263)
[647.255s][info][gc,heap        ] GC(1508) Survivor regions: 14->37(37)
[647.255s][info][gc,heap        ] GC(1508) Old regions: 569->569
[647.255s][info][gc,heap        ] GC(1508) Humongous regions: 8->8
[647.255s][info][gc,metaspace   ] GC(1508) Metaspace: 19167K(19328K)->19167K(19328K) NonClass: 17337K(17472K)->17337K(17472K) Class: 1829K(1856K)->1829K(1856K)
[647.255s][info][gc             ] GC(1508) Pause Young (Normal) (G1 Evacuation Pause) 865M->613M(978M) 50.640ms
[647.255s][info][gc,cpu         ] GC(1508) User=0.10s Sys=0.00s Real=0.05s
[647.361s][info][gc,marking     ] GC(1506) Concurrent Mark From Roots 1131.857ms
[647.361s][info][gc,marking     ] GC(1506) Concurrent Preclean
[647.361s][info][gc,marking     ] GC(1506) Concurrent Preclean 0.051ms
[647.361s][info][gc,start       ] GC(1506) Pause Remark
[647.370s][info][gc             ] GC(1506) Pause Remark 634M->557M(978M) 9.016ms
[647.371s][info][gc,cpu         ] GC(1506) User=0.02s Sys=0.00s Real=0.01s
[647.371s][info][gc,marking     ] GC(1506) Concurrent Mark 1141.269ms
[647.371s][info][gc,marking     ] GC(1506) Concurrent Rebuild Remembered Sets and Scrub Regions
[647.750s][info][gc,marking     ] GC(1506) Concurrent Rebuild Remembered Sets and Scrub Regions 379.584ms
[647.750s][info][gc,start       ] GC(1506) Pause Cleanup
[647.751s][info][gc             ] GC(1506) Pause Cleanup 629M->629M(978M) 0.178ms
[647.751s][info][gc,cpu         ] GC(1506) User=0.00s Sys=0.00s Real=0.01s
[647.751s][info][gc,marking     ] GC(1506) Concurrent Clear Claimed Marks
[647.751s][info][gc,marking     ] GC(1506) Concurrent Clear Claimed Marks 0.032ms
[647.751s][info][gc,marking     ] GC(1506) Concurrent Cleanup for Next Mark
[647.754s][info][gc,marking     ] GC(1506) Concurrent Cleanup for Next Mark 3.016ms
[647.754s][info][gc             ] GC(1506) Concurrent Mark Cycle 1659.841ms
[647.987s][info][gc,start       ] GC(1509) Pause Young (Prepare Mixed) (G1 Evacuation Pause)
[647.987s][info][gc,task        ] GC(1509) Using 2 workers of 2 for evacuation
[648.066s][info][gc,phases      ] GC(1509)   Pre Evacuate Collection Set: 0.56ms
[648.066s][info][gc,phases      ] GC(1509)   Merge Heap Roots: 0.52ms
[648.066s][info][gc,phases      ] GC(1509)   Evacuate Collection Set: 77.26ms
[648.066s][info][gc,phases      ] GC(1509)   Post Evacuate Collection Set: 0.63ms
[648.066s][info][gc,phases      ] GC(1509)   Other: 0.10ms
[648.066s][info][gc,heap        ] GC(1509) Eden regions: 263->0(310)
[648.066s][info][gc,heap        ] GC(1509) Survivor regions: 37->23(38)
[648.067s][info][gc,heap        ] GC(1509) Old regions: 495->532
[648.067s][info][gc,heap        ] GC(1509) Humongous regions: 5->5
[648.067s][info][gc,metaspace   ] GC(1509) Metaspace: 19167K(19328K)->19167K(19328K) NonClass: 17337K(17472K)->17337K(17472K) Class: 1829K(1856K)->1829K(1856K)
[648.067s][info][gc             ] GC(1509) Pause Young (Prepare Mixed) (G1 Evacuation Pause) 799M->559M(978M) 79.364ms
[648.067s][info][gc,cpu         ] GC(1509) User=0.16s Sys=0.00s Real=0.08s
[648.483s][info][gc,start       ] GC(1510) Pause Young (Mixed) (G1 Evacuation Pause)
[648.483s][info][gc,task        ] GC(1510) Using 2 workers of 2 for evacuation
[648.605s][info][gc,phases      ] GC(1510)   Pre Evacuate Collection Set: 0.37ms
[648.605s][info][gc,phases      ] GC(1510)   Merge Heap Roots: 0.35ms
[648.605s][info][gc,phases      ] GC(1510)   Evacuate Collection Set: 118.90ms
[648.605s][info][gc,phases      ] GC(1510)   Post Evacuate Collection Set: 1.95ms
[648.605s][info][gc,phases      ] GC(1510)   Other: 0.13ms
[648.605s][info][gc,heap        ] GC(1510) Eden regions: 310->0(271)
[648.605s][info][gc,heap        ] GC(1510) Survivor regions: 23->42(42)
[648.605s][info][gc,heap        ] GC(1510) Old regions: 532->524
[648.605s][info][gc,heap        ] GC(1510) Humongous regions: 5->5
[648.605s][info][gc,metaspace   ] GC(1510) Metaspace: 19167K(19328K)->19167K(19328K) NonClass: 17337K(17472K)->17337K(17472K) Class: 1829K(1856K)->1829K(1856K)
[648.605s][info][gc             ] GC(1510) Pause Young (Mixed) (G1 Evacuation Pause) (Evacuation Failure: Allocation) 869M->570M(978M) 121.969ms
[648.605s][info][gc,cpu         ] GC(1510) User=0.24s Sys=0.00s Real=0.12s
[648.815s][info][gc,start       ] GC(1511) Pause Young (Concurrent Start) (G1 Humongous Allocation)
[648.816s][info][gc,task        ] GC(1511) Using 2 workers of 2 for evacuation
[648.882s][info][gc,phases      ] GC(1511)   Pre Evacuate Collection Set: 0.33ms
[648.882s][info][gc,phases      ] GC(1511)   Merge Heap Roots: 0.41ms
[648.883s][info][gc,phases      ] GC(1511)   Evacuate Collection Set: 65.40ms
[648.883s][info][gc,phases      ] GC(1511)   Post Evacuate Collection Set: 0.66ms
[648.883s][info][gc,phases      ] GC(1511)   Other: 0.12ms
[648.883s][info][gc,heap        ] GC(1511) Eden regions: 148->0(297)
[648.883s][info][gc,heap        ] GC(1511) Survivor regions: 42->9(40)
[648.883s][info][gc,heap        ] GC(1511) Old regions: 524->547
[648.883s][info][gc,heap        ] GC(1511) Humongous regions: 5->5
[648.883s][info][gc,metaspace   ] GC(1511) Metaspace: 19167K(19328K)->19167K(19328K) NonClass: 17337K(17472K)->17337K(17472K) Class: 1829K(1856K)->1829K(1856K)
[648.883s][info][gc             ] GC(1511) Pause Young (Concurrent Start) (G1 Humongous Allocation) 718M->560M(978M) 67.172ms
[648.883s][info][gc             ] GC(1512) Concurrent Mark Cycle
[648.883s][info][gc,marking     ] GC(1512) Concurrent Scan Root Regions
[648.883s][info][gc,cpu         ] GC(1511) User=0.14s Sys=0.00s Real=0.07s
[648.955s][info][gc,marking     ] GC(1512) Concurrent Scan Root Regions 72.304ms
[648.955s][info][gc,marking     ] GC(1512) Concurrent Mark
[648.955s][info][gc,marking     ] GC(1512) Concurrent Mark From Roots
[648.955s][info][gc,task        ] GC(1512) Using 1 workers of 1 for marking
[649.527s][info][gc,start       ] GC(1513) Pause Young (Normal) (G1 Evacuation Pause)
[649.527s][info][gc,task        ] GC(1513) Using 2 workers of 2 for evacuation
[649.622s][info][gc,phases      ] GC(1513)   Pre Evacuate Collection Set: 0.34ms
[649.622s][info][gc,phases      ] GC(1513)   Merge Heap Roots: 0.38ms
[649.622s][info][gc,phases      ] GC(1513)   Evacuate Collection Set: 93.16ms
[649.622s][info][gc,phases      ] GC(1513)   Post Evacuate Collection Set: 0.74ms
[649.622s][info][gc,phases      ] GC(1513)   Other: 0.12ms
[649.622s][info][gc,heap        ] GC(1513) Eden regions: 297->0(244)
[649.622s][info][gc,heap        ] GC(1513) Survivor regions: 9->39(39)
[649.622s][info][gc,heap        ] GC(1513) Old regions: 547->570
[649.622s][info][gc,heap        ] GC(1513) Humongous regions: 8->8
[649.622s][info][gc,metaspace   ] GC(1513) Metaspace: 19167K(19328K)->19167K(19328K) NonClass: 17337K(17472K)->17337K(17472K) Class: 1829K(1856K)->1829K(1856K)
[649.622s][info][gc             ] GC(1513) Pause Young (Normal) (G1 Evacuation Pause) 860M->616M(978M) 95.025ms
[649.622s][info][gc,cpu         ] GC(1513) User=0.19s Sys=0.00s Real=0.10s
[650.006s][info][gc,start       ] GC(1514) Pause Young (Normal) (G1 Evacuation Pause)
[650.006s][info][gc,task        ] GC(1514) Using 2 workers of 2 for evacuation
[650.084s][info][gc,phases      ] GC(1514)   Pre Evacuate Collection Set: 0.53ms
[650.084s][info][gc,phases      ] GC(1514)   Merge Heap Roots: 0.77ms
[650.084s][info][gc,phases      ] GC(1514)   Evacuate Collection Set: 76.67ms
[650.084s][info][gc,phases      ] GC(1514)   Post Evacuate Collection Set: 0.54ms
[650.084s][info][gc,phases      ] GC(1514)   Other: 0.09ms
[650.084s][info][gc,heap        ] GC(1514) Eden regions: 244->0(260)
[650.084s][info][gc,heap        ] GC(1514) Survivor regions: 39->3(36)
[650.084s][info][gc,heap        ] GC(1514) Old regions: 570->610
[650.084s][info][gc,heap        ] GC(1514) Humongous regions: 8->8
[650.084s][info][gc,metaspace   ] GC(1514) Metaspace: 19167K(19328K)->19167K(19328K) NonClass: 17337K(17472K)->17337K(17472K) Class: 1829K(1856K)->1829K(1856K)
[650.084s][info][gc             ] GC(1514) Pause Young (Normal) (G1 Evacuation Pause) 860M->619M(978M) 78.900ms
[650.084s][info][gc,cpu         ] GC(1514) User=0.15s Sys=0.00s Real=0.08s
[650.418s][info][gc,marking     ] GC(1512) Concurrent Mark From Roots 1462.726ms
[650.418s][info][gc,marking     ] GC(1512) Concurrent Preclean
[650.418s][info][gc,marking     ] GC(1512) Concurrent Preclean 0.047ms
[650.419s][info][gc,start       ] GC(1512) Pause Remark
[650.428s][info][gc             ] GC(1512) Pause Remark 783M->740M(978M) 9.006ms
[650.428s][info][gc,cpu         ] GC(1512) User=0.02s Sys=0.00s Real=0.01s
[650.428s][info][gc,marking     ] GC(1512) Concurrent Mark 1472.759ms
[650.428s][info][gc,marking     ] GC(1512) Concurrent Rebuild Remembered Sets and Scrub Regions
[650.670s][info][gc,start       ] GC(1515) Pause Young (Normal) (G1 Evacuation Pause)
[650.670s][info][gc,task        ] GC(1515) Using 2 workers of 2 for evacuation
[650.712s][info][gc,phases      ] GC(1515)   Pre Evacuate Collection Set: 0.33ms
[650.712s][info][gc,phases      ] GC(1515)   Merge Heap Roots: 0.33ms
[650.712s][info][gc,phases      ] GC(1515)   Evacuate Collection Set: 40.79ms
[650.712s][info][gc,phases      ] GC(1515)   Post Evacuate Collection Set: 0.54ms
[650.712s][info][gc,phases      ] GC(1515)   Other: 0.12ms
[650.712s][info][gc,heap        ] GC(1515) Eden regions: 260->0(274)
[650.712s][info][gc,heap        ] GC(1515) Survivor regions: 3->28(33)
[650.712s][info][gc,heap        ] GC(1515) Old regions: 568->568
[650.712s][info][gc,heap        ] GC(1515) Humongous regions: 7->7
[650.712s][info][gc,metaspace   ] GC(1515) Metaspace: 19167K(19328K)->19167K(19328K) NonClass: 17337K(17472K)->17337K(17472K) Class: 1829K(1856K)->1829K(1856K)
[650.712s][info][gc             ] GC(1515) Pause Young (Normal) (G1 Evacuation Pause) 836M->601M(978M) 42.352ms
[650.712s][info][gc,cpu         ] GC(1515) User=0.08s Sys=0.00s Real=0.05s
[651.125s][info][gc,start       ] GC(1516) Pause Young (Normal) (G1 Evacuation Pause)
[651.125s][info][gc,task        ] GC(1516) Using 2 workers of 2 for evacuation
[651.257s][info][gc,phases      ] GC(1516)   Pre Evacuate Collection Set: 0.53ms
[651.257s][info][gc,phases      ] GC(1516)   Merge Heap Roots: 0.41ms
[651.257s][info][gc,phases      ] GC(1516)   Evacuate Collection Set: 125.93ms
[651.257s][info][gc,phases      ] GC(1516)   Post Evacuate Collection Set: 5.14ms
[651.257s][info][gc,phases      ] GC(1516)   Other: 0.11ms
[651.257s][info][gc,heap        ] GC(1516) Eden regions: 274->0(157)
[651.257s][info][gc,heap        ] GC(1516) Survivor regions: 28->38(38)
[651.257s][info][gc,heap        ] GC(1516) Old regions: 568->688
[651.257s][info][gc,heap        ] GC(1516) Humongous regions: 7->7
[651.257s][info][gc,metaspace   ] GC(1516) Metaspace: 19167K(19328K)->19167K(19328K) NonClass: 17337K(17472K)->17337K(17472K) Class: 1829K(1856K)->1829K(1856K)
[651.257s][info][gc             ] GC(1516) Pause Young (Normal) (G1 Evacuation Pause) (Evacuation Failure: Allocation) 875M->732M(978M) 132.416ms
[651.257s][info][gc,cpu         ] GC(1516) User=0.26s Sys=0.00s Real=0.13s
[651.258s][info][gc,marking     ] GC(1512) Concurrent Rebuild Remembered Sets and Scrub Regions 830.179ms
[651.259s][info][gc,start       ] GC(1512) Pause Cleanup
[651.259s][info][gc             ] GC(1512) Pause Cleanup 733M->733M(978M) 0.141ms
[651.259s][info][gc,cpu         ] GC(1512) User=0.00s Sys=0.00s Real=0.00s
[651.259s][info][gc,marking     ] GC(1512) Concurrent Clear Claimed Marks
[651.259s][info][gc,marking     ] GC(1512) Concurrent Clear Claimed Marks 0.043ms
[651.259s][info][gc,marking     ] GC(1512) Concurrent Cleanup for Next Mark
[651.264s][info][gc,marking     ] GC(1512) Concurrent Cleanup for Next Mark 4.982ms
[651.264s][info][gc             ] GC(1512) Concurrent Mark Cycle 2381.225ms
[651.527s][info][gc,start       ] GC(1517) Pause Young (Prepare Mixed) (G1 Evacuation Pause)
[651.527s][info][gc,task        ] GC(1517) Using 2 workers of 2 for evacuation
[651.641s][info][gc,phases      ] GC(1517)   Pre Evacuate Collection Set: 0.57ms
[651.641s][info][gc,phases      ] GC(1517)   Merge Heap Roots: 0.51ms
[651.641s][info][gc,phases      ] GC(1517)   Evacuate Collection Set: 112.08ms
[651.641s][info][gc,phases      ] GC(1517)   Post Evacuate Collection Set: 0.70ms
[651.641s][info][gc,phases      ] GC(1517)   Other: 0.11ms
[651.641s][info][gc,heap        ] GC(1517) Eden regions: 157->0(166)
[651.641s][info][gc,heap        ] GC(1517) Survivor regions: 38->25(25)
[651.641s][info][gc,heap        ] GC(1517) Old regions: 688->687
[651.641s][info][gc,heap        ] GC(1517) Humongous regions: 10->10
[651.641s][info][gc,metaspace   ] GC(1517) Metaspace: 19167K(19328K)->19167K(19328K) NonClass: 17337K(17472K)->17337K(17472K) Class: 1829K(1856K)->1829K(1856K)
[651.641s][info][gc             ] GC(1517) Pause Young (Prepare Mixed) (G1 Evacuation Pause) 892M->721M(978M) 114.255ms
[651.641s][info][gc,cpu         ] GC(1517) User=0.22s Sys=0.00s Real=0.12s
[651.837s][info][gc,start       ] GC(1518) Pause Young (Mixed) (G1 Evacuation Pause)
[651.838s][info][gc,task        ] GC(1518) Using 2 workers of 2 for evacuation
[651.965s][info][gc,phases      ] GC(1518)   Pre Evacuate Collection Set: 0.56ms
[651.966s][info][gc,phases      ] GC(1518)   Merge Heap Roots: 0.91ms
[651.966s][info][gc,phases      ] GC(1518)   Evacuate Collection Set: 125.79ms
[651.966s][info][gc,phases      ] GC(1518)   Post Evacuate Collection Set: 0.54ms
[651.966s][info][gc,phases      ] GC(1518)   Other: 0.12ms
[651.966s][info][gc,heap        ] GC(1518) Eden regions: 166->0(168)
[651.966s][info][gc,heap        ] GC(1518) Survivor regions: 25->24(24)
[651.966s][info][gc,heap        ] GC(1518) Old regions: 687->684
[651.966s][info][gc,heap        ] GC(1518) Humongous regions: 10->10
[651.966s][info][gc,metaspace   ] GC(1518) Metaspace: 19167K(19328K)->19167K(19328K) NonClass: 17337K(17472K)->17337K(17472K) Class: 1829K(1856K)->1829K(1856K)
[651.966s][info][gc             ] GC(1518) Pause Young (Mixed) (G1 Evacuation Pause) 887M->717M(978M) 128.217ms
[651.966s][info][gc,cpu         ] GC(1518) User=0.25s Sys=0.00s Real=0.13s
[652.123s][info][gc,start       ] GC(1519) Pause Young (Concurrent Start) (G1 Evacuation Pause)
[652.123s][info][gc,task        ] GC(1519) Using 2 workers of 2 for evacuation
[652.158s][info][gc,phases      ] GC(1519)   Pre Evacuate Collection Set: 0.33ms
[652.158s][info][gc,phases      ] GC(1519)   Merge Heap Roots: 0.17ms
[652.158s][info][gc,phases      ] GC(1519)   Evacuate Collection Set: 34.57ms
[652.158s][info][gc,phases      ] GC(1519)   Post Evacuate Collection Set: 0.42ms
[652.158s][info][gc,phases      ] GC(1519)   Other: 0.10ms
[652.158s][info][gc,heap        ] GC(1519) Eden regions: 168->0(176)
[652.158s][info][gc,heap        ] GC(1519) Survivor regions: 24->6(24)
[652.158s][info][gc,heap        ] GC(1519) Old regions: 684->708
[652.158s][info][gc,heap        ] GC(1519) Humongous regions: 10->10
[652.158s][info][gc,metaspace   ] GC(1519) Metaspace: 19167K(19328K)->19167K(19328K) NonClass: 17337K(17472K)->17337K(17472K) Class: 1829K(1856K)->1829K(1856K)
[652.158s][info][gc             ] GC(1519) Pause Young (Concurrent Start) (G1 Evacuation Pause) 885M->723M(978M) 35.853ms
[652.159s][info][gc             ] GC(1520) Concurrent Mark Cycle
[652.159s][info][gc,marking     ] GC(1520) Concurrent Scan Root Regions
[652.159s][info][gc,cpu         ] GC(1519) User=0.07s Sys=0.00s Real=0.03s
[652.222s][info][gc,marking     ] GC(1520) Concurrent Scan Root Regions 63.127ms
[652.222s][info][gc,marking     ] GC(1520) Concurrent Mark
[652.222s][info][gc,marking     ] GC(1520) Concurrent Mark From Roots
[652.222s][info][gc,task        ] GC(1520) Using 1 workers of 1 for marking
[652.510s][info][gc,start       ] GC(1521) Pause Young (Normal) (G1 Evacuation Pause)
[652.510s][info][gc,task        ] GC(1521) Using 2 workers of 2 for evacuation
[652.531s][info][gc,phases      ] GC(1521)   Pre Evacuate Collection Set: 0.54ms
[652.531s][info][gc,phases      ] GC(1521)   Merge Heap Roots: 0.45ms
[652.531s][info][gc,phases      ] GC(1521)   Evacuate Collection Set: 19.69ms
[652.531s][info][gc,phases      ] GC(1521)   Post Evacuate Collection Set: 0.44ms
[652.531s][info][gc,phases      ] GC(1521)   Other: 0.09ms
[652.531s][info][gc,heap        ] GC(1521) Eden regions: 176->0(184)
[652.531s][info][gc,heap        ] GC(1521) Survivor regions: 6->10(23)
[652.531s][info][gc,heap        ] GC(1521) Old regions: 708->708
[652.531s][info][gc,heap        ] GC(1521) Humongous regions: 10->10
[652.531s][info][gc,metaspace   ] GC(1521) Metaspace: 19167K(19328K)->19167K(19328K) NonClass: 17337K(17472K)->17337K(17472K) Class: 1829K(1856K)->1829K(1856K)
[652.531s][info][gc             ] GC(1521) Pause Young (Normal) (G1 Evacuation Pause) 899M->727M(978M) 21.483ms
[652.531s][info][gc,cpu         ] GC(1521) User=0.04s Sys=0.00s Real=0.03s
[652.988s][info][gc,start       ] GC(1522) Pause Young (Normal) (G1 Evacuation Pause)
[652.989s][info][gc,task        ] GC(1522) Using 2 workers of 2 for evacuation
[653.016s][info][gc,phases      ] GC(1522)   Pre Evacuate Collection Set: 0.31ms
[653.016s][info][gc,phases      ] GC(1522)   Merge Heap Roots: 0.19ms
[653.016s][info][gc,phases      ] GC(1522)   Evacuate Collection Set: 26.45ms
[653.016s][info][gc,phases      ] GC(1522)   Post Evacuate Collection Set: 0.41ms
[653.016s][info][gc,phases      ] GC(1522)   Other: 0.08ms
[653.016s][info][gc,heap        ] GC(1522) Eden regions: 184->0(168)
[653.016s][info][gc,heap        ] GC(1522) Survivor regions: 10->21(25)
[653.016s][info][gc,heap        ] GC(1522) Old regions: 708->708
[653.016s][info][gc,heap        ] GC(1522) Humongous regions: 10->10
[653.016s][info][gc,metaspace   ] GC(1522) Metaspace: 19167K(19328K)->19167K(19328K) NonClass: 17337K(17472K)->17337K(17472K) Class: 1829K(1856K)->1829K(1856K)
[653.016s][info][gc             ] GC(1522) Pause Young (Normal) (G1 Evacuation Pause) 911M->738M(978M) 27.654ms
[653.016s][info][gc,cpu         ] GC(1522) User=0.05s Sys=0.00s Real=0.03s
[653.530s][info][gc,start       ] GC(1523) Pause Young (Normal) (G1 Evacuation Pause)
[653.530s][info][gc,task        ] GC(1523) Using 2 workers of 2 for evacuation
[653.579s][info][gc,phases      ] GC(1523)   Pre Evacuate Collection Set: 0.32ms
[653.579s][info][gc,phases      ] GC(1523)   Merge Heap Roots: 0.30ms
[653.579s][info][gc,phases      ] GC(1523)   Evacuate Collection Set: 47.89ms
[653.579s][info][gc,phases      ] GC(1523)   Post Evacuate Collection Set: 0.45ms
[653.579s][info][gc,phases      ] GC(1523)   Other: 0.08ms
[653.579s][info][gc,heap        ] GC(1523) Eden regions: 168->0(148)
[653.579s][info][gc,heap        ] GC(1523) Survivor regions: 21->24(24)
[653.579s][info][gc,heap        ] GC(1523) Old regions: 708->722
[653.579s][info][gc,heap        ] GC(1523) Humongous regions: 10->10
[653.579s][info][gc,metaspace   ] GC(1523) Metaspace: 19167K(19328K)->19167K(19328K) NonClass: 17337K(17472K)->17337K(17472K) Class: 1829K(1856K)->1829K(1856K)
[653.579s][info][gc             ] GC(1523) Pause Young (Normal) (G1 Evacuation Pause) 906M->755M(978M) 49.295ms
[653.579s][info][gc,cpu         ] GC(1523) User=0.10s Sys=0.00s Real=0.05s
[654.052s][info][gc,marking     ] GC(1520) Concurrent Mark From Roots 1830.475ms
[654.052s][info][gc,marking     ] GC(1520) Concurrent Preclean
[654.052s][info][gc,marking     ] GC(1520) Concurrent Preclean 0.054ms
[654.053s][info][gc,start       ] GC(1520) Pause Remark
[654.062s][info][gc             ] GC(1520) Pause Remark 871M->729M(978M) 9.085ms
[654.062s][info][gc,cpu         ] GC(1520) User=0.01s Sys=0.00s Real=0.01s
[654.062s][info][gc,marking     ] GC(1520) Concurrent Mark 1839.981ms
[654.062s][info][gc,marking     ] GC(1520) Concurrent Rebuild Remembered Sets and Scrub Regions
[654.214s][info][gc,start       ] GC(1524) Pause Young (Normal) (G1 Evacuation Pause)
[654.214s][info][gc,task        ] GC(1524) Using 2 workers of 2 for evacuation
[654.243s][info][gc,phases      ] GC(1524)   Pre Evacuate Collection Set: 0.35ms
[654.243s][info][gc,phases      ] GC(1524)   Merge Heap Roots: 0.17ms
[654.243s][info][gc,phases      ] GC(1524)   Evacuate Collection Set: 28.26ms
[654.243s][info][gc,phases      ] GC(1524)   Post Evacuate Collection Set: 0.40ms
[654.243s][info][gc,phases      ] GC(1524)   Other: 0.10ms
[654.243s][info][gc,heap        ] GC(1524) Eden regions: 148->0(278)
[654.243s][info][gc,heap        ] GC(1524) Survivor regions: 24->1(22)
[654.243s][info][gc,heap        ] GC(1524) Old regions: 584->608
[654.243s][info][gc,heap        ] GC(1524) Humongous regions: 6->6
[654.243s][info][gc,metaspace   ] GC(1524) Metaspace: 19167K(19328K)->19167K(19328K) NonClass: 17337K(17472K)->17337K(17472K) Class: 1829K(1856K)->1829K(1856K)
[654.243s][info][gc             ] GC(1524) Pause Young (Normal) (G1 Evacuation Pause) 761M->614M(978M) 29.532ms
[654.243s][info][gc,cpu         ] GC(1524) User=0.05s Sys=0.00s Real=0.03s
[654.664s][info][gc,marking     ] GC(1520) Concurrent Rebuild Remembered Sets and Scrub Regions 601.817ms
[654.664s][info][gc,start       ] GC(1520) Pause Cleanup
[654.664s][info][gc             ] GC(1520) Pause Cleanup 720M->720M(978M) 0.106ms
[654.664s][info][gc,cpu         ] GC(1520) User=0.00s Sys=0.00s Real=0.00s
[654.664s][info][gc,marking     ] GC(1520) Concurrent Clear Claimed Marks
[654.664s][info][gc,marking     ] GC(1520) Concurrent Clear Claimed Marks 0.032ms
[654.664s][info][gc,marking     ] GC(1520) Concurrent Cleanup for Next Mark
[654.667s][info][gc,marking     ] GC(1520) Concurrent Cleanup for Next Mark 2.934ms
[654.667s][info][gc             ] GC(1520) Concurrent Mark Cycle 2508.426ms
[655.087s][info][gc,start       ] GC(1525) Pause Young (Prepare Mixed) (G1 Evacuation Pause)
[655.087s][info][gc,task        ] GC(1525) Using 2 workers of 2 for evacuation
[655.090s][info][gc,phases      ] GC(1525)   Pre Evacuate Collection Set: 0.54ms
[655.090s][info][gc,phases      ] GC(1525)   Merge Heap Roots: 0.14ms
[655.090s][info][gc,phases      ] GC(1525)   Evacuate Collection Set: 1.23ms
[655.090s][info][gc,phases      ] GC(1525)   Post Evacuate Collection Set: 0.64ms
[655.090s][info][gc,phases      ] GC(1525)   Other: 0.13ms
[655.090s][info][gc,heap        ] GC(1525) Eden regions: 278->0(292)
[655.090s][info][gc,heap        ] GC(1525) Survivor regions: 1->1(35)
[655.090s][info][gc,heap        ] GC(1525) Old regions: 608->608
[655.090s][info][gc,heap        ] GC(1525) Humongous regions: 6->6
[655.090s][info][gc,metaspace   ] GC(1525) Metaspace: 19167K(19328K)->19167K(19328K) NonClass: 17337K(17472K)->17337K(17472K) Class: 1829K(1856K)->1829K(1856K)
[655.090s][info][gc             ] GC(1525) Pause Young (Prepare Mixed) (G1 Evacuation Pause) 892M->614M(978M) 2.939ms
[655.090s][info][gc,cpu         ] GC(1525) User=0.01s Sys=0.00s Real=0.00s
[655.654s][info][gc,start       ] GC(1526) Pause Young (Mixed) (G1 Evacuation Pause)
[655.654s][info][gc,task        ] GC(1526) Using 2 workers of 2 for evacuation
[655.699s][info][gc,phases      ] GC(1526)   Pre Evacuate Collection Set: 0.52ms
[655.699s][info][gc,phases      ] GC(1526)   Merge Heap Roots: 0.52ms
[655.699s][info][gc,phases      ] GC(1526)   Evacuate Collection Set: 43.47ms
[655.699s][info][gc,phases      ] GC(1526)   Post Evacuate Collection Set: 0.65ms
[655.699s][info][gc,phases      ] GC(1526)   Other: 0.09ms
[655.699s][info][gc,heap        ] GC(1526) Eden regions: 292->0(263)
[655.699s][info][gc,heap        ] GC(1526) Survivor regions: 1->34(37)
[655.699s][info][gc,heap        ] GC(1526) Old regions: 608->591
[655.699s][info][gc,heap        ] GC(1526) Humongous regions: 6->6
[655.699s][info][gc,metaspace   ] GC(1526) Metaspace: 19167K(19328K)->19167K(19328K) NonClass: 17337K(17472K)->17337K(17472K) Class: 1829K(1856K)->1829K(1856K)
[655.699s][info][gc             ] GC(1526) Pause Young (Mixed) (G1 Evacuation Pause) 906M->630M(978M) 45.491ms
[655.699s][info][gc,cpu         ] GC(1526) User=0.08s Sys=0.00s Real=0.04s
[656.045s][info][gc,start       ] GC(1527) Pause Young (Concurrent Start) (G1 Evacuation Pause)
[656.045s][info][gc,task        ] GC(1527) Using 2 workers of 2 for evacuation
[656.121s][info][gc,phases      ] GC(1527)   Pre Evacuate Collection Set: 0.38ms
[656.121s][info][gc,phases      ] GC(1527)   Merge Heap Roots: 0.13ms
[656.121s][info][gc,phases      ] GC(1527)   Evacuate Collection Set: 74.36ms
[656.121s][info][gc,phases      ] GC(1527)   Post Evacuate Collection Set: 0.69ms
[656.121s][info][gc,phases      ] GC(1527)   Other: 0.22ms
[656.121s][info][gc,heap        ] GC(1527) Eden regions: 263->0(214)
[656.121s][info][gc,heap        ] GC(1527) Survivor regions: 34->38(38)
[656.121s][info][gc,heap        ] GC(1527) Old regions: 591->632
[656.121s][info][gc,heap        ] GC(1527) Humongous regions: 6->6
[656.121s][info][gc,metaspace   ] GC(1527) Metaspace: 19167K(19328K)->19167K(19328K) NonClass: 17337K(17472K)->17337K(17472K) Class: 1829K(1856K)->1829K(1856K)
[656.121s][info][gc             ] GC(1527) Pause Young (Concurrent Start) (G1 Evacuation Pause) 893M->675M(978M) 76.046ms
[656.121s][info][gc,cpu         ] GC(1527) User=0.14s Sys=0.01s Real=0.08s
[656.121s][info][gc             ] GC(1528) Concurrent Mark Cycle
[656.121s][info][gc,marking     ] GC(1528) Concurrent Scan Root Regions
[656.207s][info][gc,marking     ] GC(1528) Concurrent Scan Root Regions 86.054ms
[656.208s][info][gc,marking     ] GC(1528) Concurrent Mark
[656.208s][info][gc,marking     ] GC(1528) Concurrent Mark From Roots
[656.208s][info][gc,task        ] GC(1528) Using 1 workers of 1 for marking
[656.599s][info][gc,start       ] GC(1529) Pause Young (Normal) (G1 Evacuation Pause)
[656.599s][info][gc,task        ] GC(1529) Using 2 workers of 2 for evacuation
[656.707s][info][gc,phases      ] GC(1529)   Pre Evacuate Collection Set: 0.34ms
[656.708s][info][gc,phases      ] GC(1529)   Merge Heap Roots: 0.30ms
[656.708s][info][gc,phases      ] GC(1529)   Evacuate Collection Set: 107.43ms
[656.708s][info][gc,phases      ] GC(1529)   Post Evacuate Collection Set: 0.59ms
[656.708s][info][gc,phases      ] GC(1529)   Other: 0.12ms
[656.708s][info][gc,heap        ] GC(1529) Eden regions: 214->0(172)
[656.708s][info][gc,heap        ] GC(1529) Survivor regions: 38->32(32)
[656.708s][info][gc,heap        ] GC(1529) Old regions: 632->683
[656.708s][info][gc,heap        ] GC(1529) Humongous regions: 9->9
[656.708s][info][gc,metaspace   ] GC(1529) Metaspace: 19167K(19328K)->19167K(19328K) NonClass: 17337K(17472K)->17337K(17472K) Class: 1829K(1856K)->1829K(1856K)
[656.708s][info][gc             ] GC(1529) Pause Young (Normal) (G1 Evacuation Pause) 892M->723M(978M) 109.081ms
[656.708s][info][gc,cpu         ] GC(1529) User=0.21s Sys=0.00s Real=0.11s
[657.015s][info][gc,start       ] GC(1530) Pause Young (Normal) (G1 Evacuation Pause)
[657.015s][info][gc,task        ] GC(1530) Using 2 workers of 2 for evacuation
[657.097s][info][gc,phases      ] GC(1530)   Pre Evacuate Collection Set: 0.32ms
[657.097s][info][gc,phases      ] GC(1530)   Merge Heap Roots: 1.13ms
[657.097s][info][gc,phases      ] GC(1530)   Evacuate Collection Set: 79.91ms
[657.097s][info][gc,phases      ] GC(1530)   Post Evacuate Collection Set: 0.47ms
[657.097s][info][gc,phases      ] GC(1530)   Other: 0.11ms
[657.097s][info][gc,heap        ] GC(1530) Eden regions: 172->0(168)
[657.097s][info][gc,heap        ] GC(1530) Survivor regions: 32->16(26)
[657.097s][info][gc,heap        ] GC(1530) Old regions: 683->716
[657.097s][info][gc,heap        ] GC(1530) Humongous regions: 9->9
[657.097s][info][gc,metaspace   ] GC(1530) Metaspace: 19167K(19328K)->19167K(19328K) NonClass: 17337K(17472K)->17337K(17472K) Class: 1829K(1856K)->1829K(1856K)
[657.097s][info][gc             ] GC(1530) Pause Young (Normal) (G1 Evacuation Pause) 895M->739M(978M) 82.188ms
[657.097s][info][gc,cpu         ] GC(1530) User=0.17s Sys=0.00s Real=0.08s
[657.454s][info][gc,start       ] GC(1531) Pause Young (Normal) (G1 Evacuation Pause)
[657.455s][info][gc,task        ] GC(1531) Using 2 workers of 2 for evacuation
[657.481s][info][gc,phases      ] GC(1531)   Pre Evacuate Collection Set: 0.35ms
[657.481s][info][gc,phases      ] GC(1531)   Merge Heap Roots: 0.36ms
[657.481s][info][gc,phases      ] GC(1531)   Evacuate Collection Set: 24.91ms
[657.481s][info][gc,phases      ] GC(1531)   Post Evacuate Collection Set: 0.44ms
[657.481s][info][gc,phases      ] GC(1531)   Other: 0.11ms
[657.481s][info][gc,heap        ] GC(1531) Eden regions: 168->0(176)
[657.481s][info][gc,heap        ] GC(1531) Survivor regions: 16->2(23)
[657.481s][info][gc,heap        ] GC(1531) Old regions: 716->731
[657.481s][info][gc,heap        ] GC(1531) Humongous regions: 9->9
[657.481s][info][gc,metaspace   ] GC(1531) Metaspace: 19167K(19328K)->19167K(19328K) NonClass: 17337K(17472K)->17337K(17472K) Class: 1829K(1856K)->1829K(1856K)
[657.481s][info][gc             ] GC(1531) Pause Young (Normal) (G1 Evacuation Pause) 907M->741M(978M) 26.400ms
[657.481s][info][gc,cpu         ] GC(1531) User=0.05s Sys=0.00s Real=0.03s
[657.754s][info][gc,start       ] GC(1532) Pause Young (Normal) (G1 Evacuation Pause)
[657.754s][info][gc,task        ] GC(1532) Using 2 workers of 2 for evacuation
[657.775s][info][gc,phases      ] GC(1532)   Pre Evacuate Collection Set: 0.54ms
[657.775s][info][gc,phases      ] GC(1532)   Merge Heap Roots: 0.18ms
[657.775s][info][gc,phases      ] GC(1532)   Evacuate Collection Set: 19.55ms
[657.775s][info][gc,phases      ] GC(1532)   Post Evacuate Collection Set: 0.43ms
[657.775s][info][gc,phases      ] GC(1532)   Other: 0.10ms
[657.775s][info][gc,heap        ] GC(1532) Eden regions: 176->0(162)
[657.775s][info][gc,heap        ] GC(1532) Survivor regions: 2->13(23)
[657.775s][info][gc,heap        ] GC(1532) Old regions: 731->731
[657.775s][info][gc,heap        ] GC(1532) Humongous regions: 9->9
[657.775s][info][gc,metaspace   ] GC(1532) Metaspace: 19167K(19328K)->19167K(19328K) NonClass: 17337K(17472K)->17337K(17472K) Class: 1829K(1856K)->1829K(1856K)
[657.775s][info][gc             ] GC(1532) Pause Young (Normal) (G1 Evacuation Pause) 917M->752M(978M) 21.025ms
[657.775s][info][gc,cpu         ] GC(1532) User=0.04s Sys=0.00s Real=0.02s
[658.091s][info][gc,start       ] GC(1533) Pause Young (Normal) (G1 Evacuation Pause)
[658.091s][info][gc,task        ] GC(1533) Using 2 workers of 2 for evacuation
[658.134s][info][gc,phases      ] GC(1533)   Pre Evacuate Collection Set: 0.30ms
[658.134s][info][gc,phases      ] GC(1533)   Merge Heap Roots: 0.15ms
[658.134s][info][gc,phases      ] GC(1533)   Evacuate Collection Set: 41.80ms
[658.134s][info][gc,phases      ] GC(1533)   Post Evacuate Collection Set: 0.45ms
[658.134s][info][gc,phases      ] GC(1533)   Other: 0.12ms
[658.134s][info][gc,heap        ] GC(1533) Eden regions: 162->0(130)
[658.134s][info][gc,heap        ] GC(1533) Survivor regions: 13->22(22)
[658.134s][info][gc,heap        ] GC(1533) Old regions: 731->745
[658.134s][info][gc,heap        ] GC(1533) Humongous regions: 9->9
[658.134s][info][gc,metaspace   ] GC(1533) Metaspace: 19167K(19328K)->19167K(19328K) NonClass: 17337K(17472K)->17337K(17472K) Class: 1829K(1856K)->1829K(1856K)
[658.134s][info][gc             ] GC(1533) Pause Young (Normal) (G1 Evacuation Pause) 914M->775M(978M) 43.106ms
[658.135s][info][gc,cpu         ] GC(1533) User=0.09s Sys=0.00s Real=0.04s
[658.275s][info][gc,start       ] GC(1534) Pause Young (Normal) (G1 Evacuation Pause)
[658.275s][info][gc,task        ] GC(1534) Using 2 workers of 2 for evacuation
[658.333s][info][gc,phases      ] GC(1534)   Pre Evacuate Collection Set: 0.54ms
[658.333s][info][gc,phases      ] GC(1534)   Merge Heap Roots: 0.30ms
[658.333s][info][gc,phases      ] GC(1534)   Evacuate Collection Set: 56.97ms
[658.333s][info][gc,phases      ] GC(1534)   Post Evacuate Collection Set: 0.44ms
[658.333s][info][gc,phases      ] GC(1534)   Other: 0.08ms
[658.333s][info][gc,heap        ] GC(1534) Eden regions: 130->0(107)
[658.334s][info][gc,heap        ] GC(1534) Survivor regions: 22->19(19)
[658.334s][info][gc,heap        ] GC(1534) Old regions: 745->774
[658.334s][info][gc,heap        ] GC(1534) Humongous regions: 9->9
[658.334s][info][gc,metaspace   ] GC(1534) Metaspace: 19167K(19328K)->19167K(19328K) NonClass: 17337K(17472K)->17337K(17472K) Class: 1829K(1856K)->1829K(1856K)
[658.334s][info][gc             ] GC(1534) Pause Young (Normal) (G1 Evacuation Pause) 905M->801M(978M) 58.584ms
[658.334s][info][gc,cpu         ] GC(1534) User=0.11s Sys=0.00s Real=0.06s
[658.538s][info][gc,start       ] GC(1535) Pause Young (Normal) (G1 Evacuation Pause)
[658.538s][info][gc,task        ] GC(1535) Using 2 workers of 2 for evacuation
[658.585s][info][gc,phases      ] GC(1535)   Pre Evacuate Collection Set: 0.32ms
[658.585s][info][gc,phases      ] GC(1535)   Merge Heap Roots: 0.21ms
[658.585s][info][gc,phases      ] GC(1535)   Evacuate Collection Set: 45.97ms
[658.585s][info][gc,phases      ] GC(1535)   Post Evacuate Collection Set: 0.42ms
[658.585s][info][gc,phases      ] GC(1535)   Other: 0.10ms
[658.585s][info][gc,heap        ] GC(1535) Eden regions: 107->0(89)
[658.585s][info][gc,heap        ] GC(1535) Survivor regions: 19->16(16)
[658.585s][info][gc,heap        ] GC(1535) Old regions: 774->798
[658.585s][info][gc,heap        ] GC(1535) Humongous regions: 9->9
[658.585s][info][gc,metaspace   ] GC(1535) Metaspace: 19167K(19328K)->19167K(19328K) NonClass: 17337K(17472K)->17337K(17472K) Class: 1829K(1856K)->1829K(1856K)
[658.585s][info][gc             ] GC(1535) Pause Young (Normal) (G1 Evacuation Pause) 908M->822M(978M) 47.285ms
[658.585s][info][gc,cpu         ] GC(1535) User=0.10s Sys=0.00s Real=0.05s
[658.682s][info][gc,marking     ] GC(1528) Concurrent Mark From Roots 2474.830ms
[658.682s][info][gc,marking     ] GC(1528) Concurrent Preclean
[658.682s][info][gc,marking     ] GC(1528) Concurrent Preclean 0.048ms
[658.683s][info][gc,start       ] GC(1528) Pause Remark
[658.691s][info][gc             ] GC(1528) Pause Remark 885M->875M(978M) 8.699ms
[658.691s][info][gc,cpu         ] GC(1528) User=0.02s Sys=0.00s Real=0.01s
[658.691s][info][gc,marking     ] GC(1528) Concurrent Mark 2483.947ms
[658.691s][info][gc,marking     ] GC(1528) Concurrent Rebuild Remembered Sets and Scrub Regions
[658.730s][info][gc,start       ] GC(1536) Pause Young (Normal) (G1 Evacuation Pause)
[658.730s][info][gc,task        ] GC(1536) Using 2 workers of 2 for evacuation
[658.769s][info][gc,phases      ] GC(1536)   Pre Evacuate Collection Set: 0.51ms
[658.769s][info][gc,phases      ] GC(1536)   Merge Heap Roots: 0.17ms
[658.769s][info][gc,phases      ] GC(1536)   Evacuate Collection Set: 37.71ms
[658.769s][info][gc,phases      ] GC(1536)   Post Evacuate Collection Set: 0.42ms
[658.769s][info][gc,phases      ] GC(1536)   Other: 0.15ms
[658.769s][info][gc,heap        ] GC(1536) Eden regions: 89->0(86)
[658.769s][info][gc,heap        ] GC(1536) Survivor regions: 16->14(14)
[658.769s][info][gc,heap        ] GC(1536) Old regions: 788->805
[658.769s][info][gc,heap        ] GC(1536) Humongous regions: 9->9
[658.769s][info][gc,metaspace   ] GC(1536) Metaspace: 19167K(19328K)->19167K(19328K) NonClass: 17337K(17472K)->17337K(17472K) Class: 1829K(1856K)->1829K(1856K)
[658.770s][info][gc             ] GC(1536) Pause Young (Normal) (G1 Evacuation Pause) 901M->827M(978M) 39.229ms
[658.770s][info][gc,cpu         ] GC(1536) User=0.07s Sys=0.00s Real=0.04s
[658.893s][info][gc,start       ] GC(1537) Pause Young (Normal) (G1 Evacuation Pause)
[658.893s][info][gc,task        ] GC(1537) Using 2 workers of 2 for evacuation
[658.916s][info][gc,phases      ] GC(1537)   Pre Evacuate Collection Set: 0.32ms
[658.916s][info][gc,phases      ] GC(1537)   Merge Heap Roots: 0.17ms
[658.916s][info][gc,phases      ] GC(1537)   Evacuate Collection Set: 22.25ms
[658.916s][info][gc,phases      ] GC(1537)   Post Evacuate Collection Set: 0.33ms
[658.916s][info][gc,phases      ] GC(1537)   Other: 0.08ms
[658.916s][info][gc,heap        ] GC(1537) Eden regions: 86->0(94)
[658.916s][info][gc,heap        ] GC(1537) Survivor regions: 14->3(13)
[658.916s][info][gc,heap        ] GC(1537) Old regions: 805->819
[658.916s][info][gc,heap        ] GC(1537) Humongous regions: 9->9
[658.916s][info][gc,metaspace   ] GC(1537) Metaspace: 19167K(19328K)->19167K(19328K) NonClass: 17337K(17472K)->17337K(17472K) Class: 1829K(1856K)->1829K(1856K)
[658.916s][info][gc             ] GC(1537) Pause Young (Normal) (G1 Evacuation Pause) 913M->830M(978M) 23.376ms
[658.916s][info][gc,cpu         ] GC(1537) User=0.04s Sys=0.00s Real=0.02s
[659.261s][info][gc,start       ] GC(1538) Pause Young (Normal) (G1 Evacuation Pause)
[659.261s][info][gc,task        ] GC(1538) Using 2 workers of 2 for evacuation
[659.270s][info][gc,phases      ] GC(1538)   Pre Evacuate Collection Set: 0.53ms
[659.270s][info][gc,phases      ] GC(1538)   Merge Heap Roots: 0.13ms
[659.270s][info][gc,phases      ] GC(1538)   Evacuate Collection Set: 8.30ms
[659.270s][info][gc,phases      ] GC(1538)   Post Evacuate Collection Set: 0.36ms
[659.270s][info][gc,phases      ] GC(1538)   Other: 0.08ms
[659.270s][info][gc,heap        ] GC(1538) Eden regions: 94->0(88)
[659.270s][info][gc,heap        ] GC(1538) Survivor regions: 3->6(13)
[659.270s][info][gc,heap        ] GC(1538) Old regions: 819->819
[659.270s][info][gc,heap        ] GC(1538) Humongous regions: 9->9
[659.270s][info][gc,metaspace   ] GC(1538) Metaspace: 19167K(19328K)->19167K(19328K) NonClass: 17337K(17472K)->17337K(17472K) Class: 1829K(1856K)->1829K(1856K)
[659.270s][info][gc             ] GC(1538) Pause Young (Normal) (G1 Evacuation Pause) 924M->833M(978M) 9.637ms
[659.270s][info][gc,cpu         ] GC(1538) User=0.02s Sys=0.00s Real=0.00s
[659.586s][info][gc,start       ] GC(1539) Pause Young (Normal) (G1 Evacuation Pause)
[659.586s][info][gc,task        ] GC(1539) Using 2 workers of 2 for evacuation
[659.594s][info][gc,phases      ] GC(1539)   Pre Evacuate Collection Set: 0.33ms
[659.594s][info][gc,phases      ] GC(1539)   Merge Heap Roots: 0.12ms
[659.594s][info][gc,phases      ] GC(1539)   Evacuate Collection Set: 7.02ms
[659.594s][info][gc,phases      ] GC(1539)   Post Evacuate Collection Set: 0.37ms
[659.594s][info][gc,phases      ] GC(1539)   Other: 0.08ms
[659.594s][info][gc,heap        ] GC(1539) Eden regions: 88->0(88)
[659.594s][info][gc,heap        ] GC(1539) Survivor regions: 6->6(12)
[659.594s][info][gc,heap        ] GC(1539) Old regions: 819->819
[659.594s][info][gc,heap        ] GC(1539) Humongous regions: 9->9
[659.594s][info][gc,metaspace   ] GC(1539) Metaspace: 19167K(19328K)->19167K(19328K) NonClass: 17337K(17472K)->17337K(17472K) Class: 1829K(1856K)->1829K(1856K)
[659.594s][info][gc             ] GC(1539) Pause Young (Normal) (G1 Evacuation Pause) 921M->833M(978M) 8.208ms
[659.594s][info][gc,cpu         ] GC(1539) User=0.01s Sys=0.00s Real=0.01s
[659.693s][info][gc,marking     ] GC(1528) Concurrent Rebuild Remembered Sets and Scrub Regions 1001.576ms
[659.693s][info][gc,start       ] GC(1528) Pause Cleanup
[659.693s][info][gc             ] GC(1528) Pause Cleanup 860M->860M(978M) 0.125ms
[659.693s][info][gc,cpu         ] GC(1528) User=0.00s Sys=0.00s Real=0.00s
[659.693s][info][gc,marking     ] GC(1528) Concurrent Clear Claimed Marks
[659.694s][info][gc,marking     ] GC(1528) Concurrent Clear Claimed Marks 0.034ms
[659.694s][info][gc,marking     ] GC(1528) Concurrent Cleanup for Next Mark
[659.696s][info][gc,marking     ] GC(1528) Concurrent Cleanup for Next Mark 2.934ms
[659.696s][info][gc             ] GC(1528) Concurrent Mark Cycle 3575.117ms
[659.799s][info][gc,start       ] GC(1540) Pause Young (Prepare Mixed) (G1 Evacuation Pause)
[659.799s][info][gc,task        ] GC(1540) Using 2 workers of 2 for evacuation
[659.816s][info][gc,phases      ] GC(1540)   Pre Evacuate Collection Set: 0.30ms
[659.816s][info][gc,phases      ] GC(1540)   Merge Heap Roots: 0.13ms
[659.816s][info][gc,phases      ] GC(1540)   Evacuate Collection Set: 15.50ms
[659.816s][info][gc,phases      ] GC(1540)   Post Evacuate Collection Set: 0.41ms
[659.816s][info][gc,phases      ] GC(1540)   Other: 0.12ms
[659.816s][info][gc,heap        ] GC(1540) Eden regions: 88->0(74)
[659.816s][info][gc,heap        ] GC(1540) Survivor regions: 6->12(12)
[659.816s][info][gc,heap        ] GC(1540) Old regions: 819->821
[659.816s][info][gc,heap        ] GC(1540) Humongous regions: 9->9
[659.816s][info][gc,metaspace   ] GC(1540) Metaspace: 19167K(19328K)->19167K(19328K) NonClass: 17337K(17472K)->17337K(17472K) Class: 1829K(1856K)->1829K(1856K)
[659.816s][info][gc             ] GC(1540) Pause Young (Prepare Mixed) (G1 Evacuation Pause) 921M->841M(978M) 16.720ms
[659.816s][info][gc,cpu         ] GC(1540) User=0.03s Sys=0.00s Real=0.02s
[659.892s][info][gc,start       ] GC(1541) Pause Young (Mixed) (G1 Evacuation Pause)
[659.892s][info][gc,task        ] GC(1541) Using 2 workers of 2 for evacuation
[659.916s][info][gc,phases      ] GC(1541)   Pre Evacuate Collection Set: 0.57ms
[659.916s][info][gc,phases      ] GC(1541)   Merge Heap Roots: 0.13ms
[659.916s][info][gc,phases      ] GC(1541)   Evacuate Collection Set: 22.79ms
[659.916s][info][gc,phases      ] GC(1541)   Post Evacuate Collection Set: 0.39ms
[659.916s][info][gc,phases      ] GC(1541)   Other: 0.09ms
[659.916s][info][gc,heap        ] GC(1541) Eden regions: 74->0(83)
[659.916s][info][gc,heap        ] GC(1541) Survivor regions: 12->8(11)
[659.916s][info][gc,heap        ] GC(1541) Old regions: 821->820
[659.916s][info][gc,heap        ] GC(1541) Humongous regions: 9->9
[659.916s][info][gc,metaspace   ] GC(1541) Metaspace: 19167K(19328K)->19167K(19328K) NonClass: 17337K(17472K)->17337K(17472K) Class: 1829K(1856K)->1829K(1856K)
[659.916s][info][gc             ] GC(1541) Pause Young (Mixed) (G1 Evacuation Pause) 915M->836M(978M) 24.234ms
[659.916s][info][gc,cpu         ] GC(1541) User=0.05s Sys=0.00s Real=0.02s
[660.062s][info][gc,start       ] GC(1542) Pause Young (Concurrent Start) (G1 Evacuation Pause)
[660.062s][info][gc,task        ] GC(1542) Using 2 workers of 2 for evacuation
[660.075s][info][gc,phases      ] GC(1542)   Pre Evacuate Collection Set: 0.31ms
[660.075s][info][gc,phases      ] GC(1542)   Merge Heap Roots: 0.12ms
[660.075s][info][gc,phases      ] GC(1542)   Evacuate Collection Set: 12.37ms
[660.075s][info][gc,phases      ] GC(1542)   Post Evacuate Collection Set: 0.40ms
[660.075s][info][gc,phases      ] GC(1542)   Other: 0.10ms
[660.075s][info][gc,heap        ] GC(1542) Eden regions: 83->0(85)
[660.075s][info][gc,heap        ] GC(1542) Survivor regions: 8->3(12)
[660.075s][info][gc,heap        ] GC(1542) Old regions: 820->828
[660.075s][info][gc,heap        ] GC(1542) Humongous regions: 9->9
[660.075s][info][gc,metaspace   ] GC(1542) Metaspace: 19167K(19328K)->19167K(19328K) NonClass: 17337K(17472K)->17337K(17472K) Class: 1829K(1856K)->1829K(1856K)
[660.075s][info][gc             ] GC(1542) Pause Young (Concurrent Start) (G1 Evacuation Pause) 919M->839M(978M) 13.589ms
[660.075s][info][gc,cpu         ] GC(1542) User=0.02s Sys=0.00s Real=0.01s
[660.075s][info][gc             ] GC(1543) Concurrent Mark Cycle
[660.075s][info][gc,marking     ] GC(1543) Concurrent Scan Root Regions
[660.095s][info][gc,marking     ] GC(1543) Concurrent Scan Root Regions 19.531ms
[660.095s][info][gc,marking     ] GC(1543) Concurrent Mark
[660.095s][info][gc,marking     ] GC(1543) Concurrent Mark From Roots
[660.095s][info][gc,task        ] GC(1543) Using 1 workers of 1 for marking
[660.242s][info][gc,start       ] GC(1544) Pause Young (Normal) (G1 Evacuation Pause)
[660.242s][info][gc,task        ] GC(1544) Using 2 workers of 2 for evacuation
[660.268s][info][gc,phases      ] GC(1544)   Pre Evacuate Collection Set: 0.34ms
[660.268s][info][gc,phases      ] GC(1544)   Merge Heap Roots: 0.07ms
[660.268s][info][gc,phases      ] GC(1544)   Evacuate Collection Set: 25.13ms
[660.268s][info][gc,phases      ] GC(1544)   Post Evacuate Collection Set: 0.47ms
[660.268s][info][gc,phases      ] GC(1544)   Other: 0.09ms
[660.268s][info][gc,heap        ] GC(1544) Eden regions: 85->0(53)
[660.268s][info][gc,heap        ] GC(1544) Survivor regions: 3->11(11)
[660.268s][info][gc,heap        ] GC(1544) Old regions: 828->844
[660.268s][info][gc,heap        ] GC(1544) Humongous regions: 9->9
[660.268s][info][gc,metaspace   ] GC(1544) Metaspace: 19167K(19328K)->19167K(19328K) NonClass: 17337K(17472K)->17337K(17472K) Class: 1829K(1856K)->1829K(1856K)
[660.268s][info][gc             ] GC(1544) Pause Young (Normal) (G1 Evacuation Pause) 924M->863M(978M) 26.334ms
[660.268s][info][gc,cpu         ] GC(1544) User=0.05s Sys=0.00s Real=0.02s
[660.371s][info][gc,start       ] GC(1545) Pause Young (Normal) (G1 Evacuation Pause)
[660.371s][info][gc,task        ] GC(1545) Using 2 workers of 2 for evacuation
[660.402s][info][gc,phases      ] GC(1545)   Pre Evacuate Collection Set: 0.32ms
[660.403s][info][gc,phases      ] GC(1545)   Merge Heap Roots: 0.27ms
[660.403s][info][gc,phases      ] GC(1545)   Evacuate Collection Set: 30.53ms
[660.403s][info][gc,phases      ] GC(1545)   Post Evacuate Collection Set: 0.40ms
[660.403s][info][gc,phases      ] GC(1545)   Other: 0.10ms
[660.403s][info][gc,heap        ] GC(1545) Eden regions: 53->0(40)
[660.403s][info][gc,heap        ] GC(1545) Survivor regions: 11->8(8)
[660.403s][info][gc,heap        ] GC(1545) Old regions: 844->863
[660.403s][info][gc,heap        ] GC(1545) Humongous regions: 9->9
[660.403s][info][gc,metaspace   ] GC(1545) Metaspace: 19167K(19328K)->19167K(19328K) NonClass: 17337K(17472K)->17337K(17472K) Class: 1829K(1856K)->1829K(1856K)
[660.403s][info][gc             ] GC(1545) Pause Young (Normal) (G1 Evacuation Pause) 916M->879M(978M) 31.876ms
[660.403s][info][gc,cpu         ] GC(1545) User=0.06s Sys=0.00s Real=0.03s
[660.489s][info][gc,start       ] GC(1546) Pause Young (Normal) (G1 Evacuation Pause)
[660.489s][info][gc,task        ] GC(1546) Using 2 workers of 2 for evacuation
[660.512s][info][gc,phases      ] GC(1546)   Pre Evacuate Collection Set: 0.53ms
[660.512s][info][gc,phases      ] GC(1546)   Merge Heap Roots: 0.13ms
[660.512s][info][gc,phases      ] GC(1546)   Evacuate Collection Set: 21.90ms
[660.512s][info][gc,phases      ] GC(1546)   Post Evacuate Collection Set: 0.40ms
[660.512s][info][gc,phases      ] GC(1546)   Other: 0.10ms
[660.512s][info][gc,heap        ] GC(1546) Eden regions: 40->0(42)
[660.512s][info][gc,heap        ] GC(1546) Survivor regions: 8->6(6)
[660.512s][info][gc,heap        ] GC(1546) Old regions: 863->879
[660.512s][info][gc,heap        ] GC(1546) Humongous regions: 9->9
[660.513s][info][gc,metaspace   ] GC(1546) Metaspace: 19167K(19328K)->19167K(19328K) NonClass: 17337K(17472K)->17337K(17472K) Class: 1829K(1856K)->1829K(1856K)
[660.513s][info][gc             ] GC(1546) Pause Young (Normal) (G1 Evacuation Pause) 919M->893M(978M) 23.332ms
[660.513s][info][gc,cpu         ] GC(1546) User=0.04s Sys=0.00s Real=0.03s
[660.577s][info][gc,start       ] GC(1547) Pause Young (Normal) (G1 Evacuation Pause)
[660.577s][info][gc,task        ] GC(1547) Using 2 workers of 2 for evacuation
[660.602s][info][gc,phases      ] GC(1547)   Pre Evacuate Collection Set: 0.54ms
[660.602s][info][gc,phases      ] GC(1547)   Merge Heap Roots: 0.23ms
[660.602s][info][gc,phases      ] GC(1547)   Evacuate Collection Set: 23.22ms
[660.602s][info][gc,phases      ] GC(1547)   Post Evacuate Collection Set: 0.40ms
[660.602s][info][gc,phases      ] GC(1547)   Other: 0.08ms
[660.602s][info][gc,heap        ] GC(1547) Eden regions: 42->0(42)
[660.602s][info][gc,heap        ] GC(1547) Survivor regions: 6->6(6)
[660.602s][info][gc,heap        ] GC(1547) Old regions: 879->894
[660.602s][info][gc,heap        ] GC(1547) Humongous regions: 9->9
[660.602s][info][gc,metaspace   ] GC(1547) Metaspace: 19167K(19328K)->19167K(19328K) NonClass: 17337K(17472K)->17337K(17472K) Class: 1829K(1856K)->1829K(1856K)
[660.602s][info][gc             ] GC(1547) Pause Young (Normal) (G1 Evacuation Pause) 935M->908M(978M) 24.721ms
[660.602s][info][gc,cpu         ] GC(1547) User=0.04s Sys=0.00s Real=0.03s
[660.753s][info][gc,start       ] GC(1548) Pause Young (Normal) (G1 Evacuation Pause)
[660.753s][info][gc,task        ] GC(1548) Using 2 workers of 2 for evacuation
[660.771s][info][gc,phases      ] GC(1548)   Pre Evacuate Collection Set: 0.55ms
[660.771s][info][gc,phases      ] GC(1548)   Merge Heap Roots: 0.22ms
[660.771s][info][gc,phases      ] GC(1548)   Evacuate Collection Set: 16.99ms
[660.771s][info][gc,phases      ] GC(1548)   Post Evacuate Collection Set: 0.35ms
[660.771s][info][gc,phases      ] GC(1548)   Other: 0.08ms
[660.771s][info][gc,heap        ] GC(1548) Eden regions: 42->0(42)
[660.771s][info][gc,heap        ] GC(1548) Survivor regions: 6->6(6)
[660.771s][info][gc,heap        ] GC(1548) Old regions: 894->901
[660.771s][info][gc,heap        ] GC(1548) Humongous regions: 9->9
[660.771s][info][gc,metaspace   ] GC(1548) Metaspace: 19167K(19328K)->19167K(19328K) NonClass: 17337K(17472K)->17337K(17472K) Class: 1829K(1856K)->1829K(1856K)
[660.771s][info][gc             ] GC(1548) Pause Young (Normal) (G1 Evacuation Pause) 950M->915M(978M) 18.425ms
[660.771s][info][gc,cpu         ] GC(1548) User=0.03s Sys=0.00s Real=0.02s
[660.858s][info][gc,start       ] GC(1549) Pause Young (Normal) (G1 Evacuation Pause)
[660.858s][info][gc,task        ] GC(1549) Using 2 workers of 2 for evacuation
[660.870s][info][gc,phases      ] GC(1549)   Pre Evacuate Collection Set: 0.55ms
[660.870s][info][gc,phases      ] GC(1549)   Merge Heap Roots: 0.14ms
[660.870s][info][gc,phases      ] GC(1549)   Evacuate Collection Set: 11.22ms
[660.870s][info][gc,phases      ] GC(1549)   Post Evacuate Collection Set: 0.34ms
[660.870s][info][gc,phases      ] GC(1549)   Other: 0.08ms
[660.870s][info][gc,heap        ] GC(1549) Eden regions: 42->0(45)
[660.870s][info][gc,heap        ] GC(1549) Survivor regions: 6->3(6)
[660.870s][info][gc,heap        ] GC(1549) Old regions: 901->908
[660.870s][info][gc,heap        ] GC(1549) Humongous regions: 9->9
[660.870s][info][gc,metaspace   ] GC(1549) Metaspace: 19167K(19328K)->19167K(19328K) NonClass: 17337K(17472K)->17337K(17472K) Class: 1829K(1856K)->1829K(1856K)
[660.870s][info][gc             ] GC(1549) Pause Young (Normal) (G1 Evacuation Pause) 957M->918M(978M) 12.583ms
[660.870s][info][gc,cpu         ] GC(1549) User=0.03s Sys=0.00s Real=0.01s
[660.951s][info][gc,start       ] GC(1550) Pause Young (Normal) (G1 Evacuation Pause)
[660.951s][info][gc,task        ] GC(1550) Using 2 workers of 2 for evacuation
[660.958s][info][gc,phases      ] GC(1550)   Pre Evacuate Collection Set: 0.32ms
[660.958s][info][gc,phases      ] GC(1550)   Merge Heap Roots: 0.10ms
[660.958s][info][gc,phases      ] GC(1550)   Evacuate Collection Set: 5.81ms
[660.958s][info][gc,phases      ] GC(1550)   Post Evacuate Collection Set: 0.30ms
[660.958s][info][gc,phases      ] GC(1550)   Other: 0.08ms
[660.958s][info][gc,heap        ] GC(1550) Eden regions: 45->0(45)
[660.958s][info][gc,heap        ] GC(1550) Survivor regions: 3->3(6)
[660.958s][info][gc,heap        ] GC(1550) Old regions: 908->908
[660.958s][info][gc,heap        ] GC(1550) Humongous regions: 9->9
[660.958s][info][gc,metaspace   ] GC(1550) Metaspace: 19167K(19328K)->19167K(19328K) NonClass: 17337K(17472K)->17337K(17472K) Class: 1829K(1856K)->1829K(1856K)
[660.958s][info][gc             ] GC(1550) Pause Young (Normal) (G1 Evacuation Pause) 963M->919M(978M) 6.890ms
[660.958s][info][gc,cpu         ] GC(1550) User=0.01s Sys=0.00s Real=0.00s
[661.079s][info][gc,start       ] GC(1551) Pause Young (Normal) (G1 Evacuation Pause)
[661.079s][info][gc,task        ] GC(1551) Using 2 workers of 2 for evacuation
[661.091s][info][gc,phases      ] GC(1551)   Pre Evacuate Collection Set: 0.31ms
[661.091s][info][gc,phases      ] GC(1551)   Merge Heap Roots: 0.23ms
[661.091s][info][gc,phases      ] GC(1551)   Evacuate Collection Set: 11.29ms
[661.091s][info][gc,phases      ] GC(1551)   Post Evacuate Collection Set: 0.39ms
[661.091s][info][gc,phases      ] GC(1551)   Other: 0.08ms
[661.091s][info][gc,heap        ] GC(1551) Eden regions: 45->0(44)
[661.091s][info][gc,heap        ] GC(1551) Survivor regions: 3->4(6)
[661.091s][info][gc,heap        ] GC(1551) Old regions: 908->908
[661.091s][info][gc,heap        ] GC(1551) Humongous regions: 9->9
[661.091s][info][gc,metaspace   ] GC(1551) Metaspace: 19167K(19328K)->19167K(19328K) NonClass: 17337K(17472K)->17337K(17472K) Class: 1829K(1856K)->1829K(1856K)
[661.092s][info][gc             ] GC(1551) Pause Young (Normal) (G1 Evacuation Pause) 964M->920M(978M) 12.555ms
[661.092s][info][gc,cpu         ] GC(1551) User=0.03s Sys=0.00s Real=0.02s
[661.252s][info][gc,start       ] GC(1552) Pause Young (Normal) (G1 Evacuation Pause)
[661.252s][info][gc,task        ] GC(1552) Using 2 workers of 2 for evacuation
[661.287s][info][gc,phases      ] GC(1552)   Pre Evacuate Collection Set: 0.32ms
[661.287s][info][gc,phases      ] GC(1552)   Merge Heap Roots: 0.30ms
[661.287s][info][gc,phases      ] GC(1552)   Evacuate Collection Set: 31.99ms
[661.287s][info][gc,phases      ] GC(1552)   Post Evacuate Collection Set: 1.95ms
[661.287s][info][gc,phases      ] GC(1552)   Other: 0.12ms
[661.287s][info][gc,heap        ] GC(1552) Eden regions: 44->0(15)
[661.287s][info][gc,heap        ] GC(1552) Survivor regions: 4->6(6)
[661.287s][info][gc,heap        ] GC(1552) Old regions: 908->941
[661.287s][info][gc,heap        ] GC(1552) Humongous regions: 10->10
[661.287s][info][gc,metaspace   ] GC(1552) Metaspace: 19167K(19328K)->19167K(19328K) NonClass: 17337K(17472K)->17337K(17472K) Class: 1829K(1856K)->1829K(1856K)
[661.287s][info][gc             ] GC(1552) Pause Young (Normal) (G1 Evacuation Pause) (Evacuation Failure: Allocation) 965M->956M(978M) 34.947ms
[661.287s][info][gc,cpu         ] GC(1552) User=0.07s Sys=0.00s Real=0.03s
[661.338s][info][gc,start       ] GC(1553) Pause Young (Normal) (G1 Evacuation Pause)
[661.338s][info][gc,task        ] GC(1553) Using 2 workers of 2 for evacuation
[661.385s][info][gc,phases      ] GC(1553)   Pre Evacuate Collection Set: 0.73ms
[661.385s][info][gc,phases      ] GC(1553)   Merge Heap Roots: 0.61ms
[661.385s][info][gc,phases      ] GC(1553)   Evacuate Collection Set: 40.75ms
[661.385s][info][gc,phases      ] GC(1553)   Post Evacuate Collection Set: 4.96ms
[661.385s][info][gc,phases      ] GC(1553)   Other: 0.11ms
[661.385s][info][gc,heap        ] GC(1553) Eden regions: 15->0(1)
[661.385s][info][gc,heap        ] GC(1553) Survivor regions: 6->1(3)
[661.385s][info][gc,heap        ] GC(1553) Old regions: 941->963
[661.385s][info][gc,heap        ] GC(1553) Humongous regions: 12->12
[661.385s][info][gc,metaspace   ] GC(1553) Metaspace: 19167K(19328K)->19167K(19328K) NonClass: 17337K(17472K)->17337K(17472K) Class: 1829K(1856K)->1829K(1856K)
[661.385s][info][gc             ] GC(1553) Pause Young (Normal) (G1 Evacuation Pause) (Evacuation Failure: Allocation) 973M->975M(978M) 47.433ms
[661.385s][info][gc,cpu         ] GC(1553) User=0.09s Sys=0.00s Real=0.05s
[661.392s][info][gc,start       ] GC(1554) Pause Young (Normal) (G1 Evacuation Pause)
[661.393s][info][gc,task        ] GC(1554) Using 2 workers of 2 for evacuation
[661.424s][info][gc,phases      ] GC(1554)   Pre Evacuate Collection Set: 0.36ms
[661.424s][info][gc,phases      ] GC(1554)   Merge Heap Roots: 0.53ms
[661.424s][info][gc,phases      ] GC(1554)   Evacuate Collection Set: 25.99ms
[661.424s][info][gc,phases      ] GC(1554)   Post Evacuate Collection Set: 4.09ms
[661.424s][info][gc,phases      ] GC(1554)   Other: 0.10ms
[661.424s][info][gc,heap        ] GC(1554) Eden regions: 1->0(0)
[661.424s][info][gc,heap        ] GC(1554) Survivor regions: 1->1(1)
[661.424s][info][gc,heap        ] GC(1554) Old regions: 963->964
[661.424s][info][gc,heap        ] GC(1554) Humongous regions: 12->12
[661.424s][info][gc,metaspace   ] GC(1554) Metaspace: 19167K(19328K)->19167K(19328K) NonClass: 17337K(17472K)->17337K(17472K) Class: 1829K(1856K)->1829K(1856K)
[661.424s][info][gc             ] GC(1554) Pause Young (Normal) (G1 Evacuation Pause) (Evacuation Failure: Allocation) 976M->975M(978M) 31.278ms
[661.424s][info][gc,cpu         ] GC(1554) User=0.06s Sys=0.00s Real=0.03s
[661.424s][info][gc,ergo        ] Attempting full compaction
[661.424s][info][gc,start       ] GC(1555) Pause Full (G1 Compaction Pause)
[661.424s][info][gc,task        ] GC(1555) Using 2 workers of 2 for full compaction
[661.425s][info][gc,phases,start] GC(1555) Phase 1: Mark live objects
[661.845s][info][metaspace      ] ChkMgr @0x00007f59a415e580 (non-class-space): : reclaiming memory...
[661.845s][info][metaspace      ] ChkMgr @0x00007f59a415e580 (non-class-space): nothing reclaimed.
[661.845s][info][metaspace      ] ChkMgr @0x00007f59a415c690 (class-space): : reclaiming memory...
[661.845s][info][metaspace      ] ChkMgr @0x00007f59a415c690 (class-space): nothing reclaimed.
[661.845s][info][gc,phases      ] GC(1555) Phase 1: Mark live objects 419.166ms
[661.845s][info][gc,phases,start] GC(1555) Phase 2: Prepare compaction
[661.859s][info][gc,phases      ] GC(1555) Phase 2: Prepare compaction 14.721ms
[661.859s][info][gc,phases,start] GC(1555) Phase 3: Adjust pointers
[662.005s][info][gc,phases      ] GC(1555) Phase 3: Adjust pointers 145.415ms
[662.005s][info][gc,phases,start] GC(1555) Phase 4: Compact heap
[662.023s][info][gc,phases      ] GC(1555) Phase 4: Compact heap 18.473ms
[662.023s][info][gc,phases,start] GC(1555) Phase 5: Reset Metadata
[662.097s][info][gc,phases      ] GC(1555) Phase 5: Reset Metadata 73.895ms
[662.106s][info][gc,heap        ] GC(1555) Eden regions: 0->0(384)
[662.106s][info][gc,heap        ] GC(1555) Survivor regions: 1->0(1)
[662.106s][info][gc,heap        ] GC(1555) Old regions: 964->454
[662.106s][info][gc,heap        ] GC(1555) Humongous regions: 12->6
[662.106s][info][gc,metaspace   ] GC(1555) Metaspace: 19167K(19328K)->19156K(19328K) NonClass: 17337K(17472K)->17326K(17472K) Class: 1829K(1856K)->1829K(1856K)
[662.106s][info][gc             ] GC(1555) Pause Full (G1 Compaction Pause) 975M->459M(978M) 682.652ms
[662.106s][info][gc,cpu         ] GC(1555) User=1.34s Sys=0.00s Real=0.68s
[662.108s][info][gc,marking     ] GC(1543) Concurrent Mark From Roots 2013.387ms
[662.108s][info][gc,marking     ] GC(1543) Concurrent Mark Abort
[662.108s][info][gc             ] GC(1543) Concurrent Mark Cycle 2033.053ms
[662.536s][info][gc,start       ] GC(1556) Pause Young (Normal) (G1 Evacuation Pause)
[662.536s][info][gc,task        ] GC(1556) Using 2 workers of 2 for evacuation
[662.595s][info][gc,phases      ] GC(1556)   Pre Evacuate Collection Set: 0.32ms
[662.595s][info][gc,phases      ] GC(1556)   Merge Heap Roots: 0.28ms
[662.595s][info][gc,phases      ] GC(1556)   Evacuate Collection Set: 57.52ms
[662.595s][info][gc,phases      ] GC(1556)   Post Evacuate Collection Set: 0.72ms
[662.595s][info][gc,phases      ] GC(1556)   Other: 0.12ms
[662.595s][info][gc,heap        ] GC(1556) Eden regions: 384->0(346)
[662.595s][info][gc,heap        ] GC(1556) Survivor regions: 0->44(48)
[662.595s][info][gc,heap        ] GC(1556) Old regions: 454->454
[662.595s][info][gc,heap        ] GC(1556) Humongous regions: 6->6
[662.595s][info][gc,metaspace   ] GC(1556) Metaspace: 19156K(19328K)->19156K(19328K) NonClass: 17326K(17472K)->17326K(17472K) Class: 1829K(1856K)->1829K(1856K)
[662.595s][info][gc             ] GC(1556) Pause Young (Normal) (G1 Evacuation Pause) 843M->503M(978M) 59.261ms
[662.595s][info][gc,cpu         ] GC(1556) User=0.11s Sys=0.00s Real=0.06s
[663.020s][info][gc,start       ] GC(1557) Pause Young (Concurrent Start) (G1 Evacuation Pause)
[663.020s][info][gc,task        ] GC(1557) Using 2 workers of 2 for evacuation
[663.089s][info][gc,phases      ] GC(1557)   Pre Evacuate Collection Set: 0.32ms
[663.089s][info][gc,phases      ] GC(1557)   Merge Heap Roots: 0.26ms
[663.089s][info][gc,phases      ] GC(1557)   Evacuate Collection Set: 68.08ms
[663.089s][info][gc,phases      ] GC(1557)   Post Evacuate Collection Set: 0.68ms
[663.089s][info][gc,phases      ] GC(1557)   Other: 0.11ms
[663.089s][info][gc,heap        ] GC(1557) Eden regions: 346->0(347)
[663.089s][info][gc,heap        ] GC(1557) Survivor regions: 44->15(49)
[663.089s][info][gc,heap        ] GC(1557) Old regions: 454->498
[663.089s][info][gc,heap        ] GC(1557) Humongous regions: 6->6
[663.089s][info][gc,metaspace   ] GC(1557) Metaspace: 19156K(19328K)->19156K(19328K) NonClass: 17326K(17472K)->17326K(17472K) Class: 1829K(1856K)->1829K(1856K)
[663.089s][info][gc             ] GC(1557) Pause Young (Concurrent Start) (G1 Evacuation Pause) 849M->518M(978M) 69.698ms
[663.089s][info][gc             ] GC(1558) Concurrent Mark Cycle
[663.089s][info][gc,marking     ] GC(1558) Concurrent Scan Root Regions
[663.091s][info][gc,cpu         ] GC(1557) User=0.14s Sys=0.00s Real=0.08s
[663.215s][info][gc,marking     ] GC(1558) Concurrent Scan Root Regions 125.855ms
[663.215s][info][gc,marking     ] GC(1558) Concurrent Mark
[663.215s][info][gc,marking     ] GC(1558) Concurrent Mark From Roots
[663.215s][info][gc,task        ] GC(1558) Using 1 workers of 1 for marking
[664.431s][info][gc,start       ] GC(1559) Pause Young (Normal) (G1 Evacuation Pause)
[664.431s][info][gc,task        ] GC(1559) Using 2 workers of 2 for evacuation
[664.523s][info][gc,phases      ] GC(1559)   Pre Evacuate Collection Set: 0.31ms
[664.523s][info][gc,phases      ] GC(1559)   Merge Heap Roots: 1.02ms
[664.523s][info][gc,phases      ] GC(1559)   Evacuate Collection Set: 89.12ms
[664.523s][info][gc,phases      ] GC(1559)   Post Evacuate Collection Set: 0.87ms
[664.523s][info][gc,phases      ] GC(1559)   Other: 0.10ms
[664.523s][info][gc,heap        ] GC(1559) Eden regions: 347->0(296)
[664.523s][info][gc,heap        ] GC(1559) Survivor regions: 15->46(46)
[664.523s][info][gc,heap        ] GC(1559) Old regions: 498->517
[664.523s][info][gc,heap        ] GC(1559) Humongous regions: 6->6
[664.523s][info][gc,metaspace   ] GC(1559) Metaspace: 19156K(19328K)->19156K(19328K) NonClass: 17326K(17472K)->17326K(17472K) Class: 1829K(1856K)->1829K(1856K)
[664.523s][info][gc             ] GC(1559) Pause Young (Normal) (G1 Evacuation Pause) 865M->568M(978M) 91.746ms
[664.523s][info][gc,cpu         ] GC(1559) User=0.18s Sys=0.00s Real=0.09s
[664.989s][info][gc,marking     ] GC(1558) Concurrent Mark From Roots 1773.806ms
[664.989s][info][gc,marking     ] GC(1558) Concurrent Preclean
[664.989s][info][gc,marking     ] GC(1558) Concurrent Preclean 0.045ms
[664.989s][info][gc,start       ] GC(1558) Pause Remark
[664.998s][info][gc             ] GC(1558) Pause Remark 740M->740M(978M) 8.961ms
[664.998s][info][gc,cpu         ] GC(1558) User=0.01s Sys=0.00s Real=0.01s
[664.998s][info][gc,marking     ] GC(1558) Concurrent Mark 1783.163ms
[664.998s][info][gc,marking     ] GC(1558) Concurrent Rebuild Remembered Sets and Scrub Regions
[665.352s][info][gc,start       ] GC(1560) Pause Young (Normal) (G1 Evacuation Pause)
[665.352s][info][gc,task        ] GC(1560) Using 2 workers of 2 for evacuation
[665.445s][info][gc,phases      ] GC(1560)   Pre Evacuate Collection Set: 0.34ms
[665.445s][info][gc,phases      ] GC(1560)   Merge Heap Roots: 0.52ms
[665.445s][info][gc,phases      ] GC(1560)   Evacuate Collection Set: 91.21ms
[665.445s][info][gc,phases      ] GC(1560)   Post Evacuate Collection Set: 0.70ms
[665.445s][info][gc,phases      ] GC(1560)   Other: 0.10ms
[665.445s][info][gc,heap        ] GC(1560) Eden regions: 296->0(284)
[665.445s][info][gc,heap        ] GC(1560) Survivor regions: 46->22(43)
[665.445s][info][gc,heap        ] GC(1560) Old regions: 517->564
[665.445s][info][gc,heap        ] GC(1560) Humongous regions: 7->7
[665.445s][info][gc,metaspace   ] GC(1560) Metaspace: 19157K(19328K)->19157K(19328K) NonClass: 17327K(17472K)->17327K(17472K) Class: 1829K(1856K)->1829K(1856K)
[665.445s][info][gc             ] GC(1560) Pause Young (Normal) (G1 Evacuation Pause) 865M->591M(978M) 93.143ms
[665.445s][info][gc,cpu         ] GC(1560) User=0.19s Sys=0.00s Real=0.09s
[665.703s][info][gc,marking     ] GC(1558) Concurrent Rebuild Remembered Sets and Scrub Regions 705.071ms
[665.704s][info][gc,start       ] GC(1558) Pause Cleanup
[665.704s][info][gc             ] GC(1558) Pause Cleanup 688M->688M(978M) 0.117ms
[665.704s][info][gc,cpu         ] GC(1558) User=0.00s Sys=0.00s Real=0.00s
[665.704s][info][gc,marking     ] GC(1558) Concurrent Clear Claimed Marks
[665.705s][info][gc,marking     ] GC(1558) Concurrent Clear Claimed Marks 0.047ms
[665.705s][info][gc,marking     ] GC(1558) Concurrent Cleanup for Next Mark
[665.710s][info][gc,marking     ] GC(1558) Concurrent Cleanup for Next Mark 5.940ms
[665.711s][info][gc             ] GC(1558) Concurrent Mark Cycle 2621.287ms
[665.910s][info][gc,start       ] GC(1561) Pause Young (Prepare Mixed) (G1 Evacuation Pause)
[665.910s][info][gc,task        ] GC(1561) Using 2 workers of 2 for evacuation
[665.973s][info][gc,phases      ] GC(1561)   Pre Evacuate Collection Set: 0.33ms
[665.973s][info][gc,phases      ] GC(1561)   Merge Heap Roots: 0.30ms
[665.973s][info][gc,phases      ] GC(1561)   Evacuate Collection Set: 61.77ms
[665.973s][info][gc,phases      ] GC(1561)   Post Evacuate Collection Set: 0.64ms
[665.973s][info][gc,phases      ] GC(1561)   Other: 0.12ms
[665.973s][info][gc,heap        ] GC(1561) Eden regions: 284->0(270)
[665.973s][info][gc,heap        ] GC(1561) Survivor regions: 22->23(39)
[665.973s][info][gc,heap        ] GC(1561) Old regions: 564->585
[665.973s][info][gc,heap        ] GC(1561) Humongous regions: 7->7
[665.973s][info][gc,metaspace   ] GC(1561) Metaspace: 19157K(19328K)->19157K(19328K) NonClass: 17327K(17472K)->17327K(17472K) Class: 1829K(1856K)->1829K(1856K)
[665.973s][info][gc             ] GC(1561) Pause Young (Prepare Mixed) (G1 Evacuation Pause) 875M->614M(978M) 63.451ms
[665.973s][info][gc,cpu         ] GC(1561) User=0.12s Sys=0.00s Real=0.07s
[666.413s][info][gc,start       ] GC(1562) Pause Young (Mixed) (G1 Evacuation Pause)
[666.413s][info][gc,task        ] GC(1562) Using 2 workers of 2 for evacuation
[666.469s][info][gc,phases      ] GC(1562)   Pre Evacuate Collection Set: 0.56ms
[666.469s][info][gc,phases      ] GC(1562)   Merge Heap Roots: 0.28ms
[666.469s][info][gc,phases      ] GC(1562)   Evacuate Collection Set: 54.08ms
[666.469s][info][gc,phases      ] GC(1562)   Post Evacuate Collection Set: 0.59ms
[666.469s][info][gc,phases      ] GC(1562)   Other: 0.11ms
[666.469s][info][gc,heap        ] GC(1562) Eden regions: 270->0(260)
[666.469s][info][gc,heap        ] GC(1562) Survivor regions: 23->18(37)
[666.469s][info][gc,heap        ] GC(1562) Old regions: 585->608
[666.469s][info][gc,heap        ] GC(1562) Humongous regions: 7->7
[666.469s][info][gc,metaspace   ] GC(1562) Metaspace: 19157K(19328K)->19157K(19328K) NonClass: 17327K(17472K)->17327K(17472K) Class: 1829K(1856K)->1829K(1856K)
[666.469s][info][gc             ] GC(1562) Pause Young (Mixed) (G1 Evacuation Pause) 884M->632M(978M) 55.912ms
[666.469s][info][gc,cpu         ] GC(1562) User=0.11s Sys=0.00s Real=0.05s
[667.138s][info][gc,start       ] GC(1563) Pause Young (Concurrent Start) (G1 Evacuation Pause)
[667.138s][info][gc,task        ] GC(1563) Using 2 workers of 2 for evacuation
[667.161s][info][gc,phases      ] GC(1563)   Pre Evacuate Collection Set: 0.34ms
[667.161s][info][gc,phases      ] GC(1563)   Merge Heap Roots: 0.17ms
[667.161s][info][gc,phases      ] GC(1563)   Evacuate Collection Set: 21.67ms
[667.161s][info][gc,phases      ] GC(1563)   Post Evacuate Collection Set: 0.58ms
[667.161s][info][gc,phases      ] GC(1563)   Other: 0.11ms
[667.161s][info][gc,heap        ] GC(1563) Eden regions: 260->0(275)
[667.161s][info][gc,heap        ] GC(1563) Survivor regions: 18->18(35)
[667.161s][info][gc,heap        ] GC(1563) Old regions: 608->608
[667.161s][info][gc,heap        ] GC(1563) Humongous regions: 7->7
[667.161s][info][gc,metaspace   ] GC(1563) Metaspace: 19157K(19328K)->19157K(19328K) NonClass: 17327K(17472K)->17327K(17472K) Class: 1829K(1856K)->1829K(1856K)
[667.161s][info][gc             ] GC(1563) Pause Young (Concurrent Start) (G1 Evacuation Pause) 892M->632M(978M) 23.158ms
[667.161s][info][gc,cpu         ] GC(1563) User=0.04s Sys=0.00s Real=0.03s
[667.161s][info][gc             ] GC(1564) Concurrent Mark Cycle
[667.161s][info][gc,marking     ] GC(1564) Concurrent Scan Root Regions
[667.198s][info][gc,marking     ] GC(1564) Concurrent Scan Root Regions 36.567ms
[667.198s][info][gc,marking     ] GC(1564) Concurrent Mark
[667.198s][info][gc,marking     ] GC(1564) Concurrent Mark From Roots
[667.198s][info][gc,task        ] GC(1564) Using 1 workers of 1 for marking
[668.204s][info][gc,start       ] GC(1565) Pause Young (Normal) (G1 Evacuation Pause)
[668.204s][info][gc,task        ] GC(1565) Using 2 workers of 2 for evacuation
[668.258s][info][gc,phases      ] GC(1565)   Pre Evacuate Collection Set: 0.33ms
[668.258s][info][gc,phases      ] GC(1565)   Merge Heap Roots: 0.49ms
[668.258s][info][gc,phases      ] GC(1565)   Evacuate Collection Set: 52.80ms
[668.258s][info][gc,phases      ] GC(1565)   Post Evacuate Collection Set: 0.63ms
[668.258s][info][gc,phases      ] GC(1565)   Other: 0.12ms
[668.258s][info][gc,heap        ] GC(1565) Eden regions: 275->0(238)
[668.258s][info][gc,heap        ] GC(1565) Survivor regions: 18->37(37)
[668.258s][info][gc,heap        ] GC(1565) Old regions: 608->609
[668.258s][info][gc,heap        ] GC(1565) Humongous regions: 7->7
[668.258s][info][gc,metaspace   ] GC(1565) Metaspace: 19157K(19328K)->19157K(19328K) NonClass: 17327K(17472K)->17327K(17472K) Class: 1829K(1856K)->1829K(1856K)
[668.258s][info][gc             ] GC(1565) Pause Young (Normal) (G1 Evacuation Pause) 907M->652M(978M) 54.638ms
[668.258s][info][gc,cpu         ] GC(1565) User=0.11s Sys=0.00s Real=0.05s
[668.595s][info][gc,start       ] GC(1566) Pause Young (Normal) (G1 Evacuation Pause)
[668.595s][info][gc,task        ] GC(1566) Using 2 workers of 2 for evacuation
[668.749s][info][gc,phases      ] GC(1566)   Pre Evacuate Collection Set: 0.55ms
[668.749s][info][gc,phases      ] GC(1566)   Merge Heap Roots: 0.18ms
[668.749s][info][gc,phases      ] GC(1566)   Evacuate Collection Set: 137.72ms
[668.749s][info][gc,phases      ] GC(1566)   Post Evacuate Collection Set: 16.12ms
[668.749s][info][gc,phases      ] GC(1566)   Other: 0.12ms
[668.750s][info][gc,heap        ] GC(1566) Eden regions: 238->0(13)
[668.750s][info][gc,heap        ] GC(1566) Survivor regions: 37->35(35)
[668.750s][info][gc,heap        ] GC(1566) Old regions: 609->843
[668.750s][info][gc,heap        ] GC(1566) Humongous regions: 7->7
[668.750s][info][gc,metaspace   ] GC(1566) Metaspace: 19157K(19328K)->19157K(19328K) NonClass: 17327K(17472K)->17327K(17472K) Class: 1829K(1856K)->1829K(1856K)
[668.750s][info][gc             ] GC(1566) Pause Young (Normal) (G1 Evacuation Pause) (Evacuation Failure: Allocation) 890M->884M(978M) 154.986ms
[668.750s][info][gc,cpu         ] GC(1566) User=0.31s Sys=0.00s Real=0.15s
[668.791s][info][gc,start       ] GC(1567) Pause Young (Normal) (G1 Evacuation Pause)
[668.791s][info][gc,task        ] GC(1567) Using 2 workers of 2 for evacuation
[668.878s][info][gc,phases      ] GC(1567)   Pre Evacuate Collection Set: 0.61ms
[668.878s][info][gc,phases      ] GC(1567)   Merge Heap Roots: 0.75ms
[668.878s][info][gc,phases      ] GC(1567)   Evacuate Collection Set: 84.84ms
[668.878s][info][gc,phases      ] GC(1567)   Post Evacuate Collection Set: 0.63ms
[668.878s][info][gc,phases      ] GC(1567)   Other: 0.11ms
[668.878s][info][gc,heap        ] GC(1567) Eden regions: 13->0(141)
[668.878s][info][gc,heap        ] GC(1567) Survivor regions: 35->5(6)
[668.878s][info][gc,heap        ] GC(1567) Old regions: 843->764
[668.878s][info][gc,heap        ] GC(1567) Humongous regions: 7->7
[668.878s][info][gc,metaspace   ] GC(1567) Metaspace: 19157K(19328K)->19157K(19328K) NonClass: 17327K(17472K)->17327K(17472K) Class: 1829K(1856K)->1829K(1856K)
[668.878s][info][gc             ] GC(1567) Pause Young (Normal) (G1 Evacuation Pause) 897M->774M(978M) 87.220ms
[668.878s][info][gc,cpu         ] GC(1567) User=0.17s Sys=0.00s Real=0.08s
[669.065s][info][gc,start       ] GC(1568) Pause Young (Normal) (G1 Evacuation Pause)
[669.065s][info][gc,task        ] GC(1568) Using 2 workers of 2 for evacuation
[669.105s][info][gc,phases      ] GC(1568)   Pre Evacuate Collection Set: 0.37ms
[669.105s][info][gc,phases      ] GC(1568)   Merge Heap Roots: 0.21ms
[669.105s][info][gc,phases      ] GC(1568)   Evacuate Collection Set: 38.81ms
[669.105s][info][gc,phases      ] GC(1568)   Post Evacuate Collection Set: 0.54ms
[669.105s][info][gc,phases      ] GC(1568)   Other: 0.09ms
[669.105s][info][gc,heap        ] GC(1568) Eden regions: 141->0(132)
[669.105s][info][gc,heap        ] GC(1568) Survivor regions: 5->19(19)
[669.105s][info][gc,heap        ] GC(1568) Old regions: 764->751
[669.106s][info][gc,heap        ] GC(1568) Humongous regions: 7->7
[669.106s][info][gc,metaspace   ] GC(1568) Metaspace: 19157K(19328K)->19157K(19328K) NonClass: 17327K(17472K)->17327K(17472K) Class: 1829K(1856K)->1829K(1856K)
[669.106s][info][gc             ] GC(1568) Pause Young (Normal) (G1 Evacuation Pause) 915M->776M(978M) 40.291ms
[669.106s][info][gc,cpu         ] GC(1568) User=0.07s Sys=0.00s Real=0.04s
[669.120s][info][gc,marking     ] GC(1564) Concurrent Mark From Roots 1921.951ms
[669.120s][info][gc,marking     ] GC(1564) Concurrent Preclean
[669.120s][info][gc,marking     ] GC(1564) Concurrent Preclean 0.046ms
[669.120s][info][gc,start       ] GC(1564) Pause Remark
[669.129s][info][gc             ] GC(1564) Pause Remark 782M->642M(978M) 9.434ms
[669.129s][info][gc,cpu         ] GC(1564) User=0.02s Sys=0.00s Real=0.01s
[669.129s][info][gc,marking     ] GC(1564) Concurrent Mark 1931.752ms
[669.129s][info][gc,marking     ] GC(1564) Concurrent Rebuild Remembered Sets and Scrub Regions
[669.463s][info][gc,start       ] GC(1569) Pause Young (Normal) (G1 Evacuation Pause)
[669.463s][info][gc,task        ] GC(1569) Using 2 workers of 2 for evacuation
[669.528s][info][gc,phases      ] GC(1569)   Pre Evacuate Collection Set: 0.35ms
[669.528s][info][gc,phases      ] GC(1569)   Merge Heap Roots: 0.59ms
[669.528s][info][gc,phases      ] GC(1569)   Evacuate Collection Set: 63.37ms
[669.528s][info][gc,phases      ] GC(1569)   Post Evacuate Collection Set: 0.60ms
[669.528s][info][gc,phases      ] GC(1569)   Other: 0.08ms
[669.528s][info][gc,heap        ] GC(1569) Eden regions: 132->0(218)
[669.528s][info][gc,heap        ] GC(1569) Survivor regions: 19->19(19)
[669.528s][info][gc,heap        ] GC(1569) Old regions: 613->634
[669.528s][info][gc,heap        ] GC(1569) Humongous regions: 8->8
[669.528s][info][gc,metaspace   ] GC(1569) Metaspace: 19157K(19328K)->19157K(19328K) NonClass: 17327K(17472K)->17327K(17472K) Class: 1829K(1856K)->1829K(1856K)
[669.528s][info][gc             ] GC(1569) Pause Young (Normal) (G1 Evacuation Pause) 771M->660M(978M) 65.260ms
[669.528s][info][gc,cpu         ] GC(1569) User=0.13s Sys=0.00s Real=0.06s
[669.781s][info][gc,marking     ] GC(1564) Concurrent Rebuild Remembered Sets and Scrub Regions 651.400ms
[669.781s][info][gc,start       ] GC(1564) Pause Cleanup
[669.781s][info][gc             ] GC(1564) Pause Cleanup 799M->799M(978M) 0.144ms
[669.781s][info][gc,cpu         ] GC(1564) User=0.00s Sys=0.00s Real=0.00s
[669.781s][info][gc,marking     ] GC(1564) Concurrent Clear Claimed Marks
[669.781s][info][gc,marking     ] GC(1564) Concurrent Clear Claimed Marks 0.032ms
[669.781s][info][gc,marking     ] GC(1564) Concurrent Cleanup for Next Mark
[669.784s][info][gc,marking     ] GC(1564) Concurrent Cleanup for Next Mark 2.942ms
[669.784s][info][gc             ] GC(1564) Concurrent Mark Cycle 2623.319ms
[669.903s][info][gc,start       ] GC(1570) Pause Young (Prepare Mixed) (G1 Evacuation Pause)
[669.903s][info][gc,task        ] GC(1570) Using 2 workers of 2 for evacuation
[669.978s][info][gc,phases      ] GC(1570)   Pre Evacuate Collection Set: 0.36ms
[669.978s][info][gc,phases      ] GC(1570)   Merge Heap Roots: 0.72ms
[669.978s][info][gc,phases      ] GC(1570)   Evacuate Collection Set: 73.03ms
[669.978s][info][gc,phases      ] GC(1570)   Post Evacuate Collection Set: 0.64ms
[669.978s][info][gc,phases      ] GC(1570)   Other: 0.10ms
[669.978s][info][gc,heap        ] GC(1570) Eden regions: 218->0(206)
[669.978s][info][gc,heap        ] GC(1570) Survivor regions: 19->19(30)
[669.978s][info][gc,heap        ] GC(1570) Old regions: 634->654
[669.978s][info][gc,heap        ] GC(1570) Humongous regions: 11->11
[669.978s][info][gc,metaspace   ] GC(1570) Metaspace: 19157K(19328K)->19157K(19328K) NonClass: 17327K(17472K)->17327K(17472K) Class: 1829K(1856K)->1829K(1856K)
[669.978s][info][gc             ] GC(1570) Pause Young (Prepare Mixed) (G1 Evacuation Pause) 881M->683M(978M) 75.091ms
[669.978s][info][gc,cpu         ] GC(1570) User=0.15s Sys=0.00s Real=0.07s
[670.285s][info][gc,start       ] GC(1571) Pause Young (Mixed) (G1 Evacuation Pause)
[670.285s][info][gc,task        ] GC(1571) Using 2 workers of 2 for evacuation
[670.325s][info][gc,phases      ] GC(1571)   Pre Evacuate Collection Set: 0.34ms
[670.325s][info][gc,phases      ] GC(1571)   Merge Heap Roots: 0.31ms
[670.325s][info][gc,phases      ] GC(1571)   Evacuate Collection Set: 38.71ms
[670.325s][info][gc,phases      ] GC(1571)   Post Evacuate Collection Set: 0.45ms
[670.325s][info][gc,phases      ] GC(1571)   Other: 0.08ms
[670.325s][info][gc,heap        ] GC(1571) Eden regions: 206->0(224)
[670.325s][info][gc,heap        ] GC(1571) Survivor regions: 19->1(29)
[670.325s][info][gc,heap        ] GC(1571) Old regions: 654->666
[670.325s][info][gc,heap        ] GC(1571) Humongous regions: 11->11
[670.325s][info][gc,metaspace   ] GC(1571) Metaspace: 19157K(19328K)->19157K(19328K) NonClass: 17327K(17472K)->17327K(17472K) Class: 1829K(1856K)->1829K(1856K)
[670.325s][info][gc             ] GC(1571) Pause Young (Mixed) (G1 Evacuation Pause) 889M->677M(978M) 40.149ms
[670.325s][info][gc,cpu         ] GC(1571) User=0.08s Sys=0.00s Real=0.04s
[670.677s][info][gc,start       ] GC(1572) Pause Young (Concurrent Start) (G1 Evacuation Pause)
[670.677s][info][gc,task        ] GC(1572) Using 2 workers of 2 for evacuation
[670.679s][info][gc,phases      ] GC(1572)   Pre Evacuate Collection Set: 0.38ms
[670.679s][info][gc,phases      ] GC(1572)   Merge Heap Roots: 0.07ms
[670.679s][info][gc,phases      ] GC(1572)   Evacuate Collection Set: 0.59ms
[670.679s][info][gc,phases      ] GC(1572)   Post Evacuate Collection Set: 0.46ms
[670.679s][info][gc,phases      ] GC(1572)   Other: 0.22ms
[670.679s][info][gc,heap        ] GC(1572) Eden regions: 224->0(237)
[670.679s][info][gc,heap        ] GC(1572) Survivor regions: 1->1(29)
[670.679s][info][gc,heap        ] GC(1572) Old regions: 666->666
[670.679s][info][gc,heap        ] GC(1572) Humongous regions: 11->11
[670.679s][info][gc,metaspace   ] GC(1572) Metaspace: 19157K(19328K)->19157K(19328K) NonClass: 17327K(17472K)->17327K(17472K) Class: 1829K(1856K)->1829K(1856K)
[670.679s][info][gc             ] GC(1572) Pause Young (Concurrent Start) (G1 Evacuation Pause) 901M->677M(978M) 1.937ms
[670.679s][info][gc,cpu         ] GC(1572) User=0.00s Sys=0.00s Real=0.00s
[670.681s][info][gc             ] GC(1573) Concurrent Mark Cycle
[670.681s][info][gc,marking     ] GC(1573) Concurrent Scan Root Regions
[670.684s][info][gc,marking     ] GC(1573) Concurrent Scan Root Regions 2.235ms
[670.684s][info][gc,marking     ] GC(1573) Concurrent Mark
[670.684s][info][gc,marking     ] GC(1573) Concurrent Mark From Roots
[670.684s][info][gc,task        ] GC(1573) Using 1 workers of 1 for marking
[671.695s][info][gc,start       ] GC(1574) Pause Young (Normal) (G1 Evacuation Pause)
[671.695s][info][gc,task        ] GC(1574) Using 2 workers of 2 for evacuation
[671.696s][info][gc,phases      ] GC(1574)   Pre Evacuate Collection Set: 0.34ms
[671.696s][info][gc,phases      ] GC(1574)   Merge Heap Roots: 0.09ms
[671.696s][info][gc,phases      ] GC(1574)   Evacuate Collection Set: 0.32ms
[671.696s][info][gc,phases      ] GC(1574)   Post Evacuate Collection Set: 0.43ms
[671.696s][info][gc,phases      ] GC(1574)   Other: 0.11ms
[671.696s][info][gc,heap        ] GC(1574) Eden regions: 237->0(249)
[671.696s][info][gc,heap        ] GC(1574) Survivor regions: 1->1(30)
[671.696s][info][gc,heap        ] GC(1574) Old regions: 666->666
[671.696s][info][gc,heap        ] GC(1574) Humongous regions: 11->11
[671.696s][info][gc,metaspace   ] GC(1574) Metaspace: 19157K(19328K)->19157K(19328K) NonClass: 17327K(17472K)->17327K(17472K) Class: 1829K(1856K)->1829K(1856K)
[671.697s][info][gc             ] GC(1574) Pause Young (Normal) (G1 Evacuation Pause) 914M->676M(978M) 1.518ms
[671.697s][info][gc,cpu         ] GC(1574) User=0.00s Sys=0.00s Real=0.00s
[672.112s][info][gc,marking     ] GC(1573) Concurrent Mark From Roots 1428.356ms
[672.112s][info][gc,marking     ] GC(1573) Concurrent Preclean
[672.112s][info][gc,marking     ] GC(1573) Concurrent Preclean 0.049ms
[672.112s][info][gc,start       ] GC(1573) Pause Remark
[672.122s][info][gc             ] GC(1573) Pause Remark 766M->621M(978M) 9.392ms
[672.122s][info][gc,cpu         ] GC(1573) User=0.02s Sys=0.00s Real=0.01s
[672.122s][info][gc,marking     ] GC(1573) Concurrent Mark 1438.280ms
[672.122s][info][gc,marking     ] GC(1573) Concurrent Rebuild Remembered Sets and Scrub Regions
[672.503s][info][gc,start       ] GC(1575) Pause Young (Normal) (G1 Evacuation Pause)
[672.503s][info][gc,task        ] GC(1575) Using 2 workers of 2 for evacuation
[672.505s][info][gc,phases      ] GC(1575)   Pre Evacuate Collection Set: 0.32ms
[672.505s][info][gc,phases      ] GC(1575)   Merge Heap Roots: 0.09ms
[672.505s][info][gc,phases      ] GC(1575)   Evacuate Collection Set: 0.23ms
[672.505s][info][gc,phases      ] GC(1575)   Post Evacuate Collection Set: 0.46ms
[672.505s][info][gc,phases      ] GC(1575)   Other: 0.11ms
[672.505s][info][gc,heap        ] GC(1575) Eden regions: 249->0(388)
[672.505s][info][gc,heap        ] GC(1575) Survivor regions: 1->1(32)
[672.505s][info][gc,heap        ] GC(1575) Old regions: 525->525
[672.505s][info][gc,heap        ] GC(1575) Humongous regions: 7->7
[672.505s][info][gc,metaspace   ] GC(1575) Metaspace: 19157K(19328K)->19157K(19328K) NonClass: 17327K(17472K)->17327K(17472K) Class: 1829K(1856K)->1829K(1856K)
[672.505s][info][gc             ] GC(1575) Pause Young (Normal) (G1 Evacuation Pause) 780M->531M(978M) 1.461ms
[672.505s][info][gc,cpu         ] GC(1575) User=0.01s Sys=0.00s Real=0.00s
[672.629s][info][gc,marking     ] GC(1573) Concurrent Rebuild Remembered Sets and Scrub Regions 507.296ms
[672.630s][info][gc,start       ] GC(1573) Pause Cleanup
[672.630s][info][gc             ] GC(1573) Pause Cleanup 578M->578M(978M) 0.139ms
[672.630s][info][gc,cpu         ] GC(1573) User=0.00s Sys=0.00s Real=0.00s
[672.630s][info][gc,marking     ] GC(1573) Concurrent Clear Claimed Marks
[672.630s][info][gc,marking     ] GC(1573) Concurrent Clear Claimed Marks 0.038ms
[672.630s][info][gc,marking     ] GC(1573) Concurrent Cleanup for Next Mark
[672.633s][info][gc,marking     ] GC(1573) Concurrent Cleanup for Next Mark 3.029ms
[672.633s][info][gc             ] GC(1573) Concurrent Mark Cycle 1951.461ms
[673.119s][info][gc,start       ] GC(1576) Pause Young (Prepare Mixed) (G1 Evacuation Pause)
[673.119s][info][gc,task        ] GC(1576) Using 2 workers of 2 for evacuation
[673.138s][info][gc,phases      ] GC(1576)   Pre Evacuate Collection Set: 0.36ms
[673.138s][info][gc,phases      ] GC(1576)   Merge Heap Roots: 0.17ms
[673.138s][info][gc,phases      ] GC(1576)   Evacuate Collection Set: 17.27ms
[673.138s][info][gc,phases      ] GC(1576)   Post Evacuate Collection Set: 0.70ms
[673.138s][info][gc,phases      ] GC(1576)   Other: 0.13ms
[673.138s][info][gc,heap        ] GC(1576) Eden regions: 388->0(370)
[673.138s][info][gc,heap        ] GC(1576) Survivor regions: 1->13(49)
[673.138s][info][gc,heap        ] GC(1576) Old regions: 525->525
[673.138s][info][gc,heap        ] GC(1576) Humongous regions: 7->7
[673.138s][info][gc,metaspace   ] GC(1576) Metaspace: 19157K(19328K)->19157K(19328K) NonClass: 17327K(17472K)->17327K(17472K) Class: 1829K(1856K)->1829K(1856K)
[673.138s][info][gc             ] GC(1576) Pause Young (Prepare Mixed) (G1 Evacuation Pause) 919M->544M(978M) 18.966ms
[673.138s][info][gc,cpu         ] GC(1576) User=0.04s Sys=0.00s Real=0.02s
[673.513s][info][gc,start       ] GC(1577) Pause Young (Mixed) (G1 Evacuation Pause)
[673.513s][info][gc,task        ] GC(1577) Using 2 workers of 2 for evacuation
[673.578s][info][gc,phases      ] GC(1577)   Pre Evacuate Collection Set: 0.35ms
[673.578s][info][gc,phases      ] GC(1577)   Merge Heap Roots: 0.31ms
[673.578s][info][gc,phases      ] GC(1577)   Evacuate Collection Set: 63.65ms
[673.578s][info][gc,phases      ] GC(1577)   Post Evacuate Collection Set: 0.66ms
[673.578s][info][gc,phases      ] GC(1577)   Other: 0.09ms
[673.578s][info][gc,heap        ] GC(1577) Eden regions: 370->0(309)
[673.578s][info][gc,heap        ] GC(1577) Survivor regions: 13->48(48)
[673.578s][info][gc,heap        ] GC(1577) Old regions: 525->516
[673.578s][info][gc,heap        ] GC(1577) Humongous regions: 7->7
[673.578s][info][gc,metaspace   ] GC(1577) Metaspace: 19157K(19328K)->19157K(19328K) NonClass: 17327K(17472K)->17327K(17472K) Class: 1829K(1856K)->1829K(1856K)
[673.578s][info][gc             ] GC(1577) Pause Young (Mixed) (G1 Evacuation Pause) 914M->570M(978M) 65.320ms
[673.578s][info][gc,cpu         ] GC(1577) User=0.13s Sys=0.00s Real=0.06s
[673.840s][info][gc,start       ] GC(1578) Pause Young (Concurrent Start) (G1 Evacuation Pause)
[673.840s][info][gc,task        ] GC(1578) Using 2 workers of 2 for evacuation
[673.952s][info][gc,phases      ] GC(1578)   Pre Evacuate Collection Set: 0.36ms
[673.952s][info][gc,phases      ] GC(1578)   Merge Heap Roots: 0.31ms
[673.952s][info][gc,phases      ] GC(1578)   Evacuate Collection Set: 110.52ms
[673.952s][info][gc,phases      ] GC(1578)   Post Evacuate Collection Set: 0.68ms
[673.952s][info][gc,phases      ] GC(1578)   Other: 0.14ms
[673.952s][info][gc,heap        ] GC(1578) Eden regions: 309->0(297)
[673.952s][info][gc,heap        ] GC(1578) Survivor regions: 48->30(45)
[673.952s][info][gc,heap        ] GC(1578) Old regions: 516->564
[673.952s][info][gc,heap        ] GC(1578) Humongous regions: 7->7
[673.952s][info][gc,metaspace   ] GC(1578) Metaspace: 19157K(19328K)->19157K(19328K) NonClass: 17327K(17472K)->17327K(17472K) Class: 1829K(1856K)->1829K(1856K)
[673.952s][info][gc             ] GC(1578) Pause Young (Concurrent Start) (G1 Evacuation Pause) 879M->600M(978M) 112.354ms
[673.952s][info][gc,cpu         ] GC(1578) User=0.22s Sys=0.00s Real=0.12s
[673.952s][info][gc             ] GC(1579) Concurrent Mark Cycle
[673.952s][info][gc,marking     ] GC(1579) Concurrent Scan Root Regions
[674.100s][info][gc,marking     ] GC(1579) Concurrent Scan Root Regions 147.634ms
[674.100s][info][gc,marking     ] GC(1579) Concurrent Mark
[674.100s][info][gc,marking     ] GC(1579) Concurrent Mark From Roots
[674.100s][info][gc,task        ] GC(1579) Using 1 workers of 1 for marking
[674.400s][info][gc,start       ] GC(1580) Pause Young (Normal) (G1 Evacuation Pause)
[674.400s][info][gc,task        ] GC(1580) Using 2 workers of 2 for evacuation
[674.461s][info][gc,phases      ] GC(1580)   Pre Evacuate Collection Set: 0.34ms
[674.461s][info][gc,phases      ] GC(1580)   Merge Heap Roots: 0.30ms
[674.461s][info][gc,phases      ] GC(1580)   Evacuate Collection Set: 60.25ms
[674.461s][info][gc,phases      ] GC(1580)   Post Evacuate Collection Set: 0.60ms
[674.461s][info][gc,phases      ] GC(1580)   Other: 0.09ms
[674.461s][info][gc,heap        ] GC(1580) Eden regions: 297->0(295)
[674.461s][info][gc,heap        ] GC(1580) Survivor regions: 30->11(41)
[674.461s][info][gc,heap        ] GC(1580) Old regions: 564->594
[674.461s][info][gc,heap        ] GC(1580) Humongous regions: 7->7
[674.461s][info][gc,metaspace   ] GC(1580) Metaspace: 19157K(19328K)->19157K(19328K) NonClass: 17327K(17472K)->17327K(17472K) Class: 1829K(1856K)->1829K(1856K)
[674.461s][info][gc             ] GC(1580) Pause Young (Normal) (G1 Evacuation Pause) 897M->611M(978M) 61.892ms
[674.461s][info][gc,cpu         ] GC(1580) User=0.12s Sys=0.00s Real=0.07s
[674.958s][info][gc,start       ] GC(1581) Pause Young (Normal) (G1 Evacuation Pause)
[674.958s][info][gc,task        ] GC(1581) Using 2 workers of 2 for evacuation
[675.006s][info][gc,phases      ] GC(1581)   Pre Evacuate Collection Set: 0.35ms
[675.006s][info][gc,phases      ] GC(1581)   Merge Heap Roots: 0.34ms
[675.006s][info][gc,phases      ] GC(1581)   Evacuate Collection Set: 46.50ms
[675.006s][info][gc,phases      ] GC(1581)   Post Evacuate Collection Set: 0.61ms
[675.006s][info][gc,phases      ] GC(1581)   Other: 0.12ms
[675.006s][info][gc,heap        ] GC(1581) Eden regions: 295->0(263)
[675.006s][info][gc,heap        ] GC(1581) Survivor regions: 11->32(39)
[675.006s][info][gc,heap        ] GC(1581) Old regions: 594->594
[675.006s][info][gc,heap        ] GC(1581) Humongous regions: 7->7
[675.006s][info][gc,metaspace   ] GC(1581) Metaspace: 19157K(19328K)->19157K(19328K) NonClass: 17327K(17472K)->17327K(17472K) Class: 1829K(1856K)->1829K(1856K)
[675.006s][info][gc             ] GC(1581) Pause Young (Normal) (G1 Evacuation Pause) 906M->632M(978M) 48.221ms
[675.006s][info][gc,cpu         ] GC(1581) User=0.10s Sys=0.00s Real=0.05s
[675.925s][info][gc,marking     ] GC(1579) Concurrent Mark From Roots 1824.654ms
[675.925s][info][gc,marking     ] GC(1579) Concurrent Preclean
[675.925s][info][gc,marking     ] GC(1579) Concurrent Preclean 0.053ms
[675.925s][info][gc,start       ] GC(1579) Pause Remark
[675.934s][info][gc             ] GC(1579) Pause Remark 861M->861M(978M) 9.151ms
[675.934s][info][gc,cpu         ] GC(1579) User=0.01s Sys=0.00s Real=0.01s
[675.935s][info][gc,marking     ] GC(1579) Concurrent Mark 1835.568ms
[675.935s][info][gc,marking     ] GC(1579) Concurrent Rebuild Remembered Sets and Scrub Regions
[676.063s][info][gc,start       ] GC(1582) Pause Young (Normal) (G1 Evacuation Pause)
[676.063s][info][gc,task        ] GC(1582) Using 2 workers of 2 for evacuation
[676.135s][info][gc,phases      ] GC(1582)   Pre Evacuate Collection Set: 0.54ms
[676.135s][info][gc,phases      ] GC(1582)   Merge Heap Roots: 0.33ms
[676.135s][info][gc,phases      ] GC(1582)   Evacuate Collection Set: 69.74ms
[676.135s][info][gc,phases      ] GC(1582)   Post Evacuate Collection Set: 0.58ms
[676.135s][info][gc,phases      ] GC(1582)   Other: 0.14ms
[676.135s][info][gc,heap        ] GC(1582) Eden regions: 263->0(247)
[676.135s][info][gc,heap        ] GC(1582) Survivor regions: 32->24(37)
[676.135s][info][gc,heap        ] GC(1582) Old regions: 594->626
[676.135s][info][gc,heap        ] GC(1582) Humongous regions: 7->7
[676.135s][info][gc,metaspace   ] GC(1582) Metaspace: 19157K(19328K)->19157K(19328K) NonClass: 17327K(17472K)->17327K(17472K) Class: 1829K(1856K)->1829K(1856K)
[676.135s][info][gc             ] GC(1582) Pause Young (Normal) (G1 Evacuation Pause) 895M->656M(978M) 71.612ms
[676.135s][info][gc,cpu         ] GC(1582) User=0.14s Sys=0.00s Real=0.07s
[676.629s][info][gc,marking     ] GC(1579) Concurrent Rebuild Remembered Sets and Scrub Regions 693.239ms
[676.629s][info][gc,start       ] GC(1579) Pause Cleanup
[676.629s][info][gc             ] GC(1579) Pause Cleanup 758M->758M(978M) 0.133ms
[676.629s][info][gc,cpu         ] GC(1579) User=0.00s Sys=0.00s Real=0.00s
[676.631s][info][gc,marking     ] GC(1579) Concurrent Clear Claimed Marks
[676.631s][info][gc,marking     ] GC(1579) Concurrent Clear Claimed Marks 0.056ms
[676.632s][info][gc,marking     ] GC(1579) Concurrent Cleanup for Next Mark
[676.637s][info][gc,marking     ] GC(1579) Concurrent Cleanup for Next Mark 5.055ms
[676.637s][info][gc             ] GC(1579) Concurrent Mark Cycle 2684.588ms
[677.024s][info][gc,start       ] GC(1583) Pause Young (Prepare Mixed) (G1 Evacuation Pause)
[677.024s][info][gc,task        ] GC(1583) Using 2 workers of 2 for evacuation
[677.055s][info][gc,phases      ] GC(1583)   Pre Evacuate Collection Set: 0.57ms
[677.055s][info][gc,phases      ] GC(1583)   Merge Heap Roots: 0.28ms
[677.055s][info][gc,phases      ] GC(1583)   Evacuate Collection Set: 28.86ms
[677.055s][info][gc,phases      ] GC(1583)   Post Evacuate Collection Set: 0.59ms
[677.055s][info][gc,phases      ] GC(1583)   Other: 0.12ms
[677.055s][info][gc,heap        ] GC(1583) Eden regions: 247->0(265)
[677.055s][info][gc,heap        ] GC(1583) Survivor regions: 24->1(34)
[677.055s][info][gc,heap        ] GC(1583) Old regions: 626->649
[677.055s][info][gc,heap        ] GC(1583) Humongous regions: 7->7
[677.055s][info][gc,metaspace   ] GC(1583) Metaspace: 19157K(19328K)->19157K(19328K) NonClass: 17327K(17472K)->17327K(17472K) Class: 1829K(1856K)->1829K(1856K)
[677.055s][info][gc             ] GC(1583) Pause Young (Prepare Mixed) (G1 Evacuation Pause) 903M->656M(978M) 30.684ms
[677.055s][info][gc,cpu         ] GC(1583) User=0.06s Sys=0.00s Real=0.03s
[677.734s][info][gc,start       ] GC(1584) Pause Young (Mixed) (G1 Evacuation Pause)
[677.734s][info][gc,task        ] GC(1584) Using 2 workers of 2 for evacuation
[677.737s][info][gc,phases      ] GC(1584)   Pre Evacuate Collection Set: 0.55ms
[677.737s][info][gc,phases      ] GC(1584)   Merge Heap Roots: 0.15ms
[677.737s][info][gc,phases      ] GC(1584)   Evacuate Collection Set: 1.38ms
[677.737s][info][gc,phases      ] GC(1584)   Post Evacuate Collection Set: 0.47ms
[677.737s][info][gc,phases      ] GC(1584)   Other: 0.12ms
[677.737s][info][gc,heap        ] GC(1584) Eden regions: 265->0(277)
[677.737s][info][gc,heap        ] GC(1584) Survivor regions: 1->1(34)
[677.737s][info][gc,heap        ] GC(1584) Old regions: 649->642
[677.737s][info][gc,heap        ] GC(1584) Humongous regions: 7->7
[677.737s][info][gc,metaspace   ] GC(1584) Metaspace: 19157K(19328K)->19157K(19328K) NonClass: 17327K(17472K)->17327K(17472K) Class: 1829K(1856K)->1829K(1856K)
[677.737s][info][gc             ] GC(1584) Pause Young (Mixed) (G1 Evacuation Pause) 921M->649M(978M) 2.919ms
[677.737s][info][gc,cpu         ] GC(1584) User=0.00s Sys=0.00s Real=0.00s
[678.469s][info][gc,start       ] GC(1585) Pause Young (Concurrent Start) (G1 Evacuation Pause)
[678.469s][info][gc,task        ] GC(1585) Using 2 workers of 2 for evacuation
[678.472s][info][gc,phases      ] GC(1585)   Pre Evacuate Collection Set: 0.38ms
[678.472s][info][gc,phases      ] GC(1585)   Merge Heap Roots: 0.14ms
[678.472s][info][gc,phases      ] GC(1585)   Evacuate Collection Set: 1.84ms
[678.472s][info][gc,phases      ] GC(1585)   Post Evacuate Collection Set: 0.50ms
[678.472s][info][gc,phases      ] GC(1585)   Other: 0.15ms
[678.472s][info][gc,heap        ] GC(1585) Eden regions: 277->0(277)
[678.472s][info][gc,heap        ] GC(1585) Survivor regions: 1->1(35)
[678.472s][info][gc,heap        ] GC(1585) Old regions: 642->642
[678.472s][info][gc,heap        ] GC(1585) Humongous regions: 7->7
[678.472s][info][gc,metaspace   ] GC(1585) Metaspace: 19157K(19328K)->19157K(19328K) NonClass: 17327K(17472K)->17327K(17472K) Class: 1829K(1856K)->1829K(1856K)
[678.472s][info][gc             ] GC(1585) Pause Young (Concurrent Start) (G1 Evacuation Pause) 926M->648M(978M) 3.244ms
[678.472s][info][gc             ] GC(1586) Concurrent Mark Cycle
[678.472s][info][gc,marking     ] GC(1586) Concurrent Scan Root Regions
[678.472s][info][gc,cpu         ] GC(1585) User=0.00s Sys=0.00s Real=0.01s
[678.473s][info][gc,marking     ] GC(1586) Concurrent Scan Root Regions 0.442ms
[678.473s][info][gc,marking     ] GC(1586) Concurrent Mark
[678.473s][info][gc,marking     ] GC(1586) Concurrent Mark From Roots
[678.473s][info][gc,task        ] GC(1586) Using 1 workers of 1 for marking
[679.303s][info][gc,start       ] GC(1587) Pause Young (Normal) (G1 Evacuation Pause)
[679.303s][info][gc,task        ] GC(1587) Using 2 workers of 2 for evacuation
[679.355s][info][gc,phases      ] GC(1587)   Pre Evacuate Collection Set: 0.34ms
[679.355s][info][gc,phases      ] GC(1587)   Merge Heap Roots: 0.16ms
[679.355s][info][gc,phases      ] GC(1587)   Evacuate Collection Set: 51.09ms
[679.355s][info][gc,phases      ] GC(1587)   Post Evacuate Collection Set: 0.70ms
[679.355s][info][gc,phases      ] GC(1587)   Other: 0.10ms
[679.355s][info][gc,heap        ] GC(1587) Eden regions: 277->0(194)
[679.355s][info][gc,heap        ] GC(1587) Survivor regions: 1->35(35)
[679.355s][info][gc,heap        ] GC(1587) Old regions: 642->657
[679.355s][info][gc,heap        ] GC(1587) Humongous regions: 7->7
[679.355s][info][gc,metaspace   ] GC(1587) Metaspace: 19157K(19328K)->19157K(19328K) NonClass: 17327K(17472K)->17327K(17472K) Class: 1829K(1856K)->1829K(1856K)
[679.355s][info][gc             ] GC(1587) Pause Young (Normal) (G1 Evacuation Pause) 925M->698M(978M) 52.675ms
[679.355s][info][gc,cpu         ] GC(1587) User=0.10s Sys=0.00s Real=0.05s
[679.705s][info][gc,start       ] GC(1588) Pause Young (Normal) (G1 Evacuation Pause)
[679.705s][info][gc,task        ] GC(1588) Using 2 workers of 2 for evacuation
[679.815s][info][gc,phases      ] GC(1588)   Pre Evacuate Collection Set: 0.56ms
[679.815s][info][gc,phases      ] GC(1588)   Merge Heap Roots: 0.34ms
[679.815s][info][gc,phases      ] GC(1588)   Evacuate Collection Set: 102.82ms
[679.815s][info][gc,phases      ] GC(1588)   Post Evacuate Collection Set: 6.01ms
[679.815s][info][gc,phases      ] GC(1588)   Other: 0.10ms
[679.815s][info][gc,heap        ] GC(1588) Eden regions: 194->0(82)
[679.815s][info][gc,heap        ] GC(1588) Survivor regions: 35->29(29)
[679.815s][info][gc,heap        ] GC(1588) Old regions: 657->781
[679.815s][info][gc,heap        ] GC(1588) Humongous regions: 7->7
[679.815s][info][gc,metaspace   ] GC(1588) Metaspace: 19157K(19328K)->19157K(19328K) NonClass: 17327K(17472K)->17327K(17472K) Class: 1829K(1856K)->1829K(1856K)
[679.815s][info][gc             ] GC(1588) Pause Young (Normal) (G1 Evacuation Pause) (Evacuation Failure: Allocation) 892M->816M(978M) 110.077ms
[679.815s][info][gc,cpu         ] GC(1588) User=0.21s Sys=0.00s Real=0.11s
[679.889s][info][gc,start       ] GC(1589) Pause Young (Normal) (G1 Evacuation Pause)
[679.889s][info][gc,task        ] GC(1589) Using 2 workers of 2 for evacuation
[679.950s][info][gc,phases      ] GC(1589)   Pre Evacuate Collection Set: 0.38ms
[679.950s][info][gc,phases      ] GC(1589)   Merge Heap Roots: 0.43ms
[679.950s][info][gc,phases      ] GC(1589)   Evacuate Collection Set: 59.20ms
[679.950s][info][gc,phases      ] GC(1589)   Post Evacuate Collection Set: 0.48ms
[679.950s][info][gc,phases      ] GC(1589)   Other: 0.10ms
[679.950s][info][gc,heap        ] GC(1589) Eden regions: 82->0(134)
[679.950s][info][gc,heap        ] GC(1589) Survivor regions: 29->12(14)
[679.950s][info][gc,heap        ] GC(1589) Old regions: 781->759
[679.950s][info][gc,heap        ] GC(1589) Humongous regions: 7->7
[679.950s][info][gc,metaspace   ] GC(1589) Metaspace: 19157K(19328K)->19157K(19328K) NonClass: 17327K(17472K)->17327K(17472K) Class: 1829K(1856K)->1829K(1856K)
[679.950s][info][gc             ] GC(1589) Pause Young (Normal) (G1 Evacuation Pause) 898M->777M(978M) 60.864ms
[679.950s][info][gc,cpu         ] GC(1589) User=0.12s Sys=0.00s Real=0.06s
[680.292s][info][gc,start       ] GC(1590) Pause Young (Normal) (G1 Evacuation Pause)
[680.292s][info][gc,task        ] GC(1590) Using 2 workers of 2 for evacuation
[680.395s][info][gc,phases      ] GC(1590)   Pre Evacuate Collection Set: 0.34ms
[680.395s][info][gc,phases      ] GC(1590)   Merge Heap Roots: 0.34ms
[680.395s][info][gc,phases      ] GC(1590)   Evacuate Collection Set: 101.77ms
[680.395s][info][gc,phases      ] GC(1590)   Post Evacuate Collection Set: 0.61ms
[680.395s][info][gc,phases      ] GC(1590)   Other: 0.09ms
[680.395s][info][gc,heap        ] GC(1590) Eden regions: 134->0(80)
[680.395s][info][gc,heap        ] GC(1590) Survivor regions: 12->19(19)
[680.395s][info][gc,heap        ] GC(1590) Old regions: 759->800
[680.395s][info][gc,heap        ] GC(1590) Humongous regions: 10->10
[680.395s][info][gc,metaspace   ] GC(1590) Metaspace: 19168K(19328K)->19168K(19328K) NonClass: 17338K(17472K)->17338K(17472K) Class: 1829K(1856K)->1829K(1856K)
[680.395s][info][gc             ] GC(1590) Pause Young (Normal) (G1 Evacuation Pause) 914M->828M(978M) 103.471ms
[680.395s][info][gc,cpu         ] GC(1590) User=0.20s Sys=0.00s Real=0.10s
[680.546s][info][gc,marking     ] GC(1586) Concurrent Mark From Roots 2073.271ms
[680.546s][info][gc,marking     ] GC(1586) Concurrent Preclean
[680.546s][info][gc,marking     ] GC(1586) Concurrent Preclean 0.050ms
[680.546s][info][gc,start       ] GC(1586) Pause Remark
[680.556s][info][gc             ] GC(1586) Pause Remark 882M->755M(978M) 9.358ms
[680.556s][info][gc,cpu         ] GC(1586) User=0.01s Sys=0.01s Real=0.01s
[680.556s][info][gc,marking     ] GC(1586) Concurrent Mark 2083.070ms
[680.556s][info][gc,marking     ] GC(1586) Concurrent Rebuild Remembered Sets and Scrub Regions
[680.629s][info][gc,start       ] GC(1591) Pause Young (Normal) (G1 Evacuation Pause)
[680.630s][info][gc,task        ] GC(1591) Using 2 workers of 2 for evacuation
[680.664s][info][gc,phases      ] GC(1591)   Pre Evacuate Collection Set: 0.56ms
[680.664s][info][gc,phases      ] GC(1591)   Merge Heap Roots: 0.41ms
[680.664s][info][gc,phases      ] GC(1591)   Evacuate Collection Set: 32.87ms
[680.664s][info][gc,phases      ] GC(1591)   Post Evacuate Collection Set: 0.37ms
[680.664s][info][gc,phases      ] GC(1591)   Other: 0.11ms
[680.664s][info][gc,heap        ] GC(1591) Eden regions: 80->0(174)
[680.664s][info][gc,heap        ] GC(1591) Survivor regions: 19->1(13)
[680.664s][info][gc,heap        ] GC(1591) Old regions: 675->695
[680.664s][info][gc,heap        ] GC(1591) Humongous regions: 8->8
[680.664s][info][gc,metaspace   ] GC(1591) Metaspace: 19168K(19328K)->19168K(19328K) NonClass: 17338K(17472K)->17338K(17472K) Class: 1829K(1856K)->1829K(1856K)
[680.664s][info][gc             ] GC(1591) Pause Young (Normal) (G1 Evacuation Pause) 781M->703M(978M) 34.586ms
[680.664s][info][gc,cpu         ] GC(1591) User=0.07s Sys=0.00s Real=0.04s
[681.080s][info][gc,start       ] GC(1592) Pause Young (Normal) (G1 Evacuation Pause)
[681.080s][info][gc,task        ] GC(1592) Using 2 workers of 2 for evacuation
[681.083s][info][gc,phases      ] GC(1592)   Pre Evacuate Collection Set: 0.43ms
[681.083s][info][gc,phases      ] GC(1592)   Merge Heap Roots: 0.11ms
[681.083s][info][gc,phases      ] GC(1592)   Evacuate Collection Set: 1.79ms
[681.083s][info][gc,phases      ] GC(1592)   Post Evacuate Collection Set: 0.52ms
[681.083s][info][gc,phases      ] GC(1592)   Other: 0.12ms
[681.083s][info][gc,heap        ] GC(1592) Eden regions: 174->0(189)
[681.083s][info][gc,heap        ] GC(1592) Survivor regions: 1->1(22)
[681.083s][info][gc,heap        ] GC(1592) Old regions: 695->695
[681.083s][info][gc,heap        ] GC(1592) Humongous regions: 8->8
[681.083s][info][gc,metaspace   ] GC(1592) Metaspace: 19168K(19328K)->19168K(19328K) NonClass: 17338K(17472K)->17338K(17472K) Class: 1829K(1856K)->1829K(1856K)
[681.083s][info][gc             ] GC(1592) Pause Young (Normal) (G1 Evacuation Pause) 877M->703M(978M) 3.318ms
[681.083s][info][gc,cpu         ] GC(1592) User=0.01s Sys=0.00s Real=0.01s
[681.139s][info][gc,marking     ] GC(1586) Concurrent Rebuild Remembered Sets and Scrub Regions 583.277ms
[681.139s][info][gc,start       ] GC(1586) Pause Cleanup
[681.140s][info][gc             ] GC(1586) Pause Cleanup 717M->717M(978M) 0.163ms
[681.140s][info][gc,cpu         ] GC(1586) User=0.00s Sys=0.00s Real=0.00s
[681.140s][info][gc,marking     ] GC(1586) Concurrent Clear Claimed Marks
[681.141s][info][gc,marking     ] GC(1586) Concurrent Clear Claimed Marks 0.044ms
[681.141s][info][gc,marking     ] GC(1586) Concurrent Cleanup for Next Mark
[681.144s][info][gc,marking     ] GC(1586) Concurrent Cleanup for Next Mark 3.025ms
[681.144s][info][gc             ] GC(1586) Concurrent Mark Cycle 2671.256ms
[681.366s][info][gc,start       ] GC(1593) Pause Young (Prepare Mixed) (G1 Evacuation Pause)
[681.366s][info][gc,task        ] GC(1593) Using 2 workers of 2 for evacuation
[681.369s][info][gc,phases      ] GC(1593)   Pre Evacuate Collection Set: 0.60ms
[681.369s][info][gc,phases      ] GC(1593)   Merge Heap Roots: 0.12ms
[681.369s][info][gc,phases      ] GC(1593)   Evacuate Collection Set: 2.05ms
[681.369s][info][gc,phases      ] GC(1593)   Post Evacuate Collection Set: 0.51ms
[681.369s][info][gc,phases      ] GC(1593)   Other: 0.13ms
[681.369s][info][gc,heap        ] GC(1593) Eden regions: 189->0(204)
[681.369s][info][gc,heap        ] GC(1593) Survivor regions: 1->1(24)
[681.369s][info][gc,heap        ] GC(1593) Old regions: 695->695
[681.369s][info][gc,heap        ] GC(1593) Humongous regions: 8->8
[681.369s][info][gc,metaspace   ] GC(1593) Metaspace: 19168K(19328K)->19168K(19328K) NonClass: 17338K(17472K)->17338K(17472K) Class: 1829K(1856K)->1829K(1856K)
[681.369s][info][gc             ] GC(1593) Pause Young (Prepare Mixed) (G1 Evacuation Pause) 892M->702M(978M) 3.679ms
[681.369s][info][gc,cpu         ] GC(1593) User=0.00s Sys=0.00s Real=0.00s
[681.636s][info][gc,start       ] GC(1594) Pause Young (Mixed) (G1 Evacuation Pause)
[681.636s][info][gc,task        ] GC(1594) Using 2 workers of 2 for evacuation
[681.640s][info][gc,phases      ] GC(1594)   Pre Evacuate Collection Set: 0.38ms
[681.640s][info][gc,phases      ] GC(1594)   Merge Heap Roots: 0.14ms
[681.640s][info][gc,phases      ] GC(1594)   Evacuate Collection Set: 2.66ms
[681.640s][info][gc,phases      ] GC(1594)   Post Evacuate Collection Set: 0.49ms
[681.640s][info][gc,phases      ] GC(1594)   Other: 0.12ms
[681.640s][info][gc,heap        ] GC(1594) Eden regions: 204->0(250)
[681.640s][info][gc,heap        ] GC(1594) Survivor regions: 1->1(26)
[681.640s][info][gc,heap        ] GC(1594) Old regions: 695->659
[681.640s][info][gc,heap        ] GC(1594) Humongous regions: 8->8
[681.640s][info][gc,metaspace   ] GC(1594) Metaspace: 19168K(19328K)->19168K(19328K) NonClass: 17338K(17472K)->17338K(17472K) Class: 1829K(1856K)->1829K(1856K)
[681.640s][info][gc             ] GC(1594) Pause Young (Mixed) (G1 Evacuation Pause) 906M->667M(978M) 4.036ms
[681.640s][info][gc,cpu         ] GC(1594) User=0.00s Sys=0.00s Real=0.00s
[681.946s][info][gc,start       ] GC(1595) Pause Young (Concurrent Start) (G1 Evacuation Pause)
[681.946s][info][gc,task        ] GC(1595) Using 2 workers of 2 for evacuation
[681.950s][info][gc,phases      ] GC(1595)   Pre Evacuate Collection Set: 0.33ms
[681.950s][info][gc,phases      ] GC(1595)   Merge Heap Roots: 0.13ms
[681.950s][info][gc,phases      ] GC(1595)   Evacuate Collection Set: 2.62ms
[681.950s][info][gc,phases      ] GC(1595)   Post Evacuate Collection Set: 0.51ms
[681.950s][info][gc,phases      ] GC(1595)   Other: 0.14ms
[681.950s][info][gc,heap        ] GC(1595) Eden regions: 250->0(259)
[681.950s][info][gc,heap        ] GC(1595) Survivor regions: 1->1(32)
[681.950s][info][gc,heap        ] GC(1595) Old regions: 659->659
[681.950s][info][gc,heap        ] GC(1595) Humongous regions: 8->8
[681.950s][info][gc,metaspace   ] GC(1595) Metaspace: 19168K(19328K)->19168K(19328K) NonClass: 17338K(17472K)->17338K(17472K) Class: 1829K(1856K)->1829K(1856K)
[681.950s][info][gc             ] GC(1595) Pause Young (Concurrent Start) (G1 Evacuation Pause) 917M->667M(978M) 3.975ms
[681.950s][info][gc,cpu         ] GC(1595) User=0.01s Sys=0.00s Real=0.00s
[681.950s][info][gc             ] GC(1596) Concurrent Mark Cycle
[681.950s][info][gc,marking     ] GC(1596) Concurrent Scan Root Regions
[681.955s][info][gc,marking     ] GC(1596) Concurrent Scan Root Regions 5.520ms
[681.955s][info][gc,marking     ] GC(1596) Concurrent Mark
[681.955s][info][gc,marking     ] GC(1596) Concurrent Mark From Roots
[681.955s][info][gc,task        ] GC(1596) Using 1 workers of 1 for marking
[682.630s][info][gc,start       ] GC(1597) Pause Young (Normal) (G1 Evacuation Pause)
[682.630s][info][gc,task        ] GC(1597) Using 2 workers of 2 for evacuation
[682.679s][info][gc,phases      ] GC(1597)   Pre Evacuate Collection Set: 0.33ms
[682.679s][info][gc,phases      ] GC(1597)   Merge Heap Roots: 0.42ms
[682.679s][info][gc,phases      ] GC(1597)   Evacuate Collection Set: 47.41ms
[682.679s][info][gc,phases      ] GC(1597)   Post Evacuate Collection Set: 0.68ms
[682.679s][info][gc,phases      ] GC(1597)   Other: 0.12ms
[682.679s][info][gc,heap        ] GC(1597) Eden regions: 259->0(216)
[682.679s][info][gc,heap        ] GC(1597) Survivor regions: 1->21(33)
[682.679s][info][gc,heap        ] GC(1597) Old regions: 659->659
[682.679s][info][gc,heap        ] GC(1597) Humongous regions: 11->11
[682.679s][info][gc,metaspace   ] GC(1597) Metaspace: 19170K(19328K)->19170K(19328K) NonClass: 17340K(17472K)->17340K(17472K) Class: 1829K(1856K)->1829K(1856K)
[682.679s][info][gc             ] GC(1597) Pause Young (Normal) (G1 Evacuation Pause) 929M->690M(978M) 49.265ms
[682.679s][info][gc,cpu         ] GC(1597) User=0.09s Sys=0.00s Real=0.05s
[683.142s][info][gc,marking     ] GC(1596) Concurrent Mark From Roots 1186.883ms
[683.142s][info][gc,marking     ] GC(1596) Concurrent Preclean
[683.143s][info][gc,marking     ] GC(1596) Concurrent Preclean 0.054ms
[683.143s][info][gc,start       ] GC(1596) Pause Remark
[683.152s][info][gc             ] GC(1596) Pause Remark 816M->669M(978M) 9.199ms
[683.152s][info][gc,cpu         ] GC(1596) User=0.01s Sys=0.00s Real=0.01s
[683.155s][info][gc,marking     ] GC(1596) Concurrent Mark 1199.926ms
[683.155s][info][gc,marking     ] GC(1596) Concurrent Rebuild Remembered Sets and Scrub Regions
[683.383s][info][gc,start       ] GC(1598) Pause Young (Normal) (G1 Evacuation Pause)
[683.383s][info][gc,task        ] GC(1598) Using 2 workers of 2 for evacuation
[683.433s][info][gc,phases      ] GC(1598)   Pre Evacuate Collection Set: 0.53ms
[683.433s][info][gc,phases      ] GC(1598)   Merge Heap Roots: 0.64ms
[683.433s][info][gc,phases      ] GC(1598)   Evacuate Collection Set: 47.97ms
[683.433s][info][gc,phases      ] GC(1598)   Post Evacuate Collection Set: 0.50ms
[683.433s][info][gc,phases      ] GC(1598)   Other: 0.12ms
[683.433s][info][gc,heap        ] GC(1598) Eden regions: 216->0(378)
[683.433s][info][gc,heap        ] GC(1598) Survivor regions: 21->1(30)
[683.433s][info][gc,heap        ] GC(1598) Old regions: 516->537
[683.433s][info][gc,heap        ] GC(1598) Humongous regions: 7->7
[683.433s][info][gc,metaspace   ] GC(1598) Metaspace: 19170K(19328K)->19170K(19328K) NonClass: 17340K(17472K)->17340K(17472K) Class: 1829K(1856K)->1829K(1856K)
[683.433s][info][gc             ] GC(1598) Pause Young (Normal) (G1 Evacuation Pause) 759M->544M(978M) 50.043ms
[683.433s][info][gc,cpu         ] GC(1598) User=0.09s Sys=0.00s Real=0.05s
[683.660s][info][gc,marking     ] GC(1596) Concurrent Rebuild Remembered Sets and Scrub Regions 504.717ms
[683.660s][info][gc,start       ] GC(1596) Pause Cleanup
[683.661s][info][gc             ] GC(1596) Pause Cleanup 643M->643M(978M) 0.238ms
[683.661s][info][gc,cpu         ] GC(1596) User=0.00s Sys=0.00s Real=0.01s
[683.661s][info][gc,marking     ] GC(1596) Concurrent Clear Claimed Marks
[683.662s][info][gc,marking     ] GC(1596) Concurrent Clear Claimed Marks 0.045ms
[683.662s][info][gc,marking     ] GC(1596) Concurrent Cleanup for Next Mark
[683.665s][info][gc,marking     ] GC(1596) Concurrent Cleanup for Next Mark 3.027ms
[683.665s][info][gc             ] GC(1596) Concurrent Mark Cycle 1714.754ms
[684.116s][info][gc,start       ] GC(1599) Pause Young (Prepare Mixed) (G1 Evacuation Pause)
[684.116s][info][gc,task        ] GC(1599) Using 2 workers of 2 for evacuation
[684.118s][info][gc,phases      ] GC(1599)   Pre Evacuate Collection Set: 0.36ms
[684.118s][info][gc,phases      ] GC(1599)   Merge Heap Roots: 0.14ms
[684.118s][info][gc,phases      ] GC(1599)   Evacuate Collection Set: 0.28ms
[684.118s][info][gc,phases      ] GC(1599)   Post Evacuate Collection Set: 0.57ms
[684.118s][info][gc,phases      ] GC(1599)   Other: 0.10ms
[684.118s][info][gc,heap        ] GC(1599) Eden regions: 378->0(382)
[684.118s][info][gc,heap        ] GC(1599) Survivor regions: 1->1(48)
[684.118s][info][gc,heap        ] GC(1599) Old regions: 537->537
[684.118s][info][gc,heap        ] GC(1599) Humongous regions: 7->7
[684.118s][info][gc,metaspace   ] GC(1599) Metaspace: 19170K(19328K)->19170K(19328K) NonClass: 17340K(17472K)->17340K(17472K) Class: 1829K(1856K)->1829K(1856K)
[684.118s][info][gc             ] GC(1599) Pause Young (Prepare Mixed) (G1 Evacuation Pause) 922M->544M(978M) 1.715ms
[684.118s][info][gc,cpu         ] GC(1599) User=0.00s Sys=0.00s Real=0.00s
[684.601s][info][gc,start       ] GC(1600) Pause Young (Mixed) (G1 Evacuation Pause)
[684.601s][info][gc,task        ] GC(1600) Using 2 workers of 2 for evacuation
[684.661s][info][gc,phases      ] GC(1600)   Pre Evacuate Collection Set: 0.59ms
[684.661s][info][gc,phases      ] GC(1600)   Merge Heap Roots: 0.40ms
[684.661s][info][gc,phases      ] GC(1600)   Evacuate Collection Set: 57.51ms
[684.661s][info][gc,phases      ] GC(1600)   Post Evacuate Collection Set: 0.83ms
[684.661s][info][gc,phases      ] GC(1600)   Other: 0.11ms
[684.661s][info][gc,heap        ] GC(1600) Eden regions: 382->0(402)
[684.661s][info][gc,heap        ] GC(1600) Survivor regions: 1->38(48)
[684.661s][info][gc,heap        ] GC(1600) Old regions: 537->443
[684.661s][info][gc,heap        ] GC(1600) Humongous regions: 7->7
[684.661s][info][gc,metaspace   ] GC(1600) Metaspace: 19170K(19328K)->19170K(19328K) NonClass: 17340K(17472K)->17340K(17472K) Class: 1829K(1856K)->1829K(1856K)
[684.661s][info][gc             ] GC(1600) Pause Young (Mixed) (G1 Evacuation Pause) 926M->486M(978M) 59.734ms
[684.661s][info][gc,cpu         ] GC(1600) User=0.12s Sys=0.00s Real=0.06s
[685.073s][info][gc,start       ] GC(1601) Pause Young (Mixed) (G1 Evacuation Pause)
[685.073s][info][gc,task        ] GC(1601) Using 2 workers of 2 for evacuation
[685.141s][info][gc,phases      ] GC(1601)   Pre Evacuate Collection Set: 0.37ms
[685.141s][info][gc,phases      ] GC(1601)   Merge Heap Roots: 0.45ms
[685.141s][info][gc,phases      ] GC(1601)   Evacuate Collection Set: 65.90ms
[685.141s][info][gc,phases      ] GC(1601)   Post Evacuate Collection Set: 0.72ms
[685.141s][info][gc,phases      ] GC(1601)   Other: 0.12ms
[685.141s][info][gc,heap        ] GC(1601) Eden regions: 402->0(438)
[685.141s][info][gc,heap        ] GC(1601) Survivor regions: 38->6(55)
[685.141s][info][gc,heap        ] GC(1601) Old regions: 443->466
[685.141s][info][gc,heap        ] GC(1601) Humongous regions: 7->7
[685.141s][info][gc,metaspace   ] GC(1601) Metaspace: 19170K(19328K)->19170K(19328K) NonClass: 17340K(17472K)->17340K(17472K) Class: 1829K(1856K)->1829K(1856K)
[685.141s][info][gc             ] GC(1601) Pause Young (Mixed) (G1 Evacuation Pause) 888M->478M(978M) 67.854ms
[685.141s][info][gc,cpu         ] GC(1601) User=0.13s Sys=0.00s Real=0.07s
[685.569s][info][gc,start       ] GC(1602) Pause Young (Concurrent Start) (G1 Evacuation Pause)
[685.569s][info][gc,task        ] GC(1602) Using 2 workers of 2 for evacuation
[685.684s][info][gc,phases      ] GC(1602)   Pre Evacuate Collection Set: 0.33ms
[685.685s][info][gc,phases      ] GC(1602)   Merge Heap Roots: 0.51ms
[685.685s][info][gc,phases      ] GC(1602)   Evacuate Collection Set: 107.35ms
[685.685s][info][gc,phases      ] GC(1602)   Post Evacuate Collection Set: 6.70ms
[685.685s][info][gc,phases      ] GC(1602)   Other: 0.22ms
[685.685s][info][gc,heap        ] GC(1602) Eden regions: 438->0(259)
[685.685s][info][gc,heap        ] GC(1602) Survivor regions: 6->56(56)
[685.685s][info][gc,heap        ] GC(1602) Old regions: 466->550
[685.685s][info][gc,heap        ] GC(1602) Humongous regions: 7->7
[685.685s][info][gc,metaspace   ] GC(1602) Metaspace: 19170K(19328K)->19170K(19328K) NonClass: 17340K(17472K)->17340K(17472K) Class: 1829K(1856K)->1829K(1856K)
[685.685s][info][gc             ] GC(1602) Pause Young (Concurrent Start) (G1 Evacuation Pause) (Evacuation Failure: Allocation) 916M->612M(978M) 115.388ms
[685.685s][info][gc             ] GC(1603) Concurrent Mark Cycle
[685.685s][info][gc,marking     ] GC(1603) Concurrent Scan Root Regions
[685.685s][info][gc,cpu         ] GC(1602) User=0.23s Sys=0.00s Real=0.12s
[685.797s][info][gc,marking     ] GC(1603) Concurrent Scan Root Regions 111.871ms
[685.797s][info][gc,marking     ] GC(1603) Concurrent Mark
[685.797s][info][gc,marking     ] GC(1603) Concurrent Mark From Roots
[685.797s][info][gc,task        ] GC(1603) Using 1 workers of 1 for marking
[686.289s][info][gc,start       ] GC(1604) Pause Young (Normal) (G1 Evacuation Pause)
[686.289s][info][gc,task        ] GC(1604) Using 2 workers of 2 for evacuation
[686.389s][info][gc,phases      ] GC(1604)   Pre Evacuate Collection Set: 0.35ms
[686.389s][info][gc,phases      ] GC(1604)   Merge Heap Roots: 0.36ms
[686.389s][info][gc,phases      ] GC(1604)   Evacuate Collection Set: 98.87ms
[686.389s][info][gc,phases      ] GC(1604)   Post Evacuate Collection Set: 0.64ms
[686.389s][info][gc,phases      ] GC(1604)   Other: 0.12ms
[686.389s][info][gc,heap        ] GC(1604) Eden regions: 259->0(345)
[686.389s][info][gc,heap        ] GC(1604) Survivor regions: 56->3(40)
[686.389s][info][gc,heap        ] GC(1604) Old regions: 550->539
[686.389s][info][gc,heap        ] GC(1604) Humongous regions: 7->7
[686.389s][info][gc,metaspace   ] GC(1604) Metaspace: 19170K(19328K)->19170K(19328K) NonClass: 17340K(17472K)->17340K(17472K) Class: 1829K(1856K)->1829K(1856K)
[686.389s][info][gc             ] GC(1604) Pause Young (Normal) (G1 Evacuation Pause) 871M->548M(978M) 100.628ms
[686.389s][info][gc,cpu         ] GC(1604) User=0.20s Sys=0.00s Real=0.10s
[686.753s][info][gc,marking     ] GC(1603) Concurrent Mark From Roots 956.214ms
[686.753s][info][gc,marking     ] GC(1603) Concurrent Preclean
[686.753s][info][gc,marking     ] GC(1603) Concurrent Preclean 0.064ms
[686.753s][info][gc,start       ] GC(1603) Pause Remark
[686.763s][info][gc             ] GC(1603) Pause Remark 701M->572M(978M) 9.383ms
[686.763s][info][gc,cpu         ] GC(1603) User=0.02s Sys=0.00s Real=0.01s
[686.763s][info][gc,marking     ] GC(1603) Concurrent Mark 966.073ms
[686.763s][info][gc,marking     ] GC(1603) Concurrent Rebuild Remembered Sets and Scrub Regions
[687.114s][info][gc,start       ] GC(1605) Pause Young (Normal) (G1 Evacuation Pause)
[687.114s][info][gc,task        ] GC(1605) Using 2 workers of 2 for evacuation
[687.133s][info][gc,phases      ] GC(1605)   Pre Evacuate Collection Set: 0.59ms
[687.133s][info][gc,phases      ] GC(1605)   Merge Heap Roots: 0.33ms
[687.133s][info][gc,phases      ] GC(1605)   Evacuate Collection Set: 17.23ms
[687.133s][info][gc,phases      ] GC(1605)   Post Evacuate Collection Set: 0.71ms
[687.133s][info][gc,phases      ] GC(1605)   Other: 0.11ms
[687.133s][info][gc,heap        ] GC(1605) Eden regions: 345->0(481)
[687.133s][info][gc,heap        ] GC(1605) Survivor regions: 3->8(44)
[687.133s][info][gc,heap        ] GC(1605) Old regions: 413->413
[687.133s][info][gc,heap        ] GC(1605) Humongous regions: 4->4
[687.133s][info][gc,metaspace   ] GC(1605) Metaspace: 19170K(19328K)->19170K(19328K) NonClass: 17340K(17472K)->17340K(17472K) Class: 1829K(1856K)->1829K(1856K)
[687.133s][info][gc             ] GC(1605) Pause Young (Normal) (G1 Evacuation Pause) 764M->424M(978M) 19.263ms
[687.133s][info][gc,cpu         ] GC(1605) User=0.04s Sys=0.00s Real=0.02s
[687.161s][info][gc,marking     ] GC(1603) Concurrent Rebuild Remembered Sets and Scrub Regions 397.842ms
[687.161s][info][gc,start       ] GC(1603) Pause Cleanup
[687.161s][info][gc             ] GC(1603) Pause Cleanup 436M->436M(978M) 0.128ms
[687.161s][info][gc,cpu         ] GC(1603) User=0.00s Sys=0.00s Real=0.00s
[687.161s][info][gc,marking     ] GC(1603) Concurrent Clear Claimed Marks
[687.162s][info][gc,marking     ] GC(1603) Concurrent Clear Claimed Marks 0.052ms
[687.162s][info][gc,marking     ] GC(1603) Concurrent Cleanup for Next Mark
[687.168s][info][gc,marking     ] GC(1603) Concurrent Cleanup for Next Mark 6.140ms
[687.168s][info][gc             ] GC(1603) Concurrent Mark Cycle 1483.115ms
[688.350s][info][gc,start       ] GC(1606) Pause Young (Prepare Mixed) (G1 Evacuation Pause)
[688.351s][info][gc,task        ] GC(1606) Using 2 workers of 2 for evacuation
[688.386s][info][gc,phases      ] GC(1606)   Pre Evacuate Collection Set: 0.35ms
[688.386s][info][gc,phases      ] GC(1606)   Merge Heap Roots: 0.33ms
[688.386s][info][gc,phases      ] GC(1606)   Evacuate Collection Set: 33.60ms
[688.386s][info][gc,phases      ] GC(1606)   Post Evacuate Collection Set: 0.79ms
[688.386s][info][gc,phases      ] GC(1606)   Other: 0.12ms
[688.386s][info][gc,heap        ] GC(1606) Eden regions: 481->0(463)
[688.386s][info][gc,heap        ] GC(1606) Survivor regions: 8->24(62)
[688.386s][info][gc,heap        ] GC(1606) Old regions: 413->413
[688.386s][info][gc,heap        ] GC(1606) Humongous regions: 4->4
[688.386s][info][gc,metaspace   ] GC(1606) Metaspace: 19170K(19328K)->19170K(19328K) NonClass: 17340K(17472K)->17340K(17472K) Class: 1829K(1856K)->1829K(1856K)
[688.386s][info][gc             ] GC(1606) Pause Young (Prepare Mixed) (G1 Evacuation Pause) 905M->440M(978M) 35.435ms
[688.386s][info][gc,cpu         ] GC(1606) User=0.07s Sys=0.00s Real=0.04s
[689.539s][info][gc,start       ] GC(1607) Pause Young (Mixed) (G1 Evacuation Pause)
[689.540s][info][gc,task        ] GC(1607) Using 2 workers of 2 for evacuation
[689.624s][info][gc,phases      ] GC(1607)   Pre Evacuate Collection Set: 0.64ms
[689.624s][info][gc,phases      ] GC(1607)   Merge Heap Roots: 0.45ms
[689.624s][info][gc,phases      ] GC(1607)   Evacuate Collection Set: 82.02ms
[689.624s][info][gc,phases      ] GC(1607)   Post Evacuate Collection Set: 1.04ms
[689.624s][info][gc,phases      ] GC(1607)   Other: 0.15ms
[689.624s][info][gc,heap        ] GC(1607) Eden regions: 463->0(433)
[689.624s][info][gc,heap        ] GC(1607) Survivor regions: 24->57(61)
[689.624s][info][gc,heap        ] GC(1607) Old regions: 413->377
[689.624s][info][gc,heap        ] GC(1607) Humongous regions: 4->4
[689.624s][info][gc,metaspace   ] GC(1607) Metaspace: 19170K(19328K)->19170K(19328K) NonClass: 17340K(17472K)->17340K(17472K) Class: 1829K(1856K)->1829K(1856K)
[689.624s][info][gc             ] GC(1607) Pause Young (Mixed) (G1 Evacuation Pause) 903M->436M(978M) 84.606ms
[689.624s][info][gc,cpu         ] GC(1607) User=0.17s Sys=0.00s Real=0.09s
[690.030s][info][gc,start       ] GC(1608) Pause Young (Concurrent Start) (G1 Evacuation Pause)
[690.031s][info][gc,task        ] GC(1608) Using 2 workers of 2 for evacuation
[690.378s][info][gc,mmu         ] GC(1608) MMU target violated: 201.0ms (200.0ms/201.0ms)
[690.378s][info][gc,phases      ] GC(1608)   Pre Evacuate Collection Set: 0.38ms
[690.378s][info][gc,phases      ] GC(1608)   Merge Heap Roots: 0.40ms
[690.378s][info][gc,phases      ] GC(1608)   Evacuate Collection Set: 305.74ms
[690.378s][info][gc,phases      ] GC(1608)   Post Evacuate Collection Set: 41.01ms
[690.378s][info][gc,phases      ] GC(1608)   Other: 0.26ms
[690.378s][info][gc,heap        ] GC(1608) Eden regions: 433->0(81)
[690.378s][info][gc,heap        ] GC(1608) Survivor regions: 57->62(62)
[690.378s][info][gc,heap        ] GC(1608) Old regions: 377->719
[690.378s][info][gc,heap        ] GC(1608) Humongous regions: 4->4
[690.378s][info][gc,metaspace   ] GC(1608) Metaspace: 19170K(19328K)->19170K(19328K) NonClass: 17340K(17472K)->17340K(17472K) Class: 1829K(1856K)->1829K(1856K)
[690.379s][info][gc             ] GC(1608) Pause Young (Concurrent Start) (G1 Evacuation Pause) (Evacuation Failure: Allocation) 869M->784M(978M) 348.121ms
[690.379s][info][gc             ] GC(1609) Concurrent Mark Cycle
[690.379s][info][gc,marking     ] GC(1609) Concurrent Scan Root Regions
[690.379s][info][gc,cpu         ] GC(1608) User=0.69s Sys=0.00s Real=0.35s
[690.410s][info][gc,start       ] GC(1610) Pause Young (Normal) (G1 Evacuation Pause)
[690.411s][info][gc,task        ] GC(1610) Using 2 workers of 2 for evacuation
[690.513s][info][gc,marking     ] GC(1609) Concurrent Scan Root Regions 133.921ms
[690.513s][info][gc,marking     ] GC(1609) Concurrent Mark
[690.513s][info][gc,marking     ] GC(1609) Concurrent Mark From Roots
[690.513s][info][gc,task        ] GC(1609) Using 1 workers of 1 for marking
[690.705s][info][gc,phases      ] GC(1610)   Pre Evacuate Collection Set: 0.54ms
[690.705s][info][gc,phases      ] GC(1610)   Merge Heap Roots: 1.98ms
[690.705s][info][gc,phases      ] GC(1610)   Evacuate Collection Set: 157.54ms
[690.705s][info][gc,phases      ] GC(1610)   Merge Optional Heap Roots: 0.17ms
[690.705s][info][gc,phases      ] GC(1610)   Evacuate Optional Collection Set: 30.38ms
[690.705s][info][gc,phases      ] GC(1610)   Post Evacuate Collection Set: 1.06ms
[690.705s][info][gc,phases      ] GC(1610)   Other: 0.22ms
[690.705s][info][gc,heap        ] GC(1610) Eden regions: 1->0(182)
[690.705s][info][gc,heap        ] GC(1610) Survivor regions: 62->1(8)
[690.705s][info][gc,heap        ] GC(1610) Old regions: 719->689
[690.705s][info][gc,heap        ] GC(1610) Humongous regions: 4->4
[690.705s][info][gc,metaspace   ] GC(1610) Metaspace: 19170K(19328K)->19170K(19328K) NonClass: 17340K(17472K)->17340K(17472K) Class: 1829K(1856K)->1829K(1856K)
[690.705s][info][gc             ] GC(1610) Pause Young (Normal) (G1 Evacuation Pause) 785M->693M(978M) 294.378ms
[690.705s][info][gc,cpu         ] GC(1610) User=0.48s Sys=0.01s Real=0.29s
[691.492s][info][gc,start       ] GC(1611) Pause Young (Normal) (G1 Evacuation Pause)
[691.492s][info][gc,task        ] GC(1611) Using 2 workers of 2 for evacuation
[691.574s][info][gc,phases      ] GC(1611)   Pre Evacuate Collection Set: 0.38ms
[691.574s][info][gc,phases      ] GC(1611)   Merge Heap Roots: 0.69ms
[691.574s][info][gc,phases      ] GC(1611)   Evacuate Collection Set: 80.01ms
[691.574s][info][gc,phases      ] GC(1611)   Post Evacuate Collection Set: 0.74ms
[691.574s][info][gc,phases      ] GC(1611)   Other: 0.12ms
[691.574s][info][gc,heap        ] GC(1611) Eden regions: 182->0(207)
[691.574s][info][gc,heap        ] GC(1611) Survivor regions: 1->20(23)
[691.574s][info][gc,heap        ] GC(1611) Old regions: 689->637
[691.574s][info][gc,heap        ] GC(1611) Humongous regions: 7->7
[691.574s][info][gc,metaspace   ] GC(1611) Metaspace: 19170K(19328K)->19170K(19328K) NonClass: 17340K(17472K)->17340K(17472K) Class: 1829K(1856K)->1829K(1856K)
[691.574s][info][gc             ] GC(1611) Pause Young (Normal) (G1 Evacuation Pause) 878M->663M(978M) 82.192ms
[691.574s][info][gc,cpu         ] GC(1611) User=0.16s Sys=0.00s Real=0.08s
[692.245s][info][gc,start       ] GC(1612) Pause Young (Normal) (G1 Evacuation Pause)
[692.245s][info][gc,task        ] GC(1612) Using 2 workers of 2 for evacuation
[692.391s][info][gc,phases      ] GC(1612)   Pre Evacuate Collection Set: 0.57ms
[692.391s][info][gc,phases      ] GC(1612)   Merge Heap Roots: 1.45ms
[692.391s][info][gc,phases      ] GC(1612)   Evacuate Collection Set: 142.64ms
[692.391s][info][gc,phases      ] GC(1612)   Post Evacuate Collection Set: 0.88ms
[692.391s][info][gc,phases      ] GC(1612)   Other: 0.13ms
[692.391s][info][gc,heap        ] GC(1612) Eden regions: 207->0(203)
[692.391s][info][gc,heap        ] GC(1612) Survivor regions: 20->29(29)
[692.391s][info][gc,heap        ] GC(1612) Old regions: 637->627
[692.391s][info][gc,heap        ] GC(1612) Humongous regions: 13->13
[692.391s][info][gc,metaspace   ] GC(1612) Metaspace: 19170K(19328K)->19170K(19328K) NonClass: 17340K(17472K)->17340K(17472K) Class: 1829K(1856K)->1829K(1856K)
[692.391s][info][gc             ] GC(1612) Pause Young (Normal) (G1 Evacuation Pause) 876M->668M(978M) 145.959ms
[692.391s][info][gc,cpu         ] GC(1612) User=0.28s Sys=0.00s Real=0.15s
[692.667s][info][gc,marking     ] GC(1609) Concurrent Mark From Roots 2154.199ms
[692.667s][info][gc,marking     ] GC(1609) Concurrent Preclean
[692.667s][info][gc,marking     ] GC(1609) Concurrent Preclean 0.047ms
[692.667s][info][gc,start       ] GC(1609) Pause Remark
[692.676s][info][gc             ] GC(1609) Pause Remark 730M->730M(978M) 8.847ms
[692.676s][info][gc,cpu         ] GC(1609) User=0.02s Sys=0.00s Real=0.01s
[692.676s][info][gc,marking     ] GC(1609) Concurrent Mark 2163.459ms
[692.676s][info][gc,marking     ] GC(1609) Concurrent Rebuild Remembered Sets and Scrub Regions
[693.124s][info][gc,start       ] GC(1613) Pause Young (Normal) (G1 Evacuation Pause)
[693.124s][info][gc,task        ] GC(1613) Using 2 workers of 2 for evacuation
[693.199s][info][gc,phases      ] GC(1613)   Pre Evacuate Collection Set: 0.56ms
[693.199s][info][gc,phases      ] GC(1613)   Merge Heap Roots: 0.96ms
[693.199s][info][gc,phases      ] GC(1613)   Evacuate Collection Set: 73.09ms
[693.199s][info][gc,phases      ] GC(1613)   Post Evacuate Collection Set: 0.47ms
[693.199s][info][gc,phases      ] GC(1613)   Other: 0.11ms
[693.199s][info][gc,heap        ] GC(1613) Eden regions: 203->0(218)
[693.199s][info][gc,heap        ] GC(1613) Survivor regions: 29->1(29)
[693.199s][info][gc,heap        ] GC(1613) Old regions: 627->656
[693.199s][info][gc,heap        ] GC(1613) Humongous regions: 13->13
[693.199s][info][gc,metaspace   ] GC(1613) Metaspace: 19170K(19328K)->19170K(19328K) NonClass: 17340K(17472K)->17340K(17472K) Class: 1829K(1856K)->1829K(1856K)
[693.199s][info][gc             ] GC(1613) Pause Young (Normal) (G1 Evacuation Pause) 871M->669M(978M) 75.490ms
[693.199s][info][gc,cpu         ] GC(1613) User=0.15s Sys=0.00s Real=0.07s
[693.399s][info][gc,marking     ] GC(1609) Concurrent Rebuild Remembered Sets and Scrub Regions 723.369ms
[693.400s][info][gc,start       ] GC(1609) Pause Cleanup
[693.400s][info][gc             ] GC(1609) Pause Cleanup 743M->743M(978M) 0.122ms
[693.400s][info][gc,cpu         ] GC(1609) User=0.00s Sys=0.00s Real=0.00s
[693.401s][info][gc,marking     ] GC(1609) Concurrent Clear Claimed Marks
[693.401s][info][gc,marking     ] GC(1609) Concurrent Clear Claimed Marks 0.063ms
[693.401s][info][gc,marking     ] GC(1609) Concurrent Cleanup for Next Mark
[693.405s][info][gc,marking     ] GC(1609) Concurrent Cleanup for Next Mark 4.225ms
[693.406s][info][gc             ] GC(1609) Concurrent Mark Cycle 3026.957ms
[693.649s][info][gc,start       ] GC(1614) Pause Young (Prepare Mixed) (G1 Evacuation Pause)
[693.649s][info][gc,task        ] GC(1614) Using 2 workers of 2 for evacuation
[693.650s][info][gc,phases      ] GC(1614)   Pre Evacuate Collection Set: 0.35ms
[693.650s][info][gc,phases      ] GC(1614)   Merge Heap Roots: 0.08ms
[693.650s][info][gc,phases      ] GC(1614)   Evacuate Collection Set: 0.21ms
[693.650s][info][gc,phases      ] GC(1614)   Post Evacuate Collection Set: 0.43ms
[693.650s][info][gc,phases      ] GC(1614)   Other: 0.09ms
[693.650s][info][gc,heap        ] GC(1614) Eden regions: 218->0(232)
[693.650s][info][gc,heap        ] GC(1614) Survivor regions: 1->1(28)
[693.650s][info][gc,heap        ] GC(1614) Old regions: 656->656
[693.650s][info][gc,heap        ] GC(1614) Humongous regions: 13->13
[693.651s][info][gc,metaspace   ] GC(1614) Metaspace: 19170K(19328K)->19170K(19328K) NonClass: 17340K(17472K)->17340K(17472K) Class: 1829K(1856K)->1829K(1856K)
[693.651s][info][gc             ] GC(1614) Pause Young (Prepare Mixed) (G1 Evacuation Pause) 887M->669M(978M) 1.407ms
[693.651s][info][gc,cpu         ] GC(1614) User=0.01s Sys=0.00s Real=0.01s
[694.052s][info][gc,start       ] GC(1615) Pause Young (Mixed) (G1 Evacuation Pause)
[694.052s][info][gc,task        ] GC(1615) Using 2 workers of 2 for evacuation
[694.053s][info][gc,phases      ] GC(1615)   Pre Evacuate Collection Set: 0.37ms
[694.053s][info][gc,phases      ] GC(1615)   Merge Heap Roots: 0.09ms
[694.053s][info][gc,phases      ] GC(1615)   Evacuate Collection Set: 0.31ms
[694.053s][info][gc,phases      ] GC(1615)   Post Evacuate Collection Set: 0.44ms
[694.053s][info][gc,phases      ] GC(1615)   Other: 0.08ms
[694.053s][info][gc,heap        ] GC(1615) Eden regions: 232->0(254)
[694.053s][info][gc,heap        ] GC(1615) Survivor regions: 1->1(30)
[694.053s][info][gc,heap        ] GC(1615) Old regions: 656->647
[694.053s][info][gc,heap        ] GC(1615) Humongous regions: 13->13
[694.053s][info][gc,metaspace   ] GC(1615) Metaspace: 19170K(19328K)->19170K(19328K) NonClass: 17340K(17472K)->17340K(17472K) Class: 1829K(1856K)->1829K(1856K)
[694.053s][info][gc             ] GC(1615) Pause Young (Mixed) (G1 Evacuation Pause) 901M->660M(978M) 1.522ms
[694.053s][info][gc,cpu         ] GC(1615) User=0.00s Sys=0.00s Real=0.00s
[694.514s][info][gc,start       ] GC(1616) Pause Young (Concurrent Start) (G1 Evacuation Pause)
[694.514s][info][gc,task        ] GC(1616) Using 2 workers of 2 for evacuation
[694.515s][info][gc,phases      ] GC(1616)   Pre Evacuate Collection Set: 0.38ms
[694.515s][info][gc,phases      ] GC(1616)   Merge Heap Roots: 0.09ms
[694.515s][info][gc,phases      ] GC(1616)   Evacuate Collection Set: 0.54ms
[694.515s][info][gc,phases      ] GC(1616)   Post Evacuate Collection Set: 0.47ms
[694.515s][info][gc,phases      ] GC(1616)   Other: 0.26ms
[694.516s][info][gc,heap        ] GC(1616) Eden regions: 254->0(266)
[694.516s][info][gc,heap        ] GC(1616) Survivor regions: 1->1(32)
[694.516s][info][gc,heap        ] GC(1616) Old regions: 647->647
[694.516s][info][gc,heap        ] GC(1616) Humongous regions: 13->13
[694.516s][info][gc,metaspace   ] GC(1616) Metaspace: 19170K(19328K)->19170K(19328K) NonClass: 17340K(17472K)->17340K(17472K) Class: 1829K(1856K)->1829K(1856K)
[694.516s][info][gc             ] GC(1616) Pause Young (Concurrent Start) (G1 Evacuation Pause) 914M->660M(978M) 1.972ms
[694.516s][info][gc             ] GC(1617) Concurrent Mark Cycle
[694.516s][info][gc,marking     ] GC(1617) Concurrent Scan Root Regions
[694.516s][info][gc,cpu         ] GC(1616) User=0.00s Sys=0.00s Real=0.00s
[694.516s][info][gc,marking     ] GC(1617) Concurrent Scan Root Regions 0.272ms
[694.516s][info][gc,marking     ] GC(1617) Concurrent Mark
[694.516s][info][gc,marking     ] GC(1617) Concurrent Mark From Roots
[694.516s][info][gc,task        ] GC(1617) Using 1 workers of 1 for marking
[695.586s][info][gc,start       ] GC(1618) Pause Young (Normal) (G1 Evacuation Pause)
[695.586s][info][gc,task        ] GC(1618) Using 2 workers of 2 for evacuation
[695.606s][info][gc,phases      ] GC(1618)   Pre Evacuate Collection Set: 0.54ms
[695.606s][info][gc,phases      ] GC(1618)   Merge Heap Roots: 0.19ms
[695.606s][info][gc,phases      ] GC(1618)   Evacuate Collection Set: 19.13ms
[695.606s][info][gc,phases      ] GC(1618)   Post Evacuate Collection Set: 0.55ms
[695.606s][info][gc,phases      ] GC(1618)   Other: 0.12ms
[695.606s][info][gc,heap        ] GC(1618) Eden regions: 266->0(240)
[695.606s][info][gc,heap        ] GC(1618) Survivor regions: 1->14(34)
[695.606s][info][gc,heap        ] GC(1618) Old regions: 647->647
[695.606s][info][gc,heap        ] GC(1618) Humongous regions: 13->13
[695.606s][info][gc,metaspace   ] GC(1618) Metaspace: 19170K(19328K)->19170K(19328K) NonClass: 17340K(17472K)->17340K(17472K) Class: 1829K(1856K)->1829K(1856K)
[695.606s][info][gc             ] GC(1618) Pause Young (Normal) (G1 Evacuation Pause) 926M->673M(978M) 20.775ms
[695.606s][info][gc,cpu         ] GC(1618) User=0.04s Sys=0.00s Real=0.02s
[696.070s][info][gc,start       ] GC(1619) Pause Young (Normal) (G1 Evacuation Pause)
[696.071s][info][gc,task        ] GC(1619) Using 2 workers of 2 for evacuation
[696.112s][info][gc,phases      ] GC(1619)   Pre Evacuate Collection Set: 0.31ms
[696.112s][info][gc,phases      ] GC(1619)   Merge Heap Roots: 0.18ms
[696.112s][info][gc,phases      ] GC(1619)   Evacuate Collection Set: 40.04ms
[696.112s][info][gc,phases      ] GC(1619)   Post Evacuate Collection Set: 0.53ms
[696.112s][info][gc,phases      ] GC(1619)   Other: 0.14ms
[696.112s][info][gc,heap        ] GC(1619) Eden regions: 240->0(203)
[696.112s][info][gc,heap        ] GC(1619) Survivor regions: 14->32(32)
[696.112s][info][gc,heap        ] GC(1619) Old regions: 647->648
[696.112s][info][gc,heap        ] GC(1619) Humongous regions: 13->13
[696.112s][info][gc,metaspace   ] GC(1619) Metaspace: 19170K(19328K)->19170K(19328K) NonClass: 17340K(17472K)->17340K(17472K) Class: 1829K(1856K)->1829K(1856K)
[696.112s][info][gc             ] GC(1619) Pause Young (Normal) (G1 Evacuation Pause) 913M->692M(978M) 41.512ms
[696.112s][info][gc,cpu         ] GC(1619) User=0.08s Sys=0.00s Real=0.04s
[696.322s][info][gc,marking     ] GC(1617) Concurrent Mark From Roots 1806.523ms
[696.323s][info][gc,marking     ] GC(1617) Concurrent Preclean
[696.323s][info][gc,marking     ] GC(1617) Concurrent Preclean 0.054ms
[696.323s][info][gc,start       ] GC(1617) Pause Remark
[696.332s][info][gc             ] GC(1617) Pause Remark 816M->720M(978M) 9.006ms
[696.332s][info][gc,cpu         ] GC(1617) User=0.01s Sys=0.00s Real=0.01s
[696.332s][info][gc,marking     ] GC(1617) Concurrent Mark 1816.600ms
[696.333s][info][gc,marking     ] GC(1617) Concurrent Rebuild Remembered Sets and Scrub Regions
[696.425s][info][gc,start       ] GC(1620) Pause Young (Normal) (G1 Evacuation Pause)
[696.425s][info][gc,task        ] GC(1620) Using 2 workers of 2 for evacuation
[696.466s][info][gc,phases      ] GC(1620)   Pre Evacuate Collection Set: 0.34ms
[696.466s][info][gc,phases      ] GC(1620)   Merge Heap Roots: 0.17ms
[696.466s][info][gc,phases      ] GC(1620)   Evacuate Collection Set: 39.69ms
[696.466s][info][gc,phases      ] GC(1620)   Post Evacuate Collection Set: 0.50ms
[696.466s][info][gc,phases      ] GC(1620)   Other: 0.12ms
[696.466s][info][gc,heap        ] GC(1620) Eden regions: 203->0(320)
[696.466s][info][gc,heap        ] GC(1620) Survivor regions: 32->2(30)
[696.466s][info][gc,heap        ] GC(1620) Old regions: 558->590
[696.466s][info][gc,heap        ] GC(1620) Humongous regions: 7->7
[696.466s][info][gc,metaspace   ] GC(1620) Metaspace: 19170K(19328K)->19170K(19328K) NonClass: 17340K(17472K)->17340K(17472K) Class: 1829K(1856K)->1829K(1856K)
[696.466s][info][gc             ] GC(1620) Pause Young (Normal) (G1 Evacuation Pause) 799M->598M(978M) 41.067ms
[696.466s][info][gc,cpu         ] GC(1620) User=0.08s Sys=0.00s Real=0.04s
[696.935s][info][gc,marking     ] GC(1617) Concurrent Rebuild Remembered Sets and Scrub Regions 602.941ms
[696.936s][info][gc,start       ] GC(1617) Pause Cleanup
[696.936s][info][gc             ] GC(1617) Pause Cleanup 799M->799M(978M) 0.243ms
[696.936s][info][gc,cpu         ] GC(1617) User=0.00s Sys=0.00s Real=0.00s
[696.938s][info][gc,marking     ] GC(1617) Concurrent Clear Claimed Marks
[696.939s][info][gc,marking     ] GC(1617) Concurrent Clear Claimed Marks 0.074ms
[696.939s][info][gc,marking     ] GC(1617) Concurrent Cleanup for Next Mark
[696.944s][info][gc,marking     ] GC(1617) Concurrent Cleanup for Next Mark 5.078ms
[696.944s][info][gc             ] GC(1617) Concurrent Mark Cycle 2428.120ms
[697.281s][info][gc,start       ] GC(1621) Pause Young (Prepare Mixed) (G1 Evacuation Pause)
[697.281s][info][gc,task        ] GC(1621) Using 2 workers of 2 for evacuation
[697.298s][info][gc,phases      ] GC(1621)   Pre Evacuate Collection Set: 0.33ms
[697.298s][info][gc,phases      ] GC(1621)   Merge Heap Roots: 0.21ms
[697.298s][info][gc,phases      ] GC(1621)   Evacuate Collection Set: 16.04ms
[697.298s][info][gc,phases      ] GC(1621)   Post Evacuate Collection Set: 0.63ms
[697.298s][info][gc,phases      ] GC(1621)   Other: 0.12ms
[697.298s][info][gc,heap        ] GC(1621) Eden regions: 320->0(309)
[697.298s][info][gc,heap        ] GC(1621) Survivor regions: 2->11(41)
[697.298s][info][gc,heap        ] GC(1621) Old regions: 590->590
[697.298s][info][gc,heap        ] GC(1621) Humongous regions: 7->7
[697.298s][info][gc,metaspace   ] GC(1621) Metaspace: 19170K(19328K)->19170K(19328K) NonClass: 17340K(17472K)->17340K(17472K) Class: 1829K(1856K)->1829K(1856K)
[697.298s][info][gc             ] GC(1621) Pause Young (Prepare Mixed) (G1 Evacuation Pause) 918M->607M(978M) 17.603ms
[697.298s][info][gc,cpu         ] GC(1621) User=0.03s Sys=0.00s Real=0.01s
[697.980s][info][gc,start       ] GC(1622) Pause Young (Mixed) (G1 Evacuation Pause)
[697.980s][info][gc,task        ] GC(1622) Using 2 workers of 2 for evacuation
[698.002s][info][gc,phases      ] GC(1622)   Pre Evacuate Collection Set: 0.61ms
[698.002s][info][gc,phases      ] GC(1622)   Merge Heap Roots: 0.30ms
[698.002s][info][gc,phases      ] GC(1622)   Evacuate Collection Set: 19.99ms
[698.002s][info][gc,phases      ] GC(1622)   Post Evacuate Collection Set: 0.68ms
[698.002s][info][gc,phases      ] GC(1622)   Other: 0.16ms
[698.002s][info][gc,heap        ] GC(1622) Eden regions: 309->0(373)
[698.002s][info][gc,heap        ] GC(1622) Survivor regions: 11->11(40)
[698.002s][info][gc,heap        ] GC(1622) Old regions: 590->526
[698.002s][info][gc,heap        ] GC(1622) Humongous regions: 7->7
[698.002s][info][gc,metaspace   ] GC(1622) Metaspace: 19170K(19328K)->19170K(19328K) NonClass: 17340K(17472K)->17340K(17472K) Class: 1829K(1856K)->1829K(1856K)
[698.002s][info][gc             ] GC(1622) Pause Young (Mixed) (G1 Evacuation Pause) 916M->543M(978M) 22.105ms
[698.002s][info][gc,cpu         ] GC(1622) User=0.04s Sys=0.00s Real=0.03s
[698.497s][info][gc,start       ] GC(1623) Pause Young (Concurrent Start) (G1 Evacuation Pause)
[698.498s][info][gc,task        ] GC(1623) Using 2 workers of 2 for evacuation
[698.581s][info][gc,phases      ] GC(1623)   Pre Evacuate Collection Set: 0.38ms
[698.581s][info][gc,phases      ] GC(1623)   Merge Heap Roots: 0.23ms
[698.581s][info][gc,phases      ] GC(1623)   Evacuate Collection Set: 81.24ms
[698.581s][info][gc,phases      ] GC(1623)   Post Evacuate Collection Set: 1.69ms
[698.581s][info][gc,phases      ] GC(1623)   Other: 0.16ms
[698.581s][info][gc,heap        ] GC(1623) Eden regions: 373->0(279)
[698.581s][info][gc,heap        ] GC(1623) Survivor regions: 11->48(48)
[698.581s][info][gc,heap        ] GC(1623) Old regions: 526->546
[698.581s][info][gc,heap        ] GC(1623) Humongous regions: 7->7
[698.581s][info][gc,metaspace   ] GC(1623) Metaspace: 19170K(19328K)->19170K(19328K) NonClass: 17340K(17472K)->17340K(17472K) Class: 1829K(1856K)->1829K(1856K)
[698.581s][info][gc             ] GC(1623) Pause Young (Concurrent Start) (G1 Evacuation Pause) (Evacuation Failure: Allocation) 916M->600M(978M) 84.006ms
[698.582s][info][gc             ] GC(1624) Concurrent Mark Cycle
[698.582s][info][gc,marking     ] GC(1624) Concurrent Scan Root Regions
[698.582s][info][gc,cpu         ] GC(1623) User=0.16s Sys=0.00s Real=0.09s
[698.660s][info][gc,marking     ] GC(1624) Concurrent Scan Root Regions 78.486ms
[698.660s][info][gc,marking     ] GC(1624) Concurrent Mark
[698.660s][info][gc,marking     ] GC(1624) Concurrent Mark From Roots
[698.660s][info][gc,task        ] GC(1624) Using 1 workers of 1 for marking
[699.629s][info][gc,start       ] GC(1625) Pause Young (Normal) (G1 Evacuation Pause)
[699.629s][info][gc,task        ] GC(1625) Using 2 workers of 2 for evacuation
[699.744s][info][gc,phases      ] GC(1625)   Pre Evacuate Collection Set: 0.60ms
[699.744s][info][gc,phases      ] GC(1625)   Merge Heap Roots: 0.47ms
[699.744s][info][gc,phases      ] GC(1625)   Evacuate Collection Set: 113.08ms
[699.744s][info][gc,phases      ] GC(1625)   Post Evacuate Collection Set: 0.70ms
[699.744s][info][gc,phases      ] GC(1625)   Other: 0.10ms
[699.744s][info][gc,heap        ] GC(1625) Eden regions: 279->0(267)
[699.744s][info][gc,heap        ] GC(1625) Survivor regions: 48->31(41)
[699.744s][info][gc,heap        ] GC(1625) Old regions: 546->589
[699.744s][info][gc,heap        ] GC(1625) Humongous regions: 10->10
[699.744s][info][gc,metaspace   ] GC(1625) Metaspace: 19170K(19328K)->19170K(19328K) NonClass: 17340K(17472K)->17340K(17472K) Class: 1829K(1856K)->1829K(1856K)
[699.744s][info][gc             ] GC(1625) Pause Young (Normal) (G1 Evacuation Pause) 882M->629M(978M) 115.246ms
[699.744s][info][gc,cpu         ] GC(1625) User=0.23s Sys=0.00s Real=0.12s
[700.639s][info][gc,marking     ] GC(1624) Concurrent Mark From Roots 1978.915ms
[700.639s][info][gc,marking     ] GC(1624) Concurrent Preclean
[700.639s][info][gc,marking     ] GC(1624) Concurrent Preclean 0.045ms
[700.639s][info][gc,start       ] GC(1624) Pause Remark
[700.650s][info][gc             ] GC(1624) Pause Remark 821M->821M(978M) 10.997ms
[700.650s][info][gc,cpu         ] GC(1624) User=0.02s Sys=0.00s Real=0.01s
[700.650s][info][gc,marking     ] GC(1624) Concurrent Mark 1990.268ms
[700.650s][info][gc,marking     ] GC(1624) Concurrent Rebuild Remembered Sets and Scrub Regions
[700.877s][info][gc,start       ] GC(1626) Pause Young (Normal) (G1 Evacuation Pause)
[700.877s][info][gc,task        ] GC(1626) Using 2 workers of 2 for evacuation
[700.934s][info][gc,phases      ] GC(1626)   Pre Evacuate Collection Set: 0.40ms
[700.934s][info][gc,phases      ] GC(1626)   Merge Heap Roots: 0.43ms
[700.934s][info][gc,phases      ] GC(1626)   Evacuate Collection Set: 54.75ms
[700.934s][info][gc,phases      ] GC(1626)   Post Evacuate Collection Set: 0.61ms
[700.934s][info][gc,phases      ] GC(1626)   Other: 0.09ms
[700.934s][info][gc,heap        ] GC(1626) Eden regions: 267->0(282)
[700.934s][info][gc,heap        ] GC(1626) Survivor regions: 31->1(38)
[700.934s][info][gc,heap        ] GC(1626) Old regions: 589->620
[700.934s][info][gc,heap        ] GC(1626) Humongous regions: 10->10
[700.934s][info][gc,metaspace   ] GC(1626) Metaspace: 19170K(19328K)->19170K(19328K) NonClass: 17340K(17472K)->17340K(17472K) Class: 1829K(1856K)->1829K(1856K)
[700.934s][info][gc             ] GC(1626) Pause Young (Normal) (G1 Evacuation Pause) 896M->630M(978M) 56.561ms
[700.934s][info][gc,cpu         ] GC(1626) User=0.11s Sys=0.00s Real=0.06s
[701.345s][info][gc,marking     ] GC(1624) Concurrent Rebuild Remembered Sets and Scrub Regions 694.396ms
[701.345s][info][gc,start       ] GC(1624) Pause Cleanup
[701.345s][info][gc             ] GC(1624) Pause Cleanup 763M->763M(978M) 0.151ms
[701.345s][info][gc,cpu         ] GC(1624) User=0.00s Sys=0.00s Real=0.00s
[701.346s][info][gc,marking     ] GC(1624) Concurrent Clear Claimed Marks
[701.346s][info][gc,marking     ] GC(1624) Concurrent Clear Claimed Marks 0.037ms
[701.346s][info][gc,marking     ] GC(1624) Concurrent Cleanup for Next Mark
[701.351s][info][gc,marking     ] GC(1624) Concurrent Cleanup for Next Mark 5.859ms
[701.352s][info][gc             ] GC(1624) Concurrent Mark Cycle 2770.007ms
[701.602s][info][gc,start       ] GC(1627) Pause Young (Prepare Mixed) (G1 Evacuation Pause)
[701.602s][info][gc,task        ] GC(1627) Using 2 workers of 2 for evacuation
[701.604s][info][gc,phases      ] GC(1627)   Pre Evacuate Collection Set: 0.57ms
[701.604s][info][gc,phases      ] GC(1627)   Merge Heap Roots: 0.13ms
[701.604s][info][gc,phases      ] GC(1627)   Evacuate Collection Set: 0.25ms
[701.604s][info][gc,phases      ] GC(1627)   Post Evacuate Collection Set: 0.49ms
[701.604s][info][gc,phases      ] GC(1627)   Other: 0.12ms
[701.604s][info][gc,heap        ] GC(1627) Eden regions: 282->0(293)
[701.604s][info][gc,heap        ] GC(1627) Survivor regions: 1->1(36)
[701.604s][info][gc,heap        ] GC(1627) Old regions: 620->620
[701.604s][info][gc,heap        ] GC(1627) Humongous regions: 10->10
[701.604s][info][gc,metaspace   ] GC(1627) Metaspace: 19170K(19328K)->19170K(19328K) NonClass: 17340K(17472K)->17340K(17472K) Class: 1829K(1856K)->1829K(1856K)
[701.604s][info][gc             ] GC(1627) Pause Young (Prepare Mixed) (G1 Evacuation Pause) 912M->630M(978M) 1.789ms
[701.604s][info][gc,cpu         ] GC(1627) User=0.00s Sys=0.00s Real=0.00s
[702.148s][info][gc,start       ] GC(1628) Pause Young (Mixed) (G1 Evacuation Pause)
[702.148s][info][gc,task        ] GC(1628) Using 2 workers of 2 for evacuation
[702.152s][info][gc,phases      ] GC(1628)   Pre Evacuate Collection Set: 0.41ms
[702.152s][info][gc,phases      ] GC(1628)   Merge Heap Roots: 0.18ms
[702.152s][info][gc,phases      ] GC(1628)   Evacuate Collection Set: 3.20ms
[702.152s][info][gc,phases      ] GC(1628)   Post Evacuate Collection Set: 0.54ms
[702.152s][info][gc,phases      ] GC(1628)   Other: 0.14ms
[702.152s][info][gc,heap        ] GC(1628) Eden regions: 293->0(306)
[702.152s][info][gc,heap        ] GC(1628) Survivor regions: 1->1(37)
[702.152s][info][gc,heap        ] GC(1628) Old regions: 620->610
[702.152s][info][gc,heap        ] GC(1628) Humongous regions: 10->10
[702.152s][info][gc,metaspace   ] GC(1628) Metaspace: 19170K(19328K)->19170K(19328K) NonClass: 17340K(17472K)->17340K(17472K) Class: 1829K(1856K)->1829K(1856K)
[702.153s][info][gc             ] GC(1628) Pause Young (Mixed) (G1 Evacuation Pause) 923M->619M(978M) 4.756ms
[702.153s][info][gc,cpu         ] GC(1628) User=0.01s Sys=0.00s Real=0.01s
[702.664s][info][gc,start       ] GC(1629) Pause Young (Concurrent Start) (G1 Evacuation Pause)
[702.664s][info][gc,task        ] GC(1629) Using 2 workers of 2 for evacuation
[702.706s][info][gc,phases      ] GC(1629)   Pre Evacuate Collection Set: 0.33ms
[702.706s][info][gc,phases      ] GC(1629)   Merge Heap Roots: 0.27ms
[702.706s][info][gc,phases      ] GC(1629)   Evacuate Collection Set: 41.09ms
[702.706s][info][gc,phases      ] GC(1629)   Post Evacuate Collection Set: 0.63ms
[702.706s][info][gc,phases      ] GC(1629)   Other: 0.15ms
[702.706s][info][gc,heap        ] GC(1629) Eden regions: 306->0(256)
[702.706s][info][gc,heap        ] GC(1629) Survivor regions: 1->26(39)
[702.706s][info][gc,heap        ] GC(1629) Old regions: 610->610
[702.706s][info][gc,heap        ] GC(1629) Humongous regions: 10->10
[702.706s][info][gc,metaspace   ] GC(1629) Metaspace: 19170K(19328K)->19170K(19328K) NonClass: 17340K(17472K)->17340K(17472K) Class: 1829K(1856K)->1829K(1856K)
[702.707s][info][gc             ] GC(1629) Pause Young (Concurrent Start) (G1 Evacuation Pause) 925M->644M(978M) 42.747ms
[702.707s][info][gc,cpu         ] GC(1629) User=0.08s Sys=0.01s Real=0.04s
[702.707s][info][gc             ] GC(1630) Concurrent Mark Cycle
[702.707s][info][gc,marking     ] GC(1630) Concurrent Scan Root Regions
[702.787s][info][gc,marking     ] GC(1630) Concurrent Scan Root Regions 80.806ms
[702.787s][info][gc,marking     ] GC(1630) Concurrent Mark
[702.788s][info][gc,marking     ] GC(1630) Concurrent Mark From Roots
[702.788s][info][gc,task        ] GC(1630) Using 1 workers of 1 for marking
[703.298s][info][gc,start       ] GC(1631) Pause Young (Normal) (G1 Evacuation Pause)
[703.298s][info][gc,task        ] GC(1631) Using 2 workers of 2 for evacuation
[703.362s][info][gc,phases      ] GC(1631)   Pre Evacuate Collection Set: 0.64ms
[703.362s][info][gc,phases      ] GC(1631)   Merge Heap Roots: 0.36ms
[703.362s][info][gc,phases      ] GC(1631)   Evacuate Collection Set: 62.20ms
[703.362s][info][gc,phases      ] GC(1631)   Post Evacuate Collection Set: 0.65ms
[703.362s][info][gc,phases      ] GC(1631)   Other: 0.10ms
[703.362s][info][gc,heap        ] GC(1631) Eden regions: 256->0(263)
[703.362s][info][gc,heap        ] GC(1631) Survivor regions: 26->10(36)
[703.362s][info][gc,heap        ] GC(1631) Old regions: 610->635
[703.362s][info][gc,heap        ] GC(1631) Humongous regions: 10->10
[703.362s][info][gc,metaspace   ] GC(1631) Metaspace: 19170K(19328K)->19170K(19328K) NonClass: 17340K(17472K)->17340K(17472K) Class: 1829K(1856K)->1829K(1856K)
[703.362s][info][gc             ] GC(1631) Pause Young (Normal) (G1 Evacuation Pause) 900M->654M(978M) 64.218ms
[703.362s][info][gc,cpu         ] GC(1631) User=0.13s Sys=0.00s Real=0.07s
[703.780s][info][gc,start       ] GC(1632) Pause Young (Normal) (G1 Evacuation Pause)
[703.780s][info][gc,task        ] GC(1632) Using 2 workers of 2 for evacuation
[703.848s][info][gc,phases      ] GC(1632)   Pre Evacuate Collection Set: 0.57ms
[703.848s][info][gc,phases      ] GC(1632)   Merge Heap Roots: 0.30ms
[703.848s][info][gc,phases      ] GC(1632)   Evacuate Collection Set: 65.54ms
[703.848s][info][gc,phases      ] GC(1632)   Post Evacuate Collection Set: 0.63ms
[703.848s][info][gc,phases      ] GC(1632)   Other: 0.13ms
[703.848s][info][gc,heap        ] GC(1632) Eden regions: 263->0(201)
[703.848s][info][gc,heap        ] GC(1632) Survivor regions: 10->35(35)
[703.848s][info][gc,heap        ] GC(1632) Old regions: 635->647
[703.848s][info][gc,heap        ] GC(1632) Humongous regions: 10->10
[703.848s][info][gc,metaspace   ] GC(1632) Metaspace: 19170K(19328K)->19170K(19328K) NonClass: 17340K(17472K)->17340K(17472K) Class: 1829K(1856K)->1829K(1856K)
[703.848s][info][gc             ] GC(1632) Pause Young (Normal) (G1 Evacuation Pause) 917M->691M(978M) 67.486ms
[703.848s][info][gc,cpu         ] GC(1632) User=0.13s Sys=0.00s Real=0.07s
[704.260s][info][gc,start       ] GC(1633) Pause Young (Normal) (G1 Evacuation Pause)
[704.260s][info][gc,task        ] GC(1633) Using 2 workers of 2 for evacuation
[704.364s][info][gc,phases      ] GC(1633)   Pre Evacuate Collection Set: 0.41ms
[704.364s][info][gc,phases      ] GC(1633)   Merge Heap Roots: 0.37ms
[704.364s][info][gc,phases      ] GC(1633)   Evacuate Collection Set: 101.94ms
[704.364s][info][gc,phases      ] GC(1633)   Post Evacuate Collection Set: 0.59ms
[704.364s][info][gc,phases      ] GC(1633)   Other: 0.15ms
[704.364s][info][gc,heap        ] GC(1633) Eden regions: 201->0(172)
[704.364s][info][gc,heap        ] GC(1633) Survivor regions: 35->30(30)
[704.364s][info][gc,heap        ] GC(1633) Old regions: 647->686
[704.364s][info][gc,heap        ] GC(1633) Humongous regions: 10->10
[704.364s][info][gc,metaspace   ] GC(1633) Metaspace: 19170K(19328K)->19170K(19328K) NonClass: 17340K(17472K)->17340K(17472K) Class: 1829K(1856K)->1829K(1856K)
[704.364s][info][gc             ] GC(1633) Pause Young (Normal) (G1 Evacuation Pause) 892M->725M(978M) 103.826ms
[704.364s][info][gc,cpu         ] GC(1633) User=0.21s Sys=0.00s Real=0.11s
[704.844s][info][gc,start       ] GC(1634) Pause Young (Normal) (G1 Evacuation Pause)
[704.844s][info][gc,task        ] GC(1634) Using 2 workers of 2 for evacuation
[704.931s][info][gc,phases      ] GC(1634)   Pre Evacuate Collection Set: 0.86ms
[704.931s][info][gc,phases      ] GC(1634)   Merge Heap Roots: 0.39ms
[704.931s][info][gc,phases      ] GC(1634)   Evacuate Collection Set: 84.72ms
[704.931s][info][gc,phases      ] GC(1634)   Post Evacuate Collection Set: 0.73ms
[704.931s][info][gc,phases      ] GC(1634)   Other: 0.17ms
[704.931s][info][gc,heap        ] GC(1634) Eden regions: 172->0(171)
[704.931s][info][gc,heap        ] GC(1634) Survivor regions: 30->15(26)
[704.931s][info][gc,heap        ] GC(1634) Old regions: 686->717
[704.931s][info][gc,heap        ] GC(1634) Humongous regions: 10->10
[704.931s][info][gc,metaspace   ] GC(1634) Metaspace: 19170K(19328K)->19170K(19328K) NonClass: 17340K(17472K)->17340K(17472K) Class: 1829K(1856K)->1829K(1856K)
[704.931s][info][gc             ] GC(1634) Pause Young (Normal) (G1 Evacuation Pause) 897M->741M(978M) 87.293ms
[704.931s][info][gc,cpu         ] GC(1634) User=0.17s Sys=0.00s Real=0.09s
[704.942s][info][gc,marking     ] GC(1630) Concurrent Mark From Roots 2154.342ms
[704.942s][info][gc,marking     ] GC(1630) Concurrent Preclean
[704.942s][info][gc,marking     ] GC(1630) Concurrent Preclean 0.081ms
[704.942s][info][gc,start       ] GC(1630) Pause Remark
[704.956s][info][gc             ] GC(1630) Pause Remark 745M->678M(978M) 14.224ms
[704.957s][info][gc,cpu         ] GC(1630) User=0.03s Sys=0.00s Real=0.01s
[704.957s][info][gc,marking     ] GC(1630) Concurrent Mark 2169.071ms
[704.957s][info][gc,marking     ] GC(1630) Concurrent Rebuild Remembered Sets and Scrub Regions
[705.365s][info][gc,start       ] GC(1635) Pause Young (Normal) (G1 Evacuation Pause)
[705.365s][info][gc,task        ] GC(1635) Using 2 workers of 2 for evacuation
[705.415s][info][gc,phases      ] GC(1635)   Pre Evacuate Collection Set: 0.45ms
[705.415s][info][gc,phases      ] GC(1635)   Merge Heap Roots: 0.39ms
[705.415s][info][gc,phases      ] GC(1635)   Evacuate Collection Set: 48.20ms
[705.415s][info][gc,phases      ] GC(1635)   Post Evacuate Collection Set: 0.60ms
[705.415s][info][gc,phases      ] GC(1635)   Other: 0.12ms
[705.415s][info][gc,heap        ] GC(1635) Eden regions: 171->0(232)
[705.415s][info][gc,heap        ] GC(1635) Survivor regions: 15->3(24)
[705.415s][info][gc,heap        ] GC(1635) Old regions: 653->668
[705.415s][info][gc,heap        ] GC(1635) Humongous regions: 7->7
[705.415s][info][gc,metaspace   ] GC(1635) Metaspace: 19170K(19328K)->19170K(19328K) NonClass: 17340K(17472K)->17340K(17472K) Class: 1829K(1856K)->1829K(1856K)
[705.415s][info][gc             ] GC(1635) Pause Young (Normal) (G1 Evacuation Pause) 845M->677M(978M) 50.109ms
[705.415s][info][gc,cpu         ] GC(1635) User=0.10s Sys=0.00s Real=0.05s
[705.805s][info][gc,marking     ] GC(1630) Concurrent Rebuild Remembered Sets and Scrub Regions 848.580ms
[705.805s][info][gc,start       ] GC(1630) Pause Cleanup
[705.806s][info][gc             ] GC(1630) Pause Cleanup 834M->834M(978M) 0.243ms
[705.806s][info][gc,cpu         ] GC(1630) User=0.00s Sys=0.00s Real=0.00s
[705.806s][info][gc,marking     ] GC(1630) Concurrent Clear Claimed Marks
[705.807s][info][gc,marking     ] GC(1630) Concurrent Clear Claimed Marks 0.067ms
[705.807s][info][gc,marking     ] GC(1630) Concurrent Cleanup for Next Mark
[705.812s][info][gc,marking     ] GC(1630) Concurrent Cleanup for Next Mark 5.877ms
[705.813s][info][gc             ] GC(1630) Concurrent Mark Cycle 3105.929ms
[705.921s][info][gc,start       ] GC(1636) Pause Young (Prepare Mixed) (G1 Evacuation Pause)
[705.921s][info][gc,task        ] GC(1636) Using 2 workers of 2 for evacuation
[705.949s][info][gc,phases      ] GC(1636)   Pre Evacuate Collection Set: 0.60ms
[705.949s][info][gc,phases      ] GC(1636)   Merge Heap Roots: 0.40ms
[705.949s][info][gc,phases      ] GC(1636)   Evacuate Collection Set: 26.36ms
[705.949s][info][gc,phases      ] GC(1636)   Post Evacuate Collection Set: 0.64ms
[705.949s][info][gc,phases      ] GC(1636)   Other: 0.13ms
[705.949s][info][gc,heap        ] GC(1636) Eden regions: 232->0(242)
[705.949s][info][gc,heap        ] GC(1636) Survivor regions: 3->4(30)
[705.949s][info][gc,heap        ] GC(1636) Old regions: 668->668
[705.949s][info][gc,heap        ] GC(1636) Humongous regions: 7->7
[705.949s][info][gc,metaspace   ] GC(1636) Metaspace: 19170K(19328K)->19170K(19328K) NonClass: 17340K(17472K)->17340K(17472K) Class: 1829K(1856K)->1829K(1856K)
[705.949s][info][gc             ] GC(1636) Pause Young (Prepare Mixed) (G1 Evacuation Pause) 909M->678M(978M) 28.394ms
[705.949s][info][gc,cpu         ] GC(1636) User=0.06s Sys=0.00s Real=0.02s
[706.393s][info][gc,start       ] GC(1637) Pause Young (Mixed) (G1 Evacuation Pause)
[706.393s][info][gc,task        ] GC(1637) Using 2 workers of 2 for evacuation
[706.453s][info][gc,phases      ] GC(1637)   Pre Evacuate Collection Set: 0.42ms
[706.453s][info][gc,phases      ] GC(1637)   Merge Heap Roots: 0.90ms
[706.453s][info][gc,phases      ] GC(1637)   Evacuate Collection Set: 57.22ms
[706.453s][info][gc,phases      ] GC(1637)   Post Evacuate Collection Set: 0.76ms
[706.453s][info][gc,phases      ] GC(1637)   Other: 0.16ms
[706.453s][info][gc,heap        ] GC(1637) Eden regions: 242->0(293)
[706.453s][info][gc,heap        ] GC(1637) Survivor regions: 4->9(31)
[706.453s][info][gc,heap        ] GC(1637) Old regions: 668->610
[706.453s][info][gc,heap        ] GC(1637) Humongous regions: 7->7
[706.453s][info][gc,metaspace   ] GC(1637) Metaspace: 19170K(19328K)->19170K(19328K) NonClass: 17340K(17472K)->17340K(17472K) Class: 1829K(1856K)->1829K(1856K)
[706.453s][info][gc             ] GC(1637) Pause Young (Mixed) (G1 Evacuation Pause) 920M->625M(978M) 59.802ms
[706.453s][info][gc,cpu         ] GC(1637) User=0.12s Sys=0.00s Real=0.06s
[706.792s][info][gc,start       ] GC(1638) Pause Young (Concurrent Start) (G1 Evacuation Pause)
[706.792s][info][gc,task        ] GC(1638) Using 2 workers of 2 for evacuation
[706.947s][info][gc,phases      ] GC(1638)   Pre Evacuate Collection Set: 0.43ms
[706.947s][info][gc,phases      ] GC(1638)   Merge Heap Roots: 0.38ms
[706.947s][info][gc,phases      ] GC(1638)   Evacuate Collection Set: 139.83ms
[706.947s][info][gc,phases      ] GC(1638)   Post Evacuate Collection Set: 14.75ms
[706.947s][info][gc,phases      ] GC(1638)   Other: 0.28ms
[706.947s][info][gc,heap        ] GC(1638) Eden regions: 293->0(65)
[706.947s][info][gc,heap        ] GC(1638) Survivor regions: 9->38(38)
[706.947s][info][gc,heap        ] GC(1638) Old regions: 610->780
[706.947s][info][gc,heap        ] GC(1638) Humongous regions: 7->7
[706.948s][info][gc,metaspace   ] GC(1638) Metaspace: 19170K(19328K)->19170K(19328K) NonClass: 17340K(17472K)->17340K(17472K) Class: 1829K(1856K)->1829K(1856K)
[706.948s][info][gc             ] GC(1638) Pause Young (Concurrent Start) (G1 Evacuation Pause) (Evacuation Failure: Allocation) 918M->824M(978M) 155.956ms
[706.948s][info][gc,cpu         ] GC(1638) User=0.30s Sys=0.00s Real=0.15s
[706.948s][info][gc             ] GC(1639) Concurrent Mark Cycle
[706.950s][info][gc,marking     ] GC(1639) Concurrent Scan Root Regions
[707.123s][info][gc,marking     ] GC(1639) Concurrent Scan Root Regions 173.841ms
[707.124s][info][gc,marking     ] GC(1639) Concurrent Mark
[707.124s][info][gc,marking     ] GC(1639) Concurrent Mark From Roots
[707.124s][info][gc,task        ] GC(1639) Using 1 workers of 1 for marking
[707.282s][info][gc,start       ] GC(1640) Pause Young (Normal) (G1 Evacuation Pause)
[707.282s][info][gc,task        ] GC(1640) Using 2 workers of 2 for evacuation
[707.374s][info][gc,phases      ] GC(1640)   Pre Evacuate Collection Set: 0.44ms
[707.374s][info][gc,phases      ] GC(1640)   Merge Heap Roots: 0.68ms
[707.374s][info][gc,phases      ] GC(1640)   Evacuate Collection Set: 90.04ms
[707.374s][info][gc,phases      ] GC(1640)   Post Evacuate Collection Set: 0.69ms
[707.374s][info][gc,phases      ] GC(1640)   Other: 0.09ms
[707.374s][info][gc,heap        ] GC(1640) Eden regions: 65->0(175)
[707.374s][info][gc,heap        ] GC(1640) Survivor regions: 38->13(13)
[707.374s][info][gc,heap        ] GC(1640) Old regions: 780->720
[707.374s][info][gc,heap        ] GC(1640) Humongous regions: 7->7
[707.374s][info][gc,metaspace   ] GC(1640) Metaspace: 19170K(19328K)->19170K(19328K) NonClass: 17340K(17472K)->17340K(17472K) Class: 1829K(1856K)->1829K(1856K)
[707.374s][info][gc             ] GC(1640) Pause Young (Normal) (G1 Evacuation Pause) 889M->739M(978M) 92.188ms
[707.374s][info][gc,cpu         ] GC(1640) User=0.18s Sys=0.00s Real=0.09s
[707.752s][info][gc,start       ] GC(1641) Pause Young (Normal) (G1 Evacuation Pause)
[707.752s][info][gc,task        ] GC(1641) Using 2 workers of 2 for evacuation
[707.784s][info][gc,phases      ] GC(1641)   Pre Evacuate Collection Set: 0.35ms
[707.784s][info][gc,phases      ] GC(1641)   Merge Heap Roots: 0.20ms
[707.784s][info][gc,phases      ] GC(1641)   Evacuate Collection Set: 31.06ms
[707.784s][info][gc,phases      ] GC(1641)   Post Evacuate Collection Set: 0.51ms
[707.784s][info][gc,phases      ] GC(1641)   Other: 0.08ms
[707.784s][info][gc,heap        ] GC(1641) Eden regions: 175->0(187)
[707.784s][info][gc,heap        ] GC(1641) Survivor regions: 13->9(24)
[707.784s][info][gc,heap        ] GC(1641) Old regions: 720->716
[707.784s][info][gc,heap        ] GC(1641) Humongous regions: 7->7
[707.784s][info][gc,metaspace   ] GC(1641) Metaspace: 19170K(19328K)->19170K(19328K) NonClass: 17340K(17472K)->17340K(17472K) Class: 1829K(1856K)->1829K(1856K)
[707.784s][info][gc             ] GC(1641) Pause Young (Normal) (G1 Evacuation Pause) 914M->730M(978M) 32.445ms
[707.784s][info][gc,cpu         ] GC(1641) User=0.06s Sys=0.00s Real=0.03s
[708.257s][info][gc,start       ] GC(1642) Pause Young (Normal) (G1 Evacuation Pause)
[708.257s][info][gc,task        ] GC(1642) Using 2 workers of 2 for evacuation
[708.277s][info][gc,phases      ] GC(1642)   Pre Evacuate Collection Set: 0.42ms
[708.277s][info][gc,phases      ] GC(1642)   Merge Heap Roots: 0.25ms
[708.277s][info][gc,phases      ] GC(1642)   Evacuate Collection Set: 18.56ms
[708.277s][info][gc,phases      ] GC(1642)   Post Evacuate Collection Set: 0.52ms
[708.277s][info][gc,phases      ] GC(1642)   Other: 0.11ms
[708.277s][info][gc,heap        ] GC(1642) Eden regions: 187->0(183)
[708.277s][info][gc,heap        ] GC(1642) Survivor regions: 9->11(25)
[708.277s][info][gc,heap        ] GC(1642) Old regions: 716->716
[708.277s][info][gc,heap        ] GC(1642) Humongous regions: 7->7
[708.277s][info][gc,metaspace   ] GC(1642) Metaspace: 19170K(19328K)->19170K(19328K) NonClass: 17340K(17472K)->17340K(17472K) Class: 1829K(1856K)->1829K(1856K)
[708.277s][info][gc             ] GC(1642) Pause Young (Normal) (G1 Evacuation Pause) 917M->732M(978M) 20.164ms
[708.277s][info][gc,cpu         ] GC(1642) User=0.04s Sys=0.00s Real=0.02s
[708.947s][info][gc,start       ] GC(1643) Pause Young (Normal) (G1 Evacuation Pause)
[708.947s][info][gc,task        ] GC(1643) Using 2 workers of 2 for evacuation
[708.967s][info][gc,phases      ] GC(1643)   Pre Evacuate Collection Set: 0.57ms
[708.967s][info][gc,phases      ] GC(1643)   Merge Heap Roots: 0.25ms
[708.967s][info][gc,phases      ] GC(1643)   Evacuate Collection Set: 18.94ms
[708.967s][info][gc,phases      ] GC(1643)   Post Evacuate Collection Set: 0.57ms
[708.967s][info][gc,phases      ] GC(1643)   Other: 0.09ms
[708.967s][info][gc,heap        ] GC(1643) Eden regions: 183->0(183)
[708.967s][info][gc,heap        ] GC(1643) Survivor regions: 11->11(25)
[708.967s][info][gc,heap        ] GC(1643) Old regions: 716->716
[708.967s][info][gc,heap        ] GC(1643) Humongous regions: 7->7
[708.967s][info][gc,metaspace   ] GC(1643) Metaspace: 19170K(19328K)->19170K(19328K) NonClass: 17340K(17472K)->17340K(17472K) Class: 1829K(1856K)->1829K(1856K)
[708.967s][info][gc             ] GC(1643) Pause Young (Normal) (G1 Evacuation Pause) 915M->733M(978M) 20.708ms
[708.967s][info][gc,cpu         ] GC(1643) User=0.04s Sys=0.00s Real=0.02s
[709.312s][info][gc,start       ] GC(1644) Pause Young (Normal) (G1 Evacuation Pause)
[709.312s][info][gc,task        ] GC(1644) Using 2 workers of 2 for evacuation
[709.334s][info][gc,phases      ] GC(1644)   Pre Evacuate Collection Set: 0.54ms
[709.334s][info][gc,phases      ] GC(1644)   Merge Heap Roots: 0.23ms
[709.334s][info][gc,phases      ] GC(1644)   Evacuate Collection Set: 20.43ms
[709.334s][info][gc,phases      ] GC(1644)   Post Evacuate Collection Set: 0.69ms
[709.334s][info][gc,phases      ] GC(1644)   Other: 0.09ms
[709.334s][info][gc,heap        ] GC(1644) Eden regions: 183->0(179)
[709.334s][info][gc,heap        ] GC(1644) Survivor regions: 11->13(25)
[709.334s][info][gc,heap        ] GC(1644) Old regions: 716->716
[709.334s][info][gc,heap        ] GC(1644) Humongous regions: 7->7
[709.334s][info][gc,metaspace   ] GC(1644) Metaspace: 19170K(19328K)->19170K(19328K) NonClass: 17340K(17472K)->17340K(17472K) Class: 1829K(1856K)->1829K(1856K)
[709.334s][info][gc             ] GC(1644) Pause Young (Normal) (G1 Evacuation Pause) 916M->735M(978M) 22.233ms
[709.334s][info][gc,cpu         ] GC(1644) User=0.04s Sys=0.00s Real=0.02s
[709.683s][info][gc,marking     ] GC(1639) Concurrent Mark From Roots 2559.783ms
[709.683s][info][gc,marking     ] GC(1639) Concurrent Preclean
[709.683s][info][gc,marking     ] GC(1639) Concurrent Preclean 0.064ms
[709.684s][info][gc,start       ] GC(1639) Pause Remark
[709.694s][info][gc             ] GC(1639) Pause Remark 833M->833M(978M) 10.354ms
[709.694s][info][gc,cpu         ] GC(1639) User=0.02s Sys=0.00s Real=0.01s
[709.694s][info][gc,marking     ] GC(1639) Concurrent Mark 2570.626ms
[709.694s][info][gc,marking     ] GC(1639) Concurrent Rebuild Remembered Sets and Scrub Regions
[710.050s][info][gc,start       ] GC(1645) Pause Young (Normal) (G1 Evacuation Pause)
[710.050s][info][gc,task        ] GC(1645) Using 2 workers of 2 for evacuation
[710.106s][info][gc,phases      ] GC(1645)   Pre Evacuate Collection Set: 0.55ms
[710.106s][info][gc,phases      ] GC(1645)   Merge Heap Roots: 0.52ms
[710.106s][info][gc,phases      ] GC(1645)   Evacuate Collection Set: 53.95ms
[710.106s][info][gc,phases      ] GC(1645)   Post Evacuate Collection Set: 0.67ms
[710.106s][info][gc,phases      ] GC(1645)   Other: 0.10ms
[710.106s][info][gc,heap        ] GC(1645) Eden regions: 179->0(152)
[710.106s][info][gc,heap        ] GC(1645) Survivor regions: 13->21(24)
[710.106s][info][gc,heap        ] GC(1645) Old regions: 716->724
[710.106s][info][gc,heap        ] GC(1645) Humongous regions: 10->10
[710.106s][info][gc,metaspace   ] GC(1645) Metaspace: 19173K(19392K)->19173K(19392K) NonClass: 17343K(17536K)->17343K(17536K) Class: 1829K(1856K)->1829K(1856K)
[710.106s][info][gc             ] GC(1645) Pause Young (Normal) (G1 Evacuation Pause) 917M->753M(978M) 56.092ms
[710.106s][info][gc,cpu         ] GC(1645) User=0.11s Sys=0.00s Real=0.06s
[710.457s][info][gc,start       ] GC(1646) Pause Young (Normal) (G1 Evacuation Pause)
[710.457s][info][gc,task        ] GC(1646) Using 2 workers of 2 for evacuation
[710.532s][info][gc,phases      ] GC(1646)   Pre Evacuate Collection Set: 0.35ms
[710.532s][info][gc,phases      ] GC(1646)   Merge Heap Roots: 0.48ms
[710.532s][info][gc,phases      ] GC(1646)   Evacuate Collection Set: 73.38ms
[710.532s][info][gc,phases      ] GC(1646)   Post Evacuate Collection Set: 0.49ms
[710.532s][info][gc,phases      ] GC(1646)   Other: 0.10ms
[710.532s][info][gc,heap        ] GC(1646) Eden regions: 152->0(126)
[710.532s][info][gc,heap        ] GC(1646) Survivor regions: 21->22(22)
[710.532s][info][gc,heap        ] GC(1646) Old regions: 724->748
[710.532s][info][gc,heap        ] GC(1646) Humongous regions: 10->10
[710.532s][info][gc,metaspace   ] GC(1646) Metaspace: 19173K(19392K)->19173K(19392K) NonClass: 17343K(17536K)->17343K(17536K) Class: 1829K(1856K)->1829K(1856K)
[710.532s][info][gc             ] GC(1646) Pause Young (Normal) (G1 Evacuation Pause) 905M->779M(978M) 75.083ms
[710.532s][info][gc,cpu         ] GC(1646) User=0.15s Sys=0.00s Real=0.08s
[710.692s][info][gc,marking     ] GC(1639) Concurrent Rebuild Remembered Sets and Scrub Regions 997.554ms
[710.692s][info][gc,start       ] GC(1639) Pause Cleanup
[710.692s][info][gc             ] GC(1639) Pause Cleanup 843M->843M(978M) 0.144ms
[710.692s][info][gc,cpu         ] GC(1639) User=0.00s Sys=0.00s Real=0.00s
[710.692s][info][gc,marking     ] GC(1639) Concurrent Clear Claimed Marks
[710.692s][info][gc,marking     ] GC(1639) Concurrent Clear Claimed Marks 0.033ms
[710.692s][info][gc,marking     ] GC(1639) Concurrent Cleanup for Next Mark
[710.695s][info][gc,marking     ] GC(1639) Concurrent Cleanup for Next Mark 3.073ms
[710.695s][info][gc             ] GC(1639) Concurrent Mark Cycle 3747.658ms
[710.783s][info][gc,start       ] GC(1647) Pause Young (Prepare Mixed) (G1 Evacuation Pause)
[710.783s][info][gc,task        ] GC(1647) Using 2 workers of 2 for evacuation
[710.827s][info][gc,phases      ] GC(1647)   Pre Evacuate Collection Set: 0.57ms
[710.827s][info][gc,phases      ] GC(1647)   Merge Heap Roots: 0.20ms
[710.827s][info][gc,phases      ] GC(1647)   Evacuate Collection Set: 42.32ms
[710.827s][info][gc,phases      ] GC(1647)   Post Evacuate Collection Set: 0.49ms
[710.827s][info][gc,phases      ] GC(1647)   Other: 0.09ms
[710.827s][info][gc,heap        ] GC(1647) Eden regions: 126->0(124)
[710.827s][info][gc,heap        ] GC(1647) Survivor regions: 22->12(19)
[710.827s][info][gc,heap        ] GC(1647) Old regions: 748->770
[710.827s][info][gc,heap        ] GC(1647) Humongous regions: 10->10
[710.827s][info][gc,metaspace   ] GC(1647) Metaspace: 19173K(19392K)->19173K(19392K) NonClass: 17343K(17536K)->17343K(17536K) Class: 1829K(1856K)->1829K(1856K)
[710.827s][info][gc             ] GC(1647) Pause Young (Prepare Mixed) (G1 Evacuation Pause) 905M->791M(978M) 43.921ms
[710.827s][info][gc,cpu         ] GC(1647) User=0.08s Sys=0.00s Real=0.04s
[710.999s][info][gc,start       ] GC(1648) Pause Young (Mixed) (G1 Evacuation Pause)
[710.999s][info][gc,task        ] GC(1648) Using 2 workers of 2 for evacuation
[711.076s][info][gc,phases      ] GC(1648)   Pre Evacuate Collection Set: 0.43ms
[711.076s][info][gc,phases      ] GC(1648)   Merge Heap Roots: 0.84ms
[711.076s][info][gc,phases      ] GC(1648)   Evacuate Collection Set: 74.93ms
[711.076s][info][gc,phases      ] GC(1648)   Post Evacuate Collection Set: 0.50ms
[711.076s][info][gc,phases      ] GC(1648)   Other: 0.12ms
[711.076s][info][gc,heap        ] GC(1648) Eden regions: 124->0(137)
[711.076s][info][gc,heap        ] GC(1648) Survivor regions: 12->3(17)
[711.076s][info][gc,heap        ] GC(1648) Old regions: 770->775
[711.076s][info][gc,heap        ] GC(1648) Humongous regions: 10->10
[711.076s][info][gc,metaspace   ] GC(1648) Metaspace: 19173K(19392K)->19173K(19392K) NonClass: 17343K(17536K)->17343K(17536K) Class: 1829K(1856K)->1829K(1856K)
[711.076s][info][gc             ] GC(1648) Pause Young (Mixed) (G1 Evacuation Pause) 915M->787M(978M) 77.129ms
[711.076s][info][gc,cpu         ] GC(1648) User=0.16s Sys=0.00s Real=0.08s
[711.276s][info][gc,start       ] GC(1649) Pause Young (Concurrent Start) (G1 Evacuation Pause)
[711.276s][info][gc,task        ] GC(1649) Using 2 workers of 2 for evacuation
[711.301s][info][gc,phases      ] GC(1649)   Pre Evacuate Collection Set: 0.42ms
[711.301s][info][gc,phases      ] GC(1649)   Merge Heap Roots: 0.61ms
[711.301s][info][gc,phases      ] GC(1649)   Evacuate Collection Set: 23.04ms
[711.301s][info][gc,phases      ] GC(1649)   Post Evacuate Collection Set: 0.57ms
[711.301s][info][gc,phases      ] GC(1649)   Other: 0.17ms
[711.301s][info][gc,heap        ] GC(1649) Eden regions: 137->0(131)
[711.301s][info][gc,heap        ] GC(1649) Survivor regions: 3->6(18)
[711.301s][info][gc,heap        ] GC(1649) Old regions: 775->775
[711.301s][info][gc,heap        ] GC(1649) Humongous regions: 10->10
[711.301s][info][gc,metaspace   ] GC(1649) Metaspace: 19173K(19392K)->19173K(19392K) NonClass: 17343K(17536K)->17343K(17536K) Class: 1829K(1856K)->1829K(1856K)
[711.301s][info][gc             ] GC(1649) Pause Young (Concurrent Start) (G1 Evacuation Pause) 924M->789M(978M) 25.091ms
[711.301s][info][gc,cpu         ] GC(1649) User=0.05s Sys=0.00s Real=0.03s
[711.303s][info][gc             ] GC(1650) Concurrent Mark Cycle
[711.303s][info][gc,marking     ] GC(1650) Concurrent Scan Root Regions
[711.311s][info][gc,marking     ] GC(1650) Concurrent Scan Root Regions 7.944ms
[711.311s][info][gc,marking     ] GC(1650) Concurrent Mark
[711.311s][info][gc,marking     ] GC(1650) Concurrent Mark From Roots
[711.311s][info][gc,task        ] GC(1650) Using 1 workers of 1 for marking
[711.636s][info][gc,start       ] GC(1651) Pause Young (Normal) (G1 Evacuation Pause)
[711.637s][info][gc,task        ] GC(1651) Using 2 workers of 2 for evacuation
[711.649s][info][gc,phases      ] GC(1651)   Pre Evacuate Collection Set: 0.55ms
[711.649s][info][gc,phases      ] GC(1651)   Merge Heap Roots: 0.20ms
[711.649s][info][gc,phases      ] GC(1651)   Evacuate Collection Set: 11.01ms
[711.649s][info][gc,phases      ] GC(1651)   Post Evacuate Collection Set: 0.46ms
[711.649s][info][gc,phases      ] GC(1651)   Other: 0.13ms
[711.649s][info][gc,heap        ] GC(1651) Eden regions: 131->0(129)
[711.649s][info][gc,heap        ] GC(1651) Survivor regions: 6->7(18)
[711.649s][info][gc,heap        ] GC(1651) Old regions: 775->775
[711.649s][info][gc,heap        ] GC(1651) Humongous regions: 10->10
[711.649s][info][gc,metaspace   ] GC(1651) Metaspace: 19174K(19392K)->19174K(19392K) NonClass: 17344K(17536K)->17344K(17536K) Class: 1829K(1856K)->1829K(1856K)
[711.649s][info][gc             ] GC(1651) Pause Young (Normal) (G1 Evacuation Pause) 920M->790M(978M) 12.606ms
[711.649s][info][gc,cpu         ] GC(1651) User=0.02s Sys=0.00s Real=0.01s
[711.796s][info][gc,start       ] GC(1652) Pause Young (Normal) (G1 Evacuation Pause)
[711.796s][info][gc,task        ] GC(1652) Using 2 workers of 2 for evacuation
[711.807s][info][gc,phases      ] GC(1652)   Pre Evacuate Collection Set: 0.34ms
[711.807s][info][gc,phases      ] GC(1652)   Merge Heap Roots: 0.16ms
[711.807s][info][gc,phases      ] GC(1652)   Evacuate Collection Set: 9.77ms
[711.807s][info][gc,phases      ] GC(1652)   Post Evacuate Collection Set: 0.43ms
[711.807s][info][gc,phases      ] GC(1652)   Other: 0.10ms
[711.807s][info][gc,heap        ] GC(1652) Eden regions: 129->0(131)
[711.807s][info][gc,heap        ] GC(1652) Survivor regions: 7->6(17)
[711.807s][info][gc,heap        ] GC(1652) Old regions: 775->775
[711.807s][info][gc,heap        ] GC(1652) Humongous regions: 10->10
[711.807s][info][gc,metaspace   ] GC(1652) Metaspace: 19174K(19392K)->19174K(19392K) NonClass: 17344K(17536K)->17344K(17536K) Class: 1829K(1856K)->1829K(1856K)
[711.807s][info][gc             ] GC(1652) Pause Young (Normal) (G1 Evacuation Pause) 919M->790M(978M) 11.072ms
[711.807s][info][gc,cpu         ] GC(1652) User=0.02s Sys=0.00s Real=0.01s
[712.053s][info][gc,start       ] GC(1653) Pause Young (Normal) (G1 Evacuation Pause)
[712.053s][info][gc,task        ] GC(1653) Using 2 workers of 2 for evacuation
[712.071s][info][gc,phases      ] GC(1653)   Pre Evacuate Collection Set: 0.34ms
[712.071s][info][gc,phases      ] GC(1653)   Merge Heap Roots: 0.19ms
[712.071s][info][gc,phases      ] GC(1653)   Evacuate Collection Set: 16.68ms
[712.071s][info][gc,phases      ] GC(1653)   Post Evacuate Collection Set: 0.44ms
[712.071s][info][gc,phases      ] GC(1653)   Other: 0.08ms
[712.071s][info][gc,heap        ] GC(1653) Eden regions: 131->0(121)
[712.071s][info][gc,heap        ] GC(1653) Survivor regions: 6->11(18)
[712.071s][info][gc,heap        ] GC(1653) Old regions: 775->775
[712.071s][info][gc,heap        ] GC(1653) Humongous regions: 10->10
[712.071s][info][gc,metaspace   ] GC(1653) Metaspace: 19174K(19392K)->19174K(19392K) NonClass: 17344K(17536K)->17344K(17536K) Class: 1829K(1856K)->1829K(1856K)
[712.071s][info][gc             ] GC(1653) Pause Young (Normal) (G1 Evacuation Pause) 921M->795M(978M) 18.026ms
[712.071s][info][gc,cpu         ] GC(1653) User=0.03s Sys=0.00s Real=0.02s
[712.466s][info][gc,start       ] GC(1654) Pause Young (Normal) (G1 Evacuation Pause)
[712.466s][info][gc,task        ] GC(1654) Using 2 workers of 2 for evacuation
[712.486s][info][gc,phases      ] GC(1654)   Pre Evacuate Collection Set: 0.33ms
[712.486s][info][gc,phases      ] GC(1654)   Merge Heap Roots: 0.18ms
