[0.003s][info][metaspace]  - commit_granule_bytes: 65536.
[0.003s][info][metaspace]  - commit_granule_words: 8192.
[0.003s][info][metaspace]  - virtual_space_node_default_size: 8388608.
[0.003s][info][metaspace]  - enlarge_chunks_in_place: 1.
[0.005s][info][gc,init  ] CardTable entry size: 512
[0.008s][info][gc       ] Using G1
[0.013s][info][gc,init  ] Version: 24-internal-adhoc.root.jdk (release)
[0.013s][info][gc,init  ] CPUs: 2 total, 2 available
[0.013s][info][gc,init  ] Memory: 3908M
[0.013s][info][gc,init  ] Large Page Support: Disabled
[0.013s][info][gc,init  ] NUMA Support: Disabled
[0.013s][info][gc,init  ] Compressed Oops: Enabled (32-bit)
[0.013s][info][gc,init  ] Heap Region Size: 1M
[0.013s][info][gc,init  ] Heap Min Capacity: 256M
[0.013s][info][gc,init  ] Heap Initial Capacity: 256M
[0.013s][info][gc,init  ] Heap Max Capacity: 978M
[0.013s][info][gc,init  ] Pre-touch: Disabled
[0.013s][info][gc,init  ] Parallel Workers: 2
[0.013s][info][gc,init  ] Concurrent Workers: 1
[0.013s][info][gc,init  ] Concurrent Refinement Workers: 2
[0.013s][info][gc,init  ] Periodic GC: Disabled
[0.030s][info][gc,metaspace] CDS archive(s) mapped at: [0x00007f0ca6000000-0x00007f0ca6dc0000-0x00007f0ca6dc0000), size 14417920, SharedBaseAddress: 0x00007f0ca6000000, ArchiveRelocationMode: 1.
[0.030s][info][gc,metaspace] Compressed class space mapped at: 0x00007f0ca7000000-0x00007f0ce7000000, reserved size: 1073741824
[0.030s][info][gc,metaspace] UseCompressedClassPointers 1, UseCompactObjectHeaders 0
[0.030s][info][gc,metaspace] Narrow klass pointer bits 32, Max shift 3
[0.030s][info][gc,metaspace] Narrow klass base: 0x00007f0ca6000000, Narrow klass shift: 0
[0.030s][info][gc,metaspace] Encoding Range: [0x00007f0ca6000000 - 0x00007f0da6000000), (4294967296 bytes)
[0.030s][info][gc,metaspace] Klass Range:    [0x00007f0ca6000000 - 0x00007f0ce7000000), (1090519040 bytes)
[0.030s][info][gc,metaspace] Klass ID Range:  [8 - 1090519033) (1090519025)
[0.425s][info][gc,start    ] GC(0) Pause Young (Normal) (G1 Evacuation Pause)
[0.425s][info][gc,task     ] GC(0) Using 2 workers of 2 for evacuation
[0.429s][info][gc,phases   ] GC(0)   Pre Evacuate Collection Set: 0.16ms
[0.429s][info][gc,phases   ] GC(0)   Merge Heap Roots: 0.11ms
[0.429s][info][gc,phases   ] GC(0)   Evacuate Collection Set: 3.22ms
[0.429s][info][gc,phases   ] GC(0)   Post Evacuate Collection Set: 0.26ms
[0.429s][info][gc,phases   ] GC(0)   Other: 0.24ms
[0.429s][info][gc,heap     ] GC(0) Eden regions: 12->0(10)
[0.429s][info][gc,heap     ] GC(0) Survivor regions: 0->2(2)
[0.429s][info][gc,heap     ] GC(0) Old regions: 2->2
[0.429s][info][gc,heap     ] GC(0) Humongous regions: 0->0
[0.429s][info][gc,metaspace] GC(0) Metaspace: 2379K(2496K)->2379K(2496K) NonClass: 2182K(2240K)->2182K(2240K) Class: 197K(256K)->197K(256K)
[0.429s][info][gc          ] GC(0) Pause Young (Normal) (G1 Evacuation Pause) 13M->2M(258M) 4.242ms
[0.429s][info][gc,cpu      ] GC(0) User=0.01s Sys=0.00s Real=0.01s
[0.476s][info][gc,start    ] GC(1) Pause Young (Normal) (G1 Evacuation Pause)
[0.476s][info][gc,task     ] GC(1) Using 2 workers of 2 for evacuation
[0.479s][info][gc,phases   ] GC(1)   Pre Evacuate Collection Set: 0.15ms
[0.479s][info][gc,phases   ] GC(1)   Merge Heap Roots: 0.04ms
[0.479s][info][gc,phases   ] GC(1)   Evacuate Collection Set: 2.68ms
[0.479s][info][gc,phases   ] GC(1)   Post Evacuate Collection Set: 0.20ms
[0.479s][info][gc,phases   ] GC(1)   Other: 0.07ms
[0.479s][info][gc,heap     ] GC(1) Eden regions: 10->0(20)
[0.479s][info][gc,heap     ] GC(1) Survivor regions: 2->1(2)
[0.479s][info][gc,heap     ] GC(1) Old regions: 2->4
[0.479s][info][gc,heap     ] GC(1) Humongous regions: 0->0
[0.479s][info][gc,metaspace] GC(1) Metaspace: 2455K(2560K)->2455K(2560K) NonClass: 2256K(2304K)->2256K(2304K) Class: 198K(256K)->198K(256K)
[0.479s][info][gc          ] GC(1) Pause Young (Normal) (G1 Evacuation Pause) 12M->3M(258M) 3.345ms
[0.479s][info][gc,cpu      ] GC(1) User=0.00s Sys=0.00s Real=0.01s
[0.573s][info][gc,start    ] GC(2) Pause Young (Normal) (G1 Evacuation Pause)
[0.573s][info][gc,task     ] GC(2) Using 2 workers of 2 for evacuation
[0.574s][info][gc,phases   ] GC(2)   Pre Evacuate Collection Set: 0.17ms
[0.574s][info][gc,phases   ] GC(2)   Merge Heap Roots: 0.05ms
[0.574s][info][gc,phases   ] GC(2)   Evacuate Collection Set: 0.35ms
[0.574s][info][gc,phases   ] GC(2)   Post Evacuate Collection Set: 0.14ms
[0.574s][info][gc,phases   ] GC(2)   Other: 0.08ms
[0.574s][info][gc,heap     ] GC(2) Eden regions: 20->0(25)
[0.574s][info][gc,heap     ] GC(2) Survivor regions: 1->1(3)
[0.574s][info][gc,heap     ] GC(2) Old regions: 4->4
[0.574s][info][gc,heap     ] GC(2) Humongous regions: 0->0
[0.574s][info][gc,metaspace] GC(2) Metaspace: 2607K(2752K)->2607K(2752K) NonClass: 2409K(2496K)->2409K(2496K) Class: 198K(256K)->198K(256K)
[0.574s][info][gc          ] GC(2) Pause Young (Normal) (G1 Evacuation Pause) 23M->3M(258M) 0.963ms
[0.574s][info][gc,cpu      ] GC(2) User=0.00s Sys=0.00s Real=0.00s
[1.095s][info][gc,start    ] GC(3) Pause Young (Normal) (G1 Evacuation Pause)
[1.096s][info][gc,task     ] GC(3) Using 2 workers of 2 for evacuation
[1.102s][info][gc,phases   ] GC(3)   Pre Evacuate Collection Set: 0.16ms
[1.102s][info][gc,phases   ] GC(3)   Merge Heap Roots: 0.05ms
[1.102s][info][gc,phases   ] GC(3)   Evacuate Collection Set: 5.43ms
[1.102s][info][gc,phases   ] GC(3)   Post Evacuate Collection Set: 0.32ms
[1.102s][info][gc,phases   ] GC(3)   Other: 0.09ms
[1.102s][info][gc,heap     ] GC(3) Eden regions: 25->0(31)
[1.102s][info][gc,heap     ] GC(3) Survivor regions: 1->3(4)
[1.102s][info][gc,heap     ] GC(3) Old regions: 4->4
[1.102s][info][gc,heap     ] GC(3) Humongous regions: 0->0
[1.102s][info][gc,metaspace] GC(3) Metaspace: 6368K(6528K)->6368K(6528K) NonClass: 5826K(5888K)->5826K(5888K) Class: 542K(640K)->542K(640K)
[1.102s][info][gc          ] GC(3) Pause Young (Normal) (G1 Evacuation Pause) 27M->4M(258M) 6.261ms
[1.102s][info][gc,cpu      ] GC(3) User=0.01s Sys=0.00s Real=0.01s
[1.331s][info][gc,start    ] GC(4) Pause Young (Normal) (G1 Evacuation Pause)
[1.332s][info][gc,task     ] GC(4) Using 2 workers of 2 for evacuation
[1.338s][info][gc,phases   ] GC(4)   Pre Evacuate Collection Set: 0.14ms
[1.338s][info][gc,phases   ] GC(4)   Merge Heap Roots: 0.05ms
[1.338s][info][gc,phases   ] GC(4)   Evacuate Collection Set: 5.65ms
[1.338s][info][gc,phases   ] GC(4)   Post Evacuate Collection Set: 0.31ms
[1.338s][info][gc,phases   ] GC(4)   Other: 0.07ms
[1.338s][info][gc,heap     ] GC(4) Eden regions: 31->0(41)
[1.338s][info][gc,heap     ] GC(4) Survivor regions: 3->3(5)
[1.338s][info][gc,heap     ] GC(4) Old regions: 4->4
[1.338s][info][gc,heap     ] GC(4) Humongous regions: 0->0
[1.338s][info][gc,metaspace] GC(4) Metaspace: 6580K(6720K)->6580K(6720K) NonClass: 6009K(6080K)->6009K(6080K) Class: 571K(640K)->571K(640K)
[1.338s][info][gc          ] GC(4) Pause Young (Normal) (G1 Evacuation Pause) 35M->5M(258M) 6.432ms
[1.338s][info][gc,cpu      ] GC(4) User=0.01s Sys=0.00s Real=0.00s
[1.622s][info][gc,start    ] GC(5) Pause Young (Normal) (G1 Evacuation Pause)
[1.622s][info][gc,task     ] GC(5) Using 2 workers of 2 for evacuation
[1.626s][info][gc,phases   ] GC(5)   Pre Evacuate Collection Set: 0.14ms
[1.626s][info][gc,phases   ] GC(5)   Merge Heap Roots: 0.04ms
[1.626s][info][gc,phases   ] GC(5)   Evacuate Collection Set: 2.56ms
[1.626s][info][gc,phases   ] GC(5)   Post Evacuate Collection Set: 0.32ms
[1.626s][info][gc,phases   ] GC(5)   Other: 0.07ms
[1.626s][info][gc,heap     ] GC(5) Eden regions: 41->0(55)
[1.626s][info][gc,heap     ] GC(5) Survivor regions: 3->2(6)
[1.626s][info][gc,heap     ] GC(5) Old regions: 4->4
[1.626s][info][gc,heap     ] GC(5) Humongous regions: 0->0
[1.626s][info][gc,metaspace] GC(5) Metaspace: 6893K(7040K)->6893K(7040K) NonClass: 6252K(6336K)->6252K(6336K) Class: 640K(704K)->640K(704K)
[1.626s][info][gc          ] GC(5) Pause Young (Normal) (G1 Evacuation Pause) 46M->4M(258M) 3.326ms
[1.626s][info][gc,cpu      ] GC(5) User=0.00s Sys=0.00s Real=0.00s
[1.918s][info][gc,start    ] GC(6) Pause Young (Normal) (G1 Evacuation Pause)
[1.918s][info][gc,task     ] GC(6) Using 2 workers of 2 for evacuation
[1.925s][info][gc,phases   ] GC(6)   Pre Evacuate Collection Set: 0.14ms
[1.925s][info][gc,phases   ] GC(6)   Merge Heap Roots: 0.05ms
[1.925s][info][gc,phases   ] GC(6)   Evacuate Collection Set: 5.44ms
[1.925s][info][gc,phases   ] GC(6)   Post Evacuate Collection Set: 0.43ms
[1.925s][info][gc,phases   ] GC(6)   Other: 0.12ms
[1.925s][info][gc,heap     ] GC(6) Eden regions: 55->0(69)
[1.925s][info][gc,heap     ] GC(6) Survivor regions: 2->2(8)
[1.925s][info][gc,heap     ] GC(6) Old regions: 4->4
[1.925s][info][gc,heap     ] GC(6) Humongous regions: 0->0
[1.925s][info][gc,metaspace] GC(6) Metaspace: 7459K(7616K)->7459K(7616K) NonClass: 6688K(6784K)->6688K(6784K) Class: 771K(832K)->771K(832K)
[1.925s][info][gc          ] GC(6) Pause Young (Normal) (G1 Evacuation Pause) 59M->4M(258M) 6.397ms
[1.925s][info][gc,cpu      ] GC(6) User=0.02s Sys=0.00s Real=0.00s
[2.233s][info][gc,start    ] GC(7) Pause Young (Normal) (G1 Evacuation Pause)
[2.233s][info][gc,task     ] GC(7) Using 2 workers of 2 for evacuation
[2.241s][info][gc,phases   ] GC(7)   Pre Evacuate Collection Set: 0.18ms
[2.241s][info][gc,phases   ] GC(7)   Merge Heap Roots: 0.08ms
[2.241s][info][gc,phases   ] GC(7)   Evacuate Collection Set: 6.94ms
[2.241s][info][gc,phases   ] GC(7)   Post Evacuate Collection Set: 0.44ms
[2.241s][info][gc,phases   ] GC(7)   Other: 0.08ms
[2.241s][info][gc,heap     ] GC(7) Eden regions: 69->0(86)
[2.241s][info][gc,heap     ] GC(7) Survivor regions: 2->3(9)
[2.241s][info][gc,heap     ] GC(7) Old regions: 4->4
[2.241s][info][gc,heap     ] GC(7) Humongous regions: 0->0
[2.241s][info][gc,metaspace] GC(7) Metaspace: 7751K(7936K)->7751K(7936K) NonClass: 6923K(7040K)->6923K(7040K) Class: 828K(896K)->828K(896K)
[2.241s][info][gc          ] GC(7) Pause Young (Normal) (G1 Evacuation Pause) 73M->5M(258M) 7.953ms
[2.241s][info][gc,cpu      ] GC(7) User=0.01s Sys=0.01s Real=0.01s
[2.560s][info][gc,start    ] GC(8) Pause Young (Normal) (G1 Evacuation Pause)
[2.560s][info][gc,task     ] GC(8) Using 2 workers of 2 for evacuation
[2.565s][info][gc,phases   ] GC(8)   Pre Evacuate Collection Set: 0.14ms
[2.565s][info][gc,phases   ] GC(8)   Merge Heap Roots: 0.05ms
[2.565s][info][gc,phases   ] GC(8)   Evacuate Collection Set: 3.46ms
[2.565s][info][gc,phases   ] GC(8)   Post Evacuate Collection Set: 0.42ms
[2.565s][info][gc,phases   ] GC(8)   Other: 0.08ms
[2.565s][info][gc,heap     ] GC(8) Eden regions: 86->0(109)
[2.565s][info][gc,heap     ] GC(8) Survivor regions: 3->3(12)
[2.565s][info][gc,heap     ] GC(8) Old regions: 4->4
[2.565s][info][gc,heap     ] GC(8) Humongous regions: 0->0
[2.565s][info][gc,metaspace] GC(8) Metaspace: 7971K(8128K)->7971K(8128K) NonClass: 7067K(7168K)->7067K(7168K) Class: 904K(960K)->904K(960K)
[2.565s][info][gc          ] GC(8) Pause Young (Normal) (G1 Evacuation Pause) 91M->5M(258M) 4.333ms
[2.565s][info][gc,cpu      ] GC(8) User=0.01s Sys=0.01s Real=0.00s
[3.158s][info][gc,start    ] GC(9) Pause Young (Normal) (G1 Evacuation Pause)
[3.158s][info][gc,task     ] GC(9) Using 2 workers of 2 for evacuation
[3.184s][info][gc,phases   ] GC(9)   Pre Evacuate Collection Set: 0.15ms
[3.184s][info][gc,phases   ] GC(9)   Merge Heap Roots: 0.04ms
[3.184s][info][gc,phases   ] GC(9)   Evacuate Collection Set: 24.69ms
[3.184s][info][gc,phases   ] GC(9)   Post Evacuate Collection Set: 0.75ms
[3.184s][info][gc,phases   ] GC(9)   Other: 0.13ms
[3.184s][info][gc,heap     ] GC(9) Eden regions: 109->0(103)
[3.184s][info][gc,heap     ] GC(9) Survivor regions: 3->14(14)
[3.184s][info][gc,heap     ] GC(9) Old regions: 4->6
[3.184s][info][gc,heap     ] GC(9) Humongous regions: 0->0
[3.184s][info][gc,metaspace] GC(9) Metaspace: 9874K(10048K)->9874K(10048K) NonClass: 8711K(8832K)->8711K(8832K) Class: 1163K(1216K)->1163K(1216K)
[3.184s][info][gc          ] GC(9) Pause Young (Normal) (G1 Evacuation Pause) 114M->18M(258M) 26.006ms
[3.184s][info][gc,cpu      ] GC(9) User=0.04s Sys=0.01s Real=0.03s
[3.638s][info][gc,start    ] GC(10) Pause Young (Normal) (G1 Evacuation Pause)
[3.638s][info][gc,task     ] GC(10) Using 2 workers of 2 for evacuation
[3.757s][info][gc,phases   ] GC(10)   Pre Evacuate Collection Set: 0.15ms
[3.757s][info][gc,phases   ] GC(10)   Merge Heap Roots: 0.07ms
[3.757s][info][gc,phases   ] GC(10)   Evacuate Collection Set: 115.59ms
[3.757s][info][gc,phases   ] GC(10)   Post Evacuate Collection Set: 2.70ms
[3.757s][info][gc,phases   ] GC(10)   Other: 0.11ms
[3.757s][info][gc,heap     ] GC(10) Eden regions: 103->0(75)
[3.757s][info][gc,heap     ] GC(10) Survivor regions: 14->15(15)
[3.757s][info][gc,heap     ] GC(10) Old regions: 6->48
[3.757s][info][gc,heap     ] GC(10) Humongous regions: 0->0
[3.757s][info][gc,metaspace] GC(10) Metaspace: 11979K(12224K)->11979K(12224K) NonClass: 10635K(10752K)->10635K(10752K) Class: 1343K(1472K)->1343K(1472K)
[3.757s][info][gc          ] GC(10) Pause Young (Normal) (G1 Evacuation Pause) 121M->62M(258M) 118.884ms
[3.757s][info][gc,cpu      ] GC(10) User=0.18s Sys=0.05s Real=0.12s
[3.762s][info][gc,start    ] GC(11) Pause Young (Normal) (G1 Evacuation Pause)
[3.762s][info][gc,task     ] GC(11) Using 2 workers of 2 for evacuation
[3.809s][info][gc,phases   ] GC(11)   Pre Evacuate Collection Set: 0.13ms
[3.809s][info][gc,phases   ] GC(11)   Merge Heap Roots: 0.39ms
[3.809s][info][gc,phases   ] GC(11)   Evacuate Collection Set: 45.71ms
[3.809s][info][gc,phases   ] GC(11)   Post Evacuate Collection Set: 0.23ms
[3.809s][info][gc,phases   ] GC(11)   Other: 0.07ms
[3.809s][info][gc,heap     ] GC(11) Eden regions: 1->0(11)
[3.809s][info][gc,heap     ] GC(11) Survivor regions: 15->1(2)
[3.809s][info][gc,heap     ] GC(11) Old regions: 48->64
[3.809s][info][gc,heap     ] GC(11) Humongous regions: 0->0
[3.809s][info][gc,metaspace] GC(11) Metaspace: 12024K(12288K)->12024K(12288K) NonClass: 10675K(10816K)->10675K(10816K) Class: 1348K(1472K)->1348K(1472K)
[3.809s][info][gc          ] GC(11) Pause Young (Normal) (G1 Evacuation Pause) 63M->63M(258M) 46.731ms
[3.809s][info][gc,cpu      ] GC(11) User=0.08s Sys=0.01s Real=0.05s
[4.288s][info][gc,start    ] GC(12) Pause Young (Normal) (G1 Evacuation Pause)
[4.288s][info][gc,task     ] GC(12) Using 2 workers of 2 for evacuation
[4.380s][info][gc,phases   ] GC(12)   Pre Evacuate Collection Set: 0.13ms
[4.380s][info][gc,phases   ] GC(12)   Merge Heap Roots: 0.05ms
[4.380s][info][gc,phases   ] GC(12)   Evacuate Collection Set: 89.73ms
[4.380s][info][gc,phases   ] GC(12)   Post Evacuate Collection Set: 1.33ms
[4.380s][info][gc,phases   ] GC(12)   Other: 0.09ms
[4.380s][info][gc,heap     ] GC(12) Eden regions: 114->0(1)
[4.380s][info][gc,heap     ] GC(12) Survivor regions: 1->15(15)
[4.380s][info][gc,heap     ] GC(12) Old regions: 64->100
[4.380s][info][gc,heap     ] GC(12) Humongous regions: 0->0
[4.380s][info][gc,metaspace] GC(12) Metaspace: 14257K(14400K)->14257K(14400K) NonClass: 12610K(12672K)->12610K(12672K) Class: 1647K(1728K)->1647K(1728K)
[4.380s][info][gc          ] GC(12) Pause Young (Normal) (G1 Evacuation Pause) 177M->114M(309M) 91.546ms
[4.380s][info][gc,cpu      ] GC(12) User=0.16s Sys=0.02s Real=0.09s
[4.388s][info][gc,start    ] GC(13) Pause Young (Normal) (G1 Evacuation Pause)
[4.388s][info][gc,task     ] GC(13) Using 2 workers of 2 for evacuation
[4.436s][info][gc,phases   ] GC(13)   Pre Evacuate Collection Set: 0.18ms
[4.436s][info][gc,phases   ] GC(13)   Merge Heap Roots: 0.67ms
[4.436s][info][gc,phases   ] GC(13)   Evacuate Collection Set: 46.35ms
[4.436s][info][gc,phases   ] GC(13)   Post Evacuate Collection Set: 0.26ms
[4.436s][info][gc,phases   ] GC(13)   Other: 0.09ms
[4.436s][info][gc,heap     ] GC(13) Eden regions: 1->0(14)
[4.436s][info][gc,heap     ] GC(13) Survivor regions: 15->1(2)
[4.436s][info][gc,heap     ] GC(13) Old regions: 100->116
[4.436s][info][gc,heap     ] GC(13) Humongous regions: 0->0
[4.436s][info][gc,metaspace] GC(13) Metaspace: 14257K(14400K)->14257K(14400K) NonClass: 12610K(12672K)->12610K(12672K) Class: 1647K(1728K)->1647K(1728K)
[4.436s][info][gc          ] GC(13) Pause Young (Normal) (G1 Evacuation Pause) 115M->115M(309M) 47.766ms
[4.436s][info][gc,cpu      ] GC(13) User=0.09s Sys=0.00s Real=0.04s
[5.254s][info][gc,start    ] GC(14) Pause Young (Normal) (G1 Evacuation Pause)
[5.255s][info][gc,task     ] GC(14) Using 2 workers of 2 for evacuation
[5.283s][info][gc,phases   ] GC(14)   Pre Evacuate Collection Set: 0.18ms
[5.283s][info][gc,phases   ] GC(14)   Merge Heap Roots: 0.13ms
[5.283s][info][gc,phases   ] GC(14)   Evacuate Collection Set: 28.07ms
[5.283s][info][gc,phases   ] GC(14)   Post Evacuate Collection Set: 0.37ms
[5.284s][info][gc,phases   ] GC(14)   Other: 0.09ms
[5.284s][info][gc,heap     ] GC(14) Eden regions: 106->0(1)
[5.284s][info][gc,heap     ] GC(14) Survivor regions: 1->14(14)
[5.284s][info][gc,heap     ] GC(14) Old regions: 116->124
[5.284s][info][gc,heap     ] GC(14) Humongous regions: 0->0
[5.284s][info][gc,metaspace] GC(14) Metaspace: 15398K(15552K)->15398K(15552K) NonClass: 13683K(13760K)->13683K(13760K) Class: 1715K(1792K)->1715K(1792K)
[5.284s][info][gc          ] GC(14) Pause Young (Normal) (G1 Evacuation Pause) 221M->136M(309M) 29.199ms
[5.284s][info][gc,cpu      ] GC(14) User=0.04s Sys=0.02s Real=0.03s
[5.538s][info][gc,start    ] GC(15) Pause Young (Normal) (G1 Evacuation Pause)
[5.538s][info][gc,task     ] GC(15) Using 2 workers of 2 for evacuation
[5.592s][info][gc,phases   ] GC(15)   Pre Evacuate Collection Set: 0.18ms
[5.592s][info][gc,phases   ] GC(15)   Merge Heap Roots: 0.59ms
[5.592s][info][gc,phases   ] GC(15)   Evacuate Collection Set: 52.16ms
[5.592s][info][gc,phases   ] GC(15)   Post Evacuate Collection Set: 0.43ms
[5.592s][info][gc,phases   ] GC(15)   Other: 0.07ms
[5.592s][info][gc,heap     ] GC(15) Eden regions: 31->0(11)
[5.592s][info][gc,heap     ] GC(15) Survivor regions: 14->4(6)
[5.592s][info][gc,heap     ] GC(15) Old regions: 124->138
[5.592s][info][gc,heap     ] GC(15) Humongous regions: 0->0
[5.592s][info][gc,metaspace] GC(15) Metaspace: 15574K(15744K)->15574K(15744K) NonClass: 13854K(13952K)->13854K(13952K) Class: 1720K(1792K)->1720K(1792K)
[5.592s][info][gc          ] GC(15) Pause Young (Normal) (G1 Evacuation Pause) 167M->141M(309M) 53.635ms
[5.592s][info][gc,cpu      ] GC(15) User=0.10s Sys=0.00s Real=0.05s
[5.730s][info][gc,start    ] GC(16) Pause Young (Normal) (G1 Evacuation Pause)
[5.730s][info][gc,task     ] GC(16) Using 2 workers of 2 for evacuation
[5.755s][info][gc,phases   ] GC(16)   Pre Evacuate Collection Set: 0.22ms
[5.755s][info][gc,phases   ] GC(16)   Merge Heap Roots: 0.88ms
[5.755s][info][gc,phases   ] GC(16)   Evacuate Collection Set: 23.30ms
[5.755s][info][gc,phases   ] GC(16)   Post Evacuate Collection Set: 0.27ms
[5.755s][info][gc,phases   ] GC(16)   Other: 0.09ms
[5.755s][info][gc,heap     ] GC(16) Eden regions: 11->0(14)
[5.755s][info][gc,heap     ] GC(16) Survivor regions: 4->1(2)
[5.755s][info][gc,heap     ] GC(16) Old regions: 138->142
[5.755s][info][gc,heap     ] GC(16) Humongous regions: 0->0
[5.755s][info][gc,metaspace] GC(16) Metaspace: 15742K(15936K)->15742K(15936K) NonClass: 14004K(14080K)->14004K(14080K) Class: 1738K(1856K)->1738K(1856K)
[5.755s][info][gc          ] GC(16) Pause Young (Normal) (G1 Evacuation Pause) 152M->141M(309M) 24.989ms
[5.755s][info][gc,cpu      ] GC(16) User=0.04s Sys=0.00s Real=0.02s
[6.083s][info][gc,start    ] GC(17) Pause Young (Concurrent Start) (G1 Evacuation Pause)
[6.083s][info][gc,task     ] GC(17) Using 2 workers of 2 for evacuation
[6.102s][info][gc,phases   ] GC(17)   Pre Evacuate Collection Set: 0.15ms
[6.102s][info][gc,phases   ] GC(17)   Merge Heap Roots: 0.38ms
[6.102s][info][gc,phases   ] GC(17)   Evacuate Collection Set: 14.27ms
[6.102s][info][gc,phases   ] GC(17)   Post Evacuate Collection Set: 3.63ms
[6.102s][info][gc,phases   ] GC(17)   Other: 0.14ms
[6.102s][info][gc,heap     ] GC(17) Eden regions: 31->0(38)
[6.102s][info][gc,heap     ] GC(17) Survivor regions: 1->3(4)
[6.102s][info][gc,heap     ] GC(17) Old regions: 142->142
[6.102s][info][gc,heap     ] GC(17) Humongous regions: 0->0
[6.102s][info][gc,metaspace] GC(17) Metaspace: 16436K(16640K)->16436K(16640K) NonClass: 14662K(14784K)->14662K(14784K) Class: 1773K(1856K)->1773K(1856K)
[6.102s][info][gc          ] GC(17) Pause Young (Concurrent Start) (G1 Evacuation Pause) 172M->143M(577M) 18.761ms
[6.102s][info][gc,cpu      ] GC(17) User=0.03s Sys=0.00s Real=0.02s
[6.108s][info][gc          ] GC(18) Concurrent Mark Cycle
[6.108s][info][gc,marking  ] GC(18) Concurrent Scan Root Regions
[6.121s][info][gc,marking  ] GC(18) Concurrent Scan Root Regions 13.163ms
[6.121s][info][gc,marking  ] GC(18) Concurrent Mark
[6.121s][info][gc,marking  ] GC(18) Concurrent Mark From Roots
[6.121s][info][gc,task     ] GC(18) Using 1 workers of 1 for marking
[6.451s][info][gc,start    ] GC(19) Pause Young (Normal) (G1 Evacuation Pause)
[6.451s][info][gc,task     ] GC(19) Using 2 workers of 2 for evacuation
[6.534s][info][gc,phases   ] GC(19)   Pre Evacuate Collection Set: 0.28ms
[6.534s][info][gc,phases   ] GC(19)   Merge Heap Roots: 0.65ms
[6.534s][info][gc,phases   ] GC(19)   Evacuate Collection Set: 81.81ms
[6.534s][info][gc,phases   ] GC(19)   Post Evacuate Collection Set: 0.45ms
[6.534s][info][gc,phases   ] GC(19)   Other: 0.13ms
[6.534s][info][gc,heap     ] GC(19) Eden regions: 56->0(35)
[6.534s][info][gc,heap     ] GC(19) Survivor regions: 3->8(8)
[6.534s][info][gc,heap     ] GC(19) Old regions: 142->165
[6.534s][info][gc,heap     ] GC(19) Humongous regions: 3->3
[6.534s][info][gc,metaspace] GC(19) Metaspace: 16548K(16704K)->16548K(16704K) NonClass: 14771K(14848K)->14771K(14848K) Class: 1777K(1856K)->1777K(1856K)
[6.534s][info][gc          ] GC(19) Pause Young (Normal) (G1 Evacuation Pause) 202M->175M(577M) 83.597ms
[6.534s][info][gc,cpu      ] GC(19) User=0.16s Sys=0.00s Real=0.08s
[6.700s][info][gc,start    ] GC(20) Pause Young (Normal) (G1 Evacuation Pause)
[6.700s][info][gc,task     ] GC(20) Using 2 workers of 2 for evacuation
[6.754s][info][gc,phases   ] GC(20)   Pre Evacuate Collection Set: 0.29ms
[6.754s][info][gc,phases   ] GC(20)   Merge Heap Roots: 0.67ms
[6.754s][info][gc,phases   ] GC(20)   Evacuate Collection Set: 51.94ms
[6.754s][info][gc,phases   ] GC(20)   Post Evacuate Collection Set: 0.35ms
[6.754s][info][gc,phases   ] GC(20)   Other: 0.07ms
[6.754s][info][gc,heap     ] GC(20) Eden regions: 46->0(87)
[6.754s][info][gc,heap     ] GC(20) Survivor regions: 8->7(7)
[6.754s][info][gc,heap     ] GC(20) Old regions: 165->183
[6.754s][info][gc,heap     ] GC(20) Humongous regions: 3->3
[6.754s][info][gc,metaspace] GC(20) Metaspace: 16551K(16704K)->16551K(16704K) NonClass: 14773K(14848K)->14773K(14848K) Class: 1777K(1856K)->1777K(1856K)
[6.754s][info][gc          ] GC(20) Pause Young (Normal) (G1 Evacuation Pause) 221M->191M(577M) 53.533ms
[6.754s][info][gc,cpu      ] GC(20) User=0.11s Sys=0.00s Real=0.05s
[6.775s][info][gc,marking  ] GC(18) Concurrent Mark From Roots 653.161ms
[6.775s][info][gc,marking  ] GC(18) Concurrent Preclean
[6.775s][info][gc,marking  ] GC(18) Concurrent Preclean 0.042ms
[6.776s][info][gc,start    ] GC(18) Pause Remark
[6.785s][info][gc          ] GC(18) Pause Remark 198M->198M(577M) 9.337ms
[6.785s][info][gc,cpu      ] GC(18) User=0.02s Sys=0.00s Real=0.01s
[6.785s][info][gc,marking  ] GC(18) Concurrent Mark 664.048ms
[6.786s][info][gc,marking  ] GC(18) Concurrent Rebuild Remembered Sets and Scrub Regions
[7.031s][info][gc,marking  ] GC(18) Concurrent Rebuild Remembered Sets and Scrub Regions 245.690ms
[7.031s][info][gc,start    ] GC(18) Pause Cleanup
[7.031s][info][gc          ] GC(18) Pause Cleanup 260M->260M(577M) 0.083ms
[7.031s][info][gc,cpu      ] GC(18) User=0.00s Sys=0.00s Real=0.00s
[7.031s][info][gc,marking  ] GC(18) Concurrent Clear Claimed Marks
[7.032s][info][gc,marking  ] GC(18) Concurrent Clear Claimed Marks 0.029ms
[7.032s][info][gc,marking  ] GC(18) Concurrent Cleanup for Next Mark
[7.050s][info][gc,marking  ] GC(18) Concurrent Cleanup for Next Mark 18.815ms
[7.050s][info][gc          ] GC(18) Concurrent Mark Cycle 942.215ms
[7.401s][info][gc,start    ] GC(21) Pause Young (Prepare Mixed) (G1 Evacuation Pause)
[7.401s][info][gc,task     ] GC(21) Using 2 workers of 2 for evacuation
[7.531s][info][gc,phases   ] GC(21)   Pre Evacuate Collection Set: 0.29ms
[7.531s][info][gc,phases   ] GC(21)   Merge Heap Roots: 0.39ms
[7.531s][info][gc,phases   ] GC(21)   Evacuate Collection Set: 128.21ms
[7.531s][info][gc,phases   ] GC(21)   Post Evacuate Collection Set: 0.64ms
[7.531s][info][gc,phases   ] GC(21)   Other: 0.11ms
[7.531s][info][gc,heap     ] GC(21) Eden regions: 186->0(65)
[7.531s][info][gc,heap     ] GC(21) Survivor regions: 7->25(25)
[7.531s][info][gc,heap     ] GC(21) Old regions: 183->201
[7.531s][info][gc,heap     ] GC(21) Humongous regions: 4->4
[7.531s][info][gc,metaspace] GC(21) Metaspace: 16587K(16832K)->16587K(16832K) NonClass: 14810K(14976K)->14810K(14976K) Class: 1777K(1856K)->1777K(1856K)
[7.531s][info][gc          ] GC(21) Pause Young (Prepare Mixed) (G1 Evacuation Pause) 378M->228M(577M) 129.928ms
[7.531s][info][gc,cpu      ] GC(21) User=0.25s Sys=0.02s Real=0.13s
[7.727s][info][gc,start    ] GC(22) Pause Young (Mixed) (G1 Evacuation Pause)
[7.727s][info][gc,task     ] GC(22) Using 2 workers of 2 for evacuation
[7.777s][info][gc,phases   ] GC(22)   Pre Evacuate Collection Set: 0.29ms
[7.777s][info][gc,phases   ] GC(22)   Merge Heap Roots: 0.42ms
[7.777s][info][gc,phases   ] GC(22)   Evacuate Collection Set: 48.97ms
[7.777s][info][gc,phases   ] GC(22)   Post Evacuate Collection Set: 0.36ms
[7.777s][info][gc,phases   ] GC(22)   Other: 0.07ms
[7.777s][info][gc,heap     ] GC(22) Eden regions: 115->0(123)
[7.777s][info][gc,heap     ] GC(22) Survivor regions: 25->10(18)
[7.777s][info][gc,heap     ] GC(22) Old regions: 201->225
[7.777s][info][gc,heap     ] GC(22) Humongous regions: 4->4
[7.777s][info][gc,metaspace] GC(22) Metaspace: 16625K(16832K)->16625K(16832K) NonClass: 14848K(14976K)->14848K(14976K) Class: 1777K(1856K)->1777K(1856K)
[7.777s][info][gc          ] GC(22) Pause Young (Mixed) (G1 Evacuation Pause) 343M->239M(577M) 50.325ms
[7.777s][info][gc,cpu      ] GC(22) User=0.10s Sys=0.00s Real=0.05s
[8.027s][info][gc,start    ] GC(23) Pause Young (Normal) (G1 Evacuation Pause)
[8.027s][info][gc,task     ] GC(23) Using 2 workers of 2 for evacuation
[8.049s][info][gc,phases   ] GC(23)   Pre Evacuate Collection Set: 0.26ms
[8.049s][info][gc,phases   ] GC(23)   Merge Heap Roots: 0.20ms
[8.049s][info][gc,phases   ] GC(23)   Evacuate Collection Set: 20.71ms
[8.049s][info][gc,phases   ] GC(23)   Post Evacuate Collection Set: 0.36ms
[8.049s][info][gc,phases   ] GC(23)   Other: 0.11ms
[8.049s][info][gc,heap     ] GC(23) Eden regions: 173->0(172)
[8.049s][info][gc,heap     ] GC(23) Survivor regions: 10->16(23)
[8.049s][info][gc,heap     ] GC(23) Old regions: 225->225
[8.049s][info][gc,heap     ] GC(23) Humongous regions: 4->4
[8.049s][info][gc,metaspace] GC(23) Metaspace: 16645K(16832K)->16645K(16832K) NonClass: 14868K(14976K)->14868K(14976K) Class: 1777K(1856K)->1777K(1856K)
[8.049s][info][gc          ] GC(23) Pause Young (Normal) (G1 Evacuation Pause) 412M->244M(577M) 21.893ms
[8.049s][info][gc,cpu      ] GC(23) User=0.04s Sys=0.00s Real=0.03s
[8.332s][info][gc,start    ] GC(24) Pause Young (Normal) (G1 Evacuation Pause)
[8.333s][info][gc,task     ] GC(24) Using 2 workers of 2 for evacuation
[8.357s][info][gc,phases   ] GC(24)   Pre Evacuate Collection Set: 0.22ms
[8.357s][info][gc,phases   ] GC(24)   Merge Heap Roots: 0.15ms
[8.357s][info][gc,phases   ] GC(24)   Evacuate Collection Set: 22.18ms
[8.357s][info][gc,phases   ] GC(24)   Post Evacuate Collection Set: 1.36ms
[8.357s][info][gc,phases   ] GC(24)   Other: 0.10ms
[8.357s][info][gc,heap     ] GC(24) Eden regions: 200->0(253)
[8.357s][info][gc,heap     ] GC(24) Survivor regions: 16->7(27)
[8.357s][info][gc,heap     ] GC(24) Old regions: 225->236
[8.357s][info][gc,heap     ] GC(24) Humongous regions: 4->4
[8.357s][info][gc,metaspace] GC(24) Metaspace: 16693K(16896K)->16693K(16896K) NonClass: 14916K(15040K)->14916K(15040K) Class: 1777K(1856K)->1777K(1856K)
[8.357s][info][gc          ] GC(24) Pause Young (Normal) (G1 Evacuation Pause) 444M->246M(658M) 24.196ms
[8.357s][info][gc,cpu      ] GC(24) User=0.04s Sys=0.00s Real=0.02s
[9.022s][info][gc,start    ] GC(25) Pause Young (Normal) (G1 Evacuation Pause)
[9.022s][info][gc,task     ] GC(25) Using 2 workers of 2 for evacuation
[9.041s][info][gc,phases   ] GC(25)   Pre Evacuate Collection Set: 0.31ms
[9.041s][info][gc,phases   ] GC(25)   Merge Heap Roots: 0.18ms
[9.041s][info][gc,phases   ] GC(25)   Evacuate Collection Set: 18.42ms
[9.041s][info][gc,phases   ] GC(25)   Post Evacuate Collection Set: 0.59ms
[9.041s][info][gc,phases   ] GC(25)   Other: 0.16ms
[9.041s][info][gc,heap     ] GC(25) Eden regions: 253->0(260)
[9.041s][info][gc,heap     ] GC(25) Survivor regions: 7->11(33)
[9.041s][info][gc,heap     ] GC(25) Old regions: 236->236
[9.041s][info][gc,heap     ] GC(25) Humongous regions: 4->4
[9.041s][info][gc,metaspace] GC(25) Metaspace: 16824K(16960K)->16824K(16960K) NonClass: 15045K(15104K)->15045K(15104K) Class: 1778K(1856K)->1778K(1856K)
[9.041s][info][gc          ] GC(25) Pause Young (Normal) (G1 Evacuation Pause) 499M->250M(658M) 19.898ms
[9.041s][info][gc,cpu      ] GC(25) User=0.04s Sys=0.00s Real=0.02s
[9.745s][info][gc,start    ] GC(26) Pause Young (Normal) (G1 Evacuation Pause)
[9.745s][info][gc,task     ] GC(26) Using 2 workers of 2 for evacuation
[9.790s][info][gc,phases   ] GC(26)   Pre Evacuate Collection Set: 0.38ms
[9.791s][info][gc,phases   ] GC(26)   Merge Heap Roots: 0.19ms
[9.791s][info][gc,phases   ] GC(26)   Evacuate Collection Set: 44.48ms
[9.791s][info][gc,phases   ] GC(26)   Post Evacuate Collection Set: 0.53ms
[9.791s][info][gc,phases   ] GC(26)   Other: 0.14ms
[9.791s][info][gc,heap     ] GC(26) Eden regions: 260->0(257)
[9.791s][info][gc,heap     ] GC(26) Survivor regions: 11->34(34)
[9.791s][info][gc,heap     ] GC(26) Old regions: 236->238
[9.791s][info][gc,heap     ] GC(26) Humongous regions: 4->4
[9.791s][info][gc,metaspace] GC(26) Metaspace: 16922K(17088K)->16922K(17088K) NonClass: 15143K(15232K)->15143K(15232K) Class: 1778K(1856K)->1778K(1856K)
[9.791s][info][gc          ] GC(26) Pause Young (Normal) (G1 Evacuation Pause) 510M->275M(658M) 45.961ms
[9.791s][info][gc,cpu      ] GC(26) User=0.09s Sys=0.00s Real=0.05s
[10.653s][info][gc,start    ] GC(27) Pause Young (Normal) (G1 Evacuation Pause)
[10.653s][info][gc,task     ] GC(27) Using 2 workers of 2 for evacuation
[10.775s][info][gc,phases   ] GC(27)   Pre Evacuate Collection Set: 0.26ms
[10.775s][info][gc,phases   ] GC(27)   Merge Heap Roots: 0.24ms
[10.775s][info][gc,phases   ] GC(27)   Evacuate Collection Set: 120.25ms
[10.775s][info][gc,phases   ] GC(27)   Post Evacuate Collection Set: 0.58ms
[10.775s][info][gc,phases   ] GC(27)   Other: 0.11ms
[10.775s][info][gc,heap     ] GC(27) Eden regions: 257->0(220)
[10.775s][info][gc,heap     ] GC(27) Survivor regions: 34->37(37)
[10.775s][info][gc,heap     ] GC(27) Old regions: 238->290
[10.775s][info][gc,heap     ] GC(27) Humongous regions: 5->5
[10.775s][info][gc,metaspace] GC(27) Metaspace: 16945K(17152K)->16945K(17152K) NonClass: 15163K(15296K)->15163K(15296K) Class: 1781K(1856K)->1781K(1856K)
[10.775s][info][gc          ] GC(27) Pause Young (Normal) (G1 Evacuation Pause) 533M->332M(658M) 121.687ms
[10.775s][info][gc,cpu      ] GC(27) User=0.23s Sys=0.02s Real=0.12s
[11.188s][info][gc,start    ] GC(28) Pause Young (Normal) (G1 Evacuation Pause)
[11.188s][info][gc,task     ] GC(28) Using 2 workers of 2 for evacuation
[11.252s][info][gc,phases   ] GC(28)   Pre Evacuate Collection Set: 0.25ms
[11.252s][info][gc,phases   ] GC(28)   Merge Heap Roots: 0.40ms
[11.252s][info][gc,phases   ] GC(28)   Evacuate Collection Set: 62.53ms
[11.252s][info][gc,phases   ] GC(28)   Post Evacuate Collection Set: 0.45ms
[11.252s][info][gc,phases   ] GC(28)   Other: 0.09ms
[11.252s][info][gc,heap     ] GC(28) Eden regions: 220->0(230)
[11.252s][info][gc,heap     ] GC(28) Survivor regions: 37->3(33)
[11.252s][info][gc,heap     ] GC(28) Old regions: 290->328
[11.252s][info][gc,heap     ] GC(28) Humongous regions: 5->5
[11.252s][info][gc,metaspace] GC(28) Metaspace: 16948K(17152K)->16948K(17152K) NonClass: 15166K(15296K)->15166K(15296K) Class: 1781K(1856K)->1781K(1856K)
[11.252s][info][gc          ] GC(28) Pause Young (Normal) (G1 Evacuation Pause) 552M->335M(658M) 64.009ms
[11.252s][info][gc,cpu      ] GC(28) User=0.10s Sys=0.02s Real=0.06s
[12.109s][info][gc,start    ] GC(29) Pause Young (Concurrent Start) (G1 Evacuation Pause)
[12.109s][info][gc,task     ] GC(29) Using 2 workers of 2 for evacuation
[12.117s][info][gc,phases   ] GC(29)   Pre Evacuate Collection Set: 0.26ms
[12.117s][info][gc,phases   ] GC(29)   Merge Heap Roots: 0.16ms
[12.117s][info][gc,phases   ] GC(29)   Evacuate Collection Set: 7.00ms
[12.118s][info][gc,phases   ] GC(29)   Post Evacuate Collection Set: 0.43ms
[12.118s][info][gc,phases   ] GC(29)   Other: 0.21ms
[12.118s][info][gc,heap     ] GC(29) Eden regions: 230->0(242)
[12.118s][info][gc,heap     ] GC(29) Survivor regions: 3->3(30)
[12.118s][info][gc,heap     ] GC(29) Old regions: 328->328
[12.118s][info][gc,heap     ] GC(29) Humongous regions: 5->5
[12.118s][info][gc,metaspace] GC(29) Metaspace: 16963K(17152K)->16963K(17152K) NonClass: 15181K(15296K)->15181K(15296K) Class: 1781K(1856K)->1781K(1856K)
[12.118s][info][gc          ] GC(29) Pause Young (Concurrent Start) (G1 Evacuation Pause) 565M->335M(658M) 8.298ms
[12.118s][info][gc          ] GC(30) Concurrent Mark Cycle
[12.118s][info][gc,marking  ] GC(30) Concurrent Scan Root Regions
[12.118s][info][gc,cpu      ] GC(29) User=0.02s Sys=0.00s Real=0.00s
[12.124s][info][gc,marking  ] GC(30) Concurrent Scan Root Regions 6.015ms
[12.124s][info][gc,marking  ] GC(30) Concurrent Mark
[12.124s][info][gc,marking  ] GC(30) Concurrent Mark From Roots
[12.124s][info][gc,task     ] GC(30) Using 1 workers of 1 for marking
[12.989s][info][gc,start    ] GC(31) Pause Young (Normal) (G1 Evacuation Pause)
[12.989s][info][gc,task     ] GC(31) Using 2 workers of 2 for evacuation
[13.082s][info][gc,phases   ] GC(31)   Pre Evacuate Collection Set: 0.24ms
[13.082s][info][gc,phases   ] GC(31)   Merge Heap Roots: 0.21ms
[13.082s][info][gc,phases   ] GC(31)   Evacuate Collection Set: 91.68ms
[13.082s][info][gc,phases   ] GC(31)   Post Evacuate Collection Set: 0.58ms
[13.082s][info][gc,phases   ] GC(31)   Other: 0.11ms
[13.082s][info][gc,heap     ] GC(31) Eden regions: 242->0(155)
[13.082s][info][gc,heap     ] GC(31) Survivor regions: 3->31(31)
[13.082s][info][gc,heap     ] GC(31) Old regions: 328->379
[13.082s][info][gc,heap     ] GC(31) Humongous regions: 5->5
[13.082s][info][gc,metaspace] GC(31) Metaspace: 16970K(17216K)->16970K(17216K) NonClass: 15189K(15360K)->15189K(15360K) Class: 1781K(1856K)->1781K(1856K)
[13.082s][info][gc          ] GC(31) Pause Young (Normal) (G1 Evacuation Pause) 577M->415M(660M) 93.040ms
[13.082s][info][gc,cpu      ] GC(31) User=0.18s Sys=0.00s Real=0.09s
[13.218s][info][gc,marking  ] GC(30) Concurrent Mark From Roots 1094.211ms
[13.218s][info][gc,marking  ] GC(30) Concurrent Preclean
[13.218s][info][gc,marking  ] GC(30) Concurrent Preclean 0.028ms
[13.218s][info][gc,start    ] GC(30) Pause Remark
[13.229s][info][gc          ] GC(30) Pause Remark 481M->455M(660M) 10.369ms
[13.229s][info][gc,cpu      ] GC(30) User=0.02s Sys=0.00s Real=0.01s
[13.229s][info][gc,marking  ] GC(30) Concurrent Mark 1105.091ms
[13.229s][info][gc,marking  ] GC(30) Concurrent Rebuild Remembered Sets and Scrub Regions
[13.452s][info][gc,start    ] GC(32) Pause Young (Normal) (G1 Evacuation Pause)
[13.452s][info][gc,task     ] GC(32) Using 2 workers of 2 for evacuation
[13.605s][info][gc,phases   ] GC(32)   Pre Evacuate Collection Set: 0.32ms
[13.605s][info][gc,phases   ] GC(32)   Merge Heap Roots: 0.71ms
[13.605s][info][gc,phases   ] GC(32)   Evacuate Collection Set: 150.62ms
[13.605s][info][gc,phases   ] GC(32)   Post Evacuate Collection Set: 0.52ms
[13.605s][info][gc,phases   ] GC(32)   Other: 0.10ms
[13.605s][info][gc,heap     ] GC(32) Eden regions: 155->0(94)
[13.605s][info][gc,heap     ] GC(32) Survivor regions: 31->24(24)
[13.605s][info][gc,heap     ] GC(32) Old regions: 355->456
[13.605s][info][gc,heap     ] GC(32) Humongous regions: 4->4
[13.605s][info][gc,metaspace] GC(32) Metaspace: 16977K(17216K)->16977K(17216K) NonClass: 15195K(15360K)->15195K(15360K) Class: 1781K(1856K)->1781K(1856K)
[13.605s][info][gc          ] GC(32) Pause Young (Normal) (G1 Evacuation Pause) 545M->484M(670M) 152.525ms
[13.605s][info][gc,cpu      ] GC(32) User=0.29s Sys=0.01s Real=0.15s
[13.744s][info][gc,start    ] GC(33) Pause Young (Normal) (G1 Evacuation Pause)
[13.744s][info][gc,task     ] GC(33) Using 2 workers of 2 for evacuation
[13.804s][info][gc,phases   ] GC(33)   Pre Evacuate Collection Set: 0.82ms
[13.804s][info][gc,phases   ] GC(33)   Merge Heap Roots: 0.47ms
[13.804s][info][gc,phases   ] GC(33)   Evacuate Collection Set: 56.71ms
[13.804s][info][gc,phases   ] GC(33)   Post Evacuate Collection Set: 1.12ms
[13.804s][info][gc,phases   ] GC(33)   Other: 0.13ms
[13.804s][info][gc,heap     ] GC(33) Eden regions: 94->0(130)
[13.804s][info][gc,heap     ] GC(33) Survivor regions: 24->7(15)
[13.804s][info][gc,heap     ] GC(33) Old regions: 456->481
[13.804s][info][gc,heap     ] GC(33) Humongous regions: 4->4
[13.804s][info][gc,metaspace] GC(33) Metaspace: 16977K(17216K)->16977K(17216K) NonClass: 15195K(15360K)->15195K(15360K) Class: 1781K(1856K)->1781K(1856K)
[13.804s][info][gc          ] GC(33) Pause Young (Normal) (G1 Evacuation Pause) 578M->491M(732M) 59.467ms
[13.804s][info][gc,cpu      ] GC(33) User=0.11s Sys=0.00s Real=0.06s
[13.900s][info][gc,marking  ] GC(30) Concurrent Rebuild Remembered Sets and Scrub Regions 671.156ms
[13.900s][info][gc,start    ] GC(30) Pause Cleanup
[13.900s][info][gc          ] GC(30) Pause Cleanup 519M->519M(732M) 0.155ms
[13.900s][info][gc,cpu      ] GC(30) User=0.00s Sys=0.00s Real=0.00s
[13.900s][info][gc,marking  ] GC(30) Concurrent Clear Claimed Marks
[13.900s][info][gc,marking  ] GC(30) Concurrent Clear Claimed Marks 0.031ms
[13.900s][info][gc,marking  ] GC(30) Concurrent Cleanup for Next Mark
[13.908s][info][gc,marking  ] GC(30) Concurrent Cleanup for Next Mark 7.934ms
[13.908s][info][gc          ] GC(30) Concurrent Mark Cycle 1790.848ms
[14.046s][info][gc,start    ] GC(34) Pause Young (Prepare Mixed) (G1 Evacuation Pause)
[14.046s][info][gc,task     ] GC(34) Using 2 workers of 2 for evacuation
[14.069s][info][gc,phases   ] GC(34)   Pre Evacuate Collection Set: 0.35ms
[14.069s][info][gc,phases   ] GC(34)   Merge Heap Roots: 0.12ms
[14.069s][info][gc,phases   ] GC(34)   Evacuate Collection Set: 22.21ms
[14.069s][info][gc,phases   ] GC(34)   Post Evacuate Collection Set: 0.39ms
[14.069s][info][gc,phases   ] GC(34)   Other: 0.14ms
[14.069s][info][gc,heap     ] GC(34) Eden regions: 130->0(131)
[14.069s][info][gc,heap     ] GC(34) Survivor regions: 7->18(18)
[14.069s][info][gc,heap     ] GC(34) Old regions: 481->483
[14.069s][info][gc,heap     ] GC(34) Humongous regions: 4->4
[14.069s][info][gc,metaspace] GC(34) Metaspace: 16984K(17216K)->16984K(17216K) NonClass: 15202K(15360K)->15202K(15360K) Class: 1781K(1856K)->1781K(1856K)
[14.069s][info][gc          ] GC(34) Pause Young (Prepare Mixed) (G1 Evacuation Pause) 621M->504M(732M) 23.453ms
[14.069s][info][gc,cpu      ] GC(34) User=0.04s Sys=0.00s Real=0.03s
[14.235s][info][gc,start    ] GC(35) Pause Young (Mixed) (G1 Evacuation Pause)
[14.236s][info][gc,task     ] GC(35) Using 2 workers of 2 for evacuation
[14.289s][info][gc,phases   ] GC(35)   Pre Evacuate Collection Set: 0.27ms
[14.290s][info][gc,phases   ] GC(35)   Merge Heap Roots: 0.53ms
[14.290s][info][gc,phases   ] GC(35)   Evacuate Collection Set: 52.50ms
[14.290s][info][gc,phases   ] GC(35)   Post Evacuate Collection Set: 0.48ms
[14.290s][info][gc,phases   ] GC(35)   Other: 0.10ms
[14.290s][info][gc,heap     ] GC(35) Eden regions: 131->0(141)
[14.290s][info][gc,heap     ] GC(35) Survivor regions: 18->19(19)
[14.290s][info][gc,heap     ] GC(35) Old regions: 483->469
[14.290s][info][gc,heap     ] GC(35) Humongous regions: 4->4
[14.290s][info][gc,metaspace] GC(35) Metaspace: 16987K(17216K)->16987K(17216K) NonClass: 15205K(15360K)->15205K(15360K) Class: 1781K(1856K)->1781K(1856K)
[14.290s][info][gc          ] GC(35) Pause Young (Mixed) (G1 Evacuation Pause) 635M->491M(732M) 54.135ms
[14.290s][info][gc,cpu      ] GC(35) User=0.11s Sys=0.00s Real=0.06s
[14.424s][info][gc,start    ] GC(36) Pause Young (Concurrent Start) (G1 Humongous Allocation)
[14.424s][info][gc,task     ] GC(36) Using 2 workers of 2 for evacuation
[14.455s][info][gc,phases   ] GC(36)   Pre Evacuate Collection Set: 0.29ms
[14.455s][info][gc,phases   ] GC(36)   Merge Heap Roots: 0.21ms
[14.455s][info][gc,phases   ] GC(36)   Evacuate Collection Set: 29.91ms
[14.455s][info][gc,phases   ] GC(36)   Post Evacuate Collection Set: 0.45ms
[14.456s][info][gc,phases   ] GC(36)   Other: 0.16ms
[14.456s][info][gc,heap     ] GC(36) Eden regions: 24->0(145)
[14.456s][info][gc,heap     ] GC(36) Survivor regions: 19->7(20)
[14.456s][info][gc,heap     ] GC(36) Old regions: 469->488
[14.456s][info][gc,heap     ] GC(36) Humongous regions: 4->4
[14.456s][info][gc,metaspace] GC(36) Metaspace: 16992K(17216K)->16992K(17216K) NonClass: 15210K(15360K)->15210K(15360K) Class: 1781K(1856K)->1781K(1856K)
[14.456s][info][gc          ] GC(36) Pause Young (Concurrent Start) (G1 Humongous Allocation) 515M->498M(732M) 31.295ms
[14.456s][info][gc          ] GC(37) Concurrent Mark Cycle
[14.456s][info][gc,marking  ] GC(37) Concurrent Scan Root Regions
[14.456s][info][gc,cpu      ] GC(36) User=0.06s Sys=0.00s Real=0.03s
[14.502s][info][gc,marking  ] GC(37) Concurrent Scan Root Regions 46.565ms
[14.502s][info][gc,marking  ] GC(37) Concurrent Mark
[14.502s][info][gc,marking  ] GC(37) Concurrent Mark From Roots
[14.502s][info][gc,task     ] GC(37) Using 1 workers of 1 for marking
[14.779s][info][gc,start    ] GC(38) Pause Young (Normal) (G1 Evacuation Pause)
[14.779s][info][gc,task     ] GC(38) Using 2 workers of 2 for evacuation
[14.804s][info][gc,phases   ] GC(38)   Pre Evacuate Collection Set: 1.77ms
[14.804s][info][gc,phases   ] GC(38)   Merge Heap Roots: 0.59ms
[14.804s][info][gc,phases   ] GC(38)   Evacuate Collection Set: 21.42ms
[14.804s][info][gc,phases   ] GC(38)   Post Evacuate Collection Set: 0.49ms
[14.804s][info][gc,phases   ] GC(38)   Other: 0.08ms
[14.804s][info][gc,heap     ] GC(38) Eden regions: 145->0(153)
[14.804s][info][gc,heap     ] GC(38) Survivor regions: 7->9(19)
[14.804s][info][gc,heap     ] GC(38) Old regions: 488->488
[14.804s][info][gc,heap     ] GC(38) Humongous regions: 5->5
[14.804s][info][gc,metaspace] GC(38) Metaspace: 16994K(17216K)->16994K(17216K) NonClass: 15212K(15360K)->15212K(15360K) Class: 1781K(1856K)->1781K(1856K)
[14.804s][info][gc          ] GC(38) Pause Young (Normal) (G1 Evacuation Pause) 644M->501M(732M) 24.588ms
[14.804s][info][gc,cpu      ] GC(38) User=0.04s Sys=0.00s Real=0.02s
[15.082s][info][gc,start    ] GC(39) Pause Young (Normal) (G1 Evacuation Pause)
[15.083s][info][gc,task     ] GC(39) Using 2 workers of 2 for evacuation
[15.105s][info][gc,phases   ] GC(39)   Pre Evacuate Collection Set: 0.24ms
[15.105s][info][gc,phases   ] GC(39)   Merge Heap Roots: 0.33ms
[15.105s][info][gc,phases   ] GC(39)   Evacuate Collection Set: 21.78ms
[15.105s][info][gc,phases   ] GC(39)   Post Evacuate Collection Set: 0.46ms
[15.105s][info][gc,phases   ] GC(39)   Other: 0.07ms
[15.105s][info][gc,heap     ] GC(39) Eden regions: 153->0(163)
[15.105s][info][gc,heap     ] GC(39) Survivor regions: 9->10(21)
[15.105s][info][gc,heap     ] GC(39) Old regions: 488->488
[15.105s][info][gc,heap     ] GC(39) Humongous regions: 5->5
[15.106s][info][gc,metaspace] GC(39) Metaspace: 16994K(17216K)->16994K(17216K) NonClass: 15213K(15360K)->15213K(15360K) Class: 1781K(1856K)->1781K(1856K)
[15.106s][info][gc          ] GC(39) Pause Young (Normal) (G1 Evacuation Pause) 654M->502M(732M) 23.112ms
[15.106s][info][gc,cpu      ] GC(39) User=0.05s Sys=0.00s Real=0.02s
[15.257s][info][gc,marking  ] GC(37) Concurrent Mark From Roots 754.362ms
[15.257s][info][gc,marking  ] GC(37) Concurrent Preclean
[15.257s][info][gc,marking  ] GC(37) Concurrent Preclean 0.032ms
[15.257s][info][gc,start    ] GC(37) Pause Remark
[15.267s][info][gc          ] GC(37) Pause Remark 527M->360M(732M) 10.397ms
[15.267s][info][gc,cpu      ] GC(37) User=0.02s Sys=0.00s Real=0.01s
[15.269s][info][gc,marking  ] GC(37) Concurrent Mark 766.936ms
[15.269s][info][gc,marking  ] GC(37) Concurrent Rebuild Remembered Sets and Scrub Regions
[15.661s][info][gc,marking  ] GC(37) Concurrent Rebuild Remembered Sets and Scrub Regions 391.449ms
[15.661s][info][gc,start    ] GC(37) Pause Cleanup
[15.661s][info][gc          ] GC(37) Pause Cleanup 463M->463M(732M) 0.139ms
[15.661s][info][gc,cpu      ] GC(37) User=0.00s Sys=0.00s Real=0.00s
[15.663s][info][gc,marking  ] GC(37) Concurrent Clear Claimed Marks
[15.663s][info][gc,marking  ] GC(37) Concurrent Clear Claimed Marks 0.037ms
[15.663s][info][gc,marking  ] GC(37) Concurrent Cleanup for Next Mark
[15.667s][info][gc,marking  ] GC(37) Concurrent Cleanup for Next Mark 4.242ms
[15.667s][info][gc          ] GC(37) Concurrent Mark Cycle 1211.726ms
[15.732s][info][gc,start    ] GC(40) Pause Young (Prepare Mixed) (G1 Evacuation Pause)
[15.732s][info][gc,task     ] GC(40) Using 2 workers of 2 for evacuation
[15.796s][info][gc,phases   ] GC(40)   Pre Evacuate Collection Set: 0.36ms
[15.796s][info][gc,phases   ] GC(40)   Merge Heap Roots: 0.66ms
[15.796s][info][gc,phases   ] GC(40)   Evacuate Collection Set: 61.64ms
[15.796s][info][gc,phases   ] GC(40)   Post Evacuate Collection Set: 0.52ms
[15.796s][info][gc,phases   ] GC(40)   Other: 0.08ms
[15.796s][info][gc,heap     ] GC(40) Eden regions: 163->0(251)
[15.796s][info][gc,heap     ] GC(40) Survivor regions: 10->22(22)
[15.796s][info][gc,heap     ] GC(40) Old regions: 323->347
[15.796s][info][gc,heap     ] GC(40) Humongous regions: 3->3
[15.796s][info][gc,metaspace] GC(40) Metaspace: 17008K(17216K)->17008K(17216K) NonClass: 15225K(15360K)->15225K(15360K) Class: 1783K(1856K)->1783K(1856K)
[15.796s][info][gc          ] GC(40) Pause Young (Prepare Mixed) (G1 Evacuation Pause) 498M->372M(732M) 63.486ms
[15.796s][info][gc,cpu      ] GC(40) User=0.12s Sys=0.00s Real=0.06s
[16.276s][info][gc,start    ] GC(41) Pause Young (Mixed) (G1 Evacuation Pause)
[16.276s][info][gc,task     ] GC(41) Using 2 workers of 2 for evacuation
[16.380s][info][gc,phases   ] GC(41)   Pre Evacuate Collection Set: 0.36ms
[16.380s][info][gc,phases   ] GC(41)   Merge Heap Roots: 0.51ms
[16.380s][info][gc,phases   ] GC(41)   Evacuate Collection Set: 101.43ms
[16.380s][info][gc,phases   ] GC(41)   Post Evacuate Collection Set: 1.79ms
[16.380s][info][gc,phases   ] GC(41)   Other: 0.09ms
[16.380s][info][gc,heap     ] GC(41) Eden regions: 251->0(300)
[16.380s][info][gc,heap     ] GC(41) Survivor regions: 22->35(35)
[16.380s][info][gc,heap     ] GC(41) Old regions: 347->318
[16.380s][info][gc,heap     ] GC(41) Humongous regions: 3->3
[16.380s][info][gc,metaspace] GC(41) Metaspace: 17087K(17280K)->17087K(17280K) NonClass: 15296K(15424K)->15296K(15424K) Class: 1790K(1856K)->1790K(1856K)
[16.380s][info][gc          ] GC(41) Pause Young (Mixed) (G1 Evacuation Pause) 623M->355M(803M) 104.383ms
[16.380s][info][gc,cpu      ] GC(41) User=0.20s Sys=0.00s Real=0.11s
[16.801s][info][gc,start    ] GC(42) Pause Young (Mixed) (G1 Evacuation Pause)
[16.801s][info][gc,task     ] GC(42) Using 2 workers of 2 for evacuation
[16.951s][info][gc,phases   ] GC(42)   Pre Evacuate Collection Set: 0.44ms
[16.951s][info][gc,phases   ] GC(42)   Merge Heap Roots: 0.97ms
[16.951s][info][gc,phases   ] GC(42)   Evacuate Collection Set: 147.09ms
[16.951s][info][gc,phases   ] GC(42)   Post Evacuate Collection Set: 1.26ms
[16.951s][info][gc,phases   ] GC(42)   Other: 0.12ms
[16.951s][info][gc,heap     ] GC(42) Eden regions: 257->0(94)
[16.951s][info][gc,heap     ] GC(42) Survivor regions: 35->37(37)
[16.951s][info][gc,heap     ] GC(42) Old regions: 318->407
[16.951s][info][gc,heap     ] GC(42) Humongous regions: 3->3
[16.951s][info][gc,metaspace] GC(42) Metaspace: 17101K(17280K)->17101K(17280K) NonClass: 15309K(15424K)->15309K(15424K) Class: 1792K(1856K)->1792K(1856K)
[16.951s][info][gc          ] GC(42) Pause Young (Mixed) (G1 Evacuation Pause) 612M->447M(803M) 150.122ms
[16.951s][info][gc,cpu      ] GC(42) User=0.30s Sys=0.01s Real=0.15s
[16.963s][info][gc,start    ] GC(43) Pause Young (Mixed) (G1 Evacuation Pause)
[16.963s][info][gc,task     ] GC(43) Using 2 workers of 2 for evacuation
[17.130s][info][gc,phases   ] GC(43)   Pre Evacuate Collection Set: 0.24ms
[17.130s][info][gc,phases   ] GC(43)   Merge Heap Roots: 1.75ms
[17.130s][info][gc,phases   ] GC(43)   Evacuate Collection Set: 163.55ms
[17.130s][info][gc,phases   ] GC(43)   Post Evacuate Collection Set: 1.11ms
[17.130s][info][gc,phases   ] GC(43)   Other: 0.07ms
[17.130s][info][gc,heap     ] GC(43) Eden regions: 3->0(204)
[17.130s][info][gc,heap     ] GC(43) Survivor regions: 37->2(5)
[17.130s][info][gc,heap     ] GC(43) Old regions: 407->436
[17.130s][info][gc,heap     ] GC(43) Humongous regions: 3->3
[17.130s][info][gc,metaspace] GC(43) Metaspace: 17102K(17280K)->17102K(17280K) NonClass: 15309K(15424K)->15309K(15424K) Class: 1792K(1856K)->1792K(1856K)
[17.130s][info][gc          ] GC(43) Pause Young (Mixed) (G1 Evacuation Pause) 450M->440M(803M) 166.954ms
[17.130s][info][gc,cpu      ] GC(43) User=0.33s Sys=0.00s Real=0.17s
[17.588s][info][gc,start    ] GC(44) Pause Young (Mixed) (G1 Evacuation Pause)
[17.588s][info][gc,task     ] GC(44) Using 2 workers of 2 for evacuation
[17.714s][info][gc,phases   ] GC(44)   Pre Evacuate Collection Set: 0.37ms
[17.714s][info][gc,phases   ] GC(44)   Merge Heap Roots: 1.05ms
[17.714s][info][gc,phases   ] GC(44)   Evacuate Collection Set: 124.36ms
[17.714s][info][gc,phases   ] GC(44)   Post Evacuate Collection Set: 0.56ms
[17.714s][info][gc,phases   ] GC(44)   Other: 0.07ms
[17.714s][info][gc,heap     ] GC(44) Eden regions: 204->0(180)
[17.714s][info][gc,heap     ] GC(44) Survivor regions: 2->26(26)
[17.714s][info][gc,heap     ] GC(44) Old regions: 436->456
[17.714s][info][gc,heap     ] GC(44) Humongous regions: 3->3
[17.714s][info][gc,metaspace] GC(44) Metaspace: 17106K(17280K)->17106K(17280K) NonClass: 15313K(15424K)->15313K(15424K) Class: 1792K(1856K)->1792K(1856K)
[17.714s][info][gc          ] GC(44) Pause Young (Mixed) (G1 Evacuation Pause) 644M->484M(803M) 126.641ms
[17.714s][info][gc,cpu      ] GC(44) User=0.25s Sys=0.00s Real=0.13s
[18.050s][info][gc,start    ] GC(45) Pause Young (Concurrent Start) (G1 Evacuation Pause)
[18.050s][info][gc,task     ] GC(45) Using 2 workers of 2 for evacuation
[18.123s][info][gc,phases   ] GC(45)   Pre Evacuate Collection Set: 0.33ms
[18.123s][info][gc,phases   ] GC(45)   Merge Heap Roots: 0.81ms
[18.123s][info][gc,phases   ] GC(45)   Evacuate Collection Set: 69.64ms
[18.123s][info][gc,phases   ] GC(45)   Post Evacuate Collection Set: 1.99ms
[18.123s][info][gc,phases   ] GC(45)   Other: 0.17ms
[18.123s][info][gc,heap     ] GC(45) Eden regions: 180->0(238)
[18.123s][info][gc,heap     ] GC(45) Survivor regions: 26->9(26)
[18.123s][info][gc,heap     ] GC(45) Old regions: 456->482
[18.123s][info][gc,heap     ] GC(45) Humongous regions: 3->3
[18.123s][info][gc,metaspace] GC(45) Metaspace: 17118K(17344K)->17118K(17344K) NonClass: 15325K(15488K)->15325K(15488K) Class: 1793K(1856K)->1793K(1856K)
[18.123s][info][gc          ] GC(45) Pause Young (Concurrent Start) (G1 Evacuation Pause) 664M->493M(873M) 73.163ms
[18.123s][info][gc,cpu      ] GC(45) User=0.14s Sys=0.00s Real=0.07s
[18.123s][info][gc          ] GC(46) Concurrent Mark Cycle
[18.123s][info][gc,marking  ] GC(46) Concurrent Scan Root Regions
[18.196s][info][gc,marking  ] GC(46) Concurrent Scan Root Regions 72.045ms
[18.196s][info][gc,marking  ] GC(46) Concurrent Mark
[18.196s][info][gc,marking  ] GC(46) Concurrent Mark From Roots
[18.196s][info][gc,task     ] GC(46) Using 1 workers of 1 for marking
[18.785s][info][gc,start    ] GC(47) Pause Young (Normal) (G1 Evacuation Pause)
[18.785s][info][gc,task     ] GC(47) Using 2 workers of 2 for evacuation
[18.931s][info][gc,phases   ] GC(47)   Pre Evacuate Collection Set: 0.47ms
[18.931s][info][gc,phases   ] GC(47)   Merge Heap Roots: 0.94ms
[18.931s][info][gc,phases   ] GC(47)   Evacuate Collection Set: 142.65ms
[18.931s][info][gc,phases   ] GC(47)   Post Evacuate Collection Set: 1.20ms
[18.931s][info][gc,phases   ] GC(47)   Other: 0.13ms
[18.931s][info][gc,heap     ] GC(47) Eden regions: 238->0(186)
[18.931s][info][gc,heap     ] GC(47) Survivor regions: 9->31(31)
[18.931s][info][gc,heap     ] GC(47) Old regions: 482->522
[18.931s][info][gc,heap     ] GC(47) Humongous regions: 9->9
[18.931s][info][gc,metaspace] GC(47) Metaspace: 17120K(17344K)->17120K(17344K) NonClass: 15327K(15488K)->15327K(15488K) Class: 1793K(1856K)->1793K(1856K)
[18.931s][info][gc          ] GC(47) Pause Young (Normal) (G1 Evacuation Pause) 737M->562M(873M) 145.676ms
[18.931s][info][gc,cpu      ] GC(47) User=0.29s Sys=0.00s Real=0.15s
[19.202s][info][gc,marking  ] GC(46) Concurrent Mark From Roots 1006.400ms
[19.202s][info][gc,marking  ] GC(46) Concurrent Preclean
[19.202s][info][gc,marking  ] GC(46) Concurrent Preclean 0.029ms
[19.202s][info][gc,start    ] GC(46) Pause Remark
[19.210s][info][gc          ] GC(46) Pause Remark 696M->548M(873M) 8.231ms
[19.210s][info][gc,cpu      ] GC(46) User=0.01s Sys=0.00s Real=0.01s
[19.211s][info][gc,marking  ] GC(46) Concurrent Mark 1015.678ms
[19.211s][info][gc,marking  ] GC(46) Concurrent Rebuild Remembered Sets and Scrub Regions
[19.272s][info][gc,start    ] GC(48) Pause Young (Normal) (G1 Evacuation Pause)
[19.272s][info][gc,task     ] GC(48) Using 2 workers of 2 for evacuation
[19.374s][info][gc,phases   ] GC(48)   Pre Evacuate Collection Set: 0.25ms
[19.374s][info][gc,phases   ] GC(48)   Merge Heap Roots: 1.20ms
[19.374s][info][gc,phases   ] GC(48)   Evacuate Collection Set: 100.13ms
[19.374s][info][gc,phases   ] GC(48)   Post Evacuate Collection Set: 0.50ms
[19.374s][info][gc,phases   ] GC(48)   Other: 0.09ms
[19.374s][info][gc,heap     ] GC(48) Eden regions: 186->0(262)
[19.374s][info][gc,heap     ] GC(48) Survivor regions: 31->28(28)
[19.374s][info][gc,heap     ] GC(48) Old regions: 376->411
[19.374s][info][gc,heap     ] GC(48) Humongous regions: 7->7
[19.374s][info][gc,metaspace] GC(48) Metaspace: 17121K(17344K)->17121K(17344K) NonClass: 15327K(15488K)->15327K(15488K) Class: 1793K(1856K)->1793K(1856K)
[19.374s][info][gc          ] GC(48) Pause Young (Normal) (G1 Evacuation Pause) 600M->446M(873M) 102.417ms
[19.374s][info][gc,cpu      ] GC(48) User=0.21s Sys=0.00s Real=0.10s
[19.710s][info][gc,start    ] GC(49) Pause Young (Normal) (G1 Evacuation Pause)
[19.710s][info][gc,task     ] GC(49) Using 2 workers of 2 for evacuation
[19.753s][info][gc,phases   ] GC(49)   Pre Evacuate Collection Set: 0.38ms
[19.753s][info][gc,phases   ] GC(49)   Merge Heap Roots: 0.46ms
[19.753s][info][gc,phases   ] GC(49)   Evacuate Collection Set: 41.06ms
[19.753s][info][gc,phases   ] GC(49)   Post Evacuate Collection Set: 0.47ms
[19.753s][info][gc,phases   ] GC(49)   Other: 0.11ms
[19.753s][info][gc,heap     ] GC(49) Eden regions: 262->0(273)
[19.753s][info][gc,heap     ] GC(49) Survivor regions: 28->6(37)
[19.753s][info][gc,heap     ] GC(49) Old regions: 411->440
[19.753s][info][gc,heap     ] GC(49) Humongous regions: 7->7
[19.753s][info][gc,metaspace] GC(49) Metaspace: 17125K(17344K)->17125K(17344K) NonClass: 15331K(15488K)->15331K(15488K) Class: 1793K(1856K)->1793K(1856K)
[19.753s][info][gc          ] GC(49) Pause Young (Normal) (G1 Evacuation Pause) 708M->452M(873M) 42.695ms
[19.753s][info][gc,cpu      ] GC(49) User=0.09s Sys=0.00s Real=0.04s
[19.756s][info][gc,marking  ] GC(46) Concurrent Rebuild Remembered Sets and Scrub Regions 544.622ms
[19.756s][info][gc,start    ] GC(46) Pause Cleanup
[19.756s][info][gc          ] GC(46) Pause Cleanup 454M->454M(873M) 0.083ms
[19.756s][info][gc,cpu      ] GC(46) User=0.00s Sys=0.00s Real=0.00s
[19.756s][info][gc,marking  ] GC(46) Concurrent Clear Claimed Marks
[19.756s][info][gc,marking  ] GC(46) Concurrent Clear Claimed Marks 0.040ms
[19.756s][info][gc,marking  ] GC(46) Concurrent Cleanup for Next Mark
[19.770s][info][gc,marking  ] GC(46) Concurrent Cleanup for Next Mark 14.024ms
[19.770s][info][gc          ] GC(46) Concurrent Mark Cycle 1646.888ms
[20.059s][info][gc,start    ] GC(50) Pause Young (Prepare Mixed) (G1 Evacuation Pause)
[20.059s][info][gc,task     ] GC(50) Using 2 workers of 2 for evacuation
[20.093s][info][gc,phases   ] GC(50)   Pre Evacuate Collection Set: 0.41ms
[20.093s][info][gc,phases   ] GC(50)   Merge Heap Roots: 0.39ms
[20.093s][info][gc,phases   ] GC(50)   Evacuate Collection Set: 32.65ms
[20.093s][info][gc,phases   ] GC(50)   Post Evacuate Collection Set: 0.48ms
[20.093s][info][gc,phases   ] GC(50)   Other: 0.11ms
[20.093s][info][gc,heap     ] GC(50) Eden regions: 273->0(281)
[20.094s][info][gc,heap     ] GC(50) Survivor regions: 6->13(35)
[20.094s][info][gc,heap     ] GC(50) Old regions: 440->440
[20.094s][info][gc,heap     ] GC(50) Humongous regions: 7->7
[20.094s][info][gc,metaspace] GC(50) Metaspace: 17144K(17344K)->17144K(17344K) NonClass: 15345K(15488K)->15345K(15488K) Class: 1798K(1856K)->1798K(1856K)
[20.094s][info][gc          ] GC(50) Pause Young (Prepare Mixed) (G1 Evacuation Pause) 725M->459M(873M) 34.315ms
[20.094s][info][gc,cpu      ] GC(50) User=0.07s Sys=0.00s Real=0.03s
[20.586s][info][gc,start    ] GC(51) Pause Young (Mixed) (G1 Evacuation Pause)
[20.586s][info][gc,task     ] GC(51) Using 2 workers of 2 for evacuation
[20.649s][info][gc,phases   ] GC(51)   Pre Evacuate Collection Set: 0.27ms
[20.649s][info][gc,phases   ] GC(51)   Merge Heap Roots: 0.32ms
[20.649s][info][gc,phases   ] GC(51)   Evacuate Collection Set: 61.83ms
[20.649s][info][gc,phases   ] GC(51)   Post Evacuate Collection Set: 0.56ms
[20.649s][info][gc,phases   ] GC(51)   Other: 0.11ms
[20.649s][info][gc,heap     ] GC(51) Eden regions: 281->0(278)
[20.649s][info][gc,heap     ] GC(51) Survivor regions: 13->37(37)
[20.649s][info][gc,heap     ] GC(51) Old regions: 440->424
[20.649s][info][gc,heap     ] GC(51) Humongous regions: 7->7
[20.649s][info][gc,metaspace] GC(51) Metaspace: 17145K(17344K)->17145K(17344K) NonClass: 15346K(15488K)->15346K(15488K) Class: 1798K(1856K)->1798K(1856K)
[20.649s][info][gc          ] GC(51) Pause Young (Mixed) (G1 Evacuation Pause) 740M->468M(873M) 63.334ms
[20.649s][info][gc,cpu      ] GC(51) User=0.12s Sys=0.00s Real=0.07s
[21.884s][info][gc,start    ] GC(52) Pause Young (Concurrent Start) (G1 Evacuation Pause)
[21.884s][info][gc,task     ] GC(52) Using 2 workers of 2 for evacuation
[21.936s][info][gc,phases   ] GC(52)   Pre Evacuate Collection Set: 0.27ms
[21.936s][info][gc,phases   ] GC(52)   Merge Heap Roots: 0.31ms
[21.936s][info][gc,phases   ] GC(52)   Evacuate Collection Set: 50.15ms
[21.936s][info][gc,phases   ] GC(52)   Post Evacuate Collection Set: 0.89ms
[21.936s][info][gc,phases   ] GC(52)   Other: 0.11ms
[21.936s][info][gc,heap     ] GC(52) Eden regions: 278->0(303)
[21.936s][info][gc,heap     ] GC(52) Survivor regions: 37->7(40)
[21.936s][info][gc,heap     ] GC(52) Old regions: 424->462
[21.936s][info][gc,heap     ] GC(52) Humongous regions: 7->7
[21.936s][info][gc,metaspace] GC(52) Metaspace: 17177K(17344K)->17177K(17344K) NonClass: 15379K(15488K)->15379K(15488K) Class: 1798K(1856K)->1798K(1856K)
[21.936s][info][gc          ] GC(52) Pause Young (Concurrent Start) (G1 Evacuation Pause) 746M->475M(903M) 51.962ms
[21.936s][info][gc          ] GC(53) Concurrent Mark Cycle
[21.936s][info][gc,marking  ] GC(53) Concurrent Scan Root Regions
[21.936s][info][gc,cpu      ] GC(52) User=0.10s Sys=0.00s Real=0.05s
[22.023s][info][gc,marking  ] GC(53) Concurrent Scan Root Regions 87.310ms
[22.023s][info][gc,marking  ] GC(53) Concurrent Mark
[22.023s][info][gc,marking  ] GC(53) Concurrent Mark From Roots
[22.023s][info][gc,task     ] GC(53) Using 1 workers of 1 for marking
[23.061s][info][gc,marking  ] GC(53) Concurrent Mark From Roots 1037.755ms
[23.061s][info][gc,marking  ] GC(53) Concurrent Preclean
[23.061s][info][gc,marking  ] GC(53) Concurrent Preclean 0.033ms
[23.061s][info][gc,start    ] GC(53) Pause Remark
[23.069s][info][gc          ] GC(53) Pause Remark 771M->698M(903M) 7.293ms
[23.069s][info][gc,cpu      ] GC(53) User=0.01s Sys=0.00s Real=0.01s
[23.069s][info][gc,marking  ] GC(53) Concurrent Mark 1045.638ms
[23.069s][info][gc,marking  ] GC(53) Concurrent Rebuild Remembered Sets and Scrub Regions
[23.113s][info][gc,start    ] GC(54) Pause Young (Normal) (G1 Evacuation Pause)
[23.113s][info][gc,task     ] GC(54) Using 2 workers of 2 for evacuation
[23.126s][info][gc,phases   ] GC(54)   Pre Evacuate Collection Set: 0.44ms
[23.126s][info][gc,phases   ] GC(54)   Merge Heap Roots: 0.36ms
[23.126s][info][gc,phases   ] GC(54)   Evacuate Collection Set: 11.13ms
[23.126s][info][gc,phases   ] GC(54)   Post Evacuate Collection Set: 0.47ms
[23.126s][info][gc,phases   ] GC(54)   Other: 0.11ms
[23.126s][info][gc,heap     ] GC(54) Eden regions: 303->0(347)
[23.126s][info][gc,heap     ] GC(54) Survivor regions: 7->7(39)
[23.126s][info][gc,heap     ] GC(54) Old regions: 392->392
[23.126s][info][gc,heap     ] GC(54) Humongous regions: 4->4
[23.126s][info][gc,metaspace] GC(54) Metaspace: 17179K(17344K)->17179K(17344K) NonClass: 15380K(15488K)->15380K(15488K) Class: 1798K(1856K)->1798K(1856K)
[23.126s][info][gc          ] GC(54) Pause Young (Normal) (G1 Evacuation Pause) 705M->402M(903M) 12.756ms
[23.126s][info][gc,cpu      ] GC(54) User=0.02s Sys=0.00s Real=0.01s
[23.485s][info][gc,marking  ] GC(53) Concurrent Rebuild Remembered Sets and Scrub Regions 416.141ms
[23.485s][info][gc,start    ] GC(53) Pause Cleanup
[23.485s][info][gc          ] GC(53) Pause Cleanup 475M->475M(903M) 0.144ms
[23.485s][info][gc,cpu      ] GC(53) User=0.00s Sys=0.00s Real=0.00s
[23.485s][info][gc,marking  ] GC(53) Concurrent Clear Claimed Marks
[23.485s][info][gc,marking  ] GC(53) Concurrent Clear Claimed Marks 0.031ms
[23.485s][info][gc,marking  ] GC(53) Concurrent Cleanup for Next Mark
[23.491s][info][gc,marking  ] GC(53) Concurrent Cleanup for Next Mark 6.102ms
[23.491s][info][gc          ] GC(53) Concurrent Mark Cycle 1555.815ms
[24.011s][info][gc,start    ] GC(55) Pause Young (Prepare Mixed) (G1 Evacuation Pause)
[24.011s][info][gc,task     ] GC(55) Using 2 workers of 2 for evacuation
[24.105s][info][gc,phases   ] GC(55)   Pre Evacuate Collection Set: 0.42ms
[24.105s][info][gc,phases   ] GC(55)   Merge Heap Roots: 0.68ms
[24.105s][info][gc,phases   ] GC(55)   Evacuate Collection Set: 91.44ms
[24.105s][info][gc,phases   ] GC(55)   Post Evacuate Collection Set: 0.75ms
[24.105s][info][gc,phases   ] GC(55)   Other: 0.12ms
[24.105s][info][gc,heap     ] GC(55) Eden regions: 347->0(303)
[24.105s][info][gc,heap     ] GC(55) Survivor regions: 7->45(45)
[24.105s][info][gc,heap     ] GC(55) Old regions: 392->417
[24.105s][info][gc,heap     ] GC(55) Humongous regions: 4->4
[24.105s][info][gc,metaspace] GC(55) Metaspace: 17200K(17344K)->17200K(17344K) NonClass: 15402K(15488K)->15402K(15488K) Class: 1798K(1856K)->1798K(1856K)
[24.105s][info][gc          ] GC(55) Pause Young (Prepare Mixed) (G1 Evacuation Pause) 749M->465M(903M) 93.647ms
[24.105s][info][gc,cpu      ] GC(55) User=0.19s Sys=0.00s Real=0.09s
[24.624s][info][gc,start    ] GC(56) Pause Young (Mixed) (G1 Evacuation Pause)
[24.624s][info][gc,task     ] GC(56) Using 2 workers of 2 for evacuation
[24.738s][info][gc,phases   ] GC(56)   Pre Evacuate Collection Set: 0.44ms
[24.738s][info][gc,phases   ] GC(56)   Merge Heap Roots: 0.76ms
[24.738s][info][gc,phases   ] GC(56)   Evacuate Collection Set: 111.75ms
[24.738s][info][gc,phases   ] GC(56)   Post Evacuate Collection Set: 0.62ms
[24.738s][info][gc,phases   ] GC(56)   Other: 0.11ms
[24.738s][info][gc,heap     ] GC(56) Eden regions: 303->0(272)
[24.738s][info][gc,heap     ] GC(56) Survivor regions: 45->44(44)
[24.738s][info][gc,heap     ] GC(56) Old regions: 417->451
[24.738s][info][gc,heap     ] GC(56) Humongous regions: 4->4
[24.738s][info][gc,metaspace] GC(56) Metaspace: 17226K(17408K)->17226K(17408K) NonClass: 15427K(15552K)->15427K(15552K) Class: 1798K(1856K)->1798K(1856K)
[24.738s][info][gc          ] GC(56) Pause Young (Mixed) (G1 Evacuation Pause) 768M->499M(903M) 113.953ms
[24.738s][info][gc,cpu      ] GC(56) User=0.23s Sys=0.00s Real=0.12s
[24.975s][info][gc,start    ] GC(57) Pause Young (Concurrent Start) (G1 Humongous Allocation)
[24.975s][info][gc,task     ] GC(57) Using 2 workers of 2 for evacuation
[25.033s][info][gc,phases   ] GC(57)   Pre Evacuate Collection Set: 0.27ms
[25.034s][info][gc,phases   ] GC(57)   Merge Heap Roots: 0.32ms
[25.034s][info][gc,phases   ] GC(57)   Evacuate Collection Set: 57.31ms
[25.034s][info][gc,phases   ] GC(57)   Post Evacuate Collection Set: 0.62ms
[25.034s][info][gc,phases   ] GC(57)   Other: 0.13ms
[25.034s][info][gc,heap     ] GC(57) Eden regions: 218->0(280)
[25.034s][info][gc,heap     ] GC(57) Survivor regions: 44->8(40)
[25.034s][info][gc,heap     ] GC(57) Old regions: 451->496
[25.034s][info][gc,heap     ] GC(57) Humongous regions: 4->4
[25.034s][info][gc,metaspace] GC(57) Metaspace: 17228K(17408K)->17228K(17408K) NonClass: 15429K(15552K)->15429K(15552K) Class: 1798K(1856K)->1798K(1856K)
[25.034s][info][gc          ] GC(57) Pause Young (Concurrent Start) (G1 Humongous Allocation) 716M->507M(903M) 58.926ms
[25.034s][info][gc,cpu      ] GC(57) User=0.11s Sys=0.00s Real=0.06s
[25.034s][info][gc          ] GC(58) Concurrent Mark Cycle
[25.034s][info][gc,marking  ] GC(58) Concurrent Scan Root Regions
[25.082s][info][gc,marking  ] GC(58) Concurrent Scan Root Regions 48.472ms
[25.082s][info][gc,marking  ] GC(58) Concurrent Mark
[25.082s][info][gc,marking  ] GC(58) Concurrent Mark From Roots
[25.082s][info][gc,task     ] GC(58) Using 1 workers of 1 for marking
[25.695s][info][gc,start    ] GC(59) Pause Young (Normal) (G1 Evacuation Pause)
[25.695s][info][gc,task     ] GC(59) Using 2 workers of 2 for evacuation
[25.818s][info][gc,phases   ] GC(59)   Pre Evacuate Collection Set: 0.25ms
[25.818s][info][gc,phases   ] GC(59)   Merge Heap Roots: 0.45ms
[25.818s][info][gc,phases   ] GC(59)   Evacuate Collection Set: 121.68ms
[25.818s][info][gc,phases   ] GC(59)   Post Evacuate Collection Set: 0.62ms
[25.818s][info][gc,phases   ] GC(59)   Other: 0.11ms
[25.818s][info][gc,heap     ] GC(59) Eden regions: 280->0(231)
[25.818s][info][gc,heap     ] GC(59) Survivor regions: 8->36(36)
[25.818s][info][gc,heap     ] GC(59) Old regions: 496->522
[25.818s][info][gc,heap     ] GC(59) Humongous regions: 8->8
[25.818s][info][gc,metaspace] GC(59) Metaspace: 17228K(17408K)->17228K(17408K) NonClass: 15429K(15552K)->15429K(15552K) Class: 1798K(1856K)->1798K(1856K)
[25.818s][info][gc          ] GC(59) Pause Young (Normal) (G1 Evacuation Pause) 791M->565M(903M) 123.355ms
[25.818s][info][gc,cpu      ] GC(59) User=0.25s Sys=0.00s Real=0.12s
[26.195s][info][gc,start    ] GC(60) Pause Young (Normal) (G1 Evacuation Pause)
[26.195s][info][gc,task     ] GC(60) Using 2 workers of 2 for evacuation
[26.284s][info][gc,phases   ] GC(60)   Pre Evacuate Collection Set: 0.23ms
[26.285s][info][gc,phases   ] GC(60)   Merge Heap Roots: 0.88ms
[26.285s][info][gc,phases   ] GC(60)   Evacuate Collection Set: 87.27ms
[26.285s][info][gc,phases   ] GC(60)   Post Evacuate Collection Set: 0.67ms
[26.285s][info][gc,phases   ] GC(60)   Other: 0.10ms
[26.285s][info][gc,heap     ] GC(60) Eden regions: 231->0(233)
[26.285s][info][gc,heap     ] GC(60) Survivor regions: 36->21(34)
[26.285s][info][gc,heap     ] GC(60) Old regions: 522->558
[26.285s][info][gc,heap     ] GC(60) Humongous regions: 8->8
[26.285s][info][gc,metaspace] GC(60) Metaspace: 17249K(17472K)->17249K(17472K) NonClass: 15450K(15616K)->15450K(15616K) Class: 1798K(1856K)->1798K(1856K)
[26.285s][info][gc          ] GC(60) Pause Young (Normal) (G1 Evacuation Pause) 796M->587M(918M) 89.360ms
[26.285s][info][gc,cpu      ] GC(60) User=0.17s Sys=0.00s Real=0.09s
[26.746s][info][gc,start    ] GC(61) Pause Young (Normal) (G1 Evacuation Pause)
[26.746s][info][gc,task     ] GC(61) Using 2 workers of 2 for evacuation
[26.798s][info][gc,phases   ] GC(61)   Pre Evacuate Collection Set: 0.46ms
[26.798s][info][gc,phases   ] GC(61)   Merge Heap Roots: 0.31ms
[26.798s][info][gc,phases   ] GC(61)   Evacuate Collection Set: 50.27ms
[26.798s][info][gc,phases   ] GC(61)   Post Evacuate Collection Set: 0.43ms
[26.798s][info][gc,phases   ] GC(61)   Other: 0.10ms
[26.798s][info][gc,heap     ] GC(61) Eden regions: 233->0(237)
[26.798s][info][gc,heap     ] GC(61) Survivor regions: 21->10(32)
[26.798s][info][gc,heap     ] GC(61) Old regions: 558->579
[26.798s][info][gc,heap     ] GC(61) Humongous regions: 8->8
[26.798s][info][gc,metaspace] GC(61) Metaspace: 17249K(17472K)->17249K(17472K) NonClass: 15450K(15616K)->15450K(15616K) Class: 1798K(1856K)->1798K(1856K)
[26.798s][info][gc          ] GC(61) Pause Young (Normal) (G1 Evacuation Pause) 820M->597M(918M) 51.804ms
[26.798s][info][gc,cpu      ] GC(61) User=0.10s Sys=0.00s Real=0.05s
[26.982s][info][gc,marking  ] GC(58) Concurrent Mark From Roots 1899.650ms
[26.982s][info][gc,marking  ] GC(58) Concurrent Preclean
[26.982s][info][gc,marking  ] GC(58) Concurrent Preclean 0.036ms
[26.982s][info][gc,start    ] GC(58) Pause Remark
[26.990s][info][gc          ] GC(58) Pause Remark 668M->661M(978M) 8.095ms
[26.990s][info][gc,cpu      ] GC(58) User=0.01s Sys=0.01s Real=0.01s
[26.990s][info][gc,marking  ] GC(58) Concurrent Mark 1908.124ms
[26.990s][info][gc,marking  ] GC(58) Concurrent Rebuild Remembered Sets and Scrub Regions
[27.456s][info][gc,start    ] GC(62) Pause Young (Normal) (G1 Evacuation Pause)
[27.456s][info][gc,task     ] GC(62) Using 2 workers of 2 for evacuation
[27.490s][info][gc,phases   ] GC(62)   Pre Evacuate Collection Set: 0.49ms
[27.490s][info][gc,phases   ] GC(62)   Merge Heap Roots: 0.27ms
[27.490s][info][gc,phases   ] GC(62)   Evacuate Collection Set: 32.63ms
[27.490s][info][gc,phases   ] GC(62)   Post Evacuate Collection Set: 0.50ms
[27.490s][info][gc,phases   ] GC(62)   Other: 0.16ms
[27.490s][info][gc,heap     ] GC(62) Eden regions: 237->0(278)
[27.490s][info][gc,heap     ] GC(62) Survivor regions: 10->21(31)
[27.490s][info][gc,heap     ] GC(62) Old regions: 572->572
[27.490s][info][gc,heap     ] GC(62) Humongous regions: 8->8
[27.490s][info][gc,metaspace] GC(62) Metaspace: 17268K(17472K)->17268K(17472K) NonClass: 15469K(15616K)->15469K(15616K) Class: 1798K(1856K)->1798K(1856K)
[27.490s][info][gc          ] GC(62) Pause Young (Normal) (G1 Evacuation Pause) 827M->601M(978M) 34.280ms
[27.490s][info][gc,cpu      ] GC(62) User=0.07s Sys=0.00s Real=0.04s
[27.805s][info][gc,marking  ] GC(58) Concurrent Rebuild Remembered Sets and Scrub Regions 814.781ms
[27.806s][info][gc,start    ] GC(58) Pause Cleanup
[27.806s][info][gc          ] GC(58) Pause Cleanup 716M->716M(978M) 0.122ms
[27.806s][info][gc,cpu      ] GC(58) User=0.00s Sys=0.00s Real=0.00s
[27.806s][info][gc,marking  ] GC(58) Concurrent Clear Claimed Marks
[27.806s][info][gc,marking  ] GC(58) Concurrent Clear Claimed Marks 0.043ms
[27.806s][info][gc,marking  ] GC(58) Concurrent Cleanup for Next Mark
[27.818s][info][gc,marking  ] GC(58) Concurrent Cleanup for Next Mark 11.547ms
[27.818s][info][gc          ] GC(58) Concurrent Mark Cycle 2783.984ms
[28.384s][info][gc,start    ] GC(63) Pause Young (Prepare Mixed) (G1 Evacuation Pause)
[28.384s][info][gc,task     ] GC(63) Using 2 workers of 2 for evacuation
[28.456s][info][gc,phases   ] GC(63)   Pre Evacuate Collection Set: 0.28ms
[28.456s][info][gc,phases   ] GC(63)   Merge Heap Roots: 0.56ms
[28.456s][info][gc,phases   ] GC(63)   Evacuate Collection Set: 71.20ms
[28.456s][info][gc,phases   ] GC(63)   Post Evacuate Collection Set: 0.55ms
[28.456s][info][gc,phases   ] GC(63)   Other: 0.09ms
[28.456s][info][gc,heap     ] GC(63) Eden regions: 278->0(252)
[28.456s][info][gc,heap     ] GC(63) Survivor regions: 21->38(38)
[28.456s][info][gc,heap     ] GC(63) Old regions: 572->589
[28.456s][info][gc,heap     ] GC(63) Humongous regions: 8->8
[28.456s][info][gc,metaspace] GC(63) Metaspace: 17279K(17472K)->17279K(17472K) NonClass: 15480K(15616K)->15480K(15616K) Class: 1799K(1856K)->1799K(1856K)
[28.456s][info][gc          ] GC(63) Pause Young (Prepare Mixed) (G1 Evacuation Pause) 879M->635M(978M) 72.915ms
[28.456s][info][gc,cpu      ] GC(63) User=0.15s Sys=0.00s Real=0.07s
[29.050s][info][gc,start    ] GC(64) Pause Young (Mixed) (G1 Evacuation Pause)
[29.050s][info][gc,task     ] GC(64) Using 2 workers of 2 for evacuation
[29.142s][info][gc,phases   ] GC(64)   Pre Evacuate Collection Set: 0.30ms
[29.142s][info][gc,phases   ] GC(64)   Merge Heap Roots: 0.49ms
[29.142s][info][gc,phases   ] GC(64)   Evacuate Collection Set: 89.75ms
[29.142s][info][gc,phases   ] GC(64)   Post Evacuate Collection Set: 0.63ms
[29.142s][info][gc,phases   ] GC(64)   Other: 0.08ms
[29.142s][info][gc,heap     ] GC(64) Eden regions: 252->0(225)
[29.142s][info][gc,heap     ] GC(64) Survivor regions: 38->37(37)
[29.142s][info][gc,heap     ] GC(64) Old regions: 589->617
[29.142s][info][gc,heap     ] GC(64) Humongous regions: 8->8
[29.142s][info][gc,metaspace] GC(64) Metaspace: 17297K(17472K)->17297K(17472K) NonClass: 15497K(15616K)->15497K(15616K) Class: 1799K(1856K)->1799K(1856K)
[29.142s][info][gc          ] GC(64) Pause Young (Mixed) (G1 Evacuation Pause) 887M->661M(978M) 91.546ms
[29.142s][info][gc,cpu      ] GC(64) User=0.18s Sys=0.00s Real=0.09s
[29.620s][info][gc,start    ] GC(65) Pause Young (Concurrent Start) (G1 Evacuation Pause)
[29.621s][info][gc,task     ] GC(65) Using 2 workers of 2 for evacuation
[29.698s][info][gc,phases   ] GC(65)   Pre Evacuate Collection Set: 0.34ms
[29.698s][info][gc,phases   ] GC(65)   Merge Heap Roots: 0.16ms
[29.698s][info][gc,phases   ] GC(65)   Evacuate Collection Set: 76.41ms
[29.698s][info][gc,phases   ] GC(65)   Post Evacuate Collection Set: 0.61ms
[29.698s][info][gc,phases   ] GC(65)   Other: 0.21ms
[29.698s][info][gc,heap     ] GC(65) Eden regions: 225->0(181)
[29.698s][info][gc,heap     ] GC(65) Survivor regions: 37->33(33)
[29.698s][info][gc,heap     ] GC(65) Old regions: 617->666
[29.698s][info][gc,heap     ] GC(65) Humongous regions: 8->8
[29.698s][info][gc,metaspace] GC(65) Metaspace: 17308K(17472K)->17308K(17472K) NonClass: 15509K(15616K)->15509K(15616K) Class: 1799K(1856K)->1799K(1856K)
[29.698s][info][gc          ] GC(65) Pause Young (Concurrent Start) (G1 Evacuation Pause) 886M->706M(978M) 77.984ms
[29.698s][info][gc          ] GC(66) Concurrent Mark Cycle
[29.699s][info][gc,marking  ] GC(66) Concurrent Scan Root Regions
[29.699s][info][gc,cpu      ] GC(65) User=0.15s Sys=0.00s Real=0.08s
[29.804s][info][gc,marking  ] GC(66) Concurrent Scan Root Regions 105.680ms
[29.804s][info][gc,marking  ] GC(66) Concurrent Mark
[29.804s][info][gc,marking  ] GC(66) Concurrent Mark From Roots
[29.804s][info][gc,task     ] GC(66) Using 1 workers of 1 for marking
[30.339s][info][gc,start    ] GC(67) Pause Young (Normal) (G1 Evacuation Pause)
[30.339s][info][gc,task     ] GC(67) Using 2 workers of 2 for evacuation
[30.398s][info][gc,phases   ] GC(67)   Pre Evacuate Collection Set: 0.30ms
[30.398s][info][gc,phases   ] GC(67)   Merge Heap Roots: 0.33ms
[30.398s][info][gc,phases   ] GC(67)   Evacuate Collection Set: 58.02ms
[30.398s][info][gc,phases   ] GC(67)   Post Evacuate Collection Set: 0.55ms
[30.398s][info][gc,phases   ] GC(67)   Other: 0.08ms
[30.398s][info][gc,heap     ] GC(67) Eden regions: 181->0(177)
[30.398s][info][gc,heap     ] GC(67) Survivor regions: 33->13(27)
[30.398s][info][gc,heap     ] GC(67) Old regions: 666->699
[30.398s][info][gc,heap     ] GC(67) Humongous regions: 11->11
[30.398s][info][gc,metaspace] GC(67) Metaspace: 17309K(17472K)->17309K(17472K) NonClass: 15509K(15616K)->15509K(15616K) Class: 1799K(1856K)->1799K(1856K)
[30.398s][info][gc          ] GC(67) Pause Young (Normal) (G1 Evacuation Pause) 890M->723M(978M) 59.554ms
[30.398s][info][gc,cpu      ] GC(67) User=0.12s Sys=0.00s Real=0.06s
[30.834s][info][gc,start    ] GC(68) Pause Young (Normal) (G1 Evacuation Pause)
[30.834s][info][gc,task     ] GC(68) Using 2 workers of 2 for evacuation
[30.908s][info][gc,phases   ] GC(68)   Pre Evacuate Collection Set: 0.54ms
[30.908s][info][gc,phases   ] GC(68)   Merge Heap Roots: 0.36ms
[30.908s][info][gc,phases   ] GC(68)   Evacuate Collection Set: 72.56ms
[30.909s][info][gc,phases   ] GC(68)   Post Evacuate Collection Set: 0.45ms
[30.909s][info][gc,phases   ] GC(68)   Other: 0.08ms
[30.909s][info][gc,heap     ] GC(68) Eden regions: 177->0(146)
[30.909s][info][gc,heap     ] GC(68) Survivor regions: 13->24(24)
[30.909s][info][gc,heap     ] GC(68) Old regions: 699->723
[30.909s][info][gc,heap     ] GC(68) Humongous regions: 11->11
[30.909s][info][gc,metaspace] GC(68) Metaspace: 17309K(17472K)->17309K(17472K) NonClass: 15509K(15616K)->15509K(15616K) Class: 1799K(1856K)->1799K(1856K)
[30.909s][info][gc          ] GC(68) Pause Young (Normal) (G1 Evacuation Pause) 900M->757M(978M) 74.246ms
[30.909s][info][gc,cpu      ] GC(68) User=0.14s Sys=0.00s Real=0.08s
[31.231s][info][gc,start    ] GC(69) Pause Young (Normal) (G1 Evacuation Pause)
[31.231s][info][gc,task     ] GC(69) Using 2 workers of 2 for evacuation
[31.298s][info][gc,phases   ] GC(69)   Pre Evacuate Collection Set: 0.28ms
[31.298s][info][gc,phases   ] GC(69)   Merge Heap Roots: 0.52ms
[31.298s][info][gc,phases   ] GC(69)   Evacuate Collection Set: 65.15ms
[31.298s][info][gc,phases   ] GC(69)   Post Evacuate Collection Set: 0.45ms
[31.298s][info][gc,phases   ] GC(69)   Other: 0.14ms
[31.298s][info][gc,heap     ] GC(69) Eden regions: 146->0(138)
[31.298s][info][gc,heap     ] GC(69) Survivor regions: 24->16(22)
[31.298s][info][gc,heap     ] GC(69) Old regions: 723->747
[31.298s][info][gc,heap     ] GC(69) Humongous regions: 11->11
[31.298s][info][gc,metaspace] GC(69) Metaspace: 17309K(17472K)->17309K(17472K) NonClass: 15509K(15616K)->15509K(15616K) Class: 1799K(1856K)->1799K(1856K)
[31.298s][info][gc          ] GC(69) Pause Young (Normal) (G1 Evacuation Pause) 903M->773M(978M) 66.824ms
[31.298s][info][gc,cpu      ] GC(69) User=0.13s Sys=0.00s Real=0.06s
[31.532s][info][gc,marking  ] GC(66) Concurrent Mark From Roots 1727.358ms
[31.532s][info][gc,marking  ] GC(66) Concurrent Preclean
[31.532s][info][gc,marking  ] GC(66) Concurrent Preclean 0.044ms
[31.535s][info][gc,start    ] GC(66) Pause Remark
[31.545s][info][gc          ] GC(66) Pause Remark 903M->798M(978M) 9.761ms
[31.545s][info][gc,cpu      ] GC(66) User=0.02s Sys=0.00s Real=0.01s
[31.546s][info][gc,marking  ] GC(66) Concurrent Mark 1741.318ms
[31.546s][info][gc,marking  ] GC(66) Concurrent Rebuild Remembered Sets and Scrub Regions
[31.561s][info][gc,start    ] GC(70) Pause Young (Normal) (G1 Evacuation Pause)
[31.561s][info][gc,task     ] GC(70) Using 2 workers of 2 for evacuation
[31.603s][info][gc,phases   ] GC(70)   Pre Evacuate Collection Set: 0.27ms
[31.603s][info][gc,phases   ] GC(70)   Merge Heap Roots: 0.21ms
[31.603s][info][gc,phases   ] GC(70)   Evacuate Collection Set: 40.91ms
[31.603s][info][gc,phases   ] GC(70)   Post Evacuate Collection Set: 0.54ms
[31.603s][info][gc,phases   ] GC(70)   Other: 0.08ms
[31.603s][info][gc,heap     ] GC(70) Eden regions: 138->0(213)
[31.603s][info][gc,heap     ] GC(70) Survivor regions: 16->6(20)
[31.603s][info][gc,heap     ] GC(70) Old regions: 646->662
[31.603s][info][gc,heap     ] GC(70) Humongous regions: 7->7
[31.603s][info][gc,metaspace] GC(70) Metaspace: 17309K(17472K)->17309K(17472K) NonClass: 15509K(15616K)->15509K(15616K) Class: 1799K(1856K)->1799K(1856K)
[31.603s][info][gc          ] GC(70) Pause Young (Normal) (G1 Evacuation Pause) 806M->674M(978M) 42.241ms
[31.603s][info][gc,cpu      ] GC(70) User=0.08s Sys=0.00s Real=0.04s
[31.994s][info][gc,start    ] GC(71) Pause Young (Normal) (G1 Evacuation Pause)
[31.994s][info][gc,task     ] GC(71) Using 2 workers of 2 for evacuation
[32.071s][info][gc,phases   ] GC(71)   Pre Evacuate Collection Set: 0.28ms
[32.071s][info][gc,phases   ] GC(71)   Merge Heap Roots: 0.43ms
[32.071s][info][gc,phases   ] GC(71)   Evacuate Collection Set: 74.68ms
[32.071s][info][gc,phases   ] GC(71)   Post Evacuate Collection Set: 0.66ms
[32.071s][info][gc,phases   ] GC(71)   Other: 0.13ms
[32.071s][info][gc,heap     ] GC(71) Eden regions: 213->0(180)
[32.071s][info][gc,heap     ] GC(71) Survivor regions: 6->28(28)
[32.071s][info][gc,heap     ] GC(71) Old regions: 662->675
[32.071s][info][gc,heap     ] GC(71) Humongous regions: 7->7
[32.071s][info][gc,metaspace] GC(71) Metaspace: 17311K(17472K)->17311K(17472K) NonClass: 15512K(15616K)->15512K(15616K) Class: 1799K(1856K)->1799K(1856K)
[32.071s][info][gc          ] GC(71) Pause Young (Normal) (G1 Evacuation Pause) 887M->709M(978M) 76.441ms
[32.071s][info][gc,cpu      ] GC(71) User=0.15s Sys=0.00s Real=0.08s
[32.381s][info][gc,start    ] GC(72) Pause Young (Normal) (G1 Evacuation Pause)
[32.381s][info][gc,task     ] GC(72) Using 2 workers of 2 for evacuation
[32.479s][info][gc,phases   ] GC(72)   Pre Evacuate Collection Set: 0.31ms
[32.479s][info][gc,phases   ] GC(72)   Merge Heap Roots: 0.45ms
[32.479s][info][gc,phases   ] GC(72)   Evacuate Collection Set: 96.28ms
[32.479s][info][gc,phases   ] GC(72)   Post Evacuate Collection Set: 0.78ms
[32.479s][info][gc,phases   ] GC(72)   Other: 0.12ms
[32.479s][info][gc,heap     ] GC(72) Eden regions: 180->0(136)
[32.479s][info][gc,heap     ] GC(72) Survivor regions: 28->26(26)
[32.479s][info][gc,heap     ] GC(72) Old regions: 675->725
[32.479s][info][gc,heap     ] GC(72) Humongous regions: 7->7
[32.479s][info][gc,metaspace] GC(72) Metaspace: 17313K(17472K)->17313K(17472K) NonClass: 15514K(15616K)->15514K(15616K) Class: 1799K(1856K)->1799K(1856K)
[32.479s][info][gc          ] GC(72) Pause Young (Normal) (G1 Evacuation Pause) 889M->758M(978M) 98.227ms
[32.479s][info][gc,cpu      ] GC(72) User=0.19s Sys=0.00s Real=0.10s
[32.837s][info][gc,start    ] GC(73) Pause Young (Normal) (G1 Evacuation Pause)
[32.837s][info][gc,task     ] GC(73) Using 2 workers of 2 for evacuation
[32.899s][info][gc,phases   ] GC(73)   Pre Evacuate Collection Set: 0.47ms
[32.899s][info][gc,phases   ] GC(73)   Merge Heap Roots: 0.79ms
[32.899s][info][gc,phases   ] GC(73)   Evacuate Collection Set: 59.66ms
[32.899s][info][gc,phases   ] GC(73)   Post Evacuate Collection Set: 0.60ms
[32.899s][info][gc,phases   ] GC(73)   Other: 0.12ms
[32.899s][info][gc,heap     ] GC(73) Eden regions: 136->0(135)
[32.899s][info][gc,heap     ] GC(73) Survivor regions: 26->12(21)
[32.899s][info][gc,heap     ] GC(73) Old regions: 725->752
[32.899s][info][gc,heap     ] GC(73) Humongous regions: 7->7
[32.899s][info][gc,metaspace] GC(73) Metaspace: 17313K(17472K)->17313K(17472K) NonClass: 15514K(15616K)->15514K(15616K) Class: 1799K(1856K)->1799K(1856K)
[32.899s][info][gc          ] GC(73) Pause Young (Normal) (G1 Evacuation Pause) 894M->770M(978M) 61.931ms
[32.899s][info][gc,cpu      ] GC(73) User=0.12s Sys=0.00s Real=0.07s
[32.902s][info][gc,marking  ] GC(66) Concurrent Rebuild Remembered Sets and Scrub Regions 1356.534ms
[32.903s][info][gc,start    ] GC(66) Pause Cleanup
[32.904s][info][gc          ] GC(66) Pause Cleanup 772M->772M(978M) 0.209ms
[32.904s][info][gc,cpu      ] GC(66) User=0.00s Sys=0.00s Real=0.00s
[32.904s][info][gc,marking  ] GC(66) Concurrent Clear Claimed Marks
[32.904s][info][gc,marking  ] GC(66) Concurrent Clear Claimed Marks 0.046ms
[32.904s][info][gc,marking  ] GC(66) Concurrent Cleanup for Next Mark
[32.909s][info][gc,marking  ] GC(66) Concurrent Cleanup for Next Mark 5.037ms
[32.909s][info][gc          ] GC(66) Concurrent Mark Cycle 3210.596ms
[33.199s][info][gc,start    ] GC(74) Pause Young (Prepare Mixed) (G1 Evacuation Pause)
[33.200s][info][gc,task     ] GC(74) Using 2 workers of 2 for evacuation
[33.287s][info][gc,phases   ] GC(74)   Pre Evacuate Collection Set: 0.52ms
[33.287s][info][gc,phases   ] GC(74)   Merge Heap Roots: 0.59ms
[33.287s][info][gc,phases   ] GC(74)   Evacuate Collection Set: 85.08ms
[33.287s][info][gc,phases   ] GC(74)   Post Evacuate Collection Set: 0.67ms
[33.287s][info][gc,phases   ] GC(74)   Other: 0.12ms
[33.287s][info][gc,heap     ] GC(74) Eden regions: 135->0(98)
[33.287s][info][gc,heap     ] GC(74) Survivor regions: 12->19(19)
[33.287s][info][gc,heap     ] GC(74) Old regions: 752->782
[33.287s][info][gc,heap     ] GC(74) Humongous regions: 10->10
[33.287s][info][gc,metaspace] GC(74) Metaspace: 17315K(17472K)->17315K(17472K) NonClass: 15516K(15616K)->15516K(15616K) Class: 1799K(1856K)->1799K(1856K)
[33.287s][info][gc          ] GC(74) Pause Young (Prepare Mixed) (G1 Evacuation Pause) 908M->810M(978M) 87.244ms
[33.287s][info][gc,cpu      ] GC(74) User=0.17s Sys=0.00s Real=0.08s
[33.479s][info][gc,start    ] GC(75) Pause Young (Mixed) (G1 Evacuation Pause)
[33.479s][info][gc,task     ] GC(75) Using 2 workers of 2 for evacuation
[33.564s][info][gc,phases   ] GC(75)   Pre Evacuate Collection Set: 0.58ms
[33.564s][info][gc,phases   ] GC(75)   Merge Heap Roots: 0.68ms
[33.564s][info][gc,phases   ] GC(75)   Evacuate Collection Set: 83.21ms
[33.564s][info][gc,phases   ] GC(75)   Post Evacuate Collection Set: 0.81ms
[33.564s][info][gc,phases   ] GC(75)   Other: 0.12ms
[33.564s][info][gc,heap     ] GC(75) Eden regions: 98->0(145)
[33.564s][info][gc,heap     ] GC(75) Survivor regions: 19->15(15)
[33.564s][info][gc,heap     ] GC(75) Old regions: 782->717
[33.564s][info][gc,heap     ] GC(75) Humongous regions: 10->10
[33.565s][info][gc,metaspace] GC(75) Metaspace: 17319K(17472K)->17319K(17472K) NonClass: 15520K(15616K)->15520K(15616K) Class: 1799K(1856K)->1799K(1856K)
[33.565s][info][gc          ] GC(75) Pause Young (Mixed) (G1 Evacuation Pause) 908M->741M(978M) 85.706ms
[33.565s][info][gc,cpu      ] GC(75) User=0.17s Sys=0.00s Real=0.08s
[33.812s][info][gc,start    ] GC(76) Pause Young (Mixed) (G1 Evacuation Pause)
[33.812s][info][gc,task     ] GC(76) Using 2 workers of 2 for evacuation
[33.948s][info][gc,phases   ] GC(76)   Pre Evacuate Collection Set: 0.51ms
[33.948s][info][gc,phases   ] GC(76)   Merge Heap Roots: 2.57ms
[33.948s][info][gc,phases   ] GC(76)   Evacuate Collection Set: 124.10ms
[33.948s][info][gc,phases   ] GC(76)   Merge Optional Heap Roots: 0.16ms
[33.948s][info][gc,phases   ] GC(76)   Evacuate Optional Collection Set: 6.20ms
[33.948s][info][gc,phases   ] GC(76)   Post Evacuate Collection Set: 2.56ms
[33.948s][info][gc,phases   ] GC(76)   Other: -0.18ms
[33.948s][info][gc,heap     ] GC(76) Eden regions: 145->0(31)
[33.948s][info][gc,heap     ] GC(76) Survivor regions: 15->17(20)
[33.948s][info][gc,heap     ] GC(76) Old regions: 717->700
[33.948s][info][gc,heap     ] GC(76) Humongous regions: 10->10
[33.948s][info][gc,metaspace] GC(76) Metaspace: 17320K(17472K)->17320K(17472K) NonClass: 15521K(15616K)->15521K(15616K) Class: 1799K(1856K)->1799K(1856K)
[33.948s][info][gc          ] GC(76) Pause Young (Mixed) (G1 Evacuation Pause) 886M->726M(978M) 136.231ms
[33.948s][info][gc,cpu      ] GC(76) User=0.27s Sys=0.01s Real=0.14s
[34.013s][info][gc,start    ] GC(77) Pause Young (Mixed) (G1 Evacuation Pause)
[34.013s][info][gc,task     ] GC(77) Using 2 workers of 2 for evacuation
[34.231s][info][gc,mmu      ] GC(77) MMU target violated: 201.0ms (200.0ms/201.0ms)
[34.231s][info][gc,phases   ] GC(77)   Pre Evacuate Collection Set: 0.32ms
[34.231s][info][gc,phases   ] GC(77)   Merge Heap Roots: 3.13ms
[34.231s][info][gc,phases   ] GC(77)   Evacuate Collection Set: 214.00ms
[34.231s][info][gc,phases   ] GC(77)   Post Evacuate Collection Set: 0.32ms
[34.231s][info][gc,phases   ] GC(77)   Other: 0.18ms
[34.231s][info][gc,heap     ] GC(77) Eden regions: 31->0(164)
[34.231s][info][gc,heap     ] GC(77) Survivor regions: 17->1(6)
[34.231s][info][gc,heap     ] GC(77) Old regions: 700->714
[34.231s][info][gc,heap     ] GC(77) Humongous regions: 10->10
[34.231s][info][gc,metaspace] GC(77) Metaspace: 17320K(17472K)->17320K(17472K) NonClass: 15521K(15616K)->15521K(15616K) Class: 1799K(1856K)->1799K(1856K)
[34.231s][info][gc          ] GC(77) Pause Young (Mixed) (G1 Evacuation Pause) 757M->724M(978M) 218.154ms
[34.231s][info][gc,cpu      ] GC(77) User=0.43s Sys=0.00s Real=0.22s
[34.484s][info][gc,start    ] GC(78) Pause Young (Concurrent Start) (G1 Evacuation Pause)
[34.484s][info][gc,task     ] GC(78) Using 2 workers of 2 for evacuation
[34.493s][info][gc,phases   ] GC(78)   Pre Evacuate Collection Set: 0.32ms
[34.494s][info][gc,phases   ] GC(78)   Merge Heap Roots: 0.24ms
[34.494s][info][gc,phases   ] GC(78)   Evacuate Collection Set: 8.73ms
[34.494s][info][gc,phases   ] GC(78)   Post Evacuate Collection Set: 0.44ms
[34.494s][info][gc,phases   ] GC(78)   Other: 0.11ms
[34.494s][info][gc,heap     ] GC(78) Eden regions: 164->0(178)
[34.494s][info][gc,heap     ] GC(78) Survivor regions: 1->1(21)
[34.494s][info][gc,heap     ] GC(78) Old regions: 714->714
[34.494s][info][gc,heap     ] GC(78) Humongous regions: 10->10
[34.494s][info][gc,metaspace] GC(78) Metaspace: 17320K(17472K)->17320K(17472K) NonClass: 15521K(15616K)->15521K(15616K) Class: 1799K(1856K)->1799K(1856K)
[34.494s][info][gc          ] GC(78) Pause Young (Concurrent Start) (G1 Evacuation Pause) 888M->724M(978M) 10.066ms
[34.494s][info][gc          ] GC(79) Concurrent Mark Cycle
[34.494s][info][gc,marking  ] GC(79) Concurrent Scan Root Regions
[34.494s][info][gc,cpu      ] GC(78) User=0.02s Sys=0.00s Real=0.01s
[34.495s][info][gc,marking  ] GC(79) Concurrent Scan Root Regions 1.317ms
[34.495s][info][gc,marking  ] GC(79) Concurrent Mark
[34.495s][info][gc,marking  ] GC(79) Concurrent Mark From Roots
[34.495s][info][gc,task     ] GC(79) Using 1 workers of 1 for marking
[35.074s][info][gc,start    ] GC(80) Pause Young (Normal) (G1 Evacuation Pause)
[35.074s][info][gc,task     ] GC(80) Using 2 workers of 2 for evacuation
[35.097s][info][gc,phases   ] GC(80)   Pre Evacuate Collection Set: 0.32ms
[35.097s][info][gc,phases   ] GC(80)   Merge Heap Roots: 0.23ms
[35.097s][info][gc,phases   ] GC(80)   Evacuate Collection Set: 21.74ms
[35.097s][info][gc,phases   ] GC(80)   Post Evacuate Collection Set: 0.49ms
[35.097s][info][gc,phases   ] GC(80)   Other: 0.12ms
[35.097s][info][gc,heap     ] GC(80) Eden regions: 178->0(175)
[35.097s][info][gc,heap     ] GC(80) Survivor regions: 1->12(23)
[35.097s][info][gc,heap     ] GC(80) Old regions: 714->714
[35.097s][info][gc,heap     ] GC(80) Humongous regions: 10->10
[35.097s][info][gc,metaspace] GC(80) Metaspace: 17325K(17472K)->17325K(17472K) NonClass: 15526K(15616K)->15526K(15616K) Class: 1799K(1856K)->1799K(1856K)
[35.097s][info][gc          ] GC(80) Pause Young (Normal) (G1 Evacuation Pause) 902M->735M(978M) 23.153ms
[35.097s][info][gc,cpu      ] GC(80) User=0.05s Sys=0.00s Real=0.02s
[35.619s][info][gc,start    ] GC(81) Pause Young (Normal) (G1 Evacuation Pause)
[35.619s][info][gc,task     ] GC(81) Using 2 workers of 2 for evacuation
[35.670s][info][gc,phases   ] GC(81)   Pre Evacuate Collection Set: 0.32ms
[35.670s][info][gc,phases   ] GC(81)   Merge Heap Roots: 0.28ms
[35.670s][info][gc,phases   ] GC(81)   Evacuate Collection Set: 49.65ms
[35.670s][info][gc,phases   ] GC(81)   Post Evacuate Collection Set: 0.50ms
[35.670s][info][gc,phases   ] GC(81)   Other: 0.11ms
[35.670s][info][gc,heap     ] GC(81) Eden regions: 175->0(147)
[35.670s][info][gc,heap     ] GC(81) Survivor regions: 12->24(24)
[35.670s][info][gc,heap     ] GC(81) Old regions: 714->723
[35.670s][info][gc,heap     ] GC(81) Humongous regions: 10->10
[35.670s][info][gc,metaspace] GC(81) Metaspace: 17325K(17472K)->17325K(17472K) NonClass: 15526K(15616K)->15526K(15616K) Class: 1799K(1856K)->1799K(1856K)
[35.670s][info][gc          ] GC(81) Pause Young (Normal) (G1 Evacuation Pause) 910M->757M(978M) 51.142ms
[35.670s][info][gc,cpu      ] GC(81) User=0.10s Sys=0.00s Real=0.05s
[36.430s][info][gc,start    ] GC(82) Pause Young (Normal) (G1 Evacuation Pause)
[36.430s][info][gc,task     ] GC(82) Using 2 workers of 2 for evacuation
[36.457s][info][gc,phases   ] GC(82)   Pre Evacuate Collection Set: 0.31ms
[36.457s][info][gc,phases   ] GC(82)   Merge Heap Roots: 0.15ms
[36.457s][info][gc,phases   ] GC(82)   Evacuate Collection Set: 26.03ms
[36.457s][info][gc,phases   ] GC(82)   Post Evacuate Collection Set: 0.41ms
[36.457s][info][gc,phases   ] GC(82)   Other: 0.10ms
[36.457s][info][gc,heap     ] GC(82) Eden regions: 147->0(167)
[36.457s][info][gc,heap     ] GC(82) Survivor regions: 24->1(22)
[36.457s][info][gc,heap     ] GC(82) Old regions: 723->748
[36.457s][info][gc,heap     ] GC(82) Humongous regions: 10->10
[36.457s][info][gc,metaspace] GC(82) Metaspace: 17327K(17472K)->17327K(17472K) NonClass: 15527K(15616K)->15527K(15616K) Class: 1799K(1856K)->1799K(1856K)
[36.457s][info][gc          ] GC(82) Pause Young (Normal) (G1 Evacuation Pause) 904M->758M(978M) 27.256ms
[36.457s][info][gc,cpu      ] GC(82) User=0.05s Sys=0.00s Real=0.02s
[36.736s][info][gc,marking  ] GC(79) Concurrent Mark From Roots 2240.914ms
[36.736s][info][gc,marking  ] GC(79) Concurrent Preclean
[36.736s][info][gc,marking  ] GC(79) Concurrent Preclean 0.031ms
[36.736s][info][gc,start    ] GC(79) Pause Remark
[36.743s][info][gc          ] GC(79) Pause Remark 832M->721M(978M) 7.027ms
[36.743s][info][gc,cpu      ] GC(79) User=0.01s Sys=0.00s Real=0.01s
[36.748s][info][gc,marking  ] GC(79) Concurrent Mark 2253.059ms
[36.748s][info][gc,marking  ] GC(79) Concurrent Rebuild Remembered Sets and Scrub Regions
[37.264s][info][gc,start    ] GC(83) Pause Young (Normal) (G1 Evacuation Pause)
[37.264s][info][gc,task     ] GC(83) Using 2 workers of 2 for evacuation
[37.266s][info][gc,phases   ] GC(83)   Pre Evacuate Collection Set: 0.29ms
[37.266s][info][gc,phases   ] GC(83)   Merge Heap Roots: 0.10ms
[37.266s][info][gc,phases   ] GC(83)   Evacuate Collection Set: 0.71ms
[37.266s][info][gc,phases   ] GC(83)   Post Evacuate Collection Set: 0.46ms
[37.266s][info][gc,phases   ] GC(83)   Other: 0.10ms
[37.266s][info][gc,heap     ] GC(83) Eden regions: 167->0(257)
[37.266s][info][gc,heap     ] GC(83) Survivor regions: 1->1(21)
[37.266s][info][gc,heap     ] GC(83) Old regions: 641->641
[37.266s][info][gc,heap     ] GC(83) Humongous regions: 6->6
[37.266s][info][gc,metaspace] GC(83) Metaspace: 17327K(17472K)->17327K(17472K) NonClass: 15528K(15616K)->15528K(15616K) Class: 1799K(1856K)->1799K(1856K)
[37.266s][info][gc          ] GC(83) Pause Young (Normal) (G1 Evacuation Pause) 814M->647M(978M) 1.887ms
[37.266s][info][gc,cpu      ] GC(83) User=0.01s Sys=0.00s Real=0.00s
[37.493s][info][gc,marking  ] GC(79) Concurrent Rebuild Remembered Sets and Scrub Regions 744.881ms
[37.493s][info][gc,start    ] GC(79) Pause Cleanup
[37.493s][info][gc          ] GC(79) Pause Cleanup 704M->704M(978M) 0.148ms
[37.493s][info][gc,cpu      ] GC(79) User=0.00s Sys=0.00s Real=0.00s
[37.493s][info][gc,marking  ] GC(79) Concurrent Clear Claimed Marks
[37.493s][info][gc,marking  ] GC(79) Concurrent Clear Claimed Marks 0.025ms
[37.493s][info][gc,marking  ] GC(79) Concurrent Cleanup for Next Mark
[37.496s][info][gc,marking  ] GC(79) Concurrent Cleanup for Next Mark 2.979ms
[37.496s][info][gc          ] GC(79) Concurrent Mark Cycle 3002.799ms
[38.054s][info][gc,start    ] GC(84) Pause Young (Prepare Mixed) (G1 Evacuation Pause)
[38.054s][info][gc,task     ] GC(84) Using 2 workers of 2 for evacuation
[38.056s][info][gc,phases   ] GC(84)   Pre Evacuate Collection Set: 0.29ms
[38.056s][info][gc,phases   ] GC(84)   Merge Heap Roots: 0.13ms
[38.056s][info][gc,phases   ] GC(84)   Evacuate Collection Set: 1.19ms
[38.056s][info][gc,phases   ] GC(84)   Post Evacuate Collection Set: 0.43ms
[38.056s][info][gc,phases   ] GC(84)   Other: 0.10ms
[38.056s][info][gc,heap     ] GC(84) Eden regions: 257->0(269)
[38.056s][info][gc,heap     ] GC(84) Survivor regions: 1->1(33)
[38.056s][info][gc,heap     ] GC(84) Old regions: 641->641
[38.056s][info][gc,heap     ] GC(84) Humongous regions: 6->6
[38.056s][info][gc,metaspace] GC(84) Metaspace: 17328K(17472K)->17328K(17472K) NonClass: 15528K(15616K)->15528K(15616K) Class: 1799K(1856K)->1799K(1856K)
[38.057s][info][gc          ] GC(84) Pause Young (Prepare Mixed) (G1 Evacuation Pause) 904M->646M(978M) 2.385ms
[38.057s][info][gc,cpu      ] GC(84) User=0.00s Sys=0.00s Real=0.00s
[38.847s][info][gc,start    ] GC(85) Pause Young (Mixed) (G1 Evacuation Pause)
[38.847s][info][gc,task     ] GC(85) Using 2 workers of 2 for evacuation
[38.869s][info][gc,phases   ] GC(85)   Pre Evacuate Collection Set: 0.34ms
[38.869s][info][gc,phases   ] GC(85)   Merge Heap Roots: 0.38ms
[38.869s][info][gc,phases   ] GC(85)   Evacuate Collection Set: 20.86ms
[38.869s][info][gc,phases   ] GC(85)   Post Evacuate Collection Set: 0.70ms
[38.869s][info][gc,phases   ] GC(85)   Other: 0.12ms
[38.869s][info][gc,heap     ] GC(85) Eden regions: 269->0(305)
[38.869s][info][gc,heap     ] GC(85) Survivor regions: 1->11(34)
[38.869s][info][gc,heap     ] GC(85) Old regions: 641->589
[38.869s][info][gc,heap     ] GC(85) Humongous regions: 6->6
[38.869s][info][gc,metaspace] GC(85) Metaspace: 17328K(17472K)->17328K(17472K) NonClass: 15528K(15616K)->15528K(15616K) Class: 1799K(1856K)->1799K(1856K)
[38.869s][info][gc          ] GC(85) Pause Young (Mixed) (G1 Evacuation Pause) 915M->605M(978M) 22.624ms
[38.869s][info][gc,cpu      ] GC(85) User=0.04s Sys=0.00s Real=0.03s
[39.413s][info][gc,start    ] GC(86) Pause Young (Concurrent Start) (G1 Evacuation Pause)
[39.413s][info][gc,task     ] GC(86) Using 2 workers of 2 for evacuation
[39.500s][info][gc,phases   ] GC(86)   Pre Evacuate Collection Set: 0.34ms
[39.500s][info][gc,phases   ] GC(86)   Merge Heap Roots: 0.16ms
[39.500s][info][gc,phases   ] GC(86)   Evacuate Collection Set: 80.53ms
[39.500s][info][gc,phases   ] GC(86)   Post Evacuate Collection Set: 5.62ms
[39.500s][info][gc,phases   ] GC(86)   Other: 0.24ms
[39.500s][info][gc,heap     ] GC(86) Eden regions: 305->0(146)
[39.500s][info][gc,heap     ] GC(86) Survivor regions: 11->40(40)
[39.500s][info][gc,heap     ] GC(86) Old regions: 589->696
[39.500s][info][gc,heap     ] GC(86) Humongous regions: 6->6
[39.500s][info][gc,metaspace] GC(86) Metaspace: 17328K(17472K)->17328K(17472K) NonClass: 15529K(15616K)->15529K(15616K) Class: 1799K(1856K)->1799K(1856K)
[39.500s][info][gc          ] GC(86) Pause Young (Concurrent Start) (G1 Evacuation Pause) (Evacuation Failure: Allocation) 910M->742M(978M) 87.172ms
[39.500s][info][gc,cpu      ] GC(86) User=0.17s Sys=0.00s Real=0.09s
[39.504s][info][gc          ] GC(87) Concurrent Mark Cycle
[39.504s][info][gc,marking  ] GC(87) Concurrent Scan Root Regions
[39.611s][info][gc,marking  ] GC(87) Concurrent Scan Root Regions 106.667ms
[39.611s][info][gc,marking  ] GC(87) Concurrent Mark
[39.611s][info][gc,marking  ] GC(87) Concurrent Mark From Roots
[39.611s][info][gc,task     ] GC(87) Using 1 workers of 1 for marking
[40.026s][info][gc,start    ] GC(88) Pause Young (Normal) (G1 Evacuation Pause)
[40.026s][info][gc,task     ] GC(88) Using 2 workers of 2 for evacuation
[40.151s][info][gc,phases   ] GC(88)   Pre Evacuate Collection Set: 0.34ms
[40.152s][info][gc,phases   ] GC(88)   Merge Heap Roots: 0.48ms
[40.152s][info][gc,phases   ] GC(88)   Evacuate Collection Set: 123.54ms
[40.152s][info][gc,phases   ] GC(88)   Post Evacuate Collection Set: 0.64ms
[40.152s][info][gc,phases   ] GC(88)   Other: 0.09ms
[40.152s][info][gc,heap     ] GC(88) Eden regions: 146->0(188)
[40.152s][info][gc,heap     ] GC(88) Survivor regions: 40->24(24)
[40.152s][info][gc,heap     ] GC(88) Old regions: 696->677
[40.152s][info][gc,heap     ] GC(88) Humongous regions: 9->9
[40.152s][info][gc,metaspace] GC(88) Metaspace: 17329K(17472K)->17329K(17472K) NonClass: 15530K(15616K)->15530K(15616K) Class: 1799K(1856K)->1799K(1856K)
[40.152s][info][gc          ] GC(88) Pause Young (Normal) (G1 Evacuation Pause) 891M->709M(978M) 125.361ms
[40.152s][info][gc,cpu      ] GC(88) User=0.25s Sys=0.00s Real=0.13s
[40.522s][info][gc,start    ] GC(89) Pause Young (Normal) (G1 Evacuation Pause)
[40.522s][info][gc,task     ] GC(89) Using 2 workers of 2 for evacuation
[40.597s][info][gc,phases   ] GC(89)   Pre Evacuate Collection Set: 0.31ms
[40.597s][info][gc,phases   ] GC(89)   Merge Heap Roots: 0.39ms
[40.597s][info][gc,phases   ] GC(89)   Evacuate Collection Set: 73.75ms
[40.597s][info][gc,phases   ] GC(89)   Post Evacuate Collection Set: 0.47ms
[40.597s][info][gc,phases   ] GC(89)   Other: 0.09ms
[40.597s][info][gc,heap     ] GC(89) Eden regions: 188->0(163)
[40.597s][info][gc,heap     ] GC(89) Survivor regions: 24->27(27)
[40.597s][info][gc,heap     ] GC(89) Old regions: 677->702
[40.597s][info][gc,heap     ] GC(89) Humongous regions: 9->9
[40.597s][info][gc,metaspace] GC(89) Metaspace: 17330K(17472K)->17330K(17472K) NonClass: 15530K(15616K)->15530K(15616K) Class: 1799K(1856K)->1799K(1856K)
[40.597s][info][gc          ] GC(89) Pause Young (Normal) (G1 Evacuation Pause) 897M->737M(978M) 75.274ms
[40.597s][info][gc,cpu      ] GC(89) User=0.15s Sys=0.00s Real=0.07s
[40.831s][info][gc,start    ] GC(90) Pause Young (Normal) (G1 Evacuation Pause)
[40.831s][info][gc,task     ] GC(90) Using 2 workers of 2 for evacuation
[40.868s][info][gc,phases   ] GC(90)   Pre Evacuate Collection Set: 0.51ms
[40.868s][info][gc,phases   ] GC(90)   Merge Heap Roots: 0.22ms
[40.868s][info][gc,phases   ] GC(90)   Evacuate Collection Set: 35.41ms
[40.868s][info][gc,phases   ] GC(90)   Post Evacuate Collection Set: 0.44ms
[40.868s][info][gc,phases   ] GC(90)   Other: 0.08ms
[40.868s][info][gc,heap     ] GC(90) Eden regions: 163->0(175)
[40.868s][info][gc,heap     ] GC(90) Survivor regions: 27->2(24)
[40.868s][info][gc,heap     ] GC(90) Old regions: 702->729
[40.868s][info][gc,heap     ] GC(90) Humongous regions: 9->9
[40.868s][info][gc,metaspace] GC(90) Metaspace: 17330K(17472K)->17330K(17472K) NonClass: 15530K(15616K)->15530K(15616K) Class: 1799K(1856K)->1799K(1856K)
[40.868s][info][gc          ] GC(90) Pause Young (Normal) (G1 Evacuation Pause) 900M->739M(978M) 36.949ms
[40.868s][info][gc,cpu      ] GC(90) User=0.08s Sys=0.00s Real=0.04s
[41.251s][info][gc,start    ] GC(91) Pause Young (Normal) (G1 Evacuation Pause)
[41.251s][info][gc,task     ] GC(91) Using 2 workers of 2 for evacuation
[41.278s][info][gc,phases   ] GC(91)   Pre Evacuate Collection Set: 0.29ms
[41.278s][info][gc,phases   ] GC(91)   Merge Heap Roots: 0.25ms
[41.278s][info][gc,phases   ] GC(91)   Evacuate Collection Set: 25.57ms
[41.278s][info][gc,phases   ] GC(91)   Post Evacuate Collection Set: 0.45ms
[41.278s][info][gc,phases   ] GC(91)   Other: 0.08ms
[41.278s][info][gc,heap     ] GC(91) Eden regions: 175->0(160)
[41.278s][info][gc,heap     ] GC(91) Survivor regions: 2->15(23)
[41.278s][info][gc,heap     ] GC(91) Old regions: 729->729
[41.278s][info][gc,heap     ] GC(91) Humongous regions: 9->9
[41.278s][info][gc,metaspace] GC(91) Metaspace: 17344K(17536K)->17344K(17536K) NonClass: 15544K(15680K)->15544K(15680K) Class: 1800K(1856K)->1800K(1856K)
[41.278s][info][gc          ] GC(91) Pause Young (Normal) (G1 Evacuation Pause) 914M->752M(978M) 26.864ms
[41.278s][info][gc,cpu      ] GC(91) User=0.05s Sys=0.00s Real=0.02s
[41.595s][info][gc,start    ] GC(92) Pause Young (Normal) (G1 Evacuation Pause)
[41.595s][info][gc,task     ] GC(92) Using 2 workers of 2 for evacuation
[41.633s][info][gc,phases   ] GC(92)   Pre Evacuate Collection Set: 0.29ms
[41.633s][info][gc,phases   ] GC(92)   Merge Heap Roots: 0.17ms
[41.633s][info][gc,phases   ] GC(92)   Evacuate Collection Set: 36.91ms
[41.633s][info][gc,phases   ] GC(92)   Post Evacuate Collection Set: 0.49ms
[41.633s][info][gc,phases   ] GC(92)   Other: 0.10ms
[41.633s][info][gc,heap     ] GC(92) Eden regions: 160->0(145)
[41.633s][info][gc,heap     ] GC(92) Survivor regions: 15->15(22)
[41.634s][info][gc,heap     ] GC(92) Old regions: 729->744
[41.634s][info][gc,heap     ] GC(92) Humongous regions: 9->9
[41.634s][info][gc,metaspace] GC(92) Metaspace: 17348K(17536K)->17348K(17536K) NonClass: 15547K(15680K)->15547K(15680K) Class: 1800K(1856K)->1800K(1856K)
[41.634s][info][gc          ] GC(92) Pause Young (Normal) (G1 Evacuation Pause) 912M->767M(978M) 38.233ms
[41.634s][info][gc,cpu      ] GC(92) User=0.08s Sys=0.00s Real=0.04s
[42.000s][info][gc,start    ] GC(93) Pause Young (Normal) (G1 Evacuation Pause)
[42.000s][info][gc,task     ] GC(93) Using 2 workers of 2 for evacuation
[42.049s][info][gc,phases   ] GC(93)   Pre Evacuate Collection Set: 0.30ms
[42.049s][info][gc,phases   ] GC(93)   Merge Heap Roots: 0.31ms
[42.049s][info][gc,phases   ] GC(93)   Evacuate Collection Set: 47.51ms
[42.049s][info][gc,phases   ] GC(93)   Post Evacuate Collection Set: 0.45ms
[42.049s][info][gc,phases   ] GC(93)   Other: 0.09ms
[42.049s][info][gc,heap     ] GC(93) Eden regions: 145->0(116)
[42.049s][info][gc,heap     ] GC(93) Survivor regions: 15->20(20)
[42.049s][info][gc,heap     ] GC(93) Old regions: 744->763
[42.049s][info][gc,heap     ] GC(93) Humongous regions: 9->9
[42.049s][info][gc,metaspace] GC(93) Metaspace: 17379K(17536K)->17379K(17536K) NonClass: 15577K(15680K)->15577K(15680K) Class: 1802K(1856K)->1802K(1856K)
[42.049s][info][gc          ] GC(93) Pause Young (Normal) (G1 Evacuation Pause) 912M->791M(978M) 48.931ms
[42.049s][info][gc,cpu      ] GC(93) User=0.10s Sys=0.00s Real=0.05s
[42.259s][info][gc,marking  ] GC(87) Concurrent Mark From Roots 2648.199ms
[42.259s][info][gc,marking  ] GC(87) Concurrent Preclean
[42.259s][info][gc,marking  ] GC(87) Concurrent Preclean 0.040ms
[42.260s][info][gc,start    ] GC(87) Pause Remark
[42.269s][info][gc          ] GC(87) Pause Remark 852M->844M(978M) 9.179ms
[42.269s][info][gc,cpu      ] GC(87) User=0.01s Sys=0.00s Real=0.01s
[42.273s][info][gc,marking  ] GC(87) Concurrent Mark 2661.526ms
[42.273s][info][gc,marking  ] GC(87) Concurrent Rebuild Remembered Sets and Scrub Regions
[42.484s][info][gc,start    ] GC(94) Pause Young (Normal) (G1 Evacuation Pause)
[42.484s][info][gc,task     ] GC(94) Using 2 workers of 2 for evacuation
[42.530s][info][gc,phases   ] GC(94)   Pre Evacuate Collection Set: 0.46ms
[42.530s][info][gc,phases   ] GC(94)   Merge Heap Roots: 0.36ms
[42.530s][info][gc,phases   ] GC(94)   Evacuate Collection Set: 43.85ms
[42.530s][info][gc,phases   ] GC(94)   Post Evacuate Collection Set: 0.39ms
[42.530s][info][gc,phases   ] GC(94)   Other: 0.15ms
[42.530s][info][gc,heap     ] GC(94) Eden regions: 116->0(106)
[42.530s][info][gc,heap     ] GC(94) Survivor regions: 20->17(17)
[42.530s][info][gc,heap     ] GC(94) Old regions: 755->779
[42.530s][info][gc,heap     ] GC(94) Humongous regions: 9->9
[42.530s][info][gc,metaspace] GC(94) Metaspace: 17382K(17536K)->17382K(17536K) NonClass: 15580K(15680K)->15580K(15680K) Class: 1802K(1856K)->1802K(1856K)
[42.530s][info][gc          ] GC(94) Pause Young (Normal) (G1 Evacuation Pause) 899M->805M(978M) 45.460ms
[42.530s][info][gc,cpu      ] GC(94) User=0.08s Sys=0.00s Real=0.05s
[42.919s][info][gc,start    ] GC(95) Pause Young (Normal) (G1 Evacuation Pause)
[42.919s][info][gc,task     ] GC(95) Using 2 workers of 2 for evacuation
[42.956s][info][gc,phases   ] GC(95)   Pre Evacuate Collection Set: 0.31ms
[42.956s][info][gc,phases   ] GC(95)   Merge Heap Roots: 0.20ms
[42.956s][info][gc,phases   ] GC(95)   Evacuate Collection Set: 35.18ms
[42.956s][info][gc,phases   ] GC(95)   Post Evacuate Collection Set: 0.46ms
[42.956s][info][gc,phases   ] GC(95)   Other: 0.14ms
[42.956s][info][gc,heap     ] GC(95) Eden regions: 106->0(96)
[42.956s][info][gc,heap     ] GC(95) Survivor regions: 17->13(16)
[42.956s][info][gc,heap     ] GC(95) Old regions: 779->797
[42.956s][info][gc,heap     ] GC(95) Humongous regions: 9->9
[42.956s][info][gc,metaspace] GC(95) Metaspace: 17413K(17600K)->17413K(17600K) NonClass: 15607K(15744K)->15607K(15744K) Class: 1805K(1856K)->1805K(1856K)
[42.956s][info][gc          ] GC(95) Pause Young (Normal) (G1 Evacuation Pause) 911M->818M(978M) 36.567ms
[42.956s][info][gc,cpu      ] GC(95) User=0.07s Sys=0.00s Real=0.03s
[43.150s][info][gc,start    ] GC(96) Pause Young (Normal) (G1 Evacuation Pause)
[43.150s][info][gc,task     ] GC(96) Using 2 workers of 2 for evacuation
[43.176s][info][gc,phases   ] GC(96)   Pre Evacuate Collection Set: 0.27ms
[43.176s][info][gc,phases   ] GC(96)   Merge Heap Roots: 0.18ms
[43.176s][info][gc,phases   ] GC(96)   Evacuate Collection Set: 24.94ms
[43.176s][info][gc,phases   ] GC(96)   Post Evacuate Collection Set: 0.45ms
[43.176s][info][gc,phases   ] GC(96)   Other: 0.14ms
[43.176s][info][gc,heap     ] GC(96) Eden regions: 96->0(102)
[43.176s][info][gc,heap     ] GC(96) Survivor regions: 13->4(14)
[43.176s][info][gc,heap     ] GC(96) Old regions: 797->809
[43.176s][info][gc,heap     ] GC(96) Humongous regions: 9->9
[43.176s][info][gc,metaspace] GC(96) Metaspace: 17415K(17600K)->17415K(17600K) NonClass: 15610K(15744K)->15610K(15744K) Class: 1805K(1856K)->1805K(1856K)
[43.176s][info][gc          ] GC(96) Pause Young (Normal) (G1 Evacuation Pause) 914M->822M(978M) 26.242ms
[43.176s][info][gc,cpu      ] GC(96) User=0.05s Sys=0.01s Real=0.02s
[43.338s][info][gc,marking  ] GC(87) Concurrent Rebuild Remembered Sets and Scrub Regions 1065.730ms
[43.339s][info][gc,start    ] GC(87) Pause Cleanup
[43.339s][info][gc          ] GC(87) Pause Cleanup 890M->890M(978M) 0.143ms
[43.339s][info][gc,cpu      ] GC(87) User=0.00s Sys=0.00s Real=0.00s
[43.341s][info][gc,marking  ] GC(87) Concurrent Clear Claimed Marks
[43.341s][info][gc,marking  ] GC(87) Concurrent Clear Claimed Marks 0.031ms
[43.341s][info][gc,marking  ] GC(87) Concurrent Cleanup for Next Mark
[43.346s][info][gc,marking  ] GC(87) Concurrent Cleanup for Next Mark 5.088ms
[43.346s][info][gc          ] GC(87) Concurrent Mark Cycle 3842.191ms
[43.422s][info][gc,start    ] GC(97) Pause Young (Prepare Mixed) (G1 Evacuation Pause)
[43.422s][info][gc,task     ] GC(97) Using 2 workers of 2 for evacuation
[43.437s][info][gc,phases   ] GC(97)   Pre Evacuate Collection Set: 0.51ms
[43.437s][info][gc,phases   ] GC(97)   Merge Heap Roots: 0.13ms
[43.437s][info][gc,phases   ] GC(97)   Evacuate Collection Set: 14.28ms
[43.437s][info][gc,phases   ] GC(97)   Post Evacuate Collection Set: 0.50ms
[43.438s][info][gc,phases   ] GC(97)   Other: 0.11ms
[43.438s][info][gc,heap     ] GC(97) Eden regions: 102->0(92)
[43.438s][info][gc,heap     ] GC(97) Survivor regions: 4->9(14)
[43.438s][info][gc,heap     ] GC(97) Old regions: 809->809
[43.438s][info][gc,heap     ] GC(97) Humongous regions: 9->9
[43.438s][info][gc,metaspace] GC(97) Metaspace: 17427K(17600K)->17427K(17600K) NonClass: 15621K(15744K)->15621K(15744K) Class: 1805K(1856K)->1805K(1856K)
[43.438s][info][gc          ] GC(97) Pause Young (Prepare Mixed) (G1 Evacuation Pause) 924M->826M(978M) 15.812ms
[43.438s][info][gc,cpu      ] GC(97) User=0.03s Sys=0.00s Real=0.01s
[43.789s][info][gc,start    ] GC(98) Pause Young (Mixed) (G1 Evacuation Pause)
[43.789s][info][gc,task     ] GC(98) Using 2 workers of 2 for evacuation
[43.804s][info][gc,phases   ] GC(98)   Pre Evacuate Collection Set: 1.06ms
[43.804s][info][gc,phases   ] GC(98)   Merge Heap Roots: 0.24ms
[43.804s][info][gc,phases   ] GC(98)   Evacuate Collection Set: 13.48ms
[43.804s][info][gc,phases   ] GC(98)   Post Evacuate Collection Set: 0.40ms
[43.804s][info][gc,phases   ] GC(98)   Other: 0.10ms
[43.804s][info][gc,heap     ] GC(98) Eden regions: 92->0(110)
[43.804s][info][gc,heap     ] GC(98) Survivor regions: 9->5(13)
[43.804s][info][gc,heap     ] GC(98) Old regions: 809->799
[43.804s][info][gc,heap     ] GC(98) Humongous regions: 9->9
[43.805s][info][gc,metaspace] GC(98) Metaspace: 17442K(17600K)->17442K(17600K) NonClass: 15636K(15744K)->15636K(15744K) Class: 1805K(1856K)->1805K(1856K)
[43.805s][info][gc          ] GC(98) Pause Young (Mixed) (G1 Evacuation Pause) 918M->811M(978M) 15.508ms
[43.805s][info][gc,cpu      ] GC(98) User=0.02s Sys=0.00s Real=0.01s
[44.117s][info][gc,start    ] GC(99) Pause Young (Concurrent Start) (G1 Evacuation Pause)
[44.117s][info][gc,task     ] GC(99) Using 2 workers of 2 for evacuation
[44.126s][info][gc,phases   ] GC(99)   Pre Evacuate Collection Set: 0.42ms
[44.126s][info][gc,phases   ] GC(99)   Merge Heap Roots: 0.13ms
[44.126s][info][gc,phases   ] GC(99)   Evacuate Collection Set: 7.33ms
[44.126s][info][gc,phases   ] GC(99)   Post Evacuate Collection Set: 0.37ms
[44.126s][info][gc,phases   ] GC(99)   Other: 0.20ms
[44.126s][info][gc,heap     ] GC(99) Eden regions: 110->0(108)
[44.126s][info][gc,heap     ] GC(99) Survivor regions: 5->6(15)
[44.126s][info][gc,heap     ] GC(99) Old regions: 799->799
[44.126s][info][gc,heap     ] GC(99) Humongous regions: 9->9
[44.126s][info][gc,metaspace] GC(99) Metaspace: 17447K(17600K)->17447K(17600K) NonClass: 15642K(15744K)->15642K(15744K) Class: 1805K(1856K)->1805K(1856K)
[44.126s][info][gc          ] GC(99) Pause Young (Concurrent Start) (G1 Evacuation Pause) 921M->813M(978M) 8.686ms
[44.126s][info][gc,cpu      ] GC(99) User=0.02s Sys=0.00s Real=0.01s
[44.126s][info][gc          ] GC(100) Concurrent Mark Cycle
[44.126s][info][gc,marking  ] GC(100) Concurrent Scan Root Regions
[44.141s][info][gc,marking  ] GC(100) Concurrent Scan Root Regions 14.856ms
[44.141s][info][gc,marking  ] GC(100) Concurrent Mark
[44.141s][info][gc,marking  ] GC(100) Concurrent Mark From Roots
[44.141s][info][gc,task     ] GC(100) Using 1 workers of 1 for marking
[44.512s][info][gc,start    ] GC(101) Pause Young (Normal) (G1 Evacuation Pause)
[44.512s][info][gc,task     ] GC(101) Using 2 workers of 2 for evacuation
[44.528s][info][gc,phases   ] GC(101)   Pre Evacuate Collection Set: 0.29ms
[44.528s][info][gc,phases   ] GC(101)   Merge Heap Roots: 0.14ms
[44.528s][info][gc,phases   ] GC(101)   Evacuate Collection Set: 14.77ms
[44.528s][info][gc,phases   ] GC(101)   Post Evacuate Collection Set: 0.38ms
[44.528s][info][gc,phases   ] GC(101)   Other: 0.10ms
[44.528s][info][gc,heap     ] GC(101) Eden regions: 108->0(94)
[44.528s][info][gc,heap     ] GC(101) Survivor regions: 6->13(15)
[44.528s][info][gc,heap     ] GC(101) Old regions: 799->799
[44.528s][info][gc,heap     ] GC(101) Humongous regions: 9->9
[44.528s][info][gc,metaspace] GC(101) Metaspace: 17448K(17600K)->17448K(17600K) NonClass: 15642K(15744K)->15642K(15744K) Class: 1805K(1856K)->1805K(1856K)
[44.528s][info][gc          ] GC(101) Pause Young (Normal) (G1 Evacuation Pause) 921M->820M(978M) 15.961ms
[44.528s][info][gc,cpu      ] GC(101) User=0.03s Sys=0.00s Real=0.02s
[44.744s][info][gc,start    ] GC(102) Pause Young (Normal) (G1 Evacuation Pause)
[44.744s][info][gc,task     ] GC(102) Using 2 workers of 2 for evacuation
[44.769s][info][gc,phases   ] GC(102)   Pre Evacuate Collection Set: 0.31ms
[44.769s][info][gc,phases   ] GC(102)   Merge Heap Roots: 0.13ms
[44.769s][info][gc,phases   ] GC(102)   Evacuate Collection Set: 23.82ms
[44.769s][info][gc,phases   ] GC(102)   Post Evacuate Collection Set: 0.40ms
[44.769s][info][gc,phases   ] GC(102)   Other: 0.12ms
[44.769s][info][gc,heap     ] GC(102) Eden regions: 94->0(91)
[44.769s][info][gc,heap     ] GC(102) Survivor regions: 13->8(14)
[44.769s][info][gc,heap     ] GC(102) Old regions: 799->812
[44.769s][info][gc,heap     ] GC(102) Humongous regions: 9->9
[44.769s][info][gc,metaspace] GC(102) Metaspace: 17448K(17600K)->17448K(17600K) NonClass: 15642K(15744K)->15642K(15744K) Class: 1805K(1856K)->1805K(1856K)
[44.769s][info][gc          ] GC(102) Pause Young (Normal) (G1 Evacuation Pause) 914M->828M(978M) 25.036ms
[44.769s][info][gc,cpu      ] GC(102) User=0.05s Sys=0.00s Real=0.03s
[45.021s][info][gc,start    ] GC(103) Pause Young (Normal) (G1 Evacuation Pause)
[45.021s][info][gc,task     ] GC(103) Using 2 workers of 2 for evacuation
[45.038s][info][gc,phases   ] GC(103)   Pre Evacuate Collection Set: 0.36ms
[45.038s][info][gc,phases   ] GC(103)   Merge Heap Roots: 0.07ms
[45.038s][info][gc,phases   ] GC(103)   Evacuate Collection Set: 15.20ms
[45.038s][info][gc,phases   ] GC(103)   Post Evacuate Collection Set: 0.37ms
[45.038s][info][gc,phases   ] GC(103)   Other: 0.12ms
[45.038s][info][gc,heap     ] GC(103) Eden regions: 91->0(85)
[45.038s][info][gc,heap     ] GC(103) Survivor regions: 8->7(13)
[45.038s][info][gc,heap     ] GC(103) Old regions: 812->820
[45.038s][info][gc,heap     ] GC(103) Humongous regions: 9->9
[45.038s][info][gc,metaspace] GC(103) Metaspace: 17448K(17600K)->17448K(17600K) NonClass: 15643K(15744K)->15643K(15744K) Class: 1805K(1856K)->1805K(1856K)
[45.038s][info][gc          ] GC(103) Pause Young (Normal) (G1 Evacuation Pause) 919M->835M(978M) 16.387ms
[45.038s][info][gc,cpu      ] GC(103) User=0.03s Sys=0.00s Real=0.01s
[45.246s][info][gc,start    ] GC(104) Pause Young (Normal) (G1 Evacuation Pause)
[45.246s][info][gc,task     ] GC(104) Using 2 workers of 2 for evacuation
[45.276s][info][gc,phases   ] GC(104)   Pre Evacuate Collection Set: 0.30ms
[45.276s][info][gc,phases   ] GC(104)   Merge Heap Roots: 0.07ms
[45.276s][info][gc,phases   ] GC(104)   Evacuate Collection Set: 29.56ms
[45.276s][info][gc,phases   ] GC(104)   Post Evacuate Collection Set: 0.54ms
[45.276s][info][gc,phases   ] GC(104)   Other: 0.12ms
[45.276s][info][gc,heap     ] GC(104) Eden regions: 85->0(56)
[45.276s][info][gc,heap     ] GC(104) Survivor regions: 7->12(12)
[45.276s][info][gc,heap     ] GC(104) Old regions: 820->839
[45.276s][info][gc,heap     ] GC(104) Humongous regions: 9->9
[45.276s][info][gc,metaspace] GC(104) Metaspace: 17448K(17600K)->17448K(17600K) NonClass: 15643K(15744K)->15643K(15744K) Class: 1805K(1856K)->1805K(1856K)
[45.276s][info][gc          ] GC(104) Pause Young (Normal) (G1 Evacuation Pause) 920M->860M(978M) 30.836ms
[45.276s][info][gc,cpu      ] GC(104) User=0.06s Sys=0.00s Real=0.03s
[45.393s][info][gc,start    ] GC(105) Pause Young (Normal) (G1 Evacuation Pause)
[45.393s][info][gc,task     ] GC(105) Using 2 workers of 2 for evacuation
[45.428s][info][gc,phases   ] GC(105)   Pre Evacuate Collection Set: 0.33ms
[45.428s][info][gc,phases   ] GC(105)   Merge Heap Roots: 0.30ms
[45.428s][info][gc,phases   ] GC(105)   Evacuate Collection Set: 34.03ms
[45.428s][info][gc,phases   ] GC(105)   Post Evacuate Collection Set: 0.39ms
[45.428s][info][gc,phases   ] GC(105)   Other: 0.08ms
[45.428s][info][gc,heap     ] GC(105) Eden regions: 56->0(42)
[45.428s][info][gc,heap     ] GC(105) Survivor regions: 12->9(9)
[45.428s][info][gc,heap     ] GC(105) Old regions: 839->859
[45.428s][info][gc,heap     ] GC(105) Humongous regions: 9->9
[45.428s][info][gc,metaspace] GC(105) Metaspace: 17448K(17600K)->17448K(17600K) NonClass: 15643K(15744K)->15643K(15744K) Class: 1805K(1856K)->1805K(1856K)
[45.428s][info][gc          ] GC(105) Pause Young (Normal) (G1 Evacuation Pause) 916M->876M(978M) 35.432ms
[45.428s][info][gc,cpu      ] GC(105) User=0.07s Sys=0.00s Real=0.04s
[45.498s][info][gc,start    ] GC(106) Pause Young (Normal) (G1 Evacuation Pause)
[45.498s][info][gc,task     ] GC(106) Using 2 workers of 2 for evacuation
[45.524s][info][gc,phases   ] GC(106)   Pre Evacuate Collection Set: 0.27ms
[45.524s][info][gc,phases   ] GC(106)   Merge Heap Roots: 0.13ms
[45.524s][info][gc,phases   ] GC(106)   Evacuate Collection Set: 24.91ms
[45.524s][info][gc,phases   ] GC(106)   Post Evacuate Collection Set: 0.35ms
[45.524s][info][gc,phases   ] GC(106)   Other: 0.11ms
[45.524s][info][gc,heap     ] GC(106) Eden regions: 42->0(41)
[45.524s][info][gc,heap     ] GC(106) Survivor regions: 9->7(7)
[45.524s][info][gc,heap     ] GC(106) Old regions: 859->876
[45.524s][info][gc,heap     ] GC(106) Humongous regions: 9->9
[45.524s][info][gc,metaspace] GC(106) Metaspace: 17448K(17600K)->17448K(17600K) NonClass: 15643K(15744K)->15643K(15744K) Class: 1805K(1856K)->1805K(1856K)
[45.524s][info][gc          ] GC(106) Pause Young (Normal) (G1 Evacuation Pause) 918M->892M(978M) 26.019ms
[45.524s][info][gc,cpu      ] GC(106) User=0.05s Sys=0.00s Real=0.03s
[45.644s][info][gc,start    ] GC(107) Pause Young (Normal) (G1 Evacuation Pause)
[45.644s][info][gc,task     ] GC(107) Using 2 workers of 2 for evacuation
[45.677s][info][gc,phases   ] GC(107)   Pre Evacuate Collection Set: 0.48ms
[45.677s][info][gc,phases   ] GC(107)   Merge Heap Roots: 0.23ms
[45.677s][info][gc,phases   ] GC(107)   Evacuate Collection Set: 31.33ms
[45.677s][info][gc,phases   ] GC(107)   Post Evacuate Collection Set: 0.42ms
[45.677s][info][gc,phases   ] GC(107)   Other: 0.08ms
[45.677s][info][gc,heap     ] GC(107) Eden regions: 41->0(42)
[45.677s][info][gc,heap     ] GC(107) Survivor regions: 7->6(6)
[45.677s][info][gc,heap     ] GC(107) Old regions: 876->891
[45.677s][info][gc,heap     ] GC(107) Humongous regions: 9->9
[45.677s][info][gc,metaspace] GC(107) Metaspace: 17448K(17600K)->17448K(17600K) NonClass: 15643K(15744K)->15643K(15744K) Class: 1805K(1856K)->1805K(1856K)
[45.677s][info][gc          ] GC(107) Pause Young (Normal) (G1 Evacuation Pause) 933M->905M(978M) 32.849ms
[45.677s][info][gc,cpu      ] GC(107) User=0.07s Sys=0.00s Real=0.03s
[45.868s][info][gc,start    ] GC(108) Pause Young (Normal) (G1 Evacuation Pause)
[45.868s][info][gc,task     ] GC(108) Using 2 workers of 2 for evacuation
[45.882s][info][gc,phases   ] GC(108)   Pre Evacuate Collection Set: 0.52ms
[45.882s][info][gc,phases   ] GC(108)   Merge Heap Roots: 0.23ms
[45.882s][info][gc,phases   ] GC(108)   Evacuate Collection Set: 12.97ms
[45.882s][info][gc,phases   ] GC(108)   Post Evacuate Collection Set: 0.32ms
[45.882s][info][gc,phases   ] GC(108)   Other: 0.08ms
[45.882s][info][gc,heap     ] GC(108) Eden regions: 42->0(46)
[45.882s][info][gc,heap     ] GC(108) Survivor regions: 6->2(6)
[45.882s][info][gc,heap     ] GC(108) Old regions: 891->897
[45.882s][info][gc,heap     ] GC(108) Humongous regions: 9->9
[45.882s][info][gc,metaspace] GC(108) Metaspace: 17448K(17600K)->17448K(17600K) NonClass: 15643K(15744K)->15643K(15744K) Class: 1805K(1856K)->1805K(1856K)
[45.882s][info][gc          ] GC(108) Pause Young (Normal) (G1 Evacuation Pause) 947M->908M(978M) 14.361ms
[45.882s][info][gc,cpu      ] GC(108) User=0.03s Sys=0.01s Real=0.02s
[45.938s][info][gc,start    ] GC(109) Pause Young (Normal) (G1 Evacuation Pause)
[45.938s][info][gc,task     ] GC(109) Using 2 workers of 2 for evacuation
[45.947s][info][gc,phases   ] GC(109)   Pre Evacuate Collection Set: 0.40ms
[45.947s][info][gc,phases   ] GC(109)   Merge Heap Roots: 0.14ms
[45.947s][info][gc,phases   ] GC(109)   Evacuate Collection Set: 7.88ms
[45.947s][info][gc,phases   ] GC(109)   Post Evacuate Collection Set: 0.34ms
[45.947s][info][gc,phases   ] GC(109)   Other: 0.11ms
[45.947s][info][gc,heap     ] GC(109) Eden regions: 46->0(45)
[45.947s][info][gc,heap     ] GC(109) Survivor regions: 2->3(6)
[45.947s][info][gc,heap     ] GC(109) Old regions: 897->897
[45.947s][info][gc,heap     ] GC(109) Humongous regions: 9->9
[45.947s][info][gc,metaspace] GC(109) Metaspace: 17448K(17600K)->17448K(17600K) NonClass: 15643K(15744K)->15643K(15744K) Class: 1805K(1856K)->1805K(1856K)
[45.947s][info][gc          ] GC(109) Pause Young (Normal) (G1 Evacuation Pause) 954M->909M(978M) 9.130ms
[45.947s][info][gc,cpu      ] GC(109) User=0.01s Sys=0.00s Real=0.00s
[46.048s][info][gc,start    ] GC(110) Pause Young (Normal) (G1 Evacuation Pause)
[46.048s][info][gc,task     ] GC(110) Using 2 workers of 2 for evacuation
[46.059s][info][gc,phases   ] GC(110)   Pre Evacuate Collection Set: 0.43ms
[46.059s][info][gc,phases   ] GC(110)   Merge Heap Roots: 0.17ms
[46.059s][info][gc,phases   ] GC(110)   Evacuate Collection Set: 10.28ms
[46.059s][info][gc,phases   ] GC(110)   Post Evacuate Collection Set: 0.34ms
[46.059s][info][gc,phases   ] GC(110)   Other: 0.09ms
[46.059s][info][gc,heap     ] GC(110) Eden regions: 45->0(44)
[46.059s][info][gc,heap     ] GC(110) Survivor regions: 3->4(6)
[46.059s][info][gc,heap     ] GC(110) Old regions: 897->897
[46.059s][info][gc,heap     ] GC(110) Humongous regions: 9->9
[46.059s][info][gc,metaspace] GC(110) Metaspace: 17449K(17600K)->17449K(17600K) NonClass: 15643K(15744K)->15643K(15744K) Class: 1805K(1856K)->1805K(1856K)
[46.060s][info][gc          ] GC(110) Pause Young (Normal) (G1 Evacuation Pause) 954M->910M(978M) 11.546ms
[46.060s][info][gc,cpu      ] GC(110) User=0.02s Sys=0.00s Real=0.02s
[46.141s][info][gc,marking  ] GC(100) Concurrent Mark From Roots 1999.975ms
[46.141s][info][gc,marking  ] GC(100) Concurrent Preclean
[46.141s][info][gc,marking  ] GC(100) Concurrent Preclean 0.029ms
[46.141s][info][gc,start    ] GC(100) Pause Remark
[46.150s][info][gc          ] GC(100) Pause Remark 925M->668M(978M) 8.703ms
[46.150s][info][gc,cpu      ] GC(100) User=0.02s Sys=0.00s Real=0.01s
[46.151s][info][gc,marking  ] GC(100) Concurrent Mark 2010.301ms
[46.151s][info][gc,marking  ] GC(100) Concurrent Rebuild Remembered Sets and Scrub Regions
[46.282s][info][gc,start    ] GC(111) Pause Young (Normal) (G1 Evacuation Pause)
[46.282s][info][gc,task     ] GC(111) Using 2 workers of 2 for evacuation
[46.308s][info][gc,phases   ] GC(111)   Pre Evacuate Collection Set: 0.31ms
[46.308s][info][gc,phases   ] GC(111)   Merge Heap Roots: 0.52ms
[46.308s][info][gc,phases   ] GC(111)   Evacuate Collection Set: 24.40ms
[46.308s][info][gc,phases   ] GC(111)   Post Evacuate Collection Set: 0.49ms
[46.308s][info][gc,phases   ] GC(111)   Other: 0.13ms
[46.308s][info][gc,heap     ] GC(111) Eden regions: 44->0(251)
[46.308s][info][gc,heap     ] GC(111) Survivor regions: 4->6(6)
[46.308s][info][gc,heap     ] GC(111) Old regions: 645->648
[46.308s][info][gc,heap     ] GC(111) Humongous regions: 4->4
[46.308s][info][gc,metaspace] GC(111) Metaspace: 17450K(17600K)->17450K(17600K) NonClass: 15644K(15744K)->15644K(15744K) Class: 1805K(1856K)->1805K(1856K)
[46.308s][info][gc          ] GC(111) Pause Young (Normal) (G1 Evacuation Pause) 697M->657M(978M) 26.100ms
[46.309s][info][gc,cpu      ] GC(111) User=0.05s Sys=0.00s Real=0.03s
[46.809s][info][gc,start    ] GC(112) Pause Young (Normal) (G1 Evacuation Pause)
[46.809s][info][gc,task     ] GC(112) Using 2 workers of 2 for evacuation
[46.921s][info][gc,phases   ] GC(112)   Pre Evacuate Collection Set: 0.31ms
[46.921s][info][gc,phases   ] GC(112)   Merge Heap Roots: 0.74ms
[46.921s][info][gc,phases   ] GC(112)   Evacuate Collection Set: 109.90ms
[46.921s][info][gc,phases   ] GC(112)   Post Evacuate Collection Set: 0.69ms
[46.921s][info][gc,phases   ] GC(112)   Other: 0.10ms
[46.921s][info][gc,heap     ] GC(112) Eden regions: 251->0(180)
[46.921s][info][gc,heap     ] GC(112) Survivor regions: 6->33(33)
[46.921s][info][gc,heap     ] GC(112) Old regions: 648->675
[46.921s][info][gc,heap     ] GC(112) Humongous regions: 7->7
[46.921s][info][gc,metaspace] GC(112) Metaspace: 17450K(17600K)->17450K(17600K) NonClass: 15644K(15744K)->15644K(15744K) Class: 1805K(1856K)->1805K(1856K)
[46.921s][info][gc          ] GC(112) Pause Young (Normal) (G1 Evacuation Pause) 911M->714M(978M) 112.079ms
[46.921s][info][gc,cpu      ] GC(112) User=0.22s Sys=0.00s Real=0.11s
[47.073s][info][gc,marking  ] GC(100) Concurrent Rebuild Remembered Sets and Scrub Regions 922.387ms
[47.074s][info][gc,start    ] GC(100) Pause Cleanup
[47.074s][info][gc          ] GC(100) Pause Cleanup 828M->828M(978M) 0.205ms
[47.074s][info][gc,cpu      ] GC(100) User=0.00s Sys=0.00s Real=0.00s
[47.077s][info][gc,marking  ] GC(100) Concurrent Clear Claimed Marks
[47.077s][info][gc,marking  ] GC(100) Concurrent Clear Claimed Marks 0.058ms
[47.077s][info][gc,marking  ] GC(100) Concurrent Cleanup for Next Mark
[47.082s][info][gc,marking  ] GC(100) Concurrent Cleanup for Next Mark 5.100ms
[47.082s][info][gc          ] GC(100) Concurrent Mark Cycle 2956.044ms
[47.169s][info][gc,start    ] GC(113) Pause Young (Prepare Mixed) (G1 Evacuation Pause)
[47.169s][info][gc,task     ] GC(113) Using 2 workers of 2 for evacuation
[47.231s][info][gc,phases   ] GC(113)   Pre Evacuate Collection Set: 0.58ms
[47.231s][info][gc,phases   ] GC(113)   Merge Heap Roots: 0.64ms
[47.231s][info][gc,phases   ] GC(113)   Evacuate Collection Set: 60.49ms
[47.231s][info][gc,phases   ] GC(113)   Post Evacuate Collection Set: 0.62ms
[47.231s][info][gc,phases   ] GC(113)   Other: 0.09ms
[47.231s][info][gc,heap     ] GC(113) Eden regions: 180->0(197)
[47.231s][info][gc,heap     ] GC(113) Survivor regions: 33->2(27)
[47.231s][info][gc,heap     ] GC(113) Old regions: 675->708
[47.231s][info][gc,heap     ] GC(113) Humongous regions: 7->7
[47.231s][info][gc,metaspace] GC(113) Metaspace: 17450K(17600K)->17450K(17600K) NonClass: 15644K(15744K)->15644K(15744K) Class: 1805K(1856K)->1805K(1856K)
[47.232s][info][gc          ] GC(113) Pause Young (Prepare Mixed) (G1 Evacuation Pause) 894M->717M(978M) 62.661ms
[47.232s][info][gc,cpu      ] GC(113) User=0.12s Sys=0.00s Real=0.06s
[47.435s][info][gc,start    ] GC(114) Pause Young (Mixed) (G1 Evacuation Pause)
[47.435s][info][gc,task     ] GC(114) Using 2 workers of 2 for evacuation
[47.467s][info][gc,phases   ] GC(114)   Pre Evacuate Collection Set: 0.34ms
[47.467s][info][gc,phases   ] GC(114)   Merge Heap Roots: 0.62ms
[47.467s][info][gc,phases   ] GC(114)   Evacuate Collection Set: 29.71ms
[47.467s][info][gc,phases   ] GC(114)   Post Evacuate Collection Set: 0.76ms
[47.467s][info][gc,phases   ] GC(114)   Other: 0.11ms
[47.467s][info][gc,heap     ] GC(114) Eden regions: 197->0(267)
[47.467s][info][gc,heap     ] GC(114) Survivor regions: 2->7(25)
[47.467s][info][gc,heap     ] GC(114) Old regions: 708->612
[47.467s][info][gc,heap     ] GC(114) Humongous regions: 7->7
[47.467s][info][gc,metaspace] GC(114) Metaspace: 17450K(17600K)->17450K(17600K) NonClass: 15645K(15744K)->15645K(15744K) Class: 1805K(1856K)->1805K(1856K)
[47.467s][info][gc          ] GC(114) Pause Young (Mixed) (G1 Evacuation Pause) 914M->625M(978M) 31.807ms
[47.467s][info][gc,cpu      ] GC(114) User=0.06s Sys=0.00s Real=0.03s
[47.890s][info][gc,start    ] GC(115) Pause Young (Mixed) (G1 Evacuation Pause)
[47.891s][info][gc,task     ] GC(115) Using 2 workers of 2 for evacuation
[48.020s][info][gc,phases   ] GC(115)   Pre Evacuate Collection Set: 0.58ms
[48.020s][info][gc,phases   ] GC(115)   Merge Heap Roots: 1.48ms
[48.020s][info][gc,phases   ] GC(115)   Evacuate Collection Set: 126.50ms
[48.020s][info][gc,phases   ] GC(115)   Post Evacuate Collection Set: 0.64ms
[48.020s][info][gc,phases   ] GC(115)   Other: 0.09ms
[48.020s][info][gc,heap     ] GC(115) Eden regions: 267->0(214)
[48.020s][info][gc,heap     ] GC(115) Survivor regions: 7->35(35)
[48.020s][info][gc,heap     ] GC(115) Old regions: 612->634
[48.020s][info][gc,heap     ] GC(115) Humongous regions: 7->7
[48.020s][info][gc,metaspace] GC(115) Metaspace: 17451K(17600K)->17451K(17600K) NonClass: 15645K(15744K)->15645K(15744K) Class: 1805K(1856K)->1805K(1856K)
[48.020s][info][gc          ] GC(115) Pause Young (Mixed) (G1 Evacuation Pause) 892M->675M(978M) 129.549ms
[48.020s][info][gc,cpu      ] GC(115) User=0.25s Sys=0.00s Real=0.13s
[48.085s][info][gc,start    ] GC(116) Pause Young (Concurrent Start) (G1 Humongous Allocation)
[48.085s][info][gc,task     ] GC(116) Using 2 workers of 2 for evacuation
[48.147s][info][gc,phases   ] GC(116)   Pre Evacuate Collection Set: 0.48ms
[48.147s][info][gc,phases   ] GC(116)   Merge Heap Roots: 0.47ms
[48.147s][info][gc,phases   ] GC(116)   Evacuate Collection Set: 60.00ms
[48.147s][info][gc,phases   ] GC(116)   Post Evacuate Collection Set: 0.42ms
[48.147s][info][gc,phases   ] GC(116)   Other: 0.13ms
[48.147s][info][gc,heap     ] GC(116) Eden regions: 44->0(202)
[48.147s][info][gc,heap     ] GC(116) Survivor regions: 35->14(32)
[48.147s][info][gc,heap     ] GC(116) Old regions: 634->669
[48.147s][info][gc,heap     ] GC(116) Humongous regions: 7->7
[48.147s][info][gc,metaspace] GC(116) Metaspace: 17451K(17600K)->17451K(17600K) NonClass: 15645K(15744K)->15645K(15744K) Class: 1805K(1856K)->1805K(1856K)
[48.147s][info][gc          ] GC(116) Pause Young (Concurrent Start) (G1 Humongous Allocation) 719M->690M(978M) 61.741ms
[48.147s][info][gc,cpu      ] GC(116) User=0.13s Sys=0.00s Real=0.06s
[48.147s][info][gc          ] GC(117) Concurrent Mark Cycle
[48.147s][info][gc,marking  ] GC(117) Concurrent Scan Root Regions
[48.237s][info][gc,marking  ] GC(117) Concurrent Scan Root Regions 90.132ms
[48.237s][info][gc,marking  ] GC(117) Concurrent Mark
[48.237s][info][gc,marking  ] GC(117) Concurrent Mark From Roots
[48.237s][info][gc,task     ] GC(117) Using 1 workers of 1 for marking
[48.996s][info][gc,start    ] GC(118) Pause Young (Normal) (G1 Evacuation Pause)
[48.996s][info][gc,task     ] GC(118) Using 2 workers of 2 for evacuation
[49.042s][info][gc,phases   ] GC(118)   Pre Evacuate Collection Set: 0.32ms
[49.042s][info][gc,phases   ] GC(118)   Merge Heap Roots: 0.38ms
[49.042s][info][gc,phases   ] GC(118)   Evacuate Collection Set: 43.98ms
[49.042s][info][gc,phases   ] GC(118)   Post Evacuate Collection Set: 0.52ms
[49.042s][info][gc,phases   ] GC(118)   Other: 0.11ms
[49.042s][info][gc,heap     ] GC(118) Eden regions: 202->0(201)
[49.042s][info][gc,heap     ] GC(118) Survivor regions: 14->25(27)
[49.042s][info][gc,heap     ] GC(118) Old regions: 669->669
[49.042s][info][gc,heap     ] GC(118) Humongous regions: 8->8
[49.042s][info][gc,metaspace] GC(118) Metaspace: 17451K(17600K)->17451K(17600K) NonClass: 15645K(15744K)->15645K(15744K) Class: 1805K(1856K)->1805K(1856K)
[49.042s][info][gc          ] GC(118) Pause Young (Normal) (G1 Evacuation Pause) 893M->701M(978M) 45.577ms
[49.042s][info][gc,cpu      ] GC(118) User=0.09s Sys=0.00s Real=0.05s
[49.428s][info][gc,marking  ] GC(117) Concurrent Mark From Roots 1191.053ms
[49.428s][info][gc,marking  ] GC(117) Concurrent Preclean
[49.428s][info][gc,marking  ] GC(117) Concurrent Preclean 0.030ms
[49.429s][info][gc,start    ] GC(117) Pause Remark
[49.438s][info][gc          ] GC(117) Pause Remark 856M->711M(978M) 9.853ms
[49.438s][info][gc,cpu      ] GC(117) User=0.02s Sys=0.00s Real=0.01s
[49.439s][info][gc,marking  ] GC(117) Concurrent Mark 1201.938ms
[49.439s][info][gc,marking  ] GC(117) Concurrent Rebuild Remembered Sets and Scrub Regions
[49.493s][info][gc,start    ] GC(119) Pause Young (Normal) (G1 Evacuation Pause)
[49.493s][info][gc,task     ] GC(119) Using 2 workers of 2 for evacuation
[49.557s][info][gc,phases   ] GC(119)   Pre Evacuate Collection Set: 0.55ms
[49.558s][info][gc,phases   ] GC(119)   Merge Heap Roots: 0.41ms
[49.558s][info][gc,phases   ] GC(119)   Evacuate Collection Set: 62.44ms
[49.558s][info][gc,phases   ] GC(119)   Post Evacuate Collection Set: 0.50ms
[49.558s][info][gc,phases   ] GC(119)   Other: 0.10ms
[49.558s][info][gc,heap     ] GC(119) Eden regions: 201->0(288)
[49.558s][info][gc,heap     ] GC(119) Survivor regions: 25->29(29)
[49.558s][info][gc,heap     ] GC(119) Old regions: 527->544
[49.558s][info][gc,heap     ] GC(119) Humongous regions: 5->5
[49.558s][info][gc,metaspace] GC(119) Metaspace: 17451K(17600K)->17451K(17600K) NonClass: 15645K(15744K)->15645K(15744K) Class: 1805K(1856K)->1805K(1856K)
[49.558s][info][gc          ] GC(119) Pause Young (Normal) (G1 Evacuation Pause) 757M->578M(978M) 64.269ms
[49.558s][info][gc,cpu      ] GC(119) User=0.12s Sys=0.01s Real=0.06s
[50.020s][info][gc,marking  ] GC(117) Concurrent Rebuild Remembered Sets and Scrub Regions 580.554ms
[50.020s][info][gc,start    ] GC(117) Pause Cleanup
[50.020s][info][gc          ] GC(117) Pause Cleanup 787M->787M(978M) 0.219ms
[50.020s][info][gc,cpu      ] GC(117) User=0.00s Sys=0.00s Real=0.00s
[50.020s][info][gc,marking  ] GC(117) Concurrent Clear Claimed Marks
[50.020s][info][gc,marking  ] GC(117) Concurrent Clear Claimed Marks 0.026ms
[50.020s][info][gc,marking  ] GC(117) Concurrent Cleanup for Next Mark
[50.023s][info][gc,marking  ] GC(117) Concurrent Cleanup for Next Mark 3.132ms
[50.024s][info][gc          ] GC(117) Concurrent Mark Cycle 1876.523ms
[50.155s][info][gc,start    ] GC(120) Pause Young (Prepare Mixed) (G1 Evacuation Pause)
[50.155s][info][gc,task     ] GC(120) Using 2 workers of 2 for evacuation
[50.215s][info][gc,phases   ] GC(120)   Pre Evacuate Collection Set: 0.30ms
[50.215s][info][gc,phases   ] GC(120)   Merge Heap Roots: 0.28ms
[50.215s][info][gc,phases   ] GC(120)   Evacuate Collection Set: 58.02ms
[50.215s][info][gc,phases   ] GC(120)   Post Evacuate Collection Set: 0.55ms
[50.215s][info][gc,phases   ] GC(120)   Other: 0.10ms
[50.215s][info][gc,heap     ] GC(120) Eden regions: 288->0(280)
[50.215s][info][gc,heap     ] GC(120) Survivor regions: 29->19(40)
[50.215s][info][gc,heap     ] GC(120) Old regions: 544->574
[50.215s][info][gc,heap     ] GC(120) Humongous regions: 5->5
[50.215s][info][gc,metaspace] GC(120) Metaspace: 17451K(17600K)->17451K(17600K) NonClass: 15645K(15744K)->15645K(15744K) Class: 1805K(1856K)->1805K(1856K)
[50.215s][info][gc          ] GC(120) Pause Young (Prepare Mixed) (G1 Evacuation Pause) 866M->597M(978M) 59.501ms
[50.215s][info][gc,cpu      ] GC(120) User=0.11s Sys=0.00s Real=0.06s
[50.961s][info][gc,start    ] GC(121) Pause Young (Mixed) (G1 Evacuation Pause)
[50.961s][info][gc,task     ] GC(121) Using 2 workers of 2 for evacuation
[50.986s][info][gc,phases   ] GC(121)   Pre Evacuate Collection Set: 0.33ms
[50.987s][info][gc,phases   ] GC(121)   Merge Heap Roots: 0.27ms
[50.987s][info][gc,phases   ] GC(121)   Evacuate Collection Set: 23.98ms
[50.987s][info][gc,phases   ] GC(121)   Post Evacuate Collection Set: 0.65ms
[50.987s][info][gc,phases   ] GC(121)   Other: 0.10ms
[50.987s][info][gc,heap     ] GC(121) Eden regions: 280->0(367)
[50.987s][info][gc,heap     ] GC(121) Survivor regions: 19->19(38)
[50.987s][info][gc,heap     ] GC(121) Old regions: 574->485
[50.987s][info][gc,heap     ] GC(121) Humongous regions: 5->5
[50.987s][info][gc,metaspace] GC(121) Metaspace: 17452K(17600K)->17452K(17600K) NonClass: 15647K(15744K)->15647K(15744K) Class: 1805K(1856K)->1805K(1856K)
[50.987s][info][gc          ] GC(121) Pause Young (Mixed) (G1 Evacuation Pause) 877M->508M(978M) 25.585ms
[50.987s][info][gc,cpu      ] GC(121) User=0.05s Sys=0.00s Real=0.02s
[51.690s][info][gc,start    ] GC(122) Pause Young (Concurrent Start) (G1 Evacuation Pause)
[51.690s][info][gc,task     ] GC(122) Using 2 workers of 2 for evacuation
[51.771s][info][gc,phases   ] GC(122)   Pre Evacuate Collection Set: 0.29ms
[51.771s][info][gc,phases   ] GC(122)   Merge Heap Roots: 0.46ms
[51.771s][info][gc,phases   ] GC(122)   Evacuate Collection Set: 79.01ms
[51.771s][info][gc,phases   ] GC(122)   Post Evacuate Collection Set: 0.79ms
[51.771s][info][gc,phases   ] GC(122)   Other: 0.17ms
[51.771s][info][gc,heap     ] GC(122) Eden regions: 367->0(312)
[51.771s][info][gc,heap     ] GC(122) Survivor regions: 19->49(49)
[51.771s][info][gc,heap     ] GC(122) Old regions: 485->502
[51.771s][info][gc,heap     ] GC(122) Humongous regions: 5->5
[51.771s][info][gc,metaspace] GC(122) Metaspace: 17453K(17600K)->17453K(17600K) NonClass: 15647K(15744K)->15647K(15744K) Class: 1805K(1856K)->1805K(1856K)
[51.771s][info][gc          ] GC(122) Pause Young (Concurrent Start) (G1 Evacuation Pause) 875M->556M(978M) 81.009ms
[51.771s][info][gc,cpu      ] GC(122) User=0.16s Sys=0.01s Real=0.08s
[51.771s][info][gc          ] GC(123) Concurrent Mark Cycle
[51.775s][info][gc,marking  ] GC(123) Concurrent Scan Root Regions
[51.861s][info][gc,marking  ] GC(123) Concurrent Scan Root Regions 85.789ms
[51.861s][info][gc,marking  ] GC(123) Concurrent Mark
[51.861s][info][gc,marking  ] GC(123) Concurrent Mark From Roots
[51.861s][info][gc,task     ] GC(123) Using 1 workers of 1 for marking
[52.771s][info][gc,start    ] GC(124) Pause Young (Normal) (G1 Evacuation Pause)
[52.771s][info][gc,task     ] GC(124) Using 2 workers of 2 for evacuation
[52.903s][info][gc,phases   ] GC(124)   Pre Evacuate Collection Set: 0.55ms
[52.903s][info][gc,phases   ] GC(124)   Merge Heap Roots: 0.65ms
[52.903s][info][gc,phases   ] GC(124)   Evacuate Collection Set: 129.80ms
[52.903s][info][gc,phases   ] GC(124)   Post Evacuate Collection Set: 0.67ms
[52.903s][info][gc,phases   ] GC(124)   Other: 0.12ms
[52.903s][info][gc,heap     ] GC(124) Eden regions: 312->0(268)
[52.903s][info][gc,heap     ] GC(124) Survivor regions: 49->45(46)
[52.903s][info][gc,heap     ] GC(124) Old regions: 502->552
[52.903s][info][gc,heap     ] GC(124) Humongous regions: 8->8
[52.903s][info][gc,metaspace] GC(124) Metaspace: 17454K(17600K)->17454K(17600K) NonClass: 15649K(15744K)->15649K(15744K) Class: 1805K(1856K)->1805K(1856K)
[52.903s][info][gc          ] GC(124) Pause Young (Normal) (G1 Evacuation Pause) 871M->604M(978M) 132.076ms
[52.903s][info][gc,cpu      ] GC(124) User=0.26s Sys=0.00s Real=0.13s
[53.050s][info][gc,marking  ] GC(123) Concurrent Mark From Roots 1189.085ms
[53.050s][info][gc,marking  ] GC(123) Concurrent Preclean
[53.050s][info][gc,marking  ] GC(123) Concurrent Preclean 0.034ms
[53.050s][info][gc,start    ] GC(123) Pause Remark
[53.058s][info][gc          ] GC(123) Pause Remark 639M->513M(978M) 7.237ms
[53.058s][info][gc,cpu      ] GC(123) User=0.01s Sys=0.00s Real=0.00s
[53.059s][info][gc,marking  ] GC(123) Concurrent Mark 1197.629ms
[53.059s][info][gc,marking  ] GC(123) Concurrent Rebuild Remembered Sets and Scrub Regions
[53.464s][info][gc,start    ] GC(125) Pause Young (Normal) (G1 Evacuation Pause)
[53.464s][info][gc,task     ] GC(125) Using 2 workers of 2 for evacuation
[53.607s][info][gc,phases   ] GC(125)   Pre Evacuate Collection Set: 0.48ms
[53.607s][info][gc,phases   ] GC(125)   Merge Heap Roots: 0.85ms
[53.607s][info][gc,phases   ] GC(125)   Evacuate Collection Set: 141.18ms
[53.607s][info][gc,phases   ] GC(125)   Post Evacuate Collection Set: 0.76ms
[53.607s][info][gc,phases   ] GC(125)   Other: 0.11ms
[53.607s][info][gc,heap     ] GC(125) Eden regions: 268->0(282)
[53.607s][info][gc,heap     ] GC(125) Survivor regions: 45->40(40)
[53.607s][info][gc,heap     ] GC(125) Old regions: 428->504
[53.607s][info][gc,heap     ] GC(125) Humongous regions: 6->6
[53.607s][info][gc,metaspace] GC(125) Metaspace: 17467K(17600K)->17467K(17600K) NonClass: 15661K(15744K)->15661K(15744K) Class: 1805K(1856K)->1805K(1856K)
[53.607s][info][gc          ] GC(125) Pause Young (Normal) (G1 Evacuation Pause) 746M->549M(978M) 143.632ms
[53.607s][info][gc,cpu      ] GC(125) User=0.29s Sys=0.00s Real=0.14s
[53.672s][info][gc,marking  ] GC(123) Concurrent Rebuild Remembered Sets and Scrub Regions 612.909ms
[53.672s][info][gc,start    ] GC(123) Pause Cleanup
[53.672s][info][gc          ] GC(123) Pause Cleanup 564M->564M(978M) 0.134ms
[53.672s][info][gc,cpu      ] GC(123) User=0.00s Sys=0.00s Real=0.00s
[53.672s][info][gc,marking  ] GC(123) Concurrent Clear Claimed Marks
[53.672s][info][gc,marking  ] GC(123) Concurrent Clear Claimed Marks 0.027ms
[53.672s][info][gc,marking  ] GC(123) Concurrent Cleanup for Next Mark
[53.675s][info][gc,marking  ] GC(123) Concurrent Cleanup for Next Mark 2.956ms
[53.675s][info][gc          ] GC(123) Concurrent Mark Cycle 1903.901ms
[54.037s][info][gc,start    ] GC(126) Pause Young (Prepare Mixed) (G1 Evacuation Pause)
[54.037s][info][gc,task     ] GC(126) Using 2 workers of 2 for evacuation
[54.125s][info][gc,phases   ] GC(126)   Pre Evacuate Collection Set: 0.31ms
[54.125s][info][gc,phases   ] GC(126)   Merge Heap Roots: 0.51ms
[54.125s][info][gc,phases   ] GC(126)   Evacuate Collection Set: 85.93ms
[54.125s][info][gc,phases   ] GC(126)   Post Evacuate Collection Set: 0.66ms
[54.125s][info][gc,phases   ] GC(126)   Other: 0.12ms
[54.125s][info][gc,heap     ] GC(126) Eden regions: 282->0(277)
[54.125s][info][gc,heap     ] GC(126) Survivor regions: 40->21(41)
[54.125s][info][gc,heap     ] GC(126) Old regions: 504->544
[54.125s][info][gc,heap     ] GC(126) Humongous regions: 9->9
[54.125s][info][gc,metaspace] GC(126) Metaspace: 17468K(17600K)->17468K(17600K) NonClass: 15663K(15744K)->15663K(15744K) Class: 1805K(1856K)->1805K(1856K)
[54.125s][info][gc          ] GC(126) Pause Young (Prepare Mixed) (G1 Evacuation Pause) 834M->573M(978M) 87.817ms
[54.125s][info][gc,cpu      ] GC(126) User=0.17s Sys=0.00s Real=0.09s
[54.570s][info][gc,start    ] GC(127) Pause Young (Mixed) (G1 Evacuation Pause)
[54.570s][info][gc,task     ] GC(127) Using 2 workers of 2 for evacuation
[54.614s][info][gc,phases   ] GC(127)   Pre Evacuate Collection Set: 0.33ms
[54.614s][info][gc,phases   ] GC(127)   Merge Heap Roots: 0.43ms
[54.614s][info][gc,phases   ] GC(127)   Evacuate Collection Set: 42.99ms
[54.614s][info][gc,phases   ] GC(127)   Post Evacuate Collection Set: 0.56ms
[54.614s][info][gc,phases   ] GC(127)   Other: 0.09ms
[54.614s][info][gc,heap     ] GC(127) Eden regions: 277->0(336)
[54.614s][info][gc,heap     ] GC(127) Survivor regions: 21->1(38)
[54.614s][info][gc,heap     ] GC(127) Old regions: 544->517
[54.614s][info][gc,heap     ] GC(127) Humongous regions: 9->9
[54.615s][info][gc,metaspace] GC(127) Metaspace: 17468K(17600K)->17468K(17600K) NonClass: 15663K(15744K)->15663K(15744K) Class: 1805K(1856K)->1805K(1856K)
[54.615s][info][gc          ] GC(127) Pause Young (Mixed) (G1 Evacuation Pause) 850M->526M(978M) 44.685ms
[54.615s][info][gc,cpu      ] GC(127) User=0.09s Sys=0.00s Real=0.04s
[55.156s][info][gc,start    ] GC(128) Pause Young (Concurrent Start) (G1 Evacuation Pause)
[55.156s][info][gc,task     ] GC(128) Using 2 workers of 2 for evacuation
[55.157s][info][gc,phases   ] GC(128)   Pre Evacuate Collection Set: 0.35ms
[55.157s][info][gc,phases   ] GC(128)   Merge Heap Roots: 0.09ms
[55.157s][info][gc,phases   ] GC(128)   Evacuate Collection Set: 0.56ms
[55.157s][info][gc,phases   ] GC(128)   Post Evacuate Collection Set: 0.47ms
[55.157s][info][gc,phases   ] GC(128)   Other: 0.23ms
[55.157s][info][gc,heap     ] GC(128) Eden regions: 336->0(355)
[55.157s][info][gc,heap     ] GC(128) Survivor regions: 1->1(43)
[55.157s][info][gc,heap     ] GC(128) Old regions: 517->517
[55.157s][info][gc,heap     ] GC(128) Humongous regions: 9->9
[55.157s][info][gc,metaspace] GC(128) Metaspace: 17468K(17600K)->17468K(17600K) NonClass: 15663K(15744K)->15663K(15744K) Class: 1805K(1856K)->1805K(1856K)
[55.157s][info][gc          ] GC(128) Pause Young (Concurrent Start) (G1 Evacuation Pause) 862M->526M(978M) 1.911ms
[55.157s][info][gc,cpu      ] GC(128) User=0.00s Sys=0.00s Real=0.00s
[55.158s][info][gc          ] GC(129) Concurrent Mark Cycle
[55.158s][info][gc,marking  ] GC(129) Concurrent Scan Root Regions
[55.160s][info][gc,marking  ] GC(129) Concurrent Scan Root Regions 2.636ms
[55.160s][info][gc,marking  ] GC(129) Concurrent Mark
[55.160s][info][gc,marking  ] GC(129) Concurrent Mark From Roots
[55.160s][info][gc,task     ] GC(129) Using 1 workers of 1 for marking
[56.540s][info][gc,start    ] GC(130) Pause Young (Normal) (G1 Evacuation Pause)
[56.540s][info][gc,task     ] GC(130) Using 2 workers of 2 for evacuation
[56.541s][info][gc,phases   ] GC(130)   Pre Evacuate Collection Set: 0.53ms
[56.541s][info][gc,phases   ] GC(130)   Merge Heap Roots: 0.12ms
[56.541s][info][gc,phases   ] GC(130)   Evacuate Collection Set: 0.28ms
[56.541s][info][gc,phases   ] GC(130)   Post Evacuate Collection Set: 0.51ms
[56.541s][info][gc,phases   ] GC(130)   Other: 0.11ms
[56.541s][info][gc,heap     ] GC(130) Eden regions: 355->0(369)
[56.541s][info][gc,heap     ] GC(130) Survivor regions: 1->1(45)
[56.541s][info][gc,heap     ] GC(130) Old regions: 517->517
[56.541s][info][gc,heap     ] GC(130) Humongous regions: 9->9
[56.541s][info][gc,metaspace] GC(130) Metaspace: 17470K(17600K)->17470K(17600K) NonClass: 15664K(15744K)->15664K(15744K) Class: 1805K(1856K)->1805K(1856K)
[56.541s][info][gc          ] GC(130) Pause Young (Normal) (G1 Evacuation Pause) 881M->525M(978M) 1.816ms
[56.541s][info][gc,cpu      ] GC(130) User=0.01s Sys=0.00s Real=0.00s
[56.946s][info][gc,marking  ] GC(129) Concurrent Mark From Roots 1785.554ms
[56.946s][info][gc,marking  ] GC(129) Concurrent Preclean
[56.946s][info][gc,marking  ] GC(129) Concurrent Preclean 0.024ms
[56.946s][info][gc,start    ] GC(129) Pause Remark
[56.953s][info][gc          ] GC(129) Pause Remark 639M->637M(978M) 7.014ms
[56.953s][info][gc,cpu      ] GC(129) User=0.02s Sys=0.00s Real=0.01s
[56.953s][info][gc,marking  ] GC(129) Concurrent Mark 1792.897ms
[56.953s][info][gc,marking  ] GC(129) Concurrent Rebuild Remembered Sets and Scrub Regions
[57.342s][info][gc,start    ] GC(131) Pause Young (Normal) (G1 Evacuation Pause)
[57.342s][info][gc,task     ] GC(131) Using 2 workers of 2 for evacuation
[57.391s][info][gc,phases   ] GC(131)   Pre Evacuate Collection Set: 0.31ms
[57.391s][info][gc,phases   ] GC(131)   Merge Heap Roots: 0.30ms
[57.391s][info][gc,phases   ] GC(131)   Evacuate Collection Set: 47.52ms
[57.391s][info][gc,phases   ] GC(131)   Post Evacuate Collection Set: 0.60ms
[57.391s][info][gc,phases   ] GC(131)   Other: 0.12ms
[57.391s][info][gc,heap     ] GC(131) Eden regions: 369->0(328)
[57.391s][info][gc,heap     ] GC(131) Survivor regions: 1->37(47)
[57.391s][info][gc,heap     ] GC(131) Old regions: 517->517
[57.391s][info][gc,heap     ] GC(131) Humongous regions: 7->7
[57.391s][info][gc,metaspace] GC(131) Metaspace: 17470K(17600K)->17470K(17600K) NonClass: 15665K(15744K)->15665K(15744K) Class: 1805K(1856K)->1805K(1856K)
[57.391s][info][gc          ] GC(131) Pause Young (Normal) (G1 Evacuation Pause) 892M->560M(978M) 49.104ms
[57.391s][info][gc,cpu      ] GC(131) User=0.10s Sys=0.00s Real=0.05s
[57.605s][info][gc,marking  ] GC(129) Concurrent Rebuild Remembered Sets and Scrub Regions 651.529ms
[57.605s][info][gc,start    ] GC(129) Pause Cleanup
[57.605s][info][gc          ] GC(129) Pause Cleanup 734M->734M(978M) 0.115ms
[57.605s][info][gc,cpu      ] GC(129) User=0.00s Sys=0.00s Real=0.00s
[57.606s][info][gc,marking  ] GC(129) Concurrent Clear Claimed Marks
[57.606s][info][gc,marking  ] GC(129) Concurrent Clear Claimed Marks 0.039ms
[57.606s][info][gc,marking  ] GC(129) Concurrent Cleanup for Next Mark
[57.611s][info][gc,marking  ] GC(129) Concurrent Cleanup for Next Mark 5.011ms
[57.611s][info][gc          ] GC(129) Concurrent Mark Cycle 2453.109ms
[57.763s][info][gc,start    ] GC(132) Pause Young (Prepare Mixed) (G1 Evacuation Pause)
[57.763s][info][gc,task     ] GC(132) Using 2 workers of 2 for evacuation
[57.813s][info][gc,phases   ] GC(132)   Pre Evacuate Collection Set: 0.29ms
[57.813s][info][gc,phases   ] GC(132)   Merge Heap Roots: 0.22ms
[57.813s][info][gc,phases   ] GC(132)   Evacuate Collection Set: 48.56ms
[57.813s][info][gc,phases   ] GC(132)   Post Evacuate Collection Set: 0.57ms
[57.813s][info][gc,phases   ] GC(132)   Other: 0.12ms
[57.813s][info][gc,heap     ] GC(132) Eden regions: 328->0(337)
[57.813s][info][gc,heap     ] GC(132) Survivor regions: 37->6(46)
[57.813s][info][gc,heap     ] GC(132) Old regions: 517->554
[57.813s][info][gc,heap     ] GC(132) Humongous regions: 7->7
[57.813s][info][gc,metaspace] GC(132) Metaspace: 17473K(17600K)->17473K(17600K) NonClass: 15667K(15744K)->15667K(15744K) Class: 1805K(1856K)->1805K(1856K)
[57.813s][info][gc          ] GC(132) Pause Young (Prepare Mixed) (G1 Evacuation Pause) 888M->567M(978M) 50.028ms
[57.813s][info][gc,cpu      ] GC(132) User=0.10s Sys=0.01s Real=0.05s
[58.164s][info][gc,start    ] GC(133) Pause Young (Mixed) (G1 Evacuation Pause)
[58.164s][info][gc,task     ] GC(133) Using 2 workers of 2 for evacuation
[58.230s][info][gc,phases   ] GC(133)   Pre Evacuate Collection Set: 0.52ms
[58.230s][info][gc,phases   ] GC(133)   Merge Heap Roots: 0.34ms
[58.230s][info][gc,phases   ] GC(133)   Evacuate Collection Set: 64.54ms
[58.230s][info][gc,phases   ] GC(133)   Post Evacuate Collection Set: 0.66ms
[58.230s][info][gc,phases   ] GC(133)   Other: 0.14ms
[58.230s][info][gc,heap     ] GC(133) Eden regions: 337->0(287)
[58.230s][info][gc,heap     ] GC(133) Survivor regions: 6->43(43)
[58.230s][info][gc,heap     ] GC(133) Old regions: 554->548
[58.230s][info][gc,heap     ] GC(133) Humongous regions: 7->7
[58.230s][info][gc,metaspace] GC(133) Metaspace: 17473K(17600K)->17473K(17600K) NonClass: 15667K(15744K)->15667K(15744K) Class: 1805K(1856K)->1805K(1856K)
[58.230s][info][gc          ] GC(133) Pause Young (Mixed) (G1 Evacuation Pause) 904M->597M(978M) 66.453ms
[58.230s][info][gc,cpu      ] GC(133) User=0.13s Sys=0.00s Real=0.07s
[58.519s][info][gc,start    ] GC(134) Pause Young (Concurrent Start) (G1 Evacuation Pause)
[58.519s][info][gc,task     ] GC(134) Using 2 workers of 2 for evacuation
[58.599s][info][gc,phases   ] GC(134)   Pre Evacuate Collection Set: 0.38ms
[58.599s][info][gc,phases   ] GC(134)   Merge Heap Roots: 0.33ms
[58.599s][info][gc,phases   ] GC(134)   Evacuate Collection Set: 79.03ms
[58.599s][info][gc,phases   ] GC(134)   Post Evacuate Collection Set: 0.58ms
[58.599s][info][gc,phases   ] GC(134)   Other: 0.21ms
[58.599s][info][gc,heap     ] GC(134) Eden regions: 287->0(273)
[58.599s][info][gc,heap     ] GC(134) Survivor regions: 43->22(42)
[58.599s][info][gc,heap     ] GC(134) Old regions: 548->591
[58.599s][info][gc,heap     ] GC(134) Humongous regions: 7->7
[58.599s][info][gc,metaspace] GC(134) Metaspace: 17473K(17600K)->17473K(17600K) NonClass: 15667K(15744K)->15667K(15744K) Class: 1805K(1856K)->1805K(1856K)
[58.599s][info][gc          ] GC(134) Pause Young (Concurrent Start) (G1 Evacuation Pause) 884M->620M(978M) 80.805ms
[58.599s][info][gc          ] GC(135) Concurrent Mark Cycle
[58.599s][info][gc,marking  ] GC(135) Concurrent Scan Root Regions
[58.601s][info][gc,cpu      ] GC(134) User=0.16s Sys=0.00s Real=0.08s
[58.738s][info][gc,marking  ] GC(135) Concurrent Scan Root Regions 138.723ms
[58.738s][info][gc,marking  ] GC(135) Concurrent Mark
[58.738s][info][gc,marking  ] GC(135) Concurrent Mark From Roots
[58.738s][info][gc,task     ] GC(135) Using 1 workers of 1 for marking
[59.110s][info][gc,start    ] GC(136) Pause Young (Normal) (G1 Evacuation Pause)
[59.110s][info][gc,task     ] GC(136) Using 2 workers of 2 for evacuation
[59.150s][info][gc,phases   ] GC(136)   Pre Evacuate Collection Set: 0.29ms
[59.150s][info][gc,phases   ] GC(136)   Merge Heap Roots: 0.31ms
[59.150s][info][gc,phases   ] GC(136)   Evacuate Collection Set: 38.83ms
[59.150s][info][gc,phases   ] GC(136)   Post Evacuate Collection Set: 0.52ms
[59.150s][info][gc,phases   ] GC(136)   Other: 0.10ms
[59.150s][info][gc,heap     ] GC(136) Eden regions: 273->0(277)
[59.150s][info][gc,heap     ] GC(136) Survivor regions: 22->7(37)
[59.150s][info][gc,heap     ] GC(136) Old regions: 591->613
[59.150s][info][gc,heap     ] GC(136) Humongous regions: 7->7
[59.150s][info][gc,metaspace] GC(136) Metaspace: 17494K(17664K)->17494K(17664K) NonClass: 15689K(15808K)->15689K(15808K) Class: 1805K(1856K)->1805K(1856K)
[59.150s][info][gc          ] GC(136) Pause Young (Normal) (G1 Evacuation Pause) 893M->626M(978M) 40.325ms
[59.150s][info][gc,cpu      ] GC(136) User=0.07s Sys=0.01s Real=0.04s
[60.249s][info][gc,start    ] GC(137) Pause Young (Normal) (G1 Evacuation Pause)
[60.249s][info][gc,task     ] GC(137) Using 2 workers of 2 for evacuation
[60.289s][info][gc,phases   ] GC(137)   Pre Evacuate Collection Set: 0.30ms
[60.289s][info][gc,phases   ] GC(137)   Merge Heap Roots: 0.30ms
[60.289s][info][gc,phases   ] GC(137)   Evacuate Collection Set: 39.23ms
[60.289s][info][gc,phases   ] GC(137)   Post Evacuate Collection Set: 0.55ms
[60.289s][info][gc,phases   ] GC(137)   Other: 0.13ms
[60.289s][info][gc,heap     ] GC(137) Eden regions: 277->0(250)
[60.289s][info][gc,heap     ] GC(137) Survivor regions: 7->29(36)
[60.289s][info][gc,heap     ] GC(137) Old regions: 613->613
[60.289s][info][gc,heap     ] GC(137) Humongous regions: 7->7
[60.289s][info][gc,metaspace] GC(137) Metaspace: 17497K(17664K)->17497K(17664K) NonClass: 15691K(15808K)->15691K(15808K) Class: 1805K(1856K)->1805K(1856K)
[60.289s][info][gc          ] GC(137) Pause Young (Normal) (G1 Evacuation Pause) 903M->648M(978M) 40.795ms
[60.289s][info][gc,cpu      ] GC(137) User=0.08s Sys=0.00s Real=0.04s
[60.681s][info][gc,marking  ] GC(135) Concurrent Mark From Roots 1943.098ms
[60.681s][info][gc,marking  ] GC(135) Concurrent Preclean
[60.681s][info][gc,marking  ] GC(135) Concurrent Preclean 0.041ms
[60.682s][info][gc,start    ] GC(135) Pause Remark
[60.690s][info][gc          ] GC(135) Pause Remark 730M->730M(978M) 7.831ms
[60.690s][info][gc,cpu      ] GC(135) User=0.01s Sys=0.00s Real=0.01s
[60.692s][info][gc,marking  ] GC(135) Concurrent Mark 1953.942ms
[60.692s][info][gc,marking  ] GC(135) Concurrent Rebuild Remembered Sets and Scrub Regions
[61.414s][info][gc,start    ] GC(138) Pause Young (Normal) (G1 Evacuation Pause)
[61.414s][info][gc,task     ] GC(138) Using 2 workers of 2 for evacuation
[61.448s][info][gc,phases   ] GC(138)   Pre Evacuate Collection Set: 0.28ms
[61.448s][info][gc,phases   ] GC(138)   Merge Heap Roots: 0.26ms
[61.448s][info][gc,phases   ] GC(138)   Evacuate Collection Set: 32.36ms
[61.448s][info][gc,phases   ] GC(138)   Post Evacuate Collection Set: 0.48ms
[61.448s][info][gc,phases   ] GC(138)   Other: 0.11ms
[61.448s][info][gc,heap     ] GC(138) Eden regions: 250->0(270)
[61.448s][info][gc,heap     ] GC(138) Survivor regions: 29->1(35)
[61.448s][info][gc,heap     ] GC(138) Old regions: 613->641
[61.448s][info][gc,heap     ] GC(138) Humongous regions: 7->7
[61.448s][info][gc,metaspace] GC(138) Metaspace: 17497K(17664K)->17497K(17664K) NonClass: 15692K(15808K)->15692K(15808K) Class: 1805K(1856K)->1805K(1856K)
[61.448s][info][gc          ] GC(138) Pause Young (Normal) (G1 Evacuation Pause) 898M->649M(978M) 33.743ms
[61.448s][info][gc,cpu      ] GC(138) User=0.07s Sys=0.00s Real=0.03s
[61.548s][info][gc,marking  ] GC(135) Concurrent Rebuild Remembered Sets and Scrub Regions 856.209ms
[61.549s][info][gc,start    ] GC(135) Pause Cleanup
[61.549s][info][gc          ] GC(135) Pause Cleanup 676M->676M(978M) 0.151ms
[61.549s][info][gc,cpu      ] GC(135) User=0.00s Sys=0.00s Real=0.00s
[61.551s][info][gc,marking  ] GC(135) Concurrent Clear Claimed Marks
[61.551s][info][gc,marking  ] GC(135) Concurrent Clear Claimed Marks 0.053ms
[61.551s][info][gc,marking  ] GC(135) Concurrent Cleanup for Next Mark
[61.554s][info][gc,marking  ] GC(135) Concurrent Cleanup for Next Mark 3.048ms
[61.554s][info][gc          ] GC(135) Concurrent Mark Cycle 2954.987ms
[62.145s][info][gc,start    ] GC(139) Pause Young (Prepare Mixed) (G1 Evacuation Pause)
[62.145s][info][gc,task     ] GC(139) Using 2 workers of 2 for evacuation
[62.147s][info][gc,phases   ] GC(139)   Pre Evacuate Collection Set: 0.52ms
[62.147s][info][gc,phases   ] GC(139)   Merge Heap Roots: 0.12ms
[62.147s][info][gc,phases   ] GC(139)   Evacuate Collection Set: 1.04ms
[62.147s][info][gc,phases   ] GC(139)   Post Evacuate Collection Set: 0.43ms
[62.147s][info][gc,phases   ] GC(139)   Other: 0.14ms
[62.147s][info][gc,heap     ] GC(139) Eden regions: 270->0(278)
[62.147s][info][gc,heap     ] GC(139) Survivor regions: 1->1(34)
[62.147s][info][gc,heap     ] GC(139) Old regions: 641->641
[62.147s][info][gc,heap     ] GC(139) Humongous regions: 7->7
[62.147s][info][gc,metaspace] GC(139) Metaspace: 17500K(17664K)->17500K(17664K) NonClass: 15695K(15808K)->15695K(15808K) Class: 1805K(1856K)->1805K(1856K)
[62.147s][info][gc          ] GC(139) Pause Young (Prepare Mixed) (G1 Evacuation Pause) 919M->649M(978M) 2.460ms
[62.147s][info][gc,cpu      ] GC(139) User=0.01s Sys=0.00s Real=0.00s
[62.832s][info][gc,start    ] GC(140) Pause Young (Mixed) (G1 Evacuation Pause)
[62.832s][info][gc,task     ] GC(140) Using 2 workers of 2 for evacuation
[62.855s][info][gc,phases   ] GC(140)   Pre Evacuate Collection Set: 0.56ms
[62.855s][info][gc,phases   ] GC(140)   Merge Heap Roots: 0.18ms
[62.855s][info][gc,phases   ] GC(140)   Evacuate Collection Set: 22.18ms
[62.855s][info][gc,phases   ] GC(140)   Post Evacuate Collection Set: 0.56ms
[62.855s][info][gc,phases   ] GC(140)   Other: 0.16ms
[62.855s][info][gc,heap     ] GC(140) Eden regions: 278->0(248)
[62.855s][info][gc,heap     ] GC(140) Survivor regions: 1->20(35)
[62.855s][info][gc,heap     ] GC(140) Old regions: 641->633
[62.855s][info][gc,heap     ] GC(140) Humongous regions: 7->7
[62.855s][info][gc,metaspace] GC(140) Metaspace: 17501K(17664K)->17501K(17664K) NonClass: 15695K(15808K)->15695K(15808K) Class: 1805K(1856K)->1805K(1856K)
[62.855s][info][gc          ] GC(140) Pause Young (Mixed) (G1 Evacuation Pause) 927M->660M(978M) 23.869ms
[62.855s][info][gc,cpu      ] GC(140) User=0.05s Sys=0.00s Real=0.02s
[63.192s][info][gc,start    ] GC(141) Pause Young (Concurrent Start) (G1 Evacuation Pause)
[63.192s][info][gc,task     ] GC(141) Using 2 workers of 2 for evacuation
[63.271s][info][gc,phases   ] GC(141)   Pre Evacuate Collection Set: 0.31ms
[63.271s][info][gc,phases   ] GC(141)   Merge Heap Roots: 0.15ms
[63.271s][info][gc,phases   ] GC(141)   Evacuate Collection Set: 75.03ms
[63.271s][info][gc,phases   ] GC(141)   Post Evacuate Collection Set: 2.97ms
[63.271s][info][gc,phases   ] GC(141)   Other: 0.11ms
[63.271s][info][gc,heap     ] GC(141) Eden regions: 248->0(144)
[63.271s][info][gc,heap     ] GC(141) Survivor regions: 20->34(34)
[63.271s][info][gc,heap     ] GC(141) Old regions: 633->709
[63.271s][info][gc,heap     ] GC(141) Humongous regions: 7->7
[63.271s][info][gc,metaspace] GC(141) Metaspace: 17502K(17664K)->17502K(17664K) NonClass: 15697K(15808K)->15697K(15808K) Class: 1805K(1856K)->1805K(1856K)
[63.271s][info][gc          ] GC(141) Pause Young (Concurrent Start) (G1 Evacuation Pause) (Evacuation Failure: Allocation) 908M->750M(978M) 78.815ms
[63.271s][info][gc,cpu      ] GC(141) User=0.15s Sys=0.00s Real=0.08s
[63.271s][info][gc          ] GC(142) Concurrent Mark Cycle
[63.271s][info][gc,marking  ] GC(142) Concurrent Scan Root Regions
[63.359s][info][gc,marking  ] GC(142) Concurrent Scan Root Regions 87.514ms
[63.359s][info][gc,marking  ] GC(142) Concurrent Mark
[63.359s][info][gc,marking  ] GC(142) Concurrent Mark From Roots
[63.359s][info][gc,task     ] GC(142) Using 1 workers of 1 for marking
[63.770s][info][gc,start    ] GC(143) Pause Young (Normal) (G1 Evacuation Pause)
[63.770s][info][gc,task     ] GC(143) Using 2 workers of 2 for evacuation
[63.850s][info][gc,phases   ] GC(143)   Pre Evacuate Collection Set: 0.34ms
[63.850s][info][gc,phases   ] GC(143)   Merge Heap Roots: 0.60ms
[63.850s][info][gc,phases   ] GC(143)   Evacuate Collection Set: 78.17ms
[63.850s][info][gc,phases   ] GC(143)   Post Evacuate Collection Set: 0.58ms
[63.850s][info][gc,phases   ] GC(143)   Other: 0.12ms
[63.850s][info][gc,heap     ] GC(143) Eden regions: 144->0(169)
[63.850s][info][gc,heap     ] GC(143) Survivor regions: 34->20(23)
[63.850s][info][gc,heap     ] GC(143) Old regions: 709->709
[63.850s][info][gc,heap     ] GC(143) Humongous regions: 10->10
[63.850s][info][gc,metaspace] GC(143) Metaspace: 17509K(17664K)->17509K(17664K) NonClass: 15704K(15808K)->15704K(15808K) Class: 1805K(1856K)->1805K(1856K)
[63.850s][info][gc          ] GC(143) Pause Young (Normal) (G1 Evacuation Pause) 897M->738M(978M) 80.048ms
[63.850s][info][gc,cpu      ] GC(143) User=0.15s Sys=0.00s Real=0.08s
[64.301s][info][gc,start    ] GC(144) Pause Young (Normal) (G1 Evacuation Pause)
[64.302s][info][gc,task     ] GC(144) Using 2 workers of 2 for evacuation
[64.367s][info][gc,phases   ] GC(144)   Pre Evacuate Collection Set: 0.30ms
[64.367s][info][gc,phases   ] GC(144)   Merge Heap Roots: 0.31ms
[64.367s][info][gc,phases   ] GC(144)   Evacuate Collection Set: 64.14ms
[64.367s][info][gc,phases   ] GC(144)   Post Evacuate Collection Set: 0.45ms
[64.367s][info][gc,phases   ] GC(144)   Other: 0.09ms
[64.367s][info][gc,heap     ] GC(144) Eden regions: 169->0(137)
[64.367s][info][gc,heap     ] GC(144) Survivor regions: 20->24(24)
[64.367s][info][gc,heap     ] GC(144) Old regions: 709->733
[64.367s][info][gc,heap     ] GC(144) Humongous regions: 10->10
[64.367s][info][gc,metaspace] GC(144) Metaspace: 17512K(17664K)->17512K(17664K) NonClass: 15706K(15808K)->15706K(15808K) Class: 1805K(1856K)->1805K(1856K)
[64.367s][info][gc          ] GC(144) Pause Young (Normal) (G1 Evacuation Pause) 907M->766M(978M) 65.558ms
[64.367s][info][gc,cpu      ] GC(144) User=0.13s Sys=0.00s Real=0.06s
[64.623s][info][gc,start    ] GC(145) Pause Young (Normal) (G1 Evacuation Pause)
[64.623s][info][gc,task     ] GC(145) Using 2 workers of 2 for evacuation
[64.690s][info][gc,phases   ] GC(145)   Pre Evacuate Collection Set: 0.33ms
[64.690s][info][gc,phases   ] GC(145)   Merge Heap Roots: 0.13ms
[64.690s][info][gc,phases   ] GC(145)   Evacuate Collection Set: 65.48ms
[64.690s][info][gc,phases   ] GC(145)   Post Evacuate Collection Set: 0.56ms
[64.690s][info][gc,phases   ] GC(145)   Other: 0.11ms
[64.690s][info][gc,heap     ] GC(145) Eden regions: 137->0(96)
[64.690s][info][gc,heap     ] GC(145) Survivor regions: 24->21(21)
[64.690s][info][gc,heap     ] GC(145) Old regions: 733->780
[64.690s][info][gc,heap     ] GC(145) Humongous regions: 10->10
[64.690s][info][gc,metaspace] GC(145) Metaspace: 17512K(17664K)->17512K(17664K) NonClass: 15706K(15808K)->15706K(15808K) Class: 1805K(1856K)->1805K(1856K)
[64.690s][info][gc          ] GC(145) Pause Young (Normal) (G1 Evacuation Pause) 903M->811M(978M) 66.893ms
[64.690s][info][gc,cpu      ] GC(145) User=0.13s Sys=0.00s Real=0.07s
[65.059s][info][gc,start    ] GC(146) Pause Young (Normal) (G1 Evacuation Pause)
[65.059s][info][gc,task     ] GC(146) Using 2 workers of 2 for evacuation
[65.098s][info][gc,phases   ] GC(146)   Pre Evacuate Collection Set: 0.31ms
[65.098s][info][gc,phases   ] GC(146)   Merge Heap Roots: 0.34ms
[65.098s][info][gc,phases   ] GC(146)   Evacuate Collection Set: 37.55ms
[65.098s][info][gc,phases   ] GC(146)   Post Evacuate Collection Set: 0.41ms
[65.098s][info][gc,phases   ] GC(146)   Other: 0.08ms
[65.098s][info][gc,heap     ] GC(146) Eden regions: 96->0(94)
[65.098s][info][gc,heap     ] GC(146) Survivor regions: 21->11(15)
[65.098s][info][gc,heap     ] GC(146) Old regions: 780->802
[65.098s][info][gc,heap     ] GC(146) Humongous regions: 10->10
[65.098s][info][gc,metaspace] GC(146) Metaspace: 17512K(17664K)->17512K(17664K) NonClass: 15706K(15808K)->15706K(15808K) Class: 1805K(1856K)->1805K(1856K)
[65.098s][info][gc          ] GC(146) Pause Young (Normal) (G1 Evacuation Pause) 907M->822M(978M) 38.939ms
[65.098s][info][gc,cpu      ] GC(146) User=0.07s Sys=0.00s Real=0.03s
[65.187s][info][gc,marking  ] GC(142) Concurrent Mark From Roots 1828.660ms
[65.188s][info][gc,marking  ] GC(142) Concurrent Preclean
[65.188s][info][gc,marking  ] GC(142) Concurrent Preclean 0.031ms
[65.188s][info][gc,start    ] GC(142) Pause Remark
[65.195s][info][gc          ] GC(142) Pause Remark 849M->665M(978M) 7.191ms
[65.195s][info][gc,cpu      ] GC(142) User=0.01s Sys=0.00s Real=0.01s
[65.195s][info][gc,marking  ] GC(142) Concurrent Mark 1836.290ms
[65.195s][info][gc,marking  ] GC(142) Concurrent Rebuild Remembered Sets and Scrub Regions
[65.403s][info][gc,start    ] GC(147) Pause Young (Normal) (G1 Evacuation Pause)
[65.403s][info][gc,task     ] GC(147) Using 2 workers of 2 for evacuation
[65.415s][info][gc,phases   ] GC(147)   Pre Evacuate Collection Set: 0.52ms
[65.415s][info][gc,phases   ] GC(147)   Merge Heap Roots: 0.13ms
[65.415s][info][gc,phases   ] GC(147)   Evacuate Collection Set: 10.65ms
[65.415s][info][gc,phases   ] GC(147)   Post Evacuate Collection Set: 0.35ms
[65.415s][info][gc,phases   ] GC(147)   Other: 0.11ms
[65.415s][info][gc,heap     ] GC(147) Eden regions: 94->0(238)
[65.415s][info][gc,heap     ] GC(147) Survivor regions: 11->1(14)
[65.415s][info][gc,heap     ] GC(147) Old regions: 621->631
[65.415s][info][gc,heap     ] GC(147) Humongous regions: 7->7
[65.415s][info][gc,metaspace] GC(147) Metaspace: 17512K(17664K)->17512K(17664K) NonClass: 15706K(15808K)->15706K(15808K) Class: 1805K(1856K)->1805K(1856K)
[65.415s][info][gc          ] GC(147) Pause Young (Normal) (G1 Evacuation Pause) 732M->639M(978M) 12.071ms
[65.415s][info][gc,cpu      ] GC(147) User=0.02s Sys=0.00s Real=0.01s
[65.956s][info][gc,marking  ] GC(142) Concurrent Rebuild Remembered Sets and Scrub Regions 760.683ms
[65.958s][info][gc,start    ] GC(142) Pause Cleanup
[65.958s][info][gc          ] GC(142) Pause Cleanup 851M->851M(978M) 0.188ms
[65.958s][info][gc,cpu      ] GC(142) User=0.00s Sys=0.00s Real=0.01s
[65.958s][info][gc,marking  ] GC(142) Concurrent Clear Claimed Marks
[65.958s][info][gc,marking  ] GC(142) Concurrent Clear Claimed Marks 0.053ms
[65.958s][info][gc,marking  ] GC(142) Concurrent Cleanup for Next Mark
[65.969s][info][gc,marking  ] GC(142) Concurrent Cleanup for Next Mark 10.800ms
[65.969s][info][gc          ] GC(142) Concurrent Mark Cycle 2698.070ms
[66.025s][info][gc,start    ] GC(148) Pause Young (Prepare Mixed) (G1 Evacuation Pause)
[66.025s][info][gc,task     ] GC(148) Using 2 workers of 2 for evacuation
[66.027s][info][gc,phases   ] GC(148)   Pre Evacuate Collection Set: 0.32ms
[66.027s][info][gc,phases   ] GC(148)   Merge Heap Roots: 0.11ms
[66.027s][info][gc,phases   ] GC(148)   Evacuate Collection Set: 1.42ms
[66.027s][info][gc,phases   ] GC(148)   Post Evacuate Collection Set: 0.42ms
[66.027s][info][gc,phases   ] GC(148)   Other: 0.11ms
[66.027s][info][gc,heap     ] GC(148) Eden regions: 238->0(255)
[66.027s][info][gc,heap     ] GC(148) Survivor regions: 1->1(30)
[66.027s][info][gc,heap     ] GC(148) Old regions: 631->631
[66.027s][info][gc,heap     ] GC(148) Humongous regions: 7->7
[66.027s][info][gc,metaspace] GC(148) Metaspace: 17512K(17664K)->17512K(17664K) NonClass: 15706K(15808K)->15706K(15808K) Class: 1805K(1856K)->1805K(1856K)
[66.027s][info][gc          ] GC(148) Pause Young (Prepare Mixed) (G1 Evacuation Pause) 877M->638M(978M) 2.580ms
[66.027s][info][gc,cpu      ] GC(148) User=0.01s Sys=0.00s Real=0.00s
[66.321s][info][gc,start    ] GC(149) Pause Young (Mixed) (G1 Evacuation Pause)
[66.321s][info][gc,task     ] GC(149) Using 2 workers of 2 for evacuation
[66.325s][info][gc,phases   ] GC(149)   Pre Evacuate Collection Set: 0.31ms
[66.325s][info][gc,phases   ] GC(149)   Merge Heap Roots: 0.15ms
[66.325s][info][gc,phases   ] GC(149)   Evacuate Collection Set: 2.73ms
[66.325s][info][gc,phases   ] GC(149)   Post Evacuate Collection Set: 0.51ms
[66.325s][info][gc,phases   ] GC(149)   Other: 0.12ms
[66.325s][info][gc,heap     ] GC(149) Eden regions: 255->0(321)
[66.325s][info][gc,heap     ] GC(149) Survivor regions: 1->1(32)
[66.325s][info][gc,heap     ] GC(149) Old regions: 631->566
[66.325s][info][gc,heap     ] GC(149) Humongous regions: 7->7
[66.325s][info][gc,metaspace] GC(149) Metaspace: 17512K(17664K)->17512K(17664K) NonClass: 15706K(15808K)->15706K(15808K) Class: 1805K(1856K)->1805K(1856K)
[66.325s][info][gc          ] GC(149) Pause Young (Mixed) (G1 Evacuation Pause) 893M->573M(978M) 4.033ms
[66.325s][info][gc,cpu      ] GC(149) User=0.01s Sys=0.00s Real=0.00s
[66.687s][info][gc,start    ] GC(150) Pause Young (Concurrent Start) (G1 Evacuation Pause)
[66.687s][info][gc,task     ] GC(150) Using 2 workers of 2 for evacuation
[66.690s][info][gc,phases   ] GC(150)   Pre Evacuate Collection Set: 0.29ms
[66.690s][info][gc,phases   ] GC(150)   Merge Heap Roots: 0.11ms
[66.690s][info][gc,phases   ] GC(150)   Evacuate Collection Set: 2.30ms
[66.690s][info][gc,phases   ] GC(150)   Post Evacuate Collection Set: 0.49ms
[66.691s][info][gc,phases   ] GC(150)   Other: 0.13ms
[66.691s][info][gc,heap     ] GC(150) Eden regions: 321->0(336)
[66.691s][info][gc,heap     ] GC(150) Survivor regions: 1->1(41)
[66.691s][info][gc,heap     ] GC(150) Old regions: 566->566
[66.691s][info][gc,heap     ] GC(150) Humongous regions: 7->7
[66.691s][info][gc,metaspace] GC(150) Metaspace: 17512K(17664K)->17512K(17664K) NonClass: 15706K(15808K)->15706K(15808K) Class: 1805K(1856K)->1805K(1856K)
[66.691s][info][gc          ] GC(150) Pause Young (Concurrent Start) (G1 Evacuation Pause) 894M->573M(978M) 3.543ms
[66.691s][info][gc,cpu      ] GC(150) User=0.01s Sys=0.00s Real=0.01s
[66.691s][info][gc          ] GC(151) Concurrent Mark Cycle
[66.691s][info][gc,marking  ] GC(151) Concurrent Scan Root Regions
[66.695s][info][gc,marking  ] GC(151) Concurrent Scan Root Regions 4.232ms
[66.695s][info][gc,marking  ] GC(151) Concurrent Mark
[66.695s][info][gc,marking  ] GC(151) Concurrent Mark From Roots
[66.695s][info][gc,task     ] GC(151) Using 1 workers of 1 for marking
[67.790s][info][gc,start    ] GC(152) Pause Young (Normal) (G1 Evacuation Pause)
[67.790s][info][gc,task     ] GC(152) Using 2 workers of 2 for evacuation
[67.837s][info][gc,phases   ] GC(152)   Pre Evacuate Collection Set: 0.31ms
[67.837s][info][gc,phases   ] GC(152)   Merge Heap Roots: 0.44ms
[67.837s][info][gc,phases   ] GC(152)   Evacuate Collection Set: 45.96ms
[67.837s][info][gc,phases   ] GC(152)   Post Evacuate Collection Set: 0.69ms
[67.837s][info][gc,phases   ] GC(152)   Other: 0.09ms
[67.837s][info][gc,heap     ] GC(152) Eden regions: 336->0(310)
[67.837s][info][gc,heap     ] GC(152) Survivor regions: 1->21(43)
[67.837s][info][gc,heap     ] GC(152) Old regions: 566->566
[67.837s][info][gc,heap     ] GC(152) Humongous regions: 10->10
[67.837s][info][gc,metaspace] GC(152) Metaspace: 17512K(17664K)->17512K(17664K) NonClass: 15706K(15808K)->15706K(15808K) Class: 1805K(1856K)->1805K(1856K)
[67.837s][info][gc          ] GC(152) Pause Young (Normal) (G1 Evacuation Pause) 912M->596M(978M) 47.771ms
[67.837s][info][gc,cpu      ] GC(152) User=0.09s Sys=0.00s Real=0.04s
[68.029s][info][gc,marking  ] GC(151) Concurrent Mark From Roots 1334.387ms
[68.029s][info][gc,marking  ] GC(151) Concurrent Preclean
[68.029s][info][gc,marking  ] GC(151) Concurrent Preclean 0.025ms
[68.030s][info][gc,start    ] GC(151) Pause Remark
[68.037s][info][gc          ] GC(151) Pause Remark 661M->579M(978M) 7.323ms
[68.037s][info][gc,cpu      ] GC(151) User=0.01s Sys=0.00s Real=0.00s
[68.037s][info][gc,marking  ] GC(151) Concurrent Mark 1342.054ms
[68.037s][info][gc,marking  ] GC(151) Concurrent Rebuild Remembered Sets and Scrub Regions
[68.439s][info][gc,marking  ] GC(151) Concurrent Rebuild Remembered Sets and Scrub Regions 402.141ms
[68.439s][info][gc,start    ] GC(151) Pause Cleanup
[68.440s][info][gc          ] GC(151) Pause Cleanup 752M->752M(978M) 0.154ms
[68.440s][info][gc,cpu      ] GC(151) User=0.00s Sys=0.00s Real=0.00s
[68.441s][info][gc,marking  ] GC(151) Concurrent Clear Claimed Marks
[68.441s][info][gc,marking  ] GC(151) Concurrent Clear Claimed Marks 0.048ms
[68.441s][info][gc,marking  ] GC(151) Concurrent Cleanup for Next Mark
[68.447s][info][gc,marking  ] GC(151) Concurrent Cleanup for Next Mark 6.029ms
[68.447s][info][gc          ] GC(151) Concurrent Mark Cycle 1756.214ms
[68.554s][info][gc,start    ] GC(153) Pause Young (Prepare Mixed) (G1 Evacuation Pause)
[68.555s][info][gc,task     ] GC(153) Using 2 workers of 2 for evacuation
[68.601s][info][gc,phases   ] GC(153)   Pre Evacuate Collection Set: 0.30ms
[68.601s][info][gc,phases   ] GC(153)   Merge Heap Roots: 0.68ms
[68.601s][info][gc,phases   ] GC(153)   Evacuate Collection Set: 45.05ms
[68.601s][info][gc,phases   ] GC(153)   Post Evacuate Collection Set: 0.68ms
[68.601s][info][gc,phases   ] GC(153)   Other: 0.12ms
[68.601s][info][gc,heap     ] GC(153) Eden regions: 310->0(390)
[68.602s][info][gc,heap     ] GC(153) Survivor regions: 21->22(42)
[68.602s][info][gc,heap     ] GC(153) Old regions: 487->487
[68.602s][info][gc,heap     ] GC(153) Humongous regions: 7->7
[68.602s][info][gc,metaspace] GC(153) Metaspace: 17512K(17664K)->17512K(17664K) NonClass: 15706K(15808K)->15706K(15808K) Class: 1805K(1856K)->1805K(1856K)
[68.602s][info][gc          ] GC(153) Pause Young (Prepare Mixed) (G1 Evacuation Pause) 824M->515M(978M) 47.079ms
[68.602s][info][gc,cpu      ] GC(153) User=0.09s Sys=0.00s Real=0.05s
[69.035s][info][gc,start    ] GC(154) Pause Young (Mixed) (G1 Evacuation Pause)
[69.036s][info][gc,task     ] GC(154) Using 2 workers of 2 for evacuation
[69.163s][info][gc,phases   ] GC(154)   Pre Evacuate Collection Set: 0.54ms
[69.163s][info][gc,phases   ] GC(154)   Merge Heap Roots: 0.98ms
[69.163s][info][gc,phases   ] GC(154)   Evacuate Collection Set: 124.39ms
[69.163s][info][gc,phases   ] GC(154)   Post Evacuate Collection Set: 0.94ms
[69.163s][info][gc,phases   ] GC(154)   Other: 0.14ms
[69.163s][info][gc,heap     ] GC(154) Eden regions: 390->0(395)
[69.163s][info][gc,heap     ] GC(154) Survivor regions: 22->52(52)
[69.163s][info][gc,heap     ] GC(154) Old regions: 487->410
[69.163s][info][gc,heap     ] GC(154) Humongous regions: 7->7
[69.163s][info][gc,metaspace] GC(154) Metaspace: 17515K(17664K)->17515K(17664K) NonClass: 15709K(15808K)->15709K(15808K) Class: 1805K(1856K)->1805K(1856K)
[69.163s][info][gc          ] GC(154) Pause Young (Mixed) (G1 Evacuation Pause) 905M->469M(978M) 127.299ms
[69.163s][info][gc,cpu      ] GC(154) User=0.25s Sys=0.00s Real=0.13s
[69.540s][info][gc,start    ] GC(155) Pause Young (Concurrent Start) (G1 Evacuation Pause)
[69.541s][info][gc,task     ] GC(155) Using 2 workers of 2 for evacuation
[69.631s][info][gc,phases   ] GC(155)   Pre Evacuate Collection Set: 0.32ms
[69.631s][info][gc,phases   ] GC(155)   Merge Heap Roots: 0.52ms
[69.631s][info][gc,phases   ] GC(155)   Evacuate Collection Set: 88.79ms
[69.631s][info][gc,phases   ] GC(155)   Post Evacuate Collection Set: 0.66ms
[69.631s][info][gc,phases   ] GC(155)   Other: 0.17ms
[69.631s][info][gc,heap     ] GC(155) Eden regions: 395->0(403)
[69.631s][info][gc,heap     ] GC(155) Survivor regions: 52->6(56)
[69.631s][info][gc,heap     ] GC(155) Old regions: 410->463
[69.631s][info][gc,heap     ] GC(155) Humongous regions: 7->7
[69.631s][info][gc,metaspace] GC(155) Metaspace: 17515K(17664K)->17515K(17664K) NonClass: 15709K(15808K)->15709K(15808K) Class: 1805K(1856K)->1805K(1856K)
[69.631s][info][gc          ] GC(155) Pause Young (Concurrent Start) (G1 Evacuation Pause) 864M->475M(978M) 90.761ms
[69.631s][info][gc,cpu      ] GC(155) User=0.17s Sys=0.00s Real=0.09s
[69.631s][info][gc          ] GC(156) Concurrent Mark Cycle
[69.633s][info][gc,marking  ] GC(156) Concurrent Scan Root Regions
[69.755s][info][gc,marking  ] GC(156) Concurrent Scan Root Regions 121.491ms
[69.755s][info][gc,marking  ] GC(156) Concurrent Mark
[69.755s][info][gc,marking  ] GC(156) Concurrent Mark From Roots
[69.755s][info][gc,task     ] GC(156) Using 1 workers of 1 for marking
[70.365s][info][gc,marking  ] GC(156) Concurrent Mark From Roots 610.473ms
[70.365s][info][gc,marking  ] GC(156) Concurrent Preclean
[70.365s][info][gc,marking  ] GC(156) Concurrent Preclean 0.025ms
[70.365s][info][gc,start    ] GC(156) Pause Remark
[70.372s][info][gc          ] GC(156) Pause Remark 774M->649M(978M) 6.740ms
[70.372s][info][gc,cpu      ] GC(156) User=0.01s Sys=0.00s Real=0.01s
[70.372s][info][gc,marking  ] GC(156) Concurrent Mark 617.560ms
[70.372s][info][gc,marking  ] GC(156) Concurrent Rebuild Remembered Sets and Scrub Regions
[70.564s][info][gc,marking  ] GC(156) Concurrent Rebuild Remembered Sets and Scrub Regions 192.117ms
[70.565s][info][gc,start    ] GC(156) Pause Cleanup
[70.565s][info][gc          ] GC(156) Pause Cleanup 716M->716M(978M) 0.128ms
[70.565s][info][gc,cpu      ] GC(156) User=0.00s Sys=0.00s Real=0.00s
[70.565s][info][gc,marking  ] GC(156) Concurrent Clear Claimed Marks
[70.565s][info][gc,marking  ] GC(156) Concurrent Clear Claimed Marks 0.025ms
[70.565s][info][gc,marking  ] GC(156) Concurrent Cleanup for Next Mark
[70.568s][info][gc,marking  ] GC(156) Concurrent Cleanup for Next Mark 2.919ms
[70.568s][info][gc          ] GC(156) Concurrent Mark Cycle 936.530ms
[70.614s][info][gc,start    ] GC(157) Pause Young (Prepare Mixed) (G1 Evacuation Pause)
[70.614s][info][gc,task     ] GC(157) Using 2 workers of 2 for evacuation
[70.693s][info][gc,phases   ] GC(157)   Pre Evacuate Collection Set: 0.30ms
[70.693s][info][gc,phases   ] GC(157)   Merge Heap Roots: 0.56ms
[70.693s][info][gc,phases   ] GC(157)   Evacuate Collection Set: 77.04ms
[70.693s][info][gc,phases   ] GC(157)   Post Evacuate Collection Set: 0.71ms
[70.693s][info][gc,phases   ] GC(157)   Other: 0.11ms
[70.693s][info][gc,heap     ] GC(157) Eden regions: 403->0(427)
[70.693s][info][gc,heap     ] GC(157) Survivor regions: 6->52(52)
[70.693s][info][gc,heap     ] GC(157) Old regions: 341->343
[70.693s][info][gc,heap     ] GC(157) Humongous regions: 4->4
[70.693s][info][gc,metaspace] GC(157) Metaspace: 17515K(17664K)->17515K(17664K) NonClass: 15710K(15808K)->15710K(15808K) Class: 1805K(1856K)->1805K(1856K)
[70.693s][info][gc          ] GC(157) Pause Young (Prepare Mixed) (G1 Evacuation Pause) 753M->398M(978M) 79.011ms
[70.693s][info][gc,cpu      ] GC(157) User=0.16s Sys=0.00s Real=0.08s
[71.267s][info][gc,start    ] GC(158) Pause Young (Mixed) (G1 Evacuation Pause)
[71.267s][info][gc,task     ] GC(158) Using 2 workers of 2 for evacuation
[71.395s][info][gc,phases   ] GC(158)   Pre Evacuate Collection Set: 0.48ms
[71.395s][info][gc,phases   ] GC(158)   Merge Heap Roots: 0.48ms
[71.395s][info][gc,phases   ] GC(158)   Evacuate Collection Set: 123.88ms
[71.395s][info][gc,phases   ] GC(158)   Post Evacuate Collection Set: 2.98ms
[71.395s][info][gc,phases   ] GC(158)   Other: 0.11ms
[71.395s][info][gc,heap     ] GC(158) Eden regions: 427->0(434)
[71.395s][info][gc,heap     ] GC(158) Survivor regions: 52->27(60)
[71.395s][info][gc,heap     ] GC(158) Old regions: 343->357
[71.395s][info][gc,heap     ] GC(158) Humongous regions: 4->4
[71.395s][info][gc,metaspace] GC(158) Metaspace: 17517K(17664K)->17517K(17664K) NonClass: 15712K(15808K)->15712K(15808K) Class: 1805K(1856K)->1805K(1856K)
[71.395s][info][gc          ] GC(158) Pause Young (Mixed) (G1 Evacuation Pause) 825M->388M(978M) 128.166ms
[71.395s][info][gc,cpu      ] GC(158) User=0.25s Sys=0.00s Real=0.13s
[72.007s][info][gc,start    ] GC(159) Pause Young (Concurrent Start) (G1 Evacuation Pause)
[72.007s][info][gc,task     ] GC(159) Using 2 workers of 2 for evacuation
[72.057s][info][gc,phases   ] GC(159)   Pre Evacuate Collection Set: 0.46ms
[72.057s][info][gc,phases   ] GC(159)   Merge Heap Roots: 0.47ms
[72.057s][info][gc,phases   ] GC(159)   Evacuate Collection Set: 48.43ms
[72.057s][info][gc,phases   ] GC(159)   Post Evacuate Collection Set: 0.75ms
[72.057s][info][gc,phases   ] GC(159)   Other: 0.22ms
[72.057s][info][gc,heap     ] GC(159) Eden regions: 434->0(438)
[72.057s][info][gc,heap     ] GC(159) Survivor regions: 27->43(58)
[72.057s][info][gc,heap     ] GC(159) Old regions: 357->357
[72.057s][info][gc,heap     ] GC(159) Humongous regions: 4->4
[72.057s][info][gc,metaspace] GC(159) Metaspace: 17521K(17664K)->17521K(17664K) NonClass: 15716K(15808K)->15716K(15808K) Class: 1805K(1856K)->1805K(1856K)
[72.057s][info][gc          ] GC(159) Pause Young (Concurrent Start) (G1 Evacuation Pause) 822M->404M(978M) 50.572ms
[72.058s][info][gc,cpu      ] GC(159) User=0.09s Sys=0.00s Real=0.05s
[72.058s][info][gc          ] GC(160) Concurrent Mark Cycle
[72.059s][info][gc,marking  ] GC(160) Concurrent Scan Root Regions
[72.140s][info][gc,marking  ] GC(160) Concurrent Scan Root Regions 81.033ms
[72.140s][info][gc,marking  ] GC(160) Concurrent Mark
[72.140s][info][gc,marking  ] GC(160) Concurrent Mark From Roots
[72.140s][info][gc,task     ] GC(160) Using 1 workers of 1 for marking
[73.163s][info][gc,marking  ] GC(160) Concurrent Mark From Roots 1022.521ms
[73.163s][info][gc,marking  ] GC(160) Concurrent Preclean
[73.163s][info][gc,marking  ] GC(160) Concurrent Preclean 0.030ms
[73.165s][info][gc,start    ] GC(160) Pause Remark
[73.173s][info][gc          ] GC(160) Pause Remark 662M->662M(978M) 7.617ms
[73.173s][info][gc,cpu      ] GC(160) User=0.01s Sys=0.00s Real=0.01s
[73.173s][info][gc,marking  ] GC(160) Concurrent Mark 1032.702ms
[73.173s][info][gc,marking  ] GC(160) Concurrent Rebuild Remembered Sets and Scrub Regions
[73.465s][info][gc,marking  ] GC(160) Concurrent Rebuild Remembered Sets and Scrub Regions 292.022ms
[73.465s][info][gc,start    ] GC(160) Pause Cleanup
[73.465s][info][gc          ] GC(160) Pause Cleanup 731M->731M(978M) 0.120ms
[73.465s][info][gc,cpu      ] GC(160) User=0.01s Sys=0.00s Real=0.00s
[73.465s][info][gc,marking  ] GC(160) Concurrent Clear Claimed Marks
[73.465s][info][gc,marking  ] GC(160) Concurrent Clear Claimed Marks 0.056ms
[73.466s][info][gc,marking  ] GC(160) Concurrent Cleanup for Next Mark
[73.472s][info][gc,marking  ] GC(160) Concurrent Cleanup for Next Mark 6.634ms
[73.472s][info][gc          ] GC(160) Concurrent Mark Cycle 1414.682ms
[73.712s][info][gc,start    ] GC(161) Pause Young (Prepare Mixed) (G1 Evacuation Pause)
[73.712s][info][gc,task     ] GC(161) Using 2 workers of 2 for evacuation
[73.760s][info][gc,phases   ] GC(161)   Pre Evacuate Collection Set: 0.50ms
[73.760s][info][gc,phases   ] GC(161)   Merge Heap Roots: 0.39ms
[73.760s][info][gc,phases   ] GC(161)   Evacuate Collection Set: 45.44ms
[73.760s][info][gc,phases   ] GC(161)   Post Evacuate Collection Set: 0.66ms
[73.760s][info][gc,phases   ] GC(161)   Other: 0.12ms
[73.760s][info][gc,heap     ] GC(161) Eden regions: 438->0(452)
[73.760s][info][gc,heap     ] GC(161) Survivor regions: 43->17(61)
[73.760s][info][gc,heap     ] GC(161) Old regions: 357->384
[73.760s][info][gc,heap     ] GC(161) Humongous regions: 4->4
[73.760s][info][gc,metaspace] GC(161) Metaspace: 17522K(17664K)->17522K(17664K) NonClass: 15717K(15808K)->15717K(15808K) Class: 1805K(1856K)->1805K(1856K)
[73.760s][info][gc          ] GC(161) Pause Young (Prepare Mixed) (G1 Evacuation Pause) 842M->404M(978M) 47.378ms
[73.760s][info][gc,cpu      ] GC(161) User=0.09s Sys=0.00s Real=0.05s
[74.636s][info][gc,start    ] GC(162) Pause Young (Mixed) (G1 Evacuation Pause)
[74.636s][info][gc,task     ] GC(162) Using 2 workers of 2 for evacuation
[74.732s][info][gc,phases   ] GC(162)   Pre Evacuate Collection Set: 0.31ms
[74.732s][info][gc,phases   ] GC(162)   Merge Heap Roots: 0.27ms
[74.732s][info][gc,phases   ] GC(162)   Evacuate Collection Set: 94.92ms
[74.732s][info][gc,phases   ] GC(162)   Post Evacuate Collection Set: 0.96ms
[74.732s][info][gc,phases   ] GC(162)   Other: 0.12ms
[74.732s][info][gc,heap     ] GC(162) Eden regions: 452->0(380)
[74.732s][info][gc,heap     ] GC(162) Survivor regions: 17->59(59)
[74.732s][info][gc,heap     ] GC(162) Old regions: 384->406
[74.732s][info][gc,heap     ] GC(162) Humongous regions: 4->4
[74.732s][info][gc,metaspace] GC(162) Metaspace: 17527K(17664K)->17527K(17664K) NonClass: 15721K(15808K)->15721K(15808K) Class: 1805K(1856K)->1805K(1856K)
[74.732s][info][gc          ] GC(162) Pause Young (Mixed) (G1 Evacuation Pause) 856M->469M(978M) 96.795ms
[74.732s][info][gc,cpu      ] GC(162) User=0.19s Sys=0.00s Real=0.10s
[75.222s][info][gc,start    ] GC(163) Pause Young (Concurrent Start) (G1 Humongous Allocation)
[75.222s][info][gc,task     ] GC(163) Using 2 workers of 2 for evacuation
[75.452s][info][gc,mmu      ] GC(163) MMU target violated: 201.0ms (200.0ms/201.0ms)
[75.452s][info][gc,phases   ] GC(163)   Pre Evacuate Collection Set: 0.29ms
[75.452s][info][gc,phases   ] GC(163)   Merge Heap Roots: 0.45ms
[75.452s][info][gc,phases   ] GC(163)   Evacuate Collection Set: 207.12ms
[75.452s][info][gc,phases   ] GC(163)   Post Evacuate Collection Set: 21.36ms
[75.452s][info][gc,phases   ] GC(163)   Other: 0.20ms
[75.452s][info][gc,heap     ] GC(163) Eden regions: 379->0(96)
[75.452s][info][gc,heap     ] GC(163) Survivor regions: 59->55(55)
[75.452s][info][gc,heap     ] GC(163) Old regions: 406->718
[75.452s][info][gc,heap     ] GC(163) Humongous regions: 4->4
[75.452s][info][gc,metaspace] GC(163) Metaspace: 17532K(17664K)->17532K(17664K) NonClass: 15727K(15808K)->15727K(15808K) Class: 1805K(1856K)->1805K(1856K)
[75.452s][info][gc          ] GC(163) Pause Young (Concurrent Start) (G1 Humongous Allocation) (Evacuation Failure: Allocation) 848M->777M(978M) 229.619ms
[75.452s][info][gc,cpu      ] GC(163) User=0.46s Sys=0.00s Real=0.23s
[75.452s][info][gc          ] GC(164) Concurrent Mark Cycle
[75.452s][info][gc,marking  ] GC(164) Concurrent Scan Root Regions
[75.721s][info][gc,marking  ] GC(164) Concurrent Scan Root Regions 268.892ms
[75.721s][info][gc,marking  ] GC(164) Concurrent Mark
[75.721s][info][gc,marking  ] GC(164) Concurrent Mark From Roots
[75.721s][info][gc,task     ] GC(164) Using 1 workers of 1 for marking
[75.965s][info][gc,start    ] GC(165) Pause Young (Normal) (G1 Evacuation Pause)
[75.965s][info][gc,task     ] GC(165) Using 2 workers of 2 for evacuation
[76.083s][info][gc,phases   ] GC(165)   Pre Evacuate Collection Set: 0.57ms
[76.083s][info][gc,phases   ] GC(165)   Merge Heap Roots: 1.60ms
[76.083s][info][gc,phases   ] GC(165)   Evacuate Collection Set: 115.19ms
[76.083s][info][gc,phases   ] GC(165)   Post Evacuate Collection Set: 0.57ms
[76.083s][info][gc,phases   ] GC(165)   Other: 0.09ms
[76.083s][info][gc,heap     ] GC(165) Eden regions: 96->0(210)
[76.083s][info][gc,heap     ] GC(165) Survivor regions: 55->9(19)
[76.084s][info][gc,heap     ] GC(165) Old regions: 718->658
[76.084s][info][gc,heap     ] GC(165) Humongous regions: 7->7
[76.084s][info][gc,metaspace] GC(165) Metaspace: 17532K(17664K)->17532K(17664K) NonClass: 15727K(15808K)->15727K(15808K) Class: 1805K(1856K)->1805K(1856K)
[76.084s][info][gc          ] GC(165) Pause Young (Normal) (G1 Evacuation Pause) 876M->673M(978M) 118.280ms
[76.084s][info][gc,cpu      ] GC(165) User=0.23s Sys=0.00s Real=0.12s
[76.535s][info][gc,start    ] GC(166) Pause Young (Normal) (G1 Evacuation Pause)
[76.536s][info][gc,task     ] GC(166) Using 2 workers of 2 for evacuation
[76.604s][info][gc,phases   ] GC(166)   Pre Evacuate Collection Set: 0.54ms
[76.605s][info][gc,phases   ] GC(166)   Merge Heap Roots: 0.72ms
[76.605s][info][gc,phases   ] GC(166)   Evacuate Collection Set: 66.73ms
[76.605s][info][gc,phases   ] GC(166)   Post Evacuate Collection Set: 0.85ms
[76.605s][info][gc,phases   ] GC(166)   Other: 0.11ms
[76.605s][info][gc,heap     ] GC(166) Eden regions: 210->0(253)
[76.605s][info][gc,heap     ] GC(166) Survivor regions: 9->14(28)
[76.605s][info][gc,heap     ] GC(166) Old regions: 658->606
[76.605s][info][gc,heap     ] GC(166) Humongous regions: 7->7
[76.605s][info][gc,metaspace] GC(166) Metaspace: 17534K(17664K)->17534K(17664K) NonClass: 15728K(15808K)->15728K(15808K) Class: 1805K(1856K)->1805K(1856K)
[76.605s][info][gc          ] GC(166) Pause Young (Normal) (G1 Evacuation Pause) 883M->626M(978M) 69.187ms
[76.605s][info][gc,cpu      ] GC(166) User=0.13s Sys=0.00s Real=0.07s
[77.154s][info][gc,marking  ] GC(164) Concurrent Mark From Roots 1432.813ms
[77.154s][info][gc,marking  ] GC(164) Concurrent Preclean
[77.154s][info][gc,marking  ] GC(164) Concurrent Preclean 0.027ms
[77.154s][info][gc,start    ] GC(164) Pause Remark
[77.161s][info][gc          ] GC(164) Pause Remark 795M->795M(978M) 6.632ms
[77.161s][info][gc,cpu      ] GC(164) User=0.02s Sys=0.00s Real=0.01s
[77.161s][info][gc,marking  ] GC(164) Concurrent Mark 1439.786ms
[77.161s][info][gc,marking  ] GC(164) Concurrent Rebuild Remembered Sets and Scrub Regions
[77.343s][info][gc,start    ] GC(167) Pause Young (Normal) (G1 Evacuation Pause)
[77.343s][info][gc,task     ] GC(167) Using 2 workers of 2 for evacuation
[77.432s][info][gc,phases   ] GC(167)   Pre Evacuate Collection Set: 0.28ms
[77.432s][info][gc,phases   ] GC(167)   Merge Heap Roots: 0.78ms
[77.432s][info][gc,phases   ] GC(167)   Evacuate Collection Set: 86.70ms
[77.432s][info][gc,phases   ] GC(167)   Post Evacuate Collection Set: 0.80ms
[77.432s][info][gc,phases   ] GC(167)   Other: 0.11ms
[77.432s][info][gc,heap     ] GC(167) Eden regions: 253->0(235)
[77.432s][info][gc,heap     ] GC(167) Survivor regions: 14->34(34)
[77.432s][info][gc,heap     ] GC(167) Old regions: 606->612
[77.432s][info][gc,heap     ] GC(167) Humongous regions: 13->13
[77.432s][info][gc,metaspace] GC(167) Metaspace: 17534K(17664K)->17534K(17664K) NonClass: 15728K(15808K)->15728K(15808K) Class: 1805K(1856K)->1805K(1856K)
[77.432s][info][gc          ] GC(167) Pause Young (Normal) (G1 Evacuation Pause) 885M->659M(978M) 88.933ms
[77.432s][info][gc,cpu      ] GC(167) User=0.17s Sys=0.00s Real=0.09s
[77.867s][info][gc,marking  ] GC(164) Concurrent Rebuild Remembered Sets and Scrub Regions 706.565ms
[77.867s][info][gc,start    ] GC(164) Pause Cleanup
[77.868s][info][gc          ] GC(164) Pause Cleanup 831M->831M(978M) 0.116ms
[77.868s][info][gc,cpu      ] GC(164) User=0.00s Sys=0.00s Real=0.00s
[77.868s][info][gc,marking  ] GC(164) Concurrent Clear Claimed Marks
[77.868s][info][gc,marking  ] GC(164) Concurrent Clear Claimed Marks 0.029ms
[77.868s][info][gc,marking  ] GC(164) Concurrent Cleanup for Next Mark
[77.873s][info][gc,marking  ] GC(164) Concurrent Cleanup for Next Mark 5.028ms
[77.873s][info][gc          ] GC(164) Concurrent Mark Cycle 2421.267ms
[77.980s][info][gc,start    ] GC(168) Pause Young (Prepare Mixed) (G1 Evacuation Pause)
[77.980s][info][gc,task     ] GC(168) Using 2 workers of 2 for evacuation
[78.066s][info][gc,phases   ] GC(168)   Pre Evacuate Collection Set: 0.34ms
[78.067s][info][gc,phases   ] GC(168)   Merge Heap Roots: 1.23ms
[78.067s][info][gc,phases   ] GC(168)   Evacuate Collection Set: 84.55ms
[78.067s][info][gc,phases   ] GC(168)   Post Evacuate Collection Set: 0.59ms
[78.067s][info][gc,phases   ] GC(168)   Other: 0.09ms
[78.067s][info][gc,heap     ] GC(168) Eden regions: 235->0(244)
[78.067s][info][gc,heap     ] GC(168) Survivor regions: 34->1(34)
[78.067s][info][gc,heap     ] GC(168) Old regions: 612->647
[78.067s][info][gc,heap     ] GC(168) Humongous regions: 13->13
[78.067s][info][gc,metaspace] GC(168) Metaspace: 17534K(17664K)->17534K(17664K) NonClass: 15728K(15808K)->15728K(15808K) Class: 1805K(1856K)->1805K(1856K)
[78.067s][info][gc          ] GC(168) Pause Young (Prepare Mixed) (G1 Evacuation Pause) 894M->660M(978M) 87.065ms
[78.067s][info][gc,cpu      ] GC(168) User=0.17s Sys=0.00s Real=0.08s
[78.462s][info][gc,start    ] GC(169) Pause Young (Mixed) (G1 Evacuation Pause)
[78.462s][info][gc,task     ] GC(169) Using 2 workers of 2 for evacuation
[78.466s][info][gc,phases   ] GC(169)   Pre Evacuate Collection Set: 0.29ms
[78.466s][info][gc,phases   ] GC(169)   Merge Heap Roots: 0.13ms
[78.466s][info][gc,phases   ] GC(169)   Evacuate Collection Set: 2.87ms
[78.466s][info][gc,phases   ] GC(169)   Post Evacuate Collection Set: 0.44ms
[78.466s][info][gc,phases   ] GC(169)   Other: 0.11ms
[78.466s][info][gc,heap     ] GC(169) Eden regions: 244->0(259)
[78.466s][info][gc,heap     ] GC(169) Survivor regions: 1->1(31)
[78.466s][info][gc,heap     ] GC(169) Old regions: 647->639
[78.466s][info][gc,heap     ] GC(169) Humongous regions: 13->13
[78.466s][info][gc,metaspace] GC(169) Metaspace: 17534K(17664K)->17534K(17664K) NonClass: 15728K(15808K)->15728K(15808K) Class: 1805K(1856K)->1805K(1856K)
[78.466s][info][gc          ] GC(169) Pause Young (Mixed) (G1 Evacuation Pause) 904M->652M(978M) 4.062ms
[78.466s][info][gc,cpu      ] GC(169) User=0.01s Sys=0.00s Real=0.00s
[78.866s][info][gc,start    ] GC(170) Pause Young (Concurrent Start) (G1 Evacuation Pause)
[78.866s][info][gc,task     ] GC(170) Using 2 workers of 2 for evacuation
[78.867s][info][gc,phases   ] GC(170)   Pre Evacuate Collection Set: 0.38ms
[78.867s][info][gc,phases   ] GC(170)   Merge Heap Roots: 0.09ms
[78.867s][info][gc,phases   ] GC(170)   Evacuate Collection Set: 0.52ms
[78.867s][info][gc,phases   ] GC(170)   Post Evacuate Collection Set: 0.42ms
[78.867s][info][gc,phases   ] GC(170)   Other: 0.13ms
[78.867s][info][gc,heap     ] GC(170) Eden regions: 259->0(270)
[78.867s][info][gc,heap     ] GC(170) Survivor regions: 1->1(33)
[78.867s][info][gc,heap     ] GC(170) Old regions: 639->639
[78.867s][info][gc,heap     ] GC(170) Humongous regions: 13->13
[78.867s][info][gc,metaspace] GC(170) Metaspace: 17534K(17664K)->17534K(17664K) NonClass: 15728K(15808K)->15728K(15808K) Class: 1805K(1856K)->1805K(1856K)
[78.867s][info][gc          ] GC(170) Pause Young (Concurrent Start) (G1 Evacuation Pause) 911M->651M(978M) 1.763ms
[78.868s][info][gc,cpu      ] GC(170) User=0.01s Sys=0.00s Real=0.00s
[78.868s][info][gc          ] GC(171) Concurrent Mark Cycle
[78.868s][info][gc,marking  ] GC(171) Concurrent Scan Root Regions
[78.870s][info][gc,marking  ] GC(171) Concurrent Scan Root Regions 2.849ms
[78.870s][info][gc,marking  ] GC(171) Concurrent Mark
[78.870s][info][gc,marking  ] GC(171) Concurrent Mark From Roots
[78.870s][info][gc,task     ] GC(171) Using 1 workers of 1 for marking
[79.422s][info][gc,start    ] GC(172) Pause Young (Normal) (G1 Evacuation Pause)
[79.422s][info][gc,task     ] GC(172) Using 2 workers of 2 for evacuation
[79.464s][info][gc,phases   ] GC(172)   Pre Evacuate Collection Set: 0.30ms
[79.464s][info][gc,phases   ] GC(172)   Merge Heap Roots: 0.22ms
[79.464s][info][gc,phases   ] GC(172)   Evacuate Collection Set: 40.61ms
[79.464s][info][gc,phases   ] GC(172)   Post Evacuate Collection Set: 0.56ms
[79.464s][info][gc,phases   ] GC(172)   Other: 0.12ms
[79.464s][info][gc,heap     ] GC(172) Eden regions: 270->0(212)
[79.464s][info][gc,heap     ] GC(172) Survivor regions: 1->32(34)
[79.464s][info][gc,heap     ] GC(172) Old regions: 639->639
[79.464s][info][gc,heap     ] GC(172) Humongous regions: 13->13
[79.464s][info][gc,metaspace] GC(172) Metaspace: 17534K(17664K)->17534K(17664K) NonClass: 15729K(15808K)->15729K(15808K) Class: 1805K(1856K)->1805K(1856K)
[79.464s][info][gc          ] GC(172) Pause Young (Normal) (G1 Evacuation Pause) 921M->683M(978M) 42.166ms
[79.464s][info][gc,cpu      ] GC(172) User=0.08s Sys=0.00s Real=0.04s
[79.894s][info][gc,start    ] GC(173) Pause Young (Normal) (G1 Evacuation Pause)
[79.894s][info][gc,task     ] GC(173) Using 2 workers of 2 for evacuation
[79.932s][info][gc,phases   ] GC(173)   Pre Evacuate Collection Set: 0.30ms
[79.932s][info][gc,phases   ] GC(173)   Merge Heap Roots: 0.16ms
[79.932s][info][gc,phases   ] GC(173)   Evacuate Collection Set: 36.41ms
[79.932s][info][gc,phases   ] GC(173)   Post Evacuate Collection Set: 0.45ms
[79.932s][info][gc,phases   ] GC(173)   Other: 0.11ms
[79.932s][info][gc,heap     ] GC(173) Eden regions: 212->0(236)
[79.932s][info][gc,heap     ] GC(173) Survivor regions: 32->4(31)
[79.932s][info][gc,heap     ] GC(173) Old regions: 639->671
[79.932s][info][gc,heap     ] GC(173) Humongous regions: 13->13
[79.932s][info][gc,metaspace] GC(173) Metaspace: 17534K(17664K)->17534K(17664K) NonClass: 15729K(15808K)->15729K(15808K) Class: 1805K(1856K)->1805K(1856K)
[79.932s][info][gc          ] GC(173) Pause Young (Normal) (G1 Evacuation Pause) 895M->687M(978M) 37.665ms
[79.932s][info][gc,cpu      ] GC(173) User=0.07s Sys=0.00s Real=0.04s
[80.369s][info][gc,marking  ] GC(171) Concurrent Mark From Roots 1498.827ms
[80.369s][info][gc,marking  ] GC(171) Concurrent Preclean
[80.369s][info][gc,marking  ] GC(171) Concurrent Preclean 0.034ms
[80.370s][info][gc,start    ] GC(171) Pause Remark
[80.377s][info][gc          ] GC(171) Pause Remark 881M->802M(978M) 7.701ms
[80.377s][info][gc,cpu      ] GC(171) User=0.01s Sys=0.00s Real=0.00s
[80.377s][info][gc,marking  ] GC(171) Concurrent Mark 1506.919ms
[80.377s][info][gc,marking  ] GC(171) Concurrent Rebuild Remembered Sets and Scrub Regions
[80.534s][info][gc,start    ] GC(174) Pause Young (Normal) (G1 Evacuation Pause)
[80.534s][info][gc,task     ] GC(174) Using 2 workers of 2 for evacuation
[80.552s][info][gc,phases   ] GC(174)   Pre Evacuate Collection Set: 0.32ms
[80.552s][info][gc,phases   ] GC(174)   Merge Heap Roots: 0.16ms
[80.552s][info][gc,phases   ] GC(174)   Evacuate Collection Set: 16.15ms
[80.552s][info][gc,phases   ] GC(174)   Post Evacuate Collection Set: 0.46ms
[80.552s][info][gc,phases   ] GC(174)   Other: 0.10ms
[80.552s][info][gc,heap     ] GC(174) Eden regions: 236->0(295)
[80.552s][info][gc,heap     ] GC(174) Survivor regions: 4->13(30)
[80.552s][info][gc,heap     ] GC(174) Old regions: 598->598
[80.552s][info][gc,heap     ] GC(174) Humongous regions: 7->7
[80.552s][info][gc,metaspace] GC(174) Metaspace: 17534K(17664K)->17534K(17664K) NonClass: 15729K(15808K)->15729K(15808K) Class: 1805K(1856K)->1805K(1856K)
[80.552s][info][gc          ] GC(174) Pause Young (Normal) (G1 Evacuation Pause) 844M->617M(978M) 17.439ms
[80.552s][info][gc,cpu      ] GC(174) User=0.04s Sys=0.00s Real=0.02s
[80.845s][info][gc,marking  ] GC(171) Concurrent Rebuild Remembered Sets and Scrub Regions 467.412ms
[80.845s][info][gc,start    ] GC(171) Pause Cleanup
[80.845s][info][gc          ] GC(171) Pause Cleanup 678M->678M(978M) 0.171ms
[80.845s][info][gc,cpu      ] GC(171) User=0.00s Sys=0.00s Real=0.00s
[80.847s][info][gc,marking  ] GC(171) Concurrent Clear Claimed Marks
[80.847s][info][gc,marking  ] GC(171) Concurrent Clear Claimed Marks 0.040ms
[80.847s][info][gc,marking  ] GC(171) Concurrent Cleanup for Next Mark
[80.854s][info][gc,marking  ] GC(171) Concurrent Cleanup for Next Mark 7.133ms
[80.854s][info][gc          ] GC(171) Concurrent Mark Cycle 1986.399ms
[81.313s][info][gc,start    ] GC(175) Pause Young (Prepare Mixed) (G1 Evacuation Pause)
[81.313s][info][gc,task     ] GC(175) Using 2 workers of 2 for evacuation
[81.329s][info][gc,phases   ] GC(175)   Pre Evacuate Collection Set: 0.31ms
[81.329s][info][gc,phases   ] GC(175)   Merge Heap Roots: 0.17ms
[81.329s][info][gc,phases   ] GC(175)   Evacuate Collection Set: 15.39ms
[81.329s][info][gc,phases   ] GC(175)   Post Evacuate Collection Set: 0.59ms
[81.329s][info][gc,phases   ] GC(175)   Other: 0.11ms
[81.330s][info][gc,heap     ] GC(175) Eden regions: 295->0(297)
[81.330s][info][gc,heap     ] GC(175) Survivor regions: 13->13(39)
[81.330s][info][gc,heap     ] GC(175) Old regions: 598->598
[81.330s][info][gc,heap     ] GC(175) Humongous regions: 7->7
[81.330s][info][gc,metaspace] GC(175) Metaspace: 17535K(17664K)->17535K(17664K) NonClass: 15729K(15808K)->15729K(15808K) Class: 1805K(1856K)->1805K(1856K)
[81.330s][info][gc          ] GC(175) Pause Young (Prepare Mixed) (G1 Evacuation Pause) 912M->617M(978M) 16.863ms
[81.330s][info][gc,cpu      ] GC(175) User=0.03s Sys=0.00s Real=0.02s
[81.858s][info][gc,start    ] GC(176) Pause Young (Mixed) (G1 Evacuation Pause)
[81.858s][info][gc,task     ] GC(176) Using 2 workers of 2 for evacuation
[81.914s][info][gc,phases   ] GC(176)   Pre Evacuate Collection Set: 0.37ms
[81.914s][info][gc,phases   ] GC(176)   Merge Heap Roots: 0.52ms
[81.914s][info][gc,phases   ] GC(176)   Evacuate Collection Set: 53.63ms
[81.914s][info][gc,phases   ] GC(176)   Post Evacuate Collection Set: 1.65ms
[81.914s][info][gc,phases   ] GC(176)   Other: 0.15ms
[81.914s][info][gc,heap     ] GC(176) Eden regions: 297->0(345)
[81.914s][info][gc,heap     ] GC(176) Survivor regions: 13->26(39)
[81.914s][info][gc,heap     ] GC(176) Old regions: 598->524
[81.914s][info][gc,heap     ] GC(176) Humongous regions: 7->7
[81.914s][info][gc,metaspace] GC(176) Metaspace: 17535K(17664K)->17535K(17664K) NonClass: 15729K(15808K)->15729K(15808K) Class: 1805K(1856K)->1805K(1856K)
[81.914s][info][gc          ] GC(176) Pause Young (Mixed) (G1 Evacuation Pause) 914M->556M(978M) 56.576ms
[81.915s][info][gc,cpu      ] GC(176) User=0.11s Sys=0.00s Real=0.06s
[82.430s][info][gc,start    ] GC(177) Pause Young (Concurrent Start) (G1 Evacuation Pause)
[82.431s][info][gc,task     ] GC(177) Using 2 workers of 2 for evacuation
[82.512s][info][gc,phases   ] GC(177)   Pre Evacuate Collection Set: 0.34ms
[82.512s][info][gc,phases   ] GC(177)   Merge Heap Roots: 0.17ms
[82.512s][info][gc,phases   ] GC(177)   Evacuate Collection Set: 78.09ms
[82.512s][info][gc,phases   ] GC(177)   Post Evacuate Collection Set: 2.70ms
[82.512s][info][gc,phases   ] GC(177)   Other: 0.13ms
[82.512s][info][gc,heap     ] GC(177) Eden regions: 345->0(231)
[82.512s][info][gc,heap     ] GC(177) Survivor regions: 26->47(47)
[82.512s][info][gc,heap     ] GC(177) Old regions: 524->596
[82.512s][info][gc,heap     ] GC(177) Humongous regions: 7->7
[82.512s][info][gc,metaspace] GC(177) Metaspace: 17543K(17728K)->17543K(17728K) NonClass: 15738K(15872K)->15738K(15872K) Class: 1805K(1856K)->1805K(1856K)
[82.512s][info][gc          ] GC(177) Pause Young (Concurrent Start) (G1 Evacuation Pause) (Evacuation Failure: Allocation) 901M->650M(978M) 81.658ms
[82.512s][info][gc,cpu      ] GC(177) User=0.16s Sys=0.01s Real=0.08s
[82.512s][info][gc          ] GC(178) Concurrent Mark Cycle
[82.513s][info][gc,marking  ] GC(178) Concurrent Scan Root Regions
[82.638s][info][gc,marking  ] GC(178) Concurrent Scan Root Regions 125.428ms
[82.638s][info][gc,marking  ] GC(178) Concurrent Mark
[82.638s][info][gc,marking  ] GC(178) Concurrent Mark From Roots
[82.638s][info][gc,task     ] GC(178) Using 1 workers of 1 for marking
[83.355s][info][gc,start    ] GC(179) Pause Young (Normal) (G1 Evacuation Pause)
[83.355s][info][gc,task     ] GC(179) Using 2 workers of 2 for evacuation
[83.443s][info][gc,phases   ] GC(179)   Pre Evacuate Collection Set: 0.34ms
[83.443s][info][gc,phases   ] GC(179)   Merge Heap Roots: 0.46ms
[83.443s][info][gc,phases   ] GC(179)   Evacuate Collection Set: 85.66ms
[83.443s][info][gc,phases   ] GC(179)   Post Evacuate Collection Set: 0.67ms
[83.443s][info][gc,phases   ] GC(179)   Other: 0.12ms
[83.443s][info][gc,heap     ] GC(179) Eden regions: 231->0(267)
[83.443s][info][gc,heap     ] GC(179) Survivor regions: 47->15(35)
[83.443s][info][gc,heap     ] GC(179) Old regions: 596->605
[83.443s][info][gc,heap     ] GC(179) Humongous regions: 10->10
[83.443s][info][gc,metaspace] GC(179) Metaspace: 17566K(17728K)->17566K(17728K) NonClass: 15758K(15872K)->15758K(15872K) Class: 1808K(1856K)->1808K(1856K)
[83.443s][info][gc          ] GC(179) Pause Young (Normal) (G1 Evacuation Pause) 884M->629M(978M) 87.547ms
[83.443s][info][gc,cpu      ] GC(179) User=0.17s Sys=0.00s Real=0.09s
[83.876s][info][gc,marking  ] GC(178) Concurrent Mark From Roots 1238.387ms
[83.876s][info][gc,marking  ] GC(178) Concurrent Preclean
[83.877s][info][gc,marking  ] GC(178) Concurrent Preclean 0.024ms
[83.877s][info][gc,start    ] GC(178) Pause Remark
[83.884s][info][gc          ] GC(178) Pause Remark 744M->596M(978M) 6.890ms
[83.884s][info][gc,cpu      ] GC(178) User=0.01s Sys=0.00s Real=0.01s
[83.885s][info][gc,marking  ] GC(178) Concurrent Mark 1247.213ms
[83.885s][info][gc,marking  ] GC(178) Concurrent Rebuild Remembered Sets and Scrub Regions
[84.263s][info][gc,marking  ] GC(178) Concurrent Rebuild Remembered Sets and Scrub Regions 377.853ms
[84.263s][info][gc,start    ] GC(178) Pause Cleanup
[84.263s][info][gc          ] GC(178) Pause Cleanup 747M->747M(978M) 0.114ms
[84.263s][info][gc,cpu      ] GC(178) User=0.00s Sys=0.00s Real=0.00s
[84.263s][info][gc,marking  ] GC(178) Concurrent Clear Claimed Marks
[84.264s][info][gc,marking  ] GC(178) Concurrent Clear Claimed Marks 0.025ms
[84.264s][info][gc,marking  ] GC(178) Concurrent Cleanup for Next Mark
[84.267s][info][gc,marking  ] GC(178) Concurrent Cleanup for Next Mark 3.031ms
[84.267s][info][gc          ] GC(178) Concurrent Mark Cycle 1754.451ms
[84.269s][info][gc,start    ] GC(180) Pause Young (Prepare Mixed) (G1 Evacuation Pause)
[84.269s][info][gc,task     ] GC(180) Using 2 workers of 2 for evacuation
[84.303s][info][gc,phases   ] GC(180)   Pre Evacuate Collection Set: 0.29ms
[84.303s][info][gc,phases   ] GC(180)   Merge Heap Roots: 0.54ms
[84.303s][info][gc,phases   ] GC(180)   Evacuate Collection Set: 32.71ms
[84.303s][info][gc,phases   ] GC(180)   Post Evacuate Collection Set: 0.63ms
[84.303s][info][gc,phases   ] GC(180)   Other: 0.09ms
[84.303s][info][gc,heap     ] GC(180) Eden regions: 267->0(415)
[84.303s][info][gc,heap     ] GC(180) Survivor regions: 15->15(36)
[84.303s][info][gc,heap     ] GC(180) Old regions: 459->459
[84.303s][info][gc,heap     ] GC(180) Humongous regions: 8->8
[84.303s][info][gc,metaspace] GC(180) Metaspace: 17566K(17728K)->17566K(17728K) NonClass: 15758K(15872K)->15758K(15872K) Class: 1808K(1856K)->1808K(1856K)
[84.303s][info][gc          ] GC(180) Pause Young (Prepare Mixed) (G1 Evacuation Pause) 748M->481M(978M) 34.516ms
[84.303s][info][gc,cpu      ] GC(180) User=0.07s Sys=0.00s Real=0.03s
[84.984s][info][gc,start    ] GC(181) Pause Young (Mixed) (G1 Evacuation Pause)
[84.984s][info][gc,task     ] GC(181) Using 2 workers of 2 for evacuation
[85.017s][info][gc,phases   ] GC(181)   Pre Evacuate Collection Set: 0.30ms
[85.017s][info][gc,phases   ] GC(181)   Merge Heap Roots: 0.35ms
[85.017s][info][gc,phases   ] GC(181)   Evacuate Collection Set: 30.93ms
[85.017s][info][gc,phases   ] GC(181)   Post Evacuate Collection Set: 0.76ms
[85.017s][info][gc,phases   ] GC(181)   Other: 0.10ms
[85.017s][info][gc,heap     ] GC(181) Eden regions: 415->0(452)
[85.017s][info][gc,heap     ] GC(181) Survivor regions: 15->15(54)
[85.017s][info][gc,heap     ] GC(181) Old regions: 459->433
[85.017s][info][gc,heap     ] GC(181) Humongous regions: 8->8
[85.017s][info][gc,metaspace] GC(181) Metaspace: 17566K(17728K)->17566K(17728K) NonClass: 15758K(15872K)->15758K(15872K) Class: 1808K(1856K)->1808K(1856K)
[85.017s][info][gc          ] GC(181) Pause Young (Mixed) (G1 Evacuation Pause) 896M->455M(978M) 32.746ms
[85.017s][info][gc,cpu      ] GC(181) User=0.07s Sys=0.00s Real=0.03s
[85.579s][info][gc,start    ] GC(182) Pause Young (Concurrent Start) (G1 Evacuation Pause)
[85.579s][info][gc,task     ] GC(182) Using 2 workers of 2 for evacuation
[85.645s][info][gc,phases   ] GC(182)   Pre Evacuate Collection Set: 0.35ms
[85.645s][info][gc,phases   ] GC(182)   Merge Heap Roots: 0.40ms
[85.645s][info][gc,phases   ] GC(182)   Evacuate Collection Set: 64.19ms
[85.645s][info][gc,phases   ] GC(182)   Post Evacuate Collection Set: 0.82ms
[85.645s][info][gc,phases   ] GC(182)   Other: 0.22ms
[85.645s][info][gc,heap     ] GC(182) Eden regions: 452->0(403)
[85.645s][info][gc,heap     ] GC(182) Survivor regions: 15->42(59)
[85.645s][info][gc,heap     ] GC(182) Old regions: 433->433
[85.645s][info][gc,heap     ] GC(182) Humongous regions: 8->8
[85.645s][info][gc,metaspace] GC(182) Metaspace: 17566K(17728K)->17566K(17728K) NonClass: 15758K(15872K)->15758K(15872K) Class: 1808K(1856K)->1808K(1856K)
[85.645s][info][gc          ] GC(182) Pause Young (Concurrent Start) (G1 Evacuation Pause) 907M->483M(978M) 66.254ms
[85.645s][info][gc,cpu      ] GC(182) User=0.13s Sys=0.00s Real=0.06s
[85.646s][info][gc          ] GC(183) Concurrent Mark Cycle
[85.646s][info][gc,marking  ] GC(183) Concurrent Scan Root Regions
[85.715s][info][gc,marking  ] GC(183) Concurrent Scan Root Regions 68.939ms
[85.715s][info][gc,marking  ] GC(183) Concurrent Mark
[85.715s][info][gc,marking  ] GC(183) Concurrent Mark From Roots
[85.715s][info][gc,task     ] GC(183) Using 1 workers of 1 for marking
[86.543s][info][gc,start    ] GC(184) Pause Young (Normal) (G1 Evacuation Pause)
[86.543s][info][gc,task     ] GC(184) Using 2 workers of 2 for evacuation
[86.617s][info][gc,phases   ] GC(184)   Pre Evacuate Collection Set: 0.27ms
[86.617s][info][gc,phases   ] GC(184)   Merge Heap Roots: 0.35ms
[86.617s][info][gc,phases   ] GC(184)   Evacuate Collection Set: 72.01ms
[86.617s][info][gc,phases   ] GC(184)   Post Evacuate Collection Set: 0.68ms
[86.617s][info][gc,phases   ] GC(184)   Other: 0.11ms
[86.617s][info][gc,heap     ] GC(184) Eden regions: 403->0(394)
[86.617s][info][gc,heap     ] GC(184) Survivor regions: 42->39(56)
[86.617s][info][gc,heap     ] GC(184) Old regions: 433->448
[86.617s][info][gc,heap     ] GC(184) Humongous regions: 8->8
[86.617s][info][gc,metaspace] GC(184) Metaspace: 17590K(17728K)->17590K(17728K) NonClass: 15781K(15872K)->15781K(15872K) Class: 1808K(1856K)->1808K(1856K)
[86.617s][info][gc          ] GC(184) Pause Young (Normal) (G1 Evacuation Pause) 886M->494M(978M) 73.706ms
[86.617s][info][gc,cpu      ] GC(184) User=0.14s Sys=0.00s Real=0.07s
[86.637s][info][gc,marking  ] GC(183) Concurrent Mark From Roots 922.541ms
[86.637s][info][gc,marking  ] GC(183) Concurrent Preclean
[86.637s][info][gc,marking  ] GC(183) Concurrent Preclean 0.034ms
[86.637s][info][gc,start    ] GC(183) Pause Remark
[86.645s][info][gc          ] GC(183) Pause Remark 504M->419M(978M) 7.405ms
[86.645s][info][gc,cpu      ] GC(183) User=0.01s Sys=0.00s Real=0.01s
[86.645s][info][gc,marking  ] GC(183) Concurrent Mark 930.358ms
[86.645s][info][gc,marking  ] GC(183) Concurrent Rebuild Remembered Sets and Scrub Regions
[86.933s][info][gc,marking  ] GC(183) Concurrent Rebuild Remembered Sets and Scrub Regions 287.674ms
[86.933s][info][gc,start    ] GC(183) Pause Cleanup
[86.933s][info][gc          ] GC(183) Pause Cleanup 518M->518M(978M) 0.144ms
[86.933s][info][gc,cpu      ] GC(183) User=0.00s Sys=0.00s Real=0.00s
[86.934s][info][gc,marking  ] GC(183) Concurrent Clear Claimed Marks
[86.934s][info][gc,marking  ] GC(183) Concurrent Clear Claimed Marks 0.027ms
[86.934s][info][gc,marking  ] GC(183) Concurrent Cleanup for Next Mark
[86.936s][info][gc,marking  ] GC(183) Concurrent Cleanup for Next Mark 2.954ms
[86.937s][info][gc          ] GC(183) Concurrent Mark Cycle 1291.008ms
[87.328s][info][gc,start    ] GC(185) Pause Young (Prepare Mixed) (G1 Evacuation Pause)
[87.328s][info][gc,task     ] GC(185) Using 2 workers of 2 for evacuation
[87.434s][info][gc,phases   ] GC(185)   Pre Evacuate Collection Set: 0.32ms
[87.434s][info][gc,phases   ] GC(185)   Merge Heap Roots: 0.56ms
[87.434s][info][gc,phases   ] GC(185)   Evacuate Collection Set: 103.87ms
[87.434s][info][gc,phases   ] GC(185)   Post Evacuate Collection Set: 0.73ms
[87.434s][info][gc,phases   ] GC(185)   Other: 0.10ms
[87.434s][info][gc,heap     ] GC(185) Eden regions: 394->0(414)
[87.434s][info][gc,heap     ] GC(185) Survivor regions: 39->55(55)
[87.434s][info][gc,heap     ] GC(185) Old regions: 366->399
[87.434s][info][gc,heap     ] GC(185) Humongous regions: 5->5
[87.434s][info][gc,metaspace] GC(185) Metaspace: 17590K(17728K)->17590K(17728K) NonClass: 15781K(15872K)->15781K(15872K) Class: 1808K(1856K)->1808K(1856K)
[87.434s][info][gc          ] GC(185) Pause Young (Prepare Mixed) (G1 Evacuation Pause) 803M->458M(978M) 105.850ms
[87.434s][info][gc,cpu      ] GC(185) User=0.21s Sys=0.00s Real=0.10s
[87.865s][info][gc,start    ] GC(186) Pause Young (Mixed) (G1 Evacuation Pause)
[87.866s][info][gc,task     ] GC(186) Using 2 workers of 2 for evacuation
[87.966s][info][gc,phases   ] GC(186)   Pre Evacuate Collection Set: 0.52ms
[87.966s][info][gc,phases   ] GC(186)   Merge Heap Roots: 0.41ms
[87.966s][info][gc,phases   ] GC(186)   Evacuate Collection Set: 98.86ms
[87.966s][info][gc,phases   ] GC(186)   Post Evacuate Collection Set: 0.76ms
[87.966s][info][gc,phases   ] GC(186)   Other: 0.10ms
[87.966s][info][gc,heap     ] GC(186) Eden regions: 414->0(422)
[87.966s][info][gc,heap     ] GC(186) Survivor regions: 55->36(59)
[87.966s][info][gc,heap     ] GC(186) Old regions: 399->403
[87.966s][info][gc,heap     ] GC(186) Humongous regions: 5->5
[87.966s][info][gc,metaspace] GC(186) Metaspace: 17591K(17728K)->17591K(17728K) NonClass: 15782K(15872K)->15782K(15872K) Class: 1808K(1856K)->1808K(1856K)
[87.966s][info][gc          ] GC(186) Pause Young (Mixed) (G1 Evacuation Pause) 872M->443M(978M) 100.914ms
[87.966s][info][gc,cpu      ] GC(186) User=0.20s Sys=0.00s Real=0.10s
[88.410s][info][gc,start    ] GC(187) Pause Young (Concurrent Start) (G1 Evacuation Pause)
[88.410s][info][gc,task     ] GC(187) Using 2 workers of 2 for evacuation
[88.487s][info][gc,phases   ] GC(187)   Pre Evacuate Collection Set: 0.30ms
[88.487s][info][gc,phases   ] GC(187)   Merge Heap Roots: 0.43ms
[88.487s][info][gc,phases   ] GC(187)   Evacuate Collection Set: 76.05ms
[88.487s][info][gc,phases   ] GC(187)   Post Evacuate Collection Set: 0.69ms
[88.487s][info][gc,phases   ] GC(187)   Other: 0.11ms
[88.487s][info][gc,heap     ] GC(187) Eden regions: 422->0(399)
[88.487s][info][gc,heap     ] GC(187) Survivor regions: 36->29(58)
[88.487s][info][gc,heap     ] GC(187) Old regions: 403->438
[88.487s][info][gc,heap     ] GC(187) Humongous regions: 5->5
[88.487s][info][gc,metaspace] GC(187) Metaspace: 17595K(17792K)->17595K(17792K) NonClass: 15785K(15936K)->15785K(15936K) Class: 1810K(1856K)->1810K(1856K)
[88.487s][info][gc          ] GC(187) Pause Young (Concurrent Start) (G1 Evacuation Pause) 865M->472M(978M) 77.812ms
[88.487s][info][gc,cpu      ] GC(187) User=0.16s Sys=0.00s Real=0.07s
[88.487s][info][gc          ] GC(188) Concurrent Mark Cycle
[88.489s][info][gc,marking  ] GC(188) Concurrent Scan Root Regions
[88.646s][info][gc,marking  ] GC(188) Concurrent Scan Root Regions 156.487ms
[88.646s][info][gc,marking  ] GC(188) Concurrent Mark
[88.646s][info][gc,marking  ] GC(188) Concurrent Mark From Roots
[88.646s][info][gc,task     ] GC(188) Using 1 workers of 1 for marking
[89.672s][info][gc,start    ] GC(189) Pause Young (Normal) (G1 Evacuation Pause)
[89.672s][info][gc,task     ] GC(189) Using 2 workers of 2 for evacuation
[89.798s][info][gc,phases   ] GC(189)   Pre Evacuate Collection Set: 0.47ms
[89.798s][info][gc,phases   ] GC(189)   Merge Heap Roots: 0.31ms
[89.798s][info][gc,phases   ] GC(189)   Evacuate Collection Set: 123.77ms
[89.798s][info][gc,phases   ] GC(189)   Post Evacuate Collection Set: 0.75ms
[89.798s][info][gc,phases   ] GC(189)   Other: 0.12ms
[89.798s][info][gc,heap     ] GC(189) Eden regions: 399->0(314)
[89.798s][info][gc,heap     ] GC(189) Survivor regions: 29->54(54)
[89.798s][info][gc,heap     ] GC(189) Old regions: 438->487
[89.798s][info][gc,heap     ] GC(189) Humongous regions: 5->5
[89.798s][info][gc,metaspace] GC(189) Metaspace: 17623K(17792K)->17623K(17792K) NonClass: 15811K(15936K)->15811K(15936K) Class: 1811K(1856K)->1811K(1856K)
[89.798s][info][gc          ] GC(189) Pause Young (Normal) (G1 Evacuation Pause) 871M->546M(978M) 125.675ms
[89.798s][info][gc,cpu      ] GC(189) User=0.25s Sys=0.00s Real=0.12s
[90.362s][info][gc,marking  ] GC(188) Concurrent Mark From Roots 1716.354ms
[90.362s][info][gc,marking  ] GC(188) Concurrent Preclean
[90.362s][info][gc,marking  ] GC(188) Concurrent Preclean 0.027ms
[90.363s][info][gc,start    ] GC(188) Pause Remark
[90.371s][info][gc          ] GC(188) Pause Remark 792M->792M(978M) 8.632ms
[90.371s][info][gc,cpu      ] GC(188) User=0.02s Sys=0.00s Real=0.01s
[90.371s][info][gc,marking  ] GC(188) Concurrent Mark 1725.485ms
[90.371s][info][gc,marking  ] GC(188) Concurrent Rebuild Remembered Sets and Scrub Regions
[90.584s][info][gc,start    ] GC(190) Pause Young (Normal) (G1 Evacuation Pause)
[90.584s][info][gc,task     ] GC(190) Using 2 workers of 2 for evacuation
[90.664s][info][gc,phases   ] GC(190)   Pre Evacuate Collection Set: 0.50ms
[90.664s][info][gc,phases   ] GC(190)   Merge Heap Roots: 0.56ms
[90.664s][info][gc,phases   ] GC(190)   Evacuate Collection Set: 78.07ms
[90.664s][info][gc,phases   ] GC(190)   Post Evacuate Collection Set: 0.62ms
[90.664s][info][gc,phases   ] GC(190)   Other: 0.09ms
[90.664s][info][gc,heap     ] GC(190) Eden regions: 314->0(320)
[90.664s][info][gc,heap     ] GC(190) Survivor regions: 54->10(46)
[90.664s][info][gc,heap     ] GC(190) Old regions: 487->542
[90.664s][info][gc,heap     ] GC(190) Humongous regions: 5->5
[90.664s][info][gc,metaspace] GC(190) Metaspace: 17623K(17792K)->17623K(17792K) NonClass: 15811K(15936K)->15811K(15936K) Class: 1811K(1856K)->1811K(1856K)
[90.664s][info][gc          ] GC(190) Pause Young (Normal) (G1 Evacuation Pause) 860M->556M(978M) 80.096ms
[90.664s][info][gc,cpu      ] GC(190) User=0.16s Sys=0.00s Real=0.08s
[91.059s][info][gc,marking  ] GC(188) Concurrent Rebuild Remembered Sets and Scrub Regions 687.635ms
[91.059s][info][gc,start    ] GC(188) Pause Cleanup
[91.059s][info][gc          ] GC(188) Pause Cleanup 687M->687M(978M) 0.135ms
[91.059s][info][gc,cpu      ] GC(188) User=0.00s Sys=0.00s Real=0.00s
[91.060s][info][gc,marking  ] GC(188) Concurrent Clear Claimed Marks
[91.060s][info][gc,marking  ] GC(188) Concurrent Clear Claimed Marks 0.034ms
[91.060s][info][gc,marking  ] GC(188) Concurrent Cleanup for Next Mark
[91.065s][info][gc,marking  ] GC(188) Concurrent Cleanup for Next Mark 5.102ms
[91.065s][info][gc          ] GC(188) Concurrent Mark Cycle 2577.473ms
[91.445s][info][gc,start    ] GC(191) Pause Young (Prepare Mixed) (G1 Evacuation Pause)
[91.445s][info][gc,task     ] GC(191) Using 2 workers of 2 for evacuation
[91.473s][info][gc,phases   ] GC(191)   Pre Evacuate Collection Set: 0.49ms
[91.473s][info][gc,phases   ] GC(191)   Merge Heap Roots: 0.35ms
[91.473s][info][gc,phases   ] GC(191)   Evacuate Collection Set: 26.11ms
[91.473s][info][gc,phases   ] GC(191)   Post Evacuate Collection Set: 0.82ms
[91.473s][info][gc,phases   ] GC(191)   Other: 0.11ms
[91.473s][info][gc,heap     ] GC(191) Eden regions: 320->0(335)
[91.473s][info][gc,heap     ] GC(191) Survivor regions: 10->13(42)
[91.473s][info][gc,heap     ] GC(191) Old regions: 542->542
[91.473s][info][gc,heap     ] GC(191) Humongous regions: 5->5
[91.473s][info][gc,metaspace] GC(191) Metaspace: 17626K(17792K)->17626K(17792K) NonClass: 15814K(15936K)->15814K(15936K) Class: 1811K(1856K)->1811K(1856K)
[91.473s][info][gc          ] GC(191) Pause Young (Prepare Mixed) (G1 Evacuation Pause) 876M->559M(978M) 28.149ms
[91.473s][info][gc,cpu      ] GC(191) User=0.05s Sys=0.00s Real=0.03s
[92.351s][info][gc,start    ] GC(192) Pause Young (Mixed) (G1 Evacuation Pause)
[92.351s][info][gc,task     ] GC(192) Using 2 workers of 2 for evacuation
[92.411s][info][gc,phases   ] GC(192)   Pre Evacuate Collection Set: 0.26ms
[92.411s][info][gc,phases   ] GC(192)   Merge Heap Roots: 0.54ms
[92.411s][info][gc,phases   ] GC(192)   Evacuate Collection Set: 58.63ms
[92.411s][info][gc,phases   ] GC(192)   Post Evacuate Collection Set: 0.74ms
[92.411s][info][gc,phases   ] GC(192)   Other: 0.09ms
[92.411s][info][gc,heap     ] GC(192) Eden regions: 335->0(327)
[92.411s][info][gc,heap     ] GC(192) Survivor regions: 13->31(44)
[92.411s][info][gc,heap     ] GC(192) Old regions: 542->531
[92.411s][info][gc,heap     ] GC(192) Humongous regions: 8->8
[92.411s][info][gc,metaspace] GC(192) Metaspace: 17653K(17792K)->17653K(17792K) NonClass: 15839K(15936K)->15839K(15936K) Class: 1814K(1856K)->1814K(1856K)
[92.411s][info][gc          ] GC(192) Pause Young (Mixed) (G1 Evacuation Pause) 897M->569M(978M) 60.595ms
[92.411s][info][gc,cpu      ] GC(192) User=0.11s Sys=0.00s Real=0.06s
[92.903s][info][gc,start    ] GC(193) Pause Young (Concurrent Start) (G1 Evacuation Pause)
[92.903s][info][gc,task     ] GC(193) Using 2 workers of 2 for evacuation
[92.995s][info][gc,phases   ] GC(193)   Pre Evacuate Collection Set: 0.41ms
[92.995s][info][gc,phases   ] GC(193)   Merge Heap Roots: 0.62ms
[92.995s][info][gc,phases   ] GC(193)   Evacuate Collection Set: 90.66ms
[92.995s][info][gc,phases   ] GC(193)   Post Evacuate Collection Set: 0.71ms
[92.995s][info][gc,phases   ] GC(193)   Other: 0.19ms
[92.995s][info][gc,heap     ] GC(193) Eden regions: 327->0(277)
[92.995s][info][gc,heap     ] GC(193) Survivor regions: 31->45(45)
[92.995s][info][gc,heap     ] GC(193) Old regions: 531->553
[92.995s][info][gc,heap     ] GC(193) Humongous regions: 8->8
[92.995s][info][gc,metaspace] GC(193) Metaspace: 17660K(17792K)->17660K(17792K) NonClass: 15845K(15936K)->15845K(15936K) Class: 1814K(1856K)->1814K(1856K)
[92.996s][info][gc          ] GC(193) Pause Young (Concurrent Start) (G1 Evacuation Pause) 896M->605M(978M) 92.845ms
[92.996s][info][gc,cpu      ] GC(193) User=0.18s Sys=0.00s Real=0.09s
[92.996s][info][gc          ] GC(194) Concurrent Mark Cycle
[92.999s][info][gc,marking  ] GC(194) Concurrent Scan Root Regions
[93.168s][info][gc,marking  ] GC(194) Concurrent Scan Root Regions 168.355ms
[93.168s][info][gc,marking  ] GC(194) Concurrent Mark
[93.168s][info][gc,marking  ] GC(194) Concurrent Mark From Roots
[93.168s][info][gc,task     ] GC(194) Using 1 workers of 1 for marking
[93.552s][info][gc,start    ] GC(195) Pause Young (Normal) (G1 Evacuation Pause)
[93.552s][info][gc,task     ] GC(195) Using 2 workers of 2 for evacuation
[93.631s][info][gc,phases   ] GC(195)   Pre Evacuate Collection Set: 0.28ms
[93.631s][info][gc,phases   ] GC(195)   Merge Heap Roots: 0.44ms
[93.631s][info][gc,phases   ] GC(195)   Evacuate Collection Set: 76.93ms
[93.631s][info][gc,phases   ] GC(195)   Post Evacuate Collection Set: 0.54ms
[93.631s][info][gc,phases   ] GC(195)   Other: 0.09ms
[93.631s][info][gc,heap     ] GC(195) Eden regions: 277->0(297)
[93.631s][info][gc,heap     ] GC(195) Survivor regions: 45->6(41)
[93.631s][info][gc,heap     ] GC(195) Old regions: 553->598
[93.631s][info][gc,heap     ] GC(195) Humongous regions: 8->8
[93.631s][info][gc,metaspace] GC(195) Metaspace: 17668K(17792K)->17668K(17792K) NonClass: 15853K(15936K)->15853K(15936K) Class: 1814K(1856K)->1814K(1856K)
[93.631s][info][gc          ] GC(195) Pause Young (Normal) (G1 Evacuation Pause) 882M->612M(978M) 78.541ms
[93.631s][info][gc,cpu      ] GC(195) User=0.15s Sys=0.00s Real=0.08s
[94.244s][info][gc,start    ] GC(196) Pause Young (Normal) (G1 Evacuation Pause)
[94.244s][info][gc,task     ] GC(196) Using 2 workers of 2 for evacuation
[94.261s][info][gc,phases   ] GC(196)   Pre Evacuate Collection Set: 0.50ms
[94.261s][info][gc,phases   ] GC(196)   Merge Heap Roots: 0.19ms
[94.261s][info][gc,phases   ] GC(196)   Evacuate Collection Set: 15.96ms
[94.261s][info][gc,phases   ] GC(196)   Post Evacuate Collection Set: 0.51ms
[94.261s][info][gc,phases   ] GC(196)   Other: 0.10ms
[94.261s][info][gc,heap     ] GC(196) Eden regions: 297->0(298)
[94.261s][info][gc,heap     ] GC(196) Survivor regions: 6->12(38)
[94.261s][info][gc,heap     ] GC(196) Old regions: 598->598
[94.261s][info][gc,heap     ] GC(196) Humongous regions: 8->8
[94.261s][info][gc,metaspace] GC(196) Metaspace: 17677K(17856K)->17677K(17856K) NonClass: 15858K(16000K)->15858K(16000K) Class: 1818K(1856K)->1818K(1856K)
[94.261s][info][gc          ] GC(196) Pause Young (Normal) (G1 Evacuation Pause) 909M->618M(978M) 17.505ms
[94.261s][info][gc,cpu      ] GC(196) User=0.03s Sys=0.00s Real=0.02s
[94.979s][info][gc,marking  ] GC(194) Concurrent Mark From Roots 1810.846ms
[94.979s][info][gc,marking  ] GC(194) Concurrent Preclean
[94.979s][info][gc,marking  ] GC(194) Concurrent Preclean 0.039ms
[94.979s][info][gc,start    ] GC(194) Pause Remark
[94.986s][info][gc          ] GC(194) Pause Remark 881M->880M(978M) 6.980ms
[94.986s][info][gc,cpu      ] GC(194) User=0.01s Sys=0.00s Real=0.00s
[94.988s][info][gc,marking  ] GC(194) Concurrent Mark 1819.760ms
[94.988s][info][gc,marking  ] GC(194) Concurrent Rebuild Remembered Sets and Scrub Regions
[95.134s][info][gc,start    ] GC(197) Pause Young (Normal) (G1 Evacuation Pause)
[95.134s][info][gc,task     ] GC(197) Using 2 workers of 2 for evacuation
[95.182s][info][gc,phases   ] GC(197)   Pre Evacuate Collection Set: 0.32ms
[95.182s][info][gc,phases   ] GC(197)   Merge Heap Roots: 0.27ms
[95.182s][info][gc,phases   ] GC(197)   Evacuate Collection Set: 46.58ms
[95.182s][info][gc,phases   ] GC(197)   Post Evacuate Collection Set: 0.67ms
[95.183s][info][gc,phases   ] GC(197)   Other: 0.11ms
[95.183s][info][gc,heap     ] GC(197) Eden regions: 298->0(251)
[95.183s][info][gc,heap     ] GC(197) Survivor regions: 12->36(39)
[95.183s][info][gc,heap     ] GC(197) Old regions: 598->598
[95.183s][info][gc,heap     ] GC(197) Humongous regions: 7->7
[95.183s][info][gc,metaspace] GC(197) Metaspace: 17686K(17856K)->17686K(17856K) NonClass: 15868K(16000K)->15868K(16000K) Class: 1818K(1856K)->1818K(1856K)
[95.183s][info][gc          ] GC(197) Pause Young (Normal) (G1 Evacuation Pause) 915M->641M(978M) 48.184ms
[95.183s][info][gc,cpu      ] GC(197) User=0.09s Sys=0.00s Real=0.05s
[95.823s][info][gc,marking  ] GC(194) Concurrent Rebuild Remembered Sets and Scrub Regions 834.844ms
[95.823s][info][gc,start    ] GC(194) Pause Cleanup
[95.823s][info][gc          ] GC(194) Pause Cleanup 882M->882M(978M) 0.137ms
[95.823s][info][gc,cpu      ] GC(194) User=0.00s Sys=0.00s Real=0.00s
[95.823s][info][gc,marking  ] GC(194) Concurrent Clear Claimed Marks
[95.823s][info][gc,marking  ] GC(194) Concurrent Clear Claimed Marks 0.041ms
[95.823s][info][gc,marking  ] GC(194) Concurrent Cleanup for Next Mark
[95.828s][info][gc,marking  ] GC(194) Concurrent Cleanup for Next Mark 4.957ms
[95.828s][info][gc          ] GC(194) Concurrent Mark Cycle 2832.402ms
[95.842s][info][gc,start    ] GC(198) Pause Young (Prepare Mixed) (G1 Evacuation Pause)
[95.842s][info][gc,task     ] GC(198) Using 2 workers of 2 for evacuation
[95.886s][info][gc,phases   ] GC(198)   Pre Evacuate Collection Set: 0.34ms
[95.886s][info][gc,phases   ] GC(198)   Merge Heap Roots: 0.34ms
[95.886s][info][gc,phases   ] GC(198)   Evacuate Collection Set: 41.95ms
[95.886s][info][gc,phases   ] GC(198)   Post Evacuate Collection Set: 0.51ms
[95.886s][info][gc,phases   ] GC(198)   Other: 0.09ms
[95.886s][info][gc,heap     ] GC(198) Eden regions: 251->0(282)
[95.886s][info][gc,heap     ] GC(198) Survivor regions: 36->1(36)
[95.886s][info][gc,heap     ] GC(198) Old regions: 598->634
[95.886s][info][gc,heap     ] GC(198) Humongous regions: 7->7
[95.886s][info][gc,metaspace] GC(198) Metaspace: 17707K(17856K)->17707K(17856K) NonClass: 15888K(16000K)->15888K(16000K) Class: 1818K(1856K)->1818K(1856K)
[95.886s][info][gc          ] GC(198) Pause Young (Prepare Mixed) (G1 Evacuation Pause) 892M->642M(978M) 43.485ms
[95.886s][info][gc,cpu      ] GC(198) User=0.08s Sys=0.00s Real=0.04s
[98.092s][info][gc,start    ] GC(199) Pause Young (Mixed) (G1 Evacuation Pause)
[98.092s][info][gc,task     ] GC(199) Using 2 workers of 2 for evacuation
[98.115s][info][gc,phases   ] GC(199)   Pre Evacuate Collection Set: 0.54ms
[98.115s][info][gc,phases   ] GC(199)   Merge Heap Roots: 0.43ms
[98.115s][info][gc,phases   ] GC(199)   Evacuate Collection Set: 20.41ms
[98.115s][info][gc,phases   ] GC(199)   Post Evacuate Collection Set: 1.46ms
[98.115s][info][gc,phases   ] GC(199)   Other: 0.10ms
[98.115s][info][gc,heap     ] GC(199) Eden regions: 282->0(291)
[98.115s][info][gc,heap     ] GC(199) Survivor regions: 1->2(36)
[98.115s][info][gc,heap     ] GC(199) Old regions: 634->626
[98.115s][info][gc,heap     ] GC(199) Humongous regions: 7->7
[98.115s][info][gc,metaspace] GC(199) Metaspace: 17712K(17856K)->17712K(17856K) NonClass: 15893K(16000K)->15893K(16000K) Class: 1818K(1856K)->1818K(1856K)
[98.115s][info][gc          ] GC(199) Pause Young (Mixed) (G1 Evacuation Pause) 924M->634M(978M) 23.207ms
[98.115s][info][gc,cpu      ] GC(199) User=0.05s Sys=0.01s Real=0.02s
[99.570s][info][gc,start    ] GC(200) Pause Young (Concurrent Start) (G1 Evacuation Pause)
[99.570s][info][gc,task     ] GC(200) Using 2 workers of 2 for evacuation
[99.576s][info][gc,phases   ] GC(200)   Pre Evacuate Collection Set: 0.29ms
[99.576s][info][gc,phases   ] GC(200)   Merge Heap Roots: 0.13ms
[99.576s][info][gc,phases   ] GC(200)   Evacuate Collection Set: 4.41ms
[99.576s][info][gc,phases   ] GC(200)   Post Evacuate Collection Set: 0.50ms
[99.576s][info][gc,phases   ] GC(200)   Other: 0.10ms
[99.576s][info][gc,heap     ] GC(200) Eden regions: 291->0(289)
[99.576s][info][gc,heap     ] GC(200) Survivor regions: 2->3(37)
[99.576s][info][gc,heap     ] GC(200) Old regions: 626->626
[99.576s][info][gc,heap     ] GC(200) Humongous regions: 7->7
[99.576s][info][gc,metaspace] GC(200) Metaspace: 17948K(18112K)->17948K(18112K) NonClass: 16120K(16256K)->16120K(16256K) Class: 1828K(1856K)->1828K(1856K)
[99.576s][info][gc          ] GC(200) Pause Young (Concurrent Start) (G1 Evacuation Pause) 925M->635M(978M) 5.628ms
[99.576s][info][gc,cpu      ] GC(200) User=0.01s Sys=0.01s Real=0.00s
[99.576s][info][gc          ] GC(201) Concurrent Mark Cycle
[99.576s][info][gc,marking  ] GC(201) Concurrent Scan Root Regions
[99.582s][info][gc,marking  ] GC(201) Concurrent Scan Root Regions 6.123ms
[99.582s][info][gc,marking  ] GC(201) Concurrent Mark
[99.582s][info][gc,marking  ] GC(201) Concurrent Mark From Roots
[99.582s][info][gc,task     ] GC(201) Using 1 workers of 1 for marking
[100.617s][info][gc,start    ] GC(202) Pause Young (Normal) (G1 Evacuation Pause)
[100.617s][info][gc,task     ] GC(202) Using 2 workers of 2 for evacuation
[100.654s][info][gc,phases   ] GC(202)   Pre Evacuate Collection Set: 0.47ms
[100.654s][info][gc,phases   ] GC(202)   Merge Heap Roots: 0.13ms
[100.654s][info][gc,phases   ] GC(202)   Evacuate Collection Set: 35.01ms
[100.654s][info][gc,phases   ] GC(202)   Post Evacuate Collection Set: 0.59ms
[100.654s][info][gc,phases   ] GC(202)   Other: 0.10ms
[100.654s][info][gc,heap     ] GC(202) Eden regions: 289->0(223)
[100.654s][info][gc,heap     ] GC(202) Survivor regions: 3->36(37)
[100.654s][info][gc,heap     ] GC(202) Old regions: 626->626
[100.654s][info][gc,heap     ] GC(202) Humongous regions: 7->7
[100.654s][info][gc,metaspace] GC(202) Metaspace: 18046K(18176K)->18046K(18176K) NonClass: 16218K(16320K)->16218K(16320K) Class: 1828K(1856K)->1828K(1856K)
[100.654s][info][gc          ] GC(202) Pause Young (Normal) (G1 Evacuation Pause) 924M->668M(978M) 36.539ms
[100.654s][info][gc,cpu      ] GC(202) User=0.07s Sys=0.00s Real=0.04s
[101.038s][info][gc,start    ] GC(203) Pause Young (Normal) (G1 Evacuation Pause)
[101.039s][info][gc,task     ] GC(203) Using 2 workers of 2 for evacuation
[101.158s][info][gc,phases   ] GC(203)   Pre Evacuate Collection Set: 0.50ms
[101.158s][info][gc,phases   ] GC(203)   Merge Heap Roots: 0.14ms
[101.158s][info][gc,phases   ] GC(203)   Evacuate Collection Set: 107.32ms
[101.158s][info][gc,phases   ] GC(203)   Post Evacuate Collection Set: 11.09ms
[101.158s][info][gc,phases   ] GC(203)   Other: 0.08ms
[101.158s][info][gc,heap     ] GC(203) Eden regions: 223->0(43)
[101.158s][info][gc,heap     ] GC(203) Survivor regions: 36->33(33)
[101.158s][info][gc,heap     ] GC(203) Old regions: 626->812
[101.158s][info][gc,heap     ] GC(203) Humongous regions: 7->7
[101.158s][info][gc,metaspace] GC(203) Metaspace: 18120K(18240K)->18120K(18240K) NonClass: 16291K(16384K)->16291K(16384K) Class: 1828K(1856K)->1828K(1856K)
[101.158s][info][gc          ] GC(203) Pause Young (Normal) (G1 Evacuation Pause) (Evacuation Failure: Allocation) 891M->852M(978M) 119.421ms
[101.158s][info][gc,cpu      ] GC(203) User=0.23s Sys=0.00s Real=0.11s
[101.253s][info][gc,marking  ] GC(201) Concurrent Mark From Roots 1671.353ms
[101.253s][info][gc,marking  ] GC(201) Concurrent Preclean
[101.253s][info][gc,marking  ] GC(201) Concurrent Preclean 0.026ms
[101.254s][info][gc,start    ] GC(201) Pause Remark
[101.262s][info][gc          ] GC(201) Pause Remark 884M->830M(978M) 8.250ms
[101.262s][info][gc,cpu      ] GC(201) User=0.01s Sys=0.00s Real=0.01s
[101.262s][info][gc,marking  ] GC(201) Concurrent Mark 1679.953ms
[101.262s][info][gc,marking  ] GC(201) Concurrent Rebuild Remembered Sets and Scrub Regions
[101.283s][info][gc,start    ] GC(204) Pause Young (Normal) (G1 Evacuation Pause)
[101.283s][info][gc,task     ] GC(204) Using 2 workers of 2 for evacuation
[101.354s][info][gc,phases   ] GC(204)   Pre Evacuate Collection Set: 0.53ms
[101.354s][info][gc,phases   ] GC(204)   Merge Heap Roots: 0.27ms
[101.354s][info][gc,phases   ] GC(204)   Evacuate Collection Set: 70.07ms
[101.354s][info][gc,phases   ] GC(204)   Post Evacuate Collection Set: 0.50ms
[101.354s][info][gc,phases   ] GC(204)   Other: 0.08ms
[101.354s][info][gc,heap     ] GC(204) Eden regions: 43->0(189)
[101.354s][info][gc,heap     ] GC(204) Survivor regions: 33->10(10)
[101.354s][info][gc,heap     ] GC(204) Old regions: 760->693
[101.354s][info][gc,heap     ] GC(204) Humongous regions: 5->5
[101.354s][info][gc,metaspace] GC(204) Metaspace: 18120K(18240K)->18120K(18240K) NonClass: 16291K(16384K)->16291K(16384K) Class: 1828K(1856K)->1828K(1856K)
[101.354s][info][gc          ] GC(204) Pause Young (Normal) (G1 Evacuation Pause) 841M->707M(978M) 71.709ms
[101.354s][info][gc,cpu      ] GC(204) User=0.14s Sys=0.01s Real=0.07s
[101.865s][info][gc,marking  ] GC(201) Concurrent Rebuild Remembered Sets and Scrub Regions 603.094ms
[101.866s][info][gc,start    ] GC(201) Pause Cleanup
[101.866s][info][gc          ] GC(201) Pause Cleanup 862M->862M(978M) 0.210ms
[101.867s][info][gc,cpu      ] GC(201) User=0.00s Sys=0.00s Real=0.00s
[101.867s][info][gc,marking  ] GC(201) Concurrent Clear Claimed Marks
[101.867s][info][gc,marking  ] GC(201) Concurrent Clear Claimed Marks 0.055ms
[101.867s][info][gc,marking  ] GC(201) Concurrent Cleanup for Next Mark
[101.872s][info][gc,marking  ] GC(201) Concurrent Cleanup for Next Mark 5.000ms
[101.872s][info][gc          ] GC(201) Concurrent Mark Cycle 2296.004ms
[101.934s][info][gc,start    ] GC(205) Pause Young (Prepare Mixed) (G1 Evacuation Pause)
[101.934s][info][gc,task     ] GC(205) Using 2 workers of 2 for evacuation
[102.033s][info][gc,phases   ] GC(205)   Pre Evacuate Collection Set: 0.52ms
[102.033s][info][gc,phases   ] GC(205)   Merge Heap Roots: 0.57ms
[102.033s][info][gc,phases   ] GC(205)   Evacuate Collection Set: 96.45ms
[102.033s][info][gc,phases   ] GC(205)   Post Evacuate Collection Set: 0.77ms
[102.033s][info][gc,phases   ] GC(205)   Other: 0.10ms
[102.033s][info][gc,heap     ] GC(205) Eden regions: 189->0(135)
[102.033s][info][gc,heap     ] GC(205) Survivor regions: 10->25(25)
[102.033s][info][gc,heap     ] GC(205) Old regions: 693->735
[102.033s][info][gc,heap     ] GC(205) Humongous regions: 6->6
[102.033s][info][gc,metaspace] GC(205) Metaspace: 18122K(18240K)->18122K(18240K) NonClass: 16294K(16384K)->16294K(16384K) Class: 1828K(1856K)->1828K(1856K)
[102.033s][info][gc          ] GC(205) Pause Young (Prepare Mixed) (G1 Evacuation Pause) 897M->765M(978M) 98.694ms
[102.033s][info][gc,cpu      ] GC(205) User=0.20s Sys=0.00s Real=0.10s
[102.271s][info][gc,start    ] GC(206) Pause Young (Mixed) (G1 Evacuation Pause)
[102.271s][info][gc,task     ] GC(206) Using 2 workers of 2 for evacuation
[102.341s][info][gc,phases   ] GC(206)   Pre Evacuate Collection Set: 0.54ms
[102.341s][info][gc,phases   ] GC(206)   Merge Heap Roots: 0.84ms
[102.341s][info][gc,phases   ] GC(206)   Evacuate Collection Set: 67.07ms
[102.341s][info][gc,phases   ] GC(206)   Post Evacuate Collection Set: 0.69ms
[102.341s][info][gc,phases   ] GC(206)   Other: 0.11ms
[102.341s][info][gc,heap     ] GC(206) Eden regions: 135->0(168)
[102.341s][info][gc,heap     ] GC(206) Survivor regions: 25->11(20)
[102.341s][info][gc,heap     ] GC(206) Old regions: 735->702
[102.341s][info][gc,heap     ] GC(206) Humongous regions: 6->6
[102.341s][info][gc,metaspace] GC(206) Metaspace: 18151K(18304K)->18151K(18304K) NonClass: 16323K(16448K)->16323K(16448K) Class: 1828K(1856K)->1828K(1856K)
[102.341s][info][gc          ] GC(206) Pause Young (Mixed) (G1 Evacuation Pause) 900M->718M(978M) 69.507ms
[102.341s][info][gc,cpu      ] GC(206) User=0.13s Sys=0.00s Real=0.07s
[102.346s][info][gc,start    ] GC(207) Pause Young (Concurrent Start) (G1 Humongous Allocation)
[102.346s][info][gc,task     ] GC(207) Using 2 workers of 2 for evacuation
[102.371s][info][gc,phases   ] GC(207)   Pre Evacuate Collection Set: 0.41ms
[102.371s][info][gc,phases   ] GC(207)   Merge Heap Roots: 0.31ms
[102.371s][info][gc,phases   ] GC(207)   Evacuate Collection Set: 24.05ms
[102.371s][info][gc,phases   ] GC(207)   Post Evacuate Collection Set: 0.48ms
[102.371s][info][gc,phases   ] GC(207)   Other: 0.20ms
[102.371s][info][gc,heap     ] GC(207) Eden regions: 1->0(180)
[102.371s][info][gc,heap     ] GC(207) Survivor regions: 11->11(23)
[102.371s][info][gc,heap     ] GC(207) Old regions: 702->702
[102.371s][info][gc,heap     ] GC(207) Humongous regions: 6->6
[102.371s][info][gc,metaspace] GC(207) Metaspace: 18151K(18304K)->18151K(18304K) NonClass: 16323K(16448K)->16323K(16448K) Class: 1828K(1856K)->1828K(1856K)
[102.371s][info][gc          ] GC(207) Pause Young (Concurrent Start) (G1 Humongous Allocation) 719M->718M(978M) 25.646ms
[102.371s][info][gc          ] GC(208) Concurrent Mark Cycle
[102.371s][info][gc,marking  ] GC(208) Concurrent Scan Root Regions
[102.372s][info][gc,cpu      ] GC(207) User=0.05s Sys=0.00s Real=0.03s
[102.421s][info][gc,marking  ] GC(208) Concurrent Scan Root Regions 49.101ms
[102.421s][info][gc,marking  ] GC(208) Concurrent Mark
[102.421s][info][gc,marking  ] GC(208) Concurrent Mark From Roots
[102.421s][info][gc,task     ] GC(208) Using 1 workers of 1 for marking
[102.836s][info][gc,start    ] GC(209) Pause Young (Normal) (G1 Evacuation Pause)
[102.836s][info][gc,task     ] GC(209) Using 2 workers of 2 for evacuation
[102.911s][info][gc,phases   ] GC(209)   Pre Evacuate Collection Set: 0.28ms
[102.912s][info][gc,phases   ] GC(209)   Merge Heap Roots: 0.54ms
[102.912s][info][gc,phases   ] GC(209)   Evacuate Collection Set: 73.51ms
[102.912s][info][gc,phases   ] GC(209)   Post Evacuate Collection Set: 0.62ms
[102.912s][info][gc,phases   ] GC(209)   Other: 0.10ms
[102.912s][info][gc,heap     ] GC(209) Eden regions: 180->0(154)
[102.912s][info][gc,heap     ] GC(209) Survivor regions: 11->24(24)
[102.912s][info][gc,heap     ] GC(209) Old regions: 702->717
[102.912s][info][gc,heap     ] GC(209) Humongous regions: 9->9
[102.912s][info][gc,metaspace] GC(209) Metaspace: 18151K(18304K)->18151K(18304K) NonClass: 16323K(16448K)->16323K(16448K) Class: 1828K(1856K)->1828K(1856K)
[102.912s][info][gc          ] GC(209) Pause Young (Normal) (G1 Evacuation Pause) 901M->749M(978M) 75.335ms
[102.912s][info][gc,cpu      ] GC(209) User=0.15s Sys=0.00s Real=0.08s
[103.116s][info][gc,marking  ] GC(208) Concurrent Mark From Roots 695.328ms
[103.116s][info][gc,marking  ] GC(208) Concurrent Preclean
[103.116s][info][gc,marking  ] GC(208) Concurrent Preclean 0.028ms
[103.116s][info][gc,start    ] GC(208) Pause Remark
[103.125s][info][gc          ] GC(208) Pause Remark 825M->479M(978M) 8.873ms
[103.125s][info][gc,cpu      ] GC(208) User=0.01s Sys=0.00s Real=0.01s
[103.125s][info][gc,marking  ] GC(208) Concurrent Mark 704.649ms
[103.125s][info][gc,marking  ] GC(208) Concurrent Rebuild Remembered Sets and Scrub Regions
[103.213s][info][gc,start    ] GC(210) Pause Young (Normal) (G1 Evacuation Pause)
[103.213s][info][gc,task     ] GC(210) Using 2 workers of 2 for evacuation
[103.275s][info][gc,phases   ] GC(210)   Pre Evacuate Collection Set: 0.29ms
[103.275s][info][gc,phases   ] GC(210)   Merge Heap Roots: 0.53ms
[103.275s][info][gc,phases   ] GC(210)   Evacuate Collection Set: 60.62ms
[103.275s][info][gc,phases   ] GC(210)   Post Evacuate Collection Set: 0.45ms
[103.275s][info][gc,phases   ] GC(210)   Other: 0.09ms
[103.275s][info][gc,heap     ] GC(210) Eden regions: 154->0(410)
[103.275s][info][gc,heap     ] GC(210) Survivor regions: 24->11(23)
[103.275s][info][gc,heap     ] GC(210) Old regions: 376->400
[103.275s][info][gc,heap     ] GC(210) Humongous regions: 4->4
[103.275s][info][gc,metaspace] GC(210) Metaspace: 18151K(18304K)->18151K(18304K) NonClass: 16323K(16448K)->16323K(16448K) Class: 1828K(1856K)->1828K(1856K)
[103.275s][info][gc          ] GC(210) Pause Young (Normal) (G1 Evacuation Pause) 557M->415M(978M) 62.255ms
[103.275s][info][gc,cpu      ] GC(210) User=0.12s Sys=0.00s Real=0.06s
[103.446s][info][gc,marking  ] GC(208) Concurrent Rebuild Remembered Sets and Scrub Regions 320.739ms
[103.446s][info][gc,start    ] GC(208) Pause Cleanup
[103.446s][info][gc          ] GC(208) Pause Cleanup 533M->533M(978M) 0.198ms
[103.446s][info][gc,cpu      ] GC(208) User=0.01s Sys=0.00s Real=0.00s
[103.446s][info][gc,marking  ] GC(208) Concurrent Clear Claimed Marks
[103.447s][info][gc,marking  ] GC(208) Concurrent Clear Claimed Marks 0.036ms
[103.447s][info][gc,marking  ] GC(208) Concurrent Cleanup for Next Mark
[103.453s][info][gc,marking  ] GC(208) Concurrent Cleanup for Next Mark 6.665ms
[103.453s][info][gc          ] GC(208) Concurrent Mark Cycle 1081.858ms
[103.701s][info][gc,start    ] GC(211) Pause Young (Prepare Mixed) (G1 Evacuation Pause)
[103.701s][info][gc,task     ] GC(211) Using 2 workers of 2 for evacuation
[103.748s][info][gc,phases   ] GC(211)   Pre Evacuate Collection Set: 0.53ms
[103.748s][info][gc,phases   ] GC(211)   Merge Heap Roots: 0.31ms
[103.748s][info][gc,phases   ] GC(211)   Evacuate Collection Set: 45.29ms
[103.748s][info][gc,phases   ] GC(211)   Post Evacuate Collection Set: 0.67ms
[103.748s][info][gc,phases   ] GC(211)   Other: 0.11ms
[103.748s][info][gc,heap     ] GC(211) Eden regions: 410->0(398)
[103.748s][info][gc,heap     ] GC(211) Survivor regions: 11->38(53)
[103.748s][info][gc,heap     ] GC(211) Old regions: 400->400
[103.748s][info][gc,heap     ] GC(211) Humongous regions: 4->4
[103.748s][info][gc,metaspace] GC(211) Metaspace: 18151K(18304K)->18151K(18304K) NonClass: 16323K(16448K)->16323K(16448K) Class: 1828K(1856K)->1828K(1856K)
[103.748s][info][gc          ] GC(211) Pause Young (Prepare Mixed) (G1 Evacuation Pause) 825M->442M(978M) 47.140ms
[103.748s][info][gc,cpu      ] GC(211) User=0.09s Sys=0.01s Real=0.05s
[104.149s][info][gc,start    ] GC(212) Pause Young (Mixed) (G1 Evacuation Pause)
[104.149s][info][gc,task     ] GC(212) Using 2 workers of 2 for evacuation
[104.257s][info][gc,phases   ] GC(212)   Pre Evacuate Collection Set: 0.35ms
[104.257s][info][gc,phases   ] GC(212)   Merge Heap Roots: 0.29ms
[104.257s][info][gc,phases   ] GC(212)   Evacuate Collection Set: 106.35ms
[104.257s][info][gc,phases   ] GC(212)   Post Evacuate Collection Set: 0.86ms
[104.257s][info][gc,phases   ] GC(212)   Other: 0.11ms
[104.257s][info][gc,heap     ] GC(212) Eden regions: 398->0(418)
[104.257s][info][gc,heap     ] GC(212) Survivor regions: 38->55(55)
[104.257s][info][gc,heap     ] GC(212) Old regions: 400->341
[104.257s][info][gc,heap     ] GC(212) Humongous regions: 5->5
[104.257s][info][gc,metaspace] GC(212) Metaspace: 18151K(18304K)->18151K(18304K) NonClass: 16323K(16448K)->16323K(16448K) Class: 1828K(1856K)->1828K(1856K)
[104.257s][info][gc          ] GC(212) Pause Young (Mixed) (G1 Evacuation Pause) 841M->401M(978M) 108.236ms
[104.257s][info][gc,cpu      ] GC(212) User=0.21s Sys=0.00s Real=0.10s
[105.069s][info][gc,start    ] GC(213) Pause Young (Mixed) (G1 Evacuation Pause)
[105.069s][info][gc,task     ] GC(213) Using 2 workers of 2 for evacuation
[105.166s][info][gc,phases   ] GC(213)   Pre Evacuate Collection Set: 0.31ms
[105.166s][info][gc,phases   ] GC(213)   Merge Heap Roots: 0.46ms
[105.166s][info][gc,phases   ] GC(213)   Evacuate Collection Set: 95.06ms
[105.166s][info][gc,phases   ] GC(213)   Post Evacuate Collection Set: 0.70ms
[105.166s][info][gc,phases   ] GC(213)   Other: 0.11ms
[105.166s][info][gc,heap     ] GC(213) Eden regions: 418->0(415)
[105.166s][info][gc,heap     ] GC(213) Survivor regions: 55->30(60)
[105.166s][info][gc,heap     ] GC(213) Old regions: 341->376
[105.166s][info][gc,heap     ] GC(213) Humongous regions: 5->5
[105.166s][info][gc,metaspace] GC(213) Metaspace: 18153K(18304K)->18153K(18304K) NonClass: 16325K(16448K)->16325K(16448K) Class: 1828K(1856K)->1828K(1856K)
[105.166s][info][gc          ] GC(213) Pause Young (Mixed) (G1 Evacuation Pause) 819M->410M(978M) 96.913ms
[105.166s][info][gc,cpu      ] GC(213) User=0.20s Sys=0.00s Real=0.09s
[105.514s][info][gc,start    ] GC(214) Pause Young (Concurrent Start) (G1 Humongous Allocation)
[105.514s][info][gc,task     ] GC(214) Using 2 workers of 2 for evacuation
[105.601s][info][gc,phases   ] GC(214)   Pre Evacuate Collection Set: 0.32ms
[105.601s][info][gc,phases   ] GC(214)   Merge Heap Roots: 0.20ms
[105.601s][info][gc,phases   ] GC(214)   Evacuate Collection Set: 86.01ms
[105.601s][info][gc,phases   ] GC(214)   Post Evacuate Collection Set: 0.50ms
[105.601s][info][gc,phases   ] GC(214)   Other: 0.11ms
[105.601s][info][gc,heap     ] GC(214) Eden regions: 191->0(329)
[105.601s][info][gc,heap     ] GC(214) Survivor regions: 30->50(56)
[105.601s][info][gc,heap     ] GC(214) Old regions: 376->406
[105.601s][info][gc,heap     ] GC(214) Humongous regions: 5->5
[105.601s][info][gc,metaspace] GC(214) Metaspace: 18154K(18304K)->18154K(18304K) NonClass: 16325K(16448K)->16325K(16448K) Class: 1828K(1856K)->1828K(1856K)
[105.602s][info][gc          ] GC(214) Pause Young (Concurrent Start) (G1 Humongous Allocation) 601M->460M(978M) 87.399ms
[105.602s][info][gc          ] GC(215) Concurrent Mark Cycle
[105.602s][info][gc,marking  ] GC(215) Concurrent Scan Root Regions
[105.602s][info][gc,cpu      ] GC(214) User=0.17s Sys=0.00s Real=0.09s
[105.721s][info][gc,marking  ] GC(215) Concurrent Scan Root Regions 119.812ms
[105.721s][info][gc,marking  ] GC(215) Concurrent Mark
[105.721s][info][gc,marking  ] GC(215) Concurrent Mark From Roots
[105.721s][info][gc,task     ] GC(215) Using 1 workers of 1 for marking
[106.106s][info][gc,start    ] GC(216) Pause Young (Normal) (G1 Evacuation Pause)
[106.106s][info][gc,task     ] GC(216) Using 2 workers of 2 for evacuation
[106.171s][info][gc,phases   ] GC(216)   Pre Evacuate Collection Set: 0.50ms
[106.171s][info][gc,phases   ] GC(216)   Merge Heap Roots: 0.17ms
[106.171s][info][gc,phases   ] GC(216)   Evacuate Collection Set: 62.89ms
[106.171s][info][gc,phases   ] GC(216)   Post Evacuate Collection Set: 0.63ms
[106.171s][info][gc,phases   ] GC(216)   Other: 0.09ms
[106.171s][info][gc,heap     ] GC(216) Eden regions: 329->0(342)
[106.171s][info][gc,heap     ] GC(216) Survivor regions: 50->13(48)
[106.171s][info][gc,heap     ] GC(216) Old regions: 406->455
[106.171s][info][gc,heap     ] GC(216) Humongous regions: 6->6
[106.171s][info][gc,metaspace] GC(216) Metaspace: 18154K(18304K)->18154K(18304K) NonClass: 16326K(16448K)->16326K(16448K) Class: 1828K(1856K)->1828K(1856K)
[106.171s][info][gc          ] GC(216) Pause Young (Normal) (G1 Evacuation Pause) 790M->473M(978M) 64.538ms
[106.171s][info][gc,cpu      ] GC(216) User=0.13s Sys=0.00s Real=0.07s
[106.685s][info][gc,marking  ] GC(215) Concurrent Mark From Roots 964.000ms
[106.686s][info][gc,marking  ] GC(215) Concurrent Preclean
[106.686s][info][gc,marking  ] GC(215) Concurrent Preclean 0.029ms
[106.686s][info][gc,start    ] GC(215) Pause Remark
[106.694s][info][gc          ] GC(215) Pause Remark 598M->551M(978M) 7.973ms
[106.694s][info][gc,cpu      ] GC(215) User=0.02s Sys=0.00s Real=0.01s
[106.695s][info][gc,marking  ] GC(215) Concurrent Mark 973.873ms
[106.695s][info][gc,marking  ] GC(215) Concurrent Rebuild Remembered Sets and Scrub Regions
[107.057s][info][gc,marking  ] GC(215) Concurrent Rebuild Remembered Sets and Scrub Regions 361.844ms
[107.057s][info][gc,start    ] GC(215) Pause Cleanup
[107.058s][info][gc          ] GC(215) Pause Cleanup 743M->743M(978M) 0.130ms
[107.058s][info][gc,cpu      ] GC(215) User=0.00s Sys=0.00s Real=0.00s
[107.058s][info][gc,marking  ] GC(215) Concurrent Clear Claimed Marks
[107.058s][info][gc,marking  ] GC(215) Concurrent Clear Claimed Marks 0.067ms
[107.058s][info][gc,marking  ] GC(215) Concurrent Cleanup for Next Mark
[107.061s][info][gc,marking  ] GC(215) Concurrent Cleanup for Next Mark 3.058ms
[107.061s][info][gc          ] GC(215) Concurrent Mark Cycle 1459.823ms
[107.091s][info][gc,start    ] GC(217) Pause Young (Prepare Mixed) (G1 Evacuation Pause)
[107.091s][info][gc,task     ] GC(217) Using 2 workers of 2 for evacuation
[107.227s][info][gc,phases   ] GC(217)   Pre Evacuate Collection Set: 0.52ms
[107.227s][info][gc,phases   ] GC(217)   Merge Heap Roots: 0.43ms
[107.227s][info][gc,phases   ] GC(217)   Evacuate Collection Set: 133.90ms
[107.227s][info][gc,phases   ] GC(217)   Post Evacuate Collection Set: 0.62ms
[107.227s][info][gc,phases   ] GC(217)   Other: 0.10ms
[107.227s][info][gc,heap     ] GC(217) Eden regions: 342->0(257)
[107.227s][info][gc,heap     ] GC(217) Survivor regions: 13->45(45)
[107.227s][info][gc,heap     ] GC(217) Old regions: 410->483
[107.227s][info][gc,heap     ] GC(217) Humongous regions: 4->4
[107.227s][info][gc,metaspace] GC(217) Metaspace: 18154K(18304K)->18154K(18304K) NonClass: 16326K(16448K)->16326K(16448K) Class: 1828K(1856K)->1828K(1856K)
[107.227s][info][gc          ] GC(217) Pause Young (Prepare Mixed) (G1 Evacuation Pause) 768M->532M(978M) 135.819ms
[107.227s][info][gc,cpu      ] GC(217) User=0.27s Sys=0.00s Real=0.13s
[107.562s][info][gc,start    ] GC(218) Pause Young (Mixed) (G1 Evacuation Pause)
[107.562s][info][gc,task     ] GC(218) Using 2 workers of 2 for evacuation
[107.704s][info][gc,phases   ] GC(218)   Pre Evacuate Collection Set: 0.32ms
[107.704s][info][gc,phases   ] GC(218)   Merge Heap Roots: 0.48ms
[107.704s][info][gc,phases   ] GC(218)   Evacuate Collection Set: 140.89ms
[107.704s][info][gc,phases   ] GC(218)   Post Evacuate Collection Set: 0.78ms
[107.704s][info][gc,phases   ] GC(218)   Other: 0.11ms
[107.704s][info][gc,heap     ] GC(218) Eden regions: 257->0(238)
[107.704s][info][gc,heap     ] GC(218) Survivor regions: 45->38(38)
[107.704s][info][gc,heap     ] GC(218) Old regions: 483->514
[107.704s][info][gc,heap     ] GC(218) Humongous regions: 4->4
[107.704s][info][gc,metaspace] GC(218) Metaspace: 18161K(18304K)->18161K(18304K) NonClass: 16332K(16448K)->16332K(16448K) Class: 1828K(1856K)->1828K(1856K)
[107.704s][info][gc          ] GC(218) Pause Young (Mixed) (G1 Evacuation Pause) 789M->555M(978M) 142.802ms
[107.704s][info][gc,cpu      ] GC(218) User=0.28s Sys=0.00s Real=0.14s
[107.713s][info][gc,start    ] GC(219) Pause Young (Concurrent Start) (G1 Humongous Allocation)
[107.714s][info][gc,task     ] GC(219) Using 2 workers of 2 for evacuation
[107.762s][info][gc,phases   ] GC(219)   Pre Evacuate Collection Set: 0.30ms
[107.762s][info][gc,phases   ] GC(219)   Merge Heap Roots: 0.17ms
[107.762s][info][gc,phases   ] GC(219)   Evacuate Collection Set: 47.31ms
[107.762s][info][gc,phases   ] GC(219)   Post Evacuate Collection Set: 0.34ms
[107.762s][info][gc,phases   ] GC(219)   Other: 0.13ms
[107.762s][info][gc,heap     ] GC(219) Eden regions: 10->0(185)
[107.762s][info][gc,heap     ] GC(219) Survivor regions: 38->7(35)
[107.762s][info][gc,heap     ] GC(219) Old regions: 514->552
[107.762s][info][gc,heap     ] GC(219) Humongous regions: 4->4
[107.762s][info][gc,metaspace] GC(219) Metaspace: 18161K(18304K)->18161K(18304K) NonClass: 16332K(16448K)->16332K(16448K) Class: 1828K(1856K)->1828K(1856K)
[107.762s][info][gc          ] GC(219) Pause Young (Concurrent Start) (G1 Humongous Allocation) 565M->562M(978M) 48.528ms
[107.762s][info][gc,cpu      ] GC(219) User=0.09s Sys=0.00s Real=0.05s
[107.762s][info][gc          ] GC(220) Concurrent Mark Cycle
[107.762s][info][gc,marking  ] GC(220) Concurrent Scan Root Regions
[107.819s][info][gc,marking  ] GC(220) Concurrent Scan Root Regions 57.135ms
[107.819s][info][gc,marking  ] GC(220) Concurrent Mark
[107.819s][info][gc,marking  ] GC(220) Concurrent Mark From Roots
[107.819s][info][gc,task     ] GC(220) Using 1 workers of 1 for marking
[108.023s][info][gc,start    ] GC(221) Pause Young (Normal) (G1 Evacuation Pause)
[108.023s][info][gc,task     ] GC(221) Using 2 workers of 2 for evacuation
[108.048s][info][gc,phases   ] GC(221)   Pre Evacuate Collection Set: 0.48ms
[108.048s][info][gc,phases   ] GC(221)   Merge Heap Roots: 0.10ms
[108.048s][info][gc,phases   ] GC(221)   Evacuate Collection Set: 23.52ms
[108.048s][info][gc,phases   ] GC(221)   Post Evacuate Collection Set: 0.47ms
[108.048s][info][gc,phases   ] GC(221)   Other: 0.08ms
[108.048s][info][gc,heap     ] GC(221) Eden regions: 185->0(202)
[108.048s][info][gc,heap     ] GC(221) Survivor regions: 7->16(24)
[108.048s][info][gc,heap     ] GC(221) Old regions: 552->552
[108.048s][info][gc,heap     ] GC(221) Humongous regions: 5->5
[108.048s][info][gc,metaspace] GC(221) Metaspace: 18161K(18304K)->18161K(18304K) NonClass: 16332K(16448K)->16332K(16448K) Class: 1828K(1856K)->1828K(1856K)
[108.048s][info][gc          ] GC(221) Pause Young (Normal) (G1 Evacuation Pause) 748M->573M(978M) 24.906ms
[108.048s][info][gc,cpu      ] GC(221) User=0.05s Sys=0.00s Real=0.02s
[108.288s][info][gc,start    ] GC(222) Pause Young (Normal) (G1 Evacuation Pause)
[108.288s][info][gc,task     ] GC(222) Using 2 workers of 2 for evacuation
[108.350s][info][gc,phases   ] GC(222)   Pre Evacuate Collection Set: 0.29ms
[108.350s][info][gc,phases   ] GC(222)   Merge Heap Roots: 0.12ms
[108.350s][info][gc,phases   ] GC(222)   Evacuate Collection Set: 60.03ms
[108.350s][info][gc,phases   ] GC(222)   Post Evacuate Collection Set: 0.65ms
[108.350s][info][gc,phases   ] GC(222)   Other: 0.08ms
[108.350s][info][gc,heap     ] GC(222) Eden regions: 202->0(188)
[108.350s][info][gc,heap     ] GC(222) Survivor regions: 16->28(28)
[108.350s][info][gc,heap     ] GC(222) Old regions: 552->584
[108.350s][info][gc,heap     ] GC(222) Humongous regions: 5->5
[108.350s][info][gc,metaspace] GC(222) Metaspace: 18161K(18304K)->18161K(18304K) NonClass: 16332K(16448K)->16332K(16448K) Class: 1828K(1856K)->1828K(1856K)
[108.350s][info][gc          ] GC(222) Pause Young (Normal) (G1 Evacuation Pause) 775M->617M(978M) 61.410ms
[108.350s][info][gc,cpu      ] GC(222) User=0.12s Sys=0.00s Real=0.06s
[108.478s][info][gc,marking  ] GC(220) Concurrent Mark From Roots 658.685ms
[108.478s][info][gc,marking  ] GC(220) Concurrent Preclean
[108.478s][info][gc,marking  ] GC(220) Concurrent Preclean 0.024ms
[108.479s][info][gc,start    ] GC(220) Pause Remark
[108.489s][info][gc          ] GC(220) Pause Remark 712M->416M(978M) 10.005ms
[108.489s][info][gc,cpu      ] GC(220) User=0.01s Sys=0.00s Real=0.01s
[108.493s][info][gc,marking  ] GC(220) Concurrent Mark 673.960ms
[108.493s][info][gc,marking  ] GC(220) Concurrent Rebuild Remembered Sets and Scrub Regions
[108.815s][info][gc,marking  ] GC(220) Concurrent Rebuild Remembered Sets and Scrub Regions 321.537ms
[108.815s][info][gc,start    ] GC(220) Pause Cleanup
[108.816s][info][gc          ] GC(220) Pause Cleanup 481M->481M(978M) 0.142ms
[108.816s][info][gc,cpu      ] GC(220) User=0.00s Sys=0.00s Real=0.00s
[108.816s][info][gc,marking  ] GC(220) Concurrent Clear Claimed Marks
[108.816s][info][gc,marking  ] GC(220) Concurrent Clear Claimed Marks 0.046ms
[108.816s][info][gc,marking  ] GC(220) Concurrent Cleanup for Next Mark
[108.826s][info][gc,marking  ] GC(220) Concurrent Cleanup for Next Mark 10.597ms
[108.826s][info][gc          ] GC(220) Concurrent Mark Cycle 1064.335ms
[108.870s][info][gc,start    ] GC(223) Pause Young (Prepare Mixed) (G1 Evacuation Pause)
[108.870s][info][gc,task     ] GC(223) Using 2 workers of 2 for evacuation
[108.960s][info][gc,phases   ] GC(223)   Pre Evacuate Collection Set: 0.50ms
[108.961s][info][gc,phases   ] GC(223)   Merge Heap Roots: 0.60ms
[108.961s][info][gc,phases   ] GC(223)   Evacuate Collection Set: 88.89ms
[108.961s][info][gc,phases   ] GC(223)   Post Evacuate Collection Set: 0.70ms
[108.961s][info][gc,phases   ] GC(223)   Other: 0.09ms
[108.961s][info][gc,heap     ] GC(223) Eden regions: 188->0(328)
[108.961s][info][gc,heap     ] GC(223) Survivor regions: 28->27(27)
[108.961s][info][gc,heap     ] GC(223) Old regions: 291->320
[108.961s][info][gc,heap     ] GC(223) Humongous regions: 2->2
[108.961s][info][gc,metaspace] GC(223) Metaspace: 18167K(18304K)->18167K(18304K) NonClass: 16339K(16448K)->16339K(16448K) Class: 1828K(1856K)->1828K(1856K)
[108.961s][info][gc          ] GC(223) Pause Young (Prepare Mixed) (G1 Evacuation Pause) 509M->349M(978M) 91.022ms
[108.961s][info][gc,cpu      ] GC(223) User=0.18s Sys=0.00s Real=0.09s
[109.416s][info][gc,start    ] GC(224) Pause Young (Mixed) (G1 Evacuation Pause)
[109.416s][info][gc,task     ] GC(224) Using 2 workers of 2 for evacuation
[109.569s][info][gc,phases   ] GC(224)   Pre Evacuate Collection Set: 0.53ms
[109.569s][info][gc,phases   ] GC(224)   Merge Heap Roots: 0.38ms
[109.569s][info][gc,phases   ] GC(224)   Evacuate Collection Set: 151.09ms
[109.569s][info][gc,phases   ] GC(224)   Post Evacuate Collection Set: 0.77ms
[109.569s][info][gc,phases   ] GC(224)   Other: 0.11ms
[109.569s][info][gc,heap     ] GC(224) Eden regions: 340->0(263)
[109.569s][info][gc,heap     ] GC(224) Survivor regions: 27->46(46)
[109.569s][info][gc,heap     ] GC(224) Old regions: 320->388
[109.569s][info][gc,heap     ] GC(224) Humongous regions: 5->5
[109.569s][info][gc,metaspace] GC(224) Metaspace: 18167K(18304K)->18167K(18304K) NonClass: 16339K(16448K)->16339K(16448K) Class: 1828K(1856K)->1828K(1856K)
[109.569s][info][gc          ] GC(224) Pause Young (Mixed) (G1 Evacuation Pause) 692M->439M(978M) 153.156ms
[109.569s][info][gc,cpu      ] GC(224) User=0.30s Sys=0.00s Real=0.16s
[109.731s][info][gc,start    ] GC(225) Pause Young (Mixed) (G1 Evacuation Pause)
[109.731s][info][gc,task     ] GC(225) Using 2 workers of 2 for evacuation
[109.860s][info][gc,phases   ] GC(225)   Pre Evacuate Collection Set: 0.54ms
[109.860s][info][gc,phases   ] GC(225)   Merge Heap Roots: 0.46ms
[109.860s][info][gc,phases   ] GC(225)   Evacuate Collection Set: 126.92ms
[109.860s][info][gc,phases   ] GC(225)   Post Evacuate Collection Set: 0.70ms
[109.860s][info][gc,phases   ] GC(225)   Other: 0.09ms
[109.860s][info][gc,heap     ] GC(225) Eden regions: 259->0(259)
[109.860s][info][gc,heap     ] GC(225) Survivor regions: 46->39(39)
[109.860s][info][gc,heap     ] GC(225) Old regions: 388->453
[109.860s][info][gc,heap     ] GC(225) Humongous regions: 5->5
[109.860s][info][gc,metaspace] GC(225) Metaspace: 18167K(18304K)->18167K(18304K) NonClass: 16339K(16448K)->16339K(16448K) Class: 1828K(1856K)->1828K(1856K)
[109.860s][info][gc          ] GC(225) Pause Young (Mixed) (G1 Evacuation Pause) 698M->497M(978M) 128.983ms
[109.860s][info][gc,cpu      ] GC(225) User=0.26s Sys=0.00s Real=0.13s
[110.079s][info][gc,start    ] GC(226) Pause Young (Mixed) (G1 Evacuation Pause)
[110.080s][info][gc,task     ] GC(226) Using 2 workers of 2 for evacuation
[110.151s][info][gc,phases   ] GC(226)   Pre Evacuate Collection Set: 0.33ms
[110.151s][info][gc,phases   ] GC(226)   Merge Heap Roots: 0.55ms
[110.151s][info][gc,phases   ] GC(226)   Evacuate Collection Set: 69.94ms
[110.151s][info][gc,phases   ] GC(226)   Post Evacuate Collection Set: 0.61ms
[110.151s][info][gc,phases   ] GC(226)   Other: 0.09ms
[110.151s][info][gc,heap     ] GC(226) Eden regions: 259->0(290)
[110.151s][info][gc,heap     ] GC(226) Survivor regions: 39->23(38)
[110.151s][info][gc,heap     ] GC(226) Old regions: 453->451
[110.151s][info][gc,heap     ] GC(226) Humongous regions: 5->5
[110.151s][info][gc,metaspace] GC(226) Metaspace: 18173K(18304K)->18173K(18304K) NonClass: 16344K(16448K)->16344K(16448K) Class: 1828K(1856K)->1828K(1856K)
[110.151s][info][gc          ] GC(226) Pause Young (Mixed) (G1 Evacuation Pause) 756M->478M(978M) 71.809ms
[110.151s][info][gc,cpu      ] GC(226) User=0.14s Sys=0.00s Real=0.07s
[110.282s][info][gc,start    ] GC(227) Pause Young (Concurrent Start) (G1 Humongous Allocation)
[110.282s][info][gc,task     ] GC(227) Using 2 workers of 2 for evacuation
[110.322s][info][gc,phases   ] GC(227)   Pre Evacuate Collection Set: 0.30ms
[110.322s][info][gc,phases   ] GC(227)   Merge Heap Roots: 0.32ms
[110.322s][info][gc,phases   ] GC(227)   Evacuate Collection Set: 38.60ms
[110.322s][info][gc,phases   ] GC(227)   Post Evacuate Collection Set: 0.56ms
[110.322s][info][gc,phases   ] GC(227)   Other: 0.11ms
[110.322s][info][gc,heap     ] GC(227) Eden regions: 155->0(311)
[110.322s][info][gc,heap     ] GC(227) Survivor regions: 23->8(40)
[110.322s][info][gc,heap     ] GC(227) Old regions: 451->473
[110.322s][info][gc,heap     ] GC(227) Humongous regions: 5->5
[110.322s][info][gc,metaspace] GC(227) Metaspace: 18173K(18304K)->18173K(18304K) NonClass: 16345K(16448K)->16345K(16448K) Class: 1828K(1856K)->1828K(1856K)
[110.322s][info][gc          ] GC(227) Pause Young (Concurrent Start) (G1 Humongous Allocation) 633M->485M(978M) 40.121ms
[110.322s][info][gc          ] GC(228) Concurrent Mark Cycle
[110.322s][info][gc,marking  ] GC(228) Concurrent Scan Root Regions
[110.322s][info][gc,cpu      ] GC(227) User=0.08s Sys=0.00s Real=0.04s
[110.382s][info][gc,marking  ] GC(228) Concurrent Scan Root Regions 59.911ms
[110.382s][info][gc,marking  ] GC(228) Concurrent Mark
[110.382s][info][gc,marking  ] GC(228) Concurrent Mark From Roots
[110.382s][info][gc,task     ] GC(228) Using 1 workers of 1 for marking
[110.984s][info][gc,start    ] GC(229) Pause Young (Normal) (G1 Evacuation Pause)
[110.984s][info][gc,task     ] GC(229) Using 2 workers of 2 for evacuation
[111.085s][info][gc,phases   ] GC(229)   Pre Evacuate Collection Set: 0.52ms
[111.085s][info][gc,phases   ] GC(229)   Merge Heap Roots: 0.47ms
[111.085s][info][gc,phases   ] GC(229)   Evacuate Collection Set: 99.50ms
[111.085s][info][gc,phases   ] GC(229)   Post Evacuate Collection Set: 0.69ms
[111.085s][info][gc,phases   ] GC(229)   Other: 0.12ms
[111.085s][info][gc,heap     ] GC(229) Eden regions: 311->0(270)
[111.085s][info][gc,heap     ] GC(229) Survivor regions: 8->40(40)
[111.085s][info][gc,heap     ] GC(229) Old regions: 473->504
[111.085s][info][gc,heap     ] GC(229) Humongous regions: 8->8
[111.085s][info][gc,metaspace] GC(229) Metaspace: 18178K(18304K)->18178K(18304K) NonClass: 16350K(16448K)->16350K(16448K) Class: 1828K(1856K)->1828K(1856K)
[111.085s][info][gc          ] GC(229) Pause Young (Normal) (G1 Evacuation Pause) 799M->552M(978M) 101.569ms
[111.085s][info][gc,cpu      ] GC(229) User=0.20s Sys=0.00s Real=0.10s
[111.191s][info][gc,marking  ] GC(228) Concurrent Mark From Roots 808.182ms
[111.191s][info][gc,marking  ] GC(228) Concurrent Preclean
[111.191s][info][gc,marking  ] GC(228) Concurrent Preclean 0.027ms
[111.191s][info][gc,start    ] GC(228) Pause Remark
[111.198s][info][gc          ] GC(228) Pause Remark 604M->436M(978M) 7.526ms
[111.198s][info][gc,cpu      ] GC(228) User=0.02s Sys=0.00s Real=0.01s
[111.199s][info][gc,marking  ] GC(228) Concurrent Mark 816.799ms
[111.199s][info][gc,marking  ] GC(228) Concurrent Rebuild Remembered Sets and Scrub Regions
[111.533s][info][gc,marking  ] GC(228) Concurrent Rebuild Remembered Sets and Scrub Regions 333.882ms
[111.534s][info][gc,start    ] GC(230) Pause Young (Normal) (G1 Evacuation Pause)
[111.534s][info][gc,task     ] GC(230) Using 2 workers of 2 for evacuation
[111.607s][info][gc,phases   ] GC(230)   Pre Evacuate Collection Set: 0.52ms
[111.607s][info][gc,phases   ] GC(230)   Merge Heap Roots: 0.79ms
[111.607s][info][gc,phases   ] GC(230)   Evacuate Collection Set: 71.03ms
[111.607s][info][gc,phases   ] GC(230)   Post Evacuate Collection Set: 0.58ms
[111.607s][info][gc,phases   ] GC(230)   Other: 0.09ms
[111.607s][info][gc,heap     ] GC(230) Eden regions: 270->0(379)
[111.607s][info][gc,heap     ] GC(230) Survivor regions: 40->9(39)
[111.607s][info][gc,heap     ] GC(230) Old regions: 339->380
[111.607s][info][gc,heap     ] GC(230) Humongous regions: 5->5
[111.607s][info][gc,metaspace] GC(230) Metaspace: 18182K(18304K)->18182K(18304K) NonClass: 16354K(16448K)->16354K(16448K) Class: 1828K(1856K)->1828K(1856K)
[111.607s][info][gc          ] GC(230) Pause Young (Normal) (G1 Evacuation Pause) 654M->393M(978M) 73.260ms
[111.607s][info][gc,cpu      ] GC(230) User=0.14s Sys=0.00s Real=0.07s
[111.613s][info][gc,start    ] GC(228) Pause Cleanup
[111.613s][info][gc          ] GC(228) Pause Cleanup 395M->395M(978M) 0.125ms
[111.613s][info][gc,cpu      ] GC(228) User=0.01s Sys=0.00s Real=0.00s
[111.616s][info][gc,marking  ] GC(228) Concurrent Clear Claimed Marks
[111.616s][info][gc,marking  ] GC(228) Concurrent Clear Claimed Marks 0.038ms
[111.616s][info][gc,marking  ] GC(228) Concurrent Cleanup for Next Mark
[111.625s][info][gc,marking  ] GC(228) Concurrent Cleanup for Next Mark 8.958ms
[111.625s][info][gc          ] GC(228) Concurrent Mark Cycle 1302.844ms
[112.365s][info][gc,start    ] GC(231) Pause Young (Prepare Mixed) (G1 Evacuation Pause)
[112.365s][info][gc,task     ] GC(231) Using 2 workers of 2 for evacuation
[112.407s][info][gc,phases   ] GC(231)   Pre Evacuate Collection Set: 0.53ms
[112.407s][info][gc,phases   ] GC(231)   Merge Heap Roots: 0.33ms
[112.407s][info][gc,phases   ] GC(231)   Evacuate Collection Set: 40.43ms
[112.407s][info][gc,phases   ] GC(231)   Post Evacuate Collection Set: 0.62ms
[112.407s][info][gc,phases   ] GC(231)   Other: 0.12ms
[112.407s][info][gc,heap     ] GC(231) Eden regions: 379->0(383)
[112.407s][info][gc,heap     ] GC(231) Survivor regions: 9->31(49)
[112.407s][info][gc,heap     ] GC(231) Old regions: 380->380
[112.407s][info][gc,heap     ] GC(231) Humongous regions: 5->5
[112.407s][info][gc,metaspace] GC(231) Metaspace: 18196K(18304K)->18196K(18304K) NonClass: 16368K(16448K)->16368K(16448K) Class: 1828K(1856K)->1828K(1856K)
[112.407s][info][gc          ] GC(231) Pause Young (Prepare Mixed) (G1 Evacuation Pause) 772M->415M(978M) 42.245ms
[112.407s][info][gc,cpu      ] GC(231) User=0.09s Sys=0.00s Real=0.04s
[113.340s][info][gc,start    ] GC(232) Pause Young (Mixed) (G1 Evacuation Pause)
[113.340s][info][gc,task     ] GC(232) Using 2 workers of 2 for evacuation
[113.402s][info][gc,phases   ] GC(232)   Pre Evacuate Collection Set: 0.50ms
[113.402s][info][gc,phases   ] GC(232)   Merge Heap Roots: 0.75ms
[113.402s][info][gc,phases   ] GC(232)   Evacuate Collection Set: 59.58ms
[113.402s][info][gc,phases   ] GC(232)   Post Evacuate Collection Set: 0.77ms
[113.402s][info][gc,phases   ] GC(232)   Other: 0.13ms
[113.402s][info][gc,heap     ] GC(232) Eden regions: 383->0(423)
[113.402s][info][gc,heap     ] GC(232) Survivor regions: 31->30(52)
[113.402s][info][gc,heap     ] GC(232) Old regions: 380->353
[113.402s][info][gc,heap     ] GC(232) Humongous regions: 5->5
[113.402s][info][gc,metaspace] GC(232) Metaspace: 18202K(18304K)->18202K(18304K) NonClass: 16373K(16448K)->16373K(16448K) Class: 1828K(1856K)->1828K(1856K)
[113.402s][info][gc          ] GC(232) Pause Young (Mixed) (G1 Evacuation Pause) 798M->387M(978M) 61.979ms
[113.402s][info][gc,cpu      ] GC(232) User=0.12s Sys=0.00s Real=0.06s
[113.895s][info][gc,start    ] GC(233) Pause Young (Concurrent Start) (G1 Humongous Allocation)
[113.896s][info][gc,task     ] GC(233) Using 2 workers of 2 for evacuation
[114.027s][info][gc,phases   ] GC(233)   Pre Evacuate Collection Set: 0.32ms
[114.027s][info][gc,phases   ] GC(233)   Merge Heap Roots: 0.54ms
[114.027s][info][gc,phases   ] GC(233)   Evacuate Collection Set: 129.18ms
[114.027s][info][gc,phases   ] GC(233)   Post Evacuate Collection Set: 0.81ms
[114.027s][info][gc,phases   ] GC(233)   Other: 0.22ms
[114.027s][info][gc,heap     ] GC(233) Eden regions: 409->0(358)
[114.027s][info][gc,heap     ] GC(233) Survivor regions: 30->57(57)
[114.027s][info][gc,heap     ] GC(233) Old regions: 353->405
[114.027s][info][gc,heap     ] GC(233) Humongous regions: 5->5
[114.027s][info][gc,metaspace] GC(233) Metaspace: 18202K(18304K)->18202K(18304K) NonClass: 16373K(16448K)->16373K(16448K) Class: 1828K(1856K)->1828K(1856K)
[114.027s][info][gc          ] GC(233) Pause Young (Concurrent Start) (G1 Humongous Allocation) 796M->466M(978M) 131.358ms
[114.027s][info][gc          ] GC(234) Concurrent Mark Cycle
[114.027s][info][gc,marking  ] GC(234) Concurrent Scan Root Regions
[114.027s][info][gc,cpu      ] GC(233) User=0.26s Sys=0.00s Real=0.13s
[114.148s][info][gc,marking  ] GC(234) Concurrent Scan Root Regions 120.998ms
[114.148s][info][gc,marking  ] GC(234) Concurrent Mark
[114.148s][info][gc,marking  ] GC(234) Concurrent Mark From Roots
[114.148s][info][gc,task     ] GC(234) Using 1 workers of 1 for marking
[114.751s][info][gc,start    ] GC(235) Pause Young (Normal) (G1 Evacuation Pause)
[114.751s][info][gc,task     ] GC(235) Using 2 workers of 2 for evacuation
[114.901s][info][gc,phases   ] GC(235)   Pre Evacuate Collection Set: 0.31ms
[114.901s][info][gc,phases   ] GC(235)   Merge Heap Roots: 0.46ms
[114.901s][info][gc,phases   ] GC(235)   Evacuate Collection Set: 148.22ms
[114.901s][info][gc,phases   ] GC(235)   Post Evacuate Collection Set: 0.71ms
[114.901s][info][gc,phases   ] GC(235)   Other: 0.11ms
[114.901s][info][gc,heap     ] GC(235) Eden regions: 358->0(303)
[114.901s][info][gc,heap     ] GC(235) Survivor regions: 57->52(52)
[114.901s][info][gc,heap     ] GC(235) Old regions: 405->479
[114.901s][info][gc,heap     ] GC(235) Humongous regions: 8->8
[114.901s][info][gc,metaspace] GC(235) Metaspace: 18207K(18368K)->18207K(18368K) NonClass: 16378K(16512K)->16378K(16512K) Class: 1828K(1856K)->1828K(1856K)
[114.901s][info][gc          ] GC(235) Pause Young (Normal) (G1 Evacuation Pause) 827M->539M(978M) 150.102ms
[114.901s][info][gc,cpu      ] GC(235) User=0.29s Sys=0.00s Real=0.15s
[115.255s][info][gc,start    ] GC(236) Pause Young (Normal) (G1 Evacuation Pause)
[115.255s][info][gc,task     ] GC(236) Using 2 workers of 2 for evacuation
[115.343s][info][gc,phases   ] GC(236)   Pre Evacuate Collection Set: 0.29ms
[115.343s][info][gc,phases   ] GC(236)   Merge Heap Roots: 0.30ms
[115.343s][info][gc,phases   ] GC(236)   Evacuate Collection Set: 86.61ms
[115.343s][info][gc,phases   ] GC(236)   Post Evacuate Collection Set: 0.56ms
[115.343s][info][gc,phases   ] GC(236)   Other: 0.11ms
[115.343s][info][gc,heap     ] GC(236) Eden regions: 303->0(288)
[115.343s][info][gc,heap     ] GC(236) Survivor regions: 52->31(45)
[115.343s][info][gc,heap     ] GC(236) Old regions: 479->532
[115.343s][info][gc,heap     ] GC(236) Humongous regions: 8->8
[115.343s][info][gc,metaspace] GC(236) Metaspace: 18207K(18368K)->18207K(18368K) NonClass: 16378K(16512K)->16378K(16512K) Class: 1828K(1856K)->1828K(1856K)
[115.343s][info][gc          ] GC(236) Pause Young (Normal) (G1 Evacuation Pause) 842M->570M(978M) 88.134ms
[115.343s][info][gc,cpu      ] GC(236) User=0.18s Sys=0.00s Real=0.09s
[115.412s][info][gc,marking  ] GC(234) Concurrent Mark From Roots 1263.993ms
[115.412s][info][gc,marking  ] GC(234) Concurrent Preclean
[115.412s][info][gc,marking  ] GC(234) Concurrent Preclean 0.024ms
[115.412s][info][gc,start    ] GC(234) Pause Remark
[115.419s][info][gc          ] GC(234) Pause Remark 659M->653M(978M) 7.302ms
[115.420s][info][gc,cpu      ] GC(234) User=0.01s Sys=0.00s Real=0.01s
[115.420s][info][gc,marking  ] GC(234) Concurrent Mark 1271.615ms
[115.420s][info][gc,marking  ] GC(234) Concurrent Rebuild Remembered Sets and Scrub Regions
[115.653s][info][gc,start    ] GC(237) Pause Young (Normal) (G1 Evacuation Pause)
[115.653s][info][gc,task     ] GC(237) Using 2 workers of 2 for evacuation
[115.709s][info][gc,phases   ] GC(237)   Pre Evacuate Collection Set: 0.31ms
[115.709s][info][gc,phases   ] GC(237)   Merge Heap Roots: 0.27ms
[115.709s][info][gc,phases   ] GC(237)   Evacuate Collection Set: 54.42ms
[115.709s][info][gc,phases   ] GC(237)   Post Evacuate Collection Set: 0.59ms
[115.709s][info][gc,phases   ] GC(237)   Other: 0.11ms
[115.709s][info][gc,heap     ] GC(237) Eden regions: 288->0(291)
[115.709s][info][gc,heap     ] GC(237) Survivor regions: 31->14(40)
[115.709s][info][gc,heap     ] GC(237) Old regions: 527->558
[115.709s][info][gc,heap     ] GC(237) Humongous regions: 8->8
[115.709s][info][gc,metaspace] GC(237) Metaspace: 18207K(18368K)->18207K(18368K) NonClass: 16378K(16512K)->16378K(16512K) Class: 1828K(1856K)->1828K(1856K)
[115.709s][info][gc          ] GC(237) Pause Young (Normal) (G1 Evacuation Pause) 853M->579M(978M) 55.963ms
[115.709s][info][gc,cpu      ] GC(237) User=0.11s Sys=0.00s Real=0.06s
[115.945s][info][gc,marking  ] GC(234) Concurrent Rebuild Remembered Sets and Scrub Regions 525.118ms
[115.945s][info][gc,start    ] GC(234) Pause Cleanup
[115.945s][info][gc          ] GC(234) Pause Cleanup 747M->747M(978M) 0.125ms
[115.945s][info][gc,cpu      ] GC(234) User=0.00s Sys=0.00s Real=0.00s
[115.945s][info][gc,marking  ] GC(234) Concurrent Clear Claimed Marks
[115.945s][info][gc,marking  ] GC(234) Concurrent Clear Claimed Marks 0.035ms
[115.945s][info][gc,marking  ] GC(234) Concurrent Cleanup for Next Mark
[115.951s][info][gc,marking  ] GC(234) Concurrent Cleanup for Next Mark 6.116ms
[115.951s][info][gc          ] GC(234) Concurrent Mark Cycle 1924.461ms
[116.040s][info][gc,start    ] GC(238) Pause Young (Prepare Mixed) (G1 Evacuation Pause)
[116.041s][info][gc,task     ] GC(238) Using 2 workers of 2 for evacuation
[116.104s][info][gc,phases   ] GC(238)   Pre Evacuate Collection Set: 0.52ms
[116.104s][info][gc,phases   ] GC(238)   Merge Heap Roots: 0.35ms
[116.104s][info][gc,phases   ] GC(238)   Evacuate Collection Set: 62.16ms
[116.104s][info][gc,phases   ] GC(238)   Post Evacuate Collection Set: 0.70ms
[116.104s][info][gc,phases   ] GC(238)   Other: 0.12ms
[116.104s][info][gc,heap     ] GC(238) Eden regions: 291->0(267)
[116.104s][info][gc,heap     ] GC(238) Survivor regions: 14->39(39)
[116.104s][info][gc,heap     ] GC(238) Old regions: 558->567
[116.105s][info][gc,heap     ] GC(238) Humongous regions: 8->8
[116.105s][info][gc,metaspace] GC(238) Metaspace: 18215K(18368K)->18215K(18368K) NonClass: 16386K(16512K)->16386K(16512K) Class: 1828K(1856K)->1828K(1856K)
[116.105s][info][gc          ] GC(238) Pause Young (Prepare Mixed) (G1 Evacuation Pause) 870M->613M(978M) 64.093ms
[116.105s][info][gc,cpu      ] GC(238) User=0.13s Sys=0.00s Real=0.06s
[116.707s][info][gc,start    ] GC(239) Pause Young (Mixed) (G1 Evacuation Pause)
[116.707s][info][gc,task     ] GC(239) Using 2 workers of 2 for evacuation
[116.781s][info][gc,phases   ] GC(239)   Pre Evacuate Collection Set: 0.54ms
[116.781s][info][gc,phases   ] GC(239)   Merge Heap Roots: 0.45ms
[116.781s][info][gc,phases   ] GC(239)   Evacuate Collection Set: 72.43ms
[116.781s][info][gc,phases   ] GC(239)   Post Evacuate Collection Set: 0.55ms
[116.781s][info][gc,phases   ] GC(239)   Other: 0.11ms
[116.781s][info][gc,heap     ] GC(239) Eden regions: 267->0(272)
[116.781s][info][gc,heap     ] GC(239) Survivor regions: 39->15(39)
[116.781s][info][gc,heap     ] GC(239) Old regions: 567->595
[116.781s][info][gc,heap     ] GC(239) Humongous regions: 8->8
[116.781s][info][gc,metaspace] GC(239) Metaspace: 18224K(18368K)->18224K(18368K) NonClass: 16396K(16512K)->16396K(16512K) Class: 1828K(1856K)->1828K(1856K)
[116.781s][info][gc          ] GC(239) Pause Young (Mixed) (G1 Evacuation Pause) 880M->617M(978M) 74.342ms
[116.781s][info][gc,cpu      ] GC(239) User=0.15s Sys=0.00s Real=0.08s
[117.287s][info][gc,start    ] GC(240) Pause Young (Concurrent Start) (G1 Evacuation Pause)
[117.287s][info][gc,task     ] GC(240) Using 2 workers of 2 for evacuation
[117.336s][info][gc,phases   ] GC(240)   Pre Evacuate Collection Set: 0.29ms
[117.336s][info][gc,phases   ] GC(240)   Merge Heap Roots: 0.36ms
[117.336s][info][gc,phases   ] GC(240)   Evacuate Collection Set: 47.57ms
[117.336s][info][gc,phases   ] GC(240)   Post Evacuate Collection Set: 0.57ms
[117.336s][info][gc,phases   ] GC(240)   Other: 0.13ms
[117.336s][info][gc,heap     ] GC(240) Eden regions: 272->0(253)
[117.336s][info][gc,heap     ] GC(240) Survivor regions: 15->36(36)
[117.336s][info][gc,heap     ] GC(240) Old regions: 595->595
[117.336s][info][gc,heap     ] GC(240) Humongous regions: 8->8
[117.336s][info][gc,metaspace] GC(240) Metaspace: 18226K(18368K)->18226K(18368K) NonClass: 16398K(16512K)->16398K(16512K) Class: 1828K(1856K)->1828K(1856K)
[117.336s][info][gc          ] GC(240) Pause Young (Concurrent Start) (G1 Evacuation Pause) 889M->638M(978M) 49.229ms
[117.336s][info][gc          ] GC(241) Concurrent Mark Cycle
[117.336s][info][gc,marking  ] GC(241) Concurrent Scan Root Regions
[117.336s][info][gc,cpu      ] GC(240) User=0.10s Sys=0.00s Real=0.05s
[117.394s][info][gc,marking  ] GC(241) Concurrent Scan Root Regions 58.050ms
[117.394s][info][gc,marking  ] GC(241) Concurrent Mark
[117.394s][info][gc,marking  ] GC(241) Concurrent Mark From Roots
[117.394s][info][gc,task     ] GC(241) Using 1 workers of 1 for marking
[117.887s][info][gc,start    ] GC(242) Pause Young (Normal) (G1 Evacuation Pause)
[117.887s][info][gc,task     ] GC(242) Using 2 workers of 2 for evacuation
[117.967s][info][gc,phases   ] GC(242)   Pre Evacuate Collection Set: 0.29ms
[117.967s][info][gc,phases   ] GC(242)   Merge Heap Roots: 0.19ms
[117.967s][info][gc,phases   ] GC(242)   Evacuate Collection Set: 79.07ms
[117.967s][info][gc,phases   ] GC(242)   Post Evacuate Collection Set: 0.59ms
[117.967s][info][gc,phases   ] GC(242)   Other: 0.11ms
[117.967s][info][gc,heap     ] GC(242) Eden regions: 253->0(201)
[117.967s][info][gc,heap     ] GC(242) Survivor regions: 36->37(37)
[117.967s][info][gc,heap     ] GC(242) Old regions: 595->642
[117.967s][info][gc,heap     ] GC(242) Humongous regions: 8->8
[117.967s][info][gc,metaspace] GC(242) Metaspace: 18227K(18368K)->18227K(18368K) NonClass: 16399K(16512K)->16399K(16512K) Class: 1828K(1856K)->1828K(1856K)
[117.967s][info][gc          ] GC(242) Pause Young (Normal) (G1 Evacuation Pause) 891M->686M(978M) 80.523ms
[117.967s][info][gc,cpu      ] GC(242) User=0.16s Sys=0.00s Real=0.08s
[118.392s][info][gc,start    ] GC(243) Pause Young (Normal) (G1 Evacuation Pause)
[118.392s][info][gc,task     ] GC(243) Using 2 workers of 2 for evacuation
[118.460s][info][gc,phases   ] GC(243)   Pre Evacuate Collection Set: 0.29ms
[118.460s][info][gc,phases   ] GC(243)   Merge Heap Roots: 0.27ms
[118.460s][info][gc,phases   ] GC(243)   Evacuate Collection Set: 66.68ms
[118.460s][info][gc,phases   ] GC(243)   Post Evacuate Collection Set: 0.54ms
[118.460s][info][gc,phases   ] GC(243)   Other: 0.12ms
[118.460s][info][gc,heap     ] GC(243) Eden regions: 201->0(174)
[118.460s][info][gc,heap     ] GC(243) Survivor regions: 37->30(30)
[118.460s][info][gc,heap     ] GC(243) Old regions: 642->682
[118.460s][info][gc,heap     ] GC(243) Humongous regions: 8->8
[118.460s][info][gc,metaspace] GC(243) Metaspace: 18228K(18368K)->18228K(18368K) NonClass: 16399K(16512K)->16399K(16512K) Class: 1828K(1856K)->1828K(1856K)
[118.460s][info][gc          ] GC(243) Pause Young (Normal) (G1 Evacuation Pause) 887M->719M(978M) 68.164ms
[118.460s][info][gc,cpu      ] GC(243) User=0.14s Sys=0.00s Real=0.07s
[118.903s][info][gc,marking  ] GC(241) Concurrent Mark From Roots 1508.348ms
[118.903s][info][gc,marking  ] GC(241) Concurrent Preclean
[118.903s][info][gc,marking  ] GC(241) Concurrent Preclean 0.026ms
[118.903s][info][gc,start    ] GC(241) Pause Remark
[118.910s][info][gc          ] GC(241) Pause Remark 876M->771M(978M) 7.243ms
[118.910s][info][gc,cpu      ] GC(241) User=0.01s Sys=0.00s Real=0.01s
[118.912s][info][gc,marking  ] GC(241) Concurrent Mark 1517.391ms
[118.912s][info][gc,marking  ] GC(241) Concurrent Rebuild Remembered Sets and Scrub Regions
[118.953s][info][gc,start    ] GC(244) Pause Young (Normal) (G1 Evacuation Pause)
[118.953s][info][gc,task     ] GC(244) Using 2 workers of 2 for evacuation
[119.053s][info][gc,phases   ] GC(244)   Pre Evacuate Collection Set: 0.29ms
[119.053s][info][gc,phases   ] GC(244)   Merge Heap Roots: 0.61ms
[119.053s][info][gc,phases   ] GC(244)   Evacuate Collection Set: 98.09ms
[119.053s][info][gc,phases   ] GC(244)   Post Evacuate Collection Set: 0.59ms
[119.053s][info][gc,phases   ] GC(244)   Other: 0.09ms
[119.053s][info][gc,heap     ] GC(244) Eden regions: 174->0(212)
[119.053s][info][gc,heap     ] GC(244) Survivor regions: 30->26(26)
[119.053s][info][gc,heap     ] GC(244) Old regions: 580->621
[119.053s][info][gc,heap     ] GC(244) Humongous regions: 8->8
[119.053s][info][gc,metaspace] GC(244) Metaspace: 18228K(18368K)->18228K(18368K) NonClass: 16399K(16512K)->16399K(16512K) Class: 1828K(1856K)->1828K(1856K)
[119.053s][info][gc          ] GC(244) Pause Young (Normal) (G1 Evacuation Pause) 791M->654M(978M) 99.968ms
[119.053s][info][gc,cpu      ] GC(244) User=0.20s Sys=0.00s Real=0.10s
[119.346s][info][gc,start    ] GC(245) Pause Young (Normal) (G1 Evacuation Pause)
[119.346s][info][gc,task     ] GC(245) Using 2 workers of 2 for evacuation
[119.420s][info][gc,phases   ] GC(245)   Pre Evacuate Collection Set: 0.30ms
[119.420s][info][gc,phases   ] GC(245)   Merge Heap Roots: 0.34ms
[119.420s][info][gc,phases   ] GC(245)   Evacuate Collection Set: 72.38ms
[119.420s][info][gc,phases   ] GC(245)   Post Evacuate Collection Set: 0.58ms
[119.420s][info][gc,phases   ] GC(245)   Other: 0.09ms
[119.420s][info][gc,heap     ] GC(245) Eden regions: 212->0(194)
[119.420s][info][gc,heap     ] GC(245) Survivor regions: 26->29(30)
[119.420s][info][gc,heap     ] GC(245) Old regions: 621->647
[119.420s][info][gc,heap     ] GC(245) Humongous regions: 8->8
[119.420s][info][gc,metaspace] GC(245) Metaspace: 18228K(18368K)->18228K(18368K) NonClass: 16399K(16512K)->16399K(16512K) Class: 1828K(1856K)->1828K(1856K)
[119.420s][info][gc          ] GC(245) Pause Young (Normal) (G1 Evacuation Pause) 866M->684M(978M) 73.961ms
[119.420s][info][gc,cpu      ] GC(245) User=0.14s Sys=0.00s Real=0.08s
[119.606s][info][gc,start    ] GC(246) Pause Young (Normal) (G1 Evacuation Pause)
[119.607s][info][gc,task     ] GC(246) Using 2 workers of 2 for evacuation
[119.685s][info][gc,phases   ] GC(246)   Pre Evacuate Collection Set: 0.53ms
[119.685s][info][gc,phases   ] GC(246)   Merge Heap Roots: 0.39ms
[119.685s][info][gc,phases   ] GC(246)   Evacuate Collection Set: 76.47ms
[119.685s][info][gc,phases   ] GC(246)   Post Evacuate Collection Set: 0.68ms
[119.685s][info][gc,phases   ] GC(246)   Other: 0.11ms
[119.685s][info][gc,heap     ] GC(246) Eden regions: 194->0(160)
[119.685s][info][gc,heap     ] GC(246) Survivor regions: 29->28(28)
[119.685s][info][gc,heap     ] GC(246) Old regions: 647->687
[119.685s][info][gc,heap     ] GC(246) Humongous regions: 8->8
[119.685s][info][gc,metaspace] GC(246) Metaspace: 18228K(18368K)->18228K(18368K) NonClass: 16399K(16512K)->16399K(16512K) Class: 1828K(1856K)->1828K(1856K)
[119.685s][info][gc          ] GC(246) Pause Young (Normal) (G1 Evacuation Pause) 878M->723M(978M) 78.441ms
[119.685s][info][gc,cpu      ] GC(246) User=0.15s Sys=0.00s Real=0.08s
[119.774s][info][gc,marking  ] GC(241) Concurrent Rebuild Remembered Sets and Scrub Regions 861.989ms
[119.775s][info][gc,start    ] GC(241) Pause Cleanup
[119.775s][info][gc          ] GC(241) Pause Cleanup 838M->838M(978M) 0.207ms
[119.775s][info][gc,cpu      ] GC(241) User=0.00s Sys=0.00s Real=0.00s
[119.775s][info][gc,marking  ] GC(241) Concurrent Clear Claimed Marks
[119.775s][info][gc,marking  ] GC(241) Concurrent Clear Claimed Marks 0.053ms
[119.775s][info][gc,marking  ] GC(241) Concurrent Cleanup for Next Mark
[119.783s][info][gc,marking  ] GC(241) Concurrent Cleanup for Next Mark 7.067ms
[119.783s][info][gc          ] GC(241) Concurrent Mark Cycle 2446.242ms
[119.847s][info][gc,start    ] GC(247) Pause Young (Prepare Mixed) (G1 Evacuation Pause)
[119.847s][info][gc,task     ] GC(247) Using 2 workers of 2 for evacuation
[119.930s][info][gc,phases   ] GC(247)   Pre Evacuate Collection Set: 0.52ms
[119.931s][info][gc,phases   ] GC(247)   Merge Heap Roots: 0.55ms
[119.931s][info][gc,phases   ] GC(247)   Evacuate Collection Set: 81.55ms
[119.931s][info][gc,phases   ] GC(247)   Post Evacuate Collection Set: 0.73ms
[119.931s][info][gc,phases   ] GC(247)   Other: 0.11ms
[119.931s][info][gc,heap     ] GC(247) Eden regions: 160->0(134)
[119.931s][info][gc,heap     ] GC(247) Survivor regions: 28->24(24)
[119.931s][info][gc,heap     ] GC(247) Old regions: 687->728
[119.931s][info][gc,heap     ] GC(247) Humongous regions: 8->8
[119.931s][info][gc,metaspace] GC(247) Metaspace: 18228K(18368K)->18228K(18368K) NonClass: 16399K(16512K)->16399K(16512K) Class: 1828K(1856K)->1828K(1856K)
[119.931s][info][gc          ] GC(247) Pause Young (Prepare Mixed) (G1 Evacuation Pause) 883M->760M(978M) 83.734ms
[119.931s][info][gc,cpu      ] GC(247) User=0.16s Sys=0.00s Real=0.09s
[120.047s][info][gc,start    ] GC(248) Pause Young (Mixed) (G1 Evacuation Pause)
[120.047s][info][gc,task     ] GC(248) Using 2 workers of 2 for evacuation
[120.227s][info][gc,phases   ] GC(248)   Pre Evacuate Collection Set: 0.55ms
[120.227s][info][gc,phases   ] GC(248)   Merge Heap Roots: 0.93ms
[120.227s][info][gc,phases   ] GC(248)   Evacuate Collection Set: 75.41ms
[120.227s][info][gc,phases   ] GC(248)   Merge Optional Heap Roots: 1.31ms
[120.227s][info][gc,phases   ] GC(248)   Evacuate Optional Collection Set: 99.73ms
[120.227s][info][gc,phases   ] GC(248)   Post Evacuate Collection Set: 1.52ms
[120.227s][info][gc,phases   ] GC(248)   Other: 0.11ms
[120.227s][info][gc,heap     ] GC(248) Eden regions: 134->0(179)
[120.227s][info][gc,heap     ] GC(248) Survivor regions: 24->7(20)
[120.227s][info][gc,heap     ] GC(248) Old regions: 728->691
[120.227s][info][gc,heap     ] GC(248) Humongous regions: 8->8
[120.227s][info][gc,metaspace] GC(248) Metaspace: 18228K(18368K)->18228K(18368K) NonClass: 16399K(16512K)->16399K(16512K) Class: 1828K(1856K)->1828K(1856K)
[120.227s][info][gc          ] GC(248) Pause Young (Mixed) (G1 Evacuation Pause) 894M->705M(978M) 179.823ms
[120.227s][info][gc,cpu      ] GC(248) User=0.35s Sys=0.01s Real=0.18s
[120.391s][info][gc,start    ] GC(249) Pause Young (Concurrent Start) (G1 Humongous Allocation)
[120.391s][info][gc,task     ] GC(249) Using 2 workers of 2 for evacuation
[120.442s][info][gc,phases   ] GC(249)   Pre Evacuate Collection Set: 0.37ms
[120.442s][info][gc,phases   ] GC(249)   Merge Heap Roots: 0.53ms
[120.442s][info][gc,phases   ] GC(249)   Evacuate Collection Set: 48.95ms
[120.442s][info][gc,phases   ] GC(249)   Post Evacuate Collection Set: 0.60ms
[120.442s][info][gc,phases   ] GC(249)   Other: 0.12ms
[120.442s][info][gc,heap     ] GC(249) Eden regions: 141->0(172)
[120.442s][info][gc,heap     ] GC(249) Survivor regions: 7->23(24)
[120.442s][info][gc,heap     ] GC(249) Old regions: 691->691
[120.442s][info][gc,heap     ] GC(249) Humongous regions: 8->8
[120.442s][info][gc,metaspace] GC(249) Metaspace: 18228K(18368K)->18228K(18368K) NonClass: 16399K(16512K)->16399K(16512K) Class: 1828K(1856K)->1828K(1856K)
[120.442s][info][gc          ] GC(249) Pause Young (Concurrent Start) (G1 Humongous Allocation) 846M->721M(978M) 50.870ms
[120.442s][info][gc          ] GC(250) Concurrent Mark Cycle
[120.442s][info][gc,marking  ] GC(250) Concurrent Scan Root Regions
[120.444s][info][gc,cpu      ] GC(249) User=0.10s Sys=0.00s Real=0.05s
[120.505s][info][gc,marking  ] GC(250) Concurrent Scan Root Regions 63.180ms
[120.505s][info][gc,marking  ] GC(250) Concurrent Mark
[120.505s][info][gc,marking  ] GC(250) Concurrent Mark From Roots
[120.505s][info][gc,task     ] GC(250) Using 1 workers of 1 for marking
[120.744s][info][gc,start    ] GC(251) Pause Young (Normal) (G1 Evacuation Pause)
[120.744s][info][gc,task     ] GC(251) Using 2 workers of 2 for evacuation
[120.848s][info][gc,phases   ] GC(251)   Pre Evacuate Collection Set: 0.31ms
[120.849s][info][gc,phases   ] GC(251)   Merge Heap Roots: 0.46ms
[120.849s][info][gc,phases   ] GC(251)   Evacuate Collection Set: 102.65ms
[120.849s][info][gc,phases   ] GC(251)   Post Evacuate Collection Set: 0.50ms
[120.849s][info][gc,phases   ] GC(251)   Other: 0.11ms
[120.849s][info][gc,heap     ] GC(251) Eden regions: 172->0(127)
[120.849s][info][gc,heap     ] GC(251) Survivor regions: 23->25(25)
[120.849s][info][gc,heap     ] GC(251) Old regions: 691->740
[120.849s][info][gc,heap     ] GC(251) Humongous regions: 11->11
[120.849s][info][gc,metaspace] GC(251) Metaspace: 18228K(18368K)->18228K(18368K) NonClass: 16399K(16512K)->16399K(16512K) Class: 1828K(1856K)->1828K(1856K)
[120.849s][info][gc          ] GC(251) Pause Young (Normal) (G1 Evacuation Pause) 896M->776M(978M) 104.345ms
[120.849s][info][gc,cpu      ] GC(251) User=0.20s Sys=0.00s Real=0.11s
[121.054s][info][gc,start    ] GC(252) Pause Young (Normal) (G1 Evacuation Pause)
[121.054s][info][gc,task     ] GC(252) Using 2 workers of 2 for evacuation
[121.114s][info][gc,phases   ] GC(252)   Pre Evacuate Collection Set: 0.31ms
[121.114s][info][gc,phases   ] GC(252)   Merge Heap Roots: 0.30ms
[121.114s][info][gc,phases   ] GC(252)   Evacuate Collection Set: 58.00ms
[121.114s][info][gc,phases   ] GC(252)   Post Evacuate Collection Set: 0.40ms
[121.114s][info][gc,phases   ] GC(252)   Other: 0.08ms
[121.114s][info][gc,heap     ] GC(252) Eden regions: 127->0(112)
[121.114s][info][gc,heap     ] GC(252) Survivor regions: 25->19(19)
[121.114s][info][gc,heap     ] GC(252) Old regions: 740->767
[121.114s][info][gc,heap     ] GC(252) Humongous regions: 11->11
[121.114s][info][gc,metaspace] GC(252) Metaspace: 18228K(18368K)->18228K(18368K) NonClass: 16399K(16512K)->16399K(16512K) Class: 1828K(1856K)->1828K(1856K)
[121.114s][info][gc          ] GC(252) Pause Young (Normal) (G1 Evacuation Pause) 903M->797M(978M) 59.327ms
[121.114s][info][gc,cpu      ] GC(252) User=0.12s Sys=0.00s Real=0.06s
[121.231s][info][gc,start    ] GC(253) Pause Young (Normal) (G1 Evacuation Pause)
[121.231s][info][gc,task     ] GC(253) Using 2 workers of 2 for evacuation
[121.254s][info][gc,phases   ] GC(253)   Pre Evacuate Collection Set: 0.56ms
[121.254s][info][gc,phases   ] GC(253)   Merge Heap Roots: 0.14ms
[121.254s][info][gc,phases   ] GC(253)   Evacuate Collection Set: 21.60ms
[121.254s][info][gc,phases   ] GC(253)   Post Evacuate Collection Set: 0.41ms
[121.254s][info][gc,phases   ] GC(253)   Other: 0.12ms
[121.254s][info][gc,heap     ] GC(253) Eden regions: 112->0(122)
[121.254s][info][gc,heap     ] GC(253) Survivor regions: 19->1(17)
[121.254s][info][gc,heap     ] GC(253) Old regions: 767->787
[121.254s][info][gc,heap     ] GC(253) Humongous regions: 11->11
[121.254s][info][gc,metaspace] GC(253) Metaspace: 18228K(18368K)->18228K(18368K) NonClass: 16399K(16512K)->16399K(16512K) Class: 1828K(1856K)->1828K(1856K)
[121.254s][info][gc          ] GC(253) Pause Young (Normal) (G1 Evacuation Pause) 909M->798M(978M) 23.066ms
[121.254s][info][gc,cpu      ] GC(253) User=0.04s Sys=0.00s Real=0.02s
[121.587s][info][gc,start    ] GC(254) Pause Young (Normal) (G1 Evacuation Pause)
[121.587s][info][gc,task     ] GC(254) Using 2 workers of 2 for evacuation
[121.596s][info][gc,phases   ] GC(254)   Pre Evacuate Collection Set: 0.31ms
[121.596s][info][gc,phases   ] GC(254)   Merge Heap Roots: 0.31ms
[121.596s][info][gc,phases   ] GC(254)   Evacuate Collection Set: 7.97ms
[121.596s][info][gc,phases   ] GC(254)   Post Evacuate Collection Set: 0.37ms
[121.596s][info][gc,phases   ] GC(254)   Other: 0.10ms
[121.596s][info][gc,heap     ] GC(254) Eden regions: 122->0(126)
[121.597s][info][gc,heap     ] GC(254) Survivor regions: 1->2(16)
[121.597s][info][gc,heap     ] GC(254) Old regions: 787->787
[121.597s][info][gc,heap     ] GC(254) Humongous regions: 11->11
[121.597s][info][gc,metaspace] GC(254) Metaspace: 18228K(18368K)->18228K(18368K) NonClass: 16399K(16512K)->16399K(16512K) Class: 1828K(1856K)->1828K(1856K)
[121.597s][info][gc          ] GC(254) Pause Young (Normal) (G1 Evacuation Pause) 920M->799M(978M) 9.297ms
[121.597s][info][gc,cpu      ] GC(254) User=0.02s Sys=0.00s Real=0.01s
[121.808s][info][gc,start    ] GC(255) Pause Young (Normal) (G1 Evacuation Pause)
[121.809s][info][gc,task     ] GC(255) Using 2 workers of 2 for evacuation
[121.819s][info][gc,phases   ] GC(255)   Pre Evacuate Collection Set: 0.50ms
[121.819s][info][gc,phases   ] GC(255)   Merge Heap Roots: 0.16ms
[121.819s][info][gc,phases   ] GC(255)   Evacuate Collection Set: 8.97ms
[121.819s][info][gc,phases   ] GC(255)   Post Evacuate Collection Set: 0.33ms
[121.819s][info][gc,phases   ] GC(255)   Other: 0.10ms
[121.819s][info][gc,heap     ] GC(255) Eden regions: 126->0(120)
[121.819s][info][gc,heap     ] GC(255) Survivor regions: 2->5(16)
[121.819s][info][gc,heap     ] GC(255) Old regions: 787->787
[121.819s][info][gc,heap     ] GC(255) Humongous regions: 11->11
[121.819s][info][gc,metaspace] GC(255) Metaspace: 18231K(18368K)->18231K(18368K) NonClass: 16403K(16512K)->16403K(16512K) Class: 1828K(1856K)->1828K(1856K)
[121.819s][info][gc          ] GC(255) Pause Young (Normal) (G1 Evacuation Pause) 925M->802M(978M) 10.289ms
[121.819s][info][gc,cpu      ] GC(255) User=0.02s Sys=0.00s Real=0.01s
[122.134s][info][gc,marking  ] GC(250) Concurrent Mark From Roots 1629.014ms
[122.134s][info][gc,marking  ] GC(250) Concurrent Preclean
[122.134s][info][gc,marking  ] GC(250) Concurrent Preclean 0.026ms
[122.134s][info][gc,start    ] GC(250) Pause Remark
[122.142s][info][gc          ] GC(250) Pause Remark 910M->722M(978M) 7.741ms
[122.142s][info][gc,cpu      ] GC(250) User=0.02s Sys=0.00s Real=0.01s
[122.142s][info][gc,marking  ] GC(250) Concurrent Mark 1637.093ms
[122.142s][info][gc,marking  ] GC(250) Concurrent Rebuild Remembered Sets and Scrub Regions
[122.218s][info][gc,start    ] GC(256) Pause Young (Normal) (G1 Evacuation Pause)
[122.218s][info][gc,task     ] GC(256) Using 2 workers of 2 for evacuation
[122.242s][info][gc,phases   ] GC(256)   Pre Evacuate Collection Set: 0.50ms
[122.242s][info][gc,phases   ] GC(256)   Merge Heap Roots: 0.20ms
[122.242s][info][gc,phases   ] GC(256)   Evacuate Collection Set: 21.90ms
[122.242s][info][gc,phases   ] GC(256)   Post Evacuate Collection Set: 0.43ms
[122.242s][info][gc,phases   ] GC(256)   Other: 0.09ms
[122.242s][info][gc,heap     ] GC(256) Eden regions: 120->0(251)
[122.242s][info][gc,heap     ] GC(256) Survivor regions: 5->16(16)
[122.242s][info][gc,heap     ] GC(256) Old regions: 603->603
[122.242s][info][gc,heap     ] GC(256) Humongous regions: 7->7
[122.242s][info][gc,metaspace] GC(256) Metaspace: 18231K(18368K)->18231K(18368K) NonClass: 16403K(16512K)->16403K(16512K) Class: 1828K(1856K)->1828K(1856K)
[122.242s][info][gc          ] GC(256) Pause Young (Normal) (G1 Evacuation Pause) 734M->625M(978M) 23.369ms
[122.242s][info][gc,cpu      ] GC(256) User=0.04s Sys=0.00s Real=0.02s
[122.805s][info][gc,marking  ] GC(250) Concurrent Rebuild Remembered Sets and Scrub Regions 662.883ms
[122.805s][info][gc,start    ] GC(250) Pause Cleanup
[122.806s][info][gc          ] GC(250) Pause Cleanup 805M->805M(978M) 0.162ms
[122.806s][info][gc,cpu      ] GC(250) User=0.00s Sys=0.00s Real=0.00s
[122.806s][info][gc,marking  ] GC(250) Concurrent Clear Claimed Marks
[122.806s][info][gc,marking  ] GC(250) Concurrent Clear Claimed Marks 0.033ms
[122.806s][info][gc,marking  ] GC(250) Concurrent Cleanup for Next Mark
[122.813s][info][gc,marking  ] GC(250) Concurrent Cleanup for Next Mark 7.008ms
[122.813s][info][gc          ] GC(250) Concurrent Mark Cycle 2370.792ms
[123.040s][info][gc,start    ] GC(257) Pause Young (Prepare Mixed) (G1 Evacuation Pause)
[123.040s][info][gc,task     ] GC(257) Using 2 workers of 2 for evacuation
[123.085s][info][gc,phases   ] GC(257)   Pre Evacuate Collection Set: 0.32ms
[123.085s][info][gc,phases   ] GC(257)   Merge Heap Roots: 0.34ms
[123.085s][info][gc,phases   ] GC(257)   Evacuate Collection Set: 43.41ms
[123.085s][info][gc,phases   ] GC(257)   Post Evacuate Collection Set: 0.56ms
[123.085s][info][gc,phases   ] GC(257)   Other: 0.10ms
[123.085s][info][gc,heap     ] GC(257) Eden regions: 251->0(245)
[123.085s][info][gc,heap     ] GC(257) Survivor regions: 16->34(34)
[123.085s][info][gc,heap     ] GC(257) Old regions: 603->603
[123.085s][info][gc,heap     ] GC(257) Humongous regions: 7->7
[123.085s][info][gc,metaspace] GC(257) Metaspace: 18232K(18368K)->18232K(18368K) NonClass: 16403K(16512K)->16403K(16512K) Class: 1828K(1856K)->1828K(1856K)
[123.085s][info][gc          ] GC(257) Pause Young (Prepare Mixed) (G1 Evacuation Pause) 876M->643M(978M) 45.022ms
[123.085s][info][gc,cpu      ] GC(257) User=0.09s Sys=0.00s Real=0.04s
[123.814s][info][gc,start    ] GC(258) Pause Young (Mixed) (G1 Evacuation Pause)
[123.814s][info][gc,task     ] GC(258) Using 2 workers of 2 for evacuation
[123.854s][info][gc,phases   ] GC(258)   Pre Evacuate Collection Set: 0.35ms
[123.854s][info][gc,phases   ] GC(258)   Merge Heap Roots: 0.28ms
[123.854s][info][gc,phases   ] GC(258)   Evacuate Collection Set: 38.73ms
[123.854s][info][gc,phases   ] GC(258)   Post Evacuate Collection Set: 0.59ms
[123.854s][info][gc,phases   ] GC(258)   Other: 0.15ms
[123.854s][info][gc,heap     ] GC(258) Eden regions: 245->0(291)
[123.854s][info][gc,heap     ] GC(258) Survivor regions: 34->18(35)
[123.854s][info][gc,heap     ] GC(258) Old regions: 603->575
[123.854s][info][gc,heap     ] GC(258) Humongous regions: 7->7
[123.854s][info][gc,metaspace] GC(258) Metaspace: 18232K(18368K)->18232K(18368K) NonClass: 16403K(16512K)->16403K(16512K) Class: 1828K(1856K)->1828K(1856K)
[123.854s][info][gc          ] GC(258) Pause Young (Mixed) (G1 Evacuation Pause) 888M->599M(978M) 40.421ms
[123.854s][info][gc,cpu      ] GC(258) User=0.08s Sys=0.00s Real=0.04s
[124.571s][info][gc,start    ] GC(259) Pause Young (Concurrent Start) (G1 Evacuation Pause)
[124.571s][info][gc,task     ] GC(259) Using 2 workers of 2 for evacuation
[124.602s][info][gc,phases   ] GC(259)   Pre Evacuate Collection Set: 0.29ms
[124.602s][info][gc,phases   ] GC(259)   Merge Heap Roots: 0.43ms
[124.602s][info][gc,phases   ] GC(259)   Evacuate Collection Set: 29.22ms
[124.602s][info][gc,phases   ] GC(259)   Post Evacuate Collection Set: 0.54ms
[124.602s][info][gc,phases   ] GC(259)   Other: 0.13ms
[124.602s][info][gc,heap     ] GC(259) Eden regions: 291->0(306)
[124.602s][info][gc,heap     ] GC(259) Survivor regions: 18->18(39)
[124.602s][info][gc,heap     ] GC(259) Old regions: 575->575
[124.602s][info][gc,heap     ] GC(259) Humongous regions: 7->7
[124.602s][info][gc,metaspace] GC(259) Metaspace: 18235K(18368K)->18235K(18368K) NonClass: 16407K(16512K)->16407K(16512K) Class: 1828K(1856K)->1828K(1856K)
[124.602s][info][gc          ] GC(259) Pause Young (Concurrent Start) (G1 Evacuation Pause) 890M->599M(978M) 30.893ms
[124.602s][info][gc,cpu      ] GC(259) User=0.06s Sys=0.00s Real=0.03s
[124.602s][info][gc          ] GC(260) Concurrent Mark Cycle
[124.602s][info][gc,marking  ] GC(260) Concurrent Scan Root Regions
[124.646s][info][gc,marking  ] GC(260) Concurrent Scan Root Regions 43.395ms
[124.646s][info][gc,marking  ] GC(260) Concurrent Mark
[124.646s][info][gc,marking  ] GC(260) Concurrent Mark From Roots
[124.646s][info][gc,task     ] GC(260) Using 1 workers of 1 for marking
[125.278s][info][gc,start    ] GC(261) Pause Young (Normal) (G1 Evacuation Pause)
[125.279s][info][gc,task     ] GC(261) Using 2 workers of 2 for evacuation
[125.367s][info][gc,phases   ] GC(261)   Pre Evacuate Collection Set: 0.33ms
[125.367s][info][gc,phases   ] GC(261)   Merge Heap Roots: 0.19ms
[125.367s][info][gc,phases   ] GC(261)   Evacuate Collection Set: 84.33ms
[125.367s][info][gc,phases   ] GC(261)   Post Evacuate Collection Set: 3.49ms
[125.367s][info][gc,phases   ] GC(261)   Other: 0.10ms
[125.367s][info][gc,heap     ] GC(261) Eden regions: 306->0(202)
[125.367s][info][gc,heap     ] GC(261) Survivor regions: 18->41(41)
[125.367s][info][gc,heap     ] GC(261) Old regions: 575->637
[125.367s][info][gc,heap     ] GC(261) Humongous regions: 7->7
[125.367s][info][gc,metaspace] GC(261) Metaspace: 18236K(18368K)->18236K(18368K) NonClass: 16407K(16512K)->16407K(16512K) Class: 1828K(1856K)->1828K(1856K)
[125.367s][info][gc          ] GC(261) Pause Young (Normal) (G1 Evacuation Pause) (Evacuation Failure: Allocation) 905M->685M(978M) 88.705ms
[125.367s][info][gc,cpu      ] GC(261) User=0.18s Sys=0.00s Real=0.08s
[125.910s][info][gc,start    ] GC(262) Pause Young (Normal) (G1 Evacuation Pause)
[125.910s][info][gc,task     ] GC(262) Using 2 workers of 2 for evacuation
[125.984s][info][gc,phases   ] GC(262)   Pre Evacuate Collection Set: 0.33ms
[125.984s][info][gc,phases   ] GC(262)   Merge Heap Roots: 0.50ms
[125.984s][info][gc,phases   ] GC(262)   Evacuate Collection Set: 72.50ms
[125.984s][info][gc,phases   ] GC(262)   Post Evacuate Collection Set: 0.59ms
[125.984s][info][gc,phases   ] GC(262)   Other: 0.14ms
[125.984s][info][gc,heap     ] GC(262) Eden regions: 202->0(220)
[125.984s][info][gc,heap     ] GC(262) Survivor regions: 41->16(31)
[125.984s][info][gc,heap     ] GC(262) Old regions: 637->656
[125.984s][info][gc,heap     ] GC(262) Humongous regions: 7->7
[125.984s][info][gc,metaspace] GC(262) Metaspace: 18236K(18368K)->18236K(18368K) NonClass: 16407K(16512K)->16407K(16512K) Class: 1828K(1856K)->1828K(1856K)
[125.984s][info][gc          ] GC(262) Pause Young (Normal) (G1 Evacuation Pause) 887M->678M(978M) 74.374ms
[125.984s][info][gc,cpu      ] GC(262) User=0.15s Sys=0.00s Real=0.07s
[126.501s][info][gc,start    ] GC(263) Pause Young (Normal) (G1 Evacuation Pause)
[126.501s][info][gc,task     ] GC(263) Using 2 workers of 2 for evacuation
[126.610s][info][gc,phases   ] GC(263)   Pre Evacuate Collection Set: 0.52ms
[126.610s][info][gc,phases   ] GC(263)   Merge Heap Roots: 0.73ms
[126.610s][info][gc,phases   ] GC(263)   Evacuate Collection Set: 107.56ms
[126.611s][info][gc,phases   ] GC(263)   Post Evacuate Collection Set: 0.58ms
[126.611s][info][gc,phases   ] GC(263)   Other: 0.09ms
[126.611s][info][gc,heap     ] GC(263) Eden regions: 220->0(161)
[126.611s][info][gc,heap     ] GC(263) Survivor regions: 16->30(30)
[126.611s][info][gc,heap     ] GC(263) Old regions: 656->697
[126.611s][info][gc,heap     ] GC(263) Humongous regions: 10->10
[126.611s][info][gc,metaspace] GC(263) Metaspace: 18236K(18368K)->18236K(18368K) NonClass: 16407K(16512K)->16407K(16512K) Class: 1828K(1856K)->1828K(1856K)
[126.611s][info][gc          ] GC(263) Pause Young (Normal) (G1 Evacuation Pause) 901M->736M(978M) 109.777ms
[126.611s][info][gc,cpu      ] GC(263) User=0.22s Sys=0.00s Real=0.11s
[126.682s][info][gc,marking  ] GC(260) Concurrent Mark From Roots 2036.648ms
[126.682s][info][gc,marking  ] GC(260) Concurrent Preclean
[126.682s][info][gc,marking  ] GC(260) Concurrent Preclean 0.024ms
[126.683s][info][gc,start    ] GC(260) Pause Remark
[126.690s][info][gc          ] GC(260) Pause Remark 755M->742M(978M) 7.360ms
[126.690s][info][gc,cpu      ] GC(260) User=0.01s Sys=0.00s Real=0.01s
[126.690s][info][gc,marking  ] GC(260) Concurrent Mark 2044.351ms
[126.690s][info][gc,marking  ] GC(260) Concurrent Rebuild Remembered Sets and Scrub Regions
[126.840s][info][gc,start    ] GC(264) Pause Young (Normal) (G1 Evacuation Pause)
[126.840s][info][gc,task     ] GC(264) Using 2 workers of 2 for evacuation
[126.892s][info][gc,phases   ] GC(264)   Pre Evacuate Collection Set: 0.30ms
[126.892s][info][gc,phases   ] GC(264)   Merge Heap Roots: 0.38ms
[126.892s][info][gc,phases   ] GC(264)   Evacuate Collection Set: 51.10ms
[126.892s][info][gc,phases   ] GC(264)   Post Evacuate Collection Set: 0.42ms
[126.892s][info][gc,phases   ] GC(264)   Other: 0.09ms
[126.892s][info][gc,heap     ] GC(264) Eden regions: 161->0(179)
[126.892s][info][gc,heap     ] GC(264) Survivor regions: 30->5(24)
[126.892s][info][gc,heap     ] GC(264) Old regions: 685->715
[126.892s][info][gc,heap     ] GC(264) Humongous regions: 9->9
[126.892s][info][gc,metaspace] GC(264) Metaspace: 18236K(18368K)->18236K(18368K) NonClass: 16407K(16512K)->16407K(16512K) Class: 1828K(1856K)->1828K(1856K)
[126.892s][info][gc          ] GC(264) Pause Young (Normal) (G1 Evacuation Pause) 884M->729M(978M) 52.580ms
[126.892s][info][gc,cpu      ] GC(264) User=0.10s Sys=0.00s Real=0.05s
[127.222s][info][gc,start    ] GC(265) Pause Young (Normal) (G1 Evacuation Pause)
[127.222s][info][gc,task     ] GC(265) Using 2 workers of 2 for evacuation
[127.242s][info][gc,phases   ] GC(265)   Pre Evacuate Collection Set: 0.29ms
[127.242s][info][gc,phases   ] GC(265)   Merge Heap Roots: 0.24ms
[127.242s][info][gc,phases   ] GC(265)   Evacuate Collection Set: 18.47ms
[127.242s][info][gc,phases   ] GC(265)   Post Evacuate Collection Set: 0.44ms
[127.242s][info][gc,phases   ] GC(265)   Other: 0.09ms
[127.242s][info][gc,heap     ] GC(265) Eden regions: 179->0(183)
[127.242s][info][gc,heap     ] GC(265) Survivor regions: 5->10(23)
[127.242s][info][gc,heap     ] GC(265) Old regions: 715->715
[127.242s][info][gc,heap     ] GC(265) Humongous regions: 9->9
[127.242s][info][gc,metaspace] GC(265) Metaspace: 18237K(18368K)->18237K(18368K) NonClass: 16408K(16512K)->16408K(16512K) Class: 1828K(1856K)->1828K(1856K)
[127.242s][info][gc          ] GC(265) Pause Young (Normal) (G1 Evacuation Pause) 908M->734M(978M) 19.831ms
[127.242s][info][gc,cpu      ] GC(265) User=0.04s Sys=0.00s Real=0.02s
[127.488s][info][gc,start    ] GC(266) Pause Young (Normal) (G1 Evacuation Pause)
[127.489s][info][gc,task     ] GC(266) Using 2 workers of 2 for evacuation
[127.519s][info][gc,phases   ] GC(266)   Pre Evacuate Collection Set: 0.32ms
[127.519s][info][gc,phases   ] GC(266)   Merge Heap Roots: 0.21ms
[127.519s][info][gc,phases   ] GC(266)   Evacuate Collection Set: 29.71ms
[127.519s][info][gc,phases   ] GC(266)   Post Evacuate Collection Set: 0.46ms
[127.519s][info][gc,phases   ] GC(266)   Other: 0.11ms
[127.519s][info][gc,heap     ] GC(266) Eden regions: 183->0(156)
[127.519s][info][gc,heap     ] GC(266) Survivor regions: 10->24(25)
[127.519s][info][gc,heap     ] GC(266) Old regions: 715->715
[127.520s][info][gc,heap     ] GC(266) Humongous regions: 9->9
[127.520s][info][gc,metaspace] GC(266) Metaspace: 18243K(18368K)->18243K(18368K) NonClass: 16415K(16512K)->16415K(16512K) Class: 1828K(1856K)->1828K(1856K)
[127.520s][info][gc          ] GC(266) Pause Young (Normal) (G1 Evacuation Pause) 917M->748M(978M) 31.106ms
[127.520s][info][gc,cpu      ] GC(266) User=0.07s Sys=0.00s Real=0.03s
[127.625s][info][gc,marking  ] GC(260) Concurrent Rebuild Remembered Sets and Scrub Regions 934.746ms
[127.625s][info][gc,start    ] GC(260) Pause Cleanup
[127.625s][info][gc          ] GC(260) Pause Cleanup 827M->827M(978M) 0.121ms
[127.625s][info][gc,cpu      ] GC(260) User=0.00s Sys=0.00s Real=0.00s
[127.626s][info][gc,marking  ] GC(260) Concurrent Clear Claimed Marks
[127.626s][info][gc,marking  ] GC(260) Concurrent Clear Claimed Marks 0.047ms
[127.626s][info][gc,marking  ] GC(260) Concurrent Cleanup for Next Mark
[127.632s][info][gc,marking  ] GC(260) Concurrent Cleanup for Next Mark 5.891ms
[127.632s][info][gc          ] GC(260) Concurrent Mark Cycle 3030.097ms
[127.739s][info][gc,start    ] GC(267) Pause Young (Prepare Mixed) (G1 Evacuation Pause)
[127.739s][info][gc,task     ] GC(267) Using 2 workers of 2 for evacuation
[127.777s][info][gc,phases   ] GC(267)   Pre Evacuate Collection Set: 0.51ms
[127.777s][info][gc,phases   ] GC(267)   Merge Heap Roots: 0.20ms
[127.777s][info][gc,phases   ] GC(267)   Evacuate Collection Set: 36.22ms
[127.777s][info][gc,phases   ] GC(267)   Post Evacuate Collection Set: 0.47ms
[127.777s][info][gc,phases   ] GC(267)   Other: 0.11ms
[127.777s][info][gc,heap     ] GC(267) Eden regions: 156->0(155)
[127.777s][info][gc,heap     ] GC(267) Survivor regions: 24->17(23)
[127.777s][info][gc,heap     ] GC(267) Old regions: 715->730
[127.777s][info][gc,heap     ] GC(267) Humongous regions: 9->9
[127.777s][info][gc,metaspace] GC(267) Metaspace: 18244K(18368K)->18244K(18368K) NonClass: 16415K(16512K)->16415K(16512K) Class: 1828K(1856K)->1828K(1856K)
[127.777s][info][gc          ] GC(267) Pause Young (Prepare Mixed) (G1 Evacuation Pause) 904M->754M(978M) 37.736ms
[127.777s][info][gc,cpu      ] GC(267) User=0.07s Sys=0.00s Real=0.03s
[127.929s][info][gc,start    ] GC(268) Pause Young (Mixed) (G1 Evacuation Pause)
[127.929s][info][gc,task     ] GC(268) Using 2 workers of 2 for evacuation
[127.991s][info][gc,phases   ] GC(268)   Pre Evacuate Collection Set: 0.36ms
[127.991s][info][gc,phases   ] GC(268)   Merge Heap Roots: 0.25ms
[127.991s][info][gc,phases   ] GC(268)   Evacuate Collection Set: 59.90ms
[127.991s][info][gc,phases   ] GC(268)   Post Evacuate Collection Set: 0.56ms
[127.991s][info][gc,phases   ] GC(268)   Other: 0.09ms
[127.991s][info][gc,heap     ] GC(268) Eden regions: 155->0(127)
[127.991s][info][gc,heap     ] GC(268) Survivor regions: 17->22(22)
[127.991s][info][gc,heap     ] GC(268) Old regions: 730->748
[127.991s][info][gc,heap     ] GC(268) Humongous regions: 9->9
[127.991s][info][gc,metaspace] GC(268) Metaspace: 18244K(18368K)->18244K(18368K) NonClass: 16415K(16512K)->16415K(16512K) Class: 1828K(1856K)->1828K(1856K)
[127.991s][info][gc          ] GC(268) Pause Young (Mixed) (G1 Evacuation Pause) 909M->778M(978M) 61.470ms
[127.991s][info][gc,cpu      ] GC(268) User=0.12s Sys=0.00s Real=0.06s
[128.163s][info][gc,start    ] GC(269) Pause Young (Concurrent Start) (G1 Evacuation Pause)
[128.163s][info][gc,task     ] GC(269) Using 2 workers of 2 for evacuation
[128.214s][info][gc,phases   ] GC(269)   Pre Evacuate Collection Set: 0.30ms
[128.214s][info][gc,phases   ] GC(269)   Merge Heap Roots: 0.30ms
[128.214s][info][gc,phases   ] GC(269)   Evacuate Collection Set: 49.27ms
[128.214s][info][gc,phases   ] GC(269)   Post Evacuate Collection Set: 0.45ms
[128.214s][info][gc,phases   ] GC(269)   Other: 0.11ms
[128.214s][info][gc,heap     ] GC(269) Eden regions: 127->0(117)
[128.214s][info][gc,heap     ] GC(269) Survivor regions: 22->16(19)
[128.214s][info][gc,heap     ] GC(269) Old regions: 748->770
[128.214s][info][gc,heap     ] GC(269) Humongous regions: 9->9
[128.214s][info][gc,metaspace] GC(269) Metaspace: 18244K(18368K)->18244K(18368K) NonClass: 16415K(16512K)->16415K(16512K) Class: 1828K(1856K)->1828K(1856K)
[128.214s][info][gc          ] GC(269) Pause Young (Concurrent Start) (G1 Evacuation Pause) 905M->795M(978M) 50.699ms
[128.214s][info][gc,cpu      ] GC(269) User=0.10s Sys=0.00s Real=0.05s
[128.214s][info][gc          ] GC(270) Concurrent Mark Cycle
[128.214s][info][gc,marking  ] GC(270) Concurrent Scan Root Regions
[128.288s][info][gc,marking  ] GC(270) Concurrent Scan Root Regions 74.486ms
[128.289s][info][gc,marking  ] GC(270) Concurrent Mark
[128.289s][info][gc,marking  ] GC(270) Concurrent Mark From Roots
[128.289s][info][gc,task     ] GC(270) Using 1 workers of 1 for marking
[128.542s][info][gc,start    ] GC(271) Pause Young (Normal) (G1 Evacuation Pause)
[128.542s][info][gc,task     ] GC(271) Using 2 workers of 2 for evacuation
[128.570s][info][gc,phases   ] GC(271)   Pre Evacuate Collection Set: 0.30ms
[128.570s][info][gc,phases   ] GC(271)   Merge Heap Roots: 0.17ms
[128.570s][info][gc,phases   ] GC(271)   Evacuate Collection Set: 27.76ms
[128.570s][info][gc,phases   ] GC(271)   Post Evacuate Collection Set: 0.42ms
[128.570s][info][gc,phases   ] GC(271)   Other: 0.11ms
[128.570s][info][gc,heap     ] GC(271) Eden regions: 117->0(123)
[128.570s][info][gc,heap     ] GC(271) Survivor regions: 16->5(17)
[128.570s][info][gc,heap     ] GC(271) Old regions: 770->786
[128.570s][info][gc,heap     ] GC(271) Humongous regions: 9->9
[128.571s][info][gc,metaspace] GC(271) Metaspace: 18247K(18368K)->18247K(18368K) NonClass: 16418K(16512K)->16418K(16512K) Class: 1828K(1856K)->1828K(1856K)
[128.571s][info][gc          ] GC(271) Pause Young (Normal) (G1 Evacuation Pause) 912M->799M(978M) 29.036ms
[128.571s][info][gc,cpu      ] GC(271) User=0.05s Sys=0.00s Real=0.03s
[129.090s][info][gc,start    ] GC(272) Pause Young (Normal) (G1 Evacuation Pause)
[129.090s][info][gc,task     ] GC(272) Using 2 workers of 2 for evacuation
[129.097s][info][gc,phases   ] GC(272)   Pre Evacuate Collection Set: 0.56ms
[129.097s][info][gc,phases   ] GC(272)   Merge Heap Roots: 0.13ms
[129.097s][info][gc,phases   ] GC(272)   Evacuate Collection Set: 6.12ms
[129.097s][info][gc,phases   ] GC(272)   Post Evacuate Collection Set: 0.38ms
[129.097s][info][gc,phases   ] GC(272)   Other: 0.13ms
[129.097s][info][gc,heap     ] GC(272) Eden regions: 123->0(123)
[129.097s][info][gc,heap     ] GC(272) Survivor regions: 5->5(16)
[129.097s][info][gc,heap     ] GC(272) Old regions: 786->786
[129.097s][info][gc,heap     ] GC(272) Humongous regions: 9->9
[129.097s][info][gc,metaspace] GC(272) Metaspace: 18247K(18368K)->18247K(18368K) NonClass: 16418K(16512K)->16418K(16512K) Class: 1828K(1856K)->1828K(1856K)
[129.097s][info][gc          ] GC(272) Pause Young (Normal) (G1 Evacuation Pause) 922M->799M(978M) 7.622ms
[129.097s][info][gc,cpu      ] GC(272) User=0.01s Sys=0.00s Real=0.00s
[129.586s][info][gc,start    ] GC(273) Pause Young (Normal) (G1 Evacuation Pause)
[129.586s][info][gc,task     ] GC(273) Using 2 workers of 2 for evacuation
[129.602s][info][gc,phases   ] GC(273)   Pre Evacuate Collection Set: 0.32ms
[129.602s][info][gc,phases   ] GC(273)   Merge Heap Roots: 0.12ms
[129.602s][info][gc,phases   ] GC(273)   Evacuate Collection Set: 14.66ms
[129.602s][info][gc,phases   ] GC(273)   Post Evacuate Collection Set: 0.43ms
[129.602s][info][gc,phases   ] GC(273)   Other: 0.14ms
[129.602s][info][gc,heap     ] GC(273) Eden regions: 123->0(107)
[129.602s][info][gc,heap     ] GC(273) Survivor regions: 5->13(16)
[129.602s][info][gc,heap     ] GC(273) Old regions: 786->786
[129.602s][info][gc,heap     ] GC(273) Humongous regions: 9->9
[129.602s][info][gc,metaspace] GC(273) Metaspace: 18247K(18368K)->18247K(18368K) NonClass: 16419K(16512K)->16419K(16512K) Class: 1828K(1856K)->1828K(1856K)
[129.602s][info][gc          ] GC(273) Pause Young (Normal) (G1 Evacuation Pause) 922M->808M(978M) 15.960ms
[129.602s][info][gc,cpu      ] GC(273) User=0.03s Sys=0.01s Real=0.02s
[129.695s][info][gc,marking  ] GC(270) Concurrent Mark From Roots 1406.407ms
[129.695s][info][gc,marking  ] GC(270) Concurrent Preclean
[129.695s][info][gc,marking  ] GC(270) Concurrent Preclean 0.028ms
[129.695s][info][gc,start    ] GC(270) Pause Remark
[129.703s][info][gc          ] GC(270) Pause Remark 869M->615M(978M) 7.945ms
[129.703s][info][gc,cpu      ] GC(270) User=0.02s Sys=0.00s Real=0.01s
[129.703s][info][gc,marking  ] GC(270) Concurrent Mark 1414.918ms
[129.703s][info][gc,marking  ] GC(270) Concurrent Rebuild Remembered Sets and Scrub Regions
[129.789s][info][gc,start    ] GC(274) Pause Young (Normal) (G1 Evacuation Pause)
[129.789s][info][gc,task     ] GC(274) Using 2 workers of 2 for evacuation
[129.814s][info][gc,phases   ] GC(274)   Pre Evacuate Collection Set: 0.54ms
[129.814s][info][gc,phases   ] GC(274)   Merge Heap Roots: 0.11ms
[129.814s][info][gc,phases   ] GC(274)   Evacuate Collection Set: 23.73ms
[129.814s][info][gc,phases   ] GC(274)   Post Evacuate Collection Set: 0.39ms
[129.814s][info][gc,phases   ] GC(274)   Other: 0.10ms
[129.814s][info][gc,heap     ] GC(274) Eden regions: 107->0(329)
[129.814s][info][gc,heap     ] GC(274) Survivor regions: 13->8(15)
[129.814s][info][gc,heap     ] GC(274) Old regions: 537->550
[129.814s][info][gc,heap     ] GC(274) Humongous regions: 4->4
[129.814s][info][gc,metaspace] GC(274) Metaspace: 18248K(18368K)->18248K(18368K) NonClass: 16419K(16512K)->16419K(16512K) Class: 1828K(1856K)->1828K(1856K)
[129.814s][info][gc          ] GC(274) Pause Young (Normal) (G1 Evacuation Pause) 661M->562M(978M) 25.109ms
[129.814s][info][gc,cpu      ] GC(274) User=0.04s Sys=0.00s Real=0.02s
[130.137s][info][gc,marking  ] GC(270) Concurrent Rebuild Remembered Sets and Scrub Regions 433.765ms
[130.137s][info][gc,start    ] GC(270) Pause Cleanup
[130.138s][info][gc          ] GC(270) Pause Cleanup 765M->765M(978M) 0.152ms
[130.138s][info][gc,cpu      ] GC(270) User=0.00s Sys=0.00s Real=0.00s
[130.138s][info][gc,marking  ] GC(270) Concurrent Clear Claimed Marks
[130.138s][info][gc,marking  ] GC(270) Concurrent Clear Claimed Marks 0.026ms
[130.138s][info][gc,marking  ] GC(270) Concurrent Cleanup for Next Mark
[130.141s][info][gc,marking  ] GC(270) Concurrent Cleanup for Next Mark 2.918ms
[130.141s][info][gc          ] GC(270) Concurrent Mark Cycle 1926.709ms
[130.342s][info][gc,start    ] GC(275) Pause Young (Prepare Mixed) (G1 Evacuation Pause)
[130.342s][info][gc,task     ] GC(275) Using 2 workers of 2 for evacuation
[130.428s][info][gc,phases   ] GC(275)   Pre Evacuate Collection Set: 0.54ms
[130.428s][info][gc,phases   ] GC(275)   Merge Heap Roots: 0.16ms
[130.428s][info][gc,phases   ] GC(275)   Evacuate Collection Set: 84.24ms
[130.428s][info][gc,phases   ] GC(275)   Post Evacuate Collection Set: 0.86ms
[130.428s][info][gc,phases   ] GC(275)   Other: 0.13ms
[130.428s][info][gc,heap     ] GC(275) Eden regions: 329->0(233)
[130.428s][info][gc,heap     ] GC(275) Survivor regions: 8->43(43)
[130.428s][info][gc,heap     ] GC(275) Old regions: 550->593
[130.428s][info][gc,heap     ] GC(275) Humongous regions: 4->4
[130.428s][info][gc,metaspace] GC(275) Metaspace: 18250K(18368K)->18250K(18368K) NonClass: 16421K(16512K)->16421K(16512K) Class: 1828K(1856K)->1828K(1856K)
[130.428s][info][gc          ] GC(275) Pause Young (Prepare Mixed) (G1 Evacuation Pause) 891M->639M(978M) 86.217ms
[130.428s][info][gc,cpu      ] GC(275) User=0.17s Sys=0.00s Real=0.08s
[130.766s][info][gc,start    ] GC(276) Pause Young (Mixed) (G1 Evacuation Pause)
[130.767s][info][gc,task     ] GC(276) Using 2 workers of 2 for evacuation
[130.895s][info][gc,phases   ] GC(276)   Pre Evacuate Collection Set: 0.56ms
[130.895s][info][gc,phases   ] GC(276)   Merge Heap Roots: 0.56ms
[130.895s][info][gc,phases   ] GC(276)   Evacuate Collection Set: 126.80ms
[130.895s][info][gc,phases   ] GC(276)   Post Evacuate Collection Set: 0.76ms
[130.895s][info][gc,phases   ] GC(276)   Other: 0.13ms
[130.895s][info][gc,heap     ] GC(276) Eden regions: 233->0(259)
[130.896s][info][gc,heap     ] GC(276) Survivor regions: 43->35(35)
[130.896s][info][gc,heap     ] GC(276) Old regions: 593->550
[130.896s][info][gc,heap     ] GC(276) Humongous regions: 7->7
[130.896s][info][gc,metaspace] GC(276) Metaspace: 18250K(18368K)->18250K(18368K) NonClass: 16422K(16512K)->16422K(16512K) Class: 1828K(1856K)->1828K(1856K)
[130.896s][info][gc          ] GC(276) Pause Young (Mixed) (G1 Evacuation Pause) 875M->591M(978M) 129.066ms
[130.896s][info][gc,cpu      ] GC(276) User=0.25s Sys=0.00s Real=0.13s
[131.172s][info][gc,start    ] GC(277) Pause Young (Concurrent Start) (G1 Evacuation Pause)
[131.173s][info][gc,task     ] GC(277) Using 2 workers of 2 for evacuation
[131.249s][info][gc,phases   ] GC(277)   Pre Evacuate Collection Set: 0.33ms
[131.249s][info][gc,phases   ] GC(277)   Merge Heap Roots: 0.38ms
[131.249s][info][gc,phases   ] GC(277)   Evacuate Collection Set: 75.13ms
[131.249s][info][gc,phases   ] GC(277)   Post Evacuate Collection Set: 0.55ms
[131.249s][info][gc,phases   ] GC(277)   Other: 0.13ms
[131.249s][info][gc,heap     ] GC(277) Eden regions: 259->0(254)
[131.249s][info][gc,heap     ] GC(277) Survivor regions: 35->21(37)
[131.249s][info][gc,heap     ] GC(277) Old regions: 550->585
[131.249s][info][gc,heap     ] GC(277) Humongous regions: 7->7
[131.249s][info][gc,metaspace] GC(277) Metaspace: 18250K(18368K)->18250K(18368K) NonClass: 16422K(16512K)->16422K(16512K) Class: 1828K(1856K)->1828K(1856K)
[131.249s][info][gc          ] GC(277) Pause Young (Concurrent Start) (G1 Evacuation Pause) 850M->613M(978M) 76.835ms
[131.249s][info][gc,cpu      ] GC(277) User=0.15s Sys=0.00s Real=0.08s
[131.249s][info][gc          ] GC(278) Concurrent Mark Cycle
[131.251s][info][gc,marking  ] GC(278) Concurrent Scan Root Regions
[131.368s][info][gc,marking  ] GC(278) Concurrent Scan Root Regions 117.263ms
[131.369s][info][gc,marking  ] GC(278) Concurrent Mark
[131.369s][info][gc,marking  ] GC(278) Concurrent Mark From Roots
[131.369s][info][gc,task     ] GC(278) Using 1 workers of 1 for marking
[131.706s][info][gc,start    ] GC(279) Pause Young (Normal) (G1 Evacuation Pause)
[131.706s][info][gc,task     ] GC(279) Using 2 workers of 2 for evacuation
[131.740s][info][gc,phases   ] GC(279)   Pre Evacuate Collection Set: 0.29ms
[131.740s][info][gc,phases   ] GC(279)   Merge Heap Roots: 0.22ms
[131.740s][info][gc,phases   ] GC(279)   Evacuate Collection Set: 32.43ms
[131.740s][info][gc,phases   ] GC(279)   Post Evacuate Collection Set: 0.51ms
[131.740s][info][gc,phases   ] GC(279)   Other: 0.10ms
[131.740s][info][gc,heap     ] GC(279) Eden regions: 254->0(264)
[131.740s][info][gc,heap     ] GC(279) Survivor regions: 21->5(35)
[131.740s][info][gc,heap     ] GC(279) Old regions: 585->606
[131.740s][info][gc,heap     ] GC(279) Humongous regions: 7->7
[131.740s][info][gc,metaspace] GC(279) Metaspace: 18250K(18368K)->18250K(18368K) NonClass: 16422K(16512K)->16422K(16512K) Class: 1828K(1856K)->1828K(1856K)
[131.740s][info][gc          ] GC(279) Pause Young (Normal) (G1 Evacuation Pause) 867M->618M(978M) 33.816ms
[131.740s][info][gc,cpu      ] GC(279) User=0.06s Sys=0.00s Real=0.04s
[132.629s][info][gc,marking  ] GC(278) Concurrent Mark From Roots 1260.305ms
[132.629s][info][gc,marking  ] GC(278) Concurrent Preclean
[132.629s][info][gc,marking  ] GC(278) Concurrent Preclean 0.032ms
[132.629s][info][gc,start    ] GC(278) Pause Remark
[132.637s][info][gc          ] GC(278) Pause Remark 878M->841M(978M) 8.031ms
[132.637s][info][gc,cpu      ] GC(278) User=0.01s Sys=0.00s Real=0.00s
[132.637s][info][gc,marking  ] GC(278) Concurrent Mark 1268.750ms
[132.637s][info][gc,marking  ] GC(278) Concurrent Rebuild Remembered Sets and Scrub Regions
[132.662s][info][gc,start    ] GC(280) Pause Young (Normal) (G1 Evacuation Pause)
[132.662s][info][gc,task     ] GC(280) Using 2 workers of 2 for evacuation
[132.723s][info][gc,phases   ] GC(280)   Pre Evacuate Collection Set: 0.52ms
[132.723s][info][gc,phases   ] GC(280)   Merge Heap Roots: 0.59ms
[132.723s][info][gc,phases   ] GC(280)   Evacuate Collection Set: 59.19ms
[132.723s][info][gc,phases   ] GC(280)   Post Evacuate Collection Set: 0.57ms
[132.723s][info][gc,phases   ] GC(280)   Other: 0.11ms
[132.723s][info][gc,heap     ] GC(280) Eden regions: 264->0(269)
[132.723s][info][gc,heap     ] GC(280) Survivor regions: 5->34(34)
[132.724s][info][gc,heap     ] GC(280) Old regions: 570->570
[132.724s][info][gc,heap     ] GC(280) Humongous regions: 6->6
[132.724s][info][gc,metaspace] GC(280) Metaspace: 18250K(18368K)->18250K(18368K) NonClass: 16422K(16512K)->16422K(16512K) Class: 1828K(1856K)->1828K(1856K)
[132.724s][info][gc          ] GC(280) Pause Young (Normal) (G1 Evacuation Pause) 845M->609M(978M) 61.238ms
[132.724s][info][gc,cpu      ] GC(280) User=0.12s Sys=0.00s Real=0.06s
[133.315s][info][gc,marking  ] GC(278) Concurrent Rebuild Remembered Sets and Scrub Regions 677.713ms
[133.315s][info][gc,start    ] GC(278) Pause Cleanup
[133.315s][info][gc          ] GC(278) Pause Cleanup 821M->821M(978M) 0.146ms
[133.315s][info][gc,cpu      ] GC(278) User=0.00s Sys=0.00s Real=0.00s
[133.316s][info][gc,marking  ] GC(278) Concurrent Clear Claimed Marks
[133.316s][info][gc,marking  ] GC(278) Concurrent Clear Claimed Marks 0.037ms
[133.316s][info][gc,marking  ] GC(278) Concurrent Cleanup for Next Mark
[133.321s][info][gc,marking  ] GC(278) Concurrent Cleanup for Next Mark 5.002ms
[133.321s][info][gc          ] GC(278) Concurrent Mark Cycle 2071.361ms
[133.376s][info][gc,start    ] GC(281) Pause Young (Prepare Mixed) (G1 Evacuation Pause)
[133.376s][info][gc,task     ] GC(281) Using 2 workers of 2 for evacuation
[133.457s][info][gc,phases   ] GC(281)   Pre Evacuate Collection Set: 0.53ms
[133.457s][info][gc,phases   ] GC(281)   Merge Heap Roots: 0.31ms
[133.457s][info][gc,phases   ] GC(281)   Evacuate Collection Set: 79.78ms
[133.457s][info][gc,phases   ] GC(281)   Post Evacuate Collection Set: 0.64ms
[133.457s][info][gc,phases   ] GC(281)   Other: 0.12ms
[133.457s][info][gc,heap     ] GC(281) Eden regions: 269->0(229)
[133.457s][info][gc,heap     ] GC(281) Survivor regions: 34->38(38)
[133.458s][info][gc,heap     ] GC(281) Old regions: 570->608
[133.458s][info][gc,heap     ] GC(281) Humongous regions: 6->6
[133.458s][info][gc,metaspace] GC(281) Metaspace: 18257K(18368K)->18257K(18368K) NonClass: 16428K(16512K)->16428K(16512K) Class: 1828K(1856K)->1828K(1856K)
[133.458s][info][gc          ] GC(281) Pause Young (Prepare Mixed) (G1 Evacuation Pause) 878M->652M(978M) 81.644ms
[133.458s][info][gc,cpu      ] GC(281) User=0.16s Sys=0.00s Real=0.08s
[133.842s][info][gc,start    ] GC(282) Pause Young (Mixed) (G1 Evacuation Pause)
[133.843s][info][gc,task     ] GC(282) Using 2 workers of 2 for evacuation
[133.898s][info][gc,phases   ] GC(282)   Pre Evacuate Collection Set: 0.53ms
[133.898s][info][gc,phases   ] GC(282)   Merge Heap Roots: 0.25ms
[133.899s][info][gc,phases   ] GC(282)   Evacuate Collection Set: 54.44ms
[133.899s][info][gc,phases   ] GC(282)   Post Evacuate Collection Set: 0.58ms
[133.899s][info][gc,phases   ] GC(282)   Other: 0.11ms
[133.899s][info][gc,heap     ] GC(282) Eden regions: 229->0(244)
[133.899s][info][gc,heap     ] GC(282) Survivor regions: 38->11(34)
[133.899s][info][gc,heap     ] GC(282) Old regions: 608->625
[133.899s][info][gc,heap     ] GC(282) Humongous regions: 7->7
[133.899s][info][gc,metaspace] GC(282) Metaspace: 18257K(18368K)->18257K(18368K) NonClass: 16428K(16512K)->16428K(16512K) Class: 1828K(1856K)->1828K(1856K)
[133.899s][info][gc          ] GC(282) Pause Young (Mixed) (G1 Evacuation Pause) 882M->642M(978M) 56.162ms
[133.899s][info][gc,cpu      ] GC(282) User=0.11s Sys=0.00s Real=0.06s
[134.167s][info][gc,start    ] GC(283) Pause Young (Concurrent Start) (G1 Evacuation Pause)
[134.167s][info][gc,task     ] GC(283) Using 2 workers of 2 for evacuation
[134.212s][info][gc,phases   ] GC(283)   Pre Evacuate Collection Set: 0.34ms
[134.212s][info][gc,phases   ] GC(283)   Merge Heap Roots: 0.24ms
[134.212s][info][gc,phases   ] GC(283)   Evacuate Collection Set: 44.10ms
[134.212s][info][gc,phases   ] GC(283)   Post Evacuate Collection Set: 0.50ms
[134.212s][info][gc,phases   ] GC(283)   Other: 0.22ms
[134.212s][info][gc,heap     ] GC(283) Eden regions: 244->0(230)
[134.213s][info][gc,heap     ] GC(283) Survivor regions: 11->32(32)
[134.213s][info][gc,heap     ] GC(283) Old regions: 625->627
[134.213s][info][gc,heap     ] GC(283) Humongous regions: 7->7
[134.213s][info][gc,metaspace] GC(283) Metaspace: 18257K(18368K)->18257K(18368K) NonClass: 16428K(16512K)->16428K(16512K) Class: 1828K(1856K)->1828K(1856K)
[134.213s][info][gc          ] GC(283) Pause Young (Concurrent Start) (G1 Evacuation Pause) 886M->665M(978M) 45.632ms
[134.213s][info][gc          ] GC(284) Concurrent Mark Cycle
[134.213s][info][gc,marking  ] GC(284) Concurrent Scan Root Regions
[134.213s][info][gc,cpu      ] GC(283) User=0.09s Sys=0.00s Real=0.05s
[134.285s][info][gc,marking  ] GC(284) Concurrent Scan Root Regions 71.964ms
[134.285s][info][gc,marking  ] GC(284) Concurrent Mark
[134.285s][info][gc,marking  ] GC(284) Concurrent Mark From Roots
[134.285s][info][gc,task     ] GC(284) Using 1 workers of 1 for marking
[134.636s][info][gc,start    ] GC(285) Pause Young (Normal) (G1 Evacuation Pause)
[134.636s][info][gc,task     ] GC(285) Using 2 workers of 2 for evacuation
[134.697s][info][gc,phases   ] GC(285)   Pre Evacuate Collection Set: 0.33ms
[134.697s][info][gc,phases   ] GC(285)   Merge Heap Roots: 0.20ms
[134.697s][info][gc,phases   ] GC(285)   Evacuate Collection Set: 60.46ms
[134.697s][info][gc,phases   ] GC(285)   Post Evacuate Collection Set: 0.54ms
[134.697s][info][gc,phases   ] GC(285)   Other: 0.11ms
[134.697s][info][gc,heap     ] GC(285) Eden regions: 230->0(219)
[134.697s][info][gc,heap     ] GC(285) Survivor regions: 32->18(33)
[134.697s][info][gc,heap     ] GC(285) Old regions: 627->659
[134.697s][info][gc,heap     ] GC(285) Humongous regions: 7->7
[134.697s][info][gc,metaspace] GC(285) Metaspace: 18257K(18368K)->18257K(18368K) NonClass: 16428K(16512K)->16428K(16512K) Class: 1828K(1856K)->1828K(1856K)
[134.697s][info][gc          ] GC(285) Pause Young (Normal) (G1 Evacuation Pause) 895M->684M(978M) 61.927ms
[134.697s][info][gc,cpu      ] GC(285) User=0.12s Sys=0.00s Real=0.06s
[135.537s][info][gc,start    ] GC(286) Pause Young (Normal) (G1 Evacuation Pause)
[135.537s][info][gc,task     ] GC(286) Using 2 workers of 2 for evacuation
[135.558s][info][gc,phases   ] GC(286)   Pre Evacuate Collection Set: 0.31ms
[135.558s][info][gc,phases   ] GC(286)   Merge Heap Roots: 0.16ms
[135.558s][info][gc,phases   ] GC(286)   Evacuate Collection Set: 19.53ms
[135.558s][info][gc,phases   ] GC(286)   Post Evacuate Collection Set: 0.45ms
[135.558s][info][gc,phases   ] GC(286)   Other: 0.11ms
[135.558s][info][gc,heap     ] GC(286) Eden regions: 219->0(229)
[135.558s][info][gc,heap     ] GC(286) Survivor regions: 18->1(30)
[135.558s][info][gc,heap     ] GC(286) Old regions: 659->677
[135.558s][info][gc,heap     ] GC(286) Humongous regions: 7->7
[135.558s][info][gc,metaspace] GC(286) Metaspace: 18257K(18368K)->18257K(18368K) NonClass: 16428K(16512K)->16428K(16512K) Class: 1828K(1856K)->1828K(1856K)
[135.558s][info][gc          ] GC(286) Pause Young (Normal) (G1 Evacuation Pause) 903M->685M(978M) 20.820ms
[135.558s][info][gc,cpu      ] GC(286) User=0.04s Sys=0.00s Real=0.03s
[135.802s][info][gc,marking  ] GC(284) Concurrent Mark From Roots 1517.722ms
[135.802s][info][gc,marking  ] GC(284) Concurrent Preclean
[135.802s][info][gc,marking  ] GC(284) Concurrent Preclean 0.026ms
[135.803s][info][gc,start    ] GC(284) Pause Remark
[135.810s][info][gc          ] GC(284) Pause Remark 748M->586M(978M) 7.248ms
[135.810s][info][gc,cpu      ] GC(284) User=0.01s Sys=0.00s Real=0.01s
[135.810s][info][gc,marking  ] GC(284) Concurrent Mark 1525.327ms
[135.810s][info][gc,marking  ] GC(284) Concurrent Rebuild Remembered Sets and Scrub Regions
[136.364s][info][gc,marking  ] GC(284) Concurrent Rebuild Remembered Sets and Scrub Regions 553.534ms
[136.365s][info][gc,start    ] GC(284) Pause Cleanup
[136.365s][info][gc          ] GC(284) Pause Cleanup 747M->747M(978M) 0.144ms
[136.365s][info][gc,cpu      ] GC(284) User=0.00s Sys=0.00s Real=0.00s
[136.365s][info][gc,marking  ] GC(284) Concurrent Clear Claimed Marks
[136.365s][info][gc,marking  ] GC(284) Concurrent Clear Claimed Marks 0.049ms
[136.365s][info][gc,marking  ] GC(284) Concurrent Cleanup for Next Mark
[136.370s][info][gc,marking  ] GC(284) Concurrent Cleanup for Next Mark 5.006ms
[136.370s][info][gc          ] GC(284) Concurrent Mark Cycle 2157.717ms
[136.378s][info][gc,start    ] GC(287) Pause Young (Prepare Mixed) (G1 Evacuation Pause)
[136.378s][info][gc,task     ] GC(287) Using 2 workers of 2 for evacuation
[136.392s][info][gc,phases   ] GC(287)   Pre Evacuate Collection Set: 0.33ms
[136.392s][info][gc,phases   ] GC(287)   Merge Heap Roots: 0.42ms
[136.392s][info][gc,phases   ] GC(287)   Evacuate Collection Set: 13.31ms
[136.392s][info][gc,phases   ] GC(287)   Post Evacuate Collection Set: 0.48ms
[136.392s][info][gc,phases   ] GC(287)   Other: 0.11ms
[136.392s][info][gc,heap     ] GC(287) Eden regions: 229->0(383)
[136.392s][info][gc,heap     ] GC(287) Survivor regions: 1->1(29)
[136.392s][info][gc,heap     ] GC(287) Old regions: 517->517
[136.392s][info][gc,heap     ] GC(287) Humongous regions: 5->5
[136.392s][info][gc,metaspace] GC(287) Metaspace: 18257K(18368K)->18257K(18368K) NonClass: 16428K(16512K)->16428K(16512K) Class: 1828K(1856K)->1828K(1856K)
[136.392s][info][gc          ] GC(287) Pause Young (Prepare Mixed) (G1 Evacuation Pause) 752M->523M(978M) 14.861ms
[136.392s][info][gc,cpu      ] GC(287) User=0.02s Sys=0.00s Real=0.02s
[136.839s][info][gc,start    ] GC(288) Pause Young (Mixed) (G1 Evacuation Pause)
[136.839s][info][gc,task     ] GC(288) Using 2 workers of 2 for evacuation
[136.942s][info][gc,phases   ] GC(288)   Pre Evacuate Collection Set: 0.34ms
[136.942s][info][gc,phases   ] GC(288)   Merge Heap Roots: 0.35ms
[136.942s][info][gc,phases   ] GC(288)   Evacuate Collection Set: 95.02ms
[136.942s][info][gc,phases   ] GC(288)   Post Evacuate Collection Set: 7.69ms
[136.942s][info][gc,phases   ] GC(288)   Other: 0.12ms
[136.942s][info][gc,heap     ] GC(288) Eden regions: 383->0(184)
[136.942s][info][gc,heap     ] GC(288) Survivor regions: 1->48(48)
[136.942s][info][gc,heap     ] GC(288) Old regions: 517->643
[136.942s][info][gc,heap     ] GC(288) Humongous regions: 5->5
[136.942s][info][gc,metaspace] GC(288) Metaspace: 18264K(18368K)->18264K(18368K) NonClass: 16436K(16512K)->16436K(16512K) Class: 1828K(1856K)->1828K(1856K)
[136.942s][info][gc          ] GC(288) Pause Young (Mixed) (G1 Evacuation Pause) (Evacuation Failure: Allocation) 906M->696M(978M) 103.797ms
[136.942s][info][gc,cpu      ] GC(288) User=0.21s Sys=0.00s Real=0.10s
[137.060s][info][gc,start    ] GC(289) Pause Young (Concurrent Start) (G1 Evacuation Pause)
[137.060s][info][gc,task     ] GC(289) Using 2 workers of 2 for evacuation
[137.185s][info][gc,phases   ] GC(289)   Pre Evacuate Collection Set: 0.40ms
[137.185s][info][gc,phases   ] GC(289)   Merge Heap Roots: 0.48ms
[137.185s][info][gc,phases   ] GC(289)   Evacuate Collection Set: 117.14ms
[137.185s][info][gc,phases   ] GC(289)   Post Evacuate Collection Set: 7.34ms
[137.185s][info][gc,phases   ] GC(289)   Other: 0.15ms
[137.185s][info][gc,heap     ] GC(289) Eden regions: 184->0(184)
[137.185s][info][gc,heap     ] GC(289) Survivor regions: 48->29(29)
[137.185s][info][gc,heap     ] GC(289) Old regions: 643->681
[137.185s][info][gc,heap     ] GC(289) Humongous regions: 5->5
[137.185s][info][gc,metaspace] GC(289) Metaspace: 18264K(18368K)->18264K(18368K) NonClass: 16436K(16512K)->16436K(16512K) Class: 1828K(1856K)->1828K(1856K)
[137.185s][info][gc          ] GC(289) Pause Young (Concurrent Start) (G1 Evacuation Pause) (Evacuation Failure: Allocation) 880M->715M(978M) 125.843ms
[137.185s][info][gc,cpu      ] GC(289) User=0.25s Sys=0.00s Real=0.12s
[137.185s][info][gc          ] GC(290) Concurrent Mark Cycle
[137.186s][info][gc,marking  ] GC(290) Concurrent Scan Root Regions
[137.282s][info][gc,marking  ] GC(290) Concurrent Scan Root Regions 96.241ms
[137.282s][info][gc,marking  ] GC(290) Concurrent Mark
[137.282s][info][gc,marking  ] GC(290) Concurrent Mark From Roots
[137.282s][info][gc,task     ] GC(290) Using 1 workers of 1 for marking
[137.626s][info][gc,start    ] GC(291) Pause Young (Normal) (G1 Evacuation Pause)
[137.627s][info][gc,task     ] GC(291) Using 2 workers of 2 for evacuation
[137.707s][info][gc,phases   ] GC(291)   Pre Evacuate Collection Set: 0.54ms
[137.707s][info][gc,phases   ] GC(291)   Merge Heap Roots: 0.56ms
[137.707s][info][gc,phases   ] GC(291)   Evacuate Collection Set: 78.54ms
[137.707s][info][gc,phases   ] GC(291)   Post Evacuate Collection Set: 0.61ms
[137.707s][info][gc,phases   ] GC(291)   Other: 0.12ms
[137.707s][info][gc,heap     ] GC(291) Eden regions: 184->0(212)
[137.707s][info][gc,heap     ] GC(291) Survivor regions: 29->22(27)
[137.707s][info][gc,heap     ] GC(291) Old regions: 681->649
[137.707s][info][gc,heap     ] GC(291) Humongous regions: 8->8
[137.707s][info][gc,metaspace] GC(291) Metaspace: 18264K(18368K)->18264K(18368K) NonClass: 16436K(16512K)->16436K(16512K) Class: 1828K(1856K)->1828K(1856K)
[137.707s][info][gc          ] GC(291) Pause Young (Normal) (G1 Evacuation Pause) 902M->679M(978M) 80.641ms
[137.707s][info][gc,cpu      ] GC(291) User=0.16s Sys=0.00s Real=0.08s
[138.169s][info][gc,marking  ] GC(290) Concurrent Mark From Roots 886.653ms
[138.169s][info][gc,marking  ] GC(290) Concurrent Preclean
[138.169s][info][gc,marking  ] GC(290) Concurrent Preclean 0.028ms
[138.169s][info][gc,start    ] GC(290) Pause Remark
[138.176s][info][gc          ] GC(290) Pause Remark 817M->675M(978M) 7.136ms
[138.176s][info][gc,cpu      ] GC(290) User=0.01s Sys=0.00s Real=0.00s
[138.177s][info][gc,marking  ] GC(290) Concurrent Mark 895.202ms
[138.177s][info][gc,marking  ] GC(290) Concurrent Rebuild Remembered Sets and Scrub Regions
[138.356s][info][gc,start    ] GC(292) Pause Young (Normal) (G1 Evacuation Pause)
[138.357s][info][gc,task     ] GC(292) Using 2 workers of 2 for evacuation
[138.426s][info][gc,phases   ] GC(292)   Pre Evacuate Collection Set: 0.29ms
[138.426s][info][gc,phases   ] GC(292)   Merge Heap Roots: 0.58ms
[138.426s][info][gc,phases   ] GC(292)   Evacuate Collection Set: 68.09ms
[138.426s][info][gc,phases   ] GC(292)   Post Evacuate Collection Set: 0.51ms
[138.426s][info][gc,phases   ] GC(292)   Other: 0.09ms
[138.426s][info][gc,heap     ] GC(292) Eden regions: 212->0(301)
[138.426s][info][gc,heap     ] GC(292) Survivor regions: 22->18(30)
[138.426s][info][gc,heap     ] GC(292) Old regions: 509->531
[138.426s][info][gc,heap     ] GC(292) Humongous regions: 9->9
[138.426s][info][gc,metaspace] GC(292) Metaspace: 18264K(18368K)->18264K(18368K) NonClass: 16436K(16512K)->16436K(16512K) Class: 1828K(1856K)->1828K(1856K)
[138.426s][info][gc          ] GC(292) Pause Young (Normal) (G1 Evacuation Pause) 752M->558M(978M) 69.876ms
[138.426s][info][gc,cpu      ] GC(292) User=0.14s Sys=0.00s Real=0.07s
[138.609s][info][gc,marking  ] GC(290) Concurrent Rebuild Remembered Sets and Scrub Regions 432.015ms
[138.609s][info][gc,start    ] GC(290) Pause Cleanup
[138.609s][info][gc          ] GC(290) Pause Cleanup 629M->629M(978M) 0.148ms
[138.609s][info][gc,cpu      ] GC(290) User=0.00s Sys=0.00s Real=0.00s
[138.610s][info][gc,marking  ] GC(290) Concurrent Clear Claimed Marks
[138.610s][info][gc,marking  ] GC(290) Concurrent Clear Claimed Marks 0.038ms
[138.610s][info][gc,marking  ] GC(290) Concurrent Cleanup for Next Mark
[138.613s][info][gc,marking  ] GC(290) Concurrent Cleanup for Next Mark 2.966ms
[138.613s][info][gc          ] GC(290) Concurrent Mark Cycle 1427.188ms
[138.947s][info][gc,start    ] GC(293) Pause Young (Prepare Mixed) (G1 Evacuation Pause)
[138.947s][info][gc,task     ] GC(293) Using 2 workers of 2 for evacuation
[138.977s][info][gc,phases   ] GC(293)   Pre Evacuate Collection Set: 0.32ms
[138.977s][info][gc,phases   ] GC(293)   Merge Heap Roots: 0.25ms
[138.977s][info][gc,phases   ] GC(293)   Evacuate Collection Set: 28.67ms
[138.977s][info][gc,phases   ] GC(293)   Post Evacuate Collection Set: 0.58ms
[138.977s][info][gc,phases   ] GC(293)   Other: 0.10ms
[138.977s][info][gc,heap     ] GC(293) Eden regions: 301->0(319)
[138.977s][info][gc,heap     ] GC(293) Survivor regions: 18->18(40)
[138.977s][info][gc,heap     ] GC(293) Old regions: 531->531
[138.977s][info][gc,heap     ] GC(293) Humongous regions: 9->9
[138.977s][info][gc,metaspace] GC(293) Metaspace: 18264K(18368K)->18264K(18368K) NonClass: 16436K(16512K)->16436K(16512K) Class: 1828K(1856K)->1828K(1856K)
[138.977s][info][gc          ] GC(293) Pause Young (Prepare Mixed) (G1 Evacuation Pause) 859M->557M(978M) 30.168ms
[138.977s][info][gc,cpu      ] GC(293) User=0.06s Sys=0.00s Real=0.03s
[139.441s][info][gc,start    ] GC(294) Pause Young (Mixed) (G1 Evacuation Pause)
[139.441s][info][gc,task     ] GC(294) Using 2 workers of 2 for evacuation
[139.472s][info][gc,phases   ] GC(294)   Pre Evacuate Collection Set: 0.53ms
[139.472s][info][gc,phases   ] GC(294)   Merge Heap Roots: 0.28ms
[139.472s][info][gc,phases   ] GC(294)   Evacuate Collection Set: 29.75ms
[139.472s][info][gc,phases   ] GC(294)   Post Evacuate Collection Set: 0.60ms
[139.472s][info][gc,phases   ] GC(294)   Other: 0.11ms
[139.472s][info][gc,heap     ] GC(294) Eden regions: 319->0(358)
[139.472s][info][gc,heap     ] GC(294) Survivor regions: 18->18(43)
[139.472s][info][gc,heap     ] GC(294) Old regions: 531->501
[139.472s][info][gc,heap     ] GC(294) Humongous regions: 9->9
[139.472s][info][gc,metaspace] GC(294) Metaspace: 18264K(18368K)->18264K(18368K) NonClass: 16436K(16512K)->16436K(16512K) Class: 1828K(1856K)->1828K(1856K)
[139.472s][info][gc          ] GC(294) Pause Young (Mixed) (G1 Evacuation Pause) 876M->527M(978M) 31.561ms
[139.472s][info][gc,cpu      ] GC(294) User=0.06s Sys=0.00s Real=0.03s
[139.997s][info][gc,start    ] GC(295) Pause Young (Concurrent Start) (G1 Evacuation Pause)
[139.997s][info][gc,task     ] GC(295) Using 2 workers of 2 for evacuation
[140.029s][info][gc,phases   ] GC(295)   Pre Evacuate Collection Set: 0.35ms
[140.029s][info][gc,phases   ] GC(295)   Merge Heap Roots: 0.22ms
[140.029s][info][gc,phases   ] GC(295)   Evacuate Collection Set: 31.09ms
[140.029s][info][gc,phases   ] GC(295)   Post Evacuate Collection Set: 0.62ms
[140.029s][info][gc,phases   ] GC(295)   Other: 0.21ms
[140.029s][info][gc,heap     ] GC(295) Eden regions: 358->0(375)
[140.029s][info][gc,heap     ] GC(295) Survivor regions: 18->18(47)
[140.029s][info][gc,heap     ] GC(295) Old regions: 501->501
[140.029s][info][gc,heap     ] GC(295) Humongous regions: 9->9
[140.029s][info][gc,metaspace] GC(295) Metaspace: 18264K(18368K)->18264K(18368K) NonClass: 16436K(16512K)->16436K(16512K) Class: 1828K(1856K)->1828K(1856K)
[140.029s][info][gc          ] GC(295) Pause Young (Concurrent Start) (G1 Evacuation Pause) 885M->527M(978M) 32.734ms
[140.029s][info][gc,cpu      ] GC(295) User=0.07s Sys=0.01s Real=0.04s
[140.029s][info][gc          ] GC(296) Concurrent Mark Cycle
[140.031s][info][gc,marking  ] GC(296) Concurrent Scan Root Regions
[140.088s][info][gc,marking  ] GC(296) Concurrent Scan Root Regions 56.994ms
[140.088s][info][gc,marking  ] GC(296) Concurrent Mark
[140.088s][info][gc,marking  ] GC(296) Concurrent Mark From Roots
[140.088s][info][gc,task     ] GC(296) Using 1 workers of 1 for marking
[141.075s][info][gc,start    ] GC(297) Pause Young (Normal) (G1 Evacuation Pause)
[141.075s][info][gc,task     ] GC(297) Using 2 workers of 2 for evacuation
[141.146s][info][gc,phases   ] GC(297)   Pre Evacuate Collection Set: 0.29ms
[141.146s][info][gc,phases   ] GC(297)   Merge Heap Roots: 0.33ms
[141.146s][info][gc,phases   ] GC(297)   Evacuate Collection Set: 69.03ms
[141.146s][info][gc,phases   ] GC(297)   Post Evacuate Collection Set: 0.65ms
[141.146s][info][gc,phases   ] GC(297)   Other: 0.10ms
[141.146s][info][gc,heap     ] GC(297) Eden regions: 375->0(318)
[141.146s][info][gc,heap     ] GC(297) Survivor regions: 18->50(50)
[141.146s][info][gc,heap     ] GC(297) Old regions: 501->501
[141.146s][info][gc,heap     ] GC(297) Humongous regions: 9->9
[141.146s][info][gc,metaspace] GC(297) Metaspace: 18264K(18368K)->18264K(18368K) NonClass: 16436K(16512K)->16436K(16512K) Class: 1828K(1856K)->1828K(1856K)
[141.146s][info][gc          ] GC(297) Pause Young (Normal) (G1 Evacuation Pause) 902M->559M(978M) 70.668ms
[141.146s][info][gc,cpu      ] GC(297) User=0.14s Sys=0.01s Real=0.07s
[141.406s][info][gc,marking  ] GC(296) Concurrent Mark From Roots 1317.938ms
[141.406s][info][gc,marking  ] GC(296) Concurrent Preclean
[141.406s][info][gc,marking  ] GC(296) Concurrent Preclean 0.027ms
[141.406s][info][gc,start    ] GC(296) Pause Remark
[141.414s][info][gc          ] GC(296) Pause Remark 701M->699M(978M) 7.056ms
[141.414s][info][gc,cpu      ] GC(296) User=0.01s Sys=0.00s Real=0.01s
[141.414s][info][gc,marking  ] GC(296) Concurrent Mark 1325.928ms
[141.414s][info][gc,marking  ] GC(296) Concurrent Rebuild Remembered Sets and Scrub Regions
[141.622s][info][gc,start    ] GC(298) Pause Young (Normal) (G1 Evacuation Pause)
[141.622s][info][gc,task     ] GC(298) Using 2 workers of 2 for evacuation
[141.704s][info][gc,phases   ] GC(298)   Pre Evacuate Collection Set: 0.31ms
[141.704s][info][gc,phases   ] GC(298)   Merge Heap Roots: 0.39ms
[141.704s][info][gc,phases   ] GC(298)   Evacuate Collection Set: 80.88ms
[141.704s][info][gc,phases   ] GC(298)   Post Evacuate Collection Set: 0.58ms
[141.704s][info][gc,phases   ] GC(298)   Other: 0.09ms
[141.704s][info][gc,heap     ] GC(298) Eden regions: 318->0(325)
[141.704s][info][gc,heap     ] GC(298) Survivor regions: 50->17(46)
[141.704s][info][gc,heap     ] GC(298) Old regions: 501->551
[141.704s][info][gc,heap     ] GC(298) Humongous regions: 7->7
[141.704s][info][gc,metaspace] GC(298) Metaspace: 18264K(18368K)->18264K(18368K) NonClass: 16436K(16512K)->16436K(16512K) Class: 1828K(1856K)->1828K(1856K)
[141.704s][info][gc          ] GC(298) Pause Young (Normal) (G1 Evacuation Pause) 875M->574M(978M) 82.531ms
[141.704s][info][gc,cpu      ] GC(298) User=0.16s Sys=0.00s Real=0.08s
[141.975s][info][gc,marking  ] GC(296) Concurrent Rebuild Remembered Sets and Scrub Regions 561.150ms
[141.976s][info][gc,start    ] GC(296) Pause Cleanup
[141.976s][info][gc          ] GC(296) Pause Cleanup 844M->844M(978M) 0.109ms
[141.976s][info][gc,cpu      ] GC(296) User=0.00s Sys=0.00s Real=0.00s
[141.977s][info][gc,marking  ] GC(296) Concurrent Clear Claimed Marks
[141.977s][info][gc,marking  ] GC(296) Concurrent Clear Claimed Marks 0.062ms
[141.977s][info][gc,marking  ] GC(296) Concurrent Cleanup for Next Mark
[141.982s][info][gc,marking  ] GC(296) Concurrent Cleanup for Next Mark 4.975ms
[141.982s][info][gc          ] GC(296) Concurrent Mark Cycle 1952.628ms
[142.024s][info][gc,start    ] GC(299) Pause Young (Prepare Mixed) (G1 Evacuation Pause)
[142.024s][info][gc,task     ] GC(299) Using 2 workers of 2 for evacuation
[142.083s][info][gc,phases   ] GC(299)   Pre Evacuate Collection Set: 0.30ms
[142.083s][info][gc,phases   ] GC(299)   Merge Heap Roots: 0.30ms
[142.083s][info][gc,phases   ] GC(299)   Evacuate Collection Set: 57.41ms
[142.083s][info][gc,phases   ] GC(299)   Post Evacuate Collection Set: 0.61ms
[142.083s][info][gc,phases   ] GC(299)   Other: 0.09ms
[142.083s][info][gc,heap     ] GC(299) Eden regions: 325->0(280)
[142.083s][info][gc,heap     ] GC(299) Survivor regions: 17->43(43)
[142.083s][info][gc,heap     ] GC(299) Old regions: 551->555
[142.083s][info][gc,heap     ] GC(299) Humongous regions: 7->7
[142.083s][info][gc,metaspace] GC(299) Metaspace: 18268K(18368K)->18268K(18368K) NonClass: 16440K(16512K)->16440K(16512K) Class: 1828K(1856K)->1828K(1856K)
[142.083s][info][gc          ] GC(299) Pause Young (Prepare Mixed) (G1 Evacuation Pause) 899M->604M(978M) 59.029ms
[142.083s][info][gc,cpu      ] GC(299) User=0.11s Sys=0.00s Real=0.06s
[142.297s][info][gc,start    ] GC(300) Pause Young (Mixed) (G1 Evacuation Pause)
[142.297s][info][gc,task     ] GC(300) Using 2 workers of 2 for evacuation
[142.375s][info][gc,phases   ] GC(300)   Pre Evacuate Collection Set: 0.31ms
[142.375s][info][gc,phases   ] GC(300)   Merge Heap Roots: 0.32ms
[142.375s][info][gc,phases   ] GC(300)   Evacuate Collection Set: 76.53ms
[142.375s][info][gc,phases   ] GC(300)   Post Evacuate Collection Set: 0.59ms
[142.375s][info][gc,phases   ] GC(300)   Other: 0.09ms
[142.375s][info][gc,heap     ] GC(300) Eden regions: 280->0(277)
[142.375s][info][gc,heap     ] GC(300) Survivor regions: 43->27(41)
[142.375s][info][gc,heap     ] GC(300) Old regions: 555->588
[142.375s][info][gc,heap     ] GC(300) Humongous regions: 7->7
[142.375s][info][gc,metaspace] GC(300) Metaspace: 18268K(18368K)->18268K(18368K) NonClass: 16440K(16512K)->16440K(16512K) Class: 1828K(1856K)->1828K(1856K)
[142.375s][info][gc          ] GC(300) Pause Young (Mixed) (G1 Evacuation Pause) 884M->621M(978M) 78.136ms
[142.375s][info][gc,cpu      ] GC(300) User=0.15s Sys=0.00s Real=0.08s
[142.712s][info][gc,start    ] GC(301) Pause Young (Concurrent Start) (G1 Evacuation Pause)
[142.712s][info][gc,task     ] GC(301) Using 2 workers of 2 for evacuation
[142.760s][info][gc,phases   ] GC(301)   Pre Evacuate Collection Set: 0.38ms
[142.760s][info][gc,phases   ] GC(301)   Merge Heap Roots: 0.32ms
[142.760s][info][gc,phases   ] GC(301)   Evacuate Collection Set: 47.20ms
[142.760s][info][gc,phases   ] GC(301)   Post Evacuate Collection Set: 0.59ms
[142.760s][info][gc,phases   ] GC(301)   Other: 0.21ms
[142.760s][info][gc,heap     ] GC(301) Eden regions: 277->0(270)
[142.760s][info][gc,heap     ] GC(301) Survivor regions: 27->13(38)
[142.760s][info][gc,heap     ] GC(301) Old regions: 588->615
[142.760s][info][gc,heap     ] GC(301) Humongous regions: 7->7
[142.760s][info][gc,metaspace] GC(301) Metaspace: 18269K(18368K)->18269K(18368K) NonClass: 16441K(16512K)->16441K(16512K) Class: 1828K(1856K)->1828K(1856K)
[142.760s][info][gc          ] GC(301) Pause Young (Concurrent Start) (G1 Evacuation Pause) 898M->634M(978M) 48.909ms
[142.760s][info][gc,cpu      ] GC(301) User=0.09s Sys=0.00s Real=0.05s
[142.761s][info][gc          ] GC(302) Concurrent Mark Cycle
[142.762s][info][gc,marking  ] GC(302) Concurrent Scan Root Regions
[142.838s][info][gc,marking  ] GC(302) Concurrent Scan Root Regions 75.799ms
[142.838s][info][gc,marking  ] GC(302) Concurrent Mark
[142.838s][info][gc,marking  ] GC(302) Concurrent Mark From Roots
[142.838s][info][gc,task     ] GC(302) Using 1 workers of 1 for marking
[143.708s][info][gc,start    ] GC(303) Pause Young (Normal) (G1 Evacuation Pause)
[143.708s][info][gc,task     ] GC(303) Using 2 workers of 2 for evacuation
[143.749s][info][gc,phases   ] GC(303)   Pre Evacuate Collection Set: 0.28ms
[143.749s][info][gc,phases   ] GC(303)   Merge Heap Roots: 0.28ms
[143.749s][info][gc,phases   ] GC(303)   Evacuate Collection Set: 38.68ms
[143.749s][info][gc,phases   ] GC(303)   Post Evacuate Collection Set: 0.77ms
[143.749s][info][gc,phases   ] GC(303)   Other: 0.12ms
[143.749s][info][gc,heap     ] GC(303) Eden regions: 270->0(248)
[143.749s][info][gc,heap     ] GC(303) Survivor regions: 13->29(36)
[143.749s][info][gc,heap     ] GC(303) Old regions: 615->615
[143.749s][info][gc,heap     ] GC(303) Humongous regions: 7->7
[143.749s][info][gc,metaspace] GC(303) Metaspace: 18270K(18368K)->18270K(18368K) NonClass: 16441K(16512K)->16441K(16512K) Class: 1828K(1856K)->1828K(1856K)
[143.749s][info][gc          ] GC(303) Pause Young (Normal) (G1 Evacuation Pause) 904M->650M(978M) 40.378ms
[143.749s][info][gc,cpu      ] GC(303) User=0.08s Sys=0.00s Real=0.04s
[144.552s][info][gc,marking  ] GC(302) Concurrent Mark From Roots 1713.466ms
[144.552s][info][gc,marking  ] GC(302) Concurrent Preclean
[144.552s][info][gc,marking  ] GC(302) Concurrent Preclean 0.026ms
[144.552s][info][gc,start    ] GC(302) Pause Remark
[144.559s][info][gc          ] GC(302) Pause Remark 839M->839M(978M) 6.963ms
[144.559s][info][gc,cpu      ] GC(302) User=0.01s Sys=0.00s Real=0.01s
[144.560s][info][gc,marking  ] GC(302) Concurrent Mark 1721.504ms
[144.560s][info][gc,marking  ] GC(302) Concurrent Rebuild Remembered Sets and Scrub Regions
[144.783s][info][gc,start    ] GC(304) Pause Young (Normal) (G1 Evacuation Pause)
[144.783s][info][gc,task     ] GC(304) Using 2 workers of 2 for evacuation
[144.818s][info][gc,phases   ] GC(304)   Pre Evacuate Collection Set: 0.49ms
[144.818s][info][gc,phases   ] GC(304)   Merge Heap Roots: 0.27ms
[144.818s][info][gc,phases   ] GC(304)   Evacuate Collection Set: 32.79ms
[144.818s][info][gc,phases   ] GC(304)   Post Evacuate Collection Set: 0.53ms
[144.818s][info][gc,phases   ] GC(304)   Other: 0.09ms
[144.818s][info][gc,heap     ] GC(304) Eden regions: 248->0(259)
[144.818s][info][gc,heap     ] GC(304) Survivor regions: 29->17(35)
[144.818s][info][gc,heap     ] GC(304) Old regions: 615->628
[144.818s][info][gc,heap     ] GC(304) Humongous regions: 7->7
[144.818s][info][gc,metaspace] GC(304) Metaspace: 18270K(18368K)->18270K(18368K) NonClass: 16441K(16512K)->16441K(16512K) Class: 1828K(1856K)->1828K(1856K)
[144.818s][info][gc          ] GC(304) Pause Young (Normal) (G1 Evacuation Pause) 898M->651M(978M) 34.411ms
[144.818s][info][gc,cpu      ] GC(304) User=0.06s Sys=0.00s Real=0.03s
[145.231s][info][gc,marking  ] GC(302) Concurrent Rebuild Remembered Sets and Scrub Regions 671.436ms
[145.231s][info][gc,start    ] GC(302) Pause Cleanup
[145.231s][info][gc          ] GC(302) Pause Cleanup 764M->764M(978M) 0.106ms
[145.231s][info][gc,cpu      ] GC(302) User=0.00s Sys=0.00s Real=0.00s
[145.231s][info][gc,marking  ] GC(302) Concurrent Clear Claimed Marks
[145.231s][info][gc,marking  ] GC(302) Concurrent Clear Claimed Marks 0.026ms
[145.231s][info][gc,marking  ] GC(302) Concurrent Cleanup for Next Mark
[145.234s][info][gc,marking  ] GC(302) Concurrent Cleanup for Next Mark 2.885ms
[145.234s][info][gc          ] GC(302) Concurrent Mark Cycle 2473.796ms
[145.586s][info][gc,start    ] GC(305) Pause Young (Prepare Mixed) (G1 Evacuation Pause)
[145.586s][info][gc,task     ] GC(305) Using 2 workers of 2 for evacuation
[145.605s][info][gc,phases   ] GC(305)   Pre Evacuate Collection Set: 0.49ms
[145.605s][info][gc,phases   ] GC(305)   Merge Heap Roots: 0.17ms
[145.605s][info][gc,phases   ] GC(305)   Evacuate Collection Set: 18.09ms
[145.605s][info][gc,phases   ] GC(305)   Post Evacuate Collection Set: 0.50ms
[145.605s][info][gc,phases   ] GC(305)   Other: 0.12ms
[145.605s][info][gc,heap     ] GC(305) Eden regions: 259->0(259)
[145.605s][info][gc,heap     ] GC(305) Survivor regions: 17->17(35)
[145.605s][info][gc,heap     ] GC(305) Old regions: 628->628
[145.605s][info][gc,heap     ] GC(305) Humongous regions: 7->7
[145.605s][info][gc,metaspace] GC(305) Metaspace: 18270K(18368K)->18270K(18368K) NonClass: 16441K(16512K)->16441K(16512K) Class: 1828K(1856K)->1828K(1856K)
[145.605s][info][gc          ] GC(305) Pause Young (Prepare Mixed) (G1 Evacuation Pause) 910M->651M(978M) 19.619ms
[145.605s][info][gc,cpu      ] GC(305) User=0.04s Sys=0.00s Real=0.02s
[146.204s][info][gc,start    ] GC(306) Pause Young (Mixed) (G1 Evacuation Pause)
[146.204s][info][gc,task     ] GC(306) Using 2 workers of 2 for evacuation
[146.226s][info][gc,phases   ] GC(306)   Pre Evacuate Collection Set: 0.49ms
[146.226s][info][gc,phases   ] GC(306)   Merge Heap Roots: 0.19ms
[146.226s][info][gc,phases   ] GC(306)   Evacuate Collection Set: 21.13ms
[146.226s][info][gc,phases   ] GC(306)   Post Evacuate Collection Set: 0.53ms
[146.226s][info][gc,phases   ] GC(306)   Other: 0.12ms
[146.226s][info][gc,heap     ] GC(306) Eden regions: 259->0(266)
[146.226s][info][gc,heap     ] GC(306) Survivor regions: 17->18(35)
[146.226s][info][gc,heap     ] GC(306) Old regions: 628->619
[146.226s][info][gc,heap     ] GC(306) Humongous regions: 7->7
[146.226s][info][gc,metaspace] GC(306) Metaspace: 18270K(18368K)->18270K(18368K) NonClass: 16441K(16512K)->16441K(16512K) Class: 1828K(1856K)->1828K(1856K)
[146.226s][info][gc          ] GC(306) Pause Young (Mixed) (G1 Evacuation Pause) 910M->644M(978M) 22.744ms
[146.226s][info][gc,cpu      ] GC(306) User=0.04s Sys=0.01s Real=0.02s
[146.579s][info][gc,start    ] GC(307) Pause Young (Concurrent Start) (G1 Evacuation Pause)
[146.580s][info][gc,task     ] GC(307) Using 2 workers of 2 for evacuation
[146.682s][info][gc,phases   ] GC(307)   Pre Evacuate Collection Set: 0.30ms
[146.682s][info][gc,phases   ] GC(307)   Merge Heap Roots: 0.17ms
[146.682s][info][gc,phases   ] GC(307)   Evacuate Collection Set: 93.42ms
[146.682s][info][gc,phases   ] GC(307)   Post Evacuate Collection Set: 8.03ms
[146.682s][info][gc,phases   ] GC(307)   Other: 0.11ms
[146.682s][info][gc,heap     ] GC(307) Eden regions: 266->0(115)
[146.682s][info][gc,heap     ] GC(307) Survivor regions: 18->36(36)
[146.682s][info][gc,heap     ] GC(307) Old regions: 619->734
[146.682s][info][gc,heap     ] GC(307) Humongous regions: 7->7
[146.682s][info][gc,metaspace] GC(307) Metaspace: 18270K(18368K)->18270K(18368K) NonClass: 16441K(16512K)->16441K(16512K) Class: 1828K(1856K)->1828K(1856K)
[146.682s][info][gc          ] GC(307) Pause Young (Concurrent Start) (G1 Evacuation Pause) (Evacuation Failure: Allocation) 910M->777M(978M) 102.322ms
[146.682s][info][gc,cpu      ] GC(307) User=0.20s Sys=0.00s Real=0.10s
[146.682s][info][gc          ] GC(308) Concurrent Mark Cycle
[146.684s][info][gc,marking  ] GC(308) Concurrent Scan Root Regions
[146.818s][info][gc,marking  ] GC(308) Concurrent Scan Root Regions 133.832ms
[146.818s][info][gc,marking  ] GC(308) Concurrent Mark
[146.818s][info][gc,marking  ] GC(308) Concurrent Mark From Roots
[146.818s][info][gc,task     ] GC(308) Using 1 workers of 1 for marking
[146.875s][info][gc,start    ] GC(309) Pause Young (Normal) (G1 Evacuation Pause)
[146.875s][info][gc,task     ] GC(309) Using 2 workers of 2 for evacuation
[146.951s][info][gc,phases   ] GC(309)   Pre Evacuate Collection Set: 0.57ms
[146.952s][info][gc,phases   ] GC(309)   Merge Heap Roots: 0.46ms
[146.952s][info][gc,phases   ] GC(309)   Evacuate Collection Set: 74.56ms
[146.952s][info][gc,phases   ] GC(309)   Post Evacuate Collection Set: 0.52ms
[146.952s][info][gc,phases   ] GC(309)   Other: 0.09ms
[146.952s][info][gc,heap     ] GC(309) Eden regions: 115->0(199)
[146.952s][info][gc,heap     ] GC(309) Survivor regions: 36->5(19)
[146.952s][info][gc,heap     ] GC(309) Old regions: 734->709
[146.952s][info][gc,heap     ] GC(309) Humongous regions: 7->7
[146.952s][info][gc,metaspace] GC(309) Metaspace: 18270K(18368K)->18270K(18368K) NonClass: 16441K(16512K)->16441K(16512K) Class: 1828K(1856K)->1828K(1856K)
[146.952s][info][gc          ] GC(309) Pause Young (Normal) (G1 Evacuation Pause) 892M->720M(978M) 76.465ms
[146.952s][info][gc,cpu      ] GC(309) User=0.15s Sys=0.00s Real=0.08s
[147.461s][info][gc,start    ] GC(310) Pause Young (Normal) (G1 Evacuation Pause)
[147.462s][info][gc,task     ] GC(310) Using 2 workers of 2 for evacuation
[147.545s][info][gc,phases   ] GC(310)   Pre Evacuate Collection Set: 0.32ms
[147.545s][info][gc,phases   ] GC(310)   Merge Heap Roots: 0.35ms
[147.545s][info][gc,phases   ] GC(310)   Evacuate Collection Set: 79.89ms
[147.545s][info][gc,phases   ] GC(310)   Post Evacuate Collection Set: 2.53ms
[147.545s][info][gc,phases   ] GC(310)   Other: 0.08ms
[147.545s][info][gc,heap     ] GC(310) Eden regions: 199->0(101)
[147.545s][info][gc,heap     ] GC(310) Survivor regions: 5->26(26)
[147.545s][info][gc,heap     ] GC(310) Old regions: 709->765
[147.545s][info][gc,heap     ] GC(310) Humongous regions: 10->10
[147.545s][info][gc,metaspace] GC(310) Metaspace: 18270K(18368K)->18270K(18368K) NonClass: 16441K(16512K)->16441K(16512K) Class: 1828K(1856K)->1828K(1856K)
[147.545s][info][gc          ] GC(310) Pause Young (Normal) (G1 Evacuation Pause) (Evacuation Failure: Allocation) 922M->801M(978M) 83.468ms
[147.545s][info][gc,cpu      ] GC(310) User=0.17s Sys=0.01s Real=0.08s
[147.731s][info][gc,start    ] GC(311) Pause Young (Normal) (G1 Evacuation Pause)
[147.731s][info][gc,task     ] GC(311) Using 2 workers of 2 for evacuation
[147.828s][info][gc,phases   ] GC(311)   Pre Evacuate Collection Set: 0.33ms
[147.828s][info][gc,phases   ] GC(311)   Merge Heap Roots: 0.53ms
[147.828s][info][gc,phases   ] GC(311)   Evacuate Collection Set: 95.23ms
[147.828s][info][gc,phases   ] GC(311)   Post Evacuate Collection Set: 0.54ms
[147.828s][info][gc,phases   ] GC(311)   Other: 0.08ms
[147.828s][info][gc,heap     ] GC(311) Eden regions: 101->0(96)
[147.828s][info][gc,heap     ] GC(311) Survivor regions: 26->16(16)
[147.828s][info][gc,heap     ] GC(311) Old regions: 765->790
[147.828s][info][gc,heap     ] GC(311) Humongous regions: 10->10
[147.828s][info][gc,metaspace] GC(311) Metaspace: 18270K(18368K)->18270K(18368K) NonClass: 16441K(16512K)->16441K(16512K) Class: 1828K(1856K)->1828K(1856K)
[147.828s][info][gc          ] GC(311) Pause Young (Normal) (G1 Evacuation Pause) 902M->816M(978M) 96.981ms
[147.828s][info][gc,cpu      ] GC(311) User=0.19s Sys=0.00s Real=0.10s
[148.059s][info][gc,start    ] GC(312) Pause Young (Normal) (G1 Evacuation Pause)
[148.059s][info][gc,task     ] GC(312) Using 2 workers of 2 for evacuation
[148.088s][info][gc,phases   ] GC(312)   Pre Evacuate Collection Set: 0.28ms
[148.089s][info][gc,phases   ] GC(312)   Merge Heap Roots: 0.31ms
[148.089s][info][gc,phases   ] GC(312)   Evacuate Collection Set: 27.97ms
[148.089s][info][gc,phases   ] GC(312)   Post Evacuate Collection Set: 0.40ms
[148.089s][info][gc,phases   ] GC(312)   Other: 0.12ms
[148.089s][info][gc,heap     ] GC(312) Eden regions: 96->0(97)
[148.089s][info][gc,heap     ] GC(312) Survivor regions: 16->7(14)
[148.089s][info][gc,heap     ] GC(312) Old regions: 790->807
[148.089s][info][gc,heap     ] GC(312) Humongous regions: 10->10
[148.089s][info][gc,metaspace] GC(312) Metaspace: 18270K(18368K)->18270K(18368K) NonClass: 16441K(16512K)->16441K(16512K) Class: 1828K(1856K)->1828K(1856K)
[148.089s][info][gc          ] GC(312) Pause Young (Normal) (G1 Evacuation Pause) 912M->823M(978M) 29.305ms
[148.089s][info][gc,cpu      ] GC(312) User=0.06s Sys=0.00s Real=0.03s
[148.217s][info][gc,marking  ] GC(308) Concurrent Mark From Roots 1398.452ms
[148.217s][info][gc,marking  ] GC(308) Concurrent Preclean
[148.217s][info][gc,marking  ] GC(308) Concurrent Preclean 0.031ms
[148.217s][info][gc,start    ] GC(308) Pause Remark
[148.228s][info][gc          ] GC(308) Pause Remark 886M->656M(978M) 10.790ms
[148.228s][info][gc,cpu      ] GC(308) User=0.02s Sys=0.00s Real=0.01s
[148.230s][info][gc,marking  ] GC(308) Concurrent Mark 1411.870ms
[148.230s][info][gc,marking  ] GC(308) Concurrent Rebuild Remembered Sets and Scrub Regions
[148.314s][info][gc,start    ] GC(313) Pause Young (Normal) (G1 Evacuation Pause)
[148.314s][info][gc,task     ] GC(313) Using 2 workers of 2 for evacuation
[148.324s][info][gc,phases   ] GC(313)   Pre Evacuate Collection Set: 0.47ms
[148.324s][info][gc,phases   ] GC(313)   Merge Heap Roots: 0.13ms
[148.324s][info][gc,phases   ] GC(313)   Evacuate Collection Set: 8.63ms
[148.324s][info][gc,phases   ] GC(313)   Post Evacuate Collection Set: 0.38ms
[148.324s][info][gc,phases   ] GC(313)   Other: 0.11ms
[148.324s][info][gc,heap     ] GC(313) Eden regions: 97->0(281)
[148.324s][info][gc,heap     ] GC(313) Survivor regions: 7->7(13)
[148.324s][info][gc,heap     ] GC(313) Old regions: 580->580
[148.324s][info][gc,heap     ] GC(313) Humongous regions: 7->7
[148.324s][info][gc,metaspace] GC(313) Metaspace: 18270K(18368K)->18270K(18368K) NonClass: 16441K(16512K)->16441K(16512K) Class: 1828K(1856K)->1828K(1856K)
[148.324s][info][gc          ] GC(313) Pause Young (Normal) (G1 Evacuation Pause) 690M->593M(978M) 9.963ms
[148.324s][info][gc,cpu      ] GC(313) User=0.02s Sys=0.00s Real=0.01s
[148.674s][info][gc,marking  ] GC(308) Concurrent Rebuild Remembered Sets and Scrub Regions 443.671ms
[148.674s][info][gc,start    ] GC(308) Pause Cleanup
[148.674s][info][gc          ] GC(308) Pause Cleanup 777M->777M(978M) 0.119ms
[148.674s][info][gc,cpu      ] GC(308) User=0.00s Sys=0.00s Real=0.00s
[148.675s][info][gc,marking  ] GC(308) Concurrent Clear Claimed Marks
[148.675s][info][gc,marking  ] GC(308) Concurrent Clear Claimed Marks 0.046ms
[148.675s][info][gc,marking  ] GC(308) Concurrent Cleanup for Next Mark
[148.678s][info][gc,marking  ] GC(308) Concurrent Cleanup for Next Mark 3.026ms
[148.678s][info][gc          ] GC(308) Concurrent Mark Cycle 1995.934ms
[148.797s][info][gc,start    ] GC(314) Pause Young (Prepare Mixed) (G1 Evacuation Pause)
[148.797s][info][gc,task     ] GC(314) Using 2 workers of 2 for evacuation
[148.807s][info][gc,phases   ] GC(314)   Pre Evacuate Collection Set: 0.52ms
[148.807s][info][gc,phases   ] GC(314)   Merge Heap Roots: 0.21ms
[148.807s][info][gc,phases   ] GC(314)   Evacuate Collection Set: 7.98ms
[148.807s][info][gc,phases   ] GC(314)   Post Evacuate Collection Set: 0.50ms
[148.807s][info][gc,phases   ] GC(314)   Other: 0.14ms
[148.807s][info][gc,heap     ] GC(314) Eden regions: 281->0(300)
[148.807s][info][gc,heap     ] GC(314) Survivor regions: 7->7(36)
[148.807s][info][gc,heap     ] GC(314) Old regions: 580->580
[148.807s][info][gc,heap     ] GC(314) Humongous regions: 7->7
[148.807s][info][gc,metaspace] GC(314) Metaspace: 18270K(18368K)->18270K(18368K) NonClass: 16441K(16512K)->16441K(16512K) Class: 1828K(1856K)->1828K(1856K)
[148.807s][info][gc          ] GC(314) Pause Young (Prepare Mixed) (G1 Evacuation Pause) 874M->593M(978M) 9.569ms
[148.807s][info][gc,cpu      ] GC(314) User=0.01s Sys=0.00s Real=0.01s
[149.150s][info][gc,start    ] GC(315) Pause Young (Mixed) (G1 Evacuation Pause)
[149.150s][info][gc,task     ] GC(315) Using 2 workers of 2 for evacuation
[149.160s][info][gc,phases   ] GC(315)   Pre Evacuate Collection Set: 0.51ms
[149.160s][info][gc,phases   ] GC(315)   Merge Heap Roots: 0.21ms
[149.160s][info][gc,phases   ] GC(315)   Evacuate Collection Set: 8.96ms
[149.160s][info][gc,phases   ] GC(315)   Post Evacuate Collection Set: 0.53ms
[149.160s][info][gc,phases   ] GC(315)   Other: 0.09ms
[149.160s][info][gc,heap     ] GC(315) Eden regions: 300->0(335)
[149.160s][info][gc,heap     ] GC(315) Survivor regions: 7->7(39)
[149.160s][info][gc,heap     ] GC(315) Old regions: 580->560
[149.160s][info][gc,heap     ] GC(315) Humongous regions: 7->7
[149.160s][info][gc,metaspace] GC(315) Metaspace: 18270K(18368K)->18270K(18368K) NonClass: 16441K(16512K)->16441K(16512K) Class: 1828K(1856K)->1828K(1856K)
[149.160s][info][gc          ] GC(315) Pause Young (Mixed) (G1 Evacuation Pause) 893M->573M(978M) 10.531ms
[149.160s][info][gc,cpu      ] GC(315) User=0.02s Sys=0.00s Real=0.01s
[149.572s][info][gc,start    ] GC(316) Pause Young (Concurrent Start) (G1 Evacuation Pause)
[149.573s][info][gc,task     ] GC(316) Using 2 workers of 2 for evacuation
[149.595s][info][gc,phases   ] GC(316)   Pre Evacuate Collection Set: 0.32ms
[149.595s][info][gc,phases   ] GC(316)   Merge Heap Roots: 0.33ms
[149.595s][info][gc,phases   ] GC(316)   Evacuate Collection Set: 21.14ms
[149.595s][info][gc,phases   ] GC(316)   Post Evacuate Collection Set: 0.65ms
[149.595s][info][gc,phases   ] GC(316)   Other: 0.14ms
[149.595s][info][gc,heap     ] GC(316) Eden regions: 335->0(339)
[149.595s][info][gc,heap     ] GC(316) Survivor regions: 7->11(43)
[149.595s][info][gc,heap     ] GC(316) Old regions: 560->560
[149.595s][info][gc,heap     ] GC(316) Humongous regions: 7->7
[149.595s][info][gc,metaspace] GC(316) Metaspace: 18270K(18368K)->18270K(18368K) NonClass: 16441K(16512K)->16441K(16512K) Class: 1828K(1856K)->1828K(1856K)
[149.595s][info][gc          ] GC(316) Pause Young (Concurrent Start) (G1 Evacuation Pause) 908M->577M(978M) 22.837ms
[149.595s][info][gc,cpu      ] GC(316) User=0.04s Sys=0.00s Real=0.02s
[149.595s][info][gc          ] GC(317) Concurrent Mark Cycle
[149.595s][info][gc,marking  ] GC(317) Concurrent Scan Root Regions
[149.607s][info][gc,marking  ] GC(317) Concurrent Scan Root Regions 11.989ms
[149.607s][info][gc,marking  ] GC(317) Concurrent Mark
[149.607s][info][gc,marking  ] GC(317) Concurrent Mark From Roots
[149.607s][info][gc,task     ] GC(317) Using 1 workers of 1 for marking
[150.514s][info][gc,marking  ] GC(317) Concurrent Mark From Roots 906.944ms
[150.514s][info][gc,marking  ] GC(317) Concurrent Preclean
[150.514s][info][gc,marking  ] GC(317) Concurrent Preclean 0.025ms
[150.515s][info][gc,start    ] GC(317) Pause Remark
[150.522s][info][gc          ] GC(317) Pause Remark 844M->767M(978M) 7.249ms
[150.522s][info][gc,cpu      ] GC(317) User=0.02s Sys=0.00s Real=0.01s
[150.522s][info][gc,marking  ] GC(317) Concurrent Mark 914.541ms
[150.522s][info][gc,marking  ] GC(317) Concurrent Rebuild Remembered Sets and Scrub Regions
[150.704s][info][gc,start    ] GC(318) Pause Young (Normal) (G1 Evacuation Pause)
[150.704s][info][gc,task     ] GC(318) Using 2 workers of 2 for evacuation
[150.755s][info][gc,phases   ] GC(318)   Pre Evacuate Collection Set: 0.30ms
[150.755s][info][gc,phases   ] GC(318)   Merge Heap Roots: 0.61ms
[150.755s][info][gc,phases   ] GC(318)   Evacuate Collection Set: 49.26ms
[150.755s][info][gc,phases   ] GC(318)   Post Evacuate Collection Set: 0.68ms
[150.755s][info][gc,phases   ] GC(318)   Other: 0.12ms
[150.755s][info][gc,heap     ] GC(318) Eden regions: 339->0(381)
[150.755s][info][gc,heap     ] GC(318) Survivor regions: 11->27(44)
[150.755s][info][gc,heap     ] GC(318) Old regions: 486->486
[150.755s][info][gc,heap     ] GC(318) Humongous regions: 7->7
[150.755s][info][gc,metaspace] GC(318) Metaspace: 18270K(18368K)->18270K(18368K) NonClass: 16441K(16512K)->16441K(16512K) Class: 1828K(1856K)->1828K(1856K)
[150.755s][info][gc          ] GC(318) Pause Young (Normal) (G1 Evacuation Pause) 842M->519M(978M) 51.216ms
[150.755s][info][gc,cpu      ] GC(318) User=0.10s Sys=0.00s Real=0.05s
[150.910s][info][gc,marking  ] GC(317) Concurrent Rebuild Remembered Sets and Scrub Regions 388.301ms
[150.910s][info][gc,start    ] GC(317) Pause Cleanup
[150.911s][info][gc          ] GC(317) Pause Cleanup 584M->584M(978M) 0.154ms
[150.911s][info][gc,cpu      ] GC(317) User=0.00s Sys=0.00s Real=0.00s
[150.911s][info][gc,marking  ] GC(317) Concurrent Clear Claimed Marks
[150.911s][info][gc,marking  ] GC(317) Concurrent Clear Claimed Marks 0.030ms
[150.911s][info][gc,marking  ] GC(317) Concurrent Cleanup for Next Mark
[150.914s][info][gc,marking  ] GC(317) Concurrent Cleanup for Next Mark 2.902ms
[150.914s][info][gc          ] GC(317) Concurrent Mark Cycle 1318.305ms
[151.367s][info][gc,start    ] GC(319) Pause Young (Prepare Mixed) (G1 Evacuation Pause)
[151.367s][info][gc,task     ] GC(319) Using 2 workers of 2 for evacuation
[151.415s][info][gc,phases   ] GC(319)   Pre Evacuate Collection Set: 0.52ms
[151.415s][info][gc,phases   ] GC(319)   Merge Heap Roots: 0.64ms
[151.415s][info][gc,phases   ] GC(319)   Evacuate Collection Set: 45.94ms
[151.415s][info][gc,phases   ] GC(319)   Post Evacuate Collection Set: 0.73ms
[151.415s][info][gc,phases   ] GC(319)   Other: 0.12ms
[151.416s][info][gc,heap     ] GC(319) Eden regions: 381->0(386)
[151.416s][info][gc,heap     ] GC(319) Survivor regions: 27->21(51)
[151.416s][info][gc,heap     ] GC(319) Old regions: 486->493
[151.416s][info][gc,heap     ] GC(319) Humongous regions: 7->7
[151.416s][info][gc,metaspace] GC(319) Metaspace: 18270K(18368K)->18270K(18368K) NonClass: 16441K(16512K)->16441K(16512K) Class: 1828K(1856K)->1828K(1856K)
[151.416s][info][gc          ] GC(319) Pause Young (Prepare Mixed) (G1 Evacuation Pause) 900M->519M(978M) 48.195ms
[151.416s][info][gc,cpu      ] GC(319) User=0.09s Sys=0.00s Real=0.05s
[151.854s][info][gc,start    ] GC(320) Pause Young (Mixed) (G1 Evacuation Pause)
[151.854s][info][gc,task     ] GC(320) Using 2 workers of 2 for evacuation
[151.954s][info][gc,phases   ] GC(320)   Pre Evacuate Collection Set: 0.35ms
[151.954s][info][gc,phases   ] GC(320)   Merge Heap Roots: 0.73ms
[151.954s][info][gc,phases   ] GC(320)   Evacuate Collection Set: 97.70ms
[151.954s][info][gc,phases   ] GC(320)   Post Evacuate Collection Set: 0.82ms
[151.954s][info][gc,phases   ] GC(320)   Other: 0.14ms
[151.954s][info][gc,heap     ] GC(320) Eden regions: 386->0(405)
[151.954s][info][gc,heap     ] GC(320) Survivor regions: 21->51(51)
[151.954s][info][gc,heap     ] GC(320) Old regions: 493->414
[151.954s][info][gc,heap     ] GC(320) Humongous regions: 7->7
[151.954s][info][gc,metaspace] GC(320) Metaspace: 18270K(18368K)->18270K(18368K) NonClass: 16441K(16512K)->16441K(16512K) Class: 1828K(1856K)->1828K(1856K)
[151.954s][info][gc          ] GC(320) Pause Young (Mixed) (G1 Evacuation Pause) 905M->472M(978M) 100.012ms
[151.954s][info][gc,cpu      ] GC(320) User=0.20s Sys=0.00s Real=0.10s
[152.318s][info][gc,start    ] GC(321) Pause Young (Concurrent Start) (G1 Evacuation Pause)
[152.318s][info][gc,task     ] GC(321) Using 2 workers of 2 for evacuation
[152.420s][info][gc,phases   ] GC(321)   Pre Evacuate Collection Set: 0.33ms
[152.420s][info][gc,phases   ] GC(321)   Merge Heap Roots: 0.49ms
[152.420s][info][gc,phases   ] GC(321)   Evacuate Collection Set: 100.45ms
[152.420s][info][gc,phases   ] GC(321)   Post Evacuate Collection Set: 0.70ms
[152.420s][info][gc,phases   ] GC(321)   Other: 0.12ms
[152.420s][info][gc,heap     ] GC(321) Eden regions: 405->0(405)
[152.420s][info][gc,heap     ] GC(321) Survivor regions: 51->22(57)
[152.420s][info][gc,heap     ] GC(321) Old regions: 414->466
[152.420s][info][gc,heap     ] GC(321) Humongous regions: 7->7
[152.420s][info][gc,metaspace] GC(321) Metaspace: 18270K(18368K)->18270K(18368K) NonClass: 16441K(16512K)->16441K(16512K) Class: 1828K(1856K)->1828K(1856K)
[152.420s][info][gc          ] GC(321) Pause Young (Concurrent Start) (G1 Evacuation Pause) 877M->494M(978M) 102.326ms
[152.420s][info][gc          ] GC(322) Concurrent Mark Cycle
[152.420s][info][gc,marking  ] GC(322) Concurrent Scan Root Regions
[152.422s][info][gc,cpu      ] GC(321) User=0.20s Sys=0.00s Real=0.11s
[152.516s][info][gc,marking  ] GC(322) Concurrent Scan Root Regions 96.155ms
[152.516s][info][gc,marking  ] GC(322) Concurrent Mark
[152.516s][info][gc,marking  ] GC(322) Concurrent Mark From Roots
[152.516s][info][gc,task     ] GC(322) Using 1 workers of 1 for marking
[152.945s][info][gc,start    ] GC(323) Pause Young (Normal) (G1 Evacuation Pause)
[152.945s][info][gc,task     ] GC(323) Using 2 workers of 2 for evacuation
[153.026s][info][gc,phases   ] GC(323)   Pre Evacuate Collection Set: 0.29ms
[153.026s][info][gc,phases   ] GC(323)   Merge Heap Roots: 0.32ms
[153.026s][info][gc,phases   ] GC(323)   Evacuate Collection Set: 79.81ms
[153.026s][info][gc,phases   ] GC(323)   Post Evacuate Collection Set: 0.68ms
[153.026s][info][gc,phases   ] GC(323)   Other: 0.09ms
[153.026s][info][gc,heap     ] GC(323) Eden regions: 405->0(334)
[153.026s][info][gc,heap     ] GC(323) Survivor regions: 22->54(54)
[153.026s][info][gc,heap     ] GC(323) Old regions: 466->479
[153.026s][info][gc,heap     ] GC(323) Humongous regions: 7->7
[153.026s][info][gc,metaspace] GC(323) Metaspace: 18270K(18368K)->18270K(18368K) NonClass: 16441K(16512K)->16441K(16512K) Class: 1828K(1856K)->1828K(1856K)
[153.027s][info][gc          ] GC(323) Pause Young (Normal) (G1 Evacuation Pause) 899M->539M(978M) 81.444ms
[153.027s][info][gc,cpu      ] GC(323) User=0.16s Sys=0.00s Real=0.08s
[153.123s][info][gc,marking  ] GC(322) Concurrent Mark From Roots 606.782ms
[153.123s][info][gc,marking  ] GC(322) Concurrent Preclean
[153.123s][info][gc,marking  ] GC(322) Concurrent Preclean 0.024ms
[153.123s][info][gc,start    ] GC(322) Pause Remark
[153.130s][info][gc          ] GC(322) Pause Remark 607M->492M(978M) 7.253ms
[153.130s][info][gc,cpu      ] GC(322) User=0.01s Sys=0.00s Real=0.01s
[153.131s][info][gc,marking  ] GC(322) Concurrent Mark 614.353ms
[153.131s][info][gc,marking  ] GC(322) Concurrent Rebuild Remembered Sets and Scrub Regions
[153.410s][info][gc,marking  ] GC(322) Concurrent Rebuild Remembered Sets and Scrub Regions 279.644ms
[153.410s][info][gc,start    ] GC(322) Pause Cleanup
[153.411s][info][gc          ] GC(322) Pause Cleanup 640M->640M(978M) 0.146ms
[153.411s][info][gc,cpu      ] GC(322) User=0.00s Sys=0.00s Real=0.00s
[153.411s][info][gc,marking  ] GC(322) Concurrent Clear Claimed Marks
[153.411s][info][gc,marking  ] GC(322) Concurrent Clear Claimed Marks 0.041ms
[153.411s][info][gc,marking  ] GC(322) Concurrent Cleanup for Next Mark
[153.416s][info][gc,marking  ] GC(322) Concurrent Cleanup for Next Mark 4.950ms
[153.416s][info][gc          ] GC(322) Concurrent Mark Cycle 996.187ms
[153.547s][info][gc,start    ] GC(324) Pause Young (Prepare Mixed) (G1 Evacuation Pause)
[153.547s][info][gc,task     ] GC(324) Using 2 workers of 2 for evacuation
[153.623s][info][gc,phases   ] GC(324)   Pre Evacuate Collection Set: 0.31ms
[153.623s][info][gc,phases   ] GC(324)   Merge Heap Roots: 0.49ms
[153.623s][info][gc,phases   ] GC(324)   Evacuate Collection Set: 74.59ms
[153.623s][info][gc,phases   ] GC(324)   Post Evacuate Collection Set: 0.60ms
[153.623s][info][gc,phases   ] GC(324)   Other: 0.09ms
[153.623s][info][gc,heap     ] GC(324) Eden regions: 334->0(421)
[153.623s][info][gc,heap     ] GC(324) Survivor regions: 54->14(49)
[153.623s][info][gc,heap     ] GC(324) Old regions: 367->421
[153.623s][info][gc,heap     ] GC(324) Humongous regions: 4->4
[153.623s][info][gc,metaspace] GC(324) Metaspace: 18270K(18368K)->18270K(18368K) NonClass: 16441K(16512K)->16441K(16512K) Class: 1828K(1856K)->1828K(1856K)
[153.623s][info][gc          ] GC(324) Pause Young (Prepare Mixed) (G1 Evacuation Pause) 758M->439M(978M) 76.322ms
[153.623s][info][gc,cpu      ] GC(324) User=0.15s Sys=0.00s Real=0.08s
[154.355s][info][gc,start    ] GC(325) Pause Young (Mixed) (G1 Evacuation Pause)
[154.355s][info][gc,task     ] GC(325) Using 2 workers of 2 for evacuation
[154.393s][info][gc,phases   ] GC(325)   Pre Evacuate Collection Set: 0.33ms
[154.393s][info][gc,phases   ] GC(325)   Merge Heap Roots: 0.33ms
[154.393s][info][gc,phases   ] GC(325)   Evacuate Collection Set: 36.93ms
[154.393s][info][gc,phases   ] GC(325)   Post Evacuate Collection Set: 0.73ms
[154.393s][info][gc,phases   ] GC(325)   Other: 0.10ms
[154.393s][info][gc,heap     ] GC(325) Eden regions: 421->0(453)
[154.393s][info][gc,heap     ] GC(325) Survivor regions: 14->30(55)
[154.393s][info][gc,heap     ] GC(325) Old regions: 421->373
[154.393s][info][gc,heap     ] GC(325) Humongous regions: 4->4
[154.393s][info][gc,metaspace] GC(325) Metaspace: 18270K(18368K)->18270K(18368K) NonClass: 16441K(16512K)->16441K(16512K) Class: 1828K(1856K)->1828K(1856K)
[154.393s][info][gc          ] GC(325) Pause Young (Mixed) (G1 Evacuation Pause) 860M->406M(978M) 38.660ms
[154.393s][info][gc,cpu      ] GC(325) User=0.07s Sys=0.00s Real=0.04s
[155.463s][info][gc,start    ] GC(326) Pause Young (Concurrent Start) (G1 Evacuation Pause)
[155.463s][info][gc,task     ] GC(326) Using 2 workers of 2 for evacuation
[155.498s][info][gc,phases   ] GC(326)   Pre Evacuate Collection Set: 0.28ms
[155.499s][info][gc,phases   ] GC(326)   Merge Heap Roots: 0.29ms
[155.499s][info][gc,phases   ] GC(326)   Evacuate Collection Set: 34.29ms
[155.499s][info][gc,phases   ] GC(326)   Post Evacuate Collection Set: 0.70ms
[155.499s][info][gc,phases   ] GC(326)   Other: 0.12ms
[155.499s][info][gc,heap     ] GC(326) Eden regions: 453->0(464)
[155.499s][info][gc,heap     ] GC(326) Survivor regions: 30->31(61)
[155.499s][info][gc,heap     ] GC(326) Old regions: 373->373
[155.499s][info][gc,heap     ] GC(326) Humongous regions: 4->4
[155.499s][info][gc,metaspace] GC(326) Metaspace: 18270K(18368K)->18270K(18368K) NonClass: 16441K(16512K)->16441K(16512K) Class: 1828K(1856K)->1828K(1856K)
[155.499s][info][gc          ] GC(326) Pause Young (Concurrent Start) (G1 Evacuation Pause) 859M->407M(978M) 35.910ms
[155.499s][info][gc,cpu      ] GC(326) User=0.07s Sys=0.00s Real=0.04s
[155.499s][info][gc          ] GC(327) Concurrent Mark Cycle
[155.499s][info][gc,marking  ] GC(327) Concurrent Scan Root Regions
[155.556s][info][gc,marking  ] GC(327) Concurrent Scan Root Regions 56.858ms
[155.556s][info][gc,marking  ] GC(327) Concurrent Mark
[155.556s][info][gc,marking  ] GC(327) Concurrent Mark From Roots
[155.556s][info][gc,task     ] GC(327) Using 1 workers of 1 for marking
[156.509s][info][gc,marking  ] GC(327) Concurrent Mark From Roots 953.339ms
[156.509s][info][gc,marking  ] GC(327) Concurrent Preclean
[156.509s][info][gc,marking  ] GC(327) Concurrent Preclean 0.022ms
[156.509s][info][gc,start    ] GC(327) Pause Remark
[156.516s][info][gc          ] GC(327) Pause Remark 856M->856M(978M) 6.957ms
[156.516s][info][gc,cpu      ] GC(327) User=0.01s Sys=0.00s Real=0.00s
[156.517s][info][gc,marking  ] GC(327) Concurrent Mark 961.625ms
[156.517s][info][gc,marking  ] GC(327) Concurrent Rebuild Remembered Sets and Scrub Regions
[156.542s][info][gc,start    ] GC(328) Pause Young (Normal) (G1 Evacuation Pause)
[156.542s][info][gc,task     ] GC(328) Using 2 workers of 2 for evacuation
[156.737s][info][gc,phases   ] GC(328)   Pre Evacuate Collection Set: 0.27ms
[156.737s][info][gc,phases   ] GC(328)   Merge Heap Roots: 0.32ms
[156.737s][info][gc,phases   ] GC(328)   Evacuate Collection Set: 174.54ms
[156.737s][info][gc,phases   ] GC(328)   Post Evacuate Collection Set: 19.79ms
[156.737s][info][gc,phases   ] GC(328)   Other: 0.12ms
[156.737s][info][gc,heap     ] GC(328) Eden regions: 464->0(200)
[156.737s][info][gc,heap     ] GC(328) Survivor regions: 31->62(62)
[156.737s][info][gc,heap     ] GC(328) Old regions: 373->600
[156.737s][info][gc,heap     ] GC(328) Humongous regions: 4->4
[156.737s][info][gc,metaspace] GC(328) Metaspace: 18271K(18368K)->18271K(18368K) NonClass: 16443K(16512K)->16443K(16512K) Class: 1828K(1856K)->1828K(1856K)
[156.737s][info][gc          ] GC(328) Pause Young (Normal) (G1 Evacuation Pause) (Evacuation Failure: Allocation) 871M->666M(978M) 195.233ms
[156.737s][info][gc,cpu      ] GC(328) User=0.39s Sys=0.00s Real=0.19s
[157.098s][info][gc,marking  ] GC(327) Concurrent Rebuild Remembered Sets and Scrub Regions 581.211ms
[157.099s][info][gc,start    ] GC(327) Pause Cleanup
[157.099s][info][gc          ] GC(327) Pause Cleanup 718M->718M(978M) 0.146ms
[157.099s][info][gc,cpu      ] GC(327) User=0.00s Sys=0.00s Real=0.00s
[157.099s][info][gc,marking  ] GC(327) Concurrent Clear Claimed Marks
[157.099s][info][gc,marking  ] GC(327) Concurrent Clear Claimed Marks 0.029ms
[157.099s][info][gc,marking  ] GC(327) Concurrent Cleanup for Next Mark
[157.102s][info][gc,marking  ] GC(327) Concurrent Cleanup for Next Mark 2.976ms
[157.102s][info][gc          ] GC(327) Concurrent Mark Cycle 1603.297ms
[157.371s][info][gc,start    ] GC(329) Pause Young (Prepare Mixed) (G1 Evacuation Pause)
[157.371s][info][gc,task     ] GC(329) Using 2 workers of 2 for evacuation
[157.552s][info][gc,phases   ] GC(329)   Pre Evacuate Collection Set: 0.52ms
[157.552s][info][gc,phases   ] GC(329)   Merge Heap Roots: 1.26ms
[157.552s][info][gc,phases   ] GC(329)   Evacuate Collection Set: 168.52ms
[157.552s][info][gc,phases   ] GC(329)   Post Evacuate Collection Set: 10.72ms
[157.552s][info][gc,phases   ] GC(329)   Other: 0.09ms
[157.552s][info][gc,heap     ] GC(329) Eden regions: 200->0(234)
[157.552s][info][gc,heap     ] GC(329) Survivor regions: 62->12(33)
[157.552s][info][gc,heap     ] GC(329) Old regions: 600->666
[157.552s][info][gc,heap     ] GC(329) Humongous regions: 4->4
[157.552s][info][gc,metaspace] GC(329) Metaspace: 18271K(18368K)->18271K(18368K) NonClass: 16443K(16512K)->16443K(16512K) Class: 1828K(1856K)->1828K(1856K)
[157.552s][info][gc          ] GC(329) Pause Young (Prepare Mixed) (G1 Evacuation Pause) (Evacuation Failure: Allocation) 866M->682M(978M) 181.340ms
[157.552s][info][gc,cpu      ] GC(329) User=0.36s Sys=0.00s Real=0.18s
[157.913s][info][gc,start    ] GC(330) Pause Young (Mixed) (G1 Evacuation Pause)
[157.913s][info][gc,task     ] GC(330) Using 2 workers of 2 for evacuation
[158.026s][info][gc,phases   ] GC(330)   Pre Evacuate Collection Set: 0.35ms
[158.026s][info][gc,phases   ] GC(330)   Merge Heap Roots: 0.92ms
[158.026s][info][gc,phases   ] GC(330)   Evacuate Collection Set: 98.19ms
[158.026s][info][gc,phases   ] GC(330)   Post Evacuate Collection Set: 12.62ms
[158.026s][info][gc,phases   ] GC(330)   Other: 0.09ms
[158.026s][info][gc,heap     ] GC(330) Eden regions: 234->0(35)
[158.026s][info][gc,heap     ] GC(330) Survivor regions: 12->31(31)
[158.026s][info][gc,heap     ] GC(330) Old regions: 666->827
[158.026s][info][gc,heap     ] GC(330) Humongous regions: 4->4
[158.026s][info][gc,metaspace] GC(330) Metaspace: 18271K(18368K)->18271K(18368K) NonClass: 16443K(16512K)->16443K(16512K) Class: 1828K(1856K)->1828K(1856K)
[158.026s][info][gc          ] GC(330) Pause Young (Mixed) (G1 Evacuation Pause) (Evacuation Failure: Allocation) 916M->862M(978M) 112.457ms
[158.026s][info][gc,cpu      ] GC(330) User=0.22s Sys=0.01s Real=0.11s
[158.090s][info][gc,start    ] GC(331) Pause Young (Concurrent Start) (G1 Evacuation Pause)
[158.090s][info][gc,task     ] GC(331) Using 2 workers of 2 for evacuation
[158.183s][info][gc,phases   ] GC(331)   Pre Evacuate Collection Set: 0.38ms
[158.183s][info][gc,phases   ] GC(331)   Merge Heap Roots: 0.86ms
[158.183s][info][gc,phases   ] GC(331)   Evacuate Collection Set: 90.29ms
[158.183s][info][gc,phases   ] GC(331)   Post Evacuate Collection Set: 0.79ms
[158.183s][info][gc,phases   ] GC(331)   Other: 0.10ms
[158.183s][info][gc,heap     ] GC(331) Eden regions: 35->0(281)
[158.183s][info][gc,heap     ] GC(331) Survivor regions: 31->6(9)
[158.183s][info][gc,heap     ] GC(331) Old regions: 827->606
[158.183s][info][gc,heap     ] GC(331) Humongous regions: 4->4
[158.183s][info][gc,metaspace] GC(331) Metaspace: 18271K(18368K)->18271K(18368K) NonClass: 16443K(16512K)->16443K(16512K) Class: 1828K(1856K)->1828K(1856K)
[158.183s][info][gc          ] GC(331) Pause Young (Concurrent Start) (G1 Evacuation Pause) 897M->615M(978M) 92.700ms
[158.183s][info][gc,cpu      ] GC(331) User=0.18s Sys=0.00s Real=0.09s
[158.183s][info][gc          ] GC(332) Concurrent Mark Cycle
[158.184s][info][gc,marking  ] GC(332) Concurrent Scan Root Regions
[158.263s][info][gc,marking  ] GC(332) Concurrent Scan Root Regions 78.380ms
[158.263s][info][gc,marking  ] GC(332) Concurrent Mark
[158.263s][info][gc,marking  ] GC(332) Concurrent Mark From Roots
[158.263s][info][gc,task     ] GC(332) Using 1 workers of 1 for marking
[159.105s][info][gc,start    ] GC(333) Pause Young (Normal) (G1 Evacuation Pause)
[159.105s][info][gc,task     ] GC(333) Using 2 workers of 2 for evacuation
[159.196s][info][gc,phases   ] GC(333)   Pre Evacuate Collection Set: 0.34ms
[159.196s][info][gc,phases   ] GC(333)   Merge Heap Roots: 0.69ms
[159.196s][info][gc,phases   ] GC(333)   Evacuate Collection Set: 89.19ms
[159.196s][info][gc,phases   ] GC(333)   Post Evacuate Collection Set: 0.73ms
[159.196s][info][gc,phases   ] GC(333)   Other: 0.13ms
[159.196s][info][gc,heap     ] GC(333) Eden regions: 281->0(233)
[159.196s][info][gc,heap     ] GC(333) Survivor regions: 6->36(36)
[159.196s][info][gc,heap     ] GC(333) Old regions: 606->610
[159.196s][info][gc,heap     ] GC(333) Humongous regions: 13->13
[159.196s][info][gc,metaspace] GC(333) Metaspace: 18271K(18368K)->18271K(18368K) NonClass: 16443K(16512K)->16443K(16512K) Class: 1828K(1856K)->1828K(1856K)
[159.196s][info][gc          ] GC(333) Pause Young (Normal) (G1 Evacuation Pause) 905M->659M(978M) 91.351ms
[159.196s][info][gc,cpu      ] GC(333) User=0.18s Sys=0.00s Real=0.09s
[159.816s][info][gc,marking  ] GC(332) Concurrent Mark From Roots 1553.758ms
[159.816s][info][gc,marking  ] GC(332) Concurrent Preclean
[159.817s][info][gc,marking  ] GC(332) Concurrent Preclean 0.027ms
[159.817s][info][gc,start    ] GC(332) Pause Remark
[159.824s][info][gc          ] GC(332) Pause Remark 834M->834M(978M) 7.676ms
[159.824s][info][gc,cpu      ] GC(332) User=0.01s Sys=0.00s Real=0.01s
[159.824s][info][gc,marking  ] GC(332) Concurrent Mark 1561.793ms
[159.824s][info][gc,marking  ] GC(332) Concurrent Rebuild Remembered Sets and Scrub Regions
[160.000s][info][gc,start    ] GC(334) Pause Young (Normal) (G1 Evacuation Pause)
[160.000s][info][gc,task     ] GC(334) Using 2 workers of 2 for evacuation
[160.074s][info][gc,phases   ] GC(334)   Pre Evacuate Collection Set: 0.30ms
[160.075s][info][gc,phases   ] GC(334)   Merge Heap Roots: 0.49ms
[160.075s][info][gc,phases   ] GC(334)   Evacuate Collection Set: 73.23ms
[160.075s][info][gc,phases   ] GC(334)   Post Evacuate Collection Set: 0.47ms
[160.075s][info][gc,phases   ] GC(334)   Other: 0.11ms
[160.075s][info][gc,heap     ] GC(334) Eden regions: 233->0(254)
[160.075s][info][gc,heap     ] GC(334) Survivor regions: 36->1(34)
[160.075s][info][gc,heap     ] GC(334) Old regions: 610->647
[160.075s][info][gc,heap     ] GC(334) Humongous regions: 13->13
[160.075s][info][gc,metaspace] GC(334) Metaspace: 18271K(18368K)->18271K(18368K) NonClass: 16443K(16512K)->16443K(16512K) Class: 1828K(1856K)->1828K(1856K)
[160.075s][info][gc          ] GC(334) Pause Young (Normal) (G1 Evacuation Pause) 892M->660M(978M) 74.895ms
[160.075s][info][gc,cpu      ] GC(334) User=0.15s Sys=0.01s Real=0.07s
[160.426s][info][gc,marking  ] GC(332) Concurrent Rebuild Remembered Sets and Scrub Regions 601.739ms
[160.427s][info][gc,start    ] GC(332) Pause Cleanup
[160.427s][info][gc          ] GC(332) Pause Cleanup 795M->795M(978M) 0.129ms
[160.427s][info][gc,cpu      ] GC(332) User=0.00s Sys=0.00s Real=0.00s
[160.427s][info][gc,marking  ] GC(332) Concurrent Clear Claimed Marks
[160.428s][info][gc,marking  ] GC(332) Concurrent Clear Claimed Marks 0.043ms
[160.428s][info][gc,marking  ] GC(332) Concurrent Cleanup for Next Mark
[160.433s][info][gc,marking  ] GC(332) Concurrent Cleanup for Next Mark 4.991ms
[160.433s][info][gc          ] GC(332) Concurrent Mark Cycle 2249.524ms
[160.627s][info][gc,start    ] GC(335) Pause Young (Prepare Mixed) (G1 Evacuation Pause)
[160.627s][info][gc,task     ] GC(335) Using 2 workers of 2 for evacuation
[160.628s][info][gc,phases   ] GC(335)   Pre Evacuate Collection Set: 0.53ms
[160.629s][info][gc,phases   ] GC(335)   Merge Heap Roots: 0.12ms
[160.629s][info][gc,phases   ] GC(335)   Evacuate Collection Set: 0.24ms
[160.629s][info][gc,phases   ] GC(335)   Post Evacuate Collection Set: 0.44ms
[160.629s][info][gc,phases   ] GC(335)   Other: 0.11ms
[160.629s][info][gc,heap     ] GC(335) Eden regions: 254->0(262)
[160.629s][info][gc,heap     ] GC(335) Survivor regions: 1->1(32)
[160.629s][info][gc,heap     ] GC(335) Old regions: 647->647
[160.629s][info][gc,heap     ] GC(335) Humongous regions: 13->13
[160.629s][info][gc,metaspace] GC(335) Metaspace: 18271K(18368K)->18271K(18368K) NonClass: 16443K(16512K)->16443K(16512K) Class: 1828K(1856K)->1828K(1856K)
[160.629s][info][gc          ] GC(335) Pause Young (Prepare Mixed) (G1 Evacuation Pause) 914M->660M(978M) 1.657ms
[160.629s][info][gc,cpu      ] GC(335) User=0.00s Sys=0.00s Real=0.01s
[161.064s][info][gc,start    ] GC(336) Pause Young (Mixed) (G1 Evacuation Pause)
[161.064s][info][gc,task     ] GC(336) Using 2 workers of 2 for evacuation
[161.068s][info][gc,phases   ] GC(336)   Pre Evacuate Collection Set: 0.33ms
[161.068s][info][gc,phases   ] GC(336)   Merge Heap Roots: 0.12ms
[161.068s][info][gc,phases   ] GC(336)   Evacuate Collection Set: 3.16ms
[161.068s][info][gc,phases   ] GC(336)   Post Evacuate Collection Set: 0.47ms
[161.068s][info][gc,phases   ] GC(336)   Other: 0.12ms
[161.068s][info][gc,heap     ] GC(336) Eden regions: 262->0(274)
[161.068s][info][gc,heap     ] GC(336) Survivor regions: 1->1(33)
[161.068s][info][gc,heap     ] GC(336) Old regions: 647->639
[161.068s][info][gc,heap     ] GC(336) Humongous regions: 13->13
[161.068s][info][gc,metaspace] GC(336) Metaspace: 18271K(18368K)->18271K(18368K) NonClass: 16443K(16512K)->16443K(16512K) Class: 1828K(1856K)->1828K(1856K)
[161.068s][info][gc          ] GC(336) Pause Young (Mixed) (G1 Evacuation Pause) 922M->652M(978M) 4.432ms
[161.068s][info][gc,cpu      ] GC(336) User=0.00s Sys=0.00s Real=0.01s
[161.521s][info][gc,start    ] GC(337) Pause Young (Concurrent Start) (G1 Evacuation Pause)
[161.521s][info][gc,task     ] GC(337) Using 2 workers of 2 for evacuation
[161.522s][info][gc,phases   ] GC(337)   Pre Evacuate Collection Set: 0.31ms
[161.522s][info][gc,phases   ] GC(337)   Merge Heap Roots: 0.08ms
[161.522s][info][gc,phases   ] GC(337)   Evacuate Collection Set: 0.53ms
[161.522s][info][gc,phases   ] GC(337)   Post Evacuate Collection Set: 0.47ms
[161.522s][info][gc,phases   ] GC(337)   Other: 0.12ms
[161.522s][info][gc,heap     ] GC(337) Eden regions: 274->0(274)
[161.522s][info][gc,heap     ] GC(337) Survivor regions: 1->1(35)
[161.522s][info][gc,heap     ] GC(337) Old regions: 639->639
[161.522s][info][gc,heap     ] GC(337) Humongous regions: 13->13
[161.522s][info][gc,metaspace] GC(337) Metaspace: 18271K(18368K)->18271K(18368K) NonClass: 16443K(16512K)->16443K(16512K) Class: 1828K(1856K)->1828K(1856K)
[161.523s][info][gc          ] GC(337) Pause Young (Concurrent Start) (G1 Evacuation Pause) 926M->652M(978M) 1.763ms
[161.523s][info][gc          ] GC(338) Concurrent Mark Cycle
[161.523s][info][gc,marking  ] GC(338) Concurrent Scan Root Regions
[161.523s][info][gc,marking  ] GC(338) Concurrent Scan Root Regions 0.253ms
[161.523s][info][gc,marking  ] GC(338) Concurrent Mark
[161.523s][info][gc,marking  ] GC(338) Concurrent Mark From Roots
[161.523s][info][gc,task     ] GC(338) Using 1 workers of 1 for marking
[161.523s][info][gc,cpu      ] GC(337) User=0.01s Sys=0.00s Real=0.00s
[162.080s][info][gc,start    ] GC(339) Pause Young (Normal) (G1 Evacuation Pause)
[162.080s][info][gc,task     ] GC(339) Using 2 workers of 2 for evacuation
[162.122s][info][gc,phases   ] GC(339)   Pre Evacuate Collection Set: 0.30ms
[162.122s][info][gc,phases   ] GC(339)   Merge Heap Roots: 0.20ms
[162.122s][info][gc,phases   ] GC(339)   Evacuate Collection Set: 40.77ms
[162.122s][info][gc,phases   ] GC(339)   Post Evacuate Collection Set: 0.51ms
[162.122s][info][gc,phases   ] GC(339)   Other: 0.11ms
[162.122s][info][gc,heap     ] GC(339) Eden regions: 274->0(212)
[162.122s][info][gc,heap     ] GC(339) Survivor regions: 1->32(35)
[162.122s][info][gc,heap     ] GC(339) Old regions: 639->639
[162.122s][info][gc,heap     ] GC(339) Humongous regions: 13->13
[162.122s][info][gc,metaspace] GC(339) Metaspace: 18271K(18368K)->18271K(18368K) NonClass: 16443K(16512K)->16443K(16512K) Class: 1828K(1856K)->1828K(1856K)
[162.122s][info][gc          ] GC(339) Pause Young (Normal) (G1 Evacuation Pause) 926M->684M(978M) 42.137ms
[162.122s][info][gc,cpu      ] GC(339) User=0.08s Sys=0.00s Real=0.04s
[162.529s][info][gc,start    ] GC(340) Pause Young (Normal) (G1 Evacuation Pause)
[162.529s][info][gc,task     ] GC(340) Using 2 workers of 2 for evacuation
[162.566s][info][gc,phases   ] GC(340)   Pre Evacuate Collection Set: 0.50ms
[162.566s][info][gc,phases   ] GC(340)   Merge Heap Roots: 0.17ms
[162.566s][info][gc,phases   ] GC(340)   Evacuate Collection Set: 35.87ms
[162.566s][info][gc,phases   ] GC(340)   Post Evacuate Collection Set: 0.45ms
[162.566s][info][gc,phases   ] GC(340)   Other: 0.10ms
[162.566s][info][gc,heap     ] GC(340) Eden regions: 212->0(236)
[162.566s][info][gc,heap     ] GC(340) Survivor regions: 32->4(31)
[162.566s][info][gc,heap     ] GC(340) Old regions: 639->671
[162.566s][info][gc,heap     ] GC(340) Humongous regions: 13->13
[162.566s][info][gc,metaspace] GC(340) Metaspace: 18271K(18368K)->18271K(18368K) NonClass: 16443K(16512K)->16443K(16512K) Class: 1828K(1856K)->1828K(1856K)
[162.566s][info][gc          ] GC(340) Pause Young (Normal) (G1 Evacuation Pause) 896M->687M(978M) 37.362ms
[162.566s][info][gc,cpu      ] GC(340) User=0.07s Sys=0.00s Real=0.03s
[163.077s][info][gc,marking  ] GC(338) Concurrent Mark From Roots 1554.160ms
[163.077s][info][gc,marking  ] GC(338) Concurrent Preclean
[163.077s][info][gc,marking  ] GC(338) Concurrent Preclean 0.026ms
[163.077s][info][gc,start    ] GC(338) Pause Remark
[163.084s][info][gc          ] GC(338) Pause Remark 916M->846M(978M) 7.251ms
[163.084s][info][gc,cpu      ] GC(338) User=0.02s Sys=0.00s Real=0.01s
[163.085s][info][gc,marking  ] GC(338) Concurrent Mark 1562.423ms
[163.085s][info][gc,marking  ] GC(338) Concurrent Rebuild Remembered Sets and Scrub Regions
[163.117s][info][gc,start    ] GC(341) Pause Young (Normal) (G1 Evacuation Pause)
[163.117s][info][gc,task     ] GC(341) Using 2 workers of 2 for evacuation
[163.133s][info][gc,phases   ] GC(341)   Pre Evacuate Collection Set: 0.44ms
[163.133s][info][gc,phases   ] GC(341)   Merge Heap Roots: 0.17ms
[163.133s][info][gc,phases   ] GC(341)   Evacuate Collection Set: 14.76ms
[163.133s][info][gc,phases   ] GC(341)   Post Evacuate Collection Set: 0.43ms
[163.133s][info][gc,phases   ] GC(341)   Other: 0.14ms
[163.133s][info][gc,heap     ] GC(341) Eden regions: 236->0(290)
[163.133s][info][gc,heap     ] GC(341) Survivor regions: 4->12(30)
[163.133s][info][gc,heap     ] GC(341) Old regions: 607->607
[163.133s][info][gc,heap     ] GC(341) Humongous regions: 7->7
[163.133s][info][gc,metaspace] GC(341) Metaspace: 18271K(18368K)->18271K(18368K) NonClass: 16443K(16512K)->16443K(16512K) Class: 1828K(1856K)->1828K(1856K)
[163.133s][info][gc          ] GC(341) Pause Young (Normal) (G1 Evacuation Pause) 853M->626M(978M) 16.099ms
[163.133s][info][gc,cpu      ] GC(341) User=0.03s Sys=0.00s Real=0.02s
[163.572s][info][gc,marking  ] GC(338) Concurrent Rebuild Remembered Sets and Scrub Regions 486.492ms
[163.572s][info][gc,start    ] GC(338) Pause Cleanup
[163.572s][info][gc          ] GC(338) Pause Cleanup 743M->743M(978M) 0.169ms
[163.572s][info][gc,cpu      ] GC(338) User=0.00s Sys=0.00s Real=0.00s
[163.572s][info][gc,marking  ] GC(338) Concurrent Clear Claimed Marks
[163.572s][info][gc,marking  ] GC(338) Concurrent Clear Claimed Marks 0.035ms
[163.572s][info][gc,marking  ] GC(338) Concurrent Cleanup for Next Mark
[163.577s][info][gc,marking  ] GC(338) Concurrent Cleanup for Next Mark 4.958ms
[163.577s][info][gc          ] GC(338) Concurrent Mark Cycle 2054.710ms
[163.908s][info][gc,start    ] GC(342) Pause Young (Prepare Mixed) (G1 Evacuation Pause)
[163.908s][info][gc,task     ] GC(342) Using 2 workers of 2 for evacuation
[163.923s][info][gc,phases   ] GC(342)   Pre Evacuate Collection Set: 0.51ms
[163.923s][info][gc,phases   ] GC(342)   Merge Heap Roots: 0.19ms
[163.923s][info][gc,phases   ] GC(342)   Evacuate Collection Set: 13.66ms
[163.923s][info][gc,phases   ] GC(342)   Post Evacuate Collection Set: 0.49ms
[163.923s][info][gc,phases   ] GC(342)   Other: 0.11ms
[163.923s][info][gc,heap     ] GC(342) Eden regions: 290->0(288)
[163.923s][info][gc,heap     ] GC(342) Survivor regions: 12->13(38)
[163.923s][info][gc,heap     ] GC(342) Old regions: 607->607
[163.923s][info][gc,heap     ] GC(342) Humongous regions: 7->7
[163.923s][info][gc,metaspace] GC(342) Metaspace: 18271K(18368K)->18271K(18368K) NonClass: 16443K(16512K)->16443K(16512K) Class: 1828K(1856K)->1828K(1856K)
[163.923s][info][gc          ] GC(342) Pause Young (Prepare Mixed) (G1 Evacuation Pause) 916M->626M(978M) 15.172ms
[163.923s][info][gc,cpu      ] GC(342) User=0.03s Sys=0.00s Real=0.02s
[164.416s][info][gc,start    ] GC(343) Pause Young (Mixed) (G1 Evacuation Pause)
[164.416s][info][gc,task     ] GC(343) Using 2 workers of 2 for evacuation
[164.458s][info][gc,phases   ] GC(343)   Pre Evacuate Collection Set: 0.47ms
[164.458s][info][gc,phases   ] GC(343)   Merge Heap Roots: 0.52ms
[164.458s][info][gc,phases   ] GC(343)   Evacuate Collection Set: 40.20ms
[164.458s][info][gc,phases   ] GC(343)   Post Evacuate Collection Set: 0.64ms
[164.458s][info][gc,phases   ] GC(343)   Other: 0.13ms
[164.458s][info][gc,heap     ] GC(343) Eden regions: 288->0(343)
[164.458s][info][gc,heap     ] GC(343) Survivor regions: 13->26(38)
[164.458s][info][gc,heap     ] GC(343) Old regions: 607->526
[164.458s][info][gc,heap     ] GC(343) Humongous regions: 7->7
[164.458s][info][gc,metaspace] GC(343) Metaspace: 18271K(18368K)->18271K(18368K) NonClass: 16443K(16512K)->16443K(16512K) Class: 1828K(1856K)->1828K(1856K)
[164.458s][info][gc          ] GC(343) Pause Young (Mixed) (G1 Evacuation Pause) 914M->558M(978M) 42.204ms
[164.458s][info][gc,cpu      ] GC(343) User=0.08s Sys=0.00s Real=0.05s
[164.870s][info][gc,start    ] GC(344) Pause Young (Concurrent Start) (G1 Evacuation Pause)
[164.870s][info][gc,task     ] GC(344) Using 2 workers of 2 for evacuation
[164.952s][info][gc,phases   ] GC(344)   Pre Evacuate Collection Set: 0.30ms
[164.952s][info][gc,phases   ] GC(344)   Merge Heap Roots: 0.20ms
[164.952s][info][gc,phases   ] GC(344)   Evacuate Collection Set: 78.70ms
[164.952s][info][gc,phases   ] GC(344)   Post Evacuate Collection Set: 2.89ms
[164.952s][info][gc,phases   ] GC(344)   Other: 0.14ms
[164.952s][info][gc,heap     ] GC(344) Eden regions: 343->0(229)
[164.952s][info][gc,heap     ] GC(344) Survivor regions: 26->47(47)
[164.952s][info][gc,heap     ] GC(344) Old regions: 526->598
[164.952s][info][gc,heap     ] GC(344) Humongous regions: 7->7
[164.952s][info][gc,metaspace] GC(344) Metaspace: 18272K(18368K)->18272K(18368K) NonClass: 16444K(16512K)->16444K(16512K) Class: 1828K(1856K)->1828K(1856K)
[164.952s][info][gc          ] GC(344) Pause Young (Concurrent Start) (G1 Evacuation Pause) (Evacuation Failure: Allocation) 901M->652M(978M) 82.521ms
[164.952s][info][gc          ] GC(345) Concurrent Mark Cycle
[164.952s][info][gc,marking  ] GC(345) Concurrent Scan Root Regions
[164.954s][info][gc,cpu      ] GC(344) User=0.16s Sys=0.00s Real=0.08s
[165.054s][info][gc,marking  ] GC(345) Concurrent Scan Root Regions 102.032ms
[165.054s][info][gc,marking  ] GC(345) Concurrent Mark
[165.054s][info][gc,marking  ] GC(345) Concurrent Mark From Roots
[165.054s][info][gc,task     ] GC(345) Using 1 workers of 1 for marking
[165.765s][info][gc,start    ] GC(346) Pause Young (Normal) (G1 Evacuation Pause)
[165.765s][info][gc,task     ] GC(346) Using 2 workers of 2 for evacuation
[165.845s][info][gc,phases   ] GC(346)   Pre Evacuate Collection Set: 0.36ms
[165.845s][info][gc,phases   ] GC(346)   Merge Heap Roots: 0.43ms
[165.845s][info][gc,phases   ] GC(346)   Evacuate Collection Set: 78.40ms
[165.845s][info][gc,phases   ] GC(346)   Post Evacuate Collection Set: 0.64ms
[165.845s][info][gc,phases   ] GC(346)   Other: 0.11ms
[165.845s][info][gc,heap     ] GC(346) Eden regions: 229->0(266)
[165.845s][info][gc,heap     ] GC(346) Survivor regions: 47->14(35)
[165.845s][info][gc,heap     ] GC(346) Old regions: 598->608
[165.845s][info][gc,heap     ] GC(346) Humongous regions: 10->10
[165.845s][info][gc,metaspace] GC(346) Metaspace: 18272K(18368K)->18272K(18368K) NonClass: 16444K(16512K)->16444K(16512K) Class: 1828K(1856K)->1828K(1856K)
[165.846s][info][gc          ] GC(346) Pause Young (Normal) (G1 Evacuation Pause) 884M->631M(978M) 80.151ms
[165.846s][info][gc,cpu      ] GC(346) User=0.16s Sys=0.00s Real=0.08s
[166.468s][info][gc,marking  ] GC(345) Concurrent Mark From Roots 1413.664ms
[166.468s][info][gc,marking  ] GC(345) Concurrent Preclean
[166.468s][info][gc,marking  ] GC(345) Concurrent Preclean 0.021ms
[166.468s][info][gc,start    ] GC(345) Pause Remark
[166.475s][info][gc          ] GC(345) Pause Remark 802M->802M(978M) 7.039ms
[166.475s][info][gc,cpu      ] GC(345) User=0.02s Sys=0.00s Real=0.01s
[166.475s][info][gc,marking  ] GC(345) Concurrent Mark 1421.007ms
[166.475s][info][gc,marking  ] GC(345) Concurrent Rebuild Remembered Sets and Scrub Regions
[166.717s][info][gc,start    ] GC(347) Pause Young (Normal) (G1 Evacuation Pause)
[166.717s][info][gc,task     ] GC(347) Using 2 workers of 2 for evacuation
[166.745s][info][gc,phases   ] GC(347)   Pre Evacuate Collection Set: 0.28ms
[166.745s][info][gc,phases   ] GC(347)   Merge Heap Roots: 0.39ms
[166.745s][info][gc,phases   ] GC(347)   Evacuate Collection Set: 26.69ms
[166.745s][info][gc,phases   ] GC(347)   Post Evacuate Collection Set: 0.56ms
[166.745s][info][gc,phases   ] GC(347)   Other: 0.08ms
[166.745s][info][gc,heap     ] GC(347) Eden regions: 266->0(281)
[166.745s][info][gc,heap     ] GC(347) Survivor regions: 14->14(35)
[166.745s][info][gc,heap     ] GC(347) Old regions: 608->608
[166.745s][info][gc,heap     ] GC(347) Humongous regions: 10->10
[166.745s][info][gc,metaspace] GC(347) Metaspace: 18272K(18368K)->18272K(18368K) NonClass: 16444K(16512K)->16444K(16512K) Class: 1828K(1856K)->1828K(1856K)
[166.745s][info][gc          ] GC(347) Pause Young (Normal) (G1 Evacuation Pause) 897M->631M(978M) 28.231ms
[166.745s][info][gc,cpu      ] GC(347) User=0.05s Sys=0.00s Real=0.03s
[166.976s][info][gc,marking  ] GC(345) Concurrent Rebuild Remembered Sets and Scrub Regions 500.621ms
[166.976s][info][gc,start    ] GC(345) Pause Cleanup
[166.976s][info][gc          ] GC(345) Pause Cleanup 728M->728M(978M) 0.128ms
[166.976s][info][gc,cpu      ] GC(345) User=0.00s Sys=0.00s Real=0.00s
[166.976s][info][gc,marking  ] GC(345) Concurrent Clear Claimed Marks
[166.976s][info][gc,marking  ] GC(345) Concurrent Clear Claimed Marks 0.027ms
[166.976s][info][gc,marking  ] GC(345) Concurrent Cleanup for Next Mark
[166.979s][info][gc,marking  ] GC(345) Concurrent Cleanup for Next Mark 2.890ms
[166.979s][info][gc          ] GC(345) Concurrent Mark Cycle 2027.103ms
[167.253s][info][gc,start    ] GC(348) Pause Young (Prepare Mixed) (G1 Evacuation Pause)
[167.253s][info][gc,task     ] GC(348) Using 2 workers of 2 for evacuation
[167.280s][info][gc,phases   ] GC(348)   Pre Evacuate Collection Set: 0.51ms
[167.280s][info][gc,phases   ] GC(348)   Merge Heap Roots: 0.39ms
[167.280s][info][gc,phases   ] GC(348)   Evacuate Collection Set: 25.60ms
[167.280s][info][gc,phases   ] GC(348)   Post Evacuate Collection Set: 0.58ms
[167.280s][info][gc,phases   ] GC(348)   Other: 0.11ms
[167.280s][info][gc,heap     ] GC(348) Eden regions: 281->0(282)
[167.280s][info][gc,heap     ] GC(348) Survivor regions: 14->14(37)
[167.280s][info][gc,heap     ] GC(348) Old regions: 608->608
[167.280s][info][gc,heap     ] GC(348) Humongous regions: 10->10
[167.280s][info][gc,metaspace] GC(348) Metaspace: 18272K(18368K)->18272K(18368K) NonClass: 16444K(16512K)->16444K(16512K) Class: 1828K(1856K)->1828K(1856K)
[167.280s][info][gc          ] GC(348) Pause Young (Prepare Mixed) (G1 Evacuation Pause) 912M->631M(978M) 27.420ms
[167.280s][info][gc,cpu      ] GC(348) User=0.05s Sys=0.00s Real=0.03s
[167.691s][info][gc,start    ] GC(349) Pause Young (Mixed) (G1 Evacuation Pause)
[167.691s][info][gc,task     ] GC(349) Using 2 workers of 2 for evacuation
[167.728s][info][gc,phases   ] GC(349)   Pre Evacuate Collection Set: 0.33ms
[167.728s][info][gc,phases   ] GC(349)   Merge Heap Roots: 0.37ms
[167.728s][info][gc,phases   ] GC(349)   Evacuate Collection Set: 35.37ms
[167.728s][info][gc,phases   ] GC(349)   Post Evacuate Collection Set: 0.61ms
[167.728s][info][gc,phases   ] GC(349)   Other: 0.10ms
[167.728s][info][gc,heap     ] GC(349) Eden regions: 282->0(284)
[167.728s][info][gc,heap     ] GC(349) Survivor regions: 14->18(37)
[167.728s][info][gc,heap     ] GC(349) Old regions: 608->598
[167.728s][info][gc,heap     ] GC(349) Humongous regions: 10->10
[167.728s][info][gc,metaspace] GC(349) Metaspace: 18272K(18368K)->18272K(18368K) NonClass: 16444K(16512K)->16444K(16512K) Class: 1828K(1856K)->1828K(1856K)
[167.728s][info][gc          ] GC(349) Pause Young (Mixed) (G1 Evacuation Pause) 913M->625M(978M) 37.019ms
[167.728s][info][gc,cpu      ] GC(349) User=0.07s Sys=0.00s Real=0.03s
[167.979s][info][gc,start    ] GC(350) Pause Young (Concurrent Start) (G1 Evacuation Pause)
[167.979s][info][gc,task     ] GC(350) Using 2 workers of 2 for evacuation
[168.038s][info][gc,phases   ] GC(350)   Pre Evacuate Collection Set: 0.33ms
[168.038s][info][gc,phases   ] GC(350)   Merge Heap Roots: 0.31ms
[168.038s][info][gc,phases   ] GC(350)   Evacuate Collection Set: 57.29ms
[168.038s][info][gc,phases   ] GC(350)   Post Evacuate Collection Set: 0.56ms
[168.038s][info][gc,phases   ] GC(350)   Other: 0.21ms
[168.038s][info][gc,heap     ] GC(350) Eden regions: 284->0(241)
[168.038s][info][gc,heap     ] GC(350) Survivor regions: 18->38(38)
[168.038s][info][gc,heap     ] GC(350) Old regions: 598->601
[168.038s][info][gc,heap     ] GC(350) Humongous regions: 10->10
[168.038s][info][gc,metaspace] GC(350) Metaspace: 18272K(18368K)->18272K(18368K) NonClass: 16444K(16512K)->16444K(16512K) Class: 1828K(1856K)->1828K(1856K)
[168.038s][info][gc          ] GC(350) Pause Young (Concurrent Start) (G1 Evacuation Pause) 909M->649M(978M) 58.925ms
[168.038s][info][gc          ] GC(351) Concurrent Mark Cycle
[168.038s][info][gc,marking  ] GC(351) Concurrent Scan Root Regions
[168.040s][info][gc,cpu      ] GC(350) User=0.12s Sys=0.00s Real=0.06s
[168.097s][info][gc,marking  ] GC(351) Concurrent Scan Root Regions 59.436ms
[168.097s][info][gc,marking  ] GC(351) Concurrent Mark
[168.097s][info][gc,marking  ] GC(351) Concurrent Mark From Roots
[168.097s][info][gc,task     ] GC(351) Using 1 workers of 1 for marking
[168.421s][info][gc,start    ] GC(352) Pause Young (Normal) (G1 Evacuation Pause)
[168.421s][info][gc,task     ] GC(352) Using 2 workers of 2 for evacuation
[168.474s][info][gc,phases   ] GC(352)   Pre Evacuate Collection Set: 0.30ms
[168.474s][info][gc,phases   ] GC(352)   Merge Heap Roots: 0.25ms
[168.474s][info][gc,phases   ] GC(352)   Evacuate Collection Set: 51.38ms
[168.474s][info][gc,phases   ] GC(352)   Post Evacuate Collection Set: 0.45ms
[168.474s][info][gc,phases   ] GC(352)   Other: 0.10ms
[168.474s][info][gc,heap     ] GC(352) Eden regions: 241->0(270)
[168.474s][info][gc,heap     ] GC(352) Survivor regions: 38->4(35)
[168.474s][info][gc,heap     ] GC(352) Old regions: 601->640
[168.474s][info][gc,heap     ] GC(352) Humongous regions: 10->10
[168.474s][info][gc,metaspace] GC(352) Metaspace: 18272K(18368K)->18272K(18368K) NonClass: 16444K(16512K)->16444K(16512K) Class: 1828K(1856K)->1828K(1856K)
[168.474s][info][gc          ] GC(352) Pause Young (Normal) (G1 Evacuation Pause) 890M->653M(978M) 52.705ms
[168.474s][info][gc,cpu      ] GC(352) User=0.10s Sys=0.00s Real=0.05s
[168.985s][info][gc,start    ] GC(353) Pause Young (Normal) (G1 Evacuation Pause)
[168.985s][info][gc,task     ] GC(353) Using 2 workers of 2 for evacuation
[169.047s][info][gc,phases   ] GC(353)   Pre Evacuate Collection Set: 0.50ms
[169.047s][info][gc,phases   ] GC(353)   Merge Heap Roots: 0.40ms
[169.047s][info][gc,phases   ] GC(353)   Evacuate Collection Set: 60.13ms
[169.047s][info][gc,phases   ] GC(353)   Post Evacuate Collection Set: 0.53ms
[169.047s][info][gc,phases   ] GC(353)   Other: 0.10ms
[169.047s][info][gc,heap     ] GC(353) Eden regions: 270->0(196)
[169.047s][info][gc,heap     ] GC(353) Survivor regions: 4->35(35)
[169.047s][info][gc,heap     ] GC(353) Old regions: 640->652
[169.047s][info][gc,heap     ] GC(353) Humongous regions: 10->10
[169.047s][info][gc,metaspace] GC(353) Metaspace: 18272K(18368K)->18272K(18368K) NonClass: 16444K(16512K)->16444K(16512K) Class: 1828K(1856K)->1828K(1856K)
[169.047s][info][gc          ] GC(353) Pause Young (Normal) (G1 Evacuation Pause) 923M->696M(978M) 61.911ms
[169.047s][info][gc,cpu      ] GC(353) User=0.12s Sys=0.00s Real=0.06s
[169.407s][info][gc,start    ] GC(354) Pause Young (Normal) (G1 Evacuation Pause)
[169.407s][info][gc,task     ] GC(354) Using 2 workers of 2 for evacuation
[169.482s][info][gc,phases   ] GC(354)   Pre Evacuate Collection Set: 0.31ms
[169.482s][info][gc,phases   ] GC(354)   Merge Heap Roots: 0.30ms
[169.482s][info][gc,phases   ] GC(354)   Evacuate Collection Set: 74.06ms
[169.482s][info][gc,phases   ] GC(354)   Post Evacuate Collection Set: 0.48ms
[169.482s][info][gc,phases   ] GC(354)   Other: 0.10ms
[169.482s][info][gc,heap     ] GC(354) Eden regions: 196->0(170)
[169.482s][info][gc,heap     ] GC(354) Survivor regions: 35->29(29)
[169.482s][info][gc,heap     ] GC(354) Old regions: 652->690
[169.482s][info][gc,heap     ] GC(354) Humongous regions: 10->10
[169.483s][info][gc,metaspace] GC(354) Metaspace: 18273K(18368K)->18273K(18368K) NonClass: 16445K(16512K)->16445K(16512K) Class: 1828K(1856K)->1828K(1856K)
[169.483s][info][gc          ] GC(354) Pause Young (Normal) (G1 Evacuation Pause) 892M->729M(978M) 75.503ms
[169.483s][info][gc,cpu      ] GC(354) User=0.15s Sys=0.00s Real=0.08s
[169.603s][info][gc,marking  ] GC(351) Concurrent Mark From Roots 1505.897ms
[169.603s][info][gc,marking  ] GC(351) Concurrent Preclean
[169.603s][info][gc,marking  ] GC(351) Concurrent Preclean 0.029ms
[169.603s][info][gc,start    ] GC(351) Pause Remark
[169.611s][info][gc          ] GC(351) Pause Remark 815M->748M(978M) 7.227ms
[169.611s][info][gc,cpu      ] GC(351) User=0.01s Sys=0.00s Real=0.01s
[169.612s][info][gc,marking  ] GC(351) Concurrent Mark 1514.285ms
[169.612s][info][gc,marking  ] GC(351) Concurrent Rebuild Remembered Sets and Scrub Regions
[169.684s][info][gc,start    ] GC(355) Pause Young (Normal) (G1 Evacuation Pause)
[169.684s][info][gc,task     ] GC(355) Using 2 workers of 2 for evacuation
[169.735s][info][gc,phases   ] GC(355)   Pre Evacuate Collection Set: 0.32ms
[169.735s][info][gc,phases   ] GC(355)   Merge Heap Roots: 0.23ms
[169.735s][info][gc,phases   ] GC(355)   Evacuate Collection Set: 49.49ms
[169.735s][info][gc,phases   ] GC(355)   Post Evacuate Collection Set: 0.64ms
[169.735s][info][gc,phases   ] GC(355)   Other: 0.10ms
[169.735s][info][gc,heap     ] GC(355) Eden regions: 170->0(221)
[169.735s][info][gc,heap     ] GC(355) Survivor regions: 29->15(25)
[169.735s][info][gc,heap     ] GC(355) Old regions: 626->656
[169.735s][info][gc,heap     ] GC(355) Humongous regions: 7->7
[169.735s][info][gc,metaspace] GC(355) Metaspace: 18273K(18368K)->18273K(18368K) NonClass: 16445K(16512K)->16445K(16512K) Class: 1828K(1856K)->1828K(1856K)
[169.735s][info][gc          ] GC(355) Pause Young (Normal) (G1 Evacuation Pause) 832M->677M(978M) 51.027ms
[169.735s][info][gc,cpu      ] GC(355) User=0.10s Sys=0.00s Real=0.05s
[170.022s][info][gc,start    ] GC(356) Pause Young (Normal) (G1 Evacuation Pause)
[170.022s][info][gc,task     ] GC(356) Using 2 workers of 2 for evacuation
[170.059s][info][gc,phases   ] GC(356)   Pre Evacuate Collection Set: 0.47ms
[170.059s][info][gc,phases   ] GC(356)   Merge Heap Roots: 0.46ms
[170.059s][info][gc,phases   ] GC(356)   Evacuate Collection Set: 34.73ms
[170.059s][info][gc,phases   ] GC(356)   Post Evacuate Collection Set: 0.62ms
[170.059s][info][gc,phases   ] GC(356)   Other: 0.12ms
[170.059s][info][gc,heap     ] GC(356) Eden regions: 221->0(227)
[170.059s][info][gc,heap     ] GC(356) Survivor regions: 15->19(30)
[170.059s][info][gc,heap     ] GC(356) Old regions: 656->656
[170.059s][info][gc,heap     ] GC(356) Humongous regions: 7->7
[170.059s][info][gc,metaspace] GC(356) Metaspace: 18274K(18368K)->18274K(18368K) NonClass: 16446K(16512K)->16446K(16512K) Class: 1828K(1856K)->1828K(1856K)
[170.059s][info][gc          ] GC(356) Pause Young (Normal) (G1 Evacuation Pause) 898M->681M(978M) 36.658ms
[170.059s][info][gc,cpu      ] GC(356) User=0.07s Sys=0.00s Real=0.04s
[170.430s][info][gc,start    ] GC(357) Pause Young (Normal) (G1 Evacuation Pause)
[170.431s][info][gc,task     ] GC(357) Using 2 workers of 2 for evacuation
[170.469s][info][gc,phases   ] GC(357)   Pre Evacuate Collection Set: 0.49ms
[170.469s][info][gc,phases   ] GC(357)   Merge Heap Roots: 0.52ms
[170.469s][info][gc,phases   ] GC(357)   Evacuate Collection Set: 36.75ms
[170.469s][info][gc,phases   ] GC(357)   Post Evacuate Collection Set: 0.70ms
[170.469s][info][gc,phases   ] GC(357)   Other: 0.10ms
[170.469s][info][gc,heap     ] GC(357) Eden regions: 227->0(236)
[170.469s][info][gc,heap     ] GC(357) Survivor regions: 19->7(31)
[170.469s][info][gc,heap     ] GC(357) Old regions: 656->671
[170.469s][info][gc,heap     ] GC(357) Humongous regions: 7->7
[170.469s][info][gc,metaspace] GC(357) Metaspace: 18274K(18368K)->18274K(18368K) NonClass: 16446K(16512K)->16446K(16512K) Class: 1828K(1856K)->1828K(1856K)
[170.469s][info][gc          ] GC(357) Pause Young (Normal) (G1 Evacuation Pause) 908M->684M(978M) 38.802ms
[170.469s][info][gc,cpu      ] GC(357) User=0.07s Sys=0.00s Real=0.04s
[170.530s][info][gc,marking  ] GC(351) Concurrent Rebuild Remembered Sets and Scrub Regions 918.120ms
[170.530s][info][gc,start    ] GC(351) Pause Cleanup
[170.530s][info][gc          ] GC(351) Pause Cleanup 734M->734M(978M) 0.129ms
[170.530s][info][gc,cpu      ] GC(351) User=0.00s Sys=0.00s Real=0.00s
[170.530s][info][gc,marking  ] GC(351) Concurrent Clear Claimed Marks
[170.530s][info][gc,marking  ] GC(351) Concurrent Clear Claimed Marks 0.028ms
[170.530s][info][gc,marking  ] GC(351) Concurrent Cleanup for Next Mark
[170.537s][info][gc,marking  ] GC(351) Concurrent Cleanup for Next Mark 6.965ms
[170.537s][info][gc          ] GC(351) Concurrent Mark Cycle 2499.452ms
[170.757s][info][gc,start    ] GC(358) Pause Young (Prepare Mixed) (G1 Evacuation Pause)
[170.757s][info][gc,task     ] GC(358) Using 2 workers of 2 for evacuation
[170.806s][info][gc,phases   ] GC(358)   Pre Evacuate Collection Set: 0.49ms
[170.806s][info][gc,phases   ] GC(358)   Merge Heap Roots: 0.84ms
[170.806s][info][gc,phases   ] GC(358)   Evacuate Collection Set: 46.52ms
[170.806s][info][gc,phases   ] GC(358)   Post Evacuate Collection Set: 0.67ms
[170.806s][info][gc,phases   ] GC(358)   Other: 0.11ms
[170.806s][info][gc,heap     ] GC(358) Eden regions: 236->0(190)
[170.806s][info][gc,heap     ] GC(358) Survivor regions: 7->30(31)
[170.806s][info][gc,heap     ] GC(358) Old regions: 671->671
[170.806s][info][gc,heap     ] GC(358) Humongous regions: 7->7
[170.806s][info][gc,metaspace] GC(358) Metaspace: 18274K(18368K)->18274K(18368K) NonClass: 16446K(16512K)->16446K(16512K) Class: 1828K(1856K)->1828K(1856K)
[170.806s][info][gc          ] GC(358) Pause Young (Prepare Mixed) (G1 Evacuation Pause) 920M->707M(978M) 48.905ms
[170.806s][info][gc,cpu      ] GC(358) User=0.10s Sys=0.00s Real=0.05s
[170.981s][info][gc,start    ] GC(359) Pause Young (Mixed) (G1 Evacuation Pause)
[170.981s][info][gc,task     ] GC(359) Using 2 workers of 2 for evacuation
[171.153s][info][gc,phases   ] GC(359)   Pre Evacuate Collection Set: 0.35ms
[171.153s][info][gc,phases   ] GC(359)   Merge Heap Roots: 1.38ms
[171.153s][info][gc,phases   ] GC(359)   Evacuate Collection Set: 161.28ms
[171.153s][info][gc,phases   ] GC(359)   Post Evacuate Collection Set: 9.66ms
[171.154s][info][gc,phases   ] GC(359)   Other: 0.10ms
[171.154s][info][gc,heap     ] GC(359) Eden regions: 190->0(115)
[171.154s][info][gc,heap     ] GC(359) Survivor regions: 30->28(28)
[171.154s][info][gc,heap     ] GC(359) Old regions: 671->739
[171.154s][info][gc,heap     ] GC(359) Humongous regions: 7->7
[171.154s][info][gc,metaspace] GC(359) Metaspace: 18278K(18432K)->18278K(18432K) NonClass: 16449K(16576K)->16449K(16576K) Class: 1828K(1856K)->1828K(1856K)
[171.154s][info][gc          ] GC(359) Pause Young (Mixed) (G1 Evacuation Pause) (Evacuation Failure: Allocation) 897M->774M(978M) 172.990ms
[171.154s][info][gc,cpu      ] GC(359) User=0.34s Sys=0.00s Real=0.17s
[171.190s][info][gc,start    ] GC(360) Pause Young (Mixed) (G1 Evacuation Pause)
[171.190s][info][gc,task     ] GC(360) Using 2 workers of 2 for evacuation
[171.391s][info][gc,mmu      ] GC(360) MMU target violated: 200.2ms (200.0ms/201.0ms)
[171.391s][info][gc,phases   ] GC(360)   Pre Evacuate Collection Set: 0.31ms
[171.391s][info][gc,phases   ] GC(360)   Merge Heap Roots: 2.00ms
[171.391s][info][gc,phases   ] GC(360)   Evacuate Collection Set: 185.29ms
[171.391s][info][gc,phases   ] GC(360)   Merge Optional Heap Roots: 0.17ms
[171.391s][info][gc,phases   ] GC(360)   Evacuate Optional Collection Set: 11.61ms
[171.391s][info][gc,phases   ] GC(360)   Post Evacuate Collection Set: 0.73ms
[171.391s][info][gc,phases   ] GC(360)   Other: 0.20ms
[171.391s][info][gc,heap     ] GC(360) Eden regions: 20->0(168)
[171.391s][info][gc,heap     ] GC(360) Survivor regions: 28->6(6)
[171.391s][info][gc,heap     ] GC(360) Old regions: 739->729
[171.391s][info][gc,heap     ] GC(360) Humongous regions: 7->7
[171.391s][info][gc,metaspace] GC(360) Metaspace: 18280K(18432K)->18280K(18432K) NonClass: 16451K(16576K)->16451K(16576K) Class: 1828K(1856K)->1828K(1856K)
[171.391s][info][gc          ] GC(360) Pause Young (Mixed) (G1 Evacuation Pause) 794M->742M(978M) 200.504ms
[171.391s][info][gc,cpu      ] GC(360) User=0.40s Sys=0.00s Real=0.20s
[171.589s][info][gc,start    ] GC(361) Pause Young (Concurrent Start) (G1 Evacuation Pause)
[171.590s][info][gc,task     ] GC(361) Using 2 workers of 2 for evacuation
[171.622s][info][gc,phases   ] GC(361)   Pre Evacuate Collection Set: 0.33ms
[171.622s][info][gc,phases   ] GC(361)   Merge Heap Roots: 0.20ms
[171.622s][info][gc,phases   ] GC(361)   Evacuate Collection Set: 31.10ms
[171.622s][info][gc,phases   ] GC(361)   Post Evacuate Collection Set: 0.49ms
[171.622s][info][gc,phases   ] GC(361)   Other: 0.11ms
[171.622s][info][gc,heap     ] GC(361) Eden regions: 168->0(177)
[171.622s][info][gc,heap     ] GC(361) Survivor regions: 6->20(22)
[171.622s][info][gc,heap     ] GC(361) Old regions: 729->704
[171.622s][info][gc,heap     ] GC(361) Humongous regions: 7->7
[171.622s][info][gc,metaspace] GC(361) Metaspace: 18281K(18432K)->18281K(18432K) NonClass: 16453K(16576K)->16453K(16576K) Class: 1828K(1856K)->1828K(1856K)
[171.622s][info][gc          ] GC(361) Pause Young (Concurrent Start) (G1 Evacuation Pause) 910M->730M(978M) 32.504ms
[171.622s][info][gc          ] GC(362) Concurrent Mark Cycle
[171.622s][info][gc,marking  ] GC(362) Concurrent Scan Root Regions
[171.622s][info][gc,cpu      ] GC(361) User=0.07s Sys=0.00s Real=0.03s
[171.667s][info][gc,marking  ] GC(362) Concurrent Scan Root Regions 44.980ms
[171.667s][info][gc,marking  ] GC(362) Concurrent Mark
[171.667s][info][gc,marking  ] GC(362) Concurrent Mark From Roots
[171.667s][info][gc,task     ] GC(362) Using 1 workers of 1 for marking
[171.935s][info][gc,start    ] GC(363) Pause Young (Normal) (G1 Evacuation Pause)
[171.935s][info][gc,task     ] GC(363) Using 2 workers of 2 for evacuation
[171.959s][info][gc,phases   ] GC(363)   Pre Evacuate Collection Set: 0.50ms
[171.959s][info][gc,phases   ] GC(363)   Merge Heap Roots: 0.25ms
[171.959s][info][gc,phases   ] GC(363)   Evacuate Collection Set: 23.40ms
[171.959s][info][gc,phases   ] GC(363)   Post Evacuate Collection Set: 0.40ms
[171.959s][info][gc,phases   ] GC(363)   Other: 0.09ms
[171.959s][info][gc,heap     ] GC(363) Eden regions: 177->0(185)
[171.959s][info][gc,heap     ] GC(363) Survivor regions: 20->3(25)
[171.959s][info][gc,heap     ] GC(363) Old regions: 704->724
[171.959s][info][gc,heap     ] GC(363) Humongous regions: 7->7
[171.959s][info][gc,metaspace] GC(363) Metaspace: 18281K(18432K)->18281K(18432K) NonClass: 16453K(16576K)->16453K(16576K) Class: 1828K(1856K)->1828K(1856K)
[171.959s][info][gc          ] GC(363) Pause Young (Normal) (G1 Evacuation Pause) 907M->733M(978M) 24.845ms
[171.959s][info][gc,cpu      ] GC(363) User=0.05s Sys=0.00s Real=0.03s
[172.476s][info][gc,start    ] GC(364) Pause Young (Normal) (G1 Evacuation Pause)
[172.476s][info][gc,task     ] GC(364) Using 2 workers of 2 for evacuation
[172.483s][info][gc,phases   ] GC(364)   Pre Evacuate Collection Set: 0.52ms
[172.483s][info][gc,phases   ] GC(364)   Merge Heap Roots: 0.17ms
[172.483s][info][gc,phases   ] GC(364)   Evacuate Collection Set: 5.51ms
[172.483s][info][gc,phases   ] GC(364)   Post Evacuate Collection Set: 0.41ms
[172.483s][info][gc,phases   ] GC(364)   Other: 0.11ms
[172.483s][info][gc,heap     ] GC(364) Eden regions: 185->0(191)
[172.483s][info][gc,heap     ] GC(364) Survivor regions: 3->3(24)
[172.483s][info][gc,heap     ] GC(364) Old regions: 724->724
[172.483s][info][gc,heap     ] GC(364) Humongous regions: 7->7
[172.483s][info][gc,metaspace] GC(364) Metaspace: 18281K(18432K)->18281K(18432K) NonClass: 16453K(16576K)->16453K(16576K) Class: 1828K(1856K)->1828K(1856K)
[172.483s][info][gc          ] GC(364) Pause Young (Normal) (G1 Evacuation Pause) 918M->734M(978M) 6.925ms
[172.483s][info][gc,cpu      ] GC(364) User=0.01s Sys=0.00s Real=0.01s
[172.821s][info][gc,start    ] GC(365) Pause Young (Normal) (G1 Evacuation Pause)
[172.821s][info][gc,task     ] GC(365) Using 2 workers of 2 for evacuation
[172.830s][info][gc,phases   ] GC(365)   Pre Evacuate Collection Set: 0.28ms
[172.830s][info][gc,phases   ] GC(365)   Merge Heap Roots: 0.19ms
[172.830s][info][gc,phases   ] GC(365)   Evacuate Collection Set: 8.06ms
[172.830s][info][gc,phases   ] GC(365)   Post Evacuate Collection Set: 0.40ms
[172.830s][info][gc,phases   ] GC(365)   Other: 0.10ms
[172.831s][info][gc,heap     ] GC(365) Eden regions: 191->0(187)
[172.831s][info][gc,heap     ] GC(365) Survivor regions: 3->5(25)
[172.831s][info][gc,heap     ] GC(365) Old regions: 724->724
[172.831s][info][gc,heap     ] GC(365) Humongous regions: 7->7
[172.831s][info][gc,metaspace] GC(365) Metaspace: 18282K(18432K)->18282K(18432K) NonClass: 16453K(16576K)->16453K(16576K) Class: 1828K(1856K)->1828K(1856K)
[172.831s][info][gc          ] GC(365) Pause Young (Normal) (G1 Evacuation Pause) 925M->735M(978M) 9.245ms
[172.831s][info][gc,cpu      ] GC(365) User=0.02s Sys=0.00s Real=0.01s
[173.201s][info][gc,start    ] GC(366) Pause Young (Normal) (G1 Evacuation Pause)
[173.201s][info][gc,task     ] GC(366) Using 2 workers of 2 for evacuation
[173.240s][info][gc,phases   ] GC(366)   Pre Evacuate Collection Set: 0.28ms
[173.241s][info][gc,phases   ] GC(366)   Merge Heap Roots: 0.37ms
[173.241s][info][gc,phases   ] GC(366)   Evacuate Collection Set: 37.81ms
[173.241s][info][gc,phases   ] GC(366)   Post Evacuate Collection Set: 0.56ms
[173.241s][info][gc,phases   ] GC(366)   Other: 0.09ms
[173.241s][info][gc,heap     ] GC(366) Eden regions: 187->0(156)
[173.241s][info][gc,heap     ] GC(366) Survivor regions: 5->19(24)
[173.241s][info][gc,heap     ] GC(366) Old regions: 724->724
[173.241s][info][gc,heap     ] GC(366) Humongous regions: 10->10
[173.241s][info][gc,metaspace] GC(366) Metaspace: 18289K(18432K)->18289K(18432K) NonClass: 16460K(16576K)->16460K(16576K) Class: 1828K(1856K)->1828K(1856K)
[173.241s][info][gc          ] GC(366) Pause Young (Normal) (G1 Evacuation Pause) 925M->753M(978M) 39.338ms
[173.241s][info][gc,cpu      ] GC(366) User=0.08s Sys=0.00s Real=0.04s
[173.851s][info][gc,start    ] GC(367) Pause Young (Normal) (G1 Evacuation Pause)
[173.851s][info][gc,task     ] GC(367) Using 2 workers of 2 for evacuation
[173.904s][info][gc,phases   ] GC(367)   Pre Evacuate Collection Set: 0.33ms
[173.904s][info][gc,phases   ] GC(367)   Merge Heap Roots: 0.37ms
[173.904s][info][gc,phases   ] GC(367)   Evacuate Collection Set: 51.26ms
[173.904s][info][gc,phases   ] GC(367)   Post Evacuate Collection Set: 0.43ms
[173.904s][info][gc,phases   ] GC(367)   Other: 0.10ms
[173.904s][info][gc,heap     ] GC(367) Eden regions: 156->0(147)
[173.904s][info][gc,heap     ] GC(367) Survivor regions: 19->14(22)
[173.904s][info][gc,heap     ] GC(367) Old regions: 724->743
[173.904s][info][gc,heap     ] GC(367) Humongous regions: 10->10
[173.904s][info][gc,metaspace] GC(367) Metaspace: 18289K(18432K)->18289K(18432K) NonClass: 16460K(16576K)->16460K(16576K) Class: 1828K(1856K)->1828K(1856K)
[173.904s][info][gc          ] GC(367) Pause Young (Normal) (G1 Evacuation Pause) 909M->767M(978M) 52.754ms
[173.904s][info][gc,cpu      ] GC(367) User=0.10s Sys=0.00s Real=0.05s
[173.927s][info][gc,marking  ] GC(362) Concurrent Mark From Roots 2259.902ms
[173.927s][info][gc,marking  ] GC(362) Concurrent Preclean
[173.927s][info][gc,marking  ] GC(362) Concurrent Preclean 0.025ms
[173.928s][info][gc,start    ] GC(362) Pause Remark
[173.935s][info][gc          ] GC(362) Pause Remark 775M->775M(978M) 7.026ms
[173.935s][info][gc,cpu      ] GC(362) User=0.01s Sys=0.00s Real=0.00s
[173.935s][info][gc,marking  ] GC(362) Concurrent Mark 2268.340ms
[173.935s][info][gc,marking  ] GC(362) Concurrent Rebuild Remembered Sets and Scrub Regions
[174.169s][info][gc,start    ] GC(368) Pause Young (Normal) (G1 Evacuation Pause)
[174.170s][info][gc,task     ] GC(368) Using 2 workers of 2 for evacuation
[174.210s][info][gc,phases   ] GC(368)   Pre Evacuate Collection Set: 0.49ms
[174.210s][info][gc,phases   ] GC(368)   Merge Heap Roots: 0.20ms
[174.210s][info][gc,phases   ] GC(368)   Evacuate Collection Set: 39.53ms
[174.210s][info][gc,phases   ] GC(368)   Post Evacuate Collection Set: 0.42ms
[174.210s][info][gc,phases   ] GC(368)   Other: 0.10ms
[174.210s][info][gc,heap     ] GC(368) Eden regions: 147->0(119)
[174.210s][info][gc,heap     ] GC(368) Survivor regions: 14->21(21)
[174.210s][info][gc,heap     ] GC(368) Old regions: 743->757
[174.210s][info][gc,heap     ] GC(368) Humongous regions: 10->10
[174.210s][info][gc,metaspace] GC(368) Metaspace: 18297K(18496K)->18297K(18496K) NonClass: 16468K(16640K)->16468K(16640K) Class: 1828K(1856K)->1828K(1856K)
[174.210s][info][gc          ] GC(368) Pause Young (Normal) (G1 Evacuation Pause) 914M->788M(978M) 40.987ms
[174.210s][info][gc,cpu      ] GC(368) User=0.08s Sys=0.00s Real=0.04s
[174.386s][info][gc,start    ] GC(369) Pause Young (Normal) (G1 Evacuation Pause)
[174.387s][info][gc,task     ] GC(369) Using 2 workers of 2 for evacuation
[174.416s][info][gc,phases   ] GC(369)   Pre Evacuate Collection Set: 0.31ms
[174.416s][info][gc,phases   ] GC(369)   Merge Heap Roots: 0.25ms
[174.416s][info][gc,phases   ] GC(369)   Evacuate Collection Set: 28.77ms
[174.416s][info][gc,phases   ] GC(369)   Post Evacuate Collection Set: 0.37ms
[174.416s][info][gc,phases   ] GC(369)   Other: 0.11ms
[174.416s][info][gc,heap     ] GC(369) Eden regions: 119->0(129)
[174.416s][info][gc,heap     ] GC(369) Survivor regions: 21->5(18)
[174.416s][info][gc,heap     ] GC(369) Old regions: 757->779
[174.416s][info][gc,heap     ] GC(369) Humongous regions: 10->10
[174.416s][info][gc,metaspace] GC(369) Metaspace: 18301K(18496K)->18301K(18496K) NonClass: 16473K(16640K)->16473K(16640K) Class: 1828K(1856K)->1828K(1856K)
[174.416s][info][gc          ] GC(369) Pause Young (Normal) (G1 Evacuation Pause) 907M->793M(978M) 30.042ms
[174.416s][info][gc,cpu      ] GC(369) User=0.06s Sys=0.00s Real=0.03s
[174.602s][info][gc,start    ] GC(370) Pause Young (Normal) (G1 Evacuation Pause)
[174.602s][info][gc,task     ] GC(370) Using 2 workers of 2 for evacuation
[174.618s][info][gc,phases   ] GC(370)   Pre Evacuate Collection Set: 0.27ms
[174.618s][info][gc,phases   ] GC(370)   Merge Heap Roots: 0.27ms
[174.618s][info][gc,phases   ] GC(370)   Evacuate Collection Set: 14.45ms
[174.618s][info][gc,phases   ] GC(370)   Post Evacuate Collection Set: 0.32ms
[174.618s][info][gc,phases   ] GC(370)   Other: 0.11ms
[174.618s][info][gc,heap     ] GC(370) Eden regions: 129->0(125)
[174.618s][info][gc,heap     ] GC(370) Survivor regions: 5->7(17)
[174.618s][info][gc,heap     ] GC(370) Old regions: 779->779
[174.618s][info][gc,heap     ] GC(370) Humongous regions: 10->10
[174.618s][info][gc,metaspace] GC(370) Metaspace: 18301K(18496K)->18301K(18496K) NonClass: 16473K(16640K)->16473K(16640K) Class: 1828K(1856K)->1828K(1856K)
[174.618s][info][gc          ] GC(370) Pause Young (Normal) (G1 Evacuation Pause) 922M->795M(978M) 15.682ms
[174.618s][info][gc,cpu      ] GC(370) User=0.03s Sys=0.00s Real=0.01s
[174.829s][info][gc,start    ] GC(371) Pause Young (Normal) (G1 Evacuation Pause)
[174.829s][info][gc,task     ] GC(371) Using 2 workers of 2 for evacuation
[174.849s][info][gc,phases   ] GC(371)   Pre Evacuate Collection Set: 0.46ms
[174.849s][info][gc,phases   ] GC(371)   Merge Heap Roots: 0.32ms
[174.849s][info][gc,phases   ] GC(371)   Evacuate Collection Set: 18.71ms
[174.849s][info][gc,phases   ] GC(371)   Post Evacuate Collection Set: 0.36ms
[174.849s][info][gc,phases   ] GC(371)   Other: 0.10ms
[174.849s][info][gc,heap     ] GC(371) Eden regions: 125->0(119)
[174.849s][info][gc,heap     ] GC(371) Survivor regions: 7->10(17)
[174.849s][info][gc,heap     ] GC(371) Old regions: 779->779
[174.849s][info][gc,heap     ] GC(371) Humongous regions: 10->10
[174.849s][info][gc,metaspace] GC(371) Metaspace: 18305K(18496K)->18305K(18496K) NonClass: 16476K(16640K)->16476K(16640K) Class: 1828K(1856K)->1828K(1856K)
[174.849s][info][gc          ] GC(371) Pause Young (Normal) (G1 Evacuation Pause) 920M->798M(978M) 20.156ms
[174.849s][info][gc,cpu      ] GC(371) User=0.04s Sys=0.00s Real=0.02s
[174.921s][info][gc,marking  ] GC(362) Concurrent Rebuild Remembered Sets and Scrub Regions 985.643ms
[174.921s][info][gc,start    ] GC(362) Pause Cleanup
[174.921s][info][gc          ] GC(362) Pause Cleanup 829M->829M(978M) 0.128ms
[174.921s][info][gc,cpu      ] GC(362) User=0.00s Sys=0.00s Real=0.00s
[174.922s][info][gc,marking  ] GC(362) Concurrent Clear Claimed Marks
[174.922s][info][gc,marking  ] GC(362) Concurrent Clear Claimed Marks 0.033ms
[174.922s][info][gc,marking  ] GC(362) Concurrent Cleanup for Next Mark
[174.927s][info][gc,marking  ] GC(362) Concurrent Cleanup for Next Mark 4.927ms
[174.927s][info][gc          ] GC(362) Concurrent Mark Cycle 3305.238ms
[174.981s][info][gc,start    ] GC(372) Pause Young (Prepare Mixed) (G1 Evacuation Pause)
[174.981s][info][gc,task     ] GC(372) Using 2 workers of 2 for evacuation
[174.994s][info][gc,phases   ] GC(372)   Pre Evacuate Collection Set: 0.28ms
[174.994s][info][gc,phases   ] GC(372)   Merge Heap Roots: 0.14ms
[174.994s][info][gc,phases   ] GC(372)   Evacuate Collection Set: 12.32ms
[174.994s][info][gc,phases   ] GC(372)   Post Evacuate Collection Set: 0.39ms
[174.995s][info][gc,phases   ] GC(372)   Other: 0.08ms
[174.995s][info][gc,heap     ] GC(372) Eden regions: 119->0(122)
[174.995s][info][gc,heap     ] GC(372) Survivor regions: 10->6(17)
[174.995s][info][gc,heap     ] GC(372) Old regions: 779->784
[174.995s][info][gc,heap     ] GC(372) Humongous regions: 10->10
[174.995s][info][gc,metaspace] GC(372) Metaspace: 18305K(18496K)->18305K(18496K) NonClass: 16476K(16640K)->16476K(16640K) Class: 1828K(1856K)->1828K(1856K)
[174.995s][info][gc          ] GC(372) Pause Young (Prepare Mixed) (G1 Evacuation Pause) 917M->798M(978M) 13.455ms
[174.995s][info][gc,cpu      ] GC(372) User=0.03s Sys=0.00s Real=0.01s
[175.074s][info][gc,start    ] GC(373) Pause Young (Mixed) (G1 Evacuation Pause)
[175.074s][info][gc,task     ] GC(373) Using 2 workers of 2 for evacuation
[175.117s][info][gc,phases   ] GC(373)   Pre Evacuate Collection Set: 0.52ms
[175.117s][info][gc,phases   ] GC(373)   Merge Heap Roots: 0.79ms
[175.117s][info][gc,phases   ] GC(373)   Evacuate Collection Set: 40.58ms
[175.117s][info][gc,phases   ] GC(373)   Post Evacuate Collection Set: 0.40ms
[175.117s][info][gc,phases   ] GC(373)   Other: 0.09ms
[175.117s][info][gc,heap     ] GC(373) Eden regions: 122->0(130)
[175.117s][info][gc,heap     ] GC(373) Survivor regions: 6->6(16)
[175.117s][info][gc,heap     ] GC(373) Old regions: 784->776
[175.117s][info][gc,heap     ] GC(373) Humongous regions: 10->10
[175.117s][info][gc,metaspace] GC(373) Metaspace: 18305K(18496K)->18305K(18496K) NonClass: 16476K(16640K)->16476K(16640K) Class: 1828K(1856K)->1828K(1856K)
[175.117s][info][gc          ] GC(373) Pause Young (Mixed) (G1 Evacuation Pause) 920M->792M(978M) 42.610ms
[175.117s][info][gc,cpu      ] GC(373) User=0.08s Sys=0.00s Real=0.04s
[175.334s][info][gc,start    ] GC(374) Pause Young (Concurrent Start) (G1 Evacuation Pause)
[175.334s][info][gc,task     ] GC(374) Using 2 workers of 2 for evacuation
[175.352s][info][gc,phases   ] GC(374)   Pre Evacuate Collection Set: 0.35ms
[175.352s][info][gc,phases   ] GC(374)   Merge Heap Roots: 0.13ms
[175.352s][info][gc,phases   ] GC(374)   Evacuate Collection Set: 16.50ms
[175.352s][info][gc,phases   ] GC(374)   Post Evacuate Collection Set: 0.38ms
[175.352s][info][gc,phases   ] GC(374)   Other: 0.20ms
[175.352s][info][gc,heap     ] GC(374) Eden regions: 130->0(114)
[175.352s][info][gc,heap     ] GC(374) Survivor regions: 6->14(17)
[175.352s][info][gc,heap     ] GC(374) Old regions: 776->776
[175.352s][info][gc,heap     ] GC(374) Humongous regions: 10->10
[175.352s][info][gc,metaspace] GC(374) Metaspace: 18305K(18496K)->18305K(18496K) NonClass: 16476K(16640K)->16476K(16640K) Class: 1828K(1856K)->1828K(1856K)
[175.352s][info][gc          ] GC(374) Pause Young (Concurrent Start) (G1 Evacuation Pause) 922M->799M(978M) 17.798ms
[175.352s][info][gc          ] GC(375) Concurrent Mark Cycle
[175.352s][info][gc,marking  ] GC(375) Concurrent Scan Root Regions
[175.354s][info][gc,cpu      ] GC(374) User=0.04s Sys=0.00s Real=0.02s
[175.377s][info][gc,marking  ] GC(375) Concurrent Scan Root Regions 25.172ms
[175.377s][info][gc,marking  ] GC(375) Concurrent Mark
[175.377s][info][gc,marking  ] GC(375) Concurrent Mark From Roots
[175.377s][info][gc,task     ] GC(375) Using 1 workers of 1 for marking
[175.656s][info][gc,start    ] GC(376) Pause Young (Normal) (G1 Evacuation Pause)
[175.656s][info][gc,task     ] GC(376) Using 2 workers of 2 for evacuation
[175.674s][info][gc,phases   ] GC(376)   Pre Evacuate Collection Set: 0.50ms
[175.674s][info][gc,phases   ] GC(376)   Merge Heap Roots: 0.17ms
[175.674s][info][gc,phases   ] GC(376)   Evacuate Collection Set: 16.37ms
[175.674s][info][gc,phases   ] GC(376)   Post Evacuate Collection Set: 0.36ms
[175.674s][info][gc,phases   ] GC(376)   Other: 0.09ms
[175.674s][info][gc,heap     ] GC(376) Eden regions: 114->0(118)
[175.674s][info][gc,heap     ] GC(376) Survivor regions: 14->9(16)
[175.674s][info][gc,heap     ] GC(376) Old regions: 776->782
[175.674s][info][gc,heap     ] GC(376) Humongous regions: 10->10
[175.674s][info][gc,metaspace] GC(376) Metaspace: 18309K(18496K)->18309K(18496K) NonClass: 16481K(16640K)->16481K(16640K) Class: 1828K(1856K)->1828K(1856K)
[175.674s][info][gc          ] GC(376) Pause Young (Normal) (G1 Evacuation Pause) 913M->799M(978M) 17.737ms
[175.674s][info][gc,cpu      ] GC(376) User=0.03s Sys=0.00s Real=0.02s
[176.111s][info][gc,start    ] GC(377) Pause Young (Normal) (G1 Evacuation Pause)
[176.111s][info][gc,task     ] GC(377) Using 2 workers of 2 for evacuation
[176.146s][info][gc,phases   ] GC(377)   Pre Evacuate Collection Set: 0.51ms
[176.146s][info][gc,phases   ] GC(377)   Merge Heap Roots: 0.18ms
[176.146s][info][gc,phases   ] GC(377)   Evacuate Collection Set: 33.88ms
[176.146s][info][gc,phases   ] GC(377)   Post Evacuate Collection Set: 0.38ms
[176.146s][info][gc,phases   ] GC(377)   Other: 0.09ms
[176.146s][info][gc,heap     ] GC(377) Eden regions: 118->0(90)
[176.146s][info][gc,heap     ] GC(377) Survivor regions: 9->16(16)
[176.146s][info][gc,heap     ] GC(377) Old regions: 782->796
[176.146s][info][gc,heap     ] GC(377) Humongous regions: 10->10
[176.146s][info][gc,metaspace] GC(377) Metaspace: 18310K(18496K)->18310K(18496K) NonClass: 16482K(16640K)->16482K(16640K) Class: 1828K(1856K)->1828K(1856K)
[176.146s][info][gc          ] GC(377) Pause Young (Normal) (G1 Evacuation Pause) 917M->822M(978M) 35.268ms
[176.146s][info][gc,cpu      ] GC(377) User=0.07s Sys=0.00s Real=0.03s
[176.436s][info][gc,start    ] GC(378) Pause Young (Normal) (G1 Evacuation Pause)
[176.436s][info][gc,task     ] GC(378) Using 2 workers of 2 for evacuation
[176.454s][info][gc,phases   ] GC(378)   Pre Evacuate Collection Set: 0.50ms
[176.454s][info][gc,phases   ] GC(378)   Merge Heap Roots: 0.13ms
[176.454s][info][gc,phases   ] GC(378)   Evacuate Collection Set: 17.24ms
[176.454s][info][gc,phases   ] GC(378)   Post Evacuate Collection Set: 0.33ms
[176.454s][info][gc,phases   ] GC(378)   Other: 0.09ms
[176.454s][info][gc,heap     ] GC(378) Eden regions: 90->0(103)
[176.454s][info][gc,heap     ] GC(378) Survivor regions: 16->1(14)
[176.454s][info][gc,heap     ] GC(378) Old regions: 796->813
[176.454s][info][gc,heap     ] GC(378) Humongous regions: 10->10
[176.454s][info][gc,metaspace] GC(378) Metaspace: 18314K(18496K)->18314K(18496K) NonClass: 16485K(16640K)->16485K(16640K) Class: 1828K(1856K)->1828K(1856K)
[176.454s][info][gc          ] GC(378) Pause Young (Normal) (G1 Evacuation Pause) 912M->823M(978M) 18.539ms
[176.454s][info][gc,cpu      ] GC(378) User=0.04s Sys=0.00s Real=0.02s
[176.825s][info][gc,start    ] GC(379) Pause Young (Normal) (G1 Evacuation Pause)
[176.825s][info][gc,task     ] GC(379) Using 2 workers of 2 for evacuation
[176.826s][info][gc,phases   ] GC(379)   Pre Evacuate Collection Set: 0.27ms
[176.826s][info][gc,phases   ] GC(379)   Merge Heap Roots: 0.06ms
[176.826s][info][gc,phases   ] GC(379)   Evacuate Collection Set: 0.45ms
[176.826s][info][gc,phases   ] GC(379)   Post Evacuate Collection Set: 0.29ms
[176.826s][info][gc,phases   ] GC(379)   Other: 0.10ms
[176.826s][info][gc,heap     ] GC(379) Eden regions: 103->0(103)
[176.826s][info][gc,heap     ] GC(379) Survivor regions: 1->1(13)
[176.826s][info][gc,heap     ] GC(379) Old regions: 813->813
[176.826s][info][gc,heap     ] GC(379) Humongous regions: 10->10
[176.826s][info][gc,metaspace] GC(379) Metaspace: 18314K(18496K)->18314K(18496K) NonClass: 16485K(16640K)->16485K(16640K) Class: 1828K(1856K)->1828K(1856K)
[176.827s][info][gc          ] GC(379) Pause Young (Normal) (G1 Evacuation Pause) 926M->823M(978M) 1.384ms
[176.827s][info][gc,cpu      ] GC(379) User=0.00s Sys=0.00s Real=0.00s
[177.186s][info][gc,marking  ] GC(375) Concurrent Mark From Roots 1809.112ms
[177.186s][info][gc,marking  ] GC(375) Concurrent Preclean
[177.187s][info][gc,marking  ] GC(375) Concurrent Preclean 0.053ms
[177.187s][info][gc,start    ] GC(375) Pause Remark
[177.197s][info][metaspace   ] ChkMgr @0x00007f0d1c15e580 (non-class-space): : reclaiming memory...
[177.197s][info][metaspace   ] ChkMgr @0x00007f0d1c15e580 (non-class-space): nothing reclaimed.
[177.197s][info][metaspace   ] ChkMgr @0x00007f0d1c15c690 (class-space): : reclaiming memory...
[177.197s][info][metaspace   ] ChkMgr @0x00007f0d1c15c690 (class-space): nothing reclaimed.
[177.197s][info][gc          ] GC(375) Pause Remark 880M->726M(978M) 10.648ms
[177.197s][info][gc,cpu      ] GC(375) User=0.02s Sys=0.00s Real=0.01s
[177.198s][info][gc,marking  ] GC(375) Concurrent Mark 1821.007ms
[177.198s][info][gc,marking  ] GC(375) Concurrent Rebuild Remembered Sets and Scrub Regions
[177.351s][info][gc,start    ] GC(380) Pause Young (Normal) (G1 Evacuation Pause)
[177.352s][info][gc,task     ] GC(380) Using 2 workers of 2 for evacuation
[177.353s][info][gc,phases   ] GC(380)   Pre Evacuate Collection Set: 0.28ms
[177.353s][info][gc,phases   ] GC(380)   Merge Heap Roots: 0.06ms
[177.353s][info][gc,phases   ] GC(380)   Evacuate Collection Set: 0.43ms
[177.353s][info][gc,phases   ] GC(380)   Post Evacuate Collection Set: 0.28ms
[177.353s][info][gc,phases   ] GC(380)   Other: 0.11ms
[177.353s][info][gc,heap     ] GC(380) Eden regions: 103->0(257)
[177.353s][info][gc,heap     ] GC(380) Survivor regions: 1->1(13)
[177.353s][info][gc,heap     ] GC(380) Old regions: 662->662
[177.353s][info][gc,heap     ] GC(380) Humongous regions: 7->7
[177.353s][info][gc,metaspace] GC(380) Metaspace: 18303K(18496K)->18303K(18496K) NonClass: 16475K(16640K)->16475K(16640K) Class: 1828K(1856K)->1828K(1856K)
[177.353s][info][gc          ] GC(380) Pause Young (Normal) (G1 Evacuation Pause) 772M->668M(978M) 1.374ms
[177.353s][info][gc,cpu      ] GC(380) User=0.00s Sys=0.00s Real=0.00s
[177.960s][info][gc,marking  ] GC(375) Concurrent Rebuild Remembered Sets and Scrub Regions 761.254ms
[177.960s][info][gc,start    ] GC(375) Pause Cleanup
[177.960s][info][gc          ] GC(375) Pause Cleanup 791M->791M(978M) 0.132ms
[177.960s][info][gc,cpu      ] GC(375) User=0.00s Sys=0.00s Real=0.00s
[177.961s][info][gc,marking  ] GC(375) Concurrent Clear Claimed Marks
[177.961s][info][gc,marking  ] GC(375) Concurrent Clear Claimed Marks 0.028ms
[177.961s][info][gc,marking  ] GC(375) Concurrent Cleanup for Next Mark
[177.964s][info][gc,marking  ] GC(375) Concurrent Cleanup for Next Mark 2.946ms
[177.964s][info][gc          ] GC(375) Concurrent Mark Cycle 2611.475ms
[179.063s][info][gc,start    ] GC(381) Pause Young (Prepare Mixed) (G1 Evacuation Pause)
[179.063s][info][gc,task     ] GC(381) Using 2 workers of 2 for evacuation
[179.067s][info][gc,phases   ] GC(381)   Pre Evacuate Collection Set: 0.53ms
[179.067s][info][gc,phases   ] GC(381)   Merge Heap Roots: 0.13ms
[179.067s][info][gc,phases   ] GC(381)   Evacuate Collection Set: 2.37ms
[179.067s][info][gc,phases   ] GC(381)   Post Evacuate Collection Set: 0.46ms
[179.067s][info][gc,phases   ] GC(381)   Other: 0.12ms
[179.067s][info][gc,heap     ] GC(381) Eden regions: 257->0(257)
[179.067s][info][gc,heap     ] GC(381) Survivor regions: 1->1(33)
[179.067s][info][gc,heap     ] GC(381) Old regions: 662->662
[179.067s][info][gc,heap     ] GC(381) Humongous regions: 7->7
[179.067s][info][gc,metaspace] GC(381) Metaspace: 18304K(18496K)->18304K(18496K) NonClass: 16476K(16640K)->16476K(16640K) Class: 1828K(1856K)->1828K(1856K)
[179.067s][info][gc          ] GC(381) Pause Young (Prepare Mixed) (G1 Evacuation Pause) 925M->669M(978M) 3.824ms
[179.067s][info][gc,cpu      ] GC(381) User=0.01s Sys=0.00s Real=0.00s
[180.212s][info][gc,start    ] GC(382) Pause Young (Mixed) (G1 Evacuation Pause)
[180.212s][info][gc,task     ] GC(382) Using 2 workers of 2 for evacuation
[180.218s][info][gc,phases   ] GC(382)   Pre Evacuate Collection Set: 0.30ms
[180.218s][info][gc,phases   ] GC(382)   Merge Heap Roots: 0.15ms
[180.218s][info][gc,phases   ] GC(382)   Evacuate Collection Set: 4.50ms
[180.218s][info][gc,phases   ] GC(382)   Post Evacuate Collection Set: 0.49ms
[180.218s][info][gc,phases   ] GC(382)   Other: 0.08ms
[180.218s][info][gc,heap     ] GC(382) Eden regions: 257->0(272)
[180.218s][info][gc,heap     ] GC(382) Survivor regions: 1->3(33)
[180.218s][info][gc,heap     ] GC(382) Old regions: 662->643
[180.218s][info][gc,heap     ] GC(382) Humongous regions: 7->7
[180.218s][info][gc,metaspace] GC(382) Metaspace: 18341K(18496K)->18341K(18496K) NonClass: 16512K(16640K)->16512K(16640K) Class: 1828K(1856K)->1828K(1856K)
[180.218s][info][gc          ] GC(382) Pause Young (Mixed) (G1 Evacuation Pause) 926M->652M(978M) 5.736ms
[180.218s][info][gc,cpu      ] GC(382) User=0.01s Sys=0.00s Real=0.00s
[180.900s][info][gc,start    ] GC(383) Pause Young (Concurrent Start) (G1 Evacuation Pause)
[180.900s][info][gc,task     ] GC(383) Using 2 workers of 2 for evacuation
[180.911s][info][gc,phases   ] GC(383)   Pre Evacuate Collection Set: 0.30ms
[180.911s][info][gc,phases   ] GC(383)   Merge Heap Roots: 0.13ms
[180.911s][info][gc,phases   ] GC(383)   Evacuate Collection Set: 9.77ms
[180.911s][info][gc,phases   ] GC(383)   Post Evacuate Collection Set: 0.50ms
[180.911s][info][gc,phases   ] GC(383)   Other: 0.09ms
[180.911s][info][gc,heap     ] GC(383) Eden regions: 272->0(258)
[180.911s][info][gc,heap     ] GC(383) Survivor regions: 3->10(35)
[180.911s][info][gc,heap     ] GC(383) Old regions: 643->643
[180.911s][info][gc,heap     ] GC(383) Humongous regions: 7->7
[180.911s][info][gc,metaspace] GC(383) Metaspace: 18427K(18560K)->18427K(18560K) NonClass: 16599K(16704K)->16599K(16704K) Class: 1828K(1856K)->1828K(1856K)
[180.911s][info][gc          ] GC(383) Pause Young (Concurrent Start) (G1 Evacuation Pause) 924M->659M(978M) 10.984ms
[180.911s][info][gc,cpu      ] GC(383) User=0.02s Sys=0.00s Real=0.01s
[180.911s][info][gc          ] GC(384) Concurrent Mark Cycle
[180.911s][info][gc,marking  ] GC(384) Concurrent Scan Root Regions
[180.926s][info][gc,marking  ] GC(384) Concurrent Scan Root Regions 14.393ms
[180.926s][info][gc,marking  ] GC(384) Concurrent Mark
[180.926s][info][gc,marking  ] GC(384) Concurrent Mark From Roots
[180.926s][info][gc,task     ] GC(384) Using 1 workers of 1 for marking
[181.268s][info][gc,start    ] GC(385) Pause Young (Normal) (G1 Evacuation Pause)
[181.268s][info][gc,task     ] GC(385) Using 2 workers of 2 for evacuation
[181.401s][info][gc,phases   ] GC(385)   Pre Evacuate Collection Set: 0.48ms
[181.402s][info][gc,phases   ] GC(385)   Merge Heap Roots: 0.12ms
[181.402s][info][gc,phases   ] GC(385)   Evacuate Collection Set: 112.72ms
[181.402s][info][gc,phases   ] GC(385)   Post Evacuate Collection Set: 19.69ms
[181.402s][info][gc,phases   ] GC(385)   Other: 0.12ms
[181.402s][info][gc,heap     ] GC(385) Eden regions: 258->0(14)
[181.402s][info][gc,heap     ] GC(385) Survivor regions: 10->34(34)
[181.402s][info][gc,heap     ] GC(385) Old regions: 643->887
[181.402s][info][gc,heap     ] GC(385) Humongous regions: 7->7
[181.402s][info][gc,metaspace] GC(385) Metaspace: 18492K(18624K)->18492K(18624K) NonClass: 16663K(16768K)->16663K(16768K) Class: 1828K(1856K)->1828K(1856K)
[181.402s][info][gc          ] GC(385) Pause Young (Normal) (G1 Evacuation Pause) (Evacuation Failure: Allocation) 917M->928M(978M) 133.369ms
[181.402s][info][gc,cpu      ] GC(385) User=0.26s Sys=0.00s Real=0.13s
[181.431s][info][gc,start    ] GC(386) Pause Young (Normal) (G1 Evacuation Pause)
[181.431s][info][gc,task     ] GC(386) Using 2 workers of 2 for evacuation
[181.526s][info][gc,phases   ] GC(386)   Pre Evacuate Collection Set: 0.50ms
[181.526s][info][gc,phases   ] GC(386)   Merge Heap Roots: 1.07ms
[181.526s][info][gc,phases   ] GC(386)   Evacuate Collection Set: 79.68ms
[181.526s][info][gc,phases   ] GC(386)   Post Evacuate Collection Set: 14.30ms
[181.526s][info][gc,phases   ] GC(386)   Other: 0.08ms
[181.526s][info][gc,heap     ] GC(386) Eden regions: 14->0(46)
[181.526s][info][gc,heap     ] GC(386) Survivor regions: 34->2(6)
[181.527s][info][gc,heap     ] GC(386) Old regions: 887->919
[181.527s][info][gc,heap     ] GC(386) Humongous regions: 7->7
[181.527s][info][gc,metaspace] GC(386) Metaspace: 18492K(18624K)->18492K(18624K) NonClass: 16663K(16768K)->16663K(16768K) Class: 1828K(1856K)->1828K(1856K)
[181.527s][info][gc          ] GC(386) Pause Young (Normal) (G1 Evacuation Pause) (Evacuation Failure: Allocation) 942M->928M(978M) 95.847ms
[181.527s][info][gc,cpu      ] GC(386) User=0.19s Sys=0.00s Real=0.09s
[181.615s][info][gc,start    ] GC(387) Pause Young (Normal) (G1 Evacuation Pause)
[181.615s][info][gc,task     ] GC(387) Using 2 workers of 2 for evacuation
[181.684s][info][gc,phases   ] GC(387)   Pre Evacuate Collection Set: 0.39ms
[181.684s][info][gc,phases   ] GC(387)   Merge Heap Roots: 0.49ms
[181.684s][info][gc,phases   ] GC(387)   Evacuate Collection Set: 50.74ms
[181.684s][info][gc,phases   ] GC(387)   Post Evacuate Collection Set: 17.06ms
[181.684s][info][gc,phases   ] GC(387)   Other: 0.10ms
[181.684s][info][gc,heap     ] GC(387) Eden regions: 46->0(16)
[181.684s][info][gc,heap     ] GC(387) Survivor regions: 2->1(4)
[181.684s][info][gc,heap     ] GC(387) Old regions: 919->953
[181.684s][info][gc,heap     ] GC(387) Humongous regions: 7->7
[181.684s][info][gc,metaspace] GC(387) Metaspace: 18492K(18624K)->18492K(18624K) NonClass: 16663K(16768K)->16663K(16768K) Class: 1828K(1856K)->1828K(1856K)
[181.684s][info][gc          ] GC(387) Pause Young (Normal) (G1 Evacuation Pause) (Evacuation Failure: Allocation) 974M->961M(978M) 69.007ms
[181.684s][info][gc,cpu      ] GC(387) User=0.14s Sys=0.00s Real=0.07s
[181.822s][info][gc,start    ] GC(388) Pause Young (Normal) (G1 Evacuation Pause)
[181.822s][info][gc,task     ] GC(388) Using 2 workers of 2 for evacuation
[181.875s][info][gc,phases   ] GC(388)   Pre Evacuate Collection Set: 0.59ms
[181.875s][info][gc,phases   ] GC(388)   Merge Heap Roots: 0.45ms
[181.875s][info][gc,phases   ] GC(388)   Evacuate Collection Set: 36.91ms
[181.875s][info][gc,phases   ] GC(388)   Post Evacuate Collection Set: 14.45ms
[181.875s][info][gc,phases   ] GC(388)   Other: 0.10ms
[181.875s][info][gc,heap     ] GC(388) Eden regions: 16->0(9)
[181.875s][info][gc,heap     ] GC(388) Survivor regions: 1->1(1)
[181.875s][info][gc,heap     ] GC(388) Old regions: 953->960
[181.875s][info][gc,heap     ] GC(388) Humongous regions: 7->7
[181.875s][info][gc,metaspace] GC(388) Metaspace: 18492K(18624K)->18492K(18624K) NonClass: 16663K(16768K)->16663K(16768K) Class: 1828K(1856K)->1828K(1856K)
[181.875s][info][gc          ] GC(388) Pause Young (Normal) (G1 Evacuation Pause) (Evacuation Failure: Allocation) 977M->968M(978M) 52.707ms
[181.875s][info][gc,cpu      ] GC(388) User=0.10s Sys=0.00s Real=0.05s
[181.937s][info][gc,start    ] GC(389) Pause Young (Normal) (G1 Evacuation Pause)
[181.937s][info][gc,task     ] GC(389) Using 2 workers of 2 for evacuation
[182.008s][info][gc,phases   ] GC(389)   Pre Evacuate Collection Set: 0.39ms
[182.008s][info][gc,phases   ] GC(389)   Merge Heap Roots: 0.26ms
[182.008s][info][gc,phases   ] GC(389)   Evacuate Collection Set: 49.42ms
[182.008s][info][gc,phases   ] GC(389)   Post Evacuate Collection Set: 20.83ms
[182.008s][info][gc,phases   ] GC(389)   Other: 0.11ms
[182.008s][info][gc,heap     ] GC(389) Eden regions: 9->0(5)
[182.008s][info][gc,heap     ] GC(389) Survivor regions: 1->1(1)
[182.008s][info][gc,heap     ] GC(389) Old regions: 960->964
[182.008s][info][gc,heap     ] GC(389) Humongous regions: 7->7
[182.008s][info][gc,metaspace] GC(389) Metaspace: 18492K(18624K)->18492K(18624K) NonClass: 16663K(16768K)->16663K(16768K) Class: 1828K(1856K)->1828K(1856K)
[182.008s][info][gc          ] GC(389) Pause Young (Normal) (G1 Evacuation Pause) (Evacuation Failure: Allocation) 977M->972M(978M) 71.293ms
[182.008s][info][gc,cpu      ] GC(389) User=0.13s Sys=0.00s Real=0.08s
[182.046s][info][gc,start    ] GC(390) Pause Young (Normal) (G1 Evacuation Pause)
[182.046s][info][gc,task     ] GC(390) Using 2 workers of 2 for evacuation
[182.097s][info][gc,phases   ] GC(390)   Pre Evacuate Collection Set: 0.41ms
[182.097s][info][gc,phases   ] GC(390)   Merge Heap Roots: 0.24ms
[182.097s][info][gc,phases   ] GC(390)   Evacuate Collection Set: 35.66ms
[182.097s][info][gc,phases   ] GC(390)   Post Evacuate Collection Set: 14.40ms
[182.097s][info][gc,phases   ] GC(390)   Other: 0.09ms
[182.097s][info][gc,heap     ] GC(390) Eden regions: 5->0(4)
[182.097s][info][gc,heap     ] GC(390) Survivor regions: 1->1(1)
[182.097s][info][gc,heap     ] GC(390) Old regions: 964->965
[182.097s][info][gc,heap     ] GC(390) Humongous regions: 7->7
[182.097s][info][gc,metaspace] GC(390) Metaspace: 18492K(18624K)->18492K(18624K) NonClass: 16663K(16768K)->16663K(16768K) Class: 1828K(1856K)->1828K(1856K)
[182.097s][info][gc          ] GC(390) Pause Young (Normal) (G1 Evacuation Pause) (Evacuation Failure: Allocation) 977M->972M(978M) 51.065ms
[182.097s][info][gc,cpu      ] GC(390) User=0.09s Sys=0.01s Real=0.05s
[182.122s][info][gc,start    ] GC(391) Pause Young (Normal) (G1 Evacuation Pause)
[182.122s][info][gc,task     ] GC(391) Using 2 workers of 2 for evacuation
[182.175s][info][gc,phases   ] GC(391)   Pre Evacuate Collection Set: 0.38ms
[182.175s][info][gc,phases   ] GC(391)   Merge Heap Roots: 0.42ms
[182.175s][info][gc,phases   ] GC(391)   Evacuate Collection Set: 36.89ms
[182.175s][info][gc,phases   ] GC(391)   Post Evacuate Collection Set: 14.91ms
[182.175s][info][gc,phases   ] GC(391)   Other: 0.08ms
[182.175s][info][gc,heap     ] GC(391) Eden regions: 4->0(4)
[182.175s][info][gc,heap     ] GC(391) Survivor regions: 1->1(1)
[182.175s][info][gc,heap     ] GC(391) Old regions: 965->965
[182.175s][info][gc,heap     ] GC(391) Humongous regions: 7->7
[182.175s][info][gc,metaspace] GC(391) Metaspace: 18492K(18624K)->18492K(18624K) NonClass: 16663K(16768K)->16663K(16768K) Class: 1828K(1856K)->1828K(1856K)
[182.175s][info][gc          ] GC(391) Pause Young (Normal) (G1 Evacuation Pause) (Evacuation Failure: Allocation) 976M->972M(978M) 52.922ms
[182.175s][info][gc,cpu      ] GC(391) User=0.10s Sys=0.00s Real=0.05s
[182.191s][info][gc,start    ] GC(392) Pause Young (Normal) (G1 Evacuation Pause)
[182.191s][info][gc,task     ] GC(392) Using 2 workers of 2 for evacuation
[182.241s][info][gc,phases   ] GC(392)   Pre Evacuate Collection Set: 0.39ms
[182.241s][info][gc,phases   ] GC(392)   Merge Heap Roots: 0.27ms
[182.241s][info][gc,phases   ] GC(392)   Evacuate Collection Set: 35.34ms
[182.241s][info][gc,phases   ] GC(392)   Post Evacuate Collection Set: 14.10ms
[182.241s][info][gc,phases   ] GC(392)   Other: 0.10ms
[182.241s][info][gc,heap     ] GC(392) Eden regions: 4->0(4)
[182.241s][info][gc,heap     ] GC(392) Survivor regions: 1->1(1)
[182.241s][info][gc,heap     ] GC(392) Old regions: 965->965
[182.241s][info][gc,heap     ] GC(392) Humongous regions: 7->7
[182.241s][info][gc,metaspace] GC(392) Metaspace: 18492K(18624K)->18492K(18624K) NonClass: 16663K(16768K)->16663K(16768K) Class: 1828K(1856K)->1828K(1856K)
[182.241s][info][gc          ] GC(392) Pause Young (Normal) (G1 Evacuation Pause) (Evacuation Failure: Allocation) 976M->972M(978M) 50.428ms
[182.241s][info][gc,cpu      ] GC(392) User=0.10s Sys=0.00s Real=0.05s
[182.253s][info][gc,start    ] GC(393) Pause Young (Normal) (G1 Evacuation Pause)
[182.253s][info][gc,task     ] GC(393) Using 2 workers of 2 for evacuation
[182.306s][info][gc,phases   ] GC(393)   Pre Evacuate Collection Set: 0.38ms
[182.306s][info][gc,phases   ] GC(393)   Merge Heap Roots: 0.28ms
[182.306s][info][gc,phases   ] GC(393)   Evacuate Collection Set: 37.95ms
[182.306s][info][gc,phases   ] GC(393)   Post Evacuate Collection Set: 14.19ms
[182.306s][info][gc,phases   ] GC(393)   Other: 0.09ms
[182.306s][info][gc,heap     ] GC(393) Eden regions: 4->0(0)
[182.306s][info][gc,heap     ] GC(393) Survivor regions: 1->1(1)
[182.306s][info][gc,heap     ] GC(393) Old regions: 965->969
[182.306s][info][gc,heap     ] GC(393) Humongous regions: 7->7
[182.306s][info][gc,metaspace] GC(393) Metaspace: 18492K(18624K)->18492K(18624K) NonClass: 16663K(16768K)->16663K(16768K) Class: 1828K(1856K)->1828K(1856K)
[182.306s][info][gc          ] GC(393) Pause Young (Normal) (G1 Evacuation Pause) (Evacuation Failure: Allocation) 976M->976M(978M) 53.107ms
[182.306s][info][gc,cpu      ] GC(393) User=0.11s Sys=0.00s Real=0.05s
[182.306s][info][gc,ergo     ] Attempting full compaction
[182.306s][info][gc,start    ] GC(394) Pause Full (G1 Compaction Pause)
[182.306s][info][gc,task     ] GC(394) Using 2 workers of 2 for full compaction
[182.307s][info][gc,phases,start] GC(394) Phase 1: Mark live objects
[182.419s][info][metaspace      ] ChkMgr @0x00007f0d1c15e580 (non-class-space): : reclaiming memory...
[182.419s][info][metaspace      ] ChkMgr @0x00007f0d1c15e580 (non-class-space): nothing reclaimed.
[182.419s][info][metaspace      ] ChkMgr @0x00007f0d1c15c690 (class-space): : reclaiming memory...
[182.419s][info][metaspace      ] ChkMgr @0x00007f0d1c15c690 (class-space): nothing reclaimed.
[182.419s][info][gc,phases      ] GC(394) Phase 1: Mark live objects 111.228ms
[182.419s][info][gc,phases,start] GC(394) Phase 2: Prepare compaction
[182.438s][info][gc,phases      ] GC(394) Phase 2: Prepare compaction 19.848ms
[182.439s][info][gc,phases,start] GC(394) Phase 3: Adjust pointers
[182.492s][info][gc,phases      ] GC(394) Phase 3: Adjust pointers 53.225ms
[182.492s][info][gc,phases,start] GC(394) Phase 4: Compact heap
[182.516s][info][gc,phases      ] GC(394) Phase 4: Compact heap 23.724ms
[182.516s][info][gc,phases,start] GC(394) Phase 5: Reset Metadata
[182.529s][info][gc,phases      ] GC(394) Phase 5: Reset Metadata 13.177ms
[182.537s][info][gc,heap        ] GC(394) Eden regions: 0->0(262)
[182.537s][info][gc,heap        ] GC(394) Survivor regions: 1->0(1)
[182.537s][info][gc,heap        ] GC(394) Old regions: 969->143
[182.537s][info][gc,heap        ] GC(394) Humongous regions: 7->0
[182.537s][info][gc,metaspace   ] GC(394) Metaspace: 18492K(18624K)->18473K(18624K) NonClass: 16663K(16768K)->16644K(16768K) Class: 1828K(1856K)->1828K(1856K)
[182.537s][info][gc             ] GC(394) Pause Full (G1 Compaction Pause) 976M->141M(477M) 231.747ms
[182.537s][info][gc,cpu         ] GC(394) User=0.44s Sys=0.00s Real=0.23s
[182.540s][info][gc,marking     ] GC(384) Concurrent Mark From Roots 1614.447ms
[182.540s][info][gc,marking     ] GC(384) Concurrent Mark Abort
[182.540s][info][gc             ] GC(384) Concurrent Mark Cycle 1628.947ms
[182.804s][info][gc,start       ] GC(395) Pause Young (Concurrent Start) (G1 Humongous Allocation)
[182.804s][info][gc,task        ] GC(395) Using 2 workers of 2 for evacuation
[182.884s][info][gc,phases      ] GC(395)   Pre Evacuate Collection Set: 0.28ms
[182.885s][info][gc,phases      ] GC(395)   Merge Heap Roots: 0.68ms
[182.885s][info][gc,phases      ] GC(395)   Evacuate Collection Set: 78.63ms
[182.885s][info][gc,phases      ] GC(395)   Post Evacuate Collection Set: 0.84ms
[182.885s][info][gc,phases      ] GC(395)   Other: 0.09ms
[182.885s][info][gc,heap        ] GC(395) Eden regions: 137->0(178)
[182.885s][info][gc,heap        ] GC(395) Survivor regions: 0->33(33)
[182.885s][info][gc,heap        ] GC(395) Old regions: 143->158
[182.885s][info][gc,heap        ] GC(395) Humongous regions: 0->0
[182.885s][info][gc,metaspace   ] GC(395) Metaspace: 18485K(18624K)->18485K(18624K) NonClass: 16656K(16768K)->16656K(16768K) Class: 1828K(1856K)->1828K(1856K)
[182.885s][info][gc             ] GC(395) Pause Young (Concurrent Start) (G1 Humongous Allocation) 278M->189M(477M) 80.778ms
[182.885s][info][gc,cpu         ] GC(395) User=0.16s Sys=0.00s Real=0.08s
[182.885s][info][gc             ] GC(396) Concurrent Mark Cycle
[182.887s][info][gc,marking     ] GC(396) Concurrent Scan Root Regions
[182.977s][info][gc,marking     ] GC(396) Concurrent Scan Root Regions 89.503ms
[182.977s][info][gc,marking     ] GC(396) Concurrent Mark
[182.977s][info][gc,marking     ] GC(396) Concurrent Mark From Roots
[182.977s][info][gc,task        ] GC(396) Using 1 workers of 1 for marking
[183.270s][info][gc,start       ] GC(397) Pause Young (Normal) (G1 Evacuation Pause)
[183.270s][info][gc,task        ] GC(397) Using 2 workers of 2 for evacuation
[183.380s][info][gc,phases      ] GC(397)   Pre Evacuate Collection Set: 0.25ms
[183.380s][info][gc,phases      ] GC(397)   Merge Heap Roots: 0.72ms
[183.380s][info][gc,phases      ] GC(397)   Evacuate Collection Set: 108.74ms
[183.380s][info][gc,phases      ] GC(397)   Post Evacuate Collection Set: 0.49ms
[183.380s][info][gc,phases      ] GC(397)   Other: 0.08ms
[183.380s][info][gc,heap        ] GC(397) Eden regions: 178->0(157)
[183.380s][info][gc,heap        ] GC(397) Survivor regions: 33->27(27)
[183.380s][info][gc,heap        ] GC(397) Old regions: 158->204
[183.380s][info][gc,heap        ] GC(397) Humongous regions: 4->4
[183.380s][info][gc,metaspace   ] GC(397) Metaspace: 18500K(18624K)->18500K(18624K) NonClass: 16672K(16768K)->16672K(16768K) Class: 1828K(1856K)->1828K(1856K)
[183.380s][info][gc             ] GC(397) Pause Young (Normal) (G1 Evacuation Pause) 371M->233M(477M) 110.570ms
[183.380s][info][gc,cpu         ] GC(397) User=0.22s Sys=0.00s Real=0.11s
[183.608s][info][gc,start       ] GC(398) Pause Young (Normal) (G1 Evacuation Pause)
[183.608s][info][gc,task        ] GC(398) Using 2 workers of 2 for evacuation
[183.667s][info][gc,phases      ] GC(398)   Pre Evacuate Collection Set: 0.25ms
[183.667s][info][gc,phases      ] GC(398)   Merge Heap Roots: 0.22ms
[183.667s][info][gc,phases      ] GC(398)   Evacuate Collection Set: 58.18ms
[183.667s][info][gc,phases      ] GC(398)   Post Evacuate Collection Set: 0.37ms
[183.667s][info][gc,phases      ] GC(398)   Other: 0.08ms
[183.667s][info][gc,heap        ] GC(398) Eden regions: 157->0(164)
[183.667s][info][gc,heap        ] GC(398) Survivor regions: 27->3(23)
[183.667s][info][gc,heap        ] GC(398) Old regions: 204->231
[183.667s][info][gc,heap        ] GC(398) Humongous regions: 4->4
[183.667s][info][gc,metaspace   ] GC(398) Metaspace: 18500K(18624K)->18500K(18624K) NonClass: 16672K(16768K)->16672K(16768K) Class: 1828K(1856K)->1828K(1856K)
[183.667s][info][gc             ] GC(398) Pause Young (Normal) (G1 Evacuation Pause) 390M->236M(477M) 59.372ms
[183.667s][info][gc,cpu         ] GC(398) User=0.12s Sys=0.00s Real=0.06s
[183.682s][info][gc,marking     ] GC(396) Concurrent Mark From Roots 705.466ms
[183.682s][info][gc,marking     ] GC(396) Concurrent Preclean
[183.682s][info][gc,marking     ] GC(396) Concurrent Preclean 0.038ms
[183.682s][info][gc,start       ] GC(396) Pause Remark
[183.693s][info][gc             ] GC(396) Pause Remark 243M->243M(477M) 10.355ms
[183.693s][info][gc,cpu         ] GC(396) User=0.02s Sys=0.00s Real=0.01s
[183.693s][info][gc,marking     ] GC(396) Concurrent Mark 716.154ms
[183.693s][info][gc,marking     ] GC(396) Concurrent Rebuild Remembered Sets and Scrub Regions
[183.978s][info][gc,start       ] GC(399) Pause Young (Normal) (G1 Evacuation Pause)
[183.978s][info][gc,task        ] GC(399) Using 2 workers of 2 for evacuation
[184.004s][info][gc,phases      ] GC(399)   Pre Evacuate Collection Set: 0.28ms
[184.004s][info][gc,phases      ] GC(399)   Merge Heap Roots: 0.29ms
[184.004s][info][gc,phases      ] GC(399)   Evacuate Collection Set: 23.49ms
[184.004s][info][gc,phases      ] GC(399)   Post Evacuate Collection Set: 1.67ms
[184.004s][info][gc,phases      ] GC(399)   Other: 0.11ms
[184.004s][info][gc,heap        ] GC(399) Eden regions: 164->0(228)
[184.004s][info][gc,heap        ] GC(399) Survivor regions: 3->15(21)
[184.004s][info][gc,heap        ] GC(399) Old regions: 231->231
[184.004s][info][gc,heap        ] GC(399) Humongous regions: 4->4
[184.004s][info][gc,metaspace   ] GC(399) Metaspace: 18512K(18624K)->18512K(18624K) NonClass: 16684K(16768K)->16684K(16768K) Class: 1828K(1856K)->1828K(1856K)
[184.004s][info][gc             ] GC(399) Pause Young (Normal) (G1 Evacuation Pause) 400M->248M(615M) 26.081ms
[184.004s][info][gc,cpu         ] GC(399) User=0.04s Sys=0.00s Real=0.03s
[184.013s][info][gc,marking     ] GC(396) Concurrent Rebuild Remembered Sets and Scrub Regions 319.591ms
[184.015s][info][gc,start       ] GC(396) Pause Cleanup
[184.015s][info][gc             ] GC(396) Pause Cleanup 251M->251M(615M) 0.091ms
[184.015s][info][gc,cpu         ] GC(396) User=0.00s Sys=0.00s Real=0.00s
[184.015s][info][gc,marking     ] GC(396) Concurrent Clear Claimed Marks
[184.015s][info][gc,marking     ] GC(396) Concurrent Clear Claimed Marks 0.050ms
[184.015s][info][gc,marking     ] GC(396) Concurrent Cleanup for Next Mark
[184.022s][info][gc,marking     ] GC(396) Concurrent Cleanup for Next Mark 6.663ms
[184.022s][info][gc             ] GC(396) Concurrent Mark Cycle 1137.062ms
[184.440s][info][gc,start       ] GC(400) Pause Young (Prepare Mixed) (G1 Evacuation Pause)
[184.440s][info][gc,task        ] GC(400) Using 2 workers of 2 for evacuation
[184.466s][info][gc,phases      ] GC(400)   Pre Evacuate Collection Set: 2.33ms
[184.466s][info][gc,phases      ] GC(400)   Merge Heap Roots: 0.18ms
[184.466s][info][gc,phases      ] GC(400)   Evacuate Collection Set: 23.26ms
[184.466s][info][gc,phases      ] GC(400)   Post Evacuate Collection Set: 0.53ms
[184.466s][info][gc,phases      ] GC(400)   Other: 0.09ms
[184.467s][info][gc,heap        ] GC(400) Eden regions: 228->0(243)
[184.467s][info][gc,heap        ] GC(400) Survivor regions: 15->16(31)
[184.467s][info][gc,heap        ] GC(400) Old regions: 231->231
[184.467s][info][gc,heap        ] GC(400) Humongous regions: 4->4
[184.467s][info][gc,metaspace   ] GC(400) Metaspace: 18512K(18624K)->18512K(18624K) NonClass: 16684K(16768K)->16684K(16768K) Class: 1828K(1856K)->1828K(1856K)
[184.467s][info][gc             ] GC(400) Pause Young (Prepare Mixed) (G1 Evacuation Pause) 476M->249M(615M) 26.671ms
[184.467s][info][gc,cpu         ] GC(400) User=0.05s Sys=0.00s Real=0.02s
[184.690s][info][gc,start       ] GC(401) Pause Young (Mixed) (G1 Evacuation Pause)
[184.690s][info][gc,task        ] GC(401) Using 2 workers of 2 for evacuation
[184.764s][info][gc,phases      ] GC(401)   Pre Evacuate Collection Set: 0.28ms
[184.764s][info][gc,phases      ] GC(401)   Merge Heap Roots: 0.23ms
[184.764s][info][gc,phases      ] GC(401)   Evacuate Collection Set: 72.39ms
[184.764s][info][gc,phases      ] GC(401)   Post Evacuate Collection Set: 0.65ms
[184.764s][info][gc,phases      ] GC(401)   Other: 0.11ms
[184.764s][info][gc,heap        ] GC(401) Eden regions: 243->0(213)
[184.764s][info][gc,heap        ] GC(401) Survivor regions: 16->33(33)
[184.764s][info][gc,heap        ] GC(401) Old regions: 231->256
[184.764s][info][gc,heap        ] GC(401) Humongous regions: 4->4
[184.764s][info][gc,metaspace   ] GC(401) Metaspace: 18512K(18624K)->18512K(18624K) NonClass: 16684K(16768K)->16684K(16768K) Class: 1828K(1856K)->1828K(1856K)
[184.764s][info][gc             ] GC(401) Pause Young (Mixed) (G1 Evacuation Pause) 492M->292M(615M) 73.917ms
[184.764s][info][gc,cpu         ] GC(401) User=0.15s Sys=0.00s Real=0.07s
[184.917s][info][gc,start       ] GC(402) Pause Young (Concurrent Start) (G1 Humongous Allocation)
[184.917s][info][gc,task        ] GC(402) Using 2 workers of 2 for evacuation
[184.996s][info][gc,phases      ] GC(402)   Pre Evacuate Collection Set: 0.28ms
[184.997s][info][gc,phases      ] GC(402)   Merge Heap Roots: 0.36ms
[184.997s][info][gc,phases      ] GC(402)   Evacuate Collection Set: 78.46ms
[184.997s][info][gc,phases      ] GC(402)   Post Evacuate Collection Set: 0.49ms
[184.997s][info][gc,phases      ] GC(402)   Other: 0.13ms
[184.997s][info][gc,heap        ] GC(402) Eden regions: 115->0(190)
[184.997s][info][gc,heap        ] GC(402) Survivor regions: 33->26(31)
[184.997s][info][gc,heap        ] GC(402) Old regions: 256->289
[184.997s][info][gc,heap        ] GC(402) Humongous regions: 4->4
[184.997s][info][gc,metaspace   ] GC(402) Metaspace: 18512K(18624K)->18512K(18624K) NonClass: 16684K(16768K)->16684K(16768K) Class: 1828K(1856K)->1828K(1856K)
[184.997s][info][gc             ] GC(402) Pause Young (Concurrent Start) (G1 Humongous Allocation) 407M->318M(615M) 79.985ms
[184.997s][info][gc             ] GC(403) Concurrent Mark Cycle
[184.997s][info][gc,marking     ] GC(403) Concurrent Scan Root Regions
[184.997s][info][gc,cpu         ] GC(402) User=0.16s Sys=0.00s Real=0.08s
[185.100s][info][gc,marking     ] GC(403) Concurrent Scan Root Regions 103.455ms
[185.100s][info][gc,marking     ] GC(403) Concurrent Mark
[185.100s][info][gc,marking     ] GC(403) Concurrent Mark From Roots
[185.100s][info][gc,task        ] GC(403) Using 1 workers of 1 for marking
[185.219s][info][gc,start       ] GC(404) Pause Young (Normal) (G1 Evacuation Pause)
[185.219s][info][gc,task        ] GC(404) Using 2 workers of 2 for evacuation
[185.269s][info][gc,phases      ] GC(404)   Pre Evacuate Collection Set: 0.27ms
[185.269s][info][gc,phases      ] GC(404)   Merge Heap Roots: 0.24ms
[185.269s][info][gc,phases      ] GC(404)   Evacuate Collection Set: 48.78ms
[185.269s][info][gc,phases      ] GC(404)   Post Evacuate Collection Set: 0.47ms
[185.269s][info][gc,phases      ] GC(404)   Other: 0.12ms
[185.269s][info][gc,heap        ] GC(404) Eden regions: 190->0(191)
[185.269s][info][gc,heap        ] GC(404) Survivor regions: 26->13(27)
[185.269s][info][gc,heap        ] GC(404) Old regions: 289->315
[185.269s][info][gc,heap        ] GC(404) Humongous regions: 5->5
[185.269s][info][gc,metaspace   ] GC(404) Metaspace: 18512K(18624K)->18512K(18624K) NonClass: 16684K(16768K)->16684K(16768K) Class: 1828K(1856K)->1828K(1856K)
[185.269s][info][gc             ] GC(404) Pause Young (Normal) (G1 Evacuation Pause) 509M->332M(615M) 50.220ms
[185.269s][info][gc,cpu         ] GC(404) User=0.10s Sys=0.00s Real=0.05s
[185.582s][info][gc,start       ] GC(405) Pause Young (Normal) (G1 Evacuation Pause)
[185.582s][info][gc,task        ] GC(405) Using 2 workers of 2 for evacuation
[185.604s][info][gc,phases      ] GC(405)   Pre Evacuate Collection Set: 0.25ms
[185.604s][info][gc,phases      ] GC(405)   Merge Heap Roots: 0.19ms
[185.604s][info][gc,phases      ] GC(405)   Evacuate Collection Set: 20.27ms
[185.604s][info][gc,phases      ] GC(405)   Post Evacuate Collection Set: 0.42ms
[185.604s][info][gc,phases      ] GC(405)   Other: 0.10ms
[185.604s][info][gc,heap        ] GC(405) Eden regions: 191->0(199)
[185.604s][info][gc,heap        ] GC(405) Survivor regions: 13->17(26)
[185.604s][info][gc,heap        ] GC(405) Old regions: 315->315
[185.604s][info][gc,heap        ] GC(405) Humongous regions: 5->5
[185.604s][info][gc,metaspace   ] GC(405) Metaspace: 18515K(18624K)->18515K(18624K) NonClass: 16687K(16768K)->16687K(16768K) Class: 1828K(1856K)->1828K(1856K)
[185.604s][info][gc             ] GC(405) Pause Young (Normal) (G1 Evacuation Pause) 523M->336M(615M) 21.486ms
[185.604s][info][gc,cpu         ] GC(405) User=0.04s Sys=0.00s Real=0.02s
[185.918s][info][gc,marking     ] GC(403) Concurrent Mark From Roots 818.225ms
[185.918s][info][gc,marking     ] GC(403) Concurrent Preclean
[185.919s][info][gc,marking     ] GC(403) Concurrent Preclean 0.035ms
[185.919s][info][gc,start       ] GC(403) Pause Remark
[185.927s][info][gc             ] GC(403) Pause Remark 403M->399M(615M) 8.420ms
[185.927s][info][gc,cpu         ] GC(403) User=0.01s Sys=0.00s Real=0.00s
[185.927s][info][gc,marking     ] GC(403) Concurrent Mark 827.031ms
[185.927s][info][gc,marking     ] GC(403) Concurrent Rebuild Remembered Sets and Scrub Regions
[186.217s][info][gc,marking     ] GC(403) Concurrent Rebuild Remembered Sets and Scrub Regions 289.785ms
[186.217s][info][gc,start       ] GC(403) Pause Cleanup
[186.217s][info][gc             ] GC(403) Pause Cleanup 459M->459M(615M) 0.084ms
[186.217s][info][gc,cpu         ] GC(403) User=0.00s Sys=0.00s Real=0.00s
[186.217s][info][gc,marking     ] GC(403) Concurrent Clear Claimed Marks
[186.217s][info][gc,marking     ] GC(403) Concurrent Clear Claimed Marks 0.028ms
[186.217s][info][gc,marking     ] GC(403) Concurrent Cleanup for Next Mark
[186.219s][info][gc,marking     ] GC(403) Concurrent Cleanup for Next Mark 1.904ms
[186.219s][info][gc             ] GC(403) Concurrent Mark Cycle 1222.663ms
[186.389s][info][gc,start       ] GC(406) Pause Young (Prepare Mixed) (G1 Evacuation Pause)
[186.389s][info][gc,task        ] GC(406) Using 2 workers of 2 for evacuation
[186.415s][info][gc,phases      ] GC(406)   Pre Evacuate Collection Set: 0.24ms
[186.415s][info][gc,phases      ] GC(406)   Merge Heap Roots: 0.26ms
[186.415s][info][gc,phases      ] GC(406)   Evacuate Collection Set: 24.92ms
[186.415s][info][gc,phases      ] GC(406)   Post Evacuate Collection Set: 0.50ms
[186.415s][info][gc,phases      ] GC(406)   Other: 0.09ms
[186.415s][info][gc,heap        ] GC(406) Eden regions: 199->0(211)
[186.415s][info][gc,heap        ] GC(406) Survivor regions: 17->6(27)
[186.415s][info][gc,heap        ] GC(406) Old regions: 312->325
[186.415s][info][gc,heap        ] GC(406) Humongous regions: 4->4
[186.415s][info][gc,metaspace   ] GC(406) Metaspace: 18515K(18624K)->18515K(18624K) NonClass: 16687K(16768K)->16687K(16768K) Class: 1828K(1856K)->1828K(1856K)
[186.415s][info][gc             ] GC(406) Pause Young (Prepare Mixed) (G1 Evacuation Pause) 531M->333M(615M) 26.280ms
[186.415s][info][gc,cpu         ] GC(406) User=0.06s Sys=0.00s Real=0.02s
[186.734s][info][gc,start       ] GC(407) Pause Young (Mixed) (G1 Evacuation Pause)
[186.734s][info][gc,task        ] GC(407) Using 2 workers of 2 for evacuation
[186.827s][info][gc,phases      ] GC(407)   Pre Evacuate Collection Set: 0.26ms
[186.827s][info][gc,phases      ] GC(407)   Merge Heap Roots: 0.29ms
[186.827s][info][gc,phases      ] GC(407)   Evacuate Collection Set: 91.09ms
[186.827s][info][gc,phases      ] GC(407)   Post Evacuate Collection Set: 1.16ms
[186.827s][info][gc,phases      ] GC(407)   Other: 0.10ms
[186.827s][info][gc,heap        ] GC(407) Eden regions: 211->0(198)
[186.827s][info][gc,heap        ] GC(407) Survivor regions: 6->28(28)
[186.827s][info][gc,heap        ] GC(407) Old regions: 325->369
[186.827s][info][gc,heap        ] GC(407) Humongous regions: 4->4
[186.827s][info][gc,metaspace   ] GC(407) Metaspace: 18518K(18624K)->18518K(18624K) NonClass: 16690K(16768K)->16690K(16768K) Class: 1828K(1856K)->1828K(1856K)
[186.827s][info][gc             ] GC(407) Pause Young (Mixed) (G1 Evacuation Pause) 544M->400M(711M) 93.150ms
[186.827s][info][gc,cpu         ] GC(407) User=0.17s Sys=0.00s Real=0.09s
[186.856s][info][gc,start       ] GC(408) Pause Young (Concurrent Start) (G1 Humongous Allocation)
[186.856s][info][gc,task        ] GC(408) Using 2 workers of 2 for evacuation
[186.900s][info][gc,phases      ] GC(408)   Pre Evacuate Collection Set: 0.30ms
[186.900s][info][gc,phases      ] GC(408)   Merge Heap Roots: 0.25ms
[186.900s][info][gc,phases      ] GC(408)   Evacuate Collection Set: 42.55ms
[186.900s][info][gc,phases      ] GC(408)   Post Evacuate Collection Set: 0.35ms
[186.900s][info][gc,phases      ] GC(408)   Other: 0.15ms
[186.900s][info][gc,heap        ] GC(408) Eden regions: 13->0(207)
[186.900s][info][gc,heap        ] GC(408) Survivor regions: 28->6(29)
[186.900s][info][gc,heap        ] GC(408) Old regions: 369->398
[186.900s][info][gc,heap        ] GC(408) Humongous regions: 4->4
[186.900s][info][gc,metaspace   ] GC(408) Metaspace: 18518K(18624K)->18518K(18624K) NonClass: 16690K(16768K)->16690K(16768K) Class: 1828K(1856K)->1828K(1856K)
[186.900s][info][gc             ] GC(408) Pause Young (Concurrent Start) (G1 Humongous Allocation) 413M->407M(711M) 43.860ms
[186.900s][info][gc             ] GC(409) Concurrent Mark Cycle
[186.900s][info][gc,marking     ] GC(409) Concurrent Scan Root Regions
[186.902s][info][gc,cpu         ] GC(408) User=0.09s Sys=0.00s Real=0.05s
[186.938s][info][gc,marking     ] GC(409) Concurrent Scan Root Regions 37.546ms
[186.938s][info][gc,marking     ] GC(409) Concurrent Mark
[186.938s][info][gc,marking     ] GC(409) Concurrent Mark From Roots
[186.938s][info][gc,task        ] GC(409) Using 1 workers of 1 for marking
[187.278s][info][gc,start       ] GC(410) Pause Young (Normal) (G1 Evacuation Pause)
[187.278s][info][gc,task        ] GC(410) Using 2 workers of 2 for evacuation
[187.300s][info][gc,phases      ] GC(410)   Pre Evacuate Collection Set: 0.26ms
[187.300s][info][gc,phases      ] GC(410)   Merge Heap Roots: 0.18ms
[187.300s][info][gc,phases      ] GC(410)   Evacuate Collection Set: 21.34ms
[187.300s][info][gc,phases      ] GC(410)   Post Evacuate Collection Set: 0.41ms
[187.300s][info][gc,phases      ] GC(410)   Other: 0.07ms
[187.300s][info][gc,heap        ] GC(410) Eden regions: 207->0(210)
[187.300s][info][gc,heap        ] GC(410) Survivor regions: 6->15(27)
[187.300s][info][gc,heap        ] GC(410) Old regions: 398->398
[187.300s][info][gc,heap        ] GC(410) Humongous regions: 5->5
[187.300s][info][gc,metaspace   ] GC(410) Metaspace: 18518K(18624K)->18518K(18624K) NonClass: 16690K(16768K)->16690K(16768K) Class: 1828K(1856K)->1828K(1856K)
[187.300s][info][gc             ] GC(410) Pause Young (Normal) (G1 Evacuation Pause) 615M->416M(711M) 22.502ms
[187.300s][info][gc,cpu         ] GC(410) User=0.04s Sys=0.00s Real=0.03s
[187.743s][info][gc,start       ] GC(411) Pause Young (Normal) (G1 Evacuation Pause)
[187.743s][info][gc,task        ] GC(411) Using 2 workers of 2 for evacuation
[187.767s][info][gc,phases      ] GC(411)   Pre Evacuate Collection Set: 0.25ms
[187.767s][info][gc,phases      ] GC(411)   Merge Heap Roots: 0.16ms
[187.767s][info][gc,phases      ] GC(411)   Evacuate Collection Set: 22.67ms
[187.767s][info][gc,phases      ] GC(411)   Post Evacuate Collection Set: 0.42ms
[187.767s][info][gc,phases      ] GC(411)   Other: 0.08ms
[187.767s][info][gc,heap        ] GC(411) Eden regions: 210->0(220)
[187.767s][info][gc,heap        ] GC(411) Survivor regions: 15->17(29)
[187.767s][info][gc,heap        ] GC(411) Old regions: 398->398
[187.767s][info][gc,heap        ] GC(411) Humongous regions: 5->5
[187.767s][info][gc,metaspace   ] GC(411) Metaspace: 18518K(18624K)->18518K(18624K) NonClass: 16690K(16768K)->16690K(16768K) Class: 1828K(1856K)->1828K(1856K)
[187.767s][info][gc             ] GC(411) Pause Young (Normal) (G1 Evacuation Pause) 626M->419M(711M) 23.803ms
[187.767s][info][gc,cpu         ] GC(411) User=0.05s Sys=0.00s Real=0.02s
[187.864s][info][gc,marking     ] GC(409) Concurrent Mark From Roots 926.503ms
[187.864s][info][gc,marking     ] GC(409) Concurrent Preclean
[187.864s][info][gc,marking     ] GC(409) Concurrent Preclean 0.042ms
[187.864s][info][gc,start       ] GC(409) Pause Remark
[187.872s][info][gc             ] GC(409) Pause Remark 438M->396M(711M) 7.809ms
[187.872s][info][gc,cpu         ] GC(409) User=0.02s Sys=0.00s Real=0.01s
[187.872s][info][gc,marking     ] GC(409) Concurrent Mark 934.746ms
[187.872s][info][gc,marking     ] GC(409) Concurrent Rebuild Remembered Sets and Scrub Regions
[188.149s][info][gc,marking     ] GC(409) Concurrent Rebuild Remembered Sets and Scrub Regions 276.991ms
[188.149s][info][gc,start       ] GC(409) Pause Cleanup
[188.150s][info][gc             ] GC(409) Pause Cleanup 465M->465M(711M) 0.095ms
[188.150s][info][gc,cpu         ] GC(409) User=0.00s Sys=0.00s Real=0.00s
[188.151s][info][gc,marking     ] GC(409) Concurrent Clear Claimed Marks
[188.151s][info][gc,marking     ] GC(409) Concurrent Clear Claimed Marks 0.049ms
[188.151s][info][gc,marking     ] GC(409) Concurrent Cleanup for Next Mark
[188.156s][info][gc,marking     ] GC(409) Concurrent Cleanup for Next Mark 5.156ms
[188.156s][info][gc             ] GC(409) Concurrent Mark Cycle 1256.510ms
[188.347s][info][gc,start       ] GC(412) Pause Young (Prepare Mixed) (G1 Evacuation Pause)
[188.347s][info][gc,task        ] GC(412) Using 2 workers of 2 for evacuation
[188.427s][info][gc,phases      ] GC(412)   Pre Evacuate Collection Set: 0.27ms
[188.427s][info][gc,phases      ] GC(412)   Merge Heap Roots: 0.18ms
[188.427s][info][gc,phases      ] GC(412)   Evacuate Collection Set: 78.98ms
[188.427s][info][gc,phases      ] GC(412)   Post Evacuate Collection Set: 0.50ms
[188.427s][info][gc,phases      ] GC(412)   Other: 0.11ms
[188.427s][info][gc,heap        ] GC(412) Eden regions: 220->0(188)
[188.427s][info][gc,heap        ] GC(412) Survivor regions: 17->30(30)
[188.427s][info][gc,heap        ] GC(412) Old regions: 357->394
[188.427s][info][gc,heap        ] GC(412) Humongous regions: 4->4
[188.427s][info][gc,metaspace   ] GC(412) Metaspace: 18518K(18624K)->18518K(18624K) NonClass: 16690K(16768K)->16690K(16768K) Class: 1828K(1856K)->1828K(1856K)
[188.427s][info][gc             ] GC(412) Pause Young (Prepare Mixed) (G1 Evacuation Pause) 597M->427M(711M) 80.290ms
[188.427s][info][gc,cpu         ] GC(412) User=0.16s Sys=0.00s Real=0.08s
[188.566s][info][gc,start       ] GC(413) Pause Young (Mixed) (G1 Evacuation Pause)
[188.566s][info][gc,task        ] GC(413) Using 2 workers of 2 for evacuation
[188.745s][info][gc,phases      ] GC(413)   Pre Evacuate Collection Set: 0.26ms
[188.745s][info][gc,phases      ] GC(413)   Merge Heap Roots: 0.26ms
[188.745s][info][gc,phases      ] GC(413)   Evacuate Collection Set: 178.01ms
[188.746s][info][gc,phases      ] GC(413)   Post Evacuate Collection Set: 0.61ms
[188.746s][info][gc,phases      ] GC(413)   Other: 0.12ms
[188.746s][info][gc,heap        ] GC(413) Eden regions: 188->0(117)
[188.746s][info][gc,heap        ] GC(413) Survivor regions: 30->28(28)
[188.746s][info][gc,heap        ] GC(413) Old regions: 394->498
[188.746s][info][gc,heap        ] GC(413) Humongous regions: 4->4
[188.746s][info][gc,metaspace   ] GC(413) Metaspace: 18518K(18624K)->18518K(18624K) NonClass: 16690K(16768K)->16690K(16768K) Class: 1828K(1856K)->1828K(1856K)
[188.746s][info][gc             ] GC(413) Pause Young (Mixed) (G1 Evacuation Pause) 615M->529M(762M) 179.509ms
[188.746s][info][gc,cpu         ] GC(413) User=0.32s Sys=0.03s Real=0.18s
[188.807s][info][gc,start       ] GC(414) Pause Young (Concurrent Start) (G1 Humongous Allocation)
[188.807s][info][gc,task        ] GC(414) Using 2 workers of 2 for evacuation
[188.854s][info][gc,phases      ] GC(414)   Pre Evacuate Collection Set: 0.30ms
[188.854s][info][gc,phases      ] GC(414)   Merge Heap Roots: 0.36ms
[188.854s][info][gc,phases      ] GC(414)   Evacuate Collection Set: 44.79ms
[188.854s][info][gc,phases      ] GC(414)   Post Evacuate Collection Set: 1.26ms
[188.854s][info][gc,phases      ] GC(414)   Other: 0.10ms
[188.854s][info][gc,heap        ] GC(414) Eden regions: 33->0(175)
[188.854s][info][gc,heap        ] GC(414) Survivor regions: 28->7(19)
[188.854s][info][gc,heap        ] GC(414) Old regions: 498->527
[188.854s][info][gc,heap        ] GC(414) Humongous regions: 4->4
[188.854s][info][gc,metaspace   ] GC(414) Metaspace: 18518K(18624K)->18518K(18624K) NonClass: 16690K(16768K)->16690K(16768K) Class: 1828K(1856K)->1828K(1856K)
[188.854s][info][gc             ] GC(414) Pause Young (Concurrent Start) (G1 Humongous Allocation) 562M->537M(849M) 47.100ms
[188.854s][info][gc,cpu         ] GC(414) User=0.09s Sys=0.00s Real=0.05s
[188.854s][info][gc             ] GC(415) Concurrent Mark Cycle
[188.856s][info][gc,marking     ] GC(415) Concurrent Scan Root Regions
[188.917s][info][gc,marking     ] GC(415) Concurrent Scan Root Regions 61.145ms
[188.917s][info][gc,marking     ] GC(415) Concurrent Mark
[188.917s][info][gc,marking     ] GC(415) Concurrent Mark From Roots
[188.917s][info][gc,task        ] GC(415) Using 1 workers of 1 for marking
[189.227s][info][gc,start       ] GC(416) Pause Young (Normal) (G1 Evacuation Pause)
[189.227s][info][gc,task        ] GC(416) Using 2 workers of 2 for evacuation
[189.258s][info][gc,phases      ] GC(416)   Pre Evacuate Collection Set: 0.36ms
[189.258s][info][gc,phases      ] GC(416)   Merge Heap Roots: 0.38ms
[189.258s][info][gc,phases      ] GC(416)   Evacuate Collection Set: 30.03ms
[189.258s][info][gc,phases      ] GC(416)   Post Evacuate Collection Set: 0.58ms
[189.258s][info][gc,phases      ] GC(416)   Other: 0.10ms
[189.258s][info][gc,heap        ] GC(416) Eden regions: 175->0(185)
[189.258s][info][gc,heap        ] GC(416) Survivor regions: 7->14(23)
[189.258s][info][gc,heap        ] GC(416) Old regions: 527->527
[189.258s][info][gc,heap        ] GC(416) Humongous regions: 5->5
[189.258s][info][gc,metaspace   ] GC(416) Metaspace: 18519K(18624K)->18519K(18624K) NonClass: 16690K(16768K)->16690K(16768K) Class: 1828K(1856K)->1828K(1856K)
[189.258s][info][gc             ] GC(416) Pause Young (Normal) (G1 Evacuation Pause) 713M->544M(849M) 31.700ms
[189.258s][info][gc,cpu         ] GC(416) User=0.06s Sys=0.00s Real=0.04s
[189.502s][info][gc,start       ] GC(417) Pause Young (Normal) (G1 Evacuation Pause)
[189.502s][info][gc,task        ] GC(417) Using 2 workers of 2 for evacuation
[189.539s][info][gc,phases      ] GC(417)   Pre Evacuate Collection Set: 0.47ms
[189.539s][info][gc,phases      ] GC(417)   Merge Heap Roots: 0.38ms
[189.539s][info][gc,phases      ] GC(417)   Evacuate Collection Set: 35.00ms
[189.539s][info][gc,phases      ] GC(417)   Post Evacuate Collection Set: 0.42ms
[189.539s][info][gc,phases      ] GC(417)   Other: 0.10ms
[189.539s][info][gc,heap        ] GC(417) Eden regions: 185->0(190)
[189.539s][info][gc,heap        ] GC(417) Survivor regions: 14->17(25)
[189.539s][info][gc,heap        ] GC(417) Old regions: 527->533
[189.539s][info][gc,heap        ] GC(417) Humongous regions: 5->5
[189.539s][info][gc,metaspace   ] GC(417) Metaspace: 18519K(18624K)->18519K(18624K) NonClass: 16691K(16768K)->16691K(16768K) Class: 1828K(1856K)->1828K(1856K)
[189.539s][info][gc             ] GC(417) Pause Young (Normal) (G1 Evacuation Pause) 729M->553M(849M) 36.610ms
[189.539s][info][gc,cpu         ] GC(417) User=0.07s Sys=0.00s Real=0.04s
[189.882s][info][gc,start       ] GC(418) Pause Young (Normal) (G1 Evacuation Pause)
[189.882s][info][gc,task        ] GC(418) Using 2 workers of 2 for evacuation
[189.933s][info][gc,phases      ] GC(418)   Pre Evacuate Collection Set: 0.28ms
[189.933s][info][gc,phases      ] GC(418)   Merge Heap Roots: 0.12ms
[189.933s][info][gc,phases      ] GC(418)   Evacuate Collection Set: 50.05ms
[189.933s][info][gc,phases      ] GC(418)   Post Evacuate Collection Set: 0.52ms
[189.933s][info][gc,phases      ] GC(418)   Other: 0.10ms
[189.933s][info][gc,heap        ] GC(418) Eden regions: 190->0(168)
[189.933s][info][gc,heap        ] GC(418) Survivor regions: 17->26(26)
[189.933s][info][gc,heap        ] GC(418) Old regions: 533->557
[189.933s][info][gc,heap        ] GC(418) Humongous regions: 5->5
[189.933s][info][gc,metaspace   ] GC(418) Metaspace: 18519K(18624K)->18519K(18624K) NonClass: 16691K(16768K)->16691K(16768K) Class: 1828K(1856K)->1828K(1856K)
[189.933s][info][gc             ] GC(418) Pause Young (Normal) (G1 Evacuation Pause) 743M->587M(849M) 51.288ms
[189.933s][info][gc,cpu         ] GC(418) User=0.10s Sys=0.01s Real=0.05s
[190.142s][info][gc,marking     ] GC(415) Concurrent Mark From Roots 1224.927ms
[190.142s][info][gc,marking     ] GC(415) Concurrent Preclean
[190.142s][info][gc,marking     ] GC(415) Concurrent Preclean 0.030ms
[190.143s][info][gc,start       ] GC(415) Pause Remark
[190.151s][info][gc             ] GC(415) Pause Remark 705M->579M(849M) 7.979ms
[190.151s][info][gc,cpu         ] GC(415) User=0.01s Sys=0.00s Real=0.01s
[190.152s][info][gc,marking     ] GC(415) Concurrent Mark 1234.765ms
[190.152s][info][gc,marking     ] GC(415) Concurrent Rebuild Remembered Sets and Scrub Regions
[190.263s][info][gc,start       ] GC(419) Pause Young (Normal) (G1 Evacuation Pause)
[190.263s][info][gc,task        ] GC(419) Using 2 workers of 2 for evacuation
[190.333s][info][gc,phases      ] GC(419)   Pre Evacuate Collection Set: 0.45ms
[190.333s][info][gc,phases      ] GC(419)   Merge Heap Roots: 0.19ms
[190.333s][info][gc,phases      ] GC(419)   Evacuate Collection Set: 68.69ms
[190.333s][info][gc,phases      ] GC(419)   Post Evacuate Collection Set: 0.56ms
[190.333s][info][gc,phases      ] GC(419)   Other: 0.11ms
[190.333s][info][gc,heap        ] GC(419) Eden regions: 168->0(222)
[190.333s][info][gc,heap        ] GC(419) Survivor regions: 26->25(25)
[190.334s][info][gc,heap        ] GC(419) Old regions: 433->476
[190.334s][info][gc,heap        ] GC(419) Humongous regions: 3->3
[190.334s][info][gc,metaspace   ] GC(419) Metaspace: 18519K(18624K)->18519K(18624K) NonClass: 16691K(16768K)->16691K(16768K) Class: 1828K(1856K)->1828K(1856K)
[190.334s][info][gc             ] GC(419) Pause Young (Normal) (G1 Evacuation Pause) 629M->503M(849M) 70.235ms
[190.334s][info][gc,cpu         ] GC(419) User=0.14s Sys=0.00s Real=0.07s
[190.599s][info][gc,marking     ] GC(415) Concurrent Rebuild Remembered Sets and Scrub Regions 446.708ms
[190.599s][info][gc,start       ] GC(415) Pause Cleanup
[190.599s][info][gc             ] GC(415) Pause Cleanup 707M->707M(849M) 0.177ms
[190.599s][info][gc,cpu         ] GC(415) User=0.00s Sys=0.00s Real=0.00s
[190.600s][info][gc,marking     ] GC(415) Concurrent Clear Claimed Marks
[190.600s][info][gc,marking     ] GC(415) Concurrent Clear Claimed Marks 0.037ms
[190.600s][info][gc,marking     ] GC(415) Concurrent Cleanup for Next Mark
[190.604s][info][gc,marking     ] GC(415) Concurrent Cleanup for Next Mark 3.718ms
[190.604s][info][gc             ] GC(415) Concurrent Mark Cycle 1749.779ms
[190.618s][info][gc,start       ] GC(420) Pause Young (Prepare Mixed) (G1 Evacuation Pause)
[190.618s][info][gc,task        ] GC(420) Using 2 workers of 2 for evacuation
[190.729s][info][gc,phases      ] GC(420)   Pre Evacuate Collection Set: 0.27ms
[190.729s][info][gc,phases      ] GC(420)   Merge Heap Roots: 0.43ms
[190.729s][info][gc,phases      ] GC(420)   Evacuate Collection Set: 109.57ms
[190.729s][info][gc,phases      ] GC(420)   Post Evacuate Collection Set: 0.72ms
[190.729s][info][gc,phases      ] GC(420)   Other: 0.09ms
[190.729s][info][gc,heap        ] GC(420) Eden regions: 222->0(150)
[190.729s][info][gc,heap        ] GC(420) Survivor regions: 25->31(31)
[190.729s][info][gc,heap        ] GC(420) Old regions: 476->547
[190.729s][info][gc,heap        ] GC(420) Humongous regions: 3->3
[190.729s][info][gc,metaspace   ] GC(420) Metaspace: 18519K(18624K)->18519K(18624K) NonClass: 16691K(16768K)->16691K(16768K) Class: 1828K(1856K)->1828K(1856K)
[190.729s][info][gc             ] GC(420) Pause Young (Prepare Mixed) (G1 Evacuation Pause) 725M->580M(849M) 111.321ms
[190.730s][info][gc,cpu         ] GC(420) User=0.22s Sys=0.00s Real=0.12s
[190.838s][info][gc,start       ] GC(421) Pause Young (Mixed) (G1 Evacuation Pause)
[190.838s][info][gc,task        ] GC(421) Using 2 workers of 2 for evacuation
[190.967s][info][gc,phases      ] GC(421)   Pre Evacuate Collection Set: 0.49ms
[190.967s][info][gc,phases      ] GC(421)   Merge Heap Roots: 0.68ms
[190.967s][info][gc,phases      ] GC(421)   Evacuate Collection Set: 126.56ms
[190.967s][info][gc,phases      ] GC(421)   Post Evacuate Collection Set: 1.12ms
[190.967s][info][gc,phases      ] GC(421)   Other: 0.09ms
[190.967s][info][gc,heap        ] GC(421) Eden regions: 150->0(157)
[190.967s][info][gc,heap        ] GC(421) Survivor regions: 31->23(23)
[190.967s][info][gc,heap        ] GC(421) Old regions: 547->572
[190.967s][info][gc,heap        ] GC(421) Humongous regions: 6->6
[190.967s][info][gc,metaspace   ] GC(421) Metaspace: 18523K(18624K)->18523K(18624K) NonClass: 16694K(16768K)->16694K(16768K) Class: 1828K(1856K)->1828K(1856K)
[190.967s][info][gc             ] GC(421) Pause Young (Mixed) (G1 Evacuation Pause) 733M->600M(901M) 129.173ms
[190.967s][info][gc,cpu         ] GC(421) User=0.25s Sys=0.00s Real=0.13s
[191.163s][info][gc,start       ] GC(422) Pause Young (Concurrent Start) (G1 Evacuation Pause)
[191.164s][info][gc,task        ] GC(422) Using 2 workers of 2 for evacuation
[191.225s][info][gc,phases      ] GC(422)   Pre Evacuate Collection Set: 0.31ms
[191.225s][info][gc,phases      ] GC(422)   Merge Heap Roots: 0.48ms
[191.225s][info][gc,phases      ] GC(422)   Evacuate Collection Set: 59.56ms
[191.225s][info][gc,phases      ] GC(422)   Post Evacuate Collection Set: 0.52ms
[191.225s][info][gc,phases      ] GC(422)   Other: 0.11ms
[191.225s][info][gc,heap        ] GC(422) Eden regions: 157->0(156)
[191.225s][info][gc,heap        ] GC(422) Survivor regions: 23->22(23)
[191.225s][info][gc,heap        ] GC(422) Old regions: 572->595
[191.225s][info][gc,heap        ] GC(422) Humongous regions: 6->6
[191.225s][info][gc,metaspace   ] GC(422) Metaspace: 18523K(18624K)->18523K(18624K) NonClass: 16695K(16768K)->16695K(16768K) Class: 1828K(1856K)->1828K(1856K)
[191.225s][info][gc             ] GC(422) Pause Young (Concurrent Start) (G1 Evacuation Pause) 757M->622M(901M) 61.228ms
[191.225s][info][gc             ] GC(423) Concurrent Mark Cycle
[191.225s][info][gc,marking     ] GC(423) Concurrent Scan Root Regions
[191.227s][info][gc,cpu         ] GC(422) User=0.13s Sys=0.00s Real=0.06s
[191.307s][info][gc,marking     ] GC(423) Concurrent Scan Root Regions 82.351ms
[191.307s][info][gc,marking     ] GC(423) Concurrent Mark
[191.307s][info][gc,marking     ] GC(423) Concurrent Mark From Roots
[191.307s][info][gc,task        ] GC(423) Using 1 workers of 1 for marking
[191.445s][info][gc,start       ] GC(424) Pause Young (Normal) (G1 Evacuation Pause)
[191.445s][info][gc,task        ] GC(424) Using 2 workers of 2 for evacuation
[191.515s][info][gc,phases      ] GC(424)   Pre Evacuate Collection Set: 0.31ms
[191.515s][info][gc,phases      ] GC(424)   Merge Heap Roots: 0.43ms
[191.515s][info][gc,phases      ] GC(424)   Evacuate Collection Set: 68.33ms
[191.515s][info][gc,phases      ] GC(424)   Post Evacuate Collection Set: 0.48ms
[191.515s][info][gc,phases      ] GC(424)   Other: 0.08ms
[191.515s][info][gc,heap        ] GC(424) Eden regions: 156->0(144)
[191.515s][info][gc,heap        ] GC(424) Survivor regions: 22->23(23)
[191.515s][info][gc,heap        ] GC(424) Old regions: 595->620
[191.515s][info][gc,heap        ] GC(424) Humongous regions: 7->7
[191.515s][info][gc,metaspace   ] GC(424) Metaspace: 18524K(18624K)->18524K(18624K) NonClass: 16696K(16768K)->16696K(16768K) Class: 1828K(1856K)->1828K(1856K)
[191.515s][info][gc             ] GC(424) Pause Young (Normal) (G1 Evacuation Pause) 779M->649M(901M) 69.881ms
[191.515s][info][gc,cpu         ] GC(424) User=0.14s Sys=0.00s Real=0.07s
[191.733s][info][gc,start       ] GC(425) Pause Young (Normal) (G1 Evacuation Pause)
[191.733s][info][gc,task        ] GC(425) Using 2 workers of 2 for evacuation
[191.785s][info][gc,phases      ] GC(425)   Pre Evacuate Collection Set: 0.31ms
[191.785s][info][gc,phases      ] GC(425)   Merge Heap Roots: 0.31ms
[191.785s][info][gc,phases      ] GC(425)   Evacuate Collection Set: 50.92ms
[191.785s][info][gc,phases      ] GC(425)   Post Evacuate Collection Set: 0.43ms
[191.785s][info][gc,phases      ] GC(425)   Other: 0.10ms
[191.785s][info][gc,heap        ] GC(425) Eden regions: 144->0(144)
[191.785s][info][gc,heap        ] GC(425) Survivor regions: 23->12(21)
[191.785s][info][gc,heap        ] GC(425) Old regions: 620->644
[191.785s][info][gc,heap        ] GC(425) Humongous regions: 9->9
[191.785s][info][gc,metaspace   ] GC(425) Metaspace: 18524K(18624K)->18524K(18624K) NonClass: 16696K(16768K)->16696K(16768K) Class: 1828K(1856K)->1828K(1856K)
[191.785s][info][gc             ] GC(425) Pause Young (Normal) (G1 Evacuation Pause) 795M->663M(901M) 52.355ms
[191.785s][info][gc,cpu         ] GC(425) User=0.10s Sys=0.00s Real=0.05s
[191.985s][info][gc,start       ] GC(426) Pause Young (Normal) (G1 Evacuation Pause)
[191.985s][info][gc,task        ] GC(426) Using 2 workers of 2 for evacuation
[192.027s][info][gc,phases      ] GC(426)   Pre Evacuate Collection Set: 0.28ms
[192.027s][info][gc,phases      ] GC(426)   Merge Heap Roots: 0.34ms
[192.027s][info][gc,phases      ] GC(426)   Evacuate Collection Set: 40.75ms
[192.027s][info][gc,phases      ] GC(426)   Post Evacuate Collection Set: 0.63ms
[192.027s][info][gc,phases      ] GC(426)   Other: 0.11ms
[192.027s][info][gc,heap        ] GC(426) Eden regions: 144->0(155)
[192.027s][info][gc,heap        ] GC(426) Survivor regions: 12->19(20)
[192.027s][info][gc,heap        ] GC(426) Old regions: 644->655
[192.027s][info][gc,heap        ] GC(426) Humongous regions: 9->9
[192.027s][info][gc,metaspace   ] GC(426) Metaspace: 18526K(18624K)->18526K(18624K) NonClass: 16698K(16768K)->16698K(16768K) Class: 1828K(1856K)->1828K(1856K)
[192.027s][info][gc             ] GC(426) Pause Young (Normal) (G1 Evacuation Pause) 807M->681M(928M) 42.337ms
[192.027s][info][gc,cpu         ] GC(426) User=0.08s Sys=0.00s Real=0.04s
[192.223s][info][gc,start       ] GC(427) Pause Young (Normal) (G1 Evacuation Pause)
[192.223s][info][gc,task        ] GC(427) Using 2 workers of 2 for evacuation
[192.266s][info][gc,phases      ] GC(427)   Pre Evacuate Collection Set: 0.49ms
[192.266s][info][gc,phases      ] GC(427)   Merge Heap Roots: 0.24ms
[192.266s][info][gc,phases      ] GC(427)   Evacuate Collection Set: 41.93ms
[192.266s][info][gc,phases      ] GC(427)   Post Evacuate Collection Set: 0.43ms
[192.266s][info][gc,phases      ] GC(427)   Other: 0.08ms
[192.266s][info][gc,heap        ] GC(427) Eden regions: 155->0(149)
[192.266s][info][gc,heap        ] GC(427) Survivor regions: 19->17(22)
[192.266s][info][gc,heap        ] GC(427) Old regions: 655->673
[192.266s][info][gc,heap        ] GC(427) Humongous regions: 9->9
[192.266s][info][gc,metaspace   ] GC(427) Metaspace: 18526K(18624K)->18526K(18624K) NonClass: 16698K(16768K)->16698K(16768K) Class: 1828K(1856K)->1828K(1856K)
[192.266s][info][gc             ] GC(427) Pause Young (Normal) (G1 Evacuation Pause) 836M->698M(928M) 43.447ms
[192.266s][info][gc,cpu         ] GC(427) User=0.09s Sys=0.00s Real=0.04s
[192.360s][info][gc,marking     ] GC(423) Concurrent Mark From Roots 1052.503ms
[192.360s][info][gc,marking     ] GC(423) Concurrent Preclean
[192.360s][info][gc,marking     ] GC(423) Concurrent Preclean 0.036ms
[192.360s][info][gc,start       ] GC(423) Pause Remark
[192.368s][info][gc             ] GC(423) Pause Remark 815M->574M(928M) 7.946ms
[192.368s][info][gc,cpu         ] GC(423) User=0.02s Sys=0.00s Real=0.00s
[192.368s][info][gc,marking     ] GC(423) Concurrent Mark 1060.845ms
[192.368s][info][gc,marking     ] GC(423) Concurrent Rebuild Remembered Sets and Scrub Regions
[192.408s][info][gc,start       ] GC(428) Pause Young (Normal) (G1 Evacuation Pause)
[192.408s][info][gc,task        ] GC(428) Using 2 workers of 2 for evacuation
[192.430s][info][gc,phases      ] GC(428)   Pre Evacuate Collection Set: 0.50ms
[192.430s][info][gc,phases      ] GC(428)   Merge Heap Roots: 0.25ms
[192.430s][info][gc,phases      ] GC(428)   Evacuate Collection Set: 20.89ms
[192.430s][info][gc,phases      ] GC(428)   Post Evacuate Collection Set: 0.36ms
[192.430s][info][gc,phases      ] GC(428)   Other: 0.10ms
[192.430s][info][gc,heap        ] GC(428) Eden regions: 149->0(336)
[192.430s][info][gc,heap        ] GC(428) Survivor regions: 17->2(21)
[192.430s][info][gc,heap        ] GC(428) Old regions: 435->452
[192.430s][info][gc,heap        ] GC(428) Humongous regions: 6->6
[192.430s][info][gc,metaspace   ] GC(428) Metaspace: 18526K(18624K)->18526K(18624K) NonClass: 16698K(16768K)->16698K(16768K) Class: 1828K(1856K)->1828K(1856K)
[192.430s][info][gc             ] GC(428) Pause Young (Normal) (G1 Evacuation Pause) 606M->459M(928M) 22.338ms
[192.430s][info][gc,cpu         ] GC(428) User=0.04s Sys=0.00s Real=0.03s
[192.770s][info][gc,marking     ] GC(423) Concurrent Rebuild Remembered Sets and Scrub Regions 401.692ms
[192.770s][info][gc,start       ] GC(423) Pause Cleanup
[192.770s][info][gc             ] GC(423) Pause Cleanup 739M->739M(928M) 0.117ms
[192.770s][info][gc,cpu         ] GC(423) User=0.00s Sys=0.00s Real=0.00s
[192.772s][info][gc,marking     ] GC(423) Concurrent Clear Claimed Marks
[192.772s][info][gc,marking     ] GC(423) Concurrent Clear Claimed Marks 0.049ms
[192.772s][info][gc,marking     ] GC(423) Concurrent Cleanup for Next Mark
[192.778s][info][gc,marking     ] GC(423) Concurrent Cleanup for Next Mark 5.888ms
[192.778s][info][gc             ] GC(423) Concurrent Mark Cycle 1553.514ms
[192.854s][info][gc,start       ] GC(429) Pause Young (Prepare Mixed) (G1 Evacuation Pause)
[192.855s][info][gc,task        ] GC(429) Using 2 workers of 2 for evacuation
[192.894s][info][gc,phases      ] GC(429)   Pre Evacuate Collection Set: 0.27ms
[192.894s][info][gc,phases      ] GC(429)   Merge Heap Roots: 0.37ms
[192.894s][info][gc,phases      ] GC(429)   Evacuate Collection Set: 38.07ms
[192.894s][info][gc,phases      ] GC(429)   Post Evacuate Collection Set: 0.56ms
[192.894s][info][gc,phases      ] GC(429)   Other: 0.10ms
[192.894s][info][gc,heap        ] GC(429) Eden regions: 336->0(323)
[192.894s][info][gc,heap        ] GC(429) Survivor regions: 2->28(43)
[192.894s][info][gc,heap        ] GC(429) Old regions: 452->452
[192.894s][info][gc,heap        ] GC(429) Humongous regions: 6->6
[192.894s][info][gc,metaspace   ] GC(429) Metaspace: 18526K(18624K)->18526K(18624K) NonClass: 16698K(16768K)->16698K(16768K) Class: 1828K(1856K)->1828K(1856K)
[192.894s][info][gc             ] GC(429) Pause Young (Prepare Mixed) (G1 Evacuation Pause) 795M->485M(928M) 39.606ms
[192.894s][info][gc,cpu         ] GC(429) User=0.08s Sys=0.00s Real=0.04s
[193.761s][info][gc,start       ] GC(430) Pause Young (Mixed) (G1 Evacuation Pause)
[193.761s][info][gc,task        ] GC(430) Using 2 workers of 2 for evacuation
[193.826s][info][gc,phases      ] GC(430)   Pre Evacuate Collection Set: 0.30ms
[193.826s][info][gc,phases      ] GC(430)   Merge Heap Roots: 0.32ms
[193.826s][info][gc,phases      ] GC(430)   Evacuate Collection Set: 63.77ms
[193.826s][info][gc,phases      ] GC(430)   Post Evacuate Collection Set: 0.65ms
[193.826s][info][gc,phases      ] GC(430)   Other: 0.09ms
[193.826s][info][gc,heap        ] GC(430) Eden regions: 323->0(332)
[193.826s][info][gc,heap        ] GC(430) Survivor regions: 28->23(44)
[193.826s][info][gc,heap        ] GC(430) Old regions: 452->452
[193.826s][info][gc,heap        ] GC(430) Humongous regions: 6->6
[193.826s][info][gc,metaspace   ] GC(430) Metaspace: 18528K(18624K)->18528K(18624K) NonClass: 16700K(16768K)->16700K(16768K) Class: 1828K(1856K)->1828K(1856K)
[193.826s][info][gc             ] GC(430) Pause Young (Mixed) (G1 Evacuation Pause) 808M->480M(928M) 65.414ms
[193.826s][info][gc,cpu         ] GC(430) User=0.13s Sys=0.00s Real=0.06s
[194.680s][info][gc,start       ] GC(431) Pause Young (Concurrent Start) (G1 Evacuation Pause)
[194.680s][info][gc,task        ] GC(431) Using 2 workers of 2 for evacuation
[194.719s][info][gc,phases      ] GC(431)   Pre Evacuate Collection Set: 0.33ms
[194.719s][info][gc,phases      ] GC(431)   Merge Heap Roots: 0.48ms
[194.719s][info][gc,phases      ] GC(431)   Evacuate Collection Set: 37.38ms
[194.719s][info][gc,phases      ] GC(431)   Post Evacuate Collection Set: 0.60ms
[194.720s][info][gc,phases      ] GC(431)   Other: 0.12ms
[194.720s][info][gc,heap        ] GC(431) Eden regions: 332->0(353)
[194.720s][info][gc,heap        ] GC(431) Survivor regions: 23->23(45)
[194.720s][info][gc,heap        ] GC(431) Old regions: 452->452
[194.720s][info][gc,heap        ] GC(431) Humongous regions: 6->6
[194.720s][info][gc,metaspace   ] GC(431) Metaspace: 18529K(18624K)->18529K(18624K) NonClass: 16700K(16768K)->16700K(16768K) Class: 1828K(1856K)->1828K(1856K)
[194.720s][info][gc             ] GC(431) Pause Young (Concurrent Start) (G1 Evacuation Pause) 812M->480M(928M) 39.172ms
[194.720s][info][gc,cpu         ] GC(431) User=0.08s Sys=0.00s Real=0.04s
[194.720s][info][gc             ] GC(432) Concurrent Mark Cycle
[194.720s][info][gc,marking     ] GC(432) Concurrent Scan Root Regions
[194.771s][info][gc,marking     ] GC(432) Concurrent Scan Root Regions 51.528ms
[194.771s][info][gc,marking     ] GC(432) Concurrent Mark
[194.771s][info][gc,marking     ] GC(432) Concurrent Mark From Roots
[194.771s][info][gc,task        ] GC(432) Using 1 workers of 1 for marking
[195.605s][info][gc,start       ] GC(433) Pause Young (Normal) (G1 Evacuation Pause)
[195.605s][info][gc,task        ] GC(433) Using 2 workers of 2 for evacuation
[195.727s][info][gc,phases      ] GC(433)   Pre Evacuate Collection Set: 0.31ms
[195.727s][info][gc,phases      ] GC(433)   Merge Heap Roots: 0.60ms
[195.727s][info][gc,phases      ] GC(433)   Evacuate Collection Set: 119.20ms
[195.727s][info][gc,phases      ] GC(433)   Post Evacuate Collection Set: 1.01ms
[195.727s][info][gc,phases      ] GC(433)   Other: 0.12ms
[195.727s][info][gc,heap        ] GC(433) Eden regions: 353->0(261)
[195.727s][info][gc,heap        ] GC(433) Survivor regions: 23->47(47)
[195.727s][info][gc,heap        ] GC(433) Old regions: 452->501
[195.727s][info][gc,heap        ] GC(433) Humongous regions: 6->6
[195.727s][info][gc,metaspace   ] GC(433) Metaspace: 18529K(18624K)->18529K(18624K) NonClass: 16700K(16768K)->16700K(16768K) Class: 1828K(1856K)->1828K(1856K)
[195.727s][info][gc             ] GC(433) Pause Young (Normal) (G1 Evacuation Pause) 833M->553M(930M) 121.492ms
[195.727s][info][gc,cpu         ] GC(433) User=0.24s Sys=0.00s Real=0.12s
[195.951s][info][gc,marking     ] GC(432) Concurrent Mark From Roots 1179.344ms
[195.951s][info][gc,marking     ] GC(432) Concurrent Preclean
[195.951s][info][gc,marking     ] GC(432) Concurrent Preclean 0.034ms
[195.951s][info][gc,start       ] GC(432) Pause Remark
[195.959s][info][gc             ] GC(432) Pause Remark 617M->546M(930M) 8.134ms
[195.959s][info][gc,cpu         ] GC(432) User=0.01s Sys=0.00s Real=0.01s
[195.960s][info][gc,marking     ] GC(432) Concurrent Mark 1188.296ms
[195.960s][info][gc,marking     ] GC(432) Concurrent Rebuild Remembered Sets and Scrub Regions
[196.288s][info][gc,start       ] GC(434) Pause Young (Normal) (G1 Evacuation Pause)
[196.288s][info][gc,task        ] GC(434) Using 2 workers of 2 for evacuation
[196.398s][info][gc,phases      ] GC(434)   Pre Evacuate Collection Set: 0.50ms
[196.399s][info][gc,phases      ] GC(434)   Merge Heap Roots: 1.22ms
[196.399s][info][gc,phases      ] GC(434)   Evacuate Collection Set: 107.96ms
[196.399s][info][gc,phases      ] GC(434)   Post Evacuate Collection Set: 0.81ms
[196.399s][info][gc,phases      ] GC(434)   Other: 0.12ms
[196.399s][info][gc,heap        ] GC(434) Eden regions: 261->0(294)
[196.399s][info][gc,heap        ] GC(434) Survivor regions: 47->29(39)
[196.399s][info][gc,heap        ] GC(434) Old regions: 432->480
[196.399s][info][gc,heap        ] GC(434) Humongous regions: 4->4
[196.399s][info][gc,metaspace   ] GC(434) Metaspace: 18531K(18688K)->18531K(18688K) NonClass: 16702K(16832K)->16702K(16832K) Class: 1828K(1856K)->1828K(1856K)
[196.399s][info][gc             ] GC(434) Pause Young (Normal) (G1 Evacuation Pause) 743M->512M(930M) 110.834ms
[196.399s][info][gc,cpu         ] GC(434) User=0.22s Sys=0.00s Real=0.12s
[196.516s][info][gc,marking     ] GC(432) Concurrent Rebuild Remembered Sets and Scrub Regions 556.341ms
[196.516s][info][gc,start       ] GC(432) Pause Cleanup
[196.516s][info][gc             ] GC(432) Pause Cleanup 614M->614M(930M) 0.184ms
[196.516s][info][gc,cpu         ] GC(432) User=0.00s Sys=0.00s Real=0.00s
[196.517s][info][gc,marking     ] GC(432) Concurrent Clear Claimed Marks
[196.517s][info][gc,marking     ] GC(432) Concurrent Clear Claimed Marks 0.047ms
[196.517s][info][gc,marking     ] GC(432) Concurrent Cleanup for Next Mark
[196.520s][info][gc,marking     ] GC(432) Concurrent Cleanup for Next Mark 2.939ms
[196.520s][info][gc             ] GC(432) Concurrent Mark Cycle 1800.677ms
[196.688s][info][gc,start       ] GC(435) Pause Young (Prepare Mixed) (G1 Evacuation Pause)
[196.688s][info][gc,task        ] GC(435) Using 2 workers of 2 for evacuation
[196.810s][info][gc,phases      ] GC(435)   Pre Evacuate Collection Set: 0.51ms
[196.810s][info][gc,phases      ] GC(435)   Merge Heap Roots: 0.63ms
[196.810s][info][gc,phases      ] GC(435)   Evacuate Collection Set: 119.84ms
[196.810s][info][gc,phases      ] GC(435)   Post Evacuate Collection Set: 0.93ms
[196.810s][info][gc,phases      ] GC(435)   Other: 0.12ms
[196.810s][info][gc,heap        ] GC(435) Eden regions: 294->0(247)
[196.810s][info][gc,heap        ] GC(435) Survivor regions: 29->41(41)
[196.810s][info][gc,heap        ] GC(435) Old regions: 480->525
[196.810s][info][gc,heap        ] GC(435) Humongous regions: 7->7
[196.810s][info][gc,metaspace   ] GC(435) Metaspace: 18531K(18688K)->18531K(18688K) NonClass: 16702K(16832K)->16702K(16832K) Class: 1828K(1856K)->1828K(1856K)
[196.810s][info][gc             ] GC(435) Pause Young (Prepare Mixed) (G1 Evacuation Pause) 809M->572M(930M) 122.319ms
[196.810s][info][gc,cpu         ] GC(435) User=0.24s Sys=0.00s Real=0.13s
[197.032s][info][gc,start       ] GC(436) Pause Young (Mixed) (G1 Evacuation Pause)
[197.032s][info][gc,task        ] GC(436) Using 2 workers of 2 for evacuation
[197.175s][info][gc,phases      ] GC(436)   Pre Evacuate Collection Set: 0.31ms
[197.176s][info][gc,phases      ] GC(436)   Merge Heap Roots: 0.93ms
[197.176s][info][gc,phases      ] GC(436)   Evacuate Collection Set: 141.67ms
[197.176s][info][gc,phases      ] GC(436)   Post Evacuate Collection Set: 0.88ms
[197.176s][info][gc,phases      ] GC(436)   Other: 0.10ms
[197.176s][info][gc,heap        ] GC(436) Eden regions: 247->0(252)
[197.176s][info][gc,heap        ] GC(436) Survivor regions: 41->36(36)
[197.176s][info][gc,heap        ] GC(436) Old regions: 525->525
[197.176s][info][gc,heap        ] GC(436) Humongous regions: 8->8
[197.176s][info][gc,metaspace   ] GC(436) Metaspace: 18531K(18688K)->18531K(18688K) NonClass: 16702K(16832K)->16702K(16832K) Class: 1828K(1856K)->1828K(1856K)
[197.176s][info][gc             ] GC(436) Pause Young (Mixed) (G1 Evacuation Pause) 820M->568M(943M) 144.128ms
[197.176s][info][gc,cpu         ] GC(436) User=0.28s Sys=0.00s Real=0.14s
[197.343s][info][gc,start       ] GC(437) Pause Young (Concurrent Start) (G1 Evacuation Pause)
[197.343s][info][gc,task        ] GC(437) Using 2 workers of 2 for evacuation
[197.409s][info][gc,phases      ] GC(437)   Pre Evacuate Collection Set: 0.35ms
[197.409s][info][gc,phases      ] GC(437)   Merge Heap Roots: 0.31ms
[197.409s][info][gc,phases      ] GC(437)   Evacuate Collection Set: 64.33ms
[197.409s][info][gc,phases      ] GC(437)   Post Evacuate Collection Set: 0.57ms
[197.409s][info][gc,phases      ] GC(437)   Other: 0.15ms
[197.409s][info][gc,heap        ] GC(437) Eden regions: 252->0(256)
[197.409s][info][gc,heap        ] GC(437) Survivor regions: 36->12(36)
[197.409s][info][gc,heap        ] GC(437) Old regions: 525->561
[197.409s][info][gc,heap        ] GC(437) Humongous regions: 8->8
[197.409s][info][gc,metaspace   ] GC(437) Metaspace: 18531K(18688K)->18531K(18688K) NonClass: 16702K(16832K)->16702K(16832K) Class: 1828K(1856K)->1828K(1856K)
[197.409s][info][gc             ] GC(437) Pause Young (Concurrent Start) (G1 Evacuation Pause) 820M->580M(943M) 65.972ms
[197.409s][info][gc             ] GC(438) Concurrent Mark Cycle
[197.409s][info][gc,marking     ] GC(438) Concurrent Scan Root Regions
[197.409s][info][gc,cpu         ] GC(437) User=0.13s Sys=0.00s Real=0.07s
[197.514s][info][gc,marking     ] GC(438) Concurrent Scan Root Regions 105.613ms
[197.515s][info][gc,marking     ] GC(438) Concurrent Mark
[197.515s][info][gc,marking     ] GC(438) Concurrent Mark From Roots
[197.515s][info][gc,task        ] GC(438) Using 1 workers of 1 for marking
[197.724s][info][gc,start       ] GC(439) Pause Young (Normal) (G1 Evacuation Pause)
[197.724s][info][gc,task        ] GC(439) Using 2 workers of 2 for evacuation
[197.757s][info][gc,phases      ] GC(439)   Pre Evacuate Collection Set: 0.29ms
[197.757s][info][gc,phases      ] GC(439)   Merge Heap Roots: 0.30ms
[197.757s][info][gc,phases      ] GC(439)   Evacuate Collection Set: 31.65ms
[197.757s][info][gc,phases      ] GC(439)   Post Evacuate Collection Set: 0.49ms
[197.757s][info][gc,phases      ] GC(439)   Other: 0.12ms
[197.757s][info][gc,heap        ] GC(439) Eden regions: 256->0(260)
[197.757s][info][gc,heap        ] GC(439) Survivor regions: 12->22(34)
[197.757s][info][gc,heap        ] GC(439) Old regions: 561->561
[197.757s][info][gc,heap        ] GC(439) Humongous regions: 8->8
[197.757s][info][gc,metaspace   ] GC(439) Metaspace: 18531K(18688K)->18531K(18688K) NonClass: 16702K(16832K)->16702K(16832K) Class: 1828K(1856K)->1828K(1856K)
[197.757s][info][gc             ] GC(439) Pause Young (Normal) (G1 Evacuation Pause) 836M->589M(943M) 33.099ms
[197.757s][info][gc,cpu         ] GC(439) User=0.07s Sys=0.00s Real=0.03s
[198.619s][info][gc,start       ] GC(440) Pause Young (Normal) (G1 Evacuation Pause)
[198.619s][info][gc,task        ] GC(440) Using 2 workers of 2 for evacuation
[198.682s][info][gc,phases      ] GC(440)   Pre Evacuate Collection Set: 0.32ms
[198.682s][info][gc,phases      ] GC(440)   Merge Heap Roots: 0.33ms
[198.682s][info][gc,phases      ] GC(440)   Evacuate Collection Set: 60.97ms
[198.682s][info][gc,phases      ] GC(440)   Post Evacuate Collection Set: 0.56ms
[198.682s][info][gc,phases      ] GC(440)   Other: 0.11ms
[198.682s][info][gc,heap        ] GC(440) Eden regions: 260->0(242)
[198.682s][info][gc,heap        ] GC(440) Survivor regions: 22->36(36)
[198.682s][info][gc,heap        ] GC(440) Old regions: 561->573
[198.682s][info][gc,heap        ] GC(440) Humongous regions: 8->8
[198.682s][info][gc,metaspace   ] GC(440) Metaspace: 18531K(18688K)->18531K(18688K) NonClass: 16702K(16832K)->16702K(16832K) Class: 1828K(1856K)->1828K(1856K)
[198.682s][info][gc             ] GC(440) Pause Young (Normal) (G1 Evacuation Pause) 849M->616M(943M) 62.568ms
[198.682s][info][gc,cpu         ] GC(440) User=0.12s Sys=0.00s Real=0.06s
[198.710s][info][gc,marking     ] GC(438) Concurrent Mark From Roots 1195.555ms
[198.710s][info][gc,marking     ] GC(438) Concurrent Preclean
[198.710s][info][gc,marking     ] GC(438) Concurrent Preclean 0.045ms
[198.710s][info][gc,start       ] GC(438) Pause Remark
[198.719s][info][gc             ] GC(438) Pause Remark 623M->519M(943M) 8.188ms
[198.719s][info][gc,cpu         ] GC(438) User=0.02s Sys=0.00s Real=0.01s
[198.719s][info][gc,marking     ] GC(438) Concurrent Mark 1204.530ms
[198.719s][info][gc,marking     ] GC(438) Concurrent Rebuild Remembered Sets and Scrub Regions
[199.072s][info][gc,marking     ] GC(438) Concurrent Rebuild Remembered Sets and Scrub Regions 353.063ms
[199.072s][info][gc,start       ] GC(438) Pause Cleanup
[199.072s][info][gc             ] GC(438) Pause Cleanup 606M->606M(943M) 0.137ms
[199.073s][info][gc,cpu         ] GC(438) User=0.00s Sys=0.00s Real=0.00s
[199.074s][info][gc,marking     ] GC(438) Concurrent Clear Claimed Marks
[199.074s][info][gc,marking     ] GC(438) Concurrent Clear Claimed Marks 0.052ms
[199.074s][info][gc,marking     ] GC(438) Concurrent Cleanup for Next Mark
[199.081s][info][gc,marking     ] GC(438) Concurrent Cleanup for Next Mark 7.133ms
[199.081s][info][gc             ] GC(438) Concurrent Mark Cycle 1672.640ms
[199.359s][info][gc,start       ] GC(441) Pause Young (Prepare Mixed) (G1 Evacuation Pause)
[199.359s][info][gc,task        ] GC(441) Using 2 workers of 2 for evacuation
[199.430s][info][gc,phases      ] GC(441)   Pre Evacuate Collection Set: 0.32ms
[199.430s][info][gc,phases      ] GC(441)   Merge Heap Roots: 0.52ms
[199.430s][info][gc,phases      ] GC(441)   Evacuate Collection Set: 70.08ms
[199.430s][info][gc,phases      ] GC(441)   Post Evacuate Collection Set: 0.59ms
[199.430s][info][gc,phases      ] GC(441)   Other: 0.12ms
[199.430s][info][gc,heap        ] GC(441) Eden regions: 242->0(305)
[199.430s][info][gc,heap        ] GC(441) Survivor regions: 36->18(35)
[199.430s][info][gc,heap        ] GC(441) Old regions: 472->508
[199.430s][info][gc,heap        ] GC(441) Humongous regions: 5->5
[199.430s][info][gc,metaspace   ] GC(441) Metaspace: 18531K(18688K)->18531K(18688K) NonClass: 16702K(16832K)->16702K(16832K) Class: 1828K(1856K)->1828K(1856K)
[199.430s][info][gc             ] GC(441) Pause Young (Prepare Mixed) (G1 Evacuation Pause) 754M->530M(943M) 71.881ms
[199.431s][info][gc,cpu         ] GC(441) User=0.14s Sys=0.00s Real=0.07s
[199.757s][info][gc,start       ] GC(442) Pause Young (Mixed) (G1 Evacuation Pause)
[199.757s][info][gc,task        ] GC(442) Using 2 workers of 2 for evacuation
[199.847s][info][gc,phases      ] GC(442)   Pre Evacuate Collection Set: 0.32ms
[199.847s][info][gc,phases      ] GC(442)   Merge Heap Roots: 0.30ms
[199.847s][info][gc,phases      ] GC(442)   Evacuate Collection Set: 88.31ms
[199.847s][info][gc,phases      ] GC(442)   Post Evacuate Collection Set: 1.13ms
[199.847s][info][gc,phases      ] GC(442)   Other: 0.12ms
[199.847s][info][gc,heap        ] GC(442) Eden regions: 305->0(295)
[199.847s][info][gc,heap        ] GC(442) Survivor regions: 18->41(41)
[199.847s][info][gc,heap        ] GC(442) Old regions: 508->481
[199.847s][info][gc,heap        ] GC(442) Humongous regions: 5->5
[199.848s][info][gc,metaspace   ] GC(442) Metaspace: 18531K(18688K)->18531K(18688K) NonClass: 16702K(16832K)->16702K(16832K) Class: 1828K(1856K)->1828K(1856K)
[199.848s][info][gc             ] GC(442) Pause Young (Mixed) (G1 Evacuation Pause) 835M->526M(953M) 90.431ms
[199.848s][info][gc,cpu         ] GC(442) User=0.17s Sys=0.00s Real=0.09s
[200.251s][info][gc,start       ] GC(443) Pause Young (Concurrent Start) (G1 Humongous Allocation)
[200.251s][info][gc,task        ] GC(443) Using 2 workers of 2 for evacuation
[200.342s][info][gc,phases      ] GC(443)   Pre Evacuate Collection Set: 0.34ms
[200.342s][info][gc,phases      ] GC(443)   Merge Heap Roots: 0.49ms
[200.342s][info][gc,phases      ] GC(443)   Evacuate Collection Set: 89.46ms
[200.342s][info][gc,phases      ] GC(443)   Post Evacuate Collection Set: 0.69ms
[200.342s][info][gc,phases      ] GC(443)   Other: 0.11ms
[200.342s][info][gc,heap        ] GC(443) Eden regions: 250->0(272)
[200.342s][info][gc,heap        ] GC(443) Survivor regions: 41->31(42)
[200.342s][info][gc,heap        ] GC(443) Old regions: 481->523
[200.342s][info][gc,heap        ] GC(443) Humongous regions: 5->5
[200.342s][info][gc,metaspace   ] GC(443) Metaspace: 18531K(18688K)->18531K(18688K) NonClass: 16702K(16832K)->16702K(16832K) Class: 1828K(1856K)->1828K(1856K)
[200.342s][info][gc             ] GC(443) Pause Young (Concurrent Start) (G1 Humongous Allocation) 776M->557M(953M) 91.358ms
[200.343s][info][gc,cpu         ] GC(443) User=0.18s Sys=0.00s Real=0.09s
[200.343s][info][gc             ] GC(444) Concurrent Mark Cycle
[200.343s][info][gc,marking     ] GC(444) Concurrent Scan Root Regions
[200.429s][info][gc,marking     ] GC(444) Concurrent Scan Root Regions 86.077ms
[200.429s][info][gc,marking     ] GC(444) Concurrent Mark
[200.429s][info][gc,marking     ] GC(444) Concurrent Mark From Roots
[200.429s][info][gc,task        ] GC(444) Using 1 workers of 1 for marking
[201.026s][info][gc,start       ] GC(445) Pause Young (Normal) (G1 Evacuation Pause)
[201.026s][info][gc,task        ] GC(445) Using 2 workers of 2 for evacuation
[201.155s][info][gc,phases      ] GC(445)   Pre Evacuate Collection Set: 0.33ms
[201.155s][info][gc,phases      ] GC(445)   Merge Heap Roots: 0.77ms
[201.155s][info][gc,phases      ] GC(445)   Evacuate Collection Set: 126.75ms
[201.155s][info][gc,phases      ] GC(445)   Post Evacuate Collection Set: 0.58ms
[201.155s][info][gc,phases      ] GC(445)   Other: 0.09ms
[201.155s][info][gc,heap        ] GC(445) Eden regions: 272->0(227)
[201.155s][info][gc,heap        ] GC(445) Survivor regions: 31->38(38)
[201.155s][info][gc,heap        ] GC(445) Old regions: 523->569
[201.155s][info][gc,heap        ] GC(445) Humongous regions: 8->8
[201.155s][info][gc,metaspace   ] GC(445) Metaspace: 18531K(18688K)->18531K(18688K) NonClass: 16702K(16832K)->16702K(16832K) Class: 1828K(1856K)->1828K(1856K)
[201.155s][info][gc             ] GC(445) Pause Young (Normal) (G1 Evacuation Pause) 832M->614M(953M) 128.773ms
[201.155s][info][gc,cpu         ] GC(445) User=0.25s Sys=0.00s Real=0.13s
[201.547s][info][gc,start       ] GC(446) Pause Young (Normal) (G1 Evacuation Pause)
[201.547s][info][gc,task        ] GC(446) Using 2 workers of 2 for evacuation
[201.610s][info][gc,phases      ] GC(446)   Pre Evacuate Collection Set: 0.49ms
[201.610s][info][gc,phases      ] GC(446)   Merge Heap Roots: 0.28ms
[201.610s][info][gc,phases      ] GC(446)   Evacuate Collection Set: 60.69ms
[201.610s][info][gc,phases      ] GC(446)   Post Evacuate Collection Set: 0.52ms
[201.610s][info][gc,phases      ] GC(446)   Other: 0.09ms
[201.610s][info][gc,heap        ] GC(446) Eden regions: 227->0(231)
[201.610s][info][gc,heap        ] GC(446) Survivor regions: 38->11(34)
[201.610s][info][gc,heap        ] GC(446) Old regions: 569->608
[201.610s][info][gc,heap        ] GC(446) Humongous regions: 8->8
[201.610s][info][gc,metaspace   ] GC(446) Metaspace: 18531K(18688K)->18531K(18688K) NonClass: 16702K(16832K)->16702K(16832K) Class: 1828K(1856K)->1828K(1856K)
[201.610s][info][gc             ] GC(446) Pause Young (Normal) (G1 Evacuation Pause) 841M->626M(953M) 62.291ms
[201.610s][info][gc,cpu         ] GC(446) User=0.13s Sys=0.00s Real=0.07s
[201.844s][info][gc,start       ] GC(447) Pause Young (Normal) (G1 Evacuation Pause)
[201.844s][info][gc,task        ] GC(447) Using 2 workers of 2 for evacuation
[201.930s][info][gc,phases      ] GC(447)   Pre Evacuate Collection Set: 0.31ms
[201.930s][info][gc,phases      ] GC(447)   Merge Heap Roots: 0.25ms
[201.930s][info][gc,phases      ] GC(447)   Evacuate Collection Set: 83.98ms
[201.930s][info][gc,phases      ] GC(447)   Post Evacuate Collection Set: 0.91ms
[201.930s][info][gc,phases      ] GC(447)   Other: 0.09ms
[201.930s][info][gc,heap        ] GC(447) Eden regions: 231->0(175)
[201.930s][info][gc,heap        ] GC(447) Survivor regions: 11->31(31)
[201.930s][info][gc,heap        ] GC(447) Old regions: 608->652
[201.930s][info][gc,heap        ] GC(447) Humongous regions: 8->8
[201.930s][info][gc,metaspace   ] GC(447) Metaspace: 18531K(18688K)->18531K(18688K) NonClass: 16702K(16832K)->16702K(16832K) Class: 1828K(1856K)->1828K(1856K)
[201.930s][info][gc             ] GC(447) Pause Young (Normal) (G1 Evacuation Pause) 857M->690M(958M) 85.847ms
[201.930s][info][gc,cpu         ] GC(447) User=0.16s Sys=0.00s Real=0.09s
[202.264s][info][gc,start       ] GC(448) Pause Young (Normal) (G1 Evacuation Pause)
[202.264s][info][gc,task        ] GC(448) Using 2 workers of 2 for evacuation
[202.335s][info][gc,phases      ] GC(448)   Pre Evacuate Collection Set: 0.31ms
[202.335s][info][gc,phases      ] GC(448)   Merge Heap Roots: 0.51ms
[202.335s][info][gc,phases      ] GC(448)   Evacuate Collection Set: 69.72ms
[202.335s][info][gc,phases      ] GC(448)   Post Evacuate Collection Set: 0.51ms
[202.335s][info][gc,phases      ] GC(448)   Other: 0.10ms
[202.335s][info][gc,heap        ] GC(448) Eden regions: 175->0(171)
[202.335s][info][gc,heap        ] GC(448) Survivor regions: 31->15(26)
[202.335s][info][gc,heap        ] GC(448) Old regions: 652->683
[202.335s][info][gc,heap        ] GC(448) Humongous regions: 8->8
[202.335s][info][gc,metaspace   ] GC(448) Metaspace: 18531K(18688K)->18531K(18688K) NonClass: 16702K(16832K)->16702K(16832K) Class: 1828K(1856K)->1828K(1856K)
[202.335s][info][gc             ] GC(448) Pause Young (Normal) (G1 Evacuation Pause) 865M->705M(958M) 71.423ms
[202.335s][info][gc,cpu         ] GC(448) User=0.14s Sys=0.00s Real=0.07s
[202.434s][info][gc,marking     ] GC(444) Concurrent Mark From Roots 2005.434ms
[202.434s][info][gc,marking     ] GC(444) Concurrent Preclean
[202.434s][info][gc,marking     ] GC(444) Concurrent Preclean 0.036ms
[202.434s][info][gc,start       ] GC(444) Pause Remark
[202.443s][info][gc             ] GC(444) Pause Remark 776M->776M(978M) 8.581ms
[202.443s][info][gc,cpu         ] GC(444) User=0.02s Sys=0.00s Real=0.01s
[202.445s][info][gc,marking     ] GC(444) Concurrent Mark 2016.459ms
[202.445s][info][gc,marking     ] GC(444) Concurrent Rebuild Remembered Sets and Scrub Regions
[202.693s][info][gc,start       ] GC(449) Pause Young (Normal) (G1 Evacuation Pause)
[202.693s][info][gc,task        ] GC(449) Using 2 workers of 2 for evacuation
[202.785s][info][gc,phases      ] GC(449)   Pre Evacuate Collection Set: 0.59ms
[202.785s][info][gc,phases      ] GC(449)   Merge Heap Roots: 0.50ms
[202.785s][info][gc,phases      ] GC(449)   Evacuate Collection Set: 90.70ms
[202.785s][info][gc,phases      ] GC(449)   Post Evacuate Collection Set: 0.63ms
[202.785s][info][gc,phases      ] GC(449)   Other: 0.10ms
[202.785s][info][gc,heap        ] GC(449) Eden regions: 171->0(146)
[202.785s][info][gc,heap        ] GC(449) Survivor regions: 15->24(24)
[202.785s][info][gc,heap        ] GC(449) Old regions: 683->717
[202.785s][info][gc,heap        ] GC(449) Humongous regions: 11->11
[202.785s][info][gc,metaspace   ] GC(449) Metaspace: 18531K(18688K)->18531K(18688K) NonClass: 16702K(16832K)->16702K(16832K) Class: 1828K(1856K)->1828K(1856K)
[202.786s][info][gc             ] GC(449) Pause Young (Normal) (G1 Evacuation Pause) 879M->751M(978M) 92.818ms
[202.786s][info][gc,cpu         ] GC(449) User=0.18s Sys=0.00s Real=0.09s
[203.021s][info][gc,start       ] GC(450) Pause Young (Normal) (G1 Evacuation Pause)
[203.021s][info][gc,task        ] GC(450) Using 2 workers of 2 for evacuation
[203.097s][info][gc,phases      ] GC(450)   Pre Evacuate Collection Set: 0.54ms
[203.097s][info][gc,phases      ] GC(450)   Merge Heap Roots: 0.40ms
[203.097s][info][gc,phases      ] GC(450)   Evacuate Collection Set: 74.68ms
[203.097s][info][gc,phases      ] GC(450)   Post Evacuate Collection Set: 0.54ms
[203.097s][info][gc,phases      ] GC(450)   Other: 0.09ms
[203.097s][info][gc,heap        ] GC(450) Eden regions: 146->0(121)
[203.097s][info][gc,heap        ] GC(450) Survivor regions: 24->22(22)
[203.097s][info][gc,heap        ] GC(450) Old regions: 717->747
[203.097s][info][gc,heap        ] GC(450) Humongous regions: 11->11
[203.097s][info][gc,metaspace   ] GC(450) Metaspace: 18531K(18688K)->18531K(18688K) NonClass: 16702K(16832K)->16702K(16832K) Class: 1828K(1856K)->1828K(1856K)
[203.097s][info][gc             ] GC(450) Pause Young (Normal) (G1 Evacuation Pause) 897M->779M(978M) 76.520ms
[203.097s][info][gc,cpu         ] GC(450) User=0.15s Sys=0.00s Real=0.07s
[203.404s][info][gc,start       ] GC(451) Pause Young (Normal) (G1 Evacuation Pause)
[203.404s][info][gc,task        ] GC(451) Using 2 workers of 2 for evacuation
[203.455s][info][gc,phases      ] GC(451)   Pre Evacuate Collection Set: 0.31ms
[203.455s][info][gc,phases      ] GC(451)   Merge Heap Roots: 0.31ms
[203.455s][info][gc,phases      ] GC(451)   Evacuate Collection Set: 49.78ms
[203.455s][info][gc,phases      ] GC(451)   Post Evacuate Collection Set: 0.50ms
[203.455s][info][gc,phases      ] GC(451)   Other: 0.08ms
[203.456s][info][gc,heap        ] GC(451) Eden regions: 121->0(113)
[203.456s][info][gc,heap        ] GC(451) Survivor regions: 22->16(18)
[203.456s][info][gc,heap        ] GC(451) Old regions: 747->770
[203.456s][info][gc,heap        ] GC(451) Humongous regions: 11->11
[203.456s][info][gc,metaspace   ] GC(451) Metaspace: 18531K(18688K)->18531K(18688K) NonClass: 16702K(16832K)->16702K(16832K) Class: 1828K(1856K)->1828K(1856K)
[203.456s][info][gc             ] GC(451) Pause Young (Normal) (G1 Evacuation Pause) 900M->795M(978M) 51.244ms
[203.456s][info][gc,cpu         ] GC(451) User=0.10s Sys=0.00s Real=0.05s
[203.577s][info][gc,marking     ] GC(444) Concurrent Rebuild Remembered Sets and Scrub Regions 1131.471ms
[203.577s][info][gc,start       ] GC(444) Pause Cleanup
[203.577s][info][gc             ] GC(444) Pause Cleanup 895M->895M(978M) 0.125ms
[203.577s][info][gc,cpu         ] GC(444) User=0.00s Sys=0.00s Real=0.00s
[203.577s][info][gc,marking     ] GC(444) Concurrent Clear Claimed Marks
[203.577s][info][gc,marking     ] GC(444) Concurrent Clear Claimed Marks 0.029ms
[203.577s][info][gc,marking     ] GC(444) Concurrent Cleanup for Next Mark
[203.581s][info][gc,marking     ] GC(444) Concurrent Cleanup for Next Mark 3.461ms
[203.581s][info][gc             ] GC(444) Concurrent Mark Cycle 3238.142ms
[203.596s][info][gc,start       ] GC(452) Pause Young (Prepare Mixed) (G1 Evacuation Pause)
[203.596s][info][gc,task        ] GC(452) Using 2 workers of 2 for evacuation
[203.629s][info][gc,phases      ] GC(452)   Pre Evacuate Collection Set: 0.33ms
[203.629s][info][gc,phases      ] GC(452)   Merge Heap Roots: 0.37ms
[203.629s][info][gc,phases      ] GC(452)   Evacuate Collection Set: 31.02ms
[203.629s][info][gc,phases      ] GC(452)   Post Evacuate Collection Set: 0.62ms
[203.629s][info][gc,phases      ] GC(452)   Other: 0.11ms
[203.629s][info][gc,heap        ] GC(452) Eden regions: 113->0(124)
[203.629s][info][gc,heap        ] GC(452) Survivor regions: 16->1(17)
[203.629s][info][gc,heap        ] GC(452) Old regions: 770->785
[203.629s][info][gc,heap        ] GC(452) Humongous regions: 11->11
[203.629s][info][gc,metaspace   ] GC(452) Metaspace: 18531K(18688K)->18531K(18688K) NonClass: 16702K(16832K)->16702K(16832K) Class: 1828K(1856K)->1828K(1856K)
[203.629s][info][gc             ] GC(452) Pause Young (Prepare Mixed) (G1 Evacuation Pause) 908M->796M(978M) 32.673ms
[203.629s][info][gc,cpu         ] GC(452) User=0.06s Sys=0.00s Real=0.04s
[203.778s][info][gc,start       ] GC(453) Pause Young (Mixed) (G1 Evacuation Pause)
[203.779s][info][gc,task        ] GC(453) Using 2 workers of 2 for evacuation
[203.896s][info][gc,phases      ] GC(453)   Pre Evacuate Collection Set: 0.56ms
[203.896s][info][gc,phases      ] GC(453)   Merge Heap Roots: 1.63ms
[203.896s][info][gc,phases      ] GC(453)   Evacuate Collection Set: 114.64ms
[203.896s][info][gc,phases      ] GC(453)   Post Evacuate Collection Set: 0.61ms
[203.896s][info][gc,phases      ] GC(453)   Other: 0.09ms
[203.896s][info][gc,heap        ] GC(453) Eden regions: 124->0(132)
[203.896s][info][gc,heap        ] GC(453) Survivor regions: 1->4(16)
[203.896s][info][gc,heap        ] GC(453) Old regions: 785->777
[203.896s][info][gc,heap        ] GC(453) Humongous regions: 11->11
[203.896s][info][gc,metaspace   ] GC(453) Metaspace: 18531K(18688K)->18531K(18688K) NonClass: 16702K(16832K)->16702K(16832K) Class: 1828K(1856K)->1828K(1856K)
[203.896s][info][gc             ] GC(453) Pause Young (Mixed) (G1 Evacuation Pause) 920M->790M(978M) 117.847ms
[203.896s][info][gc,cpu         ] GC(453) User=0.24s Sys=0.00s Real=0.11s
[204.091s][info][gc,start       ] GC(454) Pause Young (Concurrent Start) (G1 Evacuation Pause)
[204.091s][info][gc,task        ] GC(454) Using 2 workers of 2 for evacuation
[204.104s][info][gc,phases      ] GC(454)   Pre Evacuate Collection Set: 0.33ms
[204.104s][info][gc,phases      ] GC(454)   Merge Heap Roots: 0.14ms
[204.104s][info][gc,phases      ] GC(454)   Evacuate Collection Set: 11.89ms
[204.104s][info][gc,phases      ] GC(454)   Post Evacuate Collection Set: 0.44ms
[204.104s][info][gc,phases      ] GC(454)   Other: 0.17ms
[204.104s][info][gc,heap        ] GC(454) Eden regions: 132->0(122)
[204.104s][info][gc,heap        ] GC(454) Survivor regions: 4->9(17)
[204.104s][info][gc,heap        ] GC(454) Old regions: 777->777
[204.104s][info][gc,heap        ] GC(454) Humongous regions: 11->11
[204.104s][info][gc,metaspace   ] GC(454) Metaspace: 18531K(18688K)->18531K(18688K) NonClass: 16702K(16832K)->16702K(16832K) Class: 1828K(1856K)->1828K(1856K)
[204.104s][info][gc             ] GC(454) Pause Young (Concurrent Start) (G1 Evacuation Pause) 922M->796M(978M) 13.218ms
[204.104s][info][gc             ] GC(455) Concurrent Mark Cycle
[204.104s][info][gc,marking     ] GC(455) Concurrent Scan Root Regions
[204.106s][info][gc,cpu         ] GC(454) User=0.03s Sys=0.00s Real=0.01s
[204.121s][info][gc,marking     ] GC(455) Concurrent Scan Root Regions 17.538ms
[204.122s][info][gc,marking     ] GC(455) Concurrent Mark
[204.122s][info][gc,marking     ] GC(455) Concurrent Mark From Roots
[204.122s][info][gc,task        ] GC(455) Using 1 workers of 1 for marking
[204.463s][info][gc,start       ] GC(456) Pause Young (Normal) (G1 Evacuation Pause)
[204.463s][info][gc,task        ] GC(456) Using 2 workers of 2 for evacuation
[204.496s][info][gc,phases      ] GC(456)   Pre Evacuate Collection Set: 0.57ms
[204.496s][info][gc,phases      ] GC(456)   Merge Heap Roots: 0.19ms
[204.496s][info][gc,phases      ] GC(456)   Evacuate Collection Set: 31.30ms
[204.496s][info][gc,phases      ] GC(456)   Post Evacuate Collection Set: 0.40ms
[204.496s][info][gc,phases      ] GC(456)   Other: 0.09ms
[204.496s][info][gc,heap        ] GC(456) Eden regions: 122->0(97)
[204.496s][info][gc,heap        ] GC(456) Survivor regions: 9->17(17)
[204.496s][info][gc,heap        ] GC(456) Old regions: 777->786
[204.496s][info][gc,heap        ] GC(456) Humongous regions: 11->11
[204.496s][info][gc,metaspace   ] GC(456) Metaspace: 18531K(18688K)->18531K(18688K) NonClass: 16702K(16832K)->16702K(16832K) Class: 1828K(1856K)->1828K(1856K)
[204.496s][info][gc             ] GC(456) Pause Young (Normal) (G1 Evacuation Pause) 918M->813M(978M) 32.796ms
[204.496s][info][gc,cpu         ] GC(456) User=0.06s Sys=0.00s Real=0.03s
[204.782s][info][gc,start       ] GC(457) Pause Young (Normal) (G1 Evacuation Pause)
[204.782s][info][gc,task        ] GC(457) Using 2 workers of 2 for evacuation
[204.813s][info][gc,phases      ] GC(457)   Pre Evacuate Collection Set: 0.30ms
[204.813s][info][gc,phases      ] GC(457)   Merge Heap Roots: 0.20ms
[204.813s][info][gc,phases      ] GC(457)   Evacuate Collection Set: 30.40ms
[204.813s][info][gc,phases      ] GC(457)   Post Evacuate Collection Set: 0.37ms
[204.813s][info][gc,phases      ] GC(457)   Other: 0.10ms
[204.813s][info][gc,heap        ] GC(457) Eden regions: 97->0(98)
[204.813s][info][gc,heap        ] GC(457) Survivor regions: 17->8(15)
[204.813s][info][gc,heap        ] GC(457) Old regions: 786->803
[204.813s][info][gc,heap        ] GC(457) Humongous regions: 11->11
[204.813s][info][gc,metaspace   ] GC(457) Metaspace: 18531K(18688K)->18531K(18688K) NonClass: 16702K(16832K)->16702K(16832K) Class: 1828K(1856K)->1828K(1856K)
[204.814s][info][gc             ] GC(457) Pause Young (Normal) (G1 Evacuation Pause) 910M->821M(978M) 31.620ms
[204.814s][info][gc,cpu         ] GC(457) User=0.06s Sys=0.00s Real=0.03s
[205.332s][info][gc,start       ] GC(458) Pause Young (Normal) (G1 Evacuation Pause)
[205.332s][info][gc,task        ] GC(458) Using 2 workers of 2 for evacuation
[205.342s][info][gc,phases      ] GC(458)   Pre Evacuate Collection Set: 0.33ms
[205.342s][info][gc,phases      ] GC(458)   Merge Heap Roots: 0.12ms
[205.342s][info][gc,phases      ] GC(458)   Evacuate Collection Set: 9.27ms
[205.342s][info][gc,phases      ] GC(458)   Post Evacuate Collection Set: 0.34ms
[205.343s][info][gc,phases      ] GC(458)   Other: 0.12ms
[205.343s][info][gc,heap        ] GC(458) Eden regions: 98->0(104)
[205.343s][info][gc,heap        ] GC(458) Survivor regions: 8->1(14)
[205.343s][info][gc,heap        ] GC(458) Old regions: 803->811
[205.343s][info][gc,heap        ] GC(458) Humongous regions: 11->11
[205.343s][info][gc,metaspace   ] GC(458) Metaspace: 18531K(18688K)->18531K(18688K) NonClass: 16702K(16832K)->16702K(16832K) Class: 1828K(1856K)->1828K(1856K)
[205.343s][info][gc             ] GC(458) Pause Young (Normal) (G1 Evacuation Pause) 919M->822M(978M) 10.402ms
[205.343s][info][gc,cpu         ] GC(458) User=0.02s Sys=0.00s Real=0.01s
[205.749s][info][gc,start       ] GC(459) Pause Young (Normal) (G1 Evacuation Pause)
[205.749s][info][gc,task        ] GC(459) Using 2 workers of 2 for evacuation
[205.751s][info][gc,phases      ] GC(459)   Pre Evacuate Collection Set: 0.31ms
[205.751s][info][gc,phases      ] GC(459)   Merge Heap Roots: 0.08ms
[205.751s][info][gc,phases      ] GC(459)   Evacuate Collection Set: 0.63ms
[205.751s][info][gc,phases      ] GC(459)   Post Evacuate Collection Set: 0.32ms
[205.751s][info][gc,phases      ] GC(459)   Other: 0.08ms
[205.751s][info][gc,heap        ] GC(459) Eden regions: 104->0(104)
[205.751s][info][gc,heap        ] GC(459) Survivor regions: 1->1(14)
[205.751s][info][gc,heap        ] GC(459) Old regions: 811->811
[205.751s][info][gc,heap        ] GC(459) Humongous regions: 11->11
[205.751s][info][gc,metaspace   ] GC(459) Metaspace: 18531K(18688K)->18531K(18688K) NonClass: 16702K(16832K)->16702K(16832K) Class: 1828K(1856K)->1828K(1856K)
[205.751s][info][gc             ] GC(459) Pause Young (Normal) (G1 Evacuation Pause) 926M->822M(978M) 1.670ms
[205.751s][info][gc,cpu         ] GC(459) User=0.00s Sys=0.01s Real=0.00s
[205.923s][info][gc,marking     ] GC(455) Concurrent Mark From Roots 1801.530ms
[205.923s][info][gc,marking     ] GC(455) Concurrent Preclean
[205.923s][info][gc,marking     ] GC(455) Concurrent Preclean 0.064ms
[205.923s][info][gc,start       ] GC(455) Pause Remark
[205.931s][info][gc             ] GC(455) Pause Remark 867M->686M(978M) 8.102ms
[205.932s][info][gc,cpu         ] GC(455) User=0.01s Sys=0.00s Real=0.01s
[205.932s][info][gc,marking     ] GC(455) Concurrent Mark 1810.027ms
[205.932s][info][gc,marking     ] GC(455) Concurrent Rebuild Remembered Sets and Scrub Regions
[206.143s][info][gc,start       ] GC(460) Pause Young (Normal) (G1 Evacuation Pause)
[206.143s][info][gc,task        ] GC(460) Using 2 workers of 2 for evacuation
[206.145s][info][gc,phases      ] GC(460)   Pre Evacuate Collection Set: 0.30ms
[206.145s][info][gc,phases      ] GC(460)   Merge Heap Roots: 0.09ms
[206.145s][info][gc,phases      ] GC(460)   Evacuate Collection Set: 0.82ms
[206.145s][info][gc,phases      ] GC(460)   Post Evacuate Collection Set: 0.30ms
[206.145s][info][gc,phases      ] GC(460)   Other: 0.10ms
[206.145s][info][gc,heap        ] GC(460) Eden regions: 104->0(252)
[206.145s][info][gc,heap        ] GC(460) Survivor regions: 1->1(14)
[206.145s][info][gc,heap        ] GC(460) Old regions: 635->635
[206.145s][info][gc,heap        ] GC(460) Humongous regions: 6->6
[206.145s][info][gc,metaspace   ] GC(460) Metaspace: 18531K(18688K)->18531K(18688K) NonClass: 16702K(16832K)->16702K(16832K) Class: 1828K(1856K)->1828K(1856K)
[206.145s][info][gc             ] GC(460) Pause Young (Normal) (G1 Evacuation Pause) 745M->640M(978M) 1.834ms
[206.145s][info][gc,cpu         ] GC(460) User=0.00s Sys=0.00s Real=0.00s
[206.601s][info][gc,marking     ] GC(455) Concurrent Rebuild Remembered Sets and Scrub Regions 669.770ms
[206.602s][info][gc,start       ] GC(455) Pause Cleanup
[206.602s][info][gc             ] GC(455) Pause Cleanup 760M->760M(978M) 0.168ms
[206.603s][info][gc,cpu         ] GC(455) User=0.00s Sys=0.00s Real=0.00s
[206.603s][info][gc,marking     ] GC(455) Concurrent Clear Claimed Marks
[206.603s][info][gc,marking     ] GC(455) Concurrent Clear Claimed Marks 0.046ms
[206.603s][info][gc,marking     ] GC(455) Concurrent Cleanup for Next Mark
[206.606s][info][gc,marking     ] GC(455) Concurrent Cleanup for Next Mark 3.132ms
[206.606s][info][gc             ] GC(455) Concurrent Mark Cycle 2501.876ms
[206.940s][info][gc,start       ] GC(461) Pause Young (Prepare Mixed) (G1 Evacuation Pause)
[206.940s][info][gc,task        ] GC(461) Using 2 workers of 2 for evacuation
[206.948s][info][gc,phases      ] GC(461)   Pre Evacuate Collection Set: 0.53ms
[206.948s][info][gc,phases      ] GC(461)   Merge Heap Roots: 0.28ms
[206.948s][info][gc,phases      ] GC(461)   Evacuate Collection Set: 6.52ms
[206.948s][info][gc,phases      ] GC(461)   Post Evacuate Collection Set: 0.50ms
[206.948s][info][gc,phases      ] GC(461)   Other: 0.11ms
[206.948s][info][gc,heap        ] GC(461) Eden regions: 252->0(265)
[206.948s][info][gc,heap        ] GC(461) Survivor regions: 1->1(32)
[206.948s][info][gc,heap        ] GC(461) Old regions: 635->635
[206.948s][info][gc,heap        ] GC(461) Humongous regions: 6->6
[206.948s][info][gc,metaspace   ] GC(461) Metaspace: 18531K(18688K)->18531K(18688K) NonClass: 16702K(16832K)->16702K(16832K) Class: 1828K(1856K)->1828K(1856K)
[206.948s][info][gc             ] GC(461) Pause Young (Prepare Mixed) (G1 Evacuation Pause) 892M->640M(978M) 8.189ms
[206.948s][info][gc,cpu         ] GC(461) User=0.02s Sys=0.00s Real=0.01s
[207.445s][info][gc,start       ] GC(462) Pause Young (Mixed) (G1 Evacuation Pause)
[207.445s][info][gc,task        ] GC(462) Using 2 workers of 2 for evacuation
[207.491s][info][gc,phases      ] GC(462)   Pre Evacuate Collection Set: 0.54ms
[207.491s][info][gc,phases      ] GC(462)   Merge Heap Roots: 0.45ms
[207.491s][info][gc,phases      ] GC(462)   Evacuate Collection Set: 43.66ms
[207.491s][info][gc,phases      ] GC(462)   Post Evacuate Collection Set: 0.59ms
[207.491s][info][gc,phases      ] GC(462)   Other: 0.11ms
[207.491s][info][gc,heap        ] GC(462) Eden regions: 265->0(263)
[207.491s][info][gc,heap        ] GC(462) Survivor regions: 1->32(34)
[207.491s][info][gc,heap        ] GC(462) Old regions: 635->591
[207.491s][info][gc,heap        ] GC(462) Humongous regions: 6->6
[207.491s][info][gc,metaspace   ] GC(462) Metaspace: 18531K(18688K)->18531K(18688K) NonClass: 16702K(16832K)->16702K(16832K) Class: 1828K(1856K)->1828K(1856K)
[207.491s][info][gc             ] GC(462) Pause Young (Mixed) (G1 Evacuation Pause) 905M->628M(978M) 45.594ms
[207.491s][info][gc,cpu         ] GC(462) User=0.09s Sys=0.00s Real=0.05s
[207.821s][info][gc,start       ] GC(463) Pause Young (Concurrent Start) (G1 Evacuation Pause)
[207.821s][info][gc,task        ] GC(463) Using 2 workers of 2 for evacuation
[207.894s][info][gc,phases      ] GC(463)   Pre Evacuate Collection Set: 0.35ms
[207.894s][info][gc,phases      ] GC(463)   Merge Heap Roots: 0.12ms
[207.894s][info][gc,phases      ] GC(463)   Evacuate Collection Set: 71.64ms
[207.894s][info][gc,phases      ] GC(463)   Post Evacuate Collection Set: 0.64ms
[207.894s][info][gc,phases      ] GC(463)   Other: 0.13ms
[207.894s][info][gc,heap        ] GC(463) Eden regions: 263->0(215)
[207.894s][info][gc,heap        ] GC(463) Survivor regions: 32->37(37)
[207.894s][info][gc,heap        ] GC(463) Old regions: 591->633
[207.894s][info][gc,heap        ] GC(463) Humongous regions: 6->6
[207.894s][info][gc,metaspace   ] GC(463) Metaspace: 18531K(18688K)->18531K(18688K) NonClass: 16702K(16832K)->16702K(16832K) Class: 1828K(1856K)->1828K(1856K)
[207.894s][info][gc             ] GC(463) Pause Young (Concurrent Start) (G1 Evacuation Pause) 891M->675M(978M) 73.153ms
[207.894s][info][gc,cpu         ] GC(463) User=0.14s Sys=0.00s Real=0.07s
[207.894s][info][gc             ] GC(464) Concurrent Mark Cycle
[207.894s][info][gc,marking     ] GC(464) Concurrent Scan Root Regions
[207.947s][info][gc,marking     ] GC(464) Concurrent Scan Root Regions 53.205ms
[207.947s][info][gc,marking     ] GC(464) Concurrent Mark
[207.947s][info][gc,marking     ] GC(464) Concurrent Mark From Roots
[207.947s][info][gc,task        ] GC(464) Using 1 workers of 1 for marking
[208.399s][info][gc,start       ] GC(465) Pause Young (Normal) (G1 Evacuation Pause)
[208.399s][info][gc,task        ] GC(465) Using 2 workers of 2 for evacuation
[208.507s][info][gc,phases      ] GC(465)   Pre Evacuate Collection Set: 0.53ms
[208.507s][info][gc,phases      ] GC(465)   Merge Heap Roots: 0.40ms
[208.507s][info][gc,phases      ] GC(465)   Evacuate Collection Set: 106.25ms
[208.507s][info][gc,phases      ] GC(465)   Post Evacuate Collection Set: 0.66ms
[208.507s][info][gc,phases      ] GC(465)   Other: 0.11ms
[208.507s][info][gc,heap        ] GC(465) Eden regions: 215->0(172)
[208.507s][info][gc,heap        ] GC(465) Survivor regions: 37->32(32)
[208.507s][info][gc,heap        ] GC(465) Old regions: 633->683
[208.507s][info][gc,heap        ] GC(465) Humongous regions: 9->9
[208.507s][info][gc,metaspace   ] GC(465) Metaspace: 18531K(18688K)->18531K(18688K) NonClass: 16702K(16832K)->16702K(16832K) Class: 1828K(1856K)->1828K(1856K)
[208.507s][info][gc             ] GC(465) Pause Young (Normal) (G1 Evacuation Pause) 893M->723M(978M) 108.215ms
[208.507s][info][gc,cpu         ] GC(465) User=0.21s Sys=0.00s Real=0.10s
[208.849s][info][gc,start       ] GC(466) Pause Young (Normal) (G1 Evacuation Pause)
[208.849s][info][gc,task        ] GC(466) Using 2 workers of 2 for evacuation
[208.931s][info][gc,phases      ] GC(466)   Pre Evacuate Collection Set: 0.31ms
[208.931s][info][gc,phases      ] GC(466)   Merge Heap Roots: 0.69ms
[208.931s][info][gc,phases      ] GC(466)   Evacuate Collection Set: 80.71ms
[208.931s][info][gc,phases      ] GC(466)   Post Evacuate Collection Set: 0.48ms
[208.931s][info][gc,phases      ] GC(466)   Other: 0.11ms
[208.931s][info][gc,heap        ] GC(466) Eden regions: 172->0(166)
[208.931s][info][gc,heap        ] GC(466) Survivor regions: 32->16(26)
[208.931s][info][gc,heap        ] GC(466) Old regions: 683->716
[208.931s][info][gc,heap        ] GC(466) Humongous regions: 9->9
[208.931s][info][gc,metaspace   ] GC(466) Metaspace: 18531K(18688K)->18531K(18688K) NonClass: 16702K(16832K)->16702K(16832K) Class: 1828K(1856K)->1828K(1856K)
[208.931s][info][gc             ] GC(466) Pause Young (Normal) (G1 Evacuation Pause) 895M->739M(978M) 82.547ms
[208.931s][info][gc,cpu         ] GC(466) User=0.17s Sys=0.00s Real=0.08s
[209.286s][info][gc,start       ] GC(467) Pause Young (Normal) (G1 Evacuation Pause)
[209.286s][info][gc,task        ] GC(467) Using 2 workers of 2 for evacuation
[209.312s][info][gc,phases      ] GC(467)   Pre Evacuate Collection Set: 0.55ms
[209.312s][info][gc,phases      ] GC(467)   Merge Heap Roots: 0.22ms
[209.312s][info][gc,phases      ] GC(467)   Evacuate Collection Set: 24.20ms
[209.312s][info][gc,phases      ] GC(467)   Post Evacuate Collection Set: 0.42ms
[209.312s][info][gc,phases      ] GC(467)   Other: 0.10ms
[209.312s][info][gc,heap        ] GC(467) Eden regions: 166->0(174)
[209.312s][info][gc,heap        ] GC(467) Survivor regions: 16->2(23)
[209.312s][info][gc,heap        ] GC(467) Old regions: 716->731
[209.312s][info][gc,heap        ] GC(467) Humongous regions: 9->9
[209.312s][info][gc,metaspace   ] GC(467) Metaspace: 18531K(18688K)->18531K(18688K) NonClass: 16702K(16832K)->16702K(16832K) Class: 1828K(1856K)->1828K(1856K)
[209.312s][info][gc             ] GC(467) Pause Young (Normal) (G1 Evacuation Pause) 905M->741M(978M) 25.701ms
[209.312s][info][gc,cpu         ] GC(467) User=0.05s Sys=0.00s Real=0.03s
[209.578s][info][gc,start       ] GC(468) Pause Young (Normal) (G1 Evacuation Pause)
[209.578s][info][gc,task        ] GC(468) Using 2 workers of 2 for evacuation
[209.599s][info][gc,phases      ] GC(468)   Pre Evacuate Collection Set: 0.53ms
[209.599s][info][gc,phases      ] GC(468)   Merge Heap Roots: 0.19ms
[209.599s][info][gc,phases      ] GC(468)   Evacuate Collection Set: 20.00ms
[209.599s][info][gc,phases      ] GC(468)   Post Evacuate Collection Set: 0.50ms
[209.599s][info][gc,phases      ] GC(468)   Other: 0.09ms
[209.599s][info][gc,heap        ] GC(468) Eden regions: 174->0(160)
[209.599s][info][gc,heap        ] GC(468) Survivor regions: 2->14(22)
[209.599s][info][gc,heap        ] GC(468) Old regions: 731->731
[209.599s][info][gc,heap        ] GC(468) Humongous regions: 9->9
[209.599s][info][gc,metaspace   ] GC(468) Metaspace: 18534K(18688K)->18534K(18688K) NonClass: 16706K(16832K)->16706K(16832K) Class: 1828K(1856K)->1828K(1856K)
[209.599s][info][gc             ] GC(468) Pause Young (Normal) (G1 Evacuation Pause) 915M->753M(978M) 21.556ms
[209.599s][info][gc,cpu         ] GC(468) User=0.04s Sys=0.00s Real=0.03s
[209.897s][info][gc,marking     ] GC(464) Concurrent Mark From Roots 1949.929ms
[209.897s][info][gc,marking     ] GC(464) Concurrent Preclean
[209.897s][info][gc,marking     ] GC(464) Concurrent Preclean 0.043ms
[209.897s][info][gc,start       ] GC(464) Pause Remark
[209.905s][info][gc             ] GC(464) Pause Remark 886M->873M(978M) 7.573ms
[209.905s][info][gc,cpu         ] GC(464) User=0.02s Sys=0.00s Real=0.01s
[209.905s][info][gc,marking     ] GC(464) Concurrent Mark 1957.890ms
[209.905s][info][gc,marking     ] GC(464) Concurrent Rebuild Remembered Sets and Scrub Regions
[209.949s][info][gc,start       ] GC(469) Pause Young (Normal) (G1 Evacuation Pause)
[209.949s][info][gc,task        ] GC(469) Using 2 workers of 2 for evacuation
[209.991s][info][gc,phases      ] GC(469)   Pre Evacuate Collection Set: 0.50ms
[209.991s][info][gc,phases      ] GC(469)   Merge Heap Roots: 0.17ms
[209.991s][info][gc,phases      ] GC(469)   Evacuate Collection Set: 40.87ms
[209.991s][info][gc,phases      ] GC(469)   Post Evacuate Collection Set: 0.45ms
[209.991s][info][gc,phases      ] GC(469)   Other: 0.10ms
[209.991s][info][gc,heap        ] GC(469) Eden regions: 160->0(143)
[209.991s][info][gc,heap        ] GC(469) Survivor regions: 14->22(22)
[209.991s][info][gc,heap        ] GC(469) Old regions: 718->732
[209.991s][info][gc,heap        ] GC(469) Humongous regions: 9->9
[209.991s][info][gc,metaspace   ] GC(469) Metaspace: 18534K(18688K)->18534K(18688K) NonClass: 16706K(16832K)->16706K(16832K) Class: 1828K(1856K)->1828K(1856K)
[209.991s][info][gc             ] GC(469) Pause Young (Normal) (G1 Evacuation Pause) 900M->762M(978M) 42.343ms
[209.991s][info][gc,cpu         ] GC(469) User=0.08s Sys=0.00s Real=0.04s
[210.201s][info][gc,start       ] GC(470) Pause Young (Normal) (G1 Evacuation Pause)
[210.201s][info][gc,task        ] GC(470) Using 2 workers of 2 for evacuation
[210.251s][info][gc,phases      ] GC(470)   Pre Evacuate Collection Set: 0.51ms
[210.251s][info][gc,phases      ] GC(470)   Merge Heap Roots: 0.26ms
[210.251s][info][gc,phases      ] GC(470)   Evacuate Collection Set: 48.52ms
[210.251s][info][gc,phases      ] GC(470)   Post Evacuate Collection Set: 0.47ms
[210.251s][info][gc,phases      ] GC(470)   Other: 0.13ms
[210.251s][info][gc,heap        ] GC(470) Eden regions: 143->0(126)
[210.251s][info][gc,heap        ] GC(470) Survivor regions: 22->19(21)
[210.251s][info][gc,heap        ] GC(470) Old regions: 732->755
[210.251s][info][gc,heap        ] GC(470) Humongous regions: 9->9
[210.251s][info][gc,metaspace   ] GC(470) Metaspace: 18534K(18688K)->18534K(18688K) NonClass: 16706K(16832K)->16706K(16832K) Class: 1828K(1856K)->1828K(1856K)
[210.251s][info][gc             ] GC(470) Pause Young (Normal) (G1 Evacuation Pause) 905M->781M(978M) 50.139ms
[210.251s][info][gc,cpu         ] GC(470) User=0.10s Sys=0.00s Real=0.05s
[210.528s][info][gc,start       ] GC(471) Pause Young (Normal) (G1 Evacuation Pause)
[210.528s][info][gc,task        ] GC(471) Using 2 workers of 2 for evacuation
[210.567s][info][gc,phases      ] GC(471)   Pre Evacuate Collection Set: 0.55ms
[210.567s][info][gc,phases      ] GC(471)   Merge Heap Roots: 0.14ms
[210.567s][info][gc,phases      ] GC(471)   Evacuate Collection Set: 37.84ms
[210.567s][info][gc,phases      ] GC(471)   Post Evacuate Collection Set: 0.42ms
[210.567s][info][gc,phases      ] GC(471)   Other: 0.11ms
[210.567s][info][gc,heap        ] GC(471) Eden regions: 126->0(111)
[210.567s][info][gc,heap        ] GC(471) Survivor regions: 19->19(19)
[210.567s][info][gc,heap        ] GC(471) Old regions: 755->770
[210.567s][info][gc,heap        ] GC(471) Humongous regions: 9->9
[210.567s][info][gc,metaspace   ] GC(471) Metaspace: 18539K(18688K)->18539K(18688K) NonClass: 16711K(16832K)->16711K(16832K) Class: 1828K(1856K)->1828K(1856K)
[210.567s][info][gc             ] GC(471) Pause Young (Normal) (G1 Evacuation Pause) 907M->797M(978M) 39.358ms
[210.567s][info][gc,cpu         ] GC(471) User=0.07s Sys=0.00s Real=0.04s
[210.669s][info][gc,marking     ] GC(464) Concurrent Rebuild Remembered Sets and Scrub Regions 763.848ms
[210.669s][info][gc,start       ] GC(464) Pause Cleanup
[210.669s][info][gc             ] GC(464) Pause Cleanup 829M->829M(978M) 0.120ms
[210.669s][info][gc,cpu         ] GC(464) User=0.00s Sys=0.00s Real=0.00s
[210.670s][info][gc,marking     ] GC(464) Concurrent Clear Claimed Marks
[210.670s][info][gc,marking     ] GC(464) Concurrent Clear Claimed Marks 0.048ms
[210.670s][info][gc,marking     ] GC(464) Concurrent Cleanup for Next Mark
[210.675s][info][gc,marking     ] GC(464) Concurrent Cleanup for Next Mark 5.093ms
[210.675s][info][gc             ] GC(464) Concurrent Mark Cycle 2781.559ms
[210.776s][info][gc,start       ] GC(472) Pause Young (Prepare Mixed) (G1 Evacuation Pause)
[210.776s][info][gc,task        ] GC(472) Using 2 workers of 2 for evacuation
[210.814s][info][gc,phases      ] GC(472)   Pre Evacuate Collection Set: 0.54ms
[210.814s][info][gc,phases      ] GC(472)   Merge Heap Roots: 0.11ms
[210.814s][info][gc,phases      ] GC(472)   Evacuate Collection Set: 36.66ms
[210.814s][info][gc,phases      ] GC(472)   Post Evacuate Collection Set: 0.41ms
[210.814s][info][gc,phases      ] GC(472)   Other: 0.09ms
[210.814s][info][gc,heap        ] GC(472) Eden regions: 111->0(99)
[210.814s][info][gc,heap        ] GC(472) Survivor regions: 19->15(17)
[210.814s][info][gc,heap        ] GC(472) Old regions: 770->790
[210.814s][info][gc,heap        ] GC(472) Humongous regions: 9->9
[210.814s][info][gc,metaspace   ] GC(472) Metaspace: 18539K(18688K)->18539K(18688K) NonClass: 16711K(16832K)->16711K(16832K) Class: 1828K(1856K)->1828K(1856K)
[210.814s][info][gc             ] GC(472) Pause Young (Prepare Mixed) (G1 Evacuation Pause) 908M->812M(978M) 38.073ms
[210.814s][info][gc,cpu         ] GC(472) User=0.08s Sys=0.00s Real=0.04s
[210.947s][info][gc,start       ] GC(473) Pause Young (Mixed) (G1 Evacuation Pause)
[210.947s][info][gc,task        ] GC(473) Using 2 workers of 2 for evacuation
[210.972s][info][gc,phases      ] GC(473)   Pre Evacuate Collection Set: 0.55ms
[210.972s][info][gc,phases      ] GC(473)   Merge Heap Roots: 0.16ms
[210.972s][info][gc,phases      ] GC(473)   Evacuate Collection Set: 23.89ms
[210.972s][info][gc,phases      ] GC(473)   Post Evacuate Collection Set: 0.43ms
[210.972s][info][gc,phases      ] GC(473)   Other: 0.08ms
[210.972s][info][gc,heap        ] GC(473) Eden regions: 99->0(118)
[210.972s][info][gc,heap        ] GC(473) Survivor regions: 15->5(15)
[210.972s][info][gc,heap        ] GC(473) Old regions: 790->791
[210.972s][info][gc,heap        ] GC(473) Humongous regions: 9->9
[210.972s][info][gc,metaspace   ] GC(473) Metaspace: 18541K(18688K)->18541K(18688K) NonClass: 16712K(16832K)->16712K(16832K) Class: 1828K(1856K)->1828K(1856K)
[210.972s][info][gc             ] GC(473) Pause Young (Mixed) (G1 Evacuation Pause) 911M->804M(978M) 25.378ms
[210.972s][info][gc,cpu         ] GC(473) User=0.05s Sys=0.00s Real=0.03s
[211.371s][info][gc,start       ] GC(474) Pause Young (Concurrent Start) (G1 Evacuation Pause)
[211.371s][info][gc,task        ] GC(474) Using 2 workers of 2 for evacuation
[211.379s][info][gc,phases      ] GC(474)   Pre Evacuate Collection Set: 0.39ms
[211.379s][info][gc,phases      ] GC(474)   Merge Heap Roots: 0.12ms
[211.379s][info][gc,phases      ] GC(474)   Evacuate Collection Set: 6.25ms
[211.379s][info][gc,phases      ] GC(474)   Post Evacuate Collection Set: 0.41ms
[211.379s][info][gc,phases      ] GC(474)   Other: 0.28ms
[211.379s][info][gc,heap        ] GC(474) Eden regions: 118->0(118)
[211.379s][info][gc,heap        ] GC(474) Survivor regions: 5->5(16)
[211.379s][info][gc,heap        ] GC(474) Old regions: 791->791
[211.379s][info][gc,heap        ] GC(474) Humongous regions: 9->9
[211.379s][info][gc,metaspace   ] GC(474) Metaspace: 18542K(18688K)->18542K(18688K) NonClass: 16714K(16832K)->16714K(16832K) Class: 1828K(1856K)->1828K(1856K)
[211.379s][info][gc             ] GC(474) Pause Young (Concurrent Start) (G1 Evacuation Pause) 922M->804M(978M) 7.698ms
[211.379s][info][gc             ] GC(475) Concurrent Mark Cycle
[211.379s][info][gc,marking     ] GC(475) Concurrent Scan Root Regions
[211.381s][info][gc,cpu         ] GC(474) User=0.02s Sys=0.00s Real=0.01s
[211.390s][info][gc,marking     ] GC(475) Concurrent Scan Root Regions 10.737ms
[211.390s][info][gc,marking     ] GC(475) Concurrent Mark
[211.390s][info][gc,marking     ] GC(475) Concurrent Mark From Roots
[211.390s][info][gc,task        ] GC(475) Using 1 workers of 1 for marking
[211.879s][info][gc,start       ] GC(476) Pause Young (Normal) (G1 Evacuation Pause)
[211.879s][info][gc,task        ] GC(476) Using 2 workers of 2 for evacuation
[211.892s][info][gc,phases      ] GC(476)   Pre Evacuate Collection Set: 0.30ms
[211.892s][info][gc,phases      ] GC(476)   Merge Heap Roots: 0.13ms
[211.892s][info][gc,phases      ] GC(476)   Evacuate Collection Set: 11.59ms
[211.892s][info][gc,phases      ] GC(476)   Post Evacuate Collection Set: 0.41ms
[211.892s][info][gc,phases      ] GC(476)   Other: 0.13ms
[211.892s][info][gc,heap        ] GC(476) Eden regions: 118->0(110)
[211.892s][info][gc,heap        ] GC(476) Survivor regions: 5->9(16)
[211.892s][info][gc,heap        ] GC(476) Old regions: 791->791
[211.892s][info][gc,heap        ] GC(476) Humongous regions: 9->9
[211.892s][info][gc,metaspace   ] GC(476) Metaspace: 18545K(18688K)->18545K(18688K) NonClass: 16716K(16832K)->16716K(16832K) Class: 1828K(1856K)->1828K(1856K)
[211.892s][info][gc             ] GC(476) Pause Young (Normal) (G1 Evacuation Pause) 922M->808M(978M) 12.807ms
[211.892s][info][gc,cpu         ] GC(476) User=0.03s Sys=0.00s Real=0.01s
[212.084s][info][gc,start       ] GC(477) Pause Young (Normal) (G1 Evacuation Pause)
[212.084s][info][gc,task        ] GC(477) Using 2 workers of 2 for evacuation
[212.110s][info][gc,phases      ] GC(477)   Pre Evacuate Collection Set: 0.33ms
[212.110s][info][gc,phases      ] GC(477)   Merge Heap Roots: 0.12ms
[212.110s][info][gc,phases      ] GC(477)   Evacuate Collection Set: 24.77ms
[212.110s][info][gc,phases      ] GC(477)   Post Evacuate Collection Set: 0.43ms
[212.110s][info][gc,phases      ] GC(477)   Other: 0.12ms
[212.110s][info][gc,heap        ] GC(477) Eden regions: 110->0(92)
[212.110s][info][gc,heap        ] GC(477) Survivor regions: 9->15(15)
[212.110s][info][gc,heap        ] GC(477) Old regions: 791->797
[212.110s][info][gc,heap        ] GC(477) Humongous regions: 9->9
[212.110s][info][gc,metaspace   ] GC(477) Metaspace: 18545K(18688K)->18545K(18688K) NonClass: 16716K(16832K)->16716K(16832K) Class: 1828K(1856K)->1828K(1856K)
[212.110s][info][gc             ] GC(477) Pause Young (Normal) (G1 Evacuation Pause) 918M->820M(978M) 26.021ms
[212.110s][info][gc,cpu         ] GC(477) User=0.05s Sys=0.00s Real=0.03s
[212.358s][info][gc,start       ] GC(478) Pause Young (Normal) (G1 Evacuation Pause)
[212.358s][info][gc,task        ] GC(478) Using 2 workers of 2 for evacuation
[212.384s][info][gc,phases      ] GC(478)   Pre Evacuate Collection Set: 0.32ms
[212.384s][info][gc,phases      ] GC(478)   Merge Heap Roots: 0.13ms
[212.384s][info][gc,phases      ] GC(478)   Evacuate Collection Set: 24.90ms
[212.384s][info][gc,phases      ] GC(478)   Post Evacuate Collection Set: 0.43ms
[212.384s][info][gc,phases      ] GC(478)   Other: 0.11ms
[212.384s][info][gc,heap        ] GC(478) Eden regions: 92->0(93)
[212.384s][info][gc,heap        ] GC(478) Survivor regions: 15->7(14)
[212.384s][info][gc,heap        ] GC(478) Old regions: 797->812
[212.384s][info][gc,heap        ] GC(478) Humongous regions: 9->9
[212.384s][info][gc,metaspace   ] GC(478) Metaspace: 18545K(18688K)->18545K(18688K) NonClass: 16716K(16832K)->16716K(16832K) Class: 1828K(1856K)->1828K(1856K)
[212.384s][info][gc             ] GC(478) Pause Young (Normal) (G1 Evacuation Pause) 912M->827M(978M) 26.143ms
[212.384s][info][gc,cpu         ] GC(478) User=0.05s Sys=0.00s Real=0.02s
[212.561s][info][gc,start       ] GC(479) Pause Young (Normal) (G1 Evacuation Pause)
[212.561s][info][gc,task        ] GC(479) Using 2 workers of 2 for evacuation
[212.593s][info][gc,phases      ] GC(479)   Pre Evacuate Collection Set: 0.33ms
[212.593s][info][gc,phases      ] GC(479)   Merge Heap Roots: 0.07ms
[212.593s][info][gc,phases      ] GC(479)   Evacuate Collection Set: 30.52ms
[212.593s][info][gc,phases      ] GC(479)   Post Evacuate Collection Set: 0.45ms
[212.593s][info][gc,phases      ] GC(479)   Other: 0.12ms
[212.593s][info][gc,heap        ] GC(479) Eden regions: 93->0(61)
[212.593s][info][gc,heap        ] GC(479) Survivor regions: 7->13(13)
[212.593s][info][gc,heap        ] GC(479) Old regions: 812->832
[212.593s][info][gc,heap        ] GC(479) Humongous regions: 9->9
[212.593s][info][gc,metaspace   ] GC(479) Metaspace: 18545K(18688K)->18545K(18688K) NonClass: 16716K(16832K)->16716K(16832K) Class: 1828K(1856K)->1828K(1856K)
[212.593s][info][gc             ] GC(479) Pause Young (Normal) (G1 Evacuation Pause) 920M->853M(978M) 31.788ms
[212.593s][info][gc,cpu         ] GC(479) User=0.06s Sys=0.00s Real=0.03s
[212.717s][info][gc,start       ] GC(480) Pause Young (Normal) (G1 Evacuation Pause)
[212.717s][info][gc,task        ] GC(480) Using 2 workers of 2 for evacuation
[212.755s][info][gc,phases      ] GC(480)   Pre Evacuate Collection Set: 0.33ms
[212.755s][info][gc,phases      ] GC(480)   Merge Heap Roots: 0.20ms
[212.755s][info][gc,phases      ] GC(480)   Evacuate Collection Set: 37.03ms
[212.755s][info][gc,phases      ] GC(480)   Post Evacuate Collection Set: 0.47ms
[212.755s][info][gc,phases      ] GC(480)   Other: 0.10ms
[212.755s][info][gc,heap        ] GC(480) Eden regions: 61->0(43)
[212.755s][info][gc,heap        ] GC(480) Survivor regions: 13->10(10)
[212.755s][info][gc,heap        ] GC(480) Old regions: 832->856
[212.755s][info][gc,heap        ] GC(480) Humongous regions: 9->9
[212.755s][info][gc,metaspace   ] GC(480) Metaspace: 18545K(18688K)->18545K(18688K) NonClass: 16716K(16832K)->16716K(16832K) Class: 1828K(1856K)->1828K(1856K)
[212.755s][info][gc             ] GC(480) Pause Young (Normal) (G1 Evacuation Pause) 914M->874M(978M) 38.397ms
[212.755s][info][gc,cpu         ] GC(480) User=0.08s Sys=0.00s Real=0.04s
[212.821s][info][gc,start       ] GC(481) Pause Young (Normal) (G1 Evacuation Pause)
[212.821s][info][gc,task        ] GC(481) Using 2 workers of 2 for evacuation
[212.849s][info][gc,phases      ] GC(481)   Pre Evacuate Collection Set: 0.31ms
[212.849s][info][gc,phases      ] GC(481)   Merge Heap Roots: 0.19ms
[212.849s][info][gc,phases      ] GC(481)   Evacuate Collection Set: 26.86ms
[212.849s][info][gc,phases      ] GC(481)   Post Evacuate Collection Set: 0.38ms
[212.849s][info][gc,phases      ] GC(481)   Other: 0.11ms
[212.849s][info][gc,heap        ] GC(481) Eden regions: 43->0(41)
[212.849s][info][gc,heap        ] GC(481) Survivor regions: 10->7(7)
[212.849s][info][gc,heap        ] GC(481) Old regions: 856->875
[212.849s][info][gc,heap        ] GC(481) Humongous regions: 9->9
[212.849s][info][gc,metaspace   ] GC(481) Metaspace: 18545K(18688K)->18545K(18688K) NonClass: 16716K(16832K)->16716K(16832K) Class: 1828K(1856K)->1828K(1856K)
[212.849s][info][gc             ] GC(481) Pause Young (Normal) (G1 Evacuation Pause) 917M->890M(978M) 28.099ms
[212.849s][info][gc,cpu         ] GC(481) User=0.05s Sys=0.00s Real=0.03s
[212.998s][info][gc,start       ] GC(482) Pause Young (Normal) (G1 Evacuation Pause)
[212.998s][info][gc,task        ] GC(482) Using 2 workers of 2 for evacuation
[213.019s][info][gc,phases      ] GC(482)   Pre Evacuate Collection Set: 0.34ms
[213.019s][info][gc,phases      ] GC(482)   Merge Heap Roots: 0.21ms
[213.019s][info][gc,phases      ] GC(482)   Evacuate Collection Set: 19.50ms
[213.019s][info][gc,phases      ] GC(482)   Post Evacuate Collection Set: 0.41ms
[213.019s][info][gc,phases      ] GC(482)   Other: 0.12ms
[213.019s][info][gc,heap        ] GC(482) Eden regions: 41->0(42)
[213.019s][info][gc,heap        ] GC(482) Survivor regions: 7->6(6)
[213.019s][info][gc,heap        ] GC(482) Old regions: 875->884
[213.019s][info][gc,heap        ] GC(482) Humongous regions: 9->9
[213.019s][info][gc,metaspace   ] GC(482) Metaspace: 18545K(18688K)->18545K(18688K) NonClass: 16716K(16832K)->16716K(16832K) Class: 1828K(1856K)->1828K(1856K)
[213.019s][info][gc             ] GC(482) Pause Young (Normal) (G1 Evacuation Pause) 931M->898M(978M) 20.858ms
[213.019s][info][gc,cpu         ] GC(482) User=0.04s Sys=0.00s Real=0.02s
[213.098s][info][gc,marking     ] GC(475) Concurrent Mark From Roots 1708.020ms
[213.098s][info][gc,marking     ] GC(475) Concurrent Preclean
[213.098s][info][gc,marking     ] GC(475) Concurrent Preclean 0.056ms
[213.098s][info][gc,start       ] GC(475) Pause Remark
[213.106s][info][gc             ] GC(475) Pause Remark 917M->643M(978M) 8.274ms
[213.106s][info][gc,cpu         ] GC(475) User=0.01s Sys=0.00s Real=0.01s
[213.107s][info][gc,marking     ] GC(475) Concurrent Mark 1717.502ms
[213.107s][info][gc,marking     ] GC(475) Concurrent Rebuild Remembered Sets and Scrub Regions
[213.154s][info][gc,start       ] GC(483) Pause Young (Normal) (G1 Evacuation Pause)
[213.154s][info][gc,task        ] GC(483) Using 2 workers of 2 for evacuation
[213.167s][info][gc,phases      ] GC(483)   Pre Evacuate Collection Set: 0.52ms
[213.167s][info][gc,phases      ] GC(483)   Merge Heap Roots: 0.18ms
[213.167s][info][gc,phases      ] GC(483)   Evacuate Collection Set: 11.96ms
[213.167s][info][gc,phases      ] GC(483)   Post Evacuate Collection Set: 0.34ms
[213.167s][info][gc,phases      ] GC(483)   Other: 0.10ms
[213.167s][info][gc,heap        ] GC(483) Eden regions: 42->0(230)
[213.167s][info][gc,heap        ] GC(483) Survivor regions: 6->2(6)
[213.167s][info][gc,heap        ] GC(483) Old regions: 615->621
[213.167s][info][gc,heap        ] GC(483) Humongous regions: 4->4
[213.167s][info][gc,metaspace   ] GC(483) Metaspace: 18545K(18688K)->18545K(18688K) NonClass: 16716K(16832K)->16716K(16832K) Class: 1828K(1856K)->1828K(1856K)
[213.167s][info][gc             ] GC(483) Pause Young (Normal) (G1 Evacuation Pause) 666M->626M(978M) 13.332ms
[213.167s][info][gc,cpu         ] GC(483) User=0.02s Sys=0.00s Real=0.01s
[213.701s][info][gc,marking     ] GC(475) Concurrent Rebuild Remembered Sets and Scrub Regions 593.915ms
[213.701s][info][gc,start       ] GC(475) Pause Cleanup
[213.702s][info][gc             ] GC(475) Pause Cleanup 856M->856M(978M) 0.170ms
[213.702s][info][gc,cpu         ] GC(475) User=0.00s Sys=0.00s Real=0.00s
[213.702s][info][gc,marking     ] GC(475) Concurrent Clear Claimed Marks
[213.702s][info][gc,marking     ] GC(475) Concurrent Clear Claimed Marks 0.035ms
[213.702s][info][gc,marking     ] GC(475) Concurrent Cleanup for Next Mark
[213.707s][info][gc,marking     ] GC(475) Concurrent Cleanup for Next Mark 5.125ms
[213.707s][info][gc             ] GC(475) Concurrent Mark Cycle 2328.371ms
[213.708s][info][gc,start       ] GC(484) Pause Young (Prepare Mixed) (G1 Evacuation Pause)
[213.708s][info][gc,task        ] GC(484) Using 2 workers of 2 for evacuation
[213.773s][info][gc,phases      ] GC(484)   Pre Evacuate Collection Set: 0.29ms
[213.773s][info][gc,phases      ] GC(484)   Merge Heap Roots: 0.56ms
[213.773s][info][gc,phases      ] GC(484)   Evacuate Collection Set: 63.33ms
[213.773s][info][gc,phases      ] GC(484)   Post Evacuate Collection Set: 0.69ms
[213.773s][info][gc,phases      ] GC(484)   Other: 0.12ms
[213.773s][info][gc,heap        ] GC(484) Eden regions: 230->0(204)
[213.773s][info][gc,heap        ] GC(484) Survivor regions: 2->29(29)
[213.773s][info][gc,heap        ] GC(484) Old regions: 621->628
[213.773s][info][gc,heap        ] GC(484) Humongous regions: 7->7
[213.773s][info][gc,metaspace   ] GC(484) Metaspace: 18545K(18688K)->18545K(18688K) NonClass: 16716K(16832K)->16716K(16832K) Class: 1828K(1856K)->1828K(1856K)
[213.773s][info][gc             ] GC(484) Pause Young (Prepare Mixed) (G1 Evacuation Pause) 859M->663M(978M) 65.241ms
[213.773s][info][gc,cpu         ] GC(484) User=0.13s Sys=0.00s Real=0.07s
[214.022s][info][gc,start       ] GC(485) Pause Young (Mixed) (G1 Evacuation Pause)
[214.022s][info][gc,task        ] GC(485) Using 2 workers of 2 for evacuation
[214.119s][info][gc,phases      ] GC(485)   Pre Evacuate Collection Set: 0.54ms
[214.119s][info][gc,phases      ] GC(485)   Merge Heap Roots: 0.48ms
[214.119s][info][gc,phases      ] GC(485)   Evacuate Collection Set: 94.65ms
[214.119s][info][gc,phases      ] GC(485)   Post Evacuate Collection Set: 0.72ms
[214.119s][info][gc,phases      ] GC(485)   Other: 0.14ms
[214.119s][info][gc,heap        ] GC(485) Eden regions: 204->0(243)
[214.119s][info][gc,heap        ] GC(485) Survivor regions: 29->27(30)
[214.119s][info][gc,heap        ] GC(485) Old regions: 628->581
[214.119s][info][gc,heap        ] GC(485) Humongous regions: 7->7
[214.119s][info][gc,metaspace   ] GC(485) Metaspace: 18545K(18688K)->18545K(18688K) NonClass: 16716K(16832K)->16716K(16832K) Class: 1828K(1856K)->1828K(1856K)
[214.119s][info][gc             ] GC(485) Pause Young (Mixed) (G1 Evacuation Pause) 867M->613M(978M) 96.807ms
[214.119s][info][gc,cpu         ] GC(485) User=0.19s Sys=0.00s Real=0.10s
[214.420s][info][gc,start       ] GC(486) Pause Young (Mixed) (G1 Evacuation Pause)
[214.420s][info][gc,task        ] GC(486) Using 2 workers of 2 for evacuation
[214.504s][info][gc,phases      ] GC(486)   Pre Evacuate Collection Set: 0.32ms
[214.504s][info][gc,phases      ] GC(486)   Merge Heap Roots: 0.99ms
[214.504s][info][gc,phases      ] GC(486)   Evacuate Collection Set: 81.45ms
[214.504s][info][gc,phases      ] GC(486)   Post Evacuate Collection Set: 0.54ms
[214.504s][info][gc,phases      ] GC(486)   Other: 0.11ms
[214.504s][info][gc,heap        ] GC(486) Eden regions: 240->0(260)
[214.504s][info][gc,heap        ] GC(486) Survivor regions: 27->2(34)
[214.504s][info][gc,heap        ] GC(486) Old regions: 581->606
[214.504s][info][gc,heap        ] GC(486) Humongous regions: 7->7
[214.504s][info][gc,metaspace   ] GC(486) Metaspace: 18545K(18688K)->18545K(18688K) NonClass: 16716K(16832K)->16716K(16832K) Class: 1828K(1856K)->1828K(1856K)
[214.504s][info][gc             ] GC(486) Pause Young (Mixed) (G1 Evacuation Pause) 853M->614M(978M) 83.678ms
[214.504s][info][gc,cpu         ] GC(486) User=0.16s Sys=0.00s Real=0.08s
[214.907s][info][gc,start       ] GC(487) Pause Young (Concurrent Start) (G1 Evacuation Pause)
[214.908s][info][gc,task        ] GC(487) Using 2 workers of 2 for evacuation
[214.936s][info][gc,phases      ] GC(487)   Pre Evacuate Collection Set: 0.29ms
[214.936s][info][gc,phases      ] GC(487)   Merge Heap Roots: 0.20ms
[214.936s][info][gc,phases      ] GC(487)   Evacuate Collection Set: 27.22ms
[214.936s][info][gc,phases      ] GC(487)   Post Evacuate Collection Set: 0.60ms
[214.936s][info][gc,phases      ] GC(487)   Other: 0.15ms
[214.936s][info][gc,heap        ] GC(487) Eden regions: 260->0(252)
[214.936s][info][gc,heap        ] GC(487) Survivor regions: 2->20(33)
[214.936s][info][gc,heap        ] GC(487) Old regions: 606->606
[214.936s][info][gc,heap        ] GC(487) Humongous regions: 7->7
[214.936s][info][gc,metaspace   ] GC(487) Metaspace: 18547K(18688K)->18547K(18688K) NonClass: 16719K(16832K)->16719K(16832K) Class: 1828K(1856K)->1828K(1856K)
[214.936s][info][gc             ] GC(487) Pause Young (Concurrent Start) (G1 Evacuation Pause) 874M->632M(978M) 28.674ms
[214.936s][info][gc,cpu         ] GC(487) User=0.06s Sys=0.00s Real=0.03s
[214.936s][info][gc             ] GC(488) Concurrent Mark Cycle
[214.939s][info][gc,marking     ] GC(488) Concurrent Scan Root Regions
[214.976s][info][gc,marking     ] GC(488) Concurrent Scan Root Regions 36.860ms
[214.976s][info][gc,marking     ] GC(488) Concurrent Mark
[214.976s][info][gc,marking     ] GC(488) Concurrent Mark From Roots
[214.976s][info][gc,task        ] GC(488) Using 1 workers of 1 for marking
[215.286s][info][gc,start       ] GC(489) Pause Young (Normal) (G1 Evacuation Pause)
[215.286s][info][gc,task        ] GC(489) Using 2 workers of 2 for evacuation
[215.369s][info][gc,phases      ] GC(489)   Pre Evacuate Collection Set: 0.28ms
[215.369s][info][gc,phases      ] GC(489)   Merge Heap Roots: 0.29ms
[215.369s][info][gc,phases      ] GC(489)   Evacuate Collection Set: 81.71ms
[215.369s][info][gc,phases      ] GC(489)   Post Evacuate Collection Set: 0.60ms
[215.369s][info][gc,phases      ] GC(489)   Other: 0.09ms
[215.369s][info][gc,heap        ] GC(489) Eden regions: 252->0(198)
[215.369s][info][gc,heap        ] GC(489) Survivor regions: 20->34(34)
[215.369s][info][gc,heap        ] GC(489) Old regions: 606->649
[215.369s][info][gc,heap        ] GC(489) Humongous regions: 7->7
[215.369s][info][gc,metaspace   ] GC(489) Metaspace: 18547K(18688K)->18547K(18688K) NonClass: 16719K(16832K)->16719K(16832K) Class: 1828K(1856K)->1828K(1856K)
[215.369s][info][gc             ] GC(489) Pause Young (Normal) (G1 Evacuation Pause) 884M->689M(978M) 83.235ms
[215.369s][info][gc,cpu         ] GC(489) User=0.16s Sys=0.00s Real=0.09s
[216.188s][info][gc,marking     ] GC(488) Concurrent Mark From Roots 1211.874ms
[216.188s][info][gc,marking     ] GC(488) Concurrent Preclean
[216.188s][info][gc,start       ] GC(490) Pause Young (Normal) (G1 Evacuation Pause)
[216.188s][info][gc,task        ] GC(490) Using 2 workers of 2 for evacuation
[216.243s][info][gc,phases      ] GC(490)   Pre Evacuate Collection Set: 0.28ms
[216.243s][info][gc,phases      ] GC(490)   Merge Heap Roots: 0.30ms
[216.243s][info][gc,phases      ] GC(490)   Evacuate Collection Set: 53.64ms
[216.243s][info][gc,phases      ] GC(490)   Post Evacuate Collection Set: 0.52ms
[216.243s][info][gc,phases      ] GC(490)   Other: 0.08ms
[216.243s][info][gc,heap        ] GC(490) Eden regions: 198->0(197)
[216.243s][info][gc,heap        ] GC(490) Survivor regions: 34->11(29)
[216.243s][info][gc,heap        ] GC(490) Old regions: 649->683
[216.243s][info][gc,heap        ] GC(490) Humongous regions: 8->8
[216.243s][info][gc,metaspace   ] GC(490) Metaspace: 18548K(18688K)->18548K(18688K) NonClass: 16719K(16832K)->16719K(16832K) Class: 1828K(1856K)->1828K(1856K)
[216.243s][info][gc             ] GC(490) Pause Young (Normal) (G1 Evacuation Pause) 888M->701M(978M) 55.081ms
[216.243s][info][gc,cpu         ] GC(490) User=0.11s Sys=0.00s Real=0.05s
[216.243s][info][gc,marking     ] GC(488) Concurrent Preclean 55.272ms
[216.249s][info][gc,start       ] GC(488) Pause Remark
[216.256s][info][gc             ] GC(488) Pause Remark 702M->524M(978M) 7.755ms
[216.256s][info][gc,cpu         ] GC(488) User=0.01s Sys=0.00s Real=0.00s
[216.257s][info][gc,marking     ] GC(488) Concurrent Mark 1280.671ms
[216.257s][info][gc,marking     ] GC(488) Concurrent Rebuild Remembered Sets and Scrub Regions
[216.643s][info][gc,start       ] GC(491) Pause Young (Normal) (G1 Evacuation Pause)
[216.643s][info][gc,task        ] GC(491) Using 2 workers of 2 for evacuation
[216.686s][info][gc,phases      ] GC(491)   Pre Evacuate Collection Set: 0.28ms
[216.686s][info][gc,phases      ] GC(491)   Merge Heap Roots: 0.27ms
[216.686s][info][gc,phases      ] GC(491)   Evacuate Collection Set: 42.21ms
[216.686s][info][gc,phases      ] GC(491)   Post Evacuate Collection Set: 0.44ms
[216.686s][info][gc,phases      ] GC(491)   Other: 0.09ms
[216.686s][info][gc,heap        ] GC(491) Eden regions: 197->0(306)
[216.686s][info][gc,heap        ] GC(491) Survivor regions: 11->26(26)
[216.686s][info][gc,heap        ] GC(491) Old regions: 508->514
[216.686s][info][gc,heap        ] GC(491) Humongous regions: 5->5
[216.686s][info][gc,metaspace   ] GC(491) Metaspace: 18548K(18688K)->18548K(18688K) NonClass: 16719K(16832K)->16719K(16832K) Class: 1828K(1856K)->1828K(1856K)
[216.686s][info][gc             ] GC(491) Pause Young (Normal) (G1 Evacuation Pause) 720M->544M(978M) 43.547ms
[216.686s][info][gc,cpu         ] GC(491) User=0.08s Sys=0.00s Real=0.04s
[216.741s][info][gc,marking     ] GC(488) Concurrent Rebuild Remembered Sets and Scrub Regions 484.287ms
[216.741s][info][gc,start       ] GC(488) Pause Cleanup
[216.742s][info][gc             ] GC(488) Pause Cleanup 597M->597M(978M) 0.143ms
[216.742s][info][gc,cpu         ] GC(488) User=0.00s Sys=0.00s Real=0.00s
[216.742s][info][gc,marking     ] GC(488) Concurrent Clear Claimed Marks
[216.742s][info][gc,marking     ] GC(488) Concurrent Clear Claimed Marks 0.034ms
[216.742s][info][gc,marking     ] GC(488) Concurrent Cleanup for Next Mark
[216.747s][info][gc,marking     ] GC(488) Concurrent Cleanup for Next Mark 4.985ms
[216.747s][info][gc             ] GC(488) Concurrent Mark Cycle 1810.484ms
[217.065s][info][gc,start       ] GC(492) Pause Young (Prepare Mixed) (G1 Evacuation Pause)
[217.065s][info][gc,task        ] GC(492) Using 2 workers of 2 for evacuation
[217.119s][info][gc,phases      ] GC(492)   Pre Evacuate Collection Set: 0.52ms
[217.119s][info][gc,phases      ] GC(492)   Merge Heap Roots: 0.26ms
[217.119s][info][gc,phases      ] GC(492)   Evacuate Collection Set: 52.75ms
[217.119s][info][gc,phases      ] GC(492)   Post Evacuate Collection Set: 0.57ms
[217.119s][info][gc,phases      ] GC(492)   Other: 0.09ms
[217.119s][info][gc,heap        ] GC(492) Eden regions: 306->0(302)
[217.119s][info][gc,heap        ] GC(492) Survivor regions: 26->38(42)
[217.119s][info][gc,heap        ] GC(492) Old regions: 514->521
[217.119s][info][gc,heap        ] GC(492) Humongous regions: 5->5
[217.119s][info][gc,metaspace   ] GC(492) Metaspace: 18548K(18688K)->18548K(18688K) NonClass: 16719K(16832K)->16719K(16832K) Class: 1828K(1856K)->1828K(1856K)
[217.119s][info][gc             ] GC(492) Pause Young (Prepare Mixed) (G1 Evacuation Pause) 850M->563M(978M) 54.440ms
[217.119s][info][gc,cpu         ] GC(492) User=0.11s Sys=0.00s Real=0.06s
[217.905s][info][gc,start       ] GC(493) Pause Young (Mixed) (G1 Evacuation Pause)
[217.905s][info][gc,task        ] GC(493) Using 2 workers of 2 for evacuation
[217.950s][info][gc,phases      ] GC(493)   Pre Evacuate Collection Set: 0.35ms
[217.950s][info][gc,phases      ] GC(493)   Merge Heap Roots: 0.27ms
[217.950s][info][gc,phases      ] GC(493)   Evacuate Collection Set: 43.85ms
[217.950s][info][gc,phases      ] GC(493)   Post Evacuate Collection Set: 0.67ms
[217.950s][info][gc,phases      ] GC(493)   Other: 0.10ms
[217.950s][info][gc,heap        ] GC(493) Eden regions: 302->0(364)
[217.950s][info][gc,heap        ] GC(493) Survivor regions: 38->19(43)
[217.950s][info][gc,heap        ] GC(493) Old regions: 521->487
[217.950s][info][gc,heap        ] GC(493) Humongous regions: 5->5
[217.950s][info][gc,metaspace   ] GC(493) Metaspace: 18548K(18688K)->18548K(18688K) NonClass: 16720K(16832K)->16720K(16832K) Class: 1828K(1856K)->1828K(1856K)
[217.950s][info][gc             ] GC(493) Pause Young (Mixed) (G1 Evacuation Pause) 865M->509M(978M) 45.499ms
[217.951s][info][gc,cpu         ] GC(493) User=0.09s Sys=0.00s Real=0.05s
[218.514s][info][gc,start       ] GC(494) Pause Young (Concurrent Start) (G1 Evacuation Pause)
[218.515s][info][gc,task        ] GC(494) Using 2 workers of 2 for evacuation
[218.612s][info][gc,phases      ] GC(494)   Pre Evacuate Collection Set: 0.32ms
[218.612s][info][gc,phases      ] GC(494)   Merge Heap Roots: 1.15ms
[218.612s][info][gc,phases      ] GC(494)   Evacuate Collection Set: 94.73ms
[218.612s][info][gc,phases      ] GC(494)   Post Evacuate Collection Set: 0.92ms
[218.612s][info][gc,phases      ] GC(494)   Other: 0.12ms
[218.612s][info][gc,heap        ] GC(494) Eden regions: 364->0(284)
[218.612s][info][gc,heap        ] GC(494) Survivor regions: 19->48(48)
[218.612s][info][gc,heap        ] GC(494) Old regions: 487->520
[218.612s][info][gc,heap        ] GC(494) Humongous regions: 5->5
[218.612s][info][gc,metaspace   ] GC(494) Metaspace: 18559K(18688K)->18559K(18688K) NonClass: 16731K(16832K)->16731K(16832K) Class: 1828K(1856K)->1828K(1856K)
[218.612s][info][gc             ] GC(494) Pause Young (Concurrent Start) (G1 Evacuation Pause) 873M->572M(978M) 97.468ms
[218.612s][info][gc,cpu         ] GC(494) User=0.19s Sys=0.00s Real=0.10s
[218.612s][info][gc             ] GC(495) Concurrent Mark Cycle
[218.612s][info][gc,marking     ] GC(495) Concurrent Scan Root Regions
[218.705s][info][gc,marking     ] GC(495) Concurrent Scan Root Regions 93.147ms
[218.705s][info][gc,marking     ] GC(495) Concurrent Mark
[218.705s][info][gc,marking     ] GC(495) Concurrent Mark From Roots
[218.705s][info][gc,task        ] GC(495) Using 1 workers of 1 for marking
[219.401s][info][gc,start       ] GC(496) Pause Young (Normal) (G1 Evacuation Pause)
[219.402s][info][gc,task        ] GC(496) Using 2 workers of 2 for evacuation
[219.514s][info][gc,phases      ] GC(496)   Pre Evacuate Collection Set: 0.53ms
[219.514s][info][gc,phases      ] GC(496)   Merge Heap Roots: 0.65ms
[219.514s][info][gc,phases      ] GC(496)   Evacuate Collection Set: 110.91ms
[219.514s][info][gc,phases      ] GC(496)   Post Evacuate Collection Set: 0.67ms
[219.514s][info][gc,phases      ] GC(496)   Other: 0.09ms
[219.514s][info][gc,heap        ] GC(496) Eden regions: 284->0(256)
[219.514s][info][gc,heap        ] GC(496) Survivor regions: 48->34(42)
[219.515s][info][gc,heap        ] GC(496) Old regions: 520->569
[219.515s][info][gc,heap        ] GC(496) Humongous regions: 8->8
[219.515s][info][gc,metaspace   ] GC(496) Metaspace: 18559K(18688K)->18559K(18688K) NonClass: 16731K(16832K)->16731K(16832K) Class: 1828K(1856K)->1828K(1856K)
[219.515s][info][gc             ] GC(496) Pause Young (Normal) (G1 Evacuation Pause) 859M->610M(978M) 113.067ms
[219.515s][info][gc,cpu         ] GC(496) User=0.22s Sys=0.00s Real=0.11s
[219.786s][info][gc,marking     ] GC(495) Concurrent Mark From Roots 1080.894ms
[219.786s][info][gc,marking     ] GC(495) Concurrent Preclean
[219.786s][info][gc,marking     ] GC(495) Concurrent Preclean 0.047ms
[219.786s][info][gc,start       ] GC(495) Pause Remark
[219.794s][info][gc             ] GC(495) Pause Remark 785M->639M(978M) 7.818ms
[219.794s][info][gc,cpu         ] GC(495) User=0.02s Sys=0.00s Real=0.01s
[219.795s][info][gc,marking     ] GC(495) Concurrent Mark 1090.074ms
[219.795s][info][gc,marking     ] GC(495) Concurrent Rebuild Remembered Sets and Scrub Regions
[219.982s][info][gc,start       ] GC(497) Pause Young (Normal) (G1 Evacuation Pause)
[219.982s][info][gc,task        ] GC(497) Using 2 workers of 2 for evacuation
[220.096s][info][gc,phases      ] GC(497)   Pre Evacuate Collection Set: 0.31ms
[220.096s][info][gc,phases      ] GC(497)   Merge Heap Roots: 0.38ms
[220.096s][info][gc,phases      ] GC(497)   Evacuate Collection Set: 112.15ms
[220.096s][info][gc,phases      ] GC(497)   Post Evacuate Collection Set: 0.73ms
[220.096s][info][gc,phases      ] GC(497)   Other: 0.12ms
[220.096s][info][gc,heap        ] GC(497) Eden regions: 256->0(293)
[220.096s][info][gc,heap        ] GC(497) Survivor regions: 34->37(37)
[220.096s][info][gc,heap        ] GC(497) Old regions: 425->489
[220.096s][info][gc,heap        ] GC(497) Humongous regions: 6->6
[220.096s][info][gc,metaspace   ] GC(497) Metaspace: 18560K(18688K)->18560K(18688K) NonClass: 16732K(16832K)->16732K(16832K) Class: 1828K(1856K)->1828K(1856K)
[220.096s][info][gc             ] GC(497) Pause Young (Normal) (G1 Evacuation Pause) 720M->531M(978M) 113.994ms
[220.096s][info][gc,cpu         ] GC(497) User=0.22s Sys=0.00s Real=0.11s
[220.269s][info][gc,marking     ] GC(495) Concurrent Rebuild Remembered Sets and Scrub Regions 473.425ms
[220.269s][info][gc,start       ] GC(495) Pause Cleanup
[220.269s][info][gc             ] GC(495) Pause Cleanup 657M->657M(978M) 0.138ms
[220.269s][info][gc,cpu         ] GC(495) User=0.00s Sys=0.00s Real=0.00s
[220.269s][info][gc,marking     ] GC(495) Concurrent Clear Claimed Marks
[220.269s][info][gc,marking     ] GC(495) Concurrent Clear Claimed Marks 0.060ms
[220.269s][info][gc,marking     ] GC(495) Concurrent Cleanup for Next Mark
[220.272s][info][gc,marking     ] GC(495) Concurrent Cleanup for Next Mark 3.015ms
[220.272s][info][gc             ] GC(495) Concurrent Mark Cycle 1660.328ms
[220.527s][info][gc,start       ] GC(498) Pause Young (Prepare Mixed) (G1 Evacuation Pause)
[220.527s][info][gc,task        ] GC(498) Using 2 workers of 2 for evacuation
[220.608s][info][gc,phases      ] GC(498)   Pre Evacuate Collection Set: 0.56ms
[220.608s][info][gc,phases      ] GC(498)   Merge Heap Roots: 0.52ms
[220.608s][info][gc,phases      ] GC(498)   Evacuate Collection Set: 79.13ms
[220.608s][info][gc,phases      ] GC(498)   Post Evacuate Collection Set: 0.71ms
[220.608s][info][gc,phases      ] GC(498)   Other: 0.13ms
[220.608s][info][gc,heap        ] GC(498) Eden regions: 293->0(289)
[220.608s][info][gc,heap        ] GC(498) Survivor regions: 37->20(42)
[220.608s][info][gc,heap        ] GC(498) Old regions: 489->527
[220.608s][info][gc,heap        ] GC(498) Humongous regions: 9->9
[220.608s][info][gc,metaspace   ] GC(498) Metaspace: 18564K(18688K)->18564K(18688K) NonClass: 16735K(16832K)->16735K(16832K) Class: 1828K(1856K)->1828K(1856K)
[220.608s][info][gc             ] GC(498) Pause Young (Prepare Mixed) (G1 Evacuation Pause) 827M->555M(978M) 81.374ms
[220.608s][info][gc,cpu         ] GC(498) User=0.16s Sys=0.00s Real=0.08s
[221.070s][info][gc,start       ] GC(499) Pause Young (Mixed) (G1 Evacuation Pause)
[221.070s][info][gc,task        ] GC(499) Using 2 workers of 2 for evacuation
[221.109s][info][gc,phases      ] GC(499)   Pre Evacuate Collection Set: 0.55ms
[221.109s][info][gc,phases      ] GC(499)   Merge Heap Roots: 0.39ms
[221.109s][info][gc,phases      ] GC(499)   Evacuate Collection Set: 37.43ms
[221.109s][info][gc,phases      ] GC(499)   Post Evacuate Collection Set: 0.56ms
[221.109s][info][gc,phases      ] GC(499)   Other: 0.09ms
[221.109s][info][gc,heap        ] GC(499) Eden regions: 289->0(337)
[221.109s][info][gc,heap        ] GC(499) Survivor regions: 20->1(39)
[221.109s][info][gc,heap        ] GC(499) Old regions: 527->519
[221.109s][info][gc,heap        ] GC(499) Humongous regions: 9->9
[221.109s][info][gc,metaspace   ] GC(499) Metaspace: 18564K(18688K)->18564K(18688K) NonClass: 16735K(16832K)->16735K(16832K) Class: 1828K(1856K)->1828K(1856K)
[221.109s][info][gc             ] GC(499) Pause Young (Mixed) (G1 Evacuation Pause) 844M->528M(978M) 39.310ms
[221.109s][info][gc,cpu         ] GC(499) User=0.07s Sys=0.00s Real=0.04s
[221.648s][info][gc,start       ] GC(500) Pause Young (Concurrent Start) (G1 Evacuation Pause)
[221.648s][info][gc,task        ] GC(500) Using 2 workers of 2 for evacuation
[221.650s][info][gc,phases      ] GC(500)   Pre Evacuate Collection Set: 0.36ms
[221.650s][info][gc,phases      ] GC(500)   Merge Heap Roots: 0.09ms
[221.650s][info][gc,phases      ] GC(500)   Evacuate Collection Set: 0.57ms
[221.650s][info][gc,phases      ] GC(500)   Post Evacuate Collection Set: 0.50ms
[221.650s][info][gc,phases      ] GC(500)   Other: 0.22ms
[221.650s][info][gc,heap        ] GC(500) Eden regions: 337->0(358)
[221.650s][info][gc,heap        ] GC(500) Survivor regions: 1->1(43)
[221.650s][info][gc,heap        ] GC(500) Old regions: 519->519
[221.650s][info][gc,heap        ] GC(500) Humongous regions: 9->9
[221.650s][info][gc,metaspace   ] GC(500) Metaspace: 18564K(18688K)->18564K(18688K) NonClass: 16735K(16832K)->16735K(16832K) Class: 1828K(1856K)->1828K(1856K)
[221.650s][info][gc             ] GC(500) Pause Young (Concurrent Start) (G1 Evacuation Pause) 865M->528M(978M) 1.951ms
[221.650s][info][gc,cpu         ] GC(500) User=0.01s Sys=0.00s Real=0.00s
[221.650s][info][gc             ] GC(501) Concurrent Mark Cycle
[221.650s][info][gc,marking     ] GC(501) Concurrent Scan Root Regions
[221.650s][info][gc,marking     ] GC(501) Concurrent Scan Root Regions 0.237ms
[221.651s][info][gc,marking     ] GC(501) Concurrent Mark
[221.651s][info][gc,marking     ] GC(501) Concurrent Mark From Roots
[221.651s][info][gc,task        ] GC(501) Using 1 workers of 1 for marking
[223.018s][info][gc,marking     ] GC(501) Concurrent Mark From Roots 1367.669ms
[223.018s][info][gc,marking     ] GC(501) Concurrent Preclean
[223.018s][info][gc,marking     ] GC(501) Concurrent Preclean 0.044ms
[223.018s][info][gc,start       ] GC(501) Pause Remark
[223.027s][info][gc             ] GC(501) Pause Remark 864M->862M(978M) 8.190ms
[223.027s][info][gc,cpu         ] GC(501) User=0.02s Sys=0.00s Real=0.00s
[223.029s][info][gc,marking     ] GC(501) Concurrent Mark 1378.695ms
[223.029s][info][gc,marking     ] GC(501) Concurrent Rebuild Remembered Sets and Scrub Regions
[223.076s][info][gc,start       ] GC(502) Pause Young (Normal) (G1 Evacuation Pause)
[223.076s][info][gc,task        ] GC(502) Using 2 workers of 2 for evacuation
[223.077s][info][gc,phases      ] GC(502)   Pre Evacuate Collection Set: 0.31ms
[223.077s][info][gc,phases      ] GC(502)   Merge Heap Roots: 0.11ms
[223.077s][info][gc,phases      ] GC(502)   Evacuate Collection Set: 0.31ms
[223.077s][info][gc,phases      ] GC(502)   Post Evacuate Collection Set: 0.52ms
[223.077s][info][gc,phases      ] GC(502)   Other: 0.11ms
[223.078s][info][gc,heap        ] GC(502) Eden regions: 358->0(377)
[223.078s][info][gc,heap        ] GC(502) Survivor regions: 1->1(45)
[223.078s][info][gc,heap        ] GC(502) Old regions: 519->519
[223.078s][info][gc,heap        ] GC(502) Humongous regions: 7->7
[223.078s][info][gc,metaspace   ] GC(502) Metaspace: 18564K(18688K)->18564K(18688K) NonClass: 16735K(16832K)->16735K(16832K) Class: 1828K(1856K)->1828K(1856K)
[223.078s][info][gc             ] GC(502) Pause Young (Normal) (G1 Evacuation Pause) 884M->525M(978M) 1.614ms
[223.078s][info][gc,cpu         ] GC(502) User=0.01s Sys=0.00s Real=0.00s
[223.602s][info][gc,marking     ] GC(501) Concurrent Rebuild Remembered Sets and Scrub Regions 572.888ms
[223.602s][info][gc,start       ] GC(501) Pause Cleanup
[223.603s][info][gc             ] GC(501) Pause Cleanup 791M->791M(978M) 0.152ms
[223.603s][info][gc,cpu         ] GC(501) User=0.00s Sys=0.00s Real=0.00s
[223.603s][info][gc,marking     ] GC(501) Concurrent Clear Claimed Marks
[223.603s][info][gc,marking     ] GC(501) Concurrent Clear Claimed Marks 0.043ms
[223.603s][info][gc,marking     ] GC(501) Concurrent Cleanup for Next Mark
[223.606s][info][gc,marking     ] GC(501) Concurrent Cleanup for Next Mark 3.026ms
[223.606s][info][gc             ] GC(501) Concurrent Mark Cycle 1955.534ms
[223.726s][info][gc,start       ] GC(503) Pause Young (Prepare Mixed) (G1 Evacuation Pause)
[223.726s][info][gc,task        ] GC(503) Using 2 workers of 2 for evacuation
[223.777s][info][gc,phases      ] GC(503)   Pre Evacuate Collection Set: 0.55ms
[223.777s][info][gc,phases      ] GC(503)   Merge Heap Roots: 0.23ms
[223.777s][info][gc,phases      ] GC(503)   Evacuate Collection Set: 49.31ms
[223.777s][info][gc,phases      ] GC(503)   Post Evacuate Collection Set: 0.67ms
[223.777s][info][gc,phases      ] GC(503)   Other: 0.11ms
[223.777s][info][gc,heap        ] GC(503) Eden regions: 377->0(326)
[223.777s][info][gc,heap        ] GC(503) Survivor regions: 1->38(48)
[223.777s][info][gc,heap        ] GC(503) Old regions: 519->519
[223.777s][info][gc,heap        ] GC(503) Humongous regions: 7->7
[223.777s][info][gc,metaspace   ] GC(503) Metaspace: 18564K(18688K)->18564K(18688K) NonClass: 16735K(16832K)->16735K(16832K) Class: 1828K(1856K)->1828K(1856K)
[223.777s][info][gc             ] GC(503) Pause Young (Prepare Mixed) (G1 Evacuation Pause) 902M->562M(978M) 51.126ms
[223.777s][info][gc,cpu         ] GC(503) User=0.10s Sys=0.01s Real=0.05s
[224.073s][info][gc,start       ] GC(504) Pause Young (Mixed) (G1 Evacuation Pause)
[224.073s][info][gc,task        ] GC(504) Using 2 workers of 2 for evacuation
[224.137s][info][gc,phases      ] GC(504)   Pre Evacuate Collection Set: 0.35ms
[224.138s][info][gc,phases      ] GC(504)   Merge Heap Roots: 0.30ms
[224.138s][info][gc,phases      ] GC(504)   Evacuate Collection Set: 63.30ms
[224.138s][info][gc,phases      ] GC(504)   Post Evacuate Collection Set: 0.68ms
[224.138s][info][gc,phases      ] GC(504)   Other: 0.11ms
[224.138s][info][gc,heap        ] GC(504) Eden regions: 326->0(328)
[224.138s][info][gc,heap        ] GC(504) Survivor regions: 38->17(46)
[224.138s][info][gc,heap        ] GC(504) Old regions: 519->545
[224.138s][info][gc,heap        ] GC(504) Humongous regions: 7->7
[224.138s][info][gc,metaspace   ] GC(504) Metaspace: 18564K(18688K)->18564K(18688K) NonClass: 16735K(16832K)->16735K(16832K) Class: 1828K(1856K)->1828K(1856K)
[224.138s][info][gc             ] GC(504) Pause Young (Mixed) (G1 Evacuation Pause) 888M->568M(978M) 65.087ms
[224.138s][info][gc,cpu         ] GC(504) User=0.13s Sys=0.00s Real=0.06s
[224.403s][info][gc,start       ] GC(505) Pause Young (Concurrent Start) (G1 Evacuation Pause)
[224.404s][info][gc,task        ] GC(505) Using 2 workers of 2 for evacuation
[224.470s][info][gc,phases      ] GC(505)   Pre Evacuate Collection Set: 0.32ms
[224.470s][info][gc,phases      ] GC(505)   Merge Heap Roots: 0.28ms
[224.470s][info][gc,phases      ] GC(505)   Evacuate Collection Set: 64.78ms
[224.470s][info][gc,phases      ] GC(505)   Post Evacuate Collection Set: 0.68ms
[224.470s][info][gc,phases      ] GC(505)   Other: 0.15ms
[224.470s][info][gc,heap        ] GC(505) Eden regions: 328->0(280)
[224.470s][info][gc,heap        ] GC(505) Survivor regions: 17->44(44)
[224.470s][info][gc,heap        ] GC(505) Old regions: 545->553
[224.470s][info][gc,heap        ] GC(505) Humongous regions: 7->7
[224.470s][info][gc,metaspace   ] GC(505) Metaspace: 18564K(18688K)->18564K(18688K) NonClass: 16735K(16832K)->16735K(16832K) Class: 1828K(1856K)->1828K(1856K)
[224.470s][info][gc             ] GC(505) Pause Young (Concurrent Start) (G1 Evacuation Pause) 896M->603M(978M) 66.470ms
[224.470s][info][gc,cpu         ] GC(505) User=0.13s Sys=0.00s Real=0.07s
[224.470s][info][gc             ] GC(506) Concurrent Mark Cycle
[224.470s][info][gc,marking     ] GC(506) Concurrent Scan Root Regions
[224.577s][info][gc,marking     ] GC(506) Concurrent Scan Root Regions 106.545ms
[224.577s][info][gc,marking     ] GC(506) Concurrent Mark
[224.577s][info][gc,marking     ] GC(506) Concurrent Mark From Roots
[224.577s][info][gc,task        ] GC(506) Using 1 workers of 1 for marking
[224.909s][info][gc,start       ] GC(507) Pause Young (Normal) (G1 Evacuation Pause)
[224.909s][info][gc,task        ] GC(507) Using 2 workers of 2 for evacuation
[224.986s][info][gc,phases      ] GC(507)   Pre Evacuate Collection Set: 0.55ms
[224.986s][info][gc,phases      ] GC(507)   Merge Heap Roots: 0.37ms
[224.986s][info][gc,phases      ] GC(507)   Evacuate Collection Set: 75.22ms
[224.986s][info][gc,phases      ] GC(507)   Post Evacuate Collection Set: 0.61ms
[224.986s][info][gc,phases      ] GC(507)   Other: 0.12ms
[224.986s][info][gc,heap        ] GC(507) Eden regions: 280->0(275)
[224.986s][info][gc,heap        ] GC(507) Survivor regions: 44->18(41)
[224.986s][info][gc,heap        ] GC(507) Old regions: 553->597
[224.986s][info][gc,heap        ] GC(507) Humongous regions: 7->7
[224.986s][info][gc,metaspace   ] GC(507) Metaspace: 18564K(18688K)->18564K(18688K) NonClass: 16735K(16832K)->16735K(16832K) Class: 1828K(1856K)->1828K(1856K)
[224.986s][info][gc             ] GC(507) Pause Young (Normal) (G1 Evacuation Pause) 883M->621M(978M) 77.134ms
[224.987s][info][gc,cpu         ] GC(507) User=0.15s Sys=0.00s Real=0.07s
[225.647s][info][gc,start       ] GC(508) Pause Young (Normal) (G1 Evacuation Pause)
[225.647s][info][gc,task        ] GC(508) Using 2 workers of 2 for evacuation
[225.695s][info][gc,phases      ] GC(508)   Pre Evacuate Collection Set: 0.31ms
[225.695s][info][gc,phases      ] GC(508)   Merge Heap Roots: 0.23ms
[225.695s][info][gc,phases      ] GC(508)   Evacuate Collection Set: 46.74ms
[225.695s][info][gc,phases      ] GC(508)   Post Evacuate Collection Set: 0.65ms
[225.695s][info][gc,phases      ] GC(508)   Other: 0.11ms
[225.695s][info][gc,heap        ] GC(508) Eden regions: 275->0(258)
[225.695s][info][gc,heap        ] GC(508) Survivor regions: 18->33(37)
[225.695s][info][gc,heap        ] GC(508) Old regions: 597->597
[225.695s][info][gc,heap        ] GC(508) Humongous regions: 7->7
[225.695s][info][gc,metaspace   ] GC(508) Metaspace: 18568K(18688K)->18568K(18688K) NonClass: 16739K(16832K)->16739K(16832K) Class: 1828K(1856K)->1828K(1856K)
[225.695s][info][gc             ] GC(508) Pause Young (Normal) (G1 Evacuation Pause) 896M->636M(978M) 48.360ms
[225.695s][info][gc,cpu         ] GC(508) User=0.10s Sys=0.00s Real=0.05s
[226.336s][info][gc,marking     ] GC(506) Concurrent Mark From Roots 1759.567ms
[226.336s][info][gc,marking     ] GC(506) Concurrent Preclean
[226.336s][info][gc,marking     ] GC(506) Concurrent Preclean 0.044ms
[226.336s][info][gc,start       ] GC(506) Pause Remark
[226.344s][info][gc             ] GC(506) Pause Remark 810M->810M(978M) 7.706ms
[226.344s][info][gc,cpu         ] GC(506) User=0.02s Sys=0.00s Real=0.01s
[226.346s][info][gc,marking     ] GC(506) Concurrent Mark 1768.903ms
[226.346s][info][gc,marking     ] GC(506) Concurrent Rebuild Remembered Sets and Scrub Regions
[226.669s][info][gc,start       ] GC(509) Pause Young (Normal) (G1 Evacuation Pause)
[226.669s][info][gc,task        ] GC(509) Using 2 workers of 2 for evacuation
[226.726s][info][gc,phases      ] GC(509)   Pre Evacuate Collection Set: 0.30ms
[226.726s][info][gc,phases      ] GC(509)   Merge Heap Roots: 0.34ms
[226.726s][info][gc,phases      ] GC(509)   Evacuate Collection Set: 55.04ms
[226.726s][info][gc,phases      ] GC(509)   Post Evacuate Collection Set: 0.56ms
[226.726s][info][gc,phases      ] GC(509)   Other: 0.10ms
[226.726s][info][gc,heap        ] GC(509) Eden regions: 258->0(248)
[226.726s][info][gc,heap        ] GC(509) Survivor regions: 33->29(37)
[226.726s][info][gc,heap        ] GC(509) Old regions: 597->615
[226.726s][info][gc,heap        ] GC(509) Humongous regions: 7->7
[226.726s][info][gc,metaspace   ] GC(509) Metaspace: 18568K(18688K)->18568K(18688K) NonClass: 16740K(16832K)->16740K(16832K) Class: 1828K(1856K)->1828K(1856K)
[226.726s][info][gc             ] GC(509) Pause Young (Normal) (G1 Evacuation Pause) 894M->650M(978M) 56.611ms
[226.726s][info][gc,cpu         ] GC(509) User=0.11s Sys=0.00s Real=0.05s
[227.174s][info][gc,marking     ] GC(506) Concurrent Rebuild Remembered Sets and Scrub Regions 828.006ms
[227.174s][info][gc,start       ] GC(506) Pause Cleanup
[227.174s][info][gc             ] GC(506) Pause Cleanup 762M->762M(978M) 0.110ms
[227.174s][info][gc,cpu         ] GC(506) User=0.00s Sys=0.00s Real=0.00s
[227.175s][info][gc,marking     ] GC(506) Concurrent Clear Claimed Marks
[227.175s][info][gc,marking     ] GC(506) Concurrent Clear Claimed Marks 0.042ms
[227.175s][info][gc,marking     ] GC(506) Concurrent Cleanup for Next Mark
[227.180s][info][gc,marking     ] GC(506) Concurrent Cleanup for Next Mark 4.984ms
[227.180s][info][gc             ] GC(506) Concurrent Mark Cycle 2709.769ms
[227.518s][info][gc,start       ] GC(510) Pause Young (Prepare Mixed) (G1 Evacuation Pause)
[227.518s][info][gc,task        ] GC(510) Using 2 workers of 2 for evacuation
[227.552s][info][gc,phases      ] GC(510)   Pre Evacuate Collection Set: 0.59ms
[227.552s][info][gc,phases      ] GC(510)   Merge Heap Roots: 0.32ms
[227.552s][info][gc,phases      ] GC(510)   Evacuate Collection Set: 32.27ms
[227.552s][info][gc,phases      ] GC(510)   Post Evacuate Collection Set: 0.52ms
[227.552s][info][gc,phases      ] GC(510)   Other: 0.13ms
[227.552s][info][gc,heap        ] GC(510) Eden regions: 248->0(262)
[227.552s][info][gc,heap        ] GC(510) Survivor regions: 29->14(35)
[227.552s][info][gc,heap        ] GC(510) Old regions: 615->631
[227.552s][info][gc,heap        ] GC(510) Humongous regions: 7->7
[227.552s][info][gc,metaspace   ] GC(510) Metaspace: 18568K(18688K)->18568K(18688K) NonClass: 16740K(16832K)->16740K(16832K) Class: 1828K(1856K)->1828K(1856K)
[227.552s][info][gc             ] GC(510) Pause Young (Prepare Mixed) (G1 Evacuation Pause) 898M->650M(978M) 34.101ms
[227.552s][info][gc,cpu         ] GC(510) User=0.06s Sys=0.00s Real=0.04s
[228.181s][info][gc,start       ] GC(511) Pause Young (Mixed) (G1 Evacuation Pause)
[228.182s][info][gc,task        ] GC(511) Using 2 workers of 2 for evacuation
[228.248s][info][gc,phases      ] GC(511)   Pre Evacuate Collection Set: 0.34ms
[228.248s][info][gc,phases      ] GC(511)   Merge Heap Roots: 1.08ms
[228.248s][info][gc,phases      ] GC(511)   Evacuate Collection Set: 64.43ms
[228.248s][info][gc,phases      ] GC(511)   Post Evacuate Collection Set: 0.67ms
[228.248s][info][gc,phases      ] GC(511)   Other: 0.09ms
[228.248s][info][gc,heap        ] GC(511) Eden regions: 262->0(273)
[228.248s][info][gc,heap        ] GC(511) Survivor regions: 14->13(35)
[228.248s][info][gc,heap        ] GC(511) Old regions: 631->622
[228.248s][info][gc,heap        ] GC(511) Humongous regions: 7->7
[228.248s][info][gc,metaspace   ] GC(511) Metaspace: 18568K(18688K)->18568K(18688K) NonClass: 16740K(16832K)->16740K(16832K) Class: 1828K(1856K)->1828K(1856K)
[228.248s][info][gc             ] GC(511) Pause Young (Mixed) (G1 Evacuation Pause) 912M->641M(978M) 66.876ms
[228.248s][info][gc,cpu         ] GC(511) User=0.13s Sys=0.00s Real=0.07s
[228.820s][info][gc,start       ] GC(512) Pause Young (Concurrent Start) (G1 Evacuation Pause)
[228.820s][info][gc,task        ] GC(512) Using 2 workers of 2 for evacuation
[228.864s][info][gc,phases      ] GC(512)   Pre Evacuate Collection Set: 0.36ms
[228.864s][info][gc,phases      ] GC(512)   Merge Heap Roots: 0.17ms
[228.864s][info][gc,phases      ] GC(512)   Evacuate Collection Set: 42.28ms
[228.864s][info][gc,phases      ] GC(512)   Post Evacuate Collection Set: 0.65ms
[228.864s][info][gc,phases      ] GC(512)   Other: 0.12ms
[228.864s][info][gc,heap        ] GC(512) Eden regions: 273->0(220)
[228.864s][info][gc,heap        ] GC(512) Survivor regions: 13->36(36)
[228.864s][info][gc,heap        ] GC(512) Old regions: 622->629
[228.864s][info][gc,heap        ] GC(512) Humongous regions: 7->7
[228.864s][info][gc,metaspace   ] GC(512) Metaspace: 18568K(18688K)->18568K(18688K) NonClass: 16740K(16832K)->16740K(16832K) Class: 1828K(1856K)->1828K(1856K)
[228.864s][info][gc             ] GC(512) Pause Young (Concurrent Start) (G1 Evacuation Pause) 914M->671M(978M) 43.834ms
[228.864s][info][gc             ] GC(513) Concurrent Mark Cycle
[228.864s][info][gc,marking     ] GC(513) Concurrent Scan Root Regions
[228.865s][info][gc,cpu         ] GC(512) User=0.09s Sys=0.00s Real=0.04s
[228.918s][info][gc,marking     ] GC(513) Concurrent Scan Root Regions 54.078ms
[228.918s][info][gc,marking     ] GC(513) Concurrent Mark
[228.918s][info][gc,marking     ] GC(513) Concurrent Mark From Roots
[228.918s][info][gc,task        ] GC(513) Using 1 workers of 1 for marking
[229.356s][info][gc,start       ] GC(514) Pause Young (Normal) (G1 Evacuation Pause)
[229.356s][info][gc,task        ] GC(514) Using 2 workers of 2 for evacuation
[229.436s][info][gc,phases      ] GC(514)   Pre Evacuate Collection Set: 0.30ms
[229.436s][info][gc,phases      ] GC(514)   Merge Heap Roots: 0.26ms
[229.436s][info][gc,phases      ] GC(514)   Evacuate Collection Set: 78.61ms
[229.436s][info][gc,phases      ] GC(514)   Post Evacuate Collection Set: 0.57ms
[229.436s][info][gc,phases      ] GC(514)   Other: 0.11ms
[229.436s][info][gc,heap        ] GC(514) Eden regions: 220->0(178)
[229.436s][info][gc,heap        ] GC(514) Survivor regions: 36->32(32)
[229.436s][info][gc,heap        ] GC(514) Old regions: 629->679
[229.436s][info][gc,heap        ] GC(514) Humongous regions: 7->7
[229.436s][info][gc,metaspace   ] GC(514) Metaspace: 18568K(18688K)->18568K(18688K) NonClass: 16740K(16832K)->16740K(16832K) Class: 1828K(1856K)->1828K(1856K)
[229.436s][info][gc             ] GC(514) Pause Young (Normal) (G1 Evacuation Pause) 891M->717M(978M) 80.118ms
[229.436s][info][gc,cpu         ] GC(514) User=0.16s Sys=0.00s Real=0.08s
[229.918s][info][gc,start       ] GC(515) Pause Young (Normal) (G1 Evacuation Pause)
[229.918s][info][gc,task        ] GC(515) Using 2 workers of 2 for evacuation
[229.986s][info][gc,phases      ] GC(515)   Pre Evacuate Collection Set: 0.58ms
[229.987s][info][gc,phases      ] GC(515)   Merge Heap Roots: 0.37ms
[229.987s][info][gc,phases      ] GC(515)   Evacuate Collection Set: 66.59ms
[229.987s][info][gc,phases      ] GC(515)   Post Evacuate Collection Set: 0.55ms
[229.987s][info][gc,phases      ] GC(515)   Other: 0.09ms
[229.987s][info][gc,heap        ] GC(515) Eden regions: 178->0(162)
[229.987s][info][gc,heap        ] GC(515) Survivor regions: 32->22(27)
[229.987s][info][gc,heap        ] GC(515) Old regions: 679->712
[229.987s][info][gc,heap        ] GC(515) Humongous regions: 10->10
[229.987s][info][gc,metaspace   ] GC(515) Metaspace: 18569K(18688K)->18569K(18688K) NonClass: 16740K(16832K)->16740K(16832K) Class: 1828K(1856K)->1828K(1856K)
[229.987s][info][gc             ] GC(515) Pause Young (Normal) (G1 Evacuation Pause) 898M->743M(978M) 68.451ms
[229.987s][info][gc,cpu         ] GC(515) User=0.14s Sys=0.00s Real=0.06s
[230.443s][info][gc,start       ] GC(516) Pause Young (Normal) (G1 Evacuation Pause)
[230.443s][info][gc,task        ] GC(516) Using 2 workers of 2 for evacuation
[230.503s][info][gc,phases      ] GC(516)   Pre Evacuate Collection Set: 0.30ms
[230.503s][info][gc,phases      ] GC(516)   Merge Heap Roots: 0.33ms
[230.503s][info][gc,phases      ] GC(516)   Evacuate Collection Set: 58.51ms
[230.503s][info][gc,phases      ] GC(516)   Post Evacuate Collection Set: 0.47ms
[230.503s][info][gc,phases      ] GC(516)   Other: 0.11ms
[230.503s][info][gc,heap        ] GC(516) Eden regions: 162->0(143)
[230.503s][info][gc,heap        ] GC(516) Survivor regions: 22->21(23)
[230.503s][info][gc,heap        ] GC(516) Old regions: 712->733
[230.503s][info][gc,heap        ] GC(516) Humongous regions: 10->10
[230.503s][info][gc,metaspace   ] GC(516) Metaspace: 18569K(18688K)->18569K(18688K) NonClass: 16740K(16832K)->16740K(16832K) Class: 1828K(1856K)->1828K(1856K)
[230.503s][info][gc             ] GC(516) Pause Young (Normal) (G1 Evacuation Pause) 905M->763M(978M) 60.013ms
[230.503s][info][gc,cpu         ] GC(516) User=0.12s Sys=0.00s Real=0.06s
[230.697s][info][gc,marking     ] GC(513) Concurrent Mark From Roots 1778.243ms
[230.697s][info][gc,marking     ] GC(513) Concurrent Preclean
[230.697s][info][gc,marking     ] GC(513) Concurrent Preclean 0.045ms
[230.697s][info][gc,start       ] GC(513) Pause Remark
[230.704s][info][gc             ] GC(513) Pause Remark 904M->845M(978M) 7.420ms
[230.704s][info][gc,cpu         ] GC(513) User=0.01s Sys=0.00s Real=0.01s
[230.705s][info][gc,marking     ] GC(513) Concurrent Mark 1787.066ms
[230.705s][info][gc,marking     ] GC(513) Concurrent Rebuild Remembered Sets and Scrub Regions
[230.707s][info][gc,start       ] GC(517) Pause Young (Normal) (G1 Evacuation Pause)
[230.707s][info][gc,task        ] GC(517) Using 2 workers of 2 for evacuation
[230.771s][info][gc,phases      ] GC(517)   Pre Evacuate Collection Set: 0.45ms
[230.772s][info][gc,phases      ] GC(517)   Merge Heap Roots: 0.08ms
[230.772s][info][gc,phases      ] GC(517)   Evacuate Collection Set: 62.81ms
[230.772s][info][gc,phases      ] GC(517)   Post Evacuate Collection Set: 0.61ms
[230.772s][info][gc,phases      ] GC(517)   Other: 0.08ms
[230.772s][info][gc,heap        ] GC(517) Eden regions: 143->0(135)
[230.772s][info][gc,heap        ] GC(517) Survivor regions: 21->21(21)
[230.772s][info][gc,heap        ] GC(517) Old regions: 675->726
[230.772s][info][gc,heap        ] GC(517) Humongous regions: 9->9
[230.772s][info][gc,metaspace   ] GC(517) Metaspace: 18569K(18688K)->18569K(18688K) NonClass: 16741K(16832K)->16741K(16832K) Class: 1828K(1856K)->1828K(1856K)
[230.772s][info][gc             ] GC(517) Pause Young (Normal) (G1 Evacuation Pause) 847M->755M(978M) 64.231ms
[230.772s][info][gc,cpu         ] GC(517) User=0.12s Sys=0.00s Real=0.07s
[231.037s][info][gc,start       ] GC(518) Pause Young (Normal) (G1 Evacuation Pause)
[231.038s][info][gc,task        ] GC(518) Using 2 workers of 2 for evacuation
[231.075s][info][gc,phases      ] GC(518)   Pre Evacuate Collection Set: 0.31ms
[231.075s][info][gc,phases      ] GC(518)   Merge Heap Roots: 0.40ms
[231.075s][info][gc,phases      ] GC(518)   Evacuate Collection Set: 35.90ms
[231.075s][info][gc,phases      ] GC(518)   Post Evacuate Collection Set: 0.41ms
[231.075s][info][gc,phases      ] GC(518)   Other: 0.12ms
[231.075s][info][gc,heap        ] GC(518) Eden regions: 135->0(137)
[231.075s][info][gc,heap        ] GC(518) Survivor regions: 21->10(20)
[231.075s][info][gc,heap        ] GC(518) Old regions: 726->747
[231.075s][info][gc,heap        ] GC(518) Humongous regions: 9->9
[231.075s][info][gc,metaspace   ] GC(518) Metaspace: 18570K(18688K)->18570K(18688K) NonClass: 16741K(16832K)->16741K(16832K) Class: 1828K(1856K)->1828K(1856K)
[231.075s][info][gc             ] GC(518) Pause Young (Normal) (G1 Evacuation Pause) 890M->765M(978M) 37.405ms
[231.075s][info][gc,cpu         ] GC(518) User=0.07s Sys=0.00s Real=0.04s
[231.352s][info][gc,start       ] GC(519) Pause Young (Normal) (G1 Evacuation Pause)
[231.352s][info][gc,task        ] GC(519) Using 2 workers of 2 for evacuation
[231.363s][info][gc,phases      ] GC(519)   Pre Evacuate Collection Set: 0.28ms
[231.363s][info][gc,phases      ] GC(519)   Merge Heap Roots: 0.15ms
[231.363s][info][gc,phases      ] GC(519)   Evacuate Collection Set: 9.50ms
[231.363s][info][gc,phases      ] GC(519)   Post Evacuate Collection Set: 0.43ms
[231.363s][info][gc,phases      ] GC(519)   Other: 0.14ms
[231.363s][info][gc,heap        ] GC(519) Eden regions: 137->0(148)
[231.363s][info][gc,heap        ] GC(519) Survivor regions: 10->10(19)
[231.363s][info][gc,heap        ] GC(519) Old regions: 747->747
[231.363s][info][gc,heap        ] GC(519) Humongous regions: 9->9
[231.363s][info][gc,metaspace   ] GC(519) Metaspace: 18570K(18688K)->18570K(18688K) NonClass: 16741K(16832K)->16741K(16832K) Class: 1828K(1856K)->1828K(1856K)
[231.363s][info][gc             ] GC(519) Pause Young (Normal) (G1 Evacuation Pause) 902M->765M(978M) 10.770ms
[231.363s][info][gc,cpu         ] GC(519) User=0.02s Sys=0.00s Real=0.01s
[231.517s][info][gc,marking     ] GC(513) Concurrent Rebuild Remembered Sets and Scrub Regions 811.906ms
[231.518s][info][gc,start       ] GC(513) Pause Cleanup
[231.518s][info][gc             ] GC(513) Pause Cleanup 857M->857M(978M) 0.130ms
[231.518s][info][gc,cpu         ] GC(513) User=0.00s Sys=0.00s Real=0.00s
[231.518s][info][gc,marking     ] GC(513) Concurrent Clear Claimed Marks
[231.518s][info][gc,marking     ] GC(513) Concurrent Clear Claimed Marks 0.028ms
[231.518s][info][gc,marking     ] GC(513) Concurrent Cleanup for Next Mark
[231.521s][info][gc,marking     ] GC(513) Concurrent Cleanup for Next Mark 2.888ms
[231.521s][info][gc             ] GC(513) Concurrent Mark Cycle 2656.514ms
[231.585s][info][gc,start       ] GC(520) Pause Young (Prepare Mixed) (G1 Evacuation Pause)
[231.585s][info][gc,task        ] GC(520) Using 2 workers of 2 for evacuation
[231.596s][info][gc,phases      ] GC(520)   Pre Evacuate Collection Set: 0.28ms
[231.596s][info][gc,phases      ] GC(520)   Merge Heap Roots: 0.12ms
[231.596s][info][gc,phases      ] GC(520)   Evacuate Collection Set: 10.03ms
[231.596s][info][gc,phases      ] GC(520)   Post Evacuate Collection Set: 0.43ms
[231.596s][info][gc,phases      ] GC(520)   Other: 0.12ms
[231.596s][info][gc,heap        ] GC(520) Eden regions: 148->0(152)
[231.596s][info][gc,heap        ] GC(520) Survivor regions: 10->10(20)
[231.596s][info][gc,heap        ] GC(520) Old regions: 747->747
[231.596s][info][gc,heap        ] GC(520) Humongous regions: 9->9
[231.596s][info][gc,metaspace   ] GC(520) Metaspace: 18570K(18688K)->18570K(18688K) NonClass: 16741K(16832K)->16741K(16832K) Class: 1828K(1856K)->1828K(1856K)
[231.596s][info][gc             ] GC(520) Pause Young (Prepare Mixed) (G1 Evacuation Pause) 913M->765M(978M) 11.217ms
[231.596s][info][gc,cpu         ] GC(520) User=0.03s Sys=0.00s Real=0.01s
[231.776s][info][gc,start       ] GC(521) Pause Young (Mixed) (G1 Evacuation Pause)
[231.776s][info][gc,task        ] GC(521) Using 2 workers of 2 for evacuation
[231.790s][info][gc,phases      ] GC(521)   Pre Evacuate Collection Set: 0.34ms
[231.791s][info][gc,phases      ] GC(521)   Merge Heap Roots: 0.19ms
[231.791s][info][gc,phases      ] GC(521)   Evacuate Collection Set: 13.51ms
[231.791s][info][gc,phases      ] GC(521)   Post Evacuate Collection Set: 0.51ms
[231.791s][info][gc,phases      ] GC(521)   Other: 0.09ms
[231.791s][info][gc,heap        ] GC(521) Eden regions: 152->0(172)
[231.791s][info][gc,heap        ] GC(521) Survivor regions: 10->10(21)
[231.791s][info][gc,heap        ] GC(521) Old regions: 747->727
[231.791s][info][gc,heap        ] GC(521) Humongous regions: 9->9
[231.791s][info][gc,metaspace   ] GC(521) Metaspace: 18570K(18688K)->18570K(18688K) NonClass: 16741K(16832K)->16741K(16832K) Class: 1828K(1856K)->1828K(1856K)
[231.791s][info][gc             ] GC(521) Pause Young (Mixed) (G1 Evacuation Pause) 917M->744M(978M) 14.967ms
[231.791s][info][gc,cpu         ] GC(521) User=0.03s Sys=0.00s Real=0.02s
[232.030s][info][gc,start       ] GC(522) Pause Young (Concurrent Start) (G1 Evacuation Pause)
[232.031s][info][gc,task        ] GC(522) Using 2 workers of 2 for evacuation
[232.043s][info][gc,phases      ] GC(522)   Pre Evacuate Collection Set: 0.30ms
[232.043s][info][gc,phases      ] GC(522)   Merge Heap Roots: 0.14ms
[232.043s][info][gc,phases      ] GC(522)   Evacuate Collection Set: 10.94ms
[232.043s][info][gc,phases      ] GC(522)   Post Evacuate Collection Set: 0.51ms
[232.043s][info][gc,phases      ] GC(522)   Other: 0.11ms
[232.043s][info][gc,heap        ] GC(522) Eden regions: 172->0(172)
[232.043s][info][gc,heap        ] GC(522) Survivor regions: 10->10(23)
[232.043s][info][gc,heap        ] GC(522) Old regions: 727->727
[232.043s][info][gc,heap        ] GC(522) Humongous regions: 9->9
[232.043s][info][gc,metaspace   ] GC(522) Metaspace: 18570K(18688K)->18570K(18688K) NonClass: 16741K(16832K)->16741K(16832K) Class: 1828K(1856K)->1828K(1856K)
[232.043s][info][gc             ] GC(522) Pause Young (Concurrent Start) (G1 Evacuation Pause) 916M->745M(978M) 12.276ms
[232.043s][info][gc,cpu         ] GC(522) User=0.03s Sys=0.00s Real=0.01s
[232.043s][info][gc             ] GC(523) Concurrent Mark Cycle
[232.043s][info][gc,marking     ] GC(523) Concurrent Scan Root Regions
[232.051s][info][gc,marking     ] GC(523) Concurrent Scan Root Regions 7.956ms
[232.051s][info][gc,marking     ] GC(523) Concurrent Mark
[232.051s][info][gc,marking     ] GC(523) Concurrent Mark From Roots
[232.051s][info][gc,task        ] GC(523) Using 1 workers of 1 for marking
[232.438s][info][gc,start       ] GC(524) Pause Young (Normal) (G1 Evacuation Pause)
[232.438s][info][gc,task        ] GC(524) Using 2 workers of 2 for evacuation
[232.451s][info][gc,phases      ] GC(524)   Pre Evacuate Collection Set: 0.32ms
[232.451s][info][gc,phases      ] GC(524)   Merge Heap Roots: 0.15ms
[232.451s][info][gc,phases      ] GC(524)   Evacuate Collection Set: 11.59ms
[232.451s][info][gc,phases      ] GC(524)   Post Evacuate Collection Set: 0.45ms
[232.451s][info][gc,phases      ] GC(524)   Other: 0.09ms
[232.451s][info][gc,heap        ] GC(524) Eden regions: 172->0(172)
[232.451s][info][gc,heap        ] GC(524) Survivor regions: 10->10(23)
[232.451s][info][gc,heap        ] GC(524) Old regions: 727->727
[232.451s][info][gc,heap        ] GC(524) Humongous regions: 9->9
[232.451s][info][gc,metaspace   ] GC(524) Metaspace: 18570K(18688K)->18570K(18688K) NonClass: 16741K(16832K)->16741K(16832K) Class: 1828K(1856K)->1828K(1856K)
[232.451s][info][gc             ] GC(524) Pause Young (Normal) (G1 Evacuation Pause) 917M->745M(978M) 12.877ms
[232.451s][info][gc,cpu         ] GC(524) User=0.03s Sys=0.00s Real=0.01s
[232.938s][info][gc,start       ] GC(525) Pause Young (Normal) (G1 Evacuation Pause)
[232.938s][info][gc,task        ] GC(525) Using 2 workers of 2 for evacuation
[232.961s][info][gc,phases      ] GC(525)   Pre Evacuate Collection Set: 0.52ms
[232.961s][info][gc,phases      ] GC(525)   Merge Heap Roots: 0.30ms
[232.961s][info][gc,phases      ] GC(525)   Evacuate Collection Set: 21.17ms
[232.961s][info][gc,phases      ] GC(525)   Post Evacuate Collection Set: 0.50ms
[232.961s][info][gc,phases      ] GC(525)   Other: 0.09ms
[232.961s][info][gc,heap        ] GC(525) Eden regions: 172->0(164)
[232.961s][info][gc,heap        ] GC(525) Survivor regions: 10->14(23)
[232.961s][info][gc,heap        ] GC(525) Old regions: 727->727
[232.961s][info][gc,heap        ] GC(525) Humongous regions: 9->9
[232.961s][info][gc,metaspace   ] GC(525) Metaspace: 18573K(18752K)->18573K(18752K) NonClass: 16744K(16896K)->16744K(16896K) Class: 1828K(1856K)->1828K(1856K)
[232.961s][info][gc             ] GC(525) Pause Young (Normal) (G1 Evacuation Pause) 917M->748M(978M) 22.883ms
[232.961s][info][gc,cpu         ] GC(525) User=0.05s Sys=0.01s Real=0.02s
[232.998s][info][gc,marking     ] GC(523) Concurrent Mark From Roots 947.197ms
[232.998s][info][gc,marking     ] GC(523) Concurrent Preclean
[232.998s][info][gc,marking     ] GC(523) Concurrent Preclean 0.038ms
[232.998s][info][gc,start       ] GC(523) Pause Remark
[233.006s][info][gc             ] GC(523) Pause Remark 761M->506M(978M) 7.796ms
[233.006s][info][gc,cpu         ] GC(523) User=0.01s Sys=0.00s Real=0.00s
[233.007s][info][gc,marking     ] GC(523) Concurrent Mark 956.394ms
[233.007s][info][gc,marking     ] GC(523) Concurrent Rebuild Remembered Sets and Scrub Regions
[233.352s][info][gc,marking     ] GC(523) Concurrent Rebuild Remembered Sets and Scrub Regions 344.356ms
[233.352s][info][gc,start       ] GC(523) Pause Cleanup
[233.352s][info][gc             ] GC(523) Pause Cleanup 659M->659M(978M) 0.140ms
[233.352s][info][gc,cpu         ] GC(523) User=0.00s Sys=0.00s Real=0.00s
[233.352s][info][gc,marking     ] GC(523) Concurrent Clear Claimed Marks
[233.353s][info][gc,marking     ] GC(523) Concurrent Clear Claimed Marks 0.035ms
[233.353s][info][gc,marking     ] GC(523) Concurrent Cleanup for Next Mark
[233.354s][info][gc,start       ] GC(526) Pause Young (Prepare Mixed) (G1 Evacuation Pause)
[233.354s][info][gc,task        ] GC(526) Using 2 workers of 2 for evacuation
[233.403s][info][gc,phases      ] GC(526)   Pre Evacuate Collection Set: 0.27ms
[233.403s][info][gc,phases      ] GC(526)   Merge Heap Roots: 0.56ms
[233.403s][info][gc,phases      ] GC(526)   Evacuate Collection Set: 47.92ms
[233.403s][info][gc,phases      ] GC(526)   Post Evacuate Collection Set: 0.55ms
[233.403s][info][gc,phases      ] GC(526)   Other: 0.10ms
[233.403s][info][gc,heap        ] GC(526) Eden regions: 164->0(393)
[233.403s][info][gc,heap        ] GC(526) Survivor regions: 14->21(23)
[233.403s][info][gc,heap        ] GC(526) Old regions: 477->486
[233.403s][info][gc,heap        ] GC(526) Humongous regions: 7->7
[233.403s][info][gc,metaspace   ] GC(526) Metaspace: 18573K(18752K)->18573K(18752K) NonClass: 16744K(16896K)->16744K(16896K) Class: 1828K(1856K)->1828K(1856K)
[233.404s][info][gc             ] GC(526) Pause Young (Prepare Mixed) (G1 Evacuation Pause) 660M->513M(978M) 49.607ms
[233.404s][info][gc,cpu         ] GC(526) User=0.10s Sys=0.00s Real=0.05s
[233.407s][info][gc,marking     ] GC(523) Concurrent Cleanup for Next Mark 54.309ms
[233.407s][info][gc             ] GC(523) Concurrent Mark Cycle 1364.055ms
[233.966s][info][gc,start       ] GC(527) Pause Young (Mixed) (G1 Evacuation Pause)
[233.966s][info][gc,task        ] GC(527) Using 2 workers of 2 for evacuation
[234.025s][info][gc,phases      ] GC(527)   Pre Evacuate Collection Set: 0.56ms
[234.025s][info][gc,phases      ] GC(527)   Merge Heap Roots: 0.58ms
[234.025s][info][gc,phases      ] GC(527)   Evacuate Collection Set: 57.31ms
[234.025s][info][gc,phases      ] GC(527)   Post Evacuate Collection Set: 0.84ms
[234.025s][info][gc,phases      ] GC(527)   Other: 0.12ms
[234.025s][info][gc,heap        ] GC(527) Eden regions: 393->0(472)
[234.025s][info][gc,heap        ] GC(527) Survivor regions: 21->21(52)
[234.025s][info][gc,heap        ] GC(527) Old regions: 486->407
[234.025s][info][gc,heap        ] GC(527) Humongous regions: 7->7
[234.025s][info][gc,metaspace   ] GC(527) Metaspace: 18573K(18752K)->18573K(18752K) NonClass: 16744K(16896K)->16744K(16896K) Class: 1828K(1856K)->1828K(1856K)
[234.026s][info][gc             ] GC(527) Pause Young (Mixed) (G1 Evacuation Pause) 906M->434M(978M) 59.661ms
[234.026s][info][gc,cpu         ] GC(527) User=0.12s Sys=0.00s Real=0.06s
[234.478s][info][gc,start       ] GC(528) Pause Young (Concurrent Start) (G1 Evacuation Pause)
[234.478s][info][gc,task        ] GC(528) Using 2 workers of 2 for evacuation
[234.570s][info][gc,phases      ] GC(528)   Pre Evacuate Collection Set: 0.50ms
[234.570s][info][gc,phases      ] GC(528)   Merge Heap Roots: 0.49ms
[234.570s][info][gc,phases      ] GC(528)   Evacuate Collection Set: 89.78ms
[234.570s][info][gc,phases      ] GC(528)   Post Evacuate Collection Set: 1.29ms
[234.570s][info][gc,phases      ] GC(528)   Other: 0.17ms
[234.570s][info][gc,heap        ] GC(528) Eden regions: 472->0(394)
[234.570s][info][gc,heap        ] GC(528) Survivor regions: 21->60(62)
[234.570s][info][gc,heap        ] GC(528) Old regions: 407->407
[234.570s][info][gc,heap        ] GC(528) Humongous regions: 7->7
[234.570s][info][gc,metaspace   ] GC(528) Metaspace: 18573K(18752K)->18573K(18752K) NonClass: 16744K(16896K)->16744K(16896K) Class: 1828K(1856K)->1828K(1856K)
[234.570s][info][gc             ] GC(528) Pause Young (Concurrent Start) (G1 Evacuation Pause) 906M->473M(978M) 92.529ms
[234.570s][info][gc,cpu         ] GC(528) User=0.18s Sys=0.00s Real=0.10s
[234.570s][info][gc             ] GC(529) Concurrent Mark Cycle
[234.570s][info][gc,marking     ] GC(529) Concurrent Scan Root Regions
[234.699s][info][gc,marking     ] GC(529) Concurrent Scan Root Regions 128.953ms
[234.699s][info][gc,marking     ] GC(529) Concurrent Mark
[234.699s][info][gc,marking     ] GC(529) Concurrent Mark From Roots
[234.699s][info][gc,task        ] GC(529) Using 1 workers of 1 for marking
[235.173s][info][gc,marking     ] GC(529) Concurrent Mark From Roots 473.361ms
[235.173s][info][gc,marking     ] GC(529) Concurrent Preclean
[235.173s][info][gc,marking     ] GC(529) Concurrent Preclean 0.040ms
[235.173s][info][gc,start       ] GC(529) Pause Remark
[235.181s][info][gc             ] GC(529) Pause Remark 766M->660M(978M) 8.052ms
[235.181s][info][gc,cpu         ] GC(529) User=0.01s Sys=0.00s Real=0.01s
[235.181s][info][gc,marking     ] GC(529) Concurrent Mark 481.801ms
[235.181s][info][gc,marking     ] GC(529) Concurrent Rebuild Remembered Sets and Scrub Regions
[235.350s][info][gc,start       ] GC(530) Pause Young (Normal) (G1 Evacuation Pause)
[235.351s][info][gc,task        ] GC(530) Using 2 workers of 2 for evacuation
[235.456s][info][gc,phases      ] GC(530)   Pre Evacuate Collection Set: 0.43ms
[235.456s][info][gc,phases      ] GC(530)   Merge Heap Roots: 0.72ms
[235.456s][info][gc,phases      ] GC(530)   Evacuate Collection Set: 103.53ms
[235.456s][info][gc,phases      ] GC(530)   Post Evacuate Collection Set: 0.65ms
[235.456s][info][gc,phases      ] GC(530)   Other: 0.09ms
[235.456s][info][gc,heap        ] GC(530) Eden regions: 394->0(492)
[235.456s][info][gc,heap        ] GC(530) Survivor regions: 60->13(57)
[235.456s][info][gc,heap        ] GC(530) Old regions: 304->364
[235.456s][info][gc,heap        ] GC(530) Humongous regions: 4->4
[235.456s][info][gc,metaspace   ] GC(530) Metaspace: 18573K(18752K)->18573K(18752K) NonClass: 16744K(16896K)->16744K(16896K) Class: 1828K(1856K)->1828K(1856K)
[235.456s][info][gc             ] GC(530) Pause Young (Normal) (G1 Evacuation Pause) 761M->380M(978M) 105.694ms
[235.456s][info][gc,cpu         ] GC(530) User=0.20s Sys=0.00s Real=0.10s
[235.518s][info][gc,marking     ] GC(529) Concurrent Rebuild Remembered Sets and Scrub Regions 336.923ms
[235.518s][info][gc,start       ] GC(529) Pause Cleanup
[235.518s][info][gc             ] GC(529) Pause Cleanup 411M->411M(978M) 0.127ms
[235.519s][info][gc,cpu         ] GC(529) User=0.00s Sys=0.00s Real=0.00s
[235.519s][info][gc,marking     ] GC(529) Concurrent Clear Claimed Marks
[235.519s][info][gc,marking     ] GC(529) Concurrent Clear Claimed Marks 0.042ms
[235.519s][info][gc,marking     ] GC(529) Concurrent Cleanup for Next Mark
[235.526s][info][gc,marking     ] GC(529) Concurrent Cleanup for Next Mark 6.775ms
[235.526s][info][gc             ] GC(529) Concurrent Mark Cycle 955.927ms
[236.039s][info][gc,start       ] GC(531) Pause Young (Prepare Mixed) (G1 Evacuation Pause)
[236.039s][info][gc,task        ] GC(531) Using 2 workers of 2 for evacuation
[236.134s][info][gc,phases      ] GC(531)   Pre Evacuate Collection Set: 0.51ms
[236.134s][info][gc,phases      ] GC(531)   Merge Heap Roots: 0.58ms
[236.134s][info][gc,phases      ] GC(531)   Evacuate Collection Set: 93.40ms
[236.134s][info][gc,phases      ] GC(531)   Post Evacuate Collection Set: 0.82ms
[236.134s][info][gc,phases      ] GC(531)   Other: 0.14ms
[236.134s][info][gc,heap        ] GC(531) Eden regions: 492->0(424)
[236.134s][info][gc,heap        ] GC(531) Survivor regions: 13->64(64)
[236.134s][info][gc,heap        ] GC(531) Old regions: 364->372
[236.134s][info][gc,heap        ] GC(531) Humongous regions: 4->4
[236.134s][info][gc,metaspace   ] GC(531) Metaspace: 18575K(18752K)->18575K(18752K) NonClass: 16746K(16896K)->16746K(16896K) Class: 1828K(1856K)->1828K(1856K)
[236.134s][info][gc             ] GC(531) Pause Young (Prepare Mixed) (G1 Evacuation Pause) 872M->439M(978M) 95.740ms
[236.135s][info][gc,cpu         ] GC(531) User=0.19s Sys=0.00s Real=0.09s
[236.584s][info][gc,start       ] GC(532) Pause Young (Mixed) (G1 Evacuation Pause)
[236.584s][info][gc,task        ] GC(532) Using 2 workers of 2 for evacuation
[236.666s][info][gc,phases      ] GC(532)   Pre Evacuate Collection Set: 0.56ms
[236.666s][info][gc,phases      ] GC(532)   Merge Heap Roots: 0.38ms
[236.666s][info][gc,phases      ] GC(532)   Evacuate Collection Set: 80.31ms
[236.666s][info][gc,phases      ] GC(532)   Post Evacuate Collection Set: 0.75ms
[236.666s][info][gc,phases      ] GC(532)   Other: 0.12ms
[236.666s][info][gc,heap        ] GC(532) Eden regions: 424->0(477)
[236.666s][info][gc,heap        ] GC(532) Survivor regions: 64->7(61)
[236.666s][info][gc,heap        ] GC(532) Old regions: 372->379
[236.666s][info][gc,heap        ] GC(532) Humongous regions: 4->4
[236.666s][info][gc,metaspace   ] GC(532) Metaspace: 18577K(18752K)->18577K(18752K) NonClass: 16748K(16896K)->16748K(16896K) Class: 1828K(1856K)->1828K(1856K)
[236.666s][info][gc             ] GC(532) Pause Young (Mixed) (G1 Evacuation Pause) 863M->389M(978M) 82.361ms
[236.666s][info][gc,cpu         ] GC(532) User=0.17s Sys=0.00s Real=0.08s
[237.697s][info][gc,start       ] GC(533) Pause Young (Concurrent Start) (G1 Evacuation Pause)
[237.697s][info][gc,task        ] GC(533) Using 2 workers of 2 for evacuation
[237.729s][info][gc,phases      ] GC(533)   Pre Evacuate Collection Set: 0.27ms
[237.729s][info][gc,phases      ] GC(533)   Merge Heap Roots: 0.28ms
[237.729s][info][gc,phases      ] GC(533)   Evacuate Collection Set: 29.99ms
[237.729s][info][gc,phases      ] GC(533)   Post Evacuate Collection Set: 0.74ms
[237.729s][info][gc,phases      ] GC(533)   Other: 0.17ms
[237.729s][info][gc,heap        ] GC(533) Eden regions: 477->0(474)
[237.729s][info][gc,heap        ] GC(533) Survivor regions: 7->24(61)
[237.729s][info][gc,heap        ] GC(533) Old regions: 379->379
[237.729s][info][gc,heap        ] GC(533) Humongous regions: 4->4
[237.729s][info][gc,metaspace   ] GC(533) Metaspace: 18577K(18752K)->18577K(18752K) NonClass: 16748K(16896K)->16748K(16896K) Class: 1828K(1856K)->1828K(1856K)
[237.729s][info][gc             ] GC(533) Pause Young (Concurrent Start) (G1 Evacuation Pause) 866M->405M(978M) 31.731ms
[237.729s][info][gc,cpu         ] GC(533) User=0.06s Sys=0.00s Real=0.04s
[237.729s][info][gc             ] GC(534) Concurrent Mark Cycle
[237.729s][info][gc,marking     ] GC(534) Concurrent Scan Root Regions
[237.774s][info][gc,marking     ] GC(534) Concurrent Scan Root Regions 45.059ms
[237.774s][info][gc,marking     ] GC(534) Concurrent Mark
[237.774s][info][gc,marking     ] GC(534) Concurrent Mark From Roots
[237.774s][info][gc,task        ] GC(534) Using 1 workers of 1 for marking
[238.836s][info][gc,marking     ] GC(534) Concurrent Mark From Roots 1062.406ms
[238.837s][info][gc,marking     ] GC(534) Concurrent Preclean
[238.837s][info][gc,marking     ] GC(534) Concurrent Preclean 0.040ms
[238.837s][info][gc,start       ] GC(534) Pause Remark
[238.844s][info][gc             ] GC(534) Pause Remark 708M->708M(978M) 7.626ms
[238.844s][info][gc,cpu         ] GC(534) User=0.02s Sys=0.00s Real=0.01s
[238.844s][info][gc,marking     ] GC(534) Concurrent Mark 1070.406ms
[238.844s][info][gc,marking     ] GC(534) Concurrent Rebuild Remembered Sets and Scrub Regions
[239.141s][info][gc,marking     ] GC(534) Concurrent Rebuild Remembered Sets and Scrub Regions 296.540ms
[239.141s][info][gc,start       ] GC(534) Pause Cleanup
[239.141s][info][gc             ] GC(534) Pause Cleanup 764M->764M(978M) 0.100ms
[239.141s][info][gc,cpu         ] GC(534) User=0.00s Sys=0.00s Real=0.00s
[239.141s][info][gc,marking     ] GC(534) Concurrent Clear Claimed Marks
[239.141s][info][gc,marking     ] GC(534) Concurrent Clear Claimed Marks 0.029ms
[239.141s][info][gc,marking     ] GC(534) Concurrent Cleanup for Next Mark
[239.144s][info][gc,marking     ] GC(534) Concurrent Cleanup for Next Mark 2.961ms
[239.144s][info][gc             ] GC(534) Concurrent Mark Cycle 1415.586ms
[239.334s][info][gc,start       ] GC(535) Pause Young (Prepare Mixed) (G1 Evacuation Pause)
[239.334s][info][gc,task        ] GC(535) Using 2 workers of 2 for evacuation
[239.382s][info][gc,phases      ] GC(535)   Pre Evacuate Collection Set: 0.28ms
[239.382s][info][gc,phases      ] GC(535)   Merge Heap Roots: 0.39ms
[239.382s][info][gc,phases      ] GC(535)   Evacuate Collection Set: 46.20ms
[239.382s][info][gc,phases      ] GC(535)   Post Evacuate Collection Set: 0.76ms
[239.382s][info][gc,phases      ] GC(535)   Other: 0.09ms
[239.382s][info][gc,heap        ] GC(535) Eden regions: 474->0(463)
[239.382s][info][gc,heap        ] GC(535) Survivor regions: 24->41(63)
[239.382s][info][gc,heap        ] GC(535) Old regions: 379->379
[239.382s][info][gc,heap        ] GC(535) Humongous regions: 4->4
[239.382s][info][gc,metaspace   ] GC(535) Metaspace: 18584K(18752K)->18584K(18752K) NonClass: 16756K(16896K)->16756K(16896K) Class: 1828K(1856K)->1828K(1856K)
[239.382s][info][gc             ] GC(535) Pause Young (Prepare Mixed) (G1 Evacuation Pause) 879M->423M(978M) 47.938ms
[239.382s][info][gc,cpu         ] GC(535) User=0.09s Sys=0.00s Real=0.05s
[239.700s][info][gc,start       ] GC(536) Pause Young (Mixed) (G1 Evacuation Pause)
[239.700s][info][gc,task        ] GC(536) Using 2 workers of 2 for evacuation
[239.996s][info][gc,mmu         ] GC(536) MMU target violated: 201.0ms (200.0ms/201.0ms)
[239.996s][info][gc,phases      ] GC(536)   Pre Evacuate Collection Set: 0.32ms
[239.996s][info][gc,phases      ] GC(536)   Merge Heap Roots: 0.72ms
[239.996s][info][gc,phases      ] GC(536)   Evacuate Collection Set: 252.91ms
[239.996s][info][gc,phases      ] GC(536)   Post Evacuate Collection Set: 41.96ms
[239.996s][info][gc,phases      ] GC(536)   Other: 0.17ms
[239.996s][info][gc,heap        ] GC(536) Eden regions: 463->0(0)
[239.996s][info][gc,heap        ] GC(536) Survivor regions: 41->63(63)
[239.996s][info][gc,heap        ] GC(536) Old regions: 379->799
[239.996s][info][gc,heap        ] GC(536) Humongous regions: 4->4
[239.996s][info][gc,metaspace   ] GC(536) Metaspace: 18584K(18752K)->18584K(18752K) NonClass: 16756K(16896K)->16756K(16896K) Class: 1828K(1856K)->1828K(1856K)
[239.996s][info][gc             ] GC(536) Pause Young (Mixed) (G1 Evacuation Pause) (Evacuation Failure: Allocation) 886M->865M(978M) 296.283ms
[239.996s][info][gc,cpu         ] GC(536) User=0.59s Sys=0.00s Real=0.29s
[239.996s][info][gc,ergo        ] Attempting full compaction
[239.996s][info][gc,start       ] GC(537) Pause Full (G1 Compaction Pause)
[239.996s][info][gc,task        ] GC(537) Using 2 workers of 2 for full compaction
[239.997s][info][gc,phases,start] GC(537) Phase 1: Mark live objects
[240.434s][info][gc,phases      ] GC(537) Phase 1: Mark live objects 437.625ms
[240.434s][info][gc,phases,start] GC(537) Phase 2: Prepare compaction
[240.471s][info][gc,phases      ] GC(537) Phase 2: Prepare compaction 36.680ms
[240.471s][info][gc,phases,start] GC(537) Phase 3: Adjust pointers
[240.658s][info][gc,phases      ] GC(537) Phase 3: Adjust pointers 187.321ms
[240.659s][info][gc,phases,start] GC(537) Phase 4: Compact heap
[240.707s][info][gc,phases      ] GC(537) Phase 4: Compact heap 48.425ms
[240.707s][info][gc,phases,start] GC(537) Phase 5: Reset Metadata
[240.781s][info][gc,phases      ] GC(537) Phase 5: Reset Metadata 73.524ms
[240.789s][info][gc,heap        ] GC(537) Eden regions: 0->0(317)
[240.789s][info][gc,heap        ] GC(537) Survivor regions: 63->0(63)
[240.789s][info][gc,heap        ] GC(537) Old regions: 799->555
[240.789s][info][gc,heap        ] GC(537) Humongous regions: 4->4
[240.789s][info][gc,metaspace   ] GC(537) Metaspace: 18584K(18752K)->18584K(18752K) NonClass: 16756K(16896K)->16756K(16896K) Class: 1828K(1856K)->1828K(1856K)
[240.789s][info][gc             ] GC(537) Pause Full (G1 Compaction Pause) 865M->558M(978M) 792.921ms
[240.789s][info][gc,cpu         ] GC(537) User=1.55s Sys=0.01s Real=0.80s
[240.987s][info][gc,start       ] GC(538) Pause Young (Concurrent Start) (G1 Humongous Allocation)
[240.988s][info][gc,task        ] GC(538) Using 2 workers of 2 for evacuation
[241.019s][info][gc,phases      ] GC(538)   Pre Evacuate Collection Set: 0.45ms
[241.020s][info][gc,phases      ] GC(538)   Merge Heap Roots: 0.68ms
[241.020s][info][gc,phases      ] GC(538)   Evacuate Collection Set: 29.98ms
[241.020s][info][gc,phases      ] GC(538)   Post Evacuate Collection Set: 0.59ms
[241.020s][info][gc,phases      ] GC(538)   Other: 0.22ms
[241.020s][info][gc,heap        ] GC(538) Eden regions: 84->0(269)
[241.020s][info][gc,heap        ] GC(538) Survivor regions: 0->11(40)
[241.020s][info][gc,heap        ] GC(538) Old regions: 555->555
[241.020s][info][gc,heap        ] GC(538) Humongous regions: 4->4
[241.020s][info][gc,metaspace   ] GC(538) Metaspace: 18585K(18752K)->18585K(18752K) NonClass: 16757K(16896K)->16757K(16896K) Class: 1828K(1856K)->1828K(1856K)
[241.020s][info][gc             ] GC(538) Pause Young (Concurrent Start) (G1 Humongous Allocation) 641M->568M(978M) 32.150ms
[241.020s][info][gc,cpu         ] GC(538) User=0.06s Sys=0.00s Real=0.04s
[241.020s][info][gc             ] GC(539) Concurrent Mark Cycle
[241.020s][info][gc,marking     ] GC(539) Concurrent Scan Root Regions
[241.053s][info][gc,marking     ] GC(539) Concurrent Scan Root Regions 33.461ms
[241.053s][info][gc,marking     ] GC(539) Concurrent Mark
[241.053s][info][gc,marking     ] GC(539) Concurrent Mark From Roots
[241.053s][info][gc,task        ] GC(539) Using 1 workers of 1 for marking
[241.663s][info][gc,start       ] GC(540) Pause Young (Normal) (G1 Evacuation Pause)
[241.663s][info][gc,task        ] GC(540) Using 2 workers of 2 for evacuation
[241.745s][info][gc,phases      ] GC(540)   Pre Evacuate Collection Set: 0.52ms
[241.745s][info][gc,phases      ] GC(540)   Merge Heap Roots: 1.13ms
[241.745s][info][gc,phases      ] GC(540)   Evacuate Collection Set: 78.59ms
[241.745s][info][gc,phases      ] GC(540)   Post Evacuate Collection Set: 1.08ms
[241.745s][info][gc,phases      ] GC(540)   Other: 0.09ms
[241.745s][info][gc,heap        ] GC(540) Eden regions: 269->0(272)
[241.745s][info][gc,heap        ] GC(540) Survivor regions: 11->24(35)
[241.745s][info][gc,heap        ] GC(540) Old regions: 555->555
[241.745s][info][gc,heap        ] GC(540) Humongous regions: 7->7
[241.745s][info][gc,metaspace   ] GC(540) Metaspace: 18585K(18752K)->18585K(18752K) NonClass: 16757K(16896K)->16757K(16896K) Class: 1828K(1856K)->1828K(1856K)
[241.745s][info][gc             ] GC(540) Pause Young (Normal) (G1 Evacuation Pause) 840M->584M(978M) 81.677ms
[241.745s][info][gc,cpu         ] GC(540) User=0.17s Sys=0.00s Real=0.08s
[242.669s][info][gc,start       ] GC(541) Pause Young (Normal) (G1 Evacuation Pause)
[242.669s][info][gc,task        ] GC(541) Using 2 workers of 2 for evacuation
[242.785s][info][gc,phases      ] GC(541)   Pre Evacuate Collection Set: 0.52ms
[242.785s][info][gc,phases      ] GC(541)   Merge Heap Roots: 1.12ms
[242.785s][info][gc,phases      ] GC(541)   Evacuate Collection Set: 113.51ms
[242.785s][info][gc,phases      ] GC(541)   Post Evacuate Collection Set: 0.86ms
[242.785s][info][gc,phases      ] GC(541)   Other: 0.15ms
[242.785s][info][gc,heap        ] GC(541) Eden regions: 272->0(259)
[242.785s][info][gc,heap        ] GC(541) Survivor regions: 24->37(37)
[242.785s][info][gc,heap        ] GC(541) Old regions: 555->568
[242.785s][info][gc,heap        ] GC(541) Humongous regions: 13->13
[242.785s][info][gc,metaspace   ] GC(541) Metaspace: 18586K(18752K)->18586K(18752K) NonClass: 16758K(16896K)->16758K(16896K) Class: 1828K(1856K)->1828K(1856K)
[242.785s][info][gc             ] GC(541) Pause Young (Normal) (G1 Evacuation Pause) 862M->617M(978M) 116.463ms
[242.785s][info][gc,cpu         ] GC(541) User=0.23s Sys=0.00s Real=0.11s
[242.819s][info][gc,marking     ] GC(539) Concurrent Mark From Roots 1765.296ms
[242.819s][info][gc,marking     ] GC(539) Concurrent Preclean
[242.819s][info][gc,marking     ] GC(539) Concurrent Preclean 0.041ms
[242.819s][info][gc,start       ] GC(539) Pause Remark
[242.827s][info][gc             ] GC(539) Pause Remark 627M->532M(978M) 8.158ms
[242.827s][info][gc,cpu         ] GC(539) User=0.02s Sys=0.00s Real=0.00s
[242.827s][info][gc,marking     ] GC(539) Concurrent Mark 1774.083ms
[242.827s][info][gc,marking     ] GC(539) Concurrent Rebuild Remembered Sets and Scrub Regions
[243.315s][info][gc,marking     ] GC(539) Concurrent Rebuild Remembered Sets and Scrub Regions 487.671ms
[243.315s][info][gc,start       ] GC(539) Pause Cleanup
[243.315s][info][gc             ] GC(539) Pause Cleanup 728M->728M(978M) 0.114ms
[243.315s][info][gc,cpu         ] GC(539) User=0.00s Sys=0.00s Real=0.00s
[243.316s][info][gc,marking     ] GC(539) Concurrent Clear Claimed Marks
[243.316s][info][gc,marking     ] GC(539) Concurrent Clear Claimed Marks 0.035ms
[243.316s][info][gc,marking     ] GC(539) Concurrent Cleanup for Next Mark
[243.319s][info][gc,marking     ] GC(539) Concurrent Cleanup for Next Mark 3.017ms
[243.319s][info][gc             ] GC(539) Concurrent Mark Cycle 2299.689ms
[243.408s][info][gc,start       ] GC(542) Pause Young (Prepare Mixed) (G1 Evacuation Pause)
[243.408s][info][gc,task        ] GC(542) Using 2 workers of 2 for evacuation
[243.493s][info][gc,phases      ] GC(542)   Pre Evacuate Collection Set: 0.34ms
[243.493s][info][gc,phases      ] GC(542)   Merge Heap Roots: 1.05ms
[243.493s][info][gc,phases      ] GC(542)   Evacuate Collection Set: 82.41ms
[243.493s][info][gc,phases      ] GC(542)   Post Evacuate Collection Set: 0.54ms
[243.493s][info][gc,phases      ] GC(542)   Other: 0.09ms
[243.493s][info][gc,heap        ] GC(542) Eden regions: 259->0(330)
[243.493s][info][gc,heap        ] GC(542) Survivor regions: 37->1(37)
[243.493s][info][gc,heap        ] GC(542) Old regions: 475->513
[243.493s][info][gc,heap        ] GC(542) Humongous regions: 11->11
[243.493s][info][gc,metaspace   ] GC(542) Metaspace: 18586K(18752K)->18586K(18752K) NonClass: 16758K(16896K)->16758K(16896K) Class: 1828K(1856K)->1828K(1856K)
[243.493s][info][gc             ] GC(542) Pause Young (Prepare Mixed) (G1 Evacuation Pause) 781M->523M(978M) 84.690ms
[243.493s][info][gc,cpu         ] GC(542) User=0.17s Sys=0.00s Real=0.09s
[244.020s][info][gc,start       ] GC(543) Pause Young (Mixed) (G1 Evacuation Pause)
[244.020s][info][gc,task        ] GC(543) Using 2 workers of 2 for evacuation
[244.021s][info][gc,phases      ] GC(543)   Pre Evacuate Collection Set: 0.29ms
[244.021s][info][gc,phases      ] GC(543)   Merge Heap Roots: 0.11ms
[244.021s][info][gc,phases      ] GC(543)   Evacuate Collection Set: 0.37ms
[244.021s][info][gc,phases      ] GC(543)   Post Evacuate Collection Set: 0.50ms
[244.021s][info][gc,phases      ] GC(543)   Other: 0.10ms
[244.021s][info][gc,heap        ] GC(543) Eden regions: 330->0(361)
[244.021s][info][gc,heap        ] GC(543) Survivor regions: 1->1(42)
[244.021s][info][gc,heap        ] GC(543) Old regions: 513->494
[244.021s][info][gc,heap        ] GC(543) Humongous regions: 11->11
[244.021s][info][gc,metaspace   ] GC(543) Metaspace: 18586K(18752K)->18586K(18752K) NonClass: 16758K(16896K)->16758K(16896K) Class: 1828K(1856K)->1828K(1856K)
[244.021s][info][gc             ] GC(543) Pause Young (Mixed) (G1 Evacuation Pause) 853M->505M(978M) 1.596ms
[244.021s][info][gc,cpu         ] GC(543) User=0.00s Sys=0.00s Real=0.00s
[244.476s][info][gc,start       ] GC(544) Pause Young (Concurrent Start) (G1 Evacuation Pause)
[244.476s][info][gc,task        ] GC(544) Using 2 workers of 2 for evacuation
[244.509s][info][gc,phases      ] GC(544)   Pre Evacuate Collection Set: 0.32ms
[244.509s][info][gc,phases      ] GC(544)   Merge Heap Roots: 0.22ms
[244.509s][info][gc,phases      ] GC(544)   Evacuate Collection Set: 31.63ms
[244.509s][info][gc,phases      ] GC(544)   Post Evacuate Collection Set: 0.59ms
[244.509s][info][gc,phases      ] GC(544)   Other: 0.13ms
[244.509s][info][gc,heap        ] GC(544) Eden regions: 361->0(344)
[244.509s][info][gc,heap        ] GC(544) Survivor regions: 1->26(46)
[244.509s][info][gc,heap        ] GC(544) Old regions: 494->494
[244.509s][info][gc,heap        ] GC(544) Humongous regions: 11->11
[244.509s][info][gc,metaspace   ] GC(544) Metaspace: 18586K(18752K)->18586K(18752K) NonClass: 16758K(16896K)->16758K(16896K) Class: 1828K(1856K)->1828K(1856K)
[244.509s][info][gc             ] GC(544) Pause Young (Concurrent Start) (G1 Evacuation Pause) 866M->529M(978M) 33.148ms
[244.509s][info][gc             ] GC(545) Concurrent Mark Cycle
[244.509s][info][gc,marking     ] GC(545) Concurrent Scan Root Regions
[244.510s][info][gc,cpu         ] GC(544) User=0.07s Sys=0.00s Real=0.04s
[244.562s][info][gc,marking     ] GC(545) Concurrent Scan Root Regions 52.536ms
[244.562s][info][gc,marking     ] GC(545) Concurrent Mark
[244.562s][info][gc,marking     ] GC(545) Concurrent Mark From Roots
[244.562s][info][gc,task        ] GC(545) Using 1 workers of 1 for marking
[245.151s][info][gc,start       ] GC(546) Pause Young (Normal) (G1 Evacuation Pause)
[245.151s][info][gc,task        ] GC(546) Using 2 workers of 2 for evacuation
[245.189s][info][gc,phases      ] GC(546)   Pre Evacuate Collection Set: 0.52ms
[245.189s][info][gc,phases      ] GC(546)   Merge Heap Roots: 0.17ms
[245.189s][info][gc,phases      ] GC(546)   Evacuate Collection Set: 37.11ms
[245.189s][info][gc,phases      ] GC(546)   Post Evacuate Collection Set: 0.58ms
[245.189s][info][gc,phases      ] GC(546)   Other: 0.11ms
[245.189s][info][gc,heap        ] GC(546) Eden regions: 344->0(349)
[245.189s][info][gc,heap        ] GC(546) Survivor regions: 26->10(47)
[245.189s][info][gc,heap        ] GC(546) Old regions: 494->519
[245.189s][info][gc,heap        ] GC(546) Humongous regions: 11->11
[245.189s][info][gc,metaspace   ] GC(546) Metaspace: 18586K(18752K)->18586K(18752K) NonClass: 16758K(16896K)->16758K(16896K) Class: 1828K(1856K)->1828K(1856K)
[245.189s][info][gc             ] GC(546) Pause Young (Normal) (G1 Evacuation Pause) 873M->539M(978M) 38.725ms
[245.189s][info][gc,cpu         ] GC(546) User=0.08s Sys=0.00s Real=0.04s
[246.091s][info][gc,marking     ] GC(545) Concurrent Mark From Roots 1528.618ms
[246.091s][info][gc,marking     ] GC(545) Concurrent Preclean
[246.091s][info][gc,marking     ] GC(545) Concurrent Preclean 0.041ms
[246.092s][info][gc,start       ] GC(545) Pause Remark
[246.100s][info][gc             ] GC(545) Pause Remark 791M->787M(978M) 7.930ms
[246.100s][info][gc,cpu         ] GC(545) User=0.02s Sys=0.00s Real=0.01s
[246.100s][info][gc,marking     ] GC(545) Concurrent Mark 1537.981ms
[246.100s][info][gc,marking     ] GC(545) Concurrent Rebuild Remembered Sets and Scrub Regions
[246.382s][info][gc,start       ] GC(547) Pause Young (Normal) (G1 Evacuation Pause)
[246.382s][info][gc,task        ] GC(547) Using 2 workers of 2 for evacuation
[246.410s][info][gc,phases      ] GC(547)   Pre Evacuate Collection Set: 0.54ms
[246.410s][info][gc,phases      ] GC(547)   Merge Heap Roots: 0.25ms
[246.410s][info][gc,phases      ] GC(547)   Evacuate Collection Set: 27.15ms
[246.410s][info][gc,phases      ] GC(547)   Post Evacuate Collection Set: 0.61ms
[246.410s][info][gc,phases      ] GC(547)   Other: 0.12ms
[246.410s][info][gc,heap        ] GC(547) Eden regions: 349->0(354)
[246.410s][info][gc,heap        ] GC(547) Survivor regions: 10->19(45)
[246.410s][info][gc,heap        ] GC(547) Old regions: 519->519
[246.410s][info][gc,heap        ] GC(547) Humongous regions: 7->7
[246.410s][info][gc,metaspace   ] GC(547) Metaspace: 18590K(18752K)->18590K(18752K) NonClass: 16762K(16896K)->16762K(16896K) Class: 1828K(1856K)->1828K(1856K)
[246.411s][info][gc             ] GC(547) Pause Young (Normal) (G1 Evacuation Pause) 884M->543M(978M) 28.958ms
[246.411s][info][gc,cpu         ] GC(547) User=0.05s Sys=0.00s Real=0.03s
[246.701s][info][gc,marking     ] GC(545) Concurrent Rebuild Remembered Sets and Scrub Regions 600.682ms
[246.701s][info][gc,start       ] GC(545) Pause Cleanup
[246.701s][info][gc             ] GC(545) Pause Cleanup 638M->638M(978M) 0.108ms
[246.701s][info][gc,cpu         ] GC(545) User=0.00s Sys=0.00s Real=0.00s
[246.701s][info][gc,marking     ] GC(545) Concurrent Clear Claimed Marks
[246.701s][info][gc,marking     ] GC(545) Concurrent Clear Claimed Marks 0.042ms
[246.701s][info][gc,marking     ] GC(545) Concurrent Cleanup for Next Mark
[246.704s][info][gc,marking     ] GC(545) Concurrent Cleanup for Next Mark 2.957ms
[246.704s][info][gc             ] GC(545) Concurrent Mark Cycle 2194.711ms
[247.173s][info][gc,start       ] GC(548) Pause Young (Prepare Mixed) (G1 Evacuation Pause)
[247.173s][info][gc,task        ] GC(548) Using 2 workers of 2 for evacuation
[247.213s][info][gc,phases      ] GC(548)   Pre Evacuate Collection Set: 0.53ms
[247.214s][info][gc,phases      ] GC(548)   Merge Heap Roots: 0.28ms
[247.214s][info][gc,phases      ] GC(548)   Evacuate Collection Set: 38.38ms
[247.214s][info][gc,phases      ] GC(548)   Post Evacuate Collection Set: 0.65ms
[247.214s][info][gc,phases      ] GC(548)   Other: 0.12ms
[247.214s][info][gc,heap        ] GC(548) Eden regions: 354->0(336)
[247.214s][info][gc,heap        ] GC(548) Survivor regions: 19->33(47)
[247.214s][info][gc,heap        ] GC(548) Old regions: 519->519
[247.214s][info][gc,heap        ] GC(548) Humongous regions: 7->7
[247.214s][info][gc,metaspace   ] GC(548) Metaspace: 18590K(18752K)->18590K(18752K) NonClass: 16762K(16896K)->16762K(16896K) Class: 1828K(1856K)->1828K(1856K)
[247.214s][info][gc             ] GC(548) Pause Young (Prepare Mixed) (G1 Evacuation Pause) 897M->557M(978M) 40.244ms
[247.214s][info][gc,cpu         ] GC(548) User=0.08s Sys=0.00s Real=0.04s
[247.599s][info][gc,start       ] GC(549) Pause Young (Mixed) (G1 Evacuation Pause)
[247.599s][info][gc,task        ] GC(549) Using 2 workers of 2 for evacuation
[247.687s][info][gc,phases      ] GC(549)   Pre Evacuate Collection Set: 0.51ms
[247.688s][info][gc,phases      ] GC(549)   Merge Heap Roots: 0.22ms
[247.688s][info][gc,phases      ] GC(549)   Evacuate Collection Set: 85.46ms
[247.688s][info][gc,phases      ] GC(549)   Post Evacuate Collection Set: 2.11ms
[247.688s][info][gc,phases      ] GC(549)   Other: 0.13ms
[247.688s][info][gc,heap        ] GC(549) Eden regions: 336->0(264)
[247.688s][info][gc,heap        ] GC(549) Survivor regions: 33->47(47)
[247.688s][info][gc,heap        ] GC(549) Old regions: 519->563
[247.688s][info][gc,heap        ] GC(549) Humongous regions: 7->7
[247.688s][info][gc,metaspace   ] GC(549) Metaspace: 18600K(18752K)->18600K(18752K) NonClass: 16772K(16896K)->16772K(16896K) Class: 1828K(1856K)->1828K(1856K)
[247.688s][info][gc             ] GC(549) Pause Young (Mixed) (G1 Evacuation Pause) (Evacuation Failure: Allocation) 893M->616M(978M) 88.670ms
[247.688s][info][gc,cpu         ] GC(549) User=0.18s Sys=0.00s Real=0.08s
[247.911s][info][gc,start       ] GC(550) Pause Young (Concurrent Start) (G1 Humongous Allocation)
[247.911s][info][gc,task        ] GC(550) Using 2 workers of 2 for evacuation
[247.983s][info][gc,phases      ] GC(550)   Pre Evacuate Collection Set: 0.37ms
[247.983s][info][gc,phases      ] GC(550)   Merge Heap Roots: 0.46ms
[247.983s][info][gc,phases      ] GC(550)   Evacuate Collection Set: 70.22ms
[247.983s][info][gc,phases      ] GC(550)   Post Evacuate Collection Set: 0.59ms
[247.983s][info][gc,phases      ] GC(550)   Other: 0.21ms
[247.983s][info][gc,heap        ] GC(550) Eden regions: 114->0(271)
[247.983s][info][gc,heap        ] GC(550) Survivor regions: 47->9(39)
[247.983s][info][gc,heap        ] GC(550) Old regions: 563->597
[247.983s][info][gc,heap        ] GC(550) Humongous regions: 7->7
[247.983s][info][gc,metaspace   ] GC(550) Metaspace: 18601K(18752K)->18601K(18752K) NonClass: 16772K(16896K)->16772K(16896K) Class: 1828K(1856K)->1828K(1856K)
[247.983s][info][gc             ] GC(550) Pause Young (Concurrent Start) (G1 Humongous Allocation) 729M->611M(978M) 72.180ms
[247.983s][info][gc,cpu         ] GC(550) User=0.14s Sys=0.00s Real=0.07s
[247.983s][info][gc             ] GC(551) Concurrent Mark Cycle
[247.983s][info][gc,marking     ] GC(551) Concurrent Scan Root Regions
[248.029s][info][gc,marking     ] GC(551) Concurrent Scan Root Regions 45.708ms
[248.029s][info][gc,marking     ] GC(551) Concurrent Mark
[248.029s][info][gc,marking     ] GC(551) Concurrent Mark From Roots
[248.029s][info][gc,task        ] GC(551) Using 1 workers of 1 for marking
[249.026s][info][gc,start       ] GC(552) Pause Young (Normal) (G1 Evacuation Pause)
[249.026s][info][gc,task        ] GC(552) Using 2 workers of 2 for evacuation
[249.059s][info][gc,phases      ] GC(552)   Pre Evacuate Collection Set: 0.32ms
[249.059s][info][gc,phases      ] GC(552)   Merge Heap Roots: 0.38ms
[249.059s][info][gc,phases      ] GC(552)   Evacuate Collection Set: 31.89ms
[249.059s][info][gc,phases      ] GC(552)   Post Evacuate Collection Set: 0.60ms
[249.059s][info][gc,phases      ] GC(552)   Other: 0.14ms
[249.059s][info][gc,heap        ] GC(552) Eden regions: 271->0(276)
[249.059s][info][gc,heap        ] GC(552) Survivor regions: 9->14(35)
[249.059s][info][gc,heap        ] GC(552) Old regions: 597->597
[249.059s][info][gc,heap        ] GC(552) Humongous regions: 10->10
[249.059s][info][gc,metaspace   ] GC(552) Metaspace: 18601K(18752K)->18601K(18752K) NonClass: 16772K(16896K)->16772K(16896K) Class: 1828K(1856K)->1828K(1856K)
[249.059s][info][gc             ] GC(552) Pause Young (Normal) (G1 Evacuation Pause) 885M->619M(978M) 33.573ms
[249.059s][info][gc,cpu         ] GC(552) User=0.07s Sys=0.00s Real=0.04s
[249.688s][info][gc,marking     ] GC(551) Concurrent Mark From Roots 1659.226ms
[249.688s][info][gc,marking     ] GC(551) Concurrent Preclean
[249.688s][info][gc,marking     ] GC(551) Concurrent Preclean 0.039ms
[249.688s][info][gc,start       ] GC(551) Pause Remark
[249.699s][info][gc             ] GC(551) Pause Remark 786M->786M(978M) 10.805ms
[249.699s][info][gc,cpu         ] GC(551) User=0.02s Sys=0.00s Real=0.01s
[249.700s][info][gc,marking     ] GC(551) Concurrent Mark 1671.476ms
[249.700s][info][gc,marking     ] GC(551) Concurrent Rebuild Remembered Sets and Scrub Regions
[250.002s][info][gc,start       ] GC(553) Pause Young (Normal) (G1 Evacuation Pause)
[250.002s][info][gc,task        ] GC(553) Using 2 workers of 2 for evacuation
[250.036s][info][gc,phases      ] GC(553)   Pre Evacuate Collection Set: 0.53ms
[250.037s][info][gc,phases      ] GC(553)   Merge Heap Roots: 0.55ms
[250.037s][info][gc,phases      ] GC(553)   Evacuate Collection Set: 32.30ms
[250.037s][info][gc,phases      ] GC(553)   Post Evacuate Collection Set: 0.63ms
[250.037s][info][gc,phases      ] GC(553)   Other: 0.12ms
[250.037s][info][gc,heap        ] GC(553) Eden regions: 276->0(290)
[250.037s][info][gc,heap        ] GC(553) Survivor regions: 14->14(37)
[250.037s][info][gc,heap        ] GC(553) Old regions: 597->597
[250.037s][info][gc,heap        ] GC(553) Humongous regions: 10->10
[250.037s][info][gc,metaspace   ] GC(553) Metaspace: 18601K(18752K)->18601K(18752K) NonClass: 16772K(16896K)->16772K(16896K) Class: 1828K(1856K)->1828K(1856K)
[250.037s][info][gc             ] GC(553) Pause Young (Normal) (G1 Evacuation Pause) 895M->619M(978M) 34.406ms
[250.037s][info][gc,cpu         ] GC(553) User=0.06s Sys=0.00s Real=0.03s
[250.303s][info][gc,marking     ] GC(551) Concurrent Rebuild Remembered Sets and Scrub Regions 602.339ms
[250.303s][info][gc,start       ] GC(551) Pause Cleanup
[250.303s][info][gc             ] GC(551) Pause Cleanup 728M->728M(978M) 0.137ms
[250.303s][info][gc,cpu         ] GC(551) User=0.00s Sys=0.00s Real=0.00s
[250.303s][info][gc,marking     ] GC(551) Concurrent Clear Claimed Marks
[250.303s][info][gc,marking     ] GC(551) Concurrent Clear Claimed Marks 0.039ms
[250.303s][info][gc,marking     ] GC(551) Concurrent Cleanup for Next Mark
[250.306s][info][gc,marking     ] GC(551) Concurrent Cleanup for Next Mark 3.025ms
[250.306s][info][gc             ] GC(551) Concurrent Mark Cycle 2323.311ms
[250.611s][info][gc,start       ] GC(554) Pause Young (Prepare Mixed) (G1 Evacuation Pause)
[250.611s][info][gc,task        ] GC(554) Using 2 workers of 2 for evacuation
[250.644s][info][gc,phases      ] GC(554)   Pre Evacuate Collection Set: 0.55ms
[250.644s][info][gc,phases      ] GC(554)   Merge Heap Roots: 0.53ms
[250.644s][info][gc,phases      ] GC(554)   Evacuate Collection Set: 31.03ms
[250.644s][info][gc,phases      ] GC(554)   Post Evacuate Collection Set: 0.65ms
[250.644s][info][gc,phases      ] GC(554)   Other: 0.12ms
[250.644s][info][gc,heap        ] GC(554) Eden regions: 290->0(293)
[250.644s][info][gc,heap        ] GC(554) Survivor regions: 14->14(38)
[250.644s][info][gc,heap        ] GC(554) Old regions: 597->597
[250.644s][info][gc,heap        ] GC(554) Humongous regions: 10->10
[250.644s][info][gc,metaspace   ] GC(554) Metaspace: 18601K(18752K)->18601K(18752K) NonClass: 16772K(16896K)->16772K(16896K) Class: 1828K(1856K)->1828K(1856K)
[250.644s][info][gc             ] GC(554) Pause Young (Prepare Mixed) (G1 Evacuation Pause) 909M->619M(978M) 33.148ms
[250.644s][info][gc,cpu         ] GC(554) User=0.06s Sys=0.00s Real=0.03s
[251.058s][info][gc,start       ] GC(555) Pause Young (Mixed) (G1 Evacuation Pause)
[251.058s][info][gc,task        ] GC(555) Using 2 workers of 2 for evacuation
[251.114s][info][gc,phases      ] GC(555)   Pre Evacuate Collection Set: 0.53ms
[251.114s][info][gc,phases      ] GC(555)   Merge Heap Roots: 0.39ms
[251.114s][info][gc,phases      ] GC(555)   Evacuate Collection Set: 54.42ms
[251.114s][info][gc,phases      ] GC(555)   Post Evacuate Collection Set: 0.67ms
[251.114s][info][gc,phases      ] GC(555)   Other: 0.10ms
[251.114s][info][gc,heap        ] GC(555) Eden regions: 293->0(264)
[251.114s][info][gc,heap        ] GC(555) Survivor regions: 14->33(39)
[251.114s][info][gc,heap        ] GC(555) Old regions: 597->588
[251.114s][info][gc,heap        ] GC(555) Humongous regions: 10->10
[251.114s][info][gc,metaspace   ] GC(555) Metaspace: 18602K(18752K)->18602K(18752K) NonClass: 16774K(16896K)->16774K(16896K) Class: 1828K(1856K)->1828K(1856K)
[251.114s][info][gc             ] GC(555) Pause Young (Mixed) (G1 Evacuation Pause) 912M->629M(978M) 56.382ms
[251.114s][info][gc,cpu         ] GC(555) User=0.11s Sys=0.00s Real=0.06s
[251.371s][info][gc,start       ] GC(556) Pause Young (Concurrent Start) (G1 Evacuation Pause)
[251.371s][info][gc,task        ] GC(556) Using 2 workers of 2 for evacuation
[251.437s][info][gc,phases      ] GC(556)   Pre Evacuate Collection Set: 0.38ms
[251.437s][info][gc,phases      ] GC(556)   Merge Heap Roots: 0.33ms
[251.437s][info][gc,phases      ] GC(556)   Evacuate Collection Set: 64.45ms
[251.437s][info][gc,phases      ] GC(556)   Post Evacuate Collection Set: 0.61ms
[251.437s][info][gc,phases      ] GC(556)   Other: 0.22ms
[251.437s][info][gc,heap        ] GC(556) Eden regions: 264->0(258)
[251.437s][info][gc,heap        ] GC(556) Survivor regions: 33->29(38)
[251.437s][info][gc,heap        ] GC(556) Old regions: 588->602
[251.437s][info][gc,heap        ] GC(556) Humongous regions: 10->10
[251.437s][info][gc,metaspace   ] GC(556) Metaspace: 18605K(18816K)->18605K(18816K) NonClass: 16776K(16960K)->16776K(16960K) Class: 1828K(1856K)->1828K(1856K)
[251.437s][info][gc             ] GC(556) Pause Young (Concurrent Start) (G1 Evacuation Pause) 893M->639M(978M) 66.247ms
[251.437s][info][gc,cpu         ] GC(556) User=0.13s Sys=0.00s Real=0.06s
[251.437s][info][gc             ] GC(557) Concurrent Mark Cycle
[251.437s][info][gc,marking     ] GC(557) Concurrent Scan Root Regions
[251.539s][info][gc,marking     ] GC(557) Concurrent Scan Root Regions 101.710ms
[251.539s][info][gc,marking     ] GC(557) Concurrent Mark
[251.539s][info][gc,marking     ] GC(557) Concurrent Mark From Roots
[251.539s][info][gc,task        ] GC(557) Using 1 workers of 1 for marking
[251.954s][info][gc,start       ] GC(558) Pause Young (Normal) (G1 Evacuation Pause)
[251.954s][info][gc,task        ] GC(558) Using 2 workers of 2 for evacuation
[252.003s][info][gc,phases      ] GC(558)   Pre Evacuate Collection Set: 0.33ms
[252.003s][info][gc,phases      ] GC(558)   Merge Heap Roots: 0.18ms
[252.003s][info][gc,phases      ] GC(558)   Evacuate Collection Set: 47.78ms
[252.003s][info][gc,phases      ] GC(558)   Post Evacuate Collection Set: 0.56ms
[252.003s][info][gc,phases      ] GC(558)   Other: 0.12ms
[252.003s][info][gc,heap        ] GC(558) Eden regions: 258->0(251)
[252.004s][info][gc,heap        ] GC(558) Survivor regions: 29->23(36)
[252.004s][info][gc,heap        ] GC(558) Old regions: 602->621
[252.004s][info][gc,heap        ] GC(558) Humongous regions: 10->10
[252.004s][info][gc,metaspace   ] GC(558) Metaspace: 18609K(18816K)->18609K(18816K) NonClass: 16780K(16960K)->16780K(16960K) Class: 1828K(1856K)->1828K(1856K)
[252.004s][info][gc             ] GC(558) Pause Young (Normal) (G1 Evacuation Pause) 897M->652M(978M) 49.246ms
[252.004s][info][gc,cpu         ] GC(558) User=0.10s Sys=0.00s Real=0.05s
[252.993s][info][gc,start       ] GC(559) Pause Young (Normal) (G1 Evacuation Pause)
[252.993s][info][gc,task        ] GC(559) Using 2 workers of 2 for evacuation
[253.023s][info][gc,phases      ] GC(559)   Pre Evacuate Collection Set: 0.29ms
[253.023s][info][gc,phases      ] GC(559)   Merge Heap Roots: 0.22ms
[253.023s][info][gc,phases      ] GC(559)   Evacuate Collection Set: 28.68ms
[253.023s][info][gc,phases      ] GC(559)   Post Evacuate Collection Set: 0.54ms
[253.023s][info][gc,phases      ] GC(559)   Other: 0.11ms
[253.023s][info][gc,heap        ] GC(559) Eden regions: 251->0(259)
[253.023s][info][gc,heap        ] GC(559) Survivor regions: 23->14(35)
[253.023s][info][gc,heap        ] GC(559) Old regions: 621->631
[253.023s][info][gc,heap        ] GC(559) Humongous regions: 10->10
[253.023s][info][gc,metaspace   ] GC(559) Metaspace: 18627K(18816K)->18627K(18816K) NonClass: 16799K(16960K)->16799K(16960K) Class: 1828K(1856K)->1828K(1856K)
[253.023s][info][gc             ] GC(559) Pause Young (Normal) (G1 Evacuation Pause) 903M->653M(978M) 30.121ms
[253.023s][info][gc,cpu         ] GC(559) User=0.06s Sys=0.00s Real=0.03s
[253.178s][info][gc,marking     ] GC(557) Concurrent Mark From Roots 1639.210ms
[253.178s][info][gc,marking     ] GC(557) Concurrent Preclean
[253.178s][info][gc,marking     ] GC(557) Concurrent Preclean 0.066ms
[253.178s][info][gc,start       ] GC(557) Pause Remark
[253.187s][info][gc             ] GC(557) Pause Remark 684M->619M(978M) 8.611ms
[253.187s][info][gc,cpu         ] GC(557) User=0.01s Sys=0.00s Real=0.00s
[253.190s][info][gc,marking     ] GC(557) Concurrent Mark 1651.344ms
[253.190s][info][gc,marking     ] GC(557) Concurrent Rebuild Remembered Sets and Scrub Regions
[253.619s][info][gc,start       ] GC(560) Pause Young (Normal) (G1 Evacuation Pause)
[253.619s][info][gc,task        ] GC(560) Using 2 workers of 2 for evacuation
[253.700s][info][gc,phases      ] GC(560)   Pre Evacuate Collection Set: 0.50ms
[253.700s][info][gc,phases      ] GC(560)   Merge Heap Roots: 0.55ms
[253.700s][info][gc,phases      ] GC(560)   Evacuate Collection Set: 79.42ms
[253.700s][info][gc,phases      ] GC(560)   Post Evacuate Collection Set: 0.63ms
[253.700s][info][gc,phases      ] GC(560)   Other: 0.12ms
[253.700s][info][gc,heap        ] GC(560) Eden regions: 259->0(259)
[253.700s][info][gc,heap        ] GC(560) Survivor regions: 14->35(35)
[253.700s][info][gc,heap        ] GC(560) Old regions: 569->592
[253.700s][info][gc,heap        ] GC(560) Humongous regions: 7->7
[253.700s][info][gc,metaspace   ] GC(560) Metaspace: 18641K(18816K)->18641K(18816K) NonClass: 16813K(16960K)->16813K(16960K) Class: 1828K(1856K)->1828K(1856K)
[253.700s][info][gc             ] GC(560) Pause Young (Normal) (G1 Evacuation Pause) 847M->633M(978M) 81.468ms
[253.700s][info][gc,cpu         ] GC(560) User=0.16s Sys=0.00s Real=0.08s
[253.772s][info][gc,marking     ] GC(557) Concurrent Rebuild Remembered Sets and Scrub Regions 582.045ms
[253.773s][info][gc,start       ] GC(557) Pause Cleanup
[253.773s][info][gc             ] GC(557) Pause Cleanup 677M->677M(978M) 0.171ms
[253.773s][info][gc,cpu         ] GC(557) User=0.00s Sys=0.00s Real=0.00s
[253.773s][info][gc,marking     ] GC(557) Concurrent Clear Claimed Marks
[253.773s][info][gc,marking     ] GC(557) Concurrent Clear Claimed Marks 0.039ms
[253.773s][info][gc,marking     ] GC(557) Concurrent Cleanup for Next Mark
[253.778s][info][gc,marking     ] GC(557) Concurrent Cleanup for Next Mark 5.032ms
[253.778s][info][gc             ] GC(557) Concurrent Mark Cycle 2340.989ms
[253.991s][info][gc,start       ] GC(561) Pause Young (Prepare Mixed) (G1 Evacuation Pause)
[253.991s][info][gc,task        ] GC(561) Using 2 workers of 2 for evacuation
[254.092s][info][gc,phases      ] GC(561)   Pre Evacuate Collection Set: 0.52ms
[254.093s][info][gc,phases      ] GC(561)   Merge Heap Roots: 0.40ms
[254.093s][info][gc,phases      ] GC(561)   Evacuate Collection Set: 99.38ms
[254.093s][info][gc,phases      ] GC(561)   Post Evacuate Collection Set: 0.65ms
[254.093s][info][gc,phases      ] GC(561)   Other: 0.12ms
[254.093s][info][gc,heap        ] GC(561) Eden regions: 259->0(212)
[254.093s][info][gc,heap        ] GC(561) Survivor regions: 35->37(37)
[254.093s][info][gc,heap        ] GC(561) Old regions: 592->635
[254.093s][info][gc,heap        ] GC(561) Humongous regions: 7->7
[254.093s][info][gc,metaspace   ] GC(561) Metaspace: 18642K(18816K)->18642K(18816K) NonClass: 16814K(16960K)->16814K(16960K) Class: 1828K(1856K)->1828K(1856K)
[254.093s][info][gc             ] GC(561) Pause Young (Prepare Mixed) (G1 Evacuation Pause) 892M->677M(978M) 101.348ms
[254.093s][info][gc,cpu         ] GC(561) User=0.20s Sys=0.00s Real=0.10s
[254.227s][info][gc,start       ] GC(562) Pause Young (Mixed) (G1 Evacuation Pause)
[254.227s][info][gc,task        ] GC(562) Using 2 workers of 2 for evacuation
[254.354s][info][gc,phases      ] GC(562)   Pre Evacuate Collection Set: 0.36ms
[254.354s][info][gc,phases      ] GC(562)   Merge Heap Roots: 1.19ms
[254.354s][info][gc,phases      ] GC(562)   Evacuate Collection Set: 123.49ms
[254.354s][info][gc,phases      ] GC(562)   Post Evacuate Collection Set: 1.81ms
[254.354s][info][gc,phases      ] GC(562)   Other: 0.10ms
[254.354s][info][gc,heap        ] GC(562) Eden regions: 212->0(212)
[254.354s][info][gc,heap        ] GC(562) Survivor regions: 37->32(32)
[254.354s][info][gc,heap        ] GC(562) Old regions: 635->635
[254.354s][info][gc,heap        ] GC(562) Humongous regions: 7->7
[254.354s][info][gc,metaspace   ] GC(562) Metaspace: 18643K(18816K)->18643K(18816K) NonClass: 16815K(16960K)->16815K(16960K) Class: 1828K(1856K)->1828K(1856K)
[254.354s][info][gc             ] GC(562) Pause Young (Mixed) (G1 Evacuation Pause) (Evacuation Failure: Allocation) 889M->673M(978M) 127.234ms
[254.354s][info][gc,cpu         ] GC(562) User=0.25s Sys=0.00s Real=0.13s
[254.536s][info][gc,start       ] GC(563) Pause Young (Mixed) (G1 Evacuation Pause)
[254.536s][info][gc,task        ] GC(563) Using 2 workers of 2 for evacuation
[254.620s][info][gc,phases      ] GC(563)   Pre Evacuate Collection Set: 0.32ms
[254.620s][info][gc,phases      ] GC(563)   Merge Heap Roots: 0.82ms
[254.620s][info][gc,phases      ] GC(563)   Evacuate Collection Set: 82.34ms
[254.620s][info][gc,phases      ] GC(563)   Post Evacuate Collection Set: 0.55ms
[254.620s][info][gc,phases      ] GC(563)   Other: 0.10ms
[254.620s][info][gc,heap        ] GC(563) Eden regions: 212->0(192)
[254.620s][info][gc,heap        ] GC(563) Survivor regions: 32->31(31)
[254.620s][info][gc,heap        ] GC(563) Old regions: 635->662
[254.620s][info][gc,heap        ] GC(563) Humongous regions: 7->7
[254.620s][info][gc,metaspace   ] GC(563) Metaspace: 18643K(18816K)->18643K(18816K) NonClass: 16815K(16960K)->16815K(16960K) Class: 1828K(1856K)->1828K(1856K)
[254.620s][info][gc             ] GC(563) Pause Young (Mixed) (G1 Evacuation Pause) 885M->699M(978M) 84.445ms
[254.620s][info][gc,cpu         ] GC(563) User=0.17s Sys=0.00s Real=0.09s
[254.775s][info][gc,start       ] GC(564) Pause Young (Concurrent Start) (G1 Evacuation Pause)
[254.775s][info][gc,task        ] GC(564) Using 2 workers of 2 for evacuation
[254.817s][info][gc,phases      ] GC(564)   Pre Evacuate Collection Set: 0.35ms
[254.817s][info][gc,phases      ] GC(564)   Merge Heap Roots: 0.38ms
[254.817s][info][gc,phases      ] GC(564)   Evacuate Collection Set: 40.43ms
[254.817s][info][gc,phases      ] GC(564)   Post Evacuate Collection Set: 0.48ms
[254.817s][info][gc,phases      ] GC(564)   Other: 0.12ms
[254.817s][info][gc,heap        ] GC(564) Eden regions: 192->0(202)
[254.817s][info][gc,heap        ] GC(564) Survivor regions: 31->2(28)
[254.817s][info][gc,heap        ] GC(564) Old regions: 662->693
[254.817s][info][gc,heap        ] GC(564) Humongous regions: 7->7
[254.817s][info][gc,metaspace   ] GC(564) Metaspace: 18643K(18816K)->18643K(18816K) NonClass: 16815K(16960K)->16815K(16960K) Class: 1828K(1856K)->1828K(1856K)
[254.817s][info][gc             ] GC(564) Pause Young (Concurrent Start) (G1 Evacuation Pause) 891M->701M(978M) 42.020ms
[254.817s][info][gc,cpu         ] GC(564) User=0.08s Sys=0.00s Real=0.04s
[254.817s][info][gc             ] GC(565) Concurrent Mark Cycle
[254.819s][info][gc,marking     ] GC(565) Concurrent Scan Root Regions
[254.856s][info][gc,marking     ] GC(565) Concurrent Scan Root Regions 37.096ms
[254.856s][info][gc,marking     ] GC(565) Concurrent Mark
[254.856s][info][gc,marking     ] GC(565) Concurrent Mark From Roots
[254.856s][info][gc,task        ] GC(565) Using 1 workers of 1 for marking
[255.082s][info][gc,start       ] GC(566) Pause Young (Normal) (G1 Evacuation Pause)
[255.082s][info][gc,task        ] GC(566) Using 2 workers of 2 for evacuation
[255.094s][info][gc,phases      ] GC(566)   Pre Evacuate Collection Set: 0.52ms
[255.094s][info][gc,phases      ] GC(566)   Merge Heap Roots: 0.20ms
[255.094s][info][gc,phases      ] GC(566)   Evacuate Collection Set: 10.45ms
[255.094s][info][gc,phases      ] GC(566)   Post Evacuate Collection Set: 0.47ms
[255.094s][info][gc,phases      ] GC(566)   Other: 0.12ms
[255.094s][info][gc,heap        ] GC(566) Eden regions: 202->0(208)
[255.094s][info][gc,heap        ] GC(566) Survivor regions: 2->6(26)
[255.094s][info][gc,heap        ] GC(566) Old regions: 693->693
[255.094s][info][gc,heap        ] GC(566) Humongous regions: 7->7
[255.094s][info][gc,metaspace   ] GC(566) Metaspace: 18643K(18816K)->18643K(18816K) NonClass: 16815K(16960K)->16815K(16960K) Class: 1828K(1856K)->1828K(1856K)
[255.094s][info][gc             ] GC(566) Pause Young (Normal) (G1 Evacuation Pause) 903M->705M(978M) 11.992ms
[255.094s][info][gc,cpu         ] GC(566) User=0.02s Sys=0.00s Real=0.01s
[255.427s][info][gc,start       ] GC(567) Pause Young (Normal) (G1 Evacuation Pause)
[255.427s][info][gc,task        ] GC(567) Using 2 workers of 2 for evacuation
[255.438s][info][gc,phases      ] GC(567)   Pre Evacuate Collection Set: 0.32ms
[255.438s][info][gc,phases      ] GC(567)   Merge Heap Roots: 0.18ms
[255.438s][info][gc,phases      ] GC(567)   Evacuate Collection Set: 9.83ms
[255.438s][info][gc,phases      ] GC(567)   Post Evacuate Collection Set: 0.47ms
[255.438s][info][gc,phases      ] GC(567)   Other: 0.10ms
[255.438s][info][gc,heap        ] GC(567) Eden regions: 208->0(216)
[255.438s][info][gc,heap        ] GC(567) Survivor regions: 6->6(27)
[255.438s][info][gc,heap        ] GC(567) Old regions: 693->693
[255.438s][info][gc,heap        ] GC(567) Humongous regions: 7->7
[255.438s][info][gc,metaspace   ] GC(567) Metaspace: 18643K(18816K)->18643K(18816K) NonClass: 16815K(16960K)->16815K(16960K) Class: 1828K(1856K)->1828K(1856K)
[255.438s][info][gc             ] GC(567) Pause Young (Normal) (G1 Evacuation Pause) 913M->705M(978M) 11.123ms
[255.438s][info][gc,cpu         ] GC(567) User=0.02s Sys=0.00s Real=0.01s
[255.819s][info][gc,start       ] GC(568) Pause Young (Normal) (G1 Evacuation Pause)
[255.819s][info][gc,task        ] GC(568) Using 2 workers of 2 for evacuation
[255.853s][info][gc,phases      ] GC(568)   Pre Evacuate Collection Set: 0.53ms
[255.853s][info][gc,phases      ] GC(568)   Merge Heap Roots: 0.25ms
[255.853s][info][gc,phases      ] GC(568)   Evacuate Collection Set: 31.70ms
[255.853s][info][gc,phases      ] GC(568)   Post Evacuate Collection Set: 0.54ms
[255.853s][info][gc,phases      ] GC(568)   Other: 0.09ms
[255.853s][info][gc,heap        ] GC(568) Eden regions: 216->0(182)
[255.853s][info][gc,heap        ] GC(568) Survivor regions: 6->23(28)
[255.853s][info][gc,heap        ] GC(568) Old regions: 693->693
[255.853s][info][gc,heap        ] GC(568) Humongous regions: 7->7
[255.853s][info][gc,metaspace   ] GC(568) Metaspace: 18643K(18816K)->18643K(18816K) NonClass: 16815K(16960K)->16815K(16960K) Class: 1828K(1856K)->1828K(1856K)
[255.853s][info][gc             ] GC(568) Pause Young (Normal) (G1 Evacuation Pause) 921M->722M(978M) 33.371ms
[255.853s][info][gc,cpu         ] GC(568) User=0.07s Sys=0.00s Real=0.03s
[256.184s][info][gc,start       ] GC(569) Pause Young (Normal) (G1 Evacuation Pause)
[256.184s][info][gc,task        ] GC(569) Using 2 workers of 2 for evacuation
[256.222s][info][gc,phases      ] GC(569)   Pre Evacuate Collection Set: 0.31ms
[256.222s][info][gc,phases      ] GC(569)   Merge Heap Roots: 0.29ms
[256.222s][info][gc,phases      ] GC(569)   Evacuate Collection Set: 36.93ms
[256.222s][info][gc,phases      ] GC(569)   Post Evacuate Collection Set: 0.49ms
[256.222s][info][gc,phases      ] GC(569)   Other: 0.10ms
[256.222s][info][gc,heap        ] GC(569) Eden regions: 182->0(197)
[256.222s][info][gc,heap        ] GC(569) Survivor regions: 23->4(26)
[256.222s][info][gc,heap        ] GC(569) Old regions: 693->716
[256.222s][info][gc,heap        ] GC(569) Humongous regions: 7->7
[256.222s][info][gc,metaspace   ] GC(569) Metaspace: 18643K(18816K)->18643K(18816K) NonClass: 16815K(16960K)->16815K(16960K) Class: 1828K(1856K)->1828K(1856K)
[256.223s][info][gc             ] GC(569) Pause Young (Normal) (G1 Evacuation Pause) 904M->726M(978M) 38.367ms
[256.223s][info][gc,cpu         ] GC(569) User=0.07s Sys=0.00s Real=0.04s
[256.705s][info][gc,start       ] GC(570) Pause Young (Normal) (G1 Evacuation Pause)
[256.706s][info][gc,task        ] GC(570) Using 2 workers of 2 for evacuation
[256.759s][info][gc,phases      ] GC(570)   Pre Evacuate Collection Set: 0.30ms
[256.759s][info][gc,phases      ] GC(570)   Merge Heap Roots: 0.44ms
[256.759s][info][gc,phases      ] GC(570)   Evacuate Collection Set: 51.82ms
[256.759s][info][gc,phases      ] GC(570)   Post Evacuate Collection Set: 0.57ms
[256.759s][info][gc,phases      ] GC(570)   Other: 0.11ms
[256.759s][info][gc,heap        ] GC(570) Eden regions: 197->0(148)
[256.759s][info][gc,heap        ] GC(570) Survivor regions: 4->26(26)
[256.759s][info][gc,heap        ] GC(570) Old regions: 716->718
[256.759s][info][gc,heap        ] GC(570) Humongous regions: 10->10
[256.759s][info][gc,metaspace   ] GC(570) Metaspace: 18643K(18816K)->18643K(18816K) NonClass: 16815K(16960K)->16815K(16960K) Class: 1828K(1856K)->1828K(1856K)
[256.759s][info][gc             ] GC(570) Pause Young (Normal) (G1 Evacuation Pause) 926M->753M(978M) 53.493ms
[256.759s][info][gc,cpu         ] GC(570) User=0.10s Sys=0.00s Real=0.06s
[257.119s][info][gc,marking     ] GC(565) Concurrent Mark From Roots 2262.254ms
[257.119s][info][gc,marking     ] GC(565) Concurrent Preclean
[257.119s][info][gc,marking     ] GC(565) Concurrent Preclean 0.050ms
[257.119s][info][gc,start       ] GC(565) Pause Remark
[257.127s][info][gc             ] GC(565) Pause Remark 865M->865M(978M) 8.076ms
[257.127s][info][gc,cpu         ] GC(565) User=0.01s Sys=0.00s Real=0.00s
[257.128s][info][gc,marking     ] GC(565) Concurrent Mark 2271.341ms
[257.128s][info][gc,marking     ] GC(565) Concurrent Rebuild Remembered Sets and Scrub Regions
[257.220s][info][gc,start       ] GC(571) Pause Young (Normal) (G1 Evacuation Pause)
[257.221s][info][gc,task        ] GC(571) Using 2 workers of 2 for evacuation
[257.291s][info][gc,phases      ] GC(571)   Pre Evacuate Collection Set: 0.33ms
[257.291s][info][gc,phases      ] GC(571)   Merge Heap Roots: 0.38ms
[257.291s][info][gc,phases      ] GC(571)   Evacuate Collection Set: 69.08ms
[257.291s][info][gc,phases      ] GC(571)   Post Evacuate Collection Set: 0.48ms
[257.291s][info][gc,phases      ] GC(571)   Other: 0.11ms
[257.291s][info][gc,heap        ] GC(571) Eden regions: 148->0(136)
[257.291s][info][gc,heap        ] GC(571) Survivor regions: 26->19(22)
[257.291s][info][gc,heap        ] GC(571) Old regions: 718->744
[257.291s][info][gc,heap        ] GC(571) Humongous regions: 10->10
[257.291s][info][gc,metaspace   ] GC(571) Metaspace: 18643K(18816K)->18643K(18816K) NonClass: 16815K(16960K)->16815K(16960K) Class: 1828K(1856K)->1828K(1856K)
[257.291s][info][gc             ] GC(571) Pause Young (Normal) (G1 Evacuation Pause) 901M->772M(978M) 70.661ms
[257.291s][info][gc,cpu         ] GC(571) User=0.14s Sys=0.00s Real=0.07s
[257.585s][info][gc,start       ] GC(572) Pause Young (Normal) (G1 Evacuation Pause)
[257.585s][info][gc,task        ] GC(572) Using 2 workers of 2 for evacuation
[257.632s][info][gc,phases      ] GC(572)   Pre Evacuate Collection Set: 0.53ms
[257.632s][info][gc,phases      ] GC(572)   Merge Heap Roots: 0.21ms
[257.632s][info][gc,phases      ] GC(572)   Evacuate Collection Set: 46.21ms
[257.632s][info][gc,phases      ] GC(572)   Post Evacuate Collection Set: 0.46ms
[257.632s][info][gc,phases      ] GC(572)   Other: 0.13ms
[257.632s][info][gc,heap        ] GC(572) Eden regions: 136->0(117)
[257.632s][info][gc,heap        ] GC(572) Survivor regions: 19->19(20)
[257.632s][info][gc,heap        ] GC(572) Old regions: 744->763
[257.632s][info][gc,heap        ] GC(572) Humongous regions: 10->10
[257.632s][info][gc,metaspace   ] GC(572) Metaspace: 18643K(18816K)->18643K(18816K) NonClass: 16815K(16960K)->16815K(16960K) Class: 1828K(1856K)->1828K(1856K)
[257.632s][info][gc             ] GC(572) Pause Young (Normal) (G1 Evacuation Pause) 908M->791M(978M) 47.811ms
[257.632s][info][gc,cpu         ] GC(572) User=0.10s Sys=0.00s Real=0.05s
[257.894s][info][gc,start       ] GC(573) Pause Young (Normal) (G1 Evacuation Pause)
[257.894s][info][gc,task        ] GC(573) Using 2 workers of 2 for evacuation
[257.924s][info][gc,phases      ] GC(573)   Pre Evacuate Collection Set: 0.52ms
[257.924s][info][gc,phases      ] GC(573)   Merge Heap Roots: 0.28ms
[257.924s][info][gc,phases      ] GC(573)   Evacuate Collection Set: 28.99ms
[257.924s][info][gc,phases      ] GC(573)   Post Evacuate Collection Set: 0.41ms
[257.924s][info][gc,phases      ] GC(573)   Other: 0.11ms
[257.924s][info][gc,heap        ] GC(573) Eden regions: 117->0(130)
[257.924s][info][gc,heap        ] GC(573) Survivor regions: 19->3(17)
[257.924s][info][gc,heap        ] GC(573) Old regions: 763->782
[257.924s][info][gc,heap        ] GC(573) Humongous regions: 10->10
[257.925s][info][gc,metaspace   ] GC(573) Metaspace: 18643K(18816K)->18643K(18816K) NonClass: 16815K(16960K)->16815K(16960K) Class: 1828K(1856K)->1828K(1856K)
[257.925s][info][gc             ] GC(573) Pause Young (Normal) (G1 Evacuation Pause) 908M->794M(978M) 30.578ms
[257.925s][info][gc,cpu         ] GC(573) User=0.05s Sys=0.00s Real=0.03s
[258.127s][info][gc,marking     ] GC(565) Concurrent Rebuild Remembered Sets and Scrub Regions 998.943ms
[258.127s][info][gc,start       ] GC(565) Pause Cleanup
[258.127s][info][gc             ] GC(565) Pause Cleanup 913M->913M(978M) 0.145ms
[258.127s][info][gc,cpu         ] GC(565) User=0.00s Sys=0.00s Real=0.00s
[258.127s][info][gc,marking     ] GC(565) Concurrent Clear Claimed Marks
[258.127s][info][gc,marking     ] GC(565) Concurrent Clear Claimed Marks 0.037ms
[258.127s][info][gc,marking     ] GC(565) Concurrent Cleanup for Next Mark
[258.132s][info][gc,marking     ] GC(565) Concurrent Cleanup for Next Mark 5.033ms
[258.132s][info][gc             ] GC(565) Concurrent Mark Cycle 3315.046ms
[258.157s][info][gc,start       ] GC(574) Pause Young (Prepare Mixed) (G1 Evacuation Pause)
[258.157s][info][gc,task        ] GC(574) Using 2 workers of 2 for evacuation
[258.172s][info][gc,phases      ] GC(574)   Pre Evacuate Collection Set: 0.53ms
[258.173s][info][gc,phases      ] GC(574)   Merge Heap Roots: 0.24ms
[258.173s][info][gc,phases      ] GC(574)   Evacuate Collection Set: 14.38ms
[258.173s][info][gc,phases      ] GC(574)   Post Evacuate Collection Set: 0.44ms
[258.173s][info][gc,phases      ] GC(574)   Other: 0.12ms
[258.173s][info][gc,heap        ] GC(574) Eden regions: 130->0(124)
[258.173s][info][gc,heap        ] GC(574) Survivor regions: 3->6(17)
[258.173s][info][gc,heap        ] GC(574) Old regions: 782->782
[258.173s][info][gc,heap        ] GC(574) Humongous regions: 10->10
[258.173s][info][gc,metaspace   ] GC(574) Metaspace: 18645K(18816K)->18645K(18816K) NonClass: 16817K(16960K)->16817K(16960K) Class: 1828K(1856K)->1828K(1856K)
[258.173s][info][gc             ] GC(574) Pause Young (Prepare Mixed) (G1 Evacuation Pause) 924M->797M(978M) 15.972ms
[258.173s][info][gc,cpu         ] GC(574) User=0.03s Sys=0.00s Real=0.02s
[258.330s][info][gc,start       ] GC(575) Pause Young (Mixed) (G1 Evacuation Pause)
[258.330s][info][gc,task        ] GC(575) Using 2 workers of 2 for evacuation
[258.372s][info][gc,phases      ] GC(575)   Pre Evacuate Collection Set: 0.32ms
[258.372s][info][gc,phases      ] GC(575)   Merge Heap Roots: 0.67ms
[258.372s][info][gc,phases      ] GC(575)   Evacuate Collection Set: 41.01ms
[258.372s][info][gc,phases      ] GC(575)   Post Evacuate Collection Set: 0.44ms
[258.372s][info][gc,phases      ] GC(575)   Other: 0.08ms
[258.372s][info][gc,heap        ] GC(575) Eden regions: 124->0(129)
[258.372s][info][gc,heap        ] GC(575) Survivor regions: 6->7(17)
[258.372s][info][gc,heap        ] GC(575) Old regions: 782->775
[258.372s][info][gc,heap        ] GC(575) Humongous regions: 10->10
[258.372s][info][gc,metaspace   ] GC(575) Metaspace: 18648K(18816K)->18648K(18816K) NonClass: 16820K(16960K)->16820K(16960K) Class: 1828K(1856K)->1828K(1856K)
[258.372s][info][gc             ] GC(575) Pause Young (Mixed) (G1 Evacuation Pause) 921M->790M(978M) 42.806ms
[258.372s][info][gc,cpu         ] GC(575) User=0.08s Sys=0.00s Real=0.04s
[258.467s][info][gc,start       ] GC(576) Pause Young (Concurrent Start) (G1 Evacuation Pause)
[258.467s][info][gc,task        ] GC(576) Using 2 workers of 2 for evacuation
[258.478s][info][gc,phases      ] GC(576)   Pre Evacuate Collection Set: 0.32ms
[258.478s][info][gc,phases      ] GC(576)   Merge Heap Roots: 0.14ms
[258.478s][info][gc,phases      ] GC(576)   Evacuate Collection Set: 9.49ms
[258.478s][info][gc,phases      ] GC(576)   Post Evacuate Collection Set: 0.47ms
[258.478s][info][gc,phases      ] GC(576)   Other: 0.10ms
[258.478s][info][gc,heap        ] GC(576) Eden regions: 129->0(129)
[258.478s][info][gc,heap        ] GC(576) Survivor regions: 7->7(17)
[258.478s][info][gc,heap        ] GC(576) Old regions: 775->775
[258.478s][info][gc,heap        ] GC(576) Humongous regions: 10->10
[258.478s][info][gc,metaspace   ] GC(576) Metaspace: 18648K(18816K)->18648K(18816K) NonClass: 16820K(16960K)->16820K(16960K) Class: 1828K(1856K)->1828K(1856K)
[258.478s][info][gc             ] GC(576) Pause Young (Concurrent Start) (G1 Evacuation Pause) 919M->790M(978M) 10.759ms
[258.478s][info][gc             ] GC(577) Concurrent Mark Cycle
[258.478s][info][gc,marking     ] GC(577) Concurrent Scan Root Regions
[258.480s][info][gc,cpu         ] GC(576) User=0.02s Sys=0.00s Real=0.02s
[258.491s][info][gc,marking     ] GC(577) Concurrent Scan Root Regions 12.647ms
[258.491s][info][gc,marking     ] GC(577) Concurrent Mark
[258.491s][info][gc,marking     ] GC(577) Concurrent Mark From Roots
[258.491s][info][gc,task        ] GC(577) Using 1 workers of 1 for marking
[258.883s][info][gc,start       ] GC(578) Pause Young (Normal) (G1 Evacuation Pause)
[258.883s][info][gc,task        ] GC(578) Using 2 workers of 2 for evacuation
[258.902s][info][gc,phases      ] GC(578)   Pre Evacuate Collection Set: 0.29ms
[258.902s][info][gc,phases      ] GC(578)   Merge Heap Roots: 0.19ms
[258.902s][info][gc,phases      ] GC(578)   Evacuate Collection Set: 18.08ms
[258.902s][info][gc,phases      ] GC(578)   Post Evacuate Collection Set: 0.45ms
[258.902s][info][gc,phases      ] GC(578)   Other: 0.12ms
[258.902s][info][gc,heap        ] GC(578) Eden regions: 129->0(117)
[258.902s][info][gc,heap        ] GC(578) Survivor regions: 7->13(17)
[258.902s][info][gc,heap        ] GC(578) Old regions: 775->775
[258.902s][info][gc,heap        ] GC(578) Humongous regions: 10->10
[258.902s][info][gc,metaspace   ] GC(578) Metaspace: 18651K(18816K)->18651K(18816K) NonClass: 16823K(16960K)->16823K(16960K) Class: 1828K(1856K)->1828K(1856K)
[258.902s][info][gc             ] GC(578) Pause Young (Normal) (G1 Evacuation Pause) 919M->796M(978M) 19.409ms
[258.902s][info][gc,cpu         ] GC(578) User=0.03s Sys=0.00s Real=0.02s
[259.147s][info][gc,start       ] GC(579) Pause Young (Normal) (G1 Evacuation Pause)
[259.147s][info][gc,task        ] GC(579) Using 2 workers of 2 for evacuation
[259.167s][info][gc,phases      ] GC(579)   Pre Evacuate Collection Set: 0.53ms
[259.167s][info][gc,phases      ] GC(579)   Merge Heap Roots: 0.16ms
[259.167s][info][gc,phases      ] GC(579)   Evacuate Collection Set: 18.21ms
[259.167s][info][gc,phases      ] GC(579)   Post Evacuate Collection Set: 0.39ms
[259.167s][info][gc,phases      ] GC(579)   Other: 0.10ms
[259.167s][info][gc,heap        ] GC(579) Eden regions: 117->0(119)
[259.167s][info][gc,heap        ] GC(579) Survivor regions: 13->9(17)
[259.167s][info][gc,heap        ] GC(579) Old regions: 775->781
[259.167s][info][gc,heap        ] GC(579) Humongous regions: 10->10
[259.167s][info][gc,metaspace   ] GC(579) Metaspace: 18651K(18816K)->18651K(18816K) NonClass: 16823K(16960K)->16823K(16960K) Class: 1828K(1856K)->1828K(1856K)
[259.167s][info][gc             ] GC(579) Pause Young (Normal) (G1 Evacuation Pause) 913M->798M(978M) 19.684ms
[259.167s][info][gc,cpu         ] GC(579) User=0.04s Sys=0.00s Real=0.02s
[259.597s][info][gc,start       ] GC(580) Pause Young (Normal) (G1 Evacuation Pause)
[259.598s][info][gc,task        ] GC(580) Using 2 workers of 2 for evacuation
[259.613s][info][gc,phases      ] GC(580)   Pre Evacuate Collection Set: 0.65ms
[259.613s][info][gc,phases      ] GC(580)   Merge Heap Roots: 0.25ms
[259.613s][info][gc,phases      ] GC(580)   Evacuate Collection Set: 14.02ms
[259.613s][info][gc,phases      ] GC(580)   Post Evacuate Collection Set: 0.41ms
[259.613s][info][gc,phases      ] GC(580)   Other: 0.11ms
[259.613s][info][gc,heap        ] GC(580) Eden regions: 119->0(118)
[259.613s][info][gc,heap        ] GC(580) Survivor regions: 9->9(16)
[259.613s][info][gc,heap        ] GC(580) Old regions: 781->782
[259.613s][info][gc,heap        ] GC(580) Humongous regions: 10->10
[259.613s][info][gc,metaspace   ] GC(580) Metaspace: 18651K(18816K)->18651K(18816K) NonClass: 16823K(16960K)->16823K(16960K) Class: 1828K(1856K)->1828K(1856K)
[259.613s][info][gc             ] GC(580) Pause Young (Normal) (G1 Evacuation Pause) 917M->799M(978M) 15.685ms
[259.613s][info][gc,cpu         ] GC(580) User=0.03s Sys=0.01s Real=0.02s
[260.267s][info][gc,start       ] GC(581) Pause Young (Normal) (G1 Evacuation Pause)
[260.267s][info][gc,task        ] GC(581) Using 2 workers of 2 for evacuation
[260.280s][info][gc,phases      ] GC(581)   Pre Evacuate Collection Set: 0.36ms
[260.280s][info][gc,phases      ] GC(581)   Merge Heap Roots: 0.18ms
[260.280s][info][gc,phases      ] GC(581)   Evacuate Collection Set: 12.14ms
[260.280s][info][gc,phases      ] GC(581)   Post Evacuate Collection Set: 0.41ms
[260.280s][info][gc,phases      ] GC(581)   Other: 0.09ms
[260.280s][info][gc,heap        ] GC(581) Eden regions: 118->0(118)
[260.280s][info][gc,heap        ] GC(581) Survivor regions: 9->9(16)
[260.280s][info][gc,heap        ] GC(581) Old regions: 782->782
[260.280s][info][gc,heap        ] GC(581) Humongous regions: 10->10
[260.280s][info][gc,metaspace   ] GC(581) Metaspace: 18655K(18816K)->18655K(18816K) NonClass: 16826K(16960K)->16826K(16960K) Class: 1828K(1856K)->1828K(1856K)
[260.280s][info][gc             ] GC(581) Pause Young (Normal) (G1 Evacuation Pause) 917M->800M(978M) 13.467ms
[260.280s][info][gc,cpu         ] GC(581) User=0.02s Sys=0.00s Real=0.02s
[260.979s][info][gc,start       ] GC(582) Pause Young (Normal) (G1 Evacuation Pause)
[260.979s][info][gc,task        ] GC(582) Using 2 workers of 2 for evacuation
[260.992s][info][gc,phases      ] GC(582)   Pre Evacuate Collection Set: 0.33ms
[260.992s][info][gc,phases      ] GC(582)   Merge Heap Roots: 0.15ms
[260.992s][info][gc,phases      ] GC(582)   Evacuate Collection Set: 11.46ms
[260.992s][info][gc,phases      ] GC(582)   Post Evacuate Collection Set: 0.40ms
[260.992s][info][gc,phases      ] GC(582)   Other: 0.10ms
[260.992s][info][gc,heap        ] GC(582) Eden regions: 118->0(124)
[260.992s][info][gc,heap        ] GC(582) Survivor regions: 9->3(16)
[260.992s][info][gc,heap        ] GC(582) Old regions: 782->788
[260.992s][info][gc,heap        ] GC(582) Humongous regions: 10->10
[260.992s][info][gc,metaspace   ] GC(582) Metaspace: 18655K(18816K)->18655K(18816K) NonClass: 16826K(16960K)->16826K(16960K) Class: 1828K(1856K)->1828K(1856K)
[260.992s][info][gc             ] GC(582) Pause Young (Normal) (G1 Evacuation Pause) 918M->799M(978M) 12.671ms
[260.992s][info][gc,cpu         ] GC(582) User=0.03s Sys=0.00s Real=0.01s
[261.339s][info][gc,marking     ] GC(577) Concurrent Mark From Roots 2847.793ms
[261.339s][info][gc,marking     ] GC(577) Concurrent Preclean
[261.339s][info][gc,marking     ] GC(577) Concurrent Preclean 0.055ms
[261.339s][info][gc,start       ] GC(577) Pause Remark
[261.347s][info][gc             ] GC(577) Pause Remark 884M->883M(978M) 8.247ms
[261.347s][info][gc,cpu         ] GC(577) User=0.02s Sys=0.00s Real=0.00s
[261.347s][info][gc,marking     ] GC(577) Concurrent Mark 2856.441ms
[261.347s][info][gc,marking     ] GC(577) Concurrent Rebuild Remembered Sets and Scrub Regions
[261.538s][info][gc,start       ] GC(583) Pause Young (Normal) (G1 Evacuation Pause)
[261.538s][info][gc,task        ] GC(583) Using 2 workers of 2 for evacuation
[261.571s][info][gc,phases      ] GC(583)   Pre Evacuate Collection Set: 0.29ms
[261.571s][info][gc,phases      ] GC(583)   Merge Heap Roots: 0.25ms
[261.571s][info][gc,phases      ] GC(583)   Evacuate Collection Set: 31.53ms
[261.571s][info][gc,phases      ] GC(583)   Post Evacuate Collection Set: 0.40ms
[261.571s][info][gc,phases      ] GC(583)   Other: 0.11ms
[261.571s][info][gc,heap        ] GC(583) Eden regions: 124->0(90)
[261.571s][info][gc,heap        ] GC(583) Survivor regions: 3->16(16)
[261.571s][info][gc,heap        ] GC(583) Old regions: 788->797
[261.571s][info][gc,heap        ] GC(583) Humongous regions: 9->9
[261.571s][info][gc,metaspace   ] GC(583) Metaspace: 18655K(18816K)->18655K(18816K) NonClass: 16827K(16960K)->16827K(16960K) Class: 1828K(1856K)->1828K(1856K)
[261.571s][info][gc             ] GC(583) Pause Young (Normal) (G1 Evacuation Pause) 922M->821M(978M) 32.857ms
[261.571s][info][gc,cpu         ] GC(583) User=0.06s Sys=0.00s Real=0.03s
[261.909s][info][gc,start       ] GC(584) Pause Young (Normal) (G1 Evacuation Pause)
[261.909s][info][gc,task        ] GC(584) Using 2 workers of 2 for evacuation
[261.929s][info][gc,phases      ] GC(584)   Pre Evacuate Collection Set: 0.52ms
[261.929s][info][gc,phases      ] GC(584)   Merge Heap Roots: 0.15ms
[261.929s][info][gc,phases      ] GC(584)   Evacuate Collection Set: 19.52ms
[261.929s][info][gc,phases      ] GC(584)   Post Evacuate Collection Set: 0.38ms
[261.929s][info][gc,phases      ] GC(584)   Other: 0.11ms
[261.930s][info][gc,heap        ] GC(584) Eden regions: 90->0(103)
[261.930s][info][gc,heap        ] GC(584) Survivor regions: 16->1(14)
[261.930s][info][gc,heap        ] GC(584) Old regions: 797->814
[261.930s][info][gc,heap        ] GC(584) Humongous regions: 9->9
[261.930s][info][gc,metaspace   ] GC(584) Metaspace: 18655K(18816K)->18655K(18816K) NonClass: 16827K(16960K)->16827K(16960K) Class: 1828K(1856K)->1828K(1856K)
[261.930s][info][gc             ] GC(584) Pause Young (Normal) (G1 Evacuation Pause) 911M->823M(978M) 20.935ms
[261.930s][info][gc,cpu         ] GC(584) User=0.05s Sys=0.00s Real=0.02s
[262.213s][info][gc,marking     ] GC(577) Concurrent Rebuild Remembered Sets and Scrub Regions 866.063ms
[262.214s][info][gc,start       ] GC(577) Pause Cleanup
[262.214s][info][gc             ] GC(577) Pause Cleanup 882M->882M(978M) 0.150ms
[262.214s][info][gc,cpu         ] GC(577) User=0.00s Sys=0.00s Real=0.00s
[262.214s][info][gc,marking     ] GC(577) Concurrent Clear Claimed Marks
[262.214s][info][gc,marking     ] GC(577) Concurrent Clear Claimed Marks 0.038ms
[262.214s][info][gc,marking     ] GC(577) Concurrent Cleanup for Next Mark
[262.221s][info][gc,marking     ] GC(577) Concurrent Cleanup for Next Mark 7.336ms
[262.221s][info][gc             ] GC(577) Concurrent Mark Cycle 3743.119ms
[262.315s][info][gc,start       ] GC(585) Pause Young (Prepare Mixed) (G1 Evacuation Pause)
[262.315s][info][gc,task        ] GC(585) Using 2 workers of 2 for evacuation
[262.316s][info][gc,phases      ] GC(585)   Pre Evacuate Collection Set: 0.32ms
[262.316s][info][gc,phases      ] GC(585)   Merge Heap Roots: 0.08ms
[262.316s][info][gc,phases      ] GC(585)   Evacuate Collection Set: 0.69ms
[262.316s][info][gc,phases      ] GC(585)   Post Evacuate Collection Set: 0.33ms
[262.316s][info][gc,phases      ] GC(585)   Other: 0.11ms
[262.316s][info][gc,heap        ] GC(585) Eden regions: 103->0(103)
[262.316s][info][gc,heap        ] GC(585) Survivor regions: 1->1(13)
[262.316s][info][gc,heap        ] GC(585) Old regions: 814->814
[262.316s][info][gc,heap        ] GC(585) Humongous regions: 9->9
[262.316s][info][gc,metaspace   ] GC(585) Metaspace: 18655K(18816K)->18655K(18816K) NonClass: 16827K(16960K)->16827K(16960K) Class: 1828K(1856K)->1828K(1856K)
[262.316s][info][gc             ] GC(585) Pause Young (Prepare Mixed) (G1 Evacuation Pause) 926M->822M(978M) 1.732ms
[262.316s][info][gc,cpu         ] GC(585) User=0.00s Sys=0.00s Real=0.00s
[262.502s][info][gc,start       ] GC(586) Pause Young (Mixed) (G1 Evacuation Pause)
[262.502s][info][gc,task        ] GC(586) Using 2 workers of 2 for evacuation
[262.520s][info][gc,phases      ] GC(586)   Pre Evacuate Collection Set: 0.32ms
[262.520s][info][gc,phases      ] GC(586)   Merge Heap Roots: 0.31ms
[262.520s][info][gc,phases      ] GC(586)   Evacuate Collection Set: 16.13ms
[262.520s][info][gc,phases      ] GC(586)   Post Evacuate Collection Set: 0.36ms
[262.520s][info][gc,phases      ] GC(586)   Other: 0.11ms
[262.520s][info][gc,heap        ] GC(586) Eden regions: 103->0(111)
[262.520s][info][gc,heap        ] GC(586) Survivor regions: 1->1(13)
[262.520s][info][gc,heap        ] GC(586) Old regions: 814->806
[262.520s][info][gc,heap        ] GC(586) Humongous regions: 9->9
[262.520s][info][gc,metaspace   ] GC(586) Metaspace: 18655K(18816K)->18655K(18816K) NonClass: 16827K(16960K)->16827K(16960K) Class: 1828K(1856K)->1828K(1856K)
[262.520s][info][gc             ] GC(586) Pause Young (Mixed) (G1 Evacuation Pause) 925M->814M(978M) 17.492ms
[262.520s][info][gc,cpu         ] GC(586) User=0.03s Sys=0.00s Real=0.02s
[263.173s][info][gc,start       ] GC(587) Pause Young (Concurrent Start) (G1 Evacuation Pause)
[263.173s][info][gc,task        ] GC(587) Using 2 workers of 2 for evacuation
[263.176s][info][gc,phases      ] GC(587)   Pre Evacuate Collection Set: 0.35ms
[263.176s][info][gc,phases      ] GC(587)   Merge Heap Roots: 0.13ms
[263.176s][info][gc,phases      ] GC(587)   Evacuate Collection Set: 2.46ms
[263.176s][info][gc,phases      ] GC(587)   Post Evacuate Collection Set: 0.39ms
[263.176s][info][gc,phases      ] GC(587)   Other: 0.13ms
[263.176s][info][gc,heap        ] GC(587) Eden regions: 111->0(111)
[263.176s][info][gc,heap        ] GC(587) Survivor regions: 1->1(14)
[263.176s][info][gc,heap        ] GC(587) Old regions: 806->806
[263.176s][info][gc,heap        ] GC(587) Humongous regions: 9->9
[263.176s][info][gc,metaspace   ] GC(587) Metaspace: 18670K(18880K)->18670K(18880K) NonClass: 16842K(17024K)->16842K(17024K) Class: 1828K(1856K)->1828K(1856K)
[263.177s][info][gc             ] GC(587) Pause Young (Concurrent Start) (G1 Evacuation Pause) 925M->815M(978M) 3.728ms
[263.177s][info][gc             ] GC(588) Concurrent Mark Cycle
[263.177s][info][gc,marking     ] GC(588) Concurrent Scan Root Regions
[263.177s][info][gc,cpu         ] GC(587) User=0.00s Sys=0.00s Real=0.00s
[263.178s][info][gc,marking     ] GC(588) Concurrent Scan Root Regions 1.433ms
[263.178s][info][gc,marking     ] GC(588) Concurrent Mark
[263.178s][info][gc,marking     ] GC(588) Concurrent Mark From Roots
[263.178s][info][gc,task        ] GC(588) Using 1 workers of 1 for marking
[263.896s][info][gc,start       ] GC(589) Pause Young (Normal) (G1 Evacuation Pause)
[263.896s][info][gc,task        ] GC(589) Using 2 workers of 2 for evacuation
[263.901s][info][gc,phases      ] GC(589)   Pre Evacuate Collection Set: 0.56ms
[263.901s][info][gc,phases      ] GC(589)   Merge Heap Roots: 0.12ms
[263.901s][info][gc,phases      ] GC(589)   Evacuate Collection Set: 3.51ms
[263.901s][info][gc,phases      ] GC(589)   Post Evacuate Collection Set: 0.36ms
[263.901s][info][gc,phases      ] GC(589)   Other: 0.08ms
[263.901s][info][gc,heap        ] GC(589) Eden regions: 111->0(109)
[263.901s][info][gc,heap        ] GC(589) Survivor regions: 1->2(14)
[263.901s][info][gc,heap        ] GC(589) Old regions: 806->806
[263.901s][info][gc,heap        ] GC(589) Humongous regions: 9->9
[263.901s][info][gc,metaspace   ] GC(589) Metaspace: 18671K(18880K)->18671K(18880K) NonClass: 16843K(17024K)->16843K(17024K) Class: 1828K(1856K)->1828K(1856K)
[263.901s][info][gc             ] GC(589) Pause Young (Normal) (G1 Evacuation Pause) 926M->816M(978M) 4.882ms
[263.901s][info][gc,cpu         ] GC(589) User=0.01s Sys=0.00s Real=0.01s
[264.305s][info][gc,marking     ] GC(588) Concurrent Mark From Roots 1126.950ms
[264.305s][info][gc,marking     ] GC(588) Concurrent Preclean
[264.305s][info][gc,marking     ] GC(588) Concurrent Preclean 0.046ms
[264.305s][info][gc,start       ] GC(588) Pause Remark
[264.313s][info][gc             ] GC(588) Pause Remark 857M->633M(978M) 8.040ms
[264.313s][info][gc,cpu         ] GC(588) User=0.01s Sys=0.00s Real=0.01s
[264.313s][info][gc,marking     ] GC(588) Concurrent Mark 1135.408ms
[264.313s][info][gc,marking     ] GC(588) Concurrent Rebuild Remembered Sets and Scrub Regions
[264.705s][info][gc,start       ] GC(590) Pause Young (Normal) (G1 Evacuation Pause)
[264.706s][info][gc,task        ] GC(590) Using 2 workers of 2 for evacuation
[264.711s][info][gc,phases      ] GC(590)   Pre Evacuate Collection Set: 0.29ms
[264.711s][info][gc,phases      ] GC(590)   Merge Heap Roots: 0.11ms
[264.711s][info][gc,phases      ] GC(590)   Evacuate Collection Set: 4.66ms
[264.711s][info][gc,phases      ] GC(590)   Post Evacuate Collection Set: 0.38ms
[264.711s][info][gc,phases      ] GC(590)   Other: 0.10ms
[264.711s][info][gc,heap        ] GC(590) Eden regions: 109->0(331)
[264.711s][info][gc,heap        ] GC(590) Survivor regions: 2->3(14)
[264.711s][info][gc,heap        ] GC(590) Old regions: 586->586
[264.711s][info][gc,heap        ] GC(590) Humongous regions: 5->5
[264.711s][info][gc,metaspace   ] GC(590) Metaspace: 18726K(18880K)->18726K(18880K) NonClass: 16898K(17024K)->16898K(17024K) Class: 1828K(1856K)->1828K(1856K)
[264.711s][info][gc             ] GC(590) Pause Young (Normal) (G1 Evacuation Pause) 701M->593M(978M) 5.769ms
[264.711s][info][gc,cpu         ] GC(590) User=0.01s Sys=0.00s Real=0.01s
[264.727s][info][gc,marking     ] GC(588) Concurrent Rebuild Remembered Sets and Scrub Regions 413.732ms
[264.727s][info][gc,start       ] GC(588) Pause Cleanup
[264.727s][info][gc             ] GC(588) Pause Cleanup 595M->595M(978M) 0.150ms
[264.728s][info][gc,cpu         ] GC(588) User=0.00s Sys=0.00s Real=0.00s
[264.728s][info][gc,marking     ] GC(588) Concurrent Clear Claimed Marks
[264.728s][info][gc,marking     ] GC(588) Concurrent Clear Claimed Marks 0.037ms
[264.728s][info][gc,marking     ] GC(588) Concurrent Cleanup for Next Mark
[264.735s][info][gc,marking     ] GC(588) Concurrent Cleanup for Next Mark 6.926ms
[264.735s][info][gc             ] GC(588) Concurrent Mark Cycle 1558.069ms
[265.486s][info][gc,start       ] GC(591) Pause Young (Prepare Mixed) (G1 Evacuation Pause)
[265.486s][info][gc,task        ] GC(591) Using 2 workers of 2 for evacuation
[265.503s][info][gc,phases      ] GC(591)   Pre Evacuate Collection Set: 0.29ms
[265.503s][info][gc,phases      ] GC(591)   Merge Heap Roots: 0.13ms
[265.503s][info][gc,phases      ] GC(591)   Evacuate Collection Set: 16.07ms
[265.503s][info][gc,phases      ] GC(591)   Post Evacuate Collection Set: 0.59ms
[265.503s][info][gc,phases      ] GC(591)   Other: 0.10ms
[265.503s][info][gc,heap        ] GC(591) Eden regions: 331->0(305)
[265.503s][info][gc,heap        ] GC(591) Survivor regions: 3->16(42)
[265.503s][info][gc,heap        ] GC(591) Old regions: 586->586
[265.503s][info][gc,heap        ] GC(591) Humongous regions: 5->5
[265.503s][info][gc,metaspace   ] GC(591) Metaspace: 18737K(18880K)->18737K(18880K) NonClass: 16908K(17024K)->16908K(17024K) Class: 1828K(1856K)->1828K(1856K)
[265.503s][info][gc             ] GC(591) Pause Young (Prepare Mixed) (G1 Evacuation Pause) 924M->606M(978M) 17.408ms
[265.503s][info][gc,cpu         ] GC(591) User=0.04s Sys=0.00s Real=0.02s
[265.759s][info][gc,start       ] GC(592) Pause Young (Mixed) (G1 Evacuation Pause)
[265.760s][info][gc,task        ] GC(592) Using 2 workers of 2 for evacuation
[265.966s][info][gc,mmu         ] GC(592) MMU target violated: 201.0ms (200.0ms/201.0ms)
[265.966s][info][gc,phases      ] GC(592)   Pre Evacuate Collection Set: 0.50ms
[265.966s][info][gc,phases      ] GC(592)   Merge Heap Roots: 0.97ms
[265.966s][info][gc,phases      ] GC(592)   Evacuate Collection Set: 178.42ms
[265.966s][info][gc,phases      ] GC(592)   Post Evacuate Collection Set: 26.72ms
[265.966s][info][gc,phases      ] GC(592)   Other: 0.17ms
[265.966s][info][gc,heap        ] GC(592) Eden regions: 305->0(7)
[265.966s][info][gc,heap        ] GC(592) Survivor regions: 16->41(41)
[265.966s][info][gc,heap        ] GC(592) Old regions: 586->840
[265.966s][info][gc,heap        ] GC(592) Humongous regions: 5->5
[265.966s][info][gc,metaspace   ] GC(592) Metaspace: 18760K(18880K)->18760K(18880K) NonClass: 16931K(17024K)->16931K(17024K) Class: 1828K(1856K)->1828K(1856K)
[265.966s][info][gc             ] GC(592) Pause Young (Mixed) (G1 Evacuation Pause) (Evacuation Failure: Allocation) 911M->885M(978M) 206.983ms
[265.966s][info][gc,cpu         ] GC(592) User=0.41s Sys=0.00s Real=0.20s
[265.985s][info][gc,start       ] GC(593) Pause Young (Concurrent Start) (G1 Evacuation Pause)
[265.985s][info][gc,task        ] GC(593) Using 2 workers of 2 for evacuation
[266.129s][info][gc,phases      ] GC(593)   Pre Evacuate Collection Set: 0.51ms
[266.129s][info][gc,phases      ] GC(593)   Merge Heap Roots: 1.81ms
[266.130s][info][gc,phases      ] GC(593)   Evacuate Collection Set: 113.13ms
[266.130s][info][gc,phases      ] GC(593)   Merge Optional Heap Roots: 0.05ms
[266.130s][info][gc,phases      ] GC(593)   Evacuate Optional Collection Set: 27.50ms
[266.130s][info][gc,phases      ] GC(593)   Post Evacuate Collection Set: 0.82ms
[266.130s][info][gc,phases      ] GC(593)   Other: 0.23ms
[266.130s][info][gc,heap        ] GC(593) Eden regions: 7->0(179)
[266.130s][info][gc,heap        ] GC(593) Survivor regions: 41->4(6)
[266.130s][info][gc,heap        ] GC(593) Old regions: 840->716
[266.130s][info][gc,heap        ] GC(593) Humongous regions: 5->5
[266.130s][info][gc,metaspace   ] GC(593) Metaspace: 18760K(18880K)->18760K(18880K) NonClass: 16931K(17024K)->16931K(17024K) Class: 1828K(1856K)->1828K(1856K)
[266.130s][info][gc             ] GC(593) Pause Young (Concurrent Start) (G1 Evacuation Pause) 892M->724M(978M) 144.308ms
[266.130s][info][gc,cpu         ] GC(593) User=0.28s Sys=0.00s Real=0.15s
[266.130s][info][gc             ] GC(594) Concurrent Mark Cycle
[266.130s][info][gc,marking     ] GC(594) Concurrent Scan Root Regions
[266.259s][info][gc,marking     ] GC(594) Concurrent Scan Root Regions 128.812ms
[266.259s][info][gc,marking     ] GC(594) Concurrent Mark
[266.259s][info][gc,marking     ] GC(594) Concurrent Mark From Roots
[266.259s][info][gc,task        ] GC(594) Using 1 workers of 1 for marking
[266.896s][info][gc,start       ] GC(595) Pause Young (Normal) (G1 Evacuation Pause)
[266.896s][info][gc,task        ] GC(595) Using 2 workers of 2 for evacuation
[267.025s][info][gc,phases      ] GC(595)   Pre Evacuate Collection Set: 0.35ms
[267.025s][info][gc,phases      ] GC(595)   Merge Heap Roots: 0.60ms
[267.025s][info][gc,phases      ] GC(595)   Evacuate Collection Set: 120.76ms
[267.025s][info][gc,phases      ] GC(595)   Post Evacuate Collection Set: 7.10ms
[267.025s][info][gc,phases      ] GC(595)   Other: 0.09ms
[267.025s][info][gc,heap        ] GC(595) Eden regions: 179->0(95)
[267.025s][info][gc,heap        ] GC(595) Survivor regions: 4->23(23)
[267.025s][info][gc,heap        ] GC(595) Old regions: 716->781
[267.025s][info][gc,heap        ] GC(595) Humongous regions: 6->6
[267.025s][info][gc,metaspace   ] GC(595) Metaspace: 18779K(18880K)->18779K(18880K) NonClass: 16950K(17024K)->16950K(17024K) Class: 1828K(1856K)->1828K(1856K)
[267.025s][info][gc             ] GC(595) Pause Young (Normal) (G1 Evacuation Pause) (Evacuation Failure: Allocation) 904M->809M(978M) 129.157ms
[267.025s][info][gc,cpu         ] GC(595) User=0.26s Sys=0.00s Real=0.13s
[267.261s][info][gc,start       ] GC(596) Pause Young (Normal) (G1 Evacuation Pause)
[267.261s][info][gc,task        ] GC(596) Using 2 workers of 2 for evacuation
[267.373s][info][gc,phases      ] GC(596)   Pre Evacuate Collection Set: 0.52ms
[267.373s][info][gc,phases      ] GC(596)   Merge Heap Roots: 0.82ms
[267.373s][info][gc,phases      ] GC(596)   Evacuate Collection Set: 109.80ms
[267.373s][info][gc,phases      ] GC(596)   Post Evacuate Collection Set: 0.51ms
[267.373s][info][gc,phases      ] GC(596)   Other: 0.09ms
[267.373s][info][gc,heap        ] GC(596) Eden regions: 95->0(152)
[267.373s][info][gc,heap        ] GC(596) Survivor regions: 23->15(15)
[267.373s][info][gc,heap        ] GC(596) Old regions: 781->714
[267.373s][info][gc,heap        ] GC(596) Humongous regions: 9->9
[267.373s][info][gc,metaspace   ] GC(596) Metaspace: 18779K(18880K)->18779K(18880K) NonClass: 16951K(17024K)->16951K(17024K) Class: 1828K(1856K)->1828K(1856K)
[267.373s][info][gc             ] GC(596) Pause Young (Normal) (G1 Evacuation Pause) 907M->737M(978M) 111.965ms
[267.373s][info][gc,cpu         ] GC(596) User=0.22s Sys=0.00s Real=0.11s
[267.605s][info][gc,start       ] GC(597) Pause Young (Normal) (G1 Evacuation Pause)
[267.606s][info][gc,task        ] GC(597) Using 2 workers of 2 for evacuation
[267.652s][info][gc,phases      ] GC(597)   Pre Evacuate Collection Set: 0.54ms
[267.652s][info][gc,phases      ] GC(597)   Merge Heap Roots: 0.32ms
[267.652s][info][gc,phases      ] GC(597)   Evacuate Collection Set: 45.10ms
[267.652s][info][gc,phases      ] GC(597)   Post Evacuate Collection Set: 0.43ms
[267.652s][info][gc,phases      ] GC(597)   Other: 0.08ms
[267.652s][info][gc,heap        ] GC(597) Eden regions: 152->0(149)
[267.652s][info][gc,heap        ] GC(597) Survivor regions: 15->14(21)
[267.652s][info][gc,heap        ] GC(597) Old regions: 714->729
[267.652s][info][gc,heap        ] GC(597) Humongous regions: 9->9
[267.652s][info][gc,metaspace   ] GC(597) Metaspace: 18779K(18880K)->18779K(18880K) NonClass: 16951K(17024K)->16951K(17024K) Class: 1828K(1856K)->1828K(1856K)
[267.652s][info][gc             ] GC(597) Pause Young (Normal) (G1 Evacuation Pause) 889M->751M(978M) 46.702ms
[267.652s][info][gc,cpu         ] GC(597) User=0.09s Sys=0.00s Real=0.05s
[267.844s][info][gc,start       ] GC(598) Pause Young (Normal) (G1 Evacuation Pause)
[267.844s][info][gc,task        ] GC(598) Using 2 workers of 2 for evacuation
[267.872s][info][gc,phases      ] GC(598)   Pre Evacuate Collection Set: 0.50ms
[267.872s][info][gc,phases      ] GC(598)   Merge Heap Roots: 0.17ms
[267.872s][info][gc,phases      ] GC(598)   Evacuate Collection Set: 26.47ms
[267.872s][info][gc,phases      ] GC(598)   Post Evacuate Collection Set: 0.41ms
[267.872s][info][gc,phases      ] GC(598)   Other: 0.08ms
[267.872s][info][gc,heap        ] GC(598) Eden regions: 149->0(151)
[267.872s][info][gc,heap        ] GC(598) Survivor regions: 14->8(21)
[267.872s][info][gc,heap        ] GC(598) Old regions: 729->743
[267.872s][info][gc,heap        ] GC(598) Humongous regions: 9->9
[267.872s][info][gc,metaspace   ] GC(598) Metaspace: 18779K(18880K)->18779K(18880K) NonClass: 16951K(17024K)->16951K(17024K) Class: 1828K(1856K)->1828K(1856K)
[267.872s][info][gc             ] GC(598) Pause Young (Normal) (G1 Evacuation Pause) 900M->759M(978M) 27.903ms
[267.872s][info][gc,cpu         ] GC(598) User=0.05s Sys=0.00s Real=0.03s
[268.054s][info][gc,start       ] GC(599) Pause Young (Normal) (G1 Evacuation Pause)
[268.054s][info][gc,task        ] GC(599) Using 2 workers of 2 for evacuation
[268.073s][info][gc,phases      ] GC(599)   Pre Evacuate Collection Set: 0.50ms
[268.073s][info][gc,phases      ] GC(599)   Merge Heap Roots: 0.17ms
[268.073s][info][gc,phases      ] GC(599)   Evacuate Collection Set: 17.63ms
[268.073s][info][gc,phases      ] GC(599)   Post Evacuate Collection Set: 0.40ms
[268.073s][info][gc,phases      ] GC(599)   Other: 0.10ms
[268.073s][info][gc,heap        ] GC(599) Eden regions: 151->0(148)
[268.073s][info][gc,heap        ] GC(599) Survivor regions: 8->14(20)
[268.073s][info][gc,heap        ] GC(599) Old regions: 743->743
[268.073s][info][gc,heap        ] GC(599) Humongous regions: 9->9
[268.073s][info][gc,metaspace   ] GC(599) Metaspace: 18779K(18880K)->18779K(18880K) NonClass: 16951K(17024K)->16951K(17024K) Class: 1828K(1856K)->1828K(1856K)
[268.073s][info][gc             ] GC(599) Pause Young (Normal) (G1 Evacuation Pause) 910M->765M(978M) 19.013ms
[268.073s][info][gc,cpu         ] GC(599) User=0.04s Sys=0.00s Real=0.02s
[268.255s][info][gc,start       ] GC(600) Pause Young (Normal) (G1 Evacuation Pause)
[268.255s][info][gc,task        ] GC(600) Using 2 workers of 2 for evacuation
[268.276s][info][gc,phases      ] GC(600)   Pre Evacuate Collection Set: 0.50ms
[268.277s][info][gc,phases      ] GC(600)   Merge Heap Roots: 0.16ms
[268.277s][info][gc,phases      ] GC(600)   Evacuate Collection Set: 19.90ms
[268.277s][info][gc,phases      ] GC(600)   Post Evacuate Collection Set: 0.42ms
[268.277s][info][gc,phases      ] GC(600)   Other: 0.11ms
[268.277s][info][gc,heap        ] GC(600) Eden regions: 148->0(150)
[268.277s][info][gc,heap        ] GC(600) Survivor regions: 14->9(21)
[268.277s][info][gc,heap        ] GC(600) Old regions: 743->751
[268.277s][info][gc,heap        ] GC(600) Humongous regions: 9->9
[268.277s][info][gc,metaspace   ] GC(600) Metaspace: 18779K(18880K)->18779K(18880K) NonClass: 16951K(17024K)->16951K(17024K) Class: 1828K(1856K)->1828K(1856K)
[268.277s][info][gc             ] GC(600) Pause Young (Normal) (G1 Evacuation Pause) 913M->768M(978M) 21.308ms
[268.277s][info][gc,cpu         ] GC(600) User=0.04s Sys=0.00s Real=0.02s
[268.376s][info][gc,marking     ] GC(594) Concurrent Mark From Roots 2116.988ms
[268.376s][info][gc,marking     ] GC(594) Concurrent Preclean
[268.376s][info][gc,marking     ] GC(594) Concurrent Preclean 0.048ms
[268.376s][info][gc,start       ] GC(594) Pause Remark
[268.387s][info][metaspace      ] ChkMgr @0x00007f0d1c15e580 (non-class-space): : reclaiming memory...
[268.387s][info][metaspace      ] ChkMgr @0x00007f0d1c15e580 (non-class-space): nothing reclaimed.
[268.387s][info][metaspace      ] ChkMgr @0x00007f0d1c15c690 (class-space): : reclaiming memory...
[268.387s][info][metaspace      ] ChkMgr @0x00007f0d1c15c690 (class-space): nothing reclaimed.
[268.387s][info][gc             ] GC(594) Pause Remark 854M->854M(978M) 11.524ms
[268.387s][info][gc,cpu         ] GC(594) User=0.02s Sys=0.00s Real=0.01s
[268.388s][info][gc,marking     ] GC(594) Concurrent Mark 2129.908ms
[268.389s][info][gc,marking     ] GC(594) Concurrent Rebuild Remembered Sets and Scrub Regions
[268.474s][info][gc,start       ] GC(601) Pause Young (Normal) (G1 Evacuation Pause)
[268.474s][info][gc,task        ] GC(601) Using 2 workers of 2 for evacuation
[268.487s][info][gc,phases      ] GC(601)   Pre Evacuate Collection Set: 0.50ms
[268.487s][info][gc,phases      ] GC(601)   Merge Heap Roots: 0.23ms
[268.487s][info][gc,phases      ] GC(601)   Evacuate Collection Set: 11.56ms
[268.487s][info][gc,phases      ] GC(601)   Post Evacuate Collection Set: 0.37ms
[268.487s][info][gc,phases      ] GC(601)   Other: 0.09ms
[268.487s][info][gc,heap        ] GC(601) Eden regions: 150->0(148)
[268.487s][info][gc,heap        ] GC(601) Survivor regions: 9->10(20)
[268.487s][info][gc,heap        ] GC(601) Old regions: 751->751
[268.487s][info][gc,heap        ] GC(601) Humongous regions: 9->9
[268.487s][info][gc,metaspace   ] GC(601) Metaspace: 18768K(18880K)->18768K(18880K) NonClass: 16939K(17024K)->16939K(17024K) Class: 1828K(1856K)->1828K(1856K)
[268.487s][info][gc             ] GC(601) Pause Young (Normal) (G1 Evacuation Pause) 918M->768M(978M) 13.003ms
[268.487s][info][gc,cpu         ] GC(601) User=0.02s Sys=0.00s Real=0.01s
[268.702s][info][gc,start       ] GC(602) Pause Young (Normal) (G1 Evacuation Pause)
[268.702s][info][gc,task        ] GC(602) Using 2 workers of 2 for evacuation
[268.745s][info][gc,phases      ] GC(602)   Pre Evacuate Collection Set: 0.46ms
[268.746s][info][gc,phases      ] GC(602)   Merge Heap Roots: 0.20ms
[268.746s][info][gc,phases      ] GC(602)   Evacuate Collection Set: 42.18ms
[268.746s][info][gc,phases      ] GC(602)   Post Evacuate Collection Set: 0.44ms
[268.746s][info][gc,phases      ] GC(602)   Other: 0.09ms
[268.746s][info][gc,heap        ] GC(602) Eden regions: 148->0(108)
[268.746s][info][gc,heap        ] GC(602) Survivor regions: 10->20(20)
[268.746s][info][gc,heap        ] GC(602) Old regions: 751->771
[268.746s][info][gc,heap        ] GC(602) Humongous regions: 9->9
[268.746s][info][gc,metaspace   ] GC(602) Metaspace: 18768K(18880K)->18768K(18880K) NonClass: 16939K(17024K)->16939K(17024K) Class: 1828K(1856K)->1828K(1856K)
[268.746s][info][gc             ] GC(602) Pause Young (Normal) (G1 Evacuation Pause) 916M->799M(978M) 43.594ms
[268.746s][info][gc,cpu         ] GC(602) User=0.08s Sys=0.00s Real=0.04s
[268.834s][info][gc,start       ] GC(603) Pause Young (Normal) (G1 Evacuation Pause)
[268.834s][info][gc,task        ] GC(603) Using 2 workers of 2 for evacuation
[268.881s][info][gc,phases      ] GC(603)   Pre Evacuate Collection Set: 0.50ms
[268.881s][info][gc,phases      ] GC(603)   Merge Heap Roots: 0.22ms
[268.881s][info][gc,phases      ] GC(603)   Evacuate Collection Set: 45.75ms
[268.881s][info][gc,phases      ] GC(603)   Post Evacuate Collection Set: 0.40ms
[268.881s][info][gc,phases      ] GC(603)   Other: 0.09ms
[268.881s][info][gc,heap        ] GC(603) Eden regions: 108->0(87)
[268.881s][info][gc,heap        ] GC(603) Survivor regions: 20->16(16)
[268.881s][info][gc,heap        ] GC(603) Old regions: 771->800
[268.881s][info][gc,heap        ] GC(603) Humongous regions: 9->9
[268.881s][info][gc,metaspace   ] GC(603) Metaspace: 18768K(18880K)->18768K(18880K) NonClass: 16939K(17024K)->16939K(17024K) Class: 1828K(1856K)->1828K(1856K)
[268.881s][info][gc             ] GC(603) Pause Young (Normal) (G1 Evacuation Pause) 907M->824M(978M) 47.195ms
[268.881s][info][gc,cpu         ] GC(603) User=0.09s Sys=0.00s Real=0.05s
[269.012s][info][gc,start       ] GC(604) Pause Young (Normal) (G1 Evacuation Pause)
[269.013s][info][gc,task        ] GC(604) Using 2 workers of 2 for evacuation
[269.039s][info][gc,phases      ] GC(604)   Pre Evacuate Collection Set: 0.27ms
[269.039s][info][gc,phases      ] GC(604)   Merge Heap Roots: 0.19ms
[269.039s][info][gc,phases      ] GC(604)   Evacuate Collection Set: 25.51ms
[269.039s][info][gc,phases      ] GC(604)   Post Evacuate Collection Set: 0.35ms
[269.039s][info][gc,phases      ] GC(604)   Other: 0.07ms
[269.039s][info][gc,heap        ] GC(604) Eden regions: 87->0(81)
[269.039s][info][gc,heap        ] GC(604) Survivor regions: 16->11(13)
[269.039s][info][gc,heap        ] GC(604) Old regions: 800->816
[269.039s][info][gc,heap        ] GC(604) Humongous regions: 9->9
[269.039s][info][gc,metaspace   ] GC(604) Metaspace: 18768K(18880K)->18768K(18880K) NonClass: 16939K(17024K)->16939K(17024K) Class: 1828K(1856K)->1828K(1856K)
[269.039s][info][gc             ] GC(604) Pause Young (Normal) (G1 Evacuation Pause) 911M->835M(978M) 26.630ms
[269.039s][info][gc,cpu         ] GC(604) User=0.05s Sys=0.00s Real=0.03s
[269.204s][info][gc,start       ] GC(605) Pause Young (Normal) (G1 Evacuation Pause)
[269.204s][info][gc,task        ] GC(605) Using 2 workers of 2 for evacuation
[269.237s][info][gc,phases      ] GC(605)   Pre Evacuate Collection Set: 0.29ms
[269.238s][info][gc,phases      ] GC(605)   Merge Heap Roots: 0.27ms
[269.238s][info][gc,phases      ] GC(605)   Evacuate Collection Set: 32.80ms
[269.238s][info][gc,phases      ] GC(605)   Post Evacuate Collection Set: 0.42ms
[269.238s][info][gc,phases      ] GC(605)   Other: 0.08ms
[269.238s][info][gc,heap        ] GC(605) Eden regions: 81->0(66)
[269.238s][info][gc,heap        ] GC(605) Survivor regions: 11->12(12)
[269.238s][info][gc,heap        ] GC(605) Old regions: 816->828
[269.238s][info][gc,heap        ] GC(605) Humongous regions: 10->10
[269.238s][info][gc,metaspace   ] GC(605) Metaspace: 18768K(18880K)->18768K(18880K) NonClass: 16939K(17024K)->16939K(17024K) Class: 1828K(1856K)->1828K(1856K)
[269.238s][info][gc             ] GC(605) Pause Young (Normal) (G1 Evacuation Pause) 917M->849M(978M) 34.082ms
[269.238s][info][gc,cpu         ] GC(605) User=0.07s Sys=0.00s Real=0.03s
[269.298s][info][gc,start       ] GC(606) Pause Young (Normal) (G1 Evacuation Pause)
[269.299s][info][gc,task        ] GC(606) Using 2 workers of 2 for evacuation
[269.324s][info][gc,phases      ] GC(606)   Pre Evacuate Collection Set: 0.29ms
[269.324s][info][gc,phases      ] GC(606)   Merge Heap Roots: 0.25ms
[269.324s][info][gc,phases      ] GC(606)   Evacuate Collection Set: 24.79ms
[269.324s][info][gc,phases      ] GC(606)   Post Evacuate Collection Set: 0.29ms
[269.324s][info][gc,phases      ] GC(606)   Other: 0.08ms
[269.324s][info][gc,heap        ] GC(606) Eden regions: 66->0(72)
[269.324s][info][gc,heap        ] GC(606) Survivor regions: 12->3(10)
[269.324s][info][gc,heap        ] GC(606) Old regions: 828->840
[269.324s][info][gc,heap        ] GC(606) Humongous regions: 10->10
[269.324s][info][gc,metaspace   ] GC(606) Metaspace: 18768K(18880K)->18768K(18880K) NonClass: 16939K(17024K)->16939K(17024K) Class: 1828K(1856K)->1828K(1856K)
[269.324s][info][gc             ] GC(606) Pause Young (Normal) (G1 Evacuation Pause) 915M->852M(978M) 25.922ms
[269.324s][info][gc,cpu         ] GC(606) User=0.05s Sys=0.00s Real=0.02s
[269.361s][info][gc,marking     ] GC(594) Concurrent Rebuild Remembered Sets and Scrub Regions 972.284ms
[269.361s][info][gc,start       ] GC(594) Pause Cleanup
[269.361s][info][gc             ] GC(594) Pause Cleanup 892M->892M(978M) 0.108ms
[269.361s][info][gc,cpu         ] GC(594) User=0.00s Sys=0.00s Real=0.00s
[269.362s][info][gc,marking     ] GC(594) Concurrent Clear Claimed Marks
[269.362s][info][gc,marking     ] GC(594) Concurrent Clear Claimed Marks 0.047ms
[269.362s][info][gc,marking     ] GC(594) Concurrent Cleanup for Next Mark
[269.368s][info][gc,marking     ] GC(594) Concurrent Cleanup for Next Mark 6.214ms
[269.368s][info][gc             ] GC(594) Concurrent Mark Cycle 3238.597ms
[269.396s][info][gc,start       ] GC(607) Pause Young (Prepare Mixed) (G1 Evacuation Pause)
[269.396s][info][gc,task        ] GC(607) Using 2 workers of 2 for evacuation
[269.403s][info][gc,phases      ] GC(607)   Pre Evacuate Collection Set: 0.30ms
[269.403s][info][gc,phases      ] GC(607)   Merge Heap Roots: 0.11ms
[269.403s][info][gc,phases      ] GC(607)   Evacuate Collection Set: 6.10ms
[269.403s][info][gc,phases      ] GC(607)   Post Evacuate Collection Set: 0.32ms
[269.403s][info][gc,phases      ] GC(607)   Other: 0.07ms
[269.403s][info][gc,heap        ] GC(607) Eden regions: 72->0(70)
[269.403s][info][gc,heap        ] GC(607) Survivor regions: 3->4(10)
[269.403s][info][gc,heap        ] GC(607) Old regions: 840->840
[269.403s][info][gc,heap        ] GC(607) Humongous regions: 10->10
[269.403s][info][gc,metaspace   ] GC(607) Metaspace: 18768K(18880K)->18768K(18880K) NonClass: 16939K(17024K)->16939K(17024K) Class: 1828K(1856K)->1828K(1856K)
[269.403s][info][gc             ] GC(607) Pause Young (Prepare Mixed) (G1 Evacuation Pause) 924M->853M(978M) 7.086ms
[269.403s][info][gc,cpu         ] GC(607) User=0.01s Sys=0.00s Real=0.01s
[269.495s][info][gc,start       ] GC(608) Pause Young (Mixed) (G1 Evacuation Pause)
[269.495s][info][gc,task        ] GC(608) Using 2 workers of 2 for evacuation
[269.543s][info][gc,phases      ] GC(608)   Pre Evacuate Collection Set: 0.31ms
[269.543s][info][gc,phases      ] GC(608)   Merge Heap Roots: 0.79ms
[269.543s][info][gc,phases      ] GC(608)   Evacuate Collection Set: 45.90ms
[269.543s][info][gc,phases      ] GC(608)   Post Evacuate Collection Set: 0.37ms
[269.543s][info][gc,phases      ] GC(608)   Other: 0.10ms
[269.543s][info][gc,heap        ] GC(608) Eden regions: 70->0(74)
[269.543s][info][gc,heap        ] GC(608) Survivor regions: 4->6(10)
[269.543s][info][gc,heap        ] GC(608) Old regions: 840->832
[269.543s][info][gc,heap        ] GC(608) Humongous regions: 10->10
[269.543s][info][gc,metaspace   ] GC(608) Metaspace: 18768K(18880K)->18768K(18880K) NonClass: 16939K(17024K)->16939K(17024K) Class: 1828K(1856K)->1828K(1856K)
[269.543s][info][gc             ] GC(608) Pause Young (Mixed) (G1 Evacuation Pause) 923M->846M(978M) 47.701ms
[269.543s][info][gc,cpu         ] GC(608) User=0.10s Sys=0.00s Real=0.05s
[269.744s][info][gc,start       ] GC(609) Pause Young (Concurrent Start) (G1 Evacuation Pause)
[269.744s][info][gc,task        ] GC(609) Using 2 workers of 2 for evacuation
[269.754s][info][gc,phases      ] GC(609)   Pre Evacuate Collection Set: 1.21ms
[269.754s][info][gc,phases      ] GC(609)   Merge Heap Roots: 0.12ms
[269.754s][info][gc,phases      ] GC(609)   Evacuate Collection Set: 7.91ms
[269.754s][info][gc,phases      ] GC(609)   Post Evacuate Collection Set: 0.36ms
[269.754s][info][gc,phases      ] GC(609)   Other: 0.12ms
[269.754s][info][gc,heap        ] GC(609) Eden regions: 74->0(74)
[269.754s][info][gc,heap        ] GC(609) Survivor regions: 6->6(10)
[269.754s][info][gc,heap        ] GC(609) Old regions: 832->832
[269.754s][info][gc,heap        ] GC(609) Humongous regions: 10->10
[269.754s][info][gc,metaspace   ] GC(609) Metaspace: 18768K(18880K)->18768K(18880K) NonClass: 16939K(17024K)->16939K(17024K) Class: 1828K(1856K)->1828K(1856K)
[269.754s][info][gc             ] GC(609) Pause Young (Concurrent Start) (G1 Evacuation Pause) 920M->846M(978M) 9.947ms
[269.754s][info][gc,cpu         ] GC(609) User=0.01s Sys=0.00s Real=0.01s
[269.754s][info][gc             ] GC(610) Concurrent Mark Cycle
[269.754s][info][gc,marking     ] GC(610) Concurrent Scan Root Regions
[269.766s][info][gc,marking     ] GC(610) Concurrent Scan Root Regions 11.795ms
[269.766s][info][gc,marking     ] GC(610) Concurrent Mark
[269.766s][info][gc,marking     ] GC(610) Concurrent Mark From Roots
[269.766s][info][gc,task        ] GC(610) Using 1 workers of 1 for marking
[269.977s][info][gc,start       ] GC(611) Pause Young (Normal) (G1 Evacuation Pause)
[269.977s][info][gc,task        ] GC(611) Using 2 workers of 2 for evacuation
[269.986s][info][gc,phases      ] GC(611)   Pre Evacuate Collection Set: 0.29ms
[269.986s][info][gc,phases      ] GC(611)   Merge Heap Roots: 0.13ms
[269.986s][info][gc,phases      ] GC(611)   Evacuate Collection Set: 8.27ms
[269.986s][info][gc,phases      ] GC(611)   Post Evacuate Collection Set: 0.32ms
[269.986s][info][gc,phases      ] GC(611)   Other: 0.12ms
[269.986s][info][gc,heap        ] GC(611) Eden regions: 74->0(76)
[269.986s][info][gc,heap        ] GC(611) Survivor regions: 6->4(10)
[269.986s][info][gc,heap        ] GC(611) Old regions: 832->834
[269.986s][info][gc,heap        ] GC(611) Humongous regions: 10->10
[269.986s][info][gc,metaspace   ] GC(611) Metaspace: 18768K(18880K)->18768K(18880K) NonClass: 16939K(17024K)->16939K(17024K) Class: 1828K(1856K)->1828K(1856K)
[269.986s][info][gc             ] GC(611) Pause Young (Normal) (G1 Evacuation Pause) 920M->847M(978M) 9.364ms
[269.986s][info][gc,cpu         ] GC(611) User=0.02s Sys=0.00s Real=0.01s
[270.262s][info][gc,start       ] GC(612) Pause Young (Normal) (G1 Evacuation Pause)
[270.263s][info][gc,task        ] GC(612) Using 2 workers of 2 for evacuation
[270.284s][info][gc,phases      ] GC(612)   Pre Evacuate Collection Set: 0.50ms
[270.284s][info][gc,phases      ] GC(612)   Merge Heap Roots: 0.17ms
[270.284s][info][gc,phases      ] GC(612)   Evacuate Collection Set: 20.07ms
[270.284s][info][gc,phases      ] GC(612)   Post Evacuate Collection Set: 0.32ms
[270.284s][info][gc,phases      ] GC(612)   Other: 0.12ms
[270.284s][info][gc,heap        ] GC(612) Eden regions: 76->0(56)
[270.284s][info][gc,heap        ] GC(612) Survivor regions: 4->10(10)
[270.284s][info][gc,heap        ] GC(612) Old regions: 834->842
[270.284s][info][gc,heap        ] GC(612) Humongous regions: 10->10
[270.284s][info][gc,metaspace   ] GC(612) Metaspace: 18768K(18880K)->18768K(18880K) NonClass: 16939K(17024K)->16939K(17024K) Class: 1828K(1856K)->1828K(1856K)
[270.284s][info][gc             ] GC(612) Pause Young (Normal) (G1 Evacuation Pause) 923M->861M(978M) 21.391ms
[270.284s][info][gc,cpu         ] GC(612) User=0.04s Sys=0.00s Real=0.02s
[270.415s][info][gc,marking     ] GC(610) Concurrent Mark From Roots 648.946ms
[270.415s][info][gc,marking     ] GC(610) Concurrent Preclean
[270.415s][info][gc,marking     ] GC(610) Concurrent Preclean 0.048ms
[270.415s][info][gc,start       ] GC(610) Pause Remark
[270.426s][info][metaspace      ] ChkMgr @0x00007f0d1c15e580 (non-class-space): : reclaiming memory...
[270.426s][info][metaspace      ] ChkMgr @0x00007f0d1c15e580 (non-class-space): nothing reclaimed.
[270.426s][info][metaspace      ] ChkMgr @0x00007f0d1c15c690 (class-space): : reclaiming memory...
[270.426s][info][metaspace      ] ChkMgr @0x00007f0d1c15c690 (class-space): nothing reclaimed.
[270.427s][info][gc             ] GC(610) Pause Remark 907M->379M(978M) 12.026ms
[270.427s][info][gc,cpu         ] GC(610) User=0.02s Sys=0.00s Real=0.01s
[270.428s][info][gc,marking     ] GC(610) Concurrent Mark 661.849ms
[270.428s][info][gc,marking     ] GC(610) Concurrent Rebuild Remembered Sets and Scrub Regions
[270.452s][info][gc,start       ] GC(613) Pause Young (Normal) (G1 Evacuation Pause)
[270.452s][info][gc,task        ] GC(613) Using 2 workers of 2 for evacuation
[270.483s][info][gc,phases      ] GC(613)   Pre Evacuate Collection Set: 0.26ms
[270.483s][info][gc,phases      ] GC(613)   Merge Heap Roots: 0.15ms
[270.483s][info][gc,phases      ] GC(613)   Evacuate Collection Set: 30.46ms
[270.483s][info][gc,phases      ] GC(613)   Post Evacuate Collection Set: 0.28ms
[270.483s][info][gc,phases      ] GC(613)   Other: 0.08ms
[270.483s][info][gc,heap        ] GC(613) Eden regions: 56->0(475)
[270.483s][info][gc,heap        ] GC(613) Survivor regions: 10->9(9)
[270.483s][info][gc,heap        ] GC(613) Old regions: 321->341
[270.483s][info][gc,heap        ] GC(613) Humongous regions: 3->3
[270.483s][info][gc,metaspace   ] GC(613) Metaspace: 18764K(18880K)->18764K(18880K) NonClass: 16935K(17024K)->16935K(17024K) Class: 1828K(1856K)->1828K(1856K)
[270.483s][info][gc             ] GC(613) Pause Young (Normal) (G1 Evacuation Pause) 389M->352M(978M) 31.399ms
[270.483s][info][gc,cpu         ] GC(613) User=0.06s Sys=0.00s Real=0.03s
[270.733s][info][gc,marking     ] GC(610) Concurrent Rebuild Remembered Sets and Scrub Regions 305.007ms
[270.733s][info][gc,start       ] GC(610) Pause Cleanup
[270.733s][info][gc             ] GC(610) Pause Cleanup 491M->491M(978M) 0.107ms
[270.733s][info][gc,cpu         ] GC(610) User=0.00s Sys=0.00s Real=0.00s
[270.734s][info][gc,marking     ] GC(610) Concurrent Clear Claimed Marks
[270.734s][info][gc,marking     ] GC(610) Concurrent Clear Claimed Marks 0.050ms
[270.734s][info][gc,marking     ] GC(610) Concurrent Cleanup for Next Mark
[270.739s][info][gc,marking     ] GC(610) Concurrent Cleanup for Next Mark 5.077ms
[270.739s][info][gc             ] GC(610) Concurrent Mark Cycle 985.261ms
[271.049s][info][gc,start       ] GC(614) Pause Young (Prepare Mixed) (G1 Evacuation Pause)
[271.049s][info][gc,task        ] GC(614) Using 2 workers of 2 for evacuation
[271.123s][info][gc,phases      ] GC(614)   Pre Evacuate Collection Set: 0.42ms
[271.123s][info][gc,phases      ] GC(614)   Merge Heap Roots: 0.22ms
[271.123s][info][gc,phases      ] GC(614)   Evacuate Collection Set: 72.29ms
[271.123s][info][gc,phases      ] GC(614)   Post Evacuate Collection Set: 0.70ms
[271.123s][info][gc,phases      ] GC(614)   Other: 0.12ms
[271.123s][info][gc,heap        ] GC(614) Eden regions: 475->0(430)
[271.123s][info][gc,heap        ] GC(614) Survivor regions: 9->61(61)
[271.123s][info][gc,heap        ] GC(614) Old regions: 341->343
[271.123s][info][gc,heap        ] GC(614) Humongous regions: 4->4
[271.123s][info][gc,metaspace   ] GC(614) Metaspace: 18764K(18880K)->18764K(18880K) NonClass: 16935K(17024K)->16935K(17024K) Class: 1828K(1856K)->1828K(1856K)
[271.123s][info][gc             ] GC(614) Pause Young (Prepare Mixed) (G1 Evacuation Pause) 828M->407M(978M) 74.007ms
[271.123s][info][gc,cpu         ] GC(614) User=0.15s Sys=0.00s Real=0.07s
[271.729s][info][gc,start       ] GC(615) Pause Young (Mixed) (G1 Evacuation Pause)
[271.730s][info][gc,task        ] GC(615) Using 2 workers of 2 for evacuation
[272.009s][info][gc,mmu         ] GC(615) MMU target violated: 201.0ms (200.0ms/201.0ms)
[272.009s][info][gc,phases      ] GC(615)   Pre Evacuate Collection Set: 0.50ms
[272.009s][info][gc,phases      ] GC(615)   Merge Heap Roots: 0.53ms
[272.009s][info][gc,phases      ] GC(615)   Evacuate Collection Set: 255.50ms
[272.009s][info][gc,phases      ] GC(615)   Post Evacuate Collection Set: 22.76ms
[272.009s][info][gc,phases      ] GC(615)   Other: 0.15ms
[272.009s][info][gc,heap        ] GC(615) Eden regions: 430->0(234)
[272.009s][info][gc,heap        ] GC(615) Survivor regions: 61->62(62)
[272.009s][info][gc,heap        ] GC(615) Old regions: 343->551
[272.009s][info][gc,heap        ] GC(615) Humongous regions: 4->4
[272.009s][info][gc,metaspace   ] GC(615) Metaspace: 18764K(18880K)->18764K(18880K) NonClass: 16935K(17024K)->16935K(17024K) Class: 1828K(1856K)->1828K(1856K)
[272.009s][info][gc             ] GC(615) Pause Young (Mixed) (G1 Evacuation Pause) (Evacuation Failure: Allocation) 837M->616M(978M) 279.609ms
[272.009s][info][gc,cpu         ] GC(615) User=0.56s Sys=0.00s Real=0.28s
[272.119s][info][gc,start       ] GC(616) Pause Young (Concurrent Start) (G1 Humongous Allocation)
[272.119s][info][gc,task        ] GC(616) Using 2 workers of 2 for evacuation
[272.244s][info][gc,phases      ] GC(616)   Pre Evacuate Collection Set: 0.50ms
[272.244s][info][gc,phases      ] GC(616)   Merge Heap Roots: 0.97ms
[272.244s][info][gc,phases      ] GC(616)   Evacuate Collection Set: 122.61ms
[272.244s][info][gc,phases      ] GC(616)   Post Evacuate Collection Set: 0.66ms
[272.244s][info][gc,phases      ] GC(616)   Other: 0.21ms
[272.244s][info][gc,heap        ] GC(616) Eden regions: 73->0(256)
[272.244s][info][gc,heap        ] GC(616) Survivor regions: 62->16(37)
[272.244s][info][gc,heap        ] GC(616) Old regions: 551->551
[272.244s][info][gc,heap        ] GC(616) Humongous regions: 4->4
[272.244s][info][gc,metaspace   ] GC(616) Metaspace: 18764K(18880K)->18764K(18880K) NonClass: 16935K(17024K)->16935K(17024K) Class: 1828K(1856K)->1828K(1856K)
[272.245s][info][gc             ] GC(616) Pause Young (Concurrent Start) (G1 Humongous Allocation) 689M->570M(978M) 125.191ms
[272.245s][info][gc,cpu         ] GC(616) User=0.25s Sys=0.00s Real=0.12s
[272.245s][info][gc             ] GC(617) Concurrent Mark Cycle
[272.245s][info][gc,marking     ] GC(617) Concurrent Scan Root Regions
[272.458s][info][gc,marking     ] GC(617) Concurrent Scan Root Regions 213.003ms
[272.458s][info][gc,marking     ] GC(617) Concurrent Mark
[272.458s][info][gc,marking     ] GC(617) Concurrent Mark From Roots
[272.458s][info][gc,task        ] GC(617) Using 1 workers of 1 for marking
[272.647s][info][gc,start       ] GC(618) Pause Young (Normal) (G1 Evacuation Pause)
[272.647s][info][gc,task        ] GC(618) Using 2 workers of 2 for evacuation
[272.719s][info][gc,phases      ] GC(618)   Pre Evacuate Collection Set: 0.30ms
[272.719s][info][gc,phases      ] GC(618)   Merge Heap Roots: 0.36ms
[272.719s][info][gc,phases      ] GC(618)   Evacuate Collection Set: 71.21ms
[272.719s][info][gc,phases      ] GC(618)   Post Evacuate Collection Set: 0.65ms
[272.719s][info][gc,phases      ] GC(618)   Other: 0.11ms
[272.720s][info][gc,heap        ] GC(618) Eden regions: 256->0(280)
[272.720s][info][gc,heap        ] GC(618) Survivor regions: 16->27(34)
[272.720s][info][gc,heap        ] GC(618) Old regions: 551->531
[272.720s][info][gc,heap        ] GC(618) Humongous regions: 5->5
[272.720s][info][gc,metaspace   ] GC(618) Metaspace: 18770K(18944K)->18770K(18944K) NonClass: 16941K(17088K)->16941K(17088K) Class: 1828K(1856K)->1828K(1856K)
[272.720s][info][gc             ] GC(618) Pause Young (Normal) (G1 Evacuation Pause) 827M->562M(978M) 72.897ms
[272.720s][info][gc,cpu         ] GC(618) User=0.14s Sys=0.00s Real=0.08s
[273.151s][info][gc,start       ] GC(619) Pause Young (Normal) (G1 Evacuation Pause)
[273.151s][info][gc,task        ] GC(619) Using 2 workers of 2 for evacuation
[273.228s][info][gc,phases      ] GC(619)   Pre Evacuate Collection Set: 0.33ms
[273.228s][info][gc,phases      ] GC(619)   Merge Heap Roots: 0.33ms
[273.228s][info][gc,phases      ] GC(619)   Evacuate Collection Set: 75.57ms
[273.228s][info][gc,phases      ] GC(619)   Post Evacuate Collection Set: 0.69ms
[273.228s][info][gc,phases      ] GC(619)   Other: 0.11ms
[273.228s][info][gc,heap        ] GC(619) Eden regions: 280->0(246)
[273.228s][info][gc,heap        ] GC(619) Survivor regions: 27->39(39)
[273.228s][info][gc,heap        ] GC(619) Old regions: 531->562
[273.228s][info][gc,heap        ] GC(619) Humongous regions: 5->5
[273.228s][info][gc,metaspace   ] GC(619) Metaspace: 18770K(18944K)->18770K(18944K) NonClass: 16941K(17088K)->16941K(17088K) Class: 1828K(1856K)->1828K(1856K)
[273.228s][info][gc             ] GC(619) Pause Young (Normal) (G1 Evacuation Pause) 842M->605M(978M) 77.267ms
[273.228s][info][gc,cpu         ] GC(619) User=0.16s Sys=0.00s Real=0.07s
[273.600s][info][gc,marking     ] GC(617) Concurrent Mark From Roots 1142.777ms
[273.600s][info][gc,marking     ] GC(617) Concurrent Preclean
[273.601s][info][gc,marking     ] GC(617) Concurrent Preclean 0.036ms
[273.601s][info][gc,start       ] GC(617) Pause Remark
[273.608s][info][gc             ] GC(617) Pause Remark 768M->768M(978M) 7.828ms
[273.609s][info][gc,cpu         ] GC(617) User=0.01s Sys=0.00s Real=0.01s
[273.609s][info][gc,marking     ] GC(617) Concurrent Mark 1151.501ms
[273.609s][info][gc,marking     ] GC(617) Concurrent Rebuild Remembered Sets and Scrub Regions
[273.702s][info][gc,start       ] GC(620) Pause Young (Normal) (G1 Evacuation Pause)
[273.702s][info][gc,task        ] GC(620) Using 2 workers of 2 for evacuation
[273.832s][info][gc,phases      ] GC(620)   Pre Evacuate Collection Set: 0.44ms
[273.832s][info][gc,phases      ] GC(620)   Merge Heap Roots: 0.35ms
[273.832s][info][gc,phases      ] GC(620)   Evacuate Collection Set: 127.35ms
[273.832s][info][gc,phases      ] GC(620)   Post Evacuate Collection Set: 1.89ms
[273.832s][info][gc,phases      ] GC(620)   Other: 0.08ms
[273.832s][info][gc,heap        ] GC(620) Eden regions: 246->0(149)
[273.832s][info][gc,heap        ] GC(620) Survivor regions: 39->36(36)
[273.832s][info][gc,heap        ] GC(620) Old regions: 562->678
[273.832s][info][gc,heap        ] GC(620) Humongous regions: 5->5
[273.832s][info][gc,metaspace   ] GC(620) Metaspace: 18770K(18944K)->18770K(18944K) NonClass: 16941K(17088K)->16941K(17088K) Class: 1828K(1856K)->1828K(1856K)
[273.832s][info][gc             ] GC(620) Pause Young (Normal) (G1 Evacuation Pause) (Evacuation Failure: Allocation) 851M->718M(978M) 130.344ms
[273.832s][info][gc,cpu         ] GC(620) User=0.26s Sys=0.00s Real=0.13s
[273.938s][info][gc,start       ] GC(621) Pause Young (Normal) (G1 Evacuation Pause)
[273.938s][info][gc,task        ] GC(621) Using 2 workers of 2 for evacuation
[274.013s][info][gc,phases      ] GC(621)   Pre Evacuate Collection Set: 0.31ms
[274.013s][info][gc,phases      ] GC(621)   Merge Heap Roots: 0.67ms
[274.013s][info][gc,phases      ] GC(621)   Evacuate Collection Set: 72.72ms
[274.013s][info][gc,phases      ] GC(621)   Post Evacuate Collection Set: 0.53ms
[274.013s][info][gc,phases      ] GC(621)   Other: 0.08ms
[274.013s][info][gc,heap        ] GC(621) Eden regions: 149->0(148)
[274.013s][info][gc,heap        ] GC(621) Survivor regions: 36->24(24)
[274.013s][info][gc,heap        ] GC(621) Old regions: 678->697
[274.013s][info][gc,heap        ] GC(621) Humongous regions: 5->5
[274.013s][info][gc,metaspace   ] GC(621) Metaspace: 18770K(18944K)->18770K(18944K) NonClass: 16941K(17088K)->16941K(17088K) Class: 1828K(1856K)->1828K(1856K)
[274.013s][info][gc             ] GC(621) Pause Young (Normal) (G1 Evacuation Pause) 867M->725M(978M) 74.569ms
[274.013s][info][gc,cpu         ] GC(621) User=0.15s Sys=0.00s Real=0.07s
[274.234s][info][gc,start       ] GC(622) Pause Young (Normal) (G1 Evacuation Pause)
[274.234s][info][gc,task        ] GC(622) Using 2 workers of 2 for evacuation
[274.326s][info][gc,phases      ] GC(622)   Pre Evacuate Collection Set: 0.28ms
[274.326s][info][gc,phases      ] GC(622)   Merge Heap Roots: 0.49ms
[274.326s][info][gc,phases      ] GC(622)   Evacuate Collection Set: 90.26ms
[274.326s][info][gc,phases      ] GC(622)   Post Evacuate Collection Set: 0.75ms
[274.326s][info][gc,phases      ] GC(622)   Other: 0.08ms
[274.326s][info][gc,heap        ] GC(622) Eden regions: 148->0(98)
[274.326s][info][gc,heap        ] GC(622) Survivor regions: 24->22(22)
[274.326s][info][gc,heap        ] GC(622) Old regions: 697->757
[274.326s][info][gc,heap        ] GC(622) Humongous regions: 8->8
[274.326s][info][gc,metaspace   ] GC(622) Metaspace: 18770K(18944K)->18770K(18944K) NonClass: 16941K(17088K)->16941K(17088K) Class: 1828K(1856K)->1828K(1856K)
[274.326s][info][gc             ] GC(622) Pause Young (Normal) (G1 Evacuation Pause) 876M->786M(978M) 92.113ms
[274.326s][info][gc,cpu         ] GC(622) User=0.18s Sys=0.00s Real=0.09s
[274.410s][info][gc,marking     ] GC(617) Concurrent Rebuild Remembered Sets and Scrub Regions 800.967ms
[274.410s][info][gc,start       ] GC(617) Pause Cleanup
[274.410s][info][gc             ] GC(617) Pause Cleanup 809M->809M(978M) 0.106ms
[274.410s][info][gc,cpu         ] GC(617) User=0.00s Sys=0.00s Real=0.00s
[274.411s][info][gc,marking     ] GC(617) Concurrent Clear Claimed Marks
[274.411s][info][gc,marking     ] GC(617) Concurrent Clear Claimed Marks 0.030ms
[274.411s][info][gc,marking     ] GC(617) Concurrent Cleanup for Next Mark
[274.413s][info][gc,marking     ] GC(617) Concurrent Cleanup for Next Mark 2.882ms
[274.413s][info][gc             ] GC(617) Concurrent Mark Cycle 2168.889ms
[274.466s][info][gc,start       ] GC(623) Pause Young (Prepare Mixed) (G1 Evacuation Pause)
[274.466s][info][gc,task        ] GC(623) Using 2 workers of 2 for evacuation
[274.530s][info][gc,phases      ] GC(623)   Pre Evacuate Collection Set: 0.29ms
[274.530s][info][gc,phases      ] GC(623)   Merge Heap Roots: 0.59ms
[274.530s][info][gc,phases      ] GC(623)   Evacuate Collection Set: 62.66ms
[274.530s][info][gc,phases      ] GC(623)   Post Evacuate Collection Set: 0.49ms
[274.530s][info][gc,phases      ] GC(623)   Other: 0.08ms
[274.530s][info][gc,heap        ] GC(623) Eden regions: 98->0(98)
[274.530s][info][gc,heap        ] GC(623) Survivor regions: 22->13(15)
[274.530s][info][gc,heap        ] GC(623) Old regions: 757->780
[274.530s][info][gc,heap        ] GC(623) Humongous regions: 8->8
[274.530s][info][gc,metaspace   ] GC(623) Metaspace: 18770K(18944K)->18770K(18944K) NonClass: 16941K(17088K)->16941K(17088K) Class: 1828K(1856K)->1828K(1856K)
[274.530s][info][gc             ] GC(623) Pause Young (Prepare Mixed) (G1 Evacuation Pause) 884M->800M(978M) 64.334ms
[274.530s][info][gc,cpu         ] GC(623) User=0.13s Sys=0.00s Real=0.07s
[274.590s][info][gc,start       ] GC(624) Pause Young (Mixed) (G1 Evacuation Pause)
[274.590s][info][gc,task        ] GC(624) Using 2 workers of 2 for evacuation
[274.641s][info][gc,phases      ] GC(624)   Pre Evacuate Collection Set: 0.32ms
[274.641s][info][gc,phases      ] GC(624)   Merge Heap Roots: 0.59ms
[274.641s][info][gc,phases      ] GC(624)   Evacuate Collection Set: 49.15ms
[274.641s][info][gc,phases      ] GC(624)   Post Evacuate Collection Set: 0.51ms
[274.641s][info][gc,phases      ] GC(624)   Other: 0.07ms
[274.641s][info][gc,heap        ] GC(624) Eden regions: 98->0(108)
[274.641s][info][gc,heap        ] GC(624) Survivor regions: 13->9(14)
[274.641s][info][gc,heap        ] GC(624) Old regions: 780->781
[274.641s][info][gc,heap        ] GC(624) Humongous regions: 8->8
[274.641s][info][gc,metaspace   ] GC(624) Metaspace: 18770K(18944K)->18770K(18944K) NonClass: 16941K(17088K)->16941K(17088K) Class: 1828K(1856K)->1828K(1856K)
[274.641s][info][gc             ] GC(624) Pause Young (Mixed) (G1 Evacuation Pause) 898M->797M(978M) 50.913ms
[274.641s][info][gc,cpu         ] GC(624) User=0.10s Sys=0.00s Real=0.05s
[274.728s][info][gc,start       ] GC(625) Pause Young (Concurrent Start) (G1 Humongous Allocation)
[274.728s][info][gc,task        ] GC(625) Using 2 workers of 2 for evacuation
[274.771s][info][gc,phases      ] GC(625)   Pre Evacuate Collection Set: 0.36ms
[274.771s][info][gc,phases      ] GC(625)   Merge Heap Roots: 0.32ms
[274.771s][info][gc,phases      ] GC(625)   Evacuate Collection Set: 41.54ms
[274.771s][info][gc,phases      ] GC(625)   Post Evacuate Collection Set: 0.47ms
[274.771s][info][gc,phases      ] GC(625)   Other: 0.16ms
[274.771s][info][gc,heap        ] GC(625) Eden regions: 84->0(95)
[274.771s][info][gc,heap        ] GC(625) Survivor regions: 9->15(15)
[274.771s][info][gc,heap        ] GC(625) Old regions: 781->794
[274.771s][info][gc,heap        ] GC(625) Humongous regions: 8->8
[274.771s][info][gc,metaspace   ] GC(625) Metaspace: 18770K(18944K)->18770K(18944K) NonClass: 16941K(17088K)->16941K(17088K) Class: 1828K(1856K)->1828K(1856K)
[274.771s][info][gc             ] GC(625) Pause Young (Concurrent Start) (G1 Humongous Allocation) 881M->816M(978M) 43.083ms
[274.771s][info][gc             ] GC(626) Concurrent Mark Cycle
[274.771s][info][gc,marking     ] GC(626) Concurrent Scan Root Regions
[274.773s][info][gc,cpu         ] GC(625) User=0.08s Sys=0.00s Real=0.05s
[274.843s][info][gc,marking     ] GC(626) Concurrent Scan Root Regions 72.073ms
[274.843s][info][gc,marking     ] GC(626) Concurrent Mark
[274.843s][info][gc,marking     ] GC(626) Concurrent Mark From Roots
[274.843s][info][gc,task        ] GC(626) Using 1 workers of 1 for marking
[274.904s][info][gc,start       ] GC(627) Pause Young (Normal) (G1 Evacuation Pause)
[274.904s][info][gc,task        ] GC(627) Using 2 workers of 2 for evacuation
[274.950s][info][gc,phases      ] GC(627)   Pre Evacuate Collection Set: 0.31ms
[274.950s][info][gc,phases      ] GC(627)   Merge Heap Roots: 0.29ms
[274.950s][info][gc,phases      ] GC(627)   Evacuate Collection Set: 44.95ms
[274.950s][info][gc,phases      ] GC(627)   Post Evacuate Collection Set: 0.36ms
[274.950s][info][gc,phases      ] GC(627)   Other: 0.08ms
[274.950s][info][gc,heap        ] GC(627) Eden regions: 95->0(79)
[274.950s][info][gc,heap        ] GC(627) Survivor regions: 15->14(14)
[274.950s][info][gc,heap        ] GC(627) Old regions: 794->810
[274.950s][info][gc,heap        ] GC(627) Humongous regions: 11->11
[274.950s][info][gc,metaspace   ] GC(627) Metaspace: 18770K(18944K)->18770K(18944K) NonClass: 16941K(17088K)->16941K(17088K) Class: 1828K(1856K)->1828K(1856K)
[274.950s][info][gc             ] GC(627) Pause Young (Normal) (G1 Evacuation Pause) 914M->834M(978M) 46.209ms
[274.950s][info][gc,cpu         ] GC(627) User=0.09s Sys=0.00s Real=0.05s
[275.032s][info][gc,start       ] GC(628) Pause Young (Normal) (G1 Evacuation Pause)
[275.032s][info][gc,task        ] GC(628) Using 2 workers of 2 for evacuation
[275.055s][info][gc,phases      ] GC(628)   Pre Evacuate Collection Set: 0.29ms
[275.056s][info][gc,phases      ] GC(628)   Merge Heap Roots: 0.13ms
[275.056s][info][gc,phases      ] GC(628)   Evacuate Collection Set: 22.35ms
[275.056s][info][gc,phases      ] GC(628)   Post Evacuate Collection Set: 0.33ms
[275.056s][info][gc,phases      ] GC(628)   Other: 0.07ms
[275.056s][info][gc,heap        ] GC(628) Eden regions: 79->0(88)
[275.056s][info][gc,heap        ] GC(628) Survivor regions: 14->2(12)
[275.056s][info][gc,heap        ] GC(628) Old regions: 810->825
[275.056s][info][gc,heap        ] GC(628) Humongous regions: 11->11
[275.056s][info][gc,metaspace   ] GC(628) Metaspace: 18770K(18944K)->18770K(18944K) NonClass: 16941K(17088K)->16941K(17088K) Class: 1828K(1856K)->1828K(1856K)
[275.056s][info][gc             ] GC(628) Pause Young (Normal) (G1 Evacuation Pause) 913M->836M(978M) 23.437ms
[275.056s][info][gc,cpu         ] GC(628) User=0.04s Sys=0.00s Real=0.02s
[275.165s][info][gc,start       ] GC(629) Pause Young (Normal) (G1 Evacuation Pause)
[275.165s][info][gc,task        ] GC(629) Using 2 workers of 2 for evacuation
[275.184s][info][gc,phases      ] GC(629)   Pre Evacuate Collection Set: 0.65ms
[275.184s][info][gc,phases      ] GC(629)   Merge Heap Roots: 0.20ms
[275.184s][info][gc,phases      ] GC(629)   Evacuate Collection Set: 17.93ms
[275.184s][info][gc,phases      ] GC(629)   Post Evacuate Collection Set: 0.37ms
[275.184s][info][gc,phases      ] GC(629)   Other: 0.14ms
[275.184s][info][gc,heap        ] GC(629) Eden regions: 88->0(72)
[275.184s][info][gc,heap        ] GC(629) Survivor regions: 2->10(12)
[275.184s][info][gc,heap        ] GC(629) Old regions: 825->825
[275.184s][info][gc,heap        ] GC(629) Humongous regions: 11->11
[275.184s][info][gc,metaspace   ] GC(629) Metaspace: 18770K(18944K)->18770K(18944K) NonClass: 16941K(17088K)->16941K(17088K) Class: 1828K(1856K)->1828K(1856K)
[275.184s][info][gc             ] GC(629) Pause Young (Normal) (G1 Evacuation Pause) 924M->844M(978M) 19.546ms
[275.184s][info][gc,cpu         ] GC(629) User=0.04s Sys=0.00s Real=0.02s
[275.274s][info][gc,start       ] GC(630) Pause Young (Normal) (G1 Evacuation Pause)
[275.274s][info][gc,task        ] GC(630) Using 2 workers of 2 for evacuation
[275.298s][info][gc,phases      ] GC(630)   Pre Evacuate Collection Set: 0.51ms
[275.298s][info][gc,phases      ] GC(630)   Merge Heap Roots: 0.19ms
[275.298s][info][gc,phases      ] GC(630)   Evacuate Collection Set: 22.97ms
[275.298s][info][gc,phases      ] GC(630)   Post Evacuate Collection Set: 0.35ms
[275.298s][info][gc,phases      ] GC(630)   Other: 0.09ms
[275.298s][info][gc,heap        ] GC(630) Eden regions: 72->0(67)
[275.298s][info][gc,heap        ] GC(630) Survivor regions: 10->8(11)
[275.298s][info][gc,heap        ] GC(630) Old regions: 825->834
[275.298s][info][gc,heap        ] GC(630) Humongous regions: 11->11
[275.298s][info][gc,metaspace   ] GC(630) Metaspace: 18770K(18944K)->18770K(18944K) NonClass: 16941K(17088K)->16941K(17088K) Class: 1828K(1856K)->1828K(1856K)
[275.298s][info][gc             ] GC(630) Pause Young (Normal) (G1 Evacuation Pause) 916M->852M(978M) 24.347ms
[275.298s][info][gc,cpu         ] GC(630) User=0.05s Sys=0.00s Real=0.02s
[275.360s][info][gc,start       ] GC(631) Pause Young (Normal) (G1 Evacuation Pause)
[275.360s][info][gc,task        ] GC(631) Using 2 workers of 2 for evacuation
[275.376s][info][gc,phases      ] GC(631)   Pre Evacuate Collection Set: 0.51ms
[275.376s][info][gc,phases      ] GC(631)   Merge Heap Roots: 0.13ms
[275.376s][info][gc,phases      ] GC(631)   Evacuate Collection Set: 14.59ms
[275.376s][info][gc,phases      ] GC(631)   Post Evacuate Collection Set: 0.31ms
[275.376s][info][gc,phases      ] GC(631)   Other: 0.11ms
[275.376s][info][gc,heap        ] GC(631) Eden regions: 67->0(65)
[275.376s][info][gc,heap        ] GC(631) Survivor regions: 8->5(10)
[275.376s][info][gc,heap        ] GC(631) Old regions: 834->842
[275.376s][info][gc,heap        ] GC(631) Humongous regions: 11->11
[275.376s][info][gc,metaspace   ] GC(631) Metaspace: 18770K(18944K)->18770K(18944K) NonClass: 16941K(17088K)->16941K(17088K) Class: 1828K(1856K)->1828K(1856K)
[275.376s][info][gc             ] GC(631) Pause Young (Normal) (G1 Evacuation Pause) 919M->857M(978M) 15.880ms
[275.376s][info][gc,cpu         ] GC(631) User=0.03s Sys=0.00s Real=0.01s
[275.488s][info][gc,start       ] GC(632) Pause Young (Normal) (G1 Evacuation Pause)
[275.488s][info][gc,task        ] GC(632) Using 2 workers of 2 for evacuation
[275.503s][info][gc,phases      ] GC(632)   Pre Evacuate Collection Set: 0.51ms
[275.503s][info][gc,phases      ] GC(632)   Merge Heap Roots: 0.11ms
[275.503s][info][gc,phases      ] GC(632)   Evacuate Collection Set: 13.35ms
[275.503s][info][gc,phases      ] GC(632)   Post Evacuate Collection Set: 0.32ms
[275.503s][info][gc,phases      ] GC(632)   Other: 0.07ms
[275.503s][info][gc,heap        ] GC(632) Eden regions: 65->0(56)
[275.503s][info][gc,heap        ] GC(632) Survivor regions: 5->9(9)
[275.503s][info][gc,heap        ] GC(632) Old regions: 842->843
[275.503s][info][gc,heap        ] GC(632) Humongous regions: 11->11
[275.503s][info][gc,metaspace   ] GC(632) Metaspace: 18770K(18944K)->18770K(18944K) NonClass: 16941K(17088K)->16941K(17088K) Class: 1828K(1856K)->1828K(1856K)
[275.503s][info][gc             ] GC(632) Pause Young (Normal) (G1 Evacuation Pause) 922M->862M(978M) 14.629ms
[275.503s][info][gc,cpu         ] GC(632) User=0.03s Sys=0.00s Real=0.01s
[275.595s][info][gc,start       ] GC(633) Pause Young (Normal) (G1 Evacuation Pause)
[275.595s][info][gc,task        ] GC(633) Using 2 workers of 2 for evacuation
[275.625s][info][gc,phases      ] GC(633)   Pre Evacuate Collection Set: 0.30ms
[275.625s][info][gc,phases      ] GC(633)   Merge Heap Roots: 0.13ms
[275.625s][info][gc,phases      ] GC(633)   Evacuate Collection Set: 28.79ms
[275.625s][info][gc,phases      ] GC(633)   Post Evacuate Collection Set: 0.33ms
[275.625s][info][gc,phases      ] GC(633)   Other: 0.09ms
[275.625s][info][gc,heap        ] GC(633) Eden regions: 56->0(40)
[275.625s][info][gc,heap        ] GC(633) Survivor regions: 9->9(9)
[275.625s][info][gc,heap        ] GC(633) Old regions: 843->859
[275.625s][info][gc,heap        ] GC(633) Humongous regions: 11->11
[275.625s][info][gc,metaspace   ] GC(633) Metaspace: 18776K(18944K)->18776K(18944K) NonClass: 16947K(17088K)->16947K(17088K) Class: 1828K(1856K)->1828K(1856K)
[275.625s][info][gc             ] GC(633) Pause Young (Normal) (G1 Evacuation Pause) 918M->878M(978M) 29.896ms
[275.625s][info][gc,cpu         ] GC(633) User=0.06s Sys=0.00s Real=0.03s
[275.627s][info][gc,marking     ] GC(626) Concurrent Mark From Roots 783.799ms
[275.627s][info][gc,marking     ] GC(626) Concurrent Preclean
[275.627s][info][gc,marking     ] GC(626) Concurrent Preclean 0.046ms
[275.631s][info][gc,start       ] GC(626) Pause Remark
[275.639s][info][gc             ] GC(626) Pause Remark 879M->424M(978M) 7.995ms
[275.639s][info][gc,cpu         ] GC(626) User=0.02s Sys=0.01s Real=0.01s
[275.641s][info][gc,marking     ] GC(626) Concurrent Mark 798.306ms
[275.641s][info][gc,marking     ] GC(626) Concurrent Rebuild Remembered Sets and Scrub Regions
[275.724s][info][gc,start       ] GC(634) Pause Young (Normal) (G1 Evacuation Pause)
[275.724s][info][gc,task        ] GC(634) Using 2 workers of 2 for evacuation
[275.738s][info][gc,phases      ] GC(634)   Pre Evacuate Collection Set: 0.50ms
[275.738s][info][gc,phases      ] GC(634)   Merge Heap Roots: 0.12ms
[275.738s][info][gc,phases      ] GC(634)   Evacuate Collection Set: 12.82ms
[275.738s][info][gc,phases      ] GC(634)   Post Evacuate Collection Set: 0.34ms
[275.738s][info][gc,phases      ] GC(634)   Other: 0.11ms
[275.738s][info][gc,heap        ] GC(634) Eden regions: 40->0(395)
[275.738s][info][gc,heap        ] GC(634) Survivor regions: 9->1(7)
[275.738s][info][gc,heap        ] GC(634) Old regions: 410->419
[275.738s][info][gc,heap        ] GC(634) Humongous regions: 5->5
[275.738s][info][gc,metaspace   ] GC(634) Metaspace: 18776K(18944K)->18776K(18944K) NonClass: 16947K(17088K)->16947K(17088K) Class: 1828K(1856K)->1828K(1856K)
[275.739s][info][gc             ] GC(634) Pause Young (Normal) (G1 Evacuation Pause) 463M->424M(978M) 14.109ms
[275.739s][info][gc,cpu         ] GC(634) User=0.03s Sys=0.00s Real=0.02s
[275.919s][info][gc,marking     ] GC(626) Concurrent Rebuild Remembered Sets and Scrub Regions 277.679ms
[275.919s][info][gc,start       ] GC(626) Pause Cleanup
[275.919s][info][gc             ] GC(626) Pause Cleanup 623M->623M(978M) 0.180ms
[275.919s][info][gc,cpu         ] GC(626) User=0.00s Sys=0.00s Real=0.00s
[275.919s][info][gc,marking     ] GC(626) Concurrent Clear Claimed Marks
[275.919s][info][gc,marking     ] GC(626) Concurrent Clear Claimed Marks 0.037ms
[275.919s][info][gc,marking     ] GC(626) Concurrent Cleanup for Next Mark
[275.924s][info][gc,marking     ] GC(626) Concurrent Cleanup for Next Mark 4.920ms
[275.924s][info][gc             ] GC(626) Concurrent Mark Cycle 1153.631ms
[276.163s][info][gc,start       ] GC(635) Pause Young (Prepare Mixed) (G1 Evacuation Pause)
[276.163s][info][gc,task        ] GC(635) Using 2 workers of 2 for evacuation
[276.200s][info][gc,phases      ] GC(635)   Pre Evacuate Collection Set: 0.29ms
[276.200s][info][gc,phases      ] GC(635)   Merge Heap Roots: 0.37ms
[276.200s][info][gc,phases      ] GC(635)   Evacuate Collection Set: 35.52ms
[276.200s][info][gc,phases      ] GC(635)   Post Evacuate Collection Set: 0.67ms
[276.200s][info][gc,phases      ] GC(635)   Other: 0.09ms
[276.200s][info][gc,heap        ] GC(635) Eden regions: 395->0(392)
[276.200s][info][gc,heap        ] GC(635) Survivor regions: 1->24(50)
[276.200s][info][gc,heap        ] GC(635) Old regions: 419->419
[276.200s][info][gc,heap        ] GC(635) Humongous regions: 5->5
[276.200s][info][gc,metaspace   ] GC(635) Metaspace: 18776K(18944K)->18776K(18944K) NonClass: 16947K(17088K)->16947K(17088K) Class: 1828K(1856K)->1828K(1856K)
[276.200s][info][gc             ] GC(635) Pause Young (Prepare Mixed) (G1 Evacuation Pause) 819M->447M(978M) 37.187ms
[276.200s][info][gc,cpu         ] GC(635) User=0.07s Sys=0.00s Real=0.04s
[277.102s][info][gc,start       ] GC(636) Pause Young (Mixed) (G1 Evacuation Pause)
[277.102s][info][gc,task        ] GC(636) Using 2 workers of 2 for evacuation
[277.178s][info][gc,phases      ] GC(636)   Pre Evacuate Collection Set: 0.62ms
[277.178s][info][gc,phases      ] GC(636)   Merge Heap Roots: 0.77ms
[277.178s][info][gc,phases      ] GC(636)   Evacuate Collection Set: 73.51ms
[277.178s][info][gc,phases      ] GC(636)   Post Evacuate Collection Set: 0.77ms
[277.178s][info][gc,phases      ] GC(636)   Other: 0.11ms
[277.178s][info][gc,heap        ] GC(636) Eden regions: 392->0(449)
[277.178s][info][gc,heap        ] GC(636) Survivor regions: 24->46(52)
[277.178s][info][gc,heap        ] GC(636) Old regions: 419->332
[277.178s][info][gc,heap        ] GC(636) Humongous regions: 5->5
[277.178s][info][gc,metaspace   ] GC(636) Metaspace: 18776K(18944K)->18776K(18944K) NonClass: 16947K(17088K)->16947K(17088K) Class: 1828K(1856K)->1828K(1856K)
[277.178s][info][gc             ] GC(636) Pause Young (Mixed) (G1 Evacuation Pause) 839M->382M(978M) 76.060ms
[277.178s][info][gc,cpu         ] GC(636) User=0.15s Sys=0.00s Real=0.07s
[278.116s][info][gc,start       ] GC(637) Pause Young (Concurrent Start) (G1 Evacuation Pause)
[278.116s][info][gc,task        ] GC(637) Using 2 workers of 2 for evacuation
[278.213s][info][gc,phases      ] GC(637)   Pre Evacuate Collection Set: 0.30ms
[278.213s][info][gc,phases      ] GC(637)   Merge Heap Roots: 0.63ms
[278.213s][info][gc,phases      ] GC(637)   Evacuate Collection Set: 94.30ms
[278.213s][info][gc,phases      ] GC(637)   Post Evacuate Collection Set: 0.88ms
[278.213s][info][gc,phases      ] GC(637)   Other: 0.11ms
[278.213s][info][gc,heap        ] GC(637) Eden regions: 449->0(431)
[278.213s][info][gc,heap        ] GC(637) Survivor regions: 46->52(62)
[278.213s][info][gc,heap        ] GC(637) Old regions: 332->355
[278.213s][info][gc,heap        ] GC(637) Humongous regions: 5->5
[278.213s][info][gc,metaspace   ] GC(637) Metaspace: 18776K(18944K)->18776K(18944K) NonClass: 16947K(17088K)->16947K(17088K) Class: 1828K(1856K)->1828K(1856K)
[278.213s][info][gc             ] GC(637) Pause Young (Concurrent Start) (G1 Evacuation Pause) 831M->411M(978M) 96.458ms
[278.213s][info][gc,cpu         ] GC(637) User=0.19s Sys=0.00s Real=0.10s
[278.213s][info][gc             ] GC(638) Concurrent Mark Cycle
[278.213s][info][gc,marking     ] GC(638) Concurrent Scan Root Regions
[278.335s][info][gc,marking     ] GC(638) Concurrent Scan Root Regions 122.408ms
[278.335s][info][gc,marking     ] GC(638) Concurrent Mark
[278.335s][info][gc,marking     ] GC(638) Concurrent Mark From Roots
[278.335s][info][gc,task        ] GC(638) Using 1 workers of 1 for marking
[279.147s][info][gc,start       ] GC(639) Pause Young (Normal) (G1 Evacuation Pause)
[279.147s][info][gc,task        ] GC(639) Using 2 workers of 2 for evacuation
[279.276s][info][gc,phases      ] GC(639)   Pre Evacuate Collection Set: 0.50ms
[279.276s][info][gc,phases      ] GC(639)   Merge Heap Roots: 0.55ms
[279.276s][info][gc,phases      ] GC(639)   Evacuate Collection Set: 127.44ms
[279.276s][info][gc,phases      ] GC(639)   Post Evacuate Collection Set: 0.86ms
[279.276s][info][gc,phases      ] GC(639)   Other: 0.10ms
[279.276s][info][gc,heap        ] GC(639) Eden regions: 431->0(366)
[279.276s][info][gc,heap        ] GC(639) Survivor regions: 52->61(61)
[279.276s][info][gc,heap        ] GC(639) Old regions: 355->415
[279.276s][info][gc,heap        ] GC(639) Humongous regions: 5->5
[279.276s][info][gc,metaspace   ] GC(639) Metaspace: 18777K(18944K)->18777K(18944K) NonClass: 16948K(17088K)->16948K(17088K) Class: 1828K(1856K)->1828K(1856K)
[279.276s][info][gc             ] GC(639) Pause Young (Normal) (G1 Evacuation Pause) 842M->480M(978M) 129.699ms
[279.276s][info][gc,cpu         ] GC(639) User=0.25s Sys=0.00s Real=0.13s
[279.327s][info][gc,marking     ] GC(638) Concurrent Mark From Roots 992.037ms
[279.327s][info][gc,marking     ] GC(638) Concurrent Preclean
[279.327s][info][gc,marking     ] GC(638) Concurrent Preclean 0.036ms
[279.328s][info][gc,start       ] GC(638) Pause Remark
[279.335s][info][gc             ] GC(638) Pause Remark 527M->516M(978M) 7.762ms
[279.335s][info][gc,cpu         ] GC(638) User=0.02s Sys=0.00s Real=0.01s
[279.335s][info][gc,marking     ] GC(638) Concurrent Mark 1000.130ms
[279.335s][info][gc,marking     ] GC(638) Concurrent Rebuild Remembered Sets and Scrub Regions
[279.695s][info][gc,marking     ] GC(638) Concurrent Rebuild Remembered Sets and Scrub Regions 359.864ms
[279.696s][info][gc,start       ] GC(638) Pause Cleanup
[279.696s][info][gc             ] GC(638) Pause Cleanup 796M->796M(978M) 0.121ms
[279.696s][info][gc,cpu         ] GC(638) User=0.00s Sys=0.00s Real=0.00s
[279.696s][info][gc,marking     ] GC(638) Concurrent Clear Claimed Marks
[279.696s][info][gc,marking     ] GC(638) Concurrent Clear Claimed Marks 0.031ms
[279.696s][info][gc,marking     ] GC(638) Concurrent Cleanup for Next Mark
[279.703s][info][gc,marking     ] GC(638) Concurrent Cleanup for Next Mark 7.271ms
[279.703s][info][gc             ] GC(638) Concurrent Mark Cycle 1490.491ms
[279.723s][info][gc,start       ] GC(640) Pause Young (Prepare Mixed) (G1 Evacuation Pause)
[279.724s][info][gc,task        ] GC(640) Using 2 workers of 2 for evacuation
[279.865s][info][gc,phases      ] GC(640)   Pre Evacuate Collection Set: 0.32ms
[279.865s][info][gc,phases      ] GC(640)   Merge Heap Roots: 0.57ms
[279.865s][info][gc,phases      ] GC(640)   Evacuate Collection Set: 139.70ms
[279.865s][info][gc,phases      ] GC(640)   Post Evacuate Collection Set: 0.78ms
[279.865s][info][gc,phases      ] GC(640)   Other: 0.11ms
[279.865s][info][gc,heap        ] GC(640) Eden regions: 366->0(321)
[279.865s][info][gc,heap        ] GC(640) Survivor regions: 61->54(54)
[279.865s][info][gc,heap        ] GC(640) Old regions: 405->477
[279.865s][info][gc,heap        ] GC(640) Humongous regions: 7->7
[279.865s][info][gc,metaspace   ] GC(640) Metaspace: 18777K(18944K)->18777K(18944K) NonClass: 16948K(17088K)->16948K(17088K) Class: 1828K(1856K)->1828K(1856K)
[279.865s][info][gc             ] GC(640) Pause Young (Prepare Mixed) (G1 Evacuation Pause) 838M->537M(978M) 141.747ms
[279.865s][info][gc,cpu         ] GC(640) User=0.28s Sys=0.01s Real=0.14s
[280.097s][info][gc,start       ] GC(641) Pause Young (Mixed) (G1 Evacuation Pause)
[280.097s][info][gc,task        ] GC(641) Using 2 workers of 2 for evacuation
[280.261s][info][gc,phases      ] GC(641)   Pre Evacuate Collection Set: 0.32ms
[280.261s][info][gc,phases      ] GC(641)   Merge Heap Roots: 0.92ms
[280.261s][info][gc,phases      ] GC(641)   Evacuate Collection Set: 161.53ms
[280.261s][info][gc,phases      ] GC(641)   Post Evacuate Collection Set: 0.70ms
[280.261s][info][gc,phases      ] GC(641)   Other: 0.11ms
[280.261s][info][gc,heap        ] GC(641) Eden regions: 321->0(292)
[280.261s][info][gc,heap        ] GC(641) Survivor regions: 54->47(47)
[280.261s][info][gc,heap        ] GC(641) Old regions: 477->520
[280.261s][info][gc,heap        ] GC(641) Humongous regions: 8->8
[280.261s][info][gc,metaspace   ] GC(641) Metaspace: 18777K(18944K)->18777K(18944K) NonClass: 16948K(17088K)->16948K(17088K) Class: 1828K(1856K)->1828K(1856K)
[280.261s][info][gc             ] GC(641) Pause Young (Mixed) (G1 Evacuation Pause) 859M->574M(978M) 163.879ms
[280.261s][info][gc,cpu         ] GC(641) User=0.33s Sys=0.00s Real=0.17s
[280.458s][info][gc,start       ] GC(642) Pause Young (Concurrent Start) (G1 Evacuation Pause)
[280.458s][info][gc,task        ] GC(642) Using 2 workers of 2 for evacuation
[280.527s][info][gc,phases      ] GC(642)   Pre Evacuate Collection Set: 0.30ms
[280.527s][info][gc,phases      ] GC(642)   Merge Heap Roots: 0.29ms
[280.527s][info][gc,phases      ] GC(642)   Evacuate Collection Set: 68.25ms
[280.527s][info][gc,phases      ] GC(642)   Post Evacuate Collection Set: 0.59ms
[280.528s][info][gc,phases      ] GC(642)   Other: 0.13ms
[280.528s][info][gc,heap        ] GC(642) Eden regions: 292->0(298)
[280.528s][info][gc,heap        ] GC(642) Survivor regions: 47->9(43)
[280.528s][info][gc,heap        ] GC(642) Old regions: 520->567
[280.528s][info][gc,heap        ] GC(642) Humongous regions: 8->8
[280.528s][info][gc,metaspace   ] GC(642) Metaspace: 18777K(18944K)->18777K(18944K) NonClass: 16948K(17088K)->16948K(17088K) Class: 1828K(1856K)->1828K(1856K)
[280.528s][info][gc             ] GC(642) Pause Young (Concurrent Start) (G1 Evacuation Pause) 866M->583M(978M) 69.823ms
[280.528s][info][gc             ] GC(643) Concurrent Mark Cycle
[280.528s][info][gc,marking     ] GC(643) Concurrent Scan Root Regions
[280.528s][info][gc,cpu         ] GC(642) User=0.14s Sys=0.00s Real=0.07s
[280.589s][info][gc,marking     ] GC(643) Concurrent Scan Root Regions 61.064ms
[280.589s][info][gc,marking     ] GC(643) Concurrent Mark
[280.589s][info][gc,marking     ] GC(643) Concurrent Mark From Roots
[280.589s][info][gc,task        ] GC(643) Using 1 workers of 1 for marking
[281.167s][info][gc,start       ] GC(644) Pause Young (Normal) (G1 Evacuation Pause)
[281.167s][info][gc,task        ] GC(644) Using 2 workers of 2 for evacuation
[281.213s][info][gc,phases      ] GC(644)   Pre Evacuate Collection Set: 0.32ms
[281.213s][info][gc,phases      ] GC(644)   Merge Heap Roots: 0.24ms
[281.213s][info][gc,phases      ] GC(644)   Evacuate Collection Set: 44.62ms
[281.213s][info][gc,phases      ] GC(644)   Post Evacuate Collection Set: 0.59ms
[281.213s][info][gc,phases      ] GC(644)   Other: 0.10ms
[281.213s][info][gc,heap        ] GC(644) Eden regions: 298->0(279)
[281.213s][info][gc,heap        ] GC(644) Survivor regions: 9->37(39)
[281.213s][info][gc,heap        ] GC(644) Old regions: 567->567
[281.213s][info][gc,heap        ] GC(644) Humongous regions: 8->8
[281.213s][info][gc,metaspace   ] GC(644) Metaspace: 18777K(18944K)->18777K(18944K) NonClass: 16948K(17088K)->16948K(17088K) Class: 1828K(1856K)->1828K(1856K)
[281.213s][info][gc             ] GC(644) Pause Young (Normal) (G1 Evacuation Pause) 881M->611M(978M) 46.169ms
[281.213s][info][gc,cpu         ] GC(644) User=0.10s Sys=0.00s Real=0.05s
[281.742s][info][gc,marking     ] GC(643) Concurrent Mark From Roots 1153.674ms
[281.743s][info][gc,marking     ] GC(643) Concurrent Preclean
[281.743s][info][gc,marking     ] GC(643) Concurrent Preclean 0.040ms
[281.743s][info][gc,start       ] GC(643) Pause Remark
[281.751s][info][gc             ] GC(643) Pause Remark 765M->669M(978M) 8.318ms
[281.751s][info][gc,cpu         ] GC(643) User=0.02s Sys=0.00s Real=0.01s
[281.751s][info][gc,marking     ] GC(643) Concurrent Mark 1162.420ms
[281.751s][info][gc,marking     ] GC(643) Concurrent Rebuild Remembered Sets and Scrub Regions
[282.045s][info][gc,start       ] GC(645) Pause Young (Normal) (G1 Evacuation Pause)
[282.045s][info][gc,task        ] GC(645) Using 2 workers of 2 for evacuation
[282.120s][info][gc,phases      ] GC(645)   Pre Evacuate Collection Set: 0.30ms
[282.120s][info][gc,phases      ] GC(645)   Merge Heap Roots: 0.52ms
[282.120s][info][gc,phases      ] GC(645)   Evacuate Collection Set: 73.92ms
[282.120s][info][gc,phases      ] GC(645)   Post Evacuate Collection Set: 0.76ms
[282.120s][info][gc,phases      ] GC(645)   Other: 0.11ms
[282.120s][info][gc,heap        ] GC(645) Eden regions: 279->0(326)
[282.120s][info][gc,heap        ] GC(645) Survivor regions: 37->23(40)
[282.120s][info][gc,heap        ] GC(645) Old regions: 474->511
[282.120s][info][gc,heap        ] GC(645) Humongous regions: 5->5
[282.120s][info][gc,metaspace   ] GC(645) Metaspace: 18787K(18944K)->18787K(18944K) NonClass: 16958K(17088K)->16958K(17088K) Class: 1828K(1856K)->1828K(1856K)
[282.120s][info][gc             ] GC(645) Pause Young (Normal) (G1 Evacuation Pause) 794M->538M(978M) 75.837ms
[282.120s][info][gc,cpu         ] GC(645) User=0.15s Sys=0.00s Real=0.08s
[282.280s][info][gc,marking     ] GC(643) Concurrent Rebuild Remembered Sets and Scrub Regions 529.264ms
[282.281s][info][gc,start       ] GC(643) Pause Cleanup
[282.281s][info][gc             ] GC(643) Pause Cleanup 603M->603M(978M) 0.155ms
[282.281s][info][gc,cpu         ] GC(643) User=0.00s Sys=0.00s Real=0.00s
[282.281s][info][gc,marking     ] GC(643) Concurrent Clear Claimed Marks
[282.281s][info][gc,marking     ] GC(643) Concurrent Clear Claimed Marks 0.039ms
[282.281s][info][gc,marking     ] GC(643) Concurrent Cleanup for Next Mark
[282.284s][info][gc,marking     ] GC(643) Concurrent Cleanup for Next Mark 2.922ms
[282.284s][info][gc             ] GC(643) Concurrent Mark Cycle 1756.366ms
[282.573s][info][gc,start       ] GC(646) Pause Young (Prepare Mixed) (G1 Evacuation Pause)
[282.573s][info][gc,task        ] GC(646) Using 2 workers of 2 for evacuation
[282.685s][info][gc,phases      ] GC(646)   Pre Evacuate Collection Set: 0.52ms
[282.685s][info][gc,phases      ] GC(646)   Merge Heap Roots: 0.47ms
[282.685s][info][gc,phases      ] GC(646)   Evacuate Collection Set: 109.58ms
[282.685s][info][gc,phases      ] GC(646)   Post Evacuate Collection Set: 1.01ms
[282.685s][info][gc,phases      ] GC(646)   Other: 0.10ms
[282.685s][info][gc,heap        ] GC(646) Eden regions: 326->0(238)
[282.685s][info][gc,heap        ] GC(646) Survivor regions: 23->44(44)
[282.685s][info][gc,heap        ] GC(646) Old regions: 511->568
[282.685s][info][gc,heap        ] GC(646) Humongous regions: 5->5
[282.685s][info][gc,metaspace   ] GC(646) Metaspace: 18792K(18944K)->18792K(18944K) NonClass: 16963K(17088K)->16963K(17088K) Class: 1828K(1856K)->1828K(1856K)
[282.685s][info][gc             ] GC(646) Pause Young (Prepare Mixed) (G1 Evacuation Pause) 864M->616M(978M) 111.974ms
[282.685s][info][gc,cpu         ] GC(646) User=0.22s Sys=0.01s Real=0.11s
[283.036s][info][gc,start       ] GC(647) Pause Young (Mixed) (G1 Evacuation Pause)
[283.036s][info][gc,task        ] GC(647) Using 2 workers of 2 for evacuation
[283.201s][info][gc,phases      ] GC(647)   Pre Evacuate Collection Set: 0.52ms
[283.201s][info][gc,phases      ] GC(647)   Merge Heap Roots: 0.81ms
[283.201s][info][gc,phases      ] GC(647)   Evacuate Collection Set: 137.14ms
[283.201s][info][gc,phases      ] GC(647)   Merge Optional Heap Roots: 0.38ms
[283.201s][info][gc,phases      ] GC(647)   Evacuate Optional Collection Set: 24.20ms
[283.201s][info][gc,phases      ] GC(647)   Post Evacuate Collection Set: 1.40ms
[283.201s][info][gc,phases      ] GC(647)   Other: 0.06ms
[283.201s][info][gc,heap        ] GC(647) Eden regions: 238->0(125)
[283.201s][info][gc,heap        ] GC(647) Survivor regions: 44->36(36)
[283.201s][info][gc,heap        ] GC(647) Old regions: 568->549
[283.201s][info][gc,heap        ] GC(647) Humongous regions: 8->8
[283.201s][info][gc,metaspace   ] GC(647) Metaspace: 18792K(18944K)->18792K(18944K) NonClass: 16963K(17088K)->16963K(17088K) Class: 1828K(1856K)->1828K(1856K)
[283.201s][info][gc             ] GC(647) Pause Young (Mixed) (G1 Evacuation Pause) 857M->592M(978M) 164.795ms
[283.201s][info][gc,cpu         ] GC(647) User=0.33s Sys=0.00s Real=0.17s
[283.377s][info][gc,start       ] GC(648) Pause Young (Mixed) (G1 Evacuation Pause)
[283.377s][info][gc,task        ] GC(648) Using 2 workers of 2 for evacuation
[283.530s][info][gc,phases      ] GC(648)   Pre Evacuate Collection Set: 0.33ms
[283.530s][info][gc,phases      ] GC(648)   Merge Heap Roots: 1.15ms
[283.531s][info][gc,phases      ] GC(648)   Evacuate Collection Set: 150.13ms
[283.531s][info][gc,phases      ] GC(648)   Post Evacuate Collection Set: 1.55ms
[283.531s][info][gc,phases      ] GC(648)   Other: 0.11ms
[283.531s][info][gc,heap        ] GC(648) Eden regions: 126->0(240)
[283.531s][info][gc,heap        ] GC(648) Survivor regions: 36->21(21)
[283.531s][info][gc,heap        ] GC(648) Old regions: 549->584
[283.531s][info][gc,heap        ] GC(648) Humongous regions: 8->8
[283.531s][info][gc,metaspace   ] GC(648) Metaspace: 18792K(18944K)->18792K(18944K) NonClass: 16963K(17088K)->16963K(17088K) Class: 1828K(1856K)->1828K(1856K)
[283.531s][info][gc             ] GC(648) Pause Young (Mixed) (G1 Evacuation Pause) 718M->612M(978M) 153.559ms
[283.531s][info][gc,cpu         ] GC(648) User=0.30s Sys=0.00s Real=0.16s
[283.760s][info][gc,start       ] GC(649) Pause Young (Concurrent Start) (G1 Evacuation Pause)
[283.760s][info][gc,task        ] GC(649) Using 2 workers of 2 for evacuation
[283.792s][info][gc,phases      ] GC(649)   Pre Evacuate Collection Set: 0.30ms
[283.792s][info][gc,phases      ] GC(649)   Merge Heap Roots: 0.21ms
[283.792s][info][gc,phases      ] GC(649)   Evacuate Collection Set: 31.34ms
[283.792s][info][gc,phases      ] GC(649)   Post Evacuate Collection Set: 0.52ms
[283.792s][info][gc,phases      ] GC(649)   Other: 0.24ms
[283.792s][info][gc,heap        ] GC(649) Eden regions: 240->0(255)
[283.792s][info][gc,heap        ] GC(649) Survivor regions: 21->5(33)
[283.793s][info][gc,heap        ] GC(649) Old regions: 584->605
[283.793s][info][gc,heap        ] GC(649) Humongous regions: 8->8
[283.793s][info][gc,metaspace   ] GC(649) Metaspace: 18797K(18944K)->18797K(18944K) NonClass: 16969K(17088K)->16969K(17088K) Class: 1828K(1856K)->1828K(1856K)
[283.793s][info][gc             ] GC(649) Pause Young (Concurrent Start) (G1 Evacuation Pause) 852M->617M(978M) 32.838ms
[283.793s][info][gc,cpu         ] GC(649) User=0.07s Sys=0.00s Real=0.03s
[283.793s][info][gc             ] GC(650) Concurrent Mark Cycle
[283.793s][info][gc,marking     ] GC(650) Concurrent Scan Root Regions
[283.848s][info][gc,marking     ] GC(650) Concurrent Scan Root Regions 55.564ms
[283.848s][info][gc,marking     ] GC(650) Concurrent Mark
[283.848s][info][gc,marking     ] GC(650) Concurrent Mark From Roots
[283.848s][info][gc,task        ] GC(650) Using 1 workers of 1 for marking
[284.393s][info][gc,start       ] GC(651) Pause Young (Normal) (G1 Evacuation Pause)
[284.393s][info][gc,task        ] GC(651) Using 2 workers of 2 for evacuation
[284.431s][info][gc,phases      ] GC(651)   Pre Evacuate Collection Set: 0.50ms
[284.431s][info][gc,phases      ] GC(651)   Merge Heap Roots: 0.51ms
[284.431s][info][gc,phases      ] GC(651)   Evacuate Collection Set: 36.20ms
[284.431s][info][gc,phases      ] GC(651)   Post Evacuate Collection Set: 0.52ms
[284.431s][info][gc,phases      ] GC(651)   Other: 0.08ms
[284.431s][info][gc,heap        ] GC(651) Eden regions: 255->0(253)
[284.431s][info][gc,heap        ] GC(651) Survivor regions: 5->19(33)
[284.431s][info][gc,heap        ] GC(651) Old regions: 605->605
[284.431s][info][gc,heap        ] GC(651) Humongous regions: 8->8
[284.431s][info][gc,metaspace   ] GC(651) Metaspace: 18797K(18944K)->18797K(18944K) NonClass: 16969K(17088K)->16969K(17088K) Class: 1828K(1856K)->1828K(1856K)
[284.431s][info][gc             ] GC(651) Pause Young (Normal) (G1 Evacuation Pause) 872M->631M(978M) 38.080ms
[284.431s][info][gc,cpu         ] GC(651) User=0.08s Sys=0.00s Real=0.04s
[284.933s][info][gc,start       ] GC(652) Pause Young (Normal) (G1 Evacuation Pause)
[284.933s][info][gc,task        ] GC(652) Using 2 workers of 2 for evacuation
[285.024s][info][gc,phases      ] GC(652)   Pre Evacuate Collection Set: 0.32ms
[285.024s][info][gc,phases      ] GC(652)   Merge Heap Roots: 0.31ms
[285.024s][info][gc,phases      ] GC(652)   Evacuate Collection Set: 89.34ms
[285.024s][info][gc,phases      ] GC(652)   Post Evacuate Collection Set: 0.80ms
[285.024s][info][gc,phases      ] GC(652)   Other: 0.11ms
[285.024s][info][gc,heap        ] GC(652) Eden regions: 253->0(179)
[285.024s][info][gc,heap        ] GC(652) Survivor regions: 19->34(34)
[285.024s][info][gc,heap        ] GC(652) Old regions: 605->655
[285.024s][info][gc,heap        ] GC(652) Humongous regions: 8->8
[285.024s][info][gc,metaspace   ] GC(652) Metaspace: 18803K(18944K)->18803K(18944K) NonClass: 16974K(17088K)->16974K(17088K) Class: 1828K(1856K)->1828K(1856K)
[285.024s][info][gc             ] GC(652) Pause Young (Normal) (G1 Evacuation Pause) 884M->696M(978M) 91.096ms
[285.024s][info][gc,cpu         ] GC(652) User=0.18s Sys=0.00s Real=0.09s
[285.420s][info][gc,start       ] GC(653) Pause Young (Normal) (G1 Evacuation Pause)
[285.421s][info][gc,task        ] GC(653) Using 2 workers of 2 for evacuation
[285.503s][info][gc,phases      ] GC(653)   Pre Evacuate Collection Set: 0.31ms
[285.503s][info][gc,phases      ] GC(653)   Merge Heap Roots: 0.48ms
[285.503s][info][gc,phases      ] GC(653)   Evacuate Collection Set: 80.82ms
[285.503s][info][gc,phases      ] GC(653)   Post Evacuate Collection Set: 0.51ms
[285.503s][info][gc,phases      ] GC(653)   Other: 0.12ms
[285.503s][info][gc,heap        ] GC(653) Eden regions: 179->0(155)
[285.503s][info][gc,heap        ] GC(653) Survivor regions: 34->27(27)
[285.503s][info][gc,heap        ] GC(653) Old regions: 655->699
[285.503s][info][gc,heap        ] GC(653) Humongous regions: 8->8
[285.503s][info][gc,metaspace   ] GC(653) Metaspace: 18803K(18944K)->18803K(18944K) NonClass: 16974K(17088K)->16974K(17088K) Class: 1828K(1856K)->1828K(1856K)
[285.503s][info][gc             ] GC(653) Pause Young (Normal) (G1 Evacuation Pause) 875M->733M(978M) 82.497ms
[285.503s][info][gc,cpu         ] GC(653) User=0.16s Sys=0.00s Real=0.08s
[285.720s][info][gc,marking     ] GC(650) Concurrent Mark From Roots 1871.746ms
[285.720s][info][gc,marking     ] GC(650) Concurrent Preclean
[285.720s][info][gc,marking     ] GC(650) Concurrent Preclean 0.045ms
[285.720s][info][gc,start       ] GC(650) Pause Remark
[285.729s][info][gc             ] GC(650) Pause Remark 803M->767M(978M) 8.440ms
[285.729s][info][gc,cpu         ] GC(650) User=0.01s Sys=0.00s Real=0.01s
[285.731s][info][gc,marking     ] GC(650) Concurrent Mark 1882.959ms
[285.731s][info][gc,marking     ] GC(650) Concurrent Rebuild Remembered Sets and Scrub Regions
[285.888s][info][gc,start       ] GC(654) Pause Young (Normal) (G1 Evacuation Pause)
[285.888s][info][gc,task        ] GC(654) Using 2 workers of 2 for evacuation
[285.971s][info][gc,phases      ] GC(654)   Pre Evacuate Collection Set: 0.32ms
[285.972s][info][gc,phases      ] GC(654)   Merge Heap Roots: 0.36ms
[285.972s][info][gc,phases      ] GC(654)   Evacuate Collection Set: 82.28ms
[285.972s][info][gc,phases      ] GC(654)   Post Evacuate Collection Set: 0.51ms
[285.972s][info][gc,phases      ] GC(654)   Other: 0.11ms
[285.972s][info][gc,heap        ] GC(654) Eden regions: 155->0(147)
[285.972s][info][gc,heap        ] GC(654) Survivor regions: 27->23(23)
[285.972s][info][gc,heap        ] GC(654) Old regions: 665->705
[285.972s][info][gc,heap        ] GC(654) Humongous regions: 9->9
[285.972s][info][gc,metaspace   ] GC(654) Metaspace: 18803K(18944K)->18803K(18944K) NonClass: 16974K(17088K)->16974K(17088K) Class: 1828K(1856K)->1828K(1856K)
[285.972s][info][gc             ] GC(654) Pause Young (Normal) (G1 Evacuation Pause) 855M->736M(978M) 83.800ms
[285.972s][info][gc,cpu         ] GC(654) User=0.16s Sys=0.00s Real=0.09s
[286.220s][info][gc,start       ] GC(655) Pause Young (Normal) (G1 Evacuation Pause)
[286.220s][info][gc,task        ] GC(655) Using 2 workers of 2 for evacuation
[286.281s][info][gc,phases      ] GC(655)   Pre Evacuate Collection Set: 0.27ms
[286.281s][info][gc,phases      ] GC(655)   Merge Heap Roots: 0.27ms
[286.281s][info][gc,phases      ] GC(655)   Evacuate Collection Set: 60.10ms
[286.281s][info][gc,phases      ] GC(655)   Post Evacuate Collection Set: 0.43ms
[286.281s][info][gc,phases      ] GC(655)   Other: 0.08ms
[286.281s][info][gc,heap        ] GC(655) Eden regions: 147->0(132)
[286.281s][info][gc,heap        ] GC(655) Survivor regions: 23->22(22)
[286.281s][info][gc,heap        ] GC(655) Old regions: 705->731
[286.281s][info][gc,heap        ] GC(655) Humongous regions: 9->9
[286.281s][info][gc,metaspace   ] GC(655) Metaspace: 18803K(18944K)->18803K(18944K) NonClass: 16974K(17088K)->16974K(17088K) Class: 1828K(1856K)->1828K(1856K)
[286.281s][info][gc             ] GC(655) Pause Young (Normal) (G1 Evacuation Pause) 883M->761M(978M) 61.400ms
[286.282s][info][gc,cpu         ] GC(655) User=0.13s Sys=0.00s Real=0.06s
[286.436s][info][gc,start       ] GC(656) Pause Young (Normal) (G1 Evacuation Pause)
[286.436s][info][gc,task        ] GC(656) Using 2 workers of 2 for evacuation
[286.464s][info][gc,phases      ] GC(656)   Pre Evacuate Collection Set: 0.28ms
[286.464s][info][gc,phases      ] GC(656)   Merge Heap Roots: 0.18ms
[286.464s][info][gc,phases      ] GC(656)   Evacuate Collection Set: 27.03ms
[286.464s][info][gc,phases      ] GC(656)   Post Evacuate Collection Set: 0.36ms
[286.464s][info][gc,phases      ] GC(656)   Other: 0.09ms
[286.464s][info][gc,heap        ] GC(656) Eden regions: 132->0(142)
[286.464s][info][gc,heap        ] GC(656) Survivor regions: 22->2(20)
[286.464s][info][gc,heap        ] GC(656) Old regions: 731->753
[286.464s][info][gc,heap        ] GC(656) Humongous regions: 9->9
[286.464s][info][gc,metaspace   ] GC(656) Metaspace: 18803K(18944K)->18803K(18944K) NonClass: 16974K(17088K)->16974K(17088K) Class: 1828K(1856K)->1828K(1856K)
[286.464s][info][gc             ] GC(656) Pause Young (Normal) (G1 Evacuation Pause) 893M->763M(978M) 28.150ms
[286.464s][info][gc,cpu         ] GC(656) User=0.06s Sys=0.00s Real=0.03s
[286.532s][info][gc,marking     ] GC(650) Concurrent Rebuild Remembered Sets and Scrub Regions 800.922ms
[286.532s][info][gc,start       ] GC(650) Pause Cleanup
[286.532s][info][gc             ] GC(650) Pause Cleanup 793M->793M(978M) 0.132ms
[286.533s][info][gc,cpu         ] GC(650) User=0.00s Sys=0.00s Real=0.00s
[286.533s][info][gc,marking     ] GC(650) Concurrent Clear Claimed Marks
[286.533s][info][gc,marking     ] GC(650) Concurrent Clear Claimed Marks 0.036ms
[286.533s][info][gc,marking     ] GC(650) Concurrent Cleanup for Next Mark
[286.539s][info][gc,marking     ] GC(650) Concurrent Cleanup for Next Mark 6.165ms
[286.539s][info][gc             ] GC(650) Concurrent Mark Cycle 2746.607ms
[286.660s][info][gc,start       ] GC(657) Pause Young (Prepare Mixed) (G1 Evacuation Pause)
[286.660s][info][gc,task        ] GC(657) Using 2 workers of 2 for evacuation
[286.675s][info][gc,phases      ] GC(657)   Pre Evacuate Collection Set: 0.28ms
[286.675s][info][gc,phases      ] GC(657)   Merge Heap Roots: 0.25ms
[286.675s][info][gc,phases      ] GC(657)   Evacuate Collection Set: 13.25ms
[286.675s][info][gc,phases      ] GC(657)   Post Evacuate Collection Set: 0.41ms
[286.675s][info][gc,phases      ] GC(657)   Other: 0.09ms
[286.675s][info][gc,heap        ] GC(657) Eden regions: 142->0(148)
[286.675s][info][gc,heap        ] GC(657) Survivor regions: 2->6(18)
[286.675s][info][gc,heap        ] GC(657) Old regions: 753->753
[286.675s][info][gc,heap        ] GC(657) Humongous regions: 9->9
[286.675s][info][gc,metaspace   ] GC(657) Metaspace: 18803K(18944K)->18803K(18944K) NonClass: 16974K(17088K)->16974K(17088K) Class: 1828K(1856K)->1828K(1856K)
[286.675s][info][gc             ] GC(657) Pause Young (Prepare Mixed) (G1 Evacuation Pause) 905M->767M(978M) 14.566ms
[286.675s][info][gc,cpu         ] GC(657) User=0.03s Sys=0.00s Real=0.01s
[286.856s][info][gc,start       ] GC(658) Pause Young (Mixed) (G1 Evacuation Pause)
[286.856s][info][gc,task        ] GC(658) Using 2 workers of 2 for evacuation
[286.959s][info][gc,phases      ] GC(658)   Pre Evacuate Collection Set: 0.34ms
[286.959s][info][gc,phases      ] GC(658)   Merge Heap Roots: 1.52ms
[286.959s][info][gc,phases      ] GC(658)   Evacuate Collection Set: 100.36ms
[286.959s][info][gc,phases      ] GC(658)   Post Evacuate Collection Set: 0.50ms
[286.959s][info][gc,phases      ] GC(658)   Other: 0.10ms
[286.959s][info][gc,heap        ] GC(658) Eden regions: 148->0(174)
[286.959s][info][gc,heap        ] GC(658) Survivor regions: 6->14(20)
[286.959s][info][gc,heap        ] GC(658) Old regions: 753->714
[286.959s][info][gc,heap        ] GC(658) Humongous regions: 9->9
[286.959s][info][gc,metaspace   ] GC(658) Metaspace: 18803K(18944K)->18803K(18944K) NonClass: 16974K(17088K)->16974K(17088K) Class: 1828K(1856K)->1828K(1856K)
[286.959s][info][gc             ] GC(658) Pause Young (Mixed) (G1 Evacuation Pause) 915M->735M(978M) 103.103ms
[286.959s][info][gc,cpu         ] GC(658) User=0.21s Sys=0.00s Real=0.11s
[287.235s][info][gc,start       ] GC(659) Pause Young (Concurrent Start) (G1 Evacuation Pause)
[287.236s][info][gc,task        ] GC(659) Using 2 workers of 2 for evacuation
[287.278s][info][gc,phases      ] GC(659)   Pre Evacuate Collection Set: 0.36ms
[287.278s][info][gc,phases      ] GC(659)   Merge Heap Roots: 0.25ms
[287.278s][info][gc,phases      ] GC(659)   Evacuate Collection Set: 41.21ms
[287.278s][info][gc,phases      ] GC(659)   Post Evacuate Collection Set: 0.46ms
[287.278s][info][gc,phases      ] GC(659)   Other: 0.09ms
[287.278s][info][gc,heap        ] GC(659) Eden regions: 174->0(148)
[287.278s][info][gc,heap        ] GC(659) Survivor regions: 14->24(24)
[287.278s][info][gc,heap        ] GC(659) Old regions: 714->723
[287.278s][info][gc,heap        ] GC(659) Humongous regions: 9->9
[287.278s][info][gc,metaspace   ] GC(659) Metaspace: 18803K(18944K)->18803K(18944K) NonClass: 16974K(17088K)->16974K(17088K) Class: 1828K(1856K)->1828K(1856K)
[287.278s][info][gc             ] GC(659) Pause Young (Concurrent Start) (G1 Evacuation Pause) 909M->755M(978M) 42.623ms
[287.278s][info][gc             ] GC(660) Concurrent Mark Cycle
[287.278s][info][gc,marking     ] GC(660) Concurrent Scan Root Regions
[287.278s][info][gc,cpu         ] GC(659) User=0.09s Sys=0.00s Real=0.05s
[287.344s][info][gc,marking     ] GC(660) Concurrent Scan Root Regions 66.345ms
[287.345s][info][gc,marking     ] GC(660) Concurrent Mark
[287.345s][info][gc,marking     ] GC(660) Concurrent Mark From Roots
[287.345s][info][gc,task        ] GC(660) Using 1 workers of 1 for marking
[287.950s][info][gc,start       ] GC(661) Pause Young (Normal) (G1 Evacuation Pause)
[287.951s][info][gc,task        ] GC(661) Using 2 workers of 2 for evacuation
[287.987s][info][gc,phases      ] GC(661)   Pre Evacuate Collection Set: 0.37ms
[287.987s][info][gc,phases      ] GC(661)   Merge Heap Roots: 0.17ms
[287.987s][info][gc,phases      ] GC(661)   Evacuate Collection Set: 35.44ms
[287.987s][info][gc,phases      ] GC(661)   Post Evacuate Collection Set: 0.43ms
[287.987s][info][gc,phases      ] GC(661)   Other: 0.10ms
[287.987s][info][gc,heap        ] GC(661) Eden regions: 148->0(168)
[287.987s][info][gc,heap        ] GC(661) Survivor regions: 24->1(22)
[287.987s][info][gc,heap        ] GC(661) Old regions: 723->748
[287.987s][info][gc,heap        ] GC(661) Humongous regions: 9->9
[287.987s][info][gc,metaspace   ] GC(661) Metaspace: 18803K(18944K)->18803K(18944K) NonClass: 16974K(17088K)->16974K(17088K) Class: 1828K(1856K)->1828K(1856K)
[287.987s][info][gc             ] GC(661) Pause Young (Normal) (G1 Evacuation Pause) 903M->757M(978M) 36.790ms
[287.987s][info][gc,cpu         ] GC(661) User=0.07s Sys=0.00s Real=0.03s
[288.665s][info][gc,start       ] GC(662) Pause Young (Normal) (G1 Evacuation Pause)
[288.665s][info][gc,task        ] GC(662) Using 2 workers of 2 for evacuation
[288.667s][info][gc,phases      ] GC(662)   Pre Evacuate Collection Set: 0.31ms
[288.667s][info][gc,phases      ] GC(662)   Merge Heap Roots: 0.09ms
[288.667s][info][gc,phases      ] GC(662)   Evacuate Collection Set: 0.82ms
[288.667s][info][gc,phases      ] GC(662)   Post Evacuate Collection Set: 0.35ms
[288.667s][info][gc,phases      ] GC(662)   Other: 0.11ms
[288.667s][info][gc,heap        ] GC(662) Eden regions: 168->0(169)
[288.667s][info][gc,heap        ] GC(662) Survivor regions: 1->1(22)
[288.667s][info][gc,heap        ] GC(662) Old regions: 748->748
[288.667s][info][gc,heap        ] GC(662) Humongous regions: 9->9
[288.667s][info][gc,metaspace   ] GC(662) Metaspace: 18803K(18944K)->18803K(18944K) NonClass: 16974K(17088K)->16974K(17088K) Class: 1828K(1856K)->1828K(1856K)
[288.667s][info][gc             ] GC(662) Pause Young (Normal) (G1 Evacuation Pause) 925M->757M(978M) 1.932ms
[288.667s][info][gc,cpu         ] GC(662) User=0.01s Sys=0.01s Real=0.00s
[289.091s][info][gc,marking     ] GC(660) Concurrent Mark From Roots 1746.109ms
[289.091s][info][gc,marking     ] GC(660) Concurrent Preclean
[289.091s][info][gc,marking     ] GC(660) Concurrent Preclean 0.052ms
[289.091s][info][gc,start       ] GC(660) Pause Remark
[289.099s][info][gc             ] GC(660) Pause Remark 883M->741M(978M) 7.844ms
[289.099s][info][gc,cpu         ] GC(660) User=0.01s Sys=0.00s Real=0.01s
[289.099s][info][gc,marking     ] GC(660) Concurrent Mark 1754.319ms
[289.099s][info][gc,marking     ] GC(660) Concurrent Rebuild Remembered Sets and Scrub Regions
[289.263s][info][gc,start       ] GC(663) Pause Young (Normal) (G1 Evacuation Pause)
[289.263s][info][gc,task        ] GC(663) Using 2 workers of 2 for evacuation
[289.270s][info][gc,phases      ] GC(663)   Pre Evacuate Collection Set: 0.29ms
[289.270s][info][gc,phases      ] GC(663)   Merge Heap Roots: 0.23ms
[289.270s][info][gc,phases      ] GC(663)   Evacuate Collection Set: 6.37ms
[289.270s][info][gc,phases      ] GC(663)   Post Evacuate Collection Set: 0.37ms
[289.270s][info][gc,phases      ] GC(663)   Other: 0.11ms
[289.270s][info][gc,heap        ] GC(663) Eden regions: 169->0(282)
[289.270s][info][gc,heap        ] GC(663) Survivor regions: 1->1(22)
[289.270s][info][gc,heap        ] GC(663) Old regions: 609->609
[289.270s][info][gc,heap        ] GC(663) Humongous regions: 6->6
[289.270s][info][gc,metaspace   ] GC(663) Metaspace: 18803K(18944K)->18803K(18944K) NonClass: 16974K(17088K)->16974K(17088K) Class: 1828K(1856K)->1828K(1856K)
[289.270s][info][gc             ] GC(663) Pause Young (Normal) (G1 Evacuation Pause) 784M->614M(978M) 7.596ms
[289.270s][info][gc,cpu         ] GC(663) User=0.01s Sys=0.01s Real=0.01s
[289.706s][info][gc,marking     ] GC(660) Concurrent Rebuild Remembered Sets and Scrub Regions 607.294ms
[289.706s][info][gc,start       ] GC(660) Pause Cleanup
[289.707s][info][gc             ] GC(660) Pause Cleanup 733M->733M(978M) 0.128ms
[289.707s][info][gc,cpu         ] GC(660) User=0.00s Sys=0.00s Real=0.00s
[289.707s][info][gc,marking     ] GC(660) Concurrent Clear Claimed Marks
[289.707s][info][gc,marking     ] GC(660) Concurrent Clear Claimed Marks 0.037ms
[289.707s][info][gc,marking     ] GC(660) Concurrent Cleanup for Next Mark
[289.712s][info][gc,marking     ] GC(660) Concurrent Cleanup for Next Mark 4.947ms
[289.712s][info][gc             ] GC(660) Concurrent Mark Cycle 2433.506ms
[289.911s][info][gc,start       ] GC(664) Pause Young (Prepare Mixed) (G1 Evacuation Pause)
[289.911s][info][gc,task        ] GC(664) Using 2 workers of 2 for evacuation
[289.958s][info][gc,phases      ] GC(664)   Pre Evacuate Collection Set: 0.28ms
[289.958s][info][gc,phases      ] GC(664)   Merge Heap Roots: 0.39ms
[289.958s][info][gc,phases      ] GC(664)   Evacuate Collection Set: 45.89ms
[289.958s][info][gc,phases      ] GC(664)   Post Evacuate Collection Set: 0.56ms
[289.958s][info][gc,phases      ] GC(664)   Other: 0.09ms
[289.958s][info][gc,heap        ] GC(664) Eden regions: 282->0(238)
[289.958s][info][gc,heap        ] GC(664) Survivor regions: 1->36(36)
[289.958s][info][gc,heap        ] GC(664) Old regions: 609->612
[289.958s][info][gc,heap        ] GC(664) Humongous regions: 6->6
[289.958s][info][gc,metaspace   ] GC(664) Metaspace: 18803K(18944K)->18803K(18944K) NonClass: 16974K(17088K)->16974K(17088K) Class: 1828K(1856K)->1828K(1856K)
[289.958s][info][gc             ] GC(664) Pause Young (Prepare Mixed) (G1 Evacuation Pause) 896M->653M(978M) 47.464ms
[289.958s][info][gc,cpu         ] GC(664) User=0.10s Sys=0.00s Real=0.04s
[290.238s][info][gc,start       ] GC(665) Pause Young (Mixed) (G1 Evacuation Pause)
[290.238s][info][gc,task        ] GC(665) Using 2 workers of 2 for evacuation
[290.305s][info][gc,phases      ] GC(665)   Pre Evacuate Collection Set: 0.53ms
[290.306s][info][gc,phases      ] GC(665)   Merge Heap Roots: 0.19ms
[290.306s][info][gc,phases      ] GC(665)   Evacuate Collection Set: 66.13ms
[290.306s][info][gc,phases      ] GC(665)   Post Evacuate Collection Set: 0.58ms
[290.306s][info][gc,phases      ] GC(665)   Other: 0.09ms
[290.306s][info][gc,heap        ] GC(665) Eden regions: 238->0(215)
[290.306s][info][gc,heap        ] GC(665) Survivor regions: 36->35(35)
[290.306s][info][gc,heap        ] GC(665) Old regions: 612->634
[290.306s][info][gc,heap        ] GC(665) Humongous regions: 6->6
[290.306s][info][gc,metaspace   ] GC(665) Metaspace: 18803K(18944K)->18803K(18944K) NonClass: 16975K(17088K)->16975K(17088K) Class: 1828K(1856K)->1828K(1856K)
[290.306s][info][gc             ] GC(665) Pause Young (Mixed) (G1 Evacuation Pause) 891M->674M(978M) 67.773ms
[290.306s][info][gc,cpu         ] GC(665) User=0.13s Sys=0.00s Real=0.07s
[290.400s][info][gc,start       ] GC(666) Pause Young (Concurrent Start) (G1 Humongous Allocation)
[290.400s][info][gc,task        ] GC(666) Using 2 workers of 2 for evacuation
[290.445s][info][gc,phases      ] GC(666)   Pre Evacuate Collection Set: 0.35ms
[290.445s][info][gc,phases      ] GC(666)   Merge Heap Roots: 0.24ms
[290.445s][info][gc,phases      ] GC(666)   Evacuate Collection Set: 43.66ms
[290.445s][info][gc,phases      ] GC(666)   Post Evacuate Collection Set: 0.51ms
[290.445s][info][gc,phases      ] GC(666)   Other: 0.20ms
[290.445s][info][gc,heap        ] GC(666) Eden regions: 45->0(219)
[290.445s][info][gc,heap        ] GC(666) Survivor regions: 35->6(32)
[290.445s][info][gc,heap        ] GC(666) Old regions: 634->670
[290.445s][info][gc,heap        ] GC(666) Humongous regions: 6->6
[290.445s][info][gc,metaspace   ] GC(666) Metaspace: 18803K(18944K)->18803K(18944K) NonClass: 16975K(17088K)->16975K(17088K) Class: 1828K(1856K)->1828K(1856K)
[290.445s][info][gc             ] GC(666) Pause Young (Concurrent Start) (G1 Humongous Allocation) 719M->681M(978M) 45.215ms
[290.445s][info][gc             ] GC(667) Concurrent Mark Cycle
[290.445s][info][gc,marking     ] GC(667) Concurrent Scan Root Regions
[290.447s][info][gc,cpu         ] GC(666) User=0.09s Sys=0.00s Real=0.04s
[290.490s][info][gc,marking     ] GC(667) Concurrent Scan Root Regions 44.650ms
[290.490s][info][gc,marking     ] GC(667) Concurrent Mark
[290.490s][info][gc,marking     ] GC(667) Concurrent Mark From Roots
[290.490s][info][gc,task        ] GC(667) Using 1 workers of 1 for marking
[290.887s][info][gc,start       ] GC(668) Pause Young (Normal) (G1 Evacuation Pause)
[290.887s][info][gc,task        ] GC(668) Using 2 workers of 2 for evacuation
[290.964s][info][gc,phases      ] GC(668)   Pre Evacuate Collection Set: 0.50ms
[290.964s][info][gc,phases      ] GC(668)   Merge Heap Roots: 0.32ms
[290.964s][info][gc,phases      ] GC(668)   Evacuate Collection Set: 75.68ms
[290.964s][info][gc,phases      ] GC(668)   Post Evacuate Collection Set: 0.64ms
[290.964s][info][gc,phases      ] GC(668)   Other: 0.10ms
[290.964s][info][gc,heap        ] GC(668) Eden regions: 219->0(164)
[290.964s][info][gc,heap        ] GC(668) Survivor regions: 6->29(29)
[290.964s][info][gc,heap        ] GC(668) Old regions: 670->697
[290.964s][info][gc,heap        ] GC(668) Humongous regions: 9->9
[290.964s][info][gc,metaspace   ] GC(668) Metaspace: 18803K(18944K)->18803K(18944K) NonClass: 16975K(17088K)->16975K(17088K) Class: 1828K(1856K)->1828K(1856K)
[290.964s][info][gc             ] GC(668) Pause Young (Normal) (G1 Evacuation Pause) 903M->734M(978M) 77.497ms
[290.965s][info][gc,cpu         ] GC(668) User=0.16s Sys=0.00s Real=0.08s
[291.210s][info][gc,start       ] GC(669) Pause Young (Normal) (G1 Evacuation Pause)
[291.210s][info][gc,task        ] GC(669) Using 2 workers of 2 for evacuation
[291.263s][info][gc,phases      ] GC(669)   Pre Evacuate Collection Set: 0.51ms
[291.263s][info][gc,phases      ] GC(669)   Merge Heap Roots: 0.40ms
[291.263s][info][gc,phases      ] GC(669)   Evacuate Collection Set: 51.80ms
[291.263s][info][gc,phases      ] GC(669)   Post Evacuate Collection Set: 0.44ms
[291.263s][info][gc,phases      ] GC(669)   Other: 0.08ms
[291.263s][info][gc,heap        ] GC(669) Eden regions: 164->0(174)
[291.263s][info][gc,heap        ] GC(669) Survivor regions: 29->5(25)
[291.263s][info][gc,heap        ] GC(669) Old regions: 697->726
[291.263s][info][gc,heap        ] GC(669) Humongous regions: 9->9
[291.263s][info][gc,metaspace   ] GC(669) Metaspace: 18803K(18944K)->18803K(18944K) NonClass: 16975K(17088K)->16975K(17088K) Class: 1828K(1856K)->1828K(1856K)
[291.263s][info][gc             ] GC(669) Pause Young (Normal) (G1 Evacuation Pause) 898M->739M(978M) 53.450ms
[291.263s][info][gc,cpu         ] GC(669) User=0.11s Sys=0.01s Real=0.05s
[291.619s][info][gc,start       ] GC(670) Pause Young (Normal) (G1 Evacuation Pause)
[291.619s][info][gc,task        ] GC(670) Using 2 workers of 2 for evacuation
[291.649s][info][gc,phases      ] GC(670)   Pre Evacuate Collection Set: 0.29ms
[291.649s][info][gc,phases      ] GC(670)   Merge Heap Roots: 0.52ms
[291.649s][info][gc,phases      ] GC(670)   Evacuate Collection Set: 28.63ms
[291.649s][info][gc,phases      ] GC(670)   Post Evacuate Collection Set: 0.42ms
[291.649s][info][gc,phases      ] GC(670)   Other: 0.11ms
[291.649s][info][gc,heap        ] GC(670) Eden regions: 174->0(173)
[291.649s][info][gc,heap        ] GC(670) Survivor regions: 5->10(23)
[291.649s][info][gc,heap        ] GC(670) Old regions: 726->726
[291.649s][info][gc,heap        ] GC(670) Humongous regions: 9->9
[291.649s][info][gc,metaspace   ] GC(670) Metaspace: 18803K(18944K)->18803K(18944K) NonClass: 16975K(17088K)->16975K(17088K) Class: 1828K(1856K)->1828K(1856K)
[291.649s][info][gc             ] GC(670) Pause Young (Normal) (G1 Evacuation Pause) 913M->744M(978M) 30.203ms
[291.649s][info][gc,cpu         ] GC(670) User=0.06s Sys=0.00s Real=0.03s
[291.980s][info][gc,start       ] GC(671) Pause Young (Normal) (G1 Evacuation Pause)
[291.980s][info][gc,task        ] GC(671) Using 2 workers of 2 for evacuation
[292.005s][info][gc,phases      ] GC(671)   Pre Evacuate Collection Set: 0.29ms
[292.005s][info][gc,phases      ] GC(671)   Merge Heap Roots: 0.17ms
[292.005s][info][gc,phases      ] GC(671)   Evacuate Collection Set: 23.91ms
[292.005s][info][gc,phases      ] GC(671)   Post Evacuate Collection Set: 0.42ms
[292.005s][info][gc,phases      ] GC(671)   Other: 0.10ms
[292.005s][info][gc,heap        ] GC(671) Eden regions: 173->0(155)
[292.005s][info][gc,heap        ] GC(671) Survivor regions: 10->19(23)
[292.005s][info][gc,heap        ] GC(671) Old regions: 726->726
[292.005s][info][gc,heap        ] GC(671) Humongous regions: 9->9
[292.005s][info][gc,metaspace   ] GC(671) Metaspace: 18803K(18944K)->18803K(18944K) NonClass: 16975K(17088K)->16975K(17088K) Class: 1828K(1856K)->1828K(1856K)
[292.005s][info][gc             ] GC(671) Pause Young (Normal) (G1 Evacuation Pause) 917M->753M(978M) 25.103ms
[292.005s][info][gc,cpu         ] GC(671) User=0.04s Sys=0.00s Real=0.02s
[292.337s][info][gc,start       ] GC(672) Pause Young (Normal) (G1 Evacuation Pause)
[292.337s][info][gc,task        ] GC(672) Using 2 workers of 2 for evacuation
[292.393s][info][gc,phases      ] GC(672)   Pre Evacuate Collection Set: 0.29ms
[292.393s][info][gc,phases      ] GC(672)   Merge Heap Roots: 0.26ms
[292.393s][info][gc,phases      ] GC(672)   Evacuate Collection Set: 54.21ms
[292.393s][info][gc,phases      ] GC(672)   Post Evacuate Collection Set: 0.42ms
[292.393s][info][gc,phases      ] GC(672)   Other: 0.11ms
[292.393s][info][gc,heap        ] GC(672) Eden regions: 155->0(124)
[292.393s][info][gc,heap        ] GC(672) Survivor regions: 19->22(22)
[292.393s][info][gc,heap        ] GC(672) Old regions: 726->751
[292.393s][info][gc,heap        ] GC(672) Humongous regions: 9->9
[292.393s][info][gc,metaspace   ] GC(672) Metaspace: 18803K(18944K)->18803K(18944K) NonClass: 16975K(17088K)->16975K(17088K) Class: 1828K(1856K)->1828K(1856K)
[292.393s][info][gc             ] GC(672) Pause Young (Normal) (G1 Evacuation Pause) 908M->781M(978M) 55.551ms
[292.393s][info][gc,cpu         ] GC(672) User=0.11s Sys=0.00s Real=0.06s
[292.435s][info][gc,marking     ] GC(667) Concurrent Mark From Roots 1944.978ms
[292.435s][info][gc,marking     ] GC(667) Concurrent Preclean
[292.435s][info][gc,marking     ] GC(667) Concurrent Preclean 0.041ms
[292.435s][info][gc,start       ] GC(667) Pause Remark
[292.443s][info][gc             ] GC(667) Pause Remark 797M->785M(978M) 8.469ms
[292.443s][info][gc,cpu         ] GC(667) User=0.01s Sys=0.00s Real=0.01s
[292.444s][info][gc,marking     ] GC(667) Concurrent Mark 1954.668ms
[292.444s][info][gc,marking     ] GC(667) Concurrent Rebuild Remembered Sets and Scrub Regions
[292.742s][info][gc,start       ] GC(673) Pause Young (Normal) (G1 Evacuation Pause)
[292.742s][info][gc,task        ] GC(673) Using 2 workers of 2 for evacuation
[292.778s][info][gc,phases      ] GC(673)   Pre Evacuate Collection Set: 0.34ms
[292.778s][info][gc,phases      ] GC(673)   Merge Heap Roots: 0.13ms
[292.778s][info][gc,phases      ] GC(673)   Evacuate Collection Set: 35.33ms
[292.778s][info][gc,phases      ] GC(673)   Post Evacuate Collection Set: 0.41ms
[292.778s][info][gc,phases      ] GC(673)   Other: 0.12ms
[292.778s][info][gc,heap        ] GC(673) Eden regions: 124->0(133)
[292.778s][info][gc,heap        ] GC(673) Survivor regions: 22->12(19)
[292.778s][info][gc,heap        ] GC(673) Old regions: 739->762
[292.778s][info][gc,heap        ] GC(673) Humongous regions: 9->9
[292.778s][info][gc,metaspace   ] GC(673) Metaspace: 18805K(18944K)->18805K(18944K) NonClass: 16976K(17088K)->16976K(17088K) Class: 1828K(1856K)->1828K(1856K)
[292.778s][info][gc             ] GC(673) Pause Young (Normal) (G1 Evacuation Pause) 893M->782M(978M) 36.591ms
[292.778s][info][gc,cpu         ] GC(673) User=0.07s Sys=0.00s Real=0.04s
[293.027s][info][gc,start       ] GC(674) Pause Young (Normal) (G1 Evacuation Pause)
[293.027s][info][gc,task        ] GC(674) Using 2 workers of 2 for evacuation
[293.059s][info][gc,phases      ] GC(674)   Pre Evacuate Collection Set: 0.29ms
[293.059s][info][gc,phases      ] GC(674)   Merge Heap Roots: 0.19ms
[293.059s][info][gc,phases      ] GC(674)   Evacuate Collection Set: 30.39ms
[293.059s][info][gc,phases      ] GC(674)   Post Evacuate Collection Set: 0.44ms
[293.059s][info][gc,phases      ] GC(674)   Other: 0.10ms
[293.059s][info][gc,heap        ] GC(674) Eden regions: 133->0(108)
[293.059s][info][gc,heap        ] GC(674) Survivor regions: 12->19(19)
[293.059s][info][gc,heap        ] GC(674) Old regions: 762->773
[293.059s][info][gc,heap        ] GC(674) Humongous regions: 9->9
[293.059s][info][gc,metaspace   ] GC(674) Metaspace: 18806K(18944K)->18806K(18944K) NonClass: 16977K(17088K)->16977K(17088K) Class: 1828K(1856K)->1828K(1856K)
[293.059s][info][gc             ] GC(674) Pause Young (Normal) (G1 Evacuation Pause) 915M->800M(978M) 31.618ms
[293.059s][info][gc,cpu         ] GC(674) User=0.06s Sys=0.00s Real=0.04s
[293.234s][info][gc,start       ] GC(675) Pause Young (Normal) (G1 Evacuation Pause)
[293.234s][info][gc,task        ] GC(675) Using 2 workers of 2 for evacuation
[293.263s][info][gc,phases      ] GC(675)   Pre Evacuate Collection Set: 0.28ms
[293.263s][info][gc,phases      ] GC(675)   Merge Heap Roots: 0.13ms
[293.263s][info][gc,phases      ] GC(675)   Evacuate Collection Set: 27.89ms
[293.263s][info][gc,phases      ] GC(675)   Post Evacuate Collection Set: 0.42ms
[293.263s][info][gc,phases      ] GC(675)   Other: 0.09ms
[293.263s][info][gc,heap        ] GC(675) Eden regions: 108->0(109)
[293.263s][info][gc,heap        ] GC(675) Survivor regions: 19->12(16)
[293.263s][info][gc,heap        ] GC(675) Old regions: 773->786
[293.263s][info][gc,heap        ] GC(675) Humongous regions: 9->9
[293.263s][info][gc,metaspace   ] GC(675) Metaspace: 18806K(18944K)->18806K(18944K) NonClass: 16977K(17088K)->16977K(17088K) Class: 1828K(1856K)->1828K(1856K)
[293.263s][info][gc             ] GC(675) Pause Young (Normal) (G1 Evacuation Pause) 908M->806M(978M) 29.115ms
[293.263s][info][gc,cpu         ] GC(675) User=0.05s Sys=0.00s Real=0.03s
[293.338s][info][gc,marking     ] GC(667) Concurrent Rebuild Remembered Sets and Scrub Regions 894.099ms
[293.339s][info][gc,start       ] GC(667) Pause Cleanup
[293.339s][info][gc             ] GC(667) Pause Cleanup 869M->869M(978M) 0.120ms
[293.339s][info][gc,cpu         ] GC(667) User=0.00s Sys=0.00s Real=0.00s
[293.339s][info][gc,marking     ] GC(667) Concurrent Clear Claimed Marks
[293.339s][info][gc,marking     ] GC(667) Concurrent Clear Claimed Marks 0.031ms
[293.339s][info][gc,marking     ] GC(667) Concurrent Cleanup for Next Mark
[293.346s][info][gc,marking     ] GC(667) Concurrent Cleanup for Next Mark 7.004ms
[293.346s][info][gc             ] GC(667) Concurrent Mark Cycle 2901.243ms
[293.401s][info][gc,start       ] GC(676) Pause Young (Prepare Mixed) (G1 Evacuation Pause)
[293.401s][info][gc,task        ] GC(676) Using 2 workers of 2 for evacuation
[293.431s][info][gc,phases      ] GC(676)   Pre Evacuate Collection Set: 0.72ms
[293.431s][info][gc,phases      ] GC(676)   Merge Heap Roots: 0.31ms
[293.431s][info][gc,phases      ] GC(676)   Evacuate Collection Set: 28.90ms
[293.431s][info][gc,phases      ] GC(676)   Post Evacuate Collection Set: 0.53ms
[293.431s][info][gc,phases      ] GC(676)   Other: 0.11ms
[293.431s][info][gc,heap        ] GC(676) Eden regions: 109->0(106)
[293.431s][info][gc,heap        ] GC(676) Survivor regions: 12->8(16)
[293.431s][info][gc,heap        ] GC(676) Old regions: 786->797
[293.431s][info][gc,heap        ] GC(676) Humongous regions: 9->9
[293.431s][info][gc,metaspace   ] GC(676) Metaspace: 18806K(18944K)->18806K(18944K) NonClass: 16977K(17088K)->16977K(17088K) Class: 1828K(1856K)->1828K(1856K)
[293.431s][info][gc             ] GC(676) Pause Young (Prepare Mixed) (G1 Evacuation Pause) 915M->813M(978M) 30.886ms
[293.431s][info][gc,cpu         ] GC(676) User=0.05s Sys=0.00s Real=0.03s
[293.626s][info][gc,start       ] GC(677) Pause Young (Mixed) (G1 Evacuation Pause)
[293.626s][info][gc,task        ] GC(677) Using 2 workers of 2 for evacuation
[293.642s][info][gc,phases      ] GC(677)   Pre Evacuate Collection Set: 0.32ms
[293.642s][info][gc,phases      ] GC(677)   Merge Heap Roots: 0.17ms
[293.642s][info][gc,phases      ] GC(677)   Evacuate Collection Set: 15.22ms
[293.642s][info][gc,phases      ] GC(677)   Post Evacuate Collection Set: 0.41ms
[293.642s][info][gc,phases      ] GC(677)   Other: 0.08ms
[293.642s][info][gc,heap        ] GC(677) Eden regions: 106->0(113)
[293.642s][info][gc,heap        ] GC(677) Survivor regions: 8->11(15)
[293.642s][info][gc,heap        ] GC(677) Old regions: 797->784
[293.642s][info][gc,heap        ] GC(677) Humongous regions: 9->9
[293.642s][info][gc,metaspace   ] GC(677) Metaspace: 18809K(18944K)->18809K(18944K) NonClass: 16980K(17088K)->16980K(17088K) Class: 1828K(1856K)->1828K(1856K)
[293.642s][info][gc             ] GC(677) Pause Young (Mixed) (G1 Evacuation Pause) 919M->803M(978M) 16.387ms
[293.642s][info][gc,cpu         ] GC(677) User=0.03s Sys=0.00s Real=0.02s
[293.909s][info][gc,start       ] GC(678) Pause Young (Concurrent Start) (G1 Evacuation Pause)
[293.909s][info][gc,task        ] GC(678) Using 2 workers of 2 for evacuation
[293.923s][info][gc,phases      ] GC(678)   Pre Evacuate Collection Set: 0.31ms
[293.923s][info][gc,phases      ] GC(678)   Merge Heap Roots: 0.12ms
[293.923s][info][gc,phases      ] GC(678)   Evacuate Collection Set: 12.65ms
[293.923s][info][gc,phases      ] GC(678)   Post Evacuate Collection Set: 0.40ms
[293.923s][info][gc,phases      ] GC(678)   Other: 0.12ms
[293.923s][info][gc,heap        ] GC(678) Eden regions: 113->0(119)
[293.923s][info][gc,heap        ] GC(678) Survivor regions: 11->4(16)
[293.923s][info][gc,heap        ] GC(678) Old regions: 784->792
[293.923s][info][gc,heap        ] GC(678) Humongous regions: 9->9
[293.923s][info][gc,metaspace   ] GC(678) Metaspace: 18809K(18944K)->18809K(18944K) NonClass: 16980K(17088K)->16980K(17088K) Class: 1828K(1856K)->1828K(1856K)
[293.923s][info][gc             ] GC(678) Pause Young (Concurrent Start) (G1 Evacuation Pause) 916M->804M(978M) 13.879ms
[293.923s][info][gc,cpu         ] GC(678) User=0.03s Sys=0.00s Real=0.01s
[293.923s][info][gc             ] GC(679) Concurrent Mark Cycle
[293.923s][info][gc,marking     ] GC(679) Concurrent Scan Root Regions
[293.945s][info][gc,marking     ] GC(679) Concurrent Scan Root Regions 21.909ms
[293.945s][info][gc,marking     ] GC(679) Concurrent Mark
[293.945s][info][gc,marking     ] GC(679) Concurrent Mark From Roots
[293.945s][info][gc,task        ] GC(679) Using 1 workers of 1 for marking
[294.224s][info][gc,start       ] GC(680) Pause Young (Normal) (G1 Evacuation Pause)
[294.224s][info][gc,task        ] GC(680) Using 2 workers of 2 for evacuation
[294.243s][info][gc,phases      ] GC(680)   Pre Evacuate Collection Set: 0.32ms
[294.243s][info][gc,phases      ] GC(680)   Merge Heap Roots: 0.10ms
[294.243s][info][gc,phases      ] GC(680)   Evacuate Collection Set: 17.58ms
[294.243s][info][gc,phases      ] GC(680)   Post Evacuate Collection Set: 0.39ms
[294.243s][info][gc,phases      ] GC(680)   Other: 0.09ms
[294.243s][info][gc,heap        ] GC(680) Eden regions: 119->0(94)
[294.243s][info][gc,heap        ] GC(680) Survivor regions: 4->16(16)
[294.243s][info][gc,heap        ] GC(680) Old regions: 792->793
[294.243s][info][gc,heap        ] GC(680) Humongous regions: 9->9
[294.243s][info][gc,metaspace   ] GC(680) Metaspace: 18809K(18944K)->18809K(18944K) NonClass: 16980K(17088K)->16980K(17088K) Class: 1828K(1856K)->1828K(1856K)
[294.243s][info][gc             ] GC(680) Pause Young (Normal) (G1 Evacuation Pause) 923M->817M(978M) 18.741ms
[294.243s][info][gc,cpu         ] GC(680) User=0.03s Sys=0.00s Real=0.02s
[294.406s][info][gc,start       ] GC(681) Pause Young (Normal) (G1 Evacuation Pause)
[294.406s][info][gc,task        ] GC(681) Using 2 workers of 2 for evacuation
[294.427s][info][gc,phases      ] GC(681)   Pre Evacuate Collection Set: 0.52ms
[294.428s][info][gc,phases      ] GC(681)   Merge Heap Roots: 0.09ms
[294.428s][info][gc,phases      ] GC(681)   Evacuate Collection Set: 20.58ms
[294.428s][info][gc,phases      ] GC(681)   Post Evacuate Collection Set: 0.35ms
[294.428s][info][gc,phases      ] GC(681)   Other: 0.12ms
[294.428s][info][gc,heap        ] GC(681) Eden regions: 94->0(102)
[294.428s][info][gc,heap        ] GC(681) Survivor regions: 16->4(14)
[294.428s][info][gc,heap        ] GC(681) Old regions: 793->809
[294.428s][info][gc,heap        ] GC(681) Humongous regions: 9->9
[294.428s][info][gc,metaspace   ] GC(681) Metaspace: 18809K(18944K)->18809K(18944K) NonClass: 16980K(17088K)->16980K(17088K) Class: 1828K(1856K)->1828K(1856K)
[294.428s][info][gc             ] GC(681) Pause Young (Normal) (G1 Evacuation Pause) 911M->821M(978M) 21.955ms
[294.428s][info][gc,cpu         ] GC(681) User=0.04s Sys=0.00s Real=0.02s
[294.616s][info][gc,start       ] GC(682) Pause Young (Normal) (G1 Evacuation Pause)
[294.616s][info][gc,task        ] GC(682) Using 2 workers of 2 for evacuation
[294.640s][info][gc,phases      ] GC(682)   Pre Evacuate Collection Set: 0.32ms
[294.640s][info][gc,phases      ] GC(682)   Merge Heap Roots: 0.09ms
[294.640s][info][gc,phases      ] GC(682)   Evacuate Collection Set: 22.55ms
[294.640s][info][gc,phases      ] GC(682)   Post Evacuate Collection Set: 0.46ms
[294.640s][info][gc,phases      ] GC(682)   Other: 0.10ms
[294.640s][info][gc,heap        ] GC(682) Eden regions: 102->0(71)
[294.640s][info][gc,heap        ] GC(682) Survivor regions: 4->14(14)
[294.640s][info][gc,heap        ] GC(682) Old regions: 809->820
[294.640s][info][gc,heap        ] GC(682) Humongous regions: 9->9
[294.640s][info][gc,metaspace   ] GC(682) Metaspace: 18809K(18944K)->18809K(18944K) NonClass: 16980K(17088K)->16980K(17088K) Class: 1828K(1856K)->1828K(1856K)
[294.640s][info][gc             ] GC(682) Pause Young (Normal) (G1 Evacuation Pause) 923M->842M(978M) 23.854ms
[294.640s][info][gc,cpu         ] GC(682) User=0.04s Sys=0.00s Real=0.03s
[294.768s][info][gc,start       ] GC(683) Pause Young (Normal) (G1 Evacuation Pause)
[294.768s][info][gc,task        ] GC(683) Using 2 workers of 2 for evacuation
[294.804s][info][gc,phases      ] GC(683)   Pre Evacuate Collection Set: 0.53ms
[294.804s][info][gc,phases      ] GC(683)   Merge Heap Roots: 0.20ms
[294.804s][info][gc,phases      ] GC(683)   Evacuate Collection Set: 34.28ms
[294.804s][info][gc,phases      ] GC(683)   Post Evacuate Collection Set: 0.42ms
[294.804s][info][gc,phases      ] GC(683)   Other: 0.10ms
[294.804s][info][gc,heap        ] GC(683) Eden regions: 71->0(54)
[294.804s][info][gc,heap        ] GC(683) Survivor regions: 14->11(11)
[294.804s][info][gc,heap        ] GC(683) Old regions: 820->843
[294.804s][info][gc,heap        ] GC(683) Humongous regions: 9->9
[294.804s][info][gc,metaspace   ] GC(683) Metaspace: 18809K(18944K)->18809K(18944K) NonClass: 16980K(17088K)->16980K(17088K) Class: 1828K(1856K)->1828K(1856K)
[294.804s][info][gc             ] GC(683) Pause Young (Normal) (G1 Evacuation Pause) 913M->862M(978M) 35.802ms
[294.804s][info][gc,cpu         ] GC(683) User=0.07s Sys=0.00s Real=0.04s
[294.892s][info][gc,start       ] GC(684) Pause Young (Normal) (G1 Evacuation Pause)
[294.892s][info][gc,task        ] GC(684) Using 2 workers of 2 for evacuation
[294.919s][info][gc,phases      ] GC(684)   Pre Evacuate Collection Set: 0.34ms
[294.919s][info][gc,phases      ] GC(684)   Merge Heap Roots: 0.15ms
[294.919s][info][gc,phases      ] GC(684)   Evacuate Collection Set: 25.90ms
[294.919s][info][gc,phases      ] GC(684)   Post Evacuate Collection Set: 0.37ms
[294.919s][info][gc,phases      ] GC(684)   Other: 0.10ms
[294.919s][info][gc,heap        ] GC(684) Eden regions: 54->0(39)
[294.919s][info][gc,heap        ] GC(684) Survivor regions: 11->9(9)
[294.919s][info][gc,heap        ] GC(684) Old regions: 843->863
[294.919s][info][gc,heap        ] GC(684) Humongous regions: 9->9
[294.919s][info][gc,metaspace   ] GC(684) Metaspace: 18809K(18944K)->18809K(18944K) NonClass: 16980K(17088K)->16980K(17088K) Class: 1828K(1856K)->1828K(1856K)
[294.919s][info][gc             ] GC(684) Pause Young (Normal) (G1 Evacuation Pause) 916M->880M(978M) 27.110ms
[294.920s][info][gc,cpu         ] GC(684) User=0.06s Sys=0.00s Real=0.03s
[294.972s][info][gc,start       ] GC(685) Pause Young (Normal) (G1 Evacuation Pause)
[294.972s][info][gc,task        ] GC(685) Using 2 workers of 2 for evacuation
[294.995s][info][gc,phases      ] GC(685)   Pre Evacuate Collection Set: 0.27ms
[294.995s][info][gc,phases      ] GC(685)   Merge Heap Roots: 0.13ms
[294.995s][info][gc,phases      ] GC(685)   Evacuate Collection Set: 22.37ms
[294.995s][info][gc,phases      ] GC(685)   Post Evacuate Collection Set: 0.34ms
[294.995s][info][gc,phases      ] GC(685)   Other: 0.07ms
[294.995s][info][gc,heap        ] GC(685) Eden regions: 39->0(42)
[294.995s][info][gc,heap        ] GC(685) Survivor regions: 9->6(6)
[294.995s][info][gc,heap        ] GC(685) Old regions: 863->881
[294.995s][info][gc,heap        ] GC(685) Humongous regions: 9->9
[294.995s][info][gc,metaspace   ] GC(685) Metaspace: 18809K(18944K)->18809K(18944K) NonClass: 16980K(17088K)->16980K(17088K) Class: 1828K(1856K)->1828K(1856K)
[294.996s][info][gc             ] GC(685) Pause Young (Normal) (G1 Evacuation Pause) 919M->895M(978M) 23.424ms
[294.996s][info][gc,cpu         ] GC(685) User=0.04s Sys=0.00s Real=0.02s
[295.198s][info][gc,start       ] GC(686) Pause Young (Normal) (G1 Evacuation Pause)
[295.198s][info][gc,task        ] GC(686) Using 2 workers of 2 for evacuation
[295.213s][info][gc,phases      ] GC(686)   Pre Evacuate Collection Set: 0.28ms
[295.213s][info][gc,phases      ] GC(686)   Merge Heap Roots: 0.22ms
[295.213s][info][gc,phases      ] GC(686)   Evacuate Collection Set: 13.94ms
[295.213s][info][gc,phases      ] GC(686)   Post Evacuate Collection Set: 0.32ms
[295.213s][info][gc,phases      ] GC(686)   Other: 0.12ms
[295.213s][info][gc,heap        ] GC(686) Eden regions: 42->0(43)
[295.213s][info][gc,heap        ] GC(686) Survivor regions: 6->5(6)
[295.213s][info][gc,heap        ] GC(686) Old regions: 881->887
[295.213s][info][gc,heap        ] GC(686) Humongous regions: 9->9
[295.213s][info][gc,metaspace   ] GC(686) Metaspace: 18809K(18944K)->18809K(18944K) NonClass: 16980K(17088K)->16980K(17088K) Class: 1828K(1856K)->1828K(1856K)
[295.213s][info][gc             ] GC(686) Pause Young (Normal) (G1 Evacuation Pause) 937M->900M(978M) 15.103ms
[295.213s][info][gc,cpu         ] GC(686) User=0.03s Sys=0.00s Real=0.02s
[295.254s][info][gc,start       ] GC(687) Pause Young (Normal) (G1 Evacuation Pause)
[295.255s][info][gc,task        ] GC(687) Using 2 workers of 2 for evacuation
[295.265s][info][gc,phases      ] GC(687)   Pre Evacuate Collection Set: 0.30ms
[295.265s][info][gc,phases      ] GC(687)   Merge Heap Roots: 0.14ms
[295.265s][info][gc,phases      ] GC(687)   Evacuate Collection Set: 9.61ms
[295.265s][info][gc,phases      ] GC(687)   Post Evacuate Collection Set: 0.28ms
[295.265s][info][gc,phases      ] GC(687)   Other: 0.07ms
[295.265s][info][gc,heap        ] GC(687) Eden regions: 43->0(46)
[295.265s][info][gc,heap        ] GC(687) Survivor regions: 5->2(6)
[295.265s][info][gc,heap        ] GC(687) Old regions: 887->892
[295.265s][info][gc,heap        ] GC(687) Humongous regions: 9->9
[295.265s][info][gc,metaspace   ] GC(687) Metaspace: 18809K(18944K)->18809K(18944K) NonClass: 16980K(17088K)->16980K(17088K) Class: 1828K(1856K)->1828K(1856K)
[295.265s][info][gc             ] GC(687) Pause Young (Normal) (G1 Evacuation Pause) 943M->902M(978M) 10.596ms
[295.265s][info][gc,cpu         ] GC(687) User=0.02s Sys=0.00s Real=0.01s
[295.309s][info][gc,start       ] GC(688) Pause Young (Normal) (G1 Evacuation Pause)
[295.309s][info][gc,task        ] GC(688) Using 2 workers of 2 for evacuation
[295.316s][info][gc,phases      ] GC(688)   Pre Evacuate Collection Set: 0.28ms
[295.316s][info][gc,phases      ] GC(688)   Merge Heap Roots: 0.11ms
[295.316s][info][gc,phases      ] GC(688)   Evacuate Collection Set: 6.06ms
[295.316s][info][gc,phases      ] GC(688)   Post Evacuate Collection Set: 0.28ms
[295.316s][info][gc,phases      ] GC(688)   Other: 0.06ms
[295.316s][info][gc,heap        ] GC(688) Eden regions: 46->0(45)
[295.316s][info][gc,heap        ] GC(688) Survivor regions: 2->3(6)
[295.316s][info][gc,heap        ] GC(688) Old regions: 892->892
[295.316s][info][gc,heap        ] GC(688) Humongous regions: 9->9
[295.316s][info][gc,metaspace   ] GC(688) Metaspace: 18809K(18944K)->18809K(18944K) NonClass: 16980K(17088K)->16980K(17088K) Class: 1828K(1856K)->1828K(1856K)
[295.316s][info][gc             ] GC(688) Pause Young (Normal) (G1 Evacuation Pause) 948M->903M(978M) 6.985ms
[295.316s][info][gc,cpu         ] GC(688) User=0.02s Sys=0.00s Real=0.00s
[295.434s][info][gc,start       ] GC(689) Pause Young (Normal) (G1 Evacuation Pause)
[295.434s][info][gc,task        ] GC(689) Using 2 workers of 2 for evacuation
[295.470s][info][gc,phases      ] GC(689)   Pre Evacuate Collection Set: 0.27ms
[295.471s][info][gc,phases      ] GC(689)   Merge Heap Roots: 0.27ms
[295.471s][info][gc,phases      ] GC(689)   Evacuate Collection Set: 35.14ms
[295.471s][info][gc,phases      ] GC(689)   Post Evacuate Collection Set: 0.45ms
[295.471s][info][gc,phases      ] GC(689)   Other: 0.07ms
[295.471s][info][gc,heap        ] GC(689) Eden regions: 45->0(42)
[295.471s][info][gc,heap        ] GC(689) Survivor regions: 3->6(6)
[295.471s][info][gc,heap        ] GC(689) Old regions: 892->904
[295.471s][info][gc,heap        ] GC(689) Humongous regions: 12->12
[295.471s][info][gc,metaspace   ] GC(689) Metaspace: 18809K(18944K)->18809K(18944K) NonClass: 16980K(17088K)->16980K(17088K) Class: 1828K(1856K)->1828K(1856K)
[295.471s][info][gc             ] GC(689) Pause Young (Normal) (G1 Evacuation Pause) 951M->921M(978M) 36.520ms
[295.471s][info][gc,cpu         ] GC(689) User=0.07s Sys=0.00s Real=0.04s
[295.541s][info][gc,start       ] GC(690) Pause Young (Normal) (G1 Evacuation Pause)
[295.541s][info][gc,task        ] GC(690) Using 2 workers of 2 for evacuation
[295.582s][info][gc,phases      ] GC(690)   Pre Evacuate Collection Set: 0.30ms
[295.582s][info][gc,phases      ] GC(690)   Merge Heap Roots: 0.39ms
[295.582s][info][gc,phases      ] GC(690)   Evacuate Collection Set: 38.05ms
[295.582s][info][gc,phases      ] GC(690)   Post Evacuate Collection Set: 2.06ms
[295.582s][info][gc,phases      ] GC(690)   Other: 0.06ms
[295.582s][info][gc,heap        ] GC(690) Eden regions: 42->0(11)
[295.582s][info][gc,heap        ] GC(690) Survivor regions: 6->6(6)
[295.582s][info][gc,heap        ] GC(690) Old regions: 904->943
[295.582s][info][gc,heap        ] GC(690) Humongous regions: 12->12
[295.582s][info][gc,metaspace   ] GC(690) Metaspace: 18809K(18944K)->18809K(18944K) NonClass: 16980K(17088K)->16980K(17088K) Class: 1828K(1856K)->1828K(1856K)
[295.582s][info][gc             ] GC(690) Pause Young (Normal) (G1 Evacuation Pause) (Evacuation Failure: Allocation) 963M->960M(978M) 41.086ms
[295.582s][info][gc,cpu         ] GC(690) User=0.08s Sys=0.00s Real=0.04s
[295.605s][info][gc,start       ] GC(691) Pause Young (Normal) (G1 Evacuation Pause)
[295.605s][info][gc,task        ] GC(691) Using 2 workers of 2 for evacuation
[295.633s][info][gc,phases      ] GC(691)   Pre Evacuate Collection Set: 0.29ms
[295.633s][info][gc,phases      ] GC(691)   Merge Heap Roots: 0.21ms
[295.633s][info][gc,phases      ] GC(691)   Evacuate Collection Set: 23.67ms
[295.633s][info][gc,phases      ] GC(691)   Post Evacuate Collection Set: 3.04ms
[295.633s][info][gc,phases      ] GC(691)   Other: 0.09ms
[295.633s][info][gc,heap        ] GC(691) Eden regions: 11->0(7)
[295.633s][info][gc,heap        ] GC(691) Survivor regions: 6->1(3)
[295.633s][info][gc,heap        ] GC(691) Old regions: 943->957
[295.633s][info][gc,heap        ] GC(691) Humongous regions: 12->12
[295.633s][info][gc,metaspace   ] GC(691) Metaspace: 18809K(18944K)->18809K(18944K) NonClass: 16980K(17088K)->16980K(17088K) Class: 1828K(1856K)->1828K(1856K)
[295.633s][info][gc             ] GC(691) Pause Young (Normal) (G1 Evacuation Pause) (Evacuation Failure: Allocation) 971M->969M(978M) 27.481ms
[295.633s][info][gc,cpu         ] GC(691) User=0.06s Sys=0.00s Real=0.03s
[295.653s][info][gc,start       ] GC(692) Pause Young (Normal) (G1 Evacuation Pause)
[295.653s][info][gc,task        ] GC(692) Using 2 workers of 2 for evacuation
[295.667s][info][gc,phases      ] GC(692)   Pre Evacuate Collection Set: 0.49ms
[295.667s][info][gc,phases      ] GC(692)   Merge Heap Roots: 0.08ms
[295.667s][info][gc,phases      ] GC(692)   Evacuate Collection Set: 10.46ms
[295.667s][info][gc,phases      ] GC(692)   Post Evacuate Collection Set: 2.62ms
[295.667s][info][gc,phases      ] GC(692)   Other: 0.06ms
[295.667s][info][gc,heap        ] GC(692) Eden regions: 7->0(7)
[295.667s][info][gc,heap        ] GC(692) Survivor regions: 1->1(1)
[295.667s][info][gc,heap        ] GC(692) Old regions: 957->957
[295.667s][info][gc,heap        ] GC(692) Humongous regions: 12->12
[295.667s][info][gc,metaspace   ] GC(692) Metaspace: 18809K(18944K)->18809K(18944K) NonClass: 16980K(17088K)->16980K(17088K) Class: 1828K(1856K)->1828K(1856K)
[295.667s][info][gc             ] GC(692) Pause Young (Normal) (G1 Evacuation Pause) (Evacuation Failure: Allocation) 976M->969M(978M) 13.898ms
[295.667s][info][gc,cpu         ] GC(692) User=0.03s Sys=0.00s Real=0.01s
[295.689s][info][gc,start       ] GC(693) Pause Young (Normal) (G1 Evacuation Pause)
[295.689s][info][gc,task        ] GC(693) Using 2 workers of 2 for evacuation
[295.700s][info][gc,phases      ] GC(693)   Pre Evacuate Collection Set: 0.48ms
[295.700s][info][gc,phases      ] GC(693)   Merge Heap Roots: 0.07ms
[295.700s][info][gc,phases      ] GC(693)   Evacuate Collection Set: 8.45ms
[295.700s][info][gc,phases      ] GC(693)   Post Evacuate Collection Set: 2.36ms
[295.700s][info][gc,phases      ] GC(693)   Other: 0.06ms
[295.700s][info][gc,heap        ] GC(693) Eden regions: 7->0(7)
[295.700s][info][gc,heap        ] GC(693) Survivor regions: 1->1(1)
[295.700s][info][gc,heap        ] GC(693) Old regions: 957->957
[295.700s][info][gc,heap        ] GC(693) Humongous regions: 12->12
[295.700s][info][gc,metaspace   ] GC(693) Metaspace: 18809K(18944K)->18809K(18944K) NonClass: 16980K(17088K)->16980K(17088K) Class: 1828K(1856K)->1828K(1856K)
[295.700s][info][gc             ] GC(693) Pause Young (Normal) (G1 Evacuation Pause) (Evacuation Failure: Allocation) 976M->969M(978M) 11.643ms
[295.700s][info][gc,cpu         ] GC(693) User=0.02s Sys=0.00s Real=0.01s
[295.706s][info][gc,marking     ] GC(679) Concurrent Mark From Roots 1760.307ms
[295.706s][info][gc,marking     ] GC(679) Concurrent Preclean
[295.706s][info][gc,marking     ] GC(679) Concurrent Preclean 0.047ms
[295.706s][info][gc,start       ] GC(679) Pause Remark
[295.715s][info][gc             ] GC(679) Pause Remark 971M->688M(978M) 9.093ms
[295.715s][info][gc,cpu         ] GC(679) User=0.01s Sys=0.00s Real=0.01s
[295.717s][info][gc,marking     ] GC(679) Concurrent Mark 1772.017ms
[295.717s][info][gc,marking     ] GC(679) Concurrent Rebuild Remembered Sets and Scrub Regions
[295.728s][info][gc,start       ] GC(694) Pause Young (Normal) (G1 Evacuation Pause)
[295.728s][info][gc,task        ] GC(694) Using 2 workers of 2 for evacuation
[295.737s][info][gc,phases      ] GC(694)   Pre Evacuate Collection Set: 0.40ms
[295.737s][info][gc,phases      ] GC(694)   Merge Heap Roots: 0.07ms
[295.737s][info][gc,phases      ] GC(694)   Evacuate Collection Set: 7.76ms
[295.737s][info][gc,phases      ] GC(694)   Post Evacuate Collection Set: 0.26ms
[295.737s][info][gc,phases      ] GC(694)   Other: 0.09ms
[295.737s][info][gc,heap        ] GC(694) Eden regions: 7->0(239)
[295.737s][info][gc,heap        ] GC(694) Survivor regions: 1->1(1)
[295.737s][info][gc,heap        ] GC(694) Old regions: 679->649
[295.737s][info][gc,heap        ] GC(694) Humongous regions: 7->7
[295.737s][info][gc,metaspace   ] GC(694) Metaspace: 18809K(18944K)->18809K(18944K) NonClass: 16980K(17088K)->16980K(17088K) Class: 1828K(1856K)->1828K(1856K)
[295.737s][info][gc             ] GC(694) Pause Young (Normal) (G1 Evacuation Pause) 693M->656M(978M) 8.743ms
[295.737s][info][gc,cpu         ] GC(694) User=0.01s Sys=0.00s Real=0.01s
[296.078s][info][gc,start       ] GC(695) Pause Young (Normal) (G1 Evacuation Pause)
[296.078s][info][gc,task        ] GC(695) Using 2 workers of 2 for evacuation
[296.112s][info][gc,phases      ] GC(695)   Pre Evacuate Collection Set: 0.30ms
[296.112s][info][gc,phases      ] GC(695)   Merge Heap Roots: 0.26ms
[296.112s][info][gc,phases      ] GC(695)   Evacuate Collection Set: 32.71ms
[296.112s][info][gc,phases      ] GC(695)   Post Evacuate Collection Set: 0.50ms
[296.112s][info][gc,phases      ] GC(695)   Other: 0.08ms
[296.112s][info][gc,heap        ] GC(695) Eden regions: 239->0(215)
[296.112s][info][gc,heap        ] GC(695) Survivor regions: 1->28(30)
[296.112s][info][gc,heap        ] GC(695) Old regions: 649->649
[296.112s][info][gc,heap        ] GC(695) Humongous regions: 7->7
[296.112s][info][gc,metaspace   ] GC(695) Metaspace: 18809K(18944K)->18809K(18944K) NonClass: 16980K(17088K)->16980K(17088K) Class: 1828K(1856K)->1828K(1856K)
[296.112s][info][gc             ] GC(695) Pause Young (Normal) (G1 Evacuation Pause) 895M->683M(978M) 34.112ms
[296.112s][info][gc,cpu         ] GC(695) User=0.07s Sys=0.00s Real=0.04s
[296.333s][info][gc,marking     ] GC(679) Concurrent Rebuild Remembered Sets and Scrub Regions 615.889ms
[296.333s][info][gc,start       ] GC(679) Pause Cleanup
[296.334s][info][gc             ] GC(679) Pause Cleanup 842M->842M(978M) 0.149ms
[296.334s][info][gc,cpu         ] GC(679) User=0.00s Sys=0.00s Real=0.00s
[296.334s][info][gc,marking     ] GC(679) Concurrent Clear Claimed Marks
[296.334s][info][gc,marking     ] GC(679) Concurrent Clear Claimed Marks 0.061ms
[296.334s][info][gc,marking     ] GC(679) Concurrent Cleanup for Next Mark
[296.337s][info][gc,marking     ] GC(679) Concurrent Cleanup for Next Mark 2.907ms
[296.337s][info][gc             ] GC(679) Concurrent Mark Cycle 2413.411ms
[296.394s][info][gc,start       ] GC(696) Pause Young (Prepare Mixed) (G1 Evacuation Pause)
[296.394s][info][gc,task        ] GC(696) Using 2 workers of 2 for evacuation
[296.430s][info][gc,phases      ] GC(696)   Pre Evacuate Collection Set: 0.31ms
[296.430s][info][gc,phases      ] GC(696)   Merge Heap Roots: 0.28ms
[296.430s][info][gc,phases      ] GC(696)   Evacuate Collection Set: 34.60ms
[296.430s][info][gc,phases      ] GC(696)   Post Evacuate Collection Set: 0.49ms
[296.430s][info][gc,phases      ] GC(696)   Other: 0.09ms
[296.430s][info][gc,heap        ] GC(696) Eden regions: 215->0(223)
[296.430s][info][gc,heap        ] GC(696) Survivor regions: 28->4(31)
[296.430s][info][gc,heap        ] GC(696) Old regions: 649->676
[296.430s][info][gc,heap        ] GC(696) Humongous regions: 7->7
[296.430s][info][gc,metaspace   ] GC(696) Metaspace: 18809K(18944K)->18809K(18944K) NonClass: 16980K(17088K)->16980K(17088K) Class: 1828K(1856K)->1828K(1856K)
[296.430s][info][gc             ] GC(696) Pause Young (Prepare Mixed) (G1 Evacuation Pause) 898M->686M(978M) 36.057ms
[296.430s][info][gc,cpu         ] GC(696) User=0.07s Sys=0.00s Real=0.04s
[296.778s][info][gc,start       ] GC(697) Pause Young (Mixed) (G1 Evacuation Pause)
[296.778s][info][gc,task        ] GC(697) Using 2 workers of 2 for evacuation
[296.812s][info][gc,phases      ] GC(697)   Pre Evacuate Collection Set: 0.31ms
[296.813s][info][gc,phases      ] GC(697)   Merge Heap Roots: 0.53ms
[296.813s][info][gc,phases      ] GC(697)   Evacuate Collection Set: 33.20ms
[296.813s][info][gc,phases      ] GC(697)   Post Evacuate Collection Set: 0.56ms
[296.813s][info][gc,phases      ] GC(697)   Other: 0.09ms
[296.813s][info][gc,heap        ] GC(697) Eden regions: 223->0(271)
[296.813s][info][gc,heap        ] GC(697) Survivor regions: 4->18(29)
[296.813s][info][gc,heap        ] GC(697) Old regions: 676->609
[296.813s][info][gc,heap        ] GC(697) Humongous regions: 7->7
[296.813s][info][gc,metaspace   ] GC(697) Metaspace: 18809K(18944K)->18809K(18944K) NonClass: 16980K(17088K)->16980K(17088K) Class: 1828K(1856K)->1828K(1856K)
[296.813s][info][gc             ] GC(697) Pause Young (Mixed) (G1 Evacuation Pause) 909M->633M(978M) 34.956ms
[296.813s][info][gc,cpu         ] GC(697) User=0.07s Sys=0.00s Real=0.04s
[297.163s][info][gc,start       ] GC(698) Pause Young (Concurrent Start) (G1 Evacuation Pause)
[297.163s][info][gc,task        ] GC(698) Using 2 workers of 2 for evacuation
[297.247s][info][gc,phases      ] GC(698)   Pre Evacuate Collection Set: 0.36ms
[297.247s][info][gc,phases      ] GC(698)   Merge Heap Roots: 0.28ms
[297.247s][info][gc,phases      ] GC(698)   Evacuate Collection Set: 80.94ms
[297.247s][info][gc,phases      ] GC(698)   Post Evacuate Collection Set: 1.75ms
[297.247s][info][gc,phases      ] GC(698)   Other: 0.13ms
[297.247s][info][gc,heap        ] GC(698) Eden regions: 271->0(183)
[297.247s][info][gc,heap        ] GC(698) Survivor regions: 18->37(37)
[297.247s][info][gc,heap        ] GC(698) Old regions: 609->664
[297.247s][info][gc,heap        ] GC(698) Humongous regions: 7->7
[297.247s][info][gc,metaspace   ] GC(698) Metaspace: 18809K(18944K)->18809K(18944K) NonClass: 16980K(17088K)->16980K(17088K) Class: 1828K(1856K)->1828K(1856K)
[297.247s][info][gc             ] GC(698) Pause Young (Concurrent Start) (G1 Evacuation Pause) (Evacuation Failure: Allocation) 904M->707M(978M) 83.721ms
[297.247s][info][gc,cpu         ] GC(698) User=0.17s Sys=0.00s Real=0.08s
[297.247s][info][gc             ] GC(699) Concurrent Mark Cycle
[297.247s][info][gc,marking     ] GC(699) Concurrent Scan Root Regions
[297.349s][info][gc,marking     ] GC(699) Concurrent Scan Root Regions 102.293ms
[297.349s][info][gc,marking     ] GC(699) Concurrent Mark
[297.349s][info][gc,marking     ] GC(699) Concurrent Mark From Roots
[297.349s][info][gc,task        ] GC(699) Using 1 workers of 1 for marking
[297.804s][info][gc,start       ] GC(700) Pause Young (Normal) (G1 Evacuation Pause)
[297.804s][info][gc,task        ] GC(700) Using 2 workers of 2 for evacuation
[297.874s][info][gc,phases      ] GC(700)   Pre Evacuate Collection Set: 0.52ms
[297.874s][info][gc,phases      ] GC(700)   Merge Heap Roots: 0.50ms
[297.874s][info][gc,phases      ] GC(700)   Evacuate Collection Set: 68.43ms
[297.874s][info][gc,phases      ] GC(700)   Post Evacuate Collection Set: 0.55ms
[297.874s][info][gc,phases      ] GC(700)   Other: 0.09ms
[297.874s][info][gc,heap        ] GC(700) Eden regions: 183->0(200)
[297.874s][info][gc,heap        ] GC(700) Survivor regions: 37->12(28)
[297.874s][info][gc,heap        ] GC(700) Old regions: 664->685
[297.874s][info][gc,heap        ] GC(700) Humongous regions: 8->8
[297.874s][info][gc,metaspace   ] GC(700) Metaspace: 18809K(18944K)->18809K(18944K) NonClass: 16980K(17088K)->16980K(17088K) Class: 1828K(1856K)->1828K(1856K)
[297.874s][info][gc             ] GC(700) Pause Young (Normal) (G1 Evacuation Pause) 891M->704M(978M) 70.408ms
[297.874s][info][gc,cpu         ] GC(700) User=0.13s Sys=0.00s Real=0.07s
[298.383s][info][gc,marking     ] GC(699) Concurrent Mark From Roots 1033.636ms
[298.383s][info][gc,marking     ] GC(699) Concurrent Preclean
[298.383s][info][gc,marking     ] GC(699) Concurrent Preclean 0.053ms
[298.383s][info][gc,start       ] GC(699) Pause Remark
[298.391s][info][gc             ] GC(699) Pause Remark 840M->658M(978M) 8.007ms
[298.391s][info][gc,cpu         ] GC(699) User=0.02s Sys=0.01s Real=0.01s
[298.391s][info][gc,marking     ] GC(699) Concurrent Mark 1042.060ms
[298.391s][info][gc,marking     ] GC(699) Concurrent Rebuild Remembered Sets and Scrub Regions
[298.528s][info][gc,start       ] GC(701) Pause Young (Normal) (G1 Evacuation Pause)
[298.528s][info][gc,task        ] GC(701) Using 2 workers of 2 for evacuation
[298.564s][info][gc,phases      ] GC(701)   Pre Evacuate Collection Set: 0.50ms
[298.564s][info][gc,phases      ] GC(701)   Merge Heap Roots: 0.50ms
[298.564s][info][gc,phases      ] GC(701)   Evacuate Collection Set: 33.81ms
[298.564s][info][gc,phases      ] GC(701)   Post Evacuate Collection Set: 0.49ms
[298.564s][info][gc,phases      ] GC(701)   Other: 0.11ms
[298.564s][info][gc,heap        ] GC(701) Eden regions: 200->0(332)
[298.564s][info][gc,heap        ] GC(701) Survivor regions: 12->25(27)
[298.564s][info][gc,heap        ] GC(701) Old regions: 506->506
[298.564s][info][gc,heap        ] GC(701) Humongous regions: 5->5
[298.564s][info][gc,metaspace   ] GC(701) Metaspace: 18809K(18944K)->18809K(18944K) NonClass: 16980K(17088K)->16980K(17088K) Class: 1828K(1856K)->1828K(1856K)
[298.564s][info][gc             ] GC(701) Pause Young (Normal) (G1 Evacuation Pause) 722M->535M(978M) 35.688ms
[298.564s][info][gc,cpu         ] GC(701) User=0.07s Sys=0.00s Real=0.03s
[298.796s][info][gc,marking     ] GC(699) Concurrent Rebuild Remembered Sets and Scrub Regions 404.833ms
[298.796s][info][gc,start       ] GC(699) Pause Cleanup
[298.796s][info][gc             ] GC(699) Pause Cleanup 687M->687M(978M) 0.137ms
[298.796s][info][gc,cpu         ] GC(699) User=0.00s Sys=0.00s Real=0.00s
[298.798s][info][gc,marking     ] GC(699) Concurrent Clear Claimed Marks
[298.798s][info][gc,marking     ] GC(699) Concurrent Clear Claimed Marks 0.065ms
[298.798s][info][gc,marking     ] GC(699) Concurrent Cleanup for Next Mark
[298.804s][info][gc,marking     ] GC(699) Concurrent Cleanup for Next Mark 5.948ms
[298.804s][info][gc             ] GC(699) Concurrent Mark Cycle 1557.002ms
[299.011s][info][gc,start       ] GC(702) Pause Young (Prepare Mixed) (G1 Evacuation Pause)
[299.011s][info][gc,task        ] GC(702) Using 2 workers of 2 for evacuation
[299.066s][info][gc,phases      ] GC(702)   Pre Evacuate Collection Set: 0.29ms
[299.066s][info][gc,phases      ] GC(702)   Merge Heap Roots: 0.23ms
[299.066s][info][gc,phases      ] GC(702)   Evacuate Collection Set: 54.04ms
[299.066s][info][gc,phases      ] GC(702)   Post Evacuate Collection Set: 0.61ms
[299.066s][info][gc,phases      ] GC(702)   Other: 0.09ms
[299.066s][info][gc,heap        ] GC(702) Eden regions: 332->0(323)
[299.066s][info][gc,heap        ] GC(702) Survivor regions: 25->33(45)
[299.066s][info][gc,heap        ] GC(702) Old regions: 506->517
[299.066s][info][gc,heap        ] GC(702) Humongous regions: 5->5
[299.066s][info][gc,metaspace   ] GC(702) Metaspace: 18809K(18944K)->18809K(18944K) NonClass: 16980K(17088K)->16980K(17088K) Class: 1828K(1856K)->1828K(1856K)
[299.066s][info][gc             ] GC(702) Pause Young (Prepare Mixed) (G1 Evacuation Pause) 867M->554M(978M) 55.545ms
[299.066s][info][gc,cpu         ] GC(702) User=0.11s Sys=0.00s Real=0.05s
[299.761s][info][gc,start       ] GC(703) Pause Young (Mixed) (G1 Evacuation Pause)
[299.761s][info][gc,task        ] GC(703) Using 2 workers of 2 for evacuation
[299.844s][info][gc,phases      ] GC(703)   Pre Evacuate Collection Set: 0.54ms
[299.844s][info][gc,phases      ] GC(703)   Merge Heap Roots: 0.81ms
[299.844s][info][gc,phases      ] GC(703)   Evacuate Collection Set: 79.98ms
[299.844s][info][gc,phases      ] GC(703)   Post Evacuate Collection Set: 1.42ms
[299.844s][info][gc,phases      ] GC(703)   Other: 0.11ms
[299.844s][info][gc,heap        ] GC(703) Eden regions: 323->0(372)
[299.844s][info][gc,heap        ] GC(703) Survivor regions: 33->28(45)
[299.844s][info][gc,heap        ] GC(703) Old regions: 517->478
[299.844s][info][gc,heap        ] GC(703) Humongous regions: 5->5
[299.844s][info][gc,metaspace   ] GC(703) Metaspace: 18809K(18944K)->18809K(18944K) NonClass: 16980K(17088K)->16980K(17088K) Class: 1828K(1856K)->1828K(1856K)
[299.844s][info][gc             ] GC(703) Pause Young (Mixed) (G1 Evacuation Pause) 877M->510M(978M) 83.106ms
[299.844s][info][gc,cpu         ] GC(703) User=0.17s Sys=0.00s Real=0.08s
[300.437s][info][gc,start       ] GC(704) Pause Young (Concurrent Start) (G1 Evacuation Pause)
[300.437s][info][gc,task        ] GC(704) Using 2 workers of 2 for evacuation
[300.534s][info][gc,phases      ] GC(704)   Pre Evacuate Collection Set: 0.34ms
[300.534s][info][gc,phases      ] GC(704)   Merge Heap Roots: 0.57ms
[300.534s][info][gc,phases      ] GC(704)   Evacuate Collection Set: 94.74ms
[300.534s][info][gc,phases      ] GC(704)   Post Evacuate Collection Set: 0.76ms
[300.534s][info][gc,phases      ] GC(704)   Other: 0.21ms
[300.534s][info][gc,heap        ] GC(704) Eden regions: 372->0(303)
[300.534s][info][gc,heap        ] GC(704) Survivor regions: 28->50(50)
[300.534s][info][gc,heap        ] GC(704) Old regions: 478->513
[300.534s][info][gc,heap        ] GC(704) Humongous regions: 5->5
[300.534s][info][gc,metaspace   ] GC(704) Metaspace: 18809K(18944K)->18809K(18944K) NonClass: 16980K(17088K)->16980K(17088K) Class: 1828K(1856K)->1828K(1856K)
[300.534s][info][gc             ] GC(704) Pause Young (Concurrent Start) (G1 Evacuation Pause) 882M->567M(978M) 96.898ms
[300.534s][info][gc,cpu         ] GC(704) User=0.20s Sys=0.00s Real=0.10s
[300.534s][info][gc             ] GC(705) Concurrent Mark Cycle
[300.534s][info][gc,marking     ] GC(705) Concurrent Scan Root Regions
[300.637s][info][gc,marking     ] GC(705) Concurrent Scan Root Regions 103.164ms
[300.637s][info][gc,marking     ] GC(705) Concurrent Mark
[300.637s][info][gc,marking     ] GC(705) Concurrent Mark From Roots
[300.637s][info][gc,task        ] GC(705) Using 1 workers of 1 for marking
[301.122s][info][gc,start       ] GC(706) Pause Young (Normal) (G1 Evacuation Pause)
[301.123s][info][gc,task        ] GC(706) Using 2 workers of 2 for evacuation
[301.244s][info][gc,phases      ] GC(706)   Pre Evacuate Collection Set: 0.32ms
[301.244s][info][gc,phases      ] GC(706)   Merge Heap Roots: 0.35ms
[301.244s][info][gc,phases      ] GC(706)   Evacuate Collection Set: 117.33ms
[301.244s][info][gc,phases      ] GC(706)   Post Evacuate Collection Set: 3.27ms
[301.244s][info][gc,phases      ] GC(706)   Other: 0.10ms
[301.244s][info][gc,heap        ] GC(706) Eden regions: 303->0(220)
[301.244s][info][gc,heap        ] GC(706) Survivor regions: 50->45(45)
[301.244s][info][gc,heap        ] GC(706) Old regions: 513->604
[301.244s][info][gc,heap        ] GC(706) Humongous regions: 8->8
[301.244s][info][gc,metaspace   ] GC(706) Metaspace: 18809K(18944K)->18809K(18944K) NonClass: 16980K(17088K)->16980K(17088K) Class: 1828K(1856K)->1828K(1856K)
[301.244s][info][gc             ] GC(706) Pause Young (Normal) (G1 Evacuation Pause) (Evacuation Failure: Allocation) 873M->656M(978M) 121.628ms
[301.244s][info][gc,cpu         ] GC(706) User=0.25s Sys=0.00s Real=0.12s
[301.600s][info][gc,marking     ] GC(705) Concurrent Mark From Roots 962.797ms
[301.600s][info][gc,marking     ] GC(705) Concurrent Preclean
[301.600s][info][gc,marking     ] GC(705) Concurrent Preclean 0.048ms
[301.600s][info][gc,start       ] GC(705) Pause Remark
[301.608s][info][gc             ] GC(705) Pause Remark 833M->675M(978M) 7.864ms
[301.608s][info][gc,cpu         ] GC(705) User=0.02s Sys=0.00s Real=0.00s
[301.608s][info][gc,marking     ] GC(705) Concurrent Mark 971.065ms
[301.608s][info][gc,marking     ] GC(705) Concurrent Rebuild Remembered Sets and Scrub Regions
[301.668s][info][gc,start       ] GC(707) Pause Young (Normal) (G1 Evacuation Pause)
[301.668s][info][gc,task        ] GC(707) Using 2 workers of 2 for evacuation
[301.775s][info][gc,phases      ] GC(707)   Pre Evacuate Collection Set: 0.31ms
[301.775s][info][gc,phases      ] GC(707)   Merge Heap Roots: 0.50ms
[301.775s][info][gc,phases      ] GC(707)   Evacuate Collection Set: 104.73ms
[301.775s][info][gc,phases      ] GC(707)   Post Evacuate Collection Set: 0.65ms
[301.775s][info][gc,phases      ] GC(707)   Other: 0.10ms
[301.775s][info][gc,heap        ] GC(707) Eden regions: 220->0(310)
[301.775s][info][gc,heap        ] GC(707) Survivor regions: 45->34(34)
[301.775s][info][gc,heap        ] GC(707) Old regions: 448->481
[301.775s][info][gc,heap        ] GC(707) Humongous regions: 6->6
[301.775s][info][gc,metaspace   ] GC(707) Metaspace: 18809K(18944K)->18809K(18944K) NonClass: 16980K(17088K)->16980K(17088K) Class: 1828K(1856K)->1828K(1856K)
[301.775s][info][gc             ] GC(707) Pause Young (Normal) (G1 Evacuation Pause) 718M->520M(978M) 106.562ms
[301.775s][info][gc,cpu         ] GC(707) User=0.21s Sys=0.00s Real=0.10s
[302.078s][info][gc,marking     ] GC(705) Concurrent Rebuild Remembered Sets and Scrub Regions 470.254ms
[302.079s][info][gc,start       ] GC(705) Pause Cleanup
[302.079s][info][gc             ] GC(705) Pause Cleanup 686M->686M(978M) 0.119ms
[302.079s][info][gc,cpu         ] GC(705) User=0.00s Sys=0.00s Real=0.00s
[302.079s][info][gc,marking     ] GC(705) Concurrent Clear Claimed Marks
[302.080s][info][gc,marking     ] GC(705) Concurrent Clear Claimed Marks 0.039ms
[302.080s][info][gc,marking     ] GC(705) Concurrent Cleanup for Next Mark
[302.083s][info][gc,marking     ] GC(705) Concurrent Cleanup for Next Mark 3.953ms
[302.084s][info][gc             ] GC(705) Concurrent Mark Cycle 1549.781ms
[302.279s][info][gc,start       ] GC(708) Pause Young (Prepare Mixed) (G1 Evacuation Pause)
[302.279s][info][gc,task        ] GC(708) Using 2 workers of 2 for evacuation
[302.351s][info][gc,phases      ] GC(708)   Pre Evacuate Collection Set: 0.30ms
[302.351s][info][gc,phases      ] GC(708)   Merge Heap Roots: 0.45ms
[302.351s][info][gc,phases      ] GC(708)   Evacuate Collection Set: 70.19ms
[302.351s][info][gc,phases      ] GC(708)   Post Evacuate Collection Set: 0.65ms
[302.351s][info][gc,phases      ] GC(708)   Other: 0.14ms
[302.351s][info][gc,heap        ] GC(708) Eden regions: 310->0(306)
[302.351s][info][gc,heap        ] GC(708) Survivor regions: 34->19(43)
[302.351s][info][gc,heap        ] GC(708) Old regions: 481->516
[302.351s][info][gc,heap        ] GC(708) Humongous regions: 9->9
[302.351s][info][gc,metaspace   ] GC(708) Metaspace: 18809K(18944K)->18809K(18944K) NonClass: 16980K(17088K)->16980K(17088K) Class: 1828K(1856K)->1828K(1856K)
[302.351s][info][gc             ] GC(708) Pause Young (Prepare Mixed) (G1 Evacuation Pause) 833M->543M(978M) 72.016ms
[302.351s][info][gc,cpu         ] GC(708) User=0.15s Sys=0.00s Real=0.07s
[302.797s][info][gc,start       ] GC(709) Pause Young (Mixed) (G1 Evacuation Pause)
[302.797s][info][gc,task        ] GC(709) Using 2 workers of 2 for evacuation
[302.832s][info][gc,phases      ] GC(709)   Pre Evacuate Collection Set: 0.54ms
[302.832s][info][gc,phases      ] GC(709)   Merge Heap Roots: 0.31ms
[302.832s][info][gc,phases      ] GC(709)   Evacuate Collection Set: 33.71ms
[302.832s][info][gc,phases      ] GC(709)   Post Evacuate Collection Set: 0.63ms
[302.832s][info][gc,phases      ] GC(709)   Other: 0.13ms
[302.832s][info][gc,heap        ] GC(709) Eden regions: 306->0(339)
[302.832s][info][gc,heap        ] GC(709) Survivor regions: 19->20(41)
[302.832s][info][gc,heap        ] GC(709) Old regions: 516->501
[302.832s][info][gc,heap        ] GC(709) Humongous regions: 9->9
[302.832s][info][gc,metaspace   ] GC(709) Metaspace: 18809K(18944K)->18809K(18944K) NonClass: 16980K(17088K)->16980K(17088K) Class: 1828K(1856K)->1828K(1856K)
[302.832s][info][gc             ] GC(709) Pause Young (Mixed) (G1 Evacuation Pause) 849M->528M(978M) 35.604ms
[302.832s][info][gc,cpu         ] GC(709) User=0.07s Sys=0.00s Real=0.04s
[303.321s][info][gc,start       ] GC(710) Pause Young (Concurrent Start) (G1 Evacuation Pause)
[303.321s][info][gc,task        ] GC(710) Using 2 workers of 2 for evacuation
[303.356s][info][gc,phases      ] GC(710)   Pre Evacuate Collection Set: 0.32ms
[303.356s][info][gc,phases      ] GC(710)   Merge Heap Roots: 0.28ms
[303.356s][info][gc,phases      ] GC(710)   Evacuate Collection Set: 33.52ms
[303.356s][info][gc,phases      ] GC(710)   Post Evacuate Collection Set: 0.66ms
[303.356s][info][gc,phases      ] GC(710)   Other: 0.12ms
[303.356s][info][gc,heap        ] GC(710) Eden regions: 339->0(361)
[303.356s][info][gc,heap        ] GC(710) Survivor regions: 20->19(45)
[303.356s][info][gc,heap        ] GC(710) Old regions: 501->501
[303.356s][info][gc,heap        ] GC(710) Humongous regions: 9->9
[303.356s][info][gc,metaspace   ] GC(710) Metaspace: 18809K(18944K)->18809K(18944K) NonClass: 16980K(17088K)->16980K(17088K) Class: 1828K(1856K)->1828K(1856K)
[303.356s][info][gc             ] GC(710) Pause Young (Concurrent Start) (G1 Evacuation Pause) 867M->528M(978M) 35.136ms
[303.356s][info][gc,cpu         ] GC(710) User=0.07s Sys=0.00s Real=0.03s
[303.356s][info][gc             ] GC(711) Concurrent Mark Cycle
[303.357s][info][gc,marking     ] GC(711) Concurrent Scan Root Regions
[303.418s][info][gc,marking     ] GC(711) Concurrent Scan Root Regions 61.496ms
[303.418s][info][gc,marking     ] GC(711) Concurrent Mark
[303.418s][info][gc,marking     ] GC(711) Concurrent Mark From Roots
[303.418s][info][gc,task        ] GC(711) Using 1 workers of 1 for marking
[304.532s][info][gc,start       ] GC(712) Pause Young (Normal) (G1 Evacuation Pause)
[304.532s][info][gc,task        ] GC(712) Using 2 workers of 2 for evacuation
[304.569s][info][gc,phases      ] GC(712)   Pre Evacuate Collection Set: 0.33ms
[304.569s][info][gc,phases      ] GC(712)   Merge Heap Roots: 0.30ms
[304.569s][info][gc,phases      ] GC(712)   Evacuate Collection Set: 35.62ms
[304.569s][info][gc,phases      ] GC(712)   Post Evacuate Collection Set: 0.64ms
[304.569s][info][gc,phases      ] GC(712)   Other: 0.11ms
[304.569s][info][gc,heap        ] GC(712) Eden regions: 361->0(378)
[304.569s][info][gc,heap        ] GC(712) Survivor regions: 19->19(48)
[304.569s][info][gc,heap        ] GC(712) Old regions: 501->501
[304.569s][info][gc,heap        ] GC(712) Humongous regions: 9->9
[304.569s][info][gc,metaspace   ] GC(712) Metaspace: 18809K(18944K)->18809K(18944K) NonClass: 16980K(17088K)->16980K(17088K) Class: 1828K(1856K)->1828K(1856K)
[304.569s][info][gc             ] GC(712) Pause Young (Normal) (G1 Evacuation Pause) 889M->528M(978M) 37.249ms
[304.569s][info][gc,cpu         ] GC(712) User=0.07s Sys=0.00s Real=0.04s
[305.075s][info][gc,marking     ] GC(711) Concurrent Mark From Roots 1656.803ms
[305.075s][info][gc,marking     ] GC(711) Concurrent Preclean
[305.075s][info][gc,marking     ] GC(711) Concurrent Preclean 0.044ms
[305.075s][info][gc,start       ] GC(711) Pause Remark
[305.083s][info][gc             ] GC(711) Pause Remark 707M->705M(978M) 7.679ms
[305.083s][info][gc,cpu         ] GC(711) User=0.02s Sys=0.00s Real=0.01s
[305.085s][info][gc,marking     ] GC(711) Concurrent Mark 1667.166ms
[305.085s][info][gc,marking     ] GC(711) Concurrent Rebuild Remembered Sets and Scrub Regions
[305.385s][info][gc,start       ] GC(713) Pause Young (Normal) (G1 Evacuation Pause)
[305.385s][info][gc,task        ] GC(713) Using 2 workers of 2 for evacuation
[305.467s][info][gc,phases      ] GC(713)   Pre Evacuate Collection Set: 0.50ms
[305.467s][info][gc,phases      ] GC(713)   Merge Heap Roots: 0.89ms
[305.467s][info][gc,phases      ] GC(713)   Evacuate Collection Set: 79.20ms
[305.467s][info][gc,phases      ] GC(713)   Post Evacuate Collection Set: 0.73ms
[305.467s][info][gc,phases      ] GC(713)   Other: 0.10ms
[305.467s][info][gc,heap        ] GC(713) Eden regions: 378->0(315)
[305.467s][info][gc,heap        ] GC(713) Survivor regions: 19->50(50)
[305.467s][info][gc,heap        ] GC(713) Old regions: 501->506
[305.467s][info][gc,heap        ] GC(713) Humongous regions: 7->7
[305.467s][info][gc,metaspace   ] GC(713) Metaspace: 18809K(18944K)->18809K(18944K) NonClass: 16980K(17088K)->16980K(17088K) Class: 1828K(1856K)->1828K(1856K)
[305.467s][info][gc             ] GC(713) Pause Young (Normal) (G1 Evacuation Pause) 904M->562M(978M) 81.706ms
[305.467s][info][gc,cpu         ] GC(713) User=0.16s Sys=0.00s Real=0.08s
[305.627s][info][gc,marking     ] GC(711) Concurrent Rebuild Remembered Sets and Scrub Regions 541.960ms
[305.628s][info][gc,start       ] GC(711) Pause Cleanup
[305.628s][info][gc             ] GC(711) Pause Cleanup 739M->739M(978M) 0.136ms
[305.628s][info][gc,cpu         ] GC(711) User=0.00s Sys=0.00s Real=0.00s
[305.628s][info][gc,marking     ] GC(711) Concurrent Clear Claimed Marks
[305.628s][info][gc,marking     ] GC(711) Concurrent Clear Claimed Marks 0.041ms
[305.628s][info][gc,marking     ] GC(711) Concurrent Cleanup for Next Mark
[305.633s][info][gc,marking     ] GC(711) Concurrent Cleanup for Next Mark 4.912ms
[305.633s][info][gc             ] GC(711) Concurrent Mark Cycle 2276.385ms
[305.726s][info][gc,start       ] GC(714) Pause Young (Prepare Mixed) (G1 Evacuation Pause)
[305.726s][info][gc,task        ] GC(714) Using 2 workers of 2 for evacuation
[305.819s][info][gc,phases      ] GC(714)   Pre Evacuate Collection Set: 0.32ms
[305.819s][info][gc,phases      ] GC(714)   Merge Heap Roots: 0.41ms
[305.819s][info][gc,phases      ] GC(714)   Evacuate Collection Set: 91.81ms
[305.819s][info][gc,phases      ] GC(714)   Post Evacuate Collection Set: 0.64ms
[305.819s][info][gc,phases      ] GC(714)   Other: 0.10ms
[305.819s][info][gc,heap        ] GC(714) Eden regions: 315->0(304)
[305.819s][info][gc,heap        ] GC(714) Survivor regions: 50->26(46)
[305.819s][info][gc,heap        ] GC(714) Old regions: 506->557
[305.819s][info][gc,heap        ] GC(714) Humongous regions: 7->7
[305.819s][info][gc,metaspace   ] GC(714) Metaspace: 18809K(18944K)->18809K(18944K) NonClass: 16980K(17088K)->16980K(17088K) Class: 1828K(1856K)->1828K(1856K)
[305.819s][info][gc             ] GC(714) Pause Young (Prepare Mixed) (G1 Evacuation Pause) 877M->588M(978M) 93.567ms
[305.819s][info][gc,cpu         ] GC(714) User=0.19s Sys=0.00s Real=0.10s
[306.005s][info][gc,start       ] GC(715) Pause Young (Mixed) (G1 Evacuation Pause)
[306.005s][info][gc,task        ] GC(715) Using 2 workers of 2 for evacuation
[306.055s][info][gc,phases      ] GC(715)   Pre Evacuate Collection Set: 0.33ms
[306.055s][info][gc,phases      ] GC(715)   Merge Heap Roots: 0.28ms
[306.055s][info][gc,phases      ] GC(715)   Evacuate Collection Set: 48.76ms
[306.055s][info][gc,phases      ] GC(715)   Post Evacuate Collection Set: 0.55ms
[306.055s][info][gc,phases      ] GC(715)   Other: 0.11ms
[306.055s][info][gc,heap        ] GC(715) Eden regions: 304->0(301)
[306.055s][info][gc,heap        ] GC(715) Survivor regions: 26->18(42)
[306.055s][info][gc,heap        ] GC(715) Old regions: 557->571
[306.055s][info][gc,heap        ] GC(715) Humongous regions: 7->7
[306.055s][info][gc,metaspace   ] GC(715) Metaspace: 18809K(18944K)->18809K(18944K) NonClass: 16980K(17088K)->16980K(17088K) Class: 1828K(1856K)->1828K(1856K)
[306.056s][info][gc             ] GC(715) Pause Young (Mixed) (G1 Evacuation Pause) 892M->595M(978M) 50.309ms
[306.056s][info][gc,cpu         ] GC(715) User=0.10s Sys=0.00s Real=0.05s
[306.286s][info][gc,start       ] GC(716) Pause Young (Concurrent Start) (G1 Evacuation Pause)
[306.286s][info][gc,task        ] GC(716) Using 2 workers of 2 for evacuation
[306.347s][info][gc,phases      ] GC(716)   Pre Evacuate Collection Set: 0.31ms
[306.347s][info][gc,phases      ] GC(716)   Merge Heap Roots: 0.55ms
[306.347s][info][gc,phases      ] GC(716)   Evacuate Collection Set: 59.16ms
[306.347s][info][gc,phases      ] GC(716)   Post Evacuate Collection Set: 0.60ms
[306.347s][info][gc,phases      ] GC(716)   Other: 0.14ms
[306.347s][info][gc,heap        ] GC(716) Eden regions: 301->0(263)
[306.347s][info][gc,heap        ] GC(716) Survivor regions: 18->40(40)
[306.347s][info][gc,heap        ] GC(716) Old regions: 571->578
[306.347s][info][gc,heap        ] GC(716) Humongous regions: 7->7
[306.347s][info][gc,metaspace   ] GC(716) Metaspace: 18809K(18944K)->18809K(18944K) NonClass: 16980K(17088K)->16980K(17088K) Class: 1828K(1856K)->1828K(1856K)
[306.347s][info][gc             ] GC(716) Pause Young (Concurrent Start) (G1 Evacuation Pause) 896M->624M(978M) 61.037ms
[306.347s][info][gc,cpu         ] GC(716) User=0.12s Sys=0.00s Real=0.06s
[306.347s][info][gc             ] GC(717) Concurrent Mark Cycle
[306.349s][info][gc,marking     ] GC(717) Concurrent Scan Root Regions
[306.438s][info][gc,marking     ] GC(717) Concurrent Scan Root Regions 88.386ms
[306.438s][info][gc,marking     ] GC(717) Concurrent Mark
[306.438s][info][gc,marking     ] GC(717) Concurrent Mark From Roots
[306.438s][info][gc,task        ] GC(717) Using 1 workers of 1 for marking
[306.908s][info][gc,start       ] GC(718) Pause Young (Normal) (G1 Evacuation Pause)
[306.908s][info][gc,task        ] GC(718) Using 2 workers of 2 for evacuation
[306.980s][info][gc,phases      ] GC(718)   Pre Evacuate Collection Set: 0.29ms
[306.980s][info][gc,phases      ] GC(718)   Merge Heap Roots: 0.29ms
[306.980s][info][gc,phases      ] GC(718)   Evacuate Collection Set: 70.98ms
[306.980s][info][gc,phases      ] GC(718)   Post Evacuate Collection Set: 0.55ms
[306.980s][info][gc,phases      ] GC(718)   Other: 0.11ms
[306.980s][info][gc,heap        ] GC(718) Eden regions: 263->0(250)
[306.980s][info][gc,heap        ] GC(718) Survivor regions: 40->26(38)
[306.980s][info][gc,heap        ] GC(718) Old regions: 578->619
[306.980s][info][gc,heap        ] GC(718) Humongous regions: 7->7
[306.980s][info][gc,metaspace   ] GC(718) Metaspace: 18809K(18944K)->18809K(18944K) NonClass: 16980K(17088K)->16980K(17088K) Class: 1828K(1856K)->1828K(1856K)
[306.980s][info][gc             ] GC(718) Pause Young (Normal) (G1 Evacuation Pause) 887M->650M(978M) 72.499ms
[306.980s][info][gc,cpu         ] GC(718) User=0.14s Sys=0.00s Real=0.08s
[308.100s][info][gc,start       ] GC(719) Pause Young (Normal) (G1 Evacuation Pause)
[308.100s][info][gc,task        ] GC(719) Using 2 workers of 2 for evacuation
[308.128s][info][gc,phases      ] GC(719)   Pre Evacuate Collection Set: 0.31ms
[308.128s][info][gc,phases      ] GC(719)   Merge Heap Roots: 0.22ms
[308.128s][info][gc,phases      ] GC(719)   Evacuate Collection Set: 27.25ms
[308.128s][info][gc,phases      ] GC(719)   Post Evacuate Collection Set: 0.49ms
[308.128s][info][gc,phases      ] GC(719)   Other: 0.12ms
[308.128s][info][gc,heap        ] GC(719) Eden regions: 250->0(263)
[308.128s][info][gc,heap        ] GC(719) Survivor regions: 26->1(35)
[308.128s][info][gc,heap        ] GC(719) Old regions: 619->644
[308.128s][info][gc,heap        ] GC(719) Humongous regions: 7->7
[308.128s][info][gc,metaspace   ] GC(719) Metaspace: 18809K(18944K)->18809K(18944K) NonClass: 16980K(17088K)->16980K(17088K) Class: 1828K(1856K)->1828K(1856K)
[308.128s][info][gc             ] GC(719) Pause Young (Normal) (G1 Evacuation Pause) 900M->651M(978M) 28.699ms
[308.128s][info][gc,cpu         ] GC(719) User=0.05s Sys=0.00s Real=0.03s
[308.135s][info][gc,marking     ] GC(717) Concurrent Mark From Roots 1697.464ms
[308.135s][info][gc,marking     ] GC(717) Concurrent Preclean
[308.135s][info][gc,marking     ] GC(717) Concurrent Preclean 0.045ms
[308.135s][info][gc,start       ] GC(717) Pause Remark
[308.143s][info][gc             ] GC(717) Pause Remark 652M->652M(978M) 7.757ms
[308.143s][info][gc,cpu         ] GC(717) User=0.02s Sys=0.00s Real=0.01s
[308.143s][info][gc,marking     ] GC(717) Concurrent Mark 1705.564ms
[308.143s][info][gc,marking     ] GC(717) Concurrent Rebuild Remembered Sets and Scrub Regions
[308.774s][info][gc,marking     ] GC(717) Concurrent Rebuild Remembered Sets and Scrub Regions 630.606ms
[308.775s][info][gc,start       ] GC(717) Pause Cleanup
[308.775s][info][gc             ] GC(717) Pause Cleanup 826M->826M(978M) 0.143ms
[308.775s][info][gc,cpu         ] GC(717) User=0.00s Sys=0.00s Real=0.00s
[308.775s][info][gc,marking     ] GC(717) Concurrent Clear Claimed Marks
[308.776s][info][gc,marking     ] GC(717) Concurrent Clear Claimed Marks 0.051ms
[308.776s][info][gc,marking     ] GC(717) Concurrent Cleanup for Next Mark
[308.780s][info][gc,marking     ] GC(717) Concurrent Cleanup for Next Mark 4.930ms
[308.781s][info][gc             ] GC(717) Concurrent Mark Cycle 2433.733ms
[308.982s][info][gc,start       ] GC(720) Pause Young (Prepare Mixed) (G1 Evacuation Pause)
[308.982s][info][gc,task        ] GC(720) Using 2 workers of 2 for evacuation
[308.984s][info][gc,phases      ] GC(720)   Pre Evacuate Collection Set: 0.53ms
[308.984s][info][gc,phases      ] GC(720)   Merge Heap Roots: 0.14ms
[308.984s][info][gc,phases      ] GC(720)   Evacuate Collection Set: 1.37ms
[308.984s][info][gc,phases      ] GC(720)   Post Evacuate Collection Set: 0.47ms
[308.984s][info][gc,phases      ] GC(720)   Other: 0.12ms
[308.984s][info][gc,heap        ] GC(720) Eden regions: 263->0(273)
[308.984s][info][gc,heap        ] GC(720) Survivor regions: 1->1(33)
[308.984s][info][gc,heap        ] GC(720) Old regions: 644->644
[308.984s][info][gc,heap        ] GC(720) Humongous regions: 7->7
[308.984s][info][gc,metaspace   ] GC(720) Metaspace: 18809K(18944K)->18809K(18944K) NonClass: 16980K(17088K)->16980K(17088K) Class: 1828K(1856K)->1828K(1856K)
[308.984s][info][gc             ] GC(720) Pause Young (Prepare Mixed) (G1 Evacuation Pause) 914M->651M(978M) 2.847ms
[308.984s][info][gc,cpu         ] GC(720) User=0.01s Sys=0.00s Real=0.00s
[309.604s][info][gc,start       ] GC(721) Pause Young (Mixed) (G1 Evacuation Pause)
[309.604s][info][gc,task        ] GC(721) Using 2 workers of 2 for evacuation
[309.651s][info][gc,phases      ] GC(721)   Pre Evacuate Collection Set: 0.32ms
[309.651s][info][gc,phases      ] GC(721)   Merge Heap Roots: 0.77ms
[309.651s][info][gc,phases      ] GC(721)   Evacuate Collection Set: 45.24ms
[309.651s][info][gc,phases      ] GC(721)   Post Evacuate Collection Set: 0.59ms
[309.651s][info][gc,phases      ] GC(721)   Other: 0.08ms
[309.651s][info][gc,heap        ] GC(721) Eden regions: 273->0(283)
[309.651s][info][gc,heap        ] GC(721) Survivor regions: 1->1(35)
[309.651s][info][gc,heap        ] GC(721) Old regions: 644->636
[309.651s][info][gc,heap        ] GC(721) Humongous regions: 7->7
[309.651s][info][gc,metaspace   ] GC(721) Metaspace: 18809K(18944K)->18809K(18944K) NonClass: 16980K(17088K)->16980K(17088K) Class: 1828K(1856K)->1828K(1856K)
[309.651s][info][gc             ] GC(721) Pause Young (Mixed) (G1 Evacuation Pause) 924M->643M(978M) 47.264ms
[309.651s][info][gc,cpu         ] GC(721) User=0.09s Sys=0.00s Real=0.05s
[310.279s][info][gc,start       ] GC(722) Pause Young (Concurrent Start) (G1 Evacuation Pause)
[310.279s][info][gc,task        ] GC(722) Using 2 workers of 2 for evacuation
[310.298s][info][gc,phases      ] GC(722)   Pre Evacuate Collection Set: 0.35ms
[310.298s][info][gc,phases      ] GC(722)   Merge Heap Roots: 0.14ms
[310.298s][info][gc,phases      ] GC(722)   Evacuate Collection Set: 17.18ms
[310.298s][info][gc,phases      ] GC(722)   Post Evacuate Collection Set: 0.57ms
[310.298s][info][gc,phases      ] GC(722)   Other: 0.23ms
[310.298s][info][gc,heap        ] GC(722) Eden regions: 283->0(251)
[310.298s][info][gc,heap        ] GC(722) Survivor regions: 1->17(36)
[310.298s][info][gc,heap        ] GC(722) Old regions: 636->636
[310.298s][info][gc,heap        ] GC(722) Humongous regions: 7->7
[310.298s][info][gc,metaspace   ] GC(722) Metaspace: 18809K(18944K)->18809K(18944K) NonClass: 16980K(17088K)->16980K(17088K) Class: 1828K(1856K)->1828K(1856K)
[310.298s][info][gc             ] GC(722) Pause Young (Concurrent Start) (G1 Evacuation Pause) 926M->659M(978M) 18.726ms
[310.298s][info][gc,cpu         ] GC(722) User=0.03s Sys=0.00s Real=0.01s
[310.298s][info][gc             ] GC(723) Concurrent Mark Cycle
[310.298s][info][gc,marking     ] GC(723) Concurrent Scan Root Regions
[310.317s][info][gc,marking     ] GC(723) Concurrent Scan Root Regions 18.937ms
[310.317s][info][gc,marking     ] GC(723) Concurrent Mark
[310.317s][info][gc,marking     ] GC(723) Concurrent Mark From Roots
[310.317s][info][gc,task        ] GC(723) Using 1 workers of 1 for marking
[310.786s][info][gc,start       ] GC(724) Pause Young (Normal) (G1 Evacuation Pause)
[310.786s][info][gc,task        ] GC(724) Using 2 workers of 2 for evacuation
[310.880s][info][gc,phases      ] GC(724)   Pre Evacuate Collection Set: 0.30ms
[310.880s][info][gc,phases      ] GC(724)   Merge Heap Roots: 0.16ms
[310.880s][info][gc,phases      ] GC(724)   Evacuate Collection Set: 84.56ms
[310.880s][info][gc,phases      ] GC(724)   Post Evacuate Collection Set: 8.57ms
[310.880s][info][gc,phases      ] GC(724)   Other: 0.11ms
[310.880s][info][gc,heap        ] GC(724) Eden regions: 251->0(66)
[310.880s][info][gc,heap        ] GC(724) Survivor regions: 17->34(34)
[310.880s][info][gc,heap        ] GC(724) Old regions: 636->787
[310.880s][info][gc,heap        ] GC(724) Humongous regions: 7->7
[310.880s][info][gc,metaspace   ] GC(724) Metaspace: 18809K(18944K)->18809K(18944K) NonClass: 16980K(17088K)->16980K(17088K) Class: 1828K(1856K)->1828K(1856K)
[310.880s][info][gc             ] GC(724) Pause Young (Normal) (G1 Evacuation Pause) (Evacuation Failure: Allocation) 910M->827M(978M) 94.009ms
[310.880s][info][gc,cpu         ] GC(724) User=0.18s Sys=0.00s Real=0.10s
[310.976s][info][gc,start       ] GC(725) Pause Young (Normal) (G1 Evacuation Pause)
[310.976s][info][gc,task        ] GC(725) Using 2 workers of 2 for evacuation
[311.047s][info][gc,phases      ] GC(725)   Pre Evacuate Collection Set: 0.36ms
[311.047s][info][gc,phases      ] GC(725)   Merge Heap Roots: 0.46ms
[311.047s][info][gc,phases      ] GC(725)   Evacuate Collection Set: 69.17ms
[311.047s][info][gc,phases      ] GC(725)   Post Evacuate Collection Set: 0.50ms
[311.047s][info][gc,phases      ] GC(725)   Other: 0.13ms
[311.047s][info][gc,heap        ] GC(725) Eden regions: 66->0(167)
[311.047s][info][gc,heap        ] GC(725) Survivor regions: 34->11(13)
[311.047s][info][gc,heap        ] GC(725) Old regions: 787->728
[311.047s][info][gc,heap        ] GC(725) Humongous regions: 7->7
[311.047s][info][gc,metaspace   ] GC(725) Metaspace: 18809K(18944K)->18809K(18944K) NonClass: 16980K(17088K)->16980K(17088K) Class: 1828K(1856K)->1828K(1856K)
[311.047s][info][gc             ] GC(725) Pause Young (Normal) (G1 Evacuation Pause) 893M->745M(978M) 70.866ms
[311.047s][info][gc,cpu         ] GC(725) User=0.14s Sys=0.00s Real=0.07s
[311.262s][info][gc,start       ] GC(726) Pause Young (Normal) (G1 Evacuation Pause)
[311.262s][info][gc,task        ] GC(726) Using 2 workers of 2 for evacuation
[311.330s][info][gc,phases      ] GC(726)   Pre Evacuate Collection Set: 0.52ms
[311.330s][info][gc,phases      ] GC(726)   Merge Heap Roots: 0.49ms
[311.330s][info][gc,phases      ] GC(726)   Evacuate Collection Set: 65.53ms
[311.330s][info][gc,phases      ] GC(726)   Post Evacuate Collection Set: 0.65ms
[311.330s][info][gc,phases      ] GC(726)   Other: 0.08ms
[311.330s][info][gc,heap        ] GC(726) Eden regions: 167->0(108)
[311.330s][info][gc,heap        ] GC(726) Survivor regions: 11->23(23)
[311.330s][info][gc,heap        ] GC(726) Old regions: 728->764
[311.330s][info][gc,heap        ] GC(726) Humongous regions: 10->10
[311.330s][info][gc,metaspace   ] GC(726) Metaspace: 18809K(18944K)->18809K(18944K) NonClass: 16980K(17088K)->16980K(17088K) Class: 1828K(1856K)->1828K(1856K)
[311.330s][info][gc             ] GC(726) Pause Young (Normal) (G1 Evacuation Pause) 915M->796M(978M) 67.575ms
[311.330s][info][gc,cpu         ] GC(726) User=0.13s Sys=0.00s Real=0.07s
[311.574s][info][gc,start       ] GC(727) Pause Young (Normal) (G1 Evacuation Pause)
[311.574s][info][gc,task        ] GC(727) Using 2 workers of 2 for evacuation
[311.639s][info][gc,phases      ] GC(727)   Pre Evacuate Collection Set: 0.51ms
[311.639s][info][gc,phases      ] GC(727)   Merge Heap Roots: 0.88ms
[311.639s][info][gc,phases      ] GC(727)   Evacuate Collection Set: 63.08ms
[311.639s][info][gc,phases      ] GC(727)   Post Evacuate Collection Set: 0.47ms
[311.639s][info][gc,phases      ] GC(727)   Other: 0.10ms
[311.639s][info][gc,heap        ] GC(727) Eden regions: 108->0(87)
[311.639s][info][gc,heap        ] GC(727) Survivor regions: 23->17(17)
[311.639s][info][gc,heap        ] GC(727) Old regions: 764->797
[311.639s][info][gc,heap        ] GC(727) Humongous regions: 10->10
[311.639s][info][gc,metaspace   ] GC(727) Metaspace: 18809K(18944K)->18809K(18944K) NonClass: 16980K(17088K)->16980K(17088K) Class: 1828K(1856K)->1828K(1856K)
[311.639s][info][gc             ] GC(727) Pause Young (Normal) (G1 Evacuation Pause) 904M->823M(978M) 65.321ms
[311.639s][info][gc,cpu         ] GC(727) User=0.12s Sys=0.01s Real=0.07s
[311.818s][info][gc,start       ] GC(728) Pause Young (Normal) (G1 Evacuation Pause)
[311.818s][info][gc,task        ] GC(728) Using 2 workers of 2 for evacuation
[311.842s][info][gc,phases      ] GC(728)   Pre Evacuate Collection Set: 0.56ms
[311.842s][info][gc,phases      ] GC(728)   Merge Heap Roots: 0.39ms
[311.842s][info][gc,phases      ] GC(728)   Evacuate Collection Set: 22.72ms
[311.842s][info][gc,phases      ] GC(728)   Post Evacuate Collection Set: 0.34ms
[311.842s][info][gc,phases      ] GC(728)   Other: 0.09ms
[311.842s][info][gc,heap        ] GC(728) Eden regions: 87->0(97)
[311.842s][info][gc,heap        ] GC(728) Survivor regions: 17->1(13)
[311.842s][info][gc,heap        ] GC(728) Old regions: 797->814
[311.842s][info][gc,heap        ] GC(728) Humongous regions: 10->10
[311.842s][info][gc,metaspace   ] GC(728) Metaspace: 18809K(18944K)->18809K(18944K) NonClass: 16980K(17088K)->16980K(17088K) Class: 1828K(1856K)->1828K(1856K)
[311.842s][info][gc             ] GC(728) Pause Young (Normal) (G1 Evacuation Pause) 910M->824M(978M) 24.364ms
[311.842s][info][gc,cpu         ] GC(728) User=0.05s Sys=0.00s Real=0.03s
[311.901s][info][gc,marking     ] GC(723) Concurrent Mark From Roots 1584.335ms
[311.902s][info][gc,marking     ] GC(723) Concurrent Preclean
[311.902s][info][gc,marking     ] GC(723) Concurrent Preclean 0.044ms
[311.902s][info][gc,start       ] GC(723) Pause Remark
[311.910s][info][gc             ] GC(723) Pause Remark 850M->636M(978M) 7.920ms
[311.910s][info][gc,cpu         ] GC(723) User=0.02s Sys=0.00s Real=0.01s
[311.910s][info][gc,marking     ] GC(723) Concurrent Mark 1592.635ms
[311.910s][info][gc,marking     ] GC(723) Concurrent Rebuild Remembered Sets and Scrub Regions
[312.051s][info][gc,start       ] GC(729) Pause Young (Normal) (G1 Evacuation Pause)
[312.051s][info][gc,task        ] GC(729) Using 2 workers of 2 for evacuation
[312.052s][info][gc,phases      ] GC(729)   Pre Evacuate Collection Set: 0.50ms
[312.052s][info][gc,phases      ] GC(729)   Merge Heap Roots: 0.07ms
[312.052s][info][gc,phases      ] GC(729)   Evacuate Collection Set: 0.62ms
[312.052s][info][gc,phases      ] GC(729)   Post Evacuate Collection Set: 0.30ms
[312.052s][info][gc,phases      ] GC(729)   Other: 0.10ms
[312.052s][info][gc,heap        ] GC(729) Eden regions: 97->0(278)
[312.052s][info][gc,heap        ] GC(729) Survivor regions: 1->1(13)
[312.053s][info][gc,heap        ] GC(729) Old regions: 603->603
[312.053s][info][gc,heap        ] GC(729) Humongous regions: 7->7
[312.053s][info][gc,metaspace   ] GC(729) Metaspace: 18809K(18944K)->18809K(18944K) NonClass: 16980K(17088K)->16980K(17088K) Class: 1828K(1856K)->1828K(1856K)
[312.053s][info][gc             ] GC(729) Pause Young (Normal) (G1 Evacuation Pause) 707M->610M(978M) 1.824ms
[312.053s][info][gc,cpu         ] GC(729) User=0.00s Sys=0.00s Real=0.00s
[312.416s][info][gc,marking     ] GC(723) Concurrent Rebuild Remembered Sets and Scrub Regions 505.884ms
[312.416s][info][gc,start       ] GC(723) Pause Cleanup
[312.416s][info][gc             ] GC(723) Pause Cleanup 844M->844M(978M) 0.120ms
[312.416s][info][gc,cpu         ] GC(723) User=0.00s Sys=0.00s Real=0.00s
[312.417s][info][gc,marking     ] GC(723) Concurrent Clear Claimed Marks
[312.417s][info][gc,marking     ] GC(723) Concurrent Clear Claimed Marks 0.052ms
[312.417s][info][gc,marking     ] GC(723) Concurrent Cleanup for Next Mark
[312.423s][info][gc,marking     ] GC(723) Concurrent Cleanup for Next Mark 5.931ms
[312.423s][info][gc             ] GC(723) Concurrent Mark Cycle 2125.354ms
[312.471s][info][gc,start       ] GC(730) Pause Young (Prepare Mixed) (G1 Evacuation Pause)
[312.471s][info][gc,task        ] GC(730) Using 2 workers of 2 for evacuation
[312.474s][info][gc,phases      ] GC(730)   Pre Evacuate Collection Set: 0.50ms
[312.474s][info][gc,phases      ] GC(730)   Merge Heap Roots: 0.12ms
[312.474s][info][gc,phases      ] GC(730)   Evacuate Collection Set: 1.80ms
[312.474s][info][gc,phases      ] GC(730)   Post Evacuate Collection Set: 0.50ms
[312.474s][info][gc,phases      ] GC(730)   Other: 0.11ms
[312.474s][info][gc,heap        ] GC(730) Eden regions: 278->0(294)
[312.474s][info][gc,heap        ] GC(730) Survivor regions: 1->1(35)
[312.474s][info][gc,heap        ] GC(730) Old regions: 603->603
[312.474s][info][gc,heap        ] GC(730) Humongous regions: 7->7
[312.474s][info][gc,metaspace   ] GC(730) Metaspace: 18809K(18944K)->18809K(18944K) NonClass: 16980K(17088K)->16980K(17088K) Class: 1828K(1856K)->1828K(1856K)
[312.474s][info][gc             ] GC(730) Pause Young (Prepare Mixed) (G1 Evacuation Pause) 888M->610M(978M) 3.224ms
[312.474s][info][gc,cpu         ] GC(730) User=0.00s Sys=0.00s Real=0.00s
[312.799s][info][gc,start       ] GC(731) Pause Young (Mixed) (G1 Evacuation Pause)
[312.799s][info][gc,task        ] GC(731) Using 2 workers of 2 for evacuation
[312.803s][info][gc,phases      ] GC(731)   Pre Evacuate Collection Set: 0.32ms
[312.803s][info][gc,phases      ] GC(731)   Merge Heap Roots: 0.14ms
[312.803s][info][gc,phases      ] GC(731)   Evacuate Collection Set: 2.43ms
[312.803s][info][gc,phases      ] GC(731)   Post Evacuate Collection Set: 0.53ms
[312.803s][info][gc,phases      ] GC(731)   Other: 0.09ms
[312.803s][info][gc,heap        ] GC(731) Eden regions: 294->0(344)
[312.803s][info][gc,heap        ] GC(731) Survivor regions: 1->1(37)
[312.803s][info][gc,heap        ] GC(731) Old regions: 603->566
[312.803s][info][gc,heap        ] GC(731) Humongous regions: 7->7
[312.803s][info][gc,metaspace   ] GC(731) Metaspace: 18809K(18944K)->18809K(18944K) NonClass: 16980K(17088K)->16980K(17088K) Class: 1828K(1856K)->1828K(1856K)
[312.803s][info][gc             ] GC(731) Pause Young (Mixed) (G1 Evacuation Pause) 904M->572M(978M) 3.754ms
[312.803s][info][gc,cpu         ] GC(731) User=0.01s Sys=0.00s Real=0.00s
[313.189s][info][gc,start       ] GC(732) Pause Young (Concurrent Start) (G1 Humongous Allocation)
[313.189s][info][gc,task        ] GC(732) Using 2 workers of 2 for evacuation
[313.215s][info][gc,phases      ] GC(732)   Pre Evacuate Collection Set: 0.33ms
[313.216s][info][gc,phases      ] GC(732)   Merge Heap Roots: 0.37ms
[313.216s][info][gc,phases      ] GC(732)   Evacuate Collection Set: 24.76ms
[313.216s][info][gc,phases      ] GC(732)   Post Evacuate Collection Set: 0.69ms
[313.216s][info][gc,phases      ] GC(732)   Other: 0.12ms
[313.216s][info][gc,heap        ] GC(732) Eden regions: 334->0(335)
[313.216s][info][gc,heap        ] GC(732) Survivor regions: 1->10(44)
[313.216s][info][gc,heap        ] GC(732) Old regions: 566->566
[313.216s][info][gc,heap        ] GC(732) Humongous regions: 7->7
[313.216s][info][gc,metaspace   ] GC(732) Metaspace: 18809K(18944K)->18809K(18944K) NonClass: 16980K(17088K)->16980K(17088K) Class: 1828K(1856K)->1828K(1856K)
[313.216s][info][gc             ] GC(732) Pause Young (Concurrent Start) (G1 Humongous Allocation) 906M->582M(978M) 26.531ms
[313.216s][info][gc             ] GC(733) Concurrent Mark Cycle
[313.216s][info][gc,marking     ] GC(733) Concurrent Scan Root Regions
[313.218s][info][gc,cpu         ] GC(732) User=0.06s Sys=0.00s Real=0.03s
[313.249s][info][gc,marking     ] GC(733) Concurrent Scan Root Regions 33.528ms
[313.249s][info][gc,marking     ] GC(733) Concurrent Mark
[313.249s][info][gc,marking     ] GC(733) Concurrent Mark From Roots
[313.249s][info][gc,task        ] GC(733) Using 1 workers of 1 for marking
[313.845s][info][gc,marking     ] GC(733) Concurrent Mark From Roots 595.320ms
[313.845s][info][gc,marking     ] GC(733) Concurrent Preclean
[313.845s][info][gc,marking     ] GC(733) Concurrent Preclean 0.052ms
[313.845s][info][gc,start       ] GC(733) Pause Remark
[313.853s][info][gc             ] GC(733) Pause Remark 800M->565M(978M) 7.975ms
[313.853s][info][gc,cpu         ] GC(733) User=0.02s Sys=0.00s Real=0.01s
[313.854s][info][gc,marking     ] GC(733) Concurrent Mark 604.318ms
[313.854s][info][gc,marking     ] GC(733) Concurrent Rebuild Remembered Sets and Scrub Regions
[314.024s][info][gc,marking     ] GC(733) Concurrent Rebuild Remembered Sets and Scrub Regions 170.099ms
[314.024s][info][gc,start       ] GC(733) Pause Cleanup
[314.024s][info][gc             ] GC(733) Pause Cleanup 647M->647M(978M) 0.143ms
[314.024s][info][gc,cpu         ] GC(733) User=0.00s Sys=0.00s Real=0.00s
[314.024s][info][gc,marking     ] GC(733) Concurrent Clear Claimed Marks
[314.024s][info][gc,marking     ] GC(733) Concurrent Clear Claimed Marks 0.033ms
[314.024s][info][gc,marking     ] GC(733) Concurrent Cleanup for Next Mark
[314.027s][info][gc,marking     ] GC(733) Concurrent Cleanup for Next Mark 2.942ms
[314.027s][info][gc             ] GC(733) Concurrent Mark Cycle 811.495ms
[314.080s][info][gc,start       ] GC(734) Pause Young (Prepare Mixed) (G1 Evacuation Pause)
[314.080s][info][gc,task        ] GC(734) Using 2 workers of 2 for evacuation
[314.122s][info][gc,phases      ] GC(734)   Pre Evacuate Collection Set: 0.26ms
[314.122s][info][gc,phases      ] GC(734)   Merge Heap Roots: 0.60ms
[314.122s][info][gc,phases      ] GC(734)   Evacuate Collection Set: 40.52ms
[314.122s][info][gc,phases      ] GC(734)   Post Evacuate Collection Set: 0.70ms
[314.122s][info][gc,phases      ] GC(734)   Other: 0.15ms
[314.122s][info][gc,heap        ] GC(734) Eden regions: 335->0(439)
[314.122s][info][gc,heap        ] GC(734) Survivor regions: 10->21(44)
[314.122s][info][gc,heap        ] GC(734) Old regions: 336->336
[314.122s][info][gc,heap        ] GC(734) Humongous regions: 5->5
[314.122s][info][gc,metaspace   ] GC(734) Metaspace: 18809K(18944K)->18809K(18944K) NonClass: 16980K(17088K)->16980K(17088K) Class: 1828K(1856K)->1828K(1856K)
[314.122s][info][gc             ] GC(734) Pause Young (Prepare Mixed) (G1 Evacuation Pause) 685M->361M(978M) 42.502ms
[314.122s][info][gc,cpu         ] GC(734) User=0.09s Sys=0.00s Real=0.04s
[314.741s][info][gc,start       ] GC(735) Pause Young (Mixed) (G1 Evacuation Pause)
[314.741s][info][gc,task        ] GC(735) Using 2 workers of 2 for evacuation
[314.783s][info][gc,phases      ] GC(735)   Pre Evacuate Collection Set: 0.31ms
[314.783s][info][gc,phases      ] GC(735)   Merge Heap Roots: 0.40ms
[314.783s][info][gc,phases      ] GC(735)   Evacuate Collection Set: 40.50ms
[314.783s][info][gc,phases      ] GC(735)   Post Evacuate Collection Set: 0.83ms
[314.783s][info][gc,phases      ] GC(735)   Other: 0.15ms
[314.783s][info][gc,heap        ] GC(735) Eden regions: 435->0(500)
[314.783s][info][gc,heap        ] GC(735) Survivor regions: 21->21(57)
[314.784s][info][gc,heap        ] GC(735) Old regions: 336->324
[314.784s][info][gc,heap        ] GC(735) Humongous regions: 5->5
[314.784s][info][gc,metaspace   ] GC(735) Metaspace: 18809K(18944K)->18809K(18944K) NonClass: 16980K(17088K)->16980K(17088K) Class: 1828K(1856K)->1828K(1856K)
[314.784s][info][gc             ] GC(735) Pause Young (Mixed) (G1 Evacuation Pause) 796M->349M(978M) 42.488ms
[314.784s][info][gc,cpu         ] GC(735) User=0.08s Sys=0.00s Real=0.04s
[315.239s][info][gc,start       ] GC(736) Pause Young (Mixed) (G1 Evacuation Pause)
[315.239s][info][gc,task        ] GC(736) Using 2 workers of 2 for evacuation
[315.328s][info][gc,phases      ] GC(736)   Pre Evacuate Collection Set: 0.34ms
[315.328s][info][gc,phases      ] GC(736)   Merge Heap Roots: 0.50ms
[315.328s][info][gc,phases      ] GC(736)   Evacuate Collection Set: 86.89ms
[315.328s][info][gc,phases      ] GC(736)   Post Evacuate Collection Set: 0.89ms
[315.328s][info][gc,phases      ] GC(736)   Other: 0.13ms
[315.328s][info][gc,heap        ] GC(736) Eden regions: 492->0(402)
[315.328s][info][gc,heap        ] GC(736) Survivor regions: 21->59(65)
[315.328s][info][gc,heap        ] GC(736) Old regions: 324->312
[315.328s][info][gc,heap        ] GC(736) Humongous regions: 5->5
[315.328s][info][gc,metaspace   ] GC(736) Metaspace: 18809K(18944K)->18809K(18944K) NonClass: 16980K(17088K)->16980K(17088K) Class: 1828K(1856K)->1828K(1856K)
[315.328s][info][gc             ] GC(736) Pause Young (Mixed) (G1 Evacuation Pause) 841M->375M(978M) 89.052ms
[315.328s][info][gc,cpu         ] GC(736) User=0.18s Sys=0.00s Real=0.08s
[315.637s][info][gc,start       ] GC(737) Pause Young (Mixed) (G1 Evacuation Pause)
[315.637s][info][gc,task        ] GC(737) Using 2 workers of 2 for evacuation
[315.764s][info][gc,phases      ] GC(737)   Pre Evacuate Collection Set: 0.32ms
[315.764s][info][gc,phases      ] GC(737)   Merge Heap Roots: 0.54ms
[315.764s][info][gc,phases      ] GC(737)   Evacuate Collection Set: 124.52ms
[315.764s][info][gc,phases      ] GC(737)   Post Evacuate Collection Set: 0.72ms
[315.764s][info][gc,phases      ] GC(737)   Other: 0.12ms
[315.764s][info][gc,heap        ] GC(737) Eden regions: 389->0(455)
[315.764s][info][gc,heap        ] GC(737) Survivor regions: 59->36(56)
[315.764s][info][gc,heap        ] GC(737) Old regions: 312->359
[315.764s][info][gc,heap        ] GC(737) Humongous regions: 5->5
[315.764s][info][gc,metaspace   ] GC(737) Metaspace: 18809K(18944K)->18809K(18944K) NonClass: 16980K(17088K)->16980K(17088K) Class: 1828K(1856K)->1828K(1856K)
[315.764s][info][gc             ] GC(737) Pause Young (Mixed) (G1 Evacuation Pause) 764M->398M(978M) 126.533ms
[315.764s][info][gc,cpu         ] GC(737) User=0.25s Sys=0.00s Real=0.13s
[316.141s][info][gc,start       ] GC(738) Pause Young (Mixed) (G1 Evacuation Pause)
[316.141s][info][gc,task        ] GC(738) Using 2 workers of 2 for evacuation
[316.230s][info][gc,phases      ] GC(738)   Pre Evacuate Collection Set: 0.36ms
[316.230s][info][gc,phases      ] GC(738)   Merge Heap Roots: 0.45ms
[316.230s][info][gc,phases      ] GC(738)   Evacuate Collection Set: 87.39ms
[316.230s][info][gc,phases      ] GC(738)   Post Evacuate Collection Set: 0.78ms
[316.230s][info][gc,phases      ] GC(738)   Other: 0.10ms
[316.230s][info][gc,heap        ] GC(738) Eden regions: 455->0(459)
[316.230s][info][gc,heap        ] GC(738) Survivor regions: 36->42(62)
[316.230s][info][gc,heap        ] GC(738) Old regions: 359->341
[316.230s][info][gc,heap        ] GC(738) Humongous regions: 5->5
[316.230s][info][gc,metaspace   ] GC(738) Metaspace: 18809K(18944K)->18809K(18944K) NonClass: 16980K(17088K)->16980K(17088K) Class: 1828K(1856K)->1828K(1856K)
[316.230s][info][gc             ] GC(738) Pause Young (Mixed) (G1 Evacuation Pause) 853M->387M(978M) 89.375ms
[316.230s][info][gc,cpu         ] GC(738) User=0.18s Sys=0.00s Real=0.09s
[316.802s][info][gc,start       ] GC(739) Pause Young (Concurrent Start) (G1 Evacuation Pause)
[316.802s][info][gc,task        ] GC(739) Using 2 workers of 2 for evacuation
[316.870s][info][gc,phases      ] GC(739)   Pre Evacuate Collection Set: 0.35ms
[316.870s][info][gc,phases      ] GC(739)   Merge Heap Roots: 0.31ms
[316.870s][info][gc,phases      ] GC(739)   Evacuate Collection Set: 66.17ms
[316.870s][info][gc,phases      ] GC(739)   Post Evacuate Collection Set: 0.70ms
[316.870s][info][gc,phases      ] GC(739)   Other: 0.19ms
[316.870s][info][gc,heap        ] GC(739) Eden regions: 459->0(455)
[316.870s][info][gc,heap        ] GC(739) Survivor regions: 42->19(63)
[316.870s][info][gc,heap        ] GC(739) Old regions: 341->383
[316.870s][info][gc,heap        ] GC(739) Humongous regions: 5->5
[316.870s][info][gc,metaspace   ] GC(739) Metaspace: 18809K(18944K)->18809K(18944K) NonClass: 16980K(17088K)->16980K(17088K) Class: 1828K(1856K)->1828K(1856K)
[316.870s][info][gc             ] GC(739) Pause Young (Concurrent Start) (G1 Evacuation Pause) 846M->406M(978M) 68.000ms
[316.870s][info][gc,cpu         ] GC(739) User=0.13s Sys=0.00s Real=0.07s
[316.870s][info][gc             ] GC(740) Concurrent Mark Cycle
[316.870s][info][gc,marking     ] GC(740) Concurrent Scan Root Regions
[316.984s][info][gc,marking     ] GC(740) Concurrent Scan Root Regions 114.422ms
[316.984s][info][gc,marking     ] GC(740) Concurrent Mark
[316.984s][info][gc,marking     ] GC(740) Concurrent Mark From Roots
[316.984s][info][gc,task        ] GC(740) Using 1 workers of 1 for marking
[317.948s][info][gc,marking     ] GC(740) Concurrent Mark From Roots 964.071ms
[317.948s][info][gc,marking     ] GC(740) Concurrent Preclean
[317.948s][info][gc,marking     ] GC(740) Concurrent Preclean 0.046ms
[317.949s][info][gc,start       ] GC(740) Pause Remark
[317.956s][info][gc             ] GC(740) Pause Remark 672M->671M(978M) 7.733ms
[317.956s][info][gc,cpu         ] GC(740) User=0.02s Sys=0.00s Real=0.00s
[317.956s][info][gc,marking     ] GC(740) Concurrent Mark 972.182ms
[317.957s][info][gc,marking     ] GC(740) Concurrent Rebuild Remembered Sets and Scrub Regions
[318.412s][info][gc,marking     ] GC(740) Concurrent Rebuild Remembered Sets and Scrub Regions 455.805ms
[318.413s][info][gc,start       ] GC(740) Pause Cleanup
[318.413s][info][gc             ] GC(740) Pause Cleanup 835M->835M(978M) 0.121ms
[318.413s][info][gc,cpu         ] GC(740) User=0.01s Sys=0.00s Real=0.00s
[318.413s][info][gc,marking     ] GC(740) Concurrent Clear Claimed Marks
[318.414s][info][gc,marking     ] GC(740) Concurrent Clear Claimed Marks 0.056ms
[318.414s][info][gc,marking     ] GC(740) Concurrent Cleanup for Next Mark
[318.418s][info][gc,marking     ] GC(740) Concurrent Cleanup for Next Mark 4.939ms
[318.419s][info][gc             ] GC(740) Concurrent Mark Cycle 1548.800ms
[318.466s][info][gc,start       ] GC(741) Pause Young (Prepare Mixed) (G1 Evacuation Pause)
[318.466s][info][gc,task        ] GC(741) Using 2 workers of 2 for evacuation
[318.489s][info][gc,phases      ] GC(741)   Pre Evacuate Collection Set: 0.29ms
[318.489s][info][gc,phases      ] GC(741)   Merge Heap Roots: 0.32ms
[318.489s][info][gc,phases      ] GC(741)   Evacuate Collection Set: 21.99ms
[318.489s][info][gc,phases      ] GC(741)   Post Evacuate Collection Set: 0.71ms
[318.489s][info][gc,phases      ] GC(741)   Other: 0.12ms
[318.489s][info][gc,heap        ] GC(741) Eden regions: 455->0(472)
[318.489s][info][gc,heap        ] GC(741) Survivor regions: 19->19(60)
[318.489s][info][gc,heap        ] GC(741) Old regions: 383->383
[318.489s][info][gc,heap        ] GC(741) Humongous regions: 4->4
[318.489s][info][gc,metaspace   ] GC(741) Metaspace: 18809K(18944K)->18809K(18944K) NonClass: 16980K(17088K)->16980K(17088K) Class: 1828K(1856K)->1828K(1856K)
[318.489s][info][gc             ] GC(741) Pause Young (Prepare Mixed) (G1 Evacuation Pause) 860M->405M(978M) 23.718ms
[318.489s][info][gc,cpu         ] GC(741) User=0.04s Sys=0.00s Real=0.03s
[319.188s][info][gc,start       ] GC(742) Pause Young (Mixed) (G1 Evacuation Pause)
[319.188s][info][gc,task        ] GC(742) Using 2 workers of 2 for evacuation
[319.318s][info][gc,phases      ] GC(742)   Pre Evacuate Collection Set: 3.72ms
[319.318s][info][gc,phases      ] GC(742)   Merge Heap Roots: 2.39ms
[319.318s][info][gc,phases      ] GC(742)   Evacuate Collection Set: 116.93ms
[319.318s][info][gc,phases      ] GC(742)   Post Evacuate Collection Set: 6.54ms
[319.318s][info][gc,phases      ] GC(742)   Other: 0.12ms
[319.318s][info][gc,heap        ] GC(742) Eden regions: 472->0(323)
[319.318s][info][gc,heap        ] GC(742) Survivor regions: 19->62(62)
[319.318s][info][gc,heap        ] GC(742) Old regions: 383->470
[319.318s][info][gc,heap        ] GC(742) Humongous regions: 4->4
[319.318s][info][gc,metaspace   ] GC(742) Metaspace: 18809K(18944K)->18809K(18944K) NonClass: 16980K(17088K)->16980K(17088K) Class: 1828K(1856K)->1828K(1856K)
[319.318s][info][gc             ] GC(742) Pause Young (Mixed) (G1 Evacuation Pause) (Evacuation Failure: Allocation) 877M->535M(978M) 130.001ms
[319.318s][info][gc,cpu         ] GC(742) User=0.25s Sys=0.00s Real=0.13s
[319.803s][info][gc,start       ] GC(743) Pause Young (Concurrent Start) (G1 Evacuation Pause)
[319.803s][info][gc,task        ] GC(743) Using 2 workers of 2 for evacuation
[319.997s][info][gc,phases      ] GC(743)   Pre Evacuate Collection Set: 0.36ms
[319.997s][info][gc,phases      ] GC(743)   Merge Heap Roots: 0.49ms
[319.997s][info][gc,phases      ] GC(743)   Evacuate Collection Set: 174.09ms
[319.997s][info][gc,phases      ] GC(743)   Post Evacuate Collection Set: 18.88ms
[319.998s][info][gc,phases      ] GC(743)   Other: 0.15ms
[319.998s][info][gc,heap        ] GC(743) Eden regions: 323->0(163)
[319.998s][info][gc,heap        ] GC(743) Survivor regions: 62->37(49)
[319.998s][info][gc,heap        ] GC(743) Old regions: 470->687
[319.998s][info][gc,heap        ] GC(743) Humongous regions: 4->4
[319.998s][info][gc,metaspace   ] GC(743) Metaspace: 18809K(18944K)->18809K(18944K) NonClass: 16980K(17088K)->16980K(17088K) Class: 1828K(1856K)->1828K(1856K)
[319.998s][info][gc             ] GC(743) Pause Young (Concurrent Start) (G1 Evacuation Pause) (Evacuation Failure: Allocation) 858M->727M(978M) 194.244ms
[319.998s][info][gc             ] GC(744) Concurrent Mark Cycle
[319.998s][info][gc,marking     ] GC(744) Concurrent Scan Root Regions
[319.998s][info][gc,cpu         ] GC(743) User=0.39s Sys=0.00s Real=0.20s
[320.215s][info][gc,marking     ] GC(744) Concurrent Scan Root Regions 217.328ms
[320.215s][info][gc,marking     ] GC(744) Concurrent Mark
[320.215s][info][gc,marking     ] GC(744) Concurrent Mark From Roots
[320.215s][info][gc,task        ] GC(744) Using 1 workers of 1 for marking
[320.331s][info][gc,start       ] GC(745) Pause Young (Normal) (G1 Evacuation Pause)
[320.331s][info][gc,task        ] GC(745) Using 2 workers of 2 for evacuation
[320.431s][info][gc,phases      ] GC(745)   Pre Evacuate Collection Set: 0.37ms
[320.431s][info][gc,phases      ] GC(745)   Merge Heap Roots: 1.05ms
[320.431s][info][gc,phases      ] GC(745)   Evacuate Collection Set: 97.22ms
[320.431s][info][gc,phases      ] GC(745)   Post Evacuate Collection Set: 1.16ms
[320.431s][info][gc,phases      ] GC(745)   Other: 0.11ms
[320.431s][info][gc,heap        ] GC(745) Eden regions: 163->0(223)
[320.431s][info][gc,heap        ] GC(745) Survivor regions: 37->16(25)
[320.431s][info][gc,heap        ] GC(745) Old regions: 687->651
[320.431s][info][gc,heap        ] GC(745) Humongous regions: 4->4
[320.431s][info][gc,metaspace   ] GC(745) Metaspace: 18809K(18944K)->18809K(18944K) NonClass: 16980K(17088K)->16980K(17088K) Class: 1828K(1856K)->1828K(1856K)
[320.431s][info][gc             ] GC(745) Pause Young (Normal) (G1 Evacuation Pause) (Evacuation Failure: Allocation) 890M->670M(978M) 100.206ms
[320.431s][info][gc,cpu         ] GC(745) User=0.20s Sys=0.00s Real=0.10s
[321.002s][info][gc,start       ] GC(746) Pause Young (Normal) (G1 Evacuation Pause)
[321.002s][info][gc,task        ] GC(746) Using 2 workers of 2 for evacuation
[321.144s][info][gc,phases      ] GC(746)   Pre Evacuate Collection Set: 0.35ms
[321.144s][info][gc,phases      ] GC(746)   Merge Heap Roots: 0.96ms
[321.144s][info][gc,phases      ] GC(746)   Evacuate Collection Set: 132.90ms
[321.144s][info][gc,phases      ] GC(746)   Post Evacuate Collection Set: 7.38ms
[321.144s][info][gc,phases      ] GC(746)   Other: 0.09ms
[321.144s][info][gc,heap        ] GC(746) Eden regions: 223->0(197)
[321.144s][info][gc,heap        ] GC(746) Survivor regions: 16->30(30)
[321.144s][info][gc,heap        ] GC(746) Old regions: 651->653
[321.144s][info][gc,heap        ] GC(746) Humongous regions: 13->13
[321.144s][info][gc,metaspace   ] GC(746) Metaspace: 18809K(18944K)->18809K(18944K) NonClass: 16980K(17088K)->16980K(17088K) Class: 1828K(1856K)->1828K(1856K)
[321.144s][info][gc             ] GC(746) Pause Young (Normal) (G1 Evacuation Pause) (Evacuation Failure: Allocation) 902M->695M(978M) 142.017ms
[321.144s][info][gc,cpu         ] GC(746) User=0.28s Sys=0.00s Real=0.14s
[321.738s][info][gc,marking     ] GC(744) Concurrent Mark From Roots 1523.341ms
[321.738s][info][gc,marking     ] GC(744) Concurrent Preclean
[321.739s][info][gc,marking     ] GC(744) Concurrent Preclean 0.049ms
[321.739s][info][gc,start       ] GC(744) Pause Remark
[321.747s][info][gc             ] GC(744) Pause Remark 859M->859M(978M) 7.896ms
[321.747s][info][gc,cpu         ] GC(744) User=0.01s Sys=0.00s Real=0.00s
[321.748s][info][gc,marking     ] GC(744) Concurrent Mark 1532.726ms
[321.748s][info][gc,marking     ] GC(744) Concurrent Rebuild Remembered Sets and Scrub Regions
[321.832s][info][gc,start       ] GC(747) Pause Young (Normal) (G1 Evacuation Pause)
[321.832s][info][gc,task        ] GC(747) Using 2 workers of 2 for evacuation
[321.914s][info][gc,phases      ] GC(747)   Pre Evacuate Collection Set: 0.30ms
[321.914s][info][gc,phases      ] GC(747)   Merge Heap Roots: 1.16ms
[321.914s][info][gc,phases      ] GC(747)   Evacuate Collection Set: 79.17ms
[321.914s][info][gc,phases      ] GC(747)   Post Evacuate Collection Set: 0.52ms
[321.914s][info][gc,phases      ] GC(747)   Other: 0.11ms
[321.914s][info][gc,heap        ] GC(747) Eden regions: 197->0(237)
[321.914s][info][gc,heap        ] GC(747) Survivor regions: 30->1(29)
[321.914s][info][gc,heap        ] GC(747) Old regions: 653->646
[321.914s][info][gc,heap        ] GC(747) Humongous regions: 13->13
[321.914s][info][gc,metaspace   ] GC(747) Metaspace: 18809K(18944K)->18809K(18944K) NonClass: 16980K(17088K)->16980K(17088K) Class: 1828K(1856K)->1828K(1856K)
[321.914s][info][gc             ] GC(747) Pause Young (Normal) (G1 Evacuation Pause) 892M->659M(978M) 81.525ms
[321.914s][info][gc,cpu         ] GC(747) User=0.16s Sys=0.00s Real=0.08s
[322.411s][info][gc,marking     ] GC(744) Concurrent Rebuild Remembered Sets and Scrub Regions 663.211ms
[322.411s][info][gc,start       ] GC(744) Pause Cleanup
[322.411s][info][gc             ] GC(744) Pause Cleanup 871M->871M(978M) 0.116ms
[322.411s][info][gc,cpu         ] GC(744) User=0.00s Sys=0.00s Real=0.00s
[322.411s][info][gc,marking     ] GC(744) Concurrent Clear Claimed Marks
[322.411s][info][gc,marking     ] GC(744) Concurrent Clear Claimed Marks 0.041ms
[322.411s][info][gc,marking     ] GC(744) Concurrent Cleanup for Next Mark
[322.414s][info][gc,marking     ] GC(744) Concurrent Cleanup for Next Mark 2.914ms
[322.414s][info][gc             ] GC(744) Concurrent Mark Cycle 2416.789ms
[322.455s][info][gc,start       ] GC(748) Pause Young (Prepare Mixed) (G1 Evacuation Pause)
[322.455s][info][gc,task        ] GC(748) Using 2 workers of 2 for evacuation
[322.458s][info][gc,phases      ] GC(748)   Pre Evacuate Collection Set: 0.35ms
[322.458s][info][gc,phases      ] GC(748)   Merge Heap Roots: 0.13ms
[322.458s][info][gc,phases      ] GC(748)   Evacuate Collection Set: 1.07ms
[322.458s][info][gc,phases      ] GC(748)   Post Evacuate Collection Set: 0.48ms
[322.458s][info][gc,phases      ] GC(748)   Other: 0.11ms
[322.458s][info][gc,heap        ] GC(748) Eden regions: 237->0(252)
[322.458s][info][gc,heap        ] GC(748) Survivor regions: 1->1(30)
[322.458s][info][gc,heap        ] GC(748) Old regions: 646->646
[322.458s][info][gc,heap        ] GC(748) Humongous regions: 13->13
[322.458s][info][gc,metaspace   ] GC(748) Metaspace: 18809K(18944K)->18809K(18944K) NonClass: 16980K(17088K)->16980K(17088K) Class: 1828K(1856K)->1828K(1856K)
[322.458s][info][gc             ] GC(748) Pause Young (Prepare Mixed) (G1 Evacuation Pause) 896M->659M(978M) 2.414ms
[322.458s][info][gc,cpu         ] GC(748) User=0.00s Sys=0.00s Real=0.00s
[322.855s][info][gc,start       ] GC(749) Pause Young (Mixed) (G1 Evacuation Pause)
[322.855s][info][gc,task        ] GC(749) Using 2 workers of 2 for evacuation
[322.897s][info][gc,phases      ] GC(749)   Pre Evacuate Collection Set: 0.34ms
[322.897s][info][gc,phases      ] GC(749)   Merge Heap Roots: 0.69ms
[322.897s][info][gc,phases      ] GC(749)   Evacuate Collection Set: 39.16ms
[322.897s][info][gc,phases      ] GC(749)   Post Evacuate Collection Set: 1.40ms
[322.897s][info][gc,phases      ] GC(749)   Other: 0.11ms
[322.897s][info][gc,heap        ] GC(749) Eden regions: 252->0(271)
[322.897s][info][gc,heap        ] GC(749) Survivor regions: 1->1(32)
[322.897s][info][gc,heap        ] GC(749) Old regions: 646->638
[322.897s][info][gc,heap        ] GC(749) Humongous regions: 13->13
[322.897s][info][gc,metaspace   ] GC(749) Metaspace: 18809K(18944K)->18809K(18944K) NonClass: 16980K(17088K)->16980K(17088K) Class: 1828K(1856K)->1828K(1856K)
[322.897s][info][gc             ] GC(749) Pause Young (Mixed) (G1 Evacuation Pause) 911M->650M(978M) 41.929ms
[322.897s][info][gc,cpu         ] GC(749) User=0.08s Sys=0.00s Real=0.04s
[323.313s][info][gc,start       ] GC(750) Pause Young (Concurrent Start) (G1 Evacuation Pause)
[323.313s][info][gc,task        ] GC(750) Using 2 workers of 2 for evacuation
[323.315s][info][gc,phases      ] GC(750)   Pre Evacuate Collection Set: 0.29ms
[323.315s][info][gc,phases      ] GC(750)   Merge Heap Roots: 0.12ms
[323.315s][info][gc,phases      ] GC(750)   Evacuate Collection Set: 0.53ms
[323.315s][info][gc,phases      ] GC(750)   Post Evacuate Collection Set: 0.45ms
[323.315s][info][gc,phases      ] GC(750)   Other: 0.12ms
[323.315s][info][gc,heap        ] GC(750) Eden regions: 271->0(275)
[323.315s][info][gc,heap        ] GC(750) Survivor regions: 1->1(34)
[323.315s][info][gc,heap        ] GC(750) Old regions: 638->638
[323.315s][info][gc,heap        ] GC(750) Humongous regions: 13->13
[323.315s][info][gc,metaspace   ] GC(750) Metaspace: 18809K(18944K)->18809K(18944K) NonClass: 16980K(17088K)->16980K(17088K) Class: 1828K(1856K)->1828K(1856K)
[323.315s][info][gc             ] GC(750) Pause Young (Concurrent Start) (G1 Evacuation Pause) 921M->650M(978M) 1.720ms
[323.315s][info][gc,cpu         ] GC(750) User=0.01s Sys=0.00s Real=0.00s
[323.315s][info][gc             ] GC(751) Concurrent Mark Cycle
[323.315s][info][gc,marking     ] GC(751) Concurrent Scan Root Regions
[323.317s][info][gc,marking     ] GC(751) Concurrent Scan Root Regions 2.162ms
[323.317s][info][gc,marking     ] GC(751) Concurrent Mark
[323.317s][info][gc,marking     ] GC(751) Concurrent Mark From Roots
[323.317s][info][gc,task        ] GC(751) Using 1 workers of 1 for marking
[324.298s][info][gc,start       ] GC(752) Pause Young (Normal) (G1 Evacuation Pause)
[324.299s][info][gc,task        ] GC(752) Using 2 workers of 2 for evacuation
[324.315s][info][gc,phases      ] GC(752)   Pre Evacuate Collection Set: 0.35ms
[324.315s][info][gc,phases      ] GC(752)   Merge Heap Roots: 0.18ms
[324.315s][info][gc,phases      ] GC(752)   Evacuate Collection Set: 14.89ms
[324.315s][info][gc,phases      ] GC(752)   Post Evacuate Collection Set: 0.50ms
[324.315s][info][gc,phases      ] GC(752)   Other: 0.12ms
[324.315s][info][gc,heap        ] GC(752) Eden regions: 275->0(253)
[324.315s][info][gc,heap        ] GC(752) Survivor regions: 1->12(35)
[324.315s][info][gc,heap        ] GC(752) Old regions: 638->638
[324.315s][info][gc,heap        ] GC(752) Humongous regions: 13->13
[324.315s][info][gc,metaspace   ] GC(752) Metaspace: 18809K(18944K)->18809K(18944K) NonClass: 16980K(17088K)->16980K(17088K) Class: 1828K(1856K)->1828K(1856K)
[324.315s][info][gc             ] GC(752) Pause Young (Normal) (G1 Evacuation Pause) 925M->661M(978M) 16.322ms
[324.315s][info][gc,cpu         ] GC(752) User=0.03s Sys=0.00s Real=0.01s
[324.697s][info][gc,start       ] GC(753) Pause Young (Normal) (G1 Evacuation Pause)
[324.697s][info][gc,task        ] GC(753) Using 2 workers of 2 for evacuation
[324.735s][info][gc,phases      ] GC(753)   Pre Evacuate Collection Set: 0.30ms
[324.735s][info][gc,phases      ] GC(753)   Merge Heap Roots: 0.16ms
[324.735s][info][gc,phases      ] GC(753)   Evacuate Collection Set: 36.80ms
[324.735s][info][gc,phases      ] GC(753)   Post Evacuate Collection Set: 0.52ms
[324.735s][info][gc,phases      ] GC(753)   Other: 0.09ms
[324.735s][info][gc,heap        ] GC(753) Eden regions: 253->0(211)
[324.735s][info][gc,heap        ] GC(753) Survivor regions: 12->33(34)
[324.735s][info][gc,heap        ] GC(753) Old regions: 638->638
[324.735s][info][gc,heap        ] GC(753) Humongous regions: 13->13
[324.735s][info][gc,metaspace   ] GC(753) Metaspace: 18809K(18944K)->18809K(18944K) NonClass: 16980K(17088K)->16980K(17088K) Class: 1828K(1856K)->1828K(1856K)
[324.735s][info][gc             ] GC(753) Pause Young (Normal) (G1 Evacuation Pause) 914M->683M(978M) 38.183ms
[324.735s][info][gc,cpu         ] GC(753) User=0.08s Sys=0.01s Real=0.04s
[324.745s][info][gc,marking     ] GC(751) Concurrent Mark From Roots 1428.175ms
[324.745s][info][gc,marking     ] GC(751) Concurrent Preclean
[324.745s][info][gc,marking     ] GC(751) Concurrent Preclean 0.039ms
[324.746s][info][gc,start       ] GC(751) Pause Remark
[324.754s][info][gc             ] GC(751) Pause Remark 687M->614M(978M) 7.953ms
[324.754s][info][gc,cpu         ] GC(751) User=0.02s Sys=0.00s Real=0.01s
[324.755s][info][gc,marking     ] GC(751) Concurrent Mark 1437.533ms
[324.755s][info][gc,marking     ] GC(751) Concurrent Rebuild Remembered Sets and Scrub Regions
[325.035s][info][gc,start       ] GC(754) Pause Young (Normal) (G1 Evacuation Pause)
[325.035s][info][gc,task        ] GC(754) Using 2 workers of 2 for evacuation
[325.072s][info][gc,phases      ] GC(754)   Pre Evacuate Collection Set: 0.35ms
[325.072s][info][gc,phases      ] GC(754)   Merge Heap Roots: 0.19ms
[325.072s][info][gc,phases      ] GC(754)   Evacuate Collection Set: 35.53ms
[325.072s][info][gc,phases      ] GC(754)   Post Evacuate Collection Set: 0.47ms
[325.072s][info][gc,phases      ] GC(754)   Other: 0.12ms
[325.072s][info][gc,heap        ] GC(754) Eden regions: 211->0(308)
[325.072s][info][gc,heap        ] GC(754) Survivor regions: 33->2(31)
[325.072s][info][gc,heap        ] GC(754) Old regions: 571->604
[325.072s][info][gc,heap        ] GC(754) Humongous regions: 7->7
[325.072s][info][gc,metaspace   ] GC(754) Metaspace: 18809K(18944K)->18809K(18944K) NonClass: 16980K(17088K)->16980K(17088K) Class: 1828K(1856K)->1828K(1856K)
[325.072s][info][gc             ] GC(754) Pause Young (Normal) (G1 Evacuation Pause) 821M->612M(978M) 36.950ms
[325.072s][info][gc,cpu         ] GC(754) User=0.07s Sys=0.00s Real=0.04s
[325.266s][info][gc,marking     ] GC(751) Concurrent Rebuild Remembered Sets and Scrub Regions 511.423ms
[325.266s][info][gc,start       ] GC(751) Pause Cleanup
[325.267s][info][gc             ] GC(751) Pause Cleanup 739M->739M(978M) 0.154ms
[325.267s][info][gc,cpu         ] GC(751) User=0.00s Sys=0.00s Real=0.00s
[325.267s][info][gc,marking     ] GC(751) Concurrent Clear Claimed Marks
[325.267s][info][gc,marking     ] GC(751) Concurrent Clear Claimed Marks 0.056ms
[325.267s][info][gc,marking     ] GC(751) Concurrent Cleanup for Next Mark
[325.272s][info][gc,marking     ] GC(751) Concurrent Cleanup for Next Mark 4.937ms
[325.272s][info][gc             ] GC(751) Concurrent Mark Cycle 1957.401ms
[325.662s][info][gc,start       ] GC(755) Pause Young (Prepare Mixed) (G1 Evacuation Pause)
[325.663s][info][gc,task        ] GC(755) Using 2 workers of 2 for evacuation
[325.677s][info][gc,phases      ] GC(755)   Pre Evacuate Collection Set: 0.33ms
[325.678s][info][gc,phases      ] GC(755)   Merge Heap Roots: 0.18ms
[325.678s][info][gc,phases      ] GC(755)   Evacuate Collection Set: 13.75ms
[325.678s][info][gc,phases      ] GC(755)   Post Evacuate Collection Set: 0.55ms
[325.678s][info][gc,phases      ] GC(755)   Other: 0.10ms
[325.678s][info][gc,heap        ] GC(755) Eden regions: 308->0(285)
[325.678s][info][gc,heap        ] GC(755) Survivor regions: 2->11(39)
[325.678s][info][gc,heap        ] GC(755) Old regions: 604->604
[325.678s][info][gc,heap        ] GC(755) Humongous regions: 7->7
[325.678s][info][gc,metaspace   ] GC(755) Metaspace: 18809K(18944K)->18809K(18944K) NonClass: 16980K(17088K)->16980K(17088K) Class: 1828K(1856K)->1828K(1856K)
[325.678s][info][gc             ] GC(755) Pause Young (Prepare Mixed) (G1 Evacuation Pause) 920M->621M(978M) 15.198ms
[325.678s][info][gc,cpu         ] GC(755) User=0.03s Sys=0.00s Real=0.01s
[326.258s][info][gc,start       ] GC(756) Pause Young (Mixed) (G1 Evacuation Pause)
[326.258s][info][gc,task        ] GC(756) Using 2 workers of 2 for evacuation
[326.275s][info][gc,phases      ] GC(756)   Pre Evacuate Collection Set: 0.55ms
[326.275s][info][gc,phases      ] GC(756)   Merge Heap Roots: 0.25ms
[326.275s][info][gc,phases      ] GC(756)   Evacuate Collection Set: 14.66ms
[326.275s][info][gc,phases      ] GC(756)   Merge Optional Heap Roots: 0.06ms
[326.275s][info][gc,phases      ] GC(756)   Evacuate Optional Collection Set: 0.42ms
[326.275s][info][gc,phases      ] GC(756)   Post Evacuate Collection Set: 0.70ms
[326.275s][info][gc,phases      ] GC(756)   Other: 0.13ms
[326.275s][info][gc,heap        ] GC(756) Eden regions: 295->0(350)
[326.275s][info][gc,heap        ] GC(756) Survivor regions: 11->11(39)
[326.275s][info][gc,heap        ] GC(756) Old regions: 604->549
[326.275s][info][gc,heap        ] GC(756) Humongous regions: 7->7
[326.275s][info][gc,metaspace   ] GC(756) Metaspace: 18809K(18944K)->18809K(18944K) NonClass: 16980K(17088K)->16980K(17088K) Class: 1828K(1856K)->1828K(1856K)
[326.275s][info][gc             ] GC(756) Pause Young (Mixed) (G1 Evacuation Pause) 916M->566M(978M) 17.049ms
[326.275s][info][gc,cpu         ] GC(756) User=0.03s Sys=0.00s Real=0.02s
[326.755s][info][gc,start       ] GC(757) Pause Young (Mixed) (G1 Evacuation Pause)
[326.755s][info][gc,task        ] GC(757) Using 2 workers of 2 for evacuation
[326.809s][info][gc,phases      ] GC(757)   Pre Evacuate Collection Set: 0.35ms
[326.809s][info][gc,phases      ] GC(757)   Merge Heap Roots: 0.36ms
[326.809s][info][gc,phases      ] GC(757)   Evacuate Collection Set: 50.43ms
[326.809s][info][gc,phases      ] GC(757)   Merge Optional Heap Roots: 0.07ms
[326.809s][info][gc,phases      ] GC(757)   Evacuate Optional Collection Set: 1.56ms
[326.809s][info][gc,phases      ] GC(757)   Post Evacuate Collection Set: 0.88ms
[326.809s][info][gc,phases      ] GC(757)   Other: 0.10ms
[326.809s][info][gc,heap        ] GC(757) Eden regions: 350->0(8)
[326.809s][info][gc,heap        ] GC(757) Survivor regions: 11->40(46)
[326.809s][info][gc,heap        ] GC(757) Old regions: 549->528
[326.809s][info][gc,heap        ] GC(757) Humongous regions: 7->7
[326.809s][info][gc,metaspace   ] GC(757) Metaspace: 18809K(18944K)->18809K(18944K) NonClass: 16980K(17088K)->16980K(17088K) Class: 1828K(1856K)->1828K(1856K)
[326.809s][info][gc             ] GC(757) Pause Young (Mixed) (G1 Evacuation Pause) 916M->574M(978M) 53.986ms
[326.809s][info][gc,cpu         ] GC(757) User=0.11s Sys=0.00s Real=0.06s
[326.819s][info][gc,start       ] GC(758) Pause Young (Mixed) (G1 Evacuation Pause)
[326.819s][info][gc,task        ] GC(758) Using 2 workers of 2 for evacuation
[326.885s][info][gc,phases      ] GC(758)   Pre Evacuate Collection Set: 0.51ms
[326.885s][info][gc,phases      ] GC(758)   Merge Heap Roots: 0.37ms
[326.885s][info][gc,phases      ] GC(758)   Evacuate Collection Set: 65.12ms
[326.885s][info][gc,phases      ] GC(758)   Post Evacuate Collection Set: 0.35ms
[326.885s][info][gc,phases      ] GC(758)   Other: 0.09ms
[326.885s][info][gc,heap        ] GC(758) Eden regions: 12->0(331)
[326.885s][info][gc,heap        ] GC(758) Survivor regions: 40->4(7)
[326.885s][info][gc,heap        ] GC(758) Old regions: 528->567
[326.885s][info][gc,heap        ] GC(758) Humongous regions: 7->7
[326.885s][info][gc,metaspace   ] GC(758) Metaspace: 18809K(18944K)->18809K(18944K) NonClass: 16980K(17088K)->16980K(17088K) Class: 1828K(1856K)->1828K(1856K)
[326.885s][info][gc             ] GC(758) Pause Young (Mixed) (G1 Evacuation Pause) 586M->577M(978M) 66.690ms
[326.885s][info][gc,cpu         ] GC(758) User=0.12s Sys=0.00s Real=0.06s
[327.243s][info][gc,start       ] GC(759) Pause Young (Concurrent Start) (G1 Humongous Allocation)
[327.243s][info][gc,task        ] GC(759) Using 2 workers of 2 for evacuation
[327.297s][info][gc,phases      ] GC(759)   Pre Evacuate Collection Set: 0.29ms
[327.297s][info][gc,phases      ] GC(759)   Merge Heap Roots: 0.17ms
[327.297s][info][gc,phases      ] GC(759)   Evacuate Collection Set: 52.59ms
[327.297s][info][gc,phases      ] GC(759)   Post Evacuate Collection Set: 0.59ms
[327.297s][info][gc,phases      ] GC(759)   Other: 0.12ms
[327.297s][info][gc,heap        ] GC(759) Eden regions: 249->0(263)
[327.297s][info][gc,heap        ] GC(759) Survivor regions: 4->42(42)
[327.297s][info][gc,heap        ] GC(759) Old regions: 567->574
[327.297s][info][gc,heap        ] GC(759) Humongous regions: 7->7
[327.297s][info][gc,metaspace   ] GC(759) Metaspace: 18809K(18944K)->18809K(18944K) NonClass: 16980K(17088K)->16980K(17088K) Class: 1828K(1856K)->1828K(1856K)
[327.297s][info][gc             ] GC(759) Pause Young (Concurrent Start) (G1 Humongous Allocation) 826M->622M(978M) 54.018ms
[327.297s][info][gc,cpu         ] GC(759) User=0.11s Sys=0.00s Real=0.05s
[327.297s][info][gc             ] GC(760) Concurrent Mark Cycle
[327.297s][info][gc,marking     ] GC(760) Concurrent Scan Root Regions
[327.355s][info][gc,marking     ] GC(760) Concurrent Scan Root Regions 57.350ms
[327.355s][info][gc,marking     ] GC(760) Concurrent Mark
[327.355s][info][gc,marking     ] GC(760) Concurrent Mark From Roots
[327.355s][info][gc,task        ] GC(760) Using 1 workers of 1 for marking
[328.141s][info][gc,start       ] GC(761) Pause Young (Normal) (G1 Evacuation Pause)
[328.141s][info][gc,task        ] GC(761) Using 2 workers of 2 for evacuation
[328.194s][info][gc,phases      ] GC(761)   Pre Evacuate Collection Set: 0.53ms
[328.195s][info][gc,phases      ] GC(761)   Merge Heap Roots: 0.22ms
[328.195s][info][gc,phases      ] GC(761)   Evacuate Collection Set: 52.24ms
[328.195s][info][gc,phases      ] GC(761)   Post Evacuate Collection Set: 0.54ms
[328.195s][info][gc,phases      ] GC(761)   Other: 0.11ms
[328.195s][info][gc,heap        ] GC(761) Eden regions: 263->0(271)
[328.195s][info][gc,heap        ] GC(761) Survivor regions: 42->7(39)
[328.195s][info][gc,heap        ] GC(761) Old regions: 574->616
[328.195s][info][gc,heap        ] GC(761) Humongous regions: 10->10
[328.195s][info][gc,metaspace   ] GC(761) Metaspace: 18809K(18944K)->18809K(18944K) NonClass: 16980K(17088K)->16980K(17088K) Class: 1828K(1856K)->1828K(1856K)
[328.195s][info][gc             ] GC(761) Pause Young (Normal) (G1 Evacuation Pause) 888M->632M(978M) 53.872ms
[328.195s][info][gc,cpu         ] GC(761) User=0.10s Sys=0.00s Real=0.05s
[328.649s][info][gc,marking     ] GC(760) Concurrent Mark From Roots 1294.118ms
[328.649s][info][gc,marking     ] GC(760) Concurrent Preclean
[328.649s][info][gc,marking     ] GC(760) Concurrent Preclean 0.044ms
[328.649s][info][gc,start       ] GC(760) Pause Remark
[328.657s][info][gc             ] GC(760) Pause Remark 754M->682M(978M) 8.188ms
[328.657s][info][gc,cpu         ] GC(760) User=0.01s Sys=0.00s Real=0.00s
[328.657s][info][gc,marking     ] GC(760) Concurrent Mark 1302.691ms
[328.657s][info][gc,marking     ] GC(760) Concurrent Rebuild Remembered Sets and Scrub Regions
[328.987s][info][gc,start       ] GC(762) Pause Young (Normal) (G1 Evacuation Pause)
[328.987s][info][gc,task        ] GC(762) Using 2 workers of 2 for evacuation
[329.000s][info][gc,phases      ] GC(762)   Pre Evacuate Collection Set: 0.52ms
[329.000s][info][gc,phases      ] GC(762)   Merge Heap Roots: 0.12ms
[329.000s][info][gc,phases      ] GC(762)   Evacuate Collection Set: 11.01ms
[329.000s][info][gc,phases      ] GC(762)   Post Evacuate Collection Set: 0.49ms
[329.000s][info][gc,phases      ] GC(762)   Other: 0.13ms
[329.000s][info][gc,heap        ] GC(762) Eden regions: 271->0(335)
[329.000s][info][gc,heap        ] GC(762) Survivor regions: 7->7(35)
[329.000s][info][gc,heap        ] GC(762) Old regions: 546->546
[329.000s][info][gc,heap        ] GC(762) Humongous regions: 8->8
[329.000s][info][gc,metaspace   ] GC(762) Metaspace: 18809K(18944K)->18809K(18944K) NonClass: 16980K(17088K)->16980K(17088K) Class: 1828K(1856K)->1828K(1856K)
[329.000s][info][gc             ] GC(762) Pause Young (Normal) (G1 Evacuation Pause) 831M->560M(978M) 12.546ms
[329.000s][info][gc,cpu         ] GC(762) User=0.02s Sys=0.00s Real=0.02s
[329.218s][info][gc,marking     ] GC(760) Concurrent Rebuild Remembered Sets and Scrub Regions 560.666ms
[329.218s][info][gc,start       ] GC(760) Pause Cleanup
[329.219s][info][gc             ] GC(760) Pause Cleanup 652M->652M(978M) 0.182ms
[329.219s][info][gc,cpu         ] GC(760) User=0.00s Sys=0.00s Real=0.00s
[329.219s][info][gc,marking     ] GC(760) Concurrent Clear Claimed Marks
[329.219s][info][gc,marking     ] GC(760) Concurrent Clear Claimed Marks 0.043ms
[329.219s][info][gc,marking     ] GC(760) Concurrent Cleanup for Next Mark
[329.226s][info][gc,marking     ] GC(760) Concurrent Cleanup for Next Mark 7.060ms
[329.226s][info][gc             ] GC(760) Concurrent Mark Cycle 1928.577ms
[329.599s][info][gc,start       ] GC(763) Pause Young (Prepare Mixed) (G1 Evacuation Pause)
[329.599s][info][gc,task        ] GC(763) Using 2 workers of 2 for evacuation
[329.611s][info][gc,phases      ] GC(763)   Pre Evacuate Collection Set: 0.31ms
[329.611s][info][gc,phases      ] GC(763)   Merge Heap Roots: 0.15ms
[329.611s][info][gc,phases      ] GC(763)   Evacuate Collection Set: 10.64ms
[329.611s][info][gc,phases      ] GC(763)   Post Evacuate Collection Set: 0.59ms
[329.611s][info][gc,phases      ] GC(763)   Other: 0.11ms
[329.611s][info][gc,heap        ] GC(763) Eden regions: 335->0(349)
[329.611s][info][gc,heap        ] GC(763) Survivor regions: 7->7(43)
[329.611s][info][gc,heap        ] GC(763) Old regions: 546->546
[329.611s][info][gc,heap        ] GC(763) Humongous regions: 8->8
[329.611s][info][gc,metaspace   ] GC(763) Metaspace: 18809K(18944K)->18809K(18944K) NonClass: 16980K(17088K)->16980K(17088K) Class: 1828K(1856K)->1828K(1856K)
[329.611s][info][gc             ] GC(763) Pause Young (Prepare Mixed) (G1 Evacuation Pause) 895M->560M(978M) 12.104ms
[329.611s][info][gc,cpu         ] GC(763) User=0.03s Sys=0.00s Real=0.01s
[330.024s][info][gc,start       ] GC(764) Pause Young (Mixed) (G1 Evacuation Pause)
[330.024s][info][gc,task        ] GC(764) Using 2 workers of 2 for evacuation
[330.102s][info][gc,phases      ] GC(764)   Pre Evacuate Collection Set: 0.34ms
[330.102s][info][gc,phases      ] GC(764)   Merge Heap Roots: 0.68ms
[330.102s][info][gc,phases      ] GC(764)   Evacuate Collection Set: 70.17ms
[330.102s][info][gc,phases      ] GC(764)   Merge Optional Heap Roots: 0.15ms
[330.102s][info][gc,phases      ] GC(764)   Evacuate Optional Collection Set: 5.61ms
[330.102s][info][gc,phases      ] GC(764)   Post Evacuate Collection Set: 0.90ms
[330.102s][info][gc,phases      ] GC(764)   Other: 0.11ms
[330.102s][info][gc,heap        ] GC(764) Eden regions: 349->0(208)
[330.102s][info][gc,heap        ] GC(764) Survivor regions: 7->33(45)
[330.102s][info][gc,heap        ] GC(764) Old regions: 546->492
[330.102s][info][gc,heap        ] GC(764) Humongous regions: 8->8
[330.102s][info][gc,metaspace   ] GC(764) Metaspace: 18809K(18944K)->18809K(18944K) NonClass: 16980K(17088K)->16980K(17088K) Class: 1828K(1856K)->1828K(1856K)
[330.102s][info][gc             ] GC(764) Pause Young (Mixed) (G1 Evacuation Pause) 909M->532M(978M) 78.224ms
[330.102s][info][gc,cpu         ] GC(764) User=0.15s Sys=0.00s Real=0.08s
[330.260s][info][gc,start       ] GC(765) Pause Young (Mixed) (G1 Evacuation Pause)
[330.260s][info][gc,task        ] GC(765) Using 2 workers of 2 for evacuation
[330.359s][info][gc,phases      ] GC(765)   Pre Evacuate Collection Set: 0.58ms
[330.359s][info][gc,phases      ] GC(765)   Merge Heap Roots: 0.91ms
[330.359s][info][gc,phases      ] GC(765)   Evacuate Collection Set: 96.56ms
[330.359s][info][gc,phases      ] GC(765)   Post Evacuate Collection Set: 0.78ms
[330.359s][info][gc,phases      ] GC(765)   Other: 0.09ms
[330.359s][info][gc,heap        ] GC(765) Eden regions: 199->0(207)
[330.359s][info][gc,heap        ] GC(765) Survivor regions: 33->21(29)
[330.359s][info][gc,heap        ] GC(765) Old regions: 492->519
[330.359s][info][gc,heap        ] GC(765) Humongous regions: 8->8
[330.359s][info][gc,metaspace   ] GC(765) Metaspace: 18809K(18944K)->18809K(18944K) NonClass: 16980K(17088K)->16980K(17088K) Class: 1828K(1856K)->1828K(1856K)
[330.359s][info][gc             ] GC(765) Pause Young (Mixed) (G1 Evacuation Pause) 731M->547M(978M) 99.198ms
[330.359s][info][gc,cpu         ] GC(765) User=0.19s Sys=0.00s Real=0.10s
[330.509s][info][gc,start       ] GC(766) Pause Young (Mixed) (G1 Evacuation Pause)
[330.509s][info][gc,task        ] GC(766) Using 2 workers of 2 for evacuation
[330.612s][info][gc,phases      ] GC(766)   Pre Evacuate Collection Set: 0.31ms
[330.613s][info][gc,phases      ] GC(766)   Merge Heap Roots: 1.02ms
[330.613s][info][gc,phases      ] GC(766)   Evacuate Collection Set: 100.88ms
[330.613s][info][gc,phases      ] GC(766)   Post Evacuate Collection Set: 1.40ms
[330.613s][info][gc,phases      ] GC(766)   Other: 0.09ms
[330.613s][info][gc,heap        ] GC(766) Eden regions: 202->0(319)
[330.613s][info][gc,heap        ] GC(766) Survivor regions: 21->24(28)
[330.613s][info][gc,heap        ] GC(766) Old regions: 519->538
[330.613s][info][gc,heap        ] GC(766) Humongous regions: 8->8
[330.613s][info][gc,metaspace   ] GC(766) Metaspace: 18809K(18944K)->18809K(18944K) NonClass: 16980K(17088K)->16980K(17088K) Class: 1828K(1856K)->1828K(1856K)
[330.613s][info][gc             ] GC(766) Pause Young (Mixed) (G1 Evacuation Pause) 749M->568M(978M) 103.966ms
[330.613s][info][gc,cpu         ] GC(766) User=0.20s Sys=0.00s Real=0.10s
[330.898s][info][gc,start       ] GC(767) Pause Young (Concurrent Start) (G1 Evacuation Pause)
[330.898s][info][gc,task        ] GC(767) Using 2 workers of 2 for evacuation
[330.978s][info][gc,phases      ] GC(767)   Pre Evacuate Collection Set: 0.34ms
[330.978s][info][gc,phases      ] GC(767)   Merge Heap Roots: 0.31ms
[330.978s][info][gc,phases      ] GC(767)   Evacuate Collection Set: 78.78ms
[330.978s][info][gc,phases      ] GC(767)   Post Evacuate Collection Set: 0.62ms
[330.978s][info][gc,phases      ] GC(767)   Other: 0.14ms
[330.978s][info][gc,heap        ] GC(767) Eden regions: 319->0(268)
[330.978s][info][gc,heap        ] GC(767) Survivor regions: 24->43(43)
[330.978s][info][gc,heap        ] GC(767) Old regions: 538->563
[330.978s][info][gc,heap        ] GC(767) Humongous regions: 8->8
[330.978s][info][gc,metaspace   ] GC(767) Metaspace: 18809K(18944K)->18809K(18944K) NonClass: 16980K(17088K)->16980K(17088K) Class: 1828K(1856K)->1828K(1856K)
[330.978s][info][gc             ] GC(767) Pause Young (Concurrent Start) (G1 Evacuation Pause) 887M->613M(978M) 80.515ms
[330.978s][info][gc             ] GC(768) Concurrent Mark Cycle
[330.978s][info][gc,marking     ] GC(768) Concurrent Scan Root Regions
[330.979s][info][gc,cpu         ] GC(767) User=0.16s Sys=0.00s Real=0.09s
[331.093s][info][gc,marking     ] GC(768) Concurrent Scan Root Regions 114.996ms
[331.093s][info][gc,marking     ] GC(768) Concurrent Mark
[331.093s][info][gc,marking     ] GC(768) Concurrent Mark From Roots
[331.093s][info][gc,task        ] GC(768) Using 1 workers of 1 for marking
[331.409s][info][gc,start       ] GC(769) Pause Young (Normal) (G1 Evacuation Pause)
[331.410s][info][gc,task        ] GC(769) Using 2 workers of 2 for evacuation
[331.472s][info][gc,phases      ] GC(769)   Pre Evacuate Collection Set: 0.50ms
[331.472s][info][gc,phases      ] GC(769)   Merge Heap Roots: 0.36ms
[331.472s][info][gc,phases      ] GC(769)   Evacuate Collection Set: 60.97ms
[331.472s][info][gc,phases      ] GC(769)   Post Evacuate Collection Set: 0.53ms
[331.472s][info][gc,phases      ] GC(769)   Other: 0.10ms
[331.472s][info][gc,heap        ] GC(769) Eden regions: 268->0(275)
[331.472s][info][gc,heap        ] GC(769) Survivor regions: 43->7(39)
[331.472s][info][gc,heap        ] GC(769) Old regions: 563->607
[331.472s][info][gc,heap        ] GC(769) Humongous regions: 8->8
[331.472s][info][gc,metaspace   ] GC(769) Metaspace: 18809K(18944K)->18809K(18944K) NonClass: 16980K(17088K)->16980K(17088K) Class: 1828K(1856K)->1828K(1856K)
[331.472s][info][gc             ] GC(769) Pause Young (Normal) (G1 Evacuation Pause) 881M->621M(978M) 62.746ms
[331.472s][info][gc,cpu         ] GC(769) User=0.12s Sys=0.00s Real=0.06s
[331.940s][info][gc,start       ] GC(770) Pause Young (Normal) (G1 Evacuation Pause)
[331.940s][info][gc,task        ] GC(770) Using 2 workers of 2 for evacuation
[331.966s][info][gc,phases      ] GC(770)   Pre Evacuate Collection Set: 0.32ms
[331.966s][info][gc,phases      ] GC(770)   Merge Heap Roots: 0.34ms
[331.966s][info][gc,phases      ] GC(770)   Evacuate Collection Set: 23.85ms
[331.966s][info][gc,phases      ] GC(770)   Post Evacuate Collection Set: 0.51ms
[331.966s][info][gc,phases      ] GC(770)   Other: 0.11ms
[331.966s][info][gc,heap        ] GC(770) Eden regions: 275->0(282)
[331.966s][info][gc,heap        ] GC(770) Survivor regions: 7->12(36)
[331.966s][info][gc,heap        ] GC(770) Old regions: 607->607
[331.966s][info][gc,heap        ] GC(770) Humongous regions: 8->8
[331.966s][info][gc,metaspace   ] GC(770) Metaspace: 18809K(18944K)->18809K(18944K) NonClass: 16980K(17088K)->16980K(17088K) Class: 1828K(1856K)->1828K(1856K)
[331.966s][info][gc             ] GC(770) Pause Young (Normal) (G1 Evacuation Pause) 896M->626M(978M) 25.391ms
[331.966s][info][gc,cpu         ] GC(770) User=0.05s Sys=0.00s Real=0.02s
[332.583s][info][gc,start       ] GC(771) Pause Young (Normal) (G1 Evacuation Pause)
[332.583s][info][gc,task        ] GC(771) Using 2 workers of 2 for evacuation
[332.620s][info][gc,phases      ] GC(771)   Pre Evacuate Collection Set: 0.30ms
[332.620s][info][gc,phases      ] GC(771)   Merge Heap Roots: 0.37ms
[332.620s][info][gc,phases      ] GC(771)   Evacuate Collection Set: 35.32ms
[332.620s][info][gc,phases      ] GC(771)   Post Evacuate Collection Set: 0.56ms
[332.620s][info][gc,phases      ] GC(771)   Other: 0.11ms
[332.620s][info][gc,heap        ] GC(771) Eden regions: 282->0(253)
[332.620s][info][gc,heap        ] GC(771) Survivor regions: 12->30(37)
[332.620s][info][gc,heap        ] GC(771) Old regions: 607->607
[332.620s][info][gc,heap        ] GC(771) Humongous regions: 8->8
[332.620s][info][gc,metaspace   ] GC(771) Metaspace: 18809K(18944K)->18809K(18944K) NonClass: 16980K(17088K)->16980K(17088K) Class: 1828K(1856K)->1828K(1856K)
[332.620s][info][gc             ] GC(771) Pause Young (Normal) (G1 Evacuation Pause) 908M->643M(978M) 36.915ms
[332.620s][info][gc,cpu         ] GC(771) User=0.07s Sys=0.00s Real=0.04s
[332.742s][info][gc,marking     ] GC(768) Concurrent Mark From Roots 1648.453ms
[332.742s][info][gc,marking     ] GC(768) Concurrent Preclean
[332.742s][info][gc,marking     ] GC(768) Concurrent Preclean 0.049ms
[332.742s][info][gc,start       ] GC(768) Pause Remark
[332.751s][info][gc             ] GC(768) Pause Remark 706M->705M(978M) 8.374ms
[332.751s][info][gc,cpu         ] GC(768) User=0.02s Sys=0.00s Real=0.01s
[332.751s][info][gc,marking     ] GC(768) Concurrent Mark 1657.414ms
[332.751s][info][gc,marking     ] GC(768) Concurrent Rebuild Remembered Sets and Scrub Regions
[333.163s][info][gc,start       ] GC(772) Pause Young (Normal) (G1 Evacuation Pause)
[333.163s][info][gc,task        ] GC(772) Using 2 workers of 2 for evacuation
[333.283s][info][gc,phases      ] GC(772)   Pre Evacuate Collection Set: 0.51ms
[333.283s][info][gc,phases      ] GC(772)   Merge Heap Roots: 0.35ms
[333.283s][info][gc,phases      ] GC(772)   Evacuate Collection Set: 109.30ms
[333.283s][info][gc,phases      ] GC(772)   Post Evacuate Collection Set: 9.52ms
[333.283s][info][gc,phases      ] GC(772)   Other: 0.09ms
[333.283s][info][gc,heap        ] GC(772) Eden regions: 253->0(95)
[333.283s][info][gc,heap        ] GC(772) Survivor regions: 30->36(36)
[333.283s][info][gc,heap        ] GC(772) Old regions: 607->754
[333.283s][info][gc,heap        ] GC(772) Humongous regions: 7->7
[333.283s][info][gc,metaspace   ] GC(772) Metaspace: 18810K(18944K)->18810K(18944K) NonClass: 16981K(17088K)->16981K(17088K) Class: 1828K(1856K)->1828K(1856K)
[333.283s][info][gc             ] GC(772) Pause Young (Normal) (G1 Evacuation Pause) (Evacuation Failure: Allocation) 895M->796M(978M) 120.054ms
[333.283s][info][gc,cpu         ] GC(772) User=0.24s Sys=0.00s Real=0.12s
[333.493s][info][gc,start       ] GC(773) Pause Young (Normal) (G1 Evacuation Pause)
[333.493s][info][gc,task        ] GC(773) Using 2 workers of 2 for evacuation
[333.564s][info][gc,phases      ] GC(773)   Pre Evacuate Collection Set: 0.38ms
[333.564s][info][gc,phases      ] GC(773)   Merge Heap Roots: 0.42ms
[333.564s][info][gc,phases      ] GC(773)   Evacuate Collection Set: 69.75ms
[333.564s][info][gc,phases      ] GC(773)   Post Evacuate Collection Set: 0.50ms
[333.564s][info][gc,phases      ] GC(773)   Other: 0.09ms
[333.564s][info][gc,heap        ] GC(773) Eden regions: 95->0(171)
[333.564s][info][gc,heap        ] GC(773) Survivor regions: 36->6(17)
[333.564s][info][gc,heap        ] GC(773) Old regions: 754->719
[333.564s][info][gc,heap        ] GC(773) Humongous regions: 7->7
[333.564s][info][gc,metaspace   ] GC(773) Metaspace: 18810K(18944K)->18810K(18944K) NonClass: 16981K(17088K)->16981K(17088K) Class: 1828K(1856K)->1828K(1856K)
[333.564s][info][gc             ] GC(773) Pause Young (Normal) (G1 Evacuation Pause) 891M->730M(978M) 71.385ms
[333.564s][info][gc,cpu         ] GC(773) User=0.14s Sys=0.00s Real=0.07s
[333.577s][info][gc,marking     ] GC(768) Concurrent Rebuild Remembered Sets and Scrub Regions 825.837ms
[333.577s][info][gc,start       ] GC(768) Pause Cleanup
[333.577s][info][gc             ] GC(768) Pause Cleanup 737M->737M(978M) 0.110ms
[333.577s][info][gc,cpu         ] GC(768) User=0.00s Sys=0.00s Real=0.00s
[333.577s][info][gc,marking     ] GC(768) Concurrent Clear Claimed Marks
[333.577s][info][gc,marking     ] GC(768) Concurrent Clear Claimed Marks 0.032ms
[333.577s][info][gc,marking     ] GC(768) Concurrent Cleanup for Next Mark
[333.584s][info][gc,marking     ] GC(768) Concurrent Cleanup for Next Mark 6.928ms
[333.584s][info][gc             ] GC(768) Concurrent Mark Cycle 2605.803ms
[333.750s][info][gc,start       ] GC(774) Pause Young (Prepare Mixed) (G1 Evacuation Pause)
[333.750s][info][gc,task        ] GC(774) Using 2 workers of 2 for evacuation
[333.770s][info][gc,phases      ] GC(774)   Pre Evacuate Collection Set: 0.53ms
[333.770s][info][gc,phases      ] GC(774)   Merge Heap Roots: 0.24ms
[333.770s][info][gc,phases      ] GC(774)   Evacuate Collection Set: 18.58ms
[333.770s][info][gc,phases      ] GC(774)   Post Evacuate Collection Set: 0.57ms
[333.770s][info][gc,phases      ] GC(774)   Other: 0.11ms
[333.770s][info][gc,heap        ] GC(774) Eden regions: 171->0(180)
[333.770s][info][gc,heap        ] GC(774) Survivor regions: 6->10(23)
[333.770s][info][gc,heap        ] GC(774) Old regions: 719->717
[333.770s][info][gc,heap        ] GC(774) Humongous regions: 7->7
[333.770s][info][gc,metaspace   ] GC(774) Metaspace: 18810K(18944K)->18810K(18944K) NonClass: 16981K(17088K)->16981K(17088K) Class: 1828K(1856K)->1828K(1856K)
[333.770s][info][gc             ] GC(774) Pause Young (Prepare Mixed) (G1 Evacuation Pause) 901M->733M(978M) 20.298ms
[333.770s][info][gc,cpu         ] GC(774) User=0.04s Sys=0.00s Real=0.02s
[334.040s][info][gc,start       ] GC(775) Pause Young (Mixed) (G1 Evacuation Pause)
[334.040s][info][gc,task        ] GC(775) Using 2 workers of 2 for evacuation
[334.073s][info][gc,phases      ] GC(775)   Pre Evacuate Collection Set: 0.52ms
[334.073s][info][gc,phases      ] GC(775)   Merge Heap Roots: 0.67ms
[334.073s][info][gc,phases      ] GC(775)   Evacuate Collection Set: 31.87ms
[334.073s][info][gc,phases      ] GC(775)   Post Evacuate Collection Set: 0.46ms
[334.073s][info][gc,phases      ] GC(775)   Other: 0.10ms
[334.073s][info][gc,heap        ] GC(775) Eden regions: 180->0(189)
[334.073s][info][gc,heap        ] GC(775) Survivor regions: 10->11(24)
[334.073s][info][gc,heap        ] GC(775) Old regions: 717->710
[334.073s][info][gc,heap        ] GC(775) Humongous regions: 7->7
[334.073s][info][gc,metaspace   ] GC(775) Metaspace: 18810K(18944K)->18810K(18944K) NonClass: 16981K(17088K)->16981K(17088K) Class: 1828K(1856K)->1828K(1856K)
[334.073s][info][gc             ] GC(775) Pause Young (Mixed) (G1 Evacuation Pause) 913M->726M(978M) 33.875ms
[334.073s][info][gc,cpu         ] GC(775) User=0.07s Sys=0.00s Real=0.03s
[334.381s][info][gc,start       ] GC(776) Pause Young (Concurrent Start) (G1 Evacuation Pause)
[334.381s][info][gc,task        ] GC(776) Using 2 workers of 2 for evacuation
[334.399s][info][gc,phases      ] GC(776)   Pre Evacuate Collection Set: 0.32ms
[334.399s][info][gc,phases      ] GC(776)   Merge Heap Roots: 0.21ms
[334.399s][info][gc,phases      ] GC(776)   Evacuate Collection Set: 16.33ms
[334.399s][info][gc,phases      ] GC(776)   Post Evacuate Collection Set: 0.51ms
[334.399s][info][gc,phases      ] GC(776)   Other: 0.14ms
[334.399s][info][gc,heap        ] GC(776) Eden regions: 189->0(187)
[334.399s][info][gc,heap        ] GC(776) Survivor regions: 11->12(25)
[334.399s][info][gc,heap        ] GC(776) Old regions: 710->710
[334.399s][info][gc,heap        ] GC(776) Humongous regions: 7->7
[334.399s][info][gc,metaspace   ] GC(776) Metaspace: 18810K(18944K)->18810K(18944K) NonClass: 16982K(17088K)->16982K(17088K) Class: 1828K(1856K)->1828K(1856K)
[334.399s][info][gc             ] GC(776) Pause Young (Concurrent Start) (G1 Evacuation Pause) 915M->727M(978M) 17.787ms
[334.399s][info][gc,cpu         ] GC(776) User=0.03s Sys=0.00s Real=0.02s
[334.399s][info][gc             ] GC(777) Concurrent Mark Cycle
[334.399s][info][gc,marking     ] GC(777) Concurrent Scan Root Regions
[334.424s][info][gc,marking     ] GC(777) Concurrent Scan Root Regions 25.344ms
[334.424s][info][gc,marking     ] GC(777) Concurrent Mark
[334.424s][info][gc,marking     ] GC(777) Concurrent Mark From Roots
[334.424s][info][gc,task        ] GC(777) Using 1 workers of 1 for marking
[334.693s][info][gc,start       ] GC(778) Pause Young (Normal) (G1 Evacuation Pause)
[334.693s][info][gc,task        ] GC(778) Using 2 workers of 2 for evacuation
[334.717s][info][gc,phases      ] GC(778)   Pre Evacuate Collection Set: 0.52ms
[334.717s][info][gc,phases      ] GC(778)   Merge Heap Roots: 0.32ms
[334.717s][info][gc,phases      ] GC(778)   Evacuate Collection Set: 22.53ms
[334.717s][info][gc,phases      ] GC(778)   Post Evacuate Collection Set: 0.60ms
[334.717s][info][gc,phases      ] GC(778)   Other: 0.12ms
[334.717s][info][gc,heap        ] GC(778) Eden regions: 187->0(183)
[334.717s][info][gc,heap        ] GC(778) Survivor regions: 12->14(25)
[334.717s][info][gc,heap        ] GC(778) Old regions: 710->710
[334.717s][info][gc,heap        ] GC(778) Humongous regions: 7->7
[334.717s][info][gc,metaspace   ] GC(778) Metaspace: 18810K(18944K)->18810K(18944K) NonClass: 16982K(17088K)->16982K(17088K) Class: 1828K(1856K)->1828K(1856K)
[334.717s][info][gc             ] GC(778) Pause Young (Normal) (G1 Evacuation Pause) 914M->729M(978M) 24.352ms
[334.717s][info][gc,cpu         ] GC(778) User=0.05s Sys=0.00s Real=0.02s
[335.360s][info][gc,start       ] GC(779) Pause Young (Normal) (G1 Evacuation Pause)
[335.360s][info][gc,task        ] GC(779) Using 2 workers of 2 for evacuation
[335.424s][info][gc,phases      ] GC(779)   Pre Evacuate Collection Set: 0.51ms
[335.424s][info][gc,phases      ] GC(779)   Merge Heap Roots: 0.44ms
[335.424s][info][gc,phases      ] GC(779)   Evacuate Collection Set: 61.57ms
[335.424s][info][gc,phases      ] GC(779)   Post Evacuate Collection Set: 0.59ms
[335.424s][info][gc,phases      ] GC(779)   Other: 0.11ms
[335.424s][info][gc,heap        ] GC(779) Eden regions: 183->0(143)
[335.424s][info][gc,heap        ] GC(779) Survivor regions: 14->25(25)
[335.424s][info][gc,heap        ] GC(779) Old regions: 710->725
[335.424s][info][gc,heap        ] GC(779) Humongous regions: 10->10
[335.424s][info][gc,metaspace   ] GC(779) Metaspace: 18817K(19008K)->18817K(19008K) NonClass: 16988K(17152K)->16988K(17152K) Class: 1828K(1856K)->1828K(1856K)
[335.424s][info][gc             ] GC(779) Pause Young (Normal) (G1 Evacuation Pause) 915M->759M(978M) 63.549ms
[335.424s][info][gc,cpu         ] GC(779) User=0.12s Sys=0.00s Real=0.06s
[335.708s][info][gc,start       ] GC(780) Pause Young (Normal) (G1 Evacuation Pause)
[335.708s][info][gc,task        ] GC(780) Using 2 workers of 2 for evacuation
[335.774s][info][gc,phases      ] GC(780)   Pre Evacuate Collection Set: 0.32ms
[335.775s][info][gc,phases      ] GC(780)   Merge Heap Roots: 0.39ms
[335.775s][info][gc,phases      ] GC(780)   Evacuate Collection Set: 64.99ms
[335.775s][info][gc,phases      ] GC(780)   Post Evacuate Collection Set: 0.45ms
[335.775s][info][gc,phases      ] GC(780)   Other: 0.13ms
[335.775s][info][gc,heap        ] GC(780) Eden regions: 143->0(125)
[335.775s][info][gc,heap        ] GC(780) Survivor regions: 25->21(21)
[335.775s][info][gc,heap        ] GC(780) Old regions: 725->751
[335.775s][info][gc,heap        ] GC(780) Humongous regions: 10->10
[335.775s][info][gc,metaspace   ] GC(780) Metaspace: 18817K(19008K)->18817K(19008K) NonClass: 16988K(17152K)->16988K(17152K) Class: 1828K(1856K)->1828K(1856K)
[335.775s][info][gc             ] GC(780) Pause Young (Normal) (G1 Evacuation Pause) 902M->781M(978M) 66.561ms
[335.775s][info][gc,cpu         ] GC(780) User=0.13s Sys=0.00s Real=0.07s
[335.950s][info][gc,start       ] GC(781) Pause Young (Normal) (G1 Evacuation Pause)
[335.950s][info][gc,task        ] GC(781) Using 2 workers of 2 for evacuation
[335.980s][info][gc,phases      ] GC(781)   Pre Evacuate Collection Set: 0.31ms
[335.980s][info][gc,phases      ] GC(781)   Merge Heap Roots: 0.20ms
[335.980s][info][gc,phases      ] GC(781)   Evacuate Collection Set: 29.17ms
[335.980s][info][gc,phases      ] GC(781)   Post Evacuate Collection Set: 0.41ms
[335.980s][info][gc,phases      ] GC(781)   Other: 0.12ms
[335.980s][info][gc,heap        ] GC(781) Eden regions: 125->0(136)
[335.980s][info][gc,heap        ] GC(781) Survivor regions: 21->5(19)
[335.980s][info][gc,heap        ] GC(781) Old regions: 751->772
[335.980s][info][gc,heap        ] GC(781) Humongous regions: 10->10
[335.980s][info][gc,metaspace   ] GC(781) Metaspace: 18817K(19008K)->18817K(19008K) NonClass: 16988K(17152K)->16988K(17152K) Class: 1828K(1856K)->1828K(1856K)
[335.980s][info][gc             ] GC(781) Pause Young (Normal) (G1 Evacuation Pause) 906M->786M(978M) 30.497ms
[335.980s][info][gc,cpu         ] GC(781) User=0.06s Sys=0.00s Real=0.03s
[336.273s][info][gc,start       ] GC(782) Pause Young (Normal) (G1 Evacuation Pause)
[336.273s][info][gc,task        ] GC(782) Using 2 workers of 2 for evacuation
[336.289s][info][gc,phases      ] GC(782)   Pre Evacuate Collection Set: 0.52ms
[336.289s][info][gc,phases      ] GC(782)   Merge Heap Roots: 0.26ms
[336.289s][info][gc,phases      ] GC(782)   Evacuate Collection Set: 14.74ms
[336.289s][info][gc,phases      ] GC(782)   Post Evacuate Collection Set: 0.39ms
[336.289s][info][gc,phases      ] GC(782)   Other: 0.12ms
[336.289s][info][gc,heap        ] GC(782) Eden regions: 136->0(130)
[336.289s][info][gc,heap        ] GC(782) Survivor regions: 5->8(18)
[336.289s][info][gc,heap        ] GC(782) Old regions: 772->772
[336.289s][info][gc,heap        ] GC(782) Humongous regions: 10->10
[336.289s][info][gc,metaspace   ] GC(782) Metaspace: 18817K(19008K)->18817K(19008K) NonClass: 16988K(17152K)->16988K(17152K) Class: 1828K(1856K)->1828K(1856K)
[336.289s][info][gc             ] GC(782) Pause Young (Normal) (G1 Evacuation Pause) 922M->789M(978M) 16.271ms
[336.289s][info][gc,cpu         ] GC(782) User=0.03s Sys=0.00s Real=0.02s
[336.557s][info][gc,start       ] GC(783) Pause Young (Normal) (G1 Evacuation Pause)
[336.557s][info][gc,task        ] GC(783) Using 2 workers of 2 for evacuation
[336.578s][info][gc,phases      ] GC(783)   Pre Evacuate Collection Set: 0.52ms
[336.578s][info][gc,phases      ] GC(783)   Merge Heap Roots: 0.45ms
[336.578s][info][gc,phases      ] GC(783)   Evacuate Collection Set: 18.81ms
[336.578s][info][gc,phases      ] GC(783)   Post Evacuate Collection Set: 0.40ms
[336.578s][info][gc,phases      ] GC(783)   Other: 0.11ms
[336.578s][info][gc,heap        ] GC(783) Eden regions: 130->0(126)
[336.578s][info][gc,heap        ] GC(783) Survivor regions: 8->10(18)
[336.578s][info][gc,heap        ] GC(783) Old regions: 772->772
[336.578s][info][gc,heap        ] GC(783) Humongous regions: 10->10
[336.578s][info][gc,metaspace   ] GC(783) Metaspace: 18818K(19008K)->18818K(19008K) NonClass: 16989K(17152K)->16989K(17152K) Class: 1828K(1856K)->1828K(1856K)
[336.578s][info][gc             ] GC(783) Pause Young (Normal) (G1 Evacuation Pause) 919M->791M(978M) 20.588ms
[336.578s][info][gc,cpu         ] GC(783) User=0.04s Sys=0.00s Real=0.02s
[336.735s][info][gc,start       ] GC(784) Pause Young (Normal) (G1 Evacuation Pause)
[336.735s][info][gc,task        ] GC(784) Using 2 workers of 2 for evacuation
[336.750s][info][gc,phases      ] GC(784)   Pre Evacuate Collection Set: 0.33ms
[336.750s][info][gc,phases      ] GC(784)   Merge Heap Roots: 0.20ms
[336.750s][info][gc,phases      ] GC(784)   Evacuate Collection Set: 13.53ms
[336.750s][info][gc,phases      ] GC(784)   Post Evacuate Collection Set: 0.38ms
[336.750s][info][gc,phases      ] GC(784)   Other: 0.08ms
[336.750s][info][gc,heap        ] GC(784) Eden regions: 126->0(130)
[336.750s][info][gc,heap        ] GC(784) Survivor regions: 10->6(17)
[336.750s][info][gc,heap        ] GC(784) Old regions: 772->776
[336.750s][info][gc,heap        ] GC(784) Humongous regions: 10->10
[336.750s][info][gc,metaspace   ] GC(784) Metaspace: 18818K(19008K)->18818K(19008K) NonClass: 16989K(17152K)->16989K(17152K) Class: 1828K(1856K)->1828K(1856K)
[336.750s][info][gc             ] GC(784) Pause Young (Normal) (G1 Evacuation Pause) 917M->791M(978M) 14.766ms
[336.750s][info][gc,cpu         ] GC(784) User=0.03s Sys=0.00s Real=0.02s
[336.850s][info][gc,start       ] GC(785) Pause Young (Normal) (G1 Evacuation Pause)
[336.850s][info][gc,task        ] GC(785) Using 2 workers of 2 for evacuation
[336.860s][info][gc,phases      ] GC(785)   Pre Evacuate Collection Set: 0.31ms
[336.860s][info][gc,phases      ] GC(785)   Merge Heap Roots: 0.14ms
[336.860s][info][gc,phases      ] GC(785)   Evacuate Collection Set: 8.41ms
[336.860s][info][gc,phases      ] GC(785)   Post Evacuate Collection Set: 0.37ms
[336.860s][info][gc,phases      ] GC(785)   Other: 0.07ms
[336.860s][info][gc,heap        ] GC(785) Eden regions: 130->0(128)
[336.860s][info][gc,heap        ] GC(785) Survivor regions: 6->7(17)
[336.860s][info][gc,heap        ] GC(785) Old regions: 776->776
[336.860s][info][gc,heap        ] GC(785) Humongous regions: 10->10
[336.860s][info][gc,metaspace   ] GC(785) Metaspace: 18818K(19008K)->18818K(19008K) NonClass: 16989K(17152K)->16989K(17152K) Class: 1828K(1856K)->1828K(1856K)
[336.860s][info][gc             ] GC(785) Pause Young (Normal) (G1 Evacuation Pause) 921M->792M(978M) 9.520ms
[336.860s][info][gc,cpu         ] GC(785) User=0.02s Sys=0.00s Real=0.01s
[336.957s][info][gc,marking     ] GC(777) Concurrent Mark From Roots 2532.888ms
[336.957s][info][gc,marking     ] GC(777) Concurrent Preclean
[336.957s][info][gc,marking     ] GC(777) Concurrent Preclean 0.060ms
[336.957s][info][gc,start       ] GC(777) Pause Remark
[336.965s][info][gc             ] GC(777) Pause Remark 832M->832M(978M) 8.031ms
[336.965s][info][gc,cpu         ] GC(777) User=0.02s Sys=0.00s Real=0.01s
[336.969s][info][gc,marking     ] GC(777) Concurrent Mark 2545.184ms
[336.969s][info][gc,marking     ] GC(777) Concurrent Rebuild Remembered Sets and Scrub Regions
[337.188s][info][gc,start       ] GC(786) Pause Young (Normal) (G1 Evacuation Pause)
[337.189s][info][gc,task        ] GC(786) Using 2 workers of 2 for evacuation
[337.207s][info][gc,phases      ] GC(786)   Pre Evacuate Collection Set: 0.50ms
[337.207s][info][gc,phases      ] GC(786)   Merge Heap Roots: 0.16ms
[337.207s][info][gc,phases      ] GC(786)   Evacuate Collection Set: 17.63ms
[337.207s][info][gc,phases      ] GC(786)   Post Evacuate Collection Set: 0.42ms
[337.207s][info][gc,phases      ] GC(786)   Other: 0.09ms
[337.207s][info][gc,heap        ] GC(786) Eden regions: 128->0(114)
[337.207s][info][gc,heap        ] GC(786) Survivor regions: 7->14(17)
[337.207s][info][gc,heap        ] GC(786) Old regions: 776->776
[337.207s][info][gc,heap        ] GC(786) Humongous regions: 10->10
[337.207s][info][gc,metaspace   ] GC(786) Metaspace: 18818K(19008K)->18818K(19008K) NonClass: 16989K(17152K)->16989K(17152K) Class: 1828K(1856K)->1828K(1856K)
[337.208s][info][gc             ] GC(786) Pause Young (Normal) (G1 Evacuation Pause) 920M->799M(978M) 19.083ms
[337.208s][info][gc,cpu         ] GC(786) User=0.04s Sys=0.00s Real=0.01s
[337.483s][info][gc,start       ] GC(787) Pause Young (Normal) (G1 Evacuation Pause)
[337.483s][info][gc,task        ] GC(787) Using 2 workers of 2 for evacuation
[337.501s][info][gc,phases      ] GC(787)   Pre Evacuate Collection Set: 0.49ms
[337.501s][info][gc,phases      ] GC(787)   Merge Heap Roots: 0.19ms
[337.501s][info][gc,phases      ] GC(787)   Evacuate Collection Set: 17.40ms
[337.501s][info][gc,phases      ] GC(787)   Post Evacuate Collection Set: 0.38ms
[337.501s][info][gc,phases      ] GC(787)   Other: 0.08ms
[337.501s][info][gc,heap        ] GC(787) Eden regions: 114->0(118)
[337.501s][info][gc,heap        ] GC(787) Survivor regions: 14->9(16)
[337.501s][info][gc,heap        ] GC(787) Old regions: 776->782
[337.501s][info][gc,heap        ] GC(787) Humongous regions: 10->10
[337.501s][info][gc,metaspace   ] GC(787) Metaspace: 18818K(19008K)->18818K(19008K) NonClass: 16989K(17152K)->16989K(17152K) Class: 1828K(1856K)->1828K(1856K)
[337.501s][info][gc             ] GC(787) Pause Young (Normal) (G1 Evacuation Pause) 913M->800M(978M) 18.748ms
[337.501s][info][gc,cpu         ] GC(787) User=0.04s Sys=0.00s Real=0.02s
[337.716s][info][gc,marking     ] GC(777) Concurrent Rebuild Remembered Sets and Scrub Regions 746.202ms
[337.716s][info][gc,start       ] GC(777) Pause Cleanup
[337.716s][info][gc             ] GC(777) Pause Cleanup 841M->841M(978M) 0.112ms
[337.716s][info][gc,cpu         ] GC(777) User=0.00s Sys=0.00s Real=0.00s
[337.716s][info][gc,marking     ] GC(777) Concurrent Clear Claimed Marks
[337.716s][info][gc,marking     ] GC(777) Concurrent Clear Claimed Marks 0.030ms
[337.716s][info][gc,marking     ] GC(777) Concurrent Cleanup for Next Mark
[337.719s][info][gc,marking     ] GC(777) Concurrent Cleanup for Next Mark 2.889ms
[337.719s][info][gc             ] GC(777) Concurrent Mark Cycle 3320.215ms
[337.917s][info][gc,start       ] GC(788) Pause Young (Prepare Mixed) (G1 Evacuation Pause)
[337.917s][info][gc,task        ] GC(788) Using 2 workers of 2 for evacuation
[337.940s][info][gc,phases      ] GC(788)   Pre Evacuate Collection Set: 0.51ms
[337.940s][info][gc,phases      ] GC(788)   Merge Heap Roots: 0.19ms
[337.940s][info][gc,phases      ] GC(788)   Evacuate Collection Set: 21.95ms
[337.940s][info][gc,phases      ] GC(788)   Post Evacuate Collection Set: 0.42ms
[337.940s][info][gc,phases      ] GC(788)   Other: 0.08ms
[337.940s][info][gc,heap        ] GC(788) Eden regions: 118->0(100)
[337.940s][info][gc,heap        ] GC(788) Survivor regions: 9->16(16)
[337.940s][info][gc,heap        ] GC(788) Old regions: 782->786
[337.940s][info][gc,heap        ] GC(788) Humongous regions: 10->10
[337.940s][info][gc,metaspace   ] GC(788) Metaspace: 18818K(19008K)->18818K(19008K) NonClass: 16989K(17152K)->16989K(17152K) Class: 1828K(1856K)->1828K(1856K)
[337.940s][info][gc             ] GC(788) Pause Young (Prepare Mixed) (G1 Evacuation Pause) 918M->811M(978M) 23.378ms
[337.940s][info][gc,cpu         ] GC(788) User=0.05s Sys=0.00s Real=0.03s
[338.078s][info][gc,start       ] GC(789) Pause Young (Mixed) (G1 Evacuation Pause)
[338.078s][info][gc,task        ] GC(789) Using 2 workers of 2 for evacuation
[338.120s][info][gc,phases      ] GC(789)   Pre Evacuate Collection Set: 0.53ms
[338.120s][info][gc,phases      ] GC(789)   Merge Heap Roots: 0.29ms
[338.120s][info][gc,phases      ] GC(789)   Evacuate Collection Set: 40.43ms
[338.120s][info][gc,phases      ] GC(789)   Post Evacuate Collection Set: 0.42ms
[338.120s][info][gc,phases      ] GC(789)   Other: 0.08ms
[338.120s][info][gc,heap        ] GC(789) Eden regions: 100->0(98)
[338.120s][info][gc,heap        ] GC(789) Survivor regions: 16->12(15)
[338.120s][info][gc,heap        ] GC(789) Old regions: 786->796
[338.120s][info][gc,heap        ] GC(789) Humongous regions: 10->10
[338.120s][info][gc,metaspace   ] GC(789) Metaspace: 18818K(19008K)->18818K(19008K) NonClass: 16989K(17152K)->16989K(17152K) Class: 1828K(1856K)->1828K(1856K)
[338.120s][info][gc             ] GC(789) Pause Young (Mixed) (G1 Evacuation Pause) 911M->816M(978M) 42.063ms
[338.120s][info][gc,cpu         ] GC(789) User=0.08s Sys=0.01s Real=0.05s
[338.253s][info][gc,start       ] GC(790) Pause Young (Concurrent Start) (G1 Evacuation Pause)
[338.253s][info][gc,task        ] GC(790) Using 2 workers of 2 for evacuation
[338.266s][info][gc,phases      ] GC(790)   Pre Evacuate Collection Set: 0.36ms
[338.266s][info][gc,phases      ] GC(790)   Merge Heap Roots: 0.08ms
[338.266s][info][gc,phases      ] GC(790)   Evacuate Collection Set: 11.82ms
[338.266s][info][gc,phases      ] GC(790)   Post Evacuate Collection Set: 0.36ms
[338.266s][info][gc,phases      ] GC(790)   Other: 0.10ms
[338.266s][info][gc,heap        ] GC(790) Eden regions: 98->0(109)
[338.266s][info][gc,heap        ] GC(790) Survivor regions: 12->1(14)
[338.266s][info][gc,heap        ] GC(790) Old regions: 796->807
[338.266s][info][gc,heap        ] GC(790) Humongous regions: 10->10
[338.266s][info][gc,metaspace   ] GC(790) Metaspace: 18818K(19008K)->18818K(19008K) NonClass: 16989K(17152K)->16989K(17152K) Class: 1828K(1856K)->1828K(1856K)
[338.266s][info][gc             ] GC(790) Pause Young (Concurrent Start) (G1 Evacuation Pause) 914M->817M(978M) 12.984ms
[338.266s][info][gc,cpu         ] GC(790) User=0.02s Sys=0.00s Real=0.01s
[338.266s][info][gc             ] GC(791) Concurrent Mark Cycle
[338.266s][info][gc,marking     ] GC(791) Concurrent Scan Root Regions
[338.289s][info][gc,marking     ] GC(791) Concurrent Scan Root Regions 23.018ms
[338.289s][info][gc,marking     ] GC(791) Concurrent Mark
[338.289s][info][gc,marking     ] GC(791) Concurrent Mark From Roots
[338.289s][info][gc,task        ] GC(791) Using 1 workers of 1 for marking
[338.806s][info][gc,start       ] GC(792) Pause Young (Normal) (G1 Evacuation Pause)
[338.806s][info][gc,task        ] GC(792) Using 2 workers of 2 for evacuation
[338.807s][info][gc,phases      ] GC(792)   Pre Evacuate Collection Set: 0.29ms
[338.807s][info][gc,phases      ] GC(792)   Merge Heap Roots: 0.06ms
[338.807s][info][gc,phases      ] GC(792)   Evacuate Collection Set: 0.37ms
[338.807s][info][gc,phases      ] GC(792)   Post Evacuate Collection Set: 0.32ms
[338.807s][info][gc,phases      ] GC(792)   Other: 0.08ms
[338.808s][info][gc,heap        ] GC(792) Eden regions: 109->0(109)
[338.808s][info][gc,heap        ] GC(792) Survivor regions: 1->1(14)
[338.808s][info][gc,heap        ] GC(792) Old regions: 807->807
[338.808s][info][gc,heap        ] GC(792) Humongous regions: 10->10
[338.808s][info][gc,metaspace   ] GC(792) Metaspace: 18818K(19008K)->18818K(19008K) NonClass: 16989K(17152K)->16989K(17152K) Class: 1828K(1856K)->1828K(1856K)
[338.808s][info][gc             ] GC(792) Pause Young (Normal) (G1 Evacuation Pause) 926M->817M(978M) 1.343ms
[338.808s][info][gc,cpu         ] GC(792) User=0.00s Sys=0.00s Real=0.00s
[339.399s][info][gc,start       ] GC(793) Pause Young (Normal) (G1 Evacuation Pause)
[339.400s][info][gc,task        ] GC(793) Using 2 workers of 2 for evacuation
[339.401s][info][gc,phases      ] GC(793)   Pre Evacuate Collection Set: 0.52ms
[339.401s][info][gc,phases      ] GC(793)   Merge Heap Roots: 0.07ms
[339.401s][info][gc,phases      ] GC(793)   Evacuate Collection Set: 0.42ms
[339.401s][info][gc,phases      ] GC(793)   Post Evacuate Collection Set: 0.30ms
[339.401s][info][gc,phases      ] GC(793)   Other: 0.08ms
[339.401s][info][gc,heap        ] GC(793) Eden regions: 109->0(109)
[339.401s][info][gc,heap        ] GC(793) Survivor regions: 1->1(14)
[339.401s][info][gc,heap        ] GC(793) Old regions: 807->807
[339.401s][info][gc,heap        ] GC(793) Humongous regions: 10->10
[339.401s][info][gc,metaspace   ] GC(793) Metaspace: 18818K(19008K)->18818K(19008K) NonClass: 16989K(17152K)->16989K(17152K) Class: 1828K(1856K)->1828K(1856K)
[339.401s][info][gc             ] GC(793) Pause Young (Normal) (G1 Evacuation Pause) 926M->817M(978M) 1.638ms
[339.401s][info][gc,cpu         ] GC(793) User=0.00s Sys=0.01s Real=0.00s
[340.195s][info][gc,marking     ] GC(791) Concurrent Mark From Roots 1905.671ms
[340.195s][info][gc,marking     ] GC(791) Concurrent Preclean
[340.195s][info][gc,marking     ] GC(791) Concurrent Preclean 0.050ms
[340.195s][info][gc,start       ] GC(791) Pause Remark
[340.204s][info][gc             ] GC(791) Pause Remark 864M->736M(978M) 8.313ms
[340.204s][info][gc,cpu         ] GC(791) User=0.01s Sys=0.00s Real=0.01s
[340.204s][info][gc,marking     ] GC(791) Concurrent Mark 1914.357ms
[340.204s][info][gc,marking     ] GC(791) Concurrent Rebuild Remembered Sets and Scrub Regions
[340.680s][info][gc,start       ] GC(794) Pause Young (Normal) (G1 Evacuation Pause)
[340.680s][info][gc,task        ] GC(794) Using 2 workers of 2 for evacuation
[340.683s][info][gc,phases      ] GC(794)   Pre Evacuate Collection Set: 0.30ms
[340.683s][info][gc,phases      ] GC(794)   Merge Heap Roots: 0.11ms
[340.683s][info][gc,phases      ] GC(794)   Evacuate Collection Set: 2.11ms
[340.683s][info][gc,phases      ] GC(794)   Post Evacuate Collection Set: 0.31ms
[340.683s][info][gc,phases      ] GC(794)   Other: 0.09ms
[340.683s][info][gc,heap        ] GC(794) Eden regions: 109->0(237)
[340.683s][info][gc,heap        ] GC(794) Survivor regions: 1->1(14)
[340.683s][info][gc,heap        ] GC(794) Old regions: 682->682
[340.683s][info][gc,heap        ] GC(794) Humongous regions: 7->7
[340.683s][info][gc,metaspace   ] GC(794) Metaspace: 18818K(19008K)->18818K(19008K) NonClass: 16989K(17152K)->16989K(17152K) Class: 1828K(1856K)->1828K(1856K)
[340.683s][info][gc             ] GC(794) Pause Young (Normal) (G1 Evacuation Pause) 798M->689M(978M) 3.153ms
[340.683s][info][gc,cpu         ] GC(794) User=0.00s Sys=0.00s Real=0.00s
[340.816s][info][gc,marking     ] GC(791) Concurrent Rebuild Remembered Sets and Scrub Regions 611.897ms
[340.816s][info][gc,start       ] GC(791) Pause Cleanup
[340.816s][info][gc             ] GC(791) Pause Cleanup 715M->715M(978M) 0.155ms
[340.816s][info][gc,cpu         ] GC(791) User=0.00s Sys=0.00s Real=0.00s
[340.816s][info][gc,marking     ] GC(791) Concurrent Clear Claimed Marks
[340.816s][info][gc,marking     ] GC(791) Concurrent Clear Claimed Marks 0.038ms
[340.816s][info][gc,marking     ] GC(791) Concurrent Cleanup for Next Mark
[340.819s][info][gc,marking     ] GC(791) Concurrent Cleanup for Next Mark 2.918ms
[340.819s][info][gc             ] GC(791) Concurrent Mark Cycle 2552.875ms
[341.938s][info][gc,start       ] GC(795) Pause Young (Prepare Mixed) (G1 Evacuation Pause)
[341.938s][info][gc,task        ] GC(795) Using 2 workers of 2 for evacuation
[341.943s][info][gc,phases      ] GC(795)   Pre Evacuate Collection Set: 0.55ms
[341.943s][info][gc,phases      ] GC(795)   Merge Heap Roots: 0.14ms
[341.943s][info][gc,phases      ] GC(795)   Evacuate Collection Set: 3.78ms
[341.943s][info][gc,phases      ] GC(795)   Post Evacuate Collection Set: 0.47ms
[341.943s][info][gc,phases      ] GC(795)   Other: 0.09ms
[341.943s][info][gc,heap        ] GC(795) Eden regions: 237->0(233)
[341.943s][info][gc,heap        ] GC(795) Survivor regions: 1->3(30)
[341.943s][info][gc,heap        ] GC(795) Old regions: 682->682
[341.943s][info][gc,heap        ] GC(795) Humongous regions: 7->7
[341.943s][info][gc,metaspace   ] GC(795) Metaspace: 18828K(19008K)->18828K(19008K) NonClass: 16999K(17152K)->16999K(17152K) Class: 1828K(1856K)->1828K(1856K)
[341.943s][info][gc             ] GC(795) Pause Young (Prepare Mixed) (G1 Evacuation Pause) 926M->691M(978M) 5.251ms
[341.943s][info][gc,cpu         ] GC(795) User=0.01s Sys=0.00s Real=0.01s
[342.519s][info][gc,start       ] GC(796) Pause Young (Mixed) (G1 Evacuation Pause)
[342.519s][info][gc,task        ] GC(796) Using 2 workers of 2 for evacuation
[342.590s][info][gc,phases      ] GC(796)   Pre Evacuate Collection Set: 0.51ms
[342.590s][info][gc,phases      ] GC(796)   Merge Heap Roots: 1.29ms
[342.590s][info][gc,phases      ] GC(796)   Evacuate Collection Set: 68.13ms
[342.590s][info][gc,phases      ] GC(796)   Post Evacuate Collection Set: 0.59ms
[342.590s][info][gc,phases      ] GC(796)   Other: 0.10ms
[342.590s][info][gc,heap        ] GC(796) Eden regions: 233->0(272)
[342.590s][info][gc,heap        ] GC(796) Survivor regions: 3->3(30)
[342.590s][info][gc,heap        ] GC(796) Old regions: 682->643
[342.590s][info][gc,heap        ] GC(796) Humongous regions: 7->7
[342.590s][info][gc,metaspace   ] GC(796) Metaspace: 18838K(19008K)->18838K(19008K) NonClass: 17009K(17152K)->17009K(17152K) Class: 1828K(1856K)->1828K(1856K)
[342.590s][info][gc             ] GC(796) Pause Young (Mixed) (G1 Evacuation Pause) 924M->652M(978M) 70.827ms
[342.590s][info][gc,cpu         ] GC(796) User=0.14s Sys=0.00s Real=0.07s
[343.016s][info][gc,start       ] GC(797) Pause Young (Concurrent Start) (G1 Evacuation Pause)
[343.017s][info][gc,task        ] GC(797) Using 2 workers of 2 for evacuation
[343.102s][info][gc,phases      ] GC(797)   Pre Evacuate Collection Set: 0.42ms
[343.103s][info][gc,phases      ] GC(797)   Merge Heap Roots: 0.14ms
[343.103s][info][gc,phases      ] GC(797)   Evacuate Collection Set: 76.55ms
[343.103s][info][gc,phases      ] GC(797)   Post Evacuate Collection Set: 8.64ms
[343.103s][info][gc,phases      ] GC(797)   Other: 0.19ms
[343.103s][info][gc,heap        ] GC(797) Eden regions: 272->0(97)
[343.103s][info][gc,heap        ] GC(797) Survivor regions: 3->35(35)
[343.103s][info][gc,heap        ] GC(797) Old regions: 643->754
[343.103s][info][gc,heap        ] GC(797) Humongous regions: 7->7
[343.103s][info][gc,metaspace   ] GC(797) Metaspace: 18853K(19008K)->18853K(19008K) NonClass: 17024K(17152K)->17024K(17152K) Class: 1829K(1856K)->1829K(1856K)
[343.103s][info][gc             ] GC(797) Pause Young (Concurrent Start) (G1 Evacuation Pause) (Evacuation Failure: Allocation) 924M->795M(978M) 86.217ms
[343.103s][info][gc,cpu         ] GC(797) User=0.17s Sys=0.00s Real=0.09s
[343.103s][info][gc             ] GC(798) Concurrent Mark Cycle
[343.103s][info][gc,marking     ] GC(798) Concurrent Scan Root Regions
[343.221s][info][gc,marking     ] GC(798) Concurrent Scan Root Regions 118.739ms
[343.222s][info][gc,marking     ] GC(798) Concurrent Mark
[343.222s][info][gc,marking     ] GC(798) Concurrent Mark From Roots
[343.222s][info][gc,task        ] GC(798) Using 1 workers of 1 for marking
[343.268s][info][gc,start       ] GC(799) Pause Young (Normal) (G1 Evacuation Pause)
[343.268s][info][gc,task        ] GC(799) Using 2 workers of 2 for evacuation
[343.364s][info][gc,phases      ] GC(799)   Pre Evacuate Collection Set: 0.58ms
[343.364s][info][gc,phases      ] GC(799)   Merge Heap Roots: 0.36ms
[343.364s][info][gc,phases      ] GC(799)   Evacuate Collection Set: 94.29ms
[343.364s][info][gc,phases      ] GC(799)   Post Evacuate Collection Set: 0.60ms
[343.364s][info][gc,phases      ] GC(799)   Other: 0.09ms
[343.364s][info][gc,heap        ] GC(799) Eden regions: 97->0(155)
[343.364s][info][gc,heap        ] GC(799) Survivor regions: 35->17(17)
[343.364s][info][gc,heap        ] GC(799) Old regions: 754->729
[343.364s][info][gc,heap        ] GC(799) Humongous regions: 7->7
[343.364s][info][gc,metaspace   ] GC(799) Metaspace: 18853K(19008K)->18853K(19008K) NonClass: 17024K(17152K)->17024K(17152K) Class: 1829K(1856K)->1829K(1856K)
[343.364s][info][gc             ] GC(799) Pause Young (Normal) (G1 Evacuation Pause) 892M->752M(978M) 96.197ms
[343.364s][info][gc,cpu         ] GC(799) User=0.19s Sys=0.00s Real=0.10s
[343.682s][info][gc,start       ] GC(800) Pause Young (Normal) (G1 Evacuation Pause)
[343.682s][info][gc,task        ] GC(800) Using 2 workers of 2 for evacuation
[343.765s][info][gc,phases      ] GC(800)   Pre Evacuate Collection Set: 0.54ms
[343.765s][info][gc,phases      ] GC(800)   Merge Heap Roots: 0.25ms
[343.765s][info][gc,phases      ] GC(800)   Evacuate Collection Set: 77.98ms
[343.765s][info][gc,phases      ] GC(800)   Post Evacuate Collection Set: 3.85ms
[343.765s][info][gc,phases      ] GC(800)   Other: 0.12ms
[343.765s][info][gc,heap        ] GC(800) Eden regions: 155->0(65)
[343.765s][info][gc,heap        ] GC(800) Survivor regions: 17->22(22)
[343.765s][info][gc,heap        ] GC(800) Old regions: 729->812
[343.765s][info][gc,heap        ] GC(800) Humongous regions: 7->7
[343.765s][info][gc,metaspace   ] GC(800) Metaspace: 18853K(19008K)->18853K(19008K) NonClass: 17024K(17152K)->17024K(17152K) Class: 1829K(1856K)->1829K(1856K)
[343.765s][info][gc             ] GC(800) Pause Young (Normal) (G1 Evacuation Pause) (Evacuation Failure: Allocation) 907M->840M(978M) 82.998ms
[343.765s][info][gc,cpu         ] GC(800) User=0.17s Sys=0.00s Real=0.08s
[344.047s][info][gc,start       ] GC(801) Pause Young (Normal) (G1 Evacuation Pause)
[344.047s][info][gc,task        ] GC(801) Using 2 workers of 2 for evacuation
[344.131s][info][gc,phases      ] GC(801)   Pre Evacuate Collection Set: 0.56ms
[344.131s][info][gc,phases      ] GC(801)   Merge Heap Roots: 0.80ms
[344.131s][info][gc,phases      ] GC(801)   Evacuate Collection Set: 80.85ms
[344.131s][info][gc,phases      ] GC(801)   Post Evacuate Collection Set: 0.85ms
[344.131s][info][gc,phases      ] GC(801)   Other: 0.08ms
[344.131s][info][gc,heap        ] GC(801) Eden regions: 65->0(81)
[344.131s][info][gc,heap        ] GC(801) Survivor regions: 22->11(11)
[344.131s][info][gc,heap        ] GC(801) Old regions: 812->817
[344.131s][info][gc,heap        ] GC(801) Humongous regions: 8->8
[344.131s][info][gc,metaspace   ] GC(801) Metaspace: 18853K(19008K)->18853K(19008K) NonClass: 17024K(17152K)->17024K(17152K) Class: 1829K(1856K)->1829K(1856K)
[344.131s][info][gc             ] GC(801) Pause Young (Normal) (G1 Evacuation Pause) 906M->835M(978M) 83.418ms
[344.131s][info][gc,cpu         ] GC(801) User=0.16s Sys=0.00s Real=0.09s
[344.324s][info][gc,start       ] GC(802) Pause Young (Normal) (G1 Evacuation Pause)
[344.324s][info][gc,task        ] GC(802) Using 2 workers of 2 for evacuation
[344.385s][info][gc,phases      ] GC(802)   Pre Evacuate Collection Set: 0.32ms
[344.385s][info][gc,phases      ] GC(802)   Merge Heap Roots: 0.86ms
[344.385s][info][gc,phases      ] GC(802)   Evacuate Collection Set: 59.69ms
[344.385s][info][gc,phases      ] GC(802)   Post Evacuate Collection Set: 0.41ms
[344.385s][info][gc,phases      ] GC(802)   Other: 0.12ms
[344.385s][info][gc,heap        ] GC(802) Eden regions: 81->0(65)
[344.385s][info][gc,heap        ] GC(802) Survivor regions: 11->12(12)
[344.385s][info][gc,heap        ] GC(802) Old regions: 817->830
[344.385s][info][gc,heap        ] GC(802) Humongous regions: 9->9
[344.385s][info][gc,metaspace   ] GC(802) Metaspace: 18856K(19008K)->18856K(19008K) NonClass: 17026K(17152K)->17026K(17152K) Class: 1829K(1856K)->1829K(1856K)
[344.385s][info][gc             ] GC(802) Pause Young (Normal) (G1 Evacuation Pause) 917M->850M(978M) 61.715ms
[344.385s][info][gc,cpu         ] GC(802) User=0.12s Sys=0.00s Real=0.06s
[344.495s][info][gc,start       ] GC(803) Pause Young (Normal) (G1 Evacuation Pause)
[344.495s][info][gc,task        ] GC(803) Using 2 workers of 2 for evacuation
[344.536s][info][gc,phases      ] GC(803)   Pre Evacuate Collection Set: 0.32ms
[344.536s][info][gc,phases      ] GC(803)   Merge Heap Roots: 0.21ms
[344.536s][info][gc,phases      ] GC(803)   Evacuate Collection Set: 39.43ms
[344.536s][info][gc,phases      ] GC(803)   Post Evacuate Collection Set: 0.38ms
[344.536s][info][gc,phases      ] GC(803)   Other: 0.14ms
[344.536s][info][gc,heap        ] GC(803) Eden regions: 65->0(53)
[344.536s][info][gc,heap        ] GC(803) Survivor regions: 12->10(10)
[344.536s][info][gc,heap        ] GC(803) Old regions: 830->844
[344.536s][info][gc,heap        ] GC(803) Humongous regions: 11->11
[344.536s][info][gc,metaspace   ] GC(803) Metaspace: 18856K(19008K)->18856K(19008K) NonClass: 17026K(17152K)->17026K(17152K) Class: 1829K(1856K)->1829K(1856K)
[344.536s][info][gc             ] GC(803) Pause Young (Normal) (G1 Evacuation Pause) 917M->864M(978M) 40.761ms
[344.536s][info][gc,cpu         ] GC(803) User=0.08s Sys=0.00s Real=0.04s
[344.596s][info][gc,start       ] GC(804) Pause Young (Normal) (G1 Evacuation Pause)
[344.596s][info][gc,task        ] GC(804) Using 2 workers of 2 for evacuation
[344.617s][info][gc,phases      ] GC(804)   Pre Evacuate Collection Set: 0.55ms
[344.617s][info][gc,phases      ] GC(804)   Merge Heap Roots: 0.21ms
[344.617s][info][gc,phases      ] GC(804)   Evacuate Collection Set: 19.85ms
[344.617s][info][gc,phases      ] GC(804)   Post Evacuate Collection Set: 0.31ms
[344.617s][info][gc,phases      ] GC(804)   Other: 0.11ms
[344.617s][info][gc,heap        ] GC(804) Eden regions: 53->0(59)
[344.617s][info][gc,heap        ] GC(804) Survivor regions: 10->2(8)
[344.617s][info][gc,heap        ] GC(804) Old regions: 844->854
[344.617s][info][gc,heap        ] GC(804) Humongous regions: 11->11
[344.617s][info][gc,metaspace   ] GC(804) Metaspace: 18856K(19008K)->18856K(19008K) NonClass: 17026K(17152K)->17026K(17152K) Class: 1829K(1856K)->1829K(1856K)
[344.617s][info][gc             ] GC(804) Pause Young (Normal) (G1 Evacuation Pause) 917M->866M(978M) 21.242ms
[344.617s][info][gc,cpu         ] GC(804) User=0.04s Sys=0.00s Real=0.02s
[344.680s][info][gc,start       ] GC(805) Pause Young (Normal) (G1 Evacuation Pause)
[344.680s][info][gc,task        ] GC(805) Using 2 workers of 2 for evacuation
[344.692s][info][gc,phases      ] GC(805)   Pre Evacuate Collection Set: 0.50ms
[344.692s][info][gc,phases      ] GC(805)   Merge Heap Roots: 0.11ms
[344.692s][info][gc,phases      ] GC(805)   Evacuate Collection Set: 10.67ms
[344.692s][info][gc,phases      ] GC(805)   Post Evacuate Collection Set: 0.32ms
[344.692s][info][gc,phases      ] GC(805)   Other: 0.09ms
[344.692s][info][gc,heap        ] GC(805) Eden regions: 59->0(47)
[344.692s][info][gc,heap        ] GC(805) Survivor regions: 2->8(8)
[344.692s][info][gc,heap        ] GC(805) Old regions: 854->854
[344.692s][info][gc,heap        ] GC(805) Humongous regions: 11->11
[344.692s][info][gc,metaspace   ] GC(805) Metaspace: 18856K(19008K)->18856K(19008K) NonClass: 17026K(17152K)->17026K(17152K) Class: 1829K(1856K)->1829K(1856K)
[344.692s][info][gc             ] GC(805) Pause Young (Normal) (G1 Evacuation Pause) 925M->872M(978M) 11.926ms
[344.692s][info][gc,cpu         ] GC(805) User=0.02s Sys=0.00s Real=0.01s
[344.791s][info][gc,start       ] GC(806) Pause Young (Normal) (G1 Evacuation Pause)
[344.791s][info][gc,task        ] GC(806) Using 2 workers of 2 for evacuation
[344.808s][info][gc,phases      ] GC(806)   Pre Evacuate Collection Set: 0.31ms
[344.808s][info][gc,phases      ] GC(806)   Merge Heap Roots: 0.11ms
[344.808s][info][gc,phases      ] GC(806)   Evacuate Collection Set: 16.22ms
[344.808s][info][gc,phases      ] GC(806)   Post Evacuate Collection Set: 0.33ms
[344.808s][info][gc,phases      ] GC(806)   Other: 0.07ms
[344.808s][info][gc,heap        ] GC(806) Eden regions: 47->0(41)
[344.808s][info][gc,heap        ] GC(806) Survivor regions: 8->7(7)
[344.808s][info][gc,heap        ] GC(806) Old regions: 854->862
[344.808s][info][gc,heap        ] GC(806) Humongous regions: 11->11
[344.808s][info][gc,metaspace   ] GC(806) Metaspace: 18856K(19008K)->18856K(19008K) NonClass: 17026K(17152K)->17026K(17152K) Class: 1829K(1856K)->1829K(1856K)
[344.808s][info][gc             ] GC(806) Pause Young (Normal) (G1 Evacuation Pause) 919M->879M(978M) 17.270ms
[344.808s][info][gc,cpu         ] GC(806) User=0.04s Sys=0.00s Real=0.02s
[344.862s][info][gc,start       ] GC(807) Pause Young (Normal) (G1 Evacuation Pause)
[344.862s][info][gc,task        ] GC(807) Using 2 workers of 2 for evacuation
[344.871s][info][gc,phases      ] GC(807)   Pre Evacuate Collection Set: 0.51ms
[344.871s][info][gc,phases      ] GC(807)   Merge Heap Roots: 0.07ms
[344.871s][info][gc,phases      ] GC(807)   Evacuate Collection Set: 7.89ms
[344.871s][info][gc,phases      ] GC(807)   Post Evacuate Collection Set: 0.31ms
[344.871s][info][gc,phases      ] GC(807)   Other: 0.07ms
[344.871s][info][gc,heap        ] GC(807) Eden regions: 41->0(47)
[344.871s][info][gc,heap        ] GC(807) Survivor regions: 7->1(6)
[344.871s][info][gc,heap        ] GC(807) Old regions: 862->869
[344.871s][info][gc,heap        ] GC(807) Humongous regions: 11->11
[344.871s][info][gc,metaspace   ] GC(807) Metaspace: 18856K(19008K)->18856K(19008K) NonClass: 17026K(17152K)->17026K(17152K) Class: 1829K(1856K)->1829K(1856K)
[344.871s][info][gc             ] GC(807) Pause Young (Normal) (G1 Evacuation Pause) 920M->880M(978M) 9.097ms
[344.871s][info][gc,cpu         ] GC(807) User=0.02s Sys=0.00s Real=0.01s
[344.964s][info][gc,start       ] GC(808) Pause Young (Normal) (G1 Evacuation Pause)
[344.964s][info][gc,task        ] GC(808) Using 2 workers of 2 for evacuation
[344.970s][info][gc,phases      ] GC(808)   Pre Evacuate Collection Set: 0.51ms
[344.971s][info][gc,phases      ] GC(808)   Merge Heap Roots: 0.09ms
[344.971s][info][gc,phases      ] GC(808)   Evacuate Collection Set: 5.06ms
[344.971s][info][gc,phases      ] GC(808)   Post Evacuate Collection Set: 0.32ms
[344.971s][info][gc,phases      ] GC(808)   Other: 0.09ms
[344.971s][info][gc,heap        ] GC(808) Eden regions: 47->0(44)
[344.971s][info][gc,heap        ] GC(808) Survivor regions: 1->4(6)
[344.971s][info][gc,heap        ] GC(808) Old regions: 869->869
[344.971s][info][gc,heap        ] GC(808) Humongous regions: 11->11
[344.971s][info][gc,metaspace   ] GC(808) Metaspace: 18856K(19008K)->18856K(19008K) NonClass: 17026K(17152K)->17026K(17152K) Class: 1829K(1856K)->1829K(1856K)
[344.971s][info][gc             ] GC(808) Pause Young (Normal) (G1 Evacuation Pause) 927M->883M(978M) 6.288ms
[344.971s][info][gc,cpu         ] GC(808) User=0.01s Sys=0.00s Real=0.01s
[345.057s][info][gc,start       ] GC(809) Pause Young (Normal) (G1 Evacuation Pause)
[345.057s][info][gc,task        ] GC(809) Using 2 workers of 2 for evacuation
[345.067s][info][gc,phases      ] GC(809)   Pre Evacuate Collection Set: 0.51ms
[345.067s][info][gc,phases      ] GC(809)   Merge Heap Roots: 0.09ms
[345.067s][info][gc,phases      ] GC(809)   Evacuate Collection Set: 8.63ms
[345.067s][info][gc,phases      ] GC(809)   Post Evacuate Collection Set: 0.33ms
[345.067s][info][gc,phases      ] GC(809)   Other: 0.09ms
[345.067s][info][gc,heap        ] GC(809) Eden regions: 44->0(42)
[345.067s][info][gc,heap        ] GC(809) Survivor regions: 4->6(6)
[345.067s][info][gc,heap        ] GC(809) Old regions: 869->870
[345.067s][info][gc,heap        ] GC(809) Humongous regions: 11->11
[345.067s][info][gc,metaspace   ] GC(809) Metaspace: 18856K(19008K)->18856K(19008K) NonClass: 17026K(17152K)->17026K(17152K) Class: 1829K(1856K)->1829K(1856K)
[345.067s][info][gc             ] GC(809) Pause Young (Normal) (G1 Evacuation Pause) 927M->886M(978M) 9.875ms
[345.067s][info][gc,cpu         ] GC(809) User=0.02s Sys=0.00s Real=0.01s
[345.100s][info][gc,start       ] GC(810) Pause Young (Normal) (G1 Evacuation Pause)
[345.100s][info][gc,task        ] GC(810) Using 2 workers of 2 for evacuation
[345.114s][info][gc,phases      ] GC(810)   Pre Evacuate Collection Set: 0.29ms
[345.114s][info][gc,phases      ] GC(810)   Merge Heap Roots: 0.10ms
[345.114s][info][gc,phases      ] GC(810)   Evacuate Collection Set: 12.92ms
[345.114s][info][gc,phases      ] GC(810)   Post Evacuate Collection Set: 0.38ms
[345.114s][info][gc,phases      ] GC(810)   Other: 0.09ms
[345.114s][info][gc,heap        ] GC(810) Eden regions: 42->0(43)
[345.114s][info][gc,heap        ] GC(810) Survivor regions: 6->5(6)
[345.114s][info][gc,heap        ] GC(810) Old regions: 870->876
[345.114s][info][gc,heap        ] GC(810) Humongous regions: 11->11
[345.114s][info][gc,metaspace   ] GC(810) Metaspace: 18856K(19008K)->18856K(19008K) NonClass: 17026K(17152K)->17026K(17152K) Class: 1829K(1856K)->1829K(1856K)
[345.114s][info][gc             ] GC(810) Pause Young (Normal) (G1 Evacuation Pause) 928M->891M(978M) 14.061ms
[345.114s][info][gc,cpu         ] GC(810) User=0.02s Sys=0.00s Real=0.01s
[345.169s][info][gc,start       ] GC(811) Pause Young (Normal) (G1 Evacuation Pause)
[345.169s][info][gc,task        ] GC(811) Using 2 workers of 2 for evacuation
[345.177s][info][gc,phases      ] GC(811)   Pre Evacuate Collection Set: 0.28ms
[345.177s][info][gc,phases      ] GC(811)   Merge Heap Roots: 0.10ms
[345.177s][info][gc,phases      ] GC(811)   Evacuate Collection Set: 6.82ms
[345.177s][info][gc,phases      ] GC(811)   Post Evacuate Collection Set: 0.28ms
[345.177s][info][gc,phases      ] GC(811)   Other: 0.08ms
[345.177s][info][gc,heap        ] GC(811) Eden regions: 43->0(47)
[345.177s][info][gc,heap        ] GC(811) Survivor regions: 5->1(6)
[345.177s][info][gc,heap        ] GC(811) Old regions: 876->881
[345.177s][info][gc,heap        ] GC(811) Humongous regions: 11->11
[345.177s][info][gc,metaspace   ] GC(811) Metaspace: 18856K(19008K)->18856K(19008K) NonClass: 17026K(17152K)->17026K(17152K) Class: 1829K(1856K)->1829K(1856K)
[345.177s][info][gc             ] GC(811) Pause Young (Normal) (G1 Evacuation Pause) 934M->892M(978M) 7.804ms
[345.177s][info][gc,cpu         ] GC(811) User=0.02s Sys=0.00s Real=0.00s
[345.241s][info][gc,start       ] GC(812) Pause Young (Normal) (G1 Evacuation Pause)
[345.241s][info][gc,task        ] GC(812) Using 2 workers of 2 for evacuation
[345.244s][info][gc,phases      ] GC(812)   Pre Evacuate Collection Set: 0.51ms
[345.244s][info][gc,phases      ] GC(812)   Merge Heap Roots: 0.07ms
[345.244s][info][gc,phases      ] GC(812)   Evacuate Collection Set: 1.69ms
[345.244s][info][gc,phases      ] GC(812)   Post Evacuate Collection Set: 0.30ms
[345.244s][info][gc,phases      ] GC(812)   Other: 0.10ms
[345.244s][info][gc,heap        ] GC(812) Eden regions: 47->0(47)
[345.244s][info][gc,heap        ] GC(812) Survivor regions: 1->1(6)
[345.244s][info][gc,heap        ] GC(812) Old regions: 881->881
[345.244s][info][gc,heap        ] GC(812) Humongous regions: 11->11
[345.244s][info][gc,metaspace   ] GC(812) Metaspace: 18856K(19008K)->18856K(19008K) NonClass: 17026K(17152K)->17026K(17152K) Class: 1829K(1856K)->1829K(1856K)
[345.244s][info][gc             ] GC(812) Pause Young (Normal) (G1 Evacuation Pause) 939M->892M(978M) 2.867ms
[345.244s][info][gc,cpu         ] GC(812) User=0.01s Sys=0.00s Real=0.00s
[345.320s][info][gc,start       ] GC(813) Pause Young (Normal) (G1 Evacuation Pause)
[345.320s][info][gc,task        ] GC(813) Using 2 workers of 2 for evacuation
[345.323s][info][gc,phases      ] GC(813)   Pre Evacuate Collection Set: 0.51ms
[345.323s][info][gc,phases      ] GC(813)   Merge Heap Roots: 0.09ms
[345.323s][info][gc,phases      ] GC(813)   Evacuate Collection Set: 1.88ms
[345.323s][info][gc,phases      ] GC(813)   Post Evacuate Collection Set: 0.27ms
[345.323s][info][gc,phases      ] GC(813)   Other: 0.11ms
[345.323s][info][gc,heap        ] GC(813) Eden regions: 47->0(47)
[345.323s][info][gc,heap        ] GC(813) Survivor regions: 1->1(6)
[345.323s][info][gc,heap        ] GC(813) Old regions: 881->881
[345.323s][info][gc,heap        ] GC(813) Humongous regions: 11->11
[345.323s][info][gc,metaspace   ] GC(813) Metaspace: 18856K(19008K)->18856K(19008K) NonClass: 17026K(17152K)->17026K(17152K) Class: 1829K(1856K)->1829K(1856K)
[345.323s][info][gc             ] GC(813) Pause Young (Normal) (G1 Evacuation Pause) 939M->892M(978M) 3.077ms
[345.323s][info][gc,cpu         ] GC(813) User=0.01s Sys=0.00s Real=0.00s
[345.394s][info][gc,start       ] GC(814) Pause Young (Normal) (G1 Evacuation Pause)
[345.395s][info][gc,task        ] GC(814) Using 2 workers of 2 for evacuation
[345.397s][info][gc,phases      ] GC(814)   Pre Evacuate Collection Set: 0.29ms
[345.397s][info][gc,phases      ] GC(814)   Merge Heap Roots: 0.08ms
[345.397s][info][gc,phases      ] GC(814)   Evacuate Collection Set: 2.05ms
[345.397s][info][gc,phases      ] GC(814)   Post Evacuate Collection Set: 0.28ms
[345.397s][info][gc,phases      ] GC(814)   Other: 0.10ms
[345.397s][info][gc,heap        ] GC(814) Eden regions: 47->0(47)
[345.397s][info][gc,heap        ] GC(814) Survivor regions: 1->1(6)
[345.397s][info][gc,heap        ] GC(814) Old regions: 881->881
[345.398s][info][gc,heap        ] GC(814) Humongous regions: 11->11
[345.398s][info][gc,metaspace   ] GC(814) Metaspace: 18856K(19008K)->18856K(19008K) NonClass: 17026K(17152K)->17026K(17152K) Class: 1829K(1856K)->1829K(1856K)
[345.398s][info][gc             ] GC(814) Pause Young (Normal) (G1 Evacuation Pause) 939M->892M(978M) 3.075ms
[345.398s][info][gc,cpu         ] GC(814) User=0.00s Sys=0.00s Real=0.00s
[345.449s][info][gc,start       ] GC(815) Pause Young (Normal) (G1 Evacuation Pause)
[345.449s][info][gc,task        ] GC(815) Using 2 workers of 2 for evacuation
[345.452s][info][gc,phases      ] GC(815)   Pre Evacuate Collection Set: 0.28ms
[345.452s][info][gc,phases      ] GC(815)   Merge Heap Roots: 0.10ms
[345.452s][info][gc,phases      ] GC(815)   Evacuate Collection Set: 2.14ms
[345.452s][info][gc,phases      ] GC(815)   Post Evacuate Collection Set: 0.25ms
[345.452s][info][gc,phases      ] GC(815)   Other: 0.09ms
[345.452s][info][gc,heap        ] GC(815) Eden regions: 47->0(47)
[345.452s][info][gc,heap        ] GC(815) Survivor regions: 1->1(6)
[345.452s][info][gc,heap        ] GC(815) Old regions: 881->881
[345.452s][info][gc,heap        ] GC(815) Humongous regions: 11->11
[345.452s][info][gc,metaspace   ] GC(815) Metaspace: 18856K(19008K)->18856K(19008K) NonClass: 17026K(17152K)->17026K(17152K) Class: 1829K(1856K)->1829K(1856K)
[345.452s][info][gc             ] GC(815) Pause Young (Normal) (G1 Evacuation Pause) 939M->892M(978M) 3.091ms
[345.452s][info][gc,cpu         ] GC(815) User=0.01s Sys=0.00s Real=0.00s
[345.495s][info][gc,marking     ] GC(798) Concurrent Mark From Roots 2273.347ms
[345.495s][info][gc,marking     ] GC(798) Concurrent Preclean
[345.495s][info][gc,marking     ] GC(798) Concurrent Preclean 0.054ms
[345.497s][info][gc,start       ] GC(798) Pause Remark
[345.508s][info][metaspace      ] ChkMgr @0x00007f0d1c15e580 (non-class-space): : reclaiming memory...
[345.509s][info][metaspace      ] ChkMgr @0x00007f0d1c15e580 (non-class-space): nothing reclaimed.
[345.509s][info][metaspace      ] ChkMgr @0x00007f0d1c15c690 (class-space): : reclaiming memory...
[345.509s][info][metaspace      ] ChkMgr @0x00007f0d1c15c690 (class-space): nothing reclaimed.
[345.509s][info][gc             ] GC(798) Pause Remark 925M->852M(978M) 12.419ms
[345.509s][info][gc,cpu         ] GC(798) User=0.03s Sys=0.00s Real=0.02s
[345.510s][info][gc,marking     ] GC(798) Concurrent Mark 2288.706ms
[345.510s][info][gc,marking     ] GC(798) Concurrent Rebuild Remembered Sets and Scrub Regions
[345.543s][info][gc,start       ] GC(816) Pause Young (Normal) (G1 Evacuation Pause)
[345.543s][info][gc,task        ] GC(816) Using 2 workers of 2 for evacuation
[345.550s][info][gc,phases      ] GC(816)   Pre Evacuate Collection Set: 0.30ms
[345.550s][info][gc,phases      ] GC(816)   Merge Heap Roots: 0.11ms
[345.550s][info][gc,phases      ] GC(816)   Evacuate Collection Set: 5.90ms
[345.550s][info][gc,phases      ] GC(816)   Post Evacuate Collection Set: 0.33ms
[345.550s][info][gc,phases      ] GC(816)   Other: 0.08ms
[345.550s][info][gc,heap        ] GC(816) Eden regions: 47->0(101)
[345.550s][info][gc,heap        ] GC(816) Survivor regions: 1->4(6)
[345.550s][info][gc,heap        ] GC(816) Old regions: 810->810
[345.550s][info][gc,heap        ] GC(816) Humongous regions: 9->9
[345.550s][info][gc,metaspace   ] GC(816) Metaspace: 18849K(19008K)->18849K(19008K) NonClass: 17020K(17152K)->17020K(17152K) Class: 1829K(1856K)->1829K(1856K)
[345.550s][info][gc             ] GC(816) Pause Young (Normal) (G1 Evacuation Pause) 866M->822M(978M) 6.947ms
[345.550s][info][gc,cpu         ] GC(816) User=0.01s Sys=0.00s Real=0.01s
[345.644s][info][gc,start       ] GC(817) Pause Young (Normal) (G1 Evacuation Pause)
[345.644s][info][gc,task        ] GC(817) Using 2 workers of 2 for evacuation
[345.672s][info][gc,phases      ] GC(817)   Pre Evacuate Collection Set: 0.27ms
[345.672s][info][gc,phases      ] GC(817)   Merge Heap Roots: 0.14ms
[345.672s][info][gc,phases      ] GC(817)   Evacuate Collection Set: 27.15ms
[345.672s][info][gc,phases      ] GC(817)   Post Evacuate Collection Set: 0.33ms
[345.672s][info][gc,phases      ] GC(817)   Other: 0.16ms
[345.672s][info][gc,heap        ] GC(817) Eden regions: 101->0(70)
[345.672s][info][gc,heap        ] GC(817) Survivor regions: 4->14(14)
[345.672s][info][gc,heap        ] GC(817) Old regions: 810->821
[345.672s][info][gc,heap        ] GC(817) Humongous regions: 9->9
[345.672s][info][gc,metaspace   ] GC(817) Metaspace: 18849K(19008K)->18849K(19008K) NonClass: 17020K(17152K)->17020K(17152K) Class: 1829K(1856K)->1829K(1856K)
[345.672s][info][gc             ] GC(817) Pause Young (Normal) (G1 Evacuation Pause) 923M->843M(978M) 28.352ms
[345.672s][info][gc,cpu         ] GC(817) User=0.06s Sys=0.00s Real=0.03s
[345.738s][info][gc,start       ] GC(818) Pause Young (Normal) (G1 Evacuation Pause)
[345.738s][info][gc,task        ] GC(818) Using 2 workers of 2 for evacuation
[345.766s][info][gc,phases      ] GC(818)   Pre Evacuate Collection Set: 0.32ms
[345.766s][info][gc,phases      ] GC(818)   Merge Heap Roots: 0.16ms
[345.766s][info][gc,phases      ] GC(818)   Evacuate Collection Set: 26.28ms
[345.766s][info][gc,phases      ] GC(818)   Post Evacuate Collection Set: 0.36ms
[345.766s][info][gc,phases      ] GC(818)   Other: 0.13ms
[345.766s][info][gc,heap        ] GC(818) Eden regions: 70->0(72)
[345.766s][info][gc,heap        ] GC(818) Survivor regions: 14->6(11)
[345.766s][info][gc,heap        ] GC(818) Old regions: 821->835
[345.766s][info][gc,heap        ] GC(818) Humongous regions: 9->9
[345.766s][info][gc,metaspace   ] GC(818) Metaspace: 18849K(19008K)->18849K(19008K) NonClass: 17020K(17152K)->17020K(17152K) Class: 1829K(1856K)->1829K(1856K)
[345.766s][info][gc             ] GC(818) Pause Young (Normal) (G1 Evacuation Pause) 913M->849M(978M) 27.522ms
[345.766s][info][gc,cpu         ] GC(818) User=0.05s Sys=0.00s Real=0.03s
[345.856s][info][gc,start       ] GC(819) Pause Young (Normal) (G1 Evacuation Pause)
[345.856s][info][gc,task        ] GC(819) Using 2 workers of 2 for evacuation
[345.877s][info][gc,phases      ] GC(819)   Pre Evacuate Collection Set: 0.30ms
[345.877s][info][gc,phases      ] GC(819)   Merge Heap Roots: 0.10ms
[345.877s][info][gc,phases      ] GC(819)   Evacuate Collection Set: 20.44ms
[345.877s][info][gc,phases      ] GC(819)   Post Evacuate Collection Set: 0.38ms
[345.877s][info][gc,phases      ] GC(819)   Other: 0.12ms
[345.877s][info][gc,heap        ] GC(819) Eden regions: 72->0(52)
[345.877s][info][gc,heap        ] GC(819) Survivor regions: 6->10(10)
[345.877s][info][gc,heap        ] GC(819) Old regions: 835->847
[345.877s][info][gc,heap        ] GC(819) Humongous regions: 9->9
[345.877s][info][gc,metaspace   ] GC(819) Metaspace: 18849K(19008K)->18849K(19008K) NonClass: 17020K(17152K)->17020K(17152K) Class: 1829K(1856K)->1829K(1856K)
[345.877s][info][gc             ] GC(819) Pause Young (Normal) (G1 Evacuation Pause) 921M->865M(978M) 21.590ms
[345.877s][info][gc,cpu         ] GC(819) User=0.04s Sys=0.00s Real=0.02s
[345.937s][info][gc,start       ] GC(820) Pause Young (Normal) (G1 Evacuation Pause)
[345.937s][info][gc,task        ] GC(820) Using 2 workers of 2 for evacuation
[345.960s][info][gc,phases      ] GC(820)   Pre Evacuate Collection Set: 0.30ms
[345.960s][info][gc,phases      ] GC(820)   Merge Heap Roots: 0.18ms
[345.960s][info][gc,phases      ] GC(820)   Evacuate Collection Set: 21.69ms
[345.960s][info][gc,phases      ] GC(820)   Post Evacuate Collection Set: 0.40ms
[345.960s][info][gc,phases      ] GC(820)   Other: 0.09ms
[345.960s][info][gc,heap        ] GC(820) Eden regions: 52->0(43)
[345.960s][info][gc,heap        ] GC(820) Survivor regions: 10->8(8)
[345.960s][info][gc,heap        ] GC(820) Old regions: 847->860
[345.960s][info][gc,heap        ] GC(820) Humongous regions: 9->9
[345.960s][info][gc,metaspace   ] GC(820) Metaspace: 18849K(19008K)->18849K(19008K) NonClass: 17020K(17152K)->17020K(17152K) Class: 1829K(1856K)->1829K(1856K)
[345.960s][info][gc             ] GC(820) Pause Young (Normal) (G1 Evacuation Pause) 917M->876M(978M) 22.912ms
[345.960s][info][gc,cpu         ] GC(820) User=0.04s Sys=0.00s Real=0.03s
[346.041s][info][gc,start       ] GC(821) Pause Young (Normal) (G1 Evacuation Pause)
[346.042s][info][gc,task        ] GC(821) Using 2 workers of 2 for evacuation
[346.060s][info][gc,phases      ] GC(821)   Pre Evacuate Collection Set: 0.33ms
[346.060s][info][gc,phases      ] GC(821)   Merge Heap Roots: 0.15ms
[346.060s][info][gc,phases      ] GC(821)   Evacuate Collection Set: 17.06ms
[346.060s][info][gc,phases      ] GC(821)   Post Evacuate Collection Set: 0.33ms
[346.060s][info][gc,phases      ] GC(821)   Other: 0.12ms
[346.060s][info][gc,heap        ] GC(821) Eden regions: 43->0(41)
[346.060s][info][gc,heap        ] GC(821) Survivor regions: 8->7(7)
[346.060s][info][gc,heap        ] GC(821) Old regions: 860->870
[346.060s][info][gc,heap        ] GC(821) Humongous regions: 9->9
[346.060s][info][gc,metaspace   ] GC(821) Metaspace: 18855K(19008K)->18855K(19008K) NonClass: 17025K(17152K)->17025K(17152K) Class: 1829K(1856K)->1829K(1856K)
[346.060s][info][gc             ] GC(821) Pause Young (Normal) (G1 Evacuation Pause) 919M->885M(978M) 18.263ms
[346.060s][info][gc,cpu         ] GC(821) User=0.04s Sys=0.00s Real=0.02s
[346.098s][info][gc,start       ] GC(822) Pause Young (Normal) (G1 Evacuation Pause)
[346.098s][info][gc,task        ] GC(822) Using 2 workers of 2 for evacuation
[346.110s][info][gc,phases      ] GC(822)   Pre Evacuate Collection Set: 0.31ms
[346.110s][info][gc,phases      ] GC(822)   Merge Heap Roots: 0.14ms
[346.110s][info][gc,phases      ] GC(822)   Evacuate Collection Set: 10.84ms
[346.110s][info][gc,phases      ] GC(822)   Post Evacuate Collection Set: 0.31ms
[346.110s][info][gc,phases      ] GC(822)   Other: 0.12ms
[346.110s][info][gc,heap        ] GC(822) Eden regions: 41->0(46)
[346.110s][info][gc,heap        ] GC(822) Survivor regions: 7->2(6)
[346.110s][info][gc,heap        ] GC(822) Old regions: 870->877
[346.110s][info][gc,heap        ] GC(822) Humongous regions: 9->9
[346.110s][info][gc,metaspace   ] GC(822) Metaspace: 18855K(19008K)->18855K(19008K) NonClass: 17025K(17152K)->17025K(17152K) Class: 1829K(1856K)->1829K(1856K)
[346.110s][info][gc             ] GC(822) Pause Young (Normal) (G1 Evacuation Pause) 926M->887M(978M) 11.988ms
[346.110s][info][gc,cpu         ] GC(822) User=0.03s Sys=0.00s Real=0.02s
[346.153s][info][gc,start       ] GC(823) Pause Young (Normal) (G1 Evacuation Pause)
[346.153s][info][gc,task        ] GC(823) Using 2 workers of 2 for evacuation
[346.166s][info][gc,phases      ] GC(823)   Pre Evacuate Collection Set: 0.50ms
[346.166s][info][gc,phases      ] GC(823)   Merge Heap Roots: 0.24ms
[346.166s][info][gc,phases      ] GC(823)   Evacuate Collection Set: 11.90ms
[346.166s][info][gc,phases      ] GC(823)   Post Evacuate Collection Set: 0.43ms
[346.166s][info][gc,phases      ] GC(823)   Other: 0.10ms
[346.166s][info][gc,heap        ] GC(823) Eden regions: 46->0(43)
[346.166s][info][gc,heap        ] GC(823) Survivor regions: 2->5(6)
[346.166s][info][gc,heap        ] GC(823) Old regions: 877->877
[346.166s][info][gc,heap        ] GC(823) Humongous regions: 9->9
[346.166s][info][gc,metaspace   ] GC(823) Metaspace: 18855K(19008K)->18855K(19008K) NonClass: 17025K(17152K)->17025K(17152K) Class: 1829K(1856K)->1829K(1856K)
[346.166s][info][gc             ] GC(823) Pause Young (Normal) (G1 Evacuation Pause) 933M->890M(978M) 13.430ms
[346.166s][info][gc,cpu         ] GC(823) User=0.03s Sys=0.00s Real=0.01s
[346.276s][info][gc,start       ] GC(824) Pause Young (Normal) (G1 Evacuation Pause)
[346.277s][info][gc,task        ] GC(824) Using 2 workers of 2 for evacuation
[346.305s][info][gc,phases      ] GC(824)   Pre Evacuate Collection Set: 0.49ms
[346.305s][info][gc,phases      ] GC(824)   Merge Heap Roots: 0.39ms
[346.305s][info][gc,phases      ] GC(824)   Evacuate Collection Set: 27.28ms
[346.305s][info][gc,phases      ] GC(824)   Post Evacuate Collection Set: 0.36ms
[346.305s][info][gc,phases      ] GC(824)   Other: 0.09ms
[346.305s][info][gc,heap        ] GC(824) Eden regions: 43->0(42)
[346.305s][info][gc,heap        ] GC(824) Survivor regions: 5->6(6)
[346.305s][info][gc,heap        ] GC(824) Old regions: 877->883
[346.305s][info][gc,heap        ] GC(824) Humongous regions: 10->10
[346.305s][info][gc,metaspace   ] GC(824) Metaspace: 18855K(19008K)->18855K(19008K) NonClass: 17025K(17152K)->17025K(17152K) Class: 1829K(1856K)->1829K(1856K)
[346.305s][info][gc             ] GC(824) Pause Young (Normal) (G1 Evacuation Pause) 934M->898M(978M) 28.880ms
[346.305s][info][gc,cpu         ] GC(824) User=0.06s Sys=0.00s Real=0.03s
[346.402s][info][gc,start       ] GC(825) Pause Young (Normal) (G1 Evacuation Pause)
[346.402s][info][gc,task        ] GC(825) Using 2 workers of 2 for evacuation
[346.422s][info][gc,phases      ] GC(825)   Pre Evacuate Collection Set: 0.29ms
[346.422s][info][gc,phases      ] GC(825)   Merge Heap Roots: 0.22ms
[346.422s][info][gc,phases      ] GC(825)   Evacuate Collection Set: 18.79ms
[346.422s][info][gc,phases      ] GC(825)   Post Evacuate Collection Set: 0.34ms
[346.422s][info][gc,phases      ] GC(825)   Other: 0.10ms
[346.422s][info][gc,heap        ] GC(825) Eden regions: 42->0(43)
[346.422s][info][gc,heap        ] GC(825) Survivor regions: 6->5(6)
[346.422s][info][gc,heap        ] GC(825) Old regions: 883->889
[346.422s][info][gc,heap        ] GC(825) Humongous regions: 10->10
[346.422s][info][gc,metaspace   ] GC(825) Metaspace: 18855K(19008K)->18855K(19008K) NonClass: 17025K(17152K)->17025K(17152K) Class: 1829K(1856K)->1829K(1856K)
[346.422s][info][gc             ] GC(825) Pause Young (Normal) (G1 Evacuation Pause) 940M->903M(978M) 20.044ms
[346.422s][info][gc,cpu         ] GC(825) User=0.04s Sys=0.00s Real=0.02s
[346.468s][info][gc,start       ] GC(826) Pause Young (Normal) (G1 Evacuation Pause)
[346.468s][info][gc,task        ] GC(826) Using 2 workers of 2 for evacuation
[346.481s][info][gc,phases      ] GC(826)   Pre Evacuate Collection Set: 0.32ms
[346.481s][info][gc,phases      ] GC(826)   Merge Heap Roots: 0.16ms
[346.481s][info][gc,phases      ] GC(826)   Evacuate Collection Set: 11.78ms
[346.481s][info][gc,phases      ] GC(826)   Post Evacuate Collection Set: 0.35ms
[346.481s][info][gc,phases      ] GC(826)   Other: 0.10ms
[346.481s][info][gc,heap        ] GC(826) Eden regions: 43->0(45)
[346.481s][info][gc,heap        ] GC(826) Survivor regions: 5->3(6)
[346.481s][info][gc,heap        ] GC(826) Old regions: 889->894
[346.481s][info][gc,heap        ] GC(826) Humongous regions: 10->10
[346.481s][info][gc,metaspace   ] GC(826) Metaspace: 18855K(19008K)->18855K(19008K) NonClass: 17025K(17152K)->17025K(17152K) Class: 1829K(1856K)->1829K(1856K)
[346.481s][info][gc             ] GC(826) Pause Young (Normal) (G1 Evacuation Pause) 946M->906M(978M) 12.977ms
[346.481s][info][gc,cpu         ] GC(826) User=0.02s Sys=0.01s Real=0.02s
[346.529s][info][gc,start       ] GC(827) Pause Young (Normal) (G1 Evacuation Pause)
[346.529s][info][gc,task        ] GC(827) Using 2 workers of 2 for evacuation
[346.538s][info][gc,phases      ] GC(827)   Pre Evacuate Collection Set: 0.27ms
[346.539s][info][gc,phases      ] GC(827)   Merge Heap Roots: 0.17ms
[346.539s][info][gc,phases      ] GC(827)   Evacuate Collection Set: 8.36ms
[346.539s][info][gc,phases      ] GC(827)   Post Evacuate Collection Set: 0.34ms
[346.539s][info][gc,phases      ] GC(827)   Other: 0.10ms
[346.539s][info][gc,heap        ] GC(827) Eden regions: 45->0(44)
[346.539s][info][gc,heap        ] GC(827) Survivor regions: 3->4(6)
[346.539s][info][gc,heap        ] GC(827) Old regions: 894->894
[346.539s][info][gc,heap        ] GC(827) Humongous regions: 10->10
[346.539s][info][gc,metaspace   ] GC(827) Metaspace: 18855K(19008K)->18855K(19008K) NonClass: 17025K(17152K)->17025K(17152K) Class: 1829K(1856K)->1829K(1856K)
[346.539s][info][gc             ] GC(827) Pause Young (Normal) (G1 Evacuation Pause) 951M->907M(978M) 9.506ms
[346.539s][info][gc,cpu         ] GC(827) User=0.02s Sys=0.00s Real=0.01s
[346.601s][info][gc,start       ] GC(828) Pause Young (Normal) (G1 Evacuation Pause)
[346.601s][info][gc,task        ] GC(828) Using 2 workers of 2 for evacuation
[346.613s][info][gc,phases      ] GC(828)   Pre Evacuate Collection Set: 0.28ms
[346.613s][info][gc,phases      ] GC(828)   Merge Heap Roots: 0.21ms
[346.613s][info][gc,phases      ] GC(828)   Evacuate Collection Set: 10.34ms
[346.613s][info][gc,phases      ] GC(828)   Post Evacuate Collection Set: 0.32ms
[346.613s][info][gc,phases      ] GC(828)   Other: 0.12ms
[346.613s][info][gc,heap        ] GC(828) Eden regions: 44->0(46)
[346.613s][info][gc,heap        ] GC(828) Survivor regions: 4->2(6)
[346.613s][info][gc,heap        ] GC(828) Old regions: 894->897
[346.613s][info][gc,heap        ] GC(828) Humongous regions: 10->10
[346.613s][info][gc,metaspace   ] GC(828) Metaspace: 18857K(19008K)->18857K(19008K) NonClass: 17028K(17152K)->17028K(17152K) Class: 1829K(1856K)->1829K(1856K)
[346.613s][info][gc             ] GC(828) Pause Young (Normal) (G1 Evacuation Pause) 951M->908M(978M) 11.550ms
[346.613s][info][gc,cpu         ] GC(828) User=0.02s Sys=0.00s Real=0.01s
[346.668s][info][gc,start       ] GC(829) Pause Young (Normal) (G1 Evacuation Pause)
[346.668s][info][gc,task        ] GC(829) Using 2 workers of 2 for evacuation
[346.676s][info][gc,phases      ] GC(829)   Pre Evacuate Collection Set: 0.28ms
[346.676s][info][gc,phases      ] GC(829)   Merge Heap Roots: 0.19ms
[346.676s][info][gc,phases      ] GC(829)   Evacuate Collection Set: 6.89ms
[346.676s][info][gc,phases      ] GC(829)   Post Evacuate Collection Set: 0.34ms
[346.676s][info][gc,phases      ] GC(829)   Other: 0.11ms
[346.676s][info][gc,heap        ] GC(829) Eden regions: 46->0(46)
[346.676s][info][gc,heap        ] GC(829) Survivor regions: 2->2(6)
[346.676s][info][gc,heap        ] GC(829) Old regions: 897->897
[346.676s][info][gc,heap        ] GC(829) Humongous regions: 10->10
[346.676s][info][gc,metaspace   ] GC(829) Metaspace: 18857K(19008K)->18857K(19008K) NonClass: 17028K(17152K)->17028K(17152K) Class: 1829K(1856K)->1829K(1856K)
[346.676s][info][gc             ] GC(829) Pause Young (Normal) (G1 Evacuation Pause) 954M->908M(978M) 8.044ms
[346.676s][info][gc,cpu         ] GC(829) User=0.02s Sys=0.00s Real=0.00s
[346.684s][info][gc,marking     ] GC(798) Concurrent Rebuild Remembered Sets and Scrub Regions 1174.143ms
[346.685s][info][gc,start       ] GC(798) Pause Cleanup
[346.685s][info][gc             ] GC(798) Pause Cleanup 910M->910M(978M) 0.124ms
[346.685s][info][gc,cpu         ] GC(798) User=0.00s Sys=0.00s Real=0.00s
[346.685s][info][gc,marking     ] GC(798) Concurrent Clear Claimed Marks
[346.685s][info][gc,marking     ] GC(798) Concurrent Clear Claimed Marks 0.029ms
[346.685s][info][gc,marking     ] GC(798) Concurrent Cleanup for Next Mark
[346.688s][info][gc,marking     ] GC(798) Concurrent Cleanup for Next Mark 3.062ms
[346.688s][info][gc             ] GC(798) Concurrent Mark Cycle 3585.227ms
[346.756s][info][gc,start       ] GC(830) Pause Young (Prepare Mixed) (G1 Evacuation Pause)
[346.756s][info][gc,task        ] GC(830) Using 2 workers of 2 for evacuation
[346.766s][info][gc,phases      ] GC(830)   Pre Evacuate Collection Set: 0.54ms
[346.766s][info][gc,phases      ] GC(830)   Merge Heap Roots: 0.19ms
[346.766s][info][gc,phases      ] GC(830)   Evacuate Collection Set: 8.50ms
[346.766s][info][gc,phases      ] GC(830)   Post Evacuate Collection Set: 0.40ms
[346.766s][info][gc,phases      ] GC(830)   Other: 0.08ms
[346.766s][info][gc,heap        ] GC(830) Eden regions: 46->0(45)
[346.766s][info][gc,heap        ] GC(830) Survivor regions: 2->3(6)
[346.766s][info][gc,heap        ] GC(830) Old regions: 897->897
[346.766s][info][gc,heap        ] GC(830) Humongous regions: 10->10
[346.766s][info][gc,metaspace   ] GC(830) Metaspace: 18857K(19008K)->18857K(19008K) NonClass: 17028K(17152K)->17028K(17152K) Class: 1829K(1856K)->1829K(1856K)
[346.766s][info][gc             ] GC(830) Pause Young (Prepare Mixed) (G1 Evacuation Pause) 954M->909M(978M) 9.929ms
[346.766s][info][gc,cpu         ] GC(830) User=0.02s Sys=0.00s Real=0.01s
[346.902s][info][gc,start       ] GC(831) Pause Young (Mixed) (G1 Evacuation Pause)
[346.903s][info][gc,task        ] GC(831) Using 2 workers of 2 for evacuation
[346.995s][info][gc,phases      ] GC(831)   Pre Evacuate Collection Set: 0.38ms
[346.995s][info][gc,phases      ] GC(831)   Merge Heap Roots: 1.59ms
[346.996s][info][gc,phases      ] GC(831)   Evacuate Collection Set: 90.10ms
[346.996s][info][gc,phases      ] GC(831)   Post Evacuate Collection Set: 0.75ms
[346.996s][info][gc,phases      ] GC(831)   Other: 0.12ms
[346.996s][info][gc,heap        ] GC(831) Eden regions: 45->0(67)
[346.996s][info][gc,heap        ] GC(831) Survivor regions: 3->4(6)
[346.996s][info][gc,heap        ] GC(831) Old regions: 897->843
[346.996s][info][gc,heap        ] GC(831) Humongous regions: 10->10
[346.996s][info][gc,metaspace   ] GC(831) Metaspace: 18857K(19008K)->18857K(19008K) NonClass: 17028K(17152K)->17028K(17152K) Class: 1829K(1856K)->1829K(1856K)
[346.996s][info][gc             ] GC(831) Pause Young (Mixed) (G1 Evacuation Pause) 954M->856M(978M) 93.234ms
[346.996s][info][gc,cpu         ] GC(831) User=0.19s Sys=0.00s Real=0.09s
[347.139s][info][gc,start       ] GC(832) Pause Young (Concurrent Start) (G1 Evacuation Pause)
[347.139s][info][gc,task        ] GC(832) Using 2 workers of 2 for evacuation
[347.147s][info][gc,phases      ] GC(832)   Pre Evacuate Collection Set: 0.36ms
[347.147s][info][gc,phases      ] GC(832)   Merge Heap Roots: 0.13ms
[347.147s][info][gc,phases      ] GC(832)   Evacuate Collection Set: 6.66ms
[347.147s][info][gc,phases      ] GC(832)   Post Evacuate Collection Set: 0.37ms
[347.147s][info][gc,phases      ] GC(832)   Other: 0.18ms
[347.147s][info][gc,heap        ] GC(832) Eden regions: 67->0(67)
[347.147s][info][gc,heap        ] GC(832) Survivor regions: 4->4(9)
[347.147s][info][gc,heap        ] GC(832) Old regions: 843->843
[347.147s][info][gc,heap        ] GC(832) Humongous regions: 10->10
[347.147s][info][gc,metaspace   ] GC(832) Metaspace: 18857K(19008K)->18857K(19008K) NonClass: 17028K(17152K)->17028K(17152K) Class: 1829K(1856K)->1829K(1856K)
[347.147s][info][gc             ] GC(832) Pause Young (Concurrent Start) (G1 Evacuation Pause) 923M->856M(978M) 7.938ms
[347.147s][info][gc,cpu         ] GC(832) User=0.02s Sys=0.00s Real=0.00s
[347.147s][info][gc             ] GC(833) Concurrent Mark Cycle
[347.147s][info][gc,marking     ] GC(833) Concurrent Scan Root Regions
[347.158s][info][gc,marking     ] GC(833) Concurrent Scan Root Regions 10.526ms
[347.158s][info][gc,marking     ] GC(833) Concurrent Mark
[347.158s][info][gc,marking     ] GC(833) Concurrent Mark From Roots
[347.158s][info][gc,task        ] GC(833) Using 1 workers of 1 for marking
[347.387s][info][gc,start       ] GC(834) Pause Young (Normal) (G1 Evacuation Pause)
[347.387s][info][gc,task        ] GC(834) Using 2 workers of 2 for evacuation
[347.395s][info][gc,phases      ] GC(834)   Pre Evacuate Collection Set: 0.31ms
[347.395s][info][gc,phases      ] GC(834)   Merge Heap Roots: 0.21ms
[347.395s][info][gc,phases      ] GC(834)   Evacuate Collection Set: 7.32ms
[347.395s][info][gc,phases      ] GC(834)   Post Evacuate Collection Set: 0.34ms
[347.395s][info][gc,phases      ] GC(834)   Other: 0.12ms
[347.395s][info][gc,heap        ] GC(834) Eden regions: 67->0(67)
[347.395s][info][gc,heap        ] GC(834) Survivor regions: 4->4(9)
[347.395s][info][gc,heap        ] GC(834) Old regions: 843->843
[347.395s][info][gc,heap        ] GC(834) Humongous regions: 10->10
[347.395s][info][gc,metaspace   ] GC(834) Metaspace: 18857K(19008K)->18857K(19008K) NonClass: 17028K(17152K)->17028K(17152K) Class: 1829K(1856K)->1829K(1856K)
[347.395s][info][gc             ] GC(834) Pause Young (Normal) (G1 Evacuation Pause) 923M->856M(978M) 8.548ms
[347.395s][info][gc,cpu         ] GC(834) User=0.02s Sys=0.00s Real=0.01s
[347.583s][info][gc,start       ] GC(835) Pause Young (Normal) (G1 Evacuation Pause)
[347.583s][info][gc,task        ] GC(835) Using 2 workers of 2 for evacuation
[347.591s][info][gc,phases      ] GC(835)   Pre Evacuate Collection Set: 0.52ms
[347.591s][info][gc,phases      ] GC(835)   Merge Heap Roots: 0.18ms
[347.591s][info][gc,phases      ] GC(835)   Evacuate Collection Set: 6.53ms
[347.591s][info][gc,phases      ] GC(835)   Post Evacuate Collection Set: 0.35ms
[347.591s][info][gc,phases      ] GC(835)   Other: 0.11ms
[347.591s][info][gc,heap        ] GC(835) Eden regions: 67->0(65)
[347.591s][info][gc,heap        ] GC(835) Survivor regions: 4->5(9)
[347.591s][info][gc,heap        ] GC(835) Old regions: 843->843
[347.591s][info][gc,heap        ] GC(835) Humongous regions: 10->10
[347.591s][info][gc,metaspace   ] GC(835) Metaspace: 18857K(19008K)->18857K(19008K) NonClass: 17028K(17152K)->17028K(17152K) Class: 1829K(1856K)->1829K(1856K)
[347.591s][info][gc             ] GC(835) Pause Young (Normal) (G1 Evacuation Pause) 923M->857M(978M) 7.931ms
[347.591s][info][gc,cpu         ] GC(835) User=0.02s Sys=0.00s Real=0.01s
[347.718s][info][gc,start       ] GC(836) Pause Young (Normal) (G1 Evacuation Pause)
[347.718s][info][gc,task        ] GC(836) Using 2 workers of 2 for evacuation
[347.741s][info][gc,phases      ] GC(836)   Pre Evacuate Collection Set: 0.51ms
[347.741s][info][gc,phases      ] GC(836)   Merge Heap Roots: 0.15ms
[347.741s][info][gc,phases      ] GC(836)   Evacuate Collection Set: 22.06ms
[347.741s][info][gc,phases      ] GC(836)   Post Evacuate Collection Set: 0.36ms
[347.741s][info][gc,phases      ] GC(836)   Other: 0.11ms
[347.741s][info][gc,heap        ] GC(836) Eden regions: 65->0(47)
[347.741s][info][gc,heap        ] GC(836) Survivor regions: 5->9(9)
[347.741s][info][gc,heap        ] GC(836) Old regions: 843->853
[347.741s][info][gc,heap        ] GC(836) Humongous regions: 10->10
[347.741s][info][gc,metaspace   ] GC(836) Metaspace: 18857K(19008K)->18857K(19008K) NonClass: 17028K(17152K)->17028K(17152K) Class: 1829K(1856K)->1829K(1856K)
[347.741s][info][gc             ] GC(836) Pause Young (Normal) (G1 Evacuation Pause) 922M->871M(978M) 23.435ms
[347.741s][info][gc,cpu         ] GC(836) User=0.04s Sys=0.00s Real=0.03s
[347.901s][info][gc,start       ] GC(837) Pause Young (Normal) (G1 Evacuation Pause)
[347.901s][info][gc,task        ] GC(837) Using 2 workers of 2 for evacuation
[347.930s][info][gc,phases      ] GC(837)   Pre Evacuate Collection Set: 0.52ms
[347.930s][info][gc,phases      ] GC(837)   Merge Heap Roots: 0.14ms
[347.930s][info][gc,phases      ] GC(837)   Evacuate Collection Set: 27.54ms
[347.930s][info][gc,phases      ] GC(837)   Post Evacuate Collection Set: 0.34ms
[347.930s][info][gc,phases      ] GC(837)   Other: 0.10ms
[347.930s][info][gc,heap        ] GC(837) Eden regions: 47->0(41)
[347.930s][info][gc,heap        ] GC(837) Survivor regions: 9->7(7)
[347.930s][info][gc,heap        ] GC(837) Old regions: 853->872
[347.930s][info][gc,heap        ] GC(837) Humongous regions: 10->10
[347.930s][info][gc,metaspace   ] GC(837) Metaspace: 18857K(19008K)->18857K(19008K) NonClass: 17028K(17152K)->17028K(17152K) Class: 1829K(1856K)->1829K(1856K)
[347.930s][info][gc             ] GC(837) Pause Young (Normal) (G1 Evacuation Pause) 918M->888M(978M) 28.878ms
[347.930s][info][gc,cpu         ] GC(837) User=0.06s Sys=0.00s Real=0.03s
[347.934s][info][gc,marking     ] GC(833) Concurrent Mark From Roots 776.134ms
[347.934s][info][gc,marking     ] GC(833) Concurrent Preclean
[347.934s][info][gc,marking     ] GC(833) Concurrent Preclean 0.043ms
[347.934s][info][gc,start       ] GC(833) Pause Remark
[347.946s][info][metaspace      ] ChkMgr @0x00007f0d1c15e580 (non-class-space): : reclaiming memory...
[347.946s][info][metaspace      ] ChkMgr @0x00007f0d1c15e580 (non-class-space): nothing reclaimed.
[347.946s][info][metaspace      ] ChkMgr @0x00007f0d1c15c690 (class-space): : reclaiming memory...
[347.946s][info][metaspace      ] ChkMgr @0x00007f0d1c15c690 (class-space): nothing reclaimed.
[347.946s][info][gc             ] GC(833) Pause Remark 889M->373M(978M) 12.306ms
[347.946s][info][gc,cpu         ] GC(833) User=0.03s Sys=0.00s Real=0.01s
[347.948s][info][gc,marking     ] GC(833) Concurrent Mark 790.679ms
[347.948s][info][gc,marking     ] GC(833) Concurrent Rebuild Remembered Sets and Scrub Regions
[348.001s][info][gc,start       ] GC(838) Pause Young (Normal) (G1 Evacuation Pause)
[348.001s][info][gc,task        ] GC(838) Using 2 workers of 2 for evacuation
[348.025s][info][gc,phases      ] GC(838)   Pre Evacuate Collection Set: 0.30ms
[348.025s][info][gc,phases      ] GC(838)   Merge Heap Roots: 0.06ms
[348.025s][info][gc,phases      ] GC(838)   Evacuate Collection Set: 22.66ms
[348.025s][info][gc,phases      ] GC(838)   Post Evacuate Collection Set: 0.42ms
[348.025s][info][gc,phases      ] GC(838)   Other: 0.10ms
[348.025s][info][gc,heap        ] GC(838) Eden regions: 41->0(481)
[348.025s][info][gc,heap        ] GC(838) Survivor regions: 7->6(6)
[348.025s][info][gc,heap        ] GC(838) Old regions: 363->381
[348.025s][info][gc,heap        ] GC(838) Humongous regions: 3->3
[348.025s][info][gc,metaspace   ] GC(838) Metaspace: 18853K(19008K)->18853K(19008K) NonClass: 17024K(17152K)->17024K(17152K) Class: 1829K(1856K)->1829K(1856K)
[348.025s][info][gc             ] GC(838) Pause Young (Normal) (G1 Evacuation Pause) 413M->389M(978M) 23.784ms
[348.025s][info][gc,cpu         ] GC(838) User=0.05s Sys=0.00s Real=0.02s
[348.291s][info][gc,marking     ] GC(833) Concurrent Rebuild Remembered Sets and Scrub Regions 342.565ms
[348.291s][info][gc,start       ] GC(833) Pause Cleanup
[348.291s][info][gc             ] GC(833) Pause Cleanup 520M->520M(978M) 0.141ms
[348.291s][info][gc,cpu         ] GC(833) User=0.00s Sys=0.00s Real=0.00s
[348.291s][info][gc,marking     ] GC(833) Concurrent Clear Claimed Marks
[348.291s][info][gc,marking     ] GC(833) Concurrent Clear Claimed Marks 0.032ms
[348.291s][info][gc,marking     ] GC(833) Concurrent Cleanup for Next Mark
[348.294s][info][gc,marking     ] GC(833) Concurrent Cleanup for Next Mark 2.978ms
[348.294s][info][gc             ] GC(833) Concurrent Mark Cycle 1147.386ms
[348.728s][info][gc,start       ] GC(839) Pause Young (Prepare Mixed) (G1 Evacuation Pause)
[348.728s][info][gc,task        ] GC(839) Using 2 workers of 2 for evacuation
[348.804s][info][gc,phases      ] GC(839)   Pre Evacuate Collection Set: 0.35ms
[348.804s][info][gc,phases      ] GC(839)   Merge Heap Roots: 0.29ms
[348.804s][info][gc,phases      ] GC(839)   Evacuate Collection Set: 74.06ms
[348.804s][info][gc,phases      ] GC(839)   Post Evacuate Collection Set: 0.78ms
[348.804s][info][gc,phases      ] GC(839)   Other: 0.11ms
[348.804s][info][gc,heap        ] GC(839) Eden regions: 481->0(419)
[348.804s][info][gc,heap        ] GC(839) Survivor regions: 6->61(61)
[348.804s][info][gc,heap        ] GC(839) Old regions: 381->381
[348.804s][info][gc,heap        ] GC(839) Humongous regions: 4->4
[348.804s][info][gc,metaspace   ] GC(839) Metaspace: 18853K(19008K)->18853K(19008K) NonClass: 17024K(17152K)->17024K(17152K) Class: 1829K(1856K)->1829K(1856K)
[348.804s][info][gc             ] GC(839) Pause Young (Prepare Mixed) (G1 Evacuation Pause) 871M->445M(978M) 75.871ms
[348.804s][info][gc,cpu         ] GC(839) User=0.15s Sys=0.00s Real=0.08s
[349.339s][info][gc,start       ] GC(840) Pause Young (Mixed) (G1 Evacuation Pause)
[349.339s][info][gc,task        ] GC(840) Using 2 workers of 2 for evacuation
[349.648s][info][gc,mmu         ] GC(840) MMU target violated: 201.0ms (200.0ms/201.0ms)
[349.648s][info][gc,phases      ] GC(840)   Pre Evacuate Collection Set: 0.36ms
[349.648s][info][gc,phases      ] GC(840)   Merge Heap Roots: 0.42ms
[349.648s][info][gc,phases      ] GC(840)   Evacuate Collection Set: 279.58ms
[349.648s][info][gc,phases      ] GC(840)   Post Evacuate Collection Set: 29.11ms
[349.648s][info][gc,phases      ] GC(840)   Other: 0.21ms
[349.648s][info][gc,heap        ] GC(840) Eden regions: 419->0(180)
[349.648s][info][gc,heap        ] GC(840) Survivor regions: 61->60(60)
[349.648s][info][gc,heap        ] GC(840) Old regions: 381->623
[349.649s][info][gc,heap        ] GC(840) Humongous regions: 5->5
[349.649s][info][gc,metaspace   ] GC(840) Metaspace: 18854K(19008K)->18854K(19008K) NonClass: 17024K(17152K)->17024K(17152K) Class: 1829K(1856K)->1829K(1856K)
[349.649s][info][gc             ] GC(840) Pause Young (Mixed) (G1 Evacuation Pause) (Evacuation Failure: Allocation) 865M->687M(978M) 309.896ms
[349.649s][info][gc,cpu         ] GC(840) User=0.61s Sys=0.00s Real=0.31s
[349.676s][info][gc,start       ] GC(841) Pause Young (Mixed) (G1 Evacuation Pause)
[349.676s][info][gc,task        ] GC(841) Using 2 workers of 2 for evacuation
[349.786s][info][gc,phases      ] GC(841)   Pre Evacuate Collection Set: 0.54ms
[349.786s][info][gc,phases      ] GC(841)   Merge Heap Roots: 1.49ms
[349.786s][info][gc,phases      ] GC(841)   Evacuate Collection Set: 82.86ms
[349.786s][info][gc,phases      ] GC(841)   Merge Optional Heap Roots: 0.15ms
[349.786s][info][gc,phases      ] GC(841)   Evacuate Optional Collection Set: 23.47ms
[349.786s][info][gc,phases      ] GC(841)   Post Evacuate Collection Set: 0.97ms
[349.786s][info][gc,phases      ] GC(841)   Other: 0.16ms
[349.786s][info][gc,heap        ] GC(841) Eden regions: 11->0(272)
[349.786s][info][gc,heap        ] GC(841) Survivor regions: 60->1(9)
[349.786s][info][gc,heap        ] GC(841) Old regions: 623->576
[349.786s][info][gc,heap        ] GC(841) Humongous regions: 5->5
[349.786s][info][gc,metaspace   ] GC(841) Metaspace: 18854K(19008K)->18854K(19008K) NonClass: 17024K(17152K)->17024K(17152K) Class: 1829K(1856K)->1829K(1856K)
[349.786s][info][gc             ] GC(841) Pause Young (Mixed) (G1 Evacuation Pause) 698M->581M(978M) 109.928ms
[349.786s][info][gc,cpu         ] GC(841) User=0.22s Sys=0.00s Real=0.11s
[349.986s][info][gc,start       ] GC(842) Pause Young (Mixed) (G1 Evacuation Pause)
[349.986s][info][gc,task        ] GC(842) Using 2 workers of 2 for evacuation
[350.042s][info][gc,phases      ] GC(842)   Pre Evacuate Collection Set: 0.34ms
[350.042s][info][gc,phases      ] GC(842)   Merge Heap Roots: 0.36ms
[350.042s][info][gc,phases      ] GC(842)   Evacuate Collection Set: 54.05ms
[350.042s][info][gc,phases      ] GC(842)   Post Evacuate Collection Set: 1.37ms
[350.042s][info][gc,phases      ] GC(842)   Other: 0.10ms
[350.042s][info][gc,heap        ] GC(842) Eden regions: 272->0(289)
[350.042s][info][gc,heap        ] GC(842) Survivor regions: 1->16(35)
[350.042s][info][gc,heap        ] GC(842) Old regions: 576->559
[350.042s][info][gc,heap        ] GC(842) Humongous regions: 5->5
[350.042s][info][gc,metaspace   ] GC(842) Metaspace: 18854K(19008K)->18854K(19008K) NonClass: 17025K(17152K)->17025K(17152K) Class: 1829K(1856K)->1829K(1856K)
[350.042s][info][gc             ] GC(842) Pause Young (Mixed) (G1 Evacuation Pause) 853M->579M(978M) 56.507ms
[350.042s][info][gc,cpu         ] GC(842) User=0.11s Sys=0.00s Real=0.06s
[350.279s][info][gc,start       ] GC(843) Pause Young (Concurrent Start) (G1 Evacuation Pause)
[350.279s][info][gc,task        ] GC(843) Using 2 workers of 2 for evacuation
[350.403s][info][gc,phases      ] GC(843)   Pre Evacuate Collection Set: 0.34ms
[350.403s][info][gc,phases      ] GC(843)   Merge Heap Roots: 0.20ms
[350.403s][info][gc,phases      ] GC(843)   Evacuate Collection Set: 118.52ms
[350.403s][info][gc,phases      ] GC(843)   Post Evacuate Collection Set: 4.26ms
[350.403s][info][gc,phases      ] GC(843)   Other: 0.11ms
[350.403s][info][gc,heap        ] GC(843) Eden regions: 289->0(194)
[350.403s][info][gc,heap        ] GC(843) Survivor regions: 16->39(39)
[350.403s][info][gc,heap        ] GC(843) Old regions: 559->626
[350.403s][info][gc,heap        ] GC(843) Humongous regions: 5->5
[350.403s][info][gc,metaspace   ] GC(843) Metaspace: 18854K(19008K)->18854K(19008K) NonClass: 17025K(17152K)->17025K(17152K) Class: 1829K(1856K)->1829K(1856K)
[350.403s][info][gc             ] GC(843) Pause Young (Concurrent Start) (G1 Evacuation Pause) (Evacuation Failure: Allocation) 868M->669M(978M) 123.727ms
[350.403s][info][gc,cpu         ] GC(843) User=0.24s Sys=0.00s Real=0.12s
[350.403s][info][gc             ] GC(844) Concurrent Mark Cycle
[350.403s][info][gc,marking     ] GC(844) Concurrent Scan Root Regions
[350.583s][info][gc,marking     ] GC(844) Concurrent Scan Root Regions 180.298ms
[350.583s][info][gc,marking     ] GC(844) Concurrent Mark
[350.583s][info][gc,marking     ] GC(844) Concurrent Mark From Roots
[350.583s][info][gc,task        ] GC(844) Using 1 workers of 1 for marking
[350.790s][info][gc,start       ] GC(845) Pause Young (Normal) (G1 Evacuation Pause)
[350.790s][info][gc,task        ] GC(845) Using 2 workers of 2 for evacuation
[350.875s][info][gc,phases      ] GC(845)   Pre Evacuate Collection Set: 0.54ms
[350.875s][info][gc,phases      ] GC(845)   Merge Heap Roots: 0.47ms
[350.875s][info][gc,phases      ] GC(845)   Evacuate Collection Set: 82.48ms
[350.875s][info][gc,phases      ] GC(845)   Post Evacuate Collection Set: 0.59ms
[350.875s][info][gc,phases      ] GC(845)   Other: 0.11ms
[350.875s][info][gc,heap        ] GC(845) Eden regions: 194->0(214)
[350.875s][info][gc,heap        ] GC(845) Survivor regions: 39->19(30)
[350.875s][info][gc,heap        ] GC(845) Old regions: 626->632
[350.875s][info][gc,heap        ] GC(845) Humongous regions: 5->5
[350.875s][info][gc,metaspace   ] GC(845) Metaspace: 18854K(19008K)->18854K(19008K) NonClass: 17025K(17152K)->17025K(17152K) Class: 1829K(1856K)->1829K(1856K)
[350.875s][info][gc             ] GC(845) Pause Young (Normal) (G1 Evacuation Pause) 863M->654M(978M) 84.438ms
[350.875s][info][gc,cpu         ] GC(845) User=0.16s Sys=0.00s Real=0.08s
[351.270s][info][gc,start       ] GC(846) Pause Young (Normal) (G1 Evacuation Pause)
[351.270s][info][gc,task        ] GC(846) Using 2 workers of 2 for evacuation
[351.406s][info][gc,phases      ] GC(846)   Pre Evacuate Collection Set: 0.53ms
[351.406s][info][gc,phases      ] GC(846)   Merge Heap Roots: 0.43ms
[351.406s][info][gc,phases      ] GC(846)   Evacuate Collection Set: 131.45ms
[351.406s][info][gc,phases      ] GC(846)   Post Evacuate Collection Set: 3.69ms
[351.406s][info][gc,phases      ] GC(846)   Other: 0.12ms
[351.406s][info][gc,heap        ] GC(846) Eden regions: 214->0(113)
[351.406s][info][gc,heap        ] GC(846) Survivor regions: 19->30(30)
[351.406s][info][gc,heap        ] GC(846) Old regions: 632->747
[351.406s][info][gc,heap        ] GC(846) Humongous regions: 8->8
[351.406s][info][gc,metaspace   ] GC(846) Metaspace: 18854K(19008K)->18854K(19008K) NonClass: 17025K(17152K)->17025K(17152K) Class: 1829K(1856K)->1829K(1856K)
[351.406s][info][gc             ] GC(846) Pause Young (Normal) (G1 Evacuation Pause) (Evacuation Failure: Allocation) 871M->784M(978M) 136.470ms
[351.406s][info][gc,cpu         ] GC(846) User=0.27s Sys=0.00s Real=0.13s
[351.543s][info][gc,start       ] GC(847) Pause Young (Normal) (G1 Evacuation Pause)
[351.543s][info][gc,task        ] GC(847) Using 2 workers of 2 for evacuation
[351.643s][info][gc,phases      ] GC(847)   Pre Evacuate Collection Set: 0.30ms
[351.643s][info][gc,phases      ] GC(847)   Merge Heap Roots: 0.49ms
[351.643s][info][gc,phases      ] GC(847)   Evacuate Collection Set: 97.34ms
[351.643s][info][gc,phases      ] GC(847)   Post Evacuate Collection Set: 1.25ms
[351.643s][info][gc,phases      ] GC(847)   Other: 0.10ms
[351.643s][info][gc,heap        ] GC(847) Eden regions: 113->0(100)
[351.643s][info][gc,heap        ] GC(847) Survivor regions: 30->18(18)
[351.643s][info][gc,heap        ] GC(847) Old regions: 747->779
[351.643s][info][gc,heap        ] GC(847) Humongous regions: 8->8
[351.643s][info][gc,metaspace   ] GC(847) Metaspace: 18854K(19008K)->18854K(19008K) NonClass: 17025K(17152K)->17025K(17152K) Class: 1829K(1856K)->1829K(1856K)
[351.643s][info][gc             ] GC(847) Pause Young (Normal) (G1 Evacuation Pause) (Evacuation Failure: Allocation) 897M->804M(978M) 99.720ms
[351.643s][info][gc,cpu         ] GC(847) User=0.20s Sys=0.00s Real=0.10s
[351.774s][info][gc,start       ] GC(848) Pause Young (Normal) (G1 Evacuation Pause)
[351.774s][info][gc,task        ] GC(848) Using 2 workers of 2 for evacuation
[351.821s][info][gc,phases      ] GC(848)   Pre Evacuate Collection Set: 0.31ms
[351.821s][info][gc,phases      ] GC(848)   Merge Heap Roots: 0.42ms
[351.821s][info][gc,phases      ] GC(848)   Evacuate Collection Set: 45.60ms
[351.821s][info][gc,phases      ] GC(848)   Post Evacuate Collection Set: 0.40ms
[351.821s][info][gc,phases      ] GC(848)   Other: 0.09ms
[351.821s][info][gc,heap        ] GC(848) Eden regions: 100->0(101)
[351.821s][info][gc,heap        ] GC(848) Survivor regions: 18->14(15)
[351.821s][info][gc,heap        ] GC(848) Old regions: 779->790
[351.821s][info][gc,heap        ] GC(848) Humongous regions: 8->8
[351.821s][info][gc,metaspace   ] GC(848) Metaspace: 18854K(19008K)->18854K(19008K) NonClass: 17025K(17152K)->17025K(17152K) Class: 1829K(1856K)->1829K(1856K)
[351.821s][info][gc             ] GC(848) Pause Young (Normal) (G1 Evacuation Pause) 904M->810M(978M) 47.076ms
[351.821s][info][gc,cpu         ] GC(848) User=0.10s Sys=0.00s Real=0.05s
[351.945s][info][gc,start       ] GC(849) Pause Young (Normal) (G1 Evacuation Pause)
[351.945s][info][gc,task        ] GC(849) Using 2 workers of 2 for evacuation
[351.976s][info][gc,phases      ] GC(849)   Pre Evacuate Collection Set: 0.33ms
[351.976s][info][gc,phases      ] GC(849)   Merge Heap Roots: 0.21ms
[351.976s][info][gc,phases      ] GC(849)   Evacuate Collection Set: 29.80ms
[351.976s][info][gc,phases      ] GC(849)   Post Evacuate Collection Set: 0.37ms
[351.976s][info][gc,phases      ] GC(849)   Other: 0.10ms
[351.976s][info][gc,heap        ] GC(849) Eden regions: 101->0(95)
[351.976s][info][gc,heap        ] GC(849) Survivor regions: 14->11(15)
[351.976s][info][gc,heap        ] GC(849) Old regions: 790->803
[351.976s][info][gc,heap        ] GC(849) Humongous regions: 8->8
[351.976s][info][gc,metaspace   ] GC(849) Metaspace: 18854K(19008K)->18854K(19008K) NonClass: 17025K(17152K)->17025K(17152K) Class: 1829K(1856K)->1829K(1856K)
[351.976s][info][gc             ] GC(849) Pause Young (Normal) (G1 Evacuation Pause) 911M->821M(978M) 31.078ms
[351.976s][info][gc,cpu         ] GC(849) User=0.06s Sys=0.00s Real=0.03s
[352.072s][info][gc,start       ] GC(850) Pause Young (Normal) (G1 Evacuation Pause)
[352.072s][info][gc,task        ] GC(850) Using 2 workers of 2 for evacuation
[352.097s][info][gc,phases      ] GC(850)   Pre Evacuate Collection Set: 0.29ms
[352.097s][info][gc,phases      ] GC(850)   Merge Heap Roots: 0.29ms
[352.097s][info][gc,phases      ] GC(850)   Evacuate Collection Set: 24.08ms
[352.097s][info][gc,phases      ] GC(850)   Post Evacuate Collection Set: 0.43ms
[352.097s][info][gc,phases      ] GC(850)   Other: 0.08ms
[352.097s][info][gc,heap        ] GC(850) Eden regions: 95->0(96)
[352.097s][info][gc,heap        ] GC(850) Survivor regions: 11->5(14)
[352.097s][info][gc,heap        ] GC(850) Old regions: 803->814
[352.097s][info][gc,heap        ] GC(850) Humongous regions: 8->8
[352.097s][info][gc,metaspace   ] GC(850) Metaspace: 18854K(19008K)->18854K(19008K) NonClass: 17025K(17152K)->17025K(17152K) Class: 1829K(1856K)->1829K(1856K)
[352.097s][info][gc             ] GC(850) Pause Young (Normal) (G1 Evacuation Pause) 916M->826M(978M) 25.436ms
[352.097s][info][gc,cpu         ] GC(850) User=0.05s Sys=0.00s Real=0.02s
[352.213s][info][gc,start       ] GC(851) Pause Young (Normal) (G1 Evacuation Pause)
[352.213s][info][gc,task        ] GC(851) Using 2 workers of 2 for evacuation
[352.255s][info][gc,phases      ] GC(851)   Pre Evacuate Collection Set: 0.29ms
[352.255s][info][gc,phases      ] GC(851)   Merge Heap Roots: 0.33ms
[352.255s][info][gc,phases      ] GC(851)   Evacuate Collection Set: 40.86ms
[352.255s][info][gc,phases      ] GC(851)   Post Evacuate Collection Set: 0.40ms
[352.255s][info][gc,phases      ] GC(851)   Other: 0.10ms
[352.255s][info][gc,heap        ] GC(851) Eden regions: 96->0(68)
[352.255s][info][gc,heap        ] GC(851) Survivor regions: 5->13(13)
[352.255s][info][gc,heap        ] GC(851) Old regions: 814->823
[352.255s][info][gc,heap        ] GC(851) Humongous regions: 11->11
[352.255s][info][gc,metaspace   ] GC(851) Metaspace: 18854K(19008K)->18854K(19008K) NonClass: 17025K(17152K)->17025K(17152K) Class: 1829K(1856K)->1829K(1856K)
[352.255s][info][gc             ] GC(851) Pause Young (Normal) (G1 Evacuation Pause) 925M->846M(978M) 42.234ms
[352.255s][info][gc,cpu         ] GC(851) User=0.09s Sys=0.00s Real=0.04s
[352.354s][info][gc,start       ] GC(852) Pause Young (Normal) (G1 Evacuation Pause)
[352.354s][info][gc,task        ] GC(852) Using 2 workers of 2 for evacuation
[352.378s][info][gc,phases      ] GC(852)   Pre Evacuate Collection Set: 0.52ms
[352.378s][info][gc,phases      ] GC(852)   Merge Heap Roots: 0.23ms
[352.378s][info][gc,phases      ] GC(852)   Evacuate Collection Set: 23.11ms
[352.378s][info][gc,phases      ] GC(852)   Post Evacuate Collection Set: 0.34ms
[352.378s][info][gc,phases      ] GC(852)   Other: 0.09ms
[352.378s][info][gc,heap        ] GC(852) Eden regions: 68->0(78)
[352.378s][info][gc,heap        ] GC(852) Survivor regions: 13->1(11)
[352.378s][info][gc,heap        ] GC(852) Old regions: 823->837
[352.378s][info][gc,heap        ] GC(852) Humongous regions: 11->11
[352.378s][info][gc,metaspace   ] GC(852) Metaspace: 18854K(19008K)->18854K(19008K) NonClass: 17025K(17152K)->17025K(17152K) Class: 1829K(1856K)->1829K(1856K)
[352.378s][info][gc             ] GC(852) Pause Young (Normal) (G1 Evacuation Pause) 914M->848M(978M) 24.568ms
[352.378s][info][gc,cpu         ] GC(852) User=0.04s Sys=0.00s Real=0.03s
[352.387s][info][gc,marking     ] GC(844) Concurrent Mark From Roots 1803.970ms
[352.387s][info][gc,marking     ] GC(844) Concurrent Preclean
[352.387s][info][gc,marking     ] GC(844) Concurrent Preclean 0.045ms
[352.387s][info][gc,start       ] GC(844) Pause Remark
[352.396s][info][gc             ] GC(844) Pause Remark 853M->795M(978M) 8.150ms
[352.396s][info][gc,cpu         ] GC(844) User=0.02s Sys=0.00s Real=0.01s
[352.396s][info][gc,marking     ] GC(844) Concurrent Mark 1812.467ms
[352.396s][info][gc,marking     ] GC(844) Concurrent Rebuild Remembered Sets and Scrub Regions
[352.467s][info][gc,start       ] GC(853) Pause Young (Normal) (G1 Evacuation Pause)
[352.467s][info][gc,task        ] GC(853) Using 2 workers of 2 for evacuation
[352.488s][info][gc,phases      ] GC(853)   Pre Evacuate Collection Set: 0.33ms
[352.488s][info][gc,phases      ] GC(853)   Merge Heap Roots: 0.16ms
[352.488s][info][gc,phases      ] GC(853)   Evacuate Collection Set: 19.42ms
[352.488s][info][gc,phases      ] GC(853)   Post Evacuate Collection Set: 0.90ms
[352.488s][info][gc,phases      ] GC(853)   Other: 0.10ms
[352.488s][info][gc,heap        ] GC(853) Eden regions: 78->0(116)
[352.488s][info][gc,heap        ] GC(853) Survivor regions: 1->10(10)
[352.488s][info][gc,heap        ] GC(853) Old regions: 780->782
[352.488s][info][gc,heap        ] GC(853) Humongous regions: 10->10
[352.488s][info][gc,metaspace   ] GC(853) Metaspace: 18854K(19008K)->18854K(19008K) NonClass: 17025K(17152K)->17025K(17152K) Class: 1829K(1856K)->1829K(1856K)
[352.489s][info][gc             ] GC(853) Pause Young (Normal) (G1 Evacuation Pause) 868M->801M(978M) 21.125ms
[352.489s][info][gc,cpu         ] GC(853) User=0.04s Sys=0.00s Real=0.03s
[352.600s][info][gc,start       ] GC(854) Pause Young (Normal) (G1 Evacuation Pause)
[352.600s][info][gc,task        ] GC(854) Using 2 workers of 2 for evacuation
[352.635s][info][gc,phases      ] GC(854)   Pre Evacuate Collection Set: 0.47ms
[352.635s][info][gc,phases      ] GC(854)   Merge Heap Roots: 0.28ms
[352.635s][info][gc,phases      ] GC(854)   Evacuate Collection Set: 33.53ms
[352.635s][info][gc,phases      ] GC(854)   Post Evacuate Collection Set: 0.43ms
[352.635s][info][gc,phases      ] GC(854)   Other: 0.11ms
[352.635s][info][gc,heap        ] GC(854) Eden regions: 116->0(97)
[352.635s][info][gc,heap        ] GC(854) Survivor regions: 10->14(16)
[352.635s][info][gc,heap        ] GC(854) Old regions: 782->793
[352.635s][info][gc,heap        ] GC(854) Humongous regions: 10->10
[352.635s][info][gc,metaspace   ] GC(854) Metaspace: 18854K(19008K)->18854K(19008K) NonClass: 17025K(17152K)->17025K(17152K) Class: 1829K(1856K)->1829K(1856K)
[352.635s][info][gc             ] GC(854) Pause Young (Normal) (G1 Evacuation Pause) 917M->816M(978M) 35.086ms
[352.635s][info][gc,cpu         ] GC(854) User=0.06s Sys=0.00s Real=0.03s
[352.771s][info][gc,start       ] GC(855) Pause Young (Normal) (G1 Evacuation Pause)
[352.771s][info][gc,task        ] GC(855) Using 2 workers of 2 for evacuation
[352.807s][info][gc,phases      ] GC(855)   Pre Evacuate Collection Set: 0.50ms
[352.807s][info][gc,phases      ] GC(855)   Merge Heap Roots: 0.23ms
[352.807s][info][gc,phases      ] GC(855)   Evacuate Collection Set: 35.21ms
[352.807s][info][gc,phases      ] GC(855)   Post Evacuate Collection Set: 0.44ms
[352.807s][info][gc,phases      ] GC(855)   Other: 0.12ms
[352.807s][info][gc,heap        ] GC(855) Eden regions: 97->0(83)
[352.807s][info][gc,heap        ] GC(855) Survivor regions: 14->14(14)
[352.807s][info][gc,heap        ] GC(855) Old regions: 793->807
[352.807s][info][gc,heap        ] GC(855) Humongous regions: 10->10
[352.807s][info][gc,metaspace   ] GC(855) Metaspace: 18854K(19008K)->18854K(19008K) NonClass: 17025K(17152K)->17025K(17152K) Class: 1829K(1856K)->1829K(1856K)
[352.807s][info][gc             ] GC(855) Pause Young (Normal) (G1 Evacuation Pause) 913M->830M(978M) 36.729ms
[352.807s][info][gc,cpu         ] GC(855) User=0.07s Sys=0.00s Real=0.03s
[352.904s][info][gc,start       ] GC(856) Pause Young (Normal) (G1 Evacuation Pause)
[352.904s][info][gc,task        ] GC(856) Using 2 workers of 2 for evacuation
[352.939s][info][gc,phases      ] GC(856)   Pre Evacuate Collection Set: 0.31ms
[352.940s][info][gc,phases      ] GC(856)   Merge Heap Roots: 0.46ms
[352.940s][info][gc,phases      ] GC(856)   Evacuate Collection Set: 34.30ms
[352.940s][info][gc,phases      ] GC(856)   Post Evacuate Collection Set: 0.44ms
[352.940s][info][gc,phases      ] GC(856)   Other: 0.08ms
[352.940s][info][gc,heap        ] GC(856) Eden regions: 83->0(75)
[352.940s][info][gc,heap        ] GC(856) Survivor regions: 14->11(13)
[352.940s][info][gc,heap        ] GC(856) Old regions: 807->821
[352.940s][info][gc,heap        ] GC(856) Humongous regions: 10->10
[352.940s][info][gc,metaspace   ] GC(856) Metaspace: 18854K(19008K)->18854K(19008K) NonClass: 17025K(17152K)->17025K(17152K) Class: 1829K(1856K)->1829K(1856K)
[352.940s][info][gc             ] GC(856) Pause Young (Normal) (G1 Evacuation Pause) 913M->841M(978M) 35.842ms
[352.940s][info][gc,cpu         ] GC(856) User=0.07s Sys=0.01s Real=0.04s
[352.986s][info][gc,start       ] GC(857) Pause Young (Normal) (G1 Evacuation Pause)
[352.986s][info][gc,task        ] GC(857) Using 2 workers of 2 for evacuation
[353.018s][info][gc,phases      ] GC(857)   Pre Evacuate Collection Set: 0.52ms
[353.018s][info][gc,phases      ] GC(857)   Merge Heap Roots: 0.29ms
[353.018s][info][gc,phases      ] GC(857)   Evacuate Collection Set: 30.95ms
[353.018s][info][gc,phases      ] GC(857)   Post Evacuate Collection Set: 0.43ms
[353.018s][info][gc,phases      ] GC(857)   Other: 0.08ms
[353.018s][info][gc,heap        ] GC(857) Eden regions: 75->0(64)
[353.018s][info][gc,heap        ] GC(857) Survivor regions: 11->11(11)
[353.018s][info][gc,heap        ] GC(857) Old regions: 821->832
[353.018s][info][gc,heap        ] GC(857) Humongous regions: 10->10
[353.018s][info][gc,metaspace   ] GC(857) Metaspace: 18854K(19008K)->18854K(19008K) NonClass: 17025K(17152K)->17025K(17152K) Class: 1829K(1856K)->1829K(1856K)
[353.018s][info][gc             ] GC(857) Pause Young (Normal) (G1 Evacuation Pause) 916M->851M(978M) 32.517ms
[353.018s][info][gc,cpu         ] GC(857) User=0.06s Sys=0.00s Real=0.04s
[353.109s][info][gc,start       ] GC(858) Pause Young (Normal) (G1 Evacuation Pause)
[353.109s][info][gc,task        ] GC(858) Using 2 workers of 2 for evacuation
[353.132s][info][gc,phases      ] GC(858)   Pre Evacuate Collection Set: 0.29ms
[353.132s][info][gc,phases      ] GC(858)   Merge Heap Roots: 0.33ms
[353.132s][info][gc,phases      ] GC(858)   Evacuate Collection Set: 22.43ms
[353.132s][info][gc,phases      ] GC(858)   Post Evacuate Collection Set: 0.41ms
[353.132s][info][gc,phases      ] GC(858)   Other: 0.08ms
[353.132s][info][gc,heap        ] GC(858) Eden regions: 64->0(74)
[353.132s][info][gc,heap        ] GC(858) Survivor regions: 11->1(10)
[353.132s][info][gc,heap        ] GC(858) Old regions: 832->842
[353.132s][info][gc,heap        ] GC(858) Humongous regions: 10->10
[353.133s][info][gc,metaspace   ] GC(858) Metaspace: 18854K(19008K)->18854K(19008K) NonClass: 17025K(17152K)->17025K(17152K) Class: 1829K(1856K)->1829K(1856K)
[353.133s][info][gc             ] GC(858) Pause Young (Normal) (G1 Evacuation Pause) 915M->852M(978M) 23.835ms
[353.133s][info][gc,cpu         ] GC(858) User=0.05s Sys=0.00s Real=0.02s
[353.309s][info][gc,start       ] GC(859) Pause Young (Normal) (G1 Evacuation Pause)
[353.310s][info][gc,task        ] GC(859) Using 2 workers of 2 for evacuation
[353.323s][info][gc,phases      ] GC(859)   Pre Evacuate Collection Set: 0.33ms
[353.323s][info][gc,phases      ] GC(859)   Merge Heap Roots: 0.34ms
[353.323s][info][gc,phases      ] GC(859)   Evacuate Collection Set: 12.23ms
[353.323s][info][gc,phases      ] GC(859)   Post Evacuate Collection Set: 0.41ms
[353.323s][info][gc,phases      ] GC(859)   Other: 0.11ms
[353.323s][info][gc,heap        ] GC(859) Eden regions: 74->0(72)
[353.323s][info][gc,heap        ] GC(859) Survivor regions: 1->2(10)
[353.323s][info][gc,heap        ] GC(859) Old regions: 842->842
[353.323s][info][gc,heap        ] GC(859) Humongous regions: 10->10
[353.323s][info][gc,metaspace   ] GC(859) Metaspace: 18854K(19008K)->18854K(19008K) NonClass: 17025K(17152K)->17025K(17152K) Class: 1829K(1856K)->1829K(1856K)
[353.323s][info][gc             ] GC(859) Pause Young (Normal) (G1 Evacuation Pause) 926M->853M(978M) 13.658ms
[353.323s][info][gc,cpu         ] GC(859) User=0.02s Sys=0.00s Real=0.01s
[353.446s][info][gc,marking     ] GC(844) Concurrent Rebuild Remembered Sets and Scrub Regions 1050.703ms
[353.447s][info][gc,start       ] GC(844) Pause Cleanup
[353.447s][info][gc             ] GC(844) Pause Cleanup 908M->908M(978M) 0.132ms
[353.447s][info][gc,cpu         ] GC(844) User=0.00s Sys=0.00s Real=0.00s
[353.448s][info][gc,marking     ] GC(844) Concurrent Clear Claimed Marks
[353.448s][info][gc,marking     ] GC(844) Concurrent Clear Claimed Marks 0.059ms
[353.448s][info][gc,marking     ] GC(844) Concurrent Cleanup for Next Mark
[353.454s][info][gc,marking     ] GC(844) Concurrent Cleanup for Next Mark 6.019ms
[353.454s][info][gc             ] GC(844) Concurrent Mark Cycle 3051.345ms
[353.475s][info][gc,start       ] GC(860) Pause Young (Prepare Mixed) (G1 Evacuation Pause)
[353.475s][info][gc,task        ] GC(860) Using 2 workers of 2 for evacuation
[353.491s][info][gc,phases      ] GC(860)   Pre Evacuate Collection Set: 0.28ms
[353.492s][info][gc,phases      ] GC(860)   Merge Heap Roots: 0.30ms
[353.492s][info][gc,phases      ] GC(860)   Evacuate Collection Set: 15.54ms
[353.492s][info][gc,phases      ] GC(860)   Post Evacuate Collection Set: 0.45ms
[353.492s][info][gc,phases      ] GC(860)   Other: 0.08ms
[353.492s][info][gc,heap        ] GC(860) Eden regions: 72->0(66)
[353.492s][info][gc,heap        ] GC(860) Survivor regions: 2->5(10)
[353.492s][info][gc,heap        ] GC(860) Old regions: 842->842
[353.492s][info][gc,heap        ] GC(860) Humongous regions: 10->10
[353.492s][info][gc,metaspace   ] GC(860) Metaspace: 18854K(19008K)->18854K(19008K) NonClass: 17025K(17152K)->17025K(17152K) Class: 1829K(1856K)->1829K(1856K)
[353.492s][info][gc             ] GC(860) Pause Young (Prepare Mixed) (G1 Evacuation Pause) 925M->856M(978M) 16.865ms
[353.492s][info][gc,cpu         ] GC(860) User=0.03s Sys=0.00s Real=0.02s
[353.555s][info][gc,start       ] GC(861) Pause Young (Mixed) (G1 Evacuation Pause)
[353.555s][info][gc,task        ] GC(861) Using 2 workers of 2 for evacuation
[353.601s][info][gc,phases      ] GC(861)   Pre Evacuate Collection Set: 0.53ms
[353.601s][info][gc,phases      ] GC(861)   Merge Heap Roots: 0.98ms
[353.601s][info][gc,phases      ] GC(861)   Evacuate Collection Set: 44.42ms
[353.601s][info][gc,phases      ] GC(861)   Post Evacuate Collection Set: 0.52ms
[353.601s][info][gc,phases      ] GC(861)   Other: 0.12ms
[353.601s][info][gc,heap        ] GC(861) Eden regions: 66->0(99)
[353.601s][info][gc,heap        ] GC(861) Survivor regions: 5->5(9)
[353.601s][info][gc,heap        ] GC(861) Old regions: 842->809
[353.601s][info][gc,heap        ] GC(861) Humongous regions: 10->10
[353.601s][info][gc,metaspace   ] GC(861) Metaspace: 18854K(19008K)->18854K(19008K) NonClass: 17025K(17152K)->17025K(17152K) Class: 1829K(1856K)->1829K(1856K)
[353.601s][info][gc             ] GC(861) Pause Young (Mixed) (G1 Evacuation Pause) 922M->823M(978M) 46.818ms
[353.601s][info][gc,cpu         ] GC(861) User=0.09s Sys=0.00s Real=0.05s
[353.739s][info][gc,start       ] GC(862) Pause Young (Concurrent Start) (G1 Evacuation Pause)
[353.739s][info][gc,task        ] GC(862) Using 2 workers of 2 for evacuation
[353.755s][info][gc,phases      ] GC(862)   Pre Evacuate Collection Set: 0.32ms
[353.755s][info][gc,phases      ] GC(862)   Merge Heap Roots: 0.14ms
[353.755s][info][gc,phases      ] GC(862)   Evacuate Collection Set: 14.82ms
[353.755s][info][gc,phases      ] GC(862)   Post Evacuate Collection Set: 0.40ms
[353.755s][info][gc,phases      ] GC(862)   Other: 0.12ms
[353.755s][info][gc,heap        ] GC(862) Eden regions: 99->0(85)
[353.755s][info][gc,heap        ] GC(862) Survivor regions: 5->12(13)
[353.755s][info][gc,heap        ] GC(862) Old regions: 809->809
[353.755s][info][gc,heap        ] GC(862) Humongous regions: 10->10
[353.755s][info][gc,metaspace   ] GC(862) Metaspace: 18854K(19008K)->18854K(19008K) NonClass: 17025K(17152K)->17025K(17152K) Class: 1829K(1856K)->1829K(1856K)
[353.755s][info][gc             ] GC(862) Pause Young (Concurrent Start) (G1 Evacuation Pause) 922M->830M(978M) 16.042ms
[353.755s][info][gc,cpu         ] GC(862) User=0.03s Sys=0.00s Real=0.01s
[353.755s][info][gc             ] GC(863) Concurrent Mark Cycle
[353.755s][info][gc,marking     ] GC(863) Concurrent Scan Root Regions
[353.782s][info][gc,marking     ] GC(863) Concurrent Scan Root Regions 26.861ms
[353.782s][info][gc,marking     ] GC(863) Concurrent Mark
[353.782s][info][gc,marking     ] GC(863) Concurrent Mark From Roots
[353.782s][info][gc,task        ] GC(863) Using 1 workers of 1 for marking
[353.953s][info][gc,start       ] GC(864) Pause Young (Normal) (G1 Evacuation Pause)
[353.953s][info][gc,task        ] GC(864) Using 2 workers of 2 for evacuation
[353.984s][info][gc,phases      ] GC(864)   Pre Evacuate Collection Set: 0.31ms
[353.984s][info][gc,phases      ] GC(864)   Merge Heap Roots: 0.19ms
[353.984s][info][gc,phases      ] GC(864)   Evacuate Collection Set: 29.52ms
[353.984s][info][gc,phases      ] GC(864)   Post Evacuate Collection Set: 0.38ms
[353.984s][info][gc,phases      ] GC(864)   Other: 0.08ms
[353.984s][info][gc,heap        ] GC(864) Eden regions: 85->0(70)
[353.984s][info][gc,heap        ] GC(864) Survivor regions: 12->13(13)
[353.984s][info][gc,heap        ] GC(864) Old regions: 809->822
[353.984s][info][gc,heap        ] GC(864) Humongous regions: 10->10
[353.984s][info][gc,metaspace   ] GC(864) Metaspace: 18854K(19008K)->18854K(19008K) NonClass: 17025K(17152K)->17025K(17152K) Class: 1829K(1856K)->1829K(1856K)
[353.984s][info][gc             ] GC(864) Pause Young (Normal) (G1 Evacuation Pause) 915M->844M(978M) 30.737ms
[353.984s][info][gc,cpu         ] GC(864) User=0.06s Sys=0.00s Real=0.03s
[354.245s][info][gc,start       ] GC(865) Pause Young (Normal) (G1 Evacuation Pause)
[354.245s][info][gc,task        ] GC(865) Using 2 workers of 2 for evacuation
[354.263s][info][gc,phases      ] GC(865)   Pre Evacuate Collection Set: 0.27ms
[354.263s][info][gc,phases      ] GC(865)   Merge Heap Roots: 0.18ms
[354.263s][info][gc,phases      ] GC(865)   Evacuate Collection Set: 16.90ms
[354.263s][info][gc,phases      ] GC(865)   Post Evacuate Collection Set: 0.34ms
[354.263s][info][gc,phases      ] GC(865)   Other: 0.10ms
[354.263s][info][gc,heap        ] GC(865) Eden regions: 70->0(80)
[354.263s][info][gc,heap        ] GC(865) Survivor regions: 13->1(11)
[354.263s][info][gc,heap        ] GC(865) Old regions: 822->836
[354.263s][info][gc,heap        ] GC(865) Humongous regions: 10->10
[354.263s][info][gc,metaspace   ] GC(865) Metaspace: 18854K(19008K)->18854K(19008K) NonClass: 17025K(17152K)->17025K(17152K) Class: 1829K(1856K)->1829K(1856K)
[354.263s][info][gc             ] GC(865) Pause Young (Normal) (G1 Evacuation Pause) 914M->846M(978M) 18.065ms
[354.263s][info][gc,cpu         ] GC(865) User=0.04s Sys=0.00s Real=0.02s
[354.670s][info][gc,start       ] GC(866) Pause Young (Normal) (G1 Evacuation Pause)
[354.670s][info][gc,task        ] GC(866) Using 2 workers of 2 for evacuation
[354.673s][info][gc,phases      ] GC(866)   Pre Evacuate Collection Set: 0.30ms
[354.673s][info][gc,phases      ] GC(866)   Merge Heap Roots: 0.09ms
[354.673s][info][gc,phases      ] GC(866)   Evacuate Collection Set: 1.58ms
[354.673s][info][gc,phases      ] GC(866)   Post Evacuate Collection Set: 0.33ms
[354.673s][info][gc,phases      ] GC(866)   Other: 0.08ms
[354.673s][info][gc,heap        ] GC(866) Eden regions: 80->0(80)
[354.673s][info][gc,heap        ] GC(866) Survivor regions: 1->1(11)
[354.673s][info][gc,heap        ] GC(866) Old regions: 836->836
[354.673s][info][gc,heap        ] GC(866) Humongous regions: 10->10
[354.673s][info][gc,metaspace   ] GC(866) Metaspace: 18854K(19008K)->18854K(19008K) NonClass: 17025K(17152K)->17025K(17152K) Class: 1829K(1856K)->1829K(1856K)
[354.673s][info][gc             ] GC(866) Pause Young (Normal) (G1 Evacuation Pause) 926M->846M(978M) 2.604ms
[354.673s][info][gc,cpu         ] GC(866) User=0.00s Sys=0.00s Real=0.00s
[354.793s][info][gc,marking     ] GC(863) Concurrent Mark From Roots 1011.002ms
[354.793s][info][gc,marking     ] GC(863) Concurrent Preclean
[354.793s][info][gc,marking     ] GC(863) Concurrent Preclean 0.050ms
[354.794s][info][gc,start       ] GC(863) Pause Remark
[354.802s][info][gc             ] GC(863) Pause Remark 874M->470M(978M) 8.198ms
[354.802s][info][gc,cpu         ] GC(863) User=0.01s Sys=0.00s Real=0.01s
[354.802s][info][gc,marking     ] GC(863) Concurrent Mark 1019.606ms
[354.802s][info][gc,marking     ] GC(863) Concurrent Rebuild Remembered Sets and Scrub Regions
[355.010s][info][gc,start       ] GC(867) Pause Young (Normal) (G1 Evacuation Pause)
[355.010s][info][gc,task        ] GC(867) Using 2 workers of 2 for evacuation
[355.012s][info][gc,phases      ] GC(867)   Pre Evacuate Collection Set: 0.33ms
[355.012s][info][gc,phases      ] GC(867)   Merge Heap Roots: 0.09ms
[355.012s][info][gc,phases      ] GC(867)   Evacuate Collection Set: 1.64ms
[355.013s][info][gc,phases      ] GC(867)   Post Evacuate Collection Set: 0.30ms
[355.013s][info][gc,phases      ] GC(867)   Other: 0.10ms
[355.013s][info][gc,heap        ] GC(867) Eden regions: 80->0(431)
[355.013s][info][gc,heap        ] GC(867) Survivor regions: 1->1(11)
[355.013s][info][gc,heap        ] GC(867) Old regions: 438->438
[355.013s][info][gc,heap        ] GC(867) Humongous regions: 4->4
[355.013s][info][gc,metaspace   ] GC(867) Metaspace: 18854K(19008K)->18854K(19008K) NonClass: 17025K(17152K)->17025K(17152K) Class: 1829K(1856K)->1829K(1856K)
[355.013s][info][gc             ] GC(867) Pause Young (Normal) (G1 Evacuation Pause) 522M->442M(978M) 2.694ms
[355.013s][info][gc,cpu         ] GC(867) User=0.01s Sys=0.00s Real=0.00s
[355.132s][info][gc,marking     ] GC(863) Concurrent Rebuild Remembered Sets and Scrub Regions 329.867ms
[355.132s][info][gc,start       ] GC(863) Pause Cleanup
[355.132s][info][gc             ] GC(863) Pause Cleanup 475M->475M(978M) 0.133ms
[355.132s][info][gc,cpu         ] GC(863) User=0.00s Sys=0.00s Real=0.00s
[355.134s][info][gc,marking     ] GC(863) Concurrent Clear Claimed Marks
[355.134s][info][gc,marking     ] GC(863) Concurrent Clear Claimed Marks 0.058ms
[355.134s][info][gc,marking     ] GC(863) Concurrent Cleanup for Next Mark
[355.139s][info][gc,marking     ] GC(863) Concurrent Cleanup for Next Mark 4.977ms
[355.139s][info][gc             ] GC(863) Concurrent Mark Cycle 1384.048ms
[355.780s][info][gc,start       ] GC(868) Pause Young (Prepare Mixed) (G1 Evacuation Pause)
[355.780s][info][gc,task        ] GC(868) Using 2 workers of 2 for evacuation
[355.853s][info][gc,phases      ] GC(868)   Pre Evacuate Collection Set: 0.52ms
[355.853s][info][gc,phases      ] GC(868)   Merge Heap Roots: 0.47ms
[355.853s][info][gc,phases      ] GC(868)   Evacuate Collection Set: 70.76ms
[355.853s][info][gc,phases      ] GC(868)   Post Evacuate Collection Set: 0.79ms
[355.853s][info][gc,phases      ] GC(868)   Other: 0.11ms
[355.853s][info][gc,heap        ] GC(868) Eden regions: 431->0(197)
[355.853s][info][gc,heap        ] GC(868) Survivor regions: 1->54(54)
[355.853s][info][gc,heap        ] GC(868) Old regions: 438->447
[355.853s][info][gc,heap        ] GC(868) Humongous regions: 4->4
[355.853s][info][gc,metaspace   ] GC(868) Metaspace: 18854K(19008K)->18854K(19008K) NonClass: 17025K(17152K)->17025K(17152K) Class: 1829K(1856K)->1829K(1856K)
[355.853s][info][gc             ] GC(868) Pause Young (Prepare Mixed) (G1 Evacuation Pause) 873M->504M(978M) 72.940ms
[355.853s][info][gc,cpu         ] GC(868) User=0.14s Sys=0.00s Real=0.07s
[356.284s][info][gc,start       ] GC(869) Pause Young (Mixed) (G1 Evacuation Pause)
[356.284s][info][gc,task        ] GC(869) Using 2 workers of 2 for evacuation
[356.399s][info][gc,phases      ] GC(869)   Pre Evacuate Collection Set: 0.50ms
[356.399s][info][gc,phases      ] GC(869)   Merge Heap Roots: 0.59ms
[356.399s][info][gc,phases      ] GC(869)   Evacuate Collection Set: 113.36ms
[356.399s][info][gc,phases      ] GC(869)   Post Evacuate Collection Set: 0.72ms
[356.399s][info][gc,phases      ] GC(869)   Other: 0.13ms
[356.399s][info][gc,heap        ] GC(869) Eden regions: 309->0(313)
[356.399s][info][gc,heap        ] GC(869) Survivor regions: 54->37(46)
[356.399s][info][gc,heap        ] GC(869) Old regions: 447->492
[356.399s][info][gc,heap        ] GC(869) Humongous regions: 7->7
[356.399s][info][gc,metaspace   ] GC(869) Metaspace: 18854K(19008K)->18854K(19008K) NonClass: 17025K(17152K)->17025K(17152K) Class: 1829K(1856K)->1829K(1856K)
[356.399s][info][gc             ] GC(869) Pause Young (Mixed) (G1 Evacuation Pause) 816M->535M(978M) 115.551ms
[356.399s][info][gc,cpu         ] GC(869) User=0.22s Sys=0.00s Real=0.12s
[356.732s][info][gc,start       ] GC(870) Pause Young (Mixed) (G1 Evacuation Pause)
[356.732s][info][gc,task        ] GC(870) Using 2 workers of 2 for evacuation
[356.842s][info][gc,phases      ] GC(870)   Pre Evacuate Collection Set: 0.37ms
[356.842s][info][gc,phases      ] GC(870)   Merge Heap Roots: 0.40ms
[356.842s][info][gc,phases      ] GC(870)   Evacuate Collection Set: 107.76ms
[356.842s][info][gc,phases      ] GC(870)   Post Evacuate Collection Set: 1.64ms
[356.842s][info][gc,phases      ] GC(870)   Other: 0.10ms
[356.842s][info][gc,heap        ] GC(870) Eden regions: 313->0(311)
[356.842s][info][gc,heap        ] GC(870) Survivor regions: 37->44(44)
[356.842s][info][gc,heap        ] GC(870) Old regions: 492->477
[356.842s][info][gc,heap        ] GC(870) Humongous regions: 7->7
[356.842s][info][gc,metaspace   ] GC(870) Metaspace: 18855K(19008K)->18855K(19008K) NonClass: 17025K(17152K)->17025K(17152K) Class: 1829K(1856K)->1829K(1856K)
[356.842s][info][gc             ] GC(870) Pause Young (Mixed) (G1 Evacuation Pause) 848M->527M(978M) 110.566ms
[356.842s][info][gc,cpu         ] GC(870) User=0.22s Sys=0.00s Real=0.11s
[357.045s][info][gc,start       ] GC(871) Pause Young (Concurrent Start) (G1 Evacuation Pause)
[357.045s][info][gc,task        ] GC(871) Using 2 workers of 2 for evacuation
[357.127s][info][gc,phases      ] GC(871)   Pre Evacuate Collection Set: 0.30ms
[357.127s][info][gc,phases      ] GC(871)   Merge Heap Roots: 0.27ms
[357.127s][info][gc,phases      ] GC(871)   Evacuate Collection Set: 80.37ms
[357.127s][info][gc,phases      ] GC(871)   Post Evacuate Collection Set: 0.57ms
[357.127s][info][gc,phases      ] GC(871)   Other: 0.12ms
[357.127s][info][gc,heap        ] GC(871) Eden regions: 311->0(283)
[357.127s][info][gc,heap        ] GC(871) Survivor regions: 44->39(45)
[357.127s][info][gc,heap        ] GC(871) Old regions: 477->522
[357.127s][info][gc,heap        ] GC(871) Humongous regions: 7->7
[357.127s][info][gc,metaspace   ] GC(871) Metaspace: 18855K(19008K)->18855K(19008K) NonClass: 17026K(17152K)->17026K(17152K) Class: 1829K(1856K)->1829K(1856K)
[357.127s][info][gc             ] GC(871) Pause Young (Concurrent Start) (G1 Evacuation Pause) 838M->567M(978M) 81.882ms
[357.127s][info][gc,cpu         ] GC(871) User=0.16s Sys=0.00s Real=0.08s
[357.127s][info][gc             ] GC(872) Concurrent Mark Cycle
[357.127s][info][gc,marking     ] GC(872) Concurrent Scan Root Regions
[357.250s][info][gc,marking     ] GC(872) Concurrent Scan Root Regions 122.657ms
[357.250s][info][gc,marking     ] GC(872) Concurrent Mark
[357.250s][info][gc,marking     ] GC(872) Concurrent Mark From Roots
[357.250s][info][gc,task        ] GC(872) Using 1 workers of 1 for marking
[357.418s][info][gc,start       ] GC(873) Pause Young (Normal) (G1 Evacuation Pause)
[357.418s][info][gc,task        ] GC(873) Using 2 workers of 2 for evacuation
[357.462s][info][gc,phases      ] GC(873)   Pre Evacuate Collection Set: 0.52ms
[357.462s][info][gc,phases      ] GC(873)   Merge Heap Roots: 0.18ms
[357.462s][info][gc,phases      ] GC(873)   Evacuate Collection Set: 42.48ms
[357.462s][info][gc,phases      ] GC(873)   Post Evacuate Collection Set: 0.60ms
[357.462s][info][gc,phases      ] GC(873)   Other: 0.11ms
[357.462s][info][gc,heap        ] GC(873) Eden regions: 283->0(294)
[357.462s][info][gc,heap        ] GC(873) Survivor regions: 39->7(41)
[357.462s][info][gc,heap        ] GC(873) Old regions: 522->561
[357.462s][info][gc,heap        ] GC(873) Humongous regions: 7->7
[357.462s][info][gc,metaspace   ] GC(873) Metaspace: 18857K(19008K)->18857K(19008K) NonClass: 17027K(17152K)->17027K(17152K) Class: 1829K(1856K)->1829K(1856K)
[357.462s][info][gc             ] GC(873) Pause Young (Normal) (G1 Evacuation Pause) 850M->574M(978M) 44.128ms
[357.462s][info][gc,cpu         ] GC(873) User=0.09s Sys=0.00s Real=0.04s
[357.910s][info][gc,start       ] GC(874) Pause Young (Normal) (G1 Evacuation Pause)
[357.910s][info][gc,task        ] GC(874) Using 2 workers of 2 for evacuation
[357.981s][info][gc,phases      ] GC(874)   Pre Evacuate Collection Set: 0.32ms
[357.981s][info][gc,phases      ] GC(874)   Merge Heap Roots: 0.57ms
[357.981s][info][gc,phases      ] GC(874)   Evacuate Collection Set: 69.69ms
[357.981s][info][gc,phases      ] GC(874)   Post Evacuate Collection Set: 0.66ms
[357.981s][info][gc,phases      ] GC(874)   Other: 0.10ms
[357.981s][info][gc,heap        ] GC(874) Eden regions: 294->0(252)
[357.981s][info][gc,heap        ] GC(874) Survivor regions: 7->38(38)
[357.981s][info][gc,heap        ] GC(874) Old regions: 561->576
[357.981s][info][gc,heap        ] GC(874) Humongous regions: 8->8
[357.981s][info][gc,metaspace   ] GC(874) Metaspace: 18857K(19008K)->18857K(19008K) NonClass: 17027K(17152K)->17027K(17152K) Class: 1829K(1856K)->1829K(1856K)
[357.981s][info][gc             ] GC(874) Pause Young (Normal) (G1 Evacuation Pause) 869M->621M(978M) 71.629ms
[357.981s][info][gc,cpu         ] GC(874) User=0.13s Sys=0.00s Real=0.07s
[358.650s][info][gc,marking     ] GC(872) Concurrent Mark From Roots 1399.845ms
[358.650s][info][gc,marking     ] GC(872) Concurrent Preclean
[358.650s][info][gc,marking     ] GC(872) Concurrent Preclean 0.046ms
[358.650s][info][gc,start       ] GC(872) Pause Remark
[358.658s][info][gc             ] GC(872) Pause Remark 849M->837M(978M) 7.913ms
[358.658s][info][gc,cpu         ] GC(872) User=0.01s Sys=0.00s Real=0.01s
[358.660s][info][gc,marking     ] GC(872) Concurrent Mark 1410.021ms
[358.660s][info][gc,marking     ] GC(872) Concurrent Rebuild Remembered Sets and Scrub Regions
[358.749s][info][gc,start       ] GC(875) Pause Young (Normal) (G1 Evacuation Pause)
[358.749s][info][gc,task        ] GC(875) Using 2 workers of 2 for evacuation
[358.810s][info][gc,phases      ] GC(875)   Pre Evacuate Collection Set: 0.52ms
[358.810s][info][gc,phases      ] GC(875)   Merge Heap Roots: 0.34ms
[358.810s][info][gc,phases      ] GC(875)   Evacuate Collection Set: 59.83ms
[358.810s][info][gc,phases      ] GC(875)   Post Evacuate Collection Set: 0.58ms
[358.810s][info][gc,phases      ] GC(875)   Other: 0.10ms
[358.810s][info][gc,heap        ] GC(875) Eden regions: 252->0(263)
[358.810s][info][gc,heap        ] GC(875) Survivor regions: 38->11(37)
[358.810s][info][gc,heap        ] GC(875) Old regions: 565->604
[358.810s][info][gc,heap        ] GC(875) Humongous regions: 7->7
[358.810s][info][gc,metaspace   ] GC(875) Metaspace: 18857K(19008K)->18857K(19008K) NonClass: 17027K(17152K)->17027K(17152K) Class: 1829K(1856K)->1829K(1856K)
[358.810s][info][gc             ] GC(875) Pause Young (Normal) (G1 Evacuation Pause) 861M->620M(978M) 61.721ms
[358.810s][info][gc,cpu         ] GC(875) User=0.12s Sys=0.00s Real=0.06s
[359.241s][info][gc,marking     ] GC(872) Concurrent Rebuild Remembered Sets and Scrub Regions 580.644ms
[359.241s][info][gc,start       ] GC(872) Pause Cleanup
[359.241s][info][gc             ] GC(872) Pause Cleanup 727M->727M(978M) 0.124ms
[359.241s][info][gc,cpu         ] GC(872) User=0.00s Sys=0.00s Real=0.00s
[359.243s][info][gc,marking     ] GC(872) Concurrent Clear Claimed Marks
[359.243s][info][gc,marking     ] GC(872) Concurrent Clear Claimed Marks 0.052ms
[359.243s][info][gc,marking     ] GC(872) Concurrent Cleanup for Next Mark
[359.246s][info][gc,marking     ] GC(872) Concurrent Cleanup for Next Mark 2.995ms
[359.246s][info][gc             ] GC(872) Concurrent Mark Cycle 2119.150ms
[359.520s][info][gc,start       ] GC(876) Pause Young (Prepare Mixed) (G1 Evacuation Pause)
[359.521s][info][gc,task        ] GC(876) Using 2 workers of 2 for evacuation
[359.563s][info][gc,phases      ] GC(876)   Pre Evacuate Collection Set: 0.31ms
[359.563s][info][gc,phases      ] GC(876)   Merge Heap Roots: 0.47ms
[359.563s][info][gc,phases      ] GC(876)   Evacuate Collection Set: 40.61ms
[359.563s][info][gc,phases      ] GC(876)   Post Evacuate Collection Set: 0.62ms
[359.563s][info][gc,phases      ] GC(876)   Other: 0.11ms
[359.563s][info][gc,heap        ] GC(876) Eden regions: 263->0(258)
[359.563s][info][gc,heap        ] GC(876) Survivor regions: 11->26(35)
[359.563s][info][gc,heap        ] GC(876) Old regions: 604->604
[359.563s][info][gc,heap        ] GC(876) Humongous regions: 7->7
[359.563s][info][gc,metaspace   ] GC(876) Metaspace: 18868K(19008K)->18868K(19008K) NonClass: 17039K(17152K)->17039K(17152K) Class: 1829K(1856K)->1829K(1856K)
[359.563s][info][gc             ] GC(876) Pause Young (Prepare Mixed) (G1 Evacuation Pause) 883M->635M(978M) 42.379ms
[359.563s][info][gc,cpu         ] GC(876) User=0.08s Sys=0.00s Real=0.04s
[359.859s][info][gc,start       ] GC(877) Pause Young (Mixed) (G1 Evacuation Pause)
[359.860s][info][gc,task        ] GC(877) Using 2 workers of 2 for evacuation
[359.981s][info][gc,phases      ] GC(877)   Pre Evacuate Collection Set: 0.52ms
[359.981s][info][gc,phases      ] GC(877)   Merge Heap Roots: 0.73ms
[359.981s][info][gc,phases      ] GC(877)   Evacuate Collection Set: 118.88ms
[359.981s][info][gc,phases      ] GC(877)   Post Evacuate Collection Set: 0.85ms
[359.981s][info][gc,phases      ] GC(877)   Other: 0.11ms
[359.981s][info][gc,heap        ] GC(877) Eden regions: 258->0(221)
[359.981s][info][gc,heap        ] GC(877) Survivor regions: 26->36(36)
[359.981s][info][gc,heap        ] GC(877) Old regions: 604->623
[359.981s][info][gc,heap        ] GC(877) Humongous regions: 7->7
[359.981s][info][gc,metaspace   ] GC(877) Metaspace: 18868K(19008K)->18868K(19008K) NonClass: 17039K(17152K)->17039K(17152K) Class: 1829K(1856K)->1829K(1856K)
[359.981s][info][gc             ] GC(877) Pause Young (Mixed) (G1 Evacuation Pause) 893M->665M(978M) 121.318ms
[359.981s][info][gc,cpu         ] GC(877) User=0.24s Sys=0.00s Real=0.12s
[360.249s][info][gc,start       ] GC(878) Pause Young (Concurrent Start) (G1 Evacuation Pause)
[360.250s][info][gc,task        ] GC(878) Using 2 workers of 2 for evacuation
[360.332s][info][gc,phases      ] GC(878)   Pre Evacuate Collection Set: 0.32ms
[360.332s][info][gc,phases      ] GC(878)   Merge Heap Roots: 0.38ms
[360.332s][info][gc,phases      ] GC(878)   Evacuate Collection Set: 80.54ms
[360.332s][info][gc,phases      ] GC(878)   Post Evacuate Collection Set: 0.60ms
[360.332s][info][gc,phases      ] GC(878)   Other: 0.13ms
[360.332s][info][gc,heap        ] GC(878) Eden regions: 221->0(179)
[360.332s][info][gc,heap        ] GC(878) Survivor regions: 36->33(33)
[360.332s][info][gc,heap        ] GC(878) Old regions: 623->671
[360.332s][info][gc,heap        ] GC(878) Humongous regions: 7->7
[360.332s][info][gc,metaspace   ] GC(878) Metaspace: 18869K(19008K)->18869K(19008K) NonClass: 17039K(17152K)->17039K(17152K) Class: 1829K(1856K)->1829K(1856K)
[360.332s][info][gc             ] GC(878) Pause Young (Concurrent Start) (G1 Evacuation Pause) 886M->710M(978M) 82.249ms
[360.332s][info][gc,cpu         ] GC(878) User=0.17s Sys=0.00s Real=0.08s
[360.332s][info][gc             ] GC(879) Concurrent Mark Cycle
[360.332s][info][gc,marking     ] GC(879) Concurrent Scan Root Regions
[360.421s][info][gc,marking     ] GC(879) Concurrent Scan Root Regions 89.392ms
[360.421s][info][gc,marking     ] GC(879) Concurrent Mark
[360.421s][info][gc,marking     ] GC(879) Concurrent Mark From Roots
[360.421s][info][gc,task        ] GC(879) Using 1 workers of 1 for marking
[360.757s][info][gc,start       ] GC(880) Pause Young (Normal) (G1 Evacuation Pause)
[360.757s][info][gc,task        ] GC(880) Using 2 workers of 2 for evacuation
[360.860s][info][gc,phases      ] GC(880)   Pre Evacuate Collection Set: 0.33ms
[360.860s][info][gc,phases      ] GC(880)   Merge Heap Roots: 0.67ms
[360.860s][info][gc,phases      ] GC(880)   Evacuate Collection Set: 101.55ms
[360.860s][info][gc,phases      ] GC(880)   Post Evacuate Collection Set: 0.59ms
[360.860s][info][gc,phases      ] GC(880)   Other: 0.11ms
[360.860s][info][gc,heap        ] GC(880) Eden regions: 179->0(142)
[360.860s][info][gc,heap        ] GC(880) Survivor regions: 33->27(27)
[360.860s][info][gc,heap        ] GC(880) Old regions: 671->715
[360.860s][info][gc,heap        ] GC(880) Humongous regions: 10->10
[360.860s][info][gc,metaspace   ] GC(880) Metaspace: 18869K(19008K)->18869K(19008K) NonClass: 17039K(17152K)->17039K(17152K) Class: 1829K(1856K)->1829K(1856K)
[360.860s][info][gc             ] GC(880) Pause Young (Normal) (G1 Evacuation Pause) 892M->751M(978M) 103.526ms
[360.860s][info][gc,cpu         ] GC(880) User=0.21s Sys=0.00s Real=0.11s
[361.157s][info][gc,start       ] GC(881) Pause Young (Normal) (G1 Evacuation Pause)
[361.157s][info][gc,task        ] GC(881) Using 2 workers of 2 for evacuation
[361.224s][info][gc,phases      ] GC(881)   Pre Evacuate Collection Set: 0.32ms
[361.224s][info][gc,phases      ] GC(881)   Merge Heap Roots: 0.33ms
[361.224s][info][gc,phases      ] GC(881)   Evacuate Collection Set: 66.54ms
[361.224s][info][gc,phases      ] GC(881)   Post Evacuate Collection Set: 0.52ms
[361.224s][info][gc,phases      ] GC(881)   Other: 0.10ms
[361.224s][info][gc,heap        ] GC(881) Eden regions: 142->0(125)
[361.224s][info][gc,heap        ] GC(881) Survivor regions: 27->22(22)
[361.225s][info][gc,heap        ] GC(881) Old regions: 715->746
[361.225s][info][gc,heap        ] GC(881) Humongous regions: 10->10
[361.225s][info][gc,metaspace   ] GC(881) Metaspace: 18869K(19008K)->18869K(19008K) NonClass: 17039K(17152K)->17039K(17152K) Class: 1829K(1856K)->1829K(1856K)
[361.225s][info][gc             ] GC(881) Pause Young (Normal) (G1 Evacuation Pause) 893M->777M(978M) 68.027ms
[361.225s][info][gc,cpu         ] GC(881) User=0.13s Sys=0.00s Real=0.07s
[361.351s][info][gc,start       ] GC(882) Pause Young (Normal) (G1 Evacuation Pause)
[361.351s][info][gc,task        ] GC(882) Using 2 workers of 2 for evacuation
[361.423s][info][gc,phases      ] GC(882)   Pre Evacuate Collection Set: 0.31ms
[361.423s][info][gc,phases      ] GC(882)   Merge Heap Roots: 0.20ms
[361.423s][info][gc,phases      ] GC(882)   Evacuate Collection Set: 70.68ms
[361.423s][info][gc,phases      ] GC(882)   Post Evacuate Collection Set: 0.58ms
[361.423s][info][gc,phases      ] GC(882)   Other: 0.10ms
[361.423s][info][gc,heap        ] GC(882) Eden regions: 125->0(82)
[361.423s][info][gc,heap        ] GC(882) Survivor regions: 22->19(19)
[361.423s][info][gc,heap        ] GC(882) Old regions: 746->798
[361.423s][info][gc,heap        ] GC(882) Humongous regions: 10->10
[361.423s][info][gc,metaspace   ] GC(882) Metaspace: 18869K(19008K)->18869K(19008K) NonClass: 17039K(17152K)->17039K(17152K) Class: 1829K(1856K)->1829K(1856K)
[361.423s][info][gc             ] GC(882) Pause Young (Normal) (G1 Evacuation Pause) 902M->826M(978M) 72.148ms
[361.423s][info][gc,cpu         ] GC(882) User=0.14s Sys=0.00s Real=0.07s
[361.535s][info][gc,start       ] GC(883) Pause Young (Normal) (G1 Evacuation Pause)
[361.535s][info][gc,task        ] GC(883) Using 2 workers of 2 for evacuation
[361.588s][info][gc,phases      ] GC(883)   Pre Evacuate Collection Set: 0.29ms
[361.588s][info][gc,phases      ] GC(883)   Merge Heap Roots: 0.41ms
[361.588s][info][gc,phases      ] GC(883)   Evacuate Collection Set: 51.50ms
[361.588s][info][gc,phases      ] GC(883)   Post Evacuate Collection Set: 0.42ms
[361.588s][info][gc,phases      ] GC(883)   Other: 0.09ms
[361.588s][info][gc,heap        ] GC(883) Eden regions: 82->0(63)
[361.588s][info][gc,heap        ] GC(883) Survivor regions: 19->13(13)
[361.588s][info][gc,heap        ] GC(883) Old regions: 798->829
[361.588s][info][gc,heap        ] GC(883) Humongous regions: 10->10
[361.588s][info][gc,metaspace   ] GC(883) Metaspace: 18869K(19008K)->18869K(19008K) NonClass: 17039K(17152K)->17039K(17152K) Class: 1829K(1856K)->1829K(1856K)
[361.588s][info][gc             ] GC(883) Pause Young (Normal) (G1 Evacuation Pause) 908M->851M(978M) 52.913ms
[361.588s][info][gc,cpu         ] GC(883) User=0.10s Sys=0.00s Real=0.05s
[361.650s][info][gc,start       ] GC(884) Pause Young (Normal) (G1 Evacuation Pause)
[361.650s][info][gc,task        ] GC(884) Using 2 workers of 2 for evacuation
[361.672s][info][gc,phases      ] GC(884)   Pre Evacuate Collection Set: 0.31ms
[361.672s][info][gc,phases      ] GC(884)   Merge Heap Roots: 0.25ms
[361.672s][info][gc,phases      ] GC(884)   Evacuate Collection Set: 20.28ms
[361.672s][info][gc,phases      ] GC(884)   Post Evacuate Collection Set: 0.31ms
[361.672s][info][gc,phases      ] GC(884)   Other: 0.11ms
[361.672s][info][gc,heap        ] GC(884) Eden regions: 63->0(65)
[361.672s][info][gc,heap        ] GC(884) Survivor regions: 13->5(10)
[361.672s][info][gc,heap        ] GC(884) Old regions: 829->843
[361.672s][info][gc,heap        ] GC(884) Humongous regions: 10->10
[361.672s][info][gc,metaspace   ] GC(884) Metaspace: 18869K(19008K)->18869K(19008K) NonClass: 17039K(17152K)->17039K(17152K) Class: 1829K(1856K)->1829K(1856K)
[361.672s][info][gc             ] GC(884) Pause Young (Normal) (G1 Evacuation Pause) 914M->856M(978M) 21.484ms
[361.672s][info][gc,cpu         ] GC(884) User=0.05s Sys=0.00s Real=0.02s
[361.790s][info][gc,start       ] GC(885) Pause Young (Normal) (G1 Evacuation Pause)
[361.790s][info][gc,task        ] GC(885) Using 2 workers of 2 for evacuation
[361.800s][info][gc,phases      ] GC(885)   Pre Evacuate Collection Set: 0.28ms
[361.800s][info][gc,phases      ] GC(885)   Merge Heap Roots: 0.16ms
[361.800s][info][gc,phases      ] GC(885)   Evacuate Collection Set: 8.79ms
[361.800s][info][gc,phases      ] GC(885)   Post Evacuate Collection Set: 0.34ms
[361.800s][info][gc,phases      ] GC(885)   Other: 0.08ms
[361.800s][info][gc,heap        ] GC(885) Eden regions: 65->0(65)
[361.800s][info][gc,heap        ] GC(885) Survivor regions: 5->5(9)
[361.800s][info][gc,heap        ] GC(885) Old regions: 843->843
[361.800s][info][gc,heap        ] GC(885) Humongous regions: 10->10
[361.800s][info][gc,metaspace   ] GC(885) Metaspace: 18869K(19008K)->18869K(19008K) NonClass: 17039K(17152K)->17039K(17152K) Class: 1829K(1856K)->1829K(1856K)
[361.800s][info][gc             ] GC(885) Pause Young (Normal) (G1 Evacuation Pause) 921M->857M(978M) 9.932ms
[361.800s][info][gc,cpu         ] GC(885) User=0.02s Sys=0.00s Real=0.01s
[361.882s][info][gc,start       ] GC(886) Pause Young (Normal) (G1 Evacuation Pause)
[361.882s][info][gc,task        ] GC(886) Using 2 workers of 2 for evacuation
[361.897s][info][gc,phases      ] GC(886)   Pre Evacuate Collection Set: 0.31ms
[361.897s][info][gc,phases      ] GC(886)   Merge Heap Roots: 0.23ms
[361.897s][info][gc,phases      ] GC(886)   Evacuate Collection Set: 13.89ms
[361.897s][info][gc,phases      ] GC(886)   Post Evacuate Collection Set: 0.35ms
[361.897s][info][gc,phases      ] GC(886)   Other: 0.08ms
[361.897s][info][gc,heap        ] GC(886) Eden regions: 65->0(65)
[361.897s][info][gc,heap        ] GC(886) Survivor regions: 5->3(9)
[361.897s][info][gc,heap        ] GC(886) Old regions: 843->847
[361.897s][info][gc,heap        ] GC(886) Humongous regions: 10->10
[361.898s][info][gc,metaspace   ] GC(886) Metaspace: 18869K(19008K)->18869K(19008K) NonClass: 17039K(17152K)->17039K(17152K) Class: 1829K(1856K)->1829K(1856K)
[361.898s][info][gc             ] GC(886) Pause Young (Normal) (G1 Evacuation Pause) 922M->859M(978M) 15.147ms
[361.898s][info][gc,cpu         ] GC(886) User=0.03s Sys=0.00s Real=0.01s
[361.957s][info][gc,start       ] GC(887) Pause Young (Normal) (G1 Evacuation Pause)
[361.957s][info][gc,task        ] GC(887) Using 2 workers of 2 for evacuation
[361.969s][info][gc,phases      ] GC(887)   Pre Evacuate Collection Set: 0.30ms
[361.969s][info][gc,phases      ] GC(887)   Merge Heap Roots: 0.19ms
[361.969s][info][gc,phases      ] GC(887)   Evacuate Collection Set: 10.99ms
[361.969s][info][gc,phases      ] GC(887)   Post Evacuate Collection Set: 0.35ms
[361.969s][info][gc,phases      ] GC(887)   Other: 0.08ms
[361.969s][info][gc,heap        ] GC(887) Eden regions: 65->0(61)
[361.969s][info][gc,heap        ] GC(887) Survivor regions: 3->5(9)
[361.969s][info][gc,heap        ] GC(887) Old regions: 847->847
[361.969s][info][gc,heap        ] GC(887) Humongous regions: 10->10
[361.969s][info][gc,metaspace   ] GC(887) Metaspace: 18869K(19008K)->18869K(19008K) NonClass: 17039K(17152K)->17039K(17152K) Class: 1829K(1856K)->1829K(1856K)
[361.969s][info][gc             ] GC(887) Pause Young (Normal) (G1 Evacuation Pause) 924M->861M(978M) 12.174ms
[361.969s][info][gc,cpu         ] GC(887) User=0.02s Sys=0.00s Real=0.02s
[362.029s][info][gc,start       ] GC(888) Pause Young (Normal) (G1 Evacuation Pause)
[362.030s][info][gc,task        ] GC(888) Using 2 workers of 2 for evacuation
[362.044s][info][gc,phases      ] GC(888)   Pre Evacuate Collection Set: 0.30ms
[362.044s][info][gc,phases      ] GC(888)   Merge Heap Roots: 0.23ms
[362.044s][info][gc,phases      ] GC(888)   Evacuate Collection Set: 13.61ms
[362.044s][info][gc,phases      ] GC(888)   Post Evacuate Collection Set: 0.35ms
[362.044s][info][gc,phases      ] GC(888)   Other: 0.09ms
[362.044s][info][gc,heap        ] GC(888) Eden regions: 61->0(61)
[362.044s][info][gc,heap        ] GC(888) Survivor regions: 5->5(9)
[362.044s][info][gc,heap        ] GC(888) Old regions: 847->847
[362.044s][info][gc,heap        ] GC(888) Humongous regions: 10->10
[362.044s][info][gc,metaspace   ] GC(888) Metaspace: 18869K(19008K)->18869K(19008K) NonClass: 17039K(17152K)->17039K(17152K) Class: 1829K(1856K)->1829K(1856K)
[362.044s][info][gc             ] GC(888) Pause Young (Normal) (G1 Evacuation Pause) 922M->861M(978M) 14.837ms
[362.044s][info][gc,cpu         ] GC(888) User=0.03s Sys=0.00s Real=0.01s
[362.126s][info][gc,start       ] GC(889) Pause Young (Normal) (G1 Evacuation Pause)
[362.126s][info][gc,task        ] GC(889) Using 2 workers of 2 for evacuation
[362.148s][info][gc,phases      ] GC(889)   Pre Evacuate Collection Set: 0.33ms
[362.148s][info][gc,phases      ] GC(889)   Merge Heap Roots: 0.32ms
[362.148s][info][gc,phases      ] GC(889)   Evacuate Collection Set: 21.15ms
[362.148s][info][gc,phases      ] GC(889)   Post Evacuate Collection Set: 0.41ms
[362.148s][info][gc,phases      ] GC(889)   Other: 0.08ms
[362.148s][info][gc,heap        ] GC(889) Eden regions: 61->0(53)
[362.148s][info][gc,heap        ] GC(889) Survivor regions: 5->8(9)
[362.148s][info][gc,heap        ] GC(889) Old regions: 847->849
[362.148s][info][gc,heap        ] GC(889) Humongous regions: 10->10
[362.148s][info][gc,metaspace   ] GC(889) Metaspace: 18869K(19008K)->18869K(19008K) NonClass: 17039K(17152K)->17039K(17152K) Class: 1829K(1856K)->1829K(1856K)
[362.148s][info][gc             ] GC(889) Pause Young (Normal) (G1 Evacuation Pause) 922M->866M(978M) 22.566ms
[362.149s][info][gc,cpu         ] GC(889) User=0.04s Sys=0.00s Real=0.03s
[362.184s][info][gc,marking     ] GC(879) Concurrent Mark From Roots 1762.756ms
[362.184s][info][gc,marking     ] GC(879) Concurrent Preclean
[362.184s][info][gc,marking     ] GC(879) Concurrent Preclean 0.063ms
[362.184s][info][gc,start       ] GC(879) Pause Remark
[362.193s][info][gc             ] GC(879) Pause Remark 894M->800M(978M) 8.356ms
[362.193s][info][gc,cpu         ] GC(879) User=0.02s Sys=0.00s Real=0.01s
[362.193s][info][gc,marking     ] GC(879) Concurrent Mark 1772.031ms
[362.193s][info][gc,marking     ] GC(879) Concurrent Rebuild Remembered Sets and Scrub Regions
[362.230s][info][gc,start       ] GC(890) Pause Young (Normal) (G1 Evacuation Pause)
[362.230s][info][gc,task        ] GC(890) Using 2 workers of 2 for evacuation
[362.254s][info][gc,phases      ] GC(890)   Pre Evacuate Collection Set: 0.30ms
[362.254s][info][gc,phases      ] GC(890)   Merge Heap Roots: 0.28ms
[362.254s][info][gc,phases      ] GC(890)   Evacuate Collection Set: 22.89ms
[362.254s][info][gc,phases      ] GC(890)   Post Evacuate Collection Set: 0.35ms
[362.254s][info][gc,phases      ] GC(890)   Other: 0.09ms
[362.254s][info][gc,heap        ] GC(890) Eden regions: 53->0(133)
[362.254s][info][gc,heap        ] GC(890) Survivor regions: 8->4(8)
[362.254s][info][gc,heap        ] GC(890) Old regions: 757->765
[362.254s][info][gc,heap        ] GC(890) Humongous regions: 8->8
[362.254s][info][gc,metaspace   ] GC(890) Metaspace: 18869K(19008K)->18869K(19008K) NonClass: 17039K(17152K)->17039K(17152K) Class: 1829K(1856K)->1829K(1856K)
[362.254s][info][gc             ] GC(890) Pause Young (Normal) (G1 Evacuation Pause) 825M->775M(978M) 24.168ms
[362.254s][info][gc,cpu         ] GC(890) User=0.05s Sys=0.00s Real=0.02s
[362.477s][info][gc,start       ] GC(891) Pause Young (Normal) (G1 Evacuation Pause)
[362.478s][info][gc,task        ] GC(891) Using 2 workers of 2 for evacuation
[362.538s][info][gc,phases      ] GC(891)   Pre Evacuate Collection Set: 0.32ms
[362.538s][info][gc,phases      ] GC(891)   Merge Heap Roots: 0.20ms
[362.538s][info][gc,phases      ] GC(891)   Evacuate Collection Set: 58.87ms
[362.538s][info][gc,phases      ] GC(891)   Post Evacuate Collection Set: 0.51ms
[362.538s][info][gc,phases      ] GC(891)   Other: 0.10ms
[362.538s][info][gc,heap        ] GC(891) Eden regions: 133->0(92)
[362.538s][info][gc,heap        ] GC(891) Survivor regions: 4->18(18)
[362.538s][info][gc,heap        ] GC(891) Old regions: 765->789
[362.538s][info][gc,heap        ] GC(891) Humongous regions: 11->11
[362.538s][info][gc,metaspace   ] GC(891) Metaspace: 18869K(19008K)->18869K(19008K) NonClass: 17040K(17152K)->17040K(17152K) Class: 1829K(1856K)->1829K(1856K)
[362.538s][info][gc             ] GC(891) Pause Young (Normal) (G1 Evacuation Pause) 911M->817M(978M) 60.224ms
[362.538s][info][gc,cpu         ] GC(891) User=0.11s Sys=0.00s Real=0.06s
[362.682s][info][gc,start       ] GC(892) Pause Young (Normal) (G1 Evacuation Pause)
[362.682s][info][gc,task        ] GC(892) Using 2 workers of 2 for evacuation
[362.738s][info][gc,phases      ] GC(892)   Pre Evacuate Collection Set: 0.50ms
[362.738s][info][gc,phases      ] GC(892)   Merge Heap Roots: 0.33ms
[362.738s][info][gc,phases      ] GC(892)   Evacuate Collection Set: 54.10ms
[362.738s][info][gc,phases      ] GC(892)   Post Evacuate Collection Set: 0.41ms
[362.738s][info][gc,phases      ] GC(892)   Other: 0.10ms
[362.738s][info][gc,heap        ] GC(892) Eden regions: 92->0(74)
[362.738s][info][gc,heap        ] GC(892) Survivor regions: 18->14(14)
[362.738s][info][gc,heap        ] GC(892) Old regions: 789->815
[362.738s][info][gc,heap        ] GC(892) Humongous regions: 11->11
[362.738s][info][gc,metaspace   ] GC(892) Metaspace: 18869K(19008K)->18869K(19008K) NonClass: 17040K(17152K)->17040K(17152K) Class: 1829K(1856K)->1829K(1856K)
[362.738s][info][gc             ] GC(892) Pause Young (Normal) (G1 Evacuation Pause) 909M->839M(978M) 55.658ms
[362.738s][info][gc,cpu         ] GC(892) User=0.11s Sys=0.00s Real=0.05s
[362.845s][info][gc,start       ] GC(893) Pause Young (Normal) (G1 Evacuation Pause)
[362.845s][info][gc,task        ] GC(893) Using 2 workers of 2 for evacuation
[362.885s][info][gc,phases      ] GC(893)   Pre Evacuate Collection Set: 0.49ms
[362.886s][info][gc,phases      ] GC(893)   Merge Heap Roots: 0.29ms
[362.886s][info][gc,phases      ] GC(893)   Evacuate Collection Set: 38.89ms
[362.886s][info][gc,phases      ] GC(893)   Post Evacuate Collection Set: 0.37ms
[362.886s][info][gc,phases      ] GC(893)   Other: 0.10ms
[362.886s][info][gc,heap        ] GC(893) Eden regions: 74->0(60)
[362.886s][info][gc,heap        ] GC(893) Survivor regions: 14->11(11)
[362.886s][info][gc,heap        ] GC(893) Old regions: 815->835
[362.886s][info][gc,heap        ] GC(893) Humongous regions: 11->11
[362.886s][info][gc,metaspace   ] GC(893) Metaspace: 18869K(19008K)->18869K(19008K) NonClass: 17040K(17152K)->17040K(17152K) Class: 1829K(1856K)->1829K(1856K)
[362.886s][info][gc             ] GC(893) Pause Young (Normal) (G1 Evacuation Pause) 913M->856M(978M) 40.419ms
[362.886s][info][gc,cpu         ] GC(893) User=0.08s Sys=0.00s Real=0.04s
[362.951s][info][gc,marking     ] GC(879) Concurrent Rebuild Remembered Sets and Scrub Regions 758.082ms
[362.952s][info][gc,start       ] GC(879) Pause Cleanup
[362.952s][info][gc             ] GC(879) Pause Cleanup 879M->879M(978M) 0.157ms
[362.952s][info][gc,cpu         ] GC(879) User=0.00s Sys=0.00s Real=0.00s
[362.952s][info][gc,marking     ] GC(879) Concurrent Clear Claimed Marks
[362.952s][info][gc,marking     ] GC(879) Concurrent Clear Claimed Marks 0.032ms
[362.952s][info][gc,marking     ] GC(879) Concurrent Cleanup for Next Mark
[362.955s][info][gc,marking     ] GC(879) Concurrent Cleanup for Next Mark 2.896ms
[362.955s][info][gc             ] GC(879) Concurrent Mark Cycle 2623.059ms
[363.003s][info][gc,start       ] GC(894) Pause Young (Prepare Mixed) (G1 Evacuation Pause)
[363.004s][info][gc,task        ] GC(894) Using 2 workers of 2 for evacuation
[363.026s][info][gc,phases      ] GC(894)   Pre Evacuate Collection Set: 0.34ms
[363.026s][info][gc,phases      ] GC(894)   Merge Heap Roots: 0.23ms
[363.026s][info][gc,phases      ] GC(894)   Evacuate Collection Set: 21.45ms
[363.026s][info][gc,phases      ] GC(894)   Post Evacuate Collection Set: 0.41ms
[363.026s][info][gc,phases      ] GC(894)   Other: 0.11ms
[363.026s][info][gc,heap        ] GC(894) Eden regions: 60->0(60)
[363.026s][info][gc,heap        ] GC(894) Survivor regions: 11->5(9)
[363.026s][info][gc,heap        ] GC(894) Old regions: 835->847
[363.026s][info][gc,heap        ] GC(894) Humongous regions: 11->11
[363.026s][info][gc,metaspace   ] GC(894) Metaspace: 18869K(19008K)->18869K(19008K) NonClass: 17040K(17152K)->17040K(17152K) Class: 1829K(1856K)->1829K(1856K)
[363.026s][info][gc             ] GC(894) Pause Young (Prepare Mixed) (G1 Evacuation Pause) 916M->862M(978M) 22.825ms
[363.026s][info][gc,cpu         ] GC(894) User=0.05s Sys=0.00s Real=0.02s
[363.078s][info][gc,start       ] GC(895) Pause Young (Mixed) (G1 Evacuation Pause)
[363.078s][info][gc,task        ] GC(895) Using 2 workers of 2 for evacuation
[363.102s][info][gc,phases      ] GC(895)   Pre Evacuate Collection Set: 0.36ms
[363.102s][info][gc,phases      ] GC(895)   Merge Heap Roots: 0.39ms
[363.102s][info][gc,phases      ] GC(895)   Evacuate Collection Set: 23.01ms
[363.102s][info][gc,phases      ] GC(895)   Post Evacuate Collection Set: 0.49ms
[363.102s][info][gc,phases      ] GC(895)   Other: 0.09ms
[363.102s][info][gc,heap        ] GC(895) Eden regions: 60->0(110)
[363.102s][info][gc,heap        ] GC(895) Survivor regions: 5->2(9)
[363.102s][info][gc,heap        ] GC(895) Old regions: 847->786
[363.102s][info][gc,heap        ] GC(895) Humongous regions: 11->11
[363.102s][info][gc,metaspace   ] GC(895) Metaspace: 18869K(19008K)->18869K(19008K) NonClass: 17040K(17152K)->17040K(17152K) Class: 1829K(1856K)->1829K(1856K)
[363.102s][info][gc             ] GC(895) Pause Young (Mixed) (G1 Evacuation Pause) 922M->798M(978M) 24.598ms
[363.103s][info][gc,cpu         ] GC(895) User=0.05s Sys=0.00s Real=0.03s
[363.238s][info][gc,start       ] GC(896) Pause Young (Concurrent Start) (G1 Evacuation Pause)
[363.239s][info][gc,task        ] GC(896) Using 2 workers of 2 for evacuation
[363.248s][info][gc,phases      ] GC(896)   Pre Evacuate Collection Set: 0.33ms
[363.248s][info][gc,phases      ] GC(896)   Merge Heap Roots: 0.21ms
[363.248s][info][gc,phases      ] GC(896)   Evacuate Collection Set: 8.46ms
[363.248s][info][gc,phases      ] GC(896)   Post Evacuate Collection Set: 0.38ms
[363.248s][info][gc,phases      ] GC(896)   Other: 0.12ms
[363.248s][info][gc,heap        ] GC(896) Eden regions: 110->0(118)
[363.248s][info][gc,heap        ] GC(896) Survivor regions: 2->3(14)
[363.248s][info][gc,heap        ] GC(896) Old regions: 786->786
[363.248s][info][gc,heap        ] GC(896) Humongous regions: 11->11
[363.248s][info][gc,metaspace   ] GC(896) Metaspace: 18869K(19008K)->18869K(19008K) NonClass: 17040K(17152K)->17040K(17152K) Class: 1829K(1856K)->1829K(1856K)
[363.248s][info][gc             ] GC(896) Pause Young (Concurrent Start) (G1 Evacuation Pause) 908M->799M(978M) 9.762ms
[363.248s][info][gc             ] GC(897) Concurrent Mark Cycle
[363.248s][info][gc,marking     ] GC(897) Concurrent Scan Root Regions
[363.249s][info][gc,cpu         ] GC(896) User=0.02s Sys=0.00s Real=0.01s
[363.255s][info][gc,marking     ] GC(897) Concurrent Scan Root Regions 6.479ms
[363.255s][info][gc,marking     ] GC(897) Concurrent Mark
[363.255s][info][gc,marking     ] GC(897) Concurrent Mark From Roots
[363.255s][info][gc,task        ] GC(897) Using 1 workers of 1 for marking
[363.441s][info][gc,start       ] GC(898) Pause Young (Normal) (G1 Evacuation Pause)
[363.441s][info][gc,task        ] GC(898) Using 2 workers of 2 for evacuation
[363.457s][info][gc,phases      ] GC(898)   Pre Evacuate Collection Set: 0.52ms
[363.457s][info][gc,phases      ] GC(898)   Merge Heap Roots: 0.24ms
[363.457s][info][gc,phases      ] GC(898)   Evacuate Collection Set: 14.08ms
[363.457s][info][gc,phases      ] GC(898)   Post Evacuate Collection Set: 0.38ms
[363.457s][info][gc,phases      ] GC(898)   Other: 0.09ms
[363.457s][info][gc,heap        ] GC(898) Eden regions: 118->0(117)
[363.457s][info][gc,heap        ] GC(898) Survivor regions: 3->7(16)
[363.457s][info][gc,heap        ] GC(898) Old regions: 786->786
[363.457s][info][gc,heap        ] GC(898) Humongous regions: 11->11
[363.457s][info][gc,metaspace   ] GC(898) Metaspace: 18869K(19008K)->18869K(19008K) NonClass: 17040K(17152K)->17040K(17152K) Class: 1829K(1856K)->1829K(1856K)
[363.457s][info][gc             ] GC(898) Pause Young (Normal) (G1 Evacuation Pause) 917M->803M(978M) 15.517ms
[363.457s][info][gc,cpu         ] GC(898) User=0.03s Sys=0.00s Real=0.01s
[363.688s][info][gc,start       ] GC(899) Pause Young (Normal) (G1 Evacuation Pause)
[363.689s][info][gc,task        ] GC(899) Using 2 workers of 2 for evacuation
[363.702s][info][gc,phases      ] GC(899)   Pre Evacuate Collection Set: 0.50ms
[363.702s][info][gc,phases      ] GC(899)   Merge Heap Roots: 0.16ms
[363.702s][info][gc,phases      ] GC(899)   Evacuate Collection Set: 12.29ms
[363.702s][info][gc,phases      ] GC(899)   Post Evacuate Collection Set: 0.38ms
[363.702s][info][gc,phases      ] GC(899)   Other: 0.10ms
[363.702s][info][gc,heap        ] GC(899) Eden regions: 117->0(111)
[363.702s][info][gc,heap        ] GC(899) Survivor regions: 7->10(16)
[363.702s][info][gc,heap        ] GC(899) Old regions: 786->786
[363.702s][info][gc,heap        ] GC(899) Humongous regions: 11->11
[363.702s][info][gc,metaspace   ] GC(899) Metaspace: 18869K(19008K)->18869K(19008K) NonClass: 17040K(17152K)->17040K(17152K) Class: 1829K(1856K)->1829K(1856K)
[363.702s][info][gc             ] GC(899) Pause Young (Normal) (G1 Evacuation Pause) 920M->806M(978M) 13.661ms
[363.702s][info][gc,cpu         ] GC(899) User=0.03s Sys=0.00s Real=0.01s
[364.036s][info][gc,start       ] GC(900) Pause Young (Normal) (G1 Evacuation Pause)
[364.036s][info][gc,task        ] GC(900) Using 2 workers of 2 for evacuation
[364.069s][info][gc,phases      ] GC(900)   Pre Evacuate Collection Set: 0.52ms
[364.069s][info][gc,phases      ] GC(900)   Merge Heap Roots: 0.18ms
[364.069s][info][gc,phases      ] GC(900)   Evacuate Collection Set: 31.49ms
[364.069s][info][gc,phases      ] GC(900)   Post Evacuate Collection Set: 0.39ms
[364.069s][info][gc,phases      ] GC(900)   Other: 0.10ms
[364.069s][info][gc,heap        ] GC(900) Eden regions: 111->0(88)
[364.069s][info][gc,heap        ] GC(900) Survivor regions: 10->16(16)
[364.069s][info][gc,heap        ] GC(900) Old regions: 786->797
[364.069s][info][gc,heap        ] GC(900) Humongous regions: 11->11
[364.069s][info][gc,metaspace   ] GC(900) Metaspace: 18869K(19008K)->18869K(19008K) NonClass: 17040K(17152K)->17040K(17152K) Class: 1829K(1856K)->1829K(1856K)
[364.069s][info][gc             ] GC(900) Pause Young (Normal) (G1 Evacuation Pause) 917M->823M(978M) 32.946ms
[364.069s][info][gc,cpu         ] GC(900) User=0.06s Sys=0.00s Real=0.04s
[364.321s][info][gc,start       ] GC(901) Pause Young (Normal) (G1 Evacuation Pause)
[364.321s][info][gc,task        ] GC(901) Using 2 workers of 2 for evacuation
[364.352s][info][gc,phases      ] GC(901)   Pre Evacuate Collection Set: 0.30ms
[364.352s][info][gc,phases      ] GC(901)   Merge Heap Roots: 0.23ms
[364.352s][info][gc,phases      ] GC(901)   Evacuate Collection Set: 29.61ms
[364.352s][info][gc,phases      ] GC(901)   Post Evacuate Collection Set: 0.36ms
[364.352s][info][gc,phases      ] GC(901)   Other: 0.08ms
[364.352s][info][gc,heap        ] GC(901) Eden regions: 88->0(87)
[364.352s][info][gc,heap        ] GC(901) Survivor regions: 16->8(13)
[364.352s][info][gc,heap        ] GC(901) Old regions: 797->814
[364.352s][info][gc,heap        ] GC(901) Humongous regions: 11->11
[364.352s][info][gc,metaspace   ] GC(901) Metaspace: 18869K(19008K)->18869K(19008K) NonClass: 17040K(17152K)->17040K(17152K) Class: 1829K(1856K)->1829K(1856K)
[364.352s][info][gc             ] GC(901) Pause Young (Normal) (G1 Evacuation Pause) 911M->832M(978M) 30.868ms
[364.352s][info][gc,cpu         ] GC(901) User=0.06s Sys=0.00s Real=0.03s
[364.758s][info][gc,start       ] GC(902) Pause Young (Normal) (G1 Evacuation Pause)
[364.758s][info][gc,task        ] GC(902) Using 2 workers of 2 for evacuation
[364.769s][info][gc,phases      ] GC(902)   Pre Evacuate Collection Set: 0.33ms
[364.769s][info][gc,phases      ] GC(902)   Merge Heap Roots: 0.10ms
[364.769s][info][gc,phases      ] GC(902)   Evacuate Collection Set: 9.39ms
[364.769s][info][gc,phases      ] GC(902)   Post Evacuate Collection Set: 0.36ms
[364.769s][info][gc,phases      ] GC(902)   Other: 0.09ms
[364.769s][info][gc,heap        ] GC(902) Eden regions: 87->0(93)
[364.769s][info][gc,heap        ] GC(902) Survivor regions: 8->1(12)
[364.769s][info][gc,heap        ] GC(902) Old regions: 814->822
[364.769s][info][gc,heap        ] GC(902) Humongous regions: 11->11
[364.769s][info][gc,metaspace   ] GC(902) Metaspace: 18869K(19008K)->18869K(19008K) NonClass: 17040K(17152K)->17040K(17152K) Class: 1829K(1856K)->1829K(1856K)
[364.769s][info][gc             ] GC(902) Pause Young (Normal) (G1 Evacuation Pause) 919M->833M(978M) 10.547ms
[364.769s][info][gc,cpu         ] GC(902) User=0.02s Sys=0.00s Real=0.01s
[365.074s][info][gc,start       ] GC(903) Pause Young (Normal) (G1 Evacuation Pause)
[365.074s][info][gc,task        ] GC(903) Using 2 workers of 2 for evacuation
[365.075s][info][gc,phases      ] GC(903)   Pre Evacuate Collection Set: 0.31ms
[365.075s][info][gc,phases      ] GC(903)   Merge Heap Roots: 0.09ms
[365.075s][info][gc,phases      ] GC(903)   Evacuate Collection Set: 0.60ms
[365.075s][info][gc,phases      ] GC(903)   Post Evacuate Collection Set: 0.31ms
[365.075s][info][gc,phases      ] GC(903)   Other: 0.10ms
[365.076s][info][gc,heap        ] GC(903) Eden regions: 93->0(93)
[365.076s][info][gc,heap        ] GC(903) Survivor regions: 1->1(12)
[365.076s][info][gc,heap        ] GC(903) Old regions: 822->822
[365.076s][info][gc,heap        ] GC(903) Humongous regions: 11->11
[365.076s][info][gc,metaspace   ] GC(903) Metaspace: 18869K(19008K)->18869K(19008K) NonClass: 17040K(17152K)->17040K(17152K) Class: 1829K(1856K)->1829K(1856K)
[365.076s][info][gc             ] GC(903) Pause Young (Normal) (G1 Evacuation Pause) 926M->832M(978M) 1.658ms
[365.076s][info][gc,cpu         ] GC(903) User=0.00s Sys=0.00s Real=0.00s
[365.205s][info][gc,marking     ] GC(897) Concurrent Mark From Roots 1949.765ms
[365.205s][info][gc,marking     ] GC(897) Concurrent Preclean
[365.205s][info][gc,marking     ] GC(897) Concurrent Preclean 0.063ms
[365.205s][info][gc,start       ] GC(897) Pause Remark
[365.213s][info][gc             ] GC(897) Pause Remark 866M->687M(978M) 8.224ms
[365.213s][info][gc,cpu         ] GC(897) User=0.02s Sys=0.00s Real=0.01s
[365.213s][info][gc,marking     ] GC(897) Concurrent Mark 1958.421ms
[365.213s][info][gc,marking     ] GC(897) Concurrent Rebuild Remembered Sets and Scrub Regions
[365.444s][info][gc,start       ] GC(904) Pause Young (Normal) (G1 Evacuation Pause)
[365.444s][info][gc,task        ] GC(904) Using 2 workers of 2 for evacuation
[365.445s][info][gc,phases      ] GC(904)   Pre Evacuate Collection Set: 0.31ms
[365.446s][info][gc,phases      ] GC(904)   Merge Heap Roots: 0.09ms
[365.446s][info][gc,phases      ] GC(904)   Evacuate Collection Set: 0.82ms
[365.446s][info][gc,phases      ] GC(904)   Post Evacuate Collection Set: 0.31ms
[365.446s][info][gc,phases      ] GC(904)   Other: 0.10ms
[365.446s][info][gc,heap        ] GC(904) Eden regions: 93->0(234)
[365.446s][info][gc,heap        ] GC(904) Survivor regions: 1->1(12)
[365.446s][info][gc,heap        ] GC(904) Old regions: 648->648
[365.446s][info][gc,heap        ] GC(904) Humongous regions: 6->6
[365.446s][info][gc,metaspace   ] GC(904) Metaspace: 18869K(19008K)->18869K(19008K) NonClass: 17040K(17152K)->17040K(17152K) Class: 1829K(1856K)->1829K(1856K)
[365.446s][info][gc             ] GC(904) Pause Young (Normal) (G1 Evacuation Pause) 746M->653M(978M) 1.868ms
[365.446s][info][gc,cpu         ] GC(904) User=0.01s Sys=0.00s Real=0.00s
[365.819s][info][gc,marking     ] GC(897) Concurrent Rebuild Remembered Sets and Scrub Regions 605.477ms
[365.819s][info][gc,start       ] GC(897) Pause Cleanup
[365.819s][info][gc             ] GC(897) Pause Cleanup 760M->760M(978M) 0.142ms
[365.819s][info][gc,cpu         ] GC(897) User=0.00s Sys=0.00s Real=0.00s
[365.819s][info][gc,marking     ] GC(897) Concurrent Clear Claimed Marks
[365.819s][info][gc,marking     ] GC(897) Concurrent Clear Claimed Marks 0.034ms
[365.819s][info][gc,marking     ] GC(897) Concurrent Cleanup for Next Mark
[365.822s][info][gc,marking     ] GC(897) Concurrent Cleanup for Next Mark 2.921ms
[365.822s][info][gc             ] GC(897) Concurrent Mark Cycle 2573.891ms
[366.130s][info][gc,start       ] GC(905) Pause Young (Prepare Mixed) (G1 Evacuation Pause)
[366.130s][info][gc,task        ] GC(905) Using 2 workers of 2 for evacuation
[366.132s][info][gc,phases      ] GC(905)   Pre Evacuate Collection Set: 0.56ms
[366.132s][info][gc,phases      ] GC(905)   Merge Heap Roots: 0.13ms
[366.132s][info][gc,phases      ] GC(905)   Evacuate Collection Set: 0.68ms
[366.132s][info][gc,phases      ] GC(905)   Post Evacuate Collection Set: 0.50ms
[366.132s][info][gc,phases      ] GC(905)   Other: 0.12ms
[366.132s][info][gc,heap        ] GC(905) Eden regions: 234->0(248)
[366.132s][info][gc,heap        ] GC(905) Survivor regions: 1->1(30)
[366.132s][info][gc,heap        ] GC(905) Old regions: 648->648
[366.132s][info][gc,heap        ] GC(905) Humongous regions: 6->6
[366.132s][info][gc,metaspace   ] GC(905) Metaspace: 18869K(19008K)->18869K(19008K) NonClass: 17040K(17152K)->17040K(17152K) Class: 1829K(1856K)->1829K(1856K)
[366.132s][info][gc             ] GC(905) Pause Young (Prepare Mixed) (G1 Evacuation Pause) 887M->653M(978M) 2.290ms
[366.132s][info][gc,cpu         ] GC(905) User=0.00s Sys=0.00s Real=0.00s
[366.761s][info][gc,start       ] GC(906) Pause Young (Mixed) (G1 Evacuation Pause)
[366.761s][info][gc,task        ] GC(906) Using 2 workers of 2 for evacuation
[366.830s][info][gc,phases      ] GC(906)   Pre Evacuate Collection Set: 0.36ms
[366.830s][info][gc,phases      ] GC(906)   Merge Heap Roots: 1.32ms
[366.830s][info][gc,phases      ] GC(906)   Evacuate Collection Set: 66.17ms
[366.830s][info][gc,phases      ] GC(906)   Post Evacuate Collection Set: 0.61ms
[366.830s][info][gc,phases      ] GC(906)   Other: 0.10ms
[366.830s][info][gc,heap        ] GC(906) Eden regions: 248->0(302)
[366.830s][info][gc,heap        ] GC(906) Survivor regions: 1->1(32)
[366.830s][info][gc,heap        ] GC(906) Old regions: 648->591
[366.830s][info][gc,heap        ] GC(906) Humongous regions: 6->6
[366.830s][info][gc,metaspace   ] GC(906) Metaspace: 18869K(19008K)->18869K(19008K) NonClass: 17040K(17152K)->17040K(17152K) Class: 1829K(1856K)->1829K(1856K)
[366.830s][info][gc             ] GC(906) Pause Young (Mixed) (G1 Evacuation Pause) 901M->596M(978M) 68.934ms
[366.830s][info][gc,cpu         ] GC(906) User=0.14s Sys=0.00s Real=0.07s
[367.277s][info][gc,start       ] GC(907) Pause Young (Concurrent Start) (G1 Evacuation Pause)
[367.277s][info][gc,task        ] GC(907) Using 2 workers of 2 for evacuation
[367.349s][info][gc,phases      ] GC(907)   Pre Evacuate Collection Set: 0.37ms
[367.349s][info][gc,phases      ] GC(907)   Merge Heap Roots: 0.13ms
[367.349s][info][gc,phases      ] GC(907)   Evacuate Collection Set: 70.52ms
[367.349s][info][gc,phases      ] GC(907)   Post Evacuate Collection Set: 0.84ms
[367.349s][info][gc,phases      ] GC(907)   Other: 0.12ms
[367.349s][info][gc,heap        ] GC(907) Eden regions: 302->0(206)
[367.349s][info][gc,heap        ] GC(907) Survivor regions: 1->38(38)
[367.349s][info][gc,heap        ] GC(907) Old regions: 591->628
[367.349s][info][gc,heap        ] GC(907) Humongous regions: 6->6
[367.349s][info][gc,metaspace   ] GC(907) Metaspace: 18869K(19008K)->18869K(19008K) NonClass: 17040K(17152K)->17040K(17152K) Class: 1829K(1856K)->1829K(1856K)
[367.349s][info][gc             ] GC(907) Pause Young (Concurrent Start) (G1 Evacuation Pause) 898M->671M(978M) 72.280ms
[367.349s][info][gc             ] GC(908) Concurrent Mark Cycle
[367.349s][info][gc,marking     ] GC(908) Concurrent Scan Root Regions
[367.351s][info][gc,cpu         ] GC(907) User=0.15s Sys=0.00s Real=0.08s
[367.403s][info][gc,marking     ] GC(908) Concurrent Scan Root Regions 54.174ms
[367.403s][info][gc,marking     ] GC(908) Concurrent Mark
[367.403s][info][gc,marking     ] GC(908) Concurrent Mark From Roots
[367.403s][info][gc,task        ] GC(908) Using 1 workers of 1 for marking
[367.887s][info][gc,start       ] GC(909) Pause Young (Normal) (G1 Evacuation Pause)
[367.887s][info][gc,task        ] GC(909) Using 2 workers of 2 for evacuation
[367.991s][info][gc,phases      ] GC(909)   Pre Evacuate Collection Set: 0.31ms
[367.991s][info][gc,phases      ] GC(909)   Merge Heap Roots: 0.39ms
[367.991s][info][gc,phases      ] GC(909)   Evacuate Collection Set: 102.24ms
[367.991s][info][gc,phases      ] GC(909)   Post Evacuate Collection Set: 0.58ms
[367.991s][info][gc,phases      ] GC(909)   Other: 0.09ms
[367.991s][info][gc,heap        ] GC(909) Eden regions: 206->0(179)
[367.991s][info][gc,heap        ] GC(909) Survivor regions: 38->31(31)
[367.991s][info][gc,heap        ] GC(909) Old regions: 628->667
[367.991s][info][gc,heap        ] GC(909) Humongous regions: 9->9
[367.991s][info][gc,metaspace   ] GC(909) Metaspace: 18869K(19008K)->18869K(19008K) NonClass: 17040K(17152K)->17040K(17152K) Class: 1829K(1856K)->1829K(1856K)
[367.991s][info][gc             ] GC(909) Pause Young (Normal) (G1 Evacuation Pause) 880M->705M(978M) 103.911ms
[367.991s][info][gc,cpu         ] GC(909) User=0.21s Sys=0.00s Real=0.11s
[368.352s][info][gc,start       ] GC(910) Pause Young (Normal) (G1 Evacuation Pause)
[368.353s][info][gc,task        ] GC(910) Using 2 workers of 2 for evacuation
[368.434s][info][gc,phases      ] GC(910)   Pre Evacuate Collection Set: 0.32ms
[368.434s][info][gc,phases      ] GC(910)   Merge Heap Roots: 0.32ms
[368.434s][info][gc,phases      ] GC(910)   Evacuate Collection Set: 80.14ms
[368.434s][info][gc,phases      ] GC(910)   Post Evacuate Collection Set: 0.50ms
[368.434s][info][gc,phases      ] GC(910)   Other: 0.09ms
[368.434s][info][gc,heap        ] GC(910) Eden regions: 179->0(160)
[368.434s][info][gc,heap        ] GC(910) Survivor regions: 31->27(27)
[368.434s][info][gc,heap        ] GC(910) Old regions: 667->699
[368.434s][info][gc,heap        ] GC(910) Humongous regions: 9->9
[368.434s][info][gc,metaspace   ] GC(910) Metaspace: 18869K(19008K)->18869K(19008K) NonClass: 17040K(17152K)->17040K(17152K) Class: 1829K(1856K)->1829K(1856K)
[368.434s][info][gc             ] GC(910) Pause Young (Normal) (G1 Evacuation Pause) 884M->734M(978M) 81.688ms
[368.434s][info][gc,cpu         ] GC(910) User=0.17s Sys=0.00s Real=0.08s
[368.677s][info][gc,start       ] GC(911) Pause Young (Normal) (G1 Evacuation Pause)
[368.677s][info][gc,task        ] GC(911) Using 2 workers of 2 for evacuation
[368.714s][info][gc,phases      ] GC(911)   Pre Evacuate Collection Set: 0.32ms
[368.714s][info][gc,phases      ] GC(911)   Merge Heap Roots: 0.17ms
[368.714s][info][gc,phases      ] GC(911)   Evacuate Collection Set: 36.33ms
[368.714s][info][gc,phases      ] GC(911)   Post Evacuate Collection Set: 0.47ms
[368.714s][info][gc,phases      ] GC(911)   Other: 0.11ms
[368.714s][info][gc,heap        ] GC(911) Eden regions: 160->0(164)
[368.714s][info][gc,heap        ] GC(911) Survivor regions: 27->7(24)
[368.714s][info][gc,heap        ] GC(911) Old regions: 699->727
[368.714s][info][gc,heap        ] GC(911) Humongous regions: 9->9
[368.714s][info][gc,metaspace   ] GC(911) Metaspace: 18871K(19008K)->18871K(19008K) NonClass: 17042K(17152K)->17042K(17152K) Class: 1829K(1856K)->1829K(1856K)
[368.714s][info][gc             ] GC(911) Pause Young (Normal) (G1 Evacuation Pause) 894M->742M(978M) 37.640ms
[368.714s][info][gc,cpu         ] GC(911) User=0.07s Sys=0.00s Real=0.04s
[368.916s][info][gc,start       ] GC(912) Pause Young (Normal) (G1 Evacuation Pause)
[368.916s][info][gc,task        ] GC(912) Using 2 workers of 2 for evacuation
[368.943s][info][gc,phases      ] GC(912)   Pre Evacuate Collection Set: 0.51ms
[368.943s][info][gc,phases      ] GC(912)   Merge Heap Roots: 0.23ms
[368.943s][info][gc,phases      ] GC(912)   Evacuate Collection Set: 24.87ms
[368.943s][info][gc,phases      ] GC(912)   Post Evacuate Collection Set: 0.44ms
[368.943s][info][gc,phases      ] GC(912)   Other: 0.10ms
[368.943s][info][gc,heap        ] GC(912) Eden regions: 164->0(154)
[368.943s][info][gc,heap        ] GC(912) Survivor regions: 7->19(22)
[368.943s][info][gc,heap        ] GC(912) Old regions: 727->727
[368.943s][info][gc,heap        ] GC(912) Humongous regions: 9->9
[368.943s][info][gc,metaspace   ] GC(912) Metaspace: 18871K(19008K)->18871K(19008K) NonClass: 17042K(17152K)->17042K(17152K) Class: 1829K(1856K)->1829K(1856K)
[368.943s][info][gc             ] GC(912) Pause Young (Normal) (G1 Evacuation Pause) 906M->753M(978M) 26.407ms
[368.943s][info][gc,cpu         ] GC(912) User=0.05s Sys=0.00s Real=0.03s
[369.129s][info][gc,start       ] GC(913) Pause Young (Normal) (G1 Evacuation Pause)
[369.129s][info][gc,task        ] GC(913) Using 2 workers of 2 for evacuation
[369.157s][info][gc,phases      ] GC(913)   Pre Evacuate Collection Set: 0.53ms
[369.157s][info][gc,phases      ] GC(913)   Merge Heap Roots: 0.20ms
[369.157s][info][gc,phases      ] GC(913)   Evacuate Collection Set: 27.02ms
[369.157s][info][gc,phases      ] GC(913)   Post Evacuate Collection Set: 0.46ms
[369.157s][info][gc,phases      ] GC(913)   Other: 0.10ms
[369.157s][info][gc,heap        ] GC(913) Eden regions: 154->0(158)
[369.157s][info][gc,heap        ] GC(913) Survivor regions: 19->12(22)
[369.157s][info][gc,heap        ] GC(913) Old regions: 727->737
[369.157s][info][gc,heap        ] GC(913) Humongous regions: 9->9
[369.157s][info][gc,metaspace   ] GC(913) Metaspace: 18872K(19008K)->18872K(19008K) NonClass: 17043K(17152K)->17043K(17152K) Class: 1829K(1856K)->1829K(1856K)
[369.157s][info][gc             ] GC(913) Pause Young (Normal) (G1 Evacuation Pause) 907M->756M(978M) 28.568ms
[369.157s][info][gc,cpu         ] GC(913) User=0.05s Sys=0.00s Real=0.02s
[369.354s][info][gc,start       ] GC(914) Pause Young (Normal) (G1 Evacuation Pause)
[369.354s][info][gc,task        ] GC(914) Using 2 workers of 2 for evacuation
[369.391s][info][gc,phases      ] GC(914)   Pre Evacuate Collection Set: 0.51ms
[369.391s][info][gc,phases      ] GC(914)   Merge Heap Roots: 0.13ms
[369.391s][info][gc,phases      ] GC(914)   Evacuate Collection Set: 35.22ms
[369.391s][info][gc,phases      ] GC(914)   Post Evacuate Collection Set: 0.46ms
[369.391s][info][gc,phases      ] GC(914)   Other: 0.09ms
[369.391s][info][gc,heap        ] GC(914) Eden regions: 158->0(124)
[369.391s][info][gc,heap        ] GC(914) Survivor regions: 12->22(22)
[369.391s][info][gc,heap        ] GC(914) Old regions: 737->751
[369.391s][info][gc,heap        ] GC(914) Humongous regions: 9->9
[369.391s][info][gc,metaspace   ] GC(914) Metaspace: 18874K(19008K)->18874K(19008K) NonClass: 17045K(17152K)->17045K(17152K) Class: 1829K(1856K)->1829K(1856K)
[369.391s][info][gc             ] GC(914) Pause Young (Normal) (G1 Evacuation Pause) 914M->781M(978M) 36.668ms
[369.391s][info][gc,cpu         ] GC(914) User=0.07s Sys=0.00s Real=0.04s
[369.584s][info][gc,start       ] GC(915) Pause Young (Normal) (G1 Evacuation Pause)
[369.584s][info][gc,task        ] GC(915) Using 2 workers of 2 for evacuation
[369.626s][info][gc,phases      ] GC(915)   Pre Evacuate Collection Set: 0.33ms
[369.626s][info][gc,phases      ] GC(915)   Merge Heap Roots: 0.17ms
[369.626s][info][gc,phases      ] GC(915)   Evacuate Collection Set: 41.17ms
[369.626s][info][gc,phases      ] GC(915)   Post Evacuate Collection Set: 0.45ms
[369.626s][info][gc,phases      ] GC(915)   Other: 0.08ms
[369.626s][info][gc,heap        ] GC(915) Eden regions: 124->0(116)
[369.626s][info][gc,heap        ] GC(915) Survivor regions: 22->15(19)
[369.626s][info][gc,heap        ] GC(915) Old regions: 751->773
[369.626s][info][gc,heap        ] GC(915) Humongous regions: 9->9
[369.626s][info][gc,metaspace   ] GC(915) Metaspace: 18874K(19008K)->18874K(19008K) NonClass: 17045K(17152K)->17045K(17152K) Class: 1829K(1856K)->1829K(1856K)
[369.626s][info][gc             ] GC(915) Pause Young (Normal) (G1 Evacuation Pause) 905M->796M(978M) 42.497ms
[369.626s][info][gc,cpu         ] GC(915) User=0.08s Sys=0.00s Real=0.04s
[369.764s][info][gc,start       ] GC(916) Pause Young (Normal) (G1 Evacuation Pause)
[369.764s][info][gc,task        ] GC(916) Using 2 workers of 2 for evacuation
[369.813s][info][gc,phases      ] GC(916)   Pre Evacuate Collection Set: 0.51ms
[369.813s][info][gc,phases      ] GC(916)   Merge Heap Roots: 0.28ms
[369.813s][info][gc,phases      ] GC(916)   Evacuate Collection Set: 46.94ms
[369.813s][info][gc,phases      ] GC(916)   Post Evacuate Collection Set: 0.39ms
[369.813s][info][gc,phases      ] GC(916)   Other: 0.10ms
[369.813s][info][gc,heap        ] GC(916) Eden regions: 116->0(92)
[369.813s][info][gc,heap        ] GC(916) Survivor regions: 15->17(17)
[369.813s][info][gc,heap        ] GC(916) Old regions: 773->793
[369.813s][info][gc,heap        ] GC(916) Humongous regions: 9->9
[369.813s][info][gc,metaspace   ] GC(916) Metaspace: 18874K(19008K)->18874K(19008K) NonClass: 17045K(17152K)->17045K(17152K) Class: 1829K(1856K)->1829K(1856K)
[369.813s][info][gc             ] GC(916) Pause Young (Normal) (G1 Evacuation Pause) 912M->818M(978M) 48.489ms
[369.813s][info][gc,cpu         ] GC(916) User=0.10s Sys=0.00s Real=0.05s
[369.873s][info][gc,marking     ] GC(908) Concurrent Mark From Roots 2469.534ms
[369.873s][info][gc,marking     ] GC(908) Concurrent Preclean
[369.873s][info][gc,marking     ] GC(908) Concurrent Preclean 0.054ms
[369.873s][info][gc,start       ] GC(908) Pause Remark
[369.881s][info][gc             ] GC(908) Pause Remark 850M->840M(978M) 8.055ms
[369.881s][info][gc,cpu         ] GC(908) User=0.02s Sys=0.00s Real=0.01s
[369.881s][info][gc,marking     ] GC(908) Concurrent Mark 2478.000ms
[369.881s][info][gc,marking     ] GC(908) Concurrent Rebuild Remembered Sets and Scrub Regions
[369.973s][info][gc,start       ] GC(917) Pause Young (Normal) (G1 Evacuation Pause)
[369.973s][info][gc,task        ] GC(917) Using 2 workers of 2 for evacuation
[369.996s][info][gc,phases      ] GC(917)   Pre Evacuate Collection Set: 0.50ms
[369.996s][info][gc,phases      ] GC(917)   Merge Heap Roots: 0.16ms
[369.996s][info][gc,phases      ] GC(917)   Evacuate Collection Set: 21.45ms
[369.996s][info][gc,phases      ] GC(917)   Post Evacuate Collection Set: 0.36ms
[369.996s][info][gc,phases      ] GC(917)   Other: 0.09ms
[369.996s][info][gc,heap        ] GC(917) Eden regions: 92->0(114)
[369.996s][info][gc,heap        ] GC(917) Survivor regions: 17->2(14)
[369.996s][info][gc,heap        ] GC(917) Old regions: 783->801
[369.996s][info][gc,heap        ] GC(917) Humongous regions: 9->9
[369.996s][info][gc,metaspace   ] GC(917) Metaspace: 18874K(19008K)->18874K(19008K) NonClass: 17045K(17152K)->17045K(17152K) Class: 1829K(1856K)->1829K(1856K)
[369.996s][info][gc             ] GC(917) Pause Young (Normal) (G1 Evacuation Pause) 900M->811M(978M) 22.833ms
[369.996s][info][gc,cpu         ] GC(917) User=0.04s Sys=0.00s Real=0.02s
[370.502s][info][gc,start       ] GC(918) Pause Young (Normal) (G1 Evacuation Pause)
[370.503s][info][gc,task        ] GC(918) Using 2 workers of 2 for evacuation
[370.511s][info][gc,phases      ] GC(918)   Pre Evacuate Collection Set: 0.50ms
[370.511s][info][gc,phases      ] GC(918)   Merge Heap Roots: 0.14ms
[370.511s][info][gc,phases      ] GC(918)   Evacuate Collection Set: 7.00ms
[370.511s][info][gc,phases      ] GC(918)   Post Evacuate Collection Set: 0.34ms
[370.511s][info][gc,phases      ] GC(918)   Other: 0.08ms
[370.511s][info][gc,heap        ] GC(918) Eden regions: 114->0(106)
[370.511s][info][gc,heap        ] GC(918) Survivor regions: 2->6(15)
[370.511s][info][gc,heap        ] GC(918) Old regions: 801->801
[370.511s][info][gc,heap        ] GC(918) Humongous regions: 9->9
[370.511s][info][gc,metaspace   ] GC(918) Metaspace: 18874K(19008K)->18874K(19008K) NonClass: 17045K(17152K)->17045K(17152K) Class: 1829K(1856K)->1829K(1856K)
[370.511s][info][gc             ] GC(918) Pause Young (Normal) (G1 Evacuation Pause) 925M->814M(978M) 8.296ms
[370.511s][info][gc,cpu         ] GC(918) User=0.01s Sys=0.00s Real=0.01s
[370.652s][info][gc,marking     ] GC(908) Concurrent Rebuild Remembered Sets and Scrub Regions 770.581ms
[370.652s][info][gc,start       ] GC(908) Pause Cleanup
[370.653s][info][gc             ] GC(908) Pause Cleanup 856M->856M(978M) 0.138ms
[370.653s][info][gc,cpu         ] GC(908) User=0.00s Sys=0.00s Real=0.00s
[370.653s][info][gc,marking     ] GC(908) Concurrent Clear Claimed Marks
[370.653s][info][gc,marking     ] GC(908) Concurrent Clear Claimed Marks 0.032ms
[370.653s][info][gc,marking     ] GC(908) Concurrent Cleanup for Next Mark
[370.660s][info][gc,marking     ] GC(908) Concurrent Cleanup for Next Mark 6.950ms
[370.660s][info][gc             ] GC(908) Concurrent Mark Cycle 3310.737ms
[370.780s][info][gc,start       ] GC(919) Pause Young (Prepare Mixed) (G1 Evacuation Pause)
[370.780s][info][gc,task        ] GC(919) Using 2 workers of 2 for evacuation
[370.790s][info][gc,phases      ] GC(919)   Pre Evacuate Collection Set: 0.31ms
[370.790s][info][gc,phases      ] GC(919)   Merge Heap Roots: 0.12ms
[370.790s][info][gc,phases      ] GC(919)   Evacuate Collection Set: 8.84ms
[370.790s][info][gc,phases      ] GC(919)   Post Evacuate Collection Set: 0.40ms
[370.790s][info][gc,phases      ] GC(919)   Other: 0.10ms
[370.790s][info][gc,heap        ] GC(919) Eden regions: 106->0(97)
[370.790s][info][gc,heap        ] GC(919) Survivor regions: 6->7(14)
[370.790s][info][gc,heap        ] GC(919) Old regions: 801->801
[370.790s][info][gc,heap        ] GC(919) Humongous regions: 9->9
[370.790s][info][gc,metaspace   ] GC(919) Metaspace: 18874K(19008K)->18874K(19008K) NonClass: 17045K(17152K)->17045K(17152K) Class: 1829K(1856K)->1829K(1856K)
[370.790s][info][gc             ] GC(919) Pause Young (Prepare Mixed) (G1 Evacuation Pause) 920M->816M(978M) 9.970ms
[370.790s][info][gc,cpu         ] GC(919) User=0.02s Sys=0.00s Real=0.01s
[370.891s][info][gc,start       ] GC(920) Pause Young (Mixed) (G1 Evacuation Pause)
[370.891s][info][gc,task        ] GC(920) Using 2 workers of 2 for evacuation
[370.917s][info][gc,phases      ] GC(920)   Pre Evacuate Collection Set: 0.31ms
[370.917s][info][gc,phases      ] GC(920)   Merge Heap Roots: 0.12ms
[370.917s][info][gc,phases      ] GC(920)   Evacuate Collection Set: 24.11ms
[370.917s][info][gc,phases      ] GC(920)   Merge Optional Heap Roots: 0.04ms
[370.917s][info][gc,phases      ] GC(920)   Evacuate Optional Collection Set: 0.42ms
[370.917s][info][gc,phases      ] GC(920)   Post Evacuate Collection Set: 0.47ms
[370.917s][info][gc,phases      ] GC(920)   Other: 0.12ms
[370.917s][info][gc,heap        ] GC(920) Eden regions: 104->0(72)
[370.917s][info][gc,heap        ] GC(920) Survivor regions: 7->14(14)
[370.917s][info][gc,heap        ] GC(920) Old regions: 801->798
[370.917s][info][gc,heap        ] GC(920) Humongous regions: 9->9
[370.917s][info][gc,metaspace   ] GC(920) Metaspace: 18874K(19008K)->18874K(19008K) NonClass: 17045K(17152K)->17045K(17152K) Class: 1829K(1856K)->1829K(1856K)
[370.917s][info][gc             ] GC(920) Pause Young (Mixed) (G1 Evacuation Pause) 920M->820M(978M) 25.888ms
[370.917s][info][gc,cpu         ] GC(920) User=0.05s Sys=0.00s Real=0.02s
[371.059s][info][gc,start       ] GC(921) Pause Young (Mixed) (G1 Evacuation Pause)
[371.059s][info][gc,task        ] GC(921) Using 2 workers of 2 for evacuation
[371.087s][info][gc,phases      ] GC(921)   Pre Evacuate Collection Set: 0.33ms
[371.087s][info][gc,phases      ] GC(921)   Merge Heap Roots: 0.15ms
[371.087s][info][gc,phases      ] GC(921)   Evacuate Collection Set: 26.51ms
[371.087s][info][gc,phases      ] GC(921)   Post Evacuate Collection Set: 0.38ms
[371.087s][info][gc,phases      ] GC(921)   Other: 0.12ms
[371.087s][info][gc,heap        ] GC(921) Eden regions: 89->0(90)
[371.087s][info][gc,heap        ] GC(921) Survivor regions: 14->9(13)
[371.087s][info][gc,heap        ] GC(921) Old regions: 798->811
[371.087s][info][gc,heap        ] GC(921) Humongous regions: 9->9
[371.087s][info][gc,metaspace   ] GC(921) Metaspace: 18874K(19008K)->18874K(19008K) NonClass: 17045K(17152K)->17045K(17152K) Class: 1829K(1856K)->1829K(1856K)
[371.087s][info][gc             ] GC(921) Pause Young (Mixed) (G1 Evacuation Pause) 909M->828M(978M) 27.765ms
[371.087s][info][gc,cpu         ] GC(921) User=0.06s Sys=0.00s Real=0.02s
[371.147s][info][gc,start       ] GC(922) Pause Young (Mixed) (G1 Evacuation Pause)
[371.147s][info][gc,task        ] GC(922) Using 2 workers of 2 for evacuation
[371.185s][info][gc,phases      ] GC(922)   Pre Evacuate Collection Set: 0.32ms
[371.186s][info][gc,phases      ] GC(922)   Merge Heap Roots: 0.09ms
[371.186s][info][gc,phases      ] GC(922)   Evacuate Collection Set: 37.18ms
[371.186s][info][gc,phases      ] GC(922)   Post Evacuate Collection Set: 0.50ms
[371.186s][info][gc,phases      ] GC(922)   Other: 0.12ms
[371.186s][info][gc,heap        ] GC(922) Eden regions: 90->0(55)
[371.186s][info][gc,heap        ] GC(922) Survivor regions: 9->13(13)
[371.186s][info][gc,heap        ] GC(922) Old regions: 811->838
[371.186s][info][gc,heap        ] GC(922) Humongous regions: 9->9
[371.186s][info][gc,metaspace   ] GC(922) Metaspace: 18874K(19008K)->18874K(19008K) NonClass: 17045K(17152K)->17045K(17152K) Class: 1829K(1856K)->1829K(1856K)
[371.186s][info][gc             ] GC(922) Pause Young (Mixed) (G1 Evacuation Pause) 918M->859M(978M) 38.477ms
[371.186s][info][gc,cpu         ] GC(922) User=0.08s Sys=0.00s Real=0.04s
[371.235s][info][gc,start       ] GC(923) Pause Young (Concurrent Start) (G1 Evacuation Pause)
[371.235s][info][gc,task        ] GC(923) Using 2 workers of 2 for evacuation
[371.270s][info][gc,phases      ] GC(923)   Pre Evacuate Collection Set: 0.34ms
[371.270s][info][gc,phases      ] GC(923)   Merge Heap Roots: 0.25ms
[371.270s][info][gc,phases      ] GC(923)   Evacuate Collection Set: 34.09ms
[371.270s][info][gc,phases      ] GC(923)   Post Evacuate Collection Set: 0.45ms
[371.270s][info][gc,phases      ] GC(923)   Other: 0.16ms
[371.270s][info][gc,heap        ] GC(923) Eden regions: 55->0(41)
[371.270s][info][gc,heap        ] GC(923) Survivor regions: 13->9(9)
[371.270s][info][gc,heap        ] GC(923) Old regions: 838->860
[371.270s][info][gc,heap        ] GC(923) Humongous regions: 9->9
[371.270s][info][gc,metaspace   ] GC(923) Metaspace: 18874K(19008K)->18874K(19008K) NonClass: 17045K(17152K)->17045K(17152K) Class: 1829K(1856K)->1829K(1856K)
[371.270s][info][gc             ] GC(923) Pause Young (Concurrent Start) (G1 Evacuation Pause) 914M->877M(978M) 35.576ms
[371.270s][info][gc             ] GC(924) Concurrent Mark Cycle
[371.270s][info][gc,marking     ] GC(924) Concurrent Scan Root Regions
[371.271s][info][gc,cpu         ] GC(923) User=0.07s Sys=0.00s Real=0.04s
[371.299s][info][gc,marking     ] GC(924) Concurrent Scan Root Regions 28.987ms
[371.300s][info][gc,marking     ] GC(924) Concurrent Mark
[371.300s][info][gc,marking     ] GC(924) Concurrent Mark From Roots
[371.300s][info][gc,task        ] GC(924) Using 1 workers of 1 for marking
[371.334s][info][gc,start       ] GC(925) Pause Young (Normal) (G1 Evacuation Pause)
[371.334s][info][gc,task        ] GC(925) Using 2 workers of 2 for evacuation
[371.359s][info][gc,phases      ] GC(925)   Pre Evacuate Collection Set: 0.29ms
[371.359s][info][gc,phases      ] GC(925)   Merge Heap Roots: 0.15ms
[371.359s][info][gc,phases      ] GC(925)   Evacuate Collection Set: 24.28ms
[371.359s][info][gc,phases      ] GC(925)   Post Evacuate Collection Set: 0.41ms
[371.359s][info][gc,phases      ] GC(925)   Other: 0.08ms
[371.359s][info][gc,heap        ] GC(925) Eden regions: 41->0(41)
[371.359s][info][gc,heap        ] GC(925) Survivor regions: 9->7(7)
[371.359s][info][gc,heap        ] GC(925) Old regions: 860->877
[371.359s][info][gc,heap        ] GC(925) Humongous regions: 9->9
[371.359s][info][gc,metaspace   ] GC(925) Metaspace: 18874K(19008K)->18874K(19008K) NonClass: 17045K(17152K)->17045K(17152K) Class: 1829K(1856K)->1829K(1856K)
[371.359s][info][gc             ] GC(925) Pause Young (Normal) (G1 Evacuation Pause) 918M->892M(978M) 25.474ms
[371.359s][info][gc,cpu         ] GC(925) User=0.05s Sys=0.00s Real=0.03s
[371.542s][info][gc,start       ] GC(926) Pause Young (Normal) (G1 Evacuation Pause)
[371.542s][info][gc,task        ] GC(926) Using 2 workers of 2 for evacuation
[371.558s][info][gc,phases      ] GC(926)   Pre Evacuate Collection Set: 0.28ms
[371.558s][info][gc,phases      ] GC(926)   Merge Heap Roots: 0.19ms
[371.558s][info][gc,phases      ] GC(926)   Evacuate Collection Set: 14.85ms
[371.558s][info][gc,phases      ] GC(926)   Post Evacuate Collection Set: 0.34ms
[371.558s][info][gc,phases      ] GC(926)   Other: 0.09ms
[371.558s][info][gc,heap        ] GC(926) Eden regions: 41->0(44)
[371.558s][info][gc,heap        ] GC(926) Survivor regions: 7->4(6)
[371.558s][info][gc,heap        ] GC(926) Old regions: 877->885
[371.558s][info][gc,heap        ] GC(926) Humongous regions: 9->9
[371.558s][info][gc,metaspace   ] GC(926) Metaspace: 18874K(19008K)->18874K(19008K) NonClass: 17045K(17152K)->17045K(17152K) Class: 1829K(1856K)->1829K(1856K)
[371.558s][info][gc             ] GC(926) Pause Young (Normal) (G1 Evacuation Pause) 933M->896M(978M) 15.999ms
[371.558s][info][gc,cpu         ] GC(926) User=0.03s Sys=0.00s Real=0.02s
[371.601s][info][gc,start       ] GC(927) Pause Young (Normal) (G1 Evacuation Pause)
[371.601s][info][gc,task        ] GC(927) Using 2 workers of 2 for evacuation
[371.611s][info][gc,phases      ] GC(927)   Pre Evacuate Collection Set: 0.29ms
[371.611s][info][gc,phases      ] GC(927)   Merge Heap Roots: 0.14ms
[371.611s][info][gc,phases      ] GC(927)   Evacuate Collection Set: 9.06ms
[371.611s][info][gc,phases      ] GC(927)   Post Evacuate Collection Set: 0.27ms
[371.611s][info][gc,phases      ] GC(927)   Other: 0.07ms
[371.611s][info][gc,heap        ] GC(927) Eden regions: 44->0(46)
[371.611s][info][gc,heap        ] GC(927) Survivor regions: 4->2(6)
[371.611s][info][gc,heap        ] GC(927) Old regions: 885->888
[371.611s][info][gc,heap        ] GC(927) Humongous regions: 9->9
[371.611s][info][gc,metaspace   ] GC(927) Metaspace: 18874K(19008K)->18874K(19008K) NonClass: 17045K(17152K)->17045K(17152K) Class: 1829K(1856K)->1829K(1856K)
[371.611s][info][gc             ] GC(927) Pause Young (Normal) (G1 Evacuation Pause) 940M->898M(978M) 10.077ms
[371.611s][info][gc,cpu         ] GC(927) User=0.02s Sys=0.00s Real=0.01s
[371.668s][info][gc,start       ] GC(928) Pause Young (Normal) (G1 Evacuation Pause)
[371.668s][info][gc,task        ] GC(928) Using 2 workers of 2 for evacuation
[371.676s][info][gc,phases      ] GC(928)   Pre Evacuate Collection Set: 0.26ms
[371.676s][info][gc,phases      ] GC(928)   Merge Heap Roots: 0.16ms
[371.676s][info][gc,phases      ] GC(928)   Evacuate Collection Set: 7.53ms
[371.676s][info][gc,phases      ] GC(928)   Post Evacuate Collection Set: 0.30ms
[371.676s][info][gc,phases      ] GC(928)   Other: 0.09ms
[371.676s][info][gc,heap        ] GC(928) Eden regions: 46->0(45)
[371.676s][info][gc,heap        ] GC(928) Survivor regions: 2->3(6)
[371.676s][info][gc,heap        ] GC(928) Old regions: 888->888
[371.676s][info][gc,heap        ] GC(928) Humongous regions: 9->9
[371.676s][info][gc,metaspace   ] GC(928) Metaspace: 18874K(19008K)->18874K(19008K) NonClass: 17045K(17152K)->17045K(17152K) Class: 1829K(1856K)->1829K(1856K)
[371.676s][info][gc             ] GC(928) Pause Young (Normal) (G1 Evacuation Pause) 944M->899M(978M) 8.543ms
[371.676s][info][gc,cpu         ] GC(928) User=0.01s Sys=0.00s Real=0.01s
[371.793s][info][gc,start       ] GC(929) Pause Young (Normal) (G1 Evacuation Pause)
[371.793s][info][gc,task        ] GC(929) Using 2 workers of 2 for evacuation
[371.830s][info][gc,phases      ] GC(929)   Pre Evacuate Collection Set: 0.29ms
[371.831s][info][gc,phases      ] GC(929)   Merge Heap Roots: 0.26ms
[371.831s][info][gc,phases      ] GC(929)   Evacuate Collection Set: 36.37ms
[371.831s][info][gc,phases      ] GC(929)   Post Evacuate Collection Set: 0.42ms
[371.831s][info][gc,phases      ] GC(929)   Other: 0.11ms
[371.831s][info][gc,heap        ] GC(929) Eden regions: 45->0(42)
[371.831s][info][gc,heap        ] GC(929) Survivor regions: 3->6(6)
[371.831s][info][gc,heap        ] GC(929) Old regions: 888->900
[371.831s][info][gc,heap        ] GC(929) Humongous regions: 12->12
[371.831s][info][gc,metaspace   ] GC(929) Metaspace: 18874K(19008K)->18874K(19008K) NonClass: 17045K(17152K)->17045K(17152K) Class: 1829K(1856K)->1829K(1856K)
[371.831s][info][gc             ] GC(929) Pause Young (Normal) (G1 Evacuation Pause) 947M->917M(978M) 37.702ms
[371.831s][info][gc,cpu         ] GC(929) User=0.08s Sys=0.00s Real=0.04s
[371.900s][info][gc,start       ] GC(930) Pause Young (Normal) (G1 Evacuation Pause)
[371.901s][info][gc,task        ] GC(930) Using 2 workers of 2 for evacuation
[371.937s][info][gc,phases      ] GC(930)   Pre Evacuate Collection Set: 0.51ms
[371.937s][info][gc,phases      ] GC(930)   Merge Heap Roots: 0.30ms
[371.937s][info][gc,phases      ] GC(930)   Evacuate Collection Set: 34.46ms
[371.937s][info][gc,phases      ] GC(930)   Post Evacuate Collection Set: 1.17ms
[371.937s][info][gc,phases      ] GC(930)   Other: 0.09ms
[371.937s][info][gc,heap        ] GC(930) Eden regions: 42->0(24)
[371.937s][info][gc,heap        ] GC(930) Survivor regions: 6->6(6)
[371.937s][info][gc,heap        ] GC(930) Old regions: 900->930
[371.937s][info][gc,heap        ] GC(930) Humongous regions: 12->12
[371.937s][info][gc,metaspace   ] GC(930) Metaspace: 18874K(19008K)->18874K(19008K) NonClass: 17045K(17152K)->17045K(17152K) Class: 1829K(1856K)->1829K(1856K)
[371.937s][info][gc             ] GC(930) Pause Young (Normal) (G1 Evacuation Pause) (Evacuation Failure: Allocation) 959M->947M(978M) 36.785ms
[371.937s][info][gc,cpu         ] GC(930) User=0.08s Sys=0.00s Real=0.03s
[371.986s][info][gc,start       ] GC(931) Pause Young (Normal) (G1 Evacuation Pause)
[371.986s][info][gc,task        ] GC(931) Using 2 workers of 2 for evacuation
[372.004s][info][gc,phases      ] GC(931)   Pre Evacuate Collection Set: 0.34ms
[372.004s][info][gc,phases      ] GC(931)   Merge Heap Roots: 0.12ms
[372.004s][info][gc,phases      ] GC(931)   Evacuate Collection Set: 15.22ms
[372.004s][info][gc,phases      ] GC(931)   Post Evacuate Collection Set: 1.77ms
[372.004s][info][gc,phases      ] GC(931)   Other: 0.07ms
[372.004s][info][gc,heap        ] GC(931) Eden regions: 24->0(26)
[372.004s][info][gc,heap        ] GC(931) Survivor regions: 6->2(4)
[372.004s][info][gc,heap        ] GC(931) Old regions: 930->936
[372.004s][info][gc,heap        ] GC(931) Humongous regions: 12->12
[372.004s][info][gc,metaspace   ] GC(931) Metaspace: 18874K(19008K)->18874K(19008K) NonClass: 17045K(17152K)->17045K(17152K) Class: 1829K(1856K)->1829K(1856K)
[372.004s][info][gc             ] GC(931) Pause Young (Normal) (G1 Evacuation Pause) (Evacuation Failure: Allocation) 971M->949M(978M) 17.769ms
[372.004s][info][gc,cpu         ] GC(931) User=0.04s Sys=0.00s Real=0.02s
[372.064s][info][gc,start       ] GC(932) Pause Young (Normal) (G1 Evacuation Pause)
[372.064s][info][gc,task        ] GC(932) Using 2 workers of 2 for evacuation
[372.076s][info][gc,phases      ] GC(932)   Pre Evacuate Collection Set: 0.30ms
[372.076s][info][gc,phases      ] GC(932)   Merge Heap Roots: 0.07ms
[372.076s][info][gc,phases      ] GC(932)   Evacuate Collection Set: 9.58ms
[372.076s][info][gc,phases      ] GC(932)   Post Evacuate Collection Set: 2.03ms
[372.076s][info][gc,phases      ] GC(932)   Other: 0.12ms
[372.076s][info][gc,heap        ] GC(932) Eden regions: 26->0(18)
[372.076s][info][gc,heap        ] GC(932) Survivor regions: 2->1(2)
[372.076s][info][gc,heap        ] GC(932) Old regions: 936->946
[372.076s][info][gc,heap        ] GC(932) Humongous regions: 12->12
[372.076s][info][gc,metaspace   ] GC(932) Metaspace: 18874K(19008K)->18874K(19008K) NonClass: 17045K(17152K)->17045K(17152K) Class: 1829K(1856K)->1829K(1856K)
[372.076s][info][gc             ] GC(932) Pause Young (Normal) (G1 Evacuation Pause) (Evacuation Failure: Allocation) 975M->958M(978M) 12.362ms
[372.076s][info][gc,cpu         ] GC(932) User=0.03s Sys=0.00s Real=0.01s
[372.109s][info][gc,start       ] GC(933) Pause Young (Normal) (G1 Evacuation Pause)
[372.109s][info][gc,task        ] GC(933) Using 2 workers of 2 for evacuation
[372.125s][info][gc,phases      ] GC(933)   Pre Evacuate Collection Set: 0.36ms
[372.125s][info][gc,phases      ] GC(933)   Merge Heap Roots: 0.10ms
[372.125s][info][gc,phases      ] GC(933)   Evacuate Collection Set: 12.84ms
[372.125s][info][gc,phases      ] GC(933)   Post Evacuate Collection Set: 3.18ms
[372.125s][info][gc,phases      ] GC(933)   Other: 0.09ms
[372.125s][info][gc,heap        ] GC(933) Eden regions: 18->0(2)
[372.125s][info][gc,heap        ] GC(933) Survivor regions: 1->1(1)
[372.125s][info][gc,heap        ] GC(933) Old regions: 946->962
[372.125s][info][gc,heap        ] GC(933) Humongous regions: 12->12
[372.125s][info][gc,metaspace   ] GC(933) Metaspace: 18874K(19008K)->18874K(19008K) NonClass: 17045K(17152K)->17045K(17152K) Class: 1829K(1856K)->1829K(1856K)
[372.125s][info][gc             ] GC(933) Pause Young (Normal) (G1 Evacuation Pause) (Evacuation Failure: Allocation) 976M->974M(978M) 16.813ms
[372.125s][info][gc,cpu         ] GC(933) User=0.03s Sys=0.00s Real=0.01s
[372.130s][info][gc,start       ] GC(934) Pause Young (Normal) (G1 Evacuation Pause)
[372.130s][info][gc,task        ] GC(934) Using 2 workers of 2 for evacuation
[372.147s][info][gc,phases      ] GC(934)   Pre Evacuate Collection Set: 0.29ms
[372.147s][info][gc,phases      ] GC(934)   Merge Heap Roots: 0.07ms
[372.147s][info][gc,phases      ] GC(934)   Evacuate Collection Set: 12.88ms
[372.147s][info][gc,phases      ] GC(934)   Post Evacuate Collection Set: 3.44ms
[372.147s][info][gc,phases      ] GC(934)   Other: 0.08ms
[372.147s][info][gc,heap        ] GC(934) Eden regions: 2->0(1)
[372.147s][info][gc,heap        ] GC(934) Survivor regions: 1->1(1)
[372.147s][info][gc,heap        ] GC(934) Old regions: 962->963
[372.147s][info][gc,heap        ] GC(934) Humongous regions: 12->12
[372.147s][info][gc,metaspace   ] GC(934) Metaspace: 18874K(19008K)->18874K(19008K) NonClass: 17045K(17152K)->17045K(17152K) Class: 1829K(1856K)->1829K(1856K)
[372.147s][info][gc             ] GC(934) Pause Young (Normal) (G1 Evacuation Pause) (Evacuation Failure: Allocation) 976M->975M(978M) 16.996ms
[372.147s][info][gc,cpu         ] GC(934) User=0.03s Sys=0.00s Real=0.01s
[372.151s][info][gc,start       ] GC(935) Pause Young (Normal) (G1 Evacuation Pause)
[372.151s][info][gc,task        ] GC(935) Using 2 workers of 2 for evacuation
[372.167s][info][gc,phases      ] GC(935)   Pre Evacuate Collection Set: 0.28ms
[372.167s][info][gc,phases      ] GC(935)   Merge Heap Roots: 0.14ms
[372.167s][info][gc,phases      ] GC(935)   Evacuate Collection Set: 12.73ms
[372.167s][info][gc,phases      ] GC(935)   Post Evacuate Collection Set: 2.92ms
[372.167s][info][gc,phases      ] GC(935)   Other: 0.07ms
[372.167s][info][gc,heap        ] GC(935) Eden regions: 1->0(1)
[372.167s][info][gc,heap        ] GC(935) Survivor regions: 1->1(1)
[372.168s][info][gc,heap        ] GC(935) Old regions: 963->963
[372.168s][info][gc,heap        ] GC(935) Humongous regions: 12->12
[372.168s][info][gc,metaspace   ] GC(935) Metaspace: 18874K(19008K)->18874K(19008K) NonClass: 17045K(17152K)->17045K(17152K) Class: 1829K(1856K)->1829K(1856K)
[372.168s][info][gc             ] GC(935) Pause Young (Normal) (G1 Evacuation Pause) (Evacuation Failure: Allocation) 976M->975M(978M) 16.327ms
[372.168s][info][gc,cpu         ] GC(935) User=0.03s Sys=0.00s Real=0.01s
[372.170s][info][gc,start       ] GC(936) Pause Young (Normal) (G1 Evacuation Pause)
[372.170s][info][gc,task        ] GC(936) Using 2 workers of 2 for evacuation
[372.185s][info][gc,phases      ] GC(936)   Pre Evacuate Collection Set: 0.48ms
[372.185s][info][gc,phases      ] GC(936)   Merge Heap Roots: 0.07ms
[372.185s][info][gc,phases      ] GC(936)   Evacuate Collection Set: 11.52ms
[372.185s][info][gc,phases      ] GC(936)   Post Evacuate Collection Set: 3.11ms
[372.185s][info][gc,phases      ] GC(936)   Other: 0.08ms
[372.185s][info][gc,heap        ] GC(936) Eden regions: 1->0(1)
[372.185s][info][gc,heap        ] GC(936) Survivor regions: 1->1(1)
[372.185s][info][gc,heap        ] GC(936) Old regions: 963->963
[372.185s][info][gc,heap        ] GC(936) Humongous regions: 12->12
[372.185s][info][gc,metaspace   ] GC(936) Metaspace: 18874K(19008K)->18874K(19008K) NonClass: 17045K(17152K)->17045K(17152K) Class: 1829K(1856K)->1829K(1856K)
[372.185s][info][gc             ] GC(936) Pause Young (Normal) (G1 Evacuation Pause) (Evacuation Failure: Allocation) 976M->975M(978M) 15.458ms
[372.185s][info][gc,cpu         ] GC(936) User=0.03s Sys=0.00s Real=0.01s
[372.190s][info][gc,start       ] GC(937) Pause Young (Normal) (G1 Evacuation Pause)
[372.190s][info][gc,task        ] GC(937) Using 2 workers of 2 for evacuation
[372.206s][info][gc,phases      ] GC(937)   Pre Evacuate Collection Set: 0.45ms
[372.206s][info][gc,phases      ] GC(937)   Merge Heap Roots: 0.08ms
[372.206s][info][gc,phases      ] GC(937)   Evacuate Collection Set: 12.01ms
[372.206s][info][gc,phases      ] GC(937)   Post Evacuate Collection Set: 2.94ms
[372.206s][info][gc,phases      ] GC(937)   Other: 0.08ms
[372.206s][info][gc,heap        ] GC(937) Eden regions: 1->0(0)
[372.206s][info][gc,heap        ] GC(937) Survivor regions: 1->1(1)
[372.206s][info][gc,heap        ] GC(937) Old regions: 963->964
[372.206s][info][gc,heap        ] GC(937) Humongous regions: 12->12
[372.206s][info][gc,metaspace   ] GC(937) Metaspace: 18874K(19008K)->18874K(19008K) NonClass: 17045K(17152K)->17045K(17152K) Class: 1829K(1856K)->1829K(1856K)
[372.206s][info][gc             ] GC(937) Pause Young (Normal) (G1 Evacuation Pause) (Evacuation Failure: Allocation) 976M->976M(978M) 15.748ms
[372.206s][info][gc,cpu         ] GC(937) User=0.03s Sys=0.00s Real=0.01s
[372.206s][info][gc,ergo        ] Attempting full compaction
[372.206s][info][gc,start       ] GC(938) Pause Full (G1 Compaction Pause)
[372.206s][info][gc,task        ] GC(938) Using 2 workers of 2 for full compaction
[372.208s][info][gc,phases,start] GC(938) Phase 1: Mark live objects
[372.627s][info][metaspace      ] ChkMgr @0x00007f0d1c15e580 (non-class-space): : reclaiming memory...
[372.627s][info][metaspace      ] ChkMgr @0x00007f0d1c15e580 (non-class-space): nothing reclaimed.
[372.627s][info][metaspace      ] ChkMgr @0x00007f0d1c15c690 (class-space): : reclaiming memory...
[372.627s][info][metaspace      ] ChkMgr @0x00007f0d1c15c690 (class-space): nothing reclaimed.
[372.627s][info][gc,phases      ] GC(938) Phase 1: Mark live objects 419.121ms
[372.627s][info][gc,phases,start] GC(938) Phase 2: Prepare compaction
[372.645s][info][gc,phases      ] GC(938) Phase 2: Prepare compaction 18.164ms
[372.645s][info][gc,phases,start] GC(938) Phase 3: Adjust pointers
[372.793s][info][gc,phases      ] GC(938) Phase 3: Adjust pointers 147.889ms
[372.793s][info][gc,phases,start] GC(938) Phase 4: Compact heap
[372.817s][info][gc,phases      ] GC(938) Phase 4: Compact heap 24.135ms
[372.817s][info][gc,phases,start] GC(938) Phase 5: Reset Metadata
[372.888s][info][gc,phases      ] GC(938) Phase 5: Reset Metadata 70.540ms
[372.897s][info][gc,heap        ] GC(938) Eden regions: 0->0(352)
[372.897s][info][gc,heap        ] GC(938) Survivor regions: 1->0(1)
[372.897s][info][gc,heap        ] GC(938) Old regions: 964->475
[372.897s][info][gc,heap        ] GC(938) Humongous regions: 12->6
[372.897s][info][gc,metaspace   ] GC(938) Metaspace: 18874K(19008K)->18860K(19008K) NonClass: 17045K(17152K)->17031K(17152K) Class: 1829K(1856K)->1829K(1856K)
[372.897s][info][gc             ] GC(938) Pause Full (G1 Compaction Pause) 976M->480M(978M) 690.675ms
[372.897s][info][gc,cpu         ] GC(938) User=1.36s Sys=0.01s Real=0.69s
[372.898s][info][gc,marking     ] GC(924) Concurrent Mark From Roots 1598.828ms
[372.898s][info][gc,marking     ] GC(924) Concurrent Mark Abort
[372.898s][info][gc             ] GC(924) Concurrent Mark Cycle 1628.000ms
[373.248s][info][gc,start       ] GC(939) Pause Young (Normal) (G1 Evacuation Pause)
[373.248s][info][gc,task        ] GC(939) Using 2 workers of 2 for evacuation
[373.280s][info][gc,phases      ] GC(939)   Pre Evacuate Collection Set: 0.30ms
[373.280s][info][gc,phases      ] GC(939)   Merge Heap Roots: 0.22ms
[373.280s][info][gc,phases      ] GC(939)   Evacuate Collection Set: 30.58ms
[373.280s][info][gc,phases      ] GC(939)   Post Evacuate Collection Set: 0.61ms
[373.280s][info][gc,phases      ] GC(939)   Other: 0.10ms
[373.280s][info][gc,heap        ] GC(939) Eden regions: 352->0(345)
[373.280s][info][gc,heap        ] GC(939) Survivor regions: 0->23(44)
[373.280s][info][gc,heap        ] GC(939) Old regions: 475->475
[373.280s][info][gc,heap        ] GC(939) Humongous regions: 6->6
[373.280s][info][gc,metaspace   ] GC(939) Metaspace: 18860K(19008K)->18860K(19008K) NonClass: 17031K(17152K)->17031K(17152K) Class: 1829K(1856K)->1829K(1856K)
[373.280s][info][gc             ] GC(939) Pause Young (Normal) (G1 Evacuation Pause) 832M->503M(978M) 32.080ms
[373.280s][info][gc,cpu         ] GC(939) User=0.07s Sys=0.00s Real=0.03s
[373.755s][info][gc,start       ] GC(940) Pause Young (Concurrent Start) (G1 Evacuation Pause)
[373.755s][info][gc,task        ] GC(940) Using 2 workers of 2 for evacuation
[373.810s][info][gc,phases      ] GC(940)   Pre Evacuate Collection Set: 0.33ms
[373.810s][info][gc,phases      ] GC(940)   Merge Heap Roots: 0.27ms
[373.810s][info][gc,phases      ] GC(940)   Evacuate Collection Set: 53.82ms
[373.810s][info][gc,phases      ] GC(940)   Post Evacuate Collection Set: 0.65ms
[373.810s][info][gc,phases      ] GC(940)   Other: 0.21ms
[373.810s][info][gc,heap        ] GC(940) Eden regions: 345->0(334)
[373.810s][info][gc,heap        ] GC(940) Survivor regions: 23->46(46)
[373.810s][info][gc,heap        ] GC(940) Old regions: 475->476
[373.810s][info][gc,heap        ] GC(940) Humongous regions: 6->6
[373.810s][info][gc,metaspace   ] GC(940) Metaspace: 18860K(19008K)->18860K(19008K) NonClass: 17031K(17152K)->17031K(17152K) Class: 1829K(1856K)->1829K(1856K)
[373.811s][info][gc             ] GC(940) Pause Young (Concurrent Start) (G1 Evacuation Pause) 848M->526M(978M) 55.532ms
[373.811s][info][gc             ] GC(941) Concurrent Mark Cycle
[373.811s][info][gc,marking     ] GC(941) Concurrent Scan Root Regions
[373.812s][info][gc,cpu         ] GC(940) User=0.11s Sys=0.00s Real=0.06s
[373.888s][info][gc,marking     ] GC(941) Concurrent Scan Root Regions 77.025ms
[373.888s][info][gc,marking     ] GC(941) Concurrent Mark
[373.888s][info][gc,marking     ] GC(941) Concurrent Mark From Roots
[373.888s][info][gc,task        ] GC(941) Using 1 workers of 1 for marking
[375.191s][info][gc,start       ] GC(942) Pause Young (Normal) (G1 Evacuation Pause)
[375.191s][info][gc,task        ] GC(942) Using 2 workers of 2 for evacuation
[375.264s][info][gc,phases      ] GC(942)   Pre Evacuate Collection Set: 0.56ms
[375.264s][info][gc,phases      ] GC(942)   Merge Heap Roots: 0.64ms
[375.264s][info][gc,phases      ] GC(942)   Evacuate Collection Set: 71.40ms
[375.264s][info][gc,phases      ] GC(942)   Post Evacuate Collection Set: 0.74ms
[375.264s][info][gc,phases      ] GC(942)   Other: 0.09ms
[375.264s][info][gc,heap        ] GC(942) Eden regions: 334->0(340)
[375.264s][info][gc,heap        ] GC(942) Survivor regions: 46->34(48)
[375.264s][info][gc,heap        ] GC(942) Old regions: 476->498
[375.264s][info][gc,heap        ] GC(942) Humongous regions: 6->6
[375.264s][info][gc,metaspace   ] GC(942) Metaspace: 18860K(19008K)->18860K(19008K) NonClass: 17031K(17152K)->17031K(17152K) Class: 1829K(1856K)->1829K(1856K)
[375.264s][info][gc             ] GC(942) Pause Young (Normal) (G1 Evacuation Pause) 860M->537M(978M) 73.650ms
[375.264s][info][gc,cpu         ] GC(942) User=0.14s Sys=0.00s Real=0.07s
[375.499s][info][gc,marking     ] GC(941) Concurrent Mark From Roots 1611.673ms
[375.499s][info][gc,marking     ] GC(941) Concurrent Preclean
[375.499s][info][gc,marking     ] GC(941) Concurrent Preclean 0.043ms
[375.500s][info][gc,start       ] GC(941) Pause Remark
[375.508s][info][gc             ] GC(941) Pause Remark 632M->632M(978M) 8.222ms
[375.508s][info][gc,cpu         ] GC(941) User=0.02s Sys=0.00s Real=0.01s
[375.508s][info][gc,marking     ] GC(941) Concurrent Mark 1620.772ms
[375.508s][info][gc,marking     ] GC(941) Concurrent Rebuild Remembered Sets and Scrub Regions
[376.032s][info][gc,marking     ] GC(941) Concurrent Rebuild Remembered Sets and Scrub Regions 523.988ms
[376.033s][info][gc,start       ] GC(941) Pause Cleanup
[376.033s][info][gc             ] GC(941) Pause Cleanup 862M->862M(978M) 0.104ms
[376.033s][info][gc,cpu         ] GC(941) User=0.00s Sys=0.00s Real=0.00s
[376.033s][info][gc,marking     ] GC(941) Concurrent Clear Claimed Marks
[376.033s][info][gc,marking     ] GC(941) Concurrent Clear Claimed Marks 0.038ms
[376.033s][info][gc,marking     ] GC(941) Concurrent Cleanup for Next Mark
[376.040s][info][gc,marking     ] GC(941) Concurrent Cleanup for Next Mark 6.864ms
[376.040s][info][gc             ] GC(941) Concurrent Mark Cycle 2229.716ms
[376.060s][info][gc,start       ] GC(943) Pause Young (Prepare Mixed) (G1 Evacuation Pause)
[376.060s][info][gc,task        ] GC(943) Using 2 workers of 2 for evacuation
[376.158s][info][gc,phases      ] GC(943)   Pre Evacuate Collection Set: 0.25ms
[376.158s][info][gc,phases      ] GC(943)   Merge Heap Roots: 0.33ms
[376.158s][info][gc,phases      ] GC(943)   Evacuate Collection Set: 97.14ms
[376.158s][info][gc,phases      ] GC(943)   Post Evacuate Collection Set: 0.62ms
[376.158s][info][gc,phases      ] GC(943)   Other: 0.13ms
[376.158s][info][gc,heap        ] GC(943) Eden regions: 340->0(1)
[376.158s][info][gc,heap        ] GC(943) Survivor regions: 34->47(47)
[376.158s][info][gc,heap        ] GC(943) Old regions: 498->537
[376.158s][info][gc,heap        ] GC(943) Humongous regions: 7->7
[376.158s][info][gc,metaspace   ] GC(943) Metaspace: 18860K(19008K)->18860K(19008K) NonClass: 17031K(17152K)->17031K(17152K) Class: 1829K(1856K)->1829K(1856K)
[376.158s][info][gc             ] GC(943) Pause Young (Prepare Mixed) (G1 Evacuation Pause) 878M->590M(978M) 98.698ms
[376.158s][info][gc,cpu         ] GC(943) User=0.20s Sys=0.00s Real=0.10s
[376.162s][info][gc,start       ] GC(944) Pause Young (Mixed) (G1 Evacuation Pause)
[376.162s][info][gc,task        ] GC(944) Using 2 workers of 2 for evacuation
[376.210s][info][gc,phases      ] GC(944)   Pre Evacuate Collection Set: 0.25ms
[376.210s][info][gc,phases      ] GC(944)   Merge Heap Roots: 0.14ms
[376.210s][info][gc,phases      ] GC(944)   Evacuate Collection Set: 46.67ms
[376.210s][info][gc,phases      ] GC(944)   Post Evacuate Collection Set: 0.31ms
[376.210s][info][gc,phases      ] GC(944)   Other: 0.07ms
[376.210s][info][gc,heap        ] GC(944) Eden regions: 1->0(287)
[376.210s][info][gc,heap        ] GC(944) Survivor regions: 47->1(6)
[376.210s][info][gc,heap        ] GC(944) Old regions: 537->584
[376.210s][info][gc,heap        ] GC(944) Humongous regions: 7->7
[376.210s][info][gc,metaspace   ] GC(944) Metaspace: 18860K(19008K)->18860K(19008K) NonClass: 17031K(17152K)->17031K(17152K) Class: 1829K(1856K)->1829K(1856K)
[376.210s][info][gc             ] GC(944) Pause Young (Mixed) (G1 Evacuation Pause) 591M->591M(978M) 47.679ms
[376.210s][info][gc,cpu         ] GC(944) User=0.10s Sys=0.00s Real=0.05s
[376.593s][info][gc,start       ] GC(945) Pause Young (Concurrent Start) (G1 Evacuation Pause)
[376.593s][info][gc,task        ] GC(945) Using 2 workers of 2 for evacuation
[376.621s][info][gc,phases      ] GC(945)   Pre Evacuate Collection Set: 0.33ms
[376.621s][info][gc,phases      ] GC(945)   Merge Heap Roots: 0.16ms
[376.621s][info][gc,phases      ] GC(945)   Evacuate Collection Set: 26.33ms
[376.621s][info][gc,phases      ] GC(945)   Post Evacuate Collection Set: 0.58ms
[376.621s][info][gc,phases      ] GC(945)   Other: 0.21ms
[376.621s][info][gc,heap        ] GC(945) Eden regions: 287->0(275)
[376.621s][info][gc,heap        ] GC(945) Survivor regions: 1->22(36)
[376.621s][info][gc,heap        ] GC(945) Old regions: 584->584
[376.621s][info][gc,heap        ] GC(945) Humongous regions: 7->7
[376.621s][info][gc,metaspace   ] GC(945) Metaspace: 18860K(19008K)->18860K(19008K) NonClass: 17031K(17152K)->17031K(17152K) Class: 1829K(1856K)->1829K(1856K)
[376.621s][info][gc             ] GC(945) Pause Young (Concurrent Start) (G1 Evacuation Pause) 878M->612M(978M) 27.840ms
[376.621s][info][gc             ] GC(946) Concurrent Mark Cycle
[376.621s][info][gc,marking     ] GC(946) Concurrent Scan Root Regions
[376.621s][info][gc,cpu         ] GC(945) User=0.05s Sys=0.00s Real=0.03s
[376.665s][info][gc,marking     ] GC(946) Concurrent Scan Root Regions 43.742ms
[376.665s][info][gc,marking     ] GC(946) Concurrent Mark
[376.665s][info][gc,marking     ] GC(946) Concurrent Mark From Roots
[376.665s][info][gc,task        ] GC(946) Using 1 workers of 1 for marking
[377.079s][info][gc,start       ] GC(947) Pause Young (Normal) (G1 Evacuation Pause)
[377.079s][info][gc,task        ] GC(947) Using 2 workers of 2 for evacuation
[377.121s][info][gc,phases      ] GC(947)   Pre Evacuate Collection Set: 0.51ms
[377.121s][info][gc,phases      ] GC(947)   Merge Heap Roots: 0.17ms
[377.121s][info][gc,phases      ] GC(947)   Evacuate Collection Set: 40.38ms
[377.121s][info][gc,phases      ] GC(947)   Post Evacuate Collection Set: 0.55ms
[377.121s][info][gc,phases      ] GC(947)   Other: 0.08ms
[377.121s][info][gc,heap        ] GC(947) Eden regions: 275->0(265)
[377.121s][info][gc,heap        ] GC(947) Survivor regions: 22->17(38)
[377.121s][info][gc,heap        ] GC(947) Old regions: 584->607
[377.121s][info][gc,heap        ] GC(947) Humongous regions: 7->7
[377.121s][info][gc,metaspace   ] GC(947) Metaspace: 18860K(19008K)->18860K(19008K) NonClass: 17031K(17152K)->17031K(17152K) Class: 1829K(1856K)->1829K(1856K)
[377.121s][info][gc             ] GC(947) Pause Young (Normal) (G1 Evacuation Pause) 887M->630M(978M) 41.953ms
[377.121s][info][gc,cpu         ] GC(947) User=0.08s Sys=0.00s Real=0.04s
[378.125s][info][gc,marking     ] GC(946) Concurrent Mark From Roots 1460.803ms
[378.126s][info][gc,marking     ] GC(946) Concurrent Preclean
[378.126s][info][gc,marking     ] GC(946) Concurrent Preclean 0.044ms
[378.126s][info][gc,start       ] GC(946) Pause Remark
[378.134s][info][gc             ] GC(946) Pause Remark 873M->751M(978M) 8.135ms
[378.134s][info][gc,cpu         ] GC(946) User=0.01s Sys=0.00s Real=0.01s
[378.134s][info][gc,marking     ] GC(946) Concurrent Mark 1469.307ms
[378.134s][info][gc,marking     ] GC(946) Concurrent Rebuild Remembered Sets and Scrub Regions
[378.233s][info][gc,start       ] GC(948) Pause Young (Normal) (G1 Evacuation Pause)
[378.233s][info][gc,task        ] GC(948) Using 2 workers of 2 for evacuation
[378.268s][info][gc,phases      ] GC(948)   Pre Evacuate Collection Set: 0.51ms
[378.268s][info][gc,phases      ] GC(948)   Merge Heap Roots: 0.80ms
[378.268s][info][gc,phases      ] GC(948)   Evacuate Collection Set: 33.01ms
[378.268s][info][gc,phases      ] GC(948)   Post Evacuate Collection Set: 0.55ms
[378.268s][info][gc,phases      ] GC(948)   Other: 0.11ms
[378.269s][info][gc,heap        ] GC(948) Eden regions: 265->0(367)
[378.269s][info][gc,heap        ] GC(948) Survivor regions: 17->19(36)
[378.269s][info][gc,heap        ] GC(948) Old regions: 487->487
[378.269s][info][gc,heap        ] GC(948) Humongous regions: 5->5
[378.269s][info][gc,metaspace   ] GC(948) Metaspace: 18860K(19008K)->18860K(19008K) NonClass: 17031K(17152K)->17031K(17152K) Class: 1829K(1856K)->1829K(1856K)
[378.269s][info][gc             ] GC(948) Pause Young (Normal) (G1 Evacuation Pause) 773M->510M(978M) 35.230ms
[378.269s][info][gc,cpu         ] GC(948) User=0.07s Sys=0.00s Real=0.04s
[378.636s][info][gc,marking     ] GC(946) Concurrent Rebuild Remembered Sets and Scrub Regions 502.382ms
[378.637s][info][gc,start       ] GC(946) Pause Cleanup
[378.637s][info][gc             ] GC(946) Pause Cleanup 638M->638M(978M) 0.137ms
[378.637s][info][gc,cpu         ] GC(946) User=0.00s Sys=0.00s Real=0.00s
[378.637s][info][gc,marking     ] GC(946) Concurrent Clear Claimed Marks
[378.637s][info][gc,marking     ] GC(946) Concurrent Clear Claimed Marks 0.039ms
[378.637s][info][gc,marking     ] GC(946) Concurrent Cleanup for Next Mark
[378.640s][info][gc,marking     ] GC(946) Concurrent Cleanup for Next Mark 2.998ms
[378.640s][info][gc             ] GC(946) Concurrent Mark Cycle 2019.056ms
[378.907s][info][gc,start       ] GC(949) Pause Young (Prepare Mixed) (G1 Evacuation Pause)
[378.907s][info][gc,task        ] GC(949) Using 2 workers of 2 for evacuation
[379.002s][info][gc,phases      ] GC(949)   Pre Evacuate Collection Set: 0.29ms
[379.002s][info][gc,phases      ] GC(949)   Merge Heap Roots: 0.40ms
[379.002s][info][gc,phases      ] GC(949)   Evacuate Collection Set: 93.26ms
[379.002s][info][gc,phases      ] GC(949)   Post Evacuate Collection Set: 0.90ms
[379.002s][info][gc,phases      ] GC(949)   Other: 0.09ms
[379.002s][info][gc,heap        ] GC(949) Eden regions: 367->0(3)
[379.002s][info][gc,heap        ] GC(949) Survivor regions: 19->49(49)
[379.002s][info][gc,heap        ] GC(949) Old regions: 487->528
[379.002s][info][gc,heap        ] GC(949) Humongous regions: 5->5
[379.002s][info][gc,metaspace   ] GC(949) Metaspace: 18860K(19008K)->18860K(19008K) NonClass: 17031K(17152K)->17031K(17152K) Class: 1829K(1856K)->1829K(1856K)
[379.002s][info][gc             ] GC(949) Pause Young (Prepare Mixed) (G1 Evacuation Pause) 877M->581M(978M) 95.225ms
[379.002s][info][gc,cpu         ] GC(949) User=0.19s Sys=0.00s Real=0.10s
[379.008s][info][gc,start       ] GC(950) Pause Young (Mixed) (G1 Evacuation Pause)
[379.008s][info][gc,task        ] GC(950) Using 2 workers of 2 for evacuation
[379.067s][info][gc,phases      ] GC(950)   Pre Evacuate Collection Set: 0.42ms
[379.067s][info][gc,phases      ] GC(950)   Merge Heap Roots: 0.48ms
[379.067s][info][gc,phases      ] GC(950)   Evacuate Collection Set: 57.39ms
[379.067s][info][gc,phases      ] GC(950)   Post Evacuate Collection Set: 0.34ms
[379.067s][info][gc,phases      ] GC(950)   Other: 0.08ms
[379.067s][info][gc,heap        ] GC(950) Eden regions: 2->0(254)
[379.067s][info][gc,heap        ] GC(950) Survivor regions: 49->1(7)
[379.067s][info][gc,heap        ] GC(950) Old regions: 528->576
[379.067s][info][gc,heap        ] GC(950) Humongous regions: 5->5
[379.067s][info][gc,metaspace   ] GC(950) Metaspace: 18860K(19008K)->18860K(19008K) NonClass: 17031K(17152K)->17031K(17152K) Class: 1829K(1856K)->1829K(1856K)
[379.067s][info][gc             ] GC(950) Pause Young (Mixed) (G1 Evacuation Pause) 583M->581M(978M) 58.918ms
[379.067s][info][gc,cpu         ] GC(950) User=0.11s Sys=0.00s Real=0.06s
[379.250s][info][gc,start       ] GC(951) Pause Young (Mixed) (G1 Evacuation Pause)
[379.251s][info][gc,task        ] GC(951) Using 2 workers of 2 for evacuation
[379.319s][info][gc,phases      ] GC(951)   Pre Evacuate Collection Set: 0.50ms
[379.319s][info][gc,phases      ] GC(951)   Merge Heap Roots: 0.32ms
[379.319s][info][gc,phases      ] GC(951)   Evacuate Collection Set: 66.80ms
[379.319s][info][gc,phases      ] GC(951)   Post Evacuate Collection Set: 0.79ms
[379.319s][info][gc,phases      ] GC(951)   Other: 0.09ms
[379.319s][info][gc,heap        ] GC(951) Eden regions: 277->0(97)
[379.319s][info][gc,heap        ] GC(951) Survivor regions: 1->35(35)
[379.319s][info][gc,heap        ] GC(951) Old regions: 576->600
[379.319s][info][gc,heap        ] GC(951) Humongous regions: 5->5
[379.319s][info][gc,metaspace   ] GC(951) Metaspace: 18861K(19008K)->18861K(19008K) NonClass: 17032K(17152K)->17032K(17152K) Class: 1829K(1856K)->1829K(1856K)
[379.319s][info][gc             ] GC(951) Pause Young (Mixed) (G1 Evacuation Pause) 858M->639M(978M) 68.759ms
[379.319s][info][gc,cpu         ] GC(951) User=0.13s Sys=0.00s Real=0.07s
[379.437s][info][gc,start       ] GC(952) Pause Young (Mixed) (G1 Evacuation Pause)
[379.437s][info][gc,task        ] GC(952) Using 2 workers of 2 for evacuation
[379.523s][info][gc,phases      ] GC(952)   Pre Evacuate Collection Set: 0.29ms
[379.523s][info][gc,phases      ] GC(952)   Merge Heap Roots: 0.54ms
[379.523s][info][gc,phases      ] GC(952)   Evacuate Collection Set: 84.95ms
[379.523s][info][gc,phases      ] GC(952)   Post Evacuate Collection Set: 0.46ms
[379.523s][info][gc,phases      ] GC(952)   Other: 0.07ms
[379.523s][info][gc,heap        ] GC(952) Eden regions: 83->0(173)
[379.523s][info][gc,heap        ] GC(952) Survivor regions: 35->15(15)
[379.523s][info][gc,heap        ] GC(952) Old regions: 600->649
[379.523s][info][gc,heap        ] GC(952) Humongous regions: 8->8
[379.523s][info][gc,metaspace   ] GC(952) Metaspace: 18861K(19008K)->18861K(19008K) NonClass: 17032K(17152K)->17032K(17152K) Class: 1829K(1856K)->1829K(1856K)
[379.523s][info][gc             ] GC(952) Pause Young (Mixed) (G1 Evacuation Pause) 725M->671M(978M) 86.549ms
[379.523s][info][gc,cpu         ] GC(952) User=0.17s Sys=0.00s Real=0.09s
[379.712s][info][gc,start       ] GC(953) Pause Young (Mixed) (G1 Evacuation Pause)
[379.712s][info][gc,task        ] GC(953) Using 2 workers of 2 for evacuation
[379.750s][info][gc,phases      ] GC(953)   Pre Evacuate Collection Set: 0.29ms
[379.750s][info][gc,phases      ] GC(953)   Merge Heap Roots: 0.42ms
[379.750s][info][gc,phases      ] GC(953)   Evacuate Collection Set: 36.71ms
[379.750s][info][gc,phases      ] GC(953)   Post Evacuate Collection Set: 0.50ms
[379.750s][info][gc,phases      ] GC(953)   Other: 0.08ms
[379.750s][info][gc,heap        ] GC(953) Eden regions: 182->0(198)
[379.750s][info][gc,heap        ] GC(953) Survivor regions: 15->4(25)
[379.750s][info][gc,heap        ] GC(953) Old regions: 649->663
[379.750s][info][gc,heap        ] GC(953) Humongous regions: 8->8
[379.750s][info][gc,metaspace   ] GC(953) Metaspace: 18861K(19008K)->18861K(19008K) NonClass: 17032K(17152K)->17032K(17152K) Class: 1829K(1856K)->1829K(1856K)
[379.750s][info][gc             ] GC(953) Pause Young (Mixed) (G1 Evacuation Pause) 853M->673M(978M) 38.218ms
[379.750s][info][gc,cpu         ] GC(953) User=0.08s Sys=0.00s Real=0.04s
[380.017s][info][gc,start       ] GC(954) Pause Young (Mixed) (G1 Evacuation Pause)
[380.017s][info][gc,task        ] GC(954) Using 2 workers of 2 for evacuation
[380.057s][info][gc,phases      ] GC(954)   Pre Evacuate Collection Set: 0.52ms
[380.057s][info][gc,phases      ] GC(954)   Merge Heap Roots: 0.34ms
[380.057s][info][gc,phases      ] GC(954)   Evacuate Collection Set: 38.46ms
[380.057s][info][gc,phases      ] GC(954)   Post Evacuate Collection Set: 0.56ms
[380.057s][info][gc,phases      ] GC(954)   Other: 0.11ms
[380.057s][info][gc,heap        ] GC(954) Eden regions: 198->0(192)
[380.057s][info][gc,heap        ] GC(954) Survivor regions: 4->21(26)
[380.057s][info][gc,heap        ] GC(954) Old regions: 663->662
[380.057s][info][gc,heap        ] GC(954) Humongous regions: 11->11
[380.057s][info][gc,metaspace   ] GC(954) Metaspace: 18861K(19008K)->18861K(19008K) NonClass: 17032K(17152K)->17032K(17152K) Class: 1829K(1856K)->1829K(1856K)
[380.057s][info][gc             ] GC(954) Pause Young (Mixed) (G1 Evacuation Pause) 874M->693M(978M) 40.258ms
[380.057s][info][gc,cpu         ] GC(954) User=0.08s Sys=0.00s Real=0.04s
[380.348s][info][gc,start       ] GC(955) Pause Young (Concurrent Start) (G1 Evacuation Pause)
[380.348s][info][gc,task        ] GC(955) Using 2 workers of 2 for evacuation
[380.386s][info][gc,phases      ] GC(955)   Pre Evacuate Collection Set: 0.31ms
[380.386s][info][gc,phases      ] GC(955)   Merge Heap Roots: 0.29ms
[380.386s][info][gc,phases      ] GC(955)   Evacuate Collection Set: 37.04ms
[380.386s][info][gc,phases      ] GC(955)   Post Evacuate Collection Set: 0.45ms
[380.386s][info][gc,phases      ] GC(955)   Other: 0.12ms
[380.386s][info][gc,heap        ] GC(955) Eden regions: 192->0(205)
[380.386s][info][gc,heap        ] GC(955) Survivor regions: 21->1(27)
[380.386s][info][gc,heap        ] GC(955) Old regions: 662->683
[380.386s][info][gc,heap        ] GC(955) Humongous regions: 11->11
[380.386s][info][gc,metaspace   ] GC(955) Metaspace: 18861K(19008K)->18861K(19008K) NonClass: 17032K(17152K)->17032K(17152K) Class: 1829K(1856K)->1829K(1856K)
[380.386s][info][gc             ] GC(955) Pause Young (Concurrent Start) (G1 Evacuation Pause) 885M->694M(978M) 38.467ms
[380.386s][info][gc,cpu         ] GC(955) User=0.08s Sys=0.00s Real=0.04s
[380.386s][info][gc             ] GC(956) Concurrent Mark Cycle
[380.386s][info][gc,marking     ] GC(956) Concurrent Scan Root Regions
[380.453s][info][gc,marking     ] GC(956) Concurrent Scan Root Regions 66.814ms
[380.453s][info][gc,marking     ] GC(956) Concurrent Mark
[380.453s][info][gc,marking     ] GC(956) Concurrent Mark From Roots
[380.453s][info][gc,task        ] GC(956) Using 1 workers of 1 for marking
[381.084s][info][gc,start       ] GC(957) Pause Young (Normal) (G1 Evacuation Pause)
[381.084s][info][gc,task        ] GC(957) Using 2 workers of 2 for evacuation
[381.085s][info][gc,phases      ] GC(957)   Pre Evacuate Collection Set: 0.29ms
[381.085s][info][gc,phases      ] GC(957)   Merge Heap Roots: 0.07ms
[381.085s][info][gc,phases      ] GC(957)   Evacuate Collection Set: 0.30ms
[381.085s][info][gc,phases      ] GC(957)   Post Evacuate Collection Set: 0.37ms
[381.085s][info][gc,phases      ] GC(957)   Other: 0.11ms
[381.085s][info][gc,heap        ] GC(957) Eden regions: 205->0(218)
[381.085s][info][gc,heap        ] GC(957) Survivor regions: 1->1(26)
[381.085s][info][gc,heap        ] GC(957) Old regions: 683->683
[381.085s][info][gc,heap        ] GC(957) Humongous regions: 11->11
[381.085s][info][gc,metaspace   ] GC(957) Metaspace: 18861K(19008K)->18861K(19008K) NonClass: 17032K(17152K)->17032K(17152K) Class: 1829K(1856K)->1829K(1856K)
[381.085s][info][gc             ] GC(957) Pause Young (Normal) (G1 Evacuation Pause) 899M->694M(978M) 1.356ms
[381.085s][info][gc,cpu         ] GC(957) User=0.00s Sys=0.00s Real=0.00s
[381.850s][info][gc,start       ] GC(958) Pause Young (Normal) (G1 Evacuation Pause)
[381.850s][info][gc,task        ] GC(958) Using 2 workers of 2 for evacuation
[381.851s][info][gc,phases      ] GC(958)   Pre Evacuate Collection Set: 0.31ms
[381.851s][info][gc,phases      ] GC(958)   Merge Heap Roots: 0.08ms
[381.851s][info][gc,phases      ] GC(958)   Evacuate Collection Set: 0.22ms
[381.851s][info][gc,phases      ] GC(958)   Post Evacuate Collection Set: 0.38ms
[381.851s][info][gc,phases      ] GC(958)   Other: 0.13ms
[381.851s][info][gc,heap        ] GC(958) Eden regions: 218->0(230)
[381.851s][info][gc,heap        ] GC(958) Survivor regions: 1->1(28)
[381.851s][info][gc,heap        ] GC(958) Old regions: 683->683
[381.851s][info][gc,heap        ] GC(958) Humongous regions: 11->11
[381.851s][info][gc,metaspace   ] GC(958) Metaspace: 18861K(19008K)->18861K(19008K) NonClass: 17032K(17152K)->17032K(17152K) Class: 1829K(1856K)->1829K(1856K)
[381.851s][info][gc             ] GC(958) Pause Young (Normal) (G1 Evacuation Pause) 912M->693M(978M) 1.350ms
[381.851s][info][gc,cpu         ] GC(958) User=0.00s Sys=0.00s Real=0.00s
[381.867s][info][gc,marking     ] GC(956) Concurrent Mark From Roots 1413.748ms
[381.867s][info][gc,marking     ] GC(956) Concurrent Preclean
[381.867s][info][gc,marking     ] GC(956) Concurrent Preclean 0.047ms
[381.867s][info][gc,start       ] GC(956) Pause Remark
[381.876s][info][gc             ] GC(956) Pause Remark 698M->551M(978M) 8.652ms
[381.876s][info][gc,cpu         ] GC(956) User=0.01s Sys=0.00s Real=0.01s
[381.877s][info][gc,marking     ] GC(956) Concurrent Mark 1423.648ms
[381.877s][info][gc,marking     ] GC(956) Concurrent Rebuild Remembered Sets and Scrub Regions
[382.386s][info][gc,marking     ] GC(956) Concurrent Rebuild Remembered Sets and Scrub Regions 509.510ms
[382.387s][info][gc,start       ] GC(956) Pause Cleanup
[382.387s][info][gc             ] GC(956) Pause Cleanup 771M->771M(978M) 0.122ms
[382.387s][info][gc,cpu         ] GC(956) User=0.00s Sys=0.00s Real=0.00s
[382.388s][info][gc,marking     ] GC(956) Concurrent Clear Claimed Marks
[382.388s][info][gc,marking     ] GC(956) Concurrent Clear Claimed Marks 0.037ms
[382.388s][info][gc,marking     ] GC(956) Concurrent Cleanup for Next Mark
[382.394s][info][gc,marking     ] GC(956) Concurrent Cleanup for Next Mark 6.237ms
[382.394s][info][gc             ] GC(956) Concurrent Mark Cycle 2007.921ms
[382.398s][info][gc,start       ] GC(959) Pause Young (Prepare Mixed) (G1 Evacuation Pause)
[382.398s][info][gc,task        ] GC(959) Using 2 workers of 2 for evacuation
[382.399s][info][gc,phases      ] GC(959)   Pre Evacuate Collection Set: 0.30ms
[382.399s][info][gc,phases      ] GC(959)   Merge Heap Roots: 0.08ms
[382.399s][info][gc,phases      ] GC(959)   Evacuate Collection Set: 0.21ms
[382.399s][info][gc,phases      ] GC(959)   Post Evacuate Collection Set: 0.41ms
[382.399s][info][gc,phases      ] GC(959)   Other: 0.10ms
[382.399s][info][gc,heap        ] GC(959) Eden regions: 230->0(367)
[382.400s][info][gc,heap        ] GC(959) Survivor regions: 1->1(29)
[382.400s][info][gc,heap        ] GC(959) Old regions: 540->540
[382.400s][info][gc,heap        ] GC(959) Humongous regions: 7->7
[382.400s][info][gc,metaspace   ] GC(959) Metaspace: 18861K(19008K)->18861K(19008K) NonClass: 17032K(17152K)->17032K(17152K) Class: 1829K(1856K)->1829K(1856K)
[382.400s][info][gc             ] GC(959) Pause Young (Prepare Mixed) (G1 Evacuation Pause) 776M->546M(978M) 1.282ms
[382.400s][info][gc,cpu         ] GC(959) User=0.00s Sys=0.00s Real=0.00s
[382.948s][info][gc,start       ] GC(960) Pause Young (Mixed) (G1 Evacuation Pause)
[382.948s][info][gc,task        ] GC(960) Using 2 workers of 2 for evacuation
[382.970s][info][gc,phases      ] GC(960)   Pre Evacuate Collection Set: 0.32ms
[382.970s][info][gc,phases      ] GC(960)   Merge Heap Roots: 0.21ms
[382.970s][info][gc,phases      ] GC(960)   Evacuate Collection Set: 20.32ms
[382.970s][info][gc,phases      ] GC(960)   Post Evacuate Collection Set: 0.62ms
[382.970s][info][gc,phases      ] GC(960)   Other: 0.11ms
[382.970s][info][gc,heap        ] GC(960) Eden regions: 367->0(375)
[382.970s][info][gc,heap        ] GC(960) Survivor regions: 1->15(46)
[382.970s][info][gc,heap        ] GC(960) Old regions: 540->516
[382.970s][info][gc,heap        ] GC(960) Humongous regions: 7->7
[382.970s][info][gc,metaspace   ] GC(960) Metaspace: 18861K(19008K)->18861K(19008K) NonClass: 17032K(17152K)->17032K(17152K) Class: 1829K(1856K)->1829K(1856K)
[382.970s][info][gc             ] GC(960) Pause Young (Mixed) (G1 Evacuation Pause) 913M->537M(978M) 21.846ms
[382.970s][info][gc,cpu         ] GC(960) User=0.04s Sys=0.00s Real=0.03s
[383.314s][info][gc,start       ] GC(961) Pause Young (Concurrent Start) (G1 Evacuation Pause)
[383.314s][info][gc,task        ] GC(961) Using 2 workers of 2 for evacuation
[383.374s][info][gc,phases      ] GC(961)   Pre Evacuate Collection Set: 0.35ms
[383.374s][info][gc,phases      ] GC(961)   Merge Heap Roots: 0.23ms
[383.374s][info][gc,phases      ] GC(961)   Evacuate Collection Set: 57.66ms
[383.374s][info][gc,phases      ] GC(961)   Post Evacuate Collection Set: 0.97ms
[383.374s][info][gc,phases      ] GC(961)   Other: 0.16ms
[383.374s][info][gc,heap        ] GC(961) Eden regions: 375->0(307)
[383.374s][info][gc,heap        ] GC(961) Survivor regions: 15->49(49)
[383.374s][info][gc,heap        ] GC(961) Old regions: 516->516
[383.374s][info][gc,heap        ] GC(961) Humongous regions: 7->7
[383.374s][info][gc,metaspace   ] GC(961) Metaspace: 18861K(19008K)->18861K(19008K) NonClass: 17032K(17152K)->17032K(17152K) Class: 1829K(1856K)->1829K(1856K)
[383.374s][info][gc             ] GC(961) Pause Young (Concurrent Start) (G1 Evacuation Pause) 912M->570M(978M) 59.677ms
[383.374s][info][gc,cpu         ] GC(961) User=0.12s Sys=0.00s Real=0.06s
[383.374s][info][gc             ] GC(962) Concurrent Mark Cycle
[383.374s][info][gc,marking     ] GC(962) Concurrent Scan Root Regions
[383.456s][info][gc,marking     ] GC(962) Concurrent Scan Root Regions 82.544ms
[383.457s][info][gc,marking     ] GC(962) Concurrent Mark
[383.457s][info][gc,marking     ] GC(962) Concurrent Mark From Roots
[383.457s][info][gc,task        ] GC(962) Using 1 workers of 1 for marking
[383.758s][info][gc,start       ] GC(963) Pause Young (Normal) (G1 Evacuation Pause)
[383.758s][info][gc,task        ] GC(963) Using 2 workers of 2 for evacuation
[383.845s][info][gc,phases      ] GC(963)   Pre Evacuate Collection Set: 0.52ms
[383.845s][info][gc,phases      ] GC(963)   Merge Heap Roots: 0.31ms
[383.845s][info][gc,phases      ] GC(963)   Evacuate Collection Set: 84.96ms
[383.845s][info][gc,phases      ] GC(963)   Post Evacuate Collection Set: 0.64ms
[383.845s][info][gc,phases      ] GC(963)   Other: 0.11ms
[383.845s][info][gc,heap        ] GC(963) Eden regions: 307->0(303)
[383.845s][info][gc,heap        ] GC(963) Survivor regions: 49->27(45)
[383.845s][info][gc,heap        ] GC(963) Old regions: 516->564
[383.845s][info][gc,heap        ] GC(963) Humongous regions: 7->7
[383.845s][info][gc,metaspace   ] GC(963) Metaspace: 18861K(19008K)->18861K(19008K) NonClass: 17032K(17152K)->17032K(17152K) Class: 1829K(1856K)->1829K(1856K)
[383.845s][info][gc             ] GC(963) Pause Young (Normal) (G1 Evacuation Pause) 877M->597M(978M) 86.796ms
[383.845s][info][gc,cpu         ] GC(963) User=0.17s Sys=0.00s Real=0.09s
[384.224s][info][gc,start       ] GC(964) Pause Young (Normal) (G1 Evacuation Pause)
[384.224s][info][gc,task        ] GC(964) Using 2 workers of 2 for evacuation
[384.294s][info][gc,phases      ] GC(964)   Pre Evacuate Collection Set: 0.51ms
[384.295s][info][gc,phases      ] GC(964)   Merge Heap Roots: 0.33ms
[384.295s][info][gc,phases      ] GC(964)   Evacuate Collection Set: 69.09ms
[384.295s][info][gc,phases      ] GC(964)   Post Evacuate Collection Set: 0.65ms
[384.295s][info][gc,phases      ] GC(964)   Other: 0.11ms
[384.295s][info][gc,heap        ] GC(964) Eden regions: 303->0(268)
[384.295s][info][gc,heap        ] GC(964) Survivor regions: 27->31(42)
[384.295s][info][gc,heap        ] GC(964) Old regions: 564->591
[384.295s][info][gc,heap        ] GC(964) Humongous regions: 7->7
[384.295s][info][gc,metaspace   ] GC(964) Metaspace: 18861K(19008K)->18861K(19008K) NonClass: 17032K(17152K)->17032K(17152K) Class: 1829K(1856K)->1829K(1856K)
[384.295s][info][gc             ] GC(964) Pause Young (Normal) (G1 Evacuation Pause) 900M->627M(978M) 70.988ms
[384.295s][info][gc,cpu         ] GC(964) User=0.14s Sys=0.00s Real=0.07s
[384.891s][info][gc,start       ] GC(965) Pause Young (Normal) (G1 Evacuation Pause)
[384.891s][info][gc,task        ] GC(965) Using 2 workers of 2 for evacuation
[384.939s][info][gc,phases      ] GC(965)   Pre Evacuate Collection Set: 0.52ms
[384.939s][info][gc,phases      ] GC(965)   Merge Heap Roots: 0.33ms
[384.939s][info][gc,phases      ] GC(965)   Evacuate Collection Set: 46.03ms
[384.939s][info][gc,phases      ] GC(965)   Post Evacuate Collection Set: 0.53ms
[384.939s][info][gc,phases      ] GC(965)   Other: 0.11ms
[384.939s][info][gc,heap        ] GC(965) Eden regions: 268->0(280)
[384.939s][info][gc,heap        ] GC(965) Survivor regions: 31->4(38)
[384.939s][info][gc,heap        ] GC(965) Old regions: 591->621
[384.939s][info][gc,heap        ] GC(965) Humongous regions: 7->7
[384.939s][info][gc,metaspace   ] GC(965) Metaspace: 18861K(19008K)->18861K(19008K) NonClass: 17032K(17152K)->17032K(17152K) Class: 1829K(1856K)->1829K(1856K)
[384.939s][info][gc             ] GC(965) Pause Young (Normal) (G1 Evacuation Pause) 895M->631M(978M) 47.796ms
[384.939s][info][gc,cpu         ] GC(965) User=0.10s Sys=0.00s Real=0.05s
[385.197s][info][gc,marking     ] GC(962) Concurrent Mark From Roots 1740.609ms
[385.197s][info][gc,marking     ] GC(962) Concurrent Preclean
[385.197s][info][gc,marking     ] GC(962) Concurrent Preclean 0.041ms
[385.197s][info][gc,start       ] GC(962) Pause Remark
[385.206s][info][gc             ] GC(962) Pause Remark 730M->730M(978M) 8.630ms
[385.206s][info][gc,cpu         ] GC(962) User=0.02s Sys=0.00s Real=0.01s
[385.207s][info][gc,marking     ] GC(962) Concurrent Mark 1750.000ms
[385.207s][info][gc,marking     ] GC(962) Concurrent Rebuild Remembered Sets and Scrub Regions
[385.890s][info][gc,marking     ] GC(962) Concurrent Rebuild Remembered Sets and Scrub Regions 683.195ms
[385.890s][info][gc,start       ] GC(962) Pause Cleanup
[385.890s][info][gc             ] GC(962) Pause Cleanup 909M->909M(978M) 0.113ms
[385.890s][info][gc,cpu         ] GC(962) User=0.00s Sys=0.00s Real=0.00s
[385.892s][info][gc,marking     ] GC(962) Concurrent Clear Claimed Marks
[385.892s][info][gc,marking     ] GC(962) Concurrent Clear Claimed Marks 0.047ms
[385.892s][info][gc,marking     ] GC(962) Concurrent Cleanup for Next Mark
[385.899s][info][gc,marking     ] GC(962) Concurrent Cleanup for Next Mark 7.006ms
[385.899s][info][gc,start       ] GC(966) Pause Young (Prepare Mixed) (G1 Evacuation Pause)
[385.899s][info][gc,task        ] GC(966) Using 2 workers of 2 for evacuation
[385.941s][info][gc,phases      ] GC(966)   Pre Evacuate Collection Set: 0.54ms
[385.941s][info][gc,phases      ] GC(966)   Merge Heap Roots: 0.35ms
[385.941s][info][gc,phases      ] GC(966)   Evacuate Collection Set: 39.60ms
[385.941s][info][gc,phases      ] GC(966)   Post Evacuate Collection Set: 0.61ms
[385.941s][info][gc,phases      ] GC(966)   Other: 0.11ms
[385.941s][info][gc,heap        ] GC(966) Eden regions: 280->0(242)
[385.941s][info][gc,heap        ] GC(966) Survivor regions: 4->29(36)
[385.941s][info][gc,heap        ] GC(966) Old regions: 621->621
[385.941s][info][gc,heap        ] GC(966) Humongous regions: 7->7
[385.941s][info][gc,metaspace   ] GC(966) Metaspace: 18861K(19008K)->18861K(19008K) NonClass: 17032K(17152K)->17032K(17152K) Class: 1829K(1856K)->1829K(1856K)
[385.941s][info][gc             ] GC(966) Pause Young (Prepare Mixed) (G1 Evacuation Pause) 911M->655M(978M) 41.432ms
[385.941s][info][gc,cpu         ] GC(966) User=0.08s Sys=0.00s Real=0.04s
[385.941s][info][gc             ] GC(962) Concurrent Mark Cycle 2567.093ms
[386.581s][info][gc,start       ] GC(967) Pause Young (Mixed) (G1 Evacuation Pause)
[386.581s][info][gc,task        ] GC(967) Using 2 workers of 2 for evacuation
[386.616s][info][gc,phases      ] GC(967)   Pre Evacuate Collection Set: 0.30ms
[386.616s][info][gc,phases      ] GC(967)   Merge Heap Roots: 0.26ms
[386.616s][info][gc,phases      ] GC(967)   Evacuate Collection Set: 34.08ms
[386.616s][info][gc,phases      ] GC(967)   Post Evacuate Collection Set: 0.49ms
[386.616s][info][gc,phases      ] GC(967)   Other: 0.14ms
[386.617s][info][gc,heap        ] GC(967) Eden regions: 242->0(269)
[386.617s][info][gc,heap        ] GC(967) Survivor regions: 29->1(34)
[386.617s][info][gc,heap        ] GC(967) Old regions: 621->641
[386.617s][info][gc,heap        ] GC(967) Humongous regions: 7->7
[386.617s][info][gc,metaspace   ] GC(967) Metaspace: 18861K(19008K)->18861K(19008K) NonClass: 17032K(17152K)->17032K(17152K) Class: 1829K(1856K)->1829K(1856K)
[386.617s][info][gc             ] GC(967) Pause Young (Mixed) (G1 Evacuation Pause) 897M->648M(978M) 35.528ms
[386.617s][info][gc,cpu         ] GC(967) User=0.07s Sys=0.00s Real=0.03s
[387.290s][info][gc,start       ] GC(968) Pause Young (Concurrent Start) (G1 Evacuation Pause)
[387.290s][info][gc,task        ] GC(968) Using 2 workers of 2 for evacuation
[387.292s][info][gc,phases      ] GC(968)   Pre Evacuate Collection Set: 0.30ms
[387.292s][info][gc,phases      ] GC(968)   Merge Heap Roots: 0.12ms
[387.292s][info][gc,phases      ] GC(968)   Evacuate Collection Set: 0.89ms
[387.292s][info][gc,phases      ] GC(968)   Post Evacuate Collection Set: 0.46ms
[387.292s][info][gc,phases      ] GC(968)   Other: 0.13ms
[387.292s][info][gc,heap        ] GC(968) Eden regions: 269->0(278)
[387.292s][info][gc,heap        ] GC(968) Survivor regions: 1->1(34)
[387.292s][info][gc,heap        ] GC(968) Old regions: 641->641
[387.292s][info][gc,heap        ] GC(968) Humongous regions: 7->7
[387.292s][info][gc,metaspace   ] GC(968) Metaspace: 18861K(19008K)->18861K(19008K) NonClass: 17032K(17152K)->17032K(17152K) Class: 1829K(1856K)->1829K(1856K)
[387.292s][info][gc             ] GC(968) Pause Young (Concurrent Start) (G1 Evacuation Pause) 917M->648M(978M) 2.131ms
[387.292s][info][gc             ] GC(969) Concurrent Mark Cycle
[387.292s][info][gc,marking     ] GC(969) Concurrent Scan Root Regions
[387.292s][info][gc,cpu         ] GC(968) User=0.00s Sys=0.00s Real=0.00s
[387.293s][info][gc,marking     ] GC(969) Concurrent Scan Root Regions 0.389ms
[387.293s][info][gc,marking     ] GC(969) Concurrent Mark
[387.293s][info][gc,marking     ] GC(969) Concurrent Mark From Roots
[387.293s][info][gc,task        ] GC(969) Using 1 workers of 1 for marking
[388.358s][info][gc,start       ] GC(970) Pause Young (Normal) (G1 Evacuation Pause)
[388.358s][info][gc,task        ] GC(970) Using 2 workers of 2 for evacuation
[388.362s][info][gc,phases      ] GC(970)   Pre Evacuate Collection Set: 0.52ms
[388.362s][info][gc,phases      ] GC(970)   Merge Heap Roots: 0.15ms
[388.362s][info][gc,phases      ] GC(970)   Evacuate Collection Set: 2.75ms
[388.362s][info][gc,phases      ] GC(970)   Post Evacuate Collection Set: 0.51ms
[388.362s][info][gc,phases      ] GC(970)   Other: 0.09ms
[388.362s][info][gc,heap        ] GC(970) Eden regions: 278->0(276)
[388.362s][info][gc,heap        ] GC(970) Survivor regions: 1->2(35)
[388.362s][info][gc,heap        ] GC(970) Old regions: 641->641
[388.362s][info][gc,heap        ] GC(970) Humongous regions: 7->7
[388.362s][info][gc,metaspace   ] GC(970) Metaspace: 18861K(19008K)->18861K(19008K) NonClass: 17032K(17152K)->17032K(17152K) Class: 1829K(1856K)->1829K(1856K)
[388.362s][info][gc             ] GC(970) Pause Young (Normal) (G1 Evacuation Pause) 926M->648M(978M) 4.274ms
[388.362s][info][gc,cpu         ] GC(970) User=0.01s Sys=0.00s Real=0.01s
[389.104s][info][gc,start       ] GC(971) Pause Young (Normal) (G1 Evacuation Pause)
[389.104s][info][gc,task        ] GC(971) Using 2 workers of 2 for evacuation
[389.179s][info][gc,phases      ] GC(971)   Pre Evacuate Collection Set: 0.29ms
[389.179s][info][gc,phases      ] GC(971)   Merge Heap Roots: 0.15ms
[389.179s][info][gc,phases      ] GC(971)   Evacuate Collection Set: 69.02ms
[389.179s][info][gc,phases      ] GC(971)   Post Evacuate Collection Set: 6.10ms
[389.179s][info][gc,phases      ] GC(971)   Other: 0.10ms
[389.179s][info][gc,heap        ] GC(971) Eden regions: 276->0(130)
[389.179s][info][gc,heap        ] GC(971) Survivor regions: 2->35(35)
[389.179s][info][gc,heap        ] GC(971) Old regions: 641->721
[389.179s][info][gc,heap        ] GC(971) Humongous regions: 7->7
[389.179s][info][gc,metaspace   ] GC(971) Metaspace: 18861K(19008K)->18861K(19008K) NonClass: 17032K(17152K)->17032K(17152K) Class: 1829K(1856K)->1829K(1856K)
[389.180s][info][gc             ] GC(971) Pause Young (Normal) (G1 Evacuation Pause) (Evacuation Failure: Allocation) 924M->762M(978M) 75.889ms
[389.180s][info][gc,cpu         ] GC(971) User=0.15s Sys=0.00s Real=0.08s
[389.519s][info][gc,marking     ] GC(969) Concurrent Mark From Roots 2226.259ms
[389.519s][info][gc,marking     ] GC(969) Concurrent Preclean
[389.519s][info][gc,marking     ] GC(969) Concurrent Preclean 0.066ms
[389.519s][info][gc,start       ] GC(969) Pause Remark
[389.528s][info][gc             ] GC(969) Pause Remark 872M->872M(978M) 8.302ms
[389.528s][info][gc,cpu         ] GC(969) User=0.01s Sys=0.00s Real=0.00s
[389.528s][info][gc,marking     ] GC(969) Concurrent Mark 2234.944ms
[389.528s][info][gc,marking     ] GC(969) Concurrent Rebuild Remembered Sets and Scrub Regions
[389.549s][info][gc,start       ] GC(972) Pause Young (Normal) (G1 Evacuation Pause)
[389.549s][info][gc,task        ] GC(972) Using 2 workers of 2 for evacuation
[389.612s][info][gc,phases      ] GC(972)   Pre Evacuate Collection Set: 0.51ms
[389.612s][info][gc,phases      ] GC(972)   Merge Heap Roots: 0.36ms
[389.612s][info][gc,phases      ] GC(972)   Evacuate Collection Set: 61.60ms
[389.612s][info][gc,phases      ] GC(972)   Post Evacuate Collection Set: 0.54ms
[389.612s][info][gc,phases      ] GC(972)   Other: 0.10ms
[389.612s][info][gc,heap        ] GC(972) Eden regions: 130->0(190)
[389.612s][info][gc,heap        ] GC(972) Survivor regions: 35->9(21)
[389.612s][info][gc,heap        ] GC(972) Old regions: 721->711
[389.612s][info][gc,heap        ] GC(972) Humongous regions: 7->7
[389.612s][info][gc,metaspace   ] GC(972) Metaspace: 18861K(19008K)->18861K(19008K) NonClass: 17032K(17152K)->17032K(17152K) Class: 1829K(1856K)->1829K(1856K)
[389.612s][info][gc             ] GC(972) Pause Young (Normal) (G1 Evacuation Pause) 892M->725M(978M) 63.386ms
[389.612s][info][gc,cpu         ] GC(972) User=0.13s Sys=0.00s Real=0.06s
[389.846s][info][gc,start       ] GC(973) Pause Young (Normal) (G1 Evacuation Pause)
[389.846s][info][gc,task        ] GC(973) Using 2 workers of 2 for evacuation
[389.940s][info][gc,phases      ] GC(973)   Pre Evacuate Collection Set: 0.29ms
[389.941s][info][gc,phases      ] GC(973)   Merge Heap Roots: 0.36ms
[389.941s][info][gc,phases      ] GC(973)   Evacuate Collection Set: 89.11ms
[389.941s][info][gc,phases      ] GC(973)   Post Evacuate Collection Set: 4.44ms
[389.941s][info][gc,phases      ] GC(973)   Other: 0.10ms
[389.941s][info][gc,heap        ] GC(973) Eden regions: 190->0(80)
[389.941s][info][gc,heap        ] GC(973) Survivor regions: 9->25(25)
[389.941s][info][gc,heap        ] GC(973) Old regions: 711->788
[389.941s][info][gc,heap        ] GC(973) Humongous regions: 10->10
[389.941s][info][gc,metaspace   ] GC(973) Metaspace: 18861K(19008K)->18861K(19008K) NonClass: 17032K(17152K)->17032K(17152K) Class: 1829K(1856K)->1829K(1856K)
[389.941s][info][gc             ] GC(973) Pause Young (Normal) (G1 Evacuation Pause) (Evacuation Failure: Allocation) 918M->822M(978M) 94.562ms
[389.941s][info][gc,cpu         ] GC(973) User=0.19s Sys=0.00s Real=0.10s
[390.058s][info][gc,start       ] GC(974) Pause Young (Normal) (G1 Evacuation Pause)
[390.058s][info][gc,task        ] GC(974) Using 2 workers of 2 for evacuation
[390.153s][info][gc,phases      ] GC(974)   Pre Evacuate Collection Set: 0.56ms
[390.153s][info][gc,phases      ] GC(974)   Merge Heap Roots: 0.53ms
[390.153s][info][gc,phases      ] GC(974)   Evacuate Collection Set: 93.89ms
[390.153s][info][gc,phases      ] GC(974)   Post Evacuate Collection Set: 0.57ms
[390.153s][info][gc,phases      ] GC(974)   Other: 0.08ms
[390.153s][info][gc,heap        ] GC(974) Eden regions: 80->0(90)
[390.153s][info][gc,heap        ] GC(974) Survivor regions: 25->14(14)
[390.153s][info][gc,heap        ] GC(974) Old regions: 788->800
[390.153s][info][gc,heap        ] GC(974) Humongous regions: 10->10
[390.153s][info][gc,metaspace   ] GC(974) Metaspace: 18861K(19008K)->18861K(19008K) NonClass: 17032K(17152K)->17032K(17152K) Class: 1829K(1856K)->1829K(1856K)
[390.154s][info][gc             ] GC(974) Pause Young (Normal) (G1 Evacuation Pause) 902M->823M(978M) 95.888ms
[390.154s][info][gc,cpu         ] GC(974) User=0.19s Sys=0.00s Real=0.10s
[390.428s][info][gc,start       ] GC(975) Pause Young (Normal) (G1 Evacuation Pause)
[390.429s][info][gc,task        ] GC(975) Using 2 workers of 2 for evacuation
[390.461s][info][gc,phases      ] GC(975)   Pre Evacuate Collection Set: 0.29ms
[390.461s][info][gc,phases      ] GC(975)   Merge Heap Roots: 0.38ms
[390.461s][info][gc,phases      ] GC(975)   Evacuate Collection Set: 30.89ms
[390.461s][info][gc,phases      ] GC(975)   Post Evacuate Collection Set: 0.38ms
[390.461s][info][gc,phases      ] GC(975)   Other: 0.10ms
[390.461s][info][gc,heap        ] GC(975) Eden regions: 90->0(94)
[390.461s][info][gc,heap        ] GC(975) Survivor regions: 14->5(13)
[390.461s][info][gc,heap        ] GC(975) Old regions: 800->814
[390.461s][info][gc,heap        ] GC(975) Humongous regions: 10->10
[390.461s][info][gc,metaspace   ] GC(975) Metaspace: 18861K(19008K)->18861K(19008K) NonClass: 17032K(17152K)->17032K(17152K) Class: 1829K(1856K)->1829K(1856K)
[390.461s][info][gc             ] GC(975) Pause Young (Normal) (G1 Evacuation Pause) 913M->828M(978M) 32.299ms
[390.461s][info][gc,cpu         ] GC(975) User=0.06s Sys=0.00s Real=0.03s
[390.466s][info][gc,marking     ] GC(969) Concurrent Rebuild Remembered Sets and Scrub Regions 937.992ms
[390.466s][info][gc,start       ] GC(969) Pause Cleanup
[390.466s][info][gc             ] GC(969) Pause Cleanup 830M->830M(978M) 0.127ms
[390.466s][info][gc,cpu         ] GC(969) User=0.00s Sys=0.00s Real=0.00s
[390.466s][info][gc,marking     ] GC(969) Concurrent Clear Claimed Marks
[390.466s][info][gc,marking     ] GC(969) Concurrent Clear Claimed Marks 0.034ms
[390.466s][info][gc,marking     ] GC(969) Concurrent Cleanup for Next Mark
[390.469s][info][gc,marking     ] GC(969) Concurrent Cleanup for Next Mark 2.981ms
[390.469s][info][gc             ] GC(969) Concurrent Mark Cycle 3176.818ms
[390.589s][info][gc,start       ] GC(976) Pause Young (Prepare Mixed) (G1 Evacuation Pause)
[390.589s][info][gc,task        ] GC(976) Using 2 workers of 2 for evacuation
[390.595s][info][gc,phases      ] GC(976)   Pre Evacuate Collection Set: 0.30ms
[390.596s][info][gc,phases      ] GC(976)   Merge Heap Roots: 0.12ms
[390.596s][info][gc,phases      ] GC(976)   Evacuate Collection Set: 5.36ms
[390.596s][info][gc,phases      ] GC(976)   Post Evacuate Collection Set: 0.37ms
[390.596s][info][gc,phases      ] GC(976)   Other: 0.12ms
[390.596s][info][gc,heap        ] GC(976) Eden regions: 94->0(94)
[390.596s][info][gc,heap        ] GC(976) Survivor regions: 5->5(13)
[390.596s][info][gc,heap        ] GC(976) Old regions: 814->814
[390.596s][info][gc,heap        ] GC(976) Humongous regions: 10->10
[390.596s][info][gc,metaspace   ] GC(976) Metaspace: 18861K(19008K)->18861K(19008K) NonClass: 17032K(17152K)->17032K(17152K) Class: 1829K(1856K)->1829K(1856K)
[390.596s][info][gc             ] GC(976) Pause Young (Prepare Mixed) (G1 Evacuation Pause) 922M->828M(978M) 6.534ms
[390.596s][info][gc,cpu         ] GC(976) User=0.01s Sys=0.00s Real=0.00s
[390.714s][info][gc,start       ] GC(977) Pause Young (Mixed) (G1 Evacuation Pause)
[390.714s][info][gc,task        ] GC(977) Using 2 workers of 2 for evacuation
[390.721s][info][gc,phases      ] GC(977)   Pre Evacuate Collection Set: 0.34ms
[390.721s][info][gc,phases      ] GC(977)   Merge Heap Roots: 0.16ms
[390.721s][info][gc,phases      ] GC(977)   Evacuate Collection Set: 6.77ms
[390.721s][info][gc,phases      ] GC(977)   Post Evacuate Collection Set: 0.38ms
[390.721s][info][gc,phases      ] GC(977)   Other: 0.08ms
[390.721s][info][gc,heap        ] GC(977) Eden regions: 94->0(102)
[390.722s][info][gc,heap        ] GC(977) Survivor regions: 5->5(13)
[390.722s][info][gc,heap        ] GC(977) Old regions: 814->806
[390.722s][info][gc,heap        ] GC(977) Humongous regions: 10->10
[390.722s][info][gc,metaspace   ] GC(977) Metaspace: 18861K(19008K)->18861K(19008K) NonClass: 17032K(17152K)->17032K(17152K) Class: 1829K(1856K)->1829K(1856K)
[390.722s][info][gc             ] GC(977) Pause Young (Mixed) (G1 Evacuation Pause) 922M->819M(978M) 7.952ms
[390.722s][info][gc,cpu         ] GC(977) User=0.01s Sys=0.00s Real=0.01s
[390.846s][info][gc,start       ] GC(978) Pause Young (Concurrent Start) (G1 Evacuation Pause)
[390.846s][info][gc,task        ] GC(978) Using 2 workers of 2 for evacuation
[390.854s][info][gc,phases      ] GC(978)   Pre Evacuate Collection Set: 0.42ms
[390.854s][info][gc,phases      ] GC(978)   Merge Heap Roots: 0.12ms
[390.854s][info][gc,phases      ] GC(978)   Evacuate Collection Set: 6.77ms
[390.854s][info][gc,phases      ] GC(978)   Post Evacuate Collection Set: 0.42ms
[390.854s][info][gc,phases      ] GC(978)   Other: 0.11ms
[390.854s][info][gc,heap        ] GC(978) Eden regions: 102->0(102)
[390.854s][info][gc,heap        ] GC(978) Survivor regions: 5->5(14)
[390.854s][info][gc,heap        ] GC(978) Old regions: 806->806
[390.854s][info][gc,heap        ] GC(978) Humongous regions: 10->10
[390.854s][info][gc,metaspace   ] GC(978) Metaspace: 18861K(19008K)->18861K(19008K) NonClass: 17032K(17152K)->17032K(17152K) Class: 1829K(1856K)->1829K(1856K)
[390.854s][info][gc             ] GC(978) Pause Young (Concurrent Start) (G1 Evacuation Pause) 921M->820M(978M) 8.122ms
[390.854s][info][gc,cpu         ] GC(978) User=0.02s Sys=0.00s Real=0.01s
[390.854s][info][gc             ] GC(979) Concurrent Mark Cycle
[390.854s][info][gc,marking     ] GC(979) Concurrent Scan Root Regions
[390.864s][info][gc,marking     ] GC(979) Concurrent Scan Root Regions 9.762ms
[390.864s][info][gc,marking     ] GC(979) Concurrent Mark
[390.864s][info][gc,marking     ] GC(979) Concurrent Mark From Roots
[390.864s][info][gc,task        ] GC(979) Using 1 workers of 1 for marking
[391.109s][info][gc,start       ] GC(980) Pause Young (Normal) (G1 Evacuation Pause)
[391.109s][info][gc,task        ] GC(980) Using 2 workers of 2 for evacuation
[391.117s][info][gc,phases      ] GC(980)   Pre Evacuate Collection Set: 0.31ms
[391.117s][info][gc,phases      ] GC(980)   Merge Heap Roots: 0.13ms
[391.117s][info][gc,phases      ] GC(980)   Evacuate Collection Set: 6.69ms
[391.117s][info][gc,phases      ] GC(980)   Post Evacuate Collection Set: 0.32ms
[391.117s][info][gc,phases      ] GC(980)   Other: 0.08ms
[391.117s][info][gc,heap        ] GC(980) Eden regions: 102->0(102)
[391.117s][info][gc,heap        ] GC(980) Survivor regions: 5->5(14)
[391.117s][info][gc,heap        ] GC(980) Old regions: 806->806
[391.117s][info][gc,heap        ] GC(980) Humongous regions: 10->10
[391.117s][info][gc,metaspace   ] GC(980) Metaspace: 18861K(19008K)->18861K(19008K) NonClass: 17032K(17152K)->17032K(17152K) Class: 1829K(1856K)->1829K(1856K)
[391.117s][info][gc             ] GC(980) Pause Young (Normal) (G1 Evacuation Pause) 922M->820M(978M) 7.783ms
[391.117s][info][gc,cpu         ] GC(980) User=0.01s Sys=0.00s Real=0.00s
[391.367s][info][gc,start       ] GC(981) Pause Young (Normal) (G1 Evacuation Pause)
[391.367s][info][gc,task        ] GC(981) Using 2 workers of 2 for evacuation
[391.375s][info][gc,phases      ] GC(981)   Pre Evacuate Collection Set: 0.30ms
[391.375s][info][gc,phases      ] GC(981)   Merge Heap Roots: 0.13ms
[391.375s][info][gc,phases      ] GC(981)   Evacuate Collection Set: 7.12ms
[391.375s][info][gc,phases      ] GC(981)   Post Evacuate Collection Set: 0.47ms
[391.375s][info][gc,phases      ] GC(981)   Other: 0.11ms
[391.375s][info][gc,heap        ] GC(981) Eden regions: 102->0(102)
[391.375s][info][gc,heap        ] GC(981) Survivor regions: 5->5(14)
[391.375s][info][gc,heap        ] GC(981) Old regions: 806->806
[391.375s][info][gc,heap        ] GC(981) Humongous regions: 10->10
[391.375s][info][gc,metaspace   ] GC(981) Metaspace: 18861K(19008K)->18861K(19008K) NonClass: 17032K(17152K)->17032K(17152K) Class: 1829K(1856K)->1829K(1856K)
[391.375s][info][gc             ] GC(981) Pause Young (Normal) (G1 Evacuation Pause) 922M->820M(978M) 8.388ms
[391.375s][info][gc,cpu         ] GC(981) User=0.01s Sys=0.00s Real=0.01s
[391.575s][info][gc,start       ] GC(982) Pause Young (Normal) (G1 Evacuation Pause)
[391.575s][info][gc,task        ] GC(982) Using 2 workers of 2 for evacuation
[391.584s][info][gc,phases      ] GC(982)   Pre Evacuate Collection Set: 0.32ms
[391.584s][info][gc,phases      ] GC(982)   Merge Heap Roots: 0.14ms
[391.584s][info][gc,phases      ] GC(982)   Evacuate Collection Set: 7.49ms
[391.584s][info][gc,phases      ] GC(982)   Post Evacuate Collection Set: 0.35ms
[391.584s][info][gc,phases      ] GC(982)   Other: 0.10ms
[391.584s][info][gc,heap        ] GC(982) Eden regions: 102->0(102)
[391.584s][info][gc,heap        ] GC(982) Survivor regions: 5->5(14)
[391.584s][info][gc,heap        ] GC(982) Old regions: 806->806
[391.584s][info][gc,heap        ] GC(982) Humongous regions: 10->10
[391.584s][info][gc,metaspace   ] GC(982) Metaspace: 18861K(19008K)->18861K(19008K) NonClass: 17032K(17152K)->17032K(17152K) Class: 1829K(1856K)->1829K(1856K)
[391.584s][info][gc             ] GC(982) Pause Young (Normal) (G1 Evacuation Pause) 922M->820M(978M) 8.672ms
[391.584s][info][gc,cpu         ] GC(982) User=0.01s Sys=0.00s Real=0.01s
[391.821s][info][gc,start       ] GC(983) Pause Young (Normal) (G1 Evacuation Pause)
[391.821s][info][gc,task        ] GC(983) Using 2 workers of 2 for evacuation
[391.830s][info][gc,phases      ] GC(983)   Pre Evacuate Collection Set: 0.32ms
[391.830s][info][gc,phases      ] GC(983)   Merge Heap Roots: 0.15ms
[391.830s][info][gc,phases      ] GC(983)   Evacuate Collection Set: 7.86ms
[391.830s][info][gc,phases      ] GC(983)   Post Evacuate Collection Set: 0.38ms
[391.830s][info][gc,phases      ] GC(983)   Other: 0.10ms
[391.830s][info][gc,heap        ] GC(983) Eden regions: 102->0(102)
[391.830s][info][gc,heap        ] GC(983) Survivor regions: 5->5(14)
[391.830s][info][gc,heap        ] GC(983) Old regions: 806->806
[391.830s][info][gc,heap        ] GC(983) Humongous regions: 10->10
[391.830s][info][gc,metaspace   ] GC(983) Metaspace: 18861K(19008K)->18861K(19008K) NonClass: 17032K(17152K)->17032K(17152K) Class: 1829K(1856K)->1829K(1856K)
[391.830s][info][gc             ] GC(983) Pause Young (Normal) (G1 Evacuation Pause) 922M->820M(978M) 9.045ms
[391.830s][info][gc,cpu         ] GC(983) User=0.01s Sys=0.00s Real=0.01s
[392.057s][info][gc,marking     ] GC(979) Concurrent Mark From Roots 1192.411ms
[392.057s][info][gc,marking     ] GC(979) Concurrent Preclean
[392.057s][info][gc,marking     ] GC(979) Concurrent Preclean 0.047ms
[392.057s][info][gc,start       ] GC(979) Pause Remark
[392.066s][info][gc             ] GC(979) Pause Remark 920M->614M(978M) 8.696ms
[392.066s][info][gc,cpu         ] GC(979) User=0.01s Sys=0.00s Real=0.01s
[392.067s][info][gc,marking     ] GC(979) Concurrent Mark 1202.777ms
[392.067s][info][gc,marking     ] GC(979) Concurrent Rebuild Remembered Sets and Scrub Regions
[392.069s][info][gc,start       ] GC(984) Pause Young (Normal) (G1 Evacuation Pause)
[392.069s][info][gc,task        ] GC(984) Using 2 workers of 2 for evacuation
[392.079s][info][gc,phases      ] GC(984)   Pre Evacuate Collection Set: 0.42ms
[392.079s][info][gc,phases      ] GC(984)   Merge Heap Roots: 0.15ms
[392.079s][info][gc,phases      ] GC(984)   Evacuate Collection Set: 8.25ms
[392.079s][info][gc,phases      ] GC(984)   Post Evacuate Collection Set: 0.38ms
[392.079s][info][gc,phases      ] GC(984)   Other: 0.09ms
[392.079s][info][gc,heap        ] GC(984) Eden regions: 102->0(405)
[392.079s][info][gc,heap        ] GC(984) Survivor regions: 5->6(14)
[392.079s][info][gc,heap        ] GC(984) Old regions: 506->506
[392.079s][info][gc,heap        ] GC(984) Humongous regions: 4->4
[392.079s][info][gc,metaspace   ] GC(984) Metaspace: 18861K(19008K)->18861K(19008K) NonClass: 17032K(17152K)->17032K(17152K) Class: 1829K(1856K)->1829K(1856K)
[392.079s][info][gc             ] GC(984) Pause Young (Normal) (G1 Evacuation Pause) 616M->514M(978M) 9.491ms
[392.079s][info][gc,cpu         ] GC(984) User=0.02s Sys=0.00s Real=0.01s
[392.467s][info][gc,marking     ] GC(979) Concurrent Rebuild Remembered Sets and Scrub Regions 399.645ms
[392.467s][info][gc,start       ] GC(979) Pause Cleanup
[392.467s][info][gc             ] GC(979) Pause Cleanup 712M->712M(978M) 0.159ms
[392.467s][info][gc,cpu         ] GC(979) User=0.00s Sys=0.00s Real=0.00s
[392.467s][info][gc,marking     ] GC(979) Concurrent Clear Claimed Marks
[392.467s][info][gc,marking     ] GC(979) Concurrent Clear Claimed Marks 0.031ms
[392.467s][info][gc,marking     ] GC(979) Concurrent Cleanup for Next Mark
[392.473s][info][gc,marking     ] GC(979) Concurrent Cleanup for Next Mark 5.916ms
[392.473s][info][gc             ] GC(979) Concurrent Mark Cycle 1618.863ms
[392.786s][info][gc,start       ] GC(985) Pause Young (Prepare Mixed) (G1 Evacuation Pause)
[392.786s][info][gc,task        ] GC(985) Using 2 workers of 2 for evacuation
[392.840s][info][gc,phases      ] GC(985)   Pre Evacuate Collection Set: 0.35ms
[392.840s][info][gc,phases      ] GC(985)   Merge Heap Roots: 0.53ms
[392.840s][info][gc,phases      ] GC(985)   Evacuate Collection Set: 52.31ms
[392.840s][info][gc,phases      ] GC(985)   Post Evacuate Collection Set: 0.78ms
[392.840s][info][gc,phases      ] GC(985)   Other: 0.09ms
[392.840s][info][gc,heap        ] GC(985) Eden regions: 405->0(365)
[392.840s][info][gc,heap        ] GC(985) Survivor regions: 6->25(52)
[392.840s][info][gc,heap        ] GC(985) Old regions: 506->506
[392.840s][info][gc,heap        ] GC(985) Humongous regions: 7->7
[392.840s][info][gc,metaspace   ] GC(985) Metaspace: 18862K(19008K)->18862K(19008K) NonClass: 17033K(17152K)->17033K(17152K) Class: 1829K(1856K)->1829K(1856K)
[392.840s][info][gc             ] GC(985) Pause Young (Prepare Mixed) (G1 Evacuation Pause) 922M->537M(978M) 54.370ms
[392.840s][info][gc,cpu         ] GC(985) User=0.10s Sys=0.00s Real=0.06s
[393.442s][info][gc,start       ] GC(986) Pause Young (Mixed) (G1 Evacuation Pause)
[393.442s][info][gc,task        ] GC(986) Using 2 workers of 2 for evacuation
[393.495s][info][gc,phases      ] GC(986)   Pre Evacuate Collection Set: 0.56ms
[393.495s][info][gc,phases      ] GC(986)   Merge Heap Roots: 0.51ms
[393.495s][info][gc,phases      ] GC(986)   Evacuate Collection Set: 50.87ms
[393.495s][info][gc,phases      ] GC(986)   Post Evacuate Collection Set: 0.92ms
[393.495s][info][gc,phases      ] GC(986)   Other: 0.10ms
[393.495s][info][gc,heap        ] GC(986) Eden regions: 365->0(462)
[393.495s][info][gc,heap        ] GC(986) Survivor regions: 25->25(49)
[393.495s][info][gc,heap        ] GC(986) Old regions: 506->409
[393.495s][info][gc,heap        ] GC(986) Humongous regions: 7->7
[393.495s][info][gc,metaspace   ] GC(986) Metaspace: 18862K(19008K)->18862K(19008K) NonClass: 17033K(17152K)->17033K(17152K) Class: 1829K(1856K)->1829K(1856K)
[393.495s][info][gc             ] GC(986) Pause Young (Mixed) (G1 Evacuation Pause) 902M->440M(978M) 53.203ms
[393.495s][info][gc,cpu         ] GC(986) User=0.10s Sys=0.00s Real=0.05s
[394.141s][info][gc,start       ] GC(987) Pause Young (Mixed) (G1 Evacuation Pause)
[394.141s][info][gc,task        ] GC(987) Using 2 workers of 2 for evacuation
[394.245s][info][gc,phases      ] GC(987)   Pre Evacuate Collection Set: 0.55ms
[394.245s][info][gc,phases      ] GC(987)   Merge Heap Roots: 0.69ms
[394.245s][info][gc,phases      ] GC(987)   Evacuate Collection Set: 101.63ms
[394.245s][info][gc,phases      ] GC(987)   Post Evacuate Collection Set: 0.93ms
[394.245s][info][gc,phases      ] GC(987)   Other: 0.12ms
[394.245s][info][gc,heap        ] GC(987) Eden regions: 462->0(398)
[394.245s][info][gc,heap        ] GC(987) Survivor regions: 25->60(61)
[394.245s][info][gc,heap        ] GC(987) Old regions: 409->403
[394.245s][info][gc,heap        ] GC(987) Humongous regions: 7->7
[394.245s][info][gc,metaspace   ] GC(987) Metaspace: 18862K(19008K)->18862K(19008K) NonClass: 17033K(17152K)->17033K(17152K) Class: 1829K(1856K)->1829K(1856K)
[394.245s][info][gc             ] GC(987) Pause Young (Mixed) (G1 Evacuation Pause) 902M->468M(978M) 104.201ms
[394.245s][info][gc,cpu         ] GC(987) User=0.21s Sys=0.00s Real=0.10s
[394.614s][info][gc,start       ] GC(988) Pause Young (Concurrent Start) (G1 Evacuation Pause)
[394.614s][info][gc,task        ] GC(988) Using 2 workers of 2 for evacuation
[394.717s][info][gc,phases      ] GC(988)   Pre Evacuate Collection Set: 0.34ms
[394.717s][info][gc,phases      ] GC(988)   Merge Heap Roots: 0.50ms
[394.717s][info][gc,phases      ] GC(988)   Evacuate Collection Set: 101.26ms
[394.717s][info][gc,phases      ] GC(988)   Post Evacuate Collection Set: 0.70ms
[394.717s][info][gc,phases      ] GC(988)   Other: 0.15ms
[394.717s][info][gc,heap        ] GC(988) Eden regions: 398->0(429)
[394.718s][info][gc,heap        ] GC(988) Survivor regions: 60->8(58)
[394.718s][info][gc,heap        ] GC(988) Old regions: 403->463
[394.718s][info][gc,heap        ] GC(988) Humongous regions: 7->7
[394.718s][info][gc,metaspace   ] GC(988) Metaspace: 18862K(19008K)->18862K(19008K) NonClass: 17033K(17152K)->17033K(17152K) Class: 1829K(1856K)->1829K(1856K)
[394.718s][info][gc             ] GC(988) Pause Young (Concurrent Start) (G1 Evacuation Pause) 866M->477M(978M) 103.252ms
[394.718s][info][gc,cpu         ] GC(988) User=0.20s Sys=0.00s Real=0.10s
[394.718s][info][gc             ] GC(989) Concurrent Mark Cycle
[394.719s][info][gc,marking     ] GC(989) Concurrent Scan Root Regions
[394.893s][info][gc,marking     ] GC(989) Concurrent Scan Root Regions 174.166ms
[394.893s][info][gc,marking     ] GC(989) Concurrent Mark
[394.893s][info][gc,marking     ] GC(989) Concurrent Mark From Roots
[394.893s][info][gc,task        ] GC(989) Using 1 workers of 1 for marking
[395.406s][info][gc,start       ] GC(990) Pause Young (Normal) (G1 Evacuation Pause)
[395.406s][info][gc,task        ] GC(990) Using 2 workers of 2 for evacuation
[395.498s][info][gc,phases      ] GC(990)   Pre Evacuate Collection Set: 0.55ms
[395.498s][info][gc,phases      ] GC(990)   Merge Heap Roots: 0.54ms
[395.498s][info][gc,phases      ] GC(990)   Evacuate Collection Set: 90.39ms
[395.498s][info][gc,phases      ] GC(990)   Post Evacuate Collection Set: 0.75ms
[395.498s][info][gc,phases      ] GC(990)   Other: 0.12ms
[395.498s][info][gc,heap        ] GC(990) Eden regions: 429->0(336)
[395.498s][info][gc,heap        ] GC(990) Survivor regions: 8->55(55)
[395.498s][info][gc,heap        ] GC(990) Old regions: 463->475
[395.498s][info][gc,heap        ] GC(990) Humongous regions: 7->7
[395.498s][info][gc,metaspace   ] GC(990) Metaspace: 18862K(19008K)->18862K(19008K) NonClass: 17033K(17152K)->17033K(17152K) Class: 1829K(1856K)->1829K(1856K)
[395.498s][info][gc             ] GC(990) Pause Young (Normal) (G1 Evacuation Pause) 906M->536M(978M) 92.607ms
[395.498s][info][gc,cpu         ] GC(990) User=0.18s Sys=0.01s Real=0.10s
[395.688s][info][gc,marking     ] GC(989) Concurrent Mark From Roots 794.989ms
[395.689s][info][gc,marking     ] GC(989) Concurrent Preclean
[395.689s][info][gc,marking     ] GC(989) Concurrent Preclean 0.054ms
[395.689s][info][gc,start       ] GC(989) Pause Remark
[395.697s][info][gc             ] GC(989) Pause Remark 674M->556M(978M) 8.268ms
[395.697s][info][gc,cpu         ] GC(989) User=0.02s Sys=0.00s Real=0.00s
[395.697s][info][gc,marking     ] GC(989) Concurrent Mark 803.808ms
[395.697s][info][gc,marking     ] GC(989) Concurrent Rebuild Remembered Sets and Scrub Regions
[395.988s][info][gc,marking     ] GC(989) Concurrent Rebuild Remembered Sets and Scrub Regions 290.743ms
[395.991s][info][gc,start       ] GC(989) Pause Cleanup
[395.991s][info][gc             ] GC(989) Pause Cleanup 698M->698M(978M) 0.143ms
[395.991s][info][gc,cpu         ] GC(989) User=0.00s Sys=0.00s Real=0.00s
[395.992s][info][gc,marking     ] GC(989) Concurrent Clear Claimed Marks
[395.992s][info][gc,marking     ] GC(989) Concurrent Clear Claimed Marks 0.048ms
[395.992s][info][gc,marking     ] GC(989) Concurrent Cleanup for Next Mark
[395.999s][info][gc,marking     ] GC(989) Concurrent Cleanup for Next Mark 7.129ms
[395.999s][info][gc             ] GC(989) Concurrent Mark Cycle 1281.840ms
[396.057s][info][gc,start       ] GC(991) Pause Young (Prepare Mixed) (G1 Evacuation Pause)
[396.057s][info][gc,task        ] GC(991) Using 2 workers of 2 for evacuation
[396.134s][info][gc,phases      ] GC(991)   Pre Evacuate Collection Set: 0.32ms
[396.134s][info][gc,phases      ] GC(991)   Merge Heap Roots: 0.41ms
[396.134s][info][gc,phases      ] GC(991)   Evacuate Collection Set: 75.37ms
[396.134s][info][gc,phases      ] GC(991)   Post Evacuate Collection Set: 0.61ms
[396.134s][info][gc,phases      ] GC(991)   Other: 0.11ms
[396.134s][info][gc,heap        ] GC(991) Eden regions: 336->0(437)
[396.134s][info][gc,heap        ] GC(991) Survivor regions: 55->16(49)
[396.134s][info][gc,heap        ] GC(991) Old regions: 360->416
[396.134s][info][gc,heap        ] GC(991) Humongous regions: 4->4
[396.134s][info][gc,metaspace   ] GC(991) Metaspace: 18862K(19008K)->18862K(19008K) NonClass: 17033K(17152K)->17033K(17152K) Class: 1829K(1856K)->1829K(1856K)
[396.134s][info][gc             ] GC(991) Pause Young (Prepare Mixed) (G1 Evacuation Pause) 754M->434M(978M) 77.073ms
[396.134s][info][gc,cpu         ] GC(991) User=0.15s Sys=0.00s Real=0.08s
[396.593s][info][gc,start       ] GC(992) Pause Young (Mixed) (G1 Evacuation Pause)
[396.593s][info][gc,task        ] GC(992) Using 2 workers of 2 for evacuation
[396.632s][info][gc,phases      ] GC(992)   Pre Evacuate Collection Set: 0.34ms
[396.632s][info][gc,phases      ] GC(992)   Merge Heap Roots: 0.31ms
[396.632s][info][gc,phases      ] GC(992)   Evacuate Collection Set: 37.63ms
[396.632s][info][gc,phases      ] GC(992)   Post Evacuate Collection Set: 0.72ms
[396.632s][info][gc,phases      ] GC(992)   Other: 0.12ms
[396.632s][info][gc,heap        ] GC(992) Eden regions: 437->0(471)
[396.632s][info][gc,heap        ] GC(992) Survivor regions: 16->31(57)
[396.632s][info][gc,heap        ] GC(992) Old regions: 416->371
[396.633s][info][gc,heap        ] GC(992) Humongous regions: 4->4
[396.633s][info][gc,metaspace   ] GC(992) Metaspace: 18862K(19008K)->18862K(19008K) NonClass: 17033K(17152K)->17033K(17152K) Class: 1829K(1856K)->1829K(1856K)
[396.633s][info][gc             ] GC(992) Pause Young (Mixed) (G1 Evacuation Pause) 871M->405M(978M) 39.352ms
[396.633s][info][gc,cpu         ] GC(992) User=0.08s Sys=0.00s Real=0.04s
[397.746s][info][gc,start       ] GC(993) Pause Young (Concurrent Start) (G1 Evacuation Pause)
[397.746s][info][gc,task        ] GC(993) Using 2 workers of 2 for evacuation
[397.784s][info][gc,phases      ] GC(993)   Pre Evacuate Collection Set: 0.30ms
[397.784s][info][gc,phases      ] GC(993)   Merge Heap Roots: 0.28ms
[397.784s][info][gc,phases      ] GC(993)   Evacuate Collection Set: 35.68ms
[397.784s][info][gc,phases      ] GC(993)   Post Evacuate Collection Set: 0.71ms
[397.784s][info][gc,phases      ] GC(993)   Other: 0.14ms
[397.784s][info][gc,heap        ] GC(993) Eden regions: 471->0(489)
[397.784s][info][gc,heap        ] GC(993) Survivor regions: 31->32(63)
[397.784s][info][gc,heap        ] GC(993) Old regions: 371->371
[397.784s][info][gc,heap        ] GC(993) Humongous regions: 4->4
[397.784s][info][gc,metaspace   ] GC(993) Metaspace: 18862K(19008K)->18862K(19008K) NonClass: 17033K(17152K)->17033K(17152K) Class: 1829K(1856K)->1829K(1856K)
[397.784s][info][gc             ] GC(993) Pause Young (Concurrent Start) (G1 Evacuation Pause) 876M->406M(978M) 37.356ms
[397.784s][info][gc             ] GC(994) Concurrent Mark Cycle
[397.784s][info][gc,marking     ] GC(994) Concurrent Scan Root Regions
[397.785s][info][gc,cpu         ] GC(993) User=0.07s Sys=0.00s Real=0.04s
[397.846s][info][gc,marking     ] GC(994) Concurrent Scan Root Regions 61.880ms
[397.846s][info][gc,marking     ] GC(994) Concurrent Mark
[397.846s][info][gc,marking     ] GC(994) Concurrent Mark From Roots
[397.846s][info][gc,task        ] GC(994) Using 1 workers of 1 for marking
[398.933s][info][gc,marking     ] GC(994) Concurrent Mark From Roots 1087.175ms
[398.933s][info][gc,marking     ] GC(994) Concurrent Preclean
[398.933s][info][gc,marking     ] GC(994) Concurrent Preclean 0.041ms
[398.933s][info][gc,start       ] GC(994) Pause Remark
[398.941s][info][gc             ] GC(994) Pause Remark 747M->747M(978M) 8.019ms
[398.941s][info][gc,cpu         ] GC(994) User=0.01s Sys=0.00s Real=0.01s
[398.942s][info][gc,marking     ] GC(994) Concurrent Mark 1096.393ms
[398.942s][info][gc,marking     ] GC(994) Concurrent Rebuild Remembered Sets and Scrub Regions
[399.044s][info][gc,start       ] GC(995) Pause Young (Normal) (G1 Evacuation Pause)
[399.044s][info][gc,task        ] GC(995) Using 2 workers of 2 for evacuation
[399.191s][info][gc,phases      ] GC(995)   Pre Evacuate Collection Set: 0.27ms
[399.191s][info][gc,phases      ] GC(995)   Merge Heap Roots: 0.34ms
[399.191s][info][gc,phases      ] GC(995)   Evacuate Collection Set: 131.38ms
[399.191s][info][gc,phases      ] GC(995)   Post Evacuate Collection Set: 14.40ms
[399.191s][info][gc,phases      ] GC(995)   Other: 0.09ms
[399.191s][info][gc,heap        ] GC(995) Eden regions: 489->0(261)
[399.191s][info][gc,heap        ] GC(995) Survivor regions: 32->66(66)
[399.191s][info][gc,heap        ] GC(995) Old regions: 371->531
[399.191s][info][gc,heap        ] GC(995) Humongous regions: 4->4
[399.191s][info][gc,metaspace   ] GC(995) Metaspace: 18862K(19008K)->18862K(19008K) NonClass: 17033K(17152K)->17033K(17152K) Class: 1829K(1856K)->1829K(1856K)
[399.191s][info][gc             ] GC(995) Pause Young (Normal) (G1 Evacuation Pause) (Evacuation Failure: Allocation) 895M->600M(978M) 146.728ms
[399.191s][info][gc,cpu         ] GC(995) User=0.29s Sys=0.00s Real=0.15s
[399.552s][info][gc,marking     ] GC(994) Concurrent Rebuild Remembered Sets and Scrub Regions 609.961ms
[399.552s][info][gc,start       ] GC(994) Pause Cleanup
[399.552s][info][gc             ] GC(994) Pause Cleanup 815M->815M(978M) 0.103ms
[399.552s][info][gc,cpu         ] GC(994) User=0.00s Sys=0.00s Real=0.00s
[399.552s][info][gc,marking     ] GC(994) Concurrent Clear Claimed Marks
[399.552s][info][gc,marking     ] GC(994) Concurrent Clear Claimed Marks 0.029ms
[399.552s][info][gc,marking     ] GC(994) Concurrent Cleanup for Next Mark
[399.555s][info][gc,marking     ] GC(994) Concurrent Cleanup for Next Mark 2.960ms
[399.555s][info][gc             ] GC(994) Concurrent Mark Cycle 1771.697ms
[399.590s][info][gc,start       ] GC(996) Pause Young (Prepare Mixed) (G1 Evacuation Pause)
[399.590s][info][gc,task        ] GC(996) Using 2 workers of 2 for evacuation
[399.818s][info][gc,mmu         ] GC(996) MMU target violated: 201.0ms (200.0ms/201.0ms)
[399.818s][info][gc,phases      ] GC(996)   Pre Evacuate Collection Set: 0.33ms
[399.818s][info][gc,phases      ] GC(996)   Merge Heap Roots: 0.67ms
[399.818s][info][gc,phases      ] GC(996)   Evacuate Collection Set: 202.22ms
[399.818s][info][gc,phases      ] GC(996)   Post Evacuate Collection Set: 24.87ms
[399.818s][info][gc,phases      ] GC(996)   Other: 0.16ms
[399.819s][info][gc,heap        ] GC(996) Eden regions: 261->0(104)
[399.819s][info][gc,heap        ] GC(996) Survivor regions: 66->41(41)
[399.819s][info][gc,heap        ] GC(996) Old regions: 531->738
[399.819s][info][gc,heap        ] GC(996) Humongous regions: 4->4
[399.819s][info][gc,metaspace   ] GC(996) Metaspace: 18862K(19008K)->18862K(19008K) NonClass: 17033K(17152K)->17033K(17152K) Class: 1829K(1856K)->1829K(1856K)
[399.819s][info][gc             ] GC(996) Pause Young (Prepare Mixed) (G1 Evacuation Pause) (Evacuation Failure: Allocation) 861M->782M(978M) 228.455ms
[399.819s][info][gc,cpu         ] GC(996) User=0.45s Sys=0.00s Real=0.23s
[400.105s][info][gc,start       ] GC(997) Pause Young (Mixed) (G1 Evacuation Pause)
[400.105s][info][gc,task        ] GC(997) Using 2 workers of 2 for evacuation
[400.218s][info][gc,phases      ] GC(997)   Pre Evacuate Collection Set: 0.58ms
[400.218s][info][gc,phases      ] GC(997)   Merge Heap Roots: 0.80ms
[400.218s][info][gc,phases      ] GC(997)   Evacuate Collection Set: 109.41ms
[400.218s][info][gc,phases      ] GC(997)   Post Evacuate Collection Set: 2.23ms
[400.218s][info][gc,phases      ] GC(997)   Other: 0.10ms
[400.218s][info][gc,heap        ] GC(997) Eden regions: 104->0(164)
[400.218s][info][gc,heap        ] GC(997) Survivor regions: 41->19(19)
[400.218s][info][gc,heap        ] GC(997) Old regions: 738->719
[400.218s][info][gc,heap        ] GC(997) Humongous regions: 7->7
[400.218s][info][gc,metaspace   ] GC(997) Metaspace: 18862K(19008K)->18862K(19008K) NonClass: 17033K(17152K)->17033K(17152K) Class: 1829K(1856K)->1829K(1856K)
[400.218s][info][gc             ] GC(997) Pause Young (Mixed) (G1 Evacuation Pause) (Evacuation Failure: Allocation) 889M->744M(978M) 113.417ms
[400.218s][info][gc,cpu         ] GC(997) User=0.22s Sys=0.00s Real=0.12s
[400.437s][info][gc,start       ] GC(998) Pause Young (Concurrent Start) (G1 Evacuation Pause)
[400.437s][info][gc,task        ] GC(998) Using 2 workers of 2 for evacuation
[400.518s][info][gc,phases      ] GC(998)   Pre Evacuate Collection Set: 0.38ms
[400.518s][info][gc,phases      ] GC(998)   Merge Heap Roots: 0.80ms
[400.518s][info][gc,phases      ] GC(998)   Evacuate Collection Set: 78.94ms
[400.518s][info][gc,phases      ] GC(998)   Post Evacuate Collection Set: 0.83ms
[400.518s][info][gc,phases      ] GC(998)   Other: 0.15ms
[400.518s][info][gc,heap        ] GC(998) Eden regions: 164->0(220)
[400.518s][info][gc,heap        ] GC(998) Survivor regions: 19->6(23)
[400.518s][info][gc,heap        ] GC(998) Old regions: 719->638
[400.518s][info][gc,heap        ] GC(998) Humongous regions: 7->7
[400.518s][info][gc,metaspace   ] GC(998) Metaspace: 18862K(19008K)->18862K(19008K) NonClass: 17033K(17152K)->17033K(17152K) Class: 1829K(1856K)->1829K(1856K)
[400.518s][info][gc             ] GC(998) Pause Young (Concurrent Start) (G1 Evacuation Pause) 908M->650M(978M) 81.424ms
[400.518s][info][gc,cpu         ] GC(998) User=0.16s Sys=0.00s Real=0.09s
[400.518s][info][gc             ] GC(999) Concurrent Mark Cycle
[400.520s][info][gc,marking     ] GC(999) Concurrent Scan Root Regions
[400.618s][info][gc,marking     ] GC(999) Concurrent Scan Root Regions 97.729ms
[400.618s][info][gc,marking     ] GC(999) Concurrent Mark
[400.618s][info][gc,marking     ] GC(999) Concurrent Mark From Roots
[400.618s][info][gc,task        ] GC(999) Using 1 workers of 1 for marking
[401.145s][info][gc,start       ] GC(1000) Pause Young (Normal) (G1 Evacuation Pause)
[401.145s][info][gc,task        ] GC(1000) Using 2 workers of 2 for evacuation
[401.244s][info][gc,phases      ] GC(1000)   Pre Evacuate Collection Set: 0.54ms
[401.244s][info][gc,phases      ] GC(1000)   Merge Heap Roots: 1.13ms
[401.244s][info][gc,phases      ] GC(1000)   Evacuate Collection Set: 96.03ms
[401.244s][info][gc,phases      ] GC(1000)   Post Evacuate Collection Set: 0.74ms
[401.244s][info][gc,phases      ] GC(1000)   Other: 0.12ms
[401.244s][info][gc,heap        ] GC(1000) Eden regions: 220->0(213)
[401.244s][info][gc,heap        ] GC(1000) Survivor regions: 6->29(29)
[401.244s][info][gc,heap        ] GC(1000) Old regions: 638->618
[401.244s][info][gc,heap        ] GC(1000) Humongous regions: 13->13
[401.244s][info][gc,metaspace   ] GC(1000) Metaspace: 18862K(19008K)->18862K(19008K) NonClass: 17033K(17152K)->17033K(17152K) Class: 1829K(1856K)->1829K(1856K)
[401.244s][info][gc             ] GC(1000) Pause Young (Normal) (G1 Evacuation Pause) 876M->659M(978M) 98.865ms
[401.244s][info][gc,cpu         ] GC(1000) User=0.19s Sys=0.00s Real=0.10s
[401.937s][info][gc,start       ] GC(1001) Pause Young (Normal) (G1 Evacuation Pause)
[401.937s][info][gc,task        ] GC(1001) Using 2 workers of 2 for evacuation
[401.996s][info][gc,phases      ] GC(1001)   Pre Evacuate Collection Set: 0.32ms
[401.996s][info][gc,phases      ] GC(1001)   Merge Heap Roots: 0.49ms
[401.996s][info][gc,phases      ] GC(1001)   Evacuate Collection Set: 58.08ms
[401.996s][info][gc,phases      ] GC(1001)   Post Evacuate Collection Set: 0.46ms
[401.996s][info][gc,phases      ] GC(1001)   Other: 0.11ms
[401.996s][info][gc,heap        ] GC(1001) Eden regions: 213->0(224)
[401.996s][info][gc,heap        ] GC(1001) Survivor regions: 29->1(31)
[401.996s][info][gc,heap        ] GC(1001) Old regions: 618->648
[401.996s][info][gc,heap        ] GC(1001) Humongous regions: 13->13
[401.996s][info][gc,metaspace   ] GC(1001) Metaspace: 18862K(19008K)->18862K(19008K) NonClass: 17033K(17152K)->17033K(17152K) Class: 1829K(1856K)->1829K(1856K)
[401.996s][info][gc             ] GC(1001) Pause Young (Normal) (G1 Evacuation Pause) 872M->661M(978M) 59.742ms
[401.996s][info][gc,cpu         ] GC(1001) User=0.11s Sys=0.00s Real=0.06s
[402.381s][info][gc,marking     ] GC(999) Concurrent Mark From Roots 1763.329ms
[402.381s][info][gc,marking     ] GC(999) Concurrent Preclean
[402.381s][info][gc,marking     ] GC(999) Concurrent Preclean 0.050ms
[402.382s][info][gc,start       ] GC(999) Pause Remark
[402.390s][info][gc             ] GC(999) Pause Remark 777M->776M(978M) 8.091ms
[402.390s][info][gc,cpu         ] GC(999) User=0.02s Sys=0.00s Real=0.01s
[402.390s][info][gc,marking     ] GC(999) Concurrent Mark 1772.361ms
[402.390s][info][gc,marking     ] GC(999) Concurrent Rebuild Remembered Sets and Scrub Regions
[402.638s][info][gc,start       ] GC(1002) Pause Young (Normal) (G1 Evacuation Pause)
[402.638s][info][gc,task        ] GC(1002) Using 2 workers of 2 for evacuation
[402.639s][info][gc,phases      ] GC(1002)   Pre Evacuate Collection Set: 0.29ms
[402.639s][info][gc,phases      ] GC(1002)   Merge Heap Roots: 0.07ms
[402.639s][info][gc,phases      ] GC(1002)   Evacuate Collection Set: 0.19ms
[402.639s][info][gc,phases      ] GC(1002)   Post Evacuate Collection Set: 0.38ms
[402.639s][info][gc,phases      ] GC(1002)   Other: 0.08ms
[402.639s][info][gc,heap        ] GC(1002) Eden regions: 224->0(235)
[402.639s][info][gc,heap        ] GC(1002) Survivor regions: 1->1(29)
[402.639s][info][gc,heap        ] GC(1002) Old regions: 648->648
[402.639s][info][gc,heap        ] GC(1002) Humongous regions: 12->12
[402.639s][info][gc,metaspace   ] GC(1002) Metaspace: 18862K(19008K)->18862K(19008K) NonClass: 17033K(17152K)->17033K(17152K) Class: 1829K(1856K)->1829K(1856K)
[402.639s][info][gc             ] GC(1002) Pause Young (Normal) (G1 Evacuation Pause) 884M->660M(978M) 1.214ms
[402.639s][info][gc,cpu         ] GC(1002) User=0.00s Sys=0.00s Real=0.00s
[403.026s][info][gc,marking     ] GC(999) Concurrent Rebuild Remembered Sets and Scrub Regions 636.007ms
[403.027s][info][gc,start       ] GC(999) Pause Cleanup
[403.027s][info][gc             ] GC(999) Pause Cleanup 828M->828M(978M) 0.106ms
[403.027s][info][gc,cpu         ] GC(999) User=0.00s Sys=0.00s Real=0.00s
[403.028s][info][gc,marking     ] GC(999) Concurrent Clear Claimed Marks
[403.028s][info][gc,marking     ] GC(999) Concurrent Clear Claimed Marks 0.039ms
[403.028s][info][gc,marking     ] GC(999) Concurrent Cleanup for Next Mark
[403.035s][info][gc,marking     ] GC(999) Concurrent Cleanup for Next Mark 6.927ms
[403.035s][info][gc             ] GC(999) Concurrent Mark Cycle 2516.470ms
[403.131s][info][gc,start       ] GC(1003) Pause Young (Prepare Mixed) (G1 Evacuation Pause)
[403.131s][info][gc,task        ] GC(1003) Using 2 workers of 2 for evacuation
[403.132s][info][gc,phases      ] GC(1003)   Pre Evacuate Collection Set: 0.51ms
[403.132s][info][gc,phases      ] GC(1003)   Merge Heap Roots: 0.09ms
[403.132s][info][gc,phases      ] GC(1003)   Evacuate Collection Set: 0.20ms
[403.132s][info][gc,phases      ] GC(1003)   Post Evacuate Collection Set: 0.40ms
[403.132s][info][gc,phases      ] GC(1003)   Other: 0.08ms
[403.132s][info][gc,heap        ] GC(1003) Eden regions: 235->0(246)
[403.132s][info][gc,heap        ] GC(1003) Survivor regions: 1->1(30)
[403.132s][info][gc,heap        ] GC(1003) Old regions: 648->648
[403.132s][info][gc,heap        ] GC(1003) Humongous regions: 12->12
[403.132s][info][gc,metaspace   ] GC(1003) Metaspace: 18862K(19008K)->18862K(19008K) NonClass: 17033K(17152K)->17033K(17152K) Class: 1829K(1856K)->1829K(1856K)
[403.132s][info][gc             ] GC(1003) Pause Young (Prepare Mixed) (G1 Evacuation Pause) 895M->659M(978M) 1.474ms
[403.132s][info][gc,cpu         ] GC(1003) User=0.00s Sys=0.00s Real=0.00s
[403.504s][info][gc,start       ] GC(1004) Pause Young (Mixed) (G1 Evacuation Pause)
[403.504s][info][gc,task        ] GC(1004) Using 2 workers of 2 for evacuation
[403.507s][info][gc,phases      ] GC(1004)   Pre Evacuate Collection Set: 0.55ms
[403.507s][info][gc,phases      ] GC(1004)   Merge Heap Roots: 0.14ms
[403.507s][info][gc,phases      ] GC(1004)   Evacuate Collection Set: 1.79ms
[403.507s][info][gc,phases      ] GC(1004)   Post Evacuate Collection Set: 0.43ms
[403.507s][info][gc,phases      ] GC(1004)   Other: 0.08ms
[403.507s][info][gc,heap        ] GC(1004) Eden regions: 246->0(260)
[403.507s][info][gc,heap        ] GC(1004) Survivor regions: 1->1(31)
[403.507s][info][gc,heap        ] GC(1004) Old regions: 648->640
[403.507s][info][gc,heap        ] GC(1004) Humongous regions: 12->12
[403.507s][info][gc,metaspace   ] GC(1004) Metaspace: 18862K(19008K)->18862K(19008K) NonClass: 17033K(17152K)->17033K(17152K) Class: 1829K(1856K)->1829K(1856K)
[403.507s][info][gc             ] GC(1004) Pause Young (Mixed) (G1 Evacuation Pause) 905M->651M(978M) 3.235ms
[403.507s][info][gc,cpu         ] GC(1004) User=0.00s Sys=0.00s Real=0.00s
[403.754s][info][gc,start       ] GC(1005) Pause Young (Concurrent Start) (G1 Evacuation Pause)
[403.754s][info][gc,task        ] GC(1005) Using 2 workers of 2 for evacuation
[403.793s][info][gc,phases      ] GC(1005)   Pre Evacuate Collection Set: 0.35ms
[403.793s][info][gc,phases      ] GC(1005)   Merge Heap Roots: 0.19ms
[403.793s][info][gc,phases      ] GC(1005)   Evacuate Collection Set: 37.35ms
[403.793s][info][gc,phases      ] GC(1005)   Post Evacuate Collection Set: 0.50ms
[403.793s][info][gc,phases      ] GC(1005)   Other: 0.21ms
[403.793s][info][gc,heap        ] GC(1005) Eden regions: 260->0(212)
[403.793s][info][gc,heap        ] GC(1005) Survivor regions: 1->32(33)
[403.793s][info][gc,heap        ] GC(1005) Old regions: 640->640
[403.793s][info][gc,heap        ] GC(1005) Humongous regions: 12->12
[403.793s][info][gc,metaspace   ] GC(1005) Metaspace: 18862K(19008K)->18862K(19008K) NonClass: 17033K(17152K)->17033K(17152K) Class: 1829K(1856K)->1829K(1856K)
[403.793s][info][gc             ] GC(1005) Pause Young (Concurrent Start) (G1 Evacuation Pause) 911M->683M(978M) 38.824ms
[403.793s][info][gc             ] GC(1006) Concurrent Mark Cycle
[403.793s][info][gc,marking     ] GC(1006) Concurrent Scan Root Regions
[403.795s][info][gc,cpu         ] GC(1005) User=0.08s Sys=0.00s Real=0.04s
[403.841s][info][gc,marking     ] GC(1006) Concurrent Scan Root Regions 48.110ms
[403.841s][info][gc,marking     ] GC(1006) Concurrent Mark
[403.841s][info][gc,marking     ] GC(1006) Concurrent Mark From Roots
[403.841s][info][gc,task        ] GC(1006) Using 1 workers of 1 for marking
[404.161s][info][gc,start       ] GC(1007) Pause Young (Normal) (G1 Evacuation Pause)
[404.161s][info][gc,task        ] GC(1007) Using 2 workers of 2 for evacuation
[404.199s][info][gc,phases      ] GC(1007)   Pre Evacuate Collection Set: 0.31ms
[404.199s][info][gc,phases      ] GC(1007)   Merge Heap Roots: 0.16ms
[404.199s][info][gc,phases      ] GC(1007)   Evacuate Collection Set: 37.18ms
[404.199s][info][gc,phases      ] GC(1007)   Post Evacuate Collection Set: 0.48ms
[404.199s][info][gc,phases      ] GC(1007)   Other: 0.08ms
[404.199s][info][gc,heap        ] GC(1007) Eden regions: 212->0(235)
[404.199s][info][gc,heap        ] GC(1007) Survivor regions: 32->4(31)
[404.199s][info][gc,heap        ] GC(1007) Old regions: 640->671
[404.199s][info][gc,heap        ] GC(1007) Humongous regions: 12->12
[404.199s][info][gc,metaspace   ] GC(1007) Metaspace: 18862K(19008K)->18862K(19008K) NonClass: 17033K(17152K)->17033K(17152K) Class: 1829K(1856K)->1829K(1856K)
[404.199s][info][gc             ] GC(1007) Pause Young (Normal) (G1 Evacuation Pause) 895M->686M(978M) 38.451ms
[404.200s][info][gc,cpu         ] GC(1007) User=0.07s Sys=0.00s Real=0.04s
[404.709s][info][gc,start       ] GC(1008) Pause Young (Normal) (G1 Evacuation Pause)
[404.709s][info][gc,task        ] GC(1008) Using 2 workers of 2 for evacuation
[404.726s][info][gc,phases      ] GC(1008)   Pre Evacuate Collection Set: 0.50ms
[404.726s][info][gc,phases      ] GC(1008)   Merge Heap Roots: 0.18ms
[404.726s][info][gc,phases      ] GC(1008)   Evacuate Collection Set: 15.35ms
[404.726s][info][gc,phases      ] GC(1008)   Post Evacuate Collection Set: 0.48ms
[404.726s][info][gc,phases      ] GC(1008)   Other: 0.09ms
[404.726s][info][gc,heap        ] GC(1008) Eden regions: 235->0(219)
[404.726s][info][gc,heap        ] GC(1008) Survivor regions: 4->13(30)
[404.726s][info][gc,heap        ] GC(1008) Old regions: 671->671
[404.726s][info][gc,heap        ] GC(1008) Humongous regions: 12->12
[404.726s][info][gc,metaspace   ] GC(1008) Metaspace: 18862K(19008K)->18862K(19008K) NonClass: 17033K(17152K)->17033K(17152K) Class: 1829K(1856K)->1829K(1856K)
[404.726s][info][gc             ] GC(1008) Pause Young (Normal) (G1 Evacuation Pause) 921M->695M(978M) 16.876ms
[404.726s][info][gc,cpu         ] GC(1008) User=0.03s Sys=0.00s Real=0.01s
[405.316s][info][gc,marking     ] GC(1006) Concurrent Mark From Roots 1474.658ms
[405.316s][info][gc,marking     ] GC(1006) Concurrent Preclean
[405.316s][info][gc,marking     ] GC(1006) Concurrent Preclean 0.045ms
[405.316s][info][gc,start       ] GC(1006) Pause Remark
[405.324s][info][gc             ] GC(1006) Pause Remark 826M->747M(978M) 8.024ms
[405.324s][info][gc,cpu         ] GC(1006) User=0.01s Sys=0.00s Real=0.01s
[405.325s][info][gc,marking     ] GC(1006) Concurrent Mark 1484.402ms
[405.325s][info][gc,marking     ] GC(1006) Concurrent Rebuild Remembered Sets and Scrub Regions
[405.548s][info][gc,start       ] GC(1009) Pause Young (Normal) (G1 Evacuation Pause)
[405.548s][info][gc,task        ] GC(1009) Using 2 workers of 2 for evacuation
[405.565s][info][gc,phases      ] GC(1009)   Pre Evacuate Collection Set: 0.50ms
[405.565s][info][gc,phases      ] GC(1009)   Merge Heap Roots: 0.18ms
[405.565s][info][gc,phases      ] GC(1009)   Evacuate Collection Set: 15.09ms
[405.565s][info][gc,phases      ] GC(1009)   Post Evacuate Collection Set: 0.47ms
[405.565s][info][gc,phases      ] GC(1009)   Other: 0.12ms
[405.565s][info][gc,heap        ] GC(1009) Eden regions: 219->0(291)
[405.565s][info][gc,heap        ] GC(1009) Survivor regions: 13->13(29)
[405.565s][info][gc,heap        ] GC(1009) Old regions: 597->597
[405.565s][info][gc,heap        ] GC(1009) Humongous regions: 7->7
[405.565s][info][gc,metaspace   ] GC(1009) Metaspace: 18862K(19008K)->18862K(19008K) NonClass: 17033K(17152K)->17033K(17152K) Class: 1829K(1856K)->1829K(1856K)
[405.565s][info][gc             ] GC(1009) Pause Young (Normal) (G1 Evacuation Pause) 835M->616M(978M) 16.614ms
[405.565s][info][gc,cpu         ] GC(1009) User=0.03s Sys=0.00s Real=0.01s
[406.040s][info][gc,marking     ] GC(1006) Concurrent Rebuild Remembered Sets and Scrub Regions 714.825ms
[406.040s][info][gc,start       ] GC(1006) Pause Cleanup
[406.041s][info][gc             ] GC(1006) Pause Cleanup 788M->788M(978M) 0.184ms
[406.041s][info][gc,cpu         ] GC(1006) User=0.00s Sys=0.00s Real=0.00s
[406.041s][info][gc,marking     ] GC(1006) Concurrent Clear Claimed Marks
[406.041s][info][gc,marking     ] GC(1006) Concurrent Clear Claimed Marks 0.044ms
[406.041s][info][gc,marking     ] GC(1006) Concurrent Cleanup for Next Mark
[406.047s][info][gc,marking     ] GC(1006) Concurrent Cleanup for Next Mark 6.380ms
[406.047s][info][gc             ] GC(1006) Concurrent Mark Cycle 2254.451ms
[406.214s][info][gc,start       ] GC(1010) Pause Young (Prepare Mixed) (G1 Evacuation Pause)
[406.214s][info][gc,task        ] GC(1010) Using 2 workers of 2 for evacuation
[406.251s][info][gc,phases      ] GC(1010)   Pre Evacuate Collection Set: 0.53ms
[406.251s][info][gc,phases      ] GC(1010)   Merge Heap Roots: 0.24ms
[406.251s][info][gc,phases      ] GC(1010)   Evacuate Collection Set: 35.88ms
[406.251s][info][gc,phases      ] GC(1010)   Post Evacuate Collection Set: 0.60ms
[406.251s][info][gc,phases      ] GC(1010)   Other: 0.09ms
[406.251s][info][gc,heap        ] GC(1010) Eden regions: 291->0(270)
[406.251s][info][gc,heap        ] GC(1010) Survivor regions: 13->27(38)
[406.251s][info][gc,heap        ] GC(1010) Old regions: 597->597
[406.251s][info][gc,heap        ] GC(1010) Humongous regions: 7->7
[406.251s][info][gc,metaspace   ] GC(1010) Metaspace: 18862K(19008K)->18862K(19008K) NonClass: 17033K(17152K)->17033K(17152K) Class: 1829K(1856K)->1829K(1856K)
[406.251s][info][gc             ] GC(1010) Pause Young (Prepare Mixed) (G1 Evacuation Pause) 907M->630M(978M) 37.574ms
[406.251s][info][gc,cpu         ] GC(1010) User=0.08s Sys=0.00s Real=0.04s
[406.522s][info][gc,start       ] GC(1011) Pause Young (Mixed) (G1 Evacuation Pause)
[406.522s][info][gc,task        ] GC(1011) Using 2 workers of 2 for evacuation
[406.626s][info][gc,phases      ] GC(1011)   Pre Evacuate Collection Set: 0.53ms
[406.626s][info][gc,phases      ] GC(1011)   Merge Heap Roots: 0.43ms
[406.626s][info][gc,phases      ] GC(1011)   Evacuate Collection Set: 100.82ms
[406.626s][info][gc,phases      ] GC(1011)   Post Evacuate Collection Set: 2.10ms
[406.626s][info][gc,phases      ] GC(1011)   Other: 0.10ms
[406.626s][info][gc,heap        ] GC(1011) Eden regions: 270->0(280)
[406.626s][info][gc,heap        ] GC(1011) Survivor regions: 27->38(38)
[406.626s][info][gc,heap        ] GC(1011) Old regions: 597->558
[406.626s][info][gc,heap        ] GC(1011) Humongous regions: 7->7
[406.626s][info][gc,metaspace   ] GC(1011) Metaspace: 18862K(19008K)->18862K(19008K) NonClass: 17033K(17152K)->17033K(17152K) Class: 1829K(1856K)->1829K(1856K)
[406.626s][info][gc             ] GC(1011) Pause Young (Mixed) (G1 Evacuation Pause) 900M->602M(978M) 104.186ms
[406.626s][info][gc,cpu         ] GC(1011) User=0.20s Sys=0.01s Real=0.10s
[406.869s][info][gc,start       ] GC(1012) Pause Young (Concurrent Start) (G1 Humongous Allocation)
[406.869s][info][gc,task        ] GC(1012) Using 2 workers of 2 for evacuation
[406.936s][info][gc,phases      ] GC(1012)   Pre Evacuate Collection Set: 0.29ms
[406.936s][info][gc,phases      ] GC(1012)   Merge Heap Roots: 0.62ms
[406.936s][info][gc,phases      ] GC(1012)   Evacuate Collection Set: 65.53ms
[406.936s][info][gc,phases      ] GC(1012)   Post Evacuate Collection Set: 0.59ms
[406.936s][info][gc,phases      ] GC(1012)   Other: 0.29ms
[406.936s][info][gc,heap        ] GC(1012) Eden regions: 150->0(255)
[406.936s][info][gc,heap        ] GC(1012) Survivor regions: 38->19(40)
[406.936s][info][gc,heap        ] GC(1012) Old regions: 558->597
[406.936s][info][gc,heap        ] GC(1012) Humongous regions: 7->7
[406.936s][info][gc,metaspace   ] GC(1012) Metaspace: 18862K(19008K)->18862K(19008K) NonClass: 17033K(17152K)->17033K(17152K) Class: 1829K(1856K)->1829K(1856K)
[406.936s][info][gc             ] GC(1012) Pause Young (Concurrent Start) (G1 Humongous Allocation) 752M->621M(978M) 67.537ms
[406.936s][info][gc,cpu         ] GC(1012) User=0.14s Sys=0.00s Real=0.06s
[406.936s][info][gc             ] GC(1013) Concurrent Mark Cycle
[406.938s][info][gc,marking     ] GC(1013) Concurrent Scan Root Regions
[407.014s][info][gc,marking     ] GC(1013) Concurrent Scan Root Regions 75.413ms
[407.014s][info][gc,marking     ] GC(1013) Concurrent Mark
[407.014s][info][gc,marking     ] GC(1013) Concurrent Mark From Roots
[407.014s][info][gc,task        ] GC(1013) Using 1 workers of 1 for marking
[407.762s][info][gc,start       ] GC(1014) Pause Young (Normal) (G1 Evacuation Pause)
[407.762s][info][gc,task        ] GC(1014) Using 2 workers of 2 for evacuation
[407.800s][info][gc,phases      ] GC(1014)   Pre Evacuate Collection Set: 0.32ms
[407.800s][info][gc,phases      ] GC(1014)   Merge Heap Roots: 0.29ms
[407.800s][info][gc,phases      ] GC(1014)   Evacuate Collection Set: 36.57ms
[407.800s][info][gc,phases      ] GC(1014)   Post Evacuate Collection Set: 0.47ms
[407.800s][info][gc,phases      ] GC(1014)   Other: 0.11ms
[407.800s][info][gc,heap        ] GC(1014) Eden regions: 255->0(260)
[407.800s][info][gc,heap        ] GC(1014) Survivor regions: 19->7(35)
[407.800s][info][gc,heap        ] GC(1014) Old regions: 597->615
[407.800s][info][gc,heap        ] GC(1014) Humongous regions: 10->10
[407.800s][info][gc,metaspace   ] GC(1014) Metaspace: 18862K(19008K)->18862K(19008K) NonClass: 17033K(17152K)->17033K(17152K) Class: 1829K(1856K)->1829K(1856K)
[407.800s][info][gc             ] GC(1014) Pause Young (Normal) (G1 Evacuation Pause) 879M->630M(978M) 38.037ms
[407.800s][info][gc,cpu         ] GC(1014) User=0.07s Sys=0.00s Real=0.04s
[408.609s][info][gc,marking     ] GC(1013) Concurrent Mark From Roots 1595.382ms
[408.609s][info][gc,marking     ] GC(1013) Concurrent Preclean
[408.609s][info][gc,marking     ] GC(1013) Concurrent Preclean 0.080ms
[408.609s][info][gc,start       ] GC(1013) Pause Remark
[408.618s][info][gc             ] GC(1013) Pause Remark 851M->851M(978M) 8.254ms
[408.618s][info][gc,cpu         ] GC(1013) User=0.02s Sys=0.00s Real=0.00s
[408.618s][info][gc,marking     ] GC(1013) Concurrent Mark 1604.030ms
[408.618s][info][gc,marking     ] GC(1013) Concurrent Rebuild Remembered Sets and Scrub Regions
[408.740s][info][gc,start       ] GC(1015) Pause Young (Normal) (G1 Evacuation Pause)
[408.740s][info][gc,task        ] GC(1015) Using 2 workers of 2 for evacuation
[408.752s][info][gc,phases      ] GC(1015)   Pre Evacuate Collection Set: 0.29ms
[408.752s][info][gc,phases      ] GC(1015)   Merge Heap Roots: 0.29ms
[408.752s][info][gc,phases      ] GC(1015)   Evacuate Collection Set: 10.42ms
[408.752s][info][gc,phases      ] GC(1015)   Post Evacuate Collection Set: 0.45ms
[408.752s][info][gc,phases      ] GC(1015)   Other: 0.11ms
[408.752s][info][gc,heap        ] GC(1015) Eden regions: 260->0(273)
[408.752s][info][gc,heap        ] GC(1015) Survivor regions: 7->7(34)
[408.752s][info][gc,heap        ] GC(1015) Old regions: 615->615
[408.752s][info][gc,heap        ] GC(1015) Humongous regions: 10->10
[408.752s][info][gc,metaspace   ] GC(1015) Metaspace: 18862K(19008K)->18862K(19008K) NonClass: 17033K(17152K)->17033K(17152K) Class: 1829K(1856K)->1829K(1856K)
[408.752s][info][gc             ] GC(1015) Pause Young (Normal) (G1 Evacuation Pause) 890M->630M(978M) 11.794ms
[408.752s][info][gc,cpu         ] GC(1015) User=0.02s Sys=0.00s Real=0.01s
[409.201s][info][gc,marking     ] GC(1013) Concurrent Rebuild Remembered Sets and Scrub Regions 583.447ms
[409.201s][info][gc,start       ] GC(1013) Pause Cleanup
[409.202s][info][gc             ] GC(1013) Pause Cleanup 838M->838M(978M) 0.138ms
[409.202s][info][gc,cpu         ] GC(1013) User=0.00s Sys=0.00s Real=0.00s
[409.202s][info][gc,marking     ] GC(1013) Concurrent Clear Claimed Marks
[409.202s][info][gc,marking     ] GC(1013) Concurrent Clear Claimed Marks 0.034ms
[409.202s][info][gc,marking     ] GC(1013) Concurrent Cleanup for Next Mark
[409.206s][info][gc,marking     ] GC(1013) Concurrent Cleanup for Next Mark 4.552ms
[409.206s][info][gc             ] GC(1013) Concurrent Mark Cycle 2269.746ms
[409.304s][info][gc,start       ] GC(1016) Pause Young (Prepare Mixed) (G1 Evacuation Pause)
[409.304s][info][gc,task        ] GC(1016) Using 2 workers of 2 for evacuation
[409.315s][info][gc,phases      ] GC(1016)   Pre Evacuate Collection Set: 0.52ms
[409.315s][info][gc,phases      ] GC(1016)   Merge Heap Roots: 0.15ms
[409.315s][info][gc,phases      ] GC(1016)   Evacuate Collection Set: 9.89ms
[409.315s][info][gc,phases      ] GC(1016)   Post Evacuate Collection Set: 0.49ms
[409.315s][info][gc,phases      ] GC(1016)   Other: 0.09ms
[409.315s][info][gc,heap        ] GC(1016) Eden regions: 273->0(285)
[409.315s][info][gc,heap        ] GC(1016) Survivor regions: 7->7(35)
[409.315s][info][gc,heap        ] GC(1016) Old regions: 615->615
[409.315s][info][gc,heap        ] GC(1016) Humongous regions: 10->10
[409.315s][info][gc,metaspace   ] GC(1016) Metaspace: 18862K(19008K)->18862K(19008K) NonClass: 17033K(17152K)->17033K(17152K) Class: 1829K(1856K)->1829K(1856K)
[409.315s][info][gc             ] GC(1016) Pause Young (Prepare Mixed) (G1 Evacuation Pause) 903M->630M(978M) 11.382ms
[409.315s][info][gc,cpu         ] GC(1016) User=0.02s Sys=0.00s Real=0.01s
[409.707s][info][gc,start       ] GC(1017) Pause Young (Mixed) (G1 Evacuation Pause)
[409.707s][info][gc,task        ] GC(1017) Using 2 workers of 2 for evacuation
[409.746s][info][gc,phases      ] GC(1017)   Pre Evacuate Collection Set: 0.34ms
[409.746s][info][gc,phases      ] GC(1017)   Merge Heap Roots: 0.30ms
[409.746s][info][gc,phases      ] GC(1017)   Evacuate Collection Set: 37.57ms
[409.746s][info][gc,phases      ] GC(1017)   Post Evacuate Collection Set: 0.53ms
[409.746s][info][gc,phases      ] GC(1017)   Other: 0.11ms
[409.746s][info][gc,heap        ] GC(1017) Eden regions: 285->0(272)
[409.746s][info][gc,heap        ] GC(1017) Survivor regions: 7->20(37)
[409.746s][info][gc,heap        ] GC(1017) Old regions: 615->606
[409.746s][info][gc,heap        ] GC(1017) Humongous regions: 10->10
[409.746s][info][gc,metaspace   ] GC(1017) Metaspace: 18862K(19008K)->18862K(19008K) NonClass: 17033K(17152K)->17033K(17152K) Class: 1829K(1856K)->1829K(1856K)
[409.746s][info][gc             ] GC(1017) Pause Young (Mixed) (G1 Evacuation Pause) 915M->635M(978M) 39.131ms
[409.746s][info][gc,cpu         ] GC(1017) User=0.08s Sys=0.00s Real=0.04s
[409.994s][info][gc,start       ] GC(1018) Pause Young (Concurrent Start) (G1 Evacuation Pause)
[409.994s][info][gc,task        ] GC(1018) Using 2 workers of 2 for evacuation
[410.036s][info][gc,phases      ] GC(1018)   Pre Evacuate Collection Set: 0.30ms
[410.036s][info][gc,phases      ] GC(1018)   Merge Heap Roots: 0.16ms
[410.036s][info][gc,phases      ] GC(1018)   Evacuate Collection Set: 41.61ms
[410.036s][info][gc,phases      ] GC(1018)   Post Evacuate Collection Set: 0.55ms
[410.036s][info][gc,phases      ] GC(1018)   Other: 0.11ms
[410.036s][info][gc,heap        ] GC(1018) Eden regions: 272->0(247)
[410.036s][info][gc,heap        ] GC(1018) Survivor regions: 20->29(37)
[410.036s][info][gc,heap        ] GC(1018) Old regions: 606->613
[410.036s][info][gc,heap        ] GC(1018) Humongous regions: 10->10
[410.036s][info][gc,metaspace   ] GC(1018) Metaspace: 18862K(19008K)->18862K(19008K) NonClass: 17033K(17152K)->17033K(17152K) Class: 1829K(1856K)->1829K(1856K)
[410.036s][info][gc             ] GC(1018) Pause Young (Concurrent Start) (G1 Evacuation Pause) 907M->651M(978M) 42.967ms
[410.037s][info][gc             ] GC(1019) Concurrent Mark Cycle
[410.037s][info][gc,marking     ] GC(1019) Concurrent Scan Root Regions
[410.037s][info][gc,cpu         ] GC(1018) User=0.09s Sys=0.00s Real=0.04s
[410.111s][info][gc,marking     ] GC(1019) Concurrent Scan Root Regions 74.719ms
[410.111s][info][gc,marking     ] GC(1019) Concurrent Mark
[410.111s][info][gc,marking     ] GC(1019) Concurrent Mark From Roots
[410.111s][info][gc,task        ] GC(1019) Using 1 workers of 1 for marking
[410.433s][info][gc,start       ] GC(1020) Pause Young (Normal) (G1 Evacuation Pause)
[410.433s][info][gc,task        ] GC(1020) Using 2 workers of 2 for evacuation
[410.471s][info][gc,phases      ] GC(1020)   Pre Evacuate Collection Set: 0.50ms
[410.472s][info][gc,phases      ] GC(1020)   Merge Heap Roots: 0.18ms
[410.472s][info][gc,phases      ] GC(1020)   Evacuate Collection Set: 37.26ms
[410.472s][info][gc,phases      ] GC(1020)   Post Evacuate Collection Set: 0.51ms
[410.472s][info][gc,phases      ] GC(1020)   Other: 0.08ms
[410.472s][info][gc,heap        ] GC(1020) Eden regions: 247->0(248)
[410.472s][info][gc,heap        ] GC(1020) Survivor regions: 29->22(35)
[410.472s][info][gc,heap        ] GC(1020) Old regions: 613->626
[410.472s][info][gc,heap        ] GC(1020) Humongous regions: 10->10
[410.472s][info][gc,metaspace   ] GC(1020) Metaspace: 18862K(19008K)->18862K(19008K) NonClass: 17033K(17152K)->17033K(17152K) Class: 1829K(1856K)->1829K(1856K)
[410.472s][info][gc             ] GC(1020) Pause Young (Normal) (G1 Evacuation Pause) 898M->657M(978M) 38.797ms
[410.472s][info][gc,cpu         ] GC(1020) User=0.07s Sys=0.00s Real=0.04s
[411.422s][info][gc,start       ] GC(1021) Pause Young (Normal) (G1 Evacuation Pause)
[411.422s][info][gc,task        ] GC(1021) Using 2 workers of 2 for evacuation
[411.459s][info][gc,phases      ] GC(1021)   Pre Evacuate Collection Set: 0.54ms
[411.459s][info][gc,phases      ] GC(1021)   Merge Heap Roots: 0.22ms
[411.459s][info][gc,phases      ] GC(1021)   Evacuate Collection Set: 35.79ms
[411.459s][info][gc,phases      ] GC(1021)   Post Evacuate Collection Set: 0.55ms
[411.459s][info][gc,phases      ] GC(1021)   Other: 0.09ms
[411.459s][info][gc,heap        ] GC(1021) Eden regions: 248->0(249)
[411.459s][info][gc,heap        ] GC(1021) Survivor regions: 22->14(34)
[411.459s][info][gc,heap        ] GC(1021) Old regions: 626->641
[411.459s][info][gc,heap        ] GC(1021) Humongous regions: 10->10
[411.459s][info][gc,metaspace   ] GC(1021) Metaspace: 18862K(19008K)->18862K(19008K) NonClass: 17033K(17152K)->17033K(17152K) Class: 1829K(1856K)->1829K(1856K)
[411.459s][info][gc             ] GC(1021) Pause Young (Normal) (G1 Evacuation Pause) 905M->664M(978M) 37.480ms
[411.459s][info][gc,cpu         ] GC(1021) User=0.07s Sys=0.00s Real=0.04s
[411.639s][info][gc,marking     ] GC(1019) Concurrent Mark From Roots 1527.619ms
[411.639s][info][gc,marking     ] GC(1019) Concurrent Preclean
[411.639s][info][gc,marking     ] GC(1019) Concurrent Preclean 0.053ms
[411.639s][info][gc,start       ] GC(1019) Pause Remark
[411.648s][info][gc             ] GC(1019) Pause Remark 708M->638M(978M) 8.640ms
[411.648s][info][gc,cpu         ] GC(1019) User=0.02s Sys=0.00s Real=0.00s
[411.650s][info][gc,marking     ] GC(1019) Concurrent Mark 1538.976ms
[411.650s][info][gc,marking     ] GC(1019) Concurrent Rebuild Remembered Sets and Scrub Regions
[412.151s][info][gc,marking     ] GC(1019) Concurrent Rebuild Remembered Sets and Scrub Regions 500.682ms
[412.151s][info][gc,start       ] GC(1019) Pause Cleanup
[412.151s][info][gc             ] GC(1019) Pause Cleanup 826M->826M(978M) 0.192ms
[412.151s][info][gc,cpu         ] GC(1019) User=0.00s Sys=0.00s Real=0.00s
[412.152s][info][gc,marking     ] GC(1019) Concurrent Clear Claimed Marks
[412.152s][info][gc,marking     ] GC(1019) Concurrent Clear Claimed Marks 0.049ms
[412.152s][info][gc,marking     ] GC(1019) Concurrent Cleanup for Next Mark
[412.155s][info][gc,marking     ] GC(1019) Concurrent Cleanup for Next Mark 3.007ms
[412.155s][info][gc             ] GC(1019) Concurrent Mark Cycle 2118.141ms
[412.185s][info][gc,start       ] GC(1022) Pause Young (Prepare Mixed) (G1 Evacuation Pause)
[412.186s][info][gc,task        ] GC(1022) Using 2 workers of 2 for evacuation
[412.239s][info][gc,phases      ] GC(1022)   Pre Evacuate Collection Set: 0.54ms
[412.239s][info][gc,phases      ] GC(1022)   Merge Heap Roots: 0.45ms
[412.239s][info][gc,phases      ] GC(1022)   Evacuate Collection Set: 51.58ms
[412.239s][info][gc,phases      ] GC(1022)   Post Evacuate Collection Set: 0.65ms
[412.239s][info][gc,phases      ] GC(1022)   Other: 0.13ms
[412.239s][info][gc,heap        ] GC(1022) Eden regions: 249->0(277)
[412.239s][info][gc,heap        ] GC(1022) Survivor regions: 14->33(33)
[412.239s][info][gc,heap        ] GC(1022) Old regions: 574->578
[412.239s][info][gc,heap        ] GC(1022) Humongous regions: 7->7
[412.239s][info][gc,metaspace   ] GC(1022) Metaspace: 18862K(19008K)->18862K(19008K) NonClass: 17033K(17152K)->17033K(17152K) Class: 1829K(1856K)->1829K(1856K)
[412.239s][info][gc             ] GC(1022) Pause Young (Prepare Mixed) (G1 Evacuation Pause) 843M->617M(978M) 53.626ms
[412.239s][info][gc,cpu         ] GC(1022) User=0.11s Sys=0.00s Real=0.06s
[412.569s][info][gc,start       ] GC(1023) Pause Young (Mixed) (G1 Evacuation Pause)
[412.569s][info][gc,task        ] GC(1023) Using 2 workers of 2 for evacuation
[412.744s][info][gc,phases      ] GC(1023)   Pre Evacuate Collection Set: 0.58ms
[412.744s][info][gc,phases      ] GC(1023)   Merge Heap Roots: 1.24ms
[412.744s][info][gc,phases      ] GC(1023)   Evacuate Collection Set: 161.66ms
[412.744s][info][gc,phases      ] GC(1023)   Post Evacuate Collection Set: 11.68ms
[412.744s][info][gc,phases      ] GC(1023)   Other: 0.13ms
[412.744s][info][gc,heap        ] GC(1023) Eden regions: 277->0(131)
[412.744s][info][gc,heap        ] GC(1023) Survivor regions: 33->39(39)
[412.744s][info][gc,heap        ] GC(1023) Old regions: 578->712
[412.744s][info][gc,heap        ] GC(1023) Humongous regions: 7->7
[412.744s][info][gc,metaspace   ] GC(1023) Metaspace: 18862K(19008K)->18862K(19008K) NonClass: 17033K(17152K)->17033K(17152K) Class: 1829K(1856K)->1829K(1856K)
[412.745s][info][gc             ] GC(1023) Pause Young (Mixed) (G1 Evacuation Pause) (Evacuation Failure: Allocation) 894M->757M(978M) 175.584ms
[412.745s][info][gc,cpu         ] GC(1023) User=0.35s Sys=0.01s Real=0.17s
[412.846s][info][gc,start       ] GC(1024) Pause Young (Mixed) (G1 Evacuation Pause)
[412.846s][info][gc,task        ] GC(1024) Using 2 workers of 2 for evacuation
[412.993s][info][gc,phases      ] GC(1024)   Pre Evacuate Collection Set: 0.59ms
[412.993s][info][gc,phases      ] GC(1024)   Merge Heap Roots: 0.91ms
[412.993s][info][gc,phases      ] GC(1024)   Evacuate Collection Set: 139.31ms
[412.993s][info][gc,phases      ] GC(1024)   Post Evacuate Collection Set: 5.36ms
[412.993s][info][gc,phases      ] GC(1024)   Other: 0.11ms
[412.993s][info][gc,heap        ] GC(1024) Eden regions: 131->0(194)
[412.993s][info][gc,heap        ] GC(1024) Survivor regions: 39->22(22)
[412.993s][info][gc,heap        ] GC(1024) Old regions: 712->683
[412.993s][info][gc,heap        ] GC(1024) Humongous regions: 7->7
[412.993s][info][gc,metaspace   ] GC(1024) Metaspace: 18862K(19008K)->18862K(19008K) NonClass: 17033K(17152K)->17033K(17152K) Class: 1829K(1856K)->1829K(1856K)
[412.993s][info][gc             ] GC(1024) Pause Young (Mixed) (G1 Evacuation Pause) (Evacuation Failure: Allocation) 888M->711M(978M) 146.556ms
[412.993s][info][gc,cpu         ] GC(1024) User=0.29s Sys=0.00s Real=0.15s
[413.083s][info][gc,start       ] GC(1025) Pause Young (Concurrent Start) (G1 Evacuation Pause)
[413.083s][info][gc,task        ] GC(1025) Using 2 workers of 2 for evacuation
[413.167s][info][gc,phases      ] GC(1025)   Pre Evacuate Collection Set: 0.42ms
[413.167s][info][gc,phases      ] GC(1025)   Merge Heap Roots: 0.39ms
[413.167s][info][gc,phases      ] GC(1025)   Evacuate Collection Set: 79.61ms
[413.167s][info][gc,phases      ] GC(1025)   Post Evacuate Collection Set: 3.10ms
[413.167s][info][gc,phases      ] GC(1025)   Other: 0.22ms
[413.167s][info][gc,heap        ] GC(1025) Eden regions: 194->0(164)
[413.167s][info][gc,heap        ] GC(1025) Survivor regions: 22->27(27)
[413.167s][info][gc,heap        ] GC(1025) Old regions: 683->703
[413.167s][info][gc,heap        ] GC(1025) Humongous regions: 7->7
[413.167s][info][gc,metaspace   ] GC(1025) Metaspace: 18862K(19008K)->18862K(19008K) NonClass: 17033K(17152K)->17033K(17152K) Class: 1829K(1856K)->1829K(1856K)
[413.167s][info][gc             ] GC(1025) Pause Young (Concurrent Start) (G1 Evacuation Pause) (Evacuation Failure: Allocation) 905M->736M(978M) 84.022ms
[413.167s][info][gc,cpu         ] GC(1025) User=0.17s Sys=0.00s Real=0.08s
[413.167s][info][gc             ] GC(1026) Concurrent Mark Cycle
[413.167s][info][gc,marking     ] GC(1026) Concurrent Scan Root Regions
[413.248s][info][gc,marking     ] GC(1026) Concurrent Scan Root Regions 80.928ms
[413.248s][info][gc,marking     ] GC(1026) Concurrent Mark
[413.248s][info][gc,marking     ] GC(1026) Concurrent Mark From Roots
[413.248s][info][gc,task        ] GC(1026) Using 1 workers of 1 for marking
[413.414s][info][gc,start       ] GC(1027) Pause Young (Normal) (G1 Evacuation Pause)
[413.414s][info][gc,task        ] GC(1027) Using 2 workers of 2 for evacuation
[413.456s][info][gc,phases      ] GC(1027)   Pre Evacuate Collection Set: 0.56ms
[413.456s][info][gc,phases      ] GC(1027)   Merge Heap Roots: 0.45ms
[413.456s][info][gc,phases      ] GC(1027)   Evacuate Collection Set: 40.86ms
[413.456s][info][gc,phases      ] GC(1027)   Post Evacuate Collection Set: 0.55ms
[413.456s][info][gc,phases      ] GC(1027)   Other: 0.09ms
[413.456s][info][gc,heap        ] GC(1027) Eden regions: 164->0(207)
[413.456s][info][gc,heap        ] GC(1027) Survivor regions: 27->3(24)
[413.456s][info][gc,heap        ] GC(1027) Old regions: 703->690
[413.456s][info][gc,heap        ] GC(1027) Humongous regions: 7->7
[413.456s][info][gc,metaspace   ] GC(1027) Metaspace: 18862K(19008K)->18862K(19008K) NonClass: 17033K(17152K)->17033K(17152K) Class: 1829K(1856K)->1829K(1856K)
[413.456s][info][gc             ] GC(1027) Pause Young (Normal) (G1 Evacuation Pause) 900M->699M(978M) 42.764ms
[413.456s][info][gc,cpu         ] GC(1027) User=0.09s Sys=0.00s Real=0.04s
[413.752s][info][gc,start       ] GC(1028) Pause Young (Normal) (G1 Evacuation Pause)
[413.752s][info][gc,task        ] GC(1028) Using 2 workers of 2 for evacuation
[413.767s][info][gc,phases      ] GC(1028)   Pre Evacuate Collection Set: 0.32ms
[413.768s][info][gc,phases      ] GC(1028)   Merge Heap Roots: 0.29ms
[413.768s][info][gc,phases      ] GC(1028)   Evacuate Collection Set: 13.89ms
[413.768s][info][gc,phases      ] GC(1028)   Post Evacuate Collection Set: 0.46ms
[413.768s][info][gc,phases      ] GC(1028)   Other: 0.14ms
[413.768s][info][gc,heap        ] GC(1028) Eden regions: 207->0(217)
[413.768s][info][gc,heap        ] GC(1028) Survivor regions: 3->4(27)
[413.768s][info][gc,heap        ] GC(1028) Old regions: 690->690
[413.768s][info][gc,heap        ] GC(1028) Humongous regions: 7->7
[413.768s][info][gc,metaspace   ] GC(1028) Metaspace: 18862K(19008K)->18862K(19008K) NonClass: 17033K(17152K)->17033K(17152K) Class: 1829K(1856K)->1829K(1856K)
[413.768s][info][gc             ] GC(1028) Pause Young (Normal) (G1 Evacuation Pause) 906M->700M(978M) 15.373ms
[413.768s][info][gc,cpu         ] GC(1028) User=0.03s Sys=0.00s Real=0.01s
[414.083s][info][gc,start       ] GC(1029) Pause Young (Normal) (G1 Evacuation Pause)
[414.083s][info][gc,task        ] GC(1029) Using 2 workers of 2 for evacuation
[414.105s][info][gc,phases      ] GC(1029)   Pre Evacuate Collection Set: 0.29ms
[414.105s][info][gc,phases      ] GC(1029)   Merge Heap Roots: 0.34ms
[414.105s][info][gc,phases      ] GC(1029)   Evacuate Collection Set: 20.90ms
[414.105s][info][gc,phases      ] GC(1029)   Post Evacuate Collection Set: 0.52ms
[414.105s][info][gc,phases      ] GC(1029)   Other: 0.13ms
[414.105s][info][gc,heap        ] GC(1029) Eden regions: 217->0(215)
[414.105s][info][gc,heap        ] GC(1029) Survivor regions: 4->8(28)
[414.105s][info][gc,heap        ] GC(1029) Old regions: 690->690
[414.105s][info][gc,heap        ] GC(1029) Humongous regions: 7->7
[414.105s][info][gc,metaspace   ] GC(1029) Metaspace: 18862K(19008K)->18862K(19008K) NonClass: 17033K(17152K)->17033K(17152K) Class: 1829K(1856K)->1829K(1856K)
[414.105s][info][gc             ] GC(1029) Pause Young (Normal) (G1 Evacuation Pause) 917M->704M(978M) 22.456ms
[414.105s][info][gc,cpu         ] GC(1029) User=0.04s Sys=0.00s Real=0.02s
[414.390s][info][gc,start       ] GC(1030) Pause Young (Normal) (G1 Evacuation Pause)
[414.390s][info][gc,task        ] GC(1030) Using 2 workers of 2 for evacuation
[414.406s][info][gc,phases      ] GC(1030)   Pre Evacuate Collection Set: 0.52ms
[414.406s][info][gc,phases      ] GC(1030)   Merge Heap Roots: 0.27ms
[414.406s][info][gc,phases      ] GC(1030)   Evacuate Collection Set: 15.05ms
[414.406s][info][gc,phases      ] GC(1030)   Post Evacuate Collection Set: 0.54ms
[414.406s][info][gc,phases      ] GC(1030)   Other: 0.08ms
[414.406s][info][gc,heap        ] GC(1030) Eden regions: 215->0(213)
[414.406s][info][gc,heap        ] GC(1030) Survivor regions: 8->9(28)
[414.406s][info][gc,heap        ] GC(1030) Old regions: 690->690
[414.406s][info][gc,heap        ] GC(1030) Humongous regions: 7->7
[414.406s][info][gc,metaspace   ] GC(1030) Metaspace: 18862K(19008K)->18862K(19008K) NonClass: 17033K(17152K)->17033K(17152K) Class: 1829K(1856K)->1829K(1856K)
[414.406s][info][gc             ] GC(1030) Pause Young (Normal) (G1 Evacuation Pause) 919M->705M(978M) 16.699ms
[414.406s][info][gc,cpu         ] GC(1030) User=0.03s Sys=0.00s Real=0.01s
[414.683s][info][gc,start       ] GC(1031) Pause Young (Normal) (G1 Evacuation Pause)
[414.684s][info][gc,task        ] GC(1031) Using 2 workers of 2 for evacuation
[414.721s][info][gc,phases      ] GC(1031)   Pre Evacuate Collection Set: 0.49ms
[414.721s][info][gc,phases      ] GC(1031)   Merge Heap Roots: 0.31ms
[414.721s][info][gc,phases      ] GC(1031)   Evacuate Collection Set: 35.49ms
[414.721s][info][gc,phases      ] GC(1031)   Post Evacuate Collection Set: 0.56ms
[414.721s][info][gc,phases      ] GC(1031)   Other: 0.09ms
[414.721s][info][gc,heap        ] GC(1031) Eden regions: 213->0(181)
[414.721s][info][gc,heap        ] GC(1031) Survivor regions: 9->25(28)
[414.721s][info][gc,heap        ] GC(1031) Old regions: 690->690
[414.721s][info][gc,heap        ] GC(1031) Humongous regions: 7->7
[414.721s][info][gc,metaspace   ] GC(1031) Metaspace: 18863K(19008K)->18863K(19008K) NonClass: 17033K(17152K)->17033K(17152K) Class: 1829K(1856K)->1829K(1856K)
[414.721s][info][gc             ] GC(1031) Pause Young (Normal) (G1 Evacuation Pause) 918M->721M(978M) 37.223ms
[414.721s][info][gc,cpu         ] GC(1031) User=0.07s Sys=0.00s Real=0.04s
[415.121s][info][gc,start       ] GC(1032) Pause Young (Normal) (G1 Evacuation Pause)
[415.121s][info][gc,task        ] GC(1032) Using 2 workers of 2 for evacuation
[415.164s][info][gc,phases      ] GC(1032)   Pre Evacuate Collection Set: 0.51ms
[415.164s][info][gc,phases      ] GC(1032)   Merge Heap Roots: 0.40ms
[415.164s][info][gc,phases      ] GC(1032)   Evacuate Collection Set: 41.22ms
[415.164s][info][gc,phases      ] GC(1032)   Post Evacuate Collection Set: 0.53ms
[415.164s][info][gc,phases      ] GC(1032)   Other: 0.10ms
[415.164s][info][gc,heap        ] GC(1032) Eden regions: 181->0(198)
[415.164s][info][gc,heap        ] GC(1032) Survivor regions: 25->4(26)
[415.164s][info][gc,heap        ] GC(1032) Old regions: 690->715
[415.164s][info][gc,heap        ] GC(1032) Humongous regions: 7->7
[415.164s][info][gc,metaspace   ] GC(1032) Metaspace: 18863K(19008K)->18863K(19008K) NonClass: 17034K(17152K)->17034K(17152K) Class: 1829K(1856K)->1829K(1856K)
[415.164s][info][gc             ] GC(1032) Pause Young (Normal) (G1 Evacuation Pause) 902M->725M(978M) 43.029ms
[415.164s][info][gc,cpu         ] GC(1032) User=0.08s Sys=0.00s Real=0.04s
[415.207s][info][gc,marking     ] GC(1026) Concurrent Mark From Roots 1959.340ms
[415.207s][info][gc,marking     ] GC(1026) Concurrent Preclean
[415.207s][info][gc,marking     ] GC(1026) Concurrent Preclean 0.044ms
[415.207s][info][gc,start       ] GC(1026) Pause Remark
[415.216s][info][gc             ] GC(1026) Pause Remark 729M->729M(978M) 8.170ms
[415.216s][info][gc,cpu         ] GC(1026) User=0.02s Sys=0.00s Real=0.01s
[415.216s][info][gc,marking     ] GC(1026) Concurrent Mark 1967.859ms
[415.216s][info][gc,marking     ] GC(1026) Concurrent Rebuild Remembered Sets and Scrub Regions
[415.562s][info][gc,start       ] GC(1033) Pause Young (Normal) (G1 Evacuation Pause)
[415.562s][info][gc,task        ] GC(1033) Using 2 workers of 2 for evacuation
[415.612s][info][gc,phases      ] GC(1033)   Pre Evacuate Collection Set: 0.29ms
[415.612s][info][gc,phases      ] GC(1033)   Merge Heap Roots: 0.42ms
[415.612s][info][gc,phases      ] GC(1033)   Evacuate Collection Set: 47.76ms
[415.612s][info][gc,phases      ] GC(1033)   Post Evacuate Collection Set: 0.55ms
[415.612s][info][gc,phases      ] GC(1033)   Other: 0.09ms
[415.612s][info][gc,heap        ] GC(1033) Eden regions: 198->0(149)
[415.612s][info][gc,heap        ] GC(1033) Survivor regions: 4->26(26)
[415.612s][info][gc,heap        ] GC(1033) Old regions: 715->717
[415.612s][info][gc,heap        ] GC(1033) Humongous regions: 10->10
[415.612s][info][gc,metaspace   ] GC(1033) Metaspace: 18865K(19008K)->18865K(19008K) NonClass: 17036K(17152K)->17036K(17152K) Class: 1829K(1856K)->1829K(1856K)
[415.612s][info][gc             ] GC(1033) Pause Young (Normal) (G1 Evacuation Pause) 926M->752M(978M) 49.427ms
[415.612s][info][gc,cpu         ] GC(1033) User=0.09s Sys=0.00s Real=0.05s
[415.903s][info][gc,start       ] GC(1034) Pause Young (Normal) (G1 Evacuation Pause)
[415.903s][info][gc,task        ] GC(1034) Using 2 workers of 2 for evacuation
[415.973s][info][gc,phases      ] GC(1034)   Pre Evacuate Collection Set: 0.31ms
[415.973s][info][gc,phases      ] GC(1034)   Merge Heap Roots: 0.51ms
[415.973s][info][gc,phases      ] GC(1034)   Evacuate Collection Set: 68.12ms
[415.973s][info][gc,phases      ] GC(1034)   Post Evacuate Collection Set: 0.45ms
[415.973s][info][gc,phases      ] GC(1034)   Other: 0.09ms
[415.973s][info][gc,heap        ] GC(1034) Eden regions: 149->0(129)
[415.973s][info][gc,heap        ] GC(1034) Survivor regions: 26->22(22)
[415.973s][info][gc,heap        ] GC(1034) Old regions: 717->745
[415.973s][info][gc,heap        ] GC(1034) Humongous regions: 10->10
[415.973s][info][gc,metaspace   ] GC(1034) Metaspace: 18865K(19008K)->18865K(19008K) NonClass: 17036K(17152K)->17036K(17152K) Class: 1829K(1856K)->1829K(1856K)
[415.973s][info][gc             ] GC(1034) Pause Young (Normal) (G1 Evacuation Pause) 901M->776M(978M) 69.797ms
[415.973s][info][gc,cpu         ] GC(1034) User=0.14s Sys=0.00s Real=0.07s
[415.990s][info][gc,marking     ] GC(1026) Concurrent Rebuild Remembered Sets and Scrub Regions 774.712ms
[415.991s][info][gc,start       ] GC(1026) Pause Cleanup
[415.991s][info][gc             ] GC(1026) Pause Cleanup 787M->787M(978M) 0.128ms
[415.991s][info][gc,cpu         ] GC(1026) User=0.00s Sys=0.00s Real=0.00s
[415.991s][info][gc,marking     ] GC(1026) Concurrent Clear Claimed Marks
[415.991s][info][gc,marking     ] GC(1026) Concurrent Clear Claimed Marks 0.035ms
[415.991s][info][gc,marking     ] GC(1026) Concurrent Cleanup for Next Mark
[415.994s][info][gc,marking     ] GC(1026) Concurrent Cleanup for Next Mark 3.046ms
[415.994s][info][gc             ] GC(1026) Concurrent Mark Cycle 2827.748ms
[416.156s][info][gc,start       ] GC(1035) Pause Young (Prepare Mixed) (G1 Evacuation Pause)
[416.156s][info][gc,task        ] GC(1035) Using 2 workers of 2 for evacuation
[416.197s][info][gc,phases      ] GC(1035)   Pre Evacuate Collection Set: 0.30ms
[416.197s][info][gc,phases      ] GC(1035)   Merge Heap Roots: 0.21ms
[416.197s][info][gc,phases      ] GC(1035)   Evacuate Collection Set: 39.95ms
[416.198s][info][gc,phases      ] GC(1035)   Post Evacuate Collection Set: 0.44ms
[416.198s][info][gc,phases      ] GC(1035)   Other: 0.10ms
[416.198s][info][gc,heap        ] GC(1035) Eden regions: 129->0(124)
[416.198s][info][gc,heap        ] GC(1035) Survivor regions: 22->13(19)
[416.198s][info][gc,heap        ] GC(1035) Old regions: 745->768
[416.198s][info][gc,heap        ] GC(1035) Humongous regions: 10->10
[416.198s][info][gc,metaspace   ] GC(1035) Metaspace: 18865K(19008K)->18865K(19008K) NonClass: 17036K(17152K)->17036K(17152K) Class: 1829K(1856K)->1829K(1856K)
[416.198s][info][gc             ] GC(1035) Pause Young (Prepare Mixed) (G1 Evacuation Pause) 905M->790M(978M) 41.279ms
[416.198s][info][gc,cpu         ] GC(1035) User=0.08s Sys=0.00s Real=0.04s
[416.360s][info][gc,start       ] GC(1036) Pause Young (Mixed) (G1 Evacuation Pause)
[416.360s][info][gc,task        ] GC(1036) Using 2 workers of 2 for evacuation
[416.407s][info][gc,phases      ] GC(1036)   Pre Evacuate Collection Set: 0.53ms
[416.407s][info][gc,phases      ] GC(1036)   Merge Heap Roots: 0.57ms
[416.407s][info][gc,phases      ] GC(1036)   Evacuate Collection Set: 44.79ms
[416.407s][info][gc,phases      ] GC(1036)   Post Evacuate Collection Set: 0.43ms
[416.407s][info][gc,phases      ] GC(1036)   Other: 0.08ms
[416.407s][info][gc,heap        ] GC(1036) Eden regions: 124->0(136)
[416.407s][info][gc,heap        ] GC(1036) Survivor regions: 13->4(18)
[416.407s][info][gc,heap        ] GC(1036) Old regions: 768->774
[416.407s][info][gc,heap        ] GC(1036) Humongous regions: 10->10
[416.407s][info][gc,metaspace   ] GC(1036) Metaspace: 18865K(19008K)->18865K(19008K) NonClass: 17036K(17152K)->17036K(17152K) Class: 1829K(1856K)->1829K(1856K)
[416.407s][info][gc             ] GC(1036) Pause Young (Mixed) (G1 Evacuation Pause) 914M->786M(978M) 46.650ms
[416.407s][info][gc,cpu         ] GC(1036) User=0.09s Sys=0.00s Real=0.04s
[416.586s][info][gc,start       ] GC(1037) Pause Young (Concurrent Start) (G1 Evacuation Pause)
[416.586s][info][gc,task        ] GC(1037) Using 2 workers of 2 for evacuation
[416.600s][info][gc,phases      ] GC(1037)   Pre Evacuate Collection Set: 0.37ms
[416.600s][info][gc,phases      ] GC(1037)   Merge Heap Roots: 0.22ms
[416.600s][info][gc,phases      ] GC(1037)   Evacuate Collection Set: 12.42ms
[416.600s][info][gc,phases      ] GC(1037)   Post Evacuate Collection Set: 0.43ms
[416.600s][info][gc,phases      ] GC(1037)   Other: 0.14ms
[416.600s][info][gc,heap        ] GC(1037) Eden regions: 136->0(130)
[416.600s][info][gc,heap        ] GC(1037) Survivor regions: 4->7(18)
[416.600s][info][gc,heap        ] GC(1037) Old regions: 774->774
[416.600s][info][gc,heap        ] GC(1037) Humongous regions: 10->10
[416.600s][info][gc,metaspace   ] GC(1037) Metaspace: 18868K(19008K)->18868K(19008K) NonClass: 17038K(17152K)->17038K(17152K) Class: 1829K(1856K)->1829K(1856K)
[416.600s][info][gc             ] GC(1037) Pause Young (Concurrent Start) (G1 Evacuation Pause) 922M->789M(978M) 13.882ms
[416.600s][info][gc,cpu         ] GC(1037) User=0.02s Sys=0.00s Real=0.02s
[416.600s][info][gc             ] GC(1038) Concurrent Mark Cycle
[416.600s][info][gc,marking     ] GC(1038) Concurrent Scan Root Regions
[416.615s][info][gc,marking     ] GC(1038) Concurrent Scan Root Regions 14.496ms
[416.615s][info][gc,marking     ] GC(1038) Concurrent Mark
[416.615s][info][gc,marking     ] GC(1038) Concurrent Mark From Roots
[416.615s][info][gc,task        ] GC(1038) Using 1 workers of 1 for marking
[416.737s][info][gc,start       ] GC(1039) Pause Young (Normal) (G1 Evacuation Pause)
[416.737s][info][gc,task        ] GC(1039) Using 2 workers of 2 for evacuation
[416.746s][info][gc,phases      ] GC(1039)   Pre Evacuate Collection Set: 0.32ms
[416.747s][info][gc,phases      ] GC(1039)   Merge Heap Roots: 0.16ms
[416.747s][info][gc,phases      ] GC(1039)   Evacuate Collection Set: 8.38ms
[416.747s][info][gc,phases      ] GC(1039)   Post Evacuate Collection Set: 0.38ms
[416.747s][info][gc,phases      ] GC(1039)   Other: 0.11ms
[416.747s][info][gc,heap        ] GC(1039) Eden regions: 130->0(130)
[416.747s][info][gc,heap        ] GC(1039) Survivor regions: 7->7(18)
[416.747s][info][gc,heap        ] GC(1039) Old regions: 774->774
[416.747s][info][gc,heap        ] GC(1039) Humongous regions: 10->10
[416.747s][info][gc,metaspace   ] GC(1039) Metaspace: 18868K(19008K)->18868K(19008K) NonClass: 17038K(17152K)->17038K(17152K) Class: 1829K(1856K)->1829K(1856K)
[416.747s][info][gc             ] GC(1039) Pause Young (Normal) (G1 Evacuation Pause) 919M->789M(978M) 9.624ms
[416.747s][info][gc,cpu         ] GC(1039) User=0.02s Sys=0.00s Real=0.01s
[416.905s][info][gc,start       ] GC(1040) Pause Young (Normal) (G1 Evacuation Pause)
[416.905s][info][gc,task        ] GC(1040) Using 2 workers of 2 for evacuation
[416.919s][info][gc,phases      ] GC(1040)   Pre Evacuate Collection Set: 0.31ms
[416.919s][info][gc,phases      ] GC(1040)   Merge Heap Roots: 0.17ms
[416.919s][info][gc,phases      ] GC(1040)   Evacuate Collection Set: 12.27ms
[416.919s][info][gc,phases      ] GC(1040)   Post Evacuate Collection Set: 0.39ms
[416.919s][info][gc,phases      ] GC(1040)   Other: 0.09ms
[416.919s][info][gc,heap        ] GC(1040) Eden regions: 130->0(124)
[416.919s][info][gc,heap        ] GC(1040) Survivor regions: 7->10(18)
[416.919s][info][gc,heap        ] GC(1040) Old regions: 774->774
[416.919s][info][gc,heap        ] GC(1040) Humongous regions: 10->10
[416.919s][info][gc,metaspace   ] GC(1040) Metaspace: 18868K(19008K)->18868K(19008K) NonClass: 17038K(17152K)->17038K(17152K) Class: 1829K(1856K)->1829K(1856K)
[416.919s][info][gc             ] GC(1040) Pause Young (Normal) (G1 Evacuation Pause) 919M->792M(978M) 13.495ms
[416.919s][info][gc,cpu         ] GC(1040) User=0.03s Sys=0.00s Real=0.02s
[417.267s][info][gc,start       ] GC(1041) Pause Young (Normal) (G1 Evacuation Pause)
[417.267s][info][gc,task        ] GC(1041) Using 2 workers of 2 for evacuation
[417.287s][info][gc,phases      ] GC(1041)   Pre Evacuate Collection Set: 0.32ms
[417.287s][info][gc,phases      ] GC(1041)   Merge Heap Roots: 0.18ms
[417.287s][info][gc,phases      ] GC(1041)   Evacuate Collection Set: 18.45ms
[417.287s][info][gc,phases      ] GC(1041)   Post Evacuate Collection Set: 0.42ms
[417.287s][info][gc,phases      ] GC(1041)   Other: 0.10ms
[417.287s][info][gc,heap        ] GC(1041) Eden regions: 124->0(117)
[417.287s][info][gc,heap        ] GC(1041) Survivor regions: 10->12(17)
[417.287s][info][gc,heap        ] GC(1041) Old regions: 774->777
[417.287s][info][gc,heap        ] GC(1041) Humongous regions: 10->10
[417.287s][info][gc,metaspace   ] GC(1041) Metaspace: 18868K(19008K)->18868K(19008K) NonClass: 17038K(17152K)->17038K(17152K) Class: 1829K(1856K)->1829K(1856K)
[417.287s][info][gc             ] GC(1041) Pause Young (Normal) (G1 Evacuation Pause) 916M->798M(978M) 19.754ms
[417.287s][info][gc,cpu         ] GC(1041) User=0.03s Sys=0.00s Real=0.02s
[417.704s][info][gc,start       ] GC(1042) Pause Young (Normal) (G1 Evacuation Pause)
[417.704s][info][gc,task        ] GC(1042) Using 2 workers of 2 for evacuation
[417.720s][info][gc,phases      ] GC(1042)   Pre Evacuate Collection Set: 0.30ms
[417.720s][info][gc,phases      ] GC(1042)   Merge Heap Roots: 0.18ms
[417.720s][info][gc,phases      ] GC(1042)   Evacuate Collection Set: 14.63ms
[417.720s][info][gc,phases      ] GC(1042)   Post Evacuate Collection Set: 0.39ms
[417.720s][info][gc,phases      ] GC(1042)   Other: 0.09ms
[417.720s][info][gc,heap        ] GC(1042) Eden regions: 117->0(120)
[417.720s][info][gc,heap        ] GC(1042) Survivor regions: 12->9(17)
[417.720s][info][gc,heap        ] GC(1042) Old regions: 777->780
[417.720s][info][gc,heap        ] GC(1042) Humongous regions: 10->10
[417.720s][info][gc,metaspace   ] GC(1042) Metaspace: 18868K(19008K)->18868K(19008K) NonClass: 17039K(17152K)->17039K(17152K) Class: 1829K(1856K)->1829K(1856K)
[417.720s][info][gc             ] GC(1042) Pause Young (Normal) (G1 Evacuation Pause) 915M->798M(978M) 15.879ms
[417.720s][info][gc,cpu         ] GC(1042) User=0.03s Sys=0.00s Real=0.02s
[418.187s][info][gc,start       ] GC(1043) Pause Young (Normal) (G1 Evacuation Pause)
[418.187s][info][gc,task        ] GC(1043) Using 2 workers of 2 for evacuation
[418.198s][info][gc,phases      ] GC(1043)   Pre Evacuate Collection Set: 0.32ms
[418.198s][info][gc,phases      ] GC(1043)   Merge Heap Roots: 0.14ms
[418.198s][info][gc,phases      ] GC(1043)   Evacuate Collection Set: 9.76ms
[418.198s][info][gc,phases      ] GC(1043)   Post Evacuate Collection Set: 0.36ms
[418.198s][info][gc,phases      ] GC(1043)   Other: 0.08ms
[418.198s][info][gc,heap        ] GC(1043) Eden regions: 120->0(120)
[418.198s][info][gc,heap        ] GC(1043) Survivor regions: 9->9(17)
[418.198s][info][gc,heap        ] GC(1043) Old regions: 780->780
[418.198s][info][gc,heap        ] GC(1043) Humongous regions: 10->10
[418.198s][info][gc,metaspace   ] GC(1043) Metaspace: 18868K(19008K)->18868K(19008K) NonClass: 17039K(17152K)->17039K(17152K) Class: 1829K(1856K)->1829K(1856K)
[418.198s][info][gc             ] GC(1043) Pause Young (Normal) (G1 Evacuation Pause) 918M->798M(978M) 10.923ms
[418.198s][info][gc,cpu         ] GC(1043) User=0.02s Sys=0.00s Real=0.02s
[418.750s][info][gc,start       ] GC(1044) Pause Young (Normal) (G1 Evacuation Pause)
[418.750s][info][gc,task        ] GC(1044) Using 2 workers of 2 for evacuation
[418.764s][info][gc,phases      ] GC(1044)   Pre Evacuate Collection Set: 0.49ms
[418.764s][info][gc,phases      ] GC(1044)   Merge Heap Roots: 0.22ms
[418.764s][info][gc,phases      ] GC(1044)   Evacuate Collection Set: 12.52ms
[418.764s][info][gc,phases      ] GC(1044)   Post Evacuate Collection Set: 0.39ms
[418.764s][info][gc,phases      ] GC(1044)   Other: 0.11ms
[418.764s][info][gc,heap        ] GC(1044) Eden regions: 120->0(120)
[418.764s][info][gc,heap        ] GC(1044) Survivor regions: 9->9(17)
[418.764s][info][gc,heap        ] GC(1044) Old regions: 780->780
[418.764s][info][gc,heap        ] GC(1044) Humongous regions: 10->10
[418.764s][info][gc,metaspace   ] GC(1044) Metaspace: 18868K(19008K)->18868K(19008K) NonClass: 17039K(17152K)->17039K(17152K) Class: 1829K(1856K)->1829K(1856K)
[418.764s][info][gc             ] GC(1044) Pause Young (Normal) (G1 Evacuation Pause) 918M->798M(978M) 13.973ms
[418.764s][info][gc,cpu         ] GC(1044) User=0.02s Sys=0.00s Real=0.01s
[419.557s][info][gc,marking     ] GC(1038) Concurrent Mark From Roots 2942.285ms
[419.557s][info][gc,marking     ] GC(1038) Concurrent Preclean
[419.557s][info][gc,marking     ] GC(1038) Concurrent Preclean 0.051ms
[419.557s][info][gc,start       ] GC(1038) Pause Remark
[419.566s][info][gc             ] GC(1038) Pause Remark 885M->884M(978M) 8.343ms
[419.566s][info][gc,cpu         ] GC(1038) User=0.01s Sys=0.00s Real=0.01s
[419.570s][info][gc,marking     ] GC(1038) Concurrent Mark 2955.595ms
[419.570s][info][gc,marking     ] GC(1038) Concurrent Rebuild Remembered Sets and Scrub Regions
[419.816s][info][gc,start       ] GC(1045) Pause Young (Normal) (G1 Evacuation Pause)
[419.816s][info][gc,task        ] GC(1045) Using 2 workers of 2 for evacuation
[419.828s][info][gc,phases      ] GC(1045)   Pre Evacuate Collection Set: 0.49ms
[419.828s][info][gc,phases      ] GC(1045)   Merge Heap Roots: 0.16ms
[419.828s][info][gc,phases      ] GC(1045)   Evacuate Collection Set: 10.52ms
[419.828s][info][gc,phases      ] GC(1045)   Post Evacuate Collection Set: 0.37ms
[419.828s][info][gc,phases      ] GC(1045)   Other: 0.09ms
[419.828s][info][gc,heap        ] GC(1045) Eden regions: 120->0(121)
[419.828s][info][gc,heap        ] GC(1045) Survivor regions: 9->9(17)
[419.828s][info][gc,heap        ] GC(1045) Old regions: 780->780
[419.828s][info][gc,heap        ] GC(1045) Humongous regions: 9->9
[419.828s][info][gc,metaspace   ] GC(1045) Metaspace: 18868K(19008K)->18868K(19008K) NonClass: 17039K(17152K)->17039K(17152K) Class: 1829K(1856K)->1829K(1856K)
[419.828s][info][gc             ] GC(1045) Pause Young (Normal) (G1 Evacuation Pause) 917M->797M(978M) 11.867ms
[419.828s][info][gc,cpu         ] GC(1045) User=0.03s Sys=0.00s Real=0.02s
[420.120s][info][gc,start       ] GC(1046) Pause Young (Normal) (G1 Evacuation Pause)
[420.121s][info][gc,task        ] GC(1046) Using 2 workers of 2 for evacuation
[420.157s][info][gc,phases      ] GC(1046)   Pre Evacuate Collection Set: 0.50ms
[420.157s][info][gc,phases      ] GC(1046)   Merge Heap Roots: 0.24ms
[420.157s][info][gc,phases      ] GC(1046)   Evacuate Collection Set: 35.13ms
[420.157s][info][gc,phases      ] GC(1046)   Post Evacuate Collection Set: 0.41ms
[420.157s][info][gc,phases      ] GC(1046)   Other: 0.12ms
[420.157s][info][gc,heap        ] GC(1046) Eden regions: 121->0(91)
[420.157s][info][gc,heap        ] GC(1046) Survivor regions: 9->17(17)
[420.157s][info][gc,heap        ] GC(1046) Old regions: 780->794
[420.157s][info][gc,heap        ] GC(1046) Humongous regions: 9->9
[420.157s][info][gc,metaspace   ] GC(1046) Metaspace: 18868K(19008K)->18868K(19008K) NonClass: 17039K(17152K)->17039K(17152K) Class: 1829K(1856K)->1829K(1856K)
[420.157s][info][gc             ] GC(1046) Pause Young (Normal) (G1 Evacuation Pause) 918M->819M(978M) 36.674ms
[420.157s][info][gc,cpu         ] GC(1046) User=0.07s Sys=0.00s Real=0.03s
[420.369s][info][gc,start       ] GC(1047) Pause Young (Normal) (G1 Evacuation Pause)
[420.369s][info][gc,task        ] GC(1047) Using 2 workers of 2 for evacuation
[420.389s][info][gc,phases      ] GC(1047)   Pre Evacuate Collection Set: 0.31ms
[420.389s][info][gc,phases      ] GC(1047)   Merge Heap Roots: 0.16ms
[420.389s][info][gc,phases      ] GC(1047)   Evacuate Collection Set: 19.15ms
[420.389s][info][gc,phases      ] GC(1047)   Post Evacuate Collection Set: 0.37ms
[420.390s][info][gc,phases      ] GC(1047)   Other: 0.09ms
[420.390s][info][gc,heap        ] GC(1047) Eden regions: 91->0(105)
[420.390s][info][gc,heap        ] GC(1047) Survivor regions: 17->1(14)
[420.390s][info][gc,heap        ] GC(1047) Old regions: 794->812
[420.390s][info][gc,heap        ] GC(1047) Humongous regions: 9->9
[420.390s][info][gc,metaspace   ] GC(1047) Metaspace: 18869K(19008K)->18869K(19008K) NonClass: 17040K(17152K)->17040K(17152K) Class: 1829K(1856K)->1829K(1856K)
[420.390s][info][gc             ] GC(1047) Pause Young (Normal) (G1 Evacuation Pause) 910M->821M(978M) 20.353ms
[420.390s][info][gc,cpu         ] GC(1047) User=0.04s Sys=0.01s Real=0.02s
[420.558s][info][gc,marking     ] GC(1038) Concurrent Rebuild Remembered Sets and Scrub Regions 987.885ms
[420.558s][info][gc,start       ] GC(1038) Pause Cleanup
[420.559s][info][gc             ] GC(1038) Pause Cleanup 883M->883M(978M) 0.160ms
[420.559s][info][gc,cpu         ] GC(1038) User=0.00s Sys=0.00s Real=0.00s
[420.560s][info][gc,marking     ] GC(1038) Concurrent Clear Claimed Marks
[420.560s][info][gc,marking     ] GC(1038) Concurrent Clear Claimed Marks 0.033ms
[420.560s][info][gc,marking     ] GC(1038) Concurrent Cleanup for Next Mark
[420.565s][info][gc,marking     ] GC(1038) Concurrent Cleanup for Next Mark 4.954ms
[420.565s][info][gc             ] GC(1038) Concurrent Mark Cycle 3965.350ms
[420.622s][info][gc,start       ] GC(1048) Pause Young (Prepare Mixed) (G1 Evacuation Pause)
[420.622s][info][gc,task        ] GC(1048) Using 2 workers of 2 for evacuation
[420.625s][info][gc,phases      ] GC(1048)   Pre Evacuate Collection Set: 0.33ms
[420.625s][info][gc,phases      ] GC(1048)   Merge Heap Roots: 0.12ms
[420.625s][info][gc,phases      ] GC(1048)   Evacuate Collection Set: 1.74ms
[420.625s][info][gc,phases      ] GC(1048)   Post Evacuate Collection Set: 0.38ms
[420.625s][info][gc,phases      ] GC(1048)   Other: 0.11ms
[420.625s][info][gc,heap        ] GC(1048) Eden regions: 105->0(105)
[420.625s][info][gc,heap        ] GC(1048) Survivor regions: 1->1(14)
[420.625s][info][gc,heap        ] GC(1048) Old regions: 812->812
[420.625s][info][gc,heap        ] GC(1048) Humongous regions: 9->9
[420.625s][info][gc,metaspace   ] GC(1048) Metaspace: 18869K(19008K)->18869K(19008K) NonClass: 17040K(17152K)->17040K(17152K) Class: 1829K(1856K)->1829K(1856K)
[420.625s][info][gc             ] GC(1048) Pause Young (Prepare Mixed) (G1 Evacuation Pause) 926M->821M(978M) 2.955ms
[420.625s][info][gc,cpu         ] GC(1048) User=0.00s Sys=0.00s Real=0.00s
[420.808s][info][gc,start       ] GC(1049) Pause Young (Mixed) (G1 Evacuation Pause)
[420.808s][info][gc,task        ] GC(1049) Using 2 workers of 2 for evacuation
[420.833s][info][gc,phases      ] GC(1049)   Pre Evacuate Collection Set: 0.57ms
[420.833s][info][gc,phases      ] GC(1049)   Merge Heap Roots: 0.42ms
[420.833s][info][gc,phases      ] GC(1049)   Evacuate Collection Set: 23.79ms
[420.833s][info][gc,phases      ] GC(1049)   Post Evacuate Collection Set: 0.40ms
[420.833s][info][gc,phases      ] GC(1049)   Other: 0.11ms
[420.833s][info][gc,heap        ] GC(1049) Eden regions: 105->0(112)
[420.833s][info][gc,heap        ] GC(1049) Survivor regions: 1->1(14)
[420.833s][info][gc,heap        ] GC(1049) Old regions: 812->805
[420.833s][info][gc,heap        ] GC(1049) Humongous regions: 9->9
[420.833s][info][gc,metaspace   ] GC(1049) Metaspace: 18869K(19008K)->18869K(19008K) NonClass: 17040K(17152K)->17040K(17152K) Class: 1829K(1856K)->1829K(1856K)
[420.833s][info][gc             ] GC(1049) Pause Young (Mixed) (G1 Evacuation Pause) 926M->813M(978M) 25.527ms
[420.833s][info][gc,cpu         ] GC(1049) User=0.05s Sys=0.00s Real=0.03s
[421.120s][info][gc,start       ] GC(1050) Pause Young (Concurrent Start) (G1 Evacuation Pause)
[421.120s][info][gc,task        ] GC(1050) Using 2 workers of 2 for evacuation
[421.123s][info][gc,phases      ] GC(1050)   Pre Evacuate Collection Set: 0.37ms
[421.123s][info][gc,phases      ] GC(1050)   Merge Heap Roots: 0.09ms
[421.123s][info][gc,phases      ] GC(1050)   Evacuate Collection Set: 1.56ms
[421.123s][info][gc,phases      ] GC(1050)   Post Evacuate Collection Set: 0.38ms
[421.123s][info][gc,phases      ] GC(1050)   Other: 0.25ms
[421.123s][info][gc,heap        ] GC(1050) Eden regions: 112->0(112)
[421.123s][info][gc,heap        ] GC(1050) Survivor regions: 1->1(15)
[421.123s][info][gc,heap        ] GC(1050) Old regions: 805->805
[421.123s][info][gc,heap        ] GC(1050) Humongous regions: 9->9
[421.123s][info][gc,metaspace   ] GC(1050) Metaspace: 18869K(19008K)->18869K(19008K) NonClass: 17040K(17152K)->17040K(17152K) Class: 1829K(1856K)->1829K(1856K)
[421.123s][info][gc             ] GC(1050) Pause Young (Concurrent Start) (G1 Evacuation Pause) 925M->814M(978M) 2.843ms
[421.123s][info][gc,cpu         ] GC(1050) User=0.01s Sys=0.00s Real=0.00s
[421.123s][info][gc             ] GC(1051) Concurrent Mark Cycle
[421.123s][info][gc,marking     ] GC(1051) Concurrent Scan Root Regions
[421.127s][info][gc,marking     ] GC(1051) Concurrent Scan Root Regions 4.041ms
[421.127s][info][gc,marking     ] GC(1051) Concurrent Mark
[421.127s][info][gc,marking     ] GC(1051) Concurrent Mark From Roots
[421.127s][info][gc,task        ] GC(1051) Using 1 workers of 1 for marking
[422.082s][info][gc,start       ] GC(1052) Pause Young (Normal) (G1 Evacuation Pause)
[422.082s][info][gc,task        ] GC(1052) Using 2 workers of 2 for evacuation
[422.088s][info][gc,phases      ] GC(1052)   Pre Evacuate Collection Set: 0.47ms
[422.088s][info][gc,phases      ] GC(1052)   Merge Heap Roots: 0.12ms
[422.088s][info][gc,phases      ] GC(1052)   Evacuate Collection Set: 4.61ms
[422.088s][info][gc,phases      ] GC(1052)   Post Evacuate Collection Set: 0.38ms
[422.088s][info][gc,phases      ] GC(1052)   Other: 0.10ms
[422.088s][info][gc,heap        ] GC(1052) Eden regions: 112->0(108)
[422.088s][info][gc,heap        ] GC(1052) Survivor regions: 1->3(15)
[422.088s][info][gc,heap        ] GC(1052) Old regions: 805->805
[422.088s][info][gc,heap        ] GC(1052) Humongous regions: 9->9
[422.088s][info][gc,metaspace   ] GC(1052) Metaspace: 18869K(19008K)->18869K(19008K) NonClass: 17040K(17152K)->17040K(17152K) Class: 1829K(1856K)->1829K(1856K)
[422.088s][info][gc             ] GC(1052) Pause Young (Normal) (G1 Evacuation Pause) 926M->815M(978M) 5.920ms
[422.088s][info][gc,cpu         ] GC(1052) User=0.01s Sys=0.00s Real=0.01s
[422.397s][info][gc,marking     ] GC(1051) Concurrent Mark From Roots 1269.896ms
[422.397s][info][gc,marking     ] GC(1051) Concurrent Preclean
[422.397s][info][gc,marking     ] GC(1051) Concurrent Preclean 0.054ms
[422.397s][info][gc,start       ] GC(1051) Pause Remark
[422.407s][info][gc             ] GC(1051) Pause Remark 841M->615M(978M) 9.074ms
[422.407s][info][gc,cpu         ] GC(1051) User=0.02s Sys=0.00s Real=0.01s
[422.407s][info][gc,marking     ] GC(1051) Concurrent Mark 1279.400ms
[422.407s][info][gc,marking     ] GC(1051) Concurrent Rebuild Remembered Sets and Scrub Regions
[422.686s][info][gc,start       ] GC(1053) Pause Young (Normal) (G1 Evacuation Pause)
[422.687s][info][gc,task        ] GC(1053) Using 2 workers of 2 for evacuation
[422.691s][info][gc,phases      ] GC(1053)   Pre Evacuate Collection Set: 0.51ms
[422.691s][info][gc,phases      ] GC(1053)   Merge Heap Roots: 0.12ms
[422.691s][info][gc,phases      ] GC(1053)   Evacuate Collection Set: 3.62ms
[422.691s][info][gc,phases      ] GC(1053)   Post Evacuate Collection Set: 0.36ms
[422.691s][info][gc,phases      ] GC(1053)   Other: 0.12ms
[422.691s][info][gc,heap        ] GC(1053) Eden regions: 108->0(334)
[422.691s][info][gc,heap        ] GC(1053) Survivor regions: 3->3(14)
[422.691s][info][gc,heap        ] GC(1053) Old regions: 583->583
[422.691s][info][gc,heap        ] GC(1053) Humongous regions: 5->5
[422.691s][info][gc,metaspace   ] GC(1053) Metaspace: 18920K(19072K)->18920K(19072K) NonClass: 17090K(17216K)->17090K(17216K) Class: 1829K(1856K)->1829K(1856K)
[422.691s][info][gc             ] GC(1053) Pause Young (Normal) (G1 Evacuation Pause) 697M->590M(978M) 4.942ms
[422.691s][info][gc,cpu         ] GC(1053) User=0.01s Sys=0.00s Real=0.01s
[422.772s][info][gc,marking     ] GC(1051) Concurrent Rebuild Remembered Sets and Scrub Regions 365.347ms
[422.772s][info][gc,start       ] GC(1051) Pause Cleanup
[422.772s][info][gc             ] GC(1051) Pause Cleanup 622M->622M(978M) 0.168ms
[422.772s][info][gc,cpu         ] GC(1051) User=0.00s Sys=0.00s Real=0.00s
[422.772s][info][gc,marking     ] GC(1051) Concurrent Clear Claimed Marks
[422.772s][info][gc,marking     ] GC(1051) Concurrent Clear Claimed Marks 0.041ms
[422.773s][info][gc,marking     ] GC(1051) Concurrent Cleanup for Next Mark
[422.776s][info][gc,marking     ] GC(1051) Concurrent Cleanup for Next Mark 3.071ms
[422.776s][info][gc             ] GC(1051) Concurrent Mark Cycle 1652.568ms
[423.428s][info][gc,start       ] GC(1054) Pause Young (Prepare Mixed) (G1 Evacuation Pause)
[423.428s][info][gc,task        ] GC(1054) Using 2 workers of 2 for evacuation
[423.460s][info][gc,phases      ] GC(1054)   Pre Evacuate Collection Set: 0.31ms
[423.460s][info][gc,phases      ] GC(1054)   Merge Heap Roots: 0.16ms
[423.460s][info][gc,phases      ] GC(1054)   Evacuate Collection Set: 30.33ms
[423.460s][info][gc,phases      ] GC(1054)   Post Evacuate Collection Set: 0.69ms
[423.460s][info][gc,phases      ] GC(1054)   Other: 0.12ms
[423.460s][info][gc,heap        ] GC(1054) Eden regions: 334->0(278)
[423.460s][info][gc,heap        ] GC(1054) Survivor regions: 3->31(43)
[423.460s][info][gc,heap        ] GC(1054) Old regions: 583->583
[423.460s][info][gc,heap        ] GC(1054) Humongous regions: 5->5
[423.460s][info][gc,metaspace   ] GC(1054) Metaspace: 18923K(19072K)->18923K(19072K) NonClass: 17094K(17216K)->17094K(17216K) Class: 1829K(1856K)->1829K(1856K)
[423.460s][info][gc             ] GC(1054) Pause Young (Prepare Mixed) (G1 Evacuation Pause) 924M->617M(978M) 31.867ms
[423.460s][info][gc,cpu         ] GC(1054) User=0.06s Sys=0.00s Real=0.04s
[423.726s][info][gc,start       ] GC(1055) Pause Young (Mixed) (G1 Evacuation Pause)
[423.726s][info][gc,task        ] GC(1055) Using 2 workers of 2 for evacuation
[423.904s][info][gc,phases      ] GC(1055)   Pre Evacuate Collection Set: 0.53ms
[423.904s][info][gc,phases      ] GC(1055)   Merge Heap Roots: 0.54ms
[423.904s][info][gc,phases      ] GC(1055)   Evacuate Collection Set: 156.93ms
[423.904s][info][gc,phases      ] GC(1055)   Post Evacuate Collection Set: 19.71ms
[423.904s][info][gc,phases      ] GC(1055)   Other: 0.13ms
[423.904s][info][gc,heap        ] GC(1055) Eden regions: 278->0(30)
[423.904s][info][gc,heap        ] GC(1055) Survivor regions: 31->39(39)
[423.904s][info][gc,heap        ] GC(1055) Old regions: 583->815
[423.904s][info][gc,heap        ] GC(1055) Humongous regions: 5->5
[423.904s][info][gc,metaspace   ] GC(1055) Metaspace: 18964K(19136K)->18964K(19136K) NonClass: 17135K(17280K)->17135K(17280K) Class: 1829K(1856K)->1829K(1856K)
[423.904s][info][gc             ] GC(1055) Pause Young (Mixed) (G1 Evacuation Pause) (Evacuation Failure: Allocation) 895M->858M(978M) 178.086ms
[423.904s][info][gc,cpu         ] GC(1055) User=0.35s Sys=0.00s Real=0.18s
[424.050s][info][gc,start       ] GC(1056) Pause Young (Concurrent Start) (G1 Evacuation Pause)
[424.050s][info][gc,task        ] GC(1056) Using 2 workers of 2 for evacuation
[424.130s][info][gc,phases      ] GC(1056)   Pre Evacuate Collection Set: 0.47ms
[424.130s][info][gc,phases      ] GC(1056)   Merge Heap Roots: 0.65ms
[424.130s][info][gc,phases      ] GC(1056)   Evacuate Collection Set: 78.56ms
[424.130s][info][gc,phases      ] GC(1056)   Post Evacuate Collection Set: 0.61ms
[424.130s][info][gc,phases      ] GC(1056)   Other: 0.23ms
[424.130s][info][gc,heap        ] GC(1056) Eden regions: 30->0(199)
[424.130s][info][gc,heap        ] GC(1056) Survivor regions: 39->6(9)
[424.130s][info][gc,heap        ] GC(1056) Old regions: 815->685
[424.130s][info][gc,heap        ] GC(1056) Humongous regions: 5->5
[424.130s][info][gc,metaspace   ] GC(1056) Metaspace: 18965K(19136K)->18965K(19136K) NonClass: 17136K(17280K)->17136K(17280K) Class: 1829K(1856K)->1829K(1856K)
[424.130s][info][gc             ] GC(1056) Pause Young (Concurrent Start) (G1 Evacuation Pause) 888M->694M(978M) 80.764ms
[424.130s][info][gc,cpu         ] GC(1056) User=0.15s Sys=0.00s Real=0.08s
[424.130s][info][gc             ] GC(1057) Concurrent Mark Cycle
[424.131s][info][gc,marking     ] GC(1057) Concurrent Scan Root Regions
[424.257s][info][gc,marking     ] GC(1057) Concurrent Scan Root Regions 126.718ms
[424.257s][info][gc,marking     ] GC(1057) Concurrent Mark
[424.257s][info][gc,marking     ] GC(1057) Concurrent Mark From Roots
[424.257s][info][gc,task        ] GC(1057) Using 1 workers of 1 for marking
[424.378s][info][gc,marking     ] GC(1057) Concurrent Mark From Roots 120.873ms
[424.378s][info][gc,marking     ] GC(1057) Concurrent Preclean
[424.378s][info][gc,marking     ] GC(1057) Concurrent Preclean 0.046ms
[424.380s][info][gc,start       ] GC(1057) Pause Remark
[424.392s][info][metaspace      ] ChkMgr @0x00007f0d1c15e580 (non-class-space): : reclaiming memory...
[424.392s][info][metaspace      ] ChkMgr @0x00007f0d1c15e580 (non-class-space): nothing reclaimed.
[424.392s][info][metaspace      ] ChkMgr @0x00007f0d1c15c690 (class-space): : reclaiming memory...
[424.392s][info][metaspace      ] ChkMgr @0x00007f0d1c15c690 (class-space): nothing reclaimed.
[424.392s][info][gc             ] GC(1057) Pause Remark 779M->296M(710M) 12.766ms
[424.392s][info][gc,cpu         ] GC(1057) User=0.02s Sys=0.00s Real=0.01s
[424.394s][info][gc,marking     ] GC(1057) Concurrent Mark 136.221ms
[424.394s][info][gc,marking     ] GC(1057) Concurrent Rebuild Remembered Sets and Scrub Regions
[424.653s][info][gc,marking     ] GC(1057) Concurrent Rebuild Remembered Sets and Scrub Regions 259.628ms
[424.653s][info][gc,start       ] GC(1057) Pause Cleanup
[424.653s][info][gc             ] GC(1057) Pause Cleanup 363M->363M(710M) 0.080ms
[424.653s][info][gc,cpu         ] GC(1057) User=0.00s Sys=0.00s Real=0.00s
[424.654s][info][gc,marking     ] GC(1057) Concurrent Clear Claimed Marks
[424.654s][info][gc,marking     ] GC(1057) Concurrent Clear Claimed Marks 0.031ms
[424.654s][info][gc,marking     ] GC(1057) Concurrent Cleanup for Next Mark
[424.659s][info][gc,marking     ] GC(1057) Concurrent Cleanup for Next Mark 5.754ms
[424.659s][info][gc             ] GC(1057) Concurrent Mark Cycle 528.918ms
[424.739s][info][gc,start       ] GC(1058) Pause Young (Prepare Mixed) (G1 Evacuation Pause)
[424.739s][info][gc,task        ] GC(1058) Using 2 workers of 2 for evacuation
[424.886s][info][gc,phases      ] GC(1058)   Pre Evacuate Collection Set: 0.30ms
[424.887s][info][gc,phases      ] GC(1058)   Merge Heap Roots: 0.87ms
[424.887s][info][gc,phases      ] GC(1058)   Evacuate Collection Set: 145.47ms
[424.887s][info][gc,phases      ] GC(1058)   Post Evacuate Collection Set: 1.00ms
[424.887s][info][gc,phases      ] GC(1058)   Other: 0.08ms
[424.887s][info][gc,heap        ] GC(1058) Eden regions: 199->0(270)
[424.887s][info][gc,heap        ] GC(1058) Survivor regions: 6->26(26)
[424.887s][info][gc,heap        ] GC(1058) Old regions: 207->225
[424.887s][info][gc,heap        ] GC(1058) Humongous regions: 4->4
[424.887s][info][gc,metaspace   ] GC(1058) Metaspace: 18962K(19136K)->18962K(19136K) NonClass: 17132K(17280K)->17132K(17280K) Class: 1829K(1856K)->1829K(1856K)
[424.887s][info][gc             ] GC(1058) Pause Young (Prepare Mixed) (G1 Evacuation Pause) 414M->253M(710M) 147.987ms
[424.887s][info][gc,cpu         ] GC(1058) User=0.30s Sys=0.00s Real=0.14s
[425.124s][info][gc,start       ] GC(1059) Pause Young (Mixed) (G1 Evacuation Pause)
[425.124s][info][gc,task        ] GC(1059) Using 2 workers of 2 for evacuation
[425.205s][info][gc,phases      ] GC(1059)   Pre Evacuate Collection Set: 0.42ms
[425.205s][info][gc,phases      ] GC(1059)   Merge Heap Roots: 0.86ms
[425.205s][info][gc,phases      ] GC(1059)   Evacuate Collection Set: 78.70ms
[425.205s][info][gc,phases      ] GC(1059)   Post Evacuate Collection Set: 0.57ms
[425.205s][info][gc,phases      ] GC(1059)   Other: 0.11ms
[425.205s][info][gc,heap        ] GC(1059) Eden regions: 270->0(280)
[425.205s][info][gc,heap        ] GC(1059) Survivor regions: 26->17(37)
[425.205s][info][gc,heap        ] GC(1059) Old regions: 225->246
[425.205s][info][gc,heap        ] GC(1059) Humongous regions: 4->4
[425.205s][info][gc,metaspace   ] GC(1059) Metaspace: 18962K(19136K)->18962K(19136K) NonClass: 17132K(17280K)->17132K(17280K) Class: 1829K(1856K)->1829K(1856K)
[425.205s][info][gc             ] GC(1059) Pause Young (Mixed) (G1 Evacuation Pause) 523M->265M(710M) 80.912ms
[425.205s][info][gc,cpu         ] GC(1059) User=0.16s Sys=0.00s Real=0.08s
[425.452s][info][gc,start       ] GC(1060) Pause Young (Concurrent Start) (G1 Evacuation Pause)
[425.452s][info][gc,task        ] GC(1060) Using 2 workers of 2 for evacuation
[425.485s][info][gc,phases      ] GC(1060)   Pre Evacuate Collection Set: 0.30ms
[425.486s][info][gc,phases      ] GC(1060)   Merge Heap Roots: 0.19ms
[425.486s][info][gc,phases      ] GC(1060)   Evacuate Collection Set: 31.83ms
[425.486s][info][gc,phases      ] GC(1060)   Post Evacuate Collection Set: 0.59ms
[425.486s][info][gc,phases      ] GC(1060)   Other: 0.12ms
[425.486s][info][gc,heap        ] GC(1060) Eden regions: 280->0(292)
[425.486s][info][gc,heap        ] GC(1060) Survivor regions: 17->27(38)
[425.486s][info][gc,heap        ] GC(1060) Old regions: 246->246
[425.486s][info][gc,heap        ] GC(1060) Humongous regions: 4->4
[425.486s][info][gc,metaspace   ] GC(1060) Metaspace: 18968K(19136K)->18968K(19136K) NonClass: 17138K(17280K)->17138K(17280K) Class: 1829K(1856K)->1829K(1856K)
[425.486s][info][gc             ] GC(1060) Pause Young (Concurrent Start) (G1 Evacuation Pause) 545M->276M(710M) 33.383ms
[425.486s][info][gc,cpu         ] GC(1060) User=0.06s Sys=0.00s Real=0.03s
[425.486s][info][gc             ] GC(1061) Concurrent Mark Cycle
[425.486s][info][gc,marking     ] GC(1061) Concurrent Scan Root Regions
[425.540s][info][gc,marking     ] GC(1061) Concurrent Scan Root Regions 54.402ms
[425.540s][info][gc,marking     ] GC(1061) Concurrent Mark
[425.540s][info][gc,marking     ] GC(1061) Concurrent Mark From Roots
[425.540s][info][gc,task        ] GC(1061) Using 1 workers of 1 for marking
[425.923s][info][gc,start       ] GC(1062) Pause Young (Normal) (G1 Evacuation Pause)
[425.923s][info][gc,task        ] GC(1062) Using 2 workers of 2 for evacuation
[425.979s][info][gc,phases      ] GC(1062)   Pre Evacuate Collection Set: 0.29ms
[425.979s][info][gc,phases      ] GC(1062)   Merge Heap Roots: 0.20ms
[425.979s][info][gc,phases      ] GC(1062)   Evacuate Collection Set: 54.55ms
[425.979s][info][gc,phases      ] GC(1062)   Post Evacuate Collection Set: 0.57ms
[425.979s][info][gc,phases      ] GC(1062)   Other: 0.10ms
[425.979s][info][gc,heap        ] GC(1062) Eden regions: 292->0(283)
[425.979s][info][gc,heap        ] GC(1062) Survivor regions: 27->35(40)
[425.979s][info][gc,heap        ] GC(1062) Old regions: 246->263
[425.979s][info][gc,heap        ] GC(1062) Humongous regions: 4->4
[425.979s][info][gc,metaspace   ] GC(1062) Metaspace: 18968K(19136K)->18968K(19136K) NonClass: 17138K(17280K)->17138K(17280K) Class: 1829K(1856K)->1829K(1856K)
[425.979s][info][gc             ] GC(1062) Pause Young (Normal) (G1 Evacuation Pause) 568M->300M(710M) 55.991ms
[425.979s][info][gc,cpu         ] GC(1062) User=0.11s Sys=0.00s Real=0.06s
[426.279s][info][gc,marking     ] GC(1061) Concurrent Mark From Roots 738.750ms
[426.279s][info][gc,marking     ] GC(1061) Concurrent Preclean
[426.279s][info][gc,marking     ] GC(1061) Concurrent Preclean 0.043ms
[426.279s][info][gc,start       ] GC(1061) Pause Remark
[426.288s][info][gc             ] GC(1061) Pause Remark 477M->476M(710M) 8.800ms
[426.288s][info][gc,cpu         ] GC(1061) User=0.02s Sys=0.00s Real=0.00s
[426.288s][info][gc,marking     ] GC(1061) Concurrent Mark 747.962ms
[426.288s][info][gc,marking     ] GC(1061) Concurrent Rebuild Remembered Sets and Scrub Regions
[426.408s][info][gc,start       ] GC(1063) Pause Young (Normal) (G1 Evacuation Pause)
[426.409s][info][gc,task        ] GC(1063) Using 2 workers of 2 for evacuation
[426.507s][info][gc,phases      ] GC(1063)   Pre Evacuate Collection Set: 0.37ms
[426.507s][info][gc,phases      ] GC(1063)   Merge Heap Roots: 0.40ms
[426.507s][info][gc,phases      ] GC(1063)   Evacuate Collection Set: 96.92ms
[426.507s][info][gc,phases      ] GC(1063)   Post Evacuate Collection Set: 0.58ms
[426.507s][info][gc,phases      ] GC(1063)   Other: 0.10ms
[426.507s][info][gc,heap        ] GC(1063) Eden regions: 283->0(238)
[426.507s][info][gc,heap        ] GC(1063) Survivor regions: 35->40(40)
[426.507s][info][gc,heap        ] GC(1063) Old regions: 263->308
[426.507s][info][gc,heap        ] GC(1063) Humongous regions: 4->4
[426.507s][info][gc,metaspace   ] GC(1063) Metaspace: 18975K(19136K)->18975K(19136K) NonClass: 17146K(17280K)->17146K(17280K) Class: 1829K(1856K)->1829K(1856K)
[426.507s][info][gc             ] GC(1063) Pause Young (Normal) (G1 Evacuation Pause) 583M->351M(710M) 98.695ms
[426.507s][info][gc,cpu         ] GC(1063) User=0.20s Sys=0.00s Real=0.09s
[426.694s][info][gc,marking     ] GC(1061) Concurrent Rebuild Remembered Sets and Scrub Regions 405.893ms
[426.694s][info][gc,start       ] GC(1061) Pause Cleanup
[426.694s][info][gc             ] GC(1061) Pause Cleanup 498M->498M(710M) 0.106ms
[426.695s][info][gc,cpu         ] GC(1061) User=0.00s Sys=0.00s Real=0.00s
[426.695s][info][gc,marking     ] GC(1061) Concurrent Clear Claimed Marks
[426.695s][info][gc,marking     ] GC(1061) Concurrent Clear Claimed Marks 0.039ms
[426.695s][info][gc,marking     ] GC(1061) Concurrent Cleanup for Next Mark
[426.699s][info][gc,marking     ] GC(1061) Concurrent Cleanup for Next Mark 4.293ms
[426.699s][info][gc             ] GC(1061) Concurrent Mark Cycle 1213.238ms
[426.781s][info][gc,start       ] GC(1064) Pause Young (Prepare Mixed) (G1 Evacuation Pause)
[426.781s][info][gc,task        ] GC(1064) Using 2 workers of 2 for evacuation
[426.836s][info][gc,phases      ] GC(1064)   Pre Evacuate Collection Set: 0.45ms
[426.836s][info][gc,phases      ] GC(1064)   Merge Heap Roots: 0.27ms
[426.836s][info][gc,phases      ] GC(1064)   Evacuate Collection Set: 52.86ms
[426.836s][info][gc,phases      ] GC(1064)   Post Evacuate Collection Set: 0.61ms
[426.836s][info][gc,phases      ] GC(1064)   Other: 0.11ms
[426.836s][info][gc,heap        ] GC(1064) Eden regions: 238->0(245)
[426.836s][info][gc,heap        ] GC(1064) Survivor regions: 40->10(35)
[426.836s][info][gc,heap        ] GC(1064) Old regions: 308->349
[426.836s][info][gc,heap        ] GC(1064) Humongous regions: 4->4
[426.836s][info][gc,metaspace   ] GC(1064) Metaspace: 18975K(19136K)->18975K(19136K) NonClass: 17146K(17280K)->17146K(17280K) Class: 1829K(1856K)->1829K(1856K)
[426.836s][info][gc             ] GC(1064) Pause Young (Prepare Mixed) (G1 Evacuation Pause) 589M->361M(710M) 54.565ms
[426.836s][info][gc,cpu         ] GC(1064) User=0.11s Sys=0.00s Real=0.05s
[427.357s][info][gc,start       ] GC(1065) Pause Young (Mixed) (G1 Evacuation Pause)
[427.357s][info][gc,task        ] GC(1065) Using 2 workers of 2 for evacuation
[427.375s][info][gc,phases      ] GC(1065)   Pre Evacuate Collection Set: 0.30ms
[427.375s][info][gc,phases      ] GC(1065)   Merge Heap Roots: 0.19ms
[427.375s][info][gc,phases      ] GC(1065)   Evacuate Collection Set: 16.22ms
[427.375s][info][gc,phases      ] GC(1065)   Post Evacuate Collection Set: 1.55ms
[427.375s][info][gc,phases      ] GC(1065)   Other: 0.11ms
[427.375s][info][gc,heap        ] GC(1065) Eden regions: 245->0(338)
[427.375s][info][gc,heap        ] GC(1065) Survivor regions: 10->13(32)
[427.375s][info][gc,heap        ] GC(1065) Old regions: 349->345
[427.375s][info][gc,heap        ] GC(1065) Humongous regions: 4->4
[427.375s][info][gc,metaspace   ] GC(1065) Metaspace: 18976K(19136K)->18976K(19136K) NonClass: 17146K(17280K)->17146K(17280K) Class: 1829K(1856K)->1829K(1856K)
[427.375s][info][gc             ] GC(1065) Pause Young (Mixed) (G1 Evacuation Pause) 606M->360M(818M) 18.636ms
[427.375s][info][gc,cpu         ] GC(1065) User=0.03s Sys=0.00s Real=0.02s
[427.856s][info][gc,start       ] GC(1066) Pause Young (Concurrent Start) (G1 Humongous Allocation)
[427.856s][info][gc,task        ] GC(1066) Using 2 workers of 2 for evacuation
[427.954s][info][gc,phases      ] GC(1066)   Pre Evacuate Collection Set: 0.30ms
[427.954s][info][gc,phases      ] GC(1066)   Merge Heap Roots: 0.21ms
[427.954s][info][gc,phases      ] GC(1066)   Evacuate Collection Set: 96.29ms
[427.954s][info][gc,phases      ] GC(1066)   Post Evacuate Collection Set: 0.64ms
[427.954s][info][gc,phases      ] GC(1066)   Other: 0.22ms
[427.954s][info][gc,heap        ] GC(1066) Eden regions: 283->0(251)
[427.954s][info][gc,heap        ] GC(1066) Survivor regions: 13->44(44)
[427.954s][info][gc,heap        ] GC(1066) Old regions: 345->388
[427.954s][info][gc,heap        ] GC(1066) Humongous regions: 4->4
[427.954s][info][gc,metaspace   ] GC(1066) Metaspace: 18978K(19136K)->18978K(19136K) NonClass: 17149K(17280K)->17149K(17280K) Class: 1829K(1856K)->1829K(1856K)
[427.954s][info][gc             ] GC(1066) Pause Young (Concurrent Start) (G1 Humongous Allocation) 643M->435M(818M) 97.944ms
[427.954s][info][gc             ] GC(1067) Concurrent Mark Cycle
[427.954s][info][gc,marking     ] GC(1067) Concurrent Scan Root Regions
[427.954s][info][gc,cpu         ] GC(1066) User=0.20s Sys=0.00s Real=0.10s
[428.081s][info][gc,marking     ] GC(1067) Concurrent Scan Root Regions 126.396ms
[428.081s][info][gc,marking     ] GC(1067) Concurrent Mark
[428.081s][info][gc,marking     ] GC(1067) Concurrent Mark From Roots
[428.081s][info][gc,task        ] GC(1067) Using 1 workers of 1 for marking
[428.366s][info][gc,start       ] GC(1068) Pause Young (Normal) (G1 Evacuation Pause)
[428.366s][info][gc,task        ] GC(1068) Using 2 workers of 2 for evacuation
[428.425s][info][gc,phases      ] GC(1068)   Pre Evacuate Collection Set: 0.30ms
[428.425s][info][gc,phases      ] GC(1068)   Merge Heap Roots: 0.17ms
[428.425s][info][gc,phases      ] GC(1068)   Evacuate Collection Set: 57.31ms
[428.425s][info][gc,phases      ] GC(1068)   Post Evacuate Collection Set: 0.56ms
[428.425s][info][gc,phases      ] GC(1068)   Other: 0.10ms
[428.425s][info][gc,heap        ] GC(1068) Eden regions: 251->0(259)
[428.425s][info][gc,heap        ] GC(1068) Survivor regions: 44->11(37)
[428.425s][info][gc,heap        ] GC(1068) Old regions: 388->432
[428.425s][info][gc,heap        ] GC(1068) Humongous regions: 5->5
[428.425s][info][gc,metaspace   ] GC(1068) Metaspace: 18978K(19136K)->18978K(19136K) NonClass: 17149K(17280K)->17149K(17280K) Class: 1829K(1856K)->1829K(1856K)
[428.425s][info][gc             ] GC(1068) Pause Young (Normal) (G1 Evacuation Pause) 687M->446M(818M) 58.783ms
[428.425s][info][gc,cpu         ] GC(1068) User=0.12s Sys=0.00s Real=0.06s
[428.854s][info][gc,marking     ] GC(1067) Concurrent Mark From Roots 773.569ms
[428.854s][info][gc,marking     ] GC(1067) Concurrent Preclean
[428.854s][info][gc,marking     ] GC(1067) Concurrent Preclean 0.042ms
[428.855s][info][gc,start       ] GC(1067) Pause Remark
[428.863s][info][gc             ] GC(1067) Pause Remark 569M->515M(818M) 8.694ms
[428.863s][info][gc,cpu         ] GC(1067) User=0.02s Sys=0.00s Real=0.01s
[428.863s][info][gc,marking     ] GC(1067) Concurrent Mark 782.655ms
[428.863s][info][gc,marking     ] GC(1067) Concurrent Rebuild Remembered Sets and Scrub Regions
[429.145s][info][gc,marking     ] GC(1067) Concurrent Rebuild Remembered Sets and Scrub Regions 281.571ms
[429.146s][info][gc,start       ] GC(1067) Pause Cleanup
[429.146s][info][gc             ] GC(1067) Pause Cleanup 631M->631M(818M) 0.126ms
[429.146s][info][gc,cpu         ] GC(1067) User=0.00s Sys=0.00s Real=0.00s
[429.146s][info][gc,marking     ] GC(1067) Concurrent Clear Claimed Marks
[429.146s][info][gc,marking     ] GC(1067) Concurrent Clear Claimed Marks 0.037ms
[429.146s][info][gc,marking     ] GC(1067) Concurrent Cleanup for Next Mark
[429.153s][info][gc,marking     ] GC(1067) Concurrent Cleanup for Next Mark 7.187ms
[429.154s][info][gc             ] GC(1067) Concurrent Mark Cycle 1199.233ms
[429.163s][info][gc,start       ] GC(1069) Pause Young (Prepare Mixed) (G1 Evacuation Pause)
[429.163s][info][gc,task        ] GC(1069) Using 2 workers of 2 for evacuation
[429.243s][info][gc,phases      ] GC(1069)   Pre Evacuate Collection Set: 0.28ms
[429.243s][info][gc,phases      ] GC(1069)   Merge Heap Roots: 0.26ms
[429.243s][info][gc,phases      ] GC(1069)   Evacuate Collection Set: 78.39ms
[429.243s][info][gc,phases      ] GC(1069)   Post Evacuate Collection Set: 0.57ms
[429.243s][info][gc,phases      ] GC(1069)   Other: 0.09ms
[429.243s][info][gc,heap        ] GC(1069) Eden regions: 259->0(233)
[429.243s][info][gc,heap        ] GC(1069) Survivor regions: 11->34(34)
[429.243s][info][gc,heap        ] GC(1069) Old regions: 379->415
[429.243s][info][gc,heap        ] GC(1069) Humongous regions: 4->4
[429.243s][info][gc,metaspace   ] GC(1069) Metaspace: 18980K(19136K)->18980K(19136K) NonClass: 17150K(17280K)->17150K(17280K) Class: 1829K(1856K)->1829K(1856K)
[429.243s][info][gc             ] GC(1069) Pause Young (Prepare Mixed) (G1 Evacuation Pause) 651M->451M(818M) 79.865ms
[429.243s][info][gc,cpu         ] GC(1069) User=0.16s Sys=0.00s Real=0.08s
[429.540s][info][gc,start       ] GC(1070) Pause Young (Mixed) (G1 Evacuation Pause)
[429.540s][info][gc,task        ] GC(1070) Using 2 workers of 2 for evacuation
[429.694s][info][gc,phases      ] GC(1070)   Pre Evacuate Collection Set: 0.51ms
[429.695s][info][gc,phases      ] GC(1070)   Merge Heap Roots: 0.50ms
[429.695s][info][gc,phases      ] GC(1070)   Evacuate Collection Set: 150.66ms
[429.695s][info][gc,phases      ] GC(1070)   Post Evacuate Collection Set: 2.25ms
[429.695s][info][gc,phases      ] GC(1070)   Other: 0.14ms
[429.695s][info][gc,heap        ] GC(1070) Eden regions: 233->0(177)
[429.695s][info][gc,heap        ] GC(1070) Survivor regions: 34->34(34)
[429.695s][info][gc,heap        ] GC(1070) Old regions: 415->482
[429.695s][info][gc,heap        ] GC(1070) Humongous regions: 4->4
[429.695s][info][gc,metaspace   ] GC(1070) Metaspace: 18983K(19136K)->18983K(19136K) NonClass: 17154K(17280K)->17154K(17280K) Class: 1829K(1856K)->1829K(1856K)
[429.695s][info][gc             ] GC(1070) Pause Young (Mixed) (G1 Evacuation Pause) 684M->519M(818M) 154.328ms
[429.695s][info][gc,cpu         ] GC(1070) User=0.30s Sys=0.00s Real=0.15s
[429.807s][info][gc,start       ] GC(1071) Pause Young (Concurrent Start) (G1 Humongous Allocation)
[429.807s][info][gc,task        ] GC(1071) Using 2 workers of 2 for evacuation
[429.885s][info][gc,phases      ] GC(1071)   Pre Evacuate Collection Set: 0.33ms
[429.885s][info][gc,phases      ] GC(1071)   Merge Heap Roots: 0.42ms
[429.885s][info][gc,phases      ] GC(1071)   Evacuate Collection Set: 76.22ms
[429.885s][info][gc,phases      ] GC(1071)   Post Evacuate Collection Set: 0.60ms
[429.885s][info][gc,phases      ] GC(1071)   Other: 0.14ms
[429.885s][info][gc,heap        ] GC(1071) Eden regions: 77->0(133)
[429.885s][info][gc,heap        ] GC(1071) Survivor regions: 34->26(27)
[429.885s][info][gc,heap        ] GC(1071) Old regions: 482->517
[429.885s][info][gc,heap        ] GC(1071) Humongous regions: 4->4
[429.885s][info][gc,metaspace   ] GC(1071) Metaspace: 18989K(19136K)->18989K(19136K) NonClass: 17159K(17280K)->17159K(17280K) Class: 1829K(1856K)->1829K(1856K)
[429.885s][info][gc             ] GC(1071) Pause Young (Concurrent Start) (G1 Humongous Allocation) 596M->545M(818M) 78.020ms
[429.885s][info][gc,cpu         ] GC(1071) User=0.15s Sys=0.00s Real=0.08s
[429.885s][info][gc             ] GC(1072) Concurrent Mark Cycle
[429.886s][info][gc,marking     ] GC(1072) Concurrent Scan Root Regions
[429.966s][info][gc,marking     ] GC(1072) Concurrent Scan Root Regions 80.886ms
[429.967s][info][gc,marking     ] GC(1072) Concurrent Mark
[429.967s][info][gc,marking     ] GC(1072) Concurrent Mark From Roots
[429.967s][info][gc,task        ] GC(1072) Using 1 workers of 1 for marking
[430.080s][info][gc,start       ] GC(1073) Pause Young (Normal) (G1 Evacuation Pause)
[430.080s][info][gc,task        ] GC(1073) Using 2 workers of 2 for evacuation
[430.129s][info][gc,phases      ] GC(1073)   Pre Evacuate Collection Set: 0.31ms
[430.129s][info][gc,phases      ] GC(1073)   Merge Heap Roots: 0.34ms
[430.129s][info][gc,phases      ] GC(1073)   Evacuate Collection Set: 46.90ms
[430.129s][info][gc,phases      ] GC(1073)   Post Evacuate Collection Set: 1.09ms
[430.129s][info][gc,phases      ] GC(1073)   Other: 0.16ms
[430.129s][info][gc,heap        ] GC(1073) Eden regions: 133->0(176)
[430.129s][info][gc,heap        ] GC(1073) Survivor regions: 26->11(20)
[430.129s][info][gc,heap        ] GC(1073) Old regions: 517->539
[430.129s][info][gc,heap        ] GC(1073) Humongous regions: 5->5
[430.129s][info][gc,metaspace   ] GC(1073) Metaspace: 18990K(19136K)->18990K(19136K) NonClass: 17160K(17280K)->17160K(17280K) Class: 1829K(1856K)->1829K(1856K)
[430.129s][info][gc             ] GC(1073) Pause Young (Normal) (G1 Evacuation Pause) 679M->554M(882M) 49.077ms
[430.129s][info][gc,cpu         ] GC(1073) User=0.09s Sys=0.00s Real=0.05s
[430.364s][info][gc,start       ] GC(1074) Pause Young (Normal) (G1 Evacuation Pause)
[430.364s][info][gc,task        ] GC(1074) Using 2 workers of 2 for evacuation
[430.394s][info][gc,phases      ] GC(1074)   Pre Evacuate Collection Set: 0.51ms
[430.394s][info][gc,phases      ] GC(1074)   Merge Heap Roots: 0.20ms
[430.394s][info][gc,phases      ] GC(1074)   Evacuate Collection Set: 29.18ms
[430.394s][info][gc,phases      ] GC(1074)   Post Evacuate Collection Set: 0.49ms
[430.394s][info][gc,phases      ] GC(1074)   Other: 0.09ms
[430.394s][info][gc,heap        ] GC(1074) Eden regions: 176->0(184)
[430.394s][info][gc,heap        ] GC(1074) Survivor regions: 11->21(24)
[430.394s][info][gc,heap        ] GC(1074) Old regions: 539->539
[430.394s][info][gc,heap        ] GC(1074) Humongous regions: 5->5
[430.394s][info][gc,metaspace   ] GC(1074) Metaspace: 18990K(19136K)->18990K(19136K) NonClass: 17160K(17280K)->17160K(17280K) Class: 1829K(1856K)->1829K(1856K)
[430.394s][info][gc             ] GC(1074) Pause Young (Normal) (G1 Evacuation Pause) 730M->563M(882M) 30.743ms
[430.394s][info][gc,cpu         ] GC(1074) User=0.05s Sys=0.01s Real=0.03s
[430.727s][info][gc,start       ] GC(1075) Pause Young (Normal) (G1 Evacuation Pause)
[430.727s][info][gc,task        ] GC(1075) Using 2 workers of 2 for evacuation
[430.788s][info][gc,phases      ] GC(1075)   Pre Evacuate Collection Set: 0.31ms
[430.788s][info][gc,phases      ] GC(1075)   Merge Heap Roots: 0.12ms
[430.788s][info][gc,phases      ] GC(1075)   Evacuate Collection Set: 59.89ms
[430.788s][info][gc,phases      ] GC(1075)   Post Evacuate Collection Set: 0.69ms
[430.788s][info][gc,phases      ] GC(1075)   Other: 0.09ms
[430.788s][info][gc,heap        ] GC(1075) Eden regions: 184->0(167)
[430.788s][info][gc,heap        ] GC(1075) Survivor regions: 21->26(26)
[430.788s][info][gc,heap        ] GC(1075) Old regions: 539->569
[430.788s][info][gc,heap        ] GC(1075) Humongous regions: 5->5
[430.788s][info][gc,metaspace   ] GC(1075) Metaspace: 18990K(19136K)->18990K(19136K) NonClass: 17161K(17280K)->17161K(17280K) Class: 1829K(1856K)->1829K(1856K)
[430.788s][info][gc             ] GC(1075) Pause Young (Normal) (G1 Evacuation Pause) 747M->599M(882M) 61.360ms
[430.788s][info][gc,cpu         ] GC(1075) User=0.12s Sys=0.00s Real=0.06s
[431.154s][info][gc,start       ] GC(1076) Pause Young (Normal) (G1 Evacuation Pause)
[431.154s][info][gc,task        ] GC(1076) Using 2 workers of 2 for evacuation
[431.233s][info][gc,phases      ] GC(1076)   Pre Evacuate Collection Set: 0.53ms
[431.233s][info][gc,phases      ] GC(1076)   Merge Heap Roots: 0.35ms
[431.233s][info][gc,phases      ] GC(1076)   Evacuate Collection Set: 77.45ms
[431.233s][info][gc,phases      ] GC(1076)   Post Evacuate Collection Set: 0.59ms
[431.233s][info][gc,phases      ] GC(1076)   Other: 0.09ms
[431.233s][info][gc,heap        ] GC(1076) Eden regions: 167->0(146)
[431.233s][info][gc,heap        ] GC(1076) Survivor regions: 26->25(25)
[431.233s][info][gc,heap        ] GC(1076) Old regions: 569->606
[431.233s][info][gc,heap        ] GC(1076) Humongous regions: 5->5
[431.233s][info][gc,metaspace   ] GC(1076) Metaspace: 18990K(19136K)->18990K(19136K) NonClass: 17161K(17280K)->17161K(17280K) Class: 1829K(1856K)->1829K(1856K)
[431.233s][info][gc             ] GC(1076) Pause Young (Normal) (G1 Evacuation Pause) 766M->635M(882M) 79.242ms
[431.233s][info][gc,cpu         ] GC(1076) User=0.15s Sys=0.00s Real=0.08s
[431.428s][info][gc,start       ] GC(1077) Pause Young (Normal) (G1 Evacuation Pause)
[431.428s][info][gc,task        ] GC(1077) Using 2 workers of 2 for evacuation
[431.497s][info][gc,phases      ] GC(1077)   Pre Evacuate Collection Set: 0.50ms
[431.497s][info][gc,phases      ] GC(1077)   Merge Heap Roots: 0.32ms
[431.497s][info][gc,phases      ] GC(1077)   Evacuate Collection Set: 66.92ms
[431.497s][info][gc,phases      ] GC(1077)   Post Evacuate Collection Set: 0.74ms
[431.497s][info][gc,phases      ] GC(1077)   Other: 0.10ms
[431.497s][info][gc,heap        ] GC(1077) Eden regions: 146->0(134)
[431.497s][info][gc,heap        ] GC(1077) Survivor regions: 25->22(22)
[431.497s][info][gc,heap        ] GC(1077) Old regions: 606->642
[431.497s][info][gc,heap        ] GC(1077) Humongous regions: 5->5
[431.497s][info][gc,metaspace   ] GC(1077) Metaspace: 18990K(19136K)->18990K(19136K) NonClass: 17161K(17280K)->17161K(17280K) Class: 1829K(1856K)->1829K(1856K)
[431.497s][info][gc             ] GC(1077) Pause Young (Normal) (G1 Evacuation Pause) 781M->668M(902M) 68.855ms
[431.497s][info][gc,cpu         ] GC(1077) User=0.13s Sys=0.00s Real=0.07s
[431.602s][info][gc,marking     ] GC(1072) Concurrent Mark From Roots 1635.484ms
[431.602s][info][gc,marking     ] GC(1072) Concurrent Preclean
[431.602s][info][gc,marking     ] GC(1072) Concurrent Preclean 0.043ms
[431.602s][info][gc,start       ] GC(1072) Pause Remark
[431.612s][info][gc             ] GC(1072) Pause Remark 718M->650M(978M) 9.789ms
[431.612s][info][gc,cpu         ] GC(1072) User=0.01s Sys=0.00s Real=0.01s
[431.617s][info][gc,marking     ] GC(1072) Concurrent Mark 1650.295ms
[431.617s][info][gc,marking     ] GC(1072) Concurrent Rebuild Remembered Sets and Scrub Regions
[431.754s][info][gc,start       ] GC(1078) Pause Young (Normal) (G1 Evacuation Pause)
[431.754s][info][gc,task        ] GC(1078) Using 2 workers of 2 for evacuation
[431.874s][info][gc,phases      ] GC(1078)   Pre Evacuate Collection Set: 0.31ms
[431.874s][info][gc,phases      ] GC(1078)   Merge Heap Roots: 0.40ms
[431.874s][info][gc,phases      ] GC(1078)   Evacuate Collection Set: 118.33ms
[431.874s][info][gc,phases      ] GC(1078)   Post Evacuate Collection Set: 0.70ms
[431.874s][info][gc,phases      ] GC(1078)   Other: 0.11ms
[431.874s][info][gc,heap        ] GC(1078) Eden regions: 134->0(169)
[431.874s][info][gc,heap        ] GC(1078) Survivor regions: 22->20(20)
[431.874s][info][gc,heap        ] GC(1078) Old regions: 575->640
[431.874s][info][gc,heap        ] GC(1078) Humongous regions: 7->7
[431.874s][info][gc,metaspace   ] GC(1078) Metaspace: 18991K(19136K)->18991K(19136K) NonClass: 17161K(17280K)->17161K(17280K) Class: 1829K(1856K)->1829K(1856K)
[431.874s][info][gc             ] GC(1078) Pause Young (Normal) (G1 Evacuation Pause) 737M->666M(978M) 120.102ms
[431.874s][info][gc,cpu         ] GC(1078) User=0.23s Sys=0.01s Real=0.12s
[432.133s][info][gc,start       ] GC(1079) Pause Young (Normal) (G1 Evacuation Pause)
[432.133s][info][gc,task        ] GC(1079) Using 2 workers of 2 for evacuation
[432.234s][info][gc,phases      ] GC(1079)   Pre Evacuate Collection Set: 0.55ms
[432.235s][info][gc,phases      ] GC(1079)   Merge Heap Roots: 0.49ms
[432.235s][info][gc,phases      ] GC(1079)   Evacuate Collection Set: 99.30ms
[432.235s][info][gc,phases      ] GC(1079)   Post Evacuate Collection Set: 0.66ms
[432.235s][info][gc,phases      ] GC(1079)   Other: 0.09ms
[432.235s][info][gc,heap        ] GC(1079) Eden regions: 169->0(132)
[432.235s][info][gc,heap        ] GC(1079) Survivor regions: 20->24(24)
[432.235s][info][gc,heap        ] GC(1079) Old regions: 640->693
[432.235s][info][gc,heap        ] GC(1079) Humongous regions: 7->7
[432.235s][info][gc,metaspace   ] GC(1079) Metaspace: 18991K(19136K)->18991K(19136K) NonClass: 17161K(17280K)->17161K(17280K) Class: 1829K(1856K)->1829K(1856K)
[432.235s][info][gc             ] GC(1079) Pause Young (Normal) (G1 Evacuation Pause) 835M->722M(978M) 101.346ms
[432.235s][info][gc,cpu         ] GC(1079) User=0.19s Sys=0.01s Real=0.10s
[432.368s][info][gc,marking     ] GC(1072) Concurrent Rebuild Remembered Sets and Scrub Regions 751.020ms
[432.368s][info][gc,start       ] GC(1072) Pause Cleanup
[432.368s][info][gc             ] GC(1072) Pause Cleanup 849M->849M(978M) 0.139ms
[432.368s][info][gc,cpu         ] GC(1072) User=0.00s Sys=0.00s Real=0.01s
[432.369s][info][gc,marking     ] GC(1072) Concurrent Clear Claimed Marks
[432.369s][info][gc,marking     ] GC(1072) Concurrent Clear Claimed Marks 0.045ms
[432.369s][info][gc,marking     ] GC(1072) Concurrent Cleanup for Next Mark
[432.374s][info][gc,marking     ] GC(1072) Concurrent Cleanup for Next Mark 5.047ms
[432.374s][info][gc             ] GC(1072) Concurrent Mark Cycle 2488.792ms
[432.375s][info][gc,start       ] GC(1080) Pause Young (Prepare Mixed) (G1 Evacuation Pause)
[432.375s][info][gc,task        ] GC(1080) Using 2 workers of 2 for evacuation
[432.428s][info][gc,phases      ] GC(1080)   Pre Evacuate Collection Set: 0.29ms
[432.428s][info][gc,phases      ] GC(1080)   Merge Heap Roots: 0.76ms
[432.428s][info][gc,phases      ] GC(1080)   Evacuate Collection Set: 51.91ms
[432.429s][info][gc,phases      ] GC(1080)   Post Evacuate Collection Set: 0.50ms
[432.429s][info][gc,phases      ] GC(1080)   Other: 0.08ms
[432.429s][info][gc,heap        ] GC(1080) Eden regions: 132->0(136)
[432.429s][info][gc,heap        ] GC(1080) Survivor regions: 24->14(20)
[432.429s][info][gc,heap        ] GC(1080) Old regions: 693->717
[432.429s][info][gc,heap        ] GC(1080) Humongous regions: 7->7
[432.429s][info][gc,metaspace   ] GC(1080) Metaspace: 18991K(19136K)->18991K(19136K) NonClass: 17161K(17280K)->17161K(17280K) Class: 1829K(1856K)->1829K(1856K)
[432.429s][info][gc             ] GC(1080) Pause Young (Prepare Mixed) (G1 Evacuation Pause) 854M->736M(978M) 53.825ms
[432.429s][info][gc,cpu         ] GC(1080) User=0.11s Sys=0.00s Real=0.06s
[432.568s][info][gc,start       ] GC(1081) Pause Young (Mixed) (G1 Evacuation Pause)
[432.568s][info][gc,task        ] GC(1081) Using 2 workers of 2 for evacuation
[432.626s][info][gc,phases      ] GC(1081)   Pre Evacuate Collection Set: 0.55ms
[432.626s][info][gc,phases      ] GC(1081)   Merge Heap Roots: 0.44ms
[432.626s][info][gc,phases      ] GC(1081)   Evacuate Collection Set: 56.41ms
[432.626s][info][gc,phases      ] GC(1081)   Post Evacuate Collection Set: 0.55ms
[432.626s][info][gc,phases      ] GC(1081)   Other: 0.08ms
[432.626s][info][gc,heap        ] GC(1081) Eden regions: 136->0(139)
[432.626s][info][gc,heap        ] GC(1081) Survivor regions: 14->19(19)
[432.626s][info][gc,heap        ] GC(1081) Old regions: 717->715
[432.626s][info][gc,heap        ] GC(1081) Humongous regions: 8->8
[432.626s][info][gc,metaspace   ] GC(1081) Metaspace: 18991K(19136K)->18991K(19136K) NonClass: 17161K(17280K)->17161K(17280K) Class: 1829K(1856K)->1829K(1856K)
[432.626s][info][gc             ] GC(1081) Pause Young (Mixed) (G1 Evacuation Pause) 873M->741M(978M) 58.268ms
[432.626s][info][gc,cpu         ] GC(1081) User=0.12s Sys=0.00s Real=0.06s
[432.640s][info][gc,start       ] GC(1082) Pause Young (Concurrent Start) (G1 Humongous Allocation)
[432.640s][info][gc,task        ] GC(1082) Using 2 workers of 2 for evacuation
[432.682s][info][gc,phases      ] GC(1082)   Pre Evacuate Collection Set: 0.40ms
[432.682s][info][gc,phases      ] GC(1082)   Merge Heap Roots: 0.28ms
[432.682s][info][gc,phases      ] GC(1082)   Evacuate Collection Set: 40.88ms
[432.683s][info][gc,phases      ] GC(1082)   Post Evacuate Collection Set: 0.42ms
[432.683s][info][gc,phases      ] GC(1082)   Other: 0.12ms
[432.683s][info][gc,heap        ] GC(1082) Eden regions: 22->0(122)
[432.683s][info][gc,heap        ] GC(1082) Survivor regions: 19->5(20)
[432.683s][info][gc,heap        ] GC(1082) Old regions: 715->735
[432.683s][info][gc,heap        ] GC(1082) Humongous regions: 8->8
[432.683s][info][gc,metaspace   ] GC(1082) Metaspace: 18991K(19136K)->18991K(19136K) NonClass: 17161K(17280K)->17161K(17280K) Class: 1829K(1856K)->1829K(1856K)
[432.683s][info][gc             ] GC(1082) Pause Young (Concurrent Start) (G1 Humongous Allocation) 762M->746M(978M) 42.409ms
[432.683s][info][gc,cpu         ] GC(1082) User=0.08s Sys=0.00s Real=0.04s
[432.683s][info][gc             ] GC(1083) Concurrent Mark Cycle
[432.683s][info][gc,marking     ] GC(1083) Concurrent Scan Root Regions
[432.753s][info][gc,marking     ] GC(1083) Concurrent Scan Root Regions 69.888ms
[432.753s][info][gc,marking     ] GC(1083) Concurrent Mark
[432.753s][info][gc,marking     ] GC(1083) Concurrent Mark From Roots
[432.753s][info][gc,task        ] GC(1083) Using 1 workers of 1 for marking
[432.856s][info][gc,start       ] GC(1084) Pause Young (Normal) (G1 Evacuation Pause)
[432.857s][info][gc,task        ] GC(1084) Using 2 workers of 2 for evacuation
[432.880s][info][gc,phases      ] GC(1084)   Pre Evacuate Collection Set: 0.52ms
[432.880s][info][gc,phases      ] GC(1084)   Merge Heap Roots: 0.25ms
[432.880s][info][gc,phases      ] GC(1084)   Evacuate Collection Set: 22.38ms
[432.880s][info][gc,phases      ] GC(1084)   Post Evacuate Collection Set: 0.42ms
[432.880s][info][gc,phases      ] GC(1084)   Other: 0.12ms
[432.880s][info][gc,heap        ] GC(1084) Eden regions: 122->0(127)
[432.880s][info][gc,heap        ] GC(1084) Survivor regions: 5->12(16)
[432.880s][info][gc,heap        ] GC(1084) Old regions: 735->735
[432.880s][info][gc,heap        ] GC(1084) Humongous regions: 10->10
[432.880s][info][gc,metaspace   ] GC(1084) Metaspace: 18991K(19136K)->18991K(19136K) NonClass: 17161K(17280K)->17161K(17280K) Class: 1829K(1856K)->1829K(1856K)
[432.880s][info][gc             ] GC(1084) Pause Young (Normal) (G1 Evacuation Pause) 870M->755M(978M) 23.984ms
[432.880s][info][gc,cpu         ] GC(1084) User=0.04s Sys=0.00s Real=0.03s
[433.056s][info][gc,start       ] GC(1085) Pause Young (Normal) (G1 Evacuation Pause)
[433.056s][info][gc,task        ] GC(1085) Using 2 workers of 2 for evacuation
[433.096s][info][gc,phases      ] GC(1085)   Pre Evacuate Collection Set: 0.32ms
[433.096s][info][gc,phases      ] GC(1085)   Merge Heap Roots: 0.24ms
[433.096s][info][gc,phases      ] GC(1085)   Evacuate Collection Set: 38.73ms
[433.096s][info][gc,phases      ] GC(1085)   Post Evacuate Collection Set: 0.43ms
[433.096s][info][gc,phases      ] GC(1085)   Other: 0.12ms
[433.096s][info][gc,heap        ] GC(1085) Eden regions: 127->0(128)
[433.096s][info][gc,heap        ] GC(1085) Survivor regions: 12->18(18)
[433.096s][info][gc,heap        ] GC(1085) Old regions: 735->741
[433.096s][info][gc,heap        ] GC(1085) Humongous regions: 10->10
[433.096s][info][gc,metaspace   ] GC(1085) Metaspace: 18991K(19136K)->18991K(19136K) NonClass: 17161K(17280K)->17161K(17280K) Class: 1829K(1856K)->1829K(1856K)
[433.096s][info][gc             ] GC(1085) Pause Young (Normal) (G1 Evacuation Pause) 882M->767M(978M) 40.109ms
[433.096s][info][gc,cpu         ] GC(1085) User=0.08s Sys=0.00s Real=0.04s
[433.240s][info][gc,start       ] GC(1086) Pause Young (Normal) (G1 Evacuation Pause)
[433.240s][info][gc,task        ] GC(1086) Using 2 workers of 2 for evacuation
[433.286s][info][gc,phases      ] GC(1086)   Pre Evacuate Collection Set: 0.29ms
[433.286s][info][gc,phases      ] GC(1086)   Merge Heap Roots: 0.22ms
[433.286s][info][gc,phases      ] GC(1086)   Evacuate Collection Set: 44.32ms
[433.286s][info][gc,phases      ] GC(1086)   Post Evacuate Collection Set: 0.42ms
[433.286s][info][gc,phases      ] GC(1086)   Other: 0.11ms
[433.286s][info][gc,heap        ] GC(1086) Eden regions: 128->0(125)
[433.286s][info][gc,heap        ] GC(1086) Survivor regions: 18->14(19)
[433.286s][info][gc,heap        ] GC(1086) Old regions: 741->759
[433.286s][info][gc,heap        ] GC(1086) Humongous regions: 10->10
[433.286s][info][gc,metaspace   ] GC(1086) Metaspace: 18991K(19136K)->18991K(19136K) NonClass: 17161K(17280K)->17161K(17280K) Class: 1829K(1856K)->1829K(1856K)
[433.286s][info][gc             ] GC(1086) Pause Young (Normal) (G1 Evacuation Pause) 895M->781M(978M) 45.614ms
[433.286s][info][gc,cpu         ] GC(1086) User=0.09s Sys=0.00s Real=0.04s
[433.484s][info][gc,start       ] GC(1087) Pause Young (Normal) (G1 Evacuation Pause)
[433.484s][info][gc,task        ] GC(1087) Using 2 workers of 2 for evacuation
[433.522s][info][gc,phases      ] GC(1087)   Pre Evacuate Collection Set: 0.51ms
[433.522s][info][gc,phases      ] GC(1087)   Merge Heap Roots: 0.20ms
[433.522s][info][gc,phases      ] GC(1087)   Evacuate Collection Set: 36.37ms
[433.522s][info][gc,phases      ] GC(1087)   Post Evacuate Collection Set: 0.37ms
[433.522s][info][gc,phases      ] GC(1087)   Other: 0.07ms
[433.522s][info][gc,heap        ] GC(1087) Eden regions: 125->0(109)
[433.522s][info][gc,heap        ] GC(1087) Survivor regions: 14->18(18)
[433.522s][info][gc,heap        ] GC(1087) Old regions: 759->773
[433.522s][info][gc,heap        ] GC(1087) Humongous regions: 10->10
[433.522s][info][gc,metaspace   ] GC(1087) Metaspace: 18991K(19136K)->18991K(19136K) NonClass: 17161K(17280K)->17161K(17280K) Class: 1829K(1856K)->1829K(1856K)
[433.522s][info][gc             ] GC(1087) Pause Young (Normal) (G1 Evacuation Pause) 906M->800M(978M) 37.734ms
[433.522s][info][gc,cpu         ] GC(1087) User=0.07s Sys=0.00s Real=0.04s
[433.561s][info][gc,marking     ] GC(1083) Concurrent Mark From Roots 808.365ms
[433.561s][info][gc,marking     ] GC(1083) Concurrent Preclean
[433.561s][info][gc,marking     ] GC(1083) Concurrent Preclean 0.043ms
[433.561s][info][gc,start       ] GC(1083) Pause Remark
[433.570s][info][gc             ] GC(1083) Pause Remark 819M->426M(978M) 8.464ms
[433.570s][info][gc,cpu         ] GC(1083) User=0.02s Sys=0.00s Real=0.01s
[433.570s][info][gc,marking     ] GC(1083) Concurrent Mark 817.191ms
[433.570s][info][gc,marking     ] GC(1083) Concurrent Rebuild Remembered Sets and Scrub Regions
[433.645s][info][gc,start       ] GC(1088) Pause Young (Normal) (G1 Evacuation Pause)
[433.645s][info][gc,task        ] GC(1088) Using 2 workers of 2 for evacuation
[433.683s][info][gc,phases      ] GC(1088)   Pre Evacuate Collection Set: 0.51ms
[433.683s][info][gc,phases      ] GC(1088)   Merge Heap Roots: 0.18ms
[433.683s][info][gc,phases      ] GC(1088)   Evacuate Collection Set: 36.74ms
[433.683s][info][gc,phases      ] GC(1088)   Post Evacuate Collection Set: 0.43ms
[433.683s][info][gc,phases      ] GC(1088)   Other: 0.08ms
[433.683s][info][gc,heap        ] GC(1088) Eden regions: 109->0(315)
[433.683s][info][gc,heap        ] GC(1088) Survivor regions: 18->15(16)
[433.683s][info][gc,heap        ] GC(1088) Old regions: 385->403
[433.683s][info][gc,heap        ] GC(1088) Humongous regions: 5->5
[433.683s][info][gc,metaspace   ] GC(1088) Metaspace: 18991K(19136K)->18991K(19136K) NonClass: 17161K(17280K)->17161K(17280K) Class: 1829K(1856K)->1829K(1856K)
[433.683s][info][gc             ] GC(1088) Pause Young (Normal) (G1 Evacuation Pause) 516M->422M(978M) 38.199ms
[433.683s][info][gc,cpu         ] GC(1088) User=0.08s Sys=0.00s Real=0.04s
[433.899s][info][gc,marking     ] GC(1083) Concurrent Rebuild Remembered Sets and Scrub Regions 328.626ms
[433.899s][info][gc,start       ] GC(1083) Pause Cleanup
[433.899s][info][gc             ] GC(1083) Pause Cleanup 581M->581M(978M) 0.153ms
[433.899s][info][gc,cpu         ] GC(1083) User=0.00s Sys=0.00s Real=0.00s
[433.899s][info][gc,marking     ] GC(1083) Concurrent Clear Claimed Marks
[433.899s][info][gc,marking     ] GC(1083) Concurrent Clear Claimed Marks 0.043ms
[433.899s][info][gc,marking     ] GC(1083) Concurrent Cleanup for Next Mark
[433.904s][info][gc,marking     ] GC(1083) Concurrent Cleanup for Next Mark 4.979ms
[433.904s][info][gc             ] GC(1083) Concurrent Mark Cycle 1221.370ms
[434.142s][info][gc,start       ] GC(1089) Pause Young (Prepare Mixed) (G1 Evacuation Pause)
[434.142s][info][gc,task        ] GC(1089) Using 2 workers of 2 for evacuation
[434.179s][info][gc,phases      ] GC(1089)   Pre Evacuate Collection Set: 0.47ms
[434.179s][info][gc,phases      ] GC(1089)   Merge Heap Roots: 0.47ms
[434.179s][info][gc,phases      ] GC(1089)   Evacuate Collection Set: 35.50ms
[434.179s][info][gc,phases      ] GC(1089)   Post Evacuate Collection Set: 0.64ms
[434.179s][info][gc,phases      ] GC(1089)   Other: 0.10ms
[434.179s][info][gc,heap        ] GC(1089) Eden regions: 315->0(334)
[434.179s][info][gc,heap        ] GC(1089) Survivor regions: 15->26(42)
[434.179s][info][gc,heap        ] GC(1089) Old regions: 403->403
[434.179s][info][gc,heap        ] GC(1089) Humongous regions: 5->5
[434.179s][info][gc,metaspace   ] GC(1089) Metaspace: 18991K(19136K)->18991K(19136K) NonClass: 17161K(17280K)->17161K(17280K) Class: 1829K(1856K)->1829K(1856K)
[434.179s][info][gc             ] GC(1089) Pause Young (Prepare Mixed) (G1 Evacuation Pause) 737M->433M(978M) 37.411ms
[434.179s][info][gc,cpu         ] GC(1089) User=0.08s Sys=0.00s Real=0.04s
[434.935s][info][gc,start       ] GC(1090) Pause Young (Mixed) (G1 Evacuation Pause)
[434.935s][info][gc,task        ] GC(1090) Using 2 workers of 2 for evacuation
[434.991s][info][gc,phases      ] GC(1090)   Pre Evacuate Collection Set: 0.37ms
[434.991s][info][gc,phases      ] GC(1090)   Merge Heap Roots: 0.38ms
[434.991s][info][gc,phases      ] GC(1090)   Evacuate Collection Set: 54.76ms
[434.991s][info][gc,phases      ] GC(1090)   Post Evacuate Collection Set: 0.72ms
[434.991s][info][gc,phases      ] GC(1090)   Other: 0.10ms
[434.991s][info][gc,heap        ] GC(1090) Eden regions: 334->0(382)
[434.991s][info][gc,heap        ] GC(1090) Survivor regions: 26->31(45)
[434.991s][info][gc,heap        ] GC(1090) Old regions: 403->347
[434.991s][info][gc,heap        ] GC(1090) Humongous regions: 5->5
[434.991s][info][gc,metaspace   ] GC(1090) Metaspace: 18991K(19136K)->18991K(19136K) NonClass: 17161K(17280K)->17161K(17280K) Class: 1829K(1856K)->1829K(1856K)
[434.991s][info][gc             ] GC(1090) Pause Young (Mixed) (G1 Evacuation Pause) 767M->381M(978M) 56.657ms
[434.991s][info][gc,cpu         ] GC(1090) User=0.11s Sys=0.00s Real=0.06s
[435.856s][info][gc,start       ] GC(1091) Pause Young (Concurrent Start) (G1 Evacuation Pause)
[435.857s][info][gc,task        ] GC(1091) Using 2 workers of 2 for evacuation
[435.908s][info][gc,phases      ] GC(1091)   Pre Evacuate Collection Set: 0.33ms
[435.908s][info][gc,phases      ] GC(1091)   Merge Heap Roots: 0.55ms
[435.908s][info][gc,phases      ] GC(1091)   Evacuate Collection Set: 49.51ms
[435.908s][info][gc,phases      ] GC(1091)   Post Evacuate Collection Set: 0.65ms
[435.908s][info][gc,phases      ] GC(1091)   Other: 0.15ms
[435.908s][info][gc,heap        ] GC(1091) Eden regions: 382->0(406)
[435.908s][info][gc,heap        ] GC(1091) Survivor regions: 31->24(52)
[435.908s][info][gc,heap        ] GC(1091) Old regions: 347->359
[435.908s][info][gc,heap        ] GC(1091) Humongous regions: 5->5
[435.908s][info][gc,metaspace   ] GC(1091) Metaspace: 18991K(19136K)->18991K(19136K) NonClass: 17161K(17280K)->17161K(17280K) Class: 1829K(1856K)->1829K(1856K)
[435.908s][info][gc             ] GC(1091) Pause Young (Concurrent Start) (G1 Evacuation Pause) 763M->387M(978M) 51.482ms
[435.908s][info][gc             ] GC(1092) Concurrent Mark Cycle
[435.908s][info][gc,marking     ] GC(1092) Concurrent Scan Root Regions
[435.908s][info][gc,cpu         ] GC(1091) User=0.10s Sys=0.00s Real=0.05s
[435.977s][info][gc,marking     ] GC(1092) Concurrent Scan Root Regions 68.879ms
[435.977s][info][gc,marking     ] GC(1092) Concurrent Mark
[435.977s][info][gc,marking     ] GC(1092) Concurrent Mark From Roots
[435.977s][info][gc,task        ] GC(1092) Using 1 workers of 1 for marking
[436.732s][info][gc,start       ] GC(1093) Pause Young (Normal) (G1 Evacuation Pause)
[436.732s][info][gc,task        ] GC(1093) Using 2 workers of 2 for evacuation
[436.852s][info][gc,phases      ] GC(1093)   Pre Evacuate Collection Set: 0.52ms
[436.852s][info][gc,phases      ] GC(1093)   Merge Heap Roots: 0.58ms
[436.852s][info][gc,phases      ] GC(1093)   Evacuate Collection Set: 117.04ms
[436.852s][info][gc,phases      ] GC(1093)   Post Evacuate Collection Set: 1.00ms
[436.852s][info][gc,phases      ] GC(1093)   Other: 0.10ms
[436.852s][info][gc,heap        ] GC(1093) Eden regions: 406->0(345)
[436.852s][info][gc,heap        ] GC(1093) Survivor regions: 24->54(54)
[436.852s][info][gc,heap        ] GC(1093) Old regions: 359->408
[436.852s][info][gc,heap        ] GC(1093) Humongous regions: 5->5
[436.852s][info][gc,metaspace   ] GC(1093) Metaspace: 18991K(19136K)->18991K(19136K) NonClass: 17162K(17280K)->17162K(17280K) Class: 1829K(1856K)->1829K(1856K)
[436.852s][info][gc             ] GC(1093) Pause Young (Normal) (G1 Evacuation Pause) 793M->466M(978M) 119.528ms
[436.852s][info][gc,cpu         ] GC(1093) User=0.24s Sys=0.00s Real=0.12s
[437.050s][info][gc,marking     ] GC(1092) Concurrent Mark From Roots 1072.805ms
[437.050s][info][gc,marking     ] GC(1092) Concurrent Preclean
[437.050s][info][gc,marking     ] GC(1092) Concurrent Preclean 0.039ms
[437.050s][info][gc,start       ] GC(1092) Pause Remark
[437.058s][info][gc             ] GC(1092) Pause Remark 549M->538M(978M) 8.303ms
[437.058s][info][gc,cpu         ] GC(1092) User=0.02s Sys=0.01s Real=0.01s
[437.059s][info][gc,marking     ] GC(1092) Concurrent Mark 1082.378ms
[437.059s][info][gc,marking     ] GC(1092) Concurrent Rebuild Remembered Sets and Scrub Regions
[437.405s][info][gc,marking     ] GC(1092) Concurrent Rebuild Remembered Sets and Scrub Regions 345.860ms
[437.405s][info][gc,start       ] GC(1092) Pause Cleanup
[437.406s][info][gc             ] GC(1092) Pause Cleanup 797M->797M(978M) 0.103ms
[437.406s][info][gc,cpu         ] GC(1092) User=0.00s Sys=0.00s Real=0.00s
[437.406s][info][gc,marking     ] GC(1092) Concurrent Clear Claimed Marks
[437.406s][info][gc,marking     ] GC(1092) Concurrent Clear Claimed Marks 0.031ms
[437.406s][info][gc,marking     ] GC(1092) Concurrent Cleanup for Next Mark
[437.409s][info][gc,marking     ] GC(1092) Concurrent Cleanup for Next Mark 2.896ms
[437.409s][info][gc             ] GC(1092) Concurrent Mark Cycle 1500.593ms
[437.413s][info][gc,start       ] GC(1094) Pause Young (Prepare Mixed) (G1 Evacuation Pause)
[437.414s][info][gc,task        ] GC(1094) Using 2 workers of 2 for evacuation
[437.588s][info][gc,phases      ] GC(1094)   Pre Evacuate Collection Set: 0.28ms
[437.588s][info][gc,phases      ] GC(1094)   Merge Heap Roots: 0.72ms
[437.588s][info][gc,phases      ] GC(1094)   Evacuate Collection Set: 172.26ms
[437.588s][info][gc,phases      ] GC(1094)   Post Evacuate Collection Set: 0.98ms
[437.588s][info][gc,phases      ] GC(1094)   Other: 0.10ms
[437.588s][info][gc,heap        ] GC(1094) Eden regions: 345->0(285)
[437.588s][info][gc,heap        ] GC(1094) Survivor regions: 54->50(50)
[437.588s][info][gc,heap        ] GC(1094) Old regions: 398->485
[437.588s][info][gc,heap        ] GC(1094) Humongous regions: 7->7
[437.588s][info][gc,metaspace   ] GC(1094) Metaspace: 18991K(19136K)->18991K(19136K) NonClass: 17162K(17280K)->17162K(17280K) Class: 1829K(1856K)->1829K(1856K)
[437.588s][info][gc             ] GC(1094) Pause Young (Prepare Mixed) (G1 Evacuation Pause) 803M->541M(978M) 174.549ms
[437.588s][info][gc,cpu         ] GC(1094) User=0.35s Sys=0.00s Real=0.17s
[437.796s][info][gc,start       ] GC(1095) Pause Young (Mixed) (G1 Evacuation Pause)
[437.796s][info][gc,task        ] GC(1095) Using 2 workers of 2 for evacuation
[437.898s][info][gc,phases      ] GC(1095)   Pre Evacuate Collection Set: 0.37ms
[437.898s][info][gc,phases      ] GC(1095)   Merge Heap Roots: 0.59ms
[437.898s][info][gc,phases      ] GC(1095)   Evacuate Collection Set: 100.48ms
[437.898s][info][gc,phases      ] GC(1095)   Post Evacuate Collection Set: 0.66ms
[437.898s][info][gc,phases      ] GC(1095)   Other: 0.11ms
[437.898s][info][gc,heap        ] GC(1095) Eden regions: 285->0(290)
[437.898s][info][gc,heap        ] GC(1095) Survivor regions: 50->18(42)
[437.898s][info][gc,heap        ] GC(1095) Old regions: 485->526
[437.898s][info][gc,heap        ] GC(1095) Humongous regions: 7->7
[437.898s][info][gc,metaspace   ] GC(1095) Metaspace: 19003K(19136K)->19003K(19136K) NonClass: 17174K(17280K)->17174K(17280K) Class: 1829K(1856K)->1829K(1856K)
[437.898s][info][gc             ] GC(1095) Pause Young (Mixed) (G1 Evacuation Pause) 826M->549M(978M) 102.454ms
[437.898s][info][gc,cpu         ] GC(1095) User=0.21s Sys=0.00s Real=0.11s
[438.118s][info][gc,start       ] GC(1096) Pause Young (Mixed) (G1 Evacuation Pause)
[438.118s][info][gc,task        ] GC(1096) Using 2 workers of 2 for evacuation
[438.222s][info][gc,phases      ] GC(1096)   Pre Evacuate Collection Set: 0.31ms
[438.222s][info][gc,phases      ] GC(1096)   Merge Heap Roots: 0.65ms
[438.222s][info][gc,phases      ] GC(1096)   Evacuate Collection Set: 101.74ms
[438.222s][info][gc,phases      ] GC(1096)   Post Evacuate Collection Set: 1.53ms
[438.222s][info][gc,phases      ] GC(1096)   Other: 0.09ms
[438.222s][info][gc,heap        ] GC(1096) Eden regions: 290->0(284)
[438.222s][info][gc,heap        ] GC(1096) Survivor regions: 18->39(39)
[438.222s][info][gc,heap        ] GC(1096) Old regions: 526->528
[438.222s][info][gc,heap        ] GC(1096) Humongous regions: 8->8
[438.222s][info][gc,metaspace   ] GC(1096) Metaspace: 19003K(19136K)->19003K(19136K) NonClass: 17174K(17280K)->17174K(17280K) Class: 1829K(1856K)->1829K(1856K)
[438.222s][info][gc             ] GC(1096) Pause Young (Mixed) (G1 Evacuation Pause) 840M->574M(978M) 104.593ms
[438.223s][info][gc,cpu         ] GC(1096) User=0.20s Sys=0.00s Real=0.11s
[438.427s][info][gc,start       ] GC(1097) Pause Young (Concurrent Start) (G1 Evacuation Pause)
[438.427s][info][gc,task        ] GC(1097) Using 2 workers of 2 for evacuation
[438.496s][info][gc,phases      ] GC(1097)   Pre Evacuate Collection Set: 0.33ms
[438.497s][info][gc,phases      ] GC(1097)   Merge Heap Roots: 0.29ms
[438.497s][info][gc,phases      ] GC(1097)   Evacuate Collection Set: 68.33ms
[438.497s][info][gc,phases      ] GC(1097)   Post Evacuate Collection Set: 0.57ms
[438.497s][info][gc,phases      ] GC(1097)   Other: 0.12ms
[438.497s][info][gc,heap        ] GC(1097) Eden regions: 284->0(283)
[438.497s][info][gc,heap        ] GC(1097) Survivor regions: 39->15(41)
[438.497s][info][gc,heap        ] GC(1097) Old regions: 528->568
[438.497s][info][gc,heap        ] GC(1097) Humongous regions: 8->8
[438.497s][info][gc,metaspace   ] GC(1097) Metaspace: 19003K(19136K)->19003K(19136K) NonClass: 17174K(17280K)->17174K(17280K) Class: 1829K(1856K)->1829K(1856K)
[438.497s][info][gc             ] GC(1097) Pause Young (Concurrent Start) (G1 Evacuation Pause) 858M->589M(978M) 69.895ms
[438.497s][info][gc,cpu         ] GC(1097) User=0.13s Sys=0.00s Real=0.07s
[438.497s][info][gc             ] GC(1098) Concurrent Mark Cycle
[438.497s][info][gc,marking     ] GC(1098) Concurrent Scan Root Regions
[438.598s][info][gc,marking     ] GC(1098) Concurrent Scan Root Regions 100.779ms
[438.598s][info][gc,marking     ] GC(1098) Concurrent Mark
[438.598s][info][gc,marking     ] GC(1098) Concurrent Mark From Roots
[438.598s][info][gc,task        ] GC(1098) Using 1 workers of 1 for marking
[439.434s][info][gc,marking     ] GC(1098) Concurrent Mark From Roots 836.583ms
[439.434s][info][gc,marking     ] GC(1098) Concurrent Preclean
[439.434s][info][gc,marking     ] GC(1098) Concurrent Preclean 0.057ms
[439.434s][info][gc,start       ] GC(1098) Pause Remark
[439.443s][info][gc             ] GC(1098) Pause Remark 856M->788M(978M) 8.863ms
[439.443s][info][gc,cpu         ] GC(1098) User=0.01s Sys=0.00s Real=0.01s
[439.443s][info][gc,marking     ] GC(1098) Concurrent Mark 845.854ms
[439.443s][info][gc,marking     ] GC(1098) Concurrent Rebuild Remembered Sets and Scrub Regions
[439.495s][info][gc,start       ] GC(1099) Pause Young (Normal) (G1 Evacuation Pause)
[439.495s][info][gc,task        ] GC(1099) Using 2 workers of 2 for evacuation
[439.547s][info][gc,phases      ] GC(1099)   Pre Evacuate Collection Set: 0.51ms
[439.547s][info][gc,phases      ] GC(1099)   Merge Heap Roots: 0.30ms
[439.547s][info][gc,phases      ] GC(1099)   Evacuate Collection Set: 50.41ms
[439.547s][info][gc,phases      ] GC(1099)   Post Evacuate Collection Set: 0.58ms
[439.547s][info][gc,phases      ] GC(1099)   Other: 0.09ms
[439.547s][info][gc,heap        ] GC(1099) Eden regions: 283->0(313)
[439.547s][info][gc,heap        ] GC(1099) Survivor regions: 15->38(38)
[439.547s][info][gc,heap        ] GC(1099) Old regions: 503->503
[439.547s][info][gc,heap        ] GC(1099) Humongous regions: 5->5
[439.547s][info][gc,metaspace   ] GC(1099) Metaspace: 19003K(19136K)->19003K(19136K) NonClass: 17174K(17280K)->17174K(17280K) Class: 1829K(1856K)->1829K(1856K)
[439.547s][info][gc             ] GC(1099) Pause Young (Normal) (G1 Evacuation Pause) 804M->545M(978M) 52.166ms
[439.547s][info][gc,cpu         ] GC(1099) User=0.10s Sys=0.00s Real=0.05s
[440.026s][info][gc,marking     ] GC(1098) Concurrent Rebuild Remembered Sets and Scrub Regions 582.002ms
[440.026s][info][gc,start       ] GC(1098) Pause Cleanup
[440.026s][info][gc             ] GC(1098) Pause Cleanup 705M->705M(978M) 0.168ms
[440.026s][info][gc,cpu         ] GC(1098) User=0.00s Sys=0.00s Real=0.00s
[440.026s][info][gc,marking     ] GC(1098) Concurrent Clear Claimed Marks
[440.026s][info][gc,marking     ] GC(1098) Concurrent Clear Claimed Marks 0.040ms
[440.026s][info][gc,marking     ] GC(1098) Concurrent Cleanup for Next Mark
[440.031s][info][gc,marking     ] GC(1098) Concurrent Cleanup for Next Mark 4.941ms
[440.031s][info][gc             ] GC(1098) Concurrent Mark Cycle 1534.309ms
[440.222s][info][gc,start       ] GC(1100) Pause Young (Prepare Mixed) (G1 Evacuation Pause)
[440.222s][info][gc,task        ] GC(1100) Using 2 workers of 2 for evacuation
[440.297s][info][gc,phases      ] GC(1100)   Pre Evacuate Collection Set: 0.51ms
[440.297s][info][gc,phases      ] GC(1100)   Merge Heap Roots: 0.50ms
[440.297s][info][gc,phases      ] GC(1100)   Evacuate Collection Set: 72.96ms
[440.297s][info][gc,phases      ] GC(1100)   Post Evacuate Collection Set: 0.63ms
[440.297s][info][gc,phases      ] GC(1100)   Other: 0.09ms
[440.297s][info][gc,heap        ] GC(1100) Eden regions: 313->0(302)
[440.297s][info][gc,heap        ] GC(1100) Survivor regions: 38->24(44)
[440.297s][info][gc,heap        ] GC(1100) Old regions: 503->541
[440.297s][info][gc,heap        ] GC(1100) Humongous regions: 5->5
[440.297s][info][gc,metaspace   ] GC(1100) Metaspace: 19003K(19136K)->19003K(19136K) NonClass: 17174K(17280K)->17174K(17280K) Class: 1829K(1856K)->1829K(1856K)
[440.297s][info][gc             ] GC(1100) Pause Young (Prepare Mixed) (G1 Evacuation Pause) 858M->569M(978M) 74.953ms
[440.297s][info][gc,cpu         ] GC(1100) User=0.15s Sys=0.00s Real=0.07s
[440.658s][info][gc,start       ] GC(1101) Pause Young (Mixed) (G1 Evacuation Pause)
[440.658s][info][gc,task        ] GC(1101) Using 2 workers of 2 for evacuation
[440.778s][info][gc,phases      ] GC(1101)   Pre Evacuate Collection Set: 0.35ms
[440.778s][info][gc,phases      ] GC(1101)   Merge Heap Roots: 0.42ms
[440.778s][info][gc,phases      ] GC(1101)   Evacuate Collection Set: 116.42ms
[440.778s][info][gc,phases      ] GC(1101)   Post Evacuate Collection Set: 3.10ms
[440.778s][info][gc,phases      ] GC(1101)   Other: 0.11ms
[440.778s][info][gc,heap        ] GC(1101) Eden regions: 302->0(180)
[440.779s][info][gc,heap        ] GC(1101) Survivor regions: 24->41(41)
[440.779s][info][gc,heap        ] GC(1101) Old regions: 541->543
[440.779s][info][gc,heap        ] GC(1101) Humongous regions: 5->5
[440.779s][info][gc,metaspace   ] GC(1101) Metaspace: 19003K(19136K)->19003K(19136K) NonClass: 17174K(17280K)->17174K(17280K) Class: 1829K(1856K)->1829K(1856K)
[440.779s][info][gc             ] GC(1101) Pause Young (Mixed) (G1 Evacuation Pause) (Evacuation Failure: Allocation) 871M->588M(978M) 120.721ms
[440.779s][info][gc,cpu         ] GC(1101) User=0.24s Sys=0.00s Real=0.13s
[441.019s][info][gc,start       ] GC(1102) Pause Young (Mixed) (G1 Evacuation Pause)
[441.019s][info][gc,task        ] GC(1102) Using 2 workers of 2 for evacuation
[441.170s][info][gc,phases      ] GC(1102)   Pre Evacuate Collection Set: 0.33ms
[441.170s][info][gc,phases      ] GC(1102)   Merge Heap Roots: 1.60ms
[441.170s][info][gc,phases      ] GC(1102)   Evacuate Collection Set: 139.57ms
[441.170s][info][gc,phases      ] GC(1102)   Merge Optional Heap Roots: 0.08ms
[441.170s][info][gc,phases      ] GC(1102)   Evacuate Optional Collection Set: 6.69ms
[441.170s][info][gc,phases      ] GC(1102)   Post Evacuate Collection Set: 1.84ms
[441.170s][info][gc,phases      ] GC(1102)   Other: 0.11ms
[441.170s][info][gc,heap        ] GC(1102) Eden regions: 179->0(264)
[441.170s][info][gc,heap        ] GC(1102) Survivor regions: 41->26(28)
[441.170s][info][gc,heap        ] GC(1102) Old regions: 543->548
[441.170s][info][gc,heap        ] GC(1102) Humongous regions: 8->8
[441.170s][info][gc,metaspace   ] GC(1102) Metaspace: 19003K(19136K)->19003K(19136K) NonClass: 17174K(17280K)->17174K(17280K) Class: 1829K(1856K)->1829K(1856K)
[441.170s][info][gc             ] GC(1102) Pause Young (Mixed) (G1 Evacuation Pause) 770M->581M(978M) 150.501ms
[441.170s][info][gc,cpu         ] GC(1102) User=0.30s Sys=0.00s Real=0.15s
[441.462s][info][gc,start       ] GC(1103) Pause Young (Concurrent Start) (G1 Evacuation Pause)
[441.462s][info][gc,task        ] GC(1103) Using 2 workers of 2 for evacuation
[441.558s][info][gc,phases      ] GC(1103)   Pre Evacuate Collection Set: 0.32ms
[441.558s][info][gc,phases      ] GC(1103)   Merge Heap Roots: 0.67ms
[441.558s][info][gc,phases      ] GC(1103)   Evacuate Collection Set: 94.39ms
[441.558s][info][gc,phases      ] GC(1103)   Post Evacuate Collection Set: 0.60ms
[441.558s][info][gc,phases      ] GC(1103)   Other: 0.19ms
[441.558s][info][gc,heap        ] GC(1103) Eden regions: 264->0(245)
[441.558s][info][gc,heap        ] GC(1103) Survivor regions: 26->36(37)
[441.558s][info][gc,heap        ] GC(1103) Old regions: 548->574
[441.558s][info][gc,heap        ] GC(1103) Humongous regions: 8->8
[441.558s][info][gc,metaspace   ] GC(1103) Metaspace: 19003K(19136K)->19003K(19136K) NonClass: 17174K(17280K)->17174K(17280K) Class: 1829K(1856K)->1829K(1856K)
[441.558s][info][gc             ] GC(1103) Pause Young (Concurrent Start) (G1 Evacuation Pause) 845M->617M(978M) 96.491ms
[441.558s][info][gc             ] GC(1104) Concurrent Mark Cycle
[441.558s][info][gc,marking     ] GC(1104) Concurrent Scan Root Regions
[441.558s][info][gc,cpu         ] GC(1103) User=0.19s Sys=0.00s Real=0.10s
[441.666s][info][gc,marking     ] GC(1104) Concurrent Scan Root Regions 107.656ms
[441.666s][info][gc,marking     ] GC(1104) Concurrent Mark
[441.666s][info][gc,marking     ] GC(1104) Concurrent Mark From Roots
[441.666s][info][gc,task        ] GC(1104) Using 1 workers of 1 for marking
[441.948s][info][gc,start       ] GC(1105) Pause Young (Normal) (G1 Evacuation Pause)
[441.948s][info][gc,task        ] GC(1105) Using 2 workers of 2 for evacuation
[442.000s][info][gc,phases      ] GC(1105)   Pre Evacuate Collection Set: 0.31ms
[442.000s][info][gc,phases      ] GC(1105)   Merge Heap Roots: 0.40ms
[442.000s][info][gc,phases      ] GC(1105)   Evacuate Collection Set: 50.34ms
[442.000s][info][gc,phases      ] GC(1105)   Post Evacuate Collection Set: 0.73ms
[442.000s][info][gc,phases      ] GC(1105)   Other: 0.11ms
[442.000s][info][gc,heap        ] GC(1105) Eden regions: 245->0(248)
[442.000s][info][gc,heap        ] GC(1105) Survivor regions: 36->11(36)
[442.000s][info][gc,heap        ] GC(1105) Old regions: 574->610
[442.000s][info][gc,heap        ] GC(1105) Humongous regions: 8->8
[442.000s][info][gc,metaspace   ] GC(1105) Metaspace: 19003K(19136K)->19003K(19136K) NonClass: 17174K(17280K)->17174K(17280K) Class: 1829K(1856K)->1829K(1856K)
[442.000s][info][gc             ] GC(1105) Pause Young (Normal) (G1 Evacuation Pause) 862M->627M(978M) 52.185ms
[442.000s][info][gc,cpu         ] GC(1105) User=0.10s Sys=0.00s Real=0.06s
[442.419s][info][gc,start       ] GC(1106) Pause Young (Normal) (G1 Evacuation Pause)
[442.419s][info][gc,task        ] GC(1106) Using 2 workers of 2 for evacuation
[442.486s][info][gc,phases      ] GC(1106)   Pre Evacuate Collection Set: 0.32ms
[442.486s][info][gc,phases      ] GC(1106)   Merge Heap Roots: 0.18ms
[442.486s][info][gc,phases      ] GC(1106)   Evacuate Collection Set: 65.48ms
[442.486s][info][gc,phases      ] GC(1106)   Post Evacuate Collection Set: 0.72ms
[442.486s][info][gc,phases      ] GC(1106)   Other: 0.13ms
[442.486s][info][gc,heap        ] GC(1106) Eden regions: 248->0(189)
[442.486s][info][gc,heap        ] GC(1106) Survivor regions: 11->33(33)
[442.486s][info][gc,heap        ] GC(1106) Old regions: 610->643
[442.486s][info][gc,heap        ] GC(1106) Humongous regions: 8->8
[442.486s][info][gc,metaspace   ] GC(1106) Metaspace: 19003K(19136K)->19003K(19136K) NonClass: 17174K(17280K)->17174K(17280K) Class: 1829K(1856K)->1829K(1856K)
[442.486s][info][gc             ] GC(1106) Pause Young (Normal) (G1 Evacuation Pause) 875M->683M(978M) 67.080ms
[442.486s][info][gc,cpu         ] GC(1106) User=0.13s Sys=0.00s Real=0.06s
[442.707s][info][gc,marking     ] GC(1104) Concurrent Mark From Roots 1041.322ms
[442.707s][info][gc,marking     ] GC(1104) Concurrent Preclean
[442.707s][info][gc,marking     ] GC(1104) Concurrent Preclean 0.045ms
[442.708s][info][gc,start       ] GC(1104) Pause Remark
[442.716s][info][gc             ] GC(1104) Pause Remark 835M->644M(978M) 8.682ms
[442.716s][info][gc,cpu         ] GC(1104) User=0.02s Sys=0.00s Real=0.01s
[442.716s][info][gc,marking     ] GC(1104) Concurrent Mark 1050.377ms
[442.716s][info][gc,marking     ] GC(1104) Concurrent Rebuild Remembered Sets and Scrub Regions
[442.851s][info][gc,start       ] GC(1107) Pause Young (Normal) (G1 Evacuation Pause)
[442.851s][info][gc,task        ] GC(1107) Using 2 workers of 2 for evacuation
[442.947s][info][gc,phases      ] GC(1107)   Pre Evacuate Collection Set: 0.53ms
[442.947s][info][gc,phases      ] GC(1107)   Merge Heap Roots: 0.88ms
[442.947s][info][gc,phases      ] GC(1107)   Evacuate Collection Set: 94.15ms
[442.947s][info][gc,phases      ] GC(1107)   Post Evacuate Collection Set: 0.52ms
[442.947s][info][gc,phases      ] GC(1107)   Other: 0.12ms
[442.947s][info][gc,heap        ] GC(1107) Eden regions: 189->0(280)
[442.947s][info][gc,heap        ] GC(1107) Survivor regions: 33->28(28)
[442.947s][info][gc,heap        ] GC(1107) Old regions: 456->510
[442.947s][info][gc,heap        ] GC(1107) Humongous regions: 4->4
[442.948s][info][gc,metaspace   ] GC(1107) Metaspace: 19003K(19136K)->19003K(19136K) NonClass: 17174K(17280K)->17174K(17280K) Class: 1829K(1856K)->1829K(1856K)
[442.948s][info][gc             ] GC(1107) Pause Young (Normal) (G1 Evacuation Pause) 681M->541M(978M) 96.526ms
[442.948s][info][gc,cpu         ] GC(1107) User=0.19s Sys=0.01s Real=0.09s
[443.167s][info][gc,marking     ] GC(1104) Concurrent Rebuild Remembered Sets and Scrub Regions 450.832ms
[443.167s][info][gc,start       ] GC(1104) Pause Cleanup
[443.168s][info][gc             ] GC(1104) Pause Cleanup 624M->624M(978M) 0.155ms
[443.168s][info][gc,cpu         ] GC(1104) User=0.00s Sys=0.00s Real=0.00s
[443.168s][info][gc,marking     ] GC(1104) Concurrent Clear Claimed Marks
[443.168s][info][gc,marking     ] GC(1104) Concurrent Clear Claimed Marks 0.039ms
[443.168s][info][gc,marking     ] GC(1104) Concurrent Cleanup for Next Mark
[443.175s][info][gc,marking     ] GC(1104) Concurrent Cleanup for Next Mark 6.948ms
[443.175s][info][gc             ] GC(1104) Concurrent Mark Cycle 1616.474ms
[443.434s][info][gc,start       ] GC(1108) Pause Young (Prepare Mixed) (G1 Evacuation Pause)
[443.434s][info][gc,task        ] GC(1108) Using 2 workers of 2 for evacuation
[443.530s][info][gc,phases      ] GC(1108)   Pre Evacuate Collection Set: 0.31ms
[443.531s][info][gc,phases      ] GC(1108)   Merge Heap Roots: 0.47ms
[443.531s][info][gc,phases      ] GC(1108)   Evacuate Collection Set: 94.53ms
[443.531s][info][gc,phases      ] GC(1108)   Post Evacuate Collection Set: 0.66ms
[443.531s][info][gc,phases      ] GC(1108)   Other: 0.10ms
[443.531s][info][gc,heap        ] GC(1108) Eden regions: 280->0(248)
[443.531s][info][gc,heap        ] GC(1108) Survivor regions: 28->39(39)
[443.531s][info][gc,heap        ] GC(1108) Old regions: 510->545
[443.531s][info][gc,heap        ] GC(1108) Humongous regions: 7->7
[443.531s][info][gc,metaspace   ] GC(1108) Metaspace: 19003K(19136K)->19003K(19136K) NonClass: 17174K(17280K)->17174K(17280K) Class: 1829K(1856K)->1829K(1856K)
[443.531s][info][gc             ] GC(1108) Pause Young (Prepare Mixed) (G1 Evacuation Pause) 824M->590M(978M) 96.328ms
[443.531s][info][gc,cpu         ] GC(1108) User=0.19s Sys=0.00s Real=0.10s
[443.782s][info][gc,start       ] GC(1109) Pause Young (Mixed) (G1 Evacuation Pause)
[443.782s][info][gc,task        ] GC(1109) Using 2 workers of 2 for evacuation
[443.855s][info][gc,phases      ] GC(1109)   Pre Evacuate Collection Set: 0.56ms
[443.855s][info][gc,phases      ] GC(1109)   Merge Heap Roots: 0.47ms
[443.855s][info][gc,phases      ] GC(1109)   Evacuate Collection Set: 71.34ms
[443.855s][info][gc,phases      ] GC(1109)   Post Evacuate Collection Set: 0.56ms
[443.855s][info][gc,phases      ] GC(1109)   Other: 0.09ms
[443.855s][info][gc,heap        ] GC(1109) Eden regions: 248->0(274)
[443.855s][info][gc,heap        ] GC(1109) Survivor regions: 39->16(36)
[443.855s][info][gc,heap        ] GC(1109) Old regions: 545->545
[443.855s][info][gc,heap        ] GC(1109) Humongous regions: 7->7
[443.855s][info][gc,metaspace   ] GC(1109) Metaspace: 19003K(19136K)->19003K(19136K) NonClass: 17174K(17280K)->17174K(17280K) Class: 1829K(1856K)->1829K(1856K)
[443.855s][info][gc             ] GC(1109) Pause Young (Mixed) (G1 Evacuation Pause) 838M->567M(978M) 73.234ms
[443.855s][info][gc,cpu         ] GC(1109) User=0.15s Sys=0.00s Real=0.07s
[444.173s][info][gc,start       ] GC(1110) Pause Young (Concurrent Start) (G1 Evacuation Pause)
[444.173s][info][gc,task        ] GC(1110) Using 2 workers of 2 for evacuation
[444.212s][info][gc,phases      ] GC(1110)   Pre Evacuate Collection Set: 0.29ms
[444.212s][info][gc,phases      ] GC(1110)   Merge Heap Roots: 0.27ms
[444.212s][info][gc,phases      ] GC(1110)   Evacuate Collection Set: 38.34ms
[444.212s][info][gc,phases      ] GC(1110)   Post Evacuate Collection Set: 0.58ms
[444.212s][info][gc,phases      ] GC(1110)   Other: 0.10ms
[444.212s][info][gc,heap        ] GC(1110) Eden regions: 274->0(277)
[444.212s][info][gc,heap        ] GC(1110) Survivor regions: 16->30(37)
[444.212s][info][gc,heap        ] GC(1110) Old regions: 545->545
[444.212s][info][gc,heap        ] GC(1110) Humongous regions: 7->7
[444.212s][info][gc,metaspace   ] GC(1110) Metaspace: 19003K(19136K)->19003K(19136K) NonClass: 17174K(17280K)->17174K(17280K) Class: 1829K(1856K)->1829K(1856K)
[444.212s][info][gc             ] GC(1110) Pause Young (Concurrent Start) (G1 Evacuation Pause) 841M->581M(978M) 39.822ms
[444.212s][info][gc             ] GC(1111) Concurrent Mark Cycle
[444.212s][info][gc,marking     ] GC(1111) Concurrent Scan Root Regions
[444.213s][info][gc,cpu         ] GC(1110) User=0.07s Sys=0.00s Real=0.04s
[444.266s][info][gc,marking     ] GC(1111) Concurrent Scan Root Regions 53.857ms
[444.266s][info][gc,marking     ] GC(1111) Concurrent Mark
[444.266s][info][gc,marking     ] GC(1111) Concurrent Mark From Roots
[444.266s][info][gc,task        ] GC(1111) Using 1 workers of 1 for marking
[445.148s][info][gc,start       ] GC(1112) Pause Young (Normal) (G1 Evacuation Pause)
[445.148s][info][gc,task        ] GC(1112) Using 2 workers of 2 for evacuation
[445.209s][info][gc,phases      ] GC(1112)   Pre Evacuate Collection Set: 0.30ms
[445.209s][info][gc,phases      ] GC(1112)   Merge Heap Roots: 0.32ms
[445.209s][info][gc,phases      ] GC(1112)   Evacuate Collection Set: 59.83ms
[445.209s][info][gc,phases      ] GC(1112)   Post Evacuate Collection Set: 0.58ms
[445.209s][info][gc,phases      ] GC(1112)   Other: 0.12ms
[445.209s][info][gc,heap        ] GC(1112) Eden regions: 277->0(273)
[445.209s][info][gc,heap        ] GC(1112) Survivor regions: 30->33(39)
[445.209s][info][gc,heap        ] GC(1112) Old regions: 545->561
[445.209s][info][gc,heap        ] GC(1112) Humongous regions: 7->7
[445.209s][info][gc,metaspace   ] GC(1112) Metaspace: 19003K(19136K)->19003K(19136K) NonClass: 17174K(17280K)->17174K(17280K) Class: 1829K(1856K)->1829K(1856K)
[445.209s][info][gc             ] GC(1112) Pause Young (Normal) (G1 Evacuation Pause) 858M->600M(978M) 61.423ms
[445.209s][info][gc,cpu         ] GC(1112) User=0.12s Sys=0.00s Real=0.07s
[446.010s][info][gc,marking     ] GC(1111) Concurrent Mark From Roots 1743.766ms
[446.010s][info][gc,marking     ] GC(1111) Concurrent Preclean
[446.010s][info][gc,marking     ] GC(1111) Concurrent Preclean 0.052ms
[446.010s][info][gc,start       ] GC(1111) Pause Remark
[446.019s][info][gc             ] GC(1111) Pause Remark 812M->811M(978M) 8.870ms
[446.019s][info][gc,cpu         ] GC(1111) User=0.01s Sys=0.00s Real=0.01s
[446.019s][info][gc,marking     ] GC(1111) Concurrent Mark 1753.080ms
[446.019s][info][gc,marking     ] GC(1111) Concurrent Rebuild Remembered Sets and Scrub Regions
[446.300s][info][gc,start       ] GC(1113) Pause Young (Normal) (G1 Evacuation Pause)
[446.300s][info][gc,task        ] GC(1113) Using 2 workers of 2 for evacuation
[446.350s][info][gc,phases      ] GC(1113)   Pre Evacuate Collection Set: 0.51ms
[446.350s][info][gc,phases      ] GC(1113)   Merge Heap Roots: 0.41ms
[446.350s][info][gc,phases      ] GC(1113)   Evacuate Collection Set: 47.66ms
[446.350s][info][gc,phases      ] GC(1113)   Post Evacuate Collection Set: 0.58ms
[446.350s][info][gc,phases      ] GC(1113)   Other: 0.10ms
[446.350s][info][gc,heap        ] GC(1113) Eden regions: 273->0(291)
[446.350s][info][gc,heap        ] GC(1113) Survivor regions: 33->19(39)
[446.350s][info][gc,heap        ] GC(1113) Old regions: 561->575
[446.350s][info][gc,heap        ] GC(1113) Humongous regions: 6->6
[446.350s][info][gc,metaspace   ] GC(1113) Metaspace: 19003K(19136K)->19003K(19136K) NonClass: 17174K(17280K)->17174K(17280K) Class: 1829K(1856K)->1829K(1856K)
[446.350s][info][gc             ] GC(1113) Pause Young (Normal) (G1 Evacuation Pause) 872M->599M(978M) 49.525ms
[446.350s][info][gc,cpu         ] GC(1113) User=0.09s Sys=0.00s Real=0.05s
[446.664s][info][gc,marking     ] GC(1111) Concurrent Rebuild Remembered Sets and Scrub Regions 644.621ms
[446.664s][info][gc,start       ] GC(1111) Pause Cleanup
[446.664s][info][gc             ] GC(1111) Pause Cleanup 694M->694M(978M) 0.104ms
[446.664s][info][gc,cpu         ] GC(1111) User=0.00s Sys=0.00s Real=0.00s
[446.664s][info][gc,marking     ] GC(1111) Concurrent Clear Claimed Marks
[446.664s][info][gc,marking     ] GC(1111) Concurrent Clear Claimed Marks 0.033ms
[446.664s][info][gc,marking     ] GC(1111) Concurrent Cleanup for Next Mark
[446.667s][info][gc,marking     ] GC(1111) Concurrent Cleanup for Next Mark 3.023ms
[446.668s][info][gc             ] GC(1111) Concurrent Mark Cycle 2455.069ms
[446.944s][info][gc,start       ] GC(1114) Pause Young (Prepare Mixed) (G1 Evacuation Pause)
[446.945s][info][gc,task        ] GC(1114) Using 2 workers of 2 for evacuation
[447.016s][info][gc,phases      ] GC(1114)   Pre Evacuate Collection Set: 0.34ms
[447.016s][info][gc,phases      ] GC(1114)   Merge Heap Roots: 0.45ms
[447.016s][info][gc,phases      ] GC(1114)   Evacuate Collection Set: 69.50ms
[447.016s][info][gc,phases      ] GC(1114)   Post Evacuate Collection Set: 0.83ms
[447.016s][info][gc,phases      ] GC(1114)   Other: 0.10ms
[447.016s][info][gc,heap        ] GC(1114) Eden regions: 291->0(243)
[447.016s][info][gc,heap        ] GC(1114) Survivor regions: 19->39(39)
[447.016s][info][gc,heap        ] GC(1114) Old regions: 575->596
[447.016s][info][gc,heap        ] GC(1114) Humongous regions: 6->6
[447.016s][info][gc,metaspace   ] GC(1114) Metaspace: 19003K(19136K)->19003K(19136K) NonClass: 17174K(17280K)->17174K(17280K) Class: 1829K(1856K)->1829K(1856K)
[447.016s][info][gc             ] GC(1114) Pause Young (Prepare Mixed) (G1 Evacuation Pause) 890M->640M(978M) 71.485ms
[447.016s][info][gc,cpu         ] GC(1114) User=0.14s Sys=0.00s Real=0.07s
[447.346s][info][gc,start       ] GC(1115) Pause Young (Mixed) (G1 Evacuation Pause)
[447.346s][info][gc,task        ] GC(1115) Using 2 workers of 2 for evacuation
[447.438s][info][gc,phases      ] GC(1115)   Pre Evacuate Collection Set: 0.37ms
[447.438s][info][gc,phases      ] GC(1115)   Merge Heap Roots: 0.49ms
[447.438s][info][gc,phases      ] GC(1115)   Evacuate Collection Set: 89.94ms
[447.438s][info][gc,phases      ] GC(1115)   Post Evacuate Collection Set: 0.69ms
[447.438s][info][gc,phases      ] GC(1115)   Other: 0.13ms
[447.438s][info][gc,heap        ] GC(1115) Eden regions: 243->0(216)
[447.438s][info][gc,heap        ] GC(1115) Survivor regions: 39->36(36)
[447.438s][info][gc,heap        ] GC(1115) Old regions: 596->627
[447.438s][info][gc,heap        ] GC(1115) Humongous regions: 6->6
[447.438s][info][gc,metaspace   ] GC(1115) Metaspace: 19004K(19136K)->19004K(19136K) NonClass: 17174K(17280K)->17174K(17280K) Class: 1829K(1856K)->1829K(1856K)
[447.438s][info][gc             ] GC(1115) Pause Young (Mixed) (G1 Evacuation Pause) 883M->668M(978M) 91.939ms
[447.438s][info][gc,cpu         ] GC(1115) User=0.18s Sys=0.00s Real=0.09s
[447.524s][info][gc,start       ] GC(1116) Pause Young (Concurrent Start) (G1 Humongous Allocation)
[447.524s][info][gc,task        ] GC(1116) Using 2 workers of 2 for evacuation
[447.575s][info][gc,phases      ] GC(1116)   Pre Evacuate Collection Set: 0.35ms
[447.575s][info][gc,phases      ] GC(1116)   Merge Heap Roots: 0.25ms
[447.575s][info][gc,phases      ] GC(1116)   Evacuate Collection Set: 49.60ms
[447.575s][info][gc,phases      ] GC(1116)   Post Evacuate Collection Set: 0.53ms
[447.575s][info][gc,phases      ] GC(1116)   Other: 0.11ms
[447.575s][info][gc,heap        ] GC(1116) Eden regions: 39->0(222)
[447.575s][info][gc,heap        ] GC(1116) Survivor regions: 36->6(32)
[447.575s][info][gc,heap        ] GC(1116) Old regions: 627->663
[447.575s][info][gc,heap        ] GC(1116) Humongous regions: 6->6
[447.575s][info][gc,metaspace   ] GC(1116) Metaspace: 19004K(19136K)->19004K(19136K) NonClass: 17174K(17280K)->17174K(17280K) Class: 1829K(1856K)->1829K(1856K)
[447.575s][info][gc             ] GC(1116) Pause Young (Concurrent Start) (G1 Humongous Allocation) 706M->674M(978M) 51.117ms
[447.575s][info][gc,cpu         ] GC(1116) User=0.10s Sys=0.00s Real=0.05s
[447.575s][info][gc             ] GC(1117) Concurrent Mark Cycle
[447.575s][info][gc,marking     ] GC(1117) Concurrent Scan Root Regions
[447.641s][info][gc,marking     ] GC(1117) Concurrent Scan Root Regions 66.273ms
[447.641s][info][gc,marking     ] GC(1117) Concurrent Mark
[447.641s][info][gc,marking     ] GC(1117) Concurrent Mark From Roots
[447.641s][info][gc,task        ] GC(1117) Using 1 workers of 1 for marking
[448.030s][info][gc,start       ] GC(1118) Pause Young (Normal) (G1 Evacuation Pause)
[448.030s][info][gc,task        ] GC(1118) Using 2 workers of 2 for evacuation
[448.107s][info][gc,phases      ] GC(1118)   Pre Evacuate Collection Set: 0.34ms
[448.107s][info][gc,phases      ] GC(1118)   Merge Heap Roots: 0.29ms
[448.107s][info][gc,phases      ] GC(1118)   Evacuate Collection Set: 75.86ms
[448.107s][info][gc,phases      ] GC(1118)   Post Evacuate Collection Set: 0.58ms
[448.107s][info][gc,phases      ] GC(1118)   Other: 0.08ms
[448.107s][info][gc,heap        ] GC(1118) Eden regions: 222->0(171)
[448.107s][info][gc,heap        ] GC(1118) Survivor regions: 6->29(29)
[448.107s][info][gc,heap        ] GC(1118) Old regions: 663->690
[448.107s][info][gc,heap        ] GC(1118) Humongous regions: 9->9
[448.107s][info][gc,metaspace   ] GC(1118) Metaspace: 19004K(19136K)->19004K(19136K) NonClass: 17174K(17280K)->17174K(17280K) Class: 1829K(1856K)->1829K(1856K)
[448.107s][info][gc             ] GC(1118) Pause Young (Normal) (G1 Evacuation Pause) 899M->727M(978M) 77.408ms
[448.107s][info][gc,cpu         ] GC(1118) User=0.15s Sys=0.00s Real=0.07s
[448.373s][info][gc,start       ] GC(1119) Pause Young (Normal) (G1 Evacuation Pause)
[448.373s][info][gc,task        ] GC(1119) Using 2 workers of 2 for evacuation
[448.429s][info][gc,phases      ] GC(1119)   Pre Evacuate Collection Set: 0.33ms
[448.429s][info][gc,phases      ] GC(1119)   Merge Heap Roots: 0.40ms
[448.429s][info][gc,phases      ] GC(1119)   Evacuate Collection Set: 54.56ms
[448.429s][info][gc,phases      ] GC(1119)   Post Evacuate Collection Set: 0.46ms
[448.429s][info][gc,phases      ] GC(1119)   Other: 0.11ms
[448.429s][info][gc,heap        ] GC(1119) Eden regions: 171->0(179)
[448.429s][info][gc,heap        ] GC(1119) Survivor regions: 29->5(25)
[448.429s][info][gc,heap        ] GC(1119) Old regions: 690->719
[448.429s][info][gc,heap        ] GC(1119) Humongous regions: 9->9
[448.429s][info][gc,metaspace   ] GC(1119) Metaspace: 19004K(19136K)->19004K(19136K) NonClass: 17174K(17280K)->17174K(17280K) Class: 1829K(1856K)->1829K(1856K)
[448.429s][info][gc             ] GC(1119) Pause Young (Normal) (G1 Evacuation Pause) 898M->732M(978M) 56.148ms
[448.429s][info][gc,cpu         ] GC(1119) User=0.11s Sys=0.00s Real=0.06s
[448.735s][info][gc,start       ] GC(1120) Pause Young (Normal) (G1 Evacuation Pause)
[448.735s][info][gc,task        ] GC(1120) Using 2 workers of 2 for evacuation
[448.754s][info][gc,phases      ] GC(1120)   Pre Evacuate Collection Set: 0.51ms
[448.754s][info][gc,phases      ] GC(1120)   Merge Heap Roots: 0.23ms
[448.754s][info][gc,phases      ] GC(1120)   Evacuate Collection Set: 17.61ms
[448.754s][info][gc,phases      ] GC(1120)   Post Evacuate Collection Set: 0.44ms
[448.754s][info][gc,phases      ] GC(1120)   Other: 0.13ms
[448.754s][info][gc,heap        ] GC(1120) Eden regions: 179->0(180)
[448.754s][info][gc,heap        ] GC(1120) Survivor regions: 5->10(23)
[448.754s][info][gc,heap        ] GC(1120) Old regions: 719->719
[448.754s][info][gc,heap        ] GC(1120) Humongous regions: 9->9
[448.754s][info][gc,metaspace   ] GC(1120) Metaspace: 19004K(19136K)->19004K(19136K) NonClass: 17174K(17280K)->17174K(17280K) Class: 1829K(1856K)->1829K(1856K)
[448.755s][info][gc             ] GC(1120) Pause Young (Normal) (G1 Evacuation Pause) 911M->737M(978M) 19.220ms
[448.755s][info][gc,cpu         ] GC(1120) User=0.03s Sys=0.00s Real=0.02s
[449.115s][info][gc,start       ] GC(1121) Pause Young (Normal) (G1 Evacuation Pause)
[449.115s][info][gc,task        ] GC(1121) Using 2 workers of 2 for evacuation
[449.152s][info][gc,phases      ] GC(1121)   Pre Evacuate Collection Set: 0.51ms
[449.152s][info][gc,phases      ] GC(1121)   Merge Heap Roots: 0.46ms
[449.152s][info][gc,phases      ] GC(1121)   Evacuate Collection Set: 35.21ms
[449.152s][info][gc,phases      ] GC(1121)   Post Evacuate Collection Set: 0.47ms
[449.152s][info][gc,phases      ] GC(1121)   Other: 0.11ms
[449.152s][info][gc,heap        ] GC(1121) Eden regions: 180->0(160)
[449.152s][info][gc,heap        ] GC(1121) Survivor regions: 10->20(24)
[449.152s][info][gc,heap        ] GC(1121) Old regions: 719->719
[449.152s][info][gc,heap        ] GC(1121) Humongous regions: 9->9
[449.152s][info][gc,metaspace   ] GC(1121) Metaspace: 19004K(19136K)->19004K(19136K) NonClass: 17174K(17280K)->17174K(17280K) Class: 1829K(1856K)->1829K(1856K)
[449.152s][info][gc             ] GC(1121) Pause Young (Normal) (G1 Evacuation Pause) 917M->747M(978M) 37.007ms
[449.152s][info][gc,cpu         ] GC(1121) User=0.07s Sys=0.00s Real=0.04s
[449.640s][info][gc,start       ] GC(1122) Pause Young (Normal) (G1 Evacuation Pause)
[449.640s][info][gc,task        ] GC(1122) Using 2 workers of 2 for evacuation
[449.695s][info][gc,phases      ] GC(1122)   Pre Evacuate Collection Set: 0.33ms
[449.695s][info][gc,phases      ] GC(1122)   Merge Heap Roots: 0.38ms
[449.695s][info][gc,phases      ] GC(1122)   Evacuate Collection Set: 53.17ms
[449.695s][info][gc,phases      ] GC(1122)   Post Evacuate Collection Set: 0.48ms
[449.695s][info][gc,phases      ] GC(1122)   Other: 0.12ms
[449.695s][info][gc,heap        ] GC(1122) Eden regions: 160->0(139)
[449.695s][info][gc,heap        ] GC(1122) Survivor regions: 20->23(23)
[449.695s][info][gc,heap        ] GC(1122) Old regions: 719->734
[449.695s][info][gc,heap        ] GC(1122) Humongous regions: 9->9
[449.695s][info][gc,metaspace   ] GC(1122) Metaspace: 19004K(19136K)->19004K(19136K) NonClass: 17174K(17280K)->17174K(17280K) Class: 1829K(1856K)->1829K(1856K)
[449.695s][info][gc             ] GC(1122) Pause Young (Normal) (G1 Evacuation Pause) 907M->765M(978M) 54.764ms
[449.695s][info][gc,cpu         ] GC(1122) User=0.10s Sys=0.01s Real=0.05s
[449.978s][info][gc,marking     ] GC(1117) Concurrent Mark From Roots 2336.934ms
[449.978s][info][gc,marking     ] GC(1117) Concurrent Preclean
[449.978s][info][gc,marking     ] GC(1117) Concurrent Preclean 0.050ms
[449.978s][info][gc,start       ] GC(1117) Pause Remark
[449.987s][info][gc             ] GC(1117) Pause Remark 806M->790M(978M) 9.013ms
[449.988s][info][gc,cpu         ] GC(1117) User=0.01s Sys=0.00s Real=0.00s
[449.988s][info][gc,marking     ] GC(1117) Concurrent Mark 2346.330ms
[449.988s][info][gc,marking     ] GC(1117) Concurrent Rebuild Remembered Sets and Scrub Regions
[450.175s][info][gc,start       ] GC(1123) Pause Young (Normal) (G1 Evacuation Pause)
[450.175s][info][gc,task        ] GC(1123) Using 2 workers of 2 for evacuation
[450.219s][info][gc,phases      ] GC(1123)   Pre Evacuate Collection Set: 0.32ms
[450.219s][info][gc,phases      ] GC(1123)   Merge Heap Roots: 0.17ms
[450.219s][info][gc,phases      ] GC(1123)   Evacuate Collection Set: 42.76ms
[450.219s][info][gc,phases      ] GC(1123)   Post Evacuate Collection Set: 0.46ms
[450.219s][info][gc,phases      ] GC(1123)   Other: 0.09ms
[450.219s][info][gc,heap        ] GC(1123) Eden regions: 139->0(149)
[450.219s][info][gc,heap        ] GC(1123) Survivor regions: 23->14(21)
[450.219s][info][gc,heap        ] GC(1123) Old regions: 718->742
[450.219s][info][gc,heap        ] GC(1123) Humongous regions: 9->9
[450.219s][info][gc,metaspace   ] GC(1123) Metaspace: 19009K(19136K)->19009K(19136K) NonClass: 17180K(17280K)->17180K(17280K) Class: 1829K(1856K)->1829K(1856K)
[450.219s][info][gc             ] GC(1123) Pause Young (Normal) (G1 Evacuation Pause) 888M->763M(978M) 44.087ms
[450.219s][info][gc,cpu         ] GC(1123) User=0.09s Sys=0.00s Real=0.05s
[450.499s][info][gc,start       ] GC(1124) Pause Young (Normal) (G1 Evacuation Pause)
[450.499s][info][gc,task        ] GC(1124) Using 2 workers of 2 for evacuation
[450.515s][info][gc,phases      ] GC(1124)   Pre Evacuate Collection Set: 0.43ms
[450.515s][info][gc,phases      ] GC(1124)   Merge Heap Roots: 0.12ms
[450.515s][info][gc,phases      ] GC(1124)   Evacuate Collection Set: 14.54ms
[450.515s][info][gc,phases      ] GC(1124)   Post Evacuate Collection Set: 0.53ms
[450.515s][info][gc,phases      ] GC(1124)   Other: 0.15ms
[450.515s][info][gc,heap        ] GC(1124) Eden regions: 149->0(160)
[450.515s][info][gc,heap        ] GC(1124) Survivor regions: 14->6(21)
[450.515s][info][gc,heap        ] GC(1124) Old regions: 742->747
[450.515s][info][gc,heap        ] GC(1124) Humongous regions: 9->9
[450.515s][info][gc,metaspace   ] GC(1124) Metaspace: 19013K(19136K)->19013K(19136K) NonClass: 17183K(17280K)->17183K(17280K) Class: 1829K(1856K)->1829K(1856K)
[450.515s][info][gc             ] GC(1124) Pause Young (Normal) (G1 Evacuation Pause) 912M->760M(978M) 16.145ms
[450.515s][info][gc,cpu         ] GC(1124) User=0.03s Sys=0.00s Real=0.01s
[450.887s][info][gc,start       ] GC(1125) Pause Young (Normal) (G1 Evacuation Pause)
[450.887s][info][gc,task        ] GC(1125) Using 2 workers of 2 for evacuation
[450.919s][info][gc,phases      ] GC(1125)   Pre Evacuate Collection Set: 0.35ms
[450.919s][info][gc,phases      ] GC(1125)   Merge Heap Roots: 0.11ms
[450.919s][info][gc,phases      ] GC(1125)   Evacuate Collection Set: 30.33ms
[450.919s][info][gc,phases      ] GC(1125)   Post Evacuate Collection Set: 0.47ms
[450.919s][info][gc,phases      ] GC(1125)   Other: 0.11ms
[450.919s][info][gc,heap        ] GC(1125) Eden regions: 160->0(127)
[450.919s][info][gc,heap        ] GC(1125) Survivor regions: 6->21(21)
[450.919s][info][gc,heap        ] GC(1125) Old regions: 747->750
[450.919s][info][gc,heap        ] GC(1125) Humongous regions: 9->9
[450.919s][info][gc,metaspace   ] GC(1125) Metaspace: 19013K(19136K)->19013K(19136K) NonClass: 17183K(17280K)->17183K(17280K) Class: 1829K(1856K)->1829K(1856K)
[450.919s][info][gc             ] GC(1125) Pause Young (Normal) (G1 Evacuation Pause) 920M->779M(978M) 31.622ms
[450.919s][info][gc,cpu         ] GC(1125) User=0.06s Sys=0.00s Real=0.04s
[450.933s][info][gc,marking     ] GC(1117) Concurrent Rebuild Remembered Sets and Scrub Regions 945.354ms
[450.933s][info][gc,start       ] GC(1117) Pause Cleanup
[450.933s][info][gc             ] GC(1117) Pause Cleanup 790M->790M(978M) 0.140ms
[450.933s][info][gc,cpu         ] GC(1117) User=0.00s Sys=0.00s Real=0.00s
[450.933s][info][gc,marking     ] GC(1117) Concurrent Clear Claimed Marks
[450.933s][info][gc,marking     ] GC(1117) Concurrent Clear Claimed Marks 0.040ms
[450.933s][info][gc,marking     ] GC(1117) Concurrent Cleanup for Next Mark
[450.938s][info][gc,marking     ] GC(1117) Concurrent Cleanup for Next Mark 5.004ms
[450.939s][info][gc             ] GC(1117) Concurrent Mark Cycle 3363.628ms
[451.056s][info][gc,start       ] GC(1126) Pause Young (Prepare Mixed) (G1 Evacuation Pause)
[451.056s][info][gc,task        ] GC(1126) Using 2 workers of 2 for evacuation
[451.091s][info][gc,phases      ] GC(1126)   Pre Evacuate Collection Set: 0.31ms
[451.091s][info][gc,phases      ] GC(1126)   Merge Heap Roots: 0.14ms
[451.091s][info][gc,phases      ] GC(1126)   Evacuate Collection Set: 33.98ms
[451.091s][info][gc,phases      ] GC(1126)   Post Evacuate Collection Set: 0.42ms
[451.091s][info][gc,phases      ] GC(1126)   Other: 0.10ms
[451.091s][info][gc,heap        ] GC(1126) Eden regions: 127->0(126)
[451.091s][info][gc,heap        ] GC(1126) Survivor regions: 21->11(19)
[451.091s][info][gc,heap        ] GC(1126) Old regions: 750->771
[451.091s][info][gc,heap        ] GC(1126) Humongous regions: 9->9
[451.091s][info][gc,metaspace   ] GC(1126) Metaspace: 19013K(19136K)->19013K(19136K) NonClass: 17183K(17280K)->17183K(17280K) Class: 1829K(1856K)->1829K(1856K)
[451.091s][info][gc             ] GC(1126) Pause Young (Prepare Mixed) (G1 Evacuation Pause) 906M->790M(978M) 35.226ms
[451.091s][info][gc,cpu         ] GC(1126) User=0.07s Sys=0.00s Real=0.04s
[451.300s][info][gc,start       ] GC(1127) Pause Young (Mixed) (G1 Evacuation Pause)
[451.300s][info][gc,task        ] GC(1127) Using 2 workers of 2 for evacuation
[451.322s][info][gc,phases      ] GC(1127)   Pre Evacuate Collection Set: 0.54ms
[451.322s][info][gc,phases      ] GC(1127)   Merge Heap Roots: 0.24ms
[451.322s][info][gc,phases      ] GC(1127)   Evacuate Collection Set: 21.39ms
[451.322s][info][gc,phases      ] GC(1127)   Post Evacuate Collection Set: 0.40ms
[451.322s][info][gc,phases      ] GC(1127)   Other: 0.12ms
[451.322s][info][gc,heap        ] GC(1127) Eden regions: 126->0(137)
[451.323s][info][gc,heap        ] GC(1127) Survivor regions: 11->5(18)
[451.323s][info][gc,heap        ] GC(1127) Old regions: 771->772
[451.323s][info][gc,heap        ] GC(1127) Humongous regions: 9->9
[451.323s][info][gc,metaspace   ] GC(1127) Metaspace: 19013K(19136K)->19013K(19136K) NonClass: 17183K(17280K)->17183K(17280K) Class: 1829K(1856K)->1829K(1856K)
[451.323s][info][gc             ] GC(1127) Pause Young (Mixed) (G1 Evacuation Pause) 916M->785M(978M) 22.928ms
[451.323s][info][gc,cpu         ] GC(1127) User=0.04s Sys=0.00s Real=0.02s
[451.674s][info][gc,start       ] GC(1128) Pause Young (Concurrent Start) (G1 Evacuation Pause)
[451.674s][info][gc,task        ] GC(1128) Using 2 workers of 2 for evacuation
[451.680s][info][gc,phases      ] GC(1128)   Pre Evacuate Collection Set: 0.37ms
[451.680s][info][gc,phases      ] GC(1128)   Merge Heap Roots: 0.11ms
[451.680s][info][gc,phases      ] GC(1128)   Evacuate Collection Set: 5.36ms
[451.680s][info][gc,phases      ] GC(1128)   Post Evacuate Collection Set: 0.41ms
[451.680s][info][gc,phases      ] GC(1128)   Other: 0.13ms
[451.680s][info][gc,heap        ] GC(1128) Eden regions: 137->0(137)
[451.680s][info][gc,heap        ] GC(1128) Survivor regions: 5->5(18)
[451.680s][info][gc,heap        ] GC(1128) Old regions: 772->772
[451.680s][info][gc,heap        ] GC(1128) Humongous regions: 9->9
[451.680s][info][gc,metaspace   ] GC(1128) Metaspace: 19014K(19136K)->19014K(19136K) NonClass: 17184K(17280K)->17184K(17280K) Class: 1829K(1856K)->1829K(1856K)
[451.680s][info][gc             ] GC(1128) Pause Young (Concurrent Start) (G1 Evacuation Pause) 922M->785M(978M) 6.602ms
[451.680s][info][gc,cpu         ] GC(1128) User=0.02s Sys=0.00s Real=0.01s
[451.680s][info][gc             ] GC(1129) Concurrent Mark Cycle
[451.681s][info][gc,marking     ] GC(1129) Concurrent Scan Root Regions
[451.689s][info][gc,marking     ] GC(1129) Concurrent Scan Root Regions 8.318ms
[451.689s][info][gc,marking     ] GC(1129) Concurrent Mark
[451.689s][info][gc,marking     ] GC(1129) Concurrent Mark From Roots
[451.689s][info][gc,task        ] GC(1129) Using 1 workers of 1 for marking
[452.091s][info][gc,start       ] GC(1130) Pause Young (Normal) (G1 Evacuation Pause)
[452.091s][info][gc,task        ] GC(1130) Using 2 workers of 2 for evacuation
[452.116s][info][gc,phases      ] GC(1130)   Pre Evacuate Collection Set: 0.33ms
[452.116s][info][gc,phases      ] GC(1130)   Merge Heap Roots: 0.16ms
[452.116s][info][gc,phases      ] GC(1130)   Evacuate Collection Set: 23.29ms
[452.116s][info][gc,phases      ] GC(1130)   Post Evacuate Collection Set: 0.47ms
[452.116s][info][gc,phases      ] GC(1130)   Other: 0.12ms
[452.116s][info][gc,heap        ] GC(1130) Eden regions: 137->0(110)
[452.116s][info][gc,heap        ] GC(1130) Survivor regions: 5->18(18)
[452.116s][info][gc,heap        ] GC(1130) Old regions: 772->773
[452.116s][info][gc,heap        ] GC(1130) Humongous regions: 9->9
[452.116s][info][gc,metaspace   ] GC(1130) Metaspace: 19014K(19136K)->19014K(19136K) NonClass: 17184K(17280K)->17184K(17280K) Class: 1829K(1856K)->1829K(1856K)
[452.116s][info][gc             ] GC(1130) Pause Young (Normal) (G1 Evacuation Pause) 922M->799M(978M) 24.657ms
[452.116s][info][gc,cpu         ] GC(1130) User=0.04s Sys=0.00s Real=0.02s
[452.371s][info][gc,start       ] GC(1131) Pause Young (Normal) (G1 Evacuation Pause)
[452.371s][info][gc,task        ] GC(1131) Using 2 workers of 2 for evacuation
[452.397s][info][gc,phases      ] GC(1131)   Pre Evacuate Collection Set: 0.32ms
[452.397s][info][gc,phases      ] GC(1131)   Merge Heap Roots: 0.11ms
[452.397s][info][gc,phases      ] GC(1131)   Evacuate Collection Set: 24.72ms
[452.397s][info][gc,phases      ] GC(1131)   Post Evacuate Collection Set: 0.42ms
[452.397s][info][gc,phases      ] GC(1131)   Other: 0.10ms
[452.397s][info][gc,heap        ] GC(1131) Eden regions: 110->0(120)
[452.397s][info][gc,heap        ] GC(1131) Survivor regions: 18->4(16)
[452.397s][info][gc,heap        ] GC(1131) Old regions: 773->791
[452.397s][info][gc,heap        ] GC(1131) Humongous regions: 9->9
[452.397s][info][gc,metaspace   ] GC(1131) Metaspace: 19014K(19136K)->19014K(19136K) NonClass: 17184K(17280K)->17184K(17280K) Class: 1829K(1856K)->1829K(1856K)
[452.397s][info][gc             ] GC(1131) Pause Young (Normal) (G1 Evacuation Pause) 909M->803M(978M) 25.930ms
[452.397s][info][gc,cpu         ] GC(1131) User=0.05s Sys=0.00s Real=0.02s
[452.595s][info][gc,start       ] GC(1132) Pause Young (Normal) (G1 Evacuation Pause)
[452.595s][info][gc,task        ] GC(1132) Using 2 workers of 2 for evacuation
[452.636s][info][gc,phases      ] GC(1132)   Pre Evacuate Collection Set: 0.32ms
[452.636s][info][gc,phases      ] GC(1132)   Merge Heap Roots: 0.08ms
[452.636s][info][gc,phases      ] GC(1132)   Evacuate Collection Set: 39.21ms
[452.636s][info][gc,phases      ] GC(1132)   Post Evacuate Collection Set: 0.61ms
[452.636s][info][gc,phases      ] GC(1132)   Other: 0.08ms
[452.636s][info][gc,heap        ] GC(1132) Eden regions: 120->0(72)
[452.636s][info][gc,heap        ] GC(1132) Survivor regions: 4->16(16)
[452.636s][info][gc,heap        ] GC(1132) Old regions: 791->815
[452.636s][info][gc,heap        ] GC(1132) Humongous regions: 9->9
[452.636s][info][gc,metaspace   ] GC(1132) Metaspace: 19014K(19136K)->19014K(19136K) NonClass: 17184K(17280K)->17184K(17280K) Class: 1829K(1856K)->1829K(1856K)
[452.636s][info][gc             ] GC(1132) Pause Young (Normal) (G1 Evacuation Pause) 923M->839M(978M) 40.566ms
[452.636s][info][gc,cpu         ] GC(1132) User=0.08s Sys=0.00s Real=0.04s
[452.735s][info][gc,start       ] GC(1133) Pause Young (Normal) (G1 Evacuation Pause)
[452.736s][info][gc,task        ] GC(1133) Using 2 workers of 2 for evacuation
[452.787s][info][gc,phases      ] GC(1133)   Pre Evacuate Collection Set: 0.32ms
[452.787s][info][gc,phases      ] GC(1133)   Merge Heap Roots: 0.31ms
[452.787s][info][gc,phases      ] GC(1133)   Evacuate Collection Set: 50.02ms
[452.787s][info][gc,phases      ] GC(1133)   Post Evacuate Collection Set: 0.45ms
[452.787s][info][gc,phases      ] GC(1133)   Other: 0.08ms
[452.787s][info][gc,heap        ] GC(1133) Eden regions: 72->0(51)
[452.787s][info][gc,heap        ] GC(1133) Survivor regions: 16->11(11)
[452.787s][info][gc,heap        ] GC(1133) Old regions: 815->846
[452.787s][info][gc,heap        ] GC(1133) Humongous regions: 9->9
[452.787s][info][gc,metaspace   ] GC(1133) Metaspace: 19014K(19136K)->19014K(19136K) NonClass: 17184K(17280K)->17184K(17280K) Class: 1829K(1856K)->1829K(1856K)
[452.787s][info][gc             ] GC(1133) Pause Young (Normal) (G1 Evacuation Pause) 911M->865M(978M) 51.434ms
[452.787s][info][gc,cpu         ] GC(1133) User=0.10s Sys=0.00s Real=0.05s
[452.919s][info][gc,start       ] GC(1134) Pause Young (Normal) (G1 Evacuation Pause)
[452.919s][info][gc,task        ] GC(1134) Using 2 workers of 2 for evacuation
[452.953s][info][gc,phases      ] GC(1134)   Pre Evacuate Collection Set: 0.31ms
[452.953s][info][gc,phases      ] GC(1134)   Merge Heap Roots: 0.24ms
[452.954s][info][gc,phases      ] GC(1134)   Evacuate Collection Set: 32.83ms
[452.954s][info][gc,phases      ] GC(1134)   Post Evacuate Collection Set: 0.44ms
[452.954s][info][gc,phases      ] GC(1134)   Other: 0.10ms
[452.954s][info][gc,heap        ] GC(1134) Eden regions: 51->0(41)
[452.954s][info][gc,heap        ] GC(1134) Survivor regions: 11->8(8)
[452.954s][info][gc,heap        ] GC(1134) Old regions: 846->862
[452.954s][info][gc,heap        ] GC(1134) Humongous regions: 9->9
[452.954s][info][gc,metaspace   ] GC(1134) Metaspace: 19014K(19136K)->19014K(19136K) NonClass: 17184K(17280K)->17184K(17280K) Class: 1829K(1856K)->1829K(1856K)
[452.954s][info][gc             ] GC(1134) Pause Young (Normal) (G1 Evacuation Pause) 916M->878M(978M) 34.224ms
[452.954s][info][gc,cpu         ] GC(1134) User=0.07s Sys=0.00s Real=0.03s
[453.082s][info][gc,start       ] GC(1135) Pause Young (Normal) (G1 Evacuation Pause)
[453.082s][info][gc,task        ] GC(1135) Using 2 workers of 2 for evacuation
[453.099s][info][gc,phases      ] GC(1135)   Pre Evacuate Collection Set: 0.51ms
[453.099s][info][gc,phases      ] GC(1135)   Merge Heap Roots: 0.20ms
[453.099s][info][gc,phases      ] GC(1135)   Evacuate Collection Set: 15.13ms
[453.099s][info][gc,phases      ] GC(1135)   Post Evacuate Collection Set: 0.35ms
[453.099s][info][gc,phases      ] GC(1135)   Other: 0.12ms
[453.099s][info][gc,heap        ] GC(1135) Eden regions: 41->0(45)
[453.099s][info][gc,heap        ] GC(1135) Survivor regions: 8->3(7)
[453.099s][info][gc,heap        ] GC(1135) Old regions: 862->870
[453.099s][info][gc,heap        ] GC(1135) Humongous regions: 9->9
[453.099s][info][gc,metaspace   ] GC(1135) Metaspace: 19014K(19136K)->19014K(19136K) NonClass: 17184K(17280K)->17184K(17280K) Class: 1829K(1856K)->1829K(1856K)
[453.099s][info][gc             ] GC(1135) Pause Young (Normal) (G1 Evacuation Pause) 919M->881M(978M) 16.552ms
[453.099s][info][gc,cpu         ] GC(1135) User=0.03s Sys=0.00s Real=0.02s
[453.186s][info][gc,start       ] GC(1136) Pause Young (Normal) (G1 Evacuation Pause)
[453.186s][info][gc,task        ] GC(1136) Using 2 workers of 2 for evacuation
[453.192s][info][gc,phases      ] GC(1136)   Pre Evacuate Collection Set: 0.34ms
[453.192s][info][gc,phases      ] GC(1136)   Merge Heap Roots: 0.11ms
[453.192s][info][gc,phases      ] GC(1136)   Evacuate Collection Set: 5.55ms
[453.192s][info][gc,phases      ] GC(1136)   Post Evacuate Collection Set: 0.33ms
[453.192s][info][gc,phases      ] GC(1136)   Other: 0.11ms
[453.192s][info][gc,heap        ] GC(1136) Eden regions: 45->0(45)
[453.192s][info][gc,heap        ] GC(1136) Survivor regions: 3->3(6)
[453.192s][info][gc,heap        ] GC(1136) Old regions: 870->870
[453.192s][info][gc,heap        ] GC(1136) Humongous regions: 9->9
[453.192s][info][gc,metaspace   ] GC(1136) Metaspace: 19014K(19136K)->19014K(19136K) NonClass: 17184K(17280K)->17184K(17280K) Class: 1829K(1856K)->1829K(1856K)
[453.193s][info][gc             ] GC(1136) Pause Young (Normal) (G1 Evacuation Pause) 926M->881M(978M) 6.688ms
[453.193s][info][gc,cpu         ] GC(1136) User=0.01s Sys=0.00s Real=0.01s
[453.285s][info][gc,start       ] GC(1137) Pause Young (Normal) (G1 Evacuation Pause)
[453.285s][info][gc,task        ] GC(1137) Using 2 workers of 2 for evacuation
[453.302s][info][gc,phases      ] GC(1137)   Pre Evacuate Collection Set: 0.54ms
[453.302s][info][gc,phases      ] GC(1137)   Merge Heap Roots: 0.38ms
[453.302s][info][gc,phases      ] GC(1137)   Evacuate Collection Set: 14.89ms
[453.302s][info][gc,phases      ] GC(1137)   Post Evacuate Collection Set: 0.43ms
[453.302s][info][gc,phases      ] GC(1137)   Other: 0.10ms
[453.302s][info][gc,heap        ] GC(1137) Eden regions: 45->0(43)
[453.302s][info][gc,heap        ] GC(1137) Survivor regions: 3->5(6)
[453.302s][info][gc,heap        ] GC(1137) Old regions: 870->870
[453.302s][info][gc,heap        ] GC(1137) Humongous regions: 9->9
[453.302s][info][gc,metaspace   ] GC(1137) Metaspace: 19014K(19136K)->19014K(19136K) NonClass: 17184K(17280K)->17184K(17280K) Class: 1829K(1856K)->1829K(1856K)
[453.302s][info][gc             ] GC(1137) Pause Young (Normal) (G1 Evacuation Pause) 926M->883M(978M) 16.612ms
[453.302s][info][gc,cpu         ] GC(1137) User=0.03s Sys=0.00s Real=0.02s
[453.430s][info][gc,start       ] GC(1138) Pause Young (Normal) (G1 Evacuation Pause)
[453.430s][info][gc,task        ] GC(1138) Using 2 workers of 2 for evacuation
[453.472s][info][gc,phases      ] GC(1138)   Pre Evacuate Collection Set: 0.31ms
[453.472s][info][gc,phases      ] GC(1138)   Merge Heap Roots: 0.34ms
[453.472s][info][gc,phases      ] GC(1138)   Evacuate Collection Set: 41.28ms
[453.472s][info][gc,phases      ] GC(1138)   Post Evacuate Collection Set: 0.43ms
[453.472s][info][gc,phases      ] GC(1138)   Other: 0.10ms
[453.472s][info][gc,heap        ] GC(1138) Eden regions: 43->0(42)
[453.472s][info][gc,heap        ] GC(1138) Survivor regions: 5->6(6)
[453.472s][info][gc,heap        ] GC(1138) Old regions: 870->883
[453.472s][info][gc,heap        ] GC(1138) Humongous regions: 12->12
[453.472s][info][gc,metaspace   ] GC(1138) Metaspace: 19014K(19136K)->19014K(19136K) NonClass: 17184K(17280K)->17184K(17280K) Class: 1829K(1856K)->1829K(1856K)
[453.472s][info][gc             ] GC(1138) Pause Young (Normal) (G1 Evacuation Pause) 929M->900M(978M) 42.724ms
[453.472s][info][gc,cpu         ] GC(1138) User=0.09s Sys=0.00s Real=0.04s
[453.486s][info][gc,marking     ] GC(1129) Concurrent Mark From Roots 1797.107ms
[453.486s][info][gc,marking     ] GC(1129) Concurrent Preclean
[453.486s][info][gc,marking     ] GC(1129) Concurrent Preclean 0.049ms
[453.486s][info][gc,start       ] GC(1129) Pause Remark
[453.495s][info][gc             ] GC(1129) Pause Remark 906M->645M(978M) 8.872ms
[453.495s][info][gc,cpu         ] GC(1129) User=0.01s Sys=0.00s Real=0.01s
[453.497s][info][gc,marking     ] GC(1129) Concurrent Mark 1807.784ms
[453.497s][info][gc,marking     ] GC(1129) Concurrent Rebuild Remembered Sets and Scrub Regions
[453.575s][info][gc,start       ] GC(1139) Pause Young (Normal) (G1 Evacuation Pause)
[453.576s][info][gc,task        ] GC(1139) Using 2 workers of 2 for evacuation
[453.606s][info][gc,phases      ] GC(1139)   Pre Evacuate Collection Set: 0.29ms
[453.606s][info][gc,phases      ] GC(1139)   Merge Heap Roots: 0.32ms
[453.606s][info][gc,phases      ] GC(1139)   Evacuate Collection Set: 29.56ms
[453.606s][info][gc,phases      ] GC(1139)   Post Evacuate Collection Set: 0.34ms
[453.606s][info][gc,phases      ] GC(1139)   Other: 0.11ms
[453.606s][info][gc,heap        ] GC(1139) Eden regions: 42->0(232)
[453.606s][info][gc,heap        ] GC(1139) Survivor regions: 6->6(6)
[453.606s][info][gc,heap        ] GC(1139) Old regions: 627->635
[453.606s][info][gc,heap        ] GC(1139) Humongous regions: 7->7
[453.606s][info][gc,metaspace   ] GC(1139) Metaspace: 19014K(19136K)->19014K(19136K) NonClass: 17184K(17280K)->17184K(17280K) Class: 1829K(1856K)->1829K(1856K)
[453.606s][info][gc             ] GC(1139) Pause Young (Normal) (G1 Evacuation Pause) 681M->647M(978M) 30.898ms
[453.606s][info][gc,cpu         ] GC(1139) User=0.06s Sys=0.00s Real=0.03s
[454.040s][info][gc,start       ] GC(1140) Pause Young (Normal) (G1 Evacuation Pause)
[454.040s][info][gc,task        ] GC(1140) Using 2 workers of 2 for evacuation
[454.110s][info][gc,phases      ] GC(1140)   Pre Evacuate Collection Set: 0.50ms
[454.110s][info][gc,phases      ] GC(1140)   Merge Heap Roots: 0.61ms
[454.110s][info][gc,phases      ] GC(1140)   Evacuate Collection Set: 68.05ms
[454.110s][info][gc,phases      ] GC(1140)   Post Evacuate Collection Set: 0.51ms
[454.110s][info][gc,phases      ] GC(1140)   Other: 0.10ms
[454.110s][info][gc,heap        ] GC(1140) Eden regions: 232->0(204)
[454.110s][info][gc,heap        ] GC(1140) Survivor regions: 6->30(30)
[454.110s][info][gc,heap        ] GC(1140) Old regions: 635->648
[454.110s][info][gc,heap        ] GC(1140) Humongous regions: 7->7
[454.110s][info][gc,metaspace   ] GC(1140) Metaspace: 19014K(19136K)->19014K(19136K) NonClass: 17184K(17280K)->17184K(17280K) Class: 1829K(1856K)->1829K(1856K)
[454.110s][info][gc             ] GC(1140) Pause Young (Normal) (G1 Evacuation Pause) 879M->684M(978M) 70.060ms
[454.110s][info][gc,cpu         ] GC(1140) User=0.14s Sys=0.00s Real=0.07s
[454.320s][info][gc,marking     ] GC(1129) Concurrent Rebuild Remembered Sets and Scrub Regions 823.486ms
[454.320s][info][gc,start       ] GC(1129) Pause Cleanup
[454.321s][info][gc             ] GC(1129) Pause Cleanup 845M->845M(978M) 0.187ms
[454.321s][info][gc,cpu         ] GC(1129) User=0.00s Sys=0.00s Real=0.00s
[454.321s][info][gc,marking     ] GC(1129) Concurrent Clear Claimed Marks
[454.321s][info][gc,marking     ] GC(1129) Concurrent Clear Claimed Marks 0.042ms
[454.321s][info][gc,marking     ] GC(1129) Concurrent Cleanup for Next Mark
[454.328s][info][gc,marking     ] GC(1129) Concurrent Cleanup for Next Mark 7.014ms
[454.328s][info][gc             ] GC(1129) Concurrent Mark Cycle 2647.318ms
[454.380s][info][gc,start       ] GC(1141) Pause Young (Prepare Mixed) (G1 Evacuation Pause)
[454.380s][info][gc,task        ] GC(1141) Using 2 workers of 2 for evacuation
[454.421s][info][gc,phases      ] GC(1141)   Pre Evacuate Collection Set: 0.35ms
[454.421s][info][gc,phases      ] GC(1141)   Merge Heap Roots: 0.25ms
[454.421s][info][gc,phases      ] GC(1141)   Evacuate Collection Set: 39.13ms
[454.421s][info][gc,phases      ] GC(1141)   Post Evacuate Collection Set: 0.50ms
[454.421s][info][gc,phases      ] GC(1141)   Other: 0.10ms
[454.421s][info][gc,heap        ] GC(1141) Eden regions: 204->0(216)
[454.421s][info][gc,heap        ] GC(1141) Survivor regions: 30->2(30)
[454.421s][info][gc,heap        ] GC(1141) Old regions: 648->678
[454.421s][info][gc,heap        ] GC(1141) Humongous regions: 7->7
[454.421s][info][gc,metaspace   ] GC(1141) Metaspace: 19014K(19136K)->19014K(19136K) NonClass: 17184K(17280K)->17184K(17280K) Class: 1829K(1856K)->1829K(1856K)
[454.421s][info][gc             ] GC(1141) Pause Young (Prepare Mixed) (G1 Evacuation Pause) 888M->686M(978M) 40.563ms
[454.421s][info][gc,cpu         ] GC(1141) User=0.08s Sys=0.00s Real=0.04s
[454.586s][info][gc,start       ] GC(1142) Pause Young (Mixed) (G1 Evacuation Pause)
[454.586s][info][gc,task        ] GC(1142) Using 2 workers of 2 for evacuation
[454.642s][info][gc,phases      ] GC(1142)   Pre Evacuate Collection Set: 0.56ms
[454.642s][info][gc,phases      ] GC(1142)   Merge Heap Roots: 0.34ms
[454.642s][info][gc,phases      ] GC(1142)   Evacuate Collection Set: 54.98ms
[454.642s][info][gc,phases      ] GC(1142)   Post Evacuate Collection Set: 0.74ms
[454.642s][info][gc,phases      ] GC(1142)   Other: 0.10ms
[454.642s][info][gc,heap        ] GC(1142) Eden regions: 216->0(219)
[454.642s][info][gc,heap        ] GC(1142) Survivor regions: 2->28(28)
[454.642s][info][gc,heap        ] GC(1142) Old regions: 678->626
[454.642s][info][gc,heap        ] GC(1142) Humongous regions: 7->7
[454.642s][info][gc,metaspace   ] GC(1142) Metaspace: 19014K(19136K)->19014K(19136K) NonClass: 17184K(17280K)->17184K(17280K) Class: 1829K(1856K)->1829K(1856K)
[454.643s][info][gc             ] GC(1142) Pause Young (Mixed) (G1 Evacuation Pause) 902M->660M(978M) 56.969ms
[454.643s][info][gc,cpu         ] GC(1142) User=0.11s Sys=0.00s Real=0.06s
[454.784s][info][gc,start       ] GC(1143) Pause Young (Concurrent Start) (G1 Humongous Allocation)
[454.784s][info][gc,task        ] GC(1143) Using 2 workers of 2 for evacuation
[454.845s][info][gc,phases      ] GC(1143)   Pre Evacuate Collection Set: 0.36ms
[454.845s][info][gc,phases      ] GC(1143)   Merge Heap Roots: 0.37ms
[454.845s][info][gc,phases      ] GC(1143)   Evacuate Collection Set: 59.25ms
[454.845s][info][gc,phases      ] GC(1143)   Post Evacuate Collection Set: 0.58ms
[454.845s][info][gc,phases      ] GC(1143)   Other: 0.26ms
[454.845s][info][gc,heap        ] GC(1143) Eden regions: 144->0(212)
[454.845s][info][gc,heap        ] GC(1143) Survivor regions: 28->17(31)
[454.845s][info][gc,heap        ] GC(1143) Old regions: 626->654
[454.845s][info][gc,heap        ] GC(1143) Humongous regions: 7->7
[454.845s][info][gc,metaspace   ] GC(1143) Metaspace: 19014K(19136K)->19014K(19136K) NonClass: 17184K(17280K)->17184K(17280K) Class: 1829K(1856K)->1829K(1856K)
[454.845s][info][gc             ] GC(1143) Pause Young (Concurrent Start) (G1 Humongous Allocation) 803M->677M(978M) 61.118ms
[454.846s][info][gc             ] GC(1144) Concurrent Mark Cycle
[454.846s][info][gc,marking     ] GC(1144) Concurrent Scan Root Regions
[454.846s][info][gc,cpu         ] GC(1143) User=0.12s Sys=0.00s Real=0.06s
[454.921s][info][gc,marking     ] GC(1144) Concurrent Scan Root Regions 75.660ms
[454.921s][info][gc,marking     ] GC(1144) Concurrent Mark
[454.921s][info][gc,marking     ] GC(1144) Concurrent Mark From Roots
[454.921s][info][gc,task        ] GC(1144) Using 1 workers of 1 for marking
[455.464s][info][gc,start       ] GC(1145) Pause Young (Normal) (G1 Evacuation Pause)
[455.464s][info][gc,task        ] GC(1145) Using 2 workers of 2 for evacuation
[455.526s][info][gc,phases      ] GC(1145)   Pre Evacuate Collection Set: 0.34ms
[455.526s][info][gc,phases      ] GC(1145)   Merge Heap Roots: 0.38ms
[455.526s][info][gc,phases      ] GC(1145)   Evacuate Collection Set: 61.08ms
[455.526s][info][gc,phases      ] GC(1145)   Post Evacuate Collection Set: 0.53ms
[455.526s][info][gc,phases      ] GC(1145)   Other: 0.09ms
[455.526s][info][gc,heap        ] GC(1145) Eden regions: 212->0(195)
[455.526s][info][gc,heap        ] GC(1145) Survivor regions: 17->24(29)
[455.526s][info][gc,heap        ] GC(1145) Old regions: 654->671
[455.526s][info][gc,heap        ] GC(1145) Humongous regions: 8->8
[455.526s][info][gc,metaspace   ] GC(1145) Metaspace: 19014K(19136K)->19014K(19136K) NonClass: 17184K(17280K)->17184K(17280K) Class: 1829K(1856K)->1829K(1856K)
[455.526s][info][gc             ] GC(1145) Pause Young (Normal) (G1 Evacuation Pause) 890M->702M(978M) 62.701ms
[455.526s][info][gc,cpu         ] GC(1145) User=0.12s Sys=0.00s Real=0.06s
[456.044s][info][gc,start       ] GC(1146) Pause Young (Normal) (G1 Evacuation Pause)
[456.044s][info][gc,task        ] GC(1146) Using 2 workers of 2 for evacuation
[456.103s][info][gc,phases      ] GC(1146)   Pre Evacuate Collection Set: 0.34ms
[456.103s][info][gc,phases      ] GC(1146)   Merge Heap Roots: 0.27ms
[456.103s][info][gc,phases      ] GC(1146)   Evacuate Collection Set: 57.47ms
[456.103s][info][gc,phases      ] GC(1146)   Post Evacuate Collection Set: 0.52ms
[456.103s][info][gc,phases      ] GC(1146)   Other: 0.09ms
[456.103s][info][gc,heap        ] GC(1146) Eden regions: 195->0(177)
[456.103s][info][gc,heap        ] GC(1146) Survivor regions: 24->23(28)
[456.103s][info][gc,heap        ] GC(1146) Old regions: 671->695
[456.103s][info][gc,heap        ] GC(1146) Humongous regions: 8->8
[456.103s][info][gc,metaspace   ] GC(1146) Metaspace: 19014K(19136K)->19014K(19136K) NonClass: 17184K(17280K)->17184K(17280K) Class: 1829K(1856K)->1829K(1856K)
[456.103s][info][gc             ] GC(1146) Pause Young (Normal) (G1 Evacuation Pause) 897M->725M(978M) 58.914ms
[456.103s][info][gc,cpu         ] GC(1146) User=0.12s Sys=0.00s Real=0.06s
[456.179s][info][gc,marking     ] GC(1144) Concurrent Mark From Roots 1257.625ms
[456.179s][info][gc,marking     ] GC(1144) Concurrent Preclean
[456.179s][info][gc,marking     ] GC(1144) Concurrent Preclean 0.055ms
[456.179s][info][gc,start       ] GC(1144) Pause Remark
[456.188s][info][gc             ] GC(1144) Pause Remark 780M->586M(978M) 8.951ms
[456.188s][info][gc,cpu         ] GC(1144) User=0.02s Sys=0.00s Real=0.01s
[456.189s][info][gc,marking     ] GC(1144) Concurrent Mark 1267.954ms
[456.189s][info][gc,marking     ] GC(1144) Concurrent Rebuild Remembered Sets and Scrub Regions
[456.455s][info][gc,start       ] GC(1147) Pause Young (Normal) (G1 Evacuation Pause)
[456.455s][info][gc,task        ] GC(1147) Using 2 workers of 2 for evacuation
[456.485s][info][gc,phases      ] GC(1147)   Pre Evacuate Collection Set: 0.31ms
[456.485s][info][gc,phases      ] GC(1147)   Merge Heap Roots: 0.22ms
[456.485s][info][gc,phases      ] GC(1147)   Evacuate Collection Set: 29.48ms
[456.485s][info][gc,phases      ] GC(1147)   Post Evacuate Collection Set: 0.46ms
[456.485s][info][gc,phases      ] GC(1147)   Other: 0.11ms
[456.485s][info][gc,heap        ] GC(1147) Eden regions: 177->0(349)
[456.485s][info][gc,heap        ] GC(1147) Survivor regions: 23->4(25)
[456.485s][info][gc,heap        ] GC(1147) Old regions: 504->526
[456.485s][info][gc,heap        ] GC(1147) Humongous regions: 5->5
[456.485s][info][gc,metaspace   ] GC(1147) Metaspace: 19014K(19136K)->19014K(19136K) NonClass: 17184K(17280K)->17184K(17280K) Class: 1829K(1856K)->1829K(1856K)
[456.486s][info][gc             ] GC(1147) Pause Young (Normal) (G1 Evacuation Pause) 708M->534M(978M) 30.874ms
[456.486s][info][gc,cpu         ] GC(1147) User=0.06s Sys=0.00s Real=0.03s
[456.627s][info][gc,marking     ] GC(1144) Concurrent Rebuild Remembered Sets and Scrub Regions 437.322ms
[456.627s][info][gc,start       ] GC(1144) Pause Cleanup
[456.627s][info][gc             ] GC(1144) Pause Cleanup 586M->586M(978M) 0.129ms
[456.627s][info][gc,cpu         ] GC(1144) User=0.00s Sys=0.00s Real=0.00s
[456.627s][info][gc,marking     ] GC(1144) Concurrent Clear Claimed Marks
[456.627s][info][gc,marking     ] GC(1144) Concurrent Clear Claimed Marks 0.034ms
[456.627s][info][gc,marking     ] GC(1144) Concurrent Cleanup for Next Mark
[456.630s][info][gc,marking     ] GC(1144) Concurrent Cleanup for Next Mark 2.976ms
[456.630s][info][gc             ] GC(1144) Concurrent Mark Cycle 1784.478ms
[457.375s][info][gc,start       ] GC(1148) Pause Young (Prepare Mixed) (G1 Evacuation Pause)
[457.375s][info][gc,task        ] GC(1148) Using 2 workers of 2 for evacuation
[457.409s][info][gc,phases      ] GC(1148)   Pre Evacuate Collection Set: 0.60ms
[457.409s][info][gc,phases      ] GC(1148)   Merge Heap Roots: 0.26ms
[457.409s][info][gc,phases      ] GC(1148)   Evacuate Collection Set: 32.67ms
[457.409s][info][gc,phases      ] GC(1148)   Post Evacuate Collection Set: 0.68ms
[457.409s][info][gc,phases      ] GC(1148)   Other: 0.10ms
[457.409s][info][gc,heap        ] GC(1148) Eden regions: 349->0(340)
[457.409s][info][gc,heap        ] GC(1148) Survivor regions: 4->19(45)
[457.409s][info][gc,heap        ] GC(1148) Old regions: 526->526
[457.409s][info][gc,heap        ] GC(1148) Humongous regions: 5->5
[457.409s][info][gc,metaspace   ] GC(1148) Metaspace: 19018K(19136K)->19018K(19136K) NonClass: 17188K(17280K)->17188K(17280K) Class: 1829K(1856K)->1829K(1856K)
[457.409s][info][gc             ] GC(1148) Pause Young (Prepare Mixed) (G1 Evacuation Pause) 883M->549M(978M) 34.604ms
[457.409s][info][gc,cpu         ] GC(1148) User=0.07s Sys=0.00s Real=0.04s
[458.139s][info][gc,start       ] GC(1149) Pause Young (Mixed) (G1 Evacuation Pause)
[458.139s][info][gc,task        ] GC(1149) Using 2 workers of 2 for evacuation
[458.192s][info][gc,phases      ] GC(1149)   Pre Evacuate Collection Set: 0.55ms
[458.192s][info][gc,phases      ] GC(1149)   Merge Heap Roots: 0.48ms
[458.192s][info][gc,phases      ] GC(1149)   Evacuate Collection Set: 51.12ms
[458.192s][info][gc,phases      ] GC(1149)   Post Evacuate Collection Set: 0.74ms
[458.192s][info][gc,phases      ] GC(1149)   Other: 0.12ms
[458.192s][info][gc,heap        ] GC(1149) Eden regions: 340->0(357)
[458.192s][info][gc,heap        ] GC(1149) Survivor regions: 19->39(45)
[458.192s][info][gc,heap        ] GC(1149) Old regions: 526->488
[458.192s][info][gc,heap        ] GC(1149) Humongous regions: 5->5
[458.192s][info][gc,metaspace   ] GC(1149) Metaspace: 19018K(19136K)->19018K(19136K) NonClass: 17188K(17280K)->17188K(17280K) Class: 1829K(1856K)->1829K(1856K)
[458.192s][info][gc             ] GC(1149) Pause Young (Mixed) (G1 Evacuation Pause) 889M->530M(978M) 53.243ms
[458.192s][info][gc,cpu         ] GC(1149) User=0.11s Sys=0.00s Real=0.05s
[458.670s][info][gc,start       ] GC(1150) Pause Young (Concurrent Start) (G1 Humongous Allocation)
[458.671s][info][gc,task        ] GC(1150) Using 2 workers of 2 for evacuation
[458.800s][info][gc,phases      ] GC(1150)   Pre Evacuate Collection Set: 0.32ms
[458.800s][info][gc,phases      ] GC(1150)   Merge Heap Roots: 0.60ms
[458.800s][info][gc,phases      ] GC(1150)   Evacuate Collection Set: 124.67ms
[458.800s][info][gc,phases      ] GC(1150)   Post Evacuate Collection Set: 3.23ms
[458.800s][info][gc,phases      ] GC(1150)   Other: 0.12ms
[458.800s][info][gc,heap        ] GC(1150) Eden regions: 355->0(272)
[458.800s][info][gc,heap        ] GC(1150) Survivor regions: 39->50(50)
[458.800s][info][gc,heap        ] GC(1150) Old regions: 488->551
[458.800s][info][gc,heap        ] GC(1150) Humongous regions: 5->5
[458.800s][info][gc,metaspace   ] GC(1150) Metaspace: 19018K(19136K)->19018K(19136K) NonClass: 17188K(17280K)->17188K(17280K) Class: 1829K(1856K)->1829K(1856K)
[458.800s][info][gc             ] GC(1150) Pause Young (Concurrent Start) (G1 Humongous Allocation) (Evacuation Failure: Allocation) 885M->605M(978M) 129.245ms
[458.800s][info][gc,cpu         ] GC(1150) User=0.25s Sys=0.00s Real=0.13s
[458.800s][info][gc             ] GC(1151) Concurrent Mark Cycle
[458.800s][info][gc,marking     ] GC(1151) Concurrent Scan Root Regions
[458.922s][info][gc,marking     ] GC(1151) Concurrent Scan Root Regions 122.246ms
[458.922s][info][gc,marking     ] GC(1151) Concurrent Mark
[458.922s][info][gc,marking     ] GC(1151) Concurrent Mark From Roots
[458.922s][info][gc,task        ] GC(1151) Using 1 workers of 1 for marking
[459.738s][info][gc,start       ] GC(1152) Pause Young (Normal) (G1 Evacuation Pause)
[459.738s][info][gc,task        ] GC(1152) Using 2 workers of 2 for evacuation
[459.853s][info][gc,phases      ] GC(1152)   Pre Evacuate Collection Set: 0.57ms
[459.853s][info][gc,phases      ] GC(1152)   Merge Heap Roots: 0.56ms
[459.853s][info][gc,phases      ] GC(1152)   Evacuate Collection Set: 113.09ms
[459.853s][info][gc,phases      ] GC(1152)   Post Evacuate Collection Set: 0.72ms
[459.853s][info][gc,phases      ] GC(1152)   Other: 0.10ms
[459.853s][info][gc,heap        ] GC(1152) Eden regions: 272->0(264)
[459.853s][info][gc,heap        ] GC(1152) Survivor regions: 50->34(41)
[459.853s][info][gc,heap        ] GC(1152) Old regions: 551->586
[459.853s][info][gc,heap        ] GC(1152) Humongous regions: 8->8
[459.853s][info][gc,metaspace   ] GC(1152) Metaspace: 19018K(19136K)->19018K(19136K) NonClass: 17188K(17280K)->17188K(17280K) Class: 1829K(1856K)->1829K(1856K)
[459.853s][info][gc             ] GC(1152) Pause Young (Normal) (G1 Evacuation Pause) 880M->627M(978M) 115.308ms
[459.853s][info][gc,cpu         ] GC(1152) User=0.23s Sys=0.00s Real=0.12s
[459.969s][info][gc,marking     ] GC(1151) Concurrent Mark From Roots 1046.918ms
[459.969s][info][gc,marking     ] GC(1151) Concurrent Preclean
[459.969s][info][gc,marking     ] GC(1151) Concurrent Preclean 0.054ms
[459.969s][info][gc,start       ] GC(1151) Pause Remark
[459.979s][info][gc             ] GC(1151) Pause Remark 687M->542M(978M) 9.147ms
[459.979s][info][gc,cpu         ] GC(1151) User=0.01s Sys=0.00s Real=0.01s
[459.979s][info][gc,marking     ] GC(1151) Concurrent Mark 1056.992ms
[459.979s][info][gc,marking     ] GC(1151) Concurrent Rebuild Remembered Sets and Scrub Regions
[460.341s][info][gc,marking     ] GC(1151) Concurrent Rebuild Remembered Sets and Scrub Regions 361.369ms
[460.341s][info][gc,start       ] GC(1151) Pause Cleanup
[460.341s][info][gc             ] GC(1151) Pause Cleanup 723M->723M(978M) 0.116ms
[460.341s][info][gc,cpu         ] GC(1151) User=0.00s Sys=0.00s Real=0.00s
[460.342s][info][gc,marking     ] GC(1151) Concurrent Clear Claimed Marks
[460.342s][info][gc,marking     ] GC(1151) Concurrent Clear Claimed Marks 0.063ms
[460.342s][info][gc,marking     ] GC(1151) Concurrent Cleanup for Next Mark
[460.350s][info][gc,marking     ] GC(1151) Concurrent Cleanup for Next Mark 7.990ms
[460.350s][info][gc             ] GC(1151) Concurrent Mark Cycle 1550.377ms
[460.363s][info][gc,start       ] GC(1153) Pause Young (Prepare Mixed) (G1 Evacuation Pause)
[460.363s][info][gc,task        ] GC(1153) Using 2 workers of 2 for evacuation
[460.455s][info][gc,phases      ] GC(1153)   Pre Evacuate Collection Set: 0.29ms
[460.455s][info][gc,phases      ] GC(1153)   Merge Heap Roots: 0.46ms
[460.455s][info][gc,phases      ] GC(1153)   Evacuate Collection Set: 90.21ms
[460.455s][info][gc,phases      ] GC(1153)   Post Evacuate Collection Set: 0.68ms
[460.455s][info][gc,phases      ] GC(1153)   Other: 0.09ms
[460.455s][info][gc,heap        ] GC(1153) Eden regions: 264->0(307)
[460.455s][info][gc,heap        ] GC(1153) Survivor regions: 34->38(38)
[460.455s][info][gc,heap        ] GC(1153) Old regions: 443->490
[460.455s][info][gc,heap        ] GC(1153) Humongous regions: 6->6
[460.455s][info][gc,metaspace   ] GC(1153) Metaspace: 19018K(19136K)->19018K(19136K) NonClass: 17188K(17280K)->17188K(17280K) Class: 1829K(1856K)->1829K(1856K)
[460.455s][info][gc             ] GC(1153) Pause Young (Prepare Mixed) (G1 Evacuation Pause) 746M->533M(978M) 92.044ms
[460.455s][info][gc,cpu         ] GC(1153) User=0.18s Sys=0.00s Real=0.09s
[460.877s][info][gc,start       ] GC(1154) Pause Young (Mixed) (G1 Evacuation Pause)
[460.877s][info][gc,task        ] GC(1154) Using 2 workers of 2 for evacuation
[460.956s][info][gc,phases      ] GC(1154)   Pre Evacuate Collection Set: 0.32ms
[460.956s][info][gc,phases      ] GC(1154)   Merge Heap Roots: 0.37ms
[460.956s][info][gc,phases      ] GC(1154)   Evacuate Collection Set: 77.16ms
[460.956s][info][gc,phases      ] GC(1154)   Post Evacuate Collection Set: 0.71ms
[460.956s][info][gc,phases      ] GC(1154)   Other: 0.12ms
[460.956s][info][gc,heap        ] GC(1154) Eden regions: 307->0(320)
[460.956s][info][gc,heap        ] GC(1154) Survivor regions: 38->20(44)
[460.956s][info][gc,heap        ] GC(1154) Old regions: 490->500
[460.956s][info][gc,heap        ] GC(1154) Humongous regions: 9->9
[460.956s][info][gc,metaspace   ] GC(1154) Metaspace: 19018K(19136K)->19018K(19136K) NonClass: 17188K(17280K)->17188K(17280K) Class: 1829K(1856K)->1829K(1856K)
[460.956s][info][gc             ] GC(1154) Pause Young (Mixed) (G1 Evacuation Pause) 843M->528M(978M) 78.964ms
[460.956s][info][gc,cpu         ] GC(1154) User=0.15s Sys=0.01s Real=0.08s
[461.482s][info][gc,start       ] GC(1155) Pause Young (Concurrent Start) (G1 Evacuation Pause)
[461.482s][info][gc,task        ] GC(1155) Using 2 workers of 2 for evacuation
[461.523s][info][gc,phases      ] GC(1155)   Pre Evacuate Collection Set: 0.34ms
[461.523s][info][gc,phases      ] GC(1155)   Merge Heap Roots: 0.32ms
[461.523s][info][gc,phases      ] GC(1155)   Evacuate Collection Set: 39.22ms
[461.523s][info][gc,phases      ] GC(1155)   Post Evacuate Collection Set: 0.67ms
[461.523s][info][gc,phases      ] GC(1155)   Other: 0.24ms
[461.523s][info][gc,heap        ] GC(1155) Eden regions: 320->0(340)
[461.523s][info][gc,heap        ] GC(1155) Survivor regions: 20->20(43)
[461.523s][info][gc,heap        ] GC(1155) Old regions: 500->500
[461.523s][info][gc,heap        ] GC(1155) Humongous regions: 9->9
[461.523s][info][gc,metaspace   ] GC(1155) Metaspace: 19018K(19136K)->19018K(19136K) NonClass: 17188K(17280K)->17188K(17280K) Class: 1829K(1856K)->1829K(1856K)
[461.523s][info][gc             ] GC(1155) Pause Young (Concurrent Start) (G1 Evacuation Pause) 848M->528M(978M) 41.081ms
[461.523s][info][gc             ] GC(1156) Concurrent Mark Cycle
[461.523s][info][gc,marking     ] GC(1156) Concurrent Scan Root Regions
[461.523s][info][gc,cpu         ] GC(1155) User=0.08s Sys=0.00s Real=0.04s
[461.589s][info][gc,marking     ] GC(1156) Concurrent Scan Root Regions 65.513ms
[461.589s][info][gc,marking     ] GC(1156) Concurrent Mark
[461.589s][info][gc,marking     ] GC(1156) Concurrent Mark From Roots
[461.589s][info][gc,task        ] GC(1156) Using 1 workers of 1 for marking
[462.795s][info][gc,start       ] GC(1157) Pause Young (Normal) (G1 Evacuation Pause)
[462.795s][info][gc,task        ] GC(1157) Using 2 workers of 2 for evacuation
[462.835s][info][gc,phases      ] GC(1157)   Pre Evacuate Collection Set: 0.31ms
[462.835s][info][gc,phases      ] GC(1157)   Merge Heap Roots: 0.34ms
[462.835s][info][gc,phases      ] GC(1157)   Evacuate Collection Set: 39.04ms
[462.835s][info][gc,phases      ] GC(1157)   Post Evacuate Collection Set: 0.69ms
[462.835s][info][gc,phases      ] GC(1157)   Other: 0.09ms
[462.835s][info][gc,heap        ] GC(1157) Eden regions: 340->0(358)
[462.835s][info][gc,heap        ] GC(1157) Survivor regions: 20->20(45)
[462.835s][info][gc,heap        ] GC(1157) Old regions: 500->500
[462.835s][info][gc,heap        ] GC(1157) Humongous regions: 9->9
[462.835s][info][gc,metaspace   ] GC(1157) Metaspace: 19018K(19136K)->19018K(19136K) NonClass: 17188K(17280K)->17188K(17280K) Class: 1829K(1856K)->1829K(1856K)
[462.835s][info][gc             ] GC(1157) Pause Young (Normal) (G1 Evacuation Pause) 868M->528M(978M) 40.793ms
[462.835s][info][gc,cpu         ] GC(1157) User=0.08s Sys=0.00s Real=0.04s
[463.203s][info][gc,marking     ] GC(1156) Concurrent Mark From Roots 1614.575ms
[463.203s][info][gc,marking     ] GC(1156) Concurrent Preclean
[463.204s][info][gc,marking     ] GC(1156) Concurrent Preclean 0.049ms
[463.204s][info][gc,start       ] GC(1156) Pause Remark
[463.213s][info][gc             ] GC(1156) Pause Remark 628M->626M(978M) 8.818ms
[463.213s][info][gc,cpu         ] GC(1156) User=0.02s Sys=0.00s Real=0.01s
[463.213s][info][gc,marking     ] GC(1156) Concurrent Mark 1623.899ms
[463.213s][info][gc,marking     ] GC(1156) Concurrent Rebuild Remembered Sets and Scrub Regions
[463.643s][info][gc,marking     ] GC(1156) Concurrent Rebuild Remembered Sets and Scrub Regions 430.475ms
[463.643s][info][gc,start       ] GC(1156) Pause Cleanup
[463.644s][info][gc             ] GC(1156) Pause Cleanup 851M->851M(978M) 0.116ms
[463.644s][info][gc,cpu         ] GC(1156) User=0.00s Sys=0.00s Real=0.00s
[463.644s][info][gc,marking     ] GC(1156) Concurrent Clear Claimed Marks
[463.644s][info][gc,marking     ] GC(1156) Concurrent Clear Claimed Marks 0.035ms
[463.644s][info][gc,marking     ] GC(1156) Concurrent Cleanup for Next Mark
[463.651s][info][gc,marking     ] GC(1156) Concurrent Cleanup for Next Mark 6.950ms
[463.651s][info][gc             ] GC(1156) Concurrent Mark Cycle 2127.491ms
[463.692s][info][gc,start       ] GC(1158) Pause Young (Prepare Mixed) (G1 Evacuation Pause)
[463.693s][info][gc,task        ] GC(1158) Using 2 workers of 2 for evacuation
[463.775s][info][gc,phases      ] GC(1158)   Pre Evacuate Collection Set: 0.32ms
[463.775s][info][gc,phases      ] GC(1158)   Merge Heap Roots: 0.68ms
[463.775s][info][gc,phases      ] GC(1158)   Evacuate Collection Set: 80.96ms
[463.775s][info][gc,phases      ] GC(1158)   Post Evacuate Collection Set: 0.75ms
[463.775s][info][gc,phases      ] GC(1158)   Other: 0.09ms
[463.775s][info][gc,heap        ] GC(1158) Eden regions: 358->0(320)
[463.776s][info][gc,heap        ] GC(1158) Survivor regions: 20->48(48)
[463.776s][info][gc,heap        ] GC(1158) Old regions: 500->505
[463.776s][info][gc,heap        ] GC(1158) Humongous regions: 7->7
[463.776s][info][gc,metaspace   ] GC(1158) Metaspace: 19018K(19136K)->19018K(19136K) NonClass: 17188K(17280K)->17188K(17280K) Class: 1829K(1856K)->1829K(1856K)
[463.776s][info][gc             ] GC(1158) Pause Young (Prepare Mixed) (G1 Evacuation Pause) 884M->559M(978M) 83.071ms
[463.776s][info][gc,cpu         ] GC(1158) User=0.17s Sys=0.00s Real=0.08s
[464.080s][info][gc,start       ] GC(1159) Pause Young (Mixed) (G1 Evacuation Pause)
[464.080s][info][gc,task        ] GC(1159) Using 2 workers of 2 for evacuation
[464.162s][info][gc,phases      ] GC(1159)   Pre Evacuate Collection Set: 0.52ms
[464.162s][info][gc,phases      ] GC(1159)   Merge Heap Roots: 0.45ms
[464.162s][info][gc,phases      ] GC(1159)   Evacuate Collection Set: 80.67ms
[464.162s][info][gc,phases      ] GC(1159)   Post Evacuate Collection Set: 0.63ms
[464.162s][info][gc,phases      ] GC(1159)   Other: 0.09ms
[464.162s][info][gc,heap        ] GC(1159) Eden regions: 320->0(341)
[464.162s][info][gc,heap        ] GC(1159) Survivor regions: 48->6(46)
[464.162s][info][gc,heap        ] GC(1159) Old regions: 505->543
[464.162s][info][gc,heap        ] GC(1159) Humongous regions: 7->7
[464.162s][info][gc,metaspace   ] GC(1159) Metaspace: 19018K(19136K)->19018K(19136K) NonClass: 17188K(17280K)->17188K(17280K) Class: 1829K(1856K)->1829K(1856K)
[464.162s][info][gc             ] GC(1159) Pause Young (Mixed) (G1 Evacuation Pause) 879M->555M(978M) 82.664ms
[464.162s][info][gc,cpu         ] GC(1159) User=0.16s Sys=0.00s Real=0.08s
[464.559s][info][gc,start       ] GC(1160) Pause Young (Concurrent Start) (G1 Evacuation Pause)
[464.559s][info][gc,task        ] GC(1160) Using 2 workers of 2 for evacuation
[464.590s][info][gc,phases      ] GC(1160)   Pre Evacuate Collection Set: 0.35ms
[464.590s][info][gc,phases      ] GC(1160)   Merge Heap Roots: 0.22ms
[464.590s][info][gc,phases      ] GC(1160)   Evacuate Collection Set: 29.58ms
[464.590s][info][gc,phases      ] GC(1160)   Post Evacuate Collection Set: 0.63ms
[464.590s][info][gc,phases      ] GC(1160)   Other: 0.15ms
[464.590s][info][gc,heap        ] GC(1160) Eden regions: 341->0(330)
[464.590s][info][gc,heap        ] GC(1160) Survivor regions: 6->22(44)
[464.590s][info][gc,heap        ] GC(1160) Old regions: 543->543
[464.590s][info][gc,heap        ] GC(1160) Humongous regions: 7->7
[464.590s][info][gc,metaspace   ] GC(1160) Metaspace: 19018K(19136K)->19018K(19136K) NonClass: 17188K(17280K)->17188K(17280K) Class: 1829K(1856K)->1829K(1856K)
[464.590s][info][gc             ] GC(1160) Pause Young (Concurrent Start) (G1 Evacuation Pause) 896M->571M(978M) 31.224ms
[464.590s][info][gc             ] GC(1161) Concurrent Mark Cycle
[464.590s][info][gc,marking     ] GC(1161) Concurrent Scan Root Regions
[464.591s][info][gc,cpu         ] GC(1160) User=0.06s Sys=0.00s Real=0.03s
[464.634s][info][gc,marking     ] GC(1161) Concurrent Scan Root Regions 43.697ms
[464.634s][info][gc,marking     ] GC(1161) Concurrent Mark
[464.634s][info][gc,marking     ] GC(1161) Concurrent Mark From Roots
[464.634s][info][gc,task        ] GC(1161) Using 1 workers of 1 for marking
[465.045s][info][gc,start       ] GC(1162) Pause Young (Normal) (G1 Evacuation Pause)
[465.045s][info][gc,task        ] GC(1162) Using 2 workers of 2 for evacuation
[465.139s][info][gc,phases      ] GC(1162)   Pre Evacuate Collection Set: 0.33ms
[465.139s][info][gc,phases      ] GC(1162)   Merge Heap Roots: 0.39ms
[465.139s][info][gc,phases      ] GC(1162)   Evacuate Collection Set: 91.83ms
[465.139s][info][gc,phases      ] GC(1162)   Post Evacuate Collection Set: 0.67ms
[465.139s][info][gc,phases      ] GC(1162)   Other: 0.14ms
[465.139s][info][gc,heap        ] GC(1162) Eden regions: 330->0(263)
[465.139s][info][gc,heap        ] GC(1162) Survivor regions: 22->44(44)
[465.139s][info][gc,heap        ] GC(1162) Old regions: 543->570
[465.139s][info][gc,heap        ] GC(1162) Humongous regions: 7->7
[465.139s][info][gc,metaspace   ] GC(1162) Metaspace: 19018K(19136K)->19018K(19136K) NonClass: 17188K(17280K)->17188K(17280K) Class: 1829K(1856K)->1829K(1856K)
[465.139s][info][gc             ] GC(1162) Pause Young (Normal) (G1 Evacuation Pause) 901M->620M(978M) 93.633ms
[465.139s][info][gc,cpu         ] GC(1162) User=0.18s Sys=0.00s Real=0.10s
[465.662s][info][gc,start       ] GC(1163) Pause Young (Normal) (G1 Evacuation Pause)
[465.662s][info][gc,task        ] GC(1163) Using 2 workers of 2 for evacuation
[465.720s][info][gc,phases      ] GC(1163)   Pre Evacuate Collection Set: 0.51ms
[465.720s][info][gc,phases      ] GC(1163)   Merge Heap Roots: 0.29ms
[465.720s][info][gc,phases      ] GC(1163)   Evacuate Collection Set: 56.37ms
[465.720s][info][gc,phases      ] GC(1163)   Post Evacuate Collection Set: 0.56ms
[465.720s][info][gc,phases      ] GC(1163)   Other: 0.09ms
[465.720s][info][gc,heap        ] GC(1163) Eden regions: 263->0(282)
[465.720s][info][gc,heap        ] GC(1163) Survivor regions: 44->6(39)
[465.720s][info][gc,heap        ] GC(1163) Old regions: 570->615
[465.720s][info][gc,heap        ] GC(1163) Humongous regions: 7->7
[465.720s][info][gc,metaspace   ] GC(1163) Metaspace: 19018K(19136K)->19018K(19136K) NonClass: 17188K(17280K)->17188K(17280K) Class: 1829K(1856K)->1829K(1856K)
[465.720s][info][gc             ] GC(1163) Pause Young (Normal) (G1 Evacuation Pause) 883M->626M(978M) 58.112ms
[465.721s][info][gc,cpu         ] GC(1163) User=0.11s Sys=0.00s Real=0.06s
[466.449s][info][gc,start       ] GC(1164) Pause Young (Normal) (G1 Evacuation Pause)
[466.449s][info][gc,task        ] GC(1164) Using 2 workers of 2 for evacuation
[466.489s][info][gc,phases      ] GC(1164)   Pre Evacuate Collection Set: 0.29ms
[466.489s][info][gc,phases      ] GC(1164)   Merge Heap Roots: 0.31ms
[466.489s][info][gc,phases      ] GC(1164)   Evacuate Collection Set: 38.62ms
[466.489s][info][gc,phases      ] GC(1164)   Post Evacuate Collection Set: 0.56ms
[466.489s][info][gc,phases      ] GC(1164)   Other: 0.12ms
[466.489s][info][gc,heap        ] GC(1164) Eden regions: 282->0(246)
[466.489s][info][gc,heap        ] GC(1164) Survivor regions: 6->30(36)
[466.489s][info][gc,heap        ] GC(1164) Old regions: 615->615
[466.489s][info][gc,heap        ] GC(1164) Humongous regions: 7->7
[466.489s][info][gc,metaspace   ] GC(1164) Metaspace: 19018K(19136K)->19018K(19136K) NonClass: 17188K(17280K)->17188K(17280K) Class: 1829K(1856K)->1829K(1856K)
[466.489s][info][gc             ] GC(1164) Pause Young (Normal) (G1 Evacuation Pause) 908M->651M(978M) 40.153ms
[466.489s][info][gc,cpu         ] GC(1164) User=0.08s Sys=0.00s Real=0.04s
[466.549s][info][gc,marking     ] GC(1161) Concurrent Mark From Roots 1915.077ms
[466.549s][info][gc,marking     ] GC(1161) Concurrent Preclean
[466.549s][info][gc,marking     ] GC(1161) Concurrent Preclean 0.062ms
[466.550s][info][gc,start       ] GC(1161) Pause Remark
[466.559s][info][gc             ] GC(1161) Pause Remark 662M->662M(978M) 9.117ms
[466.559s][info][gc,cpu         ] GC(1161) User=0.02s Sys=0.00s Real=0.01s
[466.561s][info][gc,marking     ] GC(1161) Concurrent Mark 1926.944ms
[466.561s][info][gc,marking     ] GC(1161) Concurrent Rebuild Remembered Sets and Scrub Regions
[467.307s][info][gc,marking     ] GC(1161) Concurrent Rebuild Remembered Sets and Scrub Regions 745.539ms
[467.307s][info][gc,start       ] GC(1161) Pause Cleanup
[467.307s][info][gc             ] GC(1161) Pause Cleanup 834M->834M(978M) 0.105ms
[467.307s][info][gc,cpu         ] GC(1161) User=0.00s Sys=0.00s Real=0.00s
[467.309s][info][gc,marking     ] GC(1161) Concurrent Clear Claimed Marks
[467.309s][info][gc,marking     ] GC(1161) Concurrent Clear Claimed Marks 0.050ms
[467.309s][info][gc,marking     ] GC(1161) Concurrent Cleanup for Next Mark
[467.314s][info][gc,marking     ] GC(1161) Concurrent Cleanup for Next Mark 5.334ms
[467.314s][info][gc             ] GC(1161) Concurrent Mark Cycle 2723.744ms
[467.484s][info][gc,start       ] GC(1165) Pause Young (Prepare Mixed) (G1 Evacuation Pause)
[467.484s][info][gc,task        ] GC(1165) Using 2 workers of 2 for evacuation
[467.522s][info][gc,phases      ] GC(1165)   Pre Evacuate Collection Set: 0.35ms
[467.522s][info][gc,phases      ] GC(1165)   Merge Heap Roots: 0.32ms
[467.522s][info][gc,phases      ] GC(1165)   Evacuate Collection Set: 36.28ms
[467.522s][info][gc,phases      ] GC(1165)   Post Evacuate Collection Set: 0.62ms
[467.522s][info][gc,phases      ] GC(1165)   Other: 0.10ms
[467.522s][info][gc,heap        ] GC(1165) Eden regions: 246->0(269)
[467.522s][info][gc,heap        ] GC(1165) Survivor regions: 30->1(35)
[467.522s][info][gc,heap        ] GC(1165) Old regions: 615->645
[467.522s][info][gc,heap        ] GC(1165) Humongous regions: 7->7
[467.522s][info][gc,metaspace   ] GC(1165) Metaspace: 19018K(19136K)->19018K(19136K) NonClass: 17188K(17280K)->17188K(17280K) Class: 1829K(1856K)->1829K(1856K)
[467.522s][info][gc             ] GC(1165) Pause Young (Prepare Mixed) (G1 Evacuation Pause) 897M->652M(978M) 37.913ms
[467.522s][info][gc,cpu         ] GC(1165) User=0.07s Sys=0.00s Real=0.04s
[468.195s][info][gc,start       ] GC(1166) Pause Young (Mixed) (G1 Evacuation Pause)
[468.195s][info][gc,task        ] GC(1166) Using 2 workers of 2 for evacuation
[468.318s][info][gc,phases      ] GC(1166)   Pre Evacuate Collection Set: 0.35ms
[468.318s][info][gc,phases      ] GC(1166)   Merge Heap Roots: 2.14ms
[468.318s][info][gc,phases      ] GC(1166)   Evacuate Collection Set: 118.49ms
[468.318s][info][gc,phases      ] GC(1166)   Post Evacuate Collection Set: 1.46ms
[468.318s][info][gc,phases      ] GC(1166)   Other: 0.11ms
[468.318s][info][gc,heap        ] GC(1166) Eden regions: 269->0(282)
[468.318s][info][gc,heap        ] GC(1166) Survivor regions: 1->1(34)
[468.318s][info][gc,heap        ] GC(1166) Old regions: 645->637
[468.318s][info][gc,heap        ] GC(1166) Humongous regions: 7->7
[468.318s][info][gc,metaspace   ] GC(1166) Metaspace: 19018K(19136K)->19018K(19136K) NonClass: 17188K(17280K)->17188K(17280K) Class: 1829K(1856K)->1829K(1856K)
[468.318s][info][gc             ] GC(1166) Pause Young (Mixed) (G1 Evacuation Pause) 921M->644M(978M) 122.851ms
[468.318s][info][gc,cpu         ] GC(1166) User=0.24s Sys=0.00s Real=0.12s
[469.022s][info][gc,start       ] GC(1167) Pause Young (Concurrent Start) (G1 Evacuation Pause)
[469.022s][info][gc,task        ] GC(1167) Using 2 workers of 2 for evacuation
[469.028s][info][gc,phases      ] GC(1167)   Pre Evacuate Collection Set: 0.35ms
[469.028s][info][gc,phases      ] GC(1167)   Merge Heap Roots: 0.14ms
[469.028s][info][gc,phases      ] GC(1167)   Evacuate Collection Set: 4.26ms
[469.028s][info][gc,phases      ] GC(1167)   Post Evacuate Collection Set: 0.58ms
[469.028s][info][gc,phases      ] GC(1167)   Other: 0.16ms
[469.028s][info][gc,heap        ] GC(1167) Eden regions: 282->0(278)
[469.028s][info][gc,heap        ] GC(1167) Survivor regions: 1->3(36)
[469.028s][info][gc,heap        ] GC(1167) Old regions: 637->637
[469.028s][info][gc,heap        ] GC(1167) Humongous regions: 7->7
[469.028s][info][gc,metaspace   ] GC(1167) Metaspace: 19018K(19136K)->19018K(19136K) NonClass: 17188K(17280K)->17188K(17280K) Class: 1829K(1856K)->1829K(1856K)
[469.028s][info][gc             ] GC(1167) Pause Young (Concurrent Start) (G1 Evacuation Pause) 926M->646M(978M) 5.746ms
[469.028s][info][gc,cpu         ] GC(1167) User=0.01s Sys=0.00s Real=0.00s
[469.028s][info][gc             ] GC(1168) Concurrent Mark Cycle
[469.028s][info][gc,marking     ] GC(1168) Concurrent Scan Root Regions
[469.036s][info][gc,marking     ] GC(1168) Concurrent Scan Root Regions 8.356ms
[469.036s][info][gc,marking     ] GC(1168) Concurrent Mark
[469.036s][info][gc,marking     ] GC(1168) Concurrent Mark From Roots
[469.036s][info][gc,task        ] GC(1168) Using 1 workers of 1 for marking
[469.714s][info][gc,start       ] GC(1169) Pause Young (Normal) (G1 Evacuation Pause)
[469.714s][info][gc,task        ] GC(1169) Using 2 workers of 2 for evacuation
[469.799s][info][gc,phases      ] GC(1169)   Pre Evacuate Collection Set: 0.52ms
[469.799s][info][gc,phases      ] GC(1169)   Merge Heap Roots: 0.14ms
[469.799s][info][gc,phases      ] GC(1169)   Evacuate Collection Set: 76.13ms
[469.799s][info][gc,phases      ] GC(1169)   Post Evacuate Collection Set: 8.11ms
[469.799s][info][gc,phases      ] GC(1169)   Other: 0.11ms
[469.799s][info][gc,heap        ] GC(1169) Eden regions: 278->0(101)
[469.799s][info][gc,heap        ] GC(1169) Survivor regions: 3->36(36)
[469.799s][info][gc,heap        ] GC(1169) Old regions: 637->748
[469.799s][info][gc,heap        ] GC(1169) Humongous regions: 7->7
[469.799s][info][gc,metaspace   ] GC(1169) Metaspace: 19018K(19136K)->19018K(19136K) NonClass: 17189K(17280K)->17189K(17280K) Class: 1829K(1856K)->1829K(1856K)
[469.799s][info][gc             ] GC(1169) Pause Young (Normal) (G1 Evacuation Pause) (Evacuation Failure: Allocation) 924M->790M(978M) 85.310ms
[469.799s][info][gc,cpu         ] GC(1169) User=0.16s Sys=0.00s Real=0.09s
[469.995s][info][gc,start       ] GC(1170) Pause Young (Normal) (G1 Evacuation Pause)
[469.995s][info][gc,task        ] GC(1170) Using 2 workers of 2 for evacuation
[470.057s][info][gc,phases      ] GC(1170)   Pre Evacuate Collection Set: 0.55ms
[470.057s][info][gc,phases      ] GC(1170)   Merge Heap Roots: 0.38ms
[470.057s][info][gc,phases      ] GC(1170)   Evacuate Collection Set: 59.65ms
[470.057s][info][gc,phases      ] GC(1170)   Post Evacuate Collection Set: 0.57ms
[470.057s][info][gc,phases      ] GC(1170)   Other: 0.09ms
[470.057s][info][gc,heap        ] GC(1170) Eden regions: 101->0(202)
[470.057s][info][gc,heap        ] GC(1170) Survivor regions: 36->3(18)
[470.057s][info][gc,heap        ] GC(1170) Old regions: 748->712
[470.057s][info][gc,heap        ] GC(1170) Humongous regions: 7->7
[470.057s][info][gc,metaspace   ] GC(1170) Metaspace: 19018K(19136K)->19018K(19136K) NonClass: 17189K(17280K)->17189K(17280K) Class: 1829K(1856K)->1829K(1856K)
[470.057s][info][gc             ] GC(1170) Pause Young (Normal) (G1 Evacuation Pause) 891M->720M(978M) 61.530ms
[470.057s][info][gc,cpu         ] GC(1170) User=0.12s Sys=0.00s Real=0.06s
[470.600s][info][gc,start       ] GC(1171) Pause Young (Normal) (G1 Evacuation Pause)
[470.600s][info][gc,task        ] GC(1171) Using 2 workers of 2 for evacuation
[470.664s][info][gc,phases      ] GC(1171)   Pre Evacuate Collection Set: 0.54ms
[470.664s][info][gc,phases      ] GC(1171)   Merge Heap Roots: 0.36ms
[470.664s][info][gc,phases      ] GC(1171)   Evacuate Collection Set: 61.72ms
[470.664s][info][gc,phases      ] GC(1171)   Post Evacuate Collection Set: 0.72ms
[470.664s][info][gc,phases      ] GC(1171)   Other: 0.11ms
[470.664s][info][gc,heap        ] GC(1171) Eden regions: 202->0(140)
[470.664s][info][gc,heap        ] GC(1171) Survivor regions: 3->26(26)
[470.664s][info][gc,heap        ] GC(1171) Old regions: 712->726
[470.664s][info][gc,heap        ] GC(1171) Humongous regions: 10->10
[470.664s][info][gc,metaspace   ] GC(1171) Metaspace: 19018K(19136K)->19018K(19136K) NonClass: 17189K(17280K)->17189K(17280K) Class: 1829K(1856K)->1829K(1856K)
[470.664s][info][gc             ] GC(1171) Pause Young (Normal) (G1 Evacuation Pause) 925M->761M(978M) 63.690ms
[470.664s][info][gc,cpu         ] GC(1171) User=0.13s Sys=0.00s Real=0.06s
[470.932s][info][gc,start       ] GC(1172) Pause Young (Normal) (G1 Evacuation Pause)
[470.932s][info][gc,task        ] GC(1172) Using 2 workers of 2 for evacuation
[471.029s][info][gc,phases      ] GC(1172)   Pre Evacuate Collection Set: 0.51ms
[471.029s][info][gc,phases      ] GC(1172)   Merge Heap Roots: 0.74ms
[471.029s][info][gc,phases      ] GC(1172)   Evacuate Collection Set: 94.66ms
[471.029s][info][gc,phases      ] GC(1172)   Post Evacuate Collection Set: 0.83ms
[471.029s][info][gc,phases      ] GC(1172)   Other: 0.10ms
[471.029s][info][gc,heap        ] GC(1172) Eden regions: 140->0(101)
[471.029s][info][gc,heap        ] GC(1172) Survivor regions: 26->21(21)
[471.029s][info][gc,heap        ] GC(1172) Old regions: 726->775
[471.029s][info][gc,heap        ] GC(1172) Humongous regions: 10->10
[471.029s][info][gc,metaspace   ] GC(1172) Metaspace: 19018K(19136K)->19018K(19136K) NonClass: 17189K(17280K)->17189K(17280K) Class: 1829K(1856K)->1829K(1856K)
[471.029s][info][gc             ] GC(1172) Pause Young (Normal) (G1 Evacuation Pause) 901M->805M(978M) 97.105ms
[471.029s][info][gc,cpu         ] GC(1172) User=0.19s Sys=0.00s Real=0.10s
[471.256s][info][gc,marking     ] GC(1168) Concurrent Mark From Roots 2219.405ms
[471.256s][info][gc,marking     ] GC(1168) Concurrent Preclean
[471.256s][info][gc,marking     ] GC(1168) Concurrent Preclean 0.059ms
[471.256s][info][gc,start       ] GC(1168) Pause Remark
[471.265s][info][gc             ] GC(1168) Pause Remark 882M->823M(978M) 8.862ms
[471.265s][info][gc,cpu         ] GC(1168) User=0.02s Sys=0.00s Real=0.01s
[471.265s][info][gc,marking     ] GC(1168) Concurrent Mark 2228.677ms
[471.265s][info][gc,marking     ] GC(1168) Concurrent Rebuild Remembered Sets and Scrub Regions
[471.316s][info][gc,start       ] GC(1173) Pause Young (Normal) (G1 Evacuation Pause)
[471.316s][info][gc,task        ] GC(1173) Using 2 workers of 2 for evacuation
[471.362s][info][gc,phases      ] GC(1173)   Pre Evacuate Collection Set: 0.54ms
[471.362s][info][gc,phases      ] GC(1173)   Merge Heap Roots: 0.34ms
[471.362s][info][gc,phases      ] GC(1173)   Evacuate Collection Set: 44.82ms
[471.362s][info][gc,phases      ] GC(1173)   Post Evacuate Collection Set: 0.43ms
[471.362s][info][gc,phases      ] GC(1173)   Other: 0.11ms
[471.362s][info][gc,heap        ] GC(1173) Eden regions: 101->0(132)
[471.362s][info][gc,heap        ] GC(1173) Survivor regions: 21->16(16)
[471.362s][info][gc,heap        ] GC(1173) Old regions: 717->742
[471.362s][info][gc,heap        ] GC(1173) Humongous regions: 9->9
[471.362s][info][gc,metaspace   ] GC(1173) Metaspace: 19018K(19136K)->19018K(19136K) NonClass: 17189K(17280K)->17189K(17280K) Class: 1829K(1856K)->1829K(1856K)
[471.362s][info][gc             ] GC(1173) Pause Young (Normal) (G1 Evacuation Pause) 847M->766M(978M) 46.533ms
[471.362s][info][gc,cpu         ] GC(1173) User=0.09s Sys=0.00s Real=0.05s
[471.641s][info][gc,start       ] GC(1174) Pause Young (Normal) (G1 Evacuation Pause)
[471.641s][info][gc,task        ] GC(1174) Using 2 workers of 2 for evacuation
[471.659s][info][gc,phases      ] GC(1174)   Pre Evacuate Collection Set: 0.32ms
[471.659s][info][gc,phases      ] GC(1174)   Merge Heap Roots: 0.15ms
[471.659s][info][gc,phases      ] GC(1174)   Evacuate Collection Set: 16.78ms
[471.659s][info][gc,phases      ] GC(1174)   Post Evacuate Collection Set: 0.39ms
[471.659s][info][gc,phases      ] GC(1174)   Other: 0.11ms
[471.659s][info][gc,heap        ] GC(1174) Eden regions: 132->0(141)
[471.659s][info][gc,heap        ] GC(1174) Survivor regions: 16->1(19)
[471.659s][info][gc,heap        ] GC(1174) Old regions: 742->758
[471.659s][info][gc,heap        ] GC(1174) Humongous regions: 9->9
[471.659s][info][gc,metaspace   ] GC(1174) Metaspace: 19018K(19136K)->19018K(19136K) NonClass: 17189K(17280K)->17189K(17280K) Class: 1829K(1856K)->1829K(1856K)
[471.659s][info][gc             ] GC(1174) Pause Young (Normal) (G1 Evacuation Pause) 898M->767M(978M) 18.028ms
[471.659s][info][gc,cpu         ] GC(1174) User=0.03s Sys=0.00s Real=0.02s
[471.924s][info][gc,start       ] GC(1175) Pause Young (Normal) (G1 Evacuation Pause)
[471.924s][info][gc,task        ] GC(1175) Using 2 workers of 2 for evacuation
[471.926s][info][gc,phases      ] GC(1175)   Pre Evacuate Collection Set: 0.50ms
[471.926s][info][gc,phases      ] GC(1175)   Merge Heap Roots: 0.07ms
[471.926s][info][gc,phases      ] GC(1175)   Evacuate Collection Set: 0.96ms
[471.926s][info][gc,phases      ] GC(1175)   Post Evacuate Collection Set: 0.35ms
[471.926s][info][gc,phases      ] GC(1175)   Other: 0.12ms
[471.926s][info][gc,heap        ] GC(1175) Eden regions: 141->0(152)
[471.926s][info][gc,heap        ] GC(1175) Survivor regions: 1->1(18)
[471.926s][info][gc,heap        ] GC(1175) Old regions: 758->758
[471.926s][info][gc,heap        ] GC(1175) Humongous regions: 9->9
[471.927s][info][gc,metaspace   ] GC(1175) Metaspace: 19018K(19136K)->19018K(19136K) NonClass: 17189K(17280K)->17189K(17280K) Class: 1829K(1856K)->1829K(1856K)
[471.927s][info][gc             ] GC(1175) Pause Young (Normal) (G1 Evacuation Pause) 908M->767M(978M) 2.239ms
[471.927s][info][gc,cpu         ] GC(1175) User=0.00s Sys=0.00s Real=0.00s
[472.046s][info][gc,marking     ] GC(1168) Concurrent Rebuild Remembered Sets and Scrub Regions 781.356ms
[472.047s][info][gc,start       ] GC(1168) Pause Cleanup
[472.047s][info][gc             ] GC(1168) Pause Cleanup 827M->827M(978M) 0.148ms
[472.047s][info][gc,cpu         ] GC(1168) User=0.00s Sys=0.00s Real=0.00s
[472.047s][info][gc,marking     ] GC(1168) Concurrent Clear Claimed Marks
[472.047s][info][gc,marking     ] GC(1168) Concurrent Clear Claimed Marks 0.041ms
[472.047s][info][gc,marking     ] GC(1168) Concurrent Cleanup for Next Mark
[472.050s][info][gc,marking     ] GC(1168) Concurrent Cleanup for Next Mark 2.997ms
[472.050s][info][gc             ] GC(1168) Concurrent Mark Cycle 3022.095ms
[472.161s][info][gc,start       ] GC(1176) Pause Young (Prepare Mixed) (G1 Evacuation Pause)
[472.161s][info][gc,task        ] GC(1176) Using 2 workers of 2 for evacuation
[472.163s][info][gc,phases      ] GC(1176)   Pre Evacuate Collection Set: 0.31ms
[472.163s][info][gc,phases      ] GC(1176)   Merge Heap Roots: 0.08ms
[472.163s][info][gc,phases      ] GC(1176)   Evacuate Collection Set: 1.27ms
[472.163s][info][gc,phases      ] GC(1176)   Post Evacuate Collection Set: 0.39ms
[472.163s][info][gc,phases      ] GC(1176)   Other: 0.08ms
[472.163s][info][gc,heap        ] GC(1176) Eden regions: 152->0(107)
[472.164s][info][gc,heap        ] GC(1176) Survivor regions: 1->1(20)
[472.164s][info][gc,heap        ] GC(1176) Old regions: 758->758
[472.164s][info][gc,heap        ] GC(1176) Humongous regions: 9->9
[472.164s][info][gc,metaspace   ] GC(1176) Metaspace: 19018K(19136K)->19018K(19136K) NonClass: 17189K(17280K)->17189K(17280K) Class: 1829K(1856K)->1829K(1856K)
[472.164s][info][gc             ] GC(1176) Pause Young (Prepare Mixed) (G1 Evacuation Pause) 919M->767M(978M) 2.430ms
[472.164s][info][gc,cpu         ] GC(1176) User=0.00s Sys=0.00s Real=0.00s
[472.315s][info][gc,start       ] GC(1177) Pause Young (Mixed) (G1 Evacuation Pause)
[472.315s][info][gc,task        ] GC(1177) Using 2 workers of 2 for evacuation
[472.317s][info][gc,phases      ] GC(1177)   Pre Evacuate Collection Set: 0.36ms
[472.317s][info][gc,phases      ] GC(1177)   Merge Heap Roots: 0.09ms
[472.317s][info][gc,phases      ] GC(1177)   Evacuate Collection Set: 1.22ms
[472.317s][info][gc,phases      ] GC(1177)   Post Evacuate Collection Set: 0.36ms
[472.317s][info][gc,phases      ] GC(1177)   Other: 0.13ms
[472.317s][info][gc,heap        ] GC(1177) Eden regions: 116->0(143)
[472.317s][info][gc,heap        ] GC(1177) Survivor regions: 1->1(15)
[472.317s][info][gc,heap        ] GC(1177) Old regions: 758->756
[472.317s][info][gc,heap        ] GC(1177) Humongous regions: 9->9
[472.317s][info][gc,metaspace   ] GC(1177) Metaspace: 19018K(19136K)->19018K(19136K) NonClass: 17189K(17280K)->17189K(17280K) Class: 1829K(1856K)->1829K(1856K)
[472.317s][info][gc             ] GC(1177) Pause Young (Mixed) (G1 Evacuation Pause) 883M->764M(978M) 2.404ms
[472.317s][info][gc,cpu         ] GC(1177) User=0.01s Sys=0.00s Real=0.00s
[472.527s][info][gc,start       ] GC(1178) Pause Young (Mixed) (G1 Evacuation Pause)
[472.527s][info][gc,task        ] GC(1178) Using 2 workers of 2 for evacuation
[472.532s][info][gc,phases      ] GC(1178)   Pre Evacuate Collection Set: 0.54ms
[472.532s][info][gc,phases      ] GC(1178)   Merge Heap Roots: 0.13ms
[472.532s][info][gc,phases      ] GC(1178)   Evacuate Collection Set: 2.24ms
[472.532s][info][gc,phases      ] GC(1178)   Merge Optional Heap Roots: 0.07ms
[472.532s][info][gc,phases      ] GC(1178)   Evacuate Optional Collection Set: 1.29ms
[472.532s][info][gc,phases      ] GC(1178)   Post Evacuate Collection Set: 0.48ms
[472.532s][info][gc,phases      ] GC(1178)   Other: 0.11ms
[472.532s][info][gc,heap        ] GC(1178) Eden regions: 161->0(179)
[472.532s][info][gc,heap        ] GC(1178) Survivor regions: 1->1(21)
[472.532s][info][gc,heap        ] GC(1178) Old regions: 756->738
[472.532s][info][gc,heap        ] GC(1178) Humongous regions: 9->9
[472.532s][info][gc,metaspace   ] GC(1178) Metaspace: 19018K(19136K)->19018K(19136K) NonClass: 17189K(17280K)->17189K(17280K) Class: 1829K(1856K)->1829K(1856K)
[472.532s][info][gc             ] GC(1178) Pause Young (Mixed) (G1 Evacuation Pause) 925M->746M(978M) 5.115ms
[472.532s][info][gc,cpu         ] GC(1178) User=0.01s Sys=0.00s Real=0.01s
[472.753s][info][gc,start       ] GC(1179) Pause Young (Mixed) (G1 Evacuation Pause)
[472.753s][info][gc,task        ] GC(1179) Using 2 workers of 2 for evacuation
[472.757s][info][gc,phases      ] GC(1179)   Pre Evacuate Collection Set: 0.51ms
[472.757s][info][gc,phases      ] GC(1179)   Merge Heap Roots: 0.12ms
[472.757s][info][gc,phases      ] GC(1179)   Evacuate Collection Set: 2.75ms
[472.757s][info][gc,phases      ] GC(1179)   Post Evacuate Collection Set: 0.40ms
[472.757s][info][gc,phases      ] GC(1179)   Other: 0.10ms
[472.757s][info][gc,heap        ] GC(1179) Eden regions: 179->0(180)
[472.757s][info][gc,heap        ] GC(1179) Survivor regions: 1->1(23)
[472.757s][info][gc,heap        ] GC(1179) Old regions: 738->737
[472.757s][info][gc,heap        ] GC(1179) Humongous regions: 9->9
[472.757s][info][gc,metaspace   ] GC(1179) Metaspace: 19018K(19136K)->19018K(19136K) NonClass: 17189K(17280K)->17189K(17280K) Class: 1829K(1856K)->1829K(1856K)
[472.757s][info][gc             ] GC(1179) Pause Young (Mixed) (G1 Evacuation Pause) 925M->746M(978M) 4.133ms
[472.757s][info][gc,cpu         ] GC(1179) User=0.01s Sys=0.00s Real=0.00s
[472.988s][info][gc,start       ] GC(1180) Pause Young (Concurrent Start) (G1 Evacuation Pause)
[472.988s][info][gc,task        ] GC(1180) Using 2 workers of 2 for evacuation
[473.000s][info][gc,phases      ] GC(1180)   Pre Evacuate Collection Set: 0.33ms
[473.000s][info][gc,phases      ] GC(1180)   Merge Heap Roots: 0.17ms
[473.000s][info][gc,phases      ] GC(1180)   Evacuate Collection Set: 10.44ms
[473.000s][info][gc,phases      ] GC(1180)   Post Evacuate Collection Set: 0.51ms
[473.000s][info][gc,phases      ] GC(1180)   Other: 0.12ms
[473.000s][info][gc,heap        ] GC(1180) Eden regions: 180->0(172)
[473.000s][info][gc,heap        ] GC(1180) Survivor regions: 1->5(23)
[473.000s][info][gc,heap        ] GC(1180) Old regions: 737->737
[473.000s][info][gc,heap        ] GC(1180) Humongous regions: 9->9
[473.000s][info][gc,metaspace   ] GC(1180) Metaspace: 19018K(19136K)->19018K(19136K) NonClass: 17189K(17280K)->17189K(17280K) Class: 1829K(1856K)->1829K(1856K)
[473.000s][info][gc             ] GC(1180) Pause Young (Concurrent Start) (G1 Evacuation Pause) 926M->749M(978M) 11.859ms
[473.000s][info][gc,cpu         ] GC(1180) User=0.02s Sys=0.00s Real=0.02s
[473.000s][info][gc             ] GC(1181) Concurrent Mark Cycle
[473.000s][info][gc,marking     ] GC(1181) Concurrent Scan Root Regions
[473.015s][info][gc,marking     ] GC(1181) Concurrent Scan Root Regions 15.249ms
[473.015s][info][gc,marking     ] GC(1181) Concurrent Mark
[473.015s][info][gc,marking     ] GC(1181) Concurrent Mark From Roots
[473.015s][info][gc,task        ] GC(1181) Using 1 workers of 1 for marking
[473.502s][info][gc,start       ] GC(1182) Pause Young (Normal) (G1 Evacuation Pause)
[473.502s][info][gc,task        ] GC(1182) Using 2 workers of 2 for evacuation
[473.549s][info][gc,phases      ] GC(1182)   Pre Evacuate Collection Set: 0.33ms
[473.549s][info][gc,phases      ] GC(1182)   Merge Heap Roots: 0.40ms
[473.549s][info][gc,phases      ] GC(1182)   Evacuate Collection Set: 45.49ms
[473.549s][info][gc,phases      ] GC(1182)   Post Evacuate Collection Set: 0.58ms
[473.549s][info][gc,phases      ] GC(1182)   Other: 0.09ms
[473.549s][info][gc,heap        ] GC(1182) Eden regions: 172->0(137)
[473.549s][info][gc,heap        ] GC(1182) Survivor regions: 5->21(23)
[473.549s][info][gc,heap        ] GC(1182) Old regions: 737->737
[473.549s][info][gc,heap        ] GC(1182) Humongous regions: 12->12
[473.549s][info][gc,metaspace   ] GC(1182) Metaspace: 19018K(19136K)->19018K(19136K) NonClass: 17189K(17280K)->17189K(17280K) Class: 1829K(1856K)->1829K(1856K)
[473.549s][info][gc             ] GC(1182) Pause Young (Normal) (G1 Evacuation Pause) 924M->769M(978M) 47.175ms
[473.549s][info][gc,cpu         ] GC(1182) User=0.09s Sys=0.00s Real=0.05s
[474.037s][info][gc,start       ] GC(1183) Pause Young (Normal) (G1 Evacuation Pause)
[474.038s][info][gc,task        ] GC(1183) Using 2 workers of 2 for evacuation
[474.083s][info][gc,phases      ] GC(1183)   Pre Evacuate Collection Set: 0.29ms
[474.083s][info][gc,phases      ] GC(1183)   Merge Heap Roots: 0.35ms
[474.083s][info][gc,phases      ] GC(1183)   Evacuate Collection Set: 44.33ms
[474.083s][info][gc,phases      ] GC(1183)   Post Evacuate Collection Set: 0.41ms
[474.083s][info][gc,phases      ] GC(1183)   Other: 0.11ms
[474.083s][info][gc,heap        ] GC(1183) Eden regions: 137->0(157)
[474.083s][info][gc,heap        ] GC(1183) Survivor regions: 21->1(20)
[474.083s][info][gc,heap        ] GC(1183) Old regions: 737->757
[474.083s][info][gc,heap        ] GC(1183) Humongous regions: 12->12
[474.083s][info][gc,metaspace   ] GC(1183) Metaspace: 19018K(19136K)->19018K(19136K) NonClass: 17189K(17280K)->17189K(17280K) Class: 1829K(1856K)->1829K(1856K)
[474.083s][info][gc             ] GC(1183) Pause Young (Normal) (G1 Evacuation Pause) 906M->769M(978M) 45.756ms
[474.083s][info][gc,cpu         ] GC(1183) User=0.09s Sys=0.00s Real=0.05s
[474.378s][info][gc,marking     ] GC(1181) Concurrent Mark From Roots 1363.191ms
[474.379s][info][gc,marking     ] GC(1181) Concurrent Preclean
[474.379s][info][gc,marking     ] GC(1181) Concurrent Preclean 0.060ms
[474.379s][info][gc,start       ] GC(1181) Pause Remark
[474.388s][info][gc             ] GC(1181) Pause Remark 851M->630M(978M) 8.973ms
[474.388s][info][gc,cpu         ] GC(1181) User=0.02s Sys=0.00s Real=0.00s
[474.388s][info][gc,marking     ] GC(1181) Concurrent Mark 1372.600ms
[474.388s][info][gc,marking     ] GC(1181) Concurrent Rebuild Remembered Sets and Scrub Regions
[474.573s][info][gc,start       ] GC(1184) Pause Young (Normal) (G1 Evacuation Pause)
[474.573s][info][gc,task        ] GC(1184) Using 2 workers of 2 for evacuation
[474.574s][info][gc,phases      ] GC(1184)   Pre Evacuate Collection Set: 0.32ms
[474.574s][info][gc,phases      ] GC(1184)   Merge Heap Roots: 0.08ms
[474.574s][info][gc,phases      ] GC(1184)   Evacuate Collection Set: 0.20ms
[474.574s][info][gc,phases      ] GC(1184)   Post Evacuate Collection Set: 0.33ms
[474.574s][info][gc,phases      ] GC(1184)   Other: 0.12ms
[474.574s][info][gc,heap        ] GC(1184) Eden regions: 157->0(378)
[474.574s][info][gc,heap        ] GC(1184) Survivor regions: 1->1(20)
[474.574s][info][gc,heap        ] GC(1184) Old regions: 541->541
[474.574s][info][gc,heap        ] GC(1184) Humongous regions: 7->7
[474.574s][info][gc,metaspace   ] GC(1184) Metaspace: 19018K(19136K)->19018K(19136K) NonClass: 17189K(17280K)->17189K(17280K) Class: 1829K(1856K)->1829K(1856K)
[474.574s][info][gc             ] GC(1184) Pause Young (Normal) (G1 Evacuation Pause) 705M->548M(978M) 1.285ms
[474.574s][info][gc,cpu         ] GC(1184) User=0.00s Sys=0.00s Real=0.00s
[474.882s][info][gc,marking     ] GC(1181) Concurrent Rebuild Remembered Sets and Scrub Regions 494.306ms
[474.883s][info][gc,start       ] GC(1181) Pause Cleanup
[474.883s][info][gc             ] GC(1181) Pause Cleanup 714M->714M(978M) 0.190ms
[474.883s][info][gc,cpu         ] GC(1181) User=0.00s Sys=0.00s Real=0.00s
[474.883s][info][gc,marking     ] GC(1181) Concurrent Clear Claimed Marks
[474.884s][info][gc,marking     ] GC(1181) Concurrent Clear Claimed Marks 0.050ms
[474.884s][info][gc,marking     ] GC(1181) Concurrent Cleanup for Next Mark
[474.890s][info][gc,marking     ] GC(1181) Concurrent Cleanup for Next Mark 6.659ms
[474.890s][info][gc             ] GC(1181) Concurrent Mark Cycle 1890.306ms
[475.094s][info][gc,start       ] GC(1185) Pause Young (Prepare Mixed) (G1 Evacuation Pause)
[475.094s][info][gc,task        ] GC(1185) Using 2 workers of 2 for evacuation
[475.144s][info][gc,phases      ] GC(1185)   Pre Evacuate Collection Set: 0.54ms
[475.144s][info][gc,phases      ] GC(1185)   Merge Heap Roots: 0.26ms
[475.144s][info][gc,phases      ] GC(1185)   Evacuate Collection Set: 48.83ms
[475.144s][info][gc,phases      ] GC(1185)   Post Evacuate Collection Set: 0.67ms
[475.144s][info][gc,phases      ] GC(1185)   Other: 0.12ms
[475.144s][info][gc,heap        ] GC(1185) Eden regions: 378->0(10)
[475.144s][info][gc,heap        ] GC(1185) Survivor regions: 1->38(48)
[475.144s][info][gc,heap        ] GC(1185) Old regions: 541->541
[475.144s][info][gc,heap        ] GC(1185) Humongous regions: 7->7
[475.144s][info][gc,metaspace   ] GC(1185) Metaspace: 19020K(19136K)->19020K(19136K) NonClass: 17191K(17280K)->17191K(17280K) Class: 1829K(1856K)->1829K(1856K)
[475.145s][info][gc             ] GC(1185) Pause Young (Prepare Mixed) (G1 Evacuation Pause) 926M->585M(978M) 50.680ms
[475.145s][info][gc,cpu         ] GC(1185) User=0.10s Sys=0.00s Real=0.05s
[475.152s][info][gc,start       ] GC(1186) Pause Young (Mixed) (G1 Evacuation Pause)
[475.152s][info][gc,task        ] GC(1186) Using 2 workers of 2 for evacuation
[475.205s][info][gc,phases      ] GC(1186)   Pre Evacuate Collection Set: 0.29ms
[475.205s][info][gc,phases      ] GC(1186)   Merge Heap Roots: 0.16ms
[475.205s][info][gc,phases      ] GC(1186)   Evacuate Collection Set: 52.28ms
[475.205s][info][gc,phases      ] GC(1186)   Post Evacuate Collection Set: 0.38ms
[475.205s][info][gc,phases      ] GC(1186)   Other: 0.08ms
[475.205s][info][gc,heap        ] GC(1186) Eden regions: 10->0(309)
[475.206s][info][gc,heap        ] GC(1186) Survivor regions: 38->1(6)
[475.206s][info][gc,heap        ] GC(1186) Old regions: 541->564
[475.206s][info][gc,heap        ] GC(1186) Humongous regions: 7->7
[475.206s][info][gc,metaspace   ] GC(1186) Metaspace: 19020K(19136K)->19020K(19136K) NonClass: 17191K(17280K)->17191K(17280K) Class: 1829K(1856K)->1829K(1856K)
[475.206s][info][gc             ] GC(1186) Pause Young (Mixed) (G1 Evacuation Pause) 595M->571M(978M) 53.477ms
[475.206s][info][gc,cpu         ] GC(1186) User=0.11s Sys=0.00s Real=0.05s
[475.514s][info][gc,start       ] GC(1187) Pause Young (Mixed) (G1 Evacuation Pause)
[475.514s][info][gc,task        ] GC(1187) Using 2 workers of 2 for evacuation
[475.529s][info][gc,phases      ] GC(1187)   Pre Evacuate Collection Set: 0.34ms
[475.529s][info][gc,phases      ] GC(1187)   Merge Heap Roots: 0.26ms
[475.529s][info][gc,phases      ] GC(1187)   Evacuate Collection Set: 13.15ms
[475.529s][info][gc,phases      ] GC(1187)   Post Evacuate Collection Set: 0.58ms
[475.529s][info][gc,phases      ] GC(1187)   Other: 0.13ms
[475.529s][info][gc,heap        ] GC(1187) Eden regions: 319->0(352)
[475.529s][info][gc,heap        ] GC(1187) Survivor regions: 1->6(40)
[475.529s][info][gc,heap        ] GC(1187) Old regions: 564->549
[475.529s][info][gc,heap        ] GC(1187) Humongous regions: 7->7
[475.529s][info][gc,metaspace   ] GC(1187) Metaspace: 19020K(19136K)->19020K(19136K) NonClass: 17191K(17280K)->17191K(17280K) Class: 1829K(1856K)->1829K(1856K)
[475.529s][info][gc             ] GC(1187) Pause Young (Mixed) (G1 Evacuation Pause) 890M->561M(978M) 14.699ms
[475.529s][info][gc,cpu         ] GC(1187) User=0.03s Sys=0.00s Real=0.02s
[475.905s][info][gc,start       ] GC(1188) Pause Young (Mixed) (G1 Evacuation Pause)
[475.905s][info][gc,task        ] GC(1188) Using 2 workers of 2 for evacuation
[475.966s][info][gc,phases      ] GC(1188)   Pre Evacuate Collection Set: 0.44ms
[475.966s][info][gc,phases      ] GC(1188)   Merge Heap Roots: 0.52ms
[475.966s][info][gc,phases      ] GC(1188)   Evacuate Collection Set: 55.56ms
[475.966s][info][gc,phases      ] GC(1188)   Merge Optional Heap Roots: 0.12ms
[475.966s][info][gc,phases      ] GC(1188)   Evacuate Optional Collection Set: 2.62ms
[475.966s][info][gc,phases      ] GC(1188)   Post Evacuate Collection Set: 0.79ms
[475.966s][info][gc,phases      ] GC(1188)   Other: 0.13ms
[475.966s][info][gc,heap        ] GC(1188) Eden regions: 352->0(394)
[475.966s][info][gc,heap        ] GC(1188) Survivor regions: 6->31(45)
[475.966s][info][gc,heap        ] GC(1188) Old regions: 549->465
[475.966s][info][gc,heap        ] GC(1188) Humongous regions: 7->7
[475.966s][info][gc,metaspace   ] GC(1188) Metaspace: 19022K(19136K)->19022K(19136K) NonClass: 17193K(17280K)->17193K(17280K) Class: 1829K(1856K)->1829K(1856K)
[475.966s][info][gc             ] GC(1188) Pause Young (Mixed) (G1 Evacuation Pause) 913M->501M(978M) 60.460ms
[475.966s][info][gc,cpu         ] GC(1188) User=0.12s Sys=0.00s Real=0.06s
[476.544s][info][gc,start       ] GC(1189) Pause Young (Normal) (G1 Evacuation Pause)
[476.544s][info][gc,task        ] GC(1189) Using 2 workers of 2 for evacuation
[476.641s][info][gc,phases      ] GC(1189)   Pre Evacuate Collection Set: 0.34ms
[476.641s][info][gc,phases      ] GC(1189)   Merge Heap Roots: 0.46ms
[476.641s][info][gc,phases      ] GC(1189)   Evacuate Collection Set: 95.00ms
[476.641s][info][gc,phases      ] GC(1189)   Post Evacuate Collection Set: 0.73ms
[476.641s][info][gc,phases      ] GC(1189)   Other: 0.12ms
[476.641s][info][gc,heap        ] GC(1189) Eden regions: 394->0(329)
[476.641s][info][gc,heap        ] GC(1189) Survivor regions: 31->54(54)
[476.641s][info][gc,heap        ] GC(1189) Old regions: 465->484
[476.641s][info][gc,heap        ] GC(1189) Humongous regions: 7->7
[476.641s][info][gc,metaspace   ] GC(1189) Metaspace: 19022K(19136K)->19022K(19136K) NonClass: 17193K(17280K)->17193K(17280K) Class: 1829K(1856K)->1829K(1856K)
[476.641s][info][gc             ] GC(1189) Pause Young (Normal) (G1 Evacuation Pause) 895M->544M(978M) 96.947ms
[476.641s][info][gc,cpu         ] GC(1189) User=0.19s Sys=0.00s Real=0.10s
[477.055s][info][gc,start       ] GC(1190) Pause Young (Normal) (G1 Evacuation Pause)
[477.055s][info][gc,task        ] GC(1190) Using 2 workers of 2 for evacuation
[477.144s][info][gc,phases      ] GC(1190)   Pre Evacuate Collection Set: 0.52ms
[477.144s][info][gc,phases      ] GC(1190)   Merge Heap Roots: 0.30ms
[477.144s][info][gc,phases      ] GC(1190)   Evacuate Collection Set: 86.65ms
[477.144s][info][gc,phases      ] GC(1190)   Post Evacuate Collection Set: 0.69ms
[477.144s][info][gc,phases      ] GC(1190)   Other: 0.12ms
[477.144s][info][gc,heap        ] GC(1190) Eden regions: 329->0(341)
[477.144s][info][gc,heap        ] GC(1190) Survivor regions: 54->8(48)
[477.144s][info][gc,heap        ] GC(1190) Old regions: 484->539
[477.144s][info][gc,heap        ] GC(1190) Humongous regions: 7->7
[477.144s][info][gc,metaspace   ] GC(1190) Metaspace: 19022K(19136K)->19022K(19136K) NonClass: 17193K(17280K)->17193K(17280K) Class: 1829K(1856K)->1829K(1856K)
[477.144s][info][gc             ] GC(1190) Pause Young (Normal) (G1 Evacuation Pause) 873M->552M(978M) 88.532ms
[477.144s][info][gc,cpu         ] GC(1190) User=0.17s Sys=0.00s Real=0.09s
[477.548s][info][gc,start       ] GC(1191) Pause Young (Concurrent Start) (G1 Evacuation Pause)
[477.548s][info][gc,task        ] GC(1191) Using 2 workers of 2 for evacuation
[477.586s][info][gc,phases      ] GC(1191)   Pre Evacuate Collection Set: 0.36ms
[477.586s][info][gc,phases      ] GC(1191)   Merge Heap Roots: 0.24ms
[477.586s][info][gc,phases      ] GC(1191)   Evacuate Collection Set: 35.95ms
[477.586s][info][gc,phases      ] GC(1191)   Post Evacuate Collection Set: 0.92ms
[477.586s][info][gc,phases      ] GC(1191)   Other: 0.15ms
[477.586s][info][gc,heap        ] GC(1191) Eden regions: 341->0(329)
[477.586s][info][gc,heap        ] GC(1191) Survivor regions: 8->24(44)
[477.586s][info][gc,heap        ] GC(1191) Old regions: 539->539
[477.586s][info][gc,heap        ] GC(1191) Humongous regions: 7->7
[477.586s][info][gc,metaspace   ] GC(1191) Metaspace: 19022K(19136K)->19022K(19136K) NonClass: 17193K(17280K)->17193K(17280K) Class: 1829K(1856K)->1829K(1856K)
[477.586s][info][gc             ] GC(1191) Pause Young (Concurrent Start) (G1 Evacuation Pause) 893M->568M(978M) 37.870ms
[477.586s][info][gc             ] GC(1192) Concurrent Mark Cycle
[477.586s][info][gc,marking     ] GC(1192) Concurrent Scan Root Regions
[477.586s][info][gc,cpu         ] GC(1191) User=0.06s Sys=0.00s Real=0.04s
[477.611s][info][gc,marking     ] GC(1192) Concurrent Scan Root Regions 25.006ms
[477.611s][info][gc,marking     ] GC(1192) Concurrent Mark
[477.611s][info][gc,marking     ] GC(1192) Concurrent Mark From Roots
[477.611s][info][gc,task        ] GC(1192) Using 1 workers of 1 for marking
[478.830s][info][gc,marking     ] GC(1192) Concurrent Mark From Roots 1219.214ms
[478.830s][info][gc,marking     ] GC(1192) Concurrent Preclean
[478.830s][info][gc,marking     ] GC(1192) Concurrent Preclean 0.059ms
[478.831s][info][gc,start       ] GC(1192) Pause Remark
[478.840s][info][gc             ] GC(1192) Pause Remark 832M->698M(978M) 9.247ms
[478.840s][info][gc,cpu         ] GC(1192) User=0.01s Sys=0.00s Real=0.01s
[478.842s][info][gc,marking     ] GC(1192) Concurrent Mark 1230.782ms
[478.842s][info][gc,marking     ] GC(1192) Concurrent Rebuild Remembered Sets and Scrub Regions
[479.085s][info][gc,start       ] GC(1193) Pause Young (Normal) (G1 Evacuation Pause)
[479.085s][info][gc,task        ] GC(1193) Using 2 workers of 2 for evacuation
[479.117s][info][gc,phases      ] GC(1193)   Pre Evacuate Collection Set: 0.32ms
[479.117s][info][gc,phases      ] GC(1193)   Merge Heap Roots: 0.34ms
[479.117s][info][gc,phases      ] GC(1193)   Evacuate Collection Set: 31.18ms
[479.117s][info][gc,phases      ] GC(1193)   Post Evacuate Collection Set: 0.59ms
[479.117s][info][gc,phases      ] GC(1193)   Other: 0.12ms
[479.117s][info][gc,heap        ] GC(1193) Eden regions: 329->0(475)
[479.117s][info][gc,heap        ] GC(1193) Survivor regions: 24->17(45)
[479.117s][info][gc,heap        ] GC(1193) Old regions: 408->415
[479.117s][info][gc,heap        ] GC(1193) Humongous regions: 4->4
[479.117s][info][gc,metaspace   ] GC(1193) Metaspace: 19022K(19136K)->19022K(19136K) NonClass: 17193K(17280K)->17193K(17280K) Class: 1829K(1856K)->1829K(1856K)
[479.117s][info][gc             ] GC(1193) Pause Young (Normal) (G1 Evacuation Pause) 763M->435M(978M) 32.824ms
[479.117s][info][gc,cpu         ] GC(1193) User=0.06s Sys=0.00s Real=0.03s
[479.222s][info][gc,marking     ] GC(1192) Concurrent Rebuild Remembered Sets and Scrub Regions 380.627ms
[479.223s][info][gc,start       ] GC(1192) Pause Cleanup
[479.223s][info][gc             ] GC(1192) Pause Cleanup 453M->453M(978M) 0.111ms
[479.223s][info][gc,cpu         ] GC(1192) User=0.00s Sys=0.00s Real=0.00s
[479.223s][info][gc,marking     ] GC(1192) Concurrent Clear Claimed Marks
[479.223s][info][gc,marking     ] GC(1192) Concurrent Clear Claimed Marks 0.034ms
[479.223s][info][gc,marking     ] GC(1192) Concurrent Cleanup for Next Mark
[479.226s][info][gc,marking     ] GC(1192) Concurrent Cleanup for Next Mark 2.996ms
[479.226s][info][gc             ] GC(1192) Concurrent Mark Cycle 1639.943ms
[480.202s][info][gc,start       ] GC(1194) Pause Young (Prepare Mixed) (G1 Evacuation Pause)
[480.202s][info][gc,task        ] GC(1194) Using 2 workers of 2 for evacuation
[480.273s][info][gc,phases      ] GC(1194)   Pre Evacuate Collection Set: 0.51ms
[480.273s][info][gc,phases      ] GC(1194)   Merge Heap Roots: 0.28ms
[480.273s][info][gc,phases      ] GC(1194)   Evacuate Collection Set: 68.41ms
[480.273s][info][gc,phases      ] GC(1194)   Post Evacuate Collection Set: 0.88ms
[480.273s][info][gc,phases      ] GC(1194)   Other: 0.13ms
[480.273s][info][gc,heap        ] GC(1194) Eden regions: 475->0(1)
[480.273s][info][gc,heap        ] GC(1194) Survivor regions: 17->62(62)
[480.273s][info][gc,heap        ] GC(1194) Old regions: 415->417
[480.273s][info][gc,heap        ] GC(1194) Humongous regions: 4->4
[480.273s][info][gc,metaspace   ] GC(1194) Metaspace: 19022K(19136K)->19022K(19136K) NonClass: 17193K(17280K)->17193K(17280K) Class: 1829K(1856K)->1829K(1856K)
[480.273s][info][gc             ] GC(1194) Pause Young (Prepare Mixed) (G1 Evacuation Pause) 910M->482M(978M) 70.441ms
[480.273s][info][gc,cpu         ] GC(1194) User=0.13s Sys=0.00s Real=0.07s
[480.274s][info][gc,start       ] GC(1195) Pause Young (Mixed) (G1 Evacuation Pause)
[480.274s][info][gc,task        ] GC(1195) Using 2 workers of 2 for evacuation
[480.338s][info][gc,phases      ] GC(1195)   Pre Evacuate Collection Set: 0.46ms
[480.338s][info][gc,phases      ] GC(1195)   Merge Heap Roots: 0.20ms
[480.338s][info][gc,phases      ] GC(1195)   Evacuate Collection Set: 63.25ms
[480.338s][info][gc,phases      ] GC(1195)   Post Evacuate Collection Set: 0.36ms
[480.338s][info][gc,phases      ] GC(1195)   Other: 0.08ms
[480.338s][info][gc,heap        ] GC(1195) Eden regions: 1->0(401)
[480.338s][info][gc,heap        ] GC(1195) Survivor regions: 62->1(8)
[480.338s][info][gc,heap        ] GC(1195) Old regions: 417->475
[480.338s][info][gc,heap        ] GC(1195) Humongous regions: 4->4
[480.338s][info][gc,metaspace   ] GC(1195) Metaspace: 19022K(19136K)->19022K(19136K) NonClass: 17193K(17280K)->17193K(17280K) Class: 1829K(1856K)->1829K(1856K)
[480.338s][info][gc             ] GC(1195) Pause Young (Mixed) (G1 Evacuation Pause) 483M->479M(978M) 64.556ms
[480.338s][info][gc,cpu         ] GC(1195) User=0.12s Sys=0.00s Real=0.06s
[480.652s][info][gc,start       ] GC(1196) Pause Young (Mixed) (G1 Evacuation Pause)
[480.652s][info][gc,task        ] GC(1196) Using 2 workers of 2 for evacuation
[480.847s][info][gc,phases      ] GC(1196)   Pre Evacuate Collection Set: 0.53ms
[480.847s][info][gc,phases      ] GC(1196)   Merge Heap Roots: 0.17ms
[480.847s][info][gc,phases      ] GC(1196)   Evacuate Collection Set: 167.30ms
[480.847s][info][gc,phases      ] GC(1196)   Post Evacuate Collection Set: 26.76ms
[480.847s][info][gc,phases      ] GC(1196)   Other: 0.10ms
[480.847s][info][gc,heap        ] GC(1196) Eden regions: 401->0(41)
[480.847s][info][gc,heap        ] GC(1196) Survivor regions: 1->51(51)
[480.847s][info][gc,heap        ] GC(1196) Old regions: 475->781
[480.847s][info][gc,heap        ] GC(1196) Humongous regions: 4->4
[480.847s][info][gc,metaspace   ] GC(1196) Metaspace: 19022K(19136K)->19022K(19136K) NonClass: 17193K(17280K)->17193K(17280K) Class: 1829K(1856K)->1829K(1856K)
[480.847s][info][gc             ] GC(1196) Pause Young (Mixed) (G1 Evacuation Pause) (Evacuation Failure: Allocation) 880M->835M(978M) 195.168ms
[480.847s][info][gc,cpu         ] GC(1196) User=0.39s Sys=0.00s Real=0.19s
[480.977s][info][gc,start       ] GC(1197) Pause Young (Concurrent Start) (G1 Humongous Allocation)
[480.977s][info][gc,task        ] GC(1197) Using 2 workers of 2 for evacuation
[481.118s][info][gc,phases      ] GC(1197)   Pre Evacuate Collection Set: 0.65ms
[481.118s][info][gc,phases      ] GC(1197)   Merge Heap Roots: 1.03ms
[481.118s][info][gc,phases      ] GC(1197)   Evacuate Collection Set: 138.32ms
[481.118s][info][gc,phases      ] GC(1197)   Post Evacuate Collection Set: 0.77ms
[481.118s][info][gc,phases      ] GC(1197)   Other: 0.28ms
[481.118s][info][gc,heap        ] GC(1197) Eden regions: 32->0(185)
[481.118s][info][gc,heap        ] GC(1197) Survivor regions: 51->8(12)
[481.118s][info][gc,heap        ] GC(1197) Old regions: 781->693
[481.118s][info][gc,heap        ] GC(1197) Humongous regions: 4->4
[481.118s][info][gc,metaspace   ] GC(1197) Metaspace: 19022K(19136K)->19022K(19136K) NonClass: 17193K(17280K)->17193K(17280K) Class: 1829K(1856K)->1829K(1856K)
[481.118s][info][gc             ] GC(1197) Pause Young (Concurrent Start) (G1 Humongous Allocation) 867M->703M(978M) 141.331ms
[481.118s][info][gc,cpu         ] GC(1197) User=0.28s Sys=0.00s Real=0.14s
[481.118s][info][gc             ] GC(1198) Concurrent Mark Cycle
[481.120s][info][gc,marking     ] GC(1198) Concurrent Scan Root Regions
[481.295s][info][gc,marking     ] GC(1198) Concurrent Scan Root Regions 175.224ms
[481.296s][info][gc,marking     ] GC(1198) Concurrent Mark
[481.296s][info][gc,marking     ] GC(1198) Concurrent Mark From Roots
[481.296s][info][gc,task        ] GC(1198) Using 1 workers of 1 for marking
[481.851s][info][gc,start       ] GC(1199) Pause Young (Normal) (G1 Evacuation Pause)
[481.852s][info][gc,task        ] GC(1199) Using 2 workers of 2 for evacuation
[481.922s][info][gc,phases      ] GC(1199)   Pre Evacuate Collection Set: 0.59ms
[481.922s][info][gc,phases      ] GC(1199)   Merge Heap Roots: 0.56ms
[481.922s][info][gc,phases      ] GC(1199)   Evacuate Collection Set: 68.80ms
[481.922s][info][gc,phases      ] GC(1199)   Post Evacuate Collection Set: 0.78ms
[481.922s][info][gc,phases      ] GC(1199)   Other: 0.10ms
[481.922s][info][gc,heap        ] GC(1199) Eden regions: 185->0(238)
[481.922s][info][gc,heap        ] GC(1199) Survivor regions: 8->19(25)
[481.922s][info][gc,heap        ] GC(1199) Old regions: 693->614
[481.923s][info][gc,heap        ] GC(1199) Humongous regions: 7->7
[481.923s][info][gc,metaspace   ] GC(1199) Metaspace: 19022K(19136K)->19022K(19136K) NonClass: 17193K(17280K)->17193K(17280K) Class: 1829K(1856K)->1829K(1856K)
[481.923s][info][gc             ] GC(1199) Pause Young (Normal) (G1 Evacuation Pause) 891M->638M(978M) 71.093ms
[481.923s][info][gc,cpu         ] GC(1199) User=0.14s Sys=0.00s Real=0.07s
[482.291s][info][gc,marking     ] GC(1198) Concurrent Mark From Roots 995.103ms
[482.291s][info][gc,marking     ] GC(1198) Concurrent Preclean
[482.291s][info][gc,marking     ] GC(1198) Concurrent Preclean 0.063ms
[482.291s][info][gc,start       ] GC(1198) Pause Remark
[482.301s][info][gc             ] GC(1198) Pause Remark 796M->699M(978M) 9.848ms
[482.301s][info][gc,cpu         ] GC(1198) User=0.02s Sys=0.00s Real=0.01s
[482.301s][info][gc,marking     ] GC(1198) Concurrent Mark 1005.332ms
[482.301s][info][gc,marking     ] GC(1198) Concurrent Rebuild Remembered Sets and Scrub Regions
[482.568s][info][gc,start       ] GC(1200) Pause Young (Normal) (G1 Evacuation Pause)
[482.568s][info][gc,task        ] GC(1200) Using 2 workers of 2 for evacuation
[482.693s][info][gc,phases      ] GC(1200)   Pre Evacuate Collection Set: 0.55ms
[482.693s][info][gc,phases      ] GC(1200)   Merge Heap Roots: 1.25ms
[482.693s][info][gc,phases      ] GC(1200)   Evacuate Collection Set: 121.90ms
[482.693s][info][gc,phases      ] GC(1200)   Post Evacuate Collection Set: 0.91ms
[482.693s][info][gc,phases      ] GC(1200)   Other: 0.10ms
[482.693s][info][gc,heap        ] GC(1200) Eden regions: 238->0(282)
[482.693s][info][gc,heap        ] GC(1200) Survivor regions: 19->33(33)
[482.693s][info][gc,heap        ] GC(1200) Old regions: 519->529
[482.693s][info][gc,heap        ] GC(1200) Humongous regions: 11->11
[482.693s][info][gc,metaspace   ] GC(1200) Metaspace: 19022K(19136K)->19022K(19136K) NonClass: 17193K(17280K)->17193K(17280K) Class: 1829K(1856K)->1829K(1856K)
[482.693s][info][gc             ] GC(1200) Pause Young (Normal) (G1 Evacuation Pause) 785M->572M(978M) 125.010ms
[482.693s][info][gc,cpu         ] GC(1200) User=0.24s Sys=0.00s Real=0.13s
[482.870s][info][gc,marking     ] GC(1198) Concurrent Rebuild Remembered Sets and Scrub Regions 569.291ms
[482.871s][info][gc,start       ] GC(1198) Pause Cleanup
[482.871s][info][gc             ] GC(1198) Pause Cleanup 650M->650M(978M) 0.179ms
[482.871s][info][gc,cpu         ] GC(1198) User=0.00s Sys=0.00s Real=0.00s
[482.872s][info][gc,marking     ] GC(1198) Concurrent Clear Claimed Marks
[482.872s][info][gc,marking     ] GC(1198) Concurrent Clear Claimed Marks 0.052ms
[482.872s][info][gc,marking     ] GC(1198) Concurrent Cleanup for Next Mark
[482.877s][info][gc,marking     ] GC(1198) Concurrent Cleanup for Next Mark 5.043ms
[482.877s][info][gc             ] GC(1198) Concurrent Mark Cycle 1758.707ms
[483.253s][info][gc,start       ] GC(1201) Pause Young (Prepare Mixed) (G1 Evacuation Pause)
[483.253s][info][gc,task        ] GC(1201) Using 2 workers of 2 for evacuation
[483.332s][info][gc,phases      ] GC(1201)   Pre Evacuate Collection Set: 0.55ms
[483.332s][info][gc,phases      ] GC(1201)   Merge Heap Roots: 1.02ms
[483.332s][info][gc,phases      ] GC(1201)   Evacuate Collection Set: 77.00ms
[483.332s][info][gc,phases      ] GC(1201)   Post Evacuate Collection Set: 0.54ms
[483.332s][info][gc,phases      ] GC(1201)   Other: 0.10ms
[483.332s][info][gc,heap        ] GC(1201) Eden regions: 282->0(300)
[483.332s][info][gc,heap        ] GC(1201) Survivor regions: 33->1(40)
[483.332s][info][gc,heap        ] GC(1201) Old regions: 529->562
[483.332s][info][gc,heap        ] GC(1201) Humongous regions: 11->11
[483.332s][info][gc,metaspace   ] GC(1201) Metaspace: 19022K(19136K)->19022K(19136K) NonClass: 17193K(17280K)->17193K(17280K) Class: 1829K(1856K)->1829K(1856K)
[483.332s][info][gc             ] GC(1201) Pause Young (Prepare Mixed) (G1 Evacuation Pause) 854M->573M(978M) 79.484ms
[483.332s][info][gc,cpu         ] GC(1201) User=0.16s Sys=0.00s Real=0.08s
[483.846s][info][gc,start       ] GC(1202) Pause Young (Mixed) (G1 Evacuation Pause)
[483.846s][info][gc,task        ] GC(1202) Using 2 workers of 2 for evacuation
[483.850s][info][gc,phases      ] GC(1202)   Pre Evacuate Collection Set: 0.59ms
[483.850s][info][gc,phases      ] GC(1202)   Merge Heap Roots: 0.20ms
[483.850s][info][gc,phases      ] GC(1202)   Evacuate Collection Set: 2.74ms
[483.850s][info][gc,phases      ] GC(1202)   Post Evacuate Collection Set: 0.57ms
[483.850s][info][gc,phases      ] GC(1202)   Other: 0.10ms
[483.850s][info][gc,heap        ] GC(1202) Eden regions: 300->0(362)
[483.850s][info][gc,heap        ] GC(1202) Survivor regions: 1->1(38)
[483.850s][info][gc,heap        ] GC(1202) Old regions: 562->496
[483.850s][info][gc,heap        ] GC(1202) Humongous regions: 11->11
[483.850s][info][gc,metaspace   ] GC(1202) Metaspace: 19022K(19136K)->19022K(19136K) NonClass: 17193K(17280K)->17193K(17280K) Class: 1829K(1856K)->1829K(1856K)
[483.850s][info][gc             ] GC(1202) Pause Young (Mixed) (G1 Evacuation Pause) 873M->507M(978M) 4.446ms
[483.850s][info][gc,cpu         ] GC(1202) User=0.01s Sys=0.00s Real=0.01s
[484.481s][info][gc,start       ] GC(1203) Pause Young (Concurrent Start) (G1 Evacuation Pause)
[484.481s][info][gc,task        ] GC(1203) Using 2 workers of 2 for evacuation
[484.483s][info][gc,phases      ] GC(1203)   Pre Evacuate Collection Set: 0.36ms
[484.483s][info][gc,phases      ] GC(1203)   Merge Heap Roots: 0.12ms
[484.483s][info][gc,phases      ] GC(1203)   Evacuate Collection Set: 0.64ms
[484.483s][info][gc,phases      ] GC(1203)   Post Evacuate Collection Set: 0.53ms
[484.483s][info][gc,phases      ] GC(1203)   Other: 0.18ms
[484.483s][info][gc,heap        ] GC(1203) Eden regions: 362->0(380)
[484.483s][info][gc,heap        ] GC(1203) Survivor regions: 1->1(46)
[484.483s][info][gc,heap        ] GC(1203) Old regions: 496->496
[484.483s][info][gc,heap        ] GC(1203) Humongous regions: 11->11
[484.483s][info][gc,metaspace   ] GC(1203) Metaspace: 19022K(19136K)->19022K(19136K) NonClass: 17193K(17280K)->17193K(17280K) Class: 1829K(1856K)->1829K(1856K)
[484.483s][info][gc             ] GC(1203) Pause Young (Concurrent Start) (G1 Evacuation Pause) 869M->507M(978M) 2.083ms
[484.483s][info][gc             ] GC(1204) Concurrent Mark Cycle
[484.483s][info][gc,marking     ] GC(1204) Concurrent Scan Root Regions
[484.484s][info][gc,marking     ] GC(1204) Concurrent Scan Root Regions 0.250ms
[484.484s][info][gc,marking     ] GC(1204) Concurrent Mark
[484.484s][info][gc,marking     ] GC(1204) Concurrent Mark From Roots
[484.484s][info][gc,task        ] GC(1204) Using 1 workers of 1 for marking
[484.484s][info][gc,cpu         ] GC(1203) User=0.00s Sys=0.00s Real=0.00s
[485.368s][info][gc,start       ] GC(1205) Pause Young (Normal) (G1 Evacuation Pause)
[485.368s][info][gc,task        ] GC(1205) Using 2 workers of 2 for evacuation
[485.420s][info][gc,phases      ] GC(1205)   Pre Evacuate Collection Set: 0.60ms
[485.420s][info][gc,phases      ] GC(1205)   Merge Heap Roots: 0.26ms
[485.420s][info][gc,phases      ] GC(1205)   Evacuate Collection Set: 50.05ms
[485.420s][info][gc,phases      ] GC(1205)   Post Evacuate Collection Set: 0.69ms
[485.420s][info][gc,phases      ] GC(1205)   Other: 0.12ms
[485.420s][info][gc,heap        ] GC(1205) Eden regions: 380->0(353)
[485.420s][info][gc,heap        ] GC(1205) Survivor regions: 1->33(48)
[485.420s][info][gc,heap        ] GC(1205) Old regions: 496->496
[485.420s][info][gc,heap        ] GC(1205) Humongous regions: 11->11
[485.420s][info][gc,metaspace   ] GC(1205) Metaspace: 19022K(19136K)->19022K(19136K) NonClass: 17193K(17280K)->17193K(17280K) Class: 1829K(1856K)->1829K(1856K)
[485.420s][info][gc             ] GC(1205) Pause Young (Normal) (G1 Evacuation Pause) 887M->539M(978M) 51.973ms
[485.420s][info][gc,cpu         ] GC(1205) User=0.10s Sys=0.00s Real=0.06s
[486.170s][info][gc,marking     ] GC(1204) Concurrent Mark From Roots 1686.037ms
[486.170s][info][gc,marking     ] GC(1204) Concurrent Preclean
[486.170s][info][gc,marking     ] GC(1204) Concurrent Preclean 0.061ms
[486.170s][info][gc,start       ] GC(1204) Pause Remark
[486.179s][info][gc             ] GC(1204) Pause Remark 833M->829M(978M) 9.198ms
[486.179s][info][gc,cpu         ] GC(1204) User=0.02s Sys=0.00s Real=0.01s
[486.181s][info][gc,marking     ] GC(1204) Concurrent Mark 1697.125ms
[486.181s][info][gc,marking     ] GC(1204) Concurrent Rebuild Remembered Sets and Scrub Regions
[486.413s][info][gc,start       ] GC(1206) Pause Young (Normal) (G1 Evacuation Pause)
[486.413s][info][gc,task        ] GC(1206) Using 2 workers of 2 for evacuation
[486.465s][info][gc,phases      ] GC(1206)   Pre Evacuate Collection Set: 0.35ms
[486.465s][info][gc,phases      ] GC(1206)   Merge Heap Roots: 0.27ms
[486.465s][info][gc,phases      ] GC(1206)   Evacuate Collection Set: 50.65ms
[486.465s][info][gc,phases      ] GC(1206)   Post Evacuate Collection Set: 0.64ms
[486.465s][info][gc,phases      ] GC(1206)   Other: 0.10ms
[486.465s][info][gc,heap        ] GC(1206) Eden regions: 353->0(354)
[486.465s][info][gc,heap        ] GC(1206) Survivor regions: 33->11(49)
[486.465s][info][gc,heap        ] GC(1206) Old regions: 496->530
[486.465s][info][gc,heap        ] GC(1206) Humongous regions: 7->7
[486.465s][info][gc,metaspace   ] GC(1206) Metaspace: 19022K(19136K)->19022K(19136K) NonClass: 17193K(17280K)->17193K(17280K) Class: 1829K(1856K)->1829K(1856K)
[486.465s][info][gc             ] GC(1206) Pause Young (Normal) (G1 Evacuation Pause) 888M->546M(978M) 52.309ms
[486.465s][info][gc,cpu         ] GC(1206) User=0.10s Sys=0.00s Real=0.05s
[486.749s][info][gc,marking     ] GC(1204) Concurrent Rebuild Remembered Sets and Scrub Regions 568.041ms
[486.751s][info][gc,start       ] GC(1204) Pause Cleanup
[486.751s][info][gc             ] GC(1204) Pause Cleanup 637M->637M(978M) 0.133ms
[486.751s][info][gc,cpu         ] GC(1204) User=0.00s Sys=0.00s Real=0.00s
[486.751s][info][gc,marking     ] GC(1204) Concurrent Clear Claimed Marks
[486.751s][info][gc,marking     ] GC(1204) Concurrent Clear Claimed Marks 0.035ms
[486.751s][info][gc,marking     ] GC(1204) Concurrent Cleanup for Next Mark
[486.758s][info][gc,marking     ] GC(1204) Concurrent Cleanup for Next Mark 7.164ms
[486.758s][info][gc             ] GC(1204) Concurrent Mark Cycle 2274.808ms
[487.294s][info][gc,start       ] GC(1207) Pause Young (Prepare Mixed) (G1 Evacuation Pause)
[487.294s][info][gc,task        ] GC(1207) Using 2 workers of 2 for evacuation
[487.310s][info][gc,phases      ] GC(1207)   Pre Evacuate Collection Set: 0.32ms
[487.310s][info][gc,phases      ] GC(1207)   Merge Heap Roots: 0.22ms
[487.310s][info][gc,phases      ] GC(1207)   Evacuate Collection Set: 14.03ms
[487.310s][info][gc,phases      ] GC(1207)   Post Evacuate Collection Set: 0.67ms
[487.310s][info][gc,phases      ] GC(1207)   Other: 0.12ms
[487.310s][info][gc,heap        ] GC(1207) Eden regions: 354->0(365)
[487.310s][info][gc,heap        ] GC(1207) Survivor regions: 11->11(46)
[487.310s][info][gc,heap        ] GC(1207) Old regions: 530->530
[487.310s][info][gc,heap        ] GC(1207) Humongous regions: 7->7
[487.310s][info][gc,metaspace   ] GC(1207) Metaspace: 19022K(19136K)->19022K(19136K) NonClass: 17193K(17280K)->17193K(17280K) Class: 1829K(1856K)->1829K(1856K)
[487.310s][info][gc             ] GC(1207) Pause Young (Prepare Mixed) (G1 Evacuation Pause) 900M->546M(978M) 15.581ms
[487.310s][info][gc,cpu         ] GC(1207) User=0.03s Sys=0.00s Real=0.02s
[487.861s][info][gc,start       ] GC(1208) Pause Young (Mixed) (G1 Evacuation Pause)
[487.861s][info][gc,task        ] GC(1208) Using 2 workers of 2 for evacuation
[487.908s][info][gc,phases      ] GC(1208)   Pre Evacuate Collection Set: 0.36ms
[487.908s][info][gc,phases      ] GC(1208)   Merge Heap Roots: 0.23ms
[487.909s][info][gc,phases      ] GC(1208)   Evacuate Collection Set: 45.82ms
[487.909s][info][gc,phases      ] GC(1208)   Post Evacuate Collection Set: 0.73ms
[487.909s][info][gc,phases      ] GC(1208)   Other: 0.14ms
[487.909s][info][gc,heap        ] GC(1208) Eden regions: 365->0(324)
[487.909s][info][gc,heap        ] GC(1208) Survivor regions: 11->39(47)
[487.909s][info][gc,heap        ] GC(1208) Old regions: 530->519
[487.909s][info][gc,heap        ] GC(1208) Humongous regions: 7->7
[487.909s][info][gc,metaspace   ] GC(1208) Metaspace: 19023K(19136K)->19023K(19136K) NonClass: 17193K(17280K)->17193K(17280K) Class: 1829K(1856K)->1829K(1856K)
[487.909s][info][gc             ] GC(1208) Pause Young (Mixed) (G1 Evacuation Pause) 911M->564M(978M) 47.527ms
[487.909s][info][gc,cpu         ] GC(1208) User=0.09s Sys=0.00s Real=0.05s
[488.231s][info][gc,start       ] GC(1209) Pause Young (Concurrent Start) (G1 Humongous Allocation)
[488.231s][info][gc,task        ] GC(1209) Using 2 workers of 2 for evacuation
[488.324s][info][gc,phases      ] GC(1209)   Pre Evacuate Collection Set: 0.30ms
[488.324s][info][gc,phases      ] GC(1209)   Merge Heap Roots: 0.17ms
[488.324s][info][gc,phases      ] GC(1209)   Evacuate Collection Set: 91.18ms
[488.324s][info][gc,phases      ] GC(1209)   Post Evacuate Collection Set: 0.61ms
[488.324s][info][gc,phases      ] GC(1209)   Other: 0.13ms
[488.324s][info][gc,heap        ] GC(1209) Eden regions: 244->0(269)
[488.324s][info][gc,heap        ] GC(1209) Survivor regions: 39->46(46)
[488.324s][info][gc,heap        ] GC(1209) Old regions: 519->560
[488.324s][info][gc,heap        ] GC(1209) Humongous regions: 7->7
[488.324s][info][gc,metaspace   ] GC(1209) Metaspace: 19025K(19136K)->19025K(19136K) NonClass: 17195K(17280K)->17195K(17280K) Class: 1829K(1856K)->1829K(1856K)
[488.324s][info][gc             ] GC(1209) Pause Young (Concurrent Start) (G1 Humongous Allocation) 808M->612M(978M) 92.684ms
[488.324s][info][gc,cpu         ] GC(1209) User=0.19s Sys=0.00s Real=0.09s
[488.324s][info][gc             ] GC(1210) Concurrent Mark Cycle
[488.324s][info][gc,marking     ] GC(1210) Concurrent Scan Root Regions
[488.436s][info][gc,marking     ] GC(1210) Concurrent Scan Root Regions 112.043ms
[488.436s][info][gc,marking     ] GC(1210) Concurrent Mark
[488.436s][info][gc,marking     ] GC(1210) Concurrent Mark From Roots
[488.436s][info][gc,task        ] GC(1210) Using 1 workers of 1 for marking
[489.306s][info][gc,start       ] GC(1211) Pause Young (Normal) (G1 Evacuation Pause)
[489.306s][info][gc,task        ] GC(1211) Using 2 workers of 2 for evacuation
[489.366s][info][gc,phases      ] GC(1211)   Pre Evacuate Collection Set: 0.33ms
[489.366s][info][gc,phases      ] GC(1211)   Merge Heap Roots: 0.21ms
[489.366s][info][gc,phases      ] GC(1211)   Evacuate Collection Set: 58.10ms
[489.366s][info][gc,phases      ] GC(1211)   Post Evacuate Collection Set: 0.56ms
[489.366s][info][gc,phases      ] GC(1211)   Other: 0.09ms
[489.366s][info][gc,heap        ] GC(1211) Eden regions: 269->0(272)
[489.366s][info][gc,heap        ] GC(1211) Survivor regions: 46->7(40)
[489.366s][info][gc,heap        ] GC(1211) Old regions: 560->607
[489.366s][info][gc,heap        ] GC(1211) Humongous regions: 10->10
[489.366s][info][gc,metaspace   ] GC(1211) Metaspace: 19025K(19136K)->19025K(19136K) NonClass: 17195K(17280K)->17195K(17280K) Class: 1829K(1856K)->1829K(1856K)
[489.366s][info][gc             ] GC(1211) Pause Young (Normal) (G1 Evacuation Pause) 884M->622M(978M) 59.566ms
[489.366s][info][gc,cpu         ] GC(1211) User=0.12s Sys=0.00s Real=0.06s
[490.242s][info][gc,marking     ] GC(1210) Concurrent Mark From Roots 1805.937ms
[490.242s][info][gc,marking     ] GC(1210) Concurrent Preclean
[490.242s][info][gc,marking     ] GC(1210) Concurrent Preclean 0.059ms
[490.242s][info][gc,start       ] GC(1210) Pause Remark
[490.251s][info][gc             ] GC(1210) Pause Remark 872M->872M(978M) 8.392ms
[490.251s][info][gc,cpu         ] GC(1210) User=0.01s Sys=0.00s Real=0.01s
[490.255s][info][gc,marking     ] GC(1210) Concurrent Mark 1818.979ms
[490.255s][info][gc,marking     ] GC(1210) Concurrent Rebuild Remembered Sets and Scrub Regions
[490.326s][info][gc,start       ] GC(1212) Pause Young (Normal) (G1 Evacuation Pause)
[490.326s][info][gc,task        ] GC(1212) Using 2 workers of 2 for evacuation
[490.338s][info][gc,phases      ] GC(1212)   Pre Evacuate Collection Set: 0.31ms
[490.338s][info][gc,phases      ] GC(1212)   Merge Heap Roots: 0.15ms
[490.338s][info][gc,phases      ] GC(1212)   Evacuate Collection Set: 11.07ms
[490.339s][info][gc,phases      ] GC(1212)   Post Evacuate Collection Set: 0.50ms
[490.339s][info][gc,phases      ] GC(1212)   Other: 0.12ms
[490.339s][info][gc,heap        ] GC(1212) Eden regions: 272->0(285)
[490.339s][info][gc,heap        ] GC(1212) Survivor regions: 7->7(35)
[490.339s][info][gc,heap        ] GC(1212) Old regions: 607->607
[490.339s][info][gc,heap        ] GC(1212) Humongous regions: 10->10
[490.339s][info][gc,metaspace   ] GC(1212) Metaspace: 19025K(19136K)->19025K(19136K) NonClass: 17195K(17280K)->17195K(17280K) Class: 1829K(1856K)->1829K(1856K)
[490.339s][info][gc             ] GC(1212) Pause Young (Normal) (G1 Evacuation Pause) 894M->622M(978M) 12.355ms
[490.339s][info][gc,cpu         ] GC(1212) User=0.02s Sys=0.00s Real=0.02s
[490.862s][info][gc,marking     ] GC(1210) Concurrent Rebuild Remembered Sets and Scrub Regions 606.321ms
[490.862s][info][gc,start       ] GC(1210) Pause Cleanup
[490.862s][info][gc             ] GC(1210) Pause Cleanup 838M->838M(978M) 0.119ms
[490.862s][info][gc,cpu         ] GC(1210) User=0.00s Sys=0.00s Real=0.00s
[490.863s][info][gc,marking     ] GC(1210) Concurrent Clear Claimed Marks
[490.863s][info][gc,marking     ] GC(1210) Concurrent Clear Claimed Marks 0.069ms
[490.863s][info][gc,marking     ] GC(1210) Concurrent Cleanup for Next Mark
[490.869s][info][gc,marking     ] GC(1210) Concurrent Cleanup for Next Mark 6.007ms
[490.869s][info][gc             ] GC(1210) Concurrent Mark Cycle 2544.999ms
[490.976s][info][gc,start       ] GC(1213) Pause Young (Prepare Mixed) (G1 Evacuation Pause)
[490.976s][info][gc,task        ] GC(1213) Using 2 workers of 2 for evacuation
[490.989s][info][gc,phases      ] GC(1213)   Pre Evacuate Collection Set: 0.33ms
[490.989s][info][gc,phases      ] GC(1213)   Merge Heap Roots: 0.13ms
[490.989s][info][gc,phases      ] GC(1213)   Evacuate Collection Set: 11.31ms
[490.989s][info][gc,phases      ] GC(1213)   Post Evacuate Collection Set: 0.55ms
[490.989s][info][gc,phases      ] GC(1213)   Other: 0.11ms
[490.989s][info][gc,heap        ] GC(1213) Eden regions: 285->0(297)
[490.989s][info][gc,heap        ] GC(1213) Survivor regions: 7->7(37)
[490.989s][info][gc,heap        ] GC(1213) Old regions: 607->607
[490.989s][info][gc,heap        ] GC(1213) Humongous regions: 10->10
[490.989s][info][gc,metaspace   ] GC(1213) Metaspace: 19025K(19136K)->19025K(19136K) NonClass: 17195K(17280K)->17195K(17280K) Class: 1829K(1856K)->1829K(1856K)
[490.989s][info][gc             ] GC(1213) Pause Young (Prepare Mixed) (G1 Evacuation Pause) 907M->622M(978M) 12.683ms
[490.989s][info][gc,cpu         ] GC(1213) User=0.02s Sys=0.00s Real=0.02s
[491.418s][info][gc,start       ] GC(1214) Pause Young (Mixed) (G1 Evacuation Pause)
[491.418s][info][gc,task        ] GC(1214) Using 2 workers of 2 for evacuation
[491.500s][info][gc,phases      ] GC(1214)   Pre Evacuate Collection Set: 0.31ms
[491.500s][info][gc,phases      ] GC(1214)   Merge Heap Roots: 1.01ms
[491.500s][info][gc,phases      ] GC(1214)   Evacuate Collection Set: 79.53ms
[491.500s][info][gc,phases      ] GC(1214)   Post Evacuate Collection Set: 0.63ms
[491.500s][info][gc,phases      ] GC(1214)   Other: 0.10ms
[491.500s][info][gc,heap        ] GC(1214) Eden regions: 297->0(279)
[491.500s][info][gc,heap        ] GC(1214) Survivor regions: 7->20(38)
[491.500s][info][gc,heap        ] GC(1214) Old regions: 607->599
[491.500s][info][gc,heap        ] GC(1214) Humongous regions: 10->10
[491.500s][info][gc,metaspace   ] GC(1214) Metaspace: 19025K(19136K)->19025K(19136K) NonClass: 17195K(17280K)->17195K(17280K) Class: 1829K(1856K)->1829K(1856K)
[491.500s][info][gc             ] GC(1214) Pause Young (Mixed) (G1 Evacuation Pause) 919M->628M(978M) 81.852ms
[491.500s][info][gc,cpu         ] GC(1214) User=0.16s Sys=0.00s Real=0.09s
[491.771s][info][gc,start       ] GC(1215) Pause Young (Concurrent Start) (G1 Evacuation Pause)
[491.771s][info][gc,task        ] GC(1215) Using 2 workers of 2 for evacuation
[491.818s][info][gc,phases      ] GC(1215)   Pre Evacuate Collection Set: 0.34ms
[491.818s][info][gc,phases      ] GC(1215)   Merge Heap Roots: 0.17ms
[491.818s][info][gc,phases      ] GC(1215)   Evacuate Collection Set: 45.51ms
[491.818s][info][gc,phases      ] GC(1215)   Post Evacuate Collection Set: 0.60ms
[491.818s][info][gc,phases      ] GC(1215)   Other: 0.23ms
[491.818s][info][gc,heap        ] GC(1215) Eden regions: 279->0(255)
[491.818s][info][gc,heap        ] GC(1215) Survivor regions: 20->29(38)
[491.818s][info][gc,heap        ] GC(1215) Old regions: 599->605
[491.818s][info][gc,heap        ] GC(1215) Humongous regions: 10->10
[491.818s][info][gc,metaspace   ] GC(1215) Metaspace: 19025K(19136K)->19025K(19136K) NonClass: 17195K(17280K)->17195K(17280K) Class: 1829K(1856K)->1829K(1856K)
[491.818s][info][gc             ] GC(1215) Pause Young (Concurrent Start) (G1 Evacuation Pause) 907M->643M(978M) 47.126ms
[491.818s][info][gc,cpu         ] GC(1215) User=0.09s Sys=0.00s Real=0.04s
[491.818s][info][gc             ] GC(1216) Concurrent Mark Cycle
[491.818s][info][gc,marking     ] GC(1216) Concurrent Scan Root Regions
[491.902s][info][gc,marking     ] GC(1216) Concurrent Scan Root Regions 83.998ms
[491.902s][info][gc,marking     ] GC(1216) Concurrent Mark
[491.902s][info][gc,marking     ] GC(1216) Concurrent Mark From Roots
[491.902s][info][gc,task        ] GC(1216) Using 1 workers of 1 for marking
[492.321s][info][gc,start       ] GC(1217) Pause Young (Normal) (G1 Evacuation Pause)
[492.321s][info][gc,task        ] GC(1217) Using 2 workers of 2 for evacuation
[492.363s][info][gc,phases      ] GC(1217)   Pre Evacuate Collection Set: 0.53ms
[492.363s][info][gc,phases      ] GC(1217)   Merge Heap Roots: 0.20ms
[492.364s][info][gc,phases      ] GC(1217)   Evacuate Collection Set: 40.54ms
[492.364s][info][gc,phases      ] GC(1217)   Post Evacuate Collection Set: 0.58ms
[492.364s][info][gc,phases      ] GC(1217)   Other: 0.13ms
[492.364s][info][gc,heap        ] GC(1217) Eden regions: 255->0(255)
[492.364s][info][gc,heap        ] GC(1217) Survivor regions: 29->22(36)
[492.364s][info][gc,heap        ] GC(1217) Old regions: 605->619
[492.364s][info][gc,heap        ] GC(1217) Humongous regions: 10->10
[492.364s][info][gc,metaspace   ] GC(1217) Metaspace: 19025K(19136K)->19025K(19136K) NonClass: 17195K(17280K)->17195K(17280K) Class: 1829K(1856K)->1829K(1856K)
[492.364s][info][gc             ] GC(1217) Pause Young (Normal) (G1 Evacuation Pause) 898M->650M(978M) 42.273ms
[492.364s][info][gc,cpu         ] GC(1217) User=0.08s Sys=0.00s Real=0.04s
[493.065s][info][gc,start       ] GC(1218) Pause Young (Normal) (G1 Evacuation Pause)
[493.065s][info][gc,task        ] GC(1218) Using 2 workers of 2 for evacuation
[493.146s][info][gc,phases      ] GC(1218)   Pre Evacuate Collection Set: 0.32ms
[493.146s][info][gc,phases      ] GC(1218)   Merge Heap Roots: 0.42ms
[493.146s][info][gc,phases      ] GC(1218)   Evacuate Collection Set: 78.76ms
[493.146s][info][gc,phases      ] GC(1218)   Post Evacuate Collection Set: 0.55ms
[493.146s][info][gc,phases      ] GC(1218)   Other: 0.09ms
[493.146s][info][gc,heap        ] GC(1218) Eden regions: 255->0(204)
[493.146s][info][gc,heap        ] GC(1218) Survivor regions: 22->35(35)
[493.146s][info][gc,heap        ] GC(1218) Old regions: 619->644
[493.146s][info][gc,heap        ] GC(1218) Humongous regions: 10->10
[493.146s][info][gc,metaspace   ] GC(1218) Metaspace: 19025K(19136K)->19025K(19136K) NonClass: 17195K(17280K)->17195K(17280K) Class: 1829K(1856K)->1829K(1856K)
[493.146s][info][gc             ] GC(1218) Pause Young (Normal) (G1 Evacuation Pause) 905M->688M(978M) 80.395ms
[493.146s][info][gc,cpu         ] GC(1218) User=0.16s Sys=0.00s Real=0.08s
[493.382s][info][gc,marking     ] GC(1216) Concurrent Mark From Roots 1479.401ms
[493.382s][info][gc,marking     ] GC(1216) Concurrent Preclean
[493.382s][info][gc,marking     ] GC(1216) Concurrent Preclean 0.054ms
[493.382s][info][gc,start       ] GC(1216) Pause Remark
[493.391s][info][gc             ] GC(1216) Pause Remark 806M->723M(978M) 8.926ms
[493.391s][info][gc,cpu         ] GC(1216) User=0.02s Sys=0.00s Real=0.01s
[493.393s][info][gc,marking     ] GC(1216) Concurrent Mark 1490.931ms
[493.393s][info][gc,marking     ] GC(1216) Concurrent Rebuild Remembered Sets and Scrub Regions
[493.563s][info][gc,start       ] GC(1219) Pause Young (Normal) (G1 Evacuation Pause)
[493.564s][info][gc,task        ] GC(1219) Using 2 workers of 2 for evacuation
[493.643s][info][gc,phases      ] GC(1219)   Pre Evacuate Collection Set: 0.48ms
[493.643s][info][gc,phases      ] GC(1219)   Merge Heap Roots: 0.44ms
[493.643s][info][gc,phases      ] GC(1219)   Evacuate Collection Set: 77.96ms
[493.643s][info][gc,phases      ] GC(1219)   Post Evacuate Collection Set: 0.54ms
[493.643s][info][gc,phases      ] GC(1219)   Other: 0.09ms
[493.643s][info][gc,heap        ] GC(1219) Eden regions: 204->0(252)
[493.643s][info][gc,heap        ] GC(1219) Survivor regions: 35->30(30)
[493.643s][info][gc,heap        ] GC(1219) Old regions: 564->602
[493.643s][info][gc,heap        ] GC(1219) Humongous regions: 7->7
[493.643s][info][gc,metaspace   ] GC(1219) Metaspace: 19025K(19136K)->19025K(19136K) NonClass: 17196K(17280K)->17196K(17280K) Class: 1829K(1856K)->1829K(1856K)
[493.643s][info][gc             ] GC(1219) Pause Young (Normal) (G1 Evacuation Pause) 809M->638M(978M) 79.798ms
[493.643s][info][gc,cpu         ] GC(1219) User=0.16s Sys=0.00s Real=0.08s
[493.959s][info][gc,start       ] GC(1220) Pause Young (Normal) (G1 Evacuation Pause)
[493.959s][info][gc,task        ] GC(1220) Using 2 workers of 2 for evacuation
[494.020s][info][gc,phases      ] GC(1220)   Pre Evacuate Collection Set: 0.54ms
[494.020s][info][gc,phases      ] GC(1220)   Merge Heap Roots: 0.38ms
[494.020s][info][gc,phases      ] GC(1220)   Evacuate Collection Set: 59.09ms
[494.020s][info][gc,phases      ] GC(1220)   Post Evacuate Collection Set: 0.65ms
[494.020s][info][gc,phases      ] GC(1220)   Other: 0.12ms
[494.020s][info][gc,heap        ] GC(1220) Eden regions: 252->0(243)
[494.020s][info][gc,heap        ] GC(1220) Survivor regions: 30->18(36)
[494.020s][info][gc,heap        ] GC(1220) Old regions: 602->632
[494.020s][info][gc,heap        ] GC(1220) Humongous regions: 7->7
[494.020s][info][gc,metaspace   ] GC(1220) Metaspace: 19025K(19136K)->19025K(19136K) NonClass: 17196K(17280K)->17196K(17280K) Class: 1829K(1856K)->1829K(1856K)
[494.020s][info][gc             ] GC(1220) Pause Young (Normal) (G1 Evacuation Pause) 890M->656M(978M) 61.041ms
[494.020s][info][gc,cpu         ] GC(1220) User=0.12s Sys=0.00s Real=0.06s
[494.134s][info][gc,marking     ] GC(1216) Concurrent Rebuild Remembered Sets and Scrub Regions 740.877ms
[494.134s][info][gc,start       ] GC(1216) Pause Cleanup
[494.134s][info][gc             ] GC(1216) Pause Cleanup 725M->725M(978M) 0.150ms
[494.134s][info][gc,cpu         ] GC(1216) User=0.00s Sys=0.00s Real=0.00s
[494.135s][info][gc,marking     ] GC(1216) Concurrent Clear Claimed Marks
[494.135s][info][gc,marking     ] GC(1216) Concurrent Clear Claimed Marks 0.060ms
[494.135s][info][gc,marking     ] GC(1216) Concurrent Cleanup for Next Mark
[494.140s][info][gc,marking     ] GC(1216) Concurrent Cleanup for Next Mark 5.019ms
[494.140s][info][gc             ] GC(1216) Concurrent Mark Cycle 2322.155ms
[494.341s][info][gc,start       ] GC(1221) Pause Young (Prepare Mixed) (G1 Evacuation Pause)
[494.341s][info][gc,task        ] GC(1221) Using 2 workers of 2 for evacuation
[494.382s][info][gc,phases      ] GC(1221)   Pre Evacuate Collection Set: 0.54ms
[494.382s][info][gc,phases      ] GC(1221)   Merge Heap Roots: 0.50ms
[494.382s][info][gc,phases      ] GC(1221)   Evacuate Collection Set: 39.57ms
[494.382s][info][gc,phases      ] GC(1221)   Post Evacuate Collection Set: 0.61ms
[494.382s][info][gc,phases      ] GC(1221)   Other: 0.11ms
[494.382s][info][gc,heap        ] GC(1221) Eden regions: 243->0(255)
[494.382s][info][gc,heap        ] GC(1221) Survivor regions: 18->2(33)
[494.382s][info][gc,heap        ] GC(1221) Old regions: 632->650
[494.382s][info][gc,heap        ] GC(1221) Humongous regions: 7->7
[494.382s][info][gc,metaspace   ] GC(1221) Metaspace: 19025K(19136K)->19025K(19136K) NonClass: 17196K(17280K)->17196K(17280K) Class: 1829K(1856K)->1829K(1856K)
[494.382s][info][gc             ] GC(1221) Pause Young (Prepare Mixed) (G1 Evacuation Pause) 899M->658M(978M) 41.589ms
[494.382s][info][gc,cpu         ] GC(1221) User=0.09s Sys=0.00s Real=0.04s
[494.617s][info][gc,start       ] GC(1222) Pause Young (Mixed) (G1 Evacuation Pause)
[494.617s][info][gc,task        ] GC(1222) Using 2 workers of 2 for evacuation
[494.762s][info][gc,phases      ] GC(1222)   Pre Evacuate Collection Set: 0.50ms
[494.763s][info][gc,phases      ] GC(1222)   Merge Heap Roots: 1.04ms
[494.763s][info][gc,phases      ] GC(1222)   Evacuate Collection Set: 97.43ms
[494.763s][info][gc,phases      ] GC(1222)   Merge Optional Heap Roots: 0.45ms
[494.763s][info][gc,phases      ] GC(1222)   Evacuate Optional Collection Set: 44.70ms
[494.763s][info][gc,phases      ] GC(1222)   Post Evacuate Collection Set: 1.64ms
[494.763s][info][gc,phases      ] GC(1222)   Other: 0.02ms
[494.763s][info][gc,heap        ] GC(1222) Eden regions: 255->0(61)
[494.763s][info][gc,heap        ] GC(1222) Survivor regions: 2->33(33)
[494.763s][info][gc,heap        ] GC(1222) Old regions: 650->622
[494.763s][info][gc,heap        ] GC(1222) Humongous regions: 7->7
[494.763s][info][gc,metaspace   ] GC(1222) Metaspace: 19026K(19136K)->19026K(19136K) NonClass: 17197K(17280K)->17197K(17280K) Class: 1829K(1856K)->1829K(1856K)
[494.763s][info][gc             ] GC(1222) Pause Young (Mixed) (G1 Evacuation Pause) 913M->661M(978M) 146.043ms
[494.763s][info][gc,cpu         ] GC(1222) User=0.28s Sys=0.00s Real=0.15s
[494.799s][info][gc,start       ] GC(1223) Pause Young (Mixed) (G1 Evacuation Pause)
[494.799s][info][gc,task        ] GC(1223) Using 2 workers of 2 for evacuation
[494.901s][info][gc,phases      ] GC(1223)   Pre Evacuate Collection Set: 0.52ms
[494.901s][info][gc,phases      ] GC(1223)   Merge Heap Roots: 0.78ms
[494.901s][info][gc,phases      ] GC(1223)   Evacuate Collection Set: 98.32ms
[494.901s][info][gc,phases      ] GC(1223)   Post Evacuate Collection Set: 1.86ms
[494.901s][info][gc,phases      ] GC(1223)   Other: 0.13ms
[494.901s][info][gc,heap        ] GC(1223) Eden regions: 43->0(225)
[494.901s][info][gc,heap        ] GC(1223) Survivor regions: 33->10(10)
[494.901s][info][gc,heap        ] GC(1223) Old regions: 622->654
[494.901s][info][gc,heap        ] GC(1223) Humongous regions: 7->7
[494.901s][info][gc,metaspace   ] GC(1223) Metaspace: 19026K(19136K)->19026K(19136K) NonClass: 17197K(17280K)->17197K(17280K) Class: 1829K(1856K)->1829K(1856K)
[494.901s][info][gc             ] GC(1223) Pause Young (Mixed) (G1 Evacuation Pause) 704M->669M(978M) 101.859ms
[494.901s][info][gc,cpu         ] GC(1223) User=0.20s Sys=0.00s Real=0.10s
[495.137s][info][gc,start       ] GC(1224) Pause Young (Concurrent Start) (G1 Evacuation Pause)
[495.137s][info][gc,task        ] GC(1224) Using 2 workers of 2 for evacuation
[495.183s][info][gc,phases      ] GC(1224)   Pre Evacuate Collection Set: 0.38ms
[495.183s][info][gc,phases      ] GC(1224)   Merge Heap Roots: 0.14ms
[495.183s][info][gc,phases      ] GC(1224)   Evacuate Collection Set: 44.53ms
[495.183s][info][gc,phases      ] GC(1224)   Post Evacuate Collection Set: 0.63ms
[495.183s][info][gc,phases      ] GC(1224)   Other: 0.25ms
[495.183s][info][gc,heap        ] GC(1224) Eden regions: 225->0(191)
[495.183s][info][gc,heap        ] GC(1224) Survivor regions: 10->30(30)
[495.183s][info][gc,heap        ] GC(1224) Old regions: 654->670
[495.183s][info][gc,heap        ] GC(1224) Humongous regions: 7->7
[495.183s][info][gc,metaspace   ] GC(1224) Metaspace: 19028K(19136K)->19028K(19136K) NonClass: 17199K(17280K)->17199K(17280K) Class: 1829K(1856K)->1829K(1856K)
[495.183s][info][gc             ] GC(1224) Pause Young (Concurrent Start) (G1 Evacuation Pause) 894M->706M(978M) 46.229ms
[495.183s][info][gc,cpu         ] GC(1224) User=0.09s Sys=0.00s Real=0.05s
[495.183s][info][gc             ] GC(1225) Concurrent Mark Cycle
[495.184s][info][gc,marking     ] GC(1225) Concurrent Scan Root Regions
[495.236s][info][gc,marking     ] GC(1225) Concurrent Scan Root Regions 52.664ms
[495.236s][info][gc,marking     ] GC(1225) Concurrent Mark
[495.236s][info][gc,marking     ] GC(1225) Concurrent Mark From Roots
[495.236s][info][gc,task        ] GC(1225) Using 1 workers of 1 for marking
[495.552s][info][gc,start       ] GC(1226) Pause Young (Normal) (G1 Evacuation Pause)
[495.552s][info][gc,task        ] GC(1226) Using 2 workers of 2 for evacuation
[495.605s][info][gc,phases      ] GC(1226)   Pre Evacuate Collection Set: 0.55ms
[495.605s][info][gc,phases      ] GC(1226)   Merge Heap Roots: 0.34ms
[495.605s][info][gc,phases      ] GC(1226)   Evacuate Collection Set: 51.74ms
[495.605s][info][gc,phases      ] GC(1226)   Post Evacuate Collection Set: 0.48ms
[495.605s][info][gc,phases      ] GC(1226)   Other: 0.11ms
[495.605s][info][gc,heap        ] GC(1226) Eden regions: 191->0(184)
[495.605s][info][gc,heap        ] GC(1226) Survivor regions: 30->17(28)
[495.605s][info][gc,heap        ] GC(1226) Old regions: 670->700
[495.605s][info][gc,heap        ] GC(1226) Humongous regions: 7->7
[495.605s][info][gc,metaspace   ] GC(1226) Metaspace: 19028K(19136K)->19028K(19136K) NonClass: 17199K(17280K)->17199K(17280K) Class: 1829K(1856K)->1829K(1856K)
[495.605s][info][gc             ] GC(1226) Pause Young (Normal) (G1 Evacuation Pause) 897M->723M(978M) 53.497ms
[495.605s][info][gc,cpu         ] GC(1226) User=0.10s Sys=0.00s Real=0.05s
[495.949s][info][gc,start       ] GC(1227) Pause Young (Normal) (G1 Evacuation Pause)
[495.949s][info][gc,task        ] GC(1227) Using 2 workers of 2 for evacuation
[495.980s][info][gc,phases      ] GC(1227)   Pre Evacuate Collection Set: 0.50ms
[495.980s][info][gc,phases      ] GC(1227)   Merge Heap Roots: 0.21ms
[495.980s][info][gc,phases      ] GC(1227)   Evacuate Collection Set: 29.82ms
[495.980s][info][gc,phases      ] GC(1227)   Post Evacuate Collection Set: 0.48ms
[495.980s][info][gc,phases      ] GC(1227)   Other: 0.09ms
[495.980s][info][gc,heap        ] GC(1227) Eden regions: 184->0(185)
[495.980s][info][gc,heap        ] GC(1227) Survivor regions: 17->9(26)
[495.980s][info][gc,heap        ] GC(1227) Old regions: 700->717
[495.980s][info][gc,heap        ] GC(1227) Humongous regions: 7->7
[495.980s][info][gc,metaspace   ] GC(1227) Metaspace: 19028K(19136K)->19028K(19136K) NonClass: 17199K(17280K)->17199K(17280K) Class: 1829K(1856K)->1829K(1856K)
[495.981s][info][gc             ] GC(1227) Pause Young (Normal) (G1 Evacuation Pause) 907M->732M(978M) 31.409ms
[495.981s][info][gc,cpu         ] GC(1227) User=0.06s Sys=0.00s Real=0.03s
[496.341s][info][gc,start       ] GC(1228) Pause Young (Normal) (G1 Evacuation Pause)
[496.341s][info][gc,task        ] GC(1228) Using 2 workers of 2 for evacuation
[496.357s][info][gc,phases      ] GC(1228)   Pre Evacuate Collection Set: 0.33ms
[496.357s][info][gc,phases      ] GC(1228)   Merge Heap Roots: 0.17ms
[496.357s][info][gc,phases      ] GC(1228)   Evacuate Collection Set: 14.99ms
[496.357s][info][gc,phases      ] GC(1228)   Post Evacuate Collection Set: 0.49ms
[496.357s][info][gc,phases      ] GC(1228)   Other: 0.10ms
[496.357s][info][gc,heap        ] GC(1228) Eden regions: 185->0(182)
[496.357s][info][gc,heap        ] GC(1228) Survivor regions: 9->11(25)
[496.357s][info][gc,heap        ] GC(1228) Old regions: 717->717
[496.357s][info][gc,heap        ] GC(1228) Humongous regions: 7->7
[496.357s][info][gc,metaspace   ] GC(1228) Metaspace: 19028K(19136K)->19028K(19136K) NonClass: 17199K(17280K)->17199K(17280K) Class: 1829K(1856K)->1829K(1856K)
[496.357s][info][gc             ] GC(1228) Pause Young (Normal) (G1 Evacuation Pause) 917M->734M(978M) 16.334ms
[496.357s][info][gc,cpu         ] GC(1228) User=0.04s Sys=0.00s Real=0.01s
[496.640s][info][gc,start       ] GC(1229) Pause Young (Normal) (G1 Evacuation Pause)
[496.640s][info][gc,task        ] GC(1229) Using 2 workers of 2 for evacuation
[496.659s][info][gc,phases      ] GC(1229)   Pre Evacuate Collection Set: 0.30ms
[496.659s][info][gc,phases      ] GC(1229)   Merge Heap Roots: 0.21ms
[496.659s][info][gc,phases      ] GC(1229)   Evacuate Collection Set: 17.90ms
[496.659s][info][gc,phases      ] GC(1229)   Post Evacuate Collection Set: 0.49ms
[496.660s][info][gc,phases      ] GC(1229)   Other: 0.12ms
[496.660s][info][gc,heap        ] GC(1229) Eden regions: 182->0(178)
[496.660s][info][gc,heap        ] GC(1229) Survivor regions: 11->13(25)
[496.660s][info][gc,heap        ] GC(1229) Old regions: 717->717
[496.660s][info][gc,heap        ] GC(1229) Humongous regions: 7->7
[496.660s][info][gc,metaspace   ] GC(1229) Metaspace: 19031K(19136K)->19031K(19136K) NonClass: 17201K(17280K)->17201K(17280K) Class: 1829K(1856K)->1829K(1856K)
[496.660s][info][gc             ] GC(1229) Pause Young (Normal) (G1 Evacuation Pause) 916M->736M(978M) 19.250ms
[496.660s][info][gc,cpu         ] GC(1229) User=0.04s Sys=0.00s Real=0.02s
[497.353s][info][gc,start       ] GC(1230) Pause Young (Normal) (G1 Evacuation Pause)
[497.353s][info][gc,task        ] GC(1230) Using 2 workers of 2 for evacuation
[497.409s][info][gc,phases      ] GC(1230)   Pre Evacuate Collection Set: 0.53ms
[497.409s][info][gc,phases      ] GC(1230)   Merge Heap Roots: 0.47ms
[497.409s][info][gc,phases      ] GC(1230)   Evacuate Collection Set: 53.45ms
[497.409s][info][gc,phases      ] GC(1230)   Post Evacuate Collection Set: 0.60ms
[497.409s][info][gc,phases      ] GC(1230)   Other: 0.11ms
[497.409s][info][gc,heap        ] GC(1230) Eden regions: 178->0(150)
[497.409s][info][gc,heap        ] GC(1230) Survivor regions: 13->21(24)
[497.409s][info][gc,heap        ] GC(1230) Old regions: 717->726
[497.409s][info][gc,heap        ] GC(1230) Humongous regions: 10->10
[497.409s][info][gc,metaspace   ] GC(1230) Metaspace: 19031K(19136K)->19031K(19136K) NonClass: 17201K(17280K)->17201K(17280K) Class: 1829K(1856K)->1829K(1856K)
[497.409s][info][gc             ] GC(1230) Pause Young (Normal) (G1 Evacuation Pause) 917M->756M(978M) 55.476ms
[497.409s][info][gc,cpu         ] GC(1230) User=0.11s Sys=0.00s Real=0.06s
[497.551s][info][gc,marking     ] GC(1225) Concurrent Mark From Roots 2314.665ms
[497.551s][info][gc,marking     ] GC(1225) Concurrent Preclean
[497.551s][info][gc,marking     ] GC(1225) Concurrent Preclean 0.060ms
[497.551s][info][gc,start       ] GC(1225) Pause Remark
[497.560s][info][gc             ] GC(1225) Pause Remark 790M->790M(978M) 8.969ms
[497.560s][info][gc,cpu         ] GC(1225) User=0.02s Sys=0.00s Real=0.01s
[497.561s][info][gc,marking     ] GC(1225) Concurrent Mark 2324.254ms
[497.561s][info][gc,marking     ] GC(1225) Concurrent Rebuild Remembered Sets and Scrub Regions
[497.724s][info][gc,start       ] GC(1231) Pause Young (Normal) (G1 Evacuation Pause)
[497.725s][info][gc,task        ] GC(1231) Using 2 workers of 2 for evacuation
[497.794s][info][gc,phases      ] GC(1231)   Pre Evacuate Collection Set: 0.31ms
[497.794s][info][gc,phases      ] GC(1231)   Merge Heap Roots: 0.40ms
[497.794s][info][gc,phases      ] GC(1231)   Evacuate Collection Set: 67.96ms
[497.794s][info][gc,phases      ] GC(1231)   Post Evacuate Collection Set: 0.44ms
[497.794s][info][gc,phases      ] GC(1231)   Other: 0.09ms
[497.794s][info][gc,heap        ] GC(1231) Eden regions: 150->0(126)
[497.794s][info][gc,heap        ] GC(1231) Survivor regions: 21->22(22)
[497.794s][info][gc,heap        ] GC(1231) Old regions: 726->748
[497.794s][info][gc,heap        ] GC(1231) Humongous regions: 10->10
[497.794s][info][gc,metaspace   ] GC(1231) Metaspace: 19031K(19136K)->19031K(19136K) NonClass: 17201K(17280K)->17201K(17280K) Class: 1829K(1856K)->1829K(1856K)
[497.794s][info][gc             ] GC(1231) Pause Young (Normal) (G1 Evacuation Pause) 906M->779M(978M) 69.448ms
[497.794s][info][gc,cpu         ] GC(1231) User=0.14s Sys=0.00s Real=0.07s
[498.030s][info][gc,start       ] GC(1232) Pause Young (Normal) (G1 Evacuation Pause)
[498.030s][info][gc,task        ] GC(1232) Using 2 workers of 2 for evacuation
[498.072s][info][gc,phases      ] GC(1232)   Pre Evacuate Collection Set: 0.53ms
[498.072s][info][gc,phases      ] GC(1232)   Merge Heap Roots: 0.20ms
[498.072s][info][gc,phases      ] GC(1232)   Evacuate Collection Set: 40.94ms
[498.072s][info][gc,phases      ] GC(1232)   Post Evacuate Collection Set: 0.38ms
[498.072s][info][gc,phases      ] GC(1232)   Other: 0.10ms
[498.072s][info][gc,heap        ] GC(1232) Eden regions: 126->0(120)
[498.072s][info][gc,heap        ] GC(1232) Survivor regions: 22->14(19)
[498.072s][info][gc,heap        ] GC(1232) Old regions: 748->770
[498.072s][info][gc,heap        ] GC(1232) Humongous regions: 10->10
[498.072s][info][gc,metaspace   ] GC(1232) Metaspace: 19031K(19136K)->19031K(19136K) NonClass: 17201K(17280K)->17201K(17280K) Class: 1829K(1856K)->1829K(1856K)
[498.072s][info][gc             ] GC(1232) Pause Young (Normal) (G1 Evacuation Pause) 905M->793M(978M) 42.410ms
[498.072s][info][gc,cpu         ] GC(1232) User=0.08s Sys=0.00s Real=0.04s
[498.252s][info][gc,start       ] GC(1233) Pause Young (Normal) (G1 Evacuation Pause)
[498.252s][info][gc,task        ] GC(1233) Using 2 workers of 2 for evacuation
[498.276s][info][gc,phases      ] GC(1233)   Pre Evacuate Collection Set: 0.50ms
[498.276s][info][gc,phases      ] GC(1233)   Merge Heap Roots: 0.24ms
[498.276s][info][gc,phases      ] GC(1233)   Evacuate Collection Set: 22.94ms
[498.276s][info][gc,phases      ] GC(1233)   Post Evacuate Collection Set: 0.36ms
[498.276s][info][gc,phases      ] GC(1233)   Other: 0.12ms
[498.276s][info][gc,heap        ] GC(1233) Eden regions: 120->0(128)
[498.276s][info][gc,heap        ] GC(1233) Survivor regions: 14->3(17)
[498.276s][info][gc,heap        ] GC(1233) Old regions: 770->784
[498.276s][info][gc,heap        ] GC(1233) Humongous regions: 10->10
[498.276s][info][gc,metaspace   ] GC(1233) Metaspace: 19031K(19136K)->19031K(19136K) NonClass: 17202K(17280K)->17202K(17280K) Class: 1829K(1856K)->1829K(1856K)
[498.276s][info][gc             ] GC(1233) Pause Young (Normal) (G1 Evacuation Pause) 913M->796M(978M) 24.439ms
[498.276s][info][gc,cpu         ] GC(1233) User=0.04s Sys=0.00s Real=0.02s
[498.417s][info][gc,marking     ] GC(1225) Concurrent Rebuild Remembered Sets and Scrub Regions 856.542ms
[498.417s][info][gc,start       ] GC(1225) Pause Cleanup
[498.417s][info][gc             ] GC(1225) Pause Cleanup 862M->862M(978M) 0.148ms
[498.417s][info][gc,cpu         ] GC(1225) User=0.00s Sys=0.00s Real=0.00s
[498.417s][info][gc,marking     ] GC(1225) Concurrent Clear Claimed Marks
[498.417s][info][gc,marking     ] GC(1225) Concurrent Clear Claimed Marks 0.038ms
[498.417s][info][gc,marking     ] GC(1225) Concurrent Cleanup for Next Mark
[498.424s][info][gc,marking     ] GC(1225) Concurrent Cleanup for Next Mark 6.582ms
[498.424s][info][gc             ] GC(1225) Concurrent Mark Cycle 3240.657ms
[498.509s][info][gc,start       ] GC(1234) Pause Young (Prepare Mixed) (G1 Evacuation Pause)
[498.510s][info][gc,task        ] GC(1234) Using 2 workers of 2 for evacuation
[498.523s][info][gc,phases      ] GC(1234)   Pre Evacuate Collection Set: 0.28ms
[498.523s][info][gc,phases      ] GC(1234)   Merge Heap Roots: 0.18ms
[498.523s][info][gc,phases      ] GC(1234)   Evacuate Collection Set: 12.57ms
[498.523s][info][gc,phases      ] GC(1234)   Post Evacuate Collection Set: 0.38ms
[498.523s][info][gc,phases      ] GC(1234)   Other: 0.11ms
[498.523s][info][gc,heap        ] GC(1234) Eden regions: 128->0(122)
[498.523s][info][gc,heap        ] GC(1234) Survivor regions: 3->6(17)
[498.523s][info][gc,heap        ] GC(1234) Old regions: 784->784
[498.523s][info][gc,heap        ] GC(1234) Humongous regions: 10->10
[498.523s][info][gc,metaspace   ] GC(1234) Metaspace: 19034K(19136K)->19034K(19136K) NonClass: 17204K(17280K)->17204K(17280K) Class: 1829K(1856K)->1829K(1856K)
[498.523s][info][gc             ] GC(1234) Pause Young (Prepare Mixed) (G1 Evacuation Pause) 924M->799M(978M) 13.756ms
[498.523s][info][gc,cpu         ] GC(1234) User=0.03s Sys=0.00s Real=0.01s
[498.638s][info][gc,start       ] GC(1235) Pause Young (Mixed) (G1 Evacuation Pause)
[498.638s][info][gc,task        ] GC(1235) Using 2 workers of 2 for evacuation
[498.665s][info][gc,phases      ] GC(1235)   Pre Evacuate Collection Set: 0.31ms
[498.665s][info][gc,phases      ] GC(1235)   Merge Heap Roots: 0.30ms
[498.665s][info][gc,phases      ] GC(1235)   Evacuate Collection Set: 25.22ms
[498.665s][info][gc,phases      ] GC(1235)   Post Evacuate Collection Set: 0.40ms
[498.665s][info][gc,phases      ] GC(1235)   Other: 0.08ms
[498.665s][info][gc,heap        ] GC(1235) Eden regions: 122->0(128)
[498.665s][info][gc,heap        ] GC(1235) Survivor regions: 6->7(16)
[498.665s][info][gc,heap        ] GC(1235) Old regions: 784->776
[498.665s][info][gc,heap        ] GC(1235) Humongous regions: 10->10
[498.665s][info][gc,metaspace   ] GC(1235) Metaspace: 19034K(19136K)->19034K(19136K) NonClass: 17204K(17280K)->17204K(17280K) Class: 1829K(1856K)->1829K(1856K)
[498.665s][info][gc             ] GC(1235) Pause Young (Mixed) (G1 Evacuation Pause) 921M->792M(978M) 26.556ms
[498.665s][info][gc,cpu         ] GC(1235) User=0.05s Sys=0.00s Real=0.02s
[498.742s][info][gc,start       ] GC(1236) Pause Young (Concurrent Start) (G1 Evacuation Pause)
[498.743s][info][gc,task        ] GC(1236) Using 2 workers of 2 for evacuation
[498.751s][info][gc,phases      ] GC(1236)   Pre Evacuate Collection Set: 0.31ms
[498.751s][info][gc,phases      ] GC(1236)   Merge Heap Roots: 0.11ms
[498.751s][info][gc,phases      ] GC(1236)   Evacuate Collection Set: 7.94ms
[498.752s][info][gc,phases      ] GC(1236)   Post Evacuate Collection Set: 0.40ms
[498.752s][info][gc,phases      ] GC(1236)   Other: 0.12ms
[498.752s][info][gc,heap        ] GC(1236) Eden regions: 128->0(128)
[498.752s][info][gc,heap        ] GC(1236) Survivor regions: 7->7(17)
[498.752s][info][gc,heap        ] GC(1236) Old regions: 776->776
[498.752s][info][gc,heap        ] GC(1236) Humongous regions: 10->10
[498.752s][info][gc,metaspace   ] GC(1236) Metaspace: 19034K(19136K)->19034K(19136K) NonClass: 17204K(17280K)->17204K(17280K) Class: 1829K(1856K)->1829K(1856K)
[498.752s][info][gc             ] GC(1236) Pause Young (Concurrent Start) (G1 Evacuation Pause) 920M->792M(978M) 9.136ms
[498.752s][info][gc             ] GC(1237) Concurrent Mark Cycle
[498.752s][info][gc,marking     ] GC(1237) Concurrent Scan Root Regions
[498.752s][info][gc,cpu         ] GC(1236) User=0.01s Sys=0.00s Real=0.01s
[498.766s][info][gc,marking     ] GC(1237) Concurrent Scan Root Regions 14.680ms
[498.766s][info][gc,marking     ] GC(1237) Concurrent Mark
[498.766s][info][gc,marking     ] GC(1237) Concurrent Mark From Roots
[498.766s][info][gc,task        ] GC(1237) Using 1 workers of 1 for marking
[499.143s][info][gc,start       ] GC(1238) Pause Young (Normal) (G1 Evacuation Pause)
[499.143s][info][gc,task        ] GC(1238) Using 2 workers of 2 for evacuation
[499.160s][info][gc,phases      ] GC(1238)   Pre Evacuate Collection Set: 0.32ms
[499.160s][info][gc,phases      ] GC(1238)   Merge Heap Roots: 0.17ms
[499.160s][info][gc,phases      ] GC(1238)   Evacuate Collection Set: 15.48ms
[499.160s][info][gc,phases      ] GC(1238)   Post Evacuate Collection Set: 0.42ms
[499.160s][info][gc,phases      ] GC(1238)   Other: 0.08ms
[499.160s][info][gc,heap        ] GC(1238) Eden regions: 128->0(118)
[499.160s][info][gc,heap        ] GC(1238) Survivor regions: 7->12(17)
[499.160s][info][gc,heap        ] GC(1238) Old regions: 776->776
[499.160s][info][gc,heap        ] GC(1238) Humongous regions: 10->10
[499.160s][info][gc,metaspace   ] GC(1238) Metaspace: 19034K(19136K)->19034K(19136K) NonClass: 17204K(17280K)->17204K(17280K) Class: 1829K(1856K)->1829K(1856K)
[499.160s][info][gc             ] GC(1238) Pause Young (Normal) (G1 Evacuation Pause) 920M->797M(978M) 16.726ms
[499.160s][info][gc,cpu         ] GC(1238) User=0.03s Sys=0.00s Real=0.02s
[499.386s][info][gc,start       ] GC(1239) Pause Young (Normal) (G1 Evacuation Pause)
[499.386s][info][gc,task        ] GC(1239) Using 2 workers of 2 for evacuation
[499.408s][info][gc,phases      ] GC(1239)   Pre Evacuate Collection Set: 0.52ms
[499.408s][info][gc,phases      ] GC(1239)   Merge Heap Roots: 0.26ms
[499.408s][info][gc,phases      ] GC(1239)   Evacuate Collection Set: 20.68ms
[499.408s][info][gc,phases      ] GC(1239)   Post Evacuate Collection Set: 0.41ms
[499.408s][info][gc,phases      ] GC(1239)   Other: 0.09ms
[499.408s][info][gc,heap        ] GC(1239) Eden regions: 118->0(118)
[499.409s][info][gc,heap        ] GC(1239) Survivor regions: 12->9(17)
[499.409s][info][gc,heap        ] GC(1239) Old regions: 776->782
[499.409s][info][gc,heap        ] GC(1239) Humongous regions: 10->10
[499.409s][info][gc,metaspace   ] GC(1239) Metaspace: 19034K(19136K)->19034K(19136K) NonClass: 17204K(17280K)->17204K(17280K) Class: 1829K(1856K)->1829K(1856K)
[499.409s][info][gc             ] GC(1239) Pause Young (Normal) (G1 Evacuation Pause) 915M->800M(978M) 22.250ms
[499.409s][info][gc,cpu         ] GC(1239) User=0.04s Sys=0.00s Real=0.03s
[499.770s][info][gc,start       ] GC(1240) Pause Young (Normal) (G1 Evacuation Pause)
[499.770s][info][gc,task        ] GC(1240) Using 2 workers of 2 for evacuation
[499.782s][info][gc,phases      ] GC(1240)   Pre Evacuate Collection Set: 0.29ms
[499.782s][info][gc,phases      ] GC(1240)   Merge Heap Roots: 0.16ms
[499.782s][info][gc,phases      ] GC(1240)   Evacuate Collection Set: 11.08ms
[499.782s][info][gc,phases      ] GC(1240)   Post Evacuate Collection Set: 0.34ms
[499.782s][info][gc,phases      ] GC(1240)   Other: 0.12ms
[499.782s][info][gc,heap        ] GC(1240) Eden regions: 118->0(124)
[499.782s][info][gc,heap        ] GC(1240) Survivor regions: 9->3(16)
[499.782s][info][gc,heap        ] GC(1240) Old regions: 782->788
[499.782s][info][gc,heap        ] GC(1240) Humongous regions: 10->10
[499.782s][info][gc,metaspace   ] GC(1240) Metaspace: 19034K(19136K)->19034K(19136K) NonClass: 17204K(17280K)->17204K(17280K) Class: 1829K(1856K)->1829K(1856K)
[499.782s][info][gc             ] GC(1240) Pause Young (Normal) (G1 Evacuation Pause) 918M->800M(978M) 12.243ms
[499.782s][info][gc,cpu         ] GC(1240) User=0.03s Sys=0.00s Real=0.01s
[500.437s][info][gc,start       ] GC(1241) Pause Young (Normal) (G1 Evacuation Pause)
[500.437s][info][gc,task        ] GC(1241) Using 2 workers of 2 for evacuation
[500.442s][info][gc,phases      ] GC(1241)   Pre Evacuate Collection Set: 0.54ms
[500.442s][info][gc,phases      ] GC(1241)   Merge Heap Roots: 0.11ms
[500.442s][info][gc,phases      ] GC(1241)   Evacuate Collection Set: 3.89ms
[500.442s][info][gc,phases      ] GC(1241)   Post Evacuate Collection Set: 0.34ms
[500.442s][info][gc,phases      ] GC(1241)   Other: 0.09ms
[500.442s][info][gc,heap        ] GC(1241) Eden regions: 124->0(124)
[500.442s][info][gc,heap        ] GC(1241) Survivor regions: 3->3(16)
[500.442s][info][gc,heap        ] GC(1241) Old regions: 788->788
[500.442s][info][gc,heap        ] GC(1241) Humongous regions: 10->10
[500.442s][info][gc,metaspace   ] GC(1241) Metaspace: 19035K(19136K)->19035K(19136K) NonClass: 17205K(17280K)->17205K(17280K) Class: 1829K(1856K)->1829K(1856K)
[500.442s][info][gc             ] GC(1241) Pause Young (Normal) (G1 Evacuation Pause) 924M->800M(978M) 5.182ms
[500.442s][info][gc,cpu         ] GC(1241) User=0.01s Sys=0.00s Real=0.01s
[500.799s][info][gc,start       ] GC(1242) Pause Young (Normal) (G1 Evacuation Pause)
[500.799s][info][gc,task        ] GC(1242) Using 2 workers of 2 for evacuation
[500.828s][info][gc,phases      ] GC(1242)   Pre Evacuate Collection Set: 0.31ms
[500.828s][info][gc,phases      ] GC(1242)   Merge Heap Roots: 0.19ms
[500.828s][info][gc,phases      ] GC(1242)   Evacuate Collection Set: 28.52ms
[500.828s][info][gc,phases      ] GC(1242)   Post Evacuate Collection Set: 0.40ms
[500.828s][info][gc,phases      ] GC(1242)   Other: 0.08ms
[500.828s][info][gc,heap        ] GC(1242) Eden regions: 124->0(89)
[500.828s][info][gc,heap        ] GC(1242) Survivor regions: 3->16(16)
[500.828s][info][gc,heap        ] GC(1242) Old regions: 788->797
[500.828s][info][gc,heap        ] GC(1242) Humongous regions: 10->10
[500.828s][info][gc,metaspace   ] GC(1242) Metaspace: 19035K(19136K)->19035K(19136K) NonClass: 17205K(17280K)->17205K(17280K) Class: 1829K(1856K)->1829K(1856K)
[500.828s][info][gc             ] GC(1242) Pause Young (Normal) (G1 Evacuation Pause) 924M->822M(978M) 29.731ms
[500.828s][info][gc,cpu         ] GC(1242) User=0.06s Sys=0.01s Real=0.03s
[501.224s][info][gc,marking     ] GC(1237) Concurrent Mark From Roots 2457.228ms
[501.224s][info][gc,marking     ] GC(1237) Concurrent Preclean
[501.224s][info][gc,marking     ] GC(1237) Concurrent Preclean 0.054ms
[501.224s][info][gc,start       ] GC(1237) Pause Remark
[501.233s][info][gc             ] GC(1237) Pause Remark 909M->908M(978M) 9.191ms
[501.233s][info][gc,cpu         ] GC(1237) User=0.02s Sys=0.00s Real=0.01s
[501.233s][info][gc,marking     ] GC(1237) Concurrent Mark 2466.837ms
[501.233s][info][gc,marking     ] GC(1237) Concurrent Rebuild Remembered Sets and Scrub Regions
[501.240s][info][gc,start       ] GC(1243) Pause Young (Normal) (G1 Evacuation Pause)
[501.240s][info][gc,task        ] GC(1243) Using 2 workers of 2 for evacuation
[501.261s][info][gc,phases      ] GC(1243)   Pre Evacuate Collection Set: 0.29ms
[501.261s][info][gc,phases      ] GC(1243)   Merge Heap Roots: 0.12ms
[501.261s][info][gc,phases      ] GC(1243)   Evacuate Collection Set: 20.47ms
[501.261s][info][gc,phases      ] GC(1243)   Post Evacuate Collection Set: 0.36ms
[501.262s][info][gc,phases      ] GC(1243)   Other: 0.09ms
[501.262s][info][gc,heap        ] GC(1243) Eden regions: 89->0(103)
[501.262s][info][gc,heap        ] GC(1243) Survivor regions: 16->1(14)
[501.262s][info][gc,heap        ] GC(1243) Old regions: 797->814
[501.262s][info][gc,heap        ] GC(1243) Humongous regions: 9->9
[501.262s][info][gc,metaspace   ] GC(1243) Metaspace: 19035K(19136K)->19035K(19136K) NonClass: 17205K(17280K)->17205K(17280K) Class: 1829K(1856K)->1829K(1856K)
[501.262s][info][gc             ] GC(1243) Pause Young (Normal) (G1 Evacuation Pause) 910M->823M(978M) 21.582ms
[501.262s][info][gc,cpu         ] GC(1243) User=0.04s Sys=0.00s Real=0.02s
[501.657s][info][gc,start       ] GC(1244) Pause Young (Normal) (G1 Evacuation Pause)
[501.657s][info][gc,task        ] GC(1244) Using 2 workers of 2 for evacuation
[501.658s][info][gc,phases      ] GC(1244)   Pre Evacuate Collection Set: 0.55ms
[501.658s][info][gc,phases      ] GC(1244)   Merge Heap Roots: 0.07ms
[501.658s][info][gc,phases      ] GC(1244)   Evacuate Collection Set: 0.26ms
[501.658s][info][gc,phases      ] GC(1244)   Post Evacuate Collection Set: 0.30ms
[501.658s][info][gc,phases      ] GC(1244)   Other: 0.09ms
[501.658s][info][gc,heap        ] GC(1244) Eden regions: 103->0(103)
[501.658s][info][gc,heap        ] GC(1244) Survivor regions: 1->1(13)
[501.658s][info][gc,heap        ] GC(1244) Old regions: 814->814
[501.658s][info][gc,heap        ] GC(1244) Humongous regions: 9->9
[501.658s][info][gc,metaspace   ] GC(1244) Metaspace: 19035K(19136K)->19035K(19136K) NonClass: 17205K(17280K)->17205K(17280K) Class: 1829K(1856K)->1829K(1856K)
[501.658s][info][gc             ] GC(1244) Pause Young (Normal) (G1 Evacuation Pause) 926M->823M(978M) 1.485ms
[501.658s][info][gc,cpu         ] GC(1244) User=0.00s Sys=0.00s Real=0.01s
[502.022s][info][gc,start       ] GC(1245) Pause Young (Normal) (G1 Evacuation Pause)
[502.022s][info][gc,task        ] GC(1245) Using 2 workers of 2 for evacuation
[502.023s][info][gc,phases      ] GC(1245)   Pre Evacuate Collection Set: 0.55ms
[502.023s][info][gc,phases      ] GC(1245)   Merge Heap Roots: 0.08ms
[502.023s][info][gc,phases      ] GC(1245)   Evacuate Collection Set: 0.31ms
[502.023s][info][gc,phases      ] GC(1245)   Post Evacuate Collection Set: 0.28ms
[502.023s][info][gc,phases      ] GC(1245)   Other: 0.08ms
[502.023s][info][gc,heap        ] GC(1245) Eden regions: 103->0(103)
[502.023s][info][gc,heap        ] GC(1245) Survivor regions: 1->1(13)
[502.023s][info][gc,heap        ] GC(1245) Old regions: 814->814
[502.023s][info][gc,heap        ] GC(1245) Humongous regions: 9->9
[502.023s][info][gc,metaspace   ] GC(1245) Metaspace: 19035K(19136K)->19035K(19136K) NonClass: 17205K(17280K)->17205K(17280K) Class: 1829K(1856K)->1829K(1856K)
[502.023s][info][gc             ] GC(1245) Pause Young (Normal) (G1 Evacuation Pause) 926M->822M(978M) 1.493ms
[502.023s][info][gc,cpu         ] GC(1245) User=0.00s Sys=0.00s Real=0.00s
[502.077s][info][gc,marking     ] GC(1237) Concurrent Rebuild Remembered Sets and Scrub Regions 843.450ms
[502.077s][info][gc,start       ] GC(1237) Pause Cleanup
[502.077s][info][gc             ] GC(1237) Pause Cleanup 832M->832M(978M) 0.151ms
[502.077s][info][gc,cpu         ] GC(1237) User=0.00s Sys=0.00s Real=0.00s
[502.079s][info][gc,marking     ] GC(1237) Concurrent Clear Claimed Marks
[502.079s][info][gc,marking     ] GC(1237) Concurrent Clear Claimed Marks 0.053ms
[502.079s][info][gc,marking     ] GC(1237) Concurrent Cleanup for Next Mark
[502.082s][info][gc,marking     ] GC(1237) Concurrent Cleanup for Next Mark 3.067ms
[502.082s][info][gc             ] GC(1237) Concurrent Mark Cycle 3330.802ms
[502.813s][info][gc,start       ] GC(1246) Pause Young (Prepare Mixed) (G1 Evacuation Pause)
[502.813s][info][gc,task        ] GC(1246) Using 2 workers of 2 for evacuation
[502.815s][info][gc,phases      ] GC(1246)   Pre Evacuate Collection Set: 0.33ms
[502.815s][info][gc,phases      ] GC(1246)   Merge Heap Roots: 0.14ms
[502.815s][info][gc,phases      ] GC(1246)   Evacuate Collection Set: 1.54ms
[502.815s][info][gc,phases      ] GC(1246)   Post Evacuate Collection Set: 0.36ms
[502.815s][info][gc,phases      ] GC(1246)   Other: 0.08ms
[502.815s][info][gc,heap        ] GC(1246) Eden regions: 103->0(103)
[502.816s][info][gc,heap        ] GC(1246) Survivor regions: 1->1(13)
[502.816s][info][gc,heap        ] GC(1246) Old regions: 814->814
[502.816s][info][gc,heap        ] GC(1246) Humongous regions: 9->9
[502.816s][info][gc,metaspace   ] GC(1246) Metaspace: 19037K(19136K)->19037K(19136K) NonClass: 17208K(17280K)->17208K(17280K) Class: 1829K(1856K)->1829K(1856K)
[502.816s][info][gc             ] GC(1246) Pause Young (Prepare Mixed) (G1 Evacuation Pause) 925M->823M(978M) 2.691ms
[502.816s][info][gc,cpu         ] GC(1246) User=0.00s Sys=0.00s Real=0.00s
[503.487s][info][gc,start       ] GC(1247) Pause Young (Mixed) (G1 Evacuation Pause)
[503.487s][info][gc,task        ] GC(1247) Using 2 workers of 2 for evacuation
[503.500s][info][gc,phases      ] GC(1247)   Pre Evacuate Collection Set: 0.33ms
[503.500s][info][gc,phases      ] GC(1247)   Merge Heap Roots: 0.24ms
[503.500s][info][gc,phases      ] GC(1247)   Evacuate Collection Set: 12.35ms
[503.500s][info][gc,phases      ] GC(1247)   Post Evacuate Collection Set: 0.39ms
[503.500s][info][gc,phases      ] GC(1247)   Other: 0.09ms
[503.500s][info][gc,heap        ] GC(1247) Eden regions: 103->0(111)
[503.500s][info][gc,heap        ] GC(1247) Survivor regions: 1->1(13)
[503.500s][info][gc,heap        ] GC(1247) Old regions: 814->806
[503.500s][info][gc,heap        ] GC(1247) Humongous regions: 9->9
[503.500s][info][gc,metaspace   ] GC(1247) Metaspace: 19037K(19136K)->19037K(19136K) NonClass: 17208K(17280K)->17208K(17280K) Class: 1829K(1856K)->1829K(1856K)
[503.500s][info][gc             ] GC(1247) Pause Young (Mixed) (G1 Evacuation Pause) 926M->815M(978M) 13.679ms
[503.500s][info][gc,cpu         ] GC(1247) User=0.02s Sys=0.00s Real=0.02s
[504.113s][info][gc,start       ] GC(1248) Pause Young (Concurrent Start) (G1 Evacuation Pause)
[504.113s][info][gc,task        ] GC(1248) Using 2 workers of 2 for evacuation
[504.118s][info][gc,phases      ] GC(1248)   Pre Evacuate Collection Set: 0.38ms
[504.118s][info][gc,phases      ] GC(1248)   Merge Heap Roots: 0.10ms
[504.118s][info][gc,phases      ] GC(1248)   Evacuate Collection Set: 3.91ms
[504.118s][info][gc,phases      ] GC(1248)   Post Evacuate Collection Set: 0.39ms
[504.118s][info][gc,phases      ] GC(1248)   Other: 0.14ms
[504.118s][info][gc,heap        ] GC(1248) Eden regions: 111->0(107)
[504.118s][info][gc,heap        ] GC(1248) Survivor regions: 1->3(14)
[504.118s][info][gc,heap        ] GC(1248) Old regions: 806->806
[504.118s][info][gc,heap        ] GC(1248) Humongous regions: 9->9
[504.118s][info][gc,metaspace   ] GC(1248) Metaspace: 19039K(19136K)->19039K(19136K) NonClass: 17209K(17280K)->17209K(17280K) Class: 1829K(1856K)->1829K(1856K)
[504.118s][info][gc             ] GC(1248) Pause Young (Concurrent Start) (G1 Evacuation Pause) 926M->817M(978M) 5.156ms
[504.118s][info][gc,cpu         ] GC(1248) User=0.01s Sys=0.00s Real=0.00s
[504.118s][info][gc             ] GC(1249) Concurrent Mark Cycle
[504.118s][info][gc,marking     ] GC(1249) Concurrent Scan Root Regions
[504.122s][info][gc,marking     ] GC(1249) Concurrent Scan Root Regions 3.488ms
[504.122s][info][gc,marking     ] GC(1249) Concurrent Mark
[504.122s][info][gc,marking     ] GC(1249) Concurrent Mark From Roots
[504.122s][info][gc,task        ] GC(1249) Using 1 workers of 1 for marking
[504.513s][info][gc,start       ] GC(1250) Pause Young (Normal) (G1 Evacuation Pause)
[504.513s][info][gc,task        ] GC(1250) Using 2 workers of 2 for evacuation
[504.518s][info][gc,phases      ] GC(1250)   Pre Evacuate Collection Set: 0.33ms
[504.518s][info][gc,phases      ] GC(1250)   Merge Heap Roots: 0.11ms
[504.518s][info][gc,phases      ] GC(1250)   Evacuate Collection Set: 4.01ms
[504.518s][info][gc,phases      ] GC(1250)   Post Evacuate Collection Set: 0.40ms
[504.518s][info][gc,phases      ] GC(1250)   Other: 0.09ms
[504.518s][info][gc,heap        ] GC(1250) Eden regions: 107->0(107)
[504.518s][info][gc,heap        ] GC(1250) Survivor regions: 3->3(14)
[504.518s][info][gc,heap        ] GC(1250) Old regions: 806->806
[504.518s][info][gc,heap        ] GC(1250) Humongous regions: 9->9
[504.518s][info][gc,metaspace   ] GC(1250) Metaspace: 19042K(19200K)->19042K(19200K) NonClass: 17213K(17344K)->17213K(17344K) Class: 1829K(1856K)->1829K(1856K)
[504.518s][info][gc             ] GC(1250) Pause Young (Normal) (G1 Evacuation Pause) 924M->817M(978M) 5.195ms
[504.518s][info][gc,cpu         ] GC(1250) User=0.01s Sys=0.00s Real=0.00s
[504.804s][info][gc,start       ] GC(1251) Pause Young (Normal) (G1 Evacuation Pause)
[504.804s][info][gc,task        ] GC(1251) Using 2 workers of 2 for evacuation
[504.809s][info][gc,phases      ] GC(1251)   Pre Evacuate Collection Set: 0.32ms
[504.809s][info][gc,phases      ] GC(1251)   Merge Heap Roots: 0.11ms
[504.809s][info][gc,phases      ] GC(1251)   Evacuate Collection Set: 4.01ms
[504.809s][info][gc,phases      ] GC(1251)   Post Evacuate Collection Set: 0.40ms
[504.809s][info][gc,phases      ] GC(1251)   Other: 0.08ms
[504.809s][info][gc,heap        ] GC(1251) Eden regions: 107->0(107)
[504.809s][info][gc,heap        ] GC(1251) Survivor regions: 3->3(14)
[504.809s][info][gc,heap        ] GC(1251) Old regions: 806->806
[504.809s][info][gc,heap        ] GC(1251) Humongous regions: 9->9
[504.809s][info][gc,metaspace   ] GC(1251) Metaspace: 19043K(19200K)->19043K(19200K) NonClass: 17213K(17344K)->17213K(17344K) Class: 1829K(1856K)->1829K(1856K)
[504.809s][info][gc             ] GC(1251) Pause Young (Normal) (G1 Evacuation Pause) 924M->817M(978M) 5.133ms
[504.809s][info][gc,cpu         ] GC(1251) User=0.01s Sys=0.00s Real=0.01s
[505.098s][info][gc,start       ] GC(1252) Pause Young (Normal) (G1 Evacuation Pause)
[505.098s][info][gc,task        ] GC(1252) Using 2 workers of 2 for evacuation
[505.103s][info][gc,phases      ] GC(1252)   Pre Evacuate Collection Set: 0.30ms
[505.103s][info][gc,phases      ] GC(1252)   Merge Heap Roots: 0.10ms
[505.103s][info][gc,phases      ] GC(1252)   Evacuate Collection Set: 3.69ms
[505.103s][info][gc,phases      ] GC(1252)   Post Evacuate Collection Set: 0.36ms
[505.103s][info][gc,phases      ] GC(1252)   Other: 0.07ms
[505.103s][info][gc,heap        ] GC(1252) Eden regions: 107->0(107)
[505.103s][info][gc,heap        ] GC(1252) Survivor regions: 3->3(14)
[505.103s][info][gc,heap        ] GC(1252) Old regions: 806->806
[505.103s][info][gc,heap        ] GC(1252) Humongous regions: 9->9
[505.103s][info][gc,metaspace   ] GC(1252) Metaspace: 19043K(19200K)->19043K(19200K) NonClass: 17213K(17344K)->17213K(17344K) Class: 1829K(1856K)->1829K(1856K)
[505.103s][info][gc             ] GC(1252) Pause Young (Normal) (G1 Evacuation Pause) 924M->817M(978M) 4.736ms
[505.103s][info][gc,cpu         ] GC(1252) User=0.01s Sys=0.00s Real=0.00s
[505.332s][info][gc,marking     ] GC(1249) Concurrent Mark From Roots 1210.798ms
[505.332s][info][gc,marking     ] GC(1249) Concurrent Preclean
[505.333s][info][gc,marking     ] GC(1249) Concurrent Preclean 0.052ms
[505.334s][info][gc,start       ] GC(1249) Pause Remark
[505.343s][info][gc             ] GC(1249) Pause Remark 921M->698M(978M) 9.064ms
[505.343s][info][gc,cpu         ] GC(1249) User=0.01s Sys=0.00s Real=0.01s
[505.346s][info][gc,marking     ] GC(1249) Concurrent Mark 1224.572ms
[505.346s][info][gc,marking     ] GC(1249) Concurrent Rebuild Remembered Sets and Scrub Regions
[505.358s][info][gc,start       ] GC(1253) Pause Young (Normal) (G1 Evacuation Pause)
[505.358s][info][gc,task        ] GC(1253) Using 2 workers of 2 for evacuation
[505.389s][info][gc,phases      ] GC(1253)   Pre Evacuate Collection Set: 0.50ms
[505.389s][info][gc,phases      ] GC(1253)   Merge Heap Roots: 0.16ms
[505.389s][info][gc,phases      ] GC(1253)   Evacuate Collection Set: 29.40ms
[505.389s][info][gc,phases      ] GC(1253)   Post Evacuate Collection Set: 0.50ms
[505.389s][info][gc,phases      ] GC(1253)   Other: 0.12ms
[505.389s][info][gc,heap        ] GC(1253) Eden regions: 107->0(294)
[505.389s][info][gc,heap        ] GC(1253) Survivor regions: 3->14(14)
[505.389s][info][gc,heap        ] GC(1253) Old regions: 587->601
[505.389s][info][gc,heap        ] GC(1253) Humongous regions: 5->5
[505.389s][info][gc,metaspace   ] GC(1253) Metaspace: 19046K(19200K)->19046K(19200K) NonClass: 17217K(17344K)->17217K(17344K) Class: 1829K(1856K)->1829K(1856K)
[505.389s][info][gc             ] GC(1253) Pause Young (Normal) (G1 Evacuation Pause) 701M->619M(978M) 30.930ms
[505.389s][info][gc,cpu         ] GC(1253) User=0.06s Sys=0.00s Real=0.04s
[505.782s][info][gc,start       ] GC(1254) Pause Young (Normal) (G1 Evacuation Pause)
[505.782s][info][gc,task        ] GC(1254) Using 2 workers of 2 for evacuation
[505.932s][info][gc,phases      ] GC(1254)   Pre Evacuate Collection Set: 0.51ms
[505.932s][info][gc,phases      ] GC(1254)   Merge Heap Roots: 0.53ms
[505.932s][info][gc,phases      ] GC(1254)   Evacuate Collection Set: 128.87ms
[505.932s][info][gc,phases      ] GC(1254)   Post Evacuate Collection Set: 20.29ms
[505.932s][info][gc,phases      ] GC(1254)   Other: 0.12ms
[505.932s][info][gc,heap        ] GC(1254) Eden regions: 294->0(9)
[505.932s][info][gc,heap        ] GC(1254) Survivor regions: 14->39(39)
[505.932s][info][gc,heap        ] GC(1254) Old regions: 601->845
[505.932s][info][gc,heap        ] GC(1254) Humongous regions: 5->5
[505.932s][info][gc,metaspace   ] GC(1254) Metaspace: 19047K(19200K)->19047K(19200K) NonClass: 17217K(17344K)->17217K(17344K) Class: 1829K(1856K)->1829K(1856K)
[505.932s][info][gc             ] GC(1254) Pause Young (Normal) (G1 Evacuation Pause) (Evacuation Failure: Allocation) 913M->888M(978M) 150.598ms
[505.932s][info][gc,cpu         ] GC(1254) User=0.30s Sys=0.00s Real=0.15s
[505.944s][info][gc,start       ] GC(1255) Pause Young (Normal) (G1 Evacuation Pause)
[505.944s][info][gc,task        ] GC(1255) Using 2 workers of 2 for evacuation
[506.033s][info][gc,phases      ] GC(1255)   Pre Evacuate Collection Set: 0.38ms
[506.033s][info][gc,phases      ] GC(1255)   Merge Heap Roots: 0.97ms
[506.033s][info][gc,phases      ] GC(1255)   Evacuate Collection Set: 86.21ms
[506.033s][info][gc,phases      ] GC(1255)   Post Evacuate Collection Set: 0.51ms
[506.033s][info][gc,phases      ] GC(1255)   Other: 0.09ms
[506.033s][info][gc,heap        ] GC(1255) Eden regions: 9->0(134)
[506.033s][info][gc,heap        ] GC(1255) Survivor regions: 39->5(6)
[506.033s][info][gc,heap        ] GC(1255) Old regions: 845->779
[506.033s][info][gc,heap        ] GC(1255) Humongous regions: 5->5
[506.033s][info][gc,metaspace   ] GC(1255) Metaspace: 19047K(19200K)->19047K(19200K) NonClass: 17217K(17344K)->17217K(17344K) Class: 1829K(1856K)->1829K(1856K)
[506.033s][info][gc             ] GC(1255) Pause Young (Normal) (G1 Evacuation Pause) 897M->788M(978M) 88.393ms
[506.033s][info][gc,cpu         ] GC(1255) User=0.18s Sys=0.00s Real=0.09s
[506.374s][info][gc,marking     ] GC(1249) Concurrent Rebuild Remembered Sets and Scrub Regions 1027.894ms
[506.375s][info][gc,start       ] GC(1249) Pause Cleanup
[506.376s][info][gc             ] GC(1249) Pause Cleanup 922M->922M(978M) 0.200ms
[506.376s][info][gc,cpu         ] GC(1249) User=0.00s Sys=0.00s Real=0.00s
[506.376s][info][gc,marking     ] GC(1249) Concurrent Clear Claimed Marks
[506.376s][info][gc,marking     ] GC(1249) Concurrent Clear Claimed Marks 0.076ms
[506.376s][info][gc,marking     ] GC(1249) Concurrent Cleanup for Next Mark
[506.381s][info][gc,marking     ] GC(1249) Concurrent Cleanup for Next Mark 5.021ms
[506.381s][info][gc             ] GC(1249) Concurrent Mark Cycle 2262.706ms
[506.382s][info][gc,start       ] GC(1256) Pause Young (Prepare Mixed) (G1 Evacuation Pause)
[506.382s][info][gc,task        ] GC(1256) Using 2 workers of 2 for evacuation
[506.503s][info][gc,phases      ] GC(1256)   Pre Evacuate Collection Set: 0.36ms
[506.504s][info][gc,phases      ] GC(1256)   Merge Heap Roots: 0.56ms
[506.504s][info][gc,phases      ] GC(1256)   Evacuate Collection Set: 107.57ms
[506.504s][info][gc,phases      ] GC(1256)   Post Evacuate Collection Set: 13.05ms
[506.504s][info][gc,phases      ] GC(1256)   Other: 0.11ms
[506.504s][info][gc,heap        ] GC(1256) Eden regions: 134->0(30)
[506.504s][info][gc,heap        ] GC(1256) Survivor regions: 5->18(18)
[506.504s][info][gc,heap        ] GC(1256) Old regions: 779->893
[506.504s][info][gc,heap        ] GC(1256) Humongous regions: 6->6
[506.504s][info][gc,metaspace   ] GC(1256) Metaspace: 19048K(19200K)->19048K(19200K) NonClass: 17219K(17344K)->17219K(17344K) Class: 1829K(1856K)->1829K(1856K)
[506.504s][info][gc             ] GC(1256) Pause Young (Prepare Mixed) (G1 Evacuation Pause) (Evacuation Failure: Allocation) 923M->916M(978M) 121.903ms
[506.504s][info][gc,cpu         ] GC(1256) User=0.25s Sys=0.00s Real=0.12s
[506.601s][info][gc,start       ] GC(1257) Pause Young (Mixed) (G1 Evacuation Pause)
[506.601s][info][gc,task        ] GC(1257) Using 2 workers of 2 for evacuation
[506.747s][info][gc,phases      ] GC(1257)   Pre Evacuate Collection Set: 0.60ms
[506.747s][info][gc,phases      ] GC(1257)   Merge Heap Roots: 1.08ms
[506.747s][info][gc,phases      ] GC(1257)   Evacuate Collection Set: 59.17ms
[506.747s][info][gc,phases      ] GC(1257)   Merge Optional Heap Roots: 0.80ms
[506.747s][info][gc,phases      ] GC(1257)   Evacuate Optional Collection Set: 82.55ms
[506.747s][info][gc,phases      ] GC(1257)   Post Evacuate Collection Set: 2.33ms
[506.747s][info][gc,phases      ] GC(1257)   Other: 0.08ms
[506.748s][info][gc,heap        ] GC(1257) Eden regions: 30->0(144)
[506.748s][info][gc,heap        ] GC(1257) Survivor regions: 18->3(6)
[506.748s][info][gc,heap        ] GC(1257) Old regions: 893->763
[506.748s][info][gc,heap        ] GC(1257) Humongous regions: 6->6
[506.748s][info][gc,metaspace   ] GC(1257) Metaspace: 19048K(19200K)->19048K(19200K) NonClass: 17219K(17344K)->17219K(17344K) Class: 1829K(1856K)->1829K(1856K)
[506.748s][info][gc             ] GC(1257) Pause Young (Mixed) (G1 Evacuation Pause) (Evacuation Failure: Allocation) 946M->771M(978M) 146.901ms
[506.748s][info][gc,cpu         ] GC(1257) User=0.30s Sys=0.00s Real=0.14s
[506.852s][info][gc,start       ] GC(1258) Pause Young (Concurrent Start) (G1 Humongous Allocation)
[506.852s][info][gc,task        ] GC(1258) Using 2 workers of 2 for evacuation
[506.913s][info][gc,phases      ] GC(1258)   Pre Evacuate Collection Set: 0.34ms
[506.913s][info][gc,phases      ] GC(1258)   Merge Heap Roots: 0.81ms
[506.913s][info][gc,phases      ] GC(1258)   Evacuate Collection Set: 58.17ms
[506.913s][info][gc,phases      ] GC(1258)   Post Evacuate Collection Set: 0.76ms
[506.913s][info][gc,phases      ] GC(1258)   Other: 0.12ms
[506.913s][info][gc,heap        ] GC(1258) Eden regions: 77->0(181)
[506.913s][info][gc,heap        ] GC(1258) Survivor regions: 3->13(19)
[506.913s][info][gc,heap        ] GC(1258) Old regions: 763->700
[506.913s][info][gc,heap        ] GC(1258) Humongous regions: 6->6
[506.913s][info][gc,metaspace   ] GC(1258) Metaspace: 19049K(19200K)->19049K(19200K) NonClass: 17220K(17344K)->17220K(17344K) Class: 1829K(1856K)->1829K(1856K)
[506.913s][info][gc             ] GC(1258) Pause Young (Concurrent Start) (G1 Humongous Allocation) 848M->718M(978M) 60.466ms
[506.913s][info][gc,cpu         ] GC(1258) User=0.12s Sys=0.00s Real=0.06s
[506.913s][info][gc             ] GC(1259) Concurrent Mark Cycle
[506.913s][info][gc,marking     ] GC(1259) Concurrent Scan Root Regions
[506.996s][info][gc,marking     ] GC(1259) Concurrent Scan Root Regions 83.653ms
[506.997s][info][gc,marking     ] GC(1259) Concurrent Mark
[506.997s][info][gc,marking     ] GC(1259) Concurrent Mark From Roots
[506.997s][info][gc,task        ] GC(1259) Using 1 workers of 1 for marking
[507.271s][info][gc,start       ] GC(1260) Pause Young (Normal) (G1 Evacuation Pause)
[507.271s][info][gc,task        ] GC(1260) Using 2 workers of 2 for evacuation
[507.346s][info][gc,phases      ] GC(1260)   Pre Evacuate Collection Set: 0.29ms
[507.346s][info][gc,phases      ] GC(1260)   Merge Heap Roots: 0.56ms
[507.346s][info][gc,phases      ] GC(1260)   Evacuate Collection Set: 73.54ms
[507.346s][info][gc,phases      ] GC(1260)   Post Evacuate Collection Set: 0.67ms
[507.346s][info][gc,phases      ] GC(1260)   Other: 0.09ms
[507.346s][info][gc,heap        ] GC(1260) Eden regions: 181->0(154)
[507.346s][info][gc,heap        ] GC(1260) Survivor regions: 13->25(25)
[507.346s][info][gc,heap        ] GC(1260) Old regions: 700->715
[507.346s][info][gc,heap        ] GC(1260) Humongous regions: 9->9
[507.346s][info][gc,metaspace   ] GC(1260) Metaspace: 19049K(19200K)->19049K(19200K) NonClass: 17220K(17344K)->17220K(17344K) Class: 1829K(1856K)->1829K(1856K)
[507.346s][info][gc             ] GC(1260) Pause Young (Normal) (G1 Evacuation Pause) 902M->748M(978M) 75.459ms
[507.346s][info][gc,cpu         ] GC(1260) User=0.15s Sys=0.00s Real=0.07s
[507.723s][info][gc,marking     ] GC(1259) Concurrent Mark From Roots 726.051ms
[507.723s][info][gc,marking     ] GC(1259) Concurrent Preclean
[507.723s][info][gc,marking     ] GC(1259) Concurrent Preclean 0.050ms
[507.723s][info][gc,start       ] GC(1259) Pause Remark
[507.732s][info][gc             ] GC(1259) Pause Remark 891M->410M(894M) 9.089ms
[507.732s][info][gc,cpu         ] GC(1259) User=0.02s Sys=0.00s Real=0.01s
[507.733s][info][gc,marking     ] GC(1259) Concurrent Mark 736.196ms
[507.733s][info][gc,marking     ] GC(1259) Concurrent Rebuild Remembered Sets and Scrub Regions
[507.746s][info][gc,start       ] GC(1261) Pause Young (Normal) (G1 Evacuation Pause)
[507.746s][info][gc,task        ] GC(1261) Using 2 workers of 2 for evacuation
[507.804s][info][gc,phases      ] GC(1261)   Pre Evacuate Collection Set: 0.28ms
[507.804s][info][gc,phases      ] GC(1261)   Merge Heap Roots: 0.45ms
[507.804s][info][gc,phases      ] GC(1261)   Evacuate Collection Set: 57.02ms
[507.805s][info][gc,phases      ] GC(1261)   Post Evacuate Collection Set: 0.48ms
[507.805s][info][gc,phases      ] GC(1261)   Other: 0.08ms
[507.805s][info][gc,heap        ] GC(1261) Eden regions: 154->0(414)
[507.805s][info][gc,heap        ] GC(1261) Survivor regions: 25->7(23)
[507.805s][info][gc,heap        ] GC(1261) Old regions: 239->265
[507.805s][info][gc,heap        ] GC(1261) Humongous regions: 4->4
[507.805s][info][gc,metaspace   ] GC(1261) Metaspace: 19049K(19200K)->19049K(19200K) NonClass: 17220K(17344K)->17220K(17344K) Class: 1829K(1856K)->1829K(1856K)
[507.805s][info][gc             ] GC(1261) Pause Young (Normal) (G1 Evacuation Pause) 421M->275M(894M) 58.525ms
[507.805s][info][gc,cpu         ] GC(1261) User=0.11s Sys=0.00s Real=0.06s
[508.075s][info][gc,marking     ] GC(1259) Concurrent Rebuild Remembered Sets and Scrub Regions 341.888ms
[508.075s][info][gc,start       ] GC(1259) Pause Cleanup
[508.075s][info][gc             ] GC(1259) Pause Cleanup 480M->480M(894M) 0.117ms
[508.075s][info][gc,cpu         ] GC(1259) User=0.00s Sys=0.00s Real=0.00s
[508.075s][info][gc,marking     ] GC(1259) Concurrent Clear Claimed Marks
[508.075s][info][gc,marking     ] GC(1259) Concurrent Clear Claimed Marks 0.043ms
[508.075s][info][gc,marking     ] GC(1259) Concurrent Cleanup for Next Mark
[508.080s][info][gc,marking     ] GC(1259) Concurrent Cleanup for Next Mark 4.772ms
[508.080s][info][gc             ] GC(1259) Concurrent Mark Cycle 1167.183ms
[508.267s][info][gc,start       ] GC(1262) Pause Young (Prepare Mixed) (G1 Evacuation Pause)
[508.267s][info][gc,task        ] GC(1262) Using 2 workers of 2 for evacuation
[508.307s][info][gc,phases      ] GC(1262)   Pre Evacuate Collection Set: 0.31ms
[508.307s][info][gc,phases      ] GC(1262)   Merge Heap Roots: 0.27ms
[508.307s][info][gc,phases      ] GC(1262)   Evacuate Collection Set: 38.65ms
[508.307s][info][gc,phases      ] GC(1262)   Post Evacuate Collection Set: 0.70ms
[508.307s][info][gc,phases      ] GC(1262)   Other: 0.09ms
[508.307s][info][gc,heap        ] GC(1262) Eden regions: 414->0(417)
[508.307s][info][gc,heap        ] GC(1262) Survivor regions: 7->29(53)
[508.307s][info][gc,heap        ] GC(1262) Old regions: 265->265
[508.307s][info][gc,heap        ] GC(1262) Humongous regions: 4->4
[508.307s][info][gc,metaspace   ] GC(1262) Metaspace: 19049K(19200K)->19049K(19200K) NonClass: 17220K(17344K)->17220K(17344K) Class: 1829K(1856K)->1829K(1856K)
[508.307s][info][gc             ] GC(1262) Pause Young (Prepare Mixed) (G1 Evacuation Pause) 689M->296M(894M) 40.290ms
[508.308s][info][gc,cpu         ] GC(1262) User=0.08s Sys=0.00s Real=0.04s
[508.684s][info][gc,start       ] GC(1263) Pause Young (Mixed) (G1 Evacuation Pause)
[508.684s][info][gc,task        ] GC(1263) Using 2 workers of 2 for evacuation
[508.799s][info][gc,phases      ] GC(1263)   Pre Evacuate Collection Set: 0.28ms
[508.799s][info][gc,phases      ] GC(1263)   Merge Heap Roots: 0.30ms
[508.799s][info][gc,phases      ] GC(1263)   Evacuate Collection Set: 113.82ms
[508.799s][info][gc,phases      ] GC(1263)   Post Evacuate Collection Set: 0.83ms
[508.799s][info][gc,phases      ] GC(1263)   Other: 0.10ms
[508.799s][info][gc,heap        ] GC(1263) Eden regions: 417->0(372)
[508.799s][info][gc,heap        ] GC(1263) Survivor regions: 29->56(56)
[508.799s][info][gc,heap        ] GC(1263) Old regions: 265->295
[508.799s][info][gc,heap        ] GC(1263) Humongous regions: 5->5
[508.799s][info][gc,metaspace   ] GC(1263) Metaspace: 19053K(19200K)->19053K(19200K) NonClass: 17224K(17344K)->17224K(17344K) Class: 1829K(1856K)->1829K(1856K)
[508.799s][info][gc             ] GC(1263) Pause Young (Mixed) (G1 Evacuation Pause) 714M->355M(894M) 115.636ms
[508.799s][info][gc,cpu         ] GC(1263) User=0.23s Sys=0.00s Real=0.12s
[509.431s][info][gc,start       ] GC(1264) Pause Young (Concurrent Start) (G1 Evacuation Pause)
[509.431s][info][gc,task        ] GC(1264) Using 2 workers of 2 for evacuation
[509.505s][info][gc,phases      ] GC(1264)   Pre Evacuate Collection Set: 0.31ms
[509.505s][info][gc,phases      ] GC(1264)   Merge Heap Roots: 0.43ms
[509.506s][info][gc,phases      ] GC(1264)   Evacuate Collection Set: 72.36ms
[509.506s][info][gc,phases      ] GC(1264)   Post Evacuate Collection Set: 0.66ms
[509.506s][info][gc,phases      ] GC(1264)   Other: 0.18ms
[509.506s][info][gc,heap        ] GC(1264) Eden regions: 372->0(392)
[509.506s][info][gc,heap        ] GC(1264) Survivor regions: 56->6(54)
[509.506s][info][gc,heap        ] GC(1264) Old regions: 295->352
[509.506s][info][gc,heap        ] GC(1264) Humongous regions: 5->5
[509.506s][info][gc,metaspace   ] GC(1264) Metaspace: 19053K(19200K)->19053K(19200K) NonClass: 17224K(17344K)->17224K(17344K) Class: 1829K(1856K)->1829K(1856K)
[509.506s][info][gc             ] GC(1264) Pause Young (Concurrent Start) (G1 Evacuation Pause) 727M->362M(894M) 74.205ms
[509.506s][info][gc,cpu         ] GC(1264) User=0.14s Sys=0.00s Real=0.07s
[509.506s][info][gc             ] GC(1265) Concurrent Mark Cycle
[509.508s][info][gc,marking     ] GC(1265) Concurrent Scan Root Regions
[509.595s][info][gc,marking     ] GC(1265) Concurrent Scan Root Regions 86.482ms
[509.595s][info][gc,marking     ] GC(1265) Concurrent Mark
[509.595s][info][gc,marking     ] GC(1265) Concurrent Mark From Roots
[509.595s][info][gc,task        ] GC(1265) Using 1 workers of 1 for marking
[510.294s][info][gc,marking     ] GC(1265) Concurrent Mark From Roots 699.165ms
[510.294s][info][gc,marking     ] GC(1265) Concurrent Preclean
[510.294s][info][gc,marking     ] GC(1265) Concurrent Preclean 0.043ms
[510.294s][info][gc,start       ] GC(1265) Pause Remark
[510.303s][info][gc             ] GC(1265) Pause Remark 669M->655M(894M) 8.660ms
[510.303s][info][gc,cpu         ] GC(1265) User=0.01s Sys=0.00s Real=0.01s
[510.303s][info][gc,marking     ] GC(1265) Concurrent Mark 708.223ms
[510.303s][info][gc,marking     ] GC(1265) Concurrent Rebuild Remembered Sets and Scrub Regions
[510.518s][info][gc,start       ] GC(1266) Pause Young (Normal) (G1 Evacuation Pause)
[510.518s][info][gc,task        ] GC(1266) Using 2 workers of 2 for evacuation
[510.628s][info][gc,phases      ] GC(1266)   Pre Evacuate Collection Set: 0.47ms
[510.628s][info][gc,phases      ] GC(1266)   Merge Heap Roots: 0.35ms
[510.628s][info][gc,phases      ] GC(1266)   Evacuate Collection Set: 108.03ms
[510.628s][info][gc,phases      ] GC(1266)   Post Evacuate Collection Set: 0.66ms
[510.628s][info][gc,phases      ] GC(1266)   Other: 0.13ms
[510.628s][info][gc,heap        ] GC(1266) Eden regions: 392->0(313)
[510.628s][info][gc,heap        ] GC(1266) Survivor regions: 6->50(50)
[510.628s][info][gc,heap        ] GC(1266) Old regions: 339->375
[510.628s][info][gc,heap        ] GC(1266) Humongous regions: 5->5
[510.628s][info][gc,metaspace   ] GC(1266) Metaspace: 19055K(19200K)->19055K(19200K) NonClass: 17226K(17344K)->17226K(17344K) Class: 1829K(1856K)->1829K(1856K)
[510.628s][info][gc             ] GC(1266) Pause Young (Normal) (G1 Evacuation Pause) 741M->429M(894M) 109.967ms
[510.628s][info][gc,cpu         ] GC(1266) User=0.22s Sys=0.00s Real=0.11s
[510.711s][info][gc,marking     ] GC(1265) Concurrent Rebuild Remembered Sets and Scrub Regions 408.109ms
[510.711s][info][gc,start       ] GC(1265) Pause Cleanup
[510.711s][info][gc             ] GC(1265) Pause Cleanup 464M->464M(894M) 0.124ms
[510.711s][info][gc,cpu         ] GC(1265) User=0.00s Sys=0.00s Real=0.00s
[510.712s][info][gc,marking     ] GC(1265) Concurrent Clear Claimed Marks
[510.712s][info][gc,marking     ] GC(1265) Concurrent Clear Claimed Marks 0.041ms
[510.712s][info][gc,marking     ] GC(1265) Concurrent Cleanup for Next Mark
[510.718s][info][gc,marking     ] GC(1265) Concurrent Cleanup for Next Mark 6.360ms
[510.718s][info][gc             ] GC(1265) Concurrent Mark Cycle 1212.363ms
[511.093s][info][gc,start       ] GC(1267) Pause Young (Prepare Mixed) (G1 Evacuation Pause)
[511.093s][info][gc,task        ] GC(1267) Using 2 workers of 2 for evacuation
[511.156s][info][gc,phases      ] GC(1267)   Pre Evacuate Collection Set: 0.57ms
[511.156s][info][gc,phases      ] GC(1267)   Merge Heap Roots: 0.26ms
[511.156s][info][gc,phases      ] GC(1267)   Evacuate Collection Set: 61.58ms
[511.156s][info][gc,phases      ] GC(1267)   Post Evacuate Collection Set: 0.66ms
[511.156s][info][gc,phases      ] GC(1267)   Other: 0.10ms
[511.156s][info][gc,heap        ] GC(1267) Eden regions: 313->0(327)
[511.156s][info][gc,heap        ] GC(1267) Survivor regions: 50->7(46)
[511.156s][info][gc,heap        ] GC(1267) Old regions: 375->426
[511.156s][info][gc,heap        ] GC(1267) Humongous regions: 5->5
[511.156s][info][gc,metaspace   ] GC(1267) Metaspace: 19055K(19200K)->19055K(19200K) NonClass: 17226K(17344K)->17226K(17344K) Class: 1829K(1856K)->1829K(1856K)
[511.156s][info][gc             ] GC(1267) Pause Young (Prepare Mixed) (G1 Evacuation Pause) 742M->436M(894M) 63.390ms
[511.156s][info][gc,cpu         ] GC(1267) User=0.12s Sys=0.00s Real=0.06s
[511.567s][info][gc,start       ] GC(1268) Pause Young (Mixed) (G1 Evacuation Pause)
[511.567s][info][gc,task        ] GC(1268) Using 2 workers of 2 for evacuation
[511.720s][info][gc,phases      ] GC(1268)   Pre Evacuate Collection Set: 0.54ms
[511.720s][info][gc,phases      ] GC(1268)   Merge Heap Roots: 0.31ms
[511.720s][info][gc,phases      ] GC(1268)   Evacuate Collection Set: 151.77ms
[511.720s][info][gc,phases      ] GC(1268)   Post Evacuate Collection Set: 0.62ms
[511.720s][info][gc,phases      ] GC(1268)   Other: 0.10ms
[511.720s][info][gc,heap        ] GC(1268) Eden regions: 327->0(222)
[511.720s][info][gc,heap        ] GC(1268) Survivor regions: 7->42(42)
[511.720s][info][gc,heap        ] GC(1268) Old regions: 426->516
[511.720s][info][gc,heap        ] GC(1268) Humongous regions: 5->5
[511.720s][info][gc,metaspace   ] GC(1268) Metaspace: 19056K(19200K)->19056K(19200K) NonClass: 17227K(17344K)->17227K(17344K) Class: 1829K(1856K)->1829K(1856K)
[511.720s][info][gc             ] GC(1268) Pause Young (Mixed) (G1 Evacuation Pause) 763M->562M(904M) 153.599ms
[511.720s][info][gc,cpu         ] GC(1268) User=0.30s Sys=0.01s Real=0.16s
[511.803s][info][gc,start       ] GC(1269) Pause Young (Concurrent Start) (G1 Humongous Allocation)
[511.803s][info][gc,task        ] GC(1269) Using 2 workers of 2 for evacuation
[511.900s][info][gc,phases      ] GC(1269)   Pre Evacuate Collection Set: 0.28ms
[511.900s][info][gc,phases      ] GC(1269)   Merge Heap Roots: 0.38ms
[511.900s][info][gc,phases      ] GC(1269)   Evacuate Collection Set: 95.22ms
[511.900s][info][gc,phases      ] GC(1269)   Post Evacuate Collection Set: 0.84ms
[511.900s][info][gc,phases      ] GC(1269)   Other: 0.10ms
[511.900s][info][gc,heap        ] GC(1269) Eden regions: 57->0(208)
[511.900s][info][gc,heap        ] GC(1269) Survivor regions: 42->33(33)
[511.900s][info][gc,heap        ] GC(1269) Old regions: 516->559
[511.900s][info][gc,heap        ] GC(1269) Humongous regions: 5->5
[511.900s][info][gc,metaspace   ] GC(1269) Metaspace: 19056K(19200K)->19056K(19200K) NonClass: 17227K(17344K)->17227K(17344K) Class: 1829K(1856K)->1829K(1856K)
[511.900s][info][gc             ] GC(1269) Pause Young (Concurrent Start) (G1 Humongous Allocation) 619M->596M(921M) 97.135ms
[511.900s][info][gc             ] GC(1270) Concurrent Mark Cycle
[511.900s][info][gc,marking     ] GC(1270) Concurrent Scan Root Regions
[511.900s][info][gc,cpu         ] GC(1269) User=0.19s Sys=0.00s Real=0.10s
[512.051s][info][gc,marking     ] GC(1270) Concurrent Scan Root Regions 151.187ms
[512.051s][info][gc,marking     ] GC(1270) Concurrent Mark
[512.052s][info][gc,marking     ] GC(1270) Concurrent Mark From Roots
[512.052s][info][gc,task        ] GC(1270) Using 1 workers of 1 for marking
[512.176s][info][gc,start       ] GC(1271) Pause Young (Normal) (G1 Evacuation Pause)
[512.176s][info][gc,task        ] GC(1271) Using 2 workers of 2 for evacuation
[512.235s][info][gc,phases      ] GC(1271)   Pre Evacuate Collection Set: 0.30ms
[512.235s][info][gc,phases      ] GC(1271)   Merge Heap Roots: 0.40ms
[512.235s][info][gc,phases      ] GC(1271)   Evacuate Collection Set: 57.96ms
[512.235s][info][gc,phases      ] GC(1271)   Post Evacuate Collection Set: 0.45ms
[512.235s][info][gc,phases      ] GC(1271)   Other: 0.09ms
[512.235s][info][gc,heap        ] GC(1271) Eden regions: 208->0(208)
[512.235s][info][gc,heap        ] GC(1271) Survivor regions: 33->14(31)
[512.235s][info][gc,heap        ] GC(1271) Old regions: 559->592
[512.235s][info][gc,heap        ] GC(1271) Humongous regions: 6->6
[512.235s][info][gc,metaspace   ] GC(1271) Metaspace: 19058K(19264K)->19058K(19264K) NonClass: 17229K(17408K)->17229K(17408K) Class: 1829K(1856K)->1829K(1856K)
[512.235s][info][gc             ] GC(1271) Pause Young (Normal) (G1 Evacuation Pause) 805M->611M(921M) 59.426ms
[512.235s][info][gc,cpu         ] GC(1271) User=0.11s Sys=0.00s Real=0.06s
[512.585s][info][gc,start       ] GC(1272) Pause Young (Normal) (G1 Evacuation Pause)
[512.585s][info][gc,task        ] GC(1272) Using 2 workers of 2 for evacuation
[512.620s][info][gc,phases      ] GC(1272)   Pre Evacuate Collection Set: 0.29ms
[512.620s][info][gc,phases      ] GC(1272)   Merge Heap Roots: 0.15ms
[512.620s][info][gc,phases      ] GC(1272)   Evacuate Collection Set: 33.26ms
[512.620s][info][gc,phases      ] GC(1272)   Post Evacuate Collection Set: 0.48ms
[512.620s][info][gc,phases      ] GC(1272)   Other: 0.09ms
[512.620s][info][gc,heap        ] GC(1272) Eden regions: 208->0(207)
[512.620s][info][gc,heap        ] GC(1272) Survivor regions: 14->27(28)
[512.620s][info][gc,heap        ] GC(1272) Old regions: 592->592
[512.620s][info][gc,heap        ] GC(1272) Humongous regions: 6->6
[512.620s][info][gc,metaspace   ] GC(1272) Metaspace: 19062K(19264K)->19062K(19264K) NonClass: 17233K(17408K)->17233K(17408K) Class: 1829K(1856K)->1829K(1856K)
[512.620s][info][gc             ] GC(1272) Pause Young (Normal) (G1 Evacuation Pause) 819M->623M(921M) 34.524ms
[512.620s][info][gc,cpu         ] GC(1272) User=0.07s Sys=0.00s Real=0.04s
[513.032s][info][gc,start       ] GC(1273) Pause Young (Normal) (G1 Evacuation Pause)
[513.032s][info][gc,task        ] GC(1273) Using 2 workers of 2 for evacuation
[513.120s][info][gc,phases      ] GC(1273)   Pre Evacuate Collection Set: 0.51ms
[513.120s][info][gc,phases      ] GC(1273)   Merge Heap Roots: 0.13ms
[513.120s][info][gc,phases      ] GC(1273)   Evacuate Collection Set: 85.67ms
[513.120s][info][gc,phases      ] GC(1273)   Post Evacuate Collection Set: 0.79ms
[513.120s][info][gc,phases      ] GC(1273)   Other: 0.12ms
[513.120s][info][gc,heap        ] GC(1273) Eden regions: 207->0(154)
[513.120s][info][gc,heap        ] GC(1273) Survivor regions: 27->30(30)
[513.120s][info][gc,heap        ] GC(1273) Old regions: 592->643
[513.120s][info][gc,heap        ] GC(1273) Humongous regions: 6->6
[513.120s][info][gc,metaspace   ] GC(1273) Metaspace: 19063K(19264K)->19063K(19264K) NonClass: 17233K(17408K)->17233K(17408K) Class: 1829K(1856K)->1829K(1856K)
[513.120s][info][gc             ] GC(1273) Pause Young (Normal) (G1 Evacuation Pause) 830M->678M(921M) 87.494ms
[513.120s][info][gc,cpu         ] GC(1273) User=0.17s Sys=0.00s Real=0.09s
[513.267s][info][gc,marking     ] GC(1270) Concurrent Mark From Roots 1215.862ms
[513.267s][info][gc,marking     ] GC(1270) Concurrent Preclean
[513.267s][info][gc,marking     ] GC(1270) Concurrent Preclean 0.050ms
[513.268s][info][gc,start       ] GC(1270) Pause Remark
[513.278s][info][gc             ] GC(1270) Pause Remark 734M->665M(978M) 9.973ms
[513.278s][info][gc,cpu         ] GC(1270) User=0.02s Sys=0.00s Real=0.01s
[513.278s][info][gc,marking     ] GC(1270) Concurrent Mark 1226.882ms
[513.278s][info][gc,marking     ] GC(1270) Concurrent Rebuild Remembered Sets and Scrub Regions
[513.490s][info][gc,start       ] GC(1274) Pause Young (Normal) (G1 Evacuation Pause)
[513.490s][info][gc,task        ] GC(1274) Using 2 workers of 2 for evacuation
[513.571s][info][gc,phases      ] GC(1274)   Pre Evacuate Collection Set: 0.53ms
[513.572s][info][gc,phases      ] GC(1274)   Merge Heap Roots: 0.43ms
[513.572s][info][gc,phases      ] GC(1274)   Evacuate Collection Set: 79.79ms
[513.572s][info][gc,phases      ] GC(1274)   Post Evacuate Collection Set: 0.58ms
[513.572s][info][gc,phases      ] GC(1274)   Other: 0.10ms
[513.572s][info][gc,heap        ] GC(1274) Eden regions: 154->0(219)
[513.572s][info][gc,heap        ] GC(1274) Survivor regions: 30->23(23)
[513.572s][info][gc,heap        ] GC(1274) Old regions: 576->610
[513.572s][info][gc,heap        ] GC(1274) Humongous regions: 4->4
[513.572s][info][gc,metaspace   ] GC(1274) Metaspace: 19064K(19264K)->19064K(19264K) NonClass: 17235K(17408K)->17235K(17408K) Class: 1829K(1856K)->1829K(1856K)
[513.572s][info][gc             ] GC(1274) Pause Young (Normal) (G1 Evacuation Pause) 763M->636M(978M) 81.706ms
[513.572s][info][gc,cpu         ] GC(1274) User=0.15s Sys=0.01s Real=0.08s
[513.797s][info][gc,start       ] GC(1275) Pause Young (Normal) (G1 Evacuation Pause)
[513.797s][info][gc,task        ] GC(1275) Using 2 workers of 2 for evacuation
[513.923s][info][gc,phases      ] GC(1275)   Pre Evacuate Collection Set: 0.31ms
[513.923s][info][gc,phases      ] GC(1275)   Merge Heap Roots: 0.47ms
[513.923s][info][gc,phases      ] GC(1275)   Evacuate Collection Set: 123.86ms
[513.923s][info][gc,phases      ] GC(1275)   Post Evacuate Collection Set: 1.04ms
[513.923s][info][gc,phases      ] GC(1275)   Other: 0.11ms
[513.923s][info][gc,heap        ] GC(1275) Eden regions: 219->0(154)
[513.923s][info][gc,heap        ] GC(1275) Survivor regions: 23->31(31)
[513.923s][info][gc,heap        ] GC(1275) Old regions: 610->686
[513.923s][info][gc,heap        ] GC(1275) Humongous regions: 4->4
[513.923s][info][gc,metaspace   ] GC(1275) Metaspace: 19064K(19264K)->19064K(19264K) NonClass: 17235K(17408K)->17235K(17408K) Class: 1829K(1856K)->1829K(1856K)
[513.923s][info][gc             ] GC(1275) Pause Young (Normal) (G1 Evacuation Pause) 855M->720M(978M) 126.036ms
[513.923s][info][gc,cpu         ] GC(1275) User=0.25s Sys=0.00s Real=0.13s
[514.214s][info][gc,marking     ] GC(1270) Concurrent Rebuild Remembered Sets and Scrub Regions 935.994ms
[514.215s][info][gc,start       ] GC(1270) Pause Cleanup
[514.215s][info][gc             ] GC(1270) Pause Cleanup 870M->870M(978M) 0.170ms
[514.215s][info][gc,cpu         ] GC(1270) User=0.00s Sys=0.00s Real=0.00s
[514.215s][info][gc,marking     ] GC(1270) Concurrent Clear Claimed Marks
[514.215s][info][gc,marking     ] GC(1270) Concurrent Clear Claimed Marks 0.052ms
[514.215s][info][gc,marking     ] GC(1270) Concurrent Cleanup for Next Mark
[514.219s][info][gc,marking     ] GC(1270) Concurrent Cleanup for Next Mark 3.801ms
[514.219s][info][gc             ] GC(1270) Concurrent Mark Cycle 2318.561ms
[514.225s][info][gc,start       ] GC(1276) Pause Young (Prepare Mixed) (G1 Evacuation Pause)
[514.225s][info][gc,task        ] GC(1276) Using 2 workers of 2 for evacuation
[514.351s][info][gc,phases      ] GC(1276)   Pre Evacuate Collection Set: 0.28ms
[514.351s][info][gc,phases      ] GC(1276)   Merge Heap Roots: 0.66ms
[514.351s][info][gc,phases      ] GC(1276)   Evacuate Collection Set: 124.24ms
[514.351s][info][gc,phases      ] GC(1276)   Post Evacuate Collection Set: 0.83ms
[514.351s][info][gc,phases      ] GC(1276)   Other: 0.11ms
[514.351s][info][gc,heap        ] GC(1276) Eden regions: 154->0(111)
[514.351s][info][gc,heap        ] GC(1276) Survivor regions: 31->24(24)
[514.351s][info][gc,heap        ] GC(1276) Old regions: 686->751
[514.351s][info][gc,heap        ] GC(1276) Humongous regions: 7->7
[514.352s][info][gc,metaspace   ] GC(1276) Metaspace: 19064K(19264K)->19064K(19264K) NonClass: 17235K(17408K)->17235K(17408K) Class: 1829K(1856K)->1829K(1856K)
[514.352s][info][gc             ] GC(1276) Pause Young (Prepare Mixed) (G1 Evacuation Pause) 877M->781M(978M) 126.413ms
[514.352s][info][gc,cpu         ] GC(1276) User=0.25s Sys=0.00s Real=0.13s
[514.453s][info][gc,start       ] GC(1277) Pause Young (Mixed) (G1 Evacuation Pause)
[514.453s][info][gc,task        ] GC(1277) Using 2 workers of 2 for evacuation
[514.543s][info][gc,phases      ] GC(1277)   Pre Evacuate Collection Set: 0.35ms
[514.543s][info][gc,phases      ] GC(1277)   Merge Heap Roots: 2.27ms
[514.543s][info][gc,phases      ] GC(1277)   Evacuate Collection Set: 86.77ms
[514.543s][info][gc,phases      ] GC(1277)   Post Evacuate Collection Set: 0.96ms
[514.543s][info][gc,phases      ] GC(1277)   Other: 0.12ms
[514.543s][info][gc,heap        ] GC(1277) Eden regions: 111->0(35)
[514.543s][info][gc,heap        ] GC(1277) Survivor regions: 24->13(17)
[514.543s][info][gc,heap        ] GC(1277) Old regions: 751->703
[514.543s][info][gc,heap        ] GC(1277) Humongous regions: 7->7
[514.544s][info][gc,metaspace   ] GC(1277) Metaspace: 19064K(19264K)->19064K(19264K) NonClass: 17235K(17408K)->17235K(17408K) Class: 1829K(1856K)->1829K(1856K)
[514.544s][info][gc             ] GC(1277) Pause Young (Mixed) (G1 Evacuation Pause) 892M->721M(978M) 90.730ms
[514.544s][info][gc,cpu         ] GC(1277) User=0.17s Sys=0.00s Real=0.09s
[514.578s][info][gc,start       ] GC(1278) Pause Young (Mixed) (G1 Evacuation Pause)
[514.578s][info][gc,task        ] GC(1278) Using 2 workers of 2 for evacuation
[514.764s][info][gc,phases      ] GC(1278)   Pre Evacuate Collection Set: 0.34ms
[514.764s][info][gc,phases      ] GC(1278)   Merge Heap Roots: 1.46ms
[514.764s][info][gc,phases      ] GC(1278)   Evacuate Collection Set: 182.33ms
[514.764s][info][gc,phases      ] GC(1278)   Post Evacuate Collection Set: 1.53ms
[514.764s][info][gc,phases      ] GC(1278)   Other: 0.08ms
[514.764s][info][gc,heap        ] GC(1278) Eden regions: 35->0(152)
[514.764s][info][gc,heap        ] GC(1278) Survivor regions: 13->2(6)
[514.764s][info][gc,heap        ] GC(1278) Old regions: 703->713
[514.764s][info][gc,heap        ] GC(1278) Humongous regions: 7->7
[514.764s][info][gc,metaspace   ] GC(1278) Metaspace: 19064K(19264K)->19064K(19264K) NonClass: 17235K(17408K)->17235K(17408K) Class: 1829K(1856K)->1829K(1856K)
[514.764s][info][gc             ] GC(1278) Pause Young (Mixed) (G1 Evacuation Pause) 756M->720M(978M) 186.002ms
[514.764s][info][gc,cpu         ] GC(1278) User=0.37s Sys=0.00s Real=0.19s
[514.884s][info][gc,start       ] GC(1279) Pause Young (Concurrent Start) (G1 Humongous Allocation)
[514.884s][info][gc,task        ] GC(1279) Using 2 workers of 2 for evacuation
[514.926s][info][gc,phases      ] GC(1279)   Pre Evacuate Collection Set: 0.36ms
[514.926s][info][gc,phases      ] GC(1279)   Merge Heap Roots: 0.40ms
[514.926s][info][gc,phases      ] GC(1279)   Evacuate Collection Set: 39.54ms
[514.926s][info][gc,phases      ] GC(1279)   Post Evacuate Collection Set: 0.58ms
[514.926s][info][gc,phases      ] GC(1279)   Other: 0.22ms
[514.926s][info][gc,heap        ] GC(1279) Eden regions: 123->0(148)
[514.926s][info][gc,heap        ] GC(1279) Survivor regions: 2->20(20)
[514.926s][info][gc,heap        ] GC(1279) Old regions: 713->713
[514.926s][info][gc,heap        ] GC(1279) Humongous regions: 7->7
[514.926s][info][gc,metaspace   ] GC(1279) Metaspace: 19064K(19264K)->19064K(19264K) NonClass: 17235K(17408K)->17235K(17408K) Class: 1829K(1856K)->1829K(1856K)
[514.926s][info][gc             ] GC(1279) Pause Young (Concurrent Start) (G1 Humongous Allocation) 843M->739M(978M) 41.406ms
[514.926s][info][gc             ] GC(1280) Concurrent Mark Cycle
[514.926s][info][gc,marking     ] GC(1280) Concurrent Scan Root Regions
[514.926s][info][gc,cpu         ] GC(1279) User=0.08s Sys=0.00s Real=0.04s
[514.980s][info][gc,marking     ] GC(1280) Concurrent Scan Root Regions 53.712ms
[514.980s][info][gc,marking     ] GC(1280) Concurrent Mark
[514.980s][info][gc,marking     ] GC(1280) Concurrent Mark From Roots
[514.980s][info][gc,task        ] GC(1280) Using 1 workers of 1 for marking
[515.133s][info][gc,start       ] GC(1281) Pause Young (Normal) (G1 Evacuation Pause)
[515.133s][info][gc,task        ] GC(1281) Using 2 workers of 2 for evacuation
[515.192s][info][gc,phases      ] GC(1281)   Pre Evacuate Collection Set: 0.33ms
[515.192s][info][gc,phases      ] GC(1281)   Merge Heap Roots: 0.39ms
[515.192s][info][gc,phases      ] GC(1281)   Evacuate Collection Set: 57.07ms
[515.192s][info][gc,phases      ] GC(1281)   Post Evacuate Collection Set: 0.51ms
[515.192s][info][gc,phases      ] GC(1281)   Other: 0.10ms
[515.192s][info][gc,heap        ] GC(1281) Eden regions: 148->0(145)
[515.192s][info][gc,heap        ] GC(1281) Survivor regions: 20->13(21)
[515.192s][info][gc,heap        ] GC(1281) Old regions: 713->732
[515.192s][info][gc,heap        ] GC(1281) Humongous regions: 10->10
[515.192s][info][gc,metaspace   ] GC(1281) Metaspace: 19064K(19264K)->19064K(19264K) NonClass: 17235K(17408K)->17235K(17408K) Class: 1829K(1856K)->1829K(1856K)
[515.192s][info][gc             ] GC(1281) Pause Young (Normal) (G1 Evacuation Pause) 890M->754M(978M) 58.683ms
[515.192s][info][gc,cpu         ] GC(1281) User=0.11s Sys=0.00s Real=0.06s
[515.415s][info][gc,start       ] GC(1282) Pause Young (Normal) (G1 Evacuation Pause)
[515.415s][info][gc,task        ] GC(1282) Using 2 workers of 2 for evacuation
[515.463s][info][gc,phases      ] GC(1282)   Pre Evacuate Collection Set: 0.33ms
[515.463s][info][gc,phases      ] GC(1282)   Merge Heap Roots: 0.33ms
[515.463s][info][gc,phases      ] GC(1282)   Evacuate Collection Set: 46.47ms
[515.463s][info][gc,phases      ] GC(1282)   Post Evacuate Collection Set: 0.45ms
[515.463s][info][gc,phases      ] GC(1282)   Other: 0.08ms
[515.463s][info][gc,heap        ] GC(1282) Eden regions: 145->0(139)
[515.463s][info][gc,heap        ] GC(1282) Survivor regions: 13->16(20)
[515.463s][info][gc,heap        ] GC(1282) Old regions: 732->745
[515.463s][info][gc,heap        ] GC(1282) Humongous regions: 10->10
[515.463s][info][gc,metaspace   ] GC(1282) Metaspace: 19064K(19264K)->19064K(19264K) NonClass: 17235K(17408K)->17235K(17408K) Class: 1829K(1856K)->1829K(1856K)
[515.463s][info][gc             ] GC(1282) Pause Young (Normal) (G1 Evacuation Pause) 899M->770M(978M) 47.914ms
[515.463s][info][gc,cpu         ] GC(1282) User=0.10s Sys=0.00s Real=0.05s
[515.662s][info][gc,start       ] GC(1283) Pause Young (Normal) (G1 Evacuation Pause)
[515.662s][info][gc,task        ] GC(1283) Using 2 workers of 2 for evacuation
[515.698s][info][gc,phases      ] GC(1283)   Pre Evacuate Collection Set: 0.57ms
[515.698s][info][gc,phases      ] GC(1283)   Merge Heap Roots: 0.20ms
[515.698s][info][gc,phases      ] GC(1283)   Evacuate Collection Set: 34.32ms
[515.698s][info][gc,phases      ] GC(1283)   Post Evacuate Collection Set: 0.47ms
[515.698s][info][gc,phases      ] GC(1283)   Other: 0.09ms
[515.698s][info][gc,heap        ] GC(1283) Eden regions: 139->0(137)
[515.698s][info][gc,heap        ] GC(1283) Survivor regions: 16->10(20)
[515.698s][info][gc,heap        ] GC(1283) Old regions: 745->761
[515.698s][info][gc,heap        ] GC(1283) Humongous regions: 10->10
[515.698s][info][gc,metaspace   ] GC(1283) Metaspace: 19064K(19264K)->19064K(19264K) NonClass: 17235K(17408K)->17235K(17408K) Class: 1829K(1856K)->1829K(1856K)
[515.698s][info][gc             ] GC(1283) Pause Young (Normal) (G1 Evacuation Pause) 909M->780M(978M) 35.919ms
[515.698s][info][gc,cpu         ] GC(1283) User=0.06s Sys=0.00s Real=0.03s
[515.727s][info][gc,marking     ] GC(1280) Concurrent Mark From Roots 747.275ms
[515.727s][info][gc,marking     ] GC(1280) Concurrent Preclean
[515.727s][info][gc,marking     ] GC(1280) Concurrent Preclean 0.077ms
[515.727s][info][gc,start       ] GC(1280) Pause Remark
[515.736s][info][gc             ] GC(1280) Pause Remark 795M->393M(978M) 9.176ms
[515.736s][info][gc,cpu         ] GC(1280) User=0.02s Sys=0.00s Real=0.01s
[515.737s][info][gc,marking     ] GC(1280) Concurrent Mark 757.636ms
[515.737s][info][gc,marking     ] GC(1280) Concurrent Rebuild Remembered Sets and Scrub Regions
[515.919s][info][gc,start       ] GC(1284) Pause Young (Normal) (G1 Evacuation Pause)
[515.919s][info][gc,task        ] GC(1284) Using 2 workers of 2 for evacuation
[515.962s][info][gc,phases      ] GC(1284)   Pre Evacuate Collection Set: 0.33ms
[515.962s][info][gc,phases      ] GC(1284)   Merge Heap Roots: 0.24ms
[515.962s][info][gc,phases      ] GC(1284)   Evacuate Collection Set: 42.06ms
[515.962s][info][gc,phases      ] GC(1284)   Post Evacuate Collection Set: 0.43ms
[515.962s][info][gc,phases      ] GC(1284)   Other: 0.09ms
[515.962s][info][gc,heap        ] GC(1284) Eden regions: 137->0(338)
[515.962s][info][gc,heap        ] GC(1284) Survivor regions: 10->19(19)
[515.962s][info][gc,heap        ] GC(1284) Old regions: 364->381
[515.962s][info][gc,heap        ] GC(1284) Humongous regions: 5->5
[515.962s][info][gc,metaspace   ] GC(1284) Metaspace: 19064K(19264K)->19064K(19264K) NonClass: 17235K(17408K)->17235K(17408K) Class: 1829K(1856K)->1829K(1856K)
[515.962s][info][gc             ] GC(1284) Pause Young (Normal) (G1 Evacuation Pause) 515M->404M(978M) 43.457ms
[515.962s][info][gc,cpu         ] GC(1284) User=0.09s Sys=0.00s Real=0.04s
[516.050s][info][gc,marking     ] GC(1280) Concurrent Rebuild Remembered Sets and Scrub Regions 312.641ms
[516.050s][info][gc,start       ] GC(1280) Pause Cleanup
[516.050s][info][gc             ] GC(1280) Pause Cleanup 513M->513M(978M) 0.151ms
[516.051s][info][gc,cpu         ] GC(1280) User=0.00s Sys=0.00s Real=0.00s
[516.051s][info][gc,marking     ] GC(1280) Concurrent Clear Claimed Marks
[516.051s][info][gc,marking     ] GC(1280) Concurrent Clear Claimed Marks 0.051ms
[516.051s][info][gc,marking     ] GC(1280) Concurrent Cleanup for Next Mark
[516.054s][info][gc,marking     ] GC(1280) Concurrent Cleanup for Next Mark 3.003ms
[516.054s][info][gc             ] GC(1280) Concurrent Mark Cycle 1127.854ms
[516.344s][info][gc,start       ] GC(1285) Pause Young (Prepare Mixed) (G1 Evacuation Pause)
[516.344s][info][gc,task        ] GC(1285) Using 2 workers of 2 for evacuation
[516.391s][info][gc,phases      ] GC(1285)   Pre Evacuate Collection Set: 0.31ms
[516.391s][info][gc,phases      ] GC(1285)   Merge Heap Roots: 0.40ms
[516.391s][info][gc,phases      ] GC(1285)   Evacuate Collection Set: 45.10ms
[516.391s][info][gc,phases      ] GC(1285)   Post Evacuate Collection Set: 0.64ms
[516.391s][info][gc,phases      ] GC(1285)   Other: 0.09ms
[516.391s][info][gc,heap        ] GC(1285) Eden regions: 338->0(171)
[516.391s][info][gc,heap        ] GC(1285) Survivor regions: 19->33(45)
[516.391s][info][gc,heap        ] GC(1285) Old regions: 381->381
[516.391s][info][gc,heap        ] GC(1285) Humongous regions: 5->5
[516.391s][info][gc,metaspace   ] GC(1285) Metaspace: 19064K(19264K)->19064K(19264K) NonClass: 17235K(17408K)->17235K(17408K) Class: 1829K(1856K)->1829K(1856K)
[516.391s][info][gc             ] GC(1285) Pause Young (Prepare Mixed) (G1 Evacuation Pause) 742M->418M(978M) 46.784ms
[516.391s][info][gc,cpu         ] GC(1285) User=0.09s Sys=0.00s Real=0.05s
[516.713s][info][gc,start       ] GC(1286) Pause Young (Mixed) (G1 Evacuation Pause)
[516.713s][info][gc,task        ] GC(1286) Using 2 workers of 2 for evacuation
[516.782s][info][gc,phases      ] GC(1286)   Pre Evacuate Collection Set: 0.32ms
[516.782s][info][gc,phases      ] GC(1286)   Merge Heap Roots: 0.36ms
[516.782s][info][gc,phases      ] GC(1286)   Evacuate Collection Set: 68.03ms
[516.782s][info][gc,phases      ] GC(1286)   Post Evacuate Collection Set: 0.63ms
[516.782s][info][gc,phases      ] GC(1286)   Other: 0.14ms
[516.782s][info][gc,heap        ] GC(1286) Eden regions: 209->0(225)
[516.782s][info][gc,heap        ] GC(1286) Survivor regions: 33->31(31)
[516.782s][info][gc,heap        ] GC(1286) Old regions: 381->397
[516.782s][info][gc,heap        ] GC(1286) Humongous regions: 5->5
[516.782s][info][gc,metaspace   ] GC(1286) Metaspace: 19064K(19264K)->19064K(19264K) NonClass: 17235K(17408K)->17235K(17408K) Class: 1829K(1856K)->1829K(1856K)
[516.782s][info][gc             ] GC(1286) Pause Young (Mixed) (G1 Evacuation Pause) 627M->432M(978M) 69.746ms
[516.782s][info][gc,cpu         ] GC(1286) User=0.13s Sys=0.00s Real=0.07s
[517.565s][info][gc,start       ] GC(1287) Pause Young (Mixed) (G1 Evacuation Pause)
[517.565s][info][gc,task        ] GC(1287) Using 2 workers of 2 for evacuation
[517.613s][info][gc,phases      ] GC(1287)   Pre Evacuate Collection Set: 0.56ms
[517.613s][info][gc,phases      ] GC(1287)   Merge Heap Roots: 0.42ms
[517.613s][info][gc,phases      ] GC(1287)   Evacuate Collection Set: 46.16ms
[517.613s][info][gc,phases      ] GC(1287)   Post Evacuate Collection Set: 0.72ms
[517.613s][info][gc,phases      ] GC(1287)   Other: 0.12ms
[517.613s][info][gc,heap        ] GC(1287) Eden regions: 260->0(375)
[517.613s][info][gc,heap        ] GC(1287) Survivor regions: 31->1(37)
[517.613s][info][gc,heap        ] GC(1287) Old regions: 397->420
[517.613s][info][gc,heap        ] GC(1287) Humongous regions: 5->5
[517.613s][info][gc,metaspace   ] GC(1287) Metaspace: 19064K(19264K)->19064K(19264K) NonClass: 17235K(17408K)->17235K(17408K) Class: 1829K(1856K)->1829K(1856K)
[517.613s][info][gc             ] GC(1287) Pause Young (Mixed) (G1 Evacuation Pause) 692M->425M(978M) 48.259ms
[517.613s][info][gc,cpu         ] GC(1287) User=0.10s Sys=0.00s Real=0.05s
[518.398s][info][gc,start       ] GC(1288) Pause Young (Mixed) (G1 Evacuation Pause)
[518.398s][info][gc,task        ] GC(1288) Using 2 workers of 2 for evacuation
[518.468s][info][gc,phases      ] GC(1288)   Pre Evacuate Collection Set: 0.54ms
[518.468s][info][gc,phases      ] GC(1288)   Merge Heap Roots: 0.89ms
[518.468s][info][gc,phases      ] GC(1288)   Evacuate Collection Set: 67.28ms
[518.468s][info][gc,phases      ] GC(1288)   Post Evacuate Collection Set: 0.80ms
[518.468s][info][gc,phases      ] GC(1288)   Other: 0.13ms
[518.468s][info][gc,heap        ] GC(1288) Eden regions: 375->0(389)
[518.468s][info][gc,heap        ] GC(1288) Survivor regions: 1->34(47)
[518.468s][info][gc,heap        ] GC(1288) Old regions: 420->376
[518.468s][info][gc,heap        ] GC(1288) Humongous regions: 5->5
[518.468s][info][gc,metaspace   ] GC(1288) Metaspace: 19064K(19264K)->19064K(19264K) NonClass: 17235K(17408K)->17235K(17408K) Class: 1829K(1856K)->1829K(1856K)
[518.468s][info][gc             ] GC(1288) Pause Young (Mixed) (G1 Evacuation Pause) 800M->414M(978M) 69.888ms
[518.468s][info][gc,cpu         ] GC(1288) User=0.14s Sys=0.00s Real=0.06s
[518.882s][info][gc,start       ] GC(1289) Pause Young (Concurrent Start) (G1 Humongous Allocation)
[518.882s][info][gc,task        ] GC(1289) Using 2 workers of 2 for evacuation
[518.995s][info][gc,phases      ] GC(1289)   Pre Evacuate Collection Set: 0.35ms
[518.995s][info][gc,phases      ] GC(1289)   Merge Heap Roots: 0.51ms
[518.995s][info][gc,phases      ] GC(1289)   Evacuate Collection Set: 111.17ms
[518.995s][info][gc,phases      ] GC(1289)   Post Evacuate Collection Set: 0.75ms
[518.995s][info][gc,phases      ] GC(1289)   Other: 0.15ms
[518.995s][info][gc,heap        ] GC(1289) Eden regions: 333->0(342)
[518.995s][info][gc,heap        ] GC(1289) Survivor regions: 34->53(53)
[518.995s][info][gc,heap        ] GC(1289) Old regions: 376->414
[518.995s][info][gc,heap        ] GC(1289) Humongous regions: 5->5
[518.995s][info][gc,metaspace   ] GC(1289) Metaspace: 19064K(19264K)->19064K(19264K) NonClass: 17235K(17408K)->17235K(17408K) Class: 1829K(1856K)->1829K(1856K)
[518.995s][info][gc             ] GC(1289) Pause Young (Concurrent Start) (G1 Humongous Allocation) 747M->471M(978M) 113.198ms
[518.995s][info][gc,cpu         ] GC(1289) User=0.23s Sys=0.00s Real=0.11s
[518.995s][info][gc             ] GC(1290) Concurrent Mark Cycle
[518.995s][info][gc,marking     ] GC(1290) Concurrent Scan Root Regions
[519.110s][info][gc,marking     ] GC(1290) Concurrent Scan Root Regions 114.969ms
[519.110s][info][gc,marking     ] GC(1290) Concurrent Mark
[519.110s][info][gc,marking     ] GC(1290) Concurrent Mark From Roots
[519.110s][info][gc,task        ] GC(1290) Using 1 workers of 1 for marking
[519.625s][info][gc,start       ] GC(1291) Pause Young (Normal) (G1 Evacuation Pause)
[519.625s][info][gc,task        ] GC(1291) Using 2 workers of 2 for evacuation
[519.777s][info][gc,phases      ] GC(1291)   Pre Evacuate Collection Set: 0.33ms
[519.777s][info][gc,phases      ] GC(1291)   Merge Heap Roots: 0.28ms
[519.778s][info][gc,phases      ] GC(1291)   Evacuate Collection Set: 150.85ms
[519.778s][info][gc,phases      ] GC(1291)   Post Evacuate Collection Set: 0.92ms
[519.778s][info][gc,phases      ] GC(1291)   Other: 0.10ms
[519.778s][info][gc,heap        ] GC(1291) Eden regions: 342->0(280)
[519.778s][info][gc,heap        ] GC(1291) Survivor regions: 53->50(50)
[519.778s][info][gc,heap        ] GC(1291) Old regions: 414->494
[519.778s][info][gc,heap        ] GC(1291) Humongous regions: 8->8
[519.778s][info][gc,metaspace   ] GC(1291) Metaspace: 19064K(19264K)->19064K(19264K) NonClass: 17235K(17408K)->17235K(17408K) Class: 1829K(1856K)->1829K(1856K)
[519.778s][info][gc             ] GC(1291) Pause Young (Normal) (G1 Evacuation Pause) 816M->551M(978M) 152.763ms
[519.778s][info][gc,cpu         ] GC(1291) User=0.30s Sys=0.00s Real=0.15s
[520.049s][info][gc,start       ] GC(1292) Pause Young (Normal) (G1 Evacuation Pause)
[520.049s][info][gc,task        ] GC(1292) Using 2 workers of 2 for evacuation
[520.146s][info][gc,phases      ] GC(1292)   Pre Evacuate Collection Set: 0.35ms
[520.146s][info][gc,phases      ] GC(1292)   Merge Heap Roots: 0.49ms
[520.146s][info][gc,phases      ] GC(1292)   Evacuate Collection Set: 95.09ms
[520.146s][info][gc,phases      ] GC(1292)   Post Evacuate Collection Set: 0.61ms
[520.146s][info][gc,phases      ] GC(1292)   Other: 0.09ms
[520.146s][info][gc,heap        ] GC(1292) Eden regions: 280->0(280)
[520.146s][info][gc,heap        ] GC(1292) Survivor regions: 50->18(42)
[520.146s][info][gc,heap        ] GC(1292) Old regions: 494->545
[520.146s][info][gc,heap        ] GC(1292) Humongous regions: 8->8
[520.146s][info][gc,metaspace   ] GC(1292) Metaspace: 19064K(19264K)->19064K(19264K) NonClass: 17235K(17408K)->17235K(17408K) Class: 1829K(1856K)->1829K(1856K)
[520.146s][info][gc             ] GC(1292) Pause Young (Normal) (G1 Evacuation Pause) 831M->570M(978M) 96.907ms
[520.146s][info][gc,cpu         ] GC(1292) User=0.19s Sys=0.00s Real=0.09s
[520.487s][info][gc,start       ] GC(1293) Pause Young (Normal) (G1 Evacuation Pause)
[520.487s][info][gc,task        ] GC(1293) Using 2 workers of 2 for evacuation
[520.552s][info][gc,phases      ] GC(1293)   Pre Evacuate Collection Set: 0.31ms
[520.552s][info][gc,phases      ] GC(1293)   Merge Heap Roots: 0.36ms
[520.552s][info][gc,phases      ] GC(1293)   Evacuate Collection Set: 63.42ms
[520.552s][info][gc,phases      ] GC(1293)   Post Evacuate Collection Set: 0.59ms
[520.552s][info][gc,phases      ] GC(1293)   Other: 0.09ms
[520.552s][info][gc,heap        ] GC(1293) Eden regions: 280->0(271)
[520.552s][info][gc,heap        ] GC(1293) Survivor regions: 18->38(38)
[520.552s][info][gc,heap        ] GC(1293) Old regions: 545->548
[520.552s][info][gc,heap        ] GC(1293) Humongous regions: 9->9
[520.552s][info][gc,metaspace   ] GC(1293) Metaspace: 19064K(19264K)->19064K(19264K) NonClass: 17235K(17408K)->17235K(17408K) Class: 1829K(1856K)->1829K(1856K)
[520.552s][info][gc             ] GC(1293) Pause Young (Normal) (G1 Evacuation Pause) 851M->594M(978M) 65.087ms
[520.552s][info][gc,cpu         ] GC(1293) User=0.12s Sys=0.00s Real=0.07s
[520.783s][info][gc,marking     ] GC(1290) Concurrent Mark From Roots 1672.700ms
[520.783s][info][gc,marking     ] GC(1290) Concurrent Preclean
[520.783s][info][gc,marking     ] GC(1290) Concurrent Preclean 0.050ms
[520.783s][info][gc,start       ] GC(1290) Pause Remark
[520.792s][info][gc             ] GC(1290) Pause Remark 775M->769M(978M) 9.003ms
[520.792s][info][gc,cpu         ] GC(1290) User=0.01s Sys=0.00s Real=0.01s
[520.792s][info][gc,marking     ] GC(1290) Concurrent Mark 1682.101ms
[520.792s][info][gc,marking     ] GC(1290) Concurrent Rebuild Remembered Sets and Scrub Regions
[520.911s][info][gc,start       ] GC(1294) Pause Young (Normal) (G1 Evacuation Pause)
[520.911s][info][gc,task        ] GC(1294) Using 2 workers of 2 for evacuation
[520.985s][info][gc,phases      ] GC(1294)   Pre Evacuate Collection Set: 0.31ms
[520.985s][info][gc,phases      ] GC(1294)   Merge Heap Roots: 0.27ms
[520.985s][info][gc,phases      ] GC(1294)   Evacuate Collection Set: 72.68ms
[520.985s][info][gc,phases      ] GC(1294)   Post Evacuate Collection Set: 0.56ms
[520.985s][info][gc,phases      ] GC(1294)   Other: 0.11ms
[520.985s][info][gc,heap        ] GC(1294) Eden regions: 271->0(272)
[520.985s][info][gc,heap        ] GC(1294) Survivor regions: 38->16(39)
[520.985s][info][gc,heap        ] GC(1294) Old regions: 543->581
[520.985s][info][gc,heap        ] GC(1294) Humongous regions: 8->8
[520.985s][info][gc,metaspace   ] GC(1294) Metaspace: 19064K(19264K)->19064K(19264K) NonClass: 17235K(17408K)->17235K(17408K) Class: 1829K(1856K)->1829K(1856K)
[520.985s][info][gc             ] GC(1294) Pause Young (Normal) (G1 Evacuation Pause) 859M->604M(978M) 74.233ms
[520.986s][info][gc,cpu         ] GC(1294) User=0.15s Sys=0.00s Real=0.07s
[521.506s][info][gc,marking     ] GC(1290) Concurrent Rebuild Remembered Sets and Scrub Regions 713.823ms
[521.506s][info][gc,start       ] GC(1290) Pause Cleanup
[521.507s][info][gc             ] GC(1290) Pause Cleanup 815M->815M(978M) 0.144ms
[521.507s][info][gc,cpu         ] GC(1290) User=0.00s Sys=0.00s Real=0.00s
[521.507s][info][gc,marking     ] GC(1290) Concurrent Clear Claimed Marks
[521.507s][info][gc,marking     ] GC(1290) Concurrent Clear Claimed Marks 0.044ms
[521.507s][info][gc,marking     ] GC(1290) Concurrent Cleanup for Next Mark
[521.510s][info][gc,marking     ] GC(1290) Concurrent Cleanup for Next Mark 3.064ms
[521.510s][info][gc             ] GC(1290) Concurrent Mark Cycle 2514.716ms
[521.721s][info][gc,start       ] GC(1295) Pause Young (Prepare Mixed) (G1 Evacuation Pause)
[521.721s][info][gc,task        ] GC(1295) Using 2 workers of 2 for evacuation
[521.777s][info][gc,phases      ] GC(1295)   Pre Evacuate Collection Set: 0.33ms
[521.777s][info][gc,phases      ] GC(1295)   Merge Heap Roots: 0.36ms
[521.777s][info][gc,phases      ] GC(1295)   Evacuate Collection Set: 53.86ms
[521.777s][info][gc,phases      ] GC(1295)   Post Evacuate Collection Set: 0.66ms
[521.777s][info][gc,phases      ] GC(1295)   Other: 0.10ms
[521.777s][info][gc,heap        ] GC(1295) Eden regions: 272->0(259)
[521.777s][info][gc,heap        ] GC(1295) Survivor regions: 16->36(36)
[521.777s][info][gc,heap        ] GC(1295) Old regions: 581->585
[521.777s][info][gc,heap        ] GC(1295) Humongous regions: 8->8
[521.777s][info][gc,metaspace   ] GC(1295) Metaspace: 19064K(19264K)->19064K(19264K) NonClass: 17235K(17408K)->17235K(17408K) Class: 1829K(1856K)->1829K(1856K)
[521.777s][info][gc             ] GC(1295) Pause Young (Prepare Mixed) (G1 Evacuation Pause) 876M->628M(978M) 55.592ms
[521.777s][info][gc,cpu         ] GC(1295) User=0.11s Sys=0.00s Real=0.05s
[522.290s][info][gc,start       ] GC(1296) Pause Young (Mixed) (G1 Evacuation Pause)
[522.290s][info][gc,task        ] GC(1296) Using 2 workers of 2 for evacuation
[522.369s][info][gc,phases      ] GC(1296)   Pre Evacuate Collection Set: 0.35ms
[522.369s][info][gc,phases      ] GC(1296)   Merge Heap Roots: 0.43ms
[522.369s][info][gc,phases      ] GC(1296)   Evacuate Collection Set: 77.30ms
[522.369s][info][gc,phases      ] GC(1296)   Post Evacuate Collection Set: 0.61ms
[522.369s][info][gc,phases      ] GC(1296)   Other: 0.13ms
[522.369s][info][gc,heap        ] GC(1296) Eden regions: 259->0(254)
[522.369s][info][gc,heap        ] GC(1296) Survivor regions: 36->21(37)
[522.369s][info][gc,heap        ] GC(1296) Old regions: 585->609
[522.369s][info][gc,heap        ] GC(1296) Humongous regions: 8->8
[522.369s][info][gc,metaspace   ] GC(1296) Metaspace: 19064K(19264K)->19064K(19264K) NonClass: 17235K(17408K)->17235K(17408K) Class: 1829K(1856K)->1829K(1856K)
[522.369s][info][gc             ] GC(1296) Pause Young (Mixed) (G1 Evacuation Pause) 887M->637M(978M) 79.111ms
[522.369s][info][gc,cpu         ] GC(1296) User=0.15s Sys=0.01s Real=0.08s
[522.675s][info][gc,start       ] GC(1297) Pause Young (Concurrent Start) (G1 Evacuation Pause)
[522.675s][info][gc,task        ] GC(1297) Using 2 workers of 2 for evacuation
[522.756s][info][gc,phases      ] GC(1297)   Pre Evacuate Collection Set: 0.32ms
[522.756s][info][gc,phases      ] GC(1297)   Merge Heap Roots: 0.14ms
[522.756s][info][gc,phases      ] GC(1297)   Evacuate Collection Set: 79.23ms
[522.756s][info][gc,phases      ] GC(1297)   Post Evacuate Collection Set: 0.79ms
[522.756s][info][gc,phases      ] GC(1297)   Other: 0.13ms
[522.756s][info][gc,heap        ] GC(1297) Eden regions: 254->0(188)
[522.756s][info][gc,heap        ] GC(1297) Survivor regions: 21->35(35)
[522.756s][info][gc,heap        ] GC(1297) Old regions: 609->651
[522.756s][info][gc,heap        ] GC(1297) Humongous regions: 8->8
[522.756s][info][gc,metaspace   ] GC(1297) Metaspace: 19064K(19264K)->19064K(19264K) NonClass: 17235K(17408K)->17235K(17408K) Class: 1829K(1856K)->1829K(1856K)
[522.756s][info][gc             ] GC(1297) Pause Young (Concurrent Start) (G1 Evacuation Pause) 891M->693M(978M) 80.885ms
[522.756s][info][gc,cpu         ] GC(1297) User=0.16s Sys=0.00s Real=0.08s
[522.756s][info][gc             ] GC(1298) Concurrent Mark Cycle
[522.756s][info][gc,marking     ] GC(1298) Concurrent Scan Root Regions
[522.804s][info][gc,marking     ] GC(1298) Concurrent Scan Root Regions 47.462ms
[522.804s][info][gc,marking     ] GC(1298) Concurrent Mark
[522.804s][info][gc,marking     ] GC(1298) Concurrent Mark From Roots
[522.804s][info][gc,task        ] GC(1298) Using 1 workers of 1 for marking
[523.196s][info][gc,start       ] GC(1299) Pause Young (Normal) (G1 Evacuation Pause)
[523.196s][info][gc,task        ] GC(1299) Using 2 workers of 2 for evacuation
[523.265s][info][gc,phases      ] GC(1299)   Pre Evacuate Collection Set: 0.54ms
[523.265s][info][gc,phases      ] GC(1299)   Merge Heap Roots: 0.38ms
[523.265s][info][gc,phases      ] GC(1299)   Evacuate Collection Set: 67.11ms
[523.265s][info][gc,phases      ] GC(1299)   Post Evacuate Collection Set: 0.54ms
[523.265s][info][gc,phases      ] GC(1299)   Other: 0.12ms
[523.265s][info][gc,heap        ] GC(1299) Eden regions: 188->0(172)
[523.265s][info][gc,heap        ] GC(1299) Survivor regions: 35->26(28)
[523.265s][info][gc,heap        ] GC(1299) Old regions: 651->686
[523.265s][info][gc,heap        ] GC(1299) Humongous regions: 8->8
[523.265s][info][gc,metaspace   ] GC(1299) Metaspace: 19064K(19264K)->19064K(19264K) NonClass: 17235K(17408K)->17235K(17408K) Class: 1829K(1856K)->1829K(1856K)
[523.265s][info][gc             ] GC(1299) Pause Young (Normal) (G1 Evacuation Pause) 881M->719M(978M) 69.006ms
[523.265s][info][gc,cpu         ] GC(1299) User=0.13s Sys=0.00s Real=0.07s
[523.746s][info][gc,start       ] GC(1300) Pause Young (Normal) (G1 Evacuation Pause)
[523.746s][info][gc,task        ] GC(1300) Using 2 workers of 2 for evacuation
[523.830s][info][gc,phases      ] GC(1300)   Pre Evacuate Collection Set: 0.33ms
[523.830s][info][gc,phases      ] GC(1300)   Merge Heap Roots: 0.32ms
[523.830s][info][gc,phases      ] GC(1300)   Evacuate Collection Set: 81.99ms
[523.830s][info][gc,phases      ] GC(1300)   Post Evacuate Collection Set: 0.60ms
[523.830s][info][gc,phases      ] GC(1300)   Other: 0.09ms
[523.830s][info][gc,heap        ] GC(1300) Eden regions: 172->0(142)
[523.830s][info][gc,heap        ] GC(1300) Survivor regions: 26->25(25)
[523.830s][info][gc,heap        ] GC(1300) Old regions: 686->720
[523.830s][info][gc,heap        ] GC(1300) Humongous regions: 11->11
[523.830s][info][gc,metaspace   ] GC(1300) Metaspace: 19064K(19264K)->19064K(19264K) NonClass: 17235K(17408K)->17235K(17408K) Class: 1829K(1856K)->1829K(1856K)
[523.830s][info][gc             ] GC(1300) Pause Young (Normal) (G1 Evacuation Pause) 894M->755M(978M) 83.617ms
[523.830s][info][gc,cpu         ] GC(1300) User=0.17s Sys=0.00s Real=0.09s
[524.162s][info][gc,start       ] GC(1301) Pause Young (Normal) (G1 Evacuation Pause)
[524.162s][info][gc,task        ] GC(1301) Using 2 workers of 2 for evacuation
[524.249s][info][gc,phases      ] GC(1301)   Pre Evacuate Collection Set: 0.30ms
[524.249s][info][gc,phases      ] GC(1301)   Merge Heap Roots: 0.71ms
[524.249s][info][gc,phases      ] GC(1301)   Evacuate Collection Set: 85.60ms
[524.249s][info][gc,phases      ] GC(1301)   Post Evacuate Collection Set: 0.51ms
[524.249s][info][gc,phases      ] GC(1301)   Other: 0.09ms
[524.249s][info][gc,heap        ] GC(1301) Eden regions: 142->0(128)
[524.249s][info][gc,heap        ] GC(1301) Survivor regions: 25->21(21)
[524.249s][info][gc,heap        ] GC(1301) Old regions: 720->747
[524.249s][info][gc,heap        ] GC(1301) Humongous regions: 11->11
[524.249s][info][gc,metaspace   ] GC(1301) Metaspace: 19064K(19264K)->19064K(19264K) NonClass: 17235K(17408K)->17235K(17408K) Class: 1829K(1856K)->1829K(1856K)
[524.249s][info][gc             ] GC(1301) Pause Young (Normal) (G1 Evacuation Pause) 897M->778M(978M) 87.455ms
[524.249s][info][gc,cpu         ] GC(1301) User=0.17s Sys=0.00s Real=0.09s
[524.393s][info][gc,start       ] GC(1302) Pause Young (Normal) (G1 Evacuation Pause)
[524.393s][info][gc,task        ] GC(1302) Using 2 workers of 2 for evacuation
[524.432s][info][gc,phases      ] GC(1302)   Pre Evacuate Collection Set: 0.31ms
[524.432s][info][gc,phases      ] GC(1302)   Merge Heap Roots: 0.18ms
[524.432s][info][gc,phases      ] GC(1302)   Evacuate Collection Set: 37.70ms
[524.432s][info][gc,phases      ] GC(1302)   Post Evacuate Collection Set: 0.44ms
[524.432s][info][gc,phases      ] GC(1302)   Other: 0.09ms
[524.432s][info][gc,heap        ] GC(1302) Eden regions: 128->0(128)
[524.432s][info][gc,heap        ] GC(1302) Survivor regions: 21->9(19)
[524.432s][info][gc,heap        ] GC(1302) Old regions: 747->768
[524.432s][info][gc,heap        ] GC(1302) Humongous regions: 11->11
[524.432s][info][gc,metaspace   ] GC(1302) Metaspace: 19064K(19264K)->19064K(19264K) NonClass: 17235K(17408K)->17235K(17408K) Class: 1829K(1856K)->1829K(1856K)
[524.432s][info][gc             ] GC(1302) Pause Young (Normal) (G1 Evacuation Pause) 906M->787M(978M) 39.011ms
[524.432s][info][gc,cpu         ] GC(1302) User=0.08s Sys=0.00s Real=0.04s
[524.705s][info][gc,start       ] GC(1303) Pause Young (Normal) (G1 Evacuation Pause)
[524.705s][info][gc,task        ] GC(1303) Using 2 workers of 2 for evacuation
[524.725s][info][gc,phases      ] GC(1303)   Pre Evacuate Collection Set: 0.59ms
[524.726s][info][gc,phases      ] GC(1303)   Merge Heap Roots: 0.23ms
[524.726s][info][gc,phases      ] GC(1303)   Evacuate Collection Set: 19.33ms
[524.726s][info][gc,phases      ] GC(1303)   Post Evacuate Collection Set: 0.46ms
[524.726s][info][gc,phases      ] GC(1303)   Other: 0.09ms
[524.726s][info][gc,heap        ] GC(1303) Eden regions: 128->0(127)
[524.726s][info][gc,heap        ] GC(1303) Survivor regions: 9->11(18)
[524.726s][info][gc,heap        ] GC(1303) Old regions: 768->768
[524.726s][info][gc,heap        ] GC(1303) Humongous regions: 11->11
[524.726s][info][gc,metaspace   ] GC(1303) Metaspace: 19064K(19264K)->19064K(19264K) NonClass: 17235K(17408K)->17235K(17408K) Class: 1829K(1856K)->1829K(1856K)
[524.726s][info][gc             ] GC(1303) Pause Young (Normal) (G1 Evacuation Pause) 915M->789M(978M) 20.924ms
[524.726s][info][gc,cpu         ] GC(1303) User=0.04s Sys=0.00s Real=0.02s
[524.739s][info][gc,marking     ] GC(1298) Concurrent Mark From Roots 1935.592ms
[524.739s][info][gc,marking     ] GC(1298) Concurrent Preclean
[524.739s][info][gc,marking     ] GC(1298) Concurrent Preclean 0.075ms
[524.739s][info][gc,start       ] GC(1298) Pause Remark
[524.749s][info][gc             ] GC(1298) Pause Remark 801M->714M(978M) 9.450ms
[524.749s][info][gc,cpu         ] GC(1298) User=0.02s Sys=0.00s Real=0.01s
[524.749s][info][gc,marking     ] GC(1298) Concurrent Mark 1945.883ms
[524.749s][info][gc,marking     ] GC(1298) Concurrent Rebuild Remembered Sets and Scrub Regions
[524.822s][info][gc,start       ] GC(1304) Pause Young (Normal) (G1 Evacuation Pause)
[524.823s][info][gc,task        ] GC(1304) Using 2 workers of 2 for evacuation
[524.879s][info][gc,phases      ] GC(1304)   Pre Evacuate Collection Set: 0.31ms
[524.879s][info][gc,phases      ] GC(1304)   Merge Heap Roots: 0.28ms
[524.879s][info][gc,phases      ] GC(1304)   Evacuate Collection Set: 55.00ms
[524.879s][info][gc,phases      ] GC(1304)   Post Evacuate Collection Set: 0.64ms
[524.879s][info][gc,phases      ] GC(1304)   Other: 0.09ms
[524.879s][info][gc,heap        ] GC(1304) Eden regions: 127->0(152)
[524.879s][info][gc,heap        ] GC(1304) Survivor regions: 11->18(18)
[524.879s][info][gc,heap        ] GC(1304) Old regions: 684->717
[524.879s][info][gc,heap        ] GC(1304) Humongous regions: 8->8
[524.879s][info][gc,metaspace   ] GC(1304) Metaspace: 19064K(19264K)->19064K(19264K) NonClass: 17235K(17408K)->17235K(17408K) Class: 1829K(1856K)->1829K(1856K)
[524.879s][info][gc             ] GC(1304) Pause Young (Normal) (G1 Evacuation Pause) 829M->742M(978M) 56.568ms
[524.879s][info][gc,cpu         ] GC(1304) User=0.11s Sys=0.00s Real=0.06s
[525.070s][info][gc,start       ] GC(1305) Pause Young (Normal) (G1 Evacuation Pause)
[525.070s][info][gc,task        ] GC(1305) Using 2 workers of 2 for evacuation
[525.144s][info][gc,phases      ] GC(1305)   Pre Evacuate Collection Set: 0.55ms
[525.144s][info][gc,phases      ] GC(1305)   Merge Heap Roots: 0.47ms
[525.144s][info][gc,phases      ] GC(1305)   Evacuate Collection Set: 71.59ms
[525.144s][info][gc,phases      ] GC(1305)   Post Evacuate Collection Set: 0.62ms
[525.144s][info][gc,phases      ] GC(1305)   Other: 0.10ms
[525.144s][info][gc,heap        ] GC(1305) Eden regions: 152->0(121)
[525.144s][info][gc,heap        ] GC(1305) Survivor regions: 18->22(22)
[525.144s][info][gc,heap        ] GC(1305) Old regions: 717->752
[525.144s][info][gc,heap        ] GC(1305) Humongous regions: 8->8
[525.144s][info][gc,metaspace   ] GC(1305) Metaspace: 19064K(19264K)->19064K(19264K) NonClass: 17235K(17408K)->17235K(17408K) Class: 1829K(1856K)->1829K(1856K)
[525.144s][info][gc             ] GC(1305) Pause Young (Normal) (G1 Evacuation Pause) 894M->781M(978M) 73.614ms
[525.144s][info][gc,cpu         ] GC(1305) User=0.14s Sys=0.00s Real=0.07s
[525.352s][info][gc,start       ] GC(1306) Pause Young (Normal) (G1 Evacuation Pause)
[525.352s][info][gc,task        ] GC(1306) Using 2 workers of 2 for evacuation
[525.391s][info][gc,phases      ] GC(1306)   Pre Evacuate Collection Set: 0.31ms
[525.391s][info][gc,phases      ] GC(1306)   Merge Heap Roots: 0.46ms
[525.391s][info][gc,phases      ] GC(1306)   Evacuate Collection Set: 38.27ms
[525.391s][info][gc,phases      ] GC(1306)   Post Evacuate Collection Set: 0.47ms
[525.391s][info][gc,phases      ] GC(1306)   Other: 0.11ms
[525.391s][info][gc,heap        ] GC(1306) Eden regions: 121->0(128)
[525.391s][info][gc,heap        ] GC(1306) Survivor regions: 22->4(18)
[525.391s][info][gc,heap        ] GC(1306) Old regions: 752->774
[525.391s][info][gc,heap        ] GC(1306) Humongous regions: 8->8
[525.391s][info][gc,metaspace   ] GC(1306) Metaspace: 19064K(19264K)->19064K(19264K) NonClass: 17235K(17408K)->17235K(17408K) Class: 1829K(1856K)->1829K(1856K)
[525.391s][info][gc             ] GC(1306) Pause Young (Normal) (G1 Evacuation Pause) 902M->785M(978M) 39.859ms
[525.392s][info][gc,cpu         ] GC(1306) User=0.08s Sys=0.00s Real=0.04s
[525.598s][info][gc,marking     ] GC(1298) Concurrent Rebuild Remembered Sets and Scrub Regions 848.204ms
[525.598s][info][gc,start       ] GC(1298) Pause Cleanup
[525.598s][info][gc             ] GC(1298) Pause Cleanup 884M->884M(978M) 0.168ms
[525.598s][info][gc,cpu         ] GC(1298) User=0.00s Sys=0.00s Real=0.00s
[525.598s][info][gc,marking     ] GC(1298) Concurrent Clear Claimed Marks
[525.598s][info][gc,marking     ] GC(1298) Concurrent Clear Claimed Marks 0.048ms
[525.598s][info][gc,marking     ] GC(1298) Concurrent Cleanup for Next Mark
[525.601s][info][gc,marking     ] GC(1298) Concurrent Cleanup for Next Mark 2.965ms
[525.601s][info][gc             ] GC(1298) Concurrent Mark Cycle 2845.140ms
[525.667s][info][gc,start       ] GC(1307) Pause Young (Prepare Mixed) (G1 Evacuation Pause)
[525.667s][info][gc,task        ] GC(1307) Using 2 workers of 2 for evacuation
[525.732s][info][gc,phases      ] GC(1307)   Pre Evacuate Collection Set: 0.52ms
[525.732s][info][gc,phases      ] GC(1307)   Merge Heap Roots: 0.45ms
[525.732s][info][gc,phases      ] GC(1307)   Evacuate Collection Set: 62.71ms
[525.732s][info][gc,phases      ] GC(1307)   Post Evacuate Collection Set: 0.58ms
[525.732s][info][gc,phases      ] GC(1307)   Other: 0.09ms
[525.732s][info][gc,heap        ] GC(1307) Eden regions: 128->0(92)
[525.732s][info][gc,heap        ] GC(1307) Survivor regions: 4->17(17)
[525.732s][info][gc,heap        ] GC(1307) Old regions: 774->791
[525.732s][info][gc,heap        ] GC(1307) Humongous regions: 11->11
[525.732s][info][gc,metaspace   ] GC(1307) Metaspace: 19064K(19264K)->19064K(19264K) NonClass: 17235K(17408K)->17235K(17408K) Class: 1829K(1856K)->1829K(1856K)
[525.732s][info][gc             ] GC(1307) Pause Young (Prepare Mixed) (G1 Evacuation Pause) 916M->818M(978M) 64.628ms
[525.732s][info][gc,cpu         ] GC(1307) User=0.12s Sys=0.00s Real=0.07s
[525.796s][info][gc,start       ] GC(1308) Pause Young (Mixed) (G1 Evacuation Pause)
[525.796s][info][gc,task        ] GC(1308) Using 2 workers of 2 for evacuation
[525.934s][info][gc,phases      ] GC(1308)   Pre Evacuate Collection Set: 0.56ms
[525.934s][info][gc,phases      ] GC(1308)   Merge Heap Roots: 1.47ms
[525.934s][info][gc,phases      ] GC(1308)   Evacuate Collection Set: 134.13ms
[525.934s][info][gc,phases      ] GC(1308)   Post Evacuate Collection Set: 1.70ms
[525.934s][info][gc,phases      ] GC(1308)   Other: 0.09ms
[525.934s][info][gc,heap        ] GC(1308) Eden regions: 92->0(127)
[525.934s][info][gc,heap        ] GC(1308) Survivor regions: 17->14(14)
[525.934s][info][gc,heap        ] GC(1308) Old regions: 791->743
[525.934s][info][gc,heap        ] GC(1308) Humongous regions: 11->11
[525.934s][info][gc,metaspace   ] GC(1308) Metaspace: 19064K(19264K)->19064K(19264K) NonClass: 17235K(17408K)->17235K(17408K) Class: 1829K(1856K)->1829K(1856K)
[525.934s][info][gc             ] GC(1308) Pause Young (Mixed) (G1 Evacuation Pause) 910M->767M(978M) 138.179ms
[525.934s][info][gc,cpu         ] GC(1308) User=0.27s Sys=0.00s Real=0.14s
[526.082s][info][gc,start       ] GC(1309) Pause Young (Concurrent Start) (G1 Evacuation Pause)
[526.082s][info][gc,task        ] GC(1309) Using 2 workers of 2 for evacuation
[526.135s][info][gc,phases      ] GC(1309)   Pre Evacuate Collection Set: 0.39ms
[526.135s][info][gc,phases      ] GC(1309)   Merge Heap Roots: 0.26ms
[526.135s][info][gc,phases      ] GC(1309)   Evacuate Collection Set: 51.54ms
[526.135s][info][gc,phases      ] GC(1309)   Post Evacuate Collection Set: 0.47ms
[526.135s][info][gc,phases      ] GC(1309)   Other: 0.24ms
[526.135s][info][gc,heap        ] GC(1309) Eden regions: 127->0(111)
[526.135s][info][gc,heap        ] GC(1309) Survivor regions: 14->18(18)
[526.135s][info][gc,heap        ] GC(1309) Old regions: 743->764
[526.135s][info][gc,heap        ] GC(1309) Humongous regions: 11->11
[526.135s][info][gc,metaspace   ] GC(1309) Metaspace: 19064K(19264K)->19064K(19264K) NonClass: 17235K(17408K)->17235K(17408K) Class: 1829K(1856K)->1829K(1856K)
[526.135s][info][gc             ] GC(1309) Pause Young (Concurrent Start) (G1 Evacuation Pause) 894M->792M(978M) 53.170ms
[526.135s][info][gc,cpu         ] GC(1309) User=0.11s Sys=0.00s Real=0.05s
[526.135s][info][gc             ] GC(1310) Concurrent Mark Cycle
[526.135s][info][gc,marking     ] GC(1310) Concurrent Scan Root Regions
[526.215s][info][gc,marking     ] GC(1310) Concurrent Scan Root Regions 80.411ms
[526.215s][info][gc,marking     ] GC(1310) Concurrent Mark
[526.215s][info][gc,marking     ] GC(1310) Concurrent Mark From Roots
[526.215s][info][gc,task        ] GC(1310) Using 1 workers of 1 for marking
[526.357s][info][gc,start       ] GC(1311) Pause Young (Normal) (G1 Evacuation Pause)
[526.357s][info][gc,task        ] GC(1311) Using 2 workers of 2 for evacuation
[526.386s][info][gc,phases      ] GC(1311)   Pre Evacuate Collection Set: 0.33ms
[526.386s][info][gc,phases      ] GC(1311)   Merge Heap Roots: 0.17ms
[526.386s][info][gc,phases      ] GC(1311)   Evacuate Collection Set: 27.63ms
[526.386s][info][gc,phases      ] GC(1311)   Post Evacuate Collection Set: 0.37ms
[526.386s][info][gc,phases      ] GC(1311)   Other: 0.12ms
[526.386s][info][gc,heap        ] GC(1311) Eden regions: 111->0(117)
[526.386s][info][gc,heap        ] GC(1311) Survivor regions: 18->5(17)
[526.386s][info][gc,heap        ] GC(1311) Old regions: 764->782
[526.386s][info][gc,heap        ] GC(1311) Humongous regions: 11->11
[526.386s][info][gc,metaspace   ] GC(1311) Metaspace: 19064K(19264K)->19064K(19264K) NonClass: 17235K(17408K)->17235K(17408K) Class: 1829K(1856K)->1829K(1856K)
[526.386s][info][gc             ] GC(1311) Pause Young (Normal) (G1 Evacuation Pause) 903M->797M(978M) 28.886ms
[526.386s][info][gc,cpu         ] GC(1311) User=0.06s Sys=0.00s Real=0.03s
[526.660s][info][gc,start       ] GC(1312) Pause Young (Normal) (G1 Evacuation Pause)
[526.660s][info][gc,task        ] GC(1312) Using 2 workers of 2 for evacuation
[526.674s][info][gc,phases      ] GC(1312)   Pre Evacuate Collection Set: 0.57ms
[526.674s][info][gc,phases      ] GC(1312)   Merge Heap Roots: 0.24ms
[526.674s][info][gc,phases      ] GC(1312)   Evacuate Collection Set: 13.02ms
[526.674s][info][gc,phases      ] GC(1312)   Post Evacuate Collection Set: 0.42ms
[526.674s][info][gc,phases      ] GC(1312)   Other: 0.09ms
[526.674s][info][gc,heap        ] GC(1312) Eden regions: 117->0(123)
[526.674s][info][gc,heap        ] GC(1312) Survivor regions: 5->6(16)
[526.674s][info][gc,heap        ] GC(1312) Old regions: 782->782
[526.674s][info][gc,heap        ] GC(1312) Humongous regions: 11->11
[526.674s][info][gc,metaspace   ] GC(1312) Metaspace: 19064K(19264K)->19064K(19264K) NonClass: 17235K(17408K)->17235K(17408K) Class: 1829K(1856K)->1829K(1856K)
[526.674s][info][gc             ] GC(1312) Pause Young (Normal) (G1 Evacuation Pause) 914M->798M(978M) 14.616ms
[526.674s][info][gc,cpu         ] GC(1312) User=0.03s Sys=0.00s Real=0.01s
[526.940s][info][gc,start       ] GC(1313) Pause Young (Normal) (G1 Evacuation Pause)
[526.940s][info][gc,task        ] GC(1313) Using 2 workers of 2 for evacuation
[526.961s][info][gc,phases      ] GC(1313)   Pre Evacuate Collection Set: 0.30ms
[526.961s][info][gc,phases      ] GC(1313)   Merge Heap Roots: 0.24ms
[526.961s][info][gc,phases      ] GC(1313)   Evacuate Collection Set: 19.43ms
[526.961s][info][gc,phases      ] GC(1313)   Post Evacuate Collection Set: 0.43ms
[526.961s][info][gc,phases      ] GC(1313)   Other: 0.14ms
[526.961s][info][gc,heap        ] GC(1313) Eden regions: 123->0(115)
[526.961s][info][gc,heap        ] GC(1313) Survivor regions: 6->10(17)
[526.961s][info][gc,heap        ] GC(1313) Old regions: 782->782
[526.961s][info][gc,heap        ] GC(1313) Humongous regions: 11->11
[526.961s][info][gc,metaspace   ] GC(1313) Metaspace: 19064K(19264K)->19064K(19264K) NonClass: 17235K(17408K)->17235K(17408K) Class: 1829K(1856K)->1829K(1856K)
[526.961s][info][gc             ] GC(1313) Pause Young (Normal) (G1 Evacuation Pause) 921M->802M(978M) 20.774ms
[526.961s][info][gc,cpu         ] GC(1313) User=0.04s Sys=0.00s Real=0.02s
[527.304s][info][gc,start       ] GC(1314) Pause Young (Normal) (G1 Evacuation Pause)
[527.304s][info][gc,task        ] GC(1314) Using 2 workers of 2 for evacuation
[527.320s][info][gc,phases      ] GC(1314)   Pre Evacuate Collection Set: 0.33ms
[527.320s][info][gc,phases      ] GC(1314)   Merge Heap Roots: 0.17ms
[527.320s][info][gc,phases      ] GC(1314)   Evacuate Collection Set: 15.14ms
[527.320s][info][gc,phases      ] GC(1314)   Post Evacuate Collection Set: 0.44ms
[527.320s][info][gc,phases      ] GC(1314)   Other: 0.12ms
[527.321s][info][gc,heap        ] GC(1314) Eden regions: 115->0(118)
[527.321s][info][gc,heap        ] GC(1314) Survivor regions: 10->6(16)
[527.321s][info][gc,heap        ] GC(1314) Old regions: 782->787
[527.321s][info][gc,heap        ] GC(1314) Humongous regions: 11->11
[527.321s][info][gc,metaspace   ] GC(1314) Metaspace: 19064K(19264K)->19064K(19264K) NonClass: 17235K(17408K)->17235K(17408K) Class: 1829K(1856K)->1829K(1856K)
[527.321s][info][gc             ] GC(1314) Pause Young (Normal) (G1 Evacuation Pause) 917M->803M(978M) 16.511ms
[527.321s][info][gc,cpu         ] GC(1314) User=0.03s Sys=0.00s Real=0.02s
[527.645s][info][gc,start       ] GC(1315) Pause Young (Normal) (G1 Evacuation Pause)
[527.645s][info][gc,task        ] GC(1315) Using 2 workers of 2 for evacuation
[527.679s][info][gc,phases      ] GC(1315)   Pre Evacuate Collection Set: 0.32ms
[527.679s][info][gc,phases      ] GC(1315)   Merge Heap Roots: 0.18ms
[527.679s][info][gc,phases      ] GC(1315)   Evacuate Collection Set: 32.57ms
[527.679s][info][gc,phases      ] GC(1315)   Post Evacuate Collection Set: 0.40ms
[527.679s][info][gc,phases      ] GC(1315)   Other: 0.13ms
[527.679s][info][gc,heap        ] GC(1315) Eden regions: 118->0(90)
[527.679s][info][gc,heap        ] GC(1315) Survivor regions: 6->16(16)
[527.679s][info][gc,heap        ] GC(1315) Old regions: 787->795
[527.679s][info][gc,heap        ] GC(1315) Humongous regions: 11->11
[527.679s][info][gc,metaspace   ] GC(1315) Metaspace: 19064K(19264K)->19064K(19264K) NonClass: 17235K(17408K)->17235K(17408K) Class: 1829K(1856K)->1829K(1856K)
[527.679s][info][gc             ] GC(1315) Pause Young (Normal) (G1 Evacuation Pause) 921M->821M(978M) 33.861ms
[527.679s][info][gc,cpu         ] GC(1315) User=0.06s Sys=0.00s Real=0.04s
[527.917s][info][gc,marking     ] GC(1310) Concurrent Mark From Roots 1701.895ms
[527.917s][info][gc,marking     ] GC(1310) Concurrent Preclean
[527.918s][info][gc,marking     ] GC(1310) Concurrent Preclean 0.056ms
[527.918s][info][gc,start       ] GC(1310) Pause Remark
[527.928s][info][gc             ] GC(1310) Pause Remark 907M->723M(978M) 9.911ms
[527.928s][info][gc,cpu         ] GC(1310) User=0.02s Sys=0.00s Real=0.01s
[527.928s][info][gc,marking     ] GC(1310) Concurrent Mark 1712.210ms
[527.928s][info][gc,marking     ] GC(1310) Concurrent Rebuild Remembered Sets and Scrub Regions
[527.958s][info][gc,start       ] GC(1316) Pause Young (Normal) (G1 Evacuation Pause)
[527.958s][info][gc,task        ] GC(1316) Using 2 workers of 2 for evacuation
[527.993s][info][gc,phases      ] GC(1316)   Pre Evacuate Collection Set: 0.33ms
[527.993s][info][gc,phases      ] GC(1316)   Merge Heap Roots: 0.23ms
[527.993s][info][gc,phases      ] GC(1316)   Evacuate Collection Set: 33.61ms
[527.993s][info][gc,phases      ] GC(1316)   Post Evacuate Collection Set: 0.40ms
[527.993s][info][gc,phases      ] GC(1316)   Other: 0.10ms
[527.993s][info][gc,heap        ] GC(1316) Eden regions: 90->0(243)
[527.993s][info][gc,heap        ] GC(1316) Survivor regions: 16->9(14)
[527.993s][info][gc,heap        ] GC(1316) Old regions: 616->633
[527.993s][info][gc,heap        ] GC(1316) Humongous regions: 6->6
[527.993s][info][gc,metaspace   ] GC(1316) Metaspace: 19064K(19264K)->19064K(19264K) NonClass: 17235K(17408K)->17235K(17408K) Class: 1829K(1856K)->1829K(1856K)
[527.993s][info][gc             ] GC(1316) Pause Young (Normal) (G1 Evacuation Pause) 727M->646M(978M) 34.908ms
[527.993s][info][gc,cpu         ] GC(1316) User=0.07s Sys=0.00s Real=0.04s
[528.539s][info][gc,marking     ] GC(1310) Concurrent Rebuild Remembered Sets and Scrub Regions 611.050ms
[528.539s][info][gc,start       ] GC(1310) Pause Cleanup
[528.539s][info][gc             ] GC(1310) Pause Cleanup 750M->750M(978M) 0.163ms
[528.539s][info][gc,cpu         ] GC(1310) User=0.00s Sys=0.00s Real=0.00s
[528.539s][info][gc,marking     ] GC(1310) Concurrent Clear Claimed Marks
[528.539s][info][gc,marking     ] GC(1310) Concurrent Clear Claimed Marks 0.035ms
[528.539s][info][gc,marking     ] GC(1310) Concurrent Cleanup for Next Mark
[528.542s][info][gc,marking     ] GC(1310) Concurrent Cleanup for Next Mark 2.973ms
[528.542s][info][gc             ] GC(1310) Concurrent Mark Cycle 2407.280ms
[528.925s][info][gc,start       ] GC(1317) Pause Young (Prepare Mixed) (G1 Evacuation Pause)
[528.925s][info][gc,task        ] GC(1317) Using 2 workers of 2 for evacuation
[528.937s][info][gc,phases      ] GC(1317)   Pre Evacuate Collection Set: 0.55ms
[528.937s][info][gc,phases      ] GC(1317)   Merge Heap Roots: 0.16ms
[528.937s][info][gc,phases      ] GC(1317)   Evacuate Collection Set: 10.47ms
[528.937s][info][gc,phases      ] GC(1317)   Post Evacuate Collection Set: 0.56ms
[528.937s][info][gc,phases      ] GC(1317)   Other: 0.12ms
[528.937s][info][gc,heap        ] GC(1317) Eden regions: 243->0(258)
[528.937s][info][gc,heap        ] GC(1317) Survivor regions: 9->9(32)
[528.937s][info][gc,heap        ] GC(1317) Old regions: 633->633
[528.937s][info][gc,heap        ] GC(1317) Humongous regions: 6->6
[528.937s][info][gc,metaspace   ] GC(1317) Metaspace: 19064K(19264K)->19064K(19264K) NonClass: 17235K(17408K)->17235K(17408K) Class: 1829K(1856K)->1829K(1856K)
[528.937s][info][gc             ] GC(1317) Pause Young (Prepare Mixed) (G1 Evacuation Pause) 889M->647M(978M) 12.119ms
[528.937s][info][gc,cpu         ] GC(1317) User=0.03s Sys=0.00s Real=0.01s
[529.596s][info][gc,start       ] GC(1318) Pause Young (Mixed) (G1 Evacuation Pause)
[529.596s][info][gc,task        ] GC(1318) Using 2 workers of 2 for evacuation
[529.609s][info][gc,phases      ] GC(1318)   Pre Evacuate Collection Set: 0.58ms
[529.609s][info][gc,phases      ] GC(1318)   Merge Heap Roots: 0.22ms
[529.609s][info][gc,phases      ] GC(1318)   Evacuate Collection Set: 11.91ms
[529.609s][info][gc,phases      ] GC(1318)   Post Evacuate Collection Set: 0.59ms
[529.609s][info][gc,phases      ] GC(1318)   Other: 0.14ms
[529.609s][info][gc,heap        ] GC(1318) Eden regions: 258->0(309)
[529.609s][info][gc,heap        ] GC(1318) Survivor regions: 9->9(34)
[529.609s][info][gc,heap        ] GC(1318) Old regions: 633->584
[529.609s][info][gc,heap        ] GC(1318) Humongous regions: 6->6
[529.609s][info][gc,metaspace   ] GC(1318) Metaspace: 19064K(19264K)->19064K(19264K) NonClass: 17235K(17408K)->17235K(17408K) Class: 1829K(1856K)->1829K(1856K)
[529.609s][info][gc             ] GC(1318) Pause Young (Mixed) (G1 Evacuation Pause) 905M->598M(978M) 13.723ms
[529.609s][info][gc,cpu         ] GC(1318) User=0.02s Sys=0.00s Real=0.02s
[530.347s][info][gc,start       ] GC(1319) Pause Young (Concurrent Start) (G1 Evacuation Pause)
[530.347s][info][gc,task        ] GC(1319) Using 2 workers of 2 for evacuation
[530.380s][info][gc,phases      ] GC(1319)   Pre Evacuate Collection Set: 0.29ms
[530.380s][info][gc,phases      ] GC(1319)   Merge Heap Roots: 0.45ms
[530.380s][info][gc,phases      ] GC(1319)   Evacuate Collection Set: 30.73ms
[530.380s][info][gc,phases      ] GC(1319)   Post Evacuate Collection Set: 0.67ms
[530.380s][info][gc,phases      ] GC(1319)   Other: 0.11ms
[530.380s][info][gc,heap        ] GC(1319) Eden regions: 309->0(302)
[530.380s][info][gc,heap        ] GC(1319) Survivor regions: 9->18(40)
[530.380s][info][gc,heap        ] GC(1319) Old regions: 584->584
[530.380s][info][gc,heap        ] GC(1319) Humongous regions: 6->6
[530.380s][info][gc,metaspace   ] GC(1319) Metaspace: 19065K(19264K)->19065K(19264K) NonClass: 17235K(17408K)->17235K(17408K) Class: 1829K(1856K)->1829K(1856K)
[530.380s][info][gc             ] GC(1319) Pause Young (Concurrent Start) (G1 Evacuation Pause) 907M->607M(978M) 32.482ms
[530.380s][info][gc,cpu         ] GC(1319) User=0.06s Sys=0.00s Real=0.04s
[530.382s][info][gc             ] GC(1320) Concurrent Mark Cycle
[530.382s][info][gc,marking     ] GC(1320) Concurrent Scan Root Regions
[530.411s][info][gc,marking     ] GC(1320) Concurrent Scan Root Regions 28.837ms
[530.411s][info][gc,marking     ] GC(1320) Concurrent Mark
[530.411s][info][gc,marking     ] GC(1320) Concurrent Mark From Roots
[530.411s][info][gc,task        ] GC(1320) Using 1 workers of 1 for marking
[531.115s][info][gc,start       ] GC(1321) Pause Young (Normal) (G1 Evacuation Pause)
[531.115s][info][gc,task        ] GC(1321) Using 2 workers of 2 for evacuation
[531.220s][info][gc,phases      ] GC(1321)   Pre Evacuate Collection Set: 0.37ms
[531.220s][info][gc,phases      ] GC(1321)   Merge Heap Roots: 0.21ms
[531.220s][info][gc,phases      ] GC(1321)   Evacuate Collection Set: 95.29ms
[531.220s][info][gc,phases      ] GC(1321)   Post Evacuate Collection Set: 8.33ms
[531.220s][info][gc,phases      ] GC(1321)   Other: 0.10ms
[531.220s][info][gc,heap        ] GC(1321) Eden regions: 302->0(127)
[531.220s][info][gc,heap        ] GC(1321) Survivor regions: 18->40(40)
[531.220s][info][gc,heap        ] GC(1321) Old regions: 584->715
[531.220s][info][gc,heap        ] GC(1321) Humongous regions: 6->6
[531.220s][info][gc,metaspace   ] GC(1321) Metaspace: 19065K(19264K)->19065K(19264K) NonClass: 17235K(17408K)->17235K(17408K) Class: 1829K(1856K)->1829K(1856K)
[531.220s][info][gc             ] GC(1321) Pause Young (Normal) (G1 Evacuation Pause) (Evacuation Failure: Allocation) 909M->760M(978M) 104.566ms
[531.220s][info][gc,cpu         ] GC(1321) User=0.21s Sys=0.00s Real=0.11s
[531.725s][info][gc,start       ] GC(1322) Pause Young (Normal) (G1 Evacuation Pause)
[531.725s][info][gc,task        ] GC(1322) Using 2 workers of 2 for evacuation
[531.846s][info][gc,phases      ] GC(1322)   Pre Evacuate Collection Set: 0.37ms
[531.846s][info][gc,phases      ] GC(1322)   Merge Heap Roots: 0.54ms
[531.846s][info][gc,phases      ] GC(1322)   Evacuate Collection Set: 118.98ms
[531.846s][info][gc,phases      ] GC(1322)   Post Evacuate Collection Set: 0.70ms
[531.846s][info][gc,phases      ] GC(1322)   Other: 0.11ms
[531.846s][info][gc,heap        ] GC(1322) Eden regions: 127->0(205)
[531.846s][info][gc,heap        ] GC(1322) Survivor regions: 40->20(21)
[531.846s][info][gc,heap        ] GC(1322) Old regions: 715->670
[531.846s][info][gc,heap        ] GC(1322) Humongous regions: 9->9
[531.846s][info][gc,metaspace   ] GC(1322) Metaspace: 19065K(19264K)->19065K(19264K) NonClass: 17235K(17408K)->17235K(17408K) Class: 1829K(1856K)->1829K(1856K)
[531.846s][info][gc             ] GC(1322) Pause Young (Normal) (G1 Evacuation Pause) 890M->698M(978M) 121.051ms
[531.846s][info][gc,cpu         ] GC(1322) User=0.24s Sys=0.00s Real=0.12s
[532.329s][info][gc,start       ] GC(1323) Pause Young (Normal) (G1 Evacuation Pause)
[532.329s][info][gc,task        ] GC(1323) Using 2 workers of 2 for evacuation
[532.425s][info][gc,phases      ] GC(1323)   Pre Evacuate Collection Set: 0.33ms
[532.425s][info][gc,phases      ] GC(1323)   Merge Heap Roots: 0.33ms
[532.425s][info][gc,phases      ] GC(1323)   Evacuate Collection Set: 94.26ms
[532.425s][info][gc,phases      ] GC(1323)   Post Evacuate Collection Set: 0.53ms
[532.425s][info][gc,phases      ] GC(1323)   Other: 0.11ms
[532.425s][info][gc,heap        ] GC(1323) Eden regions: 205->0(160)
[532.425s][info][gc,heap        ] GC(1323) Survivor regions: 20->29(29)
[532.425s][info][gc,heap        ] GC(1323) Old regions: 670->701
[532.425s][info][gc,heap        ] GC(1323) Humongous regions: 9->9
[532.425s][info][gc,metaspace   ] GC(1323) Metaspace: 19066K(19264K)->19066K(19264K) NonClass: 17236K(17408K)->17236K(17408K) Class: 1829K(1856K)->1829K(1856K)
[532.425s][info][gc             ] GC(1323) Pause Young (Normal) (G1 Evacuation Pause) 903M->738M(978M) 95.829ms
[532.425s][info][gc,cpu         ] GC(1323) User=0.19s Sys=0.00s Real=0.09s
[532.671s][info][gc,start       ] GC(1324) Pause Young (Normal) (G1 Evacuation Pause)
[532.671s][info][gc,task        ] GC(1324) Using 2 workers of 2 for evacuation
[532.726s][info][gc,phases      ] GC(1324)   Pre Evacuate Collection Set: 0.32ms
[532.726s][info][gc,phases      ] GC(1324)   Merge Heap Roots: 0.22ms
[532.726s][info][gc,phases      ] GC(1324)   Evacuate Collection Set: 54.08ms
[532.726s][info][gc,phases      ] GC(1324)   Post Evacuate Collection Set: 0.47ms
[532.726s][info][gc,phases      ] GC(1324)   Other: 0.08ms
[532.726s][info][gc,heap        ] GC(1324) Eden regions: 160->0(158)
[532.726s][info][gc,heap        ] GC(1324) Survivor regions: 29->15(24)
[532.726s][info][gc,heap        ] GC(1324) Old regions: 701->731
[532.726s][info][gc,heap        ] GC(1324) Humongous regions: 9->9
[532.726s][info][gc,metaspace   ] GC(1324) Metaspace: 19066K(19264K)->19066K(19264K) NonClass: 17236K(17408K)->17236K(17408K) Class: 1829K(1856K)->1829K(1856K)
[532.726s][info][gc             ] GC(1324) Pause Young (Normal) (G1 Evacuation Pause) 898M->753M(978M) 55.473ms
[532.726s][info][gc,cpu         ] GC(1324) User=0.11s Sys=0.00s Real=0.05s
[532.815s][info][gc,marking     ] GC(1320) Concurrent Mark From Roots 2403.526ms
[532.815s][info][gc,marking     ] GC(1320) Concurrent Preclean
[532.815s][info][gc,marking     ] GC(1320) Concurrent Preclean 0.056ms
[532.815s][info][gc,start       ] GC(1320) Pause Remark
[532.825s][info][gc             ] GC(1320) Pause Remark 823M->808M(978M) 9.852ms
[532.825s][info][gc,cpu         ] GC(1320) User=0.02s Sys=0.00s Real=0.01s
[532.826s][info][gc,marking     ] GC(1320) Concurrent Mark 2414.452ms
[532.826s][info][gc,marking     ] GC(1320) Concurrent Rebuild Remembered Sets and Scrub Regions
[532.940s][info][gc,start       ] GC(1325) Pause Young (Normal) (G1 Evacuation Pause)
[532.940s][info][gc,task        ] GC(1325) Using 2 workers of 2 for evacuation
[532.976s][info][gc,phases      ] GC(1325)   Pre Evacuate Collection Set: 0.32ms
[532.976s][info][gc,phases      ] GC(1325)   Merge Heap Roots: 0.23ms
[532.976s][info][gc,phases      ] GC(1325)   Evacuate Collection Set: 34.48ms
[532.976s][info][gc,phases      ] GC(1325)   Post Evacuate Collection Set: 0.50ms
[532.976s][info][gc,phases      ] GC(1325)   Other: 0.11ms
[532.976s][info][gc,heap        ] GC(1325) Eden regions: 158->0(168)
[532.976s][info][gc,heap        ] GC(1325) Survivor regions: 15->9(22)
[532.976s][info][gc,heap        ] GC(1325) Old regions: 716->731
[532.976s][info][gc,heap        ] GC(1325) Humongous regions: 9->9
[532.976s][info][gc,metaspace   ] GC(1325) Metaspace: 19070K(19264K)->19070K(19264K) NonClass: 17241K(17408K)->17241K(17408K) Class: 1829K(1856K)->1829K(1856K)
[532.976s][info][gc             ] GC(1325) Pause Young (Normal) (G1 Evacuation Pause) 896M->748M(978M) 35.891ms
[532.976s][info][gc,cpu         ] GC(1325) User=0.07s Sys=0.00s Real=0.03s
[533.172s][info][gc,start       ] GC(1326) Pause Young (Normal) (G1 Evacuation Pause)
[533.172s][info][gc,task        ] GC(1326) Using 2 workers of 2 for evacuation
[533.199s][info][gc,phases      ] GC(1326)   Pre Evacuate Collection Set: 0.31ms
[533.199s][info][gc,phases      ] GC(1326)   Merge Heap Roots: 0.22ms
[533.199s][info][gc,phases      ] GC(1326)   Evacuate Collection Set: 25.64ms
[533.199s][info][gc,phases      ] GC(1326)   Post Evacuate Collection Set: 0.48ms
[533.199s][info][gc,phases      ] GC(1326)   Other: 0.13ms
[533.199s][info][gc,heap        ] GC(1326) Eden regions: 168->0(156)
[533.199s][info][gc,heap        ] GC(1326) Survivor regions: 9->16(23)
[533.199s][info][gc,heap        ] GC(1326) Old regions: 731->731
[533.199s][info][gc,heap        ] GC(1326) Humongous regions: 9->9
[533.199s][info][gc,metaspace   ] GC(1326) Metaspace: 19071K(19264K)->19071K(19264K) NonClass: 17242K(17408K)->17242K(17408K) Class: 1829K(1856K)->1829K(1856K)
[533.199s][info][gc             ] GC(1326) Pause Young (Normal) (G1 Evacuation Pause) 916M->755M(978M) 27.071ms
[533.199s][info][gc,cpu         ] GC(1326) User=0.06s Sys=0.00s Real=0.03s
[533.417s][info][gc,start       ] GC(1327) Pause Young (Normal) (G1 Evacuation Pause)
[533.418s][info][gc,task        ] GC(1327) Using 2 workers of 2 for evacuation
[533.465s][info][gc,phases      ] GC(1327)   Pre Evacuate Collection Set: 0.51ms
[533.465s][info][gc,phases      ] GC(1327)   Merge Heap Roots: 0.17ms
[533.465s][info][gc,phases      ] GC(1327)   Evacuate Collection Set: 46.51ms
[533.465s][info][gc,phases      ] GC(1327)   Post Evacuate Collection Set: 0.45ms
[533.465s][info][gc,phases      ] GC(1327)   Other: 0.09ms
[533.465s][info][gc,heap        ] GC(1327) Eden regions: 156->0(124)
[533.465s][info][gc,heap        ] GC(1327) Survivor regions: 16->22(22)
[533.465s][info][gc,heap        ] GC(1327) Old regions: 731->751
[533.465s][info][gc,heap        ] GC(1327) Humongous regions: 9->9
[533.465s][info][gc,metaspace   ] GC(1327) Metaspace: 19071K(19264K)->19071K(19264K) NonClass: 17242K(17408K)->17242K(17408K) Class: 1829K(1856K)->1829K(1856K)
[533.465s][info][gc             ] GC(1327) Pause Young (Normal) (G1 Evacuation Pause) 911M->781M(978M) 48.023ms
[533.465s][info][gc,cpu         ] GC(1327) User=0.09s Sys=0.00s Real=0.05s
[533.656s][info][gc,start       ] GC(1328) Pause Young (Normal) (G1 Evacuation Pause)
[533.657s][info][gc,task        ] GC(1328) Using 2 workers of 2 for evacuation
[533.704s][info][gc,phases      ] GC(1328)   Pre Evacuate Collection Set: 0.52ms
[533.704s][info][gc,phases      ] GC(1328)   Merge Heap Roots: 0.13ms
[533.704s][info][gc,phases      ] GC(1328)   Evacuate Collection Set: 46.34ms
[533.704s][info][gc,phases      ] GC(1328)   Post Evacuate Collection Set: 0.49ms
[533.704s][info][gc,phases      ] GC(1328)   Other: 0.11ms
[533.704s][info][gc,heap        ] GC(1328) Eden regions: 124->0(111)
[533.704s][info][gc,heap        ] GC(1328) Survivor regions: 22->17(19)
[533.704s][info][gc,heap        ] GC(1328) Old regions: 751->774
[533.704s][info][gc,heap        ] GC(1328) Humongous regions: 9->9
[533.704s][info][gc,metaspace   ] GC(1328) Metaspace: 19072K(19264K)->19072K(19264K) NonClass: 17242K(17408K)->17242K(17408K) Class: 1829K(1856K)->1829K(1856K)
[533.704s][info][gc             ] GC(1328) Pause Young (Normal) (G1 Evacuation Pause) 905M->798M(978M) 47.858ms
[533.704s][info][gc,cpu         ] GC(1328) User=0.09s Sys=0.00s Real=0.05s
[533.834s][info][gc,start       ] GC(1329) Pause Young (Normal) (G1 Evacuation Pause)
[533.835s][info][gc,task        ] GC(1329) Using 2 workers of 2 for evacuation
[533.882s][info][gc,phases      ] GC(1329)   Pre Evacuate Collection Set: 0.55ms
[533.882s][info][gc,phases      ] GC(1329)   Merge Heap Roots: 0.24ms
[533.882s][info][gc,phases      ] GC(1329)   Evacuate Collection Set: 46.25ms
[533.882s][info][gc,phases      ] GC(1329)   Post Evacuate Collection Set: 0.43ms
[533.882s][info][gc,phases      ] GC(1329)   Other: 0.09ms
[533.882s][info][gc,heap        ] GC(1329) Eden regions: 111->0(94)
[533.882s][info][gc,heap        ] GC(1329) Survivor regions: 17->16(16)
[533.882s][info][gc,heap        ] GC(1329) Old regions: 774->793
[533.882s][info][gc,heap        ] GC(1329) Humongous regions: 9->9
[533.882s][info][gc,metaspace   ] GC(1329) Metaspace: 19072K(19264K)->19072K(19264K) NonClass: 17242K(17408K)->17242K(17408K) Class: 1829K(1856K)->1829K(1856K)
[533.882s][info][gc             ] GC(1329) Pause Young (Normal) (G1 Evacuation Pause) 909M->817M(978M) 47.822ms
[533.882s][info][gc,cpu         ] GC(1329) User=0.09s Sys=0.00s Real=0.05s
[533.896s][info][gc,marking     ] GC(1320) Concurrent Rebuild Remembered Sets and Scrub Regions 1069.906ms
[533.896s][info][gc,start       ] GC(1320) Pause Cleanup
[533.896s][info][gc             ] GC(1320) Pause Cleanup 823M->823M(978M) 0.149ms
[533.896s][info][gc,cpu         ] GC(1320) User=0.00s Sys=0.00s Real=0.00s
[533.896s][info][gc,marking     ] GC(1320) Concurrent Clear Claimed Marks
[533.896s][info][gc,marking     ] GC(1320) Concurrent Clear Claimed Marks 0.035ms
[533.896s][info][gc,marking     ] GC(1320) Concurrent Cleanup for Next Mark
[533.901s][info][gc,marking     ] GC(1320) Concurrent Cleanup for Next Mark 5.004ms
[533.902s][info][gc             ] GC(1320) Concurrent Mark Cycle 3519.279ms
[534.029s][info][gc,start       ] GC(1330) Pause Young (Prepare Mixed) (G1 Evacuation Pause)
[534.029s][info][gc,task        ] GC(1330) Using 2 workers of 2 for evacuation
[534.058s][info][gc,phases      ] GC(1330)   Pre Evacuate Collection Set: 0.58ms
[534.058s][info][gc,phases      ] GC(1330)   Merge Heap Roots: 0.23ms
[534.058s][info][gc,phases      ] GC(1330)   Evacuate Collection Set: 27.51ms
[534.058s][info][gc,phases      ] GC(1330)   Post Evacuate Collection Set: 0.42ms
[534.058s][info][gc,phases      ] GC(1330)   Other: 0.11ms
[534.058s][info][gc,heap        ] GC(1330) Eden regions: 94->0(100)
[534.058s][info][gc,heap        ] GC(1330) Survivor regions: 16->5(14)
[534.058s][info][gc,heap        ] GC(1330) Old regions: 793->809
[534.058s][info][gc,heap        ] GC(1330) Humongous regions: 9->9
[534.058s][info][gc,metaspace   ] GC(1330) Metaspace: 19072K(19264K)->19072K(19264K) NonClass: 17242K(17408K)->17242K(17408K) Class: 1829K(1856K)->1829K(1856K)
[534.058s][info][gc             ] GC(1330) Pause Young (Prepare Mixed) (G1 Evacuation Pause) 911M->822M(978M) 29.126ms
[534.058s][info][gc,cpu         ] GC(1330) User=0.06s Sys=0.00s Real=0.02s
[534.457s][info][gc,start       ] GC(1331) Pause Young (Mixed) (G1 Evacuation Pause)
[534.457s][info][gc,task        ] GC(1331) Using 2 workers of 2 for evacuation
[534.468s][info][gc,phases      ] GC(1331)   Pre Evacuate Collection Set: 0.57ms
[534.468s][info][gc,phases      ] GC(1331)   Merge Heap Roots: 0.18ms
[534.468s][info][gc,phases      ] GC(1331)   Evacuate Collection Set: 9.65ms
[534.468s][info][gc,phases      ] GC(1331)   Post Evacuate Collection Set: 0.41ms
[534.468s][info][gc,phases      ] GC(1331)   Other: 0.08ms
[534.468s][info][gc,heap        ] GC(1331) Eden regions: 100->0(112)
[534.468s][info][gc,heap        ] GC(1331) Survivor regions: 5->5(14)
[534.468s][info][gc,heap        ] GC(1331) Old regions: 809->797
[534.468s][info][gc,heap        ] GC(1331) Humongous regions: 9->9
[534.468s][info][gc,metaspace   ] GC(1331) Metaspace: 19072K(19264K)->19072K(19264K) NonClass: 17242K(17408K)->17242K(17408K) Class: 1829K(1856K)->1829K(1856K)
[534.468s][info][gc             ] GC(1331) Pause Young (Mixed) (G1 Evacuation Pause) 922M->810M(978M) 11.158ms
[534.468s][info][gc,cpu         ] GC(1331) User=0.02s Sys=0.00s Real=0.01s
[534.693s][info][gc,start       ] GC(1332) Pause Young (Concurrent Start) (G1 Evacuation Pause)
[534.693s][info][gc,task        ] GC(1332) Using 2 workers of 2 for evacuation
[534.709s][info][gc,phases      ] GC(1332)   Pre Evacuate Collection Set: 0.32ms
[534.709s][info][gc,phases      ] GC(1332)   Merge Heap Roots: 0.12ms
[534.709s][info][gc,phases      ] GC(1332)   Evacuate Collection Set: 15.08ms
[534.709s][info][gc,phases      ] GC(1332)   Post Evacuate Collection Set: 0.45ms
[534.709s][info][gc,phases      ] GC(1332)   Other: 0.16ms
[534.709s][info][gc,heap        ] GC(1332) Eden regions: 112->0(96)
[534.709s][info][gc,heap        ] GC(1332) Survivor regions: 5->13(15)
[534.709s][info][gc,heap        ] GC(1332) Old regions: 797->797
[534.709s][info][gc,heap        ] GC(1332) Humongous regions: 9->9
[534.709s][info][gc,metaspace   ] GC(1332) Metaspace: 19072K(19264K)->19072K(19264K) NonClass: 17243K(17408K)->17243K(17408K) Class: 1829K(1856K)->1829K(1856K)
[534.709s][info][gc             ] GC(1332) Pause Young (Concurrent Start) (G1 Evacuation Pause) 922M->818M(978M) 16.359ms
[534.709s][info][gc,cpu         ] GC(1332) User=0.03s Sys=0.00s Real=0.02s
[534.709s][info][gc             ] GC(1333) Concurrent Mark Cycle
[534.709s][info][gc,marking     ] GC(1333) Concurrent Scan Root Regions
[534.729s][info][gc,marking     ] GC(1333) Concurrent Scan Root Regions 20.104ms
[534.729s][info][gc,marking     ] GC(1333) Concurrent Mark
[534.729s][info][gc,marking     ] GC(1333) Concurrent Mark From Roots
[534.729s][info][gc,task        ] GC(1333) Using 1 workers of 1 for marking
[534.929s][info][gc,start       ] GC(1334) Pause Young (Normal) (G1 Evacuation Pause)
[534.929s][info][gc,task        ] GC(1334) Using 2 workers of 2 for evacuation
[534.955s][info][gc,phases      ] GC(1334)   Pre Evacuate Collection Set: 0.30ms
[534.955s][info][gc,phases      ] GC(1334)   Merge Heap Roots: 0.12ms
[534.955s][info][gc,phases      ] GC(1334)   Evacuate Collection Set: 24.53ms
[534.955s][info][gc,phases      ] GC(1334)   Post Evacuate Collection Set: 0.40ms
[534.955s][info][gc,phases      ] GC(1334)   Other: 0.12ms
[534.955s][info][gc,heap        ] GC(1334) Eden regions: 96->0(91)
[534.955s][info][gc,heap        ] GC(1334) Survivor regions: 13->9(14)
[534.955s][info][gc,heap        ] GC(1334) Old regions: 797->810
[534.955s][info][gc,heap        ] GC(1334) Humongous regions: 9->9
[534.955s][info][gc,metaspace   ] GC(1334) Metaspace: 19072K(19264K)->19072K(19264K) NonClass: 17243K(17408K)->17243K(17408K) Class: 1829K(1856K)->1829K(1856K)
[534.955s][info][gc             ] GC(1334) Pause Young (Normal) (G1 Evacuation Pause) 914M->827M(978M) 25.758ms
[534.955s][info][gc,cpu         ] GC(1334) User=0.05s Sys=0.00s Real=0.02s
[535.200s][info][gc,start       ] GC(1335) Pause Young (Normal) (G1 Evacuation Pause)
[535.200s][info][gc,task        ] GC(1335) Using 2 workers of 2 for evacuation
[535.228s][info][gc,phases      ] GC(1335)   Pre Evacuate Collection Set: 0.32ms
[535.228s][info][gc,phases      ] GC(1335)   Merge Heap Roots: 0.18ms
[535.228s][info][gc,phases      ] GC(1335)   Evacuate Collection Set: 26.65ms
[535.228s][info][gc,phases      ] GC(1335)   Post Evacuate Collection Set: 0.43ms
[535.228s][info][gc,phases      ] GC(1335)   Other: 0.10ms
[535.228s][info][gc,heap        ] GC(1335) Eden regions: 91->0(72)
[535.228s][info][gc,heap        ] GC(1335) Survivor regions: 9->13(13)
[535.228s][info][gc,heap        ] GC(1335) Old regions: 810->821
[535.228s][info][gc,heap        ] GC(1335) Humongous regions: 9->9
[535.228s][info][gc,metaspace   ] GC(1335) Metaspace: 19072K(19264K)->19072K(19264K) NonClass: 17243K(17408K)->17243K(17408K) Class: 1829K(1856K)->1829K(1856K)
[535.228s][info][gc             ] GC(1335) Pause Young (Normal) (G1 Evacuation Pause) 918M->842M(978M) 27.958ms
[535.228s][info][gc,cpu         ] GC(1335) User=0.06s Sys=0.00s Real=0.03s
[535.329s][info][gc,start       ] GC(1336) Pause Young (Normal) (G1 Evacuation Pause)
[535.329s][info][gc,task        ] GC(1336) Using 2 workers of 2 for evacuation
[535.366s][info][gc,phases      ] GC(1336)   Pre Evacuate Collection Set: 0.31ms
[535.366s][info][gc,phases      ] GC(1336)   Merge Heap Roots: 0.10ms
[535.366s][info][gc,phases      ] GC(1336)   Evacuate Collection Set: 35.60ms
[535.366s][info][gc,phases      ] GC(1336)   Post Evacuate Collection Set: 0.43ms
[535.366s][info][gc,phases      ] GC(1336)   Other: 0.09ms
[535.366s][info][gc,heap        ] GC(1336) Eden regions: 72->0(50)
[535.366s][info][gc,heap        ] GC(1336) Survivor regions: 13->11(11)
[535.366s][info][gc,heap        ] GC(1336) Old regions: 821->847
[535.366s][info][gc,heap        ] GC(1336) Humongous regions: 9->9
[535.366s][info][gc,metaspace   ] GC(1336) Metaspace: 19072K(19264K)->19072K(19264K) NonClass: 17243K(17408K)->17243K(17408K) Class: 1829K(1856K)->1829K(1856K)
[535.366s][info][gc             ] GC(1336) Pause Young (Normal) (G1 Evacuation Pause) 914M->866M(978M) 36.790ms
[535.366s][info][gc,cpu         ] GC(1336) User=0.07s Sys=0.00s Real=0.03s
[535.470s][info][gc,start       ] GC(1337) Pause Young (Normal) (G1 Evacuation Pause)
[535.471s][info][gc,task        ] GC(1337) Using 2 workers of 2 for evacuation
[535.498s][info][gc,phases      ] GC(1337)   Pre Evacuate Collection Set: 0.54ms
[535.498s][info][gc,phases      ] GC(1337)   Merge Heap Roots: 0.23ms
[535.498s][info][gc,phases      ] GC(1337)   Evacuate Collection Set: 25.75ms
[535.498s][info][gc,phases      ] GC(1337)   Post Evacuate Collection Set: 0.41ms
[535.498s][info][gc,phases      ] GC(1337)   Other: 0.09ms
[535.498s][info][gc,heap        ] GC(1337) Eden regions: 50->0(40)
[535.498s][info][gc,heap        ] GC(1337) Survivor regions: 11->8(8)
[535.498s][info][gc,heap        ] GC(1337) Old regions: 847->863
[535.498s][info][gc,heap        ] GC(1337) Humongous regions: 9->9
[535.498s][info][gc,metaspace   ] GC(1337) Metaspace: 19072K(19264K)->19072K(19264K) NonClass: 17243K(17408K)->17243K(17408K) Class: 1829K(1856K)->1829K(1856K)
[535.498s][info][gc             ] GC(1337) Pause Young (Normal) (G1 Evacuation Pause) 916M->879M(978M) 27.308ms
[535.498s][info][gc,cpu         ] GC(1337) User=0.05s Sys=0.00s Real=0.02s
[535.559s][info][gc,start       ] GC(1338) Pause Young (Normal) (G1 Evacuation Pause)
[535.559s][info][gc,task        ] GC(1338) Using 2 workers of 2 for evacuation
[535.582s][info][gc,phases      ] GC(1338)   Pre Evacuate Collection Set: 0.57ms
[535.582s][info][gc,phases      ] GC(1338)   Merge Heap Roots: 0.11ms
[535.583s][info][gc,phases      ] GC(1338)   Evacuate Collection Set: 22.38ms
[535.583s][info][gc,phases      ] GC(1338)   Post Evacuate Collection Set: 0.43ms
[535.583s][info][gc,phases      ] GC(1338)   Other: 0.08ms
[535.583s][info][gc,heap        ] GC(1338) Eden regions: 40->0(42)
[535.583s][info][gc,heap        ] GC(1338) Survivor regions: 8->6(6)
[535.583s][info][gc,heap        ] GC(1338) Old regions: 863->880
[535.583s][info][gc,heap        ] GC(1338) Humongous regions: 9->9
[535.583s][info][gc,metaspace   ] GC(1338) Metaspace: 19072K(19264K)->19072K(19264K) NonClass: 17243K(17408K)->17243K(17408K) Class: 1829K(1856K)->1829K(1856K)
[535.583s][info][gc             ] GC(1338) Pause Young (Normal) (G1 Evacuation Pause) 919M->894M(978M) 23.804ms
[535.583s][info][gc,cpu         ] GC(1338) User=0.05s Sys=0.00s Real=0.02s
[535.737s][info][gc,start       ] GC(1339) Pause Young (Normal) (G1 Evacuation Pause)
[535.738s][info][gc,task        ] GC(1339) Using 2 workers of 2 for evacuation
[535.757s][info][gc,phases      ] GC(1339)   Pre Evacuate Collection Set: 0.30ms
[535.757s][info][gc,phases      ] GC(1339)   Merge Heap Roots: 0.21ms
[535.757s][info][gc,phases      ] GC(1339)   Evacuate Collection Set: 18.82ms
[535.757s][info][gc,phases      ] GC(1339)   Post Evacuate Collection Set: 0.35ms
[535.757s][info][gc,phases      ] GC(1339)   Other: 0.13ms
[535.757s][info][gc,heap        ] GC(1339) Eden regions: 42->0(42)
[535.757s][info][gc,heap        ] GC(1339) Survivor regions: 6->6(6)
[535.757s][info][gc,heap        ] GC(1339) Old regions: 880->889
[535.757s][info][gc,heap        ] GC(1339) Humongous regions: 9->9
[535.757s][info][gc,metaspace   ] GC(1339) Metaspace: 19072K(19264K)->19072K(19264K) NonClass: 17243K(17408K)->17243K(17408K) Class: 1829K(1856K)->1829K(1856K)
[535.758s][info][gc             ] GC(1339) Pause Young (Normal) (G1 Evacuation Pause) 936M->903M(978M) 20.106ms
[535.758s][info][gc,cpu         ] GC(1339) User=0.04s Sys=0.00s Real=0.02s
[535.876s][info][gc,start       ] GC(1340) Pause Young (Normal) (G1 Evacuation Pause)
[535.876s][info][gc,task        ] GC(1340) Using 2 workers of 2 for evacuation
[535.889s][info][gc,phases      ] GC(1340)   Pre Evacuate Collection Set: 0.53ms
[535.889s][info][gc,phases      ] GC(1340)   Merge Heap Roots: 0.14ms
[535.889s][info][gc,phases      ] GC(1340)   Evacuate Collection Set: 11.40ms
[535.889s][info][gc,phases      ] GC(1340)   Post Evacuate Collection Set: 0.34ms
[535.889s][info][gc,phases      ] GC(1340)   Other: 0.12ms
[535.889s][info][gc,heap        ] GC(1340) Eden regions: 42->0(46)
[535.889s][info][gc,heap        ] GC(1340) Survivor regions: 6->2(6)
[535.889s][info][gc,heap        ] GC(1340) Old regions: 889->895
[535.889s][info][gc,heap        ] GC(1340) Humongous regions: 9->9
[535.889s][info][gc,metaspace   ] GC(1340) Metaspace: 19072K(19264K)->19072K(19264K) NonClass: 17243K(17408K)->17243K(17408K) Class: 1829K(1856K)->1829K(1856K)
[535.889s][info][gc             ] GC(1340) Pause Young (Normal) (G1 Evacuation Pause) 945M->905M(978M) 12.787ms
[535.889s][info][gc,cpu         ] GC(1340) User=0.03s Sys=0.00s Real=0.02s
[535.948s][info][gc,start       ] GC(1341) Pause Young (Normal) (G1 Evacuation Pause)
[535.948s][info][gc,task        ] GC(1341) Using 2 workers of 2 for evacuation
[535.955s][info][gc,phases      ] GC(1341)   Pre Evacuate Collection Set: 0.30ms
[535.955s][info][gc,phases      ] GC(1341)   Merge Heap Roots: 0.11ms
[535.955s][info][gc,phases      ] GC(1341)   Evacuate Collection Set: 5.89ms
[535.955s][info][gc,phases      ] GC(1341)   Post Evacuate Collection Set: 0.32ms
[535.955s][info][gc,phases      ] GC(1341)   Other: 0.12ms
[535.955s][info][gc,heap        ] GC(1341) Eden regions: 46->0(45)
[535.955s][info][gc,heap        ] GC(1341) Survivor regions: 2->3(6)
[535.955s][info][gc,heap        ] GC(1341) Old regions: 895->895
[535.955s][info][gc,heap        ] GC(1341) Humongous regions: 9->9
[535.955s][info][gc,metaspace   ] GC(1341) Metaspace: 19072K(19264K)->19072K(19264K) NonClass: 17243K(17408K)->17243K(17408K) Class: 1829K(1856K)->1829K(1856K)
[535.955s][info][gc             ] GC(1341) Pause Young (Normal) (G1 Evacuation Pause) 951M->906M(978M) 7.017ms
[535.955s][info][gc,cpu         ] GC(1341) User=0.01s Sys=0.00s Real=0.00s
[536.056s][info][gc,start       ] GC(1342) Pause Young (Normal) (G1 Evacuation Pause)
[536.056s][info][gc,task        ] GC(1342) Using 2 workers of 2 for evacuation
[536.069s][info][gc,phases      ] GC(1342)   Pre Evacuate Collection Set: 0.30ms
[536.069s][info][gc,phases      ] GC(1342)   Merge Heap Roots: 0.22ms
[536.069s][info][gc,phases      ] GC(1342)   Evacuate Collection Set: 11.79ms
[536.069s][info][gc,phases      ] GC(1342)   Post Evacuate Collection Set: 0.45ms
[536.069s][info][gc,phases      ] GC(1342)   Other: 0.10ms
[536.069s][info][gc,heap        ] GC(1342) Eden regions: 45->0(44)
[536.069s][info][gc,heap        ] GC(1342) Survivor regions: 3->4(6)
[536.069s][info][gc,heap        ] GC(1342) Old regions: 895->895
[536.069s][info][gc,heap        ] GC(1342) Humongous regions: 9->9
[536.069s][info][gc,metaspace   ] GC(1342) Metaspace: 19072K(19264K)->19072K(19264K) NonClass: 17243K(17408K)->17243K(17408K) Class: 1829K(1856K)->1829K(1856K)
[536.069s][info][gc             ] GC(1342) Pause Young (Normal) (G1 Evacuation Pause) 951M->907M(978M) 13.094ms
[536.069s][info][gc,cpu         ] GC(1342) User=0.03s Sys=0.00s Real=0.02s
[536.238s][info][gc,start       ] GC(1343) Pause Young (Normal) (G1 Evacuation Pause)
[536.238s][info][gc,task        ] GC(1343) Using 2 workers of 2 for evacuation
[536.281s][info][gc,phases      ] GC(1343)   Pre Evacuate Collection Set: 0.33ms
[536.281s][info][gc,phases      ] GC(1343)   Merge Heap Roots: 0.32ms
[536.281s][info][gc,phases      ] GC(1343)   Evacuate Collection Set: 41.74ms
[536.281s][info][gc,phases      ] GC(1343)   Post Evacuate Collection Set: 0.44ms
[536.281s][info][gc,phases      ] GC(1343)   Other: 0.08ms
[536.281s][info][gc,heap        ] GC(1343) Eden regions: 44->0(42)
[536.281s][info][gc,heap        ] GC(1343) Survivor regions: 4->6(6)
[536.281s][info][gc,heap        ] GC(1343) Old regions: 895->908
[536.281s][info][gc,heap        ] GC(1343) Humongous regions: 12->12
[536.281s][info][gc,metaspace   ] GC(1343) Metaspace: 19072K(19264K)->19072K(19264K) NonClass: 17243K(17408K)->17243K(17408K) Class: 1829K(1856K)->1829K(1856K)
[536.281s][info][gc             ] GC(1343) Pause Young (Normal) (G1 Evacuation Pause) 954M->925M(978M) 43.163ms
[536.281s][info][gc,cpu         ] GC(1343) User=0.09s Sys=0.00s Real=0.05s
[536.371s][info][gc,start       ] GC(1344) Pause Young (Normal) (G1 Evacuation Pause)
[536.371s][info][gc,task        ] GC(1344) Using 2 workers of 2 for evacuation
[536.415s][info][gc,phases      ] GC(1344)   Pre Evacuate Collection Set: 0.53ms
[536.415s][info][gc,phases      ] GC(1344)   Merge Heap Roots: 0.50ms
[536.415s][info][gc,phases      ] GC(1344)   Evacuate Collection Set: 39.20ms
[536.415s][info][gc,phases      ] GC(1344)   Post Evacuate Collection Set: 3.06ms
[536.415s][info][gc,phases      ] GC(1344)   Other: 0.08ms
[536.415s][info][gc,heap        ] GC(1344) Eden regions: 42->0(15)
[536.415s][info][gc,heap        ] GC(1344) Survivor regions: 6->6(6)
[536.415s][info][gc,heap        ] GC(1344) Old regions: 908->939
[536.415s][info][gc,heap        ] GC(1344) Humongous regions: 12->12
[536.415s][info][gc,metaspace   ] GC(1344) Metaspace: 19072K(19264K)->19072K(19264K) NonClass: 17243K(17408K)->17243K(17408K) Class: 1829K(1856K)->1829K(1856K)
[536.415s][info][gc             ] GC(1344) Pause Young (Normal) (G1 Evacuation Pause) (Evacuation Failure: Allocation) 967M->956M(978M) 43.629ms
[536.415s][info][gc,cpu         ] GC(1344) User=0.07s Sys=0.00s Real=0.04s
[536.446s][info][gc,start       ] GC(1345) Pause Young (Normal) (G1 Evacuation Pause)
[536.446s][info][gc,task        ] GC(1345) Using 2 workers of 2 for evacuation
[536.483s][info][gc,phases      ] GC(1345)   Pre Evacuate Collection Set: 0.38ms
[536.483s][info][gc,phases      ] GC(1345)   Merge Heap Roots: 0.24ms
[536.483s][info][gc,phases      ] GC(1345)   Evacuate Collection Set: 31.80ms
[536.483s][info][gc,phases      ] GC(1345)   Post Evacuate Collection Set: 4.35ms
[536.483s][info][gc,phases      ] GC(1345)   Other: 0.08ms
[536.483s][info][gc,heap        ] GC(1345) Eden regions: 15->0(1)
[536.483s][info][gc,heap        ] GC(1345) Survivor regions: 6->2(3)
[536.483s][info][gc,heap        ] GC(1345) Old regions: 939->961
[536.483s][info][gc,heap        ] GC(1345) Humongous regions: 12->12
[536.483s][info][gc,metaspace   ] GC(1345) Metaspace: 19072K(19264K)->19072K(19264K) NonClass: 17243K(17408K)->17243K(17408K) Class: 1829K(1856K)->1829K(1856K)
[536.483s][info][gc             ] GC(1345) Pause Young (Normal) (G1 Evacuation Pause) (Evacuation Failure: Allocation) 971M->974M(978M) 37.091ms
[536.483s][info][gc,cpu         ] GC(1345) User=0.07s Sys=0.00s Real=0.04s
[536.484s][info][gc,start       ] GC(1346) Pause Young (Normal) (G1 Evacuation Pause)
[536.485s][info][gc,task        ] GC(1346) Using 2 workers of 2 for evacuation
[536.504s][info][gc,phases      ] GC(1346)   Pre Evacuate Collection Set: 0.51ms
[536.504s][info][gc,phases      ] GC(1346)   Merge Heap Roots: 0.16ms
[536.504s][info][gc,phases      ] GC(1346)   Evacuate Collection Set: 15.68ms
[536.504s][info][gc,phases      ] GC(1346)   Post Evacuate Collection Set: 3.29ms
[536.504s][info][gc,phases      ] GC(1346)   Other: 0.11ms
[536.504s][info][gc,heap        ] GC(1346) Eden regions: 1->0(0)
[536.504s][info][gc,heap        ] GC(1346) Survivor regions: 2->1(1)
[536.504s][info][gc,heap        ] GC(1346) Old regions: 961->964
[536.504s][info][gc,heap        ] GC(1346) Humongous regions: 12->12
[536.504s][info][gc,metaspace   ] GC(1346) Metaspace: 19072K(19264K)->19072K(19264K) NonClass: 17243K(17408K)->17243K(17408K) Class: 1829K(1856K)->1829K(1856K)
[536.504s][info][gc             ] GC(1346) Pause Young (Normal) (G1 Evacuation Pause) (Evacuation Failure: Allocation) 975M->976M(978M) 19.959ms
[536.504s][info][gc,cpu         ] GC(1346) User=0.03s Sys=0.00s Real=0.02s
[536.504s][info][gc,ergo        ] Attempting full compaction
[536.504s][info][gc,start       ] GC(1347) Pause Full (G1 Compaction Pause)
[536.505s][info][gc,task        ] GC(1347) Using 2 workers of 2 for full compaction
[536.506s][info][gc,phases,start] GC(1347) Phase 1: Mark live objects
[536.947s][info][metaspace      ] ChkMgr @0x00007f0d1c15e580 (non-class-space): : reclaiming memory...
[536.947s][info][metaspace      ] ChkMgr @0x00007f0d1c15e580 (non-class-space): nothing reclaimed.
[536.947s][info][metaspace      ] ChkMgr @0x00007f0d1c15c690 (class-space): : reclaiming memory...
[536.947s][info][metaspace      ] ChkMgr @0x00007f0d1c15c690 (class-space): nothing reclaimed.
[536.947s][info][gc,phases      ] GC(1347) Phase 1: Mark live objects 441.023ms
[536.947s][info][gc,phases,start] GC(1347) Phase 2: Prepare compaction
[536.966s][info][gc,phases      ] GC(1347) Phase 2: Prepare compaction 18.951ms
[536.966s][info][gc,phases,start] GC(1347) Phase 3: Adjust pointers
[537.123s][info][gc,phases      ] GC(1347) Phase 3: Adjust pointers 156.430ms
[537.123s][info][gc,phases,start] GC(1347) Phase 4: Compact heap
[537.147s][info][gc,phases      ] GC(1347) Phase 4: Compact heap 23.813ms
[537.147s][info][gc,phases,start] GC(1347) Phase 5: Reset Metadata
[537.219s][info][gc,phases      ] GC(1347) Phase 5: Reset Metadata 72.304ms
[537.228s][info][gc,heap        ] GC(1347) Eden regions: 0->0(399)
[537.229s][info][gc,heap        ] GC(1347) Survivor regions: 1->0(1)
[537.229s][info][gc,heap        ] GC(1347) Old regions: 964->470
[537.229s][info][gc,heap        ] GC(1347) Humongous regions: 12->6
[537.229s][info][gc,metaspace   ] GC(1347) Metaspace: 19072K(19264K)->19047K(19264K) NonClass: 17243K(17408K)->17218K(17408K) Class: 1829K(1856K)->1829K(1856K)
[537.229s][info][gc             ] GC(1347) Pause Full (G1 Compaction Pause) 976M->475M(978M) 724.134ms
[537.229s][info][gc,cpu         ] GC(1347) User=1.43s Sys=0.00s Real=0.73s
[537.230s][info][gc,marking     ] GC(1333) Concurrent Mark From Roots 2500.920ms
[537.230s][info][gc,marking     ] GC(1333) Concurrent Mark Abort
[537.230s][info][gc             ] GC(1333) Concurrent Mark Cycle 2521.207ms
[537.677s][info][gc,start       ] GC(1348) Pause Young (Normal) (G1 Evacuation Pause)
[537.678s][info][gc,task        ] GC(1348) Using 2 workers of 2 for evacuation
[537.719s][info][gc,phases      ] GC(1348)   Pre Evacuate Collection Set: 0.51ms
[537.719s][info][gc,phases      ] GC(1348)   Merge Heap Roots: 0.30ms
[537.719s][info][gc,phases      ] GC(1348)   Evacuate Collection Set: 40.14ms
[537.719s][info][gc,phases      ] GC(1348)   Post Evacuate Collection Set: 0.69ms
[537.719s][info][gc,phases      ] GC(1348)   Other: 0.11ms
[537.719s][info][gc,heap        ] GC(1348) Eden regions: 399->0(371)
[537.719s][info][gc,heap        ] GC(1348) Survivor regions: 0->29(50)
[537.719s][info][gc,heap        ] GC(1348) Old regions: 470->470
[537.719s][info][gc,heap        ] GC(1348) Humongous regions: 6->6
[537.719s][info][gc,metaspace   ] GC(1348) Metaspace: 19047K(19264K)->19047K(19264K) NonClass: 17218K(17408K)->17218K(17408K) Class: 1829K(1856K)->1829K(1856K)
[537.719s][info][gc             ] GC(1348) Pause Young (Normal) (G1 Evacuation Pause) 874M->503M(978M) 41.998ms
[537.719s][info][gc,cpu         ] GC(1348) User=0.08s Sys=0.00s Real=0.05s
[538.239s][info][gc,start       ] GC(1349) Pause Young (Concurrent Start) (G1 Evacuation Pause)
[538.239s][info][gc,task        ] GC(1349) Using 2 workers of 2 for evacuation
[538.312s][info][gc,phases      ] GC(1349)   Pre Evacuate Collection Set: 0.35ms
[538.312s][info][gc,phases      ] GC(1349)   Merge Heap Roots: 0.27ms
[538.312s][info][gc,phases      ] GC(1349)   Evacuate Collection Set: 71.35ms
[538.312s][info][gc,phases      ] GC(1349)   Post Evacuate Collection Set: 0.72ms
[538.312s][info][gc,phases      ] GC(1349)   Other: 0.20ms
[538.312s][info][gc,heap        ] GC(1349) Eden regions: 371->0(341)
[538.312s][info][gc,heap        ] GC(1349) Survivor regions: 29->32(50)
[538.312s][info][gc,heap        ] GC(1349) Old regions: 470->499
[538.312s][info][gc,heap        ] GC(1349) Humongous regions: 6->6
[538.312s][info][gc,metaspace   ] GC(1349) Metaspace: 19047K(19264K)->19047K(19264K) NonClass: 17218K(17408K)->17218K(17408K) Class: 1829K(1856K)->1829K(1856K)
[538.312s][info][gc             ] GC(1349) Pause Young (Concurrent Start) (G1 Evacuation Pause) 874M->535M(978M) 73.154ms
[538.312s][info][gc             ] GC(1350) Concurrent Mark Cycle
[538.312s][info][gc,marking     ] GC(1350) Concurrent Scan Root Regions
[538.314s][info][gc,cpu         ] GC(1349) User=0.14s Sys=0.00s Real=0.07s
[538.439s][info][gc,marking     ] GC(1350) Concurrent Scan Root Regions 127.567ms
[538.439s][info][gc,marking     ] GC(1350) Concurrent Mark
[538.439s][info][gc,marking     ] GC(1350) Concurrent Mark From Roots
[538.439s][info][gc,task        ] GC(1350) Using 1 workers of 1 for marking
[539.824s][info][gc,start       ] GC(1351) Pause Young (Normal) (G1 Evacuation Pause)
[539.824s][info][gc,task        ] GC(1351) Using 2 workers of 2 for evacuation
[539.898s][info][gc,phases      ] GC(1351)   Pre Evacuate Collection Set: 0.33ms
[539.898s][info][gc,phases      ] GC(1351)   Merge Heap Roots: 0.58ms
[539.898s][info][gc,phases      ] GC(1351)   Evacuate Collection Set: 72.47ms
[539.898s][info][gc,phases      ] GC(1351)   Post Evacuate Collection Set: 0.72ms
[539.898s][info][gc,phases      ] GC(1351)   Other: 0.12ms
[539.898s][info][gc,heap        ] GC(1351) Eden regions: 341->0(333)
[539.898s][info][gc,heap        ] GC(1351) Survivor regions: 32->19(47)
[539.898s][info][gc,heap        ] GC(1351) Old regions: 499->531
[539.898s][info][gc,heap        ] GC(1351) Humongous regions: 6->6
[539.898s][info][gc,metaspace   ] GC(1351) Metaspace: 19055K(19264K)->19055K(19264K) NonClass: 17226K(17408K)->17226K(17408K) Class: 1829K(1856K)->1829K(1856K)
[539.899s][info][gc             ] GC(1351) Pause Young (Normal) (G1 Evacuation Pause) 876M->554M(978M) 74.487ms
[539.899s][info][gc,cpu         ] GC(1351) User=0.15s Sys=0.00s Real=0.08s
[540.605s][info][gc,marking     ] GC(1350) Concurrent Mark From Roots 2165.798ms
[540.605s][info][gc,marking     ] GC(1350) Concurrent Preclean
[540.605s][info][gc,marking     ] GC(1350) Concurrent Preclean 0.052ms
[540.606s][info][gc,start       ] GC(1350) Pause Remark
[540.615s][info][gc             ] GC(1350) Pause Remark 853M->853M(978M) 9.041ms
[540.615s][info][gc,cpu         ] GC(1350) User=0.02s Sys=0.00s Real=0.01s
[540.615s][info][gc,marking     ] GC(1350) Concurrent Mark 2176.077ms
[540.616s][info][gc,marking     ] GC(1350) Concurrent Rebuild Remembered Sets and Scrub Regions
[540.710s][info][gc,start       ] GC(1352) Pause Young (Normal) (G1 Evacuation Pause)
[540.710s][info][gc,task        ] GC(1352) Using 2 workers of 2 for evacuation
[540.778s][info][gc,phases      ] GC(1352)   Pre Evacuate Collection Set: 0.54ms
[540.778s][info][gc,phases      ] GC(1352)   Merge Heap Roots: 0.18ms
[540.778s][info][gc,phases      ] GC(1352)   Evacuate Collection Set: 67.17ms
[540.778s][info][gc,phases      ] GC(1352)   Post Evacuate Collection Set: 0.68ms
[540.779s][info][gc,phases      ] GC(1352)   Other: 0.12ms
[540.779s][info][gc,heap        ] GC(1352) Eden regions: 333->0(291)
[540.779s][info][gc,heap        ] GC(1352) Survivor regions: 19->44(44)
[540.779s][info][gc,heap        ] GC(1352) Old regions: 531->542
[540.779s][info][gc,heap        ] GC(1352) Humongous regions: 7->7
[540.779s][info][gc,metaspace   ] GC(1352) Metaspace: 19055K(19264K)->19055K(19264K) NonClass: 17226K(17408K)->17226K(17408K) Class: 1829K(1856K)->1829K(1856K)
[540.779s][info][gc             ] GC(1352) Pause Young (Normal) (G1 Evacuation Pause) 888M->591M(978M) 68.949ms
[540.779s][info][gc,cpu         ] GC(1352) User=0.14s Sys=0.00s Real=0.07s
[541.330s][info][gc,marking     ] GC(1350) Concurrent Rebuild Remembered Sets and Scrub Regions 714.920ms
[541.331s][info][gc,start       ] GC(1350) Pause Cleanup
[541.331s][info][gc             ] GC(1350) Pause Cleanup 879M->879M(978M) 0.178ms
[541.331s][info][gc,cpu         ] GC(1350) User=0.00s Sys=0.00s Real=0.00s
[541.331s][info][gc,marking     ] GC(1350) Concurrent Clear Claimed Marks
[541.331s][info][gc,marking     ] GC(1350) Concurrent Clear Claimed Marks 0.043ms
[541.331s][info][gc,marking     ] GC(1350) Concurrent Cleanup for Next Mark
[541.334s][info][gc,marking     ] GC(1350) Concurrent Cleanup for Next Mark 3.438ms
[541.335s][info][gc             ] GC(1350) Concurrent Mark Cycle 3022.803ms
[541.339s][info][gc,start       ] GC(1353) Pause Young (Prepare Mixed) (G1 Evacuation Pause)
[541.339s][info][gc,task        ] GC(1353) Using 2 workers of 2 for evacuation
[541.437s][info][gc,phases      ] GC(1353)   Pre Evacuate Collection Set: 0.41ms
[541.437s][info][gc,phases      ] GC(1353)   Merge Heap Roots: 0.26ms
[541.437s][info][gc,phases      ] GC(1353)   Evacuate Collection Set: 95.91ms
[541.437s][info][gc,phases      ] GC(1353)   Post Evacuate Collection Set: 0.72ms
[541.437s][info][gc,phases      ] GC(1353)   Other: 0.14ms
[541.437s][info][gc,heap        ] GC(1353) Eden regions: 291->0(280)
[541.437s][info][gc,heap        ] GC(1353) Survivor regions: 44->24(42)
[541.437s][info][gc,heap        ] GC(1353) Old regions: 542->586
[541.437s][info][gc,heap        ] GC(1353) Humongous regions: 7->7
[541.437s][info][gc,metaspace   ] GC(1353) Metaspace: 19055K(19264K)->19055K(19264K) NonClass: 17226K(17408K)->17226K(17408K) Class: 1829K(1856K)->1829K(1856K)
[541.437s][info][gc             ] GC(1353) Pause Young (Prepare Mixed) (G1 Evacuation Pause) 882M->615M(978M) 97.723ms
[541.437s][info][gc,cpu         ] GC(1353) User=0.19s Sys=0.00s Real=0.09s
[541.967s][info][gc,start       ] GC(1354) Pause Young (Mixed) (G1 Evacuation Pause)
[541.968s][info][gc,task        ] GC(1354) Using 2 workers of 2 for evacuation
[542.018s][info][gc,phases      ] GC(1354)   Pre Evacuate Collection Set: 0.32ms
[542.018s][info][gc,phases      ] GC(1354)   Merge Heap Roots: 0.22ms
[542.018s][info][gc,phases      ] GC(1354)   Evacuate Collection Set: 49.45ms
[542.018s][info][gc,phases      ] GC(1354)   Post Evacuate Collection Set: 0.58ms
[542.018s][info][gc,phases      ] GC(1354)   Other: 0.15ms
[542.018s][info][gc,heap        ] GC(1354) Eden regions: 280->0(268)
[542.018s][info][gc,heap        ] GC(1354) Survivor regions: 24->18(38)
[542.018s][info][gc,heap        ] GC(1354) Old regions: 586->609
[542.018s][info][gc,heap        ] GC(1354) Humongous regions: 7->7
[542.018s][info][gc,metaspace   ] GC(1354) Metaspace: 19055K(19264K)->19055K(19264K) NonClass: 17226K(17408K)->17226K(17408K) Class: 1829K(1856K)->1829K(1856K)
[542.018s][info][gc             ] GC(1354) Pause Young (Mixed) (G1 Evacuation Pause) 895M->633M(978M) 50.980ms
[542.018s][info][gc,cpu         ] GC(1354) User=0.10s Sys=0.00s Real=0.06s
[542.732s][info][gc,start       ] GC(1355) Pause Young (Concurrent Start) (G1 Evacuation Pause)
[542.732s][info][gc,task        ] GC(1355) Using 2 workers of 2 for evacuation
[542.765s][info][gc,phases      ] GC(1355)   Pre Evacuate Collection Set: 0.40ms
[542.765s][info][gc,phases      ] GC(1355)   Merge Heap Roots: 0.43ms
[542.765s][info][gc,phases      ] GC(1355)   Evacuate Collection Set: 31.60ms
[542.765s][info][gc,phases      ] GC(1355)   Post Evacuate Collection Set: 0.56ms
[542.765s][info][gc,phases      ] GC(1355)   Other: 0.23ms
[542.765s][info][gc,heap        ] GC(1355) Eden regions: 268->0(276)
[542.765s][info][gc,heap        ] GC(1355) Survivor regions: 18->18(36)
[542.765s][info][gc,heap        ] GC(1355) Old regions: 609->609
[542.765s][info][gc,heap        ] GC(1355) Humongous regions: 7->7
[542.765s][info][gc,metaspace   ] GC(1355) Metaspace: 19055K(19264K)->19055K(19264K) NonClass: 17226K(17408K)->17226K(17408K) Class: 1829K(1856K)->1829K(1856K)
[542.765s][info][gc             ] GC(1355) Pause Young (Concurrent Start) (G1 Evacuation Pause) 901M->633M(978M) 33.512ms
[542.765s][info][gc,cpu         ] GC(1355) User=0.06s Sys=0.01s Real=0.03s
[542.765s][info][gc             ] GC(1356) Concurrent Mark Cycle
[542.765s][info][gc,marking     ] GC(1356) Concurrent Scan Root Regions
[542.804s][info][gc,marking     ] GC(1356) Concurrent Scan Root Regions 38.664ms
[542.804s][info][gc,marking     ] GC(1356) Concurrent Mark
[542.804s][info][gc,marking     ] GC(1356) Concurrent Mark From Roots
[542.804s][info][gc,task        ] GC(1356) Using 1 workers of 1 for marking
[543.422s][info][gc,start       ] GC(1357) Pause Young (Normal) (G1 Evacuation Pause)
[543.422s][info][gc,task        ] GC(1357) Using 2 workers of 2 for evacuation
[543.531s][info][gc,phases      ] GC(1357)   Pre Evacuate Collection Set: 0.52ms
[543.531s][info][gc,phases      ] GC(1357)   Merge Heap Roots: 0.67ms
[543.531s][info][gc,phases      ] GC(1357)   Evacuate Collection Set: 99.73ms
[543.531s][info][gc,phases      ] GC(1357)   Post Evacuate Collection Set: 7.40ms
[543.531s][info][gc,phases      ] GC(1357)   Other: 0.09ms
[543.531s][info][gc,heap        ] GC(1357) Eden regions: 276->0(128)
[543.531s][info][gc,heap        ] GC(1357) Survivor regions: 18->37(37)
[543.531s][info][gc,heap        ] GC(1357) Old regions: 609->719
[543.531s][info][gc,heap        ] GC(1357) Humongous regions: 7->7
[543.531s][info][gc,metaspace   ] GC(1357) Metaspace: 19057K(19264K)->19057K(19264K) NonClass: 17227K(17408K)->17227K(17408K) Class: 1829K(1856K)->1829K(1856K)
[543.531s][info][gc             ] GC(1357) Pause Young (Normal) (G1 Evacuation Pause) (Evacuation Failure: Allocation) 909M->762M(978M) 108.693ms
[543.531s][info][gc,cpu         ] GC(1357) User=0.22s Sys=0.00s Real=0.11s
[543.873s][info][gc,start       ] GC(1358) Pause Young (Normal) (G1 Evacuation Pause)
[543.873s][info][gc,task        ] GC(1358) Using 2 workers of 2 for evacuation
[543.948s][info][gc,phases      ] GC(1358)   Pre Evacuate Collection Set: 0.40ms
[543.948s][info][gc,phases      ] GC(1358)   Merge Heap Roots: 0.55ms
[543.948s][info][gc,phases      ] GC(1358)   Evacuate Collection Set: 73.22ms
[543.948s][info][gc,phases      ] GC(1358)   Post Evacuate Collection Set: 0.59ms
[543.948s][info][gc,phases      ] GC(1358)   Other: 0.09ms
[543.948s][info][gc,heap        ] GC(1358) Eden regions: 128->0(197)
[543.948s][info][gc,heap        ] GC(1358) Survivor regions: 37->4(21)
[543.948s][info][gc,heap        ] GC(1358) Old regions: 719->698
[543.948s][info][gc,heap        ] GC(1358) Humongous regions: 7->7
[543.948s][info][gc,metaspace   ] GC(1358) Metaspace: 19057K(19264K)->19057K(19264K) NonClass: 17227K(17408K)->17227K(17408K) Class: 1829K(1856K)->1829K(1856K)
[543.948s][info][gc             ] GC(1358) Pause Young (Normal) (G1 Evacuation Pause) 890M->708M(978M) 75.175ms
[543.948s][info][gc,cpu         ] GC(1358) User=0.15s Sys=0.00s Real=0.08s
[544.262s][info][gc,start       ] GC(1359) Pause Young (Normal) (G1 Evacuation Pause)
[544.262s][info][gc,task        ] GC(1359) Using 2 workers of 2 for evacuation
[544.364s][info][gc,phases      ] GC(1359)   Pre Evacuate Collection Set: 0.30ms
[544.364s][info][gc,phases      ] GC(1359)   Merge Heap Roots: 0.36ms
[544.364s][info][gc,phases      ] GC(1359)   Evacuate Collection Set: 98.10ms
[544.364s][info][gc,phases      ] GC(1359)   Post Evacuate Collection Set: 3.32ms
[544.364s][info][gc,phases      ] GC(1359)   Other: 0.09ms
[544.364s][info][gc,heap        ] GC(1359) Eden regions: 197->0(97)
[544.364s][info][gc,heap        ] GC(1359) Survivor regions: 4->26(26)
[544.364s][info][gc,heap        ] GC(1359) Old regions: 698->769
[544.364s][info][gc,heap        ] GC(1359) Humongous regions: 10->10
[544.364s][info][gc,metaspace   ] GC(1359) Metaspace: 19057K(19264K)->19057K(19264K) NonClass: 17228K(17408K)->17228K(17408K) Class: 1829K(1856K)->1829K(1856K)
[544.364s][info][gc             ] GC(1359) Pause Young (Normal) (G1 Evacuation Pause) (Evacuation Failure: Allocation) 908M->804M(978M) 102.435ms
[544.364s][info][gc,cpu         ] GC(1359) User=0.20s Sys=0.00s Real=0.10s
[544.657s][info][gc,start       ] GC(1360) Pause Young (Normal) (G1 Evacuation Pause)
[544.657s][info][gc,task        ] GC(1360) Using 2 workers of 2 for evacuation
[544.744s][info][gc,phases      ] GC(1360)   Pre Evacuate Collection Set: 0.32ms
[544.744s][info][gc,phases      ] GC(1360)   Merge Heap Roots: 0.66ms
[544.744s][info][gc,phases      ] GC(1360)   Evacuate Collection Set: 86.09ms
[544.744s][info][gc,phases      ] GC(1360)   Post Evacuate Collection Set: 0.48ms
[544.744s][info][gc,phases      ] GC(1360)   Other: 0.09ms
[544.744s][info][gc,heap        ] GC(1360) Eden regions: 97->0(110)
[544.744s][info][gc,heap        ] GC(1360) Survivor regions: 26->16(16)
[544.744s][info][gc,heap        ] GC(1360) Old regions: 769->776
[544.744s][info][gc,heap        ] GC(1360) Humongous regions: 10->10
[544.744s][info][gc,metaspace   ] GC(1360) Metaspace: 19057K(19264K)->19057K(19264K) NonClass: 17228K(17408K)->17228K(17408K) Class: 1829K(1856K)->1829K(1856K)
[544.744s][info][gc             ] GC(1360) Pause Young (Normal) (G1 Evacuation Pause) 901M->801M(978M) 87.888ms
[544.744s][info][gc,cpu         ] GC(1360) User=0.17s Sys=0.00s Real=0.09s
[544.885s][info][gc,marking     ] GC(1356) Concurrent Mark From Roots 2080.964ms
[544.885s][info][gc,marking     ] GC(1356) Concurrent Preclean
[544.885s][info][gc,marking     ] GC(1356) Concurrent Preclean 0.059ms
[544.885s][info][gc,start       ] GC(1356) Pause Remark
[544.894s][info][gc             ] GC(1356) Pause Remark 886M->766M(978M) 8.944ms
[544.894s][info][gc,cpu         ] GC(1356) User=0.02s Sys=0.00s Real=0.01s
[544.894s][info][gc,marking     ] GC(1356) Concurrent Mark 2090.313ms
[544.894s][info][gc,marking     ] GC(1356) Concurrent Rebuild Remembered Sets and Scrub Regions
[544.950s][info][gc,start       ] GC(1361) Pause Young (Normal) (G1 Evacuation Pause)
[544.950s][info][gc,task        ] GC(1361) Using 2 workers of 2 for evacuation
[544.978s][info][gc,phases      ] GC(1361)   Pre Evacuate Collection Set: 0.30ms
[544.978s][info][gc,phases      ] GC(1361)   Merge Heap Roots: 0.24ms
[544.978s][info][gc,phases      ] GC(1361)   Evacuate Collection Set: 26.16ms
[544.978s][info][gc,phases      ] GC(1361)   Post Evacuate Collection Set: 0.39ms
[544.978s][info][gc,phases      ] GC(1361)   Other: 0.10ms
[544.978s][info][gc,heap        ] GC(1361) Eden regions: 110->0(195)
[544.978s][info][gc,heap        ] GC(1361) Survivor regions: 16->2(16)
[544.978s][info][gc,heap        ] GC(1361) Old regions: 658->674
[544.978s][info][gc,heap        ] GC(1361) Humongous regions: 8->8
[544.978s][info][gc,metaspace   ] GC(1361) Metaspace: 19057K(19264K)->19057K(19264K) NonClass: 17228K(17408K)->17228K(17408K) Class: 1829K(1856K)->1829K(1856K)
[544.978s][info][gc             ] GC(1361) Pause Young (Normal) (G1 Evacuation Pause) 791M->683M(978M) 27.471ms
[544.978s][info][gc,cpu         ] GC(1361) User=0.05s Sys=0.00s Real=0.02s
[545.455s][info][gc,start       ] GC(1362) Pause Young (Normal) (G1 Evacuation Pause)
[545.455s][info][gc,task        ] GC(1362) Using 2 workers of 2 for evacuation
[545.497s][info][gc,phases      ] GC(1362)   Pre Evacuate Collection Set: 0.55ms
[545.497s][info][gc,phases      ] GC(1362)   Merge Heap Roots: 0.50ms
[545.497s][info][gc,phases      ] GC(1362)   Evacuate Collection Set: 39.82ms
[545.497s][info][gc,phases      ] GC(1362)   Post Evacuate Collection Set: 0.56ms
[545.497s][info][gc,phases      ] GC(1362)   Other: 0.11ms
[545.497s][info][gc,heap        ] GC(1362) Eden regions: 195->0(185)
[545.497s][info][gc,heap        ] GC(1362) Survivor regions: 2->20(25)
[545.497s][info][gc,heap        ] GC(1362) Old regions: 674->674
[545.497s][info][gc,heap        ] GC(1362) Humongous regions: 11->11
[545.497s][info][gc,metaspace   ] GC(1362) Metaspace: 19057K(19264K)->19057K(19264K) NonClass: 17228K(17408K)->17228K(17408K) Class: 1829K(1856K)->1829K(1856K)
[545.497s][info][gc             ] GC(1362) Pause Young (Normal) (G1 Evacuation Pause) 881M->704M(978M) 41.811ms
[545.497s][info][gc,cpu         ] GC(1362) User=0.08s Sys=0.00s Real=0.04s
[545.571s][info][gc,marking     ] GC(1356) Concurrent Rebuild Remembered Sets and Scrub Regions 676.462ms
[545.571s][info][gc,start       ] GC(1356) Pause Cleanup
[545.571s][info][gc             ] GC(1356) Pause Cleanup 727M->727M(978M) 0.144ms
[545.571s][info][gc,cpu         ] GC(1356) User=0.00s Sys=0.00s Real=0.00s
[545.571s][info][gc,marking     ] GC(1356) Concurrent Clear Claimed Marks
[545.571s][info][gc,marking     ] GC(1356) Concurrent Clear Claimed Marks 0.031ms
[545.571s][info][gc,marking     ] GC(1356) Concurrent Cleanup for Next Mark
[545.574s][info][gc,marking     ] GC(1356) Concurrent Cleanup for Next Mark 2.971ms
[545.574s][info][gc             ] GC(1356) Concurrent Mark Cycle 2808.973ms
[545.852s][info][gc,start       ] GC(1363) Pause Young (Prepare Mixed) (G1 Evacuation Pause)
[545.852s][info][gc,task        ] GC(1363) Using 2 workers of 2 for evacuation
[545.892s][info][gc,phases      ] GC(1363)   Pre Evacuate Collection Set: 0.53ms
[545.892s][info][gc,phases      ] GC(1363)   Merge Heap Roots: 0.31ms
[545.892s][info][gc,phases      ] GC(1363)   Evacuate Collection Set: 38.49ms
[545.892s][info][gc,phases      ] GC(1363)   Post Evacuate Collection Set: 0.50ms
[545.892s][info][gc,phases      ] GC(1363)   Other: 0.12ms
[545.892s][info][gc,heap        ] GC(1363) Eden regions: 185->0(199)
[545.892s][info][gc,heap        ] GC(1363) Survivor regions: 20->1(26)
[545.892s][info][gc,heap        ] GC(1363) Old regions: 674->694
[545.892s][info][gc,heap        ] GC(1363) Humongous regions: 11->11
[545.892s][info][gc,metaspace   ] GC(1363) Metaspace: 19057K(19264K)->19057K(19264K) NonClass: 17228K(17408K)->17228K(17408K) Class: 1829K(1856K)->1829K(1856K)
[545.892s][info][gc             ] GC(1363) Pause Young (Prepare Mixed) (G1 Evacuation Pause) 889M->705M(978M) 40.215ms
[545.892s][info][gc,cpu         ] GC(1363) User=0.08s Sys=0.00s Real=0.04s
[546.219s][info][gc,start       ] GC(1364) Pause Young (Mixed) (G1 Evacuation Pause)
[546.219s][info][gc,task        ] GC(1364) Using 2 workers of 2 for evacuation
[546.220s][info][gc,phases      ] GC(1364)   Pre Evacuate Collection Set: 0.56ms
[546.220s][info][gc,phases      ] GC(1364)   Merge Heap Roots: 0.10ms
[546.220s][info][gc,phases      ] GC(1364)   Evacuate Collection Set: 0.32ms
[546.221s][info][gc,phases      ] GC(1364)   Post Evacuate Collection Set: 0.43ms
[546.221s][info][gc,phases      ] GC(1364)   Other: 0.10ms
[546.221s][info][gc,heap        ] GC(1364) Eden regions: 199->0(221)
[546.221s][info][gc,heap        ] GC(1364) Survivor regions: 1->1(25)
[546.221s][info][gc,heap        ] GC(1364) Old regions: 694->684
[546.221s][info][gc,heap        ] GC(1364) Humongous regions: 11->11
[546.221s][info][gc,metaspace   ] GC(1364) Metaspace: 19057K(19264K)->19057K(19264K) NonClass: 17228K(17408K)->17228K(17408K) Class: 1829K(1856K)->1829K(1856K)
[546.221s][info][gc             ] GC(1364) Pause Young (Mixed) (G1 Evacuation Pause) 904M->695M(978M) 1.768ms
[546.221s][info][gc,cpu         ] GC(1364) User=0.00s Sys=0.00s Real=0.00s
[546.591s][info][gc,start       ] GC(1365) Pause Young (Concurrent Start) (G1 Evacuation Pause)
[546.591s][info][gc,task        ] GC(1365) Using 2 workers of 2 for evacuation
[546.593s][info][gc,phases      ] GC(1365)   Pre Evacuate Collection Set: 0.35ms
[546.593s][info][gc,phases      ] GC(1365)   Merge Heap Roots: 0.08ms
[546.593s][info][gc,phases      ] GC(1365)   Evacuate Collection Set: 0.60ms
[546.593s][info][gc,phases      ] GC(1365)   Post Evacuate Collection Set: 0.45ms
[546.593s][info][gc,phases      ] GC(1365)   Other: 0.13ms
[546.593s][info][gc,heap        ] GC(1365) Eden regions: 221->0(231)
[546.593s][info][gc,heap        ] GC(1365) Survivor regions: 1->1(28)
[546.593s][info][gc,heap        ] GC(1365) Old regions: 684->684
[546.593s][info][gc,heap        ] GC(1365) Humongous regions: 11->11
[546.593s][info][gc,metaspace   ] GC(1365) Metaspace: 19057K(19264K)->19057K(19264K) NonClass: 17228K(17408K)->17228K(17408K) Class: 1829K(1856K)->1829K(1856K)
[546.593s][info][gc             ] GC(1365) Pause Young (Concurrent Start) (G1 Evacuation Pause) 916M->695M(978M) 1.838ms
[546.593s][info][gc,cpu         ] GC(1365) User=0.01s Sys=0.00s Real=0.00s
[546.593s][info][gc             ] GC(1366) Concurrent Mark Cycle
[546.593s][info][gc,marking     ] GC(1366) Concurrent Scan Root Regions
[546.593s][info][gc,marking     ] GC(1366) Concurrent Scan Root Regions 0.259ms
[546.593s][info][gc,marking     ] GC(1366) Concurrent Mark
[546.593s][info][gc,marking     ] GC(1366) Concurrent Mark From Roots
[546.593s][info][gc,task        ] GC(1366) Using 1 workers of 1 for marking
[547.576s][info][gc,start       ] GC(1367) Pause Young (Normal) (G1 Evacuation Pause)
[547.576s][info][gc,task        ] GC(1367) Using 2 workers of 2 for evacuation
[547.578s][info][gc,phases      ] GC(1367)   Pre Evacuate Collection Set: 0.33ms
[547.578s][info][gc,phases      ] GC(1367)   Merge Heap Roots: 0.09ms
[547.578s][info][gc,phases      ] GC(1367)   Evacuate Collection Set: 0.30ms
[547.578s][info][gc,phases      ] GC(1367)   Post Evacuate Collection Set: 0.41ms
[547.578s][info][gc,phases      ] GC(1367)   Other: 0.10ms
[547.578s][info][gc,heap        ] GC(1367) Eden regions: 231->0(231)
[547.578s][info][gc,heap        ] GC(1367) Survivor regions: 1->1(29)
[547.578s][info][gc,heap        ] GC(1367) Old regions: 684->684
[547.578s][info][gc,heap        ] GC(1367) Humongous regions: 11->11
[547.578s][info][gc,metaspace   ] GC(1367) Metaspace: 19057K(19264K)->19057K(19264K) NonClass: 17228K(17408K)->17228K(17408K) Class: 1829K(1856K)->1829K(1856K)
[547.578s][info][gc             ] GC(1367) Pause Young (Normal) (G1 Evacuation Pause) 926M->694M(978M) 1.438ms
[547.578s][info][gc,cpu         ] GC(1367) User=0.00s Sys=0.00s Real=0.00s
[548.265s][info][gc,marking     ] GC(1366) Concurrent Mark From Roots 1672.063ms
[548.265s][info][gc,marking     ] GC(1366) Concurrent Preclean
[548.265s][info][gc,marking     ] GC(1366) Concurrent Preclean 0.046ms
[548.265s][info][gc,start       ] GC(1366) Pause Remark
[548.275s][info][gc             ] GC(1366) Pause Remark 877M->733M(978M) 9.086ms
[548.275s][info][gc,cpu         ] GC(1366) User=0.02s Sys=0.00s Real=0.01s
[548.276s][info][gc,marking     ] GC(1366) Concurrent Mark 1683.098ms
[548.276s][info][gc,marking     ] GC(1366) Concurrent Rebuild Remembered Sets and Scrub Regions
[548.403s][info][gc,start       ] GC(1368) Pause Young (Normal) (G1 Evacuation Pause)
[548.403s][info][gc,task        ] GC(1368) Using 2 workers of 2 for evacuation
[548.404s][info][gc,phases      ] GC(1368)   Pre Evacuate Collection Set: 0.31ms
[548.404s][info][gc,phases      ] GC(1368)   Merge Heap Roots: 0.08ms
[548.404s][info][gc,phases      ] GC(1368)   Evacuate Collection Set: 0.24ms
[548.404s][info][gc,phases      ] GC(1368)   Post Evacuate Collection Set: 0.39ms
[548.404s][info][gc,phases      ] GC(1368)   Other: 0.08ms
[548.404s][info][gc,heap        ] GC(1368) Eden regions: 231->0(375)
[548.404s][info][gc,heap        ] GC(1368) Survivor regions: 1->1(29)
[548.404s][info][gc,heap        ] GC(1368) Old regions: 544->544
[548.404s][info][gc,heap        ] GC(1368) Humongous regions: 7->7
[548.404s][info][gc,metaspace   ] GC(1368) Metaspace: 19057K(19264K)->19057K(19264K) NonClass: 17228K(17408K)->17228K(17408K) Class: 1829K(1856K)->1829K(1856K)
[548.404s][info][gc             ] GC(1368) Pause Young (Normal) (G1 Evacuation Pause) 781M->550M(978M) 1.320ms
[548.404s][info][gc,cpu         ] GC(1368) User=0.00s Sys=0.00s Real=0.00s
[548.755s][info][gc,marking     ] GC(1366) Concurrent Rebuild Remembered Sets and Scrub Regions 478.729ms
[548.755s][info][gc,start       ] GC(1366) Pause Cleanup
[548.755s][info][gc             ] GC(1366) Pause Cleanup 735M->735M(978M) 0.134ms
[548.755s][info][gc,cpu         ] GC(1366) User=0.00s Sys=0.00s Real=0.00s
[548.755s][info][gc,marking     ] GC(1366) Concurrent Clear Claimed Marks
[548.755s][info][gc,marking     ] GC(1366) Concurrent Clear Claimed Marks 0.030ms
[548.755s][info][gc,marking     ] GC(1366) Concurrent Cleanup for Next Mark
[548.758s][info][gc,marking     ] GC(1366) Concurrent Cleanup for Next Mark 3.015ms
[548.758s][info][gc             ] GC(1366) Concurrent Mark Cycle 2165.667ms
[548.948s][info][gc,start       ] GC(1369) Pause Young (Prepare Mixed) (G1 Evacuation Pause)
[548.948s][info][gc,task        ] GC(1369) Using 2 workers of 2 for evacuation
[548.997s][info][gc,phases      ] GC(1369)   Pre Evacuate Collection Set: 0.32ms
[548.997s][info][gc,phases      ] GC(1369)   Merge Heap Roots: 0.24ms
[548.997s][info][gc,phases      ] GC(1369)   Evacuate Collection Set: 47.53ms
[548.997s][info][gc,phases      ] GC(1369)   Post Evacuate Collection Set: 0.68ms
[548.997s][info][gc,phases      ] GC(1369)   Other: 0.11ms
[548.997s][info][gc,heap        ] GC(1369) Eden regions: 375->0(303)
[548.997s][info][gc,heap        ] GC(1369) Survivor regions: 1->37(47)
[548.997s][info][gc,heap        ] GC(1369) Old regions: 544->544
[548.997s][info][gc,heap        ] GC(1369) Humongous regions: 7->7
[548.997s][info][gc,metaspace   ] GC(1369) Metaspace: 19057K(19264K)->19057K(19264K) NonClass: 17228K(17408K)->17228K(17408K) Class: 1829K(1856K)->1829K(1856K)
[548.997s][info][gc             ] GC(1369) Pause Young (Prepare Mixed) (G1 Evacuation Pause) 925M->587M(978M) 49.125ms
[548.997s][info][gc,cpu         ] GC(1369) User=0.10s Sys=0.00s Real=0.05s
[549.272s][info][gc,start       ] GC(1370) Pause Young (Mixed) (G1 Evacuation Pause)
[549.272s][info][gc,task        ] GC(1370) Using 2 workers of 2 for evacuation
[549.339s][info][gc,phases      ] GC(1370)   Pre Evacuate Collection Set: 0.59ms
[549.339s][info][gc,phases      ] GC(1370)   Merge Heap Roots: 0.31ms
[549.339s][info][gc,phases      ] GC(1370)   Evacuate Collection Set: 65.17ms
[549.339s][info][gc,phases      ] GC(1370)   Post Evacuate Collection Set: 0.65ms
[549.339s][info][gc,phases      ] GC(1370)   Other: 0.10ms
[549.339s][info][gc,heap        ] GC(1370) Eden regions: 303->0(329)
[549.339s][info][gc,heap        ] GC(1370) Survivor regions: 37->18(43)
[549.339s][info][gc,heap        ] GC(1370) Old regions: 544->552
[549.339s][info][gc,heap        ] GC(1370) Humongous regions: 7->7
[549.339s][info][gc,metaspace   ] GC(1370) Metaspace: 19057K(19264K)->19057K(19264K) NonClass: 17228K(17408K)->17228K(17408K) Class: 1829K(1856K)->1829K(1856K)
[549.339s][info][gc             ] GC(1370) Pause Young (Mixed) (G1 Evacuation Pause) 890M->576M(978M) 67.111ms
[549.339s][info][gc,cpu         ] GC(1370) User=0.14s Sys=0.00s Real=0.07s
[549.592s][info][gc,start       ] GC(1371) Pause Young (Concurrent Start) (G1 Evacuation Pause)
[549.592s][info][gc,task        ] GC(1371) Using 2 workers of 2 for evacuation
[549.659s][info][gc,phases      ] GC(1371)   Pre Evacuate Collection Set: 0.30ms
[549.659s][info][gc,phases      ] GC(1371)   Merge Heap Roots: 0.26ms
[549.659s][info][gc,phases      ] GC(1371)   Evacuate Collection Set: 65.17ms
[549.659s][info][gc,phases      ] GC(1371)   Post Evacuate Collection Set: 0.66ms
[549.659s][info][gc,phases      ] GC(1371)   Other: 0.15ms
[549.659s][info][gc,heap        ] GC(1371) Eden regions: 329->0(273)
[549.659s][info][gc,heap        ] GC(1371) Survivor regions: 18->44(44)
[549.659s][info][gc,heap        ] GC(1371) Old regions: 552->560
[549.659s][info][gc,heap        ] GC(1371) Humongous regions: 7->7
[549.659s][info][gc,metaspace   ] GC(1371) Metaspace: 19057K(19264K)->19057K(19264K) NonClass: 17228K(17408K)->17228K(17408K) Class: 1829K(1856K)->1829K(1856K)
[549.659s][info][gc             ] GC(1371) Pause Young (Concurrent Start) (G1 Evacuation Pause) 905M->610M(978M) 66.791ms
[549.659s][info][gc,cpu         ] GC(1371) User=0.13s Sys=0.00s Real=0.07s
[549.659s][info][gc             ] GC(1372) Concurrent Mark Cycle
[549.659s][info][gc,marking     ] GC(1372) Concurrent Scan Root Regions
[549.772s][info][gc,marking     ] GC(1372) Concurrent Scan Root Regions 113.118ms
[549.772s][info][gc,marking     ] GC(1372) Concurrent Mark
[549.772s][info][gc,marking     ] GC(1372) Concurrent Mark From Roots
[549.772s][info][gc,task        ] GC(1372) Using 1 workers of 1 for marking
[550.068s][info][gc,start       ] GC(1373) Pause Young (Normal) (G1 Evacuation Pause)
[550.068s][info][gc,task        ] GC(1373) Using 2 workers of 2 for evacuation
[550.144s][info][gc,phases      ] GC(1373)   Pre Evacuate Collection Set: 0.33ms
[550.144s][info][gc,phases      ] GC(1373)   Merge Heap Roots: 0.37ms
[550.144s][info][gc,phases      ] GC(1373)   Evacuate Collection Set: 75.25ms
[550.144s][info][gc,phases      ] GC(1373)   Post Evacuate Collection Set: 0.60ms
[550.144s][info][gc,phases      ] GC(1373)   Other: 0.11ms
[550.144s][info][gc,heap        ] GC(1373) Eden regions: 273->0(278)
[550.144s][info][gc,heap        ] GC(1373) Survivor regions: 44->18(40)
[550.144s][info][gc,heap        ] GC(1373) Old regions: 560->604
[550.144s][info][gc,heap        ] GC(1373) Humongous regions: 7->7
[550.144s][info][gc,metaspace   ] GC(1373) Metaspace: 19057K(19264K)->19057K(19264K) NonClass: 17228K(17408K)->17228K(17408K) Class: 1829K(1856K)->1829K(1856K)
[550.144s][info][gc             ] GC(1373) Pause Young (Normal) (G1 Evacuation Pause) 883M->628M(978M) 76.908ms
[550.144s][info][gc,cpu         ] GC(1373) User=0.15s Sys=0.01s Real=0.08s
[550.740s][info][gc,start       ] GC(1374) Pause Young (Normal) (G1 Evacuation Pause)
[550.740s][info][gc,task        ] GC(1374) Using 2 workers of 2 for evacuation
[550.791s][info][gc,phases      ] GC(1374)   Pre Evacuate Collection Set: 0.35ms
[550.791s][info][gc,phases      ] GC(1374)   Merge Heap Roots: 0.23ms
[550.791s][info][gc,phases      ] GC(1374)   Evacuate Collection Set: 49.44ms
[550.791s][info][gc,phases      ] GC(1374)   Post Evacuate Collection Set: 0.60ms
[550.791s][info][gc,phases      ] GC(1374)   Other: 0.09ms
[550.791s][info][gc,heap        ] GC(1374) Eden regions: 278->0(239)
[550.791s][info][gc,heap        ] GC(1374) Survivor regions: 18->37(37)
[550.791s][info][gc,heap        ] GC(1374) Old regions: 604->608
[550.791s][info][gc,heap        ] GC(1374) Humongous regions: 7->7
[550.791s][info][gc,metaspace   ] GC(1374) Metaspace: 19057K(19264K)->19057K(19264K) NonClass: 17228K(17408K)->17228K(17408K) Class: 1829K(1856K)->1829K(1856K)
[550.791s][info][gc             ] GC(1374) Pause Young (Normal) (G1 Evacuation Pause) 906M->651M(978M) 50.973ms
[550.791s][info][gc,cpu         ] GC(1374) User=0.10s Sys=0.00s Real=0.05s
[551.650s][info][gc,marking     ] GC(1372) Concurrent Mark From Roots 1878.177ms
[551.651s][info][gc,marking     ] GC(1372) Concurrent Preclean
[551.651s][info][gc,marking     ] GC(1372) Concurrent Preclean 0.044ms
[551.651s][info][gc,start       ] GC(1372) Pause Remark
[551.660s][info][gc             ] GC(1372) Pause Remark 858M->858M(978M) 8.859ms
[551.660s][info][gc,cpu         ] GC(1372) User=0.02s Sys=0.00s Real=0.01s
[551.660s][info][gc,marking     ] GC(1372) Concurrent Mark 1887.403ms
[551.660s][info][gc,marking     ] GC(1372) Concurrent Rebuild Remembered Sets and Scrub Regions
[551.794s][info][gc,start       ] GC(1375) Pause Young (Normal) (G1 Evacuation Pause)
[551.795s][info][gc,task        ] GC(1375) Using 2 workers of 2 for evacuation
[551.850s][info][gc,phases      ] GC(1375)   Pre Evacuate Collection Set: 0.49ms
[551.850s][info][gc,phases      ] GC(1375)   Merge Heap Roots: 0.36ms
[551.850s][info][gc,phases      ] GC(1375)   Evacuate Collection Set: 54.23ms
[551.850s][info][gc,phases      ] GC(1375)   Post Evacuate Collection Set: 0.50ms
[551.850s][info][gc,phases      ] GC(1375)   Other: 0.11ms
[551.850s][info][gc,heap        ] GC(1375) Eden regions: 239->0(259)
[551.850s][info][gc,heap        ] GC(1375) Survivor regions: 37->6(35)
[551.850s][info][gc,heap        ] GC(1375) Old regions: 608->645
[551.850s][info][gc,heap        ] GC(1375) Humongous regions: 7->7
[551.850s][info][gc,metaspace   ] GC(1375) Metaspace: 19057K(19264K)->19057K(19264K) NonClass: 17228K(17408K)->17228K(17408K) Class: 1829K(1856K)->1829K(1856K)
[551.850s][info][gc             ] GC(1375) Pause Young (Normal) (G1 Evacuation Pause) 890M->657M(978M) 55.941ms
[551.850s][info][gc,cpu         ] GC(1375) User=0.11s Sys=0.00s Real=0.06s
[552.289s][info][gc,marking     ] GC(1372) Concurrent Rebuild Remembered Sets and Scrub Regions 628.957ms
[552.289s][info][gc,start       ] GC(1372) Pause Cleanup
[552.289s][info][gc             ] GC(1372) Pause Cleanup 761M->761M(978M) 0.112ms
[552.289s][info][gc,cpu         ] GC(1372) User=0.00s Sys=0.00s Real=0.00s
[552.289s][info][gc,marking     ] GC(1372) Concurrent Clear Claimed Marks
[552.289s][info][gc,marking     ] GC(1372) Concurrent Clear Claimed Marks 0.031ms
[552.289s][info][gc,marking     ] GC(1372) Concurrent Cleanup for Next Mark
[552.292s][info][gc,marking     ] GC(1372) Concurrent Cleanup for Next Mark 2.943ms
[552.292s][info][gc             ] GC(1372) Concurrent Mark Cycle 2632.988ms
[552.674s][info][gc,start       ] GC(1376) Pause Young (Prepare Mixed) (G1 Evacuation Pause)
[552.674s][info][gc,task        ] GC(1376) Using 2 workers of 2 for evacuation
[552.683s][info][gc,phases      ] GC(1376)   Pre Evacuate Collection Set: 0.51ms
[552.683s][info][gc,phases      ] GC(1376)   Merge Heap Roots: 0.21ms
[552.683s][info][gc,phases      ] GC(1376)   Evacuate Collection Set: 7.62ms
[552.683s][info][gc,phases      ] GC(1376)   Post Evacuate Collection Set: 0.50ms
[552.683s][info][gc,phases      ] GC(1376)   Other: 0.09ms
[552.683s][info][gc,heap        ] GC(1376) Eden regions: 259->0(264)
[552.683s][info][gc,heap        ] GC(1376) Survivor regions: 6->6(34)
[552.683s][info][gc,heap        ] GC(1376) Old regions: 645->645
[552.684s][info][gc,heap        ] GC(1376) Humongous regions: 7->7
[552.684s][info][gc,metaspace   ] GC(1376) Metaspace: 19057K(19264K)->19057K(19264K) NonClass: 17228K(17408K)->17228K(17408K) Class: 1829K(1856K)->1829K(1856K)
[552.684s][info][gc             ] GC(1376) Pause Young (Prepare Mixed) (G1 Evacuation Pause) 916M->657M(978M) 9.160ms
[552.684s][info][gc,cpu         ] GC(1376) User=0.02s Sys=0.00s Real=0.01s
[553.307s][info][gc,start       ] GC(1377) Pause Young (Mixed) (G1 Evacuation Pause)
[553.307s][info][gc,task        ] GC(1377) Using 2 workers of 2 for evacuation
[553.317s][info][gc,phases      ] GC(1377)   Pre Evacuate Collection Set: 0.34ms
[553.317s][info][gc,phases      ] GC(1377)   Merge Heap Roots: 0.17ms
[553.317s][info][gc,phases      ] GC(1377)   Evacuate Collection Set: 8.82ms
[553.317s][info][gc,phases      ] GC(1377)   Post Evacuate Collection Set: 0.60ms
[553.317s][info][gc,phases      ] GC(1377)   Other: 0.13ms
[553.317s][info][gc,heap        ] GC(1377) Eden regions: 264->0(273)
[553.317s][info][gc,heap        ] GC(1377) Survivor regions: 6->6(34)
[553.317s][info][gc,heap        ] GC(1377) Old regions: 645->636
[553.317s][info][gc,heap        ] GC(1377) Humongous regions: 7->7
[553.317s][info][gc,metaspace   ] GC(1377) Metaspace: 19057K(19264K)->19057K(19264K) NonClass: 17228K(17408K)->17228K(17408K) Class: 1829K(1856K)->1829K(1856K)
[553.317s][info][gc             ] GC(1377) Pause Young (Mixed) (G1 Evacuation Pause) 921M->648M(978M) 10.362ms
[553.317s][info][gc,cpu         ] GC(1377) User=0.02s Sys=0.00s Real=0.01s
[553.931s][info][gc,start       ] GC(1378) Pause Young (Concurrent Start) (G1 Evacuation Pause)
[553.931s][info][gc,task        ] GC(1378) Using 2 workers of 2 for evacuation
[553.956s][info][gc,phases      ] GC(1378)   Pre Evacuate Collection Set: 0.38ms
[553.956s][info][gc,phases      ] GC(1378)   Merge Heap Roots: 0.17ms
[553.956s][info][gc,phases      ] GC(1378)   Evacuate Collection Set: 24.07ms
[553.956s][info][gc,phases      ] GC(1378)   Post Evacuate Collection Set: 0.58ms
[553.956s][info][gc,phases      ] GC(1378)   Other: 0.23ms
[553.956s][info][gc,heap        ] GC(1378) Eden regions: 273->0(241)
[553.956s][info][gc,heap        ] GC(1378) Survivor regions: 6->22(35)
[553.956s][info][gc,heap        ] GC(1378) Old regions: 636->636
[553.956s][info][gc,heap        ] GC(1378) Humongous regions: 7->7
[553.956s][info][gc,metaspace   ] GC(1378) Metaspace: 19057K(19264K)->19057K(19264K) NonClass: 17228K(17408K)->17228K(17408K) Class: 1829K(1856K)->1829K(1856K)
[553.956s][info][gc             ] GC(1378) Pause Young (Concurrent Start) (G1 Evacuation Pause) 921M->664M(978M) 25.631ms
[553.956s][info][gc             ] GC(1379) Concurrent Mark Cycle
[553.956s][info][gc,marking     ] GC(1379) Concurrent Scan Root Regions
[553.957s][info][gc,cpu         ] GC(1378) User=0.05s Sys=0.00s Real=0.02s
[553.986s][info][gc,marking     ] GC(1379) Concurrent Scan Root Regions 29.546ms
[553.986s][info][gc,marking     ] GC(1379) Concurrent Mark
[553.986s][info][gc,marking     ] GC(1379) Concurrent Mark From Roots
[553.986s][info][gc,task        ] GC(1379) Using 1 workers of 1 for marking
[554.440s][info][gc,start       ] GC(1380) Pause Young (Normal) (G1 Evacuation Pause)
[554.440s][info][gc,task        ] GC(1380) Using 2 workers of 2 for evacuation
[554.527s][info][gc,phases      ] GC(1380)   Pre Evacuate Collection Set: 0.34ms
[554.528s][info][gc,phases      ] GC(1380)   Merge Heap Roots: 0.17ms
[554.528s][info][gc,phases      ] GC(1380)   Evacuate Collection Set: 82.33ms
[554.528s][info][gc,phases      ] GC(1380)   Post Evacuate Collection Set: 4.64ms
[554.528s][info][gc,phases      ] GC(1380)   Other: 0.09ms
[554.528s][info][gc,heap        ] GC(1380) Eden regions: 241->0(121)
[554.528s][info][gc,heap        ] GC(1380) Survivor regions: 22->33(33)
[554.528s][info][gc,heap        ] GC(1380) Old regions: 636->734
[554.528s][info][gc,heap        ] GC(1380) Humongous regions: 7->7
[554.528s][info][gc,metaspace   ] GC(1380) Metaspace: 19057K(19264K)->19057K(19264K) NonClass: 17228K(17408K)->17228K(17408K) Class: 1829K(1856K)->1829K(1856K)
[554.528s][info][gc             ] GC(1380) Pause Young (Normal) (G1 Evacuation Pause) (Evacuation Failure: Allocation) 905M->773M(978M) 87.836ms
[554.528s][info][gc,cpu         ] GC(1380) User=0.17s Sys=0.00s Real=0.08s
[554.800s][info][gc,start       ] GC(1381) Pause Young (Normal) (G1 Evacuation Pause)
[554.801s][info][gc,task        ] GC(1381) Using 2 workers of 2 for evacuation
[554.889s][info][gc,phases      ] GC(1381)   Pre Evacuate Collection Set: 0.35ms
[554.889s][info][gc,phases      ] GC(1381)   Merge Heap Roots: 0.46ms
[554.889s][info][gc,phases      ] GC(1381)   Evacuate Collection Set: 87.12ms
[554.889s][info][gc,phases      ] GC(1381)   Post Evacuate Collection Set: 0.57ms
[554.889s][info][gc,phases      ] GC(1381)   Other: 0.09ms
[554.889s][info][gc,heap        ] GC(1381) Eden regions: 121->0(163)
[554.889s][info][gc,heap        ] GC(1381) Survivor regions: 33->19(20)
[554.889s][info][gc,heap        ] GC(1381) Old regions: 734->717
[554.889s][info][gc,heap        ] GC(1381) Humongous regions: 10->10
[554.889s][info][gc,metaspace   ] GC(1381) Metaspace: 19057K(19264K)->19057K(19264K) NonClass: 17228K(17408K)->17228K(17408K) Class: 1829K(1856K)->1829K(1856K)
[554.889s][info][gc             ] GC(1381) Pause Young (Normal) (G1 Evacuation Pause) 897M->745M(978M) 88.920ms
[554.889s][info][gc,cpu         ] GC(1381) User=0.17s Sys=0.00s Real=0.09s
[555.319s][info][gc,start       ] GC(1382) Pause Young (Normal) (G1 Evacuation Pause)
[555.319s][info][gc,task        ] GC(1382) Using 2 workers of 2 for evacuation
[555.388s][info][gc,phases      ] GC(1382)   Pre Evacuate Collection Set: 0.51ms
[555.388s][info][gc,phases      ] GC(1382)   Merge Heap Roots: 0.34ms
[555.388s][info][gc,phases      ] GC(1382)   Evacuate Collection Set: 66.79ms
[555.388s][info][gc,phases      ] GC(1382)   Post Evacuate Collection Set: 0.54ms
[555.388s][info][gc,phases      ] GC(1382)   Other: 0.11ms
[555.388s][info][gc,heap        ] GC(1382) Eden regions: 163->0(129)
[555.388s][info][gc,heap        ] GC(1382) Survivor regions: 19->23(23)
[555.388s][info][gc,heap        ] GC(1382) Old regions: 717->743
[555.388s][info][gc,heap        ] GC(1382) Humongous regions: 10->10
[555.388s][info][gc,metaspace   ] GC(1382) Metaspace: 19058K(19264K)->19058K(19264K) NonClass: 17229K(17408K)->17229K(17408K) Class: 1829K(1856K)->1829K(1856K)
[555.388s][info][gc             ] GC(1382) Pause Young (Normal) (G1 Evacuation Pause) 908M->775M(978M) 68.548ms
[555.388s][info][gc,cpu         ] GC(1382) User=0.13s Sys=0.00s Real=0.06s
[555.620s][info][gc,start       ] GC(1383) Pause Young (Normal) (G1 Evacuation Pause)
[555.620s][info][gc,task        ] GC(1383) Using 2 workers of 2 for evacuation
[555.683s][info][gc,phases      ] GC(1383)   Pre Evacuate Collection Set: 0.31ms
[555.683s][info][gc,phases      ] GC(1383)   Merge Heap Roots: 0.30ms
[555.683s][info][gc,phases      ] GC(1383)   Evacuate Collection Set: 62.10ms
[555.683s][info][gc,phases      ] GC(1383)   Post Evacuate Collection Set: 0.54ms
[555.683s][info][gc,phases      ] GC(1383)   Other: 0.08ms
[555.683s][info][gc,heap        ] GC(1383) Eden regions: 129->0(93)
[555.683s][info][gc,heap        ] GC(1383) Survivor regions: 23->19(19)
[555.683s][info][gc,heap        ] GC(1383) Old regions: 743->787
[555.683s][info][gc,heap        ] GC(1383) Humongous regions: 10->10
[555.683s][info][gc,metaspace   ] GC(1383) Metaspace: 19058K(19264K)->19058K(19264K) NonClass: 17229K(17408K)->17229K(17408K) Class: 1829K(1856K)->1829K(1856K)
[555.683s][info][gc             ] GC(1383) Pause Young (Normal) (G1 Evacuation Pause) 904M->815M(978M) 63.635ms
[555.683s][info][gc,cpu         ] GC(1383) User=0.13s Sys=0.00s Real=0.06s
[555.905s][info][gc,start       ] GC(1384) Pause Young (Normal) (G1 Evacuation Pause)
[555.905s][info][gc,task        ] GC(1384) Using 2 workers of 2 for evacuation
[555.942s][info][gc,phases      ] GC(1384)   Pre Evacuate Collection Set: 0.32ms
[555.942s][info][gc,phases      ] GC(1384)   Merge Heap Roots: 0.34ms
[555.942s][info][gc,phases      ] GC(1384)   Evacuate Collection Set: 36.01ms
[555.942s][info][gc,phases      ] GC(1384)   Post Evacuate Collection Set: 0.39ms
[555.942s][info][gc,phases      ] GC(1384)   Other: 0.08ms
[555.942s][info][gc,heap        ] GC(1384) Eden regions: 93->0(85)
[555.942s][info][gc,heap        ] GC(1384) Survivor regions: 19->13(14)
[555.942s][info][gc,heap        ] GC(1384) Old regions: 787->807
[555.942s][info][gc,heap        ] GC(1384) Humongous regions: 10->10
[555.942s][info][gc,metaspace   ] GC(1384) Metaspace: 19058K(19264K)->19058K(19264K) NonClass: 17229K(17408K)->17229K(17408K) Class: 1829K(1856K)->1829K(1856K)
[555.942s][info][gc             ] GC(1384) Pause Young (Normal) (G1 Evacuation Pause) 908M->829M(978M) 37.385ms
[555.942s][info][gc,cpu         ] GC(1384) User=0.08s Sys=0.00s Real=0.04s
[555.981s][info][gc,marking     ] GC(1379) Concurrent Mark From Roots 1995.274ms
[555.981s][info][gc,marking     ] GC(1379) Concurrent Preclean
[555.981s][info][gc,marking     ] GC(1379) Concurrent Preclean 0.042ms
[555.982s][info][gc,start       ] GC(1379) Pause Remark
[555.991s][info][gc             ] GC(1379) Pause Remark 845M->708M(978M) 8.917ms
[555.991s][info][gc,cpu         ] GC(1379) User=0.01s Sys=0.00s Real=0.01s
[555.991s][info][gc,marking     ] GC(1379) Concurrent Mark 2005.058ms
[555.991s][info][gc,marking     ] GC(1379) Concurrent Rebuild Remembered Sets and Scrub Regions
[556.103s][info][gc,start       ] GC(1385) Pause Young (Normal) (G1 Evacuation Pause)
[556.104s][info][gc,task        ] GC(1385) Using 2 workers of 2 for evacuation
[556.117s][info][gc,phases      ] GC(1385)   Pre Evacuate Collection Set: 0.30ms
[556.117s][info][gc,phases      ] GC(1385)   Merge Heap Roots: 0.11ms
[556.117s][info][gc,phases      ] GC(1385)   Evacuate Collection Set: 12.43ms
[556.117s][info][gc,phases      ] GC(1385)   Post Evacuate Collection Set: 0.33ms
[556.117s][info][gc,phases      ] GC(1385)   Other: 0.11ms
[556.117s][info][gc,heap        ] GC(1385) Eden regions: 85->0(196)
[556.117s][info][gc,heap        ] GC(1385) Survivor regions: 13->1(13)
[556.117s][info][gc,heap        ] GC(1385) Old regions: 672->685
[556.117s][info][gc,heap        ] GC(1385) Humongous regions: 8->8
[556.117s][info][gc,metaspace   ] GC(1385) Metaspace: 19058K(19264K)->19058K(19264K) NonClass: 17229K(17408K)->17229K(17408K) Class: 1829K(1856K)->1829K(1856K)
[556.117s][info][gc             ] GC(1385) Pause Young (Normal) (G1 Evacuation Pause) 777M->693M(978M) 13.520ms
[556.117s][info][gc,cpu         ] GC(1385) User=0.02s Sys=0.00s Real=0.01s
[556.480s][info][gc,start       ] GC(1386) Pause Young (Normal) (G1 Evacuation Pause)
[556.480s][info][gc,task        ] GC(1386) Using 2 workers of 2 for evacuation
[556.483s][info][gc,phases      ] GC(1386)   Pre Evacuate Collection Set: 0.53ms
[556.483s][info][gc,phases      ] GC(1386)   Merge Heap Roots: 0.09ms
[556.483s][info][gc,phases      ] GC(1386)   Evacuate Collection Set: 1.38ms
[556.483s][info][gc,phases      ] GC(1386)   Post Evacuate Collection Set: 0.38ms
[556.483s][info][gc,phases      ] GC(1386)   Other: 0.09ms
[556.483s][info][gc,heap        ] GC(1386) Eden regions: 196->0(211)
[556.483s][info][gc,heap        ] GC(1386) Survivor regions: 1->1(25)
[556.483s][info][gc,heap        ] GC(1386) Old regions: 685->685
[556.483s][info][gc,heap        ] GC(1386) Humongous regions: 8->8
[556.483s][info][gc,metaspace   ] GC(1386) Metaspace: 19058K(19264K)->19058K(19264K) NonClass: 17229K(17408K)->17229K(17408K) Class: 1829K(1856K)->1829K(1856K)
[556.483s][info][gc             ] GC(1386) Pause Young (Normal) (G1 Evacuation Pause) 889M->693M(978M) 2.697ms
[556.483s][info][gc,cpu         ] GC(1386) User=0.00s Sys=0.01s Real=0.00s
[556.689s][info][gc,marking     ] GC(1379) Concurrent Rebuild Remembered Sets and Scrub Regions 697.607ms
[556.689s][info][gc,start       ] GC(1379) Pause Cleanup
[556.689s][info][gc             ] GC(1379) Pause Cleanup 822M->822M(978M) 0.124ms
[556.689s][info][gc,cpu         ] GC(1379) User=0.00s Sys=0.00s Real=0.00s
[556.690s][info][gc,marking     ] GC(1379) Concurrent Clear Claimed Marks
[556.690s][info][gc,marking     ] GC(1379) Concurrent Clear Claimed Marks 0.048ms
[556.690s][info][gc,marking     ] GC(1379) Concurrent Cleanup for Next Mark
[556.698s][info][gc,marking     ] GC(1379) Concurrent Cleanup for Next Mark 8.283ms
[556.698s][info][gc             ] GC(1379) Concurrent Mark Cycle 2741.784ms
[556.793s][info][gc,start       ] GC(1387) Pause Young (Prepare Mixed) (G1 Evacuation Pause)
[556.793s][info][gc,task        ] GC(1387) Using 2 workers of 2 for evacuation
[556.795s][info][gc,phases      ] GC(1387)   Pre Evacuate Collection Set: 0.33ms
[556.795s][info][gc,phases      ] GC(1387)   Merge Heap Roots: 0.11ms
[556.795s][info][gc,phases      ] GC(1387)   Evacuate Collection Set: 1.55ms
[556.795s][info][gc,phases      ] GC(1387)   Post Evacuate Collection Set: 0.44ms
[556.795s][info][gc,phases      ] GC(1387)   Other: 0.13ms
[556.795s][info][gc,heap        ] GC(1387) Eden regions: 211->0(223)
[556.796s][info][gc,heap        ] GC(1387) Survivor regions: 1->1(27)
[556.796s][info][gc,heap        ] GC(1387) Old regions: 685->685
[556.796s][info][gc,heap        ] GC(1387) Humongous regions: 8->8
[556.796s][info][gc,metaspace   ] GC(1387) Metaspace: 19058K(19264K)->19058K(19264K) NonClass: 17229K(17408K)->17229K(17408K) Class: 1829K(1856K)->1829K(1856K)
[556.796s][info][gc             ] GC(1387) Pause Young (Prepare Mixed) (G1 Evacuation Pause) 904M->693M(978M) 2.817ms
[556.796s][info][gc,cpu         ] GC(1387) User=0.00s Sys=0.00s Real=0.00s
[557.069s][info][gc,start       ] GC(1388) Pause Young (Mixed) (G1 Evacuation Pause)
[557.069s][info][gc,task        ] GC(1388) Using 2 workers of 2 for evacuation
[557.072s][info][gc,phases      ] GC(1388)   Pre Evacuate Collection Set: 0.34ms
[557.072s][info][gc,phases      ] GC(1388)   Merge Heap Roots: 0.13ms
[557.072s][info][gc,phases      ] GC(1388)   Evacuate Collection Set: 2.28ms
[557.072s][info][gc,phases      ] GC(1388)   Post Evacuate Collection Set: 0.44ms
[557.072s][info][gc,phases      ] GC(1388)   Other: 0.09ms
[557.072s][info][gc,heap        ] GC(1388) Eden regions: 223->0(255)
[557.072s][info][gc,heap        ] GC(1388) Survivor regions: 1->1(28)
[557.072s][info][gc,heap        ] GC(1388) Old regions: 685->659
[557.072s][info][gc,heap        ] GC(1388) Humongous regions: 8->8
[557.072s][info][gc,metaspace   ] GC(1388) Metaspace: 19058K(19264K)->19058K(19264K) NonClass: 17229K(17408K)->17229K(17408K) Class: 1829K(1856K)->1829K(1856K)
[557.072s][info][gc             ] GC(1388) Pause Young (Mixed) (G1 Evacuation Pause) 916M->667M(978M) 3.515ms
[557.072s][info][gc,cpu         ] GC(1388) User=0.00s Sys=0.00s Real=0.00s
[557.385s][info][gc,start       ] GC(1389) Pause Young (Concurrent Start) (G1 Evacuation Pause)
[557.385s][info][gc,task        ] GC(1389) Using 2 workers of 2 for evacuation
[557.399s][info][gc,phases      ] GC(1389)   Pre Evacuate Collection Set: 0.31ms
[557.399s][info][gc,phases      ] GC(1389)   Merge Heap Roots: 0.23ms
[557.399s][info][gc,phases      ] GC(1389)   Evacuate Collection Set: 12.07ms
[557.399s][info][gc,phases      ] GC(1389)   Post Evacuate Collection Set: 0.58ms
[557.399s][info][gc,phases      ] GC(1389)   Other: 0.14ms
[557.399s][info][gc,heap        ] GC(1389) Eden regions: 255->0(251)
[557.399s][info][gc,heap        ] GC(1389) Survivor regions: 1->5(32)
[557.399s][info][gc,heap        ] GC(1389) Old regions: 659->659
[557.399s][info][gc,heap        ] GC(1389) Humongous regions: 8->8
[557.399s][info][gc,metaspace   ] GC(1389) Metaspace: 19058K(19264K)->19058K(19264K) NonClass: 17229K(17408K)->17229K(17408K) Class: 1829K(1856K)->1829K(1856K)
[557.399s][info][gc             ] GC(1389) Pause Young (Concurrent Start) (G1 Evacuation Pause) 922M->671M(978M) 13.611ms
[557.399s][info][gc             ] GC(1390) Concurrent Mark Cycle
[557.399s][info][gc,marking     ] GC(1390) Concurrent Scan Root Regions
[557.399s][info][gc,cpu         ] GC(1389) User=0.03s Sys=0.00s Real=0.02s
[557.414s][info][gc,marking     ] GC(1390) Concurrent Scan Root Regions 15.006ms
[557.414s][info][gc,marking     ] GC(1390) Concurrent Mark
[557.414s][info][gc,marking     ] GC(1390) Concurrent Mark From Roots
[557.414s][info][gc,task        ] GC(1390) Using 1 workers of 1 for marking
[558.122s][info][gc,start       ] GC(1391) Pause Young (Normal) (G1 Evacuation Pause)
[558.123s][info][gc,task        ] GC(1391) Using 2 workers of 2 for evacuation
[558.169s][info][gc,phases      ] GC(1391)   Pre Evacuate Collection Set: 0.29ms
[558.169s][info][gc,phases      ] GC(1391)   Merge Heap Roots: 0.43ms
[558.169s][info][gc,phases      ] GC(1391)   Evacuate Collection Set: 44.69ms
[558.169s][info][gc,phases      ] GC(1391)   Post Evacuate Collection Set: 0.64ms
[558.169s][info][gc,phases      ] GC(1391)   Other: 0.09ms
[558.169s][info][gc,heap        ] GC(1391) Eden regions: 251->0(216)
[558.169s][info][gc,heap        ] GC(1391) Survivor regions: 5->21(32)
[558.169s][info][gc,heap        ] GC(1391) Old regions: 659->659
[558.169s][info][gc,heap        ] GC(1391) Humongous regions: 11->11
[558.169s][info][gc,metaspace   ] GC(1391) Metaspace: 19058K(19264K)->19058K(19264K) NonClass: 17229K(17408K)->17229K(17408K) Class: 1829K(1856K)->1829K(1856K)
[558.169s][info][gc             ] GC(1391) Pause Young (Normal) (G1 Evacuation Pause) 925M->690M(978M) 46.447ms
[558.169s][info][gc,cpu         ] GC(1391) User=0.09s Sys=0.00s Real=0.05s
[558.935s][info][gc,marking     ] GC(1390) Concurrent Mark From Roots 1521.520ms
[558.935s][info][gc,marking     ] GC(1390) Concurrent Preclean
[558.935s][info][gc,marking     ] GC(1390) Concurrent Preclean 0.042ms
[558.936s][info][gc,start       ] GC(1390) Pause Remark
[558.946s][info][gc             ] GC(1390) Pause Remark 888M->734M(978M) 9.958ms
[558.946s][info][gc,cpu         ] GC(1390) User=0.02s Sys=0.00s Real=0.01s
[558.947s][info][gc,marking     ] GC(1390) Concurrent Mark 1533.000ms
[558.947s][info][gc,marking     ] GC(1390) Concurrent Rebuild Remembered Sets and Scrub Regions
[558.988s][info][gc,start       ] GC(1392) Pause Young (Normal) (G1 Evacuation Pause)
[558.988s][info][gc,task        ] GC(1392) Using 2 workers of 2 for evacuation
[559.039s][info][gc,phases      ] GC(1392)   Pre Evacuate Collection Set: 0.33ms
[559.039s][info][gc,phases      ] GC(1392)   Merge Heap Roots: 0.60ms
[559.039s][info][gc,phases      ] GC(1392)   Evacuate Collection Set: 48.90ms
[559.039s][info][gc,phases      ] GC(1392)   Post Evacuate Collection Set: 0.46ms
[559.039s][info][gc,phases      ] GC(1392)   Other: 0.11ms
[559.039s][info][gc,heap        ] GC(1392) Eden regions: 216->0(381)
[559.039s][info][gc,heap        ] GC(1392) Survivor regions: 21->1(30)
[559.039s][info][gc,heap        ] GC(1392) Old regions: 509->530
[559.039s][info][gc,heap        ] GC(1392) Humongous regions: 7->7
[559.039s][info][gc,metaspace   ] GC(1392) Metaspace: 19058K(19264K)->19058K(19264K) NonClass: 17229K(17408K)->17229K(17408K) Class: 1829K(1856K)->1829K(1856K)
[559.039s][info][gc             ] GC(1392) Pause Young (Normal) (G1 Evacuation Pause) 752M->537M(978M) 50.644ms
[559.039s][info][gc,cpu         ] GC(1392) User=0.10s Sys=0.00s Real=0.05s
[559.448s][info][gc,marking     ] GC(1390) Concurrent Rebuild Remembered Sets and Scrub Regions 501.054ms
[559.448s][info][gc,start       ] GC(1390) Pause Cleanup
[559.448s][info][gc             ] GC(1390) Pause Cleanup 709M->709M(978M) 0.203ms
[559.448s][info][gc,cpu         ] GC(1390) User=0.00s Sys=0.00s Real=0.01s
[559.450s][info][gc,marking     ] GC(1390) Concurrent Clear Claimed Marks
[559.450s][info][gc,marking     ] GC(1390) Concurrent Clear Claimed Marks 0.062ms
[559.450s][info][gc,marking     ] GC(1390) Concurrent Cleanup for Next Mark
[559.457s][info][gc,marking     ] GC(1390) Concurrent Cleanup for Next Mark 7.401ms
[559.457s][info][gc             ] GC(1390) Concurrent Mark Cycle 2058.519ms
[559.720s][info][gc,start       ] GC(1393) Pause Young (Prepare Mixed) (G1 Evacuation Pause)
[559.720s][info][gc,task        ] GC(1393) Using 2 workers of 2 for evacuation
[559.748s][info][gc,phases      ] GC(1393)   Pre Evacuate Collection Set: 0.33ms
[559.748s][info][gc,phases      ] GC(1393)   Merge Heap Roots: 0.19ms
[559.748s][info][gc,phases      ] GC(1393)   Evacuate Collection Set: 26.34ms
[559.748s][info][gc,phases      ] GC(1393)   Post Evacuate Collection Set: 0.65ms
[559.748s][info][gc,phases      ] GC(1393)   Other: 0.09ms
[559.748s][info][gc,heap        ] GC(1393) Eden regions: 381->0(353)
[559.748s][info][gc,heap        ] GC(1393) Survivor regions: 1->19(48)
[559.748s][info][gc,heap        ] GC(1393) Old regions: 530->530
[559.748s][info][gc,heap        ] GC(1393) Humongous regions: 7->7
[559.748s][info][gc,metaspace   ] GC(1393) Metaspace: 19058K(19264K)->19058K(19264K) NonClass: 17229K(17408K)->17229K(17408K) Class: 1829K(1856K)->1829K(1856K)
[559.748s][info][gc             ] GC(1393) Pause Young (Prepare Mixed) (G1 Evacuation Pause) 918M->555M(978M) 27.873ms
[559.748s][info][gc,cpu         ] GC(1393) User=0.05s Sys=0.00s Real=0.02s
[560.094s][info][gc,start       ] GC(1394) Pause Young (Mixed) (G1 Evacuation Pause)
[560.094s][info][gc,task        ] GC(1394) Using 2 workers of 2 for evacuation
[560.147s][info][gc,phases      ] GC(1394)   Pre Evacuate Collection Set: 0.35ms
[560.147s][info][gc,phases      ] GC(1394)   Merge Heap Roots: 0.30ms
[560.147s][info][gc,phases      ] GC(1394)   Evacuate Collection Set: 51.19ms
[560.147s][info][gc,phases      ] GC(1394)   Post Evacuate Collection Set: 0.76ms
[560.147s][info][gc,phases      ] GC(1394)   Other: 0.11ms
[560.147s][info][gc,heap        ] GC(1394) Eden regions: 353->0(409)
[560.147s][info][gc,heap        ] GC(1394) Survivor regions: 19->39(47)
[560.147s][info][gc,heap        ] GC(1394) Old regions: 530->434
[560.147s][info][gc,heap        ] GC(1394) Humongous regions: 7->7
[560.147s][info][gc,metaspace   ] GC(1394) Metaspace: 19059K(19264K)->19059K(19264K) NonClass: 17230K(17408K)->17230K(17408K) Class: 1829K(1856K)->1829K(1856K)
[560.147s][info][gc             ] GC(1394) Pause Young (Mixed) (G1 Evacuation Pause) 908M->479M(978M) 53.012ms
[560.147s][info][gc,cpu         ] GC(1394) User=0.10s Sys=0.00s Real=0.05s
[560.534s][info][gc,start       ] GC(1395) Pause Young (Mixed) (G1 Evacuation Pause)
[560.534s][info][gc,task        ] GC(1395) Using 2 workers of 2 for evacuation
[560.627s][info][gc,phases      ] GC(1395)   Pre Evacuate Collection Set: 0.35ms
[560.627s][info][gc,phases      ] GC(1395)   Merge Heap Roots: 0.54ms
[560.627s][info][gc,phases      ] GC(1395)   Evacuate Collection Set: 91.27ms
[560.627s][info][gc,phases      ] GC(1395)   Post Evacuate Collection Set: 0.75ms
[560.627s][info][gc,phases      ] GC(1395)   Other: 0.10ms
[560.627s][info][gc,heap        ] GC(1395) Eden regions: 409->0(382)
[560.627s][info][gc,heap        ] GC(1395) Survivor regions: 39->46(56)
[560.627s][info][gc,heap        ] GC(1395) Old regions: 434->447
[560.627s][info][gc,heap        ] GC(1395) Humongous regions: 7->7
[560.627s][info][gc,metaspace   ] GC(1395) Metaspace: 19059K(19264K)->19059K(19264K) NonClass: 17230K(17408K)->17230K(17408K) Class: 1829K(1856K)->1829K(1856K)
[560.627s][info][gc             ] GC(1395) Pause Young (Mixed) (G1 Evacuation Pause) 888M->499M(978M) 93.281ms
[560.627s][info][gc,cpu         ] GC(1395) User=0.18s Sys=0.00s Real=0.09s
[560.984s][info][gc,start       ] GC(1396) Pause Young (Concurrent Start) (G1 Evacuation Pause)
[560.984s][info][gc,task        ] GC(1396) Using 2 workers of 2 for evacuation
[561.098s][info][gc,phases      ] GC(1396)   Pre Evacuate Collection Set: 0.31ms
[561.098s][info][gc,phases      ] GC(1396)   Merge Heap Roots: 0.38ms
[561.098s][info][gc,phases      ] GC(1396)   Evacuate Collection Set: 111.95ms
[561.098s][info][gc,phases      ] GC(1396)   Post Evacuate Collection Set: 0.75ms
[561.098s][info][gc,phases      ] GC(1396)   Other: 0.11ms
[561.098s][info][gc,heap        ] GC(1396) Eden regions: 382->0(328)
[561.098s][info][gc,heap        ] GC(1396) Survivor regions: 46->54(54)
[561.098s][info][gc,heap        ] GC(1396) Old regions: 447->485
[561.098s][info][gc,heap        ] GC(1396) Humongous regions: 7->7
[561.098s][info][gc,metaspace   ] GC(1396) Metaspace: 19059K(19264K)->19059K(19264K) NonClass: 17230K(17408K)->17230K(17408K) Class: 1829K(1856K)->1829K(1856K)
[561.098s][info][gc             ] GC(1396) Pause Young (Concurrent Start) (G1 Evacuation Pause) 881M->545M(978M) 113.812ms
[561.098s][info][gc             ] GC(1397) Concurrent Mark Cycle
[561.098s][info][gc,marking     ] GC(1397) Concurrent Scan Root Regions
[561.098s][info][gc,cpu         ] GC(1396) User=0.22s Sys=0.00s Real=0.11s
[561.234s][info][gc,marking     ] GC(1397) Concurrent Scan Root Regions 136.413ms
[561.234s][info][gc,marking     ] GC(1397) Concurrent Mark
[561.234s][info][gc,marking     ] GC(1397) Concurrent Mark From Roots
[561.234s][info][gc,task        ] GC(1397) Using 1 workers of 1 for marking
[561.860s][info][gc,start       ] GC(1398) Pause Young (Normal) (G1 Evacuation Pause)
[561.860s][info][gc,task        ] GC(1398) Using 2 workers of 2 for evacuation
[561.935s][info][gc,phases      ] GC(1398)   Pre Evacuate Collection Set: 0.53ms
[561.935s][info][gc,phases      ] GC(1398)   Merge Heap Roots: 0.28ms
[561.935s][info][gc,phases      ] GC(1398)   Evacuate Collection Set: 73.26ms
[561.935s][info][gc,phases      ] GC(1398)   Post Evacuate Collection Set: 0.71ms
[561.935s][info][gc,phases      ] GC(1398)   Other: 0.09ms
[561.935s][info][gc,heap        ] GC(1398) Eden regions: 328->0(344)
[561.935s][info][gc,heap        ] GC(1398) Survivor regions: 54->7(48)
[561.935s][info][gc,heap        ] GC(1398) Old regions: 485->539
[561.935s][info][gc,heap        ] GC(1398) Humongous regions: 7->7
[561.935s][info][gc,metaspace   ] GC(1398) Metaspace: 19059K(19264K)->19059K(19264K) NonClass: 17230K(17408K)->17230K(17408K) Class: 1829K(1856K)->1829K(1856K)
[561.935s][info][gc             ] GC(1398) Pause Young (Normal) (G1 Evacuation Pause) 873M->552M(978M) 75.149ms
[561.935s][info][gc,cpu         ] GC(1398) User=0.15s Sys=0.00s Real=0.07s
[562.121s][info][gc,marking     ] GC(1397) Concurrent Mark From Roots 886.433ms
[562.121s][info][gc,marking     ] GC(1397) Concurrent Preclean
[562.121s][info][gc,marking     ] GC(1397) Concurrent Preclean 0.046ms
[562.121s][info][gc,start       ] GC(1397) Pause Remark
[562.130s][info][gc             ] GC(1397) Pause Remark 658M->524M(978M) 9.026ms
[562.130s][info][gc,cpu         ] GC(1397) User=0.01s Sys=0.00s Real=0.01s
[562.131s][info][gc,marking     ] GC(1397) Concurrent Mark 896.774ms
[562.131s][info][gc,marking     ] GC(1397) Concurrent Rebuild Remembered Sets and Scrub Regions
[562.561s][info][gc,marking     ] GC(1397) Concurrent Rebuild Remembered Sets and Scrub Regions 430.036ms
[562.562s][info][gc,start       ] GC(1397) Pause Cleanup
[562.562s][info][gc             ] GC(1397) Pause Cleanup 717M->717M(978M) 0.126ms
[562.562s][info][gc,cpu         ] GC(1397) User=0.00s Sys=0.00s Real=0.00s
[562.562s][info][gc,marking     ] GC(1397) Concurrent Clear Claimed Marks
[562.562s][info][gc,marking     ] GC(1397) Concurrent Clear Claimed Marks 0.033ms
[562.562s][info][gc,marking     ] GC(1397) Concurrent Cleanup for Next Mark
[562.567s][info][gc,marking     ] GC(1397) Concurrent Cleanup for Next Mark 5.020ms
[562.567s][info][gc             ] GC(1397) Concurrent Mark Cycle 1469.373ms
[562.662s][info][gc,start       ] GC(1399) Pause Young (Prepare Mixed) (G1 Evacuation Pause)
[562.663s][info][gc,task        ] GC(1399) Using 2 workers of 2 for evacuation
[562.695s][info][gc,phases      ] GC(1399)   Pre Evacuate Collection Set: 0.51ms
[562.695s][info][gc,phases      ] GC(1399)   Merge Heap Roots: 0.32ms
[562.695s][info][gc,phases      ] GC(1399)   Evacuate Collection Set: 31.14ms
[562.695s][info][gc,phases      ] GC(1399)   Post Evacuate Collection Set: 0.65ms
[562.695s][info][gc,phases      ] GC(1399)   Other: 0.10ms
[562.695s][info][gc,heap        ] GC(1399) Eden regions: 344->0(451)
[562.695s][info][gc,heap        ] GC(1399) Survivor regions: 7->23(44)
[562.695s][info][gc,heap        ] GC(1399) Old regions: 408->408
[562.695s][info][gc,heap        ] GC(1399) Humongous regions: 4->4
[562.695s][info][gc,metaspace   ] GC(1399) Metaspace: 19059K(19264K)->19059K(19264K) NonClass: 17230K(17408K)->17230K(17408K) Class: 1829K(1856K)->1829K(1856K)
[562.695s][info][gc             ] GC(1399) Pause Young (Prepare Mixed) (G1 Evacuation Pause) 762M->434M(978M) 32.942ms
[562.695s][info][gc,cpu         ] GC(1399) User=0.07s Sys=0.00s Real=0.03s
[563.909s][info][gc,start       ] GC(1400) Pause Young (Mixed) (G1 Evacuation Pause)
[563.910s][info][gc,task        ] GC(1400) Using 2 workers of 2 for evacuation
[563.941s][info][gc,phases      ] GC(1400)   Pre Evacuate Collection Set: 0.28ms
[563.941s][info][gc,phases      ] GC(1400)   Merge Heap Roots: 0.28ms
[563.941s][info][gc,phases      ] GC(1400)   Evacuate Collection Set: 30.13ms
[563.941s][info][gc,phases      ] GC(1400)   Post Evacuate Collection Set: 0.72ms
[563.941s][info][gc,phases      ] GC(1400)   Other: 0.11ms
[563.941s][info][gc,heap        ] GC(1400) Eden regions: 451->0(496)
[563.941s][info][gc,heap        ] GC(1400) Survivor regions: 23->24(60)
[563.941s][info][gc,heap        ] GC(1400) Old regions: 408->378
[563.941s][info][gc,heap        ] GC(1400) Humongous regions: 4->4
[563.941s][info][gc,metaspace   ] GC(1400) Metaspace: 19059K(19264K)->19059K(19264K) NonClass: 17230K(17408K)->17230K(17408K) Class: 1829K(1856K)->1829K(1856K)
[563.941s][info][gc             ] GC(1400) Pause Young (Mixed) (G1 Evacuation Pause) 885M->404M(978M) 31.813ms
[563.941s][info][gc,cpu         ] GC(1400) User=0.06s Sys=0.00s Real=0.03s
[564.628s][info][gc,start       ] GC(1401) Pause Young (Concurrent Start) (G1 Evacuation Pause)
[564.628s][info][gc,task        ] GC(1401) Using 2 workers of 2 for evacuation
[564.808s][info][gc,phases      ] GC(1401)   Pre Evacuate Collection Set: 0.37ms
[564.808s][info][gc,phases      ] GC(1401)   Merge Heap Roots: 0.29ms
[564.808s][info][gc,phases      ] GC(1401)   Evacuate Collection Set: 155.97ms
[564.808s][info][gc,phases      ] GC(1401)   Post Evacuate Collection Set: 23.03ms
[564.808s][info][gc,phases      ] GC(1401)   Other: 0.24ms
[564.808s][info][gc,heap        ] GC(1401) Eden regions: 496->0(166)
[564.808s][info][gc,heap        ] GC(1401) Survivor regions: 24->65(65)
[564.808s][info][gc,heap        ] GC(1401) Old regions: 378->628
[564.808s][info][gc,heap        ] GC(1401) Humongous regions: 4->4
[564.808s][info][gc,metaspace   ] GC(1401) Metaspace: 19070K(19264K)->19070K(19264K) NonClass: 17240K(17408K)->17240K(17408K) Class: 1829K(1856K)->1829K(1856K)
[564.808s][info][gc             ] GC(1401) Pause Young (Concurrent Start) (G1 Evacuation Pause) (Evacuation Failure: Allocation) 900M->696M(978M) 180.146ms
[564.808s][info][gc             ] GC(1402) Concurrent Mark Cycle
[564.808s][info][gc,marking     ] GC(1402) Concurrent Scan Root Regions
[564.808s][info][gc,cpu         ] GC(1401) User=0.36s Sys=0.00s Real=0.18s
[565.011s][info][gc,marking     ] GC(1402) Concurrent Scan Root Regions 202.817ms
[565.011s][info][gc,marking     ] GC(1402) Concurrent Mark
[565.011s][info][gc,marking     ] GC(1402) Concurrent Mark From Roots
[565.011s][info][gc,task        ] GC(1402) Using 1 workers of 1 for marking
[565.426s][info][gc,start       ] GC(1403) Pause Young (Normal) (G1 Evacuation Pause)
[565.426s][info][gc,task        ] GC(1403) Using 2 workers of 2 for evacuation
[565.622s][info][gc,phases      ] GC(1403)   Pre Evacuate Collection Set: 0.59ms
[565.622s][info][gc,phases      ] GC(1403)   Merge Heap Roots: 1.09ms
[565.622s][info][gc,phases      ] GC(1403)   Evacuate Collection Set: 177.94ms
[565.622s][info][gc,phases      ] GC(1403)   Post Evacuate Collection Set: 16.56ms
[565.622s][info][gc,phases      ] GC(1403)   Other: 0.10ms
[565.622s][info][gc,heap        ] GC(1403) Eden regions: 166->0(86)
[565.622s][info][gc,heap        ] GC(1403) Survivor regions: 65->29(29)
[565.622s][info][gc,heap        ] GC(1403) Old regions: 628->780
[565.622s][info][gc,heap        ] GC(1403) Humongous regions: 4->4
[565.622s][info][gc,metaspace   ] GC(1403) Metaspace: 19079K(19264K)->19079K(19264K) NonClass: 17249K(17408K)->17249K(17408K) Class: 1829K(1856K)->1829K(1856K)
[565.622s][info][gc             ] GC(1403) Pause Young (Normal) (G1 Evacuation Pause) (Evacuation Failure: Allocation) 862M->812M(978M) 196.551ms
[565.622s][info][gc,cpu         ] GC(1403) User=0.39s Sys=0.00s Real=0.20s
[565.858s][info][gc,start       ] GC(1404) Pause Young (Normal) (G1 Evacuation Pause)
[565.858s][info][gc,task        ] GC(1404) Using 2 workers of 2 for evacuation
[565.960s][info][gc,phases      ] GC(1404)   Pre Evacuate Collection Set: 0.58ms
[565.960s][info][gc,phases      ] GC(1404)   Merge Heap Roots: 0.65ms
[565.960s][info][gc,phases      ] GC(1404)   Evacuate Collection Set: 97.22ms
[565.960s][info][gc,phases      ] GC(1404)   Post Evacuate Collection Set: 3.33ms
[565.960s][info][gc,phases      ] GC(1404)   Other: 0.09ms
[565.960s][info][gc,heap        ] GC(1404) Eden regions: 86->0(203)
[565.960s][info][gc,heap        ] GC(1404) Survivor regions: 29->15(15)
[565.960s][info][gc,heap        ] GC(1404) Old regions: 780->685
[565.960s][info][gc,heap        ] GC(1404) Humongous regions: 4->4
[565.960s][info][gc,metaspace   ] GC(1404) Metaspace: 19083K(19264K)->19083K(19264K) NonClass: 17254K(17408K)->17254K(17408K) Class: 1829K(1856K)->1829K(1856K)
[565.960s][info][gc             ] GC(1404) Pause Young (Normal) (G1 Evacuation Pause) (Evacuation Failure: Allocation) 898M->703M(978M) 102.121ms
[565.960s][info][gc,cpu         ] GC(1404) User=0.20s Sys=0.00s Real=0.10s
[566.378s][info][gc,start       ] GC(1405) Pause Young (Normal) (G1 Evacuation Pause)
[566.378s][info][gc,task        ] GC(1405) Using 2 workers of 2 for evacuation
[566.490s][info][gc,phases      ] GC(1405)   Pre Evacuate Collection Set: 0.46ms
[566.490s][info][gc,phases      ] GC(1405)   Merge Heap Roots: 1.12ms
[566.490s][info][gc,phases      ] GC(1405)   Evacuate Collection Set: 108.54ms
[566.490s][info][gc,phases      ] GC(1405)   Post Evacuate Collection Set: 1.00ms
[566.490s][info][gc,phases      ] GC(1405)   Other: 0.11ms
[566.490s][info][gc,heap        ] GC(1405) Eden regions: 203->0(233)
[566.490s][info][gc,heap        ] GC(1405) Survivor regions: 15->20(28)
[566.490s][info][gc,heap        ] GC(1405) Old regions: 685->638
[566.490s][info][gc,heap        ] GC(1405) Humongous regions: 7->7
[566.490s][info][gc,metaspace   ] GC(1405) Metaspace: 19092K(19264K)->19092K(19264K) NonClass: 17262K(17408K)->17262K(17408K) Class: 1829K(1856K)->1829K(1856K)
[566.490s][info][gc             ] GC(1405) Pause Young (Normal) (G1 Evacuation Pause) 909M->663M(978M) 111.530ms
[566.490s][info][gc,cpu         ] GC(1405) User=0.22s Sys=0.00s Real=0.11s
[566.812s][info][gc,marking     ] GC(1402) Concurrent Mark From Roots 1801.680ms
[566.812s][info][gc,marking     ] GC(1402) Concurrent Preclean
[566.813s][info][gc,marking     ] GC(1402) Concurrent Preclean 0.045ms
[566.813s][info][gc,start       ] GC(1402) Pause Remark
[566.823s][info][gc             ] GC(1402) Pause Remark 767M->767M(978M) 10.067ms
[566.823s][info][gc,cpu         ] GC(1402) User=0.02s Sys=0.00s Real=0.01s
[566.823s][info][gc,marking     ] GC(1402) Concurrent Mark 1812.299ms
[566.823s][info][gc,marking     ] GC(1402) Concurrent Rebuild Remembered Sets and Scrub Regions
[567.215s][info][gc,start       ] GC(1406) Pause Young (Normal) (G1 Evacuation Pause)
[567.215s][info][gc,task        ] GC(1406) Using 2 workers of 2 for evacuation
[567.350s][info][gc,phases      ] GC(1406)   Pre Evacuate Collection Set: 0.53ms
[567.350s][info][gc,phases      ] GC(1406)   Merge Heap Roots: 2.02ms
[567.350s][info][gc,phases      ] GC(1406)   Evacuate Collection Set: 130.94ms
[567.350s][info][gc,phases      ] GC(1406)   Post Evacuate Collection Set: 0.63ms
[567.350s][info][gc,phases      ] GC(1406)   Other: 0.12ms
[567.350s][info][gc,heap        ] GC(1406) Eden regions: 233->0(222)
[567.350s][info][gc,heap        ] GC(1406) Survivor regions: 20->28(32)
[567.350s][info][gc,heap        ] GC(1406) Old regions: 638->628
[567.350s][info][gc,heap        ] GC(1406) Humongous regions: 13->13
[567.350s][info][gc,metaspace   ] GC(1406) Metaspace: 19092K(19264K)->19092K(19264K) NonClass: 17262K(17408K)->17262K(17408K) Class: 1829K(1856K)->1829K(1856K)
[567.350s][info][gc             ] GC(1406) Pause Young (Normal) (G1 Evacuation Pause) 902M->667M(978M) 134.483ms
[567.350s][info][gc,cpu         ] GC(1406) User=0.26s Sys=0.00s Real=0.14s
[567.535s][info][gc,marking     ] GC(1402) Concurrent Rebuild Remembered Sets and Scrub Regions 711.701ms
[567.535s][info][gc,start       ] GC(1402) Pause Cleanup
[567.535s][info][gc             ] GC(1402) Pause Cleanup 735M->735M(978M) 0.113ms
[567.535s][info][gc,cpu         ] GC(1402) User=0.00s Sys=0.00s Real=0.00s
[567.535s][info][gc,marking     ] GC(1402) Concurrent Clear Claimed Marks
[567.535s][info][gc,marking     ] GC(1402) Concurrent Clear Claimed Marks 0.061ms
[567.535s][info][gc,marking     ] GC(1402) Concurrent Cleanup for Next Mark
[567.538s][info][gc,marking     ] GC(1402) Concurrent Cleanup for Next Mark 2.916ms
[567.538s][info][gc             ] GC(1402) Concurrent Mark Cycle 2730.347ms
[567.802s][info][gc,start       ] GC(1407) Pause Young (Prepare Mixed) (G1 Evacuation Pause)
[567.802s][info][gc,task        ] GC(1407) Using 2 workers of 2 for evacuation
[567.854s][info][gc,phases      ] GC(1407)   Pre Evacuate Collection Set: 0.33ms
[567.854s][info][gc,phases      ] GC(1407)   Merge Heap Roots: 0.18ms
[567.854s][info][gc,phases      ] GC(1407)   Evacuate Collection Set: 50.49ms
[567.854s][info][gc,phases      ] GC(1407)   Post Evacuate Collection Set: 0.52ms
[567.854s][info][gc,phases      ] GC(1407)   Other: 0.09ms
[567.854s][info][gc,heap        ] GC(1407) Eden regions: 222->0(237)
[567.854s][info][gc,heap        ] GC(1407) Survivor regions: 28->1(32)
[567.854s][info][gc,heap        ] GC(1407) Old regions: 628->655
[567.854s][info][gc,heap        ] GC(1407) Humongous regions: 13->13
[567.854s][info][gc,metaspace   ] GC(1407) Metaspace: 19092K(19264K)->19092K(19264K) NonClass: 17262K(17408K)->17262K(17408K) Class: 1829K(1856K)->1829K(1856K)
[567.854s][info][gc             ] GC(1407) Pause Young (Prepare Mixed) (G1 Evacuation Pause) 889M->668M(978M) 51.947ms
[567.854s][info][gc,cpu         ] GC(1407) User=0.10s Sys=0.00s Real=0.05s
[568.269s][info][gc,start       ] GC(1408) Pause Young (Mixed) (G1 Evacuation Pause)
[568.269s][info][gc,task        ] GC(1408) Using 2 workers of 2 for evacuation
[568.270s][info][gc,phases      ] GC(1408)   Pre Evacuate Collection Set: 0.58ms
[568.270s][info][gc,phases      ] GC(1408)   Merge Heap Roots: 0.12ms
[568.270s][info][gc,phases      ] GC(1408)   Evacuate Collection Set: 0.34ms
[568.270s][info][gc,phases      ] GC(1408)   Post Evacuate Collection Set: 0.41ms
[568.270s][info][gc,phases      ] GC(1408)   Other: 0.12ms
[568.270s][info][gc,heap        ] GC(1408) Eden regions: 237->0(256)
[568.270s][info][gc,heap        ] GC(1408) Survivor regions: 1->1(30)
[568.270s][info][gc,heap        ] GC(1408) Old regions: 655->646
[568.270s][info][gc,heap        ] GC(1408) Humongous regions: 13->13
[568.270s][info][gc,metaspace   ] GC(1408) Metaspace: 19092K(19264K)->19092K(19264K) NonClass: 17262K(17408K)->17262K(17408K) Class: 1829K(1856K)->1829K(1856K)
[568.270s][info][gc             ] GC(1408) Pause Young (Mixed) (G1 Evacuation Pause) 905M->659M(978M) 1.795ms
[568.270s][info][gc,cpu         ] GC(1408) User=0.00s Sys=0.00s Real=0.00s
[568.722s][info][gc,start       ] GC(1409) Pause Young (Concurrent Start) (G1 Evacuation Pause)
[568.722s][info][gc,task        ] GC(1409) Using 2 workers of 2 for evacuation
[568.724s][info][gc,phases      ] GC(1409)   Pre Evacuate Collection Set: 0.35ms
[568.724s][info][gc,phases      ] GC(1409)   Merge Heap Roots: 0.07ms
[568.724s][info][gc,phases      ] GC(1409)   Evacuate Collection Set: 0.53ms
[568.724s][info][gc,phases      ] GC(1409)   Post Evacuate Collection Set: 0.45ms
[568.724s][info][gc,phases      ] GC(1409)   Other: 0.23ms
[568.724s][info][gc,heap        ] GC(1409) Eden regions: 256->0(266)
[568.724s][info][gc,heap        ] GC(1409) Survivor regions: 1->1(33)
[568.724s][info][gc,heap        ] GC(1409) Old regions: 646->646
[568.724s][info][gc,heap        ] GC(1409) Humongous regions: 13->13
[568.724s][info][gc,metaspace   ] GC(1409) Metaspace: 19092K(19264K)->19092K(19264K) NonClass: 17262K(17408K)->17262K(17408K) Class: 1829K(1856K)->1829K(1856K)
[568.724s][info][gc             ] GC(1409) Pause Young (Concurrent Start) (G1 Evacuation Pause) 915M->659M(978M) 1.842ms
[568.724s][info][gc,cpu         ] GC(1409) User=0.00s Sys=0.00s Real=0.00s
[568.724s][info][gc             ] GC(1410) Concurrent Mark Cycle
[568.724s][info][gc,marking     ] GC(1410) Concurrent Scan Root Regions
[568.724s][info][gc,marking     ] GC(1410) Concurrent Scan Root Regions 0.243ms
[568.724s][info][gc,marking     ] GC(1410) Concurrent Mark
[568.724s][info][gc,marking     ] GC(1410) Concurrent Mark From Roots
[568.724s][info][gc,task        ] GC(1410) Using 1 workers of 1 for marking
[569.969s][info][gc,start       ] GC(1411) Pause Young (Normal) (G1 Evacuation Pause)
[569.969s][info][gc,task        ] GC(1411) Using 2 workers of 2 for evacuation
[569.970s][info][gc,phases      ] GC(1411)   Pre Evacuate Collection Set: 0.35ms
[569.970s][info][gc,phases      ] GC(1411)   Merge Heap Roots: 0.09ms
[569.971s][info][gc,phases      ] GC(1411)   Evacuate Collection Set: 0.33ms
[569.971s][info][gc,phases      ] GC(1411)   Post Evacuate Collection Set: 0.45ms
[569.971s][info][gc,phases      ] GC(1411)   Other: 0.11ms
[569.971s][info][gc,heap        ] GC(1411) Eden regions: 266->0(267)
[569.971s][info][gc,heap        ] GC(1411) Survivor regions: 1->1(34)
[569.971s][info][gc,heap        ] GC(1411) Old regions: 646->646
[569.971s][info][gc,heap        ] GC(1411) Humongous regions: 13->13
[569.971s][info][gc,metaspace   ] GC(1411) Metaspace: 19092K(19264K)->19092K(19264K) NonClass: 17262K(17408K)->17262K(17408K) Class: 1829K(1856K)->1829K(1856K)
[569.971s][info][gc             ] GC(1411) Pause Young (Normal) (G1 Evacuation Pause) 925M->659M(978M) 1.589ms
[569.971s][info][gc,cpu         ] GC(1411) User=0.00s Sys=0.00s Real=0.00s
[570.124s][info][gc,marking     ] GC(1410) Concurrent Mark From Roots 1400.100ms
[570.124s][info][gc,marking     ] GC(1410) Concurrent Preclean
[570.124s][info][gc,marking     ] GC(1410) Concurrent Preclean 0.046ms
[570.125s][info][gc,start       ] GC(1410) Pause Remark
[570.134s][info][gc             ] GC(1410) Pause Remark 699M->599M(978M) 9.046ms
[570.134s][info][gc,cpu         ] GC(1410) User=0.02s Sys=0.00s Real=0.01s
[570.134s][info][gc,marking     ] GC(1410) Concurrent Mark 1410.351ms
[570.134s][info][gc,marking     ] GC(1410) Concurrent Rebuild Remembered Sets and Scrub Regions
[570.567s][info][gc,start       ] GC(1412) Pause Young (Normal) (G1 Evacuation Pause)
[570.567s][info][gc,task        ] GC(1412) Using 2 workers of 2 for evacuation
[570.605s][info][gc,phases      ] GC(1412)   Pre Evacuate Collection Set: 0.29ms
[570.605s][info][gc,phases      ] GC(1412)   Merge Heap Roots: 0.23ms
[570.605s][info][gc,phases      ] GC(1412)   Evacuate Collection Set: 36.59ms
[570.605s][info][gc,phases      ] GC(1412)   Post Evacuate Collection Set: 0.54ms
[570.605s][info][gc,phases      ] GC(1412)   Other: 0.12ms
[570.605s][info][gc,heap        ] GC(1412) Eden regions: 267->0(313)
[570.605s][info][gc,heap        ] GC(1412) Survivor regions: 1->28(34)
[570.605s][info][gc,heap        ] GC(1412) Old regions: 552->552
[570.605s][info][gc,heap        ] GC(1412) Humongous regions: 7->7
[570.605s][info][gc,metaspace   ] GC(1412) Metaspace: 19093K(19264K)->19093K(19264K) NonClass: 17263K(17408K)->17263K(17408K) Class: 1829K(1856K)->1829K(1856K)
[570.605s][info][gc             ] GC(1412) Pause Young (Normal) (G1 Evacuation Pause) 826M->586M(978M) 38.048ms
[570.605s][info][gc,cpu         ] GC(1412) User=0.07s Sys=0.00s Real=0.04s
[570.607s][info][gc,marking     ] GC(1410) Concurrent Rebuild Remembered Sets and Scrub Regions 472.742ms
[570.608s][info][gc,start       ] GC(1410) Pause Cleanup
[570.608s][info][gc             ] GC(1410) Pause Cleanup 589M->589M(978M) 0.133ms
[570.608s][info][gc,cpu         ] GC(1410) User=0.00s Sys=0.00s Real=0.00s
[570.608s][info][gc,marking     ] GC(1410) Concurrent Clear Claimed Marks
[570.608s][info][gc,marking     ] GC(1410) Concurrent Clear Claimed Marks 0.036ms
[570.608s][info][gc,marking     ] GC(1410) Concurrent Cleanup for Next Mark
[570.613s][info][gc,marking     ] GC(1410) Concurrent Cleanup for Next Mark 4.991ms
[570.613s][info][gc             ] GC(1410) Concurrent Mark Cycle 1889.246ms
[570.982s][info][gc,start       ] GC(1413) Pause Young (Prepare Mixed) (G1 Evacuation Pause)
[570.982s][info][gc,task        ] GC(1413) Using 2 workers of 2 for evacuation
[571.036s][info][gc,phases      ] GC(1413)   Pre Evacuate Collection Set: 0.41ms
[571.036s][info][gc,phases      ] GC(1413)   Merge Heap Roots: 0.21ms
[571.036s][info][gc,phases      ] GC(1413)   Evacuate Collection Set: 52.84ms
[571.036s][info][gc,phases      ] GC(1413)   Post Evacuate Collection Set: 0.72ms
[571.036s][info][gc,phases      ] GC(1413)   Other: 0.15ms
[571.036s][info][gc,heap        ] GC(1413) Eden regions: 313->0(318)
[571.036s][info][gc,heap        ] GC(1413) Survivor regions: 28->8(43)
[571.036s][info][gc,heap        ] GC(1413) Old regions: 552->580
[571.037s][info][gc,heap        ] GC(1413) Humongous regions: 7->7
[571.037s][info][gc,metaspace   ] GC(1413) Metaspace: 19093K(19264K)->19093K(19264K) NonClass: 17263K(17408K)->17263K(17408K) Class: 1829K(1856K)->1829K(1856K)
[571.037s][info][gc             ] GC(1413) Pause Young (Prepare Mixed) (G1 Evacuation Pause) 899M->594M(978M) 54.754ms
[571.037s][info][gc,cpu         ] GC(1413) User=0.10s Sys=0.00s Real=0.05s
[571.530s][info][gc,start       ] GC(1414) Pause Young (Mixed) (G1 Evacuation Pause)
[571.530s][info][gc,task        ] GC(1414) Using 2 workers of 2 for evacuation
[571.553s][info][gc,phases      ] GC(1414)   Pre Evacuate Collection Set: 0.60ms
[571.553s][info][gc,phases      ] GC(1414)   Merge Heap Roots: 0.25ms
[571.553s][info][gc,phases      ] GC(1414)   Evacuate Collection Set: 21.82ms
[571.553s][info][gc,phases      ] GC(1414)   Post Evacuate Collection Set: 0.67ms
[571.553s][info][gc,phases      ] GC(1414)   Other: 0.13ms
[571.553s][info][gc,heap        ] GC(1414) Eden regions: 318->0(364)
[571.553s][info][gc,heap        ] GC(1414) Survivor regions: 8->16(41)
[571.553s][info][gc,heap        ] GC(1414) Old regions: 580->521
[571.553s][info][gc,heap        ] GC(1414) Humongous regions: 7->7
[571.553s][info][gc,metaspace   ] GC(1414) Metaspace: 19097K(19264K)->19097K(19264K) NonClass: 17268K(17408K)->17268K(17408K) Class: 1829K(1856K)->1829K(1856K)
[571.553s][info][gc             ] GC(1414) Pause Young (Mixed) (G1 Evacuation Pause) 912M->543M(978M) 23.684ms
[571.553s][info][gc,cpu         ] GC(1414) User=0.04s Sys=0.00s Real=0.02s
[572.344s][info][gc,start       ] GC(1415) Pause Young (Concurrent Start) (G1 Evacuation Pause)
[572.344s][info][gc,task        ] GC(1415) Using 2 workers of 2 for evacuation
[572.367s][info][gc,phases      ] GC(1415)   Pre Evacuate Collection Set: 0.36ms
[572.367s][info][gc,phases      ] GC(1415)   Merge Heap Roots: 0.20ms
[572.367s][info][gc,phases      ] GC(1415)   Evacuate Collection Set: 20.93ms
[572.367s][info][gc,phases      ] GC(1415)   Post Evacuate Collection Set: 0.70ms
[572.367s][info][gc,phases      ] GC(1415)   Other: 0.25ms
[572.367s][info][gc,heap        ] GC(1415) Eden regions: 364->0(366)
[572.367s][info][gc,heap        ] GC(1415) Survivor regions: 16->17(48)
[572.367s][info][gc,heap        ] GC(1415) Old regions: 521->521
[572.367s][info][gc,heap        ] GC(1415) Humongous regions: 7->7
[572.367s][info][gc,metaspace   ] GC(1415) Metaspace: 19103K(19264K)->19103K(19264K) NonClass: 17274K(17408K)->17274K(17408K) Class: 1829K(1856K)->1829K(1856K)
[572.367s][info][gc             ] GC(1415) Pause Young (Concurrent Start) (G1 Evacuation Pause) 907M->543M(978M) 22.706ms
[572.367s][info][gc,cpu         ] GC(1415) User=0.04s Sys=0.00s Real=0.02s
[572.367s][info][gc             ] GC(1416) Concurrent Mark Cycle
[572.367s][info][gc,marking     ] GC(1416) Concurrent Scan Root Regions
[572.402s][info][gc,marking     ] GC(1416) Concurrent Scan Root Regions 35.327ms
[572.402s][info][gc,marking     ] GC(1416) Concurrent Mark
[572.402s][info][gc,marking     ] GC(1416) Concurrent Mark From Roots
[572.402s][info][gc,task        ] GC(1416) Using 1 workers of 1 for marking
[573.580s][info][gc,start       ] GC(1417) Pause Young (Normal) (G1 Evacuation Pause)
[573.580s][info][gc,task        ] GC(1417) Using 2 workers of 2 for evacuation
[573.645s][info][gc,phases      ] GC(1417)   Pre Evacuate Collection Set: 0.59ms
[573.645s][info][gc,phases      ] GC(1417)   Merge Heap Roots: 0.21ms
[573.645s][info][gc,phases      ] GC(1417)   Evacuate Collection Set: 63.17ms
[573.645s][info][gc,phases      ] GC(1417)   Post Evacuate Collection Set: 0.77ms
[573.645s][info][gc,phases      ] GC(1417)   Other: 0.12ms
[573.645s][info][gc,heap        ] GC(1417) Eden regions: 366->0(295)
[573.645s][info][gc,heap        ] GC(1417) Survivor regions: 17->48(48)
[573.645s][info][gc,heap        ] GC(1417) Old regions: 521->530
[573.645s][info][gc,heap        ] GC(1417) Humongous regions: 7->7
[573.645s][info][gc,metaspace   ] GC(1417) Metaspace: 19117K(19264K)->19117K(19264K) NonClass: 17288K(17408K)->17288K(17408K) Class: 1829K(1856K)->1829K(1856K)
[573.645s][info][gc             ] GC(1417) Pause Young (Normal) (G1 Evacuation Pause) 909M->584M(978M) 65.125ms
[573.645s][info][gc,cpu         ] GC(1417) User=0.12s Sys=0.00s Real=0.06s
[574.183s][info][gc,marking     ] GC(1416) Concurrent Mark From Roots 1780.368ms
[574.183s][info][gc,marking     ] GC(1416) Concurrent Preclean
[574.183s][info][gc,marking     ] GC(1416) Concurrent Preclean 0.046ms
[574.183s][info][gc,start       ] GC(1416) Pause Remark
[574.192s][info][gc             ] GC(1416) Pause Remark 768M->768M(978M) 9.102ms
[574.192s][info][gc,cpu         ] GC(1416) User=0.01s Sys=0.00s Real=0.01s
[574.192s][info][gc,marking     ] GC(1416) Concurrent Mark 1789.870ms
[574.192s][info][gc,marking     ] GC(1416) Concurrent Rebuild Remembered Sets and Scrub Regions
[574.456s][info][gc,start       ] GC(1418) Pause Young (Normal) (G1 Evacuation Pause)
[574.456s][info][gc,task        ] GC(1418) Using 2 workers of 2 for evacuation
[574.567s][info][gc,phases      ] GC(1418)   Pre Evacuate Collection Set: 0.30ms
[574.567s][info][gc,phases      ] GC(1418)   Merge Heap Roots: 0.34ms
[574.567s][info][gc,phases      ] GC(1418)   Evacuate Collection Set: 110.25ms
[574.567s][info][gc,phases      ] GC(1418)   Post Evacuate Collection Set: 0.66ms
[574.567s][info][gc,phases      ] GC(1418)   Other: 0.12ms
[574.567s][info][gc,heap        ] GC(1418) Eden regions: 295->0(255)
[574.567s][info][gc,heap        ] GC(1418) Survivor regions: 48->42(43)
[574.567s][info][gc,heap        ] GC(1418) Old regions: 530->579
[574.567s][info][gc,heap        ] GC(1418) Humongous regions: 10->10
[574.567s][info][gc,metaspace   ] GC(1418) Metaspace: 19117K(19264K)->19117K(19264K) NonClass: 17288K(17408K)->17288K(17408K) Class: 1829K(1856K)->1829K(1856K)
[574.567s][info][gc             ] GC(1418) Pause Young (Normal) (G1 Evacuation Pause) 882M->630M(978M) 111.945ms
[574.567s][info][gc,cpu         ] GC(1418) User=0.23s Sys=0.00s Real=0.11s
[574.881s][info][gc,marking     ] GC(1416) Concurrent Rebuild Remembered Sets and Scrub Regions 688.679ms
[574.881s][info][gc,start       ] GC(1416) Pause Cleanup
[574.881s][info][gc             ] GC(1416) Pause Cleanup 757M->757M(978M) 0.136ms
[574.881s][info][gc,cpu         ] GC(1416) User=0.00s Sys=0.00s Real=0.00s
[574.881s][info][gc,marking     ] GC(1416) Concurrent Clear Claimed Marks
[574.881s][info][gc,marking     ] GC(1416) Concurrent Clear Claimed Marks 0.041ms
[574.881s][info][gc,marking     ] GC(1416) Concurrent Cleanup for Next Mark
[574.888s][info][gc,marking     ] GC(1416) Concurrent Cleanup for Next Mark 6.726ms
[574.888s][info][gc             ] GC(1416) Concurrent Mark Cycle 2521.307ms
[575.106s][info][gc,start       ] GC(1419) Pause Young (Prepare Mixed) (G1 Evacuation Pause)
[575.106s][info][gc,task        ] GC(1419) Using 2 workers of 2 for evacuation
[575.162s][info][gc,phases      ] GC(1419)   Pre Evacuate Collection Set: 0.52ms
[575.162s][info][gc,phases      ] GC(1419)   Merge Heap Roots: 0.26ms
[575.162s][info][gc,phases      ] GC(1419)   Evacuate Collection Set: 54.44ms
[575.162s][info][gc,phases      ] GC(1419)   Post Evacuate Collection Set: 0.57ms
[575.162s][info][gc,phases      ] GC(1419)   Other: 0.11ms
[575.162s][info][gc,heap        ] GC(1419) Eden regions: 255->0(280)
[575.162s][info][gc,heap        ] GC(1419) Survivor regions: 42->1(38)
[575.162s][info][gc,heap        ] GC(1419) Old regions: 579->621
[575.162s][info][gc,heap        ] GC(1419) Humongous regions: 10->10
[575.162s][info][gc,metaspace   ] GC(1419) Metaspace: 19117K(19264K)->19117K(19264K) NonClass: 17288K(17408K)->17288K(17408K) Class: 1829K(1856K)->1829K(1856K)
[575.163s][info][gc             ] GC(1419) Pause Young (Prepare Mixed) (G1 Evacuation Pause) 885M->631M(978M) 56.153ms
[575.163s][info][gc,cpu         ] GC(1419) User=0.11s Sys=0.00s Real=0.06s
[575.652s][info][gc,start       ] GC(1420) Pause Young (Mixed) (G1 Evacuation Pause)
[575.652s][info][gc,task        ] GC(1420) Using 2 workers of 2 for evacuation
[575.655s][info][gc,phases      ] GC(1420)   Pre Evacuate Collection Set: 0.52ms
[575.655s][info][gc,phases      ] GC(1420)   Merge Heap Roots: 0.12ms
[575.655s][info][gc,phases      ] GC(1420)   Evacuate Collection Set: 1.07ms
[575.655s][info][gc,phases      ] GC(1420)   Post Evacuate Collection Set: 0.49ms
[575.655s][info][gc,phases      ] GC(1420)   Other: 0.11ms
[575.655s][info][gc,heap        ] GC(1420) Eden regions: 280->0(296)
[575.655s][info][gc,heap        ] GC(1420) Survivor regions: 1->1(36)
[575.655s][info][gc,heap        ] GC(1420) Old regions: 621->611
[575.655s][info][gc,heap        ] GC(1420) Humongous regions: 10->10
[575.655s][info][gc,metaspace   ] GC(1420) Metaspace: 19117K(19264K)->19117K(19264K) NonClass: 17288K(17408K)->17288K(17408K) Class: 1829K(1856K)->1829K(1856K)
[575.655s][info][gc             ] GC(1420) Pause Young (Mixed) (G1 Evacuation Pause) 911M->621M(978M) 2.558ms
[575.655s][info][gc,cpu         ] GC(1420) User=0.01s Sys=0.00s Real=0.00s
[576.159s][info][gc,start       ] GC(1421) Pause Young (Concurrent Start) (G1 Evacuation Pause)
[576.159s][info][gc,task        ] GC(1421) Using 2 workers of 2 for evacuation
[576.160s][info][gc,phases      ] GC(1421)   Pre Evacuate Collection Set: 0.33ms
[576.160s][info][gc,phases      ] GC(1421)   Merge Heap Roots: 0.10ms
[576.160s][info][gc,phases      ] GC(1421)   Evacuate Collection Set: 0.58ms
[576.160s][info][gc,phases      ] GC(1421)   Post Evacuate Collection Set: 0.53ms
[576.160s][info][gc,phases      ] GC(1421)   Other: 0.15ms
[576.160s][info][gc,heap        ] GC(1421) Eden regions: 296->0(305)
[576.160s][info][gc,heap        ] GC(1421) Survivor regions: 1->1(38)
[576.160s][info][gc,heap        ] GC(1421) Old regions: 611->611
[576.160s][info][gc,heap        ] GC(1421) Humongous regions: 10->10
[576.160s][info][gc,metaspace   ] GC(1421) Metaspace: 19117K(19264K)->19117K(19264K) NonClass: 17288K(17408K)->17288K(17408K) Class: 1829K(1856K)->1829K(1856K)
[576.160s][info][gc             ] GC(1421) Pause Young (Concurrent Start) (G1 Evacuation Pause) 917M->621M(978M) 1.936ms
[576.160s][info][gc             ] GC(1422) Concurrent Mark Cycle
[576.160s][info][gc,marking     ] GC(1422) Concurrent Scan Root Regions
[576.161s][info][gc,cpu         ] GC(1421) User=0.00s Sys=0.00s Real=0.00s
[576.162s][info][gc,marking     ] GC(1422) Concurrent Scan Root Regions 1.955ms
[576.162s][info][gc,marking     ] GC(1422) Concurrent Mark
[576.162s][info][gc,marking     ] GC(1422) Concurrent Mark From Roots
[576.162s][info][gc,task        ] GC(1422) Using 1 workers of 1 for marking
[576.948s][info][gc,start       ] GC(1423) Pause Young (Normal) (G1 Evacuation Pause)
[576.948s][info][gc,task        ] GC(1423) Using 2 workers of 2 for evacuation
[576.987s][info][gc,phases      ] GC(1423)   Pre Evacuate Collection Set: 0.55ms
[576.987s][info][gc,phases      ] GC(1423)   Merge Heap Roots: 0.22ms
[576.987s][info][gc,phases      ] GC(1423)   Evacuate Collection Set: 37.29ms
[576.987s][info][gc,phases      ] GC(1423)   Post Evacuate Collection Set: 0.63ms
[576.987s][info][gc,phases      ] GC(1423)   Other: 0.12ms
[576.987s][info][gc,heap        ] GC(1423) Eden regions: 305->0(251)
[576.987s][info][gc,heap        ] GC(1423) Survivor regions: 1->28(39)
[576.987s][info][gc,heap        ] GC(1423) Old regions: 611->611
[576.987s][info][gc,heap        ] GC(1423) Humongous regions: 10->10
[576.987s][info][gc,metaspace   ] GC(1423) Metaspace: 19117K(19264K)->19117K(19264K) NonClass: 17288K(17408K)->17288K(17408K) Class: 1829K(1856K)->1829K(1856K)
[576.987s][info][gc             ] GC(1423) Pause Young (Normal) (G1 Evacuation Pause) 926M->647M(978M) 39.067ms
[576.987s][info][gc,cpu         ] GC(1423) User=0.08s Sys=0.00s Real=0.03s
[577.386s][info][gc,start       ] GC(1424) Pause Young (Normal) (G1 Evacuation Pause)
[577.386s][info][gc,task        ] GC(1424) Using 2 workers of 2 for evacuation
[577.457s][info][gc,phases      ] GC(1424)   Pre Evacuate Collection Set: 0.32ms
[577.457s][info][gc,phases      ] GC(1424)   Merge Heap Roots: 0.34ms
[577.457s][info][gc,phases      ] GC(1424)   Evacuate Collection Set: 69.48ms
[577.457s][info][gc,phases      ] GC(1424)   Post Evacuate Collection Set: 0.57ms
[577.457s][info][gc,phases      ] GC(1424)   Other: 0.11ms
[577.457s][info][gc,heap        ] GC(1424) Eden regions: 251->0(232)
[577.457s][info][gc,heap        ] GC(1424) Survivor regions: 28->24(35)
[577.457s][info][gc,heap        ] GC(1424) Old regions: 611->638
[577.457s][info][gc,heap        ] GC(1424) Humongous regions: 10->10
[577.457s][info][gc,metaspace   ] GC(1424) Metaspace: 19117K(19264K)->19117K(19264K) NonClass: 17288K(17408K)->17288K(17408K) Class: 1829K(1856K)->1829K(1856K)
[577.457s][info][gc             ] GC(1424) Pause Young (Normal) (G1 Evacuation Pause) 898M->671M(978M) 71.178ms
[577.457s][info][gc,cpu         ] GC(1424) User=0.14s Sys=0.00s Real=0.07s
[577.804s][info][gc,start       ] GC(1425) Pause Young (Normal) (G1 Evacuation Pause)
[577.804s][info][gc,task        ] GC(1425) Using 2 workers of 2 for evacuation
[577.892s][info][gc,phases      ] GC(1425)   Pre Evacuate Collection Set: 0.36ms
[577.892s][info][gc,phases      ] GC(1425)   Merge Heap Roots: 0.28ms
[577.892s][info][gc,phases      ] GC(1425)   Evacuate Collection Set: 86.16ms
[577.892s][info][gc,phases      ] GC(1425)   Post Evacuate Collection Set: 0.61ms
[577.892s][info][gc,phases      ] GC(1425)   Other: 0.10ms
[577.892s][info][gc,heap        ] GC(1425) Eden regions: 232->0(196)
[577.892s][info][gc,heap        ] GC(1425) Survivor regions: 24->30(32)
[577.892s][info][gc,heap        ] GC(1425) Old regions: 638->662
[577.892s][info][gc,heap        ] GC(1425) Humongous regions: 10->10
[577.892s][info][gc,metaspace   ] GC(1425) Metaspace: 19117K(19264K)->19117K(19264K) NonClass: 17288K(17408K)->17288K(17408K) Class: 1829K(1856K)->1829K(1856K)
[577.892s][info][gc             ] GC(1425) Pause Young (Normal) (G1 Evacuation Pause) 903M->701M(978M) 87.799ms
[577.892s][info][gc,cpu         ] GC(1425) User=0.17s Sys=0.00s Real=0.09s
[578.035s][info][gc,marking     ] GC(1422) Concurrent Mark From Roots 1872.743ms
[578.035s][info][gc,marking     ] GC(1422) Concurrent Preclean
[578.035s][info][gc,marking     ] GC(1422) Concurrent Preclean 0.050ms
[578.036s][info][gc,start       ] GC(1422) Pause Remark
[578.045s][info][gc             ] GC(1422) Pause Remark 796M->709M(978M) 9.315ms
[578.045s][info][gc,cpu         ] GC(1422) User=0.02s Sys=0.00s Real=0.01s
[578.046s][info][gc,marking     ] GC(1422) Concurrent Mark 1883.101ms
[578.046s][info][gc,marking     ] GC(1422) Concurrent Rebuild Remembered Sets and Scrub Regions
[578.206s][info][gc,start       ] GC(1426) Pause Young (Normal) (G1 Evacuation Pause)
[578.206s][info][gc,task        ] GC(1426) Using 2 workers of 2 for evacuation
[578.284s][info][gc,phases      ] GC(1426)   Pre Evacuate Collection Set: 0.57ms
[578.284s][info][gc,phases      ] GC(1426)   Merge Heap Roots: 0.28ms
[578.284s][info][gc,phases      ] GC(1426)   Evacuate Collection Set: 76.57ms
[578.284s][info][gc,phases      ] GC(1426)   Post Evacuate Collection Set: 0.54ms
[578.284s][info][gc,phases      ] GC(1426)   Other: 0.12ms
[578.284s][info][gc,heap        ] GC(1426) Eden regions: 196->0(246)
[578.284s][info][gc,heap        ] GC(1426) Survivor regions: 30->29(29)
[578.284s][info][gc,heap        ] GC(1426) Old regions: 578->609
[578.284s][info][gc,heap        ] GC(1426) Humongous regions: 7->7
[578.284s][info][gc,metaspace   ] GC(1426) Metaspace: 19117K(19264K)->19117K(19264K) NonClass: 17288K(17408K)->17288K(17408K) Class: 1829K(1856K)->1829K(1856K)
[578.284s][info][gc             ] GC(1426) Pause Young (Normal) (G1 Evacuation Pause) 810M->644M(978M) 78.430ms
[578.284s][info][gc,cpu         ] GC(1426) User=0.15s Sys=0.00s Real=0.08s
[578.637s][info][gc,start       ] GC(1427) Pause Young (Normal) (G1 Evacuation Pause)
[578.637s][info][gc,task        ] GC(1427) Using 2 workers of 2 for evacuation
[578.696s][info][gc,phases      ] GC(1427)   Pre Evacuate Collection Set: 0.31ms
[578.696s][info][gc,phases      ] GC(1427)   Merge Heap Roots: 0.41ms
[578.696s][info][gc,phases      ] GC(1427)   Evacuate Collection Set: 56.59ms
[578.696s][info][gc,phases      ] GC(1427)   Post Evacuate Collection Set: 0.62ms
[578.696s][info][gc,phases      ] GC(1427)   Other: 0.13ms
[578.696s][info][gc,heap        ] GC(1427) Eden regions: 246->0(243)
[578.696s][info][gc,heap        ] GC(1427) Survivor regions: 29->13(35)
[578.696s][info][gc,heap        ] GC(1427) Old regions: 609->638
[578.696s][info][gc,heap        ] GC(1427) Humongous regions: 7->7
[578.696s][info][gc,metaspace   ] GC(1427) Metaspace: 19117K(19264K)->19117K(19264K) NonClass: 17288K(17408K)->17288K(17408K) Class: 1829K(1856K)->1829K(1856K)
[578.696s][info][gc             ] GC(1427) Pause Young (Normal) (G1 Evacuation Pause) 890M->657M(978M) 58.406ms
[578.696s][info][gc,cpu         ] GC(1427) User=0.11s Sys=0.00s Real=0.06s
[578.720s][info][gc,marking     ] GC(1422) Concurrent Rebuild Remembered Sets and Scrub Regions 674.682ms
[578.720s][info][gc,start       ] GC(1422) Pause Cleanup
[578.721s][info][gc             ] GC(1422) Pause Cleanup 672M->672M(978M) 0.135ms
[578.721s][info][gc,cpu         ] GC(1422) User=0.00s Sys=0.00s Real=0.00s
[578.722s][info][gc,marking     ] GC(1422) Concurrent Clear Claimed Marks
[578.722s][info][gc,marking     ] GC(1422) Concurrent Clear Claimed Marks 0.063ms
[578.722s][info][gc,marking     ] GC(1422) Concurrent Cleanup for Next Mark
[578.730s][info][gc,marking     ] GC(1422) Concurrent Cleanup for Next Mark 8.541ms
[578.730s][info][gc             ] GC(1422) Concurrent Mark Cycle 2569.791ms
[578.995s][info][gc,start       ] GC(1428) Pause Young (Prepare Mixed) (G1 Evacuation Pause)
[578.995s][info][gc,task        ] GC(1428) Using 2 workers of 2 for evacuation
[579.040s][info][gc,phases      ] GC(1428)   Pre Evacuate Collection Set: 0.38ms
[579.040s][info][gc,phases      ] GC(1428)   Merge Heap Roots: 0.50ms
[579.040s][info][gc,phases      ] GC(1428)   Evacuate Collection Set: 42.58ms
[579.040s][info][gc,phases      ] GC(1428)   Post Evacuate Collection Set: 0.70ms
[579.040s][info][gc,phases      ] GC(1428)   Other: 0.12ms
[579.040s][info][gc,heap        ] GC(1428) Eden regions: 243->0(251)
[579.040s][info][gc,heap        ] GC(1428) Survivor regions: 13->16(32)
[579.040s][info][gc,heap        ] GC(1428) Old regions: 638->638
[579.040s][info][gc,heap        ] GC(1428) Humongous regions: 7->7
[579.040s][info][gc,metaspace   ] GC(1428) Metaspace: 19117K(19264K)->19117K(19264K) NonClass: 17288K(17408K)->17288K(17408K) Class: 1829K(1856K)->1829K(1856K)
[579.040s][info][gc             ] GC(1428) Pause Young (Prepare Mixed) (G1 Evacuation Pause) 900M->660M(978M) 44.591ms
[579.040s][info][gc,cpu         ] GC(1428) User=0.09s Sys=0.00s Real=0.05s
[579.342s][info][gc,start       ] GC(1429) Pause Young (Mixed) (G1 Evacuation Pause)
[579.342s][info][gc,task        ] GC(1429) Using 2 workers of 2 for evacuation
[579.389s][info][gc,phases      ] GC(1429)   Pre Evacuate Collection Set: 0.60ms
[579.389s][info][gc,phases      ] GC(1429)   Merge Heap Roots: 0.53ms
[579.389s][info][gc,phases      ] GC(1429)   Evacuate Collection Set: 44.88ms
[579.389s][info][gc,phases      ] GC(1429)   Post Evacuate Collection Set: 0.68ms
[579.389s][info][gc,phases      ] GC(1429)   Other: 0.10ms
[579.389s][info][gc,heap        ] GC(1429) Eden regions: 251->0(286)
[579.389s][info][gc,heap        ] GC(1429) Survivor regions: 16->18(34)
[579.389s][info][gc,heap        ] GC(1429) Old regions: 638->599
[579.389s][info][gc,heap        ] GC(1429) Humongous regions: 7->7
[579.389s][info][gc,metaspace   ] GC(1429) Metaspace: 19117K(19264K)->19117K(19264K) NonClass: 17288K(17408K)->17288K(17408K) Class: 1829K(1856K)->1829K(1856K)
[579.389s][info][gc             ] GC(1429) Pause Young (Mixed) (G1 Evacuation Pause) 911M->623M(978M) 47.065ms
[579.389s][info][gc,cpu         ] GC(1429) User=0.09s Sys=0.00s Real=0.05s
[579.969s][info][gc,start       ] GC(1430) Pause Young (Concurrent Start) (G1 Evacuation Pause)
[579.969s][info][gc,task        ] GC(1430) Using 2 workers of 2 for evacuation
[580.065s][info][gc,phases      ] GC(1430)   Pre Evacuate Collection Set: 0.34ms
[580.065s][info][gc,phases      ] GC(1430)   Merge Heap Roots: 0.28ms
[580.065s][info][gc,phases      ] GC(1430)   Evacuate Collection Set: 91.73ms
[580.066s][info][gc,phases      ] GC(1430)   Post Evacuate Collection Set: 4.08ms
[580.066s][info][gc,phases      ] GC(1430)   Other: 0.13ms
[580.066s][info][gc,heap        ] GC(1430) Eden regions: 286->0(184)
[580.066s][info][gc,heap        ] GC(1430) Survivor regions: 18->38(38)
[580.066s][info][gc,heap        ] GC(1430) Old regions: 599->661
[580.066s][info][gc,heap        ] GC(1430) Humongous regions: 7->7
[580.066s][info][gc,metaspace   ] GC(1430) Metaspace: 19117K(19264K)->19117K(19264K) NonClass: 17288K(17408K)->17288K(17408K) Class: 1829K(1856K)->1829K(1856K)
[580.066s][info][gc             ] GC(1430) Pause Young (Concurrent Start) (G1 Evacuation Pause) (Evacuation Failure: Allocation) 909M->705M(978M) 96.838ms
[580.066s][info][gc             ] GC(1431) Concurrent Mark Cycle
[580.066s][info][gc,marking     ] GC(1431) Concurrent Scan Root Regions
[580.066s][info][gc,cpu         ] GC(1430) User=0.19s Sys=0.00s Real=0.09s
[580.200s][info][gc,marking     ] GC(1431) Concurrent Scan Root Regions 134.157ms
[580.200s][info][gc,marking     ] GC(1431) Concurrent Mark
[580.200s][info][gc,marking     ] GC(1431) Concurrent Mark From Roots
[580.200s][info][gc,task        ] GC(1431) Using 1 workers of 1 for marking
[580.324s][info][gc,start       ] GC(1432) Pause Young (Normal) (G1 Evacuation Pause)
[580.324s][info][gc,task        ] GC(1432) Using 2 workers of 2 for evacuation
[580.423s][info][gc,phases      ] GC(1432)   Pre Evacuate Collection Set: 0.34ms
[580.423s][info][gc,phases      ] GC(1432)   Merge Heap Roots: 0.43ms
[580.423s][info][gc,phases      ] GC(1432)   Evacuate Collection Set: 96.71ms
[580.423s][info][gc,phases      ] GC(1432)   Post Evacuate Collection Set: 0.61ms
[580.423s][info][gc,phases      ] GC(1432)   Other: 0.09ms
[580.423s][info][gc,heap        ] GC(1432) Eden regions: 184->0(176)
[580.423s][info][gc,heap        ] GC(1432) Survivor regions: 38->28(28)
[580.423s][info][gc,heap        ] GC(1432) Old regions: 661->689
[580.423s][info][gc,heap        ] GC(1432) Humongous regions: 7->7
[580.423s][info][gc,metaspace   ] GC(1432) Metaspace: 19117K(19264K)->19117K(19264K) NonClass: 17288K(17408K)->17288K(17408K) Class: 1829K(1856K)->1829K(1856K)
[580.423s][info][gc             ] GC(1432) Pause Young (Normal) (G1 Evacuation Pause) 889M->723M(978M) 98.435ms
[580.423s][info][gc,cpu         ] GC(1432) User=0.20s Sys=0.00s Real=0.10s
[580.911s][info][gc,start       ] GC(1433) Pause Young (Normal) (G1 Evacuation Pause)
[580.911s][info][gc,task        ] GC(1433) Using 2 workers of 2 for evacuation
[580.951s][info][gc,phases      ] GC(1433)   Pre Evacuate Collection Set: 0.52ms
[580.951s][info][gc,phases      ] GC(1433)   Merge Heap Roots: 0.29ms
[580.951s][info][gc,phases      ] GC(1433)   Evacuate Collection Set: 38.44ms
[580.951s][info][gc,phases      ] GC(1433)   Post Evacuate Collection Set: 0.49ms
[580.951s][info][gc,phases      ] GC(1433)   Other: 0.09ms
[580.951s][info][gc,heap        ] GC(1433) Eden regions: 176->0(178)
[580.951s][info][gc,heap        ] GC(1433) Survivor regions: 28->8(26)
[580.951s][info][gc,heap        ] GC(1433) Old regions: 689->717
[580.951s][info][gc,heap        ] GC(1433) Humongous regions: 7->7
[580.951s][info][gc,metaspace   ] GC(1433) Metaspace: 19117K(19264K)->19117K(19264K) NonClass: 17288K(17408K)->17288K(17408K) Class: 1829K(1856K)->1829K(1856K)
[580.951s][info][gc             ] GC(1433) Pause Young (Normal) (G1 Evacuation Pause) 899M->731M(978M) 40.130ms
[580.951s][info][gc,cpu         ] GC(1433) User=0.08s Sys=0.00s Real=0.04s
[581.526s][info][gc,start       ] GC(1434) Pause Young (Normal) (G1 Evacuation Pause)
[581.526s][info][gc,task        ] GC(1434) Using 2 workers of 2 for evacuation
[581.539s][info][gc,phases      ] GC(1434)   Pre Evacuate Collection Set: 0.55ms
[581.539s][info][gc,phases      ] GC(1434)   Merge Heap Roots: 0.19ms
[581.539s][info][gc,phases      ] GC(1434)   Evacuate Collection Set: 11.80ms
[581.539s][info][gc,phases      ] GC(1434)   Post Evacuate Collection Set: 0.50ms
[581.539s][info][gc,phases      ] GC(1434)   Other: 0.09ms
[581.539s][info][gc,heap        ] GC(1434) Eden regions: 178->0(186)
[581.539s][info][gc,heap        ] GC(1434) Survivor regions: 8->9(24)
[581.539s][info][gc,heap        ] GC(1434) Old regions: 717->717
[581.539s][info][gc,heap        ] GC(1434) Humongous regions: 7->7
[581.539s][info][gc,metaspace   ] GC(1434) Metaspace: 19117K(19264K)->19117K(19264K) NonClass: 17288K(17408K)->17288K(17408K) Class: 1829K(1856K)->1829K(1856K)
[581.539s][info][gc             ] GC(1434) Pause Young (Normal) (G1 Evacuation Pause) 909M->732M(978M) 13.394ms
[581.539s][info][gc,cpu         ] GC(1434) User=0.03s Sys=0.00s Real=0.02s
[582.034s][info][gc,start       ] GC(1435) Pause Young (Normal) (G1 Evacuation Pause)
[582.034s][info][gc,task        ] GC(1435) Using 2 workers of 2 for evacuation
[582.049s][info][gc,phases      ] GC(1435)   Pre Evacuate Collection Set: 0.54ms
[582.049s][info][gc,phases      ] GC(1435)   Merge Heap Roots: 0.21ms
[582.049s][info][gc,phases      ] GC(1435)   Evacuate Collection Set: 13.59ms
[582.049s][info][gc,phases      ] GC(1435)   Post Evacuate Collection Set: 0.53ms
[582.049s][info][gc,phases      ] GC(1435)   Other: 0.08ms
[582.049s][info][gc,heap        ] GC(1435) Eden regions: 186->0(186)
[582.049s][info][gc,heap        ] GC(1435) Survivor regions: 9->9(25)
[582.049s][info][gc,heap        ] GC(1435) Old regions: 717->717
[582.049s][info][gc,heap        ] GC(1435) Humongous regions: 7->7
[582.049s][info][gc,metaspace   ] GC(1435) Metaspace: 19117K(19264K)->19117K(19264K) NonClass: 17288K(17408K)->17288K(17408K) Class: 1829K(1856K)->1829K(1856K)
[582.049s][info][gc             ] GC(1435) Pause Young (Normal) (G1 Evacuation Pause) 918M->732M(978M) 15.200ms
[582.049s][info][gc,cpu         ] GC(1435) User=0.03s Sys=0.00s Real=0.02s
[582.207s][info][gc,marking     ] GC(1431) Concurrent Mark From Roots 2007.194ms
[582.207s][info][gc,marking     ] GC(1431) Concurrent Preclean
[582.207s][info][gc,marking     ] GC(1431) Concurrent Preclean 0.051ms
[582.207s][info][gc,start       ] GC(1431) Pause Remark
[582.217s][info][gc             ] GC(1431) Pause Remark 846M->846M(978M) 9.374ms
[582.217s][info][gc,cpu         ] GC(1431) User=0.02s Sys=0.00s Real=0.01s
[582.217s][info][gc,marking     ] GC(1431) Concurrent Mark 2017.009ms
[582.217s][info][gc,marking     ] GC(1431) Concurrent Rebuild Remembered Sets and Scrub Regions
[582.334s][info][gc,start       ] GC(1436) Pause Young (Normal) (G1 Evacuation Pause)
[582.334s][info][gc,task        ] GC(1436) Using 2 workers of 2 for evacuation
[582.354s][info][gc,phases      ] GC(1436)   Pre Evacuate Collection Set: 0.52ms
[582.354s][info][gc,phases      ] GC(1436)   Merge Heap Roots: 0.26ms
[582.354s][info][gc,phases      ] GC(1436)   Evacuate Collection Set: 18.50ms
[582.354s][info][gc,phases      ] GC(1436)   Post Evacuate Collection Set: 0.53ms
[582.354s][info][gc,phases      ] GC(1436)   Other: 0.15ms
[582.354s][info][gc,heap        ] GC(1436) Eden regions: 186->0(182)
[582.354s][info][gc,heap        ] GC(1436) Survivor regions: 9->11(25)
[582.354s][info][gc,heap        ] GC(1436) Old regions: 717->717
[582.354s][info][gc,heap        ] GC(1436) Humongous regions: 7->7
[582.354s][info][gc,metaspace   ] GC(1436) Metaspace: 19118K(19264K)->19118K(19264K) NonClass: 17288K(17408K)->17288K(17408K) Class: 1829K(1856K)->1829K(1856K)
[582.354s][info][gc             ] GC(1436) Pause Young (Normal) (G1 Evacuation Pause) 918M->734M(978M) 20.217ms
[582.354s][info][gc,cpu         ] GC(1436) User=0.04s Sys=0.01s Real=0.02s
[582.934s][info][gc,start       ] GC(1437) Pause Young (Normal) (G1 Evacuation Pause)
[582.934s][info][gc,task        ] GC(1437) Using 2 workers of 2 for evacuation
[582.986s][info][gc,phases      ] GC(1437)   Pre Evacuate Collection Set: 0.32ms
[582.986s][info][gc,phases      ] GC(1437)   Merge Heap Roots: 0.61ms
[582.986s][info][gc,phases      ] GC(1437)   Evacuate Collection Set: 50.24ms
[582.986s][info][gc,phases      ] GC(1437)   Post Evacuate Collection Set: 0.61ms
[582.986s][info][gc,phases      ] GC(1437)   Other: 0.09ms
[582.986s][info][gc,heap        ] GC(1437) Eden regions: 182->0(149)
[582.986s][info][gc,heap        ] GC(1437) Survivor regions: 11->25(25)
[582.986s][info][gc,heap        ] GC(1437) Old regions: 717->719
[582.986s][info][gc,heap        ] GC(1437) Humongous regions: 10->10
[582.986s][info][gc,metaspace   ] GC(1437) Metaspace: 19118K(19264K)->19118K(19264K) NonClass: 17288K(17408K)->17288K(17408K) Class: 1829K(1856K)->1829K(1856K)
[582.986s][info][gc             ] GC(1437) Pause Young (Normal) (G1 Evacuation Pause) 919M->753M(978M) 52.172ms
[582.986s][info][gc,cpu         ] GC(1437) User=0.11s Sys=0.00s Real=0.05s
[583.165s][info][gc,marking     ] GC(1431) Concurrent Rebuild Remembered Sets and Scrub Regions 948.095ms
[583.165s][info][gc,start       ] GC(1431) Pause Cleanup
[583.165s][info][gc             ] GC(1431) Pause Cleanup 857M->857M(978M) 0.129ms
[583.165s][info][gc,cpu         ] GC(1431) User=0.00s Sys=0.00s Real=0.00s
[583.165s][info][gc,marking     ] GC(1431) Concurrent Clear Claimed Marks
[583.165s][info][gc,marking     ] GC(1431) Concurrent Clear Claimed Marks 0.035ms
[583.166s][info][gc,marking     ] GC(1431) Concurrent Cleanup for Next Mark
[583.168s][info][gc,marking     ] GC(1431) Concurrent Cleanup for Next Mark 2.972ms
[583.169s][info][gc             ] GC(1431) Concurrent Mark Cycle 3102.885ms
[583.221s][info][gc,start       ] GC(1438) Pause Young (Prepare Mixed) (G1 Evacuation Pause)
[583.221s][info][gc,task        ] GC(1438) Using 2 workers of 2 for evacuation
[583.301s][info][gc,phases      ] GC(1438)   Pre Evacuate Collection Set: 0.52ms
[583.301s][info][gc,phases      ] GC(1438)   Merge Heap Roots: 0.53ms
[583.301s][info][gc,phases      ] GC(1438)   Evacuate Collection Set: 77.85ms
[583.301s][info][gc,phases      ] GC(1438)   Post Evacuate Collection Set: 0.54ms
[583.301s][info][gc,phases      ] GC(1438)   Other: 0.09ms
[583.301s][info][gc,heap        ] GC(1438) Eden regions: 149->0(127)
[583.301s][info][gc,heap        ] GC(1438) Survivor regions: 25->22(22)
[583.301s][info][gc,heap        ] GC(1438) Old regions: 719->747
[583.301s][info][gc,heap        ] GC(1438) Humongous regions: 10->10
[583.301s][info][gc,metaspace   ] GC(1438) Metaspace: 19118K(19264K)->19118K(19264K) NonClass: 17288K(17408K)->17288K(17408K) Class: 1829K(1856K)->1829K(1856K)
[583.301s][info][gc             ] GC(1438) Pause Young (Prepare Mixed) (G1 Evacuation Pause) 902M->778M(978M) 79.785ms
[583.301s][info][gc,cpu         ] GC(1438) User=0.16s Sys=0.00s Real=0.08s
[583.462s][info][gc,start       ] GC(1439) Pause Young (Mixed) (G1 Evacuation Pause)
[583.462s][info][gc,task        ] GC(1439) Using 2 workers of 2 for evacuation
[583.524s][info][gc,phases      ] GC(1439)   Pre Evacuate Collection Set: 0.36ms
[583.524s][info][gc,phases      ] GC(1439)   Merge Heap Roots: 0.55ms
[583.524s][info][gc,phases      ] GC(1439)   Evacuate Collection Set: 59.61ms
[583.524s][info][gc,phases      ] GC(1439)   Post Evacuate Collection Set: 0.60ms
[583.524s][info][gc,phases      ] GC(1439)   Other: 0.11ms
[583.524s][info][gc,heap        ] GC(1439) Eden regions: 127->0(133)
[583.524s][info][gc,heap        ] GC(1439) Survivor regions: 22->12(19)
[583.524s][info][gc,heap        ] GC(1439) Old regions: 747->761
[583.524s][info][gc,heap        ] GC(1439) Humongous regions: 10->10
[583.524s][info][gc,metaspace   ] GC(1439) Metaspace: 19118K(19264K)->19118K(19264K) NonClass: 17288K(17408K)->17288K(17408K) Class: 1829K(1856K)->1829K(1856K)
[583.524s][info][gc             ] GC(1439) Pause Young (Mixed) (G1 Evacuation Pause) 905M->782M(978M) 61.523ms
[583.524s][info][gc,cpu         ] GC(1439) User=0.12s Sys=0.00s Real=0.06s
[583.674s][info][gc,start       ] GC(1440) Pause Young (Concurrent Start) (G1 Evacuation Pause)
[583.675s][info][gc,task        ] GC(1440) Using 2 workers of 2 for evacuation
[583.701s][info][gc,phases      ] GC(1440)   Pre Evacuate Collection Set: 0.36ms
[583.701s][info][gc,phases      ] GC(1440)   Merge Heap Roots: 0.33ms
[583.701s][info][gc,phases      ] GC(1440)   Evacuate Collection Set: 24.72ms
[583.701s][info][gc,phases      ] GC(1440)   Post Evacuate Collection Set: 0.51ms
[583.701s][info][gc,phases      ] GC(1440)   Other: 0.15ms
[583.701s][info][gc,heap        ] GC(1440) Eden regions: 133->0(139)
[583.701s][info][gc,heap        ] GC(1440) Survivor regions: 12->3(19)
[583.701s][info][gc,heap        ] GC(1440) Old regions: 761->773
[583.701s][info][gc,heap        ] GC(1440) Humongous regions: 10->10
[583.701s][info][gc,metaspace   ] GC(1440) Metaspace: 19118K(19264K)->19118K(19264K) NonClass: 17288K(17408K)->17288K(17408K) Class: 1829K(1856K)->1829K(1856K)
[583.701s][info][gc             ] GC(1440) Pause Young (Concurrent Start) (G1 Evacuation Pause) 915M->785M(978M) 26.386ms
[583.701s][info][gc,cpu         ] GC(1440) User=0.05s Sys=0.00s Real=0.03s
[583.703s][info][gc             ] GC(1441) Concurrent Mark Cycle
[583.703s][info][gc,marking     ] GC(1441) Concurrent Scan Root Regions
[583.734s][info][gc,marking     ] GC(1441) Concurrent Scan Root Regions 31.194ms
[583.734s][info][gc,marking     ] GC(1441) Concurrent Mark
[583.734s][info][gc,marking     ] GC(1441) Concurrent Mark From Roots
[583.734s][info][gc,task        ] GC(1441) Using 1 workers of 1 for marking
[584.093s][info][gc,start       ] GC(1442) Pause Young (Normal) (G1 Evacuation Pause)
[584.093s][info][gc,task        ] GC(1442) Using 2 workers of 2 for evacuation
[584.110s][info][gc,phases      ] GC(1442)   Pre Evacuate Collection Set: 0.33ms
[584.110s][info][gc,phases      ] GC(1442)   Merge Heap Roots: 0.28ms
[584.110s][info][gc,phases      ] GC(1442)   Evacuate Collection Set: 15.59ms
[584.110s][info][gc,phases      ] GC(1442)   Post Evacuate Collection Set: 0.45ms
[584.110s][info][gc,phases      ] GC(1442)   Other: 0.11ms
[584.110s][info][gc,heap        ] GC(1442) Eden regions: 139->0(133)
[584.110s][info][gc,heap        ] GC(1442) Survivor regions: 3->6(18)
[584.110s][info][gc,heap        ] GC(1442) Old regions: 773->773
[584.110s][info][gc,heap        ] GC(1442) Humongous regions: 10->10
[584.110s][info][gc,metaspace   ] GC(1442) Metaspace: 19118K(19264K)->19118K(19264K) NonClass: 17288K(17408K)->17288K(17408K) Class: 1829K(1856K)->1829K(1856K)
[584.110s][info][gc             ] GC(1442) Pause Young (Normal) (G1 Evacuation Pause) 924M->788M(978M) 17.053ms
[584.110s][info][gc,cpu         ] GC(1442) User=0.03s Sys=0.00s Real=0.02s
[584.356s][info][gc,start       ] GC(1443) Pause Young (Normal) (G1 Evacuation Pause)
[584.356s][info][gc,task        ] GC(1443) Using 2 workers of 2 for evacuation
[584.368s][info][gc,phases      ] GC(1443)   Pre Evacuate Collection Set: 0.34ms
[584.368s][info][gc,phases      ] GC(1443)   Merge Heap Roots: 0.16ms
[584.368s][info][gc,phases      ] GC(1443)   Evacuate Collection Set: 10.39ms
[584.368s][info][gc,phases      ] GC(1443)   Post Evacuate Collection Set: 0.52ms
[584.368s][info][gc,phases      ] GC(1443)   Other: 0.11ms
[584.368s][info][gc,heap        ] GC(1443) Eden regions: 133->0(131)
[584.368s][info][gc,heap        ] GC(1443) Survivor regions: 6->7(18)
[584.368s][info][gc,heap        ] GC(1443) Old regions: 773->773
[584.368s][info][gc,heap        ] GC(1443) Humongous regions: 10->10
[584.368s][info][gc,metaspace   ] GC(1443) Metaspace: 19118K(19264K)->19118K(19264K) NonClass: 17288K(17408K)->17288K(17408K) Class: 1829K(1856K)->1829K(1856K)
[584.368s][info][gc             ] GC(1443) Pause Young (Normal) (G1 Evacuation Pause) 921M->788M(978M) 11.877ms
[584.368s][info][gc,cpu         ] GC(1443) User=0.03s Sys=0.00s Real=0.01s
[584.591s][info][gc,start       ] GC(1444) Pause Young (Normal) (G1 Evacuation Pause)
[584.592s][info][gc,task        ] GC(1444) Using 2 workers of 2 for evacuation
[584.604s][info][gc,phases      ] GC(1444)   Pre Evacuate Collection Set: 0.42ms
[584.604s][info][gc,phases      ] GC(1444)   Merge Heap Roots: 0.16ms
[584.604s][info][gc,phases      ] GC(1444)   Evacuate Collection Set: 11.66ms
[584.604s][info][gc,phases      ] GC(1444)   Post Evacuate Collection Set: 0.50ms
[584.604s][info][gc,phases      ] GC(1444)   Other: 0.13ms
[584.605s][info][gc,heap        ] GC(1444) Eden regions: 131->0(133)
[584.605s][info][gc,heap        ] GC(1444) Survivor regions: 7->6(18)
[584.605s][info][gc,heap        ] GC(1444) Old regions: 773->773
[584.605s][info][gc,heap        ] GC(1444) Humongous regions: 10->10
[584.605s][info][gc,metaspace   ] GC(1444) Metaspace: 19118K(19264K)->19118K(19264K) NonClass: 17288K(17408K)->17288K(17408K) Class: 1829K(1856K)->1829K(1856K)
[584.605s][info][gc             ] GC(1444) Pause Young (Normal) (G1 Evacuation Pause) 919M->788M(978M) 13.276ms
[584.605s][info][gc,cpu         ] GC(1444) User=0.02s Sys=0.00s Real=0.01s
[585.014s][info][gc,start       ] GC(1445) Pause Young (Normal) (G1 Evacuation Pause)
[585.014s][info][gc,task        ] GC(1445) Using 2 workers of 2 for evacuation
[585.038s][info][gc,phases      ] GC(1445)   Pre Evacuate Collection Set: 0.32ms
[585.038s][info][gc,phases      ] GC(1445)   Merge Heap Roots: 0.17ms
[585.038s][info][gc,phases      ] GC(1445)   Evacuate Collection Set: 22.07ms
[585.038s][info][gc,phases      ] GC(1445)   Post Evacuate Collection Set: 0.52ms
[585.038s][info][gc,phases      ] GC(1445)   Other: 0.11ms
[585.038s][info][gc,heap        ] GC(1445) Eden regions: 133->0(119)
[585.038s][info][gc,heap        ] GC(1445) Survivor regions: 6->13(18)
[585.038s][info][gc,heap        ] GC(1445) Old regions: 773->773
[585.038s][info][gc,heap        ] GC(1445) Humongous regions: 10->10
[585.038s][info][gc,metaspace   ] GC(1445) Metaspace: 19118K(19264K)->19118K(19264K) NonClass: 17288K(17408K)->17288K(17408K) Class: 1829K(1856K)->1829K(1856K)
[585.038s][info][gc             ] GC(1445) Pause Young (Normal) (G1 Evacuation Pause) 921M->795M(978M) 23.511ms
[585.038s][info][gc,cpu         ] GC(1445) User=0.05s Sys=0.00s Real=0.02s
[585.322s][info][gc,start       ] GC(1446) Pause Young (Normal) (G1 Evacuation Pause)
[585.322s][info][gc,task        ] GC(1446) Using 2 workers of 2 for evacuation
[585.342s][info][gc,phases      ] GC(1446)   Pre Evacuate Collection Set: 0.56ms
[585.342s][info][gc,phases      ] GC(1446)   Merge Heap Roots: 0.19ms
[585.342s][info][gc,phases      ] GC(1446)   Evacuate Collection Set: 19.05ms
[585.342s][info][gc,phases      ] GC(1446)   Post Evacuate Collection Set: 0.42ms
[585.342s][info][gc,phases      ] GC(1446)   Other: 0.12ms
[585.342s][info][gc,heap        ] GC(1446) Eden regions: 119->0(121)
[585.342s][info][gc,heap        ] GC(1446) Survivor regions: 13->9(17)
[585.342s][info][gc,heap        ] GC(1446) Old regions: 773->779
[585.342s][info][gc,heap        ] GC(1446) Humongous regions: 10->10
[585.342s][info][gc,metaspace   ] GC(1446) Metaspace: 19118K(19264K)->19118K(19264K) NonClass: 17288K(17408K)->17288K(17408K) Class: 1829K(1856K)->1829K(1856K)
[585.342s][info][gc             ] GC(1446) Pause Young (Normal) (G1 Evacuation Pause) 914M->796M(978M) 20.609ms
[585.342s][info][gc,cpu         ] GC(1446) User=0.04s Sys=0.00s Real=0.02s
[585.792s][info][gc,start       ] GC(1447) Pause Young (Normal) (G1 Evacuation Pause)
[585.792s][info][gc,task        ] GC(1447) Using 2 workers of 2 for evacuation
[585.831s][info][gc,phases      ] GC(1447)   Pre Evacuate Collection Set: 0.55ms
[585.831s][info][gc,phases      ] GC(1447)   Merge Heap Roots: 0.20ms
[585.831s][info][gc,phases      ] GC(1447)   Evacuate Collection Set: 38.03ms
[585.831s][info][gc,phases      ] GC(1447)   Post Evacuate Collection Set: 0.40ms
[585.831s][info][gc,phases      ] GC(1447)   Other: 0.08ms
[585.831s][info][gc,heap        ] GC(1447) Eden regions: 121->0(92)
[585.831s][info][gc,heap        ] GC(1447) Survivor regions: 9->17(17)
[585.831s][info][gc,heap        ] GC(1447) Old regions: 779->792
[585.831s][info][gc,heap        ] GC(1447) Humongous regions: 10->10
[585.831s][info][gc,metaspace   ] GC(1447) Metaspace: 19120K(19264K)->19120K(19264K) NonClass: 17291K(17408K)->17291K(17408K) Class: 1829K(1856K)->1829K(1856K)
[585.831s][info][gc             ] GC(1447) Pause Young (Normal) (G1 Evacuation Pause) 917M->818M(978M) 39.525ms
[585.831s][info][gc,cpu         ] GC(1447) User=0.08s Sys=0.00s Real=0.04s
[586.187s][info][gc,start       ] GC(1448) Pause Young (Normal) (G1 Evacuation Pause)
[586.188s][info][gc,task        ] GC(1448) Using 2 workers of 2 for evacuation
[586.209s][info][gc,phases      ] GC(1448)   Pre Evacuate Collection Set: 0.33ms
[586.209s][info][gc,phases      ] GC(1448)   Merge Heap Roots: 0.13ms
[586.209s][info][gc,phases      ] GC(1448)   Evacuate Collection Set: 20.57ms
[586.209s][info][gc,phases      ] GC(1448)   Post Evacuate Collection Set: 0.38ms
[586.209s][info][gc,phases      ] GC(1448)   Other: 0.13ms
[586.209s][info][gc,heap        ] GC(1448) Eden regions: 92->0(106)
[586.209s][info][gc,heap        ] GC(1448) Survivor regions: 17->1(14)
[586.209s][info][gc,heap        ] GC(1448) Old regions: 792->810
[586.209s][info][gc,heap        ] GC(1448) Humongous regions: 10->10
[586.209s][info][gc,metaspace   ] GC(1448) Metaspace: 19121K(19264K)->19121K(19264K) NonClass: 17292K(17408K)->17292K(17408K) Class: 1829K(1856K)->1829K(1856K)
[586.209s][info][gc             ] GC(1448) Pause Young (Normal) (G1 Evacuation Pause) 910M->820M(978M) 21.827ms
[586.209s][info][gc,cpu         ] GC(1448) User=0.04s Sys=0.00s Real=0.03s
[586.625s][info][gc,start       ] GC(1449) Pause Young (Normal) (G1 Evacuation Pause)
[586.625s][info][gc,task        ] GC(1449) Using 2 workers of 2 for evacuation
[586.626s][info][gc,phases      ] GC(1449)   Pre Evacuate Collection Set: 0.32ms
[586.626s][info][gc,phases      ] GC(1449)   Merge Heap Roots: 0.10ms
[586.626s][info][gc,phases      ] GC(1449)   Evacuate Collection Set: 0.74ms
[586.626s][info][gc,phases      ] GC(1449)   Post Evacuate Collection Set: 0.40ms
[586.626s][info][gc,phases      ] GC(1449)   Other: 0.11ms
[586.626s][info][gc,heap        ] GC(1449) Eden regions: 106->0(106)
[586.626s][info][gc,heap        ] GC(1449) Survivor regions: 1->1(14)
[586.626s][info][gc,heap        ] GC(1449) Old regions: 810->810
[586.626s][info][gc,heap        ] GC(1449) Humongous regions: 10->10
[586.626s][info][gc,metaspace   ] GC(1449) Metaspace: 19121K(19264K)->19121K(19264K) NonClass: 17292K(17408K)->17292K(17408K) Class: 1829K(1856K)->1829K(1856K)
[586.627s][info][gc             ] GC(1449) Pause Young (Normal) (G1 Evacuation Pause) 926M->820M(978M) 1.917ms
[586.627s][info][gc,cpu         ] GC(1449) User=0.00s Sys=0.00s Real=0.00s
[586.776s][info][gc,marking     ] GC(1441) Concurrent Mark From Roots 3041.039ms
[586.776s][info][gc,marking     ] GC(1441) Concurrent Preclean
[586.776s][info][gc,marking     ] GC(1441) Concurrent Preclean 0.046ms
[586.776s][info][gc,start       ] GC(1441) Pause Remark
[586.785s][info][gc             ] GC(1441) Pause Remark 860M->859M(978M) 9.107ms
[586.785s][info][gc,cpu         ] GC(1441) User=0.01s Sys=0.00s Real=0.01s
[586.785s][info][gc,marking     ] GC(1441) Concurrent Mark 3050.532ms
[586.785s][info][gc,marking     ] GC(1441) Concurrent Rebuild Remembered Sets and Scrub Regions
[587.024s][info][gc,start       ] GC(1450) Pause Young (Normal) (G1 Evacuation Pause)
[587.025s][info][gc,task        ] GC(1450) Using 2 workers of 2 for evacuation
[587.026s][info][gc,phases      ] GC(1450)   Pre Evacuate Collection Set: 0.31ms
[587.026s][info][gc,phases      ] GC(1450)   Merge Heap Roots: 0.09ms
[587.026s][info][gc,phases      ] GC(1450)   Evacuate Collection Set: 0.82ms
[587.026s][info][gc,phases      ] GC(1450)   Post Evacuate Collection Set: 0.41ms
[587.026s][info][gc,phases      ] GC(1450)   Other: 0.12ms
[587.026s][info][gc,heap        ] GC(1450) Eden regions: 106->0(107)
[587.026s][info][gc,heap        ] GC(1450) Survivor regions: 1->1(14)
[587.026s][info][gc,heap        ] GC(1450) Old regions: 810->810
[587.026s][info][gc,heap        ] GC(1450) Humongous regions: 9->9
[587.026s][info][gc,metaspace   ] GC(1450) Metaspace: 19121K(19264K)->19121K(19264K) NonClass: 17292K(17408K)->17292K(17408K) Class: 1829K(1856K)->1829K(1856K)
[587.026s][info][gc             ] GC(1450) Pause Young (Normal) (G1 Evacuation Pause) 925M->818M(978M) 2.024ms
[587.027s][info][gc,cpu         ] GC(1450) User=0.00s Sys=0.00s Real=0.00s
[587.837s][info][gc,marking     ] GC(1441) Concurrent Rebuild Remembered Sets and Scrub Regions 1051.761ms
[587.839s][info][gc,start       ] GC(1441) Pause Cleanup
[587.839s][info][gc             ] GC(1441) Pause Cleanup 912M->912M(978M) 0.189ms
[587.839s][info][gc,cpu         ] GC(1441) User=0.00s Sys=0.00s Real=0.00s
[587.840s][info][gc,marking     ] GC(1441) Concurrent Clear Claimed Marks
[587.840s][info][gc,marking     ] GC(1441) Concurrent Clear Claimed Marks 0.063ms
[587.840s][info][gc,marking     ] GC(1441) Concurrent Cleanup for Next Mark
[587.845s][info][gc,marking     ] GC(1441) Concurrent Cleanup for Next Mark 5.052ms
[587.845s][info][gc             ] GC(1441) Concurrent Mark Cycle 4141.565ms
[588.349s][info][gc,start       ] GC(1451) Pause Young (Prepare Mixed) (G1 Evacuation Pause)
[588.349s][info][gc,task        ] GC(1451) Using 2 workers of 2 for evacuation
[588.352s][info][gc,phases      ] GC(1451)   Pre Evacuate Collection Set: 0.30ms
[588.352s][info][gc,phases      ] GC(1451)   Merge Heap Roots: 0.09ms
[588.352s][info][gc,phases      ] GC(1451)   Evacuate Collection Set: 1.45ms
[588.352s][info][gc,phases      ] GC(1451)   Post Evacuate Collection Set: 0.38ms
[588.352s][info][gc,phases      ] GC(1451)   Other: 0.09ms
[588.352s][info][gc,heap        ] GC(1451) Eden regions: 107->0(107)
[588.352s][info][gc,heap        ] GC(1451) Survivor regions: 1->1(14)
[588.352s][info][gc,heap        ] GC(1451) Old regions: 810->810
[588.352s][info][gc,heap        ] GC(1451) Humongous regions: 9->9
[588.352s][info][gc,metaspace   ] GC(1451) Metaspace: 19121K(19264K)->19121K(19264K) NonClass: 17292K(17408K)->17292K(17408K) Class: 1829K(1856K)->1829K(1856K)
[588.352s][info][gc             ] GC(1451) Pause Young (Prepare Mixed) (G1 Evacuation Pause) 925M->819M(978M) 2.560ms
[588.352s][info][gc,cpu         ] GC(1451) User=0.00s Sys=0.00s Real=0.00s
[589.011s][info][gc,start       ] GC(1452) Pause Young (Mixed) (G1 Evacuation Pause)
[589.011s][info][gc,task        ] GC(1452) Using 2 workers of 2 for evacuation
[589.071s][info][gc,phases      ] GC(1452)   Pre Evacuate Collection Set: 0.43ms
[589.071s][info][gc,phases      ] GC(1452)   Merge Heap Roots: 0.54ms
[589.071s][info][gc,phases      ] GC(1452)   Evacuate Collection Set: 58.31ms
[589.071s][info][gc,phases      ] GC(1452)   Post Evacuate Collection Set: 0.44ms
[589.071s][info][gc,phases      ] GC(1452)   Other: 0.13ms
[589.071s][info][gc,heap        ] GC(1452) Eden regions: 107->0(114)
[589.071s][info][gc,heap        ] GC(1452) Survivor regions: 1->1(14)
[589.071s][info][gc,heap        ] GC(1452) Old regions: 810->803
[589.071s][info][gc,heap        ] GC(1452) Humongous regions: 9->9
[589.071s][info][gc,metaspace   ] GC(1452) Metaspace: 19121K(19264K)->19121K(19264K) NonClass: 17292K(17408K)->17292K(17408K) Class: 1829K(1856K)->1829K(1856K)
[589.071s][info][gc             ] GC(1452) Pause Young (Mixed) (G1 Evacuation Pause) 926M->812M(978M) 60.146ms
[589.071s][info][gc,cpu         ] GC(1452) User=0.11s Sys=0.00s Real=0.06s
[589.681s][info][gc,start       ] GC(1453) Pause Young (Concurrent Start) (G1 Evacuation Pause)
[589.682s][info][gc,task        ] GC(1453) Using 2 workers of 2 for evacuation
[589.688s][info][gc,phases      ] GC(1453)   Pre Evacuate Collection Set: 0.49ms
[589.688s][info][gc,phases      ] GC(1453)   Merge Heap Roots: 0.15ms
[589.688s][info][gc,phases      ] GC(1453)   Evacuate Collection Set: 5.24ms
[589.688s][info][gc,phases      ] GC(1453)   Post Evacuate Collection Set: 0.44ms
[589.688s][info][gc,phases      ] GC(1453)   Other: 0.25ms
[589.688s][info][gc,heap        ] GC(1453) Eden regions: 114->0(112)
[589.688s][info][gc,heap        ] GC(1453) Survivor regions: 1->2(15)
[589.688s][info][gc,heap        ] GC(1453) Old regions: 803->803
[589.688s][info][gc,heap        ] GC(1453) Humongous regions: 9->9
[589.688s][info][gc,metaspace   ] GC(1453) Metaspace: 19121K(19264K)->19121K(19264K) NonClass: 17292K(17408K)->17292K(17408K) Class: 1829K(1856K)->1829K(1856K)
[589.688s][info][gc             ] GC(1453) Pause Young (Concurrent Start) (G1 Evacuation Pause) 926M->813M(978M) 6.933ms
[589.688s][info][gc             ] GC(1454) Concurrent Mark Cycle
[589.688s][info][gc,marking     ] GC(1454) Concurrent Scan Root Regions
[589.689s][info][gc,cpu         ] GC(1453) User=0.01s Sys=0.00s Real=0.01s
[589.696s][info][gc,marking     ] GC(1454) Concurrent Scan Root Regions 7.840ms
[589.696s][info][gc,marking     ] GC(1454) Concurrent Mark
[589.696s][info][gc,marking     ] GC(1454) Concurrent Mark From Roots
[589.696s][info][gc,task        ] GC(1454) Using 1 workers of 1 for marking
[590.492s][info][gc,start       ] GC(1455) Pause Young (Normal) (G1 Evacuation Pause)
[590.492s][info][gc,task        ] GC(1455) Using 2 workers of 2 for evacuation
[590.500s][info][gc,phases      ] GC(1455)   Pre Evacuate Collection Set: 0.48ms
[590.500s][info][gc,phases      ] GC(1455)   Merge Heap Roots: 0.12ms
[590.500s][info][gc,phases      ] GC(1455)   Evacuate Collection Set: 6.64ms
[590.500s][info][gc,phases      ] GC(1455)   Post Evacuate Collection Set: 0.42ms
[590.500s][info][gc,phases      ] GC(1455)   Other: 0.10ms
[590.500s][info][gc,heap        ] GC(1455) Eden regions: 112->0(110)
[590.500s][info][gc,heap        ] GC(1455) Survivor regions: 2->3(15)
[590.500s][info][gc,heap        ] GC(1455) Old regions: 803->803
[590.500s][info][gc,heap        ] GC(1455) Humongous regions: 9->9
[590.500s][info][gc,metaspace   ] GC(1455) Metaspace: 19179K(19328K)->19179K(19328K) NonClass: 17349K(17472K)->17349K(17472K) Class: 1829K(1856K)->1829K(1856K)
[590.500s][info][gc             ] GC(1455) Pause Young (Normal) (G1 Evacuation Pause) 925M->814M(978M) 8.003ms
[590.500s][info][gc,cpu         ] GC(1455) User=0.01s Sys=0.00s Real=0.01s
[590.889s][info][gc,start       ] GC(1456) Pause Young (Normal) (G1 Evacuation Pause)
[590.889s][info][gc,task        ] GC(1456) Using 2 workers of 2 for evacuation
[590.895s][info][gc,phases      ] GC(1456)   Pre Evacuate Collection Set: 0.31ms
[590.895s][info][gc,phases      ] GC(1456)   Merge Heap Roots: 0.13ms
[590.895s][info][gc,phases      ] GC(1456)   Evacuate Collection Set: 4.68ms
[590.895s][info][gc,phases      ] GC(1456)   Post Evacuate Collection Set: 0.39ms
[590.895s][info][gc,phases      ] GC(1456)   Other: 0.10ms
[590.895s][info][gc,heap        ] GC(1456) Eden regions: 110->0(108)
[590.895s][info][gc,heap        ] GC(1456) Survivor regions: 3->4(15)
[590.895s][info][gc,heap        ] GC(1456) Old regions: 803->803
[590.895s][info][gc,heap        ] GC(1456) Humongous regions: 9->9
[590.895s][info][gc,metaspace   ] GC(1456) Metaspace: 19179K(19328K)->19179K(19328K) NonClass: 17349K(17472K)->17349K(17472K) Class: 1829K(1856K)->1829K(1856K)
[590.895s][info][gc             ] GC(1456) Pause Young (Normal) (G1 Evacuation Pause) 924M->815M(978M) 5.863ms
[590.895s][info][gc,cpu         ] GC(1456) User=0.01s Sys=0.00s Real=0.00s
[591.088s][info][gc,marking     ] GC(1454) Concurrent Mark From Roots 1392.037ms
[591.088s][info][gc,marking     ] GC(1454) Concurrent Preclean
[591.088s][info][gc,marking     ] GC(1454) Concurrent Preclean 0.039ms
[591.089s][info][gc,start       ] GC(1454) Pause Remark
[591.098s][info][gc             ] GC(1454) Pause Remark 881M->658M(978M) 9.310ms
[591.098s][info][gc,cpu         ] GC(1454) User=0.02s Sys=0.00s Real=0.00s
[591.098s][info][gc,marking     ] GC(1454) Concurrent Mark 1401.712ms
[591.098s][info][gc,marking     ] GC(1454) Concurrent Rebuild Remembered Sets and Scrub Regions
[591.214s][info][gc,start       ] GC(1457) Pause Young (Normal) (G1 Evacuation Pause)
[591.214s][info][gc,task        ] GC(1457) Using 2 workers of 2 for evacuation
[591.221s][info][gc,phases      ] GC(1457)   Pre Evacuate Collection Set: 0.49ms
[591.221s][info][gc,phases      ] GC(1457)   Merge Heap Roots: 0.17ms
[591.221s][info][gc,phases      ] GC(1457)   Evacuate Collection Set: 5.60ms
[591.221s][info][gc,phases      ] GC(1457)   Post Evacuate Collection Set: 0.36ms
[591.221s][info][gc,phases      ] GC(1457)   Other: 0.11ms
[591.221s][info][gc,heap        ] GC(1457) Eden regions: 108->0(331)
[591.221s][info][gc,heap        ] GC(1457) Survivor regions: 4->4(14)
[591.221s][info][gc,heap        ] GC(1457) Old regions: 584->584
[591.221s][info][gc,heap        ] GC(1457) Humongous regions: 5->5
[591.221s][info][gc,metaspace   ] GC(1457) Metaspace: 19179K(19328K)->19179K(19328K) NonClass: 17349K(17472K)->17349K(17472K) Class: 1829K(1856K)->1829K(1856K)
[591.221s][info][gc             ] GC(1457) Pause Young (Normal) (G1 Evacuation Pause) 700M->592M(978M) 7.031ms
[591.221s][info][gc,cpu         ] GC(1457) User=0.01s Sys=0.00s Real=0.01s
[591.497s][info][gc,marking     ] GC(1454) Concurrent Rebuild Remembered Sets and Scrub Regions 399.117ms
[591.498s][info][gc,start       ] GC(1454) Pause Cleanup
[591.498s][info][gc             ] GC(1454) Pause Cleanup 685M->685M(978M) 0.176ms
[591.498s][info][gc,cpu         ] GC(1454) User=0.00s Sys=0.00s Real=0.00s
[591.498s][info][gc,marking     ] GC(1454) Concurrent Clear Claimed Marks
[591.498s][info][gc,marking     ] GC(1454) Concurrent Clear Claimed Marks 0.051ms
[591.498s][info][gc,marking     ] GC(1454) Concurrent Cleanup for Next Mark
[591.505s][info][gc,marking     ] GC(1454) Concurrent Cleanup for Next Mark 6.964ms
[591.505s][info][gc             ] GC(1454) Concurrent Mark Cycle 1816.885ms
[591.714s][info][gc,start       ] GC(1458) Pause Young (Prepare Mixed) (G1 Evacuation Pause)
[591.714s][info][gc,task        ] GC(1458) Using 2 workers of 2 for evacuation
[591.842s][info][gc,phases      ] GC(1458)   Pre Evacuate Collection Set: 0.57ms
[591.842s][info][gc,phases      ] GC(1458)   Merge Heap Roots: 0.18ms
[591.842s][info][gc,phases      ] GC(1458)   Evacuate Collection Set: 110.00ms
[591.842s][info][gc,phases      ] GC(1458)   Post Evacuate Collection Set: 17.75ms
[591.842s][info][gc,phases      ] GC(1458)   Other: 0.10ms
[591.842s][info][gc,heap        ] GC(1458) Eden regions: 331->0(66)
[591.842s][info][gc,heap        ] GC(1458) Survivor regions: 4->42(42)
[591.842s][info][gc,heap        ] GC(1458) Old regions: 584->773
[591.842s][info][gc,heap        ] GC(1458) Humongous regions: 5->5
[591.842s][info][gc,metaspace   ] GC(1458) Metaspace: 19206K(19392K)->19206K(19392K) NonClass: 17377K(17536K)->17377K(17536K) Class: 1829K(1856K)->1829K(1856K)
[591.842s][info][gc             ] GC(1458) Pause Young (Prepare Mixed) (G1 Evacuation Pause) (Evacuation Failure: Allocation) 923M->819M(978M) 128.874ms
[591.842s][info][gc,cpu         ] GC(1458) User=0.25s Sys=0.00s Real=0.13s
[591.941s][info][gc,start       ] GC(1459) Pause Young (Mixed) (G1 Evacuation Pause)
[591.941s][info][gc,task        ] GC(1459) Using 2 workers of 2 for evacuation
[592.073s][info][gc,phases      ] GC(1459)   Pre Evacuate Collection Set: 0.58ms
[592.073s][info][gc,phases      ] GC(1459)   Merge Heap Roots: 1.07ms
[592.073s][info][gc,phases      ] GC(1459)   Evacuate Collection Set: 125.16ms
[592.073s][info][gc,phases      ] GC(1459)   Post Evacuate Collection Set: 4.29ms
[592.073s][info][gc,phases      ] GC(1459)   Other: 0.09ms
[592.073s][info][gc,heap        ] GC(1459) Eden regions: 66->0(171)
[592.073s][info][gc,heap        ] GC(1459) Survivor regions: 42->14(14)
[592.073s][info][gc,heap        ] GC(1459) Old regions: 773->724
[592.073s][info][gc,heap        ] GC(1459) Humongous regions: 5->5
[592.073s][info][gc,metaspace   ] GC(1459) Metaspace: 19206K(19392K)->19206K(19392K) NonClass: 17377K(17536K)->17377K(17536K) Class: 1829K(1856K)->1829K(1856K)
[592.073s][info][gc             ] GC(1459) Pause Young (Mixed) (G1 Evacuation Pause) (Evacuation Failure: Allocation) 885M->742M(978M) 131.421ms
[592.073s][info][gc,cpu         ] GC(1459) User=0.26s Sys=0.00s Real=0.13s
[592.386s][info][gc,start       ] GC(1460) Pause Young (Concurrent Start) (G1 Humongous Allocation)
[592.386s][info][gc,task        ] GC(1460) Using 2 workers of 2 for evacuation
[592.553s][info][gc,phases      ] GC(1460)   Pre Evacuate Collection Set: 0.39ms
[592.553s][info][gc,phases      ] GC(1460)   Merge Heap Roots: 0.52ms
[592.553s][info][gc,phases      ] GC(1460)   Evacuate Collection Set: 149.16ms
[592.553s][info][gc,phases      ] GC(1460)   Post Evacuate Collection Set: 15.81ms
[592.553s][info][gc,phases      ] GC(1460)   Other: 0.14ms
[592.553s][info][gc,heap        ] GC(1460) Eden regions: 169->0(2)
[592.553s][info][gc,heap        ] GC(1460) Survivor regions: 14->24(24)
[592.553s][info][gc,heap        ] GC(1460) Old regions: 724->923
[592.553s][info][gc,heap        ] GC(1460) Humongous regions: 5->5
[592.553s][info][gc,metaspace   ] GC(1460) Metaspace: 19206K(19392K)->19206K(19392K) NonClass: 17377K(17536K)->17377K(17536K) Class: 1829K(1856K)->1829K(1856K)
[592.553s][info][gc             ] GC(1460) Pause Young (Concurrent Start) (G1 Humongous Allocation) (Evacuation Failure: Allocation) 911M->951M(978M) 166.287ms
[592.553s][info][gc,cpu         ] GC(1460) User=0.32s Sys=0.00s Real=0.17s
[592.553s][info][gc             ] GC(1461) Concurrent Mark Cycle
[592.553s][info][gc,marking     ] GC(1461) Concurrent Scan Root Regions
[592.569s][info][gc,start       ] GC(1462) Pause Young (Normal) (G1 Evacuation Pause)
[592.569s][info][gc,task        ] GC(1462) Using 2 workers of 2 for evacuation
[592.628s][info][gc,marking     ] GC(1461) Concurrent Scan Root Regions 75.078ms
[592.628s][info][gc,marking     ] GC(1461) Concurrent Mark
[592.628s][info][gc,marking     ] GC(1461) Concurrent Mark From Roots
[592.628s][info][gc,task        ] GC(1461) Using 1 workers of 1 for marking
[592.720s][info][gc,phases      ] GC(1462)   Pre Evacuate Collection Set: 0.70ms
[592.720s][info][gc,phases      ] GC(1462)   Merge Heap Roots: 1.23ms
[592.720s][info][gc,phases      ] GC(1462)   Evacuate Collection Set: 77.54ms
[592.720s][info][gc,phases      ] GC(1462)   Post Evacuate Collection Set: 12.93ms
[592.720s][info][gc,phases      ] GC(1462)   Other: 0.10ms
[592.721s][info][gc,heap        ] GC(1462) Eden regions: 2->0(47)
[592.721s][info][gc,heap        ] GC(1462) Survivor regions: 24->1(4)
[592.721s][info][gc,heap        ] GC(1462) Old regions: 923->901
[592.721s][info][gc,heap        ] GC(1462) Humongous regions: 6->6
[592.721s][info][gc,metaspace   ] GC(1462) Metaspace: 19208K(19392K)->19208K(19392K) NonClass: 17378K(17536K)->17378K(17536K) Class: 1829K(1856K)->1829K(1856K)
[592.721s][info][gc             ] GC(1462) Pause Young (Normal) (G1 Evacuation Pause) (Evacuation Failure: Allocation) 954M->907M(978M) 151.263ms
[592.721s][info][gc,cpu         ] GC(1462) User=0.23s Sys=0.00s Real=0.15s
[592.857s][info][gc,start       ] GC(1463) Pause Young (Normal) (G1 Evacuation Pause)
[592.857s][info][gc,task        ] GC(1463) Using 2 workers of 2 for evacuation
[592.930s][info][gc,phases      ] GC(1463)   Pre Evacuate Collection Set: 0.64ms
[592.930s][info][gc,phases      ] GC(1463)   Merge Heap Roots: 0.95ms
[592.930s][info][gc,phases      ] GC(1463)   Evacuate Collection Set: 65.45ms
[592.930s][info][gc,phases      ] GC(1463)   Post Evacuate Collection Set: 6.21ms
[592.930s][info][gc,phases      ] GC(1463)   Other: 0.12ms
[592.930s][info][gc,heap        ] GC(1463) Eden regions: 47->0(117)
[592.930s][info][gc,heap        ] GC(1463) Survivor regions: 1->6(6)
[592.930s][info][gc,heap        ] GC(1463) Old regions: 901->793
[592.930s][info][gc,heap        ] GC(1463) Humongous regions: 6->6
[592.930s][info][gc,metaspace   ] GC(1463) Metaspace: 19212K(19392K)->19212K(19392K) NonClass: 17383K(17536K)->17383K(17536K) Class: 1829K(1856K)->1829K(1856K)
[592.930s][info][gc             ] GC(1463) Pause Young (Normal) (G1 Evacuation Pause) (Evacuation Failure: Allocation) 954M->804M(978M) 73.648ms
[592.930s][info][gc,cpu         ] GC(1463) User=0.15s Sys=0.00s Real=0.08s
[593.123s][info][gc,start       ] GC(1464) Pause Young (Normal) (G1 Evacuation Pause)
[593.123s][info][gc,task        ] GC(1464) Using 2 workers of 2 for evacuation
[593.197s][info][gc,phases      ] GC(1464)   Pre Evacuate Collection Set: 0.35ms
[593.197s][info][gc,phases      ] GC(1464)   Merge Heap Roots: 0.62ms
[593.197s][info][gc,phases      ] GC(1464)   Evacuate Collection Set: 71.59ms
[593.197s][info][gc,phases      ] GC(1464)   Post Evacuate Collection Set: 0.87ms
[593.197s][info][gc,phases      ] GC(1464)   Other: 0.09ms
[593.197s][info][gc,heap        ] GC(1464) Eden regions: 117->0(162)
[593.197s][info][gc,heap        ] GC(1464) Survivor regions: 6->16(16)
[593.197s][info][gc,heap        ] GC(1464) Old regions: 793->714
[593.197s][info][gc,heap        ] GC(1464) Humongous regions: 9->9
[593.197s][info][gc,metaspace   ] GC(1464) Metaspace: 19212K(19392K)->19212K(19392K) NonClass: 17383K(17536K)->17383K(17536K) Class: 1829K(1856K)->1829K(1856K)
[593.197s][info][gc             ] GC(1464) Pause Young (Normal) (G1 Evacuation Pause) 924M->738M(978M) 73.843ms
[593.197s][info][gc,cpu         ] GC(1464) User=0.15s Sys=0.00s Real=0.07s
[593.291s][info][gc,marking     ] GC(1461) Concurrent Mark From Roots 663.380ms
[593.291s][info][gc,marking     ] GC(1461) Concurrent Preclean
[593.291s][info][gc,marking     ] GC(1461) Concurrent Preclean 0.045ms
[593.292s][info][gc,start       ] GC(1461) Pause Remark
[593.304s][info][metaspace      ] ChkMgr @0x00007f0d1c15e580 (non-class-space): : reclaiming memory...
[593.304s][info][metaspace      ] ChkMgr @0x00007f0d1c15e580 (non-class-space): nothing reclaimed.
[593.304s][info][metaspace      ] ChkMgr @0x00007f0d1c15c690 (class-space): : reclaiming memory...
[593.304s][info][metaspace      ] ChkMgr @0x00007f0d1c15c690 (class-space): nothing reclaimed.
[593.305s][info][gc             ] GC(1461) Pause Remark 806M->324M(857M) 13.350ms
[593.305s][info][gc,cpu         ] GC(1461) User=0.02s Sys=0.00s Real=0.01s
[593.307s][info][gc,marking     ] GC(1461) Concurrent Mark 679.280ms
[593.307s][info][gc,marking     ] GC(1461) Concurrent Rebuild Remembered Sets and Scrub Regions
[593.478s][info][gc,start       ] GC(1465) Pause Young (Normal) (G1 Evacuation Pause)
[593.479s][info][gc,task        ] GC(1465) Using 2 workers of 2 for evacuation
[593.536s][info][gc,phases      ] GC(1465)   Pre Evacuate Collection Set: 0.28ms
[593.536s][info][gc,phases      ] GC(1465)   Merge Heap Roots: 0.58ms
[593.536s][info][gc,phases      ] GC(1465)   Evacuate Collection Set: 56.35ms
[593.536s][info][gc,phases      ] GC(1465)   Post Evacuate Collection Set: 0.49ms
[593.536s][info][gc,phases      ] GC(1465)   Other: 0.08ms
[593.536s][info][gc,heap        ] GC(1465) Eden regions: 162->0(414)
[593.536s][info][gc,heap        ] GC(1465) Survivor regions: 16->15(23)
[593.536s][info][gc,heap        ] GC(1465) Old regions: 237->254
[593.536s][info][gc,heap        ] GC(1465) Humongous regions: 4->4
[593.536s][info][gc,metaspace   ] GC(1465) Metaspace: 19194K(19392K)->19194K(19392K) NonClass: 17365K(17536K)->17365K(17536K) Class: 1829K(1856K)->1829K(1856K)
[593.536s][info][gc             ] GC(1465) Pause Young (Normal) (G1 Evacuation Pause) 418M->271M(857M) 58.029ms
[593.536s][info][gc,cpu         ] GC(1465) User=0.11s Sys=0.00s Real=0.05s
[593.562s][info][gc,marking     ] GC(1461) Concurrent Rebuild Remembered Sets and Scrub Regions 254.879ms
[593.563s][info][gc,start       ] GC(1461) Pause Cleanup
[593.563s][info][gc             ] GC(1461) Pause Cleanup 297M->297M(857M) 0.119ms
[593.563s][info][gc,cpu         ] GC(1461) User=0.00s Sys=0.00s Real=0.00s
[593.563s][info][gc,marking     ] GC(1461) Concurrent Clear Claimed Marks
[593.564s][info][gc,marking     ] GC(1461) Concurrent Clear Claimed Marks 0.062ms
[593.564s][info][gc,marking     ] GC(1461) Concurrent Cleanup for Next Mark
[593.570s][info][gc,marking     ] GC(1461) Concurrent Cleanup for Next Mark 6.665ms
[593.570s][info][gc             ] GC(1461) Concurrent Mark Cycle 1017.551ms
[594.012s][info][gc,start       ] GC(1466) Pause Young (Prepare Mixed) (G1 Evacuation Pause)
[594.012s][info][gc,task        ] GC(1466) Using 2 workers of 2 for evacuation
[594.050s][info][gc,phases      ] GC(1466)   Pre Evacuate Collection Set: 0.28ms
[594.051s][info][gc,phases      ] GC(1466)   Merge Heap Roots: 0.30ms
[594.051s][info][gc,phases      ] GC(1466)   Evacuate Collection Set: 37.50ms
[594.051s][info][gc,phases      ] GC(1466)   Post Evacuate Collection Set: 0.72ms
[594.051s][info][gc,phases      ] GC(1466)   Other: 0.10ms
[594.051s][info][gc,heap        ] GC(1466) Eden regions: 414->0(426)
[594.051s][info][gc,heap        ] GC(1466) Survivor regions: 15->28(54)
[594.051s][info][gc,heap        ] GC(1466) Old regions: 254->254
[594.051s][info][gc,heap        ] GC(1466) Humongous regions: 4->4
[594.051s][info][gc,metaspace   ] GC(1466) Metaspace: 19200K(19392K)->19200K(19392K) NonClass: 17371K(17536K)->17371K(17536K) Class: 1829K(1856K)->1829K(1856K)
[594.051s][info][gc             ] GC(1466) Pause Young (Prepare Mixed) (G1 Evacuation Pause) 685M->284M(857M) 39.185ms
[594.051s][info][gc,cpu         ] GC(1466) User=0.08s Sys=0.00s Real=0.04s
[594.457s][info][gc,start       ] GC(1467) Pause Young (Mixed) (G1 Evacuation Pause)
[594.457s][info][gc,task        ] GC(1467) Using 2 workers of 2 for evacuation
[594.586s][info][gc,phases      ] GC(1467)   Pre Evacuate Collection Set: 0.50ms
[594.586s][info][gc,phases      ] GC(1467)   Merge Heap Roots: 0.31ms
[594.586s][info][gc,phases      ] GC(1467)   Evacuate Collection Set: 127.53ms
[594.586s][info][gc,phases      ] GC(1467)   Post Evacuate Collection Set: 0.79ms
[594.586s][info][gc,phases      ] GC(1467)   Other: 0.10ms
[594.586s][info][gc,heap        ] GC(1467) Eden regions: 426->0(352)
[594.586s][info][gc,heap        ] GC(1467) Survivor regions: 28->57(57)
[594.586s][info][gc,heap        ] GC(1467) Old regions: 254->290
[594.586s][info][gc,heap        ] GC(1467) Humongous regions: 5->5
[594.586s][info][gc,metaspace   ] GC(1467) Metaspace: 19200K(19392K)->19200K(19392K) NonClass: 17371K(17536K)->17371K(17536K) Class: 1829K(1856K)->1829K(1856K)
[594.586s][info][gc             ] GC(1467) Pause Young (Mixed) (G1 Evacuation Pause) 711M->351M(857M) 129.543ms
[594.586s][info][gc,cpu         ] GC(1467) User=0.26s Sys=0.00s Real=0.13s
[594.919s][info][gc,start       ] GC(1468) Pause Young (Concurrent Start) (G1 Evacuation Pause)
[594.919s][info][gc,task        ] GC(1468) Using 2 workers of 2 for evacuation
[595.002s][info][gc,phases      ] GC(1468)   Pre Evacuate Collection Set: 0.32ms
[595.002s][info][gc,phases      ] GC(1468)   Merge Heap Roots: 0.40ms
[595.003s][info][gc,phases      ] GC(1468)   Evacuate Collection Set: 82.03ms
[595.003s][info][gc,phases      ] GC(1468)   Post Evacuate Collection Set: 0.68ms
[595.003s][info][gc,phases      ] GC(1468)   Other: 0.12ms
[595.003s][info][gc,heap        ] GC(1468) Eden regions: 352->0(361)
[595.003s][info][gc,heap        ] GC(1468) Survivor regions: 57->12(52)
[595.003s][info][gc,heap        ] GC(1468) Old regions: 290->348
[595.003s][info][gc,heap        ] GC(1468) Humongous regions: 5->5
[595.003s][info][gc,metaspace   ] GC(1468) Metaspace: 19200K(19392K)->19200K(19392K) NonClass: 17371K(17536K)->17371K(17536K) Class: 1829K(1856K)->1829K(1856K)
[595.003s][info][gc             ] GC(1468) Pause Young (Concurrent Start) (G1 Evacuation Pause) 703M->363M(857M) 83.869ms
[595.003s][info][gc,cpu         ] GC(1468) User=0.16s Sys=0.00s Real=0.08s
[595.003s][info][gc             ] GC(1469) Concurrent Mark Cycle
[595.005s][info][gc,marking     ] GC(1469) Concurrent Scan Root Regions
[595.112s][info][gc,marking     ] GC(1469) Concurrent Scan Root Regions 106.907ms
[595.112s][info][gc,marking     ] GC(1469) Concurrent Mark
[595.112s][info][gc,marking     ] GC(1469) Concurrent Mark From Roots
[595.112s][info][gc,task        ] GC(1469) Using 1 workers of 1 for marking
[595.778s][info][gc,marking     ] GC(1469) Concurrent Mark From Roots 665.856ms
[595.778s][info][gc,marking     ] GC(1469) Concurrent Preclean
[595.778s][info][gc,marking     ] GC(1469) Concurrent Preclean 0.040ms
[595.778s][info][gc,start       ] GC(1469) Pause Remark
[595.789s][info][gc             ] GC(1469) Pause Remark 520M->512M(857M) 10.525ms
[595.789s][info][gc,cpu         ] GC(1469) User=0.02s Sys=0.00s Real=0.01s
[595.789s][info][gc,marking     ] GC(1469) Concurrent Mark 676.775ms
[595.789s][info][gc,marking     ] GC(1469) Concurrent Rebuild Remembered Sets and Scrub Regions
[596.089s][info][gc,marking     ] GC(1469) Concurrent Rebuild Remembered Sets and Scrub Regions 300.100ms
[596.089s][info][gc,start       ] GC(1469) Pause Cleanup
[596.089s][info][gc             ] GC(1469) Pause Cleanup 592M->592M(857M) 0.121ms
[596.089s][info][gc,cpu         ] GC(1469) User=0.00s Sys=0.00s Real=0.00s
[596.090s][info][gc,marking     ] GC(1469) Concurrent Clear Claimed Marks
[596.090s][info][gc,marking     ] GC(1469) Concurrent Clear Claimed Marks 0.045ms
[596.090s][info][gc,marking     ] GC(1469) Concurrent Cleanup for Next Mark
[596.093s][info][gc,marking     ] GC(1469) Concurrent Cleanup for Next Mark 2.660ms
[596.093s][info][gc             ] GC(1469) Concurrent Mark Cycle 1090.351ms
[596.230s][info][gc,start       ] GC(1470) Pause Young (Prepare Mixed) (G1 Evacuation Pause)
[596.230s][info][gc,task        ] GC(1470) Using 2 workers of 2 for evacuation
[596.307s][info][gc,phases      ] GC(1470)   Pre Evacuate Collection Set: 0.49ms
[596.308s][info][gc,phases      ] GC(1470)   Merge Heap Roots: 0.30ms
[596.308s][info][gc,phases      ] GC(1470)   Evacuate Collection Set: 75.74ms
[596.308s][info][gc,phases      ] GC(1470)   Post Evacuate Collection Set: 0.86ms
[596.308s][info][gc,phases      ] GC(1470)   Other: 0.13ms
[596.308s][info][gc,heap        ] GC(1470) Eden regions: 361->0(313)
[596.308s][info][gc,heap        ] GC(1470) Survivor regions: 12->47(47)
[596.308s][info][gc,heap        ] GC(1470) Old regions: 341->360
[596.308s][info][gc,heap        ] GC(1470) Humongous regions: 4->4
[596.308s][info][gc,metaspace   ] GC(1470) Metaspace: 19200K(19392K)->19200K(19392K) NonClass: 17371K(17536K)->17371K(17536K) Class: 1829K(1856K)->1829K(1856K)
[596.308s][info][gc             ] GC(1470) Pause Young (Prepare Mixed) (G1 Evacuation Pause) 716M->409M(857M) 77.761ms
[596.308s][info][gc,cpu         ] GC(1470) User=0.15s Sys=0.00s Real=0.07s
[596.686s][info][gc,start       ] GC(1471) Pause Young (Mixed) (G1 Evacuation Pause)
[596.686s][info][gc,task        ] GC(1471) Using 2 workers of 2 for evacuation
[596.814s][info][gc,phases      ] GC(1471)   Pre Evacuate Collection Set: 0.50ms
[596.814s][info][gc,phases      ] GC(1471)   Merge Heap Roots: 0.58ms
[596.814s][info][gc,phases      ] GC(1471)   Evacuate Collection Set: 124.08ms
[596.814s][info][gc,phases      ] GC(1471)   Post Evacuate Collection Set: 2.33ms
[596.814s][info][gc,phases      ] GC(1471)   Other: 0.12ms
[596.814s][info][gc,heap        ] GC(1471) Eden regions: 313->0(317)
[596.814s][info][gc,heap        ] GC(1471) Survivor regions: 47->32(45)
[596.814s][info][gc,heap        ] GC(1471) Old regions: 360->397
[596.814s][info][gc,heap        ] GC(1471) Humongous regions: 5->5
[596.814s][info][gc,metaspace   ] GC(1471) Metaspace: 19200K(19392K)->19200K(19392K) NonClass: 17371K(17536K)->17371K(17536K) Class: 1829K(1856K)->1829K(1856K)
[596.814s][info][gc             ] GC(1471) Pause Young (Mixed) (G1 Evacuation Pause) 723M->433M(883M) 127.844ms
[596.814s][info][gc,cpu         ] GC(1471) User=0.24s Sys=0.00s Real=0.13s
[597.364s][info][gc,start       ] GC(1472) Pause Young (Concurrent Start) (G1 Evacuation Pause)
[597.364s][info][gc,task        ] GC(1472) Using 2 workers of 2 for evacuation
[597.486s][info][gc,phases      ] GC(1472)   Pre Evacuate Collection Set: 0.32ms
[597.486s][info][gc,phases      ] GC(1472)   Merge Heap Roots: 0.40ms
[597.486s][info][gc,phases      ] GC(1472)   Evacuate Collection Set: 119.86ms
[597.486s][info][gc,phases      ] GC(1472)   Post Evacuate Collection Set: 0.64ms
[597.486s][info][gc,phases      ] GC(1472)   Other: 0.34ms
[597.486s][info][gc,heap        ] GC(1472) Eden regions: 317->0(240)
[597.486s][info][gc,heap        ] GC(1472) Survivor regions: 32->44(44)
[597.486s][info][gc,heap        ] GC(1472) Old regions: 397->451
[597.486s][info][gc,heap        ] GC(1472) Humongous regions: 5->5
[597.486s][info][gc,metaspace   ] GC(1472) Metaspace: 19200K(19392K)->19200K(19392K) NonClass: 17371K(17536K)->17371K(17536K) Class: 1829K(1856K)->1829K(1856K)
[597.486s][info][gc             ] GC(1472) Pause Young (Concurrent Start) (G1 Evacuation Pause) 750M->499M(883M) 121.835ms
[597.486s][info][gc,cpu         ] GC(1472) User=0.24s Sys=0.00s Real=0.12s
[597.486s][info][gc             ] GC(1473) Concurrent Mark Cycle
[597.486s][info][gc,marking     ] GC(1473) Concurrent Scan Root Regions
[597.580s][info][gc,marking     ] GC(1473) Concurrent Scan Root Regions 93.802ms
[597.580s][info][gc,marking     ] GC(1473) Concurrent Mark
[597.580s][info][gc,marking     ] GC(1473) Concurrent Mark From Roots
[597.580s][info][gc,task        ] GC(1473) Using 1 workers of 1 for marking
[598.234s][info][gc,start       ] GC(1474) Pause Young (Normal) (G1 Evacuation Pause)
[598.234s][info][gc,task        ] GC(1474) Using 2 workers of 2 for evacuation
[598.406s][info][gc,phases      ] GC(1474)   Pre Evacuate Collection Set: 0.44ms
[598.406s][info][gc,phases      ] GC(1474)   Merge Heap Roots: 0.32ms
[598.406s][info][gc,phases      ] GC(1474)   Evacuate Collection Set: 170.79ms
[598.406s][info][gc,phases      ] GC(1474)   Post Evacuate Collection Set: 0.74ms
[598.407s][info][gc,phases      ] GC(1474)   Other: 0.15ms
[598.407s][info][gc,heap        ] GC(1474) Eden regions: 240->0(153)
[598.407s][info][gc,heap        ] GC(1474) Survivor regions: 44->36(36)
[598.407s][info][gc,heap        ] GC(1474) Old regions: 451->552
[598.407s][info][gc,heap        ] GC(1474) Humongous regions: 5->5
[598.407s][info][gc,metaspace   ] GC(1474) Metaspace: 19200K(19392K)->19200K(19392K) NonClass: 17371K(17536K)->17371K(17536K) Class: 1829K(1856K)->1829K(1856K)
[598.407s][info][gc             ] GC(1474) Pause Young (Normal) (G1 Evacuation Pause) 739M->591M(883M) 172.713ms
[598.407s][info][gc,cpu         ] GC(1474) User=0.34s Sys=0.00s Real=0.17s
[598.748s][info][gc,start       ] GC(1475) Pause Young (Normal) (G1 Evacuation Pause)
[598.748s][info][gc,task        ] GC(1475) Using 2 workers of 2 for evacuation
[598.835s][info][gc,phases      ] GC(1475)   Pre Evacuate Collection Set: 0.33ms
[598.835s][info][gc,phases      ] GC(1475)   Merge Heap Roots: 0.41ms
[598.835s][info][gc,phases      ] GC(1475)   Evacuate Collection Set: 84.98ms
[598.835s][info][gc,phases      ] GC(1475)   Post Evacuate Collection Set: 0.59ms
[598.835s][info][gc,phases      ] GC(1475)   Other: 0.11ms
[598.835s][info][gc,heap        ] GC(1475) Eden regions: 153->0(141)
[598.835s][info][gc,heap        ] GC(1475) Survivor regions: 36->24(24)
[598.835s][info][gc,heap        ] GC(1475) Old regions: 552->593
[598.835s][info][gc,heap        ] GC(1475) Humongous regions: 6->6
[598.835s][info][gc,metaspace   ] GC(1475) Metaspace: 19203K(19392K)->19203K(19392K) NonClass: 17374K(17536K)->17374K(17536K) Class: 1829K(1856K)->1829K(1856K)
[598.835s][info][gc             ] GC(1475) Pause Young (Normal) (G1 Evacuation Pause) 745M->621M(883M) 86.702ms
[598.835s][info][gc,cpu         ] GC(1475) User=0.17s Sys=0.00s Real=0.08s
[598.892s][info][gc,marking     ] GC(1473) Concurrent Mark From Roots 1312.353ms
[598.892s][info][gc,marking     ] GC(1473) Concurrent Preclean
[598.892s][info][gc,marking     ] GC(1473) Concurrent Preclean 0.049ms
[598.892s][info][gc,start       ] GC(1473) Pause Remark
[598.903s][info][gc             ] GC(1473) Pause Remark 660M->640M(978M) 10.447ms
[598.903s][info][gc,cpu         ] GC(1473) User=0.02s Sys=0.00s Real=0.01s
[598.904s][info][gc,marking     ] GC(1473) Concurrent Mark 1324.008ms
[598.904s][info][gc,marking     ] GC(1473) Concurrent Rebuild Remembered Sets and Scrub Regions
[599.044s][info][gc,start       ] GC(1476) Pause Young (Normal) (G1 Evacuation Pause)
[599.044s][info][gc,task        ] GC(1476) Using 2 workers of 2 for evacuation
[599.097s][info][gc,phases      ] GC(1476)   Pre Evacuate Collection Set: 0.55ms
[599.097s][info][gc,phases      ] GC(1476)   Merge Heap Roots: 0.33ms
[599.097s][info][gc,phases      ] GC(1476)   Evacuate Collection Set: 51.70ms
[599.097s][info][gc,phases      ] GC(1476)   Post Evacuate Collection Set: 0.46ms
[599.097s][info][gc,phases      ] GC(1476)   Other: 0.09ms
[599.097s][info][gc,heap        ] GC(1476) Eden regions: 141->0(223)
[599.097s][info][gc,heap        ] GC(1476) Survivor regions: 24->12(21)
[599.097s][info][gc,heap        ] GC(1476) Old regions: 574->598
[599.097s][info][gc,heap        ] GC(1476) Humongous regions: 5->5
[599.097s][info][gc,metaspace   ] GC(1476) Metaspace: 19203K(19392K)->19203K(19392K) NonClass: 17374K(17536K)->17374K(17536K) Class: 1829K(1856K)->1829K(1856K)
[599.097s][info][gc             ] GC(1476) Pause Young (Normal) (G1 Evacuation Pause) 742M->613M(978M) 53.379ms
[599.097s][info][gc,cpu         ] GC(1476) User=0.10s Sys=0.01s Real=0.05s
[599.353s][info][gc,start       ] GC(1477) Pause Young (Normal) (G1 Evacuation Pause)
[599.353s][info][gc,task        ] GC(1477) Using 2 workers of 2 for evacuation
[599.402s][info][gc,phases      ] GC(1477)   Pre Evacuate Collection Set: 0.35ms
[599.402s][info][gc,phases      ] GC(1477)   Merge Heap Roots: 0.14ms
[599.402s][info][gc,phases      ] GC(1477)   Evacuate Collection Set: 47.72ms
[599.402s][info][gc,phases      ] GC(1477)   Post Evacuate Collection Set: 0.64ms
[599.402s][info][gc,phases      ] GC(1477)   Other: 0.12ms
[599.402s][info][gc,heap        ] GC(1477) Eden regions: 223->0(210)
[599.402s][info][gc,heap        ] GC(1477) Survivor regions: 12->30(30)
[599.402s][info][gc,heap        ] GC(1477) Old regions: 598->612
[599.402s][info][gc,heap        ] GC(1477) Humongous regions: 5->5
[599.402s][info][gc,metaspace   ] GC(1477) Metaspace: 19203K(19392K)->19203K(19392K) NonClass: 17374K(17536K)->17374K(17536K) Class: 1829K(1856K)->1829K(1856K)
[599.402s][info][gc             ] GC(1477) Pause Young (Normal) (G1 Evacuation Pause) 836M->646M(978M) 49.265ms
[599.402s][info][gc,cpu         ] GC(1477) User=0.09s Sys=0.00s Real=0.05s
[599.762s][info][gc,marking     ] GC(1473) Concurrent Rebuild Remembered Sets and Scrub Regions 858.348ms
[599.762s][info][gc,start       ] GC(1473) Pause Cleanup
[599.763s][info][gc             ] GC(1473) Pause Cleanup 823M->823M(978M) 0.149ms
[599.763s][info][gc,cpu         ] GC(1473) User=0.00s Sys=0.00s Real=0.00s
[599.763s][info][gc,marking     ] GC(1473) Concurrent Clear Claimed Marks
[599.763s][info][gc,marking     ] GC(1473) Concurrent Clear Claimed Marks 0.053ms
[599.763s][info][gc,marking     ] GC(1473) Concurrent Cleanup for Next Mark
[599.773s][info][gc,marking     ] GC(1473) Concurrent Cleanup for Next Mark 9.638ms
[599.773s][info][gc             ] GC(1473) Concurrent Mark Cycle 2286.982ms
[599.795s][info][gc,start       ] GC(1478) Pause Young (Prepare Mixed) (G1 Evacuation Pause)
[599.795s][info][gc,task        ] GC(1478) Using 2 workers of 2 for evacuation
[599.875s][info][gc,phases      ] GC(1478)   Pre Evacuate Collection Set: 0.30ms
[599.875s][info][gc,phases      ] GC(1478)   Merge Heap Roots: 0.33ms
[599.875s][info][gc,phases      ] GC(1478)   Evacuate Collection Set: 77.76ms
[599.875s][info][gc,phases      ] GC(1478)   Post Evacuate Collection Set: 0.71ms
[599.875s][info][gc,phases      ] GC(1478)   Other: 0.11ms
[599.875s][info][gc,heap        ] GC(1478) Eden regions: 210->0(183)
[599.875s][info][gc,heap        ] GC(1478) Survivor regions: 30->30(30)
[599.875s][info][gc,heap        ] GC(1478) Old regions: 612->652
[599.875s][info][gc,heap        ] GC(1478) Humongous regions: 5->5
[599.875s][info][gc,metaspace   ] GC(1478) Metaspace: 19203K(19392K)->19203K(19392K) NonClass: 17374K(17536K)->17374K(17536K) Class: 1829K(1856K)->1829K(1856K)
[599.875s][info][gc             ] GC(1478) Pause Young (Prepare Mixed) (G1 Evacuation Pause) 856M->685M(978M) 79.504ms
[599.875s][info][gc,cpu         ] GC(1478) User=0.16s Sys=0.00s Real=0.08s
[600.166s][info][gc,start       ] GC(1479) Pause Young (Mixed) (G1 Evacuation Pause)
[600.166s][info][gc,task        ] GC(1479) Using 2 workers of 2 for evacuation
[600.303s][info][gc,phases      ] GC(1479)   Pre Evacuate Collection Set: 0.35ms
[600.303s][info][gc,phases      ] GC(1479)   Merge Heap Roots: 1.15ms
[600.303s][info][gc,phases      ] GC(1479)   Evacuate Collection Set: 125.45ms
[600.303s][info][gc,phases      ] GC(1479)   Merge Optional Heap Roots: 0.23ms
[600.303s][info][gc,phases      ] GC(1479)   Evacuate Optional Collection Set: 8.25ms
[600.303s][info][gc,phases      ] GC(1479)   Post Evacuate Collection Set: 1.20ms
[600.303s][info][gc,phases      ] GC(1479)   Other: 0.11ms
[600.303s][info][gc,heap        ] GC(1479) Eden regions: 183->0(21)
[600.303s][info][gc,heap        ] GC(1479) Survivor regions: 30->27(27)
[600.303s][info][gc,heap        ] GC(1479) Old regions: 652->645
[600.303s][info][gc,heap        ] GC(1479) Humongous regions: 8->8
[600.303s][info][gc,metaspace   ] GC(1479) Metaspace: 19203K(19392K)->19203K(19392K) NonClass: 17374K(17536K)->17374K(17536K) Class: 1829K(1856K)->1829K(1856K)
[600.303s][info][gc             ] GC(1479) Pause Young (Mixed) (G1 Evacuation Pause) 871M->679M(978M) 137.090ms
[600.303s][info][gc,cpu         ] GC(1479) User=0.27s Sys=0.00s Real=0.14s
[600.327s][info][gc,start       ] GC(1480) Pause Young (Mixed) (G1 Evacuation Pause)
[600.327s][info][gc,task        ] GC(1480) Using 2 workers of 2 for evacuation
[600.542s][info][gc,mmu         ] GC(1480) MMU target violated: 201.0ms (200.0ms/201.0ms)
[600.542s][info][gc,phases      ] GC(1480)   Pre Evacuate Collection Set: 0.30ms
[600.542s][info][gc,phases      ] GC(1480)   Merge Heap Roots: 1.41ms
[600.542s][info][gc,phases      ] GC(1480)   Evacuate Collection Set: 212.37ms
[600.542s][info][gc,phases      ] GC(1480)   Post Evacuate Collection Set: 0.52ms
[600.542s][info][gc,phases      ] GC(1480)   Other: 0.21ms
[600.542s][info][gc,heap        ] GC(1480) Eden regions: 21->0(180)
[600.542s][info][gc,heap        ] GC(1480) Survivor regions: 27->6(6)
[600.542s][info][gc,heap        ] GC(1480) Old regions: 645->674
[600.542s][info][gc,heap        ] GC(1480) Humongous regions: 8->8
[600.542s][info][gc,metaspace   ] GC(1480) Metaspace: 19203K(19392K)->19203K(19392K) NonClass: 17374K(17536K)->17374K(17536K) Class: 1829K(1856K)->1829K(1856K)
[600.542s][info][gc             ] GC(1480) Pause Young (Mixed) (G1 Evacuation Pause) 700M->687M(978M) 215.001ms
[600.542s][info][gc,cpu         ] GC(1480) User=0.42s Sys=0.00s Real=0.22s
[600.683s][info][gc,start       ] GC(1481) Pause Young (Concurrent Start) (G1 Evacuation Pause)
[600.683s][info][gc,task        ] GC(1481) Using 2 workers of 2 for evacuation
[600.779s][info][gc,phases      ] GC(1481)   Pre Evacuate Collection Set: 0.36ms
[600.779s][info][gc,phases      ] GC(1481)   Merge Heap Roots: 0.19ms
[600.779s][info][gc,phases      ] GC(1481)   Evacuate Collection Set: 94.12ms
[600.779s][info][gc,phases      ] GC(1481)   Post Evacuate Collection Set: 0.82ms
[600.779s][info][gc,phases      ] GC(1481)   Other: 0.20ms
[600.779s][info][gc,heap        ] GC(1481) Eden regions: 180->0(123)
[600.779s][info][gc,heap        ] GC(1481) Survivor regions: 6->24(24)
[600.779s][info][gc,heap        ] GC(1481) Old regions: 674->731
[600.779s][info][gc,heap        ] GC(1481) Humongous regions: 8->8
[600.779s][info][gc,metaspace   ] GC(1481) Metaspace: 19203K(19392K)->19203K(19392K) NonClass: 17374K(17536K)->17374K(17536K) Class: 1829K(1856K)->1829K(1856K)
[600.779s][info][gc             ] GC(1481) Pause Young (Concurrent Start) (G1 Evacuation Pause) 867M->762M(978M) 95.963ms
[600.779s][info][gc             ] GC(1482) Concurrent Mark Cycle
[600.779s][info][gc,marking     ] GC(1482) Concurrent Scan Root Regions
[600.781s][info][gc,cpu         ] GC(1481) User=0.19s Sys=0.00s Real=0.10s
[600.947s][info][gc,start       ] GC(1483) Pause Young (Normal) (G1 Evacuation Pause)
[600.947s][info][gc,task        ] GC(1483) Using 2 workers of 2 for evacuation
[600.960s][info][gc,marking     ] GC(1482) Concurrent Scan Root Regions 181.143ms
[600.960s][info][gc,marking     ] GC(1482) Concurrent Mark
[600.960s][info][gc,marking     ] GC(1482) Concurrent Mark From Roots
[600.960s][info][gc,task        ] GC(1482) Using 1 workers of 1 for marking
[601.045s][info][gc,phases      ] GC(1483)   Pre Evacuate Collection Set: 0.36ms
[601.046s][info][gc,phases      ] GC(1483)   Merge Heap Roots: 0.37ms
[601.046s][info][gc,phases      ] GC(1483)   Evacuate Collection Set: 83.57ms
[601.046s][info][gc,phases      ] GC(1483)   Post Evacuate Collection Set: 0.62ms
[601.046s][info][gc,phases      ] GC(1483)   Other: 0.10ms
[601.046s][info][gc,heap        ] GC(1483) Eden regions: 123->0(104)
[601.046s][info][gc,heap        ] GC(1483) Survivor regions: 24->19(19)
[601.046s][info][gc,heap        ] GC(1483) Old regions: 731->769
[601.046s][info][gc,heap        ] GC(1483) Humongous regions: 8->8
[601.046s][info][gc,metaspace   ] GC(1483) Metaspace: 19203K(19392K)->19203K(19392K) NonClass: 17374K(17536K)->17374K(17536K) Class: 1829K(1856K)->1829K(1856K)
[601.046s][info][gc             ] GC(1483) Pause Young (Normal) (G1 Evacuation Pause) 885M->795M(978M) 98.723ms
[601.046s][info][gc,cpu         ] GC(1483) User=0.18s Sys=0.00s Real=0.10s
[601.164s][info][gc,start       ] GC(1484) Pause Young (Normal) (G1 Evacuation Pause)
[601.164s][info][gc,task        ] GC(1484) Using 2 workers of 2 for evacuation
[601.208s][info][gc,phases      ] GC(1484)   Pre Evacuate Collection Set: 0.34ms
[601.208s][info][gc,phases      ] GC(1484)   Merge Heap Roots: 0.24ms
[601.208s][info][gc,phases      ] GC(1484)   Evacuate Collection Set: 42.24ms
[601.208s][info][gc,phases      ] GC(1484)   Post Evacuate Collection Set: 0.46ms
[601.208s][info][gc,phases      ] GC(1484)   Other: 0.09ms
[601.208s][info][gc,heap        ] GC(1484) Eden regions: 104->0(101)
[601.208s][info][gc,heap        ] GC(1484) Survivor regions: 19->15(16)
[601.208s][info][gc,heap        ] GC(1484) Old regions: 769->788
[601.208s][info][gc,heap        ] GC(1484) Humongous regions: 8->8
[601.208s][info][gc,metaspace   ] GC(1484) Metaspace: 19203K(19392K)->19203K(19392K) NonClass: 17374K(17536K)->17374K(17536K) Class: 1829K(1856K)->1829K(1856K)
[601.208s][info][gc             ] GC(1484) Pause Young (Normal) (G1 Evacuation Pause) 899M->810M(978M) 43.684ms
[601.208s][info][gc,cpu         ] GC(1484) User=0.09s Sys=0.01s Real=0.04s
[601.386s][info][gc,start       ] GC(1485) Pause Young (Normal) (G1 Evacuation Pause)
[601.386s][info][gc,task        ] GC(1485) Using 2 workers of 2 for evacuation
[601.418s][info][gc,phases      ] GC(1485)   Pre Evacuate Collection Set: 0.56ms
[601.418s][info][gc,phases      ] GC(1485)   Merge Heap Roots: 0.21ms
[601.418s][info][gc,phases      ] GC(1485)   Evacuate Collection Set: 30.65ms
[601.418s][info][gc,phases      ] GC(1485)   Post Evacuate Collection Set: 0.39ms
[601.418s][info][gc,phases      ] GC(1485)   Other: 0.09ms
[601.418s][info][gc,heap        ] GC(1485) Eden regions: 101->0(91)
[601.418s][info][gc,heap        ] GC(1485) Survivor regions: 15->13(15)
[601.418s][info][gc,heap        ] GC(1485) Old regions: 788->803
[601.418s][info][gc,heap        ] GC(1485) Humongous regions: 8->8
[601.418s][info][gc,metaspace   ] GC(1485) Metaspace: 19203K(19392K)->19203K(19392K) NonClass: 17374K(17536K)->17374K(17536K) Class: 1829K(1856K)->1829K(1856K)
[601.418s][info][gc             ] GC(1485) Pause Young (Normal) (G1 Evacuation Pause) 911M->822M(978M) 32.162ms
[601.418s][info][gc,cpu         ] GC(1485) User=0.06s Sys=0.00s Real=0.03s
[601.524s][info][gc,start       ] GC(1486) Pause Young (Normal) (G1 Evacuation Pause)
[601.524s][info][gc,task        ] GC(1486) Using 2 workers of 2 for evacuation
[601.545s][info][gc,phases      ] GC(1486)   Pre Evacuate Collection Set: 0.31ms
[601.545s][info][gc,phases      ] GC(1486)   Merge Heap Roots: 0.21ms
[601.545s][info][gc,phases      ] GC(1486)   Evacuate Collection Set: 19.68ms
[601.545s][info][gc,phases      ] GC(1486)   Post Evacuate Collection Set: 0.40ms
[601.545s][info][gc,phases      ] GC(1486)   Other: 0.08ms
[601.545s][info][gc,heap        ] GC(1486) Eden regions: 91->0(101)
[601.545s][info][gc,heap        ] GC(1486) Survivor regions: 13->2(13)
[601.545s][info][gc,heap        ] GC(1486) Old regions: 803->815
[601.545s][info][gc,heap        ] GC(1486) Humongous regions: 8->8
[601.545s][info][gc,metaspace   ] GC(1486) Metaspace: 19203K(19392K)->19203K(19392K) NonClass: 17374K(17536K)->17374K(17536K) Class: 1829K(1856K)->1829K(1856K)
[601.545s][info][gc             ] GC(1486) Pause Young (Normal) (G1 Evacuation Pause) 913M->824M(978M) 20.957ms
[601.545s][info][gc,cpu         ] GC(1486) User=0.04s Sys=0.00s Real=0.02s
[601.670s][info][gc,start       ] GC(1487) Pause Young (Normal) (G1 Evacuation Pause)
[601.670s][info][gc,task        ] GC(1487) Using 2 workers of 2 for evacuation
[601.692s][info][gc,phases      ] GC(1487)   Pre Evacuate Collection Set: 0.54ms
[601.692s][info][gc,phases      ] GC(1487)   Merge Heap Roots: 0.38ms
[601.692s][info][gc,phases      ] GC(1487)   Evacuate Collection Set: 20.45ms
[601.693s][info][gc,phases      ] GC(1487)   Post Evacuate Collection Set: 0.52ms
[601.693s][info][gc,phases      ] GC(1487)   Other: 0.09ms
[601.693s][info][gc,heap        ] GC(1487) Eden regions: 101->0(91)
[601.693s][info][gc,heap        ] GC(1487) Survivor regions: 2->7(13)
[601.693s][info][gc,heap        ] GC(1487) Old regions: 815->815
[601.693s][info][gc,heap        ] GC(1487) Humongous regions: 8->8
[601.693s][info][gc,metaspace   ] GC(1487) Metaspace: 19203K(19392K)->19203K(19392K) NonClass: 17374K(17536K)->17374K(17536K) Class: 1829K(1856K)->1829K(1856K)
[601.693s][info][gc             ] GC(1487) Pause Young (Normal) (G1 Evacuation Pause) 925M->829M(978M) 22.255ms
[601.693s][info][gc,cpu         ] GC(1487) User=0.04s Sys=0.00s Real=0.02s
[601.855s][info][gc,marking     ] GC(1482) Concurrent Mark From Roots 894.851ms
[601.855s][info][gc,marking     ] GC(1482) Concurrent Preclean
[601.855s][info][gc,marking     ] GC(1482) Concurrent Preclean 0.051ms
[601.856s][info][gc,start       ] GC(1482) Pause Remark
[601.865s][info][gc             ] GC(1482) Pause Remark 921M->566M(978M) 9.569ms
[601.865s][info][gc,cpu         ] GC(1482) User=0.02s Sys=0.00s Real=0.01s
[601.865s][info][gc,marking     ] GC(1482) Concurrent Mark 904.869ms
[601.865s][info][gc,marking     ] GC(1482) Concurrent Rebuild Remembered Sets and Scrub Regions
[601.872s][info][gc,start       ] GC(1488) Pause Young (Normal) (G1 Evacuation Pause)
[601.872s][info][gc,task        ] GC(1488) Using 2 workers of 2 for evacuation
[601.917s][info][gc,phases      ] GC(1488)   Pre Evacuate Collection Set: 0.32ms
[601.917s][info][gc,phases      ] GC(1488)   Merge Heap Roots: 0.39ms
[601.917s][info][gc,phases      ] GC(1488)   Evacuate Collection Set: 43.79ms
[601.917s][info][gc,phases      ] GC(1488)   Post Evacuate Collection Set: 0.50ms
[601.917s][info][gc,phases      ] GC(1488)   Other: 0.08ms
[601.917s][info][gc,heap        ] GC(1488) Eden regions: 91->0(267)
[601.917s][info][gc,heap        ] GC(1488) Survivor regions: 7->13(13)
[601.917s][info][gc,heap        ] GC(1488) Old regions: 465->473
[601.917s][info][gc,heap        ] GC(1488) Humongous regions: 6->6
[601.917s][info][gc,metaspace   ] GC(1488) Metaspace: 19203K(19392K)->19203K(19392K) NonClass: 17374K(17536K)->17374K(17536K) Class: 1829K(1856K)->1829K(1856K)
[601.917s][info][gc             ] GC(1488) Pause Young (Normal) (G1 Evacuation Pause) 568M->491M(978M) 45.299ms
[601.917s][info][gc,cpu         ] GC(1488) User=0.09s Sys=0.00s Real=0.04s
[602.226s][info][gc,marking     ] GC(1482) Concurrent Rebuild Remembered Sets and Scrub Regions 361.127ms
[602.227s][info][gc,start       ] GC(1482) Pause Cleanup
[602.227s][info][gc             ] GC(1482) Pause Cleanup 681M->681M(978M) 0.182ms
[602.227s][info][gc,cpu         ] GC(1482) User=0.00s Sys=0.00s Real=0.00s
[602.227s][info][gc,marking     ] GC(1482) Concurrent Clear Claimed Marks
[602.227s][info][gc,marking     ] GC(1482) Concurrent Clear Claimed Marks 0.044ms
[602.227s][info][gc,marking     ] GC(1482) Concurrent Cleanup for Next Mark
[602.234s][info][gc,marking     ] GC(1482) Concurrent Cleanup for Next Mark 7.552ms
[602.235s][info][gc             ] GC(1482) Concurrent Mark Cycle 1455.394ms
[602.355s][info][gc,start       ] GC(1489) Pause Young (Prepare Mixed) (G1 Evacuation Pause)
[602.356s][info][gc,task        ] GC(1489) Using 2 workers of 2 for evacuation
[602.447s][info][gc,phases      ] GC(1489)   Pre Evacuate Collection Set: 0.31ms
[602.447s][info][gc,phases      ] GC(1489)   Merge Heap Roots: 0.70ms
[602.447s][info][gc,phases      ] GC(1489)   Evacuate Collection Set: 89.33ms
[602.447s][info][gc,phases      ] GC(1489)   Post Evacuate Collection Set: 0.70ms
[602.447s][info][gc,phases      ] GC(1489)   Other: 0.12ms
[602.447s][info][gc,heap        ] GC(1489) Eden regions: 267->0(213)
[602.447s][info][gc,heap        ] GC(1489) Survivor regions: 13->35(35)
[602.447s][info][gc,heap        ] GC(1489) Old regions: 473->499
[602.447s][info][gc,heap        ] GC(1489) Humongous regions: 6->6
[602.447s][info][gc,metaspace   ] GC(1489) Metaspace: 19203K(19392K)->19203K(19392K) NonClass: 17374K(17536K)->17374K(17536K) Class: 1829K(1856K)->1829K(1856K)
[602.447s][info][gc             ] GC(1489) Pause Young (Prepare Mixed) (G1 Evacuation Pause) 758M->539M(978M) 91.450ms
[602.447s][info][gc,cpu         ] GC(1489) User=0.18s Sys=0.00s Real=0.09s
[602.724s][info][gc,start       ] GC(1490) Pause Young (Mixed) (G1 Evacuation Pause)
[602.724s][info][gc,task        ] GC(1490) Using 2 workers of 2 for evacuation
[602.797s][info][gc,phases      ] GC(1490)   Pre Evacuate Collection Set: 0.34ms
[602.798s][info][gc,phases      ] GC(1490)   Merge Heap Roots: 0.47ms
[602.798s][info][gc,phases      ] GC(1490)   Evacuate Collection Set: 71.63ms
[602.798s][info][gc,phases      ] GC(1490)   Post Evacuate Collection Set: 0.56ms
[602.798s][info][gc,phases      ] GC(1490)   Other: 0.11ms
[602.798s][info][gc,heap        ] GC(1490) Eden regions: 231->0(264)
[602.798s][info][gc,heap        ] GC(1490) Survivor regions: 35->14(34)
[602.798s][info][gc,heap        ] GC(1490) Old regions: 499->522
[602.798s][info][gc,heap        ] GC(1490) Humongous regions: 6->6
[602.798s][info][gc,metaspace   ] GC(1490) Metaspace: 19203K(19392K)->19203K(19392K) NonClass: 17374K(17536K)->17374K(17536K) Class: 1829K(1856K)->1829K(1856K)
[602.798s][info][gc             ] GC(1490) Pause Young (Mixed) (G1 Evacuation Pause) 770M->541M(978M) 73.359ms
[602.798s][info][gc,cpu         ] GC(1490) User=0.15s Sys=0.00s Real=0.07s
[603.181s][info][gc,start       ] GC(1491) Pause Young (Mixed) (G1 Evacuation Pause)
[603.181s][info][gc,task        ] GC(1491) Using 2 workers of 2 for evacuation
[603.231s][info][gc,phases      ] GC(1491)   Pre Evacuate Collection Set: 0.40ms
[603.231s][info][gc,phases      ] GC(1491)   Merge Heap Roots: 0.34ms
[603.231s][info][gc,phases      ] GC(1491)   Evacuate Collection Set: 48.53ms
[603.231s][info][gc,phases      ] GC(1491)   Post Evacuate Collection Set: 0.71ms
[603.231s][info][gc,phases      ] GC(1491)   Other: 0.14ms
[603.231s][info][gc,heap        ] GC(1491) Eden regions: 264->0(316)
[603.231s][info][gc,heap        ] GC(1491) Survivor regions: 14->27(35)
[603.231s][info][gc,heap        ] GC(1491) Old regions: 522->439
[603.231s][info][gc,heap        ] GC(1491) Humongous regions: 6->6
[603.231s][info][gc,metaspace   ] GC(1491) Metaspace: 19203K(19392K)->19203K(19392K) NonClass: 17374K(17536K)->17374K(17536K) Class: 1829K(1856K)->1829K(1856K)
[603.231s][info][gc             ] GC(1491) Pause Young (Mixed) (G1 Evacuation Pause) 805M->471M(978M) 50.454ms
[603.231s][info][gc,cpu         ] GC(1491) User=0.10s Sys=0.00s Real=0.05s
[604.110s][info][gc,start       ] GC(1492) Pause Young (Concurrent Start) (G1 Evacuation Pause)
[604.110s][info][gc,task        ] GC(1492) Using 2 workers of 2 for evacuation
[604.169s][info][gc,phases      ] GC(1492)   Pre Evacuate Collection Set: 0.34ms
[604.169s][info][gc,phases      ] GC(1492)   Merge Heap Roots: 0.29ms
[604.169s][info][gc,phases      ] GC(1492)   Evacuate Collection Set: 57.07ms
[604.169s][info][gc,phases      ] GC(1492)   Post Evacuate Collection Set: 0.69ms
[604.169s][info][gc,phases      ] GC(1492)   Other: 0.16ms
[604.169s][info][gc,heap        ] GC(1492) Eden regions: 316->0(327)
[604.169s][info][gc,heap        ] GC(1492) Survivor regions: 27->27(43)
[604.169s][info][gc,heap        ] GC(1492) Old regions: 439->453
[604.169s][info][gc,heap        ] GC(1492) Humongous regions: 6->6
[604.169s][info][gc,metaspace   ] GC(1492) Metaspace: 19203K(19392K)->19203K(19392K) NonClass: 17374K(17536K)->17374K(17536K) Class: 1829K(1856K)->1829K(1856K)
[604.169s][info][gc             ] GC(1492) Pause Young (Concurrent Start) (G1 Evacuation Pause) 787M->484M(978M) 58.905ms
[604.169s][info][gc             ] GC(1493) Concurrent Mark Cycle
[604.169s][info][gc,marking     ] GC(1493) Concurrent Scan Root Regions
[604.171s][info][gc,cpu         ] GC(1492) User=0.11s Sys=0.00s Real=0.06s
[604.264s][info][gc,marking     ] GC(1493) Concurrent Scan Root Regions 94.860ms
[604.264s][info][gc,marking     ] GC(1493) Concurrent Mark
[604.264s][info][gc,marking     ] GC(1493) Concurrent Mark From Roots
[604.264s][info][gc,task        ] GC(1493) Using 1 workers of 1 for marking
[605.268s][info][gc,start       ] GC(1494) Pause Young (Normal) (G1 Evacuation Pause)
[605.269s][info][gc,task        ] GC(1494) Using 2 workers of 2 for evacuation
[605.357s][info][gc,phases      ] GC(1494)   Pre Evacuate Collection Set: 0.56ms
[605.357s][info][gc,phases      ] GC(1494)   Merge Heap Roots: 0.61ms
[605.357s][info][gc,phases      ] GC(1494)   Evacuate Collection Set: 86.32ms
[605.357s][info][gc,phases      ] GC(1494)   Post Evacuate Collection Set: 0.72ms
[605.357s][info][gc,phases      ] GC(1494)   Other: 0.12ms
[605.357s][info][gc,heap        ] GC(1494) Eden regions: 327->0(313)
[605.357s][info][gc,heap        ] GC(1494) Survivor regions: 27->45(45)
[605.357s][info][gc,heap        ] GC(1494) Old regions: 453->467
[605.357s][info][gc,heap        ] GC(1494) Humongous regions: 6->6
[605.357s][info][gc,metaspace   ] GC(1494) Metaspace: 19203K(19392K)->19203K(19392K) NonClass: 17374K(17536K)->17374K(17536K) Class: 1829K(1856K)->1829K(1856K)
[605.357s][info][gc             ] GC(1494) Pause Young (Normal) (G1 Evacuation Pause) 811M->516M(978M) 88.616ms
[605.357s][info][gc,cpu         ] GC(1494) User=0.17s Sys=0.00s Real=0.08s
[605.501s][info][gc,marking     ] GC(1493) Concurrent Mark From Roots 1237.359ms
[605.501s][info][gc,marking     ] GC(1493) Concurrent Preclean
[605.501s][info][gc,marking     ] GC(1493) Concurrent Preclean 0.052ms
[605.502s][info][gc,start       ] GC(1493) Pause Remark
[605.511s][info][gc             ] GC(1493) Pause Remark 624M->544M(978M) 9.392ms
[605.511s][info][gc,cpu         ] GC(1493) User=0.02s Sys=0.00s Real=0.01s
[605.512s][info][gc,marking     ] GC(1493) Concurrent Mark 1248.272ms
[605.512s][info][gc,marking     ] GC(1493) Concurrent Rebuild Remembered Sets and Scrub Regions
[605.884s][info][gc,marking     ] GC(1493) Concurrent Rebuild Remembered Sets and Scrub Regions 371.962ms
[605.884s][info][gc,start       ] GC(1493) Pause Cleanup
[605.885s][info][gc             ] GC(1493) Pause Cleanup 682M->682M(978M) 0.122ms
[605.885s][info][gc,cpu         ] GC(1493) User=0.00s Sys=0.00s Real=0.00s
[605.885s][info][gc,marking     ] GC(1493) Concurrent Clear Claimed Marks
[605.885s][info][gc,marking     ] GC(1493) Concurrent Clear Claimed Marks 0.036ms
[605.885s][info][gc,marking     ] GC(1493) Concurrent Cleanup for Next Mark
[605.888s][info][gc,marking     ] GC(1493) Concurrent Cleanup for Next Mark 3.064ms
[605.888s][info][gc             ] GC(1493) Concurrent Mark Cycle 1718.775ms
[606.005s][info][gc,start       ] GC(1495) Pause Young (Prepare Mixed) (G1 Evacuation Pause)
[606.005s][info][gc,task        ] GC(1495) Using 2 workers of 2 for evacuation
[606.118s][info][gc,phases      ] GC(1495)   Pre Evacuate Collection Set: 0.32ms
[606.118s][info][gc,phases      ] GC(1495)   Merge Heap Roots: 0.49ms
[606.118s][info][gc,phases      ] GC(1495)   Evacuate Collection Set: 111.07ms
[606.118s][info][gc,phases      ] GC(1495)   Post Evacuate Collection Set: 0.71ms
[606.118s][info][gc,phases      ] GC(1495)   Other: 0.12ms
[606.118s][info][gc,heap        ] GC(1495) Eden regions: 313->0(313)
[606.118s][info][gc,heap        ] GC(1495) Survivor regions: 45->45(45)
[606.118s][info][gc,heap        ] GC(1495) Old regions: 389->436
[606.118s][info][gc,heap        ] GC(1495) Humongous regions: 4->4
[606.118s][info][gc,metaspace   ] GC(1495) Metaspace: 19203K(19392K)->19203K(19392K) NonClass: 17374K(17536K)->17374K(17536K) Class: 1829K(1856K)->1829K(1856K)
[606.118s][info][gc             ] GC(1495) Pause Young (Prepare Mixed) (G1 Evacuation Pause) 749M->484M(978M) 113.001ms
[606.118s][info][gc,cpu         ] GC(1495) User=0.22s Sys=0.01s Real=0.12s
[606.559s][info][gc,start       ] GC(1496) Pause Young (Mixed) (G1 Evacuation Pause)
[606.559s][info][gc,task        ] GC(1496) Using 2 workers of 2 for evacuation
[606.719s][info][gc,phases      ] GC(1496)   Pre Evacuate Collection Set: 0.35ms
[606.719s][info][gc,phases      ] GC(1496)   Merge Heap Roots: 0.38ms
[606.719s][info][gc,phases      ] GC(1496)   Evacuate Collection Set: 157.79ms
[606.719s][info][gc,phases      ] GC(1496)   Post Evacuate Collection Set: 1.01ms
[606.719s][info][gc,phases      ] GC(1496)   Other: 0.12ms
[606.719s][info][gc,heap        ] GC(1496) Eden regions: 332->0(294)
[606.719s][info][gc,heap        ] GC(1496) Survivor regions: 45->48(48)
[606.719s][info][gc,heap        ] GC(1496) Old regions: 436->473
[606.719s][info][gc,heap        ] GC(1496) Humongous regions: 7->7
[606.719s][info][gc,metaspace   ] GC(1496) Metaspace: 19203K(19392K)->19203K(19392K) NonClass: 17374K(17536K)->17374K(17536K) Class: 1829K(1856K)->1829K(1856K)
[606.719s][info][gc             ] GC(1496) Pause Young (Mixed) (G1 Evacuation Pause) 819M->527M(978M) 159.920ms
[606.719s][info][gc,cpu         ] GC(1496) User=0.31s Sys=0.00s Real=0.16s
[606.959s][info][gc,start       ] GC(1497) Pause Young (Concurrent Start) (G1 Evacuation Pause)
[606.960s][info][gc,task        ] GC(1497) Using 2 workers of 2 for evacuation
[607.086s][info][gc,phases      ] GC(1497)   Pre Evacuate Collection Set: 0.42ms
[607.086s][info][gc,phases      ] GC(1497)   Merge Heap Roots: 0.58ms
[607.086s][info][gc,phases      ] GC(1497)   Evacuate Collection Set: 124.72ms
[607.086s][info][gc,phases      ] GC(1497)   Post Evacuate Collection Set: 0.67ms
[607.086s][info][gc,phases      ] GC(1497)   Other: 0.17ms
[607.086s][info][gc,heap        ] GC(1497) Eden regions: 294->0(278)
[607.086s][info][gc,heap        ] GC(1497) Survivor regions: 48->38(43)
[607.086s][info][gc,heap        ] GC(1497) Old regions: 473->522
[607.086s][info][gc,heap        ] GC(1497) Humongous regions: 7->7
[607.086s][info][gc,metaspace   ] GC(1497) Metaspace: 19206K(19392K)->19206K(19392K) NonClass: 17376K(17536K)->17376K(17536K) Class: 1829K(1856K)->1829K(1856K)
[607.086s][info][gc             ] GC(1497) Pause Young (Concurrent Start) (G1 Evacuation Pause) 821M->565M(978M) 126.941ms
[607.086s][info][gc,cpu         ] GC(1497) User=0.25s Sys=0.00s Real=0.12s
[607.087s][info][gc             ] GC(1498) Concurrent Mark Cycle
[607.087s][info][gc,marking     ] GC(1498) Concurrent Scan Root Regions
[607.246s][info][gc,marking     ] GC(1498) Concurrent Scan Root Regions 159.737ms
[607.246s][info][gc,marking     ] GC(1498) Concurrent Mark
[607.246s][info][gc,marking     ] GC(1498) Concurrent Mark From Roots
[607.246s][info][gc,task        ] GC(1498) Using 1 workers of 1 for marking
[607.474s][info][gc,start       ] GC(1499) Pause Young (Normal) (G1 Evacuation Pause)
[607.474s][info][gc,task        ] GC(1499) Using 2 workers of 2 for evacuation
[607.566s][info][gc,phases      ] GC(1499)   Pre Evacuate Collection Set: 0.36ms
[607.566s][info][gc,phases      ] GC(1499)   Merge Heap Roots: 0.35ms
[607.566s][info][gc,phases      ] GC(1499)   Evacuate Collection Set: 89.81ms
[607.566s][info][gc,phases      ] GC(1499)   Post Evacuate Collection Set: 0.71ms
[607.566s][info][gc,phases      ] GC(1499)   Other: 0.09ms
[607.566s][info][gc,heap        ] GC(1499) Eden regions: 278->0(272)
[607.566s][info][gc,heap        ] GC(1499) Survivor regions: 38->21(40)
[607.566s][info][gc,heap        ] GC(1499) Old regions: 522->560
[607.566s][info][gc,heap        ] GC(1499) Humongous regions: 8->8
[607.566s][info][gc,metaspace   ] GC(1499) Metaspace: 19206K(19392K)->19206K(19392K) NonClass: 17376K(17536K)->17376K(17536K) Class: 1829K(1856K)->1829K(1856K)
[607.566s][info][gc             ] GC(1499) Pause Young (Normal) (G1 Evacuation Pause) 844M->588M(978M) 91.590ms
[607.566s][info][gc,cpu         ] GC(1499) User=0.18s Sys=0.00s Real=0.09s
[607.910s][info][gc,start       ] GC(1500) Pause Young (Normal) (G1 Evacuation Pause)
[607.910s][info][gc,task        ] GC(1500) Using 2 workers of 2 for evacuation
[607.971s][info][gc,phases      ] GC(1500)   Pre Evacuate Collection Set: 0.51ms
[607.971s][info][gc,phases      ] GC(1500)   Merge Heap Roots: 0.36ms
[607.971s][info][gc,phases      ] GC(1500)   Evacuate Collection Set: 59.10ms
[607.971s][info][gc,phases      ] GC(1500)   Post Evacuate Collection Set: 0.56ms
[607.971s][info][gc,phases      ] GC(1500)   Other: 0.12ms
[607.971s][info][gc,heap        ] GC(1500) Eden regions: 272->0(270)
[607.971s][info][gc,heap        ] GC(1500) Survivor regions: 21->18(37)
[607.971s][info][gc,heap        ] GC(1500) Old regions: 560->580
[607.971s][info][gc,heap        ] GC(1500) Humongous regions: 8->8
[607.971s][info][gc,metaspace   ] GC(1500) Metaspace: 19206K(19392K)->19206K(19392K) NonClass: 17376K(17536K)->17376K(17536K) Class: 1829K(1856K)->1829K(1856K)
[607.971s][info][gc             ] GC(1500) Pause Young (Normal) (G1 Evacuation Pause) 860M->605M(978M) 60.988ms
[607.971s][info][gc,cpu         ] GC(1500) User=0.12s Sys=0.00s Real=0.06s
[608.693s][info][gc,start       ] GC(1501) Pause Young (Normal) (G1 Evacuation Pause)
[608.693s][info][gc,task        ] GC(1501) Using 2 workers of 2 for evacuation
[608.755s][info][gc,phases      ] GC(1501)   Pre Evacuate Collection Set: 0.56ms
[608.755s][info][gc,phases      ] GC(1501)   Merge Heap Roots: 0.37ms
[608.756s][info][gc,phases      ] GC(1501)   Evacuate Collection Set: 60.29ms
[608.756s][info][gc,phases      ] GC(1501)   Post Evacuate Collection Set: 0.64ms
[608.756s][info][gc,phases      ] GC(1501)   Other: 0.12ms
[608.756s][info][gc,heap        ] GC(1501) Eden regions: 270->0(255)
[608.756s][info][gc,heap        ] GC(1501) Survivor regions: 18->36(36)
[608.756s][info][gc,heap        ] GC(1501) Old regions: 580->587
[608.756s][info][gc,heap        ] GC(1501) Humongous regions: 8->8
[608.756s][info][gc,metaspace   ] GC(1501) Metaspace: 19206K(19392K)->19206K(19392K) NonClass: 17376K(17536K)->17376K(17536K) Class: 1829K(1856K)->1829K(1856K)
[608.756s][info][gc             ] GC(1501) Pause Young (Normal) (G1 Evacuation Pause) 875M->630M(978M) 62.266ms
[608.756s][info][gc,cpu         ] GC(1501) User=0.12s Sys=0.00s Real=0.06s
[609.084s][info][gc,marking     ] GC(1498) Concurrent Mark From Roots 1838.026ms
[609.084s][info][gc,marking     ] GC(1498) Concurrent Preclean
[609.085s][info][gc,marking     ] GC(1498) Concurrent Preclean 0.059ms
[609.085s][info][gc,start       ] GC(1498) Pause Remark
[609.094s][info][gc             ] GC(1498) Pause Remark 699M->690M(978M) 9.384ms
[609.094s][info][gc,cpu         ] GC(1498) User=0.02s Sys=0.00s Real=0.01s
[609.094s][info][gc,marking     ] GC(1498) Concurrent Mark 1847.890ms
[609.094s][info][gc,marking     ] GC(1498) Concurrent Rebuild Remembered Sets and Scrub Regions
[609.724s][info][gc,start       ] GC(1502) Pause Young (Normal) (G1 Evacuation Pause)
[609.724s][info][gc,task        ] GC(1502) Using 2 workers of 2 for evacuation
[609.794s][info][gc,phases      ] GC(1502)   Pre Evacuate Collection Set: 0.56ms
[609.794s][info][gc,phases      ] GC(1502)   Merge Heap Roots: 0.52ms
[609.794s][info][gc,phases      ] GC(1502)   Evacuate Collection Set: 68.87ms
[609.794s][info][gc,phases      ] GC(1502)   Post Evacuate Collection Set: 0.56ms
[609.794s][info][gc,phases      ] GC(1502)   Other: 0.12ms
[609.794s][info][gc,heap        ] GC(1502) Eden regions: 255->0(254)
[609.794s][info][gc,heap        ] GC(1502) Survivor regions: 36->16(37)
[609.794s][info][gc,heap        ] GC(1502) Old regions: 579->616
[609.794s][info][gc,heap        ] GC(1502) Humongous regions: 7->7
[609.794s][info][gc,metaspace   ] GC(1502) Metaspace: 19206K(19392K)->19206K(19392K) NonClass: 17376K(17536K)->17376K(17536K) Class: 1829K(1856K)->1829K(1856K)
[609.794s][info][gc             ] GC(1502) Pause Young (Normal) (G1 Evacuation Pause) 876M->638M(978M) 70.898ms
[609.794s][info][gc,cpu         ] GC(1502) User=0.14s Sys=0.00s Real=0.07s
[609.802s][info][gc,marking     ] GC(1498) Concurrent Rebuild Remembered Sets and Scrub Regions 708.035ms
[609.802s][info][gc,start       ] GC(1498) Pause Cleanup
[609.803s][info][gc             ] GC(1498) Pause Cleanup 640M->640M(978M) 0.120ms
[609.803s][info][gc,cpu         ] GC(1498) User=0.00s Sys=0.00s Real=0.00s
[609.803s][info][gc,marking     ] GC(1498) Concurrent Clear Claimed Marks
[609.803s][info][gc,marking     ] GC(1498) Concurrent Clear Claimed Marks 0.042ms
[609.803s][info][gc,marking     ] GC(1498) Concurrent Cleanup for Next Mark
[609.808s][info][gc,marking     ] GC(1498) Concurrent Cleanup for Next Mark 5.210ms
[609.808s][info][gc             ] GC(1498) Concurrent Mark Cycle 2721.550ms
[610.117s][info][gc,start       ] GC(1503) Pause Young (Prepare Mixed) (G1 Evacuation Pause)
[610.117s][info][gc,task        ] GC(1503) Using 2 workers of 2 for evacuation
[610.173s][info][gc,phases      ] GC(1503)   Pre Evacuate Collection Set: 0.53ms
[610.173s][info][gc,phases      ] GC(1503)   Merge Heap Roots: 0.14ms
[610.173s][info][gc,phases      ] GC(1503)   Evacuate Collection Set: 53.98ms
[610.173s][info][gc,phases      ] GC(1503)   Post Evacuate Collection Set: 0.74ms
[610.173s][info][gc,phases      ] GC(1503)   Other: 0.12ms
[610.173s][info][gc,heap        ] GC(1503) Eden regions: 254->0(217)
[610.173s][info][gc,heap        ] GC(1503) Survivor regions: 16->34(34)
[610.173s][info][gc,heap        ] GC(1503) Old regions: 616->635
[610.173s][info][gc,heap        ] GC(1503) Humongous regions: 7->7
[610.173s][info][gc,metaspace   ] GC(1503) Metaspace: 19206K(19392K)->19206K(19392K) NonClass: 17376K(17536K)->17376K(17536K) Class: 1829K(1856K)->1829K(1856K)
[610.173s][info][gc             ] GC(1503) Pause Young (Prepare Mixed) (G1 Evacuation Pause) 892M->675M(978M) 55.750ms
[610.173s][info][gc,cpu         ] GC(1503) User=0.11s Sys=0.00s Real=0.06s
[610.450s][info][gc,start       ] GC(1504) Pause Young (Mixed) (G1 Evacuation Pause)
[610.450s][info][gc,task        ] GC(1504) Using 2 workers of 2 for evacuation
[610.545s][info][gc,phases      ] GC(1504)   Pre Evacuate Collection Set: 0.53ms
[610.545s][info][gc,phases      ] GC(1504)   Merge Heap Roots: 0.46ms
[610.545s][info][gc,phases      ] GC(1504)   Evacuate Collection Set: 92.43ms
[610.545s][info][gc,phases      ] GC(1504)   Post Evacuate Collection Set: 0.69ms
[610.545s][info][gc,phases      ] GC(1504)   Other: 0.11ms
[610.545s][info][gc,heap        ] GC(1504) Eden regions: 217->0(178)
[610.545s][info][gc,heap        ] GC(1504) Survivor regions: 34->32(32)
[610.545s][info][gc,heap        ] GC(1504) Old regions: 635->674
[610.545s][info][gc,heap        ] GC(1504) Humongous regions: 7->7
[610.545s][info][gc,metaspace   ] GC(1504) Metaspace: 19206K(19392K)->19206K(19392K) NonClass: 17376K(17536K)->17376K(17536K) Class: 1829K(1856K)->1829K(1856K)
[610.545s][info][gc             ] GC(1504) Pause Young (Mixed) (G1 Evacuation Pause) 892M->712M(978M) 94.488ms
[610.545s][info][gc,cpu         ] GC(1504) User=0.18s Sys=0.00s Real=0.09s
[610.691s][info][gc,start       ] GC(1505) Pause Young (Concurrent Start) (G1 Humongous Allocation)
[610.691s][info][gc,task        ] GC(1505) Using 2 workers of 2 for evacuation
[610.743s][info][gc,phases      ] GC(1505)   Pre Evacuate Collection Set: 0.37ms
[610.743s][info][gc,phases      ] GC(1505)   Merge Heap Roots: 0.37ms
[610.743s][info][gc,phases      ] GC(1505)   Evacuate Collection Set: 50.36ms
[610.743s][info][gc,phases      ] GC(1505)   Post Evacuate Collection Set: 0.57ms
[610.743s][info][gc,phases      ] GC(1505)   Other: 0.23ms
[610.743s][info][gc,heap        ] GC(1505) Eden regions: 95->0(181)
[610.743s][info][gc,heap        ] GC(1505) Survivor regions: 32->8(27)
[610.743s][info][gc,heap        ] GC(1505) Old regions: 674->707
[610.743s][info][gc,heap        ] GC(1505) Humongous regions: 7->7
[610.743s][info][gc,metaspace   ] GC(1505) Metaspace: 19206K(19392K)->19206K(19392K) NonClass: 17376K(17536K)->17376K(17536K) Class: 1829K(1856K)->1829K(1856K)
[610.743s][info][gc             ] GC(1505) Pause Young (Concurrent Start) (G1 Humongous Allocation) 807M->720M(978M) 52.215ms
[610.743s][info][gc             ] GC(1506) Concurrent Mark Cycle
[610.743s][info][gc,marking     ] GC(1506) Concurrent Scan Root Regions
[610.744s][info][gc,cpu         ] GC(1505) User=0.10s Sys=0.00s Real=0.05s
[610.805s][info][gc,marking     ] GC(1506) Concurrent Scan Root Regions 61.842ms
[610.805s][info][gc,marking     ] GC(1506) Concurrent Mark
[610.805s][info][gc,marking     ] GC(1506) Concurrent Mark From Roots
[610.805s][info][gc,task        ] GC(1506) Using 1 workers of 1 for marking
[611.156s][info][gc,start       ] GC(1507) Pause Young (Normal) (G1 Evacuation Pause)
[611.156s][info][gc,task        ] GC(1507) Using 2 workers of 2 for evacuation
[611.232s][info][gc,phases      ] GC(1507)   Pre Evacuate Collection Set: 0.55ms
[611.232s][info][gc,phases      ] GC(1507)   Merge Heap Roots: 0.36ms
[611.232s][info][gc,phases      ] GC(1507)   Evacuate Collection Set: 74.38ms
[611.232s][info][gc,phases      ] GC(1507)   Post Evacuate Collection Set: 0.66ms
[611.232s][info][gc,phases      ] GC(1507)   Other: 0.11ms
[611.232s][info][gc,heap        ] GC(1507) Eden regions: 181->0(141)
[611.232s][info][gc,heap        ] GC(1507) Survivor regions: 8->24(24)
[611.232s][info][gc,heap        ] GC(1507) Old regions: 707->729
[611.232s][info][gc,heap        ] GC(1507) Humongous regions: 10->10
[611.232s][info][gc,metaspace   ] GC(1507) Metaspace: 19206K(19392K)->19206K(19392K) NonClass: 17376K(17536K)->17376K(17536K) Class: 1829K(1856K)->1829K(1856K)
[611.232s][info][gc             ] GC(1507) Pause Young (Normal) (G1 Evacuation Pause) 904M->762M(978M) 76.347ms
[611.232s][info][gc,cpu         ] GC(1507) User=0.15s Sys=0.00s Real=0.08s
[611.547s][info][gc,start       ] GC(1508) Pause Young (Normal) (G1 Evacuation Pause)
[611.547s][info][gc,task        ] GC(1508) Using 2 workers of 2 for evacuation
[611.630s][info][gc,phases      ] GC(1508)   Pre Evacuate Collection Set: 0.53ms
[611.630s][info][gc,phases      ] GC(1508)   Merge Heap Roots: 0.90ms
[611.630s][info][gc,phases      ] GC(1508)   Evacuate Collection Set: 80.45ms
[611.630s][info][gc,phases      ] GC(1508)   Post Evacuate Collection Set: 0.47ms
[611.630s][info][gc,phases      ] GC(1508)   Other: 0.09ms
[611.630s][info][gc,heap        ] GC(1508) Eden regions: 141->0(132)
[611.630s][info][gc,heap        ] GC(1508) Survivor regions: 24->16(21)
[611.630s][info][gc,heap        ] GC(1508) Old regions: 729->754
[611.630s][info][gc,heap        ] GC(1508) Humongous regions: 10->10
[611.630s][info][gc,metaspace   ] GC(1508) Metaspace: 19206K(19392K)->19206K(19392K) NonClass: 17376K(17536K)->17376K(17536K) Class: 1829K(1856K)->1829K(1856K)
[611.630s][info][gc             ] GC(1508) Pause Young (Normal) (G1 Evacuation Pause) 903M->778M(978M) 82.718ms
[611.630s][info][gc,cpu         ] GC(1508) User=0.17s Sys=0.00s Real=0.09s
[611.849s][info][gc,start       ] GC(1509) Pause Young (Normal) (G1 Evacuation Pause)
[611.849s][info][gc,task        ] GC(1509) Using 2 workers of 2 for evacuation
[611.880s][info][gc,phases      ] GC(1509)   Pre Evacuate Collection Set: 0.52ms
[611.880s][info][gc,phases      ] GC(1509)   Merge Heap Roots: 0.23ms
[611.880s][info][gc,phases      ] GC(1509)   Evacuate Collection Set: 28.81ms
[611.880s][info][gc,phases      ] GC(1509)   Post Evacuate Collection Set: 0.48ms
[611.880s][info][gc,phases      ] GC(1509)   Other: 0.09ms
[611.880s][info][gc,heap        ] GC(1509) Eden regions: 132->0(135)
[611.880s][info][gc,heap        ] GC(1509) Survivor regions: 16->7(19)
[611.880s][info][gc,heap        ] GC(1509) Old regions: 754->769
[611.880s][info][gc,heap        ] GC(1509) Humongous regions: 10->10
[611.880s][info][gc,metaspace   ] GC(1509) Metaspace: 19206K(19392K)->19206K(19392K) NonClass: 17376K(17536K)->17376K(17536K) Class: 1829K(1856K)->1829K(1856K)
[611.880s][info][gc             ] GC(1509) Pause Young (Normal) (G1 Evacuation Pause) 910M->785M(978M) 30.370ms
[611.880s][info][gc,cpu         ] GC(1509) User=0.06s Sys=0.00s Real=0.03s
[612.175s][info][gc,start       ] GC(1510) Pause Young (Normal) (G1 Evacuation Pause)
[612.176s][info][gc,task        ] GC(1510) Using 2 workers of 2 for evacuation
[612.196s][info][gc,phases      ] GC(1510)   Pre Evacuate Collection Set: 0.53ms
[612.196s][info][gc,phases      ] GC(1510)   Merge Heap Roots: 0.23ms
[612.196s][info][gc,phases      ] GC(1510)   Evacuate Collection Set: 19.14ms
[612.196s][info][gc,phases      ] GC(1510)   Post Evacuate Collection Set: 0.43ms
[612.196s][info][gc,phases      ] GC(1510)   Other: 0.08ms
[612.196s][info][gc,heap        ] GC(1510) Eden regions: 135->0(127)
[612.196s][info][gc,heap        ] GC(1510) Survivor regions: 7->11(18)
[612.196s][info][gc,heap        ] GC(1510) Old regions: 769->769
[612.196s][info][gc,heap        ] GC(1510) Humongous regions: 10->10
[612.196s][info][gc,metaspace   ] GC(1510) Metaspace: 19206K(19392K)->19206K(19392K) NonClass: 17376K(17536K)->17376K(17536K) Class: 1829K(1856K)->1829K(1856K)
[612.196s][info][gc             ] GC(1510) Pause Young (Normal) (G1 Evacuation Pause) 920M->789M(978M) 20.689ms
[612.196s][info][gc,cpu         ] GC(1510) User=0.04s Sys=0.00s Real=0.02s
[612.388s][info][gc,start       ] GC(1511) Pause Young (Normal) (G1 Evacuation Pause)
[612.388s][info][gc,task        ] GC(1511) Using 2 workers of 2 for evacuation
[612.427s][info][gc,phases      ] GC(1511)   Pre Evacuate Collection Set: 0.55ms
[612.427s][info][gc,phases      ] GC(1511)   Merge Heap Roots: 0.14ms
[612.427s][info][gc,phases      ] GC(1511)   Evacuate Collection Set: 38.29ms
[612.427s][info][gc,phases      ] GC(1511)   Post Evacuate Collection Set: 0.57ms
[612.427s][info][gc,phases      ] GC(1511)   Other: 0.08ms
[612.427s][info][gc,heap        ] GC(1511) Eden regions: 127->0(95)
[612.428s][info][gc,heap        ] GC(1511) Survivor regions: 11->18(18)
[612.428s][info][gc,heap        ] GC(1511) Old regions: 769->787
[612.428s][info][gc,heap        ] GC(1511) Humongous regions: 10->10
[612.428s][info][gc,metaspace   ] GC(1511) Metaspace: 19206K(19392K)->19206K(19392K) NonClass: 17376K(17536K)->17376K(17536K) Class: 1829K(1856K)->1829K(1856K)
[612.428s][info][gc             ] GC(1511) Pause Young (Normal) (G1 Evacuation Pause) 916M->814M(978M) 39.883ms
[612.428s][info][gc,cpu         ] GC(1511) User=0.08s Sys=0.00s Real=0.04s
[612.556s][info][gc,start       ] GC(1512) Pause Young (Normal) (G1 Evacuation Pause)
[612.557s][info][gc,task        ] GC(1512) Using 2 workers of 2 for evacuation
[612.622s][info][gc,phases      ] GC(1512)   Pre Evacuate Collection Set: 0.33ms
[612.622s][info][gc,phases      ] GC(1512)   Merge Heap Roots: 0.31ms
[612.622s][info][gc,phases      ] GC(1512)   Evacuate Collection Set: 63.74ms
[612.622s][info][gc,phases      ] GC(1512)   Post Evacuate Collection Set: 0.55ms
[612.622s][info][gc,phases      ] GC(1512)   Other: 0.08ms
[612.622s][info][gc,heap        ] GC(1512) Eden regions: 95->0(61)
[612.622s][info][gc,heap        ] GC(1512) Survivor regions: 18->15(15)
[612.622s][info][gc,heap        ] GC(1512) Old regions: 787->827
[612.622s][info][gc,heap        ] GC(1512) Humongous regions: 10->10
[612.622s][info][gc,metaspace   ] GC(1512) Metaspace: 19206K(19392K)->19206K(19392K) NonClass: 17376K(17536K)->17376K(17536K) Class: 1829K(1856K)->1829K(1856K)
[612.622s][info][gc             ] GC(1512) Pause Young (Normal) (G1 Evacuation Pause) 909M->851M(978M) 65.259ms
[612.622s][info][gc,cpu         ] GC(1512) User=0.13s Sys=0.00s Real=0.07s
[612.647s][info][gc,marking     ] GC(1506) Concurrent Mark From Roots 1841.501ms
[612.647s][info][gc,marking     ] GC(1506) Concurrent Preclean
[612.647s][info][gc,marking     ] GC(1506) Concurrent Preclean 0.047ms
[612.648s][info][gc,start       ] GC(1506) Pause Remark
[612.657s][info][gc             ] GC(1506) Pause Remark 872M->747M(978M) 9.255ms
[612.657s][info][gc,cpu         ] GC(1506) User=0.02s Sys=0.00s Real=0.01s
[612.657s][info][gc,marking     ] GC(1506) Concurrent Mark 1851.751ms
[612.657s][info][gc,marking     ] GC(1506) Concurrent Rebuild Remembered Sets and Scrub Regions
[612.697s][info][gc,start       ] GC(1513) Pause Young (Normal) (G1 Evacuation Pause)
[612.697s][info][gc,task        ] GC(1513) Using 2 workers of 2 for evacuation
[612.741s][info][gc,phases      ] GC(1513)   Pre Evacuate Collection Set: 0.31ms
[612.741s][info][gc,phases      ] GC(1513)   Merge Heap Roots: 0.33ms
[612.741s][info][gc,phases      ] GC(1513)   Evacuate Collection Set: 42.37ms
[612.741s][info][gc,phases      ] GC(1513)   Post Evacuate Collection Set: 0.51ms
[612.741s][info][gc,phases      ] GC(1513)   Other: 0.10ms
[612.741s][info][gc,heap        ] GC(1513) Eden regions: 61->0(147)
[612.741s][info][gc,heap        ] GC(1513) Survivor regions: 15->10(10)
[612.741s][info][gc,heap        ] GC(1513) Old regions: 705->729
[612.741s][info][gc,heap        ] GC(1513) Humongous regions: 7->7
[612.741s][info][gc,metaspace   ] GC(1513) Metaspace: 19206K(19392K)->19206K(19392K) NonClass: 17376K(17536K)->17376K(17536K) Class: 1829K(1856K)->1829K(1856K)
[612.741s][info][gc             ] GC(1513) Pause Young (Normal) (G1 Evacuation Pause) 787M->745M(978M) 44.005ms
[612.741s][info][gc,cpu         ] GC(1513) User=0.09s Sys=0.00s Real=0.05s
[613.077s][info][gc,start       ] GC(1514) Pause Young (Normal) (G1 Evacuation Pause)
[613.077s][info][gc,task        ] GC(1514) Using 2 workers of 2 for evacuation
[613.132s][info][gc,phases      ] GC(1514)   Pre Evacuate Collection Set: 0.35ms
[613.132s][info][gc,phases      ] GC(1514)   Merge Heap Roots: 0.41ms
[613.132s][info][gc,phases      ] GC(1514)   Evacuate Collection Set: 53.30ms
[613.132s][info][gc,phases      ] GC(1514)   Post Evacuate Collection Set: 0.60ms
[613.132s][info][gc,phases      ] GC(1514)   Other: 0.10ms
[613.132s][info][gc,heap        ] GC(1514) Eden regions: 147->0(132)
[613.132s][info][gc,heap        ] GC(1514) Survivor regions: 10->20(20)
[613.132s][info][gc,heap        ] GC(1514) Old regions: 729->744
[613.132s][info][gc,heap        ] GC(1514) Humongous regions: 7->7
[613.132s][info][gc,metaspace   ] GC(1514) Metaspace: 19206K(19392K)->19206K(19392K) NonClass: 17376K(17536K)->17376K(17536K) Class: 1829K(1856K)->1829K(1856K)
[613.132s][info][gc             ] GC(1514) Pause Young (Normal) (G1 Evacuation Pause) 892M->770M(978M) 55.046ms
[613.132s][info][gc,cpu         ] GC(1514) User=0.11s Sys=0.00s Real=0.06s
[613.454s][info][gc,start       ] GC(1515) Pause Young (Normal) (G1 Evacuation Pause)
[613.454s][info][gc,task        ] GC(1515) Using 2 workers of 2 for evacuation
[613.534s][info][gc,phases      ] GC(1515)   Pre Evacuate Collection Set: 0.31ms
[613.534s][info][gc,phases      ] GC(1515)   Merge Heap Roots: 0.59ms
[613.534s][info][gc,phases      ] GC(1515)   Evacuate Collection Set: 78.20ms
[613.534s][info][gc,phases      ] GC(1515)   Post Evacuate Collection Set: 0.63ms
[613.534s][info][gc,phases      ] GC(1515)   Other: 0.11ms
[613.534s][info][gc,heap        ] GC(1515) Eden regions: 132->0(108)
[613.534s][info][gc,heap        ] GC(1515) Survivor regions: 20->19(19)
[613.534s][info][gc,heap        ] GC(1515) Old regions: 744->772
[613.534s][info][gc,heap        ] GC(1515) Humongous regions: 10->10
[613.534s][info][gc,metaspace   ] GC(1515) Metaspace: 19206K(19392K)->19206K(19392K) NonClass: 17376K(17536K)->17376K(17536K) Class: 1829K(1856K)->1829K(1856K)
[613.535s][info][gc             ] GC(1515) Pause Young (Normal) (G1 Evacuation Pause) 905M->800M(978M) 80.119ms
[613.535s][info][gc,cpu         ] GC(1515) User=0.15s Sys=0.00s Real=0.08s
[613.575s][info][gc,marking     ] GC(1506) Concurrent Rebuild Remembered Sets and Scrub Regions 918.122ms
[613.576s][info][gc,start       ] GC(1506) Pause Cleanup
[613.576s][info][gc             ] GC(1506) Pause Cleanup 829M->829M(978M) 0.246ms
[613.576s][info][gc,cpu         ] GC(1506) User=0.00s Sys=0.00s Real=0.00s
[613.576s][info][gc,marking     ] GC(1506) Concurrent Clear Claimed Marks
[613.576s][info][gc,marking     ] GC(1506) Concurrent Clear Claimed Marks 0.060ms
[613.576s][info][gc,marking     ] GC(1506) Concurrent Cleanup for Next Mark
[613.583s][info][gc,marking     ] GC(1506) Concurrent Cleanup for Next Mark 6.727ms
[613.583s][info][gc             ] GC(1506) Concurrent Mark Cycle 2839.929ms
[613.697s][info][gc,start       ] GC(1516) Pause Young (Prepare Mixed) (G1 Evacuation Pause)
[613.697s][info][gc,task        ] GC(1516) Using 2 workers of 2 for evacuation
[613.769s][info][gc,phases      ] GC(1516)   Pre Evacuate Collection Set: 0.55ms
[613.769s][info][gc,phases      ] GC(1516)   Merge Heap Roots: 0.54ms
[613.769s][info][gc,phases      ] GC(1516)   Evacuate Collection Set: 70.37ms
[613.769s][info][gc,phases      ] GC(1516)   Post Evacuate Collection Set: 0.51ms
[613.769s][info][gc,phases      ] GC(1516)   Other: 0.11ms
[613.769s][info][gc,heap        ] GC(1516) Eden regions: 108->0(85)
[613.769s][info][gc,heap        ] GC(1516) Survivor regions: 19->16(16)
[613.769s][info][gc,heap        ] GC(1516) Old regions: 772->801
[613.769s][info][gc,heap        ] GC(1516) Humongous regions: 10->10
[613.769s][info][gc,metaspace   ] GC(1516) Metaspace: 19206K(19392K)->19206K(19392K) NonClass: 17376K(17536K)->17376K(17536K) Class: 1829K(1856K)->1829K(1856K)
[613.769s][info][gc             ] GC(1516) Pause Young (Prepare Mixed) (G1 Evacuation Pause) 908M->826M(978M) 72.432ms
[613.769s][info][gc,cpu         ] GC(1516) User=0.15s Sys=0.00s Real=0.08s
[613.881s][info][gc,start       ] GC(1517) Pause Young (Mixed) (G1 Evacuation Pause)
[613.881s][info][gc,task        ] GC(1517) Using 2 workers of 2 for evacuation
[613.930s][info][gc,phases      ] GC(1517)   Pre Evacuate Collection Set: 0.60ms
[613.930s][info][gc,phases      ] GC(1517)   Merge Heap Roots: 0.43ms
[613.930s][info][gc,phases      ] GC(1517)   Evacuate Collection Set: 47.23ms
[613.930s][info][gc,phases      ] GC(1517)   Post Evacuate Collection Set: 0.62ms
[613.930s][info][gc,phases      ] GC(1517)   Other: 0.09ms
[613.930s][info][gc,heap        ] GC(1517) Eden regions: 85->0(140)
[613.930s][info][gc,heap        ] GC(1517) Survivor regions: 16->9(13)
[613.930s][info][gc,heap        ] GC(1517) Old regions: 801->728
[613.930s][info][gc,heap        ] GC(1517) Humongous regions: 10->10
[613.930s][info][gc,metaspace   ] GC(1517) Metaspace: 19206K(19392K)->19206K(19392K) NonClass: 17376K(17536K)->17376K(17536K) Class: 1829K(1856K)->1829K(1856K)
[613.930s][info][gc             ] GC(1517) Pause Young (Mixed) (G1 Evacuation Pause) 911M->746M(978M) 49.235ms
[613.930s][info][gc,cpu         ] GC(1517) User=0.09s Sys=0.00s Real=0.05s
[614.054s][info][gc,start       ] GC(1518) Pause Young (Mixed) (G1 Evacuation Pause)
[614.054s][info][gc,task        ] GC(1518) Using 2 workers of 2 for evacuation
[614.170s][info][gc,phases      ] GC(1518)   Pre Evacuate Collection Set: 0.52ms
[614.170s][info][gc,phases      ] GC(1518)   Merge Heap Roots: 0.78ms
[614.170s][info][gc,phases      ] GC(1518)   Evacuate Collection Set: 70.01ms
[614.170s][info][gc,phases      ] GC(1518)   Merge Optional Heap Roots: 0.99ms
[614.170s][info][gc,phases      ] GC(1518)   Evacuate Optional Collection Set: 41.62ms
[614.170s][info][gc,phases      ] GC(1518)   Post Evacuate Collection Set: 2.15ms
[614.170s][info][gc,phases      ] GC(1518)   Other: -0.51ms
[614.170s][info][gc,heap        ] GC(1518) Eden regions: 140->0(162)
[614.170s][info][gc,heap        ] GC(1518) Survivor regions: 9->10(19)
[614.170s][info][gc,heap        ] GC(1518) Old regions: 728->708
[614.170s][info][gc,heap        ] GC(1518) Humongous regions: 10->10
[614.170s][info][gc,metaspace   ] GC(1518) Metaspace: 19206K(19392K)->19206K(19392K) NonClass: 17376K(17536K)->17376K(17536K) Class: 1829K(1856K)->1829K(1856K)
[614.170s][info][gc             ] GC(1518) Pause Young (Mixed) (G1 Evacuation Pause) 886M->727M(978M) 115.853ms
[614.170s][info][gc,cpu         ] GC(1518) User=0.22s Sys=0.00s Real=0.12s
[614.359s][info][gc,start       ] GC(1519) Pause Young (Concurrent Start) (G1 Evacuation Pause)
[614.359s][info][gc,task        ] GC(1519) Using 2 workers of 2 for evacuation
[614.391s][info][gc,phases      ] GC(1519)   Pre Evacuate Collection Set: 0.31ms
[614.391s][info][gc,phases      ] GC(1519)   Merge Heap Roots: 0.41ms
[614.391s][info][gc,phases      ] GC(1519)   Evacuate Collection Set: 29.96ms
[614.391s][info][gc,phases      ] GC(1519)   Post Evacuate Collection Set: 0.51ms
[614.391s][info][gc,phases      ] GC(1519)   Other: 0.11ms
[614.391s][info][gc,heap        ] GC(1519) Eden regions: 162->0(169)
[614.391s][info][gc,heap        ] GC(1519) Survivor regions: 10->14(22)
[614.391s][info][gc,heap        ] GC(1519) Old regions: 708->708
[614.391s][info][gc,heap        ] GC(1519) Humongous regions: 10->10
[614.391s][info][gc,metaspace   ] GC(1519) Metaspace: 19206K(19392K)->19206K(19392K) NonClass: 17376K(17536K)->17376K(17536K) Class: 1829K(1856K)->1829K(1856K)
[614.391s][info][gc             ] GC(1519) Pause Young (Concurrent Start) (G1 Evacuation Pause) 889M->731M(978M) 31.571ms
[614.391s][info][gc             ] GC(1520) Concurrent Mark Cycle
[614.391s][info][gc,marking     ] GC(1520) Concurrent Scan Root Regions
[614.393s][info][gc,cpu         ] GC(1519) User=0.06s Sys=0.01s Real=0.03s
[614.420s][info][gc,marking     ] GC(1520) Concurrent Scan Root Regions 29.364ms
[614.420s][info][gc,marking     ] GC(1520) Concurrent Mark
[614.420s][info][gc,marking     ] GC(1520) Concurrent Mark From Roots
[614.420s][info][gc,task        ] GC(1520) Using 1 workers of 1 for marking
[614.854s][info][gc,start       ] GC(1521) Pause Young (Normal) (G1 Evacuation Pause)
[614.854s][info][gc,task        ] GC(1521) Using 2 workers of 2 for evacuation
[614.887s][info][gc,phases      ] GC(1521)   Pre Evacuate Collection Set: 0.54ms
[614.887s][info][gc,phases      ] GC(1521)   Merge Heap Roots: 0.23ms
[614.887s][info][gc,phases      ] GC(1521)   Evacuate Collection Set: 30.94ms
[614.887s][info][gc,phases      ] GC(1521)   Post Evacuate Collection Set: 0.47ms
[614.887s][info][gc,phases      ] GC(1521)   Other: 0.09ms
[614.887s][info][gc,heap        ] GC(1521) Eden regions: 169->0(167)
[614.887s][info][gc,heap        ] GC(1521) Survivor regions: 14->16(23)
[614.887s][info][gc,heap        ] GC(1521) Old regions: 708->717
[614.887s][info][gc,heap        ] GC(1521) Humongous regions: 10->10
[614.887s][info][gc,metaspace   ] GC(1521) Metaspace: 19206K(19392K)->19206K(19392K) NonClass: 17376K(17536K)->17376K(17536K) Class: 1829K(1856K)->1829K(1856K)
[614.887s][info][gc             ] GC(1521) Pause Young (Normal) (G1 Evacuation Pause) 900M->742M(978M) 32.526ms
[614.887s][info][gc,cpu         ] GC(1521) User=0.06s Sys=0.01s Real=0.03s
[615.388s][info][gc,start       ] GC(1522) Pause Young (Normal) (G1 Evacuation Pause)
[615.388s][info][gc,task        ] GC(1522) Using 2 workers of 2 for evacuation
[615.431s][info][gc,phases      ] GC(1522)   Pre Evacuate Collection Set: 0.58ms
[615.431s][info][gc,phases      ] GC(1522)   Merge Heap Roots: 0.27ms
[615.431s][info][gc,phases      ] GC(1522)   Evacuate Collection Set: 42.00ms
[615.431s][info][gc,phases      ] GC(1522)   Post Evacuate Collection Set: 0.54ms
[615.431s][info][gc,phases      ] GC(1522)   Other: 0.11ms
[615.431s][info][gc,heap        ] GC(1522) Eden regions: 167->0(145)
[615.431s][info][gc,heap        ] GC(1522) Survivor regions: 16->23(23)
[615.432s][info][gc,heap        ] GC(1522) Old regions: 717->727
[615.432s][info][gc,heap        ] GC(1522) Humongous regions: 10->10
[615.432s][info][gc,metaspace   ] GC(1522) Metaspace: 19206K(19392K)->19206K(19392K) NonClass: 17376K(17536K)->17376K(17536K) Class: 1829K(1856K)->1829K(1856K)
[615.432s][info][gc             ] GC(1522) Pause Young (Normal) (G1 Evacuation Pause) 909M->759M(978M) 43.750ms
[615.432s][info][gc,cpu         ] GC(1522) User=0.09s Sys=0.00s Real=0.05s
[616.064s][info][gc,start       ] GC(1523) Pause Young (Normal) (G1 Evacuation Pause)
[616.064s][info][gc,task        ] GC(1523) Using 2 workers of 2 for evacuation
[616.093s][info][gc,phases      ] GC(1523)   Pre Evacuate Collection Set: 0.51ms
[616.093s][info][gc,phases      ] GC(1523)   Merge Heap Roots: 0.17ms
[616.093s][info][gc,phases      ] GC(1523)   Evacuate Collection Set: 27.29ms
[616.093s][info][gc,phases      ] GC(1523)   Post Evacuate Collection Set: 0.48ms
[616.093s][info][gc,phases      ] GC(1523)   Other: 0.12ms
[616.093s][info][gc,heap        ] GC(1523) Eden regions: 145->0(163)
[616.093s][info][gc,heap        ] GC(1523) Survivor regions: 23->1(21)
[616.093s][info][gc,heap        ] GC(1523) Old regions: 727->751
[616.093s][info][gc,heap        ] GC(1523) Humongous regions: 10->10
[616.093s][info][gc,metaspace   ] GC(1523) Metaspace: 19206K(19392K)->19206K(19392K) NonClass: 17376K(17536K)->17376K(17536K) Class: 1829K(1856K)->1829K(1856K)
[616.093s][info][gc             ] GC(1523) Pause Young (Normal) (G1 Evacuation Pause) 904M->761M(978M) 28.883ms
[616.093s][info][gc,cpu         ] GC(1523) User=0.05s Sys=0.00s Real=0.03s
[616.526s][info][gc,marking     ] GC(1520) Concurrent Mark From Roots 2105.469ms
[616.526s][info][gc,marking     ] GC(1520) Concurrent Preclean
[616.526s][info][gc,marking     ] GC(1520) Concurrent Preclean 0.080ms
[616.527s][info][gc,start       ] GC(1520) Pause Remark
[616.537s][info][gc             ] GC(1520) Pause Remark 871M->730M(978M) 9.236ms
[616.537s][info][gc,cpu         ] GC(1520) User=0.01s Sys=0.00s Real=0.01s
[616.537s][info][gc,marking     ] GC(1520) Concurrent Mark 2116.346ms
[616.537s][info][gc,marking     ] GC(1520) Concurrent Rebuild Remembered Sets and Scrub Regions
[616.731s][info][gc,start       ] GC(1524) Pause Young (Normal) (G1 Evacuation Pause)
[616.731s][info][gc,task        ] GC(1524) Using 2 workers of 2 for evacuation
[616.733s][info][gc,phases      ] GC(1524)   Pre Evacuate Collection Set: 0.53ms
[616.733s][info][gc,phases      ] GC(1524)   Merge Heap Roots: 0.10ms
[616.733s][info][gc,phases      ] GC(1524)   Evacuate Collection Set: 0.93ms
[616.733s][info][gc,phases      ] GC(1524)   Post Evacuate Collection Set: 0.39ms
[616.733s][info][gc,phases      ] GC(1524)   Other: 0.11ms
[616.733s][info][gc,heap        ] GC(1524) Eden regions: 163->0(259)
[616.733s][info][gc,heap        ] GC(1524) Survivor regions: 1->1(21)
[616.733s][info][gc,heap        ] GC(1524) Old regions: 614->614
[616.733s][info][gc,heap        ] GC(1524) Humongous regions: 6->6
[616.733s][info][gc,metaspace   ] GC(1524) Metaspace: 19206K(19392K)->19206K(19392K) NonClass: 17376K(17536K)->17376K(17536K) Class: 1829K(1856K)->1829K(1856K)
[616.733s][info][gc             ] GC(1524) Pause Young (Normal) (G1 Evacuation Pause) 783M->620M(978M) 2.285ms
[616.733s][info][gc,cpu         ] GC(1524) User=0.00s Sys=0.00s Real=0.00s
[617.173s][info][gc,marking     ] GC(1520) Concurrent Rebuild Remembered Sets and Scrub Regions 636.632ms
[617.173s][info][gc,start       ] GC(1520) Pause Cleanup
[617.174s][info][gc             ] GC(1520) Pause Cleanup 732M->732M(978M) 0.123ms
[617.174s][info][gc,cpu         ] GC(1520) User=0.00s Sys=0.00s Real=0.00s
[617.174s][info][gc,marking     ] GC(1520) Concurrent Clear Claimed Marks
[617.174s][info][gc,marking     ] GC(1520) Concurrent Clear Claimed Marks 0.036ms
[617.174s][info][gc,marking     ] GC(1520) Concurrent Cleanup for Next Mark
[617.177s][info][gc,marking     ] GC(1520) Concurrent Cleanup for Next Mark 2.977ms
[617.177s][info][gc             ] GC(1520) Concurrent Mark Cycle 2785.868ms
[617.544s][info][gc,start       ] GC(1525) Pause Young (Prepare Mixed) (G1 Evacuation Pause)
[617.544s][info][gc,task        ] GC(1525) Using 2 workers of 2 for evacuation
[617.555s][info][gc,phases      ] GC(1525)   Pre Evacuate Collection Set: 0.30ms
[617.555s][info][gc,phases      ] GC(1525)   Merge Heap Roots: 0.33ms
[617.555s][info][gc,phases      ] GC(1525)   Evacuate Collection Set: 9.86ms
[617.555s][info][gc,phases      ] GC(1525)   Post Evacuate Collection Set: 0.53ms
[617.555s][info][gc,phases      ] GC(1525)   Other: 0.12ms
[617.555s][info][gc,heap        ] GC(1525) Eden regions: 259->0(274)
[617.555s][info][gc,heap        ] GC(1525) Survivor regions: 1->1(33)
[617.555s][info][gc,heap        ] GC(1525) Old regions: 614->614
[617.555s][info][gc,heap        ] GC(1525) Humongous regions: 6->6
[617.555s][info][gc,metaspace   ] GC(1525) Metaspace: 19206K(19392K)->19206K(19392K) NonClass: 17376K(17536K)->17376K(17536K) Class: 1829K(1856K)->1829K(1856K)
[617.556s][info][gc             ] GC(1525) Pause Young (Prepare Mixed) (G1 Evacuation Pause) 879M->619M(978M) 11.477ms
[617.556s][info][gc,cpu         ] GC(1525) User=0.02s Sys=0.00s Real=0.01s
[618.041s][info][gc,start       ] GC(1526) Pause Young (Mixed) (G1 Evacuation Pause)
[618.041s][info][gc,task        ] GC(1526) Using 2 workers of 2 for evacuation
[618.088s][info][gc,phases      ] GC(1526)   Pre Evacuate Collection Set: 0.56ms
[618.088s][info][gc,phases      ] GC(1526)   Merge Heap Roots: 0.29ms
[618.088s][info][gc,phases      ] GC(1526)   Evacuate Collection Set: 44.86ms
[618.088s][info][gc,phases      ] GC(1526)   Post Evacuate Collection Set: 0.73ms
[618.088s][info][gc,phases      ] GC(1526)   Other: 0.12ms
[618.088s][info][gc,heap        ] GC(1526) Eden regions: 274->0(247)
[618.088s][info][gc,heap        ] GC(1526) Survivor regions: 1->35(35)
[618.088s][info][gc,heap        ] GC(1526) Old regions: 614->596
[618.088s][info][gc,heap        ] GC(1526) Humongous regions: 6->6
[618.088s][info][gc,metaspace   ] GC(1526) Metaspace: 19206K(19392K)->19206K(19392K) NonClass: 17376K(17536K)->17376K(17536K) Class: 1829K(1856K)->1829K(1856K)
[618.088s][info][gc             ] GC(1526) Pause Young (Mixed) (G1 Evacuation Pause) 893M->636M(978M) 46.803ms
[618.088s][info][gc,cpu         ] GC(1526) User=0.09s Sys=0.00s Real=0.04s
[618.390s][info][gc,start       ] GC(1527) Pause Young (Concurrent Start) (G1 Evacuation Pause)
[618.390s][info][gc,task        ] GC(1527) Using 2 workers of 2 for evacuation
[618.461s][info][gc,phases      ] GC(1527)   Pre Evacuate Collection Set: 0.30ms
[618.461s][info][gc,phases      ] GC(1527)   Merge Heap Roots: 0.18ms
[618.461s][info][gc,phases      ] GC(1527)   Evacuate Collection Set: 69.88ms
[618.461s][info][gc,phases      ] GC(1527)   Post Evacuate Collection Set: 0.60ms
[618.461s][info][gc,phases      ] GC(1527)   Other: 0.16ms
[618.461s][info][gc,heap        ] GC(1527) Eden regions: 247->0(215)
[618.461s][info][gc,heap        ] GC(1527) Survivor regions: 35->36(36)
[618.461s][info][gc,heap        ] GC(1527) Old regions: 596->634
[618.461s][info][gc,heap        ] GC(1527) Humongous regions: 6->6
[618.461s][info][gc,metaspace   ] GC(1527) Metaspace: 19206K(19392K)->19206K(19392K) NonClass: 17376K(17536K)->17376K(17536K) Class: 1829K(1856K)->1829K(1856K)
[618.461s][info][gc             ] GC(1527) Pause Young (Concurrent Start) (G1 Evacuation Pause) 883M->675M(978M) 71.363ms
[618.461s][info][gc,cpu         ] GC(1527) User=0.14s Sys=0.00s Real=0.07s
[618.461s][info][gc             ] GC(1528) Concurrent Mark Cycle
[618.461s][info][gc,marking     ] GC(1528) Concurrent Scan Root Regions
[618.540s][info][gc,marking     ] GC(1528) Concurrent Scan Root Regions 78.939ms
[618.540s][info][gc,marking     ] GC(1528) Concurrent Mark
[618.540s][info][gc,marking     ] GC(1528) Concurrent Mark From Roots
[618.540s][info][gc,task        ] GC(1528) Using 1 workers of 1 for marking
[618.984s][info][gc,start       ] GC(1529) Pause Young (Normal) (G1 Evacuation Pause)
[618.985s][info][gc,task        ] GC(1529) Using 2 workers of 2 for evacuation
[619.098s][info][gc,phases      ] GC(1529)   Pre Evacuate Collection Set: 0.29ms
[619.098s][info][gc,phases      ] GC(1529)   Merge Heap Roots: 0.65ms
[619.098s][info][gc,phases      ] GC(1529)   Evacuate Collection Set: 111.20ms
[619.098s][info][gc,phases      ] GC(1529)   Post Evacuate Collection Set: 0.65ms
[619.098s][info][gc,phases      ] GC(1529)   Other: 0.11ms
[619.098s][info][gc,heap        ] GC(1529) Eden regions: 215->0(172)
[619.098s][info][gc,heap        ] GC(1529) Survivor regions: 36->32(32)
[619.098s][info][gc,heap        ] GC(1529) Old regions: 634->683
[619.098s][info][gc,heap        ] GC(1529) Humongous regions: 9->9
[619.098s][info][gc,metaspace   ] GC(1529) Metaspace: 19206K(19392K)->19206K(19392K) NonClass: 17376K(17536K)->17376K(17536K) Class: 1829K(1856K)->1829K(1856K)
[619.098s][info][gc             ] GC(1529) Pause Young (Normal) (G1 Evacuation Pause) 893M->723M(978M) 113.173ms
[619.098s][info][gc,cpu         ] GC(1529) User=0.22s Sys=0.00s Real=0.11s
[619.424s][info][gc,start       ] GC(1530) Pause Young (Normal) (G1 Evacuation Pause)
[619.424s][info][gc,task        ] GC(1530) Using 2 workers of 2 for evacuation
[619.495s][info][gc,phases      ] GC(1530)   Pre Evacuate Collection Set: 0.33ms
[619.495s][info][gc,phases      ] GC(1530)   Merge Heap Roots: 0.39ms
[619.495s][info][gc,phases      ] GC(1530)   Evacuate Collection Set: 69.50ms
[619.495s][info][gc,phases      ] GC(1530)   Post Evacuate Collection Set: 0.52ms
[619.495s][info][gc,phases      ] GC(1530)   Other: 0.12ms
[619.495s][info][gc,heap        ] GC(1530) Eden regions: 172->0(166)
[619.495s][info][gc,heap        ] GC(1530) Survivor regions: 32->16(26)
[619.495s][info][gc,heap        ] GC(1530) Old regions: 683->715
[619.495s][info][gc,heap        ] GC(1530) Humongous regions: 9->9
[619.495s][info][gc,metaspace   ] GC(1530) Metaspace: 19206K(19392K)->19206K(19392K) NonClass: 17376K(17536K)->17376K(17536K) Class: 1829K(1856K)->1829K(1856K)
[619.496s][info][gc             ] GC(1530) Pause Young (Normal) (G1 Evacuation Pause) 895M->739M(978M) 71.118ms
[619.496s][info][gc,cpu         ] GC(1530) User=0.14s Sys=0.00s Real=0.07s
[619.719s][info][gc,start       ] GC(1531) Pause Young (Normal) (G1 Evacuation Pause)
[619.719s][info][gc,task        ] GC(1531) Using 2 workers of 2 for evacuation
[619.752s][info][gc,phases      ] GC(1531)   Pre Evacuate Collection Set: 0.33ms
[619.752s][info][gc,phases      ] GC(1531)   Merge Heap Roots: 0.21ms
[619.752s][info][gc,phases      ] GC(1531)   Evacuate Collection Set: 32.20ms
[619.752s][info][gc,phases      ] GC(1531)   Post Evacuate Collection Set: 0.44ms
[619.752s][info][gc,phases      ] GC(1531)   Other: 0.09ms
[619.752s][info][gc,heap        ] GC(1531) Eden regions: 166->0(165)
[619.752s][info][gc,heap        ] GC(1531) Survivor regions: 16->11(23)
[619.752s][info][gc,heap        ] GC(1531) Old regions: 715->731
[619.752s][info][gc,heap        ] GC(1531) Humongous regions: 9->9
[619.752s][info][gc,metaspace   ] GC(1531) Metaspace: 19206K(19392K)->19206K(19392K) NonClass: 17376K(17536K)->17376K(17536K) Class: 1829K(1856K)->1829K(1856K)
[619.752s][info][gc             ] GC(1531) Pause Young (Normal) (G1 Evacuation Pause) 905M->750M(978M) 33.537ms
[619.752s][info][gc,cpu         ] GC(1531) User=0.06s Sys=0.00s Real=0.03s
[619.956s][info][gc,start       ] GC(1532) Pause Young (Normal) (G1 Evacuation Pause)
[619.956s][info][gc,task        ] GC(1532) Using 2 workers of 2 for evacuation
[619.986s][info][gc,phases      ] GC(1532)   Pre Evacuate Collection Set: 0.31ms
[619.986s][info][gc,phases      ] GC(1532)   Merge Heap Roots: 0.19ms
[619.986s][info][gc,phases      ] GC(1532)   Evacuate Collection Set: 28.19ms
[619.986s][info][gc,phases      ] GC(1532)   Post Evacuate Collection Set: 0.47ms
[619.986s][info][gc,phases      ] GC(1532)   Other: 0.11ms
[619.986s][info][gc,heap        ] GC(1532) Eden regions: 165->0(144)
[619.986s][info][gc,heap        ] GC(1532) Survivor regions: 11->22(22)
[619.986s][info][gc,heap        ] GC(1532) Old regions: 731->731
[619.986s][info][gc,heap        ] GC(1532) Humongous regions: 9->9
[619.986s][info][gc,metaspace   ] GC(1532) Metaspace: 19206K(19392K)->19206K(19392K) NonClass: 17376K(17536K)->17376K(17536K) Class: 1829K(1856K)->1829K(1856K)
[619.986s][info][gc             ] GC(1532) Pause Young (Normal) (G1 Evacuation Pause) 915M->761M(978M) 29.510ms
[619.986s][info][gc,cpu         ] GC(1532) User=0.06s Sys=0.00s Real=0.03s
[620.171s][info][gc,start       ] GC(1533) Pause Young (Normal) (G1 Evacuation Pause)
[620.171s][info][gc,task        ] GC(1533) Using 2 workers of 2 for evacuation
[620.192s][info][gc,phases      ] GC(1533)   Pre Evacuate Collection Set: 0.34ms
[620.192s][info][gc,phases      ] GC(1533)   Merge Heap Roots: 0.14ms
[620.192s][info][gc,phases      ] GC(1533)   Evacuate Collection Set: 19.51ms
[620.192s][info][gc,phases      ] GC(1533)   Post Evacuate Collection Set: 0.45ms
[620.192s][info][gc,phases      ] GC(1533)   Other: 0.13ms
[620.192s][info][gc,heap        ] GC(1533) Eden regions: 144->0(160)
[620.192s][info][gc,heap        ] GC(1533) Survivor regions: 22->9(21)
[620.192s][info][gc,heap        ] GC(1533) Old regions: 731->741
[620.192s][info][gc,heap        ] GC(1533) Humongous regions: 9->9
[620.192s][info][gc,metaspace   ] GC(1533) Metaspace: 19206K(19392K)->19206K(19392K) NonClass: 17376K(17536K)->17376K(17536K) Class: 1829K(1856K)->1829K(1856K)
[620.192s][info][gc             ] GC(1533) Pause Young (Normal) (G1 Evacuation Pause) 905M->758M(978M) 20.810ms
[620.192s][info][gc,cpu         ] GC(1533) User=0.04s Sys=0.00s Real=0.02s
[620.483s][info][gc,start       ] GC(1534) Pause Young (Normal) (G1 Evacuation Pause)
[620.483s][info][gc,task        ] GC(1534) Using 2 workers of 2 for evacuation
[620.526s][info][gc,phases      ] GC(1534)   Pre Evacuate Collection Set: 0.55ms
[620.526s][info][gc,phases      ] GC(1534)   Merge Heap Roots: 0.12ms
[620.526s][info][gc,phases      ] GC(1534)   Evacuate Collection Set: 41.78ms
[620.526s][info][gc,phases      ] GC(1534)   Post Evacuate Collection Set: 0.52ms
[620.526s][info][gc,phases      ] GC(1534)   Other: 0.08ms
[620.526s][info][gc,heap        ] GC(1534) Eden regions: 160->0(121)
[620.526s][info][gc,heap        ] GC(1534) Survivor regions: 9->22(22)
[620.526s][info][gc,heap        ] GC(1534) Old regions: 741->754
[620.526s][info][gc,heap        ] GC(1534) Humongous regions: 9->9
[620.526s][info][gc,metaspace   ] GC(1534) Metaspace: 19206K(19392K)->19206K(19392K) NonClass: 17376K(17536K)->17376K(17536K) Class: 1829K(1856K)->1829K(1856K)
[620.526s][info][gc             ] GC(1534) Pause Young (Normal) (G1 Evacuation Pause) 918M->784M(978M) 43.303ms
[620.526s][info][gc,cpu         ] GC(1534) User=0.09s Sys=0.00s Real=0.04s
[620.670s][info][gc,start       ] GC(1535) Pause Young (Normal) (G1 Evacuation Pause)
[620.670s][info][gc,task        ] GC(1535) Using 2 workers of 2 for evacuation
[620.725s][info][gc,phases      ] GC(1535)   Pre Evacuate Collection Set: 0.34ms
[620.725s][info][gc,phases      ] GC(1535)   Merge Heap Roots: 0.25ms
[620.725s][info][gc,phases      ] GC(1535)   Evacuate Collection Set: 54.47ms
[620.725s][info][gc,phases      ] GC(1535)   Post Evacuate Collection Set: 0.43ms
[620.725s][info][gc,phases      ] GC(1535)   Other: 0.08ms
[620.725s][info][gc,heap        ] GC(1535) Eden regions: 121->0(101)
[620.725s][info][gc,heap        ] GC(1535) Survivor regions: 22->18(18)
[620.725s][info][gc,heap        ] GC(1535) Old regions: 754->782
[620.725s][info][gc,heap        ] GC(1535) Humongous regions: 9->9
[620.725s][info][gc,metaspace   ] GC(1535) Metaspace: 19206K(19392K)->19206K(19392K) NonClass: 17376K(17536K)->17376K(17536K) Class: 1829K(1856K)->1829K(1856K)
[620.725s][info][gc             ] GC(1535) Pause Young (Normal) (G1 Evacuation Pause) 905M->808M(978M) 55.813ms
[620.726s][info][gc,cpu         ] GC(1535) User=0.11s Sys=0.00s Real=0.05s
[620.804s][info][gc,marking     ] GC(1528) Concurrent Mark From Roots 2263.118ms
[620.804s][info][gc,marking     ] GC(1528) Concurrent Preclean
[620.804s][info][gc,marking     ] GC(1528) Concurrent Preclean 0.051ms
[620.805s][info][gc,start       ] GC(1528) Pause Remark
[620.814s][info][gc             ] GC(1528) Pause Remark 856M->847M(978M) 8.957ms
[620.814s][info][gc,cpu         ] GC(1528) User=0.02s Sys=0.00s Real=0.01s
[620.814s][info][gc,marking     ] GC(1528) Concurrent Mark 2273.861ms
[620.814s][info][gc,marking     ] GC(1528) Concurrent Rebuild Remembered Sets and Scrub Regions
[620.938s][info][gc,start       ] GC(1536) Pause Young (Normal) (G1 Evacuation Pause)
[620.938s][info][gc,task        ] GC(1536) Using 2 workers of 2 for evacuation
[620.970s][info][gc,phases      ] GC(1536)   Pre Evacuate Collection Set: 0.55ms
[620.970s][info][gc,phases      ] GC(1536)   Merge Heap Roots: 0.22ms
[620.970s][info][gc,phases      ] GC(1536)   Evacuate Collection Set: 31.28ms
[620.970s][info][gc,phases      ] GC(1536)   Post Evacuate Collection Set: 0.39ms
[620.970s][info][gc,phases      ] GC(1536)   Other: 0.11ms
[620.970s][info][gc,heap        ] GC(1536) Eden regions: 101->0(111)
[620.970s][info][gc,heap        ] GC(1536) Survivor regions: 18->8(15)
[620.970s][info][gc,heap        ] GC(1536) Old regions: 773->792
[620.970s][info][gc,heap        ] GC(1536) Humongous regions: 9->9
[620.970s][info][gc,metaspace   ] GC(1536) Metaspace: 19206K(19392K)->19206K(19392K) NonClass: 17376K(17536K)->17376K(17536K) Class: 1829K(1856K)->1829K(1856K)
[620.970s][info][gc             ] GC(1536) Pause Young (Normal) (G1 Evacuation Pause) 900M->807M(978M) 32.785ms
[620.970s][info][gc,cpu         ] GC(1536) User=0.06s Sys=0.00s Real=0.04s
[621.469s][info][gc,start       ] GC(1537) Pause Young (Normal) (G1 Evacuation Pause)
[621.469s][info][gc,task        ] GC(1537) Using 2 workers of 2 for evacuation
[621.482s][info][gc,phases      ] GC(1537)   Pre Evacuate Collection Set: 0.32ms
[621.482s][info][gc,phases      ] GC(1537)   Merge Heap Roots: 0.17ms
[621.482s][info][gc,phases      ] GC(1537)   Evacuate Collection Set: 11.93ms
[621.482s][info][gc,phases      ] GC(1537)   Post Evacuate Collection Set: 0.42ms
[621.482s][info][gc,phases      ] GC(1537)   Other: 0.09ms
[621.482s][info][gc,heap        ] GC(1537) Eden regions: 111->0(107)
[621.482s][info][gc,heap        ] GC(1537) Survivor regions: 8->10(15)
[621.482s][info][gc,heap        ] GC(1537) Old regions: 792->792
[621.482s][info][gc,heap        ] GC(1537) Humongous regions: 9->9
[621.482s][info][gc,metaspace   ] GC(1537) Metaspace: 19206K(19392K)->19206K(19392K) NonClass: 17376K(17536K)->17376K(17536K) Class: 1829K(1856K)->1829K(1856K)
[621.482s][info][gc             ] GC(1537) Pause Young (Normal) (G1 Evacuation Pause) 918M->809M(978M) 13.232ms
[621.482s][info][gc,cpu         ] GC(1537) User=0.03s Sys=0.00s Real=0.01s
[621.725s][info][gc,marking     ] GC(1528) Concurrent Rebuild Remembered Sets and Scrub Regions 910.379ms
[621.725s][info][gc,start       ] GC(1528) Pause Cleanup
[621.725s][info][gc             ] GC(1528) Pause Cleanup 900M->900M(978M) 0.146ms
[621.725s][info][gc,cpu         ] GC(1528) User=0.00s Sys=0.00s Real=0.00s
[621.725s][info][gc,marking     ] GC(1528) Concurrent Clear Claimed Marks
[621.725s][info][gc,marking     ] GC(1528) Concurrent Clear Claimed Marks 0.055ms
[621.725s][info][gc,marking     ] GC(1528) Concurrent Cleanup for Next Mark
[621.728s][info][gc,marking     ] GC(1528) Concurrent Cleanup for Next Mark 3.008ms
[621.728s][info][gc             ] GC(1528) Concurrent Mark Cycle 3266.869ms
[621.748s][info][gc,start       ] GC(1538) Pause Young (Prepare Mixed) (G1 Evacuation Pause)
[621.748s][info][gc,task        ] GC(1538) Using 2 workers of 2 for evacuation
[621.770s][info][gc,phases      ] GC(1538)   Pre Evacuate Collection Set: 0.56ms
[621.770s][info][gc,phases      ] GC(1538)   Merge Heap Roots: 0.17ms
[621.770s][info][gc,phases      ] GC(1538)   Evacuate Collection Set: 20.84ms
[621.770s][info][gc,phases      ] GC(1538)   Post Evacuate Collection Set: 0.47ms
[621.770s][info][gc,phases      ] GC(1538)   Other: 0.14ms
[621.770s][info][gc,heap        ] GC(1538) Eden regions: 107->0(98)
[621.770s][info][gc,heap        ] GC(1538) Survivor regions: 10->11(15)
[621.770s][info][gc,heap        ] GC(1538) Old regions: 792->799
[621.770s][info][gc,heap        ] GC(1538) Humongous regions: 9->9
[621.770s][info][gc,metaspace   ] GC(1538) Metaspace: 19206K(19392K)->19206K(19392K) NonClass: 17376K(17536K)->17376K(17536K) Class: 1829K(1856K)->1829K(1856K)
[621.770s][info][gc             ] GC(1538) Pause Young (Prepare Mixed) (G1 Evacuation Pause) 916M->818M(978M) 22.482ms
[621.770s][info][gc,cpu         ] GC(1538) User=0.04s Sys=0.00s Real=0.03s
[621.896s][info][gc,start       ] GC(1539) Pause Young (Mixed) (G1 Evacuation Pause)
[621.896s][info][gc,task        ] GC(1539) Using 2 workers of 2 for evacuation
[621.955s][info][gc,phases      ] GC(1539)   Pre Evacuate Collection Set: 0.59ms
[621.955s][info][gc,phases      ] GC(1539)   Merge Heap Roots: 0.70ms
[621.955s][info][gc,phases      ] GC(1539)   Evacuate Collection Set: 57.64ms
[621.955s][info][gc,phases      ] GC(1539)   Post Evacuate Collection Set: 0.49ms
[621.955s][info][gc,phases      ] GC(1539)   Other: 0.11ms
[621.955s][info][gc,heap        ] GC(1539) Eden regions: 98->0(105)
[621.955s][info][gc,heap        ] GC(1539) Survivor regions: 11->9(14)
[621.955s][info][gc,heap        ] GC(1539) Old regions: 799->796
[621.955s][info][gc,heap        ] GC(1539) Humongous regions: 9->9
[621.955s][info][gc,metaspace   ] GC(1539) Metaspace: 19206K(19392K)->19206K(19392K) NonClass: 17376K(17536K)->17376K(17536K) Class: 1829K(1856K)->1829K(1856K)
[621.956s][info][gc             ] GC(1539) Pause Young (Mixed) (G1 Evacuation Pause) 916M->813M(978M) 59.831ms
[621.956s][info][gc,cpu         ] GC(1539) User=0.11s Sys=0.00s Real=0.06s
[622.111s][info][gc,start       ] GC(1540) Pause Young (Concurrent Start) (G1 Evacuation Pause)
[622.111s][info][gc,task        ] GC(1540) Using 2 workers of 2 for evacuation
[622.139s][info][gc,phases      ] GC(1540)   Pre Evacuate Collection Set: 0.38ms
[622.140s][info][gc,phases      ] GC(1540)   Merge Heap Roots: 0.12ms
[622.140s][info][gc,phases      ] GC(1540)   Evacuate Collection Set: 27.17ms
[622.140s][info][gc,phases      ] GC(1540)   Post Evacuate Collection Set: 0.51ms
[622.140s][info][gc,phases      ] GC(1540)   Other: 0.25ms
[622.140s][info][gc,heap        ] GC(1540) Eden regions: 105->0(81)
[622.140s][info][gc,heap        ] GC(1540) Survivor regions: 9->15(15)
[622.140s][info][gc,heap        ] GC(1540) Old regions: 796->808
[622.140s][info][gc,heap        ] GC(1540) Humongous regions: 9->9
[622.140s][info][gc,metaspace   ] GC(1540) Metaspace: 19206K(19392K)->19206K(19392K) NonClass: 17376K(17536K)->17376K(17536K) Class: 1829K(1856K)->1829K(1856K)
[622.140s][info][gc             ] GC(1540) Pause Young (Concurrent Start) (G1 Evacuation Pause) 918M->831M(978M) 28.658ms
[622.140s][info][gc,cpu         ] GC(1540) User=0.06s Sys=0.00s Real=0.03s
[622.140s][info][gc             ] GC(1541) Concurrent Mark Cycle
[622.140s][info][gc,marking     ] GC(1541) Concurrent Scan Root Regions
[622.179s][info][gc,marking     ] GC(1541) Concurrent Scan Root Regions 39.467ms
[622.179s][info][gc,marking     ] GC(1541) Concurrent Mark
[622.179s][info][gc,marking     ] GC(1541) Concurrent Mark From Roots
[622.179s][info][gc,task        ] GC(1541) Using 1 workers of 1 for marking
[622.312s][info][gc,start       ] GC(1542) Pause Young (Normal) (G1 Evacuation Pause)
[622.312s][info][gc,task        ] GC(1542) Using 2 workers of 2 for evacuation
[622.351s][info][gc,phases      ] GC(1542)   Pre Evacuate Collection Set: 0.37ms
[622.351s][info][gc,phases      ] GC(1542)   Merge Heap Roots: 0.14ms
[622.351s][info][gc,phases      ] GC(1542)   Evacuate Collection Set: 38.00ms
[622.351s][info][gc,phases      ] GC(1542)   Post Evacuate Collection Set: 0.43ms
[622.351s][info][gc,phases      ] GC(1542)   Other: 0.10ms
[622.351s][info][gc,heap        ] GC(1542) Eden regions: 81->0(60)
[622.351s][info][gc,heap        ] GC(1542) Survivor regions: 15->12(12)
[622.351s][info][gc,heap        ] GC(1542) Old regions: 808->835
[622.351s][info][gc,heap        ] GC(1542) Humongous regions: 9->9
[622.351s][info][gc,metaspace   ] GC(1542) Metaspace: 19206K(19392K)->19206K(19392K) NonClass: 17376K(17536K)->17376K(17536K) Class: 1829K(1856K)->1829K(1856K)
[622.351s][info][gc             ] GC(1542) Pause Young (Normal) (G1 Evacuation Pause) 912M->855M(978M) 39.326ms
[622.351s][info][gc,cpu         ] GC(1542) User=0.08s Sys=0.00s Real=0.04s
[622.456s][info][gc,start       ] GC(1543) Pause Young (Normal) (G1 Evacuation Pause)
[622.456s][info][gc,task        ] GC(1543) Using 2 workers of 2 for evacuation
[622.492s][info][gc,phases      ] GC(1543)   Pre Evacuate Collection Set: 0.30ms
[622.492s][info][gc,phases      ] GC(1543)   Merge Heap Roots: 0.20ms
[622.492s][info][gc,phases      ] GC(1543)   Evacuate Collection Set: 35.39ms
[622.492s][info][gc,phases      ] GC(1543)   Post Evacuate Collection Set: 0.44ms
[622.492s][info][gc,phases      ] GC(1543)   Other: 0.09ms
[622.492s][info][gc,heap        ] GC(1543) Eden regions: 60->0(44)
[622.492s][info][gc,heap        ] GC(1543) Survivor regions: 12->9(9)
[622.492s][info][gc,heap        ] GC(1543) Old regions: 835->857
[622.492s][info][gc,heap        ] GC(1543) Humongous regions: 9->9
[622.492s][info][gc,metaspace   ] GC(1543) Metaspace: 19206K(19392K)->19206K(19392K) NonClass: 17376K(17536K)->17376K(17536K) Class: 1829K(1856K)->1829K(1856K)
[622.492s][info][gc             ] GC(1543) Pause Young (Normal) (G1 Evacuation Pause) 915M->874M(978M) 36.705ms
[622.492s][info][gc,cpu         ] GC(1543) User=0.07s Sys=0.00s Real=0.04s
[622.594s][info][gc,start       ] GC(1544) Pause Young (Normal) (G1 Evacuation Pause)
[622.594s][info][gc,task        ] GC(1544) Using 2 workers of 2 for evacuation
[622.621s][info][gc,phases      ] GC(1544)   Pre Evacuate Collection Set: 0.33ms
[622.622s][info][gc,phases      ] GC(1544)   Merge Heap Roots: 0.21ms
[622.622s][info][gc,phases      ] GC(1544)   Evacuate Collection Set: 25.96ms
[622.622s][info][gc,phases      ] GC(1544)   Post Evacuate Collection Set: 0.42ms
[622.622s][info][gc,phases      ] GC(1544)   Other: 0.11ms
[622.622s][info][gc,heap        ] GC(1544) Eden regions: 44->0(41)
[622.622s][info][gc,heap        ] GC(1544) Survivor regions: 9->7(7)
[622.622s][info][gc,heap        ] GC(1544) Old regions: 857->874
[622.622s][info][gc,heap        ] GC(1544) Humongous regions: 9->9
[622.622s][info][gc,metaspace   ] GC(1544) Metaspace: 19206K(19392K)->19206K(19392K) NonClass: 17376K(17536K)->17376K(17536K) Class: 1829K(1856K)->1829K(1856K)
[622.622s][info][gc             ] GC(1544) Pause Young (Normal) (G1 Evacuation Pause) 918M->889M(978M) 27.330ms
[622.622s][info][gc,cpu         ] GC(1544) User=0.05s Sys=0.00s Real=0.03s
[622.742s][info][gc,start       ] GC(1545) Pause Young (Normal) (G1 Evacuation Pause)
[622.742s][info][gc,task        ] GC(1545) Using 2 workers of 2 for evacuation
[622.760s][info][gc,phases      ] GC(1545)   Pre Evacuate Collection Set: 0.33ms
[622.760s][info][gc,phases      ] GC(1545)   Merge Heap Roots: 0.27ms
[622.760s][info][gc,phases      ] GC(1545)   Evacuate Collection Set: 16.79ms
[622.760s][info][gc,phases      ] GC(1545)   Post Evacuate Collection Set: 0.40ms
[622.760s][info][gc,phases      ] GC(1545)   Other: 0.13ms
[622.760s][info][gc,heap        ] GC(1545) Eden regions: 41->0(46)
[622.760s][info][gc,heap        ] GC(1545) Survivor regions: 7->2(6)
[622.760s][info][gc,heap        ] GC(1545) Old regions: 874->881
[622.760s][info][gc,heap        ] GC(1545) Humongous regions: 9->9
[622.760s][info][gc,metaspace   ] GC(1545) Metaspace: 19206K(19392K)->19206K(19392K) NonClass: 17376K(17536K)->17376K(17536K) Class: 1829K(1856K)->1829K(1856K)
[622.760s][info][gc             ] GC(1545) Pause Young (Normal) (G1 Evacuation Pause) 930M->891M(978M) 18.203ms
[622.760s][info][gc,cpu         ] GC(1545) User=0.03s Sys=0.00s Real=0.02s
[622.844s][info][gc,start       ] GC(1546) Pause Young (Normal) (G1 Evacuation Pause)
[622.844s][info][gc,task        ] GC(1546) Using 2 workers of 2 for evacuation
[622.851s][info][gc,phases      ] GC(1546)   Pre Evacuate Collection Set: 0.33ms
[622.851s][info][gc,phases      ] GC(1546)   Merge Heap Roots: 0.12ms
[622.851s][info][gc,phases      ] GC(1546)   Evacuate Collection Set: 6.38ms
[622.851s][info][gc,phases      ] GC(1546)   Post Evacuate Collection Set: 0.37ms
[622.851s][info][gc,phases      ] GC(1546)   Other: 0.11ms
[622.851s][info][gc,heap        ] GC(1546) Eden regions: 46->0(45)
[622.851s][info][gc,heap        ] GC(1546) Survivor regions: 2->3(6)
[622.851s][info][gc,heap        ] GC(1546) Old regions: 881->881
[622.851s][info][gc,heap        ] GC(1546) Humongous regions: 9->9
[622.851s][info][gc,metaspace   ] GC(1546) Metaspace: 19206K(19392K)->19206K(19392K) NonClass: 17376K(17536K)->17376K(17536K) Class: 1829K(1856K)->1829K(1856K)
[622.851s][info][gc             ] GC(1546) Pause Young (Normal) (G1 Evacuation Pause) 937M->892M(978M) 7.563ms
[622.851s][info][gc,cpu         ] GC(1546) User=0.02s Sys=0.00s Real=0.01s
[622.931s][info][gc,start       ] GC(1547) Pause Young (Normal) (G1 Evacuation Pause)
[622.931s][info][gc,task        ] GC(1547) Using 2 workers of 2 for evacuation
[622.944s][info][gc,phases      ] GC(1547)   Pre Evacuate Collection Set: 0.55ms
[622.944s][info][gc,phases      ] GC(1547)   Merge Heap Roots: 0.17ms
[622.944s][info][gc,phases      ] GC(1547)   Evacuate Collection Set: 11.75ms
[622.944s][info][gc,phases      ] GC(1547)   Post Evacuate Collection Set: 0.47ms
[622.944s][info][gc,phases      ] GC(1547)   Other: 0.14ms
[622.944s][info][gc,heap        ] GC(1547) Eden regions: 45->0(44)
[622.944s][info][gc,heap        ] GC(1547) Survivor regions: 3->4(6)
[622.944s][info][gc,heap        ] GC(1547) Old regions: 881->881
[622.944s][info][gc,heap        ] GC(1547) Humongous regions: 9->9
[622.944s][info][gc,metaspace   ] GC(1547) Metaspace: 19206K(19392K)->19206K(19392K) NonClass: 17376K(17536K)->17376K(17536K) Class: 1829K(1856K)->1829K(1856K)
[622.944s][info][gc             ] GC(1547) Pause Young (Normal) (G1 Evacuation Pause) 937M->893M(978M) 13.425ms
[622.944s][info][gc,cpu         ] GC(1547) User=0.02s Sys=0.00s Real=0.01s
[623.077s][info][gc,start       ] GC(1548) Pause Young (Normal) (G1 Evacuation Pause)
[623.077s][info][gc,task        ] GC(1548) Using 2 workers of 2 for evacuation
[623.108s][info][gc,phases      ] GC(1548)   Pre Evacuate Collection Set: 0.53ms
[623.108s][info][gc,phases      ] GC(1548)   Merge Heap Roots: 0.50ms
[623.108s][info][gc,phases      ] GC(1548)   Evacuate Collection Set: 29.35ms
[623.108s][info][gc,phases      ] GC(1548)   Post Evacuate Collection Set: 0.47ms
[623.108s][info][gc,phases      ] GC(1548)   Other: 0.12ms
[623.108s][info][gc,heap        ] GC(1548) Eden regions: 44->0(42)
[623.108s][info][gc,heap        ] GC(1548) Survivor regions: 4->6(6)
[623.108s][info][gc,heap        ] GC(1548) Old regions: 881->888
[623.108s][info][gc,heap        ] GC(1548) Humongous regions: 10->10
[623.108s][info][gc,metaspace   ] GC(1548) Metaspace: 19206K(19392K)->19206K(19392K) NonClass: 17376K(17536K)->17376K(17536K) Class: 1829K(1856K)->1829K(1856K)
[623.108s][info][gc             ] GC(1548) Pause Young (Normal) (G1 Evacuation Pause) 938M->903M(978M) 31.268ms
[623.108s][info][gc,cpu         ] GC(1548) User=0.06s Sys=0.01s Real=0.04s
[623.227s][info][gc,start       ] GC(1549) Pause Young (Normal) (G1 Evacuation Pause)
[623.227s][info][gc,task        ] GC(1549) Using 2 workers of 2 for evacuation
[623.264s][info][gc,phases      ] GC(1549)   Pre Evacuate Collection Set: 0.51ms
[623.265s][info][gc,phases      ] GC(1549)   Merge Heap Roots: 0.36ms
[623.265s][info][gc,phases      ] GC(1549)   Evacuate Collection Set: 36.02ms
[623.265s][info][gc,phases      ] GC(1549)   Post Evacuate Collection Set: 0.38ms
[623.265s][info][gc,phases      ] GC(1549)   Other: 0.12ms
[623.265s][info][gc,heap        ] GC(1549) Eden regions: 42->0(42)
[623.265s][info][gc,heap        ] GC(1549) Survivor regions: 6->6(6)
[623.265s][info][gc,heap        ] GC(1549) Old regions: 888->898
[623.265s][info][gc,heap        ] GC(1549) Humongous regions: 12->12
[623.265s][info][gc,metaspace   ] GC(1549) Metaspace: 19206K(19392K)->19206K(19392K) NonClass: 17376K(17536K)->17376K(17536K) Class: 1829K(1856K)->1829K(1856K)
[623.265s][info][gc             ] GC(1549) Pause Young (Normal) (G1 Evacuation Pause) 947M->915M(978M) 37.629ms
[623.265s][info][gc,cpu         ] GC(1549) User=0.08s Sys=0.00s Real=0.04s
[623.324s][info][gc,start       ] GC(1550) Pause Young (Normal) (G1 Evacuation Pause)
[623.324s][info][gc,task        ] GC(1550) Using 2 workers of 2 for evacuation
[623.353s][info][gc,phases      ] GC(1550)   Pre Evacuate Collection Set: 0.51ms
[623.353s][info][gc,phases      ] GC(1550)   Merge Heap Roots: 0.13ms
[623.353s][info][gc,phases      ] GC(1550)   Evacuate Collection Set: 27.83ms
[623.353s][info][gc,phases      ] GC(1550)   Post Evacuate Collection Set: 0.37ms
[623.353s][info][gc,phases      ] GC(1550)   Other: 0.14ms
[623.353s][info][gc,heap        ] GC(1550) Eden regions: 42->0(42)
[623.353s][info][gc,heap        ] GC(1550) Survivor regions: 6->6(6)
[623.353s][info][gc,heap        ] GC(1550) Old regions: 898->912
[623.353s][info][gc,heap        ] GC(1550) Humongous regions: 12->12
[623.353s][info][gc,metaspace   ] GC(1550) Metaspace: 19206K(19392K)->19206K(19392K) NonClass: 17376K(17536K)->17376K(17536K) Class: 1829K(1856K)->1829K(1856K)
[623.353s][info][gc             ] GC(1550) Pause Young (Normal) (G1 Evacuation Pause) 957M->929M(978M) 29.230ms
[623.353s][info][gc,cpu         ] GC(1550) User=0.05s Sys=0.00s Real=0.03s
[623.421s][info][gc,start       ] GC(1551) Pause Young (Normal) (G1 Evacuation Pause)
[623.421s][info][gc,task        ] GC(1551) Using 2 workers of 2 for evacuation
[623.445s][info][gc,phases      ] GC(1551)   Pre Evacuate Collection Set: 0.51ms
[623.445s][info][gc,phases      ] GC(1551)   Merge Heap Roots: 0.12ms
[623.445s][info][gc,phases      ] GC(1551)   Evacuate Collection Set: 19.52ms
[623.445s][info][gc,phases      ] GC(1551)   Post Evacuate Collection Set: 3.01ms
[623.445s][info][gc,phases      ] GC(1551)   Other: 0.11ms
[623.445s][info][gc,heap        ] GC(1551) Eden regions: 42->0(10)
[623.445s][info][gc,heap        ] GC(1551) Survivor regions: 6->4(6)
[623.445s][info][gc,heap        ] GC(1551) Old regions: 912->948
[623.445s][info][gc,heap        ] GC(1551) Humongous regions: 12->12
[623.445s][info][gc,metaspace   ] GC(1551) Metaspace: 19206K(19392K)->19206K(19392K) NonClass: 17376K(17536K)->17376K(17536K) Class: 1829K(1856K)->1829K(1856K)
[623.445s][info][gc             ] GC(1551) Pause Young (Normal) (G1 Evacuation Pause) (Evacuation Failure: Allocation) 971M->963M(978M) 23.522ms
[623.445s][info][gc,cpu         ] GC(1551) User=0.05s Sys=0.00s Real=0.02s
[623.473s][info][gc,start       ] GC(1552) Pause Young (Normal) (G1 Evacuation Pause)
[623.473s][info][gc,task        ] GC(1552) Using 2 workers of 2 for evacuation
[623.502s][info][gc,phases      ] GC(1552)   Pre Evacuate Collection Set: 0.76ms
[623.502s][info][gc,phases      ] GC(1552)   Merge Heap Roots: 0.15ms
[623.502s][info][gc,phases      ] GC(1552)   Evacuate Collection Set: 23.75ms
[623.502s][info][gc,phases      ] GC(1552)   Post Evacuate Collection Set: 3.51ms
[623.502s][info][gc,phases      ] GC(1552)   Other: 0.12ms
[623.502s][info][gc,heap        ] GC(1552) Eden regions: 10->0(3)
[623.502s][info][gc,heap        ] GC(1552) Survivor regions: 4->1(2)
[623.502s][info][gc,heap        ] GC(1552) Old regions: 948->961
[623.502s][info][gc,heap        ] GC(1552) Humongous regions: 12->12
[623.502s][info][gc,metaspace   ] GC(1552) Metaspace: 19206K(19392K)->19206K(19392K) NonClass: 17376K(17536K)->17376K(17536K) Class: 1829K(1856K)->1829K(1856K)
[623.502s][info][gc             ] GC(1552) Pause Young (Normal) (G1 Evacuation Pause) (Evacuation Failure: Allocation) 973M->973M(978M) 28.542ms
[623.502s][info][gc,cpu         ] GC(1552) User=0.05s Sys=0.00s Real=0.03s
[623.514s][info][gc,start       ] GC(1553) Pause Young (Normal) (G1 Evacuation Pause)
[623.514s][info][gc,task        ] GC(1553) Using 2 workers of 2 for evacuation
[623.531s][info][gc,phases      ] GC(1553)   Pre Evacuate Collection Set: 0.55ms
[623.531s][info][gc,phases      ] GC(1553)   Merge Heap Roots: 0.10ms
[623.531s][info][gc,phases      ] GC(1553)   Evacuate Collection Set: 13.34ms
[623.531s][info][gc,phases      ] GC(1553)   Post Evacuate Collection Set: 3.62ms
[623.531s][info][gc,phases      ] GC(1553)   Other: 0.11ms
[623.531s][info][gc,heap        ] GC(1553) Eden regions: 3->0(2)
[623.531s][info][gc,heap        ] GC(1553) Survivor regions: 1->1(1)
[623.531s][info][gc,heap        ] GC(1553) Old regions: 961->962
[623.532s][info][gc,heap        ] GC(1553) Humongous regions: 12->12
[623.532s][info][gc,metaspace   ] GC(1553) Metaspace: 19206K(19392K)->19206K(19392K) NonClass: 17376K(17536K)->17376K(17536K) Class: 1829K(1856K)->1829K(1856K)
[623.532s][info][gc             ] GC(1553) Pause Young (Normal) (G1 Evacuation Pause) (Evacuation Failure: Allocation) 976M->974M(978M) 17.951ms
[623.532s][info][gc,cpu         ] GC(1553) User=0.03s Sys=0.01s Real=0.02s
[623.538s][info][gc,start       ] GC(1554) Pause Young (Normal) (G1 Evacuation Pause)
[623.538s][info][gc,task        ] GC(1554) Using 2 workers of 2 for evacuation
[623.554s][info][gc,phases      ] GC(1554)   Pre Evacuate Collection Set: 0.61ms
[623.554s][info][gc,phases      ] GC(1554)   Merge Heap Roots: 0.11ms
[623.554s][info][gc,phases      ] GC(1554)   Evacuate Collection Set: 12.10ms
[623.554s][info][gc,phases      ] GC(1554)   Post Evacuate Collection Set: 3.26ms
[623.554s][info][gc,phases      ] GC(1554)   Other: 0.09ms
[623.554s][info][gc,heap        ] GC(1554) Eden regions: 2->0(1)
[623.554s][info][gc,heap        ] GC(1554) Survivor regions: 1->1(1)
[623.554s][info][gc,heap        ] GC(1554) Old regions: 962->963
[623.554s][info][gc,heap        ] GC(1554) Humongous regions: 12->12
[623.554s][info][gc,metaspace   ] GC(1554) Metaspace: 19206K(19392K)->19206K(19392K) NonClass: 17376K(17536K)->17376K(17536K) Class: 1829K(1856K)->1829K(1856K)
[623.554s][info][gc             ] GC(1554) Pause Young (Normal) (G1 Evacuation Pause) (Evacuation Failure: Allocation) 976M->975M(978M) 16.433ms
[623.554s][info][gc,cpu         ] GC(1554) User=0.03s Sys=0.00s Real=0.02s
[623.558s][info][gc,start       ] GC(1555) Pause Young (Normal) (G1 Evacuation Pause)
[623.558s][info][gc,task        ] GC(1555) Using 2 workers of 2 for evacuation
[623.574s][info][gc,phases      ] GC(1555)   Pre Evacuate Collection Set: 0.46ms
[623.574s][info][gc,phases      ] GC(1555)   Merge Heap Roots: 0.08ms
[623.574s][info][gc,phases      ] GC(1555)   Evacuate Collection Set: 11.96ms
[623.574s][info][gc,phases      ] GC(1555)   Post Evacuate Collection Set: 3.24ms
[623.574s][info][gc,phases      ] GC(1555)   Other: 0.07ms
[623.574s][info][gc,heap        ] GC(1555) Eden regions: 1->0(1)
[623.574s][info][gc,heap        ] GC(1555) Survivor regions: 1->1(1)
[623.574s][info][gc,heap        ] GC(1555) Old regions: 963->963
[623.574s][info][gc,heap        ] GC(1555) Humongous regions: 12->12
[623.574s][info][gc,metaspace   ] GC(1555) Metaspace: 19206K(19392K)->19206K(19392K) NonClass: 17376K(17536K)->17376K(17536K) Class: 1829K(1856K)->1829K(1856K)
[623.574s][info][gc             ] GC(1555) Pause Young (Normal) (G1 Evacuation Pause) (Evacuation Failure: Allocation) 976M->975M(978M) 16.035ms
[623.574s][info][gc,cpu         ] GC(1555) User=0.03s Sys=0.00s Real=0.02s
[623.580s][info][gc,start       ] GC(1556) Pause Young (Normal) (G1 Evacuation Pause)
[623.580s][info][gc,task        ] GC(1556) Using 2 workers of 2 for evacuation
[623.596s][info][gc,phases      ] GC(1556)   Pre Evacuate Collection Set: 0.36ms
[623.596s][info][gc,phases      ] GC(1556)   Merge Heap Roots: 0.13ms
[623.597s][info][gc,phases      ] GC(1556)   Evacuate Collection Set: 12.75ms
[623.597s][info][gc,phases      ] GC(1556)   Post Evacuate Collection Set: 3.31ms
[623.597s][info][gc,phases      ] GC(1556)   Other: 0.09ms
[623.597s][info][gc,heap        ] GC(1556) Eden regions: 1->0(0)
[623.597s][info][gc,heap        ] GC(1556) Survivor regions: 1->1(1)
[623.597s][info][gc,heap        ] GC(1556) Old regions: 963->964
[623.597s][info][gc,heap        ] GC(1556) Humongous regions: 12->12
[623.597s][info][gc,metaspace   ] GC(1556) Metaspace: 19206K(19392K)->19206K(19392K) NonClass: 17376K(17536K)->17376K(17536K) Class: 1829K(1856K)->1829K(1856K)
[623.597s][info][gc             ] GC(1556) Pause Young (Normal) (G1 Evacuation Pause) (Evacuation Failure: Allocation) 976M->975M(978M) 16.853ms
[623.597s][info][gc,cpu         ] GC(1556) User=0.03s Sys=0.00s Real=0.01s
[623.597s][info][gc,ergo        ] Attempting full compaction
[623.597s][info][gc,start       ] GC(1557) Pause Full (G1 Compaction Pause)
[623.597s][info][gc,task        ] GC(1557) Using 2 workers of 2 for full compaction
[623.598s][info][gc,phases,start] GC(1557) Phase 1: Mark live objects
[624.060s][info][metaspace      ] ChkMgr @0x00007f0d1c15e580 (non-class-space): : reclaiming memory...
[624.060s][info][metaspace      ] ChkMgr @0x00007f0d1c15e580 (non-class-space): nothing reclaimed.
[624.060s][info][metaspace      ] ChkMgr @0x00007f0d1c15c690 (class-space): : reclaiming memory...
[624.060s][info][metaspace      ] ChkMgr @0x00007f0d1c15c690 (class-space): nothing reclaimed.
[624.060s][info][gc,phases      ] GC(1557) Phase 1: Mark live objects 461.875ms
[624.060s][info][gc,phases,start] GC(1557) Phase 2: Prepare compaction
[624.079s][info][gc,phases      ] GC(1557) Phase 2: Prepare compaction 18.863ms
[624.079s][info][gc,phases,start] GC(1557) Phase 3: Adjust pointers
[624.240s][info][gc,phases      ] GC(1557) Phase 3: Adjust pointers 160.727ms
[624.240s][info][gc,phases,start] GC(1557) Phase 4: Compact heap
[624.263s][info][gc,phases      ] GC(1557) Phase 4: Compact heap 23.029ms
[624.263s][info][gc,phases,start] GC(1557) Phase 5: Reset Metadata
[624.338s][info][gc,phases      ] GC(1557) Phase 5: Reset Metadata 74.527ms
[624.347s][info][gc,heap        ] GC(1557) Eden regions: 0->0(357)
[624.347s][info][gc,heap        ] GC(1557) Survivor regions: 1->0(1)
[624.347s][info][gc,heap        ] GC(1557) Old regions: 964->481
[624.347s][info][gc,heap        ] GC(1557) Humongous regions: 12->6
[624.348s][info][gc,metaspace   ] GC(1557) Metaspace: 19206K(19392K)->19181K(19392K) NonClass: 17376K(17536K)->17351K(17536K) Class: 1829K(1856K)->1829K(1856K)
[624.348s][info][gc             ] GC(1557) Pause Full (G1 Compaction Pause) 975M->485M(978M) 750.887ms
[624.348s][info][gc,cpu         ] GC(1557) User=1.48s Sys=0.00s Real=0.75s
[624.348s][info][gc,marking     ] GC(1541) Concurrent Mark From Roots 2169.072ms
[624.348s][info][gc,marking     ] GC(1541) Concurrent Mark Abort
[624.348s][info][gc             ] GC(1541) Concurrent Mark Cycle 2208.741ms
[624.735s][info][gc,start       ] GC(1558) Pause Young (Normal) (G1 Evacuation Pause)
[624.735s][info][gc,task        ] GC(1558) Using 2 workers of 2 for evacuation
[624.765s][info][gc,phases      ] GC(1558)   Pre Evacuate Collection Set: 0.31ms
[624.765s][info][gc,phases      ] GC(1558)   Merge Heap Roots: 0.37ms
[624.765s][info][gc,phases      ] GC(1558)   Evacuate Collection Set: 28.00ms
[624.765s][info][gc,phases      ] GC(1558)   Post Evacuate Collection Set: 0.63ms
[624.765s][info][gc,phases      ] GC(1558)   Other: 0.11ms
[624.765s][info][gc,heap        ] GC(1558) Eden regions: 357->0(353)
[624.765s][info][gc,heap        ] GC(1558) Survivor regions: 0->19(45)
[624.765s][info][gc,heap        ] GC(1558) Old regions: 481->481
[624.765s][info][gc,heap        ] GC(1558) Humongous regions: 6->6
[624.765s][info][gc,metaspace   ] GC(1558) Metaspace: 19181K(19392K)->19181K(19392K) NonClass: 17351K(17536K)->17351K(17536K) Class: 1829K(1856K)->1829K(1856K)
[624.765s][info][gc             ] GC(1558) Pause Young (Normal) (G1 Evacuation Pause) 842M->503M(978M) 29.693ms
[624.765s][info][gc,cpu         ] GC(1558) User=0.06s Sys=0.00s Real=0.03s
[625.249s][info][gc,start       ] GC(1559) Pause Young (Concurrent Start) (G1 Evacuation Pause)
[625.249s][info][gc,task        ] GC(1559) Using 2 workers of 2 for evacuation
[625.314s][info][gc,phases      ] GC(1559)   Pre Evacuate Collection Set: 0.30ms
[625.314s][info][gc,phases      ] GC(1559)   Merge Heap Roots: 0.25ms
[625.314s][info][gc,phases      ] GC(1559)   Evacuate Collection Set: 63.26ms
[625.314s][info][gc,phases      ] GC(1559)   Post Evacuate Collection Set: 0.65ms
[625.314s][info][gc,phases      ] GC(1559)   Other: 0.11ms
[625.314s][info][gc,heap        ] GC(1559) Eden regions: 353->0(328)
[625.314s][info][gc,heap        ] GC(1559) Survivor regions: 19->47(47)
[625.314s][info][gc,heap        ] GC(1559) Old regions: 481->485
[625.314s][info][gc,heap        ] GC(1559) Humongous regions: 6->6
[625.314s][info][gc,metaspace   ] GC(1559) Metaspace: 19181K(19392K)->19181K(19392K) NonClass: 17351K(17536K)->17351K(17536K) Class: 1829K(1856K)->1829K(1856K)
[625.314s][info][gc             ] GC(1559) Pause Young (Concurrent Start) (G1 Evacuation Pause) 856M->535M(978M) 64.812ms
[625.314s][info][gc,cpu         ] GC(1559) User=0.12s Sys=0.00s Real=0.06s
[625.314s][info][gc             ] GC(1560) Concurrent Mark Cycle
[625.314s][info][gc,marking     ] GC(1560) Concurrent Scan Root Regions
[625.412s][info][gc,marking     ] GC(1560) Concurrent Scan Root Regions 98.016ms
[625.412s][info][gc,marking     ] GC(1560) Concurrent Mark
[625.412s][info][gc,marking     ] GC(1560) Concurrent Mark From Roots
[625.412s][info][gc,task        ] GC(1560) Using 1 workers of 1 for marking
[626.789s][info][gc,start       ] GC(1561) Pause Young (Normal) (G1 Evacuation Pause)
[626.789s][info][gc,task        ] GC(1561) Using 2 workers of 2 for evacuation
[626.857s][info][gc,phases      ] GC(1561)   Pre Evacuate Collection Set: 0.56ms
[626.857s][info][gc,phases      ] GC(1561)   Merge Heap Roots: 0.57ms
[626.857s][info][gc,phases      ] GC(1561)   Evacuate Collection Set: 65.94ms
[626.857s][info][gc,phases      ] GC(1561)   Post Evacuate Collection Set: 0.66ms
[626.857s][info][gc,phases      ] GC(1561)   Other: 0.11ms
[626.857s][info][gc,heap        ] GC(1561) Eden regions: 328->0(347)
[626.857s][info][gc,heap        ] GC(1561) Survivor regions: 47->1(47)
[626.857s][info][gc,heap        ] GC(1561) Old regions: 485->532
[626.857s][info][gc,heap        ] GC(1561) Humongous regions: 6->6
[626.857s][info][gc,metaspace   ] GC(1561) Metaspace: 19181K(19392K)->19181K(19392K) NonClass: 17351K(17536K)->17351K(17536K) Class: 1829K(1856K)->1829K(1856K)
[626.857s][info][gc             ] GC(1561) Pause Young (Normal) (G1 Evacuation Pause) 863M->537M(978M) 68.138ms
[626.857s][info][gc,cpu         ] GC(1561) User=0.13s Sys=0.00s Real=0.06s
[627.296s][info][gc,marking     ] GC(1560) Concurrent Mark From Roots 1883.410ms
[627.296s][info][gc,marking     ] GC(1560) Concurrent Preclean
[627.296s][info][gc,marking     ] GC(1560) Concurrent Preclean 0.048ms
[627.296s][info][gc,start       ] GC(1560) Pause Remark
[627.305s][info][gc             ] GC(1560) Pause Remark 746M->746M(978M) 9.114ms
[627.305s][info][gc,cpu         ] GC(1560) User=0.01s Sys=0.00s Real=0.01s
[627.305s][info][gc,marking     ] GC(1560) Concurrent Mark 1892.959ms
[627.305s][info][gc,marking     ] GC(1560) Concurrent Rebuild Remembered Sets and Scrub Regions
[627.659s][info][gc,start       ] GC(1562) Pause Young (Normal) (G1 Evacuation Pause)
[627.659s][info][gc,task        ] GC(1562) Using 2 workers of 2 for evacuation
[627.729s][info][gc,phases      ] GC(1562)   Pre Evacuate Collection Set: 0.53ms
[627.729s][info][gc,phases      ] GC(1562)   Merge Heap Roots: 0.17ms
[627.729s][info][gc,phases      ] GC(1562)   Evacuate Collection Set: 68.07ms
[627.729s][info][gc,phases      ] GC(1562)   Post Evacuate Collection Set: 0.63ms
[627.729s][info][gc,phases      ] GC(1562)   Other: 0.13ms
[627.729s][info][gc,heap        ] GC(1562) Eden regions: 347->0(289)
[627.729s][info][gc,heap        ] GC(1562) Survivor regions: 1->44(44)
[627.729s][info][gc,heap        ] GC(1562) Old regions: 532->542
[627.729s][info][gc,heap        ] GC(1562) Humongous regions: 7->7
[627.729s][info][gc,metaspace   ] GC(1562) Metaspace: 19181K(19392K)->19181K(19392K) NonClass: 17351K(17536K)->17351K(17536K) Class: 1829K(1856K)->1829K(1856K)
[627.729s][info][gc             ] GC(1562) Pause Young (Normal) (G1 Evacuation Pause) 885M->590M(978M) 69.756ms
[627.729s][info][gc,cpu         ] GC(1562) User=0.13s Sys=0.00s Real=0.07s
[628.008s][info][gc,marking     ] GC(1560) Concurrent Rebuild Remembered Sets and Scrub Regions 702.897ms
[628.008s][info][gc,start       ] GC(1560) Pause Cleanup
[628.009s][info][gc             ] GC(1560) Pause Cleanup 739M->739M(978M) 0.127ms
[628.009s][info][gc,cpu         ] GC(1560) User=0.00s Sys=0.00s Real=0.00s
[628.009s][info][gc,marking     ] GC(1560) Concurrent Clear Claimed Marks
[628.009s][info][gc,marking     ] GC(1560) Concurrent Clear Claimed Marks 0.035ms
[628.009s][info][gc,marking     ] GC(1560) Concurrent Cleanup for Next Mark
[628.012s][info][gc,marking     ] GC(1560) Concurrent Cleanup for Next Mark 3.024ms
[628.012s][info][gc             ] GC(1560) Concurrent Mark Cycle 2697.651ms
[628.160s][info][gc,start       ] GC(1563) Pause Young (Prepare Mixed) (G1 Evacuation Pause)
[628.160s][info][gc,task        ] GC(1563) Using 2 workers of 2 for evacuation
[628.239s][info][gc,phases      ] GC(1563)   Pre Evacuate Collection Set: 0.50ms
[628.239s][info][gc,phases      ] GC(1563)   Merge Heap Roots: 0.22ms
[628.239s][info][gc,phases      ] GC(1563)   Evacuate Collection Set: 77.33ms
[628.239s][info][gc,phases      ] GC(1563)   Post Evacuate Collection Set: 0.63ms
[628.239s][info][gc,phases      ] GC(1563)   Other: 0.13ms
[628.239s][info][gc,heap        ] GC(1563) Eden regions: 289->0(272)
[628.239s][info][gc,heap        ] GC(1563) Survivor regions: 44->24(42)
[628.239s][info][gc,heap        ] GC(1563) Old regions: 542->586
[628.239s][info][gc,heap        ] GC(1563) Humongous regions: 7->7
[628.239s][info][gc,metaspace   ] GC(1563) Metaspace: 19181K(19392K)->19181K(19392K) NonClass: 17351K(17536K)->17351K(17536K) Class: 1829K(1856K)->1829K(1856K)
[628.239s][info][gc             ] GC(1563) Pause Young (Prepare Mixed) (G1 Evacuation Pause) 879M->614M(978M) 79.056ms
[628.239s][info][gc,cpu         ] GC(1563) User=0.15s Sys=0.00s Real=0.08s
[628.620s][info][gc,start       ] GC(1564) Pause Young (Mixed) (G1 Evacuation Pause)
[628.620s][info][gc,task        ] GC(1564) Using 2 workers of 2 for evacuation
[628.670s][info][gc,phases      ] GC(1564)   Pre Evacuate Collection Set: 0.37ms
[628.670s][info][gc,phases      ] GC(1564)   Merge Heap Roots: 0.22ms
[628.670s][info][gc,phases      ] GC(1564)   Evacuate Collection Set: 48.20ms
[628.670s][info][gc,phases      ] GC(1564)   Post Evacuate Collection Set: 0.59ms
[628.670s][info][gc,phases      ] GC(1564)   Other: 0.14ms
[628.670s][info][gc,heap        ] GC(1564) Eden regions: 272->0(262)
[628.670s][info][gc,heap        ] GC(1564) Survivor regions: 24->18(37)
[628.670s][info][gc,heap        ] GC(1564) Old regions: 586->609
[628.670s][info][gc,heap        ] GC(1564) Humongous regions: 7->7
[628.670s][info][gc,metaspace   ] GC(1564) Metaspace: 19181K(19392K)->19181K(19392K) NonClass: 17351K(17536K)->17351K(17536K) Class: 1829K(1856K)->1829K(1856K)
[628.670s][info][gc             ] GC(1564) Pause Young (Mixed) (G1 Evacuation Pause) 886M->632M(978M) 49.800ms
[628.670s][info][gc,cpu         ] GC(1564) User=0.10s Sys=0.00s Real=0.05s
[629.404s][info][gc,start       ] GC(1565) Pause Young (Concurrent Start) (G1 Evacuation Pause)
[629.404s][info][gc,task        ] GC(1565) Using 2 workers of 2 for evacuation
[629.438s][info][gc,phases      ] GC(1565)   Pre Evacuate Collection Set: 0.39ms
[629.438s][info][gc,phases      ] GC(1565)   Merge Heap Roots: 0.44ms
[629.439s][info][gc,phases      ] GC(1565)   Evacuate Collection Set: 32.83ms
[629.439s][info][gc,phases      ] GC(1565)   Post Evacuate Collection Set: 0.61ms
[629.439s][info][gc,phases      ] GC(1565)   Other: 0.17ms
[629.439s][info][gc,heap        ] GC(1565) Eden regions: 262->0(276)
[629.439s][info][gc,heap        ] GC(1565) Survivor regions: 18->18(35)
[629.439s][info][gc,heap        ] GC(1565) Old regions: 609->609
[629.439s][info][gc,heap        ] GC(1565) Humongous regions: 7->7
[629.439s][info][gc,metaspace   ] GC(1565) Metaspace: 19181K(19392K)->19181K(19392K) NonClass: 17351K(17536K)->17351K(17536K) Class: 1829K(1856K)->1829K(1856K)
[629.439s][info][gc             ] GC(1565) Pause Young (Concurrent Start) (G1 Evacuation Pause) 894M->632M(978M) 34.752ms
[629.439s][info][gc             ] GC(1566) Concurrent Mark Cycle
[629.439s][info][gc,marking     ] GC(1566) Concurrent Scan Root Regions
[629.439s][info][gc,cpu         ] GC(1565) User=0.07s Sys=0.00s Real=0.04s
[629.479s][info][gc,marking     ] GC(1566) Concurrent Scan Root Regions 40.444ms
[629.479s][info][gc,marking     ] GC(1566) Concurrent Mark
[629.479s][info][gc,marking     ] GC(1566) Concurrent Mark From Roots
[629.479s][info][gc,task        ] GC(1566) Using 1 workers of 1 for marking
[630.249s][info][gc,start       ] GC(1567) Pause Young (Normal) (G1 Evacuation Pause)
[630.249s][info][gc,task        ] GC(1567) Using 2 workers of 2 for evacuation
[630.329s][info][gc,phases      ] GC(1567)   Pre Evacuate Collection Set: 0.35ms
[630.329s][info][gc,phases      ] GC(1567)   Merge Heap Roots: 0.41ms
[630.329s][info][gc,phases      ] GC(1567)   Evacuate Collection Set: 77.56ms
[630.329s][info][gc,phases      ] GC(1567)   Post Evacuate Collection Set: 0.81ms
[630.329s][info][gc,phases      ] GC(1567)   Other: 0.11ms
[630.329s][info][gc,heap        ] GC(1567) Eden regions: 276->0(211)
[630.329s][info][gc,heap        ] GC(1567) Survivor regions: 18->37(37)
[630.329s][info][gc,heap        ] GC(1567) Old regions: 609->636
[630.329s][info][gc,heap        ] GC(1567) Humongous regions: 7->7
[630.329s][info][gc,metaspace   ] GC(1567) Metaspace: 19181K(19392K)->19181K(19392K) NonClass: 17351K(17536K)->17351K(17536K) Class: 1829K(1856K)->1829K(1856K)
[630.329s][info][gc             ] GC(1567) Pause Young (Normal) (G1 Evacuation Pause) 908M->679M(978M) 79.558ms
[630.329s][info][gc,cpu         ] GC(1567) User=0.16s Sys=0.00s Real=0.08s
[630.677s][info][gc,start       ] GC(1568) Pause Young (Normal) (G1 Evacuation Pause)
[630.678s][info][gc,task        ] GC(1568) Using 2 workers of 2 for evacuation
[630.818s][info][gc,phases      ] GC(1568)   Pre Evacuate Collection Set: 0.33ms
[630.818s][info][gc,phases      ] GC(1568)   Merge Heap Roots: 0.50ms
[630.818s][info][gc,phases      ] GC(1568)   Evacuate Collection Set: 128.55ms
[630.818s][info][gc,phases      ] GC(1568)   Post Evacuate Collection Set: 10.69ms
[630.818s][info][gc,phases      ] GC(1568)   Other: 0.10ms
[630.818s][info][gc,heap        ] GC(1568) Eden regions: 211->0(58)
[630.818s][info][gc,heap        ] GC(1568) Survivor regions: 37->31(31)
[630.818s][info][gc,heap        ] GC(1568) Old regions: 636->801
[630.818s][info][gc,heap        ] GC(1568) Humongous regions: 7->7
[630.818s][info][gc,metaspace   ] GC(1568) Metaspace: 19181K(19392K)->19181K(19392K) NonClass: 17351K(17536K)->17351K(17536K) Class: 1829K(1856K)->1829K(1856K)
[630.818s][info][gc             ] GC(1568) Pause Young (Normal) (G1 Evacuation Pause) (Evacuation Failure: Allocation) 890M->838M(978M) 140.512ms
[630.818s][info][gc,cpu         ] GC(1568) User=0.28s Sys=0.00s Real=0.14s
[630.902s][info][gc,start       ] GC(1569) Pause Young (Normal) (G1 Evacuation Pause)
[630.902s][info][gc,task        ] GC(1569) Using 2 workers of 2 for evacuation
[630.982s][info][gc,phases      ] GC(1569)   Pre Evacuate Collection Set: 0.40ms
[630.982s][info][gc,phases      ] GC(1569)   Merge Heap Roots: 0.55ms
[630.982s][info][gc,phases      ] GC(1569)   Evacuate Collection Set: 77.64ms
[630.982s][info][gc,phases      ] GC(1569)   Post Evacuate Collection Set: 0.53ms
[630.982s][info][gc,phases      ] GC(1569)   Other: 0.10ms
[630.982s][info][gc,heap        ] GC(1569) Eden regions: 58->0(132)
[630.982s][info][gc,heap        ] GC(1569) Survivor regions: 31->12(12)
[630.982s][info][gc,heap        ] GC(1569) Old regions: 801->756
[630.982s][info][gc,heap        ] GC(1569) Humongous regions: 7->7
[630.982s][info][gc,metaspace   ] GC(1569) Metaspace: 19181K(19392K)->19181K(19392K) NonClass: 17351K(17536K)->17351K(17536K) Class: 1829K(1856K)->1829K(1856K)
[630.982s][info][gc             ] GC(1569) Pause Young (Normal) (G1 Evacuation Pause) 896M->773M(978M) 79.533ms
[630.982s][info][gc,cpu         ] GC(1569) User=0.16s Sys=0.00s Real=0.08s
[631.244s][info][gc,start       ] GC(1570) Pause Young (Normal) (G1 Evacuation Pause)
[631.244s][info][gc,task        ] GC(1570) Using 2 workers of 2 for evacuation
[631.286s][info][gc,phases      ] GC(1570)   Pre Evacuate Collection Set: 0.52ms
[631.286s][info][gc,phases      ] GC(1570)   Merge Heap Roots: 0.41ms
[631.286s][info][gc,phases      ] GC(1570)   Evacuate Collection Set: 39.51ms
[631.286s][info][gc,phases      ] GC(1570)   Post Evacuate Collection Set: 0.64ms
[631.286s][info][gc,phases      ] GC(1570)   Other: 0.10ms
[631.286s][info][gc,heap        ] GC(1570) Eden regions: 132->0(131)
[631.286s][info][gc,heap        ] GC(1570) Survivor regions: 12->11(18)
[631.286s][info][gc,heap        ] GC(1570) Old regions: 756->768
[631.286s][info][gc,heap        ] GC(1570) Humongous regions: 7->7
[631.286s][info][gc,metaspace   ] GC(1570) Metaspace: 19181K(19392K)->19181K(19392K) NonClass: 17351K(17536K)->17351K(17536K) Class: 1829K(1856K)->1829K(1856K)
[631.286s][info][gc             ] GC(1570) Pause Young (Normal) (G1 Evacuation Pause) 905M->785M(978M) 41.473ms
[631.286s][info][gc,cpu         ] GC(1570) User=0.08s Sys=0.00s Real=0.04s
[631.352s][info][gc,marking     ] GC(1566) Concurrent Mark From Roots 1872.647ms
[631.352s][info][gc,marking     ] GC(1566) Concurrent Preclean
[631.352s][info][gc,marking     ] GC(1566) Concurrent Preclean 0.049ms
[631.352s][info][gc,start       ] GC(1566) Pause Remark
[631.362s][info][gc             ] GC(1566) Pause Remark 852M->724M(978M) 9.376ms
[631.362s][info][gc,cpu         ] GC(1566) User=0.02s Sys=0.00s Real=0.01s
[631.364s][info][gc,marking     ] GC(1566) Concurrent Mark 1884.999ms
[631.364s][info][gc,marking     ] GC(1566) Concurrent Rebuild Remembered Sets and Scrub Regions
[631.526s][info][gc,start       ] GC(1571) Pause Young (Normal) (G1 Evacuation Pause)
[631.526s][info][gc,task        ] GC(1571) Using 2 workers of 2 for evacuation
[631.606s][info][gc,phases      ] GC(1571)   Pre Evacuate Collection Set: 0.33ms
[631.606s][info][gc,phases      ] GC(1571)   Merge Heap Roots: 0.57ms
[631.606s][info][gc,phases      ] GC(1571)   Evacuate Collection Set: 78.28ms
[631.606s][info][gc,phases      ] GC(1571)   Post Evacuate Collection Set: 0.64ms
[631.606s][info][gc,phases      ] GC(1571)   Other: 0.11ms
[631.606s][info][gc,heap        ] GC(1571) Eden regions: 131->0(201)
[631.606s][info][gc,heap        ] GC(1571) Survivor regions: 11->18(18)
[631.606s][info][gc,heap        ] GC(1571) Old regions: 642->653
[631.606s][info][gc,heap        ] GC(1571) Humongous regions: 8->8
[631.606s][info][gc,metaspace   ] GC(1571) Metaspace: 19181K(19392K)->19181K(19392K) NonClass: 17351K(17536K)->17351K(17536K) Class: 1829K(1856K)->1829K(1856K)
[631.606s][info][gc             ] GC(1571) Pause Young (Normal) (G1 Evacuation Pause) 791M->677M(978M) 80.228ms
[631.606s][info][gc,cpu         ] GC(1571) User=0.16s Sys=0.00s Real=0.08s
[632.067s][info][gc,marking     ] GC(1566) Concurrent Rebuild Remembered Sets and Scrub Regions 703.227ms
[632.068s][info][gc,start       ] GC(1566) Pause Cleanup
[632.068s][info][gc             ] GC(1566) Pause Cleanup 867M->867M(978M) 0.147ms
[632.068s][info][gc,cpu         ] GC(1566) User=0.01s Sys=0.00s Real=0.00s
[632.068s][info][gc,marking     ] GC(1566) Concurrent Clear Claimed Marks
[632.068s][info][gc,marking     ] GC(1566) Concurrent Clear Claimed Marks 0.046ms
[632.068s][info][gc,marking     ] GC(1566) Concurrent Cleanup for Next Mark
[632.073s][info][gc,marking     ] GC(1566) Concurrent Cleanup for Next Mark 5.066ms
[632.073s][info][gc             ] GC(1566) Concurrent Mark Cycle 2634.477ms
[632.092s][info][gc,start       ] GC(1572) Pause Young (Prepare Mixed) (G1 Evacuation Pause)
[632.092s][info][gc,task        ] GC(1572) Using 2 workers of 2 for evacuation
[632.154s][info][gc,phases      ] GC(1572)   Pre Evacuate Collection Set: 0.36ms
[632.154s][info][gc,phases      ] GC(1572)   Merge Heap Roots: 0.70ms
[632.154s][info][gc,phases      ] GC(1572)   Evacuate Collection Set: 60.33ms
[632.154s][info][gc,phases      ] GC(1572)   Post Evacuate Collection Set: 0.54ms
[632.154s][info][gc,phases      ] GC(1572)   Other: 0.09ms
[632.154s][info][gc,heap        ] GC(1572) Eden regions: 201->0(196)
[632.154s][info][gc,heap        ] GC(1572) Survivor regions: 18->15(28)
[632.154s][info][gc,heap        ] GC(1572) Old regions: 653->671
[632.154s][info][gc,heap        ] GC(1572) Humongous regions: 11->11
[632.154s][info][gc,metaspace   ] GC(1572) Metaspace: 19181K(19392K)->19181K(19392K) NonClass: 17351K(17536K)->17351K(17536K) Class: 1829K(1856K)->1829K(1856K)
[632.154s][info][gc             ] GC(1572) Pause Young (Prepare Mixed) (G1 Evacuation Pause) 881M->696M(978M) 62.331ms
[632.154s][info][gc,cpu         ] GC(1572) User=0.12s Sys=0.00s Real=0.06s
[632.474s][info][gc,start       ] GC(1573) Pause Young (Mixed) (G1 Evacuation Pause)
[632.474s][info][gc,task        ] GC(1573) Using 2 workers of 2 for evacuation
[632.500s][info][gc,phases      ] GC(1573)   Pre Evacuate Collection Set: 0.35ms
[632.500s][info][gc,phases      ] GC(1573)   Merge Heap Roots: 0.24ms
[632.500s][info][gc,phases      ] GC(1573)   Evacuate Collection Set: 24.44ms
[632.500s][info][gc,phases      ] GC(1573)   Post Evacuate Collection Set: 0.49ms
[632.500s][info][gc,phases      ] GC(1573)   Other: 0.14ms
[632.500s][info][gc,heap        ] GC(1573) Eden regions: 196->0(210)
[632.500s][info][gc,heap        ] GC(1573) Survivor regions: 15->1(27)
[632.500s][info][gc,heap        ] GC(1573) Old regions: 671->679
[632.500s][info][gc,heap        ] GC(1573) Humongous regions: 11->11
[632.500s][info][gc,metaspace   ] GC(1573) Metaspace: 19181K(19392K)->19181K(19392K) NonClass: 17351K(17536K)->17351K(17536K) Class: 1829K(1856K)->1829K(1856K)
[632.500s][info][gc             ] GC(1573) Pause Young (Mixed) (G1 Evacuation Pause) 892M->689M(978M) 25.961ms
[632.500s][info][gc,cpu         ] GC(1573) User=0.05s Sys=0.00s Real=0.03s
[632.861s][info][gc,start       ] GC(1574) Pause Young (Concurrent Start) (G1 Evacuation Pause)
[632.861s][info][gc,task        ] GC(1574) Using 2 workers of 2 for evacuation
[632.862s][info][gc,phases      ] GC(1574)   Pre Evacuate Collection Set: 0.42ms
[632.862s][info][gc,phases      ] GC(1574)   Merge Heap Roots: 0.08ms
[632.862s][info][gc,phases      ] GC(1574)   Evacuate Collection Set: 0.53ms
[632.862s][info][gc,phases      ] GC(1574)   Post Evacuate Collection Set: 0.47ms
[632.862s][info][gc,phases      ] GC(1574)   Other: 0.22ms
[632.862s][info][gc,heap        ] GC(1574) Eden regions: 210->0(221)
[632.862s][info][gc,heap        ] GC(1574) Survivor regions: 1->1(27)
[632.862s][info][gc,heap        ] GC(1574) Old regions: 679->679
[632.862s][info][gc,heap        ] GC(1574) Humongous regions: 11->11
[632.862s][info][gc,metaspace   ] GC(1574) Metaspace: 19181K(19392K)->19181K(19392K) NonClass: 17351K(17536K)->17351K(17536K) Class: 1829K(1856K)->1829K(1856K)
[632.862s][info][gc             ] GC(1574) Pause Young (Concurrent Start) (G1 Evacuation Pause) 899M->689M(978M) 1.954ms
[632.863s][info][gc,cpu         ] GC(1574) User=0.01s Sys=0.00s Real=0.00s
[632.863s][info][gc             ] GC(1575) Concurrent Mark Cycle
[632.863s][info][gc,marking     ] GC(1575) Concurrent Scan Root Regions
[632.864s][info][gc,marking     ] GC(1575) Concurrent Scan Root Regions 1.658ms
[632.864s][info][gc,marking     ] GC(1575) Concurrent Mark
[632.864s][info][gc,marking     ] GC(1575) Concurrent Mark From Roots
[632.864s][info][gc,task        ] GC(1575) Using 1 workers of 1 for marking
[633.753s][info][gc,start       ] GC(1576) Pause Young (Normal) (G1 Evacuation Pause)
[633.753s][info][gc,task        ] GC(1576) Using 2 workers of 2 for evacuation
[633.755s][info][gc,phases      ] GC(1576)   Pre Evacuate Collection Set: 0.61ms
[633.755s][info][gc,phases      ] GC(1576)   Merge Heap Roots: 0.11ms
[633.755s][info][gc,phases      ] GC(1576)   Evacuate Collection Set: 0.36ms
[633.755s][info][gc,phases      ] GC(1576)   Post Evacuate Collection Set: 0.44ms
[633.755s][info][gc,phases      ] GC(1576)   Other: 0.15ms
[633.755s][info][gc,heap        ] GC(1576) Eden regions: 221->0(230)
[633.755s][info][gc,heap        ] GC(1576) Survivor regions: 1->1(28)
[633.755s][info][gc,heap        ] GC(1576) Old regions: 679->679
[633.755s][info][gc,heap        ] GC(1576) Humongous regions: 11->11
[633.755s][info][gc,metaspace   ] GC(1576) Metaspace: 19181K(19392K)->19181K(19392K) NonClass: 17351K(17536K)->17351K(17536K) Class: 1829K(1856K)->1829K(1856K)
[633.755s][info][gc             ] GC(1576) Pause Young (Normal) (G1 Evacuation Pause) 910M->689M(978M) 1.993ms
[633.755s][info][gc,cpu         ] GC(1576) User=0.00s Sys=0.00s Real=0.00s
[634.623s][info][gc,start       ] GC(1577) Pause Young (Normal) (G1 Evacuation Pause)
[634.623s][info][gc,task        ] GC(1577) Using 2 workers of 2 for evacuation
[634.624s][info][gc,phases      ] GC(1577)   Pre Evacuate Collection Set: 0.35ms
[634.624s][info][gc,phases      ] GC(1577)   Merge Heap Roots: 0.10ms
[634.624s][info][gc,phases      ] GC(1577)   Evacuate Collection Set: 0.23ms
[634.624s][info][gc,phases      ] GC(1577)   Post Evacuate Collection Set: 0.42ms
[634.624s][info][gc,phases      ] GC(1577)   Other: 0.11ms
[634.624s][info][gc,heap        ] GC(1577) Eden regions: 230->0(236)
[634.624s][info][gc,heap        ] GC(1577) Survivor regions: 1->1(29)
[634.624s][info][gc,heap        ] GC(1577) Old regions: 679->679
[634.624s][info][gc,heap        ] GC(1577) Humongous regions: 11->11
[634.624s][info][gc,metaspace   ] GC(1577) Metaspace: 19181K(19392K)->19181K(19392K) NonClass: 17351K(17536K)->17351K(17536K) Class: 1829K(1856K)->1829K(1856K)
[634.624s][info][gc             ] GC(1577) Pause Young (Normal) (G1 Evacuation Pause) 919M->688M(978M) 1.430ms
[634.624s][info][gc,cpu         ] GC(1577) User=0.00s Sys=0.00s Real=0.00s
[634.678s][info][gc,marking     ] GC(1575) Concurrent Mark From Roots 1813.423ms
[634.678s][info][gc,marking     ] GC(1575) Concurrent Preclean
[634.678s][info][gc,marking     ] GC(1575) Concurrent Preclean 0.043ms
[634.678s][info][gc,start       ] GC(1575) Pause Remark
[634.688s][info][gc             ] GC(1575) Pause Remark 699M->557M(978M) 9.765ms
[634.688s][info][gc,cpu         ] GC(1575) User=0.02s Sys=0.00s Real=0.01s
[634.690s][info][gc,marking     ] GC(1575) Concurrent Mark 1826.062ms
[634.690s][info][gc,marking     ] GC(1575) Concurrent Rebuild Remembered Sets and Scrub Regions
[635.181s][info][gc,marking     ] GC(1575) Concurrent Rebuild Remembered Sets and Scrub Regions 490.398ms
[635.181s][info][gc,start       ] GC(1575) Pause Cleanup
[635.181s][info][gc             ] GC(1575) Pause Cleanup 749M->749M(978M) 0.138ms
[635.181s][info][gc,cpu         ] GC(1575) User=0.00s Sys=0.00s Real=0.00s
[635.181s][info][gc,marking     ] GC(1575) Concurrent Clear Claimed Marks
[635.181s][info][gc,marking     ] GC(1575) Concurrent Clear Claimed Marks 0.035ms
[635.181s][info][gc,marking     ] GC(1575) Concurrent Cleanup for Next Mark
[635.184s][info][gc,marking     ] GC(1575) Concurrent Cleanup for Next Mark 2.991ms
[635.184s][info][gc             ] GC(1575) Concurrent Mark Cycle 2321.796ms
[635.240s][info][gc,start       ] GC(1578) Pause Young (Prepare Mixed) (G1 Evacuation Pause)
[635.240s][info][gc,task        ] GC(1578) Using 2 workers of 2 for evacuation
[635.241s][info][gc,phases      ] GC(1578)   Pre Evacuate Collection Set: 0.35ms
[635.241s][info][gc,phases      ] GC(1578)   Merge Heap Roots: 0.09ms
[635.241s][info][gc,phases      ] GC(1578)   Evacuate Collection Set: 0.22ms
[635.241s][info][gc,phases      ] GC(1578)   Post Evacuate Collection Set: 0.44ms
[635.241s][info][gc,phases      ] GC(1578)   Other: 0.16ms
[635.241s][info][gc,heap        ] GC(1578) Eden regions: 236->0(347)
[635.241s][info][gc,heap        ] GC(1578) Survivor regions: 1->1(30)
[635.241s][info][gc,heap        ] GC(1578) Old regions: 541->541
[635.241s][info][gc,heap        ] GC(1578) Humongous regions: 7->7
[635.241s][info][gc,metaspace   ] GC(1578) Metaspace: 19181K(19392K)->19181K(19392K) NonClass: 17351K(17536K)->17351K(17536K) Class: 1829K(1856K)->1829K(1856K)
[635.241s][info][gc             ] GC(1578) Pause Young (Prepare Mixed) (G1 Evacuation Pause) 782M->546M(978M) 1.494ms
[635.241s][info][gc,cpu         ] GC(1578) User=0.00s Sys=0.00s Real=0.00s
[635.701s][info][gc,start       ] GC(1579) Pause Young (Mixed) (G1 Evacuation Pause)
[635.702s][info][gc,task        ] GC(1579) Using 2 workers of 2 for evacuation
[635.749s][info][gc,phases      ] GC(1579)   Pre Evacuate Collection Set: 0.54ms
[635.749s][info][gc,phases      ] GC(1579)   Merge Heap Roots: 0.36ms
[635.749s][info][gc,phases      ] GC(1579)   Evacuate Collection Set: 46.06ms
[635.749s][info][gc,phases      ] GC(1579)   Post Evacuate Collection Set: 0.72ms
[635.749s][info][gc,phases      ] GC(1579)   Other: 0.13ms
[635.750s][info][gc,heap        ] GC(1579) Eden regions: 347->0(330)
[635.750s][info][gc,heap        ] GC(1579) Survivor regions: 1->34(44)
[635.750s][info][gc,heap        ] GC(1579) Old regions: 541->517
[635.750s][info][gc,heap        ] GC(1579) Humongous regions: 7->7
[635.750s][info][gc,metaspace   ] GC(1579) Metaspace: 19181K(19392K)->19181K(19392K) NonClass: 17351K(17536K)->17351K(17536K) Class: 1829K(1856K)->1829K(1856K)
[635.750s][info][gc             ] GC(1579) Pause Young (Mixed) (G1 Evacuation Pause) 893M->556M(978M) 48.127ms
[635.750s][info][gc,cpu         ] GC(1579) User=0.09s Sys=0.00s Real=0.05s
[635.993s][info][gc,start       ] GC(1580) Pause Young (Concurrent Start) (G1 Evacuation Pause)
[635.993s][info][gc,task        ] GC(1580) Using 2 workers of 2 for evacuation
[636.081s][info][gc,phases      ] GC(1580)   Pre Evacuate Collection Set: 0.39ms
[636.081s][info][gc,phases      ] GC(1580)   Merge Heap Roots: 0.31ms
[636.081s][info][gc,phases      ] GC(1580)   Evacuate Collection Set: 86.80ms
[636.081s][info][gc,phases      ] GC(1580)   Post Evacuate Collection Set: 0.70ms
[636.081s][info][gc,phases      ] GC(1580)   Other: 0.24ms
[636.081s][info][gc,heap        ] GC(1580) Eden regions: 330->0(296)
[636.081s][info][gc,heap        ] GC(1580) Survivor regions: 34->37(46)
[636.081s][info][gc,heap        ] GC(1580) Old regions: 517->550
[636.081s][info][gc,heap        ] GC(1580) Humongous regions: 7->7
[636.081s][info][gc,metaspace   ] GC(1580) Metaspace: 19181K(19392K)->19181K(19392K) NonClass: 17351K(17536K)->17351K(17536K) Class: 1829K(1856K)->1829K(1856K)
[636.081s][info][gc             ] GC(1580) Pause Young (Concurrent Start) (G1 Evacuation Pause) 886M->592M(978M) 88.813ms
[636.081s][info][gc             ] GC(1581) Concurrent Mark Cycle
[636.081s][info][gc,marking     ] GC(1581) Concurrent Scan Root Regions
[636.082s][info][gc,cpu         ] GC(1580) User=0.18s Sys=0.00s Real=0.09s
[636.225s][info][gc,marking     ] GC(1581) Concurrent Scan Root Regions 143.848ms
[636.225s][info][gc,marking     ] GC(1581) Concurrent Mark
[636.225s][info][gc,marking     ] GC(1581) Concurrent Mark From Roots
[636.225s][info][gc,task        ] GC(1581) Using 1 workers of 1 for marking
[636.425s][info][gc,start       ] GC(1582) Pause Young (Normal) (G1 Evacuation Pause)
[636.425s][info][gc,task        ] GC(1582) Using 2 workers of 2 for evacuation
[636.488s][info][gc,phases      ] GC(1582)   Pre Evacuate Collection Set: 0.34ms
[636.488s][info][gc,phases      ] GC(1582)   Merge Heap Roots: 0.33ms
[636.488s][info][gc,phases      ] GC(1582)   Evacuate Collection Set: 61.84ms
[636.488s][info][gc,phases      ] GC(1582)   Post Evacuate Collection Set: 0.59ms
[636.488s][info][gc,phases      ] GC(1582)   Other: 0.12ms
[636.488s][info][gc,heap        ] GC(1582) Eden regions: 296->0(295)
[636.488s][info][gc,heap        ] GC(1582) Survivor regions: 37->12(42)
[636.488s][info][gc,heap        ] GC(1582) Old regions: 550->587
[636.488s][info][gc,heap        ] GC(1582) Humongous regions: 7->7
[636.488s][info][gc,metaspace   ] GC(1582) Metaspace: 19181K(19392K)->19181K(19392K) NonClass: 17351K(17536K)->17351K(17536K) Class: 1829K(1856K)->1829K(1856K)
[636.488s][info][gc             ] GC(1582) Pause Young (Normal) (G1 Evacuation Pause) 888M->605M(978M) 63.558ms
[636.488s][info][gc,cpu         ] GC(1582) User=0.12s Sys=0.00s Real=0.07s
[636.888s][info][gc,start       ] GC(1583) Pause Young (Normal) (G1 Evacuation Pause)
[636.888s][info][gc,task        ] GC(1583) Using 2 workers of 2 for evacuation
[636.938s][info][gc,phases      ] GC(1583)   Pre Evacuate Collection Set: 0.31ms
[636.938s][info][gc,phases      ] GC(1583)   Merge Heap Roots: 0.35ms
[636.938s][info][gc,phases      ] GC(1583)   Evacuate Collection Set: 48.48ms
[636.938s][info][gc,phases      ] GC(1583)   Post Evacuate Collection Set: 0.63ms
[636.938s][info][gc,phases      ] GC(1583)   Other: 0.09ms
[636.938s][info][gc,heap        ] GC(1583) Eden regions: 295->0(264)
[636.938s][info][gc,heap        ] GC(1583) Survivor regions: 12->35(39)
[636.938s][info][gc,heap        ] GC(1583) Old regions: 587->587
[636.938s][info][gc,heap        ] GC(1583) Humongous regions: 7->7
[636.939s][info][gc,metaspace   ] GC(1583) Metaspace: 19181K(19392K)->19181K(19392K) NonClass: 17351K(17536K)->17351K(17536K) Class: 1829K(1856K)->1829K(1856K)
[636.939s][info][gc             ] GC(1583) Pause Young (Normal) (G1 Evacuation Pause) 900M->627M(978M) 50.123ms
[636.939s][info][gc,cpu         ] GC(1583) User=0.10s Sys=0.00s Real=0.05s
[637.502s][info][gc,start       ] GC(1584) Pause Young (Normal) (G1 Evacuation Pause)
[637.503s][info][gc,task        ] GC(1584) Using 2 workers of 2 for evacuation
[637.583s][info][gc,phases      ] GC(1584)   Pre Evacuate Collection Set: 0.53ms
[637.583s][info][gc,phases      ] GC(1584)   Merge Heap Roots: 0.37ms
[637.583s][info][gc,phases      ] GC(1584)   Evacuate Collection Set: 78.67ms
[637.583s][info][gc,phases      ] GC(1584)   Post Evacuate Collection Set: 0.55ms
[637.583s][info][gc,phases      ] GC(1584)   Other: 0.12ms
[637.583s][info][gc,heap        ] GC(1584) Eden regions: 264->0(242)
[637.583s][info][gc,heap        ] GC(1584) Survivor regions: 35->29(38)
[637.583s][info][gc,heap        ] GC(1584) Old regions: 587->621
[637.583s][info][gc,heap        ] GC(1584) Humongous regions: 7->7
[637.583s][info][gc,metaspace   ] GC(1584) Metaspace: 19181K(19392K)->19181K(19392K) NonClass: 17351K(17536K)->17351K(17536K) Class: 1829K(1856K)->1829K(1856K)
[637.583s][info][gc             ] GC(1584) Pause Young (Normal) (G1 Evacuation Pause) 891M->656M(978M) 80.576ms
[637.583s][info][gc,cpu         ] GC(1584) User=0.15s Sys=0.00s Real=0.08s
[638.195s][info][gc,marking     ] GC(1581) Concurrent Mark From Roots 1969.829ms
[638.195s][info][gc,marking     ] GC(1581) Concurrent Preclean
[638.195s][info][gc,marking     ] GC(1581) Concurrent Preclean 0.054ms
[638.195s][info][gc,start       ] GC(1581) Pause Remark
[638.205s][info][gc             ] GC(1581) Pause Remark 794M->794M(978M) 9.224ms
[638.205s][info][gc,cpu         ] GC(1581) User=0.02s Sys=0.00s Real=0.01s
[638.205s][info][gc,marking     ] GC(1581) Concurrent Mark 1979.487ms
[638.205s][info][gc,marking     ] GC(1581) Concurrent Rebuild Remembered Sets and Scrub Regions
[638.665s][info][gc,start       ] GC(1585) Pause Young (Normal) (G1 Evacuation Pause)
[638.666s][info][gc,task        ] GC(1585) Using 2 workers of 2 for evacuation
[638.706s][info][gc,phases      ] GC(1585)   Pre Evacuate Collection Set: 0.31ms
[638.706s][info][gc,phases      ] GC(1585)   Merge Heap Roots: 0.47ms
[638.706s][info][gc,phases      ] GC(1585)   Evacuate Collection Set: 39.41ms
[638.706s][info][gc,phases      ] GC(1585)   Post Evacuate Collection Set: 0.58ms
[638.707s][info][gc,phases      ] GC(1585)   Other: 0.13ms
[638.707s][info][gc,heap        ] GC(1585) Eden regions: 242->0(254)
[638.707s][info][gc,heap        ] GC(1585) Survivor regions: 29->3(34)
[638.707s][info][gc,heap        ] GC(1585) Old regions: 621->650
[638.707s][info][gc,heap        ] GC(1585) Humongous regions: 7->7
[638.707s][info][gc,metaspace   ] GC(1585) Metaspace: 19181K(19392K)->19181K(19392K) NonClass: 17351K(17536K)->17351K(17536K) Class: 1829K(1856K)->1829K(1856K)
[638.707s][info][gc             ] GC(1585) Pause Young (Normal) (G1 Evacuation Pause) 898M->658M(978M) 41.143ms
[638.707s][info][gc,cpu         ] GC(1585) User=0.08s Sys=0.00s Real=0.04s
[638.928s][info][gc,marking     ] GC(1581) Concurrent Rebuild Remembered Sets and Scrub Regions 723.342ms
[638.928s][info][gc,start       ] GC(1581) Pause Cleanup
[638.929s][info][gc             ] GC(1581) Pause Cleanup 720M->720M(978M) 0.145ms
[638.929s][info][gc,cpu         ] GC(1581) User=0.00s Sys=0.00s Real=0.00s
[638.932s][info][gc,marking     ] GC(1581) Concurrent Clear Claimed Marks
[638.932s][info][gc,marking     ] GC(1581) Concurrent Clear Claimed Marks 0.054ms
[638.932s][info][gc,marking     ] GC(1581) Concurrent Cleanup for Next Mark
[638.937s][info][gc,marking     ] GC(1581) Concurrent Cleanup for Next Mark 5.078ms
[638.937s][info][gc             ] GC(1581) Concurrent Mark Cycle 2856.025ms
[639.436s][info][gc,start       ] GC(1586) Pause Young (Prepare Mixed) (G1 Evacuation Pause)
[639.436s][info][gc,task        ] GC(1586) Using 2 workers of 2 for evacuation
[639.441s][info][gc,phases      ] GC(1586)   Pre Evacuate Collection Set: 0.31ms
[639.441s][info][gc,phases      ] GC(1586)   Merge Heap Roots: 0.18ms
[639.441s][info][gc,phases      ] GC(1586)   Evacuate Collection Set: 3.84ms
[639.441s][info][gc,phases      ] GC(1586)   Post Evacuate Collection Set: 0.56ms
[639.441s][info][gc,phases      ] GC(1586)   Other: 0.10ms
[639.441s][info][gc,heap        ] GC(1586) Eden regions: 254->0(265)
[639.441s][info][gc,heap        ] GC(1586) Survivor regions: 3->3(33)
[639.441s][info][gc,heap        ] GC(1586) Old regions: 650->650
[639.441s][info][gc,heap        ] GC(1586) Humongous regions: 7->7
[639.441s][info][gc,metaspace   ] GC(1586) Metaspace: 19181K(19392K)->19181K(19392K) NonClass: 17351K(17536K)->17351K(17536K) Class: 1829K(1856K)->1829K(1856K)
[639.441s][info][gc             ] GC(1586) Pause Young (Prepare Mixed) (G1 Evacuation Pause) 912M->658M(978M) 5.229ms
[639.441s][info][gc,cpu         ] GC(1586) User=0.01s Sys=0.00s Real=0.01s
[640.118s][info][gc,start       ] GC(1587) Pause Young (Mixed) (G1 Evacuation Pause)
[640.118s][info][gc,task        ] GC(1587) Using 2 workers of 2 for evacuation
[640.124s][info][gc,phases      ] GC(1587)   Pre Evacuate Collection Set: 0.36ms
[640.124s][info][gc,phases      ] GC(1587)   Merge Heap Roots: 0.17ms
[640.124s][info][gc,phases      ] GC(1587)   Evacuate Collection Set: 4.23ms
[640.124s][info][gc,phases      ] GC(1587)   Post Evacuate Collection Set: 0.65ms
[640.124s][info][gc,phases      ] GC(1587)   Other: 0.15ms
[640.124s][info][gc,heap        ] GC(1587) Eden regions: 265->0(274)
[640.124s][info][gc,heap        ] GC(1587) Survivor regions: 3->3(34)
[640.124s][info][gc,heap        ] GC(1587) Old regions: 650->641
[640.124s][info][gc,heap        ] GC(1587) Humongous regions: 7->7
[640.124s][info][gc,metaspace   ] GC(1587) Metaspace: 19181K(19392K)->19181K(19392K) NonClass: 17351K(17536K)->17351K(17536K) Class: 1829K(1856K)->1829K(1856K)
[640.124s][info][gc             ] GC(1587) Pause Young (Mixed) (G1 Evacuation Pause) 923M->649M(978M) 5.874ms
[640.124s][info][gc,cpu         ] GC(1587) User=0.01s Sys=0.00s Real=0.01s
[640.880s][info][gc,start       ] GC(1588) Pause Young (Concurrent Start) (G1 Evacuation Pause)
[640.880s][info][gc,task        ] GC(1588) Using 2 workers of 2 for evacuation
[640.888s][info][gc,phases      ] GC(1588)   Pre Evacuate Collection Set: 0.31ms
[640.888s][info][gc,phases      ] GC(1588)   Merge Heap Roots: 0.16ms
[640.888s][info][gc,phases      ] GC(1588)   Evacuate Collection Set: 7.00ms
[640.888s][info][gc,phases      ] GC(1588)   Post Evacuate Collection Set: 0.61ms
[640.888s][info][gc,phases      ] GC(1588)   Other: 0.19ms
[640.889s][info][gc,heap        ] GC(1588) Eden regions: 274->0(270)
[640.889s][info][gc,heap        ] GC(1588) Survivor regions: 3->5(35)
[640.889s][info][gc,heap        ] GC(1588) Old regions: 641->641
[640.889s][info][gc,heap        ] GC(1588) Humongous regions: 7->7
[640.889s][info][gc,metaspace   ] GC(1588) Metaspace: 19181K(19392K)->19181K(19392K) NonClass: 17351K(17536K)->17351K(17536K) Class: 1829K(1856K)->1829K(1856K)
[640.889s][info][gc             ] GC(1588) Pause Young (Concurrent Start) (G1 Evacuation Pause) 923M->652M(978M) 8.531ms
[640.889s][info][gc             ] GC(1589) Concurrent Mark Cycle
[640.889s][info][gc,marking     ] GC(1589) Concurrent Scan Root Regions
[640.889s][info][gc,cpu         ] GC(1588) User=0.02s Sys=0.00s Real=0.01s
[640.896s][info][gc,marking     ] GC(1589) Concurrent Scan Root Regions 7.044ms
[640.896s][info][gc,marking     ] GC(1589) Concurrent Mark
[640.896s][info][gc,marking     ] GC(1589) Concurrent Mark From Roots
[640.896s][info][gc,task        ] GC(1589) Using 1 workers of 1 for marking
[641.515s][info][gc,start       ] GC(1590) Pause Young (Normal) (G1 Evacuation Pause)
[641.515s][info][gc,task        ] GC(1590) Using 2 workers of 2 for evacuation
[641.608s][info][gc,phases      ] GC(1590)   Pre Evacuate Collection Set: 0.30ms
[641.608s][info][gc,phases      ] GC(1590)   Merge Heap Roots: 0.19ms
[641.608s][info][gc,phases      ] GC(1590)   Evacuate Collection Set: 83.71ms
[641.608s][info][gc,phases      ] GC(1590)   Post Evacuate Collection Set: 8.87ms
[641.608s][info][gc,phases      ] GC(1590)   Other: 0.12ms
[641.608s][info][gc,heap        ] GC(1590) Eden regions: 270->0(89)
[641.608s][info][gc,heap        ] GC(1590) Survivor regions: 5->35(35)
[641.608s][info][gc,heap        ] GC(1590) Old regions: 641->762
[641.608s][info][gc,heap        ] GC(1590) Humongous regions: 7->7
[641.608s][info][gc,metaspace   ] GC(1590) Metaspace: 19181K(19392K)->19181K(19392K) NonClass: 17351K(17536K)->17351K(17536K) Class: 1829K(1856K)->1829K(1856K)
[641.608s][info][gc             ] GC(1590) Pause Young (Normal) (G1 Evacuation Pause) (Evacuation Failure: Allocation) 922M->803M(978M) 93.450ms
[641.608s][info][gc,cpu         ] GC(1590) User=0.19s Sys=0.00s Real=0.09s
[641.807s][info][gc,start       ] GC(1591) Pause Young (Normal) (G1 Evacuation Pause)
[641.807s][info][gc,task        ] GC(1591) Using 2 workers of 2 for evacuation
[641.911s][info][gc,phases      ] GC(1591)   Pre Evacuate Collection Set: 0.60ms
[641.911s][info][gc,phases      ] GC(1591)   Merge Heap Roots: 0.42ms
[641.911s][info][gc,phases      ] GC(1591)   Evacuate Collection Set: 99.12ms
[641.911s][info][gc,phases      ] GC(1591)   Post Evacuate Collection Set: 3.93ms
[641.911s][info][gc,phases      ] GC(1591)   Other: 0.12ms
[641.911s][info][gc,heap        ] GC(1591) Eden regions: 89->0(109)
[641.911s][info][gc,heap        ] GC(1591) Survivor regions: 35->16(16)
[641.911s][info][gc,heap        ] GC(1591) Old regions: 762->780
[641.911s][info][gc,heap        ] GC(1591) Humongous regions: 7->7
[641.911s][info][gc,metaspace   ] GC(1591) Metaspace: 19181K(19392K)->19181K(19392K) NonClass: 17351K(17536K)->17351K(17536K) Class: 1829K(1856K)->1829K(1856K)
[641.911s][info][gc             ] GC(1591) Pause Young (Normal) (G1 Evacuation Pause) (Evacuation Failure: Allocation) 892M->802M(978M) 104.528ms
[641.911s][info][gc,cpu         ] GC(1591) User=0.21s Sys=0.00s Real=0.11s
[642.125s][info][gc,start       ] GC(1592) Pause Young (Normal) (G1 Evacuation Pause)
[642.125s][info][gc,task        ] GC(1592) Using 2 workers of 2 for evacuation
[642.185s][info][gc,phases      ] GC(1592)   Pre Evacuate Collection Set: 0.36ms
[642.185s][info][gc,phases      ] GC(1592)   Merge Heap Roots: 0.42ms
[642.185s][info][gc,phases      ] GC(1592)   Evacuate Collection Set: 58.06ms
[642.185s][info][gc,phases      ] GC(1592)   Post Evacuate Collection Set: 0.49ms
[642.185s][info][gc,phases      ] GC(1592)   Other: 0.11ms
[642.185s][info][gc,heap        ] GC(1592) Eden regions: 109->0(123)
[642.185s][info][gc,heap        ] GC(1592) Survivor regions: 16->16(16)
[642.185s][info][gc,heap        ] GC(1592) Old regions: 780->766
[642.185s][info][gc,heap        ] GC(1592) Humongous regions: 7->7
[642.185s][info][gc,metaspace   ] GC(1592) Metaspace: 19181K(19392K)->19181K(19392K) NonClass: 17351K(17536K)->17351K(17536K) Class: 1829K(1856K)->1829K(1856K)
[642.185s][info][gc             ] GC(1592) Pause Young (Normal) (G1 Evacuation Pause) 911M->788M(978M) 59.723ms
[642.185s][info][gc,cpu         ] GC(1592) User=0.12s Sys=0.00s Real=0.06s
[642.370s][info][gc,marking     ] GC(1589) Concurrent Mark From Roots 1474.040ms
[642.370s][info][gc,marking     ] GC(1589) Concurrent Preclean
[642.370s][info][gc,marking     ] GC(1589) Concurrent Preclean 0.045ms
[642.370s][info][gc,start       ] GC(1589) Pause Remark
[642.380s][info][gc             ] GC(1589) Pause Remark 896M->685M(978M) 9.536ms
[642.380s][info][gc,cpu         ] GC(1589) User=0.02s Sys=0.00s Real=0.01s
[642.380s][info][gc,marking     ] GC(1589) Concurrent Mark 1484.067ms
[642.380s][info][gc,marking     ] GC(1589) Concurrent Rebuild Remembered Sets and Scrub Regions
[642.473s][info][gc,start       ] GC(1593) Pause Young (Normal) (G1 Evacuation Pause)
[642.473s][info][gc,task        ] GC(1593) Using 2 workers of 2 for evacuation
[642.529s][info][gc,phases      ] GC(1593)   Pre Evacuate Collection Set: 0.32ms
[642.529s][info][gc,phases      ] GC(1593)   Merge Heap Roots: 0.46ms
[642.529s][info][gc,phases      ] GC(1593)   Evacuate Collection Set: 54.61ms
[642.529s][info][gc,phases      ] GC(1593)   Post Evacuate Collection Set: 0.60ms
[642.529s][info][gc,phases      ] GC(1593)   Other: 0.12ms
[642.529s][info][gc,heap        ] GC(1593) Eden regions: 123->0(263)
[642.529s][info][gc,heap        ] GC(1593) Survivor regions: 16->18(18)
[642.529s][info][gc,heap        ] GC(1593) Old regions: 558->581
[642.529s][info][gc,heap        ] GC(1593) Humongous regions: 4->4
[642.529s][info][gc,metaspace   ] GC(1593) Metaspace: 19183K(19392K)->19183K(19392K) NonClass: 17353K(17536K)->17353K(17536K) Class: 1829K(1856K)->1829K(1856K)
[642.529s][info][gc             ] GC(1593) Pause Young (Normal) (G1 Evacuation Pause) 700M->602M(978M) 56.415ms
[642.529s][info][gc,cpu         ] GC(1593) User=0.11s Sys=0.00s Real=0.06s
[643.026s][info][gc,marking     ] GC(1589) Concurrent Rebuild Remembered Sets and Scrub Regions 646.342ms
[643.026s][info][gc,start       ] GC(1589) Pause Cleanup
[643.027s][info][gc             ] GC(1589) Pause Cleanup 857M->857M(978M) 0.176ms
[643.027s][info][gc,cpu         ] GC(1589) User=0.00s Sys=0.00s Real=0.00s
[643.027s][info][gc,marking     ] GC(1589) Concurrent Clear Claimed Marks
[643.027s][info][gc,marking     ] GC(1589) Concurrent Clear Claimed Marks 0.041ms
[643.027s][info][gc,marking     ] GC(1589) Concurrent Cleanup for Next Mark
[643.032s][info][gc,marking     ] GC(1589) Concurrent Cleanup for Next Mark 5.090ms
[643.032s][info][gc             ] GC(1589) Concurrent Mark Cycle 2143.277ms
[643.041s][info][gc,start       ] GC(1594) Pause Young (Prepare Mixed) (G1 Evacuation Pause)
[643.041s][info][gc,task        ] GC(1594) Using 2 workers of 2 for evacuation
[643.097s][info][gc,phases      ] GC(1594)   Pre Evacuate Collection Set: 0.57ms
[643.098s][info][gc,phases      ] GC(1594)   Merge Heap Roots: 0.64ms
[643.098s][info][gc,phases      ] GC(1594)   Evacuate Collection Set: 54.49ms
[643.098s][info][gc,phases      ] GC(1594)   Post Evacuate Collection Set: 0.78ms
[643.098s][info][gc,phases      ] GC(1594)   Other: 0.12ms
[643.098s][info][gc,heap        ] GC(1594) Eden regions: 263->0(257)
[643.098s][info][gc,heap        ] GC(1594) Survivor regions: 18->33(36)
[643.098s][info][gc,heap        ] GC(1594) Old regions: 581->581
[643.098s][info][gc,heap        ] GC(1594) Humongous regions: 7->7
[643.098s][info][gc,metaspace   ] GC(1594) Metaspace: 19183K(19392K)->19183K(19392K) NonClass: 17353K(17536K)->17353K(17536K) Class: 1829K(1856K)->1829K(1856K)
[643.098s][info][gc             ] GC(1594) Pause Young (Prepare Mixed) (G1 Evacuation Pause) 868M->620M(978M) 56.866ms
[643.098s][info][gc,cpu         ] GC(1594) User=0.11s Sys=0.00s Real=0.05s
[643.423s][info][gc,start       ] GC(1595) Pause Young (Mixed) (G1 Evacuation Pause)
[643.423s][info][gc,task        ] GC(1595) Using 2 workers of 2 for evacuation
[643.476s][info][gc,phases      ] GC(1595)   Pre Evacuate Collection Set: 0.35ms
[643.476s][info][gc,phases      ] GC(1595)   Merge Heap Roots: 0.45ms
[643.476s][info][gc,phases      ] GC(1595)   Evacuate Collection Set: 51.30ms
[643.476s][info][gc,phases      ] GC(1595)   Post Evacuate Collection Set: 0.58ms
[643.476s][info][gc,phases      ] GC(1595)   Other: 0.11ms
[643.476s][info][gc,heap        ] GC(1595) Eden regions: 257->0(316)
[643.476s][info][gc,heap        ] GC(1595) Survivor regions: 33->15(37)
[643.476s][info][gc,heap        ] GC(1595) Old regions: 581->552
[643.476s][info][gc,heap        ] GC(1595) Humongous regions: 7->7
[643.476s][info][gc,metaspace   ] GC(1595) Metaspace: 19183K(19392K)->19183K(19392K) NonClass: 17353K(17536K)->17353K(17536K) Class: 1829K(1856K)->1829K(1856K)
[643.476s][info][gc             ] GC(1595) Pause Young (Mixed) (G1 Evacuation Pause) 877M->573M(978M) 53.064ms
[643.476s][info][gc,cpu         ] GC(1595) User=0.11s Sys=0.00s Real=0.05s
[643.866s][info][gc,start       ] GC(1596) Pause Young (Concurrent Start) (G1 Evacuation Pause)
[643.866s][info][gc,task        ] GC(1596) Using 2 workers of 2 for evacuation
[643.892s][info][gc,phases      ] GC(1596)   Pre Evacuate Collection Set: 0.37ms
[643.892s][info][gc,phases      ] GC(1596)   Merge Heap Roots: 0.14ms
[643.892s][info][gc,phases      ] GC(1596)   Evacuate Collection Set: 24.21ms
[643.892s][info][gc,phases      ] GC(1596)   Post Evacuate Collection Set: 0.62ms
[643.892s][info][gc,phases      ] GC(1596)   Other: 0.21ms
[643.892s][info][gc,heap        ] GC(1596) Eden regions: 316->0(333)
[643.892s][info][gc,heap        ] GC(1596) Survivor regions: 15->15(42)
[643.892s][info][gc,heap        ] GC(1596) Old regions: 552->552
[643.892s][info][gc,heap        ] GC(1596) Humongous regions: 7->7
[643.892s][info][gc,metaspace   ] GC(1596) Metaspace: 19183K(19392K)->19183K(19392K) NonClass: 17353K(17536K)->17353K(17536K) Class: 1829K(1856K)->1829K(1856K)
[643.892s][info][gc             ] GC(1596) Pause Young (Concurrent Start) (G1 Evacuation Pause) 889M->573M(978M) 25.789ms
[643.892s][info][gc,cpu         ] GC(1596) User=0.05s Sys=0.00s Real=0.03s
[643.892s][info][gc             ] GC(1597) Concurrent Mark Cycle
[643.892s][info][gc,marking     ] GC(1597) Concurrent Scan Root Regions
[643.940s][info][gc,marking     ] GC(1597) Concurrent Scan Root Regions 47.809ms
[643.940s][info][gc,marking     ] GC(1597) Concurrent Mark
[643.940s][info][gc,marking     ] GC(1597) Concurrent Mark From Roots
[643.940s][info][gc,task        ] GC(1597) Using 1 workers of 1 for marking
[644.639s][info][gc,start       ] GC(1598) Pause Young (Normal) (G1 Evacuation Pause)
[644.639s][info][gc,task        ] GC(1598) Using 2 workers of 2 for evacuation
[644.717s][info][gc,phases      ] GC(1598)   Pre Evacuate Collection Set: 0.31ms
[644.717s][info][gc,phases      ] GC(1598)   Merge Heap Roots: 0.53ms
[644.717s][info][gc,phases      ] GC(1598)   Evacuate Collection Set: 76.45ms
[644.717s][info][gc,phases      ] GC(1598)   Post Evacuate Collection Set: 0.77ms
[644.718s][info][gc,phases      ] GC(1598)   Other: 0.16ms
[644.718s][info][gc,heap        ] GC(1598) Eden regions: 333->0(296)
[644.718s][info][gc,heap        ] GC(1598) Survivor regions: 15->35(44)
[644.718s][info][gc,heap        ] GC(1598) Old regions: 552->552
[644.718s][info][gc,heap        ] GC(1598) Humongous regions: 10->10
[644.718s][info][gc,metaspace   ] GC(1598) Metaspace: 19183K(19392K)->19183K(19392K) NonClass: 17354K(17536K)->17354K(17536K) Class: 1829K(1856K)->1829K(1856K)
[644.718s][info][gc             ] GC(1598) Pause Young (Normal) (G1 Evacuation Pause) 909M->596M(978M) 78.564ms
[644.718s][info][gc,cpu         ] GC(1598) User=0.16s Sys=0.00s Real=0.07s
[645.080s][info][gc,marking     ] GC(1597) Concurrent Mark From Roots 1140.648ms
[645.080s][info][gc,marking     ] GC(1597) Concurrent Preclean
[645.080s][info][gc,marking     ] GC(1597) Concurrent Preclean 0.042ms
[645.081s][info][gc,start       ] GC(1597) Pause Remark
[645.091s][info][gc             ] GC(1597) Pause Remark 691M->598M(978M) 10.733ms
[645.091s][info][gc,cpu         ] GC(1597) User=0.02s Sys=0.00s Real=0.01s
[645.091s][info][gc,marking     ] GC(1597) Concurrent Mark 1151.722ms
[645.091s][info][gc,marking     ] GC(1597) Concurrent Rebuild Remembered Sets and Scrub Regions
[645.408s][info][gc,marking     ] GC(1597) Concurrent Rebuild Remembered Sets and Scrub Regions 317.064ms
[645.409s][info][gc,start       ] GC(1597) Pause Cleanup
[645.409s][info][gc             ] GC(1597) Pause Cleanup 714M->714M(978M) 0.159ms
[645.409s][info][gc,cpu         ] GC(1597) User=0.00s Sys=0.00s Real=0.00s
[645.410s][info][gc,marking     ] GC(1597) Concurrent Clear Claimed Marks
[645.410s][info][gc,marking     ] GC(1597) Concurrent Clear Claimed Marks 0.038ms
[645.410s][info][gc,marking     ] GC(1597) Concurrent Cleanup for Next Mark
[645.415s][info][gc,marking     ] GC(1597) Concurrent Cleanup for Next Mark 4.967ms
[645.415s][info][gc             ] GC(1597) Concurrent Mark Cycle 1523.095ms
[645.548s][info][gc,start       ] GC(1599) Pause Young (Prepare Mixed) (G1 Evacuation Pause)
[645.548s][info][gc,task        ] GC(1599) Using 2 workers of 2 for evacuation
[645.642s][info][gc,phases      ] GC(1599)   Pre Evacuate Collection Set: 0.35ms
[645.642s][info][gc,phases      ] GC(1599)   Merge Heap Roots: 0.70ms
[645.642s][info][gc,phases      ] GC(1599)   Evacuate Collection Set: 92.02ms
[645.642s][info][gc,phases      ] GC(1599)   Post Evacuate Collection Set: 0.78ms
[645.642s][info][gc,phases      ] GC(1599)   Other: 0.11ms
[645.642s][info][gc,heap        ] GC(1599) Eden regions: 296->0(402)
[645.642s][info][gc,heap        ] GC(1599) Survivor regions: 35->21(42)
[645.642s][info][gc,heap        ] GC(1599) Old regions: 462->477
[645.642s][info][gc,heap        ] GC(1599) Humongous regions: 7->7
[645.642s][info][gc,metaspace   ] GC(1599) Metaspace: 19183K(19392K)->19183K(19392K) NonClass: 17354K(17536K)->17354K(17536K) Class: 1829K(1856K)->1829K(1856K)
[645.642s][info][gc             ] GC(1599) Pause Young (Prepare Mixed) (G1 Evacuation Pause) 799M->503M(978M) 94.303ms
[645.642s][info][gc,cpu         ] GC(1599) User=0.19s Sys=0.00s Real=0.10s
[646.328s][info][gc,start       ] GC(1600) Pause Young (Mixed) (G1 Evacuation Pause)
[646.328s][info][gc,task        ] GC(1600) Using 2 workers of 2 for evacuation
[646.389s][info][gc,phases      ] GC(1600)   Pre Evacuate Collection Set: 0.37ms
[646.389s][info][gc,phases      ] GC(1600)   Merge Heap Roots: 0.74ms
[646.389s][info][gc,phases      ] GC(1600)   Evacuate Collection Set: 58.89ms
[646.389s][info][gc,phases      ] GC(1600)   Post Evacuate Collection Set: 0.87ms
[646.390s][info][gc,phases      ] GC(1600)   Other: 0.12ms
[646.390s][info][gc,heap        ] GC(1600) Eden regions: 402->0(472)
[646.390s][info][gc,heap        ] GC(1600) Survivor regions: 21->21(53)
[646.390s][info][gc,heap        ] GC(1600) Old regions: 477->407
[646.390s][info][gc,heap        ] GC(1600) Humongous regions: 7->7
[646.390s][info][gc,metaspace   ] GC(1600) Metaspace: 19183K(19392K)->19183K(19392K) NonClass: 17354K(17536K)->17354K(17536K) Class: 1829K(1856K)->1829K(1856K)
[646.390s][info][gc             ] GC(1600) Pause Young (Mixed) (G1 Evacuation Pause) 905M->433M(978M) 61.289ms
[646.390s][info][gc,cpu         ] GC(1600) User=0.12s Sys=0.00s Real=0.06s
[646.910s][info][gc,start       ] GC(1601) Pause Young (Concurrent Start) (G1 Evacuation Pause)
[646.910s][info][gc,task        ] GC(1601) Using 2 workers of 2 for evacuation
[647.004s][info][gc,phases      ] GC(1601)   Pre Evacuate Collection Set: 0.37ms
[647.004s][info][gc,phases      ] GC(1601)   Merge Heap Roots: 0.53ms
[647.004s][info][gc,phases      ] GC(1601)   Evacuate Collection Set: 92.23ms
[647.004s][info][gc,phases      ] GC(1601)   Post Evacuate Collection Set: 0.94ms
[647.004s][info][gc,phases      ] GC(1601)   Other: 0.21ms
[647.004s][info][gc,heap        ] GC(1601) Eden regions: 472->0(398)
[647.004s][info][gc,heap        ] GC(1601) Survivor regions: 21->58(62)
[647.004s][info][gc,heap        ] GC(1601) Old regions: 407->407
[647.004s][info][gc,heap        ] GC(1601) Humongous regions: 7->7
[647.004s][info][gc,metaspace   ] GC(1601) Metaspace: 19184K(19392K)->19184K(19392K) NonClass: 17355K(17536K)->17355K(17536K) Class: 1829K(1856K)->1829K(1856K)
[647.004s][info][gc             ] GC(1601) Pause Young (Concurrent Start) (G1 Evacuation Pause) 905M->471M(978M) 94.582ms
[647.004s][info][gc             ] GC(1602) Concurrent Mark Cycle
[647.004s][info][gc,marking     ] GC(1602) Concurrent Scan Root Regions
[647.006s][info][gc,cpu         ] GC(1601) User=0.19s Sys=0.00s Real=0.09s
[647.159s][info][gc,marking     ] GC(1602) Concurrent Scan Root Regions 154.738ms
[647.159s][info][gc,marking     ] GC(1602) Concurrent Mark
[647.159s][info][gc,marking     ] GC(1602) Concurrent Mark From Roots
[647.159s][info][gc,task        ] GC(1602) Using 1 workers of 1 for marking
[647.579s][info][gc,start       ] GC(1603) Pause Young (Normal) (G1 Evacuation Pause)
[647.580s][info][gc,task        ] GC(1603) Using 2 workers of 2 for evacuation
[647.707s][info][gc,phases      ] GC(1603)   Pre Evacuate Collection Set: 0.52ms
[647.707s][info][gc,phases      ] GC(1603)   Merge Heap Roots: 0.61ms
[647.707s][info][gc,phases      ] GC(1603)   Evacuate Collection Set: 125.47ms
[647.707s][info][gc,phases      ] GC(1603)   Post Evacuate Collection Set: 0.69ms
[647.707s][info][gc,phases      ] GC(1603)   Other: 0.10ms
[647.707s][info][gc,heap        ] GC(1603) Eden regions: 398->0(383)
[647.707s][info][gc,heap        ] GC(1603) Survivor regions: 58->33(57)
[647.707s][info][gc,heap        ] GC(1603) Old regions: 407->465
[647.707s][info][gc,heap        ] GC(1603) Humongous regions: 7->7
[647.707s][info][gc,metaspace   ] GC(1603) Metaspace: 19184K(19392K)->19184K(19392K) NonClass: 17355K(17536K)->17355K(17536K) Class: 1829K(1856K)->1829K(1856K)
[647.707s][info][gc             ] GC(1603) Pause Young (Normal) (G1 Evacuation Pause) 869M->504M(978M) 127.660ms
[647.707s][info][gc,cpu         ] GC(1603) User=0.25s Sys=0.00s Real=0.12s
[647.850s][info][gc,marking     ] GC(1602) Concurrent Mark From Roots 690.542ms
[647.850s][info][gc,marking     ] GC(1602) Concurrent Preclean
[647.850s][info][gc,marking     ] GC(1602) Concurrent Preclean 0.047ms
[647.850s][info][gc,start       ] GC(1602) Pause Remark
[647.859s][info][gc             ] GC(1602) Pause Remark 600M->462M(978M) 8.891ms
[647.859s][info][gc,cpu         ] GC(1602) User=0.02s Sys=0.00s Real=0.01s
[647.859s][info][gc,marking     ] GC(1602) Concurrent Mark 700.344ms
[647.859s][info][gc,marking     ] GC(1602) Concurrent Rebuild Remembered Sets and Scrub Regions
[648.158s][info][gc,marking     ] GC(1602) Concurrent Rebuild Remembered Sets and Scrub Regions 298.698ms
[648.158s][info][gc,start       ] GC(1604) Pause Young (Normal) (G1 Evacuation Pause)
[648.158s][info][gc,task        ] GC(1604) Using 2 workers of 2 for evacuation
[648.248s][info][gc,phases      ] GC(1604)   Pre Evacuate Collection Set: 0.32ms
[648.248s][info][gc,phases      ] GC(1604)   Merge Heap Roots: 0.43ms
[648.248s][info][gc,phases      ] GC(1604)   Evacuate Collection Set: 88.37ms
[648.248s][info][gc,phases      ] GC(1604)   Post Evacuate Collection Set: 0.66ms
[648.248s][info][gc,phases      ] GC(1604)   Other: 0.10ms
[648.248s][info][gc,heap        ] GC(1604) Eden regions: 383->0(457)
[648.248s][info][gc,heap        ] GC(1604) Survivor regions: 33->42(52)
[648.248s][info][gc,heap        ] GC(1604) Old regions: 330->362
[648.248s][info][gc,heap        ] GC(1604) Humongous regions: 4->4
[648.248s][info][gc,metaspace   ] GC(1604) Metaspace: 19184K(19392K)->19184K(19392K) NonClass: 17355K(17536K)->17355K(17536K) Class: 1829K(1856K)->1829K(1856K)
[648.248s][info][gc             ] GC(1604) Pause Young (Normal) (G1 Evacuation Pause) 749M->407M(978M) 90.144ms
[648.248s][info][gc,cpu         ] GC(1604) User=0.18s Sys=0.00s Real=0.09s
[648.251s][info][gc,start       ] GC(1602) Pause Cleanup
[648.251s][info][gc             ] GC(1602) Pause Cleanup 408M->408M(978M) 0.087ms
[648.251s][info][gc,cpu         ] GC(1602) User=0.00s Sys=0.00s Real=0.00s
[648.253s][info][gc,marking     ] GC(1602) Concurrent Clear Claimed Marks
[648.253s][info][gc,marking     ] GC(1602) Concurrent Clear Claimed Marks 0.036ms
[648.253s][info][gc,marking     ] GC(1602) Concurrent Cleanup for Next Mark
[648.256s][info][gc,marking     ] GC(1602) Concurrent Cleanup for Next Mark 3.053ms
[648.256s][info][gc             ] GC(1602) Concurrent Mark Cycle 1252.209ms
[648.787s][info][gc,start       ] GC(1605) Pause Young (Prepare Mixed) (G1 Evacuation Pause)
[648.787s][info][gc,task        ] GC(1605) Using 2 workers of 2 for evacuation
[648.863s][info][gc,phases      ] GC(1605)   Pre Evacuate Collection Set: 0.52ms
[648.863s][info][gc,phases      ] GC(1605)   Merge Heap Roots: 0.47ms
[648.863s][info][gc,phases      ] GC(1605)   Evacuate Collection Set: 73.89ms
[648.863s][info][gc,phases      ] GC(1605)   Post Evacuate Collection Set: 0.74ms
[648.863s][info][gc,phases      ] GC(1605)   Other: 0.13ms
[648.863s][info][gc,heap        ] GC(1605) Eden regions: 457->0(456)
[648.863s][info][gc,heap        ] GC(1605) Survivor regions: 42->14(63)
[648.863s][info][gc,heap        ] GC(1605) Old regions: 362->404
[648.863s][info][gc,heap        ] GC(1605) Humongous regions: 4->4
[648.863s][info][gc,metaspace   ] GC(1605) Metaspace: 19184K(19392K)->19184K(19392K) NonClass: 17355K(17536K)->17355K(17536K) Class: 1829K(1856K)->1829K(1856K)
[648.863s][info][gc             ] GC(1605) Pause Young (Prepare Mixed) (G1 Evacuation Pause) 864M->421M(978M) 76.051ms
[648.863s][info][gc,cpu         ] GC(1605) User=0.14s Sys=0.01s Real=0.08s
[649.967s][info][gc,start       ] GC(1606) Pause Young (Mixed) (G1 Evacuation Pause)
[649.967s][info][gc,task        ] GC(1606) Using 2 workers of 2 for evacuation
[650.000s][info][gc,phases      ] GC(1606)   Pre Evacuate Collection Set: 0.35ms
[650.000s][info][gc,phases      ] GC(1606)   Merge Heap Roots: 0.29ms
[650.000s][info][gc,phases      ] GC(1606)   Evacuate Collection Set: 31.06ms
[650.000s][info][gc,phases      ] GC(1606)   Post Evacuate Collection Set: 0.75ms
[650.000s][info][gc,phases      ] GC(1606)   Other: 0.12ms
[650.000s][info][gc,heap        ] GC(1606) Eden regions: 456->0(483)
[650.000s][info][gc,heap        ] GC(1606) Survivor regions: 14->23(59)
[650.000s][info][gc,heap        ] GC(1606) Old regions: 404->379
[650.000s][info][gc,heap        ] GC(1606) Humongous regions: 4->4
[650.000s][info][gc,metaspace   ] GC(1606) Metaspace: 19184K(19392K)->19184K(19392K) NonClass: 17355K(17536K)->17355K(17536K) Class: 1829K(1856K)->1829K(1856K)
[650.000s][info][gc             ] GC(1606) Pause Young (Mixed) (G1 Evacuation Pause) 877M->405M(978M) 32.859ms
[650.000s][info][gc,cpu         ] GC(1606) User=0.07s Sys=0.00s Real=0.04s
[650.930s][info][gc,start       ] GC(1607) Pause Young (Concurrent Start) (G1 Evacuation Pause)
[650.930s][info][gc,task        ] GC(1607) Using 2 workers of 2 for evacuation
[651.014s][info][gc,phases      ] GC(1607)   Pre Evacuate Collection Set: 0.36ms
[651.014s][info][gc,phases      ] GC(1607)   Merge Heap Roots: 0.30ms
[651.014s][info][gc,phases      ] GC(1607)   Evacuate Collection Set: 82.38ms
[651.014s][info][gc,phases      ] GC(1607)   Post Evacuate Collection Set: 1.00ms
[651.014s][info][gc,phases      ] GC(1607)   Other: 0.24ms
[651.014s][info][gc,heap        ] GC(1607) Eden regions: 483->0(405)
[651.014s][info][gc,heap        ] GC(1607) Survivor regions: 23->64(64)
[651.014s][info][gc,heap        ] GC(1607) Old regions: 379->391
[651.014s][info][gc,heap        ] GC(1607) Humongous regions: 4->4
[651.014s][info][gc,metaspace   ] GC(1607) Metaspace: 19184K(19392K)->19184K(19392K) NonClass: 17355K(17536K)->17355K(17536K) Class: 1829K(1856K)->1829K(1856K)
[651.014s][info][gc             ] GC(1607) Pause Young (Concurrent Start) (G1 Evacuation Pause) 888M->458M(978M) 84.531ms
[651.014s][info][gc             ] GC(1608) Concurrent Mark Cycle
[651.014s][info][gc,marking     ] GC(1608) Concurrent Scan Root Regions
[651.015s][info][gc,cpu         ] GC(1607) User=0.16s Sys=0.01s Real=0.08s
[651.123s][info][gc,marking     ] GC(1608) Concurrent Scan Root Regions 108.896ms
[651.123s][info][gc,marking     ] GC(1608) Concurrent Mark
[651.123s][info][gc,marking     ] GC(1608) Concurrent Mark From Roots
[651.123s][info][gc,task        ] GC(1608) Using 1 workers of 1 for marking
[652.246s][info][gc,start       ] GC(1609) Pause Young (Normal) (G1 Evacuation Pause)
[652.246s][info][gc,task        ] GC(1609) Using 2 workers of 2 for evacuation
[652.435s][info][gc,phases      ] GC(1609)   Pre Evacuate Collection Set: 0.54ms
[652.436s][info][gc,phases      ] GC(1609)   Merge Heap Roots: 0.47ms
[652.436s][info][gc,phases      ] GC(1609)   Evacuate Collection Set: 173.45ms
[652.436s][info][gc,phases      ] GC(1609)   Post Evacuate Collection Set: 14.66ms
[652.436s][info][gc,phases      ] GC(1609)   Other: 0.13ms
[652.436s][info][gc,heap        ] GC(1609) Eden regions: 405->0(183)
[652.436s][info][gc,heap        ] GC(1609) Survivor regions: 64->59(59)
[652.436s][info][gc,heap        ] GC(1609) Old regions: 391->623
[652.436s][info][gc,heap        ] GC(1609) Humongous regions: 4->4
[652.436s][info][gc,metaspace   ] GC(1609) Metaspace: 19184K(19392K)->19184K(19392K) NonClass: 17355K(17536K)->17355K(17536K) Class: 1829K(1856K)->1829K(1856K)
[652.436s][info][gc             ] GC(1609) Pause Young (Normal) (G1 Evacuation Pause) (Evacuation Failure: Allocation) 863M->685M(978M) 189.534ms
[652.436s][info][gc,cpu         ] GC(1609) User=0.37s Sys=0.00s Real=0.19s
[652.448s][info][gc,marking     ] GC(1608) Concurrent Mark From Roots 1324.170ms
[652.448s][info][gc,marking     ] GC(1608) Concurrent Preclean
[652.448s][info][gc,marking     ] GC(1608) Concurrent Preclean 0.048ms
[652.448s][info][gc,start       ] GC(1608) Pause Remark
[652.458s][info][gc             ] GC(1608) Pause Remark 695M->695M(978M) 9.753ms
[652.458s][info][gc,cpu         ] GC(1608) User=0.02s Sys=0.00s Real=0.01s
[652.458s][info][gc,marking     ] GC(1608) Concurrent Mark 1335.104ms
[652.458s][info][gc,marking     ] GC(1608) Concurrent Rebuild Remembered Sets and Scrub Regions
[652.637s][info][gc,start       ] GC(1610) Pause Young (Normal) (G1 Evacuation Pause)
[652.637s][info][gc,task        ] GC(1610) Using 2 workers of 2 for evacuation
[652.813s][info][gc,phases      ] GC(1610)   Pre Evacuate Collection Set: 0.65ms
[652.813s][info][gc,phases      ] GC(1610)   Merge Heap Roots: 0.60ms
[652.813s][info][gc,phases      ] GC(1610)   Evacuate Collection Set: 158.84ms
[652.813s][info][gc,phases      ] GC(1610)   Post Evacuate Collection Set: 15.94ms
[652.813s][info][gc,phases      ] GC(1610)   Other: 0.11ms
[652.813s][info][gc,heap        ] GC(1610) Eden regions: 183->0(92)
[652.813s][info][gc,heap        ] GC(1610) Survivor regions: 59->31(31)
[652.813s][info][gc,heap        ] GC(1610) Old regions: 623->770
[652.813s][info][gc,heap        ] GC(1610) Humongous regions: 4->4
[652.813s][info][gc,metaspace   ] GC(1610) Metaspace: 19184K(19392K)->19184K(19392K) NonClass: 17355K(17536K)->17355K(17536K) Class: 1829K(1856K)->1829K(1856K)
[652.813s][info][gc             ] GC(1610) Pause Young (Normal) (G1 Evacuation Pause) (Evacuation Failure: Allocation) 868M->804M(978M) 176.466ms
[652.813s][info][gc,cpu         ] GC(1610) User=0.35s Sys=0.00s Real=0.18s
[653.044s][info][gc,start       ] GC(1611) Pause Young (Normal) (G1 Evacuation Pause)
[653.044s][info][gc,task        ] GC(1611) Using 2 workers of 2 for evacuation
[653.129s][info][gc,phases      ] GC(1611)   Pre Evacuate Collection Set: 0.46ms
[653.130s][info][gc,phases      ] GC(1611)   Merge Heap Roots: 0.96ms
[653.130s][info][gc,phases      ] GC(1611)   Evacuate Collection Set: 83.39ms
[653.130s][info][gc,phases      ] GC(1611)   Post Evacuate Collection Set: 0.93ms
[653.130s][info][gc,phases      ] GC(1611)   Other: 0.10ms
[653.130s][info][gc,heap        ] GC(1611) Eden regions: 92->0(236)
[653.130s][info][gc,heap        ] GC(1611) Survivor regions: 31->4(16)
[653.130s][info][gc,heap        ] GC(1611) Old regions: 770->621
[653.130s][info][gc,heap        ] GC(1611) Humongous regions: 4->4
[653.130s][info][gc,metaspace   ] GC(1611) Metaspace: 19184K(19392K)->19184K(19392K) NonClass: 17355K(17536K)->17355K(17536K) Class: 1829K(1856K)->1829K(1856K)
[653.130s][info][gc             ] GC(1611) Pause Young (Normal) (G1 Evacuation Pause) 896M->628M(978M) 86.118ms
[653.130s][info][gc,cpu         ] GC(1611) User=0.17s Sys=0.00s Real=0.09s
[653.337s][info][gc,marking     ] GC(1608) Concurrent Rebuild Remembered Sets and Scrub Regions 878.290ms
[653.337s][info][gc,start       ] GC(1608) Pause Cleanup
[653.337s][info][gc             ] GC(1608) Pause Cleanup 708M->708M(978M) 0.131ms
[653.337s][info][gc,cpu         ] GC(1608) User=0.00s Sys=0.00s Real=0.00s
[653.337s][info][gc,marking     ] GC(1608) Concurrent Clear Claimed Marks
[653.337s][info][gc,marking     ] GC(1608) Concurrent Clear Claimed Marks 0.048ms
[653.337s][info][gc,marking     ] GC(1608) Concurrent Cleanup for Next Mark
[653.340s][info][gc,marking     ] GC(1608) Concurrent Cleanup for Next Mark 3.011ms
[653.340s][info][gc             ] GC(1608) Concurrent Mark Cycle 2325.903ms
[653.606s][info][gc,start       ] GC(1612) Pause Young (Prepare Mixed) (G1 Evacuation Pause)
[653.606s][info][gc,task        ] GC(1612) Using 2 workers of 2 for evacuation
[653.720s][info][gc,phases      ] GC(1612)   Pre Evacuate Collection Set: 0.56ms
[653.720s][info][gc,phases      ] GC(1612)   Merge Heap Roots: 0.97ms
[653.720s][info][gc,phases      ] GC(1612)   Evacuate Collection Set: 110.69ms
[653.720s][info][gc,phases      ] GC(1612)   Post Evacuate Collection Set: 0.90ms
[653.720s][info][gc,phases      ] GC(1612)   Other: 0.10ms
[653.720s][info][gc,heap        ] GC(1612) Eden regions: 236->0(209)
[653.720s][info][gc,heap        ] GC(1612) Survivor regions: 4->30(30)
[653.720s][info][gc,heap        ] GC(1612) Old regions: 621->627
[653.720s][info][gc,heap        ] GC(1612) Humongous regions: 13->13
[653.720s][info][gc,metaspace   ] GC(1612) Metaspace: 19184K(19392K)->19184K(19392K) NonClass: 17355K(17536K)->17355K(17536K) Class: 1829K(1856K)->1829K(1856K)
[653.720s][info][gc             ] GC(1612) Pause Young (Prepare Mixed) (G1 Evacuation Pause) 873M->669M(978M) 113.503ms
[653.720s][info][gc,cpu         ] GC(1612) User=0.23s Sys=0.00s Real=0.12s
[654.118s][info][gc,start       ] GC(1613) Pause Young (Mixed) (G1 Evacuation Pause)
[654.118s][info][gc,task        ] GC(1613) Using 2 workers of 2 for evacuation
[654.193s][info][gc,phases      ] GC(1613)   Pre Evacuate Collection Set: 0.57ms
[654.193s][info][gc,phases      ] GC(1613)   Merge Heap Roots: 0.70ms
[654.193s][info][gc,phases      ] GC(1613)   Evacuate Collection Set: 72.82ms
[654.193s][info][gc,phases      ] GC(1613)   Post Evacuate Collection Set: 0.51ms
[654.193s][info][gc,phases      ] GC(1613)   Other: 0.09ms
[654.193s][info][gc,heap        ] GC(1613) Eden regions: 209->0(225)
[654.193s][info][gc,heap        ] GC(1613) Survivor regions: 30->1(30)
[654.193s][info][gc,heap        ] GC(1613) Old regions: 627->647
[654.193s][info][gc,heap        ] GC(1613) Humongous regions: 13->13
[654.193s][info][gc,metaspace   ] GC(1613) Metaspace: 19184K(19392K)->19184K(19392K) NonClass: 17355K(17536K)->17355K(17536K) Class: 1829K(1856K)->1829K(1856K)
[654.193s][info][gc             ] GC(1613) Pause Young (Mixed) (G1 Evacuation Pause) 878M->660M(978M) 75.008ms
[654.193s][info][gc,cpu         ] GC(1613) User=0.15s Sys=0.00s Real=0.08s
[654.583s][info][gc,start       ] GC(1614) Pause Young (Concurrent Start) (G1 Evacuation Pause)
[654.583s][info][gc,task        ] GC(1614) Using 2 workers of 2 for evacuation
[654.584s][info][gc,phases      ] GC(1614)   Pre Evacuate Collection Set: 0.34ms
[654.584s][info][gc,phases      ] GC(1614)   Merge Heap Roots: 0.10ms
[654.584s][info][gc,phases      ] GC(1614)   Evacuate Collection Set: 0.59ms
[654.584s][info][gc,phases      ] GC(1614)   Post Evacuate Collection Set: 0.48ms
[654.584s][info][gc,phases      ] GC(1614)   Other: 0.14ms
[654.584s][info][gc,heap        ] GC(1614) Eden regions: 225->0(238)
[654.584s][info][gc,heap        ] GC(1614) Survivor regions: 1->1(29)
[654.584s][info][gc,heap        ] GC(1614) Old regions: 647->647
[654.584s][info][gc,heap        ] GC(1614) Humongous regions: 13->13
[654.584s][info][gc,metaspace   ] GC(1614) Metaspace: 19184K(19392K)->19184K(19392K) NonClass: 17355K(17536K)->17355K(17536K) Class: 1829K(1856K)->1829K(1856K)
[654.584s][info][gc             ] GC(1614) Pause Young (Concurrent Start) (G1 Evacuation Pause) 885M->660M(978M) 1.887ms
[654.584s][info][gc             ] GC(1615) Concurrent Mark Cycle
[654.585s][info][gc,marking     ] GC(1615) Concurrent Scan Root Regions
[654.585s][info][gc,marking     ] GC(1615) Concurrent Scan Root Regions 0.260ms
[654.585s][info][gc,marking     ] GC(1615) Concurrent Mark
[654.585s][info][gc,marking     ] GC(1615) Concurrent Mark From Roots
[654.585s][info][gc,task        ] GC(1615) Using 1 workers of 1 for marking
[654.585s][info][gc,cpu         ] GC(1614) User=0.00s Sys=0.00s Real=0.00s
[655.631s][info][gc,start       ] GC(1616) Pause Young (Normal) (G1 Evacuation Pause)
[655.631s][info][gc,task        ] GC(1616) Using 2 workers of 2 for evacuation
[655.633s][info][gc,phases      ] GC(1616)   Pre Evacuate Collection Set: 0.30ms
[655.633s][info][gc,phases      ] GC(1616)   Merge Heap Roots: 0.09ms
[655.633s][info][gc,phases      ] GC(1616)   Evacuate Collection Set: 0.36ms
[655.633s][info][gc,phases      ] GC(1616)   Post Evacuate Collection Set: 0.41ms
[655.633s][info][gc,phases      ] GC(1616)   Other: 0.13ms
[655.633s][info][gc,heap        ] GC(1616) Eden regions: 238->0(250)
[655.633s][info][gc,heap        ] GC(1616) Survivor regions: 1->1(30)
[655.633s][info][gc,heap        ] GC(1616) Old regions: 647->647
[655.633s][info][gc,heap        ] GC(1616) Humongous regions: 13->13
[655.633s][info][gc,metaspace   ] GC(1616) Metaspace: 19184K(19392K)->19184K(19392K) NonClass: 17355K(17536K)->17355K(17536K) Class: 1829K(1856K)->1829K(1856K)
[655.633s][info][gc             ] GC(1616) Pause Young (Normal) (G1 Evacuation Pause) 898M->660M(978M) 1.538ms
[655.633s][info][gc,cpu         ] GC(1616) User=0.00s Sys=0.00s Real=0.00s
[656.043s][info][gc,marking     ] GC(1615) Concurrent Mark From Roots 1458.550ms
[656.043s][info][gc,marking     ] GC(1615) Concurrent Preclean
[656.043s][info][gc,marking     ] GC(1615) Concurrent Preclean 0.048ms
[656.044s][info][gc,start       ] GC(1615) Pause Remark
[656.055s][info][gc             ] GC(1615) Pause Remark 747M->671M(978M) 11.632ms
[656.055s][info][gc,cpu         ] GC(1615) User=0.02s Sys=0.00s Real=0.01s
[656.056s][info][gc,marking     ] GC(1615) Concurrent Mark 1470.881ms
[656.056s][info][gc,marking     ] GC(1615) Concurrent Rebuild Remembered Sets and Scrub Regions
[656.571s][info][gc,start       ] GC(1617) Pause Young (Normal) (G1 Evacuation Pause)
[656.572s][info][gc,task        ] GC(1617) Using 2 workers of 2 for evacuation
[656.573s][info][gc,phases      ] GC(1617)   Pre Evacuate Collection Set: 0.32ms
[656.573s][info][gc,phases      ] GC(1617)   Merge Heap Roots: 0.09ms
[656.573s][info][gc,phases      ] GC(1617)   Evacuate Collection Set: 0.22ms
[656.573s][info][gc,phases      ] GC(1617)   Post Evacuate Collection Set: 0.39ms
[656.573s][info][gc,phases      ] GC(1617)   Other: 0.12ms
[656.573s][info][gc,heap        ] GC(1617) Eden regions: 250->0(316)
[656.573s][info][gc,heap        ] GC(1617) Survivor regions: 1->1(32)
[656.573s][info][gc,heap        ] GC(1617) Old regions: 577->577
[656.573s][info][gc,heap        ] GC(1617) Humongous regions: 7->7
[656.573s][info][gc,metaspace   ] GC(1617) Metaspace: 19184K(19392K)->19184K(19392K) NonClass: 17355K(17536K)->17355K(17536K) Class: 1829K(1856K)->1829K(1856K)
[656.573s][info][gc             ] GC(1617) Pause Young (Normal) (G1 Evacuation Pause) 834M->584M(978M) 1.357ms
[656.573s][info][gc,cpu         ] GC(1617) User=0.01s Sys=0.00s Real=0.00s
[656.591s][info][gc,marking     ] GC(1615) Concurrent Rebuild Remembered Sets and Scrub Regions 535.538ms
[656.592s][info][gc,start       ] GC(1615) Pause Cleanup
[656.592s][info][gc             ] GC(1615) Pause Cleanup 593M->593M(978M) 0.181ms
[656.592s][info][gc,cpu         ] GC(1615) User=0.00s Sys=0.00s Real=0.00s
[656.593s][info][gc,marking     ] GC(1615) Concurrent Clear Claimed Marks
[656.593s][info][gc,marking     ] GC(1615) Concurrent Clear Claimed Marks 0.041ms
[656.593s][info][gc,marking     ] GC(1615) Concurrent Cleanup for Next Mark
[656.599s][info][gc,marking     ] GC(1615) Concurrent Cleanup for Next Mark 6.548ms
[656.599s][info][gc             ] GC(1615) Concurrent Mark Cycle 2014.715ms
[657.020s][info][gc,start       ] GC(1618) Pause Young (Prepare Mixed) (G1 Evacuation Pause)
[657.020s][info][gc,task        ] GC(1618) Using 2 workers of 2 for evacuation
[657.055s][info][gc,phases      ] GC(1618)   Pre Evacuate Collection Set: 0.33ms
[657.055s][info][gc,phases      ] GC(1618)   Merge Heap Roots: 0.20ms
[657.055s][info][gc,phases      ] GC(1618)   Evacuate Collection Set: 33.94ms
[657.055s][info][gc,phases      ] GC(1618)   Post Evacuate Collection Set: 0.58ms
[657.055s][info][gc,phases      ] GC(1618)   Other: 0.10ms
[657.055s][info][gc,heap        ] GC(1618) Eden regions: 316->0(291)
[657.055s][info][gc,heap        ] GC(1618) Survivor regions: 1->26(40)
[657.055s][info][gc,heap        ] GC(1618) Old regions: 577->577
[657.055s][info][gc,heap        ] GC(1618) Humongous regions: 7->7
[657.055s][info][gc,metaspace   ] GC(1618) Metaspace: 19184K(19392K)->19184K(19392K) NonClass: 17355K(17536K)->17355K(17536K) Class: 1829K(1856K)->1829K(1856K)
[657.055s][info][gc             ] GC(1618) Pause Young (Prepare Mixed) (G1 Evacuation Pause) 900M->609M(978M) 35.410ms
[657.055s][info][gc,cpu         ] GC(1618) User=0.07s Sys=0.00s Real=0.03s
[657.359s][info][gc,start       ] GC(1619) Pause Young (Mixed) (G1 Evacuation Pause)
[657.359s][info][gc,task        ] GC(1619) Using 2 workers of 2 for evacuation
[657.442s][info][gc,phases      ] GC(1619)   Pre Evacuate Collection Set: 0.61ms
[657.442s][info][gc,phases      ] GC(1619)   Merge Heap Roots: 1.03ms
[657.442s][info][gc,phases      ] GC(1619)   Evacuate Collection Set: 80.18ms
[657.442s][info][gc,phases      ] GC(1619)   Post Evacuate Collection Set: 1.10ms
[657.442s][info][gc,phases      ] GC(1619)   Other: 0.10ms
[657.442s][info][gc,heap        ] GC(1619) Eden regions: 291->0(350)
[657.442s][info][gc,heap        ] GC(1619) Survivor regions: 26->10(40)
[657.442s][info][gc,heap        ] GC(1619) Old regions: 577->526
[657.442s][info][gc,heap        ] GC(1619) Humongous regions: 7->7
[657.442s][info][gc,metaspace   ] GC(1619) Metaspace: 19184K(19392K)->19184K(19392K) NonClass: 17355K(17536K)->17355K(17536K) Class: 1829K(1856K)->1829K(1856K)
[657.442s][info][gc             ] GC(1619) Pause Young (Mixed) (G1 Evacuation Pause) 900M->542M(978M) 83.288ms
[657.442s][info][gc,cpu         ] GC(1619) User=0.17s Sys=0.00s Real=0.08s
[657.957s][info][gc,start       ] GC(1620) Pause Young (Mixed) (G1 Evacuation Pause)
[657.957s][info][gc,task        ] GC(1620) Using 2 workers of 2 for evacuation
[658.066s][info][gc,phases      ] GC(1620)   Pre Evacuate Collection Set: 0.55ms
[658.066s][info][gc,phases      ] GC(1620)   Merge Heap Roots: 1.43ms
[658.066s][info][gc,phases      ] GC(1620)   Evacuate Collection Set: 105.00ms
[658.067s][info][gc,phases      ] GC(1620)   Post Evacuate Collection Set: 1.84ms
[658.067s][info][gc,phases      ] GC(1620)   Other: 0.14ms
[658.067s][info][gc,heap        ] GC(1620) Eden regions: 338->0(358)
[658.067s][info][gc,heap        ] GC(1620) Survivor regions: 10->19(44)
[658.067s][info][gc,heap        ] GC(1620) Old regions: 526->519
[658.067s][info][gc,heap        ] GC(1620) Humongous regions: 7->7
[658.067s][info][gc,metaspace   ] GC(1620) Metaspace: 19184K(19392K)->19184K(19392K) NonClass: 17355K(17536K)->17355K(17536K) Class: 1829K(1856K)->1829K(1856K)
[658.067s][info][gc             ] GC(1620) Pause Young (Mixed) (G1 Evacuation Pause) 880M->544M(978M) 109.272ms
[658.067s][info][gc,cpu         ] GC(1620) User=0.22s Sys=0.00s Real=0.11s
[658.883s][info][gc,start       ] GC(1621) Pause Young (Concurrent Start) (G1 Evacuation Pause)
[658.883s][info][gc,task        ] GC(1621) Using 2 workers of 2 for evacuation
[658.911s][info][gc,phases      ] GC(1621)   Pre Evacuate Collection Set: 0.33ms
[658.911s][info][gc,phases      ] GC(1621)   Merge Heap Roots: 0.23ms
[658.911s][info][gc,phases      ] GC(1621)   Evacuate Collection Set: 25.65ms
[658.911s][info][gc,phases      ] GC(1621)   Post Evacuate Collection Set: 0.75ms
[658.911s][info][gc,phases      ] GC(1621)   Other: 0.33ms
[658.911s][info][gc,heap        ] GC(1621) Eden regions: 358->0(364)
[658.911s][info][gc,heap        ] GC(1621) Survivor regions: 19->19(48)
[658.911s][info][gc,heap        ] GC(1621) Old regions: 519->519
[658.911s][info][gc,heap        ] GC(1621) Humongous regions: 7->7
[658.911s][info][gc,metaspace   ] GC(1621) Metaspace: 19184K(19392K)->19184K(19392K) NonClass: 17355K(17536K)->17355K(17536K) Class: 1829K(1856K)->1829K(1856K)
[658.911s][info][gc             ] GC(1621) Pause Young (Concurrent Start) (G1 Evacuation Pause) 902M->544M(978M) 27.620ms
[658.911s][info][gc             ] GC(1622) Concurrent Mark Cycle
[658.911s][info][gc,marking     ] GC(1622) Concurrent Scan Root Regions
[658.913s][info][gc,cpu         ] GC(1621) User=0.06s Sys=0.00s Real=0.03s
[658.950s][info][gc,marking     ] GC(1622) Concurrent Scan Root Regions 39.260ms
[658.950s][info][gc,marking     ] GC(1622) Concurrent Mark
[658.950s][info][gc,marking     ] GC(1622) Concurrent Mark From Roots
[658.950s][info][gc,task        ] GC(1622) Using 1 workers of 1 for marking
[660.210s][info][gc,start       ] GC(1623) Pause Young (Normal) (G1 Evacuation Pause)
[660.210s][info][gc,task        ] GC(1623) Using 2 workers of 2 for evacuation
[660.277s][info][gc,phases      ] GC(1623)   Pre Evacuate Collection Set: 0.52ms
[660.277s][info][gc,phases      ] GC(1623)   Merge Heap Roots: 0.23ms
[660.277s][info][gc,phases      ] GC(1623)   Evacuate Collection Set: 64.49ms
[660.277s][info][gc,phases      ] GC(1623)   Post Evacuate Collection Set: 0.80ms
[660.277s][info][gc,phases      ] GC(1623)   Other: 0.09ms
[660.277s][info][gc,heap        ] GC(1623) Eden regions: 364->0(295)
[660.277s][info][gc,heap        ] GC(1623) Survivor regions: 19->48(48)
[660.277s][info][gc,heap        ] GC(1623) Old regions: 519->530
[660.277s][info][gc,heap        ] GC(1623) Humongous regions: 7->7
[660.277s][info][gc,metaspace   ] GC(1623) Metaspace: 19184K(19392K)->19184K(19392K) NonClass: 17355K(17536K)->17355K(17536K) Class: 1829K(1856K)->1829K(1856K)
[660.277s][info][gc             ] GC(1623) Pause Young (Normal) (G1 Evacuation Pause) 908M->584M(978M) 66.362ms
[660.277s][info][gc,cpu         ] GC(1623) User=0.13s Sys=0.00s Real=0.06s
[660.749s][info][gc,marking     ] GC(1622) Concurrent Mark From Roots 1799.106ms
[660.749s][info][gc,marking     ] GC(1622) Concurrent Preclean
[660.750s][info][gc,marking     ] GC(1622) Concurrent Preclean 0.045ms
[660.750s][info][gc,start       ] GC(1622) Pause Remark
[660.759s][info][gc             ] GC(1622) Pause Remark 741M->741M(978M) 9.253ms
[660.759s][info][gc,cpu         ] GC(1622) User=0.02s Sys=0.00s Real=0.01s
[660.761s][info][gc,marking     ] GC(1622) Concurrent Mark 1810.959ms
[660.761s][info][gc,marking     ] GC(1622) Concurrent Rebuild Remembered Sets and Scrub Regions
[661.187s][info][gc,start       ] GC(1624) Pause Young (Normal) (G1 Evacuation Pause)
[661.187s][info][gc,task        ] GC(1624) Using 2 workers of 2 for evacuation
[661.298s][info][gc,phases      ] GC(1624)   Pre Evacuate Collection Set: 0.32ms
[661.298s][info][gc,phases      ] GC(1624)   Merge Heap Roots: 0.37ms
[661.298s][info][gc,phases      ] GC(1624)   Evacuate Collection Set: 109.38ms
[661.298s][info][gc,phases      ] GC(1624)   Post Evacuate Collection Set: 0.61ms
[661.298s][info][gc,phases      ] GC(1624)   Other: 0.12ms
[661.298s][info][gc,heap        ] GC(1624) Eden regions: 295->0(254)
[661.298s][info][gc,heap        ] GC(1624) Survivor regions: 48->43(43)
[661.298s][info][gc,heap        ] GC(1624) Old regions: 530->578
[661.298s][info][gc,heap        ] GC(1624) Humongous regions: 10->10
[661.298s][info][gc,metaspace   ] GC(1624) Metaspace: 19184K(19392K)->19184K(19392K) NonClass: 17355K(17536K)->17355K(17536K) Class: 1829K(1856K)->1829K(1856K)
[661.298s][info][gc             ] GC(1624) Pause Young (Normal) (G1 Evacuation Pause) 882M->630M(978M) 111.063ms
[661.298s][info][gc,cpu         ] GC(1624) User=0.22s Sys=0.00s Real=0.11s
[661.565s][info][gc,marking     ] GC(1622) Concurrent Rebuild Remembered Sets and Scrub Regions 804.091ms
[661.566s][info][gc,start       ] GC(1622) Pause Cleanup
[661.566s][info][gc             ] GC(1622) Pause Cleanup 739M->739M(978M) 0.121ms
[661.566s][info][gc,cpu         ] GC(1622) User=0.00s Sys=0.00s Real=0.00s
[661.566s][info][gc,marking     ] GC(1622) Concurrent Clear Claimed Marks
[661.566s][info][gc,marking     ] GC(1622) Concurrent Clear Claimed Marks 0.034ms
[661.566s][info][gc,marking     ] GC(1622) Concurrent Cleanup for Next Mark
[661.569s][info][gc,marking     ] GC(1622) Concurrent Cleanup for Next Mark 2.984ms
[661.569s][info][gc             ] GC(1622) Concurrent Mark Cycle 2657.933ms
[661.826s][info][gc,start       ] GC(1625) Pause Young (Prepare Mixed) (G1 Evacuation Pause)
[661.826s][info][gc,task        ] GC(1625) Using 2 workers of 2 for evacuation
[661.880s][info][gc,phases      ] GC(1625)   Pre Evacuate Collection Set: 0.33ms
[661.880s][info][gc,phases      ] GC(1625)   Merge Heap Roots: 0.25ms
[661.880s][info][gc,phases      ] GC(1625)   Evacuate Collection Set: 52.62ms
[661.880s][info][gc,phases      ] GC(1625)   Post Evacuate Collection Set: 0.54ms
[661.880s][info][gc,phases      ] GC(1625)   Other: 0.12ms
[661.880s][info][gc,heap        ] GC(1625) Eden regions: 254->0(278)
[661.880s][info][gc,heap        ] GC(1625) Survivor regions: 43->1(38)
[661.880s][info][gc,heap        ] GC(1625) Old regions: 578->621
[661.880s][info][gc,heap        ] GC(1625) Humongous regions: 10->10
[661.880s][info][gc,metaspace   ] GC(1625) Metaspace: 19184K(19392K)->19184K(19392K) NonClass: 17355K(17536K)->17355K(17536K) Class: 1829K(1856K)->1829K(1856K)
[661.880s][info][gc             ] GC(1625) Pause Young (Prepare Mixed) (G1 Evacuation Pause) 884M->631M(978M) 54.133ms
[661.880s][info][gc,cpu         ] GC(1625) User=0.10s Sys=0.00s Real=0.06s
[662.350s][info][gc,start       ] GC(1626) Pause Young (Mixed) (G1 Evacuation Pause)
[662.350s][info][gc,task        ] GC(1626) Using 2 workers of 2 for evacuation
[662.370s][info][gc,phases      ] GC(1626)   Pre Evacuate Collection Set: 0.57ms
[662.370s][info][gc,phases      ] GC(1626)   Merge Heap Roots: 0.47ms
[662.370s][info][gc,phases      ] GC(1626)   Evacuate Collection Set: 18.66ms
[662.370s][info][gc,phases      ] GC(1626)   Post Evacuate Collection Set: 0.55ms
[662.370s][info][gc,phases      ] GC(1626)   Other: 0.13ms
[662.370s][info][gc,heap        ] GC(1626) Eden regions: 278->0(292)
[662.370s][info][gc,heap        ] GC(1626) Survivor regions: 1->1(35)
[662.370s][info][gc,heap        ] GC(1626) Old regions: 621->614
[662.370s][info][gc,heap        ] GC(1626) Humongous regions: 10->10
[662.370s][info][gc,metaspace   ] GC(1626) Metaspace: 19184K(19392K)->19184K(19392K) NonClass: 17355K(17536K)->17355K(17536K) Class: 1829K(1856K)->1829K(1856K)
[662.370s][info][gc             ] GC(1626) Pause Young (Mixed) (G1 Evacuation Pause) 909M->624M(978M) 20.670ms
[662.370s][info][gc,cpu         ] GC(1626) User=0.04s Sys=0.01s Real=0.02s
[662.864s][info][gc,start       ] GC(1627) Pause Young (Concurrent Start) (G1 Evacuation Pause)
[662.864s][info][gc,task        ] GC(1627) Using 2 workers of 2 for evacuation
[662.865s][info][gc,phases      ] GC(1627)   Pre Evacuate Collection Set: 0.39ms
[662.865s][info][gc,phases      ] GC(1627)   Merge Heap Roots: 0.09ms
[662.865s][info][gc,phases      ] GC(1627)   Evacuate Collection Set: 0.54ms
[662.865s][info][gc,phases      ] GC(1627)   Post Evacuate Collection Set: 0.47ms
[662.866s][info][gc,phases      ] GC(1627)   Other: 0.11ms
[662.866s][info][gc,heap        ] GC(1627) Eden regions: 292->0(302)
[662.866s][info][gc,heap        ] GC(1627) Survivor regions: 1->1(37)
[662.866s][info][gc,heap        ] GC(1627) Old regions: 614->614
[662.866s][info][gc,heap        ] GC(1627) Humongous regions: 10->10
[662.866s][info][gc,metaspace   ] GC(1627) Metaspace: 19184K(19392K)->19184K(19392K) NonClass: 17355K(17536K)->17355K(17536K) Class: 1829K(1856K)->1829K(1856K)
[662.866s][info][gc             ] GC(1627) Pause Young (Concurrent Start) (G1 Evacuation Pause) 916M->624M(978M) 1.803ms
[662.866s][info][gc,cpu         ] GC(1627) User=0.00s Sys=0.00s Real=0.00s
[662.866s][info][gc             ] GC(1628) Concurrent Mark Cycle
[662.866s][info][gc,marking     ] GC(1628) Concurrent Scan Root Regions
[662.868s][info][gc,marking     ] GC(1628) Concurrent Scan Root Regions 2.789ms
[662.869s][info][gc,marking     ] GC(1628) Concurrent Mark
[662.869s][info][gc,marking     ] GC(1628) Concurrent Mark From Roots
[662.869s][info][gc,task        ] GC(1628) Using 1 workers of 1 for marking
[663.845s][info][gc,start       ] GC(1629) Pause Young (Normal) (G1 Evacuation Pause)
[663.845s][info][gc,task        ] GC(1629) Using 2 workers of 2 for evacuation
[663.878s][info][gc,phases      ] GC(1629)   Pre Evacuate Collection Set: 0.37ms
[663.878s][info][gc,phases      ] GC(1629)   Merge Heap Roots: 0.25ms
[663.878s][info][gc,phases      ] GC(1629)   Evacuate Collection Set: 31.98ms
[663.878s][info][gc,phases      ] GC(1629)   Post Evacuate Collection Set: 0.54ms
[663.878s][info][gc,phases      ] GC(1629)   Other: 0.09ms
[663.878s][info][gc,heap        ] GC(1629) Eden regions: 302->0(258)
[663.878s][info][gc,heap        ] GC(1629) Survivor regions: 1->23(38)
[663.878s][info][gc,heap        ] GC(1629) Old regions: 614->614
[663.878s][info][gc,heap        ] GC(1629) Humongous regions: 10->10
[663.878s][info][gc,metaspace   ] GC(1629) Metaspace: 19184K(19392K)->19184K(19392K) NonClass: 17355K(17536K)->17355K(17536K) Class: 1829K(1856K)->1829K(1856K)
[663.878s][info][gc             ] GC(1629) Pause Young (Normal) (G1 Evacuation Pause) 926M->646M(978M) 33.498ms
[663.878s][info][gc,cpu         ] GC(1629) User=0.07s Sys=0.00s Real=0.03s
[664.257s][info][gc,start       ] GC(1630) Pause Young (Normal) (G1 Evacuation Pause)
[664.257s][info][gc,task        ] GC(1630) Using 2 workers of 2 for evacuation
[664.333s][info][gc,phases      ] GC(1630)   Pre Evacuate Collection Set: 0.31ms
[664.333s][info][gc,phases      ] GC(1630)   Merge Heap Roots: 0.35ms
[664.333s][info][gc,phases      ] GC(1630)   Evacuate Collection Set: 74.32ms
[664.333s][info][gc,phases      ] GC(1630)   Post Evacuate Collection Set: 0.60ms
[664.333s][info][gc,phases      ] GC(1630)   Other: 0.10ms
[664.333s][info][gc,heap        ] GC(1630) Eden regions: 258->0(209)
[664.333s][info][gc,heap        ] GC(1630) Survivor regions: 23->36(36)
[664.333s][info][gc,heap        ] GC(1630) Old regions: 614->637
[664.333s][info][gc,heap        ] GC(1630) Humongous regions: 10->10
[664.333s][info][gc,metaspace   ] GC(1630) Metaspace: 19184K(19392K)->19184K(19392K) NonClass: 17355K(17536K)->17355K(17536K) Class: 1829K(1856K)->1829K(1856K)
[664.333s][info][gc             ] GC(1630) Pause Young (Normal) (G1 Evacuation Pause) 904M->681M(978M) 75.944ms
[664.333s][info][gc,cpu         ] GC(1630) User=0.15s Sys=0.00s Real=0.08s
[664.411s][info][gc,marking     ] GC(1628) Concurrent Mark From Roots 1542.964ms
[664.412s][info][gc,marking     ] GC(1628) Concurrent Preclean
[664.412s][info][gc,marking     ] GC(1628) Concurrent Preclean 0.044ms
[664.412s][info][gc,start       ] GC(1628) Pause Remark
[664.421s][info][gc             ] GC(1628) Pause Remark 755M->694M(978M) 9.252ms
[664.421s][info][gc,cpu         ] GC(1628) User=0.02s Sys=0.00s Real=0.01s
[664.421s][info][gc,marking     ] GC(1628) Concurrent Mark 1552.817ms
[664.421s][info][gc,marking     ] GC(1628) Concurrent Rebuild Remembered Sets and Scrub Regions
[664.586s][info][gc,start       ] GC(1631) Pause Young (Normal) (G1 Evacuation Pause)
[664.586s][info][gc,task        ] GC(1631) Using 2 workers of 2 for evacuation
[664.681s][info][gc,phases      ] GC(1631)   Pre Evacuate Collection Set: 0.31ms
[664.682s][info][gc,phases      ] GC(1631)   Merge Heap Roots: 0.34ms
[664.682s][info][gc,phases      ] GC(1631)   Evacuate Collection Set: 93.90ms
[664.682s][info][gc,phases      ] GC(1631)   Post Evacuate Collection Set: 0.72ms
[664.682s][info][gc,phases      ] GC(1631)   Other: 0.11ms
[664.682s][info][gc,heap        ] GC(1631) Eden regions: 209->0(234)
[664.682s][info][gc,heap        ] GC(1631) Survivor regions: 36->31(31)
[664.682s][info][gc,heap        ] GC(1631) Old regions: 579->620
[664.682s][info][gc,heap        ] GC(1631) Humongous regions: 7->7
[664.682s][info][gc,metaspace   ] GC(1631) Metaspace: 19184K(19392K)->19184K(19392K) NonClass: 17355K(17536K)->17355K(17536K) Class: 1829K(1856K)->1829K(1856K)
[664.682s][info][gc             ] GC(1631) Pause Young (Normal) (G1 Evacuation Pause) 829M->657M(978M) 95.654ms
[664.682s][info][gc,cpu         ] GC(1631) User=0.19s Sys=0.00s Real=0.10s
[664.961s][info][gc,start       ] GC(1632) Pause Young (Normal) (G1 Evacuation Pause)
[664.961s][info][gc,task        ] GC(1632) Using 2 workers of 2 for evacuation
[665.026s][info][gc,phases      ] GC(1632)   Pre Evacuate Collection Set: 0.31ms
[665.026s][info][gc,phases      ] GC(1632)   Merge Heap Roots: 0.47ms
[665.026s][info][gc,phases      ] GC(1632)   Evacuate Collection Set: 64.16ms
[665.026s][info][gc,phases      ] GC(1632)   Post Evacuate Collection Set: 0.66ms
[665.026s][info][gc,phases      ] GC(1632)   Other: 0.09ms
[665.026s][info][gc,heap        ] GC(1632) Eden regions: 234->0(223)
[665.026s][info][gc,heap        ] GC(1632) Survivor regions: 31->18(34)
[665.027s][info][gc,heap        ] GC(1632) Old regions: 620->652
[665.027s][info][gc,heap        ] GC(1632) Humongous regions: 7->7
[665.027s][info][gc,metaspace   ] GC(1632) Metaspace: 19184K(19392K)->19184K(19392K) NonClass: 17355K(17536K)->17355K(17536K) Class: 1829K(1856K)->1829K(1856K)
[665.027s][info][gc             ] GC(1632) Pause Young (Normal) (G1 Evacuation Pause) 891M->676M(978M) 65.935ms
[665.027s][info][gc,cpu         ] GC(1632) User=0.13s Sys=0.00s Real=0.06s
[665.161s][info][gc,marking     ] GC(1628) Concurrent Rebuild Remembered Sets and Scrub Regions 739.788ms
[665.161s][info][gc,start       ] GC(1628) Pause Cleanup
[665.162s][info][gc             ] GC(1628) Pause Cleanup 847M->847M(978M) 0.164ms
[665.162s][info][gc,cpu         ] GC(1628) User=0.00s Sys=0.00s Real=0.00s
[665.162s][info][gc,marking     ] GC(1628) Concurrent Clear Claimed Marks
[665.162s][info][gc,marking     ] GC(1628) Concurrent Clear Claimed Marks 0.031ms
[665.162s][info][gc,marking     ] GC(1628) Concurrent Cleanup for Next Mark
[665.168s][info][gc,marking     ] GC(1628) Concurrent Cleanup for Next Mark 5.957ms
[665.168s][info][gc             ] GC(1628) Concurrent Mark Cycle 2302.017ms
[665.225s][info][gc,start       ] GC(1633) Pause Young (Prepare Mixed) (G1 Evacuation Pause)
[665.225s][info][gc,task        ] GC(1633) Using 2 workers of 2 for evacuation
[665.272s][info][gc,phases      ] GC(1633)   Pre Evacuate Collection Set: 0.49ms
[665.273s][info][gc,phases      ] GC(1633)   Merge Heap Roots: 0.52ms
[665.273s][info][gc,phases      ] GC(1633)   Evacuate Collection Set: 45.38ms
[665.273s][info][gc,phases      ] GC(1633)   Post Evacuate Collection Set: 0.68ms
[665.273s][info][gc,phases      ] GC(1633)   Other: 0.09ms
[665.273s][info][gc,heap        ] GC(1633) Eden regions: 223->0(222)
[665.273s][info][gc,heap        ] GC(1633) Survivor regions: 18->11(31)
[665.273s][info][gc,heap        ] GC(1633) Old regions: 652->670
[665.273s][info][gc,heap        ] GC(1633) Humongous regions: 7->7
[665.273s][info][gc,metaspace   ] GC(1633) Metaspace: 19184K(19392K)->19184K(19392K) NonClass: 17355K(17536K)->17355K(17536K) Class: 1829K(1856K)->1829K(1856K)
[665.273s][info][gc             ] GC(1633) Pause Young (Prepare Mixed) (G1 Evacuation Pause) 899M->686M(978M) 47.410ms
[665.273s][info][gc,cpu         ] GC(1633) User=0.09s Sys=0.00s Real=0.05s
[665.552s][info][gc,start       ] GC(1634) Pause Young (Mixed) (G1 Evacuation Pause)
[665.552s][info][gc,task        ] GC(1634) Using 2 workers of 2 for evacuation
[665.653s][info][gc,phases      ] GC(1634)   Pre Evacuate Collection Set: 0.58ms
[665.653s][info][gc,phases      ] GC(1634)   Merge Heap Roots: 1.84ms
[665.653s][info][gc,phases      ] GC(1634)   Evacuate Collection Set: 82.47ms
[665.653s][info][gc,phases      ] GC(1634)   Merge Optional Heap Roots: 0.45ms
[665.653s][info][gc,phases      ] GC(1634)   Evacuate Optional Collection Set: 14.40ms
[665.653s][info][gc,phases      ] GC(1634)   Post Evacuate Collection Set: 0.96ms
[665.653s][info][gc,phases      ] GC(1634)   Other: 0.11ms
[665.653s][info][gc,heap        ] GC(1634) Eden regions: 222->0(286)
[665.653s][info][gc,heap        ] GC(1634) Survivor regions: 11->12(30)
[665.653s][info][gc,heap        ] GC(1634) Old regions: 670->607
[665.653s][info][gc,heap        ] GC(1634) Humongous regions: 7->7
[665.653s][info][gc,metaspace   ] GC(1634) Metaspace: 19184K(19392K)->19184K(19392K) NonClass: 17355K(17536K)->17355K(17536K) Class: 1829K(1856K)->1829K(1856K)
[665.653s][info][gc             ] GC(1634) Pause Young (Mixed) (G1 Evacuation Pause) 908M->625M(978M) 101.121ms
[665.653s][info][gc,cpu         ] GC(1634) User=0.20s Sys=0.00s Real=0.10s
[665.988s][info][gc,start       ] GC(1635) Pause Young (Mixed) (G1 Evacuation Pause)
[665.988s][info][gc,task        ] GC(1635) Using 2 workers of 2 for evacuation
[666.056s][info][gc,phases      ] GC(1635)   Pre Evacuate Collection Set: 0.33ms
[666.056s][info][gc,phases      ] GC(1635)   Merge Heap Roots: 1.11ms
[666.056s][info][gc,phases      ] GC(1635)   Evacuate Collection Set: 65.72ms
[666.056s][info][gc,phases      ] GC(1635)   Post Evacuate Collection Set: 0.60ms
[666.056s][info][gc,phases      ] GC(1635)   Other: 0.09ms
[666.056s][info][gc,heap        ] GC(1635) Eden regions: 286->0(286)
[666.056s][info][gc,heap        ] GC(1635) Survivor regions: 12->16(38)
[666.056s][info][gc,heap        ] GC(1635) Old regions: 607->603
[666.056s][info][gc,heap        ] GC(1635) Humongous regions: 7->7
[666.056s][info][gc,metaspace   ] GC(1635) Metaspace: 19184K(19392K)->19184K(19392K) NonClass: 17355K(17536K)->17355K(17536K) Class: 1829K(1856K)->1829K(1856K)
[666.056s][info][gc             ] GC(1635) Pause Young (Mixed) (G1 Evacuation Pause) 911M->624M(978M) 68.139ms
[666.056s][info][gc,cpu         ] GC(1635) User=0.14s Sys=0.00s Real=0.06s
[666.705s][info][gc,start       ] GC(1636) Pause Young (Concurrent Start) (G1 Evacuation Pause)
[666.705s][info][gc,task        ] GC(1636) Using 2 workers of 2 for evacuation
[666.774s][info][gc,phases      ] GC(1636)   Pre Evacuate Collection Set: 0.43ms
[666.774s][info][gc,phases      ] GC(1636)   Merge Heap Roots: 0.37ms
[666.774s][info][gc,phases      ] GC(1636)   Evacuate Collection Set: 67.36ms
[666.774s][info][gc,phases      ] GC(1636)   Post Evacuate Collection Set: 0.70ms
[666.774s][info][gc,phases      ] GC(1636)   Other: 0.18ms
[666.774s][info][gc,heap        ] GC(1636) Eden regions: 286->0(226)
[666.774s][info][gc,heap        ] GC(1636) Survivor regions: 16->38(38)
[666.774s][info][gc,heap        ] GC(1636) Old regions: 603->619
[666.774s][info][gc,heap        ] GC(1636) Humongous regions: 7->7
[666.774s][info][gc,metaspace   ] GC(1636) Metaspace: 19184K(19392K)->19184K(19392K) NonClass: 17355K(17536K)->17355K(17536K) Class: 1829K(1856K)->1829K(1856K)
[666.774s][info][gc             ] GC(1636) Pause Young (Concurrent Start) (G1 Evacuation Pause) 910M->663M(978M) 69.329ms
[666.774s][info][gc,cpu         ] GC(1636) User=0.14s Sys=0.00s Real=0.07s
[666.774s][info][gc             ] GC(1637) Concurrent Mark Cycle
[666.776s][info][gc,marking     ] GC(1637) Concurrent Scan Root Regions
[666.876s][info][gc,marking     ] GC(1637) Concurrent Scan Root Regions 100.673ms
[666.876s][info][gc,marking     ] GC(1637) Concurrent Mark
[666.876s][info][gc,marking     ] GC(1637) Concurrent Mark From Roots
[666.876s][info][gc,task        ] GC(1637) Using 1 workers of 1 for marking
[667.129s][info][gc,start       ] GC(1638) Pause Young (Normal) (G1 Evacuation Pause)
[667.129s][info][gc,task        ] GC(1638) Using 2 workers of 2 for evacuation
[667.237s][info][gc,phases      ] GC(1638)   Pre Evacuate Collection Set: 0.34ms
[667.237s][info][gc,phases      ] GC(1638)   Merge Heap Roots: 0.37ms
[667.237s][info][gc,phases      ] GC(1638)   Evacuate Collection Set: 104.46ms
[667.237s][info][gc,phases      ] GC(1638)   Post Evacuate Collection Set: 3.19ms
[667.237s][info][gc,phases      ] GC(1638)   Other: 0.10ms
[667.237s][info][gc,heap        ] GC(1638) Eden regions: 226->0(109)
[667.237s][info][gc,heap        ] GC(1638) Survivor regions: 38->33(33)
[667.237s][info][gc,heap        ] GC(1638) Old regions: 619->746
[667.237s][info][gc,heap        ] GC(1638) Humongous regions: 7->7
[667.237s][info][gc,metaspace   ] GC(1638) Metaspace: 19185K(19392K)->19185K(19392K) NonClass: 17355K(17536K)->17355K(17536K) Class: 1829K(1856K)->1829K(1856K)
[667.237s][info][gc             ] GC(1638) Pause Young (Normal) (G1 Evacuation Pause) (Evacuation Failure: Allocation) 889M->785M(978M) 108.707ms
[667.238s][info][gc,cpu         ] GC(1638) User=0.22s Sys=0.00s Real=0.10s
[667.605s][info][gc,start       ] GC(1639) Pause Young (Normal) (G1 Evacuation Pause)
[667.605s][info][gc,task        ] GC(1639) Using 2 workers of 2 for evacuation
[667.661s][info][gc,phases      ] GC(1639)   Pre Evacuate Collection Set: 0.35ms
[667.661s][info][gc,phases      ] GC(1639)   Merge Heap Roots: 0.35ms
[667.661s][info][gc,phases      ] GC(1639)   Evacuate Collection Set: 54.44ms
[667.661s][info][gc,phases      ] GC(1639)   Post Evacuate Collection Set: 0.51ms
[667.661s][info][gc,phases      ] GC(1639)   Other: 0.11ms
[667.661s][info][gc,heap        ] GC(1639) Eden regions: 109->0(175)
[667.661s][info][gc,heap        ] GC(1639) Survivor regions: 33->13(18)
[667.661s][info][gc,heap        ] GC(1639) Old regions: 746->713
[667.661s][info][gc,heap        ] GC(1639) Humongous regions: 7->7
[667.661s][info][gc,metaspace   ] GC(1639) Metaspace: 19185K(19392K)->19185K(19392K) NonClass: 17355K(17536K)->17355K(17536K) Class: 1829K(1856K)->1829K(1856K)
[667.661s][info][gc             ] GC(1639) Pause Young (Normal) (G1 Evacuation Pause) 894M->732M(978M) 56.026ms
[667.661s][info][gc,cpu         ] GC(1639) User=0.11s Sys=0.01s Real=0.06s
[668.158s][info][gc,start       ] GC(1640) Pause Young (Normal) (G1 Evacuation Pause)
[668.158s][info][gc,task        ] GC(1640) Using 2 workers of 2 for evacuation
[668.174s][info][gc,phases      ] GC(1640)   Pre Evacuate Collection Set: 0.30ms
[668.174s][info][gc,phases      ] GC(1640)   Merge Heap Roots: 0.19ms
[668.174s][info][gc,phases      ] GC(1640)   Evacuate Collection Set: 14.50ms
[668.174s][info][gc,phases      ] GC(1640)   Post Evacuate Collection Set: 0.45ms
[668.174s][info][gc,phases      ] GC(1640)   Other: 0.09ms
[668.174s][info][gc,heap        ] GC(1640) Eden regions: 175->0(182)
[668.174s][info][gc,heap        ] GC(1640) Survivor regions: 13->13(24)
[668.174s][info][gc,heap        ] GC(1640) Old regions: 713->713
[668.174s][info][gc,heap        ] GC(1640) Humongous regions: 7->7
[668.174s][info][gc,metaspace   ] GC(1640) Metaspace: 19185K(19392K)->19185K(19392K) NonClass: 17355K(17536K)->17355K(17536K) Class: 1829K(1856K)->1829K(1856K)
[668.174s][info][gc             ] GC(1640) Pause Young (Normal) (G1 Evacuation Pause) 907M->732M(978M) 15.817ms
[668.174s][info][gc,cpu         ] GC(1640) User=0.03s Sys=0.00s Real=0.01s
[668.572s][info][gc,start       ] GC(1641) Pause Young (Normal) (G1 Evacuation Pause)
[668.572s][info][gc,task        ] GC(1641) Using 2 workers of 2 for evacuation
[668.592s][info][gc,phases      ] GC(1641)   Pre Evacuate Collection Set: 0.52ms
[668.592s][info][gc,phases      ] GC(1641)   Merge Heap Roots: 0.26ms
[668.592s][info][gc,phases      ] GC(1641)   Evacuate Collection Set: 18.47ms
[668.592s][info][gc,phases      ] GC(1641)   Post Evacuate Collection Set: 0.51ms
[668.592s][info][gc,phases      ] GC(1641)   Other: 0.14ms
[668.592s][info][gc,heap        ] GC(1641) Eden regions: 182->0(182)
[668.592s][info][gc,heap        ] GC(1641) Survivor regions: 13->13(25)
[668.592s][info][gc,heap        ] GC(1641) Old regions: 713->713
[668.592s][info][gc,heap        ] GC(1641) Humongous regions: 7->7
[668.592s][info][gc,metaspace   ] GC(1641) Metaspace: 19185K(19392K)->19185K(19392K) NonClass: 17355K(17536K)->17355K(17536K) Class: 1829K(1856K)->1829K(1856K)
[668.592s][info][gc             ] GC(1641) Pause Young (Normal) (G1 Evacuation Pause) 914M->732M(978M) 20.153ms
[668.592s][info][gc,cpu         ] GC(1641) User=0.03s Sys=0.00s Real=0.02s
[668.984s][info][gc,start       ] GC(1642) Pause Young (Normal) (G1 Evacuation Pause)
[668.984s][info][gc,task        ] GC(1642) Using 2 workers of 2 for evacuation
[669.006s][info][gc,phases      ] GC(1642)   Pre Evacuate Collection Set: 0.54ms
[669.006s][info][gc,phases      ] GC(1642)   Merge Heap Roots: 0.25ms
[669.006s][info][gc,phases      ] GC(1642)   Evacuate Collection Set: 20.36ms
[669.006s][info][gc,phases      ] GC(1642)   Post Evacuate Collection Set: 0.50ms
[669.006s][info][gc,phases      ] GC(1642)   Other: 0.12ms
[669.006s][info][gc,heap        ] GC(1642) Eden regions: 182->0(189)
[669.006s][info][gc,heap        ] GC(1642) Survivor regions: 13->3(25)
[669.006s][info][gc,heap        ] GC(1642) Old regions: 713->726
[669.006s][info][gc,heap        ] GC(1642) Humongous regions: 7->7
[669.006s][info][gc,metaspace   ] GC(1642) Metaspace: 19185K(19392K)->19185K(19392K) NonClass: 17355K(17536K)->17355K(17536K) Class: 1829K(1856K)->1829K(1856K)
[669.006s][info][gc             ] GC(1642) Pause Young (Normal) (G1 Evacuation Pause) 914M->735M(978M) 22.016ms
[669.006s][info][gc,cpu         ] GC(1642) User=0.04s Sys=0.00s Real=0.02s
[669.019s][info][gc,marking     ] GC(1637) Concurrent Mark From Roots 2142.377ms
[669.019s][info][gc,marking     ] GC(1637) Concurrent Preclean
[669.019s][info][gc,marking     ] GC(1637) Concurrent Preclean 0.044ms
[669.019s][info][gc,start       ] GC(1637) Pause Remark
[669.028s][info][gc             ] GC(1637) Pause Remark 742M->742M(978M) 8.863ms
[669.028s][info][gc,cpu         ] GC(1637) User=0.02s Sys=0.00s Real=0.00s
[669.028s][info][gc,marking     ] GC(1637) Concurrent Mark 2151.584ms
[669.028s][info][gc,marking     ] GC(1637) Concurrent Rebuild Remembered Sets and Scrub Regions
[669.489s][info][gc,start       ] GC(1643) Pause Young (Normal) (G1 Evacuation Pause)
[669.489s][info][gc,task        ] GC(1643) Using 2 workers of 2 for evacuation
[669.530s][info][gc,phases      ] GC(1643)   Pre Evacuate Collection Set: 0.50ms
[669.530s][info][gc,phases      ] GC(1643)   Merge Heap Roots: 0.42ms
[669.530s][info][gc,phases      ] GC(1643)   Evacuate Collection Set: 39.16ms
[669.530s][info][gc,phases      ] GC(1643)   Post Evacuate Collection Set: 0.57ms
[669.530s][info][gc,phases      ] GC(1643)   Other: 0.11ms
[669.530s][info][gc,heap        ] GC(1643) Eden regions: 189->0(156)
[669.530s][info][gc,heap        ] GC(1643) Survivor regions: 3->18(24)
[669.530s][info][gc,heap        ] GC(1643) Old regions: 726->726
[669.530s][info][gc,heap        ] GC(1643) Humongous regions: 10->10
[669.530s][info][gc,metaspace   ] GC(1643) Metaspace: 19188K(19392K)->19188K(19392K) NonClass: 17358K(17536K)->17358K(17536K) Class: 1829K(1856K)->1829K(1856K)
[669.530s][info][gc             ] GC(1643) Pause Young (Normal) (G1 Evacuation Pause) 927M->752M(978M) 41.039ms
[669.530s][info][gc,cpu         ] GC(1643) User=0.08s Sys=0.00s Real=0.04s
[669.918s][info][gc,marking     ] GC(1637) Concurrent Rebuild Remembered Sets and Scrub Regions 890.148ms
[669.918s][info][gc,start       ] GC(1637) Pause Cleanup
[669.919s][info][gc             ] GC(1637) Pause Cleanup 856M->856M(978M) 0.124ms
[669.919s][info][gc,cpu         ] GC(1637) User=0.00s Sys=0.00s Real=0.00s
[669.920s][info][gc,marking     ] GC(1637) Concurrent Clear Claimed Marks
[669.920s][info][gc,marking     ] GC(1637) Concurrent Clear Claimed Marks 0.054ms
[669.920s][info][gc,marking     ] GC(1637) Concurrent Cleanup for Next Mark
[669.925s][info][gc,marking     ] GC(1637) Concurrent Cleanup for Next Mark 4.981ms
[669.925s][info][gc             ] GC(1637) Concurrent Mark Cycle 3150.946ms
[669.986s][info][gc,start       ] GC(1644) Pause Young (Prepare Mixed) (G1 Evacuation Pause)
[669.986s][info][gc,task        ] GC(1644) Using 2 workers of 2 for evacuation
[670.043s][info][gc,phases      ] GC(1644)   Pre Evacuate Collection Set: 0.33ms
[670.043s][info][gc,phases      ] GC(1644)   Merge Heap Roots: 0.60ms
[670.043s][info][gc,phases      ] GC(1644)   Evacuate Collection Set: 55.57ms
[670.043s][info][gc,phases      ] GC(1644)   Post Evacuate Collection Set: 0.53ms
[670.043s][info][gc,phases      ] GC(1644)   Other: 0.09ms
[670.043s][info][gc,heap        ] GC(1644) Eden regions: 156->0(145)
[670.043s][info][gc,heap        ] GC(1644) Survivor regions: 18->15(22)
[670.043s][info][gc,heap        ] GC(1644) Old regions: 726->743
[670.043s][info][gc,heap        ] GC(1644) Humongous regions: 10->10
[670.043s][info][gc,metaspace   ] GC(1644) Metaspace: 19188K(19392K)->19188K(19392K) NonClass: 17358K(17536K)->17358K(17536K) Class: 1829K(1856K)->1829K(1856K)
[670.043s][info][gc             ] GC(1644) Pause Young (Prepare Mixed) (G1 Evacuation Pause) 908M->767M(978M) 57.421ms
[670.043s][info][gc,cpu         ] GC(1644) User=0.11s Sys=0.00s Real=0.06s
[670.226s][info][gc,start       ] GC(1645) Pause Young (Mixed) (G1 Evacuation Pause)
[670.226s][info][gc,task        ] GC(1645) Using 2 workers of 2 for evacuation
[670.302s][info][gc,phases      ] GC(1645)   Pre Evacuate Collection Set: 0.31ms
[670.302s][info][gc,phases      ] GC(1645)   Merge Heap Roots: 0.82ms
[670.302s][info][gc,phases      ] GC(1645)   Evacuate Collection Set: 74.92ms
[670.302s][info][gc,phases      ] GC(1645)   Post Evacuate Collection Set: 0.47ms
[670.302s][info][gc,phases      ] GC(1645)   Other: 0.10ms
[670.302s][info][gc,heap        ] GC(1645) Eden regions: 145->0(127)
[670.302s][info][gc,heap        ] GC(1645) Survivor regions: 15->20(20)
[670.302s][info][gc,heap        ] GC(1645) Old regions: 743->751
[670.302s][info][gc,heap        ] GC(1645) Humongous regions: 10->10
[670.302s][info][gc,metaspace   ] GC(1645) Metaspace: 19188K(19392K)->19188K(19392K) NonClass: 17358K(17536K)->17358K(17536K) Class: 1829K(1856K)->1829K(1856K)
[670.303s][info][gc             ] GC(1645) Pause Young (Mixed) (G1 Evacuation Pause) 912M->780M(978M) 76.851ms
[670.303s][info][gc,cpu         ] GC(1645) User=0.15s Sys=0.00s Real=0.08s
[670.426s][info][gc,start       ] GC(1646) Pause Young (Concurrent Start) (G1 Evacuation Pause)
[670.426s][info][gc,task        ] GC(1646) Using 2 workers of 2 for evacuation
[670.456s][info][gc,phases      ] GC(1646)   Pre Evacuate Collection Set: 0.34ms
[670.456s][info][gc,phases      ] GC(1646)   Merge Heap Roots: 0.15ms
[670.456s][info][gc,phases      ] GC(1646)   Evacuate Collection Set: 29.29ms
[670.456s][info][gc,phases      ] GC(1646)   Post Evacuate Collection Set: 0.45ms
[670.456s][info][gc,phases      ] GC(1646)   Other: 0.16ms
[670.456s][info][gc,heap        ] GC(1646) Eden regions: 127->0(137)
[670.456s][info][gc,heap        ] GC(1646) Survivor regions: 20->5(19)
[670.456s][info][gc,heap        ] GC(1646) Old regions: 751->771
[670.456s][info][gc,heap        ] GC(1646) Humongous regions: 10->10
[670.456s][info][gc,metaspace   ] GC(1646) Metaspace: 19188K(19392K)->19188K(19392K) NonClass: 17358K(17536K)->17358K(17536K) Class: 1829K(1856K)->1829K(1856K)
[670.457s][info][gc             ] GC(1646) Pause Young (Concurrent Start) (G1 Evacuation Pause) 907M->785M(978M) 30.679ms
[670.457s][info][gc,cpu         ] GC(1646) User=0.05s Sys=0.00s Real=0.03s
[670.457s][info][gc             ] GC(1647) Concurrent Mark Cycle
[670.457s][info][gc,marking     ] GC(1647) Concurrent Scan Root Regions
[670.510s][info][gc,marking     ] GC(1647) Concurrent Scan Root Regions 53.841ms
[670.510s][info][gc,marking     ] GC(1647) Concurrent Mark
[670.511s][info][gc,marking     ] GC(1647) Concurrent Mark From Roots
[670.511s][info][gc,task        ] GC(1647) Using 1 workers of 1 for marking
[670.808s][info][gc,start       ] GC(1648) Pause Young (Normal) (G1 Evacuation Pause)
[670.808s][info][gc,task        ] GC(1648) Using 2 workers of 2 for evacuation
[670.826s][info][gc,phases      ] GC(1648)   Pre Evacuate Collection Set: 0.51ms
[670.826s][info][gc,phases      ] GC(1648)   Merge Heap Roots: 0.27ms
[670.826s][info][gc,phases      ] GC(1648)   Evacuate Collection Set: 16.08ms
[670.826s][info][gc,phases      ] GC(1648)   Post Evacuate Collection Set: 0.40ms
[670.826s][info][gc,phases      ] GC(1648)   Other: 0.10ms
[670.826s][info][gc,heap        ] GC(1648) Eden regions: 137->0(133)
[670.826s][info][gc,heap        ] GC(1648) Survivor regions: 5->7(18)
[670.826s][info][gc,heap        ] GC(1648) Old regions: 771->771
[670.826s][info][gc,heap        ] GC(1648) Humongous regions: 10->10
[670.826s][info][gc,metaspace   ] GC(1648) Metaspace: 19188K(19392K)->19188K(19392K) NonClass: 17358K(17536K)->17358K(17536K) Class: 1829K(1856K)->1829K(1856K)
[670.826s][info][gc             ] GC(1648) Pause Young (Normal) (G1 Evacuation Pause) 922M->787M(978M) 17.601ms
[670.826s][info][gc,cpu         ] GC(1648) User=0.03s Sys=0.00s Real=0.01s
[671.160s][info][gc,start       ] GC(1649) Pause Young (Normal) (G1 Evacuation Pause)
[671.160s][info][gc,task        ] GC(1649) Using 2 workers of 2 for evacuation
[671.180s][info][gc,phases      ] GC(1649)   Pre Evacuate Collection Set: 0.32ms
[671.180s][info][gc,phases      ] GC(1649)   Merge Heap Roots: 0.23ms
[671.180s][info][gc,phases      ] GC(1649)   Evacuate Collection Set: 18.75ms
[671.180s][info][gc,phases      ] GC(1649)   Post Evacuate Collection Set: 0.40ms
[671.180s][info][gc,phases      ] GC(1649)   Other: 0.10ms
[671.180s][info][gc,heap        ] GC(1649) Eden regions: 133->0(127)
[671.180s][info][gc,heap        ] GC(1649) Survivor regions: 7->10(18)
[671.180s][info][gc,heap        ] GC(1649) Old regions: 771->771
[671.180s][info][gc,heap        ] GC(1649) Humongous regions: 10->10
[671.180s][info][gc,metaspace   ] GC(1649) Metaspace: 19189K(19392K)->19189K(19392K) NonClass: 17359K(17536K)->17359K(17536K) Class: 1829K(1856K)->1829K(1856K)
[671.180s][info][gc             ] GC(1649) Pause Young (Normal) (G1 Evacuation Pause) 920M->790M(978M) 20.045ms
[671.180s][info][gc,cpu         ] GC(1649) User=0.04s Sys=0.00s Real=0.02s
[671.318s][info][gc,start       ] GC(1650) Pause Young (Normal) (G1 Evacuation Pause)
[671.318s][info][gc,task        ] GC(1650) Using 2 workers of 2 for evacuation
[671.333s][info][gc,phases      ] GC(1650)   Pre Evacuate Collection Set: 0.30ms
[671.333s][info][gc,phases      ] GC(1650)   Merge Heap Roots: 0.14ms
[671.333s][info][gc,phases      ] GC(1650)   Evacuate Collection Set: 13.42ms
[671.333s][info][gc,phases      ] GC(1650)   Post Evacuate Collection Set: 0.38ms
[671.333s][info][gc,phases      ] GC(1650)   Other: 0.11ms
[671.333s][info][gc,heap        ] GC(1650) Eden regions: 127->0(130)
[671.333s][info][gc,heap        ] GC(1650) Survivor regions: 10->6(18)
[671.333s][info][gc,heap        ] GC(1650) Old regions: 771->776
[671.333s][info][gc,heap        ] GC(1650) Humongous regions: 10->10
[671.333s][info][gc,metaspace   ] GC(1650) Metaspace: 19189K(19392K)->19189K(19392K) NonClass: 17359K(17536K)->17359K(17536K) Class: 1829K(1856K)->1829K(1856K)
[671.333s][info][gc             ] GC(1650) Pause Young (Normal) (G1 Evacuation Pause) 917M->791M(978M) 14.610ms
[671.333s][info][gc,cpu         ] GC(1650) User=0.03s Sys=0.00s Real=0.01s
[671.534s][info][gc,start       ] GC(1651) Pause Young (Normal) (G1 Evacuation Pause)
[671.534s][info][gc,task        ] GC(1651) Using 2 workers of 2 for evacuation
[671.551s][info][gc,phases      ] GC(1651)   Pre Evacuate Collection Set: 0.51ms
[671.551s][info][gc,phases      ] GC(1651)   Merge Heap Roots: 0.16ms
[671.551s][info][gc,phases      ] GC(1651)   Evacuate Collection Set: 15.24ms
[671.551s][info][gc,phases      ] GC(1651)   Post Evacuate Collection Set: 0.40ms
[671.551s][info][gc,phases      ] GC(1651)   Other: 0.08ms
[671.551s][info][gc,heap        ] GC(1651) Eden regions: 130->0(120)
[671.551s][info][gc,heap        ] GC(1651) Survivor regions: 6->11(17)
[671.551s][info][gc,heap        ] GC(1651) Old regions: 776->776
[671.551s][info][gc,heap        ] GC(1651) Humongous regions: 10->10
[671.551s][info][gc,metaspace   ] GC(1651) Metaspace: 19189K(19392K)->19189K(19392K) NonClass: 17359K(17536K)->17359K(17536K) Class: 1829K(1856K)->1829K(1856K)
[671.551s][info][gc             ] GC(1651) Pause Young (Normal) (G1 Evacuation Pause) 921M->796M(978M) 16.638ms
[671.551s][info][gc,cpu         ] GC(1651) User=0.03s Sys=0.00s Real=0.02s
[671.869s][info][gc,start       ] GC(1652) Pause Young (Normal) (G1 Evacuation Pause)
[671.869s][info][gc,task        ] GC(1652) Using 2 workers of 2 for evacuation
[671.893s][info][gc,phases      ] GC(1652)   Pre Evacuate Collection Set: 0.32ms
[671.893s][info][gc,phases      ] GC(1652)   Merge Heap Roots: 0.18ms
[671.893s][info][gc,phases      ] GC(1652)   Evacuate Collection Set: 22.86ms
[671.893s][info][gc,phases      ] GC(1652)   Post Evacuate Collection Set: 0.43ms
[671.893s][info][gc,phases      ] GC(1652)   Other: 0.11ms
[671.893s][info][gc,heap        ] GC(1652) Eden regions: 120->0(109)
[671.893s][info][gc,heap        ] GC(1652) Survivor regions: 11->15(17)
[671.893s][info][gc,heap        ] GC(1652) Old regions: 776->779
[671.893s][info][gc,heap        ] GC(1652) Humongous regions: 10->10
[671.893s][info][gc,metaspace   ] GC(1652) Metaspace: 19189K(19392K)->19189K(19392K) NonClass: 17359K(17536K)->17359K(17536K) Class: 1829K(1856K)->1829K(1856K)
[671.893s][info][gc             ] GC(1652) Pause Young (Normal) (G1 Evacuation Pause) 916M->803M(978M) 24.116ms
[671.894s][info][gc,cpu         ] GC(1652) User=0.05s Sys=0.00s Real=0.02s
[672.119s][info][gc,start       ] GC(1653) Pause Young (Normal) (G1 Evacuation Pause)
[672.119s][info][gc,task        ] GC(1653) Using 2 workers of 2 for evacuation
[672.161s][info][gc,phases      ] GC(1653)   Pre Evacuate Collection Set: 0.56ms
[672.161s][info][gc,phases      ] GC(1653)   Merge Heap Roots: 0.21ms
[672.161s][info][gc,phases      ] GC(1653)   Evacuate Collection Set: 41.42ms
[672.161s][info][gc,phases      ] GC(1653)   Post Evacuate Collection Set: 0.41ms
[672.161s][info][gc,phases      ] GC(1653)   Other: 0.10ms
[672.161s][info][gc,heap        ] GC(1653) Eden regions: 109->0(90)
[672.161s][info][gc,heap        ] GC(1653) Survivor regions: 15->16(16)
[672.161s][info][gc,heap        ] GC(1653) Old regions: 779->796
[672.161s][info][gc,heap        ] GC(1653) Humongous regions: 10->10
[672.162s][info][gc,metaspace   ] GC(1653) Metaspace: 19189K(19392K)->19189K(19392K) NonClass: 17359K(17536K)->17359K(17536K) Class: 1829K(1856K)->1829K(1856K)
[672.162s][info][gc             ] GC(1653) Pause Young (Normal) (G1 Evacuation Pause) 912M->821M(978M) 42.956ms
[672.162s][info][gc,cpu         ] GC(1653) User=0.09s Sys=0.00s Real=0.04s
[672.447s][info][gc,start       ] GC(1654) Pause Young (Normal) (G1 Evacuation Pause)
[672.447s][info][gc,task        ] GC(1654) Using 2 workers of 2 for evacuation
[672.467s][info][gc,phases      ] GC(1654)   Pre Evacuate Collection Set: 0.33ms
[672.467s][info][gc,phases      ] GC(1654)   Merge Heap Roots: 0.15ms
[672.467s][info][gc,phases      ] GC(1654)   Evacuate Collection Set: 19.36ms
[672.467s][info][gc,phases      ] GC(1654)   Post Evacuate Collection Set: 0.37ms
[672.467s][info][gc,phases      ] GC(1654)   Other: 0.12ms
[672.467s][info][gc,heap        ] GC(1654) Eden regions: 90->0(104)
[672.467s][info][gc,heap        ] GC(1654) Survivor regions: 16->1(14)
[672.467s][info][gc,heap        ] GC(1654) Old regions: 796->812
[672.467s][info][gc,heap        ] GC(1654) Humongous regions: 10->10
[672.467s][info][gc,metaspace   ] GC(1654) Metaspace: 19189K(19392K)->19189K(19392K) NonClass: 17359K(17536K)->17359K(17536K) Class: 1829K(1856K)->1829K(1856K)
[672.468s][info][gc             ] GC(1654) Pause Young (Normal) (G1 Evacuation Pause) 911M->822M(978M) 20.644ms
[672.468s][info][gc,cpu         ] GC(1654) User=0.04s Sys=0.00s Real=0.02s
[672.972s][info][gc,marking     ] GC(1647) Concurrent Mark From Roots 2461.498ms
[672.972s][info][gc,marking     ] GC(1647) Concurrent Preclean
[672.972s][info][gc,marking     ] GC(1647) Concurrent Preclean 0.053ms
[672.972s][info][gc,start       ] GC(1647) Pause Remark
[672.981s][info][gc             ] GC(1647) Pause Remark 905M->904M(978M) 8.951ms
[672.981s][info][gc,cpu         ] GC(1647) User=0.02s Sys=0.00s Real=0.01s
