[0.003s][info][metaspace]  - commit_granule_bytes: 65536.
[0.003s][info][metaspace]  - commit_granule_words: 8192.
[0.003s][info][metaspace]  - virtual_space_node_default_size: 8388608.
[0.003s][info][metaspace]  - enlarge_chunks_in_place: 1.
[0.005s][info][gc,init  ] CardTable entry size: 512
[0.009s][info][gc       ] Using G1
[0.013s][info][gc,init  ] Version: 24-internal-adhoc.root.jdk (release)
[0.013s][info][gc,init  ] CPUs: 2 total, 2 available
[0.013s][info][gc,init  ] Memory: 3908M
[0.013s][info][gc,init  ] Large Page Support: Disabled
[0.013s][info][gc,init  ] NUMA Support: Disabled
[0.013s][info][gc,init  ] Compressed Oops: Enabled (32-bit)
[0.013s][info][gc,init  ] Heap Region Size: 1M
[0.013s][info][gc,init  ] Heap Min Capacity: 256M
[0.013s][info][gc,init  ] Heap Initial Capacity: 256M
[0.013s][info][gc,init  ] Heap Max Capacity: 978M
[0.013s][info][gc,init  ] Pre-touch: Disabled
[0.013s][info][gc,init  ] Parallel Workers: 2
[0.013s][info][gc,init  ] Concurrent Workers: 1
[0.013s][info][gc,init  ] Concurrent Refinement Workers: 2
[0.013s][info][gc,init  ] Periodic GC: Disabled
[0.029s][info][gc,metaspace] CDS archive(s) mapped at: [0x00007fdcf6000000-0x00007fdcf6dc0000-0x00007fdcf6dc0000), size 14417920, SharedBaseAddress: 0x00007fdcf6000000, ArchiveRelocationMode: 1.
[0.029s][info][gc,metaspace] Compressed class space mapped at: 0x00007fdcf7000000-0x00007fdd37000000, reserved size: 1073741824
[0.029s][info][gc,metaspace] UseCompressedClassPointers 1, UseCompactObjectHeaders 0
[0.029s][info][gc,metaspace] Narrow klass pointer bits 32, Max shift 3
[0.029s][info][gc,metaspace] Narrow klass base: 0x00007fdcf6000000, Narrow klass shift: 0
[0.029s][info][gc,metaspace] Encoding Range: [0x00007fdcf6000000 - 0x00007fddf6000000), (4294967296 bytes)
[0.029s][info][gc,metaspace] Klass Range:    [0x00007fdcf6000000 - 0x00007fdd37000000), (1090519040 bytes)
[0.029s][info][gc,metaspace] Klass ID Range:  [8 - 1090519033) (1090519025)
[0.364s][info][gc,start    ] GC(0) Pause Young (Normal) (G1 Evacuation Pause)
[0.364s][info][gc,task     ] GC(0) Using 2 workers of 2 for evacuation
[0.368s][info][gc,phases   ] GC(0)   Pre Evacuate Collection Set: 0.20ms
[0.368s][info][gc,phases   ] GC(0)   Merge Heap Roots: 0.09ms
[0.368s][info][gc,phases   ] GC(0)   Evacuate Collection Set: 3.66ms
[0.368s][info][gc,phases   ] GC(0)   Post Evacuate Collection Set: 0.31ms
[0.368s][info][gc,phases   ] GC(0)   Other: 0.22ms
[0.368s][info][gc,heap     ] GC(0) Eden regions: 12->0(10)
[0.368s][info][gc,heap     ] GC(0) Survivor regions: 0->2(2)
[0.368s][info][gc,heap     ] GC(0) Old regions: 2->2
[0.368s][info][gc,heap     ] GC(0) Humongous regions: 0->0
[0.368s][info][gc,metaspace] GC(0) Metaspace: 2299K(2432K)->2299K(2432K) NonClass: 2102K(2176K)->2102K(2176K) Class: 197K(256K)->197K(256K)
[0.368s][info][gc          ] GC(0) Pause Young (Normal) (G1 Evacuation Pause) 13M->2M(258M) 4.751ms
[0.368s][info][gc,cpu      ] GC(0) User=0.01s Sys=0.01s Real=0.00s
[0.397s][info][gc,start    ] GC(1) Pause Young (Normal) (G1 Evacuation Pause)
[0.397s][info][gc,task     ] GC(1) Using 2 workers of 2 for evacuation
[0.401s][info][gc,phases   ] GC(1)   Pre Evacuate Collection Set: 0.16ms
[0.401s][info][gc,phases   ] GC(1)   Merge Heap Roots: 0.03ms
[0.401s][info][gc,phases   ] GC(1)   Evacuate Collection Set: 3.52ms
[0.401s][info][gc,phases   ] GC(1)   Post Evacuate Collection Set: 0.24ms
[0.401s][info][gc,phases   ] GC(1)   Other: 0.07ms
[0.401s][info][gc,heap     ] GC(1) Eden regions: 10->0(20)
[0.401s][info][gc,heap     ] GC(1) Survivor regions: 2->1(2)
[0.401s][info][gc,heap     ] GC(1) Old regions: 2->4
[0.401s][info][gc,heap     ] GC(1) Humongous regions: 0->0
[0.401s][info][gc,metaspace] GC(1) Metaspace: 2398K(2496K)->2398K(2496K) NonClass: 2199K(2240K)->2199K(2240K) Class: 198K(256K)->198K(256K)
[0.401s][info][gc          ] GC(1) Pause Young (Normal) (G1 Evacuation Pause) 12M->3M(258M) 4.243ms
[0.401s][info][gc,cpu      ] GC(1) User=0.00s Sys=0.01s Real=0.00s
[0.470s][info][gc,start    ] GC(2) Pause Young (Normal) (G1 Evacuation Pause)
[0.470s][info][gc,task     ] GC(2) Using 2 workers of 2 for evacuation
[0.471s][info][gc,phases   ] GC(2)   Pre Evacuate Collection Set: 0.20ms
[0.471s][info][gc,phases   ] GC(2)   Merge Heap Roots: 0.04ms
[0.471s][info][gc,phases   ] GC(2)   Evacuate Collection Set: 0.34ms
[0.471s][info][gc,phases   ] GC(2)   Post Evacuate Collection Set: 0.15ms
[0.471s][info][gc,phases   ] GC(2)   Other: 0.09ms
[0.471s][info][gc,heap     ] GC(2) Eden regions: 20->0(25)
[0.471s][info][gc,heap     ] GC(2) Survivor regions: 1->1(3)
[0.471s][info][gc,heap     ] GC(2) Old regions: 4->4
[0.471s][info][gc,heap     ] GC(2) Humongous regions: 0->0
[0.471s][info][gc,metaspace] GC(2) Metaspace: 2576K(2688K)->2576K(2688K) NonClass: 2378K(2432K)->2378K(2432K) Class: 198K(256K)->198K(256K)
[0.471s][info][gc          ] GC(2) Pause Young (Normal) (G1 Evacuation Pause) 23M->3M(258M) 0.999ms
[0.471s][info][gc,cpu      ] GC(2) User=0.00s Sys=0.00s Real=0.00s
[0.918s][info][gc,start    ] GC(3) Pause Young (Normal) (G1 Evacuation Pause)
[0.918s][info][gc,task     ] GC(3) Using 2 workers of 2 for evacuation
[0.923s][info][gc,phases   ] GC(3)   Pre Evacuate Collection Set: 0.18ms
[0.923s][info][gc,phases   ] GC(3)   Merge Heap Roots: 0.04ms
[0.923s][info][gc,phases   ] GC(3)   Evacuate Collection Set: 3.70ms
[0.923s][info][gc,phases   ] GC(3)   Post Evacuate Collection Set: 0.25ms
[0.923s][info][gc,phases   ] GC(3)   Other: 0.07ms
[0.923s][info][gc,heap     ] GC(3) Eden regions: 25->0(32)
[0.923s][info][gc,heap     ] GC(3) Survivor regions: 1->2(4)
[0.923s][info][gc,heap     ] GC(3) Old regions: 4->4
[0.923s][info][gc,heap     ] GC(3) Humongous regions: 0->0
[0.923s][info][gc,metaspace] GC(3) Metaspace: 6352K(6528K)->6352K(6528K) NonClass: 5810K(5888K)->5810K(5888K) Class: 542K(640K)->542K(640K)
[0.923s][info][gc          ] GC(3) Pause Young (Normal) (G1 Evacuation Pause) 27M->4M(258M) 4.421ms
[0.923s][info][gc,cpu      ] GC(3) User=0.00s Sys=0.00s Real=0.01s
[1.118s][info][gc,start    ] GC(4) Pause Young (Normal) (G1 Evacuation Pause)
[1.118s][info][gc,task     ] GC(4) Using 2 workers of 2 for evacuation
[1.122s][info][gc,phases   ] GC(4)   Pre Evacuate Collection Set: 0.19ms
[1.122s][info][gc,phases   ] GC(4)   Merge Heap Roots: 0.04ms
[1.122s][info][gc,phases   ] GC(4)   Evacuate Collection Set: 2.83ms
[1.122s][info][gc,phases   ] GC(4)   Post Evacuate Collection Set: 0.30ms
[1.122s][info][gc,phases   ] GC(4)   Other: 0.09ms
[1.122s][info][gc,heap     ] GC(4) Eden regions: 32->0(43)
[1.122s][info][gc,heap     ] GC(4) Survivor regions: 2->2(5)
[1.122s][info][gc,heap     ] GC(4) Old regions: 4->4
[1.122s][info][gc,heap     ] GC(4) Humongous regions: 0->0
[1.122s][info][gc,metaspace] GC(4) Metaspace: 6568K(6720K)->6568K(6720K) NonClass: 5996K(6080K)->5996K(6080K) Class: 571K(640K)->571K(640K)
[1.122s][info][gc          ] GC(4) Pause Young (Normal) (G1 Evacuation Pause) 36M->4M(258M) 3.643ms
[1.122s][info][gc,cpu      ] GC(4) User=0.00s Sys=0.00s Real=0.00s
[1.411s][info][gc,start    ] GC(5) Pause Young (Normal) (G1 Evacuation Pause)
[1.411s][info][gc,task     ] GC(5) Using 2 workers of 2 for evacuation
[1.416s][info][gc,phases   ] GC(5)   Pre Evacuate Collection Set: 0.25ms
[1.416s][info][gc,phases   ] GC(5)   Merge Heap Roots: 0.05ms
[1.416s][info][gc,phases   ] GC(5)   Evacuate Collection Set: 4.67ms
[1.416s][info][gc,phases   ] GC(5)   Post Evacuate Collection Set: 0.34ms
[1.416s][info][gc,phases   ] GC(5)   Other: 0.08ms
[1.416s][info][gc,heap     ] GC(5) Eden regions: 43->0(56)
[1.416s][info][gc,heap     ] GC(5) Survivor regions: 2->2(6)
[1.416s][info][gc,heap     ] GC(5) Old regions: 4->4
[1.416s][info][gc,heap     ] GC(5) Humongous regions: 0->0
[1.416s][info][gc,metaspace] GC(5) Metaspace: 6902K(7040K)->6902K(7040K) NonClass: 6248K(6336K)->6248K(6336K) Class: 653K(704K)->653K(704K)
[1.416s][info][gc          ] GC(5) Pause Young (Normal) (G1 Evacuation Pause) 47M->4M(258M) 5.592ms
[1.416s][info][gc,cpu      ] GC(5) User=0.01s Sys=0.00s Real=0.01s
[1.684s][info][gc,start    ] GC(6) Pause Young (Normal) (G1 Evacuation Pause)
[1.684s][info][gc,task     ] GC(6) Using 2 workers of 2 for evacuation
[1.691s][info][gc,phases   ] GC(6)   Pre Evacuate Collection Set: 0.15ms
[1.691s][info][gc,phases   ] GC(6)   Merge Heap Roots: 0.06ms
[1.691s][info][gc,phases   ] GC(6)   Evacuate Collection Set: 5.46ms
[1.691s][info][gc,phases   ] GC(6)   Post Evacuate Collection Set: 1.20ms
[1.691s][info][gc,phases   ] GC(6)   Other: 0.12ms
[1.691s][info][gc,heap     ] GC(6) Eden regions: 56->0(72)
[1.691s][info][gc,heap     ] GC(6) Survivor regions: 2->2(8)
[1.691s][info][gc,heap     ] GC(6) Old regions: 4->4
[1.691s][info][gc,heap     ] GC(6) Humongous regions: 0->0
[1.691s][info][gc,metaspace] GC(6) Metaspace: 7409K(7616K)->7409K(7616K) NonClass: 6638K(6784K)->6638K(6784K) Class: 771K(832K)->771K(832K)
[1.691s][info][gc          ] GC(6) Pause Young (Normal) (G1 Evacuation Pause) 60M->4M(258M) 7.208ms
[1.691s][info][gc,cpu      ] GC(6) User=0.01s Sys=0.00s Real=0.00s
[2.034s][info][gc,start    ] GC(7) Pause Young (Normal) (G1 Evacuation Pause)
[2.034s][info][gc,task     ] GC(7) Using 2 workers of 2 for evacuation
[2.039s][info][gc,phases   ] GC(7)   Pre Evacuate Collection Set: 0.15ms
[2.039s][info][gc,phases   ] GC(7)   Merge Heap Roots: 0.07ms
[2.039s][info][gc,phases   ] GC(7)   Evacuate Collection Set: 4.17ms
[2.039s][info][gc,phases   ] GC(7)   Post Evacuate Collection Set: 0.46ms
[2.039s][info][gc,phases   ] GC(7)   Other: 0.12ms
[2.039s][info][gc,heap     ] GC(7) Eden regions: 72->0(90)
[2.039s][info][gc,heap     ] GC(7) Survivor regions: 2->3(10)
[2.039s][info][gc,heap     ] GC(7) Old regions: 4->4
[2.039s][info][gc,heap     ] GC(7) Humongous regions: 0->0
[2.039s][info][gc,metaspace] GC(7) Metaspace: 7734K(7936K)->7734K(7936K) NonClass: 6906K(7040K)->6906K(7040K) Class: 828K(896K)->828K(896K)
[2.039s][info][gc          ] GC(7) Pause Young (Normal) (G1 Evacuation Pause) 76M->5M(258M) 5.205ms
[2.039s][info][gc,cpu      ] GC(7) User=0.01s Sys=0.00s Real=0.00s
[2.452s][info][gc,start    ] GC(8) Pause Young (Normal) (G1 Evacuation Pause)
[2.452s][info][gc,task     ] GC(8) Using 2 workers of 2 for evacuation
[2.456s][info][gc,phases   ] GC(8)   Pre Evacuate Collection Set: 0.23ms
[2.456s][info][gc,phases   ] GC(8)   Merge Heap Roots: 0.06ms
[2.456s][info][gc,phases   ] GC(8)   Evacuate Collection Set: 3.68ms
[2.456s][info][gc,phases   ] GC(8)   Post Evacuate Collection Set: 0.46ms
[2.456s][info][gc,phases   ] GC(8)   Other: 0.12ms
[2.456s][info][gc,heap     ] GC(8) Eden regions: 90->0(114)
[2.456s][info][gc,heap     ] GC(8) Survivor regions: 3->2(12)
[2.456s][info][gc,heap     ] GC(8) Old regions: 4->4
[2.456s][info][gc,heap     ] GC(8) Humongous regions: 0->0
[2.456s][info][gc,metaspace] GC(8) Metaspace: 7957K(8128K)->7957K(8128K) NonClass: 7052K(7168K)->7052K(7168K) Class: 904K(960K)->904K(960K)
[2.457s][info][gc          ] GC(8) Pause Young (Normal) (G1 Evacuation Pause) 95M->4M(258M) 4.816ms
[2.457s][info][gc,cpu      ] GC(8) User=0.01s Sys=0.01s Real=0.01s
[3.134s][info][gc,start    ] GC(9) Pause Young (Normal) (G1 Evacuation Pause)
[3.134s][info][gc,task     ] GC(9) Using 2 workers of 2 for evacuation
[3.172s][info][gc,phases   ] GC(9)   Pre Evacuate Collection Set: 0.22ms
[3.172s][info][gc,phases   ] GC(9)   Merge Heap Roots: 0.11ms
[3.172s][info][gc,phases   ] GC(9)   Evacuate Collection Set: 36.40ms
[3.172s][info][gc,phases   ] GC(9)   Post Evacuate Collection Set: 0.81ms
[3.172s][info][gc,phases   ] GC(9)   Other: 0.10ms
[3.172s][info][gc,heap     ] GC(9) Eden regions: 114->0(99)
[3.172s][info][gc,heap     ] GC(9) Survivor regions: 2->15(15)
[3.172s][info][gc,heap     ] GC(9) Old regions: 4->12
[3.172s][info][gc,heap     ] GC(9) Humongous regions: 0->0
[3.172s][info][gc,metaspace] GC(9) Metaspace: 10227K(10432K)->10227K(10432K) NonClass: 9007K(9152K)->9007K(9152K) Class: 1219K(1280K)->1219K(1280K)
[3.172s][info][gc          ] GC(9) Pause Young (Normal) (G1 Evacuation Pause) 118M->26M(258M) 37.869ms
[3.172s][info][gc,cpu      ] GC(9) User=0.05s Sys=0.02s Real=0.03s
[3.592s][info][gc,start    ] GC(10) Pause Young (Normal) (G1 Evacuation Pause)
[3.592s][info][gc,task     ] GC(10) Using 2 workers of 2 for evacuation
[3.673s][info][gc,phases   ] GC(10)   Pre Evacuate Collection Set: 0.20ms
[3.673s][info][gc,phases   ] GC(10)   Merge Heap Roots: 0.24ms
[3.673s][info][gc,phases   ] GC(10)   Evacuate Collection Set: 79.32ms
[3.673s][info][gc,phases   ] GC(10)   Post Evacuate Collection Set: 0.90ms
[3.673s][info][gc,phases   ] GC(10)   Other: 0.10ms
[3.673s][info][gc,heap     ] GC(10) Eden regions: 99->0(19)
[3.673s][info][gc,heap     ] GC(10) Survivor regions: 15->15(15)
[3.673s][info][gc,heap     ] GC(10) Old regions: 12->54
[3.673s][info][gc,heap     ] GC(10) Humongous regions: 0->0
[3.673s][info][gc,metaspace] GC(10) Metaspace: 12214K(12416K)->12214K(12416K) NonClass: 10838K(10944K)->10838K(10944K) Class: 1376K(1472K)->1376K(1472K)
[3.673s][info][gc          ] GC(10) Pause Young (Normal) (G1 Evacuation Pause) 125M->68M(258M) 80.988ms
[3.673s][info][gc,cpu      ] GC(10) User=0.12s Sys=0.03s Real=0.09s
[3.674s][info][gc,start    ] GC(11) Pause Young (Normal) (G1 Evacuation Pause)
[3.674s][info][gc,task     ] GC(11) Using 2 workers of 2 for evacuation
[3.705s][info][gc,phases   ] GC(11)   Pre Evacuate Collection Set: 0.18ms
[3.705s][info][gc,phases   ] GC(11)   Merge Heap Roots: 0.29ms
[3.705s][info][gc,phases   ] GC(11)   Evacuate Collection Set: 29.92ms
[3.705s][info][gc,phases   ] GC(11)   Post Evacuate Collection Set: 0.27ms
[3.705s][info][gc,phases   ] GC(11)   Other: 0.07ms
[3.705s][info][gc,heap     ] GC(11) Eden regions: 1->0(11)
[3.705s][info][gc,heap     ] GC(11) Survivor regions: 15->1(2)
[3.705s][info][gc,heap     ] GC(11) Old regions: 54->70
[3.705s][info][gc,heap     ] GC(11) Humongous regions: 0->0
[3.705s][info][gc,metaspace] GC(11) Metaspace: 12225K(12416K)->12225K(12416K) NonClass: 10847K(10944K)->10847K(10944K) Class: 1377K(1472K)->1377K(1472K)
[3.705s][info][gc          ] GC(11) Pause Young (Normal) (G1 Evacuation Pause) 69M->69M(258M) 30.933ms
[3.705s][info][gc,cpu      ] GC(11) User=0.04s Sys=0.02s Real=0.03s
[4.258s][info][gc,start    ] GC(12) Pause Young (Normal) (G1 Evacuation Pause)
[4.258s][info][gc,task     ] GC(12) Using 2 workers of 2 for evacuation
[4.329s][info][gc,phases   ] GC(12)   Pre Evacuate Collection Set: 0.18ms
[4.329s][info][gc,phases   ] GC(12)   Merge Heap Roots: 0.07ms
[4.329s][info][gc,phases   ] GC(12)   Evacuate Collection Set: 69.79ms
[4.329s][info][gc,phases   ] GC(12)   Post Evacuate Collection Set: 1.25ms
[4.329s][info][gc,phases   ] GC(12)   Other: 0.12ms
[4.329s][info][gc,heap     ] GC(12) Eden regions: 109->0(1)
[4.329s][info][gc,heap     ] GC(12) Survivor regions: 1->14(14)
[4.329s][info][gc,heap     ] GC(12) Old regions: 70->105
[4.329s][info][gc,heap     ] GC(12) Humongous regions: 0->0
[4.329s][info][gc,metaspace] GC(12) Metaspace: 14268K(14464K)->14268K(14464K) NonClass: 12620K(12736K)->12620K(12736K) Class: 1648K(1728K)->1648K(1728K)
[4.329s][info][gc          ] GC(12) Pause Young (Normal) (G1 Evacuation Pause) 178M->118M(287M) 71.669ms
[4.329s][info][gc,cpu      ] GC(12) User=0.11s Sys=0.03s Real=0.07s
[4.343s][info][gc,start    ] GC(13) Pause Young (Normal) (G1 Evacuation Pause)
[4.343s][info][gc,task     ] GC(13) Using 2 workers of 2 for evacuation
[4.378s][info][gc,phases   ] GC(13)   Pre Evacuate Collection Set: 0.20ms
[4.378s][info][gc,phases   ] GC(13)   Merge Heap Roots: 0.40ms
[4.378s][info][gc,phases   ] GC(13)   Evacuate Collection Set: 34.04ms
[4.378s][info][gc,phases   ] GC(13)   Post Evacuate Collection Set: 0.26ms
[4.378s][info][gc,phases   ] GC(13)   Other: 0.15ms
[4.378s][info][gc,heap     ] GC(13) Eden regions: 1->0(13)
[4.378s][info][gc,heap     ] GC(13) Survivor regions: 14->1(2)
[4.378s][info][gc,heap     ] GC(13) Old regions: 105->120
[4.378s][info][gc,heap     ] GC(13) Humongous regions: 0->0
[4.378s][info][gc,metaspace] GC(13) Metaspace: 14274K(14464K)->14274K(14464K) NonClass: 12626K(12736K)->12626K(12736K) Class: 1648K(1728K)->1648K(1728K)
[4.378s][info][gc          ] GC(13) Pause Young (Normal) (G1 Evacuation Pause) 119M->119M(287M) 35.298ms
[4.378s][info][gc,cpu      ] GC(13) User=0.05s Sys=0.02s Real=0.03s
[5.198s][info][gc,start    ] GC(14) Pause Young (Normal) (G1 Evacuation Pause)
[5.198s][info][gc,task     ] GC(14) Using 2 workers of 2 for evacuation
[5.224s][info][gc,phases   ] GC(14)   Pre Evacuate Collection Set: 0.19ms
[5.224s][info][gc,phases   ] GC(14)   Merge Heap Roots: 0.12ms
[5.224s][info][gc,phases   ] GC(14)   Evacuate Collection Set: 25.10ms
[5.224s][info][gc,phases   ] GC(14)   Post Evacuate Collection Set: 0.47ms
[5.224s][info][gc,phases   ] GC(14)   Other: 0.15ms
[5.224s][info][gc,heap     ] GC(14) Eden regions: 89->0(2)
[5.224s][info][gc,heap     ] GC(14) Survivor regions: 1->12(12)
[5.224s][info][gc,heap     ] GC(14) Old regions: 120->126
[5.224s][info][gc,heap     ] GC(14) Humongous regions: 0->0
[5.224s][info][gc,metaspace] GC(14) Metaspace: 15311K(15488K)->15311K(15488K) NonClass: 13599K(13696K)->13599K(13696K) Class: 1711K(1792K)->1711K(1792K)
[5.224s][info][gc          ] GC(14) Pause Young (Normal) (G1 Evacuation Pause) 208M->136M(287M) 26.311ms
[5.224s][info][gc,cpu      ] GC(14) User=0.05s Sys=0.00s Real=0.03s
[5.550s][info][gc,start    ] GC(15) Pause Young (Normal) (G1 Evacuation Pause)
[5.550s][info][gc,task     ] GC(15) Using 2 workers of 2 for evacuation
[5.577s][info][gc,phases   ] GC(15)   Pre Evacuate Collection Set: 0.17ms
[5.577s][info][gc,phases   ] GC(15)   Merge Heap Roots: 0.23ms
[5.577s][info][gc,phases   ] GC(15)   Evacuate Collection Set: 26.37ms
[5.577s][info][gc,phases   ] GC(15)   Post Evacuate Collection Set: 0.33ms
[5.577s][info][gc,phases   ] GC(15)   Other: 0.12ms
[5.577s][info][gc,heap     ] GC(15) Eden regions: 28->0(71)
[5.577s][info][gc,heap     ] GC(15) Survivor regions: 12->4(5)
[5.577s][info][gc,heap     ] GC(15) Old regions: 126->138
[5.577s][info][gc,heap     ] GC(15) Humongous regions: 0->0
[5.577s][info][gc,metaspace] GC(15) Metaspace: 15583K(15744K)->15583K(15744K) NonClass: 13862K(13952K)->13862K(13952K) Class: 1720K(1792K)->1720K(1792K)
[5.577s][info][gc          ] GC(15) Pause Young (Normal) (G1 Evacuation Pause) 164M->141M(287M) 27.480ms
[5.577s][info][gc,cpu      ] GC(15) User=0.05s Sys=0.00s Real=0.03s
[5.715s][info][gc,start    ] GC(16) Pause Young (Concurrent Start) (G1 Evacuation Pause)
[5.715s][info][gc,task     ] GC(16) Using 2 workers of 2 for evacuation
[5.751s][info][gc,phases   ] GC(16)   Pre Evacuate Collection Set: 0.20ms
[5.752s][info][gc,phases   ] GC(16)   Merge Heap Roots: 0.62ms
[5.752s][info][gc,phases   ] GC(16)   Evacuate Collection Set: 35.23ms
[5.752s][info][gc,phases   ] GC(16)   Post Evacuate Collection Set: 0.38ms
[5.752s][info][gc,phases   ] GC(16)   Other: 0.14ms
[5.752s][info][gc,heap     ] GC(16) Eden regions: 13->0(79)
[5.752s][info][gc,heap     ] GC(16) Survivor regions: 4->1(3)
[5.752s][info][gc,heap     ] GC(16) Old regions: 138->142
[5.752s][info][gc,heap     ] GC(16) Humongous regions: 0->0
[5.752s][info][gc,metaspace] GC(16) Metaspace: 15643K(15808K)->15643K(15808K) NonClass: 13922K(14016K)->13922K(14016K) Class: 1720K(1792K)->1720K(1792K)
[5.752s][info][gc          ] GC(16) Pause Young (Concurrent Start) (G1 Evacuation Pause) 154M->142M(287M) 36.844ms
[5.752s][info][gc,cpu      ] GC(16) User=0.07s Sys=0.00s Real=0.03s
[5.752s][info][gc          ] GC(17) Concurrent Mark Cycle
[5.752s][info][gc,marking  ] GC(17) Concurrent Scan Root Regions
[5.774s][info][gc,marking  ] GC(17) Concurrent Scan Root Regions 22.161ms
[5.774s][info][gc,marking  ] GC(17) Concurrent Mark
[5.774s][info][gc,marking  ] GC(17) Concurrent Mark From Roots
[5.774s][info][gc,task     ] GC(17) Using 1 workers of 1 for marking
[6.017s][info][gc,start    ] GC(18) Pause Young (Normal) (G1 Evacuation Pause)
[6.017s][info][gc,task     ] GC(18) Using 2 workers of 2 for evacuation
[6.043s][info][gc,phases   ] GC(18)   Pre Evacuate Collection Set: 0.17ms
[6.043s][info][gc,phases   ] GC(18)   Merge Heap Roots: 0.48ms
[6.043s][info][gc,phases   ] GC(18)   Evacuate Collection Set: 21.27ms
[6.043s][info][gc,phases   ] GC(18)   Post Evacuate Collection Set: 3.93ms
[6.043s][info][gc,phases   ] GC(18)   Other: 0.11ms
[6.043s][info][gc,heap     ] GC(18) Eden regions: 13->0(57)
[6.043s][info][gc,heap     ] GC(18) Survivor regions: 1->2(2)
[6.043s][info][gc,heap     ] GC(18) Old regions: 142->142
[6.043s][info][gc,heap     ] GC(18) Humongous regions: 0->0
[6.043s][info][gc,metaspace] GC(18) Metaspace: 15798K(16000K)->15798K(16000K) NonClass: 14060K(14144K)->14060K(14144K) Class: 1738K(1856K)->1738K(1856K)
[6.043s][info][gc          ] GC(18) Pause Young (Normal) (G1 Evacuation Pause) 155M->142M(533M) 26.269ms
[6.043s][info][gc,cpu      ] GC(18) User=0.05s Sys=0.00s Real=0.03s
[6.302s][info][gc,marking  ] GC(17) Concurrent Mark From Roots 528.489ms
[6.303s][info][gc,marking  ] GC(17) Concurrent Preclean
[6.303s][info][gc,marking  ] GC(17) Concurrent Preclean 0.052ms
[6.303s][info][gc,start    ] GC(17) Pause Remark
[6.310s][info][gc          ] GC(17) Pause Remark 157M->157M(480M) 6.872ms
[6.310s][info][gc,cpu      ] GC(17) User=0.02s Sys=0.00s Real=0.00s
[6.314s][info][gc,marking  ] GC(17) Concurrent Mark 539.697ms
[6.314s][info][gc,marking  ] GC(17) Concurrent Rebuild Remembered Sets and Scrub Regions
[6.442s][info][gc,start    ] GC(19) Pause Young (Normal) (G1 Evacuation Pause)
[6.442s][info][gc,task     ] GC(19) Using 2 workers of 2 for evacuation
[6.472s][info][gc,phases   ] GC(19)   Pre Evacuate Collection Set: 0.30ms
[6.472s][info][gc,phases   ] GC(19)   Merge Heap Roots: 0.84ms
[6.472s][info][gc,phases   ] GC(19)   Evacuate Collection Set: 28.24ms
[6.472s][info][gc,phases   ] GC(19)   Post Evacuate Collection Set: 0.56ms
[6.472s][info][gc,phases   ] GC(19)   Other: 0.07ms
[6.472s][info][gc,heap     ] GC(19) Eden regions: 22->0(21)
[6.472s][info][gc,heap     ] GC(19) Survivor regions: 2->3(3)
[6.472s][info][gc,heap     ] GC(19) Old regions: 142->142
[6.472s][info][gc,heap     ] GC(19) Humongous regions: 0->0
[6.473s][info][gc,metaspace] GC(19) Metaspace: 16445K(16640K)->16445K(16640K) NonClass: 14675K(14784K)->14675K(14784K) Class: 1769K(1856K)->1769K(1856K)
[6.473s][info][gc          ] GC(19) Pause Young (Normal) (G1 Evacuation Pause) 164M->143M(480M) 30.244ms
[6.473s][info][gc,cpu      ] GC(19) User=0.06s Sys=0.01s Real=0.03s
[6.568s][info][gc,marking  ] GC(17) Concurrent Rebuild Remembered Sets and Scrub Regions 254.428ms
[6.571s][info][gc,start    ] GC(17) Pause Cleanup
[6.571s][info][gc          ] GC(17) Pause Cleanup 150M->150M(480M) 0.102ms
[6.571s][info][gc,cpu      ] GC(17) User=0.00s Sys=0.00s Real=0.00s
[6.575s][info][gc,marking  ] GC(17) Concurrent Clear Claimed Marks
[6.575s][info][gc,marking  ] GC(17) Concurrent Clear Claimed Marks 0.061ms
[6.575s][info][gc,marking  ] GC(17) Concurrent Cleanup for Next Mark
[6.584s][info][gc,marking  ] GC(17) Concurrent Cleanup for Next Mark 9.181ms
[6.584s][info][gc          ] GC(17) Concurrent Mark Cycle 832.467ms
[6.650s][info][gc,start    ] GC(20) Pause Young (Prepare Mixed) (G1 Evacuation Pause)
[6.651s][info][gc,task     ] GC(20) Using 2 workers of 2 for evacuation
[6.684s][info][gc,phases   ] GC(20)   Pre Evacuate Collection Set: 0.28ms
[6.684s][info][gc,phases   ] GC(20)   Merge Heap Roots: 1.30ms
[6.684s][info][gc,phases   ] GC(20)   Evacuate Collection Set: 31.74ms
[6.684s][info][gc,phases   ] GC(20)   Post Evacuate Collection Set: 0.37ms
[6.684s][info][gc,phases   ] GC(20)   Other: 0.07ms
[6.684s][info][gc,heap     ] GC(20) Eden regions: 21->0(36)
[6.684s][info][gc,heap     ] GC(20) Survivor regions: 3->3(3)
[6.684s][info][gc,heap     ] GC(20) Old regions: 142->144
[6.684s][info][gc,heap     ] GC(20) Humongous regions: 0->0
[6.684s][info][gc,metaspace] GC(20) Metaspace: 16568K(16768K)->16568K(16768K) NonClass: 14792K(14912K)->14792K(14912K) Class: 1776K(1856K)->1776K(1856K)
[6.684s][info][gc          ] GC(20) Pause Young (Prepare Mixed) (G1 Evacuation Pause) 164M->144M(480M) 33.984ms
[6.684s][info][gc,cpu      ] GC(20) User=0.07s Sys=0.00s Real=0.04s
[7.544s][info][gc,start    ] GC(21) Pause Young (Mixed) (G1 Evacuation Pause)
[7.544s][info][gc,task     ] GC(21) Using 2 workers of 2 for evacuation
[7.661s][info][gc,phases   ] GC(21)   Pre Evacuate Collection Set: 0.28ms
[7.661s][info][gc,phases   ] GC(21)   Merge Heap Roots: 0.46ms
[7.661s][info][gc,phases   ] GC(21)   Evacuate Collection Set: 115.37ms
[7.661s][info][gc,phases   ] GC(21)   Post Evacuate Collection Set: 0.68ms
[7.661s][info][gc,phases   ] GC(21)   Other: 0.14ms
[7.661s][info][gc,heap     ] GC(21) Eden regions: 225->0(1)
[7.661s][info][gc,heap     ] GC(21) Survivor regions: 3->29(29)
[7.661s][info][gc,heap     ] GC(21) Old regions: 144->191
[7.661s][info][gc,heap     ] GC(21) Humongous regions: 4->4
[7.661s][info][gc,metaspace] GC(21) Metaspace: 16657K(16832K)->16657K(16832K) NonClass: 14880K(14976K)->14880K(14976K) Class: 1777K(1856K)->1777K(1856K)
[7.661s][info][gc          ] GC(21) Pause Young (Mixed) (G1 Evacuation Pause) 373M->224M(480M) 117.278ms
[7.661s][info][gc,cpu      ] GC(21) User=0.23s Sys=0.00s Real=0.11s
[7.736s][info][gc,start    ] GC(22) Pause Young (Mixed) (G1 Evacuation Pause)
[7.737s][info][gc,task     ] GC(22) Using 2 workers of 2 for evacuation
[7.794s][info][gc,phases   ] GC(22)   Pre Evacuate Collection Set: 0.33ms
[7.794s][info][gc,phases   ] GC(22)   Merge Heap Roots: 0.44ms
[7.794s][info][gc,phases   ] GC(22)   Evacuate Collection Set: 56.02ms
[7.794s][info][gc,phases   ] GC(22)   Post Evacuate Collection Set: 0.32ms
[7.794s][info][gc,phases   ] GC(22)   Other: 0.10ms
[7.794s][info][gc,heap     ] GC(22) Eden regions: 34->0(31)
[7.794s][info][gc,heap     ] GC(22) Survivor regions: 29->5(8)
[7.794s][info][gc,heap     ] GC(22) Old regions: 191->220
[7.794s][info][gc,heap     ] GC(22) Humongous regions: 4->4
[7.794s][info][gc,metaspace] GC(22) Metaspace: 16657K(16832K)->16657K(16832K) NonClass: 14880K(14976K)->14880K(14976K) Class: 1777K(1856K)->1777K(1856K)
[7.794s][info][gc          ] GC(22) Pause Young (Mixed) (G1 Evacuation Pause) 258M->228M(480M) 57.491ms
[7.794s][info][gc,cpu      ] GC(22) User=0.11s Sys=0.00s Real=0.06s
[8.069s][info][gc,start    ] GC(23) Pause Young (Concurrent Start) (G1 Evacuation Pause)
[8.069s][info][gc,task     ] GC(23) Using 2 workers of 2 for evacuation
[8.103s][info][gc,phases   ] GC(23)   Pre Evacuate Collection Set: 0.24ms
[8.103s][info][gc,phases   ] GC(23)   Merge Heap Roots: 0.27ms
[8.103s][info][gc,phases   ] GC(23)   Evacuate Collection Set: 33.01ms
[8.103s][info][gc,phases   ] GC(23)   Post Evacuate Collection Set: 0.38ms
[8.103s][info][gc,phases   ] GC(23)   Other: 0.18ms
[8.103s][info][gc,heap     ] GC(23) Eden regions: 147->0(91)
[8.103s][info][gc,heap     ] GC(23) Survivor regions: 5->17(19)
[8.103s][info][gc,heap     ] GC(23) Old regions: 220->220
[8.103s][info][gc,heap     ] GC(23) Humongous regions: 4->4
[8.103s][info][gc,metaspace] GC(23) Metaspace: 16702K(16896K)->16702K(16896K) NonClass: 14925K(15040K)->14925K(15040K) Class: 1777K(1856K)->1777K(1856K)
[8.103s][info][gc          ] GC(23) Pause Young (Concurrent Start) (G1 Evacuation Pause) 375M->240M(480M) 34.377ms
[8.103s][info][gc          ] GC(24) Concurrent Mark Cycle
[8.103s][info][gc,marking  ] GC(24) Concurrent Scan Root Regions
[8.106s][info][gc,cpu      ] GC(23) User=0.07s Sys=0.00s Real=0.04s
[8.147s][info][gc,marking  ] GC(24) Concurrent Scan Root Regions 43.224ms
[8.147s][info][gc,marking  ] GC(24) Concurrent Mark
[8.147s][info][gc,marking  ] GC(24) Concurrent Mark From Roots
[8.147s][info][gc,task     ] GC(24) Using 1 workers of 1 for marking
[8.574s][info][gc,start    ] GC(25) Pause Young (Normal) (G1 Evacuation Pause)
[8.574s][info][gc,task     ] GC(25) Using 2 workers of 2 for evacuation
[8.609s][info][gc,phases   ] GC(25)   Pre Evacuate Collection Set: 0.24ms
[8.609s][info][gc,phases   ] GC(25)   Merge Heap Roots: 0.20ms
[8.609s][info][gc,phases   ] GC(25)   Evacuate Collection Set: 33.00ms
[8.609s][info][gc,phases   ] GC(25)   Post Evacuate Collection Set: 2.04ms
[8.609s][info][gc,phases   ] GC(25)   Other: 0.14ms
[8.609s][info][gc,heap     ] GC(25) Eden regions: 153->0(196)
[8.610s][info][gc,heap     ] GC(25) Survivor regions: 17->4(22)
[8.610s][info][gc,heap     ] GC(25) Old regions: 220->237
[8.610s][info][gc,heap     ] GC(25) Humongous regions: 4->4
[8.610s][info][gc,metaspace] GC(25) Metaspace: 16717K(16896K)->16717K(16896K) NonClass: 14940K(15040K)->14940K(15040K) Class: 1777K(1856K)->1777K(1856K)
[8.610s][info][gc          ] GC(25) Pause Young (Normal) (G1 Evacuation Pause) 393M->244M(612M) 35.898ms
[8.610s][info][gc,cpu      ] GC(25) User=0.07s Sys=0.00s Real=0.03s
[9.184s][info][gc,marking  ] GC(24) Concurrent Mark From Roots 1037.195ms
[9.184s][info][gc,marking  ] GC(24) Concurrent Preclean
[9.184s][info][gc,marking  ] GC(24) Concurrent Preclean 0.043ms
[9.184s][info][gc,start    ] GC(24) Pause Remark
[9.193s][info][gc          ] GC(24) Pause Remark 389M->388M(612M) 8.949ms
[9.193s][info][gc,cpu      ] GC(24) User=0.01s Sys=0.00s Real=0.01s
[9.194s][info][gc,marking  ] GC(24) Concurrent Mark 1047.347ms
[9.194s][info][gc,marking  ] GC(24) Concurrent Rebuild Remembered Sets and Scrub Regions
[9.398s][info][gc,start    ] GC(26) Pause Young (Normal) (G1 Evacuation Pause)
[9.398s][info][gc,task     ] GC(26) Using 2 workers of 2 for evacuation
[9.411s][info][gc,phases   ] GC(26)   Pre Evacuate Collection Set: 0.31ms
[9.411s][info][gc,phases   ] GC(26)   Merge Heap Roots: 0.20ms
[9.411s][info][gc,phases   ] GC(26)   Evacuate Collection Set: 11.97ms
[9.411s][info][gc,phases   ] GC(26)   Post Evacuate Collection Set: 0.46ms
[9.411s][info][gc,phases   ] GC(26)   Other: 0.09ms
[9.411s][info][gc,heap     ] GC(26) Eden regions: 224->0(240)
[9.411s][info][gc,heap     ] GC(26) Survivor regions: 4->6(29)
[9.411s][info][gc,heap     ] GC(26) Old regions: 237->237
[9.411s][info][gc,heap     ] GC(26) Humongous regions: 3->3
[9.411s][info][gc,metaspace] GC(26) Metaspace: 16795K(16960K)->16795K(16960K) NonClass: 15018K(15104K)->15018K(15104K) Class: 1777K(1856K)->1777K(1856K)
[9.411s][info][gc          ] GC(26) Pause Young (Normal) (G1 Evacuation Pause) 467M->245M(612M) 13.273ms
[9.411s][info][gc,cpu      ] GC(26) User=0.02s Sys=0.00s Real=0.01s
[9.595s][info][gc,marking  ] GC(24) Concurrent Rebuild Remembered Sets and Scrub Regions 400.928ms
[9.595s][info][gc,start    ] GC(24) Pause Cleanup
[9.595s][info][gc          ] GC(24) Pause Cleanup 275M->275M(612M) 0.100ms
[9.595s][info][gc,cpu      ] GC(24) User=0.00s Sys=0.00s Real=0.00s
[9.595s][info][gc,marking  ] GC(24) Concurrent Clear Claimed Marks
[9.595s][info][gc,marking  ] GC(24) Concurrent Clear Claimed Marks 0.034ms
[9.595s][info][gc,marking  ] GC(24) Concurrent Cleanup for Next Mark
[9.606s][info][gc,marking  ] GC(24) Concurrent Cleanup for Next Mark 10.717ms
[9.606s][info][gc          ] GC(24) Concurrent Mark Cycle 1502.811ms
[10.101s][info][gc,start    ] GC(27) Pause Young (Prepare Mixed) (G1 Evacuation Pause)
[10.101s][info][gc,task     ] GC(27) Using 2 workers of 2 for evacuation
[10.116s][info][gc,phases   ] GC(27)   Pre Evacuate Collection Set: 0.30ms
[10.116s][info][gc,phases   ] GC(27)   Merge Heap Roots: 0.25ms
[10.116s][info][gc,phases   ] GC(27)   Evacuate Collection Set: 14.13ms
[10.116s][info][gc,phases   ] GC(27)   Post Evacuate Collection Set: 0.51ms
[10.116s][info][gc,phases   ] GC(27)   Other: 0.12ms
[10.116s][info][gc,heap     ] GC(27) Eden regions: 240->0(250)
[10.116s][info][gc,heap     ] GC(27) Survivor regions: 6->8(31)
[10.116s][info][gc,heap     ] GC(27) Old regions: 237->237
[10.116s][info][gc,heap     ] GC(27) Humongous regions: 3->3
[10.116s][info][gc,metaspace] GC(27) Metaspace: 16891K(17024K)->16891K(17024K) NonClass: 15112K(15168K)->15112K(15168K) Class: 1778K(1856K)->1778K(1856K)
[10.116s][info][gc          ] GC(27) Pause Young (Prepare Mixed) (G1 Evacuation Pause) 485M->247M(612M) 15.552ms
[10.116s][info][gc,cpu      ] GC(27) User=0.03s Sys=0.00s Real=0.02s
[10.658s][info][gc,start    ] GC(28) Pause Young (Mixed) (G1 Evacuation Pause)
[10.658s][info][gc,task     ] GC(28) Using 2 workers of 2 for evacuation
[10.711s][info][gc,phases   ] GC(28)   Pre Evacuate Collection Set: 0.24ms
[10.711s][info][gc,phases   ] GC(28)   Merge Heap Roots: 0.23ms
[10.711s][info][gc,phases   ] GC(28)   Evacuate Collection Set: 52.21ms
[10.711s][info][gc,phases   ] GC(28)   Post Evacuate Collection Set: 0.64ms
[10.711s][info][gc,phases   ] GC(28)   Other: 0.11ms
[10.711s][info][gc,heap     ] GC(28) Eden regions: 250->0(230)
[10.711s][info][gc,heap     ] GC(28) Survivor regions: 8->33(33)
[10.712s][info][gc,heap     ] GC(28) Old regions: 237->244
[10.712s][info][gc,heap     ] GC(28) Humongous regions: 3->3
[10.712s][info][gc,metaspace] GC(28) Metaspace: 16974K(17088K)->16974K(17088K) NonClass: 15194K(15232K)->15194K(15232K) Class: 1779K(1856K)->1779K(1856K)
[10.712s][info][gc          ] GC(28) Pause Young (Mixed) (G1 Evacuation Pause) 497M->280M(612M) 53.677ms
[10.712s][info][gc,cpu      ] GC(28) User=0.10s Sys=0.00s Real=0.05s
[11.467s][info][gc,start    ] GC(29) Pause Young (Normal) (G1 Evacuation Pause)
[11.467s][info][gc,task     ] GC(29) Using 2 workers of 2 for evacuation
[11.571s][info][gc,phases   ] GC(29)   Pre Evacuate Collection Set: 0.24ms
[11.572s][info][gc,phases   ] GC(29)   Merge Heap Roots: 0.25ms
[11.572s][info][gc,phases   ] GC(29)   Evacuate Collection Set: 103.56ms
[11.572s][info][gc,phases   ] GC(29)   Post Evacuate Collection Set: 0.55ms
[11.572s][info][gc,phases   ] GC(29)   Other: 0.10ms
[11.572s][info][gc,heap     ] GC(29) Eden regions: 230->0(191)
[11.572s][info][gc,heap     ] GC(29) Survivor regions: 33->33(33)
[11.572s][info][gc,heap     ] GC(29) Old regions: 244->292
[11.572s][info][gc,heap     ] GC(29) Humongous regions: 4->4
[11.572s][info][gc,metaspace] GC(29) Metaspace: 17009K(17216K)->17009K(17216K) NonClass: 15227K(15360K)->15227K(15360K) Class: 1781K(1856K)->1781K(1856K)
[11.572s][info][gc          ] GC(29) Pause Young (Normal) (G1 Evacuation Pause) 511M->329M(612M) 104.964ms
[11.572s][info][gc,cpu      ] GC(29) User=0.20s Sys=0.00s Real=0.10s
[11.958s][info][gc,start    ] GC(30) Pause Young (Concurrent Start) (G1 Evacuation Pause)
[11.958s][info][gc,task     ] GC(30) Using 2 workers of 2 for evacuation
[12.004s][info][gc,phases   ] GC(30)   Pre Evacuate Collection Set: 0.28ms
[12.004s][info][gc,phases   ] GC(30)   Merge Heap Roots: 1.23ms
[12.004s][info][gc,phases   ] GC(30)   Evacuate Collection Set: 43.71ms
[12.004s][info][gc,phases   ] GC(30)   Post Evacuate Collection Set: 0.45ms
[12.004s][info][gc,phases   ] GC(30)   Other: 0.10ms
[12.004s][info][gc,heap     ] GC(30) Eden regions: 191->0(202)
[12.004s][info][gc,heap     ] GC(30) Survivor regions: 33->2(28)
[12.004s][info][gc,heap     ] GC(30) Old regions: 292->326
[12.004s][info][gc,heap     ] GC(30) Humongous regions: 4->4
[12.004s][info][gc,metaspace] GC(30) Metaspace: 17012K(17216K)->17012K(17216K) NonClass: 15231K(15360K)->15231K(15360K) Class: 1781K(1856K)->1781K(1856K)
[12.004s][info][gc          ] GC(30) Pause Young (Concurrent Start) (G1 Evacuation Pause) 520M->331M(612M) 46.028ms
[12.004s][info][gc,cpu      ] GC(30) User=0.08s Sys=0.00s Real=0.05s
[12.004s][info][gc          ] GC(31) Concurrent Mark Cycle
[12.010s][info][gc,marking  ] GC(31) Concurrent Scan Root Regions
[12.051s][info][gc,marking  ] GC(31) Concurrent Scan Root Regions 41.424ms
[12.051s][info][gc,marking  ] GC(31) Concurrent Mark
[12.051s][info][gc,marking  ] GC(31) Concurrent Mark From Roots
[12.051s][info][gc,task     ] GC(31) Using 1 workers of 1 for marking
[12.988s][info][gc,marking  ] GC(31) Concurrent Mark From Roots 936.722ms
[12.988s][info][gc,marking  ] GC(31) Concurrent Preclean
[12.988s][info][gc,marking  ] GC(31) Concurrent Preclean 0.036ms
[12.989s][info][gc,start    ] GC(31) Pause Remark
[12.996s][info][gc          ] GC(31) Pause Remark 525M->498M(612M) 7.511ms
[12.996s][info][gc,cpu      ] GC(31) User=0.02s Sys=0.00s Real=0.01s
[12.997s][info][gc,marking  ] GC(31) Concurrent Mark 945.400ms
[12.997s][info][gc,marking  ] GC(31) Concurrent Rebuild Remembered Sets and Scrub Regions
[13.049s][info][gc,start    ] GC(32) Pause Young (Normal) (G1 Evacuation Pause)
[13.049s][info][gc,task     ] GC(32) Using 2 workers of 2 for evacuation
[13.056s][info][gc,phases   ] GC(32)   Pre Evacuate Collection Set: 0.23ms
[13.056s][info][gc,phases   ] GC(32)   Merge Heap Roots: 0.15ms
[13.056s][info][gc,phases   ] GC(32)   Evacuate Collection Set: 6.39ms
[13.056s][info][gc,phases   ] GC(32)   Post Evacuate Collection Set: 0.41ms
[13.056s][info][gc,phases   ] GC(32)   Other: 0.08ms
[13.056s][info][gc,heap     ] GC(32) Eden regions: 202->0(229)
[13.056s][info][gc,heap     ] GC(32) Survivor regions: 2->4(26)
[13.056s][info][gc,heap     ] GC(32) Old regions: 300->300
[13.056s][info][gc,heap     ] GC(32) Humongous regions: 3->3
[13.056s][info][gc,metaspace] GC(32) Metaspace: 17024K(17216K)->17024K(17216K) NonClass: 15242K(15360K)->15242K(15360K) Class: 1781K(1856K)->1781K(1856K)
[13.056s][info][gc          ] GC(32) Pause Young (Normal) (G1 Evacuation Pause) 506M->306M(612M) 7.527ms
[13.056s][info][gc,cpu      ] GC(32) User=0.01s Sys=0.00s Real=0.01s
[13.384s][info][gc,marking  ] GC(31) Concurrent Rebuild Remembered Sets and Scrub Regions 387.050ms
[13.384s][info][gc,start    ] GC(31) Pause Cleanup
[13.384s][info][gc          ] GC(31) Pause Cleanup 382M->382M(612M) 0.143ms
[13.384s][info][gc,cpu      ] GC(31) User=0.00s Sys=0.00s Real=0.00s
[13.384s][info][gc,marking  ] GC(31) Concurrent Clear Claimed Marks
[13.385s][info][gc,marking  ] GC(31) Concurrent Clear Claimed Marks 0.046ms
[13.385s][info][gc,marking  ] GC(31) Concurrent Cleanup for Next Mark
[13.386s][info][gc,marking  ] GC(31) Concurrent Cleanup for Next Mark 1.912ms
[13.386s][info][gc          ] GC(31) Concurrent Mark Cycle 1382.474ms
[13.803s][info][gc,start    ] GC(33) Pause Young (Prepare Mixed) (G1 Evacuation Pause)
[13.803s][info][gc,task     ] GC(33) Using 2 workers of 2 for evacuation
[13.883s][info][gc,phases   ] GC(33)   Pre Evacuate Collection Set: 0.32ms
[13.883s][info][gc,phases   ] GC(33)   Merge Heap Roots: 0.31ms
[13.883s][info][gc,phases   ] GC(33)   Evacuate Collection Set: 78.65ms
[13.883s][info][gc,phases   ] GC(33)   Post Evacuate Collection Set: 0.63ms
[13.883s][info][gc,phases   ] GC(33)   Other: 0.10ms
[13.883s][info][gc,heap     ] GC(33) Eden regions: 229->0(171)
[13.883s][info][gc,heap     ] GC(33) Survivor regions: 4->30(30)
[13.883s][info][gc,heap     ] GC(33) Old regions: 300->322
[13.883s][info][gc,heap     ] GC(33) Humongous regions: 3->3
[13.883s][info][gc,metaspace] GC(33) Metaspace: 17037K(17216K)->17037K(17216K) NonClass: 15255K(15360K)->15255K(15360K) Class: 1781K(1856K)->1781K(1856K)
[13.883s][info][gc          ] GC(33) Pause Young (Prepare Mixed) (G1 Evacuation Pause) 535M->355M(612M) 80.290ms
[13.883s][info][gc,cpu      ] GC(33) User=0.16s Sys=0.00s Real=0.08s
[14.348s][info][gc,start    ] GC(34) Pause Young (Mixed) (G1 Evacuation Pause)
[14.348s][info][gc,task     ] GC(34) Using 2 workers of 2 for evacuation
[14.486s][info][gc,phases   ] GC(34)   Pre Evacuate Collection Set: 0.35ms
[14.486s][info][gc,phases   ] GC(34)   Merge Heap Roots: 1.06ms
[14.486s][info][gc,phases   ] GC(34)   Evacuate Collection Set: 130.01ms
[14.486s][info][gc,phases   ] GC(34)   Merge Optional Heap Roots: 0.19ms
[14.486s][info][gc,phases   ] GC(34)   Evacuate Optional Collection Set: 5.45ms
[14.486s][info][gc,phases   ] GC(34)   Post Evacuate Collection Set: 0.73ms
[14.486s][info][gc,phases   ] GC(34)   Other: 0.12ms
[14.486s][info][gc,heap     ] GC(34) Eden regions: 171->0(149)
[14.486s][info][gc,heap     ] GC(34) Survivor regions: 30->26(26)
[14.486s][info][gc,heap     ] GC(34) Old regions: 322->341
[14.486s][info][gc,heap     ] GC(34) Humongous regions: 4->4
[14.486s][info][gc,metaspace] GC(34) Metaspace: 17042K(17216K)->17042K(17216K) NonClass: 15261K(15360K)->15261K(15360K) Class: 1781K(1856K)->1781K(1856K)
[14.486s][info][gc          ] GC(34) Pause Young (Mixed) (G1 Evacuation Pause) 527M->371M(617M) 138.222ms
[14.486s][info][gc,cpu      ] GC(34) User=0.26s Sys=0.01s Real=0.14s
[14.641s][info][gc,start    ] GC(35) Pause Young (Mixed) (G1 Evacuation Pause)
[14.641s][info][gc,task     ] GC(35) Using 2 workers of 2 for evacuation
[14.760s][info][gc,phases   ] GC(35)   Pre Evacuate Collection Set: 0.25ms
[14.760s][info][gc,phases   ] GC(35)   Merge Heap Roots: 0.40ms
[14.760s][info][gc,phases   ] GC(35)   Evacuate Collection Set: 116.75ms
[14.760s][info][gc,phases   ] GC(35)   Post Evacuate Collection Set: 1.32ms
[14.760s][info][gc,phases   ] GC(35)   Other: 0.10ms
[14.760s][info][gc,heap     ] GC(35) Eden regions: 149->0(130)
[14.760s][info][gc,heap     ] GC(35) Survivor regions: 26->22(22)
[14.760s][info][gc,heap     ] GC(35) Old regions: 341->415
[14.760s][info][gc,heap     ] GC(35) Humongous regions: 4->4
[14.760s][info][gc,metaspace] GC(35) Metaspace: 17042K(17216K)->17042K(17216K) NonClass: 15261K(15360K)->15261K(15360K) Class: 1781K(1856K)->1781K(1856K)
[14.760s][info][gc          ] GC(35) Pause Young (Mixed) (G1 Evacuation Pause) 520M->441M(688M) 119.085ms
[14.760s][info][gc,cpu      ] GC(35) User=0.23s Sys=0.00s Real=0.12s
[14.930s][info][gc,start    ] GC(36) Pause Young (Concurrent Start) (G1 Evacuation Pause)
[14.930s][info][gc,task     ] GC(36) Using 2 workers of 2 for evacuation
[14.966s][info][gc,phases   ] GC(36)   Pre Evacuate Collection Set: 0.31ms
[14.966s][info][gc,phases   ] GC(36)   Merge Heap Roots: 0.16ms
[14.966s][info][gc,phases   ] GC(36)   Evacuate Collection Set: 35.18ms
[14.966s][info][gc,phases   ] GC(36)   Post Evacuate Collection Set: 0.39ms
[14.966s][info][gc,phases   ] GC(36)   Other: 0.24ms
[14.966s][info][gc,heap     ] GC(36) Eden regions: 130->0(136)
[14.966s][info][gc,heap     ] GC(36) Survivor regions: 22->8(19)
[14.966s][info][gc,heap     ] GC(36) Old regions: 415->438
[14.966s][info][gc,heap     ] GC(36) Humongous regions: 4->4
[14.966s][info][gc,metaspace] GC(36) Metaspace: 17043K(17216K)->17043K(17216K) NonClass: 15261K(15360K)->15261K(15360K) Class: 1781K(1856K)->1781K(1856K)
[14.966s][info][gc          ] GC(36) Pause Young (Concurrent Start) (G1 Evacuation Pause) 571M->449M(688M) 36.499ms
[14.966s][info][gc,cpu      ] GC(36) User=0.07s Sys=0.00s Real=0.04s
[14.966s][info][gc          ] GC(37) Concurrent Mark Cycle
[14.966s][info][gc,marking  ] GC(37) Concurrent Scan Root Regions
[15.027s][info][gc,marking  ] GC(37) Concurrent Scan Root Regions 61.087ms
[15.027s][info][gc,marking  ] GC(37) Concurrent Mark
[15.027s][info][gc,marking  ] GC(37) Concurrent Mark From Roots
[15.027s][info][gc,task     ] GC(37) Using 1 workers of 1 for marking
[15.569s][info][gc,start    ] GC(38) Pause Young (Normal) (G1 Evacuation Pause)
[15.569s][info][gc,task     ] GC(38) Using 2 workers of 2 for evacuation
[15.611s][info][gc,phases   ] GC(38)   Pre Evacuate Collection Set: 0.28ms
[15.611s][info][gc,phases   ] GC(38)   Merge Heap Roots: 1.46ms
[15.611s][info][gc,phases   ] GC(38)   Evacuate Collection Set: 39.19ms
[15.611s][info][gc,phases   ] GC(38)   Post Evacuate Collection Set: 0.53ms
[15.611s][info][gc,phases   ] GC(38)   Other: 0.11ms
[15.611s][info][gc,heap     ] GC(38) Eden regions: 136->0(122)
[15.611s][info][gc,heap     ] GC(38) Survivor regions: 8->18(18)
[15.611s][info][gc,heap     ] GC(38) Old regions: 438->455
[15.611s][info][gc,heap     ] GC(38) Humongous regions: 4->4
[15.611s][info][gc,metaspace] GC(38) Metaspace: 17050K(17216K)->17050K(17216K) NonClass: 15269K(15360K)->15269K(15360K) Class: 1781K(1856K)->1781K(1856K)
[15.611s][info][gc          ] GC(38) Pause Young (Normal) (G1 Evacuation Pause) 585M->477M(688M) 41.801ms
[15.611s][info][gc,cpu      ] GC(38) User=0.08s Sys=0.00s Real=0.04s
[16.154s][info][gc,start    ] GC(39) Pause Young (Normal) (G1 Evacuation Pause)
[16.154s][info][gc,task     ] GC(39) Using 2 workers of 2 for evacuation
[16.232s][info][gc,phases   ] GC(39)   Pre Evacuate Collection Set: 0.33ms
[16.232s][info][gc,phases   ] GC(39)   Merge Heap Roots: 0.49ms
[16.232s][info][gc,phases   ] GC(39)   Evacuate Collection Set: 77.03ms
[16.232s][info][gc,phases   ] GC(39)   Post Evacuate Collection Set: 0.52ms
[16.232s][info][gc,phases   ] GC(39)   Other: 0.12ms
[16.232s][info][gc,heap     ] GC(39) Eden regions: 122->0(112)
[16.232s][info][gc,heap     ] GC(39) Survivor regions: 18->18(18)
[16.232s][info][gc,heap     ] GC(39) Old regions: 455->477
[16.232s][info][gc,heap     ] GC(39) Humongous regions: 5->5
[16.232s][info][gc,metaspace] GC(39) Metaspace: 17060K(17216K)->17060K(17216K) NonClass: 15278K(15360K)->15278K(15360K) Class: 1781K(1856K)->1781K(1856K)
[16.233s][info][gc          ] GC(39) Pause Young (Normal) (G1 Evacuation Pause) 600M->499M(688M) 78.785ms
[16.233s][info][gc,cpu      ] GC(39) User=0.15s Sys=0.00s Real=0.07s
[16.507s][info][gc,start    ] GC(40) Pause Young (Normal) (G1 Evacuation Pause)
[16.507s][info][gc,task     ] GC(40) Using 2 workers of 2 for evacuation
[16.537s][info][gc,phases   ] GC(40)   Pre Evacuate Collection Set: 0.39ms
[16.537s][info][gc,phases   ] GC(40)   Merge Heap Roots: 0.34ms
[16.537s][info][gc,phases   ] GC(40)   Evacuate Collection Set: 28.57ms
[16.537s][info][gc,phases   ] GC(40)   Post Evacuate Collection Set: 0.40ms
[16.537s][info][gc,phases   ] GC(40)   Other: 0.11ms
[16.537s][info][gc,heap     ] GC(40) Eden regions: 112->0(120)
[16.537s][info][gc,heap     ] GC(40) Survivor regions: 18->1(17)
[16.537s][info][gc,heap     ] GC(40) Old regions: 477->495
[16.537s][info][gc,heap     ] GC(40) Humongous regions: 5->5
[16.537s][info][gc,metaspace] GC(40) Metaspace: 17060K(17216K)->17060K(17216K) NonClass: 15278K(15360K)->15278K(15360K) Class: 1781K(1856K)->1781K(1856K)
[16.537s][info][gc          ] GC(40) Pause Young (Normal) (G1 Evacuation Pause) 611M->501M(688M) 30.114ms
[16.537s][info][gc,cpu      ] GC(40) User=0.06s Sys=0.00s Real=0.03s
[16.843s][info][gc,start    ] GC(41) Pause Young (Normal) (G1 Evacuation Pause)
[16.843s][info][gc,task     ] GC(41) Using 2 workers of 2 for evacuation
[16.847s][info][gc,phases   ] GC(41)   Pre Evacuate Collection Set: 0.35ms
[16.847s][info][gc,phases   ] GC(41)   Merge Heap Roots: 0.08ms
[16.847s][info][gc,phases   ] GC(41)   Evacuate Collection Set: 2.23ms
[16.847s][info][gc,phases   ] GC(41)   Post Evacuate Collection Set: 1.29ms
[16.847s][info][gc,phases   ] GC(41)   Other: 0.11ms
[16.847s][info][gc,heap     ] GC(41) Eden regions: 120->0(163)
[16.847s][info][gc,heap     ] GC(41) Survivor regions: 1->1(16)
[16.847s][info][gc,heap     ] GC(41) Old regions: 495->495
[16.847s][info][gc,heap     ] GC(41) Humongous regions: 5->5
[16.847s][info][gc,metaspace] GC(41) Metaspace: 17060K(17216K)->17060K(17216K) NonClass: 15278K(15360K)->15278K(15360K) Class: 1781K(1856K)->1781K(1856K)
[16.847s][info][gc          ] GC(41) Pause Young (Normal) (G1 Evacuation Pause) 621M->501M(752M) 4.323ms
[16.847s][info][gc,cpu      ] GC(41) User=0.01s Sys=0.00s Real=0.00s
[17.025s][info][gc,marking  ] GC(37) Concurrent Mark From Roots 1997.246ms
[17.025s][info][gc,marking  ] GC(37) Concurrent Preclean
[17.025s][info][gc,marking  ] GC(37) Concurrent Preclean 0.033ms
[17.025s][info][gc,start    ] GC(37) Pause Remark
[17.034s][info][gc          ] GC(37) Pause Remark 555M->555M(835M) 8.860ms
[17.034s][info][gc,cpu      ] GC(37) User=0.02s Sys=0.00s Real=0.01s
[17.034s][info][gc,marking  ] GC(37) Concurrent Mark 2006.488ms
[17.034s][info][gc,marking  ] GC(37) Concurrent Rebuild Remembered Sets and Scrub Regions
[17.603s][info][gc,start    ] GC(42) Pause Young (Normal) (G1 Evacuation Pause)
[17.603s][info][gc,task     ] GC(42) Using 2 workers of 2 for evacuation
[17.648s][info][gc,phases   ] GC(42)   Pre Evacuate Collection Set: 0.47ms
[17.648s][info][gc,phases   ] GC(42)   Merge Heap Roots: 0.25ms
[17.648s][info][gc,phases   ] GC(42)   Evacuate Collection Set: 43.59ms
[17.648s][info][gc,phases   ] GC(42)   Post Evacuate Collection Set: 0.47ms
[17.648s][info][gc,phases   ] GC(42)   Other: 0.13ms
[17.648s][info][gc,heap     ] GC(42) Eden regions: 163->0(184)
[17.648s][info][gc,heap     ] GC(42) Survivor regions: 1->21(21)
[17.648s][info][gc,heap     ] GC(42) Old regions: 495->513
[17.648s][info][gc,heap     ] GC(42) Humongous regions: 5->5
[17.648s][info][gc,metaspace] GC(42) Metaspace: 17089K(17280K)->17089K(17280K) NonClass: 15304K(15424K)->15304K(15424K) Class: 1785K(1856K)->1785K(1856K)
[17.648s][info][gc          ] GC(42) Pause Young (Normal) (G1 Evacuation Pause) 664M->539M(835M) 45.162ms
[17.648s][info][gc,cpu      ] GC(42) User=0.09s Sys=0.00s Real=0.04s
[17.831s][info][gc,marking  ] GC(37) Concurrent Rebuild Remembered Sets and Scrub Regions 796.726ms
[17.832s][info][gc,start    ] GC(37) Pause Cleanup
[17.832s][info][gc          ] GC(37) Pause Cleanup 599M->599M(835M) 0.127ms
[17.832s][info][gc,cpu      ] GC(37) User=0.00s Sys=0.00s Real=0.00s
[17.832s][info][gc,marking  ] GC(37) Concurrent Clear Claimed Marks
[17.832s][info][gc,marking  ] GC(37) Concurrent Clear Claimed Marks 0.065ms
[17.832s][info][gc,marking  ] GC(37) Concurrent Cleanup for Next Mark
[17.841s][info][gc,marking  ] GC(37) Concurrent Cleanup for Next Mark 9.179ms
[17.841s][info][gc          ] GC(37) Concurrent Mark Cycle 2875.125ms
[18.164s][info][gc,start    ] GC(43) Pause Young (Prepare Mixed) (G1 Evacuation Pause)
[18.164s][info][gc,task     ] GC(43) Using 2 workers of 2 for evacuation
[18.220s][info][gc,phases   ] GC(43)   Pre Evacuate Collection Set: 0.41ms
[18.220s][info][gc,phases   ] GC(43)   Merge Heap Roots: 0.23ms
[18.220s][info][gc,phases   ] GC(43)   Evacuate Collection Set: 54.28ms
[18.220s][info][gc,phases   ] GC(43)   Post Evacuate Collection Set: 0.54ms
[18.220s][info][gc,phases   ] GC(43)   Other: 0.13ms
[18.220s][info][gc,heap     ] GC(43) Eden regions: 184->0(183)
[18.220s][info][gc,heap     ] GC(43) Survivor regions: 21->16(26)
[18.220s][info][gc,heap     ] GC(43) Old regions: 513->533
[18.220s][info][gc,heap     ] GC(43) Humongous regions: 5->5
[18.220s][info][gc,metaspace] GC(43) Metaspace: 17137K(17280K)->17137K(17280K) NonClass: 15347K(15424K)->15347K(15424K) Class: 1790K(1856K)->1790K(1856K)
[18.220s][info][gc          ] GC(43) Pause Young (Prepare Mixed) (G1 Evacuation Pause) 723M->553M(835M) 55.858ms
[18.220s][info][gc,cpu      ] GC(43) User=0.11s Sys=0.00s Real=0.05s
[18.511s][info][gc,start    ] GC(44) Pause Young (Mixed) (G1 Evacuation Pause)
[18.511s][info][gc,task     ] GC(44) Using 2 workers of 2 for evacuation
[18.644s][info][gc,phases   ] GC(44)   Pre Evacuate Collection Set: 0.30ms
[18.644s][info][gc,phases   ] GC(44)   Merge Heap Roots: 0.23ms
[18.644s][info][gc,phases   ] GC(44)   Evacuate Collection Set: 130.97ms
[18.644s][info][gc,phases   ] GC(44)   Post Evacuate Collection Set: 0.67ms
[18.644s][info][gc,phases   ] GC(44)   Other: 0.08ms
[18.644s][info][gc,heap     ] GC(44) Eden regions: 183->0(123)
[18.644s][info][gc,heap     ] GC(44) Survivor regions: 16->25(25)
[18.644s][info][gc,heap     ] GC(44) Old regions: 533->612
[18.644s][info][gc,heap     ] GC(44) Humongous regions: 5->5
[18.644s][info][gc,metaspace] GC(44) Metaspace: 17163K(17344K)->17163K(17344K) NonClass: 15371K(15488K)->15371K(15488K) Class: 1792K(1856K)->1792K(1856K)
[18.644s][info][gc          ] GC(44) Pause Young (Mixed) (G1 Evacuation Pause) 736M->642M(851M) 132.467ms
[18.644s][info][gc,cpu      ] GC(44) User=0.25s Sys=0.01s Real=0.14s
[18.851s][info][gc,start    ] GC(45) Pause Young (Concurrent Start) (G1 Evacuation Pause)
[18.851s][info][gc,task     ] GC(45) Using 2 workers of 2 for evacuation
[18.949s][info][gc,phases   ] GC(45)   Pre Evacuate Collection Set: 0.37ms
[18.949s][info][gc,phases   ] GC(45)   Merge Heap Roots: 0.60ms
[18.949s][info][gc,phases   ] GC(45)   Evacuate Collection Set: 96.61ms
[18.949s][info][gc,phases   ] GC(45)   Post Evacuate Collection Set: 0.57ms
[18.949s][info][gc,phases   ] GC(45)   Other: 0.18ms
[18.949s][info][gc,heap     ] GC(45) Eden regions: 123->0(89)
[18.949s][info][gc,heap     ] GC(45) Survivor regions: 25->19(19)
[18.949s][info][gc,heap     ] GC(45) Old regions: 612->670
[18.949s][info][gc,heap     ] GC(45) Humongous regions: 5->5
[18.949s][info][gc,metaspace] GC(45) Metaspace: 17164K(17344K)->17164K(17344K) NonClass: 15372K(15488K)->15372K(15488K) Class: 1792K(1856K)->1792K(1856K)
[18.949s][info][gc          ] GC(45) Pause Young (Concurrent Start) (G1 Evacuation Pause) 765M->693M(851M) 98.559ms
[18.949s][info][gc          ] GC(46) Concurrent Mark Cycle
[18.949s][info][gc,marking  ] GC(46) Concurrent Scan Root Regions
[18.952s][info][gc,cpu      ] GC(45) User=0.20s Sys=0.00s Real=0.10s
[19.046s][info][gc,marking  ] GC(46) Concurrent Scan Root Regions 96.978ms
[19.046s][info][gc,marking  ] GC(46) Concurrent Mark
[19.046s][info][gc,marking  ] GC(46) Concurrent Mark From Roots
[19.046s][info][gc,task     ] GC(46) Using 1 workers of 1 for marking
[19.276s][info][gc,start    ] GC(47) Pause Young (Normal) (G1 Evacuation Pause)
[19.276s][info][gc,task     ] GC(47) Using 2 workers of 2 for evacuation
[19.339s][info][gc,phases   ] GC(47)   Pre Evacuate Collection Set: 0.42ms
[19.339s][info][gc,phases   ] GC(47)   Merge Heap Roots: 0.63ms
[19.339s][info][gc,phases   ] GC(47)   Evacuate Collection Set: 61.47ms
[19.339s][info][gc,phases   ] GC(47)   Post Evacuate Collection Set: 0.49ms
[19.339s][info][gc,phases   ] GC(47)   Other: 0.09ms
[19.339s][info][gc,heap     ] GC(47) Eden regions: 89->0(65)
[19.339s][info][gc,heap     ] GC(47) Survivor regions: 19->14(14)
[19.339s][info][gc,heap     ] GC(47) Old regions: 670->709
[19.339s][info][gc,heap     ] GC(47) Humongous regions: 5->5
[19.340s][info][gc,metaspace] GC(47) Metaspace: 17167K(17344K)->17167K(17344K) NonClass: 15374K(15488K)->15374K(15488K) Class: 1792K(1856K)->1792K(1856K)
[19.340s][info][gc          ] GC(47) Pause Young (Normal) (G1 Evacuation Pause) 782M->728M(851M) 63.346ms
[19.340s][info][gc,cpu      ] GC(47) User=0.13s Sys=0.00s Real=0.06s
[19.489s][info][gc,start    ] GC(48) Pause Young (Normal) (G1 Evacuation Pause)
[19.489s][info][gc,task     ] GC(48) Using 2 workers of 2 for evacuation
[19.524s][info][gc,phases   ] GC(48)   Pre Evacuate Collection Set: 0.40ms
[19.524s][info][gc,phases   ] GC(48)   Merge Heap Roots: 0.58ms
[19.524s][info][gc,phases   ] GC(48)   Evacuate Collection Set: 33.43ms
[19.524s][info][gc,phases   ] GC(48)   Post Evacuate Collection Set: 0.77ms
[19.524s][info][gc,phases   ] GC(48)   Other: 0.08ms
[19.524s][info][gc,heap     ] GC(48) Eden regions: 65->0(80)
[19.524s][info][gc,heap     ] GC(48) Survivor regions: 14->10(10)
[19.524s][info][gc,heap     ] GC(48) Old regions: 709->726
[19.524s][info][gc,heap     ] GC(48) Humongous regions: 5->5
[19.524s][info][gc,metaspace] GC(48) Metaspace: 17168K(17344K)->17168K(17344K) NonClass: 15376K(15488K)->15376K(15488K) Class: 1792K(1856K)->1792K(1856K)
[19.524s][info][gc          ] GC(48) Pause Young (Normal) (G1 Evacuation Pause) 793M->740M(884M) 35.482ms
[19.524s][info][gc,cpu      ] GC(48) User=0.07s Sys=0.01s Real=0.04s
[19.704s][info][gc,marking  ] GC(46) Concurrent Mark From Roots 657.615ms
[19.704s][info][gc,marking  ] GC(46) Concurrent Preclean
[19.704s][info][gc,marking  ] GC(46) Concurrent Preclean 0.029ms
[19.704s][info][gc,start    ] GC(46) Pause Remark
[19.717s][info][gc          ] GC(46) Pause Remark 795M->488M(884M) 13.233ms
[19.718s][info][gc,cpu      ] GC(46) User=0.02s Sys=0.00s Real=0.01s
[19.720s][info][gc,marking  ] GC(46) Concurrent Mark 673.263ms
[19.720s][info][gc,marking  ] GC(46) Concurrent Rebuild Remembered Sets and Scrub Regions
[19.785s][info][gc,start    ] GC(49) Pause Young (Normal) (G1 Evacuation Pause)
[19.785s][info][gc,task     ] GC(49) Using 2 workers of 2 for evacuation
[19.805s][info][gc,phases   ] GC(49)   Pre Evacuate Collection Set: 0.26ms
[19.805s][info][gc,phases   ] GC(49)   Merge Heap Roots: 0.20ms
[19.805s][info][gc,phases   ] GC(49)   Evacuate Collection Set: 19.38ms
[19.805s][info][gc,phases   ] GC(49)   Post Evacuate Collection Set: 0.37ms
[19.805s][info][gc,phases   ] GC(49)   Other: 0.08ms
[19.805s][info][gc,heap     ] GC(49) Eden regions: 80->0(243)
[19.805s][info][gc,heap     ] GC(49) Survivor regions: 10->3(12)
[19.805s][info][gc,heap     ] GC(49) Old regions: 423->433
[19.805s][info][gc,heap     ] GC(49) Humongous regions: 1->1
[19.805s][info][gc,metaspace] GC(49) Metaspace: 17170K(17344K)->17170K(17344K) NonClass: 15377K(15488K)->15377K(15488K) Class: 1792K(1856K)->1792K(1856K)
[19.805s][info][gc          ] GC(49) Pause Young (Normal) (G1 Evacuation Pause) 513M->437M(884M) 20.494ms
[19.805s][info][gc,cpu      ] GC(49) User=0.04s Sys=0.00s Real=0.02s
[20.056s][info][gc,marking  ] GC(46) Concurrent Rebuild Remembered Sets and Scrub Regions 336.810ms
[20.057s][info][gc,start    ] GC(46) Pause Cleanup
[20.057s][info][gc          ] GC(46) Pause Cleanup 538M->538M(884M) 0.182ms
[20.057s][info][gc,cpu      ] GC(46) User=0.01s Sys=0.00s Real=0.00s
[20.057s][info][gc,marking  ] GC(46) Concurrent Clear Claimed Marks
[20.057s][info][gc,marking  ] GC(46) Concurrent Clear Claimed Marks 0.025ms
[20.057s][info][gc,marking  ] GC(46) Concurrent Cleanup for Next Mark
[20.060s][info][gc,marking  ] GC(46) Concurrent Cleanup for Next Mark 3.132ms
[20.060s][info][gc          ] GC(46) Concurrent Mark Cycle 1110.866ms
[20.496s][info][gc,start    ] GC(50) Pause Young (Prepare Mixed) (G1 Evacuation Pause)
[20.496s][info][gc,task     ] GC(50) Using 2 workers of 2 for evacuation
[20.657s][info][gc,phases   ] GC(50)   Pre Evacuate Collection Set: 0.44ms
[20.657s][info][gc,phases   ] GC(50)   Merge Heap Roots: 1.23ms
[20.657s][info][gc,phases   ] GC(50)   Evacuate Collection Set: 157.87ms
[20.657s][info][gc,phases   ] GC(50)   Post Evacuate Collection Set: 1.17ms
[20.657s][info][gc,phases   ] GC(50)   Other: 0.09ms
[20.657s][info][gc,heap     ] GC(50) Eden regions: 243->0(224)
[20.657s][info][gc,heap     ] GC(50) Survivor regions: 3->31(31)
[20.657s][info][gc,heap     ] GC(50) Old regions: 433->443
[20.657s][info][gc,heap     ] GC(50) Humongous regions: 7->7
[20.657s][info][gc,metaspace] GC(50) Metaspace: 17183K(17344K)->17183K(17344K) NonClass: 15390K(15488K)->15390K(15488K) Class: 1793K(1856K)->1793K(1856K)
[20.657s][info][gc          ] GC(50) Pause Young (Prepare Mixed) (G1 Evacuation Pause) 686M->481M(884M) 161.091ms
[20.657s][info][gc,cpu      ] GC(50) User=0.31s Sys=0.00s Real=0.16s
[21.002s][info][gc,start    ] GC(51) Pause Young (Mixed) (G1 Evacuation Pause)
[21.003s][info][gc,task     ] GC(51) Using 2 workers of 2 for evacuation
[21.124s][info][gc,phases   ] GC(51)   Pre Evacuate Collection Set: 0.49ms
[21.124s][info][gc,phases   ] GC(51)   Merge Heap Roots: 1.29ms
[21.124s][info][gc,phases   ] GC(51)   Evacuate Collection Set: 119.12ms
[21.124s][info][gc,phases   ] GC(51)   Post Evacuate Collection Set: 0.63ms
[21.124s][info][gc,phases   ] GC(51)   Other: 0.12ms
[21.124s][info][gc,heap     ] GC(51) Eden regions: 224->0(259)
[21.124s][info][gc,heap     ] GC(51) Survivor regions: 31->32(32)
[21.124s][info][gc,heap     ] GC(51) Old regions: 443->398
[21.124s][info][gc,heap     ] GC(51) Humongous regions: 7->7
[21.124s][info][gc,metaspace] GC(51) Metaspace: 17184K(17344K)->17184K(17344K) NonClass: 15390K(15488K)->15390K(15488K) Class: 1793K(1856K)->1793K(1856K)
[21.124s][info][gc          ] GC(51) Pause Young (Mixed) (G1 Evacuation Pause) 705M->436M(884M) 121.910ms
[21.124s][info][gc,cpu      ] GC(51) User=0.24s Sys=0.00s Real=0.13s
[21.324s][info][gc,start    ] GC(52) Pause Young (Mixed) (G1 Evacuation Pause)
[21.324s][info][gc,task     ] GC(52) Using 2 workers of 2 for evacuation
[21.400s][info][gc,phases   ] GC(52)   Pre Evacuate Collection Set: 0.27ms
[21.400s][info][gc,phases   ] GC(52)   Merge Heap Roots: 0.41ms
[21.400s][info][gc,phases   ] GC(52)   Evacuate Collection Set: 75.06ms
[21.400s][info][gc,phases   ] GC(52)   Post Evacuate Collection Set: 0.57ms
[21.400s][info][gc,phases   ] GC(52)   Other: 0.15ms
[21.400s][info][gc,heap     ] GC(52) Eden regions: 259->0(228)
[21.400s][info][gc,heap     ] GC(52) Survivor regions: 32->25(37)
[21.400s][info][gc,heap     ] GC(52) Old regions: 398->391
[21.400s][info][gc,heap     ] GC(52) Humongous regions: 7->7
[21.400s][info][gc,metaspace] GC(52) Metaspace: 17184K(17344K)->17184K(17344K) NonClass: 15390K(15488K)->15390K(15488K) Class: 1793K(1856K)->1793K(1856K)
[21.400s][info][gc          ] GC(52) Pause Young (Mixed) (G1 Evacuation Pause) 695M->423M(884M) 76.790ms
[21.400s][info][gc,cpu      ] GC(52) User=0.15s Sys=0.00s Real=0.07s
[21.640s][info][gc,start    ] GC(53) Pause Young (Concurrent Start) (G1 Evacuation Pause)
[21.640s][info][gc,task     ] GC(53) Using 2 workers of 2 for evacuation
[21.680s][info][gc,phases   ] GC(53)   Pre Evacuate Collection Set: 0.29ms
[21.680s][info][gc,phases   ] GC(53)   Merge Heap Roots: 0.28ms
[21.680s][info][gc,phases   ] GC(53)   Evacuate Collection Set: 38.42ms
[21.680s][info][gc,phases   ] GC(53)   Post Evacuate Collection Set: 0.50ms
[21.680s][info][gc,phases   ] GC(53)   Other: 0.14ms
[21.680s][info][gc,heap     ] GC(53) Eden regions: 246->0(299)
[21.680s][info][gc,heap     ] GC(53) Survivor regions: 25->2(34)
[21.680s][info][gc,heap     ] GC(53) Old regions: 391->416
[21.680s][info][gc,heap     ] GC(53) Humongous regions: 7->7
[21.680s][info][gc,metaspace] GC(53) Metaspace: 17188K(17344K)->17188K(17344K) NonClass: 15394K(15488K)->15394K(15488K) Class: 1793K(1856K)->1793K(1856K)
[21.680s][info][gc          ] GC(53) Pause Young (Concurrent Start) (G1 Evacuation Pause) 669M->425M(884M) 39.937ms
[21.680s][info][gc,cpu      ] GC(53) User=0.08s Sys=0.00s Real=0.04s
[21.680s][info][gc          ] GC(54) Concurrent Mark Cycle
[21.680s][info][gc,marking  ] GC(54) Concurrent Scan Root Regions
[21.707s][info][gc,marking  ] GC(54) Concurrent Scan Root Regions 26.958ms
[21.707s][info][gc,marking  ] GC(54) Concurrent Mark
[21.707s][info][gc,marking  ] GC(54) Concurrent Mark From Roots
[21.707s][info][gc,task     ] GC(54) Using 1 workers of 1 for marking
[22.335s][info][gc,start    ] GC(55) Pause Young (Normal) (G1 Evacuation Pause)
[22.335s][info][gc,task     ] GC(55) Using 2 workers of 2 for evacuation
[22.369s][info][gc,phases   ] GC(55)   Pre Evacuate Collection Set: 0.26ms
[22.369s][info][gc,phases   ] GC(55)   Merge Heap Roots: 0.21ms
[22.369s][info][gc,phases   ] GC(55)   Evacuate Collection Set: 32.77ms
[22.369s][info][gc,phases   ] GC(55)   Post Evacuate Collection Set: 0.99ms
[22.369s][info][gc,phases   ] GC(55)   Other: 0.12ms
[22.369s][info][gc,heap     ] GC(55) Eden regions: 299->0(296)
[22.369s][info][gc,heap     ] GC(55) Survivor regions: 2->25(38)
[22.369s][info][gc,heap     ] GC(55) Old regions: 416->416
[22.369s][info][gc,heap     ] GC(55) Humongous regions: 7->7
[22.369s][info][gc,metaspace] GC(55) Metaspace: 17204K(17344K)->17204K(17344K) NonClass: 15406K(15488K)->15406K(15488K) Class: 1798K(1856K)->1798K(1856K)
[22.369s][info][gc          ] GC(55) Pause Young (Normal) (G1 Evacuation Pause) 724M->447M(909M) 34.609ms
[22.369s][info][gc,cpu      ] GC(55) User=0.07s Sys=0.00s Real=0.03s
[22.697s][info][gc,marking  ] GC(54) Concurrent Mark From Roots 989.355ms
[22.697s][info][gc,marking  ] GC(54) Concurrent Preclean
[22.697s][info][gc,marking  ] GC(54) Concurrent Preclean 0.052ms
[22.697s][info][gc,start    ] GC(54) Pause Remark
[22.706s][info][gc          ] GC(54) Pause Remark 591M->508M(909M) 9.063ms
[22.706s][info][gc,cpu      ] GC(54) User=0.02s Sys=0.01s Real=0.01s
[22.712s][info][gc,marking  ] GC(54) Concurrent Mark 1004.362ms
[22.712s][info][gc,marking  ] GC(54) Concurrent Rebuild Remembered Sets and Scrub Regions
[23.107s][info][gc,marking  ] GC(54) Concurrent Rebuild Remembered Sets and Scrub Regions 395.607ms
[23.107s][info][gc,start    ] GC(54) Pause Cleanup
[23.108s][info][gc          ] GC(54) Pause Cleanup 549M->549M(909M) 0.109ms
[23.108s][info][gc,cpu      ] GC(54) User=0.00s Sys=0.00s Real=0.00s
[23.110s][info][gc,marking  ] GC(54) Concurrent Clear Claimed Marks
[23.110s][info][gc,marking  ] GC(54) Concurrent Clear Claimed Marks 0.042ms
[23.110s][info][gc,marking  ] GC(54) Concurrent Cleanup for Next Mark
[23.117s][info][gc,marking  ] GC(54) Concurrent Cleanup for Next Mark 7.016ms
[23.117s][info][gc          ] GC(54) Concurrent Mark Cycle 1436.584ms
[23.682s][info][gc,start    ] GC(56) Pause Young (Prepare Mixed) (G1 Evacuation Pause)
[23.682s][info][gc,task     ] GC(56) Using 2 workers of 2 for evacuation
[23.750s][info][gc,phases   ] GC(56)   Pre Evacuate Collection Set: 0.49ms
[23.750s][info][gc,phases   ] GC(56)   Merge Heap Roots: 0.57ms
[23.750s][info][gc,phases   ] GC(56)   Evacuate Collection Set: 66.69ms
[23.750s][info][gc,phases   ] GC(56)   Post Evacuate Collection Set: 0.59ms
[23.751s][info][gc,phases   ] GC(56)   Other: 0.09ms
[23.751s][info][gc,heap     ] GC(56) Eden regions: 296->0(337)
[23.751s][info][gc,heap     ] GC(56) Survivor regions: 25->30(41)
[23.751s][info][gc,heap     ] GC(56) Old regions: 336->361
[23.751s][info][gc,heap     ] GC(56) Humongous regions: 4->4
[23.751s][info][gc,metaspace] GC(56) Metaspace: 17232K(17344K)->17232K(17344K) NonClass: 15434K(15488K)->15434K(15488K) Class: 1798K(1856K)->1798K(1856K)
[23.751s][info][gc          ] GC(56) Pause Young (Prepare Mixed) (G1 Evacuation Pause) 660M->394M(909M) 68.664ms
[23.751s][info][gc,cpu      ] GC(56) User=0.14s Sys=0.00s Real=0.07s
[24.811s][info][gc,start    ] GC(57) Pause Young (Mixed) (G1 Evacuation Pause)
[24.811s][info][gc,task     ] GC(57) Using 2 workers of 2 for evacuation
[24.851s][info][gc,phases   ] GC(57)   Pre Evacuate Collection Set: 0.28ms
[24.851s][info][gc,phases   ] GC(57)   Merge Heap Roots: 0.36ms
[24.851s][info][gc,phases   ] GC(57)   Evacuate Collection Set: 38.49ms
[24.851s][info][gc,phases   ] GC(57)   Post Evacuate Collection Set: 0.60ms
[24.851s][info][gc,phases   ] GC(57)   Other: 0.14ms
[24.851s][info][gc,heap     ] GC(57) Eden regions: 337->0(361)
[24.851s][info][gc,heap     ] GC(57) Survivor regions: 30->1(46)
[24.851s][info][gc,heap     ] GC(57) Old regions: 361->367
[24.851s][info][gc,heap     ] GC(57) Humongous regions: 4->4
[24.851s][info][gc,metaspace] GC(57) Metaspace: 17237K(17344K)->17237K(17344K) NonClass: 15439K(15488K)->15439K(15488K) Class: 1798K(1856K)->1798K(1856K)
[24.851s][info][gc          ] GC(57) Pause Young (Mixed) (G1 Evacuation Pause) 731M->372M(909M) 40.156ms
[24.851s][info][gc,cpu      ] GC(57) User=0.07s Sys=0.00s Real=0.04s
[26.000s][info][gc,start    ] GC(58) Pause Young (Concurrent Start) (G1 Evacuation Pause)
[26.000s][info][gc,task     ] GC(58) Using 2 workers of 2 for evacuation
[26.050s][info][gc,phases   ] GC(58)   Pre Evacuate Collection Set: 0.32ms
[26.050s][info][gc,phases   ] GC(58)   Merge Heap Roots: 0.41ms
[26.050s][info][gc,phases   ] GC(58)   Evacuate Collection Set: 48.24ms
[26.050s][info][gc,phases   ] GC(58)   Post Evacuate Collection Set: 0.66ms
[26.050s][info][gc,phases   ] GC(58)   Other: 0.22ms
[26.050s][info][gc,heap     ] GC(58) Eden regions: 361->0(349)
[26.050s][info][gc,heap     ] GC(58) Survivor regions: 1->35(46)
[26.050s][info][gc,heap     ] GC(58) Old regions: 367->367
[26.050s][info][gc,heap     ] GC(58) Humongous regions: 4->4
[26.050s][info][gc,metaspace] GC(58) Metaspace: 17249K(17408K)->17249K(17408K) NonClass: 15451K(15552K)->15451K(15552K) Class: 1798K(1856K)->1798K(1856K)
[26.050s][info][gc          ] GC(58) Pause Young (Concurrent Start) (G1 Evacuation Pause) 733M->406M(909M) 50.063ms
[26.050s][info][gc          ] GC(59) Concurrent Mark Cycle
[26.050s][info][gc,marking  ] GC(59) Concurrent Scan Root Regions
[26.050s][info][gc,cpu      ] GC(58) User=0.09s Sys=0.00s Real=0.05s
[26.109s][info][gc,marking  ] GC(59) Concurrent Scan Root Regions 59.165ms
[26.109s][info][gc,marking  ] GC(59) Concurrent Mark
[26.110s][info][gc,marking  ] GC(59) Concurrent Mark From Roots
[26.110s][info][gc,task     ] GC(59) Using 1 workers of 1 for marking
[26.999s][info][gc,start    ] GC(60) Pause Young (Normal) (G1 Evacuation Pause)
[26.999s][info][gc,task     ] GC(60) Using 2 workers of 2 for evacuation
[27.127s][info][gc,phases   ] GC(60)   Pre Evacuate Collection Set: 0.28ms
[27.127s][info][gc,phases   ] GC(60)   Merge Heap Roots: 0.33ms
[27.127s][info][gc,phases   ] GC(60)   Evacuate Collection Set: 126.23ms
[27.127s][info][gc,phases   ] GC(60)   Post Evacuate Collection Set: 0.91ms
[27.127s][info][gc,phases   ] GC(60)   Other: 0.11ms
[27.127s][info][gc,heap     ] GC(60) Eden regions: 349->0(269)
[27.127s][info][gc,heap     ] GC(60) Survivor regions: 35->48(48)
[27.127s][info][gc,heap     ] GC(60) Old regions: 367->447
[27.127s][info][gc,heap     ] GC(60) Humongous regions: 4->4
[27.127s][info][gc,metaspace] GC(60) Metaspace: 17262K(17408K)->17262K(17408K) NonClass: 15463K(15552K)->15463K(15552K) Class: 1798K(1856K)->1798K(1856K)
[27.127s][info][gc          ] GC(60) Pause Young (Normal) (G1 Evacuation Pause) 755M->499M(909M) 128.132ms
[27.127s][info][gc,cpu      ] GC(60) User=0.25s Sys=0.00s Real=0.13s
[27.696s][info][gc,marking  ] GC(59) Concurrent Mark From Roots 1586.102ms
[27.696s][info][gc,marking  ] GC(59) Concurrent Preclean
[27.696s][info][gc,marking  ] GC(59) Concurrent Preclean 0.032ms
[27.696s][info][gc,start    ] GC(59) Pause Remark
[27.703s][info][gc          ] GC(59) Pause Remark 768M->764M(909M) 7.004ms
[27.703s][info][gc,cpu      ] GC(59) User=0.01s Sys=0.00s Real=0.01s
[27.703s][info][gc,marking  ] GC(59) Concurrent Mark 1593.431ms
[27.703s][info][gc,marking  ] GC(59) Concurrent Rebuild Remembered Sets and Scrub Regions
[27.713s][info][gc,start    ] GC(61) Pause Young (Normal) (G1 Evacuation Pause)
[27.713s][info][gc,task     ] GC(61) Using 2 workers of 2 for evacuation
[27.800s][info][gc,phases   ] GC(61)   Pre Evacuate Collection Set: 0.46ms
[27.800s][info][gc,phases   ] GC(61)   Merge Heap Roots: 0.89ms
[27.800s][info][gc,phases   ] GC(61)   Evacuate Collection Set: 84.46ms
[27.800s][info][gc,phases   ] GC(61)   Post Evacuate Collection Set: 0.66ms
[27.800s][info][gc,phases   ] GC(61)   Other: 0.09ms
[27.800s][info][gc,heap     ] GC(61) Eden regions: 269->0(278)
[27.800s][info][gc,heap     ] GC(61) Survivor regions: 48->10(40)
[27.800s][info][gc,heap     ] GC(61) Old regions: 443->492
[27.800s][info][gc,heap     ] GC(61) Humongous regions: 5->5
[27.800s][info][gc,metaspace] GC(61) Metaspace: 17264K(17408K)->17264K(17408K) NonClass: 15465K(15552K)->15465K(15552K) Class: 1798K(1856K)->1798K(1856K)
[27.800s][info][gc          ] GC(61) Pause Young (Normal) (G1 Evacuation Pause) 765M->506M(909M) 86.826ms
[27.800s][info][gc,cpu      ] GC(61) User=0.17s Sys=0.00s Real=0.08s
[28.375s][info][gc,marking  ] GC(59) Concurrent Rebuild Remembered Sets and Scrub Regions 672.158ms
[28.375s][info][gc,start    ] GC(62) Pause Young (Normal) (G1 Evacuation Pause)
[28.375s][info][gc,task     ] GC(62) Using 2 workers of 2 for evacuation
[28.548s][info][gc,phases   ] GC(62)   Pre Evacuate Collection Set: 1.26ms
[28.549s][info][gc,phases   ] GC(62)   Merge Heap Roots: 1.11ms
[28.549s][info][gc,phases   ] GC(62)   Evacuate Collection Set: 169.72ms
[28.549s][info][gc,phases   ] GC(62)   Post Evacuate Collection Set: 0.94ms
[28.549s][info][gc,phases   ] GC(62)   Other: 0.09ms
[28.549s][info][gc,heap     ] GC(62) Eden regions: 278->0(238)
[28.549s][info][gc,heap     ] GC(62) Survivor regions: 10->36(36)
[28.549s][info][gc,heap     ] GC(62) Old regions: 492->514
[28.549s][info][gc,heap     ] GC(62) Humongous regions: 8->8
[28.549s][info][gc,metaspace] GC(62) Metaspace: 17264K(17408K)->17264K(17408K) NonClass: 15465K(15552K)->15465K(15552K) Class: 1798K(1856K)->1798K(1856K)
[28.549s][info][gc          ] GC(62) Pause Young (Normal) (G1 Evacuation Pause) 787M->557M(909M) 173.382ms
[28.549s][info][gc,cpu      ] GC(62) User=0.35s Sys=0.00s Real=0.17s
[28.553s][info][gc,start    ] GC(59) Pause Cleanup
[28.553s][info][gc          ] GC(59) Pause Cleanup 558M->558M(909M) 0.117ms
[28.553s][info][gc,cpu      ] GC(59) User=0.00s Sys=0.00s Real=0.00s
[28.553s][info][gc,marking  ] GC(59) Concurrent Clear Claimed Marks
[28.553s][info][gc,marking  ] GC(59) Concurrent Clear Claimed Marks 0.027ms
[28.553s][info][gc,marking  ] GC(59) Concurrent Cleanup for Next Mark
[28.556s][info][gc,marking  ] GC(59) Concurrent Cleanup for Next Mark 2.772ms
[28.556s][info][gc          ] GC(59) Concurrent Mark Cycle 2505.484ms
[28.921s][info][gc,start    ] GC(63) Pause Young (Prepare Mixed) (G1 Evacuation Pause)
[28.921s][info][gc,task     ] GC(63) Using 2 workers of 2 for evacuation
[29.028s][info][gc,phases   ] GC(63)   Pre Evacuate Collection Set: 1.56ms
[29.028s][info][gc,phases   ] GC(63)   Merge Heap Roots: 0.63ms
[29.029s][info][gc,phases   ] GC(63)   Evacuate Collection Set: 104.15ms
[29.029s][info][gc,phases   ] GC(63)   Post Evacuate Collection Set: 0.55ms
[29.029s][info][gc,phases   ] GC(63)   Other: 0.09ms
[29.029s][info][gc,heap     ] GC(63) Eden regions: 238->0(218)
[29.029s][info][gc,heap     ] GC(63) Survivor regions: 36->34(35)
[29.029s][info][gc,heap     ] GC(63) Old regions: 514->550
[29.029s][info][gc,heap     ] GC(63) Humongous regions: 8->8
[29.029s][info][gc,metaspace] GC(63) Metaspace: 17286K(17408K)->17286K(17408K) NonClass: 15487K(15552K)->15487K(15552K) Class: 1798K(1856K)->1798K(1856K)
[29.029s][info][gc          ] GC(63) Pause Young (Prepare Mixed) (G1 Evacuation Pause) 795M->591M(909M) 107.261ms
[29.029s][info][gc,cpu      ] GC(63) User=0.21s Sys=0.00s Real=0.11s
[29.329s][info][gc,start    ] GC(64) Pause Young (Mixed) (G1 Evacuation Pause)
[29.330s][info][gc,task     ] GC(64) Using 2 workers of 2 for evacuation
[29.377s][info][gc,phases   ] GC(64)   Pre Evacuate Collection Set: 0.30ms
[29.377s][info][gc,phases   ] GC(64)   Merge Heap Roots: 0.25ms
[29.377s][info][gc,phases   ] GC(64)   Evacuate Collection Set: 45.89ms
[29.377s][info][gc,phases   ] GC(64)   Post Evacuate Collection Set: 0.49ms
[29.377s][info][gc,phases   ] GC(64)   Other: 0.11ms
[29.377s][info][gc,heap     ] GC(64) Eden regions: 218->0(234)
[29.377s][info][gc,heap     ] GC(64) Survivor regions: 34->3(32)
[29.377s][info][gc,heap     ] GC(64) Old regions: 550->574
[29.377s][info][gc,heap     ] GC(64) Humongous regions: 8->8
[29.377s][info][gc,metaspace] GC(64) Metaspace: 17286K(17408K)->17286K(17408K) NonClass: 15488K(15552K)->15488K(15552K) Class: 1798K(1856K)->1798K(1856K)
[29.377s][info][gc          ] GC(64) Pause Young (Mixed) (G1 Evacuation Pause) 809M->584M(909M) 47.343ms
[29.377s][info][gc,cpu      ] GC(64) User=0.09s Sys=0.00s Real=0.05s
[29.830s][info][gc,start    ] GC(65) Pause Young (Concurrent Start) (G1 Evacuation Pause)
[29.830s][info][gc,task     ] GC(65) Using 2 workers of 2 for evacuation
[29.865s][info][gc,phases   ] GC(65)   Pre Evacuate Collection Set: 0.40ms
[29.865s][info][gc,phases   ] GC(65)   Merge Heap Roots: 0.25ms
[29.865s][info][gc,phases   ] GC(65)   Evacuate Collection Set: 33.15ms
[29.865s][info][gc,phases   ] GC(65)   Post Evacuate Collection Set: 0.81ms
[29.865s][info][gc,phases   ] GC(65)   Other: 0.20ms
[29.865s][info][gc,heap     ] GC(65) Eden regions: 234->0(250)
[29.865s][info][gc,heap     ] GC(65) Survivor regions: 3->17(30)
[29.865s][info][gc,heap     ] GC(65) Old regions: 574->574
[29.865s][info][gc,heap     ] GC(65) Humongous regions: 8->8
[29.865s][info][gc,metaspace] GC(65) Metaspace: 17301K(17472K)->17301K(17472K) NonClass: 15502K(15616K)->15502K(15616K) Class: 1798K(1856K)->1798K(1856K)
[29.865s][info][gc          ] GC(65) Pause Young (Concurrent Start) (G1 Evacuation Pause) 818M->598M(937M) 35.088ms
[29.865s][info][gc,cpu      ] GC(65) User=0.06s Sys=0.00s Real=0.04s
[29.865s][info][gc          ] GC(66) Concurrent Mark Cycle
[29.865s][info][gc,marking  ] GC(66) Concurrent Scan Root Regions
[29.920s][info][gc,marking  ] GC(66) Concurrent Scan Root Regions 54.962ms
[29.920s][info][gc,marking  ] GC(66) Concurrent Mark
[29.920s][info][gc,marking  ] GC(66) Concurrent Mark From Roots
[29.920s][info][gc,task     ] GC(66) Using 1 workers of 1 for marking
[31.055s][info][gc,start    ] GC(67) Pause Young (Normal) (G1 Evacuation Pause)
[31.055s][info][gc,task     ] GC(67) Using 2 workers of 2 for evacuation
[31.124s][info][gc,phases   ] GC(67)   Pre Evacuate Collection Set: 0.29ms
[31.124s][info][gc,phases   ] GC(67)   Merge Heap Roots: 0.47ms
[31.124s][info][gc,phases   ] GC(67)   Evacuate Collection Set: 68.05ms
[31.124s][info][gc,phases   ] GC(67)   Post Evacuate Collection Set: 0.59ms
[31.124s][info][gc,phases   ] GC(67)   Other: 0.16ms
[31.124s][info][gc,heap     ] GC(67) Eden regions: 250->0(225)
[31.124s][info][gc,heap     ] GC(67) Survivor regions: 17->34(34)
[31.124s][info][gc,heap     ] GC(67) Old regions: 574->588
[31.124s][info][gc,heap     ] GC(67) Humongous regions: 8->8
[31.124s][info][gc,metaspace] GC(67) Metaspace: 17311K(17472K)->17311K(17472K) NonClass: 15512K(15616K)->15512K(15616K) Class: 1799K(1856K)->1799K(1856K)
[31.124s][info][gc          ] GC(67) Pause Young (Normal) (G1 Evacuation Pause) 848M->629M(937M) 69.823ms
[31.124s][info][gc,cpu      ] GC(67) User=0.13s Sys=0.00s Real=0.07s
[31.768s][info][gc,marking  ] GC(66) Concurrent Mark From Roots 1848.149ms
[31.768s][info][gc,marking  ] GC(66) Concurrent Preclean
[31.768s][info][gc,marking  ] GC(66) Concurrent Preclean 0.032ms
[31.768s][info][gc,start    ] GC(66) Pause Remark
[31.779s][info][gc          ] GC(66) Pause Remark 782M->719M(945M) 10.948ms
[31.779s][info][gc,cpu      ] GC(66) User=0.02s Sys=0.00s Real=0.01s
[31.779s][info][gc,marking  ] GC(66) Concurrent Mark 1859.424ms
[31.779s][info][gc,marking  ] GC(66) Concurrent Rebuild Remembered Sets and Scrub Regions
[31.944s][info][gc,start    ] GC(68) Pause Young (Normal) (G1 Evacuation Pause)
[31.944s][info][gc,task     ] GC(68) Using 2 workers of 2 for evacuation
[32.024s][info][gc,phases   ] GC(68)   Pre Evacuate Collection Set: 0.50ms
[32.024s][info][gc,phases   ] GC(68)   Merge Heap Roots: 0.39ms
[32.024s][info][gc,phases   ] GC(68)   Evacuate Collection Set: 77.87ms
[32.024s][info][gc,phases   ] GC(68)   Post Evacuate Collection Set: 0.76ms
[32.024s][info][gc,phases   ] GC(68)   Other: 0.12ms
[32.024s][info][gc,heap     ] GC(68) Eden regions: 225->0(245)
[32.024s][info][gc,heap     ] GC(68) Survivor regions: 34->33(33)
[32.024s][info][gc,heap     ] GC(68) Old regions: 528->562
[32.024s][info][gc,heap     ] GC(68) Humongous regions: 5->5
[32.024s][info][gc,metaspace] GC(68) Metaspace: 17336K(17472K)->17336K(17472K) NonClass: 15537K(15616K)->15537K(15616K) Class: 1799K(1856K)->1799K(1856K)
[32.024s][info][gc          ] GC(68) Pause Young (Normal) (G1 Evacuation Pause) 791M->599M(945M) 79.944ms
[32.024s][info][gc,cpu      ] GC(68) User=0.15s Sys=0.01s Real=0.08s
[32.702s][info][gc,start    ] GC(69) Pause Young (Normal) (G1 Evacuation Pause)
[32.702s][info][gc,task     ] GC(69) Using 2 workers of 2 for evacuation
[32.797s][info][gc,phases   ] GC(69)   Pre Evacuate Collection Set: 0.30ms
[32.797s][info][gc,phases   ] GC(69)   Merge Heap Roots: 0.40ms
[32.797s][info][gc,phases   ] GC(69)   Evacuate Collection Set: 93.18ms
[32.797s][info][gc,phases   ] GC(69)   Post Evacuate Collection Set: 0.81ms
[32.797s][info][gc,phases   ] GC(69)   Other: 0.12ms
[32.797s][info][gc,heap     ] GC(69) Eden regions: 245->0(201)
[32.797s][info][gc,heap     ] GC(69) Survivor regions: 33->35(35)
[32.797s][info][gc,heap     ] GC(69) Old regions: 562->611
[32.797s][info][gc,heap     ] GC(69) Humongous regions: 5->5
[32.797s][info][gc,metaspace] GC(69) Metaspace: 17349K(17536K)->17349K(17536K) NonClass: 15549K(15680K)->15549K(15680K) Class: 1799K(1856K)->1799K(1856K)
[32.797s][info][gc          ] GC(69) Pause Young (Normal) (G1 Evacuation Pause) 844M->650M(945M) 95.065ms
[32.797s][info][gc,cpu      ] GC(69) User=0.19s Sys=0.00s Real=0.10s
[33.007s][info][gc,marking  ] GC(66) Concurrent Rebuild Remembered Sets and Scrub Regions 1227.262ms
[33.007s][info][gc,start    ] GC(66) Pause Cleanup
[33.007s][info][gc          ] GC(66) Pause Cleanup 709M->709M(945M) 0.207ms
[33.007s][info][gc,cpu      ] GC(66) User=0.00s Sys=0.00s Real=0.00s
[33.007s][info][gc,marking  ] GC(66) Concurrent Clear Claimed Marks
[33.007s][info][gc,marking  ] GC(66) Concurrent Clear Claimed Marks 0.036ms
[33.007s][info][gc,marking  ] GC(66) Concurrent Cleanup for Next Mark
[33.018s][info][gc,marking  ] GC(66) Concurrent Cleanup for Next Mark 10.806ms
[33.018s][info][gc          ] GC(66) Concurrent Mark Cycle 3153.205ms
[33.410s][info][gc,start    ] GC(70) Pause Young (Prepare Mixed) (G1 Evacuation Pause)
[33.410s][info][gc,task     ] GC(70) Using 2 workers of 2 for evacuation
[33.509s][info][gc,phases   ] GC(70)   Pre Evacuate Collection Set: 0.52ms
[33.509s][info][gc,phases   ] GC(70)   Merge Heap Roots: 0.53ms
[33.509s][info][gc,phases   ] GC(70)   Evacuate Collection Set: 96.88ms
[33.509s][info][gc,phases   ] GC(70)   Post Evacuate Collection Set: 0.72ms
[33.509s][info][gc,phases   ] GC(70)   Other: 0.12ms
[33.509s][info][gc,heap     ] GC(70) Eden regions: 201->0(172)
[33.509s][info][gc,heap     ] GC(70) Survivor regions: 35->30(30)
[33.509s][info][gc,heap     ] GC(70) Old regions: 611->648
[33.509s][info][gc,heap     ] GC(70) Humongous regions: 8->8
[33.509s][info][gc,metaspace] GC(70) Metaspace: 17349K(17536K)->17349K(17536K) NonClass: 15550K(15680K)->15550K(15680K) Class: 1799K(1856K)->1799K(1856K)
[33.509s][info][gc          ] GC(70) Pause Young (Prepare Mixed) (G1 Evacuation Pause) 854M->686M(945M) 99.031ms
[33.509s][info][gc,cpu      ] GC(70) User=0.20s Sys=0.00s Real=0.10s
[33.743s][info][gc,start    ] GC(71) Pause Young (Mixed) (G1 Evacuation Pause)
[33.743s][info][gc,task     ] GC(71) Using 2 workers of 2 for evacuation
[33.864s][info][gc,phases   ] GC(71)   Pre Evacuate Collection Set: 0.52ms
[33.864s][info][gc,phases   ] GC(71)   Merge Heap Roots: 1.40ms
[33.864s][info][gc,phases   ] GC(71)   Evacuate Collection Set: 118.27ms
[33.864s][info][gc,phases   ] GC(71)   Post Evacuate Collection Set: 1.15ms
[33.864s][info][gc,phases   ] GC(71)   Other: 0.12ms
[33.864s][info][gc,heap     ] GC(71) Eden regions: 172->0(208)
[33.864s][info][gc,heap     ] GC(71) Survivor regions: 30->26(26)
[33.864s][info][gc,heap     ] GC(71) Old regions: 648->599
[33.864s][info][gc,heap     ] GC(71) Humongous regions: 8->8
[33.864s][info][gc,metaspace] GC(71) Metaspace: 17349K(17536K)->17349K(17536K) NonClass: 15550K(15680K)->15550K(15680K) Class: 1799K(1856K)->1799K(1856K)
[33.864s][info][gc          ] GC(71) Pause Young (Mixed) (G1 Evacuation Pause) 858M->632M(945M) 121.742ms
[33.864s][info][gc,cpu      ] GC(71) User=0.24s Sys=0.00s Real=0.12s
[34.169s][info][gc,start    ] GC(72) Pause Young (Mixed) (G1 Evacuation Pause)
[34.169s][info][gc,task     ] GC(72) Using 2 workers of 2 for evacuation
[34.283s][info][gc,phases   ] GC(72)   Pre Evacuate Collection Set: 0.30ms
[34.283s][info][gc,phases   ] GC(72)   Merge Heap Roots: 1.46ms
[34.283s][info][gc,phases   ] GC(72)   Evacuate Collection Set: 94.61ms
[34.283s][info][gc,phases   ] GC(72)   Merge Optional Heap Roots: 0.66ms
[34.283s][info][gc,phases   ] GC(72)   Evacuate Optional Collection Set: 14.77ms
[34.283s][info][gc,phases   ] GC(72)   Post Evacuate Collection Set: 1.42ms
[34.283s][info][gc,phases   ] GC(72)   Other: 0.11ms
[34.283s][info][gc,heap     ] GC(72) Eden regions: 208->0(41)
[34.283s][info][gc,heap     ] GC(72) Survivor regions: 26->6(30)
[34.283s][info][gc,heap     ] GC(72) Old regions: 599->604
[34.283s][info][gc,heap     ] GC(72) Humongous regions: 8->8
[34.283s][info][gc,metaspace] GC(72) Metaspace: 17349K(17536K)->17349K(17536K) NonClass: 15550K(15680K)->15550K(15680K) Class: 1799K(1856K)->1799K(1856K)
[34.283s][info][gc          ] GC(72) Pause Young (Mixed) (G1 Evacuation Pause) 840M->617M(945M) 113.607ms
[34.283s][info][gc,cpu      ] GC(72) User=0.23s Sys=0.00s Real=0.12s
[34.394s][info][gc,start    ] GC(73) Pause Young (Mixed) (G1 Evacuation Pause)
[34.394s][info][gc,task     ] GC(73) Using 2 workers of 2 for evacuation
[34.633s][info][gc,mmu      ] GC(73) MMU target violated: 201.0ms (200.0ms/201.0ms)
[34.633s][info][gc,phases   ] GC(73)   Pre Evacuate Collection Set: 0.28ms
[34.633s][info][gc,phases   ] GC(73)   Merge Heap Roots: 2.35ms
[34.633s][info][gc,phases   ] GC(73)   Evacuate Collection Set: 236.15ms
[34.633s][info][gc,phases   ] GC(73)   Post Evacuate Collection Set: 0.56ms
[34.633s][info][gc,phases   ] GC(73)   Other: 0.15ms
[34.633s][info][gc,heap     ] GC(73) Eden regions: 41->0(242)
[34.633s][info][gc,heap     ] GC(73) Survivor regions: 6->1(6)
[34.633s][info][gc,heap     ] GC(73) Old regions: 604->606
[34.633s][info][gc,heap     ] GC(73) Humongous regions: 8->8
[34.633s][info][gc,metaspace] GC(73) Metaspace: 17349K(17536K)->17349K(17536K) NonClass: 15550K(15680K)->15550K(15680K) Class: 1799K(1856K)->1799K(1856K)
[34.633s][info][gc          ] GC(73) Pause Young (Mixed) (G1 Evacuation Pause) 658M->614M(956M) 239.701ms
[34.633s][info][gc,cpu      ] GC(73) User=0.47s Sys=0.00s Real=0.24s
[35.041s][info][gc,start    ] GC(74) Pause Young (Concurrent Start) (G1 Evacuation Pause)
[35.042s][info][gc,task     ] GC(74) Using 2 workers of 2 for evacuation
[35.077s][info][gc,phases   ] GC(74)   Pre Evacuate Collection Set: 0.34ms
[35.077s][info][gc,phases   ] GC(74)   Merge Heap Roots: 0.35ms
[35.077s][info][gc,phases   ] GC(74)   Evacuate Collection Set: 33.86ms
[35.077s][info][gc,phases   ] GC(74)   Post Evacuate Collection Set: 0.52ms
[35.077s][info][gc,phases   ] GC(74)   Other: 0.18ms
[35.077s][info][gc,heap     ] GC(74) Eden regions: 242->0(234)
[35.077s][info][gc,heap     ] GC(74) Survivor regions: 1->20(31)
[35.077s][info][gc,heap     ] GC(74) Old regions: 606->606
[35.077s][info][gc,heap     ] GC(74) Humongous regions: 8->8
[35.077s][info][gc,metaspace] GC(74) Metaspace: 17349K(17536K)->17349K(17536K) NonClass: 15550K(15680K)->15550K(15680K) Class: 1799K(1856K)->1799K(1856K)
[35.077s][info][gc          ] GC(74) Pause Young (Concurrent Start) (G1 Evacuation Pause) 856M->633M(956M) 35.522ms
[35.077s][info][gc,cpu      ] GC(74) User=0.07s Sys=0.00s Real=0.04s
[35.077s][info][gc          ] GC(75) Concurrent Mark Cycle
[35.077s][info][gc,marking  ] GC(75) Concurrent Scan Root Regions
[35.118s][info][gc,marking  ] GC(75) Concurrent Scan Root Regions 40.524ms
[35.118s][info][gc,marking  ] GC(75) Concurrent Mark
[35.118s][info][gc,marking  ] GC(75) Concurrent Mark From Roots
[35.118s][info][gc,task     ] GC(75) Using 1 workers of 1 for marking
[35.790s][info][gc,start    ] GC(76) Pause Young (Normal) (G1 Evacuation Pause)
[35.790s][info][gc,task     ] GC(76) Using 2 workers of 2 for evacuation
[35.886s][info][gc,phases   ] GC(76)   Pre Evacuate Collection Set: 0.29ms
[35.886s][info][gc,phases   ] GC(76)   Merge Heap Roots: 0.28ms
[35.886s][info][gc,phases   ] GC(76)   Evacuate Collection Set: 94.36ms
[35.886s][info][gc,phases   ] GC(76)   Post Evacuate Collection Set: 0.73ms
[35.886s][info][gc,phases   ] GC(76)   Other: 0.11ms
[35.886s][info][gc,heap     ] GC(76) Eden regions: 234->0(166)
[35.886s][info][gc,heap     ] GC(76) Survivor regions: 20->32(32)
[35.886s][info][gc,heap     ] GC(76) Old regions: 606->658
[35.886s][info][gc,heap     ] GC(76) Humongous regions: 8->8
[35.886s][info][gc,metaspace] GC(76) Metaspace: 17355K(17536K)->17355K(17536K) NonClass: 15556K(15680K)->15556K(15680K) Class: 1799K(1856K)->1799K(1856K)
[35.886s][info][gc          ] GC(76) Pause Young (Normal) (G1 Evacuation Pause) 867M->697M(956M) 96.059ms
[35.886s][info][gc,cpu      ] GC(76) User=0.19s Sys=0.00s Real=0.10s
[36.537s][info][gc,start    ] GC(77) Pause Young (Normal) (G1 Evacuation Pause)
[36.537s][info][gc,task     ] GC(77) Using 2 workers of 2 for evacuation
[36.615s][info][gc,phases   ] GC(77)   Pre Evacuate Collection Set: 0.49ms
[36.615s][info][gc,phases   ] GC(77)   Merge Heap Roots: 0.67ms
[36.615s][info][gc,phases   ] GC(77)   Evacuate Collection Set: 76.58ms
[36.615s][info][gc,phases   ] GC(77)   Post Evacuate Collection Set: 0.50ms
[36.616s][info][gc,phases   ] GC(77)   Other: 0.11ms
[36.616s][info][gc,heap     ] GC(77) Eden regions: 166->0(145)
[36.616s][info][gc,heap     ] GC(77) Survivor regions: 32->25(25)
[36.616s][info][gc,heap     ] GC(77) Old regions: 658->696
[36.616s][info][gc,heap     ] GC(77) Humongous regions: 8->8
[36.616s][info][gc,metaspace] GC(77) Metaspace: 17363K(17536K)->17363K(17536K) NonClass: 15563K(15680K)->15563K(15680K) Class: 1799K(1856K)->1799K(1856K)
[36.616s][info][gc          ] GC(77) Pause Young (Normal) (G1 Evacuation Pause) 863M->728M(956M) 78.651ms
[36.616s][info][gc,cpu      ] GC(77) User=0.16s Sys=0.00s Real=0.08s
[36.919s][info][gc,marking  ] GC(75) Concurrent Mark From Roots 1800.996ms
[36.919s][info][gc,marking  ] GC(75) Concurrent Preclean
[36.919s][info][gc,marking  ] GC(75) Concurrent Preclean 0.032ms
[36.919s][info][gc,start    ] GC(75) Pause Remark
[36.929s][info][gc          ] GC(75) Pause Remark 822M->693M(978M) 10.138ms
[36.929s][info][gc,cpu      ] GC(75) User=0.02s Sys=0.00s Real=0.01s
[36.934s][info][gc,marking  ] GC(75) Concurrent Mark 1815.932ms
[36.934s][info][gc,marking  ] GC(75) Concurrent Rebuild Remembered Sets and Scrub Regions
[37.181s][info][gc,start    ] GC(78) Pause Young (Normal) (G1 Evacuation Pause)
[37.181s][info][gc,task     ] GC(78) Using 2 workers of 2 for evacuation
[37.253s][info][gc,phases   ] GC(78)   Pre Evacuate Collection Set: 0.58ms
[37.253s][info][gc,phases   ] GC(78)   Merge Heap Roots: 0.37ms
[37.253s][info][gc,phases   ] GC(78)   Evacuate Collection Set: 69.99ms
[37.253s][info][gc,phases   ] GC(78)   Post Evacuate Collection Set: 0.51ms
[37.253s][info][gc,phases   ] GC(78)   Other: 0.15ms
[37.253s][info][gc,heap     ] GC(78) Eden regions: 145->0(230)
[37.253s][info][gc,heap     ] GC(78) Survivor regions: 25->22(22)
[37.253s][info][gc,heap     ] GC(78) Old regions: 571->598
[37.253s][info][gc,heap     ] GC(78) Humongous regions: 7->7
[37.253s][info][gc,metaspace] GC(78) Metaspace: 17373K(17536K)->17373K(17536K) NonClass: 15573K(15680K)->15573K(15680K) Class: 1799K(1856K)->1799K(1856K)
[37.253s][info][gc          ] GC(78) Pause Young (Normal) (G1 Evacuation Pause) 747M->626M(978M) 71.902ms
[37.253s][info][gc,cpu      ] GC(78) User=0.14s Sys=0.00s Real=0.08s
[37.612s][info][gc,marking  ] GC(75) Concurrent Rebuild Remembered Sets and Scrub Regions 678.173ms
[37.612s][info][gc,start    ] GC(75) Pause Cleanup
[37.612s][info][gc          ] GC(75) Pause Cleanup 766M->766M(978M) 0.177ms
[37.612s][info][gc,cpu      ] GC(75) User=0.00s Sys=0.00s Real=0.00s
[37.614s][info][gc,marking  ] GC(75) Concurrent Clear Claimed Marks
[37.614s][info][gc,marking  ] GC(75) Concurrent Clear Claimed Marks 0.043ms
[37.614s][info][gc,marking  ] GC(75) Concurrent Cleanup for Next Mark
[37.621s][info][gc,marking  ] GC(75) Concurrent Cleanup for Next Mark 7.400ms
[37.621s][info][gc          ] GC(75) Concurrent Mark Cycle 2544.348ms
[37.765s][info][gc,start    ] GC(79) Pause Young (Prepare Mixed) (G1 Evacuation Pause)
[37.765s][info][gc,task     ] GC(79) Using 2 workers of 2 for evacuation
[37.850s][info][gc,phases   ] GC(79)   Pre Evacuate Collection Set: 0.29ms
[37.850s][info][gc,phases   ] GC(79)   Merge Heap Roots: 0.40ms
[37.850s][info][gc,phases   ] GC(79)   Evacuate Collection Set: 84.10ms
[37.850s][info][gc,phases   ] GC(79)   Post Evacuate Collection Set: 0.54ms
[37.850s][info][gc,phases   ] GC(79)   Other: 0.12ms
[37.850s][info][gc,heap     ] GC(79) Eden regions: 230->0(16)
[37.850s][info][gc,heap     ] GC(79) Survivor regions: 22->32(32)
[37.850s][info][gc,heap     ] GC(79) Old regions: 598->625
[37.850s][info][gc,heap     ] GC(79) Humongous regions: 7->7
[37.850s][info][gc,metaspace] GC(79) Metaspace: 17373K(17536K)->17373K(17536K) NonClass: 15573K(15680K)->15573K(15680K) Class: 1799K(1856K)->1799K(1856K)
[37.850s][info][gc          ] GC(79) Pause Young (Prepare Mixed) (G1 Evacuation Pause) 856M->663M(978M) 85.719ms
[37.850s][info][gc,cpu      ] GC(79) User=0.17s Sys=0.00s Real=0.08s
[37.864s][info][gc,start    ] GC(80) Pause Young (Mixed) (G1 Evacuation Pause)
[37.864s][info][gc,task     ] GC(80) Using 2 workers of 2 for evacuation
[37.905s][info][gc,phases   ] GC(80)   Pre Evacuate Collection Set: 0.53ms
[37.905s][info][gc,phases   ] GC(80)   Merge Heap Roots: 0.21ms
[37.905s][info][gc,phases   ] GC(80)   Evacuate Collection Set: 39.09ms
[37.905s][info][gc,phases   ] GC(80)   Post Evacuate Collection Set: 0.39ms
[37.905s][info][gc,phases   ] GC(80)   Other: 0.13ms
[37.905s][info][gc,heap     ] GC(80) Eden regions: 16->0(118)
[37.905s][info][gc,heap     ] GC(80) Survivor regions: 32->1(6)
[37.905s][info][gc,heap     ] GC(80) Old regions: 625->644
[37.905s][info][gc,heap     ] GC(80) Humongous regions: 7->7
[37.905s][info][gc,metaspace] GC(80) Metaspace: 17373K(17536K)->17373K(17536K) NonClass: 15573K(15680K)->15573K(15680K) Class: 1799K(1856K)->1799K(1856K)
[37.905s][info][gc          ] GC(80) Pause Young (Mixed) (G1 Evacuation Pause) 679M->652M(978M) 40.572ms
[37.905s][info][gc,cpu      ] GC(80) User=0.08s Sys=0.00s Real=0.04s
[38.040s][info][gc,start    ] GC(81) Pause Young (Mixed) (G1 Evacuation Pause)
[38.040s][info][gc,task     ] GC(81) Using 2 workers of 2 for evacuation
[38.050s][info][gc,phases   ] GC(81)   Pre Evacuate Collection Set: 0.33ms
[38.050s][info][gc,phases   ] GC(81)   Merge Heap Roots: 0.25ms
[38.050s][info][gc,phases   ] GC(81)   Evacuate Collection Set: 9.05ms
[38.050s][info][gc,phases   ] GC(81)   Post Evacuate Collection Set: 0.41ms
[38.050s][info][gc,phases   ] GC(81)   Other: 0.12ms
[38.050s][info][gc,heap     ] GC(81) Eden regions: 144->0(176)
[38.050s][info][gc,heap     ] GC(81) Survivor regions: 1->2(19)
[38.050s][info][gc,heap     ] GC(81) Old regions: 644->632
[38.050s][info][gc,heap     ] GC(81) Humongous regions: 7->7
[38.050s][info][gc,metaspace] GC(81) Metaspace: 17373K(17536K)->17373K(17536K) NonClass: 15573K(15680K)->15573K(15680K) Class: 1799K(1856K)->1799K(1856K)
[38.050s][info][gc          ] GC(81) Pause Young (Mixed) (G1 Evacuation Pause) 796M->640M(978M) 10.390ms
[38.051s][info][gc,cpu      ] GC(81) User=0.02s Sys=0.00s Real=0.01s
[38.282s][info][gc,start    ] GC(82) Pause Young (Mixed) (G1 Evacuation Pause)
[38.282s][info][gc,task     ] GC(82) Using 2 workers of 2 for evacuation
[38.300s][info][gc,phases   ] GC(82)   Pre Evacuate Collection Set: 0.35ms
[38.301s][info][gc,phases   ] GC(82)   Merge Heap Roots: 0.29ms
[38.301s][info][gc,phases   ] GC(82)   Evacuate Collection Set: 16.92ms
[38.301s][info][gc,phases   ] GC(82)   Post Evacuate Collection Set: 0.46ms
[38.301s][info][gc,phases   ] GC(82)   Other: 0.14ms
[38.301s][info][gc,heap     ] GC(82) Eden regions: 198->0(230)
[38.301s][info][gc,heap     ] GC(82) Survivor regions: 2->5(25)
[38.301s][info][gc,heap     ] GC(82) Old regions: 632->619
[38.301s][info][gc,heap     ] GC(82) Humongous regions: 7->7
[38.301s][info][gc,metaspace] GC(82) Metaspace: 17373K(17536K)->17373K(17536K) NonClass: 15574K(15680K)->15574K(15680K) Class: 1799K(1856K)->1799K(1856K)
[38.301s][info][gc          ] GC(82) Pause Young (Mixed) (G1 Evacuation Pause) 838M->631M(978M) 18.426ms
[38.301s][info][gc,cpu      ] GC(82) User=0.04s Sys=0.00s Real=0.02s
[38.777s][info][gc,start    ] GC(83) Pause Young (Mixed) (G1 Evacuation Pause)
[38.777s][info][gc,task     ] GC(83) Using 2 workers of 2 for evacuation
[38.836s][info][gc,phases   ] GC(83)   Pre Evacuate Collection Set: 0.51ms
[38.836s][info][gc,phases   ] GC(83)   Merge Heap Roots: 0.54ms
[38.837s][info][gc,phases   ] GC(83)   Evacuate Collection Set: 57.75ms
[38.837s][info][gc,phases   ] GC(83)   Merge Optional Heap Roots: 0.07ms
[38.837s][info][gc,phases   ] GC(83)   Evacuate Optional Collection Set: 0.16ms
[38.837s][info][gc,phases   ] GC(83)   Post Evacuate Collection Set: 0.67ms
[38.837s][info][gc,phases   ] GC(83)   Other: 0.10ms
[38.837s][info][gc,heap     ] GC(83) Eden regions: 249->0(114)
[38.837s][info][gc,heap     ] GC(83) Survivor regions: 5->32(32)
[38.837s][info][gc,heap     ] GC(83) Old regions: 619->583
[38.837s][info][gc,heap     ] GC(83) Humongous regions: 7->7
[38.837s][info][gc,metaspace] GC(83) Metaspace: 17373K(17536K)->17373K(17536K) NonClass: 15574K(15680K)->15574K(15680K) Class: 1799K(1856K)->1799K(1856K)
[38.837s][info][gc          ] GC(83) Pause Young (Mixed) (G1 Evacuation Pause) 880M->621M(978M) 60.111ms
[38.837s][info][gc,cpu      ] GC(83) User=0.12s Sys=0.00s Real=0.06s
[39.414s][info][gc,start    ] GC(84) Pause Young (Mixed) (G1 Evacuation Pause)
[39.414s][info][gc,task     ] GC(84) Using 2 workers of 2 for evacuation
[39.461s][info][gc,phases   ] GC(84)   Pre Evacuate Collection Set: 0.99ms
[39.461s][info][gc,phases   ] GC(84)   Merge Heap Roots: 0.53ms
[39.461s][info][gc,phases   ] GC(84)   Evacuate Collection Set: 44.24ms
[39.461s][info][gc,phases   ] GC(84)   Merge Optional Heap Roots: 0.04ms
[39.461s][info][gc,phases   ] GC(84)   Evacuate Optional Collection Set: 0.12ms
[39.461s][info][gc,phases   ] GC(84)   Post Evacuate Collection Set: 0.62ms
[39.461s][info][gc,phases   ] GC(84)   Other: 0.12ms
[39.461s][info][gc,heap     ] GC(84) Eden regions: 155->0(273)
[39.461s][info][gc,heap     ] GC(84) Survivor regions: 32->1(24)
[39.461s][info][gc,heap     ] GC(84) Old regions: 583->602
[39.461s][info][gc,heap     ] GC(84) Humongous regions: 7->7
[39.461s][info][gc,metaspace] GC(84) Metaspace: 17374K(17536K)->17374K(17536K) NonClass: 15575K(15680K)->15575K(15680K) Class: 1799K(1856K)->1799K(1856K)
[39.461s][info][gc          ] GC(84) Pause Young (Mixed) (G1 Evacuation Pause) 776M->609M(978M) 46.920ms
[39.461s][info][gc,cpu      ] GC(84) User=0.08s Sys=0.00s Real=0.04s
[40.476s][info][gc,start    ] GC(85) Pause Young (Mixed) (G1 Evacuation Pause)
[40.476s][info][gc,task     ] GC(85) Using 2 workers of 2 for evacuation
[40.514s][info][gc,phases   ] GC(85)   Pre Evacuate Collection Set: 0.34ms
[40.514s][info][gc,phases   ] GC(85)   Merge Heap Roots: 0.83ms
[40.514s][info][gc,phases   ] GC(85)   Evacuate Collection Set: 36.45ms
[40.514s][info][gc,phases   ] GC(85)   Post Evacuate Collection Set: 0.54ms
[40.514s][info][gc,phases   ] GC(85)   Other: 0.09ms
[40.515s][info][gc,heap     ] GC(85) Eden regions: 273->0(296)
[40.515s][info][gc,heap     ] GC(85) Survivor regions: 1->1(35)
[40.515s][info][gc,heap     ] GC(85) Old regions: 602->590
[40.515s][info][gc,heap     ] GC(85) Humongous regions: 7->7
[40.515s][info][gc,metaspace] GC(85) Metaspace: 17385K(17536K)->17385K(17536K) NonClass: 15586K(15680K)->15586K(15680K) Class: 1799K(1856K)->1799K(1856K)
[40.515s][info][gc          ] GC(85) Pause Young (Mixed) (G1 Evacuation Pause) 882M->597M(978M) 38.522ms
[40.515s][info][gc,cpu      ] GC(85) User=0.07s Sys=0.00s Real=0.04s
[41.039s][info][gc,start    ] GC(86) Pause Young (Concurrent Start) (G1 Evacuation Pause)
[41.039s][info][gc,task     ] GC(86) Using 2 workers of 2 for evacuation
[41.112s][info][gc,phases   ] GC(86)   Pre Evacuate Collection Set: 0.42ms
[41.112s][info][gc,phases   ] GC(86)   Merge Heap Roots: 0.15ms
[41.112s][info][gc,phases   ] GC(86)   Evacuate Collection Set: 71.82ms
[41.112s][info][gc,phases   ] GC(86)   Post Evacuate Collection Set: 0.79ms
[41.112s][info][gc,phases   ] GC(86)   Other: 0.20ms
[41.112s][info][gc,heap     ] GC(86) Eden regions: 296->0(202)
[41.112s][info][gc,heap     ] GC(86) Survivor regions: 1->38(38)
[41.112s][info][gc,heap     ] GC(86) Old regions: 590->625
[41.112s][info][gc,heap     ] GC(86) Humongous regions: 7->7
[41.112s][info][gc,metaspace] GC(86) Metaspace: 17387K(17536K)->17387K(17536K) NonClass: 15588K(15680K)->15588K(15680K) Class: 1799K(1856K)->1799K(1856K)
[41.112s][info][gc          ] GC(86) Pause Young (Concurrent Start) (G1 Evacuation Pause) 893M->670M(978M) 73.631ms
[41.112s][info][gc,cpu      ] GC(86) User=0.14s Sys=0.00s Real=0.07s
[41.112s][info][gc          ] GC(87) Concurrent Mark Cycle
[41.115s][info][gc,marking  ] GC(87) Concurrent Scan Root Regions
[41.207s][info][gc,marking  ] GC(87) Concurrent Scan Root Regions 91.977ms
[41.207s][info][gc,marking  ] GC(87) Concurrent Mark
[41.207s][info][gc,marking  ] GC(87) Concurrent Mark From Roots
[41.207s][info][gc,task     ] GC(87) Using 1 workers of 1 for marking
[41.863s][info][gc,start    ] GC(88) Pause Young (Normal) (G1 Evacuation Pause)
[41.863s][info][gc,task     ] GC(88) Using 2 workers of 2 for evacuation
[41.945s][info][gc,phases   ] GC(88)   Pre Evacuate Collection Set: 0.32ms
[41.945s][info][gc,phases   ] GC(88)   Merge Heap Roots: 0.75ms
[41.945s][info][gc,phases   ] GC(88)   Evacuate Collection Set: 79.95ms
[41.945s][info][gc,phases   ] GC(88)   Post Evacuate Collection Set: 0.62ms
[41.945s][info][gc,phases   ] GC(88)   Other: 0.11ms
[41.945s][info][gc,heap     ] GC(88) Eden regions: 202->0(196)
[41.945s][info][gc,heap     ] GC(88) Survivor regions: 38->17(30)
[41.945s][info][gc,heap     ] GC(88) Old regions: 625->664
[41.945s][info][gc,heap     ] GC(88) Humongous regions: 8->8
[41.945s][info][gc,metaspace] GC(88) Metaspace: 17391K(17536K)->17391K(17536K) NonClass: 15591K(15680K)->15591K(15680K) Class: 1799K(1856K)->1799K(1856K)
[41.945s][info][gc          ] GC(88) Pause Young (Normal) (G1 Evacuation Pause) 873M->688M(978M) 82.025ms
[41.945s][info][gc,cpu      ] GC(88) User=0.17s Sys=0.00s Real=0.08s
[42.386s][info][gc,start    ] GC(89) Pause Young (Normal) (G1 Evacuation Pause)
[42.386s][info][gc,task     ] GC(89) Using 2 workers of 2 for evacuation
[42.479s][info][gc,phases   ] GC(89)   Pre Evacuate Collection Set: 0.53ms
[42.479s][info][gc,phases   ] GC(89)   Merge Heap Roots: 0.40ms
[42.479s][info][gc,phases   ] GC(89)   Evacuate Collection Set: 90.76ms
[42.479s][info][gc,phases   ] GC(89)   Post Evacuate Collection Set: 0.51ms
[42.479s][info][gc,phases   ] GC(89)   Other: 0.11ms
[42.479s][info][gc,heap     ] GC(89) Eden regions: 196->0(159)
[42.479s][info][gc,heap     ] GC(89) Survivor regions: 17->27(27)
[42.479s][info][gc,heap     ] GC(89) Old regions: 664->697
[42.479s][info][gc,heap     ] GC(89) Humongous regions: 10->10
[42.479s][info][gc,metaspace] GC(89) Metaspace: 17391K(17536K)->17391K(17536K) NonClass: 15592K(15680K)->15592K(15680K) Class: 1799K(1856K)->1799K(1856K)
[42.479s][info][gc          ] GC(89) Pause Young (Normal) (G1 Evacuation Pause) 886M->734M(978M) 92.597ms
[42.479s][info][gc,cpu      ] GC(89) User=0.18s Sys=0.00s Real=0.09s
[42.818s][info][gc,start    ] GC(90) Pause Young (Normal) (G1 Evacuation Pause)
[42.818s][info][gc,task     ] GC(90) Using 2 workers of 2 for evacuation
[42.862s][info][gc,phases   ] GC(90)   Pre Evacuate Collection Set: 0.54ms
[42.862s][info][gc,phases   ] GC(90)   Merge Heap Roots: 0.24ms
[42.862s][info][gc,phases   ] GC(90)   Evacuate Collection Set: 42.56ms
[42.862s][info][gc,phases   ] GC(90)   Post Evacuate Collection Set: 0.42ms
[42.862s][info][gc,phases   ] GC(90)   Other: 0.09ms
[42.862s][info][gc,heap     ] GC(90) Eden regions: 159->0(164)
[42.862s][info][gc,heap     ] GC(90) Survivor regions: 27->6(24)
[42.862s][info][gc,heap     ] GC(90) Old regions: 697->725
[42.862s][info][gc,heap     ] GC(90) Humongous regions: 10->10
[42.862s][info][gc,metaspace] GC(90) Metaspace: 17391K(17536K)->17391K(17536K) NonClass: 15592K(15680K)->15592K(15680K) Class: 1799K(1856K)->1799K(1856K)
[42.862s][info][gc          ] GC(90) Pause Young (Normal) (G1 Evacuation Pause) 893M->740M(978M) 44.098ms
[42.862s][info][gc,cpu      ] GC(90) User=0.09s Sys=0.00s Real=0.04s
[43.202s][info][gc,start    ] GC(91) Pause Young (Normal) (G1 Evacuation Pause)
[43.202s][info][gc,task     ] GC(91) Using 2 workers of 2 for evacuation
[43.218s][info][gc,phases   ] GC(91)   Pre Evacuate Collection Set: 0.34ms
[43.218s][info][gc,phases   ] GC(91)   Merge Heap Roots: 0.22ms
[43.218s][info][gc,phases   ] GC(91)   Evacuate Collection Set: 14.80ms
[43.218s][info][gc,phases   ] GC(91)   Post Evacuate Collection Set: 0.41ms
[43.218s][info][gc,phases   ] GC(91)   Other: 0.11ms
[43.218s][info][gc,heap     ] GC(91) Eden regions: 164->0(173)
[43.218s][info][gc,heap     ] GC(91) Survivor regions: 6->7(22)
[43.218s][info][gc,heap     ] GC(91) Old regions: 725->725
[43.218s][info][gc,heap     ] GC(91) Humongous regions: 10->10
[43.218s][info][gc,metaspace] GC(91) Metaspace: 17392K(17536K)->17392K(17536K) NonClass: 15592K(15680K)->15592K(15680K) Class: 1799K(1856K)->1799K(1856K)
[43.218s][info][gc          ] GC(91) Pause Young (Normal) (G1 Evacuation Pause) 904M->741M(978M) 16.201ms
[43.218s][info][gc,cpu      ] GC(91) User=0.04s Sys=0.00s Real=0.02s
[43.306s][info][gc,marking  ] GC(87) Concurrent Mark From Roots 2099.539ms
[43.306s][info][gc,marking  ] GC(87) Concurrent Preclean
[43.306s][info][gc,marking  ] GC(87) Concurrent Preclean 0.045ms
[43.306s][info][gc,start    ] GC(87) Pause Remark
[43.314s][info][gc          ] GC(87) Pause Remark 787M->776M(978M) 7.317ms
[43.314s][info][gc,cpu      ] GC(87) User=0.01s Sys=0.00s Real=0.01s
[43.314s][info][gc,marking  ] GC(87) Concurrent Mark 2107.813ms
[43.315s][info][gc,marking  ] GC(87) Concurrent Rebuild Remembered Sets and Scrub Regions
[43.617s][info][gc,start    ] GC(92) Pause Young (Normal) (G1 Evacuation Pause)
[43.617s][info][gc,task     ] GC(92) Using 2 workers of 2 for evacuation
[43.657s][info][gc,phases   ] GC(92)   Pre Evacuate Collection Set: 0.55ms
[43.657s][info][gc,phases   ] GC(92)   Merge Heap Roots: 0.51ms
[43.657s][info][gc,phases   ] GC(92)   Evacuate Collection Set: 38.07ms
[43.657s][info][gc,phases   ] GC(92)   Post Evacuate Collection Set: 0.51ms
[43.657s][info][gc,phases   ] GC(92)   Other: 0.09ms
[43.657s][info][gc,heap     ] GC(92) Eden regions: 173->0(180)
[43.657s][info][gc,heap     ] GC(92) Survivor regions: 7->12(23)
[43.657s][info][gc,heap     ] GC(92) Old regions: 715->715
[43.657s][info][gc,heap     ] GC(92) Humongous regions: 9->9
[43.657s][info][gc,metaspace] GC(92) Metaspace: 17392K(17536K)->17392K(17536K) NonClass: 15592K(15680K)->15592K(15680K) Class: 1799K(1856K)->1799K(1856K)
[43.657s][info][gc          ] GC(92) Pause Young (Normal) (G1 Evacuation Pause) 903M->735M(978M) 40.011ms
[43.657s][info][gc,cpu      ] GC(92) User=0.08s Sys=0.00s Real=0.04s
[44.157s][info][gc,marking  ] GC(87) Concurrent Rebuild Remembered Sets and Scrub Regions 842.144ms
[44.157s][info][gc,start    ] GC(87) Pause Cleanup
[44.157s][info][gc          ] GC(87) Pause Cleanup 913M->913M(978M) 0.150ms
[44.157s][info][gc,cpu      ] GC(87) User=0.00s Sys=0.00s Real=0.00s
[44.157s][info][gc,marking  ] GC(87) Concurrent Clear Claimed Marks
[44.157s][info][gc,marking  ] GC(87) Concurrent Clear Claimed Marks 0.034ms
[44.157s][info][gc,marking  ] GC(87) Concurrent Cleanup for Next Mark
[44.162s][info][gc,marking  ] GC(87) Concurrent Cleanup for Next Mark 5.021ms
[44.162s][info][gc          ] GC(87) Concurrent Mark Cycle 3049.947ms
[44.171s][info][gc,start    ] GC(93) Pause Young (Prepare Mixed) (G1 Evacuation Pause)
[44.171s][info][gc,task     ] GC(93) Using 2 workers of 2 for evacuation
[44.242s][info][gc,phases   ] GC(93)   Pre Evacuate Collection Set: 0.32ms
[44.242s][info][gc,phases   ] GC(93)   Merge Heap Roots: 0.52ms
[44.242s][info][gc,phases   ] GC(93)   Evacuate Collection Set: 69.30ms
[44.242s][info][gc,phases   ] GC(93)   Post Evacuate Collection Set: 0.50ms
[44.242s][info][gc,phases   ] GC(93)   Other: 0.11ms
[44.242s][info][gc,heap     ] GC(93) Eden regions: 180->0(141)
[44.242s][info][gc,heap     ] GC(93) Survivor regions: 12->24(24)
[44.242s][info][gc,heap     ] GC(93) Old regions: 715->730
[44.242s][info][gc,heap     ] GC(93) Humongous regions: 9->9
[44.242s][info][gc,metaspace] GC(93) Metaspace: 17392K(17536K)->17392K(17536K) NonClass: 15593K(15680K)->15593K(15680K) Class: 1799K(1856K)->1799K(1856K)
[44.242s][info][gc          ] GC(93) Pause Young (Prepare Mixed) (G1 Evacuation Pause) 915M->762M(978M) 70.961ms
[44.242s][info][gc,cpu      ] GC(93) User=0.14s Sys=0.00s Real=0.07s
[44.651s][info][gc,start    ] GC(94) Pause Young (Mixed) (G1 Evacuation Pause)
[44.651s][info][gc,task     ] GC(94) Using 2 workers of 2 for evacuation
[44.699s][info][gc,phases   ] GC(94)   Pre Evacuate Collection Set: 0.33ms
[44.699s][info][gc,phases   ] GC(94)   Merge Heap Roots: 0.23ms
[44.699s][info][gc,phases   ] GC(94)   Evacuate Collection Set: 46.98ms
[44.699s][info][gc,phases   ] GC(94)   Post Evacuate Collection Set: 0.47ms
[44.699s][info][gc,phases   ] GC(94)   Other: 0.10ms
[44.699s][info][gc,heap     ] GC(94) Eden regions: 141->0(150)
[44.699s][info][gc,heap     ] GC(94) Survivor regions: 24->14(21)
[44.699s][info][gc,heap     ] GC(94) Old regions: 730->741
[44.699s][info][gc,heap     ] GC(94) Humongous regions: 9->9
[44.699s][info][gc,metaspace] GC(94) Metaspace: 17407K(17536K)->17407K(17536K) NonClass: 15607K(15680K)->15607K(15680K) Class: 1800K(1856K)->1800K(1856K)
[44.699s][info][gc          ] GC(94) Pause Young (Mixed) (G1 Evacuation Pause) 903M->763M(978M) 48.385ms
[44.699s][info][gc,cpu      ] GC(94) User=0.10s Sys=0.00s Real=0.05s
[44.970s][info][gc,start    ] GC(95) Pause Young (Concurrent Start) (G1 Evacuation Pause)
[44.970s][info][gc,task     ] GC(95) Using 2 workers of 2 for evacuation
[44.983s][info][gc,phases   ] GC(95)   Pre Evacuate Collection Set: 0.37ms
[44.983s][info][gc,phases   ] GC(95)   Merge Heap Roots: 0.11ms
[44.983s][info][gc,phases   ] GC(95)   Evacuate Collection Set: 12.13ms
[44.983s][info][gc,phases   ] GC(95)   Post Evacuate Collection Set: 0.42ms
[44.983s][info][gc,phases   ] GC(95)   Other: 0.26ms
[44.983s][info][gc,heap     ] GC(95) Eden regions: 150->0(161)
[44.983s][info][gc,heap     ] GC(95) Survivor regions: 14->6(21)
[44.983s][info][gc,heap     ] GC(95) Old regions: 741->746
[44.983s][info][gc,heap     ] GC(95) Humongous regions: 9->9
[44.983s][info][gc,metaspace] GC(95) Metaspace: 17438K(17536K)->17438K(17536K) NonClass: 15635K(15680K)->15635K(15680K) Class: 1802K(1856K)->1802K(1856K)
[44.983s][info][gc          ] GC(95) Pause Young (Concurrent Start) (G1 Evacuation Pause) 913M->761M(978M) 13.528ms
[44.983s][info][gc          ] GC(96) Concurrent Mark Cycle
[44.983s][info][gc,marking  ] GC(96) Concurrent Scan Root Regions
[44.983s][info][gc,cpu      ] GC(95) User=0.03s Sys=0.00s Real=0.02s
[45.011s][info][gc,marking  ] GC(96) Concurrent Scan Root Regions 27.387ms
[45.011s][info][gc,marking  ] GC(96) Concurrent Mark
[45.011s][info][gc,marking  ] GC(96) Concurrent Mark From Roots
[45.011s][info][gc,task     ] GC(96) Using 1 workers of 1 for marking
[45.567s][info][gc,start    ] GC(97) Pause Young (Normal) (G1 Evacuation Pause)
[45.567s][info][gc,task     ] GC(97) Using 2 workers of 2 for evacuation
[45.608s][info][gc,phases   ] GC(97)   Pre Evacuate Collection Set: 0.52ms
[45.608s][info][gc,phases   ] GC(97)   Merge Heap Roots: 0.09ms
[45.608s][info][gc,phases   ] GC(97)   Evacuate Collection Set: 39.39ms
[45.608s][info][gc,phases   ] GC(97)   Post Evacuate Collection Set: 0.57ms
[45.608s][info][gc,phases   ] GC(97)   Other: 0.14ms
[45.608s][info][gc,heap     ] GC(97) Eden regions: 161->0(125)
[45.608s][info][gc,heap     ] GC(97) Survivor regions: 6->21(21)
[45.608s][info][gc,heap     ] GC(97) Old regions: 746->752
[45.608s][info][gc,heap     ] GC(97) Humongous regions: 9->9
[45.608s][info][gc,metaspace] GC(97) Metaspace: 17468K(17600K)->17468K(17600K) NonClass: 15662K(15744K)->15662K(15744K) Class: 1805K(1856K)->1805K(1856K)
[45.608s][info][gc          ] GC(97) Pause Young (Normal) (G1 Evacuation Pause) 922M->781M(978M) 40.955ms
[45.608s][info][gc,cpu      ] GC(97) User=0.08s Sys=0.00s Real=0.04s
[45.934s][info][gc,start    ] GC(98) Pause Young (Normal) (G1 Evacuation Pause)
[45.934s][info][gc,task     ] GC(98) Using 2 workers of 2 for evacuation
[45.980s][info][gc,phases   ] GC(98)   Pre Evacuate Collection Set: 0.54ms
[45.980s][info][gc,phases   ] GC(98)   Merge Heap Roots: 0.17ms
[45.980s][info][gc,phases   ] GC(98)   Evacuate Collection Set: 44.93ms
[45.980s][info][gc,phases   ] GC(98)   Post Evacuate Collection Set: 0.46ms
[45.981s][info][gc,phases   ] GC(98)   Other: 0.10ms
[45.981s][info][gc,heap     ] GC(98) Eden regions: 125->0(114)
[45.981s][info][gc,heap     ] GC(98) Survivor regions: 21->16(19)
[45.981s][info][gc,heap     ] GC(98) Old regions: 752->773
[45.981s][info][gc,heap     ] GC(98) Humongous regions: 9->9
[45.981s][info][gc,metaspace] GC(98) Metaspace: 17473K(17600K)->17473K(17600K) NonClass: 15668K(15744K)->15668K(15744K) Class: 1805K(1856K)->1805K(1856K)
[45.981s][info][gc          ] GC(98) Pause Young (Normal) (G1 Evacuation Pause) 906M->798M(978M) 46.474ms
[45.981s][info][gc,cpu      ] GC(98) User=0.09s Sys=0.00s Real=0.04s
[46.232s][info][gc,start    ] GC(99) Pause Young (Normal) (G1 Evacuation Pause)
[46.232s][info][gc,task     ] GC(99) Using 2 workers of 2 for evacuation
[46.260s][info][gc,phases   ] GC(99)   Pre Evacuate Collection Set: 0.30ms
[46.260s][info][gc,phases   ] GC(99)   Merge Heap Roots: 0.17ms
[46.260s][info][gc,phases   ] GC(99)   Evacuate Collection Set: 26.88ms
[46.260s][info][gc,phases   ] GC(99)   Post Evacuate Collection Set: 0.42ms
[46.260s][info][gc,phases   ] GC(99)   Other: 0.08ms
[46.260s][info][gc,heap     ] GC(99) Eden regions: 114->0(120)
[46.260s][info][gc,heap     ] GC(99) Survivor regions: 16->5(17)
[46.260s][info][gc,heap     ] GC(99) Old regions: 773->789
[46.260s][info][gc,heap     ] GC(99) Humongous regions: 9->9
[46.260s][info][gc,metaspace] GC(99) Metaspace: 17485K(17600K)->17485K(17600K) NonClass: 15679K(15744K)->15679K(15744K) Class: 1805K(1856K)->1805K(1856K)
[46.260s][info][gc          ] GC(99) Pause Young (Normal) (G1 Evacuation Pause) 912M->802M(978M) 28.123ms
[46.260s][info][gc,cpu      ] GC(99) User=0.05s Sys=0.00s Real=0.03s
[47.024s][info][gc,start    ] GC(100) Pause Young (Normal) (G1 Evacuation Pause)
[47.024s][info][gc,task     ] GC(100) Using 2 workers of 2 for evacuation
[47.033s][info][gc,phases   ] GC(100)   Pre Evacuate Collection Set: 0.34ms
[47.033s][info][gc,phases   ] GC(100)   Merge Heap Roots: 0.10ms
[47.033s][info][gc,phases   ] GC(100)   Evacuate Collection Set: 8.18ms
[47.033s][info][gc,phases   ] GC(100)   Post Evacuate Collection Set: 0.45ms
[47.033s][info][gc,phases   ] GC(100)   Other: 0.09ms
[47.033s][info][gc,heap     ] GC(100) Eden regions: 120->0(120)
[47.033s][info][gc,heap     ] GC(100) Survivor regions: 5->5(16)
[47.033s][info][gc,heap     ] GC(100) Old regions: 789->789
[47.033s][info][gc,heap     ] GC(100) Humongous regions: 9->9
[47.033s][info][gc,metaspace] GC(100) Metaspace: 17506K(17600K)->17506K(17600K) NonClass: 15701K(15744K)->15701K(15744K) Class: 1805K(1856K)->1805K(1856K)
[47.033s][info][gc          ] GC(100) Pause Young (Normal) (G1 Evacuation Pause) 922M->802M(978M) 9.396ms
[47.033s][info][gc,cpu      ] GC(100) User=0.02s Sys=0.00s Real=0.01s
[47.560s][info][gc,marking  ] GC(96) Concurrent Mark From Roots 2548.835ms
[47.560s][info][gc,marking  ] GC(96) Concurrent Preclean
[47.560s][info][gc,marking  ] GC(96) Concurrent Preclean 0.044ms
[47.560s][info][gc,start    ] GC(96) Pause Remark
[47.569s][info][gc          ] GC(96) Pause Remark 904M->775M(978M) 8.680ms
[47.569s][info][gc,cpu      ] GC(96) User=0.01s Sys=0.00s Real=0.01s
[47.569s][info][gc,marking  ] GC(96) Concurrent Mark 2557.925ms
[47.569s][info][gc,marking  ] GC(96) Concurrent Rebuild Remembered Sets and Scrub Regions
[47.623s][info][gc,start    ] GC(101) Pause Young (Normal) (G1 Evacuation Pause)
[47.623s][info][gc,task     ] GC(101) Using 2 workers of 2 for evacuation
[47.640s][info][gc,phases   ] GC(101)   Pre Evacuate Collection Set: 0.48ms
[47.640s][info][gc,phases   ] GC(101)   Merge Heap Roots: 0.11ms
[47.640s][info][gc,phases   ] GC(101)   Evacuate Collection Set: 15.95ms
[47.640s][info][gc,phases   ] GC(101)   Post Evacuate Collection Set: 0.43ms
[47.640s][info][gc,phases   ] GC(101)   Other: 0.09ms
[47.640s][info][gc,heap     ] GC(101) Eden regions: 120->0(226)
[47.640s][info][gc,heap     ] GC(101) Survivor regions: 5->11(16)
[47.640s][info][gc,heap     ] GC(101) Old regions: 663->663
[47.640s][info][gc,heap     ] GC(101) Humongous regions: 6->6
[47.640s][info][gc,metaspace] GC(101) Metaspace: 17509K(17600K)->17509K(17600K) NonClass: 15703K(15744K)->15703K(15744K) Class: 1805K(1856K)->1805K(1856K)
[47.640s][info][gc          ] GC(101) Pause Young (Normal) (G1 Evacuation Pause) 793M->679M(978M) 17.287ms
[47.640s][info][gc,cpu      ] GC(101) User=0.03s Sys=0.00s Real=0.01s
[48.174s][info][gc,start    ] GC(102) Pause Young (Normal) (G1 Evacuation Pause)
[48.174s][info][gc,task     ] GC(102) Using 2 workers of 2 for evacuation
[48.213s][info][gc,phases   ] GC(102)   Pre Evacuate Collection Set: 0.36ms
[48.213s][info][gc,phases   ] GC(102)   Merge Heap Roots: 0.13ms
[48.213s][info][gc,phases   ] GC(102)   Evacuate Collection Set: 37.80ms
[48.213s][info][gc,phases   ] GC(102)   Post Evacuate Collection Set: 0.52ms
[48.213s][info][gc,phases   ] GC(102)   Other: 0.09ms
[48.213s][info][gc,heap     ] GC(102) Eden regions: 226->0(195)
[48.213s][info][gc,heap     ] GC(102) Survivor regions: 11->30(30)
[48.213s][info][gc,heap     ] GC(102) Old regions: 663->667
[48.213s][info][gc,heap     ] GC(102) Humongous regions: 6->6
[48.213s][info][gc,metaspace] GC(102) Metaspace: 17510K(17664K)->17510K(17664K) NonClass: 15705K(15808K)->15705K(15808K) Class: 1805K(1856K)->1805K(1856K)
[48.213s][info][gc          ] GC(102) Pause Young (Normal) (G1 Evacuation Pause) 905M->702M(978M) 39.145ms
[48.213s][info][gc,cpu      ] GC(102) User=0.08s Sys=0.00s Real=0.04s
[48.503s][info][gc,marking  ] GC(96) Concurrent Rebuild Remembered Sets and Scrub Regions 934.114ms
[48.503s][info][gc,start    ] GC(96) Pause Cleanup
[48.503s][info][gc          ] GC(96) Pause Cleanup 839M->839M(978M) 0.184ms
[48.503s][info][gc,cpu      ] GC(96) User=0.00s Sys=0.00s Real=0.00s
[48.503s][info][gc,marking  ] GC(96) Concurrent Clear Claimed Marks
[48.503s][info][gc,marking  ] GC(96) Concurrent Clear Claimed Marks 0.040ms
[48.503s][info][gc,marking  ] GC(96) Concurrent Cleanup for Next Mark
[48.509s][info][gc,marking  ] GC(96) Concurrent Cleanup for Next Mark 5.064ms
[48.509s][info][gc          ] GC(96) Concurrent Mark Cycle 3525.367ms
[48.606s][info][gc,start    ] GC(103) Pause Young (Prepare Mixed) (G1 Evacuation Pause)
[48.606s][info][gc,task     ] GC(103) Using 2 workers of 2 for evacuation
[48.701s][info][gc,phases   ] GC(103)   Pre Evacuate Collection Set: 0.48ms
[48.701s][info][gc,phases   ] GC(103)   Merge Heap Roots: 0.22ms
[48.701s][info][gc,phases   ] GC(103)   Evacuate Collection Set: 90.51ms
[48.701s][info][gc,phases   ] GC(103)   Post Evacuate Collection Set: 4.14ms
[48.701s][info][gc,phases   ] GC(103)   Other: 0.09ms
[48.701s][info][gc,heap     ] GC(103) Eden regions: 195->0(99)
[48.701s][info][gc,heap     ] GC(103) Survivor regions: 30->29(29)
[48.701s][info][gc,heap     ] GC(103) Old regions: 667->765
[48.701s][info][gc,heap     ] GC(103) Humongous regions: 6->6
[48.701s][info][gc,metaspace] GC(103) Metaspace: 17510K(17664K)->17510K(17664K) NonClass: 15705K(15808K)->15705K(15808K) Class: 1805K(1856K)->1805K(1856K)
[48.701s][info][gc          ] GC(103) Pause Young (Prepare Mixed) (G1 Evacuation Pause) (Evacuation Failure: Allocation) 897M->800M(978M) 95.715ms
[48.701s][info][gc,cpu      ] GC(103) User=0.19s Sys=0.00s Real=0.09s
[48.962s][info][gc,start    ] GC(104) Pause Young (Mixed) (G1 Evacuation Pause)
[48.962s][info][gc,task     ] GC(104) Using 2 workers of 2 for evacuation
[49.012s][info][gc,phases   ] GC(104)   Pre Evacuate Collection Set: 0.37ms
[49.012s][info][gc,phases   ] GC(104)   Merge Heap Roots: 0.44ms
[49.012s][info][gc,phases   ] GC(104)   Evacuate Collection Set: 48.16ms
[49.012s][info][gc,phases   ] GC(104)   Post Evacuate Collection Set: 0.53ms
[49.012s][info][gc,phases   ] GC(104)   Other: 0.12ms
[49.012s][info][gc,heap     ] GC(104) Eden regions: 99->0(174)
[49.012s][info][gc,heap     ] GC(104) Survivor regions: 29->4(16)
[49.012s][info][gc,heap     ] GC(104) Old regions: 765->720
[49.012s][info][gc,heap     ] GC(104) Humongous regions: 6->6
[49.012s][info][gc,metaspace] GC(104) Metaspace: 17510K(17664K)->17510K(17664K) NonClass: 15705K(15808K)->15705K(15808K) Class: 1805K(1856K)->1805K(1856K)
[49.012s][info][gc          ] GC(104) Pause Young (Mixed) (G1 Evacuation Pause) 899M->729M(978M) 49.925ms
[49.012s][info][gc,cpu      ] GC(104) User=0.10s Sys=0.00s Real=0.05s
[49.211s][info][gc,start    ] GC(105) Pause Young (Concurrent Start) (G1 Humongous Allocation)
[49.211s][info][gc,task     ] GC(105) Using 2 workers of 2 for evacuation
[49.240s][info][gc,phases   ] GC(105)   Pre Evacuate Collection Set: 0.34ms
[49.240s][info][gc,phases   ] GC(105)   Merge Heap Roots: 0.35ms
[49.240s][info][gc,phases   ] GC(105)   Evacuate Collection Set: 27.51ms
[49.240s][info][gc,phases   ] GC(105)   Post Evacuate Collection Set: 0.50ms
[49.240s][info][gc,phases   ] GC(105)   Other: 0.17ms
[49.240s][info][gc,heap     ] GC(105) Eden regions: 100->0(176)
[49.240s][info][gc,heap     ] GC(105) Survivor regions: 4->10(23)
[49.240s][info][gc,heap     ] GC(105) Old regions: 720->720
[49.240s][info][gc,heap     ] GC(105) Humongous regions: 6->6
[49.240s][info][gc,metaspace] GC(105) Metaspace: 17512K(17664K)->17512K(17664K) NonClass: 15706K(15808K)->15706K(15808K) Class: 1805K(1856K)->1805K(1856K)
[49.240s][info][gc          ] GC(105) Pause Young (Concurrent Start) (G1 Humongous Allocation) 829M->736M(978M) 29.168ms
[49.240s][info][gc          ] GC(106) Concurrent Mark Cycle
[49.240s][info][gc,marking  ] GC(106) Concurrent Scan Root Regions
[49.243s][info][gc,cpu      ] GC(105) User=0.06s Sys=0.00s Real=0.04s
[49.276s][info][gc,marking  ] GC(106) Concurrent Scan Root Regions 35.645ms
[49.276s][info][gc,marking  ] GC(106) Concurrent Mark
[49.276s][info][gc,marking  ] GC(106) Concurrent Mark From Roots
[49.276s][info][gc,task     ] GC(106) Using 1 workers of 1 for marking
[49.679s][info][gc,start    ] GC(107) Pause Young (Normal) (G1 Evacuation Pause)
[49.680s][info][gc,task     ] GC(107) Using 2 workers of 2 for evacuation
[49.773s][info][gc,phases   ] GC(107)   Pre Evacuate Collection Set: 0.32ms
[49.773s][info][gc,phases   ] GC(107)   Merge Heap Roots: 0.82ms
[49.773s][info][gc,phases   ] GC(107)   Evacuate Collection Set: 91.47ms
[49.773s][info][gc,phases   ] GC(107)   Post Evacuate Collection Set: 0.63ms
[49.773s][info][gc,phases   ] GC(107)   Other: 0.13ms
[49.773s][info][gc,heap     ] GC(107) Eden regions: 176->0(128)
[49.773s][info][gc,heap     ] GC(107) Survivor regions: 10->24(24)
[49.773s][info][gc,heap     ] GC(107) Old regions: 720->743
[49.773s][info][gc,heap     ] GC(107) Humongous regions: 9->9
[49.773s][info][gc,metaspace] GC(107) Metaspace: 17512K(17664K)->17512K(17664K) NonClass: 15706K(15808K)->15706K(15808K) Class: 1805K(1856K)->1805K(1856K)
[49.773s][info][gc          ] GC(107) Pause Young (Normal) (G1 Evacuation Pause) 915M->776M(978M) 93.653ms
[49.773s][info][gc,cpu      ] GC(107) User=0.18s Sys=0.00s Real=0.10s
[50.106s][info][gc,start    ] GC(108) Pause Young (Normal) (G1 Evacuation Pause)
[50.106s][info][gc,task     ] GC(108) Using 2 workers of 2 for evacuation
[50.178s][info][gc,phases   ] GC(108)   Pre Evacuate Collection Set: 0.30ms
[50.178s][info][gc,phases   ] GC(108)   Merge Heap Roots: 0.52ms
[50.178s][info][gc,phases   ] GC(108)   Evacuate Collection Set: 70.59ms
[50.178s][info][gc,phases   ] GC(108)   Post Evacuate Collection Set: 0.43ms
[50.178s][info][gc,phases   ] GC(108)   Other: 0.11ms
[50.178s][info][gc,heap     ] GC(108) Eden regions: 128->0(117)
[50.178s][info][gc,heap     ] GC(108) Survivor regions: 24->17(19)
[50.178s][info][gc,heap     ] GC(108) Old regions: 743->768
[50.178s][info][gc,heap     ] GC(108) Humongous regions: 9->9
[50.178s][info][gc,metaspace] GC(108) Metaspace: 17512K(17664K)->17512K(17664K) NonClass: 15706K(15808K)->15706K(15808K) Class: 1805K(1856K)->1805K(1856K)
[50.178s][info][gc          ] GC(108) Pause Young (Normal) (G1 Evacuation Pause) 904M->793M(978M) 72.216ms
[50.178s][info][gc,cpu      ] GC(108) User=0.14s Sys=0.01s Real=0.07s
[50.338s][info][gc,start    ] GC(109) Pause Young (Normal) (G1 Evacuation Pause)
[50.338s][info][gc,task     ] GC(109) Using 2 workers of 2 for evacuation
[50.362s][info][gc,phases   ] GC(109)   Pre Evacuate Collection Set: 0.38ms
[50.362s][info][gc,phases   ] GC(109)   Merge Heap Roots: 0.15ms
[50.362s][info][gc,phases   ] GC(109)   Evacuate Collection Set: 22.36ms
[50.362s][info][gc,phases   ] GC(109)   Post Evacuate Collection Set: 0.40ms
[50.362s][info][gc,phases   ] GC(109)   Other: 0.11ms
[50.362s][info][gc,heap     ] GC(109) Eden regions: 117->0(130)
[50.362s][info][gc,heap     ] GC(109) Survivor regions: 17->2(17)
[50.362s][info][gc,heap     ] GC(109) Old regions: 768->785
[50.362s][info][gc,heap     ] GC(109) Humongous regions: 9->9
[50.362s][info][gc,metaspace] GC(109) Metaspace: 17512K(17664K)->17512K(17664K) NonClass: 15706K(15808K)->15706K(15808K) Class: 1805K(1856K)->1805K(1856K)
[50.362s][info][gc          ] GC(109) Pause Young (Normal) (G1 Evacuation Pause) 910M->795M(978M) 23.645ms
[50.362s][info][gc,cpu      ] GC(109) User=0.05s Sys=0.00s Real=0.02s
[50.605s][info][gc,start    ] GC(110) Pause Young (Normal) (G1 Evacuation Pause)
[50.606s][info][gc,task     ] GC(110) Using 2 workers of 2 for evacuation
[50.644s][info][gc,phases   ] GC(110)   Pre Evacuate Collection Set: 0.32ms
[50.645s][info][gc,phases   ] GC(110)   Merge Heap Roots: 0.74ms
[50.645s][info][gc,phases   ] GC(110)   Evacuate Collection Set: 37.30ms
[50.645s][info][gc,phases   ] GC(110)   Post Evacuate Collection Set: 0.50ms
[50.645s][info][gc,phases   ] GC(110)   Other: 0.09ms
[50.645s][info][gc,heap     ] GC(110) Eden regions: 130->0(87)
[50.645s][info][gc,heap     ] GC(110) Survivor regions: 2->17(17)
[50.645s][info][gc,heap     ] GC(110) Old regions: 785->798
[50.645s][info][gc,heap     ] GC(110) Humongous regions: 9->9
[50.645s][info][gc,metaspace] GC(110) Metaspace: 17512K(17664K)->17512K(17664K) NonClass: 15706K(15808K)->15706K(15808K) Class: 1805K(1856K)->1805K(1856K)
[50.645s][info][gc          ] GC(110) Pause Young (Normal) (G1 Evacuation Pause) 925M->824M(978M) 39.224ms
[50.645s][info][gc,cpu      ] GC(110) User=0.08s Sys=0.00s Real=0.04s
[50.828s][info][gc,start    ] GC(111) Pause Young (Normal) (G1 Evacuation Pause)
[50.828s][info][gc,task     ] GC(111) Using 2 workers of 2 for evacuation
[50.871s][info][gc,phases   ] GC(111)   Pre Evacuate Collection Set: 0.54ms
[50.871s][info][gc,phases   ] GC(111)   Merge Heap Roots: 0.31ms
[50.871s][info][gc,phases   ] GC(111)   Evacuate Collection Set: 41.84ms
[50.871s][info][gc,phases   ] GC(111)   Post Evacuate Collection Set: 0.42ms
[50.871s][info][gc,phases   ] GC(111)   Other: 0.09ms
[50.871s][info][gc,heap     ] GC(111) Eden regions: 87->0(74)
[50.871s][info][gc,heap     ] GC(111) Survivor regions: 17->13(13)
[50.871s][info][gc,heap     ] GC(111) Old regions: 798->819
[50.871s][info][gc,heap     ] GC(111) Humongous regions: 9->9
[50.872s][info][gc,metaspace] GC(111) Metaspace: 17512K(17664K)->17512K(17664K) NonClass: 15707K(15808K)->15707K(15808K) Class: 1805K(1856K)->1805K(1856K)
[50.872s][info][gc          ] GC(111) Pause Young (Normal) (G1 Evacuation Pause) 911M->840M(978M) 43.517ms
[50.872s][info][gc,cpu      ] GC(111) User=0.09s Sys=0.00s Real=0.04s
[50.973s][info][gc,start    ] GC(112) Pause Young (Normal) (G1 Evacuation Pause)
[50.973s][info][gc,task     ] GC(112) Using 2 workers of 2 for evacuation
[50.992s][info][gc,phases   ] GC(112)   Pre Evacuate Collection Set: 0.34ms
[50.992s][info][gc,phases   ] GC(112)   Merge Heap Roots: 0.14ms
[50.992s][info][gc,phases   ] GC(112)   Evacuate Collection Set: 17.21ms
[50.992s][info][gc,phases   ] GC(112)   Post Evacuate Collection Set: 0.35ms
[50.992s][info][gc,phases   ] GC(112)   Other: 0.09ms
[50.992s][info][gc,heap     ] GC(112) Eden regions: 74->0(83)
[50.992s][info][gc,heap     ] GC(112) Survivor regions: 13->2(11)
[50.992s][info][gc,heap     ] GC(112) Old regions: 819->832
[50.992s][info][gc,heap     ] GC(112) Humongous regions: 9->9
[50.992s][info][gc,metaspace] GC(112) Metaspace: 17512K(17664K)->17512K(17664K) NonClass: 15707K(15808K)->15707K(15808K) Class: 1805K(1856K)->1805K(1856K)
[50.992s][info][gc          ] GC(112) Pause Young (Normal) (G1 Evacuation Pause) 914M->843M(978M) 18.425ms
[50.992s][info][gc,cpu      ] GC(112) User=0.03s Sys=0.00s Real=0.01s
[51.175s][info][gc,start    ] GC(113) Pause Young (Normal) (G1 Evacuation Pause)
[51.175s][info][gc,task     ] GC(113) Using 2 workers of 2 for evacuation
[51.190s][info][gc,phases   ] GC(113)   Pre Evacuate Collection Set: 0.29ms
[51.191s][info][gc,phases   ] GC(113)   Merge Heap Roots: 0.22ms
[51.191s][info][gc,phases   ] GC(113)   Evacuate Collection Set: 14.66ms
[51.191s][info][gc,phases   ] GC(113)   Post Evacuate Collection Set: 0.41ms
[51.191s][info][gc,phases   ] GC(113)   Other: 0.09ms
[51.191s][info][gc,heap     ] GC(113) Eden regions: 83->0(75)
[51.191s][info][gc,heap     ] GC(113) Survivor regions: 2->6(11)
[51.191s][info][gc,heap     ] GC(113) Old regions: 832->832
[51.191s][info][gc,heap     ] GC(113) Humongous regions: 9->9
[51.191s][info][gc,metaspace] GC(113) Metaspace: 17513K(17664K)->17513K(17664K) NonClass: 15707K(15808K)->15707K(15808K) Class: 1805K(1856K)->1805K(1856K)
[51.191s][info][gc          ] GC(113) Pause Young (Normal) (G1 Evacuation Pause) 926M->846M(978M) 15.922ms
[51.191s][info][gc,cpu      ] GC(113) User=0.03s Sys=0.00s Real=0.01s
[51.364s][info][gc,start    ] GC(114) Pause Young (Normal) (G1 Evacuation Pause)
[51.364s][info][gc,task     ] GC(114) Using 2 workers of 2 for evacuation
[51.407s][info][gc,phases   ] GC(114)   Pre Evacuate Collection Set: 0.34ms
[51.407s][info][gc,phases   ] GC(114)   Merge Heap Roots: 0.27ms
[51.407s][info][gc,phases   ] GC(114)   Evacuate Collection Set: 41.21ms
[51.407s][info][gc,phases   ] GC(114)   Post Evacuate Collection Set: 0.46ms
[51.407s][info][gc,phases   ] GC(114)   Other: 0.11ms
[51.407s][info][gc,heap     ] GC(114) Eden regions: 75->0(52)
[51.407s][info][gc,heap     ] GC(114) Survivor regions: 6->11(11)
[51.407s][info][gc,heap     ] GC(114) Old regions: 832->844
[51.407s][info][gc,heap     ] GC(114) Humongous regions: 10->10
[51.407s][info][gc,metaspace] GC(114) Metaspace: 17513K(17664K)->17513K(17664K) NonClass: 15707K(15808K)->15707K(15808K) Class: 1805K(1856K)->1805K(1856K)
[51.407s][info][gc          ] GC(114) Pause Young (Normal) (G1 Evacuation Pause) 922M->864M(978M) 42.693ms
[51.407s][info][gc,cpu      ] GC(114) User=0.08s Sys=0.00s Real=0.04s
[51.421s][info][gc,marking  ] GC(106) Concurrent Mark From Roots 2145.139ms
[51.421s][info][gc,marking  ] GC(106) Concurrent Preclean
[51.421s][info][gc,marking  ] GC(106) Concurrent Preclean 0.032ms
[51.422s][info][gc,start    ] GC(106) Pause Remark
[51.429s][info][gc          ] GC(106) Pause Remark 869M->711M(978M) 7.696ms
[51.429s][info][gc,cpu      ] GC(106) User=0.01s Sys=0.00s Real=0.01s
[51.431s][info][gc,marking  ] GC(106) Concurrent Mark 2154.370ms
[51.431s][info][gc,marking  ] GC(106) Concurrent Rebuild Remembered Sets and Scrub Regions
[51.535s][info][gc,start    ] GC(115) Pause Young (Normal) (G1 Evacuation Pause)
[51.535s][info][gc,task     ] GC(115) Using 2 workers of 2 for evacuation
[51.559s][info][gc,phases   ] GC(115)   Pre Evacuate Collection Set: 0.55ms
[51.559s][info][gc,phases   ] GC(115)   Merge Heap Roots: 0.25ms
[51.559s][info][gc,phases   ] GC(115)   Evacuate Collection Set: 22.98ms
[51.559s][info][gc,phases   ] GC(115)   Post Evacuate Collection Set: 0.36ms
[51.560s][info][gc,phases   ] GC(115)   Other: 0.09ms
[51.560s][info][gc,heap     ] GC(115) Eden regions: 52->0(182)
[51.560s][info][gc,heap     ] GC(115) Survivor regions: 11->1(8)
[51.560s][info][gc,heap     ] GC(115) Old regions: 688->699
[51.560s][info][gc,heap     ] GC(115) Humongous regions: 8->8
[51.560s][info][gc,metaspace] GC(115) Metaspace: 17513K(17664K)->17513K(17664K) NonClass: 15707K(15808K)->15707K(15808K) Class: 1805K(1856K)->1805K(1856K)
[51.560s][info][gc          ] GC(115) Pause Young (Normal) (G1 Evacuation Pause) 758M->708M(978M) 24.506ms
[51.560s][info][gc,cpu      ] GC(115) User=0.05s Sys=0.00s Real=0.02s
[51.992s][info][gc,start    ] GC(116) Pause Young (Normal) (G1 Evacuation Pause)
[51.992s][info][gc,task     ] GC(116) Using 2 workers of 2 for evacuation
[52.032s][info][gc,phases   ] GC(116)   Pre Evacuate Collection Set: 0.36ms
[52.032s][info][gc,phases   ] GC(116)   Merge Heap Roots: 0.28ms
[52.032s][info][gc,phases   ] GC(116)   Evacuate Collection Set: 38.87ms
[52.032s][info][gc,phases   ] GC(116)   Post Evacuate Collection Set: 0.45ms
[52.032s][info][gc,phases   ] GC(116)   Other: 0.09ms
[52.032s][info][gc,heap     ] GC(116) Eden regions: 182->0(165)
[52.032s][info][gc,heap     ] GC(116) Survivor regions: 1->23(23)
[52.032s][info][gc,heap     ] GC(116) Old regions: 699->703
[52.032s][info][gc,heap     ] GC(116) Humongous regions: 8->8
[52.032s][info][gc,metaspace] GC(116) Metaspace: 17513K(17664K)->17513K(17664K) NonClass: 15707K(15808K)->15707K(15808K) Class: 1805K(1856K)->1805K(1856K)
[52.032s][info][gc          ] GC(116) Pause Young (Normal) (G1 Evacuation Pause) 890M->734M(978M) 40.285ms
[52.032s][info][gc,cpu      ] GC(116) User=0.07s Sys=0.00s Real=0.04s
[52.311s][info][gc,marking  ] GC(106) Concurrent Rebuild Remembered Sets and Scrub Regions 880.023ms
[52.311s][info][gc,start    ] GC(106) Pause Cleanup
[52.311s][info][gc          ] GC(106) Pause Cleanup 883M->883M(978M) 0.194ms
[52.311s][info][gc,cpu      ] GC(106) User=0.00s Sys=0.00s Real=0.00s
[52.312s][info][gc,marking  ] GC(106) Concurrent Clear Claimed Marks
[52.312s][info][gc,marking  ] GC(106) Concurrent Clear Claimed Marks 0.038ms
[52.312s][info][gc,marking  ] GC(106) Concurrent Cleanup for Next Mark
[52.315s][info][gc,marking  ] GC(106) Concurrent Cleanup for Next Mark 3.055ms
[52.315s][info][gc          ] GC(106) Concurrent Mark Cycle 3074.409ms
[52.343s][info][gc,start    ] GC(117) Pause Young (Prepare Mixed) (G1 Evacuation Pause)
[52.343s][info][gc,task     ] GC(117) Using 2 workers of 2 for evacuation
[52.393s][info][gc,phases   ] GC(117)   Pre Evacuate Collection Set: 0.32ms
[52.393s][info][gc,phases   ] GC(117)   Merge Heap Roots: 0.26ms
[52.393s][info][gc,phases   ] GC(117)   Evacuate Collection Set: 48.38ms
[52.393s][info][gc,phases   ] GC(117)   Post Evacuate Collection Set: 0.52ms
[52.393s][info][gc,phases   ] GC(117)   Other: 0.12ms
[52.393s][info][gc,heap     ] GC(117) Eden regions: 165->0(159)
[52.393s][info][gc,heap     ] GC(117) Survivor regions: 23->15(24)
[52.393s][info][gc,heap     ] GC(117) Old regions: 703->727
[52.393s][info][gc,heap     ] GC(117) Humongous regions: 8->8
[52.393s][info][gc,metaspace] GC(117) Metaspace: 17513K(17664K)->17513K(17664K) NonClass: 15707K(15808K)->15707K(15808K) Class: 1805K(1856K)->1805K(1856K)
[52.393s][info][gc          ] GC(117) Pause Young (Prepare Mixed) (G1 Evacuation Pause) 899M->749M(978M) 49.860ms
[52.393s][info][gc,cpu      ] GC(117) User=0.09s Sys=0.00s Real=0.05s
[52.636s][info][gc,start    ] GC(118) Pause Young (Mixed) (G1 Evacuation Pause)
[52.636s][info][gc,task     ] GC(118) Using 2 workers of 2 for evacuation
[52.691s][info][gc,phases   ] GC(118)   Pre Evacuate Collection Set: 0.35ms
[52.691s][info][gc,phases   ] GC(118)   Merge Heap Roots: 0.70ms
[52.691s][info][gc,phases   ] GC(118)   Evacuate Collection Set: 53.19ms
[52.691s][info][gc,phases   ] GC(118)   Post Evacuate Collection Set: 0.53ms
[52.691s][info][gc,phases   ] GC(118)   Other: 0.11ms
[52.691s][info][gc,heap     ] GC(118) Eden regions: 159->0(217)
[52.691s][info][gc,heap     ] GC(118) Survivor regions: 15->8(22)
[52.691s][info][gc,heap     ] GC(118) Old regions: 727->660
[52.691s][info][gc,heap     ] GC(118) Humongous regions: 8->8
[52.691s][info][gc,metaspace] GC(118) Metaspace: 17513K(17664K)->17513K(17664K) NonClass: 15707K(15808K)->15707K(15808K) Class: 1805K(1856K)->1805K(1856K)
[52.691s][info][gc          ] GC(118) Pause Young (Mixed) (G1 Evacuation Pause) 908M->675M(978M) 55.135ms
[52.691s][info][gc,cpu      ] GC(118) User=0.11s Sys=0.00s Real=0.05s
[53.443s][info][gc,start    ] GC(119) Pause Young (Concurrent Start) (G1 Evacuation Pause)
[53.443s][info][gc,task     ] GC(119) Using 2 workers of 2 for evacuation
[53.468s][info][gc,phases   ] GC(119)   Pre Evacuate Collection Set: 0.30ms
[53.469s][info][gc,phases   ] GC(119)   Merge Heap Roots: 0.22ms
[53.469s][info][gc,phases   ] GC(119)   Evacuate Collection Set: 24.65ms
[53.469s][info][gc,phases   ] GC(119)   Post Evacuate Collection Set: 0.52ms
[53.469s][info][gc,phases   ] GC(119)   Other: 0.11ms
[53.469s][info][gc,heap     ] GC(119) Eden regions: 217->0(219)
[53.469s][info][gc,heap     ] GC(119) Survivor regions: 8->18(29)
[53.469s][info][gc,heap     ] GC(119) Old regions: 660->660
[53.469s][info][gc,heap     ] GC(119) Humongous regions: 8->8
[53.469s][info][gc,metaspace] GC(119) Metaspace: 17516K(17664K)->17516K(17664K) NonClass: 15710K(15808K)->15710K(15808K) Class: 1805K(1856K)->1805K(1856K)
[53.469s][info][gc          ] GC(119) Pause Young (Concurrent Start) (G1 Evacuation Pause) 892M->685M(978M) 26.081ms
[53.469s][info][gc,cpu      ] GC(119) User=0.05s Sys=0.00s Real=0.03s
[53.469s][info][gc          ] GC(120) Concurrent Mark Cycle
[53.469s][info][gc,marking  ] GC(120) Concurrent Scan Root Regions
[53.507s][info][gc,marking  ] GC(120) Concurrent Scan Root Regions 38.416ms
[53.507s][info][gc,marking  ] GC(120) Concurrent Mark
[53.507s][info][gc,marking  ] GC(120) Concurrent Mark From Roots
[53.507s][info][gc,task     ] GC(120) Using 1 workers of 1 for marking
[54.272s][info][gc,start    ] GC(121) Pause Young (Normal) (G1 Evacuation Pause)
[54.272s][info][gc,task     ] GC(121) Using 2 workers of 2 for evacuation
[54.297s][info][gc,phases   ] GC(121)   Pre Evacuate Collection Set: 0.31ms
[54.297s][info][gc,phases   ] GC(121)   Merge Heap Roots: 0.20ms
[54.297s][info][gc,phases   ] GC(121)   Evacuate Collection Set: 23.55ms
[54.297s][info][gc,phases   ] GC(121)   Post Evacuate Collection Set: 0.48ms
[54.297s][info][gc,phases   ] GC(121)   Other: 0.13ms
[54.297s][info][gc,heap     ] GC(121) Eden regions: 219->0(230)
[54.297s][info][gc,heap     ] GC(121) Survivor regions: 18->11(30)
[54.297s][info][gc,heap     ] GC(121) Old regions: 660->668
[54.297s][info][gc,heap     ] GC(121) Humongous regions: 8->8
[54.297s][info][gc,metaspace] GC(121) Metaspace: 17516K(17664K)->17516K(17664K) NonClass: 15710K(15808K)->15710K(15808K) Class: 1805K(1856K)->1805K(1856K)
[54.297s][info][gc          ] GC(121) Pause Young (Normal) (G1 Evacuation Pause) 904M->686M(978M) 24.946ms
[54.297s][info][gc,cpu      ] GC(121) User=0.05s Sys=0.00s Real=0.03s
[55.164s][info][gc,start    ] GC(122) Pause Young (Normal) (G1 Evacuation Pause)
[55.164s][info][gc,task     ] GC(122) Using 2 workers of 2 for evacuation
[55.203s][info][gc,phases   ] GC(122)   Pre Evacuate Collection Set: 0.32ms
[55.203s][info][gc,phases   ] GC(122)   Merge Heap Roots: 0.41ms
[55.203s][info][gc,phases   ] GC(122)   Evacuate Collection Set: 37.60ms
[55.203s][info][gc,phases   ] GC(122)   Post Evacuate Collection Set: 0.56ms
[55.203s][info][gc,phases   ] GC(122)   Other: 0.11ms
[55.203s][info][gc,heap     ] GC(122) Eden regions: 230->0(196)
[55.203s][info][gc,heap     ] GC(122) Survivor regions: 11->28(31)
[55.203s][info][gc,heap     ] GC(122) Old regions: 668->668
[55.203s][info][gc,heap     ] GC(122) Humongous regions: 8->8
[55.203s][info][gc,metaspace] GC(122) Metaspace: 17516K(17664K)->17516K(17664K) NonClass: 15711K(15808K)->15711K(15808K) Class: 1805K(1856K)->1805K(1856K)
[55.203s][info][gc          ] GC(122) Pause Young (Normal) (G1 Evacuation Pause) 916M->703M(978M) 39.274ms
[55.203s][info][gc,cpu      ] GC(122) User=0.07s Sys=0.00s Real=0.04s
[55.416s][info][gc,marking  ] GC(120) Concurrent Mark From Roots 1908.645ms
[55.416s][info][gc,marking  ] GC(120) Concurrent Preclean
[55.416s][info][gc,marking  ] GC(120) Concurrent Preclean 0.033ms
[55.416s][info][gc,start    ] GC(120) Pause Remark
[55.423s][info][gc          ] GC(120) Pause Remark 798M->684M(978M) 7.277ms
[55.423s][info][gc,cpu      ] GC(120) User=0.01s Sys=0.00s Real=0.01s
[55.424s][info][gc,marking  ] GC(120) Concurrent Mark 1916.291ms
[55.424s][info][gc,marking  ] GC(120) Concurrent Rebuild Remembered Sets and Scrub Regions
[55.711s][info][gc,start    ] GC(123) Pause Young (Normal) (G1 Evacuation Pause)
[55.711s][info][gc,task     ] GC(123) Using 2 workers of 2 for evacuation
[55.794s][info][gc,phases   ] GC(123)   Pre Evacuate Collection Set: 0.29ms
[55.794s][info][gc,phases   ] GC(123)   Merge Heap Roots: 0.18ms
[55.794s][info][gc,phases   ] GC(123)   Evacuate Collection Set: 81.67ms
[55.794s][info][gc,phases   ] GC(123)   Post Evacuate Collection Set: 0.70ms
[55.794s][info][gc,phases   ] GC(123)   Other: 0.12ms
[55.794s][info][gc,heap     ] GC(123) Eden regions: 196->0(235)
[55.794s][info][gc,heap     ] GC(123) Survivor regions: 28->28(28)
[55.794s][info][gc,heap     ] GC(123) Old regions: 557->611
[55.794s][info][gc,heap     ] GC(123) Humongous regions: 5->5
[55.794s][info][gc,metaspace] GC(123) Metaspace: 17518K(17664K)->17518K(17664K) NonClass: 15712K(15808K)->15712K(15808K) Class: 1805K(1856K)->1805K(1856K)
[55.794s][info][gc          ] GC(123) Pause Young (Normal) (G1 Evacuation Pause) 785M->643M(978M) 83.230ms
[55.794s][info][gc,cpu      ] GC(123) User=0.16s Sys=0.00s Real=0.09s
[56.183s][info][gc,marking  ] GC(120) Concurrent Rebuild Remembered Sets and Scrub Regions 759.320ms
[56.183s][info][gc,start    ] GC(120) Pause Cleanup
[56.183s][info][gc          ] GC(120) Pause Cleanup 798M->798M(978M) 0.161ms
[56.183s][info][gc,cpu      ] GC(120) User=0.00s Sys=0.00s Real=0.00s
[56.183s][info][gc,marking  ] GC(120) Concurrent Clear Claimed Marks
[56.183s][info][gc,marking  ] GC(120) Concurrent Clear Claimed Marks 0.028ms
[56.183s][info][gc,marking  ] GC(120) Concurrent Cleanup for Next Mark
[56.193s][info][gc,marking  ] GC(120) Concurrent Cleanup for Next Mark 9.293ms
[56.193s][info][gc          ] GC(120) Concurrent Mark Cycle 2724.027ms
[56.393s][info][gc,start    ] GC(124) Pause Young (Prepare Mixed) (G1 Evacuation Pause)
[56.393s][info][gc,task     ] GC(124) Using 2 workers of 2 for evacuation
[56.480s][info][gc,phases   ] GC(124)   Pre Evacuate Collection Set: 0.36ms
[56.480s][info][gc,phases   ] GC(124)   Merge Heap Roots: 0.51ms
[56.480s][info][gc,phases   ] GC(124)   Evacuate Collection Set: 84.83ms
[56.480s][info][gc,phases   ] GC(124)   Post Evacuate Collection Set: 0.66ms
[56.480s][info][gc,phases   ] GC(124)   Other: 0.13ms
[56.480s][info][gc,heap     ] GC(124) Eden regions: 235->0(220)
[56.480s][info][gc,heap     ] GC(124) Survivor regions: 28->21(33)
[56.480s][info][gc,heap     ] GC(124) Old regions: 611->639
[56.480s][info][gc,heap     ] GC(124) Humongous regions: 8->8
[56.480s][info][gc,metaspace] GC(124) Metaspace: 17521K(17664K)->17521K(17664K) NonClass: 15715K(15808K)->15715K(15808K) Class: 1805K(1856K)->1805K(1856K)
[56.480s][info][gc          ] GC(124) Pause Young (Prepare Mixed) (G1 Evacuation Pause) 881M->667M(978M) 86.803ms
[56.480s][info][gc,cpu      ] GC(124) User=0.17s Sys=0.00s Real=0.08s
[56.864s][info][gc,start    ] GC(125) Pause Young (Mixed) (G1 Evacuation Pause)
[56.864s][info][gc,task     ] GC(125) Using 2 workers of 2 for evacuation
[56.930s][info][gc,phases   ] GC(125)   Pre Evacuate Collection Set: 1.90ms
[56.930s][info][gc,phases   ] GC(125)   Merge Heap Roots: 0.81ms
[56.930s][info][gc,phases   ] GC(125)   Evacuate Collection Set: 63.27ms
[56.931s][info][gc,phases   ] GC(125)   Post Evacuate Collection Set: 0.62ms
[56.931s][info][gc,phases   ] GC(125)   Other: 0.12ms
[56.931s][info][gc,heap     ] GC(125) Eden regions: 220->0(263)
[56.931s][info][gc,heap     ] GC(125) Survivor regions: 21->19(31)
[56.931s][info][gc,heap     ] GC(125) Old regions: 639->594
[56.931s][info][gc,heap     ] GC(125) Humongous regions: 8->8
[56.931s][info][gc,metaspace] GC(125) Metaspace: 17527K(17664K)->17527K(17664K) NonClass: 15721K(15808K)->15721K(15808K) Class: 1805K(1856K)->1805K(1856K)
[56.931s][info][gc          ] GC(125) Pause Young (Mixed) (G1 Evacuation Pause) 887M->620M(978M) 67.075ms
[56.931s][info][gc,cpu      ] GC(125) User=0.13s Sys=0.01s Real=0.06s
[57.313s][info][gc,start    ] GC(126) Pause Young (Concurrent Start) (G1 Evacuation Pause)
[57.313s][info][gc,task     ] GC(126) Using 2 workers of 2 for evacuation
[57.383s][info][gc,phases   ] GC(126)   Pre Evacuate Collection Set: 0.32ms
[57.383s][info][gc,phases   ] GC(126)   Merge Heap Roots: 0.10ms
[57.383s][info][gc,phases   ] GC(126)   Evacuate Collection Set: 69.05ms
[57.383s][info][gc,phases   ] GC(126)   Post Evacuate Collection Set: 0.67ms
[57.383s][info][gc,phases   ] GC(126)   Other: 0.15ms
[57.383s][info][gc,heap     ] GC(126) Eden regions: 263->0(206)
[57.383s][info][gc,heap     ] GC(126) Survivor regions: 19->36(36)
[57.383s][info][gc,heap     ] GC(126) Old regions: 594->631
[57.383s][info][gc,heap     ] GC(126) Humongous regions: 8->8
[57.383s][info][gc,metaspace] GC(126) Metaspace: 17537K(17664K)->17537K(17664K) NonClass: 15731K(15808K)->15731K(15808K) Class: 1805K(1856K)->1805K(1856K)
[57.383s][info][gc          ] GC(126) Pause Young (Concurrent Start) (G1 Evacuation Pause) 883M->674M(978M) 70.599ms
[57.384s][info][gc          ] GC(127) Concurrent Mark Cycle
[57.384s][info][gc,marking  ] GC(127) Concurrent Scan Root Regions
[57.384s][info][gc,cpu      ] GC(126) User=0.14s Sys=0.00s Real=0.07s
[57.474s][info][gc,marking  ] GC(127) Concurrent Scan Root Regions 90.962ms
[57.475s][info][gc,marking  ] GC(127) Concurrent Mark
[57.475s][info][gc,marking  ] GC(127) Concurrent Mark From Roots
[57.475s][info][gc,task     ] GC(127) Using 1 workers of 1 for marking
[58.008s][info][gc,start    ] GC(128) Pause Young (Normal) (G1 Evacuation Pause)
[58.008s][info][gc,task     ] GC(128) Using 2 workers of 2 for evacuation
[58.086s][info][gc,phases   ] GC(128)   Pre Evacuate Collection Set: 0.32ms
[58.086s][info][gc,phases   ] GC(128)   Merge Heap Roots: 0.41ms
[58.086s][info][gc,phases   ] GC(128)   Evacuate Collection Set: 76.51ms
[58.086s][info][gc,phases   ] GC(128)   Post Evacuate Collection Set: 0.60ms
[58.086s][info][gc,phases   ] GC(128)   Other: 0.12ms
[58.086s][info][gc,heap     ] GC(128) Eden regions: 206->0(192)
[58.086s][info][gc,heap     ] GC(128) Survivor regions: 36->20(31)
[58.086s][info][gc,heap     ] GC(128) Old regions: 631->667
[58.086s][info][gc,heap     ] GC(128) Humongous regions: 11->11
[58.086s][info][gc,metaspace] GC(128) Metaspace: 17538K(17664K)->17538K(17664K) NonClass: 15732K(15808K)->15732K(15808K) Class: 1805K(1856K)->1805K(1856K)
[58.086s][info][gc          ] GC(128) Pause Young (Normal) (G1 Evacuation Pause) 883M->697M(978M) 78.246ms
[58.086s][info][gc,cpu      ] GC(128) User=0.15s Sys=0.00s Real=0.08s
[58.837s][info][gc,marking  ] GC(127) Concurrent Mark From Roots 1362.324ms
[58.837s][info][gc,marking  ] GC(127) Concurrent Preclean
[58.837s][info][gc,marking  ] GC(127) Concurrent Preclean 0.034ms
[58.837s][info][gc,start    ] GC(127) Pause Remark
[58.844s][info][gc          ] GC(127) Pause Remark 872M->728M(978M) 7.221ms
[58.844s][info][gc,cpu      ] GC(127) User=0.01s Sys=0.00s Real=0.01s
[58.847s][info][gc,marking  ] GC(127) Concurrent Mark 1372.123ms
[58.847s][info][gc,marking  ] GC(127) Concurrent Rebuild Remembered Sets and Scrub Regions
[58.904s][info][gc,start    ] GC(129) Pause Young (Normal) (G1 Evacuation Pause)
[58.904s][info][gc,task     ] GC(129) Using 2 workers of 2 for evacuation
[58.944s][info][gc,phases   ] GC(129)   Pre Evacuate Collection Set: 0.32ms
[58.944s][info][gc,phases   ] GC(129)   Merge Heap Roots: 0.35ms
[58.944s][info][gc,phases   ] GC(129)   Evacuate Collection Set: 38.88ms
[58.944s][info][gc,phases   ] GC(129)   Post Evacuate Collection Set: 0.43ms
[58.944s][info][gc,phases   ] GC(129)   Other: 0.09ms
[58.944s][info][gc,heap     ] GC(129) Eden regions: 192->0(311)
[58.944s][info][gc,heap     ] GC(129) Survivor regions: 20->1(27)
[58.944s][info][gc,heap     ] GC(129) Old regions: 526->546
[58.944s][info][gc,heap     ] GC(129) Humongous regions: 8->8
[58.944s][info][gc,metaspace] GC(129) Metaspace: 17538K(17664K)->17538K(17664K) NonClass: 15732K(15808K)->15732K(15808K) Class: 1805K(1856K)->1805K(1856K)
[58.945s][info][gc          ] GC(129) Pause Young (Normal) (G1 Evacuation Pause) 745M->554M(978M) 40.345ms
[58.945s][info][gc,cpu      ] GC(129) User=0.07s Sys=0.00s Real=0.04s
[59.350s][info][gc,marking  ] GC(127) Concurrent Rebuild Remembered Sets and Scrub Regions 503.270ms
[59.350s][info][gc,start    ] GC(127) Pause Cleanup
[59.350s][info][gc          ] GC(127) Pause Cleanup 705M->705M(978M) 0.140ms
[59.350s][info][gc,cpu      ] GC(127) User=0.00s Sys=0.00s Real=0.00s
[59.350s][info][gc,marking  ] GC(127) Concurrent Clear Claimed Marks
[59.350s][info][gc,marking  ] GC(127) Concurrent Clear Claimed Marks 0.027ms
[59.350s][info][gc,marking  ] GC(127) Concurrent Cleanup for Next Mark
[59.353s][info][gc,marking  ] GC(127) Concurrent Cleanup for Next Mark 2.963ms
[59.353s][info][gc          ] GC(127) Concurrent Mark Cycle 1969.925ms
[59.624s][info][gc,start    ] GC(130) Pause Young (Prepare Mixed) (G1 Evacuation Pause)
[59.624s][info][gc,task     ] GC(130) Using 2 workers of 2 for evacuation
[59.625s][info][gc,phases   ] GC(130)   Pre Evacuate Collection Set: 0.33ms
[59.625s][info][gc,phases   ] GC(130)   Merge Heap Roots: 0.11ms
[59.625s][info][gc,phases   ] GC(130)   Evacuate Collection Set: 0.28ms
[59.625s][info][gc,phases   ] GC(130)   Post Evacuate Collection Set: 0.47ms
[59.625s][info][gc,phases   ] GC(130)   Other: 0.14ms
[59.625s][info][gc,heap     ] GC(130) Eden regions: 311->0(330)
[59.625s][info][gc,heap     ] GC(130) Survivor regions: 1->1(39)
[59.625s][info][gc,heap     ] GC(130) Old regions: 546->546
[59.625s][info][gc,heap     ] GC(130) Humongous regions: 8->8
[59.625s][info][gc,metaspace] GC(130) Metaspace: 17538K(17664K)->17538K(17664K) NonClass: 15732K(15808K)->15732K(15808K) Class: 1805K(1856K)->1805K(1856K)
[59.625s][info][gc          ] GC(130) Pause Young (Prepare Mixed) (G1 Evacuation Pause) 865M->554M(978M) 1.583ms
[59.625s][info][gc,cpu      ] GC(130) User=0.00s Sys=0.00s Real=0.00s
[60.183s][info][gc,start    ] GC(131) Pause Young (Mixed) (G1 Evacuation Pause)
[60.183s][info][gc,task     ] GC(131) Using 2 workers of 2 for evacuation
[60.186s][info][gc,phases   ] GC(131)   Pre Evacuate Collection Set: 0.32ms
[60.186s][info][gc,phases   ] GC(131)   Merge Heap Roots: 0.17ms
[60.186s][info][gc,phases   ] GC(131)   Evacuate Collection Set: 1.64ms
[60.186s][info][gc,phases   ] GC(131)   Post Evacuate Collection Set: 0.55ms
[60.186s][info][gc,phases   ] GC(131)   Other: 0.10ms
[60.186s][info][gc,heap     ] GC(131) Eden regions: 330->0(369)
[60.186s][info][gc,heap     ] GC(131) Survivor regions: 1->1(42)
[60.186s][info][gc,heap     ] GC(131) Old regions: 546->517
[60.186s][info][gc,heap     ] GC(131) Humongous regions: 8->8
[60.186s][info][gc,metaspace] GC(131) Metaspace: 17539K(17664K)->17539K(17664K) NonClass: 15734K(15808K)->15734K(15808K) Class: 1805K(1856K)->1805K(1856K)
[60.186s][info][gc          ] GC(131) Pause Young (Mixed) (G1 Evacuation Pause) 884M->524M(978M) 3.015ms
[60.186s][info][gc,cpu      ] GC(131) User=0.01s Sys=0.00s Real=0.00s
[60.604s][info][gc,start    ] GC(132) Pause Young (Concurrent Start) (G1 Evacuation Pause)
[60.604s][info][gc,task     ] GC(132) Using 2 workers of 2 for evacuation
[60.654s][info][gc,phases   ] GC(132)   Pre Evacuate Collection Set: 0.31ms
[60.654s][info][gc,phases   ] GC(132)   Merge Heap Roots: 0.23ms
[60.654s][info][gc,phases   ] GC(132)   Evacuate Collection Set: 47.98ms
[60.654s][info][gc,phases   ] GC(132)   Post Evacuate Collection Set: 0.63ms
[60.654s][info][gc,phases   ] GC(132)   Other: 0.18ms
[60.654s][info][gc,heap     ] GC(132) Eden regions: 369->0(326)
[60.654s][info][gc,heap     ] GC(132) Survivor regions: 1->38(47)
[60.654s][info][gc,heap     ] GC(132) Old regions: 517->517
[60.654s][info][gc,heap     ] GC(132) Humongous regions: 8->8
[60.654s][info][gc,metaspace] GC(132) Metaspace: 17540K(17664K)->17540K(17664K) NonClass: 15734K(15808K)->15734K(15808K) Class: 1805K(1856K)->1805K(1856K)
[60.654s][info][gc          ] GC(132) Pause Young (Concurrent Start) (G1 Evacuation Pause) 893M->562M(978M) 49.612ms
[60.654s][info][gc,cpu      ] GC(132) User=0.10s Sys=0.00s Real=0.05s
[60.654s][info][gc          ] GC(133) Concurrent Mark Cycle
[60.654s][info][gc,marking  ] GC(133) Concurrent Scan Root Regions
[60.736s][info][gc,marking  ] GC(133) Concurrent Scan Root Regions 81.787ms
[60.736s][info][gc,marking  ] GC(133) Concurrent Mark
[60.736s][info][gc,marking  ] GC(133) Concurrent Mark From Roots
[60.736s][info][gc,task     ] GC(133) Using 1 workers of 1 for marking
[61.299s][info][gc,start    ] GC(134) Pause Young (Normal) (G1 Evacuation Pause)
[61.299s][info][gc,task     ] GC(134) Using 2 workers of 2 for evacuation
[61.350s][info][gc,phases   ] GC(134)   Pre Evacuate Collection Set: 0.55ms
[61.350s][info][gc,phases   ] GC(134)   Merge Heap Roots: 0.24ms
[61.350s][info][gc,phases   ] GC(134)   Evacuate Collection Set: 49.69ms
[61.350s][info][gc,phases   ] GC(134)   Post Evacuate Collection Set: 0.59ms
[61.350s][info][gc,phases   ] GC(134)   Other: 0.11ms
[61.350s][info][gc,heap     ] GC(134) Eden regions: 326->0(335)
[61.350s][info][gc,heap     ] GC(134) Survivor regions: 38->5(46)
[61.350s][info][gc,heap     ] GC(134) Old regions: 517->554
[61.350s][info][gc,heap     ] GC(134) Humongous regions: 8->8
[61.350s][info][gc,metaspace] GC(134) Metaspace: 17542K(17664K)->17542K(17664K) NonClass: 15737K(15808K)->15737K(15808K) Class: 1805K(1856K)->1805K(1856K)
[61.350s][info][gc          ] GC(134) Pause Young (Normal) (G1 Evacuation Pause) 888M->567M(978M) 51.449ms
[61.350s][info][gc,cpu      ] GC(134) User=0.10s Sys=0.00s Real=0.05s
[62.424s][info][gc,start    ] GC(135) Pause Young (Normal) (G1 Evacuation Pause)
[62.425s][info][gc,task     ] GC(135) Using 2 workers of 2 for evacuation
[62.466s][info][gc,phases   ] GC(135)   Pre Evacuate Collection Set: 0.31ms
[62.466s][info][gc,phases   ] GC(135)   Merge Heap Roots: 0.26ms
[62.466s][info][gc,phases   ] GC(135)   Evacuate Collection Set: 40.43ms
[62.466s][info][gc,phases   ] GC(135)   Post Evacuate Collection Set: 0.59ms
[62.466s][info][gc,phases   ] GC(135)   Other: 0.12ms
[62.466s][info][gc,heap     ] GC(135) Eden regions: 335->0(306)
[62.466s][info][gc,heap     ] GC(135) Survivor regions: 5->30(43)
[62.466s][info][gc,heap     ] GC(135) Old regions: 554->554
[62.466s][info][gc,heap     ] GC(135) Humongous regions: 8->8
[62.466s][info][gc,metaspace] GC(135) Metaspace: 17544K(17664K)->17544K(17664K) NonClass: 15738K(15808K)->15738K(15808K) Class: 1805K(1856K)->1805K(1856K)
[62.467s][info][gc          ] GC(135) Pause Young (Normal) (G1 Evacuation Pause) 902M->592M(978M) 42.014ms
[62.467s][info][gc,cpu      ] GC(135) User=0.08s Sys=0.00s Real=0.04s
[62.535s][info][gc,marking  ] GC(133) Concurrent Mark From Roots 1799.404ms
[62.535s][info][gc,marking  ] GC(133) Concurrent Preclean
[62.535s][info][gc,marking  ] GC(133) Concurrent Preclean 0.033ms
[62.535s][info][gc,start    ] GC(133) Pause Remark
[62.542s][info][gc          ] GC(133) Pause Remark 611M->610M(978M) 7.011ms
[62.542s][info][gc,cpu      ] GC(133) User=0.01s Sys=0.00s Real=0.00s
[62.543s][info][gc,marking  ] GC(133) Concurrent Mark 1807.056ms
[62.543s][info][gc,marking  ] GC(133) Concurrent Rebuild Remembered Sets and Scrub Regions
[63.114s][info][gc,marking  ] GC(133) Concurrent Rebuild Remembered Sets and Scrub Regions 571.656ms
[63.115s][info][gc,start    ] GC(133) Pause Cleanup
[63.115s][info][gc          ] GC(133) Pause Cleanup 846M->846M(978M) 0.117ms
[63.115s][info][gc,cpu      ] GC(133) User=0.00s Sys=0.00s Real=0.00s
[63.116s][info][gc,marking  ] GC(133) Concurrent Clear Claimed Marks
[63.116s][info][gc,marking  ] GC(133) Concurrent Clear Claimed Marks 0.045ms
[63.116s][info][gc,marking  ] GC(133) Concurrent Cleanup for Next Mark
[63.122s][info][gc,marking  ] GC(133) Concurrent Cleanup for Next Mark 6.041ms
[63.122s][info][gc          ] GC(133) Concurrent Mark Cycle 2468.500ms
[63.164s][info][gc,start    ] GC(136) Pause Young (Prepare Mixed) (G1 Evacuation Pause)
[63.164s][info][gc,task     ] GC(136) Using 2 workers of 2 for evacuation
[63.247s][info][gc,phases   ] GC(136)   Pre Evacuate Collection Set: 0.30ms
[63.247s][info][gc,phases   ] GC(136)   Merge Heap Roots: 0.41ms
[63.247s][info][gc,phases   ] GC(136)   Evacuate Collection Set: 82.22ms
[63.247s][info][gc,phases   ] GC(136)   Post Evacuate Collection Set: 0.62ms
[63.247s][info][gc,phases   ] GC(136)   Other: 0.11ms
[63.247s][info][gc,heap     ] GC(136) Eden regions: 306->0(263)
[63.247s][info][gc,heap     ] GC(136) Survivor regions: 30->37(42)
[63.247s][info][gc,heap     ] GC(136) Old regions: 554->584
[63.247s][info][gc,heap     ] GC(136) Humongous regions: 7->7
[63.247s][info][gc,metaspace] GC(136) Metaspace: 17544K(17664K)->17544K(17664K) NonClass: 15738K(15808K)->15738K(15808K) Class: 1805K(1856K)->1805K(1856K)
[63.247s][info][gc          ] GC(136) Pause Young (Prepare Mixed) (G1 Evacuation Pause) 897M->628M(978M) 83.951ms
[63.248s][info][gc,cpu      ] GC(136) User=0.17s Sys=0.01s Real=0.08s
[63.545s][info][gc,start    ] GC(137) Pause Young (Mixed) (G1 Evacuation Pause)
[63.545s][info][gc,task     ] GC(137) Using 2 workers of 2 for evacuation
[63.608s][info][gc,phases   ] GC(137)   Pre Evacuate Collection Set: 0.35ms
[63.608s][info][gc,phases   ] GC(137)   Merge Heap Roots: 0.41ms
[63.608s][info][gc,phases   ] GC(137)   Evacuate Collection Set: 61.07ms
[63.608s][info][gc,phases   ] GC(137)   Post Evacuate Collection Set: 0.56ms
[63.608s][info][gc,phases   ] GC(137)   Other: 0.13ms
[63.608s][info][gc,heap     ] GC(137) Eden regions: 263->0(280)
[63.608s][info][gc,heap     ] GC(137) Survivor regions: 37->6(38)
[63.608s][info][gc,heap     ] GC(137) Old regions: 584->611
[63.608s][info][gc,heap     ] GC(137) Humongous regions: 7->7
[63.608s][info][gc,metaspace] GC(137) Metaspace: 17559K(17664K)->17559K(17664K) NonClass: 15753K(15808K)->15753K(15808K) Class: 1805K(1856K)->1805K(1856K)
[63.608s][info][gc          ] GC(137) Pause Young (Mixed) (G1 Evacuation Pause) 891M->623M(978M) 62.802ms
[63.608s][info][gc,cpu      ] GC(137) User=0.12s Sys=0.00s Real=0.06s
[63.992s][info][gc,start    ] GC(138) Pause Young (Concurrent Start) (G1 Evacuation Pause)
[63.992s][info][gc,task     ] GC(138) Using 2 workers of 2 for evacuation
[64.022s][info][gc,phases   ] GC(138)   Pre Evacuate Collection Set: 0.33ms
[64.022s][info][gc,phases   ] GC(138)   Merge Heap Roots: 0.18ms
[64.022s][info][gc,phases   ] GC(138)   Evacuate Collection Set: 29.26ms
[64.023s][info][gc,phases   ] GC(138)   Post Evacuate Collection Set: 0.56ms
[64.023s][info][gc,phases   ] GC(138)   Other: 0.14ms
[64.023s][info][gc,heap     ] GC(138) Eden regions: 280->0(262)
[64.023s][info][gc,heap     ] GC(138) Survivor regions: 6->24(36)
[64.023s][info][gc,heap     ] GC(138) Old regions: 611->611
[64.023s][info][gc,heap     ] GC(138) Humongous regions: 7->7
[64.023s][info][gc,metaspace] GC(138) Metaspace: 17559K(17664K)->17559K(17664K) NonClass: 15753K(15808K)->15753K(15808K) Class: 1805K(1856K)->1805K(1856K)
[64.023s][info][gc          ] GC(138) Pause Young (Concurrent Start) (G1 Evacuation Pause) 903M->641M(978M) 30.778ms
[64.023s][info][gc,cpu      ] GC(138) User=0.06s Sys=0.00s Real=0.04s
[64.023s][info][gc          ] GC(139) Concurrent Mark Cycle
[64.023s][info][gc,marking  ] GC(139) Concurrent Scan Root Regions
[64.072s][info][gc,marking  ] GC(139) Concurrent Scan Root Regions 48.890ms
[64.072s][info][gc,marking  ] GC(139) Concurrent Mark
[64.072s][info][gc,marking  ] GC(139) Concurrent Mark From Roots
[64.072s][info][gc,task     ] GC(139) Using 1 workers of 1 for marking
[65.149s][info][gc,start    ] GC(140) Pause Young (Normal) (G1 Evacuation Pause)
[65.149s][info][gc,task     ] GC(140) Using 2 workers of 2 for evacuation
[65.202s][info][gc,phases   ] GC(140)   Pre Evacuate Collection Set: 0.50ms
[65.202s][info][gc,phases   ] GC(140)   Merge Heap Roots: 0.31ms
[65.202s][info][gc,phases   ] GC(140)   Evacuate Collection Set: 52.02ms
[65.202s][info][gc,phases   ] GC(140)   Post Evacuate Collection Set: 0.51ms
[65.202s][info][gc,phases   ] GC(140)   Other: 0.11ms
[65.202s][info][gc,heap     ] GC(140) Eden regions: 262->0(255)
[65.202s][info][gc,heap     ] GC(140) Survivor regions: 24->25(36)
[65.202s][info][gc,heap     ] GC(140) Old regions: 611->616
[65.202s][info][gc,heap     ] GC(140) Humongous regions: 7->7
[65.202s][info][gc,metaspace] GC(140) Metaspace: 17561K(17664K)->17561K(17664K) NonClass: 15756K(15808K)->15756K(15808K) Class: 1805K(1856K)->1805K(1856K)
[65.202s][info][gc          ] GC(140) Pause Young (Normal) (G1 Evacuation Pause) 903M->648M(978M) 53.715ms
[65.202s][info][gc,cpu      ] GC(140) User=0.10s Sys=0.00s Real=0.05s
[66.316s][info][gc,marking  ] GC(139) Concurrent Mark From Roots 2244.348ms
[66.316s][info][gc,marking  ] GC(139) Concurrent Preclean
[66.316s][info][gc,marking  ] GC(139) Concurrent Preclean 0.035ms
[66.316s][info][gc,start    ] GC(139) Pause Remark
[66.325s][info][gc          ] GC(139) Pause Remark 863M->863M(978M) 8.256ms
[66.325s][info][gc,cpu      ] GC(139) User=0.01s Sys=0.01s Real=0.01s
[66.328s][info][gc,marking  ] GC(139) Concurrent Mark 2255.970ms
[66.328s][info][gc,marking  ] GC(139) Concurrent Rebuild Remembered Sets and Scrub Regions
[66.508s][info][gc,start    ] GC(141) Pause Young (Normal) (G1 Evacuation Pause)
[66.508s][info][gc,task     ] GC(141) Using 2 workers of 2 for evacuation
[66.540s][info][gc,phases   ] GC(141)   Pre Evacuate Collection Set: 0.30ms
[66.540s][info][gc,phases   ] GC(141)   Merge Heap Roots: 0.21ms
[66.540s][info][gc,phases   ] GC(141)   Evacuate Collection Set: 31.09ms
[66.540s][info][gc,phases   ] GC(141)   Post Evacuate Collection Set: 0.65ms
[66.540s][info][gc,phases   ] GC(141)   Other: 0.12ms
[66.540s][info][gc,heap     ] GC(141) Eden regions: 255->0(271)
[66.540s][info][gc,heap     ] GC(141) Survivor regions: 25->8(35)
[66.540s][info][gc,heap     ] GC(141) Old regions: 616->634
[66.540s][info][gc,heap     ] GC(141) Humongous regions: 7->7
[66.540s][info][gc,metaspace] GC(141) Metaspace: 17561K(17664K)->17561K(17664K) NonClass: 15756K(15808K)->15756K(15808K) Class: 1805K(1856K)->1805K(1856K)
[66.540s][info][gc          ] GC(141) Pause Young (Normal) (G1 Evacuation Pause) 903M->648M(978M) 32.665ms
[66.540s][info][gc,cpu      ] GC(141) User=0.06s Sys=0.00s Real=0.03s
[67.183s][info][gc,start    ] GC(142) Pause Young (Normal) (G1 Evacuation Pause)
[67.184s][info][gc,task     ] GC(142) Using 2 workers of 2 for evacuation
[67.262s][info][gc,phases   ] GC(142)   Pre Evacuate Collection Set: 0.32ms
[67.262s][info][gc,phases   ] GC(142)   Merge Heap Roots: 0.43ms
[67.262s][info][gc,phases   ] GC(142)   Evacuate Collection Set: 75.50ms
[67.262s][info][gc,phases   ] GC(142)   Post Evacuate Collection Set: 1.72ms
[67.262s][info][gc,phases   ] GC(142)   Other: 0.12ms
[67.262s][info][gc,heap     ] GC(142) Eden regions: 271->0(182)
[67.262s][info][gc,heap     ] GC(142) Survivor regions: 8->35(35)
[67.262s][info][gc,heap     ] GC(142) Old regions: 634->669
[67.262s][info][gc,heap     ] GC(142) Humongous regions: 7->7
[67.262s][info][gc,metaspace] GC(142) Metaspace: 17564K(17664K)->17564K(17664K) NonClass: 15759K(15808K)->15759K(15808K) Class: 1805K(1856K)->1805K(1856K)
[67.262s][info][gc          ] GC(142) Pause Young (Normal) (G1 Evacuation Pause) (Evacuation Failure: Allocation) 919M->711M(978M) 78.402ms
[67.262s][info][gc,cpu      ] GC(142) User=0.15s Sys=0.00s Real=0.07s
[67.417s][info][gc,marking  ] GC(139) Concurrent Rebuild Remembered Sets and Scrub Regions 1088.910ms
[67.417s][info][gc,start    ] GC(139) Pause Cleanup
[67.417s][info][gc          ] GC(139) Pause Cleanup 777M->777M(978M) 0.144ms
[67.417s][info][gc,cpu      ] GC(139) User=0.00s Sys=0.00s Real=0.00s
[67.420s][info][gc,marking  ] GC(139) Concurrent Clear Claimed Marks
[67.420s][info][gc,marking  ] GC(139) Concurrent Clear Claimed Marks 0.046ms
[67.420s][info][gc,marking  ] GC(139) Concurrent Cleanup for Next Mark
[67.425s][info][gc,marking  ] GC(139) Concurrent Cleanup for Next Mark 5.004ms
[67.425s][info][gc          ] GC(139) Concurrent Mark Cycle 3402.054ms
[67.712s][info][gc,start    ] GC(143) Pause Young (Prepare Mixed) (G1 Evacuation Pause)
[67.712s][info][gc,task     ] GC(143) Using 2 workers of 2 for evacuation
[67.786s][info][gc,phases   ] GC(143)   Pre Evacuate Collection Set: 0.34ms
[67.786s][info][gc,phases   ] GC(143)   Merge Heap Roots: 0.50ms
[67.786s][info][gc,phases   ] GC(143)   Evacuate Collection Set: 72.08ms
[67.786s][info][gc,phases   ] GC(143)   Post Evacuate Collection Set: 0.68ms
[67.786s][info][gc,phases   ] GC(143)   Other: 0.11ms
[67.786s][info][gc,heap     ] GC(143) Eden regions: 182->0(179)
[67.786s][info][gc,heap     ] GC(143) Survivor regions: 35->22(28)
[67.786s][info][gc,heap     ] GC(143) Old regions: 669->696
[67.786s][info][gc,heap     ] GC(143) Humongous regions: 7->7
[67.786s][info][gc,metaspace] GC(143) Metaspace: 17564K(17664K)->17564K(17664K) NonClass: 15759K(15808K)->15759K(15808K) Class: 1805K(1856K)->1805K(1856K)
[67.786s][info][gc          ] GC(143) Pause Young (Prepare Mixed) (G1 Evacuation Pause) 893M->724M(978M) 73.978ms
[67.786s][info][gc,cpu      ] GC(143) User=0.14s Sys=0.00s Real=0.08s
[68.134s][info][gc,start    ] GC(144) Pause Young (Mixed) (G1 Evacuation Pause)
[68.134s][info][gc,task     ] GC(144) Using 2 workers of 2 for evacuation
[68.212s][info][gc,phases   ] GC(144)   Pre Evacuate Collection Set: 0.57ms
[68.212s][info][gc,phases   ] GC(144)   Merge Heap Roots: 0.64ms
[68.212s][info][gc,phases   ] GC(144)   Evacuate Collection Set: 75.98ms
[68.212s][info][gc,phases   ] GC(144)   Post Evacuate Collection Set: 0.70ms
[68.212s][info][gc,phases   ] GC(144)   Other: 0.11ms
[68.212s][info][gc,heap     ] GC(144) Eden regions: 179->0(28)
[68.212s][info][gc,heap     ] GC(144) Survivor regions: 22->20(26)
[68.212s][info][gc,heap     ] GC(144) Old regions: 696->710
[68.212s][info][gc,heap     ] GC(144) Humongous regions: 10->10
[68.212s][info][gc,metaspace] GC(144) Metaspace: 17569K(17728K)->17569K(17728K) NonClass: 15763K(15872K)->15763K(15872K) Class: 1805K(1856K)->1805K(1856K)
[68.212s][info][gc          ] GC(144) Pause Young (Mixed) (G1 Evacuation Pause) 906M->739M(978M) 78.267ms
[68.212s][info][gc,cpu      ] GC(144) User=0.15s Sys=0.00s Real=0.07s
[68.278s][info][gc,start    ] GC(145) Pause Young (Mixed) (G1 Evacuation Pause)
[68.278s][info][gc,task     ] GC(145) Using 2 workers of 2 for evacuation
[68.540s][info][gc,mmu      ] GC(145) MMU target violated: 201.0ms (200.0ms/201.0ms)
[68.540s][info][gc,phases   ] GC(145)   Pre Evacuate Collection Set: 0.50ms
[68.540s][info][gc,phases   ] GC(145)   Merge Heap Roots: 1.35ms
[68.540s][info][gc,phases   ] GC(145)   Evacuate Collection Set: 259.27ms
[68.540s][info][gc,phases   ] GC(145)   Post Evacuate Collection Set: 0.34ms
[68.540s][info][gc,phases   ] GC(145)   Other: 0.15ms
[68.540s][info][gc,heap     ] GC(145) Eden regions: 28->0(170)
[68.540s][info][gc,heap     ] GC(145) Survivor regions: 20->1(6)
[68.540s][info][gc,heap     ] GC(145) Old regions: 710->728
[68.540s][info][gc,heap     ] GC(145) Humongous regions: 10->10
[68.540s][info][gc,metaspace] GC(145) Metaspace: 17569K(17728K)->17569K(17728K) NonClass: 15763K(15872K)->15763K(15872K) Class: 1805K(1856K)->1805K(1856K)
[68.540s][info][gc          ] GC(145) Pause Young (Mixed) (G1 Evacuation Pause) 767M->739M(978M) 261.798ms
[68.540s][info][gc,cpu      ] GC(145) User=0.52s Sys=0.00s Real=0.26s
[68.937s][info][gc,start    ] GC(146) Pause Young (Concurrent Start) (G1 Evacuation Pause)
[68.937s][info][gc,task     ] GC(146) Using 2 workers of 2 for evacuation
[68.939s][info][gc,phases   ] GC(146)   Pre Evacuate Collection Set: 0.32ms
[68.939s][info][gc,phases   ] GC(146)   Merge Heap Roots: 0.09ms
[68.939s][info][gc,phases   ] GC(146)   Evacuate Collection Set: 0.87ms
[68.939s][info][gc,phases   ] GC(146)   Post Evacuate Collection Set: 0.37ms
[68.939s][info][gc,phases   ] GC(146)   Other: 0.11ms
[68.939s][info][gc,heap     ] GC(146) Eden regions: 170->0(181)
[68.939s][info][gc,heap     ] GC(146) Survivor regions: 1->1(22)
[68.939s][info][gc,heap     ] GC(146) Old regions: 728->728
[68.939s][info][gc,heap     ] GC(146) Humongous regions: 10->10
[68.939s][info][gc,metaspace] GC(146) Metaspace: 17570K(17728K)->17570K(17728K) NonClass: 15765K(15872K)->15765K(15872K) Class: 1805K(1856K)->1805K(1856K)
[68.939s][info][gc          ] GC(146) Pause Young (Concurrent Start) (G1 Evacuation Pause) 909M->738M(978M) 2.044ms
[68.939s][info][gc,cpu      ] GC(146) User=0.00s Sys=0.00s Real=0.00s
[68.939s][info][gc          ] GC(147) Concurrent Mark Cycle
[68.939s][info][gc,marking  ] GC(147) Concurrent Scan Root Regions
[68.942s][info][gc,marking  ] GC(147) Concurrent Scan Root Regions 2.673ms
[68.942s][info][gc,marking  ] GC(147) Concurrent Mark
[68.942s][info][gc,marking  ] GC(147) Concurrent Mark From Roots
[68.942s][info][gc,task     ] GC(147) Using 1 workers of 1 for marking
[69.558s][info][gc,start    ] GC(148) Pause Young (Normal) (G1 Evacuation Pause)
[69.558s][info][gc,task     ] GC(148) Using 2 workers of 2 for evacuation
[69.585s][info][gc,phases   ] GC(148)   Pre Evacuate Collection Set: 0.31ms
[69.585s][info][gc,phases   ] GC(148)   Merge Heap Roots: 0.10ms
[69.585s][info][gc,phases   ] GC(148)   Evacuate Collection Set: 25.73ms
[69.585s][info][gc,phases   ] GC(148)   Post Evacuate Collection Set: 0.48ms
[69.585s][info][gc,phases   ] GC(148)   Other: 0.09ms
[69.585s][info][gc,heap     ] GC(148) Eden regions: 181->0(143)
[69.585s][info][gc,heap     ] GC(148) Survivor regions: 1->23(23)
[69.585s][info][gc,heap     ] GC(148) Old regions: 728->729
[69.585s][info][gc,heap     ] GC(148) Humongous regions: 10->10
[69.585s][info][gc,metaspace] GC(148) Metaspace: 17573K(17728K)->17573K(17728K) NonClass: 15767K(15872K)->15767K(15872K) Class: 1805K(1856K)->1805K(1856K)
[69.585s][info][gc          ] GC(148) Pause Young (Normal) (G1 Evacuation Pause) 919M->762M(978M) 26.984ms
[69.585s][info][gc,cpu      ] GC(148) User=0.05s Sys=0.00s Real=0.03s
[69.871s][info][gc,start    ] GC(149) Pause Young (Normal) (G1 Evacuation Pause)
[69.871s][info][gc,task     ] GC(149) Using 2 workers of 2 for evacuation
[69.940s][info][gc,phases   ] GC(149)   Pre Evacuate Collection Set: 0.48ms
[69.940s][info][gc,phases   ] GC(149)   Merge Heap Roots: 0.10ms
[69.940s][info][gc,phases   ] GC(149)   Evacuate Collection Set: 68.29ms
[69.940s][info][gc,phases   ] GC(149)   Post Evacuate Collection Set: 0.59ms
[69.940s][info][gc,phases   ] GC(149)   Other: 0.08ms
[69.940s][info][gc,heap     ] GC(149) Eden regions: 143->0(100)
[69.940s][info][gc,heap     ] GC(149) Survivor regions: 23->21(21)
[69.940s][info][gc,heap     ] GC(149) Old regions: 729->776
[69.940s][info][gc,heap     ] GC(149) Humongous regions: 10->10
[69.940s][info][gc,metaspace] GC(149) Metaspace: 17573K(17728K)->17573K(17728K) NonClass: 15767K(15872K)->15767K(15872K) Class: 1805K(1856K)->1805K(1856K)
[69.940s][info][gc          ] GC(149) Pause Young (Normal) (G1 Evacuation Pause) 905M->806M(978M) 69.808ms
[69.940s][info][gc,cpu      ] GC(149) User=0.13s Sys=0.01s Real=0.07s
[70.274s][info][gc,marking  ] GC(147) Concurrent Mark From Roots 1332.449ms
[70.274s][info][gc,marking  ] GC(147) Concurrent Preclean
[70.274s][info][gc,marking  ] GC(147) Concurrent Preclean 0.034ms
[70.276s][info][gc,start    ] GC(147) Pause Remark
[70.284s][info][gc          ] GC(147) Pause Remark 888M->597M(978M) 8.664ms
[70.284s][info][gc,cpu      ] GC(147) User=0.02s Sys=0.00s Real=0.01s
[70.285s][info][gc,marking  ] GC(147) Concurrent Mark 1343.318ms
[70.285s][info][gc,marking  ] GC(147) Concurrent Rebuild Remembered Sets and Scrub Regions
[70.331s][info][gc,start    ] GC(150) Pause Young (Normal) (G1 Evacuation Pause)
[70.331s][info][gc,task     ] GC(150) Using 2 workers of 2 for evacuation
[70.376s][info][gc,phases   ] GC(150)   Pre Evacuate Collection Set: 0.56ms
[70.376s][info][gc,phases   ] GC(150)   Merge Heap Roots: 0.35ms
[70.376s][info][gc,phases   ] GC(150)   Evacuate Collection Set: 43.00ms
[70.376s][info][gc,phases   ] GC(150)   Post Evacuate Collection Set: 0.45ms
[70.376s][info][gc,phases   ] GC(150)   Other: 0.09ms
[70.376s][info][gc,heap     ] GC(150) Eden regions: 100->0(326)
[70.376s][info][gc,heap     ] GC(150) Survivor regions: 21->15(16)
[70.376s][info][gc,heap     ] GC(150) Old regions: 491->512
[70.376s][info][gc,heap     ] GC(150) Humongous regions: 4->4
[70.376s][info][gc,metaspace] GC(150) Metaspace: 17573K(17728K)->17573K(17728K) NonClass: 15767K(15872K)->15767K(15872K) Class: 1805K(1856K)->1805K(1856K)
[70.376s][info][gc          ] GC(150) Pause Young (Normal) (G1 Evacuation Pause) 615M->531M(978M) 44.741ms
[70.376s][info][gc,cpu      ] GC(150) User=0.09s Sys=0.00s Real=0.05s
[70.800s][info][gc,marking  ] GC(147) Concurrent Rebuild Remembered Sets and Scrub Regions 515.512ms
[70.801s][info][gc,start    ] GC(147) Pause Cleanup
[70.801s][info][gc          ] GC(147) Pause Cleanup 690M->690M(978M) 0.186ms
[70.801s][info][gc,cpu      ] GC(147) User=0.00s Sys=0.00s Real=0.00s
[70.803s][info][gc,marking  ] GC(147) Concurrent Clear Claimed Marks
[70.804s][info][gc,marking  ] GC(147) Concurrent Clear Claimed Marks 0.057ms
[70.804s][info][gc,marking  ] GC(147) Concurrent Cleanup for Next Mark
[70.809s][info][gc,marking  ] GC(147) Concurrent Cleanup for Next Mark 5.047ms
[70.809s][info][gc          ] GC(147) Concurrent Mark Cycle 1869.793ms
[71.106s][info][gc,start    ] GC(151) Pause Young (Prepare Mixed) (G1 Evacuation Pause)
[71.106s][info][gc,task     ] GC(151) Using 2 workers of 2 for evacuation
[71.127s][info][gc,phases   ] GC(151)   Pre Evacuate Collection Set: 0.32ms
[71.127s][info][gc,phases   ] GC(151)   Merge Heap Roots: 0.19ms
[71.127s][info][gc,phases   ] GC(151)   Evacuate Collection Set: 20.50ms
[71.127s][info][gc,phases   ] GC(151)   Post Evacuate Collection Set: 0.60ms
[71.128s][info][gc,phases   ] GC(151)   Other: 0.11ms
[71.128s][info][gc,heap     ] GC(151) Eden regions: 326->0(297)
[71.128s][info][gc,heap     ] GC(151) Survivor regions: 15->15(43)
[71.128s][info][gc,heap     ] GC(151) Old regions: 512->512
[71.128s][info][gc,heap     ] GC(151) Humongous regions: 4->4
[71.128s][info][gc,metaspace] GC(151) Metaspace: 17573K(17728K)->17573K(17728K) NonClass: 15767K(15872K)->15767K(15872K) Class: 1805K(1856K)->1805K(1856K)
[71.128s][info][gc          ] GC(151) Pause Young (Prepare Mixed) (G1 Evacuation Pause) 857M->531M(978M) 21.968ms
[71.128s][info][gc,cpu      ] GC(151) User=0.05s Sys=0.00s Real=0.02s
[71.571s][info][gc,start    ] GC(152) Pause Young (Mixed) (G1 Evacuation Pause)
[71.571s][info][gc,task     ] GC(152) Using 2 workers of 2 for evacuation
[71.590s][info][gc,phases   ] GC(152)   Pre Evacuate Collection Set: 0.59ms
[71.590s][info][gc,phases   ] GC(152)   Merge Heap Roots: 0.23ms
[71.590s][info][gc,phases   ] GC(152)   Evacuate Collection Set: 16.82ms
[71.590s][info][gc,phases   ] GC(152)   Post Evacuate Collection Set: 0.70ms
[71.590s][info][gc,phases   ] GC(152)   Other: 0.11ms
[71.590s][info][gc,heap     ] GC(152) Eden regions: 348->0(438)
[71.590s][info][gc,heap     ] GC(152) Survivor regions: 15->16(46)
[71.590s][info][gc,heap     ] GC(152) Old regions: 512->415
[71.590s][info][gc,heap     ] GC(152) Humongous regions: 4->4
[71.590s][info][gc,metaspace] GC(152) Metaspace: 17573K(17728K)->17573K(17728K) NonClass: 15767K(15872K)->15767K(15872K) Class: 1805K(1856K)->1805K(1856K)
[71.590s][info][gc          ] GC(152) Pause Young (Mixed) (G1 Evacuation Pause) 879M->434M(978M) 18.705ms
[71.590s][info][gc,cpu      ] GC(152) User=0.04s Sys=0.00s Real=0.02s
[72.232s][info][gc,start    ] GC(153) Pause Young (Mixed) (G1 Evacuation Pause)
[72.232s][info][gc,task     ] GC(153) Using 2 workers of 2 for evacuation
[72.264s][info][gc,phases   ] GC(153)   Pre Evacuate Collection Set: 0.55ms
[72.264s][info][gc,phases   ] GC(153)   Merge Heap Roots: 0.64ms
[72.264s][info][gc,phases   ] GC(153)   Evacuate Collection Set: 29.47ms
[72.264s][info][gc,phases   ] GC(153)   Post Evacuate Collection Set: 0.80ms
[72.264s][info][gc,phases   ] GC(153)   Other: 0.12ms
[72.264s][info][gc,heap     ] GC(153) Eden regions: 438->0(424)
[72.264s][info][gc,heap     ] GC(153) Survivor regions: 16->20(57)
[72.264s][info][gc,heap     ] GC(153) Old regions: 415->399
[72.264s][info][gc,heap     ] GC(153) Humongous regions: 4->4
[72.264s][info][gc,metaspace] GC(153) Metaspace: 17573K(17728K)->17573K(17728K) NonClass: 15767K(15872K)->15767K(15872K) Class: 1805K(1856K)->1805K(1856K)
[72.264s][info][gc          ] GC(153) Pause Young (Mixed) (G1 Evacuation Pause) 872M->422M(978M) 31.851ms
[72.264s][info][gc,cpu      ] GC(153) User=0.06s Sys=0.00s Real=0.04s
[72.806s][info][gc,start    ] GC(154) Pause Young (Mixed) (G1 Evacuation Pause)
[72.806s][info][gc,task     ] GC(154) Using 2 workers of 2 for evacuation
[72.917s][info][gc,phases   ] GC(154)   Pre Evacuate Collection Set: 0.53ms
[72.917s][info][gc,phases   ] GC(154)   Merge Heap Roots: 0.59ms
[72.917s][info][gc,phases   ] GC(154)   Evacuate Collection Set: 108.88ms
[72.917s][info][gc,phases   ] GC(154)   Post Evacuate Collection Set: 0.83ms
[72.917s][info][gc,phases   ] GC(154)   Other: 0.09ms
[72.917s][info][gc,heap     ] GC(154) Eden regions: 419->0(390)
[72.917s][info][gc,heap     ] GC(154) Survivor regions: 20->55(55)
[72.917s][info][gc,heap     ] GC(154) Old regions: 399->409
[72.917s][info][gc,heap     ] GC(154) Humongous regions: 7->7
[72.917s][info][gc,metaspace] GC(154) Metaspace: 17576K(17728K)->17576K(17728K) NonClass: 15770K(15872K)->15770K(15872K) Class: 1805K(1856K)->1805K(1856K)
[72.917s][info][gc          ] GC(154) Pause Young (Mixed) (G1 Evacuation Pause) 844M->471M(978M) 111.168ms
[72.917s][info][gc,cpu      ] GC(154) User=0.22s Sys=0.00s Real=0.11s
[73.308s][info][gc,start    ] GC(155) Pause Young (Concurrent Start) (G1 Evacuation Pause)
[73.308s][info][gc,task     ] GC(155) Using 2 workers of 2 for evacuation
[73.400s][info][gc,phases   ] GC(155)   Pre Evacuate Collection Set: 0.34ms
[73.400s][info][gc,phases   ] GC(155)   Merge Heap Roots: 0.48ms
[73.400s][info][gc,phases   ] GC(155)   Evacuate Collection Set: 90.47ms
[73.400s][info][gc,phases   ] GC(155)   Post Evacuate Collection Set: 0.65ms
[73.400s][info][gc,phases   ] GC(155)   Other: 0.14ms
[73.400s][info][gc,heap     ] GC(155) Eden regions: 390->0(401)
[73.400s][info][gc,heap     ] GC(155) Survivor regions: 55->6(56)
[73.400s][info][gc,heap     ] GC(155) Old regions: 409->465
[73.400s][info][gc,heap     ] GC(155) Humongous regions: 7->7
[73.400s][info][gc,metaspace] GC(155) Metaspace: 17576K(17728K)->17576K(17728K) NonClass: 15771K(15872K)->15771K(15872K) Class: 1805K(1856K)->1805K(1856K)
[73.400s][info][gc          ] GC(155) Pause Young (Concurrent Start) (G1 Evacuation Pause) 861M->477M(978M) 92.369ms
[73.400s][info][gc          ] GC(156) Concurrent Mark Cycle
[73.400s][info][gc,marking  ] GC(156) Concurrent Scan Root Regions
[73.401s][info][gc,cpu      ] GC(155) User=0.19s Sys=0.00s Real=0.09s
[73.548s][info][gc,marking  ] GC(156) Concurrent Scan Root Regions 147.625ms
[73.548s][info][gc,marking  ] GC(156) Concurrent Mark
[73.548s][info][gc,marking  ] GC(156) Concurrent Mark From Roots
[73.548s][info][gc,task     ] GC(156) Using 1 workers of 1 for marking
[74.230s][info][gc,marking  ] GC(156) Concurrent Mark From Roots 682.326ms
[74.230s][info][gc,marking  ] GC(156) Concurrent Preclean
[74.230s][info][gc,marking  ] GC(156) Concurrent Preclean 0.033ms
[74.230s][info][gc,start    ] GC(156) Pause Remark
[74.237s][info][gc          ] GC(156) Pause Remark 827M->724M(978M) 7.026ms
[74.237s][info][gc,cpu      ] GC(156) User=0.02s Sys=0.00s Real=0.01s
[74.237s][info][gc,marking  ] GC(156) Concurrent Mark 689.733ms
[74.237s][info][gc,marking  ] GC(156) Concurrent Rebuild Remembered Sets and Scrub Regions
[74.455s][info][gc,marking  ] GC(156) Concurrent Rebuild Remembered Sets and Scrub Regions 217.498ms
[74.456s][info][gc,start    ] GC(156) Pause Cleanup
[74.456s][info][gc          ] GC(156) Pause Cleanup 765M->765M(978M) 0.166ms
[74.456s][info][gc,cpu      ] GC(156) User=0.00s Sys=0.00s Real=0.00s
[74.456s][info][gc,marking  ] GC(156) Concurrent Clear Claimed Marks
[74.456s][info][gc,marking  ] GC(156) Concurrent Clear Claimed Marks 0.047ms
[74.456s][info][gc,marking  ] GC(156) Concurrent Cleanup for Next Mark
[74.461s][info][gc,marking  ] GC(156) Concurrent Cleanup for Next Mark 5.032ms
[74.462s][info][gc          ] GC(156) Concurrent Mark Cycle 1061.638ms
[74.484s][info][gc,start    ] GC(157) Pause Young (Prepare Mixed) (G1 Evacuation Pause)
[74.485s][info][gc,task     ] GC(157) Using 2 workers of 2 for evacuation
[74.528s][info][gc,phases   ] GC(157)   Pre Evacuate Collection Set: 0.32ms
[74.528s][info][gc,phases   ] GC(157)   Merge Heap Roots: 0.35ms
[74.528s][info][gc,phases   ] GC(157)   Evacuate Collection Set: 41.83ms
[74.528s][info][gc,phases   ] GC(157)   Post Evacuate Collection Set: 0.67ms
[74.528s][info][gc,phases   ] GC(157)   Other: 0.11ms
[74.528s][info][gc,heap     ] GC(157) Eden regions: 401->0(452)
[74.528s][info][gc,heap     ] GC(157) Survivor regions: 6->31(51)
[74.528s][info][gc,heap     ] GC(157) Old regions: 365->365
[74.528s][info][gc,heap     ] GC(157) Humongous regions: 4->4
[74.528s][info][gc,metaspace] GC(157) Metaspace: 17577K(17728K)->17577K(17728K) NonClass: 15771K(15872K)->15771K(15872K) Class: 1805K(1856K)->1805K(1856K)
[74.528s][info][gc          ] GC(157) Pause Young (Prepare Mixed) (G1 Evacuation Pause) 775M->399M(978M) 43.511ms
[74.528s][info][gc,cpu      ] GC(157) User=0.09s Sys=0.00s Real=0.04s
[75.360s][info][gc,start    ] GC(158) Pause Young (Mixed) (G1 Evacuation Pause)
[75.360s][info][gc,task     ] GC(158) Using 2 workers of 2 for evacuation
[75.448s][info][gc,phases   ] GC(158)   Pre Evacuate Collection Set: 0.33ms
[75.448s][info][gc,phases   ] GC(158)   Merge Heap Roots: 0.52ms
[75.448s][info][gc,phases   ] GC(158)   Evacuate Collection Set: 85.81ms
[75.448s][info][gc,phases   ] GC(158)   Post Evacuate Collection Set: 0.80ms
[75.448s][info][gc,phases   ] GC(158)   Other: 0.11ms
[75.448s][info][gc,heap     ] GC(158) Eden regions: 451->0(290)
[75.448s][info][gc,heap     ] GC(158) Survivor regions: 31->61(61)
[75.448s][info][gc,heap     ] GC(158) Old regions: 365->360
[75.448s][info][gc,heap     ] GC(158) Humongous regions: 4->4
[75.448s][info][gc,metaspace] GC(158) Metaspace: 17581K(17728K)->17581K(17728K) NonClass: 15775K(15872K)->15775K(15872K) Class: 1805K(1856K)->1805K(1856K)
[75.448s][info][gc          ] GC(158) Pause Young (Mixed) (G1 Evacuation Pause) 850M->424M(978M) 87.813ms
[75.448s][info][gc,cpu      ] GC(158) User=0.18s Sys=0.00s Real=0.09s
[75.852s][info][gc,start    ] GC(159) Pause Young (Mixed) (G1 Evacuation Pause)
[75.852s][info][gc,task     ] GC(159) Using 2 workers of 2 for evacuation
[75.944s][info][gc,phases   ] GC(159)   Pre Evacuate Collection Set: 0.52ms
[75.944s][info][gc,phases   ] GC(159)   Merge Heap Roots: 0.65ms
[75.944s][info][gc,phases   ] GC(159)   Evacuate Collection Set: 89.08ms
[75.944s][info][gc,phases   ] GC(159)   Post Evacuate Collection Set: 0.65ms
[75.944s][info][gc,phases   ] GC(159)   Other: 0.13ms
[75.944s][info][gc,heap     ] GC(159) Eden regions: 325->0(435)
[75.944s][info][gc,heap     ] GC(159) Survivor regions: 61->13(49)
[75.944s][info][gc,heap     ] GC(159) Old regions: 360->413
[75.944s][info][gc,heap     ] GC(159) Humongous regions: 4->4
[75.944s][info][gc,metaspace] GC(159) Metaspace: 17582K(17728K)->17582K(17728K) NonClass: 15777K(15872K)->15777K(15872K) Class: 1805K(1856K)->1805K(1856K)
[75.944s][info][gc          ] GC(159) Pause Young (Mixed) (G1 Evacuation Pause) 749M->430M(978M) 91.306ms
[75.944s][info][gc,cpu      ] GC(159) User=0.18s Sys=0.00s Real=0.10s
[76.470s][info][gc,start    ] GC(160) Pause Young (Mixed) (G1 Evacuation Pause)
[76.470s][info][gc,task     ] GC(160) Using 2 workers of 2 for evacuation
[76.520s][info][gc,phases   ] GC(160)   Pre Evacuate Collection Set: 0.52ms
[76.520s][info][gc,phases   ] GC(160)   Merge Heap Roots: 0.88ms
[76.520s][info][gc,phases   ] GC(160)   Evacuate Collection Set: 47.02ms
[76.520s][info][gc,phases   ] GC(160)   Post Evacuate Collection Set: 0.74ms
[76.520s][info][gc,phases   ] GC(160)   Other: 0.11ms
[76.520s][info][gc,heap     ] GC(160) Eden regions: 435->0(458)
[76.520s][info][gc,heap     ] GC(160) Survivor regions: 13->26(56)
[76.520s][info][gc,heap     ] GC(160) Old regions: 413->368
[76.520s][info][gc,heap     ] GC(160) Humongous regions: 4->4
[76.520s][info][gc,metaspace] GC(160) Metaspace: 17583K(17728K)->17583K(17728K) NonClass: 15778K(15872K)->15778K(15872K) Class: 1805K(1856K)->1805K(1856K)
[76.520s][info][gc          ] GC(160) Pause Young (Mixed) (G1 Evacuation Pause) 865M->397M(978M) 49.579ms
[76.520s][info][gc,cpu      ] GC(160) User=0.10s Sys=0.00s Real=0.05s
[77.769s][info][gc,start    ] GC(161) Pause Young (Concurrent Start) (G1 Evacuation Pause)
[77.769s][info][gc,task     ] GC(161) Using 2 workers of 2 for evacuation
[77.816s][info][gc,phases   ] GC(161)   Pre Evacuate Collection Set: 0.36ms
[77.816s][info][gc,phases   ] GC(161)   Merge Heap Roots: 0.28ms
[77.816s][info][gc,phases   ] GC(161)   Evacuate Collection Set: 45.38ms
[77.816s][info][gc,phases   ] GC(161)   Post Evacuate Collection Set: 0.73ms
[77.816s][info][gc,phases   ] GC(161)   Other: 0.13ms
[77.816s][info][gc,heap     ] GC(161) Eden regions: 458->0(462)
[77.816s][info][gc,heap     ] GC(161) Survivor regions: 26->36(61)
[77.816s][info][gc,heap     ] GC(161) Old regions: 368->368
[77.816s][info][gc,heap     ] GC(161) Humongous regions: 4->4
[77.816s][info][gc,metaspace] GC(161) Metaspace: 17583K(17728K)->17583K(17728K) NonClass: 15778K(15872K)->15778K(15872K) Class: 1805K(1856K)->1805K(1856K)
[77.816s][info][gc          ] GC(161) Pause Young (Concurrent Start) (G1 Evacuation Pause) 855M->408M(978M) 47.143ms
[77.816s][info][gc,cpu      ] GC(161) User=0.09s Sys=0.01s Real=0.05s
[77.819s][info][gc          ] GC(162) Concurrent Mark Cycle
[77.819s][info][gc,marking  ] GC(162) Concurrent Scan Root Regions
[77.894s][info][gc,marking  ] GC(162) Concurrent Scan Root Regions 75.410ms
[77.894s][info][gc,marking  ] GC(162) Concurrent Mark
[77.894s][info][gc,marking  ] GC(162) Concurrent Mark From Roots
[77.894s][info][gc,task     ] GC(162) Using 1 workers of 1 for marking
[79.113s][info][gc,start    ] GC(163) Pause Young (Normal) (G1 Evacuation Pause)
[79.113s][info][gc,task     ] GC(163) Using 2 workers of 2 for evacuation
[79.321s][info][gc,mmu      ] GC(163) MMU target violated: 201.0ms (200.0ms/201.0ms)
[79.321s][info][gc,phases   ] GC(163)   Pre Evacuate Collection Set: 0.49ms
[79.321s][info][gc,phases   ] GC(163)   Merge Heap Roots: 0.42ms
[79.321s][info][gc,phases   ] GC(163)   Evacuate Collection Set: 185.09ms
[79.321s][info][gc,phases   ] GC(163)   Post Evacuate Collection Set: 22.33ms
[79.321s][info][gc,phases   ] GC(163)   Other: 0.19ms
[79.321s][info][gc,heap     ] GC(163) Eden regions: 462->0(147)
[79.321s][info][gc,heap     ] GC(163) Survivor regions: 36->63(63)
[79.321s][info][gc,heap     ] GC(163) Old regions: 368->651
[79.321s][info][gc,heap     ] GC(163) Humongous regions: 4->4
[79.321s][info][gc,metaspace] GC(163) Metaspace: 17594K(17792K)->17594K(17792K) NonClass: 15789K(15936K)->15789K(15936K) Class: 1805K(1856K)->1805K(1856K)
[79.321s][info][gc          ] GC(163) Pause Young (Normal) (G1 Evacuation Pause) (Evacuation Failure: Allocation) 870M->718M(978M) 208.752ms
[79.321s][info][gc,cpu      ] GC(163) User=0.42s Sys=0.00s Real=0.20s
[79.340s][info][gc,marking  ] GC(162) Concurrent Mark From Roots 1445.921ms
[79.340s][info][gc,marking  ] GC(162) Concurrent Preclean
[79.340s][info][gc,marking  ] GC(162) Concurrent Preclean 0.031ms
[79.342s][info][gc,start    ] GC(162) Pause Remark
[79.349s][info][gc          ] GC(162) Pause Remark 720M->720M(978M) 7.607ms
[79.349s][info][gc,cpu      ] GC(162) User=0.01s Sys=0.00s Real=0.01s
[79.352s][info][gc,marking  ] GC(162) Concurrent Mark 1457.546ms
[79.352s][info][gc,marking  ] GC(162) Concurrent Rebuild Remembered Sets and Scrub Regions
[79.773s][info][gc,start    ] GC(164) Pause Young (Normal) (G1 Evacuation Pause)
[79.773s][info][gc,task     ] GC(164) Using 2 workers of 2 for evacuation
[79.952s][info][gc,phases   ] GC(164)   Pre Evacuate Collection Set: 0.59ms
[79.952s][info][gc,phases   ] GC(164)   Merge Heap Roots: 1.07ms
[79.952s][info][gc,phases   ] GC(164)   Evacuate Collection Set: 167.48ms
[79.952s][info][gc,phases   ] GC(164)   Post Evacuate Collection Set: 9.91ms
[79.952s][info][gc,phases   ] GC(164)   Other: 0.11ms
[79.952s][info][gc,heap     ] GC(164) Eden regions: 147->0(192)
[79.952s][info][gc,heap     ] GC(164) Survivor regions: 63->24(27)
[79.952s][info][gc,heap     ] GC(164) Old regions: 651->684
[79.952s][info][gc,heap     ] GC(164) Humongous regions: 4->4
[79.952s][info][gc,metaspace] GC(164) Metaspace: 17594K(17792K)->17594K(17792K) NonClass: 15789K(15936K)->15789K(15936K) Class: 1805K(1856K)->1805K(1856K)
[79.952s][info][gc          ] GC(164) Pause Young (Normal) (G1 Evacuation Pause) (Evacuation Failure: Allocation) 865M->712M(978M) 179.416ms
[79.952s][info][gc,cpu      ] GC(164) User=0.36s Sys=0.00s Real=0.17s
[80.160s][info][gc,marking  ] GC(162) Concurrent Rebuild Remembered Sets and Scrub Regions 808.067ms
[80.160s][info][gc,start    ] GC(162) Pause Cleanup
[80.160s][info][gc          ] GC(162) Pause Cleanup 782M->782M(978M) 0.149ms
[80.160s][info][gc,cpu      ] GC(162) User=0.00s Sys=0.00s Real=0.00s
[80.163s][info][gc,marking  ] GC(162) Concurrent Clear Claimed Marks
[80.163s][info][gc,marking  ] GC(162) Concurrent Clear Claimed Marks 0.049ms
[80.163s][info][gc,marking  ] GC(162) Concurrent Cleanup for Next Mark
[80.166s][info][gc,marking  ] GC(162) Concurrent Cleanup for Next Mark 3.017ms
[80.166s][info][gc          ] GC(162) Concurrent Mark Cycle 2347.199ms
[80.390s][info][gc,start    ] GC(165) Pause Young (Prepare Mixed) (G1 Evacuation Pause)
[80.390s][info][gc,task     ] GC(165) Using 2 workers of 2 for evacuation
[80.518s][info][gc,phases   ] GC(165)   Pre Evacuate Collection Set: 0.38ms
[80.518s][info][gc,phases   ] GC(165)   Merge Heap Roots: 0.48ms
[80.518s][info][gc,phases   ] GC(165)   Evacuate Collection Set: 113.39ms
[80.518s][info][gc,phases   ] GC(165)   Post Evacuate Collection Set: 12.81ms
[80.518s][info][gc,phases   ] GC(165)   Other: 0.10ms
[80.518s][info][gc,heap     ] GC(165) Eden regions: 192->0(87)
[80.518s][info][gc,heap     ] GC(165) Survivor regions: 24->27(27)
[80.518s][info][gc,heap     ] GC(165) Old regions: 684->782
[80.518s][info][gc,heap     ] GC(165) Humongous regions: 5->5
[80.518s][info][gc,metaspace] GC(165) Metaspace: 17594K(17792K)->17594K(17792K) NonClass: 15789K(15936K)->15789K(15936K) Class: 1805K(1856K)->1805K(1856K)
[80.518s][info][gc          ] GC(165) Pause Young (Prepare Mixed) (G1 Evacuation Pause) (Evacuation Failure: Allocation) 905M->814M(978M) 127.466ms
[80.518s][info][gc,cpu      ] GC(165) User=0.25s Sys=0.00s Real=0.13s
[80.681s][info][gc,start    ] GC(166) Pause Young (Mixed) (G1 Evacuation Pause)
[80.681s][info][gc,task     ] GC(166) Using 2 workers of 2 for evacuation
[80.768s][info][gc,phases   ] GC(166)   Pre Evacuate Collection Set: 2.51ms
[80.768s][info][gc,phases   ] GC(166)   Merge Heap Roots: 0.91ms
[80.768s][info][gc,phases   ] GC(166)   Evacuate Collection Set: 82.58ms
[80.768s][info][gc,phases   ] GC(166)   Post Evacuate Collection Set: 0.81ms
[80.768s][info][gc,phases   ] GC(166)   Other: 0.09ms
[80.768s][info][gc,heap     ] GC(166) Eden regions: 87->0(236)
[80.768s][info][gc,heap     ] GC(166) Survivor regions: 27->7(15)
[80.768s][info][gc,heap     ] GC(166) Old regions: 782->640
[80.768s][info][gc,heap     ] GC(166) Humongous regions: 7->7
[80.768s][info][gc,metaspace] GC(166) Metaspace: 17594K(17792K)->17594K(17792K) NonClass: 15789K(15936K)->15789K(15936K) Class: 1805K(1856K)->1805K(1856K)
[80.768s][info][gc          ] GC(166) Pause Young (Mixed) (G1 Evacuation Pause) 903M->653M(978M) 87.166ms
[80.768s][info][gc,cpu      ] GC(166) User=0.17s Sys=0.00s Real=0.09s
[80.905s][info][gc,start    ] GC(167) Pause Young (Concurrent Start) (G1 Humongous Allocation)
[80.906s][info][gc,task     ] GC(167) Using 2 workers of 2 for evacuation
[80.969s][info][gc,phases   ] GC(167)   Pre Evacuate Collection Set: 0.39ms
[80.969s][info][gc,phases   ] GC(167)   Merge Heap Roots: 0.81ms
[80.969s][info][gc,phases   ] GC(167)   Evacuate Collection Set: 61.02ms
[80.969s][info][gc,phases   ] GC(167)   Post Evacuate Collection Set: 0.79ms
[80.969s][info][gc,phases   ] GC(167)   Other: 0.15ms
[80.969s][info][gc,heap     ] GC(167) Eden regions: 85->0(264)
[80.969s][info][gc,heap     ] GC(167) Survivor regions: 7->13(31)
[80.969s][info][gc,heap     ] GC(167) Old regions: 640->612
[80.969s][info][gc,heap     ] GC(167) Humongous regions: 7->7
[80.969s][info][gc,metaspace] GC(167) Metaspace: 17595K(17792K)->17595K(17792K) NonClass: 15790K(15936K)->15790K(15936K) Class: 1805K(1856K)->1805K(1856K)
[80.969s][info][gc          ] GC(167) Pause Young (Concurrent Start) (G1 Humongous Allocation) 737M->632M(978M) 63.409ms
[80.969s][info][gc,cpu      ] GC(167) User=0.12s Sys=0.00s Real=0.06s
[80.969s][info][gc          ] GC(168) Concurrent Mark Cycle
[80.969s][info][gc,marking  ] GC(168) Concurrent Scan Root Regions
[81.009s][info][gc,marking  ] GC(168) Concurrent Scan Root Regions 40.174ms
[81.009s][info][gc,marking  ] GC(168) Concurrent Mark
[81.009s][info][gc,marking  ] GC(168) Concurrent Mark From Roots
[81.009s][info][gc,task     ] GC(168) Using 1 workers of 1 for marking
[82.042s][info][gc,start    ] GC(169) Pause Young (Normal) (G1 Evacuation Pause)
[82.042s][info][gc,task     ] GC(169) Using 2 workers of 2 for evacuation
[82.130s][info][gc,phases   ] GC(169)   Pre Evacuate Collection Set: 0.55ms
[82.130s][info][gc,phases   ] GC(169)   Merge Heap Roots: 0.86ms
[82.130s][info][gc,phases   ] GC(169)   Evacuate Collection Set: 85.48ms
[82.130s][info][gc,phases   ] GC(169)   Post Evacuate Collection Set: 0.85ms
[82.130s][info][gc,phases   ] GC(169)   Other: 0.11ms
[82.130s][info][gc,heap     ] GC(169) Eden regions: 264->0(233)
[82.130s][info][gc,heap     ] GC(169) Survivor regions: 13->35(35)
[82.130s][info][gc,heap     ] GC(169) Old regions: 612->612
[82.130s][info][gc,heap     ] GC(169) Humongous regions: 13->13
[82.130s][info][gc,metaspace] GC(169) Metaspace: 17595K(17792K)->17595K(17792K) NonClass: 15790K(15936K)->15790K(15936K) Class: 1805K(1856K)->1805K(1856K)
[82.130s][info][gc          ] GC(169) Pause Young (Normal) (G1 Evacuation Pause) 902M->659M(978M) 88.132ms
[82.130s][info][gc,cpu      ] GC(169) User=0.18s Sys=0.00s Real=0.09s
[82.318s][info][gc,marking  ] GC(168) Concurrent Mark From Roots 1308.425ms
[82.318s][info][gc,marking  ] GC(168) Concurrent Preclean
[82.318s][info][gc,marking  ] GC(168) Concurrent Preclean 0.033ms
[82.318s][info][gc,start    ] GC(168) Pause Remark
[82.325s][info][gc          ] GC(168) Pause Remark 706M->622M(978M) 7.096ms
[82.325s][info][gc,cpu      ] GC(168) User=0.01s Sys=0.00s Real=0.01s
[82.325s][info][gc,marking  ] GC(168) Concurrent Mark 1315.918ms
[82.325s][info][gc,marking  ] GC(168) Concurrent Rebuild Remembered Sets and Scrub Regions
[82.813s][info][gc,marking  ] GC(168) Concurrent Rebuild Remembered Sets and Scrub Regions 487.955ms
[82.813s][info][gc,start    ] GC(168) Pause Cleanup
[82.813s][info][gc          ] GC(168) Pause Cleanup 783M->783M(978M) 0.167ms
[82.813s][info][gc,cpu      ] GC(168) User=0.00s Sys=0.00s Real=0.00s
[82.813s][info][gc,marking  ] GC(168) Concurrent Clear Claimed Marks
[82.814s][info][gc,marking  ] GC(168) Concurrent Clear Claimed Marks 0.027ms
[82.814s][info][gc,marking  ] GC(168) Concurrent Cleanup for Next Mark
[82.816s][info][gc,marking  ] GC(168) Concurrent Cleanup for Next Mark 2.963ms
[82.817s][info][gc          ] GC(168) Concurrent Mark Cycle 1847.594ms
[82.862s][info][gc,start    ] GC(170) Pause Young (Prepare Mixed) (G1 Evacuation Pause)
[82.862s][info][gc,task     ] GC(170) Using 2 workers of 2 for evacuation
[82.948s][info][gc,phases   ] GC(170)   Pre Evacuate Collection Set: 0.33ms
[82.948s][info][gc,phases   ] GC(170)   Merge Heap Roots: 1.10ms
[82.948s][info][gc,phases   ] GC(170)   Evacuate Collection Set: 84.48ms
[82.948s][info][gc,phases   ] GC(170)   Post Evacuate Collection Set: 0.64ms
[82.949s][info][gc,phases   ] GC(170)   Other: 0.13ms
[82.949s][info][gc,heap     ] GC(170) Eden regions: 233->0(322)
[82.949s][info][gc,heap     ] GC(170) Survivor regions: 35->1(34)
[82.949s][info][gc,heap     ] GC(170) Old regions: 531->566
[82.949s][info][gc,heap     ] GC(170) Humongous regions: 10->10
[82.949s][info][gc,metaspace] GC(170) Metaspace: 17595K(17792K)->17595K(17792K) NonClass: 15790K(15936K)->15790K(15936K) Class: 1805K(1856K)->1805K(1856K)
[82.949s][info][gc          ] GC(170) Pause Young (Prepare Mixed) (G1 Evacuation Pause) 808M->576M(978M) 86.993ms
[82.949s][info][gc,cpu      ] GC(170) User=0.17s Sys=0.00s Real=0.09s
[83.510s][info][gc,start    ] GC(171) Pause Young (Mixed) (G1 Evacuation Pause)
[83.511s][info][gc,task     ] GC(171) Using 2 workers of 2 for evacuation
[83.607s][info][gc,phases   ] GC(171)   Pre Evacuate Collection Set: 0.39ms
[83.607s][info][gc,phases   ] GC(171)   Merge Heap Roots: 1.34ms
[83.607s][info][gc,phases   ] GC(171)   Evacuate Collection Set: 93.56ms
[83.607s][info][gc,phases   ] GC(171)   Post Evacuate Collection Set: 0.66ms
[83.607s][info][gc,phases   ] GC(171)   Other: 0.09ms
[83.607s][info][gc,heap     ] GC(171) Eden regions: 322->0(394)
[83.607s][info][gc,heap     ] GC(171) Survivor regions: 1->1(41)
[83.607s][info][gc,heap     ] GC(171) Old regions: 566->492
[83.607s][info][gc,heap     ] GC(171) Humongous regions: 10->10
[83.607s][info][gc,metaspace] GC(171) Metaspace: 17595K(17792K)->17595K(17792K) NonClass: 15790K(15936K)->15790K(15936K) Class: 1805K(1856K)->1805K(1856K)
[83.607s][info][gc          ] GC(171) Pause Young (Mixed) (G1 Evacuation Pause) 898M->503M(978M) 96.346ms
[83.607s][info][gc,cpu      ] GC(171) User=0.19s Sys=0.00s Real=0.10s
[84.288s][info][gc,start    ] GC(172) Pause Young (Concurrent Start) (G1 Evacuation Pause)
[84.288s][info][gc,task     ] GC(172) Using 2 workers of 2 for evacuation
[84.305s][info][gc,phases   ] GC(172)   Pre Evacuate Collection Set: 0.36ms
[84.305s][info][gc,phases   ] GC(172)   Merge Heap Roots: 0.19ms
[84.305s][info][gc,phases   ] GC(172)   Evacuate Collection Set: 15.44ms
[84.305s][info][gc,phases   ] GC(172)   Post Evacuate Collection Set: 0.62ms
[84.305s][info][gc,phases   ] GC(172)   Other: 0.24ms
[84.305s][info][gc,heap     ] GC(172) Eden regions: 394->0(391)
[84.305s][info][gc,heap     ] GC(172) Survivor regions: 1->11(50)
[84.305s][info][gc,heap     ] GC(172) Old regions: 492->492
[84.305s][info][gc,heap     ] GC(172) Humongous regions: 10->10
[84.305s][info][gc,metaspace] GC(172) Metaspace: 17596K(17792K)->17596K(17792K) NonClass: 15790K(15936K)->15790K(15936K) Class: 1805K(1856K)->1805K(1856K)
[84.305s][info][gc          ] GC(172) Pause Young (Concurrent Start) (G1 Evacuation Pause) 897M->513M(978M) 17.123ms
[84.305s][info][gc,cpu      ] GC(172) User=0.03s Sys=0.00s Real=0.02s
[84.307s][info][gc          ] GC(173) Concurrent Mark Cycle
[84.307s][info][gc,marking  ] GC(173) Concurrent Scan Root Regions
[84.331s][info][gc,marking  ] GC(173) Concurrent Scan Root Regions 23.892ms
[84.331s][info][gc,marking  ] GC(173) Concurrent Mark
[84.331s][info][gc,marking  ] GC(173) Concurrent Mark From Roots
[84.331s][info][gc,task     ] GC(173) Using 1 workers of 1 for marking
[84.999s][info][gc,start    ] GC(174) Pause Young (Normal) (G1 Evacuation Pause)
[84.999s][info][gc,task     ] GC(174) Using 2 workers of 2 for evacuation
[85.043s][info][gc,phases   ] GC(174)   Pre Evacuate Collection Set: 0.31ms
[85.043s][info][gc,phases   ] GC(174)   Merge Heap Roots: 0.22ms
[85.043s][info][gc,phases   ] GC(174)   Evacuate Collection Set: 42.49ms
[85.043s][info][gc,phases   ] GC(174)   Post Evacuate Collection Set: 0.65ms
[85.043s][info][gc,phases   ] GC(174)   Other: 0.09ms
[85.043s][info][gc,heap     ] GC(174) Eden regions: 391->0(356)
[85.043s][info][gc,heap     ] GC(174) Survivor regions: 11->35(51)
[85.043s][info][gc,heap     ] GC(174) Old regions: 492->492
[85.043s][info][gc,heap     ] GC(174) Humongous regions: 10->10
[85.043s][info][gc,metaspace] GC(174) Metaspace: 17596K(17792K)->17596K(17792K) NonClass: 15790K(15936K)->15790K(15936K) Class: 1805K(1856K)->1805K(1856K)
[85.043s][info][gc          ] GC(174) Pause Young (Normal) (G1 Evacuation Pause) 904M->537M(978M) 44.064ms
[85.043s][info][gc,cpu      ] GC(174) User=0.09s Sys=0.00s Real=0.05s
[85.916s][info][gc,marking  ] GC(173) Concurrent Mark From Roots 1584.948ms
[85.916s][info][gc,marking  ] GC(173) Concurrent Preclean
[85.916s][info][gc,marking  ] GC(173) Concurrent Preclean 0.036ms
[85.916s][info][gc,start    ] GC(173) Pause Remark
[85.923s][info][gc          ] GC(173) Pause Remark 802M->799M(978M) 7.094ms
[85.923s][info][gc,cpu      ] GC(173) User=0.01s Sys=0.00s Real=0.01s
[85.923s][info][gc,marking  ] GC(173) Concurrent Mark 1592.437ms
[85.923s][info][gc,marking  ] GC(173) Concurrent Rebuild Remembered Sets and Scrub Regions
[86.216s][info][gc,start    ] GC(175) Pause Young (Normal) (G1 Evacuation Pause)
[86.216s][info][gc,task     ] GC(175) Using 2 workers of 2 for evacuation
[86.267s][info][gc,phases   ] GC(175)   Pre Evacuate Collection Set: 0.30ms
[86.268s][info][gc,phases   ] GC(175)   Merge Heap Roots: 0.26ms
[86.268s][info][gc,phases   ] GC(175)   Evacuate Collection Set: 50.29ms
[86.268s][info][gc,phases   ] GC(175)   Post Evacuate Collection Set: 0.64ms
[86.268s][info][gc,phases   ] GC(175)   Other: 0.12ms
[86.268s][info][gc,heap     ] GC(175) Eden regions: 356->0(350)
[86.268s][info][gc,heap     ] GC(175) Survivor regions: 35->34(49)
[86.268s][info][gc,heap     ] GC(175) Old regions: 492->503
[86.268s][info][gc,heap     ] GC(175) Humongous regions: 7->7
[86.268s][info][gc,metaspace] GC(175) Metaspace: 17596K(17792K)->17596K(17792K) NonClass: 15791K(15936K)->15791K(15936K) Class: 1805K(1856K)->1805K(1856K)
[86.268s][info][gc          ] GC(175) Pause Young (Normal) (G1 Evacuation Pause) 890M->543M(978M) 51.891ms
[86.268s][info][gc,cpu      ] GC(175) User=0.10s Sys=0.00s Real=0.05s
[86.508s][info][gc,marking  ] GC(173) Concurrent Rebuild Remembered Sets and Scrub Regions 584.488ms
[86.508s][info][gc,start    ] GC(173) Pause Cleanup
[86.508s][info][gc          ] GC(173) Pause Cleanup 621M->621M(978M) 0.113ms
[86.508s][info][gc,cpu      ] GC(173) User=0.00s Sys=0.00s Real=0.00s
[86.508s][info][gc,marking  ] GC(173) Concurrent Clear Claimed Marks
[86.508s][info][gc,marking  ] GC(173) Concurrent Clear Claimed Marks 0.026ms
[86.508s][info][gc,marking  ] GC(173) Concurrent Cleanup for Next Mark
[86.511s][info][gc,marking  ] GC(173) Concurrent Cleanup for Next Mark 2.939ms
[86.511s][info][gc          ] GC(173) Concurrent Mark Cycle 2204.341ms
[87.079s][info][gc,start    ] GC(176) Pause Young (Prepare Mixed) (G1 Evacuation Pause)
[87.079s][info][gc,task     ] GC(176) Using 2 workers of 2 for evacuation
[87.117s][info][gc,phases   ] GC(176)   Pre Evacuate Collection Set: 0.30ms
[87.117s][info][gc,phases   ] GC(176)   Merge Heap Roots: 0.22ms
[87.117s][info][gc,phases   ] GC(176)   Evacuate Collection Set: 37.15ms
[87.117s][info][gc,phases   ] GC(176)   Post Evacuate Collection Set: 0.63ms
[87.117s][info][gc,phases   ] GC(176)   Other: 0.09ms
[87.117s][info][gc,heap     ] GC(176) Eden regions: 350->0(287)
[87.117s][info][gc,heap     ] GC(176) Survivor regions: 34->10(48)
[87.117s][info][gc,heap     ] GC(176) Old regions: 503->528
[87.117s][info][gc,heap     ] GC(176) Humongous regions: 7->7
[87.117s][info][gc,metaspace] GC(176) Metaspace: 17596K(17792K)->17596K(17792K) NonClass: 15791K(15936K)->15791K(15936K) Class: 1805K(1856K)->1805K(1856K)
[87.117s][info][gc          ] GC(176) Pause Young (Prepare Mixed) (G1 Evacuation Pause) 893M->544M(978M) 38.656ms
[87.117s][info][gc,cpu      ] GC(176) User=0.08s Sys=0.00s Real=0.04s
[87.573s][info][gc,start    ] GC(177) Pause Young (Mixed) (G1 Evacuation Pause)
[87.574s][info][gc,task     ] GC(177) Using 2 workers of 2 for evacuation
[87.634s][info][gc,phases   ] GC(177)   Pre Evacuate Collection Set: 0.31ms
[87.634s][info][gc,phases   ] GC(177)   Merge Heap Roots: 0.21ms
[87.634s][info][gc,phases   ] GC(177)   Evacuate Collection Set: 58.85ms
[87.634s][info][gc,phases   ] GC(177)   Post Evacuate Collection Set: 0.74ms
[87.634s][info][gc,phases   ] GC(177)   Other: 0.09ms
[87.634s][info][gc,heap     ] GC(177) Eden regions: 327->0(5)
[87.634s][info][gc,heap     ] GC(177) Survivor regions: 10->43(43)
[87.634s][info][gc,heap     ] GC(177) Old regions: 528->537
[87.634s][info][gc,heap     ] GC(177) Humongous regions: 7->7
[87.634s][info][gc,metaspace] GC(177) Metaspace: 17596K(17792K)->17596K(17792K) NonClass: 15791K(15936K)->15791K(15936K) Class: 1805K(1856K)->1805K(1856K)
[87.634s][info][gc          ] GC(177) Pause Young (Mixed) (G1 Evacuation Pause) 871M->587M(978M) 60.500ms
[87.634s][info][gc,cpu      ] GC(177) User=0.12s Sys=0.00s Real=0.06s
[87.640s][info][gc,start    ] GC(178) Pause Young (Mixed) (G1 Evacuation Pause)
[87.640s][info][gc,task     ] GC(178) Using 2 workers of 2 for evacuation
[87.692s][info][gc,phases   ] GC(178)   Pre Evacuate Collection Set: 0.47ms
[87.692s][info][gc,phases   ] GC(178)   Merge Heap Roots: 0.41ms
[87.692s][info][gc,phases   ] GC(178)   Evacuate Collection Set: 50.99ms
[87.692s][info][gc,phases   ] GC(178)   Post Evacuate Collection Set: 0.32ms
[87.692s][info][gc,phases   ] GC(178)   Other: 0.07ms
[87.692s][info][gc,heap     ] GC(178) Eden regions: 5->0(313)
[87.692s][info][gc,heap     ] GC(178) Survivor regions: 43->2(6)
[87.692s][info][gc,heap     ] GC(178) Old regions: 537->579
[87.692s][info][gc,heap     ] GC(178) Humongous regions: 7->7
[87.692s][info][gc,metaspace] GC(178) Metaspace: 17596K(17792K)->17596K(17792K) NonClass: 15791K(15936K)->15791K(15936K) Class: 1805K(1856K)->1805K(1856K)
[87.692s][info][gc          ] GC(178) Pause Young (Mixed) (G1 Evacuation Pause) 592M->588M(978M) 52.477ms
[87.692s][info][gc,cpu      ] GC(178) User=0.10s Sys=0.00s Real=0.05s
[88.344s][info][gc,start    ] GC(179) Pause Young (Mixed) (G1 Evacuation Pause)
[88.344s][info][gc,task     ] GC(179) Using 2 workers of 2 for evacuation
[88.410s][info][gc,phases   ] GC(179)   Pre Evacuate Collection Set: 0.58ms
[88.410s][info][gc,phases   ] GC(179)   Merge Heap Roots: 0.41ms
[88.410s][info][gc,phases   ] GC(179)   Evacuate Collection Set: 63.98ms
[88.410s][info][gc,phases   ] GC(179)   Post Evacuate Collection Set: 0.69ms
[88.410s][info][gc,phases   ] GC(179)   Other: 0.12ms
[88.410s][info][gc,heap     ] GC(179) Eden regions: 313->0(267)
[88.410s][info][gc,heap     ] GC(179) Survivor regions: 2->39(40)
[88.410s][info][gc,heap     ] GC(179) Old regions: 579->573
[88.410s][info][gc,heap     ] GC(179) Humongous regions: 10->10
[88.410s][info][gc,metaspace] GC(179) Metaspace: 17628K(17792K)->17628K(17792K) NonClass: 15820K(15936K)->15820K(15936K) Class: 1808K(1856K)->1808K(1856K)
[88.410s][info][gc          ] GC(179) Pause Young (Mixed) (G1 Evacuation Pause) 904M->621M(978M) 66.059ms
[88.410s][info][gc,cpu      ] GC(179) User=0.13s Sys=0.00s Real=0.06s
[88.859s][info][gc,start    ] GC(180) Pause Young (Concurrent Start) (G1 Evacuation Pause)
[88.859s][info][gc,task     ] GC(180) Using 2 workers of 2 for evacuation
[88.911s][info][gc,phases   ] GC(180)   Pre Evacuate Collection Set: 0.41ms
[88.911s][info][gc,phases   ] GC(180)   Merge Heap Roots: 0.26ms
[88.911s][info][gc,phases   ] GC(180)   Evacuate Collection Set: 50.26ms
[88.911s][info][gc,phases   ] GC(180)   Post Evacuate Collection Set: 0.50ms
[88.911s][info][gc,phases   ] GC(180)   Other: 0.21ms
[88.911s][info][gc,heap     ] GC(180) Eden regions: 267->0(294)
[88.911s][info][gc,heap     ] GC(180) Survivor regions: 39->1(39)
[88.911s][info][gc,heap     ] GC(180) Old regions: 573->612
[88.911s][info][gc,heap     ] GC(180) Humongous regions: 10->10
[88.911s][info][gc,metaspace] GC(180) Metaspace: 17628K(17792K)->17628K(17792K) NonClass: 15820K(15936K)->15820K(15936K) Class: 1808K(1856K)->1808K(1856K)
[88.911s][info][gc          ] GC(180) Pause Young (Concurrent Start) (G1 Evacuation Pause) 888M->622M(978M) 51.936ms
[88.911s][info][gc,cpu      ] GC(180) User=0.10s Sys=0.00s Real=0.05s
[88.911s][info][gc          ] GC(181) Concurrent Mark Cycle
[88.911s][info][gc,marking  ] GC(181) Concurrent Scan Root Regions
[88.983s][info][gc,marking  ] GC(181) Concurrent Scan Root Regions 71.538ms
[88.983s][info][gc,marking  ] GC(181) Concurrent Mark
[88.983s][info][gc,marking  ] GC(181) Concurrent Mark From Roots
[88.983s][info][gc,task     ] GC(181) Using 1 workers of 1 for marking
[89.802s][info][gc,marking  ] GC(181) Concurrent Mark From Roots 819.726ms
[89.803s][info][gc,marking  ] GC(181) Concurrent Preclean
[89.803s][info][gc,marking  ] GC(181) Concurrent Preclean 0.030ms
[89.803s][info][gc,start    ] GC(181) Pause Remark
[89.810s][info][gc          ] GC(181) Pause Remark 861M->667M(978M) 7.034ms
[89.810s][info][gc,cpu      ] GC(181) User=0.02s Sys=0.00s Real=0.00s
[89.814s][info][gc,marking  ] GC(181) Concurrent Mark 830.832ms
[89.814s][info][gc,marking  ] GC(181) Concurrent Rebuild Remembered Sets and Scrub Regions
[89.948s][info][gc,start    ] GC(182) Pause Young (Normal) (G1 Evacuation Pause)
[89.948s][info][gc,task     ] GC(182) Using 2 workers of 2 for evacuation
[89.950s][info][gc,phases   ] GC(182)   Pre Evacuate Collection Set: 0.55ms
[89.950s][info][gc,phases   ] GC(182)   Merge Heap Roots: 0.12ms
[89.950s][info][gc,phases   ] GC(182)   Evacuate Collection Set: 0.30ms
[89.950s][info][gc,phases   ] GC(182)   Post Evacuate Collection Set: 0.47ms
[89.950s][info][gc,phases   ] GC(182)   Other: 0.12ms
[89.950s][info][gc,heap     ] GC(182) Eden regions: 294->0(465)
[89.950s][info][gc,heap     ] GC(182) Survivor regions: 1->1(37)
[89.950s][info][gc,heap     ] GC(182) Old regions: 423->423
[89.950s][info][gc,heap     ] GC(182) Humongous regions: 5->5
[89.950s][info][gc,metaspace] GC(182) Metaspace: 17628K(17792K)->17628K(17792K) NonClass: 15820K(15936K)->15820K(15936K) Class: 1808K(1856K)->1808K(1856K)
[89.950s][info][gc          ] GC(182) Pause Young (Normal) (G1 Evacuation Pause) 722M->428M(978M) 1.798ms
[89.950s][info][gc,cpu      ] GC(182) User=0.00s Sys=0.00s Real=0.00s
[90.108s][info][gc,marking  ] GC(181) Concurrent Rebuild Remembered Sets and Scrub Regions 294.357ms
[90.108s][info][gc,start    ] GC(181) Pause Cleanup
[90.108s][info][gc          ] GC(181) Pause Cleanup 485M->485M(978M) 0.186ms
[90.108s][info][gc,cpu      ] GC(181) User=0.00s Sys=0.00s Real=0.00s
[90.108s][info][gc,marking  ] GC(181) Concurrent Clear Claimed Marks
[90.108s][info][gc,marking  ] GC(181) Concurrent Clear Claimed Marks 0.032ms
[90.108s][info][gc,marking  ] GC(181) Concurrent Cleanup for Next Mark
[90.113s][info][gc,marking  ] GC(181) Concurrent Cleanup for Next Mark 5.044ms
[90.114s][info][gc          ] GC(181) Concurrent Mark Cycle 1202.474ms
[90.756s][info][gc,start    ] GC(183) Pause Young (Prepare Mixed) (G1 Evacuation Pause)
[90.757s][info][gc,task     ] GC(183) Using 2 workers of 2 for evacuation
[90.771s][info][gc,phases   ] GC(183)   Pre Evacuate Collection Set: 0.31ms
[90.771s][info][gc,phases   ] GC(183)   Merge Heap Roots: 0.21ms
[90.771s][info][gc,phases   ] GC(183)   Evacuate Collection Set: 13.42ms
[90.771s][info][gc,phases   ] GC(183)   Post Evacuate Collection Set: 0.66ms
[90.771s][info][gc,phases   ] GC(183)   Other: 0.12ms
[90.771s][info][gc,heap     ] GC(183) Eden regions: 465->0(464)
[90.771s][info][gc,heap     ] GC(183) Survivor regions: 1->9(59)
[90.771s][info][gc,heap     ] GC(183) Old regions: 423->423
[90.771s][info][gc,heap     ] GC(183) Humongous regions: 5->5
[90.771s][info][gc,metaspace] GC(183) Metaspace: 17628K(17792K)->17628K(17792K) NonClass: 15820K(15936K)->15820K(15936K) Class: 1808K(1856K)->1808K(1856K)
[90.771s][info][gc          ] GC(183) Pause Young (Prepare Mixed) (G1 Evacuation Pause) 893M->436M(978M) 14.961ms
[90.771s][info][gc,cpu      ] GC(183) User=0.03s Sys=0.00s Real=0.01s
[91.226s][info][gc,start    ] GC(184) Pause Young (Mixed) (G1 Evacuation Pause)
[91.226s][info][gc,task     ] GC(184) Using 2 workers of 2 for evacuation
[91.292s][info][gc,phases   ] GC(184)   Pre Evacuate Collection Set: 0.58ms
[91.292s][info][gc,phases   ] GC(184)   Merge Heap Roots: 0.59ms
[91.292s][info][gc,phases   ] GC(184)   Evacuate Collection Set: 62.11ms
[91.292s][info][gc,phases   ] GC(184)   Merge Optional Heap Roots: 0.08ms
[91.292s][info][gc,phases   ] GC(184)   Evacuate Optional Collection Set: 1.52ms
[91.292s][info][gc,phases   ] GC(184)   Post Evacuate Collection Set: 0.90ms
[91.292s][info][gc,phases   ] GC(184)   Other: 0.15ms
[91.292s][info][gc,heap     ] GC(184) Eden regions: 464->0(94)
[91.292s][info][gc,heap     ] GC(184) Survivor regions: 9->40(60)
[91.292s][info][gc,heap     ] GC(184) Old regions: 423->330
[91.292s][info][gc,heap     ] GC(184) Humongous regions: 5->5
[91.292s][info][gc,metaspace] GC(184) Metaspace: 17628K(17792K)->17628K(17792K) NonClass: 15820K(15936K)->15820K(15936K) Class: 1808K(1856K)->1808K(1856K)
[91.292s][info][gc          ] GC(184) Pause Young (Mixed) (G1 Evacuation Pause) 900M->374M(978M) 66.220ms
[91.292s][info][gc,cpu      ] GC(184) User=0.13s Sys=0.00s Real=0.06s
[91.387s][info][gc,start    ] GC(185) Pause Young (Mixed) (G1 Evacuation Pause)
[91.387s][info][gc,task     ] GC(185) Using 2 workers of 2 for evacuation
[91.465s][info][gc,phases   ] GC(185)   Pre Evacuate Collection Set: 0.32ms
[91.465s][info][gc,phases   ] GC(185)   Merge Heap Roots: 0.61ms
[91.465s][info][gc,phases   ] GC(185)   Evacuate Collection Set: 76.78ms
[91.465s][info][gc,phases   ] GC(185)   Post Evacuate Collection Set: 0.80ms
[91.465s][info][gc,phases   ] GC(185)   Other: 0.09ms
[91.465s][info][gc,heap     ] GC(185) Eden regions: 86->0(429)
[91.465s][info][gc,heap     ] GC(185) Survivor regions: 40->12(16)
[91.465s][info][gc,heap     ] GC(185) Old regions: 330->360
[91.465s][info][gc,heap     ] GC(185) Humongous regions: 5->5
[91.465s][info][gc,metaspace] GC(185) Metaspace: 17628K(17792K)->17628K(17792K) NonClass: 15820K(15936K)->15820K(15936K) Class: 1808K(1856K)->1808K(1856K)
[91.465s][info][gc          ] GC(185) Pause Young (Mixed) (G1 Evacuation Pause) 460M->376M(978M) 78.838ms
[91.466s][info][gc,cpu      ] GC(185) User=0.15s Sys=0.00s Real=0.08s
[91.975s][info][gc,start    ] GC(186) Pause Young (Mixed) (G1 Evacuation Pause)
[91.975s][info][gc,task     ] GC(186) Using 2 workers of 2 for evacuation
[92.124s][info][gc,phases   ] GC(186)   Pre Evacuate Collection Set: 0.52ms
[92.124s][info][gc,phases   ] GC(186)   Merge Heap Roots: 1.77ms
[92.124s][info][gc,phases   ] GC(186)   Evacuate Collection Set: 145.44ms
[92.124s][info][gc,phases   ] GC(186)   Post Evacuate Collection Set: 0.66ms
[92.124s][info][gc,phases   ] GC(186)   Other: 0.11ms
[92.124s][info][gc,heap     ] GC(186) Eden regions: 363->0(433)
[92.124s][info][gc,heap     ] GC(186) Survivor regions: 12->47(47)
[92.124s][info][gc,heap     ] GC(186) Old regions: 360->376
[92.124s][info][gc,heap     ] GC(186) Humongous regions: 5->5
[92.124s][info][gc,metaspace] GC(186) Metaspace: 17652K(17792K)->17652K(17792K) NonClass: 15843K(15936K)->15843K(15936K) Class: 1808K(1856K)->1808K(1856K)
[92.124s][info][gc          ] GC(186) Pause Young (Mixed) (G1 Evacuation Pause) 739M->428M(978M) 148.754ms
[92.124s][info][gc,cpu      ] GC(186) User=0.29s Sys=0.01s Real=0.15s
[92.550s][info][gc,start    ] GC(187) Pause Young (Concurrent Start) (G1 Evacuation Pause)
[92.551s][info][gc,task     ] GC(187) Using 2 workers of 2 for evacuation
[92.625s][info][gc,phases   ] GC(187)   Pre Evacuate Collection Set: 0.31ms
[92.625s][info][gc,phases   ] GC(187)   Merge Heap Roots: 0.33ms
[92.625s][info][gc,phases   ] GC(187)   Evacuate Collection Set: 72.88ms
[92.625s][info][gc,phases   ] GC(187)   Post Evacuate Collection Set: 0.70ms
[92.625s][info][gc,phases   ] GC(187)   Other: 0.13ms
[92.625s][info][gc,heap     ] GC(187) Eden regions: 433->0(427)
[92.625s][info][gc,heap     ] GC(187) Survivor regions: 47->18(60)
[92.625s][info][gc,heap     ] GC(187) Old regions: 376->424
[92.625s][info][gc,heap     ] GC(187) Humongous regions: 5->5
[92.625s][info][gc,metaspace] GC(187) Metaspace: 17652K(17792K)->17652K(17792K) NonClass: 15844K(15936K)->15844K(15936K) Class: 1808K(1856K)->1808K(1856K)
[92.625s][info][gc          ] GC(187) Pause Young (Concurrent Start) (G1 Evacuation Pause) 861M->446M(978M) 74.608ms
[92.625s][info][gc,cpu      ] GC(187) User=0.15s Sys=0.00s Real=0.08s
[92.625s][info][gc          ] GC(188) Concurrent Mark Cycle
[92.625s][info][gc,marking  ] GC(188) Concurrent Scan Root Regions
[92.762s][info][gc,marking  ] GC(188) Concurrent Scan Root Regions 136.480ms
[92.762s][info][gc,marking  ] GC(188) Concurrent Mark
[92.762s][info][gc,marking  ] GC(188) Concurrent Mark From Roots
[92.762s][info][gc,task     ] GC(188) Using 1 workers of 1 for marking
[93.549s][info][gc,start    ] GC(189) Pause Young (Normal) (G1 Evacuation Pause)
[93.549s][info][gc,task     ] GC(189) Using 2 workers of 2 for evacuation
[93.604s][info][gc,phases   ] GC(189)   Pre Evacuate Collection Set: 0.54ms
[93.604s][info][gc,phases   ] GC(189)   Merge Heap Roots: 0.40ms
[93.604s][info][gc,phases   ] GC(189)   Evacuate Collection Set: 53.52ms
[93.604s][info][gc,phases   ] GC(189)   Post Evacuate Collection Set: 0.70ms
[93.604s][info][gc,phases   ] GC(189)   Other: 0.12ms
[93.604s][info][gc,heap     ] GC(189) Eden regions: 427->0(415)
[93.604s][info][gc,heap     ] GC(189) Survivor regions: 18->38(56)
[93.604s][info][gc,heap     ] GC(189) Old regions: 424->424
[93.604s][info][gc,heap     ] GC(189) Humongous regions: 5->5
[93.604s][info][gc,metaspace] GC(189) Metaspace: 17653K(17792K)->17653K(17792K) NonClass: 15845K(15936K)->15845K(15936K) Class: 1808K(1856K)->1808K(1856K)
[93.604s][info][gc          ] GC(189) Pause Young (Normal) (G1 Evacuation Pause) 873M->466M(978M) 55.544ms
[93.604s][info][gc,cpu      ] GC(189) User=0.11s Sys=0.00s Real=0.06s
[94.159s][info][gc,marking  ] GC(188) Concurrent Mark From Roots 1396.859ms
[94.159s][info][gc,marking  ] GC(188) Concurrent Preclean
[94.159s][info][gc,marking  ] GC(188) Concurrent Preclean 0.035ms
[94.159s][info][gc,start    ] GC(188) Pause Remark
[94.170s][info][gc          ] GC(188) Pause Remark 596M->596M(978M) 10.905ms
[94.170s][info][gc,cpu      ] GC(188) User=0.02s Sys=0.00s Real=0.01s
[94.171s][info][gc,marking  ] GC(188) Concurrent Mark 1409.445ms
[94.171s][info][gc,marking  ] GC(188) Concurrent Rebuild Remembered Sets and Scrub Regions
[94.803s][info][gc,marking  ] GC(188) Concurrent Rebuild Remembered Sets and Scrub Regions 631.526ms
[94.803s][info][gc,start    ] GC(188) Pause Cleanup
[94.803s][info][gc          ] GC(188) Pause Cleanup 834M->834M(978M) 0.126ms
[94.803s][info][gc,cpu      ] GC(188) User=0.00s Sys=0.00s Real=0.00s
[94.803s][info][gc,marking  ] GC(188) Concurrent Clear Claimed Marks
[94.803s][info][gc,marking  ] GC(188) Concurrent Clear Claimed Marks 0.039ms
[94.803s][info][gc,marking  ] GC(188) Concurrent Cleanup for Next Mark
[94.808s][info][gc,marking  ] GC(188) Concurrent Cleanup for Next Mark 4.999ms
[94.808s][info][gc          ] GC(188) Concurrent Mark Cycle 2183.304ms
[94.852s][info][gc,start    ] GC(190) Pause Young (Prepare Mixed) (G1 Evacuation Pause)
[94.852s][info][gc,task     ] GC(190) Using 2 workers of 2 for evacuation
[95.014s][info][gc,phases   ] GC(190)   Pre Evacuate Collection Set: 0.30ms
[95.014s][info][gc,phases   ] GC(190)   Merge Heap Roots: 0.50ms
[95.014s][info][gc,phases   ] GC(190)   Evacuate Collection Set: 147.21ms
[95.014s][info][gc,phases   ] GC(190)   Post Evacuate Collection Set: 14.03ms
[95.014s][info][gc,phases   ] GC(190)   Other: 0.13ms
[95.014s][info][gc,heap     ] GC(190) Eden regions: 415->0(100)
[95.014s][info][gc,heap     ] GC(190) Survivor regions: 38->57(57)
[95.014s][info][gc,heap     ] GC(190) Old regions: 424->709
[95.014s][info][gc,heap     ] GC(190) Humongous regions: 5->5
[95.015s][info][gc,metaspace] GC(190) Metaspace: 17680K(17792K)->17680K(17792K) NonClass: 15869K(15936K)->15869K(15936K) Class: 1811K(1856K)->1811K(1856K)
[95.015s][info][gc          ] GC(190) Pause Young (Prepare Mixed) (G1 Evacuation Pause) (Evacuation Failure: Allocation) 881M->771M(978M) 162.431ms
[95.015s][info][gc,cpu      ] GC(190) User=0.32s Sys=0.00s Real=0.17s
[95.241s][info][gc,start    ] GC(191) Pause Young (Mixed) (G1 Evacuation Pause)
[95.241s][info][gc,task     ] GC(191) Using 2 workers of 2 for evacuation
[95.338s][info][gc,phases   ] GC(191)   Pre Evacuate Collection Set: 0.42ms
[95.338s][info][gc,phases   ] GC(191)   Merge Heap Roots: 0.76ms
[95.338s][info][gc,phases   ] GC(191)   Evacuate Collection Set: 80.18ms
[95.338s][info][gc,phases   ] GC(191)   Merge Optional Heap Roots: 0.19ms
[95.338s][info][gc,phases   ] GC(191)   Evacuate Optional Collection Set: 14.77ms
[95.338s][info][gc,phases   ] GC(191)   Post Evacuate Collection Set: 0.86ms
[95.338s][info][gc,phases   ] GC(191)   Other: 0.22ms
[95.338s][info][gc,heap     ] GC(191) Eden regions: 86->0(310)
[95.338s][info][gc,heap     ] GC(191) Survivor regions: 57->1(18)
[95.338s][info][gc,heap     ] GC(191) Old regions: 709->564
[95.338s][info][gc,heap     ] GC(191) Humongous regions: 5->5
[95.338s][info][gc,metaspace] GC(191) Metaspace: 17680K(17792K)->17680K(17792K) NonClass: 15869K(15936K)->15869K(15936K) Class: 1811K(1856K)->1811K(1856K)
[95.338s][info][gc          ] GC(191) Pause Young (Mixed) (G1 Evacuation Pause) 857M->569M(978M) 97.729ms
[95.338s][info][gc,cpu      ] GC(191) User=0.19s Sys=0.00s Real=0.10s
[96.098s][info][gc,start    ] GC(192) Pause Young (Mixed) (G1 Evacuation Pause)
[96.098s][info][gc,task     ] GC(192) Using 2 workers of 2 for evacuation
[96.137s][info][gc,phases   ] GC(192)   Pre Evacuate Collection Set: 0.33ms
[96.137s][info][gc,phases   ] GC(192)   Merge Heap Roots: 0.67ms
[96.137s][info][gc,phases   ] GC(192)   Evacuate Collection Set: 38.05ms
[96.137s][info][gc,phases   ] GC(192)   Post Evacuate Collection Set: 0.61ms
[96.137s][info][gc,phases   ] GC(192)   Other: 0.10ms
[96.137s][info][gc,heap     ] GC(192) Eden regions: 310->0(336)
[96.137s][info][gc,heap     ] GC(192) Survivor regions: 1->2(39)
[96.137s][info][gc,heap     ] GC(192) Old regions: 564->545
[96.137s][info][gc,heap     ] GC(192) Humongous regions: 5->5
[96.137s][info][gc,metaspace] GC(192) Metaspace: 17683K(17792K)->17683K(17792K) NonClass: 15871K(15936K)->15871K(15936K) Class: 1811K(1856K)->1811K(1856K)
[96.138s][info][gc          ] GC(192) Pause Young (Mixed) (G1 Evacuation Pause) 879M->551M(978M) 40.015ms
[96.138s][info][gc,cpu      ] GC(192) User=0.08s Sys=0.00s Real=0.04s
[96.643s][info][gc,start    ] GC(193) Pause Young (Concurrent Start) (G1 Evacuation Pause)
[96.643s][info][gc,task     ] GC(193) Using 2 workers of 2 for evacuation
[96.661s][info][gc,phases   ] GC(193)   Pre Evacuate Collection Set: 0.38ms
[96.661s][info][gc,phases   ] GC(193)   Merge Heap Roots: 0.29ms
[96.661s][info][gc,phases   ] GC(193)   Evacuate Collection Set: 16.37ms
[96.661s][info][gc,phases   ] GC(193)   Post Evacuate Collection Set: 0.66ms
[96.661s][info][gc,phases   ] GC(193)   Other: 0.13ms
[96.661s][info][gc,heap     ] GC(193) Eden regions: 336->0(348)
[96.661s][info][gc,heap     ] GC(193) Survivor regions: 2->5(43)
[96.661s][info][gc,heap     ] GC(193) Old regions: 545->545
[96.661s][info][gc,heap     ] GC(193) Humongous regions: 5->5
[96.661s][info][gc,metaspace] GC(193) Metaspace: 17691K(17792K)->17691K(17792K) NonClass: 15879K(15936K)->15879K(15936K) Class: 1811K(1856K)->1811K(1856K)
[96.661s][info][gc          ] GC(193) Pause Young (Concurrent Start) (G1 Evacuation Pause) 887M->555M(978M) 18.060ms
[96.661s][info][gc,cpu      ] GC(193) User=0.03s Sys=0.00s Real=0.01s
[96.661s][info][gc          ] GC(194) Concurrent Mark Cycle
[96.661s][info][gc,marking  ] GC(194) Concurrent Scan Root Regions
[96.681s][info][gc,marking  ] GC(194) Concurrent Scan Root Regions 20.099ms
[96.681s][info][gc,marking  ] GC(194) Concurrent Mark
[96.681s][info][gc,marking  ] GC(194) Concurrent Mark From Roots
[96.681s][info][gc,task     ] GC(194) Using 1 workers of 1 for marking
[97.863s][info][gc,start    ] GC(195) Pause Young (Normal) (G1 Evacuation Pause)
[97.863s][info][gc,task     ] GC(195) Using 2 workers of 2 for evacuation
[97.948s][info][gc,phases   ] GC(195)   Pre Evacuate Collection Set: 0.53ms
[97.948s][info][gc,phases   ] GC(195)   Merge Heap Roots: 0.75ms
[97.948s][info][gc,phases   ] GC(195)   Evacuate Collection Set: 82.95ms
[97.948s][info][gc,phases   ] GC(195)   Post Evacuate Collection Set: 0.68ms
[97.948s][info][gc,phases   ] GC(195)   Other: 0.09ms
[97.948s][info][gc,heap     ] GC(195) Eden regions: 348->0(279)
[97.948s][info][gc,heap     ] GC(195) Survivor regions: 5->45(45)
[97.948s][info][gc,heap     ] GC(195) Old regions: 545->551
[97.948s][info][gc,heap     ] GC(195) Humongous regions: 8->8
[97.948s][info][gc,metaspace] GC(195) Metaspace: 17714K(17856K)->17714K(17856K) NonClass: 15900K(16000K)->15900K(16000K) Class: 1814K(1856K)->1814K(1856K)
[97.948s][info][gc          ] GC(195) Pause Young (Normal) (G1 Evacuation Pause) 906M->604M(978M) 85.280ms
[97.948s][info][gc,cpu      ] GC(195) User=0.17s Sys=0.00s Real=0.08s
[98.572s][info][gc,start    ] GC(196) Pause Young (Normal) (G1 Evacuation Pause)
[98.572s][info][gc,task     ] GC(196) Using 2 workers of 2 for evacuation
[98.652s][info][gc,phases   ] GC(196)   Pre Evacuate Collection Set: 0.35ms
[98.652s][info][gc,phases   ] GC(196)   Merge Heap Roots: 0.43ms
[98.652s][info][gc,phases   ] GC(196)   Evacuate Collection Set: 78.44ms
[98.652s][info][gc,phases   ] GC(196)   Post Evacuate Collection Set: 0.55ms
[98.652s][info][gc,phases   ] GC(196)   Other: 0.12ms
[98.652s][info][gc,heap     ] GC(196) Eden regions: 279->0(287)
[98.652s][info][gc,heap     ] GC(196) Survivor regions: 45->11(41)
[98.652s][info][gc,heap     ] GC(196) Old regions: 551->597
[98.652s][info][gc,heap     ] GC(196) Humongous regions: 8->8
[98.652s][info][gc,metaspace] GC(196) Metaspace: 17726K(17856K)->17726K(17856K) NonClass: 15911K(16000K)->15911K(16000K) Class: 1814K(1856K)->1814K(1856K)
[98.652s][info][gc          ] GC(196) Pause Young (Normal) (G1 Evacuation Pause) 883M->615M(978M) 80.148ms
[98.652s][info][gc,cpu      ] GC(196) User=0.16s Sys=0.01s Real=0.08s
[98.888s][info][gc,marking  ] GC(194) Concurrent Mark From Roots 2206.149ms
[98.888s][info][gc,marking  ] GC(194) Concurrent Preclean
[98.888s][info][gc,marking  ] GC(194) Concurrent Preclean 0.059ms
[98.888s][info][gc,start    ] GC(194) Pause Remark
[98.898s][info][gc          ] GC(194) Pause Remark 684M->684M(978M) 9.960ms
[98.898s][info][gc,cpu      ] GC(194) User=0.02s Sys=0.00s Real=0.01s
[98.899s][info][gc,marking  ] GC(194) Concurrent Mark 2217.602ms
[98.899s][info][gc,marking  ] GC(194) Concurrent Rebuild Remembered Sets and Scrub Regions
[99.170s][info][gc,start    ] GC(197) Pause Young (Normal) (G1 Evacuation Pause)
[99.170s][info][gc,task     ] GC(197) Using 2 workers of 2 for evacuation
[99.193s][info][gc,phases   ] GC(197)   Pre Evacuate Collection Set: 0.52ms
[99.193s][info][gc,phases   ] GC(197)   Merge Heap Roots: 0.26ms
[99.193s][info][gc,phases   ] GC(197)   Evacuate Collection Set: 21.13ms
[99.193s][info][gc,phases   ] GC(197)   Post Evacuate Collection Set: 0.56ms
[99.193s][info][gc,phases   ] GC(197)   Other: 0.12ms
[99.193s][info][gc,heap     ] GC(197) Eden regions: 287->0(294)
[99.193s][info][gc,heap     ] GC(197) Survivor regions: 11->13(38)
[99.193s][info][gc,heap     ] GC(197) Old regions: 597->597
[99.193s][info][gc,heap     ] GC(197) Humongous regions: 8->8
[99.193s][info][gc,metaspace] GC(197) Metaspace: 17727K(17856K)->17727K(17856K) NonClass: 15912K(16000K)->15912K(16000K) Class: 1814K(1856K)->1814K(1856K)
[99.193s][info][gc          ] GC(197) Pause Young (Normal) (G1 Evacuation Pause) 902M->617M(978M) 22.854ms
[99.193s][info][gc,cpu      ] GC(197) User=0.05s Sys=0.00s Real=0.03s
[99.680s][info][gc,marking  ] GC(194) Concurrent Rebuild Remembered Sets and Scrub Regions 780.805ms
[99.680s][info][gc,start    ] GC(194) Pause Cleanup
[99.680s][info][gc          ] GC(194) Pause Cleanup 847M->847M(978M) 0.114ms
[99.680s][info][gc,cpu      ] GC(194) User=0.00s Sys=0.00s Real=0.00s
[99.680s][info][gc,marking  ] GC(194) Concurrent Clear Claimed Marks
[99.680s][info][gc,marking  ] GC(194) Concurrent Clear Claimed Marks 0.028ms
[99.680s][info][gc,marking  ] GC(194) Concurrent Cleanup for Next Mark
[99.683s][info][gc,marking  ] GC(194) Concurrent Cleanup for Next Mark 2.933ms
[99.683s][info][gc          ] GC(194) Concurrent Mark Cycle 3022.047ms
[99.814s][info][gc,start    ] GC(198) Pause Young (Prepare Mixed) (G1 Evacuation Pause)
[99.814s][info][gc,task     ] GC(198) Using 2 workers of 2 for evacuation
[99.845s][info][gc,phases   ] GC(198)   Pre Evacuate Collection Set: 0.54ms
[99.845s][info][gc,phases   ] GC(198)   Merge Heap Roots: 0.31ms
[99.845s][info][gc,phases   ] GC(198)   Evacuate Collection Set: 29.23ms
[99.845s][info][gc,phases   ] GC(198)   Post Evacuate Collection Set: 0.58ms
[99.845s][info][gc,phases   ] GC(198)   Other: 0.12ms
[99.845s][info][gc,heap     ] GC(198) Eden regions: 294->0(281)
[99.845s][info][gc,heap     ] GC(198) Survivor regions: 13->21(39)
[99.845s][info][gc,heap     ] GC(198) Old regions: 597->597
[99.845s][info][gc,heap     ] GC(198) Humongous regions: 8->8
[99.845s][info][gc,metaspace] GC(198) Metaspace: 17740K(17856K)->17740K(17856K) NonClass: 15921K(16000K)->15921K(16000K) Class: 1818K(1856K)->1818K(1856K)
[99.845s][info][gc          ] GC(198) Pause Young (Prepare Mixed) (G1 Evacuation Pause) 911M->625M(978M) 31.067ms
[99.845s][info][gc,cpu      ] GC(198) User=0.06s Sys=0.00s Real=0.03s
[100.453s][info][gc,start    ] GC(199) Pause Young (Mixed) (G1 Evacuation Pause)
[100.453s][info][gc,task     ] GC(199) Using 2 workers of 2 for evacuation
[100.526s][info][gc,phases   ] GC(199)   Pre Evacuate Collection Set: 0.55ms
[100.526s][info][gc,phases   ] GC(199)   Merge Heap Roots: 0.64ms
[100.526s][info][gc,phases   ] GC(199)   Evacuate Collection Set: 70.80ms
[100.526s][info][gc,phases   ] GC(199)   Post Evacuate Collection Set: 0.63ms
[100.526s][info][gc,phases   ] GC(199)   Other: 0.12ms
[100.526s][info][gc,heap     ] GC(199) Eden regions: 281->0(252)
[100.526s][info][gc,heap     ] GC(199) Survivor regions: 21->34(38)
[100.526s][info][gc,heap     ] GC(199) Old regions: 597->600
[100.526s][info][gc,heap     ] GC(199) Humongous regions: 8->8
[100.526s][info][gc,metaspace] GC(199) Metaspace: 17760K(17856K)->17760K(17856K) NonClass: 15941K(16000K)->15941K(16000K) Class: 1818K(1856K)->1818K(1856K)
[100.526s][info][gc          ] GC(199) Pause Young (Mixed) (G1 Evacuation Pause) 906M->641M(978M) 73.014ms
[100.526s][info][gc,cpu      ] GC(199) User=0.14s Sys=0.00s Real=0.07s
[101.154s][info][gc,start    ] GC(200) Pause Young (Concurrent Start) (G1 Evacuation Pause)
[101.154s][info][gc,task     ] GC(200) Using 2 workers of 2 for evacuation
[101.195s][info][gc,phases   ] GC(200)   Pre Evacuate Collection Set: 0.37ms
[101.195s][info][gc,phases   ] GC(200)   Merge Heap Roots: 0.26ms
[101.195s][info][gc,phases   ] GC(200)   Evacuate Collection Set: 40.27ms
[101.195s][info][gc,phases   ] GC(200)   Post Evacuate Collection Set: 0.53ms
[101.195s][info][gc,phases   ] GC(200)   Other: 0.14ms
[101.195s][info][gc,heap     ] GC(200) Eden regions: 252->0(284)
[101.195s][info][gc,heap     ] GC(200) Survivor regions: 34->1(36)
[101.195s][info][gc,heap     ] GC(200) Old regions: 600->634
[101.195s][info][gc,heap     ] GC(200) Humongous regions: 8->8
[101.195s][info][gc,metaspace] GC(200) Metaspace: 17760K(17856K)->17760K(17856K) NonClass: 15941K(16000K)->15941K(16000K) Class: 1818K(1856K)->1818K(1856K)
[101.196s][info][gc          ] GC(200) Pause Young (Concurrent Start) (G1 Evacuation Pause) 893M->642M(978M) 41.789ms
[101.196s][info][gc          ] GC(201) Concurrent Mark Cycle
[101.196s][info][gc,marking  ] GC(201) Concurrent Scan Root Regions
[101.198s][info][gc,cpu      ] GC(200) User=0.09s Sys=0.00s Real=0.04s
[101.248s][info][gc,marking  ] GC(201) Concurrent Scan Root Regions 52.436ms
[101.248s][info][gc,marking  ] GC(201) Concurrent Mark
[101.248s][info][gc,marking  ] GC(201) Concurrent Mark From Roots
[101.248s][info][gc,task     ] GC(201) Using 1 workers of 1 for marking
[103.036s][info][gc,marking  ] GC(201) Concurrent Mark From Roots 1787.538ms
[103.036s][info][gc,marking  ] GC(201) Concurrent Preclean
[103.036s][info][gc,marking  ] GC(201) Concurrent Preclean 0.031ms
[103.036s][info][gc,start    ] GC(201) Pause Remark
[103.043s][info][gc          ] GC(201) Pause Remark 739M->738M(978M) 7.589ms
[103.044s][info][gc,cpu      ] GC(201) User=0.01s Sys=0.00s Real=0.01s
[103.044s][info][gc,marking  ] GC(201) Concurrent Mark 1795.496ms
[103.044s][info][gc,marking  ] GC(201) Concurrent Rebuild Remembered Sets and Scrub Regions
[103.532s][info][gc,marking  ] GC(201) Concurrent Rebuild Remembered Sets and Scrub Regions 488.754ms
[103.533s][info][gc,start    ] GC(201) Pause Cleanup
[103.533s][info][gc          ] GC(201) Pause Cleanup 783M->783M(978M) 0.135ms
[103.533s][info][gc,cpu      ] GC(201) User=0.00s Sys=0.00s Real=0.01s
[103.533s][info][gc,marking  ] GC(201) Concurrent Clear Claimed Marks
[103.533s][info][gc,marking  ] GC(201) Concurrent Clear Claimed Marks 0.029ms
[103.533s][info][gc,marking  ] GC(201) Concurrent Cleanup for Next Mark
[103.536s][info][gc,marking  ] GC(201) Concurrent Cleanup for Next Mark 2.961ms
[103.536s][info][gc          ] GC(201) Concurrent Mark Cycle 2340.217ms
[104.486s][info][gc,start    ] GC(202) Pause Young (Prepare Mixed) (G1 Evacuation Pause)
[104.486s][info][gc,task     ] GC(202) Using 2 workers of 2 for evacuation
[104.493s][info][gc,phases   ] GC(202)   Pre Evacuate Collection Set: 0.33ms
[104.493s][info][gc,phases   ] GC(202)   Merge Heap Roots: 0.21ms
[104.493s][info][gc,phases   ] GC(202)   Evacuate Collection Set: 5.45ms
[104.493s][info][gc,phases   ] GC(202)   Post Evacuate Collection Set: 0.55ms
[104.493s][info][gc,phases   ] GC(202)   Other: 0.12ms
[104.493s][info][gc,heap     ] GC(202) Eden regions: 284->0(281)
[104.493s][info][gc,heap     ] GC(202) Survivor regions: 1->3(36)
[104.493s][info][gc,heap     ] GC(202) Old regions: 634->634
[104.493s][info][gc,heap     ] GC(202) Humongous regions: 7->7
[104.493s][info][gc,metaspace] GC(202) Metaspace: 17899K(18048K)->17899K(18048K) NonClass: 16072K(16192K)->16072K(16192K) Class: 1827K(1856K)->1827K(1856K)
[104.493s][info][gc          ] GC(202) Pause Young (Prepare Mixed) (G1 Evacuation Pause) 925M->643M(978M) 6.885ms
[104.493s][info][gc,cpu      ] GC(202) User=0.02s Sys=0.00s Real=0.01s
[105.548s][info][gc,start    ] GC(203) Pause Young (Mixed) (G1 Evacuation Pause)
[105.548s][info][gc,task     ] GC(203) Using 2 workers of 2 for evacuation
[105.578s][info][gc,phases   ] GC(203)   Pre Evacuate Collection Set: 0.52ms
[105.578s][info][gc,phases   ] GC(203)   Merge Heap Roots: 0.89ms
[105.578s][info][gc,phases   ] GC(203)   Evacuate Collection Set: 27.29ms
[105.578s][info][gc,phases   ] GC(203)   Post Evacuate Collection Set: 0.63ms
[105.578s][info][gc,phases   ] GC(203)   Other: 0.11ms
[105.578s][info][gc,heap     ] GC(203) Eden regions: 281->0(287)
[105.578s][info][gc,heap     ] GC(203) Survivor regions: 3->3(36)
[105.578s][info][gc,heap     ] GC(203) Old regions: 634->628
[105.578s][info][gc,heap     ] GC(203) Humongous regions: 7->7
[105.578s][info][gc,metaspace] GC(203) Metaspace: 18019K(18176K)->18019K(18176K) NonClass: 16191K(16320K)->16191K(16320K) Class: 1828K(1856K)->1828K(1856K)
[105.578s][info][gc          ] GC(203) Pause Young (Mixed) (G1 Evacuation Pause) 924M->638M(978M) 29.690ms
[105.578s][info][gc,cpu      ] GC(203) User=0.06s Sys=0.00s Real=0.03s
[106.207s][info][gc,start    ] GC(204) Pause Young (Concurrent Start) (G1 Evacuation Pause)
[106.207s][info][gc,task     ] GC(204) Using 2 workers of 2 for evacuation
[106.301s][info][gc,phases   ] GC(204)   Pre Evacuate Collection Set: 0.37ms
[106.301s][info][gc,phases   ] GC(204)   Merge Heap Roots: 0.14ms
[106.301s][info][gc,phases   ] GC(204)   Evacuate Collection Set: 84.45ms
[106.301s][info][gc,phases   ] GC(204)   Post Evacuate Collection Set: 9.29ms
[106.301s][info][gc,phases   ] GC(204)   Other: 0.14ms
[106.301s][info][gc,heap     ] GC(204) Eden regions: 287->0(108)
[106.301s][info][gc,heap     ] GC(204) Survivor regions: 3->37(37)
[106.301s][info][gc,heap     ] GC(204) Old regions: 628->739
[106.301s][info][gc,heap     ] GC(204) Humongous regions: 7->7
[106.301s][info][gc,metaspace] GC(204) Metaspace: 18119K(18240K)->18119K(18240K) NonClass: 16291K(16384K)->16291K(16384K) Class: 1828K(1856K)->1828K(1856K)
[106.301s][info][gc          ] GC(204) Pause Young (Concurrent Start) (G1 Evacuation Pause) (Evacuation Failure: Allocation) 925M->783M(978M) 94.639ms
[106.302s][info][gc          ] GC(205) Concurrent Mark Cycle
[106.302s][info][gc,marking  ] GC(205) Concurrent Scan Root Regions
[106.304s][info][gc,cpu      ] GC(204) User=0.19s Sys=0.00s Real=0.10s
[106.368s][info][gc,marking  ] GC(205) Concurrent Scan Root Regions 66.072ms
[106.368s][info][gc,marking  ] GC(205) Concurrent Mark
[106.368s][info][gc,marking  ] GC(205) Concurrent Mark From Roots
[106.368s][info][gc,task     ] GC(205) Using 1 workers of 1 for marking
[106.526s][info][gc,start    ] GC(206) Pause Young (Normal) (G1 Evacuation Pause)
[106.526s][info][gc,task     ] GC(206) Using 2 workers of 2 for evacuation
[106.627s][info][gc,phases   ] GC(206)   Pre Evacuate Collection Set: 0.39ms
[106.627s][info][gc,phases   ] GC(206)   Merge Heap Roots: 0.43ms
[106.627s][info][gc,phases   ] GC(206)   Evacuate Collection Set: 98.01ms
[106.627s][info][gc,phases   ] GC(206)   Post Evacuate Collection Set: 2.03ms
[106.627s][info][gc,phases   ] GC(206)   Other: 0.11ms
[106.627s][info][gc,heap     ] GC(206) Eden regions: 108->0(153)
[106.627s][info][gc,heap     ] GC(206) Survivor regions: 37->19(19)
[106.627s][info][gc,heap     ] GC(206) Old regions: 739->730
[106.627s][info][gc,heap     ] GC(206) Humongous regions: 7->7
[106.627s][info][gc,metaspace] GC(206) Metaspace: 18119K(18240K)->18119K(18240K) NonClass: 16291K(16384K)->16291K(16384K) Class: 1828K(1856K)->1828K(1856K)
[106.627s][info][gc          ] GC(206) Pause Young (Normal) (G1 Evacuation Pause) (Evacuation Failure: Allocation) 891M->756M(978M) 101.241ms
[106.627s][info][gc,cpu      ] GC(206) User=0.20s Sys=0.00s Real=0.10s
[107.054s][info][gc,start    ] GC(207) Pause Young (Normal) (G1 Evacuation Pause)
[107.054s][info][gc,task     ] GC(207) Using 2 workers of 2 for evacuation
[107.148s][info][gc,phases   ] GC(207)   Pre Evacuate Collection Set: 0.55ms
[107.148s][info][gc,phases   ] GC(207)   Merge Heap Roots: 0.28ms
[107.148s][info][gc,phases   ] GC(207)   Evacuate Collection Set: 87.67ms
[107.148s][info][gc,phases   ] GC(207)   Post Evacuate Collection Set: 5.95ms
[107.148s][info][gc,phases   ] GC(207)   Other: 0.11ms
[107.148s][info][gc,heap     ] GC(207) Eden regions: 153->0(66)
[107.148s][info][gc,heap     ] GC(207) Survivor regions: 19->22(22)
[107.148s][info][gc,heap     ] GC(207) Old regions: 730->811
[107.148s][info][gc,heap     ] GC(207) Humongous regions: 7->7
[107.148s][info][gc,metaspace] GC(207) Metaspace: 18121K(18240K)->18121K(18240K) NonClass: 16292K(16384K)->16292K(16384K) Class: 1828K(1856K)->1828K(1856K)
[107.149s][info][gc          ] GC(207) Pause Young (Normal) (G1 Evacuation Pause) (Evacuation Failure: Allocation) 909M->840M(978M) 94.797ms
[107.149s][info][gc,cpu      ] GC(207) User=0.19s Sys=0.00s Real=0.09s
[107.423s][info][gc,start    ] GC(208) Pause Young (Normal) (G1 Evacuation Pause)
[107.423s][info][gc,task     ] GC(208) Using 2 workers of 2 for evacuation
[107.512s][info][gc,phases   ] GC(208)   Pre Evacuate Collection Set: 0.36ms
[107.512s][info][gc,phases   ] GC(208)   Merge Heap Roots: 0.77ms
[107.512s][info][gc,phases   ] GC(208)   Evacuate Collection Set: 87.31ms
[107.512s][info][gc,phases   ] GC(208)   Post Evacuate Collection Set: 0.85ms
[107.512s][info][gc,phases   ] GC(208)   Other: 0.09ms
[107.512s][info][gc,heap     ] GC(208) Eden regions: 66->0(97)
[107.512s][info][gc,heap     ] GC(208) Survivor regions: 22->11(11)
[107.512s][info][gc,heap     ] GC(208) Old regions: 811->801
[107.512s][info][gc,heap     ] GC(208) Humongous regions: 8->8
[107.512s][info][gc,metaspace] GC(208) Metaspace: 18131K(18240K)->18131K(18240K) NonClass: 16303K(16384K)->16303K(16384K) Class: 1828K(1856K)->1828K(1856K)
[107.512s][info][gc          ] GC(208) Pause Young (Normal) (G1 Evacuation Pause) 907M->820M(978M) 89.705ms
[107.512s][info][gc,cpu      ] GC(208) User=0.18s Sys=0.00s Real=0.08s
[107.793s][info][gc,start    ] GC(209) Pause Young (Normal) (G1 Evacuation Pause)
[107.793s][info][gc,task     ] GC(209) Using 2 workers of 2 for evacuation
[107.859s][info][gc,phases   ] GC(209)   Pre Evacuate Collection Set: 0.33ms
[107.859s][info][gc,phases   ] GC(209)   Merge Heap Roots: 0.86ms
[107.859s][info][gc,phases   ] GC(209)   Evacuate Collection Set: 64.65ms
[107.859s][info][gc,phases   ] GC(209)   Post Evacuate Collection Set: 0.37ms
[107.859s][info][gc,phases   ] GC(209)   Other: 0.09ms
[107.859s][info][gc,heap     ] GC(209) Eden regions: 97->0(78)
[107.859s][info][gc,heap     ] GC(209) Survivor regions: 11->14(14)
[107.859s][info][gc,heap     ] GC(209) Old regions: 801->813
[107.859s][info][gc,heap     ] GC(209) Humongous regions: 9->9
[107.859s][info][gc,metaspace] GC(209) Metaspace: 18162K(18304K)->18162K(18304K) NonClass: 16334K(16448K)->16334K(16448K) Class: 1828K(1856K)->1828K(1856K)
[107.859s][info][gc          ] GC(209) Pause Young (Normal) (G1 Evacuation Pause) 918M->835M(978M) 66.621ms
[107.859s][info][gc,cpu      ] GC(209) User=0.13s Sys=0.00s Real=0.06s
[108.015s][info][gc,start    ] GC(210) Pause Young (Normal) (G1 Evacuation Pause)
[108.015s][info][gc,task     ] GC(210) Using 2 workers of 2 for evacuation
[108.065s][info][gc,phases   ] GC(210)   Pre Evacuate Collection Set: 0.31ms
[108.065s][info][gc,phases   ] GC(210)   Merge Heap Roots: 0.27ms
[108.065s][info][gc,phases   ] GC(210)   Evacuate Collection Set: 49.00ms
[108.065s][info][gc,phases   ] GC(210)   Post Evacuate Collection Set: 0.45ms
[108.065s][info][gc,phases   ] GC(210)   Other: 0.09ms
[108.065s][info][gc,heap     ] GC(210) Eden regions: 78->0(66)
[108.065s][info][gc,heap     ] GC(210) Survivor regions: 14->12(12)
[108.065s][info][gc,heap     ] GC(210) Old regions: 813->827
[108.065s][info][gc,heap     ] GC(210) Humongous regions: 11->11
[108.065s][info][gc,metaspace] GC(210) Metaspace: 18162K(18304K)->18162K(18304K) NonClass: 16334K(16448K)->16334K(16448K) Class: 1828K(1856K)->1828K(1856K)
[108.065s][info][gc          ] GC(210) Pause Young (Normal) (G1 Evacuation Pause) 915M->850M(978M) 50.410ms
[108.065s][info][gc,cpu      ] GC(210) User=0.10s Sys=0.00s Real=0.05s
[108.196s][info][gc,start    ] GC(211) Pause Young (Normal) (G1 Evacuation Pause)
[108.196s][info][gc,task     ] GC(211) Using 2 workers of 2 for evacuation
[108.247s][info][gc,phases   ] GC(211)   Pre Evacuate Collection Set: 0.51ms
[108.247s][info][gc,phases   ] GC(211)   Merge Heap Roots: 0.41ms
[108.247s][info][gc,phases   ] GC(211)   Evacuate Collection Set: 49.80ms
[108.247s][info][gc,phases   ] GC(211)   Post Evacuate Collection Set: 0.44ms
[108.247s][info][gc,phases   ] GC(211)   Other: 0.09ms
[108.247s][info][gc,heap     ] GC(211) Eden regions: 66->0(56)
[108.247s][info][gc,heap     ] GC(211) Survivor regions: 12->10(10)
[108.247s][info][gc,heap     ] GC(211) Old regions: 827->841
[108.247s][info][gc,heap     ] GC(211) Humongous regions: 11->11
[108.247s][info][gc,metaspace] GC(211) Metaspace: 18162K(18304K)->18162K(18304K) NonClass: 16334K(16448K)->16334K(16448K) Class: 1828K(1856K)->1828K(1856K)
[108.247s][info][gc          ] GC(211) Pause Young (Normal) (G1 Evacuation Pause) 916M->862M(978M) 51.554ms
[108.247s][info][gc,cpu      ] GC(211) User=0.10s Sys=0.00s Real=0.05s
[108.348s][info][gc,start    ] GC(212) Pause Young (Normal) (G1 Evacuation Pause)
[108.348s][info][gc,task     ] GC(212) Using 2 workers of 2 for evacuation
[108.364s][info][gc,phases   ] GC(212)   Pre Evacuate Collection Set: 0.29ms
[108.364s][info][gc,phases   ] GC(212)   Merge Heap Roots: 0.12ms
[108.364s][info][gc,phases   ] GC(212)   Evacuate Collection Set: 14.93ms
[108.364s][info][gc,phases   ] GC(212)   Post Evacuate Collection Set: 0.37ms
[108.364s][info][gc,phases   ] GC(212)   Other: 0.10ms
[108.364s][info][gc,heap     ] GC(212) Eden regions: 56->0(59)
[108.364s][info][gc,heap     ] GC(212) Survivor regions: 10->3(9)
[108.364s][info][gc,heap     ] GC(212) Old regions: 841->852
[108.364s][info][gc,heap     ] GC(212) Humongous regions: 11->11
[108.364s][info][gc,metaspace] GC(212) Metaspace: 18162K(18304K)->18162K(18304K) NonClass: 16334K(16448K)->16334K(16448K) Class: 1828K(1856K)->1828K(1856K)
[108.364s][info][gc          ] GC(212) Pause Young (Normal) (G1 Evacuation Pause) 918M->865M(978M) 16.087ms
[108.364s][info][gc,cpu      ] GC(212) User=0.03s Sys=0.00s Real=0.02s
[108.513s][info][gc,start    ] GC(213) Pause Young (Normal) (G1 Evacuation Pause)
[108.513s][info][gc,task     ] GC(213) Using 2 workers of 2 for evacuation
[108.518s][info][gc,phases   ] GC(213)   Pre Evacuate Collection Set: 0.55ms
[108.518s][info][gc,phases   ] GC(213)   Merge Heap Roots: 0.08ms
[108.518s][info][gc,phases   ] GC(213)   Evacuate Collection Set: 4.36ms
[108.518s][info][gc,phases   ] GC(213)   Post Evacuate Collection Set: 0.34ms
[108.518s][info][gc,phases   ] GC(213)   Other: 0.13ms
[108.518s][info][gc,heap     ] GC(213) Eden regions: 59->0(59)
[108.518s][info][gc,heap     ] GC(213) Survivor regions: 3->3(8)
[108.518s][info][gc,heap     ] GC(213) Old regions: 852->852
[108.518s][info][gc,heap     ] GC(213) Humongous regions: 11->11
[108.518s][info][gc,metaspace] GC(213) Metaspace: 18162K(18304K)->18162K(18304K) NonClass: 16334K(16448K)->16334K(16448K) Class: 1828K(1856K)->1828K(1856K)
[108.518s][info][gc          ] GC(213) Pause Young (Normal) (G1 Evacuation Pause) 924M->865M(978M) 5.706ms
[108.518s][info][gc,cpu      ] GC(213) User=0.01s Sys=0.00s Real=0.00s
[108.655s][info][gc,start    ] GC(214) Pause Young (Normal) (G1 Evacuation Pause)
[108.655s][info][gc,task     ] GC(214) Using 2 workers of 2 for evacuation
[108.665s][info][gc,phases   ] GC(214)   Pre Evacuate Collection Set: 0.31ms
[108.665s][info][gc,phases   ] GC(214)   Merge Heap Roots: 0.12ms
[108.665s][info][gc,phases   ] GC(214)   Evacuate Collection Set: 9.46ms
[108.665s][info][gc,phases   ] GC(214)   Post Evacuate Collection Set: 0.35ms
[108.665s][info][gc,phases   ] GC(214)   Other: 0.09ms
[108.665s][info][gc,heap     ] GC(214) Eden regions: 59->0(51)
[108.665s][info][gc,heap     ] GC(214) Survivor regions: 3->7(8)
[108.665s][info][gc,heap     ] GC(214) Old regions: 852->852
[108.665s][info][gc,heap     ] GC(214) Humongous regions: 11->11
[108.665s][info][gc,metaspace] GC(214) Metaspace: 18171K(18304K)->18171K(18304K) NonClass: 16343K(16448K)->16343K(16448K) Class: 1828K(1856K)->1828K(1856K)
[108.665s][info][gc          ] GC(214) Pause Young (Normal) (G1 Evacuation Pause) 924M->869M(978M) 10.624ms
[108.665s][info][gc,cpu      ] GC(214) User=0.02s Sys=0.00s Real=0.01s
[108.711s][info][gc,start    ] GC(215) Pause Young (Normal) (G1 Evacuation Pause)
[108.711s][info][gc,task     ] GC(215) Using 2 workers of 2 for evacuation
[108.729s][info][gc,phases   ] GC(215)   Pre Evacuate Collection Set: 0.56ms
[108.729s][info][gc,phases   ] GC(215)   Merge Heap Roots: 0.14ms
[108.729s][info][gc,phases   ] GC(215)   Evacuate Collection Set: 16.62ms
[108.729s][info][gc,phases   ] GC(215)   Post Evacuate Collection Set: 0.36ms
[108.729s][info][gc,phases   ] GC(215)   Other: 0.10ms
[108.729s][info][gc,heap     ] GC(215) Eden regions: 51->0(45)
[108.729s][info][gc,heap     ] GC(215) Survivor regions: 7->8(8)
[108.729s][info][gc,heap     ] GC(215) Old regions: 852->856
[108.729s][info][gc,heap     ] GC(215) Humongous regions: 11->11
[108.729s][info][gc,metaspace] GC(215) Metaspace: 18171K(18304K)->18171K(18304K) NonClass: 16343K(16448K)->16343K(16448K) Class: 1828K(1856K)->1828K(1856K)
[108.729s][info][gc          ] GC(215) Pause Young (Normal) (G1 Evacuation Pause) 920M->874M(978M) 18.029ms
[108.729s][info][gc,cpu      ] GC(215) User=0.03s Sys=0.00s Real=0.02s
[108.812s][info][gc,start    ] GC(216) Pause Young (Normal) (G1 Evacuation Pause)
[108.812s][info][gc,task     ] GC(216) Using 2 workers of 2 for evacuation
[108.826s][info][gc,phases   ] GC(216)   Pre Evacuate Collection Set: 0.55ms
[108.826s][info][gc,phases   ] GC(216)   Merge Heap Roots: 0.14ms
[108.826s][info][gc,phases   ] GC(216)   Evacuate Collection Set: 13.16ms
[108.826s][info][gc,phases   ] GC(216)   Post Evacuate Collection Set: 0.33ms
[108.826s][info][gc,phases   ] GC(216)   Other: 0.09ms
[108.826s][info][gc,heap     ] GC(216) Eden regions: 45->0(49)
[108.826s][info][gc,heap     ] GC(216) Survivor regions: 8->2(7)
[108.826s][info][gc,heap     ] GC(216) Old regions: 856->864
[108.826s][info][gc,heap     ] GC(216) Humongous regions: 11->11
[108.826s][info][gc,metaspace] GC(216) Metaspace: 18171K(18304K)->18171K(18304K) NonClass: 16343K(16448K)->16343K(16448K) Class: 1828K(1856K)->1828K(1856K)
[108.826s][info][gc          ] GC(216) Pause Young (Normal) (G1 Evacuation Pause) 919M->877M(978M) 14.542ms
[108.826s][info][gc,cpu      ] GC(216) User=0.02s Sys=0.00s Real=0.02s
[108.920s][info][gc,start    ] GC(217) Pause Young (Normal) (G1 Evacuation Pause)
[108.920s][info][gc,task     ] GC(217) Using 2 workers of 2 for evacuation
[108.923s][info][gc,phases   ] GC(217)   Pre Evacuate Collection Set: 0.33ms
[108.923s][info][gc,phases   ] GC(217)   Merge Heap Roots: 0.09ms
[108.923s][info][gc,phases   ] GC(217)   Evacuate Collection Set: 2.67ms
[108.923s][info][gc,phases   ] GC(217)   Post Evacuate Collection Set: 0.32ms
[108.923s][info][gc,phases   ] GC(217)   Other: 0.12ms
[108.923s][info][gc,heap     ] GC(217) Eden regions: 49->0(49)
[108.923s][info][gc,heap     ] GC(217) Survivor regions: 2->2(7)
[108.923s][info][gc,heap     ] GC(217) Old regions: 864->864
[108.923s][info][gc,heap     ] GC(217) Humongous regions: 11->11
[108.923s][info][gc,metaspace] GC(217) Metaspace: 18171K(18304K)->18171K(18304K) NonClass: 16343K(16448K)->16343K(16448K) Class: 1828K(1856K)->1828K(1856K)
[108.923s][info][gc          ] GC(217) Pause Young (Normal) (G1 Evacuation Pause) 926M->876M(978M) 3.849ms
[108.923s][info][gc,cpu      ] GC(217) User=0.01s Sys=0.00s Real=0.01s
[109.044s][info][gc,start    ] GC(218) Pause Young (Normal) (G1 Evacuation Pause)
[109.044s][info][gc,task     ] GC(218) Using 2 workers of 2 for evacuation
[109.048s][info][gc,phases   ] GC(218)   Pre Evacuate Collection Set: 0.35ms
[109.048s][info][gc,phases   ] GC(218)   Merge Heap Roots: 0.11ms
[109.048s][info][gc,phases   ] GC(218)   Evacuate Collection Set: 3.09ms
[109.048s][info][gc,phases   ] GC(218)   Post Evacuate Collection Set: 0.29ms
[109.048s][info][gc,phases   ] GC(218)   Other: 0.12ms
[109.048s][info][gc,heap     ] GC(218) Eden regions: 49->0(49)
[109.048s][info][gc,heap     ] GC(218) Survivor regions: 2->2(7)
[109.048s][info][gc,heap     ] GC(218) Old regions: 864->864
[109.048s][info][gc,heap     ] GC(218) Humongous regions: 11->11
[109.048s][info][gc,metaspace] GC(218) Metaspace: 18171K(18304K)->18171K(18304K) NonClass: 16343K(16448K)->16343K(16448K) Class: 1828K(1856K)->1828K(1856K)
[109.048s][info][gc          ] GC(218) Pause Young (Normal) (G1 Evacuation Pause) 925M->876M(978M) 4.195ms
[109.048s][info][gc,cpu      ] GC(218) User=0.01s Sys=0.00s Real=0.00s
[109.114s][info][gc,marking  ] GC(205) Concurrent Mark From Roots 2745.907ms
[109.114s][info][gc,marking  ] GC(205) Concurrent Preclean
[109.114s][info][gc,marking  ] GC(205) Concurrent Preclean 0.033ms
[109.114s][info][gc,start    ] GC(205) Pause Remark
[109.126s][info][metaspace   ] ChkMgr @0x00007fdd6c15e580 (non-class-space): : reclaiming memory...
[109.126s][info][metaspace   ] ChkMgr @0x00007fdd6c15e580 (non-class-space): nothing reclaimed.
[109.126s][info][metaspace   ] ChkMgr @0x00007fdd6c15c690 (class-space): : reclaiming memory...
[109.126s][info][metaspace   ] ChkMgr @0x00007fdd6c15c690 (class-space): nothing reclaimed.
[109.126s][info][gc          ] GC(205) Pause Remark 902M->865M(978M) 12.556ms
[109.126s][info][gc,cpu      ] GC(205) User=0.02s Sys=0.00s Real=0.01s
[109.129s][info][gc,marking  ] GC(205) Concurrent Mark 2760.943ms
[109.129s][info][gc,marking  ] GC(205) Concurrent Rebuild Remembered Sets and Scrub Regions
[109.170s][info][gc,start    ] GC(219) Pause Young (Normal) (G1 Evacuation Pause)
[109.170s][info][gc,task     ] GC(219) Using 2 workers of 2 for evacuation
[109.174s][info][gc,phases   ] GC(219)   Pre Evacuate Collection Set: 0.55ms
[109.174s][info][gc,phases   ] GC(219)   Merge Heap Roots: 0.10ms
[109.174s][info][gc,phases   ] GC(219)   Evacuate Collection Set: 3.11ms
[109.174s][info][gc,phases   ] GC(219)   Post Evacuate Collection Set: 0.34ms
[109.174s][info][gc,phases   ] GC(219)   Other: 0.13ms
[109.174s][info][gc,heap     ] GC(219) Eden regions: 49->0(86)
[109.174s][info][gc,heap     ] GC(219) Survivor regions: 2->2(7)
[109.175s][info][gc,heap     ] GC(219) Old regions: 829->829
[109.175s][info][gc,heap     ] GC(219) Humongous regions: 9->9
[109.175s][info][gc,metaspace] GC(219) Metaspace: 18166K(18304K)->18166K(18304K) NonClass: 16338K(16448K)->16338K(16448K) Class: 1828K(1856K)->1828K(1856K)
[109.175s][info][gc          ] GC(219) Pause Young (Normal) (G1 Evacuation Pause) 888M->839M(978M) 4.501ms
[109.175s][info][gc,cpu      ] GC(219) User=0.00s Sys=0.00s Real=0.01s
[109.346s][info][gc,start    ] GC(220) Pause Young (Normal) (G1 Evacuation Pause)
[109.346s][info][gc,task     ] GC(220) Using 2 workers of 2 for evacuation
[109.351s][info][gc,phases   ] GC(220)   Pre Evacuate Collection Set: 0.31ms
[109.351s][info][gc,phases   ] GC(220)   Merge Heap Roots: 0.12ms
[109.351s][info][gc,phases   ] GC(220)   Evacuate Collection Set: 4.40ms
[109.351s][info][gc,phases   ] GC(220)   Post Evacuate Collection Set: 0.35ms
[109.351s][info][gc,phases   ] GC(220)   Other: 0.09ms
[109.351s][info][gc,heap     ] GC(220) Eden regions: 86->0(86)
[109.351s][info][gc,heap     ] GC(220) Survivor regions: 2->2(11)
[109.351s][info][gc,heap     ] GC(220) Old regions: 829->829
[109.351s][info][gc,heap     ] GC(220) Humongous regions: 9->9
[109.351s][info][gc,metaspace] GC(220) Metaspace: 18166K(18304K)->18166K(18304K) NonClass: 16338K(16448K)->16338K(16448K) Class: 1828K(1856K)->1828K(1856K)
[109.351s][info][gc          ] GC(220) Pause Young (Normal) (G1 Evacuation Pause) 925M->839M(978M) 5.544ms
[109.351s][info][gc,cpu      ] GC(220) User=0.01s Sys=0.01s Real=0.00s
[109.457s][info][gc,start    ] GC(221) Pause Young (Normal) (G1 Evacuation Pause)
[109.457s][info][gc,task     ] GC(221) Using 2 workers of 2 for evacuation
[109.492s][info][gc,phases   ] GC(221)   Pre Evacuate Collection Set: 0.55ms
[109.492s][info][gc,phases   ] GC(221)   Merge Heap Roots: 0.20ms
[109.492s][info][gc,phases   ] GC(221)   Evacuate Collection Set: 33.62ms
[109.492s][info][gc,phases   ] GC(221)   Post Evacuate Collection Set: 0.53ms
[109.492s][info][gc,phases   ] GC(221)   Other: 0.12ms
[109.492s][info][gc,heap     ] GC(221) Eden regions: 86->0(53)
[109.492s][info][gc,heap     ] GC(221) Survivor regions: 2->11(11)
[109.492s][info][gc,heap     ] GC(221) Old regions: 829->844
[109.492s][info][gc,heap     ] GC(221) Humongous regions: 9->9
[109.492s][info][gc,metaspace] GC(221) Metaspace: 18166K(18304K)->18166K(18304K) NonClass: 16338K(16448K)->16338K(16448K) Class: 1828K(1856K)->1828K(1856K)
[109.492s][info][gc          ] GC(221) Pause Young (Normal) (G1 Evacuation Pause) 925M->864M(978M) 35.262ms
[109.492s][info][gc,cpu      ] GC(221) User=0.07s Sys=0.00s Real=0.03s
[109.555s][info][gc,start    ] GC(222) Pause Young (Normal) (G1 Evacuation Pause)
[109.555s][info][gc,task     ] GC(222) Using 2 workers of 2 for evacuation
[109.592s][info][gc,phases   ] GC(222)   Pre Evacuate Collection Set: 0.57ms
[109.592s][info][gc,phases   ] GC(222)   Merge Heap Roots: 0.33ms
[109.592s][info][gc,phases   ] GC(222)   Evacuate Collection Set: 35.53ms
[109.592s][info][gc,phases   ] GC(222)   Post Evacuate Collection Set: 0.56ms
[109.592s][info][gc,phases   ] GC(222)   Other: 0.12ms
[109.592s][info][gc,heap     ] GC(222) Eden regions: 53->0(43)
[109.592s][info][gc,heap     ] GC(222) Survivor regions: 11->8(8)
[109.592s][info][gc,heap     ] GC(222) Old regions: 844->860
[109.592s][info][gc,heap     ] GC(222) Humongous regions: 9->9
[109.592s][info][gc,metaspace] GC(222) Metaspace: 18166K(18304K)->18166K(18304K) NonClass: 16338K(16448K)->16338K(16448K) Class: 1828K(1856K)->1828K(1856K)
[109.592s][info][gc          ] GC(222) Pause Young (Normal) (G1 Evacuation Pause) 917M->876M(978M) 37.364ms
[109.592s][info][gc,cpu      ] GC(222) User=0.07s Sys=0.00s Real=0.03s
[109.649s][info][gc,start    ] GC(223) Pause Young (Normal) (G1 Evacuation Pause)
[109.649s][info][gc,task     ] GC(223) Using 2 workers of 2 for evacuation
[109.682s][info][gc,phases   ] GC(223)   Pre Evacuate Collection Set: 0.55ms
[109.682s][info][gc,phases   ] GC(223)   Merge Heap Roots: 0.39ms
[109.682s][info][gc,phases   ] GC(223)   Evacuate Collection Set: 31.04ms
[109.682s][info][gc,phases   ] GC(223)   Post Evacuate Collection Set: 0.53ms
[109.682s][info][gc,phases   ] GC(223)   Other: 0.10ms
[109.682s][info][gc,heap     ] GC(223) Eden regions: 43->0(41)
[109.682s][info][gc,heap     ] GC(223) Survivor regions: 8->7(7)
[109.682s][info][gc,heap     ] GC(223) Old regions: 860->870
[109.682s][info][gc,heap     ] GC(223) Humongous regions: 9->9
[109.682s][info][gc,metaspace] GC(223) Metaspace: 18166K(18304K)->18166K(18304K) NonClass: 16338K(16448K)->16338K(16448K) Class: 1828K(1856K)->1828K(1856K)
[109.682s][info][gc          ] GC(223) Pause Young (Normal) (G1 Evacuation Pause) 919M->885M(978M) 32.891ms
[109.682s][info][gc,cpu      ] GC(223) User=0.06s Sys=0.00s Real=0.03s
[109.738s][info][gc,start    ] GC(224) Pause Young (Normal) (G1 Evacuation Pause)
[109.738s][info][gc,task     ] GC(224) Using 2 workers of 2 for evacuation
[109.770s][info][gc,phases   ] GC(224)   Pre Evacuate Collection Set: 0.54ms
[109.770s][info][gc,phases   ] GC(224)   Merge Heap Roots: 0.36ms
[109.770s][info][gc,phases   ] GC(224)   Evacuate Collection Set: 29.83ms
[109.770s][info][gc,phases   ] GC(224)   Post Evacuate Collection Set: 0.53ms
[109.770s][info][gc,phases   ] GC(224)   Other: 0.12ms
[109.770s][info][gc,heap     ] GC(224) Eden regions: 41->0(42)
[109.770s][info][gc,heap     ] GC(224) Survivor regions: 7->6(6)
[109.770s][info][gc,heap     ] GC(224) Old regions: 870->880
[109.770s][info][gc,heap     ] GC(224) Humongous regions: 9->9
[109.770s][info][gc,metaspace] GC(224) Metaspace: 18166K(18304K)->18166K(18304K) NonClass: 16338K(16448K)->16338K(16448K) Class: 1828K(1856K)->1828K(1856K)
[109.770s][info][gc          ] GC(224) Pause Young (Normal) (G1 Evacuation Pause) 926M->894M(978M) 31.598ms
[109.770s][info][gc,cpu      ] GC(224) User=0.06s Sys=0.00s Real=0.03s
[109.869s][info][gc,start    ] GC(225) Pause Young (Normal) (G1 Evacuation Pause)
[109.869s][info][gc,task     ] GC(225) Using 2 workers of 2 for evacuation
[109.900s][info][gc,phases   ] GC(225)   Pre Evacuate Collection Set: 0.31ms
[109.900s][info][gc,phases   ] GC(225)   Merge Heap Roots: 0.39ms
[109.900s][info][gc,phases   ] GC(225)   Evacuate Collection Set: 29.38ms
[109.900s][info][gc,phases   ] GC(225)   Post Evacuate Collection Set: 0.58ms
[109.900s][info][gc,phases   ] GC(225)   Other: 0.09ms
[109.900s][info][gc,heap     ] GC(225) Eden regions: 42->0(42)
[109.900s][info][gc,heap     ] GC(225) Survivor regions: 6->6(6)
[109.900s][info][gc,heap     ] GC(225) Old regions: 880->890
[109.900s][info][gc,heap     ] GC(225) Humongous regions: 9->9
[109.900s][info][gc,metaspace] GC(225) Metaspace: 18166K(18304K)->18166K(18304K) NonClass: 16338K(16448K)->16338K(16448K) Class: 1828K(1856K)->1828K(1856K)
[109.900s][info][gc          ] GC(225) Pause Young (Normal) (G1 Evacuation Pause) 936M->904M(978M) 31.034ms
[109.900s][info][gc,cpu      ] GC(225) User=0.06s Sys=0.00s Real=0.03s
[110.040s][info][gc,start    ] GC(226) Pause Young (Normal) (G1 Evacuation Pause)
[110.040s][info][gc,task     ] GC(226) Using 2 workers of 2 for evacuation
[110.066s][info][gc,phases   ] GC(226)   Pre Evacuate Collection Set: 0.57ms
[110.066s][info][gc,phases   ] GC(226)   Merge Heap Roots: 0.44ms
[110.066s][info][gc,phases   ] GC(226)   Evacuate Collection Set: 23.99ms
[110.066s][info][gc,phases   ] GC(226)   Post Evacuate Collection Set: 0.55ms
[110.066s][info][gc,phases   ] GC(226)   Other: 0.10ms
[110.066s][info][gc,heap     ] GC(226) Eden regions: 42->0(46)
[110.066s][info][gc,heap     ] GC(226) Survivor regions: 6->2(6)
[110.066s][info][gc,heap     ] GC(226) Old regions: 890->896
[110.066s][info][gc,heap     ] GC(226) Humongous regions: 9->9
[110.066s][info][gc,metaspace] GC(226) Metaspace: 18166K(18304K)->18166K(18304K) NonClass: 16338K(16448K)->16338K(16448K) Class: 1828K(1856K)->1828K(1856K)
[110.066s][info][gc          ] GC(226) Pause Young (Normal) (G1 Evacuation Pause) 946M->906M(978M) 25.899ms
[110.066s][info][gc,cpu      ] GC(226) User=0.05s Sys=0.00s Real=0.03s
[110.202s][info][gc,marking  ] GC(205) Concurrent Rebuild Remembered Sets and Scrub Regions 1073.445ms
[110.202s][info][gc,start    ] GC(205) Pause Cleanup
[110.202s][info][gc          ] GC(205) Pause Cleanup 945M->945M(978M) 0.186ms
[110.203s][info][gc,cpu      ] GC(205) User=0.00s Sys=0.00s Real=0.00s
[110.203s][info][gc,marking  ] GC(205) Concurrent Clear Claimed Marks
[110.203s][info][gc,marking  ] GC(205) Concurrent Clear Claimed Marks 0.038ms
[110.203s][info][gc,marking  ] GC(205) Concurrent Cleanup for Next Mark
[110.210s][info][gc,marking  ] GC(205) Concurrent Cleanup for Next Mark 6.576ms
[110.210s][info][gc          ] GC(205) Concurrent Mark Cycle 3908.205ms
[110.215s][info][gc,start    ] GC(227) Pause Young (Prepare Mixed) (G1 Evacuation Pause)
[110.215s][info][gc,task     ] GC(227) Using 2 workers of 2 for evacuation
[110.252s][info][gc,phases   ] GC(227)   Pre Evacuate Collection Set: 0.56ms
[110.252s][info][gc,phases   ] GC(227)   Merge Heap Roots: 0.52ms
[110.252s][info][gc,phases   ] GC(227)   Evacuate Collection Set: 35.53ms
[110.252s][info][gc,phases   ] GC(227)   Post Evacuate Collection Set: 0.58ms
[110.252s][info][gc,phases   ] GC(227)   Other: 0.10ms
[110.252s][info][gc,heap     ] GC(227) Eden regions: 46->0(42)
[110.252s][info][gc,heap     ] GC(227) Survivor regions: 2->6(6)
[110.252s][info][gc,heap     ] GC(227) Old regions: 896->901
[110.252s][info][gc,heap     ] GC(227) Humongous regions: 10->10
[110.252s][info][gc,metaspace] GC(227) Metaspace: 18166K(18304K)->18166K(18304K) NonClass: 16338K(16448K)->16338K(16448K) Class: 1828K(1856K)->1828K(1856K)
[110.252s][info][gc          ] GC(227) Pause Young (Prepare Mixed) (G1 Evacuation Pause) 953M->916M(978M) 37.505ms
[110.252s][info][gc,cpu      ] GC(227) User=0.07s Sys=0.00s Real=0.03s
[110.295s][info][gc,start    ] GC(228) Pause Young (Mixed) (G1 Evacuation Pause)
[110.295s][info][gc,task     ] GC(228) Using 2 workers of 2 for evacuation
[110.344s][info][gc,phases   ] GC(228)   Pre Evacuate Collection Set: 0.38ms
[110.345s][info][gc,phases   ] GC(228)   Merge Heap Roots: 0.79ms
[110.345s][info][gc,phases   ] GC(228)   Evacuate Collection Set: 47.51ms
[110.345s][info][gc,phases   ] GC(228)   Post Evacuate Collection Set: 0.68ms
[110.345s][info][gc,phases   ] GC(228)   Other: 0.09ms
[110.345s][info][gc,heap     ] GC(228) Eden regions: 42->0(44)
[110.345s][info][gc,heap     ] GC(228) Survivor regions: 6->4(6)
[110.345s][info][gc,heap     ] GC(228) Old regions: 901->832
[110.345s][info][gc,heap     ] GC(228) Humongous regions: 10->10
[110.345s][info][gc,metaspace] GC(228) Metaspace: 18166K(18304K)->18166K(18304K) NonClass: 16338K(16448K)->16338K(16448K) Class: 1828K(1856K)->1828K(1856K)
[110.345s][info][gc          ] GC(228) Pause Young (Mixed) (G1 Evacuation Pause) 958M->845M(978M) 49.762ms
[110.345s][info][gc,cpu      ] GC(228) User=0.10s Sys=0.00s Real=0.05s
[110.373s][info][gc,start    ] GC(229) Pause Young (Mixed) (G1 Evacuation Pause)
[110.373s][info][gc,task     ] GC(229) Using 2 workers of 2 for evacuation
[110.579s][info][gc,mmu      ] GC(229) MMU target violated: 201.0ms (200.0ms/201.0ms)
[110.579s][info][gc,phases   ] GC(229)   Pre Evacuate Collection Set: 0.31ms
[110.579s][info][gc,phases   ] GC(229)   Merge Heap Roots: 1.14ms
[110.579s][info][gc,phases   ] GC(229)   Evacuate Collection Set: 204.52ms
[110.579s][info][gc,phases   ] GC(229)   Post Evacuate Collection Set: 0.30ms
[110.579s][info][gc,phases   ] GC(229)   Other: 0.17ms
[110.579s][info][gc,heap     ] GC(229) Eden regions: 44->0(79)
[110.579s][info][gc,heap     ] GC(229) Survivor regions: 4->2(6)
[110.579s][info][gc,heap     ] GC(229) Old regions: 832->835
[110.579s][info][gc,heap     ] GC(229) Humongous regions: 10->10
[110.579s][info][gc,metaspace] GC(229) Metaspace: 18166K(18304K)->18166K(18304K) NonClass: 16338K(16448K)->16338K(16448K) Class: 1828K(1856K)->1828K(1856K)
[110.579s][info][gc          ] GC(229) Pause Young (Mixed) (G1 Evacuation Pause) 889M->846M(978M) 206.651ms
[110.579s][info][gc,cpu      ] GC(229) User=0.41s Sys=0.00s Real=0.20s
[110.627s][info][gc,start    ] GC(230) Pause Young (Concurrent Start) (G1 Evacuation Pause)
[110.627s][info][gc,task     ] GC(230) Using 2 workers of 2 for evacuation
[110.637s][info][gc,phases   ] GC(230)   Pre Evacuate Collection Set: 0.38ms
[110.637s][info][gc,phases   ] GC(230)   Merge Heap Roots: 0.11ms
[110.637s][info][gc,phases   ] GC(230)   Evacuate Collection Set: 8.93ms
[110.637s][info][gc,phases   ] GC(230)   Post Evacuate Collection Set: 0.38ms
[110.637s][info][gc,phases   ] GC(230)   Other: 0.23ms
[110.637s][info][gc,heap     ] GC(230) Eden regions: 79->0(69)
[110.637s][info][gc,heap     ] GC(230) Survivor regions: 2->7(11)
[110.637s][info][gc,heap     ] GC(230) Old regions: 835->835
[110.637s][info][gc,heap     ] GC(230) Humongous regions: 10->10
[110.637s][info][gc,metaspace] GC(230) Metaspace: 18166K(18304K)->18166K(18304K) NonClass: 16338K(16448K)->16338K(16448K) Class: 1828K(1856K)->1828K(1856K)
[110.637s][info][gc          ] GC(230) Pause Young (Concurrent Start) (G1 Evacuation Pause) 925M->851M(978M) 10.313ms
[110.637s][info][gc,cpu      ] GC(230) User=0.02s Sys=0.00s Real=0.01s
[110.637s][info][gc          ] GC(231) Concurrent Mark Cycle
[110.637s][info][gc,marking  ] GC(231) Concurrent Scan Root Regions
[110.652s][info][gc,marking  ] GC(231) Concurrent Scan Root Regions 14.587ms
[110.652s][info][gc,marking  ] GC(231) Concurrent Mark
[110.652s][info][gc,marking  ] GC(231) Concurrent Mark From Roots
[110.652s][info][gc,task     ] GC(231) Using 1 workers of 1 for marking
[110.707s][info][gc,start    ] GC(232) Pause Young (Normal) (G1 Evacuation Pause)
[110.707s][info][gc,task     ] GC(232) Using 2 workers of 2 for evacuation
[110.717s][info][gc,phases   ] GC(232)   Pre Evacuate Collection Set: 0.31ms
[110.717s][info][gc,phases   ] GC(232)   Merge Heap Roots: 0.09ms
[110.717s][info][gc,phases   ] GC(232)   Evacuate Collection Set: 9.37ms
[110.717s][info][gc,phases   ] GC(232)   Post Evacuate Collection Set: 0.35ms
[110.717s][info][gc,phases   ] GC(232)   Other: 0.11ms
[110.717s][info][gc,heap     ] GC(232) Eden regions: 69->0(69)
[110.717s][info][gc,heap     ] GC(232) Survivor regions: 7->6(10)
[110.717s][info][gc,heap     ] GC(232) Old regions: 835->837
[110.717s][info][gc,heap     ] GC(232) Humongous regions: 10->10
[110.717s][info][gc,metaspace] GC(232) Metaspace: 18166K(18304K)->18166K(18304K) NonClass: 16338K(16448K)->16338K(16448K) Class: 1828K(1856K)->1828K(1856K)
[110.717s][info][gc          ] GC(232) Pause Young (Normal) (G1 Evacuation Pause) 920M->852M(978M) 10.506ms
[110.717s][info][gc,cpu      ] GC(232) User=0.02s Sys=0.00s Real=0.01s
[110.855s][info][gc,start    ] GC(233) Pause Young (Normal) (G1 Evacuation Pause)
[110.855s][info][gc,task     ] GC(233) Using 2 workers of 2 for evacuation
[110.865s][info][gc,phases   ] GC(233)   Pre Evacuate Collection Set: 0.32ms
[110.865s][info][gc,phases   ] GC(233)   Merge Heap Roots: 0.12ms
[110.865s][info][gc,phases   ] GC(233)   Evacuate Collection Set: 8.55ms
[110.865s][info][gc,phases   ] GC(233)   Post Evacuate Collection Set: 0.39ms
[110.865s][info][gc,phases   ] GC(233)   Other: 0.08ms
[110.865s][info][gc,heap     ] GC(233) Eden regions: 69->0(72)
[110.865s][info][gc,heap     ] GC(233) Survivor regions: 6->2(10)
[110.865s][info][gc,heap     ] GC(233) Old regions: 837->842
[110.865s][info][gc,heap     ] GC(233) Humongous regions: 10->10
[110.865s][info][gc,metaspace] GC(233) Metaspace: 18166K(18304K)->18166K(18304K) NonClass: 16338K(16448K)->16338K(16448K) Class: 1828K(1856K)->1828K(1856K)
[110.865s][info][gc          ] GC(233) Pause Young (Normal) (G1 Evacuation Pause) 921M->853M(978M) 9.706ms
[110.865s][info][gc,cpu      ] GC(233) User=0.01s Sys=0.00s Real=0.01s
[111.038s][info][gc,start    ] GC(234) Pause Young (Normal) (G1 Evacuation Pause)
[111.039s][info][gc,task     ] GC(234) Using 2 workers of 2 for evacuation
[111.044s][info][gc,phases   ] GC(234)   Pre Evacuate Collection Set: 0.32ms
[111.044s][info][gc,phases   ] GC(234)   Merge Heap Roots: 0.11ms
[111.044s][info][gc,phases   ] GC(234)   Evacuate Collection Set: 4.91ms
[111.044s][info][gc,phases   ] GC(234)   Post Evacuate Collection Set: 0.34ms
[111.044s][info][gc,phases   ] GC(234)   Other: 0.08ms
[111.044s][info][gc,heap     ] GC(234) Eden regions: 72->0(70)
[111.044s][info][gc,heap     ] GC(234) Survivor regions: 2->3(10)
[111.044s][info][gc,heap     ] GC(234) Old regions: 842->842
[111.044s][info][gc,heap     ] GC(234) Humongous regions: 10->10
[111.044s][info][gc,metaspace] GC(234) Metaspace: 18166K(18304K)->18166K(18304K) NonClass: 16338K(16448K)->16338K(16448K) Class: 1828K(1856K)->1828K(1856K)
[111.044s][info][gc          ] GC(234) Pause Young (Normal) (G1 Evacuation Pause) 925M->854M(978M) 6.035ms
[111.044s][info][gc,cpu      ] GC(234) User=0.01s Sys=0.00s Real=0.01s
[111.420s][info][gc,marking  ] GC(231) Concurrent Mark From Roots 768.096ms
[111.420s][info][gc,marking  ] GC(231) Concurrent Preclean
[111.420s][info][gc,marking  ] GC(231) Concurrent Preclean 0.036ms
[111.420s][info][gc,start    ] GC(231) Pause Remark
[111.429s][info][gc          ] GC(231) Pause Remark 911M->533M(978M) 8.962ms
[111.429s][info][gc,cpu      ] GC(231) User=0.01s Sys=0.00s Real=0.01s
[111.429s][info][gc,marking  ] GC(231) Concurrent Mark 777.444ms
[111.429s][info][gc,marking  ] GC(231) Concurrent Rebuild Remembered Sets and Scrub Regions
[111.500s][info][gc,start    ] GC(235) Pause Young (Normal) (G1 Evacuation Pause)
[111.500s][info][gc,task     ] GC(235) Using 2 workers of 2 for evacuation
[111.509s][info][gc,phases   ] GC(235)   Pre Evacuate Collection Set: 0.37ms
[111.509s][info][gc,phases   ] GC(235)   Merge Heap Roots: 0.25ms
[111.509s][info][gc,phases   ] GC(235)   Evacuate Collection Set: 7.66ms
[111.509s][info][gc,phases   ] GC(235)   Post Evacuate Collection Set: 0.44ms
[111.509s][info][gc,phases   ] GC(235)   Other: 0.13ms
[111.509s][info][gc,heap     ] GC(235) Eden regions: 70->0(406)
[111.509s][info][gc,heap     ] GC(235) Survivor regions: 3->4(10)
[111.509s][info][gc,heap     ] GC(235) Old regions: 471->471
[111.509s][info][gc,heap     ] GC(235) Humongous regions: 3->3
[111.509s][info][gc,metaspace] GC(235) Metaspace: 18167K(18304K)->18167K(18304K) NonClass: 16338K(16448K)->16338K(16448K) Class: 1828K(1856K)->1828K(1856K)
[111.509s][info][gc          ] GC(235) Pause Young (Normal) (G1 Evacuation Pause) 546M->477M(978M) 9.135ms
[111.509s][info][gc,cpu      ] GC(235) User=0.02s Sys=0.00s Real=0.01s
[111.759s][info][gc,marking  ] GC(231) Concurrent Rebuild Remembered Sets and Scrub Regions 329.460ms
[111.759s][info][gc,start    ] GC(231) Pause Cleanup
[111.759s][info][gc          ] GC(231) Pause Cleanup 536M->536M(978M) 0.268ms
[111.759s][info][gc,cpu      ] GC(231) User=0.00s Sys=0.00s Real=0.00s
[111.759s][info][gc,marking  ] GC(231) Concurrent Clear Claimed Marks
[111.759s][info][gc,marking  ] GC(231) Concurrent Clear Claimed Marks 0.035ms
[111.759s][info][gc,marking  ] GC(231) Concurrent Cleanup for Next Mark
[111.767s][info][gc,marking  ] GC(231) Concurrent Cleanup for Next Mark 7.446ms
[111.767s][info][gc          ] GC(231) Concurrent Mark Cycle 1129.762ms
[112.429s][info][gc,start    ] GC(236) Pause Young (Prepare Mixed) (G1 Evacuation Pause)
[112.429s][info][gc,task     ] GC(236) Using 2 workers of 2 for evacuation
[112.522s][info][gc,phases   ] GC(236)   Pre Evacuate Collection Set: 0.58ms
[112.522s][info][gc,phases   ] GC(236)   Merge Heap Roots: 0.30ms
[112.522s][info][gc,phases   ] GC(236)   Evacuate Collection Set: 90.74ms
[112.522s][info][gc,phases   ] GC(236)   Post Evacuate Collection Set: 0.80ms
[112.522s][info][gc,phases   ] GC(236)   Other: 0.11ms
[112.522s][info][gc,heap     ] GC(236) Eden regions: 406->0(1)
[112.522s][info][gc,heap     ] GC(236) Survivor regions: 4->52(52)
[112.522s][info][gc,heap     ] GC(236) Old regions: 471->496
[112.522s][info][gc,heap     ] GC(236) Humongous regions: 3->3
[112.522s][info][gc,metaspace] GC(236) Metaspace: 18168K(18304K)->18168K(18304K) NonClass: 16339K(16448K)->16339K(16448K) Class: 1828K(1856K)->1828K(1856K)
[112.522s][info][gc          ] GC(236) Pause Young (Prepare Mixed) (G1 Evacuation Pause) 883M->551M(978M) 92.799ms
[112.522s][info][gc,cpu      ] GC(236) User=0.19s Sys=0.00s Real=0.09s
[112.526s][info][gc,start    ] GC(237) Pause Young (Mixed) (G1 Evacuation Pause)
[112.526s][info][gc,task     ] GC(237) Using 2 workers of 2 for evacuation
[112.582s][info][gc,phases   ] GC(237)   Pre Evacuate Collection Set: 0.47ms
[112.582s][info][gc,phases   ] GC(237)   Merge Heap Roots: 0.31ms
[112.582s][info][gc,phases   ] GC(237)   Evacuate Collection Set: 54.76ms
[112.582s][info][gc,phases   ] GC(237)   Post Evacuate Collection Set: 0.52ms
[112.582s][info][gc,phases   ] GC(237)   Other: 0.08ms
[112.582s][info][gc,heap     ] GC(237) Eden regions: 1->0(205)
[112.582s][info][gc,heap     ] GC(237) Survivor regions: 52->1(7)
[112.582s][info][gc,heap     ] GC(237) Old regions: 496->525
[112.582s][info][gc,heap     ] GC(237) Humongous regions: 3->3
[112.582s][info][gc,metaspace] GC(237) Metaspace: 18168K(18304K)->18168K(18304K) NonClass: 16339K(16448K)->16339K(16448K) Class: 1828K(1856K)->1828K(1856K)
[112.582s][info][gc          ] GC(237) Pause Young (Mixed) (G1 Evacuation Pause) 552M->528M(978M) 56.372ms
[112.582s][info][gc,cpu      ] GC(237) User=0.12s Sys=0.00s Real=0.05s
[112.809s][info][gc,start    ] GC(238) Pause Young (Mixed) (G1 Evacuation Pause)
[112.809s][info][gc,task     ] GC(238) Using 2 workers of 2 for evacuation
[112.840s][info][gc,phases   ] GC(238)   Pre Evacuate Collection Set: 0.39ms
[112.840s][info][gc,phases   ] GC(238)   Merge Heap Roots: 0.41ms
[112.840s][info][gc,phases   ] GC(238)   Evacuate Collection Set: 28.15ms
[112.840s][info][gc,phases   ] GC(238)   Merge Optional Heap Roots: 0.06ms
[112.840s][info][gc,phases   ] GC(238)   Evacuate Optional Collection Set: 0.21ms
[112.840s][info][gc,phases   ] GC(238)   Post Evacuate Collection Set: 0.74ms
[112.840s][info][gc,phases   ] GC(238)   Other: 0.13ms
[112.840s][info][gc,heap     ] GC(238) Eden regions: 210->0(212)
[112.840s][info][gc,heap     ] GC(238) Survivor regions: 1->13(27)
[112.840s][info][gc,heap     ] GC(238) Old regions: 525->448
[112.840s][info][gc,heap     ] GC(238) Humongous regions: 4->4
[112.840s][info][gc,metaspace] GC(238) Metaspace: 18168K(18304K)->18168K(18304K) NonClass: 16339K(16448K)->16339K(16448K) Class: 1828K(1856K)->1828K(1856K)
[112.840s][info][gc          ] GC(238) Pause Young (Mixed) (G1 Evacuation Pause) 739M->464M(978M) 30.375ms
[112.840s][info][gc,cpu      ] GC(238) User=0.05s Sys=0.00s Real=0.03s
[113.295s][info][gc,start    ] GC(239) Pause Young (Mixed) (G1 Evacuation Pause)
[113.295s][info][gc,task     ] GC(239) Using 2 workers of 2 for evacuation
[113.326s][info][gc,phases   ] GC(239)   Pre Evacuate Collection Set: 0.57ms
[113.326s][info][gc,phases   ] GC(239)   Merge Heap Roots: 0.64ms
[113.326s][info][gc,phases   ] GC(239)   Evacuate Collection Set: 28.91ms
[113.326s][info][gc,phases   ] GC(239)   Merge Optional Heap Roots: 0.08ms
[113.326s][info][gc,phases   ] GC(239)   Evacuate Optional Collection Set: 0.16ms
[113.326s][info][gc,phases   ] GC(239)   Post Evacuate Collection Set: 0.74ms
[113.326s][info][gc,phases   ] GC(239)   Other: 0.13ms
[113.326s][info][gc,heap     ] GC(239) Eden regions: 218->0(385)
[113.326s][info][gc,heap     ] GC(239) Survivor regions: 13->14(29)
[113.326s][info][gc,heap     ] GC(239) Old regions: 448->419
[113.326s][info][gc,heap     ] GC(239) Humongous regions: 4->4
[113.326s][info][gc,metaspace] GC(239) Metaspace: 18168K(18304K)->18168K(18304K) NonClass: 16339K(16448K)->16339K(16448K) Class: 1828K(1856K)->1828K(1856K)
[113.326s][info][gc          ] GC(239) Pause Young (Mixed) (G1 Evacuation Pause) 682M->436M(978M) 31.522ms
[113.326s][info][gc,cpu      ] GC(239) User=0.06s Sys=0.00s Real=0.03s
[113.861s][info][gc,start    ] GC(240) Pause Young (Mixed) (G1 Evacuation Pause)
[113.861s][info][gc,task     ] GC(240) Using 2 workers of 2 for evacuation
[114.094s][info][gc,mmu      ] GC(240) MMU target violated: 201.0ms (200.0ms/201.0ms)
[114.094s][info][gc,phases   ] GC(240)   Pre Evacuate Collection Set: 0.35ms
[114.094s][info][gc,phases   ] GC(240)   Merge Heap Roots: 0.53ms
[114.095s][info][gc,phases   ] GC(240)   Evacuate Collection Set: 227.37ms
[114.095s][info][gc,phases   ] GC(240)   Post Evacuate Collection Set: 4.99ms
[114.095s][info][gc,phases   ] GC(240)   Other: 0.20ms
[114.095s][info][gc,heap     ] GC(240) Eden regions: 367->0(56)
[114.095s][info][gc,heap     ] GC(240) Survivor regions: 14->48(48)
[114.095s][info][gc,heap     ] GC(240) Old regions: 419->571
[114.095s][info][gc,heap     ] GC(240) Humongous regions: 4->4
[114.095s][info][gc,metaspace] GC(240) Metaspace: 18168K(18304K)->18168K(18304K) NonClass: 16340K(16448K)->16340K(16448K) Class: 1828K(1856K)->1828K(1856K)
[114.095s][info][gc          ] GC(240) Pause Young (Mixed) (G1 Evacuation Pause) (Evacuation Failure: Allocation) 803M->623M(978M) 233.675ms
[114.095s][info][gc,cpu      ] GC(240) User=0.47s Sys=0.01s Real=0.24s
[114.110s][info][gc,start    ] GC(241) Pause Young (Mixed) (G1 Evacuation Pause)
[114.110s][info][gc,task     ] GC(241) Using 2 workers of 2 for evacuation
[114.207s][info][gc,phases   ] GC(241)   Pre Evacuate Collection Set: 0.36ms
[114.207s][info][gc,phases   ] GC(241)   Merge Heap Roots: 1.80ms
[114.207s][info][gc,phases   ] GC(241)   Evacuate Collection Set: 78.64ms
[114.207s][info][gc,phases   ] GC(241)   Merge Optional Heap Roots: 0.13ms
[114.207s][info][gc,phases   ] GC(241)   Evacuate Optional Collection Set: 14.46ms
[114.207s][info][gc,phases   ] GC(241)   Post Evacuate Collection Set: 1.00ms
[114.207s][info][gc,phases   ] GC(241)   Other: 0.10ms
[114.207s][info][gc,heap     ] GC(241) Eden regions: 7->0(228)
[114.207s][info][gc,heap     ] GC(241) Survivor regions: 48->3(7)
[114.207s][info][gc,heap     ] GC(241) Old regions: 571->553
[114.207s][info][gc,heap     ] GC(241) Humongous regions: 4->4
[114.207s][info][gc,metaspace] GC(241) Metaspace: 18168K(18304K)->18168K(18304K) NonClass: 16340K(16448K)->16340K(16448K) Class: 1828K(1856K)->1828K(1856K)
[114.207s][info][gc          ] GC(241) Pause Young (Mixed) (G1 Evacuation Pause) 630M->559M(978M) 96.794ms
[114.207s][info][gc,cpu      ] GC(241) User=0.19s Sys=0.00s Real=0.10s
[114.403s][info][gc,start    ] GC(242) Pause Young (Mixed) (G1 Evacuation Pause)
[114.404s][info][gc,task     ] GC(242) Using 2 workers of 2 for evacuation
[114.455s][info][gc,phases   ] GC(242)   Pre Evacuate Collection Set: 0.33ms
[114.455s][info][gc,phases   ] GC(242)   Merge Heap Roots: 0.67ms
[114.455s][info][gc,phases   ] GC(242)   Evacuate Collection Set: 50.02ms
[114.455s][info][gc,phases   ] GC(242)   Post Evacuate Collection Set: 0.55ms
[114.455s][info][gc,phases   ] GC(242)   Other: 0.09ms
[114.455s][info][gc,heap     ] GC(242) Eden regions: 235->0(260)
[114.455s][info][gc,heap     ] GC(242) Survivor regions: 3->22(30)
[114.455s][info][gc,heap     ] GC(242) Old regions: 553->548
[114.455s][info][gc,heap     ] GC(242) Humongous regions: 5->5
[114.455s][info][gc,metaspace] GC(242) Metaspace: 18172K(18304K)->18172K(18304K) NonClass: 16344K(16448K)->16344K(16448K) Class: 1828K(1856K)->1828K(1856K)
[114.455s][info][gc          ] GC(242) Pause Young (Mixed) (G1 Evacuation Pause) 795M->574M(978M) 51.947ms
[114.455s][info][gc,cpu      ] GC(242) User=0.10s Sys=0.00s Real=0.05s
[114.692s][info][gc,start    ] GC(243) Pause Young (Concurrent Start) (G1 Evacuation Pause)
[114.693s][info][gc,task     ] GC(243) Using 2 workers of 2 for evacuation
[114.758s][info][gc,phases   ] GC(243)   Pre Evacuate Collection Set: 0.35ms
[114.758s][info][gc,phases   ] GC(243)   Merge Heap Roots: 0.13ms
[114.758s][info][gc,phases   ] GC(243)   Evacuate Collection Set: 64.53ms
[114.758s][info][gc,phases   ] GC(243)   Post Evacuate Collection Set: 0.64ms
[114.758s][info][gc,phases   ] GC(243)   Other: 0.12ms
[114.758s][info][gc,heap     ] GC(243) Eden regions: 260->0(239)
[114.758s][info][gc,heap     ] GC(243) Survivor regions: 22->36(36)
[114.758s][info][gc,heap     ] GC(243) Old regions: 548->572
[114.758s][info][gc,heap     ] GC(243) Humongous regions: 5->5
[114.758s][info][gc,metaspace] GC(243) Metaspace: 18172K(18304K)->18172K(18304K) NonClass: 16344K(16448K)->16344K(16448K) Class: 1828K(1856K)->1828K(1856K)
[114.758s][info][gc          ] GC(243) Pause Young (Concurrent Start) (G1 Evacuation Pause) 834M->613M(978M) 66.063ms
[114.759s][info][gc,cpu      ] GC(243) User=0.13s Sys=0.00s Real=0.07s
[114.759s][info][gc          ] GC(244) Concurrent Mark Cycle
[114.761s][info][gc,marking  ] GC(244) Concurrent Scan Root Regions
[114.845s][info][gc,marking  ] GC(244) Concurrent Scan Root Regions 84.678ms
[114.845s][info][gc,marking  ] GC(244) Concurrent Mark
[114.845s][info][gc,marking  ] GC(244) Concurrent Mark From Roots
[114.845s][info][gc,task     ] GC(244) Using 1 workers of 1 for marking
[115.062s][info][gc,marking  ] GC(244) Concurrent Mark From Roots 216.856ms
[115.062s][info][gc,marking  ] GC(244) Concurrent Preclean
[115.062s][info][gc,marking  ] GC(244) Concurrent Preclean 0.046ms
[115.063s][info][gc,start    ] GC(244) Pause Remark
[115.071s][info][gc          ] GC(244) Pause Remark 732M->364M(817M) 8.287ms
[115.071s][info][gc,cpu      ] GC(244) User=0.01s Sys=0.00s Real=0.01s
[115.071s][info][gc,marking  ] GC(244) Concurrent Mark 225.548ms
[115.071s][info][gc,marking  ] GC(244) Concurrent Rebuild Remembered Sets and Scrub Regions
[115.138s][info][gc,marking  ] GC(244) Concurrent Rebuild Remembered Sets and Scrub Regions 66.836ms
[115.138s][info][gc,start    ] GC(244) Pause Cleanup
[115.138s][info][gc          ] GC(244) Pause Cleanup 378M->378M(817M) 0.135ms
[115.138s][info][gc,cpu      ] GC(244) User=0.00s Sys=0.00s Real=0.00s
[115.138s][info][gc,marking  ] GC(244) Concurrent Clear Claimed Marks
[115.138s][info][gc,marking  ] GC(244) Concurrent Clear Claimed Marks 0.030ms
[115.138s][info][gc,marking  ] GC(244) Concurrent Cleanup for Next Mark
[115.141s][info][gc,marking  ] GC(244) Concurrent Cleanup for Next Mark 2.557ms
[115.141s][info][gc          ] GC(244) Concurrent Mark Cycle 382.333ms
[115.294s][info][gc,start    ] GC(245) Pause Young (Prepare Mixed) (G1 Evacuation Pause)
[115.294s][info][gc,task     ] GC(245) Using 2 workers of 2 for evacuation
[115.367s][info][gc,phases   ] GC(245)   Pre Evacuate Collection Set: 0.32ms
[115.367s][info][gc,phases   ] GC(245)   Merge Heap Roots: 0.14ms
[115.367s][info][gc,phases   ] GC(245)   Evacuate Collection Set: 71.15ms
[115.367s][info][gc,phases   ] GC(245)   Post Evacuate Collection Set: 0.63ms
[115.367s][info][gc,phases   ] GC(245)   Other: 0.10ms
[115.367s][info][gc,heap     ] GC(245) Eden regions: 239->0(173)
[115.367s][info][gc,heap     ] GC(245) Survivor regions: 36->35(35)
[115.367s][info][gc,heap     ] GC(245) Old regions: 208->247
[115.367s][info][gc,heap     ] GC(245) Humongous regions: 1->1
[115.367s][info][gc,metaspace] GC(245) Metaspace: 18178K(18368K)->18178K(18368K) NonClass: 16350K(16512K)->16350K(16512K) Class: 1828K(1856K)->1828K(1856K)
[115.367s][info][gc          ] GC(245) Pause Young (Prepare Mixed) (G1 Evacuation Pause) 484M->283M(817M) 72.638ms
[115.367s][info][gc,cpu      ] GC(245) User=0.14s Sys=0.00s Real=0.07s
[115.657s][info][gc,start    ] GC(246) Pause Young (Mixed) (G1 Evacuation Pause)
[115.657s][info][gc,task     ] GC(246) Using 2 workers of 2 for evacuation
[115.800s][info][gc,phases   ] GC(246)   Pre Evacuate Collection Set: 0.51ms
[115.800s][info][gc,phases   ] GC(246)   Merge Heap Roots: 0.40ms
[115.800s][info][gc,phases   ] GC(246)   Evacuate Collection Set: 140.69ms
[115.800s][info][gc,phases   ] GC(246)   Post Evacuate Collection Set: 0.97ms
[115.800s][info][gc,phases   ] GC(246)   Other: 0.10ms
[115.800s][info][gc,heap     ] GC(246) Eden regions: 198->0(138)
[115.800s][info][gc,heap     ] GC(246) Survivor regions: 35->30(30)
[115.800s][info][gc,heap     ] GC(246) Old regions: 247->319
[115.800s][info][gc,heap     ] GC(246) Humongous regions: 4->4
[115.800s][info][gc,metaspace] GC(246) Metaspace: 18179K(18368K)->18179K(18368K) NonClass: 16350K(16512K)->16350K(16512K) Class: 1828K(1856K)->1828K(1856K)
[115.800s][info][gc          ] GC(246) Pause Young (Mixed) (G1 Evacuation Pause) 484M->352M(817M) 142.954ms
[115.800s][info][gc,cpu      ] GC(246) User=0.29s Sys=0.00s Real=0.14s
[115.898s][info][gc,start    ] GC(247) Pause Young (Mixed) (G1 Evacuation Pause)
[115.898s][info][gc,task     ] GC(247) Using 2 workers of 2 for evacuation
[116.009s][info][gc,phases   ] GC(247)   Pre Evacuate Collection Set: 0.32ms
[116.009s][info][gc,phases   ] GC(247)   Merge Heap Roots: 0.70ms
[116.009s][info][gc,phases   ] GC(247)   Evacuate Collection Set: 108.40ms
[116.009s][info][gc,phases   ] GC(247)   Post Evacuate Collection Set: 1.05ms
[116.009s][info][gc,phases   ] GC(247)   Other: 0.11ms
[116.009s][info][gc,heap     ] GC(247) Eden regions: 114->0(166)
[116.009s][info][gc,heap     ] GC(247) Survivor regions: 30->18(18)
[116.009s][info][gc,heap     ] GC(247) Old regions: 319->313
[116.009s][info][gc,heap     ] GC(247) Humongous regions: 4->4
[116.009s][info][gc,metaspace] GC(247) Metaspace: 18179K(18368K)->18179K(18368K) NonClass: 16350K(16512K)->16350K(16512K) Class: 1828K(1856K)->1828K(1856K)
[116.009s][info][gc          ] GC(247) Pause Young (Mixed) (G1 Evacuation Pause) 466M->334M(817M) 110.889ms
[116.009s][info][gc,cpu      ] GC(247) User=0.22s Sys=0.00s Real=0.11s
[116.178s][info][gc,start    ] GC(248) Pause Young (Mixed) (G1 Evacuation Pause)
[116.178s][info][gc,task     ] GC(248) Using 2 workers of 2 for evacuation
[116.295s][info][gc,phases   ] GC(248)   Pre Evacuate Collection Set: 0.28ms
[116.295s][info][gc,phases   ] GC(248)   Merge Heap Roots: 0.66ms
[116.295s][info][gc,phases   ] GC(248)   Evacuate Collection Set: 115.96ms
[116.295s][info][gc,phases   ] GC(248)   Post Evacuate Collection Set: 0.51ms
[116.295s][info][gc,phases   ] GC(248)   Other: 0.11ms
[116.295s][info][gc,heap     ] GC(248) Eden regions: 121->0(256)
[116.295s][info][gc,heap     ] GC(248) Survivor regions: 18->18(18)
[116.295s][info][gc,heap     ] GC(248) Old regions: 313->349
[116.295s][info][gc,heap     ] GC(248) Humongous regions: 4->4
[116.295s][info][gc,metaspace] GC(248) Metaspace: 18179K(18368K)->18179K(18368K) NonClass: 16350K(16512K)->16350K(16512K) Class: 1828K(1856K)->1828K(1856K)
[116.296s][info][gc          ] GC(248) Pause Young (Mixed) (G1 Evacuation Pause) 455M->371M(817M) 117.827ms
[116.296s][info][gc,cpu      ] GC(248) User=0.24s Sys=0.00s Real=0.12s
[116.517s][info][gc,start    ] GC(249) Pause Young (Concurrent Start) (G1 Evacuation Pause)
[116.517s][info][gc,task     ] GC(249) Using 2 workers of 2 for evacuation
[116.570s][info][gc,phases   ] GC(249)   Pre Evacuate Collection Set: 0.32ms
[116.570s][info][gc,phases   ] GC(249)   Merge Heap Roots: 0.44ms
[116.570s][info][gc,phases   ] GC(249)   Evacuate Collection Set: 50.47ms
[116.570s][info][gc,phases   ] GC(249)   Post Evacuate Collection Set: 1.52ms
[116.570s][info][gc,phases   ] GC(249)   Other: 0.22ms
[116.570s][info][gc,heap     ] GC(249) Eden regions: 256->0(302)
[116.570s][info][gc,heap     ] GC(249) Survivor regions: 18->17(35)
[116.570s][info][gc,heap     ] GC(249) Old regions: 349->368
[116.570s][info][gc,heap     ] GC(249) Humongous regions: 4->4
[116.570s][info][gc,metaspace] GC(249) Metaspace: 18179K(18368K)->18179K(18368K) NonClass: 16350K(16512K)->16350K(16512K) Class: 1828K(1856K)->1828K(1856K)
[116.570s][info][gc          ] GC(249) Pause Young (Concurrent Start) (G1 Evacuation Pause) 627M->388M(882M) 53.241ms
[116.570s][info][gc,cpu      ] GC(249) User=0.11s Sys=0.00s Real=0.05s
[116.570s][info][gc          ] GC(250) Concurrent Mark Cycle
[116.570s][info][gc,marking  ] GC(250) Concurrent Scan Root Regions
[116.668s][info][gc,marking  ] GC(250) Concurrent Scan Root Regions 98.001ms
[116.668s][info][gc,marking  ] GC(250) Concurrent Mark
[116.668s][info][gc,marking  ] GC(250) Concurrent Mark From Roots
[116.668s][info][gc,task     ] GC(250) Using 1 workers of 1 for marking
[117.134s][info][gc,start    ] GC(251) Pause Young (Normal) (G1 Evacuation Pause)
[117.134s][info][gc,task     ] GC(251) Using 2 workers of 2 for evacuation
[117.209s][info][gc,phases   ] GC(251)   Pre Evacuate Collection Set: 0.30ms
[117.209s][info][gc,phases   ] GC(251)   Merge Heap Roots: 0.51ms
[117.209s][info][gc,phases   ] GC(251)   Evacuate Collection Set: 73.73ms
[117.209s][info][gc,phases   ] GC(251)   Post Evacuate Collection Set: 0.70ms
[117.210s][info][gc,phases   ] GC(251)   Other: 0.10ms
[117.210s][info][gc,heap     ] GC(251) Eden regions: 302->0(298)
[117.210s][info][gc,heap     ] GC(251) Survivor regions: 17->40(40)
[117.210s][info][gc,heap     ] GC(251) Old regions: 368->370
[117.210s][info][gc,heap     ] GC(251) Humongous regions: 7->7
[117.210s][info][gc,metaspace] GC(251) Metaspace: 18185K(18368K)->18185K(18368K) NonClass: 16356K(16512K)->16356K(16512K) Class: 1828K(1856K)->1828K(1856K)
[117.210s][info][gc          ] GC(251) Pause Young (Normal) (G1 Evacuation Pause) 693M->417M(882M) 75.701ms
[117.210s][info][gc,cpu      ] GC(251) User=0.15s Sys=0.00s Real=0.07s
[117.663s][info][gc,start    ] GC(252) Pause Young (Normal) (G1 Evacuation Pause)
[117.663s][info][gc,task     ] GC(252) Using 2 workers of 2 for evacuation
[117.797s][info][gc,phases   ] GC(252)   Pre Evacuate Collection Set: 0.47ms
[117.797s][info][gc,phases   ] GC(252)   Merge Heap Roots: 0.45ms
[117.797s][info][gc,phases   ] GC(252)   Evacuate Collection Set: 132.73ms
[117.797s][info][gc,phases   ] GC(252)   Post Evacuate Collection Set: 0.62ms
[117.797s][info][gc,phases   ] GC(252)   Other: 0.10ms
[117.797s][info][gc,heap     ] GC(252) Eden regions: 298->0(264)
[117.797s][info][gc,heap     ] GC(252) Survivor regions: 40->43(43)
[117.797s][info][gc,heap     ] GC(252) Old regions: 370->420
[117.797s][info][gc,heap     ] GC(252) Humongous regions: 7->7
[117.797s][info][gc,metaspace] GC(252) Metaspace: 18189K(18368K)->18189K(18368K) NonClass: 16361K(16512K)->16361K(16512K) Class: 1828K(1856K)->1828K(1856K)
[117.798s][info][gc          ] GC(252) Pause Young (Normal) (G1 Evacuation Pause) 715M->469M(882M) 134.705ms
[117.798s][info][gc,cpu      ] GC(252) User=0.27s Sys=0.00s Real=0.13s
[118.032s][info][gc,marking  ] GC(250) Concurrent Mark From Roots 1363.652ms
[118.032s][info][gc,marking  ] GC(250) Concurrent Preclean
[118.032s][info][gc,marking  ] GC(250) Concurrent Preclean 0.035ms
[118.032s][info][gc,start    ] GC(250) Pause Remark
[118.040s][info][gc          ] GC(250) Pause Remark 579M->573M(882M) 7.809ms
[118.040s][info][gc,cpu      ] GC(250) User=0.01s Sys=0.00s Real=0.01s
[118.040s][info][gc,marking  ] GC(250) Concurrent Mark 1371.862ms
[118.040s][info][gc,marking  ] GC(250) Concurrent Rebuild Remembered Sets and Scrub Regions
[118.377s][info][gc,start    ] GC(253) Pause Young (Normal) (G1 Evacuation Pause)
[118.377s][info][gc,task     ] GC(253) Using 2 workers of 2 for evacuation
[118.440s][info][gc,phases   ] GC(253)   Pre Evacuate Collection Set: 0.49ms
[118.440s][info][gc,phases   ] GC(253)   Merge Heap Roots: 0.46ms
[118.440s][info][gc,phases   ] GC(253)   Evacuate Collection Set: 61.30ms
[118.440s][info][gc,phases   ] GC(253)   Post Evacuate Collection Set: 0.68ms
[118.440s][info][gc,phases   ] GC(253)   Other: 0.11ms
[118.440s][info][gc,heap     ] GC(253) Eden regions: 264->0(285)
[118.440s][info][gc,heap     ] GC(253) Survivor regions: 43->5(39)
[118.440s][info][gc,heap     ] GC(253) Old regions: 415->458
[118.440s][info][gc,heap     ] GC(253) Humongous regions: 6->6
[118.440s][info][gc,metaspace] GC(253) Metaspace: 18193K(18368K)->18193K(18368K) NonClass: 16365K(16512K)->16365K(16512K) Class: 1828K(1856K)->1828K(1856K)
[118.440s][info][gc          ] GC(253) Pause Young (Normal) (G1 Evacuation Pause) 727M->469M(882M) 63.420ms
[118.440s][info][gc,cpu      ] GC(253) User=0.12s Sys=0.00s Real=0.06s
[118.505s][info][gc,marking  ] GC(250) Concurrent Rebuild Remembered Sets and Scrub Regions 464.963ms
[118.505s][info][gc,start    ] GC(250) Pause Cleanup
[118.505s][info][gc          ] GC(250) Pause Cleanup 493M->493M(882M) 0.195ms
[118.505s][info][gc,cpu      ] GC(250) User=0.00s Sys=0.00s Real=0.00s
[118.507s][info][gc,marking  ] GC(250) Concurrent Clear Claimed Marks
[118.507s][info][gc,marking  ] GC(250) Concurrent Clear Claimed Marks 0.032ms
[118.507s][info][gc,marking  ] GC(250) Concurrent Cleanup for Next Mark
[118.510s][info][gc,marking  ] GC(250) Concurrent Cleanup for Next Mark 3.575ms
[118.510s][info][gc          ] GC(250) Concurrent Mark Cycle 1940.275ms
[119.143s][info][gc,start    ] GC(254) Pause Young (Prepare Mixed) (G1 Evacuation Pause)
[119.143s][info][gc,task     ] GC(254) Using 2 workers of 2 for evacuation
[119.180s][info][gc,phases   ] GC(254)   Pre Evacuate Collection Set: 0.29ms
[119.180s][info][gc,phases   ] GC(254)   Merge Heap Roots: 0.27ms
[119.180s][info][gc,phases   ] GC(254)   Evacuate Collection Set: 36.22ms
[119.180s][info][gc,phases   ] GC(254)   Post Evacuate Collection Set: 0.56ms
[119.180s][info][gc,phases   ] GC(254)   Other: 0.10ms
[119.180s][info][gc,heap     ] GC(254) Eden regions: 285->0(277)
[119.180s][info][gc,heap     ] GC(254) Survivor regions: 5->27(37)
[119.180s][info][gc,heap     ] GC(254) Old regions: 458->458
[119.180s][info][gc,heap     ] GC(254) Humongous regions: 6->6
[119.180s][info][gc,metaspace] GC(254) Metaspace: 18208K(18368K)->18208K(18368K) NonClass: 16379K(16512K)->16379K(16512K) Class: 1828K(1856K)->1828K(1856K)
[119.180s][info][gc          ] GC(254) Pause Young (Prepare Mixed) (G1 Evacuation Pause) 754M->491M(882M) 37.753ms
[119.181s][info][gc,cpu      ] GC(254) User=0.08s Sys=0.00s Real=0.03s
[119.905s][info][gc,start    ] GC(255) Pause Young (Mixed) (G1 Evacuation Pause)
[119.905s][info][gc,task     ] GC(255) Using 2 workers of 2 for evacuation
[119.942s][info][gc,phases   ] GC(255)   Pre Evacuate Collection Set: 0.53ms
[119.942s][info][gc,phases   ] GC(255)   Merge Heap Roots: 0.31ms
[119.942s][info][gc,phases   ] GC(255)   Evacuate Collection Set: 35.23ms
[119.942s][info][gc,phases   ] GC(255)   Post Evacuate Collection Set: 0.61ms
[119.942s][info][gc,phases   ] GC(255)   Other: 0.12ms
[119.942s][info][gc,heap     ] GC(255) Eden regions: 277->0(302)
[119.942s][info][gc,heap     ] GC(255) Survivor regions: 27->1(38)
[119.942s][info][gc,heap     ] GC(255) Old regions: 458->471
[119.942s][info][gc,heap     ] GC(255) Humongous regions: 6->6
[119.942s][info][gc,metaspace] GC(255) Metaspace: 18209K(18368K)->18209K(18368K) NonClass: 16381K(16512K)->16381K(16512K) Class: 1828K(1856K)->1828K(1856K)
[119.942s][info][gc          ] GC(255) Pause Young (Mixed) (G1 Evacuation Pause) 768M->477M(882M) 37.083ms
[119.942s][info][gc,cpu      ] GC(255) User=0.07s Sys=0.00s Real=0.03s
[120.553s][info][gc,start    ] GC(256) Pause Young (Concurrent Start) (G1 Evacuation Pause)
[120.553s][info][gc,task     ] GC(256) Using 2 workers of 2 for evacuation
[120.606s][info][gc,phases   ] GC(256)   Pre Evacuate Collection Set: 0.35ms
[120.606s][info][gc,phases   ] GC(256)   Merge Heap Roots: 0.42ms
[120.606s][info][gc,phases   ] GC(256)   Evacuate Collection Set: 51.09ms
[120.606s][info][gc,phases   ] GC(256)   Post Evacuate Collection Set: 0.63ms
[120.606s][info][gc,phases   ] GC(256)   Other: 0.13ms
[120.606s][info][gc,heap     ] GC(256) Eden regions: 302->0(265)
[120.606s][info][gc,heap     ] GC(256) Survivor regions: 1->38(38)
[120.606s][info][gc,heap     ] GC(256) Old regions: 471->472
[120.606s][info][gc,heap     ] GC(256) Humongous regions: 6->6
[120.606s][info][gc,metaspace] GC(256) Metaspace: 18214K(18368K)->18214K(18368K) NonClass: 16385K(16512K)->16385K(16512K) Class: 1828K(1856K)->1828K(1856K)
[120.606s][info][gc          ] GC(256) Pause Young (Concurrent Start) (G1 Evacuation Pause) 779M->515M(882M) 52.904ms
[120.606s][info][gc,cpu      ] GC(256) User=0.11s Sys=0.00s Real=0.05s
[120.606s][info][gc          ] GC(257) Concurrent Mark Cycle
[120.606s][info][gc,marking  ] GC(257) Concurrent Scan Root Regions
[120.650s][info][gc,marking  ] GC(257) Concurrent Scan Root Regions 43.435ms
[120.650s][info][gc,marking  ] GC(257) Concurrent Mark
[120.650s][info][gc,marking  ] GC(257) Concurrent Mark From Roots
[120.650s][info][gc,task     ] GC(257) Using 1 workers of 1 for marking
[121.195s][info][gc,start    ] GC(258) Pause Young (Normal) (G1 Evacuation Pause)
[121.195s][info][gc,task     ] GC(258) Using 2 workers of 2 for evacuation
[121.287s][info][gc,phases   ] GC(258)   Pre Evacuate Collection Set: 0.29ms
[121.287s][info][gc,phases   ] GC(258)   Merge Heap Roots: 0.53ms
[121.287s][info][gc,phases   ] GC(258)   Evacuate Collection Set: 90.71ms
[121.287s][info][gc,phases   ] GC(258)   Post Evacuate Collection Set: 0.61ms
[121.287s][info][gc,phases   ] GC(258)   Other: 0.10ms
[121.287s][info][gc,heap     ] GC(258) Eden regions: 265->0(230)
[121.287s][info][gc,heap     ] GC(258) Survivor regions: 38->38(38)
[121.287s][info][gc,heap     ] GC(258) Old regions: 472->513
[121.287s][info][gc,heap     ] GC(258) Humongous regions: 6->6
[121.287s][info][gc,metaspace] GC(258) Metaspace: 18214K(18368K)->18214K(18368K) NonClass: 16385K(16512K)->16385K(16512K) Class: 1828K(1856K)->1828K(1856K)
[121.287s][info][gc          ] GC(258) Pause Young (Normal) (G1 Evacuation Pause) 780M->556M(882M) 92.568ms
[121.287s][info][gc,cpu      ] GC(258) User=0.18s Sys=0.00s Real=0.09s
[121.860s][info][gc,start    ] GC(259) Pause Young (Normal) (G1 Evacuation Pause)
[121.860s][info][gc,task     ] GC(259) Using 2 workers of 2 for evacuation
[121.965s][info][gc,phases   ] GC(259)   Pre Evacuate Collection Set: 0.51ms
[121.965s][info][gc,phases   ] GC(259)   Merge Heap Roots: 0.32ms
[121.965s][info][gc,phases   ] GC(259)   Evacuate Collection Set: 103.39ms
[121.965s][info][gc,phases   ] GC(259)   Post Evacuate Collection Set: 0.90ms
[121.965s][info][gc,phases   ] GC(259)   Other: 0.09ms
[121.965s][info][gc,heap     ] GC(259) Eden regions: 230->0(200)
[121.965s][info][gc,heap     ] GC(259) Survivor regions: 38->34(34)
[121.965s][info][gc,heap     ] GC(259) Old regions: 513->562
[121.965s][info][gc,heap     ] GC(259) Humongous regions: 9->9
[121.965s][info][gc,metaspace] GC(259) Metaspace: 18219K(18368K)->18219K(18368K) NonClass: 16391K(16512K)->16391K(16512K) Class: 1828K(1856K)->1828K(1856K)
[121.965s][info][gc          ] GC(259) Pause Young (Normal) (G1 Evacuation Pause) 789M->605M(896M) 105.454ms
[121.965s][info][gc,cpu      ] GC(259) User=0.21s Sys=0.00s Real=0.11s
[121.970s][info][gc,marking  ] GC(257) Concurrent Mark From Roots 1320.289ms
[121.970s][info][gc,marking  ] GC(257) Concurrent Preclean
[121.970s][info][gc,marking  ] GC(257) Concurrent Preclean 0.032ms
[121.970s][info][gc,start    ] GC(257) Pause Remark
[121.978s][info][gc          ] GC(257) Pause Remark 607M->526M(896M) 7.662ms
[121.978s][info][gc,cpu      ] GC(257) User=0.02s Sys=0.00s Real=0.01s
[121.978s][info][gc,marking  ] GC(257) Concurrent Mark 1328.419ms
[121.978s][info][gc,marking  ] GC(257) Concurrent Rebuild Remembered Sets and Scrub Regions
[122.240s][info][gc,start    ] GC(260) Pause Young (Normal) (G1 Evacuation Pause)
[122.240s][info][gc,task     ] GC(260) Using 2 workers of 2 for evacuation
[122.345s][info][gc,phases   ] GC(260)   Pre Evacuate Collection Set: 0.51ms
[122.345s][info][gc,phases   ] GC(260)   Merge Heap Roots: 0.33ms
[122.345s][info][gc,phases   ] GC(260)   Evacuate Collection Set: 102.88ms
[122.345s][info][gc,phases   ] GC(260)   Post Evacuate Collection Set: 0.92ms
[122.345s][info][gc,phases   ] GC(260)   Other: 0.14ms
[122.345s][info][gc,heap     ] GC(260) Eden regions: 200->0(207)
[122.345s][info][gc,heap     ] GC(260) Survivor regions: 34->30(30)
[122.345s][info][gc,heap     ] GC(260) Old regions: 483->538
[122.345s][info][gc,heap     ] GC(260) Humongous regions: 7->7
[122.345s][info][gc,metaspace] GC(260) Metaspace: 18219K(18368K)->18219K(18368K) NonClass: 16391K(16512K)->16391K(16512K) Class: 1828K(1856K)->1828K(1856K)
[122.345s][info][gc          ] GC(260) Pause Young (Normal) (G1 Evacuation Pause) 724M->574M(896M) 105.037ms
[122.345s][info][gc,cpu      ] GC(260) User=0.21s Sys=0.00s Real=0.11s
[122.546s][info][gc,start    ] GC(261) Pause Young (Normal) (G1 Evacuation Pause)
[122.546s][info][gc,task     ] GC(261) Using 2 workers of 2 for evacuation
[122.603s][info][gc,phases   ] GC(261)   Pre Evacuate Collection Set: 0.31ms
[122.603s][info][gc,phases   ] GC(261)   Merge Heap Roots: 0.78ms
[122.603s][info][gc,phases   ] GC(261)   Evacuate Collection Set: 55.14ms
[122.603s][info][gc,phases   ] GC(261)   Post Evacuate Collection Set: 0.53ms
[122.603s][info][gc,phases   ] GC(261)   Other: 0.11ms
[122.603s][info][gc,heap     ] GC(261) Eden regions: 207->0(211)
[122.603s][info][gc,heap     ] GC(261) Survivor regions: 30->10(30)
[122.603s][info][gc,heap     ] GC(261) Old regions: 538->568
[122.603s][info][gc,heap     ] GC(261) Humongous regions: 7->7
[122.603s][info][gc,metaspace] GC(261) Metaspace: 18219K(18368K)->18219K(18368K) NonClass: 16391K(16512K)->16391K(16512K) Class: 1828K(1856K)->1828K(1856K)
[122.603s][info][gc          ] GC(261) Pause Young (Normal) (G1 Evacuation Pause) 781M->584M(896M) 57.125ms
[122.603s][info][gc,cpu      ] GC(261) User=0.11s Sys=0.00s Real=0.06s
[122.663s][info][gc,marking  ] GC(257) Concurrent Rebuild Remembered Sets and Scrub Regions 684.697ms
[122.663s][info][gc,start    ] GC(257) Pause Cleanup
[122.663s][info][gc          ] GC(257) Pause Cleanup 626M->626M(896M) 0.122ms
[122.663s][info][gc,cpu      ] GC(257) User=0.00s Sys=0.00s Real=0.00s
[122.663s][info][gc,marking  ] GC(257) Concurrent Clear Claimed Marks
[122.663s][info][gc,marking  ] GC(257) Concurrent Clear Claimed Marks 0.027ms
[122.663s][info][gc,marking  ] GC(257) Concurrent Cleanup for Next Mark
[122.666s][info][gc,marking  ] GC(257) Concurrent Cleanup for Next Mark 2.949ms
[122.666s][info][gc          ] GC(257) Concurrent Mark Cycle 2060.088ms
[122.786s][info][gc,start    ] GC(262) Pause Young (Prepare Mixed) (G1 Evacuation Pause)
[122.786s][info][gc,task     ] GC(262) Using 2 workers of 2 for evacuation
[122.818s][info][gc,phases   ] GC(262)   Pre Evacuate Collection Set: 0.34ms
[122.818s][info][gc,phases   ] GC(262)   Merge Heap Roots: 0.41ms
[122.818s][info][gc,phases   ] GC(262)   Evacuate Collection Set: 29.89ms
[122.818s][info][gc,phases   ] GC(262)   Post Evacuate Collection Set: 0.60ms
[122.818s][info][gc,phases   ] GC(262)   Other: 0.12ms
[122.818s][info][gc,heap     ] GC(262) Eden regions: 211->0(222)
[122.818s][info][gc,heap     ] GC(262) Survivor regions: 10->13(28)
[122.818s][info][gc,heap     ] GC(262) Old regions: 568->568
[122.818s][info][gc,heap     ] GC(262) Humongous regions: 7->7
[122.818s][info][gc,metaspace] GC(262) Metaspace: 18219K(18368K)->18219K(18368K) NonClass: 16391K(16512K)->16391K(16512K) Class: 1828K(1856K)->1828K(1856K)
[122.818s][info][gc          ] GC(262) Pause Young (Prepare Mixed) (G1 Evacuation Pause) 795M->588M(896M) 31.637ms
[122.818s][info][gc,cpu      ] GC(262) User=0.06s Sys=0.00s Real=0.03s
[123.015s][info][gc,start    ] GC(263) Pause Young (Mixed) (G1 Evacuation Pause)
[123.015s][info][gc,task     ] GC(263) Using 2 workers of 2 for evacuation
[123.108s][info][gc,phases   ] GC(263)   Pre Evacuate Collection Set: 0.30ms
[123.108s][info][gc,phases   ] GC(263)   Merge Heap Roots: 0.81ms
[123.108s][info][gc,phases   ] GC(263)   Evacuate Collection Set: 91.81ms
[123.108s][info][gc,phases   ] GC(263)   Post Evacuate Collection Set: 0.62ms
[123.108s][info][gc,phases   ] GC(263)   Other: 0.11ms
[123.108s][info][gc,heap     ] GC(263) Eden regions: 222->0(227)
[123.108s][info][gc,heap     ] GC(263) Survivor regions: 13->30(30)
[123.108s][info][gc,heap     ] GC(263) Old regions: 568->543
[123.108s][info][gc,heap     ] GC(263) Humongous regions: 8->8
[123.108s][info][gc,metaspace] GC(263) Metaspace: 18227K(18368K)->18227K(18368K) NonClass: 16398K(16512K)->16398K(16512K) Class: 1828K(1856K)->1828K(1856K)
[123.108s][info][gc          ] GC(263) Pause Young (Mixed) (G1 Evacuation Pause) 811M->580M(896M) 93.963ms
[123.108s][info][gc,cpu      ] GC(263) User=0.19s Sys=0.00s Real=0.09s
[123.298s][info][gc,start    ] GC(264) Pause Young (Concurrent Start) (G1 Evacuation Pause)
[123.298s][info][gc,task     ] GC(264) Using 2 workers of 2 for evacuation
[123.369s][info][gc,phases   ] GC(264)   Pre Evacuate Collection Set: 0.35ms
[123.369s][info][gc,phases   ] GC(264)   Merge Heap Roots: 0.35ms
[123.369s][info][gc,phases   ] GC(264)   Evacuate Collection Set: 69.18ms
[123.369s][info][gc,phases   ] GC(264)   Post Evacuate Collection Set: 1.02ms
[123.369s][info][gc,phases   ] GC(264)   Other: 0.13ms
[123.369s][info][gc,heap     ] GC(264) Eden regions: 227->0(239)
[123.369s][info][gc,heap     ] GC(264) Survivor regions: 30->22(33)
[123.369s][info][gc,heap     ] GC(264) Old regions: 543->573
[123.369s][info][gc,heap     ] GC(264) Humongous regions: 8->8
[123.369s][info][gc,metaspace] GC(264) Metaspace: 18231K(18368K)->18231K(18368K) NonClass: 16402K(16512K)->16402K(16512K) Class: 1828K(1856K)->1828K(1856K)
[123.369s][info][gc          ] GC(264) Pause Young (Concurrent Start) (G1 Evacuation Pause) 807M->602M(929M) 71.257ms
[123.369s][info][gc,cpu      ] GC(264) User=0.14s Sys=0.01s Real=0.07s
[123.369s][info][gc          ] GC(265) Concurrent Mark Cycle
[123.369s][info][gc,marking  ] GC(265) Concurrent Scan Root Regions
[123.425s][info][gc,marking  ] GC(265) Concurrent Scan Root Regions 55.940ms
[123.425s][info][gc,marking  ] GC(265) Concurrent Mark
[123.425s][info][gc,marking  ] GC(265) Concurrent Mark From Roots
[123.425s][info][gc,task     ] GC(265) Using 1 workers of 1 for marking
[124.421s][info][gc,start    ] GC(266) Pause Young (Normal) (G1 Evacuation Pause)
[124.421s][info][gc,task     ] GC(266) Using 2 workers of 2 for evacuation
[124.467s][info][gc,phases   ] GC(266)   Pre Evacuate Collection Set: 0.47ms
[124.467s][info][gc,phases   ] GC(266)   Merge Heap Roots: 0.39ms
[124.467s][info][gc,phases   ] GC(266)   Evacuate Collection Set: 44.46ms
[124.467s][info][gc,phases   ] GC(266)   Post Evacuate Collection Set: 0.54ms
[124.467s][info][gc,phases   ] GC(266)   Other: 0.12ms
[124.467s][info][gc,heap     ] GC(266) Eden regions: 239->0(236)
[124.467s][info][gc,heap     ] GC(266) Survivor regions: 22->14(33)
[124.467s][info][gc,heap     ] GC(266) Old regions: 573->595
[124.467s][info][gc,heap     ] GC(266) Humongous regions: 8->8
[124.467s][info][gc,metaspace] GC(266) Metaspace: 18238K(18368K)->18238K(18368K) NonClass: 16409K(16512K)->16409K(16512K) Class: 1828K(1856K)->1828K(1856K)
[124.467s][info][gc          ] GC(266) Pause Young (Normal) (G1 Evacuation Pause) 841M->616M(929M) 46.264ms
[124.467s][info][gc,cpu      ] GC(266) User=0.09s Sys=0.00s Real=0.05s
[124.580s][info][gc,marking  ] GC(265) Concurrent Mark From Roots 1154.289ms
[124.580s][info][gc,marking  ] GC(265) Concurrent Preclean
[124.580s][info][gc,marking  ] GC(265) Concurrent Preclean 0.056ms
[124.580s][info][gc,start    ] GC(265) Pause Remark
[124.588s][info][gc          ] GC(265) Pause Remark 639M->542M(929M) 7.870ms
[124.588s][info][gc,cpu      ] GC(265) User=0.01s Sys=0.00s Real=0.01s
[124.588s][info][gc,marking  ] GC(265) Concurrent Mark 1162.560ms
[124.588s][info][gc,marking  ] GC(265) Concurrent Rebuild Remembered Sets and Scrub Regions
[125.198s][info][gc,marking  ] GC(265) Concurrent Rebuild Remembered Sets and Scrub Regions 609.892ms
[125.200s][info][gc,start    ] GC(265) Pause Cleanup
[125.200s][info][gc          ] GC(265) Pause Cleanup 731M->731M(929M) 0.176ms
[125.200s][info][gc,cpu      ] GC(265) User=0.00s Sys=0.00s Real=0.00s
[125.200s][info][gc,marking  ] GC(265) Concurrent Clear Claimed Marks
[125.200s][info][gc,marking  ] GC(265) Concurrent Clear Claimed Marks 0.031ms
[125.200s][info][gc,marking  ] GC(265) Concurrent Cleanup for Next Mark
[125.205s][info][gc,marking  ] GC(265) Concurrent Cleanup for Next Mark 5.237ms
[125.205s][info][gc          ] GC(265) Concurrent Mark Cycle 1835.917ms
[125.231s][info][gc,start    ] GC(267) Pause Young (Prepare Mixed) (G1 Evacuation Pause)
[125.231s][info][gc,task     ] GC(267) Using 2 workers of 2 for evacuation
[125.278s][info][gc,phases   ] GC(267)   Pre Evacuate Collection Set: 0.29ms
[125.278s][info][gc,phases   ] GC(267)   Merge Heap Roots: 0.41ms
[125.278s][info][gc,phases   ] GC(267)   Evacuate Collection Set: 45.24ms
[125.278s][info][gc,phases   ] GC(267)   Post Evacuate Collection Set: 0.57ms
[125.278s][info][gc,phases   ] GC(267)   Other: 0.14ms
[125.278s][info][gc,heap     ] GC(267) Eden regions: 236->0(300)
[125.278s][info][gc,heap     ] GC(267) Survivor regions: 14->32(32)
[125.278s][info][gc,heap     ] GC(267) Old regions: 501->501
[125.278s][info][gc,heap     ] GC(267) Humongous regions: 5->5
[125.278s][info][gc,metaspace] GC(267) Metaspace: 18246K(18368K)->18246K(18368K) NonClass: 16418K(16512K)->16418K(16512K) Class: 1828K(1856K)->1828K(1856K)
[125.278s][info][gc          ] GC(267) Pause Young (Prepare Mixed) (G1 Evacuation Pause) 755M->538M(929M) 46.949ms
[125.278s][info][gc,cpu      ] GC(267) User=0.10s Sys=0.00s Real=0.05s
[125.624s][info][gc,start    ] GC(268) Pause Young (Mixed) (G1 Evacuation Pause)
[125.624s][info][gc,task     ] GC(268) Using 2 workers of 2 for evacuation
[125.790s][info][gc,phases   ] GC(268)   Pre Evacuate Collection Set: 0.51ms
[125.790s][info][gc,phases   ] GC(268)   Merge Heap Roots: 1.53ms
[125.790s][info][gc,phases   ] GC(268)   Evacuate Collection Set: 162.31ms
[125.790s][info][gc,phases   ] GC(268)   Post Evacuate Collection Set: 1.48ms
[125.790s][info][gc,phases   ] GC(268)   Other: 0.14ms
[125.790s][info][gc,heap     ] GC(268) Eden regions: 300->0(5)
[125.790s][info][gc,heap     ] GC(268) Survivor regions: 32->42(42)
[125.790s][info][gc,heap     ] GC(268) Old regions: 501->488
[125.790s][info][gc,heap     ] GC(268) Humongous regions: 5->5
[125.790s][info][gc,metaspace] GC(268) Metaspace: 18246K(18368K)->18246K(18368K) NonClass: 16418K(16512K)->16418K(16512K) Class: 1828K(1856K)->1828K(1856K)
[125.790s][info][gc          ] GC(268) Pause Young (Mixed) (G1 Evacuation Pause) 838M->534M(942M) 166.280ms
[125.790s][info][gc,cpu      ] GC(268) User=0.32s Sys=0.01s Real=0.16s
[125.797s][info][gc,start    ] GC(269) Pause Young (Mixed) (G1 Evacuation Pause)
[125.797s][info][gc,task     ] GC(269) Using 2 workers of 2 for evacuation
[125.974s][info][gc,phases   ] GC(269)   Pre Evacuate Collection Set: 0.31ms
[125.974s][info][gc,phases   ] GC(269)   Merge Heap Roots: 1.61ms
[125.974s][info][gc,phases   ] GC(269)   Evacuate Collection Set: 174.67ms
[125.974s][info][gc,phases   ] GC(269)   Post Evacuate Collection Set: 0.36ms
[125.974s][info][gc,phases   ] GC(269)   Other: 0.11ms
[125.974s][info][gc,heap     ] GC(269) Eden regions: 5->0(282)
[125.974s][info][gc,heap     ] GC(269) Survivor regions: 42->3(6)
[125.974s][info][gc,heap     ] GC(269) Old regions: 488->529
[125.974s][info][gc,heap     ] GC(269) Humongous regions: 5->5
[125.974s][info][gc,metaspace] GC(269) Metaspace: 18246K(18368K)->18246K(18368K) NonClass: 16418K(16512K)->16418K(16512K) Class: 1828K(1856K)->1828K(1856K)
[125.974s][info][gc          ] GC(269) Pause Young (Mixed) (G1 Evacuation Pause) 539M->536M(942M) 177.353ms
[125.974s][info][gc,cpu      ] GC(269) User=0.35s Sys=0.00s Real=0.18s
[126.390s][info][gc,start    ] GC(270) Pause Young (Concurrent Start) (G1 Humongous Allocation)
[126.390s][info][gc,task     ] GC(270) Using 2 workers of 2 for evacuation
[126.431s][info][gc,phases   ] GC(270)   Pre Evacuate Collection Set: 0.37ms
[126.431s][info][gc,phases   ] GC(270)   Merge Heap Roots: 0.34ms
[126.431s][info][gc,phases   ] GC(270)   Evacuate Collection Set: 39.04ms
[126.431s][info][gc,phases   ] GC(270)   Post Evacuate Collection Set: 0.91ms
[126.431s][info][gc,phases   ] GC(270)   Other: 0.14ms
[126.431s][info][gc,heap     ] GC(270) Eden regions: 221->0(277)
[126.431s][info][gc,heap     ] GC(270) Survivor regions: 3->24(36)
[126.431s][info][gc,heap     ] GC(270) Old regions: 529->529
[126.431s][info][gc,heap     ] GC(270) Humongous regions: 5->5
[126.431s][info][gc,metaspace] GC(270) Metaspace: 18247K(18368K)->18247K(18368K) NonClass: 16418K(16512K)->16418K(16512K) Class: 1828K(1856K)->1828K(1856K)
[126.431s][info][gc          ] GC(270) Pause Young (Concurrent Start) (G1 Humongous Allocation) 757M->557M(957M) 41.090ms
[126.431s][info][gc,cpu      ] GC(270) User=0.08s Sys=0.00s Real=0.04s
[126.431s][info][gc          ] GC(271) Concurrent Mark Cycle
[126.431s][info][gc,marking  ] GC(271) Concurrent Scan Root Regions
[126.481s][info][gc,marking  ] GC(271) Concurrent Scan Root Regions 49.642ms
[126.481s][info][gc,marking  ] GC(271) Concurrent Mark
[126.481s][info][gc,marking  ] GC(271) Concurrent Mark From Roots
[126.481s][info][gc,task     ] GC(271) Using 1 workers of 1 for marking
[127.038s][info][gc,start    ] GC(272) Pause Young (Normal) (G1 Evacuation Pause)
[127.038s][info][gc,task     ] GC(272) Using 2 workers of 2 for evacuation
[127.166s][info][gc,phases   ] GC(272)   Pre Evacuate Collection Set: 0.29ms
[127.166s][info][gc,phases   ] GC(272)   Merge Heap Roots: 0.75ms
[127.166s][info][gc,phases   ] GC(272)   Evacuate Collection Set: 126.87ms
[127.167s][info][gc,phases   ] GC(272)   Post Evacuate Collection Set: 0.59ms
[127.167s][info][gc,phases   ] GC(272)   Other: 0.09ms
[127.167s][info][gc,heap     ] GC(272) Eden regions: 277->0(226)
[127.167s][info][gc,heap     ] GC(272) Survivor regions: 24->38(38)
[127.167s][info][gc,heap     ] GC(272) Old regions: 529->573
[127.167s][info][gc,heap     ] GC(272) Humongous regions: 8->8
[127.167s][info][gc,metaspace] GC(272) Metaspace: 18247K(18368K)->18247K(18368K) NonClass: 16418K(16512K)->16418K(16512K) Class: 1828K(1856K)->1828K(1856K)
[127.167s][info][gc          ] GC(272) Pause Young (Normal) (G1 Evacuation Pause) 837M->619M(957M) 128.916ms
[127.167s][info][gc,cpu      ] GC(272) User=0.25s Sys=0.00s Real=0.13s
[127.551s][info][gc,start    ] GC(273) Pause Young (Normal) (G1 Evacuation Pause)
[127.551s][info][gc,task     ] GC(273) Using 2 workers of 2 for evacuation
[127.603s][info][gc,phases   ] GC(273)   Pre Evacuate Collection Set: 0.28ms
[127.603s][info][gc,phases   ] GC(273)   Merge Heap Roots: 0.27ms
[127.603s][info][gc,phases   ] GC(273)   Evacuate Collection Set: 50.86ms
[127.603s][info][gc,phases   ] GC(273)   Post Evacuate Collection Set: 0.50ms
[127.603s][info][gc,phases   ] GC(273)   Other: 0.09ms
[127.603s][info][gc,heap     ] GC(273) Eden regions: 226->0(239)
[127.603s][info][gc,heap     ] GC(273) Survivor regions: 38->2(33)
[127.603s][info][gc,heap     ] GC(273) Old regions: 573->612
[127.603s][info][gc,heap     ] GC(273) Humongous regions: 8->8
[127.603s][info][gc,metaspace] GC(273) Metaspace: 18247K(18368K)->18247K(18368K) NonClass: 16418K(16512K)->16418K(16512K) Class: 1828K(1856K)->1828K(1856K)
[127.603s][info][gc          ] GC(273) Pause Young (Normal) (G1 Evacuation Pause) 845M->621M(957M) 52.258ms
[127.603s][info][gc,cpu      ] GC(273) User=0.10s Sys=0.00s Real=0.06s
[127.980s][info][gc,start    ] GC(274) Pause Young (Normal) (G1 Evacuation Pause)
[127.980s][info][gc,task     ] GC(274) Using 2 workers of 2 for evacuation
[128.039s][info][gc,phases   ] GC(274)   Pre Evacuate Collection Set: 0.54ms
[128.039s][info][gc,phases   ] GC(274)   Merge Heap Roots: 0.19ms
[128.039s][info][gc,phases   ] GC(274)   Evacuate Collection Set: 57.62ms
[128.039s][info][gc,phases   ] GC(274)   Post Evacuate Collection Set: 0.72ms
[128.039s][info][gc,phases   ] GC(274)   Other: 0.11ms
[128.039s][info][gc,heap     ] GC(274) Eden regions: 239->0(191)
[128.039s][info][gc,heap     ] GC(274) Survivor regions: 2->31(31)
[128.039s][info][gc,heap     ] GC(274) Old regions: 612->637
[128.039s][info][gc,heap     ] GC(274) Humongous regions: 8->8
[128.039s][info][gc,metaspace] GC(274) Metaspace: 18247K(18368K)->18247K(18368K) NonClass: 16418K(16512K)->16418K(16512K) Class: 1828K(1856K)->1828K(1856K)
[128.039s][info][gc          ] GC(274) Pause Young (Normal) (G1 Evacuation Pause) 860M->675M(957M) 59.436ms
[128.039s][info][gc,cpu      ] GC(274) User=0.12s Sys=0.00s Real=0.06s
[128.124s][info][gc,marking  ] GC(271) Concurrent Mark From Roots 1643.039ms
[128.124s][info][gc,marking  ] GC(271) Concurrent Preclean
[128.124s][info][gc,marking  ] GC(271) Concurrent Preclean 0.033ms
[128.124s][info][gc,start    ] GC(271) Pause Remark
[128.132s][info][gc          ] GC(271) Pause Remark 733M->696M(978M) 7.931ms
[128.132s][info][gc,cpu      ] GC(271) User=0.02s Sys=0.00s Real=0.00s
[128.132s][info][gc,marking  ] GC(271) Concurrent Mark 1651.359ms
[128.132s][info][gc,marking  ] GC(271) Concurrent Rebuild Remembered Sets and Scrub Regions
[128.475s][info][gc,start    ] GC(275) Pause Young (Normal) (G1 Evacuation Pause)
[128.475s][info][gc,task     ] GC(275) Using 2 workers of 2 for evacuation
[128.571s][info][gc,phases   ] GC(275)   Pre Evacuate Collection Set: 0.53ms
[128.571s][info][gc,phases   ] GC(275)   Merge Heap Roots: 0.44ms
[128.571s][info][gc,phases   ] GC(275)   Evacuate Collection Set: 94.91ms
[128.571s][info][gc,phases   ] GC(275)   Post Evacuate Collection Set: 0.54ms
[128.571s][info][gc,phases   ] GC(275)   Other: 0.13ms
[128.571s][info][gc,heap     ] GC(275) Eden regions: 191->0(182)
[128.571s][info][gc,heap     ] GC(275) Survivor regions: 31->28(28)
[128.571s][info][gc,heap     ] GC(275) Old regions: 601->657
[128.571s][info][gc,heap     ] GC(275) Humongous regions: 7->7
[128.572s][info][gc,metaspace] GC(275) Metaspace: 18247K(18368K)->18247K(18368K) NonClass: 16418K(16512K)->16418K(16512K) Class: 1828K(1856K)->1828K(1856K)
[128.572s][info][gc          ] GC(275) Pause Young (Normal) (G1 Evacuation Pause) 829M->692M(978M) 96.846ms
[128.572s][info][gc,cpu      ] GC(275) User=0.19s Sys=0.01s Real=0.09s
[128.870s][info][gc,marking  ] GC(271) Concurrent Rebuild Remembered Sets and Scrub Regions 738.158ms
[128.871s][info][gc,start    ] GC(271) Pause Cleanup
[128.871s][info][gc          ] GC(271) Pause Cleanup 829M->829M(978M) 0.142ms
[128.871s][info][gc,cpu      ] GC(271) User=0.00s Sys=0.00s Real=0.00s
[128.871s][info][gc,marking  ] GC(271) Concurrent Clear Claimed Marks
[128.871s][info][gc,marking  ] GC(271) Concurrent Clear Claimed Marks 0.029ms
[128.871s][info][gc,marking  ] GC(271) Concurrent Cleanup for Next Mark
[128.874s][info][gc,marking  ] GC(271) Concurrent Cleanup for Next Mark 3.392ms
[128.874s][info][gc          ] GC(271) Concurrent Mark Cycle 2443.313ms
[128.967s][info][gc,start    ] GC(276) Pause Young (Prepare Mixed) (G1 Evacuation Pause)
[128.967s][info][gc,task     ] GC(276) Using 2 workers of 2 for evacuation
[129.051s][info][gc,phases   ] GC(276)   Pre Evacuate Collection Set: 0.53ms
[129.051s][info][gc,phases   ] GC(276)   Merge Heap Roots: 0.53ms
[129.051s][info][gc,phases   ] GC(276)   Evacuate Collection Set: 82.42ms
[129.051s][info][gc,phases   ] GC(276)   Post Evacuate Collection Set: 0.65ms
[129.051s][info][gc,phases   ] GC(276)   Other: 0.11ms
[129.051s][info][gc,heap     ] GC(276) Eden regions: 182->0(160)
[129.051s][info][gc,heap     ] GC(276) Survivor regions: 28->27(27)
[129.051s][info][gc,heap     ] GC(276) Old regions: 657->688
[129.051s][info][gc,heap     ] GC(276) Humongous regions: 10->10
[129.051s][info][gc,metaspace] GC(276) Metaspace: 18247K(18368K)->18247K(18368K) NonClass: 16418K(16512K)->16418K(16512K) Class: 1828K(1856K)->1828K(1856K)
[129.051s][info][gc          ] GC(276) Pause Young (Prepare Mixed) (G1 Evacuation Pause) 877M->725M(978M) 84.517ms
[129.051s][info][gc,cpu      ] GC(276) User=0.16s Sys=0.00s Real=0.08s
[129.282s][info][gc,start    ] GC(277) Pause Young (Mixed) (G1 Evacuation Pause)
[129.282s][info][gc,task     ] GC(277) Using 2 workers of 2 for evacuation
[129.410s][info][gc,phases   ] GC(277)   Pre Evacuate Collection Set: 0.58ms
[129.410s][info][gc,phases   ] GC(277)   Merge Heap Roots: 1.21ms
[129.410s][info][gc,phases   ] GC(277)   Evacuate Collection Set: 124.72ms
[129.410s][info][gc,phases   ] GC(277)   Post Evacuate Collection Set: 0.71ms
[129.410s][info][gc,phases   ] GC(277)   Other: 0.09ms
[129.410s][info][gc,heap     ] GC(277) Eden regions: 160->0(164)
[129.410s][info][gc,heap     ] GC(277) Survivor regions: 27->24(24)
[129.410s][info][gc,heap     ] GC(277) Old regions: 688->685
[129.410s][info][gc,heap     ] GC(277) Humongous regions: 10->10
[129.410s][info][gc,metaspace] GC(277) Metaspace: 18247K(18368K)->18247K(18368K) NonClass: 16418K(16512K)->16418K(16512K) Class: 1828K(1856K)->1828K(1856K)
[129.410s][info][gc          ] GC(277) Pause Young (Mixed) (G1 Evacuation Pause) 885M->718M(978M) 127.616ms
[129.410s][info][gc,cpu      ] GC(277) User=0.25s Sys=0.00s Real=0.13s
[129.563s][info][gc,start    ] GC(278) Pause Young (Concurrent Start) (G1 Evacuation Pause)
[129.563s][info][gc,task     ] GC(278) Using 2 workers of 2 for evacuation
[129.600s][info][gc,phases   ] GC(278)   Pre Evacuate Collection Set: 0.39ms
[129.600s][info][gc,phases   ] GC(278)   Merge Heap Roots: 0.19ms
[129.600s][info][gc,phases   ] GC(278)   Evacuate Collection Set: 35.49ms
[129.600s][info][gc,phases   ] GC(278)   Post Evacuate Collection Set: 0.52ms
[129.600s][info][gc,phases   ] GC(278)   Other: 0.26ms
[129.600s][info][gc,heap     ] GC(278) Eden regions: 164->0(172)
[129.600s][info][gc,heap     ] GC(278) Survivor regions: 24->5(24)
[129.600s][info][gc,heap     ] GC(278) Old regions: 685->709
[129.600s][info][gc,heap     ] GC(278) Humongous regions: 10->10
[129.600s][info][gc,metaspace] GC(278) Metaspace: 18249K(18368K)->18249K(18368K) NonClass: 16420K(16512K)->16420K(16512K) Class: 1828K(1856K)->1828K(1856K)
[129.600s][info][gc          ] GC(278) Pause Young (Concurrent Start) (G1 Evacuation Pause) 882M->724M(978M) 37.121ms
[129.600s][info][gc,cpu      ] GC(278) User=0.07s Sys=0.00s Real=0.03s
[129.600s][info][gc          ] GC(279) Concurrent Mark Cycle
[129.600s][info][gc,marking  ] GC(279) Concurrent Scan Root Regions
[129.674s][info][gc,marking  ] GC(279) Concurrent Scan Root Regions 74.091ms
[129.674s][info][gc,marking  ] GC(279) Concurrent Mark
[129.674s][info][gc,marking  ] GC(279) Concurrent Mark From Roots
[129.674s][info][gc,task     ] GC(279) Using 1 workers of 1 for marking
[130.049s][info][gc,start    ] GC(280) Pause Young (Normal) (G1 Evacuation Pause)
[130.049s][info][gc,task     ] GC(280) Using 2 workers of 2 for evacuation
[130.070s][info][gc,phases   ] GC(280)   Pre Evacuate Collection Set: 0.33ms
[130.070s][info][gc,phases   ] GC(280)   Merge Heap Roots: 0.42ms
[130.070s][info][gc,phases   ] GC(280)   Evacuate Collection Set: 19.62ms
[130.070s][info][gc,phases   ] GC(280)   Post Evacuate Collection Set: 0.59ms
[130.070s][info][gc,phases   ] GC(280)   Other: 0.11ms
[130.070s][info][gc,heap     ] GC(280) Eden regions: 172->0(179)
[130.070s][info][gc,heap     ] GC(280) Survivor regions: 5->10(23)
[130.070s][info][gc,heap     ] GC(280) Old regions: 709->709
[130.070s][info][gc,heap     ] GC(280) Humongous regions: 10->10
[130.070s][info][gc,metaspace] GC(280) Metaspace: 18249K(18368K)->18249K(18368K) NonClass: 16420K(16512K)->16420K(16512K) Class: 1828K(1856K)->1828K(1856K)
[130.070s][info][gc          ] GC(280) Pause Young (Normal) (G1 Evacuation Pause) 896M->728M(978M) 21.340ms
[130.070s][info][gc,cpu      ] GC(280) User=0.04s Sys=0.00s Real=0.02s
[130.464s][info][gc,start    ] GC(281) Pause Young (Normal) (G1 Evacuation Pause)
[130.464s][info][gc,task     ] GC(281) Using 2 workers of 2 for evacuation
[130.491s][info][gc,phases   ] GC(281)   Pre Evacuate Collection Set: 0.54ms
[130.491s][info][gc,phases   ] GC(281)   Merge Heap Roots: 0.20ms
[130.491s][info][gc,phases   ] GC(281)   Evacuate Collection Set: 25.66ms
[130.491s][info][gc,phases   ] GC(281)   Post Evacuate Collection Set: 0.49ms
[130.491s][info][gc,phases   ] GC(281)   Other: 0.11ms
[130.491s][info][gc,heap     ] GC(281) Eden regions: 179->0(171)
[130.491s][info][gc,heap     ] GC(281) Survivor regions: 10->19(24)
[130.491s][info][gc,heap     ] GC(281) Old regions: 709->709
[130.491s][info][gc,heap     ] GC(281) Humongous regions: 10->10
[130.491s][info][gc,metaspace] GC(281) Metaspace: 18249K(18368K)->18249K(18368K) NonClass: 16421K(16512K)->16421K(16512K) Class: 1828K(1856K)->1828K(1856K)
[130.491s][info][gc          ] GC(281) Pause Young (Normal) (G1 Evacuation Pause) 907M->738M(978M) 27.265ms
[130.491s][info][gc,cpu      ] GC(281) User=0.05s Sys=0.00s Real=0.02s
[130.967s][info][gc,start    ] GC(282) Pause Young (Normal) (G1 Evacuation Pause)
[130.967s][info][gc,task     ] GC(282) Using 2 workers of 2 for evacuation
[131.018s][info][gc,phases   ] GC(282)   Pre Evacuate Collection Set: 0.56ms
[131.018s][info][gc,phases   ] GC(282)   Merge Heap Roots: 0.28ms
[131.018s][info][gc,phases   ] GC(282)   Evacuate Collection Set: 49.38ms
[131.018s][info][gc,phases   ] GC(282)   Post Evacuate Collection Set: 0.47ms
[131.018s][info][gc,phases   ] GC(282)   Other: 0.11ms
[131.018s][info][gc,heap     ] GC(282) Eden regions: 171->0(147)
[131.018s][info][gc,heap     ] GC(282) Survivor regions: 19->24(24)
[131.018s][info][gc,heap     ] GC(282) Old regions: 709->723
[131.018s][info][gc,heap     ] GC(282) Humongous regions: 10->10
[131.018s][info][gc,metaspace] GC(282) Metaspace: 18249K(18368K)->18249K(18368K) NonClass: 16421K(16512K)->16421K(16512K) Class: 1828K(1856K)->1828K(1856K)
[131.018s][info][gc          ] GC(282) Pause Young (Normal) (G1 Evacuation Pause) 909M->756M(978M) 51.077ms
[131.018s][info][gc,cpu      ] GC(282) User=0.10s Sys=0.00s Real=0.05s
[131.672s][info][gc,marking  ] GC(279) Concurrent Mark From Roots 1997.753ms
[131.672s][info][gc,marking  ] GC(279) Concurrent Preclean
[131.672s][info][gc,marking  ] GC(279) Concurrent Preclean 0.034ms
[131.673s][info][gc,start    ] GC(279) Pause Remark
[131.681s][info][gc          ] GC(279) Pause Remark 888M->745M(978M) 7.860ms
[131.681s][info][gc,cpu      ] GC(279) User=0.01s Sys=0.00s Real=0.00s
[131.681s][info][gc,marking  ] GC(279) Concurrent Mark 2006.919ms
[131.681s][info][gc,marking  ] GC(279) Concurrent Rebuild Remembered Sets and Scrub Regions
[131.730s][info][gc,start    ] GC(283) Pause Young (Normal) (G1 Evacuation Pause)
[131.730s][info][gc,task     ] GC(283) Using 2 workers of 2 for evacuation
[131.760s][info][gc,phases   ] GC(283)   Pre Evacuate Collection Set: 0.32ms
[131.760s][info][gc,phases   ] GC(283)   Merge Heap Roots: 0.17ms
[131.760s][info][gc,phases   ] GC(283)   Evacuate Collection Set: 28.77ms
[131.760s][info][gc,phases   ] GC(283)   Post Evacuate Collection Set: 0.46ms
[131.760s][info][gc,phases   ] GC(283)   Other: 0.09ms
[131.760s][info][gc,heap     ] GC(283) Eden regions: 147->0(276)
[131.760s][info][gc,heap     ] GC(283) Survivor regions: 24->1(22)
[131.760s][info][gc,heap     ] GC(283) Old regions: 584->608
[131.760s][info][gc,heap     ] GC(283) Humongous regions: 6->6
[131.760s][info][gc,metaspace] GC(283) Metaspace: 18250K(18368K)->18250K(18368K) NonClass: 16421K(16512K)->16421K(16512K) Class: 1828K(1856K)->1828K(1856K)
[131.760s][info][gc          ] GC(283) Pause Young (Normal) (G1 Evacuation Pause) 760M->615M(978M) 30.090ms
[131.760s][info][gc,cpu      ] GC(283) User=0.06s Sys=0.00s Real=0.03s
[132.308s][info][gc,marking  ] GC(279) Concurrent Rebuild Remembered Sets and Scrub Regions 626.525ms
[132.308s][info][gc,start    ] GC(279) Pause Cleanup
[132.308s][info][gc          ] GC(279) Pause Cleanup 741M->741M(978M) 0.164ms
[132.308s][info][gc,cpu      ] GC(279) User=0.00s Sys=0.00s Real=0.00s
[132.308s][info][gc,marking  ] GC(279) Concurrent Clear Claimed Marks
[132.308s][info][gc,marking  ] GC(279) Concurrent Clear Claimed Marks 0.037ms
[132.308s][info][gc,marking  ] GC(279) Concurrent Cleanup for Next Mark
[132.313s][info][gc,marking  ] GC(279) Concurrent Cleanup for Next Mark 5.017ms
[132.313s][info][gc          ] GC(279) Concurrent Mark Cycle 2713.238ms
[132.686s][info][gc,start    ] GC(284) Pause Young (Prepare Mixed) (G1 Evacuation Pause)
[132.686s][info][gc,task     ] GC(284) Using 2 workers of 2 for evacuation
[132.689s][info][gc,phases   ] GC(284)   Pre Evacuate Collection Set: 0.58ms
[132.689s][info][gc,phases   ] GC(284)   Merge Heap Roots: 0.14ms
[132.689s][info][gc,phases   ] GC(284)   Evacuate Collection Set: 1.26ms
[132.689s][info][gc,phases   ] GC(284)   Post Evacuate Collection Set: 0.47ms
[132.689s][info][gc,phases   ] GC(284)   Other: 0.08ms
[132.689s][info][gc,heap     ] GC(284) Eden regions: 276->0(292)
[132.689s][info][gc,heap     ] GC(284) Survivor regions: 1->1(35)
[132.689s][info][gc,heap     ] GC(284) Old regions: 608->608
[132.689s][info][gc,heap     ] GC(284) Humongous regions: 6->6
[132.689s][info][gc,metaspace] GC(284) Metaspace: 18253K(18368K)->18253K(18368K) NonClass: 16425K(16512K)->16425K(16512K) Class: 1828K(1856K)->1828K(1856K)
[132.689s][info][gc          ] GC(284) Pause Young (Prepare Mixed) (G1 Evacuation Pause) 891M->615M(978M) 2.753ms
[132.689s][info][gc,cpu      ] GC(284) User=0.01s Sys=0.00s Real=0.00s
[133.369s][info][gc,start    ] GC(285) Pause Young (Mixed) (G1 Evacuation Pause)
[133.369s][info][gc,task     ] GC(285) Using 2 workers of 2 for evacuation
[133.410s][info][gc,phases   ] GC(285)   Pre Evacuate Collection Set: 0.56ms
[133.410s][info][gc,phases   ] GC(285)   Merge Heap Roots: 0.53ms
[133.410s][info][gc,phases   ] GC(285)   Evacuate Collection Set: 38.90ms
[133.410s][info][gc,phases   ] GC(285)   Post Evacuate Collection Set: 0.61ms
[133.410s][info][gc,phases   ] GC(285)   Other: 0.09ms
[133.410s][info][gc,heap     ] GC(285) Eden regions: 292->0(281)
[133.410s][info][gc,heap     ] GC(285) Survivor regions: 1->24(37)
[133.410s][info][gc,heap     ] GC(285) Old regions: 608->592
[133.410s][info][gc,heap     ] GC(285) Humongous regions: 6->6
[133.410s][info][gc,metaspace] GC(285) Metaspace: 18254K(18368K)->18254K(18368K) NonClass: 16425K(16512K)->16425K(16512K) Class: 1828K(1856K)->1828K(1856K)
[133.410s][info][gc          ] GC(285) Pause Young (Mixed) (G1 Evacuation Pause) 907M->622M(978M) 40.975ms
[133.410s][info][gc,cpu      ] GC(285) User=0.08s Sys=0.00s Real=0.04s
[133.864s][info][gc,start    ] GC(286) Pause Young (Concurrent Start) (G1 Evacuation Pause)
[133.864s][info][gc,task     ] GC(286) Using 2 workers of 2 for evacuation
[133.943s][info][gc,phases   ] GC(286)   Pre Evacuate Collection Set: 0.31ms
[133.943s][info][gc,phases   ] GC(286)   Merge Heap Roots: 0.13ms
[133.943s][info][gc,phases   ] GC(286)   Evacuate Collection Set: 76.26ms
[133.943s][info][gc,phases   ] GC(286)   Post Evacuate Collection Set: 2.14ms
[133.943s][info][gc,phases   ] GC(286)   Other: 0.14ms
[133.943s][info][gc,heap     ] GC(286) Eden regions: 281->0(189)
[133.943s][info][gc,heap     ] GC(286) Survivor regions: 24->39(39)
[133.943s][info][gc,heap     ] GC(286) Old regions: 592->655
[133.943s][info][gc,heap     ] GC(286) Humongous regions: 6->6
[133.943s][info][gc,metaspace] GC(286) Metaspace: 18254K(18368K)->18254K(18368K) NonClass: 16425K(16512K)->16425K(16512K) Class: 1828K(1856K)->1828K(1856K)
[133.943s][info][gc          ] GC(286) Pause Young (Concurrent Start) (G1 Evacuation Pause) (Evacuation Failure: Allocation) 903M->700M(978M) 79.274ms
[133.943s][info][gc          ] GC(287) Concurrent Mark Cycle
[133.943s][info][gc,marking  ] GC(287) Concurrent Scan Root Regions
[133.946s][info][gc,cpu      ] GC(286) User=0.16s Sys=0.00s Real=0.08s
[134.004s][info][gc,marking  ] GC(287) Concurrent Scan Root Regions 60.226ms
[134.004s][info][gc,marking  ] GC(287) Concurrent Mark
[134.004s][info][gc,marking  ] GC(287) Concurrent Mark From Roots
[134.004s][info][gc,task     ] GC(287) Using 1 workers of 1 for marking
[134.495s][info][gc,start    ] GC(288) Pause Young (Normal) (G1 Evacuation Pause)
[134.495s][info][gc,task     ] GC(288) Using 2 workers of 2 for evacuation
[134.607s][info][gc,phases   ] GC(288)   Pre Evacuate Collection Set: 0.54ms
[134.607s][info][gc,phases   ] GC(288)   Merge Heap Roots: 0.38ms
[134.607s][info][gc,phases   ] GC(288)   Evacuate Collection Set: 110.83ms
[134.607s][info][gc,phases   ] GC(288)   Post Evacuate Collection Set: 0.61ms
[134.607s][info][gc,phases   ] GC(288)   Other: 0.12ms
[134.607s][info][gc,heap     ] GC(288) Eden regions: 189->0(183)
[134.607s][info][gc,heap     ] GC(288) Survivor regions: 39->29(29)
[134.607s][info][gc,heap     ] GC(288) Old regions: 655->676
[134.607s][info][gc,heap     ] GC(288) Humongous regions: 9->9
[134.608s][info][gc,metaspace] GC(288) Metaspace: 18254K(18368K)->18254K(18368K) NonClass: 16425K(16512K)->16425K(16512K) Class: 1828K(1856K)->1828K(1856K)
[134.608s][info][gc          ] GC(288) Pause Young (Normal) (G1 Evacuation Pause) 892M->714M(978M) 112.731ms
[134.608s][info][gc,cpu      ] GC(288) User=0.22s Sys=0.00s Real=0.11s
[135.052s][info][gc,start    ] GC(289) Pause Young (Normal) (G1 Evacuation Pause)
[135.052s][info][gc,task     ] GC(289) Using 2 workers of 2 for evacuation
[135.142s][info][gc,phases   ] GC(289)   Pre Evacuate Collection Set: 0.32ms
[135.142s][info][gc,phases   ] GC(289)   Merge Heap Roots: 0.62ms
[135.142s][info][gc,phases   ] GC(289)   Evacuate Collection Set: 88.47ms
[135.142s][info][gc,phases   ] GC(289)   Post Evacuate Collection Set: 0.53ms
[135.142s][info][gc,phases   ] GC(289)   Other: 0.11ms
[135.142s][info][gc,heap     ] GC(289) Eden regions: 183->0(161)
[135.142s][info][gc,heap     ] GC(289) Survivor regions: 29->26(27)
[135.142s][info][gc,heap     ] GC(289) Old regions: 676->706
[135.142s][info][gc,heap     ] GC(289) Humongous regions: 9->9
[135.142s][info][gc,metaspace] GC(289) Metaspace: 18254K(18368K)->18254K(18368K) NonClass: 16425K(16512K)->16425K(16512K) Class: 1828K(1856K)->1828K(1856K)
[135.142s][info][gc          ] GC(289) Pause Young (Normal) (G1 Evacuation Pause) 897M->740M(978M) 90.317ms
[135.142s][info][gc,cpu      ] GC(289) User=0.18s Sys=0.00s Real=0.09s
[135.415s][info][gc,start    ] GC(290) Pause Young (Normal) (G1 Evacuation Pause)
[135.415s][info][gc,task     ] GC(290) Using 2 workers of 2 for evacuation
[135.452s][info][gc,phases   ] GC(290)   Pre Evacuate Collection Set: 0.56ms
[135.452s][info][gc,phases   ] GC(290)   Merge Heap Roots: 0.20ms
[135.452s][info][gc,phases   ] GC(290)   Evacuate Collection Set: 35.49ms
[135.452s][info][gc,phases   ] GC(290)   Post Evacuate Collection Set: 0.43ms
[135.452s][info][gc,phases   ] GC(290)   Other: 0.11ms
[135.452s][info][gc,heap     ] GC(290) Eden regions: 161->0(172)
[135.452s][info][gc,heap     ] GC(290) Survivor regions: 26->2(24)
[135.452s][info][gc,heap     ] GC(290) Old regions: 706->732
[135.452s][info][gc,heap     ] GC(290) Humongous regions: 9->9
[135.452s][info][gc,metaspace] GC(290) Metaspace: 18254K(18368K)->18254K(18368K) NonClass: 16425K(16512K)->16425K(16512K) Class: 1828K(1856K)->1828K(1856K)
[135.452s][info][gc          ] GC(290) Pause Young (Normal) (G1 Evacuation Pause) 901M->742M(978M) 37.092ms
[135.453s][info][gc,cpu      ] GC(290) User=0.07s Sys=0.00s Real=0.03s
[135.817s][info][gc,start    ] GC(291) Pause Young (Normal) (G1 Evacuation Pause)
[135.817s][info][gc,task     ] GC(291) Using 2 workers of 2 for evacuation
[135.842s][info][gc,phases   ] GC(291)   Pre Evacuate Collection Set: 0.34ms
[135.842s][info][gc,phases   ] GC(291)   Merge Heap Roots: 0.23ms
[135.842s][info][gc,phases   ] GC(291)   Evacuate Collection Set: 23.60ms
[135.842s][info][gc,phases   ] GC(291)   Post Evacuate Collection Set: 0.46ms
[135.842s][info][gc,phases   ] GC(291)   Other: 0.12ms
[135.842s][info][gc,heap     ] GC(291) Eden regions: 172->0(157)
[135.842s][info][gc,heap     ] GC(291) Survivor regions: 2->15(22)
[135.842s][info][gc,heap     ] GC(291) Old regions: 732->732
[135.842s][info][gc,heap     ] GC(291) Humongous regions: 9->9
[135.842s][info][gc,metaspace] GC(291) Metaspace: 18257K(18368K)->18257K(18368K) NonClass: 16428K(16512K)->16428K(16512K) Class: 1828K(1856K)->1828K(1856K)
[135.842s][info][gc          ] GC(291) Pause Young (Normal) (G1 Evacuation Pause) 914M->755M(978M) 25.008ms
[135.842s][info][gc,cpu      ] GC(291) User=0.05s Sys=0.00s Real=0.02s
[136.029s][info][gc,marking  ] GC(287) Concurrent Mark From Roots 2025.201ms
[136.029s][info][gc,marking  ] GC(287) Concurrent Preclean
[136.029s][info][gc,marking  ] GC(287) Concurrent Preclean 0.032ms
[136.029s][info][gc,start    ] GC(287) Pause Remark
[136.037s][info][gc          ] GC(287) Pause Remark 867M->853M(978M) 7.882ms
[136.037s][info][gc,cpu      ] GC(287) User=0.01s Sys=0.00s Real=0.01s
[136.037s][info][gc,marking  ] GC(287) Concurrent Mark 2033.472ms
[136.037s][info][gc,marking  ] GC(287) Concurrent Rebuild Remembered Sets and Scrub Regions
[136.123s][info][gc,start    ] GC(292) Pause Young (Normal) (G1 Evacuation Pause)
[136.123s][info][gc,task     ] GC(292) Using 2 workers of 2 for evacuation
[136.155s][info][gc,phases   ] GC(292)   Pre Evacuate Collection Set: 0.33ms
[136.155s][info][gc,phases   ] GC(292)   Merge Heap Roots: 0.13ms
[136.155s][info][gc,phases   ] GC(292)   Evacuate Collection Set: 30.99ms
[136.155s][info][gc,phases   ] GC(292)   Post Evacuate Collection Set: 0.47ms
[136.155s][info][gc,phases   ] GC(292)   Other: 0.10ms
[136.155s][info][gc,heap     ] GC(292) Eden regions: 157->0(162)
[136.155s][info][gc,heap     ] GC(292) Survivor regions: 15->12(22)
[136.155s][info][gc,heap     ] GC(292) Old regions: 718->733
[136.155s][info][gc,heap     ] GC(292) Humongous regions: 9->9
[136.155s][info][gc,metaspace] GC(292) Metaspace: 18257K(18368K)->18257K(18368K) NonClass: 16428K(16512K)->16428K(16512K) Class: 1828K(1856K)->1828K(1856K)
[136.155s][info][gc          ] GC(292) Pause Young (Normal) (G1 Evacuation Pause) 898M->753M(978M) 32.303ms
[136.155s][info][gc,cpu      ] GC(292) User=0.06s Sys=0.01s Real=0.03s
[136.403s][info][gc,start    ] GC(293) Pause Young (Normal) (G1 Evacuation Pause)
[136.403s][info][gc,task     ] GC(293) Using 2 workers of 2 for evacuation
[136.451s][info][gc,phases   ] GC(293)   Pre Evacuate Collection Set: 0.30ms
[136.451s][info][gc,phases   ] GC(293)   Merge Heap Roots: 0.20ms
[136.451s][info][gc,phases   ] GC(293)   Evacuate Collection Set: 47.38ms
[136.451s][info][gc,phases   ] GC(293)   Post Evacuate Collection Set: 0.48ms
[136.451s][info][gc,phases   ] GC(293)   Other: 0.11ms
[136.452s][info][gc,heap     ] GC(293) Eden regions: 162->0(123)
[136.452s][info][gc,heap     ] GC(293) Survivor regions: 12->22(22)
[136.452s][info][gc,heap     ] GC(293) Old regions: 733->752
[136.452s][info][gc,heap     ] GC(293) Humongous regions: 9->9
[136.452s][info][gc,metaspace] GC(293) Metaspace: 18257K(18368K)->18257K(18368K) NonClass: 16429K(16512K)->16429K(16512K) Class: 1828K(1856K)->1828K(1856K)
[136.452s][info][gc          ] GC(293) Pause Young (Normal) (G1 Evacuation Pause) 915M->782M(978M) 48.796ms
[136.452s][info][gc,cpu      ] GC(293) User=0.10s Sys=0.00s Real=0.04s
[136.644s][info][gc,start    ] GC(294) Pause Young (Normal) (G1 Evacuation Pause)
[136.644s][info][gc,task     ] GC(294) Using 2 workers of 2 for evacuation
[136.702s][info][gc,phases   ] GC(294)   Pre Evacuate Collection Set: 0.54ms
[136.702s][info][gc,phases   ] GC(294)   Merge Heap Roots: 0.27ms
[136.702s][info][gc,phases   ] GC(294)   Evacuate Collection Set: 56.55ms
[136.702s][info][gc,phases   ] GC(294)   Post Evacuate Collection Set: 0.53ms
[136.702s][info][gc,phases   ] GC(294)   Other: 0.10ms
[136.702s][info][gc,heap     ] GC(294) Eden regions: 123->0(105)
[136.702s][info][gc,heap     ] GC(294) Survivor regions: 22->19(19)
[136.702s][info][gc,heap     ] GC(294) Old regions: 752->776
[136.702s][info][gc,heap     ] GC(294) Humongous regions: 9->9
[136.702s][info][gc,metaspace] GC(294) Metaspace: 18257K(18368K)->18257K(18368K) NonClass: 16429K(16512K)->16429K(16512K) Class: 1828K(1856K)->1828K(1856K)
[136.702s][info][gc          ] GC(294) Pause Young (Normal) (G1 Evacuation Pause) 905M->804M(978M) 58.278ms
[136.702s][info][gc,cpu      ] GC(294) User=0.11s Sys=0.00s Real=0.05s
[136.840s][info][gc,start    ] GC(295) Pause Young (Normal) (G1 Evacuation Pause)
[136.840s][info][gc,task     ] GC(295) Using 2 workers of 2 for evacuation
[136.888s][info][gc,phases   ] GC(295)   Pre Evacuate Collection Set: 0.34ms
[136.888s][info][gc,phases   ] GC(295)   Merge Heap Roots: 0.31ms
[136.888s][info][gc,phases   ] GC(295)   Evacuate Collection Set: 46.25ms
[136.888s][info][gc,phases   ] GC(295)   Post Evacuate Collection Set: 0.40ms
[136.888s][info][gc,phases   ] GC(295)   Other: 0.13ms
[136.888s][info][gc,heap     ] GC(295) Eden regions: 105->0(95)
[136.888s][info][gc,heap     ] GC(295) Survivor regions: 19->14(16)
[136.888s][info][gc,heap     ] GC(295) Old regions: 776->796
[136.888s][info][gc,heap     ] GC(295) Humongous regions: 9->9
[136.888s][info][gc,metaspace] GC(295) Metaspace: 18257K(18368K)->18257K(18368K) NonClass: 16429K(16512K)->16429K(16512K) Class: 1828K(1856K)->1828K(1856K)
[136.888s][info][gc          ] GC(295) Pause Young (Normal) (G1 Evacuation Pause) 909M->818M(978M) 47.672ms
[136.888s][info][gc,cpu      ] GC(295) User=0.09s Sys=0.00s Real=0.05s
[137.042s][info][gc,start    ] GC(296) Pause Young (Normal) (G1 Evacuation Pause)
[137.042s][info][gc,task     ] GC(296) Using 2 workers of 2 for evacuation
[137.065s][info][gc,phases   ] GC(296)   Pre Evacuate Collection Set: 0.54ms
[137.065s][info][gc,phases   ] GC(296)   Merge Heap Roots: 0.15ms
[137.065s][info][gc,phases   ] GC(296)   Evacuate Collection Set: 21.57ms
[137.065s][info][gc,phases   ] GC(296)   Post Evacuate Collection Set: 0.38ms
[137.065s][info][gc,phases   ] GC(296)   Other: 0.12ms
[137.065s][info][gc,heap     ] GC(296) Eden regions: 95->0(102)
[137.065s][info][gc,heap     ] GC(296) Survivor regions: 14->4(14)
[137.065s][info][gc,heap     ] GC(296) Old regions: 796->809
[137.065s][info][gc,heap     ] GC(296) Humongous regions: 9->9
[137.065s][info][gc,metaspace] GC(296) Metaspace: 18258K(18368K)->18258K(18368K) NonClass: 16429K(16512K)->16429K(16512K) Class: 1828K(1856K)->1828K(1856K)
[137.065s][info][gc          ] GC(296) Pause Young (Normal) (G1 Evacuation Pause) 913M->821M(978M) 23.018ms
[137.065s][info][gc,cpu      ] GC(296) User=0.04s Sys=0.00s Real=0.03s
[137.082s][info][gc,marking  ] GC(287) Concurrent Rebuild Remembered Sets and Scrub Regions 1044.287ms
[137.082s][info][gc,start    ] GC(287) Pause Cleanup
[137.082s][info][gc          ] GC(287) Pause Cleanup 827M->827M(978M) 0.134ms
[137.082s][info][gc,cpu      ] GC(287) User=0.00s Sys=0.00s Real=0.00s
[137.082s][info][gc,marking  ] GC(287) Concurrent Clear Claimed Marks
[137.082s][info][gc,marking  ] GC(287) Concurrent Clear Claimed Marks 0.032ms
[137.082s][info][gc,marking  ] GC(287) Concurrent Cleanup for Next Mark
[137.085s][info][gc,marking  ] GC(287) Concurrent Cleanup for Next Mark 2.963ms
[137.085s][info][gc          ] GC(287) Concurrent Mark Cycle 3141.581ms
[137.470s][info][gc,start    ] GC(297) Pause Young (Prepare Mixed) (G1 Evacuation Pause)
[137.470s][info][gc,task     ] GC(297) Using 2 workers of 2 for evacuation
[137.479s][info][gc,phases   ] GC(297)   Pre Evacuate Collection Set: 0.36ms
[137.479s][info][gc,phases   ] GC(297)   Merge Heap Roots: 0.16ms
[137.479s][info][gc,phases   ] GC(297)   Evacuate Collection Set: 8.11ms
[137.479s][info][gc,phases   ] GC(297)   Post Evacuate Collection Set: 0.41ms
[137.479s][info][gc,phases   ] GC(297)   Other: 0.11ms
[137.479s][info][gc,heap     ] GC(297) Eden regions: 102->0(100)
[137.479s][info][gc,heap     ] GC(297) Survivor regions: 4->5(14)
[137.479s][info][gc,heap     ] GC(297) Old regions: 809->809
[137.479s][info][gc,heap     ] GC(297) Humongous regions: 9->9
[137.479s][info][gc,metaspace] GC(297) Metaspace: 18260K(18368K)->18260K(18368K) NonClass: 16431K(16512K)->16431K(16512K) Class: 1828K(1856K)->1828K(1856K)
[137.479s][info][gc          ] GC(297) Pause Young (Prepare Mixed) (G1 Evacuation Pause) 923M->822M(978M) 9.408ms
[137.479s][info][gc,cpu      ] GC(297) User=0.02s Sys=0.00s Real=0.01s
[137.681s][info][gc,start    ] GC(298) Pause Young (Mixed) (G1 Evacuation Pause)
[137.681s][info][gc,task     ] GC(298) Using 2 workers of 2 for evacuation
[137.704s][info][gc,phases   ] GC(298)   Pre Evacuate Collection Set: 0.35ms
[137.704s][info][gc,phases   ] GC(298)   Merge Heap Roots: 0.25ms
[137.704s][info][gc,phases   ] GC(298)   Evacuate Collection Set: 21.52ms
[137.704s][info][gc,phases   ] GC(298)   Post Evacuate Collection Set: 0.59ms
[137.704s][info][gc,phases   ] GC(298)   Other: 0.12ms
[137.704s][info][gc,heap     ] GC(298) Eden regions: 100->0(98)
[137.704s][info][gc,heap     ] GC(298) Survivor regions: 5->13(14)
[137.704s][info][gc,heap     ] GC(298) Old regions: 809->795
[137.704s][info][gc,heap     ] GC(298) Humongous regions: 9->9
[137.704s][info][gc,metaspace] GC(298) Metaspace: 18260K(18368K)->18260K(18368K) NonClass: 16432K(16512K)->16432K(16512K) Class: 1828K(1856K)->1828K(1856K)
[137.704s][info][gc          ] GC(298) Pause Young (Mixed) (G1 Evacuation Pause) 922M->817M(978M) 23.093ms
[137.704s][info][gc,cpu      ] GC(298) User=0.04s Sys=0.00s Real=0.03s
[137.832s][info][gc,start    ] GC(299) Pause Young (Concurrent Start) (G1 Evacuation Pause)
[137.832s][info][gc,task     ] GC(299) Using 2 workers of 2 for evacuation
[137.858s][info][gc,phases   ] GC(299)   Pre Evacuate Collection Set: 0.34ms
[137.858s][info][gc,phases   ] GC(299)   Merge Heap Roots: 0.14ms
[137.858s][info][gc,phases   ] GC(299)   Evacuate Collection Set: 24.54ms
[137.858s][info][gc,phases   ] GC(299)   Post Evacuate Collection Set: 0.45ms
[137.858s][info][gc,phases   ] GC(299)   Other: 0.12ms
[137.858s][info][gc,heap     ] GC(299) Eden regions: 98->0(93)
[137.858s][info][gc,heap     ] GC(299) Survivor regions: 13->9(14)
[137.858s][info][gc,heap     ] GC(299) Old regions: 795->808
[137.858s][info][gc,heap     ] GC(299) Humongous regions: 9->9
[137.858s][info][gc,metaspace] GC(299) Metaspace: 18261K(18368K)->18261K(18368K) NonClass: 16433K(16512K)->16433K(16512K) Class: 1828K(1856K)->1828K(1856K)
[137.858s][info][gc          ] GC(299) Pause Young (Concurrent Start) (G1 Evacuation Pause) 915M->825M(978M) 25.858ms
[137.858s][info][gc,cpu      ] GC(299) User=0.05s Sys=0.00s Real=0.03s
[137.858s][info][gc          ] GC(300) Concurrent Mark Cycle
[137.858s][info][gc,marking  ] GC(300) Concurrent Scan Root Regions
[137.895s][info][gc,marking  ] GC(300) Concurrent Scan Root Regions 36.688ms
[137.895s][info][gc,marking  ] GC(300) Concurrent Mark
[137.895s][info][gc,marking  ] GC(300) Concurrent Mark From Roots
[137.895s][info][gc,task     ] GC(300) Using 1 workers of 1 for marking
[138.086s][info][gc,start    ] GC(301) Pause Young (Normal) (G1 Evacuation Pause)
[138.086s][info][gc,task     ] GC(301) Using 2 workers of 2 for evacuation
[138.112s][info][gc,phases   ] GC(301)   Pre Evacuate Collection Set: 0.33ms
[138.112s][info][gc,phases   ] GC(301)   Merge Heap Roots: 0.12ms
[138.112s][info][gc,phases   ] GC(301)   Evacuate Collection Set: 25.33ms
[138.112s][info][gc,phases   ] GC(301)   Post Evacuate Collection Set: 0.42ms
[138.112s][info][gc,phases   ] GC(301)   Other: 0.10ms
[138.112s][info][gc,heap     ] GC(301) Eden regions: 93->0(73)
[138.112s][info][gc,heap     ] GC(301) Survivor regions: 9->13(13)
[138.112s][info][gc,heap     ] GC(301) Old regions: 808->820
[138.112s][info][gc,heap     ] GC(301) Humongous regions: 9->9
[138.112s][info][gc,metaspace] GC(301) Metaspace: 18262K(18368K)->18262K(18368K) NonClass: 16434K(16512K)->16434K(16512K) Class: 1828K(1856K)->1828K(1856K)
[138.112s][info][gc          ] GC(301) Pause Young (Normal) (G1 Evacuation Pause) 918M->842M(978M) 26.580ms
[138.112s][info][gc,cpu      ] GC(301) User=0.05s Sys=0.00s Real=0.02s
[138.233s][info][gc,start    ] GC(302) Pause Young (Normal) (G1 Evacuation Pause)
[138.233s][info][gc,task     ] GC(302) Using 2 workers of 2 for evacuation
[138.271s][info][gc,phases   ] GC(302)   Pre Evacuate Collection Set: 0.32ms
[138.271s][info][gc,phases   ] GC(302)   Merge Heap Roots: 0.13ms
[138.271s][info][gc,phases   ] GC(302)   Evacuate Collection Set: 36.87ms
[138.271s][info][gc,phases   ] GC(302)   Post Evacuate Collection Set: 0.51ms
[138.271s][info][gc,phases   ] GC(302)   Other: 0.09ms
[138.271s][info][gc,heap     ] GC(302) Eden regions: 73->0(51)
[138.271s][info][gc,heap     ] GC(302) Survivor regions: 13->11(11)
[138.271s][info][gc,heap     ] GC(302) Old regions: 820->846
[138.271s][info][gc,heap     ] GC(302) Humongous regions: 9->9
[138.271s][info][gc,metaspace] GC(302) Metaspace: 18262K(18368K)->18262K(18368K) NonClass: 16434K(16512K)->16434K(16512K) Class: 1828K(1856K)->1828K(1856K)
[138.271s][info][gc          ] GC(302) Pause Young (Normal) (G1 Evacuation Pause) 915M->866M(978M) 38.199ms
[138.271s][info][gc,cpu      ] GC(302) User=0.07s Sys=0.00s Real=0.03s
[138.383s][info][gc,start    ] GC(303) Pause Young (Normal) (G1 Evacuation Pause)
[138.383s][info][gc,task     ] GC(303) Using 2 workers of 2 for evacuation
[138.411s][info][gc,phases   ] GC(303)   Pre Evacuate Collection Set: 0.32ms
[138.412s][info][gc,phases   ] GC(303)   Merge Heap Roots: 0.21ms
[138.412s][info][gc,phases   ] GC(303)   Evacuate Collection Set: 27.84ms
[138.412s][info][gc,phases   ] GC(303)   Post Evacuate Collection Set: 0.36ms
[138.412s][info][gc,phases   ] GC(303)   Other: 0.09ms
[138.412s][info][gc,heap     ] GC(303) Eden regions: 51->0(40)
[138.412s][info][gc,heap     ] GC(303) Survivor regions: 11->8(8)
[138.412s][info][gc,heap     ] GC(303) Old regions: 846->864
[138.412s][info][gc,heap     ] GC(303) Humongous regions: 9->9
[138.412s][info][gc,metaspace] GC(303) Metaspace: 18262K(18368K)->18262K(18368K) NonClass: 16434K(16512K)->16434K(16512K) Class: 1828K(1856K)->1828K(1856K)
[138.412s][info][gc          ] GC(303) Pause Young (Normal) (G1 Evacuation Pause) 917M->880M(978M) 29.128ms
[138.412s][info][gc,cpu      ] GC(303) User=0.05s Sys=0.00s Real=0.03s
[138.473s][info][gc,start    ] GC(304) Pause Young (Normal) (G1 Evacuation Pause)
[138.473s][info][gc,task     ] GC(304) Using 2 workers of 2 for evacuation
[138.497s][info][gc,phases   ] GC(304)   Pre Evacuate Collection Set: 0.53ms
[138.497s][info][gc,phases   ] GC(304)   Merge Heap Roots: 0.15ms
[138.497s][info][gc,phases   ] GC(304)   Evacuate Collection Set: 23.14ms
[138.497s][info][gc,phases   ] GC(304)   Post Evacuate Collection Set: 0.35ms
[138.497s][info][gc,phases   ] GC(304)   Other: 0.11ms
[138.497s][info][gc,heap     ] GC(304) Eden regions: 40->0(42)
[138.497s][info][gc,heap     ] GC(304) Survivor regions: 8->6(6)
[138.497s][info][gc,heap     ] GC(304) Old regions: 864->881
[138.497s][info][gc,heap     ] GC(304) Humongous regions: 9->9
[138.497s][info][gc,metaspace] GC(304) Metaspace: 18262K(18368K)->18262K(18368K) NonClass: 16434K(16512K)->16434K(16512K) Class: 1828K(1856K)->1828K(1856K)
[138.497s][info][gc          ] GC(304) Pause Young (Normal) (G1 Evacuation Pause) 920M->895M(978M) 24.552ms
[138.497s][info][gc,cpu      ] GC(304) User=0.05s Sys=0.00s Real=0.02s
[138.682s][info][gc,start    ] GC(305) Pause Young (Normal) (G1 Evacuation Pause)
[138.682s][info][gc,task     ] GC(305) Using 2 workers of 2 for evacuation
[138.701s][info][gc,phases   ] GC(305)   Pre Evacuate Collection Set: 0.32ms
[138.701s][info][gc,phases   ] GC(305)   Merge Heap Roots: 0.24ms
[138.701s][info][gc,phases   ] GC(305)   Evacuate Collection Set: 17.86ms
[138.701s][info][gc,phases   ] GC(305)   Post Evacuate Collection Set: 0.34ms
[138.701s][info][gc,phases   ] GC(305)   Other: 0.11ms
[138.701s][info][gc,heap     ] GC(305) Eden regions: 42->0(42)
[138.701s][info][gc,heap     ] GC(305) Survivor regions: 6->6(6)
[138.701s][info][gc,heap     ] GC(305) Old regions: 881->888
[138.701s][info][gc,heap     ] GC(305) Humongous regions: 9->9
[138.701s][info][gc,metaspace] GC(305) Metaspace: 18263K(18368K)->18263K(18368K) NonClass: 16434K(16512K)->16434K(16512K) Class: 1828K(1856K)->1828K(1856K)
[138.701s][info][gc          ] GC(305) Pause Young (Normal) (G1 Evacuation Pause) 937M->902M(978M) 19.126ms
[138.701s][info][gc,cpu      ] GC(305) User=0.04s Sys=0.00s Real=0.02s
[138.760s][info][gc,start    ] GC(306) Pause Young (Normal) (G1 Evacuation Pause)
[138.760s][info][gc,task     ] GC(306) Using 2 workers of 2 for evacuation
[138.771s][info][gc,phases   ] GC(306)   Pre Evacuate Collection Set: 0.53ms
[138.771s][info][gc,phases   ] GC(306)   Merge Heap Roots: 0.14ms
[138.771s][info][gc,phases   ] GC(306)   Evacuate Collection Set: 10.37ms
[138.771s][info][gc,phases   ] GC(306)   Post Evacuate Collection Set: 0.33ms
[138.771s][info][gc,phases   ] GC(306)   Other: 0.11ms
[138.771s][info][gc,heap     ] GC(306) Eden regions: 42->0(46)
[138.771s][info][gc,heap     ] GC(306) Survivor regions: 6->2(6)
[138.771s][info][gc,heap     ] GC(306) Old regions: 888->894
[138.771s][info][gc,heap     ] GC(306) Humongous regions: 9->9
[138.771s][info][gc,metaspace] GC(306) Metaspace: 18263K(18368K)->18263K(18368K) NonClass: 16434K(16512K)->16434K(16512K) Class: 1828K(1856K)->1828K(1856K)
[138.771s][info][gc          ] GC(306) Pause Young (Normal) (G1 Evacuation Pause) 944M->905M(978M) 11.703ms
[138.771s][info][gc,cpu      ] GC(306) User=0.03s Sys=0.00s Real=0.01s
[138.821s][info][gc,start    ] GC(307) Pause Young (Normal) (G1 Evacuation Pause)
[138.821s][info][gc,task     ] GC(307) Using 2 workers of 2 for evacuation
[138.829s][info][gc,phases   ] GC(307)   Pre Evacuate Collection Set: 0.57ms
[138.829s][info][gc,phases   ] GC(307)   Merge Heap Roots: 0.12ms
[138.829s][info][gc,phases   ] GC(307)   Evacuate Collection Set: 6.24ms
[138.829s][info][gc,phases   ] GC(307)   Post Evacuate Collection Set: 0.34ms
[138.829s][info][gc,phases   ] GC(307)   Other: 0.10ms
[138.829s][info][gc,heap     ] GC(307) Eden regions: 46->0(45)
[138.829s][info][gc,heap     ] GC(307) Survivor regions: 2->3(6)
[138.829s][info][gc,heap     ] GC(307) Old regions: 894->894
[138.829s][info][gc,heap     ] GC(307) Humongous regions: 9->9
[138.829s][info][gc,metaspace] GC(307) Metaspace: 18263K(18368K)->18263K(18368K) NonClass: 16434K(16512K)->16434K(16512K) Class: 1828K(1856K)->1828K(1856K)
[138.829s][info][gc          ] GC(307) Pause Young (Normal) (G1 Evacuation Pause) 951M->906M(978M) 7.633ms
[138.829s][info][gc,cpu      ] GC(307) User=0.02s Sys=0.00s Real=0.01s
[138.972s][info][gc,start    ] GC(308) Pause Young (Normal) (G1 Evacuation Pause)
[138.972s][info][gc,task     ] GC(308) Using 2 workers of 2 for evacuation
[138.995s][info][gc,phases   ] GC(308)   Pre Evacuate Collection Set: 0.31ms
[138.995s][info][gc,phases   ] GC(308)   Merge Heap Roots: 0.28ms
[138.995s][info][gc,phases   ] GC(308)   Evacuate Collection Set: 22.42ms
[138.996s][info][gc,phases   ] GC(308)   Post Evacuate Collection Set: 0.49ms
[138.996s][info][gc,phases   ] GC(308)   Other: 0.10ms
[138.996s][info][gc,heap     ] GC(308) Eden regions: 45->0(42)
[138.996s][info][gc,heap     ] GC(308) Survivor regions: 3->6(6)
[138.996s][info][gc,heap     ] GC(308) Old regions: 894->897
[138.996s][info][gc,heap     ] GC(308) Humongous regions: 10->10
[138.996s][info][gc,metaspace] GC(308) Metaspace: 18263K(18368K)->18263K(18368K) NonClass: 16434K(16512K)->16434K(16512K) Class: 1828K(1856K)->1828K(1856K)
[138.996s][info][gc          ] GC(308) Pause Young (Normal) (G1 Evacuation Pause) 952M->912M(978M) 23.877ms
[138.996s][info][gc,cpu      ] GC(308) User=0.04s Sys=0.00s Real=0.03s
[139.116s][info][gc,start    ] GC(309) Pause Young (Normal) (G1 Evacuation Pause)
[139.116s][info][gc,task     ] GC(309) Using 2 workers of 2 for evacuation
[139.158s][info][gc,phases   ] GC(309)   Pre Evacuate Collection Set: 0.30ms
[139.158s][info][gc,phases   ] GC(309)   Merge Heap Roots: 0.33ms
[139.158s][info][gc,phases   ] GC(309)   Evacuate Collection Set: 40.85ms
[139.158s][info][gc,phases   ] GC(309)   Post Evacuate Collection Set: 0.32ms
[139.158s][info][gc,phases   ] GC(309)   Other: 0.12ms
[139.158s][info][gc,heap     ] GC(309) Eden regions: 42->0(42)
[139.158s][info][gc,heap     ] GC(309) Survivor regions: 6->6(6)
[139.158s][info][gc,heap     ] GC(309) Old regions: 897->910
[139.158s][info][gc,heap     ] GC(309) Humongous regions: 12->12
[139.158s][info][gc,metaspace] GC(309) Metaspace: 18263K(18368K)->18263K(18368K) NonClass: 16434K(16512K)->16434K(16512K) Class: 1828K(1856K)->1828K(1856K)
[139.158s][info][gc          ] GC(309) Pause Young (Normal) (G1 Evacuation Pause) 956M->927M(978M) 42.164ms
[139.158s][info][gc,cpu      ] GC(309) User=0.08s Sys=0.00s Real=0.04s
[139.237s][info][gc,start    ] GC(310) Pause Young (Normal) (G1 Evacuation Pause)
[139.237s][info][gc,task     ] GC(310) Using 2 workers of 2 for evacuation
[139.271s][info][gc,phases   ] GC(310)   Pre Evacuate Collection Set: 0.32ms
[139.271s][info][gc,phases   ] GC(310)   Merge Heap Roots: 0.15ms
[139.271s][info][gc,phases   ] GC(310)   Evacuate Collection Set: 28.74ms
[139.271s][info][gc,phases   ] GC(310)   Post Evacuate Collection Set: 4.17ms
[139.271s][info][gc,phases   ] GC(310)   Other: 0.09ms
[139.271s][info][gc,heap     ] GC(310) Eden regions: 42->0(4)
[139.271s][info][gc,heap     ] GC(310) Survivor regions: 6->4(6)
[139.271s][info][gc,heap     ] GC(310) Old regions: 910->954
[139.271s][info][gc,heap     ] GC(310) Humongous regions: 12->12
[139.271s][info][gc,metaspace] GC(310) Metaspace: 18263K(18368K)->18263K(18368K) NonClass: 16434K(16512K)->16434K(16512K) Class: 1828K(1856K)->1828K(1856K)
[139.271s][info][gc          ] GC(310) Pause Young (Normal) (G1 Evacuation Pause) (Evacuation Failure: Allocation) 969M->970M(978M) 33.709ms
[139.271s][info][gc,cpu      ] GC(310) User=0.06s Sys=0.00s Real=0.03s
[139.278s][info][gc,start    ] GC(311) Pause Young (Normal) (G1 Evacuation Pause)
[139.278s][info][gc,task     ] GC(311) Using 2 workers of 2 for evacuation
[139.307s][info][gc,phases   ] GC(311)   Pre Evacuate Collection Set: 0.32ms
[139.307s][info][gc,phases   ] GC(311)   Merge Heap Roots: 0.13ms
[139.307s][info][gc,phases   ] GC(311)   Evacuate Collection Set: 23.80ms
[139.307s][info][gc,phases   ] GC(311)   Post Evacuate Collection Set: 4.46ms
[139.307s][info][gc,phases   ] GC(311)   Other: 0.08ms
[139.307s][info][gc,heap     ] GC(311) Eden regions: 4->0(9)
[139.307s][info][gc,heap     ] GC(311) Survivor regions: 4->1(1)
[139.307s][info][gc,heap     ] GC(311) Old regions: 954->955
[139.307s][info][gc,heap     ] GC(311) Humongous regions: 12->12
[139.307s][info][gc,metaspace] GC(311) Metaspace: 18263K(18368K)->18263K(18368K) NonClass: 16434K(16512K)->16434K(16512K) Class: 1828K(1856K)->1828K(1856K)
[139.307s][info][gc          ] GC(311) Pause Young (Normal) (G1 Evacuation Pause) (Evacuation Failure: Allocation) 974M->968M(978M) 29.065ms
[139.307s][info][gc,cpu      ] GC(311) User=0.06s Sys=0.00s Real=0.03s
[139.323s][info][gc,start    ] GC(312) Pause Young (Normal) (G1 Evacuation Pause)
[139.323s][info][gc,task     ] GC(312) Using 2 workers of 2 for evacuation
[139.345s][info][gc,phases   ] GC(312)   Pre Evacuate Collection Set: 0.33ms
[139.345s][info][gc,phases   ] GC(312)   Merge Heap Roots: 0.10ms
[139.345s][info][gc,phases   ] GC(312)   Evacuate Collection Set: 17.79ms
[139.345s][info][gc,phases   ] GC(312)   Post Evacuate Collection Set: 4.04ms
[139.345s][info][gc,phases   ] GC(312)   Other: 0.08ms
[139.345s][info][gc,heap     ] GC(312) Eden regions: 9->0(9)
[139.345s][info][gc,heap     ] GC(312) Survivor regions: 1->1(1)
[139.345s][info][gc,heap     ] GC(312) Old regions: 955->955
[139.345s][info][gc,heap     ] GC(312) Humongous regions: 12->12
[139.345s][info][gc,metaspace] GC(312) Metaspace: 18263K(18368K)->18263K(18368K) NonClass: 16434K(16512K)->16434K(16512K) Class: 1828K(1856K)->1828K(1856K)
[139.345s][info][gc          ] GC(312) Pause Young (Normal) (G1 Evacuation Pause) (Evacuation Failure: Allocation) 977M->967M(978M) 22.631ms
[139.345s][info][gc,cpu      ] GC(312) User=0.04s Sys=0.00s Real=0.02s
[139.358s][info][gc,start    ] GC(313) Pause Young (Normal) (G1 Evacuation Pause)
[139.358s][info][gc,task     ] GC(313) Using 2 workers of 2 for evacuation
[139.382s][info][gc,phases   ] GC(313)   Pre Evacuate Collection Set: 0.57ms
[139.382s][info][gc,phases   ] GC(313)   Merge Heap Roots: 0.10ms
[139.382s][info][gc,phases   ] GC(313)   Evacuate Collection Set: 18.98ms
[139.382s][info][gc,phases   ] GC(313)   Post Evacuate Collection Set: 4.56ms
[139.382s][info][gc,phases   ] GC(313)   Other: 0.09ms
[139.382s][info][gc,heap     ] GC(313) Eden regions: 9->0(3)
[139.382s][info][gc,heap     ] GC(313) Survivor regions: 1->1(1)
[139.382s][info][gc,heap     ] GC(313) Old regions: 955->961
[139.382s][info][gc,heap     ] GC(313) Humongous regions: 12->12
[139.383s][info][gc,metaspace] GC(313) Metaspace: 18263K(18368K)->18263K(18368K) NonClass: 16434K(16512K)->16434K(16512K) Class: 1828K(1856K)->1828K(1856K)
[139.383s][info][gc          ] GC(313) Pause Young (Normal) (G1 Evacuation Pause) (Evacuation Failure: Allocation) 976M->973M(978M) 24.543ms
[139.383s][info][gc,cpu      ] GC(313) User=0.05s Sys=0.00s Real=0.02s
[139.391s][info][gc,start    ] GC(314) Pause Young (Normal) (G1 Evacuation Pause)
[139.391s][info][gc,task     ] GC(314) Using 2 workers of 2 for evacuation
[139.416s][info][gc,phases   ] GC(314)   Pre Evacuate Collection Set: 0.33ms
[139.416s][info][gc,phases   ] GC(314)   Merge Heap Roots: 0.09ms
[139.416s][info][gc,phases   ] GC(314)   Evacuate Collection Set: 19.22ms
[139.416s][info][gc,phases   ] GC(314)   Post Evacuate Collection Set: 4.75ms
[139.416s][info][gc,phases   ] GC(314)   Other: 0.12ms
[139.416s][info][gc,heap     ] GC(314) Eden regions: 3->0(2)
[139.416s][info][gc,heap     ] GC(314) Survivor regions: 1->1(1)
[139.416s][info][gc,heap     ] GC(314) Old regions: 961->962
[139.416s][info][gc,heap     ] GC(314) Humongous regions: 12->12
[139.416s][info][gc,metaspace] GC(314) Metaspace: 18263K(18368K)->18263K(18368K) NonClass: 16434K(16512K)->16434K(16512K) Class: 1828K(1856K)->1828K(1856K)
[139.416s][info][gc          ] GC(314) Pause Young (Normal) (G1 Evacuation Pause) (Evacuation Failure: Allocation) 976M->974M(978M) 24.759ms
[139.416s][info][gc,cpu      ] GC(314) User=0.05s Sys=0.00s Real=0.03s
[139.422s][info][gc,start    ] GC(315) Pause Young (Normal) (G1 Evacuation Pause)
[139.422s][info][gc,task     ] GC(315) Using 2 workers of 2 for evacuation
[139.447s][info][gc,phases   ] GC(315)   Pre Evacuate Collection Set: 0.35ms
[139.447s][info][gc,phases   ] GC(315)   Merge Heap Roots: 0.10ms
[139.447s][info][gc,phases   ] GC(315)   Evacuate Collection Set: 19.16ms
[139.447s][info][gc,phases   ] GC(315)   Post Evacuate Collection Set: 4.59ms
[139.447s][info][gc,phases   ] GC(315)   Other: 0.08ms
[139.447s][info][gc,heap     ] GC(315) Eden regions: 2->0(2)
[139.447s][info][gc,heap     ] GC(315) Survivor regions: 1->1(1)
[139.447s][info][gc,heap     ] GC(315) Old regions: 962->962
[139.447s][info][gc,heap     ] GC(315) Humongous regions: 12->12
[139.447s][info][gc,metaspace] GC(315) Metaspace: 18263K(18368K)->18263K(18368K) NonClass: 16434K(16512K)->16434K(16512K) Class: 1828K(1856K)->1828K(1856K)
[139.447s][info][gc          ] GC(315) Pause Young (Normal) (G1 Evacuation Pause) (Evacuation Failure: Allocation) 976M->974M(978M) 24.572ms
[139.447s][info][gc,cpu      ] GC(315) User=0.05s Sys=0.00s Real=0.03s
[139.454s][info][gc,start    ] GC(316) Pause Young (Normal) (G1 Evacuation Pause)
[139.454s][info][gc,task     ] GC(316) Using 2 workers of 2 for evacuation
[139.479s][info][gc,phases   ] GC(316)   Pre Evacuate Collection Set: 0.51ms
[139.479s][info][gc,phases   ] GC(316)   Merge Heap Roots: 0.16ms
[139.479s][info][gc,phases   ] GC(316)   Evacuate Collection Set: 20.13ms
[139.479s][info][gc,phases   ] GC(316)   Post Evacuate Collection Set: 4.56ms
[139.479s][info][gc,phases   ] GC(316)   Other: 0.10ms
[139.479s][info][gc,heap     ] GC(316) Eden regions: 2->0(3)
[139.479s][info][gc,heap     ] GC(316) Survivor regions: 1->0(1)
[139.479s][info][gc,heap     ] GC(316) Old regions: 962->963
[139.479s][info][gc,heap     ] GC(316) Humongous regions: 12->12
[139.479s][info][gc,metaspace] GC(316) Metaspace: 18263K(18368K)->18263K(18368K) NonClass: 16434K(16512K)->16434K(16512K) Class: 1828K(1856K)->1828K(1856K)
[139.479s][info][gc          ] GC(316) Pause Young (Normal) (G1 Evacuation Pause) (Evacuation Failure: Allocation) 976M->974M(978M) 25.710ms
[139.479s][info][gc,cpu      ] GC(316) User=0.04s Sys=0.00s Real=0.02s
[139.486s][info][gc,start    ] GC(317) Pause Young (Normal) (G1 Evacuation Pause)
[139.486s][info][gc,task     ] GC(317) Using 2 workers of 2 for evacuation
[139.510s][info][gc,phases   ] GC(317)   Pre Evacuate Collection Set: 0.30ms
[139.510s][info][gc,phases   ] GC(317)   Merge Heap Roots: 0.09ms
[139.510s][info][gc,phases   ] GC(317)   Evacuate Collection Set: 18.67ms
[139.510s][info][gc,phases   ] GC(317)   Post Evacuate Collection Set: 4.77ms
[139.510s][info][gc,phases   ] GC(317)   Other: 0.10ms
[139.510s][info][gc,heap     ] GC(317) Eden regions: 3->0(0)
[139.510s][info][gc,heap     ] GC(317) Survivor regions: 0->0(0)
[139.510s][info][gc,heap     ] GC(317) Old regions: 963->966
[139.510s][info][gc,heap     ] GC(317) Humongous regions: 12->12
[139.510s][info][gc,metaspace] GC(317) Metaspace: 18263K(18368K)->18263K(18368K) NonClass: 16434K(16512K)->16434K(16512K) Class: 1828K(1856K)->1828K(1856K)
[139.510s][info][gc          ] GC(317) Pause Young (Normal) (G1 Evacuation Pause) (Evacuation Failure: Allocation) 977M->977M(978M) 24.177ms
[139.510s][info][gc,cpu      ] GC(317) User=0.04s Sys=0.00s Real=0.02s
[139.510s][info][gc,ergo     ] Attempting full compaction
[139.510s][info][gc,start    ] GC(318) Pause Full (G1 Compaction Pause)
[139.510s][info][gc,task     ] GC(318) Using 2 workers of 2 for full compaction
[139.512s][info][gc,phases,start] GC(318) Phase 1: Mark live objects
[140.225s][info][metaspace      ] ChkMgr @0x00007fdd6c15e580 (non-class-space): : reclaiming memory...
[140.225s][info][metaspace      ] ChkMgr @0x00007fdd6c15e580 (non-class-space): nothing reclaimed.
[140.225s][info][metaspace      ] ChkMgr @0x00007fdd6c15c690 (class-space): : reclaiming memory...
[140.225s][info][metaspace      ] ChkMgr @0x00007fdd6c15c690 (class-space): nothing reclaimed.
[140.225s][info][gc,phases      ] GC(318) Phase 1: Mark live objects 713.122ms
[140.225s][info][gc,phases,start] GC(318) Phase 2: Prepare compaction
[140.246s][info][gc,phases      ] GC(318) Phase 2: Prepare compaction 20.608ms
[140.246s][info][gc,phases,start] GC(318) Phase 3: Adjust pointers
[140.404s][info][gc,phases      ] GC(318) Phase 3: Adjust pointers 158.142ms
[140.404s][info][gc,phases,start] GC(318) Phase 4: Compact heap
[140.429s][info][gc,phases      ] GC(318) Phase 4: Compact heap 25.287ms
[140.429s][info][gc,phases,start] GC(318) Phase 5: Reset Metadata
[140.502s][info][gc,phases      ] GC(318) Phase 5: Reset Metadata 72.481ms
[140.511s][info][gc,heap        ] GC(318) Eden regions: 0->0(391)
[140.511s][info][gc,heap        ] GC(318) Survivor regions: 0->0(0)
[140.511s][info][gc,heap        ] GC(318) Old regions: 966->473
[140.511s][info][gc,heap        ] GC(318) Humongous regions: 12->6
[140.511s][info][gc,metaspace   ] GC(318) Metaspace: 18263K(18368K)->18238K(18368K) NonClass: 16434K(16512K)->16410K(16512K) Class: 1828K(1856K)->1828K(1856K)
[140.511s][info][gc             ] GC(318) Pause Full (G1 Compaction Pause) 977M->477M(978M) 1000.881ms
[140.511s][info][gc,cpu         ] GC(318) User=1.97s Sys=0.01s Real=1.00s
[140.513s][info][gc,marking     ] GC(300) Concurrent Mark From Roots 2617.800ms
[140.513s][info][gc,marking     ] GC(300) Concurrent Mark Abort
[140.513s][info][gc             ] GC(300) Concurrent Mark Cycle 2654.648ms
[140.911s][info][gc,start       ] GC(319) Pause Young (Normal) (G1 Evacuation Pause)
[140.911s][info][gc,task        ] GC(319) Using 2 workers of 2 for evacuation
[140.950s][info][gc,phases      ] GC(319)   Pre Evacuate Collection Set: 0.32ms
[140.950s][info][gc,phases      ] GC(319)   Merge Heap Roots: 0.40ms
[140.950s][info][gc,phases      ] GC(319)   Evacuate Collection Set: 37.54ms
[140.950s][info][gc,phases      ] GC(319)   Post Evacuate Collection Set: 0.68ms
[140.950s][info][gc,phases      ] GC(319)   Other: 0.11ms
[140.950s][info][gc,heap        ] GC(319) Eden regions: 391->0(372)
[140.950s][info][gc,heap        ] GC(319) Survivor regions: 0->26(49)
[140.951s][info][gc,heap        ] GC(319) Old regions: 473->473
[140.951s][info][gc,heap        ] GC(319) Humongous regions: 6->6
[140.951s][info][gc,metaspace   ] GC(319) Metaspace: 18238K(18368K)->18238K(18368K) NonClass: 16410K(16512K)->16410K(16512K) Class: 1828K(1856K)->1828K(1856K)
[140.951s][info][gc             ] GC(319) Pause Young (Normal) (G1 Evacuation Pause) 868M->503M(978M) 39.310ms
[140.951s][info][gc,cpu         ] GC(319) User=0.08s Sys=0.00s Real=0.04s
[141.495s][info][gc,start       ] GC(320) Pause Young (Concurrent Start) (G1 Evacuation Pause)
[141.495s][info][gc,task        ] GC(320) Using 2 workers of 2 for evacuation
[141.556s][info][gc,phases      ] GC(320)   Pre Evacuate Collection Set: 0.38ms
[141.557s][info][gc,phases      ] GC(320)   Merge Heap Roots: 0.27ms
[141.557s][info][gc,phases      ] GC(320)   Evacuate Collection Set: 60.00ms
[141.557s][info][gc,phases      ] GC(320)   Post Evacuate Collection Set: 0.69ms
[141.557s][info][gc,phases      ] GC(320)   Other: 0.25ms
[141.557s][info][gc,heap        ] GC(320) Eden regions: 372->0(355)
[141.557s][info][gc,heap        ] GC(320) Survivor regions: 26->23(50)
[141.557s][info][gc,heap        ] GC(320) Old regions: 473->499
[141.557s][info][gc,heap        ] GC(320) Humongous regions: 6->6
[141.557s][info][gc,metaspace   ] GC(320) Metaspace: 18238K(18368K)->18238K(18368K) NonClass: 16410K(16512K)->16410K(16512K) Class: 1828K(1856K)->1828K(1856K)
[141.557s][info][gc             ] GC(320) Pause Young (Concurrent Start) (G1 Evacuation Pause) 875M->526M(978M) 61.839ms
[141.557s][info][gc,cpu         ] GC(320) User=0.12s Sys=0.00s Real=0.06s
[141.557s][info][gc             ] GC(321) Concurrent Mark Cycle
[141.557s][info][gc,marking     ] GC(321) Concurrent Scan Root Regions
[141.655s][info][gc,marking     ] GC(321) Concurrent Scan Root Regions 97.894ms
[141.655s][info][gc,marking     ] GC(321) Concurrent Mark
[141.655s][info][gc,marking     ] GC(321) Concurrent Mark From Roots
[141.655s][info][gc,task        ] GC(321) Using 1 workers of 1 for marking
[142.974s][info][gc,start       ] GC(322) Pause Young (Normal) (G1 Evacuation Pause)
[142.974s][info][gc,task        ] GC(322) Using 2 workers of 2 for evacuation
[143.027s][info][gc,phases      ] GC(322)   Pre Evacuate Collection Set: 0.32ms
[143.027s][info][gc,phases      ] GC(322)   Merge Heap Roots: 0.55ms
[143.027s][info][gc,phases      ] GC(322)   Evacuate Collection Set: 51.58ms
[143.027s][info][gc,phases      ] GC(322)   Post Evacuate Collection Set: 0.68ms
[143.027s][info][gc,phases      ] GC(322)   Other: 0.10ms
[143.027s][info][gc,heap        ] GC(322) Eden regions: 355->0(355)
[143.027s][info][gc,heap        ] GC(322) Survivor regions: 23->34(48)
[143.027s][info][gc,heap        ] GC(322) Old regions: 499->499
[143.027s][info][gc,heap        ] GC(322) Humongous regions: 6->6
[143.027s][info][gc,metaspace   ] GC(322) Metaspace: 18247K(18368K)->18247K(18368K) NonClass: 16418K(16512K)->16418K(16512K) Class: 1828K(1856K)->1828K(1856K)
[143.028s][info][gc             ] GC(322) Pause Young (Normal) (G1 Evacuation Pause) 881M->537M(978M) 53.555ms
[143.028s][info][gc,cpu         ] GC(322) User=0.11s Sys=0.00s Real=0.05s
[143.596s][info][gc,marking     ] GC(321) Concurrent Mark From Roots 1940.796ms
[143.596s][info][gc,marking     ] GC(321) Concurrent Preclean
[143.596s][info][gc,marking     ] GC(321) Concurrent Preclean 0.040ms
[143.596s][info][gc,start       ] GC(321) Pause Remark
[143.603s][info][gc             ] GC(321) Pause Remark 741M->741M(978M) 7.557ms
[143.603s][info][gc,cpu         ] GC(321) User=0.01s Sys=0.00s Real=0.01s
[143.606s][info][gc,marking     ] GC(321) Concurrent Mark 1950.978ms
[143.606s][info][gc,marking     ] GC(321) Concurrent Rebuild Remembered Sets and Scrub Regions
[144.076s][info][gc,start       ] GC(323) Pause Young (Normal) (G1 Evacuation Pause)
[144.076s][info][gc,task        ] GC(323) Using 2 workers of 2 for evacuation
[144.186s][info][gc,phases      ] GC(323)   Pre Evacuate Collection Set: 0.32ms
[144.186s][info][gc,phases      ] GC(323)   Merge Heap Roots: 0.45ms
[144.186s][info][gc,phases      ] GC(323)   Evacuate Collection Set: 106.86ms
[144.186s][info][gc,phases      ] GC(323)   Post Evacuate Collection Set: 2.17ms
[144.186s][info][gc,phases      ] GC(323)   Other: 0.09ms
[144.186s][info][gc,heap        ] GC(323) Eden regions: 355->0(266)
[144.186s][info][gc,heap        ] GC(323) Survivor regions: 34->49(49)
[144.186s][info][gc,heap        ] GC(323) Old regions: 499->557
[144.186s][info][gc,heap        ] GC(323) Humongous regions: 7->7
[144.186s][info][gc,metaspace   ] GC(323) Metaspace: 18247K(18368K)->18247K(18368K) NonClass: 16418K(16512K)->16418K(16512K) Class: 1828K(1856K)->1828K(1856K)
[144.186s][info][gc             ] GC(323) Pause Young (Normal) (G1 Evacuation Pause) (Evacuation Failure: Allocation) 893M->611M(978M) 110.185ms
[144.186s][info][gc,cpu         ] GC(323) User=0.21s Sys=0.00s Real=0.11s
[144.415s][info][gc,marking     ] GC(321) Concurrent Rebuild Remembered Sets and Scrub Regions 808.862ms
[144.415s][info][gc,start       ] GC(321) Pause Cleanup
[144.415s][info][gc             ] GC(321) Pause Cleanup 665M->665M(978M) 0.124ms
[144.415s][info][gc,cpu         ] GC(321) User=0.00s Sys=0.00s Real=0.00s
[144.418s][info][gc,marking     ] GC(321) Concurrent Clear Claimed Marks
[144.418s][info][gc,marking     ] GC(321) Concurrent Clear Claimed Marks 0.053ms
[144.418s][info][gc,marking     ] GC(321) Concurrent Cleanup for Next Mark
[144.423s][info][gc,marking     ] GC(321) Concurrent Cleanup for Next Mark 5.027ms
[144.423s][info][gc             ] GC(321) Concurrent Mark Cycle 2866.233ms
[144.926s][info][gc,start       ] GC(324) Pause Young (Prepare Mixed) (G1 Evacuation Pause)
[144.926s][info][gc,task        ] GC(324) Using 2 workers of 2 for evacuation
[145.008s][info][gc,phases      ] GC(324)   Pre Evacuate Collection Set: 0.35ms
[145.008s][info][gc,phases      ] GC(324)   Merge Heap Roots: 0.37ms
[145.008s][info][gc,phases      ] GC(324)   Evacuate Collection Set: 81.02ms
[145.008s][info][gc,phases      ] GC(324)   Post Evacuate Collection Set: 0.60ms
[145.008s][info][gc,phases      ] GC(324)   Other: 0.09ms
[145.008s][info][gc,heap        ] GC(324) Eden regions: 266->0(282)
[145.008s][info][gc,heap        ] GC(324) Survivor regions: 49->20(40)
[145.008s][info][gc,heap        ] GC(324) Old regions: 557->585
[145.008s][info][gc,heap        ] GC(324) Humongous regions: 7->7
[145.008s][info][gc,metaspace   ] GC(324) Metaspace: 18247K(18368K)->18247K(18368K) NonClass: 16418K(16512K)->16418K(16512K) Class: 1828K(1856K)->1828K(1856K)
[145.009s][info][gc             ] GC(324) Pause Young (Prepare Mixed) (G1 Evacuation Pause) 877M->610M(978M) 82.725ms
[145.009s][info][gc,cpu         ] GC(324) User=0.16s Sys=0.00s Real=0.08s
[145.331s][info][gc,start       ] GC(325) Pause Young (Mixed) (G1 Evacuation Pause)
[145.331s][info][gc,task        ] GC(325) Using 2 workers of 2 for evacuation
[145.369s][info][gc,phases      ] GC(325)   Pre Evacuate Collection Set: 0.54ms
[145.369s][info][gc,phases      ] GC(325)   Merge Heap Roots: 0.20ms
[145.369s][info][gc,phases      ] GC(325)   Evacuate Collection Set: 36.34ms
[145.369s][info][gc,phases      ] GC(325)   Post Evacuate Collection Set: 0.59ms
[145.369s][info][gc,phases      ] GC(325)   Other: 0.10ms
[145.369s][info][gc,heap        ] GC(325) Eden regions: 282->0(281)
[145.369s][info][gc,heap        ] GC(325) Survivor regions: 20->12(38)
[145.369s][info][gc,heap        ] GC(325) Old regions: 585->604
[145.369s][info][gc,heap        ] GC(325) Humongous regions: 7->7
[145.369s][info][gc,metaspace   ] GC(325) Metaspace: 18247K(18368K)->18247K(18368K) NonClass: 16418K(16512K)->16418K(16512K) Class: 1828K(1856K)->1828K(1856K)
[145.369s][info][gc             ] GC(325) Pause Young (Mixed) (G1 Evacuation Pause) 892M->622M(978M) 38.034ms
[145.369s][info][gc,cpu         ] GC(325) User=0.07s Sys=0.00s Real=0.04s
[146.076s][info][gc,start       ] GC(326) Pause Young (Concurrent Start) (G1 Evacuation Pause)
[146.076s][info][gc,task        ] GC(326) Using 2 workers of 2 for evacuation
[146.117s][info][gc,phases      ] GC(326)   Pre Evacuate Collection Set: 0.36ms
[146.117s][info][gc,phases      ] GC(326)   Merge Heap Roots: 0.46ms
[146.117s][info][gc,phases      ] GC(326)   Evacuate Collection Set: 39.23ms
[146.117s][info][gc,phases      ] GC(326)   Post Evacuate Collection Set: 0.58ms
[146.117s][info][gc,phases      ] GC(326)   Other: 0.24ms
[146.117s][info][gc,heap        ] GC(326) Eden regions: 281->0(273)
[146.117s][info][gc,heap        ] GC(326) Survivor regions: 12->22(37)
[146.117s][info][gc,heap        ] GC(326) Old regions: 604->604
[146.117s][info][gc,heap        ] GC(326) Humongous regions: 7->7
[146.117s][info][gc,metaspace   ] GC(326) Metaspace: 18249K(18368K)->18249K(18368K) NonClass: 16420K(16512K)->16420K(16512K) Class: 1828K(1856K)->1828K(1856K)
[146.117s][info][gc             ] GC(326) Pause Young (Concurrent Start) (G1 Evacuation Pause) 903M->632M(978M) 41.144ms
[146.117s][info][gc             ] GC(327) Concurrent Mark Cycle
[146.117s][info][gc,marking     ] GC(327) Concurrent Scan Root Regions
[146.120s][info][gc,cpu         ] GC(326) User=0.09s Sys=0.00s Real=0.04s
[146.156s][info][gc,marking     ] GC(327) Concurrent Scan Root Regions 38.565ms
[146.156s][info][gc,marking     ] GC(327) Concurrent Mark
[146.156s][info][gc,marking     ] GC(327) Concurrent Mark From Roots
[146.156s][info][gc,task        ] GC(327) Using 1 workers of 1 for marking
[146.856s][info][gc,start       ] GC(328) Pause Young (Normal) (G1 Evacuation Pause)
[146.856s][info][gc,task        ] GC(328) Using 2 workers of 2 for evacuation
[146.946s][info][gc,phases      ] GC(328)   Pre Evacuate Collection Set: 0.33ms
[146.946s][info][gc,phases      ] GC(328)   Merge Heap Roots: 0.20ms
[146.946s][info][gc,phases      ] GC(328)   Evacuate Collection Set: 84.68ms
[146.946s][info][gc,phases      ] GC(328)   Post Evacuate Collection Set: 3.81ms
[146.946s][info][gc,phases      ] GC(328)   Other: 0.13ms
[146.946s][info][gc,heap        ] GC(328) Eden regions: 273->0(170)
[146.946s][info][gc,heap        ] GC(328) Survivor regions: 22->37(37)
[146.946s][info][gc,heap        ] GC(328) Old regions: 604->677
[146.946s][info][gc,heap        ] GC(328) Humongous regions: 7->7
[146.946s][info][gc,metaspace   ] GC(328) Metaspace: 18249K(18368K)->18249K(18368K) NonClass: 16420K(16512K)->16420K(16512K) Class: 1828K(1856K)->1828K(1856K)
[146.946s][info][gc             ] GC(328) Pause Young (Normal) (G1 Evacuation Pause) (Evacuation Failure: Allocation) 905M->720M(978M) 89.442ms
[146.946s][info][gc,cpu         ] GC(328) User=0.18s Sys=0.00s Real=0.09s
[147.485s][info][gc,start       ] GC(329) Pause Young (Normal) (G1 Evacuation Pause)
[147.485s][info][gc,task        ] GC(329) Using 2 workers of 2 for evacuation
[147.593s][info][gc,phases      ] GC(329)   Pre Evacuate Collection Set: 0.54ms
[147.593s][info][gc,phases      ] GC(329)   Merge Heap Roots: 0.73ms
[147.593s][info][gc,phases      ] GC(329)   Evacuate Collection Set: 105.24ms
[147.593s][info][gc,phases      ] GC(329)   Post Evacuate Collection Set: 0.53ms
[147.593s][info][gc,phases      ] GC(329)   Other: 0.12ms
[147.593s][info][gc,heap        ] GC(329) Eden regions: 170->0(198)
[147.593s][info][gc,heap        ] GC(329) Survivor regions: 37->14(26)
[147.593s][info][gc,heap        ] GC(329) Old regions: 677->686
[147.593s][info][gc,heap        ] GC(329) Humongous regions: 7->7
[147.593s][info][gc,metaspace   ] GC(329) Metaspace: 18249K(18368K)->18249K(18368K) NonClass: 16420K(16512K)->16420K(16512K) Class: 1828K(1856K)->1828K(1856K)
[147.593s][info][gc             ] GC(329) Pause Young (Normal) (G1 Evacuation Pause) 890M->706M(978M) 107.510ms
[147.593s][info][gc,cpu         ] GC(329) User=0.21s Sys=0.00s Real=0.11s
[147.922s][info][gc,marking     ] GC(327) Concurrent Mark From Roots 1766.190ms
[147.922s][info][gc,marking     ] GC(327) Concurrent Preclean
[147.922s][info][gc,marking     ] GC(327) Concurrent Preclean 0.039ms
[147.923s][info][gc,start       ] GC(327) Pause Remark
[147.931s][info][gc             ] GC(327) Pause Remark 846M->719M(978M) 8.449ms
[147.931s][info][gc,cpu         ] GC(327) User=0.01s Sys=0.00s Real=0.00s
[147.932s][info][gc,marking     ] GC(327) Concurrent Mark 1775.753ms
[147.932s][info][gc,marking     ] GC(327) Concurrent Rebuild Remembered Sets and Scrub Regions
[147.983s][info][gc,start       ] GC(330) Pause Young (Normal) (G1 Evacuation Pause)
[147.983s][info][gc,task        ] GC(330) Using 2 workers of 2 for evacuation
[148.095s][info][gc,phases      ] GC(330)   Pre Evacuate Collection Set: 0.58ms
[148.096s][info][gc,phases      ] GC(330)   Merge Heap Roots: 0.34ms
[148.096s][info][gc,phases      ] GC(330)   Evacuate Collection Set: 110.31ms
[148.096s][info][gc,phases      ] GC(330)   Post Evacuate Collection Set: 0.94ms
[148.096s][info][gc,phases      ] GC(330)   Other: 0.12ms
[148.096s][info][gc,heap        ] GC(330) Eden regions: 198->0(203)
[148.096s][info][gc,heap        ] GC(330) Survivor regions: 14->27(27)
[148.096s][info][gc,heap        ] GC(330) Old regions: 561->620
[148.096s][info][gc,heap        ] GC(330) Humongous regions: 8->8
[148.096s][info][gc,metaspace   ] GC(330) Metaspace: 18257K(18368K)->18257K(18368K) NonClass: 16429K(16512K)->16429K(16512K) Class: 1828K(1856K)->1828K(1856K)
[148.096s][info][gc             ] GC(330) Pause Young (Normal) (G1 Evacuation Pause) 780M->654M(978M) 112.548ms
[148.096s][info][gc,cpu         ] GC(330) User=0.23s Sys=0.00s Real=0.11s
[148.534s][info][gc,start       ] GC(331) Pause Young (Normal) (G1 Evacuation Pause)
[148.534s][info][gc,task        ] GC(331) Using 2 workers of 2 for evacuation
[148.615s][info][gc,phases      ] GC(331)   Pre Evacuate Collection Set: 0.55ms
[148.615s][info][gc,phases      ] GC(331)   Merge Heap Roots: 0.66ms
[148.615s][info][gc,phases      ] GC(331)   Evacuate Collection Set: 78.99ms
[148.615s][info][gc,phases      ] GC(331)   Post Evacuate Collection Set: 0.51ms
[148.615s][info][gc,phases      ] GC(331)   Other: 0.13ms
[148.615s][info][gc,heap        ] GC(331) Eden regions: 203->0(196)
[148.615s][info][gc,heap        ] GC(331) Survivor regions: 27->20(29)
[148.615s][info][gc,heap        ] GC(331) Old regions: 620->648
[148.615s][info][gc,heap        ] GC(331) Humongous regions: 8->8
[148.615s][info][gc,metaspace   ] GC(331) Metaspace: 18257K(18368K)->18257K(18368K) NonClass: 16429K(16512K)->16429K(16512K) Class: 1828K(1856K)->1828K(1856K)
[148.616s][info][gc             ] GC(331) Pause Young (Normal) (G1 Evacuation Pause) 857M->674M(978M) 81.098ms
[148.616s][info][gc,cpu         ] GC(331) User=0.16s Sys=0.00s Real=0.08s
[148.718s][info][gc,marking     ] GC(327) Concurrent Rebuild Remembered Sets and Scrub Regions 786.552ms
[148.719s][info][gc,start       ] GC(327) Pause Cleanup
[148.719s][info][gc             ] GC(327) Pause Cleanup 718M->718M(978M) 0.126ms
[148.719s][info][gc,cpu         ] GC(327) User=0.00s Sys=0.00s Real=0.00s
[148.719s][info][gc,marking     ] GC(327) Concurrent Clear Claimed Marks
[148.719s][info][gc,marking     ] GC(327) Concurrent Clear Claimed Marks 0.027ms
[148.719s][info][gc,marking     ] GC(327) Concurrent Cleanup for Next Mark
[148.722s][info][gc,marking     ] GC(327) Concurrent Cleanup for Next Mark 2.993ms
[148.722s][info][gc             ] GC(327) Concurrent Mark Cycle 2604.507ms
[148.974s][info][gc,start       ] GC(332) Pause Young (Prepare Mixed) (G1 Evacuation Pause)
[148.975s][info][gc,task        ] GC(332) Using 2 workers of 2 for evacuation
[149.036s][info][gc,phases      ] GC(332)   Pre Evacuate Collection Set: 0.57ms
[149.036s][info][gc,phases      ] GC(332)   Merge Heap Roots: 0.37ms
[149.036s][info][gc,phases      ] GC(332)   Evacuate Collection Set: 59.35ms
[149.036s][info][gc,phases      ] GC(332)   Post Evacuate Collection Set: 0.64ms
[149.036s][info][gc,phases      ] GC(332)   Other: 0.13ms
[149.036s][info][gc,heap        ] GC(332) Eden regions: 196->0(187)
[149.036s][info][gc,heap        ] GC(332) Survivor regions: 20->19(27)
[149.036s][info][gc,heap        ] GC(332) Old regions: 648->667
[149.036s][info][gc,heap        ] GC(332) Humongous regions: 11->11
[149.036s][info][gc,metaspace   ] GC(332) Metaspace: 18257K(18368K)->18257K(18368K) NonClass: 16429K(16512K)->16429K(16512K) Class: 1828K(1856K)->1828K(1856K)
[149.036s][info][gc             ] GC(332) Pause Young (Prepare Mixed) (G1 Evacuation Pause) 873M->696M(978M) 61.330ms
[149.036s][info][gc,cpu         ] GC(332) User=0.12s Sys=0.00s Real=0.06s
[149.352s][info][gc,start       ] GC(333) Pause Young (Mixed) (G1 Evacuation Pause)
[149.352s][info][gc,task        ] GC(333) Using 2 workers of 2 for evacuation
[149.390s][info][gc,phases      ] GC(333)   Pre Evacuate Collection Set: 0.38ms
[149.390s][info][gc,phases      ] GC(333)   Merge Heap Roots: 0.30ms
[149.390s][info][gc,phases      ] GC(333)   Evacuate Collection Set: 36.76ms
[149.390s][info][gc,phases      ] GC(333)   Post Evacuate Collection Set: 0.45ms
[149.390s][info][gc,phases      ] GC(333)   Other: 0.10ms
[149.390s][info][gc,heap        ] GC(333) Eden regions: 187->0(209)
[149.390s][info][gc,heap        ] GC(333) Survivor regions: 19->1(26)
[149.390s][info][gc,heap        ] GC(333) Old regions: 667->677
[149.390s][info][gc,heap        ] GC(333) Humongous regions: 11->11
[149.390s][info][gc,metaspace   ] GC(333) Metaspace: 18257K(18368K)->18257K(18368K) NonClass: 16429K(16512K)->16429K(16512K) Class: 1828K(1856K)->1828K(1856K)
[149.390s][info][gc             ] GC(333) Pause Young (Mixed) (G1 Evacuation Pause) 883M->688M(978M) 38.293ms
[149.390s][info][gc,cpu         ] GC(333) User=0.07s Sys=0.00s Real=0.04s
[149.766s][info][gc,start       ] GC(334) Pause Young (Concurrent Start) (G1 Evacuation Pause)
[149.766s][info][gc,task        ] GC(334) Using 2 workers of 2 for evacuation
[149.768s][info][gc,phases      ] GC(334)   Pre Evacuate Collection Set: 0.40ms
[149.768s][info][gc,phases      ] GC(334)   Merge Heap Roots: 0.07ms
[149.768s][info][gc,phases      ] GC(334)   Evacuate Collection Set: 0.53ms
[149.768s][info][gc,phases      ] GC(334)   Post Evacuate Collection Set: 0.45ms
[149.768s][info][gc,phases      ] GC(334)   Other: 0.24ms
[149.768s][info][gc,heap        ] GC(334) Eden regions: 209->0(225)
[149.768s][info][gc,heap        ] GC(334) Survivor regions: 1->1(27)
[149.768s][info][gc,heap        ] GC(334) Old regions: 677->677
[149.768s][info][gc,heap        ] GC(334) Humongous regions: 11->11
[149.768s][info][gc,metaspace   ] GC(334) Metaspace: 18257K(18368K)->18257K(18368K) NonClass: 16429K(16512K)->16429K(16512K) Class: 1828K(1856K)->1828K(1856K)
[149.768s][info][gc             ] GC(334) Pause Young (Concurrent Start) (G1 Evacuation Pause) 897M->688M(978M) 1.949ms
[149.768s][info][gc,cpu         ] GC(334) User=0.00s Sys=0.00s Real=0.00s
[149.768s][info][gc             ] GC(335) Concurrent Mark Cycle
[149.768s][info][gc,marking     ] GC(335) Concurrent Scan Root Regions
[149.772s][info][gc,marking     ] GC(335) Concurrent Scan Root Regions 3.842ms
[149.772s][info][gc,marking     ] GC(335) Concurrent Mark
[149.772s][info][gc,marking     ] GC(335) Concurrent Mark From Roots
[149.772s][info][gc,task        ] GC(335) Using 1 workers of 1 for marking
[150.687s][info][gc,start       ] GC(336) Pause Young (Normal) (G1 Evacuation Pause)
[150.687s][info][gc,task        ] GC(336) Using 2 workers of 2 for evacuation
[150.688s][info][gc,phases      ] GC(336)   Pre Evacuate Collection Set: 0.31ms
[150.688s][info][gc,phases      ] GC(336)   Merge Heap Roots: 0.09ms
[150.688s][info][gc,phases      ] GC(336)   Evacuate Collection Set: 0.32ms
[150.688s][info][gc,phases      ] GC(336)   Post Evacuate Collection Set: 0.39ms
[150.688s][info][gc,phases      ] GC(336)   Other: 0.09ms
[150.688s][info][gc,heap        ] GC(336) Eden regions: 225->0(237)
[150.688s][info][gc,heap        ] GC(336) Survivor regions: 1->1(29)
[150.688s][info][gc,heap        ] GC(336) Old regions: 677->677
[150.688s][info][gc,heap        ] GC(336) Humongous regions: 11->11
[150.688s][info][gc,metaspace   ] GC(336) Metaspace: 18257K(18368K)->18257K(18368K) NonClass: 16429K(16512K)->16429K(16512K) Class: 1828K(1856K)->1828K(1856K)
[150.688s][info][gc             ] GC(336) Pause Young (Normal) (G1 Evacuation Pause) 913M->687M(978M) 1.454ms
[150.688s][info][gc,cpu         ] GC(336) User=0.01s Sys=0.00s Real=0.00s
[151.360s][info][gc,marking     ] GC(335) Concurrent Mark From Roots 1587.888ms
[151.360s][info][gc,marking     ] GC(335) Concurrent Preclean
[151.360s][info][gc,marking     ] GC(335) Concurrent Preclean 0.034ms
[151.361s][info][gc,start       ] GC(335) Pause Remark
[151.369s][info][gc             ] GC(335) Pause Remark 846M->722M(978M) 8.044ms
[151.369s][info][gc,cpu         ] GC(335) User=0.01s Sys=0.00s Real=0.01s
[151.369s][info][gc,marking     ] GC(335) Concurrent Mark 1596.926ms
[151.369s][info][gc,marking     ] GC(335) Concurrent Rebuild Remembered Sets and Scrub Regions
[151.572s][info][gc,start       ] GC(337) Pause Young (Normal) (G1 Evacuation Pause)
[151.572s][info][gc,task        ] GC(337) Using 2 workers of 2 for evacuation
[151.573s][info][gc,phases      ] GC(337)   Pre Evacuate Collection Set: 0.58ms
[151.573s][info][gc,phases      ] GC(337)   Merge Heap Roots: 0.11ms
[151.573s][info][gc,phases      ] GC(337)   Evacuate Collection Set: 0.22ms
[151.574s][info][gc,phases      ] GC(337)   Post Evacuate Collection Set: 0.42ms
[151.574s][info][gc,phases      ] GC(337)   Other: 0.09ms
[151.574s][info][gc,heap        ] GC(337) Eden regions: 237->0(351)
[151.574s][info][gc,heap        ] GC(337) Survivor regions: 1->1(30)
[151.574s][info][gc,heap        ] GC(337) Old regions: 557->557
[151.574s][info][gc,heap        ] GC(337) Humongous regions: 7->7
[151.574s][info][gc,metaspace   ] GC(337) Metaspace: 18257K(18368K)->18257K(18368K) NonClass: 16429K(16512K)->16429K(16512K) Class: 1828K(1856K)->1828K(1856K)
[151.574s][info][gc             ] GC(337) Pause Young (Normal) (G1 Evacuation Pause) 800M->563M(978M) 1.688ms
[151.574s][info][gc,cpu         ] GC(337) User=0.00s Sys=0.00s Real=0.01s
[151.871s][info][gc,marking     ] GC(335) Concurrent Rebuild Remembered Sets and Scrub Regions 501.795ms
[151.871s][info][gc,start       ] GC(335) Pause Cleanup
[151.871s][info][gc             ] GC(335) Pause Cleanup 680M->680M(978M) 0.174ms
[151.871s][info][gc,cpu         ] GC(335) User=0.00s Sys=0.00s Real=0.00s
[151.874s][info][gc,marking     ] GC(335) Concurrent Clear Claimed Marks
[151.874s][info][gc,marking     ] GC(335) Concurrent Clear Claimed Marks 0.074ms
[151.874s][info][gc,marking     ] GC(335) Concurrent Cleanup for Next Mark
[151.877s][info][gc,marking     ] GC(335) Concurrent Cleanup for Next Mark 3.026ms
[151.877s][info][gc             ] GC(335) Concurrent Mark Cycle 2108.727ms
[152.274s][info][gc,start       ] GC(338) Pause Young (Prepare Mixed) (G1 Evacuation Pause)
[152.275s][info][gc,task        ] GC(338) Using 2 workers of 2 for evacuation
[152.276s][info][gc,phases      ] GC(338)   Pre Evacuate Collection Set: 0.35ms
[152.276s][info][gc,phases      ] GC(338)   Merge Heap Roots: 0.11ms
[152.276s][info][gc,phases      ] GC(338)   Evacuate Collection Set: 0.21ms
[152.276s][info][gc,phases      ] GC(338)   Post Evacuate Collection Set: 0.53ms
[152.276s][info][gc,phases      ] GC(338)   Other: 0.10ms
[152.276s][info][gc,heap        ] GC(338) Eden regions: 351->0(362)
[152.276s][info][gc,heap        ] GC(338) Survivor regions: 1->1(44)
[152.276s][info][gc,heap        ] GC(338) Old regions: 557->557
[152.276s][info][gc,heap        ] GC(338) Humongous regions: 7->7
[152.276s][info][gc,metaspace   ] GC(338) Metaspace: 18257K(18368K)->18257K(18368K) NonClass: 16429K(16512K)->16429K(16512K) Class: 1828K(1856K)->1828K(1856K)
[152.276s][info][gc             ] GC(338) Pause Young (Prepare Mixed) (G1 Evacuation Pause) 914M->563M(978M) 1.587ms
[152.276s][info][gc,cpu         ] GC(338) User=0.00s Sys=0.00s Real=0.00s
[152.642s][info][gc,start       ] GC(339) Pause Young (Mixed) (G1 Evacuation Pause)
[152.642s][info][gc,task        ] GC(339) Using 2 workers of 2 for evacuation
[152.717s][info][gc,phases      ] GC(339)   Pre Evacuate Collection Set: 0.57ms
[152.717s][info][gc,phases      ] GC(339)   Merge Heap Roots: 0.34ms
[152.717s][info][gc,phases      ] GC(339)   Evacuate Collection Set: 72.37ms
[152.717s][info][gc,phases      ] GC(339)   Post Evacuate Collection Set: 2.07ms
[152.717s][info][gc,phases      ] GC(339)   Other: 0.10ms
[152.717s][info][gc,heap        ] GC(339) Eden regions: 362->0(285)
[152.717s][info][gc,heap        ] GC(339) Survivor regions: 1->46(46)
[152.718s][info][gc,heap        ] GC(339) Old regions: 557->544
[152.718s][info][gc,heap        ] GC(339) Humongous regions: 7->7
[152.718s][info][gc,metaspace   ] GC(339) Metaspace: 18257K(18368K)->18257K(18368K) NonClass: 16429K(16512K)->16429K(16512K) Class: 1828K(1856K)->1828K(1856K)
[152.718s][info][gc             ] GC(339) Pause Young (Mixed) (G1 Evacuation Pause) (Evacuation Failure: Allocation) 925M->596M(978M) 75.733ms
[152.718s][info][gc,cpu         ] GC(339) User=0.15s Sys=0.00s Real=0.08s
[152.941s][info][gc,start       ] GC(340) Pause Young (Concurrent Start) (G1 Evacuation Pause)
[152.941s][info][gc,task        ] GC(340) Using 2 workers of 2 for evacuation
[153.044s][info][gc,phases      ] GC(340)   Pre Evacuate Collection Set: 0.52ms
[153.044s][info][gc,phases      ] GC(340)   Merge Heap Roots: 0.52ms
[153.044s][info][gc,phases      ] GC(340)   Evacuate Collection Set: 101.29ms
[153.044s][info][gc,phases      ] GC(340)   Post Evacuate Collection Set: 0.66ms
[153.044s][info][gc,phases      ] GC(340)   Other: 0.23ms
[153.044s][info][gc,heap        ] GC(340) Eden regions: 285->0(302)
[153.044s][info][gc,heap        ] GC(340) Survivor regions: 46->22(42)
[153.044s][info][gc,heap        ] GC(340) Old regions: 544->570
[153.044s][info][gc,heap        ] GC(340) Humongous regions: 7->7
[153.044s][info][gc,metaspace   ] GC(340) Metaspace: 18257K(18368K)->18257K(18368K) NonClass: 16429K(16512K)->16429K(16512K) Class: 1828K(1856K)->1828K(1856K)
[153.044s][info][gc             ] GC(340) Pause Young (Concurrent Start) (G1 Evacuation Pause) 881M->598M(978M) 103.532ms
[153.044s][info][gc,cpu         ] GC(340) User=0.20s Sys=0.00s Real=0.11s
[153.044s][info][gc             ] GC(341) Concurrent Mark Cycle
[153.047s][info][gc,marking     ] GC(341) Concurrent Scan Root Regions
[153.158s][info][gc,marking     ] GC(341) Concurrent Scan Root Regions 111.089ms
[153.158s][info][gc,marking     ] GC(341) Concurrent Mark
[153.158s][info][gc,marking     ] GC(341) Concurrent Mark From Roots
[153.158s][info][gc,task        ] GC(341) Using 1 workers of 1 for marking
[153.401s][info][gc,start       ] GC(342) Pause Young (Normal) (G1 Evacuation Pause)
[153.401s][info][gc,task        ] GC(342) Using 2 workers of 2 for evacuation
[153.441s][info][gc,phases      ] GC(342)   Pre Evacuate Collection Set: 0.34ms
[153.441s][info][gc,phases      ] GC(342)   Merge Heap Roots: 0.26ms
[153.441s][info][gc,phases      ] GC(342)   Evacuate Collection Set: 38.16ms
[153.441s][info][gc,phases      ] GC(342)   Post Evacuate Collection Set: 0.58ms
[153.441s][info][gc,phases      ] GC(342)   Other: 0.12ms
[153.441s][info][gc,heap        ] GC(342) Eden regions: 302->0(307)
[153.441s][info][gc,heap        ] GC(342) Survivor regions: 22->6(41)
[153.441s][info][gc,heap        ] GC(342) Old regions: 570->592
[153.441s][info][gc,heap        ] GC(342) Humongous regions: 7->7
[153.441s][info][gc,metaspace   ] GC(342) Metaspace: 18261K(18368K)->18261K(18368K) NonClass: 16433K(16512K)->16433K(16512K) Class: 1828K(1856K)->1828K(1856K)
[153.441s][info][gc             ] GC(342) Pause Young (Normal) (G1 Evacuation Pause) 900M->604M(978M) 39.749ms
[153.441s][info][gc,cpu         ] GC(342) User=0.08s Sys=0.00s Real=0.04s
[153.827s][info][gc,start       ] GC(343) Pause Young (Normal) (G1 Evacuation Pause)
[153.827s][info][gc,task        ] GC(343) Using 2 workers of 2 for evacuation
[153.873s][info][gc,phases      ] GC(343)   Pre Evacuate Collection Set: 0.37ms
[153.873s][info][gc,phases      ] GC(343)   Merge Heap Roots: 0.25ms
[153.873s][info][gc,phases      ] GC(343)   Evacuate Collection Set: 44.59ms
[153.873s][info][gc,phases      ] GC(343)   Post Evacuate Collection Set: 0.61ms
[153.873s][info][gc,phases      ] GC(343)   Other: 0.12ms
[153.873s][info][gc,heap        ] GC(343) Eden regions: 307->0(261)
[153.873s][info][gc,heap        ] GC(343) Survivor regions: 6->34(40)
[153.873s][info][gc,heap        ] GC(343) Old regions: 592->592
[153.873s][info][gc,heap        ] GC(343) Humongous regions: 7->7
[153.873s][info][gc,metaspace   ] GC(343) Metaspace: 18262K(18368K)->18262K(18368K) NonClass: 16433K(16512K)->16433K(16512K) Class: 1828K(1856K)->1828K(1856K)
[153.874s][info][gc             ] GC(343) Pause Young (Normal) (G1 Evacuation Pause) 911M->632M(978M) 46.243ms
[153.874s][info][gc,cpu         ] GC(343) User=0.09s Sys=0.00s Real=0.05s
[154.900s][info][gc,start       ] GC(344) Pause Young (Normal) (G1 Evacuation Pause)
[154.900s][info][gc,task        ] GC(344) Using 2 workers of 2 for evacuation
[154.978s][info][gc,phases      ] GC(344)   Pre Evacuate Collection Set: 0.56ms
[154.978s][info][gc,phases      ] GC(344)   Merge Heap Roots: 0.39ms
[154.978s][info][gc,phases      ] GC(344)   Evacuate Collection Set: 76.34ms
[154.978s][info][gc,phases      ] GC(344)   Post Evacuate Collection Set: 0.59ms
[154.978s][info][gc,phases      ] GC(344)   Other: 0.10ms
[154.978s][info][gc,heap        ] GC(344) Eden regions: 261->0(245)
[154.978s][info][gc,heap        ] GC(344) Survivor regions: 34->25(37)
[154.978s][info][gc,heap        ] GC(344) Old regions: 592->626
[154.978s][info][gc,heap        ] GC(344) Humongous regions: 7->7
[154.978s][info][gc,metaspace   ] GC(344) Metaspace: 18263K(18368K)->18263K(18368K) NonClass: 16435K(16512K)->16435K(16512K) Class: 1828K(1856K)->1828K(1856K)
[154.978s][info][gc             ] GC(344) Pause Young (Normal) (G1 Evacuation Pause) 893M->657M(978M) 78.295ms
[154.978s][info][gc,cpu         ] GC(344) User=0.16s Sys=0.00s Real=0.08s
[155.072s][info][gc,marking     ] GC(341) Concurrent Mark From Roots 1914.199ms
[155.072s][info][gc,marking     ] GC(341) Concurrent Preclean
[155.072s][info][gc,marking     ] GC(341) Concurrent Preclean 0.034ms
[155.072s][info][gc,start       ] GC(341) Pause Remark
[155.080s][info][gc             ] GC(341) Pause Remark 677M->677M(978M) 7.760ms
[155.080s][info][gc,cpu         ] GC(341) User=0.02s Sys=0.00s Real=0.01s
[155.080s][info][gc,marking     ] GC(341) Concurrent Mark 1922.359ms
[155.080s][info][gc,marking     ] GC(341) Concurrent Rebuild Remembered Sets and Scrub Regions
[155.849s][info][gc,marking     ] GC(341) Concurrent Rebuild Remembered Sets and Scrub Regions 768.576ms
[155.849s][info][gc,start       ] GC(341) Pause Cleanup
[155.849s][info][gc             ] GC(341) Pause Cleanup 855M->855M(978M) 0.126ms
[155.849s][info][gc,cpu         ] GC(341) User=0.00s Sys=0.00s Real=0.00s
[155.849s][info][gc,marking     ] GC(341) Concurrent Clear Claimed Marks
[155.849s][info][gc,marking     ] GC(341) Concurrent Clear Claimed Marks 0.028ms
[155.849s][info][gc,marking     ] GC(341) Concurrent Cleanup for Next Mark
[155.854s][info][gc,marking     ] GC(341) Concurrent Cleanup for Next Mark 5.041ms
[155.854s][info][gc             ] GC(341) Concurrent Mark Cycle 2810.057ms
[155.980s][info][gc,start       ] GC(345) Pause Young (Prepare Mixed) (G1 Evacuation Pause)
[155.980s][info][gc,task        ] GC(345) Using 2 workers of 2 for evacuation
[156.012s][info][gc,phases      ] GC(345)   Pre Evacuate Collection Set: 0.33ms
[156.012s][info][gc,phases      ] GC(345)   Merge Heap Roots: 0.29ms
[156.012s][info][gc,phases      ] GC(345)   Evacuate Collection Set: 30.63ms
[156.012s][info][gc,phases      ] GC(345)   Post Evacuate Collection Set: 0.52ms
[156.012s][info][gc,phases      ] GC(345)   Other: 0.13ms
[156.012s][info][gc,heap        ] GC(345) Eden regions: 245->0(262)
[156.012s][info][gc,heap        ] GC(345) Survivor regions: 25->1(34)
[156.012s][info][gc,heap        ] GC(345) Old regions: 626->651
[156.012s][info][gc,heap        ] GC(345) Humongous regions: 7->7
[156.012s][info][gc,metaspace   ] GC(345) Metaspace: 18263K(18368K)->18263K(18368K) NonClass: 16435K(16512K)->16435K(16512K) Class: 1828K(1856K)->1828K(1856K)
[156.012s][info][gc             ] GC(345) Pause Young (Prepare Mixed) (G1 Evacuation Pause) 902M->658M(978M) 32.152ms
[156.012s][info][gc,cpu         ] GC(345) User=0.06s Sys=0.00s Real=0.03s
[156.730s][info][gc,start       ] GC(346) Pause Young (Mixed) (G1 Evacuation Pause)
[156.730s][info][gc,task        ] GC(346) Using 2 workers of 2 for evacuation
[156.732s][info][gc,phases      ] GC(346)   Pre Evacuate Collection Set: 0.54ms
[156.732s][info][gc,phases      ] GC(346)   Merge Heap Roots: 0.15ms
[156.732s][info][gc,phases      ] GC(346)   Evacuate Collection Set: 1.45ms
[156.733s][info][gc,phases      ] GC(346)   Post Evacuate Collection Set: 0.49ms
[156.733s][info][gc,phases      ] GC(346)   Other: 0.12ms
[156.733s][info][gc,heap        ] GC(346) Eden regions: 262->0(276)
[156.733s][info][gc,heap        ] GC(346) Survivor regions: 1->1(33)
[156.733s][info][gc,heap        ] GC(346) Old regions: 651->643
[156.733s][info][gc,heap        ] GC(346) Humongous regions: 7->7
[156.733s][info][gc,metaspace   ] GC(346) Metaspace: 18263K(18368K)->18263K(18368K) NonClass: 16435K(16512K)->16435K(16512K) Class: 1828K(1856K)->1828K(1856K)
[156.733s][info][gc             ] GC(346) Pause Young (Mixed) (G1 Evacuation Pause) 920M->650M(978M) 2.999ms
[156.733s][info][gc,cpu         ] GC(346) User=0.00s Sys=0.00s Real=0.01s
[157.453s][info][gc,start       ] GC(347) Pause Young (Concurrent Start) (G1 Evacuation Pause)
[157.453s][info][gc,task        ] GC(347) Using 2 workers of 2 for evacuation
[157.456s][info][gc,phases      ] GC(347)   Pre Evacuate Collection Set: 0.39ms
[157.456s][info][gc,phases      ] GC(347)   Merge Heap Roots: 0.13ms
[157.456s][info][gc,phases      ] GC(347)   Evacuate Collection Set: 1.56ms
[157.456s][info][gc,phases      ] GC(347)   Post Evacuate Collection Set: 0.51ms
[157.456s][info][gc,phases      ] GC(347)   Other: 0.27ms
[157.456s][info][gc,heap        ] GC(347) Eden regions: 276->0(276)
[157.456s][info][gc,heap        ] GC(347) Survivor regions: 1->1(35)
[157.456s][info][gc,heap        ] GC(347) Old regions: 643->643
[157.456s][info][gc,heap        ] GC(347) Humongous regions: 7->7
[157.456s][info][gc,metaspace   ] GC(347) Metaspace: 18263K(18368K)->18263K(18368K) NonClass: 16435K(16512K)->16435K(16512K) Class: 1828K(1856K)->1828K(1856K)
[157.456s][info][gc             ] GC(347) Pause Young (Concurrent Start) (G1 Evacuation Pause) 926M->650M(978M) 3.080ms
[157.456s][info][gc             ] GC(348) Concurrent Mark Cycle
[157.456s][info][gc,marking     ] GC(348) Concurrent Scan Root Regions
[157.457s][info][gc,marking     ] GC(348) Concurrent Scan Root Regions 0.473ms
[157.457s][info][gc,marking     ] GC(348) Concurrent Mark
[157.457s][info][gc,marking     ] GC(348) Concurrent Mark From Roots
[157.457s][info][gc,task        ] GC(348) Using 1 workers of 1 for marking
[157.457s][info][gc,cpu         ] GC(347) User=0.00s Sys=0.00s Real=0.00s
[158.643s][info][gc,start       ] GC(349) Pause Young (Normal) (G1 Evacuation Pause)
[158.643s][info][gc,task        ] GC(349) Using 2 workers of 2 for evacuation
[158.681s][info][gc,phases      ] GC(349)   Pre Evacuate Collection Set: 0.32ms
[158.681s][info][gc,phases      ] GC(349)   Merge Heap Roots: 0.17ms
[158.681s][info][gc,phases      ] GC(349)   Evacuate Collection Set: 36.22ms
[158.681s][info][gc,phases      ] GC(349)   Post Evacuate Collection Set: 0.99ms
[158.681s][info][gc,phases      ] GC(349)   Other: 0.10ms
[158.681s][info][gc,heap        ] GC(349) Eden regions: 276->0(226)
[158.681s][info][gc,heap        ] GC(349) Survivor regions: 1->26(35)
[158.681s][info][gc,heap        ] GC(349) Old regions: 643->643
[158.681s][info][gc,heap        ] GC(349) Humongous regions: 7->7
[158.681s][info][gc,metaspace   ] GC(349) Metaspace: 18263K(18368K)->18263K(18368K) NonClass: 16435K(16512K)->16435K(16512K) Class: 1828K(1856K)->1828K(1856K)
[158.681s][info][gc             ] GC(349) Pause Young (Normal) (G1 Evacuation Pause) 926M->675M(978M) 38.106ms
[158.681s][info][gc,cpu         ] GC(349) User=0.08s Sys=0.00s Real=0.03s
[159.070s][info][gc,start       ] GC(350) Pause Young (Normal) (G1 Evacuation Pause)
[159.070s][info][gc,task        ] GC(350) Using 2 workers of 2 for evacuation
[159.201s][info][gc,phases      ] GC(350)   Pre Evacuate Collection Set: 0.31ms
[159.201s][info][gc,phases      ] GC(350)   Merge Heap Roots: 0.14ms
[159.201s][info][gc,phases      ] GC(350)   Evacuate Collection Set: 117.03ms
[159.202s][info][gc,phases      ] GC(350)   Post Evacuate Collection Set: 14.00ms
[159.202s][info][gc,phases      ] GC(350)   Other: 0.11ms
[159.202s][info][gc,heap        ] GC(350) Eden regions: 226->0(16)
[159.202s][info][gc,heap        ] GC(350) Survivor regions: 26->32(32)
[159.202s][info][gc,heap        ] GC(350) Old regions: 643->880
[159.202s][info][gc,heap        ] GC(350) Humongous regions: 7->7
[159.202s][info][gc,metaspace   ] GC(350) Metaspace: 18263K(18368K)->18263K(18368K) NonClass: 16435K(16512K)->16435K(16512K) Class: 1828K(1856K)->1828K(1856K)
[159.202s][info][gc             ] GC(350) Pause Young (Normal) (G1 Evacuation Pause) (Evacuation Failure: Allocation) 901M->918M(978M) 131.881ms
[159.202s][info][gc,cpu         ] GC(350) User=0.26s Sys=0.00s Real=0.13s
[159.255s][info][gc,start       ] GC(351) Pause Young (Normal) (G1 Evacuation Pause)
[159.255s][info][gc,task        ] GC(351) Using 2 workers of 2 for evacuation
[159.335s][info][gc,phases      ] GC(351)   Pre Evacuate Collection Set: 0.62ms
[159.335s][info][gc,phases      ] GC(351)   Merge Heap Roots: 0.64ms
[159.335s][info][gc,phases      ] GC(351)   Evacuate Collection Set: 70.88ms
[159.335s][info][gc,phases      ] GC(351)   Post Evacuate Collection Set: 8.14ms
[159.335s][info][gc,phases      ] GC(351)   Other: 0.10ms
[159.335s][info][gc,heap        ] GC(351) Eden regions: 16->0(20)
[159.335s][info][gc,heap        ] GC(351) Survivor regions: 32->2(6)
[159.335s][info][gc,heap        ] GC(351) Old regions: 880->947
[159.335s][info][gc,heap        ] GC(351) Humongous regions: 7->7
[159.335s][info][gc,metaspace   ] GC(351) Metaspace: 18263K(18368K)->18263K(18368K) NonClass: 16435K(16512K)->16435K(16512K) Class: 1828K(1856K)->1828K(1856K)
[159.336s][info][gc             ] GC(351) Pause Young (Normal) (G1 Evacuation Pause) (Evacuation Failure: Allocation) 934M->955M(978M) 80.646ms
[159.336s][info][gc,cpu         ] GC(351) User=0.15s Sys=0.00s Real=0.08s
[159.374s][info][gc,start       ] GC(352) Pause Young (Normal) (G1 Evacuation Pause)
[159.374s][info][gc,task        ] GC(352) Using 2 workers of 2 for evacuation
[159.425s][info][gc,phases      ] GC(352)   Pre Evacuate Collection Set: 0.42ms
[159.425s][info][gc,phases      ] GC(352)   Merge Heap Roots: 0.29ms
[159.425s][info][gc,phases      ] GC(352)   Evacuate Collection Set: 37.67ms
[159.425s][info][gc,phases      ] GC(352)   Post Evacuate Collection Set: 13.04ms
[159.425s][info][gc,phases      ] GC(352)   Other: 0.11ms
[159.425s][info][gc,heap        ] GC(352) Eden regions: 20->0(0)
[159.425s][info][gc,heap        ] GC(352) Survivor regions: 2->1(2)
[159.425s][info][gc,heap        ] GC(352) Old regions: 947->969
[159.425s][info][gc,heap        ] GC(352) Humongous regions: 7->7
[159.425s][info][gc,metaspace   ] GC(352) Metaspace: 18263K(18368K)->18263K(18368K) NonClass: 16435K(16512K)->16435K(16512K) Class: 1828K(1856K)->1828K(1856K)
[159.425s][info][gc             ] GC(352) Pause Young (Normal) (G1 Evacuation Pause) (Evacuation Failure: Allocation) 975M->976M(978M) 51.832ms
[159.425s][info][gc,cpu         ] GC(352) User=0.10s Sys=0.00s Real=0.05s
[159.425s][info][gc,ergo        ] Attempting full compaction
[159.425s][info][gc,start       ] GC(353) Pause Full (G1 Compaction Pause)
[159.425s][info][gc,task        ] GC(353) Using 2 workers of 2 for full compaction
[159.427s][info][gc,phases,start] GC(353) Phase 1: Mark live objects
[159.826s][info][gc,phases      ] GC(353) Phase 1: Mark live objects 398.485ms
[159.826s][info][gc,phases,start] GC(353) Phase 2: Prepare compaction
[159.845s][info][gc,phases      ] GC(353) Phase 2: Prepare compaction 19.718ms
[159.845s][info][gc,phases,start] GC(353) Phase 3: Adjust pointers
[159.999s][info][gc,phases      ] GC(353) Phase 3: Adjust pointers 153.693ms
[159.999s][info][gc,phases,start] GC(353) Phase 4: Compact heap
[160.021s][info][gc,phases      ] GC(353) Phase 4: Compact heap 22.018ms
[160.021s][info][gc,phases,start] GC(353) Phase 5: Reset Metadata
[160.094s][info][gc,phases      ] GC(353) Phase 5: Reset Metadata 72.641ms
[160.102s][info][gc,heap        ] GC(353) Eden regions: 0->0(397)
[160.102s][info][gc,heap        ] GC(353) Survivor regions: 1->0(2)
[160.102s][info][gc,heap        ] GC(353) Old regions: 969->468
[160.102s][info][gc,heap        ] GC(353) Humongous regions: 7->4
[160.102s][info][gc,metaspace   ] GC(353) Metaspace: 18263K(18368K)->18263K(18368K) NonClass: 16435K(16512K)->16435K(16512K) Class: 1828K(1856K)->1828K(1856K)
[160.102s][info][gc             ] GC(353) Pause Full (G1 Compaction Pause) 976M->471M(978M) 676.964ms
[160.102s][info][gc,cpu         ] GC(353) User=1.31s Sys=0.00s Real=0.67s
[160.105s][info][gc,marking     ] GC(348) Concurrent Mark From Roots 2648.169ms
[160.105s][info][gc,marking     ] GC(348) Concurrent Mark Abort
[160.105s][info][gc             ] GC(348) Concurrent Mark Cycle 2648.740ms
[160.367s][info][gc,start       ] GC(354) Pause Young (Concurrent Start) (G1 Humongous Allocation)
[160.367s][info][gc,task        ] GC(354) Using 2 workers of 2 for evacuation
[160.419s][info][gc,phases      ] GC(354)   Pre Evacuate Collection Set: 0.32ms
[160.419s][info][gc,phases      ] GC(354)   Merge Heap Roots: 0.40ms
[160.419s][info][gc,phases      ] GC(354)   Evacuate Collection Set: 51.04ms
[160.419s][info][gc,phases      ] GC(354)   Post Evacuate Collection Set: 0.66ms
[160.419s][info][gc,phases      ] GC(354)   Other: 0.12ms
[160.419s][info][gc,heap        ] GC(354) Eden regions: 261->0(337)
[160.419s][info][gc,heap        ] GC(354) Survivor regions: 0->36(50)
[160.419s][info][gc,heap        ] GC(354) Old regions: 468->468
[160.419s][info][gc,heap        ] GC(354) Humongous regions: 4->4
[160.419s][info][gc,metaspace   ] GC(354) Metaspace: 18263K(18368K)->18263K(18368K) NonClass: 16435K(16512K)->16435K(16512K) Class: 1828K(1856K)->1828K(1856K)
[160.419s][info][gc             ] GC(354) Pause Young (Concurrent Start) (G1 Humongous Allocation) 732M->507M(978M) 52.904ms
[160.419s][info][gc,cpu         ] GC(354) User=0.10s Sys=0.00s Real=0.05s
[160.419s][info][gc             ] GC(355) Concurrent Mark Cycle
[160.422s][info][gc,marking     ] GC(355) Concurrent Scan Root Regions
[160.482s][info][gc,marking     ] GC(355) Concurrent Scan Root Regions 60.201ms
[160.482s][info][gc,marking     ] GC(355) Concurrent Mark
[160.482s][info][gc,marking     ] GC(355) Concurrent Mark From Roots
[160.482s][info][gc,task        ] GC(355) Using 1 workers of 1 for marking
[161.175s][info][gc,start       ] GC(356) Pause Young (Normal) (G1 Evacuation Pause)
[161.175s][info][gc,task        ] GC(356) Using 2 workers of 2 for evacuation
[161.242s][info][gc,phases      ] GC(356)   Pre Evacuate Collection Set: 0.55ms
[161.242s][info][gc,phases      ] GC(356)   Merge Heap Roots: 0.44ms
[161.242s][info][gc,phases      ] GC(356)   Evacuate Collection Set: 65.09ms
[161.242s][info][gc,phases      ] GC(356)   Post Evacuate Collection Set: 0.68ms
[161.242s][info][gc,phases      ] GC(356)   Other: 0.13ms
[161.242s][info][gc,heap        ] GC(356) Eden regions: 337->0(339)
[161.242s][info][gc,heap        ] GC(356) Survivor regions: 36->13(47)
[161.242s][info][gc,heap        ] GC(356) Old regions: 468->504
[161.242s][info][gc,heap        ] GC(356) Humongous regions: 7->7
[161.242s][info][gc,metaspace   ] GC(356) Metaspace: 18263K(18368K)->18263K(18368K) NonClass: 16435K(16512K)->16435K(16512K) Class: 1828K(1856K)->1828K(1856K)
[161.242s][info][gc             ] GC(356) Pause Young (Normal) (G1 Evacuation Pause) 847M->523M(978M) 67.180ms
[161.242s][info][gc,cpu         ] GC(356) User=0.14s Sys=0.00s Real=0.06s
[161.512s][info][gc,marking     ] GC(355) Concurrent Mark From Roots 1029.777ms
[161.512s][info][gc,marking     ] GC(355) Concurrent Preclean
[161.512s][info][gc,marking     ] GC(355) Concurrent Preclean 0.046ms
[161.512s][info][gc,start       ] GC(355) Pause Remark
[161.520s][info][gc             ] GC(355) Pause Remark 654M->566M(978M) 7.568ms
[161.520s][info][gc,cpu         ] GC(355) User=0.02s Sys=0.00s Real=0.01s
[161.521s][info][gc,marking     ] GC(355) Concurrent Mark 1039.041ms
[161.521s][info][gc,marking     ] GC(355) Concurrent Rebuild Remembered Sets and Scrub Regions
[161.873s][info][gc,marking     ] GC(355) Concurrent Rebuild Remembered Sets and Scrub Regions 352.134ms
[161.873s][info][gc,start       ] GC(355) Pause Cleanup
[161.873s][info][gc             ] GC(355) Pause Cleanup 751M->751M(978M) 0.127ms
[161.873s][info][gc,cpu         ] GC(355) User=0.00s Sys=0.00s Real=0.00s
[161.874s][info][gc,marking     ] GC(355) Concurrent Clear Claimed Marks
[161.874s][info][gc,marking     ] GC(355) Concurrent Clear Claimed Marks 0.035ms
[161.874s][info][gc,marking     ] GC(355) Concurrent Cleanup for Next Mark
[161.879s][info][gc,marking     ] GC(355) Concurrent Cleanup for Next Mark 5.016ms
[161.879s][info][gc             ] GC(355) Concurrent Mark Cycle 1459.506ms
[161.905s][info][gc,start       ] GC(357) Pause Young (Prepare Mixed) (G1 Evacuation Pause)
[161.905s][info][gc,task        ] GC(357) Using 2 workers of 2 for evacuation
[161.929s][info][gc,phases      ] GC(357)   Pre Evacuate Collection Set: 0.51ms
[161.929s][info][gc,phases      ] GC(357)   Merge Heap Roots: 0.36ms
[161.929s][info][gc,phases      ] GC(357)   Evacuate Collection Set: 22.68ms
[161.929s][info][gc,phases      ] GC(357)   Post Evacuate Collection Set: 0.61ms
[161.929s][info][gc,phases      ] GC(357)   Other: 0.13ms
[161.929s][info][gc,heap        ] GC(357) Eden regions: 339->0(423)
[161.929s][info][gc,heap        ] GC(357) Survivor regions: 13->14(44)
[161.929s][info][gc,heap        ] GC(357) Old regions: 418->418
[161.929s][info][gc,heap        ] GC(357) Humongous regions: 5->5
[161.929s][info][gc,metaspace   ] GC(357) Metaspace: 18263K(18368K)->18263K(18368K) NonClass: 16435K(16512K)->16435K(16512K) Class: 1828K(1856K)->1828K(1856K)
[161.929s][info][gc             ] GC(357) Pause Young (Prepare Mixed) (G1 Evacuation Pause) 774M->435M(978M) 24.536ms
[161.929s][info][gc,cpu         ] GC(357) User=0.04s Sys=0.00s Real=0.02s
[162.515s][info][gc,start       ] GC(358) Pause Young (Mixed) (G1 Evacuation Pause)
[162.515s][info][gc,task        ] GC(358) Using 2 workers of 2 for evacuation
[162.585s][info][gc,phases      ] GC(358)   Pre Evacuate Collection Set: 0.32ms
[162.585s][info][gc,phases      ] GC(358)   Merge Heap Roots: 0.54ms
[162.585s][info][gc,phases      ] GC(358)   Evacuate Collection Set: 68.49ms
[162.585s][info][gc,phases      ] GC(358)   Post Evacuate Collection Set: 0.85ms
[162.585s][info][gc,phases      ] GC(358)   Other: 0.11ms
[162.585s][info][gc,heap        ] GC(358) Eden regions: 423->0(429)
[162.585s][info][gc,heap        ] GC(358) Survivor regions: 14->33(55)
[162.585s][info][gc,heap        ] GC(358) Old regions: 418->395
[162.585s][info][gc,heap        ] GC(358) Humongous regions: 8->8
[162.585s][info][gc,metaspace   ] GC(358) Metaspace: 18263K(18368K)->18263K(18368K) NonClass: 16435K(16512K)->16435K(16512K) Class: 1828K(1856K)->1828K(1856K)
[162.585s][info][gc             ] GC(358) Pause Young (Mixed) (G1 Evacuation Pause) 861M->434M(978M) 70.633ms
[162.585s][info][gc,cpu         ] GC(358) User=0.14s Sys=0.00s Real=0.07s
[163.272s][info][gc,start       ] GC(359) Pause Young (Concurrent Start) (G1 Evacuation Pause)
[163.272s][info][gc,task        ] GC(359) Using 2 workers of 2 for evacuation
[163.339s][info][gc,phases      ] GC(359)   Pre Evacuate Collection Set: 0.36ms
[163.339s][info][gc,phases      ] GC(359)   Merge Heap Roots: 0.46ms
[163.339s][info][gc,phases      ] GC(359)   Evacuate Collection Set: 65.78ms
[163.340s][info][gc,phases      ] GC(359)   Post Evacuate Collection Set: 0.84ms
[163.340s][info][gc,phases      ] GC(359)   Other: 0.22ms
[163.340s][info][gc,heap        ] GC(359) Eden regions: 429->0(448)
[163.340s][info][gc,heap        ] GC(359) Survivor regions: 33->21(58)
[163.340s][info][gc,heap        ] GC(359) Old regions: 395->408
[163.340s][info][gc,heap        ] GC(359) Humongous regions: 8->8
[163.340s][info][gc,metaspace   ] GC(359) Metaspace: 18263K(18368K)->18263K(18368K) NonClass: 16435K(16512K)->16435K(16512K) Class: 1828K(1856K)->1828K(1856K)
[163.340s][info][gc             ] GC(359) Pause Young (Concurrent Start) (G1 Evacuation Pause) 863M->435M(978M) 68.026ms
[163.340s][info][gc,cpu         ] GC(359) User=0.13s Sys=0.00s Real=0.07s
[163.340s][info][gc             ] GC(360) Concurrent Mark Cycle
[163.342s][info][gc,marking     ] GC(360) Concurrent Scan Root Regions
[163.467s][info][gc,marking     ] GC(360) Concurrent Scan Root Regions 125.446ms
[163.467s][info][gc,marking     ] GC(360) Concurrent Mark
[163.467s][info][gc,marking     ] GC(360) Concurrent Mark From Roots
[163.467s][info][gc,task        ] GC(360) Using 1 workers of 1 for marking
[164.008s][info][gc,marking     ] GC(360) Concurrent Mark From Roots 541.239ms
[164.008s][info][gc,marking     ] GC(360) Concurrent Preclean
[164.009s][info][gc,marking     ] GC(360) Concurrent Preclean 0.046ms
[164.009s][info][gc,start       ] GC(360) Pause Remark
[164.016s][info][gc             ] GC(360) Pause Remark 632M->501M(978M) 7.698ms
[164.016s][info][gc,cpu         ] GC(360) User=0.01s Sys=0.00s Real=0.01s
[164.016s][info][gc,marking     ] GC(360) Concurrent Mark 549.368ms
[164.017s][info][gc,marking     ] GC(360) Concurrent Rebuild Remembered Sets and Scrub Regions
[164.197s][info][gc,marking     ] GC(360) Concurrent Rebuild Remembered Sets and Scrub Regions 180.703ms
[164.197s][info][gc,start       ] GC(360) Pause Cleanup
[164.198s][info][gc             ] GC(360) Pause Cleanup 570M->570M(978M) 0.163ms
[164.198s][info][gc,cpu         ] GC(360) User=0.00s Sys=0.00s Real=0.00s
[164.198s][info][gc,marking     ] GC(360) Concurrent Clear Claimed Marks
[164.198s][info][gc,marking     ] GC(360) Concurrent Clear Claimed Marks 0.028ms
[164.198s][info][gc,marking     ] GC(360) Concurrent Cleanup for Next Mark
[164.201s][info][gc,marking     ] GC(360) Concurrent Cleanup for Next Mark 3.021ms
[164.201s][info][gc             ] GC(360) Concurrent Mark Cycle 861.033ms
[164.461s][info][gc,start       ] GC(361) Pause Young (Prepare Mixed) (G1 Evacuation Pause)
[164.461s][info][gc,task        ] GC(361) Using 2 workers of 2 for evacuation
[164.524s][info][gc,phases      ] GC(361)   Pre Evacuate Collection Set: 0.33ms
[164.524s][info][gc,phases      ] GC(361)   Merge Heap Roots: 0.74ms
[164.524s][info][gc,phases      ] GC(361)   Evacuate Collection Set: 60.46ms
[164.524s][info][gc,phases      ] GC(361)   Post Evacuate Collection Set: 0.86ms
[164.524s][info][gc,phases      ] GC(361)   Other: 0.13ms
[164.524s][info][gc,heap        ] GC(361) Eden regions: 448->0(553)
[164.524s][info][gc,heap        ] GC(361) Survivor regions: 21->33(59)
[164.524s][info][gc,heap        ] GC(361) Old regions: 281->281
[164.524s][info][gc,heap        ] GC(361) Humongous regions: 4->4
[164.524s][info][gc,metaspace   ] GC(361) Metaspace: 18263K(18368K)->18263K(18368K) NonClass: 16435K(16512K)->16435K(16512K) Class: 1828K(1856K)->1828K(1856K)
[164.524s][info][gc             ] GC(361) Pause Young (Prepare Mixed) (G1 Evacuation Pause) 752M->316M(978M) 62.832ms
[164.524s][info][gc,cpu         ] GC(361) User=0.12s Sys=0.00s Real=0.07s
[165.069s][info][gc,start       ] GC(362) Pause Young (Mixed) (G1 Evacuation Pause)
[165.069s][info][gc,task        ] GC(362) Using 2 workers of 2 for evacuation
[165.188s][info][gc,phases      ] GC(362)   Pre Evacuate Collection Set: 0.58ms
[165.189s][info][gc,phases      ] GC(362)   Merge Heap Roots: 0.68ms
[165.189s][info][gc,phases      ] GC(362)   Evacuate Collection Set: 116.93ms
[165.189s][info][gc,phases      ] GC(362)   Post Evacuate Collection Set: 0.95ms
[165.189s][info][gc,phases      ] GC(362)   Other: 0.15ms
[165.189s][info][gc,heap        ] GC(362) Eden regions: 553->0(482)
[165.189s][info][gc,heap        ] GC(362) Survivor regions: 33->74(74)
[165.189s][info][gc,heap        ] GC(362) Old regions: 281->248
[165.189s][info][gc,heap        ] GC(362) Humongous regions: 4->4
[165.189s][info][gc,metaspace   ] GC(362) Metaspace: 18263K(18368K)->18263K(18368K) NonClass: 16435K(16512K)->16435K(16512K) Class: 1828K(1856K)->1828K(1856K)
[165.189s][info][gc             ] GC(362) Pause Young (Mixed) (G1 Evacuation Pause) 869M->325M(978M) 119.580ms
[165.189s][info][gc,cpu         ] GC(362) User=0.23s Sys=0.00s Real=0.12s
[165.570s][info][gc,start       ] GC(363) Pause Young (Concurrent Start) (G1 Evacuation Pause)
[165.570s][info][gc,task        ] GC(363) Using 2 workers of 2 for evacuation
[165.738s][info][gc,phases      ] GC(363)   Pre Evacuate Collection Set: 0.32ms
[165.738s][info][gc,phases      ] GC(363)   Merge Heap Roots: 0.42ms
[165.738s][info][gc,phases      ] GC(363)   Evacuate Collection Set: 166.12ms
[165.738s][info][gc,phases      ] GC(363)   Post Evacuate Collection Set: 0.83ms
[165.738s][info][gc,phases      ] GC(363)   Other: 0.15ms
[165.738s][info][gc,heap        ] GC(363) Eden regions: 484->0(474)
[165.738s][info][gc,heap        ] GC(363) Survivor regions: 74->52(70)
[165.738s][info][gc,heap        ] GC(363) Old regions: 248->323
[165.738s][info][gc,heap        ] GC(363) Humongous regions: 4->4
[165.738s][info][gc,metaspace   ] GC(363) Metaspace: 18263K(18368K)->18263K(18368K) NonClass: 16435K(16512K)->16435K(16512K) Class: 1828K(1856K)->1828K(1856K)
[165.738s][info][gc             ] GC(363) Pause Young (Concurrent Start) (G1 Evacuation Pause) 809M->377M(978M) 168.135ms
[165.738s][info][gc             ] GC(364) Concurrent Mark Cycle
[165.738s][info][gc,marking     ] GC(364) Concurrent Scan Root Regions
[165.741s][info][gc,cpu         ] GC(363) User=0.34s Sys=0.00s Real=0.17s
[165.941s][info][gc,marking     ] GC(364) Concurrent Scan Root Regions 202.473ms
[165.941s][info][gc,marking     ] GC(364) Concurrent Mark
[165.941s][info][gc,marking     ] GC(364) Concurrent Mark From Roots
[165.941s][info][gc,task        ] GC(364) Using 1 workers of 1 for marking
[166.598s][info][gc,start       ] GC(365) Pause Young (Normal) (G1 Evacuation Pause)
[166.598s][info][gc,task        ] GC(365) Using 2 workers of 2 for evacuation
[166.688s][info][gc,phases      ] GC(365)   Pre Evacuate Collection Set: 0.51ms
[166.689s][info][gc,phases      ] GC(365)   Merge Heap Roots: 0.44ms
[166.689s][info][gc,phases      ] GC(365)   Evacuate Collection Set: 88.88ms
[166.689s][info][gc,phases      ] GC(365)   Post Evacuate Collection Set: 0.77ms
[166.689s][info][gc,phases      ] GC(365)   Other: 0.10ms
[166.689s][info][gc,heap        ] GC(365) Eden regions: 474->0(471)
[166.689s][info][gc,heap        ] GC(365) Survivor regions: 52->19(66)
[166.689s][info][gc,heap        ] GC(365) Old regions: 323->374
[166.689s][info][gc,heap        ] GC(365) Humongous regions: 4->4
[166.689s][info][gc,metaspace   ] GC(365) Metaspace: 18263K(18368K)->18263K(18368K) NonClass: 16435K(16512K)->16435K(16512K) Class: 1828K(1856K)->1828K(1856K)
[166.689s][info][gc             ] GC(365) Pause Young (Normal) (G1 Evacuation Pause) 851M->395M(978M) 91.012ms
[166.689s][info][gc,cpu         ] GC(365) User=0.18s Sys=0.00s Real=0.09s
[166.738s][info][gc,marking     ] GC(364) Concurrent Mark From Roots 796.578ms
[166.738s][info][gc,marking     ] GC(364) Concurrent Preclean
[166.738s][info][gc,marking     ] GC(364) Concurrent Preclean 0.048ms
[166.738s][info][gc,start       ] GC(364) Pause Remark
[166.745s][info][gc             ] GC(364) Pause Remark 414M->414M(978M) 7.491ms
[166.745s][info][gc,cpu         ] GC(364) User=0.02s Sys=0.00s Real=0.01s
[166.747s][info][gc,marking     ] GC(364) Concurrent Mark 805.510ms
[166.747s][info][gc,marking     ] GC(364) Concurrent Rebuild Remembered Sets and Scrub Regions
[167.176s][info][gc,marking     ] GC(364) Concurrent Rebuild Remembered Sets and Scrub Regions 429.434ms
[167.176s][info][gc,start       ] GC(364) Pause Cleanup
[167.176s][info][gc             ] GC(364) Pause Cleanup 574M->574M(978M) 0.109ms
[167.176s][info][gc,cpu         ] GC(364) User=0.00s Sys=0.00s Real=0.00s
[167.176s][info][gc,marking     ] GC(364) Concurrent Clear Claimed Marks
[167.176s][info][gc,marking     ] GC(364) Concurrent Clear Claimed Marks 0.027ms
[167.176s][info][gc,marking     ] GC(364) Concurrent Cleanup for Next Mark
[167.179s][info][gc,marking     ] GC(364) Concurrent Cleanup for Next Mark 2.998ms
[167.179s][info][gc             ] GC(364) Concurrent Mark Cycle 1441.016ms
[168.057s][info][gc,start       ] GC(366) Pause Young (Prepare Mixed) (G1 Evacuation Pause)
[168.057s][info][gc,task        ] GC(366) Using 2 workers of 2 for evacuation
[168.097s][info][gc,phases      ] GC(366)   Pre Evacuate Collection Set: 0.32ms
[168.097s][info][gc,phases      ] GC(366)   Merge Heap Roots: 0.44ms
[168.097s][info][gc,phases      ] GC(366)   Evacuate Collection Set: 38.09ms
[168.097s][info][gc,phases      ] GC(366)   Post Evacuate Collection Set: 0.82ms
[168.097s][info][gc,phases      ] GC(366)   Other: 0.10ms
[168.097s][info][gc,heap        ] GC(366) Eden regions: 471->0(476)
[168.097s][info][gc,heap        ] GC(366) Survivor regions: 19->28(62)
[168.097s][info][gc,heap        ] GC(366) Old regions: 374->374
[168.097s][info][gc,heap        ] GC(366) Humongous regions: 4->4
[168.097s][info][gc,metaspace   ] GC(366) Metaspace: 18263K(18368K)->18263K(18368K) NonClass: 16435K(16512K)->16435K(16512K) Class: 1828K(1856K)->1828K(1856K)
[168.097s][info][gc             ] GC(366) Pause Young (Prepare Mixed) (G1 Evacuation Pause) 866M->405M(978M) 40.021ms
[168.097s][info][gc,cpu         ] GC(366) User=0.08s Sys=0.00s Real=0.04s
[169.156s][info][gc,start       ] GC(367) Pause Young (Mixed) (G1 Evacuation Pause)
[169.156s][info][gc,task        ] GC(367) Using 2 workers of 2 for evacuation
[169.235s][info][gc,phases      ] GC(367)   Pre Evacuate Collection Set: 0.43ms
[169.235s][info][gc,phases      ] GC(367)   Merge Heap Roots: 0.32ms
[169.235s][info][gc,phases      ] GC(367)   Evacuate Collection Set: 77.08ms
[169.235s][info][gc,phases      ] GC(367)   Post Evacuate Collection Set: 0.92ms
[169.235s][info][gc,phases      ] GC(367)   Other: 0.14ms
[169.235s][info][gc,heap        ] GC(367) Eden regions: 476->0(427)
[169.235s][info][gc,heap        ] GC(367) Survivor regions: 28->63(63)
[169.235s][info][gc,heap        ] GC(367) Old regions: 374->371
[169.235s][info][gc,heap        ] GC(367) Humongous regions: 4->4
[169.235s][info][gc,metaspace   ] GC(367) Metaspace: 18265K(18368K)->18265K(18368K) NonClass: 16437K(16512K)->16437K(16512K) Class: 1828K(1856K)->1828K(1856K)
[169.236s][info][gc             ] GC(367) Pause Young (Mixed) (G1 Evacuation Pause) 881M->436M(978M) 79.150ms
[169.236s][info][gc,cpu         ] GC(367) User=0.16s Sys=0.00s Real=0.08s
[169.943s][info][gc,start       ] GC(368) Pause Young (Concurrent Start) (G1 Evacuation Pause)
[169.943s][info][gc,task        ] GC(368) Using 2 workers of 2 for evacuation
[170.218s][info][gc,mmu         ] GC(368) MMU target violated: 201.0ms (200.0ms/201.0ms)
[170.218s][info][gc,phases      ] GC(368)   Pre Evacuate Collection Set: 0.33ms
[170.218s][info][gc,phases      ] GC(368)   Merge Heap Roots: 0.36ms
[170.218s][info][gc,phases      ] GC(368)   Evacuate Collection Set: 247.92ms
[170.218s][info][gc,phases      ] GC(368)   Post Evacuate Collection Set: 26.44ms
[170.218s][info][gc,phases      ] GC(368)   Other: 0.21ms
[170.218s][info][gc,heap        ] GC(368) Eden regions: 427->0(133)
[170.218s][info][gc,heap        ] GC(368) Survivor regions: 63->62(62)
[170.218s][info][gc,heap        ] GC(368) Old regions: 371->667
[170.218s][info][gc,heap        ] GC(368) Humongous regions: 4->4
[170.218s][info][gc,metaspace   ] GC(368) Metaspace: 18265K(18368K)->18265K(18368K) NonClass: 16437K(16512K)->16437K(16512K) Class: 1828K(1856K)->1828K(1856K)
[170.218s][info][gc             ] GC(368) Pause Young (Concurrent Start) (G1 Evacuation Pause) (Evacuation Failure: Allocation) 863M->732M(978M) 275.518ms
[170.218s][info][gc             ] GC(369) Concurrent Mark Cycle
[170.218s][info][gc,marking     ] GC(369) Concurrent Scan Root Regions
[170.221s][info][gc,cpu         ] GC(368) User=0.54s Sys=0.01s Real=0.27s
[170.437s][info][gc,marking     ] GC(369) Concurrent Scan Root Regions 218.323ms
[170.437s][info][gc,marking     ] GC(369) Concurrent Mark
[170.437s][info][gc,marking     ] GC(369) Concurrent Mark From Roots
[170.437s][info][gc,task        ] GC(369) Using 1 workers of 1 for marking
[170.683s][info][gc,start       ] GC(370) Pause Young (Normal) (G1 Evacuation Pause)
[170.684s][info][gc,task        ] GC(370) Using 2 workers of 2 for evacuation
[170.831s][info][gc,phases      ] GC(370)   Pre Evacuate Collection Set: 0.40ms
[170.831s][info][gc,phases      ] GC(370)   Merge Heap Roots: 0.84ms
[170.831s][info][gc,phases      ] GC(370)   Evacuate Collection Set: 137.95ms
[170.831s][info][gc,phases      ] GC(370)   Post Evacuate Collection Set: 7.79ms
[170.831s][info][gc,phases      ] GC(370)   Other: 0.11ms
[170.831s][info][gc,heap        ] GC(370) Eden regions: 133->0(143)
[170.831s][info][gc,heap        ] GC(370) Survivor regions: 62->25(25)
[170.831s][info][gc,heap        ] GC(370) Old regions: 667->731
[170.831s][info][gc,heap        ] GC(370) Humongous regions: 4->4
[170.831s][info][gc,metaspace   ] GC(370) Metaspace: 18265K(18368K)->18265K(18368K) NonClass: 16437K(16512K)->16437K(16512K) Class: 1828K(1856K)->1828K(1856K)
[170.831s][info][gc             ] GC(370) Pause Young (Normal) (G1 Evacuation Pause) (Evacuation Failure: Allocation) 865M->759M(978M) 147.365ms
[170.831s][info][gc,cpu         ] GC(370) User=0.29s Sys=0.01s Real=0.14s
[171.102s][info][gc,start       ] GC(371) Pause Young (Normal) (G1 Evacuation Pause)
[171.102s][info][gc,task        ] GC(371) Using 2 workers of 2 for evacuation
[171.198s][info][gc,phases      ] GC(371)   Pre Evacuate Collection Set: 0.66ms
[171.198s][info][gc,phases      ] GC(371)   Merge Heap Roots: 0.73ms
[171.198s][info][gc,phases      ] GC(371)   Evacuate Collection Set: 93.74ms
[171.198s][info][gc,phases      ] GC(371)   Post Evacuate Collection Set: 0.94ms
[171.198s][info][gc,phases      ] GC(371)   Other: 0.12ms
[171.198s][info][gc,heap        ] GC(371) Eden regions: 143->0(234)
[171.198s][info][gc,heap        ] GC(371) Survivor regions: 25->14(21)
[171.198s][info][gc,heap        ] GC(371) Old regions: 731->625
[171.198s][info][gc,heap        ] GC(371) Humongous regions: 5->5
[171.198s][info][gc,metaspace   ] GC(371) Metaspace: 18265K(18368K)->18265K(18368K) NonClass: 16437K(16512K)->16437K(16512K) Class: 1828K(1856K)->1828K(1856K)
[171.198s][info][gc             ] GC(371) Pause Young (Normal) (G1 Evacuation Pause) 903M->642M(978M) 96.472ms
[171.198s][info][gc,cpu         ] GC(371) User=0.19s Sys=0.00s Real=0.10s
[171.846s][info][gc,marking     ] GC(369) Concurrent Mark From Roots 1409.087ms
[171.846s][info][gc,marking     ] GC(369) Concurrent Preclean
[171.846s][info][gc,marking     ] GC(369) Concurrent Preclean 0.046ms
[171.846s][info][gc,start       ] GC(369) Pause Remark
[171.854s][info][gc             ] GC(369) Pause Remark 832M->832M(978M) 7.637ms
[171.854s][info][gc,cpu         ] GC(369) User=0.01s Sys=0.00s Real=0.01s
[171.854s][info][gc,marking     ] GC(369) Concurrent Mark 1417.095ms
[171.854s][info][gc,marking     ] GC(369) Concurrent Rebuild Remembered Sets and Scrub Regions
[171.981s][info][gc,start       ] GC(372) Pause Young (Normal) (G1 Evacuation Pause)
[171.981s][info][gc,task        ] GC(372) Using 2 workers of 2 for evacuation
[172.116s][info][gc,phases      ] GC(372)   Pre Evacuate Collection Set: 0.35ms
[172.116s][info][gc,phases      ] GC(372)   Merge Heap Roots: 1.22ms
[172.116s][info][gc,phases      ] GC(372)   Evacuate Collection Set: 132.29ms
[172.116s][info][gc,phases      ] GC(372)   Post Evacuate Collection Set: 0.85ms
[172.116s][info][gc,phases      ] GC(372)   Other: 0.09ms
[172.116s][info][gc,heap        ] GC(372) Eden regions: 234->0(219)
[172.116s][info][gc,heap        ] GC(372) Survivor regions: 14->31(31)
[172.116s][info][gc,heap        ] GC(372) Old regions: 625->617
[172.116s][info][gc,heap        ] GC(372) Humongous regions: 13->13
[172.116s][info][gc,metaspace   ] GC(372) Metaspace: 18265K(18368K)->18265K(18368K) NonClass: 16437K(16512K)->16437K(16512K) Class: 1828K(1856K)->1828K(1856K)
[172.116s][info][gc             ] GC(372) Pause Young (Normal) (G1 Evacuation Pause) 884M->660M(978M) 135.052ms
[172.116s][info][gc,cpu         ] GC(372) User=0.26s Sys=0.00s Real=0.14s
[172.658s][info][gc,marking     ] GC(369) Concurrent Rebuild Remembered Sets and Scrub Regions 804.217ms
[172.658s][info][gc,start       ] GC(369) Pause Cleanup
[172.658s][info][gc             ] GC(369) Pause Cleanup 869M->869M(978M) 0.138ms
[172.658s][info][gc,cpu         ] GC(369) User=0.00s Sys=0.00s Real=0.00s
[172.658s][info][gc,marking     ] GC(369) Concurrent Clear Claimed Marks
[172.658s][info][gc,marking     ] GC(369) Concurrent Clear Claimed Marks 0.028ms
[172.658s][info][gc,marking     ] GC(369) Concurrent Cleanup for Next Mark
[172.661s][info][gc,marking     ] GC(369) Concurrent Cleanup for Next Mark 2.999ms
[172.662s][info][gc             ] GC(369) Concurrent Mark Cycle 2443.250ms
[172.680s][info][gc,start       ] GC(373) Pause Young (Prepare Mixed) (G1 Evacuation Pause)
[172.680s][info][gc,task        ] GC(373) Using 2 workers of 2 for evacuation
[172.755s][info][gc,phases      ] GC(373)   Pre Evacuate Collection Set: 0.57ms
[172.755s][info][gc,phases      ] GC(373)   Merge Heap Roots: 0.98ms
[172.755s][info][gc,phases      ] GC(373)   Evacuate Collection Set: 72.49ms
[172.755s][info][gc,phases      ] GC(373)   Post Evacuate Collection Set: 0.55ms
[172.755s][info][gc,phases      ] GC(373)   Other: 0.11ms
[172.755s][info][gc,heap        ] GC(373) Eden regions: 219->0(232)
[172.755s][info][gc,heap        ] GC(373) Survivor regions: 31->1(32)
[172.755s][info][gc,heap        ] GC(373) Old regions: 617->649
[172.755s][info][gc,heap        ] GC(373) Humongous regions: 13->13
[172.755s][info][gc,metaspace   ] GC(373) Metaspace: 18265K(18368K)->18265K(18368K) NonClass: 16437K(16512K)->16437K(16512K) Class: 1828K(1856K)->1828K(1856K)
[172.755s][info][gc             ] GC(373) Pause Young (Prepare Mixed) (G1 Evacuation Pause) 879M->662M(978M) 74.937ms
[172.755s][info][gc,cpu         ] GC(373) User=0.15s Sys=0.00s Real=0.08s
[173.155s][info][gc,start       ] GC(374) Pause Young (Mixed) (G1 Evacuation Pause)
[173.155s][info][gc,task        ] GC(374) Using 2 workers of 2 for evacuation
[173.157s][info][gc,phases      ] GC(374)   Pre Evacuate Collection Set: 0.54ms
[173.157s][info][gc,phases      ] GC(374)   Merge Heap Roots: 0.12ms
[173.157s][info][gc,phases      ] GC(374)   Evacuate Collection Set: 0.88ms
[173.157s][info][gc,phases      ] GC(374)   Post Evacuate Collection Set: 0.46ms
[173.157s][info][gc,phases      ] GC(374)   Other: 0.10ms
[173.157s][info][gc,heap        ] GC(374) Eden regions: 232->0(249)
[173.157s][info][gc,heap        ] GC(374) Survivor regions: 1->1(30)
[173.157s][info][gc,heap        ] GC(374) Old regions: 649->643
[173.157s][info][gc,heap        ] GC(374) Humongous regions: 13->13
[173.157s][info][gc,metaspace   ] GC(374) Metaspace: 18265K(18368K)->18265K(18368K) NonClass: 16437K(16512K)->16437K(16512K) Class: 1828K(1856K)->1828K(1856K)
[173.157s][info][gc             ] GC(374) Pause Young (Mixed) (G1 Evacuation Pause) 894M->656M(978M) 2.285ms
[173.157s][info][gc,cpu         ] GC(374) User=0.01s Sys=0.00s Real=0.00s
[173.596s][info][gc,start       ] GC(375) Pause Young (Concurrent Start) (G1 Evacuation Pause)
[173.596s][info][gc,task        ] GC(375) Using 2 workers of 2 for evacuation
[173.597s][info][gc,phases      ] GC(375)   Pre Evacuate Collection Set: 0.37ms
[173.597s][info][gc,phases      ] GC(375)   Merge Heap Roots: 0.10ms
[173.597s][info][gc,phases      ] GC(375)   Evacuate Collection Set: 0.53ms
[173.597s][info][gc,phases      ] GC(375)   Post Evacuate Collection Set: 0.44ms
[173.597s][info][gc,phases      ] GC(375)   Other: 0.24ms
[173.597s][info][gc,heap        ] GC(375) Eden regions: 249->0(261)
[173.597s][info][gc,heap        ] GC(375) Survivor regions: 1->1(32)
[173.597s][info][gc,heap        ] GC(375) Old regions: 643->643
[173.597s][info][gc,heap        ] GC(375) Humongous regions: 13->13
[173.597s][info][gc,metaspace   ] GC(375) Metaspace: 18265K(18368K)->18265K(18368K) NonClass: 16437K(16512K)->16437K(16512K) Class: 1828K(1856K)->1828K(1856K)
[173.598s][info][gc             ] GC(375) Pause Young (Concurrent Start) (G1 Evacuation Pause) 905M->655M(978M) 1.908ms
[173.598s][info][gc,cpu         ] GC(375) User=0.00s Sys=0.00s Real=0.00s
[173.600s][info][gc             ] GC(376) Concurrent Mark Cycle
[173.600s][info][gc,marking     ] GC(376) Concurrent Scan Root Regions
[173.602s][info][gc,marking     ] GC(376) Concurrent Scan Root Regions 2.251ms
[173.602s][info][gc,marking     ] GC(376) Concurrent Mark
[173.602s][info][gc,marking     ] GC(376) Concurrent Mark From Roots
[173.602s][info][gc,task        ] GC(376) Using 1 workers of 1 for marking
[174.745s][info][gc,start       ] GC(377) Pause Young (Normal) (G1 Evacuation Pause)
[174.745s][info][gc,task        ] GC(377) Using 2 workers of 2 for evacuation
[174.746s][info][gc,phases      ] GC(377)   Pre Evacuate Collection Set: 0.53ms
[174.746s][info][gc,phases      ] GC(377)   Merge Heap Roots: 0.12ms
[174.746s][info][gc,phases      ] GC(377)   Evacuate Collection Set: 0.31ms
[174.746s][info][gc,phases      ] GC(377)   Post Evacuate Collection Set: 0.44ms
[174.746s][info][gc,phases      ] GC(377)   Other: 0.12ms
[174.746s][info][gc,heap        ] GC(377) Eden regions: 261->0(270)
[174.746s][info][gc,heap        ] GC(377) Survivor regions: 1->1(33)
[174.746s][info][gc,heap        ] GC(377) Old regions: 643->643
[174.746s][info][gc,heap        ] GC(377) Humongous regions: 13->13
[174.746s][info][gc,metaspace   ] GC(377) Metaspace: 18265K(18368K)->18265K(18368K) NonClass: 16437K(16512K)->16437K(16512K) Class: 1828K(1856K)->1828K(1856K)
[174.746s][info][gc             ] GC(377) Pause Young (Normal) (G1 Evacuation Pause) 916M->655M(978M) 1.762ms
[174.746s][info][gc,cpu         ] GC(377) User=0.00s Sys=0.00s Real=0.00s
[175.062s][info][gc,marking     ] GC(376) Concurrent Mark From Roots 1460.084ms
[175.062s][info][gc,marking     ] GC(376) Concurrent Preclean
[175.062s][info][gc,marking     ] GC(376) Concurrent Preclean 0.049ms
[175.062s][info][gc,start       ] GC(376) Pause Remark
[175.070s][info][gc             ] GC(376) Pause Remark 722M->684M(978M) 7.803ms
[175.070s][info][gc,cpu         ] GC(376) User=0.01s Sys=0.00s Real=0.01s
[175.070s][info][gc,marking     ] GC(376) Concurrent Mark 1468.286ms
[175.070s][info][gc,marking     ] GC(376) Concurrent Rebuild Remembered Sets and Scrub Regions
[175.563s][info][gc,start       ] GC(378) Pause Young (Normal) (G1 Evacuation Pause)
[175.563s][info][gc,task        ] GC(378) Using 2 workers of 2 for evacuation
[175.590s][info][gc,phases      ] GC(378)   Pre Evacuate Collection Set: 0.42ms
[175.590s][info][gc,phases      ] GC(378)   Merge Heap Roots: 0.21ms
[175.590s][info][gc,phases      ] GC(378)   Evacuate Collection Set: 25.17ms
[175.590s][info][gc,phases      ] GC(378)   Post Evacuate Collection Set: 0.55ms
[175.590s][info][gc,phases      ] GC(378)   Other: 0.16ms
[175.590s][info][gc,heap        ] GC(378) Eden regions: 270->0(280)
[175.590s][info][gc,heap        ] GC(378) Survivor regions: 1->15(34)
[175.590s][info][gc,heap        ] GC(378) Old regions: 611->611
[175.590s][info][gc,heap        ] GC(378) Humongous regions: 7->7
[175.590s][info][gc,metaspace   ] GC(378) Metaspace: 18265K(18368K)->18265K(18368K) NonClass: 16437K(16512K)->16437K(16512K) Class: 1828K(1856K)->1828K(1856K)
[175.590s][info][gc             ] GC(378) Pause Young (Normal) (G1 Evacuation Pause) 887M->631M(978M) 26.827ms
[175.590s][info][gc,cpu         ] GC(378) User=0.05s Sys=0.00s Real=0.02s
[175.658s][info][gc,marking     ] GC(376) Concurrent Rebuild Remembered Sets and Scrub Regions 587.402ms
[175.658s][info][gc,start       ] GC(376) Pause Cleanup
[175.658s][info][gc             ] GC(376) Pause Cleanup 674M->674M(978M) 0.206ms
[175.658s][info][gc,cpu         ] GC(376) User=0.00s Sys=0.00s Real=0.00s
[175.658s][info][gc,marking     ] GC(376) Concurrent Clear Claimed Marks
[175.658s][info][gc,marking     ] GC(376) Concurrent Clear Claimed Marks 0.031ms
[175.658s][info][gc,marking     ] GC(376) Concurrent Cleanup for Next Mark
[175.661s][info][gc,marking     ] GC(376) Concurrent Cleanup for Next Mark 2.974ms
[175.661s][info][gc             ] GC(376) Concurrent Mark Cycle 2061.551ms
[175.896s][info][gc,start       ] GC(379) Pause Young (Prepare Mixed) (G1 Evacuation Pause)
[175.896s][info][gc,task        ] GC(379) Using 2 workers of 2 for evacuation
[175.937s][info][gc,phases      ] GC(379)   Pre Evacuate Collection Set: 0.55ms
[175.937s][info][gc,phases      ] GC(379)   Merge Heap Roots: 0.19ms
[175.937s][info][gc,phases      ] GC(379)   Evacuate Collection Set: 39.97ms
[175.937s][info][gc,phases      ] GC(379)   Post Evacuate Collection Set: 0.60ms
[175.937s][info][gc,phases      ] GC(379)   Other: 0.13ms
[175.937s][info][gc,heap        ] GC(379) Eden regions: 280->0(159)
[175.937s][info][gc,heap        ] GC(379) Survivor regions: 15->33(37)
[175.937s][info][gc,heap        ] GC(379) Old regions: 611->611
[175.937s][info][gc,heap        ] GC(379) Humongous regions: 7->7
[175.937s][info][gc,metaspace   ] GC(379) Metaspace: 18265K(18368K)->18265K(18368K) NonClass: 16437K(16512K)->16437K(16512K) Class: 1828K(1856K)->1828K(1856K)
[175.937s][info][gc             ] GC(379) Pause Young (Prepare Mixed) (G1 Evacuation Pause) 911M->650M(978M) 41.722ms
[175.938s][info][gc,cpu         ] GC(379) User=0.08s Sys=0.00s Real=0.04s
[176.111s][info][gc,start       ] GC(380) Pause Young (Mixed) (G1 Evacuation Pause)
[176.111s][info][gc,task        ] GC(380) Using 2 workers of 2 for evacuation
[176.153s][info][gc,phases      ] GC(380)   Pre Evacuate Collection Set: 0.39ms
[176.153s][info][gc,phases      ] GC(380)   Merge Heap Roots: 0.21ms
[176.153s][info][gc,phases      ] GC(380)   Evacuate Collection Set: 40.73ms
[176.153s][info][gc,phases      ] GC(380)   Merge Optional Heap Roots: 0.05ms
[176.153s][info][gc,phases      ] GC(380)   Evacuate Optional Collection Set: 0.11ms
[176.153s][info][gc,phases      ] GC(380)   Post Evacuate Collection Set: 0.53ms
[176.153s][info][gc,phases      ] GC(380)   Other: 0.13ms
[176.153s][info][gc,heap        ] GC(380) Eden regions: 177->0(297)
[176.153s][info][gc,heap        ] GC(380) Survivor regions: 33->2(27)
[176.153s][info][gc,heap        ] GC(380) Old regions: 611->612
[176.153s][info][gc,heap        ] GC(380) Humongous regions: 7->7
[176.153s][info][gc,metaspace   ] GC(380) Metaspace: 18265K(18368K)->18265K(18368K) NonClass: 16437K(16512K)->16437K(16512K) Class: 1828K(1856K)->1828K(1856K)
[176.153s][info][gc             ] GC(380) Pause Young (Mixed) (G1 Evacuation Pause) 827M->620M(978M) 42.479ms
[176.153s][info][gc,cpu         ] GC(380) User=0.08s Sys=0.00s Real=0.05s
[176.701s][info][gc,start       ] GC(381) Pause Young (Mixed) (G1 Evacuation Pause)
[176.701s][info][gc,task        ] GC(381) Using 2 workers of 2 for evacuation
[176.761s][info][gc,phases      ] GC(381)   Pre Evacuate Collection Set: 0.61ms
[176.761s][info][gc,phases      ] GC(381)   Merge Heap Roots: 0.95ms
[176.761s][info][gc,phases      ] GC(381)   Evacuate Collection Set: 49.43ms
[176.761s][info][gc,phases      ] GC(381)   Merge Optional Heap Roots: 0.22ms
[176.761s][info][gc,phases      ] GC(381)   Evacuate Optional Collection Set: 7.49ms
[176.761s][info][gc,phases      ] GC(381)   Post Evacuate Collection Set: 0.94ms
[176.761s][info][gc,phases      ] GC(381)   Other: 0.12ms
[176.761s][info][gc,heap        ] GC(381) Eden regions: 297->0(353)
[176.761s][info][gc,heap        ] GC(381) Survivor regions: 2->11(38)
[176.761s][info][gc,heap        ] GC(381) Old regions: 612->538
[176.761s][info][gc,heap        ] GC(381) Humongous regions: 7->7
[176.761s][info][gc,metaspace   ] GC(381) Metaspace: 18265K(18368K)->18265K(18368K) NonClass: 16437K(16512K)->16437K(16512K) Class: 1828K(1856K)->1828K(1856K)
[176.761s][info][gc             ] GC(381) Pause Young (Mixed) (G1 Evacuation Pause) 917M->555M(978M) 60.074ms
[176.761s][info][gc,cpu         ] GC(381) User=0.12s Sys=0.00s Real=0.06s
[177.517s][info][gc,start       ] GC(382) Pause Young (Mixed) (G1 Evacuation Pause)
[177.517s][info][gc,task        ] GC(382) Using 2 workers of 2 for evacuation
[177.563s][info][gc,phases      ] GC(382)   Pre Evacuate Collection Set: 0.34ms
[177.563s][info][gc,phases      ] GC(382)   Merge Heap Roots: 0.86ms
[177.563s][info][gc,phases      ] GC(382)   Evacuate Collection Set: 43.68ms
[177.563s][info][gc,phases      ] GC(382)   Post Evacuate Collection Set: 0.69ms
[177.563s][info][gc,phases      ] GC(382)   Other: 0.12ms
[177.563s][info][gc,heap        ] GC(382) Eden regions: 353->0(368)
[177.563s][info][gc,heap        ] GC(382) Survivor regions: 11->12(46)
[177.563s][info][gc,heap        ] GC(382) Old regions: 538->529
[177.563s][info][gc,heap        ] GC(382) Humongous regions: 7->7
[177.563s][info][gc,metaspace   ] GC(382) Metaspace: 18265K(18368K)->18265K(18368K) NonClass: 16437K(16512K)->16437K(16512K) Class: 1828K(1856K)->1828K(1856K)
[177.563s][info][gc             ] GC(382) Pause Young (Mixed) (G1 Evacuation Pause) 908M->547M(978M) 45.949ms
[177.563s][info][gc,cpu         ] GC(382) User=0.09s Sys=0.00s Real=0.05s
[178.117s][info][gc,start       ] GC(383) Pause Young (Mixed) (G1 Evacuation Pause)
[178.117s][info][gc,task        ] GC(383) Using 2 workers of 2 for evacuation
[178.186s][info][gc,phases      ] GC(383)   Pre Evacuate Collection Set: 0.33ms
[178.186s][info][gc,phases      ] GC(383)   Merge Heap Roots: 0.56ms
[178.186s][info][gc,phases      ] GC(383)   Evacuate Collection Set: 67.18ms
[178.186s][info][gc,phases      ] GC(383)   Post Evacuate Collection Set: 0.87ms
[178.186s][info][gc,phases      ] GC(383)   Other: 0.14ms
[178.186s][info][gc,heap        ] GC(383) Eden regions: 368->0(304)
[178.186s][info][gc,heap        ] GC(383) Survivor regions: 12->44(48)
[178.186s][info][gc,heap        ] GC(383) Old regions: 529->529
[178.186s][info][gc,heap        ] GC(383) Humongous regions: 7->7
[178.186s][info][gc,metaspace   ] GC(383) Metaspace: 18265K(18368K)->18265K(18368K) NonClass: 16437K(16512K)->16437K(16512K) Class: 1828K(1856K)->1828K(1856K)
[178.186s][info][gc             ] GC(383) Pause Young (Mixed) (G1 Evacuation Pause) 915M->579M(978M) 69.373ms
[178.186s][info][gc,cpu         ] GC(383) User=0.14s Sys=0.00s Real=0.07s
[178.599s][info][gc,start       ] GC(384) Pause Young (Concurrent Start) (G1 Humongous Allocation)
[178.599s][info][gc,task        ] GC(384) Using 2 workers of 2 for evacuation
[178.696s][info][gc,phases      ] GC(384)   Pre Evacuate Collection Set: 0.40ms
[178.696s][info][gc,phases      ] GC(384)   Merge Heap Roots: 0.21ms
[178.696s][info][gc,phases      ] GC(384)   Evacuate Collection Set: 94.89ms
[178.696s][info][gc,phases      ] GC(384)   Post Evacuate Collection Set: 0.65ms
[178.696s][info][gc,phases      ] GC(384)   Other: 0.32ms
[178.696s][info][gc,heap        ] GC(384) Eden regions: 251->0(260)
[178.696s][info][gc,heap        ] GC(384) Survivor regions: 44->44(44)
[178.696s][info][gc,heap        ] GC(384) Old regions: 529->573
[178.696s][info][gc,heap        ] GC(384) Humongous regions: 7->7
[178.696s][info][gc,metaspace   ] GC(384) Metaspace: 18266K(18368K)->18266K(18368K) NonClass: 16437K(16512K)->16437K(16512K) Class: 1828K(1856K)->1828K(1856K)
[178.696s][info][gc             ] GC(384) Pause Young (Concurrent Start) (G1 Humongous Allocation) 830M->623M(978M) 96.737ms
[178.696s][info][gc,cpu         ] GC(384) User=0.19s Sys=0.00s Real=0.10s
[178.696s][info][gc             ] GC(385) Concurrent Mark Cycle
[178.696s][info][gc,marking     ] GC(385) Concurrent Scan Root Regions
[178.820s][info][gc,marking     ] GC(385) Concurrent Scan Root Regions 123.600ms
[178.820s][info][gc,marking     ] GC(385) Concurrent Mark
[178.820s][info][gc,marking     ] GC(385) Concurrent Mark From Roots
[178.820s][info][gc,task        ] GC(385) Using 1 workers of 1 for marking
[179.680s][info][gc,start       ] GC(386) Pause Young (Normal) (G1 Evacuation Pause)
[179.680s][info][gc,task        ] GC(386) Using 2 workers of 2 for evacuation
[179.749s][info][gc,phases      ] GC(386)   Pre Evacuate Collection Set: 0.54ms
[179.749s][info][gc,phases      ] GC(386)   Merge Heap Roots: 0.25ms
[179.749s][info][gc,phases      ] GC(386)   Evacuate Collection Set: 67.43ms
[179.749s][info][gc,phases      ] GC(386)   Post Evacuate Collection Set: 0.59ms
[179.749s][info][gc,phases      ] GC(386)   Other: 0.13ms
[179.749s][info][gc,heap        ] GC(386) Eden regions: 260->0(268)
[179.749s][info][gc,heap        ] GC(386) Survivor regions: 44->7(38)
[179.749s][info][gc,heap        ] GC(386) Old regions: 573->618
[179.749s][info][gc,heap        ] GC(386) Humongous regions: 10->10
[179.749s][info][gc,metaspace   ] GC(386) Metaspace: 18266K(18368K)->18266K(18368K) NonClass: 16437K(16512K)->16437K(16512K) Class: 1828K(1856K)->1828K(1856K)
[179.749s][info][gc             ] GC(386) Pause Young (Normal) (G1 Evacuation Pause) 886M->633M(978M) 69.196ms
[179.749s][info][gc,cpu         ] GC(386) User=0.14s Sys=0.00s Real=0.07s
[180.564s][info][gc,marking     ] GC(385) Concurrent Mark From Roots 1744.024ms
[180.564s][info][gc,marking     ] GC(385) Concurrent Preclean
[180.564s][info][gc,marking     ] GC(385) Concurrent Preclean 0.050ms
[180.564s][info][gc,start       ] GC(385) Pause Remark
[180.572s][info][gc             ] GC(385) Pause Remark 827M->827M(978M) 7.912ms
[180.572s][info][gc,cpu         ] GC(385) User=0.02s Sys=0.00s Real=0.00s
[180.572s][info][gc,marking     ] GC(385) Concurrent Mark 1752.352ms
[180.572s][info][gc,marking     ] GC(385) Concurrent Rebuild Remembered Sets and Scrub Regions
[180.790s][info][gc,start       ] GC(387) Pause Young (Normal) (G1 Evacuation Pause)
[180.790s][info][gc,task        ] GC(387) Using 2 workers of 2 for evacuation
[180.803s][info][gc,phases      ] GC(387)   Pre Evacuate Collection Set: 0.34ms
[180.803s][info][gc,phases      ] GC(387)   Merge Heap Roots: 0.25ms
[180.803s][info][gc,phases      ] GC(387)   Evacuate Collection Set: 11.78ms
[180.803s][info][gc,phases      ] GC(387)   Post Evacuate Collection Set: 0.48ms
[180.803s][info][gc,phases      ] GC(387)   Other: 0.09ms
[180.803s][info][gc,heap        ] GC(387) Eden regions: 268->0(278)
[180.803s][info][gc,heap        ] GC(387) Survivor regions: 7->7(35)
[180.803s][info][gc,heap        ] GC(387) Old regions: 618->618
[180.803s][info][gc,heap        ] GC(387) Humongous regions: 10->10
[180.803s][info][gc,metaspace   ] GC(387) Metaspace: 18266K(18368K)->18266K(18368K) NonClass: 16437K(16512K)->16437K(16512K) Class: 1828K(1856K)->1828K(1856K)
[180.803s][info][gc             ] GC(387) Pause Young (Normal) (G1 Evacuation Pause) 901M->634M(978M) 13.211ms
[180.803s][info][gc,cpu         ] GC(387) User=0.02s Sys=0.00s Real=0.02s
[181.188s][info][gc,marking     ] GC(385) Concurrent Rebuild Remembered Sets and Scrub Regions 615.735ms
[181.188s][info][gc,start       ] GC(385) Pause Cleanup
[181.188s][info][gc             ] GC(385) Pause Cleanup 780M->780M(978M) 0.131ms
[181.188s][info][gc,cpu         ] GC(385) User=0.00s Sys=0.00s Real=0.00s
[181.188s][info][gc,marking     ] GC(385) Concurrent Clear Claimed Marks
[181.188s][info][gc,marking     ] GC(385) Concurrent Clear Claimed Marks 0.028ms
[181.188s][info][gc,marking     ] GC(385) Concurrent Cleanup for Next Mark
[181.191s][info][gc,marking     ] GC(385) Concurrent Cleanup for Next Mark 2.965ms
[181.191s][info][gc             ] GC(385) Concurrent Mark Cycle 2495.307ms
[181.423s][info][gc,start       ] GC(388) Pause Young (Prepare Mixed) (G1 Evacuation Pause)
[181.423s][info][gc,task        ] GC(388) Using 2 workers of 2 for evacuation
[181.436s][info][gc,phases      ] GC(388)   Pre Evacuate Collection Set: 0.58ms
[181.436s][info][gc,phases      ] GC(388)   Merge Heap Roots: 0.13ms
[181.436s][info][gc,phases      ] GC(388)   Evacuate Collection Set: 11.13ms
[181.436s][info][gc,phases      ] GC(388)   Post Evacuate Collection Set: 0.54ms
[181.436s][info][gc,phases      ] GC(388)   Other: 0.12ms
[181.436s][info][gc,heap        ] GC(388) Eden regions: 278->0(286)
[181.436s][info][gc,heap        ] GC(388) Survivor regions: 7->7(36)
[181.436s][info][gc,heap        ] GC(388) Old regions: 618->618
[181.436s][info][gc,heap        ] GC(388) Humongous regions: 10->10
[181.436s][info][gc,metaspace   ] GC(388) Metaspace: 18266K(18368K)->18266K(18368K) NonClass: 16437K(16512K)->16437K(16512K) Class: 1828K(1856K)->1828K(1856K)
[181.436s][info][gc             ] GC(388) Pause Young (Prepare Mixed) (G1 Evacuation Pause) 912M->633M(978M) 12.788ms
[181.436s][info][gc,cpu         ] GC(388) User=0.02s Sys=0.00s Real=0.01s
[181.807s][info][gc,start       ] GC(389) Pause Young (Mixed) (G1 Evacuation Pause)
[181.807s][info][gc,task        ] GC(389) Using 2 workers of 2 for evacuation
[181.912s][info][gc,phases      ] GC(389)   Pre Evacuate Collection Set: 0.35ms
[181.912s][info][gc,phases      ] GC(389)   Merge Heap Roots: 1.01ms
[181.912s][info][gc,phases      ] GC(389)   Evacuate Collection Set: 102.51ms
[181.912s][info][gc,phases      ] GC(389)   Post Evacuate Collection Set: 0.71ms
[181.912s][info][gc,phases      ] GC(389)   Other: 0.09ms
[181.912s][info][gc,heap        ] GC(389) Eden regions: 286->0(229)
[181.912s][info][gc,heap        ] GC(389) Survivor regions: 7->37(37)
[181.912s][info][gc,heap        ] GC(389) Old regions: 618->615
[181.912s][info][gc,heap        ] GC(389) Humongous regions: 10->10
[181.912s][info][gc,metaspace   ] GC(389) Metaspace: 18266K(18368K)->18266K(18368K) NonClass: 16437K(16512K)->16437K(16512K) Class: 1828K(1856K)->1828K(1856K)
[181.912s][info][gc             ] GC(389) Pause Young (Mixed) (G1 Evacuation Pause) 919M->661M(978M) 104.953ms
[181.912s][info][gc,cpu         ] GC(389) User=0.21s Sys=0.00s Real=0.10s
[182.103s][info][gc,start       ] GC(390) Pause Young (Concurrent Start) (G1 Evacuation Pause)
[182.103s][info][gc,task        ] GC(390) Using 2 workers of 2 for evacuation
[182.218s][info][gc,phases      ] GC(390)   Pre Evacuate Collection Set: 0.38ms
[182.218s][info][gc,phases      ] GC(390)   Merge Heap Roots: 0.37ms
[182.218s][info][gc,phases      ] GC(390)   Evacuate Collection Set: 113.17ms
[182.218s][info][gc,phases      ] GC(390)   Post Evacuate Collection Set: 0.56ms
[182.218s][info][gc,phases      ] GC(390)   Other: 0.21ms
[182.218s][info][gc,heap        ] GC(390) Eden regions: 229->0(181)
[182.218s][info][gc,heap        ] GC(390) Survivor regions: 37->34(34)
[182.218s][info][gc,heap        ] GC(390) Old regions: 615->669
[182.218s][info][gc,heap        ] GC(390) Humongous regions: 10->10
[182.218s][info][gc,metaspace   ] GC(390) Metaspace: 18266K(18368K)->18266K(18368K) NonClass: 16437K(16512K)->16437K(16512K) Class: 1828K(1856K)->1828K(1856K)
[182.218s][info][gc             ] GC(390) Pause Young (Concurrent Start) (G1 Evacuation Pause) (Evacuation Failure: Allocation) 890M->712M(978M) 114.971ms
[182.218s][info][gc,cpu         ] GC(390) User=0.22s Sys=0.00s Real=0.11s
[182.218s][info][gc             ] GC(391) Concurrent Mark Cycle
[182.218s][info][gc,marking     ] GC(391) Concurrent Scan Root Regions
[182.420s][info][gc,marking     ] GC(391) Concurrent Scan Root Regions 202.158ms
[182.420s][info][gc,marking     ] GC(391) Concurrent Mark
[182.420s][info][gc,marking     ] GC(391) Concurrent Mark From Roots
[182.420s][info][gc,task        ] GC(391) Using 1 workers of 1 for marking
[182.440s][info][gc,start       ] GC(392) Pause Young (Normal) (G1 Evacuation Pause)
[182.440s][info][gc,task        ] GC(392) Using 2 workers of 2 for evacuation
[182.507s][info][gc,phases      ] GC(392)   Pre Evacuate Collection Set: 0.55ms
[182.507s][info][gc,phases      ] GC(392)   Merge Heap Roots: 0.30ms
[182.507s][info][gc,phases      ] GC(392)   Evacuate Collection Set: 65.57ms
[182.507s][info][gc,phases      ] GC(392)   Post Evacuate Collection Set: 0.48ms
[182.507s][info][gc,phases      ] GC(392)   Other: 0.12ms
[182.507s][info][gc,heap        ] GC(392) Eden regions: 181->0(178)
[182.507s][info][gc,heap        ] GC(392) Survivor regions: 34->17(27)
[182.507s][info][gc,heap        ] GC(392) Old regions: 669->703
[182.508s][info][gc,heap        ] GC(392) Humongous regions: 10->10
[182.508s][info][gc,metaspace   ] GC(392) Metaspace: 18266K(18368K)->18266K(18368K) NonClass: 16437K(16512K)->16437K(16512K) Class: 1828K(1856K)->1828K(1856K)
[182.508s][info][gc             ] GC(392) Pause Young (Normal) (G1 Evacuation Pause) 893M->729M(978M) 67.279ms
[182.508s][info][gc,cpu         ] GC(392) User=0.14s Sys=0.00s Real=0.07s
[182.712s][info][gc,start       ] GC(393) Pause Young (Normal) (G1 Evacuation Pause)
[182.712s][info][gc,task        ] GC(393) Using 2 workers of 2 for evacuation
[182.745s][info][gc,phases      ] GC(393)   Pre Evacuate Collection Set: 0.33ms
[182.745s][info][gc,phases      ] GC(393)   Merge Heap Roots: 0.28ms
[182.745s][info][gc,phases      ] GC(393)   Evacuate Collection Set: 31.79ms
[182.745s][info][gc,phases      ] GC(393)   Post Evacuate Collection Set: 0.45ms
[182.745s][info][gc,phases      ] GC(393)   Other: 0.11ms
[182.745s][info][gc,heap        ] GC(393) Eden regions: 178->0(183)
[182.745s][info][gc,heap        ] GC(393) Survivor regions: 17->5(25)
[182.745s][info][gc,heap        ] GC(393) Old regions: 703->720
[182.745s][info][gc,heap        ] GC(393) Humongous regions: 10->10
[182.745s][info][gc,metaspace   ] GC(393) Metaspace: 18266K(18368K)->18266K(18368K) NonClass: 16437K(16512K)->16437K(16512K) Class: 1828K(1856K)->1828K(1856K)
[182.745s][info][gc             ] GC(393) Pause Young (Normal) (G1 Evacuation Pause) 907M->734M(978M) 33.200ms
[182.745s][info][gc,cpu         ] GC(393) User=0.06s Sys=0.00s Real=0.04s
[183.003s][info][gc,start       ] GC(394) Pause Young (Normal) (G1 Evacuation Pause)
[183.003s][info][gc,task        ] GC(394) Using 2 workers of 2 for evacuation
[183.025s][info][gc,phases      ] GC(394)   Pre Evacuate Collection Set: 0.54ms
[183.026s][info][gc,phases      ] GC(394)   Merge Heap Roots: 0.26ms
[183.026s][info][gc,phases      ] GC(394)   Evacuate Collection Set: 20.77ms
[183.026s][info][gc,phases      ] GC(394)   Post Evacuate Collection Set: 0.47ms
[183.026s][info][gc,phases      ] GC(394)   Other: 0.10ms
[183.026s][info][gc,heap        ] GC(394) Eden regions: 183->0(178)
[183.026s][info][gc,heap        ] GC(394) Survivor regions: 5->10(24)
[183.026s][info][gc,heap        ] GC(394) Old regions: 720->720
[183.026s][info][gc,heap        ] GC(394) Humongous regions: 10->10
[183.026s][info][gc,metaspace   ] GC(394) Metaspace: 18266K(18368K)->18266K(18368K) NonClass: 16437K(16512K)->16437K(16512K) Class: 1828K(1856K)->1828K(1856K)
[183.026s][info][gc             ] GC(394) Pause Young (Normal) (G1 Evacuation Pause) 917M->738M(978M) 22.412ms
[183.026s][info][gc,cpu         ] GC(394) User=0.04s Sys=0.00s Real=0.02s
[183.269s][info][gc,start       ] GC(395) Pause Young (Normal) (G1 Evacuation Pause)
[183.269s][info][gc,task        ] GC(395) Using 2 workers of 2 for evacuation
[183.297s][info][gc,phases      ] GC(395)   Pre Evacuate Collection Set: 0.55ms
[183.297s][info][gc,phases      ] GC(395)   Merge Heap Roots: 0.28ms
[183.297s][info][gc,phases      ] GC(395)   Evacuate Collection Set: 26.11ms
[183.297s][info][gc,phases      ] GC(395)   Post Evacuate Collection Set: 0.46ms
[183.297s][info][gc,phases      ] GC(395)   Other: 0.08ms
[183.297s][info][gc,heap        ] GC(395) Eden regions: 178->0(166)
[183.297s][info][gc,heap        ] GC(395) Survivor regions: 10->16(24)
[183.297s][info][gc,heap        ] GC(395) Old regions: 720->720
[183.297s][info][gc,heap        ] GC(395) Humongous regions: 10->10
[183.297s][info][gc,metaspace   ] GC(395) Metaspace: 18266K(18368K)->18266K(18368K) NonClass: 16437K(16512K)->16437K(16512K) Class: 1828K(1856K)->1828K(1856K)
[183.297s][info][gc             ] GC(395) Pause Young (Normal) (G1 Evacuation Pause) 916M->744M(978M) 27.758ms
[183.297s][info][gc,cpu         ] GC(395) User=0.06s Sys=0.00s Real=0.03s
[183.517s][info][gc,start       ] GC(396) Pause Young (Normal) (G1 Evacuation Pause)
[183.517s][info][gc,task        ] GC(396) Using 2 workers of 2 for evacuation
[183.555s][info][gc,phases      ] GC(396)   Pre Evacuate Collection Set: 0.55ms
[183.556s][info][gc,phases      ] GC(396)   Merge Heap Roots: 0.35ms
[183.556s][info][gc,phases      ] GC(396)   Evacuate Collection Set: 36.66ms
[183.556s][info][gc,phases      ] GC(396)   Post Evacuate Collection Set: 0.48ms
[183.556s][info][gc,phases      ] GC(396)   Other: 0.12ms
[183.556s][info][gc,heap        ] GC(396) Eden regions: 166->0(159)
[183.556s][info][gc,heap        ] GC(396) Survivor regions: 16->17(23)
[183.556s][info][gc,heap        ] GC(396) Old regions: 720->725
[183.556s][info][gc,heap        ] GC(396) Humongous regions: 10->10
[183.556s][info][gc,metaspace   ] GC(396) Metaspace: 18266K(18368K)->18266K(18368K) NonClass: 16437K(16512K)->16437K(16512K) Class: 1828K(1856K)->1828K(1856K)
[183.556s][info][gc             ] GC(396) Pause Young (Normal) (G1 Evacuation Pause) 910M->750M(978M) 38.430ms
[183.556s][info][gc,cpu         ] GC(396) User=0.08s Sys=0.00s Real=0.04s
[183.974s][info][gc,start       ] GC(397) Pause Young (Normal) (G1 Evacuation Pause)
[183.974s][info][gc,task        ] GC(397) Using 2 workers of 2 for evacuation
[184.008s][info][gc,phases      ] GC(397)   Pre Evacuate Collection Set: 0.31ms
[184.008s][info][gc,phases      ] GC(397)   Merge Heap Roots: 0.24ms
[184.008s][info][gc,phases      ] GC(397)   Evacuate Collection Set: 33.26ms
[184.008s][info][gc,phases      ] GC(397)   Post Evacuate Collection Set: 0.50ms
[184.008s][info][gc,phases      ] GC(397)   Other: 0.10ms
[184.008s][info][gc,heap        ] GC(397) Eden regions: 159->0(163)
[184.008s][info][gc,heap        ] GC(397) Survivor regions: 17->10(22)
[184.008s][info][gc,heap        ] GC(397) Old regions: 725->735
[184.008s][info][gc,heap        ] GC(397) Humongous regions: 10->10
[184.008s][info][gc,metaspace   ] GC(397) Metaspace: 18267K(18368K)->18267K(18368K) NonClass: 16439K(16512K)->16439K(16512K) Class: 1828K(1856K)->1828K(1856K)
[184.008s][info][gc             ] GC(397) Pause Young (Normal) (G1 Evacuation Pause) 909M->754M(978M) 34.719ms
[184.008s][info][gc,cpu         ] GC(397) User=0.07s Sys=0.00s Real=0.03s
[184.035s][info][gc,marking     ] GC(391) Concurrent Mark From Roots 1614.440ms
[184.035s][info][gc,marking     ] GC(391) Concurrent Preclean
[184.035s][info][gc,marking     ] GC(391) Concurrent Preclean 0.049ms
[184.036s][info][gc,start       ] GC(391) Pause Remark
[184.046s][info][gc             ] GC(391) Pause Remark 767M->685M(978M) 9.559ms
[184.046s][info][gc,cpu         ] GC(391) User=0.02s Sys=0.00s Real=0.01s
[184.046s][info][gc,marking     ] GC(391) Concurrent Mark 1625.538ms
[184.046s][info][gc,marking     ] GC(391) Concurrent Rebuild Remembered Sets and Scrub Regions
[184.386s][info][gc,start       ] GC(398) Pause Young (Normal) (G1 Evacuation Pause)
[184.386s][info][gc,task        ] GC(398) Using 2 workers of 2 for evacuation
[184.422s][info][gc,phases      ] GC(398)   Pre Evacuate Collection Set: 0.33ms
[184.422s][info][gc,phases      ] GC(398)   Merge Heap Roots: 0.23ms
[184.422s][info][gc,phases      ] GC(398)   Evacuate Collection Set: 34.20ms
[184.422s][info][gc,phases      ] GC(398)   Post Evacuate Collection Set: 0.48ms
[184.422s][info][gc,phases      ] GC(398)   Other: 0.13ms
[184.422s][info][gc,heap        ] GC(398) Eden regions: 163->0(217)
[184.422s][info][gc,heap        ] GC(398) Survivor regions: 10->22(22)
[184.422s][info][gc,heap        ] GC(398) Old regions: 656->660
[184.422s][info][gc,heap        ] GC(398) Humongous regions: 7->7
[184.422s][info][gc,metaspace   ] GC(398) Metaspace: 18267K(18368K)->18267K(18368K) NonClass: 16439K(16512K)->16439K(16512K) Class: 1828K(1856K)->1828K(1856K)
[184.422s][info][gc             ] GC(398) Pause Young (Normal) (G1 Evacuation Pause) 835M->688M(978M) 35.681ms
[184.422s][info][gc,cpu         ] GC(398) User=0.07s Sys=0.00s Real=0.03s
[184.764s][info][gc,marking     ] GC(391) Concurrent Rebuild Remembered Sets and Scrub Regions 718.163ms
[184.765s][info][gc,start       ] GC(391) Pause Cleanup
[184.765s][info][gc             ] GC(391) Pause Cleanup 783M->783M(978M) 0.167ms
[184.765s][info][gc,cpu         ] GC(391) User=0.00s Sys=0.00s Real=0.00s
[184.766s][info][gc,marking     ] GC(391) Concurrent Clear Claimed Marks
[184.766s][info][gc,marking     ] GC(391) Concurrent Clear Claimed Marks 0.054ms
[184.766s][info][gc,marking     ] GC(391) Concurrent Cleanup for Next Mark
[184.772s][info][gc,marking     ] GC(391) Concurrent Cleanup for Next Mark 5.984ms
[184.772s][info][gc             ] GC(391) Concurrent Mark Cycle 2553.719ms
[185.141s][info][gc,start       ] GC(399) Pause Young (Prepare Mixed) (G1 Evacuation Pause)
[185.141s][info][gc,task        ] GC(399) Using 2 workers of 2 for evacuation
[185.181s][info][gc,phases      ] GC(399)   Pre Evacuate Collection Set: 0.55ms
[185.181s][info][gc,phases      ] GC(399)   Merge Heap Roots: 0.29ms
[185.181s][info][gc,phases      ] GC(399)   Evacuate Collection Set: 38.40ms
[185.181s][info][gc,phases      ] GC(399)   Post Evacuate Collection Set: 0.54ms
[185.181s][info][gc,phases      ] GC(399)   Other: 0.11ms
[185.181s][info][gc,heap        ] GC(399) Eden regions: 217->0(208)
[185.181s][info][gc,heap        ] GC(399) Survivor regions: 22->22(30)
[185.181s][info][gc,heap        ] GC(399) Old regions: 660->669
[185.181s][info][gc,heap        ] GC(399) Humongous regions: 7->7
[185.181s][info][gc,metaspace   ] GC(399) Metaspace: 18267K(18368K)->18267K(18368K) NonClass: 16439K(16512K)->16439K(16512K) Class: 1828K(1856K)->1828K(1856K)
[185.181s][info][gc             ] GC(399) Pause Young (Prepare Mixed) (G1 Evacuation Pause) 905M->697M(978M) 40.187ms
[185.181s][info][gc,cpu         ] GC(399) User=0.08s Sys=0.00s Real=0.04s
[185.419s][info][gc,start       ] GC(400) Pause Young (Mixed) (G1 Evacuation Pause)
[185.419s][info][gc,task        ] GC(400) Using 2 workers of 2 for evacuation
[185.555s][info][gc,phases      ] GC(400)   Pre Evacuate Collection Set: 0.57ms
[185.555s][info][gc,phases      ] GC(400)   Merge Heap Roots: 1.27ms
[185.555s][info][gc,phases      ] GC(400)   Evacuate Collection Set: 128.91ms
[185.555s][info][gc,phases      ] GC(400)   Post Evacuate Collection Set: 4.97ms
[185.555s][info][gc,phases      ] GC(400)   Other: 0.14ms
[185.555s][info][gc,heap        ] GC(400) Eden regions: 208->0(166)
[185.555s][info][gc,heap        ] GC(400) Survivor regions: 22->29(29)
[185.555s][info][gc,heap        ] GC(400) Old regions: 669->697
[185.555s][info][gc,heap        ] GC(400) Humongous regions: 7->7
[185.555s][info][gc,metaspace   ] GC(400) Metaspace: 18272K(18432K)->18272K(18432K) NonClass: 16443K(16576K)->16443K(16576K) Class: 1828K(1856K)->1828K(1856K)
[185.555s][info][gc             ] GC(400) Pause Young (Mixed) (G1 Evacuation Pause) (Evacuation Failure: Allocation) 905M->732M(978M) 136.110ms
[185.555s][info][gc,cpu         ] GC(400) User=0.27s Sys=0.00s Real=0.14s
[185.819s][info][gc,start       ] GC(401) Pause Young (Mixed) (G1 Evacuation Pause)
[185.819s][info][gc,task        ] GC(401) Using 2 workers of 2 for evacuation
[185.943s][info][gc,phases      ] GC(401)   Pre Evacuate Collection Set: 0.60ms
[185.943s][info][gc,phases      ] GC(401)   Merge Heap Roots: 0.85ms
[185.943s][info][gc,phases      ] GC(401)   Evacuate Collection Set: 121.57ms
[185.943s][info][gc,phases      ] GC(401)   Post Evacuate Collection Set: 0.99ms
[185.943s][info][gc,phases      ] GC(401)   Other: 0.11ms
[185.943s][info][gc,heap        ] GC(401) Eden regions: 166->0(158)
[185.943s][info][gc,heap        ] GC(401) Survivor regions: 29->25(25)
[185.943s][info][gc,heap        ] GC(401) Old regions: 697->713
[185.943s][info][gc,heap        ] GC(401) Humongous regions: 7->7
[185.943s][info][gc,metaspace   ] GC(401) Metaspace: 18281K(18432K)->18281K(18432K) NonClass: 16452K(16576K)->16452K(16576K) Class: 1828K(1856K)->1828K(1856K)
[185.943s][info][gc             ] GC(401) Pause Young (Mixed) (G1 Evacuation Pause) (Evacuation Failure: Allocation) 898M->744M(978M) 124.432ms
[185.943s][info][gc,cpu         ] GC(401) User=0.25s Sys=0.00s Real=0.13s
[186.248s][info][gc,start       ] GC(402) Pause Young (Concurrent Start) (G1 Evacuation Pause)
[186.248s][info][gc,task        ] GC(402) Using 2 workers of 2 for evacuation
[186.282s][info][gc,phases      ] GC(402)   Pre Evacuate Collection Set: 0.40ms
[186.283s][info][gc,phases      ] GC(402)   Merge Heap Roots: 0.31ms
[186.283s][info][gc,phases      ] GC(402)   Evacuate Collection Set: 32.80ms
[186.283s][info][gc,phases      ] GC(402)   Post Evacuate Collection Set: 0.51ms
[186.283s][info][gc,phases      ] GC(402)   Other: 0.23ms
[186.283s][info][gc,heap        ] GC(402) Eden regions: 158->0(182)
[186.283s][info][gc,heap        ] GC(402) Survivor regions: 25->1(23)
[186.283s][info][gc,heap        ] GC(402) Old regions: 713->726
[186.283s][info][gc,heap        ] GC(402) Humongous regions: 7->7
[186.283s][info][gc,metaspace   ] GC(402) Metaspace: 18281K(18432K)->18281K(18432K) NonClass: 16452K(16576K)->16452K(16576K) Class: 1828K(1856K)->1828K(1856K)
[186.283s][info][gc             ] GC(402) Pause Young (Concurrent Start) (G1 Evacuation Pause) 902M->733M(978M) 34.559ms
[186.283s][info][gc,cpu         ] GC(402) User=0.07s Sys=0.00s Real=0.04s
[186.283s][info][gc             ] GC(403) Concurrent Mark Cycle
[186.287s][info][gc,marking     ] GC(403) Concurrent Scan Root Regions
[186.321s][info][gc,marking     ] GC(403) Concurrent Scan Root Regions 34.462ms
[186.321s][info][gc,marking     ] GC(403) Concurrent Mark
[186.321s][info][gc,marking     ] GC(403) Concurrent Mark From Roots
[186.321s][info][gc,task        ] GC(403) Using 1 workers of 1 for marking
[186.741s][info][gc,start       ] GC(404) Pause Young (Normal) (G1 Evacuation Pause)
[186.741s][info][gc,task        ] GC(404) Using 2 workers of 2 for evacuation
[186.745s][info][gc,phases      ] GC(404)   Pre Evacuate Collection Set: 0.32ms
[186.745s][info][gc,phases      ] GC(404)   Merge Heap Roots: 0.15ms
[186.745s][info][gc,phases      ] GC(404)   Evacuate Collection Set: 3.59ms
[186.745s][info][gc,phases      ] GC(404)   Post Evacuate Collection Set: 0.46ms
[186.745s][info][gc,phases      ] GC(404)   Other: 0.10ms
[186.746s][info][gc,heap        ] GC(404) Eden regions: 182->0(191)
[186.746s][info][gc,heap        ] GC(404) Survivor regions: 1->2(23)
[186.746s][info][gc,heap        ] GC(404) Old regions: 726->726
[186.746s][info][gc,heap        ] GC(404) Humongous regions: 7->7
[186.746s][info][gc,metaspace   ] GC(404) Metaspace: 18281K(18432K)->18281K(18432K) NonClass: 16452K(16576K)->16452K(16576K) Class: 1828K(1856K)->1828K(1856K)
[186.746s][info][gc             ] GC(404) Pause Young (Normal) (G1 Evacuation Pause) 915M->733M(978M) 4.888ms
[186.746s][info][gc,cpu         ] GC(404) User=0.01s Sys=0.00s Real=0.01s
[187.117s][info][gc,start       ] GC(405) Pause Young (Normal) (G1 Evacuation Pause)
[187.117s][info][gc,task        ] GC(405) Using 2 workers of 2 for evacuation
[187.126s][info][gc,phases      ] GC(405)   Pre Evacuate Collection Set: 0.33ms
[187.126s][info][gc,phases      ] GC(405)   Merge Heap Roots: 0.19ms
[187.126s][info][gc,phases      ] GC(405)   Evacuate Collection Set: 7.36ms
[187.126s][info][gc,phases      ] GC(405)   Post Evacuate Collection Set: 0.47ms
[187.126s][info][gc,phases      ] GC(405)   Other: 0.09ms
[187.126s][info][gc,heap        ] GC(405) Eden regions: 191->0(189)
[187.126s][info][gc,heap        ] GC(405) Survivor regions: 2->3(25)
[187.126s][info][gc,heap        ] GC(405) Old regions: 726->726
[187.126s][info][gc,heap        ] GC(405) Humongous regions: 7->7
[187.126s][info][gc,metaspace   ] GC(405) Metaspace: 18281K(18432K)->18281K(18432K) NonClass: 16453K(16576K)->16453K(16576K) Class: 1828K(1856K)->1828K(1856K)
[187.126s][info][gc             ] GC(405) Pause Young (Normal) (G1 Evacuation Pause) 924M->735M(978M) 8.685ms
[187.126s][info][gc,cpu         ] GC(405) User=0.02s Sys=0.00s Real=0.01s
[187.509s][info][gc,start       ] GC(406) Pause Young (Normal) (G1 Evacuation Pause)
[187.509s][info][gc,task        ] GC(406) Using 2 workers of 2 for evacuation
[187.548s][info][gc,phases      ] GC(406)   Pre Evacuate Collection Set: 0.54ms
[187.548s][info][gc,phases      ] GC(406)   Merge Heap Roots: 0.39ms
[187.548s][info][gc,phases      ] GC(406)   Evacuate Collection Set: 37.10ms
[187.548s][info][gc,phases      ] GC(406)   Post Evacuate Collection Set: 0.60ms
[187.548s][info][gc,phases      ] GC(406)   Other: 0.11ms
[187.548s][info][gc,heap        ] GC(406) Eden regions: 189->0(160)
[187.548s][info][gc,heap        ] GC(406) Survivor regions: 3->16(24)
[187.548s][info][gc,heap        ] GC(406) Old regions: 726->726
[187.548s][info][gc,heap        ] GC(406) Humongous regions: 10->10
[187.548s][info][gc,metaspace   ] GC(406) Metaspace: 18287K(18432K)->18287K(18432K) NonClass: 16459K(16576K)->16459K(16576K) Class: 1828K(1856K)->1828K(1856K)
[187.548s][info][gc             ] GC(406) Pause Young (Normal) (G1 Evacuation Pause) 927M->751M(978M) 39.013ms
[187.548s][info][gc,cpu         ] GC(406) User=0.08s Sys=0.00s Real=0.04s
[188.124s][info][gc,start       ] GC(407) Pause Young (Normal) (G1 Evacuation Pause)
[188.124s][info][gc,task        ] GC(407) Using 2 workers of 2 for evacuation
[188.178s][info][gc,phases      ] GC(407)   Pre Evacuate Collection Set: 0.59ms
[188.178s][info][gc,phases      ] GC(407)   Merge Heap Roots: 0.43ms
[188.178s][info][gc,phases      ] GC(407)   Evacuate Collection Set: 52.90ms
[188.178s][info][gc,phases      ] GC(407)   Post Evacuate Collection Set: 0.50ms
[188.178s][info][gc,phases      ] GC(407)   Other: 0.13ms
[188.178s][info][gc,heap        ] GC(407) Eden regions: 160->0(150)
[188.178s][info][gc,heap        ] GC(407) Survivor regions: 16->13(22)
[188.178s][info][gc,heap        ] GC(407) Old regions: 726->742
[188.179s][info][gc,heap        ] GC(407) Humongous regions: 10->10
[188.179s][info][gc,metaspace   ] GC(407) Metaspace: 18287K(18432K)->18287K(18432K) NonClass: 16459K(16576K)->16459K(16576K) Class: 1828K(1856K)->1828K(1856K)
[188.179s][info][gc             ] GC(407) Pause Young (Normal) (G1 Evacuation Pause) 911M->764M(978M) 54.806ms
[188.179s][info][gc,cpu         ] GC(407) User=0.11s Sys=0.00s Real=0.05s
[188.503s][info][gc,start       ] GC(408) Pause Young (Normal) (G1 Evacuation Pause)
[188.503s][info][gc,task        ] GC(408) Using 2 workers of 2 for evacuation
[188.547s][info][gc,phases      ] GC(408)   Pre Evacuate Collection Set: 0.32ms
[188.547s][info][gc,phases      ] GC(408)   Merge Heap Roots: 0.36ms
[188.547s][info][gc,phases      ] GC(408)   Evacuate Collection Set: 43.16ms
[188.547s][info][gc,phases      ] GC(408)   Post Evacuate Collection Set: 0.44ms
[188.547s][info][gc,phases      ] GC(408)   Other: 0.11ms
[188.547s][info][gc,heap        ] GC(408) Eden regions: 150->0(129)
[188.547s][info][gc,heap        ] GC(408) Survivor regions: 13->17(21)
[188.547s][info][gc,heap        ] GC(408) Old regions: 742->755
[188.547s][info][gc,heap        ] GC(408) Humongous regions: 10->10
[188.547s][info][gc,metaspace   ] GC(408) Metaspace: 18291K(18432K)->18291K(18432K) NonClass: 16462K(16576K)->16462K(16576K) Class: 1828K(1856K)->1828K(1856K)
[188.547s][info][gc             ] GC(408) Pause Young (Normal) (G1 Evacuation Pause) 914M->781M(978M) 44.664ms
[188.547s][info][gc,cpu         ] GC(408) User=0.08s Sys=0.00s Real=0.04s
[188.789s][info][gc,start       ] GC(409) Pause Young (Normal) (G1 Evacuation Pause)
[188.789s][info][gc,task        ] GC(409) Using 2 workers of 2 for evacuation
[188.825s][info][gc,phases      ] GC(409)   Pre Evacuate Collection Set: 0.56ms
[188.825s][info][gc,phases      ] GC(409)   Merge Heap Roots: 0.21ms
[188.825s][info][gc,phases      ] GC(409)   Evacuate Collection Set: 34.93ms
[188.825s][info][gc,phases      ] GC(409)   Post Evacuate Collection Set: 0.42ms
[188.825s][info][gc,phases      ] GC(409)   Other: 0.09ms
[188.825s][info][gc,heap        ] GC(409) Eden regions: 129->0(120)
[188.825s][info][gc,heap        ] GC(409) Survivor regions: 17->13(19)
[188.825s][info][gc,heap        ] GC(409) Old regions: 755->772
[188.825s][info][gc,heap        ] GC(409) Humongous regions: 10->10
[188.825s][info][gc,metaspace   ] GC(409) Metaspace: 18292K(18432K)->18292K(18432K) NonClass: 16464K(16576K)->16464K(16576K) Class: 1828K(1856K)->1828K(1856K)
[188.825s][info][gc             ] GC(409) Pause Young (Normal) (G1 Evacuation Pause) 910M->793M(978M) 36.501ms
[188.825s][info][gc,cpu         ] GC(409) User=0.07s Sys=0.00s Real=0.04s
[188.996s][info][gc,marking     ] GC(403) Concurrent Mark From Roots 2674.691ms
[188.996s][info][gc,marking     ] GC(403) Concurrent Preclean
[188.996s][info][gc,marking     ] GC(403) Concurrent Preclean 0.047ms
[188.996s][info][gc,start       ] GC(403) Pause Remark
[189.004s][info][gc             ] GC(403) Pause Remark 880M->880M(978M) 7.902ms
[189.004s][info][gc,cpu         ] GC(403) User=0.02s Sys=0.00s Real=0.01s
[189.005s][info][gc,marking     ] GC(403) Concurrent Mark 2683.511ms
[189.005s][info][gc,marking     ] GC(403) Concurrent Rebuild Remembered Sets and Scrub Regions
[189.094s][info][gc,start       ] GC(410) Pause Young (Normal) (G1 Evacuation Pause)
[189.094s][info][gc,task        ] GC(410) Using 2 workers of 2 for evacuation
[189.120s][info][gc,phases      ] GC(410)   Pre Evacuate Collection Set: 0.53ms
[189.120s][info][gc,phases      ] GC(410)   Merge Heap Roots: 0.26ms
[189.120s][info][gc,phases      ] GC(410)   Evacuate Collection Set: 24.40ms
[189.120s][info][gc,phases      ] GC(410)   Post Evacuate Collection Set: 0.41ms
[189.120s][info][gc,phases      ] GC(410)   Other: 0.11ms
[189.120s][info][gc,heap        ] GC(410) Eden regions: 120->0(128)
[189.120s][info][gc,heap        ] GC(410) Survivor regions: 13->3(17)
[189.120s][info][gc,heap        ] GC(410) Old regions: 772->784
[189.120s][info][gc,heap        ] GC(410) Humongous regions: 10->10
[189.120s][info][gc,metaspace   ] GC(410) Metaspace: 18295K(18432K)->18295K(18432K) NonClass: 16467K(16576K)->16467K(16576K) Class: 1828K(1856K)->1828K(1856K)
[189.120s][info][gc             ] GC(410) Pause Young (Normal) (G1 Evacuation Pause) 913M->796M(978M) 25.957ms
[189.120s][info][gc,cpu         ] GC(410) User=0.05s Sys=0.00s Real=0.02s
[189.389s][info][gc,start       ] GC(411) Pause Young (Normal) (G1 Evacuation Pause)
[189.389s][info][gc,task        ] GC(411) Using 2 workers of 2 for evacuation
[189.404s][info][gc,phases      ] GC(411)   Pre Evacuate Collection Set: 0.33ms
[189.404s][info][gc,phases      ] GC(411)   Merge Heap Roots: 0.21ms
[189.404s][info][gc,phases      ] GC(411)   Evacuate Collection Set: 13.93ms
[189.404s][info][gc,phases      ] GC(411)   Post Evacuate Collection Set: 0.40ms
[189.404s][info][gc,phases      ] GC(411)   Other: 0.11ms
[189.404s][info][gc,heap        ] GC(411) Eden regions: 128->0(122)
[189.404s][info][gc,heap        ] GC(411) Survivor regions: 3->6(17)
[189.404s][info][gc,heap        ] GC(411) Old regions: 784->784
[189.404s][info][gc,heap        ] GC(411) Humongous regions: 10->10
[189.404s][info][gc,metaspace   ] GC(411) Metaspace: 18297K(18432K)->18297K(18432K) NonClass: 16469K(16576K)->16469K(16576K) Class: 1828K(1856K)->1828K(1856K)
[189.404s][info][gc             ] GC(411) Pause Young (Normal) (G1 Evacuation Pause) 924M->799M(978M) 15.237ms
[189.404s][info][gc,cpu         ] GC(411) User=0.03s Sys=0.00s Real=0.02s
[189.600s][info][gc,start       ] GC(412) Pause Young (Normal) (G1 Evacuation Pause)
[189.600s][info][gc,task        ] GC(412) Using 2 workers of 2 for evacuation
[189.610s][info][gc,phases      ] GC(412)   Pre Evacuate Collection Set: 0.56ms
[189.610s][info][gc,phases      ] GC(412)   Merge Heap Roots: 0.14ms
[189.610s][info][gc,phases      ] GC(412)   Evacuate Collection Set: 8.51ms
[189.610s][info][gc,phases      ] GC(412)   Post Evacuate Collection Set: 0.39ms
[189.610s][info][gc,phases      ] GC(412)   Other: 0.12ms
[189.610s][info][gc,heap        ] GC(412) Eden regions: 122->0(122)
[189.610s][info][gc,heap        ] GC(412) Survivor regions: 6->6(16)
[189.610s][info][gc,heap        ] GC(412) Old regions: 784->784
[189.610s][info][gc,heap        ] GC(412) Humongous regions: 10->10
[189.610s][info][gc,metaspace   ] GC(412) Metaspace: 18299K(18432K)->18299K(18432K) NonClass: 16470K(16576K)->16470K(16576K) Class: 1828K(1856K)->1828K(1856K)
[189.610s][info][gc             ] GC(412) Pause Young (Normal) (G1 Evacuation Pause) 921M->799M(978M) 9.997ms
[189.610s][info][gc,cpu         ] GC(412) User=0.02s Sys=0.00s Real=0.01s
[189.782s][info][gc,start       ] GC(413) Pause Young (Normal) (G1 Evacuation Pause)
[189.782s][info][gc,task        ] GC(413) Using 2 workers of 2 for evacuation
[189.791s][info][gc,phases      ] GC(413)   Pre Evacuate Collection Set: 0.56ms
[189.791s][info][gc,phases      ] GC(413)   Merge Heap Roots: 0.15ms
[189.791s][info][gc,phases      ] GC(413)   Evacuate Collection Set: 8.30ms
[189.791s][info][gc,phases      ] GC(413)   Post Evacuate Collection Set: 0.41ms
[189.791s][info][gc,phases      ] GC(413)   Other: 0.12ms
[189.792s][info][gc,heap        ] GC(413) Eden regions: 122->0(122)
[189.792s][info][gc,heap        ] GC(413) Survivor regions: 6->6(16)
[189.792s][info][gc,heap        ] GC(413) Old regions: 784->784
[189.792s][info][gc,heap        ] GC(413) Humongous regions: 10->10
[189.792s][info][gc,metaspace   ] GC(413) Metaspace: 18299K(18432K)->18299K(18432K) NonClass: 16470K(16576K)->16470K(16576K) Class: 1828K(1856K)->1828K(1856K)
[189.792s][info][gc             ] GC(413) Pause Young (Normal) (G1 Evacuation Pause) 921M->799M(978M) 9.806ms
[189.792s][info][gc,cpu         ] GC(413) User=0.02s Sys=0.00s Real=0.01s
[189.906s][info][gc,marking     ] GC(403) Concurrent Rebuild Remembered Sets and Scrub Regions 901.178ms
[189.906s][info][gc,start       ] GC(403) Pause Cleanup
[189.906s][info][gc             ] GC(403) Pause Cleanup 848M->848M(978M) 0.142ms
[189.907s][info][gc,cpu         ] GC(403) User=0.00s Sys=0.00s Real=0.00s
[189.907s][info][gc,marking     ] GC(403) Concurrent Clear Claimed Marks
[189.907s][info][gc,marking     ] GC(403) Concurrent Clear Claimed Marks 0.041ms
[189.907s][info][gc,marking     ] GC(403) Concurrent Cleanup for Next Mark
[189.913s][info][gc,marking     ] GC(403) Concurrent Cleanup for Next Mark 5.982ms
[189.913s][info][gc             ] GC(403) Concurrent Mark Cycle 3629.957ms
[190.015s][info][gc,start       ] GC(414) Pause Young (Prepare Mixed) (G1 Evacuation Pause)
[190.015s][info][gc,task        ] GC(414) Using 2 workers of 2 for evacuation
[190.048s][info][gc,phases      ] GC(414)   Pre Evacuate Collection Set: 0.31ms
[190.048s][info][gc,phases      ] GC(414)   Merge Heap Roots: 0.17ms
[190.048s][info][gc,phases      ] GC(414)   Evacuate Collection Set: 31.88ms
[190.048s][info][gc,phases      ] GC(414)   Post Evacuate Collection Set: 0.44ms
[190.048s][info][gc,phases      ] GC(414)   Other: 0.12ms
[190.048s][info][gc,heap        ] GC(414) Eden regions: 122->0(94)
[190.048s][info][gc,heap        ] GC(414) Survivor regions: 6->16(16)
[190.048s][info][gc,heap        ] GC(414) Old regions: 784->792
[190.048s][info][gc,heap        ] GC(414) Humongous regions: 10->10
[190.048s][info][gc,metaspace   ] GC(414) Metaspace: 18299K(18432K)->18299K(18432K) NonClass: 16470K(16576K)->16470K(16576K) Class: 1828K(1856K)->1828K(1856K)
[190.048s][info][gc             ] GC(414) Pause Young (Prepare Mixed) (G1 Evacuation Pause) 921M->817M(978M) 33.172ms
[190.048s][info][gc,cpu         ] GC(414) User=0.06s Sys=0.00s Real=0.03s
[190.146s][info][gc,start       ] GC(415) Pause Young (Mixed) (G1 Evacuation Pause)
[190.146s][info][gc,task        ] GC(415) Using 2 workers of 2 for evacuation
[190.207s][info][gc,phases      ] GC(415)   Pre Evacuate Collection Set: 0.32ms
[190.207s][info][gc,phases      ] GC(415)   Merge Heap Roots: 0.83ms
[190.207s][info][gc,phases      ] GC(415)   Evacuate Collection Set: 59.56ms
[190.207s][info][gc,phases      ] GC(415)   Post Evacuate Collection Set: 0.44ms
[190.207s][info][gc,phases      ] GC(415)   Other: 0.08ms
[190.207s][info][gc,heap        ] GC(415) Eden regions: 94->0(94)
[190.207s][info][gc,heap        ] GC(415) Survivor regions: 16->12(14)
[190.207s][info][gc,heap        ] GC(415) Old regions: 792->800
[190.207s][info][gc,heap        ] GC(415) Humongous regions: 10->10
[190.207s][info][gc,metaspace   ] GC(415) Metaspace: 18303K(18432K)->18303K(18432K) NonClass: 16475K(16576K)->16475K(16576K) Class: 1828K(1856K)->1828K(1856K)
[190.207s][info][gc             ] GC(415) Pause Young (Mixed) (G1 Evacuation Pause) 911M->821M(978M) 61.519ms
[190.207s][info][gc,cpu         ] GC(415) User=0.13s Sys=0.00s Real=0.06s
[190.328s][info][gc,start       ] GC(416) Pause Young (Concurrent Start) (G1 Evacuation Pause)
[190.328s][info][gc,task        ] GC(416) Using 2 workers of 2 for evacuation
[190.344s][info][gc,phases      ] GC(416)   Pre Evacuate Collection Set: 0.36ms
[190.344s][info][gc,phases      ] GC(416)   Merge Heap Roots: 0.14ms
[190.344s][info][gc,phases      ] GC(416)   Evacuate Collection Set: 15.06ms
[190.344s][info][gc,phases      ] GC(416)   Post Evacuate Collection Set: 0.41ms
[190.344s][info][gc,phases      ] GC(416)   Other: 0.14ms
[190.344s][info][gc,heap        ] GC(416) Eden regions: 94->0(104)
[190.344s][info][gc,heap        ] GC(416) Survivor regions: 12->1(14)
[190.344s][info][gc,heap        ] GC(416) Old regions: 800->812
[190.344s][info][gc,heap        ] GC(416) Humongous regions: 10->10
[190.344s][info][gc,metaspace   ] GC(416) Metaspace: 18303K(18432K)->18303K(18432K) NonClass: 16475K(16576K)->16475K(16576K) Class: 1828K(1856K)->1828K(1856K)
[190.344s][info][gc             ] GC(416) Pause Young (Concurrent Start) (G1 Evacuation Pause) 915M->822M(978M) 16.366ms
[190.344s][info][gc,cpu         ] GC(416) User=0.03s Sys=0.00s Real=0.02s
[190.344s][info][gc             ] GC(417) Concurrent Mark Cycle
[190.344s][info][gc,marking     ] GC(417) Concurrent Scan Root Regions
[190.371s][info][gc,marking     ] GC(417) Concurrent Scan Root Regions 26.294ms
[190.371s][info][gc,marking     ] GC(417) Concurrent Mark
[190.371s][info][gc,marking     ] GC(417) Concurrent Mark From Roots
[190.371s][info][gc,task        ] GC(417) Using 1 workers of 1 for marking
[190.858s][info][gc,start       ] GC(418) Pause Young (Normal) (G1 Evacuation Pause)
[190.858s][info][gc,task        ] GC(418) Using 2 workers of 2 for evacuation
[190.859s][info][gc,phases      ] GC(418)   Pre Evacuate Collection Set: 0.30ms
[190.859s][info][gc,phases      ] GC(418)   Merge Heap Roots: 0.08ms
[190.859s][info][gc,phases      ] GC(418)   Evacuate Collection Set: 0.79ms
[190.859s][info][gc,phases      ] GC(418)   Post Evacuate Collection Set: 0.33ms
[190.859s][info][gc,phases      ] GC(418)   Other: 0.10ms
[190.859s][info][gc,heap        ] GC(418) Eden regions: 104->0(104)
[190.859s][info][gc,heap        ] GC(418) Survivor regions: 1->1(14)
[190.859s][info][gc,heap        ] GC(418) Old regions: 812->812
[190.859s][info][gc,heap        ] GC(418) Humongous regions: 10->10
[190.859s][info][gc,metaspace   ] GC(418) Metaspace: 18304K(18432K)->18304K(18432K) NonClass: 16475K(16576K)->16475K(16576K) Class: 1828K(1856K)->1828K(1856K)
[190.859s][info][gc             ] GC(418) Pause Young (Normal) (G1 Evacuation Pause) 926M->821M(978M) 1.853ms
[190.859s][info][gc,cpu         ] GC(418) User=0.00s Sys=0.00s Real=0.00s
[191.271s][info][gc,start       ] GC(419) Pause Young (Normal) (G1 Evacuation Pause)
[191.271s][info][gc,task        ] GC(419) Using 2 workers of 2 for evacuation
[191.273s][info][gc,phases      ] GC(419)   Pre Evacuate Collection Set: 0.53ms
[191.273s][info][gc,phases      ] GC(419)   Merge Heap Roots: 0.06ms
[191.273s][info][gc,phases      ] GC(419)   Evacuate Collection Set: 1.16ms
[191.273s][info][gc,phases      ] GC(419)   Post Evacuate Collection Set: 0.32ms
[191.273s][info][gc,phases      ] GC(419)   Other: 0.11ms
[191.273s][info][gc,heap        ] GC(419) Eden regions: 104->0(104)
[191.273s][info][gc,heap        ] GC(419) Survivor regions: 1->1(14)
[191.273s][info][gc,heap        ] GC(419) Old regions: 812->812
[191.273s][info][gc,heap        ] GC(419) Humongous regions: 10->10
[191.273s][info][gc,metaspace   ] GC(419) Metaspace: 18308K(18432K)->18308K(18432K) NonClass: 16480K(16576K)->16480K(16576K) Class: 1828K(1856K)->1828K(1856K)
[191.274s][info][gc             ] GC(419) Pause Young (Normal) (G1 Evacuation Pause) 925M->821M(978M) 2.441ms
[191.274s][info][gc,cpu         ] GC(419) User=0.00s Sys=0.00s Real=0.01s
[191.650s][info][gc,start       ] GC(420) Pause Young (Normal) (G1 Evacuation Pause)
[191.650s][info][gc,task        ] GC(420) Using 2 workers of 2 for evacuation
[191.651s][info][gc,phases      ] GC(420)   Pre Evacuate Collection Set: 0.30ms
[191.652s][info][gc,phases      ] GC(420)   Merge Heap Roots: 0.07ms
[191.652s][info][gc,phases      ] GC(420)   Evacuate Collection Set: 0.85ms
[191.652s][info][gc,phases      ] GC(420)   Post Evacuate Collection Set: 0.31ms
[191.652s][info][gc,phases      ] GC(420)   Other: 0.10ms
[191.652s][info][gc,heap        ] GC(420) Eden regions: 104->0(104)
[191.652s][info][gc,heap        ] GC(420) Survivor regions: 1->1(14)
[191.652s][info][gc,heap        ] GC(420) Old regions: 812->812
[191.652s][info][gc,heap        ] GC(420) Humongous regions: 10->10
[191.652s][info][gc,metaspace   ] GC(420) Metaspace: 18308K(18432K)->18308K(18432K) NonClass: 16480K(16576K)->16480K(16576K) Class: 1828K(1856K)->1828K(1856K)
[191.652s][info][gc             ] GC(420) Pause Young (Normal) (G1 Evacuation Pause) 925M->821M(978M) 1.887ms
[191.652s][info][gc,cpu         ] GC(420) User=0.00s Sys=0.00s Real=0.00s
[192.721s][info][gc,marking     ] GC(417) Concurrent Mark From Roots 2350.629ms
[192.721s][info][gc,marking     ] GC(417) Concurrent Preclean
[192.721s][info][gc,marking     ] GC(417) Concurrent Preclean 0.052ms
[192.724s][info][gc,start       ] GC(417) Pause Remark
[192.732s][info][gc             ] GC(417) Pause Remark 915M->783M(978M) 7.941ms
[192.732s][info][gc,cpu         ] GC(417) User=0.02s Sys=0.00s Real=0.00s
[192.732s][info][gc,marking     ] GC(417) Concurrent Mark 2361.041ms
[192.732s][info][gc,marking     ] GC(417) Concurrent Rebuild Remembered Sets and Scrub Regions
[193.299s][info][gc,marking     ] GC(417) Concurrent Rebuild Remembered Sets and Scrub Regions 567.215ms
[193.299s][info][gc,start       ] GC(417) Pause Cleanup
[193.299s][info][gc             ] GC(417) Pause Cleanup 793M->793M(978M) 0.175ms
[193.299s][info][gc,cpu         ] GC(417) User=0.00s Sys=0.00s Real=0.00s
[193.299s][info][gc,marking     ] GC(417) Concurrent Clear Claimed Marks
[193.300s][info][gc,marking     ] GC(417) Concurrent Clear Claimed Marks 0.035ms
[193.300s][info][gc,marking     ] GC(417) Concurrent Cleanup for Next Mark
[193.303s][info][gc,marking     ] GC(417) Concurrent Cleanup for Next Mark 3.031ms
[193.303s][info][gc             ] GC(417) Concurrent Mark Cycle 2958.326ms
[193.303s][info][gc,start       ] GC(421) Pause Young (Prepare Mixed) (G1 Evacuation Pause)
[193.303s][info][gc,task        ] GC(421) Using 2 workers of 2 for evacuation
[193.306s][info][gc,phases      ] GC(421)   Pre Evacuate Collection Set: 0.50ms
[193.306s][info][gc,phases      ] GC(421)   Merge Heap Roots: 0.11ms
[193.306s][info][gc,phases      ] GC(421)   Evacuate Collection Set: 1.56ms
[193.306s][info][gc,phases      ] GC(421)   Post Evacuate Collection Set: 0.35ms
[193.306s][info][gc,phases      ] GC(421)   Other: 0.11ms
[193.306s][info][gc,heap        ] GC(421) Eden regions: 104->0(236)
[193.306s][info][gc,heap        ] GC(421) Survivor regions: 1->1(14)
[193.306s][info][gc,heap        ] GC(421) Old regions: 683->683
[193.306s][info][gc,heap        ] GC(421) Humongous regions: 7->7
[193.306s][info][gc,metaspace   ] GC(421) Metaspace: 18308K(18432K)->18308K(18432K) NonClass: 16480K(16576K)->16480K(16576K) Class: 1828K(1856K)->1828K(1856K)
[193.306s][info][gc             ] GC(421) Pause Young (Prepare Mixed) (G1 Evacuation Pause) 793M->690M(978M) 2.808ms
[193.306s][info][gc,cpu         ] GC(421) User=0.00s Sys=0.00s Real=0.00s
[194.716s][info][gc,start       ] GC(422) Pause Young (Mixed) (G1 Evacuation Pause)
[194.717s][info][gc,task        ] GC(422) Using 2 workers of 2 for evacuation
[194.729s][info][gc,phases      ] GC(422)   Pre Evacuate Collection Set: 0.54ms
[194.729s][info][gc,phases      ] GC(422)   Merge Heap Roots: 0.27ms
[194.729s][info][gc,phases      ] GC(422)   Evacuate Collection Set: 10.70ms
[194.729s][info][gc,phases      ] GC(422)   Post Evacuate Collection Set: 0.58ms
[194.729s][info][gc,phases      ] GC(422)   Other: 0.12ms
[194.729s][info][gc,heap        ] GC(422) Eden regions: 236->0(265)
[194.729s][info][gc,heap        ] GC(422) Survivor regions: 1->7(30)
[194.729s][info][gc,heap        ] GC(422) Old regions: 683->642
[194.729s][info][gc,heap        ] GC(422) Humongous regions: 7->7
[194.729s][info][gc,metaspace   ] GC(422) Metaspace: 18313K(18432K)->18313K(18432K) NonClass: 16484K(16576K)->16484K(16576K) Class: 1828K(1856K)->1828K(1856K)
[194.729s][info][gc             ] GC(422) Pause Young (Mixed) (G1 Evacuation Pause) 926M->655M(978M) 12.460ms
[194.729s][info][gc,cpu         ] GC(422) User=0.02s Sys=0.01s Real=0.01s
[195.866s][info][gc,start       ] GC(423) Pause Young (Concurrent Start) (G1 Evacuation Pause)
[195.866s][info][gc,task        ] GC(423) Using 2 workers of 2 for evacuation
[195.872s][info][gc,phases      ] GC(423)   Pre Evacuate Collection Set: 0.33ms
[195.872s][info][gc,phases      ] GC(423)   Merge Heap Roots: 0.13ms
[195.872s][info][gc,phases      ] GC(423)   Evacuate Collection Set: 5.47ms
[195.872s][info][gc,phases      ] GC(423)   Post Evacuate Collection Set: 0.53ms
[195.872s][info][gc,phases      ] GC(423)   Other: 0.14ms
[195.872s][info][gc,heap        ] GC(423) Eden regions: 265->0(271)
[195.872s][info][gc,heap        ] GC(423) Survivor regions: 7->4(34)
[195.872s][info][gc,heap        ] GC(423) Old regions: 642->642
[195.872s][info][gc,heap        ] GC(423) Humongous regions: 7->7
[195.872s][info][gc,metaspace   ] GC(423) Metaspace: 18439K(18560K)->18439K(18560K) NonClass: 16611K(16704K)->16611K(16704K) Class: 1828K(1856K)->1828K(1856K)
[195.873s][info][gc             ] GC(423) Pause Young (Concurrent Start) (G1 Evacuation Pause) 920M->651M(978M) 6.812ms
[195.873s][info][gc,cpu         ] GC(423) User=0.01s Sys=0.00s Real=0.00s
[195.873s][info][gc             ] GC(424) Concurrent Mark Cycle
[195.873s][info][gc,marking     ] GC(424) Concurrent Scan Root Regions
[195.881s][info][gc,marking     ] GC(424) Concurrent Scan Root Regions 8.345ms
[195.881s][info][gc,marking     ] GC(424) Concurrent Mark
[195.881s][info][gc,marking     ] GC(424) Concurrent Mark From Roots
[195.881s][info][gc,task        ] GC(424) Using 1 workers of 1 for marking
[196.696s][info][gc,start       ] GC(425) Pause Young (Normal) (G1 Evacuation Pause)
[196.696s][info][gc,task        ] GC(425) Using 2 workers of 2 for evacuation
[196.763s][info][gc,phases      ] GC(425)   Pre Evacuate Collection Set: 0.30ms
[196.763s][info][gc,phases      ] GC(425)   Merge Heap Roots: 0.13ms
[196.763s][info][gc,phases      ] GC(425)   Evacuate Collection Set: 64.68ms
[196.763s][info][gc,phases      ] GC(425)   Post Evacuate Collection Set: 2.35ms
[196.763s][info][gc,phases      ] GC(425)   Other: 0.08ms
[196.763s][info][gc,heap        ] GC(425) Eden regions: 271->0(169)
[196.763s][info][gc,heap        ] GC(425) Survivor regions: 4->35(35)
[196.763s][info][gc,heap        ] GC(425) Old regions: 642->682
[196.763s][info][gc,heap        ] GC(425) Humongous regions: 7->7
[196.763s][info][gc,metaspace   ] GC(425) Metaspace: 18503K(18688K)->18503K(18688K) NonClass: 16675K(16832K)->16675K(16832K) Class: 1828K(1856K)->1828K(1856K)
[196.763s][info][gc             ] GC(425) Pause Young (Normal) (G1 Evacuation Pause) (Evacuation Failure: Allocation) 922M->723M(978M) 67.811ms
[196.763s][info][gc,cpu         ] GC(425) User=0.14s Sys=0.00s Real=0.07s
[197.086s][info][gc,start       ] GC(426) Pause Young (Normal) (G1 Evacuation Pause)
[197.086s][info][gc,task        ] GC(426) Using 2 workers of 2 for evacuation
[197.183s][info][gc,phases      ] GC(426)   Pre Evacuate Collection Set: 0.53ms
[197.183s][info][gc,phases      ] GC(426)   Merge Heap Roots: 0.36ms
[197.183s][info][gc,phases      ] GC(426)   Evacuate Collection Set: 95.01ms
[197.183s][info][gc,phases      ] GC(426)   Post Evacuate Collection Set: 1.26ms
[197.183s][info][gc,phases      ] GC(426)   Other: 0.09ms
[197.183s][info][gc,heap        ] GC(426) Eden regions: 169->0(136)
[197.183s][info][gc,heap        ] GC(426) Survivor regions: 35->26(26)
[197.183s][info][gc,heap        ] GC(426) Old regions: 682->728
[197.183s][info][gc,heap        ] GC(426) Humongous regions: 7->7
[197.183s][info][gc,metaspace   ] GC(426) Metaspace: 18515K(18688K)->18515K(18688K) NonClass: 16687K(16832K)->16687K(16832K) Class: 1828K(1856K)->1828K(1856K)
[197.183s][info][gc             ] GC(426) Pause Young (Normal) (G1 Evacuation Pause) (Evacuation Failure: Allocation) 892M->760M(978M) 97.583ms
[197.183s][info][gc,cpu         ] GC(426) User=0.20s Sys=0.00s Real=0.10s
[197.485s][info][gc,start       ] GC(427) Pause Young (Normal) (G1 Evacuation Pause)
[197.485s][info][gc,task        ] GC(427) Using 2 workers of 2 for evacuation
[197.582s][info][gc,phases      ] GC(427)   Pre Evacuate Collection Set: 0.34ms
[197.582s][info][gc,phases      ] GC(427)   Merge Heap Roots: 0.38ms
[197.582s][info][gc,phases      ] GC(427)   Evacuate Collection Set: 93.83ms
[197.582s][info][gc,phases      ] GC(427)   Post Evacuate Collection Set: 2.92ms
[197.582s][info][gc,phases      ] GC(427)   Other: 0.09ms
[197.582s][info][gc,heap        ] GC(427) Eden regions: 136->0(67)
[197.582s][info][gc,heap        ] GC(427) Survivor regions: 26->21(21)
[197.582s][info][gc,heap        ] GC(427) Old regions: 728->812
[197.582s][info][gc,heap        ] GC(427) Humongous regions: 7->7
[197.582s][info][gc,metaspace   ] GC(427) Metaspace: 18516K(18688K)->18516K(18688K) NonClass: 16688K(16832K)->16688K(16832K) Class: 1828K(1856K)->1828K(1856K)
[197.582s][info][gc             ] GC(427) Pause Young (Normal) (G1 Evacuation Pause) (Evacuation Failure: Allocation) 896M->839M(978M) 97.858ms
[197.582s][info][gc,cpu         ] GC(427) User=0.19s Sys=0.00s Real=0.09s
[197.832s][info][gc,marking     ] GC(424) Concurrent Mark From Roots 1951.435ms
[197.833s][info][gc,marking     ] GC(424) Concurrent Preclean
[197.833s][info][gc,marking     ] GC(424) Concurrent Preclean 0.063ms
[197.835s][info][gc,start       ] GC(424) Pause Remark
[197.846s][info][metaspace      ] ChkMgr @0x00007fdd6c15e580 (non-class-space): : reclaiming memory...
[197.846s][info][metaspace      ] ChkMgr @0x00007fdd6c15e580 (non-class-space): nothing reclaimed.
[197.846s][info][metaspace      ] ChkMgr @0x00007fdd6c15c690 (class-space): : reclaiming memory...
[197.846s][info][metaspace      ] ChkMgr @0x00007fdd6c15c690 (class-space): nothing reclaimed.
[197.847s][info][gc             ] GC(424) Pause Remark 885M->825M(978M) 12.168ms
[197.847s][info][gc,cpu         ] GC(424) User=0.03s Sys=0.00s Real=0.01s
[197.847s][info][gc,marking     ] GC(424) Concurrent Mark 1965.948ms
[197.847s][info][gc,marking     ] GC(424) Concurrent Rebuild Remembered Sets and Scrub Regions
[197.923s][info][gc,start       ] GC(428) Pause Young (Normal) (G1 Evacuation Pause)
[197.923s][info][gc,task        ] GC(428) Using 2 workers of 2 for evacuation
[198.037s][info][gc,phases      ] GC(428)   Pre Evacuate Collection Set: 0.34ms
[198.037s][info][gc,phases      ] GC(428)   Merge Heap Roots: 0.80ms
[198.037s][info][gc,phases      ] GC(428)   Evacuate Collection Set: 111.74ms
[198.037s][info][gc,phases      ] GC(428)   Post Evacuate Collection Set: 0.92ms
[198.037s][info][gc,phases      ] GC(428)   Other: 0.09ms
[198.037s][info][gc,heap        ] GC(428) Eden regions: 67->0(114)
[198.037s][info][gc,heap        ] GC(428) Survivor regions: 21->11(11)
[198.037s][info][gc,heap        ] GC(428) Old regions: 754->757
[198.037s][info][gc,heap        ] GC(428) Humongous regions: 6->6
[198.037s][info][gc,metaspace   ] GC(428) Metaspace: 18506K(18688K)->18506K(18688K) NonClass: 16677K(16832K)->16677K(16832K) Class: 1828K(1856K)->1828K(1856K)
[198.037s][info][gc             ] GC(428) Pause Young (Normal) (G1 Evacuation Pause) 847M->773M(978M) 114.172ms
[198.037s][info][gc,cpu         ] GC(428) User=0.22s Sys=0.00s Real=0.11s
[198.444s][info][gc,start       ] GC(429) Pause Young (Normal) (G1 Evacuation Pause)
[198.444s][info][gc,task        ] GC(429) Using 2 workers of 2 for evacuation
[198.540s][info][gc,phases      ] GC(429)   Pre Evacuate Collection Set: 0.51ms
[198.540s][info][gc,phases      ] GC(429)   Merge Heap Roots: 1.72ms
[198.540s][info][gc,phases      ] GC(429)   Evacuate Collection Set: 93.72ms
[198.540s][info][gc,phases      ] GC(429)   Post Evacuate Collection Set: 0.48ms
[198.540s][info][gc,phases      ] GC(429)   Other: 0.10ms
[198.540s][info][gc,heap        ] GC(429) Eden regions: 114->0(108)
[198.540s][info][gc,heap        ] GC(429) Survivor regions: 11->16(16)
[198.540s][info][gc,heap        ] GC(429) Old regions: 757->769
[198.540s][info][gc,heap        ] GC(429) Humongous regions: 9->9
[198.540s][info][gc,metaspace   ] GC(429) Metaspace: 18534K(18688K)->18534K(18688K) NonClass: 16706K(16832K)->16706K(16832K) Class: 1828K(1856K)->1828K(1856K)
[198.541s][info][gc             ] GC(429) Pause Young (Normal) (G1 Evacuation Pause) 890M->793M(978M) 96.872ms
[198.541s][info][gc,cpu         ] GC(429) User=0.20s Sys=0.00s Real=0.09s
[198.739s][info][gc,start       ] GC(430) Pause Young (Normal) (G1 Evacuation Pause)
[198.739s][info][gc,task        ] GC(430) Using 2 workers of 2 for evacuation
[198.801s][info][gc,phases      ] GC(430)   Pre Evacuate Collection Set: 0.53ms
[198.801s][info][gc,phases      ] GC(430)   Merge Heap Roots: 0.50ms
[198.801s][info][gc,phases      ] GC(430)   Evacuate Collection Set: 60.00ms
[198.801s][info][gc,phases      ] GC(430)   Post Evacuate Collection Set: 0.55ms
[198.801s][info][gc,phases      ] GC(430)   Other: 0.09ms
[198.801s][info][gc,heap        ] GC(430) Eden regions: 108->0(101)
[198.801s][info][gc,heap        ] GC(430) Survivor regions: 16->16(16)
[198.801s][info][gc,heap        ] GC(430) Old regions: 769->785
[198.801s][info][gc,heap        ] GC(430) Humongous regions: 9->9
[198.801s][info][gc,metaspace   ] GC(430) Metaspace: 18534K(18688K)->18534K(18688K) NonClass: 16706K(16832K)->16706K(16832K) Class: 1828K(1856K)->1828K(1856K)
[198.801s][info][gc             ] GC(430) Pause Young (Normal) (G1 Evacuation Pause) 901M->809M(978M) 61.950ms
[198.801s][info][gc,cpu         ] GC(430) User=0.12s Sys=0.00s Real=0.06s
[198.939s][info][gc,start       ] GC(431) Pause Young (Normal) (G1 Evacuation Pause)
[198.939s][info][gc,task        ] GC(431) Using 2 workers of 2 for evacuation
[198.980s][info][gc,phases      ] GC(431)   Pre Evacuate Collection Set: 0.54ms
[198.980s][info][gc,phases      ] GC(431)   Merge Heap Roots: 0.59ms
[198.980s][info][gc,phases      ] GC(431)   Evacuate Collection Set: 39.63ms
[198.980s][info][gc,phases      ] GC(431)   Post Evacuate Collection Set: 0.44ms
[198.980s][info][gc,phases      ] GC(431)   Other: 0.09ms
[198.980s][info][gc,heap        ] GC(431) Eden regions: 101->0(100)
[198.980s][info][gc,heap        ] GC(431) Survivor regions: 16->9(15)
[198.980s][info][gc,heap        ] GC(431) Old regions: 785->801
[198.980s][info][gc,heap        ] GC(431) Humongous regions: 9->9
[198.980s][info][gc,metaspace   ] GC(431) Metaspace: 18539K(18688K)->18539K(18688K) NonClass: 16710K(16832K)->16710K(16832K) Class: 1828K(1856K)->1828K(1856K)
[198.980s][info][gc             ] GC(431) Pause Young (Normal) (G1 Evacuation Pause) 910M->818M(978M) 41.584ms
[198.980s][info][gc,cpu         ] GC(431) User=0.08s Sys=0.00s Real=0.04s
[199.094s][info][gc,marking     ] GC(424) Concurrent Rebuild Remembered Sets and Scrub Regions 1246.845ms
[199.095s][info][gc,start       ] GC(424) Pause Cleanup
[199.095s][info][gc             ] GC(424) Pause Cleanup 890M->890M(978M) 0.173ms
[199.095s][info][gc,cpu         ] GC(424) User=0.00s Sys=0.00s Real=0.00s
[199.095s][info][gc,marking     ] GC(424) Concurrent Clear Claimed Marks
[199.095s][info][gc,marking     ] GC(424) Concurrent Clear Claimed Marks 0.032ms
[199.095s][info][gc,marking     ] GC(424) Concurrent Cleanup for Next Mark
[199.100s][info][gc,marking     ] GC(424) Concurrent Cleanup for Next Mark 4.958ms
[199.100s][info][gc             ] GC(424) Concurrent Mark Cycle 3227.674ms
[199.126s][info][gc,start       ] GC(432) Pause Young (Prepare Mixed) (G1 Evacuation Pause)
[199.126s][info][gc,task        ] GC(432) Using 2 workers of 2 for evacuation
[199.150s][info][gc,phases      ] GC(432)   Pre Evacuate Collection Set: 0.55ms
[199.150s][info][gc,phases      ] GC(432)   Merge Heap Roots: 0.20ms
[199.150s][info][gc,phases      ] GC(432)   Evacuate Collection Set: 21.94ms
[199.150s][info][gc,phases      ] GC(432)   Post Evacuate Collection Set: 0.45ms
[199.150s][info][gc,phases      ] GC(432)   Other: 0.12ms
[199.150s][info][gc,heap        ] GC(432) Eden regions: 100->0(95)
[199.150s][info][gc,heap        ] GC(432) Survivor regions: 9->7(14)
[199.150s][info][gc,heap        ] GC(432) Old regions: 801->810
[199.150s][info][gc,heap        ] GC(432) Humongous regions: 9->9
[199.150s][info][gc,metaspace   ] GC(432) Metaspace: 18540K(18688K)->18540K(18688K) NonClass: 16711K(16832K)->16711K(16832K) Class: 1828K(1856K)->1828K(1856K)
[199.150s][info][gc             ] GC(432) Pause Young (Prepare Mixed) (G1 Evacuation Pause) 918M->825M(978M) 23.545ms
[199.150s][info][gc,cpu         ] GC(432) User=0.05s Sys=0.00s Real=0.02s
[199.240s][info][gc,start       ] GC(433) Pause Young (Mixed) (G1 Evacuation Pause)
[199.240s][info][gc,task        ] GC(433) Using 2 workers of 2 for evacuation
[199.293s][info][gc,phases      ] GC(433)   Pre Evacuate Collection Set: 0.42ms
[199.293s][info][gc,phases      ] GC(433)   Merge Heap Roots: 0.72ms
[199.293s][info][gc,phases      ] GC(433)   Evacuate Collection Set: 51.30ms
[199.293s][info][gc,phases      ] GC(433)   Post Evacuate Collection Set: 0.60ms
[199.293s][info][gc,phases      ] GC(433)   Other: 0.09ms
[199.293s][info][gc,heap        ] GC(433) Eden regions: 95->0(150)
[199.293s][info][gc,heap        ] GC(433) Survivor regions: 7->12(13)
[199.293s][info][gc,heap        ] GC(433) Old regions: 810->744
[199.293s][info][gc,heap        ] GC(433) Humongous regions: 9->9
[199.293s][info][gc,metaspace   ] GC(433) Metaspace: 18540K(18688K)->18540K(18688K) NonClass: 16711K(16832K)->16711K(16832K) Class: 1828K(1856K)->1828K(1856K)
[199.293s][info][gc             ] GC(433) Pause Young (Mixed) (G1 Evacuation Pause) 920M->763M(978M) 53.433ms
[199.293s][info][gc,cpu         ] GC(433) User=0.10s Sys=0.00s Real=0.06s
[199.453s][info][gc,start       ] GC(434) Pause Young (Concurrent Start) (G1 Evacuation Pause)
[199.453s][info][gc,task        ] GC(434) Using 2 workers of 2 for evacuation
[199.470s][info][gc,phases      ] GC(434)   Pre Evacuate Collection Set: 0.32ms
[199.470s][info][gc,phases      ] GC(434)   Merge Heap Roots: 0.15ms
[199.470s][info][gc,phases      ] GC(434)   Evacuate Collection Set: 16.36ms
[199.470s][info][gc,phases      ] GC(434)   Post Evacuate Collection Set: 0.45ms
[199.470s][info][gc,phases      ] GC(434)   Other: 0.12ms
[199.470s][info][gc,heap        ] GC(434) Eden regions: 150->0(157)
[199.470s][info][gc,heap        ] GC(434) Survivor regions: 12->6(21)
[199.470s][info][gc,heap        ] GC(434) Old regions: 744->750
[199.470s][info][gc,heap        ] GC(434) Humongous regions: 9->9
[199.470s][info][gc,metaspace   ] GC(434) Metaspace: 18540K(18688K)->18540K(18688K) NonClass: 16712K(16832K)->16712K(16832K) Class: 1828K(1856K)->1828K(1856K)
[199.470s][info][gc             ] GC(434) Pause Young (Concurrent Start) (G1 Evacuation Pause) 913M->764M(978M) 17.686ms
[199.470s][info][gc,cpu         ] GC(434) User=0.04s Sys=0.00s Real=0.01s
[199.470s][info][gc             ] GC(435) Concurrent Mark Cycle
[199.470s][info][gc,marking     ] GC(435) Concurrent Scan Root Regions
[199.495s][info][gc,marking     ] GC(435) Concurrent Scan Root Regions 24.836ms
[199.495s][info][gc,marking     ] GC(435) Concurrent Mark
[199.495s][info][gc,marking     ] GC(435) Concurrent Mark From Roots
[199.495s][info][gc,task        ] GC(435) Using 1 workers of 1 for marking
[199.748s][info][gc,start       ] GC(436) Pause Young (Normal) (G1 Evacuation Pause)
[199.748s][info][gc,task        ] GC(436) Using 2 workers of 2 for evacuation
[199.763s][info][gc,phases      ] GC(436)   Pre Evacuate Collection Set: 0.57ms
[199.763s][info][gc,phases      ] GC(436)   Merge Heap Roots: 0.28ms
[199.763s][info][gc,phases      ] GC(436)   Evacuate Collection Set: 13.53ms
[199.763s][info][gc,phases      ] GC(436)   Post Evacuate Collection Set: 0.46ms
[199.763s][info][gc,phases      ] GC(436)   Other: 0.12ms
[199.763s][info][gc,heap        ] GC(436) Eden regions: 157->0(151)
[199.763s][info][gc,heap        ] GC(436) Survivor regions: 6->9(21)
[199.763s][info][gc,heap        ] GC(436) Old regions: 750->750
[199.763s][info][gc,heap        ] GC(436) Humongous regions: 9->9
[199.763s][info][gc,metaspace   ] GC(436) Metaspace: 18540K(18688K)->18540K(18688K) NonClass: 16712K(16832K)->16712K(16832K) Class: 1828K(1856K)->1828K(1856K)
[199.763s][info][gc             ] GC(436) Pause Young (Normal) (G1 Evacuation Pause) 921M->767M(978M) 15.253ms
[199.763s][info][gc,cpu         ] GC(436) User=0.03s Sys=0.00s Real=0.02s
[200.003s][info][gc,start       ] GC(437) Pause Young (Normal) (G1 Evacuation Pause)
[200.003s][info][gc,task        ] GC(437) Using 2 workers of 2 for evacuation
[200.059s][info][gc,phases      ] GC(437)   Pre Evacuate Collection Set: 0.54ms
[200.059s][info][gc,phases      ] GC(437)   Merge Heap Roots: 0.17ms
[200.059s][info][gc,phases      ] GC(437)   Evacuate Collection Set: 53.83ms
[200.059s][info][gc,phases      ] GC(437)   Post Evacuate Collection Set: 0.61ms
[200.059s][info][gc,phases      ] GC(437)   Other: 0.13ms
[200.059s][info][gc,heap        ] GC(437) Eden regions: 151->0(102)
[200.059s][info][gc,heap        ] GC(437) Survivor regions: 9->20(20)
[200.059s][info][gc,heap        ] GC(437) Old regions: 750->777
[200.059s][info][gc,heap        ] GC(437) Humongous regions: 9->9
[200.059s][info][gc,metaspace   ] GC(437) Metaspace: 18540K(18688K)->18540K(18688K) NonClass: 16712K(16832K)->16712K(16832K) Class: 1828K(1856K)->1828K(1856K)
[200.059s][info][gc             ] GC(437) Pause Young (Normal) (G1 Evacuation Pause) 918M->805M(978M) 55.552ms
[200.059s][info][gc,cpu         ] GC(437) User=0.11s Sys=0.00s Real=0.05s
[200.265s][info][gc,start       ] GC(438) Pause Young (Normal) (G1 Evacuation Pause)
[200.265s][info][gc,task        ] GC(438) Using 2 workers of 2 for evacuation
[200.317s][info][gc,phases      ] GC(438)   Pre Evacuate Collection Set: 0.33ms
[200.317s][info][gc,phases      ] GC(438)   Merge Heap Roots: 0.31ms
[200.317s][info][gc,phases      ] GC(438)   Evacuate Collection Set: 50.89ms
[200.317s][info][gc,phases      ] GC(438)   Post Evacuate Collection Set: 0.43ms
[200.317s][info][gc,phases      ] GC(438)   Other: 0.09ms
[200.317s][info][gc,heap        ] GC(438) Eden regions: 102->0(84)
[200.317s][info][gc,heap        ] GC(438) Survivor regions: 20->16(16)
[200.317s][info][gc,heap        ] GC(438) Old regions: 777->803
[200.317s][info][gc,heap        ] GC(438) Humongous regions: 9->9
[200.317s][info][gc,metaspace   ] GC(438) Metaspace: 18540K(18688K)->18540K(18688K) NonClass: 16712K(16832K)->16712K(16832K) Class: 1828K(1856K)->1828K(1856K)
[200.317s][info][gc             ] GC(438) Pause Young (Normal) (G1 Evacuation Pause) 907M->827M(978M) 52.323ms
[200.317s][info][gc,cpu         ] GC(438) User=0.10s Sys=0.00s Real=0.05s
[200.478s][info][gc,marking     ] GC(435) Concurrent Mark From Roots 982.293ms
[200.478s][info][gc,marking     ] GC(435) Concurrent Preclean
[200.478s][info][gc,marking     ] GC(435) Concurrent Preclean 0.049ms
[200.482s][info][gc,start       ] GC(435) Pause Remark
[200.498s][info][metaspace      ] ChkMgr @0x00007fdd6c15e580 (non-class-space): : reclaiming memory...
[200.498s][info][metaspace      ] ChkMgr @0x00007fdd6c15e580 (non-class-space): nothing reclaimed.
[200.498s][info][metaspace      ] ChkMgr @0x00007fdd6c15c690 (class-space): : reclaiming memory...
[200.498s][info][metaspace      ] ChkMgr @0x00007fdd6c15c690 (class-space): nothing reclaimed.
[200.499s][info][gc             ] GC(435) Pause Remark 897M->416M(978M) 16.511ms
[200.499s][info][gc,cpu         ] GC(435) User=0.03s Sys=0.00s Real=0.02s
[200.500s][info][gc,marking     ] GC(435) Concurrent Mark 1004.886ms
[200.500s][info][gc,marking     ] GC(435) Concurrent Rebuild Remembered Sets and Scrub Regions
[200.523s][info][gc,start       ] GC(439) Pause Young (Normal) (G1 Evacuation Pause)
[200.523s][info][gc,task        ] GC(439) Using 2 workers of 2 for evacuation
[200.565s][info][gc,phases      ] GC(439)   Pre Evacuate Collection Set: 0.60ms
[200.565s][info][gc,phases      ] GC(439)   Merge Heap Roots: 0.30ms
[200.565s][info][gc,phases      ] GC(439)   Evacuate Collection Set: 40.53ms
[200.565s][info][gc,phases      ] GC(439)   Post Evacuate Collection Set: 0.50ms
[200.565s][info][gc,phases      ] GC(439)   Other: 0.10ms
[200.565s][info][gc,heap        ] GC(439) Eden regions: 84->0(515)
[200.565s][info][gc,heap        ] GC(439) Survivor regions: 16->13(13)
[200.565s][info][gc,heap        ] GC(439) Old regions: 328->345
[200.565s][info][gc,heap        ] GC(439) Humongous regions: 4->4
[200.565s][info][gc,metaspace   ] GC(439) Metaspace: 18534K(18688K)->18534K(18688K) NonClass: 16706K(16832K)->16706K(16832K) Class: 1828K(1856K)->1828K(1856K)
[200.565s][info][gc             ] GC(439) Pause Young (Normal) (G1 Evacuation Pause) 431M->361M(978M) 42.258ms
[200.566s][info][gc,cpu         ] GC(439) User=0.08s Sys=0.00s Real=0.04s
[200.829s][info][gc,marking     ] GC(435) Concurrent Rebuild Remembered Sets and Scrub Regions 329.220ms
[200.830s][info][gc,start       ] GC(435) Pause Cleanup
[200.830s][info][gc             ] GC(435) Pause Cleanup 578M->578M(978M) 0.098ms
[200.830s][info][gc,cpu         ] GC(435) User=0.00s Sys=0.00s Real=0.00s
[200.831s][info][gc,marking     ] GC(435) Concurrent Clear Claimed Marks
[200.831s][info][gc,marking     ] GC(435) Concurrent Clear Claimed Marks 0.046ms
[200.831s][info][gc,marking     ] GC(435) Concurrent Cleanup for Next Mark
[200.837s][info][gc,marking     ] GC(435) Concurrent Cleanup for Next Mark 5.994ms
[200.837s][info][gc             ] GC(435) Concurrent Mark Cycle 1366.374ms
[201.541s][info][gc,start       ] GC(440) Pause Young (Prepare Mixed) (G1 Evacuation Pause)
[201.541s][info][gc,task        ] GC(440) Using 2 workers of 2 for evacuation
[201.578s][info][gc,phases      ] GC(440)   Pre Evacuate Collection Set: 0.31ms
[201.578s][info][gc,phases      ] GC(440)   Merge Heap Roots: 0.38ms
[201.578s][info][gc,phases      ] GC(440)   Evacuate Collection Set: 35.62ms
[201.578s][info][gc,phases      ] GC(440)   Post Evacuate Collection Set: 0.86ms
[201.578s][info][gc,phases      ] GC(440)   Other: 0.10ms
[201.578s][info][gc,heap        ] GC(440) Eden regions: 515->0(519)
[201.578s][info][gc,heap        ] GC(440) Survivor regions: 13->23(66)
[201.578s][info][gc,heap        ] GC(440) Old regions: 345->345
[201.578s][info][gc,heap        ] GC(440) Humongous regions: 4->4
[201.578s][info][gc,metaspace   ] GC(440) Metaspace: 18534K(18688K)->18534K(18688K) NonClass: 16706K(16832K)->16706K(16832K) Class: 1828K(1856K)->1828K(1856K)
[201.578s][info][gc             ] GC(440) Pause Young (Prepare Mixed) (G1 Evacuation Pause) 876M->371M(978M) 37.561ms
[201.578s][info][gc,cpu         ] GC(440) User=0.07s Sys=0.00s Real=0.04s
[202.234s][info][gc,start       ] GC(441) Pause Young (Mixed) (G1 Evacuation Pause)
[202.234s][info][gc,task        ] GC(441) Using 2 workers of 2 for evacuation
[202.391s][info][gc,phases      ] GC(441)   Pre Evacuate Collection Set: 0.33ms
[202.391s][info][gc,phases      ] GC(441)   Merge Heap Roots: 0.38ms
[202.391s][info][gc,phases      ] GC(441)   Evacuate Collection Set: 145.68ms
[202.391s][info][gc,phases      ] GC(441)   Post Evacuate Collection Set: 10.35ms
[202.391s][info][gc,phases      ] GC(441)   Other: 0.11ms
[202.391s][info][gc,heap        ] GC(441) Eden regions: 519->0(288)
[202.391s][info][gc,heap        ] GC(441) Survivor regions: 23->68(68)
[202.391s][info][gc,heap        ] GC(441) Old regions: 345->499
[202.391s][info][gc,heap        ] GC(441) Humongous regions: 5->5
[202.391s][info][gc,metaspace   ] GC(441) Metaspace: 18537K(18688K)->18537K(18688K) NonClass: 16708K(16832K)->16708K(16832K) Class: 1828K(1856K)->1828K(1856K)
[202.391s][info][gc             ] GC(441) Pause Young (Mixed) (G1 Evacuation Pause) (Evacuation Failure: Allocation) 891M->571M(978M) 157.160ms
[202.391s][info][gc,cpu         ] GC(441) User=0.31s Sys=0.00s Real=0.15s
[202.968s][info][gc,start       ] GC(442) Pause Young (Concurrent Start) (G1 Evacuation Pause)
[202.969s][info][gc,task        ] GC(442) Using 2 workers of 2 for evacuation
[203.150s][info][gc,phases      ] GC(442)   Pre Evacuate Collection Set: 0.56ms
[203.150s][info][gc,phases      ] GC(442)   Merge Heap Roots: 1.15ms
[203.150s][info][gc,phases      ] GC(442)   Evacuate Collection Set: 171.37ms
[203.150s][info][gc,phases      ] GC(442)   Post Evacuate Collection Set: 7.69ms
[203.150s][info][gc,phases      ] GC(442)   Other: 0.21ms
[203.150s][info][gc,heap        ] GC(442) Eden regions: 288->0(328)
[203.150s][info][gc,heap        ] GC(442) Survivor regions: 68->34(45)
[203.150s][info][gc,heap        ] GC(442) Old regions: 499->520
[203.150s][info][gc,heap        ] GC(442) Humongous regions: 5->5
[203.150s][info][gc,metaspace   ] GC(442) Metaspace: 18537K(18688K)->18537K(18688K) NonClass: 16708K(16832K)->16708K(16832K) Class: 1828K(1856K)->1828K(1856K)
[203.150s][info][gc             ] GC(442) Pause Young (Concurrent Start) (G1 Evacuation Pause) (Evacuation Failure: Allocation) 859M->558M(978M) 181.320ms
[203.150s][info][gc,cpu         ] GC(442) User=0.35s Sys=0.01s Real=0.18s
[203.150s][info][gc             ] GC(443) Concurrent Mark Cycle
[203.154s][info][gc,marking     ] GC(443) Concurrent Scan Root Regions
[203.316s][info][gc,marking     ] GC(443) Concurrent Scan Root Regions 161.908ms
[203.316s][info][gc,marking     ] GC(443) Concurrent Mark
[203.316s][info][gc,marking     ] GC(443) Concurrent Mark From Roots
[203.316s][info][gc,task        ] GC(443) Using 1 workers of 1 for marking
[204.071s][info][gc,marking     ] GC(443) Concurrent Mark From Roots 755.494ms
[204.071s][info][gc,marking     ] GC(443) Concurrent Preclean
[204.071s][info][gc,marking     ] GC(443) Concurrent Preclean 0.041ms
[204.072s][info][gc,start       ] GC(443) Pause Remark
[204.082s][info][gc             ] GC(443) Pause Remark 882M->849M(978M) 10.033ms
[204.082s][info][gc,cpu         ] GC(443) User=0.02s Sys=0.00s Real=0.01s
[204.082s][info][gc,marking     ] GC(443) Concurrent Mark 766.667ms
[204.082s][info][gc,marking     ] GC(443) Concurrent Rebuild Remembered Sets and Scrub Regions
[204.092s][info][gc,start       ] GC(444) Pause Young (Normal) (G1 Evacuation Pause)
[204.092s][info][gc,task        ] GC(444) Using 2 workers of 2 for evacuation
[204.356s][info][gc,mmu         ] GC(444) MMU target violated: 201.0ms (200.0ms/201.0ms)
[204.356s][info][gc,phases      ] GC(444)   Pre Evacuate Collection Set: 0.44ms
[204.356s][info][gc,phases      ] GC(444)   Merge Heap Roots: 0.41ms
[204.356s][info][gc,phases      ] GC(444)   Evacuate Collection Set: 244.59ms
[204.356s][info][gc,phases      ] GC(444)   Post Evacuate Collection Set: 18.65ms
[204.356s][info][gc,phases      ] GC(444)   Other: 0.25ms
[204.356s][info][gc,heap        ] GC(444) Eden regions: 328->0(232)
[204.356s][info][gc,heap        ] GC(444) Survivor regions: 34->46(46)
[204.356s][info][gc,heap        ] GC(444) Old regions: 488->590
[204.356s][info][gc,heap        ] GC(444) Humongous regions: 5->5
[204.356s][info][gc,metaspace   ] GC(444) Metaspace: 18538K(18688K)->18538K(18688K) NonClass: 16709K(16832K)->16709K(16832K) Class: 1828K(1856K)->1828K(1856K)
[204.356s][info][gc             ] GC(444) Pause Young (Normal) (G1 Evacuation Pause) (Evacuation Failure: Allocation) 854M->640M(978M) 264.575ms
[204.356s][info][gc,cpu         ] GC(444) User=0.52s Sys=0.00s Real=0.27s
[204.677s][info][gc,start       ] GC(445) Pause Young (Normal) (G1 Evacuation Pause)
[204.677s][info][gc,task        ] GC(445) Using 2 workers of 2 for evacuation
[204.805s][info][gc,phases      ] GC(445)   Pre Evacuate Collection Set: 0.41ms
[204.805s][info][gc,phases      ] GC(445)   Merge Heap Roots: 0.55ms
[204.805s][info][gc,phases      ] GC(445)   Evacuate Collection Set: 126.26ms
[204.805s][info][gc,phases      ] GC(445)   Post Evacuate Collection Set: 0.82ms
[204.805s][info][gc,phases      ] GC(445)   Other: 0.12ms
[204.805s][info][gc,heap        ] GC(445) Eden regions: 232->0(258)
[204.805s][info][gc,heap        ] GC(445) Survivor regions: 46->14(35)
[204.805s][info][gc,heap        ] GC(445) Old regions: 590->596
[204.805s][info][gc,heap        ] GC(445) Humongous regions: 5->5
[204.805s][info][gc,metaspace   ] GC(445) Metaspace: 18538K(18688K)->18538K(18688K) NonClass: 16709K(16832K)->16709K(16832K) Class: 1828K(1856K)->1828K(1856K)
[204.805s][info][gc             ] GC(445) Pause Young (Normal) (G1 Evacuation Pause) 872M->614M(978M) 128.537ms
[204.805s][info][gc,cpu         ] GC(445) User=0.25s Sys=0.00s Real=0.13s
[205.055s][info][gc,marking     ] GC(443) Concurrent Rebuild Remembered Sets and Scrub Regions 972.774ms
[205.055s][info][gc,start       ] GC(443) Pause Cleanup
[205.055s][info][gc             ] GC(443) Pause Cleanup 827M->827M(978M) 0.205ms
[205.055s][info][gc,cpu         ] GC(443) User=0.00s Sys=0.00s Real=0.00s
[205.056s][info][gc,marking     ] GC(443) Concurrent Clear Claimed Marks
[205.056s][info][gc,marking     ] GC(443) Concurrent Clear Claimed Marks 0.052ms
[205.056s][info][gc,marking     ] GC(443) Concurrent Cleanup for Next Mark
[205.061s][info][gc,marking     ] GC(443) Concurrent Cleanup for Next Mark 5.243ms
[205.061s][info][gc             ] GC(443) Concurrent Mark Cycle 1911.188ms
[205.106s][info][gc,start       ] GC(446) Pause Young (Prepare Mixed) (G1 Evacuation Pause)
[205.106s][info][gc,task        ] GC(446) Using 2 workers of 2 for evacuation
[205.206s][info][gc,phases      ] GC(446)   Pre Evacuate Collection Set: 0.71ms
[205.206s][info][gc,phases      ] GC(446)   Merge Heap Roots: 0.40ms
[205.206s][info][gc,phases      ] GC(446)   Evacuate Collection Set: 97.26ms
[205.206s][info][gc,phases      ] GC(446)   Post Evacuate Collection Set: 0.97ms
[205.206s][info][gc,phases      ] GC(446)   Other: 0.10ms
[205.206s][info][gc,heap        ] GC(446) Eden regions: 258->0(194)
[205.206s][info][gc,heap        ] GC(446) Survivor regions: 14->34(34)
[205.206s][info][gc,heap        ] GC(446) Old regions: 596->632
[205.206s][info][gc,heap        ] GC(446) Humongous regions: 5->5
[205.206s][info][gc,metaspace   ] GC(446) Metaspace: 18538K(18688K)->18538K(18688K) NonClass: 16709K(16832K)->16709K(16832K) Class: 1828K(1856K)->1828K(1856K)
[205.206s][info][gc             ] GC(446) Pause Young (Prepare Mixed) (G1 Evacuation Pause) 872M->670M(978M) 99.672ms
[205.206s][info][gc,cpu         ] GC(446) User=0.19s Sys=0.00s Real=0.10s
[205.523s][info][gc,start       ] GC(447) Pause Young (Mixed) (G1 Evacuation Pause)
[205.523s][info][gc,task        ] GC(447) Using 2 workers of 2 for evacuation
[205.624s][info][gc,phases      ] GC(447)   Pre Evacuate Collection Set: 0.36ms
[205.624s][info][gc,phases      ] GC(447)   Merge Heap Roots: 0.78ms
[205.624s][info][gc,phases      ] GC(447)   Evacuate Collection Set: 84.81ms
[205.624s][info][gc,phases      ] GC(447)   Merge Optional Heap Roots: 0.37ms
[205.624s][info][gc,phases      ] GC(447)   Evacuate Optional Collection Set: 13.00ms
[205.624s][info][gc,phases      ] GC(447)   Post Evacuate Collection Set: 1.13ms
[205.624s][info][gc,phases      ] GC(447)   Other: 0.12ms
[205.624s][info][gc,heap        ] GC(447) Eden regions: 194->0(229)
[205.624s][info][gc,heap        ] GC(447) Survivor regions: 34->17(29)
[205.624s][info][gc,heap        ] GC(447) Old regions: 632->624
[205.624s][info][gc,heap        ] GC(447) Humongous regions: 5->5
[205.624s][info][gc,metaspace   ] GC(447) Metaspace: 18538K(18688K)->18538K(18688K) NonClass: 16710K(16832K)->16710K(16832K) Class: 1828K(1856K)->1828K(1856K)
[205.624s][info][gc             ] GC(447) Pause Young (Mixed) (G1 Evacuation Pause) 864M->645M(978M) 100.888ms
[205.624s][info][gc,cpu         ] GC(447) User=0.20s Sys=0.00s Real=0.10s
[205.961s][info][gc,start       ] GC(448) Pause Young (Mixed) (G1 Evacuation Pause)
[205.961s][info][gc,task        ] GC(448) Using 2 workers of 2 for evacuation
[206.119s][info][gc,phases      ] GC(448)   Pre Evacuate Collection Set: 0.58ms
[206.119s][info][gc,phases      ] GC(448)   Merge Heap Roots: 1.05ms
[206.119s][info][gc,phases      ] GC(448)   Evacuate Collection Set: 155.49ms
[206.119s][info][gc,phases      ] GC(448)   Post Evacuate Collection Set: 0.63ms
[206.119s][info][gc,phases      ] GC(448)   Other: 0.13ms
[206.119s][info][gc,heap        ] GC(448) Eden regions: 229->0(140)
[206.119s][info][gc,heap        ] GC(448) Survivor regions: 17->31(31)
[206.119s][info][gc,heap        ] GC(448) Old regions: 624->689
[206.119s][info][gc,heap        ] GC(448) Humongous regions: 8->8
[206.119s][info][gc,metaspace   ] GC(448) Metaspace: 18538K(18688K)->18538K(18688K) NonClass: 16710K(16832K)->16710K(16832K) Class: 1828K(1856K)->1828K(1856K)
[206.119s][info][gc             ] GC(448) Pause Young (Mixed) (G1 Evacuation Pause) 877M->727M(978M) 158.210ms
[206.119s][info][gc,cpu         ] GC(448) User=0.31s Sys=0.00s Real=0.16s
[206.232s][info][gc,start       ] GC(449) Pause Young (Concurrent Start) (G1 Evacuation Pause)
[206.232s][info][gc,task        ] GC(449) Using 2 workers of 2 for evacuation
[206.323s][info][gc,phases      ] GC(449)   Pre Evacuate Collection Set: 0.37ms
[206.323s][info][gc,phases      ] GC(449)   Merge Heap Roots: 0.28ms
[206.323s][info][gc,phases      ] GC(449)   Evacuate Collection Set: 89.20ms
[206.323s][info][gc,phases      ] GC(449)   Post Evacuate Collection Set: 0.72ms
[206.323s][info][gc,phases      ] GC(449)   Other: 0.15ms
[206.323s][info][gc,heap        ] GC(449) Eden regions: 140->0(113)
[206.323s][info][gc,heap        ] GC(449) Survivor regions: 31->22(22)
[206.323s][info][gc,heap        ] GC(449) Old regions: 689->741
[206.323s][info][gc,heap        ] GC(449) Humongous regions: 8->8
[206.323s][info][gc,metaspace   ] GC(449) Metaspace: 18538K(18688K)->18538K(18688K) NonClass: 16710K(16832K)->16710K(16832K) Class: 1828K(1856K)->1828K(1856K)
[206.323s][info][gc             ] GC(449) Pause Young (Concurrent Start) (G1 Evacuation Pause) 867M->770M(978M) 90.977ms
[206.323s][info][gc             ] GC(450) Concurrent Mark Cycle
[206.323s][info][gc,marking     ] GC(450) Concurrent Scan Root Regions
[206.326s][info][gc,cpu         ] GC(449) User=0.18s Sys=0.00s Real=0.10s
[206.409s][info][gc,marking     ] GC(450) Concurrent Scan Root Regions 86.109ms
[206.409s][info][gc,marking     ] GC(450) Concurrent Mark
[206.409s][info][gc,marking     ] GC(450) Concurrent Mark From Roots
[206.409s][info][gc,task        ] GC(450) Using 1 workers of 1 for marking
[206.471s][info][gc,start       ] GC(451) Pause Young (Normal) (G1 Evacuation Pause)
[206.471s][info][gc,task        ] GC(451) Using 2 workers of 2 for evacuation
[206.540s][info][gc,phases      ] GC(451)   Pre Evacuate Collection Set: 0.33ms
[206.540s][info][gc,phases      ] GC(451)   Merge Heap Roots: 0.60ms
[206.540s][info][gc,phases      ] GC(451)   Evacuate Collection Set: 67.02ms
[206.540s][info][gc,phases      ] GC(451)   Post Evacuate Collection Set: 0.58ms
[206.540s][info][gc,phases      ] GC(451)   Other: 0.10ms
[206.540s][info][gc,heap        ] GC(451) Eden regions: 113->0(94)
[206.540s][info][gc,heap        ] GC(451) Survivor regions: 22->17(17)
[206.540s][info][gc,heap        ] GC(451) Old regions: 741->779
[206.540s][info][gc,heap        ] GC(451) Humongous regions: 8->8
[206.540s][info][gc,metaspace   ] GC(451) Metaspace: 18539K(18688K)->18539K(18688K) NonClass: 16710K(16832K)->16710K(16832K) Class: 1828K(1856K)->1828K(1856K)
[206.540s][info][gc             ] GC(451) Pause Young (Normal) (G1 Evacuation Pause) 883M->803M(978M) 68.883ms
[206.540s][info][gc,cpu         ] GC(451) User=0.14s Sys=0.00s Real=0.07s
[206.643s][info][gc,start       ] GC(452) Pause Young (Normal) (G1 Evacuation Pause)
[206.643s][info][gc,task        ] GC(452) Using 2 workers of 2 for evacuation
[206.684s][info][gc,phases      ] GC(452)   Pre Evacuate Collection Set: 0.55ms
[206.684s][info][gc,phases      ] GC(452)   Merge Heap Roots: 0.31ms
[206.684s][info][gc,phases      ] GC(452)   Evacuate Collection Set: 40.01ms
[206.684s][info][gc,phases      ] GC(452)   Post Evacuate Collection Set: 0.46ms
[206.684s][info][gc,phases      ] GC(452)   Other: 0.09ms
[206.684s][info][gc,heap        ] GC(452) Eden regions: 94->0(88)
[206.684s][info][gc,heap        ] GC(452) Survivor regions: 17->14(14)
[206.684s][info][gc,heap        ] GC(452) Old regions: 779->799
[206.684s][info][gc,heap        ] GC(452) Humongous regions: 8->8
[206.684s][info][gc,metaspace   ] GC(452) Metaspace: 18542K(18688K)->18542K(18688K) NonClass: 16714K(16832K)->16714K(16832K) Class: 1828K(1856K)->1828K(1856K)
[206.684s][info][gc             ] GC(452) Pause Young (Normal) (G1 Evacuation Pause) 897M->820M(978M) 41.724ms
[206.684s][info][gc,cpu         ] GC(452) User=0.08s Sys=0.00s Real=0.04s
[206.850s][info][gc,start       ] GC(453) Pause Young (Normal) (G1 Evacuation Pause)
[206.850s][info][gc,task        ] GC(453) Using 2 workers of 2 for evacuation
[206.877s][info][gc,phases      ] GC(453)   Pre Evacuate Collection Set: 0.56ms
[206.877s][info][gc,phases      ] GC(453)   Merge Heap Roots: 0.32ms
[206.877s][info][gc,phases      ] GC(453)   Evacuate Collection Set: 25.55ms
[206.877s][info][gc,phases      ] GC(453)   Post Evacuate Collection Set: 0.45ms
[206.877s][info][gc,phases      ] GC(453)   Other: 0.13ms
[206.877s][info][gc,heap        ] GC(453) Eden regions: 88->0(95)
[206.877s][info][gc,heap        ] GC(453) Survivor regions: 14->3(13)
[206.877s][info][gc,heap        ] GC(453) Old regions: 799->813
[206.877s][info][gc,heap        ] GC(453) Humongous regions: 8->8
[206.877s][info][gc,metaspace   ] GC(453) Metaspace: 18542K(18688K)->18542K(18688K) NonClass: 16714K(16832K)->16714K(16832K) Class: 1828K(1856K)->1828K(1856K)
[206.878s][info][gc             ] GC(453) Pause Young (Normal) (G1 Evacuation Pause) 908M->823M(978M) 27.340ms
[206.878s][info][gc,cpu         ] GC(453) User=0.05s Sys=0.00s Real=0.03s
[206.990s][info][gc,start       ] GC(454) Pause Young (Normal) (G1 Evacuation Pause)
[206.990s][info][gc,task        ] GC(454) Using 2 workers of 2 for evacuation
[207.003s][info][gc,phases      ] GC(454)   Pre Evacuate Collection Set: 0.34ms
[207.003s][info][gc,phases      ] GC(454)   Merge Heap Roots: 0.21ms
[207.003s][info][gc,phases      ] GC(454)   Evacuate Collection Set: 11.66ms
[207.003s][info][gc,phases      ] GC(454)   Post Evacuate Collection Set: 0.41ms
[207.003s][info][gc,phases      ] GC(454)   Other: 0.09ms
[207.003s][info][gc,heap        ] GC(454) Eden regions: 95->0(99)
[207.003s][info][gc,heap        ] GC(454) Survivor regions: 3->4(13)
[207.003s][info][gc,heap        ] GC(454) Old regions: 813->813
[207.003s][info][gc,heap        ] GC(454) Humongous regions: 8->8
[207.003s][info][gc,metaspace   ] GC(454) Metaspace: 18544K(18688K)->18544K(18688K) NonClass: 16716K(16832K)->16716K(16832K) Class: 1828K(1856K)->1828K(1856K)
[207.003s][info][gc             ] GC(454) Pause Young (Normal) (G1 Evacuation Pause) 918M->824M(978M) 12.995ms
[207.003s][info][gc,cpu         ] GC(454) User=0.03s Sys=0.00s Real=0.02s
[207.175s][info][gc,start       ] GC(455) Pause Young (Normal) (G1 Evacuation Pause)
[207.175s][info][gc,task        ] GC(455) Using 2 workers of 2 for evacuation
[207.211s][info][gc,phases      ] GC(455)   Pre Evacuate Collection Set: 0.56ms
[207.211s][info][gc,phases      ] GC(455)   Merge Heap Roots: 0.42ms
[207.211s][info][gc,phases      ] GC(455)   Evacuate Collection Set: 34.53ms
[207.211s][info][gc,phases      ] GC(455)   Post Evacuate Collection Set: 0.56ms
[207.211s][info][gc,phases      ] GC(455)   Other: 0.10ms
[207.211s][info][gc,heap        ] GC(455) Eden regions: 99->0(80)
[207.211s][info][gc,heap        ] GC(455) Survivor regions: 4->13(13)
[207.211s][info][gc,heap        ] GC(455) Old regions: 813->814
[207.211s][info][gc,heap        ] GC(455) Humongous regions: 8->8
[207.211s][info][gc,metaspace   ] GC(455) Metaspace: 18544K(18688K)->18544K(18688K) NonClass: 16716K(16832K)->16716K(16832K) Class: 1828K(1856K)->1828K(1856K)
[207.211s][info][gc             ] GC(455) Pause Young (Normal) (G1 Evacuation Pause) 923M->834M(978M) 36.421ms
[207.211s][info][gc,cpu         ] GC(455) User=0.07s Sys=0.00s Real=0.03s
[207.317s][info][gc,start       ] GC(456) Pause Young (Normal) (G1 Evacuation Pause)
[207.317s][info][gc,task        ] GC(456) Using 2 workers of 2 for evacuation
[207.376s][info][gc,phases      ] GC(456)   Pre Evacuate Collection Set: 0.33ms
[207.376s][info][gc,phases      ] GC(456)   Merge Heap Roots: 0.45ms
[207.376s][info][gc,phases      ] GC(456)   Evacuate Collection Set: 57.55ms
[207.376s][info][gc,phases      ] GC(456)   Post Evacuate Collection Set: 0.47ms
[207.376s][info][gc,phases      ] GC(456)   Other: 0.10ms
[207.376s][info][gc,heap        ] GC(456) Eden regions: 80->0(66)
[207.376s][info][gc,heap        ] GC(456) Survivor regions: 13->12(12)
[207.376s][info][gc,heap        ] GC(456) Old regions: 814->827
[207.376s][info][gc,heap        ] GC(456) Humongous regions: 11->11
[207.376s][info][gc,metaspace   ] GC(456) Metaspace: 18544K(18688K)->18544K(18688K) NonClass: 16716K(16832K)->16716K(16832K) Class: 1828K(1856K)->1828K(1856K)
[207.376s][info][gc             ] GC(456) Pause Young (Normal) (G1 Evacuation Pause) 917M->849M(978M) 59.290ms
[207.376s][info][gc,cpu         ] GC(456) User=0.12s Sys=0.00s Real=0.06s
[207.432s][info][gc,marking     ] GC(450) Concurrent Mark From Roots 1022.147ms
[207.432s][info][gc,marking     ] GC(450) Concurrent Preclean
[207.432s][info][gc,marking     ] GC(450) Concurrent Preclean 0.040ms
[207.432s][info][gc,start       ] GC(450) Pause Remark
[207.440s][info][gc             ] GC(450) Pause Remark 868M->497M(978M) 8.588ms
[207.441s][info][gc,cpu         ] GC(450) User=0.02s Sys=0.00s Real=0.01s
[207.441s][info][gc,marking     ] GC(450) Concurrent Mark 1031.150ms
[207.441s][info][gc,marking     ] GC(450) Concurrent Rebuild Remembered Sets and Scrub Regions
[207.559s][info][gc,start       ] GC(457) Pause Young (Normal) (G1 Evacuation Pause)
[207.559s][info][gc,task        ] GC(457) Using 2 workers of 2 for evacuation
[207.594s][info][gc,phases      ] GC(457)   Pre Evacuate Collection Set: 0.32ms
[207.595s][info][gc,phases      ] GC(457)   Merge Heap Roots: 0.39ms
[207.595s][info][gc,phases      ] GC(457)   Evacuate Collection Set: 34.49ms
[207.595s][info][gc,phases      ] GC(457)   Post Evacuate Collection Set: 0.38ms
[207.595s][info][gc,phases      ] GC(457)   Other: 0.11ms
[207.595s][info][gc,heap        ] GC(457) Eden regions: 66->0(290)
[207.595s][info][gc,heap        ] GC(457) Survivor regions: 12->7(10)
[207.595s][info][gc,heap        ] GC(457) Old regions: 461->473
[207.595s][info][gc,heap        ] GC(457) Humongous regions: 6->6
[207.595s][info][gc,metaspace   ] GC(457) Metaspace: 18544K(18688K)->18544K(18688K) NonClass: 16716K(16832K)->16716K(16832K) Class: 1828K(1856K)->1828K(1856K)
[207.595s][info][gc             ] GC(457) Pause Young (Normal) (G1 Evacuation Pause) 544M->485M(978M) 36.047ms
[207.595s][info][gc,cpu         ] GC(457) User=0.07s Sys=0.00s Real=0.04s
[207.799s][info][gc,marking     ] GC(450) Concurrent Rebuild Remembered Sets and Scrub Regions 358.510ms
[207.799s][info][gc,start       ] GC(450) Pause Cleanup
[207.800s][info][gc             ] GC(450) Pause Cleanup 613M->613M(978M) 0.167ms
[207.800s][info][gc,cpu         ] GC(450) User=0.00s Sys=0.00s Real=0.00s
[207.800s][info][gc,marking     ] GC(450) Concurrent Clear Claimed Marks
[207.800s][info][gc,marking     ] GC(450) Concurrent Clear Claimed Marks 0.034ms
[207.800s][info][gc,marking     ] GC(450) Concurrent Cleanup for Next Mark
[207.803s][info][gc,marking     ] GC(450) Concurrent Cleanup for Next Mark 2.980ms
[207.803s][info][gc             ] GC(450) Concurrent Mark Cycle 1479.448ms
[207.961s][info][gc,start       ] GC(458) Pause Young (Prepare Mixed) (G1 Evacuation Pause)
[207.962s][info][gc,task        ] GC(458) Using 2 workers of 2 for evacuation
[208.044s][info][gc,phases      ] GC(458)   Pre Evacuate Collection Set: 0.35ms
[208.045s][info][gc,phases      ] GC(458)   Merge Heap Roots: 0.37ms
[208.045s][info][gc,phases      ] GC(458)   Evacuate Collection Set: 81.54ms
[208.045s][info][gc,phases      ] GC(458)   Post Evacuate Collection Set: 0.61ms
[208.045s][info][gc,phases      ] GC(458)   Other: 0.10ms
[208.045s][info][gc,heap        ] GC(458) Eden regions: 290->0(272)
[208.045s][info][gc,heap        ] GC(458) Survivor regions: 7->38(38)
[208.045s][info][gc,heap        ] GC(458) Old regions: 473->491
[208.045s][info][gc,heap        ] GC(458) Humongous regions: 6->6
[208.045s][info][gc,metaspace   ] GC(458) Metaspace: 18544K(18688K)->18544K(18688K) NonClass: 16716K(16832K)->16716K(16832K) Class: 1828K(1856K)->1828K(1856K)
[208.045s][info][gc             ] GC(458) Pause Young (Prepare Mixed) (G1 Evacuation Pause) 775M->534M(978M) 83.319ms
[208.045s][info][gc,cpu         ] GC(458) User=0.16s Sys=0.00s Real=0.09s
[208.383s][info][gc,start       ] GC(459) Pause Young (Mixed) (G1 Evacuation Pause)
[208.383s][info][gc,task        ] GC(459) Using 2 workers of 2 for evacuation
[208.442s][info][gc,phases      ] GC(459)   Pre Evacuate Collection Set: 0.56ms
[208.442s][info][gc,phases      ] GC(459)   Merge Heap Roots: 0.40ms
[208.442s][info][gc,phases      ] GC(459)   Evacuate Collection Set: 57.15ms
[208.442s][info][gc,phases      ] GC(459)   Post Evacuate Collection Set: 0.68ms
[208.442s][info][gc,phases      ] GC(459)   Other: 0.12ms
[208.442s][info][gc,heap        ] GC(459) Eden regions: 272->0(325)
[208.442s][info][gc,heap        ] GC(459) Survivor regions: 38->5(39)
[208.442s][info][gc,heap        ] GC(459) Old regions: 491->450
[208.442s][info][gc,heap        ] GC(459) Humongous regions: 6->6
[208.442s][info][gc,metaspace   ] GC(459) Metaspace: 18544K(18688K)->18544K(18688K) NonClass: 16716K(16832K)->16716K(16832K) Class: 1828K(1856K)->1828K(1856K)
[208.442s][info][gc             ] GC(459) Pause Young (Mixed) (G1 Evacuation Pause) 806M->460M(978M) 59.175ms
[208.442s][info][gc,cpu         ] GC(459) User=0.12s Sys=0.00s Real=0.05s
[209.256s][info][gc,start       ] GC(460) Pause Young (Concurrent Start) (G1 Evacuation Pause)
[209.256s][info][gc,task        ] GC(460) Using 2 workers of 2 for evacuation
[209.300s][info][gc,phases      ] GC(460)   Pre Evacuate Collection Set: 0.35ms
[209.300s][info][gc,phases      ] GC(460)   Merge Heap Roots: 0.29ms
[209.300s][info][gc,phases      ] GC(460)   Evacuate Collection Set: 42.57ms
[209.300s][info][gc,phases      ] GC(460)   Post Evacuate Collection Set: 0.64ms
[209.300s][info][gc,phases      ] GC(460)   Other: 0.13ms
[209.300s][info][gc,heap        ] GC(460) Eden regions: 325->0(328)
[209.300s][info][gc,heap        ] GC(460) Survivor regions: 5->28(42)
[209.300s][info][gc,heap        ] GC(460) Old regions: 450->450
[209.300s][info][gc,heap        ] GC(460) Humongous regions: 6->6
[209.300s][info][gc,metaspace   ] GC(460) Metaspace: 18544K(18688K)->18544K(18688K) NonClass: 16716K(16832K)->16716K(16832K) Class: 1828K(1856K)->1828K(1856K)
[209.300s][info][gc             ] GC(460) Pause Young (Concurrent Start) (G1 Evacuation Pause) 785M->482M(978M) 44.279ms
[209.300s][info][gc,cpu         ] GC(460) User=0.09s Sys=0.00s Real=0.04s
[209.300s][info][gc             ] GC(461) Concurrent Mark Cycle
[209.300s][info][gc,marking     ] GC(461) Concurrent Scan Root Regions
[209.360s][info][gc,marking     ] GC(461) Concurrent Scan Root Regions 59.089ms
[209.360s][info][gc,marking     ] GC(461) Concurrent Mark
[209.360s][info][gc,marking     ] GC(461) Concurrent Mark From Roots
[209.360s][info][gc,task        ] GC(461) Using 1 workers of 1 for marking
[210.533s][info][gc,marking     ] GC(461) Concurrent Mark From Roots 1173.164ms
[210.533s][info][gc,marking     ] GC(461) Concurrent Preclean
[210.533s][info][gc,marking     ] GC(461) Concurrent Preclean 0.037ms
[210.533s][info][gc,start       ] GC(461) Pause Remark
[210.541s][info][gc             ] GC(461) Pause Remark 779M->673M(978M) 8.113ms
[210.541s][info][gc,cpu         ] GC(461) User=0.02s Sys=0.00s Real=0.00s
[210.541s][info][gc,marking     ] GC(461) Concurrent Mark 1181.682ms
[210.541s][info][gc,marking     ] GC(461) Concurrent Rebuild Remembered Sets and Scrub Regions
[210.700s][info][gc,start       ] GC(462) Pause Young (Normal) (G1 Evacuation Pause)
[210.700s][info][gc,task        ] GC(462) Using 2 workers of 2 for evacuation
[210.748s][info][gc,phases      ] GC(462)   Pre Evacuate Collection Set: 0.56ms
[210.748s][info][gc,phases      ] GC(462)   Merge Heap Roots: 0.53ms
[210.748s][info][gc,phases      ] GC(462)   Evacuate Collection Set: 46.05ms
[210.748s][info][gc,phases      ] GC(462)   Post Evacuate Collection Set: 0.62ms
[210.748s][info][gc,phases      ] GC(462)   Other: 0.12ms
[210.748s][info][gc,heap        ] GC(462) Eden regions: 328->0(410)
[210.748s][info][gc,heap        ] GC(462) Survivor regions: 28->23(45)
[210.748s][info][gc,heap        ] GC(462) Old regions: 346->351
[210.748s][info][gc,heap        ] GC(462) Humongous regions: 4->4
[210.748s][info][gc,metaspace   ] GC(462) Metaspace: 18545K(18688K)->18545K(18688K) NonClass: 16717K(16832K)->16717K(16832K) Class: 1828K(1856K)->1828K(1856K)
[210.748s][info][gc             ] GC(462) Pause Young (Normal) (G1 Evacuation Pause) 704M->377M(978M) 48.161ms
[210.748s][info][gc,cpu         ] GC(462) User=0.10s Sys=0.00s Real=0.05s
[210.941s][info][gc,marking     ] GC(461) Concurrent Rebuild Remembered Sets and Scrub Regions 399.260ms
[210.941s][info][gc,start       ] GC(461) Pause Cleanup
[210.941s][info][gc             ] GC(461) Pause Cleanup 436M->436M(978M) 0.107ms
[210.941s][info][gc,cpu         ] GC(461) User=0.00s Sys=0.00s Real=0.00s
[210.943s][info][gc,marking     ] GC(461) Concurrent Clear Claimed Marks
[210.943s][info][gc,marking     ] GC(461) Concurrent Clear Claimed Marks 0.050ms
[210.943s][info][gc,marking     ] GC(461) Concurrent Cleanup for Next Mark
[210.948s][info][gc,marking     ] GC(461) Concurrent Cleanup for Next Mark 5.047ms
[210.948s][info][gc             ] GC(461) Concurrent Mark Cycle 1647.320ms
[211.401s][info][gc,start       ] GC(463) Pause Young (Prepare Mixed) (G1 Evacuation Pause)
[211.401s][info][gc,task        ] GC(463) Using 2 workers of 2 for evacuation
[211.524s][info][gc,phases      ] GC(463)   Pre Evacuate Collection Set: 0.54ms
[211.524s][info][gc,phases      ] GC(463)   Merge Heap Roots: 0.59ms
[211.524s][info][gc,phases      ] GC(463)   Evacuate Collection Set: 121.14ms
[211.524s][info][gc,phases      ] GC(463)   Post Evacuate Collection Set: 1.07ms
[211.524s][info][gc,phases      ] GC(463)   Other: 0.13ms
[211.524s][info][gc,heap        ] GC(463) Eden regions: 410->0(339)
[211.524s][info][gc,heap        ] GC(463) Survivor regions: 23->55(55)
[211.524s][info][gc,heap        ] GC(463) Old regions: 351->397
[211.524s][info][gc,heap        ] GC(463) Humongous regions: 4->4
[211.524s][info][gc,metaspace   ] GC(463) Metaspace: 18545K(18688K)->18545K(18688K) NonClass: 16717K(16832K)->16717K(16832K) Class: 1828K(1856K)->1828K(1856K)
[211.525s][info][gc             ] GC(463) Pause Young (Prepare Mixed) (G1 Evacuation Pause) 787M->455M(978M) 123.758ms
[211.525s][info][gc,cpu         ] GC(463) User=0.24s Sys=0.00s Real=0.13s
[211.894s][info][gc,start       ] GC(464) Pause Young (Mixed) (G1 Evacuation Pause)
[211.894s][info][gc,task        ] GC(464) Using 2 workers of 2 for evacuation
[212.041s][info][gc,phases      ] GC(464)   Pre Evacuate Collection Set: 0.32ms
[212.041s][info][gc,phases      ] GC(464)   Merge Heap Roots: 0.60ms
[212.041s][info][gc,phases      ] GC(464)   Evacuate Collection Set: 145.26ms
[212.041s][info][gc,phases      ] GC(464)   Post Evacuate Collection Set: 0.84ms
[212.041s][info][gc,phases      ] GC(464)   Other: 0.11ms
[212.041s][info][gc,heap        ] GC(464) Eden regions: 292->0(318)
[212.041s][info][gc,heap        ] GC(464) Survivor regions: 55->44(44)
[212.041s][info][gc,heap        ] GC(464) Old regions: 397->451
[212.041s][info][gc,heap        ] GC(464) Humongous regions: 7->7
[212.041s][info][gc,metaspace   ] GC(464) Metaspace: 18547K(18688K)->18547K(18688K) NonClass: 16719K(16832K)->16719K(16832K) Class: 1828K(1856K)->1828K(1856K)
[212.041s][info][gc             ] GC(464) Pause Young (Mixed) (G1 Evacuation Pause) 750M->501M(978M) 147.440ms
[212.041s][info][gc,cpu         ] GC(464) User=0.29s Sys=0.00s Real=0.14s
[212.287s][info][gc,start       ] GC(465) Pause Young (Mixed) (G1 Evacuation Pause)
[212.287s][info][gc,task        ] GC(465) Using 2 workers of 2 for evacuation
[212.434s][info][gc,phases      ] GC(465)   Pre Evacuate Collection Set: 0.35ms
[212.434s][info][gc,phases      ] GC(465)   Merge Heap Roots: 0.55ms
[212.434s][info][gc,phases      ] GC(465)   Evacuate Collection Set: 144.87ms
[212.434s][info][gc,phases      ] GC(465)   Post Evacuate Collection Set: 0.93ms
[212.434s][info][gc,phases      ] GC(465)   Other: 0.11ms
[212.434s][info][gc,heap        ] GC(465) Eden regions: 318->0(282)
[212.434s][info][gc,heap        ] GC(465) Survivor regions: 44->46(46)
[212.434s][info][gc,heap        ] GC(465) Old regions: 451->501
[212.434s][info][gc,heap        ] GC(465) Humongous regions: 7->7
[212.434s][info][gc,metaspace   ] GC(465) Metaspace: 18550K(18688K)->18550K(18688K) NonClass: 16721K(16832K)->16721K(16832K) Class: 1828K(1856K)->1828K(1856K)
[212.434s][info][gc             ] GC(465) Pause Young (Mixed) (G1 Evacuation Pause) 819M->553M(978M) 147.136ms
[212.434s][info][gc,cpu         ] GC(465) User=0.29s Sys=0.00s Real=0.15s
[212.569s][info][gc,start       ] GC(466) Pause Young (Concurrent Start) (G1 Humongous Allocation)
[212.569s][info][gc,task        ] GC(466) Using 2 workers of 2 for evacuation
[212.645s][info][gc,phases      ] GC(466)   Pre Evacuate Collection Set: 0.36ms
[212.645s][info][gc,phases      ] GC(466)   Merge Heap Roots: 0.35ms
[212.645s][info][gc,phases      ] GC(466)   Evacuate Collection Set: 73.96ms
[212.645s][info][gc,phases      ] GC(466)   Post Evacuate Collection Set: 0.66ms
[212.645s][info][gc,phases      ] GC(466)   Other: 0.14ms
[212.645s][info][gc,heap        ] GC(466) Eden regions: 222->0(288)
[212.645s][info][gc,heap        ] GC(466) Survivor regions: 46->9(41)
[212.645s][info][gc,heap        ] GC(466) Old regions: 501->547
[212.645s][info][gc,heap        ] GC(466) Humongous regions: 7->7
[212.645s][info][gc,metaspace   ] GC(466) Metaspace: 18550K(18688K)->18550K(18688K) NonClass: 16721K(16832K)->16721K(16832K) Class: 1828K(1856K)->1828K(1856K)
[212.645s][info][gc             ] GC(466) Pause Young (Concurrent Start) (G1 Humongous Allocation) 775M->562M(978M) 75.764ms
[212.645s][info][gc             ] GC(467) Concurrent Mark Cycle
[212.645s][info][gc,marking     ] GC(467) Concurrent Scan Root Regions
[212.645s][info][gc,cpu         ] GC(466) User=0.14s Sys=0.00s Real=0.08s
[212.747s][info][gc,marking     ] GC(467) Concurrent Scan Root Regions 101.720ms
[212.747s][info][gc,marking     ] GC(467) Concurrent Mark
[212.747s][info][gc,marking     ] GC(467) Concurrent Mark From Roots
[212.747s][info][gc,task        ] GC(467) Using 1 workers of 1 for marking
[213.027s][info][gc,start       ] GC(468) Pause Young (Normal) (G1 Evacuation Pause)
[213.027s][info][gc,task        ] GC(468) Using 2 workers of 2 for evacuation
[213.081s][info][gc,phases      ] GC(468)   Pre Evacuate Collection Set: 0.31ms
[213.081s][info][gc,phases      ] GC(468)   Merge Heap Roots: 0.59ms
[213.081s][info][gc,phases      ] GC(468)   Evacuate Collection Set: 52.76ms
[213.081s][info][gc,phases      ] GC(468)   Post Evacuate Collection Set: 0.62ms
[213.081s][info][gc,phases      ] GC(468)   Other: 0.09ms
[213.081s][info][gc,heap        ] GC(468) Eden regions: 288->0(281)
[213.081s][info][gc,heap        ] GC(468) Survivor regions: 9->31(38)
[213.081s][info][gc,heap        ] GC(468) Old regions: 547->547
[213.081s][info][gc,heap        ] GC(468) Humongous regions: 8->8
[213.081s][info][gc,metaspace   ] GC(468) Metaspace: 18550K(18688K)->18550K(18688K) NonClass: 16721K(16832K)->16721K(16832K) Class: 1828K(1856K)->1828K(1856K)
[213.081s][info][gc             ] GC(468) Pause Young (Normal) (G1 Evacuation Pause) 851M->585M(978M) 54.674ms
[213.081s][info][gc,cpu         ] GC(468) User=0.10s Sys=0.00s Real=0.05s
[213.499s][info][gc,start       ] GC(469) Pause Young (Normal) (G1 Evacuation Pause)
[213.499s][info][gc,task        ] GC(469) Using 2 workers of 2 for evacuation
[213.584s][info][gc,phases      ] GC(469)   Pre Evacuate Collection Set: 0.35ms
[213.584s][info][gc,phases      ] GC(469)   Merge Heap Roots: 0.32ms
[213.584s][info][gc,phases      ] GC(469)   Evacuate Collection Set: 83.61ms
[213.584s][info][gc,phases      ] GC(469)   Post Evacuate Collection Set: 0.61ms
[213.584s][info][gc,phases      ] GC(469)   Other: 0.10ms
[213.584s][info][gc,heap        ] GC(469) Eden regions: 281->0(260)
[213.584s][info][gc,heap        ] GC(469) Survivor regions: 31->31(39)
[213.584s][info][gc,heap        ] GC(469) Old regions: 547->578
[213.584s][info][gc,heap        ] GC(469) Humongous regions: 8->8
[213.584s][info][gc,metaspace   ] GC(469) Metaspace: 18550K(18688K)->18550K(18688K) NonClass: 16721K(16832K)->16721K(16832K) Class: 1828K(1856K)->1828K(1856K)
[213.584s][info][gc             ] GC(469) Pause Young (Normal) (G1 Evacuation Pause) 866M->616M(978M) 85.352ms
[213.584s][info][gc,cpu         ] GC(469) User=0.16s Sys=0.00s Real=0.09s
[213.878s][info][gc,marking     ] GC(467) Concurrent Mark From Roots 1130.616ms
[213.878s][info][gc,marking     ] GC(467) Concurrent Preclean
[213.878s][info][gc,marking     ] GC(467) Concurrent Preclean 0.037ms
[213.878s][info][gc,start       ] GC(467) Pause Remark
[213.886s][info][gc             ] GC(467) Pause Remark 681M->585M(978M) 7.940ms
[213.886s][info][gc,cpu         ] GC(467) User=0.02s Sys=0.00s Real=0.01s
[213.886s][info][gc,marking     ] GC(467) Concurrent Mark 1138.972ms
[213.886s][info][gc,marking     ] GC(467) Concurrent Rebuild Remembered Sets and Scrub Regions
[214.374s][info][gc,marking     ] GC(467) Concurrent Rebuild Remembered Sets and Scrub Regions 488.427ms
[214.374s][info][gc,start       ] GC(467) Pause Cleanup
[214.375s][info][gc             ] GC(467) Pause Cleanup 680M->680M(978M) 0.168ms
[214.375s][info][gc,cpu         ] GC(467) User=0.00s Sys=0.00s Real=0.00s
[214.375s][info][gc,marking     ] GC(467) Concurrent Clear Claimed Marks
[214.375s][info][gc,marking     ] GC(467) Concurrent Clear Claimed Marks 0.045ms
[214.375s][info][gc,marking     ] GC(467) Concurrent Cleanup for Next Mark
[214.382s][info][gc,marking     ] GC(467) Concurrent Cleanup for Next Mark 6.259ms
[214.382s][info][gc             ] GC(467) Concurrent Mark Cycle 1736.629ms
[214.625s][info][gc,start       ] GC(470) Pause Young (Prepare Mixed) (G1 Evacuation Pause)
[214.625s][info][gc,task        ] GC(470) Using 2 workers of 2 for evacuation
[214.682s][info][gc,phases      ] GC(470)   Pre Evacuate Collection Set: 0.35ms
[214.682s][info][gc,phases      ] GC(470)   Merge Heap Roots: 0.57ms
[214.682s][info][gc,phases      ] GC(470)   Evacuate Collection Set: 55.11ms
[214.682s][info][gc,phases      ] GC(470)   Post Evacuate Collection Set: 0.55ms
[214.682s][info][gc,phases      ] GC(470)   Other: 0.11ms
[214.682s][info][gc,heap        ] GC(470) Eden regions: 260->0(332)
[214.682s][info][gc,heap        ] GC(470) Survivor regions: 31->8(37)
[214.682s][info][gc,heap        ] GC(470) Old regions: 485->515
[214.682s][info][gc,heap        ] GC(470) Humongous regions: 5->5
[214.682s][info][gc,metaspace   ] GC(470) Metaspace: 18550K(18688K)->18550K(18688K) NonClass: 16721K(16832K)->16721K(16832K) Class: 1828K(1856K)->1828K(1856K)
[214.682s][info][gc             ] GC(470) Pause Young (Prepare Mixed) (G1 Evacuation Pause) 780M->527M(978M) 56.941ms
[214.682s][info][gc,cpu         ] GC(470) User=0.11s Sys=0.00s Real=0.05s
[215.099s][info][gc,start       ] GC(471) Pause Young (Mixed) (G1 Evacuation Pause)
[215.099s][info][gc,task        ] GC(471) Using 2 workers of 2 for evacuation
[215.208s][info][gc,phases      ] GC(471)   Pre Evacuate Collection Set: 0.39ms
[215.208s][info][gc,phases      ] GC(471)   Merge Heap Roots: 0.47ms
[215.208s][info][gc,phases      ] GC(471)   Evacuate Collection Set: 107.46ms
[215.208s][info][gc,phases      ] GC(471)   Post Evacuate Collection Set: 0.91ms
[215.208s][info][gc,phases      ] GC(471)   Other: 0.11ms
[215.208s][info][gc,heap        ] GC(471) Eden regions: 332->0(330)
[215.208s][info][gc,heap        ] GC(471) Survivor regions: 8->43(43)
[215.208s][info][gc,heap        ] GC(471) Old regions: 515->462
[215.208s][info][gc,heap        ] GC(471) Humongous regions: 5->5
[215.208s][info][gc,metaspace   ] GC(471) Metaspace: 18550K(18688K)->18550K(18688K) NonClass: 16721K(16832K)->16721K(16832K) Class: 1828K(1856K)->1828K(1856K)
[215.209s][info][gc             ] GC(471) Pause Young (Mixed) (G1 Evacuation Pause) 859M->509M(978M) 109.637ms
[215.209s][info][gc,cpu         ] GC(471) User=0.22s Sys=0.00s Real=0.11s
[215.627s][info][gc,start       ] GC(472) Pause Young (Concurrent Start) (G1 Humongous Allocation)
[215.627s][info][gc,task        ] GC(472) Using 2 workers of 2 for evacuation
[215.736s][info][gc,phases      ] GC(472)   Pre Evacuate Collection Set: 0.32ms
[215.736s][info][gc,phases      ] GC(472)   Merge Heap Roots: 0.42ms
[215.736s][info][gc,phases      ] GC(472)   Evacuate Collection Set: 107.36ms
[215.736s][info][gc,phases      ] GC(472)   Post Evacuate Collection Set: 0.68ms
[215.736s][info][gc,phases      ] GC(472)   Other: 0.14ms
[215.736s][info][gc,heap        ] GC(472) Eden regions: 293->0(290)
[215.736s][info][gc,heap        ] GC(472) Survivor regions: 43->47(47)
[215.736s][info][gc,heap        ] GC(472) Old regions: 462->507
[215.736s][info][gc,heap        ] GC(472) Humongous regions: 5->5
[215.736s][info][gc,metaspace   ] GC(472) Metaspace: 18550K(18688K)->18550K(18688K) NonClass: 16721K(16832K)->16721K(16832K) Class: 1828K(1856K)->1828K(1856K)
[215.736s][info][gc             ] GC(472) Pause Young (Concurrent Start) (G1 Humongous Allocation) 802M->558M(978M) 109.226ms
[215.736s][info][gc,cpu         ] GC(472) User=0.21s Sys=0.00s Real=0.11s
[215.736s][info][gc             ] GC(473) Concurrent Mark Cycle
[215.736s][info][gc,marking     ] GC(473) Concurrent Scan Root Regions
[215.864s][info][gc,marking     ] GC(473) Concurrent Scan Root Regions 127.836ms
[215.864s][info][gc,marking     ] GC(473) Concurrent Mark
[215.864s][info][gc,marking     ] GC(473) Concurrent Mark From Roots
[215.864s][info][gc,task        ] GC(473) Using 1 workers of 1 for marking
[216.326s][info][gc,start       ] GC(474) Pause Young (Normal) (G1 Evacuation Pause)
[216.326s][info][gc,task        ] GC(474) Using 2 workers of 2 for evacuation
[216.469s][info][gc,phases      ] GC(474)   Pre Evacuate Collection Set: 0.33ms
[216.469s][info][gc,phases      ] GC(474)   Merge Heap Roots: 0.60ms
[216.469s][info][gc,phases      ] GC(474)   Evacuate Collection Set: 140.70ms
[216.469s][info][gc,phases      ] GC(474)   Post Evacuate Collection Set: 0.65ms
[216.469s][info][gc,phases      ] GC(474)   Other: 0.10ms
[216.469s][info][gc,heap        ] GC(474) Eden regions: 290->0(248)
[216.469s][info][gc,heap        ] GC(474) Survivor regions: 47->43(43)
[216.469s][info][gc,heap        ] GC(474) Old regions: 507->565
[216.469s][info][gc,heap        ] GC(474) Humongous regions: 8->8
[216.469s][info][gc,metaspace   ] GC(474) Metaspace: 18550K(18688K)->18550K(18688K) NonClass: 16721K(16832K)->16721K(16832K) Class: 1828K(1856K)->1828K(1856K)
[216.469s][info][gc             ] GC(474) Pause Young (Normal) (G1 Evacuation Pause) 851M->615M(978M) 142.690ms
[216.469s][info][gc,cpu         ] GC(474) User=0.28s Sys=0.00s Real=0.14s
[216.863s][info][gc,start       ] GC(475) Pause Young (Normal) (G1 Evacuation Pause)
[216.864s][info][gc,task        ] GC(475) Using 2 workers of 2 for evacuation
[216.927s][info][gc,phases      ] GC(475)   Pre Evacuate Collection Set: 0.54ms
[216.927s][info][gc,phases      ] GC(475)   Merge Heap Roots: 0.30ms
[216.927s][info][gc,phases      ] GC(475)   Evacuate Collection Set: 62.34ms
[216.927s][info][gc,phases      ] GC(475)   Post Evacuate Collection Set: 0.54ms
[216.927s][info][gc,phases      ] GC(475)   Other: 0.12ms
[216.927s][info][gc,heap        ] GC(475) Eden regions: 248->0(259)
[216.927s][info][gc,heap        ] GC(475) Survivor regions: 43->6(37)
[216.927s][info][gc,heap        ] GC(475) Old regions: 565->608
[216.927s][info][gc,heap        ] GC(475) Humongous regions: 8->8
[216.927s][info][gc,metaspace   ] GC(475) Metaspace: 18550K(18688K)->18550K(18688K) NonClass: 16721K(16832K)->16721K(16832K) Class: 1828K(1856K)->1828K(1856K)
[216.928s][info][gc             ] GC(475) Pause Young (Normal) (G1 Evacuation Pause) 863M->621M(978M) 64.086ms
[216.928s][info][gc,cpu         ] GC(475) User=0.13s Sys=0.00s Real=0.06s
[217.029s][info][gc,marking     ] GC(473) Concurrent Mark From Roots 1165.129ms
[217.029s][info][gc,marking     ] GC(473) Concurrent Preclean
[217.029s][info][gc,marking     ] GC(473) Concurrent Preclean 0.036ms
[217.029s][info][gc,start       ] GC(473) Pause Remark
[217.200s][info][gc             ] GC(473) Pause Remark 687M->687M(978M) 171.099ms
[217.200s][info][gc,cpu         ] GC(473) User=0.34s Sys=0.00s Real=0.17s
[217.201s][info][gc,marking     ] GC(473) Concurrent Mark 1336.783ms
[217.201s][info][gc,marking     ] GC(473) Concurrent Rebuild Remembered Sets and Scrub Regions
[217.478s][info][gc,start       ] GC(476) Pause Young (Normal) (G1 Evacuation Pause)
[217.478s][info][gc,task        ] GC(476) Using 2 workers of 2 for evacuation
[217.542s][info][gc,phases      ] GC(476)   Pre Evacuate Collection Set: 0.52ms
[217.543s][info][gc,phases      ] GC(476)   Merge Heap Roots: 0.20ms
[217.543s][info][gc,phases      ] GC(476)   Evacuate Collection Set: 62.90ms
[217.543s][info][gc,phases      ] GC(476)   Post Evacuate Collection Set: 0.71ms
[217.543s][info][gc,phases      ] GC(476)   Other: 0.11ms
[217.543s][info][gc,heap        ] GC(476) Eden regions: 259->0(207)
[217.543s][info][gc,heap        ] GC(476) Survivor regions: 6->34(34)
[217.543s][info][gc,heap        ] GC(476) Old regions: 608->632
[217.543s][info][gc,heap        ] GC(476) Humongous regions: 8->8
[217.543s][info][gc,metaspace   ] GC(476) Metaspace: 18550K(18688K)->18550K(18688K) NonClass: 16721K(16832K)->16721K(16832K) Class: 1828K(1856K)->1828K(1856K)
[217.543s][info][gc             ] GC(476) Pause Young (Normal) (G1 Evacuation Pause) 880M->673M(978M) 64.733ms
[217.543s][info][gc,cpu         ] GC(476) User=0.12s Sys=0.00s Real=0.07s
[217.866s][info][gc,marking     ] GC(473) Concurrent Rebuild Remembered Sets and Scrub Regions 665.616ms
[217.866s][info][gc,start       ] GC(473) Pause Cleanup
[217.867s][info][gc             ] GC(473) Pause Cleanup 866M->866M(978M) 0.144ms
[217.867s][info][gc,cpu         ] GC(473) User=0.00s Sys=0.00s Real=0.00s
[217.867s][info][gc,marking     ] GC(473) Concurrent Clear Claimed Marks
[217.867s][info][gc,marking     ] GC(473) Concurrent Clear Claimed Marks 0.034ms
[217.867s][info][gc,marking     ] GC(473) Concurrent Cleanup for Next Mark
[217.870s][info][gc,marking     ] GC(473) Concurrent Cleanup for Next Mark 2.958ms
[217.870s][info][gc             ] GC(473) Concurrent Mark Cycle 2133.860ms
[217.940s][info][gc,start       ] GC(477) Pause Young (Prepare Mixed) (G1 Evacuation Pause)
[217.940s][info][gc,task        ] GC(477) Using 2 workers of 2 for evacuation
[218.047s][info][gc,phases      ] GC(477)   Pre Evacuate Collection Set: 0.57ms
[218.048s][info][gc,phases      ] GC(477)   Merge Heap Roots: 0.61ms
[218.048s][info][gc,phases      ] GC(477)   Evacuate Collection Set: 105.68ms
[218.048s][info][gc,phases      ] GC(477)   Post Evacuate Collection Set: 0.62ms
[218.048s][info][gc,phases      ] GC(477)   Other: 0.11ms
[218.048s][info][gc,heap        ] GC(477) Eden regions: 207->0(159)
[218.048s][info][gc,heap        ] GC(477) Survivor regions: 34->31(31)
[218.048s][info][gc,heap        ] GC(477) Old regions: 632->691
[218.048s][info][gc,heap        ] GC(477) Humongous regions: 8->8
[218.048s][info][gc,metaspace   ] GC(477) Metaspace: 18550K(18688K)->18550K(18688K) NonClass: 16721K(16832K)->16721K(16832K) Class: 1828K(1856K)->1828K(1856K)
[218.048s][info][gc             ] GC(477) Pause Young (Prepare Mixed) (G1 Evacuation Pause) 880M->729M(978M) 107.863ms
[218.048s][info][gc,cpu         ] GC(477) User=0.21s Sys=0.00s Real=0.11s
[218.317s][info][gc,start       ] GC(478) Pause Young (Mixed) (G1 Evacuation Pause)
[218.317s][info][gc,task        ] GC(478) Using 2 workers of 2 for evacuation
[218.410s][info][gc,phases      ] GC(478)   Pre Evacuate Collection Set: 0.33ms
[218.410s][info][gc,phases      ] GC(478)   Merge Heap Roots: 0.60ms
[218.410s][info][gc,phases      ] GC(478)   Evacuate Collection Set: 91.65ms
[218.410s][info][gc,phases      ] GC(478)   Post Evacuate Collection Set: 0.59ms
[218.410s][info][gc,phases      ] GC(478)   Other: 0.09ms
[218.410s][info][gc,heap        ] GC(478) Eden regions: 159->0(145)
[218.410s][info][gc,heap        ] GC(478) Survivor regions: 31->24(24)
[218.410s][info][gc,heap        ] GC(478) Old regions: 691->714
[218.410s][info][gc,heap        ] GC(478) Humongous regions: 11->11
[218.410s][info][gc,metaspace   ] GC(478) Metaspace: 18550K(18688K)->18550K(18688K) NonClass: 16721K(16832K)->16721K(16832K) Class: 1828K(1856K)->1828K(1856K)
[218.410s][info][gc             ] GC(478) Pause Young (Mixed) (G1 Evacuation Pause) 891M->748M(978M) 93.573ms
[218.410s][info][gc,cpu         ] GC(478) User=0.18s Sys=0.00s Real=0.09s
[218.587s][info][gc,start       ] GC(479) Pause Young (Concurrent Start) (G1 Evacuation Pause)
[218.587s][info][gc,task        ] GC(479) Using 2 workers of 2 for evacuation
[218.670s][info][gc,phases      ] GC(479)   Pre Evacuate Collection Set: 0.33ms
[218.670s][info][gc,phases      ] GC(479)   Merge Heap Roots: 0.35ms
[218.670s][info][gc,phases      ] GC(479)   Evacuate Collection Set: 81.45ms
[218.670s][info][gc,phases      ] GC(479)   Post Evacuate Collection Set: 0.49ms
[218.670s][info][gc,phases      ] GC(479)   Other: 0.12ms
[218.670s][info][gc,heap        ] GC(479) Eden regions: 145->0(122)
[218.670s][info][gc,heap        ] GC(479) Survivor regions: 24->22(22)
[218.670s][info][gc,heap        ] GC(479) Old regions: 714->748
[218.670s][info][gc,heap        ] GC(479) Humongous regions: 11->11
[218.670s][info][gc,metaspace   ] GC(479) Metaspace: 18550K(18688K)->18550K(18688K) NonClass: 16721K(16832K)->16721K(16832K) Class: 1828K(1856K)->1828K(1856K)
[218.670s][info][gc             ] GC(479) Pause Young (Concurrent Start) (G1 Evacuation Pause) 893M->780M(978M) 83.014ms
[218.670s][info][gc,cpu         ] GC(479) User=0.17s Sys=0.00s Real=0.08s
[218.670s][info][gc             ] GC(480) Concurrent Mark Cycle
[218.670s][info][gc,marking     ] GC(480) Concurrent Scan Root Regions
[218.754s][info][gc,marking     ] GC(480) Concurrent Scan Root Regions 83.665ms
[218.754s][info][gc,marking     ] GC(480) Concurrent Mark
[218.754s][info][gc,marking     ] GC(480) Concurrent Mark From Roots
[218.754s][info][gc,task        ] GC(480) Using 1 workers of 1 for marking
[218.909s][info][gc,start       ] GC(481) Pause Young (Normal) (G1 Evacuation Pause)
[218.910s][info][gc,task        ] GC(481) Using 2 workers of 2 for evacuation
[218.948s][info][gc,phases      ] GC(481)   Pre Evacuate Collection Set: 0.31ms
[218.948s][info][gc,phases      ] GC(481)   Merge Heap Roots: 0.22ms
[218.948s][info][gc,phases      ] GC(481)   Evacuate Collection Set: 37.45ms
[218.948s][info][gc,phases      ] GC(481)   Post Evacuate Collection Set: 0.39ms
[218.948s][info][gc,phases      ] GC(481)   Other: 0.08ms
[218.948s][info][gc,heap        ] GC(481) Eden regions: 122->0(124)
[218.948s][info][gc,heap        ] GC(481) Survivor regions: 22->8(18)
[218.948s][info][gc,heap        ] GC(481) Old regions: 748->770
[218.948s][info][gc,heap        ] GC(481) Humongous regions: 11->11
[218.948s][info][gc,metaspace   ] GC(481) Metaspace: 18550K(18688K)->18550K(18688K) NonClass: 16721K(16832K)->16721K(16832K) Class: 1828K(1856K)->1828K(1856K)
[218.948s][info][gc             ] GC(481) Pause Young (Normal) (G1 Evacuation Pause) 902M->788M(978M) 38.730ms
[218.948s][info][gc,cpu         ] GC(481) User=0.08s Sys=0.00s Real=0.04s
[219.148s][info][gc,start       ] GC(482) Pause Young (Normal) (G1 Evacuation Pause)
[219.148s][info][gc,task        ] GC(482) Using 2 workers of 2 for evacuation
[219.164s][info][gc,phases      ] GC(482)   Pre Evacuate Collection Set: 0.56ms
[219.164s][info][gc,phases      ] GC(482)   Merge Heap Roots: 0.21ms
[219.164s][info][gc,phases      ] GC(482)   Evacuate Collection Set: 14.60ms
[219.164s][info][gc,phases      ] GC(482)   Post Evacuate Collection Set: 0.38ms
[219.164s][info][gc,phases      ] GC(482)   Other: 0.08ms
[219.164s][info][gc,heap        ] GC(482) Eden regions: 124->0(129)
[219.164s][info][gc,heap        ] GC(482) Survivor regions: 8->9(17)
[219.164s][info][gc,heap        ] GC(482) Old regions: 770->770
[219.164s][info][gc,heap        ] GC(482) Humongous regions: 11->11
[219.164s][info][gc,metaspace   ] GC(482) Metaspace: 18550K(18688K)->18550K(18688K) NonClass: 16721K(16832K)->16721K(16832K) Class: 1828K(1856K)->1828K(1856K)
[219.164s][info][gc             ] GC(482) Pause Young (Normal) (G1 Evacuation Pause) 912M->789M(978M) 16.078ms
[219.164s][info][gc,cpu         ] GC(482) User=0.03s Sys=0.00s Real=0.02s
[219.393s][info][gc,start       ] GC(483) Pause Young (Normal) (G1 Evacuation Pause)
[219.393s][info][gc,task        ] GC(483) Using 2 workers of 2 for evacuation
[219.417s][info][gc,phases      ] GC(483)   Pre Evacuate Collection Set: 0.56ms
[219.417s][info][gc,phases      ] GC(483)   Merge Heap Roots: 0.23ms
[219.417s][info][gc,phases      ] GC(483)   Evacuate Collection Set: 22.47ms
[219.417s][info][gc,phases      ] GC(483)   Post Evacuate Collection Set: 0.41ms
[219.417s][info][gc,phases      ] GC(483)   Other: 0.10ms
[219.417s][info][gc,heap        ] GC(483) Eden regions: 129->0(121)
[219.417s][info][gc,heap        ] GC(483) Survivor regions: 9->13(18)
[219.417s][info][gc,heap        ] GC(483) Old regions: 770->770
[219.417s][info][gc,heap        ] GC(483) Humongous regions: 11->11
[219.417s][info][gc,metaspace   ] GC(483) Metaspace: 18550K(18688K)->18550K(18688K) NonClass: 16721K(16832K)->16721K(16832K) Class: 1828K(1856K)->1828K(1856K)
[219.417s][info][gc             ] GC(483) Pause Young (Normal) (G1 Evacuation Pause) 918M->793M(978M) 24.040ms
[219.417s][info][gc,cpu         ] GC(483) User=0.05s Sys=0.00s Real=0.02s
[219.674s][info][gc,start       ] GC(484) Pause Young (Normal) (G1 Evacuation Pause)
[219.674s][info][gc,task        ] GC(484) Using 2 workers of 2 for evacuation
[219.706s][info][gc,phases      ] GC(484)   Pre Evacuate Collection Set: 0.33ms
[219.706s][info][gc,phases      ] GC(484)   Merge Heap Roots: 0.21ms
[219.706s][info][gc,phases      ] GC(484)   Evacuate Collection Set: 30.50ms
[219.706s][info][gc,phases      ] GC(484)   Post Evacuate Collection Set: 0.43ms
[219.706s][info][gc,phases      ] GC(484)   Other: 0.09ms
[219.706s][info][gc,heap        ] GC(484) Eden regions: 121->0(109)
[219.706s][info][gc,heap        ] GC(484) Survivor regions: 13->15(17)
[219.706s][info][gc,heap        ] GC(484) Old regions: 770->778
[219.706s][info][gc,heap        ] GC(484) Humongous regions: 11->11
[219.706s][info][gc,metaspace   ] GC(484) Metaspace: 18550K(18688K)->18550K(18688K) NonClass: 16721K(16832K)->16721K(16832K) Class: 1828K(1856K)->1828K(1856K)
[219.706s][info][gc             ] GC(484) Pause Young (Normal) (G1 Evacuation Pause) 914M->803M(978M) 31.793ms
[219.706s][info][gc,cpu         ] GC(484) User=0.06s Sys=0.00s Real=0.03s
[220.037s][info][gc,start       ] GC(485) Pause Young (Normal) (G1 Evacuation Pause)
[220.037s][info][gc,task        ] GC(485) Using 2 workers of 2 for evacuation
[220.072s][info][gc,phases      ] GC(485)   Pre Evacuate Collection Set: 0.30ms
[220.072s][info][gc,phases      ] GC(485)   Merge Heap Roots: 0.17ms
[220.072s][info][gc,phases      ] GC(485)   Evacuate Collection Set: 34.36ms
[220.072s][info][gc,phases      ] GC(485)   Post Evacuate Collection Set: 0.42ms
[220.072s][info][gc,phases      ] GC(485)   Other: 0.08ms
[220.072s][info][gc,heap        ] GC(485) Eden regions: 109->0(96)
[220.072s][info][gc,heap        ] GC(485) Survivor regions: 15->14(16)
[220.072s][info][gc,heap        ] GC(485) Old regions: 778->793
[220.072s][info][gc,heap        ] GC(485) Humongous regions: 11->11
[220.072s][info][gc,metaspace   ] GC(485) Metaspace: 18550K(18688K)->18550K(18688K) NonClass: 16721K(16832K)->16721K(16832K) Class: 1828K(1856K)->1828K(1856K)
[220.072s][info][gc             ] GC(485) Pause Young (Normal) (G1 Evacuation Pause) 912M->817M(978M) 35.579ms
[220.072s][info][gc,cpu         ] GC(485) User=0.07s Sys=0.00s Real=0.03s
[220.326s][info][gc,marking     ] GC(480) Concurrent Mark From Roots 1571.974ms
[220.326s][info][gc,marking     ] GC(480) Concurrent Preclean
[220.326s][info][gc,marking     ] GC(480) Concurrent Preclean 0.045ms
[220.326s][info][gc,start       ] GC(480) Pause Remark
[220.334s][info][gc             ] GC(480) Pause Remark 892M->707M(978M) 7.978ms
[220.334s][info][gc,cpu         ] GC(480) User=0.01s Sys=0.00s Real=0.01s
[220.335s][info][gc,marking     ] GC(480) Concurrent Mark 1581.794ms
[220.335s][info][gc,marking     ] GC(480) Concurrent Rebuild Remembered Sets and Scrub Regions
[220.408s][info][gc,start       ] GC(486) Pause Young (Normal) (G1 Evacuation Pause)
[220.408s][info][gc,task        ] GC(486) Using 2 workers of 2 for evacuation
[220.434s][info][gc,phases      ] GC(486)   Pre Evacuate Collection Set: 0.30ms
[220.434s][info][gc,phases      ] GC(486)   Merge Heap Roots: 0.20ms
[220.434s][info][gc,phases      ] GC(486)   Evacuate Collection Set: 25.30ms
[220.434s][info][gc,phases      ] GC(486)   Post Evacuate Collection Set: 0.38ms
[220.434s][info][gc,phases      ] GC(486)   Other: 0.10ms
[220.434s][info][gc,heap        ] GC(486) Eden regions: 96->0(232)
[220.434s][info][gc,heap        ] GC(486) Survivor regions: 14->6(14)
[220.434s][info][gc,heap        ] GC(486) Old regions: 613->627
[220.434s][info][gc,heap        ] GC(486) Humongous regions: 6->6
[220.434s][info][gc,metaspace   ] GC(486) Metaspace: 18550K(18688K)->18550K(18688K) NonClass: 16721K(16832K)->16721K(16832K) Class: 1828K(1856K)->1828K(1856K)
[220.434s][info][gc             ] GC(486) Pause Young (Normal) (G1 Evacuation Pause) 728M->638M(978M) 26.522ms
[220.434s][info][gc,cpu         ] GC(486) User=0.05s Sys=0.00s Real=0.03s
[220.985s][info][gc,marking     ] GC(480) Concurrent Rebuild Remembered Sets and Scrub Regions 649.789ms
[220.985s][info][gc,start       ] GC(480) Pause Cleanup
[220.986s][info][gc             ] GC(480) Pause Cleanup 741M->741M(978M) 0.152ms
[220.986s][info][gc,cpu         ] GC(480) User=0.00s Sys=0.00s Real=0.00s
[220.986s][info][gc,marking     ] GC(480) Concurrent Clear Claimed Marks
[220.986s][info][gc,marking     ] GC(480) Concurrent Clear Claimed Marks 0.031ms
[220.986s][info][gc,marking     ] GC(480) Concurrent Cleanup for Next Mark
[220.989s][info][gc,marking     ] GC(480) Concurrent Cleanup for Next Mark 2.967ms
[220.989s][info][gc             ] GC(480) Concurrent Mark Cycle 2318.838ms
[221.353s][info][gc,start       ] GC(487) Pause Young (Prepare Mixed) (G1 Evacuation Pause)
[221.353s][info][gc,task        ] GC(487) Using 2 workers of 2 for evacuation
[221.361s][info][gc,phases      ] GC(487)   Pre Evacuate Collection Set: 0.32ms
[221.362s][info][gc,phases      ] GC(487)   Merge Heap Roots: 0.18ms
[221.362s][info][gc,phases      ] GC(487)   Evacuate Collection Set: 7.49ms
[221.362s][info][gc,phases      ] GC(487)   Post Evacuate Collection Set: 0.47ms
[221.362s][info][gc,phases      ] GC(487)   Other: 0.11ms
[221.362s][info][gc,heap        ] GC(487) Eden regions: 232->0(246)
[221.362s][info][gc,heap        ] GC(487) Survivor regions: 6->6(30)
[221.362s][info][gc,heap        ] GC(487) Old regions: 627->627
[221.362s][info][gc,heap        ] GC(487) Humongous regions: 6->6
[221.362s][info][gc,metaspace   ] GC(487) Metaspace: 18550K(18688K)->18550K(18688K) NonClass: 16721K(16832K)->16721K(16832K) Class: 1828K(1856K)->1828K(1856K)
[221.362s][info][gc             ] GC(487) Pause Young (Prepare Mixed) (G1 Evacuation Pause) 870M->638M(978M) 8.808ms
[221.362s][info][gc,cpu         ] GC(487) User=0.01s Sys=0.00s Real=0.00s
[221.996s][info][gc,start       ] GC(488) Pause Young (Mixed) (G1 Evacuation Pause)
[221.996s][info][gc,task        ] GC(488) Using 2 workers of 2 for evacuation
[222.039s][info][gc,phases      ] GC(488)   Pre Evacuate Collection Set: 0.56ms
[222.039s][info][gc,phases      ] GC(488)   Merge Heap Roots: 0.82ms
[222.039s][info][gc,phases      ] GC(488)   Evacuate Collection Set: 40.63ms
[222.039s][info][gc,phases      ] GC(488)   Post Evacuate Collection Set: 0.55ms
[222.039s][info][gc,phases      ] GC(488)   Other: 0.11ms
[222.039s][info][gc,heap        ] GC(488) Eden regions: 246->0(282)
[222.039s][info][gc,heap        ] GC(488) Survivor regions: 6->6(32)
[222.039s][info][gc,heap        ] GC(488) Old regions: 627->588
[222.039s][info][gc,heap        ] GC(488) Humongous regions: 6->6
[222.039s][info][gc,metaspace   ] GC(488) Metaspace: 18550K(18688K)->18550K(18688K) NonClass: 16721K(16832K)->16721K(16832K) Class: 1828K(1856K)->1828K(1856K)
[222.039s][info][gc             ] GC(488) Pause Young (Mixed) (G1 Evacuation Pause) 884M->599M(978M) 42.974ms
[222.039s][info][gc,cpu         ] GC(488) User=0.09s Sys=0.00s Real=0.04s
[222.591s][info][gc,start       ] GC(489) Pause Young (Concurrent Start) (G1 Evacuation Pause)
[222.591s][info][gc,task        ] GC(489) Using 2 workers of 2 for evacuation
[222.644s][info][gc,phases      ] GC(489)   Pre Evacuate Collection Set: 0.36ms
[222.644s][info][gc,phases      ] GC(489)   Merge Heap Roots: 0.42ms
[222.644s][info][gc,phases      ] GC(489)   Evacuate Collection Set: 51.93ms
[222.644s][info][gc,phases      ] GC(489)   Post Evacuate Collection Set: 0.68ms
[222.644s][info][gc,phases      ] GC(489)   Other: 0.14ms
[222.644s][info][gc,heap        ] GC(489) Eden regions: 282->0(251)
[222.644s][info][gc,heap        ] GC(489) Survivor regions: 6->36(36)
[222.644s][info][gc,heap        ] GC(489) Old regions: 588->593
[222.644s][info][gc,heap        ] GC(489) Humongous regions: 6->6
[222.644s][info][gc,metaspace   ] GC(489) Metaspace: 18550K(18688K)->18550K(18688K) NonClass: 16721K(16832K)->16721K(16832K) Class: 1828K(1856K)->1828K(1856K)
[222.645s][info][gc             ] GC(489) Pause Young (Concurrent Start) (G1 Evacuation Pause) 881M->634M(978M) 53.751ms
[222.645s][info][gc             ] GC(490) Concurrent Mark Cycle
[222.645s][info][gc,marking     ] GC(490) Concurrent Scan Root Regions
[222.647s][info][gc,cpu         ] GC(489) User=0.10s Sys=0.00s Real=0.06s
[222.703s][info][gc,marking     ] GC(490) Concurrent Scan Root Regions 58.363ms
[222.703s][info][gc,marking     ] GC(490) Concurrent Mark
[222.703s][info][gc,marking     ] GC(490) Concurrent Mark From Roots
[222.703s][info][gc,task        ] GC(490) Using 1 workers of 1 for marking
[223.280s][info][gc,start       ] GC(491) Pause Young (Normal) (G1 Evacuation Pause)
[223.280s][info][gc,task        ] GC(491) Using 2 workers of 2 for evacuation
[223.363s][info][gc,phases      ] GC(491)   Pre Evacuate Collection Set: 0.55ms
[223.363s][info][gc,phases      ] GC(491)   Merge Heap Roots: 0.22ms
[223.363s][info][gc,phases      ] GC(491)   Evacuate Collection Set: 80.99ms
[223.363s][info][gc,phases      ] GC(491)   Post Evacuate Collection Set: 0.61ms
[223.363s][info][gc,phases      ] GC(491)   Other: 0.11ms
[223.363s][info][gc,heap        ] GC(491) Eden regions: 251->0(214)
[223.363s][info][gc,heap        ] GC(491) Survivor regions: 36->36(36)
[223.363s][info][gc,heap        ] GC(491) Old regions: 593->636
[223.363s][info][gc,heap        ] GC(491) Humongous regions: 6->6
[223.363s][info][gc,metaspace   ] GC(491) Metaspace: 18550K(18688K)->18550K(18688K) NonClass: 16721K(16832K)->16721K(16832K) Class: 1828K(1856K)->1828K(1856K)
[223.363s][info][gc             ] GC(491) Pause Young (Normal) (G1 Evacuation Pause) 885M->677M(978M) 82.753ms
[223.363s][info][gc,cpu         ] GC(491) User=0.16s Sys=0.00s Real=0.09s
[223.917s][info][gc,start       ] GC(492) Pause Young (Normal) (G1 Evacuation Pause)
[223.917s][info][gc,task        ] GC(492) Using 2 workers of 2 for evacuation
[224.030s][info][gc,phases      ] GC(492)   Pre Evacuate Collection Set: 0.30ms
[224.030s][info][gc,phases      ] GC(492)   Merge Heap Roots: 0.72ms
[224.030s][info][gc,phases      ] GC(492)   Evacuate Collection Set: 111.81ms
[224.030s][info][gc,phases      ] GC(492)   Post Evacuate Collection Set: 0.60ms
[224.030s][info][gc,phases      ] GC(492)   Other: 0.12ms
[224.030s][info][gc,heap        ] GC(492) Eden regions: 214->0(175)
[224.030s][info][gc,heap        ] GC(492) Survivor regions: 36->32(32)
[224.030s][info][gc,heap        ] GC(492) Old regions: 636->679
[224.030s][info][gc,heap        ] GC(492) Humongous regions: 9->9
[224.031s][info][gc,metaspace   ] GC(492) Metaspace: 18550K(18688K)->18550K(18688K) NonClass: 16721K(16832K)->16721K(16832K) Class: 1828K(1856K)->1828K(1856K)
[224.031s][info][gc             ] GC(492) Pause Young (Normal) (G1 Evacuation Pause) 894M->719M(978M) 113.799ms
[224.031s][info][gc,cpu         ] GC(492) User=0.23s Sys=0.00s Real=0.11s
[224.355s][info][gc,start       ] GC(493) Pause Young (Normal) (G1 Evacuation Pause)
[224.355s][info][gc,task        ] GC(493) Using 2 workers of 2 for evacuation
[224.433s][info][gc,phases      ] GC(493)   Pre Evacuate Collection Set: 0.33ms
[224.433s][info][gc,phases      ] GC(493)   Merge Heap Roots: 0.34ms
[224.433s][info][gc,phases      ] GC(493)   Evacuate Collection Set: 76.42ms
[224.433s][info][gc,phases      ] GC(493)   Post Evacuate Collection Set: 0.50ms
[224.433s][info][gc,phases      ] GC(493)   Other: 0.10ms
[224.433s][info][gc,heap        ] GC(493) Eden regions: 175->0(158)
[224.433s][info][gc,heap        ] GC(493) Survivor regions: 32->23(26)
[224.433s][info][gc,heap        ] GC(493) Old regions: 679->711
[224.433s][info][gc,heap        ] GC(493) Humongous regions: 9->9
[224.433s][info][gc,metaspace   ] GC(493) Metaspace: 18550K(18688K)->18550K(18688K) NonClass: 16721K(16832K)->16721K(16832K) Class: 1828K(1856K)->1828K(1856K)
[224.433s][info][gc             ] GC(493) Pause Young (Normal) (G1 Evacuation Pause) 894M->742M(978M) 77.946ms
[224.433s][info][gc,cpu         ] GC(493) User=0.16s Sys=0.00s Real=0.08s
[224.676s][info][gc,start       ] GC(494) Pause Young (Normal) (G1 Evacuation Pause)
[224.676s][info][gc,task        ] GC(494) Using 2 workers of 2 for evacuation
[224.708s][info][gc,phases      ] GC(494)   Pre Evacuate Collection Set: 0.34ms
[224.708s][info][gc,phases      ] GC(494)   Merge Heap Roots: 0.22ms
[224.708s][info][gc,phases      ] GC(494)   Evacuate Collection Set: 31.39ms
[224.708s][info][gc,phases      ] GC(494)   Post Evacuate Collection Set: 0.42ms
[224.708s][info][gc,phases      ] GC(494)   Other: 0.10ms
[224.708s][info][gc,heap        ] GC(494) Eden regions: 158->0(168)
[224.708s][info][gc,heap        ] GC(494) Survivor regions: 23->2(23)
[224.708s][info][gc,heap        ] GC(494) Old regions: 711->734
[224.708s][info][gc,heap        ] GC(494) Humongous regions: 9->9
[224.708s][info][gc,metaspace   ] GC(494) Metaspace: 18550K(18688K)->18550K(18688K) NonClass: 16721K(16832K)->16721K(16832K) Class: 1828K(1856K)->1828K(1856K)
[224.708s][info][gc             ] GC(494) Pause Young (Normal) (G1 Evacuation Pause) 900M->743M(978M) 32.755ms
[224.708s][info][gc,cpu         ] GC(494) User=0.06s Sys=0.00s Real=0.03s
[224.755s][info][gc,marking     ] GC(490) Concurrent Mark From Roots 2051.887ms
[224.755s][info][gc,marking     ] GC(490) Concurrent Preclean
[224.755s][info][gc,marking     ] GC(490) Concurrent Preclean 0.040ms
[224.755s][info][gc,start       ] GC(490) Pause Remark
[224.763s][info][gc             ] GC(490) Pause Remark 757M->742M(978M) 7.909ms
[224.763s][info][gc,cpu         ] GC(490) User=0.02s Sys=0.00s Real=0.01s
[224.763s][info][gc,marking     ] GC(490) Concurrent Mark 2060.139ms
[224.763s][info][gc,marking     ] GC(490) Concurrent Rebuild Remembered Sets and Scrub Regions
[224.978s][info][gc,start       ] GC(495) Pause Young (Normal) (G1 Evacuation Pause)
[224.978s][info][gc,task        ] GC(495) Using 2 workers of 2 for evacuation
[225.007s][info][gc,phases      ] GC(495)   Pre Evacuate Collection Set: 0.57ms
[225.007s][info][gc,phases      ] GC(495)   Merge Heap Roots: 0.23ms
[225.007s][info][gc,phases      ] GC(495)   Evacuate Collection Set: 27.43ms
[225.007s][info][gc,phases      ] GC(495)   Post Evacuate Collection Set: 0.47ms
[225.007s][info][gc,phases      ] GC(495)   Other: 0.09ms
[225.007s][info][gc,heap        ] GC(495) Eden regions: 168->0(164)
[225.007s][info][gc,heap        ] GC(495) Survivor regions: 2->18(22)
[225.007s][info][gc,heap        ] GC(495) Old regions: 719->719
[225.007s][info][gc,heap        ] GC(495) Humongous regions: 9->9
[225.007s][info][gc,metaspace   ] GC(495) Metaspace: 18550K(18688K)->18550K(18688K) NonClass: 16722K(16832K)->16722K(16832K) Class: 1828K(1856K)->1828K(1856K)
[225.007s][info][gc             ] GC(495) Pause Young (Normal) (G1 Evacuation Pause) 896M->745M(978M) 29.008ms
[225.007s][info][gc,cpu         ] GC(495) User=0.06s Sys=0.00s Real=0.03s
[225.241s][info][gc,start       ] GC(496) Pause Young (Normal) (G1 Evacuation Pause)
[225.241s][info][gc,task        ] GC(496) Using 2 workers of 2 for evacuation
[225.255s][info][gc,phases      ] GC(496)   Pre Evacuate Collection Set: 0.32ms
[225.255s][info][gc,phases      ] GC(496)   Merge Heap Roots: 0.18ms
[225.255s][info][gc,phases      ] GC(496)   Evacuate Collection Set: 13.14ms
[225.255s][info][gc,phases      ] GC(496)   Post Evacuate Collection Set: 0.43ms
[225.255s][info][gc,phases      ] GC(496)   Other: 0.11ms
[225.255s][info][gc,heap        ] GC(496) Eden regions: 164->0(183)
[225.255s][info][gc,heap        ] GC(496) Survivor regions: 18->1(23)
[225.255s][info][gc,heap        ] GC(496) Old regions: 719->729
[225.255s][info][gc,heap        ] GC(496) Humongous regions: 9->9
[225.255s][info][gc,metaspace   ] GC(496) Metaspace: 18550K(18688K)->18550K(18688K) NonClass: 16722K(16832K)->16722K(16832K) Class: 1828K(1856K)->1828K(1856K)
[225.255s][info][gc             ] GC(496) Pause Young (Normal) (G1 Evacuation Pause) 909M->738M(978M) 14.386ms
[225.255s][info][gc,cpu         ] GC(496) User=0.03s Sys=0.00s Real=0.02s
[225.577s][info][gc,start       ] GC(497) Pause Young (Normal) (G1 Evacuation Pause)
[225.577s][info][gc,task        ] GC(497) Using 2 workers of 2 for evacuation
[225.621s][info][gc,phases      ] GC(497)   Pre Evacuate Collection Set: 0.35ms
[225.621s][info][gc,phases      ] GC(497)   Merge Heap Roots: 0.12ms
[225.621s][info][gc,phases      ] GC(497)   Evacuate Collection Set: 42.89ms
[225.621s][info][gc,phases      ] GC(497)   Post Evacuate Collection Set: 0.54ms
[225.621s][info][gc,phases      ] GC(497)   Other: 0.09ms
[225.621s][info][gc,heap        ] GC(497) Eden regions: 183->0(131)
[225.621s][info][gc,heap        ] GC(497) Survivor regions: 1->23(23)
[225.621s][info][gc,heap        ] GC(497) Old regions: 729->742
[225.621s][info][gc,heap        ] GC(497) Humongous regions: 9->9
[225.621s][info][gc,metaspace   ] GC(497) Metaspace: 18555K(18688K)->18555K(18688K) NonClass: 16726K(16832K)->16726K(16832K) Class: 1828K(1856K)->1828K(1856K)
[225.621s][info][gc             ] GC(497) Pause Young (Normal) (G1 Evacuation Pause) 921M->773M(978M) 44.233ms
[225.621s][info][gc,cpu         ] GC(497) User=0.09s Sys=0.00s Real=0.04s
[225.628s][info][gc,marking     ] GC(490) Concurrent Rebuild Remembered Sets and Scrub Regions 864.554ms
[225.628s][info][gc,start       ] GC(490) Pause Cleanup
[225.628s][info][gc             ] GC(490) Pause Cleanup 778M->778M(978M) 0.128ms
[225.628s][info][gc,cpu         ] GC(490) User=0.00s Sys=0.00s Real=0.00s
[225.628s][info][gc,marking     ] GC(490) Concurrent Clear Claimed Marks
[225.628s][info][gc,marking     ] GC(490) Concurrent Clear Claimed Marks 0.036ms
[225.628s][info][gc,marking     ] GC(490) Concurrent Cleanup for Next Mark
[225.633s][info][gc,marking     ] GC(490) Concurrent Cleanup for Next Mark 4.981ms
[225.633s][info][gc             ] GC(490) Concurrent Mark Cycle 2988.591ms
[225.731s][info][gc,start       ] GC(498) Pause Young (Prepare Mixed) (G1 Evacuation Pause)
[225.731s][info][gc,task        ] GC(498) Using 2 workers of 2 for evacuation
[225.797s][info][gc,phases      ] GC(498)   Pre Evacuate Collection Set: 0.31ms
[225.797s][info][gc,phases      ] GC(498)   Merge Heap Roots: 0.39ms
[225.797s][info][gc,phases      ] GC(498)   Evacuate Collection Set: 65.10ms
[225.797s][info][gc,phases      ] GC(498)   Post Evacuate Collection Set: 0.55ms
[225.797s][info][gc,phases      ] GC(498)   Other: 0.09ms
[225.797s][info][gc,heap        ] GC(498) Eden regions: 131->0(111)
[225.797s][info][gc,heap        ] GC(498) Survivor regions: 23->20(20)
[225.797s][info][gc,heap        ] GC(498) Old regions: 742->768
[225.797s][info][gc,heap        ] GC(498) Humongous regions: 9->9
[225.797s][info][gc,metaspace   ] GC(498) Metaspace: 18555K(18688K)->18555K(18688K) NonClass: 16726K(16832K)->16726K(16832K) Class: 1828K(1856K)->1828K(1856K)
[225.797s][info][gc             ] GC(498) Pause Young (Prepare Mixed) (G1 Evacuation Pause) 904M->796M(978M) 66.725ms
[225.797s][info][gc,cpu         ] GC(498) User=0.13s Sys=0.00s Real=0.07s
[225.926s][info][gc,start       ] GC(499) Pause Young (Mixed) (G1 Evacuation Pause)
[225.926s][info][gc,task        ] GC(499) Using 2 workers of 2 for evacuation
[225.967s][info][gc,phases      ] GC(499)   Pre Evacuate Collection Set: 0.58ms
[225.967s][info][gc,phases      ] GC(499)   Merge Heap Roots: 0.33ms
[225.967s][info][gc,phases      ] GC(499)   Evacuate Collection Set: 39.14ms
[225.967s][info][gc,phases      ] GC(499)   Post Evacuate Collection Set: 0.43ms
[225.967s][info][gc,phases      ] GC(499)   Other: 0.08ms
[225.967s][info][gc,heap        ] GC(499) Eden regions: 111->0(133)
[225.967s][info][gc,heap        ] GC(499) Survivor regions: 20->5(17)
[225.967s][info][gc,heap        ] GC(499) Old regions: 768->775
[225.967s][info][gc,heap        ] GC(499) Humongous regions: 9->9
[225.967s][info][gc,metaspace   ] GC(499) Metaspace: 18555K(18688K)->18555K(18688K) NonClass: 16726K(16832K)->16726K(16832K) Class: 1828K(1856K)->1828K(1856K)
[225.967s][info][gc             ] GC(499) Pause Young (Mixed) (G1 Evacuation Pause) 907M->788M(978M) 40.821ms
[225.967s][info][gc,cpu         ] GC(499) User=0.08s Sys=0.00s Real=0.04s
[226.354s][info][gc,start       ] GC(500) Pause Young (Concurrent Start) (G1 Evacuation Pause)
[226.354s][info][gc,task        ] GC(500) Using 2 workers of 2 for evacuation
[226.366s][info][gc,phases      ] GC(500)   Pre Evacuate Collection Set: 0.33ms
[226.366s][info][gc,phases      ] GC(500)   Merge Heap Roots: 0.13ms
[226.366s][info][gc,phases      ] GC(500)   Evacuate Collection Set: 11.21ms
[226.366s][info][gc,phases      ] GC(500)   Post Evacuate Collection Set: 0.45ms
[226.366s][info][gc,phases      ] GC(500)   Other: 0.13ms
[226.366s][info][gc,heap        ] GC(500) Eden regions: 133->0(126)
[226.366s][info][gc,heap        ] GC(500) Survivor regions: 5->9(18)
[226.366s][info][gc,heap        ] GC(500) Old regions: 775->775
[226.366s][info][gc,heap        ] GC(500) Humongous regions: 9->9
[226.366s][info][gc,metaspace   ] GC(500) Metaspace: 18558K(18688K)->18558K(18688K) NonClass: 16730K(16832K)->16730K(16832K) Class: 1828K(1856K)->1828K(1856K)
[226.366s][info][gc             ] GC(500) Pause Young (Concurrent Start) (G1 Evacuation Pause) 921M->791M(978M) 12.544ms
[226.366s][info][gc             ] GC(501) Concurrent Mark Cycle
[226.366s][info][gc,marking     ] GC(501) Concurrent Scan Root Regions
[226.369s][info][gc,cpu         ] GC(500) User=0.03s Sys=0.00s Real=0.01s
[226.383s][info][gc,marking     ] GC(501) Concurrent Scan Root Regions 16.779ms
[226.383s][info][gc,marking     ] GC(501) Concurrent Mark
[226.383s][info][gc,marking     ] GC(501) Concurrent Mark From Roots
[226.383s][info][gc,task        ] GC(501) Using 1 workers of 1 for marking
[226.894s][info][gc,start       ] GC(502) Pause Young (Normal) (G1 Evacuation Pause)
[226.894s][info][gc,task        ] GC(502) Using 2 workers of 2 for evacuation
[226.911s][info][gc,phases      ] GC(502)   Pre Evacuate Collection Set: 0.30ms
[226.911s][info][gc,phases      ] GC(502)   Merge Heap Roots: 0.13ms
[226.911s][info][gc,phases      ] GC(502)   Evacuate Collection Set: 16.25ms
[226.911s][info][gc,phases      ] GC(502)   Post Evacuate Collection Set: 0.42ms
[226.911s][info][gc,phases      ] GC(502)   Other: 0.11ms
[226.911s][info][gc,heap        ] GC(502) Eden regions: 126->0(116)
[226.911s][info][gc,heap        ] GC(502) Survivor regions: 9->14(17)
[226.911s][info][gc,heap        ] GC(502) Old regions: 775->775
[226.911s][info][gc,heap        ] GC(502) Humongous regions: 9->9
[226.911s][info][gc,metaspace   ] GC(502) Metaspace: 18561K(18688K)->18561K(18688K) NonClass: 16732K(16832K)->16732K(16832K) Class: 1828K(1856K)->1828K(1856K)
[226.911s][info][gc             ] GC(502) Pause Young (Normal) (G1 Evacuation Pause) 917M->796M(978M) 17.451ms
[226.911s][info][gc,cpu         ] GC(502) User=0.03s Sys=0.00s Real=0.01s
[227.151s][info][gc,start       ] GC(503) Pause Young (Normal) (G1 Evacuation Pause)
[227.151s][info][gc,task        ] GC(503) Using 2 workers of 2 for evacuation
[227.180s][info][gc,phases      ] GC(503)   Pre Evacuate Collection Set: 0.55ms
[227.181s][info][gc,phases      ] GC(503)   Merge Heap Roots: 0.12ms
[227.181s][info][gc,phases      ] GC(503)   Evacuate Collection Set: 28.40ms
[227.181s][info][gc,phases      ] GC(503)   Post Evacuate Collection Set: 0.44ms
[227.181s][info][gc,phases      ] GC(503)   Other: 0.11ms
[227.181s][info][gc,heap        ] GC(503) Eden regions: 116->0(102)
[227.181s][info][gc,heap        ] GC(503) Survivor regions: 14->17(17)
[227.181s][info][gc,heap        ] GC(503) Old regions: 775->783
[227.181s][info][gc,heap        ] GC(503) Humongous regions: 9->9
[227.181s][info][gc,metaspace   ] GC(503) Metaspace: 18561K(18688K)->18561K(18688K) NonClass: 16732K(16832K)->16732K(16832K) Class: 1828K(1856K)->1828K(1856K)
[227.181s][info][gc             ] GC(503) Pause Young (Normal) (G1 Evacuation Pause) 912M->808M(978M) 29.924ms
[227.181s][info][gc,cpu         ] GC(503) User=0.06s Sys=0.00s Real=0.03s
[227.372s][info][gc,start       ] GC(504) Pause Young (Normal) (G1 Evacuation Pause)
[227.372s][info][gc,task        ] GC(504) Using 2 workers of 2 for evacuation
[227.414s][info][gc,phases      ] GC(504)   Pre Evacuate Collection Set: 0.58ms
[227.414s][info][gc,phases      ] GC(504)   Merge Heap Roots: 0.11ms
[227.414s][info][gc,phases      ] GC(504)   Evacuate Collection Set: 40.69ms
[227.414s][info][gc,phases      ] GC(504)   Post Evacuate Collection Set: 0.45ms
[227.414s][info][gc,phases      ] GC(504)   Other: 0.11ms
[227.414s][info][gc,heap        ] GC(504) Eden regions: 102->0(80)
[227.414s][info][gc,heap        ] GC(504) Survivor regions: 17->15(15)
[227.414s][info][gc,heap        ] GC(504) Old regions: 783->809
[227.414s][info][gc,heap        ] GC(504) Humongous regions: 9->9
[227.414s][info][gc,metaspace   ] GC(504) Metaspace: 18561K(18688K)->18561K(18688K) NonClass: 16732K(16832K)->16732K(16832K) Class: 1828K(1856K)->1828K(1856K)
[227.414s][info][gc             ] GC(504) Pause Young (Normal) (G1 Evacuation Pause) 910M->832M(978M) 42.213ms
[227.414s][info][gc,cpu         ] GC(504) User=0.08s Sys=0.00s Real=0.05s
[227.518s][info][gc,start       ] GC(505) Pause Young (Normal) (G1 Evacuation Pause)
[227.518s][info][gc,task        ] GC(505) Using 2 workers of 2 for evacuation
[227.564s][info][gc,phases      ] GC(505)   Pre Evacuate Collection Set: 0.56ms
[227.564s][info][gc,phases      ] GC(505)   Merge Heap Roots: 0.18ms
[227.564s][info][gc,phases      ] GC(505)   Evacuate Collection Set: 44.84ms
[227.564s][info][gc,phases      ] GC(505)   Post Evacuate Collection Set: 0.44ms
[227.564s][info][gc,phases      ] GC(505)   Other: 0.10ms
[227.564s][info][gc,heap        ] GC(505) Eden regions: 80->0(54)
[227.564s][info][gc,heap        ] GC(505) Survivor regions: 15->12(12)
[227.564s][info][gc,heap        ] GC(505) Old regions: 809->841
[227.564s][info][gc,heap        ] GC(505) Humongous regions: 9->9
[227.564s][info][gc,metaspace   ] GC(505) Metaspace: 18561K(18688K)->18561K(18688K) NonClass: 16732K(16832K)->16732K(16832K) Class: 1828K(1856K)->1828K(1856K)
[227.564s][info][gc             ] GC(505) Pause Young (Normal) (G1 Evacuation Pause) 912M->861M(978M) 46.370ms
[227.564s][info][gc,cpu         ] GC(505) User=0.09s Sys=0.00s Real=0.05s
[227.697s][info][gc,start       ] GC(506) Pause Young (Normal) (G1 Evacuation Pause)
[227.698s][info][gc,task        ] GC(506) Using 2 workers of 2 for evacuation
[227.729s][info][gc,phases      ] GC(506)   Pre Evacuate Collection Set: 0.30ms
[227.729s][info][gc,phases      ] GC(506)   Merge Heap Roots: 0.24ms
[227.729s][info][gc,phases      ] GC(506)   Evacuate Collection Set: 30.13ms
[227.729s][info][gc,phases      ] GC(506)   Post Evacuate Collection Set: 0.38ms
[227.729s][info][gc,phases      ] GC(506)   Other: 0.11ms
[227.729s][info][gc,heap        ] GC(506) Eden regions: 54->0(41)
[227.729s][info][gc,heap        ] GC(506) Survivor regions: 12->9(9)
[227.729s][info][gc,heap        ] GC(506) Old regions: 841->860
[227.729s][info][gc,heap        ] GC(506) Humongous regions: 9->9
[227.729s][info][gc,metaspace   ] GC(506) Metaspace: 18561K(18688K)->18561K(18688K) NonClass: 16732K(16832K)->16732K(16832K) Class: 1828K(1856K)->1828K(1856K)
[227.729s][info][gc             ] GC(506) Pause Young (Normal) (G1 Evacuation Pause) 915M->877M(978M) 31.469ms
[227.729s][info][gc,cpu         ] GC(506) User=0.06s Sys=0.00s Real=0.03s
[227.888s][info][gc,start       ] GC(507) Pause Young (Normal) (G1 Evacuation Pause)
[227.888s][info][gc,task        ] GC(507) Using 2 workers of 2 for evacuation
[227.907s][info][gc,phases      ] GC(507)   Pre Evacuate Collection Set: 0.52ms
[227.907s][info][gc,phases      ] GC(507)   Merge Heap Roots: 0.18ms
[227.907s][info][gc,phases      ] GC(507)   Evacuate Collection Set: 18.48ms
[227.907s][info][gc,phases      ] GC(507)   Post Evacuate Collection Set: 0.34ms
[227.907s][info][gc,phases      ] GC(507)   Other: 0.10ms
[227.907s][info][gc,heap        ] GC(507) Eden regions: 41->0(41)
[227.907s][info][gc,heap        ] GC(507) Survivor regions: 9->7(7)
[227.907s][info][gc,heap        ] GC(507) Old regions: 860->869
[227.907s][info][gc,heap        ] GC(507) Humongous regions: 9->9
[227.907s][info][gc,metaspace   ] GC(507) Metaspace: 18561K(18688K)->18561K(18688K) NonClass: 16732K(16832K)->16732K(16832K) Class: 1828K(1856K)->1828K(1856K)
[227.907s][info][gc             ] GC(507) Pause Young (Normal) (G1 Evacuation Pause) 918M->884M(978M) 19.875ms
[227.907s][info][gc,cpu         ] GC(507) User=0.03s Sys=0.00s Real=0.02s
[227.997s][info][gc,marking     ] GC(501) Concurrent Mark From Roots 1613.707ms
[227.997s][info][gc,marking     ] GC(501) Concurrent Preclean
[227.997s][info][gc,marking     ] GC(501) Concurrent Preclean 0.048ms
[227.997s][info][gc,start       ] GC(501) Pause Remark
[228.005s][info][gc             ] GC(501) Pause Remark 906M->633M(978M) 8.119ms
[228.005s][info][gc,cpu         ] GC(501) User=0.01s Sys=0.00s Real=0.01s
[228.005s][info][gc,marking     ] GC(501) Concurrent Mark 1622.212ms
[228.005s][info][gc,marking     ] GC(501) Concurrent Rebuild Remembered Sets and Scrub Regions
[228.045s][info][gc,start       ] GC(508) Pause Young (Normal) (G1 Evacuation Pause)
[228.045s][info][gc,task        ] GC(508) Using 2 workers of 2 for evacuation
[228.058s][info][gc,phases      ] GC(508)   Pre Evacuate Collection Set: 0.53ms
[228.058s][info][gc,phases      ] GC(508)   Merge Heap Roots: 0.14ms
[228.058s][info][gc,phases      ] GC(508)   Evacuate Collection Set: 11.89ms
[228.058s][info][gc,phases      ] GC(508)   Post Evacuate Collection Set: 0.35ms
[228.058s][info][gc,phases      ] GC(508)   Other: 0.11ms
[228.058s][info][gc,heap        ] GC(508) Eden regions: 41->0(262)
[228.058s][info][gc,heap        ] GC(508) Survivor regions: 7->2(6)
[228.058s][info][gc,heap        ] GC(508) Old regions: 601->609
[228.058s][info][gc,heap        ] GC(508) Humongous regions: 4->4
[228.058s][info][gc,metaspace   ] GC(508) Metaspace: 18561K(18688K)->18561K(18688K) NonClass: 16732K(16832K)->16732K(16832K) Class: 1828K(1856K)->1828K(1856K)
[228.058s][info][gc             ] GC(508) Pause Young (Normal) (G1 Evacuation Pause) 652M->614M(978M) 13.269ms
[228.058s][info][gc,cpu         ] GC(508) User=0.03s Sys=0.00s Real=0.01s
[228.556s][info][gc,marking     ] GC(501) Concurrent Rebuild Remembered Sets and Scrub Regions 551.184ms
[228.557s][info][gc,start       ] GC(501) Pause Cleanup
[228.557s][info][gc             ] GC(501) Pause Cleanup 860M->860M(978M) 0.175ms
[228.557s][info][gc,cpu         ] GC(501) User=0.00s Sys=0.00s Real=0.00s
[228.557s][info][gc,marking     ] GC(501) Concurrent Clear Claimed Marks
[228.557s][info][gc,marking     ] GC(501) Concurrent Clear Claimed Marks 0.039ms
[228.557s][info][gc,marking     ] GC(501) Concurrent Cleanup for Next Mark
[228.564s][info][gc,marking     ] GC(501) Concurrent Cleanup for Next Mark 6.292ms
[228.564s][info][gc             ] GC(501) Concurrent Mark Cycle 2197.662ms
[228.579s][info][gc,start       ] GC(509) Pause Young (Prepare Mixed) (G1 Evacuation Pause)
[228.579s][info][gc,task        ] GC(509) Using 2 workers of 2 for evacuation
[228.653s][info][gc,phases      ] GC(509)   Pre Evacuate Collection Set: 0.30ms
[228.653s][info][gc,phases      ] GC(509)   Merge Heap Roots: 0.56ms
[228.653s][info][gc,phases      ] GC(509)   Evacuate Collection Set: 72.62ms
[228.653s][info][gc,phases      ] GC(509)   Post Evacuate Collection Set: 0.62ms
[228.653s][info][gc,phases      ] GC(509)   Other: 0.10ms
[228.653s][info][gc,heap        ] GC(509) Eden regions: 262->0(216)
[228.653s][info][gc,heap        ] GC(509) Survivor regions: 2->33(33)
[228.653s][info][gc,heap        ] GC(509) Old regions: 609->620
[228.654s][info][gc,heap        ] GC(509) Humongous regions: 7->7
[228.654s][info][gc,metaspace   ] GC(509) Metaspace: 18561K(18688K)->18561K(18688K) NonClass: 16732K(16832K)->16732K(16832K) Class: 1828K(1856K)->1828K(1856K)
[228.654s][info][gc             ] GC(509) Pause Young (Prepare Mixed) (G1 Evacuation Pause) 879M->659M(978M) 74.462ms
[228.654s][info][gc,cpu         ] GC(509) User=0.15s Sys=0.00s Real=0.08s
[228.880s][info][gc,start       ] GC(510) Pause Young (Mixed) (G1 Evacuation Pause)
[228.880s][info][gc,task        ] GC(510) Using 2 workers of 2 for evacuation
[228.957s][info][gc,phases      ] GC(510)   Pre Evacuate Collection Set: 0.56ms
[228.957s][info][gc,phases      ] GC(510)   Merge Heap Roots: 0.42ms
[228.957s][info][gc,phases      ] GC(510)   Evacuate Collection Set: 75.05ms
[228.957s][info][gc,phases      ] GC(510)   Post Evacuate Collection Set: 0.57ms
[228.957s][info][gc,phases      ] GC(510)   Other: 0.10ms
[228.957s][info][gc,heap        ] GC(510) Eden regions: 216->0(257)
[228.957s][info][gc,heap        ] GC(510) Survivor regions: 33->19(32)
[228.957s][info][gc,heap        ] GC(510) Old regions: 620->588
[228.957s][info][gc,heap        ] GC(510) Humongous regions: 7->7
[228.957s][info][gc,metaspace   ] GC(510) Metaspace: 18561K(18688K)->18561K(18688K) NonClass: 16732K(16832K)->16732K(16832K) Class: 1828K(1856K)->1828K(1856K)
[228.957s][info][gc             ] GC(510) Pause Young (Mixed) (G1 Evacuation Pause) 875M->612M(978M) 76.957ms
[228.957s][info][gc,cpu         ] GC(510) User=0.15s Sys=0.00s Real=0.08s
[229.252s][info][gc,start       ] GC(511) Pause Young (Concurrent Start) (G1 Evacuation Pause)
[229.253s][info][gc,task        ] GC(511) Using 2 workers of 2 for evacuation
[229.288s][info][gc,phases      ] GC(511)   Pre Evacuate Collection Set: 0.48ms
[229.288s][info][gc,phases      ] GC(511)   Merge Heap Roots: 0.40ms
[229.288s][info][gc,phases      ] GC(511)   Evacuate Collection Set: 33.91ms
[229.288s][info][gc,phases      ] GC(511)   Post Evacuate Collection Set: 0.71ms
[229.288s][info][gc,phases      ] GC(511)   Other: 0.24ms
[229.288s][info][gc,heap        ] GC(511) Eden regions: 257->0(270)
[229.288s][info][gc,heap        ] GC(511) Survivor regions: 19->5(35)
[229.288s][info][gc,heap        ] GC(511) Old regions: 588->606
[229.288s][info][gc,heap        ] GC(511) Humongous regions: 7->7
[229.288s][info][gc,metaspace   ] GC(511) Metaspace: 18561K(18688K)->18561K(18688K) NonClass: 16732K(16832K)->16732K(16832K) Class: 1828K(1856K)->1828K(1856K)
[229.288s][info][gc             ] GC(511) Pause Young (Concurrent Start) (G1 Evacuation Pause) 869M->617M(978M) 36.025ms
[229.289s][info][gc,cpu         ] GC(511) User=0.07s Sys=0.00s Real=0.04s
[229.289s][info][gc             ] GC(512) Concurrent Mark Cycle
[229.289s][info][gc,marking     ] GC(512) Concurrent Scan Root Regions
[229.340s][info][gc,marking     ] GC(512) Concurrent Scan Root Regions 51.683ms
[229.340s][info][gc,marking     ] GC(512) Concurrent Mark
[229.340s][info][gc,marking     ] GC(512) Concurrent Mark From Roots
[229.340s][info][gc,task        ] GC(512) Using 1 workers of 1 for marking
[230.007s][info][gc,start       ] GC(513) Pause Young (Normal) (G1 Evacuation Pause)
[230.007s][info][gc,task        ] GC(513) Using 2 workers of 2 for evacuation
[230.055s][info][gc,phases      ] GC(513)   Pre Evacuate Collection Set: 0.55ms
[230.055s][info][gc,phases      ] GC(513)   Merge Heap Roots: 0.31ms
[230.055s][info][gc,phases      ] GC(513)   Evacuate Collection Set: 46.25ms
[230.055s][info][gc,phases      ] GC(513)   Post Evacuate Collection Set: 0.56ms
[230.055s][info][gc,phases      ] GC(513)   Other: 0.10ms
[230.055s][info][gc,heap        ] GC(513) Eden regions: 270->0(242)
[230.055s][info][gc,heap        ] GC(513) Survivor regions: 5->34(35)
[230.055s][info][gc,heap        ] GC(513) Old regions: 606->606
[230.055s][info][gc,heap        ] GC(513) Humongous regions: 7->7
[230.055s][info][gc,metaspace   ] GC(513) Metaspace: 18561K(18688K)->18561K(18688K) NonClass: 16732K(16832K)->16732K(16832K) Class: 1828K(1856K)->1828K(1856K)
[230.055s][info][gc             ] GC(513) Pause Young (Normal) (G1 Evacuation Pause) 887M->646M(978M) 48.052ms
[230.055s][info][gc,cpu         ] GC(513) User=0.10s Sys=0.00s Real=0.05s
[231.009s][info][gc,marking     ] GC(512) Concurrent Mark From Roots 1669.082ms
[231.010s][info][gc,marking     ] GC(512) Concurrent Preclean
[231.010s][info][gc,marking     ] GC(512) Concurrent Preclean 0.039ms
[231.011s][info][gc,start       ] GC(512) Pause Remark
[231.019s][info][gc             ] GC(512) Pause Remark 831M->796M(978M) 8.128ms
[231.019s][info][gc,cpu         ] GC(512) User=0.02s Sys=0.00s Real=0.01s
[231.021s][info][gc,marking     ] GC(512) Concurrent Mark 1680.257ms
[231.021s][info][gc,marking     ] GC(512) Concurrent Rebuild Remembered Sets and Scrub Regions
[231.154s][info][gc,start       ] GC(514) Pause Young (Normal) (G1 Evacuation Pause)
[231.154s][info][gc,task        ] GC(514) Using 2 workers of 2 for evacuation
[231.221s][info][gc,phases      ] GC(514)   Pre Evacuate Collection Set: 0.54ms
[231.221s][info][gc,phases      ] GC(514)   Merge Heap Roots: 0.50ms
[231.222s][info][gc,phases      ] GC(514)   Evacuate Collection Set: 65.32ms
[231.222s][info][gc,phases      ] GC(514)   Post Evacuate Collection Set: 0.55ms
[231.222s][info][gc,phases      ] GC(514)   Other: 0.09ms
[231.222s][info][gc,heap        ] GC(514) Eden regions: 242->0(263)
[231.222s][info][gc,heap        ] GC(514) Survivor regions: 34->17(35)
[231.222s][info][gc,heap        ] GC(514) Old regions: 572->606
[231.222s][info][gc,heap        ] GC(514) Humongous regions: 6->6
[231.222s][info][gc,metaspace   ] GC(514) Metaspace: 18561K(18688K)->18561K(18688K) NonClass: 16732K(16832K)->16732K(16832K) Class: 1828K(1856K)->1828K(1856K)
[231.222s][info][gc             ] GC(514) Pause Young (Normal) (G1 Evacuation Pause) 853M->627M(978M) 67.255ms
[231.222s][info][gc,cpu         ] GC(514) User=0.14s Sys=0.00s Real=0.06s
[231.643s][info][gc,marking     ] GC(512) Concurrent Rebuild Remembered Sets and Scrub Regions 622.544ms
[231.643s][info][gc,start       ] GC(512) Pause Cleanup
[231.643s][info][gc             ] GC(512) Pause Cleanup 826M->826M(978M) 0.128ms
[231.644s][info][gc,cpu         ] GC(512) User=0.00s Sys=0.00s Real=0.00s
[231.644s][info][gc,marking     ] GC(512) Concurrent Clear Claimed Marks
[231.644s][info][gc,marking     ] GC(512) Concurrent Clear Claimed Marks 0.042ms
[231.644s][info][gc,marking     ] GC(512) Concurrent Cleanup for Next Mark
[231.647s][info][gc,marking     ] GC(512) Concurrent Cleanup for Next Mark 2.933ms
[231.647s][info][gc             ] GC(512) Concurrent Mark Cycle 2358.048ms
[231.763s][info][gc,start       ] GC(515) Pause Young (Prepare Mixed) (G1 Evacuation Pause)
[231.763s][info][gc,task        ] GC(515) Using 2 workers of 2 for evacuation
[231.828s][info][gc,phases      ] GC(515)   Pre Evacuate Collection Set: 0.34ms
[231.828s][info][gc,phases      ] GC(515)   Merge Heap Roots: 0.15ms
[231.828s][info][gc,phases      ] GC(515)   Evacuate Collection Set: 63.68ms
[231.828s][info][gc,phases      ] GC(515)   Post Evacuate Collection Set: 0.67ms
[231.828s][info][gc,phases      ] GC(515)   Other: 0.11ms
[231.828s][info][gc,heap        ] GC(515) Eden regions: 263->0(227)
[231.828s][info][gc,heap        ] GC(515) Survivor regions: 17->35(35)
[231.828s][info][gc,heap        ] GC(515) Old regions: 606->624
[231.828s][info][gc,heap        ] GC(515) Humongous regions: 7->7
[231.828s][info][gc,metaspace   ] GC(515) Metaspace: 18561K(18688K)->18561K(18688K) NonClass: 16733K(16832K)->16733K(16832K) Class: 1828K(1856K)->1828K(1856K)
[231.828s][info][gc             ] GC(515) Pause Young (Prepare Mixed) (G1 Evacuation Pause) 891M->665M(978M) 65.243ms
[231.828s][info][gc,cpu         ] GC(515) User=0.13s Sys=0.00s Real=0.06s
[232.206s][info][gc,start       ] GC(516) Pause Young (Mixed) (G1 Evacuation Pause)
[232.206s][info][gc,task        ] GC(516) Using 2 workers of 2 for evacuation
[232.281s][info][gc,phases      ] GC(516)   Pre Evacuate Collection Set: 0.32ms
[232.281s][info][gc,phases      ] GC(516)   Merge Heap Roots: 0.47ms
[232.281s][info][gc,phases      ] GC(516)   Evacuate Collection Set: 73.52ms
[232.281s][info][gc,phases      ] GC(516)   Post Evacuate Collection Set: 0.64ms
[232.281s][info][gc,phases      ] GC(516)   Other: 0.11ms
[232.281s][info][gc,heap        ] GC(516) Eden regions: 227->0(240)
[232.281s][info][gc,heap        ] GC(516) Survivor regions: 35->14(33)
[232.281s][info][gc,heap        ] GC(516) Old regions: 624->635
[232.281s][info][gc,heap        ] GC(516) Humongous regions: 7->7
[232.281s][info][gc,metaspace   ] GC(516) Metaspace: 18561K(18688K)->18561K(18688K) NonClass: 16733K(16832K)->16733K(16832K) Class: 1828K(1856K)->1828K(1856K)
[232.281s][info][gc             ] GC(516) Pause Young (Mixed) (G1 Evacuation Pause) 892M->655M(978M) 75.323ms
[232.281s][info][gc,cpu         ] GC(516) User=0.15s Sys=0.00s Real=0.07s
[232.542s][info][gc,start       ] GC(517) Pause Young (Concurrent Start) (G1 Evacuation Pause)
[232.542s][info][gc,task        ] GC(517) Using 2 workers of 2 for evacuation
[232.572s][info][gc,phases      ] GC(517)   Pre Evacuate Collection Set: 0.37ms
[232.572s][info][gc,phases      ] GC(517)   Merge Heap Roots: 0.15ms
[232.572s][info][gc,phases      ] GC(517)   Evacuate Collection Set: 28.51ms
[232.572s][info][gc,phases      ] GC(517)   Post Evacuate Collection Set: 0.54ms
[232.572s][info][gc,phases      ] GC(517)   Other: 0.21ms
[232.572s][info][gc,heap        ] GC(517) Eden regions: 240->0(234)
[232.572s][info][gc,heap        ] GC(517) Survivor regions: 14->26(32)
[232.572s][info][gc,heap        ] GC(517) Old regions: 635->635
[232.572s][info][gc,heap        ] GC(517) Humongous regions: 7->7
[232.572s][info][gc,metaspace   ] GC(517) Metaspace: 18561K(18688K)->18561K(18688K) NonClass: 16733K(16832K)->16733K(16832K) Class: 1828K(1856K)->1828K(1856K)
[232.572s][info][gc             ] GC(517) Pause Young (Concurrent Start) (G1 Evacuation Pause) 895M->666M(978M) 30.010ms
[232.572s][info][gc,cpu         ] GC(517) User=0.06s Sys=0.00s Real=0.03s
[232.572s][info][gc             ] GC(518) Concurrent Mark Cycle
[232.572s][info][gc,marking     ] GC(518) Concurrent Scan Root Regions
[232.624s][info][gc,marking     ] GC(518) Concurrent Scan Root Regions 52.183ms
[232.624s][info][gc,marking     ] GC(518) Concurrent Mark
[232.624s][info][gc,marking     ] GC(518) Concurrent Mark From Roots
[232.624s][info][gc,task        ] GC(518) Using 1 workers of 1 for marking
[233.258s][info][gc,start       ] GC(519) Pause Young (Normal) (G1 Evacuation Pause)
[233.258s][info][gc,task        ] GC(519) Using 2 workers of 2 for evacuation
[233.306s][info][gc,phases      ] GC(519)   Pre Evacuate Collection Set: 0.53ms
[233.306s][info][gc,phases      ] GC(519)   Merge Heap Roots: 0.21ms
[233.306s][info][gc,phases      ] GC(519)   Evacuate Collection Set: 46.28ms
[233.306s][info][gc,phases      ] GC(519)   Post Evacuate Collection Set: 0.50ms
[233.306s][info][gc,phases      ] GC(519)   Other: 0.08ms
[233.306s][info][gc,heap        ] GC(519) Eden regions: 234->0(218)
[233.306s][info][gc,heap        ] GC(519) Survivor regions: 26->27(33)
[233.306s][info][gc,heap        ] GC(519) Old regions: 635->649
[233.306s][info][gc,heap        ] GC(519) Humongous regions: 7->7
[233.306s][info][gc,metaspace   ] GC(519) Metaspace: 18561K(18688K)->18561K(18688K) NonClass: 16733K(16832K)->16733K(16832K) Class: 1828K(1856K)->1828K(1856K)
[233.306s][info][gc             ] GC(519) Pause Young (Normal) (G1 Evacuation Pause) 900M->682M(978M) 47.837ms
[233.306s][info][gc,cpu         ] GC(519) User=0.09s Sys=0.00s Real=0.05s
[234.164s][info][gc,marking     ] GC(518) Concurrent Mark From Roots 1539.265ms
[234.164s][info][gc,marking     ] GC(518) Concurrent Preclean
[234.164s][info][gc,marking     ] GC(518) Concurrent Preclean 0.062ms
[234.164s][info][gc,start       ] GC(518) Pause Remark
[234.172s][info][gc             ] GC(518) Pause Remark 886M->722M(978M) 7.940ms
[234.172s][info][gc,cpu         ] GC(518) User=0.01s Sys=0.00s Real=0.00s
[234.172s][info][gc,marking     ] GC(518) Concurrent Mark 1547.598ms
[234.172s][info][gc,marking     ] GC(518) Concurrent Rebuild Remembered Sets and Scrub Regions
[234.245s][info][gc,start       ] GC(520) Pause Young (Normal) (G1 Evacuation Pause)
[234.245s][info][gc,task        ] GC(520) Using 2 workers of 2 for evacuation
[234.292s][info][gc,phases      ] GC(520)   Pre Evacuate Collection Set: 0.51ms
[234.292s][info][gc,phases      ] GC(520)   Merge Heap Roots: 0.52ms
[234.292s][info][gc,phases      ] GC(520)   Evacuate Collection Set: 45.15ms
[234.292s][info][gc,phases      ] GC(520)   Post Evacuate Collection Set: 0.51ms
[234.292s][info][gc,phases      ] GC(520)   Other: 0.11ms
[234.292s][info][gc,heap        ] GC(520) Eden regions: 218->0(364)
[234.292s][info][gc,heap        ] GC(520) Survivor regions: 27->16(31)
[234.292s][info][gc,heap        ] GC(520) Old regions: 487->499
[234.292s][info][gc,heap        ] GC(520) Humongous regions: 5->5
[234.292s][info][gc,metaspace   ] GC(520) Metaspace: 18561K(18688K)->18561K(18688K) NonClass: 16733K(16832K)->16733K(16832K) Class: 1828K(1856K)->1828K(1856K)
[234.292s][info][gc             ] GC(520) Pause Young (Normal) (G1 Evacuation Pause) 736M->519M(978M) 47.056ms
[234.292s][info][gc,cpu         ] GC(520) User=0.10s Sys=0.00s Real=0.04s
[234.638s][info][gc,marking     ] GC(518) Concurrent Rebuild Remembered Sets and Scrub Regions 465.561ms
[234.638s][info][gc,start       ] GC(518) Pause Cleanup
[234.638s][info][gc             ] GC(518) Pause Cleanup 630M->630M(978M) 0.143ms
[234.638s][info][gc,cpu         ] GC(518) User=0.00s Sys=0.00s Real=0.00s
[234.638s][info][gc,marking     ] GC(518) Concurrent Clear Claimed Marks
[234.638s][info][gc,marking     ] GC(518) Concurrent Clear Claimed Marks 0.036ms
[234.638s][info][gc,marking     ] GC(518) Concurrent Cleanup for Next Mark
[234.643s][info][gc,marking     ] GC(518) Concurrent Cleanup for Next Mark 5.022ms
[234.643s][info][gc             ] GC(518) Concurrent Mark Cycle 2070.959ms
[234.929s][info][gc,start       ] GC(521) Pause Young (Prepare Mixed) (G1 Evacuation Pause)
[234.929s][info][gc,task        ] GC(521) Using 2 workers of 2 for evacuation
[235.036s][info][gc,phases      ] GC(521)   Pre Evacuate Collection Set: 0.52ms
[235.036s][info][gc,phases      ] GC(521)   Merge Heap Roots: 0.45ms
[235.036s][info][gc,phases      ] GC(521)   Evacuate Collection Set: 104.68ms
[235.036s][info][gc,phases      ] GC(521)   Post Evacuate Collection Set: 1.08ms
[235.036s][info][gc,phases      ] GC(521)   Other: 0.11ms
[235.036s][info][gc,heap        ] GC(521) Eden regions: 364->0(253)
[235.036s][info][gc,heap        ] GC(521) Survivor regions: 16->48(48)
[235.036s][info][gc,heap        ] GC(521) Old regions: 499->552
[235.036s][info][gc,heap        ] GC(521) Humongous regions: 5->5
[235.036s][info][gc,metaspace   ] GC(521) Metaspace: 18574K(18688K)->18574K(18688K) NonClass: 16745K(16832K)->16745K(16832K) Class: 1828K(1856K)->1828K(1856K)
[235.036s][info][gc             ] GC(521) Pause Young (Prepare Mixed) (G1 Evacuation Pause) (Evacuation Failure: Allocation) 883M->604M(978M) 107.089ms
[235.036s][info][gc,cpu         ] GC(521) User=0.21s Sys=0.00s Real=0.11s
[235.213s][info][gc,start       ] GC(522) Pause Young (Mixed) (G1 Evacuation Pause)
[235.213s][info][gc,task        ] GC(522) Using 2 workers of 2 for evacuation
[235.344s][info][gc,phases      ] GC(522)   Pre Evacuate Collection Set: 0.55ms
[235.344s][info][gc,phases      ] GC(522)   Merge Heap Roots: 1.06ms
[235.344s][info][gc,phases      ] GC(522)   Evacuate Collection Set: 129.20ms
[235.344s][info][gc,phases      ] GC(522)   Post Evacuate Collection Set: 0.77ms
[235.345s][info][gc,phases      ] GC(522)   Other: 0.12ms
[235.345s][info][gc,heap        ] GC(522) Eden regions: 253->0(212)
[235.345s][info][gc,heap        ] GC(522) Survivor regions: 48->38(38)
[235.345s][info][gc,heap        ] GC(522) Old regions: 552->608
[235.345s][info][gc,heap        ] GC(522) Humongous regions: 5->5
[235.345s][info][gc,metaspace   ] GC(522) Metaspace: 18575K(18688K)->18575K(18688K) NonClass: 16746K(16832K)->16746K(16832K) Class: 1828K(1856K)->1828K(1856K)
[235.345s][info][gc             ] GC(522) Pause Young (Mixed) (G1 Evacuation Pause) 857M->650M(978M) 132.012ms
[235.345s][info][gc,cpu         ] GC(522) User=0.26s Sys=0.00s Real=0.13s
[235.453s][info][gc,start       ] GC(523) Pause Young (Concurrent Start) (G1 Humongous Allocation)
[235.453s][info][gc,task        ] GC(523) Using 2 workers of 2 for evacuation
[235.520s][info][gc,phases      ] GC(523)   Pre Evacuate Collection Set: 0.32ms
[235.520s][info][gc,phases      ] GC(523)   Merge Heap Roots: 0.59ms
[235.520s][info][gc,phases      ] GC(523)   Evacuate Collection Set: 65.38ms
[235.520s][info][gc,phases      ] GC(523)   Post Evacuate Collection Set: 0.53ms
[235.520s][info][gc,phases      ] GC(523)   Other: 0.13ms
[235.520s][info][gc,heap        ] GC(523) Eden regions: 72->0(216)
[235.520s][info][gc,heap        ] GC(523) Survivor regions: 38->8(32)
[235.520s][info][gc,heap        ] GC(523) Old regions: 608->647
[235.520s][info][gc,heap        ] GC(523) Humongous regions: 5->5
[235.520s][info][gc,metaspace   ] GC(523) Metaspace: 18575K(18688K)->18575K(18688K) NonClass: 16746K(16832K)->16746K(16832K) Class: 1828K(1856K)->1828K(1856K)
[235.520s][info][gc             ] GC(523) Pause Young (Concurrent Start) (G1 Humongous Allocation) 722M->658M(978M) 67.214ms
[235.520s][info][gc,cpu         ] GC(523) User=0.13s Sys=0.00s Real=0.06s
[235.520s][info][gc             ] GC(524) Concurrent Mark Cycle
[235.520s][info][gc,marking     ] GC(524) Concurrent Scan Root Regions
[235.589s][info][gc,marking     ] GC(524) Concurrent Scan Root Regions 68.748ms
[235.589s][info][gc,marking     ] GC(524) Concurrent Mark
[235.589s][info][gc,marking     ] GC(524) Concurrent Mark From Roots
[235.589s][info][gc,task        ] GC(524) Using 1 workers of 1 for marking
[236.058s][info][gc,start       ] GC(525) Pause Young (Normal) (G1 Evacuation Pause)
[236.058s][info][gc,task        ] GC(525) Using 2 workers of 2 for evacuation
[236.139s][info][gc,phases      ] GC(525)   Pre Evacuate Collection Set: 0.58ms
[236.139s][info][gc,phases      ] GC(525)   Merge Heap Roots: 0.55ms
[236.139s][info][gc,phases      ] GC(525)   Evacuate Collection Set: 79.35ms
[236.139s][info][gc,phases      ] GC(525)   Post Evacuate Collection Set: 0.55ms
[236.139s][info][gc,phases      ] GC(525)   Other: 0.11ms
[236.139s][info][gc,heap        ] GC(525) Eden regions: 216->0(190)
[236.139s][info][gc,heap        ] GC(525) Survivor regions: 8->28(28)
[236.139s][info][gc,heap        ] GC(525) Old regions: 647->658
[236.139s][info][gc,heap        ] GC(525) Humongous regions: 11->11
[236.139s][info][gc,metaspace   ] GC(525) Metaspace: 18577K(18752K)->18577K(18752K) NonClass: 16748K(16896K)->16748K(16896K) Class: 1828K(1856K)->1828K(1856K)
[236.139s][info][gc             ] GC(525) Pause Young (Normal) (G1 Evacuation Pause) 880M->696M(978M) 81.425ms
[236.139s][info][gc,cpu         ] GC(525) User=0.16s Sys=0.00s Real=0.08s
[236.780s][info][gc,start       ] GC(526) Pause Young (Normal) (G1 Evacuation Pause)
[236.780s][info][gc,task        ] GC(526) Using 2 workers of 2 for evacuation
[236.831s][info][gc,phases      ] GC(526)   Pre Evacuate Collection Set: 0.36ms
[236.831s][info][gc,phases      ] GC(526)   Merge Heap Roots: 0.29ms
[236.831s][info][gc,phases      ] GC(526)   Evacuate Collection Set: 49.20ms
[236.831s][info][gc,phases      ] GC(526)   Post Evacuate Collection Set: 0.47ms
[236.831s][info][gc,phases      ] GC(526)   Other: 0.11ms
[236.831s][info][gc,heap        ] GC(526) Eden regions: 190->0(202)
[236.831s][info][gc,heap        ] GC(526) Survivor regions: 28->1(28)
[236.831s][info][gc,heap        ] GC(526) Old regions: 658->686
[236.831s][info][gc,heap        ] GC(526) Humongous regions: 11->11
[236.831s][info][gc,metaspace   ] GC(526) Metaspace: 18577K(18752K)->18577K(18752K) NonClass: 16748K(16896K)->16748K(16896K) Class: 1828K(1856K)->1828K(1856K)
[236.831s][info][gc             ] GC(526) Pause Young (Normal) (G1 Evacuation Pause) 886M->697M(978M) 50.700ms
[236.831s][info][gc,cpu         ] GC(526) User=0.10s Sys=0.00s Real=0.05s
[237.007s][info][gc,marking     ] GC(524) Concurrent Mark From Roots 1417.704ms
[237.007s][info][gc,marking     ] GC(524) Concurrent Preclean
[237.007s][info][gc,marking     ] GC(524) Concurrent Preclean 0.038ms
[237.007s][info][gc,start       ] GC(524) Pause Remark
[237.015s][info][gc             ] GC(524) Pause Remark 753M->612M(978M) 8.027ms
[237.015s][info][gc,cpu         ] GC(524) User=0.01s Sys=0.00s Real=0.01s
[237.016s][info][gc,marking     ] GC(524) Concurrent Mark 1426.691ms
[237.016s][info][gc,marking     ] GC(524) Concurrent Rebuild Remembered Sets and Scrub Regions
[237.389s][info][gc,start       ] GC(527) Pause Young (Normal) (G1 Evacuation Pause)
[237.389s][info][gc,task        ] GC(527) Using 2 workers of 2 for evacuation
[237.390s][info][gc,phases      ] GC(527)   Pre Evacuate Collection Set: 0.54ms
[237.390s][info][gc,phases      ] GC(527)   Merge Heap Roots: 0.10ms
[237.390s][info][gc,phases      ] GC(527)   Evacuate Collection Set: 0.19ms
[237.390s][info][gc,phases      ] GC(527)   Post Evacuate Collection Set: 0.39ms
[237.390s][info][gc,phases      ] GC(527)   Other: 0.12ms
[237.390s][info][gc,heap        ] GC(527) Eden regions: 202->0(318)
[237.390s][info][gc,heap        ] GC(527) Survivor regions: 1->1(26)
[237.390s][info][gc,heap        ] GC(527) Old regions: 547->547
[237.390s][info][gc,heap        ] GC(527) Humongous regions: 9->9
[237.390s][info][gc,metaspace   ] GC(527) Metaspace: 18577K(18752K)->18577K(18752K) NonClass: 16748K(16896K)->16748K(16896K) Class: 1828K(1856K)->1828K(1856K)
[237.390s][info][gc             ] GC(527) Pause Young (Normal) (G1 Evacuation Pause) 758M->556M(978M) 1.581ms
[237.390s][info][gc,cpu         ] GC(527) User=0.01s Sys=0.00s Real=0.00s
[237.547s][info][gc,marking     ] GC(524) Concurrent Rebuild Remembered Sets and Scrub Regions 530.924ms
[237.547s][info][gc,start       ] GC(524) Pause Cleanup
[237.547s][info][gc             ] GC(524) Pause Cleanup 628M->628M(978M) 0.133ms
[237.547s][info][gc,cpu         ] GC(524) User=0.00s Sys=0.00s Real=0.00s
[237.548s][info][gc,marking     ] GC(524) Concurrent Clear Claimed Marks
[237.548s][info][gc,marking     ] GC(524) Concurrent Clear Claimed Marks 0.037ms
[237.548s][info][gc,marking     ] GC(524) Concurrent Cleanup for Next Mark
[237.552s][info][gc,marking     ] GC(524) Concurrent Cleanup for Next Mark 3.999ms
[237.552s][info][gc             ] GC(524) Concurrent Mark Cycle 2031.618ms
[237.954s][info][gc,start       ] GC(528) Pause Young (Prepare Mixed) (G1 Evacuation Pause)
[237.954s][info][gc,task        ] GC(528) Using 2 workers of 2 for evacuation
[237.955s][info][gc,phases      ] GC(528)   Pre Evacuate Collection Set: 0.32ms
[237.955s][info][gc,phases      ] GC(528)   Merge Heap Roots: 0.13ms
[237.955s][info][gc,phases      ] GC(528)   Evacuate Collection Set: 0.21ms
[237.955s][info][gc,phases      ] GC(528)   Post Evacuate Collection Set: 0.47ms
[237.955s][info][gc,phases      ] GC(528)   Other: 0.10ms
[237.955s][info][gc,heap        ] GC(528) Eden regions: 318->0(337)
[237.955s][info][gc,heap        ] GC(528) Survivor regions: 1->1(40)
[237.955s][info][gc,heap        ] GC(528) Old regions: 547->547
[237.955s][info][gc,heap        ] GC(528) Humongous regions: 9->9
[237.955s][info][gc,metaspace   ] GC(528) Metaspace: 18577K(18752K)->18577K(18752K) NonClass: 16748K(16896K)->16748K(16896K) Class: 1828K(1856K)->1828K(1856K)
[237.955s][info][gc             ] GC(528) Pause Young (Prepare Mixed) (G1 Evacuation Pause) 874M->556M(978M) 1.440ms
[237.955s][info][gc,cpu         ] GC(528) User=0.00s Sys=0.00s Real=0.00s
[238.489s][info][gc,start       ] GC(529) Pause Young (Mixed) (G1 Evacuation Pause)
[238.489s][info][gc,task        ] GC(529) Using 2 workers of 2 for evacuation
[238.491s][info][gc,phases      ] GC(529)   Pre Evacuate Collection Set: 0.62ms
[238.491s][info][gc,phases      ] GC(529)   Merge Heap Roots: 0.20ms
[238.491s][info][gc,phases      ] GC(529)   Evacuate Collection Set: 0.80ms
[238.491s][info][gc,phases      ] GC(529)   Post Evacuate Collection Set: 0.54ms
[238.491s][info][gc,phases      ] GC(529)   Other: 0.13ms
[238.491s][info][gc,heap        ] GC(529) Eden regions: 337->0(377)
[238.491s][info][gc,heap        ] GC(529) Survivor regions: 1->1(43)
[238.491s][info][gc,heap        ] GC(529) Old regions: 547->519
[238.491s][info][gc,heap        ] GC(529) Humongous regions: 9->9
[238.491s][info][gc,metaspace   ] GC(529) Metaspace: 18577K(18752K)->18577K(18752K) NonClass: 16748K(16896K)->16748K(16896K) Class: 1828K(1856K)->1828K(1856K)
[238.491s][info][gc             ] GC(529) Pause Young (Mixed) (G1 Evacuation Pause) 893M->527M(978M) 2.543ms
[238.491s][info][gc,cpu         ] GC(529) User=0.00s Sys=0.00s Real=0.00s
[239.069s][info][gc,start       ] GC(530) Pause Young (Concurrent Start) (G1 Evacuation Pause)
[239.069s][info][gc,task        ] GC(530) Using 2 workers of 2 for evacuation
[239.087s][info][gc,phases      ] GC(530)   Pre Evacuate Collection Set: 0.33ms
[239.087s][info][gc,phases      ] GC(530)   Merge Heap Roots: 0.17ms
[239.087s][info][gc,phases      ] GC(530)   Evacuate Collection Set: 15.78ms
[239.087s][info][gc,phases      ] GC(530)   Post Evacuate Collection Set: 0.63ms
[239.087s][info][gc,phases      ] GC(530)   Other: 0.16ms
[239.087s][info][gc,heap        ] GC(530) Eden regions: 377->0(372)
[239.087s][info][gc,heap        ] GC(530) Survivor regions: 1->11(48)
[239.087s][info][gc,heap        ] GC(530) Old regions: 519->519
[239.087s][info][gc,heap        ] GC(530) Humongous regions: 9->9
[239.087s][info][gc,metaspace   ] GC(530) Metaspace: 18577K(18752K)->18577K(18752K) NonClass: 16748K(16896K)->16748K(16896K) Class: 1828K(1856K)->1828K(1856K)
[239.087s][info][gc             ] GC(530) Pause Young (Concurrent Start) (G1 Evacuation Pause) 904M->538M(978M) 17.346ms
[239.087s][info][gc             ] GC(531) Concurrent Mark Cycle
[239.087s][info][gc,marking     ] GC(531) Concurrent Scan Root Regions
[239.088s][info][gc,cpu         ] GC(530) User=0.04s Sys=0.00s Real=0.02s
[239.112s][info][gc,marking     ] GC(531) Concurrent Scan Root Regions 25.666ms
[239.112s][info][gc,marking     ] GC(531) Concurrent Mark
[239.112s][info][gc,marking     ] GC(531) Concurrent Mark From Roots
[239.112s][info][gc,task        ] GC(531) Using 1 workers of 1 for marking
[239.550s][info][gc,start       ] GC(532) Pause Young (Normal) (G1 Evacuation Pause)
[239.550s][info][gc,task        ] GC(532) Using 2 workers of 2 for evacuation
[239.644s][info][gc,phases      ] GC(532)   Pre Evacuate Collection Set: 0.54ms
[239.644s][info][gc,phases      ] GC(532)   Merge Heap Roots: 0.30ms
[239.644s][info][gc,phases      ] GC(532)   Evacuate Collection Set: 90.05ms
[239.644s][info][gc,phases      ] GC(532)   Post Evacuate Collection Set: 2.59ms
[239.644s][info][gc,phases      ] GC(532)   Other: 0.08ms
[239.644s][info][gc,heap        ] GC(532) Eden regions: 372->0(225)
[239.644s][info][gc,heap        ] GC(532) Survivor regions: 11->48(48)
[239.644s][info][gc,heap        ] GC(532) Old regions: 519->598
[239.644s][info][gc,heap        ] GC(532) Humongous regions: 9->9
[239.644s][info][gc,metaspace   ] GC(532) Metaspace: 18577K(18752K)->18577K(18752K) NonClass: 16748K(16896K)->16748K(16896K) Class: 1828K(1856K)->1828K(1856K)
[239.644s][info][gc             ] GC(532) Pause Young (Normal) (G1 Evacuation Pause) (Evacuation Failure: Allocation) 910M->654M(978M) 93.788ms
[239.644s][info][gc,cpu         ] GC(532) User=0.18s Sys=0.00s Real=0.10s
[239.925s][info][gc,start       ] GC(533) Pause Young (Normal) (G1 Evacuation Pause)
[239.925s][info][gc,task        ] GC(533) Using 2 workers of 2 for evacuation
[239.996s][info][gc,phases      ] GC(533)   Pre Evacuate Collection Set: 0.58ms
[239.996s][info][gc,phases      ] GC(533)   Merge Heap Roots: 0.31ms
[239.996s][info][gc,phases      ] GC(533)   Evacuate Collection Set: 68.99ms
[239.996s][info][gc,phases      ] GC(533)   Post Evacuate Collection Set: 0.59ms
[239.996s][info][gc,phases      ] GC(533)   Other: 0.10ms
[239.996s][info][gc,heap        ] GC(533) Eden regions: 225->0(291)
[239.996s][info][gc,heap        ] GC(533) Survivor regions: 48->9(35)
[239.996s][info][gc,heap        ] GC(533) Old regions: 598->589
[239.996s][info][gc,heap        ] GC(533) Humongous regions: 9->9
[239.996s][info][gc,metaspace   ] GC(533) Metaspace: 18577K(18752K)->18577K(18752K) NonClass: 16748K(16896K)->16748K(16896K) Class: 1828K(1856K)->1828K(1856K)
[239.996s][info][gc             ] GC(533) Pause Young (Normal) (G1 Evacuation Pause) 879M->606M(978M) 70.842ms
[239.996s][info][gc,cpu         ] GC(533) User=0.14s Sys=0.00s Real=0.07s
[240.285s][info][gc,start       ] GC(534) Pause Young (Normal) (G1 Evacuation Pause)
[240.285s][info][gc,task        ] GC(534) Using 2 workers of 2 for evacuation
[240.313s][info][gc,phases      ] GC(534)   Pre Evacuate Collection Set: 0.52ms
[240.313s][info][gc,phases      ] GC(534)   Merge Heap Roots: 0.29ms
[240.313s][info][gc,phases      ] GC(534)   Evacuate Collection Set: 26.41ms
[240.313s][info][gc,phases      ] GC(534)   Post Evacuate Collection Set: 0.59ms
[240.313s][info][gc,phases      ] GC(534)   Other: 0.09ms
[240.313s][info][gc,heap        ] GC(534) Eden regions: 291->0(292)
[240.313s][info][gc,heap        ] GC(534) Survivor regions: 9->18(38)
[240.313s][info][gc,heap        ] GC(534) Old regions: 589->589
[240.313s][info][gc,heap        ] GC(534) Humongous regions: 9->9
[240.313s][info][gc,metaspace   ] GC(534) Metaspace: 18577K(18752K)->18577K(18752K) NonClass: 16748K(16896K)->16748K(16896K) Class: 1828K(1856K)->1828K(1856K)
[240.313s][info][gc             ] GC(534) Pause Young (Normal) (G1 Evacuation Pause) 897M->615M(978M) 28.170ms
[240.313s][info][gc,cpu         ] GC(534) User=0.05s Sys=0.00s Real=0.03s
[240.669s][info][gc,start       ] GC(535) Pause Young (Normal) (G1 Evacuation Pause)
[240.669s][info][gc,task        ] GC(535) Using 2 workers of 2 for evacuation
[240.725s][info][gc,phases      ] GC(535)   Pre Evacuate Collection Set: 0.31ms
[240.725s][info][gc,phases      ] GC(535)   Merge Heap Roots: 0.35ms
[240.725s][info][gc,phases      ] GC(535)   Evacuate Collection Set: 54.44ms
[240.725s][info][gc,phases      ] GC(535)   Post Evacuate Collection Set: 0.62ms
[240.725s][info][gc,phases      ] GC(535)   Other: 0.11ms
[240.725s][info][gc,heap        ] GC(535) Eden regions: 292->0(252)
[240.725s][info][gc,heap        ] GC(535) Survivor regions: 18->39(39)
[240.725s][info][gc,heap        ] GC(535) Old regions: 589->589
[240.725s][info][gc,heap        ] GC(535) Humongous regions: 9->9
[240.725s][info][gc,metaspace   ] GC(535) Metaspace: 18579K(18752K)->18579K(18752K) NonClass: 16751K(16896K)->16751K(16896K) Class: 1828K(1856K)->1828K(1856K)
[240.725s][info][gc             ] GC(535) Pause Young (Normal) (G1 Evacuation Pause) 907M->636M(978M) 56.118ms
[240.725s][info][gc,cpu         ] GC(535) User=0.10s Sys=0.00s Real=0.06s
[241.154s][info][gc,marking     ] GC(531) Concurrent Mark From Roots 2041.142ms
[241.154s][info][gc,marking     ] GC(531) Concurrent Preclean
[241.154s][info][gc,marking     ] GC(531) Concurrent Preclean 0.038ms
[241.154s][info][gc,start       ] GC(531) Pause Remark
[241.161s][info][gc             ] GC(531) Pause Remark 772M->770M(978M) 7.524ms
[241.161s][info][gc,cpu         ] GC(531) User=0.01s Sys=0.00s Real=0.00s
[241.161s][info][gc,marking     ] GC(531) Concurrent Mark 2049.057ms
[241.162s][info][gc,marking     ] GC(531) Concurrent Rebuild Remembered Sets and Scrub Regions
[241.720s][info][gc,marking     ] GC(531) Concurrent Rebuild Remembered Sets and Scrub Regions 558.973ms
[241.721s][info][gc,start       ] GC(531) Pause Cleanup
[241.721s][info][gc             ] GC(531) Pause Cleanup 882M->882M(978M) 0.119ms
[241.721s][info][gc,cpu         ] GC(531) User=0.00s Sys=0.00s Real=0.00s
[241.723s][info][gc,marking     ] GC(531) Concurrent Clear Claimed Marks
[241.723s][info][gc,marking     ] GC(531) Concurrent Clear Claimed Marks 0.052ms
[241.723s][info][gc,marking     ] GC(531) Concurrent Cleanup for Next Mark
[241.728s][info][gc,marking     ] GC(531) Concurrent Cleanup for Next Mark 5.013ms
[241.728s][info][gc             ] GC(531) Concurrent Mark Cycle 2641.017ms
[241.735s][info][gc,start       ] GC(536) Pause Young (Prepare Mixed) (G1 Evacuation Pause)
[241.735s][info][gc,task        ] GC(536) Using 2 workers of 2 for evacuation
[241.817s][info][gc,phases      ] GC(536)   Pre Evacuate Collection Set: 0.53ms
[241.817s][info][gc,phases      ] GC(536)   Merge Heap Roots: 0.58ms
[241.817s][info][gc,phases      ] GC(536)   Evacuate Collection Set: 80.24ms
[241.817s][info][gc,phases      ] GC(536)   Post Evacuate Collection Set: 0.57ms
[241.817s][info][gc,phases      ] GC(536)   Other: 0.09ms
[241.817s][info][gc,heap        ] GC(536) Eden regions: 252->0(241)
[241.817s][info][gc,heap        ] GC(536) Survivor regions: 39->26(37)
[241.817s][info][gc,heap        ] GC(536) Old regions: 589->628
[241.817s][info][gc,heap        ] GC(536) Humongous regions: 7->7
[241.817s][info][gc,metaspace   ] GC(536) Metaspace: 18580K(18752K)->18580K(18752K) NonClass: 16751K(16896K)->16751K(16896K) Class: 1828K(1856K)->1828K(1856K)
[241.817s][info][gc             ] GC(536) Pause Young (Prepare Mixed) (G1 Evacuation Pause) 886M->660M(978M) 82.246ms
[241.817s][info][gc,cpu         ] GC(536) User=0.15s Sys=0.00s Real=0.08s
[242.495s][info][gc,start       ] GC(537) Pause Young (Mixed) (G1 Evacuation Pause)
[242.495s][info][gc,task        ] GC(537) Using 2 workers of 2 for evacuation
[242.529s][info][gc,phases      ] GC(537)   Pre Evacuate Collection Set: 0.56ms
[242.529s][info][gc,phases      ] GC(537)   Merge Heap Roots: 0.29ms
[242.529s][info][gc,phases      ] GC(537)   Evacuate Collection Set: 32.42ms
[242.529s][info][gc,phases      ] GC(537)   Post Evacuate Collection Set: 0.50ms
[242.529s][info][gc,phases      ] GC(537)   Other: 0.09ms
[242.529s][info][gc,heap        ] GC(537) Eden regions: 241->0(269)
[242.529s][info][gc,heap        ] GC(537) Survivor regions: 26->1(34)
[242.529s][info][gc,heap        ] GC(537) Old regions: 628->641
[242.529s][info][gc,heap        ] GC(537) Humongous regions: 7->7
[242.529s][info][gc,metaspace   ] GC(537) Metaspace: 18580K(18752K)->18580K(18752K) NonClass: 16751K(16896K)->16751K(16896K) Class: 1828K(1856K)->1828K(1856K)
[242.529s][info][gc             ] GC(537) Pause Young (Mixed) (G1 Evacuation Pause) 901M->648M(978M) 34.111ms
[242.529s][info][gc,cpu         ] GC(537) User=0.06s Sys=0.00s Real=0.03s
[243.242s][info][gc,start       ] GC(538) Pause Young (Concurrent Start) (G1 Evacuation Pause)
[243.242s][info][gc,task        ] GC(538) Using 2 workers of 2 for evacuation
[243.244s][info][gc,phases      ] GC(538)   Pre Evacuate Collection Set: 0.33ms
[243.244s][info][gc,phases      ] GC(538)   Merge Heap Roots: 0.12ms
[243.244s][info][gc,phases      ] GC(538)   Evacuate Collection Set: 1.13ms
[243.244s][info][gc,phases      ] GC(538)   Post Evacuate Collection Set: 0.48ms
[243.244s][info][gc,phases      ] GC(538)   Other: 0.13ms
[243.244s][info][gc,heap        ] GC(538) Eden regions: 269->0(278)
[243.244s][info][gc,heap        ] GC(538) Survivor regions: 1->1(34)
[243.244s][info][gc,heap        ] GC(538) Old regions: 641->641
[243.244s][info][gc,heap        ] GC(538) Humongous regions: 7->7
[243.244s][info][gc,metaspace   ] GC(538) Metaspace: 18580K(18752K)->18580K(18752K) NonClass: 16751K(16896K)->16751K(16896K) Class: 1828K(1856K)->1828K(1856K)
[243.244s][info][gc             ] GC(538) Pause Young (Concurrent Start) (G1 Evacuation Pause) 917M->648M(978M) 2.416ms
[243.244s][info][gc             ] GC(539) Concurrent Mark Cycle
[243.244s][info][gc,marking     ] GC(539) Concurrent Scan Root Regions
[243.244s][info][gc,marking     ] GC(539) Concurrent Scan Root Regions 0.405ms
[243.244s][info][gc,marking     ] GC(539) Concurrent Mark
[243.244s][info][gc,marking     ] GC(539) Concurrent Mark From Roots
[243.244s][info][gc,task        ] GC(539) Using 1 workers of 1 for marking
[243.245s][info][gc,cpu         ] GC(538) User=0.01s Sys=0.00s Real=0.01s
[244.266s][info][gc,start       ] GC(540) Pause Young (Normal) (G1 Evacuation Pause)
[244.266s][info][gc,task        ] GC(540) Using 2 workers of 2 for evacuation
[244.269s][info][gc,phases      ] GC(540)   Pre Evacuate Collection Set: 0.34ms
[244.269s][info][gc,phases      ] GC(540)   Merge Heap Roots: 0.14ms
[244.269s][info][gc,phases      ] GC(540)   Evacuate Collection Set: 1.45ms
[244.269s][info][gc,phases      ] GC(540)   Post Evacuate Collection Set: 0.49ms
[244.269s][info][gc,phases      ] GC(540)   Other: 0.13ms
[244.269s][info][gc,heap        ] GC(540) Eden regions: 278->0(278)
[244.269s][info][gc,heap        ] GC(540) Survivor regions: 1->1(35)
[244.269s][info][gc,heap        ] GC(540) Old regions: 641->641
[244.269s][info][gc,heap        ] GC(540) Humongous regions: 7->7
[244.269s][info][gc,metaspace   ] GC(540) Metaspace: 18580K(18752K)->18580K(18752K) NonClass: 16751K(16896K)->16751K(16896K) Class: 1828K(1856K)->1828K(1856K)
[244.269s][info][gc             ] GC(540) Pause Young (Normal) (G1 Evacuation Pause) 926M->648M(978M) 2.821ms
[244.269s][info][gc,cpu         ] GC(540) User=0.01s Sys=0.00s Real=0.00s
[245.383s][info][gc,start       ] GC(541) Pause Young (Normal) (G1 Evacuation Pause)
[245.383s][info][gc,task        ] GC(541) Using 2 workers of 2 for evacuation
[245.418s][info][gc,phases      ] GC(541)   Pre Evacuate Collection Set: 0.57ms
[245.418s][info][gc,phases      ] GC(541)   Merge Heap Roots: 0.18ms
[245.418s][info][gc,phases      ] GC(541)   Evacuate Collection Set: 33.43ms
[245.418s][info][gc,phases      ] GC(541)   Post Evacuate Collection Set: 0.63ms
[245.418s][info][gc,phases      ] GC(541)   Other: 0.12ms
[245.418s][info][gc,heap        ] GC(541) Eden regions: 278->0(216)
[245.418s][info][gc,heap        ] GC(541) Survivor regions: 1->32(35)
[245.418s][info][gc,heap        ] GC(541) Old regions: 641->641
[245.418s][info][gc,heap        ] GC(541) Humongous regions: 7->7
[245.418s][info][gc,metaspace   ] GC(541) Metaspace: 18581K(18752K)->18581K(18752K) NonClass: 16753K(16896K)->16753K(16896K) Class: 1828K(1856K)->1828K(1856K)
[245.419s][info][gc             ] GC(541) Pause Young (Normal) (G1 Evacuation Pause) 926M->679M(978M) 35.162ms
[245.419s][info][gc,cpu         ] GC(541) User=0.07s Sys=0.00s Real=0.03s
[245.478s][info][gc,marking     ] GC(539) Concurrent Mark From Roots 2233.212ms
[245.478s][info][gc,marking     ] GC(539) Concurrent Preclean
[245.478s][info][gc,marking     ] GC(539) Concurrent Preclean 0.039ms
[245.480s][info][gc,start       ] GC(539) Pause Remark
[245.488s][info][gc             ] GC(539) Pause Remark 721M->721M(978M) 8.062ms
[245.488s][info][gc,cpu         ] GC(539) User=0.02s Sys=0.00s Real=0.01s
[245.488s][info][gc,marking     ] GC(539) Concurrent Mark 2243.222ms
[245.488s][info][gc,marking     ] GC(539) Concurrent Rebuild Remembered Sets and Scrub Regions
[245.602s][info][gc,start       ] GC(542) Pause Young (Normal) (G1 Evacuation Pause)
[245.602s][info][gc,task        ] GC(542) Using 2 workers of 2 for evacuation
[245.734s][info][gc,phases      ] GC(542)   Pre Evacuate Collection Set: 0.55ms
[245.734s][info][gc,phases      ] GC(542)   Merge Heap Roots: 0.27ms
[245.734s][info][gc,phases      ] GC(542)   Evacuate Collection Set: 117.40ms
[245.734s][info][gc,phases      ] GC(542)   Post Evacuate Collection Set: 13.58ms
[245.734s][info][gc,phases      ] GC(542)   Other: 0.09ms
[245.734s][info][gc,heap        ] GC(542) Eden regions: 216->0(17)
[245.734s][info][gc,heap        ] GC(542) Survivor regions: 32->31(31)
[245.734s][info][gc,heap        ] GC(542) Old regions: 641->873
[245.734s][info][gc,heap        ] GC(542) Humongous regions: 7->7
[245.734s][info][gc,metaspace   ] GC(542) Metaspace: 18581K(18752K)->18581K(18752K) NonClass: 16753K(16896K)->16753K(16896K) Class: 1828K(1856K)->1828K(1856K)
[245.734s][info][gc             ] GC(542) Pause Young (Normal) (G1 Evacuation Pause) (Evacuation Failure: Allocation) 895M->910M(978M) 132.164ms
[245.734s][info][gc,cpu         ] GC(542) User=0.26s Sys=0.00s Real=0.14s
[245.752s][info][gc,start       ] GC(543) Pause Young (Normal) (G1 Evacuation Pause)
[245.752s][info][gc,task        ] GC(543) Using 2 workers of 2 for evacuation
[245.830s][info][gc,phases      ] GC(543)   Pre Evacuate Collection Set: 0.64ms
[245.830s][info][gc,phases      ] GC(543)   Merge Heap Roots: 0.66ms
[245.830s][info][gc,phases      ] GC(543)   Evacuate Collection Set: 69.78ms
[245.830s][info][gc,phases      ] GC(543)   Post Evacuate Collection Set: 6.37ms
[245.830s][info][gc,phases      ] GC(543)   Other: 0.08ms
[245.830s][info][gc,heap        ] GC(543) Eden regions: 17->0(73)
[245.830s][info][gc,heap        ] GC(543) Survivor regions: 31->3(6)
[245.830s][info][gc,heap        ] GC(543) Old regions: 873->842
[245.830s][info][gc,heap        ] GC(543) Humongous regions: 7->7
[245.830s][info][gc,metaspace   ] GC(543) Metaspace: 18581K(18752K)->18581K(18752K) NonClass: 16753K(16896K)->16753K(16896K) Class: 1828K(1856K)->1828K(1856K)
[245.830s][info][gc             ] GC(543) Pause Young (Normal) (G1 Evacuation Pause) (Evacuation Failure: Allocation) 927M->851M(978M) 77.825ms
[245.830s][info][gc,cpu         ] GC(543) User=0.16s Sys=0.00s Real=0.08s
[245.974s][info][gc,start       ] GC(544) Pause Young (Normal) (G1 Evacuation Pause)
[245.974s][info][gc,task        ] GC(544) Using 2 workers of 2 for evacuation
[246.033s][info][gc,phases      ] GC(544)   Pre Evacuate Collection Set: 0.58ms
[246.033s][info][gc,phases      ] GC(544)   Merge Heap Roots: 0.23ms
[246.033s][info][gc,phases      ] GC(544)   Evacuate Collection Set: 55.41ms
[246.033s][info][gc,phases      ] GC(544)   Post Evacuate Collection Set: 2.62ms
[246.033s][info][gc,phases      ] GC(544)   Other: 0.09ms
[246.033s][info][gc,heap        ] GC(544) Eden regions: 73->0(83)
[246.033s][info][gc,heap        ] GC(544) Survivor regions: 3->10(10)
[246.033s][info][gc,heap        ] GC(544) Old regions: 842->818
[246.033s][info][gc,heap        ] GC(544) Humongous regions: 7->7
[246.033s][info][gc,metaspace   ] GC(544) Metaspace: 18582K(18752K)->18582K(18752K) NonClass: 16753K(16896K)->16753K(16896K) Class: 1828K(1856K)->1828K(1856K)
[246.033s][info][gc             ] GC(544) Pause Young (Normal) (G1 Evacuation Pause) (Evacuation Failure: Allocation) 924M->834M(978M) 59.187ms
[246.033s][info][gc,cpu         ] GC(544) User=0.11s Sys=0.00s Real=0.06s
[246.173s][info][gc,start       ] GC(545) Pause Young (Normal) (G1 Evacuation Pause)
[246.173s][info][gc,task        ] GC(545) Using 2 workers of 2 for evacuation
[246.202s][info][gc,phases      ] GC(545)   Pre Evacuate Collection Set: 0.58ms
[246.202s][info][gc,phases      ] GC(545)   Merge Heap Roots: 0.42ms
[246.202s][info][gc,phases      ] GC(545)   Evacuate Collection Set: 27.79ms
[246.202s][info][gc,phases      ] GC(545)   Post Evacuate Collection Set: 0.41ms
[246.202s][info][gc,phases      ] GC(545)   Other: 0.09ms
[246.202s][info][gc,heap        ] GC(545) Eden regions: 83->0(117)
[246.202s][info][gc,heap        ] GC(545) Survivor regions: 10->3(12)
[246.202s][info][gc,heap        ] GC(545) Old regions: 818->798
[246.202s][info][gc,heap        ] GC(545) Humongous regions: 7->7
[246.202s][info][gc,metaspace   ] GC(545) Metaspace: 18582K(18752K)->18582K(18752K) NonClass: 16753K(16896K)->16753K(16896K) Class: 1828K(1856K)->1828K(1856K)
[246.202s][info][gc             ] GC(545) Pause Young (Normal) (G1 Evacuation Pause) 917M->806M(978M) 29.552ms
[246.202s][info][gc,cpu         ] GC(545) User=0.06s Sys=0.00s Real=0.02s
[246.372s][info][gc,start       ] GC(546) Pause Young (Normal) (G1 Evacuation Pause)
[246.372s][info][gc,task        ] GC(546) Using 2 workers of 2 for evacuation
[246.384s][info][gc,phases      ] GC(546)   Pre Evacuate Collection Set: 0.54ms
[246.384s][info][gc,phases      ] GC(546)   Merge Heap Roots: 0.21ms
[246.384s][info][gc,phases      ] GC(546)   Evacuate Collection Set: 10.62ms
[246.384s][info][gc,phases      ] GC(546)   Post Evacuate Collection Set: 0.43ms
[246.384s][info][gc,phases      ] GC(546)   Other: 0.10ms
[246.384s][info][gc,heap        ] GC(546) Eden regions: 117->0(115)
[246.384s][info][gc,heap        ] GC(546) Survivor regions: 3->4(15)
[246.384s][info][gc,heap        ] GC(546) Old regions: 798->798
[246.384s][info][gc,heap        ] GC(546) Humongous regions: 7->7
[246.384s][info][gc,metaspace   ] GC(546) Metaspace: 18582K(18752K)->18582K(18752K) NonClass: 16753K(16896K)->16753K(16896K) Class: 1828K(1856K)->1828K(1856K)
[246.384s][info][gc             ] GC(546) Pause Young (Normal) (G1 Evacuation Pause) 923M->808M(978M) 12.175ms
[246.384s][info][gc,cpu         ] GC(546) User=0.03s Sys=0.00s Real=0.02s
[246.522s][info][gc,marking     ] GC(539) Concurrent Rebuild Remembered Sets and Scrub Regions 1034.768ms
[246.523s][info][gc,start       ] GC(539) Pause Cleanup
[246.523s][info][gc             ] GC(539) Pause Cleanup 876M->876M(978M) 0.129ms
[246.523s][info][gc,cpu         ] GC(539) User=0.00s Sys=0.00s Real=0.00s
[246.524s][info][gc,marking     ] GC(539) Concurrent Clear Claimed Marks
[246.524s][info][gc,marking     ] GC(539) Concurrent Clear Claimed Marks 0.044ms
[246.524s][info][gc,marking     ] GC(539) Concurrent Cleanup for Next Mark
[246.530s][info][gc,marking     ] GC(539) Concurrent Cleanup for Next Mark 5.999ms
[246.530s][info][gc             ] GC(539) Concurrent Mark Cycle 3286.124ms
[246.583s][info][gc,start       ] GC(547) Pause Young (Prepare Mixed) (G1 Evacuation Pause)
[246.583s][info][gc,task        ] GC(547) Using 2 workers of 2 for evacuation
[246.625s][info][gc,phases      ] GC(547)   Pre Evacuate Collection Set: 0.57ms
[246.625s][info][gc,phases      ] GC(547)   Merge Heap Roots: 0.32ms
[246.625s][info][gc,phases      ] GC(547)   Evacuate Collection Set: 40.41ms
[246.625s][info][gc,phases      ] GC(547)   Post Evacuate Collection Set: 0.55ms
[246.625s][info][gc,phases      ] GC(547)   Other: 0.08ms
[246.625s][info][gc,heap        ] GC(547) Eden regions: 115->0(87)
[246.625s][info][gc,heap        ] GC(547) Survivor regions: 4->15(15)
[246.625s][info][gc,heap        ] GC(547) Old regions: 798->801
[246.625s][info][gc,heap        ] GC(547) Humongous regions: 10->10
[246.625s][info][gc,metaspace   ] GC(547) Metaspace: 18582K(18752K)->18582K(18752K) NonClass: 16754K(16896K)->16754K(16896K) Class: 1828K(1856K)->1828K(1856K)
[246.625s][info][gc             ] GC(547) Pause Young (Prepare Mixed) (G1 Evacuation Pause) 926M->825M(978M) 42.182ms
[246.625s][info][gc,cpu         ] GC(547) User=0.08s Sys=0.00s Real=0.04s
[246.730s][info][gc,start       ] GC(548) Pause Young (Mixed) (G1 Evacuation Pause)
[246.730s][info][gc,task        ] GC(548) Using 2 workers of 2 for evacuation
[246.769s][info][gc,phases      ] GC(548)   Pre Evacuate Collection Set: 0.51ms
[246.769s][info][gc,phases      ] GC(548)   Merge Heap Roots: 0.38ms
[246.769s][info][gc,phases      ] GC(548)   Evacuate Collection Set: 37.82ms
[246.769s][info][gc,phases      ] GC(548)   Post Evacuate Collection Set: 0.43ms
[246.769s][info][gc,phases      ] GC(548)   Other: 0.10ms
[246.769s][info][gc,heap        ] GC(548) Eden regions: 87->0(102)
[246.769s][info][gc,heap        ] GC(548) Survivor regions: 15->4(13)
[246.769s][info][gc,heap        ] GC(548) Old regions: 801->808
[246.769s][info][gc,heap        ] GC(548) Humongous regions: 10->10
[246.769s][info][gc,metaspace   ] GC(548) Metaspace: 18582K(18752K)->18582K(18752K) NonClass: 16754K(16896K)->16754K(16896K) Class: 1828K(1856K)->1828K(1856K)
[246.769s][info][gc             ] GC(548) Pause Young (Mixed) (G1 Evacuation Pause) 912M->821M(978M) 39.548ms
[246.769s][info][gc,cpu         ] GC(548) User=0.07s Sys=0.01s Real=0.04s
[246.900s][info][gc,start       ] GC(549) Pause Young (Concurrent Start) (G1 Evacuation Pause)
[246.900s][info][gc,task        ] GC(549) Using 2 workers of 2 for evacuation
[246.905s][info][gc,phases      ] GC(549)   Pre Evacuate Collection Set: 0.37ms
[246.905s][info][gc,phases      ] GC(549)   Merge Heap Roots: 0.07ms
[246.905s][info][gc,phases      ] GC(549)   Evacuate Collection Set: 4.65ms
[246.905s][info][gc,phases      ] GC(549)   Post Evacuate Collection Set: 0.39ms
[246.905s][info][gc,phases      ] GC(549)   Other: 0.12ms
[246.905s][info][gc,heap        ] GC(549) Eden regions: 102->0(102)
[246.905s][info][gc,heap        ] GC(549) Survivor regions: 4->4(14)
[246.906s][info][gc,heap        ] GC(549) Old regions: 808->808
[246.906s][info][gc,heap        ] GC(549) Humongous regions: 10->10
[246.906s][info][gc,metaspace   ] GC(549) Metaspace: 18582K(18752K)->18582K(18752K) NonClass: 16754K(16896K)->16754K(16896K) Class: 1828K(1856K)->1828K(1856K)
[246.906s][info][gc             ] GC(549) Pause Young (Concurrent Start) (G1 Evacuation Pause) 923M->821M(978M) 5.875ms
[246.906s][info][gc             ] GC(550) Concurrent Mark Cycle
[246.906s][info][gc,marking     ] GC(550) Concurrent Scan Root Regions
[246.907s][info][gc,cpu         ] GC(549) User=0.01s Sys=0.00s Real=0.01s
[246.914s][info][gc,marking     ] GC(550) Concurrent Scan Root Regions 8.042ms
[246.914s][info][gc,marking     ] GC(550) Concurrent Mark
[246.914s][info][gc,marking     ] GC(550) Concurrent Mark From Roots
[246.914s][info][gc,task        ] GC(550) Using 1 workers of 1 for marking
[247.133s][info][gc,start       ] GC(551) Pause Young (Normal) (G1 Evacuation Pause)
[247.133s][info][gc,task        ] GC(551) Using 2 workers of 2 for evacuation
[247.138s][info][gc,phases      ] GC(551)   Pre Evacuate Collection Set: 0.32ms
[247.138s][info][gc,phases      ] GC(551)   Merge Heap Roots: 0.09ms
[247.138s][info][gc,phases      ] GC(551)   Evacuate Collection Set: 4.60ms
[247.138s][info][gc,phases      ] GC(551)   Post Evacuate Collection Set: 0.34ms
[247.138s][info][gc,phases      ] GC(551)   Other: 0.10ms
[247.138s][info][gc,heap        ] GC(551) Eden regions: 102->0(102)
[247.138s][info][gc,heap        ] GC(551) Survivor regions: 4->4(14)
[247.138s][info][gc,heap        ] GC(551) Old regions: 808->808
[247.138s][info][gc,heap        ] GC(551) Humongous regions: 10->10
[247.138s][info][gc,metaspace   ] GC(551) Metaspace: 18582K(18752K)->18582K(18752K) NonClass: 16754K(16896K)->16754K(16896K) Class: 1828K(1856K)->1828K(1856K)
[247.138s][info][gc             ] GC(551) Pause Young (Normal) (G1 Evacuation Pause) 923M->821M(978M) 5.709ms
[247.138s][info][gc,cpu         ] GC(551) User=0.01s Sys=0.00s Real=0.00s
[247.350s][info][gc,start       ] GC(552) Pause Young (Normal) (G1 Evacuation Pause)
[247.350s][info][gc,task        ] GC(552) Using 2 workers of 2 for evacuation
[247.356s][info][gc,phases      ] GC(552)   Pre Evacuate Collection Set: 0.32ms
[247.356s][info][gc,phases      ] GC(552)   Merge Heap Roots: 0.10ms
[247.356s][info][gc,phases      ] GC(552)   Evacuate Collection Set: 4.77ms
[247.356s][info][gc,phases      ] GC(552)   Post Evacuate Collection Set: 0.37ms
[247.356s][info][gc,phases      ] GC(552)   Other: 0.10ms
[247.356s][info][gc,heap        ] GC(552) Eden regions: 102->0(102)
[247.356s][info][gc,heap        ] GC(552) Survivor regions: 4->4(14)
[247.356s][info][gc,heap        ] GC(552) Old regions: 808->808
[247.356s][info][gc,heap        ] GC(552) Humongous regions: 10->10
[247.356s][info][gc,metaspace   ] GC(552) Metaspace: 18582K(18752K)->18582K(18752K) NonClass: 16754K(16896K)->16754K(16896K) Class: 1828K(1856K)->1828K(1856K)
[247.356s][info][gc             ] GC(552) Pause Young (Normal) (G1 Evacuation Pause) 923M->821M(978M) 5.915ms
[247.356s][info][gc,cpu         ] GC(552) User=0.01s Sys=0.00s Real=0.01s
[247.584s][info][gc,start       ] GC(553) Pause Young (Normal) (G1 Evacuation Pause)
[247.584s][info][gc,task        ] GC(553) Using 2 workers of 2 for evacuation
[247.590s][info][gc,phases      ] GC(553)   Pre Evacuate Collection Set: 0.56ms
[247.590s][info][gc,phases      ] GC(553)   Merge Heap Roots: 0.09ms
[247.590s][info][gc,phases      ] GC(553)   Evacuate Collection Set: 4.97ms
[247.590s][info][gc,phases      ] GC(553)   Post Evacuate Collection Set: 0.37ms
[247.590s][info][gc,phases      ] GC(553)   Other: 0.10ms
[247.590s][info][gc,heap        ] GC(553) Eden regions: 102->0(102)
[247.590s][info][gc,heap        ] GC(553) Survivor regions: 4->4(14)
[247.590s][info][gc,heap        ] GC(553) Old regions: 808->808
[247.590s][info][gc,heap        ] GC(553) Humongous regions: 10->10
[247.590s][info][gc,metaspace   ] GC(553) Metaspace: 18582K(18752K)->18582K(18752K) NonClass: 16754K(16896K)->16754K(16896K) Class: 1828K(1856K)->1828K(1856K)
[247.590s][info][gc             ] GC(553) Pause Young (Normal) (G1 Evacuation Pause) 923M->821M(978M) 6.375ms
[247.590s][info][gc,cpu         ] GC(553) User=0.01s Sys=0.00s Real=0.00s
[247.804s][info][gc,start       ] GC(554) Pause Young (Normal) (G1 Evacuation Pause)
[247.804s][info][gc,task        ] GC(554) Using 2 workers of 2 for evacuation
[247.809s][info][gc,phases      ] GC(554)   Pre Evacuate Collection Set: 0.31ms
[247.810s][info][gc,phases      ] GC(554)   Merge Heap Roots: 0.09ms
[247.810s][info][gc,phases      ] GC(554)   Evacuate Collection Set: 4.94ms
[247.810s][info][gc,phases      ] GC(554)   Post Evacuate Collection Set: 0.36ms
[247.810s][info][gc,phases      ] GC(554)   Other: 0.10ms
[247.810s][info][gc,heap        ] GC(554) Eden regions: 102->0(102)
[247.810s][info][gc,heap        ] GC(554) Survivor regions: 4->4(14)
[247.810s][info][gc,heap        ] GC(554) Old regions: 808->808
[247.810s][info][gc,heap        ] GC(554) Humongous regions: 10->10
[247.810s][info][gc,metaspace   ] GC(554) Metaspace: 18582K(18752K)->18582K(18752K) NonClass: 16754K(16896K)->16754K(16896K) Class: 1828K(1856K)->1828K(1856K)
[247.810s][info][gc             ] GC(554) Pause Young (Normal) (G1 Evacuation Pause) 923M->821M(978M) 6.085ms
[247.810s][info][gc,cpu         ] GC(554) User=0.02s Sys=0.00s Real=0.00s
[248.093s][info][gc,start       ] GC(555) Pause Young (Normal) (G1 Evacuation Pause)
[248.093s][info][gc,task        ] GC(555) Using 2 workers of 2 for evacuation
[248.107s][info][gc,phases      ] GC(555)   Pre Evacuate Collection Set: 0.33ms
[248.107s][info][gc,phases      ] GC(555)   Merge Heap Roots: 0.18ms
[248.107s][info][gc,phases      ] GC(555)   Evacuate Collection Set: 13.08ms
[248.107s][info][gc,phases      ] GC(555)   Post Evacuate Collection Set: 0.41ms
[248.107s][info][gc,phases      ] GC(555)   Other: 0.10ms
[248.107s][info][gc,heap        ] GC(555) Eden regions: 102->0(96)
[248.107s][info][gc,heap        ] GC(555) Survivor regions: 4->7(14)
[248.107s][info][gc,heap        ] GC(555) Old regions: 808->808
[248.107s][info][gc,heap        ] GC(555) Humongous regions: 10->10
[248.107s][info][gc,metaspace   ] GC(555) Metaspace: 18582K(18752K)->18582K(18752K) NonClass: 16754K(16896K)->16754K(16896K) Class: 1828K(1856K)->1828K(1856K)
[248.107s][info][gc             ] GC(555) Pause Young (Normal) (G1 Evacuation Pause) 923M->824M(978M) 14.369ms
[248.107s][info][gc,cpu         ] GC(555) User=0.02s Sys=0.00s Real=0.01s
[248.239s][info][gc,marking     ] GC(550) Concurrent Mark From Roots 1325.514ms
[248.239s][info][gc,marking     ] GC(550) Concurrent Preclean
[248.239s][info][gc,marking     ] GC(550) Concurrent Preclean 0.046ms
[248.240s][info][gc,start       ] GC(550) Pause Remark
[248.248s][info][gc             ] GC(550) Pause Remark 892M->602M(978M) 8.133ms
[248.248s][info][gc,cpu         ] GC(550) User=0.02s Sys=0.00s Real=0.01s
[248.248s][info][gc,marking     ] GC(550) Concurrent Mark 1334.358ms
[248.248s][info][gc,marking     ] GC(550) Concurrent Rebuild Remembered Sets and Scrub Regions
[248.311s][info][gc,start       ] GC(556) Pause Young (Normal) (G1 Evacuation Pause)
[248.311s][info][gc,task        ] GC(556) Using 2 workers of 2 for evacuation
[248.340s][info][gc,phases      ] GC(556)   Pre Evacuate Collection Set: 0.55ms
[248.340s][info][gc,phases      ] GC(556)   Merge Heap Roots: 0.37ms
[248.340s][info][gc,phases      ] GC(556)   Evacuate Collection Set: 27.58ms
[248.340s][info][gc,phases      ] GC(556)   Post Evacuate Collection Set: 0.52ms
[248.340s][info][gc,phases      ] GC(556)   Other: 0.11ms
[248.340s][info][gc,heap        ] GC(556) Eden regions: 96->0(379)
[248.340s][info][gc,heap        ] GC(556) Survivor regions: 7->8(13)
[248.340s][info][gc,heap        ] GC(556) Old regions: 524->527
[248.340s][info][gc,heap        ] GC(556) Humongous regions: 4->4
[248.340s][info][gc,metaspace   ] GC(556) Metaspace: 18585K(18752K)->18585K(18752K) NonClass: 16757K(16896K)->16757K(16896K) Class: 1828K(1856K)->1828K(1856K)
[248.341s][info][gc             ] GC(556) Pause Young (Normal) (G1 Evacuation Pause) 630M->538M(978M) 29.369ms
[248.341s][info][gc,cpu         ] GC(556) User=0.06s Sys=0.00s Real=0.03s
[248.725s][info][gc,marking     ] GC(550) Concurrent Rebuild Remembered Sets and Scrub Regions 477.360ms
[248.726s][info][gc,start       ] GC(550) Pause Cleanup
[248.726s][info][gc             ] GC(550) Pause Cleanup 712M->712M(978M) 0.193ms
[248.726s][info][gc,cpu         ] GC(550) User=0.00s Sys=0.00s Real=0.00s
[248.727s][info][gc,marking     ] GC(550) Concurrent Clear Claimed Marks
[248.727s][info][gc,marking     ] GC(550) Concurrent Clear Claimed Marks 0.041ms
[248.727s][info][gc,marking     ] GC(550) Concurrent Cleanup for Next Mark
[248.731s][info][gc,marking     ] GC(550) Concurrent Cleanup for Next Mark 4.051ms
[248.731s][info][gc             ] GC(550) Concurrent Mark Cycle 1825.459ms
[249.038s][info][gc,start       ] GC(557) Pause Young (Prepare Mixed) (G1 Evacuation Pause)
[249.039s][info][gc,task        ] GC(557) Using 2 workers of 2 for evacuation
[249.085s][info][gc,phases      ] GC(557)   Pre Evacuate Collection Set: 0.32ms
[249.085s][info][gc,phases      ] GC(557)   Merge Heap Roots: 0.69ms
[249.085s][info][gc,phases      ] GC(557)   Evacuate Collection Set: 44.81ms
[249.085s][info][gc,phases      ] GC(557)   Post Evacuate Collection Set: 0.76ms
[249.085s][info][gc,phases      ] GC(557)   Other: 0.14ms
[249.085s][info][gc,heap        ] GC(557) Eden regions: 379->0(352)
[249.085s][info][gc,heap        ] GC(557) Survivor regions: 8->21(49)
[249.085s][info][gc,heap        ] GC(557) Old regions: 527->527
[249.085s][info][gc,heap        ] GC(557) Humongous regions: 7->7
[249.085s][info][gc,metaspace   ] GC(557) Metaspace: 18585K(18752K)->18585K(18752K) NonClass: 16757K(16896K)->16757K(16896K) Class: 1828K(1856K)->1828K(1856K)
[249.085s][info][gc             ] GC(557) Pause Young (Prepare Mixed) (G1 Evacuation Pause) 920M->554M(978M) 46.983ms
[249.085s][info][gc,cpu         ] GC(557) User=0.10s Sys=0.00s Real=0.05s
[249.650s][info][gc,start       ] GC(558) Pause Young (Mixed) (G1 Evacuation Pause)
[249.650s][info][gc,task        ] GC(558) Using 2 workers of 2 for evacuation
[249.697s][info][gc,phases      ] GC(558)   Pre Evacuate Collection Set: 0.37ms
[249.697s][info][gc,phases      ] GC(558)   Merge Heap Roots: 0.47ms
[249.697s][info][gc,phases      ] GC(558)   Evacuate Collection Set: 45.77ms
[249.697s][info][gc,phases      ] GC(558)   Post Evacuate Collection Set: 0.87ms
[249.697s][info][gc,phases      ] GC(558)   Other: 0.11ms
[249.697s][info][gc,heap        ] GC(558) Eden regions: 352->0(436)
[249.697s][info][gc,heap        ] GC(558) Survivor regions: 21->21(47)
[249.697s][info][gc,heap        ] GC(558) Old regions: 527->430
[249.697s][info][gc,heap        ] GC(558) Humongous regions: 7->7
[249.697s][info][gc,metaspace   ] GC(558) Metaspace: 18585K(18752K)->18585K(18752K) NonClass: 16757K(16896K)->16757K(16896K) Class: 1828K(1856K)->1828K(1856K)
[249.697s][info][gc             ] GC(558) Pause Young (Mixed) (G1 Evacuation Pause) 906M->456M(978M) 47.878ms
[249.697s][info][gc,cpu         ] GC(558) User=0.09s Sys=0.00s Real=0.05s
[250.372s][info][gc,start       ] GC(559) Pause Young (Mixed) (G1 Evacuation Pause)
[250.372s][info][gc,task        ] GC(559) Using 2 workers of 2 for evacuation
[250.452s][info][gc,phases      ] GC(559)   Pre Evacuate Collection Set: 0.32ms
[250.452s][info][gc,phases      ] GC(559)   Merge Heap Roots: 0.71ms
[250.452s][info][gc,phases      ] GC(559)   Evacuate Collection Set: 77.71ms
[250.452s][info][gc,phases      ] GC(559)   Post Evacuate Collection Set: 0.94ms
[250.452s][info][gc,phases      ] GC(559)   Other: 0.12ms
[250.452s][info][gc,heap        ] GC(559) Eden regions: 436->0(449)
[250.452s][info][gc,heap        ] GC(559) Survivor regions: 21->31(58)
[250.452s][info][gc,heap        ] GC(559) Old regions: 430->406
[250.452s][info][gc,heap        ] GC(559) Humongous regions: 7->7
[250.452s][info][gc,metaspace   ] GC(559) Metaspace: 18585K(18752K)->18585K(18752K) NonClass: 16757K(16896K)->16757K(16896K) Class: 1828K(1856K)->1828K(1856K)
[250.452s][info][gc             ] GC(559) Pause Young (Mixed) (G1 Evacuation Pause) 892M->443M(978M) 80.115ms
[250.452s][info][gc,cpu         ] GC(559) User=0.16s Sys=0.00s Real=0.08s
[250.805s][info][gc,start       ] GC(560) Pause Young (Concurrent Start) (G1 Evacuation Pause)
[250.805s][info][gc,task        ] GC(560) Using 2 workers of 2 for evacuation
[250.968s][info][gc,phases      ] GC(560)   Pre Evacuate Collection Set: 0.28ms
[250.968s][info][gc,phases      ] GC(560)   Merge Heap Roots: 0.62ms
[250.968s][info][gc,phases      ] GC(560)   Evacuate Collection Set: 153.18ms
[250.968s][info][gc,phases      ] GC(560)   Post Evacuate Collection Set: 8.11ms
[250.968s][info][gc,phases      ] GC(560)   Other: 0.16ms
[250.968s][info][gc,heap        ] GC(560) Eden regions: 449->0(275)
[250.968s][info][gc,heap        ] GC(560) Survivor regions: 31->60(60)
[250.968s][info][gc,heap        ] GC(560) Old regions: 406->526
[250.968s][info][gc,heap        ] GC(560) Humongous regions: 7->7
[250.968s][info][gc,metaspace   ] GC(560) Metaspace: 18587K(18752K)->18587K(18752K) NonClass: 16759K(16896K)->16759K(16896K) Class: 1828K(1856K)->1828K(1856K)
[250.968s][info][gc             ] GC(560) Pause Young (Concurrent Start) (G1 Evacuation Pause) (Evacuation Failure: Allocation) 892M->592M(978M) 162.640ms
[250.968s][info][gc,cpu         ] GC(560) User=0.33s Sys=0.00s Real=0.16s
[250.968s][info][gc             ] GC(561) Concurrent Mark Cycle
[250.971s][info][gc,marking     ] GC(561) Concurrent Scan Root Regions
[251.203s][info][gc,marking     ] GC(561) Concurrent Scan Root Regions 232.721ms
[251.203s][info][gc,marking     ] GC(561) Concurrent Mark
[251.203s][info][gc,marking     ] GC(561) Concurrent Mark From Roots
[251.203s][info][gc,task        ] GC(561) Using 1 workers of 1 for marking
[251.280s][info][gc,start       ] GC(562) Pause Young (Normal) (G1 Evacuation Pause)
[251.280s][info][gc,task        ] GC(562) Using 2 workers of 2 for evacuation
[251.383s][info][gc,phases      ] GC(562)   Pre Evacuate Collection Set: 0.39ms
[251.383s][info][gc,phases      ] GC(562)   Merge Heap Roots: 0.87ms
[251.383s][info][gc,phases      ] GC(562)   Evacuate Collection Set: 100.92ms
[251.383s][info][gc,phases      ] GC(562)   Post Evacuate Collection Set: 0.70ms
[251.383s][info][gc,phases      ] GC(562)   Other: 0.12ms
[251.383s][info][gc,heap        ] GC(562) Eden regions: 275->0(382)
[251.383s][info][gc,heap        ] GC(562) Survivor regions: 60->2(42)
[251.383s][info][gc,heap        ] GC(562) Old regions: 526->508
[251.383s][info][gc,heap        ] GC(562) Humongous regions: 7->7
[251.383s][info][gc,metaspace   ] GC(562) Metaspace: 18587K(18752K)->18587K(18752K) NonClass: 16759K(16896K)->16759K(16896K) Class: 1828K(1856K)->1828K(1856K)
[251.383s][info][gc             ] GC(562) Pause Young (Normal) (G1 Evacuation Pause) 867M->516M(978M) 103.275ms
[251.383s][info][gc,cpu         ] GC(562) User=0.21s Sys=0.00s Real=0.11s
[251.841s][info][gc,start       ] GC(563) Pause Young (Normal) (G1 Evacuation Pause)
[251.842s][info][gc,task        ] GC(563) Using 2 workers of 2 for evacuation
[251.870s][info][gc,phases      ] GC(563)   Pre Evacuate Collection Set: 0.29ms
[251.870s][info][gc,phases      ] GC(563)   Merge Heap Roots: 0.57ms
[251.870s][info][gc,phases      ] GC(563)   Evacuate Collection Set: 26.32ms
[251.870s][info][gc,phases      ] GC(563)   Post Evacuate Collection Set: 0.66ms
[251.870s][info][gc,phases      ] GC(563)   Other: 0.12ms
[251.870s][info][gc,heap        ] GC(563) Eden regions: 382->0(381)
[251.870s][info][gc,heap        ] GC(563) Survivor regions: 2->12(48)
[251.870s][info][gc,heap        ] GC(563) Old regions: 508->508
[251.870s][info][gc,heap        ] GC(563) Humongous regions: 7->7
[251.870s][info][gc,metaspace   ] GC(563) Metaspace: 18589K(18752K)->18589K(18752K) NonClass: 16761K(16896K)->16761K(16896K) Class: 1828K(1856K)->1828K(1856K)
[251.870s][info][gc             ] GC(563) Pause Young (Normal) (G1 Evacuation Pause) 898M->526M(978M) 28.272ms
[251.870s][info][gc,cpu         ] GC(563) User=0.06s Sys=0.00s Real=0.03s
[251.987s][info][gc,marking     ] GC(561) Concurrent Mark From Roots 783.175ms
[251.987s][info][gc,marking     ] GC(561) Concurrent Preclean
[251.987s][info][gc,marking     ] GC(561) Concurrent Preclean 0.047ms
[251.987s][info][gc,start       ] GC(561) Pause Remark
[251.995s][info][gc             ] GC(561) Pause Remark 650M->517M(978M) 8.013ms
[251.995s][info][gc,cpu         ] GC(561) User=0.01s Sys=0.00s Real=0.01s
[251.997s][info][gc,marking     ] GC(561) Concurrent Mark 793.176ms
[251.997s][info][gc,marking     ] GC(561) Concurrent Rebuild Remembered Sets and Scrub Regions
[252.322s][info][gc,marking     ] GC(561) Concurrent Rebuild Remembered Sets and Scrub Regions 325.340ms
[252.322s][info][gc,start       ] GC(561) Pause Cleanup
[252.322s][info][gc             ] GC(561) Pause Cleanup 706M->706M(978M) 0.125ms
[252.322s][info][gc,cpu         ] GC(561) User=0.00s Sys=0.00s Real=0.00s
[252.323s][info][gc,marking     ] GC(561) Concurrent Clear Claimed Marks
[252.323s][info][gc,marking     ] GC(561) Concurrent Clear Claimed Marks 0.058ms
[252.323s][info][gc,marking     ] GC(561) Concurrent Cleanup for Next Mark
[252.326s][info][gc,marking     ] GC(561) Concurrent Cleanup for Next Mark 3.058ms
[252.326s][info][gc             ] GC(561) Concurrent Mark Cycle 1358.078ms
[252.480s][info][gc,start       ] GC(564) Pause Young (Prepare Mixed) (G1 Evacuation Pause)
[252.480s][info][gc,task        ] GC(564) Using 2 workers of 2 for evacuation
[252.554s][info][gc,phases      ] GC(564)   Pre Evacuate Collection Set: 0.56ms
[252.554s][info][gc,phases      ] GC(564)   Merge Heap Roots: 0.57ms
[252.554s][info][gc,phases      ] GC(564)   Evacuate Collection Set: 71.77ms
[252.554s][info][gc,phases      ] GC(564)   Post Evacuate Collection Set: 0.75ms
[252.554s][info][gc,phases      ] GC(564)   Other: 0.10ms
[252.554s][info][gc,heap        ] GC(564) Eden regions: 381->0(375)
[252.554s][info][gc,heap        ] GC(564) Survivor regions: 12->50(50)
[252.554s][info][gc,heap        ] GC(564) Old regions: 378->380
[252.554s][info][gc,heap        ] GC(564) Humongous regions: 4->4
[252.554s][info][gc,metaspace   ] GC(564) Metaspace: 18589K(18752K)->18589K(18752K) NonClass: 16761K(16896K)->16761K(16896K) Class: 1828K(1856K)->1828K(1856K)
[252.554s][info][gc             ] GC(564) Pause Young (Prepare Mixed) (G1 Evacuation Pause) 774M->433M(978M) 74.017ms
[252.554s][info][gc,cpu         ] GC(564) User=0.14s Sys=0.01s Real=0.08s
[253.717s][info][gc,start       ] GC(565) Pause Young (Mixed) (G1 Evacuation Pause)
[253.717s][info][gc,task        ] GC(565) Using 2 workers of 2 for evacuation
[253.782s][info][gc,phases      ] GC(565)   Pre Evacuate Collection Set: 0.55ms
[253.782s][info][gc,phases      ] GC(565)   Merge Heap Roots: 0.38ms
[253.782s][info][gc,phases      ] GC(565)   Evacuate Collection Set: 62.94ms
[253.782s][info][gc,phases      ] GC(565)   Post Evacuate Collection Set: 0.69ms
[253.782s][info][gc,phases      ] GC(565)   Other: 0.10ms
[253.782s][info][gc,heap        ] GC(565) Eden regions: 401->0(448)
[253.782s][info][gc,heap        ] GC(565) Survivor regions: 50->1(57)
[253.782s][info][gc,heap        ] GC(565) Old regions: 380->427
[253.782s][info][gc,heap        ] GC(565) Humongous regions: 4->4
[253.782s][info][gc,metaspace   ] GC(565) Metaspace: 18589K(18752K)->18589K(18752K) NonClass: 16761K(16896K)->16761K(16896K) Class: 1828K(1856K)->1828K(1856K)
[253.782s][info][gc             ] GC(565) Pause Young (Mixed) (G1 Evacuation Pause) 834M->431M(978M) 64.921ms
[253.782s][info][gc,cpu         ] GC(565) User=0.13s Sys=0.00s Real=0.06s
[254.562s][info][gc,start       ] GC(566) Pause Young (Mixed) (G1 Evacuation Pause)
[254.562s][info][gc,task        ] GC(566) Using 2 workers of 2 for evacuation
[254.665s][info][gc,phases      ] GC(566)   Pre Evacuate Collection Set: 0.57ms
[254.665s][info][gc,phases      ] GC(566)   Merge Heap Roots: 0.29ms
[254.665s][info][gc,phases      ] GC(566)   Evacuate Collection Set: 101.48ms
[254.665s][info][gc,phases      ] GC(566)   Post Evacuate Collection Set: 1.06ms
[254.665s][info][gc,phases      ] GC(566)   Other: 0.14ms
[254.665s][info][gc,heap        ] GC(566) Eden regions: 448->0(359)
[254.665s][info][gc,heap        ] GC(566) Survivor regions: 1->57(57)
[254.665s][info][gc,heap        ] GC(566) Old regions: 427->426
[254.665s][info][gc,heap        ] GC(566) Humongous regions: 4->4
[254.665s][info][gc,metaspace   ] GC(566) Metaspace: 18589K(18752K)->18589K(18752K) NonClass: 16761K(16896K)->16761K(16896K) Class: 1828K(1856K)->1828K(1856K)
[254.665s][info][gc             ] GC(566) Pause Young (Mixed) (G1 Evacuation Pause) 879M->486M(978M) 103.839ms
[254.665s][info][gc,cpu         ] GC(566) User=0.20s Sys=0.00s Real=0.11s
[255.376s][info][gc,start       ] GC(567) Pause Young (Concurrent Start) (G1 Evacuation Pause)
[255.376s][info][gc,task        ] GC(567) Using 2 workers of 2 for evacuation
[255.508s][info][gc,phases      ] GC(567)   Pre Evacuate Collection Set: 0.31ms
[255.508s][info][gc,phases      ] GC(567)   Merge Heap Roots: 0.44ms
[255.508s][info][gc,phases      ] GC(567)   Evacuate Collection Set: 130.30ms
[255.508s][info][gc,phases      ] GC(567)   Post Evacuate Collection Set: 0.78ms
[255.508s][info][gc,phases      ] GC(567)   Other: 0.16ms
[255.508s][info][gc,heap        ] GC(567) Eden regions: 359->0(295)
[255.508s][info][gc,heap        ] GC(567) Survivor regions: 57->52(52)
[255.508s][info][gc,heap        ] GC(567) Old regions: 426->496
[255.508s][info][gc,heap        ] GC(567) Humongous regions: 4->4
[255.508s][info][gc,metaspace   ] GC(567) Metaspace: 18597K(18752K)->18597K(18752K) NonClass: 16769K(16896K)->16769K(16896K) Class: 1828K(1856K)->1828K(1856K)
[255.508s][info][gc             ] GC(567) Pause Young (Concurrent Start) (G1 Evacuation Pause) 845M->551M(978M) 132.267ms
[255.508s][info][gc,cpu         ] GC(567) User=0.26s Sys=0.00s Real=0.13s
[255.508s][info][gc             ] GC(568) Concurrent Mark Cycle
[255.508s][info][gc,marking     ] GC(568) Concurrent Scan Root Regions
[255.625s][info][gc,marking     ] GC(568) Concurrent Scan Root Regions 117.077ms
[255.625s][info][gc,marking     ] GC(568) Concurrent Mark
[255.625s][info][gc,marking     ] GC(568) Concurrent Mark From Roots
[255.625s][info][gc,task        ] GC(568) Using 1 workers of 1 for marking
[256.382s][info][gc,start       ] GC(569) Pause Young (Normal) (G1 Evacuation Pause)
[256.382s][info][gc,task        ] GC(569) Using 2 workers of 2 for evacuation
[256.530s][info][gc,phases      ] GC(569)   Pre Evacuate Collection Set: 0.32ms
[256.530s][info][gc,phases      ] GC(569)   Merge Heap Roots: 0.58ms
[256.530s][info][gc,phases      ] GC(569)   Evacuate Collection Set: 146.63ms
[256.530s][info][gc,phases      ] GC(569)   Post Evacuate Collection Set: 0.99ms
[256.531s][info][gc,phases      ] GC(569)   Other: 0.09ms
[256.531s][info][gc,heap        ] GC(569) Eden regions: 295->0(241)
[256.531s][info][gc,heap        ] GC(569) Survivor regions: 52->44(44)
[256.531s][info][gc,heap        ] GC(569) Old regions: 496->558
[256.531s][info][gc,heap        ] GC(569) Humongous regions: 10->10
[256.531s][info][gc,metaspace   ] GC(569) Metaspace: 18597K(18752K)->18597K(18752K) NonClass: 16769K(16896K)->16769K(16896K) Class: 1828K(1856K)->1828K(1856K)
[256.531s][info][gc             ] GC(569) Pause Young (Normal) (G1 Evacuation Pause) 852M->611M(978M) 148.894ms
[256.531s][info][gc,cpu         ] GC(569) User=0.30s Sys=0.00s Real=0.15s
[257.141s][info][gc,marking     ] GC(568) Concurrent Mark From Roots 1515.604ms
[257.141s][info][gc,marking     ] GC(568) Concurrent Preclean
[257.141s][info][gc,marking     ] GC(568) Concurrent Preclean 0.047ms
[257.141s][info][gc,start       ] GC(568) Pause Remark
[257.149s][info][gc             ] GC(568) Pause Remark 852M->852M(978M) 7.992ms
[257.149s][info][gc,cpu         ] GC(568) User=0.02s Sys=0.00s Real=0.01s
[257.150s][info][gc,marking     ] GC(568) Concurrent Mark 1525.277ms
[257.150s][info][gc,marking     ] GC(568) Concurrent Rebuild Remembered Sets and Scrub Regions
[257.153s][info][gc,start       ] GC(570) Pause Young (Normal) (G1 Evacuation Pause)
[257.153s][info][gc,task        ] GC(570) Using 2 workers of 2 for evacuation
[257.298s][info][gc,phases      ] GC(570)   Pre Evacuate Collection Set: 0.46ms
[257.298s][info][gc,phases      ] GC(570)   Merge Heap Roots: 0.80ms
[257.298s][info][gc,phases      ] GC(570)   Evacuate Collection Set: 143.28ms
[257.298s][info][gc,phases      ] GC(570)   Post Evacuate Collection Set: 0.60ms
[257.298s][info][gc,phases      ] GC(570)   Other: 0.11ms
[257.298s][info][gc,heap        ] GC(570) Eden regions: 241->0(206)
[257.298s][info][gc,heap        ] GC(570) Survivor regions: 44->36(36)
[257.298s][info][gc,heap        ] GC(570) Old regions: 558->614
[257.298s][info][gc,heap        ] GC(570) Humongous regions: 11->11
[257.298s][info][gc,metaspace   ] GC(570) Metaspace: 18598K(18752K)->18598K(18752K) NonClass: 16770K(16896K)->16770K(16896K) Class: 1828K(1856K)->1828K(1856K)
[257.298s][info][gc             ] GC(570) Pause Young (Normal) (G1 Evacuation Pause) 853M->660M(978M) 145.508ms
[257.298s][info][gc,cpu         ] GC(570) User=0.29s Sys=0.00s Real=0.14s
[257.790s][info][gc,marking     ] GC(568) Concurrent Rebuild Remembered Sets and Scrub Regions 639.151ms
[257.790s][info][gc,start       ] GC(568) Pause Cleanup
[257.790s][info][gc             ] GC(568) Pause Cleanup 843M->843M(978M) 0.121ms
[257.790s][info][gc,cpu         ] GC(568) User=0.00s Sys=0.00s Real=0.00s
[257.792s][info][gc,marking     ] GC(568) Concurrent Clear Claimed Marks
[257.792s][info][gc,marking     ] GC(568) Concurrent Clear Claimed Marks 0.043ms
[257.792s][info][gc,marking     ] GC(568) Concurrent Cleanup for Next Mark
[257.800s][info][gc,marking     ] GC(568) Concurrent Cleanup for Next Mark 8.031ms
[257.800s][info][gc             ] GC(568) Concurrent Mark Cycle 2291.764ms
[257.835s][info][gc,start       ] GC(571) Pause Young (Prepare Mixed) (G1 Evacuation Pause)
[257.835s][info][gc,task        ] GC(571) Using 2 workers of 2 for evacuation
[257.897s][info][gc,phases      ] GC(571)   Pre Evacuate Collection Set: 0.44ms
[257.897s][info][gc,phases      ] GC(571)   Merge Heap Roots: 0.34ms
[257.897s][info][gc,phases      ] GC(571)   Evacuate Collection Set: 60.42ms
[257.897s][info][gc,phases      ] GC(571)   Post Evacuate Collection Set: 0.58ms
[257.897s][info][gc,phases      ] GC(571)   Other: 0.12ms
[257.897s][info][gc,heap        ] GC(571) Eden regions: 206->0(213)
[257.898s][info][gc,heap        ] GC(571) Survivor regions: 36->7(31)
[257.898s][info][gc,heap        ] GC(571) Old regions: 614->650
[257.898s][info][gc,heap        ] GC(571) Humongous regions: 13->13
[257.898s][info][gc,metaspace   ] GC(571) Metaspace: 18598K(18752K)->18598K(18752K) NonClass: 16770K(16896K)->16770K(16896K) Class: 1828K(1856K)->1828K(1856K)
[257.898s][info][gc             ] GC(571) Pause Young (Prepare Mixed) (G1 Evacuation Pause) 868M->669M(978M) 62.318ms
[257.898s][info][gc,cpu         ] GC(571) User=0.13s Sys=0.00s Real=0.06s
[258.273s][info][gc,start       ] GC(572) Pause Young (Mixed) (G1 Evacuation Pause)
[258.273s][info][gc,task        ] GC(572) Using 2 workers of 2 for evacuation
[258.286s][info][gc,phases      ] GC(572)   Pre Evacuate Collection Set: 0.34ms
[258.286s][info][gc,phases      ] GC(572)   Merge Heap Roots: 0.12ms
[258.286s][info][gc,phases      ] GC(572)   Evacuate Collection Set: 12.09ms
[258.286s][info][gc,phases      ] GC(572)   Post Evacuate Collection Set: 0.51ms
[258.286s][info][gc,phases      ] GC(572)   Other: 0.12ms
[258.286s][info][gc,heap        ] GC(572) Eden regions: 213->0(233)
[258.286s][info][gc,heap        ] GC(572) Survivor regions: 7->7(28)
[258.286s][info][gc,heap        ] GC(572) Old regions: 650->641
[258.286s][info][gc,heap        ] GC(572) Humongous regions: 13->13
[258.286s][info][gc,metaspace   ] GC(572) Metaspace: 18598K(18752K)->18598K(18752K) NonClass: 16770K(16896K)->16770K(16896K) Class: 1828K(1856K)->1828K(1856K)
[258.286s][info][gc             ] GC(572) Pause Young (Mixed) (G1 Evacuation Pause) 882M->660M(978M) 13.491ms
[258.286s][info][gc,cpu         ] GC(572) User=0.02s Sys=0.00s Real=0.02s
[258.714s][info][gc,start       ] GC(573) Pause Young (Concurrent Start) (G1 Evacuation Pause)
[258.714s][info][gc,task        ] GC(573) Using 2 workers of 2 for evacuation
[258.727s][info][gc,phases      ] GC(573)   Pre Evacuate Collection Set: 0.40ms
[258.728s][info][gc,phases      ] GC(573)   Merge Heap Roots: 0.12ms
[258.728s][info][gc,phases      ] GC(573)   Evacuate Collection Set: 12.05ms
[258.728s][info][gc,phases      ] GC(573)   Post Evacuate Collection Set: 0.54ms
[258.728s][info][gc,phases      ] GC(573)   Other: 0.15ms
[258.728s][info][gc,heap        ] GC(573) Eden regions: 233->0(247)
[258.728s][info][gc,heap        ] GC(573) Survivor regions: 7->7(30)
[258.728s][info][gc,heap        ] GC(573) Old regions: 641->641
[258.728s][info][gc,heap        ] GC(573) Humongous regions: 13->13
[258.728s][info][gc,metaspace   ] GC(573) Metaspace: 18598K(18752K)->18598K(18752K) NonClass: 16770K(16896K)->16770K(16896K) Class: 1828K(1856K)->1828K(1856K)
[258.728s][info][gc             ] GC(573) Pause Young (Concurrent Start) (G1 Evacuation Pause) 893M->659M(978M) 13.574ms
[258.728s][info][gc,cpu         ] GC(573) User=0.03s Sys=0.00s Real=0.01s
[258.728s][info][gc             ] GC(574) Concurrent Mark Cycle
[258.728s][info][gc,marking     ] GC(574) Concurrent Scan Root Regions
[258.751s][info][gc,marking     ] GC(574) Concurrent Scan Root Regions 22.817ms
[258.751s][info][gc,marking     ] GC(574) Concurrent Mark
[258.751s][info][gc,marking     ] GC(574) Concurrent Mark From Roots
[258.751s][info][gc,task        ] GC(574) Using 1 workers of 1 for marking
[259.740s][info][gc,start       ] GC(575) Pause Young (Normal) (G1 Evacuation Pause)
[259.740s][info][gc,task        ] GC(575) Using 2 workers of 2 for evacuation
[259.753s][info][gc,phases      ] GC(575)   Pre Evacuate Collection Set: 0.30ms
[259.753s][info][gc,phases      ] GC(575)   Merge Heap Roots: 0.12ms
[259.753s][info][gc,phases      ] GC(575)   Evacuate Collection Set: 11.91ms
[259.753s][info][gc,phases      ] GC(575)   Post Evacuate Collection Set: 0.51ms
[259.753s][info][gc,phases      ] GC(575)   Other: 0.11ms
[259.753s][info][gc,heap        ] GC(575) Eden regions: 247->0(259)
[259.753s][info][gc,heap        ] GC(575) Survivor regions: 7->7(32)
[259.753s][info][gc,heap        ] GC(575) Old regions: 641->641
[259.753s][info][gc,heap        ] GC(575) Humongous regions: 13->13
[259.753s][info][gc,metaspace   ] GC(575) Metaspace: 18598K(18752K)->18598K(18752K) NonClass: 16770K(16896K)->16770K(16896K) Class: 1828K(1856K)->1828K(1856K)
[259.753s][info][gc             ] GC(575) Pause Young (Normal) (G1 Evacuation Pause) 906M->660M(978M) 13.228ms
[259.753s][info][gc,cpu         ] GC(575) User=0.03s Sys=0.00s Real=0.02s
[260.273s][info][gc,marking     ] GC(574) Concurrent Mark From Roots 1522.768ms
[260.274s][info][gc,marking     ] GC(574) Concurrent Preclean
[260.274s][info][gc,marking     ] GC(574) Concurrent Preclean 0.052ms
[260.274s][info][gc,start       ] GC(574) Pause Remark
[260.282s][info][gc             ] GC(574) Pause Remark 786M->735M(978M) 8.151ms
[260.282s][info][gc,cpu         ] GC(574) User=0.02s Sys=0.00s Real=0.00s
[260.284s][info][gc,marking     ] GC(574) Concurrent Mark 1532.890ms
[260.284s][info][gc,marking     ] GC(574) Concurrent Rebuild Remembered Sets and Scrub Regions
[260.629s][info][gc,start       ] GC(576) Pause Young (Normal) (G1 Evacuation Pause)
[260.630s][info][gc,task        ] GC(576) Using 2 workers of 2 for evacuation
[260.643s][info][gc,phases      ] GC(576)   Pre Evacuate Collection Set: 0.34ms
[260.643s][info][gc,phases      ] GC(576)   Merge Heap Roots: 0.13ms
[260.643s][info][gc,phases      ] GC(576)   Evacuate Collection Set: 11.95ms
[260.643s][info][gc,phases      ] GC(576)   Post Evacuate Collection Set: 0.50ms
[260.643s][info][gc,phases      ] GC(576)   Other: 0.12ms
[260.643s][info][gc,heap        ] GC(576) Eden regions: 259->0(308)
[260.643s][info][gc,heap        ] GC(576) Survivor regions: 7->7(34)
[260.643s][info][gc,heap        ] GC(576) Old regions: 596->596
[260.643s][info][gc,heap        ] GC(576) Humongous regions: 7->7
[260.643s][info][gc,metaspace   ] GC(576) Metaspace: 18598K(18752K)->18598K(18752K) NonClass: 16770K(16896K)->16770K(16896K) Class: 1828K(1856K)->1828K(1856K)
[260.643s][info][gc             ] GC(576) Pause Young (Normal) (G1 Evacuation Pause) 868M->609M(978M) 13.348ms
[260.643s][info][gc,cpu         ] GC(576) User=0.02s Sys=0.00s Real=0.02s
[261.003s][info][gc,marking     ] GC(574) Concurrent Rebuild Remembered Sets and Scrub Regions 719.268ms
[261.003s][info][gc,start       ] GC(574) Pause Cleanup
[261.003s][info][gc             ] GC(574) Pause Cleanup 765M->765M(978M) 0.216ms
[261.003s][info][gc,cpu         ] GC(574) User=0.00s Sys=0.00s Real=0.00s
[261.004s][info][gc,marking     ] GC(574) Concurrent Clear Claimed Marks
[261.004s][info][gc,marking     ] GC(574) Concurrent Clear Claimed Marks 0.045ms
[261.004s][info][gc,marking     ] GC(574) Concurrent Cleanup for Next Mark
[261.011s][info][gc,marking     ] GC(574) Concurrent Cleanup for Next Mark 6.119ms
[261.011s][info][gc             ] GC(574) Concurrent Mark Cycle 2282.924ms
[261.168s][info][gc,start       ] GC(577) Pause Young (Prepare Mixed) (G1 Evacuation Pause)
[261.168s][info][gc,task        ] GC(577) Using 2 workers of 2 for evacuation
[261.213s][info][gc,phases      ] GC(577)   Pre Evacuate Collection Set: 0.31ms
[261.213s][info][gc,phases      ] GC(577)   Merge Heap Roots: 0.20ms
[261.213s][info][gc,phases      ] GC(577)   Evacuate Collection Set: 43.98ms
[261.213s][info][gc,phases      ] GC(577)   Post Evacuate Collection Set: 0.64ms
[261.213s][info][gc,phases      ] GC(577)   Other: 0.11ms
[261.213s][info][gc,heap        ] GC(577) Eden regions: 308->0(261)
[261.213s][info][gc,heap        ] GC(577) Survivor regions: 7->32(40)
[261.213s][info][gc,heap        ] GC(577) Old regions: 596->596
[261.213s][info][gc,heap        ] GC(577) Humongous regions: 7->7
[261.213s][info][gc,metaspace   ] GC(577) Metaspace: 18598K(18752K)->18598K(18752K) NonClass: 16770K(16896K)->16770K(16896K) Class: 1828K(1856K)->1828K(1856K)
[261.213s][info][gc             ] GC(577) Pause Young (Prepare Mixed) (G1 Evacuation Pause) 917M->633M(978M) 45.550ms
[261.213s][info][gc,cpu         ] GC(577) User=0.09s Sys=0.00s Real=0.05s
[261.469s][info][gc,start       ] GC(578) Pause Young (Mixed) (G1 Evacuation Pause)
[261.469s][info][gc,task        ] GC(578) Using 2 workers of 2 for evacuation
[261.559s][info][gc,phases      ] GC(578)   Pre Evacuate Collection Set: 0.61ms
[261.560s][info][gc,phases      ] GC(578)   Merge Heap Roots: 0.74ms
[261.560s][info][gc,phases      ] GC(578)   Evacuate Collection Set: 87.82ms
[261.560s][info][gc,phases      ] GC(578)   Post Evacuate Collection Set: 0.90ms
[261.560s][info][gc,phases      ] GC(578)   Other: 0.11ms
[261.560s][info][gc,heap        ] GC(578) Eden regions: 261->0(340)
[261.560s][info][gc,heap        ] GC(578) Survivor regions: 32->9(37)
[261.560s][info][gc,heap        ] GC(578) Old regions: 596->552
[261.560s][info][gc,heap        ] GC(578) Humongous regions: 7->7
[261.560s][info][gc,metaspace   ] GC(578) Metaspace: 18598K(18752K)->18598K(18752K) NonClass: 16770K(16896K)->16770K(16896K) Class: 1828K(1856K)->1828K(1856K)
[261.560s][info][gc             ] GC(578) Pause Young (Mixed) (G1 Evacuation Pause) 894M->566M(978M) 90.496ms
[261.560s][info][gc,cpu         ] GC(578) User=0.17s Sys=0.00s Real=0.09s
[262.010s][info][gc,start       ] GC(579) Pause Young (Mixed) (G1 Evacuation Pause)
[262.010s][info][gc,task        ] GC(579) Using 2 workers of 2 for evacuation
[262.099s][info][gc,phases      ] GC(579)   Pre Evacuate Collection Set: 0.57ms
[262.100s][info][gc,phases      ] GC(579)   Merge Heap Roots: 2.28ms
[262.100s][info][gc,phases      ] GC(579)   Evacuate Collection Set: 74.95ms
[262.100s][info][gc,phases      ] GC(579)   Merge Optional Heap Roots: 0.23ms
[262.100s][info][gc,phases      ] GC(579)   Evacuate Optional Collection Set: 10.26ms
[262.100s][info][gc,phases      ] GC(579)   Post Evacuate Collection Set: 1.15ms
[262.100s][info][gc,phases      ] GC(579)   Other: 0.13ms
[262.100s][info][gc,heap        ] GC(579) Eden regions: 340->0(360)
[262.100s][info][gc,heap        ] GC(579) Survivor regions: 9->19(44)
[262.100s][info][gc,heap        ] GC(579) Old regions: 552->523
[262.100s][info][gc,heap        ] GC(579) Humongous regions: 7->7
[262.100s][info][gc,metaspace   ] GC(579) Metaspace: 18602K(18752K)->18602K(18752K) NonClass: 16773K(16896K)->16773K(16896K) Class: 1828K(1856K)->1828K(1856K)
[262.100s][info][gc             ] GC(579) Pause Young (Mixed) (G1 Evacuation Pause) 906M->547M(978M) 89.951ms
[262.100s][info][gc,cpu         ] GC(579) User=0.17s Sys=0.00s Real=0.09s
[262.943s][info][gc,start       ] GC(580) Pause Young (Mixed) (G1 Evacuation Pause)
[262.943s][info][gc,task        ] GC(580) Using 2 workers of 2 for evacuation
[263.036s][info][gc,phases      ] GC(580)   Pre Evacuate Collection Set: 0.35ms
[263.036s][info][gc,phases      ] GC(580)   Merge Heap Roots: 1.51ms
[263.036s][info][gc,phases      ] GC(580)   Evacuate Collection Set: 90.97ms
[263.036s][info][gc,phases      ] GC(580)   Post Evacuate Collection Set: 0.67ms
[263.036s][info][gc,phases      ] GC(580)   Other: 0.11ms
[263.036s][info][gc,heap        ] GC(580) Eden regions: 360->0(362)
[263.036s][info][gc,heap        ] GC(580) Survivor regions: 19->19(48)
[263.036s][info][gc,heap        ] GC(580) Old regions: 523->521
[263.036s][info][gc,heap        ] GC(580) Humongous regions: 7->7
[263.036s][info][gc,metaspace   ] GC(580) Metaspace: 18602K(18752K)->18602K(18752K) NonClass: 16773K(16896K)->16773K(16896K) Class: 1828K(1856K)->1828K(1856K)
[263.037s][info][gc             ] GC(580) Pause Young (Mixed) (G1 Evacuation Pause) 907M->545M(978M) 93.930ms
[263.037s][info][gc,cpu         ] GC(580) User=0.19s Sys=0.00s Real=0.09s
[263.628s][info][gc,start       ] GC(581) Pause Young (Concurrent Start) (G1 Evacuation Pause)
[263.629s][info][gc,task        ] GC(581) Using 2 workers of 2 for evacuation
[263.679s][info][gc,phases      ] GC(581)   Pre Evacuate Collection Set: 0.34ms
[263.679s][info][gc,phases      ] GC(581)   Merge Heap Roots: 0.21ms
[263.679s][info][gc,phases      ] GC(581)   Evacuate Collection Set: 49.04ms
[263.679s][info][gc,phases      ] GC(581)   Post Evacuate Collection Set: 0.71ms
[263.679s][info][gc,phases      ] GC(581)   Other: 0.13ms
[263.679s][info][gc,heap        ] GC(581) Eden regions: 362->0(312)
[263.679s][info][gc,heap        ] GC(581) Survivor regions: 19->44(48)
[263.679s][info][gc,heap        ] GC(581) Old regions: 521->521
[263.679s][info][gc,heap        ] GC(581) Humongous regions: 7->7
[263.679s][info][gc,metaspace   ] GC(581) Metaspace: 18602K(18752K)->18602K(18752K) NonClass: 16773K(16896K)->16773K(16896K) Class: 1828K(1856K)->1828K(1856K)
[263.679s][info][gc             ] GC(581) Pause Young (Concurrent Start) (G1 Evacuation Pause) 907M->570M(978M) 50.674ms
[263.679s][info][gc,cpu         ] GC(581) User=0.10s Sys=0.00s Real=0.05s
[263.679s][info][gc             ] GC(582) Concurrent Mark Cycle
[263.679s][info][gc,marking     ] GC(582) Concurrent Scan Root Regions
[263.736s][info][gc,marking     ] GC(582) Concurrent Scan Root Regions 56.291ms
[263.736s][info][gc,marking     ] GC(582) Concurrent Mark
[263.736s][info][gc,marking     ] GC(582) Concurrent Mark From Roots
[263.736s][info][gc,task        ] GC(582) Using 1 workers of 1 for marking
[264.713s][info][gc,start       ] GC(583) Pause Young (Normal) (G1 Evacuation Pause)
[264.713s][info][gc,task        ] GC(583) Using 2 workers of 2 for evacuation
[264.847s][info][gc,phases      ] GC(583)   Pre Evacuate Collection Set: 0.32ms
[264.847s][info][gc,phases      ] GC(583)   Merge Heap Roots: 0.23ms
[264.847s][info][gc,phases      ] GC(583)   Evacuate Collection Set: 129.99ms
[264.847s][info][gc,phases      ] GC(583)   Post Evacuate Collection Set: 3.15ms
[264.847s][info][gc,phases      ] GC(583)   Other: 0.11ms
[264.847s][info][gc,heap        ] GC(583) Eden regions: 312->0(239)
[264.847s][info][gc,heap        ] GC(583) Survivor regions: 44->45(45)
[264.847s][info][gc,heap        ] GC(583) Old regions: 521->589
[264.847s][info][gc,heap        ] GC(583) Humongous regions: 10->10
[264.847s][info][gc,metaspace   ] GC(583) Metaspace: 18613K(18752K)->18613K(18752K) NonClass: 16785K(16896K)->16785K(16896K) Class: 1828K(1856K)->1828K(1856K)
[264.847s][info][gc             ] GC(583) Pause Young (Normal) (G1 Evacuation Pause) (Evacuation Failure: Allocation) 885M->643M(978M) 134.091ms
[264.847s][info][gc,cpu         ] GC(583) User=0.26s Sys=0.00s Real=0.13s
[265.266s][info][gc,marking     ] GC(582) Concurrent Mark From Roots 1530.243ms
[265.266s][info][gc,marking     ] GC(582) Concurrent Preclean
[265.266s][info][gc,marking     ] GC(582) Concurrent Preclean 0.047ms
[265.266s][info][gc,start       ] GC(582) Pause Remark
[265.275s][info][gc             ] GC(582) Pause Remark 743M->743M(978M) 9.219ms
[265.275s][info][gc,cpu         ] GC(582) User=0.01s Sys=0.00s Real=0.01s
[265.275s][info][gc,marking     ] GC(582) Concurrent Mark 1539.874ms
[265.275s][info][gc,marking     ] GC(582) Concurrent Rebuild Remembered Sets and Scrub Regions
[265.675s][info][gc,start       ] GC(584) Pause Young (Normal) (G1 Evacuation Pause)
[265.675s][info][gc,task        ] GC(584) Using 2 workers of 2 for evacuation
[265.734s][info][gc,phases      ] GC(584)   Pre Evacuate Collection Set: 0.37ms
[265.734s][info][gc,phases      ] GC(584)   Merge Heap Roots: 0.43ms
[265.734s][info][gc,phases      ] GC(584)   Evacuate Collection Set: 57.94ms
[265.734s][info][gc,phases      ] GC(584)   Post Evacuate Collection Set: 0.53ms
[265.734s][info][gc,phases      ] GC(584)   Other: 0.14ms
[265.734s][info][gc,heap        ] GC(584) Eden regions: 239->0(273)
[265.734s][info][gc,heap        ] GC(584) Survivor regions: 45->1(36)
[265.734s][info][gc,heap        ] GC(584) Old regions: 589->622
[265.734s][info][gc,heap        ] GC(584) Humongous regions: 10->10
[265.734s][info][gc,metaspace   ] GC(584) Metaspace: 18613K(18752K)->18613K(18752K) NonClass: 16785K(16896K)->16785K(16896K) Class: 1828K(1856K)->1828K(1856K)
[265.735s][info][gc             ] GC(584) Pause Young (Normal) (G1 Evacuation Pause) 882M->632M(978M) 59.660ms
[265.735s][info][gc,cpu         ] GC(584) User=0.12s Sys=0.00s Real=0.06s
[265.823s][info][gc,marking     ] GC(582) Concurrent Rebuild Remembered Sets and Scrub Regions 547.431ms
[265.823s][info][gc,start       ] GC(582) Pause Cleanup
[265.823s][info][gc             ] GC(582) Pause Cleanup 658M->658M(978M) 0.126ms
[265.823s][info][gc,cpu         ] GC(582) User=0.00s Sys=0.00s Real=0.00s
[265.823s][info][gc,marking     ] GC(582) Concurrent Clear Claimed Marks
[265.823s][info][gc,marking     ] GC(582) Concurrent Clear Claimed Marks 0.034ms
[265.823s][info][gc,marking     ] GC(582) Concurrent Cleanup for Next Mark
[265.826s][info][gc,marking     ] GC(582) Concurrent Cleanup for Next Mark 3.027ms
[265.826s][info][gc             ] GC(582) Concurrent Mark Cycle 2147.297ms
[266.249s][info][gc,start       ] GC(585) Pause Young (Prepare Mixed) (G1 Evacuation Pause)
[266.249s][info][gc,task        ] GC(585) Using 2 workers of 2 for evacuation
[266.250s][info][gc,phases      ] GC(585)   Pre Evacuate Collection Set: 0.57ms
[266.250s][info][gc,phases      ] GC(585)   Merge Heap Roots: 0.11ms
[266.250s][info][gc,phases      ] GC(585)   Evacuate Collection Set: 0.23ms
[266.250s][info][gc,phases      ] GC(585)   Post Evacuate Collection Set: 0.45ms
[266.250s][info][gc,phases      ] GC(585)   Other: 0.11ms
[266.250s][info][gc,heap        ] GC(585) Eden regions: 273->0(284)
[266.250s][info][gc,heap        ] GC(585) Survivor regions: 1->1(35)
[266.250s][info][gc,heap        ] GC(585) Old regions: 622->622
[266.250s][info][gc,heap        ] GC(585) Humongous regions: 10->10
[266.250s][info][gc,metaspace   ] GC(585) Metaspace: 18613K(18752K)->18613K(18752K) NonClass: 16785K(16896K)->16785K(16896K) Class: 1828K(1856K)->1828K(1856K)
[266.250s][info][gc             ] GC(585) Pause Young (Prepare Mixed) (G1 Evacuation Pause) 905M->632M(978M) 1.695ms
[266.250s][info][gc,cpu         ] GC(585) User=0.00s Sys=0.00s Real=0.00s
[266.719s][info][gc,start       ] GC(586) Pause Young (Mixed) (G1 Evacuation Pause)
[266.719s][info][gc,task        ] GC(586) Using 2 workers of 2 for evacuation
[266.745s][info][gc,phases      ] GC(586)   Pre Evacuate Collection Set: 0.37ms
[266.745s][info][gc,phases      ] GC(586)   Merge Heap Roots: 0.47ms
[266.745s][info][gc,phases      ] GC(586)   Evacuate Collection Set: 23.73ms
[266.745s][info][gc,phases      ] GC(586)   Post Evacuate Collection Set: 0.56ms
[266.745s][info][gc,phases      ] GC(586)   Other: 0.13ms
[266.745s][info][gc,heap        ] GC(586) Eden regions: 284->0(294)
[266.745s][info][gc,heap        ] GC(586) Survivor regions: 1->5(36)
[266.745s][info][gc,heap        ] GC(586) Old regions: 622->614
[266.745s][info][gc,heap        ] GC(586) Humongous regions: 10->10
[266.745s][info][gc,metaspace   ] GC(586) Metaspace: 18613K(18752K)->18613K(18752K) NonClass: 16785K(16896K)->16785K(16896K) Class: 1828K(1856K)->1828K(1856K)
[266.745s][info][gc             ] GC(586) Pause Young (Mixed) (G1 Evacuation Pause) 916M->628M(978M) 25.582ms
[266.745s][info][gc,cpu         ] GC(586) User=0.05s Sys=0.01s Real=0.03s
[267.058s][info][gc,start       ] GC(587) Pause Young (Concurrent Start) (G1 Evacuation Pause)
[267.058s][info][gc,task        ] GC(587) Using 2 workers of 2 for evacuation
[267.122s][info][gc,phases      ] GC(587)   Pre Evacuate Collection Set: 0.34ms
[267.122s][info][gc,phases      ] GC(587)   Merge Heap Roots: 0.31ms
[267.122s][info][gc,phases      ] GC(587)   Evacuate Collection Set: 62.37ms
[267.122s][info][gc,phases      ] GC(587)   Post Evacuate Collection Set: 0.66ms
[267.122s][info][gc,phases      ] GC(587)   Other: 0.13ms
[267.122s][info][gc,heap        ] GC(587) Eden regions: 294->0(219)
[267.122s][info][gc,heap        ] GC(587) Survivor regions: 5->38(38)
[267.122s][info][gc,heap        ] GC(587) Old regions: 614->623
[267.122s][info][gc,heap        ] GC(587) Humongous regions: 10->10
[267.122s][info][gc,metaspace   ] GC(587) Metaspace: 18613K(18752K)->18613K(18752K) NonClass: 16785K(16896K)->16785K(16896K) Class: 1828K(1856K)->1828K(1856K)
[267.122s][info][gc             ] GC(587) Pause Young (Concurrent Start) (G1 Evacuation Pause) 922M->670M(978M) 64.099ms
[267.122s][info][gc,cpu         ] GC(587) User=0.13s Sys=0.00s Real=0.06s
[267.124s][info][gc             ] GC(588) Concurrent Mark Cycle
[267.124s][info][gc,marking     ] GC(588) Concurrent Scan Root Regions
[267.209s][info][gc,marking     ] GC(588) Concurrent Scan Root Regions 85.077ms
[267.209s][info][gc,marking     ] GC(588) Concurrent Mark
[267.209s][info][gc,marking     ] GC(588) Concurrent Mark From Roots
[267.209s][info][gc,task        ] GC(588) Using 1 workers of 1 for marking
[267.448s][info][gc,start       ] GC(589) Pause Young (Normal) (G1 Evacuation Pause)
[267.448s][info][gc,task        ] GC(589) Using 2 workers of 2 for evacuation
[267.559s][info][gc,phases      ] GC(589)   Pre Evacuate Collection Set: 0.55ms
[267.559s][info][gc,phases      ] GC(589)   Merge Heap Roots: 0.34ms
[267.559s][info][gc,phases      ] GC(589)   Evacuate Collection Set: 107.63ms
[267.559s][info][gc,phases      ] GC(589)   Post Evacuate Collection Set: 2.21ms
[267.559s][info][gc,phases      ] GC(589)   Other: 0.09ms
[267.559s][info][gc,heap        ] GC(589) Eden regions: 219->0(110)
[267.559s][info][gc,heap        ] GC(589) Survivor regions: 38->33(33)
[267.559s][info][gc,heap        ] GC(589) Old regions: 623->742
[267.559s][info][gc,heap        ] GC(589) Humongous regions: 10->10
[267.559s][info][gc,metaspace   ] GC(589) Metaspace: 18616K(18752K)->18616K(18752K) NonClass: 16788K(16896K)->16788K(16896K) Class: 1828K(1856K)->1828K(1856K)
[267.559s][info][gc             ] GC(589) Pause Young (Normal) (G1 Evacuation Pause) (Evacuation Failure: Allocation) 889M->784M(978M) 111.147ms
[267.559s][info][gc,cpu         ] GC(589) User=0.22s Sys=0.00s Real=0.11s
[267.647s][info][gc,start       ] GC(590) Pause Young (Normal) (G1 Evacuation Pause)
[267.647s][info][gc,task        ] GC(590) Using 2 workers of 2 for evacuation
[267.697s][info][gc,phases      ] GC(590)   Pre Evacuate Collection Set: 0.37ms
[267.697s][info][gc,phases      ] GC(590)   Merge Heap Roots: 0.22ms
[267.697s][info][gc,phases      ] GC(590)   Evacuate Collection Set: 48.23ms
[267.697s][info][gc,phases      ] GC(590)   Post Evacuate Collection Set: 0.50ms
[267.697s][info][gc,phases      ] GC(590)   Other: 0.09ms
[267.697s][info][gc,heap        ] GC(590) Eden regions: 110->0(187)
[267.697s][info][gc,heap        ] GC(590) Survivor regions: 33->7(18)
[267.697s][info][gc,heap        ] GC(590) Old regions: 742->713
[267.697s][info][gc,heap        ] GC(590) Humongous regions: 10->10
[267.697s][info][gc,metaspace   ] GC(590) Metaspace: 18616K(18752K)->18616K(18752K) NonClass: 16788K(16896K)->16788K(16896K) Class: 1828K(1856K)->1828K(1856K)
[267.697s][info][gc             ] GC(590) Pause Young (Normal) (G1 Evacuation Pause) 894M->729M(978M) 49.705ms
[267.697s][info][gc,cpu         ] GC(590) User=0.09s Sys=0.00s Real=0.05s
[267.905s][info][gc,start       ] GC(591) Pause Young (Normal) (G1 Evacuation Pause)
[267.905s][info][gc,task        ] GC(591) Using 2 workers of 2 for evacuation
[267.924s][info][gc,phases      ] GC(591)   Pre Evacuate Collection Set: 0.35ms
[267.924s][info][gc,phases      ] GC(591)   Merge Heap Roots: 0.23ms
[267.924s][info][gc,phases      ] GC(591)   Evacuate Collection Set: 17.91ms
[267.924s][info][gc,phases      ] GC(591)   Post Evacuate Collection Set: 0.44ms
[267.924s][info][gc,phases      ] GC(591)   Other: 0.11ms
[267.924s][info][gc,heap        ] GC(591) Eden regions: 187->0(181)
[267.924s][info][gc,heap        ] GC(591) Survivor regions: 7->12(25)
[267.924s][info][gc,heap        ] GC(591) Old regions: 713->713
[267.924s][info][gc,heap        ] GC(591) Humongous regions: 10->10
[267.924s][info][gc,metaspace   ] GC(591) Metaspace: 18616K(18752K)->18616K(18752K) NonClass: 16788K(16896K)->16788K(16896K) Class: 1828K(1856K)->1828K(1856K)
[267.924s][info][gc             ] GC(591) Pause Young (Normal) (G1 Evacuation Pause) 916M->734M(978M) 19.311ms
[267.924s][info][gc,cpu         ] GC(591) User=0.04s Sys=0.00s Real=0.02s
[268.181s][info][gc,start       ] GC(592) Pause Young (Normal) (G1 Evacuation Pause)
[268.181s][info][gc,task        ] GC(592) Using 2 workers of 2 for evacuation
[268.211s][info][gc,phases      ] GC(592)   Pre Evacuate Collection Set: 0.33ms
[268.211s][info][gc,phases      ] GC(592)   Merge Heap Roots: 0.32ms
[268.211s][info][gc,phases      ] GC(592)   Evacuate Collection Set: 28.34ms
[268.211s][info][gc,phases      ] GC(592)   Post Evacuate Collection Set: 0.53ms
[268.211s][info][gc,phases      ] GC(592)   Other: 0.11ms
[268.211s][info][gc,heap        ] GC(592) Eden regions: 181->0(175)
[268.211s][info][gc,heap        ] GC(592) Survivor regions: 12->15(25)
[268.211s][info][gc,heap        ] GC(592) Old regions: 713->713
[268.211s][info][gc,heap        ] GC(592) Humongous regions: 10->10
[268.211s][info][gc,metaspace   ] GC(592) Metaspace: 18618K(18752K)->18618K(18752K) NonClass: 16790K(16896K)->16790K(16896K) Class: 1828K(1856K)->1828K(1856K)
[268.211s][info][gc             ] GC(592) Pause Young (Normal) (G1 Evacuation Pause) 915M->737M(978M) 29.898ms
[268.211s][info][gc,cpu         ] GC(592) User=0.06s Sys=0.00s Real=0.03s
[268.457s][info][gc,start       ] GC(593) Pause Young (Normal) (G1 Evacuation Pause)
[268.458s][info][gc,task        ] GC(593) Using 2 workers of 2 for evacuation
[268.490s][info][gc,phases      ] GC(593)   Pre Evacuate Collection Set: 0.52ms
[268.490s][info][gc,phases      ] GC(593)   Merge Heap Roots: 0.27ms
[268.490s][info][gc,phases      ] GC(593)   Evacuate Collection Set: 31.30ms
[268.490s][info][gc,phases      ] GC(593)   Post Evacuate Collection Set: 0.48ms
[268.490s][info][gc,phases      ] GC(593)   Other: 0.13ms
[268.490s][info][gc,heap        ] GC(593) Eden regions: 175->0(170)
[268.490s][info][gc,heap        ] GC(593) Survivor regions: 15->14(24)
[268.490s][info][gc,heap        ] GC(593) Old regions: 713->720
[268.490s][info][gc,heap        ] GC(593) Humongous regions: 10->10
[268.490s][info][gc,metaspace   ] GC(593) Metaspace: 18620K(18752K)->18620K(18752K) NonClass: 16792K(16896K)->16792K(16896K) Class: 1828K(1856K)->1828K(1856K)
[268.490s][info][gc             ] GC(593) Pause Young (Normal) (G1 Evacuation Pause) 912M->743M(978M) 32.979ms
[268.490s][info][gc,cpu         ] GC(593) User=0.07s Sys=0.00s Real=0.03s
[268.763s][info][gc,start       ] GC(594) Pause Young (Normal) (G1 Evacuation Pause)
[268.763s][info][gc,task        ] GC(594) Using 2 workers of 2 for evacuation
[268.802s][info][gc,phases      ] GC(594)   Pre Evacuate Collection Set: 0.53ms
[268.802s][info][gc,phases      ] GC(594)   Merge Heap Roots: 0.34ms
[268.802s][info][gc,phases      ] GC(594)   Evacuate Collection Set: 37.50ms
[268.802s][info][gc,phases      ] GC(594)   Post Evacuate Collection Set: 0.50ms
[268.802s][info][gc,phases      ] GC(594)   Other: 0.11ms
[268.802s][info][gc,heap        ] GC(594) Eden regions: 170->0(155)
[268.802s][info][gc,heap        ] GC(594) Survivor regions: 14->19(23)
[268.802s][info][gc,heap        ] GC(594) Old regions: 720->725
[268.802s][info][gc,heap        ] GC(594) Humongous regions: 10->10
[268.802s][info][gc,metaspace   ] GC(594) Metaspace: 18622K(18752K)->18622K(18752K) NonClass: 16793K(16896K)->16793K(16896K) Class: 1828K(1856K)->1828K(1856K)
[268.802s][info][gc             ] GC(594) Pause Young (Normal) (G1 Evacuation Pause) 913M->753M(978M) 39.285ms
[268.802s][info][gc,cpu         ] GC(594) User=0.08s Sys=0.00s Real=0.03s
[268.865s][info][gc,marking     ] GC(588) Concurrent Mark From Roots 1655.808ms
[268.865s][info][gc,marking     ] GC(588) Concurrent Preclean
[268.865s][info][gc,marking     ] GC(588) Concurrent Preclean 0.048ms
[268.866s][info][gc,start       ] GC(588) Pause Remark
[268.874s][info][gc             ] GC(588) Pause Remark 782M->701M(978M) 8.008ms
[268.874s][info][gc,cpu         ] GC(588) User=0.02s Sys=0.00s Real=0.01s
[268.874s][info][gc,marking     ] GC(588) Concurrent Mark 1665.350ms
[268.874s][info][gc,marking     ] GC(588) Concurrent Rebuild Remembered Sets and Scrub Regions
[269.057s][info][gc,start       ] GC(595) Pause Young (Normal) (G1 Evacuation Pause)
[269.057s][info][gc,task        ] GC(595) Using 2 workers of 2 for evacuation
[269.082s][info][gc,phases      ] GC(595)   Pre Evacuate Collection Set: 0.31ms
[269.083s][info][gc,phases      ] GC(595)   Merge Heap Roots: 0.25ms
[269.083s][info][gc,phases      ] GC(595)   Evacuate Collection Set: 24.51ms
[269.083s][info][gc,phases      ] GC(595)   Post Evacuate Collection Set: 0.45ms
[269.083s][info][gc,phases      ] GC(595)   Other: 0.11ms
[269.083s][info][gc,heap        ] GC(595) Eden regions: 155->0(243)
[269.083s][info][gc,heap        ] GC(595) Survivor regions: 19->10(22)
[269.083s][info][gc,heap        ] GC(595) Old regions: 647->657
[269.083s][info][gc,heap        ] GC(595) Humongous regions: 7->7
[269.083s][info][gc,metaspace   ] GC(595) Metaspace: 18625K(18752K)->18625K(18752K) NonClass: 16796K(16896K)->16796K(16896K) Class: 1828K(1856K)->1828K(1856K)
[269.083s][info][gc             ] GC(595) Pause Young (Normal) (G1 Evacuation Pause) 827M->672M(978M) 25.897ms
[269.083s][info][gc,cpu         ] GC(595) User=0.05s Sys=0.00s Real=0.03s
[269.643s][info][gc,marking     ] GC(588) Concurrent Rebuild Remembered Sets and Scrub Regions 768.766ms
[269.643s][info][gc,start       ] GC(588) Pause Cleanup
[269.643s][info][gc             ] GC(588) Pause Cleanup 864M->864M(978M) 0.177ms
[269.643s][info][gc,cpu         ] GC(588) User=0.00s Sys=0.00s Real=0.00s
[269.643s][info][gc,marking     ] GC(588) Concurrent Clear Claimed Marks
[269.643s][info][gc,marking     ] GC(588) Concurrent Clear Claimed Marks 0.041ms
[269.643s][info][gc,marking     ] GC(588) Concurrent Cleanup for Next Mark
[269.650s][info][gc,marking     ] GC(588) Concurrent Cleanup for Next Mark 6.244ms
[269.650s][info][gc             ] GC(588) Concurrent Mark Cycle 2526.170ms
[269.878s][info][gc,start       ] GC(596) Pause Young (Prepare Mixed) (G1 Evacuation Pause)
[269.878s][info][gc,task        ] GC(596) Using 2 workers of 2 for evacuation
[269.915s][info][gc,phases      ] GC(596)   Pre Evacuate Collection Set: 0.53ms
[269.916s][info][gc,phases      ] GC(596)   Merge Heap Roots: 0.31ms
[269.916s][info][gc,phases      ] GC(596)   Evacuate Collection Set: 36.17ms
[269.916s][info][gc,phases      ] GC(596)   Post Evacuate Collection Set: 0.57ms
[269.916s][info][gc,phases      ] GC(596)   Other: 0.11ms
[269.916s][info][gc,heap        ] GC(596) Eden regions: 243->0(210)
[269.916s][info][gc,heap        ] GC(596) Survivor regions: 10->27(32)
[269.916s][info][gc,heap        ] GC(596) Old regions: 657->657
[269.916s][info][gc,heap        ] GC(596) Humongous regions: 7->7
[269.916s][info][gc,metaspace   ] GC(596) Metaspace: 18664K(18816K)->18664K(18816K) NonClass: 16835K(16960K)->16835K(16960K) Class: 1828K(1856K)->1828K(1856K)
[269.916s][info][gc             ] GC(596) Pause Young (Prepare Mixed) (G1 Evacuation Pause) 915M->689M(978M) 37.977ms
[269.916s][info][gc,cpu         ] GC(596) User=0.07s Sys=0.00s Real=0.04s
[270.271s][info][gc,start       ] GC(597) Pause Young (Mixed) (G1 Evacuation Pause)
[270.271s][info][gc,task        ] GC(597) Using 2 workers of 2 for evacuation
[270.378s][info][gc,phases      ] GC(597)   Pre Evacuate Collection Set: 0.58ms
[270.378s][info][gc,phases      ] GC(597)   Merge Heap Roots: 1.50ms
[270.378s][info][gc,phases      ] GC(597)   Evacuate Collection Set: 104.11ms
[270.378s][info][gc,phases      ] GC(597)   Post Evacuate Collection Set: 0.57ms
[270.378s][info][gc,phases      ] GC(597)   Other: 0.13ms
[270.378s][info][gc,heap        ] GC(597) Eden regions: 210->0(262)
[270.378s][info][gc,heap        ] GC(597) Survivor regions: 27->10(30)
[270.378s][info][gc,heap        ] GC(597) Old regions: 657->634
[270.378s][info][gc,heap        ] GC(597) Humongous regions: 7->7
[270.378s][info][gc,metaspace   ] GC(597) Metaspace: 18665K(18816K)->18665K(18816K) NonClass: 16836K(16960K)->16836K(16960K) Class: 1828K(1856K)->1828K(1856K)
[270.379s][info][gc             ] GC(597) Pause Young (Mixed) (G1 Evacuation Pause) 899M->650M(978M) 107.163ms
[270.379s][info][gc,cpu         ] GC(597) User=0.21s Sys=0.00s Real=0.11s
[270.830s][info][gc,start       ] GC(598) Pause Young (Concurrent Start) (G1 Evacuation Pause)
[270.830s][info][gc,task        ] GC(598) Using 2 workers of 2 for evacuation
[270.935s][info][gc,phases      ] GC(598)   Pre Evacuate Collection Set: 0.34ms
[270.936s][info][gc,phases      ] GC(598)   Merge Heap Roots: 0.23ms
[270.936s][info][gc,phases      ] GC(598)   Evacuate Collection Set: 95.65ms
[270.936s][info][gc,phases      ] GC(598)   Post Evacuate Collection Set: 9.12ms
[270.936s][info][gc,phases      ] GC(598)   Other: 0.10ms
[270.936s][info][gc,heap        ] GC(598) Eden regions: 262->0(92)
[270.936s][info][gc,heap        ] GC(598) Survivor regions: 10->34(34)
[270.936s][info][gc,heap        ] GC(598) Old regions: 634->761
[270.936s][info][gc,heap        ] GC(598) Humongous regions: 7->7
[270.936s][info][gc,metaspace   ] GC(598) Metaspace: 18665K(18816K)->18665K(18816K) NonClass: 16837K(16960K)->16837K(16960K) Class: 1828K(1856K)->1828K(1856K)
[270.936s][info][gc             ] GC(598) Pause Young (Concurrent Start) (G1 Evacuation Pause) (Evacuation Failure: Allocation) 912M->801M(978M) 105.728ms
[270.936s][info][gc,cpu         ] GC(598) User=0.21s Sys=0.00s Real=0.11s
[270.936s][info][gc             ] GC(599) Concurrent Mark Cycle
[270.938s][info][gc,marking     ] GC(599) Concurrent Scan Root Regions
[271.064s][info][gc,marking     ] GC(599) Concurrent Scan Root Regions 125.988ms
[271.064s][info][gc,marking     ] GC(599) Concurrent Mark
[271.064s][info][gc,marking     ] GC(599) Concurrent Mark From Roots
[271.064s][info][gc,task        ] GC(599) Using 1 workers of 1 for marking
[271.200s][info][gc,start       ] GC(600) Pause Young (Normal) (G1 Evacuation Pause)
[271.200s][info][gc,task        ] GC(600) Using 2 workers of 2 for evacuation
[271.269s][info][gc,phases      ] GC(600)   Pre Evacuate Collection Set: 0.59ms
[271.269s][info][gc,phases      ] GC(600)   Merge Heap Roots: 0.79ms
[271.269s][info][gc,phases      ] GC(600)   Evacuate Collection Set: 67.26ms
[271.269s][info][gc,phases      ] GC(600)   Post Evacuate Collection Set: 0.53ms
[271.269s][info][gc,phases      ] GC(600)   Other: 0.11ms
[271.269s][info][gc,heap        ] GC(600) Eden regions: 92->0(182)
[271.269s][info][gc,heap        ] GC(600) Survivor regions: 34->1(16)
[271.269s][info][gc,heap        ] GC(600) Old regions: 761->725
[271.269s][info][gc,heap        ] GC(600) Humongous regions: 7->7
[271.269s][info][gc,metaspace   ] GC(600) Metaspace: 18665K(18816K)->18665K(18816K) NonClass: 16837K(16960K)->16837K(16960K) Class: 1828K(1856K)->1828K(1856K)
[271.269s][info][gc             ] GC(600) Pause Young (Normal) (G1 Evacuation Pause) 893M->732M(978M) 69.552ms
[271.269s][info][gc,cpu         ] GC(600) User=0.13s Sys=0.00s Real=0.07s
[271.681s][info][gc,start       ] GC(601) Pause Young (Normal) (G1 Evacuation Pause)
[271.681s][info][gc,task        ] GC(601) Using 2 workers of 2 for evacuation
[271.685s][info][gc,phases      ] GC(601)   Pre Evacuate Collection Set: 0.34ms
[271.685s][info][gc,phases      ] GC(601)   Merge Heap Roots: 0.14ms
[271.685s][info][gc,phases      ] GC(601)   Evacuate Collection Set: 2.83ms
[271.685s][info][gc,phases      ] GC(601)   Post Evacuate Collection Set: 0.41ms
[271.685s][info][gc,phases      ] GC(601)   Other: 0.11ms
[271.685s][info][gc,heap        ] GC(601) Eden regions: 182->0(192)
[271.685s][info][gc,heap        ] GC(601) Survivor regions: 1->1(23)
[271.685s][info][gc,heap        ] GC(601) Old regions: 725->725
[271.685s][info][gc,heap        ] GC(601) Humongous regions: 7->7
[271.685s][info][gc,metaspace   ] GC(601) Metaspace: 18665K(18816K)->18665K(18816K) NonClass: 16837K(16960K)->16837K(16960K) Class: 1828K(1856K)->1828K(1856K)
[271.685s][info][gc             ] GC(601) Pause Young (Normal) (G1 Evacuation Pause) 914M->732M(978M) 4.061ms
[271.685s][info][gc,cpu         ] GC(601) User=0.00s Sys=0.00s Real=0.01s
[272.205s][info][gc,start       ] GC(602) Pause Young (Normal) (G1 Evacuation Pause)
[272.205s][info][gc,task        ] GC(602) Using 2 workers of 2 for evacuation
[272.211s][info][gc,phases      ] GC(602)   Pre Evacuate Collection Set: 0.55ms
[272.211s][info][gc,phases      ] GC(602)   Merge Heap Roots: 0.16ms
[272.211s][info][gc,phases      ] GC(602)   Evacuate Collection Set: 4.41ms
[272.211s][info][gc,phases      ] GC(602)   Post Evacuate Collection Set: 0.45ms
[272.211s][info][gc,phases      ] GC(602)   Other: 0.10ms
[272.211s][info][gc,heap        ] GC(602) Eden regions: 192->0(192)
[272.211s][info][gc,heap        ] GC(602) Survivor regions: 1->2(25)
[272.211s][info][gc,heap        ] GC(602) Old regions: 725->725
[272.211s][info][gc,heap        ] GC(602) Humongous regions: 7->7
[272.211s][info][gc,metaspace   ] GC(602) Metaspace: 18665K(18816K)->18665K(18816K) NonClass: 16837K(16960K)->16837K(16960K) Class: 1828K(1856K)->1828K(1856K)
[272.211s][info][gc             ] GC(602) Pause Young (Normal) (G1 Evacuation Pause) 924M->732M(978M) 5.912ms
[272.211s][info][gc,cpu         ] GC(602) User=0.01s Sys=0.00s Real=0.00s
[272.472s][info][gc,start       ] GC(603) Pause Young (Normal) (G1 Evacuation Pause)
[272.472s][info][gc,task        ] GC(603) Using 2 workers of 2 for evacuation
[272.481s][info][gc,phases      ] GC(603)   Pre Evacuate Collection Set: 0.54ms
[272.481s][info][gc,phases      ] GC(603)   Merge Heap Roots: 0.21ms
[272.481s][info][gc,phases      ] GC(603)   Evacuate Collection Set: 8.07ms
[272.481s][info][gc,phases      ] GC(603)   Post Evacuate Collection Set: 0.45ms
[272.481s][info][gc,phases      ] GC(603)   Other: 0.11ms
[272.481s][info][gc,heap        ] GC(603) Eden regions: 192->0(188)
[272.481s][info][gc,heap        ] GC(603) Survivor regions: 2->4(25)
[272.481s][info][gc,heap        ] GC(603) Old regions: 725->725
[272.481s][info][gc,heap        ] GC(603) Humongous regions: 7->7
[272.481s][info][gc,metaspace   ] GC(603) Metaspace: 18665K(18816K)->18665K(18816K) NonClass: 16837K(16960K)->16837K(16960K) Class: 1828K(1856K)->1828K(1856K)
[272.481s][info][gc             ] GC(603) Pause Young (Normal) (G1 Evacuation Pause) 924M->735M(978M) 9.612ms
[272.481s][info][gc,cpu         ] GC(603) User=0.02s Sys=0.00s Real=0.01s
[273.128s][info][gc,start       ] GC(604) Pause Young (Normal) (G1 Evacuation Pause)
[273.128s][info][gc,task        ] GC(604) Using 2 workers of 2 for evacuation
[273.173s][info][gc,phases      ] GC(604)   Pre Evacuate Collection Set: 0.54ms
[273.173s][info][gc,phases      ] GC(604)   Merge Heap Roots: 0.41ms
[273.173s][info][gc,phases      ] GC(604)   Evacuate Collection Set: 42.88ms
[273.173s][info][gc,phases      ] GC(604)   Post Evacuate Collection Set: 0.61ms
[273.173s][info][gc,phases      ] GC(604)   Other: 0.13ms
[273.173s][info][gc,heap        ] GC(604) Eden regions: 188->0(153)
[273.173s][info][gc,heap        ] GC(604) Survivor regions: 4->20(24)
[273.173s][info][gc,heap        ] GC(604) Old regions: 725->725
[273.173s][info][gc,heap        ] GC(604) Humongous regions: 10->10
[273.173s][info][gc,metaspace   ] GC(604) Metaspace: 18665K(18816K)->18665K(18816K) NonClass: 16837K(16960K)->16837K(16960K) Class: 1828K(1856K)->1828K(1856K)
[273.173s][info][gc             ] GC(604) Pause Young (Normal) (G1 Evacuation Pause) 926M->753M(978M) 44.868ms
[273.173s][info][gc,cpu         ] GC(604) User=0.09s Sys=0.00s Real=0.05s
[273.239s][info][gc,marking     ] GC(599) Concurrent Mark From Roots 2175.021ms
[273.239s][info][gc,marking     ] GC(599) Concurrent Preclean
[273.239s][info][gc,marking     ] GC(599) Concurrent Preclean 0.054ms
[273.240s][info][gc,start       ] GC(599) Pause Remark
[273.248s][info][gc             ] GC(599) Pause Remark 764M->764M(978M) 8.142ms
[273.248s][info][gc,cpu         ] GC(599) User=0.02s Sys=0.00s Real=0.01s
[273.248s][info][gc,marking     ] GC(599) Concurrent Mark 2184.302ms
[273.248s][info][gc,marking     ] GC(599) Concurrent Rebuild Remembered Sets and Scrub Regions
[273.580s][info][gc,start       ] GC(605) Pause Young (Normal) (G1 Evacuation Pause)
[273.580s][info][gc,task        ] GC(605) Using 2 workers of 2 for evacuation
[273.648s][info][gc,phases      ] GC(605)   Pre Evacuate Collection Set: 0.55ms
[273.648s][info][gc,phases      ] GC(605)   Merge Heap Roots: 0.53ms
[273.648s][info][gc,phases      ] GC(605)   Evacuate Collection Set: 65.53ms
[273.648s][info][gc,phases      ] GC(605)   Post Evacuate Collection Set: 0.48ms
[273.648s][info][gc,phases      ] GC(605)   Other: 0.09ms
[273.648s][info][gc,heap        ] GC(605) Eden regions: 153->0(136)
[273.648s][info][gc,heap        ] GC(605) Survivor regions: 20->19(22)
[273.648s][info][gc,heap        ] GC(605) Old regions: 725->744
[273.648s][info][gc,heap        ] GC(605) Humongous regions: 10->10
[273.648s][info][gc,metaspace   ] GC(605) Metaspace: 18665K(18816K)->18665K(18816K) NonClass: 16837K(16960K)->16837K(16960K) Class: 1828K(1856K)->1828K(1856K)
[273.648s][info][gc             ] GC(605) Pause Young (Normal) (G1 Evacuation Pause) 906M->772M(978M) 67.451ms
[273.648s][info][gc,cpu         ] GC(605) User=0.13s Sys=0.00s Real=0.07s
[273.910s][info][gc,start       ] GC(606) Pause Young (Normal) (G1 Evacuation Pause)
[273.910s][info][gc,task        ] GC(606) Using 2 workers of 2 for evacuation
[273.962s][info][gc,phases      ] GC(606)   Pre Evacuate Collection Set: 0.34ms
[273.962s][info][gc,phases      ] GC(606)   Merge Heap Roots: 0.21ms
[273.962s][info][gc,phases      ] GC(606)   Evacuate Collection Set: 50.17ms
[273.962s][info][gc,phases      ] GC(606)   Post Evacuate Collection Set: 0.50ms
[273.962s][info][gc,phases      ] GC(606)   Other: 0.11ms
[273.962s][info][gc,heap        ] GC(606) Eden regions: 136->0(121)
[273.962s][info][gc,heap        ] GC(606) Survivor regions: 19->17(20)
[273.962s][info][gc,heap        ] GC(606) Old regions: 744->763
[273.962s][info][gc,heap        ] GC(606) Humongous regions: 10->10
[273.962s][info][gc,metaspace   ] GC(606) Metaspace: 18669K(18816K)->18669K(18816K) NonClass: 16841K(16960K)->16841K(16960K) Class: 1828K(1856K)->1828K(1856K)
[273.962s][info][gc             ] GC(606) Pause Young (Normal) (G1 Evacuation Pause) 908M->789M(978M) 51.595ms
[273.962s][info][gc,cpu         ] GC(606) User=0.10s Sys=0.00s Real=0.05s
[274.098s][info][gc,start       ] GC(607) Pause Young (Normal) (G1 Evacuation Pause)
[274.098s][info][gc,task        ] GC(607) Using 2 workers of 2 for evacuation
[274.128s][info][gc,phases      ] GC(607)   Pre Evacuate Collection Set: 0.34ms
[274.128s][info][gc,phases      ] GC(607)   Merge Heap Roots: 0.21ms
[274.128s][info][gc,phases      ] GC(607)   Evacuate Collection Set: 28.72ms
[274.128s][info][gc,phases      ] GC(607)   Post Evacuate Collection Set: 0.38ms
[274.128s][info][gc,phases      ] GC(607)   Other: 0.10ms
[274.128s][info][gc,heap        ] GC(607) Eden regions: 121->0(128)
[274.128s][info][gc,heap        ] GC(607) Survivor regions: 17->5(18)
[274.128s][info][gc,heap        ] GC(607) Old regions: 763->780
[274.128s][info][gc,heap        ] GC(607) Humongous regions: 10->10
[274.128s][info][gc,metaspace   ] GC(607) Metaspace: 18669K(18816K)->18669K(18816K) NonClass: 16841K(16960K)->16841K(16960K) Class: 1828K(1856K)->1828K(1856K)
[274.128s][info][gc             ] GC(607) Pause Young (Normal) (G1 Evacuation Pause) 910M->794M(978M) 30.066ms
[274.128s][info][gc,cpu         ] GC(607) User=0.06s Sys=0.00s Real=0.03s
[274.192s][info][gc,marking     ] GC(599) Concurrent Rebuild Remembered Sets and Scrub Regions 943.604ms
[274.192s][info][gc,start       ] GC(599) Pause Cleanup
[274.192s][info][gc             ] GC(599) Pause Cleanup 815M->815M(978M) 0.153ms
[274.192s][info][gc,cpu         ] GC(599) User=0.00s Sys=0.00s Real=0.00s
[274.192s][info][gc,marking     ] GC(599) Concurrent Clear Claimed Marks
[274.192s][info][gc,marking     ] GC(599) Concurrent Clear Claimed Marks 0.038ms
[274.192s][info][gc,marking     ] GC(599) Concurrent Cleanup for Next Mark
[274.199s][info][gc,marking     ] GC(599) Concurrent Cleanup for Next Mark 6.565ms
[274.199s][info][gc             ] GC(599) Concurrent Mark Cycle 3262.958ms
[274.362s][info][gc,start       ] GC(608) Pause Young (Prepare Mixed) (G1 Evacuation Pause)
[274.362s][info][gc,task        ] GC(608) Using 2 workers of 2 for evacuation
[274.379s][info][gc,phases      ] GC(608)   Pre Evacuate Collection Set: 0.37ms
[274.379s][info][gc,phases      ] GC(608)   Merge Heap Roots: 0.23ms
[274.379s][info][gc,phases      ] GC(608)   Evacuate Collection Set: 16.14ms
[274.379s][info][gc,phases      ] GC(608)   Post Evacuate Collection Set: 0.39ms
[274.379s][info][gc,phases      ] GC(608)   Other: 0.11ms
[274.379s][info][gc,heap        ] GC(608) Eden regions: 128->0(122)
[274.379s][info][gc,heap        ] GC(608) Survivor regions: 5->8(17)
[274.379s][info][gc,heap        ] GC(608) Old regions: 780->780
[274.379s][info][gc,heap        ] GC(608) Humongous regions: 10->10
[274.379s][info][gc,metaspace   ] GC(608) Metaspace: 18672K(18816K)->18672K(18816K) NonClass: 16843K(16960K)->16843K(16960K) Class: 1828K(1856K)->1828K(1856K)
[274.379s][info][gc             ] GC(608) Pause Young (Prepare Mixed) (G1 Evacuation Pause) 922M->797M(978M) 17.491ms
[274.379s][info][gc,cpu         ] GC(608) User=0.04s Sys=0.00s Real=0.02s
[274.517s][info][gc,start       ] GC(609) Pause Young (Mixed) (G1 Evacuation Pause)
[274.517s][info][gc,task        ] GC(609) Using 2 workers of 2 for evacuation
[274.549s][info][gc,phases      ] GC(609)   Pre Evacuate Collection Set: 0.35ms
[274.549s][info][gc,phases      ] GC(609)   Merge Heap Roots: 0.44ms
[274.549s][info][gc,phases      ] GC(609)   Evacuate Collection Set: 30.19ms
[274.549s][info][gc,phases      ] GC(609)   Post Evacuate Collection Set: 0.46ms
[274.549s][info][gc,phases      ] GC(609)   Other: 0.08ms
[274.549s][info][gc,heap        ] GC(609) Eden regions: 122->0(128)
[274.549s][info][gc,heap        ] GC(609) Survivor regions: 8->9(17)
[274.549s][info][gc,heap        ] GC(609) Old regions: 780->772
[274.549s][info][gc,heap        ] GC(609) Humongous regions: 10->10
[274.549s][info][gc,metaspace   ] GC(609) Metaspace: 18675K(18816K)->18675K(18816K) NonClass: 16847K(16960K)->16847K(16960K) Class: 1828K(1856K)->1828K(1856K)
[274.549s][info][gc             ] GC(609) Pause Young (Mixed) (G1 Evacuation Pause) 919M->789M(978M) 31.772ms
[274.549s][info][gc,cpu         ] GC(609) User=0.06s Sys=0.00s Real=0.03s
[274.640s][info][gc,start       ] GC(610) Pause Young (Concurrent Start) (G1 Evacuation Pause)
[274.640s][info][gc,task        ] GC(610) Using 2 workers of 2 for evacuation
[274.654s][info][gc,phases      ] GC(610)   Pre Evacuate Collection Set: 0.40ms
[274.654s][info][gc,phases      ] GC(610)   Merge Heap Roots: 0.12ms
[274.654s][info][gc,phases      ] GC(610)   Evacuate Collection Set: 12.44ms
[274.654s][info][gc,phases      ] GC(610)   Post Evacuate Collection Set: 0.40ms
[274.654s][info][gc,phases      ] GC(610)   Other: 0.23ms
[274.654s][info][gc,heap        ] GC(610) Eden regions: 128->0(128)
[274.654s][info][gc,heap        ] GC(610) Survivor regions: 9->9(18)
[274.654s][info][gc,heap        ] GC(610) Old regions: 772->772
[274.654s][info][gc,heap        ] GC(610) Humongous regions: 10->10
[274.654s][info][gc,metaspace   ] GC(610) Metaspace: 18675K(18816K)->18675K(18816K) NonClass: 16847K(16960K)->16847K(16960K) Class: 1828K(1856K)->1828K(1856K)
[274.654s][info][gc             ] GC(610) Pause Young (Concurrent Start) (G1 Evacuation Pause) 917M->789M(978M) 13.867ms
[274.654s][info][gc,cpu         ] GC(610) User=0.02s Sys=0.00s Real=0.02s
[274.654s][info][gc             ] GC(611) Concurrent Mark Cycle
[274.654s][info][gc,marking     ] GC(611) Concurrent Scan Root Regions
[274.667s][info][gc,marking     ] GC(611) Concurrent Scan Root Regions 13.217ms
[274.667s][info][gc,marking     ] GC(611) Concurrent Mark
[274.667s][info][gc,marking     ] GC(611) Concurrent Mark From Roots
[274.667s][info][gc,task        ] GC(611) Using 1 workers of 1 for marking
[274.927s][info][gc,start       ] GC(612) Pause Young (Normal) (G1 Evacuation Pause)
[274.927s][info][gc,task        ] GC(612) Using 2 workers of 2 for evacuation
[274.946s][info][gc,phases      ] GC(612)   Pre Evacuate Collection Set: 0.52ms
[274.946s][info][gc,phases      ] GC(612)   Merge Heap Roots: 0.16ms
[274.946s][info][gc,phases      ] GC(612)   Evacuate Collection Set: 17.66ms
[274.946s][info][gc,phases      ] GC(612)   Post Evacuate Collection Set: 0.41ms
[274.946s][info][gc,phases      ] GC(612)   Other: 0.12ms
[274.946s][info][gc,heap        ] GC(612) Eden regions: 128->0(120)
[274.946s][info][gc,heap        ] GC(612) Survivor regions: 9->13(18)
[274.946s][info][gc,heap        ] GC(612) Old regions: 772->772
[274.946s][info][gc,heap        ] GC(612) Humongous regions: 10->10
[274.946s][info][gc,metaspace   ] GC(612) Metaspace: 18675K(18816K)->18675K(18816K) NonClass: 16847K(16960K)->16847K(16960K) Class: 1828K(1856K)->1828K(1856K)
[274.946s][info][gc             ] GC(612) Pause Young (Normal) (G1 Evacuation Pause) 917M->794M(978M) 19.118ms
[274.946s][info][gc,cpu         ] GC(612) User=0.04s Sys=0.00s Real=0.02s
[275.201s][info][gc,start       ] GC(613) Pause Young (Normal) (G1 Evacuation Pause)
[275.201s][info][gc,task        ] GC(613) Using 2 workers of 2 for evacuation
[275.267s][info][gc,phases      ] GC(613)   Pre Evacuate Collection Set: 0.31ms
[275.267s][info][gc,phases      ] GC(613)   Merge Heap Roots: 0.20ms
[275.267s][info][gc,phases      ] GC(613)   Evacuate Collection Set: 64.63ms
[275.267s][info][gc,phases      ] GC(613)   Post Evacuate Collection Set: 0.51ms
[275.267s][info][gc,phases      ] GC(613)   Other: 0.11ms
[275.267s][info][gc,heap        ] GC(613) Eden regions: 120->0(91)
[275.267s][info][gc,heap        ] GC(613) Survivor regions: 13->17(17)
[275.267s][info][gc,heap        ] GC(613) Old regions: 772->793
[275.267s][info][gc,heap        ] GC(613) Humongous regions: 10->10
[275.267s][info][gc,metaspace   ] GC(613) Metaspace: 18678K(18816K)->18678K(18816K) NonClass: 16850K(16960K)->16850K(16960K) Class: 1828K(1856K)->1828K(1856K)
[275.267s][info][gc             ] GC(613) Pause Young (Normal) (G1 Evacuation Pause) 914M->819M(978M) 66.100ms
[275.267s][info][gc,cpu         ] GC(613) User=0.13s Sys=0.00s Real=0.07s
[275.477s][info][gc,start       ] GC(614) Pause Young (Normal) (G1 Evacuation Pause)
[275.477s][info][gc,task        ] GC(614) Using 2 workers of 2 for evacuation
[275.500s][info][gc,phases      ] GC(614)   Pre Evacuate Collection Set: 0.47ms
[275.500s][info][gc,phases      ] GC(614)   Merge Heap Roots: 0.18ms
[275.500s][info][gc,phases      ] GC(614)   Evacuate Collection Set: 21.67ms
[275.500s][info][gc,phases      ] GC(614)   Post Evacuate Collection Set: 0.39ms
[275.500s][info][gc,phases      ] GC(614)   Other: 0.11ms
[275.500s][info][gc,heap        ] GC(614) Eden regions: 91->0(106)
[275.500s][info][gc,heap        ] GC(614) Survivor regions: 17->1(14)
[275.500s][info][gc,heap        ] GC(614) Old regions: 793->810
[275.500s][info][gc,heap        ] GC(614) Humongous regions: 10->10
[275.500s][info][gc,metaspace   ] GC(614) Metaspace: 18678K(18816K)->18678K(18816K) NonClass: 16850K(16960K)->16850K(16960K) Class: 1828K(1856K)->1828K(1856K)
[275.500s][info][gc             ] GC(614) Pause Young (Normal) (G1 Evacuation Pause) 910M->820M(978M) 23.105ms
[275.500s][info][gc,cpu         ] GC(614) User=0.04s Sys=0.00s Real=0.02s
[276.014s][info][gc,start       ] GC(615) Pause Young (Normal) (G1 Evacuation Pause)
[276.014s][info][gc,task        ] GC(615) Using 2 workers of 2 for evacuation
[276.015s][info][gc,phases      ] GC(615)   Pre Evacuate Collection Set: 0.31ms
[276.015s][info][gc,phases      ] GC(615)   Merge Heap Roots: 0.09ms
[276.015s][info][gc,phases      ] GC(615)   Evacuate Collection Set: 0.67ms
[276.015s][info][gc,phases      ] GC(615)   Post Evacuate Collection Set: 0.32ms
[276.015s][info][gc,phases      ] GC(615)   Other: 0.09ms
[276.015s][info][gc,heap        ] GC(615) Eden regions: 106->0(106)
[276.016s][info][gc,heap        ] GC(615) Survivor regions: 1->1(14)
[276.016s][info][gc,heap        ] GC(615) Old regions: 810->810
[276.016s][info][gc,heap        ] GC(615) Humongous regions: 10->10
[276.016s][info][gc,metaspace   ] GC(615) Metaspace: 18678K(18816K)->18678K(18816K) NonClass: 16850K(16960K)->16850K(16960K) Class: 1828K(1856K)->1828K(1856K)
[276.016s][info][gc             ] GC(615) Pause Young (Normal) (G1 Evacuation Pause) 926M->820M(978M) 1.701ms
[276.016s][info][gc,cpu         ] GC(615) User=0.00s Sys=0.00s Real=0.00s
[276.515s][info][gc,start       ] GC(616) Pause Young (Normal) (G1 Evacuation Pause)
[276.515s][info][gc,task        ] GC(616) Using 2 workers of 2 for evacuation
[276.516s][info][gc,phases      ] GC(616)   Pre Evacuate Collection Set: 0.32ms
[276.516s][info][gc,phases      ] GC(616)   Merge Heap Roots: 0.08ms
[276.516s][info][gc,phases      ] GC(616)   Evacuate Collection Set: 0.84ms
[276.516s][info][gc,phases      ] GC(616)   Post Evacuate Collection Set: 0.32ms
[276.516s][info][gc,phases      ] GC(616)   Other: 0.13ms
[276.516s][info][gc,heap        ] GC(616) Eden regions: 106->0(106)
[276.516s][info][gc,heap        ] GC(616) Survivor regions: 1->1(14)
[276.516s][info][gc,heap        ] GC(616) Old regions: 810->810
[276.516s][info][gc,heap        ] GC(616) Humongous regions: 10->10
[276.516s][info][gc,metaspace   ] GC(616) Metaspace: 18681K(18816K)->18681K(18816K) NonClass: 16853K(16960K)->16853K(16960K) Class: 1828K(1856K)->1828K(1856K)
[276.517s][info][gc             ] GC(616) Pause Young (Normal) (G1 Evacuation Pause) 926M->820M(978M) 1.914ms
[276.517s][info][gc,cpu         ] GC(616) User=0.00s Sys=0.00s Real=0.00s
[276.759s][info][gc,marking     ] GC(611) Concurrent Mark From Roots 2091.262ms
[276.759s][info][gc,marking     ] GC(611) Concurrent Preclean
[276.759s][info][gc,marking     ] GC(611) Concurrent Preclean 0.052ms
[276.759s][info][gc,start       ] GC(611) Pause Remark
[276.767s][info][gc             ] GC(611) Pause Remark 890M->776M(978M) 8.484ms
[276.768s][info][gc,cpu         ] GC(611) User=0.01s Sys=0.01s Real=0.01s
[276.768s][info][gc,marking     ] GC(611) Concurrent Mark 2100.151ms
[276.768s][info][gc,marking     ] GC(611) Concurrent Rebuild Remembered Sets and Scrub Regions
[276.868s][info][gc,start       ] GC(617) Pause Young (Normal) (G1 Evacuation Pause)
[276.868s][info][gc,task        ] GC(617) Using 2 workers of 2 for evacuation
[276.870s][info][gc,phases      ] GC(617)   Pre Evacuate Collection Set: 0.30ms
[276.870s][info][gc,phases      ] GC(617)   Merge Heap Roots: 0.09ms
[276.870s][info][gc,phases      ] GC(617)   Evacuate Collection Set: 0.86ms
[276.870s][info][gc,phases      ] GC(617)   Post Evacuate Collection Set: 0.32ms
[276.870s][info][gc,phases      ] GC(617)   Other: 0.10ms
[276.870s][info][gc,heap        ] GC(617) Eden regions: 106->0(220)
[276.870s][info][gc,heap        ] GC(617) Survivor regions: 1->1(14)
[276.870s][info][gc,heap        ] GC(617) Old regions: 699->699
[276.870s][info][gc,heap        ] GC(617) Humongous regions: 7->7
[276.870s][info][gc,metaspace   ] GC(617) Metaspace: 18681K(18816K)->18681K(18816K) NonClass: 16853K(16960K)->16853K(16960K) Class: 1828K(1856K)->1828K(1856K)
[276.870s][info][gc             ] GC(617) Pause Young (Normal) (G1 Evacuation Pause) 812M->706M(978M) 1.931ms
[276.870s][info][gc,cpu         ] GC(617) User=0.00s Sys=0.00s Real=0.00s
[277.516s][info][gc,marking     ] GC(611) Concurrent Rebuild Remembered Sets and Scrub Regions 748.013ms
[277.518s][info][gc,start       ] GC(611) Pause Cleanup
[277.518s][info][gc             ] GC(611) Pause Cleanup 797M->797M(978M) 0.185ms
[277.518s][info][gc,cpu         ] GC(611) User=0.00s Sys=0.00s Real=0.00s
[277.518s][info][gc,marking     ] GC(611) Concurrent Clear Claimed Marks
[277.518s][info][gc,marking     ] GC(611) Concurrent Clear Claimed Marks 0.059ms
[277.518s][info][gc,marking     ] GC(611) Concurrent Cleanup for Next Mark
[277.523s][info][gc,marking     ] GC(611) Concurrent Cleanup for Next Mark 5.099ms
[277.523s][info][gc             ] GC(611) Concurrent Mark Cycle 2869.088ms
[279.219s][info][gc,start       ] GC(618) Pause Young (Prepare Mixed) (G1 Evacuation Pause)
[279.219s][info][gc,task        ] GC(618) Using 2 workers of 2 for evacuation
[279.224s][info][gc,phases      ] GC(618)   Pre Evacuate Collection Set: 0.36ms
[279.224s][info][gc,phases      ] GC(618)   Merge Heap Roots: 0.19ms
[279.224s][info][gc,phases      ] GC(618)   Evacuate Collection Set: 3.60ms
[279.224s][info][gc,phases      ] GC(618)   Post Evacuate Collection Set: 0.60ms
[279.224s][info][gc,phases      ] GC(618)   Other: 0.10ms
[279.224s][info][gc,heap        ] GC(618) Eden regions: 220->0(220)
[279.224s][info][gc,heap        ] GC(618) Survivor regions: 1->1(28)
[279.224s][info][gc,heap        ] GC(618) Old regions: 699->699
[279.224s][info][gc,heap        ] GC(618) Humongous regions: 7->7
[279.224s][info][gc,metaspace   ] GC(618) Metaspace: 18691K(18816K)->18691K(18816K) NonClass: 16862K(16960K)->16862K(16960K) Class: 1828K(1856K)->1828K(1856K)
[279.224s][info][gc             ] GC(618) Pause Young (Prepare Mixed) (G1 Evacuation Pause) 926M->706M(978M) 5.195ms
[279.224s][info][gc,cpu         ] GC(618) User=0.01s Sys=0.00s Real=0.01s
[280.415s][info][gc,start       ] GC(619) Pause Young (Mixed) (G1 Evacuation Pause)
[280.415s][info][gc,task        ] GC(619) Using 2 workers of 2 for evacuation
[280.422s][info][gc,phases      ] GC(619)   Pre Evacuate Collection Set: 0.61ms
[280.422s][info][gc,phases      ] GC(619)   Merge Heap Roots: 0.19ms
[280.422s][info][gc,phases      ] GC(619)   Evacuate Collection Set: 5.32ms
[280.422s][info][gc,phases      ] GC(619)   Post Evacuate Collection Set: 0.60ms
[280.422s][info][gc,phases      ] GC(619)   Other: 0.10ms
[280.422s][info][gc,heap        ] GC(619) Eden regions: 220->0(272)
[280.422s][info][gc,heap        ] GC(619) Survivor regions: 1->3(28)
[280.422s][info][gc,heap        ] GC(619) Old regions: 699->643
[280.422s][info][gc,heap        ] GC(619) Humongous regions: 7->7
[280.422s][info][gc,metaspace   ] GC(619) Metaspace: 18709K(18816K)->18709K(18816K) NonClass: 16881K(16960K)->16881K(16960K) Class: 1828K(1856K)->1828K(1856K)
[280.422s][info][gc             ] GC(619) Pause Young (Mixed) (G1 Evacuation Pause) 926M->651M(978M) 7.128ms
[280.422s][info][gc,cpu         ] GC(619) User=0.01s Sys=0.00s Real=0.00s
[281.176s][info][gc,start       ] GC(620) Pause Young (Concurrent Start) (G1 Evacuation Pause)
[281.177s][info][gc,task        ] GC(620) Using 2 workers of 2 for evacuation
[281.184s][info][gc,phases      ] GC(620)   Pre Evacuate Collection Set: 0.42ms
[281.184s][info][gc,phases      ] GC(620)   Merge Heap Roots: 0.15ms
[281.184s][info][gc,phases      ] GC(620)   Evacuate Collection Set: 6.35ms
[281.184s][info][gc,phases      ] GC(620)   Post Evacuate Collection Set: 0.60ms
[281.184s][info][gc,phases      ] GC(620)   Other: 0.18ms
[281.184s][info][gc,heap        ] GC(620) Eden regions: 272->0(270)
[281.184s][info][gc,heap        ] GC(620) Survivor regions: 3->4(35)
[281.184s][info][gc,heap        ] GC(620) Old regions: 643->643
[281.184s][info][gc,heap        ] GC(620) Humongous regions: 7->7
[281.185s][info][gc,metaspace   ] GC(620) Metaspace: 18725K(18816K)->18725K(18816K) NonClass: 16896K(16960K)->16896K(16960K) Class: 1828K(1856K)->1828K(1856K)
[281.185s][info][gc             ] GC(620) Pause Young (Concurrent Start) (G1 Evacuation Pause) 923M->652M(978M) 8.074ms
[281.185s][info][gc             ] GC(621) Concurrent Mark Cycle
[281.185s][info][gc,marking     ] GC(621) Concurrent Scan Root Regions
[281.185s][info][gc,cpu         ] GC(620) User=0.02s Sys=0.00s Real=0.01s
[281.193s][info][gc,marking     ] GC(621) Concurrent Scan Root Regions 8.050ms
[281.193s][info][gc,marking     ] GC(621) Concurrent Mark
[281.193s][info][gc,marking     ] GC(621) Concurrent Mark From Roots
[281.193s][info][gc,task        ] GC(621) Using 1 workers of 1 for marking
[281.848s][info][gc,start       ] GC(622) Pause Young (Normal) (G1 Evacuation Pause)
[281.848s][info][gc,task        ] GC(622) Using 2 workers of 2 for evacuation
[281.990s][info][gc,phases      ] GC(622)   Pre Evacuate Collection Set: 0.50ms
[281.990s][info][gc,phases      ] GC(622)   Merge Heap Roots: 0.14ms
[281.990s][info][gc,phases      ] GC(622)   Evacuate Collection Set: 122.93ms
[281.990s][info][gc,phases      ] GC(622)   Post Evacuate Collection Set: 17.94ms
[281.990s][info][gc,phases      ] GC(622)   Other: 0.11ms
[281.990s][info][gc,heap        ] GC(622) Eden regions: 270->0(13)
[281.990s][info][gc,heap        ] GC(622) Survivor regions: 4->35(35)
[281.990s][info][gc,heap        ] GC(622) Old regions: 643->867
[281.990s][info][gc,heap        ] GC(622) Humongous regions: 7->7
[281.990s][info][gc,metaspace   ] GC(622) Metaspace: 18765K(18944K)->18765K(18944K) NonClass: 16936K(17088K)->16936K(17088K) Class: 1828K(1856K)->1828K(1856K)
[281.990s][info][gc             ] GC(622) Pause Young (Normal) (G1 Evacuation Pause) (Evacuation Failure: Allocation) 922M->908M(978M) 141.873ms
[281.990s][info][gc,cpu         ] GC(622) User=0.28s Sys=0.00s Real=0.14s
[282.032s][info][gc,start       ] GC(623) Pause Young (Normal) (G1 Evacuation Pause)
[282.032s][info][gc,task        ] GC(623) Using 2 workers of 2 for evacuation
[282.117s][info][gc,phases      ] GC(623)   Pre Evacuate Collection Set: 0.41ms
[282.117s][info][gc,phases      ] GC(623)   Merge Heap Roots: 1.05ms
[282.117s][info][gc,phases      ] GC(623)   Evacuate Collection Set: 77.80ms
[282.117s][info][gc,phases      ] GC(623)   Post Evacuate Collection Set: 5.72ms
[282.117s][info][gc,phases      ] GC(623)   Other: 0.11ms
[282.117s][info][gc,heap        ] GC(623) Eden regions: 13->0(101)
[282.117s][info][gc,heap        ] GC(623) Survivor regions: 35->3(6)
[282.117s][info][gc,heap        ] GC(623) Old regions: 867->814
[282.117s][info][gc,heap        ] GC(623) Humongous regions: 7->7
[282.117s][info][gc,metaspace   ] GC(623) Metaspace: 18765K(18944K)->18765K(18944K) NonClass: 16936K(17088K)->16936K(17088K) Class: 1828K(1856K)->1828K(1856K)
[282.117s][info][gc             ] GC(623) Pause Young (Normal) (G1 Evacuation Pause) (Evacuation Failure: Allocation) 921M->823M(978M) 85.347ms
[282.117s][info][gc,cpu         ] GC(623) User=0.17s Sys=0.00s Real=0.09s
[282.404s][info][gc,start       ] GC(624) Pause Young (Normal) (G1 Evacuation Pause)
[282.404s][info][gc,task        ] GC(624) Using 2 workers of 2 for evacuation
[282.466s][info][gc,phases      ] GC(624)   Pre Evacuate Collection Set: 0.57ms
[282.466s][info][gc,phases      ] GC(624)   Merge Heap Roots: 0.25ms
[282.466s][info][gc,phases      ] GC(624)   Evacuate Collection Set: 58.27ms
[282.466s][info][gc,phases      ] GC(624)   Post Evacuate Collection Set: 2.89ms
[282.466s][info][gc,phases      ] GC(624)   Other: 0.12ms
[282.466s][info][gc,heap        ] GC(624) Eden regions: 101->0(113)
[282.466s][info][gc,heap        ] GC(624) Survivor regions: 3->13(13)
[282.466s][info][gc,heap        ] GC(624) Old regions: 814->782
[282.466s][info][gc,heap        ] GC(624) Humongous regions: 7->7
[282.467s][info][gc,metaspace   ] GC(624) Metaspace: 18765K(18944K)->18765K(18944K) NonClass: 16936K(17088K)->16936K(17088K) Class: 1828K(1856K)->1828K(1856K)
[282.467s][info][gc             ] GC(624) Pause Young (Normal) (G1 Evacuation Pause) (Evacuation Failure: Allocation) 924M->801M(978M) 62.389ms
[282.467s][info][gc,cpu         ] GC(624) User=0.12s Sys=0.00s Real=0.06s
[282.953s][info][gc,start       ] GC(625) Pause Young (Normal) (G1 Evacuation Pause)
[282.953s][info][gc,task        ] GC(625) Using 2 workers of 2 for evacuation
[283.047s][info][gc,phases      ] GC(625)   Pre Evacuate Collection Set: 0.54ms
[283.047s][info][gc,phases      ] GC(625)   Merge Heap Roots: 0.58ms
[283.047s][info][gc,phases      ] GC(625)   Evacuate Collection Set: 92.21ms
[283.047s][info][gc,phases      ] GC(625)   Post Evacuate Collection Set: 0.68ms
[283.047s][info][gc,phases      ] GC(625)   Other: 0.11ms
[283.047s][info][gc,heap        ] GC(625) Eden regions: 113->0(90)
[283.047s][info][gc,heap        ] GC(625) Survivor regions: 13->16(16)
[283.047s][info][gc,heap        ] GC(625) Old regions: 782->799
[283.047s][info][gc,heap        ] GC(625) Humongous regions: 7->7
[283.047s][info][gc,metaspace   ] GC(625) Metaspace: 18769K(18944K)->18769K(18944K) NonClass: 16940K(17088K)->16940K(17088K) Class: 1828K(1856K)->1828K(1856K)
[283.047s][info][gc             ] GC(625) Pause Young (Normal) (G1 Evacuation Pause) 914M->821M(978M) 94.397ms
[283.047s][info][gc,cpu         ] GC(625) User=0.18s Sys=0.00s Real=0.09s
[283.386s][info][gc,start       ] GC(626) Pause Young (Normal) (G1 Evacuation Pause)
[283.386s][info][gc,task        ] GC(626) Using 2 workers of 2 for evacuation
[283.461s][info][gc,phases      ] GC(626)   Pre Evacuate Collection Set: 0.55ms
[283.461s][info][gc,phases      ] GC(626)   Merge Heap Roots: 0.78ms
[283.461s][info][gc,phases      ] GC(626)   Evacuate Collection Set: 73.16ms
[283.461s][info][gc,phases      ] GC(626)   Post Evacuate Collection Set: 0.55ms
[283.461s][info][gc,phases      ] GC(626)   Other: 0.11ms
[283.461s][info][gc,heap        ] GC(626) Eden regions: 90->0(75)
[283.461s][info][gc,heap        ] GC(626) Survivor regions: 16->14(14)
[283.461s][info][gc,heap        ] GC(626) Old regions: 799->817
[283.461s][info][gc,heap        ] GC(626) Humongous regions: 8->8
[283.461s][info][gc,metaspace   ] GC(626) Metaspace: 18783K(18944K)->18783K(18944K) NonClass: 16954K(17088K)->16954K(17088K) Class: 1828K(1856K)->1828K(1856K)
[283.462s][info][gc             ] GC(626) Pause Young (Normal) (G1 Evacuation Pause) 912M->838M(978M) 75.432ms
[283.462s][info][gc,cpu         ] GC(626) User=0.15s Sys=0.00s Real=0.07s
[283.582s][info][gc,marking     ] GC(621) Concurrent Mark From Roots 2389.336ms
[283.582s][info][gc,marking     ] GC(621) Concurrent Preclean
[283.582s][info][gc,marking     ] GC(621) Concurrent Preclean 0.042ms
[283.582s][info][gc,start       ] GC(621) Pause Remark
[283.595s][info][gc             ] GC(621) Pause Remark 899M->835M(978M) 12.740ms
[283.595s][info][gc,cpu         ] GC(621) User=0.02s Sys=0.00s Real=0.02s
[283.598s][info][gc,marking     ] GC(621) Concurrent Mark 2404.876ms
[283.598s][info][gc,marking     ] GC(621) Concurrent Rebuild Remembered Sets and Scrub Regions
[283.629s][info][gc,start       ] GC(627) Pause Young (Normal) (G1 Evacuation Pause)
[283.629s][info][gc,task        ] GC(627) Using 2 workers of 2 for evacuation
[283.688s][info][gc,phases      ] GC(627)   Pre Evacuate Collection Set: 0.55ms
[283.688s][info][gc,phases      ] GC(627)   Merge Heap Roots: 0.69ms
[283.688s][info][gc,phases      ] GC(627)   Evacuate Collection Set: 57.36ms
[283.688s][info][gc,phases      ] GC(627)   Post Evacuate Collection Set: 0.40ms
[283.688s][info][gc,phases      ] GC(627)   Other: 0.10ms
[283.688s][info][gc,heap        ] GC(627) Eden regions: 75->0(113)
[283.688s][info][gc,heap        ] GC(627) Survivor regions: 14->12(12)
[283.688s][info][gc,heap        ] GC(627) Old regions: 755->773
[283.688s][info][gc,heap        ] GC(627) Humongous regions: 9->9
[283.688s][info][gc,metaspace   ] GC(627) Metaspace: 18783K(18944K)->18783K(18944K) NonClass: 16954K(17088K)->16954K(17088K) Class: 1828K(1856K)->1828K(1856K)
[283.688s][info][gc             ] GC(627) Pause Young (Normal) (G1 Evacuation Pause) 852M->793M(978M) 59.383ms
[283.688s][info][gc,cpu         ] GC(627) User=0.12s Sys=0.00s Real=0.06s
[283.883s][info][gc,start       ] GC(628) Pause Young (Normal) (G1 Evacuation Pause)
[283.883s][info][gc,task        ] GC(628) Using 2 workers of 2 for evacuation
[283.934s][info][gc,phases      ] GC(628)   Pre Evacuate Collection Set: 0.56ms
[283.935s][info][gc,phases      ] GC(628)   Merge Heap Roots: 0.33ms
[283.935s][info][gc,phases      ] GC(628)   Evacuate Collection Set: 49.86ms
[283.935s][info][gc,phases      ] GC(628)   Post Evacuate Collection Set: 0.47ms
[283.935s][info][gc,phases      ] GC(628)   Other: 0.11ms
[283.935s][info][gc,heap        ] GC(628) Eden regions: 113->0(101)
[283.935s][info][gc,heap        ] GC(628) Survivor regions: 12->16(16)
[283.935s][info][gc,heap        ] GC(628) Old regions: 773->786
[283.935s][info][gc,heap        ] GC(628) Humongous regions: 9->9
[283.935s][info][gc,metaspace   ] GC(628) Metaspace: 18783K(18944K)->18783K(18944K) NonClass: 16954K(17088K)->16954K(17088K) Class: 1828K(1856K)->1828K(1856K)
[283.935s][info][gc             ] GC(628) Pause Young (Normal) (G1 Evacuation Pause) 906M->810M(978M) 51.600ms
[283.935s][info][gc,cpu         ] GC(628) User=0.10s Sys=0.00s Real=0.05s
[284.107s][info][gc,start       ] GC(629) Pause Young (Normal) (G1 Evacuation Pause)
[284.107s][info][gc,task        ] GC(629) Using 2 workers of 2 for evacuation
[284.140s][info][gc,phases      ] GC(629)   Pre Evacuate Collection Set: 0.54ms
[284.140s][info][gc,phases      ] GC(629)   Merge Heap Roots: 0.24ms
[284.140s][info][gc,phases      ] GC(629)   Evacuate Collection Set: 32.11ms
[284.140s][info][gc,phases      ] GC(629)   Post Evacuate Collection Set: 0.42ms
[284.140s][info][gc,phases      ] GC(629)   Other: 0.11ms
[284.140s][info][gc,heap        ] GC(629) Eden regions: 101->0(107)
[284.140s][info][gc,heap        ] GC(629) Survivor regions: 16->5(15)
[284.140s][info][gc,heap        ] GC(629) Old regions: 786->802
[284.140s][info][gc,heap        ] GC(629) Humongous regions: 9->9
[284.140s][info][gc,metaspace   ] GC(629) Metaspace: 18783K(18944K)->18783K(18944K) NonClass: 16954K(17088K)->16954K(17088K) Class: 1828K(1856K)->1828K(1856K)
[284.140s][info][gc             ] GC(629) Pause Young (Normal) (G1 Evacuation Pause) 911M->815M(978M) 33.673ms
[284.140s][info][gc,cpu         ] GC(629) User=0.07s Sys=0.00s Real=0.03s
[284.301s][info][gc,start       ] GC(630) Pause Young (Normal) (G1 Evacuation Pause)
[284.301s][info][gc,task        ] GC(630) Using 2 workers of 2 for evacuation
[284.326s][info][gc,phases      ] GC(630)   Pre Evacuate Collection Set: 0.55ms
[284.326s][info][gc,phases      ] GC(630)   Merge Heap Roots: 0.30ms
[284.326s][info][gc,phases      ] GC(630)   Evacuate Collection Set: 23.77ms
[284.326s][info][gc,phases      ] GC(630)   Post Evacuate Collection Set: 0.45ms
[284.326s][info][gc,phases      ] GC(630)   Other: 0.11ms
[284.326s][info][gc,heap        ] GC(630) Eden regions: 107->0(91)
[284.326s][info][gc,heap        ] GC(630) Survivor regions: 5->13(14)
[284.326s][info][gc,heap        ] GC(630) Old regions: 802->802
[284.326s][info][gc,heap        ] GC(630) Humongous regions: 9->9
[284.327s][info][gc,metaspace   ] GC(630) Metaspace: 18783K(18944K)->18783K(18944K) NonClass: 16954K(17088K)->16954K(17088K) Class: 1828K(1856K)->1828K(1856K)
[284.327s][info][gc             ] GC(630) Pause Young (Normal) (G1 Evacuation Pause) 922M->822M(978M) 25.426ms
[284.327s][info][gc,cpu         ] GC(630) User=0.05s Sys=0.00s Real=0.03s
[284.517s][info][gc,start       ] GC(631) Pause Young (Normal) (G1 Evacuation Pause)
[284.517s][info][gc,task        ] GC(631) Using 2 workers of 2 for evacuation
[284.542s][info][gc,phases      ] GC(631)   Pre Evacuate Collection Set: 0.55ms
[284.542s][info][gc,phases      ] GC(631)   Merge Heap Roots: 0.23ms
[284.542s][info][gc,phases      ] GC(631)   Evacuate Collection Set: 23.41ms
[284.542s][info][gc,phases      ] GC(631)   Post Evacuate Collection Set: 0.44ms
[284.542s][info][gc,phases      ] GC(631)   Other: 0.09ms
[284.542s][info][gc,heap        ] GC(631) Eden regions: 91->0(96)
[284.542s][info][gc,heap        ] GC(631) Survivor regions: 13->4(13)
[284.542s][info][gc,heap        ] GC(631) Old regions: 802->815
[284.542s][info][gc,heap        ] GC(631) Humongous regions: 9->9
[284.542s][info][gc,metaspace   ] GC(631) Metaspace: 18783K(18944K)->18783K(18944K) NonClass: 16954K(17088K)->16954K(17088K) Class: 1828K(1856K)->1828K(1856K)
[284.542s][info][gc             ] GC(631) Pause Young (Normal) (G1 Evacuation Pause) 913M->826M(978M) 24.982ms
[284.542s][info][gc,cpu         ] GC(631) User=0.05s Sys=0.00s Real=0.02s
[284.628s][info][gc,marking     ] GC(621) Concurrent Rebuild Remembered Sets and Scrub Regions 1030.766ms
[284.629s][info][gc,start       ] GC(621) Pause Cleanup
[284.629s][info][gc             ] GC(621) Pause Cleanup 892M->892M(978M) 0.166ms
[284.629s][info][gc,cpu         ] GC(621) User=0.00s Sys=0.00s Real=0.00s
[284.630s][info][gc,marking     ] GC(621) Concurrent Clear Claimed Marks
[284.630s][info][gc,marking     ] GC(621) Concurrent Clear Claimed Marks 0.061ms
[284.630s][info][gc,marking     ] GC(621) Concurrent Cleanup for Next Mark
[284.635s][info][gc,marking     ] GC(621) Concurrent Cleanup for Next Mark 5.024ms
[284.635s][info][gc             ] GC(621) Concurrent Mark Cycle 3450.070ms
[284.664s][info][gc,start       ] GC(632) Pause Young (Prepare Mixed) (G1 Evacuation Pause)
[284.665s][info][gc,task        ] GC(632) Using 2 workers of 2 for evacuation
[284.675s][info][gc,phases      ] GC(632)   Pre Evacuate Collection Set: 0.53ms
[284.675s][info][gc,phases      ] GC(632)   Merge Heap Roots: 0.19ms
[284.675s][info][gc,phases      ] GC(632)   Evacuate Collection Set: 9.52ms
[284.675s][info][gc,phases      ] GC(632)   Post Evacuate Collection Set: 0.41ms
[284.675s][info][gc,phases      ] GC(632)   Other: 0.10ms
[284.675s][info][gc,heap        ] GC(632) Eden regions: 96->0(96)
[284.675s][info][gc,heap        ] GC(632) Survivor regions: 4->4(13)
[284.675s][info][gc,heap        ] GC(632) Old regions: 815->815
[284.675s][info][gc,heap        ] GC(632) Humongous regions: 9->9
[284.675s][info][gc,metaspace   ] GC(632) Metaspace: 18783K(18944K)->18783K(18944K) NonClass: 16954K(17088K)->16954K(17088K) Class: 1828K(1856K)->1828K(1856K)
[284.675s][info][gc             ] GC(632) Pause Young (Prepare Mixed) (G1 Evacuation Pause) 922M->827M(978M) 10.990ms
[284.675s][info][gc,cpu         ] GC(632) User=0.02s Sys=0.00s Real=0.01s
[284.768s][info][gc,start       ] GC(633) Pause Young (Mixed) (G1 Evacuation Pause)
[284.768s][info][gc,task        ] GC(633) Using 2 workers of 2 for evacuation
[284.837s][info][gc,phases      ] GC(633)   Pre Evacuate Collection Set: 0.57ms
[284.837s][info][gc,phases      ] GC(633)   Merge Heap Roots: 1.33ms
[284.837s][info][gc,phases      ] GC(633)   Evacuate Collection Set: 66.94ms
[284.837s][info][gc,phases      ] GC(633)   Post Evacuate Collection Set: 0.55ms
[284.838s][info][gc,phases      ] GC(633)   Other: 0.08ms
[284.838s][info][gc,heap        ] GC(633) Eden regions: 96->0(161)
[284.838s][info][gc,heap        ] GC(633) Survivor regions: 4->4(13)
[284.838s][info][gc,heap        ] GC(633) Old regions: 815->750
[284.838s][info][gc,heap        ] GC(633) Humongous regions: 9->9
[284.838s][info][gc,metaspace   ] GC(633) Metaspace: 18783K(18944K)->18783K(18944K) NonClass: 16954K(17088K)->16954K(17088K) Class: 1828K(1856K)->1828K(1856K)
[284.838s][info][gc             ] GC(633) Pause Young (Mixed) (G1 Evacuation Pause) 923M->762M(978M) 69.758ms
[284.838s][info][gc,cpu         ] GC(633) User=0.14s Sys=0.00s Real=0.07s
[284.977s][info][gc,start       ] GC(634) Pause Young (Concurrent Start) (G1 Evacuation Pause)
[284.977s][info][gc,task        ] GC(634) Using 2 workers of 2 for evacuation
[285.011s][info][gc,phases      ] GC(634)   Pre Evacuate Collection Set: 0.32ms
[285.011s][info][gc,phases      ] GC(634)   Merge Heap Roots: 0.18ms
[285.011s][info][gc,phases      ] GC(634)   Evacuate Collection Set: 33.48ms
[285.011s][info][gc,phases      ] GC(634)   Post Evacuate Collection Set: 0.47ms
[285.012s][info][gc,phases      ] GC(634)   Other: 0.11ms
[285.012s][info][gc,heap        ] GC(634) Eden regions: 161->0(121)
[285.012s][info][gc,heap        ] GC(634) Survivor regions: 4->21(21)
[285.012s][info][gc,heap        ] GC(634) Old regions: 750->756
[285.012s][info][gc,heap        ] GC(634) Humongous regions: 9->9
[285.012s][info][gc,metaspace   ] GC(634) Metaspace: 18783K(18944K)->18783K(18944K) NonClass: 16954K(17088K)->16954K(17088K) Class: 1828K(1856K)->1828K(1856K)
[285.012s][info][gc             ] GC(634) Pause Young (Concurrent Start) (G1 Evacuation Pause) 923M->785M(978M) 34.850ms
[285.012s][info][gc             ] GC(635) Concurrent Mark Cycle
[285.012s][info][gc,marking     ] GC(635) Concurrent Scan Root Regions
[285.013s][info][gc,cpu         ] GC(634) User=0.07s Sys=0.00s Real=0.04s
[285.068s][info][gc,marking     ] GC(635) Concurrent Scan Root Regions 56.741ms
[285.068s][info][gc,marking     ] GC(635) Concurrent Mark
[285.068s][info][gc,marking     ] GC(635) Concurrent Mark From Roots
[285.068s][info][gc,task        ] GC(635) Using 1 workers of 1 for marking
[285.222s][info][gc,start       ] GC(636) Pause Young (Normal) (G1 Evacuation Pause)
[285.222s][info][gc,task        ] GC(636) Using 2 workers of 2 for evacuation
[285.279s][info][gc,phases      ] GC(636)   Pre Evacuate Collection Set: 0.36ms
[285.279s][info][gc,phases      ] GC(636)   Merge Heap Roots: 0.17ms
[285.279s][info][gc,phases      ] GC(636)   Evacuate Collection Set: 55.19ms
[285.279s][info][gc,phases      ] GC(636)   Post Evacuate Collection Set: 0.53ms
[285.279s][info][gc,phases      ] GC(636)   Other: 0.12ms
[285.279s][info][gc,heap        ] GC(636) Eden regions: 121->0(95)
[285.279s][info][gc,heap        ] GC(636) Survivor regions: 21->18(18)
[285.279s][info][gc,heap        ] GC(636) Old regions: 756->788
[285.279s][info][gc,heap        ] GC(636) Humongous regions: 9->9
[285.279s][info][gc,metaspace   ] GC(636) Metaspace: 18783K(18944K)->18783K(18944K) NonClass: 16954K(17088K)->16954K(17088K) Class: 1828K(1856K)->1828K(1856K)
[285.279s][info][gc             ] GC(636) Pause Young (Normal) (G1 Evacuation Pause) 906M->814M(978M) 56.640ms
[285.279s][info][gc,cpu         ] GC(636) User=0.11s Sys=0.00s Real=0.06s
[285.493s][info][gc,start       ] GC(637) Pause Young (Normal) (G1 Evacuation Pause)
[285.494s][info][gc,task        ] GC(637) Using 2 workers of 2 for evacuation
[285.545s][info][gc,phases      ] GC(637)   Pre Evacuate Collection Set: 0.32ms
[285.545s][info][gc,phases      ] GC(637)   Merge Heap Roots: 0.22ms
[285.545s][info][gc,phases      ] GC(637)   Evacuate Collection Set: 49.83ms
[285.545s][info][gc,phases      ] GC(637)   Post Evacuate Collection Set: 0.50ms
[285.545s][info][gc,phases      ] GC(637)   Other: 0.10ms
[285.545s][info][gc,heap        ] GC(637) Eden regions: 95->0(76)
[285.545s][info][gc,heap        ] GC(637) Survivor regions: 18->15(15)
[285.545s][info][gc,heap        ] GC(637) Old regions: 788->812
[285.545s][info][gc,heap        ] GC(637) Humongous regions: 10->10
[285.545s][info][gc,metaspace   ] GC(637) Metaspace: 18783K(18944K)->18783K(18944K) NonClass: 16954K(17088K)->16954K(17088K) Class: 1828K(1856K)->1828K(1856K)
[285.545s][info][gc             ] GC(637) Pause Young (Normal) (G1 Evacuation Pause) 910M->836M(978M) 51.277ms
[285.545s][info][gc,cpu         ] GC(637) User=0.10s Sys=0.00s Real=0.05s
[285.656s][info][gc,start       ] GC(638) Pause Young (Normal) (G1 Evacuation Pause)
[285.656s][info][gc,task        ] GC(638) Using 2 workers of 2 for evacuation
[285.694s][info][gc,phases      ] GC(638)   Pre Evacuate Collection Set: 0.55ms
[285.694s][info][gc,phases      ] GC(638)   Merge Heap Roots: 0.33ms
[285.694s][info][gc,phases      ] GC(638)   Evacuate Collection Set: 35.76ms
[285.694s][info][gc,phases      ] GC(638)   Post Evacuate Collection Set: 0.40ms
[285.694s][info][gc,phases      ] GC(638)   Other: 0.12ms
[285.694s][info][gc,heap        ] GC(638) Eden regions: 76->0(78)
[285.694s][info][gc,heap        ] GC(638) Survivor regions: 15->6(12)
[285.694s][info][gc,heap        ] GC(638) Old regions: 812->828
[285.694s][info][gc,heap        ] GC(638) Humongous regions: 10->10
[285.694s][info][gc,metaspace   ] GC(638) Metaspace: 18783K(18944K)->18783K(18944K) NonClass: 16954K(17088K)->16954K(17088K) Class: 1828K(1856K)->1828K(1856K)
[285.694s][info][gc             ] GC(638) Pause Young (Normal) (G1 Evacuation Pause) 912M->842M(978M) 37.442ms
[285.694s][info][gc,cpu         ] GC(638) User=0.07s Sys=0.00s Real=0.04s
[285.771s][info][gc,start       ] GC(639) Pause Young (Normal) (G1 Evacuation Pause)
[285.771s][info][gc,task        ] GC(639) Using 2 workers of 2 for evacuation
[285.783s][info][gc,phases      ] GC(639)   Pre Evacuate Collection Set: 0.56ms
[285.783s][info][gc,phases      ] GC(639)   Merge Heap Roots: 0.11ms
[285.783s][info][gc,phases      ] GC(639)   Evacuate Collection Set: 10.79ms
[285.783s][info][gc,phases      ] GC(639)   Post Evacuate Collection Set: 0.37ms
[285.783s][info][gc,phases      ] GC(639)   Other: 0.10ms
[285.783s][info][gc,heap        ] GC(639) Eden regions: 78->0(72)
[285.783s][info][gc,heap        ] GC(639) Survivor regions: 6->9(11)
[285.783s][info][gc,heap        ] GC(639) Old regions: 828->828
[285.783s][info][gc,heap        ] GC(639) Humongous regions: 10->10
[285.783s][info][gc,metaspace   ] GC(639) Metaspace: 18783K(18944K)->18783K(18944K) NonClass: 16954K(17088K)->16954K(17088K) Class: 1828K(1856K)->1828K(1856K)
[285.783s][info][gc             ] GC(639) Pause Young (Normal) (G1 Evacuation Pause) 920M->846M(978M) 12.175ms
[285.783s][info][gc,cpu         ] GC(639) User=0.03s Sys=0.00s Real=0.02s
[285.885s][info][gc,start       ] GC(640) Pause Young (Normal) (G1 Evacuation Pause)
[285.885s][info][gc,task        ] GC(640) Using 2 workers of 2 for evacuation
[285.900s][info][gc,phases      ] GC(640)   Pre Evacuate Collection Set: 0.33ms
[285.900s][info][gc,phases      ] GC(640)   Merge Heap Roots: 0.11ms
[285.900s][info][gc,phases      ] GC(640)   Evacuate Collection Set: 13.69ms
[285.900s][info][gc,phases      ] GC(640)   Post Evacuate Collection Set: 0.35ms
[285.900s][info][gc,phases      ] GC(640)   Other: 0.08ms
[285.900s][info][gc,heap        ] GC(640) Eden regions: 72->0(73)
[285.900s][info][gc,heap        ] GC(640) Survivor regions: 9->6(11)
[285.900s][info][gc,heap        ] GC(640) Old regions: 828->833
[285.900s][info][gc,heap        ] GC(640) Humongous regions: 10->10
[285.900s][info][gc,metaspace   ] GC(640) Metaspace: 18783K(18944K)->18783K(18944K) NonClass: 16954K(17088K)->16954K(17088K) Class: 1828K(1856K)->1828K(1856K)
[285.900s][info][gc             ] GC(640) Pause Young (Normal) (G1 Evacuation Pause) 918M->848M(978M) 14.807ms
[285.900s][info][gc,cpu         ] GC(640) User=0.02s Sys=0.00s Real=0.01s
[285.950s][info][gc,marking     ] GC(635) Concurrent Mark From Roots 881.318ms
[285.950s][info][gc,marking     ] GC(635) Concurrent Preclean
[285.950s][info][gc,marking     ] GC(635) Concurrent Preclean 0.052ms
[285.951s][info][gc,start       ] GC(635) Pause Remark
[285.960s][info][gc             ] GC(635) Pause Remark 886M->397M(978M) 8.765ms
[285.960s][info][gc,cpu         ] GC(635) User=0.02s Sys=0.00s Real=0.01s
[285.960s][info][gc,marking     ] GC(635) Concurrent Mark 891.654ms
[285.960s][info][gc,marking     ] GC(635) Concurrent Rebuild Remembered Sets and Scrub Regions
[285.994s][info][gc,start       ] GC(641) Pause Young (Normal) (G1 Evacuation Pause)
[285.994s][info][gc,task        ] GC(641) Using 2 workers of 2 for evacuation
[286.004s][info][gc,phases      ] GC(641)   Pre Evacuate Collection Set: 0.58ms
[286.004s][info][gc,phases      ] GC(641)   Merge Heap Roots: 0.11ms
[286.004s][info][gc,phases      ] GC(641)   Evacuate Collection Set: 9.00ms
[286.004s][info][gc,phases      ] GC(641)   Post Evacuate Collection Set: 0.33ms
[286.004s][info][gc,phases      ] GC(641)   Other: 0.10ms
[286.004s][info][gc,heap        ] GC(641) Eden regions: 73->0(530)
[286.004s][info][gc,heap        ] GC(641) Survivor regions: 6->3(10)
[286.004s][info][gc,heap        ] GC(641) Old regions: 350->354
[286.004s][info][gc,heap        ] GC(641) Humongous regions: 4->4
[286.004s][info][gc,metaspace   ] GC(641) Metaspace: 18783K(18944K)->18783K(18944K) NonClass: 16954K(17088K)->16954K(17088K) Class: 1828K(1856K)->1828K(1856K)
[286.004s][info][gc             ] GC(641) Pause Young (Normal) (G1 Evacuation Pause) 432M->360M(978M) 10.354ms
[286.004s][info][gc,cpu         ] GC(641) User=0.02s Sys=0.00s Real=0.01s
[286.395s][info][gc,marking     ] GC(635) Concurrent Rebuild Remembered Sets and Scrub Regions 434.586ms
[286.395s][info][gc,start       ] GC(635) Pause Cleanup
[286.395s][info][gc             ] GC(635) Pause Cleanup 484M->484M(978M) 0.135ms
[286.395s][info][gc,cpu         ] GC(635) User=0.00s Sys=0.00s Real=0.00s
[286.396s][info][gc,marking     ] GC(635) Concurrent Clear Claimed Marks
[286.396s][info][gc,marking     ] GC(635) Concurrent Clear Claimed Marks 0.052ms
[286.396s][info][gc,marking     ] GC(635) Concurrent Cleanup for Next Mark
[286.400s][info][gc,marking     ] GC(635) Concurrent Cleanup for Next Mark 4.021ms
[286.400s][info][gc             ] GC(635) Concurrent Mark Cycle 1388.232ms
[287.177s][info][gc,start       ] GC(642) Pause Young (Prepare Mixed) (G1 Evacuation Pause)
[287.177s][info][gc,task        ] GC(642) Using 2 workers of 2 for evacuation
[287.264s][info][gc,phases      ] GC(642)   Pre Evacuate Collection Set: 0.32ms
[287.264s][info][gc,phases      ] GC(642)   Merge Heap Roots: 0.30ms
[287.264s][info][gc,phases      ] GC(642)   Evacuate Collection Set: 85.37ms
[287.264s][info][gc,phases      ] GC(642)   Post Evacuate Collection Set: 0.81ms
[287.264s][info][gc,phases      ] GC(642)   Other: 0.09ms
[287.264s][info][gc,heap        ] GC(642) Eden regions: 530->0(416)
[287.264s][info][gc,heap        ] GC(642) Survivor regions: 3->67(67)
[287.264s][info][gc,heap        ] GC(642) Old regions: 354->363
[287.264s][info][gc,heap        ] GC(642) Humongous regions: 4->4
[287.264s][info][gc,metaspace   ] GC(642) Metaspace: 18785K(18944K)->18785K(18944K) NonClass: 16956K(17088K)->16956K(17088K) Class: 1828K(1856K)->1828K(1856K)
[287.264s][info][gc             ] GC(642) Pause Young (Prepare Mixed) (G1 Evacuation Pause) 890M->433M(978M) 87.177ms
[287.264s][info][gc,cpu         ] GC(642) User=0.18s Sys=0.00s Real=0.09s
[287.864s][info][gc,start       ] GC(643) Pause Young (Mixed) (G1 Evacuation Pause)
[287.864s][info][gc,task        ] GC(643) Using 2 workers of 2 for evacuation
[287.959s][info][gc,phases      ] GC(643)   Pre Evacuate Collection Set: 0.56ms
[287.959s][info][gc,phases      ] GC(643)   Merge Heap Roots: 0.28ms
[287.959s][info][gc,phases      ] GC(643)   Evacuate Collection Set: 93.82ms
[287.959s][info][gc,phases      ] GC(643)   Post Evacuate Collection Set: 0.79ms
[287.960s][info][gc,phases      ] GC(643)   Other: 0.10ms
[287.960s][info][gc,heap        ] GC(643) Eden regions: 416->0(418)
[287.960s][info][gc,heap        ] GC(643) Survivor regions: 67->17(61)
[287.960s][info][gc,heap        ] GC(643) Old regions: 363->422
[287.960s][info][gc,heap        ] GC(643) Humongous regions: 5->5
[287.960s][info][gc,metaspace   ] GC(643) Metaspace: 18785K(18944K)->18785K(18944K) NonClass: 16956K(17088K)->16956K(17088K) Class: 1828K(1856K)->1828K(1856K)
[287.960s][info][gc             ] GC(643) Pause Young (Mixed) (G1 Evacuation Pause) 850M->442M(978M) 95.848ms
[287.960s][info][gc,cpu         ] GC(643) User=0.19s Sys=0.00s Real=0.09s
[288.468s][info][gc,start       ] GC(644) Pause Young (Mixed) (G1 Evacuation Pause)
[288.468s][info][gc,task        ] GC(644) Using 2 workers of 2 for evacuation
[288.734s][info][gc,mmu         ] GC(644) MMU target violated: 201.0ms (200.0ms/201.0ms)
[288.734s][info][gc,phases      ] GC(644)   Pre Evacuate Collection Set: 0.57ms
[288.734s][info][gc,phases      ] GC(644)   Merge Heap Roots: 0.47ms
[288.734s][info][gc,phases      ] GC(644)   Evacuate Collection Set: 240.87ms
[288.734s][info][gc,phases      ] GC(644)   Post Evacuate Collection Set: 24.02ms
[288.734s][info][gc,phases      ] GC(644)   Other: 0.17ms
[288.734s][info][gc,heap        ] GC(644) Eden regions: 418->0(93)
[288.734s][info][gc,heap        ] GC(644) Survivor regions: 17->55(55)
[288.734s][info][gc,heap        ] GC(644) Old regions: 422->720
[288.734s][info][gc,heap        ] GC(644) Humongous regions: 5->5
[288.734s][info][gc,metaspace   ] GC(644) Metaspace: 18790K(18944K)->18790K(18944K) NonClass: 16961K(17088K)->16961K(17088K) Class: 1828K(1856K)->1828K(1856K)
[288.734s][info][gc             ] GC(644) Pause Young (Mixed) (G1 Evacuation Pause) (Evacuation Failure: Allocation) 860M->779M(978M) 266.314ms
[288.734s][info][gc,cpu         ] GC(644) User=0.53s Sys=0.00s Real=0.27s
[288.863s][info][gc,start       ] GC(645) Pause Young (Concurrent Start) (G1 Humongous Allocation)
[288.863s][info][gc,task        ] GC(645) Using 2 workers of 2 for evacuation
[288.982s][info][gc,phases      ] GC(645)   Pre Evacuate Collection Set: 0.44ms
[288.982s][info][gc,phases      ] GC(645)   Merge Heap Roots: 0.46ms
[288.982s][info][gc,phases      ] GC(645)   Evacuate Collection Set: 116.94ms
[288.982s][info][gc,phases      ] GC(645)   Post Evacuate Collection Set: 0.80ms
[288.982s][info][gc,phases      ] GC(645)   Other: 0.14ms
[288.982s][info][gc,heap        ] GC(645) Eden regions: 66->0(194)
[288.982s][info][gc,heap        ] GC(645) Survivor regions: 55->13(19)
[288.982s][info][gc,heap        ] GC(645) Old regions: 720->628
[288.982s][info][gc,heap        ] GC(645) Humongous regions: 5->5
[288.982s][info][gc,metaspace   ] GC(645) Metaspace: 18791K(18944K)->18791K(18944K) NonClass: 16963K(17088K)->16963K(17088K) Class: 1828K(1856K)->1828K(1856K)
[288.982s][info][gc             ] GC(645) Pause Young (Concurrent Start) (G1 Humongous Allocation) 845M->644M(978M) 119.078ms
[288.982s][info][gc             ] GC(646) Concurrent Mark Cycle
[288.982s][info][gc,marking     ] GC(646) Concurrent Scan Root Regions
[288.983s][info][gc,cpu         ] GC(645) User=0.24s Sys=0.00s Real=0.12s
[289.154s][info][gc,marking     ] GC(646) Concurrent Scan Root Regions 171.719ms
[289.154s][info][gc,marking     ] GC(646) Concurrent Mark
[289.154s][info][gc,marking     ] GC(646) Concurrent Mark From Roots
[289.154s][info][gc,task        ] GC(646) Using 1 workers of 1 for marking
[289.272s][info][gc,start       ] GC(647) Pause Young (Normal) (G1 Evacuation Pause)
[289.272s][info][gc,task        ] GC(647) Using 2 workers of 2 for evacuation
[289.354s][info][gc,phases      ] GC(647)   Pre Evacuate Collection Set: 0.38ms
[289.354s][info][gc,phases      ] GC(647)   Merge Heap Roots: 0.46ms
[289.354s][info][gc,phases      ] GC(647)   Evacuate Collection Set: 80.28ms
[289.354s][info][gc,phases      ] GC(647)   Post Evacuate Collection Set: 0.69ms
[289.354s][info][gc,phases      ] GC(647)   Other: 0.09ms
[289.354s][info][gc,heap        ] GC(647) Eden regions: 194->0(207)
[289.354s][info][gc,heap        ] GC(647) Survivor regions: 13->26(26)
[289.354s][info][gc,heap        ] GC(647) Old regions: 628->609
[289.354s][info][gc,heap        ] GC(647) Humongous regions: 6->6
[289.354s][info][gc,metaspace   ] GC(647) Metaspace: 18791K(18944K)->18791K(18944K) NonClass: 16963K(17088K)->16963K(17088K) Class: 1828K(1856K)->1828K(1856K)
[289.354s][info][gc             ] GC(647) Pause Young (Normal) (G1 Evacuation Pause) 839M->640M(978M) 82.149ms
[289.354s][info][gc,cpu         ] GC(647) User=0.16s Sys=0.00s Real=0.09s
[289.572s][info][gc,start       ] GC(648) Pause Young (Normal) (G1 Evacuation Pause)
[289.572s][info][gc,task        ] GC(648) Using 2 workers of 2 for evacuation
[289.656s][info][gc,phases      ] GC(648)   Pre Evacuate Collection Set: 0.33ms
[289.656s][info][gc,phases      ] GC(648)   Merge Heap Roots: 0.37ms
[289.656s][info][gc,phases      ] GC(648)   Evacuate Collection Set: 82.11ms
[289.656s][info][gc,phases      ] GC(648)   Post Evacuate Collection Set: 0.63ms
[289.656s][info][gc,phases      ] GC(648)   Other: 0.10ms
[289.656s][info][gc,heap        ] GC(648) Eden regions: 207->0(181)
[289.656s][info][gc,heap        ] GC(648) Survivor regions: 26->30(30)
[289.656s][info][gc,heap        ] GC(648) Old regions: 609->651
[289.656s][info][gc,heap        ] GC(648) Humongous regions: 6->6
[289.656s][info][gc,metaspace   ] GC(648) Metaspace: 18791K(18944K)->18791K(18944K) NonClass: 16963K(17088K)->16963K(17088K) Class: 1828K(1856K)->1828K(1856K)
[289.656s][info][gc             ] GC(648) Pause Young (Normal) (G1 Evacuation Pause) 847M->686M(978M) 83.845ms
[289.656s][info][gc,cpu         ] GC(648) User=0.17s Sys=0.00s Real=0.09s
[290.013s][info][gc,start       ] GC(649) Pause Young (Normal) (G1 Evacuation Pause)
[290.013s][info][gc,task        ] GC(649) Using 2 workers of 2 for evacuation
[290.071s][info][gc,phases      ] GC(649)   Pre Evacuate Collection Set: 0.31ms
[290.071s][info][gc,phases      ] GC(649)   Merge Heap Roots: 0.52ms
[290.071s][info][gc,phases      ] GC(649)   Evacuate Collection Set: 56.95ms
[290.071s][info][gc,phases      ] GC(649)   Post Evacuate Collection Set: 0.53ms
[290.071s][info][gc,phases      ] GC(649)   Other: 0.09ms
[290.071s][info][gc,heap        ] GC(649) Eden regions: 181->0(173)
[290.071s][info][gc,heap        ] GC(649) Survivor regions: 30->24(27)
[290.071s][info][gc,heap        ] GC(649) Old regions: 651->681
[290.071s][info][gc,heap        ] GC(649) Humongous regions: 6->6
[290.071s][info][gc,metaspace   ] GC(649) Metaspace: 18791K(18944K)->18791K(18944K) NonClass: 16963K(17088K)->16963K(17088K) Class: 1828K(1856K)->1828K(1856K)
[290.071s][info][gc             ] GC(649) Pause Young (Normal) (G1 Evacuation Pause) 867M->710M(978M) 58.669ms
[290.071s][info][gc,cpu         ] GC(649) User=0.12s Sys=0.00s Real=0.05s
[290.401s][info][gc,marking     ] GC(646) Concurrent Mark From Roots 1247.703ms
[290.401s][info][gc,marking     ] GC(646) Concurrent Preclean
[290.401s][info][gc,marking     ] GC(646) Concurrent Preclean 0.043ms
[290.402s][info][gc,start       ] GC(646) Pause Remark
[290.413s][info][gc             ] GC(646) Pause Remark 831M->726M(978M) 10.944ms
[290.413s][info][gc,cpu         ] GC(646) User=0.02s Sys=0.00s Real=0.02s
[290.413s][info][gc,marking     ] GC(646) Concurrent Mark 1259.072ms
[290.413s][info][gc,marking     ] GC(646) Concurrent Rebuild Remembered Sets and Scrub Regions
[290.596s][info][gc,start       ] GC(650) Pause Young (Normal) (G1 Evacuation Pause)
[290.596s][info][gc,task        ] GC(650) Using 2 workers of 2 for evacuation
[290.662s][info][gc,phases      ] GC(650)   Pre Evacuate Collection Set: 0.33ms
[290.662s][info][gc,phases      ] GC(650)   Merge Heap Roots: 0.36ms
[290.662s][info][gc,phases      ] GC(650)   Evacuate Collection Set: 64.76ms
[290.662s][info][gc,phases      ] GC(650)   Post Evacuate Collection Set: 0.60ms
[290.662s][info][gc,phases      ] GC(650)   Other: 0.09ms
[290.662s][info][gc,heap        ] GC(650) Eden regions: 173->0(221)
[290.662s][info][gc,heap        ] GC(650) Survivor regions: 24->19(25)
[290.662s][info][gc,heap        ] GC(650) Old regions: 578->602
[290.662s][info][gc,heap        ] GC(650) Humongous regions: 7->7
[290.662s][info][gc,metaspace   ] GC(650) Metaspace: 18791K(18944K)->18791K(18944K) NonClass: 16963K(17088K)->16963K(17088K) Class: 1828K(1856K)->1828K(1856K)
[290.662s][info][gc             ] GC(650) Pause Young (Normal) (G1 Evacuation Pause) 781M->627M(978M) 66.419ms
[290.662s][info][gc,cpu         ] GC(650) User=0.13s Sys=0.00s Real=0.06s
[290.988s][info][gc,start       ] GC(651) Pause Young (Normal) (G1 Evacuation Pause)
[290.988s][info][gc,task        ] GC(651) Using 2 workers of 2 for evacuation
[291.128s][info][gc,phases      ] GC(651)   Pre Evacuate Collection Set: 0.53ms
[291.128s][info][gc,phases      ] GC(651)   Merge Heap Roots: 0.53ms
[291.128s][info][gc,phases      ] GC(651)   Evacuate Collection Set: 138.13ms
[291.128s][info][gc,phases      ] GC(651)   Post Evacuate Collection Set: 0.68ms
[291.128s][info][gc,phases      ] GC(651)   Other: 0.09ms
[291.128s][info][gc,heap        ] GC(651) Eden regions: 221->0(150)
[291.128s][info][gc,heap        ] GC(651) Survivor regions: 19->30(30)
[291.128s][info][gc,heap        ] GC(651) Old regions: 602->680
[291.128s][info][gc,heap        ] GC(651) Humongous regions: 7->7
[291.128s][info][gc,metaspace   ] GC(651) Metaspace: 18791K(18944K)->18791K(18944K) NonClass: 16963K(17088K)->16963K(17088K) Class: 1828K(1856K)->1828K(1856K)
[291.128s][info][gc             ] GC(651) Pause Young (Normal) (G1 Evacuation Pause) 848M->716M(978M) 140.214ms
[291.128s][info][gc,cpu         ] GC(651) User=0.28s Sys=0.00s Real=0.14s
[291.173s][info][gc,marking     ] GC(646) Concurrent Rebuild Remembered Sets and Scrub Regions 759.927ms
[291.173s][info][gc,start       ] GC(646) Pause Cleanup
[291.173s][info][gc             ] GC(646) Pause Cleanup 758M->758M(978M) 0.148ms
[291.173s][info][gc,cpu         ] GC(646) User=0.00s Sys=0.00s Real=0.00s
[291.174s][info][gc,marking     ] GC(646) Concurrent Clear Claimed Marks
[291.174s][info][gc,marking     ] GC(646) Concurrent Clear Claimed Marks 0.058ms
[291.174s][info][gc,marking     ] GC(646) Concurrent Cleanup for Next Mark
[291.179s][info][gc,marking     ] GC(646) Concurrent Cleanup for Next Mark 4.884ms
[291.179s][info][gc             ] GC(646) Concurrent Mark Cycle 2196.896ms
[291.231s][info][gc,start       ] GC(652) Pause Young (Prepare Mixed) (G1 Evacuation Pause)
[291.231s][info][gc,task        ] GC(652) Using 2 workers of 2 for evacuation
[291.311s][info][gc,phases      ] GC(652)   Pre Evacuate Collection Set: 0.55ms
[291.311s][info][gc,phases      ] GC(652)   Merge Heap Roots: 0.29ms
[291.311s][info][gc,phases      ] GC(652)   Evacuate Collection Set: 78.71ms
[291.311s][info][gc,phases      ] GC(652)   Post Evacuate Collection Set: 0.64ms
[291.311s][info][gc,phases      ] GC(652)   Other: 0.09ms
[291.311s][info][gc,heap        ] GC(652) Eden regions: 150->0(130)
[291.311s][info][gc,heap        ] GC(652) Survivor regions: 30->23(23)
[291.311s][info][gc,heap        ] GC(652) Old regions: 680->727
[291.311s][info][gc,heap        ] GC(652) Humongous regions: 7->7
[291.311s][info][gc,metaspace   ] GC(652) Metaspace: 18791K(18944K)->18791K(18944K) NonClass: 16963K(17088K)->16963K(17088K) Class: 1828K(1856K)->1828K(1856K)
[291.312s][info][gc             ] GC(652) Pause Young (Prepare Mixed) (G1 Evacuation Pause) 866M->756M(978M) 80.553ms
[291.312s][info][gc,cpu         ] GC(652) User=0.16s Sys=0.00s Real=0.08s
[291.390s][info][gc,start       ] GC(653) Pause Young (Mixed) (G1 Evacuation Pause)
[291.390s][info][gc,task        ] GC(653) Using 2 workers of 2 for evacuation
[291.468s][info][gc,phases      ] GC(653)   Pre Evacuate Collection Set: 0.58ms
[291.468s][info][gc,phases      ] GC(653)   Merge Heap Roots: 0.86ms
[291.468s][info][gc,phases      ] GC(653)   Evacuate Collection Set: 75.83ms
[291.468s][info][gc,phases      ] GC(653)   Post Evacuate Collection Set: 0.65ms
[291.468s][info][gc,phases      ] GC(653)   Other: 0.08ms
[291.468s][info][gc,heap        ] GC(653) Eden regions: 130->0(145)
[291.468s][info][gc,heap        ] GC(653) Survivor regions: 23->20(20)
[291.468s][info][gc,heap        ] GC(653) Old regions: 727->706
[291.468s][info][gc,heap        ] GC(653) Humongous regions: 7->7
[291.468s][info][gc,metaspace   ] GC(653) Metaspace: 18791K(18944K)->18791K(18944K) NonClass: 16963K(17088K)->16963K(17088K) Class: 1828K(1856K)->1828K(1856K)
[291.468s][info][gc             ] GC(653) Pause Young (Mixed) (G1 Evacuation Pause) 886M->732M(978M) 78.244ms
[291.468s][info][gc,cpu         ] GC(653) User=0.15s Sys=0.00s Real=0.08s
[291.622s][info][gc,start       ] GC(654) Pause Young (Concurrent Start) (G1 Evacuation Pause)
[291.622s][info][gc,task        ] GC(654) Using 2 workers of 2 for evacuation
[291.654s][info][gc,phases      ] GC(654)   Pre Evacuate Collection Set: 0.35ms
[291.654s][info][gc,phases      ] GC(654)   Merge Heap Roots: 0.30ms
[291.654s][info][gc,phases      ] GC(654)   Evacuate Collection Set: 31.13ms
[291.654s][info][gc,phases      ] GC(654)   Post Evacuate Collection Set: 0.49ms
[291.654s][info][gc,phases      ] GC(654)   Other: 0.12ms
[291.654s][info][gc,heap        ] GC(654) Eden regions: 145->0(151)
[291.654s][info][gc,heap        ] GC(654) Survivor regions: 20->6(21)
[291.654s][info][gc,heap        ] GC(654) Old regions: 706->726
[291.654s][info][gc,heap        ] GC(654) Humongous regions: 7->7
[291.654s][info][gc,metaspace   ] GC(654) Metaspace: 18791K(18944K)->18791K(18944K) NonClass: 16963K(17088K)->16963K(17088K) Class: 1828K(1856K)->1828K(1856K)
[291.654s][info][gc             ] GC(654) Pause Young (Concurrent Start) (G1 Evacuation Pause) 877M->738M(978M) 32.679ms
[291.654s][info][gc             ] GC(655) Concurrent Mark Cycle
[291.654s][info][gc,marking     ] GC(655) Concurrent Scan Root Regions
[291.654s][info][gc,cpu         ] GC(654) User=0.07s Sys=0.00s Real=0.04s
[291.692s][info][gc,marking     ] GC(655) Concurrent Scan Root Regions 37.333ms
[291.692s][info][gc,marking     ] GC(655) Concurrent Mark
[291.692s][info][gc,marking     ] GC(655) Concurrent Mark From Roots
[291.692s][info][gc,task        ] GC(655) Using 1 workers of 1 for marking
[291.806s][info][gc,start       ] GC(656) Pause Young (Normal) (G1 Evacuation Pause)
[291.806s][info][gc,task        ] GC(656) Using 2 workers of 2 for evacuation
[291.829s][info][gc,phases      ] GC(656)   Pre Evacuate Collection Set: 0.35ms
[291.829s][info][gc,phases      ] GC(656)   Merge Heap Roots: 0.31ms
[291.829s][info][gc,phases      ] GC(656)   Evacuate Collection Set: 21.48ms
[291.829s][info][gc,phases      ] GC(656)   Post Evacuate Collection Set: 0.52ms
[291.829s][info][gc,phases      ] GC(656)   Other: 0.08ms
[291.829s][info][gc,heap        ] GC(656) Eden regions: 151->0(157)
[291.829s][info][gc,heap        ] GC(656) Survivor regions: 6->11(20)
[291.829s][info][gc,heap        ] GC(656) Old regions: 726->726
[291.829s][info][gc,heap        ] GC(656) Humongous regions: 7->7
[291.829s][info][gc,metaspace   ] GC(656) Metaspace: 18791K(18944K)->18791K(18944K) NonClass: 16963K(17088K)->16963K(17088K) Class: 1828K(1856K)->1828K(1856K)
[291.829s][info][gc             ] GC(656) Pause Young (Normal) (G1 Evacuation Pause) 889M->743M(978M) 22.985ms
[291.829s][info][gc,cpu         ] GC(656) User=0.05s Sys=0.00s Real=0.02s
[292.163s][info][gc,start       ] GC(657) Pause Young (Normal) (G1 Evacuation Pause)
[292.163s][info][gc,task        ] GC(657) Using 2 workers of 2 for evacuation
[292.235s][info][gc,phases      ] GC(657)   Pre Evacuate Collection Set: 0.55ms
[292.235s][info][gc,phases      ] GC(657)   Merge Heap Roots: 0.43ms
[292.235s][info][gc,phases      ] GC(657)   Evacuate Collection Set: 70.69ms
[292.235s][info][gc,phases      ] GC(657)   Post Evacuate Collection Set: 0.51ms
[292.235s][info][gc,phases      ] GC(657)   Other: 0.08ms
[292.235s][info][gc,heap        ] GC(657) Eden regions: 157->0(128)
[292.235s][info][gc,heap        ] GC(657) Survivor regions: 11->21(21)
[292.235s][info][gc,heap        ] GC(657) Old regions: 726->748
[292.235s][info][gc,heap        ] GC(657) Humongous regions: 10->10
[292.235s][info][gc,metaspace   ] GC(657) Metaspace: 18793K(18944K)->18793K(18944K) NonClass: 16964K(17088K)->16964K(17088K) Class: 1828K(1856K)->1828K(1856K)
[292.235s][info][gc             ] GC(657) Pause Young (Normal) (G1 Evacuation Pause) 903M->778M(978M) 72.553ms
[292.235s][info][gc,cpu         ] GC(657) User=0.14s Sys=0.00s Real=0.07s
[292.467s][info][gc,start       ] GC(658) Pause Young (Normal) (G1 Evacuation Pause)
[292.467s][info][gc,task        ] GC(658) Using 2 workers of 2 for evacuation
[292.534s][info][gc,phases      ] GC(658)   Pre Evacuate Collection Set: 0.32ms
[292.534s][info][gc,phases      ] GC(658)   Merge Heap Roots: 0.53ms
[292.534s][info][gc,phases      ] GC(658)   Evacuate Collection Set: 65.87ms
[292.534s][info][gc,phases      ] GC(658)   Post Evacuate Collection Set: 0.46ms
[292.534s][info][gc,phases      ] GC(658)   Other: 0.10ms
[292.534s][info][gc,heap        ] GC(658) Eden regions: 128->0(105)
[292.534s][info][gc,heap        ] GC(658) Survivor regions: 21->19(19)
[292.534s][info][gc,heap        ] GC(658) Old regions: 748->775
[292.534s][info][gc,heap        ] GC(658) Humongous regions: 10->10
[292.534s][info][gc,metaspace   ] GC(658) Metaspace: 18793K(18944K)->18793K(18944K) NonClass: 16964K(17088K)->16964K(17088K) Class: 1828K(1856K)->1828K(1856K)
[292.534s][info][gc             ] GC(658) Pause Young (Normal) (G1 Evacuation Pause) 906M->803M(978M) 67.555ms
[292.534s][info][gc,cpu         ] GC(658) User=0.14s Sys=0.00s Real=0.07s
[292.855s][info][gc,start       ] GC(659) Pause Young (Normal) (G1 Evacuation Pause)
[292.855s][info][gc,task        ] GC(659) Using 2 workers of 2 for evacuation
[292.900s][info][gc,phases      ] GC(659)   Pre Evacuate Collection Set: 0.33ms
[292.900s][info][gc,phases      ] GC(659)   Merge Heap Roots: 0.20ms
[292.900s][info][gc,phases      ] GC(659)   Evacuate Collection Set: 43.82ms
[292.900s][info][gc,phases      ] GC(659)   Post Evacuate Collection Set: 0.45ms
[292.900s][info][gc,phases      ] GC(659)   Other: 0.11ms
[292.900s][info][gc,heap        ] GC(659) Eden regions: 105->0(92)
[292.900s][info][gc,heap        ] GC(659) Survivor regions: 19->16(16)
[292.900s][info][gc,heap        ] GC(659) Old regions: 775->794
[292.900s][info][gc,heap        ] GC(659) Humongous regions: 10->10
[292.900s][info][gc,metaspace   ] GC(659) Metaspace: 18793K(18944K)->18793K(18944K) NonClass: 16964K(17088K)->16964K(17088K) Class: 1828K(1856K)->1828K(1856K)
[292.900s][info][gc             ] GC(659) Pause Young (Normal) (G1 Evacuation Pause) 908M->819M(978M) 45.200ms
[292.900s][info][gc,cpu         ] GC(659) User=0.09s Sys=0.00s Real=0.04s
[293.028s][info][gc,start       ] GC(660) Pause Young (Normal) (G1 Evacuation Pause)
[293.028s][info][gc,task        ] GC(660) Using 2 workers of 2 for evacuation
[293.050s][info][gc,phases      ] GC(660)   Pre Evacuate Collection Set: 0.55ms
[293.050s][info][gc,phases      ] GC(660)   Merge Heap Roots: 0.15ms
[293.050s][info][gc,phases      ] GC(660)   Evacuate Collection Set: 20.49ms
[293.050s][info][gc,phases      ] GC(660)   Post Evacuate Collection Set: 0.41ms
[293.050s][info][gc,phases      ] GC(660)   Other: 0.10ms
[293.050s][info][gc,heap        ] GC(660) Eden regions: 92->0(105)
[293.050s][info][gc,heap        ] GC(660) Survivor regions: 16->1(14)
[293.050s][info][gc,heap        ] GC(660) Old regions: 794->811
[293.050s][info][gc,heap        ] GC(660) Humongous regions: 10->10
[293.050s][info][gc,metaspace   ] GC(660) Metaspace: 18793K(18944K)->18793K(18944K) NonClass: 16964K(17088K)->16964K(17088K) Class: 1828K(1856K)->1828K(1856K)
[293.050s][info][gc             ] GC(660) Pause Young (Normal) (G1 Evacuation Pause) 911M->821M(978M) 21.981ms
[293.050s][info][gc,cpu         ] GC(660) User=0.05s Sys=0.00s Real=0.02s
[293.055s][info][gc,marking     ] GC(655) Concurrent Mark From Roots 1363.007ms
[293.055s][info][gc,marking     ] GC(655) Concurrent Preclean
[293.055s][info][gc,marking     ] GC(655) Concurrent Preclean 0.053ms
[293.055s][info][gc,start       ] GC(655) Pause Remark
[293.064s][info][gc             ] GC(655) Pause Remark 822M->507M(978M) 8.744ms
[293.064s][info][gc,cpu         ] GC(655) User=0.01s Sys=0.00s Real=0.01s
[293.067s][info][gc,marking     ] GC(655) Concurrent Mark 1374.880ms
[293.067s][info][gc,marking     ] GC(655) Concurrent Rebuild Remembered Sets and Scrub Regions
[293.244s][info][gc,start       ] GC(661) Pause Young (Normal) (G1 Evacuation Pause)
[293.244s][info][gc,task        ] GC(661) Using 2 workers of 2 for evacuation
[293.252s][info][gc,phases      ] GC(661)   Pre Evacuate Collection Set: 0.55ms
[293.252s][info][gc,phases      ] GC(661)   Merge Heap Roots: 0.18ms
[293.252s][info][gc,phases      ] GC(661)   Evacuate Collection Set: 6.88ms
[293.252s][info][gc,phases      ] GC(661)   Post Evacuate Collection Set: 0.36ms
[293.252s][info][gc,phases      ] GC(661)   Other: 0.11ms
[293.252s][info][gc,heap        ] GC(661) Eden regions: 105->0(291)
[293.252s][info][gc,heap        ] GC(661) Survivor regions: 1->2(14)
[293.252s][info][gc,heap        ] GC(661) Old regions: 500->500
[293.252s][info][gc,heap        ] GC(661) Humongous regions: 6->6
[293.252s][info][gc,metaspace   ] GC(661) Metaspace: 18793K(18944K)->18793K(18944K) NonClass: 16965K(17088K)->16965K(17088K) Class: 1828K(1856K)->1828K(1856K)
[293.252s][info][gc             ] GC(661) Pause Young (Normal) (G1 Evacuation Pause) 611M->507M(978M) 8.330ms
[293.252s][info][gc,cpu         ] GC(661) User=0.02s Sys=0.00s Real=0.00s
[293.491s][info][gc,marking     ] GC(655) Concurrent Rebuild Remembered Sets and Scrub Regions 424.703ms
[293.492s][info][gc,start       ] GC(655) Pause Cleanup
[293.492s][info][gc             ] GC(655) Pause Cleanup 645M->645M(978M) 0.163ms
[293.492s][info][gc,cpu         ] GC(655) User=0.00s Sys=0.00s Real=0.00s
[293.493s][info][gc,marking     ] GC(655) Concurrent Clear Claimed Marks
[293.493s][info][gc,marking     ] GC(655) Concurrent Clear Claimed Marks 0.050ms
[293.493s][info][gc,marking     ] GC(655) Concurrent Cleanup for Next Mark
[293.496s][info][gc,marking     ] GC(655) Concurrent Cleanup for Next Mark 3.034ms
[293.496s][info][gc             ] GC(655) Concurrent Mark Cycle 1841.496ms
[293.713s][info][gc,start       ] GC(662) Pause Young (Prepare Mixed) (G1 Evacuation Pause)
[293.713s][info][gc,task        ] GC(662) Using 2 workers of 2 for evacuation
[293.753s][info][gc,phases      ] GC(662)   Pre Evacuate Collection Set: 0.56ms
[293.753s][info][gc,phases      ] GC(662)   Merge Heap Roots: 0.27ms
[293.753s][info][gc,phases      ] GC(662)   Evacuate Collection Set: 37.97ms
[293.753s][info][gc,phases      ] GC(662)   Post Evacuate Collection Set: 0.63ms
[293.753s][info][gc,phases      ] GC(662)   Other: 0.09ms
[293.753s][info][gc,heap        ] GC(662) Eden regions: 291->0(287)
[293.753s][info][gc,heap        ] GC(662) Survivor regions: 2->28(37)
[293.753s][info][gc,heap        ] GC(662) Old regions: 500->500
[293.753s][info][gc,heap        ] GC(662) Humongous regions: 6->6
[293.753s][info][gc,metaspace   ] GC(662) Metaspace: 18793K(18944K)->18793K(18944K) NonClass: 16965K(17088K)->16965K(17088K) Class: 1828K(1856K)->1828K(1856K)
[293.753s][info][gc             ] GC(662) Pause Young (Prepare Mixed) (G1 Evacuation Pause) 798M->532M(978M) 39.774ms
[293.753s][info][gc,cpu         ] GC(662) User=0.08s Sys=0.00s Real=0.04s
[294.597s][info][gc,start       ] GC(663) Pause Young (Mixed) (G1 Evacuation Pause)
[294.597s][info][gc,task        ] GC(663) Using 2 workers of 2 for evacuation
[294.648s][info][gc,phases      ] GC(663)   Pre Evacuate Collection Set: 0.59ms
[294.648s][info][gc,phases      ] GC(663)   Merge Heap Roots: 0.58ms
[294.648s][info][gc,phases      ] GC(663)   Evacuate Collection Set: 48.69ms
[294.648s][info][gc,phases      ] GC(663)   Post Evacuate Collection Set: 0.75ms
[294.648s][info][gc,phases      ] GC(663)   Other: 0.09ms
[294.648s][info][gc,heap        ] GC(663) Eden regions: 287->0(337)
[294.648s][info][gc,heap        ] GC(663) Survivor regions: 28->1(40)
[294.648s][info][gc,heap        ] GC(663) Old regions: 500->476
[294.648s][info][gc,heap        ] GC(663) Humongous regions: 6->6
[294.648s][info][gc,metaspace   ] GC(663) Metaspace: 18793K(18944K)->18793K(18944K) NonClass: 16965K(17088K)->16965K(17088K) Class: 1828K(1856K)->1828K(1856K)
[294.648s][info][gc             ] GC(663) Pause Young (Mixed) (G1 Evacuation Pause) 819M->482M(978M) 50.944ms
[294.648s][info][gc,cpu         ] GC(663) User=0.10s Sys=0.00s Real=0.05s
[295.334s][info][gc,start       ] GC(664) Pause Young (Concurrent Start) (G1 Evacuation Pause)
[295.334s][info][gc,task        ] GC(664) Using 2 workers of 2 for evacuation
[295.397s][info][gc,phases      ] GC(664)   Pre Evacuate Collection Set: 0.45ms
[295.397s][info][gc,phases      ] GC(664)   Merge Heap Roots: 0.56ms
[295.397s][info][gc,phases      ] GC(664)   Evacuate Collection Set: 61.28ms
[295.397s][info][gc,phases      ] GC(664)   Post Evacuate Collection Set: 0.67ms
[295.397s][info][gc,phases      ] GC(664)   Other: 0.16ms
[295.397s][info][gc,heap        ] GC(664) Eden regions: 337->0(306)
[295.397s][info][gc,heap        ] GC(664) Survivor regions: 1->43(43)
[295.397s][info][gc,heap        ] GC(664) Old regions: 476->479
[295.397s][info][gc,heap        ] GC(664) Humongous regions: 6->6
[295.397s][info][gc,metaspace   ] GC(664) Metaspace: 18794K(18944K)->18794K(18944K) NonClass: 16965K(17088K)->16965K(17088K) Class: 1828K(1856K)->1828K(1856K)
[295.398s][info][gc             ] GC(664) Pause Young (Concurrent Start) (G1 Evacuation Pause) 819M->527M(978M) 63.387ms
[295.398s][info][gc             ] GC(665) Concurrent Mark Cycle
[295.398s][info][gc,marking     ] GC(665) Concurrent Scan Root Regions
[295.398s][info][gc,cpu         ] GC(664) User=0.12s Sys=0.00s Real=0.06s
[295.450s][info][gc,marking     ] GC(665) Concurrent Scan Root Regions 52.464ms
[295.450s][info][gc,marking     ] GC(665) Concurrent Mark
[295.450s][info][gc,marking     ] GC(665) Concurrent Mark From Roots
[295.450s][info][gc,task        ] GC(665) Using 1 workers of 1 for marking
[296.234s][info][gc,start       ] GC(666) Pause Young (Normal) (G1 Evacuation Pause)
[296.234s][info][gc,task        ] GC(666) Using 2 workers of 2 for evacuation
[296.333s][info][gc,phases      ] GC(666)   Pre Evacuate Collection Set: 0.35ms
[296.333s][info][gc,phases      ] GC(666)   Merge Heap Roots: 0.56ms
[296.333s][info][gc,phases      ] GC(666)   Evacuate Collection Set: 96.69ms
[296.333s][info][gc,phases      ] GC(666)   Post Evacuate Collection Set: 0.68ms
[296.333s][info][gc,phases      ] GC(666)   Other: 0.10ms
[296.333s][info][gc,heap        ] GC(666) Eden regions: 306->0(286)
[296.333s][info][gc,heap        ] GC(666) Survivor regions: 43->36(44)
[296.333s][info][gc,heap        ] GC(666) Old regions: 479->523
[296.333s][info][gc,heap        ] GC(666) Humongous regions: 6->6
[296.333s][info][gc,metaspace   ] GC(666) Metaspace: 18794K(18944K)->18794K(18944K) NonClass: 16965K(17088K)->16965K(17088K) Class: 1828K(1856K)->1828K(1856K)
[296.333s][info][gc             ] GC(666) Pause Young (Normal) (G1 Evacuation Pause) 833M->563M(978M) 98.667ms
[296.333s][info][gc,cpu         ] GC(666) User=0.19s Sys=0.00s Real=0.10s
[296.899s][info][gc,marking     ] GC(665) Concurrent Mark From Roots 1448.640ms
[296.899s][info][gc,marking     ] GC(665) Concurrent Preclean
[296.899s][info][gc,marking     ] GC(665) Concurrent Preclean 0.047ms
[296.900s][info][gc,start       ] GC(665) Pause Remark
[296.908s][info][gc             ] GC(665) Pause Remark 842M->744M(978M) 8.551ms
[296.908s][info][gc,cpu         ] GC(665) User=0.01s Sys=0.00s Real=0.01s
[296.909s][info][gc,marking     ] GC(665) Concurrent Mark 1458.363ms
[296.909s][info][gc,marking     ] GC(665) Concurrent Rebuild Remembered Sets and Scrub Regions
[296.925s][info][gc,start       ] GC(667) Pause Young (Normal) (G1 Evacuation Pause)
[296.925s][info][gc,task        ] GC(667) Using 2 workers of 2 for evacuation
[297.044s][info][gc,phases      ] GC(667)   Pre Evacuate Collection Set: 0.30ms
[297.044s][info][gc,phases      ] GC(667)   Merge Heap Roots: 0.34ms
[297.044s][info][gc,phases      ] GC(667)   Evacuate Collection Set: 118.27ms
[297.044s][info][gc,phases      ] GC(667)   Post Evacuate Collection Set: 0.66ms
[297.044s][info][gc,phases      ] GC(667)   Other: 0.09ms
[297.044s][info][gc,heap        ] GC(667) Eden regions: 286->0(301)
[297.044s][info][gc,heap        ] GC(667) Survivor regions: 36->41(41)
[297.044s][info][gc,heap        ] GC(667) Old regions: 427->477
[297.044s][info][gc,heap        ] GC(667) Humongous regions: 7->7
[297.044s][info][gc,metaspace   ] GC(667) Metaspace: 18795K(18944K)->18795K(18944K) NonClass: 16966K(17088K)->16966K(17088K) Class: 1828K(1856K)->1828K(1856K)
[297.044s][info][gc             ] GC(667) Pause Young (Normal) (G1 Evacuation Pause) 754M->524M(978M) 119.953ms
[297.044s][info][gc,cpu         ] GC(667) User=0.24s Sys=0.00s Real=0.12s
[297.377s][info][gc,start       ] GC(668) Pause Young (Normal) (G1 Evacuation Pause)
[297.377s][info][gc,task        ] GC(668) Using 2 workers of 2 for evacuation
[297.483s][info][gc,phases      ] GC(668)   Pre Evacuate Collection Set: 0.55ms
[297.483s][info][gc,phases      ] GC(668)   Merge Heap Roots: 0.28ms
[297.483s][info][gc,phases      ] GC(668)   Evacuate Collection Set: 104.09ms
[297.483s][info][gc,phases      ] GC(668)   Post Evacuate Collection Set: 0.68ms
[297.483s][info][gc,phases      ] GC(668)   Other: 0.11ms
[297.483s][info][gc,heap        ] GC(668) Eden regions: 301->0(270)
[297.483s][info][gc,heap        ] GC(668) Survivor regions: 41->43(43)
[297.483s][info][gc,heap        ] GC(668) Old regions: 477->523
[297.483s][info][gc,heap        ] GC(668) Humongous regions: 7->7
[297.483s][info][gc,metaspace   ] GC(668) Metaspace: 18795K(18944K)->18795K(18944K) NonClass: 16966K(17088K)->16966K(17088K) Class: 1828K(1856K)->1828K(1856K)
[297.483s][info][gc             ] GC(668) Pause Young (Normal) (G1 Evacuation Pause) 825M->572M(978M) 106.022ms
[297.483s][info][gc,cpu         ] GC(668) User=0.21s Sys=0.00s Real=0.11s
[297.540s][info][gc,marking     ] GC(665) Concurrent Rebuild Remembered Sets and Scrub Regions 631.156ms
[297.540s][info][gc,start       ] GC(665) Pause Cleanup
[297.540s][info][gc             ] GC(665) Pause Cleanup 628M->628M(978M) 0.146ms
[297.540s][info][gc,cpu         ] GC(665) User=0.00s Sys=0.00s Real=0.00s
[297.541s][info][gc,marking     ] GC(665) Concurrent Clear Claimed Marks
[297.541s][info][gc,marking     ] GC(665) Concurrent Clear Claimed Marks 0.041ms
[297.541s][info][gc,marking     ] GC(665) Concurrent Cleanup for Next Mark
[297.544s][info][gc,marking     ] GC(665) Concurrent Cleanup for Next Mark 3.003ms
[297.544s][info][gc             ] GC(665) Concurrent Mark Cycle 2146.153ms
[297.690s][info][gc,start       ] GC(669) Pause Young (Prepare Mixed) (G1 Evacuation Pause)
[297.690s][info][gc,task        ] GC(669) Using 2 workers of 2 for evacuation
[297.751s][info][gc,phases      ] GC(669)   Pre Evacuate Collection Set: 0.56ms
[297.751s][info][gc,phases      ] GC(669)   Merge Heap Roots: 0.31ms
[297.751s][info][gc,phases      ] GC(669)   Evacuate Collection Set: 59.14ms
[297.751s][info][gc,phases      ] GC(669)   Post Evacuate Collection Set: 0.68ms
[297.751s][info][gc,phases      ] GC(669)   Other: 0.13ms
[297.751s][info][gc,heap        ] GC(669) Eden regions: 270->0(282)
[297.751s][info][gc,heap        ] GC(669) Survivor regions: 43->6(40)
[297.751s][info][gc,heap        ] GC(669) Old regions: 523->566
[297.751s][info][gc,heap        ] GC(669) Humongous regions: 7->7
[297.751s][info][gc,metaspace   ] GC(669) Metaspace: 18795K(18944K)->18795K(18944K) NonClass: 16966K(17088K)->16966K(17088K) Class: 1828K(1856K)->1828K(1856K)
[297.751s][info][gc             ] GC(669) Pause Young (Prepare Mixed) (G1 Evacuation Pause) 842M->578M(978M) 61.106ms
[297.751s][info][gc,cpu         ] GC(669) User=0.12s Sys=0.00s Real=0.06s
[297.993s][info][gc,start       ] GC(670) Pause Young (Mixed) (G1 Evacuation Pause)
[297.993s][info][gc,task        ] GC(670) Using 2 workers of 2 for evacuation
[298.050s][info][gc,phases      ] GC(670)   Pre Evacuate Collection Set: 0.36ms
[298.050s][info][gc,phases      ] GC(670)   Merge Heap Roots: 0.32ms
[298.051s][info][gc,phases      ] GC(670)   Evacuate Collection Set: 55.90ms
[298.051s][info][gc,phases      ] GC(670)   Post Evacuate Collection Set: 0.62ms
[298.051s][info][gc,phases      ] GC(670)   Other: 0.09ms
[298.051s][info][gc,heap        ] GC(670) Eden regions: 282->0(274)
[298.051s][info][gc,heap        ] GC(670) Survivor regions: 6->36(36)
[298.051s][info][gc,heap        ] GC(670) Old regions: 566->550
[298.051s][info][gc,heap        ] GC(670) Humongous regions: 8->8
[298.051s][info][gc,metaspace   ] GC(670) Metaspace: 18795K(18944K)->18795K(18944K) NonClass: 16966K(17088K)->16966K(17088K) Class: 1828K(1856K)->1828K(1856K)
[298.051s][info][gc             ] GC(670) Pause Young (Mixed) (G1 Evacuation Pause) 861M->593M(978M) 57.597ms
[298.051s][info][gc,cpu         ] GC(670) User=0.11s Sys=0.00s Real=0.05s
[298.492s][info][gc,start       ] GC(671) Pause Young (Concurrent Start) (G1 Evacuation Pause)
[298.492s][info][gc,task        ] GC(671) Using 2 workers of 2 for evacuation
[298.582s][info][gc,phases      ] GC(671)   Pre Evacuate Collection Set: 0.34ms
[298.582s][info][gc,phases      ] GC(671)   Merge Heap Roots: 0.37ms
[298.582s][info][gc,phases      ] GC(671)   Evacuate Collection Set: 88.50ms
[298.582s][info][gc,phases      ] GC(671)   Post Evacuate Collection Set: 0.69ms
[298.582s][info][gc,phases      ] GC(671)   Other: 0.11ms
[298.582s][info][gc,heap        ] GC(671) Eden regions: 274->0(262)
[298.582s][info][gc,heap        ] GC(671) Survivor regions: 36->26(39)
[298.582s][info][gc,heap        ] GC(671) Old regions: 550->587
[298.582s][info][gc,heap        ] GC(671) Humongous regions: 8->8
[298.582s][info][gc,metaspace   ] GC(671) Metaspace: 18795K(18944K)->18795K(18944K) NonClass: 16966K(17088K)->16966K(17088K) Class: 1828K(1856K)->1828K(1856K)
[298.582s][info][gc             ] GC(671) Pause Young (Concurrent Start) (G1 Evacuation Pause) 867M->620M(978M) 90.276ms
[298.582s][info][gc,cpu         ] GC(671) User=0.18s Sys=0.00s Real=0.09s
[298.582s][info][gc             ] GC(672) Concurrent Mark Cycle
[298.582s][info][gc,marking     ] GC(672) Concurrent Scan Root Regions
[298.732s][info][gc,marking     ] GC(672) Concurrent Scan Root Regions 149.651ms
[298.732s][info][gc,marking     ] GC(672) Concurrent Mark
[298.732s][info][gc,marking     ] GC(672) Concurrent Mark From Roots
[298.732s][info][gc,task        ] GC(672) Using 1 workers of 1 for marking
[299.702s][info][gc,start       ] GC(673) Pause Young (Normal) (G1 Evacuation Pause)
[299.702s][info][gc,task        ] GC(673) Using 2 workers of 2 for evacuation
[299.772s][info][gc,phases      ] GC(673)   Pre Evacuate Collection Set: 0.54ms
[299.772s][info][gc,phases      ] GC(673)   Merge Heap Roots: 0.48ms
[299.772s][info][gc,phases      ] GC(673)   Evacuate Collection Set: 68.08ms
[299.772s][info][gc,phases      ] GC(673)   Post Evacuate Collection Set: 0.67ms
[299.772s][info][gc,phases      ] GC(673)   Other: 0.10ms
[299.772s][info][gc,heap        ] GC(673) Eden regions: 262->0(254)
[299.772s][info][gc,heap        ] GC(673) Survivor regions: 26->18(36)
[299.772s][info][gc,heap        ] GC(673) Old regions: 587->613
[299.772s][info][gc,heap        ] GC(673) Humongous regions: 8->8
[299.772s][info][gc,metaspace   ] GC(673) Metaspace: 18806K(18944K)->18806K(18944K) NonClass: 16977K(17088K)->16977K(17088K) Class: 1828K(1856K)->1828K(1856K)
[299.772s][info][gc             ] GC(673) Pause Young (Normal) (G1 Evacuation Pause) 882M->637M(978M) 70.138ms
[299.772s][info][gc,cpu         ] GC(673) User=0.14s Sys=0.00s Real=0.07s
[300.295s][info][gc,marking     ] GC(672) Concurrent Mark From Roots 1563.184ms
[300.295s][info][gc,marking     ] GC(672) Concurrent Preclean
[300.295s][info][gc,marking     ] GC(672) Concurrent Preclean 0.051ms
[300.296s][info][gc,start       ] GC(672) Pause Remark
[300.306s][info][gc             ] GC(672) Pause Remark 804M->702M(978M) 10.158ms
[300.306s][info][gc,cpu         ] GC(672) User=0.02s Sys=0.00s Real=0.01s
[300.306s][info][gc,marking     ] GC(672) Concurrent Mark 1573.772ms
[300.306s][info][gc,marking     ] GC(672) Concurrent Rebuild Remembered Sets and Scrub Regions
[300.467s][info][gc,start       ] GC(674) Pause Young (Normal) (G1 Evacuation Pause)
[300.467s][info][gc,task        ] GC(674) Using 2 workers of 2 for evacuation
[300.520s][info][gc,phases      ] GC(674)   Pre Evacuate Collection Set: 0.33ms
[300.520s][info][gc,phases      ] GC(674)   Merge Heap Roots: 0.14ms
[300.520s][info][gc,phases      ] GC(674)   Evacuate Collection Set: 51.98ms
[300.520s][info][gc,phases      ] GC(674)   Post Evacuate Collection Set: 0.64ms
[300.520s][info][gc,phases      ] GC(674)   Other: 0.12ms
[300.520s][info][gc,heap        ] GC(674) Eden regions: 254->0(296)
[300.520s][info][gc,heap        ] GC(674) Survivor regions: 18->31(34)
[300.520s][info][gc,heap        ] GC(674) Old regions: 514->531
[300.520s][info][gc,heap        ] GC(674) Humongous regions: 5->5
[300.520s][info][gc,metaspace   ] GC(674) Metaspace: 18811K(18944K)->18811K(18944K) NonClass: 16982K(17088K)->16982K(17088K) Class: 1828K(1856K)->1828K(1856K)
[300.520s][info][gc             ] GC(674) Pause Young (Normal) (G1 Evacuation Pause) 789M->566M(978M) 53.489ms
[300.520s][info][gc,cpu         ] GC(674) User=0.10s Sys=0.00s Real=0.05s
[301.006s][info][gc,marking     ] GC(672) Concurrent Rebuild Remembered Sets and Scrub Regions 700.428ms
[301.007s][info][gc,start       ] GC(672) Pause Cleanup
[301.007s][info][gc             ] GC(672) Pause Cleanup 851M->851M(978M) 0.173ms
[301.007s][info][gc,cpu         ] GC(672) User=0.00s Sys=0.00s Real=0.00s
[301.007s][info][gc,marking     ] GC(672) Concurrent Clear Claimed Marks
[301.008s][info][gc,marking     ] GC(672) Concurrent Clear Claimed Marks 0.071ms
[301.008s][info][gc,marking     ] GC(672) Concurrent Cleanup for Next Mark
[301.016s][info][gc,marking     ] GC(672) Concurrent Cleanup for Next Mark 8.353ms
[301.016s][info][gc             ] GC(672) Concurrent Mark Cycle 2433.703ms
[301.035s][info][gc,start       ] GC(675) Pause Young (Prepare Mixed) (G1 Evacuation Pause)
[301.035s][info][gc,task        ] GC(675) Using 2 workers of 2 for evacuation
[301.139s][info][gc,phases      ] GC(675)   Pre Evacuate Collection Set: 0.58ms
[301.139s][info][gc,phases      ] GC(675)   Merge Heap Roots: 0.20ms
[301.139s][info][gc,phases      ] GC(675)   Evacuate Collection Set: 101.42ms
[301.139s][info][gc,phases      ] GC(675)   Post Evacuate Collection Set: 0.82ms
[301.139s][info][gc,phases      ] GC(675)   Other: 0.12ms
[301.139s][info][gc,heap        ] GC(675) Eden regions: 296->0(252)
[301.139s][info][gc,heap        ] GC(675) Survivor regions: 31->41(41)
[301.139s][info][gc,heap        ] GC(675) Old regions: 531->576
[301.139s][info][gc,heap        ] GC(675) Humongous regions: 5->5
[301.139s][info][gc,metaspace   ] GC(675) Metaspace: 18811K(18944K)->18811K(18944K) NonClass: 16982K(17088K)->16982K(17088K) Class: 1828K(1856K)->1828K(1856K)
[301.139s][info][gc             ] GC(675) Pause Young (Prepare Mixed) (G1 Evacuation Pause) 862M->621M(978M) 103.460ms
[301.139s][info][gc,cpu         ] GC(675) User=0.20s Sys=0.00s Real=0.10s
[301.593s][info][gc,start       ] GC(676) Pause Young (Mixed) (G1 Evacuation Pause)
[301.593s][info][gc,task        ] GC(676) Using 2 workers of 2 for evacuation
[301.755s][info][gc,phases      ] GC(676)   Pre Evacuate Collection Set: 0.37ms
[301.755s][info][gc,phases      ] GC(676)   Merge Heap Roots: 0.94ms
[301.755s][info][gc,phases      ] GC(676)   Evacuate Collection Set: 160.32ms
[301.755s][info][gc,phases      ] GC(676)   Post Evacuate Collection Set: 0.77ms
[301.755s][info][gc,phases      ] GC(676)   Other: 0.10ms
[301.755s][info][gc,heap        ] GC(676) Eden regions: 252->0(244)
[301.755s][info][gc,heap        ] GC(676) Survivor regions: 41->37(37)
[301.755s][info][gc,heap        ] GC(676) Old regions: 576->567
[301.755s][info][gc,heap        ] GC(676) Humongous regions: 8->8
[301.755s][info][gc,metaspace   ] GC(676) Metaspace: 18815K(18944K)->18815K(18944K) NonClass: 16986K(17088K)->16986K(17088K) Class: 1828K(1856K)->1828K(1856K)
[301.755s][info][gc             ] GC(676) Pause Young (Mixed) (G1 Evacuation Pause) 876M->611M(978M) 162.784ms
[301.755s][info][gc,cpu         ] GC(676) User=0.32s Sys=0.00s Real=0.16s
[302.049s][info][gc,start       ] GC(677) Pause Young (Concurrent Start) (G1 Evacuation Pause)
[302.049s][info][gc,task        ] GC(677) Using 2 workers of 2 for evacuation
[302.119s][info][gc,phases      ] GC(677)   Pre Evacuate Collection Set: 0.34ms
[302.119s][info][gc,phases      ] GC(677)   Merge Heap Roots: 0.35ms
[302.119s][info][gc,phases      ] GC(677)   Evacuate Collection Set: 67.79ms
[302.119s][info][gc,phases      ] GC(677)   Post Evacuate Collection Set: 0.59ms
[302.119s][info][gc,phases      ] GC(677)   Other: 0.12ms
[302.119s][info][gc,heap        ] GC(677) Eden regions: 244->0(250)
[302.119s][info][gc,heap        ] GC(677) Survivor regions: 37->11(36)
[302.119s][info][gc,heap        ] GC(677) Old regions: 567->605
[302.119s][info][gc,heap        ] GC(677) Humongous regions: 8->8
[302.119s][info][gc,metaspace   ] GC(677) Metaspace: 18815K(18944K)->18815K(18944K) NonClass: 16986K(17088K)->16986K(17088K) Class: 1828K(1856K)->1828K(1856K)
[302.119s][info][gc             ] GC(677) Pause Young (Concurrent Start) (G1 Evacuation Pause) 855M->622M(978M) 69.494ms
[302.119s][info][gc,cpu         ] GC(677) User=0.14s Sys=0.00s Real=0.07s
[302.119s][info][gc             ] GC(678) Concurrent Mark Cycle
[302.121s][info][gc,marking     ] GC(678) Concurrent Scan Root Regions
[302.226s][info][gc,marking     ] GC(678) Concurrent Scan Root Regions 105.562ms
[302.226s][info][gc,marking     ] GC(678) Concurrent Mark
[302.226s][info][gc,marking     ] GC(678) Concurrent Mark From Roots
[302.226s][info][gc,task        ] GC(678) Using 1 workers of 1 for marking
[302.514s][info][gc,start       ] GC(679) Pause Young (Normal) (G1 Evacuation Pause)
[302.514s][info][gc,task        ] GC(679) Using 2 workers of 2 for evacuation
[302.586s][info][gc,phases      ] GC(679)   Pre Evacuate Collection Set: 0.35ms
[302.586s][info][gc,phases      ] GC(679)   Merge Heap Roots: 0.27ms
[302.586s][info][gc,phases      ] GC(679)   Evacuate Collection Set: 69.76ms
[302.586s][info][gc,phases      ] GC(679)   Post Evacuate Collection Set: 0.77ms
[302.586s][info][gc,phases      ] GC(679)   Other: 0.10ms
[302.586s][info][gc,heap        ] GC(679) Eden regions: 250->0(206)
[302.586s][info][gc,heap        ] GC(679) Survivor regions: 11->33(33)
[302.586s][info][gc,heap        ] GC(679) Old regions: 605->631
[302.586s][info][gc,heap        ] GC(679) Humongous regions: 8->8
[302.586s][info][gc,metaspace   ] GC(679) Metaspace: 18821K(18944K)->18821K(18944K) NonClass: 16992K(17088K)->16992K(17088K) Class: 1828K(1856K)->1828K(1856K)
[302.586s][info][gc             ] GC(679) Pause Young (Normal) (G1 Evacuation Pause) 872M->671M(978M) 71.518ms
[302.586s][info][gc,cpu         ] GC(679) User=0.14s Sys=0.00s Real=0.07s
[303.082s][info][gc,start       ] GC(680) Pause Young (Normal) (G1 Evacuation Pause)
[303.082s][info][gc,task        ] GC(680) Using 2 workers of 2 for evacuation
[303.173s][info][gc,phases      ] GC(680)   Pre Evacuate Collection Set: 0.58ms
[303.173s][info][gc,phases      ] GC(680)   Merge Heap Roots: 0.44ms
[303.173s][info][gc,phases      ] GC(680)   Evacuate Collection Set: 89.29ms
[303.173s][info][gc,phases      ] GC(680)   Post Evacuate Collection Set: 0.56ms
[303.173s][info][gc,phases      ] GC(680)   Other: 0.11ms
[303.173s][info][gc,heap        ] GC(680) Eden regions: 206->0(172)
[303.173s][info][gc,heap        ] GC(680) Survivor regions: 33->30(30)
[303.173s][info][gc,heap        ] GC(680) Old regions: 631->677
[303.173s][info][gc,heap        ] GC(680) Humongous regions: 8->8
[303.173s][info][gc,metaspace   ] GC(680) Metaspace: 18821K(18944K)->18821K(18944K) NonClass: 16992K(17088K)->16992K(17088K) Class: 1828K(1856K)->1828K(1856K)
[303.173s][info][gc             ] GC(680) Pause Young (Normal) (G1 Evacuation Pause) 877M->714M(978M) 91.270ms
[303.173s][info][gc,cpu         ] GC(680) User=0.18s Sys=0.00s Real=0.10s
[303.299s][info][gc,marking     ] GC(678) Concurrent Mark From Roots 1072.825ms
[303.299s][info][gc,marking     ] GC(678) Concurrent Preclean
[303.299s][info][gc,marking     ] GC(678) Concurrent Preclean 0.042ms
[303.299s][info][gc,start       ] GC(678) Pause Remark
[303.308s][info][gc             ] GC(678) Pause Remark 805M->628M(978M) 8.788ms
[303.308s][info][gc,cpu         ] GC(678) User=0.02s Sys=0.00s Real=0.01s
[303.309s][info][gc,marking     ] GC(678) Concurrent Mark 1083.164ms
[303.309s][info][gc,marking     ] GC(678) Concurrent Rebuild Remembered Sets and Scrub Regions
[303.537s][info][gc,start       ] GC(681) Pause Young (Normal) (G1 Evacuation Pause)
[303.537s][info][gc,task        ] GC(681) Using 2 workers of 2 for evacuation
[303.629s][info][gc,phases      ] GC(681)   Pre Evacuate Collection Set: 0.55ms
[303.629s][info][gc,phases      ] GC(681)   Merge Heap Roots: 0.48ms
[303.629s][info][gc,phases      ] GC(681)   Evacuate Collection Set: 89.55ms
[303.629s][info][gc,phases      ] GC(681)   Post Evacuate Collection Set: 0.56ms
[303.629s][info][gc,phases      ] GC(681)   Other: 0.11ms
[303.629s][info][gc,heap        ] GC(681) Eden regions: 172->0(262)
[303.629s][info][gc,heap        ] GC(681) Survivor regions: 30->26(26)
[303.629s][info][gc,heap        ] GC(681) Old regions: 504->543
[303.629s][info][gc,heap        ] GC(681) Humongous regions: 7->7
[303.629s][info][gc,metaspace   ] GC(681) Metaspace: 18821K(18944K)->18821K(18944K) NonClass: 16992K(17088K)->16992K(17088K) Class: 1828K(1856K)->1828K(1856K)
[303.629s][info][gc             ] GC(681) Pause Young (Normal) (G1 Evacuation Pause) 712M->575M(978M) 91.509ms
[303.629s][info][gc,cpu         ] GC(681) User=0.18s Sys=0.00s Real=0.09s
[303.915s][info][gc,marking     ] GC(678) Concurrent Rebuild Remembered Sets and Scrub Regions 605.820ms
[303.916s][info][gc,start       ] GC(678) Pause Cleanup
[303.916s][info][gc             ] GC(678) Pause Cleanup 707M->707M(978M) 0.186ms
[303.916s][info][gc,cpu         ] GC(678) User=0.00s Sys=0.00s Real=0.00s
[303.916s][info][gc,marking     ] GC(678) Concurrent Clear Claimed Marks
[303.916s][info][gc,marking     ] GC(678) Concurrent Clear Claimed Marks 0.042ms
[303.916s][info][gc,marking     ] GC(678) Concurrent Cleanup for Next Mark
[303.921s][info][gc,marking     ] GC(678) Concurrent Cleanup for Next Mark 4.897ms
[303.921s][info][gc             ] GC(678) Concurrent Mark Cycle 1802.027ms
[304.062s][info][gc,start       ] GC(682) Pause Young (Prepare Mixed) (G1 Evacuation Pause)
[304.062s][info][gc,task        ] GC(682) Using 2 workers of 2 for evacuation
[304.159s][info][gc,phases      ] GC(682)   Pre Evacuate Collection Set: 0.36ms
[304.159s][info][gc,phases      ] GC(682)   Merge Heap Roots: 0.35ms
[304.159s][info][gc,phases      ] GC(682)   Evacuate Collection Set: 95.61ms
[304.159s][info][gc,phases      ] GC(682)   Post Evacuate Collection Set: 0.63ms
[304.159s][info][gc,phases      ] GC(682)   Other: 0.09ms
[304.159s][info][gc,heap        ] GC(682) Eden regions: 262->0(230)
[304.159s][info][gc,heap        ] GC(682) Survivor regions: 26->36(36)
[304.159s][info][gc,heap        ] GC(682) Old regions: 543->578
[304.159s][info][gc,heap        ] GC(682) Humongous regions: 7->7
[304.159s][info][gc,metaspace   ] GC(682) Metaspace: 18821K(18944K)->18821K(18944K) NonClass: 16992K(17088K)->16992K(17088K) Class: 1828K(1856K)->1828K(1856K)
[304.159s][info][gc             ] GC(682) Pause Young (Prepare Mixed) (G1 Evacuation Pause) 837M->620M(978M) 97.325ms
[304.159s][info][gc,cpu         ] GC(682) User=0.19s Sys=0.00s Real=0.10s
[304.408s][info][gc,start       ] GC(683) Pause Young (Mixed) (G1 Evacuation Pause)
[304.408s][info][gc,task        ] GC(683) Using 2 workers of 2 for evacuation
[304.457s][info][gc,phases      ] GC(683)   Pre Evacuate Collection Set: 0.56ms
[304.457s][info][gc,phases      ] GC(683)   Merge Heap Roots: 0.32ms
[304.457s][info][gc,phases      ] GC(683)   Evacuate Collection Set: 46.56ms
[304.457s][info][gc,phases      ] GC(683)   Post Evacuate Collection Set: 0.57ms
[304.457s][info][gc,phases      ] GC(683)   Other: 0.13ms
[304.457s][info][gc,heap        ] GC(683) Eden regions: 230->0(281)
[304.457s][info][gc,heap        ] GC(683) Survivor regions: 36->2(34)
[304.457s][info][gc,heap        ] GC(683) Old regions: 578->561
[304.457s][info][gc,heap        ] GC(683) Humongous regions: 7->7
[304.457s][info][gc,metaspace   ] GC(683) Metaspace: 18821K(18944K)->18821K(18944K) NonClass: 16992K(17088K)->16992K(17088K) Class: 1828K(1856K)->1828K(1856K)
[304.457s][info][gc             ] GC(683) Pause Young (Mixed) (G1 Evacuation Pause) 850M->569M(978M) 48.396ms
[304.457s][info][gc,cpu         ] GC(683) User=0.09s Sys=0.00s Real=0.05s
[304.889s][info][gc,start       ] GC(684) Pause Young (Concurrent Start) (G1 Evacuation Pause)
[304.889s][info][gc,task        ] GC(684) Using 2 workers of 2 for evacuation
[304.929s][info][gc,phases      ] GC(684)   Pre Evacuate Collection Set: 0.37ms
[304.929s][info][gc,phases      ] GC(684)   Merge Heap Roots: 0.25ms
[304.930s][info][gc,phases      ] GC(684)   Evacuate Collection Set: 39.41ms
[304.930s][info][gc,phases      ] GC(684)   Post Evacuate Collection Set: 0.61ms
[304.930s][info][gc,phases      ] GC(684)   Other: 0.11ms
[304.930s][info][gc,heap        ] GC(684) Eden regions: 281->0(266)
[304.930s][info][gc,heap        ] GC(684) Survivor regions: 2->31(36)
[304.930s][info][gc,heap        ] GC(684) Old regions: 561->561
[304.930s][info][gc,heap        ] GC(684) Humongous regions: 7->7
[304.930s][info][gc,metaspace   ] GC(684) Metaspace: 18821K(18944K)->18821K(18944K) NonClass: 16992K(17088K)->16992K(17088K) Class: 1828K(1856K)->1828K(1856K)
[304.930s][info][gc             ] GC(684) Pause Young (Concurrent Start) (G1 Evacuation Pause) 850M->597M(978M) 41.016ms
[304.930s][info][gc             ] GC(685) Concurrent Mark Cycle
[304.930s][info][gc,marking     ] GC(685) Concurrent Scan Root Regions
[304.931s][info][gc,cpu         ] GC(684) User=0.09s Sys=0.00s Real=0.04s
[304.995s][info][gc,marking     ] GC(685) Concurrent Scan Root Regions 65.167ms
[304.995s][info][gc,marking     ] GC(685) Concurrent Mark
[304.995s][info][gc,marking     ] GC(685) Concurrent Mark From Roots
[304.995s][info][gc,task        ] GC(685) Using 1 workers of 1 for marking
[306.106s][info][gc,start       ] GC(686) Pause Young (Normal) (G1 Evacuation Pause)
[306.106s][info][gc,task        ] GC(686) Using 2 workers of 2 for evacuation
[306.150s][info][gc,phases      ] GC(686)   Pre Evacuate Collection Set: 0.56ms
[306.150s][info][gc,phases      ] GC(686)   Merge Heap Roots: 0.31ms
[306.150s][info][gc,phases      ] GC(686)   Evacuate Collection Set: 42.32ms
[306.150s][info][gc,phases      ] GC(686)   Post Evacuate Collection Set: 0.57ms
[306.150s][info][gc,phases      ] GC(686)   Other: 0.11ms
[306.150s][info][gc,heap        ] GC(686) Eden regions: 266->0(278)
[306.150s][info][gc,heap        ] GC(686) Survivor regions: 31->4(38)
[306.150s][info][gc,heap        ] GC(686) Old regions: 561->591
[306.150s][info][gc,heap        ] GC(686) Humongous regions: 7->7
[306.150s][info][gc,metaspace   ] GC(686) Metaspace: 18821K(18944K)->18821K(18944K) NonClass: 16992K(17088K)->16992K(17088K) Class: 1828K(1856K)->1828K(1856K)
[306.150s][info][gc             ] GC(686) Pause Young (Normal) (G1 Evacuation Pause) 863M->601M(978M) 44.135ms
[306.150s][info][gc,cpu         ] GC(686) User=0.09s Sys=0.00s Real=0.04s
[306.754s][info][gc,marking     ] GC(685) Concurrent Mark From Roots 1758.791ms
[306.754s][info][gc,marking     ] GC(685) Concurrent Preclean
[306.754s][info][gc,marking     ] GC(685) Concurrent Preclean 0.043ms
[306.754s][info][gc,start       ] GC(685) Pause Remark
[306.763s][info][gc             ] GC(685) Pause Remark 734M->733M(978M) 8.546ms
[306.763s][info][gc,cpu         ] GC(685) User=0.01s Sys=0.00s Real=0.01s
[306.763s][info][gc,marking     ] GC(685) Concurrent Mark 1767.761ms
[306.763s][info][gc,marking     ] GC(685) Concurrent Rebuild Remembered Sets and Scrub Regions
[307.304s][info][gc,marking     ] GC(685) Concurrent Rebuild Remembered Sets and Scrub Regions 541.571ms
[307.305s][info][gc,start       ] GC(685) Pause Cleanup
[307.305s][info][gc             ] GC(685) Pause Cleanup 866M->866M(978M) 0.135ms
[307.305s][info][gc,cpu         ] GC(685) User=0.00s Sys=0.00s Real=0.00s
[307.305s][info][gc,marking     ] GC(685) Concurrent Clear Claimed Marks
[307.305s][info][gc,marking     ] GC(685) Concurrent Clear Claimed Marks 0.033ms
[307.305s][info][gc,marking     ] GC(685) Concurrent Cleanup for Next Mark
[307.308s][info][gc,marking     ] GC(685) Concurrent Cleanup for Next Mark 2.982ms
[307.308s][info][gc             ] GC(685) Concurrent Mark Cycle 2378.112ms
[307.344s][info][gc,start       ] GC(687) Pause Young (Prepare Mixed) (G1 Evacuation Pause)
[307.344s][info][gc,task        ] GC(687) Using 2 workers of 2 for evacuation
[307.350s][info][gc,phases      ] GC(687)   Pre Evacuate Collection Set: 0.32ms
[307.350s][info][gc,phases      ] GC(687)   Merge Heap Roots: 0.16ms
[307.350s][info][gc,phases      ] GC(687)   Evacuate Collection Set: 4.83ms
[307.350s][info][gc,phases      ] GC(687)   Post Evacuate Collection Set: 0.55ms
[307.350s][info][gc,phases      ] GC(687)   Other: 0.12ms
[307.350s][info][gc,heap        ] GC(687) Eden regions: 278->0(295)
[307.350s][info][gc,heap        ] GC(687) Survivor regions: 4->4(36)
[307.351s][info][gc,heap        ] GC(687) Old regions: 591->591
[307.351s][info][gc,heap        ] GC(687) Humongous regions: 6->6
[307.351s][info][gc,metaspace   ] GC(687) Metaspace: 18821K(18944K)->18821K(18944K) NonClass: 16992K(17088K)->16992K(17088K) Class: 1828K(1856K)->1828K(1856K)
[307.351s][info][gc             ] GC(687) Pause Young (Prepare Mixed) (G1 Evacuation Pause) 878M->600M(978M) 6.203ms
[307.351s][info][gc,cpu         ] GC(687) User=0.01s Sys=0.00s Real=0.00s
[307.976s][info][gc,start       ] GC(688) Pause Young (Mixed) (G1 Evacuation Pause)
[307.976s][info][gc,task        ] GC(688) Using 2 workers of 2 for evacuation
[308.029s][info][gc,phases      ] GC(688)   Pre Evacuate Collection Set: 0.56ms
[308.029s][info][gc,phases      ] GC(688)   Merge Heap Roots: 0.46ms
[308.029s][info][gc,phases      ] GC(688)   Evacuate Collection Set: 51.23ms
[308.029s][info][gc,phases      ] GC(688)   Post Evacuate Collection Set: 0.69ms
[308.029s][info][gc,phases      ] GC(688)   Other: 0.11ms
[308.029s][info][gc,heap        ] GC(688) Eden regions: 295->0(267)
[308.029s][info][gc,heap        ] GC(688) Survivor regions: 4->37(38)
[308.029s][info][gc,heap        ] GC(688) Old regions: 591->581
[308.029s][info][gc,heap        ] GC(688) Humongous regions: 6->6
[308.029s][info][gc,metaspace   ] GC(688) Metaspace: 18821K(18944K)->18821K(18944K) NonClass: 16992K(17088K)->16992K(17088K) Class: 1828K(1856K)->1828K(1856K)
[308.029s][info][gc             ] GC(688) Pause Young (Mixed) (G1 Evacuation Pause) 895M->622M(978M) 53.276ms
[308.029s][info][gc,cpu         ] GC(688) User=0.11s Sys=0.00s Real=0.05s
[308.379s][info][gc,start       ] GC(689) Pause Young (Concurrent Start) (G1 Evacuation Pause)
[308.379s][info][gc,task        ] GC(689) Using 2 workers of 2 for evacuation
[308.460s][info][gc,phases      ] GC(689)   Pre Evacuate Collection Set: 0.34ms
[308.460s][info][gc,phases      ] GC(689)   Merge Heap Roots: 0.15ms
[308.460s][info][gc,phases      ] GC(689)   Evacuate Collection Set: 78.89ms
[308.460s][info][gc,phases      ] GC(689)   Post Evacuate Collection Set: 0.73ms
[308.460s][info][gc,phases      ] GC(689)   Other: 0.14ms
[308.460s][info][gc,heap        ] GC(689) Eden regions: 267->0(221)
[308.460s][info][gc,heap        ] GC(689) Survivor regions: 37->38(38)
[308.460s][info][gc,heap        ] GC(689) Old regions: 581->625
[308.460s][info][gc,heap        ] GC(689) Humongous regions: 6->6
[308.460s][info][gc,metaspace   ] GC(689) Metaspace: 18821K(18944K)->18821K(18944K) NonClass: 16993K(17088K)->16993K(17088K) Class: 1828K(1856K)->1828K(1856K)
[308.460s][info][gc             ] GC(689) Pause Young (Concurrent Start) (G1 Evacuation Pause) 889M->668M(978M) 80.524ms
[308.460s][info][gc,cpu         ] GC(689) User=0.16s Sys=0.00s Real=0.08s
[308.460s][info][gc             ] GC(690) Concurrent Mark Cycle
[308.462s][info][gc,marking     ] GC(690) Concurrent Scan Root Regions
[308.546s][info][gc,marking     ] GC(690) Concurrent Scan Root Regions 84.008ms
[308.546s][info][gc,marking     ] GC(690) Concurrent Mark
[308.546s][info][gc,marking     ] GC(690) Concurrent Mark From Roots
[308.546s][info][gc,task        ] GC(690) Using 1 workers of 1 for marking
[308.960s][info][gc,start       ] GC(691) Pause Young (Normal) (G1 Evacuation Pause)
[308.960s][info][gc,task        ] GC(691) Using 2 workers of 2 for evacuation
[309.095s][info][gc,phases      ] GC(691)   Pre Evacuate Collection Set: 0.55ms
[309.095s][info][gc,phases      ] GC(691)   Merge Heap Roots: 0.30ms
[309.095s][info][gc,phases      ] GC(691)   Evacuate Collection Set: 126.74ms
[309.095s][info][gc,phases      ] GC(691)   Post Evacuate Collection Set: 6.55ms
[309.095s][info][gc,phases      ] GC(691)   Other: 0.13ms
[309.095s][info][gc,heap        ] GC(691) Eden regions: 221->0(104)
[309.095s][info][gc,heap        ] GC(691) Survivor regions: 38->33(33)
[309.095s][info][gc,heap        ] GC(691) Old regions: 625->749
[309.095s][info][gc,heap        ] GC(691) Humongous regions: 9->9
[309.095s][info][gc,metaspace   ] GC(691) Metaspace: 18821K(18944K)->18821K(18944K) NonClass: 16993K(17088K)->16993K(17088K) Class: 1828K(1856K)->1828K(1856K)
[309.095s][info][gc             ] GC(691) Pause Young (Normal) (G1 Evacuation Pause) (Evacuation Failure: Allocation) 892M->790M(978M) 134.556ms
[309.095s][info][gc,cpu         ] GC(691) User=0.27s Sys=0.00s Real=0.14s
[309.308s][info][gc,start       ] GC(692) Pause Young (Normal) (G1 Evacuation Pause)
[309.308s][info][gc,task        ] GC(692) Using 2 workers of 2 for evacuation
[309.380s][info][gc,phases      ] GC(692)   Pre Evacuate Collection Set: 0.59ms
[309.380s][info][gc,phases      ] GC(692)   Merge Heap Roots: 0.72ms
[309.380s][info][gc,phases      ] GC(692)   Evacuate Collection Set: 69.99ms
[309.380s][info][gc,phases      ] GC(692)   Post Evacuate Collection Set: 0.51ms
[309.380s][info][gc,phases      ] GC(692)   Other: 0.09ms
[309.380s][info][gc,heap        ] GC(692) Eden regions: 104->0(174)
[309.380s][info][gc,heap        ] GC(692) Survivor regions: 33->5(18)
[309.380s][info][gc,heap        ] GC(692) Old regions: 749->719
[309.380s][info][gc,heap        ] GC(692) Humongous regions: 9->9
[309.380s][info][gc,metaspace   ] GC(692) Metaspace: 18821K(18944K)->18821K(18944K) NonClass: 16993K(17088K)->16993K(17088K) Class: 1828K(1856K)->1828K(1856K)
[309.380s][info][gc             ] GC(692) Pause Young (Normal) (G1 Evacuation Pause) 894M->732M(978M) 72.177ms
[309.380s][info][gc,cpu         ] GC(692) User=0.14s Sys=0.00s Real=0.07s
[309.722s][info][gc,start       ] GC(693) Pause Young (Normal) (G1 Evacuation Pause)
[309.722s][info][gc,task        ] GC(693) Using 2 workers of 2 for evacuation
[309.761s][info][gc,phases      ] GC(693)   Pre Evacuate Collection Set: 2.76ms
[309.761s][info][gc,phases      ] GC(693)   Merge Heap Roots: 0.81ms
[309.761s][info][gc,phases      ] GC(693)   Evacuate Collection Set: 34.71ms
[309.761s][info][gc,phases      ] GC(693)   Post Evacuate Collection Set: 0.47ms
[309.761s][info][gc,phases      ] GC(693)   Other: 0.10ms
[309.761s][info][gc,heap        ] GC(693) Eden regions: 174->0(183)
[309.761s][info][gc,heap        ] GC(693) Survivor regions: 5->5(23)
[309.761s][info][gc,heap        ] GC(693) Old regions: 719->719
[309.761s][info][gc,heap        ] GC(693) Humongous regions: 9->9
[309.761s][info][gc,metaspace   ] GC(693) Metaspace: 18821K(18944K)->18821K(18944K) NonClass: 16993K(17088K)->16993K(17088K) Class: 1828K(1856K)->1828K(1856K)
[309.761s][info][gc             ] GC(693) Pause Young (Normal) (G1 Evacuation Pause) 906M->732M(978M) 39.112ms
[309.761s][info][gc,cpu         ] GC(693) User=0.08s Sys=0.00s Real=0.04s
[310.066s][info][gc,marking     ] GC(690) Concurrent Mark From Roots 1520.738ms
[310.067s][info][gc,marking     ] GC(690) Concurrent Preclean
[310.067s][info][gc,marking     ] GC(690) Concurrent Preclean 0.056ms
[310.068s][info][gc,start       ] GC(690) Pause Remark
[310.251s][info][gc             ] GC(690) Pause Remark 882M->867M(978M) 183.118ms
[310.251s][info][gc,cpu         ] GC(690) User=0.36s Sys=0.00s Real=0.18s
[310.253s][info][gc,marking     ] GC(690) Concurrent Mark 1706.889ms
[310.253s][info][gc,marking     ] GC(690) Concurrent Rebuild Remembered Sets and Scrub Regions
[310.299s][info][gc,start       ] GC(694) Pause Young (Normal) (G1 Evacuation Pause)
[310.299s][info][gc,task        ] GC(694) Using 2 workers of 2 for evacuation
[310.320s][info][gc,phases      ] GC(694)   Pre Evacuate Collection Set: 0.55ms
[310.320s][info][gc,phases      ] GC(694)   Merge Heap Roots: 0.26ms
[310.320s][info][gc,phases      ] GC(694)   Evacuate Collection Set: 19.89ms
[310.320s][info][gc,phases      ] GC(694)   Post Evacuate Collection Set: 0.47ms
[310.320s][info][gc,phases      ] GC(694)   Other: 0.09ms
[310.320s][info][gc,heap        ] GC(694) Eden regions: 183->0(195)
[310.320s][info][gc,heap        ] GC(694) Survivor regions: 5->10(24)
[310.320s][info][gc,heap        ] GC(694) Old regions: 704->704
[310.320s][info][gc,heap        ] GC(694) Humongous regions: 9->9
[310.320s][info][gc,metaspace   ] GC(694) Metaspace: 18821K(18944K)->18821K(18944K) NonClass: 16993K(17088K)->16993K(17088K) Class: 1828K(1856K)->1828K(1856K)
[310.320s][info][gc             ] GC(694) Pause Young (Normal) (G1 Evacuation Pause) 900M->722M(978M) 21.524ms
[310.320s][info][gc,cpu         ] GC(694) User=0.05s Sys=0.00s Real=0.02s
[310.715s][info][gc,start       ] GC(695) Pause Young (Normal) (G1 Evacuation Pause)
[310.716s][info][gc,task        ] GC(695) Using 2 workers of 2 for evacuation
[310.763s][info][gc,phases      ] GC(695)   Pre Evacuate Collection Set: 0.32ms
[310.763s][info][gc,phases      ] GC(695)   Merge Heap Roots: 0.19ms
[310.763s][info][gc,phases      ] GC(695)   Evacuate Collection Set: 45.94ms
[310.763s][info][gc,phases      ] GC(695)   Post Evacuate Collection Set: 0.57ms
[310.763s][info][gc,phases      ] GC(695)   Other: 0.09ms
[310.763s][info][gc,heap        ] GC(695) Eden regions: 195->0(153)
[310.763s][info][gc,heap        ] GC(695) Survivor regions: 10->26(26)
[310.763s][info][gc,heap        ] GC(695) Old regions: 704->714
[310.763s][info][gc,heap        ] GC(695) Humongous regions: 9->9
[310.763s][info][gc,metaspace   ] GC(695) Metaspace: 18821K(18944K)->18821K(18944K) NonClass: 16993K(17088K)->16993K(17088K) Class: 1828K(1856K)->1828K(1856K)
[310.763s][info][gc             ] GC(695) Pause Young (Normal) (G1 Evacuation Pause) 917M->748M(978M) 47.410ms
[310.763s][info][gc,cpu         ] GC(695) User=0.09s Sys=0.00s Real=0.05s
[310.987s][info][gc,start       ] GC(696) Pause Young (Normal) (G1 Evacuation Pause)
[310.987s][info][gc,task        ] GC(696) Using 2 workers of 2 for evacuation
[311.046s][info][gc,phases      ] GC(696)   Pre Evacuate Collection Set: 0.56ms
[311.046s][info][gc,phases      ] GC(696)   Merge Heap Roots: 0.31ms
[311.046s][info][gc,phases      ] GC(696)   Evacuate Collection Set: 57.20ms
[311.046s][info][gc,phases      ] GC(696)   Post Evacuate Collection Set: 0.52ms
[311.046s][info][gc,phases      ] GC(696)   Other: 0.08ms
[311.046s][info][gc,heap        ] GC(696) Eden regions: 153->0(140)
[311.046s][info][gc,heap        ] GC(696) Survivor regions: 26->19(23)
[311.046s][info][gc,heap        ] GC(696) Old regions: 714->741
[311.046s][info][gc,heap        ] GC(696) Humongous regions: 9->9
[311.046s][info][gc,metaspace   ] GC(696) Metaspace: 18822K(18944K)->18822K(18944K) NonClass: 16993K(17088K)->16993K(17088K) Class: 1828K(1856K)->1828K(1856K)
[311.046s][info][gc             ] GC(696) Pause Young (Normal) (G1 Evacuation Pause) 901M->767M(978M) 58.885ms
[311.046s][info][gc,cpu         ] GC(696) User=0.12s Sys=0.00s Real=0.06s
[311.321s][info][gc,start       ] GC(697) Pause Young (Normal) (G1 Evacuation Pause)
[311.321s][info][gc,task        ] GC(697) Using 2 workers of 2 for evacuation
[311.370s][info][gc,phases      ] GC(697)   Pre Evacuate Collection Set: 0.57ms
[311.370s][info][gc,phases      ] GC(697)   Merge Heap Roots: 0.17ms
[311.370s][info][gc,phases      ] GC(697)   Evacuate Collection Set: 47.70ms
[311.370s][info][gc,phases      ] GC(697)   Post Evacuate Collection Set: 0.48ms
[311.370s][info][gc,phases      ] GC(697)   Other: 0.09ms
[311.370s][info][gc,heap        ] GC(697) Eden regions: 140->0(115)
[311.370s][info][gc,heap        ] GC(697) Survivor regions: 19->20(20)
[311.370s][info][gc,heap        ] GC(697) Old regions: 741->764
[311.370s][info][gc,heap        ] GC(697) Humongous regions: 9->9
[311.370s][info][gc,metaspace   ] GC(697) Metaspace: 18823K(18944K)->18823K(18944K) NonClass: 16994K(17088K)->16994K(17088K) Class: 1828K(1856K)->1828K(1856K)
[311.370s][info][gc             ] GC(697) Pause Young (Normal) (G1 Evacuation Pause) 907M->792M(978M) 49.305ms
[311.370s][info][gc,cpu         ] GC(697) User=0.10s Sys=0.00s Real=0.05s
[311.454s][info][gc,marking     ] GC(690) Concurrent Rebuild Remembered Sets and Scrub Regions 1201.407ms
[311.454s][info][gc,start       ] GC(690) Pause Cleanup
[311.454s][info][gc             ] GC(690) Pause Cleanup 829M->829M(978M) 0.138ms
[311.454s][info][gc,cpu         ] GC(690) User=0.00s Sys=0.00s Real=0.00s
[311.457s][info][gc,marking     ] GC(690) Concurrent Clear Claimed Marks
[311.457s][info][gc,marking     ] GC(690) Concurrent Clear Claimed Marks 0.060ms
[311.457s][info][gc,marking     ] GC(690) Concurrent Cleanup for Next Mark
[311.460s][info][gc,marking     ] GC(690) Concurrent Cleanup for Next Mark 3.061ms
[311.460s][info][gc             ] GC(690) Concurrent Mark Cycle 2999.939ms
[311.564s][info][gc,start       ] GC(698) Pause Young (Prepare Mixed) (G1 Evacuation Pause)
[311.564s][info][gc,task        ] GC(698) Using 2 workers of 2 for evacuation
[311.609s][info][gc,phases      ] GC(698)   Pre Evacuate Collection Set: 0.33ms
[311.609s][info][gc,phases      ] GC(698)   Merge Heap Roots: 0.17ms
[311.609s][info][gc,phases      ] GC(698)   Evacuate Collection Set: 43.77ms
[311.609s][info][gc,phases      ] GC(698)   Post Evacuate Collection Set: 0.52ms
[311.609s][info][gc,phases      ] GC(698)   Other: 0.13ms
[311.609s][info][gc,heap        ] GC(698) Eden regions: 115->0(102)
[311.609s][info][gc,heap        ] GC(698) Survivor regions: 20->16(17)
[311.609s][info][gc,heap        ] GC(698) Old regions: 764->785
[311.609s][info][gc,heap        ] GC(698) Humongous regions: 9->9
[311.609s][info][gc,metaspace   ] GC(698) Metaspace: 18824K(18944K)->18824K(18944K) NonClass: 16995K(17088K)->16995K(17088K) Class: 1828K(1856K)->1828K(1856K)
[311.609s][info][gc             ] GC(698) Pause Young (Prepare Mixed) (G1 Evacuation Pause) 907M->809M(978M) 45.214ms
[311.609s][info][gc,cpu         ] GC(698) User=0.09s Sys=0.00s Real=0.04s
[311.744s][info][gc,start       ] GC(699) Pause Young (Mixed) (G1 Evacuation Pause)
[311.744s][info][gc,task        ] GC(699) Using 2 workers of 2 for evacuation
[311.777s][info][gc,phases      ] GC(699)   Pre Evacuate Collection Set: 0.33ms
[311.777s][info][gc,phases      ] GC(699)   Merge Heap Roots: 0.22ms
[311.777s][info][gc,phases      ] GC(699)   Evacuate Collection Set: 32.01ms
[311.777s][info][gc,phases      ] GC(699)   Post Evacuate Collection Set: 0.44ms
[311.777s][info][gc,phases      ] GC(699)   Other: 0.10ms
[311.777s][info][gc,heap        ] GC(699) Eden regions: 102->0(121)
[311.777s][info][gc,heap        ] GC(699) Survivor regions: 16->4(15)
[311.777s][info][gc,heap        ] GC(699) Old regions: 785->790
[311.777s][info][gc,heap        ] GC(699) Humongous regions: 9->9
[311.777s][info][gc,metaspace   ] GC(699) Metaspace: 18826K(18944K)->18826K(18944K) NonClass: 16997K(17088K)->16997K(17088K) Class: 1828K(1856K)->1828K(1856K)
[311.777s][info][gc             ] GC(699) Pause Young (Mixed) (G1 Evacuation Pause) 911M->802M(978M) 33.375ms
[311.777s][info][gc,cpu         ] GC(699) User=0.07s Sys=0.00s Real=0.03s
[312.120s][info][gc,start       ] GC(700) Pause Young (Concurrent Start) (G1 Evacuation Pause)
[312.120s][info][gc,task        ] GC(700) Using 2 workers of 2 for evacuation
[312.128s][info][gc,phases      ] GC(700)   Pre Evacuate Collection Set: 0.33ms
[312.128s][info][gc,phases      ] GC(700)   Merge Heap Roots: 0.13ms
[312.128s][info][gc,phases      ] GC(700)   Evacuate Collection Set: 6.90ms
[312.128s][info][gc,phases      ] GC(700)   Post Evacuate Collection Set: 0.43ms
[312.128s][info][gc,phases      ] GC(700)   Other: 0.14ms
[312.128s][info][gc,heap        ] GC(700) Eden regions: 121->0(119)
[312.128s][info][gc,heap        ] GC(700) Survivor regions: 4->5(16)
[312.128s][info][gc,heap        ] GC(700) Old regions: 790->790
[312.128s][info][gc,heap        ] GC(700) Humongous regions: 9->9
[312.128s][info][gc,metaspace   ] GC(700) Metaspace: 18826K(18944K)->18826K(18944K) NonClass: 16997K(17088K)->16997K(17088K) Class: 1828K(1856K)->1828K(1856K)
[312.128s][info][gc             ] GC(700) Pause Young (Concurrent Start) (G1 Evacuation Pause) 923M->803M(978M) 8.168ms
[312.128s][info][gc,cpu         ] GC(700) User=0.01s Sys=0.00s Real=0.01s
[312.128s][info][gc             ] GC(701) Concurrent Mark Cycle
[312.128s][info][gc,marking     ] GC(701) Concurrent Scan Root Regions
[312.137s][info][gc,marking     ] GC(701) Concurrent Scan Root Regions 9.380ms
[312.137s][info][gc,marking     ] GC(701) Concurrent Mark
[312.138s][info][gc,marking     ] GC(701) Concurrent Mark From Roots
[312.138s][info][gc,task        ] GC(701) Using 1 workers of 1 for marking
[312.628s][info][gc,start       ] GC(702) Pause Young (Normal) (G1 Evacuation Pause)
[312.628s][info][gc,task        ] GC(702) Using 2 workers of 2 for evacuation
[312.638s][info][gc,phases      ] GC(702)   Pre Evacuate Collection Set: 0.54ms
[312.638s][info][gc,phases      ] GC(702)   Merge Heap Roots: 0.12ms
[312.638s][info][gc,phases      ] GC(702)   Evacuate Collection Set: 8.50ms
[312.638s][info][gc,phases      ] GC(702)   Post Evacuate Collection Set: 0.40ms
[312.638s][info][gc,phases      ] GC(702)   Other: 0.12ms
[312.638s][info][gc,heap        ] GC(702) Eden regions: 119->0(117)
[312.638s][info][gc,heap        ] GC(702) Survivor regions: 5->6(16)
[312.638s][info][gc,heap        ] GC(702) Old regions: 790->790
[312.638s][info][gc,heap        ] GC(702) Humongous regions: 9->9
[312.638s][info][gc,metaspace   ] GC(702) Metaspace: 18826K(18944K)->18826K(18944K) NonClass: 16997K(17088K)->16997K(17088K) Class: 1828K(1856K)->1828K(1856K)
[312.638s][info][gc             ] GC(702) Pause Young (Normal) (G1 Evacuation Pause) 922M->804M(978M) 9.984ms
[312.638s][info][gc,cpu         ] GC(702) User=0.02s Sys=0.00s Real=0.01s
[312.902s][info][gc,start       ] GC(703) Pause Young (Normal) (G1 Evacuation Pause)
[312.902s][info][gc,task        ] GC(703) Using 2 workers of 2 for evacuation
[312.926s][info][gc,phases      ] GC(703)   Pre Evacuate Collection Set: 0.30ms
[312.926s][info][gc,phases      ] GC(703)   Merge Heap Roots: 0.11ms
[312.926s][info][gc,phases      ] GC(703)   Evacuate Collection Set: 23.76ms
[312.926s][info][gc,phases      ] GC(703)   Post Evacuate Collection Set: 0.44ms
[312.926s][info][gc,phases      ] GC(703)   Other: 0.10ms
[312.926s][info][gc,heap        ] GC(703) Eden regions: 117->0(94)
[312.926s][info][gc,heap        ] GC(703) Survivor regions: 6->16(16)
[312.926s][info][gc,heap        ] GC(703) Old regions: 790->793
[312.926s][info][gc,heap        ] GC(703) Humongous regions: 9->9
[312.927s][info][gc,metaspace   ] GC(703) Metaspace: 18826K(18944K)->18826K(18944K) NonClass: 16997K(17088K)->16997K(17088K) Class: 1828K(1856K)->1828K(1856K)
[312.927s][info][gc             ] GC(703) Pause Young (Normal) (G1 Evacuation Pause) 921M->817M(978M) 24.979ms
[312.927s][info][gc,cpu         ] GC(703) User=0.05s Sys=0.00s Real=0.03s
[313.207s][info][gc,start       ] GC(704) Pause Young (Normal) (G1 Evacuation Pause)
[313.208s][info][gc,task        ] GC(704) Using 2 workers of 2 for evacuation
[313.236s][info][gc,phases      ] GC(704)   Pre Evacuate Collection Set: 0.33ms
[313.236s][info][gc,phases      ] GC(704)   Merge Heap Roots: 0.16ms
[313.236s][info][gc,phases      ] GC(704)   Evacuate Collection Set: 27.07ms
[313.236s][info][gc,phases      ] GC(704)   Post Evacuate Collection Set: 0.40ms
[313.236s][info][gc,phases      ] GC(704)   Other: 0.12ms
[313.236s][info][gc,heap        ] GC(704) Eden regions: 94->0(99)
[313.236s][info][gc,heap        ] GC(704) Survivor regions: 16->5(14)
[313.236s][info][gc,heap        ] GC(704) Old regions: 793->810
[313.236s][info][gc,heap        ] GC(704) Humongous regions: 9->9
[313.236s][info][gc,metaspace   ] GC(704) Metaspace: 18826K(18944K)->18826K(18944K) NonClass: 16997K(17088K)->16997K(17088K) Class: 1828K(1856K)->1828K(1856K)
[313.236s][info][gc             ] GC(704) Pause Young (Normal) (G1 Evacuation Pause) 911M->822M(978M) 28.333ms
[313.236s][info][gc,cpu         ] GC(704) User=0.06s Sys=0.00s Real=0.03s
[313.452s][info][gc,start       ] GC(705) Pause Young (Normal) (G1 Evacuation Pause)
[313.452s][info][gc,task        ] GC(705) Using 2 workers of 2 for evacuation
[313.485s][info][gc,phases      ] GC(705)   Pre Evacuate Collection Set: 0.53ms
[313.485s][info][gc,phases      ] GC(705)   Merge Heap Roots: 0.07ms
[313.485s][info][gc,phases      ] GC(705)   Evacuate Collection Set: 31.53ms
[313.485s][info][gc,phases      ] GC(705)   Post Evacuate Collection Set: 0.52ms
[313.485s][info][gc,phases      ] GC(705)   Other: 0.13ms
[313.485s][info][gc,heap        ] GC(705) Eden regions: 99->0(64)
[313.485s][info][gc,heap        ] GC(705) Survivor regions: 5->13(13)
[313.485s][info][gc,heap        ] GC(705) Old regions: 810->829
[313.485s][info][gc,heap        ] GC(705) Humongous regions: 9->9
[313.485s][info][gc,metaspace   ] GC(705) Metaspace: 18826K(18944K)->18826K(18944K) NonClass: 16997K(17088K)->16997K(17088K) Class: 1828K(1856K)->1828K(1856K)
[313.485s][info][gc             ] GC(705) Pause Young (Normal) (G1 Evacuation Pause) 921M->850M(978M) 33.019ms
[313.485s][info][gc,cpu         ] GC(705) User=0.07s Sys=0.00s Real=0.04s
[313.593s][info][gc,start       ] GC(706) Pause Young (Normal) (G1 Evacuation Pause)
[313.594s][info][gc,task        ] GC(706) Using 2 workers of 2 for evacuation
[313.637s][info][gc,phases      ] GC(706)   Pre Evacuate Collection Set: 0.34ms
[313.637s][info][gc,phases      ] GC(706)   Merge Heap Roots: 0.28ms
[313.637s][info][gc,phases      ] GC(706)   Evacuate Collection Set: 42.02ms
[313.637s][info][gc,phases      ] GC(706)   Post Evacuate Collection Set: 0.47ms
[313.637s][info][gc,phases      ] GC(706)   Other: 0.10ms
[313.637s][info][gc,heap        ] GC(706) Eden regions: 64->0(44)
[313.637s][info][gc,heap        ] GC(706) Survivor regions: 13->10(10)
[313.637s][info][gc,heap        ] GC(706) Old regions: 829->855
[313.637s][info][gc,heap        ] GC(706) Humongous regions: 9->9
[313.637s][info][gc,metaspace   ] GC(706) Metaspace: 18826K(18944K)->18826K(18944K) NonClass: 16997K(17088K)->16997K(17088K) Class: 1828K(1856K)->1828K(1856K)
[313.637s][info][gc             ] GC(706) Pause Young (Normal) (G1 Evacuation Pause) 914M->873M(978M) 43.530ms
[313.637s][info][gc,cpu         ] GC(706) User=0.09s Sys=0.01s Real=0.04s
[313.703s][info][gc,start       ] GC(707) Pause Young (Normal) (G1 Evacuation Pause)
[313.703s][info][gc,task        ] GC(707) Using 2 workers of 2 for evacuation
[313.732s][info][gc,phases      ] GC(707)   Pre Evacuate Collection Set: 0.57ms
[313.732s][info][gc,phases      ] GC(707)   Merge Heap Roots: 0.20ms
[313.732s][info][gc,phases      ] GC(707)   Evacuate Collection Set: 27.73ms
[313.732s][info][gc,phases      ] GC(707)   Post Evacuate Collection Set: 0.38ms
[313.732s][info][gc,phases      ] GC(707)   Other: 0.11ms
[313.732s][info][gc,heap        ] GC(707) Eden regions: 44->0(41)
[313.732s][info][gc,heap        ] GC(707) Survivor regions: 10->7(7)
[313.732s][info][gc,heap        ] GC(707) Old regions: 855->874
[313.732s][info][gc,heap        ] GC(707) Humongous regions: 9->9
[313.732s][info][gc,metaspace   ] GC(707) Metaspace: 18826K(18944K)->18826K(18944K) NonClass: 16997K(17088K)->16997K(17088K) Class: 1828K(1856K)->1828K(1856K)
[313.732s][info][gc             ] GC(707) Pause Young (Normal) (G1 Evacuation Pause) 917M->889M(978M) 29.227ms
[313.732s][info][gc,cpu         ] GC(707) User=0.06s Sys=0.00s Real=0.02s
[313.811s][info][gc,marking     ] GC(701) Concurrent Mark From Roots 1673.604ms
[313.811s][info][gc,marking     ] GC(701) Concurrent Preclean
[313.811s][info][gc,marking     ] GC(701) Concurrent Preclean 0.047ms
[313.812s][info][gc,start       ] GC(701) Pause Remark
[313.821s][info][gc             ] GC(701) Pause Remark 915M->634M(978M) 8.792ms
[313.821s][info][gc,cpu         ] GC(701) User=0.02s Sys=0.00s Real=0.01s
[313.821s][info][gc,marking     ] GC(701) Concurrent Mark 1683.406ms
[313.821s][info][gc,marking     ] GC(701) Concurrent Rebuild Remembered Sets and Scrub Regions
[313.898s][info][gc,start       ] GC(708) Pause Young (Normal) (G1 Evacuation Pause)
[313.898s][info][gc,task        ] GC(708) Using 2 workers of 2 for evacuation
[313.919s][info][gc,phases      ] GC(708)   Pre Evacuate Collection Set: 0.53ms
[313.919s][info][gc,phases      ] GC(708)   Merge Heap Roots: 0.23ms
[313.919s][info][gc,phases      ] GC(708)   Evacuate Collection Set: 20.17ms
[313.919s][info][gc,phases      ] GC(708)   Post Evacuate Collection Set: 0.40ms
[313.919s][info][gc,phases      ] GC(708)   Other: 0.11ms
[313.919s][info][gc,heap        ] GC(708) Eden regions: 41->0(250)
[313.919s][info][gc,heap        ] GC(708) Survivor regions: 7->6(6)
[313.919s][info][gc,heap        ] GC(708) Old regions: 598->607
[313.919s][info][gc,heap        ] GC(708) Humongous regions: 4->4
[313.919s][info][gc,metaspace   ] GC(708) Metaspace: 18826K(18944K)->18826K(18944K) NonClass: 16997K(17088K)->16997K(17088K) Class: 1828K(1856K)->1828K(1856K)
[313.919s][info][gc             ] GC(708) Pause Young (Normal) (G1 Evacuation Pause) 649M->616M(978M) 21.695ms
[313.919s][info][gc,cpu         ] GC(708) User=0.04s Sys=0.00s Real=0.02s
[314.432s][info][gc,start       ] GC(709) Pause Young (Normal) (G1 Evacuation Pause)
[314.432s][info][gc,task        ] GC(709) Using 2 workers of 2 for evacuation
[314.507s][info][gc,phases      ] GC(709)   Pre Evacuate Collection Set: 0.56ms
[314.508s][info][gc,phases      ] GC(709)   Merge Heap Roots: 0.58ms
[314.508s][info][gc,phases      ] GC(709)   Evacuate Collection Set: 73.12ms
[314.508s][info][gc,phases      ] GC(709)   Post Evacuate Collection Set: 0.68ms
[314.508s][info][gc,phases      ] GC(709)   Other: 0.12ms
[314.508s][info][gc,heap        ] GC(709) Eden regions: 250->0(217)
[314.508s][info][gc,heap        ] GC(709) Survivor regions: 6->32(32)
[314.508s][info][gc,heap        ] GC(709) Old regions: 607->617
[314.508s][info][gc,heap        ] GC(709) Humongous regions: 7->7
[314.508s][info][gc,metaspace   ] GC(709) Metaspace: 18826K(18944K)->18826K(18944K) NonClass: 16997K(17088K)->16997K(17088K) Class: 1828K(1856K)->1828K(1856K)
[314.508s][info][gc             ] GC(709) Pause Young (Normal) (G1 Evacuation Pause) 869M->655M(978M) 75.352ms
[314.508s][info][gc,cpu         ] GC(709) User=0.14s Sys=0.00s Real=0.08s
[314.531s][info][gc,marking     ] GC(701) Concurrent Rebuild Remembered Sets and Scrub Regions 709.897ms
[314.531s][info][gc,start       ] GC(701) Pause Cleanup
[314.531s][info][gc             ] GC(701) Pause Cleanup 666M->666M(978M) 0.162ms
[314.531s][info][gc,cpu         ] GC(701) User=0.00s Sys=0.00s Real=0.00s
[314.532s][info][gc,marking     ] GC(701) Concurrent Clear Claimed Marks
[314.532s][info][gc,marking     ] GC(701) Concurrent Clear Claimed Marks 0.042ms
[314.532s][info][gc,marking     ] GC(701) Concurrent Cleanup for Next Mark
[314.539s][info][gc,marking     ] GC(701) Concurrent Cleanup for Next Mark 6.760ms
[314.539s][info][gc             ] GC(701) Concurrent Mark Cycle 2410.659ms
[314.770s][info][gc,start       ] GC(710) Pause Young (Prepare Mixed) (G1 Evacuation Pause)
[314.771s][info][gc,task        ] GC(710) Using 2 workers of 2 for evacuation
[314.856s][info][gc,phases      ] GC(710)   Pre Evacuate Collection Set: 0.33ms
[314.856s][info][gc,phases      ] GC(710)   Merge Heap Roots: 0.76ms
[314.856s][info][gc,phases      ] GC(710)   Evacuate Collection Set: 83.84ms
[314.856s][info][gc,phases      ] GC(710)   Post Evacuate Collection Set: 0.56ms
[314.856s][info][gc,phases      ] GC(710)   Other: 0.09ms
[314.856s][info][gc,heap        ] GC(710) Eden regions: 217->0(198)
[314.856s][info][gc,heap        ] GC(710) Survivor regions: 32->26(32)
[314.856s][info][gc,heap        ] GC(710) Old regions: 617->650
[314.856s][info][gc,heap        ] GC(710) Humongous regions: 7->7
[314.856s][info][gc,metaspace   ] GC(710) Metaspace: 18826K(18944K)->18826K(18944K) NonClass: 16997K(17088K)->16997K(17088K) Class: 1828K(1856K)->1828K(1856K)
[314.856s][info][gc             ] GC(710) Pause Young (Prepare Mixed) (G1 Evacuation Pause) 872M->682M(978M) 85.833ms
[314.856s][info][gc,cpu         ] GC(710) User=0.17s Sys=0.00s Real=0.09s
[315.060s][info][gc,start       ] GC(711) Pause Young (Mixed) (G1 Evacuation Pause)
[315.060s][info][gc,task        ] GC(711) Using 2 workers of 2 for evacuation
[315.100s][info][gc,phases      ] GC(711)   Pre Evacuate Collection Set: 0.36ms
[315.100s][info][gc,phases      ] GC(711)   Merge Heap Roots: 0.35ms
[315.100s][info][gc,phases      ] GC(711)   Evacuate Collection Set: 38.65ms
[315.100s][info][gc,phases      ] GC(711)   Post Evacuate Collection Set: 0.55ms
[315.100s][info][gc,phases      ] GC(711)   Other: 0.11ms
[315.100s][info][gc,heap        ] GC(711) Eden regions: 198->0(267)
[315.100s][info][gc,heap        ] GC(711) Survivor regions: 26->1(28)
[315.100s][info][gc,heap        ] GC(711) Old regions: 650->606
[315.100s][info][gc,heap        ] GC(711) Humongous regions: 7->7
[315.100s][info][gc,metaspace   ] GC(711) Metaspace: 18826K(18944K)->18826K(18944K) NonClass: 16997K(17088K)->16997K(17088K) Class: 1828K(1856K)->1828K(1856K)
[315.101s][info][gc             ] GC(711) Pause Young (Mixed) (G1 Evacuation Pause) 880M->613M(978M) 40.285ms
[315.101s][info][gc,cpu         ] GC(711) User=0.08s Sys=0.00s Real=0.04s
[315.558s][info][gc,start       ] GC(712) Pause Young (Concurrent Start) (G1 Evacuation Pause)
[315.558s][info][gc,task        ] GC(712) Using 2 workers of 2 for evacuation
[315.600s][info][gc,phases      ] GC(712)   Pre Evacuate Collection Set: 0.33ms
[315.600s][info][gc,phases      ] GC(712)   Merge Heap Roots: 0.51ms
[315.600s][info][gc,phases      ] GC(712)   Evacuate Collection Set: 40.80ms
[315.600s][info][gc,phases      ] GC(712)   Post Evacuate Collection Set: 0.58ms
[315.600s][info][gc,phases      ] GC(712)   Other: 0.12ms
[315.600s][info][gc,heap        ] GC(712) Eden regions: 267->0(256)
[315.600s][info][gc,heap        ] GC(712) Survivor regions: 1->21(34)
[315.600s][info][gc,heap        ] GC(712) Old regions: 606->606
[315.600s][info][gc,heap        ] GC(712) Humongous regions: 7->7
[315.600s][info][gc,metaspace   ] GC(712) Metaspace: 18826K(18944K)->18826K(18944K) NonClass: 16997K(17088K)->16997K(17088K) Class: 1828K(1856K)->1828K(1856K)
[315.600s][info][gc             ] GC(712) Pause Young (Concurrent Start) (G1 Evacuation Pause) 880M->633M(978M) 42.644ms
[315.600s][info][gc,cpu         ] GC(712) User=0.09s Sys=0.00s Real=0.04s
[315.600s][info][gc             ] GC(713) Concurrent Mark Cycle
[315.600s][info][gc,marking     ] GC(713) Concurrent Scan Root Regions
[315.645s][info][gc,marking     ] GC(713) Concurrent Scan Root Regions 45.049ms
[315.646s][info][gc,marking     ] GC(713) Concurrent Mark
[315.646s][info][gc,marking     ] GC(713) Concurrent Mark From Roots
[315.646s][info][gc,task        ] GC(713) Using 1 workers of 1 for marking
[316.432s][info][gc,start       ] GC(714) Pause Young (Normal) (G1 Evacuation Pause)
[316.432s][info][gc,task        ] GC(714) Using 2 workers of 2 for evacuation
[316.515s][info][gc,phases      ] GC(714)   Pre Evacuate Collection Set: 0.58ms
[316.515s][info][gc,phases      ] GC(714)   Merge Heap Roots: 0.30ms
[316.515s][info][gc,phases      ] GC(714)   Evacuate Collection Set: 81.07ms
[316.515s][info][gc,phases      ] GC(714)   Post Evacuate Collection Set: 0.65ms
[316.515s][info][gc,phases      ] GC(714)   Other: 0.09ms
[316.515s][info][gc,heap        ] GC(714) Eden regions: 256->0(202)
[316.515s][info][gc,heap        ] GC(714) Survivor regions: 21->35(35)
[316.515s][info][gc,heap        ] GC(714) Old regions: 606->646
[316.515s][info][gc,heap        ] GC(714) Humongous regions: 7->7
[316.515s][info][gc,metaspace   ] GC(714) Metaspace: 18826K(18944K)->18826K(18944K) NonClass: 16997K(17088K)->16997K(17088K) Class: 1828K(1856K)->1828K(1856K)
[316.515s][info][gc             ] GC(714) Pause Young (Normal) (G1 Evacuation Pause) 889M->687M(978M) 82.937ms
[316.515s][info][gc,cpu         ] GC(714) User=0.16s Sys=0.00s Real=0.09s
[316.965s][info][gc,marking     ] GC(713) Concurrent Mark From Roots 1319.184ms
[316.965s][info][gc,marking     ] GC(713) Concurrent Preclean
[316.965s][info][gc,marking     ] GC(713) Concurrent Preclean 0.045ms
[316.965s][info][gc,start       ] GC(713) Pause Remark
[316.974s][info][gc             ] GC(713) Pause Remark 866M->671M(978M) 8.806ms
[316.974s][info][gc,cpu         ] GC(713) User=0.02s Sys=0.00s Real=0.01s
[316.974s][info][gc,marking     ] GC(713) Concurrent Mark 1328.381ms
[316.974s][info][gc,marking     ] GC(713) Concurrent Rebuild Remembered Sets and Scrub Regions
[317.065s][info][gc,start       ] GC(715) Pause Young (Normal) (G1 Evacuation Pause)
[317.065s][info][gc,task        ] GC(715) Using 2 workers of 2 for evacuation
[317.129s][info][gc,phases      ] GC(715)   Pre Evacuate Collection Set: 0.33ms
[317.129s][info][gc,phases      ] GC(715)   Merge Heap Roots: 0.34ms
[317.129s][info][gc,phases      ] GC(715)   Evacuate Collection Set: 63.38ms
[317.129s][info][gc,phases      ] GC(715)   Post Evacuate Collection Set: 0.55ms
[317.129s][info][gc,phases      ] GC(715)   Other: 0.11ms
[317.129s][info][gc,heap        ] GC(715) Eden regions: 202->0(353)
[317.129s][info][gc,heap        ] GC(715) Survivor regions: 35->12(30)
[317.130s][info][gc,heap        ] GC(715) Old regions: 454->490
[317.130s][info][gc,heap        ] GC(715) Humongous regions: 5->5
[317.130s][info][gc,metaspace   ] GC(715) Metaspace: 18826K(18944K)->18826K(18944K) NonClass: 16997K(17088K)->16997K(17088K) Class: 1828K(1856K)->1828K(1856K)
[317.130s][info][gc             ] GC(715) Pause Young (Normal) (G1 Evacuation Pause) 695M->506M(978M) 65.038ms
[317.130s][info][gc,cpu         ] GC(715) User=0.13s Sys=0.00s Real=0.06s
[317.487s][info][gc,marking     ] GC(713) Concurrent Rebuild Remembered Sets and Scrub Regions 513.518ms
[317.488s][info][gc,start       ] GC(713) Pause Cleanup
[317.488s][info][gc             ] GC(713) Pause Cleanup 650M->650M(978M) 0.156ms
[317.488s][info][gc,cpu         ] GC(713) User=0.00s Sys=0.00s Real=0.00s
[317.488s][info][gc,marking     ] GC(713) Concurrent Clear Claimed Marks
[317.488s][info][gc,marking     ] GC(713) Concurrent Clear Claimed Marks 0.041ms
[317.488s][info][gc,marking     ] GC(713) Concurrent Cleanup for Next Mark
[317.493s][info][gc,marking     ] GC(713) Concurrent Cleanup for Next Mark 5.043ms
[317.493s][info][gc             ] GC(713) Concurrent Mark Cycle 1892.656ms
[317.726s][info][gc,start       ] GC(716) Pause Young (Prepare Mixed) (G1 Evacuation Pause)
[317.726s][info][gc,task        ] GC(716) Using 2 workers of 2 for evacuation
[317.779s][info][gc,phases      ] GC(716)   Pre Evacuate Collection Set: 0.33ms
[317.779s][info][gc,phases      ] GC(716)   Merge Heap Roots: 0.33ms
[317.779s][info][gc,phases      ] GC(716)   Evacuate Collection Set: 50.87ms
[317.779s][info][gc,phases      ] GC(716)   Post Evacuate Collection Set: 0.64ms
[317.779s][info][gc,phases      ] GC(716)   Other: 0.10ms
[317.779s][info][gc,heap        ] GC(716) Eden regions: 353->0(338)
[317.779s][info][gc,heap        ] GC(716) Survivor regions: 12->35(46)
[317.779s][info][gc,heap        ] GC(716) Old regions: 490->490
[317.779s][info][gc,heap        ] GC(716) Humongous regions: 5->5
[317.779s][info][gc,metaspace   ] GC(716) Metaspace: 18826K(18944K)->18826K(18944K) NonClass: 16997K(17088K)->16997K(17088K) Class: 1828K(1856K)->1828K(1856K)
[317.779s][info][gc             ] GC(716) Pause Young (Prepare Mixed) (G1 Evacuation Pause) 859M->529M(978M) 52.575ms
[317.779s][info][gc,cpu         ] GC(716) User=0.10s Sys=0.00s Real=0.05s
[318.436s][info][gc,start       ] GC(717) Pause Young (Mixed) (G1 Evacuation Pause)
[318.436s][info][gc,task        ] GC(717) Using 2 workers of 2 for evacuation
[318.511s][info][gc,phases      ] GC(717)   Pre Evacuate Collection Set: 0.37ms
[318.511s][info][gc,phases      ] GC(717)   Merge Heap Roots: 0.32ms
[318.511s][info][gc,phases      ] GC(717)   Evacuate Collection Set: 72.79ms
[318.511s][info][gc,phases      ] GC(717)   Post Evacuate Collection Set: 0.73ms
[318.511s][info][gc,phases      ] GC(717)   Other: 0.10ms
[318.511s][info][gc,heap        ] GC(717) Eden regions: 338->0(362)
[318.511s][info][gc,heap        ] GC(717) Survivor regions: 35->41(47)
[318.511s][info][gc,heap        ] GC(717) Old regions: 490->465
[318.511s][info][gc,heap        ] GC(717) Humongous regions: 5->5
[318.511s][info][gc,metaspace   ] GC(717) Metaspace: 18826K(18944K)->18826K(18944K) NonClass: 16997K(17088K)->16997K(17088K) Class: 1828K(1856K)->1828K(1856K)
[318.511s][info][gc             ] GC(717) Pause Young (Mixed) (G1 Evacuation Pause) 867M->509M(978M) 74.586ms
[318.511s][info][gc,cpu         ] GC(717) User=0.14s Sys=0.00s Real=0.07s
[319.479s][info][gc,start       ] GC(718) Pause Young (Concurrent Start) (G1 Evacuation Pause)
[319.480s][info][gc,task        ] GC(718) Using 2 workers of 2 for evacuation
[319.543s][info][gc,phases      ] GC(718)   Pre Evacuate Collection Set: 0.33ms
[319.543s][info][gc,phases      ] GC(718)   Merge Heap Roots: 0.56ms
[319.543s][info][gc,phases      ] GC(718)   Evacuate Collection Set: 61.67ms
[319.543s][info][gc,phases      ] GC(718)   Post Evacuate Collection Set: 0.72ms
[319.543s][info][gc,phases      ] GC(718)   Other: 0.15ms
[319.543s][info][gc,heap        ] GC(718) Eden regions: 362->0(382)
[319.543s][info][gc,heap        ] GC(718) Survivor regions: 41->18(51)
[319.543s][info][gc,heap        ] GC(718) Old regions: 465->488
[319.543s][info][gc,heap        ] GC(718) Humongous regions: 5->5
[319.543s][info][gc,metaspace   ] GC(718) Metaspace: 18826K(18944K)->18826K(18944K) NonClass: 16997K(17088K)->16997K(17088K) Class: 1828K(1856K)->1828K(1856K)
[319.543s][info][gc             ] GC(718) Pause Young (Concurrent Start) (G1 Evacuation Pause) 871M->510M(978M) 63.720ms
[319.543s][info][gc,cpu         ] GC(718) User=0.12s Sys=0.00s Real=0.07s
[319.543s][info][gc             ] GC(719) Concurrent Mark Cycle
[319.546s][info][gc,marking     ] GC(719) Concurrent Scan Root Regions
[319.629s][info][gc,marking     ] GC(719) Concurrent Scan Root Regions 83.148ms
[319.629s][info][gc,marking     ] GC(719) Concurrent Mark
[319.629s][info][gc,marking     ] GC(719) Concurrent Mark From Roots
[319.629s][info][gc,task        ] GC(719) Using 1 workers of 1 for marking
[320.290s][info][gc,start       ] GC(720) Pause Young (Normal) (G1 Evacuation Pause)
[320.290s][info][gc,task        ] GC(720) Using 2 workers of 2 for evacuation
[320.458s][info][gc,phases      ] GC(720)   Pre Evacuate Collection Set: 0.32ms
[320.458s][info][gc,phases      ] GC(720)   Merge Heap Roots: 0.20ms
[320.458s][info][gc,phases      ] GC(720)   Evacuate Collection Set: 147.30ms
[320.458s][info][gc,phases      ] GC(720)   Post Evacuate Collection Set: 20.11ms
[320.458s][info][gc,phases      ] GC(720)   Other: 0.10ms
[320.458s][info][gc,heap        ] GC(720) Eden regions: 382->0(64)
[320.458s][info][gc,heap        ] GC(720) Survivor regions: 18->50(50)
[320.458s][info][gc,heap        ] GC(720) Old regions: 488->759
[320.458s][info][gc,heap        ] GC(720) Humongous regions: 5->5
[320.458s][info][gc,metaspace   ] GC(720) Metaspace: 18826K(18944K)->18826K(18944K) NonClass: 16997K(17088K)->16997K(17088K) Class: 1828K(1856K)->1828K(1856K)
[320.459s][info][gc             ] GC(720) Pause Young (Normal) (G1 Evacuation Pause) (Evacuation Failure: Allocation) 892M->813M(978M) 168.291ms
[320.459s][info][gc,cpu         ] GC(720) User=0.33s Sys=0.01s Real=0.17s
[320.605s][info][gc,start       ] GC(721) Pause Young (Normal) (G1 Evacuation Pause)
[320.605s][info][gc,task        ] GC(721) Using 2 workers of 2 for evacuation
[320.721s][info][gc,phases      ] GC(721)   Pre Evacuate Collection Set: 0.40ms
[320.721s][info][gc,phases      ] GC(721)   Merge Heap Roots: 0.95ms
[320.721s][info][gc,phases      ] GC(721)   Evacuate Collection Set: 114.38ms
[320.721s][info][gc,phases      ] GC(721)   Post Evacuate Collection Set: 0.59ms
[320.721s][info][gc,phases      ] GC(721)   Other: 0.11ms
[320.721s][info][gc,heap        ] GC(721) Eden regions: 64->0(201)
[320.721s][info][gc,heap        ] GC(721) Survivor regions: 50->13(15)
[320.721s][info][gc,heap        ] GC(721) Old regions: 759->667
[320.721s][info][gc,heap        ] GC(721) Humongous regions: 5->5
[320.721s][info][gc,metaspace   ] GC(721) Metaspace: 18826K(18944K)->18826K(18944K) NonClass: 16997K(17088K)->16997K(17088K) Class: 1828K(1856K)->1828K(1856K)
[320.721s][info][gc             ] GC(721) Pause Young (Normal) (G1 Evacuation Pause) 877M->684M(978M) 116.734ms
[320.721s][info][gc,cpu         ] GC(721) User=0.23s Sys=0.00s Real=0.11s
[320.806s][info][gc,marking     ] GC(719) Concurrent Mark From Roots 1177.019ms
[320.806s][info][gc,marking     ] GC(719) Concurrent Preclean
[320.806s][info][gc,marking     ] GC(719) Concurrent Preclean 0.046ms
[320.806s][info][gc,start       ] GC(719) Pause Remark
[320.815s][info][gc             ] GC(719) Pause Remark 739M->597M(978M) 8.886ms
[320.815s][info][gc,cpu         ] GC(719) User=0.02s Sys=0.00s Real=0.01s
[320.819s][info][gc,marking     ] GC(719) Concurrent Mark 1189.992ms
[320.819s][info][gc,marking     ] GC(719) Concurrent Rebuild Remembered Sets and Scrub Regions
[321.138s][info][gc,start       ] GC(722) Pause Young (Normal) (G1 Evacuation Pause)
[321.138s][info][gc,task        ] GC(722) Using 2 workers of 2 for evacuation
[321.224s][info][gc,phases      ] GC(722)   Pre Evacuate Collection Set: 0.58ms
[321.224s][info][gc,phases      ] GC(722)   Merge Heap Roots: 0.69ms
[321.224s][info][gc,phases      ] GC(722)   Evacuate Collection Set: 83.24ms
[321.224s][info][gc,phases      ] GC(722)   Post Evacuate Collection Set: 0.61ms
[321.224s][info][gc,phases      ] GC(722)   Other: 0.11ms
[321.224s][info][gc,heap        ] GC(722) Eden regions: 201->0(314)
[321.224s][info][gc,heap        ] GC(722) Survivor regions: 13->27(27)
[321.224s][info][gc,heap        ] GC(722) Old regions: 527->504
[321.224s][info][gc,heap        ] GC(722) Humongous regions: 6->6
[321.224s][info][gc,metaspace   ] GC(722) Metaspace: 18827K(18944K)->18827K(18944K) NonClass: 16998K(17088K)->16998K(17088K) Class: 1828K(1856K)->1828K(1856K)
[321.224s][info][gc             ] GC(722) Pause Young (Normal) (G1 Evacuation Pause) 746M->536M(978M) 85.535ms
[321.224s][info][gc,cpu         ] GC(722) User=0.17s Sys=0.00s Real=0.09s
[321.322s][info][gc,marking     ] GC(719) Concurrent Rebuild Remembered Sets and Scrub Regions 503.015ms
[321.322s][info][gc,start       ] GC(719) Pause Cleanup
[321.322s][info][gc             ] GC(719) Pause Cleanup 591M->591M(978M) 0.129ms
[321.322s][info][gc,cpu         ] GC(719) User=0.00s Sys=0.00s Real=0.00s
[321.323s][info][gc,marking     ] GC(719) Concurrent Clear Claimed Marks
[321.324s][info][gc,marking     ] GC(719) Concurrent Clear Claimed Marks 0.049ms
[321.324s][info][gc,marking     ] GC(719) Concurrent Cleanup for Next Mark
[321.329s][info][gc,marking     ] GC(719) Concurrent Cleanup for Next Mark 5.052ms
[321.329s][info][gc             ] GC(719) Concurrent Mark Cycle 1785.436ms
[321.737s][info][gc,start       ] GC(723) Pause Young (Prepare Mixed) (G1 Evacuation Pause)
[321.737s][info][gc,task        ] GC(723) Using 2 workers of 2 for evacuation
[321.812s][info][gc,phases      ] GC(723)   Pre Evacuate Collection Set: 0.56ms
[321.812s][info][gc,phases      ] GC(723)   Merge Heap Roots: 0.46ms
[321.812s][info][gc,phases      ] GC(723)   Evacuate Collection Set: 73.36ms
[321.812s][info][gc,phases      ] GC(723)   Post Evacuate Collection Set: 0.79ms
[321.812s][info][gc,phases      ] GC(723)   Other: 0.12ms
[321.812s][info][gc,heap        ] GC(723) Eden regions: 314->0(306)
[321.812s][info][gc,heap        ] GC(723) Survivor regions: 27->34(43)
[321.812s][info][gc,heap        ] GC(723) Old regions: 504->517
[321.812s][info][gc,heap        ] GC(723) Humongous regions: 9->9
[321.812s][info][gc,metaspace   ] GC(723) Metaspace: 18827K(18944K)->18827K(18944K) NonClass: 16998K(17088K)->16998K(17088K) Class: 1828K(1856K)->1828K(1856K)
[321.812s][info][gc             ] GC(723) Pause Young (Prepare Mixed) (G1 Evacuation Pause) 853M->558M(978M) 75.536ms
[321.812s][info][gc,cpu         ] GC(723) User=0.15s Sys=0.00s Real=0.07s
[322.333s][info][gc,start       ] GC(724) Pause Young (Mixed) (G1 Evacuation Pause)
[322.333s][info][gc,task        ] GC(724) Using 2 workers of 2 for evacuation
[322.398s][info][gc,phases      ] GC(724)   Pre Evacuate Collection Set: 0.38ms
[322.398s][info][gc,phases      ] GC(724)   Merge Heap Roots: 0.47ms
[322.398s][info][gc,phases      ] GC(724)   Evacuate Collection Set: 62.80ms
[322.398s][info][gc,phases      ] GC(724)   Post Evacuate Collection Set: 0.71ms
[322.398s][info][gc,phases      ] GC(724)   Other: 0.09ms
[322.398s][info][gc,heap        ] GC(724) Eden regions: 306->0(356)
[322.398s][info][gc,heap        ] GC(724) Survivor regions: 34->19(43)
[322.398s][info][gc,heap        ] GC(724) Old regions: 517->501
[322.398s][info][gc,heap        ] GC(724) Humongous regions: 9->9
[322.398s][info][gc,metaspace   ] GC(724) Metaspace: 18827K(18944K)->18827K(18944K) NonClass: 16998K(17088K)->16998K(17088K) Class: 1828K(1856K)->1828K(1856K)
[322.398s][info][gc             ] GC(724) Pause Young (Mixed) (G1 Evacuation Pause) 864M->528M(978M) 64.711ms
[322.398s][info][gc,cpu         ] GC(724) User=0.13s Sys=0.00s Real=0.06s
[323.044s][info][gc,start       ] GC(725) Pause Young (Concurrent Start) (G1 Evacuation Pause)
[323.044s][info][gc,task        ] GC(725) Using 2 workers of 2 for evacuation
[323.084s][info][gc,phases      ] GC(725)   Pre Evacuate Collection Set: 0.38ms
[323.084s][info][gc,phases      ] GC(725)   Merge Heap Roots: 0.31ms
[323.084s][info][gc,phases      ] GC(725)   Evacuate Collection Set: 38.13ms
[323.084s][info][gc,phases      ] GC(725)   Post Evacuate Collection Set: 1.04ms
[323.084s][info][gc,phases      ] GC(725)   Other: 0.24ms
[323.084s][info][gc,heap        ] GC(725) Eden regions: 356->0(375)
[323.084s][info][gc,heap        ] GC(725) Survivor regions: 19->19(47)
[323.084s][info][gc,heap        ] GC(725) Old regions: 501->501
[323.084s][info][gc,heap        ] GC(725) Humongous regions: 9->9
[323.084s][info][gc,metaspace   ] GC(725) Metaspace: 18827K(18944K)->18827K(18944K) NonClass: 16998K(17088K)->16998K(17088K) Class: 1828K(1856K)->1828K(1856K)
[323.084s][info][gc             ] GC(725) Pause Young (Concurrent Start) (G1 Evacuation Pause) 884M->528M(978M) 40.420ms
[323.084s][info][gc,cpu         ] GC(725) User=0.08s Sys=0.00s Real=0.04s
[323.085s][info][gc             ] GC(726) Concurrent Mark Cycle
[323.085s][info][gc,marking     ] GC(726) Concurrent Scan Root Regions
[323.151s][info][gc,marking     ] GC(726) Concurrent Scan Root Regions 66.052ms
[323.151s][info][gc,marking     ] GC(726) Concurrent Mark
[323.151s][info][gc,marking     ] GC(726) Concurrent Mark From Roots
[323.151s][info][gc,task        ] GC(726) Using 1 workers of 1 for marking
[324.480s][info][gc,start       ] GC(727) Pause Young (Normal) (G1 Evacuation Pause)
[324.480s][info][gc,task        ] GC(727) Using 2 workers of 2 for evacuation
[324.520s][info][gc,phases      ] GC(727)   Pre Evacuate Collection Set: 0.34ms
[324.520s][info][gc,phases      ] GC(727)   Merge Heap Roots: 0.32ms
[324.520s][info][gc,phases      ] GC(727)   Evacuate Collection Set: 38.12ms
[324.520s][info][gc,phases      ] GC(727)   Post Evacuate Collection Set: 0.73ms
[324.520s][info][gc,phases      ] GC(727)   Other: 0.09ms
[324.520s][info][gc,heap        ] GC(727) Eden regions: 375->0(380)
[324.520s][info][gc,heap        ] GC(727) Survivor regions: 19->19(50)
[324.520s][info][gc,heap        ] GC(727) Old regions: 501->501
[324.520s][info][gc,heap        ] GC(727) Humongous regions: 9->9
[324.520s][info][gc,metaspace   ] GC(727) Metaspace: 18827K(18944K)->18827K(18944K) NonClass: 16998K(17088K)->16998K(17088K) Class: 1828K(1856K)->1828K(1856K)
[324.520s][info][gc             ] GC(727) Pause Young (Normal) (G1 Evacuation Pause) 903M->528M(978M) 39.862ms
[324.520s][info][gc,cpu         ] GC(727) User=0.08s Sys=0.00s Real=0.04s
[324.847s][info][gc,marking     ] GC(726) Concurrent Mark From Roots 1696.360ms
[324.847s][info][gc,marking     ] GC(726) Concurrent Preclean
[324.847s][info][gc,marking     ] GC(726) Concurrent Preclean 0.045ms
[324.847s][info][gc,start       ] GC(726) Pause Remark
[324.856s][info][gc             ] GC(726) Pause Remark 624M->622M(978M) 8.480ms
[324.856s][info][gc,cpu         ] GC(726) User=0.02s Sys=0.00s Real=0.01s
[324.856s][info][gc,marking     ] GC(726) Concurrent Mark 1705.273ms
[324.856s][info][gc,marking     ] GC(726) Concurrent Rebuild Remembered Sets and Scrub Regions
[325.317s][info][gc,marking     ] GC(726) Concurrent Rebuild Remembered Sets and Scrub Regions 460.793ms
[325.317s][info][gc,start       ] GC(726) Pause Cleanup
[325.317s][info][gc             ] GC(726) Pause Cleanup 851M->851M(978M) 0.116ms
[325.317s][info][gc,cpu         ] GC(726) User=0.00s Sys=0.00s Real=0.00s
[325.318s][info][gc,marking     ] GC(726) Concurrent Clear Claimed Marks
[325.318s][info][gc,marking     ] GC(726) Concurrent Clear Claimed Marks 0.048ms
[325.318s][info][gc,marking     ] GC(726) Concurrent Cleanup for Next Mark
[325.325s][info][gc,marking     ] GC(726) Concurrent Cleanup for Next Mark 6.442ms
[325.325s][info][gc             ] GC(726) Concurrent Mark Cycle 2240.150ms
[325.373s][info][gc,start       ] GC(728) Pause Young (Prepare Mixed) (G1 Evacuation Pause)
[325.373s][info][gc,task        ] GC(728) Using 2 workers of 2 for evacuation
[325.463s][info][gc,phases      ] GC(728)   Pre Evacuate Collection Set: 0.32ms
[325.463s][info][gc,phases      ] GC(728)   Merge Heap Roots: 0.66ms
[325.463s][info][gc,phases      ] GC(728)   Evacuate Collection Set: 88.38ms
[325.463s][info][gc,phases      ] GC(728)   Post Evacuate Collection Set: 0.74ms
[325.463s][info][gc,phases      ] GC(728)   Other: 0.10ms
[325.463s][info][gc,heap        ] GC(728) Eden regions: 380->0(311)
[325.463s][info][gc,heap        ] GC(728) Survivor regions: 19->50(50)
[325.463s][info][gc,heap        ] GC(728) Old regions: 501->510
[325.463s][info][gc,heap        ] GC(728) Humongous regions: 7->7
[325.463s][info][gc,metaspace   ] GC(728) Metaspace: 18827K(18944K)->18827K(18944K) NonClass: 16998K(17088K)->16998K(17088K) Class: 1828K(1856K)->1828K(1856K)
[325.463s][info][gc             ] GC(728) Pause Young (Prepare Mixed) (G1 Evacuation Pause) 906M->566M(978M) 90.485ms
[325.463s][info][gc,cpu         ] GC(728) User=0.18s Sys=0.00s Real=0.09s
[325.700s][info][gc,start       ] GC(729) Pause Young (Mixed) (G1 Evacuation Pause)
[325.700s][info][gc,task        ] GC(729) Using 2 workers of 2 for evacuation
[325.810s][info][gc,phases      ] GC(729)   Pre Evacuate Collection Set: 0.34ms
[325.810s][info][gc,phases      ] GC(729)   Merge Heap Roots: 0.33ms
[325.810s][info][gc,phases      ] GC(729)   Evacuate Collection Set: 108.65ms
[325.810s][info][gc,phases      ] GC(729)   Post Evacuate Collection Set: 0.67ms
[325.810s][info][gc,phases      ] GC(729)   Other: 0.09ms
[325.810s][info][gc,heap        ] GC(729) Eden regions: 311->0(302)
[325.810s][info][gc,heap        ] GC(729) Survivor regions: 50->32(46)
[325.810s][info][gc,heap        ] GC(729) Old regions: 510->550
[325.810s][info][gc,heap        ] GC(729) Humongous regions: 7->7
[325.810s][info][gc,metaspace   ] GC(729) Metaspace: 18827K(18944K)->18827K(18944K) NonClass: 16998K(17088K)->16998K(17088K) Class: 1828K(1856K)->1828K(1856K)
[325.810s][info][gc             ] GC(729) Pause Young (Mixed) (G1 Evacuation Pause) 877M->588M(978M) 110.376ms
[325.811s][info][gc,cpu         ] GC(729) User=0.22s Sys=0.00s Real=0.11s
[326.015s][info][gc,start       ] GC(730) Pause Young (Concurrent Start) (G1 Evacuation Pause)
[326.015s][info][gc,task        ] GC(730) Using 2 workers of 2 for evacuation
[326.073s][info][gc,phases      ] GC(730)   Pre Evacuate Collection Set: 0.36ms
[326.073s][info][gc,phases      ] GC(730)   Merge Heap Roots: 0.35ms
[326.073s][info][gc,phases      ] GC(730)   Evacuate Collection Set: 56.62ms
[326.073s][info][gc,phases      ] GC(730)   Post Evacuate Collection Set: 0.63ms
[326.073s][info][gc,phases      ] GC(730)   Other: 0.21ms
[326.073s][info][gc,heap        ] GC(730) Eden regions: 302->0(303)
[326.073s][info][gc,heap        ] GC(730) Survivor regions: 32->10(42)
[326.073s][info][gc,heap        ] GC(730) Old regions: 550->582
[326.073s][info][gc,heap        ] GC(730) Humongous regions: 7->7
[326.073s][info][gc,metaspace   ] GC(730) Metaspace: 18827K(18944K)->18827K(18944K) NonClass: 16998K(17088K)->16998K(17088K) Class: 1828K(1856K)->1828K(1856K)
[326.073s][info][gc             ] GC(730) Pause Young (Concurrent Start) (G1 Evacuation Pause) 890M->597M(978M) 58.422ms
[326.073s][info][gc             ] GC(731) Concurrent Mark Cycle
[326.073s][info][gc,marking     ] GC(731) Concurrent Scan Root Regions
[326.073s][info][gc,cpu         ] GC(730) User=0.11s Sys=0.00s Real=0.06s
[326.165s][info][gc,marking     ] GC(731) Concurrent Scan Root Regions 91.999ms
[326.165s][info][gc,marking     ] GC(731) Concurrent Mark
[326.165s][info][gc,marking     ] GC(731) Concurrent Mark From Roots
[326.165s][info][gc,task        ] GC(731) Using 1 workers of 1 for marking
[326.451s][info][gc,start       ] GC(732) Pause Young (Normal) (G1 Evacuation Pause)
[326.451s][info][gc,task        ] GC(732) Using 2 workers of 2 for evacuation
[326.503s][info][gc,phases      ] GC(732)   Pre Evacuate Collection Set: 0.32ms
[326.503s][info][gc,phases      ] GC(732)   Merge Heap Roots: 0.34ms
[326.503s][info][gc,phases      ] GC(732)   Evacuate Collection Set: 50.29ms
[326.503s][info][gc,phases      ] GC(732)   Post Evacuate Collection Set: 0.60ms
[326.503s][info][gc,phases      ] GC(732)   Other: 0.09ms
[326.503s][info][gc,heap        ] GC(732) Eden regions: 303->0(273)
[326.503s][info][gc,heap        ] GC(732) Survivor regions: 10->33(40)
[326.503s][info][gc,heap        ] GC(732) Old regions: 582->582
[326.503s][info][gc,heap        ] GC(732) Humongous regions: 7->7
[326.503s][info][gc,metaspace   ] GC(732) Metaspace: 18827K(18944K)->18827K(18944K) NonClass: 16998K(17088K)->16998K(17088K) Class: 1828K(1856K)->1828K(1856K)
[326.503s][info][gc             ] GC(732) Pause Young (Normal) (G1 Evacuation Pause) 900M->620M(978M) 51.932ms
[326.503s][info][gc,cpu         ] GC(732) User=0.10s Sys=0.00s Real=0.06s
[327.067s][info][gc,start       ] GC(733) Pause Young (Normal) (G1 Evacuation Pause)
[327.067s][info][gc,task        ] GC(733) Using 2 workers of 2 for evacuation
[327.151s][info][gc,phases      ] GC(733)   Pre Evacuate Collection Set: 0.35ms
[327.151s][info][gc,phases      ] GC(733)   Merge Heap Roots: 0.43ms
[327.151s][info][gc,phases      ] GC(733)   Evacuate Collection Set: 82.24ms
[327.151s][info][gc,phases      ] GC(733)   Post Evacuate Collection Set: 0.66ms
[327.151s][info][gc,phases      ] GC(733)   Other: 0.09ms
[327.151s][info][gc,heap        ] GC(733) Eden regions: 273->0(247)
[327.151s][info][gc,heap        ] GC(733) Survivor regions: 33->30(39)
[327.151s][info][gc,heap        ] GC(733) Old regions: 582->614
[327.151s][info][gc,heap        ] GC(733) Humongous regions: 7->7
[327.151s][info][gc,metaspace   ] GC(733) Metaspace: 18827K(18944K)->18827K(18944K) NonClass: 16998K(17088K)->16998K(17088K) Class: 1828K(1856K)->1828K(1856K)
[327.151s][info][gc             ] GC(733) Pause Young (Normal) (G1 Evacuation Pause) 893M->650M(978M) 84.027ms
[327.151s][info][gc,cpu         ] GC(733) User=0.17s Sys=0.00s Real=0.08s
[328.225s][info][gc,marking     ] GC(731) Concurrent Mark From Roots 2060.201ms
[328.225s][info][gc,marking     ] GC(731) Concurrent Preclean
[328.225s][info][gc,marking     ] GC(731) Concurrent Preclean 0.046ms
[328.226s][info][gc,start       ] GC(731) Pause Remark
[328.234s][info][gc             ] GC(731) Pause Remark 845M->845M(978M) 8.397ms
[328.234s][info][gc,cpu         ] GC(731) User=0.02s Sys=0.00s Real=0.01s
[328.234s][info][gc,marking     ] GC(731) Concurrent Mark 2069.033ms
[328.234s][info][gc,marking     ] GC(731) Concurrent Rebuild Remembered Sets and Scrub Regions
[328.457s][info][gc,start       ] GC(734) Pause Young (Normal) (G1 Evacuation Pause)
[328.457s][info][gc,task        ] GC(734) Using 2 workers of 2 for evacuation
[328.494s][info][gc,phases      ] GC(734)   Pre Evacuate Collection Set: 0.53ms
[328.494s][info][gc,phases      ] GC(734)   Merge Heap Roots: 0.21ms
[328.494s][info][gc,phases      ] GC(734)   Evacuate Collection Set: 35.95ms
[328.494s][info][gc,phases      ] GC(734)   Post Evacuate Collection Set: 0.49ms
[328.494s][info][gc,phases      ] GC(734)   Other: 0.09ms
[328.494s][info][gc,heap        ] GC(734) Eden regions: 247->0(262)
[328.494s][info][gc,heap        ] GC(734) Survivor regions: 30->1(35)
[328.494s][info][gc,heap        ] GC(734) Old regions: 614->644
[328.494s][info][gc,heap        ] GC(734) Humongous regions: 7->7
[328.494s][info][gc,metaspace   ] GC(734) Metaspace: 18827K(18944K)->18827K(18944K) NonClass: 16998K(17088K)->16998K(17088K) Class: 1828K(1856K)->1828K(1856K)
[328.494s][info][gc             ] GC(734) Pause Young (Normal) (G1 Evacuation Pause) 897M->651M(978M) 37.564ms
[328.494s][info][gc,cpu         ] GC(734) User=0.07s Sys=0.00s Real=0.04s
[328.928s][info][gc,marking     ] GC(731) Concurrent Rebuild Remembered Sets and Scrub Regions 693.539ms
[328.928s][info][gc,start       ] GC(731) Pause Cleanup
[328.928s][info][gc             ] GC(731) Pause Cleanup 757M->757M(978M) 0.152ms
[328.928s][info][gc,cpu         ] GC(731) User=0.00s Sys=0.00s Real=0.00s
[328.928s][info][gc,marking     ] GC(731) Concurrent Clear Claimed Marks
[328.928s][info][gc,marking     ] GC(731) Concurrent Clear Claimed Marks 0.039ms
[328.928s][info][gc,marking     ] GC(731) Concurrent Cleanup for Next Mark
[328.933s][info][gc,marking     ] GC(731) Concurrent Cleanup for Next Mark 5.022ms
[328.933s][info][gc             ] GC(731) Concurrent Mark Cycle 2860.235ms
[329.349s][info][gc,start       ] GC(735) Pause Young (Prepare Mixed) (G1 Evacuation Pause)
[329.349s][info][gc,task        ] GC(735) Using 2 workers of 2 for evacuation
[329.352s][info][gc,phases      ] GC(735)   Pre Evacuate Collection Set: 0.35ms
[329.352s][info][gc,phases      ] GC(735)   Merge Heap Roots: 0.16ms
[329.352s][info][gc,phases      ] GC(735)   Evacuate Collection Set: 1.53ms
[329.352s][info][gc,phases      ] GC(735)   Post Evacuate Collection Set: 0.49ms
[329.352s][info][gc,phases      ] GC(735)   Other: 0.14ms
[329.352s][info][gc,heap        ] GC(735) Eden regions: 262->0(273)
[329.352s][info][gc,heap        ] GC(735) Survivor regions: 1->1(33)
[329.352s][info][gc,heap        ] GC(735) Old regions: 644->644
[329.352s][info][gc,heap        ] GC(735) Humongous regions: 7->7
[329.352s][info][gc,metaspace   ] GC(735) Metaspace: 18827K(18944K)->18827K(18944K) NonClass: 16998K(17088K)->16998K(17088K) Class: 1828K(1856K)->1828K(1856K)
[329.352s][info][gc             ] GC(735) Pause Young (Prepare Mixed) (G1 Evacuation Pause) 913M->651M(978M) 2.895ms
[329.352s][info][gc,cpu         ] GC(735) User=0.00s Sys=0.00s Real=0.00s
[330.084s][info][gc,start       ] GC(736) Pause Young (Mixed) (G1 Evacuation Pause)
[330.085s][info][gc,task        ] GC(736) Using 2 workers of 2 for evacuation
[330.087s][info][gc,phases      ] GC(736)   Pre Evacuate Collection Set: 0.33ms
[330.087s][info][gc,phases      ] GC(736)   Merge Heap Roots: 0.13ms
[330.087s][info][gc,phases      ] GC(736)   Evacuate Collection Set: 1.70ms
[330.087s][info][gc,phases      ] GC(736)   Post Evacuate Collection Set: 0.46ms
[330.087s][info][gc,phases      ] GC(736)   Other: 0.13ms
[330.087s][info][gc,heap        ] GC(736) Eden regions: 273->0(283)
[330.087s][info][gc,heap        ] GC(736) Survivor regions: 1->1(35)
[330.087s][info][gc,heap        ] GC(736) Old regions: 644->636
[330.087s][info][gc,heap        ] GC(736) Humongous regions: 7->7
[330.087s][info][gc,metaspace   ] GC(736) Metaspace: 18827K(18944K)->18827K(18944K) NonClass: 16998K(17088K)->16998K(17088K) Class: 1828K(1856K)->1828K(1856K)
[330.087s][info][gc             ] GC(736) Pause Young (Mixed) (G1 Evacuation Pause) 924M->642M(978M) 2.999ms
[330.087s][info][gc,cpu         ] GC(736) User=0.00s Sys=0.00s Real=0.00s
[330.791s][info][gc,start       ] GC(737) Pause Young (Concurrent Start) (G1 Evacuation Pause)
[330.791s][info][gc,task        ] GC(737) Using 2 workers of 2 for evacuation
[330.813s][info][gc,phases      ] GC(737)   Pre Evacuate Collection Set: 0.37ms
[330.813s][info][gc,phases      ] GC(737)   Merge Heap Roots: 0.18ms
[330.813s][info][gc,phases      ] GC(737)   Evacuate Collection Set: 21.01ms
[330.813s][info][gc,phases      ] GC(737)   Post Evacuate Collection Set: 0.60ms
[330.813s][info][gc,phases      ] GC(737)   Other: 0.26ms
[330.813s][info][gc,heap        ] GC(737) Eden regions: 283->0(245)
[330.813s][info][gc,heap        ] GC(737) Survivor regions: 1->20(36)
[330.813s][info][gc,heap        ] GC(737) Old regions: 636->636
[330.813s][info][gc,heap        ] GC(737) Humongous regions: 7->7
[330.813s][info][gc,metaspace   ] GC(737) Metaspace: 18827K(18944K)->18827K(18944K) NonClass: 16998K(17088K)->16998K(17088K) Class: 1828K(1856K)->1828K(1856K)
[330.814s][info][gc             ] GC(737) Pause Young (Concurrent Start) (G1 Evacuation Pause) 925M->661M(978M) 22.672ms
[330.814s][info][gc             ] GC(738) Concurrent Mark Cycle
[330.814s][info][gc,marking     ] GC(738) Concurrent Scan Root Regions
[330.816s][info][gc,cpu         ] GC(737) User=0.05s Sys=0.00s Real=0.03s
[330.835s][info][gc,marking     ] GC(738) Concurrent Scan Root Regions 21.658ms
[330.835s][info][gc,marking     ] GC(738) Concurrent Mark
[330.835s][info][gc,marking     ] GC(738) Concurrent Mark From Roots
[330.835s][info][gc,task        ] GC(738) Using 1 workers of 1 for marking
[331.297s][info][gc,start       ] GC(739) Pause Young (Normal) (G1 Evacuation Pause)
[331.297s][info][gc,task        ] GC(739) Using 2 workers of 2 for evacuation
[331.377s][info][gc,phases      ] GC(739)   Pre Evacuate Collection Set: 0.30ms
[331.377s][info][gc,phases      ] GC(739)   Merge Heap Roots: 0.17ms
[331.377s][info][gc,phases      ] GC(739)   Evacuate Collection Set: 76.30ms
[331.377s][info][gc,phases      ] GC(739)   Post Evacuate Collection Set: 3.47ms
[331.377s][info][gc,phases      ] GC(739)   Other: 0.08ms
[331.377s][info][gc,heap        ] GC(739) Eden regions: 245->0(137)
[331.377s][info][gc,heap        ] GC(739) Survivor regions: 20->34(34)
[331.377s][info][gc,heap        ] GC(739) Old regions: 636->716
[331.377s][info][gc,heap        ] GC(739) Humongous regions: 7->7
[331.377s][info][gc,metaspace   ] GC(739) Metaspace: 18827K(18944K)->18827K(18944K) NonClass: 16998K(17088K)->16998K(17088K) Class: 1828K(1856K)->1828K(1856K)
[331.377s][info][gc             ] GC(739) Pause Young (Normal) (G1 Evacuation Pause) (Evacuation Failure: Allocation) 906M->756M(978M) 80.633ms
[331.377s][info][gc,cpu         ] GC(739) User=0.16s Sys=0.00s Real=0.08s
[331.604s][info][gc,start       ] GC(740) Pause Young (Normal) (G1 Evacuation Pause)
[331.604s][info][gc,task        ] GC(740) Using 2 workers of 2 for evacuation
[331.680s][info][gc,phases      ] GC(740)   Pre Evacuate Collection Set: 0.55ms
[331.681s][info][gc,phases      ] GC(740)   Merge Heap Roots: 0.56ms
[331.681s][info][gc,phases      ] GC(740)   Evacuate Collection Set: 74.89ms
[331.681s][info][gc,phases      ] GC(740)   Post Evacuate Collection Set: 0.68ms
[331.681s][info][gc,phases      ] GC(740)   Other: 0.12ms
[331.681s][info][gc,heap        ] GC(740) Eden regions: 137->0(157)
[331.681s][info][gc,heap        ] GC(740) Survivor regions: 34->22(22)
[331.681s][info][gc,heap        ] GC(740) Old regions: 716->720
[331.681s][info][gc,heap        ] GC(740) Humongous regions: 7->7
[331.681s][info][gc,metaspace   ] GC(740) Metaspace: 18827K(18944K)->18827K(18944K) NonClass: 16998K(17088K)->16998K(17088K) Class: 1828K(1856K)->1828K(1856K)
[331.681s][info][gc             ] GC(740) Pause Young (Normal) (G1 Evacuation Pause) 893M->748M(978M) 77.121ms
[331.681s][info][gc,cpu         ] GC(740) User=0.15s Sys=0.00s Real=0.07s
[331.926s][info][gc,start       ] GC(741) Pause Young (Normal) (G1 Evacuation Pause)
[331.926s][info][gc,task        ] GC(741) Using 2 workers of 2 for evacuation
[332.039s][info][gc,phases      ] GC(741)   Pre Evacuate Collection Set: 0.33ms
[332.039s][info][gc,phases      ] GC(741)   Merge Heap Roots: 0.40ms
[332.039s][info][gc,phases      ] GC(741)   Evacuate Collection Set: 106.53ms
[332.040s][info][gc,phases      ] GC(741)   Post Evacuate Collection Set: 6.39ms
[332.040s][info][gc,phases      ] GC(741)   Other: 0.08ms
[332.040s][info][gc,heap        ] GC(741) Eden regions: 157->0(38)
[332.040s][info][gc,heap        ] GC(741) Survivor regions: 22->23(23)
[332.040s][info][gc,heap        ] GC(741) Old regions: 720->834
[332.040s][info][gc,heap        ] GC(741) Humongous regions: 10->10
[332.040s][info][gc,metaspace   ] GC(741) Metaspace: 18827K(18944K)->18827K(18944K) NonClass: 16998K(17088K)->16998K(17088K) Class: 1828K(1856K)->1828K(1856K)
[332.040s][info][gc             ] GC(741) Pause Young (Normal) (G1 Evacuation Pause) (Evacuation Failure: Allocation) 908M->866M(978M) 114.061ms
[332.040s][info][gc,cpu         ] GC(741) User=0.22s Sys=0.00s Real=0.11s
[332.190s][info][gc,start       ] GC(742) Pause Young (Normal) (G1 Evacuation Pause)
[332.190s][info][gc,task        ] GC(742) Using 2 workers of 2 for evacuation
[332.253s][info][gc,phases      ] GC(742)   Pre Evacuate Collection Set: 0.56ms
[332.253s][info][gc,phases      ] GC(742)   Merge Heap Roots: 0.75ms
[332.253s][info][gc,phases      ] GC(742)   Evacuate Collection Set: 61.16ms
[332.253s][info][gc,phases      ] GC(742)   Post Evacuate Collection Set: 0.48ms
[332.253s][info][gc,phases      ] GC(742)   Other: 0.08ms
[332.253s][info][gc,heap        ] GC(742) Eden regions: 38->0(97)
[332.253s][info][gc,heap        ] GC(742) Survivor regions: 23->7(8)
[332.253s][info][gc,heap        ] GC(742) Old regions: 834->807
[332.253s][info][gc,heap        ] GC(742) Humongous regions: 10->10
[332.253s][info][gc,metaspace   ] GC(742) Metaspace: 18827K(18944K)->18827K(18944K) NonClass: 16998K(17088K)->16998K(17088K) Class: 1828K(1856K)->1828K(1856K)
[332.253s][info][gc             ] GC(742) Pause Young (Normal) (G1 Evacuation Pause) 904M->823M(978M) 63.305ms
[332.253s][info][gc,cpu         ] GC(742) User=0.12s Sys=0.00s Real=0.07s
[332.444s][info][gc,marking     ] GC(738) Concurrent Mark From Roots 1608.978ms
[332.444s][info][gc,marking     ] GC(738) Concurrent Preclean
[332.444s][info][gc,marking     ] GC(738) Concurrent Preclean 0.055ms
[332.445s][info][gc,start       ] GC(738) Pause Remark
[332.457s][info][metaspace      ] ChkMgr @0x00007fdd6c15e580 (non-class-space): : reclaiming memory...
[332.457s][info][metaspace      ] ChkMgr @0x00007fdd6c15e580 (non-class-space): nothing reclaimed.
[332.457s][info][metaspace      ] ChkMgr @0x00007fdd6c15c690 (class-space): : reclaiming memory...
[332.457s][info][metaspace      ] ChkMgr @0x00007fdd6c15c690 (class-space): nothing reclaimed.
[332.458s][info][gc             ] GC(738) Pause Remark 899M->692M(978M) 13.268ms
[332.458s][info][gc,cpu         ] GC(738) User=0.02s Sys=0.01s Real=0.01s
[332.459s][info][gc,marking     ] GC(738) Concurrent Mark 1623.737ms
[332.459s][info][gc,marking     ] GC(738) Concurrent Rebuild Remembered Sets and Scrub Regions
[332.512s][info][gc,start       ] GC(743) Pause Young (Normal) (G1 Evacuation Pause)
[332.512s][info][gc,task        ] GC(743) Using 2 workers of 2 for evacuation
[332.520s][info][gc,phases      ] GC(743)   Pre Evacuate Collection Set: 0.31ms
[332.520s][info][gc,phases      ] GC(743)   Merge Heap Roots: 0.11ms
[332.520s][info][gc,phases      ] GC(743)   Evacuate Collection Set: 7.02ms
[332.520s][info][gc,phases      ] GC(743)   Post Evacuate Collection Set: 0.37ms
[332.520s][info][gc,phases      ] GC(743)   Other: 0.09ms
[332.520s][info][gc,heap        ] GC(743) Eden regions: 97->0(250)
[332.520s][info][gc,heap        ] GC(743) Survivor regions: 7->7(13)
[332.520s][info][gc,heap        ] GC(743) Old regions: 603->603
[332.520s][info][gc,heap        ] GC(743) Humongous regions: 7->7
[332.520s][info][gc,metaspace   ] GC(743) Metaspace: 18811K(18944K)->18811K(18944K) NonClass: 16982K(17088K)->16982K(17088K) Class: 1828K(1856K)->1828K(1856K)
[332.520s][info][gc             ] GC(743) Pause Young (Normal) (G1 Evacuation Pause) 713M->616M(978M) 8.118ms
[332.520s][info][gc,cpu         ] GC(743) User=0.02s Sys=0.00s Real=0.01s
[332.940s][info][gc,start       ] GC(744) Pause Young (Normal) (G1 Evacuation Pause)
[332.940s][info][gc,task        ] GC(744) Using 2 workers of 2 for evacuation
[332.950s][info][gc,phases      ] GC(744)   Pre Evacuate Collection Set: 0.54ms
[332.950s][info][gc,phases      ] GC(744)   Merge Heap Roots: 0.15ms
[332.950s][info][gc,phases      ] GC(744)   Evacuate Collection Set: 8.07ms
[332.950s][info][gc,phases      ] GC(744)   Post Evacuate Collection Set: 0.52ms
[332.950s][info][gc,phases      ] GC(744)   Other: 0.12ms
[332.950s][info][gc,heap        ] GC(744) Eden regions: 250->0(271)
[332.950s][info][gc,heap        ] GC(744) Survivor regions: 7->7(33)
[332.950s][info][gc,heap        ] GC(744) Old regions: 603->603
[332.950s][info][gc,heap        ] GC(744) Humongous regions: 7->7
[332.950s][info][gc,metaspace   ] GC(744) Metaspace: 18811K(18944K)->18811K(18944K) NonClass: 16982K(17088K)->16982K(17088K) Class: 1828K(1856K)->1828K(1856K)
[332.950s][info][gc             ] GC(744) Pause Young (Normal) (G1 Evacuation Pause) 866M->616M(978M) 9.668ms
[332.950s][info][gc,cpu         ] GC(744) User=0.02s Sys=0.00s Real=0.01s
[333.060s][info][gc,marking     ] GC(738) Concurrent Rebuild Remembered Sets and Scrub Regions 600.909ms
[333.060s][info][gc,start       ] GC(738) Pause Cleanup
[333.060s][info][gc             ] GC(738) Pause Cleanup 665M->665M(978M) 0.177ms
[333.060s][info][gc,cpu         ] GC(738) User=0.00s Sys=0.00s Real=0.00s
[333.060s][info][gc,marking     ] GC(738) Concurrent Clear Claimed Marks
[333.060s][info][gc,marking     ] GC(738) Concurrent Clear Claimed Marks 0.038ms
[333.060s][info][gc,marking     ] GC(738) Concurrent Cleanup for Next Mark
[333.066s][info][gc,marking     ] GC(738) Concurrent Cleanup for Next Mark 5.043ms
[333.066s][info][gc             ] GC(738) Concurrent Mark Cycle 2252.030ms
[333.337s][info][gc,start       ] GC(745) Pause Young (Prepare Mixed) (G1 Evacuation Pause)
[333.337s][info][gc,task        ] GC(745) Using 2 workers of 2 for evacuation
[333.348s][info][gc,phases      ] GC(745)   Pre Evacuate Collection Set: 0.57ms
[333.348s][info][gc,phases      ] GC(745)   Merge Heap Roots: 0.21ms
[333.348s][info][gc,phases      ] GC(745)   Evacuate Collection Set: 9.10ms
[333.348s][info][gc,phases      ] GC(745)   Post Evacuate Collection Set: 0.57ms
[333.348s][info][gc,phases      ] GC(745)   Other: 0.12ms
[333.348s][info][gc,heap        ] GC(745) Eden regions: 271->0(288)
[333.348s][info][gc,heap        ] GC(745) Survivor regions: 7->7(35)
[333.348s][info][gc,heap        ] GC(745) Old regions: 603->603
[333.348s][info][gc,heap        ] GC(745) Humongous regions: 7->7
[333.348s][info][gc,metaspace   ] GC(745) Metaspace: 18811K(18944K)->18811K(18944K) NonClass: 16982K(17088K)->16982K(17088K) Class: 1828K(1856K)->1828K(1856K)
[333.348s][info][gc             ] GC(745) Pause Young (Prepare Mixed) (G1 Evacuation Pause) 887M->616M(978M) 10.822ms
[333.348s][info][gc,cpu         ] GC(745) User=0.02s Sys=0.00s Real=0.01s
[333.689s][info][gc,start       ] GC(746) Pause Young (Mixed) (G1 Evacuation Pause)
[333.690s][info][gc,task        ] GC(746) Using 2 workers of 2 for evacuation
[333.701s][info][gc,phases      ] GC(746)   Pre Evacuate Collection Set: 0.33ms
[333.701s][info][gc,phases      ] GC(746)   Merge Heap Roots: 0.22ms
[333.701s][info][gc,phases      ] GC(746)   Evacuate Collection Set: 9.77ms
[333.701s][info][gc,phases      ] GC(746)   Post Evacuate Collection Set: 0.65ms
[333.701s][info][gc,phases      ] GC(746)   Other: 0.14ms
[333.701s][info][gc,heap        ] GC(746) Eden regions: 288->0(344)
[333.701s][info][gc,heap        ] GC(746) Survivor regions: 7->7(37)
[333.701s][info][gc,heap        ] GC(746) Old regions: 603->560
[333.701s][info][gc,heap        ] GC(746) Humongous regions: 7->7
[333.701s][info][gc,metaspace   ] GC(746) Metaspace: 18811K(18944K)->18811K(18944K) NonClass: 16982K(17088K)->16982K(17088K) Class: 1828K(1856K)->1828K(1856K)
[333.701s][info][gc             ] GC(746) Pause Young (Mixed) (G1 Evacuation Pause) 904M->572M(978M) 11.375ms
[333.701s][info][gc,cpu         ] GC(746) User=0.02s Sys=0.00s Real=0.01s
[333.983s][info][gc,start       ] GC(747) Pause Young (Concurrent Start) (G1 Humongous Allocation)
[333.983s][info][gc,task        ] GC(747) Using 2 workers of 2 for evacuation
[334.017s][info][gc,phases      ] GC(747)   Pre Evacuate Collection Set: 0.32ms
[334.017s][info][gc,phases      ] GC(747)   Merge Heap Roots: 0.39ms
[334.017s][info][gc,phases      ] GC(747)   Evacuate Collection Set: 32.90ms
[334.017s][info][gc,phases      ] GC(747)   Post Evacuate Collection Set: 0.68ms
[334.017s][info][gc,phases      ] GC(747)   Other: 0.13ms
[334.017s][info][gc,heap        ] GC(747) Eden regions: 211->0(329)
[334.017s][info][gc,heap        ] GC(747) Survivor regions: 7->16(44)
[334.017s][info][gc,heap        ] GC(747) Old regions: 560->560
[334.017s][info][gc,heap        ] GC(747) Humongous regions: 7->7
[334.017s][info][gc,metaspace   ] GC(747) Metaspace: 18811K(18944K)->18811K(18944K) NonClass: 16982K(17088K)->16982K(17088K) Class: 1828K(1856K)->1828K(1856K)
[334.017s][info][gc             ] GC(747) Pause Young (Concurrent Start) (G1 Humongous Allocation) 783M->581M(978M) 34.700ms
[334.018s][info][gc,cpu         ] GC(747) User=0.07s Sys=0.00s Real=0.03s
[334.018s][info][gc             ] GC(748) Concurrent Mark Cycle
[334.018s][info][gc,marking     ] GC(748) Concurrent Scan Root Regions
[334.060s][info][gc,marking     ] GC(748) Concurrent Scan Root Regions 41.909ms
[334.060s][info][gc,marking     ] GC(748) Concurrent Mark
[334.060s][info][gc,marking     ] GC(748) Concurrent Mark From Roots
[334.060s][info][gc,task        ] GC(748) Using 1 workers of 1 for marking
[334.594s][info][gc,marking     ] GC(748) Concurrent Mark From Roots 534.761ms
[334.594s][info][gc,marking     ] GC(748) Concurrent Preclean
[334.595s][info][gc,marking     ] GC(748) Concurrent Preclean 0.044ms
[334.595s][info][gc,start       ] GC(748) Pause Remark
[334.603s][info][gc             ] GC(748) Pause Remark 752M->528M(978M) 8.616ms
[334.603s][info][gc,cpu         ] GC(748) User=0.01s Sys=0.00s Real=0.01s
[334.603s][info][gc,marking     ] GC(748) Concurrent Mark 543.790ms
[334.603s][info][gc,marking     ] GC(748) Concurrent Rebuild Remembered Sets and Scrub Regions
[334.794s][info][gc,marking     ] GC(748) Concurrent Rebuild Remembered Sets and Scrub Regions 190.972ms
[334.795s][info][gc,start       ] GC(748) Pause Cleanup
[334.795s][info][gc             ] GC(748) Pause Cleanup 609M->609M(978M) 0.178ms
[334.795s][info][gc,cpu         ] GC(748) User=0.00s Sys=0.00s Real=0.00s
[334.795s][info][gc,marking     ] GC(748) Concurrent Clear Claimed Marks
[334.795s][info][gc,marking     ] GC(748) Concurrent Clear Claimed Marks 0.037ms
[334.795s][info][gc,marking     ] GC(748) Concurrent Cleanup for Next Mark
[334.800s][info][gc,marking     ] GC(748) Concurrent Cleanup for Next Mark 5.037ms
[334.800s][info][gc             ] GC(748) Concurrent Mark Cycle 782.685ms
[334.916s][info][gc,start       ] GC(749) Pause Young (Prepare Mixed) (G1 Evacuation Pause)
[334.916s][info][gc,task        ] GC(749) Using 2 workers of 2 for evacuation
[334.968s][info][gc,phases      ] GC(749)   Pre Evacuate Collection Set: 0.34ms
[334.968s][info][gc,phases      ] GC(749)   Merge Heap Roots: 0.67ms
[334.968s][info][gc,phases      ] GC(749)   Evacuate Collection Set: 50.13ms
[334.968s][info][gc,phases      ] GC(749)   Post Evacuate Collection Set: 0.71ms
[334.968s][info][gc,phases      ] GC(749)   Other: 0.11ms
[334.968s][info][gc,heap        ] GC(749) Eden regions: 329->0(528)
[334.968s][info][gc,heap        ] GC(749) Survivor regions: 16->27(44)
[334.968s][info][gc,heap        ] GC(749) Old regions: 341->341
[334.968s][info][gc,heap        ] GC(749) Humongous regions: 5->5
[334.968s][info][gc,metaspace   ] GC(749) Metaspace: 18811K(18944K)->18811K(18944K) NonClass: 16982K(17088K)->16982K(17088K) Class: 1828K(1856K)->1828K(1856K)
[334.968s][info][gc             ] GC(749) Pause Young (Prepare Mixed) (G1 Evacuation Pause) 689M->371M(978M) 52.246ms
[334.968s][info][gc,cpu         ] GC(749) User=0.10s Sys=0.00s Real=0.05s
[335.757s][info][gc,start       ] GC(750) Pause Young (Mixed) (G1 Evacuation Pause)
[335.757s][info][gc,task        ] GC(750) Using 2 workers of 2 for evacuation
[335.829s][info][gc,phases      ] GC(750)   Pre Evacuate Collection Set: 0.39ms
[335.829s][info][gc,phases      ] GC(750)   Merge Heap Roots: 0.54ms
[335.829s][info][gc,phases      ] GC(750)   Evacuate Collection Set: 70.38ms
[335.829s][info][gc,phases      ] GC(750)   Post Evacuate Collection Set: 1.20ms
[335.829s][info][gc,phases      ] GC(750)   Other: 0.12ms
[335.829s][info][gc,heap        ] GC(750) Eden regions: 528->0(546)
[335.829s][info][gc,heap        ] GC(750) Survivor regions: 27->40(70)
[335.829s][info][gc,heap        ] GC(750) Old regions: 341->243
[335.829s][info][gc,heap        ] GC(750) Humongous regions: 5->5
[335.829s][info][gc,metaspace   ] GC(750) Metaspace: 18811K(18944K)->18811K(18944K) NonClass: 16982K(17088K)->16982K(17088K) Class: 1828K(1856K)->1828K(1856K)
[335.829s][info][gc             ] GC(750) Pause Young (Mixed) (G1 Evacuation Pause) 899M->286M(978M) 72.928ms
[335.829s][info][gc,cpu         ] GC(750) User=0.14s Sys=0.00s Real=0.07s
[336.366s][info][gc,start       ] GC(751) Pause Young (Mixed) (G1 Evacuation Pause)
[336.366s][info][gc,task        ] GC(751) Using 2 workers of 2 for evacuation
[336.482s][info][gc,phases      ] GC(751)   Pre Evacuate Collection Set: 0.58ms
[336.482s][info][gc,phases      ] GC(751)   Merge Heap Roots: 0.72ms
[336.482s][info][gc,phases      ] GC(751)   Evacuate Collection Set: 113.60ms
[336.482s][info][gc,phases      ] GC(751)   Post Evacuate Collection Set: 0.97ms
[336.482s][info][gc,phases      ] GC(751)   Other: 0.13ms
[336.482s][info][gc,heap        ] GC(751) Eden regions: 546->0(517)
[336.482s][info][gc,heap        ] GC(751) Survivor regions: 40->69(74)
[336.482s][info][gc,heap        ] GC(751) Old regions: 243->246
[336.482s][info][gc,heap        ] GC(751) Humongous regions: 5->5
[336.482s][info][gc,metaspace   ] GC(751) Metaspace: 18811K(18944K)->18811K(18944K) NonClass: 16982K(17088K)->16982K(17088K) Class: 1828K(1856K)->1828K(1856K)
[336.482s][info][gc             ] GC(751) Pause Young (Mixed) (G1 Evacuation Pause) 832M->319M(978M) 116.305ms
[336.482s][info][gc,cpu         ] GC(751) User=0.22s Sys=0.00s Real=0.11s
[336.886s][info][gc,start       ] GC(752) Pause Young (Concurrent Start) (G1 Evacuation Pause)
[336.886s][info][gc,task        ] GC(752) Using 2 workers of 2 for evacuation
[337.061s][info][gc,phases      ] GC(752)   Pre Evacuate Collection Set: 0.37ms
[337.061s][info][gc,phases      ] GC(752)   Merge Heap Roots: 0.57ms
[337.061s][info][gc,phases      ] GC(752)   Evacuate Collection Set: 173.33ms
[337.061s][info][gc,phases      ] GC(752)   Post Evacuate Collection Set: 0.87ms
[337.061s][info][gc,phases      ] GC(752)   Other: 0.21ms
[337.061s][info][gc,heap        ] GC(752) Eden regions: 517->0(471)
[337.061s][info][gc,heap        ] GC(752) Survivor regions: 69->74(74)
[337.061s][info][gc,heap        ] GC(752) Old regions: 246->304
[337.061s][info][gc,heap        ] GC(752) Humongous regions: 5->5
[337.061s][info][gc,metaspace   ] GC(752) Metaspace: 18811K(18944K)->18811K(18944K) NonClass: 16982K(17088K)->16982K(17088K) Class: 1828K(1856K)->1828K(1856K)
[337.061s][info][gc             ] GC(752) Pause Young (Concurrent Start) (G1 Evacuation Pause) 836M->382M(978M) 175.631ms
[337.061s][info][gc,cpu         ] GC(752) User=0.34s Sys=0.00s Real=0.17s
[337.064s][info][gc             ] GC(753) Concurrent Mark Cycle
[337.064s][info][gc,marking     ] GC(753) Concurrent Scan Root Regions
[337.287s][info][gc,marking     ] GC(753) Concurrent Scan Root Regions 223.134ms
[337.287s][info][gc,marking     ] GC(753) Concurrent Mark
[337.287s][info][gc,marking     ] GC(753) Concurrent Mark From Roots
[337.287s][info][gc,task        ] GC(753) Using 1 workers of 1 for marking
[337.864s][info][gc,marking     ] GC(753) Concurrent Mark From Roots 577.153ms
[337.864s][info][gc,marking     ] GC(753) Concurrent Preclean
[337.864s][info][gc,marking     ] GC(753) Concurrent Preclean 0.042ms
[337.864s][info][gc,start       ] GC(753) Pause Remark
[337.873s][info][gc             ] GC(753) Pause Remark 786M->785M(978M) 8.427ms
[337.873s][info][gc,cpu         ] GC(753) User=0.02s Sys=0.00s Real=0.01s
[337.873s][info][gc,marking     ] GC(753) Concurrent Mark 585.972ms
[337.873s][info][gc,marking     ] GC(753) Concurrent Rebuild Remembered Sets and Scrub Regions
[338.021s][info][gc,start       ] GC(754) Pause Young (Normal) (G1 Evacuation Pause)
[338.021s][info][gc,task        ] GC(754) Using 2 workers of 2 for evacuation
[338.121s][info][gc,phases      ] GC(754)   Pre Evacuate Collection Set: 0.35ms
[338.121s][info][gc,phases      ] GC(754)   Merge Heap Roots: 0.49ms
[338.121s][info][gc,phases      ] GC(754)   Evacuate Collection Set: 98.14ms
[338.121s][info][gc,phases      ] GC(754)   Post Evacuate Collection Set: 0.83ms
[338.121s][info][gc,phases      ] GC(754)   Other: 0.13ms
[338.121s][info][gc,heap        ] GC(754) Eden regions: 471->0(492)
[338.121s][info][gc,heap        ] GC(754) Survivor regions: 74->7(69)
[338.121s][info][gc,heap        ] GC(754) Old regions: 304->378
[338.121s][info][gc,heap        ] GC(754) Humongous regions: 4->4
[338.121s][info][gc,metaspace   ] GC(754) Metaspace: 18811K(18944K)->18811K(18944K) NonClass: 16982K(17088K)->16982K(17088K) Class: 1828K(1856K)->1828K(1856K)
[338.121s][info][gc             ] GC(754) Pause Young (Normal) (G1 Evacuation Pause) 852M->388M(978M) 100.222ms
[338.121s][info][gc,cpu         ] GC(754) User=0.20s Sys=0.00s Real=0.10s
[338.226s][info][gc,marking     ] GC(753) Concurrent Rebuild Remembered Sets and Scrub Regions 353.417ms
[338.228s][info][gc,start       ] GC(753) Pause Cleanup
[338.228s][info][gc             ] GC(753) Pause Cleanup 437M->437M(978M) 0.127ms
[338.228s][info][gc,cpu         ] GC(753) User=0.00s Sys=0.00s Real=0.00s
[338.228s][info][gc,marking     ] GC(753) Concurrent Clear Claimed Marks
[338.228s][info][gc,marking     ] GC(753) Concurrent Clear Claimed Marks 0.077ms
[338.228s][info][gc,marking     ] GC(753) Concurrent Cleanup for Next Mark
[338.235s][info][gc,marking     ] GC(753) Concurrent Cleanup for Next Mark 6.612ms
[338.235s][info][gc             ] GC(753) Concurrent Mark Cycle 1171.066ms
[339.349s][info][gc,start       ] GC(755) Pause Young (Prepare Mixed) (G1 Evacuation Pause)
[339.349s][info][gc,task        ] GC(755) Using 2 workers of 2 for evacuation
[339.386s][info][gc,phases      ] GC(755)   Pre Evacuate Collection Set: 0.58ms
[339.386s][info][gc,phases      ] GC(755)   Merge Heap Roots: 0.34ms
[339.386s][info][gc,phases      ] GC(755)   Evacuate Collection Set: 35.18ms
[339.386s][info][gc,phases      ] GC(755)   Post Evacuate Collection Set: 0.83ms
[339.386s][info][gc,phases      ] GC(755)   Other: 0.12ms
[339.386s][info][gc,heap        ] GC(755) Eden regions: 492->0(485)
[339.386s][info][gc,heap        ] GC(755) Survivor regions: 7->24(63)
[339.386s][info][gc,heap        ] GC(755) Old regions: 378->378
[339.386s][info][gc,heap        ] GC(755) Humongous regions: 4->4
[339.386s][info][gc,metaspace   ] GC(755) Metaspace: 18811K(18944K)->18811K(18944K) NonClass: 16982K(17088K)->16982K(17088K) Class: 1828K(1856K)->1828K(1856K)
[339.386s][info][gc             ] GC(755) Pause Young (Prepare Mixed) (G1 Evacuation Pause) 880M->405M(978M) 37.307ms
[339.386s][info][gc,cpu         ] GC(755) User=0.08s Sys=0.00s Real=0.04s
[340.376s][info][gc,start       ] GC(756) Pause Young (Mixed) (G1 Evacuation Pause)
[340.376s][info][gc,task        ] GC(756) Using 2 workers of 2 for evacuation
[340.482s][info][gc,phases      ] GC(756)   Pre Evacuate Collection Set: 0.60ms
[340.482s][info][gc,phases      ] GC(756)   Merge Heap Roots: 0.40ms
[340.482s][info][gc,phases      ] GC(756)   Evacuate Collection Set: 103.73ms
[340.482s][info][gc,phases      ] GC(756)   Post Evacuate Collection Set: 1.07ms
[340.482s][info][gc,phases      ] GC(756)   Other: 0.13ms
[340.482s][info][gc,heap        ] GC(756) Eden regions: 485->0(409)
[340.482s][info][gc,heap        ] GC(756) Survivor regions: 24->64(64)
[340.482s][info][gc,heap        ] GC(756) Old regions: 378->387
[340.482s][info][gc,heap        ] GC(756) Humongous regions: 4->4
[340.482s][info][gc,metaspace   ] GC(756) Metaspace: 18811K(18944K)->18811K(18944K) NonClass: 16982K(17088K)->16982K(17088K) Class: 1828K(1856K)->1828K(1856K)
[340.482s][info][gc             ] GC(756) Pause Young (Mixed) (G1 Evacuation Pause) 890M->454M(978M) 106.182ms
[340.482s][info][gc,cpu         ] GC(756) User=0.21s Sys=0.00s Real=0.10s
[341.150s][info][gc,start       ] GC(757) Pause Young (Concurrent Start) (G1 Evacuation Pause)
[341.150s][info][gc,task        ] GC(757) Using 2 workers of 2 for evacuation
[341.385s][info][gc,mmu         ] GC(757) MMU target violated: 201.0ms (200.0ms/201.0ms)
[341.385s][info][gc,phases      ] GC(757)   Pre Evacuate Collection Set: 0.38ms
[341.385s][info][gc,phases      ] GC(757)   Merge Heap Roots: 0.48ms
[341.385s][info][gc,phases      ] GC(757)   Evacuate Collection Set: 207.83ms
[341.385s][info][gc,phases      ] GC(757)   Post Evacuate Collection Set: 26.03ms
[341.385s][info][gc,phases      ] GC(757)   Other: 0.29ms
[341.385s][info][gc,heap        ] GC(757) Eden regions: 409->0(142)
[341.385s][info][gc,heap        ] GC(757) Survivor regions: 64->60(60)
[341.385s][info][gc,heap        ] GC(757) Old regions: 387->662
[341.385s][info][gc,heap        ] GC(757) Humongous regions: 4->4
[341.385s][info][gc,metaspace   ] GC(757) Metaspace: 18811K(18944K)->18811K(18944K) NonClass: 16982K(17088K)->16982K(17088K) Class: 1828K(1856K)->1828K(1856K)
[341.385s][info][gc             ] GC(757) Pause Young (Concurrent Start) (G1 Evacuation Pause) (Evacuation Failure: Allocation) 863M->725M(978M) 235.227ms
[341.385s][info][gc             ] GC(758) Concurrent Mark Cycle
[341.385s][info][gc,marking     ] GC(758) Concurrent Scan Root Regions
[341.386s][info][gc,cpu         ] GC(757) User=0.46s Sys=0.00s Real=0.24s
[341.615s][info][gc,marking     ] GC(758) Concurrent Scan Root Regions 229.937ms
[341.615s][info][gc,marking     ] GC(758) Concurrent Mark
[341.615s][info][gc,marking     ] GC(758) Concurrent Mark From Roots
[341.615s][info][gc,task        ] GC(758) Using 1 workers of 1 for marking
[341.624s][info][gc,start       ] GC(759) Pause Young (Normal) (G1 Evacuation Pause)
[341.624s][info][gc,task        ] GC(759) Using 2 workers of 2 for evacuation
[341.768s][info][gc,phases      ] GC(759)   Pre Evacuate Collection Set: 0.61ms
[341.769s][info][gc,phases      ] GC(759)   Merge Heap Roots: 0.98ms
[341.769s][info][gc,phases      ] GC(759)   Evacuate Collection Set: 138.08ms
[341.769s][info][gc,phases      ] GC(759)   Post Evacuate Collection Set: 4.45ms
[341.769s][info][gc,phases      ] GC(759)   Other: 0.09ms
[341.769s][info][gc,heap        ] GC(759) Eden regions: 142->0(209)
[341.769s][info][gc,heap        ] GC(759) Survivor regions: 60->17(26)
[341.769s][info][gc,heap        ] GC(759) Old regions: 662->681
[341.769s][info][gc,heap        ] GC(759) Humongous regions: 4->4
[341.769s][info][gc,metaspace   ] GC(759) Metaspace: 18811K(18944K)->18811K(18944K) NonClass: 16982K(17088K)->16982K(17088K) Class: 1828K(1856K)->1828K(1856K)
[341.769s][info][gc             ] GC(759) Pause Young (Normal) (G1 Evacuation Pause) (Evacuation Failure: Allocation) 867M->701M(978M) 144.492ms
[341.769s][info][gc,cpu         ] GC(759) User=0.29s Sys=0.00s Real=0.14s
[342.338s][info][gc,start       ] GC(760) Pause Young (Normal) (G1 Evacuation Pause)
[342.338s][info][gc,task        ] GC(760) Using 2 workers of 2 for evacuation
[342.541s][info][gc,mmu         ] GC(760) MMU target violated: 201.0ms (200.0ms/201.0ms)
[342.541s][info][gc,phases      ] GC(760)   Pre Evacuate Collection Set: 0.44ms
[342.541s][info][gc,phases      ] GC(760)   Merge Heap Roots: 1.20ms
[342.541s][info][gc,phases      ] GC(760)   Evacuate Collection Set: 182.16ms
[342.541s][info][gc,phases      ] GC(760)   Post Evacuate Collection Set: 19.21ms
[342.541s][info][gc,phases      ] GC(760)   Other: 0.20ms
[342.541s][info][gc,heap        ] GC(760) Eden regions: 209->0(44)
[342.541s][info][gc,heap        ] GC(760) Survivor regions: 17->19(29)
[342.541s][info][gc,heap        ] GC(760) Old regions: 681->833
[342.541s][info][gc,heap        ] GC(760) Humongous regions: 13->13
[342.541s][info][gc,metaspace   ] GC(760) Metaspace: 18811K(18944K)->18811K(18944K) NonClass: 16982K(17088K)->16982K(17088K) Class: 1828K(1856K)->1828K(1856K)
[342.541s][info][gc             ] GC(760) Pause Young (Normal) (G1 Evacuation Pause) (Evacuation Failure: Allocation) 919M->864M(978M) 203.420ms
[342.542s][info][gc,cpu         ] GC(760) User=0.40s Sys=0.00s Real=0.20s
[342.692s][info][gc,start       ] GC(761) Pause Young (Normal) (G1 Evacuation Pause)
[342.692s][info][gc,task        ] GC(761) Using 2 workers of 2 for evacuation
[342.834s][info][gc,phases      ] GC(761)   Pre Evacuate Collection Set: 0.63ms
[342.835s][info][gc,phases      ] GC(761)   Merge Heap Roots: 3.74ms
[342.835s][info][gc,phases      ] GC(761)   Evacuate Collection Set: 78.93ms
[342.835s][info][gc,phases      ] GC(761)   Merge Optional Heap Roots: 0.62ms
[342.835s][info][gc,phases      ] GC(761)   Evacuate Optional Collection Set: 56.64ms
[342.835s][info][gc,phases      ] GC(761)   Post Evacuate Collection Set: 1.73ms
[342.835s][info][gc,phases      ] GC(761)   Other: 0.22ms
[342.835s][info][gc,heap        ] GC(761) Eden regions: 29->0(241)
[342.835s][info][gc,heap        ] GC(761) Survivor regions: 19->1(6)
[342.835s][info][gc,heap        ] GC(761) Old regions: 833->651
[342.835s][info][gc,heap        ] GC(761) Humongous regions: 13->13
[342.835s][info][gc,metaspace   ] GC(761) Metaspace: 18811K(18944K)->18811K(18944K) NonClass: 16982K(17088K)->16982K(17088K) Class: 1828K(1856K)->1828K(1856K)
[342.835s][info][gc             ] GC(761) Pause Young (Normal) (G1 Evacuation Pause) 893M->664M(978M) 142.789ms
[342.835s][info][gc,cpu         ] GC(761) User=0.28s Sys=0.01s Real=0.15s
[343.460s][info][gc,marking     ] GC(758) Concurrent Mark From Roots 1844.797ms
[343.460s][info][gc,marking     ] GC(758) Concurrent Preclean
[343.460s][info][gc,marking     ] GC(758) Concurrent Preclean 0.059ms
[343.460s][info][gc,start       ] GC(758) Pause Remark
[343.469s][info][gc             ] GC(758) Pause Remark 823M->823M(978M) 8.483ms
[343.469s][info][gc,cpu         ] GC(758) User=0.02s Sys=0.00s Real=0.01s
[343.469s][info][gc,marking     ] GC(758) Concurrent Mark 1853.730ms
[343.469s][info][gc,marking     ] GC(758) Concurrent Rebuild Remembered Sets and Scrub Regions
[343.707s][info][gc,start       ] GC(762) Pause Young (Normal) (G1 Evacuation Pause)
[343.707s][info][gc,task        ] GC(762) Using 2 workers of 2 for evacuation
[343.742s][info][gc,phases      ] GC(762)   Pre Evacuate Collection Set: 0.31ms
[343.742s][info][gc,phases      ] GC(762)   Merge Heap Roots: 0.83ms
[343.742s][info][gc,phases      ] GC(762)   Evacuate Collection Set: 32.60ms
[343.742s][info][gc,phases      ] GC(762)   Post Evacuate Collection Set: 0.51ms
[343.742s][info][gc,phases      ] GC(762)   Other: 0.11ms
[343.742s][info][gc,heap        ] GC(762) Eden regions: 241->0(257)
[343.742s][info][gc,heap        ] GC(762) Survivor regions: 1->1(31)
[343.742s][info][gc,heap        ] GC(762) Old regions: 651->648
[343.742s][info][gc,heap        ] GC(762) Humongous regions: 13->13
[343.742s][info][gc,metaspace   ] GC(762) Metaspace: 18811K(18944K)->18811K(18944K) NonClass: 16982K(17088K)->16982K(17088K) Class: 1828K(1856K)->1828K(1856K)
[343.742s][info][gc             ] GC(762) Pause Young (Normal) (G1 Evacuation Pause) 905M->661M(978M) 34.618ms
[343.742s][info][gc,cpu         ] GC(762) User=0.07s Sys=0.00s Real=0.03s
[344.246s][info][gc,marking     ] GC(758) Concurrent Rebuild Remembered Sets and Scrub Regions 777.041ms
[344.246s][info][gc,start       ] GC(758) Pause Cleanup
[344.246s][info][gc             ] GC(758) Pause Cleanup 831M->831M(978M) 0.140ms
[344.246s][info][gc,cpu         ] GC(758) User=0.00s Sys=0.00s Real=0.00s
[344.246s][info][gc,marking     ] GC(758) Concurrent Clear Claimed Marks
[344.246s][info][gc,marking     ] GC(758) Concurrent Clear Claimed Marks 0.040ms
[344.246s][info][gc,marking     ] GC(758) Concurrent Cleanup for Next Mark
[344.249s][info][gc,marking     ] GC(758) Concurrent Cleanup for Next Mark 3.012ms
[344.249s][info][gc             ] GC(758) Concurrent Mark Cycle 2864.433ms
[344.407s][info][gc,start       ] GC(763) Pause Young (Prepare Mixed) (G1 Evacuation Pause)
[344.407s][info][gc,task        ] GC(763) Using 2 workers of 2 for evacuation
[344.408s][info][gc,phases      ] GC(763)   Pre Evacuate Collection Set: 0.53ms
[344.408s][info][gc,phases      ] GC(763)   Merge Heap Roots: 0.13ms
[344.408s][info][gc,phases      ] GC(763)   Evacuate Collection Set: 0.24ms
[344.408s][info][gc,phases      ] GC(763)   Post Evacuate Collection Set: 0.46ms
[344.408s][info][gc,phases      ] GC(763)   Other: 0.10ms
[344.408s][info][gc,heap        ] GC(763) Eden regions: 257->0(265)
[344.408s][info][gc,heap        ] GC(763) Survivor regions: 1->1(33)
[344.408s][info][gc,heap        ] GC(763) Old regions: 648->648
[344.408s][info][gc,heap        ] GC(763) Humongous regions: 13->13
[344.408s][info][gc,metaspace   ] GC(763) Metaspace: 18811K(18944K)->18811K(18944K) NonClass: 16982K(17088K)->16982K(17088K) Class: 1828K(1856K)->1828K(1856K)
[344.408s][info][gc             ] GC(763) Pause Young (Prepare Mixed) (G1 Evacuation Pause) 918M->661M(978M) 1.722ms
[344.408s][info][gc,cpu         ] GC(763) User=0.00s Sys=0.00s Real=0.00s
[344.922s][info][gc,start       ] GC(764) Pause Young (Mixed) (G1 Evacuation Pause)
[344.922s][info][gc,task        ] GC(764) Using 2 workers of 2 for evacuation
[344.927s][info][gc,phases      ] GC(764)   Pre Evacuate Collection Set: 0.35ms
[344.927s][info][gc,phases      ] GC(764)   Merge Heap Roots: 0.15ms
[344.927s][info][gc,phases      ] GC(764)   Evacuate Collection Set: 3.33ms
[344.927s][info][gc,phases      ] GC(764)   Post Evacuate Collection Set: 0.52ms
[344.927s][info][gc,phases      ] GC(764)   Other: 0.13ms
[344.927s][info][gc,heap        ] GC(764) Eden regions: 265->0(273)
[344.927s][info][gc,heap        ] GC(764) Survivor regions: 1->1(34)
[344.927s][info][gc,heap        ] GC(764) Old regions: 648->640
[344.927s][info][gc,heap        ] GC(764) Humongous regions: 13->13
[344.927s][info][gc,metaspace   ] GC(764) Metaspace: 18811K(18944K)->18811K(18944K) NonClass: 16982K(17088K)->16982K(17088K) Class: 1828K(1856K)->1828K(1856K)
[344.927s][info][gc             ] GC(764) Pause Young (Mixed) (G1 Evacuation Pause) 926M->652M(978M) 4.839ms
[344.927s][info][gc,cpu         ] GC(764) User=0.01s Sys=0.00s Real=0.01s
[345.455s][info][gc,start       ] GC(765) Pause Young (Concurrent Start) (G1 Evacuation Pause)
[345.455s][info][gc,task        ] GC(765) Using 2 workers of 2 for evacuation
[345.456s][info][gc,phases      ] GC(765)   Pre Evacuate Collection Set: 0.37ms
[345.456s][info][gc,phases      ] GC(765)   Merge Heap Roots: 0.08ms
[345.456s][info][gc,phases      ] GC(765)   Evacuate Collection Set: 0.55ms
[345.456s][info][gc,phases      ] GC(765)   Post Evacuate Collection Set: 0.45ms
[345.456s][info][gc,phases      ] GC(765)   Other: 0.15ms
[345.456s][info][gc,heap        ] GC(765) Eden regions: 273->0(273)
[345.456s][info][gc,heap        ] GC(765) Survivor regions: 1->1(35)
[345.456s][info][gc,heap        ] GC(765) Old regions: 640->640
[345.456s][info][gc,heap        ] GC(765) Humongous regions: 13->13
[345.456s][info][gc,metaspace   ] GC(765) Metaspace: 18811K(18944K)->18811K(18944K) NonClass: 16982K(17088K)->16982K(17088K) Class: 1828K(1856K)->1828K(1856K)
[345.456s][info][gc             ] GC(765) Pause Young (Concurrent Start) (G1 Evacuation Pause) 925M->652M(978M) 1.825ms
[345.456s][info][gc,cpu         ] GC(765) User=0.01s Sys=0.00s Real=0.00s
[345.457s][info][gc             ] GC(766) Concurrent Mark Cycle
[345.457s][info][gc,marking     ] GC(766) Concurrent Scan Root Regions
[345.459s][info][gc,marking     ] GC(766) Concurrent Scan Root Regions 2.294ms
[345.459s][info][gc,marking     ] GC(766) Concurrent Mark
[345.459s][info][gc,marking     ] GC(766) Concurrent Mark From Roots
[345.459s][info][gc,task        ] GC(766) Using 1 workers of 1 for marking
[346.462s][info][gc,start       ] GC(767) Pause Young (Normal) (G1 Evacuation Pause)
[346.462s][info][gc,task        ] GC(767) Using 2 workers of 2 for evacuation
[346.481s][info][gc,phases      ] GC(767)   Pre Evacuate Collection Set: 0.59ms
[346.481s][info][gc,phases      ] GC(767)   Merge Heap Roots: 0.18ms
[346.481s][info][gc,phases      ] GC(767)   Evacuate Collection Set: 17.25ms
[346.481s][info][gc,phases      ] GC(767)   Post Evacuate Collection Set: 0.55ms
[346.481s][info][gc,phases      ] GC(767)   Other: 0.11ms
[346.481s][info][gc,heap        ] GC(767) Eden regions: 273->0(251)
[346.481s][info][gc,heap        ] GC(767) Survivor regions: 1->12(35)
[346.481s][info][gc,heap        ] GC(767) Old regions: 640->640
[346.481s][info][gc,heap        ] GC(767) Humongous regions: 13->13
[346.481s][info][gc,metaspace   ] GC(767) Metaspace: 18811K(18944K)->18811K(18944K) NonClass: 16982K(17088K)->16982K(17088K) Class: 1828K(1856K)->1828K(1856K)
[346.481s][info][gc             ] GC(767) Pause Young (Normal) (G1 Evacuation Pause) 925M->664M(978M) 18.932ms
[346.481s][info][gc,cpu         ] GC(767) User=0.03s Sys=0.00s Real=0.02s
[346.921s][info][gc,start       ] GC(768) Pause Young (Normal) (G1 Evacuation Pause)
[346.921s][info][gc,task        ] GC(768) Using 2 workers of 2 for evacuation
[346.964s][info][gc,phases      ] GC(768)   Pre Evacuate Collection Set: 0.54ms
[346.964s][info][gc,phases      ] GC(768)   Merge Heap Roots: 0.19ms
[346.964s][info][gc,phases      ] GC(768)   Evacuate Collection Set: 41.79ms
[346.964s][info][gc,phases      ] GC(768)   Post Evacuate Collection Set: 0.57ms
[346.964s][info][gc,phases      ] GC(768)   Other: 0.11ms
[346.964s][info][gc,heap        ] GC(768) Eden regions: 251->0(209)
[346.964s][info][gc,heap        ] GC(768) Survivor regions: 12->33(33)
[346.964s][info][gc,heap        ] GC(768) Old regions: 640->640
[346.964s][info][gc,heap        ] GC(768) Humongous regions: 13->13
[346.964s][info][gc,metaspace   ] GC(768) Metaspace: 18811K(18944K)->18811K(18944K) NonClass: 16982K(17088K)->16982K(17088K) Class: 1828K(1856K)->1828K(1856K)
[346.964s][info][gc             ] GC(768) Pause Young (Normal) (G1 Evacuation Pause) 915M->685M(978M) 43.490ms
[346.964s][info][gc,cpu         ] GC(768) User=0.08s Sys=0.00s Real=0.05s
[347.249s][info][gc,marking     ] GC(766) Concurrent Mark From Roots 1789.929ms
[347.249s][info][gc,marking     ] GC(766) Concurrent Preclean
[347.249s][info][gc,marking     ] GC(766) Concurrent Preclean 0.063ms
[347.249s][info][gc,start       ] GC(766) Pause Remark
[347.258s][info][gc             ] GC(766) Pause Remark 822M->751M(978M) 8.516ms
[347.258s][info][gc,cpu         ] GC(766) User=0.02s Sys=0.00s Real=0.01s
[347.260s][info][gc,marking     ] GC(766) Concurrent Mark 1800.824ms
[347.260s][info][gc,marking     ] GC(766) Concurrent Rebuild Remembered Sets and Scrub Regions
[347.389s][info][gc,start       ] GC(769) Pause Young (Normal) (G1 Evacuation Pause)
[347.389s][info][gc,task        ] GC(769) Using 2 workers of 2 for evacuation
[347.432s][info][gc,phases      ] GC(769)   Pre Evacuate Collection Set: 0.55ms
[347.432s][info][gc,phases      ] GC(769)   Merge Heap Roots: 0.19ms
[347.432s][info][gc,phases      ] GC(769)   Evacuate Collection Set: 41.20ms
[347.432s][info][gc,phases      ] GC(769)   Post Evacuate Collection Set: 0.51ms
[347.432s][info][gc,phases      ] GC(769)   Other: 0.12ms
[347.432s][info][gc,heap        ] GC(769) Eden regions: 209->0(308)
[347.432s][info][gc,heap        ] GC(769) Survivor regions: 33->2(31)
[347.432s][info][gc,heap        ] GC(769) Old regions: 575->608
[347.432s][info][gc,heap        ] GC(769) Humongous regions: 7->7
[347.432s][info][gc,metaspace   ] GC(769) Metaspace: 18811K(18944K)->18811K(18944K) NonClass: 16982K(17088K)->16982K(17088K) Class: 1828K(1856K)->1828K(1856K)
[347.432s][info][gc             ] GC(769) Pause Young (Normal) (G1 Evacuation Pause) 823M->616M(978M) 42.861ms
[347.432s][info][gc,cpu         ] GC(769) User=0.09s Sys=0.00s Real=0.04s
[347.777s][info][gc,marking     ] GC(766) Concurrent Rebuild Remembered Sets and Scrub Regions 516.851ms
[347.778s][info][gc,start       ] GC(766) Pause Cleanup
[347.778s][info][gc             ] GC(766) Pause Cleanup 770M->770M(978M) 0.192ms
[347.778s][info][gc,cpu         ] GC(766) User=0.00s Sys=0.00s Real=0.00s
[347.778s][info][gc,marking     ] GC(766) Concurrent Clear Claimed Marks
[347.778s][info][gc,marking     ] GC(766) Concurrent Clear Claimed Marks 0.051ms
[347.778s][info][gc,marking     ] GC(766) Concurrent Cleanup for Next Mark
[347.785s][info][gc,marking     ] GC(766) Concurrent Cleanup for Next Mark 6.566ms
[347.785s][info][gc             ] GC(766) Concurrent Mark Cycle 2328.141ms
[348.151s][info][gc,start       ] GC(770) Pause Young (Prepare Mixed) (G1 Evacuation Pause)
[348.151s][info][gc,task        ] GC(770) Using 2 workers of 2 for evacuation
[348.170s][info][gc,phases      ] GC(770)   Pre Evacuate Collection Set: 0.54ms
[348.170s][info][gc,phases      ] GC(770)   Merge Heap Roots: 0.27ms
[348.170s][info][gc,phases      ] GC(770)   Evacuate Collection Set: 17.56ms
[348.170s][info][gc,phases      ] GC(770)   Post Evacuate Collection Set: 0.63ms
[348.170s][info][gc,phases      ] GC(770)   Other: 0.09ms
[348.170s][info][gc,heap        ] GC(770) Eden regions: 308->0(291)
[348.170s][info][gc,heap        ] GC(770) Survivor regions: 2->11(39)
[348.170s][info][gc,heap        ] GC(770) Old regions: 608->608
[348.170s][info][gc,heap        ] GC(770) Humongous regions: 7->7
[348.170s][info][gc,metaspace   ] GC(770) Metaspace: 18811K(18944K)->18811K(18944K) NonClass: 16982K(17088K)->16982K(17088K) Class: 1828K(1856K)->1828K(1856K)
[348.170s][info][gc             ] GC(770) Pause Young (Prepare Mixed) (G1 Evacuation Pause) 924M->625M(978M) 19.319ms
[348.170s][info][gc,cpu         ] GC(770) User=0.04s Sys=0.00s Real=0.02s
[348.806s][info][gc,start       ] GC(771) Pause Young (Mixed) (G1 Evacuation Pause)
[348.806s][info][gc,task        ] GC(771) Using 2 workers of 2 for evacuation
[348.858s][info][gc,phases      ] GC(771)   Pre Evacuate Collection Set: 0.38ms
[348.858s][info][gc,phases      ] GC(771)   Merge Heap Roots: 0.57ms
[348.858s][info][gc,phases      ] GC(771)   Evacuate Collection Set: 49.56ms
[348.858s][info][gc,phases      ] GC(771)   Post Evacuate Collection Set: 0.81ms
[348.858s][info][gc,phases      ] GC(771)   Other: 0.12ms
[348.858s][info][gc,heap        ] GC(771) Eden regions: 291->0(368)
[348.858s][info][gc,heap        ] GC(771) Survivor regions: 11->11(38)
[348.858s][info][gc,heap        ] GC(771) Old regions: 608->531
[348.858s][info][gc,heap        ] GC(771) Humongous regions: 7->7
[348.858s][info][gc,metaspace   ] GC(771) Metaspace: 18811K(18944K)->18811K(18944K) NonClass: 16982K(17088K)->16982K(17088K) Class: 1828K(1856K)->1828K(1856K)
[348.858s][info][gc             ] GC(771) Pause Young (Mixed) (G1 Evacuation Pause) 916M->548M(978M) 51.726ms
[348.858s][info][gc,cpu         ] GC(771) User=0.10s Sys=0.01s Real=0.05s
[349.357s][info][gc,start       ] GC(772) Pause Young (Mixed) (G1 Evacuation Pause)
[349.357s][info][gc,task        ] GC(772) Using 2 workers of 2 for evacuation
[349.476s][info][gc,phases      ] GC(772)   Pre Evacuate Collection Set: 0.32ms
[349.476s][info][gc,phases      ] GC(772)   Merge Heap Roots: 0.93ms
[349.476s][info][gc,phases      ] GC(772)   Evacuate Collection Set: 116.69ms
[349.476s][info][gc,phases      ] GC(772)   Post Evacuate Collection Set: 0.90ms
[349.476s][info][gc,phases      ] GC(772)   Other: 0.12ms
[349.476s][info][gc,heap        ] GC(772) Eden regions: 368->0(292)
[349.476s][info][gc,heap        ] GC(772) Survivor regions: 11->48(48)
[349.476s][info][gc,heap        ] GC(772) Old regions: 531->533
[349.476s][info][gc,heap        ] GC(772) Humongous regions: 7->7
[349.476s][info][gc,metaspace   ] GC(772) Metaspace: 18811K(18944K)->18811K(18944K) NonClass: 16982K(17088K)->16982K(17088K) Class: 1828K(1856K)->1828K(1856K)
[349.476s][info][gc             ] GC(772) Pause Young (Mixed) (G1 Evacuation Pause) 916M->587M(978M) 119.207ms
[349.476s][info][gc,cpu         ] GC(772) User=0.24s Sys=0.00s Real=0.12s
[349.794s][info][gc,start       ] GC(773) Pause Young (Concurrent Start) (G1 Humongous Allocation)
[349.794s][info][gc,task        ] GC(773) Using 2 workers of 2 for evacuation
[349.890s][info][gc,phases      ] GC(773)   Pre Evacuate Collection Set: 0.38ms
[349.890s][info][gc,phases      ] GC(773)   Merge Heap Roots: 0.25ms
[349.890s][info][gc,phases      ] GC(773)   Evacuate Collection Set: 94.11ms
[349.890s][info][gc,phases      ] GC(773)   Post Evacuate Collection Set: 0.67ms
[349.890s][info][gc,phases      ] GC(773)   Other: 0.22ms
[349.890s][info][gc,heap        ] GC(773) Eden regions: 203->0(267)
[349.890s][info][gc,heap        ] GC(773) Survivor regions: 48->35(43)
[349.890s][info][gc,heap        ] GC(773) Old regions: 533->581
[349.890s][info][gc,heap        ] GC(773) Humongous regions: 7->7
[349.890s][info][gc,metaspace   ] GC(773) Metaspace: 18811K(18944K)->18811K(18944K) NonClass: 16982K(17088K)->16982K(17088K) Class: 1828K(1856K)->1828K(1856K)
[349.890s][info][gc             ] GC(773) Pause Young (Concurrent Start) (G1 Humongous Allocation) 789M->622M(978M) 95.882ms
[349.890s][info][gc             ] GC(774) Concurrent Mark Cycle
[349.890s][info][gc,marking     ] GC(774) Concurrent Scan Root Regions
[349.890s][info][gc,cpu         ] GC(773) User=0.18s Sys=0.00s Real=0.09s
[350.006s][info][gc,marking     ] GC(774) Concurrent Scan Root Regions 116.403ms
[350.007s][info][gc,marking     ] GC(774) Concurrent Mark
[350.007s][info][gc,marking     ] GC(774) Concurrent Mark From Roots
[350.007s][info][gc,task        ] GC(774) Using 1 workers of 1 for marking
[350.845s][info][gc,start       ] GC(775) Pause Young (Normal) (G1 Evacuation Pause)
[350.845s][info][gc,task        ] GC(775) Using 2 workers of 2 for evacuation
[350.898s][info][gc,phases      ] GC(775)   Pre Evacuate Collection Set: 0.33ms
[350.898s][info][gc,phases      ] GC(775)   Merge Heap Roots: 0.26ms
[350.898s][info][gc,phases      ] GC(775)   Evacuate Collection Set: 51.77ms
[350.898s][info][gc,phases      ] GC(775)   Post Evacuate Collection Set: 0.59ms
[350.898s][info][gc,phases      ] GC(775)   Other: 0.11ms
[350.898s][info][gc,heap        ] GC(775) Eden regions: 267->0(270)
[350.898s][info][gc,heap        ] GC(775) Survivor regions: 35->7(38)
[350.898s][info][gc,heap        ] GC(775) Old regions: 581->616
[350.898s][info][gc,heap        ] GC(775) Humongous regions: 10->10
[350.898s][info][gc,metaspace   ] GC(775) Metaspace: 18811K(18944K)->18811K(18944K) NonClass: 16982K(17088K)->16982K(17088K) Class: 1828K(1856K)->1828K(1856K)
[350.898s][info][gc             ] GC(775) Pause Young (Normal) (G1 Evacuation Pause) 892M->631M(978M) 53.339ms
[350.898s][info][gc,cpu         ] GC(775) User=0.10s Sys=0.00s Real=0.05s
[351.780s][info][gc,marking     ] GC(774) Concurrent Mark From Roots 1773.283ms
[351.780s][info][gc,marking     ] GC(774) Concurrent Preclean
[351.780s][info][gc,marking     ] GC(774) Concurrent Preclean 0.043ms
[351.781s][info][gc,start       ] GC(774) Pause Remark
[351.789s][info][gc             ] GC(774) Pause Remark 870M->870M(978M) 8.358ms
[351.789s][info][gc,cpu         ] GC(774) User=0.02s Sys=0.00s Real=0.01s
[351.789s][info][gc,marking     ] GC(774) Concurrent Mark 1782.663ms
[351.789s][info][gc,marking     ] GC(774) Concurrent Rebuild Remembered Sets and Scrub Regions
[351.860s][info][gc,start       ] GC(776) Pause Young (Normal) (G1 Evacuation Pause)
[351.860s][info][gc,task        ] GC(776) Using 2 workers of 2 for evacuation
[351.873s][info][gc,phases      ] GC(776)   Pre Evacuate Collection Set: 0.33ms
[351.873s][info][gc,phases      ] GC(776)   Merge Heap Roots: 0.31ms
[351.873s][info][gc,phases      ] GC(776)   Evacuate Collection Set: 11.12ms
[351.873s][info][gc,phases      ] GC(776)   Post Evacuate Collection Set: 0.50ms
[351.873s][info][gc,phases      ] GC(776)   Other: 0.11ms
[351.873s][info][gc,heap        ] GC(776) Eden regions: 270->0(282)
[351.873s][info][gc,heap        ] GC(776) Survivor regions: 7->7(35)
[351.873s][info][gc,heap        ] GC(776) Old regions: 616->616
[351.873s][info][gc,heap        ] GC(776) Humongous regions: 10->10
[351.873s][info][gc,metaspace   ] GC(776) Metaspace: 18811K(18944K)->18811K(18944K) NonClass: 16982K(17088K)->16982K(17088K) Class: 1828K(1856K)->1828K(1856K)
[351.873s][info][gc             ] GC(776) Pause Young (Normal) (G1 Evacuation Pause) 901M->631M(978M) 12.599ms
[351.873s][info][gc,cpu         ] GC(776) User=0.03s Sys=0.00s Real=0.02s
[352.465s][info][gc,marking     ] GC(774) Concurrent Rebuild Remembered Sets and Scrub Regions 675.969ms
[352.465s][info][gc,start       ] GC(774) Pause Cleanup
[352.466s][info][gc             ] GC(774) Pause Cleanup 881M->881M(978M) 0.171ms
[352.466s][info][gc,cpu         ] GC(774) User=0.00s Sys=0.00s Real=0.00s
[352.466s][info][gc,marking     ] GC(774) Concurrent Clear Claimed Marks
[352.466s][info][gc,marking     ] GC(774) Concurrent Clear Claimed Marks 0.037ms
[352.466s][info][gc,marking     ] GC(774) Concurrent Cleanup for Next Mark
[352.471s][info][gc,marking     ] GC(774) Concurrent Cleanup for Next Mark 5.009ms
[352.471s][info][gc             ] GC(774) Concurrent Mark Cycle 2580.697ms
[352.519s][info][gc,start       ] GC(777) Pause Young (Prepare Mixed) (G1 Evacuation Pause)
[352.519s][info][gc,task        ] GC(777) Using 2 workers of 2 for evacuation
[352.531s][info][gc,phases      ] GC(777)   Pre Evacuate Collection Set: 0.34ms
[352.531s][info][gc,phases      ] GC(777)   Merge Heap Roots: 0.14ms
[352.531s][info][gc,phases      ] GC(777)   Evacuate Collection Set: 10.79ms
[352.531s][info][gc,phases      ] GC(777)   Post Evacuate Collection Set: 0.51ms
[352.531s][info][gc,phases      ] GC(777)   Other: 0.11ms
[352.531s][info][gc,heap        ] GC(777) Eden regions: 282->0(288)
[352.531s][info][gc,heap        ] GC(777) Survivor regions: 7->7(37)
[352.531s][info][gc,heap        ] GC(777) Old regions: 616->616
[352.531s][info][gc,heap        ] GC(777) Humongous regions: 10->10
[352.531s][info][gc,metaspace   ] GC(777) Metaspace: 18811K(18944K)->18811K(18944K) NonClass: 16982K(17088K)->16982K(17088K) Class: 1828K(1856K)->1828K(1856K)
[352.531s][info][gc             ] GC(777) Pause Young (Prepare Mixed) (G1 Evacuation Pause) 913M->631M(978M) 12.194ms
[352.531s][info][gc,cpu         ] GC(777) User=0.02s Sys=0.00s Real=0.01s
[352.945s][info][gc,start       ] GC(778) Pause Young (Mixed) (G1 Evacuation Pause)
[352.945s][info][gc,task        ] GC(778) Using 2 workers of 2 for evacuation
[352.997s][info][gc,phases      ] GC(778)   Pre Evacuate Collection Set: 0.33ms
[352.997s][info][gc,phases      ] GC(778)   Merge Heap Roots: 0.45ms
[352.997s][info][gc,phases      ] GC(778)   Evacuate Collection Set: 49.89ms
[352.997s][info][gc,phases      ] GC(778)   Post Evacuate Collection Set: 0.57ms
[352.997s][info][gc,phases      ] GC(778)   Other: 0.09ms
[352.997s][info][gc,heap        ] GC(778) Eden regions: 288->0(264)
[352.997s][info][gc,heap        ] GC(778) Survivor regions: 7->23(37)
[352.997s][info][gc,heap        ] GC(778) Old regions: 616->608
[352.997s][info][gc,heap        ] GC(778) Humongous regions: 10->10
[352.997s][info][gc,metaspace   ] GC(778) Metaspace: 18811K(18944K)->18811K(18944K) NonClass: 16982K(17088K)->16982K(17088K) Class: 1828K(1856K)->1828K(1856K)
[352.997s][info][gc             ] GC(778) Pause Young (Mixed) (G1 Evacuation Pause) 919M->640M(978M) 51.581ms
[352.997s][info][gc,cpu         ] GC(778) User=0.10s Sys=0.00s Real=0.05s
[353.229s][info][gc,start       ] GC(779) Pause Young (Concurrent Start) (G1 Evacuation Pause)
[353.229s][info][gc,task        ] GC(779) Using 2 workers of 2 for evacuation
[353.296s][info][gc,phases      ] GC(779)   Pre Evacuate Collection Set: 0.36ms
[353.296s][info][gc,phases      ] GC(779)   Merge Heap Roots: 0.30ms
[353.296s][info][gc,phases      ] GC(779)   Evacuate Collection Set: 65.88ms
[353.296s][info][gc,phases      ] GC(779)   Post Evacuate Collection Set: 0.58ms
[353.296s][info][gc,phases      ] GC(779)   Other: 0.21ms
[353.296s][info][gc,heap        ] GC(779) Eden regions: 264->0(225)
[353.296s][info][gc,heap        ] GC(779) Survivor regions: 23->36(36)
[353.296s][info][gc,heap        ] GC(779) Old regions: 608->621
[353.296s][info][gc,heap        ] GC(779) Humongous regions: 10->10
[353.296s][info][gc,metaspace   ] GC(779) Metaspace: 18811K(18944K)->18811K(18944K) NonClass: 16982K(17088K)->16982K(17088K) Class: 1828K(1856K)->1828K(1856K)
[353.296s][info][gc             ] GC(779) Pause Young (Concurrent Start) (G1 Evacuation Pause) 904M->666M(978M) 67.594ms
[353.296s][info][gc             ] GC(780) Concurrent Mark Cycle
[353.296s][info][gc,marking     ] GC(780) Concurrent Scan Root Regions
[353.296s][info][gc,cpu         ] GC(779) User=0.13s Sys=0.00s Real=0.07s
[353.403s][info][gc,marking     ] GC(780) Concurrent Scan Root Regions 107.227ms
[353.404s][info][gc,marking     ] GC(780) Concurrent Mark
[353.404s][info][gc,marking     ] GC(780) Concurrent Mark From Roots
[353.404s][info][gc,task        ] GC(780) Using 1 workers of 1 for marking
[353.575s][info][gc,start       ] GC(781) Pause Young (Normal) (G1 Evacuation Pause)
[353.575s][info][gc,task        ] GC(781) Using 2 workers of 2 for evacuation
[353.643s][info][gc,phases      ] GC(781)   Pre Evacuate Collection Set: 0.31ms
[353.643s][info][gc,phases      ] GC(781)   Merge Heap Roots: 0.31ms
[353.643s][info][gc,phases      ] GC(781)   Evacuate Collection Set: 66.76ms
[353.643s][info][gc,phases      ] GC(781)   Post Evacuate Collection Set: 0.51ms
[353.643s][info][gc,phases      ] GC(781)   Other: 0.08ms
[353.643s][info][gc,heap        ] GC(781) Eden regions: 225->0(222)
[353.643s][info][gc,heap        ] GC(781) Survivor regions: 36->19(33)
[353.643s][info][gc,heap        ] GC(781) Old regions: 621->658
[353.643s][info][gc,heap        ] GC(781) Humongous regions: 10->10
[353.643s][info][gc,metaspace   ] GC(781) Metaspace: 18811K(18944K)->18811K(18944K) NonClass: 16982K(17088K)->16982K(17088K) Class: 1828K(1856K)->1828K(1856K)
[353.643s][info][gc             ] GC(781) Pause Young (Normal) (G1 Evacuation Pause) 891M->686M(978M) 68.217ms
[353.643s][info][gc,cpu         ] GC(781) User=0.14s Sys=0.01s Real=0.07s
[353.959s][info][gc,start       ] GC(782) Pause Young (Normal) (G1 Evacuation Pause)
[353.959s][info][gc,task        ] GC(782) Using 2 workers of 2 for evacuation
[354.019s][info][gc,phases      ] GC(782)   Pre Evacuate Collection Set: 0.56ms
[354.020s][info][gc,phases      ] GC(782)   Merge Heap Roots: 0.31ms
[354.020s][info][gc,phases      ] GC(782)   Evacuate Collection Set: 58.84ms
[354.020s][info][gc,phases      ] GC(782)   Post Evacuate Collection Set: 0.51ms
[354.020s][info][gc,phases      ] GC(782)   Other: 0.09ms
[354.020s][info][gc,heap        ] GC(782) Eden regions: 222->0(187)
[354.020s][info][gc,heap        ] GC(782) Survivor regions: 19->27(31)
[354.020s][info][gc,heap        ] GC(782) Old regions: 658->677
[354.020s][info][gc,heap        ] GC(782) Humongous regions: 10->10
[354.020s][info][gc,metaspace   ] GC(782) Metaspace: 18811K(18944K)->18811K(18944K) NonClass: 16982K(17088K)->16982K(17088K) Class: 1828K(1856K)->1828K(1856K)
[354.020s][info][gc             ] GC(782) Pause Young (Normal) (G1 Evacuation Pause) 908M->712M(978M) 60.617ms
[354.020s][info][gc,cpu         ] GC(782) User=0.12s Sys=0.00s Real=0.06s
[354.432s][info][gc,start       ] GC(783) Pause Young (Normal) (G1 Evacuation Pause)
[354.432s][info][gc,task        ] GC(783) Using 2 workers of 2 for evacuation
[354.504s][info][gc,phases      ] GC(783)   Pre Evacuate Collection Set: 0.32ms
[354.504s][info][gc,phases      ] GC(783)   Merge Heap Roots: 0.28ms
[354.504s][info][gc,phases      ] GC(783)   Evacuate Collection Set: 70.40ms
[354.504s][info][gc,phases      ] GC(783)   Post Evacuate Collection Set: 0.46ms
[354.504s][info][gc,phases      ] GC(783)   Other: 0.10ms
[354.504s][info][gc,heap        ] GC(783) Eden regions: 187->0(157)
[354.504s][info][gc,heap        ] GC(783) Survivor regions: 27->27(27)
[354.504s][info][gc,heap        ] GC(783) Old regions: 677->707
[354.504s][info][gc,heap        ] GC(783) Humongous regions: 10->10
[354.504s][info][gc,metaspace   ] GC(783) Metaspace: 18811K(18944K)->18811K(18944K) NonClass: 16982K(17088K)->16982K(17088K) Class: 1828K(1856K)->1828K(1856K)
[354.504s][info][gc             ] GC(783) Pause Young (Normal) (G1 Evacuation Pause) 899M->743M(978M) 71.837ms
[354.504s][info][gc,cpu         ] GC(783) User=0.14s Sys=0.00s Real=0.08s
[354.703s][info][gc,start       ] GC(784) Pause Young (Normal) (G1 Evacuation Pause)
[354.703s][info][gc,task        ] GC(784) Using 2 workers of 2 for evacuation
[354.743s][info][gc,phases      ] GC(784)   Pre Evacuate Collection Set: 0.34ms
[354.743s][info][gc,phases      ] GC(784)   Merge Heap Roots: 0.18ms
[354.743s][info][gc,phases      ] GC(784)   Evacuate Collection Set: 38.84ms
[354.743s][info][gc,phases      ] GC(784)   Post Evacuate Collection Set: 0.43ms
[354.743s][info][gc,phases      ] GC(784)   Other: 0.10ms
[354.743s][info][gc,heap        ] GC(784) Eden regions: 157->0(171)
[354.743s][info][gc,heap        ] GC(784) Survivor regions: 27->5(23)
[354.743s][info][gc,heap        ] GC(784) Old regions: 707->735
[354.743s][info][gc,heap        ] GC(784) Humongous regions: 10->10
[354.743s][info][gc,metaspace   ] GC(784) Metaspace: 18811K(18944K)->18811K(18944K) NonClass: 16982K(17088K)->16982K(17088K) Class: 1828K(1856K)->1828K(1856K)
[354.743s][info][gc             ] GC(784) Pause Young (Normal) (G1 Evacuation Pause) 900M->748M(978M) 40.150ms
[354.743s][info][gc,cpu         ] GC(784) User=0.08s Sys=0.00s Real=0.04s
[355.017s][info][gc,start       ] GC(785) Pause Young (Normal) (G1 Evacuation Pause)
[355.017s][info][gc,task        ] GC(785) Using 2 workers of 2 for evacuation
[355.035s][info][gc,phases      ] GC(785)   Pre Evacuate Collection Set: 0.31ms
[355.035s][info][gc,phases      ] GC(785)   Merge Heap Roots: 0.29ms
[355.035s][info][gc,phases      ] GC(785)   Evacuate Collection Set: 16.81ms
[355.035s][info][gc,phases      ] GC(785)   Post Evacuate Collection Set: 0.41ms
[355.035s][info][gc,phases      ] GC(785)   Other: 0.11ms
[355.035s][info][gc,heap        ] GC(785) Eden regions: 171->0(171)
[355.035s][info][gc,heap        ] GC(785) Survivor regions: 5->6(22)
[355.035s][info][gc,heap        ] GC(785) Old regions: 735->735
[355.035s][info][gc,heap        ] GC(785) Humongous regions: 10->10
[355.035s][info][gc,metaspace   ] GC(785) Metaspace: 18811K(18944K)->18811K(18944K) NonClass: 16982K(17088K)->16982K(17088K) Class: 1828K(1856K)->1828K(1856K)
[355.035s][info][gc             ] GC(785) Pause Young (Normal) (G1 Evacuation Pause) 919M->749M(978M) 18.179ms
[355.036s][info][gc,cpu         ] GC(785) User=0.03s Sys=0.00s Real=0.02s
[355.132s][info][gc,marking     ] GC(780) Concurrent Mark From Roots 1728.424ms
[355.132s][info][gc,marking     ] GC(780) Concurrent Preclean
[355.132s][info][gc,marking     ] GC(780) Concurrent Preclean 0.049ms
[355.132s][info][gc,start       ] GC(780) Pause Remark
[355.141s][info][gc             ] GC(780) Pause Remark 814M->737M(978M) 8.371ms
[355.141s][info][gc,cpu         ] GC(780) User=0.02s Sys=0.00s Real=0.01s
[355.141s][info][gc,marking     ] GC(780) Concurrent Mark 1737.888ms
[355.141s][info][gc,marking     ] GC(780) Concurrent Rebuild Remembered Sets and Scrub Regions
[355.352s][info][gc,start       ] GC(786) Pause Young (Normal) (G1 Evacuation Pause)
[355.352s][info][gc,task        ] GC(786) Using 2 workers of 2 for evacuation
[355.375s][info][gc,phases      ] GC(786)   Pre Evacuate Collection Set: 0.51ms
[355.375s][info][gc,phases      ] GC(786)   Merge Heap Roots: 0.31ms
[355.375s][info][gc,phases      ] GC(786)   Evacuate Collection Set: 21.00ms
[355.375s][info][gc,phases      ] GC(786)   Post Evacuate Collection Set: 0.45ms
[355.375s][info][gc,phases      ] GC(786)   Other: 0.12ms
[355.375s][info][gc,heap        ] GC(786) Eden regions: 171->0(240)
[355.375s][info][gc,heap        ] GC(786) Survivor regions: 6->10(23)
[355.375s][info][gc,heap        ] GC(786) Old regions: 661->661
[355.375s][info][gc,heap        ] GC(786) Humongous regions: 7->7
[355.375s][info][gc,metaspace   ] GC(786) Metaspace: 18811K(18944K)->18811K(18944K) NonClass: 16982K(17088K)->16982K(17088K) Class: 1828K(1856K)->1828K(1856K)
[355.375s][info][gc             ] GC(786) Pause Young (Normal) (G1 Evacuation Pause) 843M->676M(978M) 22.639ms
[355.375s][info][gc,cpu         ] GC(786) User=0.04s Sys=0.00s Real=0.03s
[355.809s][info][gc,start       ] GC(787) Pause Young (Normal) (G1 Evacuation Pause)
[355.809s][info][gc,task        ] GC(787) Using 2 workers of 2 for evacuation
[355.831s][info][gc,phases      ] GC(787)   Pre Evacuate Collection Set: 0.31ms
[355.831s][info][gc,phases      ] GC(787)   Merge Heap Roots: 0.24ms
[355.831s][info][gc,phases      ] GC(787)   Evacuate Collection Set: 21.13ms
[355.831s][info][gc,phases      ] GC(787)   Post Evacuate Collection Set: 0.51ms
[355.831s][info][gc,phases      ] GC(787)   Other: 0.11ms
[355.831s][info][gc,heap        ] GC(787) Eden regions: 240->0(230)
[355.831s][info][gc,heap        ] GC(787) Survivor regions: 10->15(32)
[355.831s][info][gc,heap        ] GC(787) Old regions: 661->661
[355.831s][info][gc,heap        ] GC(787) Humongous regions: 7->7
[355.831s][info][gc,metaspace   ] GC(787) Metaspace: 18814K(18944K)->18814K(18944K) NonClass: 16985K(17088K)->16985K(17088K) Class: 1828K(1856K)->1828K(1856K)
[355.831s][info][gc             ] GC(787) Pause Young (Normal) (G1 Evacuation Pause) 916M->682M(978M) 22.567ms
[355.831s][info][gc,cpu         ] GC(787) User=0.04s Sys=0.00s Real=0.02s
[355.898s][info][gc,marking     ] GC(780) Concurrent Rebuild Remembered Sets and Scrub Regions 756.151ms
[355.898s][info][gc,start       ] GC(780) Pause Cleanup
[355.898s][info][gc             ] GC(780) Pause Cleanup 730M->730M(978M) 0.157ms
[355.898s][info][gc,cpu         ] GC(780) User=0.00s Sys=0.00s Real=0.00s
[355.898s][info][gc,marking     ] GC(780) Concurrent Clear Claimed Marks
[355.898s][info][gc,marking     ] GC(780) Concurrent Clear Claimed Marks 0.030ms
[355.898s][info][gc,marking     ] GC(780) Concurrent Cleanup for Next Mark
[355.901s][info][gc,marking     ] GC(780) Concurrent Cleanup for Next Mark 2.918ms
[355.901s][info][gc             ] GC(780) Concurrent Mark Cycle 2604.809ms
[356.102s][info][gc,start       ] GC(788) Pause Young (Prepare Mixed) (G1 Evacuation Pause)
[356.102s][info][gc,task        ] GC(788) Using 2 workers of 2 for evacuation
[356.210s][info][gc,phases      ] GC(788)   Pre Evacuate Collection Set: 0.31ms
[356.210s][info][gc,phases      ] GC(788)   Merge Heap Roots: 0.28ms
[356.210s][info][gc,phases      ] GC(788)   Evacuate Collection Set: 99.20ms
[356.210s][info][gc,phases      ] GC(788)   Post Evacuate Collection Set: 7.61ms
[356.210s][info][gc,phases      ] GC(788)   Other: 0.12ms
[356.210s][info][gc,heap        ] GC(788) Eden regions: 230->0(94)
[356.210s][info][gc,heap        ] GC(788) Survivor regions: 15->31(31)
[356.210s][info][gc,heap        ] GC(788) Old regions: 661->765
[356.210s][info][gc,heap        ] GC(788) Humongous regions: 7->7
[356.210s][info][gc,metaspace   ] GC(788) Metaspace: 18815K(18944K)->18815K(18944K) NonClass: 16986K(17088K)->16986K(17088K) Class: 1828K(1856K)->1828K(1856K)
[356.210s][info][gc             ] GC(788) Pause Young (Prepare Mixed) (G1 Evacuation Pause) (Evacuation Failure: Allocation) 912M->802M(978M) 107.815ms
[356.210s][info][gc,cpu         ] GC(788) User=0.21s Sys=0.00s Real=0.11s
[356.419s][info][gc,start       ] GC(789) Pause Young (Mixed) (G1 Evacuation Pause)
[356.419s][info][gc,task        ] GC(789) Using 2 workers of 2 for evacuation
[356.588s][info][gc,phases      ] GC(789)   Pre Evacuate Collection Set: 0.61ms
[356.588s][info][gc,phases      ] GC(789)   Merge Heap Roots: 1.69ms
[356.588s][info][gc,phases      ] GC(789)   Evacuate Collection Set: 130.21ms
[356.588s][info][gc,phases      ] GC(789)   Merge Optional Heap Roots: 0.18ms
[356.588s][info][gc,phases      ] GC(789)   Evacuate Optional Collection Set: 28.08ms
[356.588s][info][gc,phases      ] GC(789)   Post Evacuate Collection Set: 7.63ms
[356.588s][info][gc,phases      ] GC(789)   Other: 0.15ms
[356.588s][info][gc,heap        ] GC(789) Eden regions: 94->0(142)
[356.588s][info][gc,heap        ] GC(789) Survivor regions: 31->16(16)
[356.588s][info][gc,heap        ] GC(789) Old regions: 765->747
[356.588s][info][gc,heap        ] GC(789) Humongous regions: 7->7
[356.588s][info][gc,metaspace   ] GC(789) Metaspace: 18815K(18944K)->18815K(18944K) NonClass: 16986K(17088K)->16986K(17088K) Class: 1828K(1856K)->1828K(1856K)
[356.588s][info][gc             ] GC(789) Pause Young (Mixed) (G1 Evacuation Pause) (Evacuation Failure: Allocation) 896M->769M(978M) 168.843ms
[356.588s][info][gc,cpu         ] GC(789) User=0.33s Sys=0.00s Real=0.17s
[356.690s][info][gc,start       ] GC(790) Pause Young (Mixed) (G1 Evacuation Pause)
[356.690s][info][gc,task        ] GC(790) Using 2 workers of 2 for evacuation
[356.745s][info][gc,phases      ] GC(790)   Pre Evacuate Collection Set: 0.37ms
[356.745s][info][gc,phases      ] GC(790)   Merge Heap Roots: 0.53ms
[356.745s][info][gc,phases      ] GC(790)   Evacuate Collection Set: 53.62ms
[356.745s][info][gc,phases      ] GC(790)   Post Evacuate Collection Set: 0.48ms
[356.745s][info][gc,phases      ] GC(790)   Other: 0.11ms
[356.745s][info][gc,heap        ] GC(790) Eden regions: 142->0(188)
[356.745s][info][gc,heap        ] GC(790) Survivor regions: 16->9(20)
[356.745s][info][gc,heap        ] GC(790) Old regions: 747->715
[356.745s][info][gc,heap        ] GC(790) Humongous regions: 7->7
[356.745s][info][gc,metaspace   ] GC(790) Metaspace: 18815K(18944K)->18815K(18944K) NonClass: 16986K(17088K)->16986K(17088K) Class: 1828K(1856K)->1828K(1856K)
[356.745s][info][gc             ] GC(790) Pause Young (Mixed) (G1 Evacuation Pause) 911M->730M(978M) 55.347ms
[356.745s][info][gc,cpu         ] GC(790) User=0.11s Sys=0.00s Real=0.06s
[357.012s][info][gc,start       ] GC(791) Pause Young (Concurrent Start) (G1 Evacuation Pause)
[357.012s][info][gc,task        ] GC(791) Using 2 workers of 2 for evacuation
[357.026s][info][gc,phases      ] GC(791)   Pre Evacuate Collection Set: 0.39ms
[357.027s][info][gc,phases      ] GC(791)   Merge Heap Roots: 0.18ms
[357.027s][info][gc,phases      ] GC(791)   Evacuate Collection Set: 13.15ms
[357.027s][info][gc,phases      ] GC(791)   Post Evacuate Collection Set: 0.46ms
[357.027s][info][gc,phases      ] GC(791)   Other: 0.26ms
[357.027s][info][gc,heap        ] GC(791) Eden regions: 188->0(188)
[357.027s][info][gc,heap        ] GC(791) Survivor regions: 9->9(25)
[357.027s][info][gc,heap        ] GC(791) Old regions: 715->715
[357.027s][info][gc,heap        ] GC(791) Humongous regions: 7->7
[357.027s][info][gc,metaspace   ] GC(791) Metaspace: 18815K(18944K)->18815K(18944K) NonClass: 16986K(17088K)->16986K(17088K) Class: 1828K(1856K)->1828K(1856K)
[357.027s][info][gc             ] GC(791) Pause Young (Concurrent Start) (G1 Evacuation Pause) 918M->730M(978M) 14.737ms
[357.027s][info][gc,cpu         ] GC(791) User=0.03s Sys=0.00s Real=0.02s
[357.027s][info][gc             ] GC(792) Concurrent Mark Cycle
[357.027s][info][gc,marking     ] GC(792) Concurrent Scan Root Regions
[357.049s][info][gc,marking     ] GC(792) Concurrent Scan Root Regions 22.257ms
[357.049s][info][gc,marking     ] GC(792) Concurrent Mark
[357.049s][info][gc,marking     ] GC(792) Concurrent Mark From Roots
[357.049s][info][gc,task        ] GC(792) Using 1 workers of 1 for marking
[357.604s][info][gc,start       ] GC(793) Pause Young (Normal) (G1 Evacuation Pause)
[357.604s][info][gc,task        ] GC(793) Using 2 workers of 2 for evacuation
[357.618s][info][gc,phases      ] GC(793)   Pre Evacuate Collection Set: 0.30ms
[357.618s][info][gc,phases      ] GC(793)   Merge Heap Roots: 0.20ms
[357.618s][info][gc,phases      ] GC(793)   Evacuate Collection Set: 13.40ms
[357.618s][info][gc,phases      ] GC(793)   Post Evacuate Collection Set: 0.46ms
[357.618s][info][gc,phases      ] GC(793)   Other: 0.10ms
[357.618s][info][gc,heap        ] GC(793) Eden regions: 188->0(186)
[357.618s][info][gc,heap        ] GC(793) Survivor regions: 9->10(25)
[357.618s][info][gc,heap        ] GC(793) Old regions: 715->715
[357.618s][info][gc,heap        ] GC(793) Humongous regions: 7->7
[357.618s][info][gc,metaspace   ] GC(793) Metaspace: 18815K(18944K)->18815K(18944K) NonClass: 16986K(17088K)->16986K(17088K) Class: 1828K(1856K)->1828K(1856K)
[357.618s][info][gc             ] GC(793) Pause Young (Normal) (G1 Evacuation Pause) 918M->731M(978M) 14.727ms
[357.618s][info][gc,cpu         ] GC(793) User=0.03s Sys=0.00s Real=0.01s
[357.908s][info][gc,start       ] GC(794) Pause Young (Normal) (G1 Evacuation Pause)
[357.908s][info][gc,task        ] GC(794) Using 2 workers of 2 for evacuation
[357.927s][info][gc,phases      ] GC(794)   Pre Evacuate Collection Set: 0.29ms
[357.927s][info][gc,phases      ] GC(794)   Merge Heap Roots: 0.21ms
[357.927s][info][gc,phases      ] GC(794)   Evacuate Collection Set: 17.41ms
[357.927s][info][gc,phases      ] GC(794)   Post Evacuate Collection Set: 0.48ms
[357.927s][info][gc,phases      ] GC(794)   Other: 0.14ms
[357.927s][info][gc,heap        ] GC(794) Eden regions: 186->0(182)
[357.927s][info][gc,heap        ] GC(794) Survivor regions: 10->12(25)
[357.927s][info][gc,heap        ] GC(794) Old regions: 715->715
[357.927s][info][gc,heap        ] GC(794) Humongous regions: 7->7
[357.927s][info][gc,metaspace   ] GC(794) Metaspace: 18815K(18944K)->18815K(18944K) NonClass: 16986K(17088K)->16986K(17088K) Class: 1828K(1856K)->1828K(1856K)
[357.927s][info][gc             ] GC(794) Pause Young (Normal) (G1 Evacuation Pause) 917M->733M(978M) 18.809ms
[357.927s][info][gc,cpu         ] GC(794) User=0.03s Sys=0.00s Real=0.02s
[358.563s][info][gc,start       ] GC(795) Pause Young (Normal) (G1 Evacuation Pause)
[358.563s][info][gc,task        ] GC(795) Using 2 workers of 2 for evacuation
[358.616s][info][gc,phases      ] GC(795)   Pre Evacuate Collection Set: 0.56ms
[358.616s][info][gc,phases      ] GC(795)   Merge Heap Roots: 0.44ms
[358.616s][info][gc,phases      ] GC(795)   Evacuate Collection Set: 51.11ms
[358.616s][info][gc,phases      ] GC(795)   Post Evacuate Collection Set: 0.61ms
[358.616s][info][gc,phases      ] GC(795)   Other: 0.11ms
[358.616s][info][gc,heap        ] GC(795) Eden regions: 182->0(150)
[358.616s][info][gc,heap        ] GC(795) Survivor regions: 12->25(25)
[358.616s][info][gc,heap        ] GC(795) Old regions: 715->718
[358.616s][info][gc,heap        ] GC(795) Humongous regions: 10->10
[358.616s][info][gc,metaspace   ] GC(795) Metaspace: 18821K(18944K)->18821K(18944K) NonClass: 16993K(17088K)->16993K(17088K) Class: 1828K(1856K)->1828K(1856K)
[358.616s][info][gc             ] GC(795) Pause Young (Normal) (G1 Evacuation Pause) 918M->752M(978M) 53.107ms
[358.616s][info][gc,cpu         ] GC(795) User=0.11s Sys=0.00s Real=0.05s
[359.060s][info][gc,start       ] GC(796) Pause Young (Normal) (G1 Evacuation Pause)
[359.061s][info][gc,task        ] GC(796) Using 2 workers of 2 for evacuation
[359.129s][info][gc,phases      ] GC(796)   Pre Evacuate Collection Set: 0.33ms
[359.129s][info][gc,phases      ] GC(796)   Merge Heap Roots: 0.65ms
[359.129s][info][gc,phases      ] GC(796)   Evacuate Collection Set: 67.19ms
[359.129s][info][gc,phases      ] GC(796)   Post Evacuate Collection Set: 0.47ms
[359.129s][info][gc,phases      ] GC(796)   Other: 0.10ms
[359.129s][info][gc,heap        ] GC(796) Eden regions: 150->0(135)
[359.129s][info][gc,heap        ] GC(796) Survivor regions: 25->20(22)
[359.129s][info][gc,heap        ] GC(796) Old regions: 718->743
[359.129s][info][gc,heap        ] GC(796) Humongous regions: 10->10
[359.129s][info][gc,metaspace   ] GC(796) Metaspace: 18821K(18944K)->18821K(18944K) NonClass: 16993K(17088K)->16993K(17088K) Class: 1828K(1856K)->1828K(1856K)
[359.129s][info][gc             ] GC(796) Pause Young (Normal) (G1 Evacuation Pause) 902M->772M(978M) 68.986ms
[359.129s][info][gc,cpu         ] GC(796) User=0.14s Sys=0.00s Real=0.07s
[359.408s][info][gc,start       ] GC(797) Pause Young (Normal) (G1 Evacuation Pause)
[359.408s][info][gc,task        ] GC(797) Using 2 workers of 2 for evacuation
[359.450s][info][gc,phases      ] GC(797)   Pre Evacuate Collection Set: 0.29ms
[359.450s][info][gc,phases      ] GC(797)   Merge Heap Roots: 0.21ms
[359.450s][info][gc,phases      ] GC(797)   Evacuate Collection Set: 41.31ms
[359.450s][info][gc,phases      ] GC(797)   Post Evacuate Collection Set: 0.44ms
[359.450s][info][gc,phases      ] GC(797)   Other: 0.10ms
[359.450s][info][gc,heap        ] GC(797) Eden regions: 135->0(125)
[359.450s][info][gc,heap        ] GC(797) Survivor regions: 20->15(20)
[359.450s][info][gc,heap        ] GC(797) Old regions: 743->763
[359.450s][info][gc,heap        ] GC(797) Humongous regions: 10->10
[359.450s][info][gc,metaspace   ] GC(797) Metaspace: 18821K(18944K)->18821K(18944K) NonClass: 16993K(17088K)->16993K(17088K) Class: 1828K(1856K)->1828K(1856K)
[359.450s][info][gc             ] GC(797) Pause Young (Normal) (G1 Evacuation Pause) 907M->787M(978M) 42.589ms
[359.450s][info][gc,cpu         ] GC(797) User=0.08s Sys=0.01s Real=0.04s
[359.614s][info][gc,marking     ] GC(792) Concurrent Mark From Roots 2565.232ms
[359.614s][info][gc,marking     ] GC(792) Concurrent Preclean
[359.614s][info][gc,marking     ] GC(792) Concurrent Preclean 0.084ms
[359.615s][info][gc,start       ] GC(792) Pause Remark
[359.624s][info][gc             ] GC(792) Pause Remark 905M->905M(978M) 9.749ms
[359.624s][info][gc,cpu         ] GC(792) User=0.02s Sys=0.00s Real=0.01s
[359.627s][info][gc,marking     ] GC(792) Concurrent Mark 2577.511ms
[359.627s][info][gc,marking     ] GC(792) Concurrent Rebuild Remembered Sets and Scrub Regions
[359.639s][info][gc,start       ] GC(798) Pause Young (Normal) (G1 Evacuation Pause)
[359.639s][info][gc,task        ] GC(798) Using 2 workers of 2 for evacuation
[359.663s][info][gc,phases      ] GC(798)   Pre Evacuate Collection Set: 0.47ms
[359.663s][info][gc,phases      ] GC(798)   Merge Heap Roots: 0.27ms
[359.663s][info][gc,phases      ] GC(798)   Evacuate Collection Set: 23.30ms
[359.663s][info][gc,phases      ] GC(798)   Post Evacuate Collection Set: 0.38ms
[359.663s][info][gc,phases      ] GC(798)   Other: 0.10ms
[359.663s][info][gc,heap        ] GC(798) Eden regions: 125->0(130)
[359.663s][info][gc,heap        ] GC(798) Survivor regions: 15->5(18)
[359.663s][info][gc,heap        ] GC(798) Old regions: 763->778
[359.663s][info][gc,heap        ] GC(798) Humongous regions: 10->10
[359.663s][info][gc,metaspace   ] GC(798) Metaspace: 18821K(18944K)->18821K(18944K) NonClass: 16993K(17088K)->16993K(17088K) Class: 1828K(1856K)->1828K(1856K)
[359.664s][info][gc             ] GC(798) Pause Young (Normal) (G1 Evacuation Pause) 912M->791M(978M) 24.739ms
[359.664s][info][gc,cpu         ] GC(798) User=0.05s Sys=0.00s Real=0.03s
[359.886s][info][gc,start       ] GC(799) Pause Young (Normal) (G1 Evacuation Pause)
[359.886s][info][gc,task        ] GC(799) Using 2 workers of 2 for evacuation
[359.905s][info][gc,phases      ] GC(799)   Pre Evacuate Collection Set: 0.54ms
[359.905s][info][gc,phases      ] GC(799)   Merge Heap Roots: 0.30ms
[359.905s][info][gc,phases      ] GC(799)   Evacuate Collection Set: 17.14ms
[359.905s][info][gc,phases      ] GC(799)   Post Evacuate Collection Set: 0.38ms
[359.905s][info][gc,phases      ] GC(799)   Other: 0.10ms
[359.905s][info][gc,heap        ] GC(799) Eden regions: 130->0(126)
[359.905s][info][gc,heap        ] GC(799) Survivor regions: 5->7(17)
[359.905s][info][gc,heap        ] GC(799) Old regions: 778->778
[359.905s][info][gc,heap        ] GC(799) Humongous regions: 10->10
[359.905s][info][gc,metaspace   ] GC(799) Metaspace: 18821K(18944K)->18821K(18944K) NonClass: 16993K(17088K)->16993K(17088K) Class: 1828K(1856K)->1828K(1856K)
[359.905s][info][gc             ] GC(799) Pause Young (Normal) (G1 Evacuation Pause) 921M->793M(978M) 18.700ms
[359.905s][info][gc,cpu         ] GC(799) User=0.04s Sys=0.00s Real=0.02s
[360.152s][info][gc,start       ] GC(800) Pause Young (Normal) (G1 Evacuation Pause)
[360.152s][info][gc,task        ] GC(800) Using 2 workers of 2 for evacuation
[360.170s][info][gc,phases      ] GC(800)   Pre Evacuate Collection Set: 0.52ms
[360.170s][info][gc,phases      ] GC(800)   Merge Heap Roots: 0.25ms
[360.170s][info][gc,phases      ] GC(800)   Evacuate Collection Set: 16.60ms
[360.170s][info][gc,phases      ] GC(800)   Post Evacuate Collection Set: 0.40ms
[360.170s][info][gc,phases      ] GC(800)   Other: 0.08ms
[360.170s][info][gc,heap        ] GC(800) Eden regions: 126->0(120)
[360.170s][info][gc,heap        ] GC(800) Survivor regions: 7->10(17)
[360.170s][info][gc,heap        ] GC(800) Old regions: 778->778
[360.170s][info][gc,heap        ] GC(800) Humongous regions: 10->10
[360.170s][info][gc,metaspace   ] GC(800) Metaspace: 18822K(18944K)->18822K(18944K) NonClass: 16993K(17088K)->16993K(17088K) Class: 1828K(1856K)->1828K(1856K)
[360.170s][info][gc             ] GC(800) Pause Young (Normal) (G1 Evacuation Pause) 919M->796M(978M) 18.095ms
[360.170s][info][gc,cpu         ] GC(800) User=0.03s Sys=0.00s Real=0.02s
[360.338s][info][gc,start       ] GC(801) Pause Young (Normal) (G1 Evacuation Pause)
[360.338s][info][gc,task        ] GC(801) Using 2 workers of 2 for evacuation
[360.352s][info][gc,phases      ] GC(801)   Pre Evacuate Collection Set: 0.55ms
[360.352s][info][gc,phases      ] GC(801)   Merge Heap Roots: 0.14ms
[360.352s][info][gc,phases      ] GC(801)   Evacuate Collection Set: 12.84ms
[360.352s][info][gc,phases      ] GC(801)   Post Evacuate Collection Set: 0.37ms
[360.352s][info][gc,phases      ] GC(801)   Other: 0.10ms
[360.352s][info][gc,heap        ] GC(801) Eden regions: 120->0(124)
[360.352s][info][gc,heap        ] GC(801) Survivor regions: 10->6(17)
[360.352s][info][gc,heap        ] GC(801) Old regions: 778->782
[360.352s][info][gc,heap        ] GC(801) Humongous regions: 10->10
[360.352s][info][gc,metaspace   ] GC(801) Metaspace: 18822K(18944K)->18822K(18944K) NonClass: 16993K(17088K)->16993K(17088K) Class: 1828K(1856K)->1828K(1856K)
[360.352s][info][gc             ] GC(801) Pause Young (Normal) (G1 Evacuation Pause) 916M->797M(978M) 14.235ms
[360.352s][info][gc,cpu         ] GC(801) User=0.02s Sys=0.00s Real=0.01s
[360.510s][info][gc,start       ] GC(802) Pause Young (Normal) (G1 Evacuation Pause)
[360.510s][info][gc,task        ] GC(802) Using 2 workers of 2 for evacuation
[360.518s][info][gc,phases      ] GC(802)   Pre Evacuate Collection Set: 0.31ms
[360.518s][info][gc,phases      ] GC(802)   Merge Heap Roots: 0.13ms
[360.518s][info][gc,phases      ] GC(802)   Evacuate Collection Set: 7.57ms
[360.518s][info][gc,phases      ] GC(802)   Post Evacuate Collection Set: 0.36ms
[360.518s][info][gc,phases      ] GC(802)   Other: 0.08ms
[360.518s][info][gc,heap        ] GC(802) Eden regions: 124->0(124)
[360.518s][info][gc,heap        ] GC(802) Survivor regions: 6->6(17)
[360.518s][info][gc,heap        ] GC(802) Old regions: 782->782
[360.518s][info][gc,heap        ] GC(802) Humongous regions: 10->10
[360.518s][info][gc,metaspace   ] GC(802) Metaspace: 18822K(18944K)->18822K(18944K) NonClass: 16993K(17088K)->16993K(17088K) Class: 1828K(1856K)->1828K(1856K)
[360.518s][info][gc             ] GC(802) Pause Young (Normal) (G1 Evacuation Pause) 921M->797M(978M) 8.705ms
[360.518s][info][gc,cpu         ] GC(802) User=0.01s Sys=0.00s Real=0.01s
[360.614s][info][gc,marking     ] GC(792) Concurrent Rebuild Remembered Sets and Scrub Regions 987.429ms
[360.615s][info][gc,start       ] GC(792) Pause Cleanup
[360.615s][info][gc             ] GC(792) Pause Cleanup 838M->838M(978M) 0.142ms
[360.615s][info][gc,cpu         ] GC(792) User=0.00s Sys=0.00s Real=0.00s
[360.615s][info][gc,marking     ] GC(792) Concurrent Clear Claimed Marks
[360.615s][info][gc,marking     ] GC(792) Concurrent Clear Claimed Marks 0.031ms
[360.615s][info][gc,marking     ] GC(792) Concurrent Cleanup for Next Mark
[360.622s][info][gc,marking     ] GC(792) Concurrent Cleanup for Next Mark 6.986ms
[360.622s][info][gc             ] GC(792) Concurrent Mark Cycle 3595.555ms
[360.766s][info][gc,start       ] GC(803) Pause Young (Prepare Mixed) (G1 Evacuation Pause)
[360.766s][info][gc,task        ] GC(803) Using 2 workers of 2 for evacuation
[360.784s][info][gc,phases      ] GC(803)   Pre Evacuate Collection Set: 0.31ms
[360.784s][info][gc,phases      ] GC(803)   Merge Heap Roots: 0.13ms
[360.784s][info][gc,phases      ] GC(803)   Evacuate Collection Set: 17.59ms
[360.784s][info][gc,phases      ] GC(803)   Post Evacuate Collection Set: 0.41ms
[360.784s][info][gc,phases      ] GC(803)   Other: 0.08ms
[360.784s][info][gc,heap        ] GC(803) Eden regions: 124->0(110)
[360.784s][info][gc,heap        ] GC(803) Survivor regions: 6->13(17)
[360.784s][info][gc,heap        ] GC(803) Old regions: 782->782
[360.784s][info][gc,heap        ] GC(803) Humongous regions: 10->10
[360.784s][info][gc,metaspace   ] GC(803) Metaspace: 18822K(18944K)->18822K(18944K) NonClass: 16993K(17088K)->16993K(17088K) Class: 1828K(1856K)->1828K(1856K)
[360.784s][info][gc             ] GC(803) Pause Young (Prepare Mixed) (G1 Evacuation Pause) 921M->804M(978M) 18.793ms
[360.784s][info][gc,cpu         ] GC(803) User=0.04s Sys=0.00s Real=0.02s
[360.957s][info][gc,start       ] GC(804) Pause Young (Mixed) (G1 Evacuation Pause)
[360.958s][info][gc,task        ] GC(804) Using 2 workers of 2 for evacuation
[360.992s][info][gc,phases      ] GC(804)   Pre Evacuate Collection Set: 0.35ms
[360.992s][info][gc,phases      ] GC(804)   Merge Heap Roots: 0.35ms
[360.992s][info][gc,phases      ] GC(804)   Evacuate Collection Set: 32.98ms
[360.992s][info][gc,phases      ] GC(804)   Post Evacuate Collection Set: 0.40ms
[360.992s][info][gc,phases      ] GC(804)   Other: 0.10ms
[360.992s][info][gc,heap        ] GC(804) Eden regions: 110->0(121)
[360.992s][info][gc,heap        ] GC(804) Survivor regions: 13->9(16)
[360.992s][info][gc,heap        ] GC(804) Old regions: 782->779
[360.992s][info][gc,heap        ] GC(804) Humongous regions: 10->10
[360.992s][info][gc,metaspace   ] GC(804) Metaspace: 18822K(18944K)->18822K(18944K) NonClass: 16993K(17088K)->16993K(17088K) Class: 1828K(1856K)->1828K(1856K)
[360.992s][info][gc             ] GC(804) Pause Young (Mixed) (G1 Evacuation Pause) 914M->797M(978M) 34.409ms
[360.992s][info][gc,cpu         ] GC(804) User=0.06s Sys=0.00s Real=0.03s
[361.206s][info][gc,start       ] GC(805) Pause Young (Concurrent Start) (G1 Evacuation Pause)
[361.207s][info][gc,task        ] GC(805) Using 2 workers of 2 for evacuation
[361.244s][info][gc,phases      ] GC(805)   Pre Evacuate Collection Set: 0.32ms
[361.244s][info][gc,phases      ] GC(805)   Merge Heap Roots: 0.17ms
[361.244s][info][gc,phases      ] GC(805)   Evacuate Collection Set: 35.87ms
[361.244s][info][gc,phases      ] GC(805)   Post Evacuate Collection Set: 0.43ms
[361.244s][info][gc,phases      ] GC(805)   Other: 0.14ms
[361.244s][info][gc,heap        ] GC(805) Eden regions: 121->0(91)
[361.244s][info][gc,heap        ] GC(805) Survivor regions: 9->17(17)
[361.244s][info][gc,heap        ] GC(805) Old regions: 779->793
[361.244s][info][gc,heap        ] GC(805) Humongous regions: 10->10
[361.244s][info][gc,metaspace   ] GC(805) Metaspace: 18822K(18944K)->18822K(18944K) NonClass: 16993K(17088K)->16993K(17088K) Class: 1828K(1856K)->1828K(1856K)
[361.244s][info][gc             ] GC(805) Pause Young (Concurrent Start) (G1 Evacuation Pause) 918M->819M(978M) 37.224ms
[361.244s][info][gc             ] GC(806) Concurrent Mark Cycle
[361.244s][info][gc,marking     ] GC(806) Concurrent Scan Root Regions
[361.246s][info][gc,cpu         ] GC(805) User=0.07s Sys=0.00s Real=0.04s
[361.292s][info][gc,marking     ] GC(806) Concurrent Scan Root Regions 48.457ms
[361.292s][info][gc,marking     ] GC(806) Concurrent Mark
[361.292s][info][gc,marking     ] GC(806) Concurrent Mark From Roots
[361.292s][info][gc,task        ] GC(806) Using 1 workers of 1 for marking
[361.618s][info][gc,start       ] GC(807) Pause Young (Normal) (G1 Evacuation Pause)
[361.618s][info][gc,task        ] GC(807) Using 2 workers of 2 for evacuation
[361.640s][info][gc,phases      ] GC(807)   Pre Evacuate Collection Set: 0.55ms
[361.640s][info][gc,phases      ] GC(807)   Merge Heap Roots: 0.14ms
[361.640s][info][gc,phases      ] GC(807)   Evacuate Collection Set: 20.89ms
[361.640s][info][gc,phases      ] GC(807)   Post Evacuate Collection Set: 0.38ms
[361.640s][info][gc,phases      ] GC(807)   Other: 0.10ms
[361.640s][info][gc,heap        ] GC(807) Eden regions: 91->0(106)
[361.640s][info][gc,heap        ] GC(807) Survivor regions: 17->1(14)
[361.640s][info][gc,heap        ] GC(807) Old regions: 793->810
[361.640s][info][gc,heap        ] GC(807) Humongous regions: 10->10
[361.640s][info][gc,metaspace   ] GC(807) Metaspace: 18823K(18944K)->18823K(18944K) NonClass: 16994K(17088K)->16994K(17088K) Class: 1828K(1856K)->1828K(1856K)
[361.640s][info][gc             ] GC(807) Pause Young (Normal) (G1 Evacuation Pause) 910M->820M(978M) 22.294ms
[361.640s][info][gc,cpu         ] GC(807) User=0.05s Sys=0.00s Real=0.02s
[361.963s][info][gc,start       ] GC(808) Pause Young (Normal) (G1 Evacuation Pause)
[361.963s][info][gc,task        ] GC(808) Using 2 workers of 2 for evacuation
[361.965s][info][gc,phases      ] GC(808)   Pre Evacuate Collection Set: 0.56ms
[361.965s][info][gc,phases      ] GC(808)   Merge Heap Roots: 0.07ms
[361.965s][info][gc,phases      ] GC(808)   Evacuate Collection Set: 0.70ms
[361.965s][info][gc,phases      ] GC(808)   Post Evacuate Collection Set: 0.35ms
[361.965s][info][gc,phases      ] GC(808)   Other: 0.10ms
[361.965s][info][gc,heap        ] GC(808) Eden regions: 106->0(106)
[361.965s][info][gc,heap        ] GC(808) Survivor regions: 1->1(14)
[361.965s][info][gc,heap        ] GC(808) Old regions: 810->810
[361.965s][info][gc,heap        ] GC(808) Humongous regions: 10->10
[361.965s][info][gc,metaspace   ] GC(808) Metaspace: 18823K(18944K)->18823K(18944K) NonClass: 16994K(17088K)->16994K(17088K) Class: 1828K(1856K)->1828K(1856K)
[361.965s][info][gc             ] GC(808) Pause Young (Normal) (G1 Evacuation Pause) 926M->820M(978M) 2.011ms
[361.965s][info][gc,cpu         ] GC(808) User=0.01s Sys=0.00s Real=0.00s
[362.510s][info][gc,start       ] GC(809) Pause Young (Normal) (G1 Evacuation Pause)
[362.510s][info][gc,task        ] GC(809) Using 2 workers of 2 for evacuation
[362.512s][info][gc,phases      ] GC(809)   Pre Evacuate Collection Set: 0.53ms
[362.512s][info][gc,phases      ] GC(809)   Merge Heap Roots: 0.07ms
[362.512s][info][gc,phases      ] GC(809)   Evacuate Collection Set: 1.26ms
[362.512s][info][gc,phases      ] GC(809)   Post Evacuate Collection Set: 0.35ms
[362.512s][info][gc,phases      ] GC(809)   Other: 0.09ms
[362.512s][info][gc,heap        ] GC(809) Eden regions: 106->0(106)
[362.512s][info][gc,heap        ] GC(809) Survivor regions: 1->1(14)
[362.512s][info][gc,heap        ] GC(809) Old regions: 810->810
[362.512s][info][gc,heap        ] GC(809) Humongous regions: 10->10
[362.512s][info][gc,metaspace   ] GC(809) Metaspace: 18823K(18944K)->18823K(18944K) NonClass: 16994K(17088K)->16994K(17088K) Class: 1828K(1856K)->1828K(1856K)
[362.512s][info][gc             ] GC(809) Pause Young (Normal) (G1 Evacuation Pause) 926M->820M(978M) 2.545ms
[362.512s][info][gc,cpu         ] GC(809) User=0.01s Sys=0.00s Real=0.00s
[363.378s][info][gc,marking     ] GC(806) Concurrent Mark From Roots 2085.894ms
[363.378s][info][gc,marking     ] GC(806) Concurrent Preclean
[363.378s][info][gc,marking     ] GC(806) Concurrent Preclean 0.063ms
[363.378s][info][gc,start       ] GC(806) Pause Remark
[363.387s][info][gc             ] GC(806) Pause Remark 907M->770M(978M) 8.565ms
[363.387s][info][gc,cpu         ] GC(806) User=0.02s Sys=0.00s Real=0.01s
[363.387s][info][gc,marking     ] GC(806) Concurrent Mark 2094.887ms
[363.387s][info][gc,marking     ] GC(806) Concurrent Rebuild Remembered Sets and Scrub Regions
[363.985s][info][gc,start       ] GC(810) Pause Young (Normal) (G1 Evacuation Pause)
[363.985s][info][gc,task        ] GC(810) Using 2 workers of 2 for evacuation
[363.987s][info][gc,phases      ] GC(810)   Pre Evacuate Collection Set: 0.31ms
[363.987s][info][gc,phases      ] GC(810)   Merge Heap Roots: 0.08ms
[363.987s][info][gc,phases      ] GC(810)   Evacuate Collection Set: 1.41ms
[363.987s][info][gc,phases      ] GC(810)   Post Evacuate Collection Set: 0.33ms
[363.987s][info][gc,phases      ] GC(810)   Other: 0.11ms
[363.987s][info][gc,heap        ] GC(810) Eden regions: 106->0(243)
[363.987s][info][gc,heap        ] GC(810) Survivor regions: 1->1(14)
[363.987s][info][gc,heap        ] GC(810) Old regions: 676->676
[363.987s][info][gc,heap        ] GC(810) Humongous regions: 7->7
[363.987s][info][gc,metaspace   ] GC(810) Metaspace: 18823K(18944K)->18823K(18944K) NonClass: 16994K(17088K)->16994K(17088K) Class: 1828K(1856K)->1828K(1856K)
[363.987s][info][gc             ] GC(810) Pause Young (Normal) (G1 Evacuation Pause) 789M->683M(978M) 2.439ms
[363.987s][info][gc,cpu         ] GC(810) User=0.00s Sys=0.00s Real=0.00s
[364.090s][info][gc,marking     ] GC(806) Concurrent Rebuild Remembered Sets and Scrub Regions 702.872ms
[364.090s][info][gc,start       ] GC(806) Pause Cleanup
[364.090s][info][gc             ] GC(806) Pause Cleanup 700M->700M(978M) 0.131ms
[364.090s][info][gc,cpu         ] GC(806) User=0.00s Sys=0.00s Real=0.00s
[364.093s][info][gc,marking     ] GC(806) Concurrent Clear Claimed Marks
[364.093s][info][gc,marking     ] GC(806) Concurrent Clear Claimed Marks 0.056ms
[364.093s][info][gc,marking     ] GC(806) Concurrent Cleanup for Next Mark
[364.096s][info][gc,marking     ] GC(806) Concurrent Cleanup for Next Mark 3.023ms
[364.096s][info][gc             ] GC(806) Concurrent Mark Cycle 2852.009ms
[365.423s][info][gc,start       ] GC(811) Pause Young (Prepare Mixed) (G1 Evacuation Pause)
[365.423s][info][gc,task        ] GC(811) Using 2 workers of 2 for evacuation
[365.431s][info][gc,phases      ] GC(811)   Pre Evacuate Collection Set: 0.33ms
[365.431s][info][gc,phases      ] GC(811)   Merge Heap Roots: 0.16ms
[365.431s][info][gc,phases      ] GC(811)   Evacuate Collection Set: 6.72ms
[365.431s][info][gc,phases      ] GC(811)   Post Evacuate Collection Set: 0.61ms
[365.431s][info][gc,phases      ] GC(811)   Other: 0.12ms
[365.431s][info][gc,heap        ] GC(811) Eden regions: 243->0(239)
[365.431s][info][gc,heap        ] GC(811) Survivor regions: 1->3(31)
[365.431s][info][gc,heap        ] GC(811) Old regions: 676->676
[365.431s][info][gc,heap        ] GC(811) Humongous regions: 7->7
[365.431s][info][gc,metaspace   ] GC(811) Metaspace: 18824K(18944K)->18824K(18944K) NonClass: 16995K(17088K)->16995K(17088K) Class: 1828K(1856K)->1828K(1856K)
[365.432s][info][gc             ] GC(811) Pause Young (Prepare Mixed) (G1 Evacuation Pause) 926M->685M(978M) 8.164ms
[365.432s][info][gc,cpu         ] GC(811) User=0.01s Sys=0.00s Real=0.00s
[366.270s][info][gc,start       ] GC(812) Pause Young (Mixed) (G1 Evacuation Pause)
[366.270s][info][gc,task        ] GC(812) Using 2 workers of 2 for evacuation
[366.289s][info][gc,phases      ] GC(812)   Pre Evacuate Collection Set: 0.56ms
[366.289s][info][gc,phases      ] GC(812)   Merge Heap Roots: 0.55ms
[366.289s][info][gc,phases      ] GC(812)   Evacuate Collection Set: 17.18ms
[366.289s][info][gc,phases      ] GC(812)   Post Evacuate Collection Set: 0.70ms
[366.289s][info][gc,phases      ] GC(812)   Other: 0.11ms
[366.289s][info][gc,heap        ] GC(812) Eden regions: 239->0(272)
[366.289s][info][gc,heap        ] GC(812) Survivor regions: 3->3(31)
[366.289s][info][gc,heap        ] GC(812) Old regions: 676->643
[366.289s][info][gc,heap        ] GC(812) Humongous regions: 7->7
[366.289s][info][gc,metaspace   ] GC(812) Metaspace: 18841K(18944K)->18841K(18944K) NonClass: 17012K(17088K)->17012K(17088K) Class: 1828K(1856K)->1828K(1856K)
[366.290s][info][gc             ] GC(812) Pause Young (Mixed) (G1 Evacuation Pause) 924M->652M(978M) 19.314ms
[366.290s][info][gc,cpu         ] GC(812) User=0.04s Sys=0.00s Real=0.02s
[366.840s][info][gc,start       ] GC(813) Pause Young (Concurrent Start) (G1 Evacuation Pause)
[366.840s][info][gc,task        ] GC(813) Using 2 workers of 2 for evacuation
[366.907s][info][gc,phases      ] GC(813)   Pre Evacuate Collection Set: 0.45ms
[366.907s][info][gc,phases      ] GC(813)   Merge Heap Roots: 0.15ms
[366.907s][info][gc,phases      ] GC(813)   Evacuate Collection Set: 63.83ms
[366.907s][info][gc,phases      ] GC(813)   Post Evacuate Collection Set: 2.30ms
[366.907s][info][gc,phases      ] GC(813)   Other: 0.18ms
[366.907s][info][gc,heap        ] GC(813) Eden regions: 272->0(172)
[366.907s][info][gc,heap        ] GC(813) Survivor regions: 3->35(35)
[366.907s][info][gc,heap        ] GC(813) Old regions: 643->679
[366.907s][info][gc,heap        ] GC(813) Humongous regions: 7->7
[366.907s][info][gc,metaspace   ] GC(813) Metaspace: 18852K(18944K)->18852K(18944K) NonClass: 17023K(17088K)->17023K(17088K) Class: 1829K(1856K)->1829K(1856K)
[366.907s][info][gc             ] GC(813) Pause Young (Concurrent Start) (G1 Evacuation Pause) (Evacuation Failure: Allocation) 924M->720M(978M) 67.147ms
[366.907s][info][gc             ] GC(814) Concurrent Mark Cycle
[366.907s][info][gc,marking     ] GC(814) Concurrent Scan Root Regions
[366.907s][info][gc,cpu         ] GC(813) User=0.13s Sys=0.00s Real=0.07s
[366.992s][info][gc,marking     ] GC(814) Concurrent Scan Root Regions 84.537ms
[366.992s][info][gc,marking     ] GC(814) Concurrent Mark
[366.992s][info][gc,marking     ] GC(814) Concurrent Mark From Roots
[366.992s][info][gc,task        ] GC(814) Using 1 workers of 1 for marking
[367.151s][info][gc,start       ] GC(815) Pause Young (Normal) (G1 Evacuation Pause)
[367.151s][info][gc,task        ] GC(815) Using 2 workers of 2 for evacuation
[367.260s][info][gc,phases      ] GC(815)   Pre Evacuate Collection Set: 0.56ms
[367.261s][info][gc,phases      ] GC(815)   Merge Heap Roots: 0.32ms
[367.261s][info][gc,phases      ] GC(815)   Evacuate Collection Set: 104.15ms
[367.261s][info][gc,phases      ] GC(815)   Post Evacuate Collection Set: 4.17ms
[367.261s][info][gc,phases      ] GC(815)   Other: 0.08ms
[367.261s][info][gc,heap        ] GC(815) Eden regions: 172->0(109)
[367.261s][info][gc,heap        ] GC(815) Survivor regions: 35->26(26)
[367.261s][info][gc,heap        ] GC(815) Old regions: 679->760
[367.261s][info][gc,heap        ] GC(815) Humongous regions: 7->7
[367.261s][info][gc,metaspace   ] GC(815) Metaspace: 18852K(18944K)->18852K(18944K) NonClass: 17023K(17088K)->17023K(17088K) Class: 1829K(1856K)->1829K(1856K)
[367.261s][info][gc             ] GC(815) Pause Young (Normal) (G1 Evacuation Pause) (Evacuation Failure: Allocation) 892M->792M(978M) 109.536ms
[367.261s][info][gc,cpu         ] GC(815) User=0.21s Sys=0.00s Real=0.11s
[367.536s][info][gc,start       ] GC(816) Pause Young (Normal) (G1 Evacuation Pause)
[367.536s][info][gc,task        ] GC(816) Using 2 workers of 2 for evacuation
[367.621s][info][gc,phases      ] GC(816)   Pre Evacuate Collection Set: 0.37ms
[367.621s][info][gc,phases      ] GC(816)   Merge Heap Roots: 0.41ms
[367.621s][info][gc,phases      ] GC(816)   Evacuate Collection Set: 82.66ms
[367.621s][info][gc,phases      ] GC(816)   Post Evacuate Collection Set: 0.64ms
[367.621s][info][gc,phases      ] GC(816)   Other: 0.11ms
[367.621s][info][gc,heap        ] GC(816) Eden regions: 109->0(104)
[367.621s][info][gc,heap        ] GC(816) Survivor regions: 26->17(17)
[367.621s][info][gc,heap        ] GC(816) Old regions: 760->778
[367.621s][info][gc,heap        ] GC(816) Humongous regions: 7->7
[367.621s][info][gc,metaspace   ] GC(816) Metaspace: 18852K(18944K)->18852K(18944K) NonClass: 17023K(17088K)->17023K(17088K) Class: 1829K(1856K)->1829K(1856K)
[367.621s][info][gc             ] GC(816) Pause Young (Normal) (G1 Evacuation Pause) 901M->801M(978M) 84.457ms
[367.621s][info][gc,cpu         ] GC(816) User=0.16s Sys=0.00s Real=0.08s
[367.994s][info][gc,start       ] GC(817) Pause Young (Normal) (G1 Evacuation Pause)
[367.994s][info][gc,task        ] GC(817) Using 2 workers of 2 for evacuation
[368.083s][info][gc,phases      ] GC(817)   Pre Evacuate Collection Set: 0.33ms
[368.083s][info][gc,phases      ] GC(817)   Merge Heap Roots: 0.73ms
[368.083s][info][gc,phases      ] GC(817)   Evacuate Collection Set: 86.87ms
[368.083s][info][gc,phases      ] GC(817)   Post Evacuate Collection Set: 0.60ms
[368.083s][info][gc,phases      ] GC(817)   Other: 0.09ms
[368.083s][info][gc,heap        ] GC(817) Eden regions: 104->0(77)
[368.083s][info][gc,heap        ] GC(817) Survivor regions: 17->16(16)
[368.083s][info][gc,heap        ] GC(817) Old regions: 778->811
[368.083s][info][gc,heap        ] GC(817) Humongous regions: 8->8
[368.083s][info][gc,metaspace   ] GC(817) Metaspace: 18852K(18944K)->18852K(18944K) NonClass: 17023K(17088K)->17023K(17088K) Class: 1829K(1856K)->1829K(1856K)
[368.083s][info][gc             ] GC(817) Pause Young (Normal) (G1 Evacuation Pause) 906M->834M(978M) 88.882ms
[368.083s][info][gc,cpu         ] GC(817) User=0.18s Sys=0.00s Real=0.09s
[368.249s][info][gc,start       ] GC(818) Pause Young (Normal) (G1 Evacuation Pause)
[368.249s][info][gc,task        ] GC(818) Using 2 workers of 2 for evacuation
[368.294s][info][gc,phases      ] GC(818)   Pre Evacuate Collection Set: 0.53ms
[368.294s][info][gc,phases      ] GC(818)   Merge Heap Roots: 0.51ms
[368.294s][info][gc,phases      ] GC(818)   Evacuate Collection Set: 44.09ms
[368.294s][info][gc,phases      ] GC(818)   Post Evacuate Collection Set: 0.40ms
[368.294s][info][gc,phases      ] GC(818)   Other: 0.08ms
[368.294s][info][gc,heap        ] GC(818) Eden regions: 77->0(75)
[368.294s][info][gc,heap        ] GC(818) Survivor regions: 16->9(12)
[368.294s][info][gc,heap        ] GC(818) Old regions: 811->827
[368.294s][info][gc,heap        ] GC(818) Humongous regions: 8->8
[368.295s][info][gc,metaspace   ] GC(818) Metaspace: 18861K(18944K)->18861K(18944K) NonClass: 17031K(17088K)->17031K(17088K) Class: 1829K(1856K)->1829K(1856K)
[368.295s][info][gc             ] GC(818) Pause Young (Normal) (G1 Evacuation Pause) 911M->843M(978M) 45.856ms
[368.295s][info][gc,cpu         ] GC(818) User=0.09s Sys=0.00s Real=0.05s
[368.424s][info][gc,start       ] GC(819) Pause Young (Normal) (G1 Evacuation Pause)
[368.424s][info][gc,task        ] GC(819) Using 2 workers of 2 for evacuation
[368.475s][info][gc,phases      ] GC(819)   Pre Evacuate Collection Set: 0.31ms
[368.475s][info][gc,phases      ] GC(819)   Merge Heap Roots: 0.29ms
[368.475s][info][gc,phases      ] GC(819)   Evacuate Collection Set: 50.55ms
[368.475s][info][gc,phases      ] GC(819)   Post Evacuate Collection Set: 0.38ms
[368.476s][info][gc,phases      ] GC(819)   Other: 0.08ms
[368.476s][info][gc,heap        ] GC(819) Eden regions: 75->0(52)
[368.476s][info][gc,heap        ] GC(819) Survivor regions: 9->11(11)
[368.476s][info][gc,heap        ] GC(819) Old regions: 827->843
[368.476s][info][gc,heap        ] GC(819) Humongous regions: 11->11
[368.476s][info][gc,metaspace   ] GC(819) Metaspace: 18861K(18944K)->18861K(18944K) NonClass: 17031K(17088K)->17031K(17088K) Class: 1829K(1856K)->1829K(1856K)
[368.476s][info][gc             ] GC(819) Pause Young (Normal) (G1 Evacuation Pause) 921M->864M(978M) 51.919ms
[368.476s][info][gc,cpu         ] GC(819) User=0.10s Sys=0.00s Real=0.05s
[368.535s][info][gc,start       ] GC(820) Pause Young (Normal) (G1 Evacuation Pause)
[368.536s][info][gc,task        ] GC(820) Using 2 workers of 2 for evacuation
[368.569s][info][gc,phases      ] GC(820)   Pre Evacuate Collection Set: 0.36ms
[368.569s][info][gc,phases      ] GC(820)   Merge Heap Roots: 0.15ms
[368.569s][info][gc,phases      ] GC(820)   Evacuate Collection Set: 32.96ms
[368.569s][info][gc,phases      ] GC(820)   Post Evacuate Collection Set: 0.33ms
[368.569s][info][gc,phases      ] GC(820)   Other: 0.10ms
[368.569s][info][gc,heap        ] GC(820) Eden regions: 52->0(43)
[368.570s][info][gc,heap        ] GC(820) Survivor regions: 11->8(8)
[368.570s][info][gc,heap        ] GC(820) Old regions: 843->858
[368.570s][info][gc,heap        ] GC(820) Humongous regions: 11->11
[368.570s][info][gc,metaspace   ] GC(820) Metaspace: 18861K(18944K)->18861K(18944K) NonClass: 17031K(17088K)->17031K(17088K) Class: 1829K(1856K)->1829K(1856K)
[368.570s][info][gc             ] GC(820) Pause Young (Normal) (G1 Evacuation Pause) 916M->876M(978M) 34.146ms
[368.570s][info][gc,cpu         ] GC(820) User=0.07s Sys=0.00s Real=0.03s
[368.623s][info][gc,start       ] GC(821) Pause Young (Normal) (G1 Evacuation Pause)
[368.623s][info][gc,task        ] GC(821) Using 2 workers of 2 for evacuation
[368.634s][info][gc,phases      ] GC(821)   Pre Evacuate Collection Set: 0.33ms
[368.634s][info][gc,phases      ] GC(821)   Merge Heap Roots: 0.09ms
[368.634s][info][gc,phases      ] GC(821)   Evacuate Collection Set: 10.27ms
[368.634s][info][gc,phases      ] GC(821)   Post Evacuate Collection Set: 0.29ms
[368.634s][info][gc,phases      ] GC(821)   Other: 0.07ms
[368.634s][info][gc,heap        ] GC(821) Eden regions: 43->0(49)
[368.634s][info][gc,heap        ] GC(821) Survivor regions: 8->1(7)
[368.634s][info][gc,heap        ] GC(821) Old regions: 858->866
[368.634s][info][gc,heap        ] GC(821) Humongous regions: 11->11
[368.634s][info][gc,metaspace   ] GC(821) Metaspace: 18861K(18944K)->18861K(18944K) NonClass: 17031K(17088K)->17031K(17088K) Class: 1829K(1856K)->1829K(1856K)
[368.634s][info][gc             ] GC(821) Pause Young (Normal) (G1 Evacuation Pause) 919M->877M(978M) 11.299ms
[368.634s][info][gc,cpu         ] GC(821) User=0.02s Sys=0.00s Real=0.01s
[368.684s][info][gc,start       ] GC(822) Pause Young (Normal) (G1 Evacuation Pause)
[368.685s][info][gc,task        ] GC(822) Using 2 workers of 2 for evacuation
[368.687s][info][gc,phases      ] GC(822)   Pre Evacuate Collection Set: 0.32ms
[368.687s][info][gc,phases      ] GC(822)   Merge Heap Roots: 0.06ms
[368.687s][info][gc,phases      ] GC(822)   Evacuate Collection Set: 1.80ms
[368.687s][info][gc,phases      ] GC(822)   Post Evacuate Collection Set: 0.28ms
[368.687s][info][gc,phases      ] GC(822)   Other: 0.09ms
[368.687s][info][gc,heap        ] GC(822) Eden regions: 49->0(49)
[368.687s][info][gc,heap        ] GC(822) Survivor regions: 1->1(7)
[368.687s][info][gc,heap        ] GC(822) Old regions: 866->866
[368.687s][info][gc,heap        ] GC(822) Humongous regions: 11->11
[368.687s][info][gc,metaspace   ] GC(822) Metaspace: 18861K(18944K)->18861K(18944K) NonClass: 17031K(17088K)->17031K(17088K) Class: 1829K(1856K)->1829K(1856K)
[368.687s][info][gc             ] GC(822) Pause Young (Normal) (G1 Evacuation Pause) 926M->877M(978M) 2.764ms
[368.687s][info][gc,cpu         ] GC(822) User=0.01s Sys=0.00s Real=0.00s
[368.746s][info][gc,start       ] GC(823) Pause Young (Normal) (G1 Evacuation Pause)
[368.746s][info][gc,task        ] GC(823) Using 2 workers of 2 for evacuation
[368.753s][info][gc,phases      ] GC(823)   Pre Evacuate Collection Set: 0.32ms
[368.753s][info][gc,phases      ] GC(823)   Merge Heap Roots: 0.09ms
[368.753s][info][gc,phases      ] GC(823)   Evacuate Collection Set: 6.16ms
[368.753s][info][gc,phases      ] GC(823)   Post Evacuate Collection Set: 0.31ms
[368.753s][info][gc,phases      ] GC(823)   Other: 0.09ms
[368.753s][info][gc,heap        ] GC(823) Eden regions: 49->0(43)
[368.753s][info][gc,heap        ] GC(823) Survivor regions: 1->5(7)
[368.753s][info][gc,heap        ] GC(823) Old regions: 866->866
[368.753s][info][gc,heap        ] GC(823) Humongous regions: 11->11
[368.753s][info][gc,metaspace   ] GC(823) Metaspace: 18861K(18944K)->18861K(18944K) NonClass: 17031K(17088K)->17031K(17088K) Class: 1829K(1856K)->1829K(1856K)
[368.753s][info][gc             ] GC(823) Pause Young (Normal) (G1 Evacuation Pause) 926M->881M(978M) 7.253ms
[368.753s][info][gc,cpu         ] GC(823) User=0.02s Sys=0.00s Real=0.01s
[368.814s][info][gc,start       ] GC(824) Pause Young (Normal) (G1 Evacuation Pause)
[368.814s][info][gc,task        ] GC(824) Using 2 workers of 2 for evacuation
[368.824s][info][gc,phases      ] GC(824)   Pre Evacuate Collection Set: 0.32ms
[368.824s][info][gc,phases      ] GC(824)   Merge Heap Roots: 0.09ms
[368.824s][info][gc,phases      ] GC(824)   Evacuate Collection Set: 8.80ms
[368.824s][info][gc,phases      ] GC(824)   Post Evacuate Collection Set: 0.31ms
[368.824s][info][gc,phases      ] GC(824)   Other: 0.11ms
[368.824s][info][gc,heap        ] GC(824) Eden regions: 43->0(45)
[368.824s][info][gc,heap        ] GC(824) Survivor regions: 5->3(6)
[368.824s][info][gc,heap        ] GC(824) Old regions: 866->871
[368.824s][info][gc,heap        ] GC(824) Humongous regions: 11->11
[368.824s][info][gc,metaspace   ] GC(824) Metaspace: 18861K(18944K)->18861K(18944K) NonClass: 17031K(17088K)->17031K(17088K) Class: 1829K(1856K)->1829K(1856K)
[368.824s][info][gc             ] GC(824) Pause Young (Normal) (G1 Evacuation Pause) 924M->883M(978M) 9.851ms
[368.824s][info][gc,cpu         ] GC(824) User=0.01s Sys=0.00s Real=0.01s
[368.868s][info][gc,start       ] GC(825) Pause Young (Normal) (G1 Evacuation Pause)
[368.868s][info][gc,task        ] GC(825) Using 2 workers of 2 for evacuation
[368.879s][info][gc,phases      ] GC(825)   Pre Evacuate Collection Set: 0.54ms
[368.879s][info][gc,phases      ] GC(825)   Merge Heap Roots: 0.11ms
[368.879s][info][gc,phases      ] GC(825)   Evacuate Collection Set: 10.17ms
[368.879s][info][gc,phases      ] GC(825)   Post Evacuate Collection Set: 0.32ms
[368.879s][info][gc,phases      ] GC(825)   Other: 0.10ms
[368.879s][info][gc,heap        ] GC(825) Eden regions: 45->0(42)
[368.879s][info][gc,heap        ] GC(825) Survivor regions: 3->6(6)
[368.879s][info][gc,heap        ] GC(825) Old regions: 871->872
[368.879s][info][gc,heap        ] GC(825) Humongous regions: 11->11
[368.879s][info][gc,metaspace   ] GC(825) Metaspace: 18861K(18944K)->18861K(18944K) NonClass: 17031K(17088K)->17031K(17088K) Class: 1829K(1856K)->1829K(1856K)
[368.879s][info][gc             ] GC(825) Pause Young (Normal) (G1 Evacuation Pause) 928M->888M(978M) 11.477ms
[368.879s][info][gc,cpu         ] GC(825) User=0.02s Sys=0.00s Real=0.01s
[368.933s][info][gc,start       ] GC(826) Pause Young (Normal) (G1 Evacuation Pause)
[368.933s][info][gc,task        ] GC(826) Using 2 workers of 2 for evacuation
[368.947s][info][gc,phases      ] GC(826)   Pre Evacuate Collection Set: 0.56ms
[368.947s][info][gc,phases      ] GC(826)   Merge Heap Roots: 0.11ms
[368.947s][info][gc,phases      ] GC(826)   Evacuate Collection Set: 12.55ms
[368.947s][info][gc,phases      ] GC(826)   Post Evacuate Collection Set: 0.32ms
[368.947s][info][gc,phases      ] GC(826)   Other: 0.09ms
[368.947s][info][gc,heap        ] GC(826) Eden regions: 42->0(45)
[368.947s][info][gc,heap        ] GC(826) Survivor regions: 6->3(6)
[368.947s][info][gc,heap        ] GC(826) Old regions: 872->879
[368.947s][info][gc,heap        ] GC(826) Humongous regions: 11->11
[368.947s][info][gc,metaspace   ] GC(826) Metaspace: 18861K(18944K)->18861K(18944K) NonClass: 17031K(17088K)->17031K(17088K) Class: 1829K(1856K)->1829K(1856K)
[368.947s][info][gc             ] GC(826) Pause Young (Normal) (G1 Evacuation Pause) 930M->892M(978M) 13.885ms
[368.947s][info][gc,cpu         ] GC(826) User=0.02s Sys=0.00s Real=0.01s
[369.012s][info][gc,start       ] GC(827) Pause Young (Normal) (G1 Evacuation Pause)
[369.012s][info][gc,task        ] GC(827) Using 2 workers of 2 for evacuation
[369.017s][info][gc,phases      ] GC(827)   Pre Evacuate Collection Set: 0.29ms
[369.017s][info][gc,phases      ] GC(827)   Merge Heap Roots: 0.10ms
[369.017s][info][gc,phases      ] GC(827)   Evacuate Collection Set: 4.90ms
[369.017s][info][gc,phases      ] GC(827)   Post Evacuate Collection Set: 0.30ms
[369.017s][info][gc,phases      ] GC(827)   Other: 0.09ms
[369.017s][info][gc,heap        ] GC(827) Eden regions: 45->0(45)
[369.017s][info][gc,heap        ] GC(827) Survivor regions: 3->3(6)
[369.017s][info][gc,heap        ] GC(827) Old regions: 879->879
[369.017s][info][gc,heap        ] GC(827) Humongous regions: 11->11
[369.017s][info][gc,metaspace   ] GC(827) Metaspace: 18861K(18944K)->18861K(18944K) NonClass: 17031K(17088K)->17031K(17088K) Class: 1829K(1856K)->1829K(1856K)
[369.017s][info][gc             ] GC(827) Pause Young (Normal) (G1 Evacuation Pause) 937M->892M(978M) 5.899ms
[369.017s][info][gc,cpu         ] GC(827) User=0.01s Sys=0.00s Real=0.01s
[369.094s][info][gc,start       ] GC(828) Pause Young (Normal) (G1 Evacuation Pause)
[369.094s][info][gc,task        ] GC(828) Using 2 workers of 2 for evacuation
[369.101s][info][gc,phases      ] GC(828)   Pre Evacuate Collection Set: 0.50ms
[369.101s][info][gc,phases      ] GC(828)   Merge Heap Roots: 0.11ms
[369.101s][info][gc,phases      ] GC(828)   Evacuate Collection Set: 5.84ms
[369.101s][info][gc,phases      ] GC(828)   Post Evacuate Collection Set: 0.30ms
[369.101s][info][gc,phases      ] GC(828)   Other: 0.09ms
[369.101s][info][gc,heap        ] GC(828) Eden regions: 45->0(44)
[369.101s][info][gc,heap        ] GC(828) Survivor regions: 3->4(6)
[369.101s][info][gc,heap        ] GC(828) Old regions: 879->879
[369.101s][info][gc,heap        ] GC(828) Humongous regions: 11->11
[369.101s][info][gc,metaspace   ] GC(828) Metaspace: 18861K(18944K)->18861K(18944K) NonClass: 17031K(17088K)->17031K(17088K) Class: 1829K(1856K)->1829K(1856K)
[369.101s][info][gc             ] GC(828) Pause Young (Normal) (G1 Evacuation Pause) 937M->892M(978M) 7.076ms
[369.101s][info][gc,cpu         ] GC(828) User=0.02s Sys=0.00s Real=0.00s
[369.160s][info][gc,start       ] GC(829) Pause Young (Normal) (G1 Evacuation Pause)
[369.161s][info][gc,task        ] GC(829) Using 2 workers of 2 for evacuation
[369.166s][info][gc,phases      ] GC(829)   Pre Evacuate Collection Set: 0.54ms
[369.166s][info][gc,phases      ] GC(829)   Merge Heap Roots: 0.09ms
[369.166s][info][gc,phases      ] GC(829)   Evacuate Collection Set: 4.49ms
[369.166s][info][gc,phases      ] GC(829)   Post Evacuate Collection Set: 0.31ms
[369.166s][info][gc,phases      ] GC(829)   Other: 0.08ms
[369.166s][info][gc,heap        ] GC(829) Eden regions: 44->0(45)
[369.166s][info][gc,heap        ] GC(829) Survivor regions: 4->3(6)
[369.166s][info][gc,heap        ] GC(829) Old regions: 879->879
[369.166s][info][gc,heap        ] GC(829) Humongous regions: 11->11
[369.166s][info][gc,metaspace   ] GC(829) Metaspace: 18861K(18944K)->18861K(18944K) NonClass: 17031K(17088K)->17031K(17088K) Class: 1829K(1856K)->1829K(1856K)
[369.166s][info][gc             ] GC(829) Pause Young (Normal) (G1 Evacuation Pause) 936M->892M(978M) 5.727ms
[369.166s][info][gc,cpu         ] GC(829) User=0.01s Sys=0.00s Real=0.01s
[369.256s][info][gc,start       ] GC(830) Pause Young (Normal) (G1 Evacuation Pause)
[369.256s][info][gc,task        ] GC(830) Using 2 workers of 2 for evacuation
[369.261s][info][gc,phases      ] GC(830)   Pre Evacuate Collection Set: 0.30ms
[369.261s][info][gc,phases      ] GC(830)   Merge Heap Roots: 0.10ms
[369.261s][info][gc,phases      ] GC(830)   Evacuate Collection Set: 4.70ms
[369.261s][info][gc,phases      ] GC(830)   Post Evacuate Collection Set: 0.31ms
[369.261s][info][gc,phases      ] GC(830)   Other: 0.08ms
[369.261s][info][gc,heap        ] GC(830) Eden regions: 45->0(45)
[369.261s][info][gc,heap        ] GC(830) Survivor regions: 3->3(6)
[369.261s][info][gc,heap        ] GC(830) Old regions: 879->879
[369.261s][info][gc,heap        ] GC(830) Humongous regions: 11->11
[369.261s][info][gc,metaspace   ] GC(830) Metaspace: 18861K(18944K)->18861K(18944K) NonClass: 17031K(17088K)->17031K(17088K) Class: 1829K(1856K)->1829K(1856K)
[369.262s][info][gc             ] GC(830) Pause Young (Normal) (G1 Evacuation Pause) 937M->892M(978M) 5.758ms
[369.262s][info][gc,cpu         ] GC(830) User=0.01s Sys=0.00s Real=0.00s
[369.348s][info][gc,marking     ] GC(814) Concurrent Mark From Roots 2355.920ms
[369.348s][info][gc,marking     ] GC(814) Concurrent Preclean
[369.348s][info][gc,marking     ] GC(814) Concurrent Preclean 0.048ms
[369.348s][info][gc,start       ] GC(814) Pause Remark
[369.357s][info][gc             ] GC(814) Pause Remark 930M->855M(978M) 8.755ms
[369.357s][info][gc,cpu         ] GC(814) User=0.01s Sys=0.00s Real=0.01s
[369.357s][info][gc,marking     ] GC(814) Concurrent Mark 2365.051ms
[369.357s][info][gc,marking     ] GC(814) Concurrent Rebuild Remembered Sets and Scrub Regions
[369.378s][info][gc,start       ] GC(831) Pause Young (Normal) (G1 Evacuation Pause)
[369.378s][info][gc,task        ] GC(831) Using 2 workers of 2 for evacuation
[369.386s][info][gc,phases      ] GC(831)   Pre Evacuate Collection Set: 0.31ms
[369.386s][info][gc,phases      ] GC(831)   Merge Heap Roots: 0.11ms
[369.386s][info][gc,phases      ] GC(831)   Evacuate Collection Set: 7.17ms
[369.386s][info][gc,phases      ] GC(831)   Post Evacuate Collection Set: 0.35ms
[369.386s][info][gc,phases      ] GC(831)   Other: 0.12ms
[369.386s][info][gc,heap        ] GC(831) Eden regions: 45->0(103)
[369.386s][info][gc,heap        ] GC(831) Survivor regions: 3->5(6)
[369.386s][info][gc,heap        ] GC(831) Old regions: 806->806
[369.386s][info][gc,heap        ] GC(831) Humongous regions: 9->9
[369.386s][info][gc,metaspace   ] GC(831) Metaspace: 18861K(18944K)->18861K(18944K) NonClass: 17031K(17088K)->17031K(17088K) Class: 1829K(1856K)->1829K(1856K)
[369.386s][info][gc             ] GC(831) Pause Young (Normal) (G1 Evacuation Pause) 862M->818M(978M) 8.273ms
[369.386s][info][gc,cpu         ] GC(831) User=0.02s Sys=0.00s Real=0.01s
[369.549s][info][gc,start       ] GC(832) Pause Young (Normal) (G1 Evacuation Pause)
[369.549s][info][gc,task        ] GC(832) Using 2 workers of 2 for evacuation
[369.559s][info][gc,phases      ] GC(832)   Pre Evacuate Collection Set: 0.57ms
[369.559s][info][gc,phases      ] GC(832)   Merge Heap Roots: 0.14ms
[369.559s][info][gc,phases      ] GC(832)   Evacuate Collection Set: 8.20ms
[369.559s][info][gc,phases      ] GC(832)   Post Evacuate Collection Set: 0.36ms
[369.559s][info][gc,phases      ] GC(832)   Other: 0.12ms
[369.559s][info][gc,heap        ] GC(832) Eden regions: 103->0(101)
[369.559s][info][gc,heap        ] GC(832) Survivor regions: 5->6(14)
[369.559s][info][gc,heap        ] GC(832) Old regions: 806->806
[369.559s][info][gc,heap        ] GC(832) Humongous regions: 9->9
[369.559s][info][gc,metaspace   ] GC(832) Metaspace: 18861K(18944K)->18861K(18944K) NonClass: 17031K(17088K)->17031K(17088K) Class: 1829K(1856K)->1829K(1856K)
[369.559s][info][gc             ] GC(832) Pause Young (Normal) (G1 Evacuation Pause) 921M->819M(978M) 9.663ms
[369.559s][info][gc,cpu         ] GC(832) User=0.02s Sys=0.00s Real=0.01s
[369.751s][info][gc,start       ] GC(833) Pause Young (Normal) (G1 Evacuation Pause)
[369.751s][info][gc,task        ] GC(833) Using 2 workers of 2 for evacuation
[369.761s][info][gc,phases      ] GC(833)   Pre Evacuate Collection Set: 0.53ms
[369.761s][info][gc,phases      ] GC(833)   Merge Heap Roots: 0.16ms
[369.761s][info][gc,phases      ] GC(833)   Evacuate Collection Set: 8.84ms
[369.761s][info][gc,phases      ] GC(833)   Post Evacuate Collection Set: 0.38ms
[369.761s][info][gc,phases      ] GC(833)   Other: 0.12ms
[369.761s][info][gc,heap        ] GC(833) Eden regions: 101->0(101)
[369.761s][info][gc,heap        ] GC(833) Survivor regions: 6->6(14)
[369.761s][info][gc,heap        ] GC(833) Old regions: 806->806
[369.761s][info][gc,heap        ] GC(833) Humongous regions: 9->9
[369.761s][info][gc,metaspace   ] GC(833) Metaspace: 18861K(18944K)->18861K(18944K) NonClass: 17031K(17088K)->17031K(17088K) Class: 1829K(1856K)->1829K(1856K)
[369.761s][info][gc             ] GC(833) Pause Young (Normal) (G1 Evacuation Pause) 920M->819M(978M) 10.319ms
[369.761s][info][gc,cpu         ] GC(833) User=0.02s Sys=0.00s Real=0.01s
[369.926s][info][gc,start       ] GC(834) Pause Young (Normal) (G1 Evacuation Pause)
[369.926s][info][gc,task        ] GC(834) Using 2 workers of 2 for evacuation
[369.967s][info][gc,phases      ] GC(834)   Pre Evacuate Collection Set: 0.30ms
[369.967s][info][gc,phases      ] GC(834)   Merge Heap Roots: 0.26ms
[369.967s][info][gc,phases      ] GC(834)   Evacuate Collection Set: 39.62ms
[369.967s][info][gc,phases      ] GC(834)   Post Evacuate Collection Set: 0.42ms
[369.967s][info][gc,phases      ] GC(834)   Other: 0.10ms
[369.967s][info][gc,heap        ] GC(834) Eden regions: 101->0(68)
[369.967s][info][gc,heap        ] GC(834) Survivor regions: 6->14(14)
[369.967s][info][gc,heap        ] GC(834) Old regions: 806->823
[369.967s][info][gc,heap        ] GC(834) Humongous regions: 9->9
[369.967s][info][gc,metaspace   ] GC(834) Metaspace: 18866K(18944K)->18866K(18944K) NonClass: 17037K(17088K)->17037K(17088K) Class: 1829K(1856K)->1829K(1856K)
[369.967s][info][gc             ] GC(834) Pause Young (Normal) (G1 Evacuation Pause) 920M->845M(978M) 40.944ms
[369.967s][info][gc,cpu         ] GC(834) User=0.08s Sys=0.00s Real=0.04s
[370.023s][info][gc,start       ] GC(835) Pause Young (Normal) (G1 Evacuation Pause)
[370.023s][info][gc,task        ] GC(835) Using 2 workers of 2 for evacuation
[370.067s][info][gc,phases      ] GC(835)   Pre Evacuate Collection Set: 0.55ms
[370.067s][info][gc,phases      ] GC(835)   Merge Heap Roots: 0.18ms
[370.067s][info][gc,phases      ] GC(835)   Evacuate Collection Set: 42.63ms
[370.067s][info][gc,phases      ] GC(835)   Post Evacuate Collection Set: 0.46ms
[370.067s][info][gc,phases      ] GC(835)   Other: 0.09ms
[370.067s][info][gc,heap        ] GC(835) Eden regions: 68->0(47)
[370.067s][info][gc,heap        ] GC(835) Survivor regions: 14->11(11)
[370.068s][info][gc,heap        ] GC(835) Old regions: 823->850
[370.068s][info][gc,heap        ] GC(835) Humongous regions: 9->9
[370.068s][info][gc,metaspace   ] GC(835) Metaspace: 18866K(18944K)->18866K(18944K) NonClass: 17037K(17088K)->17037K(17088K) Class: 1829K(1856K)->1829K(1856K)
[370.068s][info][gc             ] GC(835) Pause Young (Normal) (G1 Evacuation Pause) 913M->869M(978M) 44.157ms
[370.068s][info][gc,cpu         ] GC(835) User=0.08s Sys=0.01s Real=0.04s
[370.117s][info][gc,start       ] GC(836) Pause Young (Normal) (G1 Evacuation Pause)
[370.117s][info][gc,task        ] GC(836) Using 2 workers of 2 for evacuation
[370.145s][info][gc,phases      ] GC(836)   Pre Evacuate Collection Set: 0.32ms
[370.145s][info][gc,phases      ] GC(836)   Merge Heap Roots: 0.22ms
[370.145s][info][gc,phases      ] GC(836)   Evacuate Collection Set: 26.79ms
[370.145s][info][gc,phases      ] GC(836)   Post Evacuate Collection Set: 0.39ms
[370.145s][info][gc,phases      ] GC(836)   Other: 0.08ms
[370.145s][info][gc,heap        ] GC(836) Eden regions: 47->0(40)
[370.145s][info][gc,heap        ] GC(836) Survivor regions: 11->8(8)
[370.145s][info][gc,heap        ] GC(836) Old regions: 850->866
[370.145s][info][gc,heap        ] GC(836) Humongous regions: 9->9
[370.145s][info][gc,metaspace   ] GC(836) Metaspace: 18866K(18944K)->18866K(18944K) NonClass: 17037K(17088K)->17037K(17088K) Class: 1829K(1856K)->1829K(1856K)
[370.145s][info][gc             ] GC(836) Pause Young (Normal) (G1 Evacuation Pause) 916M->882M(978M) 28.057ms
[370.145s][info][gc,cpu         ] GC(836) User=0.05s Sys=0.00s Real=0.03s
[370.212s][info][gc,start       ] GC(837) Pause Young (Normal) (G1 Evacuation Pause)
[370.212s][info][gc,task        ] GC(837) Using 2 workers of 2 for evacuation
[370.232s][info][gc,phases      ] GC(837)   Pre Evacuate Collection Set: 0.55ms
[370.232s][info][gc,phases      ] GC(837)   Merge Heap Roots: 0.28ms
[370.232s][info][gc,phases      ] GC(837)   Evacuate Collection Set: 18.48ms
[370.232s][info][gc,phases      ] GC(837)   Post Evacuate Collection Set: 0.46ms
[370.232s][info][gc,phases      ] GC(837)   Other: 0.11ms
[370.232s][info][gc,heap        ] GC(837) Eden regions: 40->0(45)
[370.232s][info][gc,heap        ] GC(837) Survivor regions: 8->3(6)
[370.232s][info][gc,heap        ] GC(837) Old regions: 866->874
[370.232s][info][gc,heap        ] GC(837) Humongous regions: 9->9
[370.232s][info][gc,metaspace   ] GC(837) Metaspace: 18866K(18944K)->18866K(18944K) NonClass: 17037K(17088K)->17037K(17088K) Class: 1829K(1856K)->1829K(1856K)
[370.232s][info][gc             ] GC(837) Pause Young (Normal) (G1 Evacuation Pause) 922M->885M(978M) 20.159ms
[370.232s][info][gc,cpu         ] GC(837) User=0.04s Sys=0.00s Real=0.02s
[370.286s][info][gc,start       ] GC(838) Pause Young (Normal) (G1 Evacuation Pause)
[370.286s][info][gc,task        ] GC(838) Using 2 workers of 2 for evacuation
[370.314s][info][gc,phases      ] GC(838)   Pre Evacuate Collection Set: 0.29ms
[370.314s][info][gc,phases      ] GC(838)   Merge Heap Roots: 0.33ms
[370.314s][info][gc,phases      ] GC(838)   Evacuate Collection Set: 27.40ms
[370.314s][info][gc,phases      ] GC(838)   Post Evacuate Collection Set: 0.45ms
[370.314s][info][gc,phases      ] GC(838)   Other: 0.11ms
[370.314s][info][gc,heap        ] GC(838) Eden regions: 45->0(42)
[370.314s][info][gc,heap        ] GC(838) Survivor regions: 3->6(6)
[370.314s][info][gc,heap        ] GC(838) Old regions: 874->881
[370.314s][info][gc,heap        ] GC(838) Humongous regions: 10->10
[370.314s][info][gc,metaspace   ] GC(838) Metaspace: 18866K(18944K)->18866K(18944K) NonClass: 17037K(17088K)->17037K(17088K) Class: 1829K(1856K)->1829K(1856K)
[370.314s][info][gc             ] GC(838) Pause Young (Normal) (G1 Evacuation Pause) 931M->896M(978M) 28.874ms
[370.314s][info][gc,cpu         ] GC(838) User=0.06s Sys=0.00s Real=0.03s
[370.358s][info][gc,marking     ] GC(814) Concurrent Rebuild Remembered Sets and Scrub Regions 1001.131ms
[370.358s][info][gc,start       ] GC(814) Pause Cleanup
[370.358s][info][gc             ] GC(814) Pause Cleanup 917M->917M(978M) 0.169ms
[370.358s][info][gc,cpu         ] GC(814) User=0.00s Sys=0.00s Real=0.00s
[370.358s][info][gc,marking     ] GC(814) Concurrent Clear Claimed Marks
[370.358s][info][gc,marking     ] GC(814) Concurrent Clear Claimed Marks 0.032ms
[370.358s][info][gc,marking     ] GC(814) Concurrent Cleanup for Next Mark
[370.363s][info][gc,marking     ] GC(814) Concurrent Cleanup for Next Mark 4.969ms
[370.363s][info][gc             ] GC(814) Concurrent Mark Cycle 3456.406ms
[370.384s][info][gc,start       ] GC(839) Pause Young (Prepare Mixed) (G1 Evacuation Pause)
[370.384s][info][gc,task        ] GC(839) Using 2 workers of 2 for evacuation
[370.408s][info][gc,phases      ] GC(839)   Pre Evacuate Collection Set: 0.33ms
[370.408s][info][gc,phases      ] GC(839)   Merge Heap Roots: 0.36ms
[370.408s][info][gc,phases      ] GC(839)   Evacuate Collection Set: 22.59ms
[370.408s][info][gc,phases      ] GC(839)   Post Evacuate Collection Set: 0.39ms
[370.408s][info][gc,phases      ] GC(839)   Other: 0.10ms
[370.408s][info][gc,heap        ] GC(839) Eden regions: 42->0(44)
[370.408s][info][gc,heap        ] GC(839) Survivor regions: 6->4(6)
[370.408s][info][gc,heap        ] GC(839) Old regions: 881->887
[370.408s][info][gc,heap        ] GC(839) Humongous regions: 10->10
[370.408s][info][gc,metaspace   ] GC(839) Metaspace: 18866K(18944K)->18866K(18944K) NonClass: 17037K(17088K)->17037K(17088K) Class: 1829K(1856K)->1829K(1856K)
[370.408s][info][gc             ] GC(839) Pause Young (Prepare Mixed) (G1 Evacuation Pause) 938M->900M(978M) 24.027ms
[370.408s][info][gc,cpu         ] GC(839) User=0.05s Sys=0.00s Real=0.02s
[370.459s][info][gc,start       ] GC(840) Pause Young (Mixed) (G1 Evacuation Pause)
[370.459s][info][gc,task        ] GC(840) Using 2 workers of 2 for evacuation
[370.483s][info][gc,phases      ] GC(840)   Pre Evacuate Collection Set: 0.34ms
[370.483s][info][gc,phases      ] GC(840)   Merge Heap Roots: 0.33ms
[370.483s][info][gc,phases      ] GC(840)   Evacuate Collection Set: 22.88ms
[370.483s][info][gc,phases      ] GC(840)   Post Evacuate Collection Set: 0.40ms
[370.483s][info][gc,phases      ] GC(840)   Other: 0.08ms
[370.483s][info][gc,heap        ] GC(840) Eden regions: 44->0(73)
[370.483s][info][gc,heap        ] GC(840) Survivor regions: 4->4(6)
[370.483s][info][gc,heap        ] GC(840) Old regions: 887->837
[370.483s][info][gc,heap        ] GC(840) Humongous regions: 10->10
[370.483s][info][gc,metaspace   ] GC(840) Metaspace: 18866K(18944K)->18866K(18944K) NonClass: 17037K(17088K)->17037K(17088K) Class: 1829K(1856K)->1829K(1856K)
[370.483s][info][gc             ] GC(840) Pause Young (Mixed) (G1 Evacuation Pause) 944M->850M(978M) 24.270ms
[370.483s][info][gc,cpu         ] GC(840) User=0.05s Sys=0.00s Real=0.03s
[370.561s][info][gc,start       ] GC(841) Pause Young (Concurrent Start) (G1 Evacuation Pause)
[370.561s][info][gc,task        ] GC(841) Using 2 workers of 2 for evacuation
[370.568s][info][gc,phases      ] GC(841)   Pre Evacuate Collection Set: 0.39ms
[370.568s][info][gc,phases      ] GC(841)   Merge Heap Roots: 0.08ms
[370.568s][info][gc,phases      ] GC(841)   Evacuate Collection Set: 5.32ms
[370.568s][info][gc,phases      ] GC(841)   Post Evacuate Collection Set: 0.37ms
[370.568s][info][gc,phases      ] GC(841)   Other: 0.26ms
[370.568s][info][gc,heap        ] GC(841) Eden regions: 73->0(73)
[370.568s][info][gc,heap        ] GC(841) Survivor regions: 4->4(10)
[370.568s][info][gc,heap        ] GC(841) Old regions: 837->837
[370.568s][info][gc,heap        ] GC(841) Humongous regions: 10->10
[370.568s][info][gc,metaspace   ] GC(841) Metaspace: 18869K(18944K)->18869K(18944K) NonClass: 17039K(17088K)->17039K(17088K) Class: 1829K(1856K)->1829K(1856K)
[370.568s][info][gc             ] GC(841) Pause Young (Concurrent Start) (G1 Evacuation Pause) 923M->850M(978M) 6.662ms
[370.568s][info][gc             ] GC(842) Concurrent Mark Cycle
[370.568s][info][gc,marking     ] GC(842) Concurrent Scan Root Regions
[370.569s][info][gc,cpu         ] GC(841) User=0.01s Sys=0.00s Real=0.01s
[370.578s][info][gc,marking     ] GC(842) Concurrent Scan Root Regions 9.924ms
[370.578s][info][gc,marking     ] GC(842) Concurrent Mark
[370.578s][info][gc,marking     ] GC(842) Concurrent Mark From Roots
[370.578s][info][gc,task        ] GC(842) Using 1 workers of 1 for marking
[370.767s][info][gc,start       ] GC(843) Pause Young (Normal) (G1 Evacuation Pause)
[370.767s][info][gc,task        ] GC(843) Using 2 workers of 2 for evacuation
[370.775s][info][gc,phases      ] GC(843)   Pre Evacuate Collection Set: 0.32ms
[370.775s][info][gc,phases      ] GC(843)   Merge Heap Roots: 0.15ms
[370.775s][info][gc,phases      ] GC(843)   Evacuate Collection Set: 7.42ms
[370.775s][info][gc,phases      ] GC(843)   Post Evacuate Collection Set: 0.35ms
[370.775s][info][gc,phases      ] GC(843)   Other: 0.10ms
[370.775s][info][gc,heap        ] GC(843) Eden regions: 73->0(71)
[370.775s][info][gc,heap        ] GC(843) Survivor regions: 4->5(10)
[370.775s][info][gc,heap        ] GC(843) Old regions: 837->837
[370.775s][info][gc,heap        ] GC(843) Humongous regions: 10->10
[370.775s][info][gc,metaspace   ] GC(843) Metaspace: 18869K(18944K)->18869K(18944K) NonClass: 17039K(17088K)->17039K(17088K) Class: 1829K(1856K)->1829K(1856K)
[370.775s][info][gc             ] GC(843) Pause Young (Normal) (G1 Evacuation Pause) 923M->851M(978M) 8.598ms
[370.775s][info][gc,cpu         ] GC(843) User=0.02s Sys=0.00s Real=0.01s
[370.933s][info][gc,start       ] GC(844) Pause Young (Normal) (G1 Evacuation Pause)
[370.933s][info][gc,task        ] GC(844) Using 2 workers of 2 for evacuation
[370.944s][info][gc,phases      ] GC(844)   Pre Evacuate Collection Set: 0.53ms
[370.944s][info][gc,phases      ] GC(844)   Merge Heap Roots: 0.13ms
[370.944s][info][gc,phases      ] GC(844)   Evacuate Collection Set: 9.34ms
[370.944s][info][gc,phases      ] GC(844)   Post Evacuate Collection Set: 0.38ms
[370.944s][info][gc,phases      ] GC(844)   Other: 0.12ms
[370.944s][info][gc,heap        ] GC(844) Eden regions: 71->0(69)
[370.944s][info][gc,heap        ] GC(844) Survivor regions: 5->6(10)
[370.944s][info][gc,heap        ] GC(844) Old regions: 837->837
[370.944s][info][gc,heap        ] GC(844) Humongous regions: 10->10
[370.944s][info][gc,metaspace   ] GC(844) Metaspace: 18869K(18944K)->18869K(18944K) NonClass: 17039K(17088K)->17039K(17088K) Class: 1829K(1856K)->1829K(1856K)
[370.944s][info][gc             ] GC(844) Pause Young (Normal) (G1 Evacuation Pause) 922M->852M(978M) 10.779ms
[370.944s][info][gc,cpu         ] GC(844) User=0.02s Sys=0.00s Real=0.01s
[371.280s][info][gc,start       ] GC(845) Pause Young (Normal) (G1 Evacuation Pause)
[371.280s][info][gc,task        ] GC(845) Using 2 workers of 2 for evacuation
[371.291s][info][gc,phases      ] GC(845)   Pre Evacuate Collection Set: 0.33ms
[371.291s][info][gc,phases      ] GC(845)   Merge Heap Roots: 0.15ms
[371.291s][info][gc,phases      ] GC(845)   Evacuate Collection Set: 9.45ms
[371.291s][info][gc,phases      ] GC(845)   Post Evacuate Collection Set: 0.36ms
[371.291s][info][gc,phases      ] GC(845)   Other: 0.11ms
[371.291s][info][gc,heap        ] GC(845) Eden regions: 69->0(70)
[371.291s][info][gc,heap        ] GC(845) Survivor regions: 6->4(10)
[371.291s][info][gc,heap        ] GC(845) Old regions: 837->840
[371.291s][info][gc,heap        ] GC(845) Humongous regions: 10->10
[371.291s][info][gc,metaspace   ] GC(845) Metaspace: 18869K(18944K)->18869K(18944K) NonClass: 17039K(17088K)->17039K(17088K) Class: 1829K(1856K)->1829K(1856K)
[371.291s][info][gc             ] GC(845) Pause Young (Normal) (G1 Evacuation Pause) 921M->853M(978M) 10.638ms
[371.291s][info][gc,cpu         ] GC(845) User=0.02s Sys=0.00s Real=0.01s
[371.329s][info][gc,marking     ] GC(842) Concurrent Mark From Roots 750.713ms
[371.329s][info][gc,marking     ] GC(842) Concurrent Preclean
[371.329s][info][gc,marking     ] GC(842) Concurrent Preclean 0.050ms
[371.330s][info][gc,start       ] GC(842) Pause Remark
[371.339s][info][gc             ] GC(842) Pause Remark 866M->334M(978M) 9.220ms
[371.339s][info][gc,cpu         ] GC(842) User=0.01s Sys=0.00s Real=0.01s
[371.339s][info][gc,marking     ] GC(842) Concurrent Mark 761.105ms
[371.339s][info][gc,marking     ] GC(842) Concurrent Rebuild Remembered Sets and Scrub Regions
[371.523s][info][gc,start       ] GC(846) Pause Young (Normal) (G1 Evacuation Pause)
[371.523s][info][gc,task        ] GC(846) Using 2 workers of 2 for evacuation
[371.531s][info][gc,phases      ] GC(846)   Pre Evacuate Collection Set: 0.54ms
[371.531s][info][gc,phases      ] GC(846)   Merge Heap Roots: 0.15ms
[371.531s][info][gc,phases      ] GC(846)   Evacuate Collection Set: 6.77ms
[371.531s][info][gc,phases      ] GC(846)   Post Evacuate Collection Set: 0.35ms
[371.531s][info][gc,phases      ] GC(846)   Other: 0.11ms
[371.531s][info][gc,heap        ] GC(846) Eden regions: 70->0(551)
[371.531s][info][gc,heap        ] GC(846) Survivor regions: 4->4(10)
[371.531s][info][gc,heap        ] GC(846) Old regions: 315->315
[371.531s][info][gc,heap        ] GC(846) Humongous regions: 3->3
[371.531s][info][gc,metaspace   ] GC(846) Metaspace: 18869K(18944K)->18869K(18944K) NonClass: 17039K(17088K)->17039K(17088K) Class: 1829K(1856K)->1829K(1856K)
[371.531s][info][gc             ] GC(846) Pause Young (Normal) (G1 Evacuation Pause) 391M->321M(978M) 8.172ms
[371.531s][info][gc,cpu         ] GC(846) User=0.01s Sys=0.00s Real=0.00s
[371.653s][info][gc,marking     ] GC(842) Concurrent Rebuild Remembered Sets and Scrub Regions 314.049ms
[371.653s][info][gc,start       ] GC(842) Pause Cleanup
[371.653s][info][gc             ] GC(842) Pause Cleanup 360M->360M(978M) 0.114ms
[371.653s][info][gc,cpu         ] GC(842) User=0.00s Sys=0.00s Real=0.00s
[371.654s][info][gc,marking     ] GC(842) Concurrent Clear Claimed Marks
[371.654s][info][gc,marking     ] GC(842) Concurrent Clear Claimed Marks 0.031ms
[371.654s][info][gc,marking     ] GC(842) Concurrent Cleanup for Next Mark
[371.657s][info][gc,marking     ] GC(842) Concurrent Cleanup for Next Mark 2.995ms
[371.657s][info][gc             ] GC(842) Concurrent Mark Cycle 1088.654ms
[372.384s][info][gc,start       ] GC(847) Pause Young (Prepare Mixed) (G1 Evacuation Pause)
[372.385s][info][gc,task        ] GC(847) Using 2 workers of 2 for evacuation
[372.495s][info][gc,phases      ] GC(847)   Pre Evacuate Collection Set: 0.34ms
[372.495s][info][gc,phases      ] GC(847)   Merge Heap Roots: 0.31ms
[372.495s][info][gc,phases      ] GC(847)   Evacuate Collection Set: 109.23ms
[372.495s][info][gc,phases      ] GC(847)   Post Evacuate Collection Set: 0.90ms
[372.496s][info][gc,phases      ] GC(847)   Other: 0.10ms
[372.496s][info][gc,heap        ] GC(847) Eden regions: 551->0(422)
[372.496s][info][gc,heap        ] GC(847) Survivor regions: 4->70(70)
[372.496s][info][gc,heap        ] GC(847) Old regions: 315->334
[372.496s][info][gc,heap        ] GC(847) Humongous regions: 4->4
[372.496s][info][gc,metaspace   ] GC(847) Metaspace: 18869K(18944K)->18869K(18944K) NonClass: 17039K(17088K)->17039K(17088K) Class: 1829K(1856K)->1829K(1856K)
[372.496s][info][gc             ] GC(847) Pause Young (Prepare Mixed) (G1 Evacuation Pause) 873M->407M(978M) 111.197ms
[372.496s][info][gc,cpu         ] GC(847) User=0.22s Sys=0.00s Real=0.11s
[373.110s][info][gc,start       ] GC(848) Pause Young (Mixed) (G1 Evacuation Pause)
[373.110s][info][gc,task        ] GC(848) Using 2 workers of 2 for evacuation
[373.354s][info][gc,mmu         ] GC(848) MMU target violated: 201.0ms (200.0ms/201.0ms)
[373.354s][info][gc,phases      ] GC(848)   Pre Evacuate Collection Set: 0.38ms
[373.354s][info][gc,phases      ] GC(848)   Merge Heap Roots: 0.55ms
[373.354s][info][gc,phases      ] GC(848)   Evacuate Collection Set: 227.08ms
[373.354s][info][gc,phases      ] GC(848)   Post Evacuate Collection Set: 16.37ms
[373.354s][info][gc,phases      ] GC(848)   Other: 0.18ms
[373.354s][info][gc,heap        ] GC(848) Eden regions: 422->0(192)
[373.354s][info][gc,heap        ] GC(848) Survivor regions: 70->62(62)
[373.354s][info][gc,heap        ] GC(848) Old regions: 334->608
[373.354s][info][gc,heap        ] GC(848) Humongous regions: 4->4
[373.354s][info][gc,metaspace   ] GC(848) Metaspace: 18869K(18944K)->18869K(18944K) NonClass: 17039K(17088K)->17039K(17088K) Class: 1829K(1856K)->1829K(1856K)
[373.354s][info][gc             ] GC(848) Pause Young (Mixed) (G1 Evacuation Pause) (Evacuation Failure: Allocation) 829M->673M(978M) 244.790ms
[373.354s][info][gc,cpu         ] GC(848) User=0.48s Sys=0.00s Real=0.25s
[373.510s][info][gc,start       ] GC(849) Pause Young (Concurrent Start) (G1 Humongous Allocation)
[373.510s][info][gc,task        ] GC(849) Using 2 workers of 2 for evacuation
[373.667s][info][gc,phases      ] GC(849)   Pre Evacuate Collection Set: 0.50ms
[373.667s][info][gc,phases      ] GC(849)   Merge Heap Roots: 0.46ms
[373.667s][info][gc,phases      ] GC(849)   Evacuate Collection Set: 154.01ms
[373.667s][info][gc,phases      ] GC(849)   Post Evacuate Collection Set: 0.92ms
[373.667s][info][gc,phases      ] GC(849)   Other: 0.20ms
[373.667s][info][gc,heap        ] GC(849) Eden regions: 67->0(287)
[373.667s][info][gc,heap        ] GC(849) Survivor regions: 62->22(32)
[373.667s][info][gc,heap        ] GC(849) Old regions: 608->498
[373.667s][info][gc,heap        ] GC(849) Humongous regions: 4->4
[373.667s][info][gc,metaspace   ] GC(849) Metaspace: 18869K(18944K)->18869K(18944K) NonClass: 17039K(17088K)->17039K(17088K) Class: 1829K(1856K)->1829K(1856K)
[373.667s][info][gc             ] GC(849) Pause Young (Concurrent Start) (G1 Humongous Allocation) 740M->523M(978M) 156.436ms
[373.667s][info][gc             ] GC(850) Concurrent Mark Cycle
[373.667s][info][gc,marking     ] GC(850) Concurrent Scan Root Regions
[373.668s][info][gc,cpu         ] GC(849) User=0.30s Sys=0.00s Real=0.16s
[373.841s][info][gc,marking     ] GC(850) Concurrent Scan Root Regions 174.205ms
[373.841s][info][gc,marking     ] GC(850) Concurrent Mark
[373.841s][info][gc,marking     ] GC(850) Concurrent Mark From Roots
[373.841s][info][gc,task        ] GC(850) Using 1 workers of 1 for marking
[374.069s][info][gc,start       ] GC(851) Pause Young (Normal) (G1 Evacuation Pause)
[374.069s][info][gc,task        ] GC(851) Using 2 workers of 2 for evacuation
[374.157s][info][gc,phases      ] GC(851)   Pre Evacuate Collection Set: 0.34ms
[374.157s][info][gc,phases      ] GC(851)   Merge Heap Roots: 0.38ms
[374.157s][info][gc,phases      ] GC(851)   Evacuate Collection Set: 86.83ms
[374.157s][info][gc,phases      ] GC(851)   Post Evacuate Collection Set: 0.65ms
[374.157s][info][gc,phases      ] GC(851)   Other: 0.08ms
[374.157s][info][gc,heap        ] GC(851) Eden regions: 287->0(267)
[374.157s][info][gc,heap        ] GC(851) Survivor regions: 22->39(39)
[374.157s][info][gc,heap        ] GC(851) Old regions: 498->516
[374.157s][info][gc,heap        ] GC(851) Humongous regions: 5->5
[374.157s][info][gc,metaspace   ] GC(851) Metaspace: 18869K(18944K)->18869K(18944K) NonClass: 17040K(17088K)->17040K(17088K) Class: 1829K(1856K)->1829K(1856K)
[374.157s][info][gc             ] GC(851) Pause Young (Normal) (G1 Evacuation Pause) 811M->559M(978M) 88.550ms
[374.157s][info][gc,cpu         ] GC(851) User=0.17s Sys=0.00s Real=0.09s
[374.676s][info][gc,start       ] GC(852) Pause Young (Normal) (G1 Evacuation Pause)
[374.676s][info][gc,task        ] GC(852) Using 2 workers of 2 for evacuation
[374.757s][info][gc,phases      ] GC(852)   Pre Evacuate Collection Set: 0.51ms
[374.757s][info][gc,phases      ] GC(852)   Merge Heap Roots: 0.28ms
[374.757s][info][gc,phases      ] GC(852)   Evacuate Collection Set: 80.20ms
[374.757s][info][gc,phases      ] GC(852)   Post Evacuate Collection Set: 0.62ms
[374.757s][info][gc,phases      ] GC(852)   Other: 0.13ms
[374.757s][info][gc,heap        ] GC(852) Eden regions: 267->0(251)
[374.757s][info][gc,heap        ] GC(852) Survivor regions: 39->32(39)
[374.757s][info][gc,heap        ] GC(852) Old regions: 516->556
[374.757s][info][gc,heap        ] GC(852) Humongous regions: 5->5
[374.757s][info][gc,metaspace   ] GC(852) Metaspace: 18869K(18944K)->18869K(18944K) NonClass: 17040K(17088K)->17040K(17088K) Class: 1829K(1856K)->1829K(1856K)
[374.757s][info][gc             ] GC(852) Pause Young (Normal) (G1 Evacuation Pause) 826M->592M(978M) 81.992ms
[374.758s][info][gc,cpu         ] GC(852) User=0.16s Sys=0.00s Real=0.08s
[375.269s][info][gc,marking     ] GC(850) Concurrent Mark From Roots 1428.306ms
[375.270s][info][gc,marking     ] GC(850) Concurrent Preclean
[375.270s][info][gc,marking     ] GC(850) Concurrent Preclean 0.046ms
[375.270s][info][gc,start       ] GC(850) Pause Remark
[375.278s][info][gc             ] GC(850) Pause Remark 826M->826M(978M) 8.625ms
[375.278s][info][gc,cpu         ] GC(850) User=0.02s Sys=0.00s Real=0.01s
[375.278s][info][gc,marking     ] GC(850) Concurrent Mark 1437.308ms
[375.278s][info][gc,marking     ] GC(850) Concurrent Rebuild Remembered Sets and Scrub Regions
[375.314s][info][gc,start       ] GC(853) Pause Young (Normal) (G1 Evacuation Pause)
[375.314s][info][gc,task        ] GC(853) Using 2 workers of 2 for evacuation
[375.399s][info][gc,phases      ] GC(853)   Pre Evacuate Collection Set: 0.31ms
[375.399s][info][gc,phases      ] GC(853)   Merge Heap Roots: 0.11ms
[375.400s][info][gc,phases      ] GC(853)   Evacuate Collection Set: 83.88ms
[375.400s][info][gc,phases      ] GC(853)   Post Evacuate Collection Set: 0.67ms
[375.400s][info][gc,phases      ] GC(853)   Other: 0.10ms
[375.400s][info][gc,heap        ] GC(853) Eden regions: 251->0(218)
[375.400s][info][gc,heap        ] GC(853) Survivor regions: 32->36(36)
[375.400s][info][gc,heap        ] GC(853) Old regions: 556->604
[375.400s][info][gc,heap        ] GC(853) Humongous regions: 5->5
[375.400s][info][gc,metaspace   ] GC(853) Metaspace: 18869K(18944K)->18869K(18944K) NonClass: 17040K(17088K)->17040K(17088K) Class: 1829K(1856K)->1829K(1856K)
[375.400s][info][gc             ] GC(853) Pause Young (Normal) (G1 Evacuation Pause) 843M->644M(978M) 85.380ms
[375.400s][info][gc,cpu         ] GC(853) User=0.17s Sys=0.00s Real=0.08s
[375.762s][info][gc,start       ] GC(854) Pause Young (Normal) (G1 Evacuation Pause)
[375.762s][info][gc,task        ] GC(854) Using 2 workers of 2 for evacuation
[375.915s][info][gc,phases      ] GC(854)   Pre Evacuate Collection Set: 0.32ms
[375.915s][info][gc,phases      ] GC(854)   Merge Heap Roots: 0.42ms
[375.915s][info][gc,phases      ] GC(854)   Evacuate Collection Set: 148.45ms
[375.915s][info][gc,phases      ] GC(854)   Post Evacuate Collection Set: 3.42ms
[375.915s][info][gc,phases      ] GC(854)   Other: 0.09ms
[375.915s][info][gc,heap        ] GC(854) Eden regions: 218->0(135)
[375.915s][info][gc,heap        ] GC(854) Survivor regions: 36->32(32)
[375.915s][info][gc,heap        ] GC(854) Old regions: 604->715
[375.915s][info][gc,heap        ] GC(854) Humongous regions: 8->8
[375.915s][info][gc,metaspace   ] GC(854) Metaspace: 18869K(18944K)->18869K(18944K) NonClass: 17040K(17088K)->17040K(17088K) Class: 1829K(1856K)->1829K(1856K)
[375.915s][info][gc             ] GC(854) Pause Young (Normal) (G1 Evacuation Pause) (Evacuation Failure: Allocation) 865M->754M(978M) 152.983ms
[375.915s][info][gc,cpu         ] GC(854) User=0.31s Sys=0.00s Real=0.16s
[376.075s][info][gc,start       ] GC(855) Pause Young (Normal) (G1 Evacuation Pause)
[376.075s][info][gc,task        ] GC(855) Using 2 workers of 2 for evacuation
[376.187s][info][gc,phases      ] GC(855)   Pre Evacuate Collection Set: 0.55ms
[376.187s][info][gc,phases      ] GC(855)   Merge Heap Roots: 0.55ms
[376.187s][info][gc,phases      ] GC(855)   Evacuate Collection Set: 108.65ms
[376.187s][info][gc,phases      ] GC(855)   Post Evacuate Collection Set: 2.09ms
[376.187s][info][gc,phases      ] GC(855)   Other: 0.11ms
[376.187s][info][gc,heap        ] GC(855) Eden regions: 135->0(103)
[376.187s][info][gc,heap        ] GC(855) Survivor regions: 32->21(21)
[376.187s][info][gc,heap        ] GC(855) Old regions: 715->774
[376.187s][info][gc,heap        ] GC(855) Humongous regions: 8->8
[376.187s][info][gc,metaspace   ] GC(855) Metaspace: 18869K(18944K)->18869K(18944K) NonClass: 17040K(17088K)->17040K(17088K) Class: 1829K(1856K)->1829K(1856K)
[376.187s][info][gc             ] GC(855) Pause Young (Normal) (G1 Evacuation Pause) (Evacuation Failure: Allocation) 889M->802M(978M) 112.233ms
[376.187s][info][gc,cpu         ] GC(855) User=0.22s Sys=0.01s Real=0.11s
[376.232s][info][gc,marking     ] GC(850) Concurrent Rebuild Remembered Sets and Scrub Regions 953.864ms
[376.233s][info][gc,start       ] GC(850) Pause Cleanup
[376.233s][info][gc             ] GC(850) Pause Cleanup 846M->846M(978M) 0.149ms
[376.233s][info][gc,cpu         ] GC(850) User=0.00s Sys=0.00s Real=0.01s
[376.233s][info][gc,marking     ] GC(850) Concurrent Clear Claimed Marks
[376.233s][info][gc,marking     ] GC(850) Concurrent Clear Claimed Marks 0.032ms
[376.233s][info][gc,marking     ] GC(850) Concurrent Cleanup for Next Mark
[376.236s][info][gc,marking     ] GC(850) Concurrent Cleanup for Next Mark 2.991ms
[376.236s][info][gc             ] GC(850) Concurrent Mark Cycle 2568.972ms
[376.292s][info][gc,start       ] GC(856) Pause Young (Prepare Mixed) (G1 Evacuation Pause)
[376.292s][info][gc,task        ] GC(856) Using 2 workers of 2 for evacuation
[376.362s][info][gc,phases      ] GC(856)   Pre Evacuate Collection Set: 0.33ms
[376.362s][info][gc,phases      ] GC(856)   Merge Heap Roots: 0.49ms
[376.362s][info][gc,phases      ] GC(856)   Evacuate Collection Set: 69.05ms
[376.362s][info][gc,phases      ] GC(856)   Post Evacuate Collection Set: 0.50ms
[376.362s][info][gc,phases      ] GC(856)   Other: 0.10ms
[376.362s][info][gc,heap        ] GC(856) Eden regions: 103->0(97)
[376.362s][info][gc,heap        ] GC(856) Survivor regions: 21->16(16)
[376.362s][info][gc,heap        ] GC(856) Old regions: 774->789
[376.362s][info][gc,heap        ] GC(856) Humongous regions: 8->8
[376.362s][info][gc,metaspace   ] GC(856) Metaspace: 18869K(18944K)->18869K(18944K) NonClass: 17040K(17088K)->17040K(17088K) Class: 1829K(1856K)->1829K(1856K)
[376.362s][info][gc             ] GC(856) Pause Young (Prepare Mixed) (G1 Evacuation Pause) 905M->812M(978M) 70.717ms
[376.362s][info][gc,cpu         ] GC(856) User=0.14s Sys=0.00s Real=0.07s
[376.473s][info][gc,start       ] GC(857) Pause Young (Mixed) (G1 Evacuation Pause)
[376.473s][info][gc,task        ] GC(857) Using 2 workers of 2 for evacuation
[376.556s][info][gc,phases      ] GC(857)   Pre Evacuate Collection Set: 0.58ms
[376.557s][info][gc,phases      ] GC(857)   Merge Heap Roots: 1.29ms
[376.557s][info][gc,phases      ] GC(857)   Evacuate Collection Set: 80.68ms
[376.557s][info][gc,phases      ] GC(857)   Post Evacuate Collection Set: 0.58ms
[376.557s][info][gc,phases      ] GC(857)   Other: 0.11ms
[376.557s][info][gc,heap        ] GC(857) Eden regions: 97->0(102)
[376.557s][info][gc,heap        ] GC(857) Survivor regions: 16->9(15)
[376.557s][info][gc,heap        ] GC(857) Old regions: 789->795
[376.557s][info][gc,heap        ] GC(857) Humongous regions: 8->8
[376.557s][info][gc,metaspace   ] GC(857) Metaspace: 18869K(18944K)->18869K(18944K) NonClass: 17040K(17088K)->17040K(17088K) Class: 1829K(1856K)->1829K(1856K)
[376.557s][info][gc             ] GC(857) Pause Young (Mixed) (G1 Evacuation Pause) 909M->811M(978M) 83.533ms
[376.557s][info][gc,cpu         ] GC(857) User=0.16s Sys=0.00s Real=0.08s
[376.610s][info][gc,start       ] GC(858) Pause Young (Concurrent Start) (G1 Evacuation Pause)
[376.610s][info][gc,task        ] GC(858) Using 2 workers of 2 for evacuation
[376.629s][info][gc,phases      ] GC(858)   Pre Evacuate Collection Set: 0.39ms
[376.629s][info][gc,phases      ] GC(858)   Merge Heap Roots: 0.19ms
[376.629s][info][gc,phases      ] GC(858)   Evacuate Collection Set: 18.41ms
[376.629s][info][gc,phases      ] GC(858)   Post Evacuate Collection Set: 0.40ms
[376.629s][info][gc,phases      ] GC(858)   Other: 0.11ms
[376.630s][info][gc,heap        ] GC(858) Eden regions: 102->0(106)
[376.630s][info][gc,heap        ] GC(858) Survivor regions: 9->3(14)
[376.630s][info][gc,heap        ] GC(858) Old regions: 795->805
[376.630s][info][gc,heap        ] GC(858) Humongous regions: 8->8
[376.630s][info][gc,metaspace   ] GC(858) Metaspace: 18869K(18944K)->18869K(18944K) NonClass: 17040K(17088K)->17040K(17088K) Class: 1829K(1856K)->1829K(1856K)
[376.630s][info][gc             ] GC(858) Pause Young (Concurrent Start) (G1 Evacuation Pause) 913M->814M(978M) 19.751ms
[376.630s][info][gc,cpu         ] GC(858) User=0.04s Sys=0.00s Real=0.02s
[376.630s][info][gc             ] GC(859) Concurrent Mark Cycle
[376.630s][info][gc,marking     ] GC(859) Concurrent Scan Root Regions
[376.660s][info][gc,marking     ] GC(859) Concurrent Scan Root Regions 29.931ms
[376.660s][info][gc,marking     ] GC(859) Concurrent Mark
[376.660s][info][gc,marking     ] GC(859) Concurrent Mark From Roots
[376.660s][info][gc,task        ] GC(859) Using 1 workers of 1 for marking
[376.760s][info][gc,start       ] GC(860) Pause Young (Normal) (G1 Evacuation Pause)
[376.760s][info][gc,task        ] GC(860) Using 2 workers of 2 for evacuation
[376.780s][info][gc,phases      ] GC(860)   Pre Evacuate Collection Set: 0.55ms
[376.780s][info][gc,phases      ] GC(860)   Merge Heap Roots: 0.36ms
[376.780s][info][gc,phases      ] GC(860)   Evacuate Collection Set: 18.38ms
[376.780s][info][gc,phases      ] GC(860)   Post Evacuate Collection Set: 0.47ms
[376.780s][info][gc,phases      ] GC(860)   Other: 0.08ms
[376.780s][info][gc,heap        ] GC(860) Eden regions: 106->0(107)
[376.780s][info][gc,heap        ] GC(860) Survivor regions: 3->4(14)
[376.780s][info][gc,heap        ] GC(860) Old regions: 805->805
[376.780s][info][gc,heap        ] GC(860) Humongous regions: 8->8
[376.780s][info][gc,metaspace   ] GC(860) Metaspace: 18869K(18944K)->18869K(18944K) NonClass: 17040K(17088K)->17040K(17088K) Class: 1829K(1856K)->1829K(1856K)
[376.780s][info][gc             ] GC(860) Pause Young (Normal) (G1 Evacuation Pause) 920M->816M(978M) 20.064ms
[376.780s][info][gc,cpu         ] GC(860) User=0.04s Sys=0.00s Real=0.02s
[376.983s][info][gc,start       ] GC(861) Pause Young (Normal) (G1 Evacuation Pause)
[376.983s][info][gc,task        ] GC(861) Using 2 workers of 2 for evacuation
[377.037s][info][gc,phases      ] GC(861)   Pre Evacuate Collection Set: 0.33ms
[377.037s][info][gc,phases      ] GC(861)   Merge Heap Roots: 0.43ms
[377.037s][info][gc,phases      ] GC(861)   Evacuate Collection Set: 52.52ms
[377.037s][info][gc,phases      ] GC(861)   Post Evacuate Collection Set: 0.57ms
[377.037s][info][gc,phases      ] GC(861)   Other: 0.11ms
[377.037s][info][gc,heap        ] GC(861) Eden regions: 107->0(75)
[377.037s][info][gc,heap        ] GC(861) Survivor regions: 4->14(14)
[377.037s][info][gc,heap        ] GC(861) Old regions: 805->814
[377.037s][info][gc,heap        ] GC(861) Humongous regions: 11->11
[377.037s][info][gc,metaspace   ] GC(861) Metaspace: 18869K(18944K)->18869K(18944K) NonClass: 17040K(17088K)->17040K(17088K) Class: 1829K(1856K)->1829K(1856K)
[377.037s][info][gc             ] GC(861) Pause Young (Normal) (G1 Evacuation Pause) 926M->838M(978M) 54.212ms
[377.037s][info][gc,cpu         ] GC(861) User=0.11s Sys=0.00s Real=0.05s
[377.197s][info][gc,start       ] GC(862) Pause Young (Normal) (G1 Evacuation Pause)
[377.197s][info][gc,task        ] GC(862) Using 2 workers of 2 for evacuation
[377.231s][info][gc,phases      ] GC(862)   Pre Evacuate Collection Set: 0.32ms
[377.231s][info][gc,phases      ] GC(862)   Merge Heap Roots: 0.37ms
[377.231s][info][gc,phases      ] GC(862)   Evacuate Collection Set: 32.80ms
[377.231s][info][gc,phases      ] GC(862)   Post Evacuate Collection Set: 0.36ms
[377.231s][info][gc,phases      ] GC(862)   Other: 0.11ms
[377.231s][info][gc,heap        ] GC(862) Eden regions: 75->0(86)
[377.231s][info][gc,heap        ] GC(862) Survivor regions: 14->1(12)
[377.231s][info][gc,heap        ] GC(862) Old regions: 814->829
[377.231s][info][gc,heap        ] GC(862) Humongous regions: 11->11
[377.231s][info][gc,metaspace   ] GC(862) Metaspace: 18869K(18944K)->18869K(18944K) NonClass: 17040K(17088K)->17040K(17088K) Class: 1829K(1856K)->1829K(1856K)
[377.231s][info][gc             ] GC(862) Pause Young (Normal) (G1 Evacuation Pause) 913M->840M(978M) 34.197ms
[377.231s][info][gc,cpu         ] GC(862) User=0.07s Sys=0.00s Real=0.03s
[377.368s][info][gc,start       ] GC(863) Pause Young (Normal) (G1 Evacuation Pause)
[377.368s][info][gc,task        ] GC(863) Using 2 workers of 2 for evacuation
[377.394s][info][gc,phases      ] GC(863)   Pre Evacuate Collection Set: 0.55ms
[377.394s][info][gc,phases      ] GC(863)   Merge Heap Roots: 0.15ms
[377.394s][info][gc,phases      ] GC(863)   Evacuate Collection Set: 24.38ms
[377.394s][info][gc,phases      ] GC(863)   Post Evacuate Collection Set: 0.40ms
[377.394s][info][gc,phases      ] GC(863)   Other: 0.08ms
[377.394s][info][gc,heap        ] GC(863) Eden regions: 86->0(59)
[377.394s][info][gc,heap        ] GC(863) Survivor regions: 1->11(11)
[377.394s][info][gc,heap        ] GC(863) Old regions: 829->836
[377.394s][info][gc,heap        ] GC(863) Humongous regions: 11->11
[377.394s][info][gc,metaspace   ] GC(863) Metaspace: 18869K(18944K)->18869K(18944K) NonClass: 17040K(17088K)->17040K(17088K) Class: 1829K(1856K)->1829K(1856K)
[377.394s][info][gc             ] GC(863) Pause Young (Normal) (G1 Evacuation Pause) 926M->857M(978M) 25.824ms
[377.394s][info][gc,cpu         ] GC(863) User=0.05s Sys=0.00s Real=0.03s
[377.489s][info][gc,start       ] GC(864) Pause Young (Normal) (G1 Evacuation Pause)
[377.489s][info][gc,task        ] GC(864) Using 2 workers of 2 for evacuation
[377.513s][info][gc,phases      ] GC(864)   Pre Evacuate Collection Set: 0.55ms
[377.513s][info][gc,phases      ] GC(864)   Merge Heap Roots: 0.16ms
[377.513s][info][gc,phases      ] GC(864)   Evacuate Collection Set: 23.29ms
[377.513s][info][gc,phases      ] GC(864)   Post Evacuate Collection Set: 0.34ms
[377.513s][info][gc,phases      ] GC(864)   Other: 0.08ms
[377.513s][info][gc,heap        ] GC(864) Eden regions: 59->0(56)
[377.513s][info][gc,heap        ] GC(864) Survivor regions: 11->7(9)
[377.513s][info][gc,heap        ] GC(864) Old regions: 836->847
[377.514s][info][gc,heap        ] GC(864) Humongous regions: 11->11
[377.514s][info][gc,metaspace   ] GC(864) Metaspace: 18869K(18944K)->18869K(18944K) NonClass: 17040K(17088K)->17040K(17088K) Class: 1829K(1856K)->1829K(1856K)
[377.514s][info][gc             ] GC(864) Pause Young (Normal) (G1 Evacuation Pause) 916M->864M(978M) 24.712ms
[377.514s][info][gc,cpu         ] GC(864) User=0.05s Sys=0.00s Real=0.03s
[377.573s][info][gc,start       ] GC(865) Pause Young (Normal) (G1 Evacuation Pause)
[377.573s][info][gc,task        ] GC(865) Using 2 workers of 2 for evacuation
[377.599s][info][gc,phases      ] GC(865)   Pre Evacuate Collection Set: 0.54ms
[377.599s][info][gc,phases      ] GC(865)   Merge Heap Roots: 0.14ms
[377.599s][info][gc,phases      ] GC(865)   Evacuate Collection Set: 24.65ms
[377.599s][info][gc,phases      ] GC(865)   Post Evacuate Collection Set: 0.34ms
[377.599s][info][gc,phases      ] GC(865)   Other: 0.13ms
[377.599s][info][gc,heap        ] GC(865) Eden regions: 56->0(43)
[377.599s][info][gc,heap        ] GC(865) Survivor regions: 7->8(8)
[377.599s][info][gc,heap        ] GC(865) Old regions: 847->858
[377.599s][info][gc,heap        ] GC(865) Humongous regions: 11->11
[377.599s][info][gc,metaspace   ] GC(865) Metaspace: 18869K(18944K)->18869K(18944K) NonClass: 17040K(17088K)->17040K(17088K) Class: 1829K(1856K)->1829K(1856K)
[377.599s][info][gc             ] GC(865) Pause Young (Normal) (G1 Evacuation Pause) 920M->876M(978M) 26.061ms
[377.599s][info][gc,cpu         ] GC(865) User=0.05s Sys=0.01s Real=0.02s
[377.649s][info][gc,start       ] GC(866) Pause Young (Normal) (G1 Evacuation Pause)
[377.649s][info][gc,task        ] GC(866) Using 2 workers of 2 for evacuation
[377.677s][info][gc,phases      ] GC(866)   Pre Evacuate Collection Set: 0.35ms
[377.677s][info][gc,phases      ] GC(866)   Merge Heap Roots: 0.14ms
[377.677s][info][gc,phases      ] GC(866)   Evacuate Collection Set: 26.90ms
[377.677s][info][gc,phases      ] GC(866)   Post Evacuate Collection Set: 0.35ms
[377.677s][info][gc,phases      ] GC(866)   Other: 0.07ms
[377.677s][info][gc,heap        ] GC(866) Eden regions: 43->0(41)
[377.677s][info][gc,heap        ] GC(866) Survivor regions: 8->7(7)
[377.677s][info][gc,heap        ] GC(866) Old regions: 858->872
[377.677s][info][gc,heap        ] GC(866) Humongous regions: 11->11
[377.677s][info][gc,metaspace   ] GC(866) Metaspace: 18869K(18944K)->18869K(18944K) NonClass: 17040K(17088K)->17040K(17088K) Class: 1829K(1856K)->1829K(1856K)
[377.677s][info][gc             ] GC(866) Pause Young (Normal) (G1 Evacuation Pause) 919M->889M(978M) 28.054ms
[377.677s][info][gc,cpu         ] GC(866) User=0.06s Sys=0.00s Real=0.03s
[377.734s][info][gc,start       ] GC(867) Pause Young (Normal) (G1 Evacuation Pause)
[377.734s][info][gc,task        ] GC(867) Using 2 workers of 2 for evacuation
[377.752s][info][gc,phases      ] GC(867)   Pre Evacuate Collection Set: 0.33ms
[377.752s][info][gc,phases      ] GC(867)   Merge Heap Roots: 0.14ms
[377.752s][info][gc,phases      ] GC(867)   Evacuate Collection Set: 16.90ms
[377.752s][info][gc,phases      ] GC(867)   Post Evacuate Collection Set: 0.32ms
[377.752s][info][gc,phases      ] GC(867)   Other: 0.13ms
[377.752s][info][gc,heap        ] GC(867) Eden regions: 41->0(43)
[377.752s][info][gc,heap        ] GC(867) Survivor regions: 7->5(6)
[377.752s][info][gc,heap        ] GC(867) Old regions: 872->880
[377.752s][info][gc,heap        ] GC(867) Humongous regions: 11->11
[377.752s][info][gc,metaspace   ] GC(867) Metaspace: 18869K(18944K)->18869K(18944K) NonClass: 17040K(17088K)->17040K(17088K) Class: 1829K(1856K)->1829K(1856K)
[377.752s][info][gc             ] GC(867) Pause Young (Normal) (G1 Evacuation Pause) 930M->895M(978M) 18.066ms
[377.752s][info][gc,cpu         ] GC(867) User=0.03s Sys=0.00s Real=0.01s
[377.802s][info][gc,start       ] GC(868) Pause Young (Normal) (G1 Evacuation Pause)
[377.802s][info][gc,task        ] GC(868) Using 2 workers of 2 for evacuation
[377.817s][info][gc,phases      ] GC(868)   Pre Evacuate Collection Set: 0.38ms
[377.817s][info][gc,phases      ] GC(868)   Merge Heap Roots: 0.17ms
[377.817s][info][gc,phases      ] GC(868)   Evacuate Collection Set: 14.10ms
[377.817s][info][gc,phases      ] GC(868)   Post Evacuate Collection Set: 0.41ms
[377.817s][info][gc,phases      ] GC(868)   Other: 0.12ms
[377.817s][info][gc,heap        ] GC(868) Eden regions: 43->0(44)
[377.817s][info][gc,heap        ] GC(868) Survivor regions: 5->4(6)
[377.817s][info][gc,heap        ] GC(868) Old regions: 880->884
[377.817s][info][gc,heap        ] GC(868) Humongous regions: 11->11
[377.817s][info][gc,metaspace   ] GC(868) Metaspace: 18869K(18944K)->18869K(18944K) NonClass: 17040K(17088K)->17040K(17088K) Class: 1829K(1856K)->1829K(1856K)
[377.817s][info][gc             ] GC(868) Pause Young (Normal) (G1 Evacuation Pause) 938M->898M(978M) 15.522ms
[377.817s][info][gc,cpu         ] GC(868) User=0.03s Sys=0.00s Real=0.02s
[377.870s][info][gc,start       ] GC(869) Pause Young (Normal) (G1 Evacuation Pause)
[377.870s][info][gc,task        ] GC(869) Using 2 workers of 2 for evacuation
[377.876s][info][gc,phases      ] GC(869)   Pre Evacuate Collection Set: 0.57ms
[377.876s][info][gc,phases      ] GC(869)   Merge Heap Roots: 0.08ms
[377.876s][info][gc,phases      ] GC(869)   Evacuate Collection Set: 5.45ms
[377.876s][info][gc,phases      ] GC(869)   Post Evacuate Collection Set: 0.31ms
[377.876s][info][gc,phases      ] GC(869)   Other: 0.09ms
[377.876s][info][gc,heap        ] GC(869) Eden regions: 44->0(47)
[377.876s][info][gc,heap        ] GC(869) Survivor regions: 4->1(6)
[377.876s][info][gc,heap        ] GC(869) Old regions: 884->888
[377.876s][info][gc,heap        ] GC(869) Humongous regions: 11->11
[377.876s][info][gc,metaspace   ] GC(869) Metaspace: 18869K(18944K)->18869K(18944K) NonClass: 17040K(17088K)->17040K(17088K) Class: 1829K(1856K)->1829K(1856K)
[377.876s][info][gc             ] GC(869) Pause Young (Normal) (G1 Evacuation Pause) 942M->899M(978M) 6.706ms
[377.876s][info][gc,cpu         ] GC(869) User=0.01s Sys=0.00s Real=0.01s
[377.953s][info][gc,start       ] GC(870) Pause Young (Normal) (G1 Evacuation Pause)
[377.953s][info][gc,task        ] GC(870) Using 2 workers of 2 for evacuation
[377.956s][info][gc,phases      ] GC(870)   Pre Evacuate Collection Set: 0.31ms
[377.956s][info][gc,phases      ] GC(870)   Merge Heap Roots: 0.06ms
[377.956s][info][gc,phases      ] GC(870)   Evacuate Collection Set: 2.04ms
[377.956s][info][gc,phases      ] GC(870)   Post Evacuate Collection Set: 0.33ms
[377.956s][info][gc,phases      ] GC(870)   Other: 0.09ms
[377.956s][info][gc,heap        ] GC(870) Eden regions: 47->0(46)
[377.956s][info][gc,heap        ] GC(870) Survivor regions: 1->2(6)
[377.956s][info][gc,heap        ] GC(870) Old regions: 888->888
[377.956s][info][gc,heap        ] GC(870) Humongous regions: 11->11
[377.956s][info][gc,metaspace   ] GC(870) Metaspace: 18869K(18944K)->18869K(18944K) NonClass: 17040K(17088K)->17040K(17088K) Class: 1829K(1856K)->1829K(1856K)
[377.956s][info][gc             ] GC(870) Pause Young (Normal) (G1 Evacuation Pause) 946M->900M(978M) 3.079ms
[377.956s][info][gc,cpu         ] GC(870) User=0.01s Sys=0.00s Real=0.00s
[378.024s][info][gc,marking     ] GC(859) Concurrent Mark From Roots 1363.869ms
[378.024s][info][gc,marking     ] GC(859) Concurrent Preclean
[378.024s][info][gc,marking     ] GC(859) Concurrent Preclean 0.057ms
[378.024s][info][gc,start       ] GC(859) Pause Remark
[378.033s][info][gc             ] GC(859) Pause Remark 933M->583M(978M) 8.846ms
[378.033s][info][gc,cpu         ] GC(859) User=0.01s Sys=0.00s Real=0.01s
[378.033s][info][gc,marking     ] GC(859) Concurrent Mark 1373.158ms
[378.033s][info][gc,marking     ] GC(859) Concurrent Rebuild Remembered Sets and Scrub Regions
[378.050s][info][gc,start       ] GC(871) Pause Young (Normal) (G1 Evacuation Pause)
[378.050s][info][gc,task        ] GC(871) Using 2 workers of 2 for evacuation
[378.057s][info][gc,phases      ] GC(871)   Pre Evacuate Collection Set: 0.49ms
[378.057s][info][gc,phases      ] GC(871)   Merge Heap Roots: 0.15ms
[378.057s][info][gc,phases      ] GC(871)   Evacuate Collection Set: 5.78ms
[378.057s][info][gc,phases      ] GC(871)   Post Evacuate Collection Set: 0.33ms
[378.057s][info][gc,phases      ] GC(871)   Other: 0.09ms
[378.057s][info][gc,heap        ] GC(871) Eden regions: 46->0(282)
[378.057s][info][gc,heap        ] GC(871) Survivor regions: 2->2(6)
[378.057s][info][gc,heap        ] GC(871) Old regions: 543->543
[378.057s][info][gc,heap        ] GC(871) Humongous regions: 6->6
[378.057s][info][gc,metaspace   ] GC(871) Metaspace: 18869K(18944K)->18869K(18944K) NonClass: 17040K(17088K)->17040K(17088K) Class: 1829K(1856K)->1829K(1856K)
[378.057s][info][gc             ] GC(871) Pause Young (Normal) (G1 Evacuation Pause) 596M->550M(978M) 7.101ms
[378.057s][info][gc,cpu         ] GC(871) User=0.01s Sys=0.00s Real=0.01s
[378.533s][info][gc,marking     ] GC(859) Concurrent Rebuild Remembered Sets and Scrub Regions 500.164ms
[378.533s][info][gc,start       ] GC(859) Pause Cleanup
[378.533s][info][gc             ] GC(859) Pause Cleanup 777M->777M(978M) 0.175ms
[378.533s][info][gc,cpu         ] GC(859) User=0.00s Sys=0.00s Real=0.00s
[378.534s][info][gc,marking     ] GC(859) Concurrent Clear Claimed Marks
[378.535s][info][gc,marking     ] GC(859) Concurrent Clear Claimed Marks 0.050ms
[378.535s][info][gc,marking     ] GC(859) Concurrent Cleanup for Next Mark
[378.542s][info][gc,marking     ] GC(859) Concurrent Cleanup for Next Mark 7.033ms
[378.542s][info][gc             ] GC(859) Concurrent Mark Cycle 1911.991ms
[378.614s][info][gc,start       ] GC(872) Pause Young (Prepare Mixed) (G1 Evacuation Pause)
[378.614s][info][gc,task        ] GC(872) Using 2 workers of 2 for evacuation
[378.648s][info][gc,phases      ] GC(872)   Pre Evacuate Collection Set: 0.55ms
[378.648s][info][gc,phases      ] GC(872)   Merge Heap Roots: 0.27ms
[378.648s][info][gc,phases      ] GC(872)   Evacuate Collection Set: 32.44ms
[378.648s][info][gc,phases      ] GC(872)   Post Evacuate Collection Set: 0.55ms
[378.648s][info][gc,phases      ] GC(872)   Other: 0.12ms
[378.648s][info][gc,heap        ] GC(872) Eden regions: 282->0(278)
[378.648s][info][gc,heap        ] GC(872) Survivor regions: 2->23(36)
[378.648s][info][gc,heap        ] GC(872) Old regions: 543->543
[378.648s][info][gc,heap        ] GC(872) Humongous regions: 6->6
[378.648s][info][gc,metaspace   ] GC(872) Metaspace: 18869K(18944K)->18869K(18944K) NonClass: 17040K(17088K)->17040K(17088K) Class: 1829K(1856K)->1829K(1856K)
[378.649s][info][gc             ] GC(872) Pause Young (Prepare Mixed) (G1 Evacuation Pause) 832M->571M(978M) 34.187ms
[378.649s][info][gc,cpu         ] GC(872) User=0.07s Sys=0.00s Real=0.03s
[379.453s][info][gc,start       ] GC(873) Pause Young (Mixed) (G1 Evacuation Pause)
[379.453s][info][gc,task        ] GC(873) Using 2 workers of 2 for evacuation
[379.501s][info][gc,phases      ] GC(873)   Pre Evacuate Collection Set: 0.57ms
[379.501s][info][gc,phases      ] GC(873)   Merge Heap Roots: 0.52ms
[379.501s][info][gc,phases      ] GC(873)   Evacuate Collection Set: 45.85ms
[379.501s][info][gc,phases      ] GC(873)   Post Evacuate Collection Set: 0.72ms
[379.501s][info][gc,phases      ] GC(873)   Other: 0.10ms
[379.501s][info][gc,heap        ] GC(873) Eden regions: 278->0(360)
[379.501s][info][gc,heap        ] GC(873) Survivor regions: 23->6(38)
[379.501s][info][gc,heap        ] GC(873) Old regions: 543->473
[379.501s][info][gc,heap        ] GC(873) Humongous regions: 6->6
[379.501s][info][gc,metaspace   ] GC(873) Metaspace: 18869K(18944K)->18869K(18944K) NonClass: 17040K(17088K)->17040K(17088K) Class: 1829K(1856K)->1829K(1856K)
[379.501s][info][gc             ] GC(873) Pause Young (Mixed) (G1 Evacuation Pause) 849M->484M(978M) 48.032ms
[379.501s][info][gc,cpu         ] GC(873) User=0.09s Sys=0.01s Real=0.04s
[380.390s][info][gc,start       ] GC(874) Pause Young (Concurrent Start) (G1 Evacuation Pause)
[380.390s][info][gc,task        ] GC(874) Using 2 workers of 2 for evacuation
[380.417s][info][gc,phases      ] GC(874)   Pre Evacuate Collection Set: 0.34ms
[380.417s][info][gc,phases      ] GC(874)   Merge Heap Roots: 0.44ms
[380.417s][info][gc,phases      ] GC(874)   Evacuate Collection Set: 24.98ms
[380.417s][info][gc,phases      ] GC(874)   Post Evacuate Collection Set: 0.68ms
[380.417s][info][gc,phases      ] GC(874)   Other: 0.14ms
[380.417s][info][gc,heap        ] GC(874) Eden regions: 360->0(376)
[380.417s][info][gc,heap        ] GC(874) Survivor regions: 6->11(46)
[380.417s][info][gc,heap        ] GC(874) Old regions: 473->473
[380.417s][info][gc,heap        ] GC(874) Humongous regions: 6->6
[380.417s][info][gc,metaspace   ] GC(874) Metaspace: 18869K(18944K)->18869K(18944K) NonClass: 17040K(17088K)->17040K(17088K) Class: 1829K(1856K)->1829K(1856K)
[380.417s][info][gc             ] GC(874) Pause Young (Concurrent Start) (G1 Evacuation Pause) 844M->489M(978M) 26.864ms
[380.417s][info][gc,cpu         ] GC(874) User=0.05s Sys=0.00s Real=0.03s
[380.417s][info][gc             ] GC(875) Concurrent Mark Cycle
[380.419s][info][gc,marking     ] GC(875) Concurrent Scan Root Regions
[380.440s][info][gc,marking     ] GC(875) Concurrent Scan Root Regions 21.348ms
[380.440s][info][gc,marking     ] GC(875) Concurrent Mark
[380.440s][info][gc,marking     ] GC(875) Concurrent Mark From Roots
[380.440s][info][gc,task        ] GC(875) Using 1 workers of 1 for marking
[381.265s][info][gc,start       ] GC(876) Pause Young (Normal) (G1 Evacuation Pause)
[381.265s][info][gc,task        ] GC(876) Using 2 workers of 2 for evacuation
[381.377s][info][gc,phases      ] GC(876)   Pre Evacuate Collection Set: 0.31ms
[381.377s][info][gc,phases      ] GC(876)   Merge Heap Roots: 0.57ms
[381.377s][info][gc,phases      ] GC(876)   Evacuate Collection Set: 109.95ms
[381.377s][info][gc,phases      ] GC(876)   Post Evacuate Collection Set: 0.98ms
[381.377s][info][gc,phases      ] GC(876)   Other: 0.10ms
[381.377s][info][gc,heap        ] GC(876) Eden regions: 376->0(293)
[381.377s][info][gc,heap        ] GC(876) Survivor regions: 11->49(49)
[381.377s][info][gc,heap        ] GC(876) Old regions: 473->514
[381.377s][info][gc,heap        ] GC(876) Humongous regions: 6->6
[381.377s][info][gc,metaspace   ] GC(876) Metaspace: 18869K(18944K)->18869K(18944K) NonClass: 17040K(17088K)->17040K(17088K) Class: 1829K(1856K)->1829K(1856K)
[381.377s][info][gc             ] GC(876) Pause Young (Normal) (G1 Evacuation Pause) 865M->568M(978M) 112.190ms
[381.377s][info][gc,cpu         ] GC(876) User=0.22s Sys=0.00s Real=0.11s
[381.650s][info][gc,marking     ] GC(875) Concurrent Mark From Roots 1210.316ms
[381.650s][info][gc,marking     ] GC(875) Concurrent Preclean
[381.650s][info][gc,marking     ] GC(875) Concurrent Preclean 0.045ms
[381.651s][info][gc,start       ] GC(875) Pause Remark
[381.659s][info][gc             ] GC(875) Pause Remark 707M->621M(978M) 8.772ms
[381.659s][info][gc,cpu         ] GC(875) User=0.02s Sys=0.00s Real=0.01s
[381.660s][info][gc,marking     ] GC(875) Concurrent Mark 1220.321ms
[381.660s][info][gc,marking     ] GC(875) Concurrent Rebuild Remembered Sets and Scrub Regions
[381.864s][info][gc,start       ] GC(877) Pause Young (Normal) (G1 Evacuation Pause)
[381.864s][info][gc,task        ] GC(877) Using 2 workers of 2 for evacuation
[382.027s][info][gc,phases      ] GC(877)   Pre Evacuate Collection Set: 0.54ms
[382.028s][info][gc,phases      ] GC(877)   Merge Heap Roots: 0.62ms
[382.028s][info][gc,phases      ] GC(877)   Evacuate Collection Set: 160.75ms
[382.028s][info][gc,phases      ] GC(877)   Post Evacuate Collection Set: 0.95ms
[382.028s][info][gc,phases      ] GC(877)   Other: 0.11ms
[382.028s][info][gc,heap        ] GC(877) Eden regions: 293->0(275)
[382.028s][info][gc,heap        ] GC(877) Survivor regions: 49->43(43)
[382.028s][info][gc,heap        ] GC(877) Old regions: 430->509
[382.028s][info][gc,heap        ] GC(877) Humongous regions: 7->7
[382.028s][info][gc,metaspace   ] GC(877) Metaspace: 18870K(18944K)->18870K(18944K) NonClass: 17041K(17088K)->17041K(17088K) Class: 1829K(1856K)->1829K(1856K)
[382.028s][info][gc             ] GC(877) Pause Young (Normal) (G1 Evacuation Pause) 778M->558M(978M) 163.270ms
[382.028s][info][gc,cpu         ] GC(877) User=0.32s Sys=0.00s Real=0.16s
[382.322s][info][gc,start       ] GC(878) Pause Young (Normal) (G1 Evacuation Pause)
[382.322s][info][gc,task        ] GC(878) Using 2 workers of 2 for evacuation
[382.420s][info][gc,phases      ] GC(878)   Pre Evacuate Collection Set: 0.51ms
[382.420s][info][gc,phases      ] GC(878)   Merge Heap Roots: 0.96ms
[382.420s][info][gc,phases      ] GC(878)   Evacuate Collection Set: 95.97ms
[382.420s][info][gc,phases      ] GC(878)   Post Evacuate Collection Set: 0.63ms
[382.420s][info][gc,phases      ] GC(878)   Other: 0.11ms
[382.420s][info][gc,heap        ] GC(878) Eden regions: 275->0(268)
[382.420s][info][gc,heap        ] GC(878) Survivor regions: 43->24(40)
[382.420s][info][gc,heap        ] GC(878) Old regions: 509->553
[382.420s][info][gc,heap        ] GC(878) Humongous regions: 7->7
[382.420s][info][gc,metaspace   ] GC(878) Metaspace: 18871K(18944K)->18871K(18944K) NonClass: 17042K(17088K)->17042K(17088K) Class: 1829K(1856K)->1829K(1856K)
[382.420s][info][gc             ] GC(878) Pause Young (Normal) (G1 Evacuation Pause) 833M->583M(978M) 98.492ms
[382.420s][info][gc,cpu         ] GC(878) User=0.19s Sys=0.00s Real=0.10s
[382.502s][info][gc,marking     ] GC(875) Concurrent Rebuild Remembered Sets and Scrub Regions 842.105ms
[382.503s][info][gc,start       ] GC(875) Pause Cleanup
[382.503s][info][gc             ] GC(875) Pause Cleanup 656M->656M(978M) 0.124ms
[382.503s][info][gc,cpu         ] GC(875) User=0.00s Sys=0.00s Real=0.00s
[382.503s][info][gc,marking     ] GC(875) Concurrent Clear Claimed Marks
[382.503s][info][gc,marking     ] GC(875) Concurrent Clear Claimed Marks 0.032ms
[382.503s][info][gc,marking     ] GC(875) Concurrent Cleanup for Next Mark
[382.506s][info][gc,marking     ] GC(875) Concurrent Cleanup for Next Mark 2.994ms
[382.506s][info][gc             ] GC(875) Concurrent Mark Cycle 2089.012ms
[382.662s][info][gc,start       ] GC(879) Pause Young (Prepare Mixed) (G1 Evacuation Pause)
[382.662s][info][gc,task        ] GC(879) Using 2 workers of 2 for evacuation
[382.731s][info][gc,phases      ] GC(879)   Pre Evacuate Collection Set: 0.55ms
[382.731s][info][gc,phases      ] GC(879)   Merge Heap Roots: 0.38ms
[382.731s][info][gc,phases      ] GC(879)   Evacuate Collection Set: 67.27ms
[382.731s][info][gc,phases      ] GC(879)   Post Evacuate Collection Set: 0.64ms
[382.731s][info][gc,phases      ] GC(879)   Other: 0.10ms
[382.731s][info][gc,heap        ] GC(879) Eden regions: 268->0(258)
[382.731s][info][gc,heap        ] GC(879) Survivor regions: 24->23(37)
[382.731s][info][gc,heap        ] GC(879) Old regions: 553->577
[382.731s][info][gc,heap        ] GC(879) Humongous regions: 8->8
[382.731s][info][gc,metaspace   ] GC(879) Metaspace: 18871K(18944K)->18871K(18944K) NonClass: 17042K(17088K)->17042K(17088K) Class: 1829K(1856K)->1829K(1856K)
[382.731s][info][gc             ] GC(879) Pause Young (Prepare Mixed) (G1 Evacuation Pause) 852M->606M(978M) 69.193ms
[382.731s][info][gc,cpu         ] GC(879) User=0.13s Sys=0.00s Real=0.07s
[382.922s][info][gc,start       ] GC(880) Pause Young (Mixed) (G1 Evacuation Pause)
[382.922s][info][gc,task        ] GC(880) Using 2 workers of 2 for evacuation
[383.006s][info][gc,phases      ] GC(880)   Pre Evacuate Collection Set: 0.33ms
[383.006s][info][gc,phases      ] GC(880)   Merge Heap Roots: 1.04ms
[383.006s][info][gc,phases      ] GC(880)   Evacuate Collection Set: 82.26ms
[383.006s][info][gc,phases      ] GC(880)   Post Evacuate Collection Set: 0.59ms
[383.006s][info][gc,phases      ] GC(880)   Other: 0.09ms
[383.006s][info][gc,heap        ] GC(880) Eden regions: 258->0(286)
[383.006s][info][gc,heap        ] GC(880) Survivor regions: 23->12(36)
[383.006s][info][gc,heap        ] GC(880) Old regions: 577->567
[383.006s][info][gc,heap        ] GC(880) Humongous regions: 8->8
[383.006s][info][gc,metaspace   ] GC(880) Metaspace: 18872K(18944K)->18872K(18944K) NonClass: 17043K(17088K)->17043K(17088K) Class: 1829K(1856K)->1829K(1856K)
[383.006s][info][gc             ] GC(880) Pause Young (Mixed) (G1 Evacuation Pause) 864M->586M(978M) 84.584ms
[383.006s][info][gc,cpu         ] GC(880) User=0.17s Sys=0.00s Real=0.09s
[383.362s][info][gc,start       ] GC(881) Pause Young (Concurrent Start) (G1 Evacuation Pause)
[383.362s][info][gc,task        ] GC(881) Using 2 workers of 2 for evacuation
[383.424s][info][gc,phases      ] GC(881)   Pre Evacuate Collection Set: 0.33ms
[383.424s][info][gc,phases      ] GC(881)   Merge Heap Roots: 0.32ms
[383.424s][info][gc,phases      ] GC(881)   Evacuate Collection Set: 60.29ms
[383.424s][info][gc,phases      ] GC(881)   Post Evacuate Collection Set: 0.63ms
[383.424s][info][gc,phases      ] GC(881)   Other: 0.13ms
[383.424s][info][gc,heap        ] GC(881) Eden regions: 286->0(259)
[383.424s][info][gc,heap        ] GC(881) Survivor regions: 12->38(38)
[383.424s][info][gc,heap        ] GC(881) Old regions: 567->574
[383.424s][info][gc,heap        ] GC(881) Humongous regions: 8->8
[383.424s][info][gc,metaspace   ] GC(881) Metaspace: 18873K(18944K)->18873K(18944K) NonClass: 17043K(17088K)->17043K(17088K) Class: 1829K(1856K)->1829K(1856K)
[383.424s][info][gc             ] GC(881) Pause Young (Concurrent Start) (G1 Evacuation Pause) 872M->619M(978M) 62.012ms
[383.424s][info][gc             ] GC(882) Concurrent Mark Cycle
[383.424s][info][gc,marking     ] GC(882) Concurrent Scan Root Regions
[383.427s][info][gc,cpu         ] GC(881) User=0.12s Sys=0.00s Real=0.07s
[383.488s][info][gc,marking     ] GC(882) Concurrent Scan Root Regions 64.294ms
[383.489s][info][gc,marking     ] GC(882) Concurrent Mark
[383.489s][info][gc,marking     ] GC(882) Concurrent Mark From Roots
[383.489s][info][gc,task        ] GC(882) Using 1 workers of 1 for marking
[384.582s][info][gc,start       ] GC(883) Pause Young (Normal) (G1 Evacuation Pause)
[384.582s][info][gc,task        ] GC(883) Using 2 workers of 2 for evacuation
[384.655s][info][gc,phases      ] GC(883)   Pre Evacuate Collection Set: 0.32ms
[384.655s][info][gc,phases      ] GC(883)   Merge Heap Roots: 0.71ms
[384.655s][info][gc,phases      ] GC(883)   Evacuate Collection Set: 71.71ms
[384.655s][info][gc,phases      ] GC(883)   Post Evacuate Collection Set: 0.56ms
[384.656s][info][gc,phases      ] GC(883)   Other: 0.09ms
[384.656s][info][gc,heap        ] GC(883) Eden regions: 259->0(253)
[384.656s][info][gc,heap        ] GC(883) Survivor regions: 38->17(38)
[384.656s][info][gc,heap        ] GC(883) Old regions: 574->612
[384.656s][info][gc,heap        ] GC(883) Humongous regions: 8->8
[384.656s][info][gc,metaspace   ] GC(883) Metaspace: 18878K(19008K)->18878K(19008K) NonClass: 17049K(17152K)->17049K(17152K) Class: 1829K(1856K)->1829K(1856K)
[384.656s][info][gc             ] GC(883) Pause Young (Normal) (G1 Evacuation Pause) 878M->636M(978M) 73.672ms
[384.656s][info][gc,cpu         ] GC(883) User=0.15s Sys=0.00s Real=0.08s
[384.729s][info][gc,marking     ] GC(882) Concurrent Mark From Roots 1240.072ms
[384.729s][info][gc,marking     ] GC(882) Concurrent Preclean
[384.729s][info][gc,marking     ] GC(882) Concurrent Preclean 0.055ms
[384.729s][info][gc,start       ] GC(882) Pause Remark
[384.740s][info][gc             ] GC(882) Pause Remark 668M->574M(978M) 10.558ms
[384.740s][info][gc,cpu         ] GC(882) User=0.02s Sys=0.00s Real=0.01s
[384.740s][info][gc,marking     ] GC(882) Concurrent Mark 1251.525ms
[384.740s][info][gc,marking     ] GC(882) Concurrent Rebuild Remembered Sets and Scrub Regions
[385.130s][info][gc,start       ] GC(884) Pause Young (Normal) (G1 Evacuation Pause)
[385.130s][info][gc,task        ] GC(884) Using 2 workers of 2 for evacuation
[385.196s][info][gc,phases      ] GC(884)   Pre Evacuate Collection Set: 0.54ms
[385.197s][info][gc,phases      ] GC(884)   Merge Heap Roots: 0.16ms
[385.197s][info][gc,phases      ] GC(884)   Evacuate Collection Set: 64.68ms
[385.197s][info][gc,phases      ] GC(884)   Post Evacuate Collection Set: 0.77ms
[385.197s][info][gc,phases      ] GC(884)   Other: 0.11ms
[385.197s][info][gc,heap        ] GC(884) Eden regions: 253->0(275)
[385.197s][info][gc,heap        ] GC(884) Survivor regions: 17->34(34)
[385.197s][info][gc,heap        ] GC(884) Old regions: 521->551
[385.197s][info][gc,heap        ] GC(884) Humongous regions: 5->5
[385.197s][info][gc,metaspace   ] GC(884) Metaspace: 18882K(19008K)->18882K(19008K) NonClass: 17053K(17152K)->17053K(17152K) Class: 1829K(1856K)->1829K(1856K)
[385.197s][info][gc             ] GC(884) Pause Young (Normal) (G1 Evacuation Pause) 795M->589M(978M) 66.628ms
[385.197s][info][gc,cpu         ] GC(884) User=0.13s Sys=0.00s Real=0.07s
[385.334s][info][gc,marking     ] GC(882) Concurrent Rebuild Remembered Sets and Scrub Regions 593.961ms
[385.334s][info][gc,start       ] GC(882) Pause Cleanup
[385.334s][info][gc             ] GC(882) Pause Cleanup 682M->682M(978M) 0.196ms
[385.334s][info][gc,cpu         ] GC(882) User=0.00s Sys=0.00s Real=0.00s
[385.335s][info][gc,marking     ] GC(882) Concurrent Clear Claimed Marks
[385.335s][info][gc,marking     ] GC(882) Concurrent Clear Claimed Marks 0.042ms
[385.335s][info][gc,marking     ] GC(882) Concurrent Cleanup for Next Mark
[385.342s][info][gc,marking     ] GC(882) Concurrent Cleanup for Next Mark 7.040ms
[385.342s][info][gc             ] GC(882) Concurrent Mark Cycle 1917.530ms
[385.668s][info][gc,start       ] GC(885) Pause Young (Prepare Mixed) (G1 Evacuation Pause)
[385.668s][info][gc,task        ] GC(885) Using 2 workers of 2 for evacuation
[385.755s][info][gc,phases      ] GC(885)   Pre Evacuate Collection Set: 0.57ms
[385.755s][info][gc,phases      ] GC(885)   Merge Heap Roots: 0.43ms
[385.755s][info][gc,phases      ] GC(885)   Evacuate Collection Set: 85.08ms
[385.755s][info][gc,phases      ] GC(885)   Post Evacuate Collection Set: 0.72ms
[385.755s][info][gc,phases      ] GC(885)   Other: 0.10ms
[385.755s][info][gc,heap        ] GC(885) Eden regions: 275->0(244)
[385.755s][info][gc,heap        ] GC(885) Survivor regions: 34->39(39)
[385.755s][info][gc,heap        ] GC(885) Old regions: 551->586
[385.755s][info][gc,heap        ] GC(885) Humongous regions: 5->5
[385.755s][info][gc,metaspace   ] GC(885) Metaspace: 18883K(19008K)->18883K(19008K) NonClass: 17053K(17152K)->17053K(17152K) Class: 1829K(1856K)->1829K(1856K)
[385.755s][info][gc             ] GC(885) Pause Young (Prepare Mixed) (G1 Evacuation Pause) 864M->629M(978M) 87.180ms
[385.755s][info][gc,cpu         ] GC(885) User=0.17s Sys=0.00s Real=0.09s
[386.083s][info][gc,start       ] GC(886) Pause Young (Mixed) (G1 Evacuation Pause)
[386.083s][info][gc,task        ] GC(886) Using 2 workers of 2 for evacuation
[386.252s][info][gc,phases      ] GC(886)   Pre Evacuate Collection Set: 0.41ms
[386.252s][info][gc,phases      ] GC(886)   Merge Heap Roots: 1.10ms
[386.252s][info][gc,phases      ] GC(886)   Evacuate Collection Set: 163.49ms
[386.252s][info][gc,phases      ] GC(886)   Post Evacuate Collection Set: 3.57ms
[386.252s][info][gc,phases      ] GC(886)   Other: 0.10ms
[386.252s][info][gc,heap        ] GC(886) Eden regions: 244->0(223)
[386.252s][info][gc,heap        ] GC(886) Survivor regions: 39->36(36)
[386.252s][info][gc,heap        ] GC(886) Old regions: 586->600
[386.252s][info][gc,heap        ] GC(886) Humongous regions: 8->8
[386.252s][info][gc,metaspace   ] GC(886) Metaspace: 18883K(19008K)->18883K(19008K) NonClass: 17053K(17152K)->17053K(17152K) Class: 1829K(1856K)->1829K(1856K)
[386.252s][info][gc             ] GC(886) Pause Young (Mixed) (G1 Evacuation Pause) (Evacuation Failure: Allocation) 876M->643M(978M) 168.950ms
[386.252s][info][gc,cpu         ] GC(886) User=0.33s Sys=0.00s Real=0.16s
[386.521s][info][gc,start       ] GC(887) Pause Young (Mixed) (G1 Evacuation Pause)
[386.521s][info][gc,task        ] GC(887) Using 2 workers of 2 for evacuation
[386.631s][info][gc,phases      ] GC(887)   Pre Evacuate Collection Set: 0.58ms
[386.631s][info][gc,phases      ] GC(887)   Merge Heap Roots: 1.43ms
[386.631s][info][gc,phases      ] GC(887)   Evacuate Collection Set: 107.12ms
[386.631s][info][gc,phases      ] GC(887)   Post Evacuate Collection Set: 0.66ms
[386.631s][info][gc,phases      ] GC(887)   Other: 0.09ms
[386.631s][info][gc,heap        ] GC(887) Eden regions: 223->0(252)
[386.631s][info][gc,heap        ] GC(887) Survivor regions: 36->5(33)
[386.631s][info][gc,heap        ] GC(887) Old regions: 600->604
[386.631s][info][gc,heap        ] GC(887) Humongous regions: 8->8
[386.631s][info][gc,metaspace   ] GC(887) Metaspace: 18883K(19008K)->18883K(19008K) NonClass: 17053K(17152K)->17053K(17152K) Class: 1829K(1856K)->1829K(1856K)
[386.631s][info][gc             ] GC(887) Pause Young (Mixed) (G1 Evacuation Pause) 866M->616M(978M) 110.156ms
[386.631s][info][gc,cpu         ] GC(887) User=0.22s Sys=0.01s Real=0.11s
[386.928s][info][gc,start       ] GC(888) Pause Young (Concurrent Start) (G1 Evacuation Pause)
[386.928s][info][gc,task        ] GC(888) Using 2 workers of 2 for evacuation
[386.955s][info][gc,phases      ] GC(888)   Pre Evacuate Collection Set: 0.39ms
[386.955s][info][gc,phases      ] GC(888)   Merge Heap Roots: 0.27ms
[386.955s][info][gc,phases      ] GC(888)   Evacuate Collection Set: 25.75ms
[386.955s][info][gc,phases      ] GC(888)   Post Evacuate Collection Set: 0.57ms
[386.955s][info][gc,phases      ] GC(888)   Other: 0.21ms
[386.955s][info][gc,heap        ] GC(888) Eden regions: 252->0(256)
[386.955s][info][gc,heap        ] GC(888) Survivor regions: 5->15(33)
[386.955s][info][gc,heap        ] GC(888) Old regions: 604->604
[386.955s][info][gc,heap        ] GC(888) Humongous regions: 8->8
[386.955s][info][gc,metaspace   ] GC(888) Metaspace: 18883K(19008K)->18883K(19008K) NonClass: 17053K(17152K)->17053K(17152K) Class: 1829K(1856K)->1829K(1856K)
[386.955s][info][gc             ] GC(888) Pause Young (Concurrent Start) (G1 Evacuation Pause) 868M->626M(978M) 27.434ms
[386.955s][info][gc             ] GC(889) Concurrent Mark Cycle
[386.955s][info][gc,marking     ] GC(889) Concurrent Scan Root Regions
[386.958s][info][gc,cpu         ] GC(888) User=0.05s Sys=0.00s Real=0.03s
[386.989s][info][gc,marking     ] GC(889) Concurrent Scan Root Regions 33.610ms
[386.989s][info][gc,marking     ] GC(889) Concurrent Mark
[386.989s][info][gc,marking     ] GC(889) Concurrent Mark From Roots
[386.989s][info][gc,task        ] GC(889) Using 1 workers of 1 for marking
[387.387s][info][gc,start       ] GC(890) Pause Young (Normal) (G1 Evacuation Pause)
[387.387s][info][gc,task        ] GC(890) Using 2 workers of 2 for evacuation
[387.503s][info][gc,phases      ] GC(890)   Pre Evacuate Collection Set: 0.31ms
[387.503s][info][gc,phases      ] GC(890)   Merge Heap Roots: 0.21ms
[387.503s][info][gc,phases      ] GC(890)   Evacuate Collection Set: 111.88ms
[387.503s][info][gc,phases      ] GC(890)   Post Evacuate Collection Set: 3.38ms
[387.503s][info][gc,phases      ] GC(890)   Other: 0.09ms
[387.503s][info][gc,heap        ] GC(890) Eden regions: 256->0(157)
[387.503s][info][gc,heap        ] GC(890) Survivor regions: 15->34(34)
[387.503s][info][gc,heap        ] GC(890) Old regions: 604->695
[387.503s][info][gc,heap        ] GC(890) Humongous regions: 8->8
[387.503s][info][gc,metaspace   ] GC(890) Metaspace: 18883K(19008K)->18883K(19008K) NonClass: 17053K(17152K)->17053K(17152K) Class: 1829K(1856K)->1829K(1856K)
[387.503s][info][gc             ] GC(890) Pause Young (Normal) (G1 Evacuation Pause) (Evacuation Failure: Allocation) 882M->736M(978M) 116.153ms
[387.503s][info][gc,cpu         ] GC(890) User=0.23s Sys=0.00s Real=0.12s
[387.902s][info][gc,start       ] GC(891) Pause Young (Normal) (G1 Evacuation Pause)
[387.902s][info][gc,task        ] GC(891) Using 2 workers of 2 for evacuation
[387.997s][info][gc,phases      ] GC(891)   Pre Evacuate Collection Set: 0.34ms
[387.997s][info][gc,phases      ] GC(891)   Merge Heap Roots: 0.56ms
[387.997s][info][gc,phases      ] GC(891)   Evacuate Collection Set: 92.89ms
[387.997s][info][gc,phases      ] GC(891)   Post Evacuate Collection Set: 0.56ms
[387.997s][info][gc,phases      ] GC(891)   Other: 0.11ms
[387.997s][info][gc,heap        ] GC(891) Eden regions: 157->0(167)
[387.997s][info][gc,heap        ] GC(891) Survivor regions: 34->18(24)
[387.997s][info][gc,heap        ] GC(891) Old regions: 695->707
[387.997s][info][gc,heap        ] GC(891) Humongous regions: 8->8
[387.997s][info][gc,metaspace   ] GC(891) Metaspace: 18883K(19008K)->18883K(19008K) NonClass: 17053K(17152K)->17053K(17152K) Class: 1829K(1856K)->1829K(1856K)
[387.997s][info][gc             ] GC(891) Pause Young (Normal) (G1 Evacuation Pause) 893M->731M(978M) 94.796ms
[387.997s][info][gc,cpu         ] GC(891) User=0.18s Sys=0.00s Real=0.10s
[388.361s][info][gc,marking     ] GC(889) Concurrent Mark From Roots 1371.936ms
[388.361s][info][gc,marking     ] GC(889) Concurrent Preclean
[388.361s][info][gc,marking     ] GC(889) Concurrent Preclean 0.052ms
[388.361s][info][gc,start       ] GC(889) Pause Remark
[388.370s][info][gc             ] GC(889) Pause Remark 840M->653M(978M) 8.742ms
[388.370s][info][gc,cpu         ] GC(889) User=0.02s Sys=0.00s Real=0.01s
[388.370s][info][gc,marking     ] GC(889) Concurrent Mark 1381.105ms
[388.370s][info][gc,marking     ] GC(889) Concurrent Rebuild Remembered Sets and Scrub Regions
[388.465s][info][gc,start       ] GC(892) Pause Young (Normal) (G1 Evacuation Pause)
[388.465s][info][gc,task        ] GC(892) Using 2 workers of 2 for evacuation
[388.561s][info][gc,phases      ] GC(892)   Pre Evacuate Collection Set: 0.57ms
[388.562s][info][gc,phases      ] GC(892)   Merge Heap Roots: 0.46ms
[388.562s][info][gc,phases      ] GC(892)   Evacuate Collection Set: 94.94ms
[388.562s][info][gc,phases      ] GC(892)   Post Evacuate Collection Set: 0.58ms
[388.562s][info][gc,phases      ] GC(892)   Other: 0.12ms
[388.562s][info][gc,heap        ] GC(892) Eden regions: 167->0(242)
[388.562s][info][gc,heap        ] GC(892) Survivor regions: 18->24(24)
[388.562s][info][gc,heap        ] GC(892) Old regions: 524->560
[388.562s][info][gc,heap        ] GC(892) Humongous regions: 7->7
[388.562s][info][gc,metaspace   ] GC(892) Metaspace: 18883K(19008K)->18883K(19008K) NonClass: 17053K(17152K)->17053K(17152K) Class: 1829K(1856K)->1829K(1856K)
[388.562s][info][gc             ] GC(892) Pause Young (Normal) (G1 Evacuation Pause) 714M->590M(978M) 97.008ms
[388.562s][info][gc,cpu         ] GC(892) User=0.19s Sys=0.00s Real=0.09s
[388.909s][info][gc,start       ] GC(893) Pause Young (Normal) (G1 Evacuation Pause)
[388.909s][info][gc,task        ] GC(893) Using 2 workers of 2 for evacuation
[388.972s][info][gc,phases      ] GC(893)   Pre Evacuate Collection Set: 0.54ms
[388.972s][info][gc,phases      ] GC(893)   Merge Heap Roots: 0.35ms
[388.972s][info][gc,phases      ] GC(893)   Evacuate Collection Set: 61.75ms
[388.972s][info][gc,phases      ] GC(893)   Post Evacuate Collection Set: 0.53ms
[388.972s][info][gc,phases      ] GC(893)   Other: 0.09ms
[388.972s][info][gc,heap        ] GC(893) Eden regions: 242->0(241)
[388.972s][info][gc,heap        ] GC(893) Survivor regions: 24->18(34)
[388.972s][info][gc,heap        ] GC(893) Old regions: 560->585
[388.972s][info][gc,heap        ] GC(893) Humongous regions: 7->7
[388.972s][info][gc,metaspace   ] GC(893) Metaspace: 18883K(19008K)->18883K(19008K) NonClass: 17053K(17152K)->17053K(17152K) Class: 1829K(1856K)->1829K(1856K)
[388.972s][info][gc             ] GC(893) Pause Young (Normal) (G1 Evacuation Pause) 832M->609M(978M) 63.561ms
[388.972s][info][gc,cpu         ] GC(893) User=0.13s Sys=0.00s Real=0.06s
[389.170s][info][gc,marking     ] GC(889) Concurrent Rebuild Remembered Sets and Scrub Regions 799.917ms
[389.170s][info][gc,start       ] GC(889) Pause Cleanup
[389.170s][info][gc             ] GC(889) Pause Cleanup 716M->716M(978M) 0.141ms
[389.170s][info][gc,cpu         ] GC(889) User=0.00s Sys=0.00s Real=0.00s
[389.170s][info][gc,marking     ] GC(889) Concurrent Clear Claimed Marks
[389.170s][info][gc,marking     ] GC(889) Concurrent Clear Claimed Marks 0.031ms
[389.170s][info][gc,marking     ] GC(889) Concurrent Cleanup for Next Mark
[389.173s][info][gc,marking     ] GC(889) Concurrent Cleanup for Next Mark 3.004ms
[389.174s][info][gc             ] GC(889) Concurrent Mark Cycle 2218.231ms
[389.343s][info][gc,start       ] GC(894) Pause Young (Prepare Mixed) (G1 Evacuation Pause)
[389.343s][info][gc,task        ] GC(894) Using 2 workers of 2 for evacuation
[389.377s][info][gc,phases      ] GC(894)   Pre Evacuate Collection Set: 0.31ms
[389.377s][info][gc,phases      ] GC(894)   Merge Heap Roots: 0.25ms
[389.377s][info][gc,phases      ] GC(894)   Evacuate Collection Set: 32.15ms
[389.377s][info][gc,phases      ] GC(894)   Post Evacuate Collection Set: 0.56ms
[389.377s][info][gc,phases      ] GC(894)   Other: 0.11ms
[389.377s][info][gc,heap        ] GC(894) Eden regions: 241->0(255)
[389.377s][info][gc,heap        ] GC(894) Survivor regions: 18->5(33)
[389.377s][info][gc,heap        ] GC(894) Old regions: 585->603
[389.377s][info][gc,heap        ] GC(894) Humongous regions: 7->7
[389.377s][info][gc,metaspace   ] GC(894) Metaspace: 18883K(19008K)->18883K(19008K) NonClass: 17053K(17152K)->17053K(17152K) Class: 1829K(1856K)->1829K(1856K)
[389.377s][info][gc             ] GC(894) Pause Young (Prepare Mixed) (G1 Evacuation Pause) 850M->614M(978M) 33.663ms
[389.377s][info][gc,cpu         ] GC(894) User=0.07s Sys=0.00s Real=0.03s
[389.845s][info][gc,start       ] GC(895) Pause Young (Mixed) (G1 Evacuation Pause)
[389.845s][info][gc,task        ] GC(895) Using 2 workers of 2 for evacuation
[389.893s][info][gc,phases      ] GC(895)   Pre Evacuate Collection Set: 0.58ms
[389.893s][info][gc,phases      ] GC(895)   Merge Heap Roots: 0.35ms
[389.893s][info][gc,phases      ] GC(895)   Evacuate Collection Set: 45.57ms
[389.893s][info][gc,phases      ] GC(895)   Post Evacuate Collection Set: 0.64ms
[389.893s][info][gc,phases      ] GC(895)   Other: 0.11ms
[389.893s][info][gc,heap        ] GC(895) Eden regions: 255->0(270)
[389.893s][info][gc,heap        ] GC(895) Survivor regions: 5->33(33)
[389.893s][info][gc,heap        ] GC(895) Old regions: 603->560
[389.893s][info][gc,heap        ] GC(895) Humongous regions: 7->7
[389.893s][info][gc,metaspace   ] GC(895) Metaspace: 18883K(19008K)->18883K(19008K) NonClass: 17053K(17152K)->17053K(17152K) Class: 1829K(1856K)->1829K(1856K)
[389.893s][info][gc             ] GC(895) Pause Young (Mixed) (G1 Evacuation Pause) 869M->599M(978M) 47.526ms
[389.893s][info][gc,cpu         ] GC(895) User=0.10s Sys=0.00s Real=0.05s
[390.720s][info][gc,start       ] GC(896) Pause Young (Concurrent Start) (G1 Evacuation Pause)
[390.721s][info][gc,task        ] GC(896) Using 2 workers of 2 for evacuation
[390.762s][info][gc,phases      ] GC(896)   Pre Evacuate Collection Set: 0.35ms
[390.762s][info][gc,phases      ] GC(896)   Merge Heap Roots: 0.22ms
[390.762s][info][gc,phases      ] GC(896)   Evacuate Collection Set: 39.89ms
[390.762s][info][gc,phases      ] GC(896)   Post Evacuate Collection Set: 0.59ms
[390.762s][info][gc,phases      ] GC(896)   Other: 0.11ms
[390.762s][info][gc,heap        ] GC(896) Eden regions: 270->0(288)
[390.762s][info][gc,heap        ] GC(896) Survivor regions: 33->1(38)
[390.762s][info][gc,heap        ] GC(896) Old regions: 560->593
[390.762s][info][gc,heap        ] GC(896) Humongous regions: 7->7
[390.762s][info][gc,metaspace   ] GC(896) Metaspace: 18883K(19008K)->18883K(19008K) NonClass: 17053K(17152K)->17053K(17152K) Class: 1829K(1856K)->1829K(1856K)
[390.762s][info][gc             ] GC(896) Pause Young (Concurrent Start) (G1 Evacuation Pause) 869M->600M(978M) 41.418ms
[390.762s][info][gc,cpu         ] GC(896) User=0.08s Sys=0.00s Real=0.04s
[390.762s][info][gc             ] GC(897) Concurrent Mark Cycle
[390.762s][info][gc,marking     ] GC(897) Concurrent Scan Root Regions
[390.832s][info][gc,marking     ] GC(897) Concurrent Scan Root Regions 70.094ms
[390.832s][info][gc,marking     ] GC(897) Concurrent Mark
[390.832s][info][gc,marking     ] GC(897) Concurrent Mark From Roots
[390.832s][info][gc,task        ] GC(897) Using 1 workers of 1 for marking
[391.868s][info][gc,start       ] GC(898) Pause Young (Normal) (G1 Evacuation Pause)
[391.868s][info][gc,task        ] GC(898) Using 2 workers of 2 for evacuation
[391.881s][info][gc,phases      ] GC(898)   Pre Evacuate Collection Set: 0.32ms
[391.881s][info][gc,phases      ] GC(898)   Merge Heap Roots: 0.42ms
[391.881s][info][gc,phases      ] GC(898)   Evacuate Collection Set: 11.64ms
[391.881s][info][gc,phases      ] GC(898)   Post Evacuate Collection Set: 0.55ms
[391.881s][info][gc,phases      ] GC(898)   Other: 0.11ms
[391.881s][info][gc,heap        ] GC(898) Eden regions: 288->0(304)
[391.881s][info][gc,heap        ] GC(898) Survivor regions: 1->1(37)
[391.881s][info][gc,heap        ] GC(898) Old regions: 593->593
[391.881s][info][gc,heap        ] GC(898) Humongous regions: 7->7
[391.881s][info][gc,metaspace   ] GC(898) Metaspace: 18883K(19008K)->18883K(19008K) NonClass: 17053K(17152K)->17053K(17152K) Class: 1829K(1856K)->1829K(1856K)
[391.881s][info][gc             ] GC(898) Pause Young (Normal) (G1 Evacuation Pause) 888M->600M(978M) 13.315ms
[391.881s][info][gc,cpu         ] GC(898) User=0.02s Sys=0.00s Real=0.01s
[392.692s][info][gc,start       ] GC(899) Pause Young (Normal) (G1 Evacuation Pause)
[392.692s][info][gc,task        ] GC(899) Using 2 workers of 2 for evacuation
[392.746s][info][gc,phases      ] GC(899)   Pre Evacuate Collection Set: 0.32ms
[392.746s][info][gc,phases      ] GC(899)   Merge Heap Roots: 0.13ms
[392.746s][info][gc,phases      ] GC(899)   Evacuate Collection Set: 52.21ms
[392.746s][info][gc,phases      ] GC(899)   Post Evacuate Collection Set: 0.74ms
[392.746s][info][gc,phases      ] GC(899)   Other: 0.09ms
[392.746s][info][gc,heap        ] GC(899) Eden regions: 304->0(229)
[392.746s][info][gc,heap        ] GC(899) Survivor regions: 1->39(39)
[392.746s][info][gc,heap        ] GC(899) Old regions: 593->609
[392.746s][info][gc,heap        ] GC(899) Humongous regions: 7->7
[392.746s][info][gc,metaspace   ] GC(899) Metaspace: 18883K(19008K)->18883K(19008K) NonClass: 17053K(17152K)->17053K(17152K) Class: 1829K(1856K)->1829K(1856K)
[392.746s][info][gc             ] GC(899) Pause Young (Normal) (G1 Evacuation Pause) 904M->654M(978M) 53.749ms
[392.746s][info][gc,cpu         ] GC(899) User=0.11s Sys=0.01s Real=0.06s
[392.851s][info][gc,marking     ] GC(897) Concurrent Mark From Roots 2018.721ms
[392.851s][info][gc,marking     ] GC(897) Concurrent Preclean
[392.851s][info][gc,marking     ] GC(897) Concurrent Preclean 0.053ms
[392.851s][info][gc,start       ] GC(897) Pause Remark
[392.861s][info][gc             ] GC(897) Pause Remark 705M->704M(978M) 10.037ms
[392.861s][info][gc,cpu         ] GC(897) User=0.02s Sys=0.00s Real=0.01s
[392.864s][info][gc,marking     ] GC(897) Concurrent Mark 2031.593ms
[392.864s][info][gc,marking     ] GC(897) Concurrent Rebuild Remembered Sets and Scrub Regions
[393.316s][info][gc,start       ] GC(900) Pause Young (Normal) (G1 Evacuation Pause)
[393.316s][info][gc,task        ] GC(900) Using 2 workers of 2 for evacuation
[393.383s][info][gc,phases      ] GC(900)   Pre Evacuate Collection Set: 0.33ms
[393.383s][info][gc,phases      ] GC(900)   Merge Heap Roots: 0.34ms
[393.383s][info][gc,phases      ] GC(900)   Evacuate Collection Set: 65.58ms
[393.383s][info][gc,phases      ] GC(900)   Post Evacuate Collection Set: 0.66ms
[393.383s][info][gc,phases      ] GC(900)   Other: 0.12ms
[393.383s][info][gc,heap        ] GC(900) Eden regions: 229->0(213)
[393.383s][info][gc,heap        ] GC(900) Survivor regions: 39->26(34)
[393.383s][info][gc,heap        ] GC(900) Old regions: 609->648
[393.383s][info][gc,heap        ] GC(900) Humongous regions: 6->6
[393.383s][info][gc,metaspace   ] GC(900) Metaspace: 18883K(19008K)->18883K(19008K) NonClass: 17053K(17152K)->17053K(17152K) Class: 1829K(1856K)->1829K(1856K)
[393.383s][info][gc             ] GC(900) Pause Young (Normal) (G1 Evacuation Pause) 882M->679M(978M) 67.275ms
[393.383s][info][gc,cpu         ] GC(900) User=0.14s Sys=0.00s Real=0.07s
[393.593s][info][gc,marking     ] GC(897) Concurrent Rebuild Remembered Sets and Scrub Regions 728.781ms
[393.593s][info][gc,start       ] GC(897) Pause Cleanup
[393.593s][info][gc             ] GC(897) Pause Cleanup 766M->766M(978M) 0.145ms
[393.593s][info][gc,cpu         ] GC(897) User=0.00s Sys=0.00s Real=0.00s
[393.593s][info][gc,marking     ] GC(897) Concurrent Clear Claimed Marks
[393.593s][info][gc,marking     ] GC(897) Concurrent Clear Claimed Marks 0.041ms
[393.593s][info][gc,marking     ] GC(897) Concurrent Cleanup for Next Mark
[393.596s][info][gc,marking     ] GC(897) Concurrent Cleanup for Next Mark 2.987ms
[393.596s][info][gc             ] GC(897) Concurrent Mark Cycle 2834.180ms
[393.757s][info][gc,start       ] GC(901) Pause Young (Prepare Mixed) (G1 Evacuation Pause)
[393.757s][info][gc,task        ] GC(901) Using 2 workers of 2 for evacuation
[393.884s][info][gc,phases      ] GC(901)   Pre Evacuate Collection Set: 0.30ms
[393.884s][info][gc,phases      ] GC(901)   Merge Heap Roots: 0.81ms
[393.885s][info][gc,phases      ] GC(901)   Evacuate Collection Set: 125.89ms
[393.885s][info][gc,phases      ] GC(901)   Post Evacuate Collection Set: 0.65ms
[393.885s][info][gc,phases      ] GC(901)   Other: 0.10ms
[393.885s][info][gc,heap        ] GC(901) Eden regions: 213->0(160)
[393.885s][info][gc,heap        ] GC(901) Survivor regions: 26->30(30)
[393.885s][info][gc,heap        ] GC(901) Old regions: 648->699
[393.885s][info][gc,heap        ] GC(901) Humongous regions: 9->9
[393.885s][info][gc,metaspace   ] GC(901) Metaspace: 18883K(19008K)->18883K(19008K) NonClass: 17053K(17152K)->17053K(17152K) Class: 1829K(1856K)->1829K(1856K)
[393.885s][info][gc             ] GC(901) Pause Young (Prepare Mixed) (G1 Evacuation Pause) 895M->737M(978M) 128.092ms
[393.885s][info][gc,cpu         ] GC(901) User=0.25s Sys=0.00s Real=0.13s
[394.049s][info][gc,start       ] GC(902) Pause Young (Mixed) (G1 Evacuation Pause)
[394.049s][info][gc,task        ] GC(902) Using 2 workers of 2 for evacuation
[394.103s][info][gc,phases      ] GC(902)   Pre Evacuate Collection Set: 0.35ms
[394.103s][info][gc,phases      ] GC(902)   Merge Heap Roots: 0.29ms
[394.103s][info][gc,phases      ] GC(902)   Evacuate Collection Set: 52.09ms
[394.103s][info][gc,phases      ] GC(902)   Post Evacuate Collection Set: 0.49ms
[394.103s][info][gc,phases      ] GC(902)   Other: 0.09ms
[394.103s][info][gc,heap        ] GC(902) Eden regions: 160->0(173)
[394.103s][info][gc,heap        ] GC(902) Survivor regions: 30->5(24)
[394.103s][info][gc,heap        ] GC(902) Old regions: 699->719
[394.103s][info][gc,heap        ] GC(902) Humongous regions: 9->9
[394.103s][info][gc,metaspace   ] GC(902) Metaspace: 18883K(19008K)->18883K(19008K) NonClass: 17053K(17152K)->17053K(17152K) Class: 1829K(1856K)->1829K(1856K)
[394.103s][info][gc             ] GC(902) Pause Young (Mixed) (G1 Evacuation Pause) 897M->732M(978M) 53.571ms
[394.103s][info][gc,cpu         ] GC(902) User=0.11s Sys=0.00s Real=0.06s
[394.286s][info][gc,start       ] GC(903) Pause Young (Concurrent Start) (G1 Evacuation Pause)
[394.286s][info][gc,task        ] GC(903) Using 2 workers of 2 for evacuation
[394.302s][info][gc,phases      ] GC(903)   Pre Evacuate Collection Set: 0.38ms
[394.302s][info][gc,phases      ] GC(903)   Merge Heap Roots: 0.23ms
[394.302s][info][gc,phases      ] GC(903)   Evacuate Collection Set: 14.51ms
[394.302s][info][gc,phases      ] GC(903)   Post Evacuate Collection Set: 0.47ms
[394.302s][info][gc,phases      ] GC(903)   Other: 0.26ms
[394.302s][info][gc,heap        ] GC(903) Eden regions: 173->0(181)
[394.302s][info][gc,heap        ] GC(903) Survivor regions: 5->6(23)
[394.302s][info][gc,heap        ] GC(903) Old regions: 719->719
[394.302s][info][gc,heap        ] GC(903) Humongous regions: 9->9
[394.302s][info][gc,metaspace   ] GC(903) Metaspace: 18883K(19008K)->18883K(19008K) NonClass: 17053K(17152K)->17053K(17152K) Class: 1829K(1856K)->1829K(1856K)
[394.302s][info][gc             ] GC(903) Pause Young (Concurrent Start) (G1 Evacuation Pause) 905M->733M(978M) 16.091ms
[394.302s][info][gc,cpu         ] GC(903) User=0.03s Sys=0.00s Real=0.01s
[394.302s][info][gc             ] GC(904) Concurrent Mark Cycle
[394.302s][info][gc,marking     ] GC(904) Concurrent Scan Root Regions
[394.324s][info][gc,marking     ] GC(904) Concurrent Scan Root Regions 21.182ms
[394.324s][info][gc,marking     ] GC(904) Concurrent Mark
[394.324s][info][gc,marking     ] GC(904) Concurrent Mark From Roots
[394.324s][info][gc,task        ] GC(904) Using 1 workers of 1 for marking
[394.653s][info][gc,start       ] GC(905) Pause Young (Normal) (G1 Evacuation Pause)
[394.653s][info][gc,task        ] GC(905) Using 2 workers of 2 for evacuation
[394.684s][info][gc,phases      ] GC(905)   Pre Evacuate Collection Set: 0.32ms
[394.684s][info][gc,phases      ] GC(905)   Merge Heap Roots: 0.31ms
[394.684s][info][gc,phases      ] GC(905)   Evacuate Collection Set: 30.10ms
[394.684s][info][gc,phases      ] GC(905)   Post Evacuate Collection Set: 0.52ms
[394.684s][info][gc,phases      ] GC(905)   Other: 0.09ms
[394.684s][info][gc,heap        ] GC(905) Eden regions: 181->0(156)
[394.684s][info][gc,heap        ] GC(905) Survivor regions: 6->22(24)
[394.684s][info][gc,heap        ] GC(905) Old regions: 719->719
[394.684s][info][gc,heap        ] GC(905) Humongous regions: 9->9
[394.684s][info][gc,metaspace   ] GC(905) Metaspace: 18884K(19008K)->18884K(19008K) NonClass: 17054K(17152K)->17054K(17152K) Class: 1829K(1856K)->1829K(1856K)
[394.684s][info][gc             ] GC(905) Pause Young (Normal) (G1 Evacuation Pause) 914M->748M(978M) 31.616ms
[394.684s][info][gc,cpu         ] GC(905) User=0.06s Sys=0.00s Real=0.03s
[394.925s][info][gc,start       ] GC(906) Pause Young (Normal) (G1 Evacuation Pause)
[394.925s][info][gc,task        ] GC(906) Using 2 workers of 2 for evacuation
[394.961s][info][gc,phases      ] GC(906)   Pre Evacuate Collection Set: 0.54ms
[394.961s][info][gc,phases      ] GC(906)   Merge Heap Roots: 0.18ms
[394.961s][info][gc,phases      ] GC(906)   Evacuate Collection Set: 35.18ms
[394.961s][info][gc,phases      ] GC(906)   Post Evacuate Collection Set: 0.45ms
[394.961s][info][gc,phases      ] GC(906)   Other: 0.08ms
[394.961s][info][gc,heap        ] GC(906) Eden regions: 156->0(156)
[394.961s][info][gc,heap        ] GC(906) Survivor regions: 22->15(23)
[394.961s][info][gc,heap        ] GC(906) Old regions: 719->733
[394.961s][info][gc,heap        ] GC(906) Humongous regions: 9->9
[394.961s][info][gc,metaspace   ] GC(906) Metaspace: 18886K(19008K)->18886K(19008K) NonClass: 17057K(17152K)->17057K(17152K) Class: 1829K(1856K)->1829K(1856K)
[394.961s][info][gc             ] GC(906) Pause Young (Normal) (G1 Evacuation Pause) 904M->756M(978M) 36.695ms
[394.961s][info][gc,cpu         ] GC(906) User=0.07s Sys=0.00s Real=0.03s
[395.215s][info][gc,start       ] GC(907) Pause Young (Normal) (G1 Evacuation Pause)
[395.215s][info][gc,task        ] GC(907) Using 2 workers of 2 for evacuation
[395.277s][info][gc,phases      ] GC(907)   Pre Evacuate Collection Set: 0.31ms
[395.277s][info][gc,phases      ] GC(907)   Merge Heap Roots: 0.27ms
[395.277s][info][gc,phases      ] GC(907)   Evacuate Collection Set: 61.15ms
[395.277s][info][gc,phases      ] GC(907)   Post Evacuate Collection Set: 0.43ms
[395.277s][info][gc,phases      ] GC(907)   Other: 0.11ms
[395.277s][info][gc,heap        ] GC(907) Eden regions: 156->0(110)
[395.277s][info][gc,heap        ] GC(907) Survivor regions: 15->22(22)
[395.277s][info][gc,heap        ] GC(907) Old regions: 733->765
[395.277s][info][gc,heap        ] GC(907) Humongous regions: 9->9
[395.277s][info][gc,metaspace   ] GC(907) Metaspace: 18886K(19008K)->18886K(19008K) NonClass: 17057K(17152K)->17057K(17152K) Class: 1829K(1856K)->1829K(1856K)
[395.277s][info][gc             ] GC(907) Pause Young (Normal) (G1 Evacuation Pause) 912M->795M(978M) 62.540ms
[395.277s][info][gc,cpu         ] GC(907) User=0.13s Sys=0.00s Real=0.06s
[395.556s][info][gc,start       ] GC(908) Pause Young (Normal) (G1 Evacuation Pause)
[395.556s][info][gc,task        ] GC(908) Using 2 workers of 2 for evacuation
[395.600s][info][gc,phases      ] GC(908)   Pre Evacuate Collection Set: 0.57ms
[395.600s][info][gc,phases      ] GC(908)   Merge Heap Roots: 0.14ms
[395.600s][info][gc,phases      ] GC(908)   Evacuate Collection Set: 42.15ms
[395.600s][info][gc,phases      ] GC(908)   Post Evacuate Collection Set: 0.51ms
[395.600s][info][gc,phases      ] GC(908)   Other: 0.11ms
[395.600s][info][gc,heap        ] GC(908) Eden regions: 110->0(106)
[395.600s][info][gc,heap        ] GC(908) Survivor regions: 22->13(17)
[395.600s][info][gc,heap        ] GC(908) Old regions: 765->787
[395.600s][info][gc,heap        ] GC(908) Humongous regions: 9->9
[395.600s][info][gc,metaspace   ] GC(908) Metaspace: 18886K(19008K)->18886K(19008K) NonClass: 17057K(17152K)->17057K(17152K) Class: 1829K(1856K)->1829K(1856K)
[395.600s][info][gc             ] GC(908) Pause Young (Normal) (G1 Evacuation Pause) 905M->808M(978M) 43.780ms
[395.600s][info][gc,cpu         ] GC(908) User=0.09s Sys=0.00s Real=0.04s
[395.925s][info][gc,start       ] GC(909) Pause Young (Normal) (G1 Evacuation Pause)
[395.925s][info][gc,task        ] GC(909) Using 2 workers of 2 for evacuation
[395.952s][info][gc,phases      ] GC(909)   Pre Evacuate Collection Set: 0.37ms
[395.952s][info][gc,phases      ] GC(909)   Merge Heap Roots: 0.18ms
[395.952s][info][gc,phases      ] GC(909)   Evacuate Collection Set: 25.20ms
[395.952s][info][gc,phases      ] GC(909)   Post Evacuate Collection Set: 0.42ms
[395.952s][info][gc,phases      ] GC(909)   Other: 0.14ms
[395.952s][info][gc,heap        ] GC(909) Eden regions: 106->0(109)
[395.952s][info][gc,heap        ] GC(909) Survivor regions: 13->5(15)
[395.952s][info][gc,heap        ] GC(909) Old regions: 787->800
[395.952s][info][gc,heap        ] GC(909) Humongous regions: 9->9
[395.952s][info][gc,metaspace   ] GC(909) Metaspace: 18886K(19008K)->18886K(19008K) NonClass: 17057K(17152K)->17057K(17152K) Class: 1829K(1856K)->1829K(1856K)
[395.952s][info][gc             ] GC(909) Pause Young (Normal) (G1 Evacuation Pause) 914M->813M(978M) 26.576ms
[395.952s][info][gc,cpu         ] GC(909) User=0.05s Sys=0.00s Real=0.02s
[396.230s][info][gc,start       ] GC(910) Pause Young (Normal) (G1 Evacuation Pause)
[396.230s][info][gc,task        ] GC(910) Using 2 workers of 2 for evacuation
[396.242s][info][gc,phases      ] GC(910)   Pre Evacuate Collection Set: 0.57ms
[396.242s][info][gc,phases      ] GC(910)   Merge Heap Roots: 0.12ms
[396.242s][info][gc,phases      ] GC(910)   Evacuate Collection Set: 11.08ms
[396.242s][info][gc,phases      ] GC(910)   Post Evacuate Collection Set: 0.41ms
[396.242s][info][gc,phases      ] GC(910)   Other: 0.09ms
[396.242s][info][gc,heap        ] GC(910) Eden regions: 109->0(101)
[396.242s][info][gc,heap        ] GC(910) Survivor regions: 5->9(15)
[396.242s][info][gc,heap        ] GC(910) Old regions: 800->800
[396.242s][info][gc,heap        ] GC(910) Humongous regions: 9->9
[396.242s][info][gc,metaspace   ] GC(910) Metaspace: 18886K(19008K)->18886K(19008K) NonClass: 17057K(17152K)->17057K(17152K) Class: 1829K(1856K)->1829K(1856K)
[396.242s][info][gc             ] GC(910) Pause Young (Normal) (G1 Evacuation Pause) 922M->816M(978M) 12.510ms
[396.242s][info][gc,cpu         ] GC(910) User=0.03s Sys=0.00s Real=0.01s
[396.346s][info][gc,marking     ] GC(904) Concurrent Mark From Roots 2022.377ms
[396.346s][info][gc,marking     ] GC(904) Concurrent Preclean
[396.346s][info][gc,marking     ] GC(904) Concurrent Preclean 0.056ms
[396.346s][info][gc,start       ] GC(904) Pause Remark
[396.355s][info][gc             ] GC(904) Pause Remark 843M->689M(978M) 8.891ms
[396.355s][info][gc,cpu         ] GC(904) User=0.02s Sys=0.00s Real=0.01s
[396.357s][info][gc,marking     ] GC(904) Concurrent Mark 2033.510ms
[396.357s][info][gc,marking     ] GC(904) Concurrent Rebuild Remembered Sets and Scrub Regions
[396.727s][info][gc,start       ] GC(911) Pause Young (Normal) (G1 Evacuation Pause)
[396.727s][info][gc,task        ] GC(911) Using 2 workers of 2 for evacuation
[396.741s][info][gc,phases      ] GC(911)   Pre Evacuate Collection Set: 0.58ms
[396.741s][info][gc,phases      ] GC(911)   Merge Heap Roots: 0.15ms
[396.741s][info][gc,phases      ] GC(911)   Evacuate Collection Set: 12.24ms
[396.741s][info][gc,phases      ] GC(911)   Post Evacuate Collection Set: 0.38ms
[396.741s][info][gc,phases      ] GC(911)   Other: 0.09ms
[396.741s][info][gc,heap        ] GC(911) Eden regions: 101->0(231)
[396.741s][info][gc,heap        ] GC(911) Survivor regions: 9->4(14)
[396.741s][info][gc,heap        ] GC(911) Old regions: 649->654
[396.741s][info][gc,heap        ] GC(911) Humongous regions: 6->6
[396.741s][info][gc,metaspace   ] GC(911) Metaspace: 18886K(19008K)->18886K(19008K) NonClass: 17057K(17152K)->17057K(17152K) Class: 1829K(1856K)->1829K(1856K)
[396.741s][info][gc             ] GC(911) Pause Young (Normal) (G1 Evacuation Pause) 763M->663M(978M) 13.702ms
[396.741s][info][gc,cpu         ] GC(911) User=0.02s Sys=0.01s Real=0.01s
[397.066s][info][gc,marking     ] GC(904) Concurrent Rebuild Remembered Sets and Scrub Regions 708.429ms
[397.066s][info][gc,start       ] GC(904) Pause Cleanup
[397.066s][info][gc             ] GC(904) Pause Cleanup 804M->804M(978M) 0.130ms
[397.066s][info][gc,cpu         ] GC(904) User=0.00s Sys=0.00s Real=0.00s
[397.067s][info][gc,marking     ] GC(904) Concurrent Clear Claimed Marks
[397.067s][info][gc,marking     ] GC(904) Concurrent Clear Claimed Marks 0.043ms
[397.067s][info][gc,marking     ] GC(904) Concurrent Cleanup for Next Mark
[397.071s][info][gc,marking     ] GC(904) Concurrent Cleanup for Next Mark 4.062ms
[397.071s][info][gc             ] GC(904) Concurrent Mark Cycle 2768.447ms
[397.211s][info][gc,start       ] GC(912) Pause Young (Prepare Mixed) (G1 Evacuation Pause)
[397.211s][info][gc,task        ] GC(912) Using 2 workers of 2 for evacuation
[397.236s][info][gc,phases      ] GC(912)   Pre Evacuate Collection Set: 0.52ms
[397.236s][info][gc,phases      ] GC(912)   Merge Heap Roots: 0.18ms
[397.236s][info][gc,phases      ] GC(912)   Evacuate Collection Set: 23.95ms
[397.236s][info][gc,phases      ] GC(912)   Post Evacuate Collection Set: 0.60ms
[397.236s][info][gc,phases      ] GC(912)   Other: 0.09ms
[397.236s][info][gc,heap        ] GC(912) Eden regions: 231->0(222)
[397.236s][info][gc,heap        ] GC(912) Survivor regions: 4->20(30)
[397.236s][info][gc,heap        ] GC(912) Old regions: 654->654
[397.236s][info][gc,heap        ] GC(912) Humongous regions: 6->6
[397.236s][info][gc,metaspace   ] GC(912) Metaspace: 18886K(19008K)->18886K(19008K) NonClass: 17057K(17152K)->17057K(17152K) Class: 1829K(1856K)->1829K(1856K)
[397.236s][info][gc             ] GC(912) Pause Young (Prepare Mixed) (G1 Evacuation Pause) 894M->679M(978M) 25.593ms
[397.236s][info][gc,cpu         ] GC(912) User=0.05s Sys=0.00s Real=0.03s
[397.441s][info][gc,start       ] GC(913) Pause Young (Mixed) (G1 Evacuation Pause)
[397.441s][info][gc,task        ] GC(913) Using 2 workers of 2 for evacuation
[397.538s][info][gc,phases      ] GC(913)   Pre Evacuate Collection Set: 0.36ms
[397.539s][info][gc,phases      ] GC(913)   Merge Heap Roots: 0.17ms
[397.539s][info][gc,phases      ] GC(913)   Evacuate Collection Set: 91.75ms
[397.539s][info][gc,phases      ] GC(913)   Post Evacuate Collection Set: 5.05ms
[397.539s][info][gc,phases      ] GC(913)   Other: 0.11ms
[397.539s][info][gc,heap        ] GC(913) Eden regions: 222->0(139)
[397.539s][info][gc,heap        ] GC(913) Survivor regions: 20->31(31)
[397.539s][info][gc,heap        ] GC(913) Old regions: 654->721
[397.539s][info][gc,heap        ] GC(913) Humongous regions: 6->6
[397.539s][info][gc,metaspace   ] GC(913) Metaspace: 18886K(19008K)->18886K(19008K) NonClass: 17057K(17152K)->17057K(17152K) Class: 1829K(1856K)->1829K(1856K)
[397.539s][info][gc             ] GC(913) Pause Young (Mixed) (G1 Evacuation Pause) (Evacuation Failure: Allocation) 901M->757M(978M) 97.710ms
[397.539s][info][gc,cpu         ] GC(913) User=0.20s Sys=0.00s Real=0.10s
[397.805s][info][gc,start       ] GC(914) Pause Young (Concurrent Start) (G1 Evacuation Pause)
[397.805s][info][gc,task        ] GC(914) Using 2 workers of 2 for evacuation
[397.866s][info][gc,phases      ] GC(914)   Pre Evacuate Collection Set: 0.36ms
[397.866s][info][gc,phases      ] GC(914)   Merge Heap Roots: 0.35ms
[397.866s][info][gc,phases      ] GC(914)   Evacuate Collection Set: 59.05ms
[397.866s][info][gc,phases      ] GC(914)   Post Evacuate Collection Set: 0.61ms
[397.866s][info][gc,phases      ] GC(914)   Other: 0.14ms
[397.866s][info][gc,heap        ] GC(914) Eden regions: 139->0(171)
[397.866s][info][gc,heap        ] GC(914) Survivor regions: 31->9(22)
[397.866s][info][gc,heap        ] GC(914) Old regions: 721->718
[397.866s][info][gc,heap        ] GC(914) Humongous regions: 6->6
[397.866s][info][gc,metaspace   ] GC(914) Metaspace: 18886K(19008K)->18886K(19008K) NonClass: 17057K(17152K)->17057K(17152K) Class: 1829K(1856K)->1829K(1856K)
[397.866s][info][gc             ] GC(914) Pause Young (Concurrent Start) (G1 Evacuation Pause) 896M->732M(978M) 60.826ms
[397.866s][info][gc             ] GC(915) Concurrent Mark Cycle
[397.866s][info][gc,marking     ] GC(915) Concurrent Scan Root Regions
[397.867s][info][gc,cpu         ] GC(914) User=0.12s Sys=0.00s Real=0.06s
[397.926s][info][gc,marking     ] GC(915) Concurrent Scan Root Regions 59.701ms
[397.926s][info][gc,marking     ] GC(915) Concurrent Mark
[397.926s][info][gc,marking     ] GC(915) Concurrent Mark From Roots
[397.926s][info][gc,task        ] GC(915) Using 1 workers of 1 for marking
[398.260s][info][gc,start       ] GC(916) Pause Young (Normal) (G1 Evacuation Pause)
[398.260s][info][gc,task        ] GC(916) Using 2 workers of 2 for evacuation
[398.334s][info][gc,phases      ] GC(916)   Pre Evacuate Collection Set: 0.33ms
[398.334s][info][gc,phases      ] GC(916)   Merge Heap Roots: 0.37ms
[398.334s][info][gc,phases      ] GC(916)   Evacuate Collection Set: 72.60ms
[398.334s][info][gc,phases      ] GC(916)   Post Evacuate Collection Set: 0.56ms
[398.334s][info][gc,phases      ] GC(916)   Other: 0.11ms
[398.334s][info][gc,heap        ] GC(916) Eden regions: 171->0(134)
[398.334s][info][gc,heap        ] GC(916) Survivor regions: 9->23(23)
[398.334s][info][gc,heap        ] GC(916) Old regions: 718->739
[398.334s][info][gc,heap        ] GC(916) Humongous regions: 9->9
[398.334s][info][gc,metaspace   ] GC(916) Metaspace: 18886K(19008K)->18886K(19008K) NonClass: 17057K(17152K)->17057K(17152K) Class: 1829K(1856K)->1829K(1856K)
[398.334s][info][gc             ] GC(916) Pause Young (Normal) (G1 Evacuation Pause) 906M->770M(978M) 74.224ms
[398.334s][info][gc,cpu         ] GC(916) User=0.15s Sys=0.00s Real=0.08s
[398.580s][info][gc,start       ] GC(917) Pause Young (Normal) (G1 Evacuation Pause)
[398.580s][info][gc,task        ] GC(917) Using 2 workers of 2 for evacuation
[398.644s][info][gc,phases      ] GC(917)   Pre Evacuate Collection Set: 0.33ms
[398.644s][info][gc,phases      ] GC(917)   Merge Heap Roots: 0.30ms
[398.644s][info][gc,phases      ] GC(917)   Evacuate Collection Set: 61.97ms
[398.644s][info][gc,phases      ] GC(917)   Post Evacuate Collection Set: 0.47ms
[398.644s][info][gc,phases      ] GC(917)   Other: 0.10ms
[398.644s][info][gc,heap        ] GC(917) Eden regions: 134->0(117)
[398.644s][info][gc,heap        ] GC(917) Survivor regions: 23->20(20)
[398.644s][info][gc,heap        ] GC(917) Old regions: 739->762
[398.644s][info][gc,heap        ] GC(917) Humongous regions: 9->9
[398.644s][info][gc,metaspace   ] GC(917) Metaspace: 18886K(19008K)->18886K(19008K) NonClass: 17057K(17152K)->17057K(17152K) Class: 1829K(1856K)->1829K(1856K)
[398.644s][info][gc             ] GC(917) Pause Young (Normal) (G1 Evacuation Pause) 904M->790M(978M) 63.441ms
[398.644s][info][gc,cpu         ] GC(917) User=0.13s Sys=0.00s Real=0.07s
[398.812s][info][gc,start       ] GC(918) Pause Young (Normal) (G1 Evacuation Pause)
[398.812s][info][gc,task        ] GC(918) Using 2 workers of 2 for evacuation
[398.842s][info][gc,phases      ] GC(918)   Pre Evacuate Collection Set: 0.31ms
[398.843s][info][gc,phases      ] GC(918)   Merge Heap Roots: 0.15ms
[398.843s][info][gc,phases      ] GC(918)   Evacuate Collection Set: 29.74ms
[398.843s][info][gc,phases      ] GC(918)   Post Evacuate Collection Set: 0.41ms
[398.843s][info][gc,phases      ] GC(918)   Other: 0.10ms
[398.843s][info][gc,heap        ] GC(918) Eden regions: 117->0(127)
[398.843s][info][gc,heap        ] GC(918) Survivor regions: 20->5(18)
[398.843s][info][gc,heap        ] GC(918) Old regions: 762->782
[398.843s][info][gc,heap        ] GC(918) Humongous regions: 9->9
[398.843s][info][gc,metaspace   ] GC(918) Metaspace: 18886K(19008K)->18886K(19008K) NonClass: 17057K(17152K)->17057K(17152K) Class: 1829K(1856K)->1829K(1856K)
[398.843s][info][gc             ] GC(918) Pause Young (Normal) (G1 Evacuation Pause) 907M->795M(978M) 30.984ms
[398.843s][info][gc,cpu         ] GC(918) User=0.06s Sys=0.00s Real=0.04s
[399.046s][info][gc,start       ] GC(919) Pause Young (Normal) (G1 Evacuation Pause)
[399.046s][info][gc,task        ] GC(919) Using 2 workers of 2 for evacuation
[399.061s][info][gc,phases      ] GC(919)   Pre Evacuate Collection Set: 0.33ms
[399.061s][info][gc,phases      ] GC(919)   Merge Heap Roots: 0.24ms
[399.061s][info][gc,phases      ] GC(919)   Evacuate Collection Set: 13.87ms
[399.061s][info][gc,phases      ] GC(919)   Post Evacuate Collection Set: 0.44ms
[399.061s][info][gc,phases      ] GC(919)   Other: 0.08ms
[399.061s][info][gc,heap        ] GC(919) Eden regions: 127->0(125)
[399.061s][info][gc,heap        ] GC(919) Survivor regions: 5->6(17)
[399.061s][info][gc,heap        ] GC(919) Old regions: 782->782
[399.061s][info][gc,heap        ] GC(919) Humongous regions: 9->9
[399.061s][info][gc,metaspace   ] GC(919) Metaspace: 18886K(19008K)->18886K(19008K) NonClass: 17057K(17152K)->17057K(17152K) Class: 1829K(1856K)->1829K(1856K)
[399.061s][info][gc             ] GC(919) Pause Young (Normal) (G1 Evacuation Pause) 922M->796M(978M) 15.218ms
[399.061s][info][gc,cpu         ] GC(919) User=0.03s Sys=0.00s Real=0.01s
[399.319s][info][gc,start       ] GC(920) Pause Young (Normal) (G1 Evacuation Pause)
[399.319s][info][gc,task        ] GC(920) Using 2 workers of 2 for evacuation
[399.338s][info][gc,phases      ] GC(920)   Pre Evacuate Collection Set: 0.31ms
[399.338s][info][gc,phases      ] GC(920)   Merge Heap Roots: 0.24ms
[399.338s][info][gc,phases      ] GC(920)   Evacuate Collection Set: 18.21ms
[399.338s][info][gc,phases      ] GC(920)   Post Evacuate Collection Set: 0.43ms
[399.338s][info][gc,phases      ] GC(920)   Other: 0.08ms
[399.338s][info][gc,heap        ] GC(920) Eden regions: 125->0(117)
[399.338s][info][gc,heap        ] GC(920) Survivor regions: 6->10(17)
[399.338s][info][gc,heap        ] GC(920) Old regions: 782->782
[399.338s][info][gc,heap        ] GC(920) Humongous regions: 9->9
[399.338s][info][gc,metaspace   ] GC(920) Metaspace: 18886K(19008K)->18886K(19008K) NonClass: 17057K(17152K)->17057K(17152K) Class: 1829K(1856K)->1829K(1856K)
[399.338s][info][gc             ] GC(920) Pause Young (Normal) (G1 Evacuation Pause) 921M->800M(978M) 19.549ms
[399.338s][info][gc,cpu         ] GC(920) User=0.04s Sys=0.00s Real=0.02s
[399.606s][info][gc,start       ] GC(921) Pause Young (Normal) (G1 Evacuation Pause)
[399.606s][info][gc,task        ] GC(921) Using 2 workers of 2 for evacuation
[399.633s][info][gc,phases      ] GC(921)   Pre Evacuate Collection Set: 0.33ms
[399.633s][info][gc,phases      ] GC(921)   Merge Heap Roots: 0.18ms
[399.633s][info][gc,phases      ] GC(921)   Evacuate Collection Set: 25.82ms
[399.633s][info][gc,phases      ] GC(921)   Post Evacuate Collection Set: 0.42ms
[399.633s][info][gc,phases      ] GC(921)   Other: 0.11ms
[399.633s][info][gc,heap        ] GC(921) Eden regions: 117->0(102)
[399.633s][info][gc,heap        ] GC(921) Survivor regions: 10->15(16)
[399.633s][info][gc,heap        ] GC(921) Old regions: 782->787
[399.633s][info][gc,heap        ] GC(921) Humongous regions: 9->9
[399.633s][info][gc,metaspace   ] GC(921) Metaspace: 18886K(19008K)->18886K(19008K) NonClass: 17057K(17152K)->17057K(17152K) Class: 1829K(1856K)->1829K(1856K)
[399.633s][info][gc             ] GC(921) Pause Young (Normal) (G1 Evacuation Pause) 917M->810M(978M) 27.130ms
[399.633s][info][gc,cpu         ] GC(921) User=0.05s Sys=0.00s Real=0.03s
[399.696s][info][gc,marking     ] GC(915) Concurrent Mark From Roots 1770.308ms
[399.696s][info][gc,marking     ] GC(915) Concurrent Preclean
[399.696s][info][gc,marking     ] GC(915) Concurrent Preclean 0.046ms
[399.696s][info][gc,start       ] GC(915) Pause Remark
[399.705s][info][gc             ] GC(915) Pause Remark 827M->671M(978M) 8.626ms
[399.705s][info][gc,cpu         ] GC(915) User=0.02s Sys=0.00s Real=0.01s
[399.706s][info][gc,marking     ] GC(915) Concurrent Mark 1780.270ms
[399.706s][info][gc,marking     ] GC(915) Concurrent Rebuild Remembered Sets and Scrub Regions
[399.923s][info][gc,start       ] GC(922) Pause Young (Normal) (G1 Evacuation Pause)
[399.923s][info][gc,task        ] GC(922) Using 2 workers of 2 for evacuation
[399.977s][info][gc,phases      ] GC(922)   Pre Evacuate Collection Set: 0.37ms
[399.977s][info][gc,phases      ] GC(922)   Merge Heap Roots: 0.53ms
[399.977s][info][gc,phases      ] GC(922)   Evacuate Collection Set: 52.75ms
[399.977s][info][gc,phases      ] GC(922)   Post Evacuate Collection Set: 0.41ms
[399.977s][info][gc,phases      ] GC(922)   Other: 0.09ms
[399.977s][info][gc,heap        ] GC(922) Eden regions: 102->0(214)
[399.977s][info][gc,heap        ] GC(922) Survivor regions: 15->15(15)
[399.977s][info][gc,heap        ] GC(922) Old regions: 633->651
[399.977s][info][gc,heap        ] GC(922) Humongous regions: 7->7
[399.977s][info][gc,metaspace   ] GC(922) Metaspace: 18886K(19008K)->18886K(19008K) NonClass: 17057K(17152K)->17057K(17152K) Class: 1829K(1856K)->1829K(1856K)
[399.977s][info][gc             ] GC(922) Pause Young (Normal) (G1 Evacuation Pause) 756M->672M(978M) 54.431ms
[399.977s][info][gc,cpu         ] GC(922) User=0.11s Sys=0.00s Real=0.05s
[400.443s][info][gc,marking     ] GC(915) Concurrent Rebuild Remembered Sets and Scrub Regions 737.072ms
[400.443s][info][gc,start       ] GC(915) Pause Cleanup
[400.444s][info][gc             ] GC(915) Pause Cleanup 787M->787M(978M) 0.187ms
[400.444s][info][gc,cpu         ] GC(915) User=0.00s Sys=0.00s Real=0.00s
[400.444s][info][gc,marking     ] GC(915) Concurrent Clear Claimed Marks
[400.444s][info][gc,marking     ] GC(915) Concurrent Clear Claimed Marks 0.034ms
[400.444s][info][gc,marking     ] GC(915) Concurrent Cleanup for Next Mark
[400.447s][info][gc,marking     ] GC(915) Concurrent Cleanup for Next Mark 3.021ms
[400.447s][info][gc             ] GC(915) Concurrent Mark Cycle 2580.718ms
[400.605s][info][gc,start       ] GC(923) Pause Young (Prepare Mixed) (G1 Evacuation Pause)
[400.605s][info][gc,task        ] GC(923) Using 2 workers of 2 for evacuation
[400.664s][info][gc,phases      ] GC(923)   Pre Evacuate Collection Set: 0.57ms
[400.664s][info][gc,phases      ] GC(923)   Merge Heap Roots: 0.26ms
[400.664s][info][gc,phases      ] GC(923)   Evacuate Collection Set: 56.58ms
[400.664s][info][gc,phases      ] GC(923)   Post Evacuate Collection Set: 0.64ms
[400.664s][info][gc,phases      ] GC(923)   Other: 0.11ms
[400.664s][info][gc,heap        ] GC(923) Eden regions: 214->0(181)
[400.664s][info][gc,heap        ] GC(923) Survivor regions: 15->29(29)
[400.664s][info][gc,heap        ] GC(923) Old regions: 651->673
[400.664s][info][gc,heap        ] GC(923) Humongous regions: 7->7
[400.664s][info][gc,metaspace   ] GC(923) Metaspace: 18886K(19008K)->18886K(19008K) NonClass: 17057K(17152K)->17057K(17152K) Class: 1829K(1856K)->1829K(1856K)
[400.664s][info][gc             ] GC(923) Pause Young (Prepare Mixed) (G1 Evacuation Pause) 886M->708M(978M) 58.404ms
[400.664s][info][gc,cpu         ] GC(923) User=0.11s Sys=0.00s Real=0.06s
[400.945s][info][gc,start       ] GC(924) Pause Young (Mixed) (G1 Evacuation Pause)
[400.945s][info][gc,task        ] GC(924) Using 2 workers of 2 for evacuation
[401.029s][info][gc,phases      ] GC(924)   Pre Evacuate Collection Set: 0.40ms
[401.029s][info][gc,phases      ] GC(924)   Merge Heap Roots: 0.52ms
[401.029s][info][gc,phases      ] GC(924)   Evacuate Collection Set: 82.26ms
[401.029s][info][gc,phases      ] GC(924)   Post Evacuate Collection Set: 0.72ms
[401.029s][info][gc,phases      ] GC(924)   Other: 0.11ms
[401.029s][info][gc,heap        ] GC(924) Eden regions: 181->0(220)
[401.029s][info][gc,heap        ] GC(924) Survivor regions: 29->19(27)
[401.029s][info][gc,heap        ] GC(924) Old regions: 673->634
[401.029s][info][gc,heap        ] GC(924) Humongous regions: 8->8
[401.029s][info][gc,metaspace   ] GC(924) Metaspace: 18886K(19008K)->18886K(19008K) NonClass: 17057K(17152K)->17057K(17152K) Class: 1829K(1856K)->1829K(1856K)
[401.029s][info][gc             ] GC(924) Pause Young (Mixed) (G1 Evacuation Pause) 890M->659M(978M) 84.306ms
[401.029s][info][gc,cpu         ] GC(924) User=0.16s Sys=0.00s Real=0.08s
[401.437s][info][gc,start       ] GC(925) Pause Young (Concurrent Start) (G1 Evacuation Pause)
[401.437s][info][gc,task        ] GC(925) Using 2 workers of 2 for evacuation
[401.485s][info][gc,phases      ] GC(925)   Pre Evacuate Collection Set: 0.34ms
[401.485s][info][gc,phases      ] GC(925)   Merge Heap Roots: 0.26ms
[401.485s][info][gc,phases      ] GC(925)   Evacuate Collection Set: 46.05ms
[401.485s][info][gc,phases      ] GC(925)   Post Evacuate Collection Set: 0.59ms
[401.485s][info][gc,phases      ] GC(925)   Other: 0.12ms
[401.485s][info][gc,heap        ] GC(925) Eden regions: 220->0(221)
[401.485s][info][gc,heap        ] GC(925) Survivor regions: 19->13(30)
[401.485s][info][gc,heap        ] GC(925) Old regions: 634->652
[401.485s][info][gc,heap        ] GC(925) Humongous regions: 8->8
[401.485s][info][gc,metaspace   ] GC(925) Metaspace: 18886K(19008K)->18886K(19008K) NonClass: 17057K(17152K)->17057K(17152K) Class: 1829K(1856K)->1829K(1856K)
[401.485s][info][gc             ] GC(925) Pause Young (Concurrent Start) (G1 Evacuation Pause) 879M->672M(978M) 47.656ms
[401.485s][info][gc             ] GC(926) Concurrent Mark Cycle
[401.485s][info][gc,marking     ] GC(926) Concurrent Scan Root Regions
[401.488s][info][gc,cpu         ] GC(925) User=0.10s Sys=0.00s Real=0.05s
[401.555s][info][gc,marking     ] GC(926) Concurrent Scan Root Regions 69.794ms
[401.555s][info][gc,marking     ] GC(926) Concurrent Mark
[401.555s][info][gc,marking     ] GC(926) Concurrent Mark From Roots
[401.555s][info][gc,task        ] GC(926) Using 1 workers of 1 for marking
[401.875s][info][gc,start       ] GC(927) Pause Young (Normal) (G1 Evacuation Pause)
[401.875s][info][gc,task        ] GC(927) Using 2 workers of 2 for evacuation
[401.907s][info][gc,phases      ] GC(927)   Pre Evacuate Collection Set: 0.31ms
[401.907s][info][gc,phases      ] GC(927)   Merge Heap Roots: 0.16ms
[401.907s][info][gc,phases      ] GC(927)   Evacuate Collection Set: 31.63ms
[401.907s][info][gc,phases      ] GC(927)   Post Evacuate Collection Set: 0.48ms
[401.907s][info][gc,phases      ] GC(927)   Other: 0.09ms
[401.907s][info][gc,heap        ] GC(927) Eden regions: 221->0(216)
[401.907s][info][gc,heap        ] GC(927) Survivor regions: 13->26(30)
[401.907s][info][gc,heap        ] GC(927) Old regions: 652->652
[401.907s][info][gc,heap        ] GC(927) Humongous regions: 8->8
[401.907s][info][gc,metaspace   ] GC(927) Metaspace: 18886K(19008K)->18886K(19008K) NonClass: 17057K(17152K)->17057K(17152K) Class: 1829K(1856K)->1829K(1856K)
[401.907s][info][gc             ] GC(927) Pause Young (Normal) (G1 Evacuation Pause) 893M->684M(978M) 32.935ms
[401.907s][info][gc,cpu         ] GC(927) User=0.06s Sys=0.00s Real=0.03s
[402.582s][info][gc,start       ] GC(928) Pause Young (Normal) (G1 Evacuation Pause)
[402.582s][info][gc,task        ] GC(928) Using 2 workers of 2 for evacuation
[402.633s][info][gc,phases      ] GC(928)   Pre Evacuate Collection Set: 0.57ms
[402.633s][info][gc,phases      ] GC(928)   Merge Heap Roots: 0.22ms
[402.633s][info][gc,phases      ] GC(928)   Evacuate Collection Set: 49.13ms
[402.633s][info][gc,phases      ] GC(928)   Post Evacuate Collection Set: 0.59ms
[402.633s][info][gc,phases      ] GC(928)   Other: 0.09ms
[402.633s][info][gc,heap        ] GC(928) Eden regions: 216->0(199)
[402.633s][info][gc,heap        ] GC(928) Survivor regions: 26->28(31)
[402.633s][info][gc,heap        ] GC(928) Old regions: 652->665
[402.633s][info][gc,heap        ] GC(928) Humongous regions: 8->8
[402.633s][info][gc,metaspace   ] GC(928) Metaspace: 18886K(19008K)->18886K(19008K) NonClass: 17057K(17152K)->17057K(17152K) Class: 1829K(1856K)->1829K(1856K)
[402.633s][info][gc             ] GC(928) Pause Young (Normal) (G1 Evacuation Pause) 900M->700M(978M) 50.832ms
[402.633s][info][gc,cpu         ] GC(928) User=0.10s Sys=0.00s Real=0.06s
[403.066s][info][gc,marking     ] GC(926) Concurrent Mark From Roots 1510.958ms
[403.066s][info][gc,marking     ] GC(926) Concurrent Preclean
[403.066s][info][gc,marking     ] GC(926) Concurrent Preclean 0.052ms
[403.066s][info][gc,start       ] GC(926) Pause Remark
[403.075s][info][gc             ] GC(926) Pause Remark 805M->640M(978M) 9.215ms
[403.075s][info][gc,cpu         ] GC(926) User=0.01s Sys=0.00s Real=0.01s
[403.076s][info][gc,marking     ] GC(926) Concurrent Mark 1520.592ms
[403.076s][info][gc,marking     ] GC(926) Concurrent Rebuild Remembered Sets and Scrub Regions
[403.481s][info][gc,start       ] GC(929) Pause Young (Normal) (G1 Evacuation Pause)
[403.481s][info][gc,task        ] GC(929) Using 2 workers of 2 for evacuation
[403.515s][info][gc,phases      ] GC(929)   Pre Evacuate Collection Set: 0.56ms
[403.515s][info][gc,phases      ] GC(929)   Merge Heap Roots: 0.23ms
[403.515s][info][gc,phases      ] GC(929)   Evacuate Collection Set: 32.12ms
[403.515s][info][gc,phases      ] GC(929)   Post Evacuate Collection Set: 0.51ms
[403.515s][info][gc,phases      ] GC(929)   Other: 0.10ms
[403.515s][info][gc,heap        ] GC(929) Eden regions: 199->0(350)
[403.515s][info][gc,heap        ] GC(929) Survivor regions: 28->1(29)
[403.515s][info][gc,heap        ] GC(929) Old regions: 503->531
[403.515s][info][gc,heap        ] GC(929) Humongous regions: 5->5
[403.515s][info][gc,metaspace   ] GC(929) Metaspace: 18886K(19008K)->18886K(19008K) NonClass: 17057K(17152K)->17057K(17152K) Class: 1829K(1856K)->1829K(1856K)
[403.515s][info][gc             ] GC(929) Pause Young (Normal) (G1 Evacuation Pause) 734M->536M(978M) 33.781ms
[403.515s][info][gc,cpu         ] GC(929) User=0.06s Sys=0.00s Real=0.04s
[403.544s][info][gc,marking     ] GC(926) Concurrent Rebuild Remembered Sets and Scrub Regions 468.077ms
[403.544s][info][gc,start       ] GC(926) Pause Cleanup
[403.544s][info][gc             ] GC(926) Pause Cleanup 544M->544M(978M) 0.150ms
[403.544s][info][gc,cpu         ] GC(926) User=0.00s Sys=0.00s Real=0.00s
[403.544s][info][gc,marking     ] GC(926) Concurrent Clear Claimed Marks
[403.544s][info][gc,marking     ] GC(926) Concurrent Clear Claimed Marks 0.036ms
[403.544s][info][gc,marking     ] GC(926) Concurrent Cleanup for Next Mark
[403.549s][info][gc,marking     ] GC(926) Concurrent Cleanup for Next Mark 5.064ms
[403.549s][info][gc             ] GC(926) Concurrent Mark Cycle 2064.155ms
[404.276s][info][gc,start       ] GC(930) Pause Young (Prepare Mixed) (G1 Evacuation Pause)
[404.276s][info][gc,task        ] GC(930) Using 2 workers of 2 for evacuation
[404.327s][info][gc,phases      ] GC(930)   Pre Evacuate Collection Set: 0.55ms
[404.327s][info][gc,phases      ] GC(930)   Merge Heap Roots: 0.47ms
[404.327s][info][gc,phases      ] GC(930)   Evacuate Collection Set: 48.57ms
[404.327s][info][gc,phases      ] GC(930)   Post Evacuate Collection Set: 0.77ms
[404.327s][info][gc,phases      ] GC(930)   Other: 0.10ms
[404.327s][info][gc,heap        ] GC(930) Eden regions: 350->0(311)
[404.327s][info][gc,heap        ] GC(930) Survivor regions: 1->37(44)
[404.327s][info][gc,heap        ] GC(930) Old regions: 531->531
[404.327s][info][gc,heap        ] GC(930) Humongous regions: 5->5
[404.327s][info][gc,metaspace   ] GC(930) Metaspace: 18886K(19008K)->18886K(19008K) NonClass: 17057K(17152K)->17057K(17152K) Class: 1829K(1856K)->1829K(1856K)
[404.327s][info][gc             ] GC(930) Pause Young (Prepare Mixed) (G1 Evacuation Pause) 886M->571M(978M) 50.735ms
[404.327s][info][gc,cpu         ] GC(930) User=0.10s Sys=0.00s Real=0.05s
[404.693s][info][gc,start       ] GC(931) Pause Young (Mixed) (G1 Evacuation Pause)
[404.693s][info][gc,task        ] GC(931) Using 2 workers of 2 for evacuation
[404.787s][info][gc,phases      ] GC(931)   Pre Evacuate Collection Set: 0.58ms
[404.787s][info][gc,phases      ] GC(931)   Merge Heap Roots: 0.23ms
[404.787s][info][gc,phases      ] GC(931)   Evacuate Collection Set: 91.55ms
[404.787s][info][gc,phases      ] GC(931)   Post Evacuate Collection Set: 0.83ms
[404.787s][info][gc,phases      ] GC(931)   Other: 0.10ms
[404.787s][info][gc,heap        ] GC(931) Eden regions: 311->0(275)
[404.787s][info][gc,heap        ] GC(931) Survivor regions: 37->44(44)
[404.787s][info][gc,heap        ] GC(931) Old regions: 531->552
[404.787s][info][gc,heap        ] GC(931) Humongous regions: 5->5
[404.787s][info][gc,metaspace   ] GC(931) Metaspace: 18886K(19008K)->18886K(19008K) NonClass: 17057K(17152K)->17057K(17152K) Class: 1829K(1856K)->1829K(1856K)
[404.787s][info][gc             ] GC(931) Pause Young (Mixed) (G1 Evacuation Pause) 882M->600M(978M) 93.567ms
[404.787s][info][gc,cpu         ] GC(931) User=0.18s Sys=0.00s Real=0.09s
[404.833s][info][gc,start       ] GC(932) Pause Young (Concurrent Start) (G1 Humongous Allocation)
[404.833s][info][gc,task        ] GC(932) Using 2 workers of 2 for evacuation
[404.908s][info][gc,phases      ] GC(932)   Pre Evacuate Collection Set: 0.38ms
[404.908s][info][gc,phases      ] GC(932)   Merge Heap Roots: 0.26ms
[404.908s][info][gc,phases      ] GC(932)   Evacuate Collection Set: 73.42ms
[404.908s][info][gc,phases      ] GC(932)   Post Evacuate Collection Set: 0.47ms
[404.908s][info][gc,phases      ] GC(932)   Other: 0.22ms
[404.908s][info][gc,heap        ] GC(932) Eden regions: 59->0(238)
[404.908s][info][gc,heap        ] GC(932) Survivor regions: 44->25(40)
[404.908s][info][gc,heap        ] GC(932) Old regions: 552->597
[404.908s][info][gc,heap        ] GC(932) Humongous regions: 5->5
[404.908s][info][gc,metaspace   ] GC(932) Metaspace: 18887K(19008K)->18887K(19008K) NonClass: 17058K(17152K)->17058K(17152K) Class: 1829K(1856K)->1829K(1856K)
[404.908s][info][gc             ] GC(932) Pause Young (Concurrent Start) (G1 Humongous Allocation) 659M->625M(978M) 75.010ms
[404.908s][info][gc,cpu         ] GC(932) User=0.14s Sys=0.00s Real=0.07s
[404.908s][info][gc             ] GC(933) Concurrent Mark Cycle
[404.908s][info][gc,marking     ] GC(933) Concurrent Scan Root Regions
[405.002s][info][gc,marking     ] GC(933) Concurrent Scan Root Regions 93.347ms
[405.002s][info][gc,marking     ] GC(933) Concurrent Mark
[405.002s][info][gc,marking     ] GC(933) Concurrent Mark From Roots
[405.002s][info][gc,task        ] GC(933) Using 1 workers of 1 for marking
[405.448s][info][gc,start       ] GC(934) Pause Young (Normal) (G1 Evacuation Pause)
[405.448s][info][gc,task        ] GC(934) Using 2 workers of 2 for evacuation
[405.534s][info][gc,phases      ] GC(934)   Pre Evacuate Collection Set: 0.58ms
[405.534s][info][gc,phases      ] GC(934)   Merge Heap Roots: 0.22ms
[405.534s][info][gc,phases      ] GC(934)   Evacuate Collection Set: 84.53ms
[405.534s][info][gc,phases      ] GC(934)   Post Evacuate Collection Set: 0.57ms
[405.534s][info][gc,phases      ] GC(934)   Other: 0.09ms
[405.534s][info][gc,heap        ] GC(934) Eden regions: 238->0(200)
[405.534s][info][gc,heap        ] GC(934) Survivor regions: 25->33(33)
[405.534s][info][gc,heap        ] GC(934) Old regions: 597->638
[405.534s][info][gc,heap        ] GC(934) Humongous regions: 8->8
[405.534s][info][gc,metaspace   ] GC(934) Metaspace: 18887K(19008K)->18887K(19008K) NonClass: 17058K(17152K)->17058K(17152K) Class: 1829K(1856K)->1829K(1856K)
[405.534s][info][gc             ] GC(934) Pause Young (Normal) (G1 Evacuation Pause) 866M->678M(978M) 86.279ms
[405.534s][info][gc,cpu         ] GC(934) User=0.17s Sys=0.00s Real=0.09s
[406.163s][info][gc,start       ] GC(935) Pause Young (Normal) (G1 Evacuation Pause)
[406.163s][info][gc,task        ] GC(935) Using 2 workers of 2 for evacuation
[406.237s][info][gc,phases      ] GC(935)   Pre Evacuate Collection Set: 0.30ms
[406.237s][info][gc,phases      ] GC(935)   Merge Heap Roots: 0.33ms
[406.237s][info][gc,phases      ] GC(935)   Evacuate Collection Set: 72.11ms
[406.237s][info][gc,phases      ] GC(935)   Post Evacuate Collection Set: 0.61ms
[406.237s][info][gc,phases      ] GC(935)   Other: 0.11ms
[406.237s][info][gc,heap        ] GC(935) Eden regions: 200->0(187)
[406.237s][info][gc,heap        ] GC(935) Survivor regions: 33->19(30)
[406.237s][info][gc,heap        ] GC(935) Old regions: 638->672
[406.237s][info][gc,heap        ] GC(935) Humongous regions: 11->11
[406.237s][info][gc,metaspace   ] GC(935) Metaspace: 18887K(19008K)->18887K(19008K) NonClass: 17058K(17152K)->17058K(17152K) Class: 1829K(1856K)->1829K(1856K)
[406.237s][info][gc             ] GC(935) Pause Young (Normal) (G1 Evacuation Pause) 881M->700M(978M) 73.736ms
[406.237s][info][gc,cpu         ] GC(935) User=0.14s Sys=0.00s Real=0.07s
[406.274s][info][gc,marking     ] GC(933) Concurrent Mark From Roots 1272.165ms
[406.274s][info][gc,marking     ] GC(933) Concurrent Preclean
[406.274s][info][gc,marking     ] GC(933) Concurrent Preclean 0.052ms
[406.275s][info][gc,start       ] GC(933) Pause Remark
[406.283s][info][gc             ] GC(933) Pause Remark 708M->573M(978M) 8.688ms
[406.283s][info][gc,cpu         ] GC(933) User=0.01s Sys=0.00s Real=0.01s
[406.285s][info][gc,marking     ] GC(933) Concurrent Mark 1282.837ms
[406.285s][info][gc,marking     ] GC(933) Concurrent Rebuild Remembered Sets and Scrub Regions
[406.670s][info][gc,marking     ] GC(933) Concurrent Rebuild Remembered Sets and Scrub Regions 385.667ms
[406.670s][info][gc,start       ] GC(933) Pause Cleanup
[406.671s][info][gc             ] GC(933) Pause Cleanup 702M->702M(978M) 0.149ms
[406.671s][info][gc,cpu         ] GC(933) User=0.00s Sys=0.00s Real=0.00s
[406.671s][info][gc,marking     ] GC(933) Concurrent Clear Claimed Marks
[406.671s][info][gc,marking     ] GC(933) Concurrent Clear Claimed Marks 0.033ms
[406.671s][info][gc,marking     ] GC(933) Concurrent Cleanup for Next Mark
[406.674s][info][gc,marking     ] GC(933) Concurrent Cleanup for Next Mark 2.990ms
[406.674s][info][gc             ] GC(933) Concurrent Mark Cycle 1765.489ms
[406.760s][info][gc,start       ] GC(936) Pause Young (Prepare Mixed) (G1 Evacuation Pause)
[406.760s][info][gc,task        ] GC(936) Using 2 workers of 2 for evacuation
[406.798s][info][gc,phases      ] GC(936)   Pre Evacuate Collection Set: 0.34ms
[406.798s][info][gc,phases      ] GC(936)   Merge Heap Roots: 0.51ms
[406.798s][info][gc,phases      ] GC(936)   Evacuate Collection Set: 36.71ms
[406.798s][info][gc,phases      ] GC(936)   Post Evacuate Collection Set: 0.47ms
[406.798s][info][gc,phases      ] GC(936)   Other: 0.09ms
[406.798s][info][gc,heap        ] GC(936) Eden regions: 187->0(291)
[406.798s][info][gc,heap        ] GC(936) Survivor regions: 19->1(26)
[406.798s][info][gc,heap        ] GC(936) Old regions: 539->557
[406.798s][info][gc,heap        ] GC(936) Humongous regions: 9->9
[406.798s][info][gc,metaspace   ] GC(936) Metaspace: 18887K(19008K)->18887K(19008K) NonClass: 17058K(17152K)->17058K(17152K) Class: 1829K(1856K)->1829K(1856K)
[406.798s][info][gc             ] GC(936) Pause Young (Prepare Mixed) (G1 Evacuation Pause) 752M->566M(978M) 38.353ms
[406.798s][info][gc,cpu         ] GC(936) User=0.07s Sys=0.00s Real=0.04s
[407.289s][info][gc,start       ] GC(937) Pause Young (Mixed) (G1 Evacuation Pause)
[407.289s][info][gc,task        ] GC(937) Using 2 workers of 2 for evacuation
[407.291s][info][gc,phases      ] GC(937)   Pre Evacuate Collection Set: 0.58ms
[407.291s][info][gc,phases      ] GC(937)   Merge Heap Roots: 0.15ms
[407.291s][info][gc,phases      ] GC(937)   Evacuate Collection Set: 0.85ms
[407.291s][info][gc,phases      ] GC(937)   Post Evacuate Collection Set: 0.51ms
[407.291s][info][gc,phases      ] GC(937)   Other: 0.11ms
[407.291s][info][gc,heap        ] GC(937) Eden regions: 291->0(340)
[407.291s][info][gc,heap        ] GC(937) Survivor regions: 1->1(37)
[407.291s][info][gc,heap        ] GC(937) Old regions: 557->519
[407.291s][info][gc,heap        ] GC(937) Humongous regions: 9->9
[407.291s][info][gc,metaspace   ] GC(937) Metaspace: 18887K(19008K)->18887K(19008K) NonClass: 17058K(17152K)->17058K(17152K) Class: 1829K(1856K)->1829K(1856K)
[407.291s][info][gc             ] GC(937) Pause Young (Mixed) (G1 Evacuation Pause) 857M->528M(978M) 2.419ms
[407.291s][info][gc,cpu         ] GC(937) User=0.00s Sys=0.00s Real=0.00s
[407.858s][info][gc,start       ] GC(938) Pause Young (Concurrent Start) (G1 Evacuation Pause)
[407.858s][info][gc,task        ] GC(938) Using 2 workers of 2 for evacuation
[407.860s][info][gc,phases      ] GC(938)   Pre Evacuate Collection Set: 0.34ms
[407.860s][info][gc,phases      ] GC(938)   Merge Heap Roots: 0.13ms
[407.860s][info][gc,phases      ] GC(938)   Evacuate Collection Set: 0.60ms
[407.860s][info][gc,phases      ] GC(938)   Post Evacuate Collection Set: 0.53ms
[407.860s][info][gc,phases      ] GC(938)   Other: 0.17ms
[407.860s][info][gc,heap        ] GC(938) Eden regions: 340->0(359)
[407.860s][info][gc,heap        ] GC(938) Survivor regions: 1->1(43)
[407.860s][info][gc,heap        ] GC(938) Old regions: 519->519
[407.860s][info][gc,heap        ] GC(938) Humongous regions: 9->9
[407.860s][info][gc,metaspace   ] GC(938) Metaspace: 18887K(19008K)->18887K(19008K) NonClass: 17058K(17152K)->17058K(17152K) Class: 1829K(1856K)->1829K(1856K)
[407.860s][info][gc             ] GC(938) Pause Young (Concurrent Start) (G1 Evacuation Pause) 868M->528M(978M) 2.060ms
[407.860s][info][gc,cpu         ] GC(938) User=0.01s Sys=0.00s Real=0.00s
[407.860s][info][gc             ] GC(939) Concurrent Mark Cycle
[407.860s][info][gc,marking     ] GC(939) Concurrent Scan Root Regions
[407.862s][info][gc,marking     ] GC(939) Concurrent Scan Root Regions 1.986ms
[407.862s][info][gc,marking     ] GC(939) Concurrent Mark
[407.862s][info][gc,marking     ] GC(939) Concurrent Mark From Roots
[407.862s][info][gc,task        ] GC(939) Using 1 workers of 1 for marking
[409.258s][info][gc,start       ] GC(940) Pause Young (Normal) (G1 Evacuation Pause)
[409.259s][info][gc,task        ] GC(940) Using 2 workers of 2 for evacuation
[409.260s][info][gc,phases      ] GC(940)   Pre Evacuate Collection Set: 0.34ms
[409.260s][info][gc,phases      ] GC(940)   Merge Heap Roots: 0.13ms
[409.260s][info][gc,phases      ] GC(940)   Evacuate Collection Set: 0.32ms
[409.260s][info][gc,phases      ] GC(940)   Post Evacuate Collection Set: 0.53ms
[409.260s][info][gc,phases      ] GC(940)   Other: 0.14ms
[409.260s][info][gc,heap        ] GC(940) Eden regions: 359->0(375)
[409.260s][info][gc,heap        ] GC(940) Survivor regions: 1->1(45)
[409.260s][info][gc,heap        ] GC(940) Old regions: 519->519
[409.260s][info][gc,heap        ] GC(940) Humongous regions: 9->9
[409.260s][info][gc,metaspace   ] GC(940) Metaspace: 18887K(19008K)->18887K(19008K) NonClass: 17058K(17152K)->17058K(17152K) Class: 1829K(1856K)->1829K(1856K)
[409.260s][info][gc             ] GC(940) Pause Young (Normal) (G1 Evacuation Pause) 887M->528M(978M) 1.695ms
[409.260s][info][gc,cpu         ] GC(940) User=0.01s Sys=0.00s Real=0.00s
[409.580s][info][gc,marking     ] GC(939) Concurrent Mark From Roots 1718.337ms
[409.580s][info][gc,marking     ] GC(939) Concurrent Preclean
[409.580s][info][gc,marking     ] GC(939) Concurrent Preclean 0.048ms
[409.581s][info][gc,start       ] GC(939) Pause Remark
[409.590s][info][gc             ] GC(939) Pause Remark 671M->669M(978M) 8.618ms
[409.590s][info][gc,cpu         ] GC(939) User=0.02s Sys=0.00s Real=0.01s
[409.590s][info][gc,marking     ] GC(939) Concurrent Mark 1728.229ms
[409.590s][info][gc,marking     ] GC(939) Concurrent Rebuild Remembered Sets and Scrub Regions
[409.872s][info][gc,start       ] GC(941) Pause Young (Normal) (G1 Evacuation Pause)
[409.872s][info][gc,task        ] GC(941) Using 2 workers of 2 for evacuation
[409.925s][info][gc,phases      ] GC(941)   Pre Evacuate Collection Set: 0.34ms
[409.925s][info][gc,phases      ] GC(941)   Merge Heap Roots: 0.25ms
[409.925s][info][gc,phases      ] GC(941)   Evacuate Collection Set: 51.51ms
[409.925s][info][gc,phases      ] GC(941)   Post Evacuate Collection Set: 0.68ms
[409.925s][info][gc,phases      ] GC(941)   Other: 0.10ms
[409.925s][info][gc,heap        ] GC(941) Eden regions: 375->0(324)
[409.925s][info][gc,heap        ] GC(941) Survivor regions: 1->39(47)
[409.925s][info][gc,heap        ] GC(941) Old regions: 519->519
[409.925s][info][gc,heap        ] GC(941) Humongous regions: 7->7
[409.925s][info][gc,metaspace   ] GC(941) Metaspace: 18887K(19008K)->18887K(19008K) NonClass: 17058K(17152K)->17058K(17152K) Class: 1829K(1856K)->1829K(1856K)
[409.925s][info][gc             ] GC(941) Pause Young (Normal) (G1 Evacuation Pause) 901M->564M(978M) 53.151ms
[409.925s][info][gc,cpu         ] GC(941) User=0.11s Sys=0.00s Real=0.06s
[410.335s][info][gc,start       ] GC(942) Pause Young (Normal) (G1 Evacuation Pause)
[410.335s][info][gc,task        ] GC(942) Using 2 workers of 2 for evacuation
[410.419s][info][gc,phases      ] GC(942)   Pre Evacuate Collection Set: 0.56ms
[410.419s][info][gc,phases      ] GC(942)   Merge Heap Roots: 0.65ms
[410.419s][info][gc,phases      ] GC(942)   Evacuate Collection Set: 81.70ms
[410.419s][info][gc,phases      ] GC(942)   Post Evacuate Collection Set: 0.69ms
[410.419s][info][gc,phases      ] GC(942)   Other: 0.10ms
[410.419s][info][gc,heap        ] GC(942) Eden regions: 324->0(306)
[410.419s][info][gc,heap        ] GC(942) Survivor regions: 39->27(46)
[410.419s][info][gc,heap        ] GC(942) Old regions: 519->558
[410.419s][info][gc,heap        ] GC(942) Humongous regions: 7->7
[410.419s][info][gc,metaspace   ] GC(942) Metaspace: 18887K(19008K)->18887K(19008K) NonClass: 17058K(17152K)->17058K(17152K) Class: 1829K(1856K)->1829K(1856K)
[410.419s][info][gc             ] GC(942) Pause Young (Normal) (G1 Evacuation Pause) 888M->591M(978M) 83.977ms
[410.419s][info][gc,cpu         ] GC(942) User=0.16s Sys=0.00s Real=0.08s
[410.436s][info][gc,marking     ] GC(939) Concurrent Rebuild Remembered Sets and Scrub Regions 846.268ms
[410.437s][info][gc,start       ] GC(939) Pause Cleanup
[410.437s][info][gc             ] GC(939) Pause Cleanup 605M->605M(978M) 0.114ms
[410.437s][info][gc,cpu         ] GC(939) User=0.00s Sys=0.00s Real=0.00s
[410.437s][info][gc,marking     ] GC(939) Concurrent Clear Claimed Marks
[410.437s][info][gc,marking     ] GC(939) Concurrent Clear Claimed Marks 0.033ms
[410.437s][info][gc,marking     ] GC(939) Concurrent Cleanup for Next Mark
[410.444s][info][gc,marking     ] GC(939) Concurrent Cleanup for Next Mark 6.770ms
[410.444s][info][gc             ] GC(939) Concurrent Mark Cycle 2583.860ms
[410.673s][info][gc,start       ] GC(943) Pause Young (Prepare Mixed) (G1 Evacuation Pause)
[410.673s][info][gc,task        ] GC(943) Using 2 workers of 2 for evacuation
[410.738s][info][gc,phases      ] GC(943)   Pre Evacuate Collection Set: 0.58ms
[410.738s][info][gc,phases      ] GC(943)   Merge Heap Roots: 0.26ms
[410.738s][info][gc,phases      ] GC(943)   Evacuate Collection Set: 63.57ms
[410.738s][info][gc,phases      ] GC(943)   Post Evacuate Collection Set: 0.59ms
[410.738s][info][gc,phases      ] GC(943)   Other: 0.10ms
[410.738s][info][gc,heap        ] GC(943) Eden regions: 306->0(283)
[410.738s][info][gc,heap        ] GC(943) Survivor regions: 27->25(42)
[410.738s][info][gc,heap        ] GC(943) Old regions: 558->586
[410.738s][info][gc,heap        ] GC(943) Humongous regions: 7->7
[410.738s][info][gc,metaspace   ] GC(943) Metaspace: 18887K(19008K)->18887K(19008K) NonClass: 17058K(17152K)->17058K(17152K) Class: 1829K(1856K)->1829K(1856K)
[410.738s][info][gc             ] GC(943) Pause Young (Prepare Mixed) (G1 Evacuation Pause) 897M->617M(978M) 65.364ms
[410.738s][info][gc,cpu         ] GC(943) User=0.12s Sys=0.00s Real=0.06s
[411.018s][info][gc,start       ] GC(944) Pause Young (Mixed) (G1 Evacuation Pause)
[411.018s][info][gc,task        ] GC(944) Using 2 workers of 2 for evacuation
[411.082s][info][gc,phases      ] GC(944)   Pre Evacuate Collection Set: 0.55ms
[411.082s][info][gc,phases      ] GC(944)   Merge Heap Roots: 0.43ms
[411.082s][info][gc,phases      ] GC(944)   Evacuate Collection Set: 62.33ms
[411.082s][info][gc,phases      ] GC(944)   Post Evacuate Collection Set: 0.64ms
[411.082s][info][gc,phases      ] GC(944)   Other: 0.09ms
[411.082s][info][gc,heap        ] GC(944) Eden regions: 283->0(278)
[411.082s][info][gc,heap        ] GC(944) Survivor regions: 25->19(39)
[411.082s][info][gc,heap        ] GC(944) Old regions: 586->600
[411.082s][info][gc,heap        ] GC(944) Humongous regions: 7->7
[411.082s][info][gc,metaspace   ] GC(944) Metaspace: 18887K(19008K)->18887K(19008K) NonClass: 17058K(17152K)->17058K(17152K) Class: 1829K(1856K)->1829K(1856K)
[411.082s][info][gc             ] GC(944) Pause Young (Mixed) (G1 Evacuation Pause) 900M->625M(978M) 64.293ms
[411.082s][info][gc,cpu         ] GC(944) User=0.13s Sys=0.00s Real=0.06s
[411.547s][info][gc,start       ] GC(945) Pause Young (Concurrent Start) (G1 Evacuation Pause)
[411.547s][info][gc,task        ] GC(945) Using 2 workers of 2 for evacuation
[411.606s][info][gc,phases      ] GC(945)   Pre Evacuate Collection Set: 0.39ms
[411.606s][info][gc,phases      ] GC(945)   Merge Heap Roots: 0.30ms
[411.606s][info][gc,phases      ] GC(945)   Evacuate Collection Set: 56.86ms
[411.606s][info][gc,phases      ] GC(945)   Post Evacuate Collection Set: 0.63ms
[411.606s][info][gc,phases      ] GC(945)   Other: 0.23ms
[411.606s][info][gc,heap        ] GC(945) Eden regions: 278->0(239)
[411.606s][info][gc,heap        ] GC(945) Survivor regions: 19->38(38)
[411.606s][info][gc,heap        ] GC(945) Old regions: 600->606
[411.606s][info][gc,heap        ] GC(945) Humongous regions: 7->7
[411.606s][info][gc,metaspace   ] GC(945) Metaspace: 18887K(19008K)->18887K(19008K) NonClass: 17058K(17152K)->17058K(17152K) Class: 1829K(1856K)->1829K(1856K)
[411.606s][info][gc             ] GC(945) Pause Young (Concurrent Start) (G1 Evacuation Pause) 903M->650M(978M) 58.655ms
[411.606s][info][gc             ] GC(946) Concurrent Mark Cycle
[411.606s][info][gc,marking     ] GC(946) Concurrent Scan Root Regions
[411.606s][info][gc,cpu         ] GC(945) User=0.11s Sys=0.00s Real=0.06s
[411.699s][info][gc,marking     ] GC(946) Concurrent Scan Root Regions 92.578ms
[411.699s][info][gc,marking     ] GC(946) Concurrent Mark
[411.699s][info][gc,marking     ] GC(946) Concurrent Mark From Roots
[411.699s][info][gc,task        ] GC(946) Using 1 workers of 1 for marking
[412.779s][info][gc,start       ] GC(947) Pause Young (Normal) (G1 Evacuation Pause)
[412.780s][info][gc,task        ] GC(947) Using 2 workers of 2 for evacuation
[412.827s][info][gc,phases      ] GC(947)   Pre Evacuate Collection Set: 0.55ms
[412.827s][info][gc,phases      ] GC(947)   Merge Heap Roots: 0.26ms
[412.827s][info][gc,phases      ] GC(947)   Evacuate Collection Set: 45.60ms
[412.827s][info][gc,phases      ] GC(947)   Post Evacuate Collection Set: 0.56ms
[412.827s][info][gc,phases      ] GC(947)   Other: 0.10ms
[412.827s][info][gc,heap        ] GC(947) Eden regions: 239->0(265)
[412.827s][info][gc,heap        ] GC(947) Survivor regions: 38->1(35)
[412.827s][info][gc,heap        ] GC(947) Old regions: 606->645
[412.827s][info][gc,heap        ] GC(947) Humongous regions: 7->7
[412.827s][info][gc,metaspace   ] GC(947) Metaspace: 18887K(19008K)->18887K(19008K) NonClass: 17058K(17152K)->17058K(17152K) Class: 1829K(1856K)->1829K(1856K)
[412.827s][info][gc             ] GC(947) Pause Young (Normal) (G1 Evacuation Pause) 889M->652M(978M) 47.304ms
[412.827s][info][gc,cpu         ] GC(947) User=0.09s Sys=0.00s Real=0.05s
[413.781s][info][gc,start       ] GC(948) Pause Young (Normal) (G1 Evacuation Pause)
[413.781s][info][gc,task        ] GC(948) Using 2 workers of 2 for evacuation
[413.784s][info][gc,phases      ] GC(948)   Pre Evacuate Collection Set: 0.57ms
[413.784s][info][gc,phases      ] GC(948)   Merge Heap Roots: 0.14ms
[413.784s][info][gc,phases      ] GC(948)   Evacuate Collection Set: 1.41ms
[413.784s][info][gc,phases      ] GC(948)   Post Evacuate Collection Set: 0.48ms
[413.784s][info][gc,phases      ] GC(948)   Other: 0.11ms
[413.784s][info][gc,heap        ] GC(948) Eden regions: 265->0(274)
[413.784s][info][gc,heap        ] GC(948) Survivor regions: 1->1(34)
[413.784s][info][gc,heap        ] GC(948) Old regions: 645->645
[413.784s][info][gc,heap        ] GC(948) Humongous regions: 7->7
[413.784s][info][gc,metaspace   ] GC(948) Metaspace: 18887K(19008K)->18887K(19008K) NonClass: 17058K(17152K)->17058K(17152K) Class: 1829K(1856K)->1829K(1856K)
[413.784s][info][gc             ] GC(948) Pause Young (Normal) (G1 Evacuation Pause) 917M->652M(978M) 2.919ms
[413.784s][info][gc,cpu         ] GC(948) User=0.01s Sys=0.00s Real=0.01s
[414.018s][info][gc,marking     ] GC(946) Concurrent Mark From Roots 2319.489ms
[414.018s][info][gc,marking     ] GC(946) Concurrent Preclean
[414.018s][info][gc,marking     ] GC(946) Concurrent Preclean 0.054ms
[414.018s][info][gc,start       ] GC(946) Pause Remark
[414.027s][info][gc             ] GC(946) Pause Remark 717M->717M(978M) 9.043ms
[414.027s][info][gc,cpu         ] GC(946) User=0.02s Sys=0.00s Real=0.01s
[414.030s][info][gc,marking     ] GC(946) Concurrent Mark 2330.999ms
[414.030s][info][gc,marking     ] GC(946) Concurrent Rebuild Remembered Sets and Scrub Regions
[414.647s][info][gc,marking     ] GC(946) Concurrent Rebuild Remembered Sets and Scrub Regions 617.497ms
[414.647s][info][gc,start       ] GC(946) Pause Cleanup
[414.647s][info][gc             ] GC(946) Pause Cleanup 864M->864M(978M) 0.122ms
[414.647s][info][gc,cpu         ] GC(946) User=0.00s Sys=0.00s Real=0.00s
[414.649s][info][gc,marking     ] GC(946) Concurrent Clear Claimed Marks
[414.649s][info][gc,marking     ] GC(946) Concurrent Clear Claimed Marks 0.052ms
[414.649s][info][gc,marking     ] GC(946) Concurrent Cleanup for Next Mark
[414.654s][info][gc,marking     ] GC(946) Concurrent Cleanup for Next Mark 5.036ms
[414.654s][info][gc             ] GC(946) Concurrent Mark Cycle 3048.046ms
[414.868s][info][gc,start       ] GC(949) Pause Young (Prepare Mixed) (G1 Evacuation Pause)
[414.868s][info][gc,task        ] GC(949) Using 2 workers of 2 for evacuation
[414.871s][info][gc,phases      ] GC(949)   Pre Evacuate Collection Set: 0.34ms
[414.871s][info][gc,phases      ] GC(949)   Merge Heap Roots: 0.17ms
[414.871s][info][gc,phases      ] GC(949)   Evacuate Collection Set: 1.47ms
[414.871s][info][gc,phases      ] GC(949)   Post Evacuate Collection Set: 0.53ms
[414.871s][info][gc,phases      ] GC(949)   Other: 0.12ms
[414.871s][info][gc,heap        ] GC(949) Eden regions: 274->0(274)
[414.871s][info][gc,heap        ] GC(949) Survivor regions: 1->1(35)
[414.871s][info][gc,heap        ] GC(949) Old regions: 645->645
[414.871s][info][gc,heap        ] GC(949) Humongous regions: 7->7
[414.871s][info][gc,metaspace   ] GC(949) Metaspace: 18887K(19008K)->18887K(19008K) NonClass: 17058K(17152K)->17058K(17152K) Class: 1829K(1856K)->1829K(1856K)
[414.871s][info][gc             ] GC(949) Pause Young (Prepare Mixed) (G1 Evacuation Pause) 926M->651M(978M) 2.863ms
[414.871s][info][gc,cpu         ] GC(949) User=0.00s Sys=0.00s Real=0.00s
[415.330s][info][gc,start       ] GC(950) Pause Young (Mixed) (G1 Evacuation Pause)
[415.330s][info][gc,task        ] GC(950) Using 2 workers of 2 for evacuation
[415.383s][info][gc,phases      ] GC(950)   Pre Evacuate Collection Set: 0.32ms
[415.383s][info][gc,phases      ] GC(950)   Merge Heap Roots: 0.18ms
[415.383s][info][gc,phases      ] GC(950)   Evacuate Collection Set: 51.71ms
[415.383s][info][gc,phases      ] GC(950)   Post Evacuate Collection Set: 0.74ms
[415.383s][info][gc,phases      ] GC(950)   Other: 0.12ms
[415.383s][info][gc,heap        ] GC(950) Eden regions: 274->0(202)
[415.383s][info][gc,heap        ] GC(950) Survivor regions: 1->35(35)
[415.383s][info][gc,heap        ] GC(950) Old regions: 645->649
[415.383s][info][gc,heap        ] GC(950) Humongous regions: 7->7
[415.383s][info][gc,metaspace   ] GC(950) Metaspace: 18887K(19008K)->18887K(19008K) NonClass: 17058K(17152K)->17058K(17152K) Class: 1829K(1856K)->1829K(1856K)
[415.383s][info][gc             ] GC(950) Pause Young (Mixed) (G1 Evacuation Pause) 925M->690M(978M) 53.411ms
[415.383s][info][gc,cpu         ] GC(950) User=0.11s Sys=0.00s Real=0.06s
[415.648s][info][gc,start       ] GC(951) Pause Young (Concurrent Start) (G1 Evacuation Pause)
[415.648s][info][gc,task        ] GC(951) Using 2 workers of 2 for evacuation
[415.717s][info][gc,phases      ] GC(951)   Pre Evacuate Collection Set: 0.38ms
[415.717s][info][gc,phases      ] GC(951)   Merge Heap Roots: 0.33ms
[415.717s][info][gc,phases      ] GC(951)   Evacuate Collection Set: 67.31ms
[415.717s][info][gc,phases      ] GC(951)   Post Evacuate Collection Set: 0.58ms
[415.717s][info][gc,phases      ] GC(951)   Other: 0.15ms
[415.717s][info][gc,heap        ] GC(951) Eden regions: 202->0(176)
[415.717s][info][gc,heap        ] GC(951) Survivor regions: 35->30(30)
[415.717s][info][gc,heap        ] GC(951) Old regions: 649->685
[415.717s][info][gc,heap        ] GC(951) Humongous regions: 7->7
[415.717s][info][gc,metaspace   ] GC(951) Metaspace: 18887K(19008K)->18887K(19008K) NonClass: 17058K(17152K)->17058K(17152K) Class: 1829K(1856K)->1829K(1856K)
[415.717s][info][gc             ] GC(951) Pause Young (Concurrent Start) (G1 Evacuation Pause) 892M->721M(978M) 69.065ms
[415.717s][info][gc,cpu         ] GC(951) User=0.13s Sys=0.00s Real=0.07s
[415.717s][info][gc             ] GC(952) Concurrent Mark Cycle
[415.718s][info][gc,marking     ] GC(952) Concurrent Scan Root Regions
[415.794s][info][gc,marking     ] GC(952) Concurrent Scan Root Regions 76.031ms
[415.794s][info][gc,marking     ] GC(952) Concurrent Mark
[415.794s][info][gc,marking     ] GC(952) Concurrent Mark From Roots
[415.794s][info][gc,task        ] GC(952) Using 1 workers of 1 for marking
[416.144s][info][gc,start       ] GC(953) Pause Young (Normal) (G1 Evacuation Pause)
[416.144s][info][gc,task        ] GC(953) Using 2 workers of 2 for evacuation
[416.231s][info][gc,phases      ] GC(953)   Pre Evacuate Collection Set: 0.34ms
[416.231s][info][gc,phases      ] GC(953)   Merge Heap Roots: 0.30ms
[416.231s][info][gc,phases      ] GC(953)   Evacuate Collection Set: 85.28ms
[416.231s][info][gc,phases      ] GC(953)   Post Evacuate Collection Set: 0.67ms
[416.231s][info][gc,phases      ] GC(953)   Other: 0.10ms
[416.231s][info][gc,heap        ] GC(953) Eden regions: 176->0(140)
[416.231s][info][gc,heap        ] GC(953) Survivor regions: 30->26(26)
[416.231s][info][gc,heap        ] GC(953) Old regions: 685->726
[416.231s][info][gc,heap        ] GC(953) Humongous regions: 10->10
[416.231s][info][gc,metaspace   ] GC(953) Metaspace: 18887K(19008K)->18887K(19008K) NonClass: 17058K(17152K)->17058K(17152K) Class: 1829K(1856K)->1829K(1856K)
[416.231s][info][gc             ] GC(953) Pause Young (Normal) (G1 Evacuation Pause) 900M->761M(978M) 86.955ms
[416.231s][info][gc,cpu         ] GC(953) User=0.18s Sys=0.00s Real=0.08s
[416.540s][info][gc,start       ] GC(954) Pause Young (Normal) (G1 Evacuation Pause)
[416.540s][info][gc,task        ] GC(954) Using 2 workers of 2 for evacuation
[416.630s][info][gc,phases      ] GC(954)   Pre Evacuate Collection Set: 0.33ms
[416.630s][info][gc,phases      ] GC(954)   Merge Heap Roots: 0.45ms
[416.630s][info][gc,phases      ] GC(954)   Evacuate Collection Set: 88.69ms
[416.630s][info][gc,phases      ] GC(954)   Post Evacuate Collection Set: 0.60ms
[416.630s][info][gc,phases      ] GC(954)   Other: 0.12ms
[416.630s][info][gc,heap        ] GC(954) Eden regions: 140->0(104)
[416.630s][info][gc,heap        ] GC(954) Survivor regions: 26->21(21)
[416.630s][info][gc,heap        ] GC(954) Old regions: 726->772
[416.630s][info][gc,heap        ] GC(954) Humongous regions: 10->10
[416.630s][info][gc,metaspace   ] GC(954) Metaspace: 18887K(19008K)->18887K(19008K) NonClass: 17058K(17152K)->17058K(17152K) Class: 1829K(1856K)->1829K(1856K)
[416.630s][info][gc             ] GC(954) Pause Young (Normal) (G1 Evacuation Pause) 901M->802M(978M) 90.480ms
[416.630s][info][gc,cpu         ] GC(954) User=0.18s Sys=0.00s Real=0.09s
[416.896s][info][gc,start       ] GC(955) Pause Young (Normal) (G1 Evacuation Pause)
[416.896s][info][gc,task        ] GC(955) Using 2 workers of 2 for evacuation
[416.944s][info][gc,phases      ] GC(955)   Pre Evacuate Collection Set: 0.34ms
[416.944s][info][gc,phases      ] GC(955)   Merge Heap Roots: 0.30ms
[416.944s][info][gc,phases      ] GC(955)   Evacuate Collection Set: 46.28ms
[416.944s][info][gc,phases      ] GC(955)   Post Evacuate Collection Set: 0.46ms
[416.944s][info][gc,phases      ] GC(955)   Other: 0.11ms
[416.944s][info][gc,heap        ] GC(955) Eden regions: 104->0(89)
[416.944s][info][gc,heap        ] GC(955) Survivor regions: 21->16(16)
[416.944s][info][gc,heap        ] GC(955) Old regions: 772->797
[416.944s][info][gc,heap        ] GC(955) Humongous regions: 10->10
[416.944s][info][gc,metaspace   ] GC(955) Metaspace: 18887K(19008K)->18887K(19008K) NonClass: 17058K(17152K)->17058K(17152K) Class: 1829K(1856K)->1829K(1856K)
[416.944s][info][gc             ] GC(955) Pause Young (Normal) (G1 Evacuation Pause) 906M->822M(978M) 47.786ms
[416.944s][info][gc,cpu         ] GC(955) User=0.09s Sys=0.00s Real=0.05s
[417.130s][info][gc,start       ] GC(956) Pause Young (Normal) (G1 Evacuation Pause)
[417.130s][info][gc,task        ] GC(956) Using 2 workers of 2 for evacuation
[417.148s][info][gc,phases      ] GC(956)   Pre Evacuate Collection Set: 0.37ms
[417.149s][info][gc,phases      ] GC(956)   Merge Heap Roots: 0.16ms
[417.149s][info][gc,phases      ] GC(956)   Evacuate Collection Set: 17.22ms
[417.149s][info][gc,phases      ] GC(956)   Post Evacuate Collection Set: 0.38ms
[417.149s][info][gc,phases      ] GC(956)   Other: 0.12ms
[417.149s][info][gc,heap        ] GC(956) Eden regions: 89->0(101)
[417.149s][info][gc,heap        ] GC(956) Survivor regions: 16->1(14)
[417.149s][info][gc,heap        ] GC(956) Old regions: 797->814
[417.149s][info][gc,heap        ] GC(956) Humongous regions: 10->10
[417.149s][info][gc,metaspace   ] GC(956) Metaspace: 18887K(19008K)->18887K(19008K) NonClass: 17058K(17152K)->17058K(17152K) Class: 1829K(1856K)->1829K(1856K)
[417.149s][info][gc             ] GC(956) Pause Young (Normal) (G1 Evacuation Pause) 911M->824M(978M) 18.559ms
[417.149s][info][gc,cpu         ] GC(956) User=0.03s Sys=0.00s Real=0.02s
[417.343s][info][gc,start       ] GC(957) Pause Young (Normal) (G1 Evacuation Pause)
[417.343s][info][gc,task        ] GC(957) Using 2 workers of 2 for evacuation
[417.345s][info][gc,phases      ] GC(957)   Pre Evacuate Collection Set: 0.32ms
[417.345s][info][gc,phases      ] GC(957)   Merge Heap Roots: 0.07ms
[417.345s][info][gc,phases      ] GC(957)   Evacuate Collection Set: 0.94ms
[417.345s][info][gc,phases      ] GC(957)   Post Evacuate Collection Set: 0.34ms
[417.345s][info][gc,phases      ] GC(957)   Other: 0.13ms
[417.345s][info][gc,heap        ] GC(957) Eden regions: 101->0(102)
[417.345s][info][gc,heap        ] GC(957) Survivor regions: 1->1(13)
[417.345s][info][gc,heap        ] GC(957) Old regions: 814->814
[417.345s][info][gc,heap        ] GC(957) Humongous regions: 10->10
[417.345s][info][gc,metaspace   ] GC(957) Metaspace: 18887K(19008K)->18887K(19008K) NonClass: 17058K(17152K)->17058K(17152K) Class: 1829K(1856K)->1829K(1856K)
[417.345s][info][gc             ] GC(957) Pause Young (Normal) (G1 Evacuation Pause) 925M->824M(978M) 2.061ms
[417.345s][info][gc,cpu         ] GC(957) User=0.01s Sys=0.00s Real=0.00s
[417.437s][info][gc,marking     ] GC(952) Concurrent Mark From Roots 1643.530ms
[417.437s][info][gc,marking     ] GC(952) Concurrent Preclean
[417.437s][info][gc,marking     ] GC(952) Concurrent Preclean 0.063ms
[417.438s][info][gc,start       ] GC(952) Pause Remark
[417.447s][info][gc             ] GC(952) Pause Remark 875M->656M(978M) 9.039ms
[417.447s][info][gc,cpu         ] GC(952) User=0.01s Sys=0.00s Real=0.01s
[417.447s][info][gc,marking     ] GC(952) Concurrent Mark 1653.027ms
[417.447s][info][gc,marking     ] GC(952) Concurrent Rebuild Remembered Sets and Scrub Regions
[417.564s][info][gc,start       ] GC(958) Pause Young (Normal) (G1 Evacuation Pause)
[417.564s][info][gc,task        ] GC(958) Using 2 workers of 2 for evacuation
[417.566s][info][gc,phases      ] GC(958)   Pre Evacuate Collection Set: 0.54ms
[417.566s][info][gc,phases      ] GC(958)   Merge Heap Roots: 0.09ms
[417.566s][info][gc,phases      ] GC(958)   Evacuate Collection Set: 1.13ms
[417.566s][info][gc,phases      ] GC(958)   Post Evacuate Collection Set: 0.33ms
[417.566s][info][gc,phases      ] GC(958)   Other: 0.12ms
[417.567s][info][gc,heap        ] GC(958) Eden regions: 102->0(270)
[417.567s][info][gc,heap        ] GC(958) Survivor regions: 1->1(13)
[417.567s][info][gc,heap        ] GC(958) Old regions: 598->598
[417.567s][info][gc,heap        ] GC(958) Humongous regions: 7->7
[417.567s][info][gc,metaspace   ] GC(958) Metaspace: 18887K(19008K)->18887K(19008K) NonClass: 17058K(17152K)->17058K(17152K) Class: 1829K(1856K)->1829K(1856K)
[417.567s][info][gc             ] GC(958) Pause Young (Normal) (G1 Evacuation Pause) 707M->604M(978M) 2.476ms
[417.567s][info][gc,cpu         ] GC(958) User=0.00s Sys=0.00s Real=0.00s
[417.891s][info][gc,marking     ] GC(952) Concurrent Rebuild Remembered Sets and Scrub Regions 444.676ms
[417.893s][info][gc,start       ] GC(952) Pause Cleanup
[417.893s][info][gc             ] GC(952) Pause Cleanup 748M->748M(978M) 0.163ms
[417.893s][info][gc,cpu         ] GC(952) User=0.00s Sys=0.00s Real=0.00s
[417.893s][info][gc,marking     ] GC(952) Concurrent Clear Claimed Marks
[417.893s][info][gc,marking     ] GC(952) Concurrent Clear Claimed Marks 0.048ms
[417.893s][info][gc,marking     ] GC(952) Concurrent Cleanup for Next Mark
[417.900s][info][gc,marking     ] GC(952) Concurrent Cleanup for Next Mark 6.965ms
[417.900s][info][gc             ] GC(952) Concurrent Mark Cycle 2182.499ms
[418.060s][info][gc,start       ] GC(959) Pause Young (Prepare Mixed) (G1 Evacuation Pause)
[418.060s][info][gc,task        ] GC(959) Using 2 workers of 2 for evacuation
[418.063s][info][gc,phases      ] GC(959)   Pre Evacuate Collection Set: 0.35ms
[418.063s][info][gc,phases      ] GC(959)   Merge Heap Roots: 0.12ms
[418.063s][info][gc,phases      ] GC(959)   Evacuate Collection Set: 1.73ms
[418.063s][info][gc,phases      ] GC(959)   Post Evacuate Collection Set: 0.48ms
[418.063s][info][gc,phases      ] GC(959)   Other: 0.12ms
[418.063s][info][gc,heap        ] GC(959) Eden regions: 270->0(288)
[418.063s][info][gc,heap        ] GC(959) Survivor regions: 1->1(34)
[418.063s][info][gc,heap        ] GC(959) Old regions: 598->598
[418.063s][info][gc,heap        ] GC(959) Humongous regions: 7->7
[418.063s][info][gc,metaspace   ] GC(959) Metaspace: 18887K(19008K)->18887K(19008K) NonClass: 17058K(17152K)->17058K(17152K) Class: 1829K(1856K)->1829K(1856K)
[418.063s][info][gc             ] GC(959) Pause Young (Prepare Mixed) (G1 Evacuation Pause) 874M->604M(978M) 3.084ms
[418.063s][info][gc,cpu         ] GC(959) User=0.00s Sys=0.00s Real=0.01s
[418.430s][info][gc,start       ] GC(960) Pause Young (Mixed) (G1 Evacuation Pause)
[418.430s][info][gc,task        ] GC(960) Using 2 workers of 2 for evacuation
[418.435s][info][gc,phases      ] GC(960)   Pre Evacuate Collection Set: 0.57ms
[418.435s][info][gc,phases      ] GC(960)   Merge Heap Roots: 0.29ms
[418.435s][info][gc,phases      ] GC(960)   Evacuate Collection Set: 3.89ms
[418.435s][info][gc,phases      ] GC(960)   Post Evacuate Collection Set: 0.54ms
[418.435s][info][gc,phases      ] GC(960)   Other: 0.13ms
[418.435s][info][gc,heap        ] GC(960) Eden regions: 288->0(328)
[418.435s][info][gc,heap        ] GC(960) Survivor regions: 1->1(37)
[418.435s][info][gc,heap        ] GC(960) Old regions: 598->567
[418.435s][info][gc,heap        ] GC(960) Humongous regions: 7->7
[418.435s][info][gc,metaspace   ] GC(960) Metaspace: 18887K(19008K)->18887K(19008K) NonClass: 17058K(17152K)->17058K(17152K) Class: 1829K(1856K)->1829K(1856K)
[418.435s][info][gc             ] GC(960) Pause Young (Mixed) (G1 Evacuation Pause) 892M->574M(978M) 5.702ms
[418.435s][info][gc,cpu         ] GC(960) User=0.01s Sys=0.00s Real=0.01s
[418.744s][info][gc,start       ] GC(961) Pause Young (Concurrent Start) (G1 Humongous Allocation)
[418.744s][info][gc,task        ] GC(961) Using 2 workers of 2 for evacuation
[418.774s][info][gc,phases      ] GC(961)   Pre Evacuate Collection Set: 0.36ms
[418.774s][info][gc,phases      ] GC(961)   Merge Heap Roots: 0.40ms
[418.774s][info][gc,phases      ] GC(961)   Evacuate Collection Set: 28.70ms
[418.774s][info][gc,phases      ] GC(961)   Post Evacuate Collection Set: 0.71ms
[418.774s][info][gc,phases      ] GC(961)   Other: 0.15ms
[418.774s][info][gc,heap        ] GC(961) Eden regions: 227->0(326)
[418.774s][info][gc,heap        ] GC(961) Survivor regions: 1->11(42)
[418.774s][info][gc,heap        ] GC(961) Old regions: 567->567
[418.774s][info][gc,heap        ] GC(961) Humongous regions: 7->7
[418.774s][info][gc,metaspace   ] GC(961) Metaspace: 18888K(19008K)->18888K(19008K) NonClass: 17058K(17152K)->17058K(17152K) Class: 1829K(1856K)->1829K(1856K)
[418.774s][info][gc             ] GC(961) Pause Young (Concurrent Start) (G1 Humongous Allocation) 800M->583M(978M) 30.601ms
[418.774s][info][gc             ] GC(962) Concurrent Mark Cycle
[418.774s][info][gc,marking     ] GC(962) Concurrent Scan Root Regions
[418.777s][info][gc,cpu         ] GC(961) User=0.06s Sys=0.00s Real=0.03s
[418.806s][info][gc,marking     ] GC(962) Concurrent Scan Root Regions 32.041ms
[418.806s][info][gc,marking     ] GC(962) Concurrent Mark
[418.807s][info][gc,marking     ] GC(962) Concurrent Mark From Roots
[418.807s][info][gc,task        ] GC(962) Using 1 workers of 1 for marking
[419.368s][info][gc,marking     ] GC(962) Concurrent Mark From Roots 561.449ms
[419.368s][info][gc,marking     ] GC(962) Concurrent Preclean
[419.368s][info][gc,marking     ] GC(962) Concurrent Preclean 0.056ms
[419.368s][info][gc,start       ] GC(962) Pause Remark
[419.378s][info][gc             ] GC(962) Pause Remark 756M->526M(978M) 9.514ms
[419.378s][info][gc,cpu         ] GC(962) User=0.01s Sys=0.00s Real=0.01s
[419.378s][info][gc,marking     ] GC(962) Concurrent Mark 571.426ms
[419.378s][info][gc,marking     ] GC(962) Concurrent Rebuild Remembered Sets and Scrub Regions
[419.613s][info][gc,marking     ] GC(962) Concurrent Rebuild Remembered Sets and Scrub Regions 235.307ms
[419.614s][info][gc,start       ] GC(962) Pause Cleanup
[419.614s][info][gc             ] GC(962) Pause Cleanup 633M->633M(978M) 0.168ms
[419.614s][info][gc,cpu         ] GC(962) User=0.00s Sys=0.00s Real=0.00s
[419.614s][info][gc,marking     ] GC(962) Concurrent Clear Claimed Marks
[419.614s][info][gc,marking     ] GC(962) Concurrent Clear Claimed Marks 0.033ms
[419.614s][info][gc,marking     ] GC(962) Concurrent Cleanup for Next Mark
[419.620s][info][gc,marking     ] GC(962) Concurrent Cleanup for Next Mark 5.204ms
[419.620s][info][gc             ] GC(962) Concurrent Mark Cycle 845.268ms
[419.690s][info][gc,start       ] GC(963) Pause Young (Prepare Mixed) (G1 Evacuation Pause)
[419.690s][info][gc,task        ] GC(963) Using 2 workers of 2 for evacuation
[419.740s][info][gc,phases      ] GC(963)   Pre Evacuate Collection Set: 0.54ms
[419.740s][info][gc,phases      ] GC(963)   Merge Heap Roots: 1.11ms
[419.740s][info][gc,phases      ] GC(963)   Evacuate Collection Set: 47.42ms
[419.740s][info][gc,phases      ] GC(963)   Post Evacuate Collection Set: 0.74ms
[419.740s][info][gc,phases      ] GC(963)   Other: 0.10ms
[419.740s][info][gc,heap        ] GC(963) Eden regions: 326->0(461)
[419.740s][info][gc,heap        ] GC(963) Survivor regions: 11->21(43)
[419.740s][info][gc,heap        ] GC(963) Old regions: 342->342
[419.740s][info][gc,heap        ] GC(963) Humongous regions: 5->5
[419.740s][info][gc,metaspace   ] GC(963) Metaspace: 18888K(19008K)->18888K(19008K) NonClass: 17058K(17152K)->17058K(17152K) Class: 1829K(1856K)->1829K(1856K)
[419.740s][info][gc             ] GC(963) Pause Young (Prepare Mixed) (G1 Evacuation Pause) 682M->367M(978M) 50.191ms
[419.740s][info][gc,cpu         ] GC(963) User=0.10s Sys=0.00s Real=0.05s
[420.404s][info][gc,start       ] GC(964) Pause Young (Mixed) (G1 Evacuation Pause)
[420.404s][info][gc,task        ] GC(964) Using 2 workers of 2 for evacuation
[420.486s][info][gc,phases      ] GC(964)   Pre Evacuate Collection Set: 0.59ms
[420.486s][info][gc,phases      ] GC(964)   Merge Heap Roots: 0.61ms
[420.486s][info][gc,phases      ] GC(964)   Evacuate Collection Set: 78.97ms
[420.486s][info][gc,phases      ] GC(964)   Post Evacuate Collection Set: 0.97ms
[420.486s][info][gc,phases      ] GC(964)   Other: 0.15ms
[420.486s][info][gc,heap        ] GC(964) Eden regions: 461->0(511)
[420.486s][info][gc,heap        ] GC(964) Survivor regions: 21->45(61)
[420.486s][info][gc,heap        ] GC(964) Old regions: 342->246
[420.486s][info][gc,heap        ] GC(964) Humongous regions: 5->5
[420.486s][info][gc,metaspace   ] GC(964) Metaspace: 18888K(19008K)->18888K(19008K) NonClass: 17058K(17152K)->17058K(17152K) Class: 1829K(1856K)->1829K(1856K)
[420.486s][info][gc             ] GC(964) Pause Young (Mixed) (G1 Evacuation Pause) 828M->295M(978M) 81.542ms
[420.486s][info][gc,cpu         ] GC(964) User=0.16s Sys=0.00s Real=0.08s
[420.972s][info][gc,start       ] GC(965) Pause Young (Concurrent Start) (G1 Evacuation Pause)
[420.972s][info][gc,task        ] GC(965) Using 2 workers of 2 for evacuation
[421.071s][info][gc,phases      ] GC(965)   Pre Evacuate Collection Set: 0.35ms
[421.071s][info][gc,phases      ] GC(965)   Merge Heap Roots: 0.52ms
[421.071s][info][gc,phases      ] GC(965)   Evacuate Collection Set: 96.87ms
[421.071s][info][gc,phases      ] GC(965)   Post Evacuate Collection Set: 0.85ms
[421.071s][info][gc,phases      ] GC(965)   Other: 0.15ms
[421.071s][info][gc,heap        ] GC(965) Eden regions: 507->0(514)
[421.071s][info][gc,heap        ] GC(965) Survivor regions: 45->54(69)
[421.071s][info][gc,heap        ] GC(965) Old regions: 246->256
[421.071s][info][gc,heap        ] GC(965) Humongous regions: 5->5
[421.071s][info][gc,metaspace   ] GC(965) Metaspace: 18888K(19008K)->18888K(19008K) NonClass: 17058K(17152K)->17058K(17152K) Class: 1829K(1856K)->1829K(1856K)
[421.071s][info][gc             ] GC(965) Pause Young (Concurrent Start) (G1 Evacuation Pause) 802M->314M(978M) 99.070ms
[421.071s][info][gc,cpu         ] GC(965) User=0.20s Sys=0.00s Real=0.10s
[421.071s][info][gc             ] GC(966) Concurrent Mark Cycle
[421.071s][info][gc,marking     ] GC(966) Concurrent Scan Root Regions
[421.189s][info][gc,marking     ] GC(966) Concurrent Scan Root Regions 118.627ms
[421.190s][info][gc,marking     ] GC(966) Concurrent Mark
[421.190s][info][gc,marking     ] GC(966) Concurrent Mark From Roots
[421.190s][info][gc,task        ] GC(966) Using 1 workers of 1 for marking
[421.745s][info][gc,marking     ] GC(966) Concurrent Mark From Roots 555.924ms
[421.746s][info][gc,marking     ] GC(966) Concurrent Preclean
[421.746s][info][gc,marking     ] GC(966) Concurrent Preclean 0.051ms
[421.746s][info][gc,start       ] GC(966) Pause Remark
[421.754s][info][gc             ] GC(966) Pause Remark 656M->655M(978M) 8.569ms
[421.754s][info][gc,cpu         ] GC(966) User=0.02s Sys=0.00s Real=0.01s
[421.754s][info][gc,marking     ] GC(966) Concurrent Mark 564.872ms
[421.754s][info][gc,marking     ] GC(966) Concurrent Rebuild Remembered Sets and Scrub Regions
[421.950s][info][gc,marking     ] GC(966) Concurrent Rebuild Remembered Sets and Scrub Regions 195.826ms
[421.950s][info][gc,start       ] GC(966) Pause Cleanup
[421.951s][info][gc             ] GC(966) Pause Cleanup 740M->740M(978M) 0.127ms
[421.951s][info][gc,cpu         ] GC(966) User=0.00s Sys=0.00s Real=0.00s
[421.953s][info][gc,marking     ] GC(966) Concurrent Clear Claimed Marks
[421.953s][info][gc,marking     ] GC(966) Concurrent Clear Claimed Marks 0.082ms
[421.953s][info][gc,marking     ] GC(966) Concurrent Cleanup for Next Mark
[421.960s][info][gc,marking     ] GC(966) Concurrent Cleanup for Next Mark 7.041ms
[421.960s][info][gc             ] GC(966) Concurrent Mark Cycle 888.922ms
[422.087s][info][gc,start       ] GC(967) Pause Young (Prepare Mixed) (G1 Evacuation Pause)
[422.088s][info][gc,task        ] GC(967) Using 2 workers of 2 for evacuation
[422.250s][info][gc,phases      ] GC(967)   Pre Evacuate Collection Set: 0.34ms
[422.250s][info][gc,phases      ] GC(967)   Merge Heap Roots: 0.67ms
[422.250s][info][gc,phases      ] GC(967)   Evacuate Collection Set: 160.54ms
[422.250s][info][gc,phases      ] GC(967)   Post Evacuate Collection Set: 0.89ms
[422.250s][info][gc,phases      ] GC(967)   Other: 0.13ms
[422.250s][info][gc,heap        ] GC(967) Eden regions: 514->0(284)
[422.250s][info][gc,heap        ] GC(967) Survivor regions: 54->71(71)
[422.250s][info][gc,heap        ] GC(967) Old regions: 256->306
[422.250s][info][gc,heap        ] GC(967) Humongous regions: 4->4
[422.250s][info][gc,metaspace   ] GC(967) Metaspace: 18889K(19008K)->18889K(19008K) NonClass: 17059K(17152K)->17059K(17152K) Class: 1829K(1856K)->1829K(1856K)
[422.250s][info][gc             ] GC(967) Pause Young (Prepare Mixed) (G1 Evacuation Pause) 827M->380M(978M) 162.812ms
[422.250s][info][gc,cpu         ] GC(967) User=0.32s Sys=0.00s Real=0.16s
[422.571s][info][gc,start       ] GC(968) Pause Young (Mixed) (G1 Evacuation Pause)
[422.571s][info][gc,task        ] GC(968) Using 2 workers of 2 for evacuation
[422.666s][info][gc,phases      ] GC(968)   Pre Evacuate Collection Set: 0.63ms
[422.666s][info][gc,phases      ] GC(968)   Merge Heap Roots: 0.37ms
[422.666s][info][gc,phases      ] GC(968)   Evacuate Collection Set: 92.52ms
[422.666s][info][gc,phases      ] GC(968)   Post Evacuate Collection Set: 0.64ms
[422.666s][info][gc,phases      ] GC(968)   Other: 0.12ms
[422.666s][info][gc,heap        ] GC(968) Eden regions: 299->0(453)
[422.666s][info][gc,heap        ] GC(968) Survivor regions: 71->8(47)
[422.666s][info][gc,heap        ] GC(968) Old regions: 306->376
[422.666s][info][gc,heap        ] GC(968) Humongous regions: 4->4
[422.666s][info][gc,metaspace   ] GC(968) Metaspace: 18889K(19008K)->18889K(19008K) NonClass: 17059K(17152K)->17059K(17152K) Class: 1829K(1856K)->1829K(1856K)
[422.666s][info][gc             ] GC(968) Pause Young (Mixed) (G1 Evacuation Pause) 679M->387M(978M) 94.565ms
[422.666s][info][gc,cpu         ] GC(968) User=0.19s Sys=0.01s Real=0.10s
[423.206s][info][gc,start       ] GC(969) Pause Young (Mixed) (G1 Evacuation Pause)
[423.206s][info][gc,task        ] GC(969) Using 2 workers of 2 for evacuation
[423.241s][info][gc,phases      ] GC(969)   Pre Evacuate Collection Set: 0.57ms
[423.241s][info][gc,phases      ] GC(969)   Merge Heap Roots: 0.31ms
[423.241s][info][gc,phases      ] GC(969)   Evacuate Collection Set: 32.95ms
[423.241s][info][gc,phases      ] GC(969)   Post Evacuate Collection Set: 0.77ms
[423.241s][info][gc,phases      ] GC(969)   Other: 0.13ms
[423.241s][info][gc,heap        ] GC(969) Eden regions: 453->0(460)
[423.241s][info][gc,heap        ] GC(969) Survivor regions: 8->24(58)
[423.241s][info][gc,heap        ] GC(969) Old regions: 376->368
[423.241s][info][gc,heap        ] GC(969) Humongous regions: 4->4
[423.241s][info][gc,metaspace   ] GC(969) Metaspace: 18889K(19008K)->18889K(19008K) NonClass: 17060K(17152K)->17060K(17152K) Class: 1829K(1856K)->1829K(1856K)
[423.241s][info][gc             ] GC(969) Pause Young (Mixed) (G1 Evacuation Pause) 840M->395M(978M) 35.012ms
[423.241s][info][gc,cpu         ] GC(969) User=0.06s Sys=0.00s Real=0.03s
[424.450s][info][gc,start       ] GC(970) Pause Young (Concurrent Start) (G1 Evacuation Pause)
[424.450s][info][gc,task        ] GC(970) Using 2 workers of 2 for evacuation
[424.483s][info][gc,phases      ] GC(970)   Pre Evacuate Collection Set: 0.38ms
[424.483s][info][gc,phases      ] GC(970)   Merge Heap Roots: 0.26ms
[424.483s][info][gc,phases      ] GC(970)   Evacuate Collection Set: 30.97ms
[424.483s][info][gc,phases      ] GC(970)   Post Evacuate Collection Set: 0.78ms
[424.483s][info][gc,phases      ] GC(970)   Other: 0.24ms
[424.483s][info][gc,heap        ] GC(970) Eden regions: 460->0(480)
[424.483s][info][gc,heap        ] GC(970) Survivor regions: 24->24(61)
[424.483s][info][gc,heap        ] GC(970) Old regions: 368->368
[424.483s][info][gc,heap        ] GC(970) Humongous regions: 4->4
[424.483s][info][gc,metaspace   ] GC(970) Metaspace: 18889K(19008K)->18889K(19008K) NonClass: 17060K(17152K)->17060K(17152K) Class: 1829K(1856K)->1829K(1856K)
[424.483s][info][gc             ] GC(970) Pause Young (Concurrent Start) (G1 Evacuation Pause) 855M->395M(978M) 32.903ms
[424.483s][info][gc,cpu         ] GC(970) User=0.06s Sys=0.00s Real=0.04s
[424.485s][info][gc             ] GC(971) Concurrent Mark Cycle
[424.485s][info][gc,marking     ] GC(971) Concurrent Scan Root Regions
[424.534s][info][gc,marking     ] GC(971) Concurrent Scan Root Regions 49.269ms
[424.534s][info][gc,marking     ] GC(971) Concurrent Mark
[424.534s][info][gc,marking     ] GC(971) Concurrent Mark From Roots
[424.534s][info][gc,task        ] GC(971) Using 1 workers of 1 for marking
[425.746s][info][gc,marking     ] GC(971) Concurrent Mark From Roots 1212.373ms
[425.746s][info][gc,marking     ] GC(971) Concurrent Preclean
[425.747s][info][gc,marking     ] GC(971) Concurrent Preclean 0.051ms
[425.747s][info][gc,start       ] GC(971) Pause Remark
[425.755s][info][gc             ] GC(971) Pause Remark 776M->776M(978M) 8.680ms
[425.755s][info][gc,cpu         ] GC(971) User=0.01s Sys=0.00s Real=0.01s
[425.759s][info][gc,marking     ] GC(971) Concurrent Mark 1224.651ms
[425.759s][info][gc,marking     ] GC(971) Concurrent Rebuild Remembered Sets and Scrub Regions
[425.885s][info][gc,start       ] GC(972) Pause Young (Normal) (G1 Evacuation Pause)
[425.885s][info][gc,task        ] GC(972) Using 2 workers of 2 for evacuation
[426.035s][info][gc,phases      ] GC(972)   Pre Evacuate Collection Set: 0.54ms
[426.035s][info][gc,phases      ] GC(972)   Merge Heap Roots: 0.40ms
[426.035s][info][gc,phases      ] GC(972)   Evacuate Collection Set: 138.93ms
[426.035s][info][gc,phases      ] GC(972)   Post Evacuate Collection Set: 9.39ms
[426.035s][info][gc,phases      ] GC(972)   Other: 0.12ms
[426.035s][info][gc,heap        ] GC(972) Eden regions: 480->0(308)
[426.035s][info][gc,heap        ] GC(972) Survivor regions: 24->63(63)
[426.035s][info][gc,heap        ] GC(972) Old regions: 368->490
[426.035s][info][gc,heap        ] GC(972) Humongous regions: 4->4
[426.035s][info][gc,metaspace   ] GC(972) Metaspace: 18889K(19008K)->18889K(19008K) NonClass: 17060K(17152K)->17060K(17152K) Class: 1829K(1856K)->1829K(1856K)
[426.035s][info][gc             ] GC(972) Pause Young (Normal) (G1 Evacuation Pause) (Evacuation Failure: Allocation) 875M->556M(978M) 149.615ms
[426.035s][info][gc,cpu         ] GC(972) User=0.29s Sys=0.01s Real=0.15s
[426.376s][info][gc,marking     ] GC(971) Concurrent Rebuild Remembered Sets and Scrub Regions 617.419ms
[426.377s][info][gc,start       ] GC(971) Pause Cleanup
[426.377s][info][gc             ] GC(971) Pause Cleanup 819M->819M(978M) 0.146ms
[426.377s][info][gc,cpu         ] GC(971) User=0.00s Sys=0.00s Real=0.00s
[426.378s][info][gc,marking     ] GC(971) Concurrent Clear Claimed Marks
[426.378s][info][gc,marking     ] GC(971) Concurrent Clear Claimed Marks 0.073ms
[426.378s][info][gc,marking     ] GC(971) Concurrent Cleanup for Next Mark
[426.385s][info][gc,marking     ] GC(971) Concurrent Cleanup for Next Mark 7.025ms
[426.385s][info][gc             ] GC(971) Concurrent Mark Cycle 1901.799ms
[426.488s][info][gc,start       ] GC(973) Pause Young (Prepare Mixed) (G1 Evacuation Pause)
[426.488s][info][gc,task        ] GC(973) Using 2 workers of 2 for evacuation
[426.753s][info][gc,mmu         ] GC(973) MMU target violated: 201.0ms (200.0ms/201.0ms)
[426.753s][info][gc,phases      ] GC(973)   Pre Evacuate Collection Set: 0.59ms
[426.753s][info][gc,phases      ] GC(973)   Merge Heap Roots: 0.66ms
[426.753s][info][gc,phases      ] GC(973)   Evacuate Collection Set: 237.79ms
[426.753s][info][gc,phases      ] GC(973)   Post Evacuate Collection Set: 26.32ms
[426.753s][info][gc,phases      ] GC(973)   Other: 0.16ms
[426.753s][info][gc,heap        ] GC(973) Eden regions: 308->0(83)
[426.753s][info][gc,heap        ] GC(973) Survivor regions: 63->47(47)
[426.753s][info][gc,heap        ] GC(973) Old regions: 490->746
[426.753s][info][gc,heap        ] GC(973) Humongous regions: 5->5
[426.753s][info][gc,metaspace   ] GC(973) Metaspace: 18889K(19008K)->18889K(19008K) NonClass: 17060K(17152K)->17060K(17152K) Class: 1829K(1856K)->1829K(1856K)
[426.754s][info][gc             ] GC(973) Pause Young (Prepare Mixed) (G1 Evacuation Pause) (Evacuation Failure: Allocation) 865M->797M(978M) 265.723ms
[426.754s][info][gc,cpu         ] GC(973) User=0.53s Sys=0.00s Real=0.27s
[427.056s][info][gc,start       ] GC(974) Pause Young (Mixed) (G1 Evacuation Pause)
[427.057s][info][gc,task        ] GC(974) Using 2 workers of 2 for evacuation
[427.174s][info][gc,phases      ] GC(974)   Pre Evacuate Collection Set: 0.43ms
[427.174s][info][gc,phases      ] GC(974)   Merge Heap Roots: 0.98ms
[427.174s][info][gc,phases      ] GC(974)   Evacuate Collection Set: 114.93ms
[427.174s][info][gc,phases      ] GC(974)   Post Evacuate Collection Set: 0.68ms
[427.174s][info][gc,phases      ] GC(974)   Other: 0.09ms
[427.174s][info][gc,heap        ] GC(974) Eden regions: 83->0(200)
[427.174s][info][gc,heap        ] GC(974) Survivor regions: 47->8(17)
[427.174s][info][gc,heap        ] GC(974) Old regions: 746->659
[427.174s][info][gc,heap        ] GC(974) Humongous regions: 7->7
[427.174s][info][gc,metaspace   ] GC(974) Metaspace: 18889K(19008K)->18889K(19008K) NonClass: 17060K(17152K)->17060K(17152K) Class: 1829K(1856K)->1829K(1856K)
[427.174s][info][gc             ] GC(974) Pause Young (Mixed) (G1 Evacuation Pause) 882M->672M(978M) 117.370ms
[427.174s][info][gc,cpu         ] GC(974) User=0.23s Sys=0.00s Real=0.12s
[427.461s][info][gc,start       ] GC(975) Pause Young (Concurrent Start) (G1 Evacuation Pause)
[427.461s][info][gc,task        ] GC(975) Using 2 workers of 2 for evacuation
[427.522s][info][gc,phases      ] GC(975)   Pre Evacuate Collection Set: 0.44ms
[427.522s][info][gc,phases      ] GC(975)   Merge Heap Roots: 0.66ms
[427.522s][info][gc,phases      ] GC(975)   Evacuate Collection Set: 58.64ms
[427.522s][info][gc,phases      ] GC(975)   Post Evacuate Collection Set: 0.80ms
[427.522s][info][gc,phases      ] GC(975)   Other: 0.14ms
[427.522s][info][gc,heap        ] GC(975) Eden regions: 200->0(245)
[427.522s][info][gc,heap        ] GC(975) Survivor regions: 8->13(26)
[427.522s][info][gc,heap        ] GC(975) Old regions: 659->608
[427.522s][info][gc,heap        ] GC(975) Humongous regions: 7->7
[427.522s][info][gc,metaspace   ] GC(975) Metaspace: 18889K(19008K)->18889K(19008K) NonClass: 17060K(17152K)->17060K(17152K) Class: 1829K(1856K)->1829K(1856K)
[427.522s][info][gc             ] GC(975) Pause Young (Concurrent Start) (G1 Evacuation Pause) 872M->627M(978M) 60.994ms
[427.522s][info][gc             ] GC(976) Concurrent Mark Cycle
[427.522s][info][gc,marking     ] GC(976) Concurrent Scan Root Regions
[427.522s][info][gc,cpu         ] GC(975) User=0.12s Sys=0.00s Real=0.06s
[427.643s][info][gc,marking     ] GC(976) Concurrent Scan Root Regions 121.094ms
[427.643s][info][gc,marking     ] GC(976) Concurrent Mark
[427.643s][info][gc,marking     ] GC(976) Concurrent Mark From Roots
[427.643s][info][gc,task        ] GC(976) Using 1 workers of 1 for marking
[428.381s][info][gc,start       ] GC(977) Pause Young (Normal) (G1 Evacuation Pause)
[428.381s][info][gc,task        ] GC(977) Using 2 workers of 2 for evacuation
[428.492s][info][gc,phases      ] GC(977)   Pre Evacuate Collection Set: 0.35ms
[428.492s][info][gc,phases      ] GC(977)   Merge Heap Roots: 0.94ms
[428.492s][info][gc,phases      ] GC(977)   Evacuate Collection Set: 108.37ms
[428.492s][info][gc,phases      ] GC(977)   Post Evacuate Collection Set: 0.93ms
[428.492s][info][gc,phases      ] GC(977)   Other: 0.11ms
[428.492s][info][gc,heap        ] GC(977) Eden regions: 245->0(227)
[428.492s][info][gc,heap        ] GC(977) Survivor regions: 13->33(33)
[428.492s][info][gc,heap        ] GC(977) Old regions: 608->606
[428.492s][info][gc,heap        ] GC(977) Humongous regions: 13->13
[428.492s][info][gc,metaspace   ] GC(977) Metaspace: 18889K(19008K)->18889K(19008K) NonClass: 17060K(17152K)->17060K(17152K) Class: 1829K(1856K)->1829K(1856K)
[428.492s][info][gc             ] GC(977) Pause Young (Normal) (G1 Evacuation Pause) 878M->651M(978M) 111.013ms
[428.492s][info][gc,cpu         ] GC(977) User=0.21s Sys=0.01s Real=0.11s
[429.412s][info][gc,start       ] GC(978) Pause Young (Normal) (G1 Evacuation Pause)
[429.412s][info][gc,task        ] GC(978) Using 2 workers of 2 for evacuation
[429.492s][info][gc,phases      ] GC(978)   Pre Evacuate Collection Set: 0.32ms
[429.492s][info][gc,phases      ] GC(978)   Merge Heap Roots: 0.72ms
[429.492s][info][gc,phases      ] GC(978)   Evacuate Collection Set: 78.15ms
[429.492s][info][gc,phases      ] GC(978)   Post Evacuate Collection Set: 0.54ms
[429.492s][info][gc,phases      ] GC(978)   Other: 0.12ms
[429.492s][info][gc,heap        ] GC(978) Eden regions: 227->0(242)
[429.492s][info][gc,heap        ] GC(978) Survivor regions: 33->1(33)
[429.492s][info][gc,heap        ] GC(978) Old regions: 606->639
[429.492s][info][gc,heap        ] GC(978) Humongous regions: 13->13
[429.492s][info][gc,metaspace   ] GC(978) Metaspace: 18889K(19008K)->18889K(19008K) NonClass: 17060K(17152K)->17060K(17152K) Class: 1829K(1856K)->1829K(1856K)
[429.492s][info][gc             ] GC(978) Pause Young (Normal) (G1 Evacuation Pause) 878M->652M(978M) 80.192ms
[429.492s][info][gc,cpu         ] GC(978) User=0.16s Sys=0.00s Real=0.08s
[429.500s][info][gc,marking     ] GC(976) Concurrent Mark From Roots 1856.977ms
[429.500s][info][gc,marking     ] GC(976) Concurrent Preclean
[429.500s][info][gc,marking     ] GC(976) Concurrent Preclean 0.052ms
[429.500s][info][gc,start       ] GC(976) Pause Remark
[429.509s][info][gc             ] GC(976) Pause Remark 654M->652M(978M) 8.481ms
[429.509s][info][gc,cpu         ] GC(976) User=0.02s Sys=0.00s Real=0.01s
[429.511s][info][gc,marking     ] GC(976) Concurrent Mark 1867.601ms
[429.511s][info][gc,marking     ] GC(976) Concurrent Rebuild Remembered Sets and Scrub Regions
[430.079s][info][gc,marking     ] GC(976) Concurrent Rebuild Remembered Sets and Scrub Regions 568.736ms
[430.080s][info][gc,start       ] GC(976) Pause Cleanup
[430.080s][info][gc             ] GC(976) Pause Cleanup 851M->851M(978M) 0.140ms
[430.080s][info][gc,cpu         ] GC(976) User=0.00s Sys=0.00s Real=0.00s
[430.080s][info][gc,marking     ] GC(976) Concurrent Clear Claimed Marks
[430.080s][info][gc,marking     ] GC(976) Concurrent Clear Claimed Marks 0.043ms
[430.080s][info][gc,marking     ] GC(976) Concurrent Cleanup for Next Mark
[430.087s][info][gc,marking     ] GC(976) Concurrent Cleanup for Next Mark 7.012ms
[430.087s][info][gc             ] GC(976) Concurrent Mark Cycle 2565.376ms
[430.154s][info][gc,start       ] GC(979) Pause Young (Prepare Mixed) (G1 Evacuation Pause)
[430.154s][info][gc,task        ] GC(979) Using 2 workers of 2 for evacuation
[430.155s][info][gc,phases      ] GC(979)   Pre Evacuate Collection Set: 0.33ms
[430.155s][info][gc,phases      ] GC(979)   Merge Heap Roots: 0.09ms
[430.155s][info][gc,phases      ] GC(979)   Evacuate Collection Set: 0.23ms
[430.155s][info][gc,phases      ] GC(979)   Post Evacuate Collection Set: 0.48ms
[430.155s][info][gc,phases      ] GC(979)   Other: 0.13ms
[430.155s][info][gc,heap        ] GC(979) Eden regions: 242->0(257)
[430.155s][info][gc,heap        ] GC(979) Survivor regions: 1->1(31)
[430.155s][info][gc,heap        ] GC(979) Old regions: 638->638
[430.155s][info][gc,heap        ] GC(979) Humongous regions: 12->12
[430.155s][info][gc,metaspace   ] GC(979) Metaspace: 18889K(19008K)->18889K(19008K) NonClass: 17060K(17152K)->17060K(17152K) Class: 1829K(1856K)->1829K(1856K)
[430.155s][info][gc             ] GC(979) Pause Young (Prepare Mixed) (G1 Evacuation Pause) 892M->650M(978M) 1.489ms
[430.155s][info][gc,cpu         ] GC(979) User=0.01s Sys=0.00s Real=0.00s
[430.605s][info][gc,start       ] GC(980) Pause Young (Mixed) (G1 Evacuation Pause)
[430.605s][info][gc,task        ] GC(980) Using 2 workers of 2 for evacuation
[430.612s][info][gc,phases      ] GC(980)   Pre Evacuate Collection Set: 0.34ms
[430.612s][info][gc,phases      ] GC(980)   Merge Heap Roots: 0.19ms
[430.612s][info][gc,phases      ] GC(980)   Evacuate Collection Set: 6.00ms
[430.612s][info][gc,phases      ] GC(980)   Post Evacuate Collection Set: 0.45ms
[430.612s][info][gc,phases      ] GC(980)   Other: 0.13ms
[430.613s][info][gc,heap        ] GC(980) Eden regions: 257->0(273)
[430.613s][info][gc,heap        ] GC(980) Survivor regions: 1->1(33)
[430.613s][info][gc,heap        ] GC(980) Old regions: 638->632
[430.613s][info][gc,heap        ] GC(980) Humongous regions: 12->12
[430.613s][info][gc,metaspace   ] GC(980) Metaspace: 18889K(19008K)->18889K(19008K) NonClass: 17060K(17152K)->17060K(17152K) Class: 1829K(1856K)->1829K(1856K)
[430.613s][info][gc             ] GC(980) Pause Young (Mixed) (G1 Evacuation Pause) 907M->644M(978M) 7.403ms
[430.613s][info][gc,cpu         ] GC(980) User=0.01s Sys=0.00s Real=0.01s
[430.940s][info][gc,start       ] GC(981) Pause Young (Concurrent Start) (G1 Evacuation Pause)
[430.940s][info][gc,task        ] GC(981) Using 2 workers of 2 for evacuation
[430.981s][info][gc,phases      ] GC(981)   Pre Evacuate Collection Set: 0.50ms
[430.981s][info][gc,phases      ] GC(981)   Merge Heap Roots: 0.21ms
[430.981s][info][gc,phases      ] GC(981)   Evacuate Collection Set: 39.18ms
[430.981s][info][gc,phases      ] GC(981)   Post Evacuate Collection Set: 0.59ms
[430.981s][info][gc,phases      ] GC(981)   Other: 0.25ms
[430.981s][info][gc,heap        ] GC(981) Eden regions: 273->0(224)
[430.981s][info][gc,heap        ] GC(981) Survivor regions: 1->30(35)
[430.981s][info][gc,heap        ] GC(981) Old regions: 632->632
[430.981s][info][gc,heap        ] GC(981) Humongous regions: 12->12
[430.981s][info][gc,metaspace   ] GC(981) Metaspace: 18889K(19008K)->18889K(19008K) NonClass: 17060K(17152K)->17060K(17152K) Class: 1829K(1856K)->1829K(1856K)
[430.981s][info][gc             ] GC(981) Pause Young (Concurrent Start) (G1 Evacuation Pause) 917M->673M(978M) 41.040ms
[430.981s][info][gc             ] GC(982) Concurrent Mark Cycle
[430.981s][info][gc,marking     ] GC(982) Concurrent Scan Root Regions
[430.981s][info][gc,cpu         ] GC(981) User=0.08s Sys=0.00s Real=0.04s
[431.046s][info][gc,marking     ] GC(982) Concurrent Scan Root Regions 65.210ms
[431.046s][info][gc,marking     ] GC(982) Concurrent Mark
[431.046s][info][gc,marking     ] GC(982) Concurrent Mark From Roots
[431.046s][info][gc,task        ] GC(982) Using 1 workers of 1 for marking
[431.387s][info][gc,start       ] GC(983) Pause Young (Normal) (G1 Evacuation Pause)
[431.387s][info][gc,task        ] GC(983) Using 2 workers of 2 for evacuation
[431.427s][info][gc,phases      ] GC(983)   Pre Evacuate Collection Set: 0.33ms
[431.427s][info][gc,phases      ] GC(983)   Merge Heap Roots: 0.17ms
[431.427s][info][gc,phases      ] GC(983)   Evacuate Collection Set: 38.58ms
[431.427s][info][gc,phases      ] GC(983)   Post Evacuate Collection Set: 0.64ms
[431.427s][info][gc,phases      ] GC(983)   Other: 0.12ms
[431.427s][info][gc,heap        ] GC(983) Eden regions: 224->0(243)
[431.427s][info][gc,heap        ] GC(983) Survivor regions: 30->5(32)
[431.427s][info][gc,heap        ] GC(983) Old regions: 632->662
[431.427s][info][gc,heap        ] GC(983) Humongous regions: 12->12
[431.427s][info][gc,metaspace   ] GC(983) Metaspace: 18889K(19008K)->18889K(19008K) NonClass: 17060K(17152K)->17060K(17152K) Class: 1829K(1856K)->1829K(1856K)
[431.427s][info][gc             ] GC(983) Pause Young (Normal) (G1 Evacuation Pause) 897M->678M(978M) 40.148ms
[431.427s][info][gc,cpu         ] GC(983) User=0.08s Sys=0.00s Real=0.04s
[432.087s][info][gc,start       ] GC(984) Pause Young (Normal) (G1 Evacuation Pause)
[432.087s][info][gc,task        ] GC(984) Using 2 workers of 2 for evacuation
[432.106s][info][gc,phases      ] GC(984)   Pre Evacuate Collection Set: 0.32ms
[432.106s][info][gc,phases      ] GC(984)   Merge Heap Roots: 0.18ms
[432.106s][info][gc,phases      ] GC(984)   Evacuate Collection Set: 18.00ms
[432.106s][info][gc,phases      ] GC(984)   Post Evacuate Collection Set: 0.54ms
[432.106s][info][gc,phases      ] GC(984)   Other: 0.14ms
[432.106s][info][gc,heap        ] GC(984) Eden regions: 243->0(226)
[432.106s][info][gc,heap        ] GC(984) Survivor regions: 5->14(31)
[432.106s][info][gc,heap        ] GC(984) Old regions: 662->662
[432.106s][info][gc,heap        ] GC(984) Humongous regions: 12->12
[432.106s][info][gc,metaspace   ] GC(984) Metaspace: 18889K(19008K)->18889K(19008K) NonClass: 17060K(17152K)->17060K(17152K) Class: 1829K(1856K)->1829K(1856K)
[432.106s][info][gc             ] GC(984) Pause Young (Normal) (G1 Evacuation Pause) 921M->687M(978M) 19.461ms
[432.106s][info][gc,cpu         ] GC(984) User=0.04s Sys=0.00s Real=0.02s
[432.514s][info][gc,marking     ] GC(982) Concurrent Mark From Roots 1467.322ms
[432.514s][info][gc,marking     ] GC(982) Concurrent Preclean
[432.514s][info][gc,marking     ] GC(982) Concurrent Preclean 0.053ms
[432.514s][info][gc,start       ] GC(982) Pause Remark
[432.523s][info][gc             ] GC(982) Pause Remark 766M->661M(978M) 9.198ms
[432.523s][info][gc,cpu         ] GC(982) User=0.01s Sys=0.00s Real=0.01s
[432.523s][info][gc,marking     ] GC(982) Concurrent Mark 1476.955ms
[432.523s][info][gc,marking     ] GC(982) Concurrent Rebuild Remembered Sets and Scrub Regions
[432.979s][info][gc,start       ] GC(985) Pause Young (Normal) (G1 Evacuation Pause)
[432.979s][info][gc,task        ] GC(985) Using 2 workers of 2 for evacuation
[432.999s][info][gc,phases      ] GC(985)   Pre Evacuate Collection Set: 0.52ms
[432.999s][info][gc,phases      ] GC(985)   Merge Heap Roots: 0.27ms
[432.999s][info][gc,phases      ] GC(985)   Evacuate Collection Set: 18.96ms
[432.999s][info][gc,phases      ] GC(985)   Post Evacuate Collection Set: 0.49ms
[432.999s][info][gc,phases      ] GC(985)   Other: 0.09ms
[432.999s][info][gc,heap        ] GC(985) Eden regions: 226->0(331)
[432.999s][info][gc,heap        ] GC(985) Survivor regions: 14->14(30)
[432.999s][info][gc,heap        ] GC(985) Old regions: 562->562
[432.999s][info][gc,heap        ] GC(985) Humongous regions: 7->7
[432.999s][info][gc,metaspace   ] GC(985) Metaspace: 18889K(19008K)->18889K(19008K) NonClass: 17060K(17152K)->17060K(17152K) Class: 1829K(1856K)->1829K(1856K)
[432.999s][info][gc             ] GC(985) Pause Young (Normal) (G1 Evacuation Pause) 808M->582M(978M) 20.605ms
[432.999s][info][gc,cpu         ] GC(985) User=0.03s Sys=0.00s Real=0.02s
[433.138s][info][gc,marking     ] GC(982) Concurrent Rebuild Remembered Sets and Scrub Regions 614.389ms
[433.139s][info][gc,start       ] GC(982) Pause Cleanup
[433.139s][info][gc             ] GC(982) Pause Cleanup 637M->637M(978M) 0.143ms
[433.139s][info][gc,cpu         ] GC(982) User=0.00s Sys=0.00s Real=0.00s
[433.139s][info][gc,marking     ] GC(982) Concurrent Clear Claimed Marks
[433.139s][info][gc,marking     ] GC(982) Concurrent Clear Claimed Marks 0.052ms
[433.139s][info][gc,marking     ] GC(982) Concurrent Cleanup for Next Mark
[433.146s][info][gc,marking     ] GC(982) Concurrent Cleanup for Next Mark 6.636ms
[433.146s][info][gc             ] GC(982) Concurrent Mark Cycle 2164.770ms
[433.622s][info][gc,start       ] GC(986) Pause Young (Prepare Mixed) (G1 Evacuation Pause)
[433.622s][info][gc,task        ] GC(986) Using 2 workers of 2 for evacuation
[433.657s][info][gc,phases      ] GC(986)   Pre Evacuate Collection Set: 0.56ms
[433.658s][info][gc,phases      ] GC(986)   Merge Heap Roots: 0.25ms
[433.658s][info][gc,phases      ] GC(986)   Evacuate Collection Set: 34.07ms
[433.658s][info][gc,phases      ] GC(986)   Post Evacuate Collection Set: 0.59ms
[433.658s][info][gc,phases      ] GC(986)   Other: 0.11ms
[433.658s][info][gc,heap        ] GC(986) Eden regions: 331->0(303)
[433.658s][info][gc,heap        ] GC(986) Survivor regions: 14->28(44)
[433.658s][info][gc,heap        ] GC(986) Old regions: 562->562
[433.658s][info][gc,heap        ] GC(986) Humongous regions: 7->7
[433.658s][info][gc,metaspace   ] GC(986) Metaspace: 18889K(19008K)->18889K(19008K) NonClass: 17060K(17152K)->17060K(17152K) Class: 1829K(1856K)->1829K(1856K)
[433.658s][info][gc             ] GC(986) Pause Young (Prepare Mixed) (G1 Evacuation Pause) 913M->596M(978M) 35.871ms
[433.658s][info][gc,cpu         ] GC(986) User=0.07s Sys=0.00s Real=0.04s
[434.052s][info][gc,start       ] GC(987) Pause Young (Mixed) (G1 Evacuation Pause)
[434.052s][info][gc,task        ] GC(987) Using 2 workers of 2 for evacuation
[434.149s][info][gc,phases      ] GC(987)   Pre Evacuate Collection Set: 0.54ms
[434.149s][info][gc,phases      ] GC(987)   Merge Heap Roots: 0.23ms
[434.149s][info][gc,phases      ] GC(987)   Evacuate Collection Set: 91.74ms
[434.149s][info][gc,phases      ] GC(987)   Post Evacuate Collection Set: 4.52ms
[434.149s][info][gc,phases      ] GC(987)   Other: 0.10ms
[434.149s][info][gc,heap        ] GC(987) Eden regions: 303->0(214)
[434.149s][info][gc,heap        ] GC(987) Survivor regions: 28->42(42)
[434.149s][info][gc,heap        ] GC(987) Old regions: 562->623
[434.149s][info][gc,heap        ] GC(987) Humongous regions: 7->7
[434.149s][info][gc,metaspace   ] GC(987) Metaspace: 18889K(19008K)->18889K(19008K) NonClass: 17060K(17152K)->17060K(17152K) Class: 1829K(1856K)->1829K(1856K)
[434.149s][info][gc             ] GC(987) Pause Young (Mixed) (G1 Evacuation Pause) (Evacuation Failure: Allocation) 899M->671M(978M) 97.431ms
[434.149s][info][gc,cpu         ] GC(987) User=0.19s Sys=0.00s Real=0.10s
[434.230s][info][gc,start       ] GC(988) Pause Young (Concurrent Start) (G1 Humongous Allocation)
[434.231s][info][gc,task        ] GC(988) Using 2 workers of 2 for evacuation
[434.313s][info][gc,phases      ] GC(988)   Pre Evacuate Collection Set: 0.36ms
[434.313s][info][gc,phases      ] GC(988)   Merge Heap Roots: 0.45ms
[434.313s][info][gc,phases      ] GC(988)   Evacuate Collection Set: 80.89ms
[434.313s][info][gc,phases      ] GC(988)   Post Evacuate Collection Set: 0.65ms
[434.313s][info][gc,phases      ] GC(988)   Other: 0.13ms
[434.313s][info][gc,heap        ] GC(988) Eden regions: 42->0(281)
[434.313s][info][gc,heap        ] GC(988) Survivor regions: 42->7(32)
[434.313s][info][gc,heap        ] GC(988) Old regions: 623->607
[434.313s][info][gc,heap        ] GC(988) Humongous regions: 7->7
[434.313s][info][gc,metaspace   ] GC(988) Metaspace: 18889K(19008K)->18889K(19008K) NonClass: 17060K(17152K)->17060K(17152K) Class: 1829K(1856K)->1829K(1856K)
[434.313s][info][gc             ] GC(988) Pause Young (Concurrent Start) (G1 Humongous Allocation) 713M->619M(978M) 82.768ms
[434.313s][info][gc,cpu         ] GC(988) User=0.16s Sys=0.00s Real=0.09s
[434.316s][info][gc             ] GC(989) Concurrent Mark Cycle
[434.316s][info][gc,marking     ] GC(989) Concurrent Scan Root Regions
[434.397s][info][gc,marking     ] GC(989) Concurrent Scan Root Regions 81.679ms
[434.397s][info][gc,marking     ] GC(989) Concurrent Mark
[434.397s][info][gc,marking     ] GC(989) Concurrent Mark From Roots
[434.397s][info][gc,task        ] GC(989) Using 1 workers of 1 for marking
[435.291s][info][gc,start       ] GC(990) Pause Young (Normal) (G1 Evacuation Pause)
[435.291s][info][gc,task        ] GC(990) Using 2 workers of 2 for evacuation
[435.321s][info][gc,phases      ] GC(990)   Pre Evacuate Collection Set: 0.31ms
[435.321s][info][gc,phases      ] GC(990)   Merge Heap Roots: 0.35ms
[435.321s][info][gc,phases      ] GC(990)   Evacuate Collection Set: 28.59ms
[435.321s][info][gc,phases      ] GC(990)   Post Evacuate Collection Set: 0.64ms
[435.321s][info][gc,phases      ] GC(990)   Other: 0.10ms
[435.321s][info][gc,heap        ] GC(990) Eden regions: 281->0(282)
[435.321s][info][gc,heap        ] GC(990) Survivor regions: 7->13(36)
[435.321s][info][gc,heap        ] GC(990) Old regions: 607->607
[435.321s][info][gc,heap        ] GC(990) Humongous regions: 10->10
[435.321s][info][gc,metaspace   ] GC(990) Metaspace: 18889K(19008K)->18889K(19008K) NonClass: 17060K(17152K)->17060K(17152K) Class: 1829K(1856K)->1829K(1856K)
[435.321s][info][gc             ] GC(990) Pause Young (Normal) (G1 Evacuation Pause) 903M->628M(978M) 30.325ms
[435.321s][info][gc,cpu         ] GC(990) User=0.06s Sys=0.00s Real=0.03s
[436.312s][info][gc,marking     ] GC(989) Concurrent Mark From Roots 1914.887ms
[436.312s][info][gc,marking     ] GC(989) Concurrent Preclean
[436.312s][info][gc,marking     ] GC(989) Concurrent Preclean 0.056ms
[436.313s][info][gc,start       ] GC(989) Pause Remark
[436.321s][info][gc             ] GC(989) Pause Remark 883M->883M(978M) 8.804ms
[436.321s][info][gc,cpu         ] GC(989) User=0.02s Sys=0.00s Real=0.00s
[436.322s][info][gc,marking     ] GC(989) Concurrent Mark 1924.098ms
[436.322s][info][gc,marking     ] GC(989) Concurrent Rebuild Remembered Sets and Scrub Regions
[436.385s][info][gc,start       ] GC(991) Pause Young (Normal) (G1 Evacuation Pause)
[436.385s][info][gc,task        ] GC(991) Using 2 workers of 2 for evacuation
[436.415s][info][gc,phases      ] GC(991)   Pre Evacuate Collection Set: 0.35ms
[436.415s][info][gc,phases      ] GC(991)   Merge Heap Roots: 0.33ms
[436.415s][info][gc,phases      ] GC(991)   Evacuate Collection Set: 28.43ms
[436.415s][info][gc,phases      ] GC(991)   Post Evacuate Collection Set: 0.64ms
[436.415s][info][gc,phases      ] GC(991)   Other: 0.15ms
[436.415s][info][gc,heap        ] GC(991) Eden regions: 282->0(285)
[436.415s][info][gc,heap        ] GC(991) Survivor regions: 13->13(37)
[436.415s][info][gc,heap        ] GC(991) Old regions: 607->607
[436.415s][info][gc,heap        ] GC(991) Humongous regions: 10->10
[436.415s][info][gc,metaspace   ] GC(991) Metaspace: 18889K(19008K)->18889K(19008K) NonClass: 17060K(17152K)->17060K(17152K) Class: 1829K(1856K)->1829K(1856K)
[436.415s][info][gc             ] GC(991) Pause Young (Normal) (G1 Evacuation Pause) 910M->628M(978M) 30.202ms
[436.415s][info][gc,cpu         ] GC(991) User=0.06s Sys=0.00s Real=0.03s
[436.958s][info][gc,marking     ] GC(989) Concurrent Rebuild Remembered Sets and Scrub Regions 636.820ms
[436.959s][info][gc,start       ] GC(989) Pause Cleanup
[436.959s][info][gc             ] GC(989) Pause Cleanup 839M->839M(978M) 0.124ms
[436.959s][info][gc,cpu         ] GC(989) User=0.00s Sys=0.00s Real=0.00s
[436.959s][info][gc,marking     ] GC(989) Concurrent Clear Claimed Marks
[436.959s][info][gc,marking     ] GC(989) Concurrent Clear Claimed Marks 0.034ms
[436.959s][info][gc,marking     ] GC(989) Concurrent Cleanup for Next Mark
[436.962s][info][gc,marking     ] GC(989) Concurrent Cleanup for Next Mark 2.971ms
[436.962s][info][gc             ] GC(989) Concurrent Mark Cycle 2646.280ms
[437.091s][info][gc,start       ] GC(992) Pause Young (Prepare Mixed) (G1 Evacuation Pause)
[437.091s][info][gc,task        ] GC(992) Using 2 workers of 2 for evacuation
[437.119s][info][gc,phases      ] GC(992)   Pre Evacuate Collection Set: 0.34ms
[437.119s][info][gc,phases      ] GC(992)   Merge Heap Roots: 0.47ms
[437.119s][info][gc,phases      ] GC(992)   Evacuate Collection Set: 27.05ms
[437.119s][info][gc,phases      ] GC(992)   Post Evacuate Collection Set: 0.63ms
[437.119s][info][gc,phases      ] GC(992)   Other: 0.13ms
[437.119s][info][gc,heap        ] GC(992) Eden regions: 285->0(287)
[437.119s][info][gc,heap        ] GC(992) Survivor regions: 13->12(38)
[437.119s][info][gc,heap        ] GC(992) Old regions: 607->607
[437.119s][info][gc,heap        ] GC(992) Humongous regions: 10->10
[437.119s][info][gc,metaspace   ] GC(992) Metaspace: 18889K(19008K)->18889K(19008K) NonClass: 17060K(17152K)->17060K(17152K) Class: 1829K(1856K)->1829K(1856K)
[437.120s][info][gc             ] GC(992) Pause Young (Prepare Mixed) (G1 Evacuation Pause) 913M->628M(978M) 28.913ms
[437.120s][info][gc,cpu         ] GC(992) User=0.05s Sys=0.00s Real=0.03s
[437.580s][info][gc,start       ] GC(993) Pause Young (Mixed) (G1 Evacuation Pause)
[437.581s][info][gc,task        ] GC(993) Using 2 workers of 2 for evacuation
[437.622s][info][gc,phases      ] GC(993)   Pre Evacuate Collection Set: 0.56ms
[437.622s][info][gc,phases      ] GC(993)   Merge Heap Roots: 0.38ms
[437.622s][info][gc,phases      ] GC(993)   Evacuate Collection Set: 40.05ms
[437.622s][info][gc,phases      ] GC(993)   Post Evacuate Collection Set: 0.62ms
[437.622s][info][gc,phases      ] GC(993)   Other: 0.18ms
[437.622s][info][gc,heap        ] GC(993) Eden regions: 287->0(281)
[437.622s][info][gc,heap        ] GC(993) Survivor regions: 12->21(38)
[437.622s][info][gc,heap        ] GC(993) Old regions: 607->595
[437.622s][info][gc,heap        ] GC(993) Humongous regions: 10->10
[437.622s][info][gc,metaspace   ] GC(993) Metaspace: 18889K(19008K)->18889K(19008K) NonClass: 17060K(17152K)->17060K(17152K) Class: 1829K(1856K)->1829K(1856K)
[437.623s][info][gc             ] GC(993) Pause Young (Mixed) (G1 Evacuation Pause) 915M->625M(978M) 42.091ms
[437.623s][info][gc,cpu         ] GC(993) User=0.08s Sys=0.00s Real=0.04s
[437.903s][info][gc,start       ] GC(994) Pause Young (Concurrent Start) (G1 Evacuation Pause)
[437.903s][info][gc,task        ] GC(994) Using 2 workers of 2 for evacuation
[437.965s][info][gc,phases      ] GC(994)   Pre Evacuate Collection Set: 0.39ms
[437.965s][info][gc,phases      ] GC(994)   Merge Heap Roots: 0.29ms
[437.965s][info][gc,phases      ] GC(994)   Evacuate Collection Set: 60.55ms
[437.965s][info][gc,phases      ] GC(994)   Post Evacuate Collection Set: 0.64ms
[437.965s][info][gc,phases      ] GC(994)   Other: 0.24ms
[437.965s][info][gc,heap        ] GC(994) Eden regions: 281->0(249)
[437.965s][info][gc,heap        ] GC(994) Survivor regions: 21->34(38)
[437.965s][info][gc,heap        ] GC(994) Old regions: 595->601
[437.965s][info][gc,heap        ] GC(994) Humongous regions: 10->10
[437.965s][info][gc,metaspace   ] GC(994) Metaspace: 18889K(19008K)->18889K(19008K) NonClass: 17060K(17152K)->17060K(17152K) Class: 1829K(1856K)->1829K(1856K)
[437.965s][info][gc             ] GC(994) Pause Young (Concurrent Start) (G1 Evacuation Pause) 906M->644M(978M) 62.404ms
[437.965s][info][gc,cpu         ] GC(994) User=0.12s Sys=0.00s Real=0.06s
[437.965s][info][gc             ] GC(995) Concurrent Mark Cycle
[437.968s][info][gc,marking     ] GC(995) Concurrent Scan Root Regions
[438.047s][info][gc,marking     ] GC(995) Concurrent Scan Root Regions 79.687ms
[438.047s][info][gc,marking     ] GC(995) Concurrent Mark
[438.047s][info][gc,marking     ] GC(995) Concurrent Mark From Roots
[438.047s][info][gc,task        ] GC(995) Using 1 workers of 1 for marking
[438.437s][info][gc,start       ] GC(996) Pause Young (Normal) (G1 Evacuation Pause)
[438.437s][info][gc,task        ] GC(996) Using 2 workers of 2 for evacuation
[438.486s][info][gc,phases      ] GC(996)   Pre Evacuate Collection Set: 0.55ms
[438.486s][info][gc,phases      ] GC(996)   Merge Heap Roots: 0.36ms
[438.486s][info][gc,phases      ] GC(996)   Evacuate Collection Set: 47.39ms
[438.486s][info][gc,phases      ] GC(996)   Post Evacuate Collection Set: 0.56ms
[438.486s][info][gc,phases      ] GC(996)   Other: 0.09ms
[438.486s][info][gc,heap        ] GC(996) Eden regions: 249->0(275)
[438.486s][info][gc,heap        ] GC(996) Survivor regions: 34->4(36)
[438.486s][info][gc,heap        ] GC(996) Old regions: 601->635
[438.486s][info][gc,heap        ] GC(996) Humongous regions: 10->10
[438.486s][info][gc,metaspace   ] GC(996) Metaspace: 18889K(19008K)->18889K(19008K) NonClass: 17060K(17152K)->17060K(17152K) Class: 1829K(1856K)->1829K(1856K)
[438.486s][info][gc             ] GC(996) Pause Young (Normal) (G1 Evacuation Pause) 893M->648M(978M) 49.197ms
[438.486s][info][gc,cpu         ] GC(996) User=0.09s Sys=0.00s Real=0.05s
[439.450s][info][gc,marking     ] GC(995) Concurrent Mark From Roots 1402.389ms
[439.450s][info][gc,marking     ] GC(995) Concurrent Preclean
[439.450s][info][gc,marking     ] GC(995) Concurrent Preclean 0.054ms
[439.450s][info][gc,start       ] GC(995) Pause Remark
[439.459s][info][gc             ] GC(995) Pause Remark 908M->843M(978M) 8.419ms
[439.459s][info][gc,cpu         ] GC(995) User=0.01s Sys=0.00s Real=0.01s
[439.459s][info][gc,marking     ] GC(995) Concurrent Mark 1411.304ms
[439.459s][info][gc,marking     ] GC(995) Concurrent Rebuild Remembered Sets and Scrub Regions
[439.522s][info][gc,start       ] GC(997) Pause Young (Normal) (G1 Evacuation Pause)
[439.522s][info][gc,task        ] GC(997) Using 2 workers of 2 for evacuation
[439.544s][info][gc,phases      ] GC(997)   Pre Evacuate Collection Set: 0.56ms
[439.545s][info][gc,phases      ] GC(997)   Merge Heap Roots: 0.23ms
[439.545s][info][gc,phases      ] GC(997)   Evacuate Collection Set: 20.69ms
[439.545s][info][gc,phases      ] GC(997)   Post Evacuate Collection Set: 0.61ms
[439.545s][info][gc,phases      ] GC(997)   Other: 0.12ms
[439.545s][info][gc,heap        ] GC(997) Eden regions: 275->0(318)
[439.545s][info][gc,heap        ] GC(997) Survivor regions: 4->15(35)
[439.545s][info][gc,heap        ] GC(997) Old regions: 573->573
[439.545s][info][gc,heap        ] GC(997) Humongous regions: 7->7
[439.545s][info][gc,metaspace   ] GC(997) Metaspace: 18889K(19008K)->18889K(19008K) NonClass: 17060K(17152K)->17060K(17152K) Class: 1829K(1856K)->1829K(1856K)
[439.545s][info][gc             ] GC(997) Pause Young (Normal) (G1 Evacuation Pause) 858M->594M(978M) 22.472ms
[439.545s][info][gc,cpu         ] GC(997) User=0.04s Sys=0.00s Real=0.03s
[440.087s][info][gc,marking     ] GC(995) Concurrent Rebuild Remembered Sets and Scrub Regions 628.164ms
[440.087s][info][gc,start       ] GC(995) Pause Cleanup
[440.087s][info][gc             ] GC(995) Pause Cleanup 812M->812M(978M) 0.176ms
[440.087s][info][gc,cpu         ] GC(995) User=0.00s Sys=0.00s Real=0.00s
[440.087s][info][gc,marking     ] GC(995) Concurrent Clear Claimed Marks
[440.087s][info][gc,marking     ] GC(995) Concurrent Clear Claimed Marks 0.033ms
[440.087s][info][gc,marking     ] GC(995) Concurrent Cleanup for Next Mark
[440.090s][info][gc,marking     ] GC(995) Concurrent Cleanup for Next Mark 3.016ms
[440.091s][info][gc             ] GC(995) Concurrent Mark Cycle 2125.149ms
[440.210s][info][gc,start       ] GC(998) Pause Young (Prepare Mixed) (G1 Evacuation Pause)
[440.210s][info][gc,task        ] GC(998) Using 2 workers of 2 for evacuation
[440.289s][info][gc,phases      ] GC(998)   Pre Evacuate Collection Set: 0.34ms
[440.289s][info][gc,phases      ] GC(998)   Merge Heap Roots: 0.49ms
[440.289s][info][gc,phases      ] GC(998)   Evacuate Collection Set: 77.17ms
[440.289s][info][gc,phases      ] GC(998)   Post Evacuate Collection Set: 0.81ms
[440.289s][info][gc,phases      ] GC(998)   Other: 0.10ms
[440.289s][info][gc,heap        ] GC(998) Eden regions: 318->0(249)
[440.289s][info][gc,heap        ] GC(998) Survivor regions: 15->42(42)
[440.289s][info][gc,heap        ] GC(998) Old regions: 573->588
[440.289s][info][gc,heap        ] GC(998) Humongous regions: 7->7
[440.289s][info][gc,metaspace   ] GC(998) Metaspace: 18889K(19008K)->18889K(19008K) NonClass: 17060K(17152K)->17060K(17152K) Class: 1829K(1856K)->1829K(1856K)
[440.289s][info][gc             ] GC(998) Pause Young (Prepare Mixed) (G1 Evacuation Pause) 912M->636M(978M) 79.171ms
[440.289s][info][gc,cpu         ] GC(998) User=0.16s Sys=0.00s Real=0.08s
[440.578s][info][gc,start       ] GC(999) Pause Young (Mixed) (G1 Evacuation Pause)
[440.578s][info][gc,task        ] GC(999) Using 2 workers of 2 for evacuation
[440.761s][info][gc,phases      ] GC(999)   Pre Evacuate Collection Set: 0.37ms
[440.761s][info][gc,phases      ] GC(999)   Merge Heap Roots: 1.28ms
[440.761s][info][gc,phases      ] GC(999)   Evacuate Collection Set: 168.38ms
[440.761s][info][gc,phases      ] GC(999)   Post Evacuate Collection Set: 12.40ms
[440.761s][info][gc,phases      ] GC(999)   Other: 0.11ms
[440.761s][info][gc,heap        ] GC(999) Eden regions: 249->0(87)
[440.761s][info][gc,heap        ] GC(999) Survivor regions: 42->36(37)
[440.761s][info][gc,heap        ] GC(999) Old regions: 588->751
[440.761s][info][gc,heap        ] GC(999) Humongous regions: 7->7
[440.761s][info][gc,metaspace   ] GC(999) Metaspace: 18889K(19008K)->18889K(19008K) NonClass: 17060K(17152K)->17060K(17152K) Class: 1829K(1856K)->1829K(1856K)
[440.761s][info][gc             ] GC(999) Pause Young (Mixed) (G1 Evacuation Pause) (Evacuation Failure: Allocation) 885M->793M(978M) 182.825ms
[440.761s][info][gc,cpu         ] GC(999) User=0.36s Sys=0.00s Real=0.18s
[440.771s][info][gc,start       ] GC(1000) Pause Young (Mixed) (G1 Evacuation Pause)
[440.771s][info][gc,task        ] GC(1000) Using 2 workers of 2 for evacuation
[440.945s][info][gc,phases      ] GC(1000)   Pre Evacuate Collection Set: 0.38ms
[440.945s][info][gc,phases      ] GC(1000)   Merge Heap Roots: 1.99ms
[440.945s][info][gc,phases      ] GC(1000)   Evacuate Collection Set: 143.46ms
[440.945s][info][gc,phases      ] GC(1000)   Merge Optional Heap Roots: 0.11ms
[440.945s][info][gc,phases      ] GC(1000)   Evacuate Optional Collection Set: 26.41ms
[440.945s][info][gc,phases      ] GC(1000)   Post Evacuate Collection Set: 0.94ms
[440.945s][info][gc,phases      ] GC(1000)   Other: 0.20ms
[440.945s][info][gc,heap        ] GC(1000) Eden regions: 12->0(249)
[440.945s][info][gc,heap        ] GC(1000) Survivor regions: 36->6(6)
[440.945s][info][gc,heap        ] GC(1000) Old regions: 751->629
[440.945s][info][gc,heap        ] GC(1000) Humongous regions: 7->7
[440.945s][info][gc,metaspace   ] GC(1000) Metaspace: 18889K(19008K)->18889K(19008K) NonClass: 17060K(17152K)->17060K(17152K) Class: 1829K(1856K)->1829K(1856K)
[440.945s][info][gc             ] GC(1000) Pause Young (Mixed) (G1 Evacuation Pause) 805M->640M(978M) 173.759ms
[440.945s][info][gc,cpu         ] GC(1000) User=0.34s Sys=0.00s Real=0.18s
[441.105s][info][gc,start       ] GC(1001) Pause Young (Concurrent Start) (G1 Evacuation Pause)
[441.105s][info][gc,task        ] GC(1001) Using 2 workers of 2 for evacuation
[441.163s][info][gc,phases      ] GC(1001)   Pre Evacuate Collection Set: 0.38ms
[441.163s][info][gc,phases      ] GC(1001)   Merge Heap Roots: 0.27ms
[441.163s][info][gc,phases      ] GC(1001)   Evacuate Collection Set: 55.90ms
[441.163s][info][gc,phases      ] GC(1001)   Post Evacuate Collection Set: 0.70ms
[441.163s][info][gc,phases      ] GC(1001)   Other: 0.27ms
[441.163s][info][gc,heap        ] GC(1001) Eden regions: 249->0(205)
[441.163s][info][gc,heap        ] GC(1001) Survivor regions: 6->32(32)
[441.163s][info][gc,heap        ] GC(1001) Old regions: 629->647
[441.163s][info][gc,heap        ] GC(1001) Humongous regions: 7->7
[441.163s][info][gc,metaspace   ] GC(1001) Metaspace: 18889K(19008K)->18889K(19008K) NonClass: 17060K(17152K)->17060K(17152K) Class: 1829K(1856K)->1829K(1856K)
[441.163s][info][gc             ] GC(1001) Pause Young (Concurrent Start) (G1 Evacuation Pause) 889M->685M(978M) 57.762ms
[441.163s][info][gc,cpu         ] GC(1001) User=0.12s Sys=0.00s Real=0.06s
[441.163s][info][gc             ] GC(1002) Concurrent Mark Cycle
[441.163s][info][gc,marking     ] GC(1002) Concurrent Scan Root Regions
[441.226s][info][gc,marking     ] GC(1002) Concurrent Scan Root Regions 62.327ms
[441.226s][info][gc,marking     ] GC(1002) Concurrent Mark
[441.226s][info][gc,marking     ] GC(1002) Concurrent Mark From Roots
[441.226s][info][gc,task        ] GC(1002) Using 1 workers of 1 for marking
[441.485s][info][gc,start       ] GC(1003) Pause Young (Normal) (G1 Evacuation Pause)
[441.486s][info][gc,task        ] GC(1003) Using 2 workers of 2 for evacuation
[441.549s][info][gc,phases      ] GC(1003)   Pre Evacuate Collection Set: 0.35ms
[441.549s][info][gc,phases      ] GC(1003)   Merge Heap Roots: 0.48ms
[441.549s][info][gc,phases      ] GC(1003)   Evacuate Collection Set: 61.77ms
[441.549s][info][gc,phases      ] GC(1003)   Post Evacuate Collection Set: 0.53ms
[441.549s][info][gc,phases      ] GC(1003)   Other: 0.10ms
[441.549s][info][gc,heap        ] GC(1003) Eden regions: 205->0(199)
[441.549s][info][gc,heap        ] GC(1003) Survivor regions: 32->16(30)
[441.549s][info][gc,heap        ] GC(1003) Old regions: 647->680
[441.549s][info][gc,heap        ] GC(1003) Humongous regions: 7->7
[441.549s][info][gc,metaspace   ] GC(1003) Metaspace: 18889K(19008K)->18889K(19008K) NonClass: 17060K(17152K)->17060K(17152K) Class: 1829K(1856K)->1829K(1856K)
[441.549s][info][gc             ] GC(1003) Pause Young (Normal) (G1 Evacuation Pause) 890M->701M(978M) 63.501ms
[441.549s][info][gc,cpu         ] GC(1003) User=0.12s Sys=0.00s Real=0.06s
[441.811s][info][gc,start       ] GC(1004) Pause Young (Normal) (G1 Evacuation Pause)
[441.811s][info][gc,task        ] GC(1004) Using 2 workers of 2 for evacuation
[441.837s][info][gc,phases      ] GC(1004)   Pre Evacuate Collection Set: 0.54ms
[441.837s][info][gc,phases      ] GC(1004)   Merge Heap Roots: 0.34ms
[441.837s][info][gc,phases      ] GC(1004)   Evacuate Collection Set: 24.29ms
[441.837s][info][gc,phases      ] GC(1004)   Post Evacuate Collection Set: 0.48ms
[441.837s][info][gc,phases      ] GC(1004)   Other: 0.11ms
[441.837s][info][gc,heap        ] GC(1004) Eden regions: 199->0(211)
[441.837s][info][gc,heap        ] GC(1004) Survivor regions: 16->1(27)
[441.837s][info][gc,heap        ] GC(1004) Old regions: 680->695
[441.837s][info][gc,heap        ] GC(1004) Humongous regions: 7->7
[441.837s][info][gc,metaspace   ] GC(1004) Metaspace: 18889K(19008K)->18889K(19008K) NonClass: 17060K(17152K)->17060K(17152K) Class: 1829K(1856K)->1829K(1856K)
[441.837s][info][gc             ] GC(1004) Pause Young (Normal) (G1 Evacuation Pause) 900M->702M(978M) 26.005ms
[441.837s][info][gc,cpu         ] GC(1004) User=0.05s Sys=0.00s Real=0.03s
[442.105s][info][gc,start       ] GC(1005) Pause Young (Normal) (G1 Evacuation Pause)
[442.105s][info][gc,task        ] GC(1005) Using 2 workers of 2 for evacuation
[442.114s][info][gc,phases      ] GC(1005)   Pre Evacuate Collection Set: 0.57ms
[442.114s][info][gc,phases      ] GC(1005)   Merge Heap Roots: 0.16ms
[442.114s][info][gc,phases      ] GC(1005)   Evacuate Collection Set: 8.03ms
[442.114s][info][gc,phases      ] GC(1005)   Post Evacuate Collection Set: 0.45ms
[442.114s][info][gc,phases      ] GC(1005)   Other: 0.12ms
[442.114s][info][gc,heap        ] GC(1005) Eden regions: 211->0(216)
[442.115s][info][gc,heap        ] GC(1005) Survivor regions: 1->5(27)
[442.115s][info][gc,heap        ] GC(1005) Old regions: 695->695
[442.115s][info][gc,heap        ] GC(1005) Humongous regions: 7->7
[442.115s][info][gc,metaspace   ] GC(1005) Metaspace: 18889K(19008K)->18889K(19008K) NonClass: 17060K(17152K)->17060K(17152K) Class: 1829K(1856K)->1829K(1856K)
[442.115s][info][gc             ] GC(1005) Pause Young (Normal) (G1 Evacuation Pause) 913M->705M(978M) 9.567ms
[442.115s][info][gc,cpu         ] GC(1005) User=0.02s Sys=0.00s Real=0.01s
[442.487s][info][gc,start       ] GC(1006) Pause Young (Normal) (G1 Evacuation Pause)
[442.487s][info][gc,task        ] GC(1006) Using 2 workers of 2 for evacuation
[442.506s][info][gc,phases      ] GC(1006)   Pre Evacuate Collection Set: 0.31ms
[442.506s][info][gc,phases      ] GC(1006)   Merge Heap Roots: 0.21ms
[442.506s][info][gc,phases      ] GC(1006)   Evacuate Collection Set: 18.08ms
[442.506s][info][gc,phases      ] GC(1006)   Post Evacuate Collection Set: 0.49ms
[442.506s][info][gc,phases      ] GC(1006)   Other: 0.10ms
[442.506s][info][gc,heap        ] GC(1006) Eden regions: 216->0(202)
[442.506s][info][gc,heap        ] GC(1006) Survivor regions: 5->12(28)
[442.506s][info][gc,heap        ] GC(1006) Old regions: 695->695
[442.506s][info][gc,heap        ] GC(1006) Humongous regions: 7->7
[442.506s][info][gc,metaspace   ] GC(1006) Metaspace: 18889K(19008K)->18889K(19008K) NonClass: 17060K(17152K)->17060K(17152K) Class: 1829K(1856K)->1829K(1856K)
[442.506s][info][gc             ] GC(1006) Pause Young (Normal) (G1 Evacuation Pause) 921M->713M(978M) 19.462ms
[442.506s][info][gc,cpu         ] GC(1006) User=0.04s Sys=0.00s Real=0.02s
[442.878s][info][gc,start       ] GC(1007) Pause Young (Normal) (G1 Evacuation Pause)
[442.878s][info][gc,task        ] GC(1007) Using 2 workers of 2 for evacuation
[442.911s][info][gc,phases      ] GC(1007)   Pre Evacuate Collection Set: 0.35ms
[442.911s][info][gc,phases      ] GC(1007)   Merge Heap Roots: 0.23ms
[442.911s][info][gc,phases      ] GC(1007)   Evacuate Collection Set: 31.08ms
[442.911s][info][gc,phases      ] GC(1007)   Post Evacuate Collection Set: 0.51ms
[442.911s][info][gc,phases      ] GC(1007)   Other: 0.15ms
[442.911s][info][gc,heap        ] GC(1007) Eden regions: 202->0(180)
[442.911s][info][gc,heap        ] GC(1007) Survivor regions: 12->23(27)
[442.911s][info][gc,heap        ] GC(1007) Old regions: 695->695
[442.911s][info][gc,heap        ] GC(1007) Humongous regions: 7->7
[442.911s][info][gc,metaspace   ] GC(1007) Metaspace: 18890K(19008K)->18890K(19008K) NonClass: 17060K(17152K)->17060K(17152K) Class: 1829K(1856K)->1829K(1856K)
[442.911s][info][gc             ] GC(1007) Pause Young (Normal) (G1 Evacuation Pause) 915M->723M(978M) 32.647ms
[442.911s][info][gc,cpu         ] GC(1007) User=0.06s Sys=0.00s Real=0.03s
[443.242s][info][gc,start       ] GC(1008) Pause Young (Normal) (G1 Evacuation Pause)
[443.242s][info][gc,task        ] GC(1008) Using 2 workers of 2 for evacuation
[443.284s][info][gc,phases      ] GC(1008)   Pre Evacuate Collection Set: 0.35ms
[443.284s][info][gc,phases      ] GC(1008)   Merge Heap Roots: 0.36ms
[443.284s][info][gc,phases      ] GC(1008)   Evacuate Collection Set: 40.00ms
[443.284s][info][gc,phases      ] GC(1008)   Post Evacuate Collection Set: 0.57ms
[443.284s][info][gc,phases      ] GC(1008)   Other: 0.11ms
[443.284s][info][gc,heap        ] GC(1008) Eden regions: 180->0(186)
[443.284s][info][gc,heap        ] GC(1008) Survivor regions: 23->14(26)
[443.284s][info][gc,heap        ] GC(1008) Old regions: 695->707
[443.284s][info][gc,heap        ] GC(1008) Humongous regions: 7->7
[443.284s][info][gc,metaspace   ] GC(1008) Metaspace: 18890K(19008K)->18890K(19008K) NonClass: 17061K(17152K)->17061K(17152K) Class: 1829K(1856K)->1829K(1856K)
[443.284s][info][gc             ] GC(1008) Pause Young (Normal) (G1 Evacuation Pause) 903M->727M(978M) 41.734ms
[443.284s][info][gc,cpu         ] GC(1008) User=0.08s Sys=0.00s Real=0.05s
[443.674s][info][gc,marking     ] GC(1002) Concurrent Mark From Roots 2448.762ms
[443.675s][info][gc,marking     ] GC(1002) Concurrent Preclean
[443.675s][info][gc,marking     ] GC(1002) Concurrent Preclean 0.069ms
[443.675s][info][gc,start       ] GC(1002) Pause Remark
[443.684s][info][gc             ] GC(1002) Pause Remark 904M->904M(978M) 8.766ms
[443.684s][info][gc,cpu         ] GC(1002) User=0.02s Sys=0.00s Real=0.01s
[443.684s][info][gc,marking     ] GC(1002) Concurrent Mark 2457.972ms
[443.684s][info][gc,marking     ] GC(1002) Concurrent Rebuild Remembered Sets and Scrub Regions
[443.736s][info][gc,start       ] GC(1009) Pause Young (Normal) (G1 Evacuation Pause)
[443.736s][info][gc,task        ] GC(1009) Using 2 workers of 2 for evacuation
[443.805s][info][gc,phases      ] GC(1009)   Pre Evacuate Collection Set: 0.57ms
[443.805s][info][gc,phases      ] GC(1009)   Merge Heap Roots: 0.54ms
[443.805s][info][gc,phases      ] GC(1009)   Evacuate Collection Set: 67.48ms
[443.805s][info][gc,phases      ] GC(1009)   Post Evacuate Collection Set: 0.63ms
[443.805s][info][gc,phases      ] GC(1009)   Other: 0.13ms
[443.805s][info][gc,heap        ] GC(1009) Eden regions: 186->0(149)
[443.805s][info][gc,heap        ] GC(1009) Survivor regions: 14->25(25)
[443.805s][info][gc,heap        ] GC(1009) Old regions: 707->719
[443.805s][info][gc,heap        ] GC(1009) Humongous regions: 10->10
[443.805s][info][gc,metaspace   ] GC(1009) Metaspace: 18893K(19072K)->18893K(19072K) NonClass: 17064K(17216K)->17064K(17216K) Class: 1829K(1856K)->1829K(1856K)
[443.805s][info][gc             ] GC(1009) Pause Young (Normal) (G1 Evacuation Pause) 916M->753M(978M) 69.640ms
[443.805s][info][gc,cpu         ] GC(1009) User=0.14s Sys=0.00s Real=0.07s
[444.126s][info][gc,start       ] GC(1010) Pause Young (Normal) (G1 Evacuation Pause)
[444.126s][info][gc,task        ] GC(1010) Using 2 workers of 2 for evacuation
[444.203s][info][gc,phases      ] GC(1010)   Pre Evacuate Collection Set: 0.34ms
[444.203s][info][gc,phases      ] GC(1010)   Merge Heap Roots: 0.46ms
[444.203s][info][gc,phases      ] GC(1010)   Evacuate Collection Set: 75.31ms
[444.203s][info][gc,phases      ] GC(1010)   Post Evacuate Collection Set: 0.50ms
[444.203s][info][gc,phases      ] GC(1010)   Other: 0.12ms
[444.203s][info][gc,heap        ] GC(1010) Eden regions: 149->0(126)
[444.203s][info][gc,heap        ] GC(1010) Survivor regions: 25->22(22)
[444.203s][info][gc,heap        ] GC(1010) Old regions: 719->748
[444.203s][info][gc,heap        ] GC(1010) Humongous regions: 10->10
[444.203s][info][gc,metaspace   ] GC(1010) Metaspace: 18893K(19072K)->18893K(19072K) NonClass: 17064K(17216K)->17064K(17216K) Class: 1829K(1856K)->1829K(1856K)
[444.203s][info][gc             ] GC(1010) Pause Young (Normal) (G1 Evacuation Pause) 902M->779M(978M) 77.024ms
[444.203s][info][gc,cpu         ] GC(1010) User=0.15s Sys=0.00s Real=0.08s
[444.408s][info][gc,start       ] GC(1011) Pause Young (Normal) (G1 Evacuation Pause)
[444.408s][info][gc,task        ] GC(1011) Using 2 workers of 2 for evacuation
[444.452s][info][gc,phases      ] GC(1011)   Pre Evacuate Collection Set: 0.56ms
[444.452s][info][gc,phases      ] GC(1011)   Merge Heap Roots: 0.23ms
[444.452s][info][gc,phases      ] GC(1011)   Evacuate Collection Set: 42.67ms
[444.452s][info][gc,phases      ] GC(1011)   Post Evacuate Collection Set: 0.43ms
[444.452s][info][gc,phases      ] GC(1011)   Other: 0.11ms
[444.452s][info][gc,heap        ] GC(1011) Eden regions: 126->0(122)
[444.452s][info][gc,heap        ] GC(1011) Survivor regions: 22->13(19)
[444.452s][info][gc,heap        ] GC(1011) Old regions: 748->770
[444.453s][info][gc,heap        ] GC(1011) Humongous regions: 10->10
[444.453s][info][gc,metaspace   ] GC(1011) Metaspace: 18893K(19072K)->18893K(19072K) NonClass: 17064K(17216K)->17064K(17216K) Class: 1829K(1856K)->1829K(1856K)
[444.453s][info][gc             ] GC(1011) Pause Young (Normal) (G1 Evacuation Pause) 905M->792M(978M) 44.323ms
[444.453s][info][gc,cpu         ] GC(1011) User=0.09s Sys=0.00s Real=0.05s
[444.701s][info][gc,marking     ] GC(1002) Concurrent Rebuild Remembered Sets and Scrub Regions 1016.974ms
[444.701s][info][gc,start       ] GC(1002) Pause Cleanup
[444.701s][info][gc             ] GC(1002) Pause Cleanup 886M->886M(978M) 0.129ms
[444.701s][info][gc,cpu         ] GC(1002) User=0.00s Sys=0.00s Real=0.00s
[444.701s][info][gc,marking     ] GC(1002) Concurrent Clear Claimed Marks
[444.701s][info][gc,marking     ] GC(1002) Concurrent Clear Claimed Marks 0.032ms
[444.701s][info][gc,marking     ] GC(1002) Concurrent Cleanup for Next Mark
[444.704s][info][gc,marking     ] GC(1002) Concurrent Cleanup for Next Mark 2.964ms
[444.704s][info][gc             ] GC(1002) Concurrent Mark Cycle 3540.835ms
[444.746s][info][gc,start       ] GC(1012) Pause Young (Prepare Mixed) (G1 Evacuation Pause)
[444.746s][info][gc,task        ] GC(1012) Using 2 workers of 2 for evacuation
[444.771s][info][gc,phases      ] GC(1012)   Pre Evacuate Collection Set: 0.36ms
[444.771s][info][gc,phases      ] GC(1012)   Merge Heap Roots: 0.30ms
[444.771s][info][gc,phases      ] GC(1012)   Evacuate Collection Set: 24.02ms
[444.771s][info][gc,phases      ] GC(1012)   Post Evacuate Collection Set: 0.42ms
[444.771s][info][gc,phases      ] GC(1012)   Other: 0.09ms
[444.771s][info][gc,heap        ] GC(1012) Eden regions: 122->0(129)
[444.771s][info][gc,heap        ] GC(1012) Survivor regions: 13->3(17)
[444.771s][info][gc,heap        ] GC(1012) Old regions: 770->783
[444.771s][info][gc,heap        ] GC(1012) Humongous regions: 10->10
[444.771s][info][gc,metaspace   ] GC(1012) Metaspace: 18893K(19072K)->18893K(19072K) NonClass: 17064K(17216K)->17064K(17216K) Class: 1829K(1856K)->1829K(1856K)
[444.771s][info][gc             ] GC(1012) Pause Young (Prepare Mixed) (G1 Evacuation Pause) 914M->795M(978M) 25.447ms
[444.771s][info][gc,cpu         ] GC(1012) User=0.04s Sys=0.00s Real=0.02s
[444.939s][info][gc,start       ] GC(1013) Pause Young (Mixed) (G1 Evacuation Pause)
[444.939s][info][gc,task        ] GC(1013) Using 2 workers of 2 for evacuation
[444.967s][info][gc,phases      ] GC(1013)   Pre Evacuate Collection Set: 0.59ms
[444.967s][info][gc,phases      ] GC(1013)   Merge Heap Roots: 0.39ms
[444.967s][info][gc,phases      ] GC(1013)   Evacuate Collection Set: 26.32ms
[444.967s][info][gc,phases      ] GC(1013)   Post Evacuate Collection Set: 0.44ms
[444.967s][info][gc,phases      ] GC(1013)   Other: 0.12ms
[444.967s][info][gc,heap        ] GC(1013) Eden regions: 129->0(131)
[444.967s][info][gc,heap        ] GC(1013) Survivor regions: 3->6(17)
[444.967s][info][gc,heap        ] GC(1013) Old regions: 783->775
[444.967s][info][gc,heap        ] GC(1013) Humongous regions: 10->10
[444.967s][info][gc,metaspace   ] GC(1013) Metaspace: 18896K(19072K)->18896K(19072K) NonClass: 17066K(17216K)->17066K(17216K) Class: 1829K(1856K)->1829K(1856K)
[444.967s][info][gc             ] GC(1013) Pause Young (Mixed) (G1 Evacuation Pause) 924M->790M(978M) 28.134ms
[444.967s][info][gc,cpu         ] GC(1013) User=0.06s Sys=0.00s Real=0.03s
[445.089s][info][gc,start       ] GC(1014) Pause Young (Concurrent Start) (G1 Evacuation Pause)
[445.089s][info][gc,task        ] GC(1014) Using 2 workers of 2 for evacuation
[445.100s][info][gc,phases      ] GC(1014)   Pre Evacuate Collection Set: 0.35ms
[445.100s][info][gc,phases      ] GC(1014)   Merge Heap Roots: 0.18ms
[445.100s][info][gc,phases      ] GC(1014)   Evacuate Collection Set: 9.35ms
[445.100s][info][gc,phases      ] GC(1014)   Post Evacuate Collection Set: 0.43ms
[445.100s][info][gc,phases      ] GC(1014)   Other: 0.13ms
[445.100s][info][gc,heap        ] GC(1014) Eden regions: 131->0(131)
[445.100s][info][gc,heap        ] GC(1014) Survivor regions: 6->6(18)
[445.100s][info][gc,heap        ] GC(1014) Old regions: 775->775
[445.100s][info][gc,heap        ] GC(1014) Humongous regions: 10->10
[445.100s][info][gc,metaspace   ] GC(1014) Metaspace: 18896K(19072K)->18896K(19072K) NonClass: 17066K(17216K)->17066K(17216K) Class: 1829K(1856K)->1829K(1856K)
[445.100s][info][gc             ] GC(1014) Pause Young (Concurrent Start) (G1 Evacuation Pause) 921M->790M(978M) 10.740ms
[445.100s][info][gc,cpu         ] GC(1014) User=0.02s Sys=0.00s Real=0.01s
[445.100s][info][gc             ] GC(1015) Concurrent Mark Cycle
[445.100s][info][gc,marking     ] GC(1015) Concurrent Scan Root Regions
[445.115s][info][gc,marking     ] GC(1015) Concurrent Scan Root Regions 14.739ms
[445.115s][info][gc,marking     ] GC(1015) Concurrent Mark
[445.115s][info][gc,marking     ] GC(1015) Concurrent Mark From Roots
[445.115s][info][gc,task        ] GC(1015) Using 1 workers of 1 for marking
[445.283s][info][gc,start       ] GC(1016) Pause Young (Normal) (G1 Evacuation Pause)
[445.283s][info][gc,task        ] GC(1016) Using 2 workers of 2 for evacuation
[445.294s][info][gc,phases      ] GC(1016)   Pre Evacuate Collection Set: 0.33ms
[445.294s][info][gc,phases      ] GC(1016)   Merge Heap Roots: 0.18ms
[445.295s][info][gc,phases      ] GC(1016)   Evacuate Collection Set: 10.56ms
[445.295s][info][gc,phases      ] GC(1016)   Post Evacuate Collection Set: 0.43ms
[445.295s][info][gc,phases      ] GC(1016)   Other: 0.10ms
[445.295s][info][gc,heap        ] GC(1016) Eden regions: 131->0(129)
[445.295s][info][gc,heap        ] GC(1016) Survivor regions: 6->7(18)
[445.295s][info][gc,heap        ] GC(1016) Old regions: 775->775
[445.295s][info][gc,heap        ] GC(1016) Humongous regions: 10->10
[445.295s][info][gc,metaspace   ] GC(1016) Metaspace: 18896K(19072K)->18896K(19072K) NonClass: 17066K(17216K)->17066K(17216K) Class: 1829K(1856K)->1829K(1856K)
[445.295s][info][gc             ] GC(1016) Pause Young (Normal) (G1 Evacuation Pause) 921M->791M(978M) 11.892ms
[445.295s][info][gc,cpu         ] GC(1016) User=0.02s Sys=0.00s Real=0.01s
[445.692s][info][gc,start       ] GC(1017) Pause Young (Normal) (G1 Evacuation Pause)
[445.692s][info][gc,task        ] GC(1017) Using 2 workers of 2 for evacuation
[445.712s][info][gc,phases      ] GC(1017)   Pre Evacuate Collection Set: 0.55ms
[445.712s][info][gc,phases      ] GC(1017)   Merge Heap Roots: 0.18ms
[445.712s][info][gc,phases      ] GC(1017)   Evacuate Collection Set: 19.21ms
[445.712s][info][gc,phases      ] GC(1017)   Post Evacuate Collection Set: 0.45ms
[445.712s][info][gc,phases      ] GC(1017)   Other: 0.10ms
[445.712s][info][gc,heap        ] GC(1017) Eden regions: 129->0(115)
[445.712s][info][gc,heap        ] GC(1017) Survivor regions: 7->14(17)
[445.712s][info][gc,heap        ] GC(1017) Old regions: 775->775
[445.712s][info][gc,heap        ] GC(1017) Humongous regions: 10->10
[445.712s][info][gc,metaspace   ] GC(1017) Metaspace: 18896K(19072K)->18896K(19072K) NonClass: 17066K(17216K)->17066K(17216K) Class: 1829K(1856K)->1829K(1856K)
[445.712s][info][gc             ] GC(1017) Pause Young (Normal) (G1 Evacuation Pause) 920M->798M(978M) 20.738ms
[445.712s][info][gc,cpu         ] GC(1017) User=0.04s Sys=0.00s Real=0.02s
[446.030s][info][gc,start       ] GC(1018) Pause Young (Normal) (G1 Evacuation Pause)
[446.030s][info][gc,task        ] GC(1018) Using 2 workers of 2 for evacuation
[446.051s][info][gc,phases      ] GC(1018)   Pre Evacuate Collection Set: 0.56ms
[446.051s][info][gc,phases      ] GC(1018)   Merge Heap Roots: 0.21ms
[446.051s][info][gc,phases      ] GC(1018)   Evacuate Collection Set: 19.23ms
[446.051s][info][gc,phases      ] GC(1018)   Post Evacuate Collection Set: 0.43ms
[446.051s][info][gc,phases      ] GC(1018)   Other: 0.11ms
[446.051s][info][gc,heap        ] GC(1018) Eden regions: 115->0(119)
[446.051s][info][gc,heap        ] GC(1018) Survivor regions: 14->9(17)
[446.051s][info][gc,heap        ] GC(1018) Old regions: 775->781
[446.051s][info][gc,heap        ] GC(1018) Humongous regions: 10->10
[446.051s][info][gc,metaspace   ] GC(1018) Metaspace: 18896K(19072K)->18896K(19072K) NonClass: 17067K(17216K)->17067K(17216K) Class: 1829K(1856K)->1829K(1856K)
[446.051s][info][gc             ] GC(1018) Pause Young (Normal) (G1 Evacuation Pause) 913M->799M(978M) 20.824ms
[446.051s][info][gc,cpu         ] GC(1018) User=0.04s Sys=0.00s Real=0.02s
[446.696s][info][gc,start       ] GC(1019) Pause Young (Normal) (G1 Evacuation Pause)
[446.696s][info][gc,task        ] GC(1019) Using 2 workers of 2 for evacuation
[446.710s][info][gc,phases      ] GC(1019)   Pre Evacuate Collection Set: 0.53ms
[446.710s][info][gc,phases      ] GC(1019)   Merge Heap Roots: 0.21ms
[446.710s][info][gc,phases      ] GC(1019)   Evacuate Collection Set: 12.72ms
[446.710s][info][gc,phases      ] GC(1019)   Post Evacuate Collection Set: 0.43ms
[446.710s][info][gc,phases      ] GC(1019)   Other: 0.11ms
[446.710s][info][gc,heap        ] GC(1019) Eden regions: 119->0(120)
[446.710s][info][gc,heap        ] GC(1019) Survivor regions: 9->8(16)
[446.710s][info][gc,heap        ] GC(1019) Old regions: 781->782
[446.710s][info][gc,heap        ] GC(1019) Humongous regions: 10->10
[446.710s][info][gc,metaspace   ] GC(1019) Metaspace: 18897K(19072K)->18897K(19072K) NonClass: 17068K(17216K)->17068K(17216K) Class: 1829K(1856K)->1829K(1856K)
[446.710s][info][gc             ] GC(1019) Pause Young (Normal) (G1 Evacuation Pause) 918M->799M(978M) 14.239ms
[446.710s][info][gc,cpu         ] GC(1019) User=0.03s Sys=0.00s Real=0.01s
[447.148s][info][gc,start       ] GC(1020) Pause Young (Normal) (G1 Evacuation Pause)
[447.148s][info][gc,task        ] GC(1020) Using 2 workers of 2 for evacuation
[447.159s][info][gc,phases      ] GC(1020)   Pre Evacuate Collection Set: 0.32ms
[447.159s][info][gc,phases      ] GC(1020)   Merge Heap Roots: 0.18ms
[447.159s][info][gc,phases      ] GC(1020)   Evacuate Collection Set: 10.41ms
[447.159s][info][gc,phases      ] GC(1020)   Post Evacuate Collection Set: 0.38ms
[447.159s][info][gc,phases      ] GC(1020)   Other: 0.12ms
[447.159s][info][gc,heap        ] GC(1020) Eden regions: 120->0(120)
[447.159s][info][gc,heap        ] GC(1020) Survivor regions: 8->8(16)
[447.159s][info][gc,heap        ] GC(1020) Old regions: 782->782
[447.159s][info][gc,heap        ] GC(1020) Humongous regions: 10->10
[447.159s][info][gc,metaspace   ] GC(1020) Metaspace: 18897K(19072K)->18897K(19072K) NonClass: 17068K(17216K)->17068K(17216K) Class: 1829K(1856K)->1829K(1856K)
[447.160s][info][gc             ] GC(1020) Pause Young (Normal) (G1 Evacuation Pause) 919M->799M(978M) 11.684ms
[447.160s][info][gc,cpu         ] GC(1020) User=0.03s Sys=0.00s Real=0.01s
[447.519s][info][gc,marking     ] GC(1015) Concurrent Mark From Roots 2404.614ms
[447.519s][info][gc,marking     ] GC(1015) Concurrent Preclean
[447.519s][info][gc,marking     ] GC(1015) Concurrent Preclean 0.052ms
[447.520s][info][gc,start       ] GC(1015) Pause Remark
[447.528s][info][gc             ] GC(1015) Pause Remark 842M->841M(978M) 8.314ms
[447.528s][info][gc,cpu         ] GC(1015) User=0.01s Sys=0.00s Real=0.01s
[447.528s][info][gc,marking     ] GC(1015) Concurrent Mark 2413.461ms
[447.528s][info][gc,marking     ] GC(1015) Concurrent Rebuild Remembered Sets and Scrub Regions
[448.293s][info][gc,marking     ] GC(1015) Concurrent Rebuild Remembered Sets and Scrub Regions 764.743ms
[448.293s][info][gc,start       ] GC(1015) Pause Cleanup
[448.293s][info][gc             ] GC(1015) Pause Cleanup 907M->907M(978M) 0.159ms
[448.293s][info][gc,cpu         ] GC(1015) User=0.00s Sys=0.00s Real=0.00s
[448.293s][info][gc,marking     ] GC(1015) Concurrent Clear Claimed Marks
[448.293s][info][gc,marking     ] GC(1015) Concurrent Clear Claimed Marks 0.040ms
[448.293s][info][gc,marking     ] GC(1015) Concurrent Cleanup for Next Mark
[448.299s][info][gc,marking     ] GC(1015) Concurrent Cleanup for Next Mark 5.142ms
[448.299s][info][gc             ] GC(1015) Concurrent Mark Cycle 3198.823ms
[448.334s][info][gc,start       ] GC(1021) Pause Young (Prepare Mixed) (G1 Evacuation Pause)
[448.334s][info][gc,task        ] GC(1021) Using 2 workers of 2 for evacuation
[448.345s][info][gc,phases      ] GC(1021)   Pre Evacuate Collection Set: 0.31ms
[448.346s][info][gc,phases      ] GC(1021)   Merge Heap Roots: 0.20ms
[448.346s][info][gc,phases      ] GC(1021)   Evacuate Collection Set: 10.48ms
[448.346s][info][gc,phases      ] GC(1021)   Post Evacuate Collection Set: 0.44ms
[448.346s][info][gc,phases      ] GC(1021)   Other: 0.13ms
[448.346s][info][gc,heap        ] GC(1021) Eden regions: 120->0(121)
[448.346s][info][gc,heap        ] GC(1021) Survivor regions: 8->8(16)
[448.346s][info][gc,heap        ] GC(1021) Old regions: 782->782
[448.346s][info][gc,heap        ] GC(1021) Humongous regions: 9->9
[448.346s][info][gc,metaspace   ] GC(1021) Metaspace: 18897K(19072K)->18897K(19072K) NonClass: 17068K(17216K)->17068K(17216K) Class: 1829K(1856K)->1829K(1856K)
[448.346s][info][gc             ] GC(1021) Pause Young (Prepare Mixed) (G1 Evacuation Pause) 918M->798M(978M) 11.872ms
[448.346s][info][gc,cpu         ] GC(1021) User=0.02s Sys=0.00s Real=0.01s
[448.609s][info][gc,start       ] GC(1022) Pause Young (Mixed) (G1 Evacuation Pause)
[448.609s][info][gc,task        ] GC(1022) Using 2 workers of 2 for evacuation
[448.666s][info][gc,phases      ] GC(1022)   Pre Evacuate Collection Set: 0.37ms
[448.666s][info][gc,phases      ] GC(1022)   Merge Heap Roots: 0.47ms
[448.666s][info][gc,phases      ] GC(1022)   Evacuate Collection Set: 55.10ms
[448.666s][info][gc,phases      ] GC(1022)   Post Evacuate Collection Set: 0.45ms
[448.666s][info][gc,phases      ] GC(1022)   Other: 0.10ms
[448.666s][info][gc,heap        ] GC(1022) Eden regions: 121->0(97)
[448.666s][info][gc,heap        ] GC(1022) Survivor regions: 8->17(17)
[448.666s][info][gc,heap        ] GC(1022) Old regions: 782->788
[448.666s][info][gc,heap        ] GC(1022) Humongous regions: 9->9
[448.666s][info][gc,metaspace   ] GC(1022) Metaspace: 18897K(19072K)->18897K(19072K) NonClass: 17068K(17216K)->17068K(17216K) Class: 1829K(1856K)->1829K(1856K)
[448.666s][info][gc             ] GC(1022) Pause Young (Mixed) (G1 Evacuation Pause) 919M->813M(978M) 56.786ms
[448.666s][info][gc,cpu         ] GC(1022) User=0.11s Sys=0.00s Real=0.06s
[448.851s][info][gc,start       ] GC(1023) Pause Young (Concurrent Start) (G1 Evacuation Pause)
[448.851s][info][gc,task        ] GC(1023) Using 2 workers of 2 for evacuation
[448.872s][info][gc,phases      ] GC(1023)   Pre Evacuate Collection Set: 0.41ms
[448.872s][info][gc,phases      ] GC(1023)   Merge Heap Roots: 0.15ms
[448.872s][info][gc,phases      ] GC(1023)   Evacuate Collection Set: 19.59ms
[448.872s][info][gc,phases      ] GC(1023)   Post Evacuate Collection Set: 0.39ms
[448.872s][info][gc,phases      ] GC(1023)   Other: 0.25ms
[448.872s][info][gc,heap        ] GC(1023) Eden regions: 97->0(112)
[448.872s][info][gc,heap        ] GC(1023) Survivor regions: 17->1(15)
[448.872s][info][gc,heap        ] GC(1023) Old regions: 788->805
[448.872s][info][gc,heap        ] GC(1023) Humongous regions: 9->9
[448.872s][info][gc,metaspace   ] GC(1023) Metaspace: 18897K(19072K)->18897K(19072K) NonClass: 17068K(17216K)->17068K(17216K) Class: 1829K(1856K)->1829K(1856K)
[448.872s][info][gc             ] GC(1023) Pause Young (Concurrent Start) (G1 Evacuation Pause) 910M->814M(978M) 21.045ms
[448.872s][info][gc,cpu         ] GC(1023) User=0.04s Sys=0.00s Real=0.02s
[448.872s][info][gc             ] GC(1024) Concurrent Mark Cycle
[448.872s][info][gc,marking     ] GC(1024) Concurrent Scan Root Regions
[448.911s][info][gc,marking     ] GC(1024) Concurrent Scan Root Regions 38.402ms
[448.911s][info][gc,marking     ] GC(1024) Concurrent Mark
[448.911s][info][gc,marking     ] GC(1024) Concurrent Mark From Roots
[448.911s][info][gc,task        ] GC(1024) Using 1 workers of 1 for marking
[449.327s][info][gc,start       ] GC(1025) Pause Young (Normal) (G1 Evacuation Pause)
[449.327s][info][gc,task        ] GC(1025) Using 2 workers of 2 for evacuation
[449.329s][info][gc,phases      ] GC(1025)   Pre Evacuate Collection Set: 0.36ms
[449.329s][info][gc,phases      ] GC(1025)   Merge Heap Roots: 0.09ms
[449.329s][info][gc,phases      ] GC(1025)   Evacuate Collection Set: 0.63ms
[449.329s][info][gc,phases      ] GC(1025)   Post Evacuate Collection Set: 0.34ms
[449.329s][info][gc,phases      ] GC(1025)   Other: 0.11ms
[449.329s][info][gc,heap        ] GC(1025) Eden regions: 112->0(112)
[449.329s][info][gc,heap        ] GC(1025) Survivor regions: 1->1(15)
[449.329s][info][gc,heap        ] GC(1025) Old regions: 805->805
[449.329s][info][gc,heap        ] GC(1025) Humongous regions: 9->9
[449.329s][info][gc,metaspace   ] GC(1025) Metaspace: 18897K(19072K)->18897K(19072K) NonClass: 17068K(17216K)->17068K(17216K) Class: 1829K(1856K)->1829K(1856K)
[449.329s][info][gc             ] GC(1025) Pause Young (Normal) (G1 Evacuation Pause) 926M->814M(978M) 1.840ms
[449.329s][info][gc,cpu         ] GC(1025) User=0.00s Sys=0.00s Real=0.00s
[449.719s][info][gc,start       ] GC(1026) Pause Young (Normal) (G1 Evacuation Pause)
[449.719s][info][gc,task        ] GC(1026) Using 2 workers of 2 for evacuation
[449.721s][info][gc,phases      ] GC(1026)   Pre Evacuate Collection Set: 0.34ms
[449.721s][info][gc,phases      ] GC(1026)   Merge Heap Roots: 0.12ms
[449.721s][info][gc,phases      ] GC(1026)   Evacuate Collection Set: 1.47ms
[449.721s][info][gc,phases      ] GC(1026)   Post Evacuate Collection Set: 0.34ms
[449.721s][info][gc,phases      ] GC(1026)   Other: 0.10ms
[449.721s][info][gc,heap        ] GC(1026) Eden regions: 112->0(112)
[449.721s][info][gc,heap        ] GC(1026) Survivor regions: 1->1(15)
[449.721s][info][gc,heap        ] GC(1026) Old regions: 805->805
[449.721s][info][gc,heap        ] GC(1026) Humongous regions: 9->9
[449.721s][info][gc,metaspace   ] GC(1026) Metaspace: 18897K(19072K)->18897K(19072K) NonClass: 17068K(17216K)->17068K(17216K) Class: 1829K(1856K)->1829K(1856K)
[449.721s][info][gc             ] GC(1026) Pause Young (Normal) (G1 Evacuation Pause) 926M->814M(978M) 2.593ms
[449.721s][info][gc,cpu         ] GC(1026) User=0.00s Sys=0.00s Real=0.00s
[450.696s][info][gc,marking     ] GC(1024) Concurrent Mark From Roots 1785.288ms
[450.696s][info][gc,marking     ] GC(1024) Concurrent Preclean
[450.696s][info][gc,marking     ] GC(1024) Concurrent Preclean 0.061ms
[450.696s][info][gc,start       ] GC(1024) Pause Remark
[450.836s][info][gc             ] GC(1024) Pause Remark 911M->763M(978M) 139.879ms
[450.836s][info][gc,cpu         ] GC(1024) User=0.28s Sys=0.00s Real=0.14s
[450.839s][info][gc,marking     ] GC(1024) Concurrent Mark 1927.954ms
[450.839s][info][gc,marking     ] GC(1024) Concurrent Rebuild Remembered Sets and Scrub Regions
[450.959s][info][gc,start       ] GC(1027) Pause Young (Normal) (G1 Evacuation Pause)
[450.959s][info][gc,task        ] GC(1027) Using 2 workers of 2 for evacuation
[450.962s][info][gc,phases      ] GC(1027)   Pre Evacuate Collection Set: 0.52ms
[450.962s][info][gc,phases      ] GC(1027)   Merge Heap Roots: 0.09ms
[450.962s][info][gc,phases      ] GC(1027)   Evacuate Collection Set: 1.94ms
[450.962s][info][gc,phases      ] GC(1027)   Post Evacuate Collection Set: 0.34ms
[450.962s][info][gc,phases      ] GC(1027)   Other: 0.12ms
[450.962s][info][gc,heap        ] GC(1027) Eden regions: 112->0(260)
[450.962s][info][gc,heap        ] GC(1027) Survivor regions: 1->1(15)
[450.962s][info][gc,heap        ] GC(1027) Old regions: 659->659
[450.962s][info][gc,heap        ] GC(1027) Humongous regions: 7->7
[450.962s][info][gc,metaspace   ] GC(1027) Metaspace: 18897K(19072K)->18897K(19072K) NonClass: 17068K(17216K)->17068K(17216K) Class: 1829K(1856K)->1829K(1856K)
[450.963s][info][gc             ] GC(1027) Pause Young (Normal) (G1 Evacuation Pause) 778M->666M(978M) 3.250ms
[450.963s][info][gc,cpu         ] GC(1027) User=0.01s Sys=0.00s Real=0.00s
[451.368s][info][gc,marking     ] GC(1024) Concurrent Rebuild Remembered Sets and Scrub Regions 529.713ms
[451.368s][info][gc,start       ] GC(1024) Pause Cleanup
[451.369s][info][gc             ] GC(1024) Pause Cleanup 749M->749M(978M) 0.124ms
[451.369s][info][gc,cpu         ] GC(1024) User=0.00s Sys=0.00s Real=0.00s
[451.369s][info][gc,marking     ] GC(1024) Concurrent Clear Claimed Marks
[451.369s][info][gc,marking     ] GC(1024) Concurrent Clear Claimed Marks 0.031ms
[451.369s][info][gc,marking     ] GC(1024) Concurrent Cleanup for Next Mark
[451.372s][info][gc,marking     ] GC(1024) Concurrent Cleanup for Next Mark 3.003ms
[451.372s][info][gc             ] GC(1024) Concurrent Mark Cycle 2499.623ms
[452.121s][info][gc,start       ] GC(1028) Pause Young (Prepare Mixed) (G1 Evacuation Pause)
[452.122s][info][gc,task        ] GC(1028) Using 2 workers of 2 for evacuation
[452.130s][info][gc,phases      ] GC(1028)   Pre Evacuate Collection Set: 0.45ms
[452.130s][info][gc,phases      ] GC(1028)   Merge Heap Roots: 0.16ms
[452.130s][info][gc,phases      ] GC(1028)   Evacuate Collection Set: 6.60ms
[452.130s][info][gc,phases      ] GC(1028)   Post Evacuate Collection Set: 0.75ms
[452.130s][info][gc,phases      ] GC(1028)   Other: 0.21ms
[452.130s][info][gc,heap        ] GC(1028) Eden regions: 260->0(256)
[452.130s][info][gc,heap        ] GC(1028) Survivor regions: 1->3(33)
[452.130s][info][gc,heap        ] GC(1028) Old regions: 659->659
[452.130s][info][gc,heap        ] GC(1028) Humongous regions: 7->7
[452.130s][info][gc,metaspace   ] GC(1028) Metaspace: 18903K(19072K)->18903K(19072K) NonClass: 17073K(17216K)->17073K(17216K) Class: 1829K(1856K)->1829K(1856K)
[452.130s][info][gc             ] GC(1028) Pause Young (Prepare Mixed) (G1 Evacuation Pause) 926M->668M(978M) 8.445ms
[452.130s][info][gc,cpu         ] GC(1028) User=0.02s Sys=0.00s Real=0.01s
[452.783s][info][gc,start       ] GC(1029) Pause Young (Mixed) (G1 Evacuation Pause)
[452.783s][info][gc,task        ] GC(1029) Using 2 workers of 2 for evacuation
[452.818s][info][gc,phases      ] GC(1029)   Pre Evacuate Collection Set: 0.46ms
[452.818s][info][gc,phases      ] GC(1029)   Merge Heap Roots: 0.22ms
[452.818s][info][gc,phases      ] GC(1029)   Evacuate Collection Set: 33.92ms
[452.818s][info][gc,phases      ] GC(1029)   Post Evacuate Collection Set: 0.59ms
[452.818s][info][gc,phases      ] GC(1029)   Other: 0.11ms
[452.818s][info][gc,heap        ] GC(1029) Eden regions: 256->0(232)
[452.818s][info][gc,heap        ] GC(1029) Survivor regions: 3->23(33)
[452.818s][info][gc,heap        ] GC(1029) Old regions: 659->643
[452.818s][info][gc,heap        ] GC(1029) Humongous regions: 7->7
[452.818s][info][gc,metaspace   ] GC(1029) Metaspace: 18905K(19072K)->18905K(19072K) NonClass: 17076K(17216K)->17076K(17216K) Class: 1829K(1856K)->1829K(1856K)
[452.818s][info][gc             ] GC(1029) Pause Young (Mixed) (G1 Evacuation Pause) 924M->672M(978M) 35.609ms
[452.819s][info][gc,cpu         ] GC(1029) User=0.07s Sys=0.00s Real=0.03s
[453.054s][info][gc,start       ] GC(1030) Pause Young (Concurrent Start) (G1 Evacuation Pause)
[453.055s][info][gc,task        ] GC(1030) Using 2 workers of 2 for evacuation
[453.166s][info][gc,phases      ] GC(1030)   Pre Evacuate Collection Set: 0.34ms
[453.166s][info][gc,phases      ] GC(1030)   Merge Heap Roots: 0.13ms
[453.166s][info][gc,phases      ] GC(1030)   Evacuate Collection Set: 100.91ms
[453.166s][info][gc,phases      ] GC(1030)   Post Evacuate Collection Set: 10.18ms
[453.166s][info][gc,phases      ] GC(1030)   Other: 0.14ms
[453.166s][info][gc,heap        ] GC(1030) Eden regions: 232->0(51)
[453.166s][info][gc,heap        ] GC(1030) Survivor regions: 23->32(32)
[453.166s][info][gc,heap        ] GC(1030) Old regions: 643->806
[453.166s][info][gc,heap        ] GC(1030) Humongous regions: 7->7
[453.166s][info][gc,metaspace   ] GC(1030) Metaspace: 18912K(19072K)->18912K(19072K) NonClass: 17083K(17216K)->17083K(17216K) Class: 1829K(1856K)->1829K(1856K)
[453.166s][info][gc             ] GC(1030) Pause Young (Concurrent Start) (G1 Evacuation Pause) (Evacuation Failure: Allocation) 904M->844M(978M) 112.003ms
[453.166s][info][gc             ] GC(1031) Concurrent Mark Cycle
[453.167s][info][gc,marking     ] GC(1031) Concurrent Scan Root Regions
[453.169s][info][gc,cpu         ] GC(1030) User=0.22s Sys=0.00s Real=0.11s
[453.288s][info][gc,start       ] GC(1032) Pause Young (Normal) (G1 Evacuation Pause)
[453.289s][info][gc,task        ] GC(1032) Using 2 workers of 2 for evacuation
[453.293s][info][gc,marking     ] GC(1031) Concurrent Scan Root Regions 126.343ms
[453.293s][info][gc,marking     ] GC(1031) Concurrent Mark
[453.293s][info][gc,marking     ] GC(1031) Concurrent Mark From Roots
[453.293s][info][gc,task        ] GC(1031) Using 1 workers of 1 for marking
[453.370s][info][gc,phases      ] GC(1032)   Pre Evacuate Collection Set: 0.42ms
[453.370s][info][gc,phases      ] GC(1032)   Merge Heap Roots: 0.33ms
[453.370s][info][gc,phases      ] GC(1032)   Evacuate Collection Set: 75.67ms
[453.370s][info][gc,phases      ] GC(1032)   Post Evacuate Collection Set: 0.57ms
[453.370s][info][gc,phases      ] GC(1032)   Other: 0.12ms
[453.370s][info][gc,heap        ] GC(1032) Eden regions: 51->0(149)
[453.370s][info][gc,heap        ] GC(1032) Survivor regions: 32->11(11)
[453.370s][info][gc,heap        ] GC(1032) Old regions: 806->750
[453.370s][info][gc,heap        ] GC(1032) Humongous regions: 7->7
[453.370s][info][gc,metaspace   ] GC(1032) Metaspace: 18912K(19072K)->18912K(19072K) NonClass: 17083K(17216K)->17083K(17216K) Class: 1829K(1856K)->1829K(1856K)
[453.370s][info][gc             ] GC(1032) Pause Young (Normal) (G1 Evacuation Pause) 895M->767M(978M) 81.818ms
[453.370s][info][gc,cpu         ] GC(1032) User=0.15s Sys=0.00s Real=0.08s
[453.815s][info][gc,start       ] GC(1033) Pause Young (Normal) (G1 Evacuation Pause)
[453.815s][info][gc,task        ] GC(1033) Using 2 workers of 2 for evacuation
[453.902s][info][gc,phases      ] GC(1033)   Pre Evacuate Collection Set: 0.55ms
[453.902s][info][gc,phases      ] GC(1033)   Merge Heap Roots: 0.40ms
[453.902s][info][gc,phases      ] GC(1033)   Evacuate Collection Set: 82.81ms
[453.902s][info][gc,phases      ] GC(1033)   Post Evacuate Collection Set: 3.62ms
[453.902s][info][gc,phases      ] GC(1033)   Other: 0.08ms
[453.902s][info][gc,heap        ] GC(1033) Eden regions: 149->0(56)
[453.902s][info][gc,heap        ] GC(1033) Survivor regions: 11->20(20)
[453.902s][info][gc,heap        ] GC(1033) Old regions: 750->825
[453.902s][info][gc,heap        ] GC(1033) Humongous regions: 7->7
[453.902s][info][gc,metaspace   ] GC(1033) Metaspace: 18912K(19072K)->18912K(19072K) NonClass: 17083K(17216K)->17083K(17216K) Class: 1829K(1856K)->1829K(1856K)
[453.902s][info][gc             ] GC(1033) Pause Young (Normal) (G1 Evacuation Pause) (Evacuation Failure: Allocation) 916M->851M(978M) 87.735ms
[453.902s][info][gc,cpu         ] GC(1033) User=0.17s Sys=0.00s Real=0.08s
[454.090s][info][gc,start       ] GC(1034) Pause Young (Normal) (G1 Evacuation Pause)
[454.090s][info][gc,task        ] GC(1034) Using 2 workers of 2 for evacuation
[454.168s][info][gc,phases      ] GC(1034)   Pre Evacuate Collection Set: 0.58ms
[454.168s][info][gc,phases      ] GC(1034)   Merge Heap Roots: 1.22ms
[454.168s][info][gc,phases      ] GC(1034)   Evacuate Collection Set: 75.04ms
[454.168s][info][gc,phases      ] GC(1034)   Post Evacuate Collection Set: 0.79ms
[454.168s][info][gc,phases      ] GC(1034)   Other: 0.08ms
[454.168s][info][gc,heap        ] GC(1034) Eden regions: 56->0(81)
[454.168s][info][gc,heap        ] GC(1034) Survivor regions: 20->10(10)
[454.168s][info][gc,heap        ] GC(1034) Old regions: 825->819
[454.168s][info][gc,heap        ] GC(1034) Humongous regions: 8->8
[454.168s][info][gc,metaspace   ] GC(1034) Metaspace: 18919K(19072K)->18919K(19072K) NonClass: 17090K(17216K)->17090K(17216K) Class: 1829K(1856K)->1829K(1856K)
[454.168s][info][gc             ] GC(1034) Pause Young (Normal) (G1 Evacuation Pause) 908M->836M(978M) 77.988ms
[454.168s][info][gc,cpu         ] GC(1034) User=0.15s Sys=0.00s Real=0.08s
[454.383s][info][gc,start       ] GC(1035) Pause Young (Normal) (G1 Evacuation Pause)
[454.383s][info][gc,task        ] GC(1035) Using 2 workers of 2 for evacuation
[454.440s][info][gc,phases      ] GC(1035)   Pre Evacuate Collection Set: 0.55ms
[454.440s][info][gc,phases      ] GC(1035)   Merge Heap Roots: 0.73ms
[454.440s][info][gc,phases      ] GC(1035)   Evacuate Collection Set: 54.49ms
[454.440s][info][gc,phases      ] GC(1035)   Post Evacuate Collection Set: 0.40ms
[454.440s][info][gc,phases      ] GC(1035)   Other: 0.08ms
[454.440s][info][gc,heap        ] GC(1035) Eden regions: 81->0(66)
[454.440s][info][gc,heap        ] GC(1035) Survivor regions: 10->12(12)
[454.440s][info][gc,heap        ] GC(1035) Old regions: 819->829
[454.440s][info][gc,heap        ] GC(1035) Humongous regions: 9->9
[454.440s][info][gc,metaspace   ] GC(1035) Metaspace: 18921K(19072K)->18921K(19072K) NonClass: 17092K(17216K)->17092K(17216K) Class: 1829K(1856K)->1829K(1856K)
[454.440s][info][gc             ] GC(1035) Pause Young (Normal) (G1 Evacuation Pause) 918M->849M(978M) 56.552ms
[454.440s][info][gc,cpu         ] GC(1035) User=0.11s Sys=0.00s Real=0.05s
[454.555s][info][gc,start       ] GC(1036) Pause Young (Normal) (G1 Evacuation Pause)
[454.555s][info][gc,task        ] GC(1036) Using 2 workers of 2 for evacuation
[454.601s][info][gc,phases      ] GC(1036)   Pre Evacuate Collection Set: 0.33ms
[454.601s][info][gc,phases      ] GC(1036)   Merge Heap Roots: 0.35ms
[454.601s][info][gc,phases      ] GC(1036)   Evacuate Collection Set: 45.22ms
[454.601s][info][gc,phases      ] GC(1036)   Post Evacuate Collection Set: 0.41ms
[454.601s][info][gc,phases      ] GC(1036)   Other: 0.08ms
[454.601s][info][gc,heap        ] GC(1036) Eden regions: 66->0(53)
[454.601s][info][gc,heap        ] GC(1036) Survivor regions: 12->10(10)
[454.601s][info][gc,heap        ] GC(1036) Old regions: 829->844
[454.601s][info][gc,heap        ] GC(1036) Humongous regions: 11->11
[454.601s][info][gc,metaspace   ] GC(1036) Metaspace: 18921K(19072K)->18921K(19072K) NonClass: 17092K(17216K)->17092K(17216K) Class: 1829K(1856K)->1829K(1856K)
[454.601s][info][gc             ] GC(1036) Pause Young (Normal) (G1 Evacuation Pause) 917M->864M(978M) 46.657ms
[454.601s][info][gc,cpu         ] GC(1036) User=0.09s Sys=0.00s Real=0.04s
[454.682s][info][gc,start       ] GC(1037) Pause Young (Normal) (G1 Evacuation Pause)
[454.682s][info][gc,task        ] GC(1037) Using 2 workers of 2 for evacuation
[454.711s][info][gc,phases      ] GC(1037)   Pre Evacuate Collection Set: 0.57ms
[454.711s][info][gc,phases      ] GC(1037)   Merge Heap Roots: 0.26ms
[454.711s][info][gc,phases      ] GC(1037)   Evacuate Collection Set: 27.40ms
[454.711s][info][gc,phases      ] GC(1037)   Post Evacuate Collection Set: 0.37ms
[454.711s][info][gc,phases      ] GC(1037)   Other: 0.08ms
[454.711s][info][gc,heap        ] GC(1037) Eden regions: 53->0(51)
[454.711s][info][gc,heap        ] GC(1037) Survivor regions: 10->6(8)
[454.711s][info][gc,heap        ] GC(1037) Old regions: 844->854
[454.711s][info][gc,heap        ] GC(1037) Humongous regions: 11->11
[454.711s][info][gc,metaspace   ] GC(1037) Metaspace: 18921K(19072K)->18921K(19072K) NonClass: 17092K(17216K)->17092K(17216K) Class: 1829K(1856K)->1829K(1856K)
[454.711s][info][gc             ] GC(1037) Pause Young (Normal) (G1 Evacuation Pause) 917M->870M(978M) 28.930ms
[454.711s][info][gc,cpu         ] GC(1037) User=0.06s Sys=0.00s Real=0.03s
[454.791s][info][gc,start       ] GC(1038) Pause Young (Normal) (G1 Evacuation Pause)
[454.791s][info][gc,task        ] GC(1038) Using 2 workers of 2 for evacuation
[454.809s][info][gc,phases      ] GC(1038)   Pre Evacuate Collection Set: 0.32ms
[454.809s][info][gc,phases      ] GC(1038)   Merge Heap Roots: 0.14ms
[454.809s][info][gc,phases      ] GC(1038)   Evacuate Collection Set: 16.91ms
[454.809s][info][gc,phases      ] GC(1038)   Post Evacuate Collection Set: 0.36ms
[454.809s][info][gc,phases      ] GC(1038)   Other: 0.10ms
[454.809s][info][gc,heap        ] GC(1038) Eden regions: 51->0(41)
[454.809s][info][gc,heap        ] GC(1038) Survivor regions: 6->8(8)
[454.809s][info][gc,heap        ] GC(1038) Old regions: 854->860
[454.809s][info][gc,heap        ] GC(1038) Humongous regions: 11->11
[454.809s][info][gc,metaspace   ] GC(1038) Metaspace: 18921K(19072K)->18921K(19072K) NonClass: 17092K(17216K)->17092K(17216K) Class: 1829K(1856K)->1829K(1856K)
[454.809s][info][gc             ] GC(1038) Pause Young (Normal) (G1 Evacuation Pause) 921M->878M(978M) 18.058ms
[454.809s][info][gc,cpu         ] GC(1038) User=0.04s Sys=0.00s Real=0.02s
[454.929s][info][gc,start       ] GC(1039) Pause Young (Normal) (G1 Evacuation Pause)
[454.929s][info][gc,task        ] GC(1039) Using 2 workers of 2 for evacuation
[454.940s][info][gc,phases      ] GC(1039)   Pre Evacuate Collection Set: 0.36ms
[454.940s][info][gc,phases      ] GC(1039)   Merge Heap Roots: 0.08ms
[454.940s][info][gc,phases      ] GC(1039)   Evacuate Collection Set: 9.57ms
[454.940s][info][gc,phases      ] GC(1039)   Post Evacuate Collection Set: 0.32ms
[454.940s][info][gc,phases      ] GC(1039)   Other: 0.09ms
[454.940s][info][gc,heap        ] GC(1039) Eden regions: 41->0(47)
[454.940s][info][gc,heap        ] GC(1039) Survivor regions: 8->1(7)
[454.940s][info][gc,heap        ] GC(1039) Old regions: 860->868
[454.940s][info][gc,heap        ] GC(1039) Humongous regions: 11->11
[454.940s][info][gc,metaspace   ] GC(1039) Metaspace: 18921K(19072K)->18921K(19072K) NonClass: 17092K(17216K)->17092K(17216K) Class: 1829K(1856K)->1829K(1856K)
[454.940s][info][gc             ] GC(1039) Pause Young (Normal) (G1 Evacuation Pause) 919M->879M(978M) 10.674ms
[454.940s][info][gc,cpu         ] GC(1039) User=0.02s Sys=0.01s Real=0.01s
[455.049s][info][gc,start       ] GC(1040) Pause Young (Normal) (G1 Evacuation Pause)
[455.049s][info][gc,task        ] GC(1040) Using 2 workers of 2 for evacuation
[455.052s][info][gc,phases      ] GC(1040)   Pre Evacuate Collection Set: 0.55ms
[455.052s][info][gc,phases      ] GC(1040)   Merge Heap Roots: 0.07ms
[455.052s][info][gc,phases      ] GC(1040)   Evacuate Collection Set: 2.57ms
[455.052s][info][gc,phases      ] GC(1040)   Post Evacuate Collection Set: 0.31ms
[455.052s][info][gc,phases      ] GC(1040)   Other: 0.09ms
[455.053s][info][gc,heap        ] GC(1040) Eden regions: 47->0(46)
[455.053s][info][gc,heap        ] GC(1040) Survivor regions: 1->2(6)
[455.053s][info][gc,heap        ] GC(1040) Old regions: 868->868
[455.053s][info][gc,heap        ] GC(1040) Humongous regions: 11->11
[455.053s][info][gc,metaspace   ] GC(1040) Metaspace: 18921K(19072K)->18921K(19072K) NonClass: 17092K(17216K)->17092K(17216K) Class: 1829K(1856K)->1829K(1856K)
[455.053s][info][gc             ] GC(1040) Pause Young (Normal) (G1 Evacuation Pause) 926M->880M(978M) 3.875ms
[455.053s][info][gc,cpu         ] GC(1040) User=0.01s Sys=0.00s Real=0.01s
[455.148s][info][gc,start       ] GC(1041) Pause Young (Normal) (G1 Evacuation Pause)
[455.148s][info][gc,task        ] GC(1041) Using 2 workers of 2 for evacuation
[455.155s][info][gc,phases      ] GC(1041)   Pre Evacuate Collection Set: 0.30ms
[455.155s][info][gc,phases      ] GC(1041)   Merge Heap Roots: 0.09ms
[455.155s][info][gc,phases      ] GC(1041)   Evacuate Collection Set: 6.66ms
[455.155s][info][gc,phases      ] GC(1041)   Post Evacuate Collection Set: 0.29ms
[455.155s][info][gc,phases      ] GC(1041)   Other: 0.08ms
[455.155s][info][gc,heap        ] GC(1041) Eden regions: 46->0(43)
[455.155s][info][gc,heap        ] GC(1041) Survivor regions: 2->5(6)
[455.155s][info][gc,heap        ] GC(1041) Old regions: 868->868
[455.155s][info][gc,heap        ] GC(1041) Humongous regions: 11->11
[455.155s][info][gc,metaspace   ] GC(1041) Metaspace: 18921K(19072K)->18921K(19072K) NonClass: 17092K(17216K)->17092K(17216K) Class: 1829K(1856K)->1829K(1856K)
[455.155s][info][gc             ] GC(1041) Pause Young (Normal) (G1 Evacuation Pause) 926M->882M(978M) 7.751ms
[455.155s][info][gc,cpu         ] GC(1041) User=0.02s Sys=0.00s Real=0.01s
[455.228s][info][gc,start       ] GC(1042) Pause Young (Normal) (G1 Evacuation Pause)
[455.229s][info][gc,task        ] GC(1042) Using 2 workers of 2 for evacuation
[455.242s][info][gc,phases      ] GC(1042)   Pre Evacuate Collection Set: 0.34ms
[455.242s][info][gc,phases      ] GC(1042)   Merge Heap Roots: 0.10ms
[455.242s][info][gc,phases      ] GC(1042)   Evacuate Collection Set: 12.35ms
[455.242s][info][gc,phases      ] GC(1042)   Post Evacuate Collection Set: 0.31ms
[455.242s][info][gc,phases      ] GC(1042)   Other: 0.09ms
[455.242s][info][gc,heap        ] GC(1042) Eden regions: 43->0(42)
[455.242s][info][gc,heap        ] GC(1042) Survivor regions: 5->6(6)
[455.242s][info][gc,heap        ] GC(1042) Old regions: 868->871
[455.242s][info][gc,heap        ] GC(1042) Humongous regions: 11->11
[455.242s][info][gc,metaspace   ] GC(1042) Metaspace: 18921K(19072K)->18921K(19072K) NonClass: 17092K(17216K)->17092K(17216K) Class: 1829K(1856K)->1829K(1856K)
[455.242s][info][gc             ] GC(1042) Pause Young (Normal) (G1 Evacuation Pause) 925M->887M(978M) 13.496ms
[455.242s][info][gc,cpu         ] GC(1042) User=0.03s Sys=0.00s Real=0.01s
[455.270s][info][gc,marking     ] GC(1031) Concurrent Mark From Roots 1977.312ms
[455.270s][info][gc,marking     ] GC(1031) Concurrent Preclean
[455.270s][info][gc,marking     ] GC(1031) Concurrent Preclean 0.054ms
[455.271s][info][gc,start       ] GC(1031) Pause Remark
[455.279s][info][gc             ] GC(1031) Pause Remark 906M->817M(978M) 8.705ms
[455.279s][info][gc,cpu         ] GC(1031) User=0.02s Sys=0.00s Real=0.01s
[455.280s][info][gc,marking     ] GC(1031) Concurrent Mark 1986.577ms
[455.280s][info][gc,marking     ] GC(1031) Concurrent Rebuild Remembered Sets and Scrub Regions
[455.333s][info][gc,start       ] GC(1043) Pause Young (Normal) (G1 Evacuation Pause)
[455.333s][info][gc,task        ] GC(1043) Using 2 workers of 2 for evacuation
[455.346s][info][gc,phases      ] GC(1043)   Pre Evacuate Collection Set: 0.32ms
[455.346s][info][gc,phases      ] GC(1043)   Merge Heap Roots: 0.10ms
[455.346s][info][gc,phases      ] GC(1043)   Evacuate Collection Set: 11.65ms
[455.346s][info][gc,phases      ] GC(1043)   Post Evacuate Collection Set: 0.29ms
[455.346s][info][gc,phases      ] GC(1043)   Other: 0.08ms
[455.346s][info][gc,heap        ] GC(1043) Eden regions: 42->0(121)
[455.346s][info][gc,heap        ] GC(1043) Survivor regions: 6->4(6)
[455.346s][info][gc,heap        ] GC(1043) Old regions: 784->790
[455.346s][info][gc,heap        ] GC(1043) Humongous regions: 9->9
[455.346s][info][gc,metaspace   ] GC(1043) Metaspace: 18928K(19072K)->18928K(19072K) NonClass: 17099K(17216K)->17099K(17216K) Class: 1829K(1856K)->1829K(1856K)
[455.346s][info][gc             ] GC(1043) Pause Young (Normal) (G1 Evacuation Pause) 840M->802M(978M) 12.687ms
[455.346s][info][gc,cpu         ] GC(1043) User=0.03s Sys=0.00s Real=0.01s
[455.572s][info][gc,start       ] GC(1044) Pause Young (Normal) (G1 Evacuation Pause)
[455.572s][info][gc,task        ] GC(1044) Using 2 workers of 2 for evacuation
[455.579s][info][gc,phases      ] GC(1044)   Pre Evacuate Collection Set: 0.55ms
[455.579s][info][gc,phases      ] GC(1044)   Merge Heap Roots: 0.15ms
[455.579s][info][gc,phases      ] GC(1044)   Evacuate Collection Set: 6.10ms
[455.579s][info][gc,phases      ] GC(1044)   Post Evacuate Collection Set: 0.36ms
[455.579s][info][gc,phases      ] GC(1044)   Other: 0.09ms
[455.579s][info][gc,heap        ] GC(1044) Eden regions: 121->0(121)
[455.579s][info][gc,heap        ] GC(1044) Survivor regions: 4->4(16)
[455.579s][info][gc,heap        ] GC(1044) Old regions: 790->790
[455.579s][info][gc,heap        ] GC(1044) Humongous regions: 9->9
[455.579s][info][gc,metaspace   ] GC(1044) Metaspace: 18928K(19072K)->18928K(19072K) NonClass: 17099K(17216K)->17099K(17216K) Class: 1829K(1856K)->1829K(1856K)
[455.579s][info][gc             ] GC(1044) Pause Young (Normal) (G1 Evacuation Pause) 923M->802M(978M) 7.523ms
[455.579s][info][gc,cpu         ] GC(1044) User=0.02s Sys=0.00s Real=0.01s
[455.778s][info][gc,start       ] GC(1045) Pause Young (Normal) (G1 Evacuation Pause)
[455.778s][info][gc,task        ] GC(1045) Using 2 workers of 2 for evacuation
[455.785s][info][gc,phases      ] GC(1045)   Pre Evacuate Collection Set: 0.52ms
[455.785s][info][gc,phases      ] GC(1045)   Merge Heap Roots: 0.14ms
[455.785s][info][gc,phases      ] GC(1045)   Evacuate Collection Set: 6.15ms
[455.785s][info][gc,phases      ] GC(1045)   Post Evacuate Collection Set: 0.40ms
[455.785s][info][gc,phases      ] GC(1045)   Other: 0.11ms
[455.785s][info][gc,heap        ] GC(1045) Eden regions: 121->0(121)
[455.785s][info][gc,heap        ] GC(1045) Survivor regions: 4->4(16)
[455.785s][info][gc,heap        ] GC(1045) Old regions: 790->790
[455.785s][info][gc,heap        ] GC(1045) Humongous regions: 9->9
[455.785s][info][gc,metaspace   ] GC(1045) Metaspace: 18928K(19072K)->18928K(19072K) NonClass: 17099K(17216K)->17099K(17216K) Class: 1829K(1856K)->1829K(1856K)
[455.785s][info][gc             ] GC(1045) Pause Young (Normal) (G1 Evacuation Pause) 923M->802M(978M) 7.596ms
[455.785s][info][gc,cpu         ] GC(1045) User=0.01s Sys=0.00s Real=0.01s
[455.951s][info][gc,start       ] GC(1046) Pause Young (Normal) (G1 Evacuation Pause)
[455.951s][info][gc,task        ] GC(1046) Using 2 workers of 2 for evacuation
[455.992s][info][gc,phases      ] GC(1046)   Pre Evacuate Collection Set: 0.33ms
[455.992s][info][gc,phases      ] GC(1046)   Merge Heap Roots: 0.34ms
[455.992s][info][gc,phases      ] GC(1046)   Evacuate Collection Set: 39.33ms
[455.992s][info][gc,phases      ] GC(1046)   Post Evacuate Collection Set: 0.53ms
[455.992s][info][gc,phases      ] GC(1046)   Other: 0.11ms
[455.992s][info][gc,heap        ] GC(1046) Eden regions: 121->0(81)
[455.992s][info][gc,heap        ] GC(1046) Survivor regions: 4->16(16)
[455.992s][info][gc,heap        ] GC(1046) Old regions: 790->806
[455.992s][info][gc,heap        ] GC(1046) Humongous regions: 9->9
[455.992s][info][gc,metaspace   ] GC(1046) Metaspace: 18928K(19072K)->18928K(19072K) NonClass: 17099K(17216K)->17099K(17216K) Class: 1829K(1856K)->1829K(1856K)
[455.992s][info][gc             ] GC(1046) Pause Young (Normal) (G1 Evacuation Pause) 923M->830M(978M) 40.876ms
[455.992s][info][gc,cpu         ] GC(1046) User=0.08s Sys=0.00s Real=0.04s
[456.054s][info][gc,start       ] GC(1047) Pause Young (Normal) (G1 Evacuation Pause)
[456.054s][info][gc,task        ] GC(1047) Using 2 workers of 2 for evacuation
[456.102s][info][gc,phases      ] GC(1047)   Pre Evacuate Collection Set: 0.54ms
[456.102s][info][gc,phases      ] GC(1047)   Merge Heap Roots: 0.20ms
[456.102s][info][gc,phases      ] GC(1047)   Evacuate Collection Set: 46.53ms
[456.102s][info][gc,phases      ] GC(1047)   Post Evacuate Collection Set: 0.49ms
[456.102s][info][gc,phases      ] GC(1047)   Other: 0.09ms
[456.102s][info][gc,heap        ] GC(1047) Eden regions: 81->0(59)
[456.102s][info][gc,heap        ] GC(1047) Survivor regions: 16->13(13)
[456.102s][info][gc,heap        ] GC(1047) Old regions: 806->834
[456.102s][info][gc,heap        ] GC(1047) Humongous regions: 9->9
[456.102s][info][gc,metaspace   ] GC(1047) Metaspace: 18928K(19072K)->18928K(19072K) NonClass: 17099K(17216K)->17099K(17216K) Class: 1829K(1856K)->1829K(1856K)
[456.102s][info][gc             ] GC(1047) Pause Young (Normal) (G1 Evacuation Pause) 911M->855M(978M) 48.129ms
[456.102s][info][gc,cpu         ] GC(1047) User=0.10s Sys=0.00s Real=0.04s
[456.178s][info][gc,start       ] GC(1048) Pause Young (Normal) (G1 Evacuation Pause)
[456.178s][info][gc,task        ] GC(1048) Using 2 workers of 2 for evacuation
[456.205s][info][gc,phases      ] GC(1048)   Pre Evacuate Collection Set: 0.56ms
[456.205s][info][gc,phases      ] GC(1048)   Merge Heap Roots: 0.26ms
[456.205s][info][gc,phases      ] GC(1048)   Evacuate Collection Set: 25.41ms
[456.205s][info][gc,phases      ] GC(1048)   Post Evacuate Collection Set: 0.38ms
[456.205s][info][gc,phases      ] GC(1048)   Other: 0.12ms
[456.205s][info][gc,heap        ] GC(1048) Eden regions: 59->0(53)
[456.205s][info][gc,heap        ] GC(1048) Survivor regions: 13->9(9)
[456.205s][info][gc,heap        ] GC(1048) Old regions: 834->848
[456.205s][info][gc,heap        ] GC(1048) Humongous regions: 9->9
[456.205s][info][gc,metaspace   ] GC(1048) Metaspace: 18928K(19072K)->18928K(19072K) NonClass: 17099K(17216K)->17099K(17216K) Class: 1829K(1856K)->1829K(1856K)
[456.205s][info][gc             ] GC(1048) Pause Young (Normal) (G1 Evacuation Pause) 914M->865M(978M) 27.020ms
[456.205s][info][gc,cpu         ] GC(1048) User=0.05s Sys=0.00s Real=0.03s
[456.226s][info][gc,marking     ] GC(1031) Concurrent Rebuild Remembered Sets and Scrub Regions 946.928ms
[456.227s][info][gc,start       ] GC(1031) Pause Cleanup
[456.227s][info][gc             ] GC(1031) Pause Cleanup 873M->873M(978M) 0.208ms
[456.227s][info][gc,cpu         ] GC(1031) User=0.00s Sys=0.00s Real=0.00s
[456.227s][info][gc,marking     ] GC(1031) Concurrent Clear Claimed Marks
[456.227s][info][gc,marking     ] GC(1031) Concurrent Clear Claimed Marks 0.041ms
[456.227s][info][gc,marking     ] GC(1031) Concurrent Cleanup for Next Mark
[456.232s][info][gc,marking     ] GC(1031) Concurrent Cleanup for Next Mark 5.044ms
[456.232s][info][gc             ] GC(1031) Concurrent Mark Cycle 3065.653ms
[456.283s][info][gc,start       ] GC(1049) Pause Young (Prepare Mixed) (G1 Evacuation Pause)
[456.283s][info][gc,task        ] GC(1049) Using 2 workers of 2 for evacuation
[456.316s][info][gc,phases      ] GC(1049)   Pre Evacuate Collection Set: 0.56ms
[456.316s][info][gc,phases      ] GC(1049)   Merge Heap Roots: 0.36ms
[456.316s][info][gc,phases      ] GC(1049)   Evacuate Collection Set: 31.71ms
[456.316s][info][gc,phases      ] GC(1049)   Post Evacuate Collection Set: 0.57ms
[456.316s][info][gc,phases      ] GC(1049)   Other: 0.10ms
[456.316s][info][gc,heap        ] GC(1049) Eden regions: 53->0(45)
[456.316s][info][gc,heap        ] GC(1049) Survivor regions: 9->8(8)
[456.316s][info][gc,heap        ] GC(1049) Old regions: 848->857
[456.316s][info][gc,heap        ] GC(1049) Humongous regions: 10->10
[456.316s][info][gc,metaspace   ] GC(1049) Metaspace: 18928K(19072K)->18928K(19072K) NonClass: 17099K(17216K)->17099K(17216K) Class: 1829K(1856K)->1829K(1856K)
[456.316s][info][gc             ] GC(1049) Pause Young (Prepare Mixed) (G1 Evacuation Pause) 919M->874M(978M) 33.549ms
[456.316s][info][gc,cpu         ] GC(1049) User=0.06s Sys=0.00s Real=0.03s
[456.353s][info][gc,start       ] GC(1050) Pause Young (Mixed) (G1 Evacuation Pause)
[456.353s][info][gc,task        ] GC(1050) Using 2 workers of 2 for evacuation
[456.474s][info][gc,phases      ] GC(1050)   Pre Evacuate Collection Set: 0.37ms
[456.474s][info][gc,phases      ] GC(1050)   Merge Heap Roots: 0.84ms
[456.474s][info][gc,phases      ] GC(1050)   Evacuate Collection Set: 54.26ms
[456.474s][info][gc,phases      ] GC(1050)   Merge Optional Heap Roots: 1.73ms
[456.474s][info][gc,phases      ] GC(1050)   Evacuate Optional Collection Set: 62.99ms
[456.474s][info][gc,phases      ] GC(1050)   Post Evacuate Collection Set: 0.98ms
[456.474s][info][gc,phases      ] GC(1050)   Other: 0.04ms
[456.474s][info][gc,heap        ] GC(1050) Eden regions: 45->0(82)
[456.474s][info][gc,heap        ] GC(1050) Survivor regions: 8->5(7)
[456.474s][info][gc,heap        ] GC(1050) Old regions: 857->826
[456.474s][info][gc,heap        ] GC(1050) Humongous regions: 10->10
[456.474s][info][gc,metaspace   ] GC(1050) Metaspace: 18928K(19072K)->18928K(19072K) NonClass: 17099K(17216K)->17099K(17216K) Class: 1829K(1856K)->1829K(1856K)
[456.474s][info][gc             ] GC(1050) Pause Young (Mixed) (G1 Evacuation Pause) 919M->840M(978M) 121.534ms
[456.475s][info][gc,cpu         ] GC(1050) User=0.24s Sys=0.00s Real=0.12s
[456.549s][info][gc,start       ] GC(1051) Pause Young (Concurrent Start) (G1 Evacuation Pause)
[456.549s][info][gc,task        ] GC(1051) Using 2 workers of 2 for evacuation
[456.571s][info][gc,phases      ] GC(1051)   Pre Evacuate Collection Set: 0.38ms
[456.572s][info][gc,phases      ] GC(1051)   Merge Heap Roots: 0.36ms
[456.572s][info][gc,phases      ] GC(1051)   Evacuate Collection Set: 20.59ms
[456.572s][info][gc,phases      ] GC(1051)   Post Evacuate Collection Set: 0.39ms
[456.572s][info][gc,phases      ] GC(1051)   Other: 0.25ms
[456.572s][info][gc,heap        ] GC(1051) Eden regions: 82->0(76)
[456.572s][info][gc,heap        ] GC(1051) Survivor regions: 5->8(11)
[456.572s][info][gc,heap        ] GC(1051) Old regions: 826->826
[456.572s][info][gc,heap        ] GC(1051) Humongous regions: 10->10
[456.572s][info][gc,metaspace   ] GC(1051) Metaspace: 18928K(19072K)->18928K(19072K) NonClass: 17099K(17216K)->17099K(17216K) Class: 1829K(1856K)->1829K(1856K)
[456.572s][info][gc             ] GC(1051) Pause Young (Concurrent Start) (G1 Evacuation Pause) 922M->843M(978M) 22.282ms
[456.572s][info][gc             ] GC(1052) Concurrent Mark Cycle
[456.572s][info][gc,marking     ] GC(1052) Concurrent Scan Root Regions
[456.573s][info][gc,cpu         ] GC(1051) User=0.04s Sys=0.00s Real=0.03s
[456.587s][info][gc,marking     ] GC(1052) Concurrent Scan Root Regions 15.569ms
[456.587s][info][gc,marking     ] GC(1052) Concurrent Mark
[456.587s][info][gc,marking     ] GC(1052) Concurrent Mark From Roots
[456.587s][info][gc,task        ] GC(1052) Using 1 workers of 1 for marking
[456.650s][info][gc,start       ] GC(1053) Pause Young (Normal) (G1 Evacuation Pause)
[456.650s][info][gc,task        ] GC(1053) Using 2 workers of 2 for evacuation
[456.662s][info][gc,phases      ] GC(1053)   Pre Evacuate Collection Set: 0.32ms
[456.662s][info][gc,phases      ] GC(1053)   Merge Heap Roots: 0.08ms
[456.662s][info][gc,phases      ] GC(1053)   Evacuate Collection Set: 11.84ms
[456.662s][info][gc,phases      ] GC(1053)   Post Evacuate Collection Set: 0.31ms
[456.662s][info][gc,phases      ] GC(1053)   Other: 0.11ms
[456.662s][info][gc,heap        ] GC(1053) Eden regions: 76->0(73)
[456.662s][info][gc,heap        ] GC(1053) Survivor regions: 8->7(11)
[456.662s][info][gc,heap        ] GC(1053) Old regions: 826->831
[456.662s][info][gc,heap        ] GC(1053) Humongous regions: 10->10
[456.662s][info][gc,metaspace   ] GC(1053) Metaspace: 18928K(19072K)->18928K(19072K) NonClass: 17099K(17216K)->17099K(17216K) Class: 1829K(1856K)->1829K(1856K)
[456.662s][info][gc             ] GC(1053) Pause Young (Normal) (G1 Evacuation Pause) 919M->846M(978M) 12.919ms
[456.662s][info][gc,cpu         ] GC(1053) User=0.03s Sys=0.00s Real=0.01s
[456.729s][info][gc,start       ] GC(1054) Pause Young (Normal) (G1 Evacuation Pause)
[456.729s][info][gc,task        ] GC(1054) Using 2 workers of 2 for evacuation
[456.741s][info][gc,phases      ] GC(1054)   Pre Evacuate Collection Set: 0.55ms
[456.741s][info][gc,phases      ] GC(1054)   Merge Heap Roots: 0.10ms
[456.741s][info][gc,phases      ] GC(1054)   Evacuate Collection Set: 11.05ms
[456.741s][info][gc,phases      ] GC(1054)   Post Evacuate Collection Set: 0.32ms
[456.741s][info][gc,phases      ] GC(1054)   Other: 0.13ms
[456.741s][info][gc,heap        ] GC(1054) Eden regions: 73->0(73)
[456.741s][info][gc,heap        ] GC(1054) Survivor regions: 7->5(10)
[456.741s][info][gc,heap        ] GC(1054) Old regions: 831->835
[456.741s][info][gc,heap        ] GC(1054) Humongous regions: 10->10
[456.741s][info][gc,metaspace   ] GC(1054) Metaspace: 18928K(19072K)->18928K(19072K) NonClass: 17099K(17216K)->17099K(17216K) Class: 1829K(1856K)->1829K(1856K)
[456.741s][info][gc             ] GC(1054) Pause Young (Normal) (G1 Evacuation Pause) 919M->849M(978M) 12.376ms
[456.741s][info][gc,cpu         ] GC(1054) User=0.02s Sys=0.00s Real=0.01s
[456.881s][info][gc,start       ] GC(1055) Pause Young (Normal) (G1 Evacuation Pause)
[456.881s][info][gc,task        ] GC(1055) Using 2 workers of 2 for evacuation
[456.890s][info][gc,phases      ] GC(1055)   Pre Evacuate Collection Set: 0.34ms
[456.890s][info][gc,phases      ] GC(1055)   Merge Heap Roots: 0.11ms
[456.890s][info][gc,phases      ] GC(1055)   Evacuate Collection Set: 8.19ms
[456.890s][info][gc,phases      ] GC(1055)   Post Evacuate Collection Set: 0.35ms
[456.890s][info][gc,phases      ] GC(1055)   Other: 0.11ms
[456.890s][info][gc,heap        ] GC(1055) Eden regions: 73->0(69)
[456.890s][info][gc,heap        ] GC(1055) Survivor regions: 5->7(10)
[456.890s][info][gc,heap        ] GC(1055) Old regions: 835->835
[456.890s][info][gc,heap        ] GC(1055) Humongous regions: 10->10
[456.890s][info][gc,metaspace   ] GC(1055) Metaspace: 18928K(19072K)->18928K(19072K) NonClass: 17099K(17216K)->17099K(17216K) Class: 1829K(1856K)->1829K(1856K)
[456.890s][info][gc             ] GC(1055) Pause Young (Normal) (G1 Evacuation Pause) 922M->850M(978M) 9.351ms
[456.890s][info][gc,cpu         ] GC(1055) User=0.02s Sys=0.00s Real=0.01s
[457.080s][info][gc,start       ] GC(1056) Pause Young (Normal) (G1 Evacuation Pause)
[457.080s][info][gc,task        ] GC(1056) Using 2 workers of 2 for evacuation
[457.091s][info][gc,phases      ] GC(1056)   Pre Evacuate Collection Set: 0.38ms
[457.091s][info][gc,phases      ] GC(1056)   Merge Heap Roots: 0.11ms
[457.091s][info][gc,phases      ] GC(1056)   Evacuate Collection Set: 10.27ms
[457.091s][info][gc,phases      ] GC(1056)   Post Evacuate Collection Set: 0.33ms
[457.091s][info][gc,phases      ] GC(1056)   Other: 0.16ms
[457.091s][info][gc,heap        ] GC(1056) Eden regions: 69->0(72)
[457.091s][info][gc,heap        ] GC(1056) Survivor regions: 7->4(10)
[457.091s][info][gc,heap        ] GC(1056) Old regions: 835->838
[457.091s][info][gc,heap        ] GC(1056) Humongous regions: 10->10
[457.091s][info][gc,metaspace   ] GC(1056) Metaspace: 18928K(19072K)->18928K(19072K) NonClass: 17099K(17216K)->17099K(17216K) Class: 1829K(1856K)->1829K(1856K)
[457.091s][info][gc             ] GC(1056) Pause Young (Normal) (G1 Evacuation Pause) 919M->851M(978M) 11.509ms
[457.092s][info][gc,cpu         ] GC(1056) User=0.02s Sys=0.00s Real=0.01s
[457.434s][info][gc,start       ] GC(1057) Pause Young (Normal) (G1 Evacuation Pause)
[457.434s][info][gc,task        ] GC(1057) Using 2 workers of 2 for evacuation
[457.443s][info][gc,phases      ] GC(1057)   Pre Evacuate Collection Set: 0.56ms
[457.443s][info][gc,phases      ] GC(1057)   Merge Heap Roots: 0.15ms
[457.443s][info][gc,phases      ] GC(1057)   Evacuate Collection Set: 8.17ms
[457.443s][info][gc,phases      ] GC(1057)   Post Evacuate Collection Set: 0.36ms
[457.443s][info][gc,phases      ] GC(1057)   Other: 0.12ms
[457.443s][info][gc,heap        ] GC(1057) Eden regions: 72->0(68)
[457.443s][info][gc,heap        ] GC(1057) Survivor regions: 4->6(10)
[457.443s][info][gc,heap        ] GC(1057) Old regions: 838->838
[457.443s][info][gc,heap        ] GC(1057) Humongous regions: 10->10
[457.443s][info][gc,metaspace   ] GC(1057) Metaspace: 18928K(19072K)->18928K(19072K) NonClass: 17099K(17216K)->17099K(17216K) Class: 1829K(1856K)->1829K(1856K)
[457.443s][info][gc             ] GC(1057) Pause Young (Normal) (G1 Evacuation Pause) 923M->852M(978M) 9.610ms
[457.443s][info][gc,cpu         ] GC(1057) User=0.02s Sys=0.00s Real=0.01s
[457.460s][info][gc,marking     ] GC(1052) Concurrent Mark From Roots 872.283ms
[457.460s][info][gc,marking     ] GC(1052) Concurrent Preclean
[457.460s][info][gc,marking     ] GC(1052) Concurrent Preclean 0.055ms
[457.460s][info][gc,start       ] GC(1052) Pause Remark
[457.469s][info][gc             ] GC(1052) Pause Remark 856M->342M(978M) 9.230ms
[457.469s][info][gc,cpu         ] GC(1052) User=0.02s Sys=0.00s Real=0.01s
[457.469s][info][gc,marking     ] GC(1052) Concurrent Mark 881.862ms
[457.469s][info][gc,marking     ] GC(1052) Concurrent Rebuild Remembered Sets and Scrub Regions
[457.693s][info][gc,start       ] GC(1058) Pause Young (Normal) (G1 Evacuation Pause)
[457.693s][info][gc,task        ] GC(1058) Using 2 workers of 2 for evacuation
[457.703s][info][gc,phases      ] GC(1058)   Pre Evacuate Collection Set: 0.55ms
[457.703s][info][gc,phases      ] GC(1058)   Merge Heap Roots: 0.27ms
[457.703s][info][gc,phases      ] GC(1058)   Evacuate Collection Set: 8.93ms
[457.703s][info][gc,phases      ] GC(1058)   Post Evacuate Collection Set: 0.33ms
[457.703s][info][gc,phases      ] GC(1058)   Other: 0.09ms
[457.703s][info][gc,heap        ] GC(1058) Eden regions: 68->0(483)
[457.703s][info][gc,heap        ] GC(1058) Survivor regions: 6->6(10)
[457.703s][info][gc,heap        ] GC(1058) Old regions: 331->331
[457.703s][info][gc,heap        ] GC(1058) Humongous regions: 3->3
[457.704s][info][gc,metaspace   ] GC(1058) Metaspace: 18929K(19072K)->18929K(19072K) NonClass: 17099K(17216K)->17099K(17216K) Class: 1829K(1856K)->1829K(1856K)
[457.704s][info][gc             ] GC(1058) Pause Young (Normal) (G1 Evacuation Pause) 406M->338M(978M) 10.416ms
[457.704s][info][gc,cpu         ] GC(1058) User=0.02s Sys=0.00s Real=0.01s
[457.739s][info][gc,marking     ] GC(1052) Concurrent Rebuild Remembered Sets and Scrub Regions 270.047ms
[457.740s][info][gc,start       ] GC(1052) Pause Cleanup
[457.740s][info][gc             ] GC(1052) Pause Cleanup 351M->351M(978M) 0.212ms
[457.740s][info][gc,cpu         ] GC(1052) User=0.00s Sys=0.00s Real=0.00s
[457.740s][info][gc,marking     ] GC(1052) Concurrent Clear Claimed Marks
[457.740s][info][gc,marking     ] GC(1052) Concurrent Clear Claimed Marks 0.037ms
[457.740s][info][gc,marking     ] GC(1052) Concurrent Cleanup for Next Mark
[457.745s][info][gc,marking     ] GC(1052) Concurrent Cleanup for Next Mark 5.014ms
[457.745s][info][gc             ] GC(1052) Concurrent Mark Cycle 1173.171ms
[458.412s][info][gc,start       ] GC(1059) Pause Young (Prepare Mixed) (G1 Evacuation Pause)
[458.412s][info][gc,task        ] GC(1059) Using 2 workers of 2 for evacuation
[458.524s][info][gc,phases      ] GC(1059)   Pre Evacuate Collection Set: 0.57ms
[458.524s][info][gc,phases      ] GC(1059)   Merge Heap Roots: 0.30ms
[458.524s][info][gc,phases      ] GC(1059)   Evacuate Collection Set: 110.21ms
[458.524s][info][gc,phases      ] GC(1059)   Post Evacuate Collection Set: 0.80ms
[458.524s][info][gc,phases      ] GC(1059)   Other: 0.12ms
[458.524s][info][gc,heap        ] GC(1059) Eden regions: 483->0(360)
[458.524s][info][gc,heap        ] GC(1059) Survivor regions: 6->62(62)
[458.524s][info][gc,heap        ] GC(1059) Old regions: 331->359
[458.524s][info][gc,heap        ] GC(1059) Humongous regions: 4->4
[458.524s][info][gc,metaspace   ] GC(1059) Metaspace: 18931K(19072K)->18931K(19072K) NonClass: 17102K(17216K)->17102K(17216K) Class: 1829K(1856K)->1829K(1856K)
[458.524s][info][gc             ] GC(1059) Pause Young (Prepare Mixed) (G1 Evacuation Pause) 822M->424M(978M) 112.281ms
[458.524s][info][gc,cpu         ] GC(1059) User=0.22s Sys=0.00s Real=0.12s
[459.175s][info][gc,start       ] GC(1060) Pause Young (Mixed) (G1 Evacuation Pause)
[459.175s][info][gc,task        ] GC(1060) Using 2 workers of 2 for evacuation
[459.290s][info][gc,phases      ] GC(1060)   Pre Evacuate Collection Set: 0.56ms
[459.290s][info][gc,phases      ] GC(1060)   Merge Heap Roots: 0.75ms
[459.290s][info][gc,phases      ] GC(1060)   Evacuate Collection Set: 113.12ms
[459.290s][info][gc,phases      ] GC(1060)   Post Evacuate Collection Set: 0.76ms
[459.290s][info][gc,phases      ] GC(1060)   Other: 0.13ms
[459.290s][info][gc,heap        ] GC(1060) Eden regions: 378->0(370)
[459.290s][info][gc,heap        ] GC(1060) Survivor regions: 62->37(55)
[459.290s][info][gc,heap        ] GC(1060) Old regions: 359->414
[459.290s][info][gc,heap        ] GC(1060) Humongous regions: 4->4
[459.290s][info][gc,metaspace   ] GC(1060) Metaspace: 18936K(19072K)->18936K(19072K) NonClass: 17107K(17216K)->17107K(17216K) Class: 1829K(1856K)->1829K(1856K)
[459.290s][info][gc             ] GC(1060) Pause Young (Mixed) (G1 Evacuation Pause) 802M->454M(978M) 115.608ms
[459.290s][info][gc,cpu         ] GC(1060) User=0.23s Sys=0.00s Real=0.11s
[459.713s][info][gc,start       ] GC(1061) Pause Young (Mixed) (G1 Evacuation Pause)
[459.713s][info][gc,task        ] GC(1061) Using 2 workers of 2 for evacuation
[459.974s][info][gc,mmu         ] GC(1061) MMU target violated: 201.0ms (200.0ms/201.0ms)
[459.974s][info][gc,phases      ] GC(1061)   Pre Evacuate Collection Set: 0.56ms
[459.974s][info][gc,phases      ] GC(1061)   Merge Heap Roots: 0.74ms
[459.974s][info][gc,phases      ] GC(1061)   Evacuate Collection Set: 247.34ms
[459.974s][info][gc,phases      ] GC(1061)   Post Evacuate Collection Set: 12.67ms
[459.974s][info][gc,phases      ] GC(1061)   Other: 0.20ms
[459.974s][info][gc,heap        ] GC(1061) Eden regions: 370->0(238)
[459.974s][info][gc,heap        ] GC(1061) Survivor regions: 37->51(51)
[459.974s][info][gc,heap        ] GC(1061) Old regions: 414->572
[459.974s][info][gc,heap        ] GC(1061) Humongous regions: 5->5
[459.974s][info][gc,metaspace   ] GC(1061) Metaspace: 18942K(19072K)->18942K(19072K) NonClass: 17112K(17216K)->17112K(17216K) Class: 1829K(1856K)->1829K(1856K)
[459.974s][info][gc             ] GC(1061) Pause Young (Mixed) (G1 Evacuation Pause) (Evacuation Failure: Allocation) 825M->627M(978M) 261.740ms
[459.974s][info][gc,cpu         ] GC(1061) User=0.52s Sys=0.00s Real=0.26s
[460.173s][info][gc,start       ] GC(1062) Pause Young (Concurrent Start) (G1 Evacuation Pause)
[460.173s][info][gc,task        ] GC(1062) Using 2 workers of 2 for evacuation
[460.289s][info][gc,phases      ] GC(1062)   Pre Evacuate Collection Set: 0.43ms
[460.289s][info][gc,phases      ] GC(1062)   Merge Heap Roots: 0.52ms
[460.289s][info][gc,phases      ] GC(1062)   Evacuate Collection Set: 113.73ms
[460.289s][info][gc,phases      ] GC(1062)   Post Evacuate Collection Set: 0.74ms
[460.289s][info][gc,phases      ] GC(1062)   Other: 0.25ms
[460.289s][info][gc,heap        ] GC(1062) Eden regions: 238->0(267)
[460.289s][info][gc,heap        ] GC(1062) Survivor regions: 51->22(37)
[460.289s][info][gc,heap        ] GC(1062) Old regions: 572->555
[460.289s][info][gc,heap        ] GC(1062) Humongous regions: 5->5
[460.289s][info][gc,metaspace   ] GC(1062) Metaspace: 18942K(19072K)->18942K(19072K) NonClass: 17112K(17216K)->17112K(17216K) Class: 1829K(1856K)->1829K(1856K)
[460.289s][info][gc             ] GC(1062) Pause Young (Concurrent Start) (G1 Evacuation Pause) 865M->581M(978M) 115.922ms
[460.289s][info][gc             ] GC(1063) Concurrent Mark Cycle
[460.289s][info][gc,marking     ] GC(1063) Concurrent Scan Root Regions
[460.289s][info][gc,cpu         ] GC(1062) User=0.23s Sys=0.00s Real=0.11s
[460.427s][info][gc,marking     ] GC(1063) Concurrent Scan Root Regions 137.952ms
[460.427s][info][gc,marking     ] GC(1063) Concurrent Mark
[460.427s][info][gc,marking     ] GC(1063) Concurrent Mark From Roots
[460.427s][info][gc,task        ] GC(1063) Using 1 workers of 1 for marking
[460.732s][info][gc,start       ] GC(1064) Pause Young (Normal) (G1 Evacuation Pause)
[460.732s][info][gc,task        ] GC(1064) Using 2 workers of 2 for evacuation
[460.817s][info][gc,phases      ] GC(1064)   Pre Evacuate Collection Set: 0.56ms
[460.817s][info][gc,phases      ] GC(1064)   Merge Heap Roots: 0.22ms
[460.817s][info][gc,phases      ] GC(1064)   Evacuate Collection Set: 83.53ms
[460.817s][info][gc,phases      ] GC(1064)   Post Evacuate Collection Set: 0.76ms
[460.817s][info][gc,phases      ] GC(1064)   Other: 0.12ms
[460.817s][info][gc,heap        ] GC(1064) Eden regions: 267->0(219)
[460.817s][info][gc,heap        ] GC(1064) Survivor regions: 22->37(37)
[460.817s][info][gc,heap        ] GC(1064) Old regions: 555->600
[460.817s][info][gc,heap        ] GC(1064) Humongous regions: 5->5
[460.817s][info][gc,metaspace   ] GC(1064) Metaspace: 18943K(19072K)->18943K(19072K) NonClass: 17113K(17216K)->17113K(17216K) Class: 1829K(1856K)->1829K(1856K)
[460.817s][info][gc             ] GC(1064) Pause Young (Normal) (G1 Evacuation Pause) 848M->641M(978M) 85.478ms
[460.817s][info][gc,cpu         ] GC(1064) User=0.17s Sys=0.00s Real=0.09s
[461.346s][info][gc,start       ] GC(1065) Pause Young (Normal) (G1 Evacuation Pause)
[461.346s][info][gc,task        ] GC(1065) Using 2 workers of 2 for evacuation
[461.429s][info][gc,phases      ] GC(1065)   Pre Evacuate Collection Set: 0.37ms
[461.429s][info][gc,phases      ] GC(1065)   Merge Heap Roots: 0.41ms
[461.429s][info][gc,phases      ] GC(1065)   Evacuate Collection Set: 81.06ms
[461.429s][info][gc,phases      ] GC(1065)   Post Evacuate Collection Set: 0.68ms
[461.429s][info][gc,phases      ] GC(1065)   Other: 0.11ms
[461.429s][info][gc,heap        ] GC(1065) Eden regions: 219->0(209)
[461.429s][info][gc,heap        ] GC(1065) Survivor regions: 37->21(32)
[461.429s][info][gc,heap        ] GC(1065) Old regions: 600->638
[461.429s][info][gc,heap        ] GC(1065) Humongous regions: 8->8
[461.429s][info][gc,metaspace   ] GC(1065) Metaspace: 18943K(19072K)->18943K(19072K) NonClass: 17113K(17216K)->17113K(17216K) Class: 1829K(1856K)->1829K(1856K)
[461.429s][info][gc             ] GC(1065) Pause Young (Normal) (G1 Evacuation Pause) 863M->665M(978M) 82.935ms
[461.429s][info][gc,cpu         ] GC(1065) User=0.17s Sys=0.00s Real=0.08s
[461.806s][info][gc,marking     ] GC(1063) Concurrent Mark From Roots 1378.245ms
[461.806s][info][gc,marking     ] GC(1063) Concurrent Preclean
[461.806s][info][gc,marking     ] GC(1063) Concurrent Preclean 0.089ms
[461.806s][info][gc,start       ] GC(1063) Pause Remark
[461.815s][info][gc             ] GC(1063) Pause Remark 870M->831M(978M) 8.911ms
[461.815s][info][gc,cpu         ] GC(1063) User=0.02s Sys=0.00s Real=0.01s
[461.819s][info][gc,marking     ] GC(1063) Concurrent Mark 1391.285ms
[461.819s][info][gc,marking     ] GC(1063) Concurrent Rebuild Remembered Sets and Scrub Regions
[461.826s][info][gc,start       ] GC(1066) Pause Young (Normal) (G1 Evacuation Pause)
[461.826s][info][gc,task        ] GC(1066) Using 2 workers of 2 for evacuation
[461.953s][info][gc,phases      ] GC(1066)   Pre Evacuate Collection Set: 0.52ms
[461.954s][info][gc,phases      ] GC(1066)   Merge Heap Roots: 0.45ms
[461.954s][info][gc,phases      ] GC(1066)   Evacuate Collection Set: 125.84ms
[461.954s][info][gc,phases      ] GC(1066)   Post Evacuate Collection Set: 0.56ms
[461.954s][info][gc,phases      ] GC(1066)   Other: 0.10ms
[461.954s][info][gc,heap        ] GC(1066) Eden regions: 209->0(153)
[461.954s][info][gc,heap        ] GC(1066) Survivor regions: 21->29(29)
[461.954s][info][gc,heap        ] GC(1066) Old regions: 600->667
[461.954s][info][gc,heap        ] GC(1066) Humongous regions: 7->7
[461.954s][info][gc,metaspace   ] GC(1066) Metaspace: 18943K(19072K)->18943K(19072K) NonClass: 17113K(17216K)->17113K(17216K) Class: 1829K(1856K)->1829K(1856K)
[461.954s][info][gc             ] GC(1066) Pause Young (Normal) (G1 Evacuation Pause) 835M->702M(978M) 127.781ms
[461.954s][info][gc,cpu         ] GC(1066) User=0.26s Sys=0.00s Real=0.13s
[462.099s][info][gc,start       ] GC(1067) Pause Young (Normal) (G1 Evacuation Pause)
[462.099s][info][gc,task        ] GC(1067) Using 2 workers of 2 for evacuation
[462.170s][info][gc,phases      ] GC(1067)   Pre Evacuate Collection Set: 0.33ms
[462.170s][info][gc,phases      ] GC(1067)   Merge Heap Roots: 0.27ms
[462.170s][info][gc,phases      ] GC(1067)   Evacuate Collection Set: 69.95ms
[462.170s][info][gc,phases      ] GC(1067)   Post Evacuate Collection Set: 0.56ms
[462.170s][info][gc,phases      ] GC(1067)   Other: 0.12ms
[462.170s][info][gc,heap        ] GC(1067) Eden regions: 153->0(140)
[462.170s][info][gc,heap        ] GC(1067) Survivor regions: 29->23(23)
[462.170s][info][gc,heap        ] GC(1067) Old regions: 667->705
[462.170s][info][gc,heap        ] GC(1067) Humongous regions: 7->7
[462.170s][info][gc,metaspace   ] GC(1067) Metaspace: 18943K(19072K)->18943K(19072K) NonClass: 17114K(17216K)->17114K(17216K) Class: 1829K(1856K)->1829K(1856K)
[462.170s][info][gc             ] GC(1067) Pause Young (Normal) (G1 Evacuation Pause) 855M->734M(978M) 71.546ms
[462.171s][info][gc,cpu         ] GC(1067) User=0.14s Sys=0.00s Real=0.07s
[462.276s][info][gc,start       ] GC(1068) Pause Young (Normal) (G1 Evacuation Pause)
[462.276s][info][gc,task        ] GC(1068) Using 2 workers of 2 for evacuation
[462.335s][info][gc,phases      ] GC(1068)   Pre Evacuate Collection Set: 0.55ms
[462.335s][info][gc,phases      ] GC(1068)   Merge Heap Roots: 0.33ms
[462.335s][info][gc,phases      ] GC(1068)   Evacuate Collection Set: 57.37ms
[462.335s][info][gc,phases      ] GC(1068)   Post Evacuate Collection Set: 0.54ms
[462.335s][info][gc,phases      ] GC(1068)   Other: 0.12ms
[462.335s][info][gc,heap        ] GC(1068) Eden regions: 140->0(130)
[462.335s][info][gc,heap        ] GC(1068) Survivor regions: 23->21(21)
[462.335s][info][gc,heap        ] GC(1068) Old regions: 705->733
[462.335s][info][gc,heap        ] GC(1068) Humongous regions: 7->7
[462.335s][info][gc,metaspace   ] GC(1068) Metaspace: 18943K(19072K)->18943K(19072K) NonClass: 17114K(17216K)->17114K(17216K) Class: 1829K(1856K)->1829K(1856K)
[462.335s][info][gc             ] GC(1068) Pause Young (Normal) (G1 Evacuation Pause) 874M->760M(978M) 59.193ms
[462.335s][info][gc,cpu         ] GC(1068) User=0.12s Sys=0.01s Real=0.06s
[462.510s][info][gc,start       ] GC(1069) Pause Young (Normal) (G1 Evacuation Pause)
[462.510s][info][gc,task        ] GC(1069) Using 2 workers of 2 for evacuation
[462.559s][info][gc,phases      ] GC(1069)   Pre Evacuate Collection Set: 0.52ms
[462.559s][info][gc,phases      ] GC(1069)   Merge Heap Roots: 0.31ms
[462.559s][info][gc,phases      ] GC(1069)   Evacuate Collection Set: 47.81ms
[462.559s][info][gc,phases      ] GC(1069)   Post Evacuate Collection Set: 0.49ms
[462.559s][info][gc,phases      ] GC(1069)   Other: 0.15ms
[462.559s][info][gc,heap        ] GC(1069) Eden regions: 130->0(119)
[462.559s][info][gc,heap        ] GC(1069) Survivor regions: 21->19(19)
[462.559s][info][gc,heap        ] GC(1069) Old regions: 733->758
[462.559s][info][gc,heap        ] GC(1069) Humongous regions: 7->7
[462.559s][info][gc,metaspace   ] GC(1069) Metaspace: 18943K(19072K)->18943K(19072K) NonClass: 17114K(17216K)->17114K(17216K) Class: 1829K(1856K)->1829K(1856K)
[462.559s][info][gc             ] GC(1069) Pause Young (Normal) (G1 Evacuation Pause) 890M->783M(978M) 49.599ms
[462.559s][info][gc,cpu         ] GC(1069) User=0.10s Sys=0.00s Real=0.05s
[462.774s][info][gc,start       ] GC(1070) Pause Young (Normal) (G1 Evacuation Pause)
[462.775s][info][gc,task        ] GC(1070) Using 2 workers of 2 for evacuation
[462.805s][info][gc,phases      ] GC(1070)   Pre Evacuate Collection Set: 0.32ms
[462.805s][info][gc,phases      ] GC(1070)   Merge Heap Roots: 0.30ms
[462.805s][info][gc,phases      ] GC(1070)   Evacuate Collection Set: 29.58ms
[462.805s][info][gc,phases      ] GC(1070)   Post Evacuate Collection Set: 0.51ms
[462.806s][info][gc,phases      ] GC(1070)   Other: 0.16ms
[462.806s][info][gc,heap        ] GC(1070) Eden regions: 119->0(123)
[462.806s][info][gc,heap        ] GC(1070) Survivor regions: 19->5(18)
[462.806s][info][gc,heap        ] GC(1070) Old regions: 758->778
[462.806s][info][gc,heap        ] GC(1070) Humongous regions: 7->7
[462.806s][info][gc,metaspace   ] GC(1070) Metaspace: 18943K(19072K)->18943K(19072K) NonClass: 17114K(17216K)->17114K(17216K) Class: 1829K(1856K)->1829K(1856K)
[462.806s][info][gc             ] GC(1070) Pause Young (Normal) (G1 Evacuation Pause) 902M->789M(978M) 31.149ms
[462.806s][info][gc,cpu         ] GC(1070) User=0.06s Sys=0.00s Real=0.03s
[462.867s][info][gc,marking     ] GC(1063) Concurrent Rebuild Remembered Sets and Scrub Regions 1047.966ms
[462.867s][info][gc,start       ] GC(1063) Pause Cleanup
[462.867s][info][gc             ] GC(1063) Pause Cleanup 850M->850M(978M) 0.169ms
[462.867s][info][gc,cpu         ] GC(1063) User=0.00s Sys=0.00s Real=0.00s
[462.867s][info][gc,marking     ] GC(1063) Concurrent Clear Claimed Marks
[462.867s][info][gc,marking     ] GC(1063) Concurrent Clear Claimed Marks 0.040ms
[462.867s][info][gc,marking     ] GC(1063) Concurrent Cleanup for Next Mark
[462.875s][info][gc,marking     ] GC(1063) Concurrent Cleanup for Next Mark 7.212ms
[462.875s][info][gc             ] GC(1063) Concurrent Mark Cycle 2585.447ms
[462.921s][info][gc,start       ] GC(1071) Pause Young (Prepare Mixed) (G1 Evacuation Pause)
[462.921s][info][gc,task        ] GC(1071) Using 2 workers of 2 for evacuation
[462.954s][info][gc,phases      ] GC(1071)   Pre Evacuate Collection Set: 0.55ms
[462.954s][info][gc,phases      ] GC(1071)   Merge Heap Roots: 0.35ms
[462.954s][info][gc,phases      ] GC(1071)   Evacuate Collection Set: 31.63ms
[462.954s][info][gc,phases      ] GC(1071)   Post Evacuate Collection Set: 0.54ms
[462.954s][info][gc,phases      ] GC(1071)   Other: 0.14ms
[462.954s][info][gc,heap        ] GC(1071) Eden regions: 123->0(109)
[462.954s][info][gc,heap        ] GC(1071) Survivor regions: 5->16(16)
[462.954s][info][gc,heap        ] GC(1071) Old regions: 778->780
[462.954s][info][gc,heap        ] GC(1071) Humongous regions: 7->7
[462.954s][info][gc,metaspace   ] GC(1071) Metaspace: 18943K(19072K)->18943K(19072K) NonClass: 17114K(17216K)->17114K(17216K) Class: 1829K(1856K)->1829K(1856K)
[462.954s][info][gc             ] GC(1071) Pause Young (Prepare Mixed) (G1 Evacuation Pause) 912M->802M(978M) 33.476ms
[462.954s][info][gc,cpu         ] GC(1071) User=0.07s Sys=0.00s Real=0.04s
[463.065s][info][gc,start       ] GC(1072) Pause Young (Mixed) (G1 Evacuation Pause)
[463.065s][info][gc,task        ] GC(1072) Using 2 workers of 2 for evacuation
[463.188s][info][gc,phases      ] GC(1072)   Pre Evacuate Collection Set: 0.36ms
[463.188s][info][gc,phases      ] GC(1072)   Merge Heap Roots: 1.86ms
[463.188s][info][gc,phases      ] GC(1072)   Evacuate Collection Set: 119.90ms
[463.188s][info][gc,phases      ] GC(1072)   Post Evacuate Collection Set: 0.86ms
[463.188s][info][gc,phases      ] GC(1072)   Other: 0.08ms
[463.188s][info][gc,heap        ] GC(1072) Eden regions: 109->0(143)
[463.189s][info][gc,heap        ] GC(1072) Survivor regions: 16->13(16)
[463.189s][info][gc,heap        ] GC(1072) Old regions: 780->745
[463.189s][info][gc,heap        ] GC(1072) Humongous regions: 7->7
[463.189s][info][gc,metaspace   ] GC(1072) Metaspace: 18943K(19072K)->18943K(19072K) NonClass: 17114K(17216K)->17114K(17216K) Class: 1829K(1856K)->1829K(1856K)
[463.189s][info][gc             ] GC(1072) Pause Young (Mixed) (G1 Evacuation Pause) 911M->764M(978M) 123.367ms
[463.189s][info][gc,cpu         ] GC(1072) User=0.25s Sys=0.00s Real=0.12s
[463.437s][info][gc,start       ] GC(1073) Pause Young (Mixed) (G1 Evacuation Pause)
[463.437s][info][gc,task        ] GC(1073) Using 2 workers of 2 for evacuation
[463.544s][info][gc,phases      ] GC(1073)   Pre Evacuate Collection Set: 0.35ms
[463.544s][info][gc,phases      ] GC(1073)   Merge Heap Roots: 0.82ms
[463.544s][info][gc,phases      ] GC(1073)   Evacuate Collection Set: 104.91ms
[463.544s][info][gc,phases      ] GC(1073)   Post Evacuate Collection Set: 0.49ms
[463.544s][info][gc,phases      ] GC(1073)   Other: 0.08ms
[463.544s][info][gc,heap        ] GC(1073) Eden regions: 143->0(105)
[463.544s][info][gc,heap        ] GC(1073) Survivor regions: 13->20(20)
[463.544s][info][gc,heap        ] GC(1073) Old regions: 745->773
[463.544s][info][gc,heap        ] GC(1073) Humongous regions: 10->10
[463.544s][info][gc,metaspace   ] GC(1073) Metaspace: 18943K(19072K)->18943K(19072K) NonClass: 17114K(17216K)->17114K(17216K) Class: 1829K(1856K)->1829K(1856K)
[463.544s][info][gc             ] GC(1073) Pause Young (Mixed) (G1 Evacuation Pause) 910M->802M(978M) 106.929ms
[463.544s][info][gc,cpu         ] GC(1073) User=0.21s Sys=0.00s Real=0.11s
[463.698s][info][gc,start       ] GC(1074) Pause Young (Concurrent Start) (G1 Evacuation Pause)
[463.698s][info][gc,task        ] GC(1074) Using 2 workers of 2 for evacuation
[463.747s][info][gc,phases      ] GC(1074)   Pre Evacuate Collection Set: 0.33ms
[463.747s][info][gc,phases      ] GC(1074)   Merge Heap Roots: 0.20ms
[463.747s][info][gc,phases      ] GC(1074)   Evacuate Collection Set: 47.67ms
[463.747s][info][gc,phases      ] GC(1074)   Post Evacuate Collection Set: 0.47ms
[463.747s][info][gc,phases      ] GC(1074)   Other: 0.11ms
[463.747s][info][gc,heap        ] GC(1074) Eden regions: 105->0(93)
[463.747s][info][gc,heap        ] GC(1074) Survivor regions: 20->16(16)
[463.747s][info][gc,heap        ] GC(1074) Old regions: 773->793
[463.747s][info][gc,heap        ] GC(1074) Humongous regions: 10->10
[463.747s][info][gc,metaspace   ] GC(1074) Metaspace: 18943K(19072K)->18943K(19072K) NonClass: 17114K(17216K)->17114K(17216K) Class: 1829K(1856K)->1829K(1856K)
[463.747s][info][gc             ] GC(1074) Pause Young (Concurrent Start) (G1 Evacuation Pause) 907M->818M(978M) 49.036ms
[463.747s][info][gc,cpu         ] GC(1074) User=0.10s Sys=0.00s Real=0.05s
[463.747s][info][gc             ] GC(1075) Concurrent Mark Cycle
[463.748s][info][gc,marking     ] GC(1075) Concurrent Scan Root Regions
[463.832s][info][gc,marking     ] GC(1075) Concurrent Scan Root Regions 84.931ms
[463.833s][info][gc,marking     ] GC(1075) Concurrent Mark
[463.833s][info][gc,marking     ] GC(1075) Concurrent Mark From Roots
[463.833s][info][gc,task        ] GC(1075) Using 1 workers of 1 for marking
[463.882s][info][gc,start       ] GC(1076) Pause Young (Normal) (G1 Evacuation Pause)
[463.883s][info][gc,task        ] GC(1076) Using 2 workers of 2 for evacuation
[463.904s][info][gc,phases      ] GC(1076)   Pre Evacuate Collection Set: 0.32ms
[463.904s][info][gc,phases      ] GC(1076)   Merge Heap Roots: 0.14ms
[463.904s][info][gc,phases      ] GC(1076)   Evacuate Collection Set: 20.14ms
[463.904s][info][gc,phases      ] GC(1076)   Post Evacuate Collection Set: 0.38ms
[463.904s][info][gc,phases      ] GC(1076)   Other: 0.13ms
[463.904s][info][gc,heap        ] GC(1076) Eden regions: 93->0(107)
[463.904s][info][gc,heap        ] GC(1076) Survivor regions: 16->1(14)
[463.904s][info][gc,heap        ] GC(1076) Old regions: 793->809
[463.904s][info][gc,heap        ] GC(1076) Humongous regions: 10->10
[463.904s][info][gc,metaspace   ] GC(1076) Metaspace: 18943K(19072K)->18943K(19072K) NonClass: 17114K(17216K)->17114K(17216K) Class: 1829K(1856K)->1829K(1856K)
[463.904s][info][gc             ] GC(1076) Pause Young (Normal) (G1 Evacuation Pause) 911M->819M(978M) 21.414ms
[463.904s][info][gc,cpu         ] GC(1076) User=0.04s Sys=0.00s Real=0.03s
[464.115s][info][gc,start       ] GC(1077) Pause Young (Normal) (G1 Evacuation Pause)
[464.115s][info][gc,task        ] GC(1077) Using 2 workers of 2 for evacuation
[464.123s][info][gc,phases      ] GC(1077)   Pre Evacuate Collection Set: 0.33ms
[464.123s][info][gc,phases      ] GC(1077)   Merge Heap Roots: 0.18ms
[464.123s][info][gc,phases      ] GC(1077)   Evacuate Collection Set: 7.07ms
[464.123s][info][gc,phases      ] GC(1077)   Post Evacuate Collection Set: 0.39ms
[464.123s][info][gc,phases      ] GC(1077)   Other: 0.10ms
[464.123s][info][gc,heap        ] GC(1077) Eden regions: 107->0(105)
[464.123s][info][gc,heap        ] GC(1077) Survivor regions: 1->2(14)
[464.123s][info][gc,heap        ] GC(1077) Old regions: 809->809
[464.123s][info][gc,heap        ] GC(1077) Humongous regions: 10->10
[464.123s][info][gc,metaspace   ] GC(1077) Metaspace: 18943K(19072K)->18943K(19072K) NonClass: 17114K(17216K)->17114K(17216K) Class: 1829K(1856K)->1829K(1856K)
[464.123s][info][gc             ] GC(1077) Pause Young (Normal) (G1 Evacuation Pause) 926M->820M(978M) 8.323ms
[464.123s][info][gc,cpu         ] GC(1077) User=0.01s Sys=0.00s Real=0.01s
[464.360s][info][gc,start       ] GC(1078) Pause Young (Normal) (G1 Evacuation Pause)
[464.361s][info][gc,task        ] GC(1078) Using 2 workers of 2 for evacuation
[464.373s][info][gc,phases      ] GC(1078)   Pre Evacuate Collection Set: 0.33ms
[464.373s][info][gc,phases      ] GC(1078)   Merge Heap Roots: 0.18ms
[464.373s][info][gc,phases      ] GC(1078)   Evacuate Collection Set: 11.59ms
[464.373s][info][gc,phases      ] GC(1078)   Post Evacuate Collection Set: 0.35ms
[464.373s][info][gc,phases      ] GC(1078)   Other: 0.15ms
[464.373s][info][gc,heap        ] GC(1078) Eden regions: 105->0(99)
[464.373s][info][gc,heap        ] GC(1078) Survivor regions: 2->5(14)
[464.373s][info][gc,heap        ] GC(1078) Old regions: 809->809
[464.373s][info][gc,heap        ] GC(1078) Humongous regions: 10->10
[464.373s][info][gc,metaspace   ] GC(1078) Metaspace: 18943K(19072K)->18943K(19072K) NonClass: 17114K(17216K)->17114K(17216K) Class: 1829K(1856K)->1829K(1856K)
[464.373s][info][gc             ] GC(1078) Pause Young (Normal) (G1 Evacuation Pause) 925M->823M(978M) 12.878ms
[464.373s][info][gc,cpu         ] GC(1078) User=0.02s Sys=0.00s Real=0.02s
[464.592s][info][gc,start       ] GC(1079) Pause Young (Normal) (G1 Evacuation Pause)
[464.592s][info][gc,task        ] GC(1079) Using 2 workers of 2 for evacuation
[464.601s][info][gc,phases      ] GC(1079)   Pre Evacuate Collection Set: 0.55ms
[464.601s][info][gc,phases      ] GC(1079)   Merge Heap Roots: 0.13ms
[464.601s][info][gc,phases      ] GC(1079)   Evacuate Collection Set: 7.76ms
[464.601s][info][gc,phases      ] GC(1079)   Post Evacuate Collection Set: 0.39ms
[464.601s][info][gc,phases      ] GC(1079)   Other: 0.13ms
[464.601s][info][gc,heap        ] GC(1079) Eden regions: 99->0(99)
[464.601s][info][gc,heap        ] GC(1079) Survivor regions: 5->5(13)
[464.601s][info][gc,heap        ] GC(1079) Old regions: 809->809
[464.601s][info][gc,heap        ] GC(1079) Humongous regions: 10->10
[464.601s][info][gc,metaspace   ] GC(1079) Metaspace: 18943K(19072K)->18943K(19072K) NonClass: 17114K(17216K)->17114K(17216K) Class: 1829K(1856K)->1829K(1856K)
[464.601s][info][gc             ] GC(1079) Pause Young (Normal) (G1 Evacuation Pause) 922M->823M(978M) 9.242ms
[464.601s][info][gc,cpu         ] GC(1079) User=0.02s Sys=0.00s Real=0.01s
[464.805s][info][gc,start       ] GC(1080) Pause Young (Normal) (G1 Evacuation Pause)
[464.805s][info][gc,task        ] GC(1080) Using 2 workers of 2 for evacuation
[464.837s][info][gc,phases      ] GC(1080)   Pre Evacuate Collection Set: 0.59ms
[464.837s][info][gc,phases      ] GC(1080)   Merge Heap Roots: 0.17ms
[464.837s][info][gc,phases      ] GC(1080)   Evacuate Collection Set: 30.01ms
[464.837s][info][gc,phases      ] GC(1080)   Post Evacuate Collection Set: 0.43ms
[464.837s][info][gc,phases      ] GC(1080)   Other: 0.10ms
[464.837s][info][gc,heap        ] GC(1080) Eden regions: 99->0(73)
[464.837s][info][gc,heap        ] GC(1080) Survivor regions: 5->13(13)
[464.837s][info][gc,heap        ] GC(1080) Old regions: 809->819
[464.837s][info][gc,heap        ] GC(1080) Humongous regions: 10->10
[464.837s][info][gc,metaspace   ] GC(1080) Metaspace: 18943K(19072K)->18943K(19072K) NonClass: 17114K(17216K)->17114K(17216K) Class: 1829K(1856K)->1829K(1856K)
[464.837s][info][gc             ] GC(1080) Pause Young (Normal) (G1 Evacuation Pause) 922M->841M(978M) 31.565ms
[464.837s][info][gc,cpu         ] GC(1080) User=0.07s Sys=0.00s Real=0.03s
[464.839s][info][gc,marking     ] GC(1075) Concurrent Mark From Roots 1006.086ms
[464.839s][info][gc,marking     ] GC(1075) Concurrent Preclean
[464.839s][info][gc,marking     ] GC(1075) Concurrent Preclean 0.046ms
[464.839s][info][gc,start       ] GC(1075) Pause Remark
[464.848s][info][gc             ] GC(1075) Pause Remark 843M->461M(978M) 8.849ms
[464.848s][info][gc,cpu         ] GC(1075) User=0.02s Sys=0.00s Real=0.01s
[464.848s][info][gc,marking     ] GC(1075) Concurrent Mark 1015.263ms
[464.848s][info][gc,marking     ] GC(1075) Concurrent Rebuild Remembered Sets and Scrub Regions
[465.102s][info][gc,start       ] GC(1081) Pause Young (Normal) (G1 Evacuation Pause)
[465.102s][info][gc,task        ] GC(1081) Using 2 workers of 2 for evacuation
[465.127s][info][gc,phases      ] GC(1081)   Pre Evacuate Collection Set: 0.35ms
[465.127s][info][gc,phases      ] GC(1081)   Merge Heap Roots: 0.24ms
[465.127s][info][gc,phases      ] GC(1081)   Evacuate Collection Set: 23.86ms
[465.127s][info][gc,phases      ] GC(1081)   Post Evacuate Collection Set: 0.37ms
[465.127s][info][gc,phases      ] GC(1081)   Other: 0.08ms
[465.127s][info][gc,heap        ] GC(1081) Eden regions: 73->0(346)
[465.127s][info][gc,heap        ] GC(1081) Survivor regions: 13->5(11)
[465.127s][info][gc,heap        ] GC(1081) Old regions: 443->457
[465.127s][info][gc,heap        ] GC(1081) Humongous regions: 4->4
[465.127s][info][gc,metaspace   ] GC(1081) Metaspace: 18943K(19072K)->18943K(19072K) NonClass: 17114K(17216K)->17114K(17216K) Class: 1829K(1856K)->1829K(1856K)
[465.127s][info][gc             ] GC(1081) Pause Young (Normal) (G1 Evacuation Pause) 532M->465M(978M) 25.149ms
[465.127s][info][gc,cpu         ] GC(1081) User=0.05s Sys=0.00s Real=0.03s
[465.148s][info][gc,marking     ] GC(1075) Concurrent Rebuild Remembered Sets and Scrub Regions 300.099ms
[465.148s][info][gc,start       ] GC(1075) Pause Cleanup
[465.148s][info][gc             ] GC(1075) Pause Cleanup 468M->468M(978M) 0.159ms
[465.148s][info][gc,cpu         ] GC(1075) User=0.00s Sys=0.00s Real=0.00s
[465.148s][info][gc,marking     ] GC(1075) Concurrent Clear Claimed Marks
[465.148s][info][gc,marking     ] GC(1075) Concurrent Clear Claimed Marks 0.033ms
[465.148s][info][gc,marking     ] GC(1075) Concurrent Cleanup for Next Mark
[465.151s][info][gc,marking     ] GC(1075) Concurrent Cleanup for Next Mark 2.968ms
[465.151s][info][gc             ] GC(1075) Concurrent Mark Cycle 1404.585ms
[466.120s][info][gc,start       ] GC(1082) Pause Young (Prepare Mixed) (G1 Evacuation Pause)
[466.120s][info][gc,task        ] GC(1082) Using 2 workers of 2 for evacuation
[466.143s][info][gc,phases      ] GC(1082)   Pre Evacuate Collection Set: 0.32ms
[466.144s][info][gc,phases      ] GC(1082)   Merge Heap Roots: 0.44ms
[466.144s][info][gc,phases      ] GC(1082)   Evacuate Collection Set: 22.25ms
[466.144s][info][gc,phases      ] GC(1082)   Post Evacuate Collection Set: 0.64ms
[466.144s][info][gc,phases      ] GC(1082)   Other: 0.12ms
[466.144s][info][gc,heap        ] GC(1082) Eden regions: 346->0(363)
[466.144s][info][gc,heap        ] GC(1082) Survivor regions: 5->10(44)
[466.144s][info][gc,heap        ] GC(1082) Old regions: 457->457
[466.144s][info][gc,heap        ] GC(1082) Humongous regions: 4->4
[466.144s][info][gc,metaspace   ] GC(1082) Metaspace: 18943K(19072K)->18943K(19072K) NonClass: 17114K(17216K)->17114K(17216K) Class: 1829K(1856K)->1829K(1856K)
[466.144s][info][gc             ] GC(1082) Pause Young (Prepare Mixed) (G1 Evacuation Pause) 811M->470M(978M) 24.055ms
[466.144s][info][gc,cpu         ] GC(1082) User=0.04s Sys=0.00s Real=0.03s
[466.544s][info][gc,start       ] GC(1083) Pause Young (Mixed) (G1 Evacuation Pause)
[466.544s][info][gc,task        ] GC(1083) Using 2 workers of 2 for evacuation
[466.636s][info][gc,phases      ] GC(1083)   Pre Evacuate Collection Set: 0.37ms
[466.636s][info][gc,phases      ] GC(1083)   Merge Heap Roots: 0.25ms
[466.636s][info][gc,phases      ] GC(1083)   Evacuate Collection Set: 89.58ms
[466.636s][info][gc,phases      ] GC(1083)   Post Evacuate Collection Set: 1.17ms
[466.636s][info][gc,phases      ] GC(1083)   Other: 0.12ms
[466.636s][info][gc,heap        ] GC(1083) Eden regions: 363->0(353)
[466.636s][info][gc,heap        ] GC(1083) Survivor regions: 10->47(47)
[466.636s][info][gc,heap        ] GC(1083) Old regions: 457->409
[466.636s][info][gc,heap        ] GC(1083) Humongous regions: 4->4
[466.636s][info][gc,metaspace   ] GC(1083) Metaspace: 18943K(19072K)->18943K(19072K) NonClass: 17114K(17216K)->17114K(17216K) Class: 1829K(1856K)->1829K(1856K)
[466.636s][info][gc             ] GC(1083) Pause Young (Mixed) (G1 Evacuation Pause) 833M->459M(978M) 91.797ms
[466.636s][info][gc,cpu         ] GC(1083) User=0.18s Sys=0.00s Real=0.09s
[466.730s][info][gc,start       ] GC(1084) Pause Young (Concurrent Start) (G1 Humongous Allocation)
[466.730s][info][gc,task        ] GC(1084) Using 2 workers of 2 for evacuation
[466.804s][info][gc,phases      ] GC(1084)   Pre Evacuate Collection Set: 0.35ms
[466.804s][info][gc,phases      ] GC(1084)   Merge Heap Roots: 0.56ms
[466.804s][info][gc,phases      ] GC(1084)   Evacuate Collection Set: 72.31ms
[466.804s][info][gc,phases      ] GC(1084)   Post Evacuate Collection Set: 0.48ms
[466.804s][info][gc,phases      ] GC(1084)   Other: 0.13ms
[466.804s][info][gc,heap        ] GC(1084) Eden regions: 43->0(368)
[466.804s][info][gc,heap        ] GC(1084) Survivor regions: 47->7(50)
[466.804s][info][gc,heap        ] GC(1084) Old regions: 409->456
[466.804s][info][gc,heap        ] GC(1084) Humongous regions: 4->4
[466.804s][info][gc,metaspace   ] GC(1084) Metaspace: 18943K(19072K)->18943K(19072K) NonClass: 17114K(17216K)->17114K(17216K) Class: 1829K(1856K)->1829K(1856K)
[466.804s][info][gc             ] GC(1084) Pause Young (Concurrent Start) (G1 Humongous Allocation) 502M->466M(978M) 74.090ms
[466.804s][info][gc             ] GC(1085) Concurrent Mark Cycle
[466.804s][info][gc,marking     ] GC(1085) Concurrent Scan Root Regions
[466.807s][info][gc,cpu         ] GC(1084) User=0.15s Sys=0.00s Real=0.08s
[466.882s][info][gc,marking     ] GC(1085) Concurrent Scan Root Regions 77.355ms
[466.882s][info][gc,marking     ] GC(1085) Concurrent Mark
[466.882s][info][gc,marking     ] GC(1085) Concurrent Mark From Roots
[466.882s][info][gc,task        ] GC(1085) Using 1 workers of 1 for marking
[467.664s][info][gc,start       ] GC(1086) Pause Young (Normal) (G1 Evacuation Pause)
[467.664s][info][gc,task        ] GC(1086) Using 2 workers of 2 for evacuation
[467.762s][info][gc,phases      ] GC(1086)   Pre Evacuate Collection Set: 0.30ms
[467.762s][info][gc,phases      ] GC(1086)   Merge Heap Roots: 0.76ms
[467.762s][info][gc,phases      ] GC(1086)   Evacuate Collection Set: 96.61ms
[467.762s][info][gc,phases      ] GC(1086)   Post Evacuate Collection Set: 0.79ms
[467.762s][info][gc,phases      ] GC(1086)   Other: 0.09ms
[467.762s][info][gc,heap        ] GC(1086) Eden regions: 368->0(327)
[467.762s][info][gc,heap        ] GC(1086) Survivor regions: 7->47(47)
[467.762s][info][gc,heap        ] GC(1086) Old regions: 456->468
[467.762s][info][gc,heap        ] GC(1086) Humongous regions: 7->7
[467.762s][info][gc,metaspace   ] GC(1086) Metaspace: 18943K(19072K)->18943K(19072K) NonClass: 17114K(17216K)->17114K(17216K) Class: 1829K(1856K)->1829K(1856K)
[467.762s][info][gc             ] GC(1086) Pause Young (Normal) (G1 Evacuation Pause) 837M->521M(978M) 98.900ms
[467.762s][info][gc,cpu         ] GC(1086) User=0.19s Sys=0.00s Real=0.09s
[468.192s][info][gc,marking     ] GC(1085) Concurrent Mark From Roots 1310.683ms
[468.193s][info][gc,marking     ] GC(1085) Concurrent Preclean
[468.193s][info][gc,marking     ] GC(1085) Concurrent Preclean 0.049ms
[468.193s][info][gc,start       ] GC(1085) Pause Remark
[468.202s][info][gc             ] GC(1085) Pause Remark 819M->811M(978M) 9.255ms
[468.202s][info][gc,cpu         ] GC(1085) User=0.02s Sys=0.00s Real=0.00s
[468.202s][info][gc,marking     ] GC(1085) Concurrent Mark 1320.387ms
[468.202s][info][gc,marking     ] GC(1085) Concurrent Rebuild Remembered Sets and Scrub Regions
[468.241s][info][gc,start       ] GC(1087) Pause Young (Normal) (G1 Evacuation Pause)
[468.242s][info][gc,task        ] GC(1087) Using 2 workers of 2 for evacuation
[468.331s][info][gc,phases      ] GC(1087)   Pre Evacuate Collection Set: 0.33ms
[468.331s][info][gc,phases      ] GC(1087)   Merge Heap Roots: 0.43ms
[468.331s][info][gc,phases      ] GC(1087)   Evacuate Collection Set: 87.39ms
[468.331s][info][gc,phases      ] GC(1087)   Post Evacuate Collection Set: 0.69ms
[468.331s][info][gc,phases      ] GC(1087)   Other: 0.14ms
[468.331s][info][gc,heap        ] GC(1087) Eden regions: 327->0(331)
[468.331s][info][gc,heap        ] GC(1087) Survivor regions: 47->17(47)
[468.331s][info][gc,heap        ] GC(1087) Old regions: 460->507
[468.331s][info][gc,heap        ] GC(1087) Humongous regions: 7->7
[468.331s][info][gc,metaspace   ] GC(1087) Metaspace: 18943K(19072K)->18943K(19072K) NonClass: 17114K(17216K)->17114K(17216K) Class: 1829K(1856K)->1829K(1856K)
[468.331s][info][gc             ] GC(1087) Pause Young (Normal) (G1 Evacuation Pause) 840M->530M(978M) 89.268ms
[468.331s][info][gc,cpu         ] GC(1087) User=0.17s Sys=0.00s Real=0.09s
[468.729s][info][gc,start       ] GC(1088) Pause Young (Normal) (G1 Evacuation Pause)
[468.729s][info][gc,task        ] GC(1088) Using 2 workers of 2 for evacuation
[468.818s][info][gc,phases      ] GC(1088)   Pre Evacuate Collection Set: 0.36ms
[468.818s][info][gc,phases      ] GC(1088)   Merge Heap Roots: 0.33ms
[468.818s][info][gc,phases      ] GC(1088)   Evacuate Collection Set: 87.12ms
[468.818s][info][gc,phases      ] GC(1088)   Post Evacuate Collection Set: 0.83ms
[468.818s][info][gc,phases      ] GC(1088)   Other: 0.12ms
[468.818s][info][gc,heap        ] GC(1088) Eden regions: 331->0(272)
[468.818s][info][gc,heap        ] GC(1088) Survivor regions: 17->44(44)
[468.818s][info][gc,heap        ] GC(1088) Old regions: 507->537
[468.818s][info][gc,heap        ] GC(1088) Humongous regions: 7->7
[468.818s][info][gc,metaspace   ] GC(1088) Metaspace: 18943K(19072K)->18943K(19072K) NonClass: 17114K(17216K)->17114K(17216K) Class: 1829K(1856K)->1829K(1856K)
[468.818s][info][gc             ] GC(1088) Pause Young (Normal) (G1 Evacuation Pause) 861M->587M(978M) 89.054ms
[468.818s][info][gc,cpu         ] GC(1088) User=0.17s Sys=0.00s Real=0.09s
[468.903s][info][gc,marking     ] GC(1085) Concurrent Rebuild Remembered Sets and Scrub Regions 700.819ms
[468.903s][info][gc,start       ] GC(1085) Pause Cleanup
[468.903s][info][gc             ] GC(1085) Pause Cleanup 650M->650M(978M) 0.121ms
[468.903s][info][gc,cpu         ] GC(1085) User=0.00s Sys=0.00s Real=0.00s
[468.903s][info][gc,marking     ] GC(1085) Concurrent Clear Claimed Marks
[468.903s][info][gc,marking     ] GC(1085) Concurrent Clear Claimed Marks 0.033ms
[468.903s][info][gc,marking     ] GC(1085) Concurrent Cleanup for Next Mark
[468.906s][info][gc,marking     ] GC(1085) Concurrent Cleanup for Next Mark 3.007ms
[468.906s][info][gc             ] GC(1085) Concurrent Mark Cycle 2102.182ms
[469.204s][info][gc,start       ] GC(1089) Pause Young (Prepare Mixed) (G1 Evacuation Pause)
[469.204s][info][gc,task        ] GC(1089) Using 2 workers of 2 for evacuation
[469.300s][info][gc,phases      ] GC(1089)   Pre Evacuate Collection Set: 0.34ms
[469.300s][info][gc,phases      ] GC(1089)   Merge Heap Roots: 0.53ms
[469.300s][info][gc,phases      ] GC(1089)   Evacuate Collection Set: 94.31ms
[469.300s][info][gc,phases      ] GC(1089)   Post Evacuate Collection Set: 0.73ms
[469.300s][info][gc,phases      ] GC(1089)   Other: 0.12ms
[469.300s][info][gc,heap        ] GC(1089) Eden regions: 272->0(257)
[469.300s][info][gc,heap        ] GC(1089) Survivor regions: 44->26(40)
[469.300s][info][gc,heap        ] GC(1089) Old regions: 537->582
[469.300s][info][gc,heap        ] GC(1089) Humongous regions: 8->8
[469.300s][info][gc,metaspace   ] GC(1089) Metaspace: 18943K(19072K)->18943K(19072K) NonClass: 17114K(17216K)->17114K(17216K) Class: 1829K(1856K)->1829K(1856K)
[469.300s][info][gc             ] GC(1089) Pause Young (Prepare Mixed) (G1 Evacuation Pause) 860M->615M(978M) 96.317ms
[469.300s][info][gc,cpu         ] GC(1089) User=0.19s Sys=0.00s Real=0.09s
[469.741s][info][gc,start       ] GC(1090) Pause Young (Mixed) (G1 Evacuation Pause)
[469.741s][info][gc,task        ] GC(1090) Using 2 workers of 2 for evacuation
[469.808s][info][gc,phases      ] GC(1090)   Pre Evacuate Collection Set: 0.33ms
[469.808s][info][gc,phases      ] GC(1090)   Merge Heap Roots: 0.52ms
[469.808s][info][gc,phases      ] GC(1090)   Evacuate Collection Set: 65.46ms
[469.808s][info][gc,phases      ] GC(1090)   Post Evacuate Collection Set: 0.58ms
[469.808s][info][gc,phases      ] GC(1090)   Other: 0.12ms
[469.808s][info][gc,heap        ] GC(1090) Eden regions: 257->0(269)
[469.808s][info][gc,heap        ] GC(1090) Survivor regions: 26->11(36)
[469.808s][info][gc,heap        ] GC(1090) Old regions: 582->595
[469.808s][info][gc,heap        ] GC(1090) Humongous regions: 8->8
[469.808s][info][gc,metaspace   ] GC(1090) Metaspace: 18943K(19072K)->18943K(19072K) NonClass: 17114K(17216K)->17114K(17216K) Class: 1829K(1856K)->1829K(1856K)
[469.808s][info][gc             ] GC(1090) Pause Young (Mixed) (G1 Evacuation Pause) 872M->613M(978M) 67.307ms
[469.808s][info][gc,cpu         ] GC(1090) User=0.13s Sys=0.00s Real=0.07s
[470.452s][info][gc,start       ] GC(1091) Pause Young (Concurrent Start) (G1 Evacuation Pause)
[470.452s][info][gc,task        ] GC(1091) Using 2 workers of 2 for evacuation
[470.486s][info][gc,phases      ] GC(1091)   Pre Evacuate Collection Set: 0.40ms
[470.486s][info][gc,phases      ] GC(1091)   Merge Heap Roots: 0.35ms
[470.486s][info][gc,phases      ] GC(1091)   Evacuate Collection Set: 32.75ms
[470.486s][info][gc,phases      ] GC(1091)   Post Evacuate Collection Set: 0.54ms
[470.486s][info][gc,phases      ] GC(1091)   Other: 0.14ms
[470.486s][info][gc,heap        ] GC(1091) Eden regions: 269->0(265)
[470.486s][info][gc,heap        ] GC(1091) Survivor regions: 11->24(35)
[470.486s][info][gc,heap        ] GC(1091) Old regions: 595->595
[470.486s][info][gc,heap        ] GC(1091) Humongous regions: 8->8
[470.486s][info][gc,metaspace   ] GC(1091) Metaspace: 18943K(19072K)->18943K(19072K) NonClass: 17114K(17216K)->17114K(17216K) Class: 1829K(1856K)->1829K(1856K)
[470.486s][info][gc             ] GC(1091) Pause Young (Concurrent Start) (G1 Evacuation Pause) 882M->626M(978M) 34.492ms
[470.486s][info][gc,cpu         ] GC(1091) User=0.06s Sys=0.00s Real=0.04s
[470.486s][info][gc             ] GC(1092) Concurrent Mark Cycle
[470.487s][info][gc,marking     ] GC(1092) Concurrent Scan Root Regions
[470.507s][info][gc,marking     ] GC(1092) Concurrent Scan Root Regions 20.536ms
[470.507s][info][gc,marking     ] GC(1092) Concurrent Mark
[470.507s][info][gc,marking     ] GC(1092) Concurrent Mark From Roots
[470.507s][info][gc,task        ] GC(1092) Using 1 workers of 1 for marking
[471.168s][info][gc,start       ] GC(1093) Pause Young (Normal) (G1 Evacuation Pause)
[471.168s][info][gc,task        ] GC(1093) Using 2 workers of 2 for evacuation
[471.226s][info][gc,phases      ] GC(1093)   Pre Evacuate Collection Set: 0.57ms
[471.226s][info][gc,phases      ] GC(1093)   Merge Heap Roots: 0.21ms
[471.226s][info][gc,phases      ] GC(1093)   Evacuate Collection Set: 56.56ms
[471.226s][info][gc,phases      ] GC(1093)   Post Evacuate Collection Set: 0.65ms
[471.226s][info][gc,phases      ] GC(1093)   Other: 0.09ms
[471.226s][info][gc,heap        ] GC(1093) Eden regions: 265->0(238)
[471.226s][info][gc,heap        ] GC(1093) Survivor regions: 24->37(37)
[471.226s][info][gc,heap        ] GC(1093) Old regions: 595->608
[471.226s][info][gc,heap        ] GC(1093) Humongous regions: 8->8
[471.226s][info][gc,metaspace   ] GC(1093) Metaspace: 18943K(19072K)->18943K(19072K) NonClass: 17114K(17216K)->17114K(17216K) Class: 1829K(1856K)->1829K(1856K)
[471.226s][info][gc             ] GC(1093) Pause Young (Normal) (G1 Evacuation Pause) 891M->652M(978M) 58.335ms
[471.226s][info][gc,cpu         ] GC(1093) User=0.12s Sys=0.00s Real=0.06s
[471.473s][info][gc,marking     ] GC(1092) Concurrent Mark From Roots 965.461ms
[471.473s][info][gc,marking     ] GC(1092) Concurrent Preclean
[471.473s][info][gc,marking     ] GC(1092) Concurrent Preclean 0.056ms
[471.473s][info][gc,start       ] GC(1092) Pause Remark
[471.646s][info][gc             ] GC(1092) Pause Remark 801M->691M(978M) 172.649ms
[471.646s][info][gc,cpu         ] GC(1092) User=0.35s Sys=0.01s Real=0.17s
[471.646s][info][gc,marking     ] GC(1092) Concurrent Mark 1139.139ms
[471.646s][info][gc,marking     ] GC(1092) Concurrent Rebuild Remembered Sets and Scrub Regions
[471.940s][info][gc,start       ] GC(1094) Pause Young (Normal) (G1 Evacuation Pause)
[471.940s][info][gc,task        ] GC(1094) Using 2 workers of 2 for evacuation
[472.050s][info][gc,phases      ] GC(1094)   Pre Evacuate Collection Set: 0.30ms
[472.050s][info][gc,phases      ] GC(1094)   Merge Heap Roots: 0.44ms
[472.050s][info][gc,phases      ] GC(1094)   Evacuate Collection Set: 108.66ms
[472.050s][info][gc,phases      ] GC(1094)   Post Evacuate Collection Set: 0.75ms
[472.050s][info][gc,phases      ] GC(1094)   Other: 0.10ms
[472.050s][info][gc,heap        ] GC(1094) Eden regions: 238->0(255)
[472.050s][info][gc,heap        ] GC(1094) Survivor regions: 37->35(35)
[472.050s][info][gc,heap        ] GC(1094) Old regions: 501->564
[472.050s][info][gc,heap        ] GC(1094) Humongous regions: 5->5
[472.050s][info][gc,metaspace   ] GC(1094) Metaspace: 18943K(19072K)->18943K(19072K) NonClass: 17114K(17216K)->17114K(17216K) Class: 1829K(1856K)->1829K(1856K)
[472.050s][info][gc             ] GC(1094) Pause Young (Normal) (G1 Evacuation Pause) 780M->603M(978M) 110.557ms
[472.050s][info][gc,cpu         ] GC(1094) User=0.22s Sys=0.00s Real=0.11s
[472.257s][info][gc,marking     ] GC(1092) Concurrent Rebuild Remembered Sets and Scrub Regions 610.652ms
[472.257s][info][gc,start       ] GC(1092) Pause Cleanup
[472.257s][info][gc             ] GC(1092) Pause Cleanup 712M->712M(978M) 0.137ms
[472.257s][info][gc,cpu         ] GC(1092) User=0.00s Sys=0.00s Real=0.00s
[472.257s][info][gc,marking     ] GC(1092) Concurrent Clear Claimed Marks
[472.257s][info][gc,marking     ] GC(1092) Concurrent Clear Claimed Marks 0.032ms
[472.257s][info][gc,marking     ] GC(1092) Concurrent Cleanup for Next Mark
[472.260s][info][gc,marking     ] GC(1092) Concurrent Cleanup for Next Mark 3.004ms
[472.260s][info][gc             ] GC(1092) Concurrent Mark Cycle 1773.963ms
[472.389s][info][gc,start       ] GC(1095) Pause Young (Prepare Mixed) (G1 Evacuation Pause)
[472.389s][info][gc,task        ] GC(1095) Using 2 workers of 2 for evacuation
[472.521s][info][gc,phases      ] GC(1095)   Pre Evacuate Collection Set: 0.57ms
[472.521s][info][gc,phases      ] GC(1095)   Merge Heap Roots: 0.54ms
[472.521s][info][gc,phases      ] GC(1095)   Evacuate Collection Set: 130.14ms
[472.521s][info][gc,phases      ] GC(1095)   Post Evacuate Collection Set: 0.95ms
[472.521s][info][gc,phases      ] GC(1095)   Other: 0.10ms
[472.521s][info][gc,heap        ] GC(1095) Eden regions: 255->0(183)
[472.521s][info][gc,heap        ] GC(1095) Survivor regions: 35->37(37)
[472.521s][info][gc,heap        ] GC(1095) Old regions: 564->631
[472.521s][info][gc,heap        ] GC(1095) Humongous regions: 8->8
[472.521s][info][gc,metaspace   ] GC(1095) Metaspace: 18943K(19072K)->18943K(19072K) NonClass: 17114K(17216K)->17114K(17216K) Class: 1829K(1856K)->1829K(1856K)
[472.521s][info][gc             ] GC(1095) Pause Young (Prepare Mixed) (G1 Evacuation Pause) 861M->675M(978M) 132.579ms
[472.521s][info][gc,cpu         ] GC(1095) User=0.26s Sys=0.00s Real=0.13s
[472.687s][info][gc,start       ] GC(1096) Pause Young (Mixed) (G1 Evacuation Pause)
[472.687s][info][gc,task        ] GC(1096) Using 2 workers of 2 for evacuation
[472.825s][info][gc,phases      ] GC(1096)   Pre Evacuate Collection Set: 0.41ms
[472.825s][info][gc,phases      ] GC(1096)   Merge Heap Roots: 0.75ms
[472.825s][info][gc,phases      ] GC(1096)   Evacuate Collection Set: 135.54ms
[472.825s][info][gc,phases      ] GC(1096)   Post Evacuate Collection Set: 0.64ms
[472.825s][info][gc,phases      ] GC(1096)   Other: 0.09ms
[472.825s][info][gc,heap        ] GC(1096) Eden regions: 183->0(173)
[472.825s][info][gc,heap        ] GC(1096) Survivor regions: 37->28(28)
[472.825s][info][gc,heap        ] GC(1096) Old regions: 631->644
[472.825s][info][gc,heap        ] GC(1096) Humongous regions: 8->8
[472.825s][info][gc,metaspace   ] GC(1096) Metaspace: 18943K(19072K)->18943K(19072K) NonClass: 17114K(17216K)->17114K(17216K) Class: 1829K(1856K)->1829K(1856K)
[472.825s][info][gc             ] GC(1096) Pause Young (Mixed) (G1 Evacuation Pause) 858M->679M(978M) 137.704ms
[472.825s][info][gc,cpu         ] GC(1096) User=0.28s Sys=0.00s Real=0.14s
[472.969s][info][gc,start       ] GC(1097) Pause Young (Concurrent Start) (G1 Evacuation Pause)
[472.969s][info][gc,task        ] GC(1097) Using 2 workers of 2 for evacuation
[473.028s][info][gc,phases      ] GC(1097)   Pre Evacuate Collection Set: 0.40ms
[473.028s][info][gc,phases      ] GC(1097)   Merge Heap Roots: 0.35ms
[473.028s][info][gc,phases      ] GC(1097)   Evacuate Collection Set: 57.00ms
[473.028s][info][gc,phases      ] GC(1097)   Post Evacuate Collection Set: 0.55ms
[473.028s][info][gc,phases      ] GC(1097)   Other: 0.23ms
[473.028s][info][gc,heap        ] GC(1097) Eden regions: 173->0(171)
[473.028s][info][gc,heap        ] GC(1097) Survivor regions: 28->18(26)
[473.028s][info][gc,heap        ] GC(1097) Old regions: 644->673
[473.028s][info][gc,heap        ] GC(1097) Humongous regions: 8->8
[473.028s][info][gc,metaspace   ] GC(1097) Metaspace: 18943K(19072K)->18943K(19072K) NonClass: 17114K(17216K)->17114K(17216K) Class: 1829K(1856K)->1829K(1856K)
[473.028s][info][gc             ] GC(1097) Pause Young (Concurrent Start) (G1 Evacuation Pause) 852M->698M(978M) 58.790ms
[473.028s][info][gc,cpu         ] GC(1097) User=0.12s Sys=0.00s Real=0.06s
[473.028s][info][gc             ] GC(1098) Concurrent Mark Cycle
[473.028s][info][gc,marking     ] GC(1098) Concurrent Scan Root Regions
[473.105s][info][gc,marking     ] GC(1098) Concurrent Scan Root Regions 76.879ms
[473.105s][info][gc,marking     ] GC(1098) Concurrent Mark
[473.105s][info][gc,marking     ] GC(1098) Concurrent Mark From Roots
[473.105s][info][gc,task        ] GC(1098) Using 1 workers of 1 for marking
[473.265s][info][gc,start       ] GC(1099) Pause Young (Normal) (G1 Evacuation Pause)
[473.265s][info][gc,task        ] GC(1099) Using 2 workers of 2 for evacuation
[473.332s][info][gc,phases      ] GC(1099)   Pre Evacuate Collection Set: 0.57ms
[473.332s][info][gc,phases      ] GC(1099)   Merge Heap Roots: 0.46ms
[473.332s][info][gc,phases      ] GC(1099)   Evacuate Collection Set: 65.17ms
[473.332s][info][gc,phases      ] GC(1099)   Post Evacuate Collection Set: 0.57ms
[473.332s][info][gc,phases      ] GC(1099)   Other: 0.11ms
[473.332s][info][gc,heap        ] GC(1099) Eden regions: 171->0(164)
[473.332s][info][gc,heap        ] GC(1099) Survivor regions: 18->17(24)
[473.332s][info][gc,heap        ] GC(1099) Old regions: 673->691
[473.332s][info][gc,heap        ] GC(1099) Humongous regions: 11->11
[473.332s][info][gc,metaspace   ] GC(1099) Metaspace: 18943K(19072K)->18943K(19072K) NonClass: 17114K(17216K)->17114K(17216K) Class: 1829K(1856K)->1829K(1856K)
[473.332s][info][gc             ] GC(1099) Pause Young (Normal) (G1 Evacuation Pause) 872M->718M(978M) 67.132ms
[473.332s][info][gc,cpu         ] GC(1099) User=0.13s Sys=0.00s Real=0.06s
[473.596s][info][gc,start       ] GC(1100) Pause Young (Normal) (G1 Evacuation Pause)
[473.596s][info][gc,task        ] GC(1100) Using 2 workers of 2 for evacuation
[473.668s][info][gc,phases      ] GC(1100)   Pre Evacuate Collection Set: 0.56ms
[473.668s][info][gc,phases      ] GC(1100)   Merge Heap Roots: 0.43ms
[473.668s][info][gc,phases      ] GC(1100)   Evacuate Collection Set: 69.95ms
[473.668s][info][gc,phases      ] GC(1100)   Post Evacuate Collection Set: 0.50ms
[473.668s][info][gc,phases      ] GC(1100)   Other: 0.09ms
[473.668s][info][gc,heap        ] GC(1100) Eden regions: 164->0(154)
[473.668s][info][gc,heap        ] GC(1100) Survivor regions: 17->23(23)
[473.668s][info][gc,heap        ] GC(1100) Old regions: 691->708
[473.668s][info][gc,heap        ] GC(1100) Humongous regions: 11->11
[473.668s][info][gc,metaspace   ] GC(1100) Metaspace: 18943K(19072K)->18943K(19072K) NonClass: 17114K(17216K)->17114K(17216K) Class: 1829K(1856K)->1829K(1856K)
[473.668s][info][gc             ] GC(1100) Pause Young (Normal) (G1 Evacuation Pause) 882M->741M(978M) 71.811ms
[473.668s][info][gc,cpu         ] GC(1100) User=0.14s Sys=0.00s Real=0.07s
[473.884s][info][gc,start       ] GC(1101) Pause Young (Normal) (G1 Evacuation Pause)
[473.884s][info][gc,task        ] GC(1101) Using 2 workers of 2 for evacuation
[473.940s][info][gc,phases      ] GC(1101)   Pre Evacuate Collection Set: 0.57ms
[473.940s][info][gc,phases      ] GC(1101)   Merge Heap Roots: 0.24ms
[473.940s][info][gc,phases      ] GC(1101)   Evacuate Collection Set: 55.00ms
[473.940s][info][gc,phases      ] GC(1101)   Post Evacuate Collection Set: 0.48ms
[473.940s][info][gc,phases      ] GC(1101)   Other: 0.09ms
[473.940s][info][gc,heap        ] GC(1101) Eden regions: 154->0(141)
[473.940s][info][gc,heap        ] GC(1101) Survivor regions: 23->22(23)
[473.940s][info][gc,heap        ] GC(1101) Old regions: 708->731
[473.940s][info][gc,heap        ] GC(1101) Humongous regions: 11->11
[473.940s][info][gc,metaspace   ] GC(1101) Metaspace: 18943K(19072K)->18943K(19072K) NonClass: 17114K(17216K)->17114K(17216K) Class: 1829K(1856K)->1829K(1856K)
[473.940s][info][gc             ] GC(1101) Pause Young (Normal) (G1 Evacuation Pause) 895M->763M(978M) 56.643ms
[473.940s][info][gc,cpu         ] GC(1101) User=0.11s Sys=0.00s Real=0.05s
[474.131s][info][gc,start       ] GC(1102) Pause Young (Normal) (G1 Evacuation Pause)
[474.131s][info][gc,task        ] GC(1102) Using 2 workers of 2 for evacuation
[474.177s][info][gc,phases      ] GC(1102)   Pre Evacuate Collection Set: 0.59ms
[474.177s][info][gc,phases      ] GC(1102)   Merge Heap Roots: 0.20ms
[474.177s][info][gc,phases      ] GC(1102)   Evacuate Collection Set: 44.50ms
[474.177s][info][gc,phases      ] GC(1102)   Post Evacuate Collection Set: 0.45ms
[474.177s][info][gc,phases      ] GC(1102)   Other: 0.10ms
[474.177s][info][gc,heap        ] GC(1102) Eden regions: 141->0(133)
[474.177s][info][gc,heap        ] GC(1102) Survivor regions: 22->15(21)
[474.177s][info][gc,heap        ] GC(1102) Old regions: 731->753
[474.177s][info][gc,heap        ] GC(1102) Humongous regions: 11->11
[474.177s][info][gc,metaspace   ] GC(1102) Metaspace: 18943K(19072K)->18943K(19072K) NonClass: 17114K(17216K)->17114K(17216K) Class: 1829K(1856K)->1829K(1856K)
[474.177s][info][gc             ] GC(1102) Pause Young (Normal) (G1 Evacuation Pause) 904M->777M(978M) 46.079ms
[474.177s][info][gc,cpu         ] GC(1102) User=0.09s Sys=0.00s Real=0.05s
[474.350s][info][gc,start       ] GC(1103) Pause Young (Normal) (G1 Evacuation Pause)
[474.350s][info][gc,task        ] GC(1103) Using 2 workers of 2 for evacuation
[474.394s][info][gc,phases      ] GC(1103)   Pre Evacuate Collection Set: 0.36ms
[474.394s][info][gc,phases      ] GC(1103)   Merge Heap Roots: 0.25ms
[474.394s][info][gc,phases      ] GC(1103)   Evacuate Collection Set: 42.31ms
[474.394s][info][gc,phases      ] GC(1103)   Post Evacuate Collection Set: 0.44ms
[474.394s][info][gc,phases      ] GC(1103)   Other: 0.09ms
[474.394s][info][gc,heap        ] GC(1103) Eden regions: 133->0(112)
[474.394s][info][gc,heap        ] GC(1103) Survivor regions: 15->19(19)
[474.394s][info][gc,heap        ] GC(1103) Old regions: 753->767
[474.394s][info][gc,heap        ] GC(1103) Humongous regions: 11->11
[474.394s][info][gc,metaspace   ] GC(1103) Metaspace: 18943K(19072K)->18943K(19072K) NonClass: 17114K(17216K)->17114K(17216K) Class: 1829K(1856K)->1829K(1856K)
[474.394s][info][gc             ] GC(1103) Pause Young (Normal) (G1 Evacuation Pause) 910M->796M(978M) 43.761ms
[474.394s][info][gc,cpu         ] GC(1103) User=0.08s Sys=0.00s Real=0.05s
[474.615s][info][gc,marking     ] GC(1098) Concurrent Mark From Roots 1510.152ms
[474.615s][info][gc,marking     ] GC(1098) Concurrent Preclean
[474.615s][info][gc,marking     ] GC(1098) Concurrent Preclean 0.063ms
[474.615s][info][gc,start       ] GC(1098) Pause Remark
[474.624s][info][gc             ] GC(1098) Pause Remark 894M->700M(978M) 8.991ms
[474.625s][info][gc,cpu         ] GC(1098) User=0.02s Sys=0.00s Real=0.01s
[474.625s][info][gc,marking     ] GC(1098) Concurrent Mark 1519.594ms
[474.625s][info][gc,marking     ] GC(1098) Concurrent Rebuild Remembered Sets and Scrub Regions
[474.641s][info][gc,start       ] GC(1104) Pause Young (Normal) (G1 Evacuation Pause)
[474.641s][info][gc,task        ] GC(1104) Using 2 workers of 2 for evacuation
[474.673s][info][gc,phases      ] GC(1104)   Pre Evacuate Collection Set: 0.35ms
[474.673s][info][gc,phases      ] GC(1104)   Merge Heap Roots: 0.31ms
[474.673s][info][gc,phases      ] GC(1104)   Evacuate Collection Set: 30.45ms
[474.673s][info][gc,phases      ] GC(1104)   Post Evacuate Collection Set: 0.38ms
[474.673s][info][gc,phases      ] GC(1104)   Other: 0.11ms
[474.673s][info][gc,heap        ] GC(1104) Eden regions: 112->0(266)
[474.673s][info][gc,heap        ] GC(1104) Survivor regions: 19->1(17)
[474.673s][info][gc,heap        ] GC(1104) Old regions: 577->596
[474.673s][info][gc,heap        ] GC(1104) Humongous regions: 7->7
[474.673s][info][gc,metaspace   ] GC(1104) Metaspace: 18943K(19072K)->18943K(19072K) NonClass: 17114K(17216K)->17114K(17216K) Class: 1829K(1856K)->1829K(1856K)
[474.673s][info][gc             ] GC(1104) Pause Young (Normal) (G1 Evacuation Pause) 714M->603M(978M) 31.855ms
[474.673s][info][gc,cpu         ] GC(1104) User=0.06s Sys=0.00s Real=0.04s
[475.188s][info][gc,marking     ] GC(1098) Concurrent Rebuild Remembered Sets and Scrub Regions 563.143ms
[475.188s][info][gc,start       ] GC(1098) Pause Cleanup
[475.188s][info][gc             ] GC(1098) Pause Cleanup 797M->797M(978M) 0.158ms
[475.188s][info][gc,cpu         ] GC(1098) User=0.00s Sys=0.00s Real=0.00s
[475.188s][info][gc,marking     ] GC(1098) Concurrent Clear Claimed Marks
[475.188s][info][gc,marking     ] GC(1098) Concurrent Clear Claimed Marks 0.047ms
[475.188s][info][gc,marking     ] GC(1098) Concurrent Cleanup for Next Mark
[475.193s][info][gc,marking     ] GC(1098) Concurrent Cleanup for Next Mark 5.050ms
[475.193s][info][gc             ] GC(1098) Concurrent Mark Cycle 2165.385ms
[475.296s][info][gc,start       ] GC(1105) Pause Young (Prepare Mixed) (G1 Evacuation Pause)
[475.296s][info][gc,task        ] GC(1105) Using 2 workers of 2 for evacuation
[475.338s][info][gc,phases      ] GC(1105)   Pre Evacuate Collection Set: 0.55ms
[475.338s][info][gc,phases      ] GC(1105)   Merge Heap Roots: 0.28ms
[475.338s][info][gc,phases      ] GC(1105)   Evacuate Collection Set: 40.60ms
[475.338s][info][gc,phases      ] GC(1105)   Post Evacuate Collection Set: 0.60ms
[475.338s][info][gc,phases      ] GC(1105)   Other: 0.13ms
[475.338s][info][gc,heap        ] GC(1105) Eden regions: 266->0(245)
[475.338s][info][gc,heap        ] GC(1105) Survivor regions: 1->29(34)
[475.338s][info][gc,heap        ] GC(1105) Old regions: 596->596
[475.338s][info][gc,heap        ] GC(1105) Humongous regions: 7->7
[475.338s][info][gc,metaspace   ] GC(1105) Metaspace: 18943K(19072K)->18943K(19072K) NonClass: 17114K(17216K)->17114K(17216K) Class: 1829K(1856K)->1829K(1856K)
[475.338s][info][gc             ] GC(1105) Pause Young (Prepare Mixed) (G1 Evacuation Pause) 869M->631M(978M) 42.471ms
[475.338s][info][gc,cpu         ] GC(1105) User=0.08s Sys=0.00s Real=0.04s
[476.054s][info][gc,start       ] GC(1106) Pause Young (Mixed) (G1 Evacuation Pause)
[476.054s][info][gc,task        ] GC(1106) Using 2 workers of 2 for evacuation
[476.102s][info][gc,phases      ] GC(1106)   Pre Evacuate Collection Set: 0.58ms
[476.102s][info][gc,phases      ] GC(1106)   Merge Heap Roots: 0.35ms
[476.102s][info][gc,phases      ] GC(1106)   Evacuate Collection Set: 46.45ms
[476.102s][info][gc,phases      ] GC(1106)   Post Evacuate Collection Set: 0.58ms
[476.102s][info][gc,phases      ] GC(1106)   Other: 0.12ms
[476.103s][info][gc,heap        ] GC(1106) Eden regions: 245->0(288)
[476.103s][info][gc,heap        ] GC(1106) Survivor regions: 29->5(35)
[476.103s][info][gc,heap        ] GC(1106) Old regions: 596->588
[476.103s][info][gc,heap        ] GC(1106) Humongous regions: 7->7
[476.103s][info][gc,metaspace   ] GC(1106) Metaspace: 18943K(19072K)->18943K(19072K) NonClass: 17114K(17216K)->17114K(17216K) Class: 1829K(1856K)->1829K(1856K)
[476.103s][info][gc             ] GC(1106) Pause Young (Mixed) (G1 Evacuation Pause) 876M->598M(978M) 48.372ms
[476.103s][info][gc,cpu         ] GC(1106) User=0.09s Sys=0.00s Real=0.05s
[476.879s][info][gc,start       ] GC(1107) Pause Young (Concurrent Start) (G1 Evacuation Pause)
[476.880s][info][gc,task        ] GC(1107) Using 2 workers of 2 for evacuation
[476.887s][info][gc,phases      ] GC(1107)   Pre Evacuate Collection Set: 0.39ms
[476.887s][info][gc,phases      ] GC(1107)   Merge Heap Roots: 0.13ms
[476.887s][info][gc,phases      ] GC(1107)   Evacuate Collection Set: 5.99ms
[476.887s][info][gc,phases      ] GC(1107)   Post Evacuate Collection Set: 0.56ms
[476.887s][info][gc,phases      ] GC(1107)   Other: 0.14ms
[476.887s][info][gc,heap        ] GC(1107) Eden regions: 288->0(306)
[476.887s][info][gc,heap        ] GC(1107) Survivor regions: 5->5(37)
[476.887s][info][gc,heap        ] GC(1107) Old regions: 588->588
[476.887s][info][gc,heap        ] GC(1107) Humongous regions: 7->7
[476.887s][info][gc,metaspace   ] GC(1107) Metaspace: 18943K(19072K)->18943K(19072K) NonClass: 17114K(17216K)->17114K(17216K) Class: 1829K(1856K)->1829K(1856K)
[476.887s][info][gc             ] GC(1107) Pause Young (Concurrent Start) (G1 Evacuation Pause) 886M->598M(978M) 7.447ms
[476.887s][info][gc             ] GC(1108) Concurrent Mark Cycle
[476.887s][info][gc,marking     ] GC(1108) Concurrent Scan Root Regions
[476.888s][info][gc,cpu         ] GC(1107) User=0.02s Sys=0.00s Real=0.01s
[476.895s][info][gc,marking     ] GC(1108) Concurrent Scan Root Regions 8.422ms
[476.895s][info][gc,marking     ] GC(1108) Concurrent Mark
[476.895s][info][gc,marking     ] GC(1108) Concurrent Mark From Roots
[476.895s][info][gc,task        ] GC(1108) Using 1 workers of 1 for marking
[478.090s][info][gc,start       ] GC(1109) Pause Young (Normal) (G1 Evacuation Pause)
[478.091s][info][gc,task        ] GC(1109) Using 2 workers of 2 for evacuation
[478.104s][info][gc,phases      ] GC(1109)   Pre Evacuate Collection Set: 0.32ms
[478.104s][info][gc,phases      ] GC(1109)   Merge Heap Roots: 0.35ms
[478.104s][info][gc,phases      ] GC(1109)   Evacuate Collection Set: 12.44ms
[478.104s][info][gc,phases      ] GC(1109)   Post Evacuate Collection Set: 0.56ms
[478.105s][info][gc,phases      ] GC(1109)   Other: 0.13ms
[478.105s][info][gc,heap        ] GC(1109) Eden regions: 306->0(320)
[478.105s][info][gc,heap        ] GC(1109) Survivor regions: 5->5(39)
[478.105s][info][gc,heap        ] GC(1109) Old regions: 588->588
[478.105s][info][gc,heap        ] GC(1109) Humongous regions: 7->7
[478.105s][info][gc,metaspace   ] GC(1109) Metaspace: 18943K(19072K)->18943K(19072K) NonClass: 17114K(17216K)->17114K(17216K) Class: 1829K(1856K)->1829K(1856K)
[478.105s][info][gc             ] GC(1109) Pause Young (Normal) (G1 Evacuation Pause) 904M->598M(978M) 14.161ms
[478.105s][info][gc,cpu         ] GC(1109) User=0.02s Sys=0.00s Real=0.02s
[478.855s][info][gc,marking     ] GC(1108) Concurrent Mark From Roots 1959.459ms
[478.855s][info][gc,marking     ] GC(1108) Concurrent Preclean
[478.855s][info][gc,marking     ] GC(1108) Concurrent Preclean 0.050ms
[478.855s][info][gc,start       ] GC(1108) Pause Remark
[478.864s][info][gc             ] GC(1108) Pause Remark 786M->785M(978M) 8.704ms
[478.864s][info][gc,cpu         ] GC(1108) User=0.01s Sys=0.00s Real=0.01s
[478.864s][info][gc,marking     ] GC(1108) Concurrent Mark 1968.533ms
[478.864s][info][gc,marking     ] GC(1108) Concurrent Rebuild Remembered Sets and Scrub Regions
[479.090s][info][gc,start       ] GC(1110) Pause Young (Normal) (G1 Evacuation Pause)
[479.090s][info][gc,task        ] GC(1110) Using 2 workers of 2 for evacuation
[479.160s][info][gc,phases      ] GC(1110)   Pre Evacuate Collection Set: 0.32ms
[479.160s][info][gc,phases      ] GC(1110)   Merge Heap Roots: 0.58ms
[479.160s][info][gc,phases      ] GC(1110)   Evacuate Collection Set: 67.85ms
[479.160s][info][gc,phases      ] GC(1110)   Post Evacuate Collection Set: 0.73ms
[479.160s][info][gc,phases      ] GC(1110)   Other: 0.13ms
[479.160s][info][gc,heap        ] GC(1110) Eden regions: 320->0(243)
[479.160s][info][gc,heap        ] GC(1110) Survivor regions: 5->41(41)
[479.160s][info][gc,heap        ] GC(1110) Old regions: 588->597
[479.160s][info][gc,heap        ] GC(1110) Humongous regions: 6->6
[479.160s][info][gc,metaspace   ] GC(1110) Metaspace: 18943K(19072K)->18943K(19072K) NonClass: 17114K(17216K)->17114K(17216K) Class: 1829K(1856K)->1829K(1856K)
[479.160s][info][gc             ] GC(1110) Pause Young (Normal) (G1 Evacuation Pause) 917M->643M(978M) 69.900ms
[479.160s][info][gc,cpu         ] GC(1110) User=0.14s Sys=0.00s Real=0.07s
[479.545s][info][gc,marking     ] GC(1108) Concurrent Rebuild Remembered Sets and Scrub Regions 680.681ms
[479.545s][info][gc,start       ] GC(1108) Pause Cleanup
[479.545s][info][gc             ] GC(1108) Pause Cleanup 825M->825M(978M) 0.149ms
[479.545s][info][gc,cpu         ] GC(1108) User=0.00s Sys=0.00s Real=0.00s
[479.546s][info][gc,marking     ] GC(1108) Concurrent Clear Claimed Marks
[479.546s][info][gc,marking     ] GC(1108) Concurrent Clear Claimed Marks 0.040ms
[479.546s][info][gc,marking     ] GC(1108) Concurrent Cleanup for Next Mark
[479.549s][info][gc,marking     ] GC(1108) Concurrent Cleanup for Next Mark 3.005ms
[479.549s][info][gc             ] GC(1108) Concurrent Mark Cycle 2661.798ms
[479.620s][info][gc,start       ] GC(1111) Pause Young (Prepare Mixed) (G1 Evacuation Pause)
[479.620s][info][gc,task        ] GC(1111) Using 2 workers of 2 for evacuation
[479.708s][info][gc,phases      ] GC(1111)   Pre Evacuate Collection Set: 0.57ms
[479.708s][info][gc,phases      ] GC(1111)   Merge Heap Roots: 0.71ms
[479.708s][info][gc,phases      ] GC(1111)   Evacuate Collection Set: 86.06ms
[479.708s][info][gc,phases      ] GC(1111)   Post Evacuate Collection Set: 0.69ms
[479.708s][info][gc,phases      ] GC(1111)   Other: 0.10ms
[479.708s][info][gc,heap        ] GC(1111) Eden regions: 243->0(216)
[479.708s][info][gc,heap        ] GC(1111) Survivor regions: 41->34(36)
[479.708s][info][gc,heap        ] GC(1111) Old regions: 597->638
[479.708s][info][gc,heap        ] GC(1111) Humongous regions: 6->6
[479.708s][info][gc,metaspace   ] GC(1111) Metaspace: 18944K(19072K)->18944K(19072K) NonClass: 17114K(17216K)->17114K(17216K) Class: 1829K(1856K)->1829K(1856K)
[479.708s][info][gc             ] GC(1111) Pause Young (Prepare Mixed) (G1 Evacuation Pause) 886M->677M(978M) 88.427ms
[479.708s][info][gc,cpu         ] GC(1111) User=0.17s Sys=0.00s Real=0.09s
[479.977s][info][gc,start       ] GC(1112) Pause Young (Mixed) (G1 Evacuation Pause)
[479.977s][info][gc,task        ] GC(1112) Using 2 workers of 2 for evacuation
[480.098s][info][gc,phases      ] GC(1112)   Pre Evacuate Collection Set: 0.57ms
[480.098s][info][gc,phases      ] GC(1112)   Merge Heap Roots: 0.36ms
[480.098s][info][gc,phases      ] GC(1112)   Evacuate Collection Set: 114.69ms
[480.098s][info][gc,phases      ] GC(1112)   Post Evacuate Collection Set: 5.60ms
[480.098s][info][gc,phases      ] GC(1112)   Other: 0.09ms
[480.098s][info][gc,heap        ] GC(1112) Eden regions: 216->0(120)
[480.098s][info][gc,heap        ] GC(1112) Survivor regions: 34->32(32)
[480.098s][info][gc,heap        ] GC(1112) Old regions: 638->735
[480.098s][info][gc,heap        ] GC(1112) Humongous regions: 9->9
[480.098s][info][gc,metaspace   ] GC(1112) Metaspace: 18958K(19072K)->18958K(19072K) NonClass: 17129K(17216K)->17129K(17216K) Class: 1829K(1856K)->1829K(1856K)
[480.098s][info][gc             ] GC(1112) Pause Young (Mixed) (G1 Evacuation Pause) (Evacuation Failure: Allocation) 896M->775M(978M) 121.581ms
[480.098s][info][gc,cpu         ] GC(1112) User=0.24s Sys=0.00s Real=0.12s
[480.222s][info][gc,start       ] GC(1113) Pause Young (Concurrent Start) (G1 Evacuation Pause)
[480.222s][info][gc,task        ] GC(1113) Using 2 workers of 2 for evacuation
[480.311s][info][gc,phases      ] GC(1113)   Pre Evacuate Collection Set: 0.42ms
[480.311s][info][gc,phases      ] GC(1113)   Merge Heap Roots: 0.55ms
[480.311s][info][gc,phases      ] GC(1113)   Evacuate Collection Set: 86.25ms
[480.311s][info][gc,phases      ] GC(1113)   Post Evacuate Collection Set: 0.61ms
[480.311s][info][gc,phases      ] GC(1113)   Other: 0.25ms
[480.311s][info][gc,heap        ] GC(1113) Eden regions: 120->0(162)
[480.311s][info][gc,heap        ] GC(1113) Survivor regions: 32->19(19)
[480.311s][info][gc,heap        ] GC(1113) Old regions: 735->717
[480.311s][info][gc,heap        ] GC(1113) Humongous regions: 9->9
[480.311s][info][gc,metaspace   ] GC(1113) Metaspace: 18960K(19072K)->18960K(19072K) NonClass: 17131K(17216K)->17131K(17216K) Class: 1829K(1856K)->1829K(1856K)
[480.311s][info][gc             ] GC(1113) Pause Young (Concurrent Start) (G1 Evacuation Pause) 895M->744M(978M) 88.365ms
[480.311s][info][gc,cpu         ] GC(1113) User=0.17s Sys=0.01s Real=0.09s
[480.312s][info][gc             ] GC(1114) Concurrent Mark Cycle
[480.312s][info][gc,marking     ] GC(1114) Concurrent Scan Root Regions
[480.420s][info][gc,marking     ] GC(1114) Concurrent Scan Root Regions 108.030ms
[480.420s][info][gc,marking     ] GC(1114) Concurrent Mark
[480.420s][info][gc,marking     ] GC(1114) Concurrent Mark From Roots
[480.420s][info][gc,task        ] GC(1114) Using 1 workers of 1 for marking
[480.541s][info][gc,start       ] GC(1115) Pause Young (Normal) (G1 Evacuation Pause)
[480.541s][info][gc,task        ] GC(1115) Using 2 workers of 2 for evacuation
[480.580s][info][gc,phases      ] GC(1115)   Pre Evacuate Collection Set: 0.34ms
[480.580s][info][gc,phases      ] GC(1115)   Merge Heap Roots: 0.21ms
[480.580s][info][gc,phases      ] GC(1115)   Evacuate Collection Set: 38.22ms
[480.580s][info][gc,phases      ] GC(1115)   Post Evacuate Collection Set: 0.46ms
[480.580s][info][gc,phases      ] GC(1115)   Other: 0.09ms
[480.580s][info][gc,heap        ] GC(1115) Eden regions: 162->0(159)
[480.580s][info][gc,heap        ] GC(1115) Survivor regions: 19->12(23)
[480.580s][info][gc,heap        ] GC(1115) Old regions: 717->736
[480.580s][info][gc,heap        ] GC(1115) Humongous regions: 9->9
[480.580s][info][gc,metaspace   ] GC(1115) Metaspace: 18960K(19072K)->18960K(19072K) NonClass: 17131K(17216K)->17131K(17216K) Class: 1829K(1856K)->1829K(1856K)
[480.580s][info][gc             ] GC(1115) Pause Young (Normal) (G1 Evacuation Pause) 906M->756M(978M) 39.600ms
[480.580s][info][gc,cpu         ] GC(1115) User=0.08s Sys=0.00s Real=0.04s
[480.800s][info][gc,start       ] GC(1116) Pause Young (Normal) (G1 Evacuation Pause)
[480.800s][info][gc,task        ] GC(1116) Using 2 workers of 2 for evacuation
[480.840s][info][gc,phases      ] GC(1116)   Pre Evacuate Collection Set: 0.33ms
[480.840s][info][gc,phases      ] GC(1116)   Merge Heap Roots: 0.25ms
[480.840s][info][gc,phases      ] GC(1116)   Evacuate Collection Set: 38.66ms
[480.840s][info][gc,phases      ] GC(1116)   Post Evacuate Collection Set: 0.52ms
[480.840s][info][gc,phases      ] GC(1116)   Other: 0.12ms
[480.840s][info][gc,heap        ] GC(1116) Eden regions: 159->0(129)
[480.840s][info][gc,heap        ] GC(1116) Survivor regions: 12->22(22)
[480.840s][info][gc,heap        ] GC(1116) Old regions: 736->746
[480.840s][info][gc,heap        ] GC(1116) Humongous regions: 9->9
[480.840s][info][gc,metaspace   ] GC(1116) Metaspace: 18960K(19072K)->18960K(19072K) NonClass: 17131K(17216K)->17131K(17216K) Class: 1829K(1856K)->1829K(1856K)
[480.840s][info][gc             ] GC(1116) Pause Young (Normal) (G1 Evacuation Pause) 915M->776M(978M) 40.148ms
[480.840s][info][gc,cpu         ] GC(1116) User=0.08s Sys=0.00s Real=0.04s
[480.995s][info][gc,start       ] GC(1117) Pause Young (Normal) (G1 Evacuation Pause)
[480.995s][info][gc,task        ] GC(1117) Using 2 workers of 2 for evacuation
[481.031s][info][gc,phases      ] GC(1117)   Pre Evacuate Collection Set: 0.58ms
[481.031s][info][gc,phases      ] GC(1117)   Merge Heap Roots: 0.25ms
[481.031s][info][gc,phases      ] GC(1117)   Evacuate Collection Set: 34.60ms
[481.031s][info][gc,phases      ] GC(1117)   Post Evacuate Collection Set: 0.44ms
[481.031s][info][gc,phases      ] GC(1117)   Other: 0.08ms
[481.031s][info][gc,heap        ] GC(1117) Eden regions: 129->0(140)
[481.031s][info][gc,heap        ] GC(1117) Survivor regions: 22->5(19)
[481.031s][info][gc,heap        ] GC(1117) Old regions: 746->769
[481.031s][info][gc,heap        ] GC(1117) Humongous regions: 9->9
[481.031s][info][gc,metaspace   ] GC(1117) Metaspace: 18960K(19072K)->18960K(19072K) NonClass: 17131K(17216K)->17131K(17216K) Class: 1829K(1856K)->1829K(1856K)
[481.032s][info][gc             ] GC(1117) Pause Young (Normal) (G1 Evacuation Pause) 905M->782M(978M) 36.196ms
[481.032s][info][gc,cpu         ] GC(1117) User=0.07s Sys=0.00s Real=0.03s
[481.241s][info][gc,start       ] GC(1118) Pause Young (Normal) (G1 Evacuation Pause)
[481.241s][info][gc,task        ] GC(1118) Using 2 workers of 2 for evacuation
[481.272s][info][gc,phases      ] GC(1118)   Pre Evacuate Collection Set: 0.57ms
[481.272s][info][gc,phases      ] GC(1118)   Merge Heap Roots: 0.22ms
[481.272s][info][gc,phases      ] GC(1118)   Evacuate Collection Set: 30.13ms
[481.272s][info][gc,phases      ] GC(1118)   Post Evacuate Collection Set: 0.53ms
[481.272s][info][gc,phases      ] GC(1118)   Other: 0.09ms
[481.272s][info][gc,heap        ] GC(1118) Eden regions: 140->0(111)
[481.272s][info][gc,heap        ] GC(1118) Survivor regions: 5->19(19)
[481.272s][info][gc,heap        ] GC(1118) Old regions: 769->770
[481.273s][info][gc,heap        ] GC(1118) Humongous regions: 9->9
[481.273s][info][gc,metaspace   ] GC(1118) Metaspace: 18960K(19072K)->18960K(19072K) NonClass: 17131K(17216K)->17131K(17216K) Class: 1829K(1856K)->1829K(1856K)
[481.273s][info][gc             ] GC(1118) Pause Young (Normal) (G1 Evacuation Pause) 922M->797M(978M) 31.811ms
[481.273s][info][gc,cpu         ] GC(1118) User=0.06s Sys=0.00s Real=0.04s
[481.414s][info][gc,start       ] GC(1119) Pause Young (Normal) (G1 Evacuation Pause)
[481.414s][info][gc,task        ] GC(1119) Using 2 workers of 2 for evacuation
[481.457s][info][gc,phases      ] GC(1119)   Pre Evacuate Collection Set: 0.57ms
[481.457s][info][gc,phases      ] GC(1119)   Merge Heap Roots: 0.21ms
[481.457s][info][gc,phases      ] GC(1119)   Evacuate Collection Set: 41.47ms
[481.457s][info][gc,phases      ] GC(1119)   Post Evacuate Collection Set: 0.42ms
[481.457s][info][gc,phases      ] GC(1119)   Other: 0.08ms
[481.457s][info][gc,heap        ] GC(1119) Eden regions: 111->0(106)
[481.457s][info][gc,heap        ] GC(1119) Survivor regions: 19->12(17)
[481.457s][info][gc,heap        ] GC(1119) Old regions: 770->789
[481.457s][info][gc,heap        ] GC(1119) Humongous regions: 9->9
[481.457s][info][gc,metaspace   ] GC(1119) Metaspace: 18960K(19072K)->18960K(19072K) NonClass: 17131K(17216K)->17131K(17216K) Class: 1829K(1856K)->1829K(1856K)
[481.457s][info][gc             ] GC(1119) Pause Young (Normal) (G1 Evacuation Pause) 908M->809M(978M) 43.040ms
[481.457s][info][gc,cpu         ] GC(1119) User=0.08s Sys=0.00s Real=0.04s
[481.670s][info][gc,start       ] GC(1120) Pause Young (Normal) (G1 Evacuation Pause)
[481.670s][info][gc,task        ] GC(1120) Using 2 workers of 2 for evacuation
[481.709s][info][gc,phases      ] GC(1120)   Pre Evacuate Collection Set: 0.58ms
[481.709s][info][gc,phases      ] GC(1120)   Merge Heap Roots: 0.18ms
[481.709s][info][gc,phases      ] GC(1120)   Evacuate Collection Set: 38.12ms
[481.709s][info][gc,phases      ] GC(1120)   Post Evacuate Collection Set: 0.41ms
[481.709s][info][gc,phases      ] GC(1120)   Other: 0.08ms
[481.709s][info][gc,heap        ] GC(1120) Eden regions: 106->0(85)
[481.709s][info][gc,heap        ] GC(1120) Survivor regions: 12->15(15)
[481.709s][info][gc,heap        ] GC(1120) Old regions: 789->804
[481.709s][info][gc,heap        ] GC(1120) Humongous regions: 9->9
[481.709s][info][gc,metaspace   ] GC(1120) Metaspace: 18960K(19072K)->18960K(19072K) NonClass: 17131K(17216K)->17131K(17216K) Class: 1829K(1856K)->1829K(1856K)
[481.709s][info][gc             ] GC(1120) Pause Young (Normal) (G1 Evacuation Pause) 915M->827M(978M) 39.659ms
[481.709s][info][gc,cpu         ] GC(1120) User=0.07s Sys=0.00s Real=0.04s
[482.110s][info][gc,start       ] GC(1121) Pause Young (Normal) (G1 Evacuation Pause)
[482.110s][info][gc,task        ] GC(1121) Using 2 workers of 2 for evacuation
[482.136s][info][gc,phases      ] GC(1121)   Pre Evacuate Collection Set: 0.56ms
[482.136s][info][gc,phases      ] GC(1121)   Merge Heap Roots: 0.22ms
[482.136s][info][gc,phases      ] GC(1121)   Evacuate Collection Set: 25.26ms
[482.136s][info][gc,phases      ] GC(1121)   Post Evacuate Collection Set: 0.39ms
[482.136s][info][gc,phases      ] GC(1121)   Other: 0.08ms
[482.136s][info][gc,heap        ] GC(1121) Eden regions: 85->0(92)
[482.136s][info][gc,heap        ] GC(1121) Survivor regions: 15->4(13)
[482.136s][info][gc,heap        ] GC(1121) Old regions: 804->819
[482.136s][info][gc,heap        ] GC(1121) Humongous regions: 9->9
[482.136s][info][gc,metaspace   ] GC(1121) Metaspace: 18960K(19072K)->18960K(19072K) NonClass: 17131K(17216K)->17131K(17216K) Class: 1829K(1856K)->1829K(1856K)
[482.137s][info][gc             ] GC(1121) Pause Young (Normal) (G1 Evacuation Pause) 912M->831M(978M) 26.758ms
[482.137s][info][gc,cpu         ] GC(1121) User=0.05s Sys=0.00s Real=0.03s
[482.371s][info][gc,marking     ] GC(1114) Concurrent Mark From Roots 1951.501ms
[482.371s][info][gc,marking     ] GC(1114) Concurrent Preclean
[482.371s][info][gc,marking     ] GC(1114) Concurrent Preclean 0.060ms
[482.372s][info][gc,start       ] GC(1114) Pause Remark
[482.381s][info][gc             ] GC(1114) Pause Remark 880M->721M(978M) 9.066ms
[482.381s][info][gc,cpu         ] GC(1114) User=0.02s Sys=0.00s Real=0.01s
[482.381s][info][gc,marking     ] GC(1114) Concurrent Mark 1960.982ms
[482.381s][info][gc,marking     ] GC(1114) Concurrent Rebuild Remembered Sets and Scrub Regions
[482.534s][info][gc,start       ] GC(1122) Pause Young (Normal) (G1 Evacuation Pause)
[482.534s][info][gc,task        ] GC(1122) Using 2 workers of 2 for evacuation
[482.550s][info][gc,phases      ] GC(1122)   Pre Evacuate Collection Set: 0.57ms
[482.550s][info][gc,phases      ] GC(1122)   Merge Heap Roots: 0.14ms
[482.550s][info][gc,phases      ] GC(1122)   Evacuate Collection Set: 14.68ms
[482.550s][info][gc,phases      ] GC(1122)   Post Evacuate Collection Set: 0.37ms
[482.550s][info][gc,phases      ] GC(1122)   Other: 0.12ms
[482.550s][info][gc,heap        ] GC(1122) Eden regions: 92->0(217)
[482.550s][info][gc,heap        ] GC(1122) Survivor regions: 4->12(12)
[482.550s][info][gc,heap        ] GC(1122) Old regions: 663->663
[482.550s][info][gc,heap        ] GC(1122) Humongous regions: 6->6
[482.550s][info][gc,metaspace   ] GC(1122) Metaspace: 18961K(19072K)->18961K(19072K) NonClass: 17131K(17216K)->17131K(17216K) Class: 1829K(1856K)->1829K(1856K)
[482.550s][info][gc             ] GC(1122) Pause Young (Normal) (G1 Evacuation Pause) 764M->680M(978M) 16.239ms
[482.551s][info][gc,cpu         ] GC(1122) User=0.03s Sys=0.00s Real=0.01s
[483.032s][info][gc,marking     ] GC(1114) Concurrent Rebuild Remembered Sets and Scrub Regions 650.845ms
[483.032s][info][gc,start       ] GC(1114) Pause Cleanup
[483.032s][info][gc             ] GC(1114) Pause Cleanup 880M->880M(978M) 0.123ms
[483.032s][info][gc,cpu         ] GC(1114) User=0.00s Sys=0.00s Real=0.00s
[483.032s][info][gc,marking     ] GC(1114) Concurrent Clear Claimed Marks
[483.032s][info][gc,marking     ] GC(1114) Concurrent Clear Claimed Marks 0.034ms
[483.032s][info][gc,marking     ] GC(1114) Concurrent Cleanup for Next Mark
[483.035s][info][gc,marking     ] GC(1114) Concurrent Cleanup for Next Mark 3.046ms
[483.035s][info][gc             ] GC(1114) Concurrent Mark Cycle 2723.527ms
[483.053s][info][gc,start       ] GC(1123) Pause Young (Prepare Mixed) (G1 Evacuation Pause)
[483.053s][info][gc,task        ] GC(1123) Using 2 workers of 2 for evacuation
[483.093s][info][gc,phases      ] GC(1123)   Pre Evacuate Collection Set: 0.35ms
[483.093s][info][gc,phases      ] GC(1123)   Merge Heap Roots: 0.17ms
[483.093s][info][gc,phases      ] GC(1123)   Evacuate Collection Set: 38.97ms
[483.093s][info][gc,phases      ] GC(1123)   Post Evacuate Collection Set: 0.62ms
[483.093s][info][gc,phases      ] GC(1123)   Other: 0.10ms
[483.093s][info][gc,heap        ] GC(1123) Eden regions: 217->0(195)
[483.093s][info][gc,heap        ] GC(1123) Survivor regions: 12->29(29)
[483.093s][info][gc,heap        ] GC(1123) Old regions: 663->669
[483.093s][info][gc,heap        ] GC(1123) Humongous regions: 6->6
[483.093s][info][gc,metaspace   ] GC(1123) Metaspace: 18961K(19072K)->18961K(19072K) NonClass: 17132K(17216K)->17132K(17216K) Class: 1829K(1856K)->1829K(1856K)
[483.093s][info][gc             ] GC(1123) Pause Young (Prepare Mixed) (G1 Evacuation Pause) 897M->703M(978M) 40.460ms
[483.093s][info][gc,cpu         ] GC(1123) User=0.08s Sys=0.00s Real=0.04s
[483.347s][info][gc,start       ] GC(1124) Pause Young (Mixed) (G1 Evacuation Pause)
[483.347s][info][gc,task        ] GC(1124) Using 2 workers of 2 for evacuation
[483.447s][info][gc,phases      ] GC(1124)   Pre Evacuate Collection Set: 0.34ms
[483.447s][info][gc,phases      ] GC(1124)   Merge Heap Roots: 0.27ms
[483.447s][info][gc,phases      ] GC(1124)   Evacuate Collection Set: 95.14ms
[483.447s][info][gc,phases      ] GC(1124)   Post Evacuate Collection Set: 4.40ms
[483.447s][info][gc,phases      ] GC(1124)   Other: 0.09ms
[483.447s][info][gc,heap        ] GC(1124) Eden regions: 195->0(116)
[483.447s][info][gc,heap        ] GC(1124) Survivor regions: 29->28(28)
[483.447s][info][gc,heap        ] GC(1124) Old regions: 669->750
[483.447s][info][gc,heap        ] GC(1124) Humongous regions: 6->6
[483.447s][info][gc,metaspace   ] GC(1124) Metaspace: 18961K(19072K)->18961K(19072K) NonClass: 17132K(17216K)->17132K(17216K) Class: 1829K(1856K)->1829K(1856K)
[483.447s][info][gc             ] GC(1124) Pause Young (Mixed) (G1 Evacuation Pause) (Evacuation Failure: Allocation) 898M->783M(978M) 100.548ms
[483.447s][info][gc,cpu         ] GC(1124) User=0.20s Sys=0.00s Real=0.10s
[483.605s][info][gc,start       ] GC(1125) Pause Young (Concurrent Start) (G1 Evacuation Pause)
[483.605s][info][gc,task        ] GC(1125) Using 2 workers of 2 for evacuation
[483.656s][info][gc,phases      ] GC(1125)   Pre Evacuate Collection Set: 0.46ms
[483.656s][info][gc,phases      ] GC(1125)   Merge Heap Roots: 0.40ms
[483.656s][info][gc,phases      ] GC(1125)   Evacuate Collection Set: 49.15ms
[483.656s][info][gc,phases      ] GC(1125)   Post Evacuate Collection Set: 0.57ms
[483.656s][info][gc,phases      ] GC(1125)   Other: 0.26ms
[483.656s][info][gc,heap        ] GC(1125) Eden regions: 116->0(163)
[483.656s][info][gc,heap        ] GC(1125) Survivor regions: 28->4(18)
[483.656s][info][gc,heap        ] GC(1125) Old regions: 750->742
[483.656s][info][gc,heap        ] GC(1125) Humongous regions: 6->6
[483.656s][info][gc,metaspace   ] GC(1125) Metaspace: 18961K(19072K)->18961K(19072K) NonClass: 17132K(17216K)->17132K(17216K) Class: 1829K(1856K)->1829K(1856K)
[483.656s][info][gc             ] GC(1125) Pause Young (Concurrent Start) (G1 Evacuation Pause) 899M->751M(978M) 51.157ms
[483.656s][info][gc,cpu         ] GC(1125) User=0.10s Sys=0.00s Real=0.05s
[483.656s][info][gc             ] GC(1126) Concurrent Mark Cycle
[483.656s][info][gc,marking     ] GC(1126) Concurrent Scan Root Regions
[483.707s][info][gc,marking     ] GC(1126) Concurrent Scan Root Regions 51.202ms
[483.707s][info][gc,marking     ] GC(1126) Concurrent Mark
[483.707s][info][gc,marking     ] GC(1126) Concurrent Mark From Roots
[483.707s][info][gc,task        ] GC(1126) Using 1 workers of 1 for marking
[484.108s][info][gc,start       ] GC(1127) Pause Young (Normal) (G1 Evacuation Pause)
[484.108s][info][gc,task        ] GC(1127) Using 2 workers of 2 for evacuation
[484.173s][info][gc,phases      ] GC(1127)   Pre Evacuate Collection Set: 0.32ms
[484.173s][info][gc,phases      ] GC(1127)   Merge Heap Roots: 0.40ms
[484.173s][info][gc,phases      ] GC(1127)   Evacuate Collection Set: 64.08ms
[484.173s][info][gc,phases      ] GC(1127)   Post Evacuate Collection Set: 0.59ms
[484.173s][info][gc,phases      ] GC(1127)   Other: 0.11ms
[484.173s][info][gc,heap        ] GC(1127) Eden regions: 163->0(118)
[484.173s][info][gc,heap        ] GC(1127) Survivor regions: 4->21(21)
[484.173s][info][gc,heap        ] GC(1127) Old regions: 742->759
[484.173s][info][gc,heap        ] GC(1127) Humongous regions: 9->9
[484.173s][info][gc,metaspace   ] GC(1127) Metaspace: 18961K(19072K)->18961K(19072K) NonClass: 17132K(17216K)->17132K(17216K) Class: 1829K(1856K)->1829K(1856K)
[484.174s][info][gc             ] GC(1127) Pause Young (Normal) (G1 Evacuation Pause) 917M->788M(978M) 65.776ms
[484.174s][info][gc,cpu         ] GC(1127) User=0.13s Sys=0.00s Real=0.07s
[484.425s][info][gc,start       ] GC(1128) Pause Young (Normal) (G1 Evacuation Pause)
[484.426s][info][gc,task        ] GC(1128) Using 2 workers of 2 for evacuation
[484.495s][info][gc,phases      ] GC(1128)   Pre Evacuate Collection Set: 0.33ms
[484.495s][info][gc,phases      ] GC(1128)   Merge Heap Roots: 0.42ms
[484.495s][info][gc,phases      ] GC(1128)   Evacuate Collection Set: 68.36ms
[484.495s][info][gc,phases      ] GC(1128)   Post Evacuate Collection Set: 0.45ms
[484.495s][info][gc,phases      ] GC(1128)   Other: 0.11ms
[484.495s][info][gc,heap        ] GC(1128) Eden regions: 118->0(100)
[484.495s][info][gc,heap        ] GC(1128) Survivor regions: 21->18(18)
[484.495s][info][gc,heap        ] GC(1128) Old regions: 759->783
[484.495s][info][gc,heap        ] GC(1128) Humongous regions: 9->9
[484.495s][info][gc,metaspace   ] GC(1128) Metaspace: 18961K(19072K)->18961K(19072K) NonClass: 17132K(17216K)->17132K(17216K) Class: 1829K(1856K)->1829K(1856K)
[484.495s][info][gc             ] GC(1128) Pause Young (Normal) (G1 Evacuation Pause) 906M->809M(978M) 69.959ms
[484.495s][info][gc,cpu         ] GC(1128) User=0.13s Sys=0.00s Real=0.07s
[484.668s][info][gc,start       ] GC(1129) Pause Young (Normal) (G1 Evacuation Pause)
[484.668s][info][gc,task        ] GC(1129) Using 2 workers of 2 for evacuation
[484.698s][info][gc,phases      ] GC(1129)   Pre Evacuate Collection Set: 0.65ms
[484.698s][info][gc,phases      ] GC(1129)   Merge Heap Roots: 0.16ms
[484.698s][info][gc,phases      ] GC(1129)   Evacuate Collection Set: 28.88ms
[484.698s][info][gc,phases      ] GC(1129)   Post Evacuate Collection Set: 0.41ms
[484.698s][info][gc,phases      ] GC(1129)   Other: 0.09ms
[484.698s][info][gc,heap        ] GC(1129) Eden regions: 100->0(107)
[484.698s][info][gc,heap        ] GC(1129) Survivor regions: 18->5(15)
[484.698s][info][gc,heap        ] GC(1129) Old regions: 783->802
[484.698s][info][gc,heap        ] GC(1129) Humongous regions: 9->9
[484.698s][info][gc,metaspace   ] GC(1129) Metaspace: 18961K(19072K)->18961K(19072K) NonClass: 17132K(17216K)->17132K(17216K) Class: 1829K(1856K)->1829K(1856K)
[484.698s][info][gc             ] GC(1129) Pause Young (Normal) (G1 Evacuation Pause) 909M->814M(978M) 30.484ms
[484.698s][info][gc,cpu         ] GC(1129) User=0.06s Sys=0.00s Real=0.03s
[484.859s][info][gc,start       ] GC(1130) Pause Young (Normal) (G1 Evacuation Pause)
[484.859s][info][gc,task        ] GC(1130) Using 2 workers of 2 for evacuation
[484.872s][info][gc,phases      ] GC(1130)   Pre Evacuate Collection Set: 0.57ms
[484.872s][info][gc,phases      ] GC(1130)   Merge Heap Roots: 0.20ms
[484.872s][info][gc,phases      ] GC(1130)   Evacuate Collection Set: 12.26ms
[484.872s][info][gc,phases      ] GC(1130)   Post Evacuate Collection Set: 0.39ms
[484.872s][info][gc,phases      ] GC(1130)   Other: 0.08ms
[484.872s][info][gc,heap        ] GC(1130) Eden regions: 107->0(107)
[484.872s][info][gc,heap        ] GC(1130) Survivor regions: 5->5(14)
[484.872s][info][gc,heap        ] GC(1130) Old regions: 802->802
[484.872s][info][gc,heap        ] GC(1130) Humongous regions: 9->9
[484.872s][info][gc,metaspace   ] GC(1130) Metaspace: 18961K(19072K)->18961K(19072K) NonClass: 17132K(17216K)->17132K(17216K) Class: 1829K(1856K)->1829K(1856K)
[484.872s][info][gc             ] GC(1130) Pause Young (Normal) (G1 Evacuation Pause) 921M->815M(978M) 13.745ms
[484.872s][info][gc,cpu         ] GC(1130) User=0.03s Sys=0.00s Real=0.01s
[485.092s][info][gc,start       ] GC(1131) Pause Young (Normal) (G1 Evacuation Pause)
[485.092s][info][gc,task        ] GC(1131) Using 2 workers of 2 for evacuation
[485.111s][info][gc,phases      ] GC(1131)   Pre Evacuate Collection Set: 0.60ms
[485.112s][info][gc,phases      ] GC(1131)   Merge Heap Roots: 0.22ms
[485.112s][info][gc,phases      ] GC(1131)   Evacuate Collection Set: 17.90ms
[485.112s][info][gc,phases      ] GC(1131)   Post Evacuate Collection Set: 0.42ms
[485.112s][info][gc,phases      ] GC(1131)   Other: 0.12ms
[485.112s][info][gc,heap        ] GC(1131) Eden regions: 107->0(99)
[485.112s][info][gc,heap        ] GC(1131) Survivor regions: 5->9(14)
[485.112s][info][gc,heap        ] GC(1131) Old regions: 802->802
[485.112s][info][gc,heap        ] GC(1131) Humongous regions: 9->9
[485.112s][info][gc,metaspace   ] GC(1131) Metaspace: 18961K(19072K)->18961K(19072K) NonClass: 17132K(17216K)->17132K(17216K) Class: 1829K(1856K)->1829K(1856K)
[485.112s][info][gc             ] GC(1131) Pause Young (Normal) (G1 Evacuation Pause) 922M->818M(978M) 19.522ms
[485.112s][info][gc,cpu         ] GC(1131) User=0.03s Sys=0.00s Real=0.02s
[485.289s][info][gc,marking     ] GC(1126) Concurrent Mark From Roots 1581.165ms
[485.289s][info][gc,marking     ] GC(1126) Concurrent Preclean
[485.289s][info][gc,marking     ] GC(1126) Concurrent Preclean 0.059ms
[485.289s][info][gc,start       ] GC(1126) Pause Remark
[485.298s][info][gc             ] GC(1126) Pause Remark 895M->742M(978M) 9.002ms
[485.298s][info][gc,cpu         ] GC(1126) User=0.02s Sys=0.00s Real=0.01s
[485.298s][info][gc,marking     ] GC(1126) Concurrent Mark 1590.559ms
[485.298s][info][gc,marking     ] GC(1126) Concurrent Rebuild Remembered Sets and Scrub Regions
[485.336s][info][gc,start       ] GC(1132) Pause Young (Normal) (G1 Evacuation Pause)
[485.336s][info][gc,task        ] GC(1132) Using 2 workers of 2 for evacuation
[485.351s][info][gc,phases      ] GC(1132)   Pre Evacuate Collection Set: 0.35ms
[485.351s][info][gc,phases      ] GC(1132)   Merge Heap Roots: 0.15ms
[485.351s][info][gc,phases      ] GC(1132)   Evacuate Collection Set: 13.84ms
[485.351s][info][gc,phases      ] GC(1132)   Post Evacuate Collection Set: 0.43ms
[485.351s][info][gc,phases      ] GC(1132)   Other: 0.14ms
[485.351s][info][gc,heap        ] GC(1132) Eden regions: 99->0(233)
[485.351s][info][gc,heap        ] GC(1132) Survivor regions: 9->6(14)
[485.351s][info][gc,heap        ] GC(1132) Old regions: 651->655
[485.351s][info][gc,heap        ] GC(1132) Humongous regions: 7->7
[485.351s][info][gc,metaspace   ] GC(1132) Metaspace: 18961K(19072K)->18961K(19072K) NonClass: 17132K(17216K)->17132K(17216K) Class: 1829K(1856K)->1829K(1856K)
[485.351s][info][gc             ] GC(1132) Pause Young (Normal) (G1 Evacuation Pause) 764M->667M(978M) 15.236ms
[485.351s][info][gc,cpu         ] GC(1132) User=0.03s Sys=0.00s Real=0.01s
[485.982s][info][gc,start       ] GC(1133) Pause Young (Normal) (G1 Evacuation Pause)
[485.982s][info][gc,task        ] GC(1133) Using 2 workers of 2 for evacuation
[486.029s][info][gc,phases      ] GC(1133)   Pre Evacuate Collection Set: 0.36ms
[486.029s][info][gc,phases      ] GC(1133)   Merge Heap Roots: 0.32ms
[486.029s][info][gc,phases      ] GC(1133)   Evacuate Collection Set: 45.86ms
[486.029s][info][gc,phases      ] GC(1133)   Post Evacuate Collection Set: 0.54ms
[486.030s][info][gc,phases      ] GC(1133)   Other: 0.14ms
[486.030s][info][gc,heap        ] GC(1133) Eden regions: 233->0(202)
[486.030s][info][gc,heap        ] GC(1133) Survivor regions: 6->30(30)
[486.030s][info][gc,heap        ] GC(1133) Old regions: 655->659
[486.030s][info][gc,heap        ] GC(1133) Humongous regions: 7->7
[486.030s][info][gc,metaspace   ] GC(1133) Metaspace: 18961K(19072K)->18961K(19072K) NonClass: 17132K(17216K)->17132K(17216K) Class: 1829K(1856K)->1829K(1856K)
[486.030s][info][gc             ] GC(1133) Pause Young (Normal) (G1 Evacuation Pause) 900M->695M(978M) 47.534ms
[486.030s][info][gc,cpu         ] GC(1133) User=0.10s Sys=0.00s Real=0.05s
[486.081s][info][gc,marking     ] GC(1126) Concurrent Rebuild Remembered Sets and Scrub Regions 782.846ms
[486.081s][info][gc,start       ] GC(1126) Pause Cleanup
[486.081s][info][gc             ] GC(1126) Pause Cleanup 710M->710M(978M) 0.175ms
[486.081s][info][gc,cpu         ] GC(1126) User=0.00s Sys=0.00s Real=0.00s
[486.084s][info][gc,marking     ] GC(1126) Concurrent Clear Claimed Marks
[486.084s][info][gc,marking     ] GC(1126) Concurrent Clear Claimed Marks 0.071ms
[486.084s][info][gc,marking     ] GC(1126) Concurrent Cleanup for Next Mark
[486.087s][info][gc,marking     ] GC(1126) Concurrent Cleanup for Next Mark 3.060ms
[486.087s][info][gc             ] GC(1126) Concurrent Mark Cycle 2430.772ms
[486.686s][info][gc,start       ] GC(1134) Pause Young (Prepare Mixed) (G1 Evacuation Pause)
[486.686s][info][gc,task        ] GC(1134) Using 2 workers of 2 for evacuation
[486.735s][info][gc,phases      ] GC(1134)   Pre Evacuate Collection Set: 0.60ms
[486.735s][info][gc,phases      ] GC(1134)   Merge Heap Roots: 0.52ms
[486.735s][info][gc,phases      ] GC(1134)   Evacuate Collection Set: 46.97ms
[486.735s][info][gc,phases      ] GC(1134)   Post Evacuate Collection Set: 0.55ms
[486.735s][info][gc,phases      ] GC(1134)   Other: 0.13ms
[486.735s][info][gc,heap        ] GC(1134) Eden regions: 202->0(219)
[486.735s][info][gc,heap        ] GC(1134) Survivor regions: 30->1(29)
[486.735s][info][gc,heap        ] GC(1134) Old regions: 659->689
[486.735s][info][gc,heap        ] GC(1134) Humongous regions: 7->7
[486.735s][info][gc,metaspace   ] GC(1134) Metaspace: 18961K(19072K)->18961K(19072K) NonClass: 17132K(17216K)->17132K(17216K) Class: 1829K(1856K)->1829K(1856K)
[486.735s][info][gc             ] GC(1134) Pause Young (Prepare Mixed) (G1 Evacuation Pause) 897M->696M(978M) 49.078ms
[486.735s][info][gc,cpu         ] GC(1134) User=0.10s Sys=0.00s Real=0.05s
[487.108s][info][gc,start       ] GC(1135) Pause Young (Mixed) (G1 Evacuation Pause)
[487.108s][info][gc,task        ] GC(1135) Using 2 workers of 2 for evacuation
[487.209s][info][gc,phases      ] GC(1135)   Pre Evacuate Collection Set: 0.62ms
[487.209s][info][gc,phases      ] GC(1135)   Merge Heap Roots: 1.48ms
[487.209s][info][gc,phases      ] GC(1135)   Evacuate Collection Set: 97.05ms
[487.209s][info][gc,phases      ] GC(1135)   Post Evacuate Collection Set: 0.95ms
[487.209s][info][gc,phases      ] GC(1135)   Other: 0.13ms
[487.209s][info][gc,heap        ] GC(1135) Eden regions: 219->0(246)
[487.209s][info][gc,heap        ] GC(1135) Survivor regions: 1->28(28)
[487.209s][info][gc,heap        ] GC(1135) Old regions: 689->610
[487.209s][info][gc,heap        ] GC(1135) Humongous regions: 7->7
[487.209s][info][gc,metaspace   ] GC(1135) Metaspace: 18961K(19072K)->18961K(19072K) NonClass: 17132K(17216K)->17132K(17216K) Class: 1829K(1856K)->1829K(1856K)
[487.209s][info][gc             ] GC(1135) Pause Young (Mixed) (G1 Evacuation Pause) 915M->644M(978M) 100.537ms
[487.209s][info][gc,cpu         ] GC(1135) User=0.20s Sys=0.00s Real=0.10s
[487.410s][info][gc,start       ] GC(1136) Pause Young (Concurrent Start) (G1 Humongous Allocation)
[487.410s][info][gc,task        ] GC(1136) Using 2 workers of 2 for evacuation
[487.460s][info][gc,phases      ] GC(1136)   Pre Evacuate Collection Set: 0.39ms
[487.460s][info][gc,phases      ] GC(1136)   Merge Heap Roots: 0.22ms
[487.460s][info][gc,phases      ] GC(1136)   Evacuate Collection Set: 48.40ms
[487.460s][info][gc,phases      ] GC(1136)   Post Evacuate Collection Set: 0.54ms
[487.460s][info][gc,phases      ] GC(1136)   Other: 0.15ms
[487.460s][info][gc,heap        ] GC(1136) Eden regions: 129->0(230)
[487.460s][info][gc,heap        ] GC(1136) Survivor regions: 28->12(35)
[487.460s][info][gc,heap        ] GC(1136) Old regions: 610->638
[487.460s][info][gc,heap        ] GC(1136) Humongous regions: 7->7
[487.460s][info][gc,metaspace   ] GC(1136) Metaspace: 18961K(19072K)->18961K(19072K) NonClass: 17132K(17216K)->17132K(17216K) Class: 1829K(1856K)->1829K(1856K)
[487.460s][info][gc             ] GC(1136) Pause Young (Concurrent Start) (G1 Humongous Allocation) 773M->656M(978M) 49.992ms
[487.460s][info][gc,cpu         ] GC(1136) User=0.10s Sys=0.00s Real=0.05s
[487.460s][info][gc             ] GC(1137) Concurrent Mark Cycle
[487.460s][info][gc,marking     ] GC(1137) Concurrent Scan Root Regions
[487.519s][info][gc,marking     ] GC(1137) Concurrent Scan Root Regions 58.281ms
[487.519s][info][gc,marking     ] GC(1137) Concurrent Mark
[487.519s][info][gc,marking     ] GC(1137) Concurrent Mark From Roots
[487.519s][info][gc,task        ] GC(1137) Using 1 workers of 1 for marking
[488.337s][info][gc,start       ] GC(1138) Pause Young (Normal) (G1 Evacuation Pause)
[488.337s][info][gc,task        ] GC(1138) Using 2 workers of 2 for evacuation
[488.368s][info][gc,phases      ] GC(1138)   Pre Evacuate Collection Set: 0.61ms
[488.368s][info][gc,phases      ] GC(1138)   Merge Heap Roots: 0.38ms
[488.368s][info][gc,phases      ] GC(1138)   Evacuate Collection Set: 28.95ms
[488.368s][info][gc,phases      ] GC(1138)   Post Evacuate Collection Set: 0.62ms
[488.368s][info][gc,phases      ] GC(1138)   Other: 0.12ms
[488.368s][info][gc,heap        ] GC(1138) Eden regions: 230->0(237)
[488.368s][info][gc,heap        ] GC(1138) Survivor regions: 12->17(31)
[488.368s][info][gc,heap        ] GC(1138) Old regions: 638->638
[488.368s][info][gc,heap        ] GC(1138) Humongous regions: 8->8
[488.368s][info][gc,metaspace   ] GC(1138) Metaspace: 18961K(19072K)->18961K(19072K) NonClass: 17132K(17216K)->17132K(17216K) Class: 1829K(1856K)->1829K(1856K)
[488.368s][info][gc             ] GC(1138) Pause Young (Normal) (G1 Evacuation Pause) 887M->662M(978M) 30.953ms
[488.368s][info][gc,cpu         ] GC(1138) User=0.06s Sys=0.00s Real=0.03s
[488.748s][info][gc,marking     ] GC(1137) Concurrent Mark From Roots 1229.246ms
[488.748s][info][gc,marking     ] GC(1137) Concurrent Preclean
[488.748s][info][gc,marking     ] GC(1137) Concurrent Preclean 0.056ms
[488.748s][info][gc,start       ] GC(1137) Pause Remark
[488.757s][info][gc             ] GC(1137) Pause Remark 832M->660M(978M) 8.823ms
[488.757s][info][gc,cpu         ] GC(1137) User=0.02s Sys=0.00s Real=0.01s
[488.758s][info][gc,marking     ] GC(1137) Concurrent Mark 1239.338ms
[488.758s][info][gc,marking     ] GC(1137) Concurrent Rebuild Remembered Sets and Scrub Regions
[488.886s][info][gc,start       ] GC(1139) Pause Young (Normal) (G1 Evacuation Pause)
[488.886s][info][gc,task        ] GC(1139) Using 2 workers of 2 for evacuation
[488.946s][info][gc,phases      ] GC(1139)   Pre Evacuate Collection Set: 0.64ms
[488.946s][info][gc,phases      ] GC(1139)   Merge Heap Roots: 0.53ms
[488.946s][info][gc,phases      ] GC(1139)   Evacuate Collection Set: 57.74ms
[488.946s][info][gc,phases      ] GC(1139)   Post Evacuate Collection Set: 0.61ms
[488.946s][info][gc,phases      ] GC(1139)   Other: 0.09ms
[488.946s][info][gc,heap        ] GC(1139) Eden regions: 237->0(348)
[488.946s][info][gc,heap        ] GC(1139) Survivor regions: 17->32(32)
[488.946s][info][gc,heap        ] GC(1139) Old regions: 469->476
[488.946s][info][gc,heap        ] GC(1139) Humongous regions: 5->5
[488.946s][info][gc,metaspace   ] GC(1139) Metaspace: 18961K(19072K)->18961K(19072K) NonClass: 17132K(17216K)->17132K(17216K) Class: 1829K(1856K)->1829K(1856K)
[488.946s][info][gc             ] GC(1139) Pause Young (Normal) (G1 Evacuation Pause) 727M->512M(978M) 59.904ms
[488.946s][info][gc,cpu         ] GC(1139) User=0.11s Sys=0.00s Real=0.06s
[489.343s][info][gc,marking     ] GC(1137) Concurrent Rebuild Remembered Sets and Scrub Regions 584.573ms
[489.343s][info][gc,start       ] GC(1137) Pause Cleanup
[489.343s][info][gc             ] GC(1137) Pause Cleanup 745M->745M(978M) 0.116ms
[489.343s][info][gc,cpu         ] GC(1137) User=0.00s Sys=0.00s Real=0.00s
[489.344s][info][gc,marking     ] GC(1137) Concurrent Clear Claimed Marks
[489.344s][info][gc,marking     ] GC(1137) Concurrent Clear Claimed Marks 0.058ms
[489.344s][info][gc,marking     ] GC(1137) Concurrent Cleanup for Next Mark
[489.352s][info][gc,marking     ] GC(1137) Concurrent Cleanup for Next Mark 7.307ms
[489.352s][info][gc             ] GC(1137) Concurrent Mark Cycle 1891.440ms
[489.695s][info][gc,start       ] GC(1140) Pause Young (Prepare Mixed) (G1 Evacuation Pause)
[489.695s][info][gc,task        ] GC(1140) Using 2 workers of 2 for evacuation
[489.773s][info][gc,phases      ] GC(1140)   Pre Evacuate Collection Set: 0.56ms
[489.773s][info][gc,phases      ] GC(1140)   Merge Heap Roots: 0.63ms
[489.773s][info][gc,phases      ] GC(1140)   Evacuate Collection Set: 76.61ms
[489.773s][info][gc,phases      ] GC(1140)   Post Evacuate Collection Set: 0.67ms
[489.773s][info][gc,phases      ] GC(1140)   Other: 0.12ms
[489.773s][info][gc,heap        ] GC(1140) Eden regions: 348->0(342)
[489.773s][info][gc,heap        ] GC(1140) Survivor regions: 32->41(48)
[489.773s][info][gc,heap        ] GC(1140) Old regions: 476->486
[489.774s][info][gc,heap        ] GC(1140) Humongous regions: 5->5
[489.774s][info][gc,metaspace   ] GC(1140) Metaspace: 18966K(19136K)->18966K(19136K) NonClass: 17136K(17280K)->17136K(17280K) Class: 1829K(1856K)->1829K(1856K)
[489.774s][info][gc             ] GC(1140) Pause Young (Prepare Mixed) (G1 Evacuation Pause) 860M->531M(978M) 78.841ms
[489.774s][info][gc,cpu         ] GC(1140) User=0.16s Sys=0.00s Real=0.08s
[490.335s][info][gc,start       ] GC(1141) Pause Young (Mixed) (G1 Evacuation Pause)
[490.335s][info][gc,task        ] GC(1141) Using 2 workers of 2 for evacuation
[490.456s][info][gc,phases      ] GC(1141)   Pre Evacuate Collection Set: 0.39ms
[490.456s][info][gc,phases      ] GC(1141)   Merge Heap Roots: 0.39ms
[490.456s][info][gc,phases      ] GC(1141)   Evacuate Collection Set: 118.46ms
[490.456s][info][gc,phases      ] GC(1141)   Post Evacuate Collection Set: 0.96ms
[490.456s][info][gc,phases      ] GC(1141)   Other: 0.14ms
[490.456s][info][gc,heap        ] GC(1141) Eden regions: 342->0(279)
[490.456s][info][gc,heap        ] GC(1141) Survivor regions: 41->48(48)
[490.456s][info][gc,heap        ] GC(1141) Old regions: 486->523
[490.456s][info][gc,heap        ] GC(1141) Humongous regions: 5->5
[490.456s][info][gc,metaspace   ] GC(1141) Metaspace: 18966K(19136K)->18966K(19136K) NonClass: 17136K(17280K)->17136K(17280K) Class: 1829K(1856K)->1829K(1856K)
[490.456s][info][gc             ] GC(1141) Pause Young (Mixed) (G1 Evacuation Pause) (Evacuation Failure: Allocation) 873M->575M(978M) 120.652ms
[490.456s][info][gc,cpu         ] GC(1141) User=0.23s Sys=0.00s Real=0.12s
[490.816s][info][gc,start       ] GC(1142) Pause Young (Concurrent Start) (G1 Humongous Allocation)
[490.817s][info][gc,task        ] GC(1142) Using 2 workers of 2 for evacuation
[490.912s][info][gc,phases      ] GC(1142)   Pre Evacuate Collection Set: 0.35ms
[490.912s][info][gc,phases      ] GC(1142)   Merge Heap Roots: 0.63ms
[490.912s][info][gc,phases      ] GC(1142)   Evacuate Collection Set: 93.14ms
[490.912s][info][gc,phases      ] GC(1142)   Post Evacuate Collection Set: 0.73ms
[490.912s][info][gc,phases      ] GC(1142)   Other: 0.14ms
[490.912s][info][gc,heap        ] GC(1142) Eden regions: 214->0(271)
[490.912s][info][gc,heap        ] GC(1142) Survivor regions: 48->16(41)
[490.912s][info][gc,heap        ] GC(1142) Old regions: 523->570
[490.912s][info][gc,heap        ] GC(1142) Humongous regions: 5->5
[490.912s][info][gc,metaspace   ] GC(1142) Metaspace: 18966K(19136K)->18966K(19136K) NonClass: 17136K(17280K)->17136K(17280K) Class: 1829K(1856K)->1829K(1856K)
[490.912s][info][gc             ] GC(1142) Pause Young (Concurrent Start) (G1 Humongous Allocation) 789M->589M(978M) 95.302ms
[490.912s][info][gc             ] GC(1143) Concurrent Mark Cycle
[490.912s][info][gc,marking     ] GC(1143) Concurrent Scan Root Regions
[490.913s][info][gc,cpu         ] GC(1142) User=0.18s Sys=0.01s Real=0.10s
[491.010s][info][gc,marking     ] GC(1143) Concurrent Scan Root Regions 97.819ms
[491.010s][info][gc,marking     ] GC(1143) Concurrent Mark
[491.010s][info][gc,marking     ] GC(1143) Concurrent Mark From Roots
[491.010s][info][gc,task        ] GC(1143) Using 1 workers of 1 for marking
[491.431s][info][gc,start       ] GC(1144) Pause Young (Normal) (G1 Evacuation Pause)
[491.431s][info][gc,task        ] GC(1144) Using 2 workers of 2 for evacuation
[491.550s][info][gc,phases      ] GC(1144)   Pre Evacuate Collection Set: 0.37ms
[491.550s][info][gc,phases      ] GC(1144)   Merge Heap Roots: 0.40ms
[491.550s][info][gc,phases      ] GC(1144)   Evacuate Collection Set: 116.74ms
[491.550s][info][gc,phases      ] GC(1144)   Post Evacuate Collection Set: 1.13ms
[491.550s][info][gc,phases      ] GC(1144)   Other: 0.13ms
[491.550s][info][gc,heap        ] GC(1144) Eden regions: 271->0(192)
[491.550s][info][gc,heap        ] GC(1144) Survivor regions: 16->36(36)
[491.550s][info][gc,heap        ] GC(1144) Old regions: 570->627
[491.550s][info][gc,heap        ] GC(1144) Humongous regions: 8->8
[491.550s][info][gc,metaspace   ] GC(1144) Metaspace: 18966K(19136K)->18966K(19136K) NonClass: 17136K(17280K)->17136K(17280K) Class: 1829K(1856K)->1829K(1856K)
[491.550s][info][gc             ] GC(1144) Pause Young (Normal) (G1 Evacuation Pause) 863M->670M(978M) 119.088ms
[491.550s][info][gc,cpu         ] GC(1144) User=0.23s Sys=0.00s Real=0.12s
[492.079s][info][gc,start       ] GC(1145) Pause Young (Normal) (G1 Evacuation Pause)
[492.080s][info][gc,task        ] GC(1145) Using 2 workers of 2 for evacuation
[492.171s][info][gc,phases      ] GC(1145)   Pre Evacuate Collection Set: 0.55ms
[492.171s][info][gc,phases      ] GC(1145)   Merge Heap Roots: 0.72ms
[492.171s][info][gc,phases      ] GC(1145)   Evacuate Collection Set: 89.74ms
[492.171s][info][gc,phases      ] GC(1145)   Post Evacuate Collection Set: 0.60ms
[492.171s][info][gc,phases      ] GC(1145)   Other: 0.13ms
[492.171s][info][gc,heap        ] GC(1145) Eden regions: 192->0(198)
[492.171s][info][gc,heap        ] GC(1145) Survivor regions: 36->10(29)
[492.171s][info][gc,heap        ] GC(1145) Old regions: 627->663
[492.171s][info][gc,heap        ] GC(1145) Humongous regions: 8->8
[492.171s][info][gc,metaspace   ] GC(1145) Metaspace: 18966K(19136K)->18966K(19136K) NonClass: 17136K(17280K)->17136K(17280K) Class: 1829K(1856K)->1829K(1856K)
[492.171s][info][gc             ] GC(1145) Pause Young (Normal) (G1 Evacuation Pause) 862M->680M(978M) 92.005ms
[492.171s][info][gc,cpu         ] GC(1145) User=0.18s Sys=0.00s Real=0.09s
[492.309s][info][gc,marking     ] GC(1143) Concurrent Mark From Roots 1299.542ms
[492.309s][info][gc,marking     ] GC(1143) Concurrent Preclean
[492.309s][info][gc,marking     ] GC(1143) Concurrent Preclean 0.056ms
[492.310s][info][gc,start       ] GC(1143) Pause Remark
[492.319s][info][gc             ] GC(1143) Pause Remark 717M->588M(978M) 8.986ms
[492.319s][info][gc,cpu         ] GC(1143) User=0.01s Sys=0.00s Real=0.01s
[492.320s][info][gc,marking     ] GC(1143) Concurrent Mark 1309.950ms
[492.320s][info][gc,marking     ] GC(1143) Concurrent Rebuild Remembered Sets and Scrub Regions
[492.716s][info][gc,start       ] GC(1146) Pause Young (Normal) (G1 Evacuation Pause)
[492.716s][info][gc,task        ] GC(1146) Using 2 workers of 2 for evacuation
[492.768s][info][gc,phases      ] GC(1146)   Pre Evacuate Collection Set: 0.58ms
[492.768s][info][gc,phases      ] GC(1146)   Merge Heap Roots: 0.55ms
[492.768s][info][gc,phases      ] GC(1146)   Evacuate Collection Set: 49.68ms
[492.768s][info][gc,phases      ] GC(1146)   Post Evacuate Collection Set: 0.65ms
[492.768s][info][gc,phases      ] GC(1146)   Other: 0.13ms
[492.768s][info][gc,heap        ] GC(1146) Eden regions: 198->0(278)
[492.768s][info][gc,heap        ] GC(1146) Survivor regions: 10->26(26)
[492.768s][info][gc,heap        ] GC(1146) Old regions: 536->537
[492.768s][info][gc,heap        ] GC(1146) Humongous regions: 9->9
[492.768s][info][gc,metaspace   ] GC(1146) Metaspace: 18966K(19136K)->18966K(19136K) NonClass: 17136K(17280K)->17136K(17280K) Class: 1829K(1856K)->1829K(1856K)
[492.768s][info][gc             ] GC(1146) Pause Young (Normal) (G1 Evacuation Pause) 752M->571M(978M) 51.875ms
[492.768s][info][gc,cpu         ] GC(1146) User=0.10s Sys=0.00s Real=0.05s
[492.852s][info][gc,marking     ] GC(1143) Concurrent Rebuild Remembered Sets and Scrub Regions 531.901ms
[492.852s][info][gc,start       ] GC(1143) Pause Cleanup
[492.852s][info][gc             ] GC(1143) Pause Cleanup 606M->606M(978M) 0.162ms
[492.852s][info][gc,cpu         ] GC(1143) User=0.00s Sys=0.00s Real=0.00s
[492.853s][info][gc,marking     ] GC(1143) Concurrent Clear Claimed Marks
[492.853s][info][gc,marking     ] GC(1143) Concurrent Clear Claimed Marks 0.040ms
[492.853s][info][gc,marking     ] GC(1143) Concurrent Cleanup for Next Mark
[492.856s][info][gc,marking     ] GC(1143) Concurrent Cleanup for Next Mark 3.039ms
[492.856s][info][gc             ] GC(1143) Concurrent Mark Cycle 1943.995ms
[493.265s][info][gc,start       ] GC(1147) Pause Young (Prepare Mixed) (G1 Evacuation Pause)
[493.265s][info][gc,task        ] GC(1147) Using 2 workers of 2 for evacuation
[493.315s][info][gc,phases      ] GC(1147)   Pre Evacuate Collection Set: 0.58ms
[493.315s][info][gc,phases      ] GC(1147)   Merge Heap Roots: 0.44ms
[493.315s][info][gc,phases      ] GC(1147)   Evacuate Collection Set: 47.94ms
[493.315s][info][gc,phases      ] GC(1147)   Post Evacuate Collection Set: 0.60ms
[493.315s][info][gc,phases      ] GC(1147)   Other: 0.10ms
[493.315s][info][gc,heap        ] GC(1147) Eden regions: 278->0(299)
[493.315s][info][gc,heap        ] GC(1147) Survivor regions: 26->18(38)
[493.315s][info][gc,heap        ] GC(1147) Old regions: 537->546
[493.315s][info][gc,heap        ] GC(1147) Humongous regions: 9->9
[493.315s][info][gc,metaspace   ] GC(1147) Metaspace: 18966K(19136K)->18966K(19136K) NonClass: 17136K(17280K)->17136K(17280K) Class: 1829K(1856K)->1829K(1856K)
[493.315s][info][gc             ] GC(1147) Pause Young (Prepare Mixed) (G1 Evacuation Pause) 849M->572M(978M) 49.920ms
[493.315s][info][gc,cpu         ] GC(1147) User=0.10s Sys=0.00s Real=0.05s
[493.813s][info][gc,start       ] GC(1148) Pause Young (Mixed) (G1 Evacuation Pause)
[493.813s][info][gc,task        ] GC(1148) Using 2 workers of 2 for evacuation
[493.847s][info][gc,phases      ] GC(1148)   Pre Evacuate Collection Set: 0.38ms
[493.847s][info][gc,phases      ] GC(1148)   Merge Heap Roots: 0.22ms
[493.847s][info][gc,phases      ] GC(1148)   Evacuate Collection Set: 32.24ms
[493.847s][info][gc,phases      ] GC(1148)   Post Evacuate Collection Set: 0.71ms
[493.847s][info][gc,phases      ] GC(1148)   Other: 0.15ms
[493.847s][info][gc,heap        ] GC(1148) Eden regions: 299->0(352)
[493.847s][info][gc,heap        ] GC(1148) Survivor regions: 18->18(40)
[493.847s][info][gc,heap        ] GC(1148) Old regions: 546->502
[493.847s][info][gc,heap        ] GC(1148) Humongous regions: 9->9
[493.847s][info][gc,metaspace   ] GC(1148) Metaspace: 18966K(19136K)->18966K(19136K) NonClass: 17136K(17280K)->17136K(17280K) Class: 1829K(1856K)->1829K(1856K)
[493.847s][info][gc             ] GC(1148) Pause Young (Mixed) (G1 Evacuation Pause) 871M->527M(978M) 33.991ms
[493.847s][info][gc,cpu         ] GC(1148) User=0.06s Sys=0.00s Real=0.03s
[494.430s][info][gc,start       ] GC(1149) Pause Young (Concurrent Start) (G1 Evacuation Pause)
[494.430s][info][gc,task        ] GC(1149) Using 2 workers of 2 for evacuation
[494.462s][info][gc,phases      ] GC(1149)   Pre Evacuate Collection Set: 0.40ms
[494.462s][info][gc,phases      ] GC(1149)   Merge Heap Roots: 0.18ms
[494.462s][info][gc,phases      ] GC(1149)   Evacuate Collection Set: 30.15ms
[494.462s][info][gc,phases      ] GC(1149)   Post Evacuate Collection Set: 0.66ms
[494.462s][info][gc,phases      ] GC(1149)   Other: 0.25ms
[494.462s][info][gc,heap        ] GC(1149) Eden regions: 352->0(370)
[494.462s][info][gc,heap        ] GC(1149) Survivor regions: 18->17(47)
[494.462s][info][gc,heap        ] GC(1149) Old regions: 502->502
[494.462s][info][gc,heap        ] GC(1149) Humongous regions: 9->9
[494.462s][info][gc,metaspace   ] GC(1149) Metaspace: 18966K(19136K)->18966K(19136K) NonClass: 17136K(17280K)->17136K(17280K) Class: 1829K(1856K)->1829K(1856K)
[494.462s][info][gc             ] GC(1149) Pause Young (Concurrent Start) (G1 Evacuation Pause) 879M->527M(978M) 31.889ms
[494.462s][info][gc,cpu         ] GC(1149) User=0.07s Sys=0.00s Real=0.03s
[494.462s][info][gc             ] GC(1150) Concurrent Mark Cycle
[494.462s][info][gc,marking     ] GC(1150) Concurrent Scan Root Regions
[494.517s][info][gc,marking     ] GC(1150) Concurrent Scan Root Regions 55.400ms
[494.518s][info][gc,marking     ] GC(1150) Concurrent Mark
[494.518s][info][gc,marking     ] GC(1150) Concurrent Mark From Roots
[494.518s][info][gc,task        ] GC(1150) Using 1 workers of 1 for marking
[495.468s][info][gc,start       ] GC(1151) Pause Young (Normal) (G1 Evacuation Pause)
[495.468s][info][gc,task        ] GC(1151) Using 2 workers of 2 for evacuation
[495.547s][info][gc,phases      ] GC(1151)   Pre Evacuate Collection Set: 0.36ms
[495.547s][info][gc,phases      ] GC(1151)   Merge Heap Roots: 0.30ms
[495.547s][info][gc,phases      ] GC(1151)   Evacuate Collection Set: 77.77ms
[495.547s][info][gc,phases      ] GC(1151)   Post Evacuate Collection Set: 0.69ms
[495.547s][info][gc,phases      ] GC(1151)   Other: 0.10ms
[495.547s][info][gc,heap        ] GC(1151) Eden regions: 370->0(314)
[495.547s][info][gc,heap        ] GC(1151) Survivor regions: 17->49(49)
[495.547s][info][gc,heap        ] GC(1151) Old regions: 502->507
[495.547s][info][gc,heap        ] GC(1151) Humongous regions: 9->9
[495.547s][info][gc,metaspace   ] GC(1151) Metaspace: 18966K(19136K)->18966K(19136K) NonClass: 17136K(17280K)->17136K(17280K) Class: 1829K(1856K)->1829K(1856K)
[495.547s][info][gc             ] GC(1151) Pause Young (Normal) (G1 Evacuation Pause) 897M->564M(978M) 79.503ms
[495.547s][info][gc,cpu         ] GC(1151) User=0.16s Sys=0.00s Real=0.08s
[496.062s][info][gc,start       ] GC(1152) Pause Young (Normal) (G1 Evacuation Pause)
[496.062s][info][gc,task        ] GC(1152) Using 2 workers of 2 for evacuation
[496.137s][info][gc,phases      ] GC(1152)   Pre Evacuate Collection Set: 0.32ms
[496.137s][info][gc,phases      ] GC(1152)   Merge Heap Roots: 0.29ms
[496.137s][info][gc,phases      ] GC(1152)   Evacuate Collection Set: 74.28ms
[496.137s][info][gc,phases      ] GC(1152)   Post Evacuate Collection Set: 0.62ms
[496.137s][info][gc,phases      ] GC(1152)   Other: 0.14ms
[496.137s][info][gc,heap        ] GC(1152) Eden regions: 314->0(332)
[496.137s][info][gc,heap        ] GC(1152) Survivor regions: 49->6(46)
[496.137s][info][gc,heap        ] GC(1152) Old regions: 507->556
[496.137s][info][gc,heap        ] GC(1152) Humongous regions: 9->9
[496.137s][info][gc,metaspace   ] GC(1152) Metaspace: 18966K(19136K)->18966K(19136K) NonClass: 17136K(17280K)->17136K(17280K) Class: 1829K(1856K)->1829K(1856K)
[496.138s][info][gc             ] GC(1152) Pause Young (Normal) (G1 Evacuation Pause) 878M->570M(978M) 75.935ms
[496.138s][info][gc,cpu         ] GC(1152) User=0.15s Sys=0.00s Real=0.08s
[496.215s][info][gc,marking     ] GC(1150) Concurrent Mark From Roots 1697.165ms
[496.215s][info][gc,marking     ] GC(1150) Concurrent Preclean
[496.215s][info][gc,marking     ] GC(1150) Concurrent Preclean 0.054ms
[496.215s][info][gc,start       ] GC(1150) Pause Remark
[496.224s][info][gc             ] GC(1150) Pause Remark 626M->624M(978M) 8.657ms
[496.224s][info][gc,cpu         ] GC(1150) User=0.02s Sys=0.00s Real=0.01s
[496.224s][info][gc,marking     ] GC(1150) Concurrent Mark 1706.886ms
[496.224s][info][gc,marking     ] GC(1150) Concurrent Rebuild Remembered Sets and Scrub Regions
[496.607s][info][gc,start       ] GC(1153) Pause Young (Normal) (G1 Evacuation Pause)
[496.607s][info][gc,task        ] GC(1153) Using 2 workers of 2 for evacuation
[496.675s][info][gc,phases      ] GC(1153)   Pre Evacuate Collection Set: 0.56ms
[496.675s][info][gc,phases      ] GC(1153)   Merge Heap Roots: 0.30ms
[496.675s][info][gc,phases      ] GC(1153)   Evacuate Collection Set: 65.70ms
[496.675s][info][gc,phases      ] GC(1153)   Post Evacuate Collection Set: 0.65ms
[496.675s][info][gc,phases      ] GC(1153)   Other: 0.14ms
[496.675s][info][gc,heap        ] GC(1153) Eden regions: 332->0(272)
[496.675s][info][gc,heap        ] GC(1153) Survivor regions: 6->43(43)
[496.675s][info][gc,heap        ] GC(1153) Old regions: 556->563
[496.675s][info][gc,heap        ] GC(1153) Humongous regions: 7->7
[496.675s][info][gc,metaspace   ] GC(1153) Metaspace: 18966K(19136K)->18966K(19136K) NonClass: 17136K(17280K)->17136K(17280K) Class: 1829K(1856K)->1829K(1856K)
[496.675s][info][gc             ] GC(1153) Pause Young (Normal) (G1 Evacuation Pause) 900M->612M(978M) 67.631ms
[496.675s][info][gc,cpu         ] GC(1153) User=0.13s Sys=0.00s Real=0.07s
[496.967s][info][gc,marking     ] GC(1150) Concurrent Rebuild Remembered Sets and Scrub Regions 742.266ms
[496.967s][info][gc,start       ] GC(1150) Pause Cleanup
[496.967s][info][gc             ] GC(1150) Pause Cleanup 777M->777M(978M) 0.127ms
[496.967s][info][gc,cpu         ] GC(1150) User=0.00s Sys=0.00s Real=0.00s
[496.967s][info][gc,marking     ] GC(1150) Concurrent Clear Claimed Marks
[496.967s][info][gc,marking     ] GC(1150) Concurrent Clear Claimed Marks 0.037ms
[496.967s][info][gc,marking     ] GC(1150) Concurrent Cleanup for Next Mark
[496.970s][info][gc,marking     ] GC(1150) Concurrent Cleanup for Next Mark 3.024ms
[496.970s][info][gc             ] GC(1150) Concurrent Mark Cycle 2508.197ms
[497.106s][info][gc,start       ] GC(1154) Pause Young (Prepare Mixed) (G1 Evacuation Pause)
[497.107s][info][gc,task        ] GC(1154) Using 2 workers of 2 for evacuation
[497.187s][info][gc,phases      ] GC(1154)   Pre Evacuate Collection Set: 0.37ms
[497.187s][info][gc,phases      ] GC(1154)   Merge Heap Roots: 0.53ms
[497.187s][info][gc,phases      ] GC(1154)   Evacuate Collection Set: 78.48ms
[497.187s][info][gc,phases      ] GC(1154)   Post Evacuate Collection Set: 0.62ms
[497.187s][info][gc,phases      ] GC(1154)   Other: 0.11ms
[497.187s][info][gc,heap        ] GC(1154) Eden regions: 272->0(262)
[497.187s][info][gc,heap        ] GC(1154) Survivor regions: 43->20(40)
[497.187s][info][gc,heap        ] GC(1154) Old regions: 563->606
[497.187s][info][gc,heap        ] GC(1154) Humongous regions: 7->7
[497.187s][info][gc,metaspace   ] GC(1154) Metaspace: 18966K(19136K)->18966K(19136K) NonClass: 17136K(17280K)->17136K(17280K) Class: 1829K(1856K)->1829K(1856K)
[497.187s][info][gc             ] GC(1154) Pause Young (Prepare Mixed) (G1 Evacuation Pause) 884M->632M(978M) 80.380ms
[497.187s][info][gc,cpu         ] GC(1154) User=0.15s Sys=0.00s Real=0.08s
[497.477s][info][gc,start       ] GC(1155) Pause Young (Mixed) (G1 Evacuation Pause)
[497.477s][info][gc,task        ] GC(1155) Using 2 workers of 2 for evacuation
[497.513s][info][gc,phases      ] GC(1155)   Pre Evacuate Collection Set: 0.58ms
[497.513s][info][gc,phases      ] GC(1155)   Merge Heap Roots: 0.32ms
[497.513s][info][gc,phases      ] GC(1155)   Evacuate Collection Set: 34.00ms
[497.513s][info][gc,phases      ] GC(1155)   Post Evacuate Collection Set: 0.57ms
[497.513s][info][gc,phases      ] GC(1155)   Other: 0.11ms
[497.513s][info][gc,heap        ] GC(1155) Eden regions: 262->0(279)
[497.513s][info][gc,heap        ] GC(1155) Survivor regions: 20->4(36)
[497.513s][info][gc,heap        ] GC(1155) Old regions: 606->615
[497.513s][info][gc,heap        ] GC(1155) Humongous regions: 7->7
[497.513s][info][gc,metaspace   ] GC(1155) Metaspace: 18966K(19136K)->18966K(19136K) NonClass: 17136K(17280K)->17136K(17280K) Class: 1829K(1856K)->1829K(1856K)
[497.513s][info][gc             ] GC(1155) Pause Young (Mixed) (G1 Evacuation Pause) 894M->625M(978M) 35.864ms
[497.513s][info][gc,cpu         ] GC(1155) User=0.07s Sys=0.00s Real=0.04s
[498.127s][info][gc,start       ] GC(1156) Pause Young (Concurrent Start) (G1 Evacuation Pause)
[498.127s][info][gc,task        ] GC(1156) Using 2 workers of 2 for evacuation
[498.172s][info][gc,phases      ] GC(1156)   Pre Evacuate Collection Set: 0.40ms
[498.173s][info][gc,phases      ] GC(1156)   Merge Heap Roots: 0.29ms
[498.173s][info][gc,phases      ] GC(1156)   Evacuate Collection Set: 43.79ms
[498.173s][info][gc,phases      ] GC(1156)   Post Evacuate Collection Set: 0.64ms
[498.173s][info][gc,phases      ] GC(1156)   Other: 0.26ms
[498.173s][info][gc,heap        ] GC(1156) Eden regions: 279->0(248)
[498.173s][info][gc,heap        ] GC(1156) Survivor regions: 4->29(36)
[498.173s][info][gc,heap        ] GC(1156) Old regions: 615->615
[498.173s][info][gc,heap        ] GC(1156) Humongous regions: 7->7
[498.173s][info][gc,metaspace   ] GC(1156) Metaspace: 18966K(19136K)->18966K(19136K) NonClass: 17136K(17280K)->17136K(17280K) Class: 1829K(1856K)->1829K(1856K)
[498.173s][info][gc             ] GC(1156) Pause Young (Concurrent Start) (G1 Evacuation Pause) 904M->650M(978M) 45.630ms
[498.173s][info][gc,cpu         ] GC(1156) User=0.09s Sys=0.00s Real=0.05s
[498.173s][info][gc             ] GC(1157) Concurrent Mark Cycle
[498.173s][info][gc,marking     ] GC(1157) Concurrent Scan Root Regions
[498.233s][info][gc,marking     ] GC(1157) Concurrent Scan Root Regions 60.469ms
[498.233s][info][gc,marking     ] GC(1157) Concurrent Mark
[498.233s][info][gc,marking     ] GC(1157) Concurrent Mark From Roots
[498.233s][info][gc,task        ] GC(1157) Using 1 workers of 1 for marking
[499.249s][info][gc,start       ] GC(1158) Pause Young (Normal) (G1 Evacuation Pause)
[499.249s][info][gc,task        ] GC(1158) Using 2 workers of 2 for evacuation
[499.290s][info][gc,phases      ] GC(1158)   Pre Evacuate Collection Set: 0.52ms
[499.290s][info][gc,phases      ] GC(1158)   Merge Heap Roots: 0.27ms
[499.290s][info][gc,phases      ] GC(1158)   Evacuate Collection Set: 40.06ms
[499.290s][info][gc,phases      ] GC(1158)   Post Evacuate Collection Set: 0.58ms
[499.290s][info][gc,phases      ] GC(1158)   Other: 0.10ms
[499.290s][info][gc,heap        ] GC(1158) Eden regions: 248->0(266)
[499.290s][info][gc,heap        ] GC(1158) Survivor regions: 29->1(35)
[499.290s][info][gc,heap        ] GC(1158) Old regions: 615->643
[499.290s][info][gc,heap        ] GC(1158) Humongous regions: 7->7
[499.290s][info][gc,metaspace   ] GC(1158) Metaspace: 18966K(19136K)->18966K(19136K) NonClass: 17136K(17280K)->17136K(17280K) Class: 1829K(1856K)->1829K(1856K)
[499.290s][info][gc             ] GC(1158) Pause Young (Normal) (G1 Evacuation Pause) 898M->650M(978M) 41.827ms
[499.290s][info][gc,cpu         ] GC(1158) User=0.07s Sys=0.00s Real=0.04s
[500.208s][info][gc,marking     ] GC(1157) Concurrent Mark From Roots 1974.276ms
[500.208s][info][gc,marking     ] GC(1157) Concurrent Preclean
[500.208s][info][gc,marking     ] GC(1157) Concurrent Preclean 0.059ms
[500.210s][info][gc,start       ] GC(1157) Pause Remark
[500.218s][info][gc             ] GC(1157) Pause Remark 876M->876M(978M) 8.780ms
[500.219s][info][gc,cpu         ] GC(1157) User=0.01s Sys=0.00s Real=0.01s
[500.219s][info][gc,marking     ] GC(1157) Concurrent Mark 1985.310ms
[500.219s][info][gc,marking     ] GC(1157) Concurrent Rebuild Remembered Sets and Scrub Regions
[500.381s][info][gc,start       ] GC(1159) Pause Young (Normal) (G1 Evacuation Pause)
[500.381s][info][gc,task        ] GC(1159) Using 2 workers of 2 for evacuation
[500.383s][info][gc,phases      ] GC(1159)   Pre Evacuate Collection Set: 0.32ms
[500.383s][info][gc,phases      ] GC(1159)   Merge Heap Roots: 0.14ms
[500.383s][info][gc,phases      ] GC(1159)   Evacuate Collection Set: 1.18ms
[500.383s][info][gc,phases      ] GC(1159)   Post Evacuate Collection Set: 0.44ms
[500.383s][info][gc,phases      ] GC(1159)   Other: 0.11ms
[500.383s][info][gc,heap        ] GC(1159) Eden regions: 266->0(276)
[500.383s][info][gc,heap        ] GC(1159) Survivor regions: 1->1(34)
[500.383s][info][gc,heap        ] GC(1159) Old regions: 643->643
[500.383s][info][gc,heap        ] GC(1159) Humongous regions: 7->7
[500.383s][info][gc,metaspace   ] GC(1159) Metaspace: 18966K(19136K)->18966K(19136K) NonClass: 17136K(17280K)->17136K(17280K) Class: 1829K(1856K)->1829K(1856K)
[500.383s][info][gc             ] GC(1159) Pause Young (Normal) (G1 Evacuation Pause) 916M->650M(978M) 2.460ms
[500.383s][info][gc,cpu         ] GC(1159) User=0.01s Sys=0.00s Real=0.01s
[500.968s][info][gc,marking     ] GC(1157) Concurrent Rebuild Remembered Sets and Scrub Regions 749.317ms
[500.968s][info][gc,start       ] GC(1157) Pause Cleanup
[500.968s][info][gc             ] GC(1157) Pause Cleanup 785M->785M(978M) 0.118ms
[500.968s][info][gc,cpu         ] GC(1157) User=0.00s Sys=0.00s Real=0.00s
[500.969s][info][gc,marking     ] GC(1157) Concurrent Clear Claimed Marks
[500.969s][info][gc,marking     ] GC(1157) Concurrent Clear Claimed Marks 0.068ms
[500.969s][info][gc,marking     ] GC(1157) Concurrent Cleanup for Next Mark
[500.972s][info][gc,marking     ] GC(1157) Concurrent Cleanup for Next Mark 3.010ms
[500.972s][info][gc             ] GC(1157) Concurrent Mark Cycle 2799.133ms
[501.212s][info][gc,start       ] GC(1160) Pause Young (Prepare Mixed) (G1 Evacuation Pause)
[501.212s][info][gc,task        ] GC(1160) Using 2 workers of 2 for evacuation
[501.244s][info][gc,phases      ] GC(1160)   Pre Evacuate Collection Set: 0.38ms
[501.244s][info][gc,phases      ] GC(1160)   Merge Heap Roots: 0.14ms
[501.244s][info][gc,phases      ] GC(1160)   Evacuate Collection Set: 30.11ms
[501.244s][info][gc,phases      ] GC(1160)   Post Evacuate Collection Set: 0.75ms
[501.244s][info][gc,phases      ] GC(1160)   Other: 0.11ms
[501.244s][info][gc,heap        ] GC(1160) Eden regions: 276->0(224)
[501.244s][info][gc,heap        ] GC(1160) Survivor regions: 1->27(35)
[501.244s][info][gc,heap        ] GC(1160) Old regions: 643->643
[501.244s][info][gc,heap        ] GC(1160) Humongous regions: 7->7
[501.244s][info][gc,metaspace   ] GC(1160) Metaspace: 18966K(19136K)->18966K(19136K) NonClass: 17136K(17280K)->17136K(17280K) Class: 1829K(1856K)->1829K(1856K)
[501.244s][info][gc             ] GC(1160) Pause Young (Prepare Mixed) (G1 Evacuation Pause) 926M->676M(978M) 31.807ms
[501.244s][info][gc,cpu         ] GC(1160) User=0.06s Sys=0.00s Real=0.04s
[501.553s][info][gc,start       ] GC(1161) Pause Young (Mixed) (G1 Evacuation Pause)
[501.554s][info][gc,task        ] GC(1161) Using 2 workers of 2 for evacuation
[501.631s][info][gc,phases      ] GC(1161)   Pre Evacuate Collection Set: 0.33ms
[501.631s][info][gc,phases      ] GC(1161)   Merge Heap Roots: 0.16ms
[501.631s][info][gc,phases      ] GC(1161)   Evacuate Collection Set: 76.40ms
[501.631s][info][gc,phases      ] GC(1161)   Post Evacuate Collection Set: 0.69ms
[501.631s][info][gc,phases      ] GC(1161)   Other: 0.10ms
[501.631s][info][gc,heap        ] GC(1161) Eden regions: 224->0(180)
[501.631s][info][gc,heap        ] GC(1161) Survivor regions: 27->32(32)
[501.631s][info][gc,heap        ] GC(1161) Old regions: 643->677
[501.631s][info][gc,heap        ] GC(1161) Humongous regions: 7->7
[501.631s][info][gc,metaspace   ] GC(1161) Metaspace: 18966K(19136K)->18966K(19136K) NonClass: 17137K(17280K)->17137K(17280K) Class: 1829K(1856K)->1829K(1856K)
[501.631s][info][gc             ] GC(1161) Pause Young (Mixed) (G1 Evacuation Pause) 900M->715M(978M) 78.003ms
[501.632s][info][gc,cpu         ] GC(1161) User=0.15s Sys=0.00s Real=0.07s
[501.805s][info][gc,start       ] GC(1162) Pause Young (Concurrent Start) (G1 Humongous Allocation)
[501.805s][info][gc,task        ] GC(1162) Using 2 workers of 2 for evacuation
[501.857s][info][gc,phases      ] GC(1162)   Pre Evacuate Collection Set: 0.36ms
[501.857s][info][gc,phases      ] GC(1162)   Merge Heap Roots: 0.32ms
[501.857s][info][gc,phases      ] GC(1162)   Evacuate Collection Set: 50.43ms
[501.857s][info][gc,phases      ] GC(1162)   Post Evacuate Collection Set: 0.59ms
[501.857s][info][gc,phases      ] GC(1162)   Other: 0.15ms
[501.857s][info][gc,heap        ] GC(1162) Eden regions: 111->0(189)
[501.857s][info][gc,heap        ] GC(1162) Survivor regions: 32->8(27)
[501.857s][info][gc,heap        ] GC(1162) Old regions: 677->709
[501.857s][info][gc,heap        ] GC(1162) Humongous regions: 7->7
[501.857s][info][gc,metaspace   ] GC(1162) Metaspace: 18966K(19136K)->18966K(19136K) NonClass: 17137K(17280K)->17137K(17280K) Class: 1829K(1856K)->1829K(1856K)
[501.857s][info][gc             ] GC(1162) Pause Young (Concurrent Start) (G1 Humongous Allocation) 826M->723M(978M) 52.093ms
[501.857s][info][gc,cpu         ] GC(1162) User=0.11s Sys=0.00s Real=0.05s
[501.857s][info][gc             ] GC(1163) Concurrent Mark Cycle
[501.857s][info][gc,marking     ] GC(1163) Concurrent Scan Root Regions
[501.919s][info][gc,marking     ] GC(1163) Concurrent Scan Root Regions 61.287ms
[501.919s][info][gc,marking     ] GC(1163) Concurrent Mark
[501.919s][info][gc,marking     ] GC(1163) Concurrent Mark From Roots
[501.919s][info][gc,task        ] GC(1163) Using 1 workers of 1 for marking
[502.535s][info][gc,start       ] GC(1164) Pause Young (Normal) (G1 Evacuation Pause)
[502.535s][info][gc,task        ] GC(1164) Using 2 workers of 2 for evacuation
[502.578s][info][gc,phases      ] GC(1164)   Pre Evacuate Collection Set: 0.57ms
[502.578s][info][gc,phases      ] GC(1164)   Merge Heap Roots: 0.35ms
[502.578s][info][gc,phases      ] GC(1164)   Evacuate Collection Set: 40.86ms
[502.578s][info][gc,phases      ] GC(1164)   Post Evacuate Collection Set: 0.60ms
[502.578s][info][gc,phases      ] GC(1164)   Other: 0.13ms
[502.578s][info][gc,heap        ] GC(1164) Eden regions: 189->0(165)
[502.578s][info][gc,heap        ] GC(1164) Survivor regions: 8->22(25)
[502.578s][info][gc,heap        ] GC(1164) Old regions: 709->709
[502.578s][info][gc,heap        ] GC(1164) Humongous regions: 10->10
[502.578s][info][gc,metaspace   ] GC(1164) Metaspace: 18966K(19136K)->18966K(19136K) NonClass: 17137K(17280K)->17137K(17280K) Class: 1829K(1856K)->1829K(1856K)
[502.578s][info][gc             ] GC(1164) Pause Young (Normal) (G1 Evacuation Pause) 915M->740M(978M) 42.760ms
[502.578s][info][gc,cpu         ] GC(1164) User=0.08s Sys=0.00s Real=0.04s
[502.834s][info][gc,marking     ] GC(1163) Concurrent Mark From Roots 915.280ms
[502.834s][info][gc,marking     ] GC(1163) Concurrent Preclean
[502.834s][info][gc,marking     ] GC(1163) Concurrent Preclean 0.066ms
[502.834s][info][gc,start       ] GC(1163) Pause Remark
[502.844s][info][gc             ] GC(1163) Pause Remark 866M->575M(978M) 9.362ms
[502.844s][info][gc,cpu         ] GC(1163) User=0.02s Sys=0.00s Real=0.01s
[502.844s][info][gc,marking     ] GC(1163) Concurrent Mark 925.087ms
[502.844s][info][gc,marking     ] GC(1163) Concurrent Rebuild Remembered Sets and Scrub Regions
[502.881s][info][gc,start       ] GC(1165) Pause Young (Normal) (G1 Evacuation Pause)
[502.881s][info][gc,task        ] GC(1165) Using 2 workers of 2 for evacuation
[502.973s][info][gc,phases      ] GC(1165)   Pre Evacuate Collection Set: 0.32ms
[502.973s][info][gc,phases      ] GC(1165)   Merge Heap Roots: 0.30ms
[502.973s][info][gc,phases      ] GC(1165)   Evacuate Collection Set: 90.03ms
[502.973s][info][gc,phases      ] GC(1165)   Post Evacuate Collection Set: 0.69ms
[502.973s][info][gc,phases      ] GC(1165)   Other: 0.11ms
[502.973s][info][gc,heap        ] GC(1165) Eden regions: 165->0(350)
[502.973s][info][gc,heap        ] GC(1165) Survivor regions: 22->24(24)
[502.973s][info][gc,heap        ] GC(1165) Old regions: 423->473
[502.973s][info][gc,heap        ] GC(1165) Humongous regions: 5->5
[502.973s][info][gc,metaspace   ] GC(1165) Metaspace: 18966K(19136K)->18966K(19136K) NonClass: 17137K(17280K)->17137K(17280K) Class: 1829K(1856K)->1829K(1856K)
[502.973s][info][gc             ] GC(1165) Pause Young (Normal) (G1 Evacuation Pause) 614M->501M(978M) 91.697ms
[502.973s][info][gc,cpu         ] GC(1165) User=0.18s Sys=0.00s Real=0.10s
[503.259s][info][gc,marking     ] GC(1163) Concurrent Rebuild Remembered Sets and Scrub Regions 414.987ms
[503.259s][info][gc,start       ] GC(1163) Pause Cleanup
[503.259s][info][gc             ] GC(1163) Pause Cleanup 639M->639M(978M) 0.294ms
[503.259s][info][gc,cpu         ] GC(1163) User=0.00s Sys=0.00s Real=0.00s
[503.261s][info][gc,marking     ] GC(1163) Concurrent Clear Claimed Marks
[503.261s][info][gc,marking     ] GC(1163) Concurrent Clear Claimed Marks 0.059ms
[503.261s][info][gc,marking     ] GC(1163) Concurrent Cleanup for Next Mark
[503.264s][info][gc,marking     ] GC(1163) Concurrent Cleanup for Next Mark 3.026ms
[503.264s][info][gc             ] GC(1163) Concurrent Mark Cycle 1406.476ms
[503.580s][info][gc,start       ] GC(1166) Pause Young (Prepare Mixed) (G1 Evacuation Pause)
[503.580s][info][gc,task        ] GC(1166) Using 2 workers of 2 for evacuation
[503.645s][info][gc,phases      ] GC(1166)   Pre Evacuate Collection Set: 0.36ms
[503.645s][info][gc,phases      ] GC(1166)   Merge Heap Roots: 0.47ms
[503.645s][info][gc,phases      ] GC(1166)   Evacuate Collection Set: 63.95ms
[503.645s][info][gc,phases      ] GC(1166)   Post Evacuate Collection Set: 0.66ms
[503.645s][info][gc,phases      ] GC(1166)   Other: 0.11ms
[503.645s][info][gc,heap        ] GC(1166) Eden regions: 350->0(328)
[503.645s][info][gc,heap        ] GC(1166) Survivor regions: 24->29(47)
[503.645s][info][gc,heap        ] GC(1166) Old regions: 473->497
[503.645s][info][gc,heap        ] GC(1166) Humongous regions: 5->5
[503.645s][info][gc,metaspace   ] GC(1166) Metaspace: 18966K(19136K)->18966K(19136K) NonClass: 17137K(17280K)->17137K(17280K) Class: 1829K(1856K)->1829K(1856K)
[503.646s][info][gc             ] GC(1166) Pause Young (Prepare Mixed) (G1 Evacuation Pause) 851M->530M(978M) 65.898ms
[503.646s][info][gc,cpu         ] GC(1166) User=0.13s Sys=0.00s Real=0.07s
[504.125s][info][gc,start       ] GC(1167) Pause Young (Mixed) (G1 Evacuation Pause)
[504.125s][info][gc,task        ] GC(1167) Using 2 workers of 2 for evacuation
[504.155s][info][gc,phases      ] GC(1167)   Pre Evacuate Collection Set: 0.45ms
[504.155s][info][gc,phases      ] GC(1167)   Merge Heap Roots: 0.31ms
[504.155s][info][gc,phases      ] GC(1167)   Evacuate Collection Set: 28.30ms
[504.155s][info][gc,phases      ] GC(1167)   Post Evacuate Collection Set: 0.72ms
[504.155s][info][gc,phases      ] GC(1167)   Other: 0.12ms
[504.155s][info][gc,heap        ] GC(1167) Eden regions: 328->0(422)
[504.155s][info][gc,heap        ] GC(1167) Survivor regions: 29->1(45)
[504.155s][info][gc,heap        ] GC(1167) Old regions: 497->428
[504.155s][info][gc,heap        ] GC(1167) Humongous regions: 5->5
[504.155s][info][gc,metaspace   ] GC(1167) Metaspace: 18966K(19136K)->18966K(19136K) NonClass: 17137K(17280K)->17137K(17280K) Class: 1829K(1856K)->1829K(1856K)
[504.155s][info][gc             ] GC(1167) Pause Young (Mixed) (G1 Evacuation Pause) 858M->433M(978M) 30.212ms
[504.155s][info][gc,cpu         ] GC(1167) User=0.06s Sys=0.00s Real=0.03s
[504.738s][info][gc,start       ] GC(1168) Pause Young (Mixed) (G1 Evacuation Pause)
[504.738s][info][gc,task        ] GC(1168) Using 2 workers of 2 for evacuation
[504.751s][info][gc,phases      ] GC(1168)   Pre Evacuate Collection Set: 0.33ms
[504.751s][info][gc,phases      ] GC(1168)   Merge Heap Roots: 0.31ms
[504.751s][info][gc,phases      ] GC(1168)   Evacuate Collection Set: 10.56ms
[504.751s][info][gc,phases      ] GC(1168)   Post Evacuate Collection Set: 0.71ms
[504.751s][info][gc,phases      ] GC(1168)   Other: 0.16ms
[504.751s][info][gc,heap        ] GC(1168) Eden regions: 422->0(457)
[504.751s][info][gc,heap        ] GC(1168) Survivor regions: 1->2(53)
[504.751s][info][gc,heap        ] GC(1168) Old regions: 428->408
[504.751s][info][gc,heap        ] GC(1168) Humongous regions: 5->5
[504.751s][info][gc,metaspace   ] GC(1168) Metaspace: 18966K(19136K)->18966K(19136K) NonClass: 17137K(17280K)->17137K(17280K) Class: 1829K(1856K)->1829K(1856K)
[504.751s][info][gc             ] GC(1168) Pause Young (Mixed) (G1 Evacuation Pause) 855M->414M(978M) 12.391ms
[504.751s][info][gc,cpu         ] GC(1168) User=0.03s Sys=0.00s Real=0.01s
[504.956s][info][gc,start       ] GC(1169) Pause Young (Concurrent Start) (G1 Humongous Allocation)
[504.956s][info][gc,task        ] GC(1169) Using 2 workers of 2 for evacuation
[504.985s][info][gc,phases      ] GC(1169)   Pre Evacuate Collection Set: 0.38ms
[504.985s][info][gc,phases      ] GC(1169)   Merge Heap Roots: 0.34ms
[504.985s][info][gc,phases      ] GC(1169)   Evacuate Collection Set: 27.03ms
[504.985s][info][gc,phases      ] GC(1169)   Post Evacuate Collection Set: 0.62ms
[504.985s][info][gc,phases      ] GC(1169)   Other: 0.24ms
[504.985s][info][gc,heap        ] GC(1169) Eden regions: 156->0(463)
[504.985s][info][gc,heap        ] GC(1169) Survivor regions: 2->10(58)
[504.985s][info][gc,heap        ] GC(1169) Old regions: 408->408
[504.985s][info][gc,heap        ] GC(1169) Humongous regions: 5->5
[504.985s][info][gc,metaspace   ] GC(1169) Metaspace: 18966K(19136K)->18966K(19136K) NonClass: 17137K(17280K)->17137K(17280K) Class: 1829K(1856K)->1829K(1856K)
[504.985s][info][gc             ] GC(1169) Pause Young (Concurrent Start) (G1 Humongous Allocation) 570M->422M(978M) 28.913ms
[504.985s][info][gc             ] GC(1170) Concurrent Mark Cycle
[504.985s][info][gc,marking     ] GC(1170) Concurrent Scan Root Regions
[504.986s][info][gc,cpu         ] GC(1169) User=0.06s Sys=0.00s Real=0.03s
[505.020s][info][gc,marking     ] GC(1170) Concurrent Scan Root Regions 34.974ms
[505.020s][info][gc,marking     ] GC(1170) Concurrent Mark
[505.020s][info][gc,marking     ] GC(1170) Concurrent Mark From Roots
[505.020s][info][gc,task        ] GC(1170) Using 1 workers of 1 for marking
[505.639s][info][gc,marking     ] GC(1170) Concurrent Mark From Roots 618.704ms
[505.639s][info][gc,marking     ] GC(1170) Concurrent Preclean
[505.639s][info][gc,marking     ] GC(1170) Concurrent Preclean 0.051ms
[505.640s][info][gc,start       ] GC(1170) Pause Remark
[505.649s][info][gc             ] GC(1170) Pause Remark 611M->484M(978M) 9.082ms
[505.649s][info][gc,cpu         ] GC(1170) User=0.02s Sys=0.01s Real=0.01s
[505.649s][info][gc,marking     ] GC(1170) Concurrent Mark 628.879ms
[505.649s][info][gc,marking     ] GC(1170) Concurrent Rebuild Remembered Sets and Scrub Regions
[505.890s][info][gc,marking     ] GC(1170) Concurrent Rebuild Remembered Sets and Scrub Regions 240.777ms
[505.890s][info][gc,start       ] GC(1170) Pause Cleanup
[505.890s][info][gc             ] GC(1170) Pause Cleanup 595M->595M(978M) 0.136ms
[505.890s][info][gc,cpu         ] GC(1170) User=0.00s Sys=0.00s Real=0.00s
[505.890s][info][gc,marking     ] GC(1170) Concurrent Clear Claimed Marks
[505.890s][info][gc,marking     ] GC(1170) Concurrent Clear Claimed Marks 0.043ms
[505.890s][info][gc,marking     ] GC(1170) Concurrent Cleanup for Next Mark
[505.897s][info][gc,marking     ] GC(1170) Concurrent Cleanup for Next Mark 7.023ms
[505.897s][info][gc             ] GC(1170) Concurrent Mark Cycle 912.392ms
[506.175s][info][gc,start       ] GC(1171) Pause Young (Prepare Mixed) (G1 Evacuation Pause)
[506.175s][info][gc,task        ] GC(1171) Using 2 workers of 2 for evacuation
[506.230s][info][gc,phases      ] GC(1171)   Pre Evacuate Collection Set: 0.56ms
[506.230s][info][gc,phases      ] GC(1171)   Merge Heap Roots: 0.72ms
[506.230s][info][gc,phases      ] GC(1171)   Evacuate Collection Set: 52.37ms
[506.230s][info][gc,phases      ] GC(1171)   Post Evacuate Collection Set: 0.83ms
[506.230s][info][gc,phases      ] GC(1171)   Other: 0.10ms
[506.230s][info][gc,heap        ] GC(1171) Eden regions: 463->0(531)
[506.230s][info][gc,heap        ] GC(1171) Survivor regions: 10->26(60)
[506.230s][info][gc,heap        ] GC(1171) Old regions: 284->284
[506.230s][info][gc,heap        ] GC(1171) Humongous regions: 5->5
[506.230s][info][gc,metaspace   ] GC(1171) Metaspace: 18966K(19136K)->18966K(19136K) NonClass: 17137K(17280K)->17137K(17280K) Class: 1829K(1856K)->1829K(1856K)
[506.230s][info][gc             ] GC(1171) Pause Young (Prepare Mixed) (G1 Evacuation Pause) 761M->314M(978M) 54.891ms
[506.230s][info][gc,cpu         ] GC(1171) User=0.10s Sys=0.00s Real=0.05s
[506.824s][info][gc,start       ] GC(1172) Pause Young (Mixed) (G1 Evacuation Pause)
[506.824s][info][gc,task        ] GC(1172) Using 2 workers of 2 for evacuation
[506.920s][info][gc,phases      ] GC(1172)   Pre Evacuate Collection Set: 0.56ms
[506.920s][info][gc,phases      ] GC(1172)   Merge Heap Roots: 0.58ms
[506.920s][info][gc,phases      ] GC(1172)   Evacuate Collection Set: 93.79ms
[506.920s][info][gc,phases      ] GC(1172)   Post Evacuate Collection Set: 1.00ms
[506.920s][info][gc,phases      ] GC(1172)   Other: 0.10ms
[506.920s][info][gc,heap        ] GC(1172) Eden regions: 531->0(526)
[506.920s][info][gc,heap        ] GC(1172) Survivor regions: 26->60(70)
[506.920s][info][gc,heap        ] GC(1172) Old regions: 284->247
[506.920s][info][gc,heap        ] GC(1172) Humongous regions: 5->5
[506.920s][info][gc,metaspace   ] GC(1172) Metaspace: 18966K(19136K)->18966K(19136K) NonClass: 17137K(17280K)->17137K(17280K) Class: 1829K(1856K)->1829K(1856K)
[506.920s][info][gc             ] GC(1172) Pause Young (Mixed) (G1 Evacuation Pause) 845M->310M(978M) 96.280ms
[506.920s][info][gc,cpu         ] GC(1172) User=0.19s Sys=0.00s Real=0.09s
[507.591s][info][gc,start       ] GC(1173) Pause Young (Concurrent Start) (G1 Evacuation Pause)
[507.591s][info][gc,task        ] GC(1173) Using 2 workers of 2 for evacuation
[507.736s][info][gc,phases      ] GC(1173)   Pre Evacuate Collection Set: 0.37ms
[507.736s][info][gc,phases      ] GC(1173)   Merge Heap Roots: 0.70ms
[507.736s][info][gc,phases      ] GC(1173)   Evacuate Collection Set: 143.29ms
[507.736s][info][gc,phases      ] GC(1173)   Post Evacuate Collection Set: 0.86ms
[507.736s][info][gc,phases      ] GC(1173)   Other: 0.21ms
[507.736s][info][gc,heap        ] GC(1173) Eden regions: 526->0(507)
[507.736s][info][gc,heap        ] GC(1173) Survivor regions: 60->72(74)
[507.736s][info][gc,heap        ] GC(1173) Old regions: 247->272
[507.736s][info][gc,heap        ] GC(1173) Humongous regions: 5->5
[507.736s][info][gc,metaspace   ] GC(1173) Metaspace: 18968K(19136K)->18968K(19136K) NonClass: 17139K(17280K)->17139K(17280K) Class: 1829K(1856K)->1829K(1856K)
[507.736s][info][gc             ] GC(1173) Pause Young (Concurrent Start) (G1 Evacuation Pause) 836M->348M(978M) 145.731ms
[507.736s][info][gc,cpu         ] GC(1173) User=0.29s Sys=0.00s Real=0.15s
[507.736s][info][gc             ] GC(1174) Concurrent Mark Cycle
[507.737s][info][gc,marking     ] GC(1174) Concurrent Scan Root Regions
[507.992s][info][gc,marking     ] GC(1174) Concurrent Scan Root Regions 255.084ms
[507.992s][info][gc,marking     ] GC(1174) Concurrent Mark
[507.992s][info][gc,marking     ] GC(1174) Concurrent Mark From Roots
[507.992s][info][gc,task        ] GC(1174) Using 1 workers of 1 for marking
[508.524s][info][gc,marking     ] GC(1174) Concurrent Mark From Roots 531.818ms
[508.524s][info][gc,marking     ] GC(1174) Concurrent Preclean
[508.524s][info][gc,marking     ] GC(1174) Concurrent Preclean 0.067ms
[508.524s][info][gc,start       ] GC(1174) Pause Remark
[508.538s][info][gc             ] GC(1174) Pause Remark 702M->701M(978M) 13.902ms
[508.538s][info][gc,cpu         ] GC(1174) User=0.02s Sys=0.00s Real=0.01s
[508.538s][info][gc,marking     ] GC(1174) Concurrent Mark 546.287ms
[508.538s][info][gc,marking     ] GC(1174) Concurrent Rebuild Remembered Sets and Scrub Regions
[508.839s][info][gc,start       ] GC(1175) Pause Young (Normal) (G1 Evacuation Pause)
[508.839s][info][gc,task        ] GC(1175) Using 2 workers of 2 for evacuation
[508.971s][info][gc,phases      ] GC(1175)   Pre Evacuate Collection Set: 0.33ms
[508.972s][info][gc,phases      ] GC(1175)   Merge Heap Roots: 0.53ms
[508.972s][info][gc,phases      ] GC(1175)   Evacuate Collection Set: 130.21ms
[508.972s][info][gc,phases      ] GC(1175)   Post Evacuate Collection Set: 0.86ms
[508.972s][info][gc,phases      ] GC(1175)   Other: 0.14ms
[508.972s][info][gc,heap        ] GC(1175) Eden regions: 507->0(473)
[508.972s][info][gc,heap        ] GC(1175) Survivor regions: 72->42(73)
[508.972s][info][gc,heap        ] GC(1175) Old regions: 272->344
[508.972s][info][gc,heap        ] GC(1175) Humongous regions: 4->4
[508.972s][info][gc,metaspace   ] GC(1175) Metaspace: 18968K(19136K)->18968K(19136K) NonClass: 17139K(17280K)->17139K(17280K) Class: 1829K(1856K)->1829K(1856K)
[508.972s][info][gc             ] GC(1175) Pause Young (Normal) (G1 Evacuation Pause) 854M->388M(978M) 132.458ms
[508.972s][info][gc,cpu         ] GC(1175) User=0.26s Sys=0.00s Real=0.13s
[508.983s][info][gc,marking     ] GC(1174) Concurrent Rebuild Remembered Sets and Scrub Regions 444.644ms
[508.983s][info][gc,start       ] GC(1174) Pause Cleanup
[508.983s][info][gc             ] GC(1174) Pause Cleanup 395M->395M(978M) 0.112ms
[508.983s][info][gc,cpu         ] GC(1174) User=0.00s Sys=0.00s Real=0.00s
[508.983s][info][gc,marking     ] GC(1174) Concurrent Clear Claimed Marks
[508.983s][info][gc,marking     ] GC(1174) Concurrent Clear Claimed Marks 0.043ms
[508.983s][info][gc,marking     ] GC(1174) Concurrent Cleanup for Next Mark
[508.989s][info][gc,marking     ] GC(1174) Concurrent Cleanup for Next Mark 5.031ms
[508.989s][info][gc             ] GC(1174) Concurrent Mark Cycle 1252.147ms
[509.600s][info][gc,start       ] GC(1176) Pause Young (Prepare Mixed) (G1 Evacuation Pause)
[509.600s][info][gc,task        ] GC(1176) Using 2 workers of 2 for evacuation
[509.668s][info][gc,phases      ] GC(1176)   Pre Evacuate Collection Set: 0.34ms
[509.668s][info][gc,phases      ] GC(1176)   Merge Heap Roots: 0.31ms
[509.668s][info][gc,phases      ] GC(1176)   Evacuate Collection Set: 66.68ms
[509.668s][info][gc,phases      ] GC(1176)   Post Evacuate Collection Set: 0.77ms
[509.668s][info][gc,phases      ] GC(1176)   Other: 0.14ms
[509.668s][info][gc,heap        ] GC(1176) Eden regions: 473->0(469)
[509.668s][info][gc,heap        ] GC(1176) Survivor regions: 42->17(65)
[509.668s][info][gc,heap        ] GC(1176) Old regions: 344->385
[509.668s][info][gc,heap        ] GC(1176) Humongous regions: 4->4
[509.668s][info][gc,metaspace   ] GC(1176) Metaspace: 18968K(19136K)->18968K(19136K) NonClass: 17139K(17280K)->17139K(17280K) Class: 1829K(1856K)->1829K(1856K)
[509.668s][info][gc             ] GC(1176) Pause Young (Prepare Mixed) (G1 Evacuation Pause) 861M->405M(978M) 68.584ms
[509.668s][info][gc,cpu         ] GC(1176) User=0.13s Sys=0.00s Real=0.07s
[510.960s][info][gc,start       ] GC(1177) Pause Young (Mixed) (G1 Evacuation Pause)
[510.961s][info][gc,task        ] GC(1177) Using 2 workers of 2 for evacuation
[510.984s][info][gc,phases      ] GC(1177)   Pre Evacuate Collection Set: 0.36ms
[510.984s][info][gc,phases      ] GC(1177)   Merge Heap Roots: 0.27ms
[510.984s][info][gc,phases      ] GC(1177)   Evacuate Collection Set: 21.68ms
[510.984s][info][gc,phases      ] GC(1177)   Post Evacuate Collection Set: 0.76ms
[510.984s][info][gc,phases      ] GC(1177)   Other: 0.11ms
[510.984s][info][gc,heap        ] GC(1177) Eden regions: 469->0(491)
[510.984s][info][gc,heap        ] GC(1177) Survivor regions: 17->17(61)
[510.984s][info][gc,heap        ] GC(1177) Old regions: 385->375
[510.984s][info][gc,heap        ] GC(1177) Humongous regions: 4->4
[510.984s][info][gc,metaspace   ] GC(1177) Metaspace: 18968K(19136K)->18968K(19136K) NonClass: 17139K(17280K)->17139K(17280K) Class: 1829K(1856K)->1829K(1856K)
[510.984s][info][gc             ] GC(1177) Pause Young (Mixed) (G1 Evacuation Pause) 874M->395M(978M) 23.478ms
[510.984s][info][gc,cpu         ] GC(1177) User=0.05s Sys=0.00s Real=0.03s
[511.740s][info][gc,start       ] GC(1178) Pause Young (Concurrent Start) (G1 Evacuation Pause)
[511.740s][info][gc,task        ] GC(1178) Using 2 workers of 2 for evacuation
[511.960s][info][gc,mmu         ] GC(1178) MMU target violated: 201.0ms (200.0ms/201.0ms)
[511.960s][info][gc,phases      ] GC(1178)   Pre Evacuate Collection Set: 0.39ms
[511.960s][info][gc,phases      ] GC(1178)   Merge Heap Roots: 0.24ms
[511.960s][info][gc,phases      ] GC(1178)   Evacuate Collection Set: 198.48ms
[511.960s][info][gc,phases      ] GC(1178)   Post Evacuate Collection Set: 20.15ms
[511.960s][info][gc,phases      ] GC(1178)   Other: 0.41ms
[511.960s][info][gc,heap        ] GC(1178) Eden regions: 491->0(145)
[511.960s][info][gc,heap        ] GC(1178) Survivor regions: 17->64(64)
[511.960s][info][gc,heap        ] GC(1178) Old regions: 375->651
[511.960s][info][gc,heap        ] GC(1178) Humongous regions: 4->4
[511.960s][info][gc,metaspace   ] GC(1178) Metaspace: 18968K(19136K)->18968K(19136K) NonClass: 17139K(17280K)->17139K(17280K) Class: 1829K(1856K)->1829K(1856K)
[511.960s][info][gc             ] GC(1178) Pause Young (Concurrent Start) (G1 Evacuation Pause) (Evacuation Failure: Allocation) 886M->718M(978M) 219.899ms
[511.960s][info][gc             ] GC(1179) Concurrent Mark Cycle
[511.960s][info][gc,marking     ] GC(1179) Concurrent Scan Root Regions
[511.960s][info][gc,cpu         ] GC(1178) User=0.43s Sys=0.00s Real=0.22s
[512.156s][info][gc,marking     ] GC(1179) Concurrent Scan Root Regions 196.099ms
[512.156s][info][gc,marking     ] GC(1179) Concurrent Mark
[512.156s][info][gc,marking     ] GC(1179) Concurrent Mark From Roots
[512.156s][info][gc,task        ] GC(1179) Using 1 workers of 1 for marking
[512.241s][info][gc,start       ] GC(1180) Pause Young (Normal) (G1 Evacuation Pause)
[512.242s][info][gc,task        ] GC(1180) Using 2 workers of 2 for evacuation
[512.444s][info][gc,mmu         ] GC(1180) MMU target violated: 201.0ms (200.0ms/201.0ms)
[512.444s][info][gc,phases      ] GC(1180)   Pre Evacuate Collection Set: 0.44ms
[512.444s][info][gc,phases      ] GC(1180)   Merge Heap Roots: 0.76ms
[512.444s][info][gc,phases      ] GC(1180)   Evacuate Collection Set: 184.56ms
[512.444s][info][gc,phases      ] GC(1180)   Post Evacuate Collection Set: 16.83ms
[512.444s][info][gc,phases      ] GC(1180)   Other: 0.19ms
[512.444s][info][gc,heap        ] GC(1180) Eden regions: 145->0(172)
[512.444s][info][gc,heap        ] GC(1180) Survivor regions: 64->27(27)
[512.444s][info][gc,heap        ] GC(1180) Old regions: 651->695
[512.444s][info][gc,heap        ] GC(1180) Humongous regions: 4->4
[512.444s][info][gc,metaspace   ] GC(1180) Metaspace: 18968K(19136K)->18968K(19136K) NonClass: 17139K(17280K)->17139K(17280K) Class: 1829K(1856K)->1829K(1856K)
[512.444s][info][gc             ] GC(1180) Pause Young (Normal) (G1 Evacuation Pause) (Evacuation Failure: Allocation) 863M->725M(978M) 203.026ms
[512.444s][info][gc,cpu         ] GC(1180) User=0.40s Sys=0.00s Real=0.21s
[513.153s][info][gc,start       ] GC(1181) Pause Young (Normal) (G1 Evacuation Pause)
[513.153s][info][gc,task        ] GC(1181) Using 2 workers of 2 for evacuation
[513.279s][info][gc,phases      ] GC(1181)   Pre Evacuate Collection Set: 0.62ms
[513.279s][info][gc,phases      ] GC(1181)   Merge Heap Roots: 0.66ms
[513.279s][info][gc,phases      ] GC(1181)   Evacuate Collection Set: 113.01ms
[513.279s][info][gc,phases      ] GC(1181)   Post Evacuate Collection Set: 11.01ms
[513.279s][info][gc,phases      ] GC(1181)   Other: 0.10ms
[513.279s][info][gc,heap        ] GC(1181) Eden regions: 172->0(85)
[513.279s][info][gc,heap        ] GC(1181) Survivor regions: 27->25(25)
[513.279s][info][gc,heap        ] GC(1181) Old regions: 695->786
[513.279s][info][gc,heap        ] GC(1181) Humongous regions: 7->7
[513.279s][info][gc,metaspace   ] GC(1181) Metaspace: 18968K(19136K)->18968K(19136K) NonClass: 17139K(17280K)->17139K(17280K) Class: 1829K(1856K)->1829K(1856K)
[513.279s][info][gc             ] GC(1181) Pause Young (Normal) (G1 Evacuation Pause) (Evacuation Failure: Allocation) 900M->817M(978M) 125.670ms
[513.279s][info][gc,cpu         ] GC(1181) User=0.25s Sys=0.01s Real=0.12s
[513.643s][info][gc,start       ] GC(1182) Pause Young (Normal) (G1 Evacuation Pause)
[513.643s][info][gc,task        ] GC(1182) Using 2 workers of 2 for evacuation
[513.730s][info][gc,phases      ] GC(1182)   Pre Evacuate Collection Set: 0.65ms
[513.730s][info][gc,phases      ] GC(1182)   Merge Heap Roots: 0.75ms
[513.730s][info][gc,phases      ] GC(1182)   Evacuate Collection Set: 85.03ms
[513.730s][info][gc,phases      ] GC(1182)   Post Evacuate Collection Set: 0.66ms
[513.730s][info][gc,phases      ] GC(1182)   Other: 0.10ms
[513.730s][info][gc,heap        ] GC(1182) Eden regions: 85->0(243)
[513.730s][info][gc,heap        ] GC(1182) Survivor regions: 25->4(14)
[513.730s][info][gc,heap        ] GC(1182) Old regions: 786->623
[513.730s][info][gc,heap        ] GC(1182) Humongous regions: 7->7
[513.730s][info][gc,metaspace   ] GC(1182) Metaspace: 18968K(19136K)->18968K(19136K) NonClass: 17139K(17280K)->17139K(17280K) Class: 1829K(1856K)->1829K(1856K)
[513.730s][info][gc             ] GC(1182) Pause Young (Normal) (G1 Evacuation Pause) 902M->633M(978M) 87.480ms
[513.730s][info][gc,cpu         ] GC(1182) User=0.18s Sys=0.00s Real=0.08s
[513.932s][info][gc,marking     ] GC(1179) Concurrent Mark From Roots 1775.621ms
[513.932s][info][gc,marking     ] GC(1179) Concurrent Preclean
[513.932s][info][gc,marking     ] GC(1179) Concurrent Preclean 0.062ms
[513.932s][info][gc,start       ] GC(1179) Pause Remark
[513.941s][info][gc             ] GC(1179) Pause Remark 702M->702M(978M) 9.097ms
[513.941s][info][gc,cpu         ] GC(1179) User=0.02s Sys=0.00s Real=0.01s
[513.943s][info][gc,marking     ] GC(1179) Concurrent Mark 1786.630ms
[513.943s][info][gc,marking     ] GC(1179) Concurrent Rebuild Remembered Sets and Scrub Regions
[514.339s][info][gc,start       ] GC(1183) Pause Young (Normal) (G1 Evacuation Pause)
[514.339s][info][gc,task        ] GC(1183) Using 2 workers of 2 for evacuation
[514.466s][info][gc,phases      ] GC(1183)   Pre Evacuate Collection Set: 0.52ms
[514.466s][info][gc,phases      ] GC(1183)   Merge Heap Roots: 1.48ms
[514.467s][info][gc,phases      ] GC(1183)   Evacuate Collection Set: 123.90ms
[514.467s][info][gc,phases      ] GC(1183)   Post Evacuate Collection Set: 1.19ms
[514.467s][info][gc,phases      ] GC(1183)   Other: 0.12ms
[514.467s][info][gc,heap        ] GC(1183) Eden regions: 243->0(220)
[514.467s][info][gc,heap        ] GC(1183) Survivor regions: 4->31(31)
[514.467s][info][gc,heap        ] GC(1183) Old regions: 623->614
[514.467s][info][gc,heap        ] GC(1183) Humongous regions: 13->13
[514.467s][info][gc,metaspace   ] GC(1183) Metaspace: 18968K(19136K)->18968K(19136K) NonClass: 17139K(17280K)->17139K(17280K) Class: 1829K(1856K)->1829K(1856K)
[514.467s][info][gc             ] GC(1183) Pause Young (Normal) (G1 Evacuation Pause) 882M->657M(978M) 127.622ms
[514.467s][info][gc,cpu         ] GC(1183) User=0.25s Sys=0.00s Real=0.13s
[514.784s][info][gc,marking     ] GC(1179) Concurrent Rebuild Remembered Sets and Scrub Regions 841.163ms
[514.784s][info][gc,start       ] GC(1179) Pause Cleanup
[514.785s][info][gc             ] GC(1179) Pause Cleanup 767M->767M(978M) 0.174ms
[514.785s][info][gc,cpu         ] GC(1179) User=0.00s Sys=0.00s Real=0.00s
[514.785s][info][gc,marking     ] GC(1179) Concurrent Clear Claimed Marks
[514.785s][info][gc,marking     ] GC(1179) Concurrent Clear Claimed Marks 0.041ms
[514.785s][info][gc,marking     ] GC(1179) Concurrent Cleanup for Next Mark
[514.790s][info][gc,marking     ] GC(1179) Concurrent Cleanup for Next Mark 5.009ms
[514.790s][info][gc             ] GC(1179) Concurrent Mark Cycle 2830.037ms
[515.009s][info][gc,start       ] GC(1184) Pause Young (Prepare Mixed) (G1 Evacuation Pause)
[515.009s][info][gc,task        ] GC(1184) Using 2 workers of 2 for evacuation
[515.088s][info][gc,phases      ] GC(1184)   Pre Evacuate Collection Set: 0.45ms
[515.088s][info][gc,phases      ] GC(1184)   Merge Heap Roots: 1.33ms
[515.088s][info][gc,phases      ] GC(1184)   Evacuate Collection Set: 76.90ms
[515.088s][info][gc,phases      ] GC(1184)   Post Evacuate Collection Set: 0.49ms
[515.088s][info][gc,phases      ] GC(1184)   Other: 0.14ms
[515.088s][info][gc,heap        ] GC(1184) Eden regions: 220->0(237)
[515.088s][info][gc,heap        ] GC(1184) Survivor regions: 31->1(32)
[515.088s][info][gc,heap        ] GC(1184) Old regions: 614->646
[515.088s][info][gc,heap        ] GC(1184) Humongous regions: 13->13
[515.088s][info][gc,metaspace   ] GC(1184) Metaspace: 18968K(19136K)->18968K(19136K) NonClass: 17139K(17280K)->17139K(17280K) Class: 1829K(1856K)->1829K(1856K)
[515.088s][info][gc             ] GC(1184) Pause Young (Prepare Mixed) (G1 Evacuation Pause) 877M->659M(978M) 79.633ms
[515.088s][info][gc,cpu         ] GC(1184) User=0.15s Sys=0.00s Real=0.08s
[515.503s][info][gc,start       ] GC(1185) Pause Young (Mixed) (G1 Evacuation Pause)
[515.503s][info][gc,task        ] GC(1185) Using 2 workers of 2 for evacuation
[515.505s][info][gc,phases      ] GC(1185)   Pre Evacuate Collection Set: 0.37ms
[515.505s][info][gc,phases      ] GC(1185)   Merge Heap Roots: 0.12ms
[515.505s][info][gc,phases      ] GC(1185)   Evacuate Collection Set: 1.27ms
[515.505s][info][gc,phases      ] GC(1185)   Post Evacuate Collection Set: 0.46ms
[515.505s][info][gc,phases      ] GC(1185)   Other: 0.12ms
[515.505s][info][gc,heap        ] GC(1185) Eden regions: 237->0(259)
[515.505s][info][gc,heap        ] GC(1185) Survivor regions: 1->1(30)
[515.505s][info][gc,heap        ] GC(1185) Old regions: 646->637
[515.505s][info][gc,heap        ] GC(1185) Humongous regions: 13->13
[515.505s][info][gc,metaspace   ] GC(1185) Metaspace: 18968K(19136K)->18968K(19136K) NonClass: 17139K(17280K)->17139K(17280K) Class: 1829K(1856K)->1829K(1856K)
[515.505s][info][gc             ] GC(1185) Pause Young (Mixed) (G1 Evacuation Pause) 896M->650M(978M) 2.607ms
[515.505s][info][gc,cpu         ] GC(1185) User=0.00s Sys=0.00s Real=0.00s
[515.962s][info][gc,start       ] GC(1186) Pause Young (Concurrent Start) (G1 Evacuation Pause)
[515.962s][info][gc,task        ] GC(1186) Using 2 workers of 2 for evacuation
[515.964s][info][gc,phases      ] GC(1186)   Pre Evacuate Collection Set: 0.35ms
[515.964s][info][gc,phases      ] GC(1186)   Merge Heap Roots: 0.12ms
[515.964s][info][gc,phases      ] GC(1186)   Evacuate Collection Set: 0.53ms
[515.964s][info][gc,phases      ] GC(1186)   Post Evacuate Collection Set: 0.50ms
[515.964s][info][gc,phases      ] GC(1186)   Other: 0.14ms
[515.964s][info][gc,heap        ] GC(1186) Eden regions: 259->0(270)
[515.964s][info][gc,heap        ] GC(1186) Survivor regions: 1->1(33)
[515.964s][info][gc,heap        ] GC(1186) Old regions: 637->637
[515.964s][info][gc,heap        ] GC(1186) Humongous regions: 13->13
[515.964s][info][gc,metaspace   ] GC(1186) Metaspace: 18968K(19136K)->18968K(19136K) NonClass: 17139K(17280K)->17139K(17280K) Class: 1829K(1856K)->1829K(1856K)
[515.964s][info][gc             ] GC(1186) Pause Young (Concurrent Start) (G1 Evacuation Pause) 909M->649M(978M) 1.909ms
[515.964s][info][gc,cpu         ] GC(1186) User=0.01s Sys=0.00s Real=0.01s
[515.964s][info][gc             ] GC(1187) Concurrent Mark Cycle
[515.964s][info][gc,marking     ] GC(1187) Concurrent Scan Root Regions
[515.967s][info][gc,marking     ] GC(1187) Concurrent Scan Root Regions 2.575ms
[515.967s][info][gc,marking     ] GC(1187) Concurrent Mark
[515.967s][info][gc,marking     ] GC(1187) Concurrent Mark From Roots
[515.967s][info][gc,task        ] GC(1187) Using 1 workers of 1 for marking
[516.971s][info][gc,start       ] GC(1188) Pause Young (Normal) (G1 Evacuation Pause)
[516.971s][info][gc,task        ] GC(1188) Using 2 workers of 2 for evacuation
[516.995s][info][gc,phases      ] GC(1188)   Pre Evacuate Collection Set: 0.59ms
[516.995s][info][gc,phases      ] GC(1188)   Merge Heap Roots: 0.20ms
[516.995s][info][gc,phases      ] GC(1188)   Evacuate Collection Set: 22.76ms
[516.995s][info][gc,phases      ] GC(1188)   Post Evacuate Collection Set: 0.56ms
[516.995s][info][gc,phases      ] GC(1188)   Other: 0.10ms
[516.995s][info][gc,heap        ] GC(1188) Eden regions: 270->0(244)
[516.995s][info][gc,heap        ] GC(1188) Survivor regions: 1->17(34)
[516.995s][info][gc,heap        ] GC(1188) Old regions: 637->637
[516.996s][info][gc,heap        ] GC(1188) Humongous regions: 13->13
[516.996s][info][gc,metaspace   ] GC(1188) Metaspace: 18968K(19136K)->18968K(19136K) NonClass: 17139K(17280K)->17139K(17280K) Class: 1829K(1856K)->1829K(1856K)
[516.996s][info][gc             ] GC(1188) Pause Young (Normal) (G1 Evacuation Pause) 919M->665M(978M) 24.562ms
[516.996s][info][gc,cpu         ] GC(1188) User=0.05s Sys=0.00s Real=0.03s
[517.443s][info][gc,start       ] GC(1189) Pause Young (Normal) (G1 Evacuation Pause)
[517.443s][info][gc,task        ] GC(1189) Using 2 workers of 2 for evacuation
[517.485s][info][gc,phases      ] GC(1189)   Pre Evacuate Collection Set: 0.34ms
[517.486s][info][gc,phases      ] GC(1189)   Merge Heap Roots: 0.29ms
[517.486s][info][gc,phases      ] GC(1189)   Evacuate Collection Set: 41.11ms
[517.486s][info][gc,phases      ] GC(1189)   Post Evacuate Collection Set: 0.57ms
[517.486s][info][gc,phases      ] GC(1189)   Other: 0.11ms
[517.486s][info][gc,heap        ] GC(1189) Eden regions: 244->0(212)
[517.486s][info][gc,heap        ] GC(1189) Survivor regions: 17->33(33)
[517.486s][info][gc,heap        ] GC(1189) Old regions: 637->637
[517.486s][info][gc,heap        ] GC(1189) Humongous regions: 13->13
[517.486s][info][gc,metaspace   ] GC(1189) Metaspace: 18968K(19136K)->18968K(19136K) NonClass: 17139K(17280K)->17139K(17280K) Class: 1829K(1856K)->1829K(1856K)
[517.486s][info][gc             ] GC(1189) Pause Young (Normal) (G1 Evacuation Pause) 909M->682M(978M) 42.720ms
[517.486s][info][gc,cpu         ] GC(1189) User=0.08s Sys=0.00s Real=0.04s
[517.513s][info][gc,marking     ] GC(1187) Concurrent Mark From Roots 1545.871ms
[517.513s][info][gc,marking     ] GC(1187) Concurrent Preclean
[517.513s][info][gc,marking     ] GC(1187) Concurrent Preclean 0.060ms
[517.513s][info][gc,start       ] GC(1187) Pause Remark
[517.522s][info][gc             ] GC(1187) Pause Remark 692M->584M(978M) 8.881ms
[517.522s][info][gc,cpu         ] GC(1187) User=0.01s Sys=0.00s Real=0.00s
[517.522s][info][gc,marking     ] GC(1187) Concurrent Mark 1555.115ms
[517.522s][info][gc,marking     ] GC(1187) Concurrent Rebuild Remembered Sets and Scrub Regions
[517.917s][info][gc,start       ] GC(1190) Pause Young (Normal) (G1 Evacuation Pause)
[517.917s][info][gc,task        ] GC(1190) Using 2 workers of 2 for evacuation
[517.958s][info][gc,phases      ] GC(1190)   Pre Evacuate Collection Set: 0.55ms
[517.958s][info][gc,phases      ] GC(1190)   Merge Heap Roots: 0.26ms
[517.958s][info][gc,phases      ] GC(1190)   Evacuate Collection Set: 39.59ms
[517.958s][info][gc,phases      ] GC(1190)   Post Evacuate Collection Set: 0.52ms
[517.958s][info][gc,phases      ] GC(1190)   Other: 0.13ms
[517.958s][info][gc,heap        ] GC(1190) Eden regions: 212->0(341)
[517.958s][info][gc,heap        ] GC(1190) Survivor regions: 33->2(31)
[517.958s][info][gc,heap        ] GC(1190) Old regions: 535->568
[517.958s][info][gc,heap        ] GC(1190) Humongous regions: 7->7
[517.958s][info][gc,metaspace   ] GC(1190) Metaspace: 18968K(19136K)->18968K(19136K) NonClass: 17139K(17280K)->17139K(17280K) Class: 1829K(1856K)->1829K(1856K)
[517.958s][info][gc             ] GC(1190) Pause Young (Normal) (G1 Evacuation Pause) 786M->576M(978M) 41.328ms
[517.958s][info][gc,cpu         ] GC(1190) User=0.08s Sys=0.00s Real=0.04s
[517.967s][info][gc,marking     ] GC(1187) Concurrent Rebuild Remembered Sets and Scrub Regions 445.534ms
[517.967s][info][gc,start       ] GC(1187) Pause Cleanup
[517.968s][info][gc             ] GC(1187) Pause Cleanup 580M->580M(978M) 0.157ms
[517.968s][info][gc,cpu         ] GC(1187) User=0.00s Sys=0.00s Real=0.00s
[517.969s][info][gc,marking     ] GC(1187) Concurrent Clear Claimed Marks
[517.969s][info][gc,marking     ] GC(1187) Concurrent Clear Claimed Marks 0.068ms
[517.969s][info][gc,marking     ] GC(1187) Concurrent Cleanup for Next Mark
[517.974s][info][gc,marking     ] GC(1187) Concurrent Cleanup for Next Mark 5.042ms
[517.974s][info][gc             ] GC(1187) Concurrent Mark Cycle 2009.754ms
[518.661s][info][gc,start       ] GC(1191) Pause Young (Prepare Mixed) (G1 Evacuation Pause)
[518.661s][info][gc,task        ] GC(1191) Using 2 workers of 2 for evacuation
[518.681s][info][gc,phases      ] GC(1191)   Pre Evacuate Collection Set: 0.58ms
[518.681s][info][gc,phases      ] GC(1191)   Merge Heap Roots: 0.24ms
[518.681s][info][gc,phases      ] GC(1191)   Evacuate Collection Set: 18.27ms
[518.681s][info][gc,phases      ] GC(1191)   Post Evacuate Collection Set: 0.63ms
[518.681s][info][gc,phases      ] GC(1191)   Other: 0.12ms
[518.681s][info][gc,heap        ] GC(1191) Eden regions: 341->0(331)
[518.681s][info][gc,heap        ] GC(1191) Survivor regions: 2->11(43)
[518.681s][info][gc,heap        ] GC(1191) Old regions: 568->568
[518.681s][info][gc,heap        ] GC(1191) Humongous regions: 7->7
[518.681s][info][gc,metaspace   ] GC(1191) Metaspace: 18968K(19136K)->18968K(19136K) NonClass: 17139K(17280K)->17139K(17280K) Class: 1829K(1856K)->1829K(1856K)
[518.681s][info][gc             ] GC(1191) Pause Young (Prepare Mixed) (G1 Evacuation Pause) 917M->585M(978M) 20.107ms
[518.681s][info][gc,cpu         ] GC(1191) User=0.04s Sys=0.00s Real=0.02s
[519.430s][info][gc,start       ] GC(1192) Pause Young (Mixed) (G1 Evacuation Pause)
[519.430s][info][gc,task        ] GC(1192) Using 2 workers of 2 for evacuation
[519.452s][info][gc,phases      ] GC(1192)   Pre Evacuate Collection Set: 0.60ms
[519.452s][info][gc,phases      ] GC(1192)   Merge Heap Roots: 0.24ms
[519.452s][info][gc,phases      ] GC(1192)   Evacuate Collection Set: 20.24ms
[519.452s][info][gc,phases      ] GC(1192)   Post Evacuate Collection Set: 0.74ms
[519.452s][info][gc,phases      ] GC(1192)   Other: 0.12ms
[519.452s][info][gc,heap        ] GC(1192) Eden regions: 331->0(368)
[519.452s][info][gc,heap        ] GC(1192) Survivor regions: 11->13(43)
[519.452s][info][gc,heap        ] GC(1192) Old regions: 568->527
[519.452s][info][gc,heap        ] GC(1192) Humongous regions: 7->7
[519.452s][info][gc,metaspace   ] GC(1192) Metaspace: 18968K(19136K)->18968K(19136K) NonClass: 17139K(17280K)->17139K(17280K) Class: 1829K(1856K)->1829K(1856K)
[519.452s][info][gc             ] GC(1192) Pause Young (Mixed) (G1 Evacuation Pause) 916M->546M(978M) 22.186ms
[519.452s][info][gc,cpu         ] GC(1192) User=0.05s Sys=0.00s Real=0.02s
[519.905s][info][gc,start       ] GC(1193) Pause Young (Concurrent Start) (G1 Evacuation Pause)
[519.905s][info][gc,task        ] GC(1193) Using 2 workers of 2 for evacuation
[520.002s][info][gc,phases      ] GC(1193)   Pre Evacuate Collection Set: 0.36ms
[520.002s][info][gc,phases      ] GC(1193)   Merge Heap Roots: 0.25ms
[520.002s][info][gc,phases      ] GC(1193)   Evacuate Collection Set: 91.79ms
[520.002s][info][gc,phases      ] GC(1193)   Post Evacuate Collection Set: 3.96ms
[520.002s][info][gc,phases      ] GC(1193)   Other: 0.14ms
[520.002s][info][gc,heap        ] GC(1193) Eden regions: 368->0(242)
[520.002s][info][gc,heap        ] GC(1193) Survivor regions: 13->48(48)
[520.002s][info][gc,heap        ] GC(1193) Old regions: 527->583
[520.002s][info][gc,heap        ] GC(1193) Humongous regions: 7->7
[520.002s][info][gc,metaspace   ] GC(1193) Metaspace: 18969K(19136K)->18969K(19136K) NonClass: 17139K(17280K)->17139K(17280K) Class: 1829K(1856K)->1829K(1856K)
[520.002s][info][gc             ] GC(1193) Pause Young (Concurrent Start) (G1 Evacuation Pause) (Evacuation Failure: Allocation) 914M->637M(978M) 96.747ms
[520.002s][info][gc             ] GC(1194) Concurrent Mark Cycle
[520.002s][info][gc,marking     ] GC(1194) Concurrent Scan Root Regions
[520.004s][info][gc,cpu         ] GC(1193) User=0.19s Sys=0.00s Real=0.10s
[520.069s][info][gc,marking     ] GC(1194) Concurrent Scan Root Regions 67.088ms
[520.069s][info][gc,marking     ] GC(1194) Concurrent Mark
[520.069s][info][gc,marking     ] GC(1194) Concurrent Mark From Roots
[520.069s][info][gc,task        ] GC(1194) Using 1 workers of 1 for marking
[521.000s][info][gc,start       ] GC(1195) Pause Young (Normal) (G1 Evacuation Pause)
[521.000s][info][gc,task        ] GC(1195) Using 2 workers of 2 for evacuation
[521.102s][info][gc,phases      ] GC(1195)   Pre Evacuate Collection Set: 0.59ms
[521.102s][info][gc,phases      ] GC(1195)   Merge Heap Roots: 0.47ms
[521.102s][info][gc,phases      ] GC(1195)   Evacuate Collection Set: 100.54ms
[521.102s][info][gc,phases      ] GC(1195)   Post Evacuate Collection Set: 0.67ms
[521.102s][info][gc,phases      ] GC(1195)   Other: 0.14ms
[521.102s][info][gc,heap        ] GC(1195) Eden regions: 242->0(276)
[521.102s][info][gc,heap        ] GC(1195) Survivor regions: 48->20(37)
[521.102s][info][gc,heap        ] GC(1195) Old regions: 583->600
[521.102s][info][gc,heap        ] GC(1195) Humongous regions: 10->10
[521.102s][info][gc,metaspace   ] GC(1195) Metaspace: 18971K(19136K)->18971K(19136K) NonClass: 17141K(17280K)->17141K(17280K) Class: 1829K(1856K)->1829K(1856K)
[521.102s][info][gc             ] GC(1195) Pause Young (Normal) (G1 Evacuation Pause) 882M->629M(978M) 102.702ms
[521.103s][info][gc,cpu         ] GC(1195) User=0.20s Sys=0.00s Real=0.10s
[521.252s][info][gc,marking     ] GC(1194) Concurrent Mark From Roots 1183.016ms
[521.252s][info][gc,marking     ] GC(1194) Concurrent Preclean
[521.252s][info][gc,marking     ] GC(1194) Concurrent Preclean 0.058ms
[521.252s][info][gc,start       ] GC(1194) Pause Remark
[521.261s][info][gc             ] GC(1194) Pause Remark 667M->506M(978M) 8.803ms
[521.261s][info][gc,cpu         ] GC(1194) User=0.02s Sys=0.00s Real=0.01s
[521.263s][info][gc,marking     ] GC(1194) Concurrent Mark 1194.053ms
[521.263s][info][gc,marking     ] GC(1194) Concurrent Rebuild Remembered Sets and Scrub Regions
[521.680s][info][gc,marking     ] GC(1194) Concurrent Rebuild Remembered Sets and Scrub Regions 416.525ms
[521.680s][info][gc,start       ] GC(1194) Pause Cleanup
[521.680s][info][gc             ] GC(1194) Pause Cleanup 666M->666M(978M) 0.120ms
[521.680s][info][gc,cpu         ] GC(1194) User=0.00s Sys=0.00s Real=0.00s
[521.680s][info][gc,marking     ] GC(1194) Concurrent Clear Claimed Marks
[521.680s][info][gc,marking     ] GC(1194) Concurrent Clear Claimed Marks 0.037ms
[521.680s][info][gc,marking     ] GC(1194) Concurrent Cleanup for Next Mark
[521.683s][info][gc,marking     ] GC(1194) Concurrent Cleanup for Next Mark 2.977ms
[521.683s][info][gc             ] GC(1194) Concurrent Mark Cycle 1681.255ms
[521.820s][info][gc,start       ] GC(1196) Pause Young (Prepare Mixed) (G1 Evacuation Pause)
[521.820s][info][gc,task        ] GC(1196) Using 2 workers of 2 for evacuation
[521.858s][info][gc,phases      ] GC(1196)   Pre Evacuate Collection Set: 0.34ms
[521.858s][info][gc,phases      ] GC(1196)   Merge Heap Roots: 0.52ms
[521.858s][info][gc,phases      ] GC(1196)   Evacuate Collection Set: 36.77ms
[521.858s][info][gc,phases      ] GC(1196)   Post Evacuate Collection Set: 0.57ms
[521.858s][info][gc,phases      ] GC(1196)   Other: 0.10ms
[521.859s][info][gc,heap        ] GC(1196) Eden regions: 276->0(419)
[521.859s][info][gc,heap        ] GC(1196) Survivor regions: 20->1(37)
[521.859s][info][gc,heap        ] GC(1196) Old regions: 441->461
[521.859s][info][gc,heap        ] GC(1196) Humongous regions: 8->8
[521.859s][info][gc,metaspace   ] GC(1196) Metaspace: 18971K(19136K)->18971K(19136K) NonClass: 17141K(17280K)->17141K(17280K) Class: 1829K(1856K)->1829K(1856K)
[521.859s][info][gc             ] GC(1196) Pause Young (Prepare Mixed) (G1 Evacuation Pause) 744M->469M(978M) 38.643ms
[521.859s][info][gc,cpu         ] GC(1196) User=0.08s Sys=0.00s Real=0.04s
[522.592s][info][gc,start       ] GC(1197) Pause Young (Mixed) (G1 Evacuation Pause)
[522.592s][info][gc,task        ] GC(1197) Using 2 workers of 2 for evacuation
[522.594s][info][gc,phases      ] GC(1197)   Pre Evacuate Collection Set: 0.33ms
[522.594s][info][gc,phases      ] GC(1197)   Merge Heap Roots: 0.14ms
[522.594s][info][gc,phases      ] GC(1197)   Evacuate Collection Set: 0.71ms
[522.594s][info][gc,phases      ] GC(1197)   Post Evacuate Collection Set: 0.62ms
[522.594s][info][gc,phases      ] GC(1197)   Other: 0.15ms
[522.594s][info][gc,heap        ] GC(1197) Eden regions: 419->0(443)
[522.594s][info][gc,heap        ] GC(1197) Survivor regions: 1->1(53)
[522.594s][info][gc,heap        ] GC(1197) Old regions: 461->448
[522.594s][info][gc,heap        ] GC(1197) Humongous regions: 8->8
[522.594s][info][gc,metaspace   ] GC(1197) Metaspace: 18971K(19136K)->18971K(19136K) NonClass: 17141K(17280K)->17141K(17280K) Class: 1829K(1856K)->1829K(1856K)
[522.594s][info][gc             ] GC(1197) Pause Young (Mixed) (G1 Evacuation Pause) 888M->456M(978M) 2.220ms
[522.594s][info][gc,cpu         ] GC(1197) User=0.00s Sys=0.00s Real=0.01s
[523.231s][info][gc,start       ] GC(1198) Pause Young (Concurrent Start) (G1 Evacuation Pause)
[523.231s][info][gc,task        ] GC(1198) Using 2 workers of 2 for evacuation
[523.268s][info][gc,phases      ] GC(1198)   Pre Evacuate Collection Set: 0.38ms
[523.268s][info][gc,phases      ] GC(1198)   Merge Heap Roots: 0.25ms
[523.268s][info][gc,phases      ] GC(1198)   Evacuate Collection Set: 35.49ms
[523.268s][info][gc,phases      ] GC(1198)   Post Evacuate Collection Set: 0.72ms
[523.268s][info][gc,phases      ] GC(1198)   Other: 0.24ms
[523.268s][info][gc,heap        ] GC(1198) Eden regions: 443->0(416)
[523.268s][info][gc,heap        ] GC(1198) Survivor regions: 1->27(56)
[523.268s][info][gc,heap        ] GC(1198) Old regions: 448->448
[523.268s][info][gc,heap        ] GC(1198) Humongous regions: 8->8
[523.268s][info][gc,metaspace   ] GC(1198) Metaspace: 18971K(19136K)->18971K(19136K) NonClass: 17141K(17280K)->17141K(17280K) Class: 1829K(1856K)->1829K(1856K)
[523.268s][info][gc             ] GC(1198) Pause Young (Concurrent Start) (G1 Evacuation Pause) 899M->482M(978M) 37.329ms
[523.268s][info][gc,cpu         ] GC(1198) User=0.07s Sys=0.00s Real=0.04s
[523.268s][info][gc             ] GC(1199) Concurrent Mark Cycle
[523.268s][info][gc,marking     ] GC(1199) Concurrent Scan Root Regions
[523.326s][info][gc,marking     ] GC(1199) Concurrent Scan Root Regions 57.316ms
[523.326s][info][gc,marking     ] GC(1199) Concurrent Mark
[523.326s][info][gc,marking     ] GC(1199) Concurrent Mark From Roots
[523.326s][info][gc,task        ] GC(1199) Using 1 workers of 1 for marking
[524.111s][info][gc,start       ] GC(1200) Pause Young (Normal) (G1 Evacuation Pause)
[524.112s][info][gc,task        ] GC(1200) Using 2 workers of 2 for evacuation
[524.160s][info][gc,phases      ] GC(1200)   Pre Evacuate Collection Set: 0.55ms
[524.160s][info][gc,phases      ] GC(1200)   Merge Heap Roots: 0.24ms
[524.160s][info][gc,phases      ] GC(1200)   Evacuate Collection Set: 46.35ms
[524.160s][info][gc,phases      ] GC(1200)   Post Evacuate Collection Set: 0.77ms
[524.160s][info][gc,phases      ] GC(1200)   Other: 0.16ms
[524.160s][info][gc,heap        ] GC(1200) Eden regions: 416->0(400)
[524.160s][info][gc,heap        ] GC(1200) Survivor regions: 27->36(56)
[524.160s][info][gc,heap        ] GC(1200) Old regions: 448->448
[524.160s][info][gc,heap        ] GC(1200) Humongous regions: 8->8
[524.160s][info][gc,metaspace   ] GC(1200) Metaspace: 18971K(19136K)->18971K(19136K) NonClass: 17141K(17280K)->17141K(17280K) Class: 1829K(1856K)->1829K(1856K)
[524.160s][info][gc             ] GC(1200) Pause Young (Normal) (G1 Evacuation Pause) 898M->491M(978M) 48.347ms
[524.160s][info][gc,cpu         ] GC(1200) User=0.10s Sys=0.00s Real=0.05s
[524.494s][info][gc,marking     ] GC(1199) Concurrent Mark From Roots 1168.473ms
[524.494s][info][gc,marking     ] GC(1199) Concurrent Preclean
[524.494s][info][gc,marking     ] GC(1199) Concurrent Preclean 0.096ms
[524.495s][info][gc,start       ] GC(1199) Pause Remark
[524.503s][info][gc             ] GC(1199) Pause Remark 605M->553M(978M) 8.874ms
[524.503s][info][gc,cpu         ] GC(1199) User=0.01s Sys=0.00s Real=0.01s
[524.504s][info][gc,marking     ] GC(1199) Concurrent Mark 1177.816ms
[524.504s][info][gc,marking     ] GC(1199) Concurrent Rebuild Remembered Sets and Scrub Regions
[524.988s][info][gc,marking     ] GC(1199) Concurrent Rebuild Remembered Sets and Scrub Regions 484.113ms
[524.988s][info][gc,start       ] GC(1199) Pause Cleanup
[524.988s][info][gc             ] GC(1199) Pause Cleanup 670M->670M(978M) 0.269ms
[524.988s][info][gc,cpu         ] GC(1199) User=0.00s Sys=0.00s Real=0.00s
[524.988s][info][gc,marking     ] GC(1199) Concurrent Clear Claimed Marks
[524.988s][info][gc,marking     ] GC(1199) Concurrent Clear Claimed Marks 0.039ms
[524.988s][info][gc,marking     ] GC(1199) Concurrent Cleanup for Next Mark
[524.991s][info][gc,marking     ] GC(1199) Concurrent Cleanup for Next Mark 2.961ms
[524.991s][info][gc             ] GC(1199) Concurrent Mark Cycle 1723.171ms
[525.224s][info][gc,start       ] GC(1201) Pause Young (Prepare Mixed) (G1 Evacuation Pause)
[525.224s][info][gc,task        ] GC(1201) Using 2 workers of 2 for evacuation
[525.333s][info][gc,phases      ] GC(1201)   Pre Evacuate Collection Set: 0.58ms
[525.333s][info][gc,phases      ] GC(1201)   Merge Heap Roots: 0.57ms
[525.333s][info][gc,phases      ] GC(1201)   Evacuate Collection Set: 107.30ms
[525.333s][info][gc,phases      ] GC(1201)   Post Evacuate Collection Set: 0.85ms
[525.333s][info][gc,phases      ] GC(1201)   Other: 0.15ms
[525.333s][info][gc,heap        ] GC(1201) Eden regions: 400->0(163)
[525.333s][info][gc,heap        ] GC(1201) Survivor regions: 36->55(55)
[525.333s][info][gc,heap        ] GC(1201) Old regions: 399->426
[525.333s][info][gc,heap        ] GC(1201) Humongous regions: 5->5
[525.334s][info][gc,metaspace   ] GC(1201) Metaspace: 18971K(19136K)->18971K(19136K) NonClass: 17142K(17280K)->17142K(17280K) Class: 1829K(1856K)->1829K(1856K)
[525.334s][info][gc             ] GC(1201) Pause Young (Prepare Mixed) (G1 Evacuation Pause) 839M->485M(978M) 109.779ms
[525.334s][info][gc,cpu         ] GC(1201) User=0.21s Sys=0.00s Real=0.11s
[525.504s][info][gc,start       ] GC(1202) Pause Young (Mixed) (G1 Evacuation Pause)
[525.504s][info][gc,task        ] GC(1202) Using 2 workers of 2 for evacuation
[525.635s][info][gc,phases      ] GC(1202)   Pre Evacuate Collection Set: 0.40ms
[525.636s][info][gc,phases      ] GC(1202)   Merge Heap Roots: 0.47ms
[525.636s][info][gc,phases      ] GC(1202)   Evacuate Collection Set: 129.42ms
[525.636s][info][gc,phases      ] GC(1202)   Post Evacuate Collection Set: 0.82ms
[525.636s][info][gc,phases      ] GC(1202)   Other: 0.15ms
[525.636s][info][gc,heap        ] GC(1202) Eden regions: 145->0(383)
[525.636s][info][gc,heap        ] GC(1202) Survivor regions: 55->24(25)
[525.636s][info][gc,heap        ] GC(1202) Old regions: 426->466
[525.636s][info][gc,heap        ] GC(1202) Humongous regions: 5->5
[525.636s][info][gc,metaspace   ] GC(1202) Metaspace: 18971K(19136K)->18971K(19136K) NonClass: 17142K(17280K)->17142K(17280K) Class: 1829K(1856K)->1829K(1856K)
[525.636s][info][gc             ] GC(1202) Pause Young (Mixed) (G1 Evacuation Pause) 630M->494M(978M) 131.674ms
[525.636s][info][gc,cpu         ] GC(1202) User=0.26s Sys=0.01s Real=0.13s
[526.063s][info][gc,start       ] GC(1203) Pause Young (Mixed) (G1 Evacuation Pause)
[526.063s][info][gc,task        ] GC(1203) Using 2 workers of 2 for evacuation
[526.154s][info][gc,phases      ] GC(1203)   Pre Evacuate Collection Set: 0.60ms
[526.154s][info][gc,phases      ] GC(1203)   Merge Heap Roots: 0.68ms
[526.154s][info][gc,phases      ] GC(1203)   Evacuate Collection Set: 86.68ms
[526.154s][info][gc,phases      ] GC(1203)   Merge Optional Heap Roots: 0.09ms
[526.154s][info][gc,phases      ] GC(1203)   Evacuate Optional Collection Set: 1.85ms
[526.154s][info][gc,phases      ] GC(1203)   Post Evacuate Collection Set: 1.02ms
[526.154s][info][gc,phases      ] GC(1203)   Other: 0.14ms
[526.154s][info][gc,heap        ] GC(1203) Eden regions: 383->0(172)
[526.154s][info][gc,heap        ] GC(1203) Survivor regions: 24->51(51)
[526.154s][info][gc,heap        ] GC(1203) Old regions: 466->438
[526.154s][info][gc,heap        ] GC(1203) Humongous regions: 5->5
[526.154s][info][gc,metaspace   ] GC(1203) Metaspace: 18971K(19136K)->18971K(19136K) NonClass: 17142K(17280K)->17142K(17280K) Class: 1829K(1856K)->1829K(1856K)
[526.154s][info][gc             ] GC(1203) Pause Young (Mixed) (G1 Evacuation Pause) 877M->493M(978M) 91.366ms
[526.154s][info][gc,cpu         ] GC(1203) User=0.18s Sys=0.00s Real=0.09s
[526.327s][info][gc,start       ] GC(1204) Pause Young (Mixed) (G1 Evacuation Pause)
[526.327s][info][gc,task        ] GC(1204) Using 2 workers of 2 for evacuation
[526.453s][info][gc,phases      ] GC(1204)   Pre Evacuate Collection Set: 0.53ms
[526.453s][info][gc,phases      ] GC(1204)   Merge Heap Roots: 0.98ms
[526.453s][info][gc,phases      ] GC(1204)   Evacuate Collection Set: 123.77ms
[526.453s][info][gc,phases      ] GC(1204)   Post Evacuate Collection Set: 0.82ms
[526.453s][info][gc,phases      ] GC(1204)   Other: 0.10ms
[526.453s][info][gc,heap        ] GC(1204) Eden regions: 162->0(352)
[526.453s][info][gc,heap        ] GC(1204) Survivor regions: 51->27(27)
[526.453s][info][gc,heap        ] GC(1204) Old regions: 438->484
[526.453s][info][gc,heap        ] GC(1204) Humongous regions: 5->5
[526.453s][info][gc,metaspace   ] GC(1204) Metaspace: 18972K(19136K)->18972K(19136K) NonClass: 17143K(17280K)->17143K(17280K) Class: 1829K(1856K)->1829K(1856K)
[526.453s][info][gc             ] GC(1204) Pause Young (Mixed) (G1 Evacuation Pause) 655M->515M(978M) 126.508ms
[526.453s][info][gc,cpu         ] GC(1204) User=0.25s Sys=0.00s Real=0.13s
[526.749s][info][gc,start       ] GC(1205) Pause Young (Mixed) (G1 Evacuation Pause)
[526.749s][info][gc,task        ] GC(1205) Using 2 workers of 2 for evacuation
[526.867s][info][gc,phases      ] GC(1205)   Pre Evacuate Collection Set: 0.56ms
[526.867s][info][gc,phases      ] GC(1205)   Merge Heap Roots: 1.29ms
[526.867s][info][gc,phases      ] GC(1205)   Evacuate Collection Set: 110.21ms
[526.867s][info][gc,phases      ] GC(1205)   Merge Optional Heap Roots: 0.18ms
[526.867s][info][gc,phases      ] GC(1205)   Evacuate Optional Collection Set: 4.55ms
[526.867s][info][gc,phases      ] GC(1205)   Post Evacuate Collection Set: 0.97ms
[526.867s][info][gc,phases      ] GC(1205)   Other: 0.15ms
[526.867s][info][gc,heap        ] GC(1205) Eden regions: 352->0(320)
[526.867s][info][gc,heap        ] GC(1205) Survivor regions: 27->43(48)
[526.867s][info][gc,heap        ] GC(1205) Old regions: 484->498
[526.867s][info][gc,heap        ] GC(1205) Humongous regions: 5->5
[526.867s][info][gc,metaspace   ] GC(1205) Metaspace: 18974K(19136K)->18974K(19136K) NonClass: 17145K(17280K)->17145K(17280K) Class: 1829K(1856K)->1829K(1856K)
[526.868s][info][gc             ] GC(1205) Pause Young (Mixed) (G1 Evacuation Pause) 867M->545M(978M) 118.195ms
[526.868s][info][gc,cpu         ] GC(1205) User=0.23s Sys=0.00s Real=0.12s
[527.296s][info][gc,start       ] GC(1206) Pause Young (Mixed) (G1 Evacuation Pause)
[527.296s][info][gc,task        ] GC(1206) Using 2 workers of 2 for evacuation
[527.396s][info][gc,phases      ] GC(1206)   Pre Evacuate Collection Set: 0.62ms
[527.396s][info][gc,phases      ] GC(1206)   Merge Heap Roots: 1.03ms
[527.396s][info][gc,phases      ] GC(1206)   Evacuate Collection Set: 95.62ms
[527.396s][info][gc,phases      ] GC(1206)   Merge Optional Heap Roots: 0.08ms
[527.396s][info][gc,phases      ] GC(1206)   Evacuate Optional Collection Set: 1.31ms
[527.396s][info][gc,phases      ] GC(1206)   Post Evacuate Collection Set: 0.92ms
[527.396s][info][gc,phases      ] GC(1206)   Other: 0.12ms
[527.396s][info][gc,heap        ] GC(1206) Eden regions: 320->0(322)
[527.396s][info][gc,heap        ] GC(1206) Survivor regions: 43->17(46)
[527.396s][info][gc,heap        ] GC(1206) Old regions: 498->532
[527.396s][info][gc,heap        ] GC(1206) Humongous regions: 5->5
[527.396s][info][gc,metaspace   ] GC(1206) Metaspace: 18974K(19136K)->18974K(19136K) NonClass: 17145K(17280K)->17145K(17280K) Class: 1829K(1856K)->1829K(1856K)
[527.396s][info][gc             ] GC(1206) Pause Young (Mixed) (G1 Evacuation Pause) 865M->553M(978M) 100.003ms
[527.396s][info][gc,cpu         ] GC(1206) User=0.19s Sys=0.00s Real=0.10s
[527.922s][info][gc,start       ] GC(1207) Pause Young (Mixed) (G1 Evacuation Pause)
[527.922s][info][gc,task        ] GC(1207) Using 2 workers of 2 for evacuation
[528.018s][info][gc,phases      ] GC(1207)   Pre Evacuate Collection Set: 0.59ms
[528.018s][info][gc,phases      ] GC(1207)   Merge Heap Roots: 1.88ms
[528.018s][info][gc,phases      ] GC(1207)   Evacuate Collection Set: 92.48ms
[528.018s][info][gc,phases      ] GC(1207)   Post Evacuate Collection Set: 0.85ms
[528.018s][info][gc,phases      ] GC(1207)   Other: 0.11ms
[528.018s][info][gc,heap        ] GC(1207) Eden regions: 322->0(329)
[528.018s][info][gc,heap        ] GC(1207) Survivor regions: 17->28(43)
[528.018s][info][gc,heap        ] GC(1207) Old regions: 532->526
[528.018s][info][gc,heap        ] GC(1207) Humongous regions: 5->5
[528.018s][info][gc,metaspace   ] GC(1207) Metaspace: 18975K(19136K)->18975K(19136K) NonClass: 17146K(17280K)->17146K(17280K) Class: 1829K(1856K)->1829K(1856K)
[528.018s][info][gc             ] GC(1207) Pause Young (Mixed) (G1 Evacuation Pause) 875M->558M(978M) 96.251ms
[528.018s][info][gc,cpu         ] GC(1207) User=0.19s Sys=0.00s Real=0.10s
[528.526s][info][gc,start       ] GC(1208) Pause Young (Concurrent Start) (G1 Humongous Allocation)
[528.526s][info][gc,task        ] GC(1208) Using 2 workers of 2 for evacuation
[528.585s][info][gc,phases      ] GC(1208)   Pre Evacuate Collection Set: 0.36ms
[528.585s][info][gc,phases      ] GC(1208)   Merge Heap Roots: 0.45ms
[528.585s][info][gc,phases      ] GC(1208)   Evacuate Collection Set: 57.30ms
[528.585s][info][gc,phases      ] GC(1208)   Post Evacuate Collection Set: 0.78ms
[528.585s][info][gc,phases      ] GC(1208)   Other: 0.15ms
[528.585s][info][gc,heap        ] GC(1208) Eden regions: 287->0(332)
[528.585s][info][gc,heap        ] GC(1208) Survivor regions: 28->20(45)
[528.586s][info][gc,heap        ] GC(1208) Old regions: 526->543
[528.586s][info][gc,heap        ] GC(1208) Humongous regions: 5->5
[528.586s][info][gc,metaspace   ] GC(1208) Metaspace: 18976K(19136K)->18976K(19136K) NonClass: 17147K(17280K)->17147K(17280K) Class: 1829K(1856K)->1829K(1856K)
[528.586s][info][gc             ] GC(1208) Pause Young (Concurrent Start) (G1 Humongous Allocation) 845M->567M(978M) 59.338ms
[528.586s][info][gc             ] GC(1209) Concurrent Mark Cycle
[528.586s][info][gc,marking     ] GC(1209) Concurrent Scan Root Regions
[528.587s][info][gc,cpu         ] GC(1208) User=0.11s Sys=0.00s Real=0.06s
[528.679s][info][gc,marking     ] GC(1209) Concurrent Scan Root Regions 93.057ms
[528.679s][info][gc,marking     ] GC(1209) Concurrent Mark
[528.679s][info][gc,marking     ] GC(1209) Concurrent Mark From Roots
[528.679s][info][gc,task        ] GC(1209) Using 1 workers of 1 for marking
[529.767s][info][gc,start       ] GC(1210) Pause Young (Normal) (G1 Evacuation Pause)
[529.767s][info][gc,task        ] GC(1210) Using 2 workers of 2 for evacuation
[529.870s][info][gc,phases      ] GC(1210)   Pre Evacuate Collection Set: 0.35ms
[529.870s][info][gc,phases      ] GC(1210)   Merge Heap Roots: 0.48ms
[529.870s][info][gc,phases      ] GC(1210)   Evacuate Collection Set: 101.00ms
[529.870s][info][gc,phases      ] GC(1210)   Post Evacuate Collection Set: 0.81ms
[529.870s][info][gc,phases      ] GC(1210)   Other: 0.12ms
[529.870s][info][gc,heap        ] GC(1210) Eden regions: 332->0(267)
[529.870s][info][gc,heap        ] GC(1210) Survivor regions: 20->44(44)
[529.870s][info][gc,heap        ] GC(1210) Old regions: 543->565
[529.870s][info][gc,heap        ] GC(1210) Humongous regions: 8->8
[529.870s][info][gc,metaspace   ] GC(1210) Metaspace: 18976K(19136K)->18976K(19136K) NonClass: 17147K(17280K)->17147K(17280K) Class: 1829K(1856K)->1829K(1856K)
[529.870s][info][gc             ] GC(1210) Pause Young (Normal) (G1 Evacuation Pause) 902M->616M(978M) 103.014ms
[529.870s][info][gc,cpu         ] GC(1210) User=0.20s Sys=0.00s Real=0.10s
[530.428s][info][gc,start       ] GC(1211) Pause Young (Normal) (G1 Evacuation Pause)
[530.428s][info][gc,task        ] GC(1211) Using 2 workers of 2 for evacuation
[530.507s][info][gc,phases      ] GC(1211)   Pre Evacuate Collection Set: 0.53ms
[530.507s][info][gc,phases      ] GC(1211)   Merge Heap Roots: 0.50ms
[530.507s][info][gc,phases      ] GC(1211)   Evacuate Collection Set: 77.74ms
[530.507s][info][gc,phases      ] GC(1211)   Post Evacuate Collection Set: 0.64ms
[530.507s][info][gc,phases      ] GC(1211)   Other: 0.11ms
[530.507s][info][gc,heap        ] GC(1211) Eden regions: 267->0(283)
[530.507s][info][gc,heap        ] GC(1211) Survivor regions: 44->6(39)
[530.507s][info][gc,heap        ] GC(1211) Old regions: 565->610
[530.507s][info][gc,heap        ] GC(1211) Humongous regions: 8->8
[530.507s][info][gc,metaspace   ] GC(1211) Metaspace: 18980K(19136K)->18980K(19136K) NonClass: 17150K(17280K)->17150K(17280K) Class: 1829K(1856K)->1829K(1856K)
[530.507s][info][gc             ] GC(1211) Pause Young (Normal) (G1 Evacuation Pause) 883M->623M(978M) 79.854ms
[530.507s][info][gc,cpu         ] GC(1211) User=0.15s Sys=0.00s Real=0.08s
[530.677s][info][gc,marking     ] GC(1209) Concurrent Mark From Roots 1998.161ms
[530.677s][info][gc,marking     ] GC(1209) Concurrent Preclean
[530.677s][info][gc,marking     ] GC(1209) Concurrent Preclean 0.055ms
[530.677s][info][gc,start       ] GC(1209) Pause Remark
[530.686s][info][gc             ] GC(1209) Pause Remark 707M->707M(978M) 8.888ms
[530.686s][info][gc,cpu         ] GC(1209) User=0.02s Sys=0.00s Real=0.01s
[530.686s][info][gc,marking     ] GC(1209) Concurrent Mark 2007.567ms
[530.686s][info][gc,marking     ] GC(1209) Concurrent Rebuild Remembered Sets and Scrub Regions
[530.927s][info][gc,start       ] GC(1212) Pause Young (Normal) (G1 Evacuation Pause)
[530.927s][info][gc,task        ] GC(1212) Using 2 workers of 2 for evacuation
[530.939s][info][gc,phases      ] GC(1212)   Pre Evacuate Collection Set: 0.57ms
[530.939s][info][gc,phases      ] GC(1212)   Merge Heap Roots: 0.21ms
[530.939s][info][gc,phases      ] GC(1212)   Evacuate Collection Set: 10.54ms
[530.939s][info][gc,phases      ] GC(1212)   Post Evacuate Collection Set: 0.61ms
[530.939s][info][gc,phases      ] GC(1212)   Other: 0.14ms
[530.939s][info][gc,heap        ] GC(1212) Eden regions: 283->0(295)
[530.939s][info][gc,heap        ] GC(1212) Survivor regions: 6->7(37)
[530.939s][info][gc,heap        ] GC(1212) Old regions: 610->610
[530.939s][info][gc,heap        ] GC(1212) Humongous regions: 8->8
[530.939s][info][gc,metaspace   ] GC(1212) Metaspace: 18980K(19136K)->18980K(19136K) NonClass: 17150K(17280K)->17150K(17280K) Class: 1829K(1856K)->1829K(1856K)
[530.939s][info][gc             ] GC(1212) Pause Young (Normal) (G1 Evacuation Pause) 906M->623M(978M) 12.334ms
[530.939s][info][gc,cpu         ] GC(1212) User=0.02s Sys=0.00s Real=0.01s
[531.427s][info][gc,marking     ] GC(1209) Concurrent Rebuild Remembered Sets and Scrub Regions 740.246ms
[531.427s][info][gc,start       ] GC(1209) Pause Cleanup
[531.427s][info][gc             ] GC(1209) Pause Cleanup 866M->866M(978M) 0.157ms
[531.427s][info][gc,cpu         ] GC(1209) User=0.00s Sys=0.00s Real=0.00s
[531.427s][info][gc,marking     ] GC(1209) Concurrent Clear Claimed Marks
[531.427s][info][gc,marking     ] GC(1209) Concurrent Clear Claimed Marks 0.044ms
[531.427s][info][gc,marking     ] GC(1209) Concurrent Cleanup for Next Mark
[531.434s][info][gc,marking     ] GC(1209) Concurrent Cleanup for Next Mark 6.491ms
[531.434s][info][gc             ] GC(1209) Concurrent Mark Cycle 2848.094ms
[531.557s][info][gc,start       ] GC(1213) Pause Young (Prepare Mixed) (G1 Evacuation Pause)
[531.557s][info][gc,task        ] GC(1213) Using 2 workers of 2 for evacuation
[531.584s][info][gc,phases      ] GC(1213)   Pre Evacuate Collection Set: 0.36ms
[531.584s][info][gc,phases      ] GC(1213)   Merge Heap Roots: 0.41ms
[531.584s][info][gc,phases      ] GC(1213)   Evacuate Collection Set: 25.46ms
[531.584s][info][gc,phases      ] GC(1213)   Post Evacuate Collection Set: 0.65ms
[531.584s][info][gc,phases      ] GC(1213)   Other: 0.12ms
[531.584s][info][gc,heap        ] GC(1213) Eden regions: 295->0(280)
[531.584s][info][gc,heap        ] GC(1213) Survivor regions: 7->15(38)
[531.584s][info][gc,heap        ] GC(1213) Old regions: 610->610
[531.584s][info][gc,heap        ] GC(1213) Humongous regions: 8->8
[531.584s][info][gc,metaspace   ] GC(1213) Metaspace: 18980K(19136K)->18980K(19136K) NonClass: 17150K(17280K)->17150K(17280K) Class: 1829K(1856K)->1829K(1856K)
[531.585s][info][gc             ] GC(1213) Pause Young (Prepare Mixed) (G1 Evacuation Pause) 918M->631M(978M) 27.330ms
[531.585s][info][gc,cpu         ] GC(1213) User=0.05s Sys=0.00s Real=0.03s
[532.508s][info][gc,start       ] GC(1214) Pause Young (Mixed) (G1 Evacuation Pause)
[532.508s][info][gc,task        ] GC(1214) Using 2 workers of 2 for evacuation
[532.574s][info][gc,phases      ] GC(1214)   Pre Evacuate Collection Set: 0.33ms
[532.574s][info][gc,phases      ] GC(1214)   Merge Heap Roots: 0.55ms
[532.574s][info][gc,phases      ] GC(1214)   Evacuate Collection Set: 64.71ms
[532.574s][info][gc,phases      ] GC(1214)   Post Evacuate Collection Set: 0.67ms
[532.574s][info][gc,phases      ] GC(1214)   Other: 0.12ms
[532.574s][info][gc,heap        ] GC(1214) Eden regions: 280->0(244)
[532.574s][info][gc,heap        ] GC(1214) Survivor regions: 15->37(37)
[532.574s][info][gc,heap        ] GC(1214) Old regions: 610->602
[532.574s][info][gc,heap        ] GC(1214) Humongous regions: 8->8
[532.574s][info][gc,metaspace   ] GC(1214) Metaspace: 18981K(19136K)->18981K(19136K) NonClass: 17151K(17280K)->17151K(17280K) Class: 1829K(1856K)->1829K(1856K)
[532.574s][info][gc             ] GC(1214) Pause Young (Mixed) (G1 Evacuation Pause) 911M->646M(978M) 66.694ms
[532.574s][info][gc,cpu         ] GC(1214) User=0.13s Sys=0.00s Real=0.07s
[533.279s][info][gc,start       ] GC(1215) Pause Young (Concurrent Start) (G1 Evacuation Pause)
[533.279s][info][gc,task        ] GC(1215) Using 2 workers of 2 for evacuation
[533.328s][info][gc,phases      ] GC(1215)   Pre Evacuate Collection Set: 0.39ms
[533.328s][info][gc,phases      ] GC(1215)   Merge Heap Roots: 0.33ms
[533.328s][info][gc,phases      ] GC(1215)   Evacuate Collection Set: 47.07ms
[533.328s][info][gc,phases      ] GC(1215)   Post Evacuate Collection Set: 0.63ms
[533.328s][info][gc,phases      ] GC(1215)   Other: 0.18ms
[533.328s][info][gc,heap        ] GC(1215) Eden regions: 244->0(279)
[533.328s][info][gc,heap        ] GC(1215) Survivor regions: 37->1(36)
[533.328s][info][gc,heap        ] GC(1215) Old regions: 602->639
[533.328s][info][gc,heap        ] GC(1215) Humongous regions: 8->8
[533.328s][info][gc,metaspace   ] GC(1215) Metaspace: 18981K(19136K)->18981K(19136K) NonClass: 17151K(17280K)->17151K(17280K) Class: 1829K(1856K)->1829K(1856K)
[533.328s][info][gc             ] GC(1215) Pause Young (Concurrent Start) (G1 Evacuation Pause) 890M->647M(978M) 48.940ms
[533.328s][info][gc             ] GC(1216) Concurrent Mark Cycle
[533.328s][info][gc,marking     ] GC(1216) Concurrent Scan Root Regions
[533.328s][info][gc,cpu         ] GC(1215) User=0.10s Sys=0.00s Real=0.05s
[533.412s][info][gc,marking     ] GC(1216) Concurrent Scan Root Regions 84.088ms
[533.412s][info][gc,marking     ] GC(1216) Concurrent Mark
[533.412s][info][gc,marking     ] GC(1216) Concurrent Mark From Roots
[533.412s][info][gc,task        ] GC(1216) Using 1 workers of 1 for marking
[535.416s][info][gc,marking     ] GC(1216) Concurrent Mark From Roots 2004.028ms
[535.417s][info][gc,marking     ] GC(1216) Concurrent Preclean
[535.417s][info][gc,marking     ] GC(1216) Concurrent Preclean 0.089ms
[535.419s][info][gc,start       ] GC(1216) Pause Remark
[535.437s][info][gc             ] GC(1216) Pause Remark 853M->852M(978M) 18.142ms
[535.437s][info][gc,cpu         ] GC(1216) User=0.04s Sys=0.00s Real=0.02s
[535.441s][info][gc,marking     ] GC(1216) Concurrent Mark 2028.191ms
[535.441s][info][gc,marking     ] GC(1216) Concurrent Rebuild Remembered Sets and Scrub Regions
[535.933s][info][gc,start       ] GC(1217) Pause Young (Normal) (G1 Evacuation Pause)
[535.933s][info][gc,task        ] GC(1217) Using 2 workers of 2 for evacuation
[535.938s][info][gc,phases      ] GC(1217)   Pre Evacuate Collection Set: 0.33ms
[535.938s][info][gc,phases      ] GC(1217)   Merge Heap Roots: 0.18ms
[535.938s][info][gc,phases      ] GC(1217)   Evacuate Collection Set: 3.40ms
[535.938s][info][gc,phases      ] GC(1217)   Post Evacuate Collection Set: 0.55ms
[535.938s][info][gc,phases      ] GC(1217)   Other: 0.14ms
[535.938s][info][gc,heap        ] GC(1217) Eden regions: 279->0(280)
[535.938s][info][gc,heap        ] GC(1217) Survivor regions: 1->1(35)
[535.938s][info][gc,heap        ] GC(1217) Old regions: 639->639
[535.938s][info][gc,heap        ] GC(1217) Humongous regions: 7->7
[535.938s][info][gc,metaspace   ] GC(1217) Metaspace: 18983K(19136K)->18983K(19136K) NonClass: 17154K(17280K)->17154K(17280K) Class: 1829K(1856K)->1829K(1856K)
[535.938s][info][gc             ] GC(1217) Pause Young (Normal) (G1 Evacuation Pause) 925M->646M(978M) 4.931ms
[535.938s][info][gc,cpu         ] GC(1217) User=0.01s Sys=0.01s Real=0.00s
[536.019s][info][gc,marking     ] GC(1216) Concurrent Rebuild Remembered Sets and Scrub Regions 577.944ms
[536.019s][info][gc,start       ] GC(1216) Pause Cleanup
[536.019s][info][gc             ] GC(1216) Pause Cleanup 668M->668M(978M) 0.127ms
[536.019s][info][gc,cpu         ] GC(1216) User=0.00s Sys=0.00s Real=0.00s
[536.019s][info][gc,marking     ] GC(1216) Concurrent Clear Claimed Marks
[536.019s][info][gc,marking     ] GC(1216) Concurrent Clear Claimed Marks 0.036ms
[536.019s][info][gc,marking     ] GC(1216) Concurrent Cleanup for Next Mark
[536.022s][info][gc,marking     ] GC(1216) Concurrent Cleanup for Next Mark 2.975ms
[536.022s][info][gc             ] GC(1216) Concurrent Mark Cycle 2693.847ms
[537.202s][info][gc,start       ] GC(1218) Pause Young (Prepare Mixed) (G1 Evacuation Pause)
[537.202s][info][gc,task        ] GC(1218) Using 2 workers of 2 for evacuation
[537.208s][info][gc,phases      ] GC(1218)   Pre Evacuate Collection Set: 0.35ms
[537.208s][info][gc,phases      ] GC(1218)   Merge Heap Roots: 0.15ms
[537.208s][info][gc,phases      ] GC(1218)   Evacuate Collection Set: 4.44ms
[537.208s][info][gc,phases      ] GC(1218)   Post Evacuate Collection Set: 0.53ms
[537.208s][info][gc,phases      ] GC(1218)   Other: 0.09ms
[537.208s][info][gc,heap        ] GC(1218) Eden regions: 280->0(276)
[537.208s][info][gc,heap        ] GC(1218) Survivor regions: 1->3(36)
[537.208s][info][gc,heap        ] GC(1218) Old regions: 639->639
[537.208s][info][gc,heap        ] GC(1218) Humongous regions: 7->7
[537.208s][info][gc,metaspace   ] GC(1218) Metaspace: 18990K(19136K)->18990K(19136K) NonClass: 17160K(17280K)->17160K(17280K) Class: 1829K(1856K)->1829K(1856K)
[537.208s][info][gc             ] GC(1218) Pause Young (Prepare Mixed) (G1 Evacuation Pause) 926M->648M(978M) 5.784ms
[537.208s][info][gc,cpu         ] GC(1218) User=0.01s Sys=0.00s Real=0.01s
[537.799s][info][gc,start       ] GC(1219) Pause Young (Mixed) (G1 Evacuation Pause)
[537.799s][info][gc,task        ] GC(1219) Using 2 workers of 2 for evacuation
[537.868s][info][gc,phases      ] GC(1219)   Pre Evacuate Collection Set: 0.56ms
[537.868s][info][gc,phases      ] GC(1219)   Merge Heap Roots: 0.43ms
[537.868s][info][gc,phases      ] GC(1219)   Evacuate Collection Set: 66.94ms
[537.868s][info][gc,phases      ] GC(1219)   Post Evacuate Collection Set: 1.15ms
[537.868s][info][gc,phases      ] GC(1219)   Other: 0.12ms
[537.868s][info][gc,heap        ] GC(1219) Eden regions: 276->0(203)
[537.868s][info][gc,heap        ] GC(1219) Survivor regions: 3->35(35)
[537.868s][info][gc,heap        ] GC(1219) Old regions: 639->648
[537.868s][info][gc,heap        ] GC(1219) Humongous regions: 7->7
[537.868s][info][gc,metaspace   ] GC(1219) Metaspace: 18992K(19136K)->18992K(19136K) NonClass: 17162K(17280K)->17162K(17280K) Class: 1829K(1856K)->1829K(1856K)
[537.868s][info][gc             ] GC(1219) Pause Young (Mixed) (G1 Evacuation Pause) (Evacuation Failure: Allocation) 924M->689M(978M) 69.515ms
[537.868s][info][gc,cpu         ] GC(1219) User=0.14s Sys=0.00s Real=0.07s
[538.085s][info][gc,start       ] GC(1220) Pause Young (Concurrent Start) (G1 Evacuation Pause)
[538.085s][info][gc,task        ] GC(1220) Using 2 workers of 2 for evacuation
[538.203s][info][gc,phases      ] GC(1220)   Pre Evacuate Collection Set: 0.41ms
[538.203s][info][gc,phases      ] GC(1220)   Merge Heap Roots: 0.29ms
[538.203s][info][gc,phases      ] GC(1220)   Evacuate Collection Set: 109.78ms
[538.203s][info][gc,phases      ] GC(1220)   Post Evacuate Collection Set: 7.47ms
[538.203s][info][gc,phases      ] GC(1220)   Other: 0.12ms
[538.203s][info][gc,heap        ] GC(1220) Eden regions: 203->0(97)
[538.203s][info][gc,heap        ] GC(1220) Survivor regions: 35->30(30)
[538.203s][info][gc,heap        ] GC(1220) Old regions: 648->764
[538.203s][info][gc,heap        ] GC(1220) Humongous regions: 7->7
[538.203s][info][gc,metaspace   ] GC(1220) Metaspace: 18992K(19136K)->18992K(19136K) NonClass: 17162K(17280K)->17162K(17280K) Class: 1829K(1856K)->1829K(1856K)
[538.204s][info][gc             ] GC(1220) Pause Young (Concurrent Start) (G1 Evacuation Pause) (Evacuation Failure: Allocation) 892M->800M(978M) 118.350ms
[538.204s][info][gc,cpu         ] GC(1220) User=0.24s Sys=0.00s Real=0.12s
[538.204s][info][gc             ] GC(1221) Concurrent Mark Cycle
[538.204s][info][gc,marking     ] GC(1221) Concurrent Scan Root Regions
[538.345s][info][gc,marking     ] GC(1221) Concurrent Scan Root Regions 141.128ms
[538.345s][info][gc,marking     ] GC(1221) Concurrent Mark
[538.345s][info][gc,marking     ] GC(1221) Concurrent Mark From Roots
[538.345s][info][gc,task        ] GC(1221) Using 1 workers of 1 for marking
[538.407s][info][gc,start       ] GC(1222) Pause Young (Normal) (G1 Evacuation Pause)
[538.407s][info][gc,task        ] GC(1222) Using 2 workers of 2 for evacuation
[538.498s][info][gc,phases      ] GC(1222)   Pre Evacuate Collection Set: 0.59ms
[538.498s][info][gc,phases      ] GC(1222)   Merge Heap Roots: 0.45ms
[538.498s][info][gc,phases      ] GC(1222)   Evacuate Collection Set: 87.67ms
[538.498s][info][gc,phases      ] GC(1222)   Post Evacuate Collection Set: 2.49ms
[538.498s][info][gc,phases      ] GC(1222)   Other: 0.09ms
[538.498s][info][gc,heap        ] GC(1222) Eden regions: 97->0(105)
[538.498s][info][gc,heap        ] GC(1222) Survivor regions: 30->16(16)
[538.498s][info][gc,heap        ] GC(1222) Old regions: 764->782
[538.498s][info][gc,heap        ] GC(1222) Humongous regions: 7->7
[538.498s][info][gc,metaspace   ] GC(1222) Metaspace: 18992K(19136K)->18992K(19136K) NonClass: 17163K(17280K)->17163K(17280K) Class: 1829K(1856K)->1829K(1856K)
[538.498s][info][gc             ] GC(1222) Pause Young (Normal) (G1 Evacuation Pause) (Evacuation Failure: Allocation) 897M->804M(978M) 91.561ms
[538.498s][info][gc,cpu         ] GC(1222) User=0.18s Sys=0.00s Real=0.09s
[538.796s][info][gc,start       ] GC(1223) Pause Young (Normal) (G1 Evacuation Pause)
[538.796s][info][gc,task        ] GC(1223) Using 2 workers of 2 for evacuation
[538.864s][info][gc,phases      ] GC(1223)   Pre Evacuate Collection Set: 0.38ms
[538.864s][info][gc,phases      ] GC(1223)   Merge Heap Roots: 0.37ms
[538.864s][info][gc,phases      ] GC(1223)   Evacuate Collection Set: 66.76ms
[538.864s][info][gc,phases      ] GC(1223)   Post Evacuate Collection Set: 0.53ms
[538.864s][info][gc,phases      ] GC(1223)   Other: 0.10ms
[538.864s][info][gc,heap        ] GC(1223) Eden regions: 105->0(91)
[538.864s][info][gc,heap        ] GC(1223) Survivor regions: 16->16(16)
[538.864s][info][gc,heap        ] GC(1223) Old regions: 782->797
[538.864s][info][gc,heap        ] GC(1223) Humongous regions: 8->8
[538.864s][info][gc,metaspace   ] GC(1223) Metaspace: 18992K(19136K)->18992K(19136K) NonClass: 17163K(17280K)->17163K(17280K) Class: 1829K(1856K)->1829K(1856K)
[538.864s][info][gc             ] GC(1223) Pause Young (Normal) (G1 Evacuation Pause) 910M->820M(978M) 68.378ms
[538.864s][info][gc,cpu         ] GC(1223) User=0.14s Sys=0.00s Real=0.07s
[539.089s][info][gc,start       ] GC(1224) Pause Young (Normal) (G1 Evacuation Pause)
[539.089s][info][gc,task        ] GC(1224) Using 2 workers of 2 for evacuation
[539.149s][info][gc,phases      ] GC(1224)   Pre Evacuate Collection Set: 0.32ms
[539.149s][info][gc,phases      ] GC(1224)   Merge Heap Roots: 0.83ms
[539.149s][info][gc,phases      ] GC(1224)   Evacuate Collection Set: 58.43ms
[539.149s][info][gc,phases      ] GC(1224)   Post Evacuate Collection Set: 0.71ms
[539.149s][info][gc,phases      ] GC(1224)   Other: 0.10ms
[539.149s][info][gc,heap        ] GC(1224) Eden regions: 91->0(90)
[539.149s][info][gc,heap        ] GC(1224) Survivor regions: 16->8(14)
[539.149s][info][gc,heap        ] GC(1224) Old regions: 797->814
[539.149s][info][gc,heap        ] GC(1224) Humongous regions: 8->8
[539.149s][info][gc,metaspace   ] GC(1224) Metaspace: 18994K(19136K)->18994K(19136K) NonClass: 17164K(17280K)->17164K(17280K) Class: 1829K(1856K)->1829K(1856K)
[539.149s][info][gc             ] GC(1224) Pause Young (Normal) (G1 Evacuation Pause) 911M->828M(978M) 60.685ms
[539.149s][info][gc,cpu         ] GC(1224) User=0.12s Sys=0.00s Real=0.06s
[539.388s][info][gc,start       ] GC(1225) Pause Young (Normal) (G1 Evacuation Pause)
[539.388s][info][gc,task        ] GC(1225) Using 2 workers of 2 for evacuation
[539.481s][info][gc,phases      ] GC(1225)   Pre Evacuate Collection Set: 0.33ms
[539.481s][info][gc,phases      ] GC(1225)   Merge Heap Roots: 0.77ms
[539.481s][info][gc,phases      ] GC(1225)   Evacuate Collection Set: 91.77ms
[539.481s][info][gc,phases      ] GC(1225)   Post Evacuate Collection Set: 0.37ms
[539.481s][info][gc,phases      ] GC(1225)   Other: 0.10ms
[539.481s][info][gc,heap        ] GC(1225) Eden regions: 90->0(64)
[539.481s][info][gc,heap        ] GC(1225) Survivor regions: 8->13(13)
[539.481s][info][gc,heap        ] GC(1225) Old regions: 814->827
[539.481s][info][gc,heap        ] GC(1225) Humongous regions: 11->11
[539.481s][info][gc,metaspace   ] GC(1225) Metaspace: 18994K(19136K)->18994K(19136K) NonClass: 17164K(17280K)->17164K(17280K) Class: 1829K(1856K)->1829K(1856K)
[539.481s][info][gc             ] GC(1225) Pause Young (Normal) (G1 Evacuation Pause) 921M->850M(978M) 93.617ms
[539.481s][info][gc,cpu         ] GC(1225) User=0.19s Sys=0.00s Real=0.09s
[539.617s][info][gc,start       ] GC(1226) Pause Young (Normal) (G1 Evacuation Pause)
[539.617s][info][gc,task        ] GC(1226) Using 2 workers of 2 for evacuation
[539.661s][info][gc,phases      ] GC(1226)   Pre Evacuate Collection Set: 0.33ms
[539.661s][info][gc,phases      ] GC(1226)   Merge Heap Roots: 0.46ms
[539.661s][info][gc,phases      ] GC(1226)   Evacuate Collection Set: 42.70ms
[539.661s][info][gc,phases      ] GC(1226)   Post Evacuate Collection Set: 0.38ms
[539.661s][info][gc,phases      ] GC(1226)   Other: 0.08ms
[539.661s][info][gc,heap        ] GC(1226) Eden regions: 64->0(56)
[539.661s][info][gc,heap        ] GC(1226) Survivor regions: 13->10(10)
[539.661s][info][gc,heap        ] GC(1226) Old regions: 827->841
[539.661s][info][gc,heap        ] GC(1226) Humongous regions: 11->11
[539.661s][info][gc,metaspace   ] GC(1226) Metaspace: 18994K(19136K)->18994K(19136K) NonClass: 17164K(17280K)->17164K(17280K) Class: 1829K(1856K)->1829K(1856K)
[539.661s][info][gc             ] GC(1226) Pause Young (Normal) (G1 Evacuation Pause) 914M->861M(978M) 44.226ms
[539.661s][info][gc,cpu         ] GC(1226) User=0.08s Sys=0.00s Real=0.04s
[539.822s][info][gc,start       ] GC(1227) Pause Young (Normal) (G1 Evacuation Pause)
[539.822s][info][gc,task        ] GC(1227) Using 2 workers of 2 for evacuation
[539.850s][info][gc,phases      ] GC(1227)   Pre Evacuate Collection Set: 0.32ms
[539.850s][info][gc,phases      ] GC(1227)   Merge Heap Roots: 0.26ms
[539.850s][info][gc,phases      ] GC(1227)   Evacuate Collection Set: 27.56ms
[539.850s][info][gc,phases      ] GC(1227)   Post Evacuate Collection Set: 0.33ms
[539.850s][info][gc,phases      ] GC(1227)   Other: 0.08ms
[539.850s][info][gc,heap        ] GC(1227) Eden regions: 56->0(52)
[539.850s][info][gc,heap        ] GC(1227) Survivor regions: 10->7(9)
[539.850s][info][gc,heap        ] GC(1227) Old regions: 841->851
[539.850s][info][gc,heap        ] GC(1227) Humongous regions: 11->11
[539.850s][info][gc,metaspace   ] GC(1227) Metaspace: 18994K(19136K)->18994K(19136K) NonClass: 17164K(17280K)->17164K(17280K) Class: 1829K(1856K)->1829K(1856K)
[539.851s][info][gc             ] GC(1227) Pause Young (Normal) (G1 Evacuation Pause) 917M->867M(978M) 28.804ms
[539.851s][info][gc,cpu         ] GC(1227) User=0.05s Sys=0.00s Real=0.03s
[539.994s][info][gc,start       ] GC(1228) Pause Young (Normal) (G1 Evacuation Pause)
[539.994s][info][gc,task        ] GC(1228) Using 2 workers of 2 for evacuation
[540.007s][info][gc,phases      ] GC(1228)   Pre Evacuate Collection Set: 0.55ms
[540.007s][info][gc,phases      ] GC(1228)   Merge Heap Roots: 0.10ms
[540.007s][info][gc,phases      ] GC(1228)   Evacuate Collection Set: 11.69ms
[540.007s][info][gc,phases      ] GC(1228)   Post Evacuate Collection Set: 0.34ms
[540.007s][info][gc,phases      ] GC(1228)   Other: 0.09ms
[540.007s][info][gc,heap        ] GC(1228) Eden regions: 52->0(56)
[540.007s][info][gc,heap        ] GC(1228) Survivor regions: 7->2(8)
[540.007s][info][gc,heap        ] GC(1228) Old regions: 851->857
[540.007s][info][gc,heap        ] GC(1228) Humongous regions: 11->11
[540.007s][info][gc,metaspace   ] GC(1228) Metaspace: 18994K(19136K)->18994K(19136K) NonClass: 17164K(17280K)->17164K(17280K) Class: 1829K(1856K)->1829K(1856K)
[540.007s][info][gc             ] GC(1228) Pause Young (Normal) (G1 Evacuation Pause) 919M->869M(978M) 13.028ms
[540.007s][info][gc,cpu         ] GC(1228) User=0.02s Sys=0.00s Real=0.01s
[540.165s][info][gc,start       ] GC(1229) Pause Young (Normal) (G1 Evacuation Pause)
[540.165s][info][gc,task        ] GC(1229) Using 2 workers of 2 for evacuation
[540.173s][info][gc,phases      ] GC(1229)   Pre Evacuate Collection Set: 0.34ms
[540.173s][info][gc,phases      ] GC(1229)   Merge Heap Roots: 0.12ms
[540.173s][info][gc,phases      ] GC(1229)   Evacuate Collection Set: 7.54ms
[540.173s][info][gc,phases      ] GC(1229)   Post Evacuate Collection Set: 0.41ms
[540.173s][info][gc,phases      ] GC(1229)   Other: 0.10ms
[540.173s][info][gc,heap        ] GC(1229) Eden regions: 56->0(52)
[540.173s][info][gc,heap        ] GC(1229) Survivor regions: 2->4(8)
[540.174s][info][gc,heap        ] GC(1229) Old regions: 857->857
[540.174s][info][gc,heap        ] GC(1229) Humongous regions: 11->11
[540.174s][info][gc,metaspace   ] GC(1229) Metaspace: 18994K(19136K)->18994K(19136K) NonClass: 17164K(17280K)->17164K(17280K) Class: 1829K(1856K)->1829K(1856K)
[540.174s][info][gc             ] GC(1229) Pause Young (Normal) (G1 Evacuation Pause) 925M->871M(978M) 8.895ms
[540.174s][info][gc,cpu         ] GC(1229) User=0.02s Sys=0.00s Real=0.01s
[540.265s][info][gc,start       ] GC(1230) Pause Young (Normal) (G1 Evacuation Pause)
[540.265s][info][gc,task        ] GC(1230) Using 2 workers of 2 for evacuation
[540.278s][info][gc,phases      ] GC(1230)   Pre Evacuate Collection Set: 0.39ms
[540.278s][info][gc,phases      ] GC(1230)   Merge Heap Roots: 0.12ms
[540.278s][info][gc,phases      ] GC(1230)   Evacuate Collection Set: 12.28ms
[540.278s][info][gc,phases      ] GC(1230)   Post Evacuate Collection Set: 0.32ms
[540.278s][info][gc,phases      ] GC(1230)   Other: 0.08ms
[540.278s][info][gc,heap        ] GC(1230) Eden regions: 52->0(44)
[540.278s][info][gc,heap        ] GC(1230) Survivor regions: 4->7(7)
[540.278s][info][gc,heap        ] GC(1230) Old regions: 857->859
[540.278s][info][gc,heap        ] GC(1230) Humongous regions: 11->11
[540.278s][info][gc,metaspace   ] GC(1230) Metaspace: 18994K(19136K)->18994K(19136K) NonClass: 17164K(17280K)->17164K(17280K) Class: 1829K(1856K)->1829K(1856K)
[540.278s][info][gc             ] GC(1230) Pause Young (Normal) (G1 Evacuation Pause) 923M->876M(978M) 13.443ms
[540.278s][info][gc,cpu         ] GC(1230) User=0.03s Sys=0.00s Real=0.01s
[540.352s][info][gc,start       ] GC(1231) Pause Young (Normal) (G1 Evacuation Pause)
[540.352s][info][gc,task        ] GC(1231) Using 2 workers of 2 for evacuation
[540.366s][info][gc,phases      ] GC(1231)   Pre Evacuate Collection Set: 0.57ms
[540.366s][info][gc,phases      ] GC(1231)   Merge Heap Roots: 0.11ms
[540.367s][info][gc,phases      ] GC(1231)   Evacuate Collection Set: 13.10ms
[540.367s][info][gc,phases      ] GC(1231)   Post Evacuate Collection Set: 0.35ms
[540.367s][info][gc,phases      ] GC(1231)   Other: 0.12ms
[540.367s][info][gc,heap        ] GC(1231) Eden regions: 44->0(44)
[540.367s][info][gc,heap        ] GC(1231) Survivor regions: 7->4(7)
[540.367s][info][gc,heap        ] GC(1231) Old regions: 859->866
[540.367s][info][gc,heap        ] GC(1231) Humongous regions: 11->11
[540.367s][info][gc,metaspace   ] GC(1231) Metaspace: 18994K(19136K)->18994K(19136K) NonClass: 17164K(17280K)->17164K(17280K) Class: 1829K(1856K)->1829K(1856K)
[540.367s][info][gc             ] GC(1231) Pause Young (Normal) (G1 Evacuation Pause) 920M->880M(978M) 14.555ms
[540.367s][info][gc,cpu         ] GC(1231) User=0.03s Sys=0.00s Real=0.02s
[540.443s][info][gc,start       ] GC(1232) Pause Young (Normal) (G1 Evacuation Pause)
[540.443s][info][gc,task        ] GC(1232) Using 2 workers of 2 for evacuation
[540.448s][info][gc,phases      ] GC(1232)   Pre Evacuate Collection Set: 0.31ms
[540.448s][info][gc,phases      ] GC(1232)   Merge Heap Roots: 0.10ms
[540.448s][info][gc,phases      ] GC(1232)   Evacuate Collection Set: 4.74ms
[540.448s][info][gc,phases      ] GC(1232)   Post Evacuate Collection Set: 0.30ms
[540.448s][info][gc,phases      ] GC(1232)   Other: 0.11ms
[540.448s][info][gc,heap        ] GC(1232) Eden regions: 44->0(44)
[540.448s][info][gc,heap        ] GC(1232) Survivor regions: 4->4(6)
[540.448s][info][gc,heap        ] GC(1232) Old regions: 866->866
[540.449s][info][gc,heap        ] GC(1232) Humongous regions: 11->11
[540.449s][info][gc,metaspace   ] GC(1232) Metaspace: 18994K(19136K)->18994K(19136K) NonClass: 17164K(17280K)->17164K(17280K) Class: 1829K(1856K)->1829K(1856K)
[540.449s][info][gc             ] GC(1232) Pause Young (Normal) (G1 Evacuation Pause) 924M->880M(978M) 5.796ms
[540.449s][info][gc,cpu         ] GC(1232) User=0.02s Sys=0.00s Real=0.00s
[540.504s][info][gc,start       ] GC(1233) Pause Young (Normal) (G1 Evacuation Pause)
[540.504s][info][gc,task        ] GC(1233) Using 2 workers of 2 for evacuation
[540.510s][info][gc,phases      ] GC(1233)   Pre Evacuate Collection Set: 0.31ms
[540.510s][info][gc,phases      ] GC(1233)   Merge Heap Roots: 0.09ms
[540.510s][info][gc,phases      ] GC(1233)   Evacuate Collection Set: 5.20ms
[540.510s][info][gc,phases      ] GC(1233)   Post Evacuate Collection Set: 0.29ms
[540.510s][info][gc,phases      ] GC(1233)   Other: 0.07ms
[540.510s][info][gc,heap        ] GC(1233) Eden regions: 44->0(47)
[540.510s][info][gc,heap        ] GC(1233) Survivor regions: 4->1(6)
[540.510s][info][gc,heap        ] GC(1233) Old regions: 866->869
[540.510s][info][gc,heap        ] GC(1233) Humongous regions: 11->11
[540.510s][info][gc,metaspace   ] GC(1233) Metaspace: 18994K(19136K)->18994K(19136K) NonClass: 17164K(17280K)->17164K(17280K) Class: 1829K(1856K)->1829K(1856K)
[540.510s][info][gc             ] GC(1233) Pause Young (Normal) (G1 Evacuation Pause) 924M->880M(978M) 6.191ms
[540.510s][info][gc,cpu         ] GC(1233) User=0.01s Sys=0.00s Real=0.00s
[540.580s][info][gc,start       ] GC(1234) Pause Young (Normal) (G1 Evacuation Pause)
[540.580s][info][gc,task        ] GC(1234) Using 2 workers of 2 for evacuation
[540.582s][info][gc,phases      ] GC(1234)   Pre Evacuate Collection Set: 0.34ms
[540.582s][info][gc,phases      ] GC(1234)   Merge Heap Roots: 0.08ms
[540.582s][info][gc,phases      ] GC(1234)   Evacuate Collection Set: 1.66ms
[540.582s][info][gc,phases      ] GC(1234)   Post Evacuate Collection Set: 0.31ms
[540.582s][info][gc,phases      ] GC(1234)   Other: 0.10ms
[540.582s][info][gc,heap        ] GC(1234) Eden regions: 47->0(47)
[540.582s][info][gc,heap        ] GC(1234) Survivor regions: 1->1(6)
[540.582s][info][gc,heap        ] GC(1234) Old regions: 869->869
[540.582s][info][gc,heap        ] GC(1234) Humongous regions: 11->11
[540.582s][info][gc,metaspace   ] GC(1234) Metaspace: 18994K(19136K)->18994K(19136K) NonClass: 17164K(17280K)->17164K(17280K) Class: 1829K(1856K)->1829K(1856K)
[540.582s][info][gc             ] GC(1234) Pause Young (Normal) (G1 Evacuation Pause) 927M->880M(978M) 2.721ms
[540.582s][info][gc,cpu         ] GC(1234) User=0.00s Sys=0.00s Real=0.00s
[540.652s][info][gc,start       ] GC(1235) Pause Young (Normal) (G1 Evacuation Pause)
[540.652s][info][gc,task        ] GC(1235) Using 2 workers of 2 for evacuation
[540.654s][info][gc,phases      ] GC(1235)   Pre Evacuate Collection Set: 0.31ms
[540.654s][info][gc,phases      ] GC(1235)   Merge Heap Roots: 0.08ms
[540.654s][info][gc,phases      ] GC(1235)   Evacuate Collection Set: 1.57ms
[540.654s][info][gc,phases      ] GC(1235)   Post Evacuate Collection Set: 0.27ms
[540.654s][info][gc,phases      ] GC(1235)   Other: 0.12ms
[540.654s][info][gc,heap        ] GC(1235) Eden regions: 47->0(47)
[540.654s][info][gc,heap        ] GC(1235) Survivor regions: 1->1(6)
[540.654s][info][gc,heap        ] GC(1235) Old regions: 869->869
[540.654s][info][gc,heap        ] GC(1235) Humongous regions: 11->11
[540.654s][info][gc,metaspace   ] GC(1235) Metaspace: 18994K(19136K)->18994K(19136K) NonClass: 17164K(17280K)->17164K(17280K) Class: 1829K(1856K)->1829K(1856K)
[540.654s][info][gc             ] GC(1235) Pause Young (Normal) (G1 Evacuation Pause) 927M->880M(978M) 2.571ms
[540.654s][info][gc,cpu         ] GC(1235) User=0.01s Sys=0.00s Real=0.01s
[540.748s][info][gc,start       ] GC(1236) Pause Young (Normal) (G1 Evacuation Pause)
[540.748s][info][gc,task        ] GC(1236) Using 2 workers of 2 for evacuation
[540.751s][info][gc,phases      ] GC(1236)   Pre Evacuate Collection Set: 0.34ms
[540.751s][info][gc,phases      ] GC(1236)   Merge Heap Roots: 0.08ms
[540.751s][info][gc,phases      ] GC(1236)   Evacuate Collection Set: 1.68ms
[540.751s][info][gc,phases      ] GC(1236)   Post Evacuate Collection Set: 0.30ms
[540.751s][info][gc,phases      ] GC(1236)   Other: 0.10ms
[540.751s][info][gc,heap        ] GC(1236) Eden regions: 47->0(47)
[540.751s][info][gc,heap        ] GC(1236) Survivor regions: 1->1(6)
[540.751s][info][gc,heap        ] GC(1236) Old regions: 869->869
[540.751s][info][gc,heap        ] GC(1236) Humongous regions: 11->11
[540.751s][info][gc,metaspace   ] GC(1236) Metaspace: 18994K(19136K)->18994K(19136K) NonClass: 17164K(17280K)->17164K(17280K) Class: 1829K(1856K)->1829K(1856K)
[540.751s][info][gc             ] GC(1236) Pause Young (Normal) (G1 Evacuation Pause) 927M->880M(978M) 2.712ms
[540.751s][info][gc,cpu         ] GC(1236) User=0.00s Sys=0.00s Real=0.00s
[540.814s][info][gc,start       ] GC(1237) Pause Young (Normal) (G1 Evacuation Pause)
[540.814s][info][gc,task        ] GC(1237) Using 2 workers of 2 for evacuation
[540.828s][info][gc,phases      ] GC(1237)   Pre Evacuate Collection Set: 0.32ms
[540.828s][info][gc,phases      ] GC(1237)   Merge Heap Roots: 0.10ms
[540.828s][info][gc,phases      ] GC(1237)   Evacuate Collection Set: 12.37ms
[540.828s][info][gc,phases      ] GC(1237)   Post Evacuate Collection Set: 0.33ms
[540.828s][info][gc,phases      ] GC(1237)   Other: 0.14ms
[540.828s][info][gc,heap        ] GC(1237) Eden regions: 47->0(42)
[540.828s][info][gc,heap        ] GC(1237) Survivor regions: 1->6(6)
[540.828s][info][gc,heap        ] GC(1237) Old regions: 869->872
[540.828s][info][gc,heap        ] GC(1237) Humongous regions: 11->11
[540.828s][info][gc,metaspace   ] GC(1237) Metaspace: 18994K(19136K)->18994K(19136K) NonClass: 17164K(17280K)->17164K(17280K) Class: 1829K(1856K)->1829K(1856K)
[540.828s][info][gc             ] GC(1237) Pause Young (Normal) (G1 Evacuation Pause) 927M->888M(978M) 13.546ms
[540.828s][info][gc,cpu         ] GC(1237) User=0.02s Sys=0.00s Real=0.01s
[540.854s][info][gc,marking     ] GC(1221) Concurrent Mark From Roots 2509.617ms
[540.854s][info][gc,marking     ] GC(1221) Concurrent Preclean
[540.855s][info][gc,marking     ] GC(1221) Concurrent Preclean 0.055ms
[540.855s][info][gc,start       ] GC(1221) Pause Remark
[540.864s][info][gc             ] GC(1221) Pause Remark 906M->818M(978M) 9.326ms
[540.865s][info][gc,cpu         ] GC(1221) User=0.01s Sys=0.00s Real=0.01s
[540.865s][info][gc,marking     ] GC(1221) Concurrent Mark 2519.801ms
[540.865s][info][gc,marking     ] GC(1221) Concurrent Rebuild Remembered Sets and Scrub Regions
[540.889s][info][gc,start       ] GC(1238) Pause Young (Normal) (G1 Evacuation Pause)
[540.889s][info][gc,task        ] GC(1238) Using 2 workers of 2 for evacuation
[540.915s][info][gc,phases      ] GC(1238)   Pre Evacuate Collection Set: 0.55ms
[540.915s][info][gc,phases      ] GC(1238)   Merge Heap Roots: 0.10ms
[540.915s][info][gc,phases      ] GC(1238)   Evacuate Collection Set: 24.48ms
[540.915s][info][gc,phases      ] GC(1238)   Post Evacuate Collection Set: 0.38ms
[540.915s][info][gc,phases      ] GC(1238)   Other: 0.15ms
[540.915s][info][gc,heap        ] GC(1238) Eden regions: 42->0(106)
[540.915s][info][gc,heap        ] GC(1238) Survivor regions: 6->6(6)
[540.915s][info][gc,heap        ] GC(1238) Old regions: 786->799
[540.915s][info][gc,heap        ] GC(1238) Humongous regions: 9->9
[540.915s][info][gc,metaspace   ] GC(1238) Metaspace: 18995K(19136K)->18995K(19136K) NonClass: 17165K(17280K)->17165K(17280K) Class: 1829K(1856K)->1829K(1856K)
[540.915s][info][gc             ] GC(1238) Pause Young (Normal) (G1 Evacuation Pause) 842M->813M(978M) 26.011ms
[540.915s][info][gc,cpu         ] GC(1238) User=0.05s Sys=0.00s Real=0.03s
[541.038s][info][gc,start       ] GC(1239) Pause Young (Normal) (G1 Evacuation Pause)
[541.039s][info][gc,task        ] GC(1239) Using 2 workers of 2 for evacuation
[541.051s][info][gc,phases      ] GC(1239)   Pre Evacuate Collection Set: 0.34ms
[541.051s][info][gc,phases      ] GC(1239)   Merge Heap Roots: 0.09ms
[541.051s][info][gc,phases      ] GC(1239)   Evacuate Collection Set: 11.08ms
[541.051s][info][gc,phases      ] GC(1239)   Post Evacuate Collection Set: 0.43ms
[541.051s][info][gc,phases      ] GC(1239)   Other: 0.14ms
[541.051s][info][gc,heap        ] GC(1239) Eden regions: 106->0(100)
[541.051s][info][gc,heap        ] GC(1239) Survivor regions: 6->10(14)
[541.051s][info][gc,heap        ] GC(1239) Old regions: 799->799
[541.051s][info][gc,heap        ] GC(1239) Humongous regions: 9->9
[541.051s][info][gc,metaspace   ] GC(1239) Metaspace: 18998K(19136K)->18998K(19136K) NonClass: 17169K(17280K)->17169K(17280K) Class: 1829K(1856K)->1829K(1856K)
[541.051s][info][gc             ] GC(1239) Pause Young (Normal) (G1 Evacuation Pause) 919M->817M(978M) 12.331ms
[541.051s][info][gc,cpu         ] GC(1239) User=0.03s Sys=0.00s Real=0.01s
[541.170s][info][gc,start       ] GC(1240) Pause Young (Normal) (G1 Evacuation Pause)
[541.170s][info][gc,task        ] GC(1240) Using 2 workers of 2 for evacuation
[541.217s][info][gc,phases      ] GC(1240)   Pre Evacuate Collection Set: 0.34ms
[541.217s][info][gc,phases      ] GC(1240)   Merge Heap Roots: 0.09ms
[541.217s][info][gc,phases      ] GC(1240)   Evacuate Collection Set: 45.35ms
[541.217s][info][gc,phases      ] GC(1240)   Post Evacuate Collection Set: 0.58ms
[541.217s][info][gc,phases      ] GC(1240)   Other: 0.08ms
[541.217s][info][gc,heap        ] GC(1240) Eden regions: 100->0(63)
[541.217s][info][gc,heap        ] GC(1240) Survivor regions: 10->14(14)
[541.217s][info][gc,heap        ] GC(1240) Old regions: 799->828
[541.217s][info][gc,heap        ] GC(1240) Humongous regions: 9->9
[541.217s][info][gc,metaspace   ] GC(1240) Metaspace: 18998K(19136K)->18998K(19136K) NonClass: 17169K(17280K)->17169K(17280K) Class: 1829K(1856K)->1829K(1856K)
[541.217s][info][gc             ] GC(1240) Pause Young (Normal) (G1 Evacuation Pause) 917M->850M(978M) 46.712ms
[541.217s][info][gc,cpu         ] GC(1240) User=0.09s Sys=0.00s Real=0.05s
[541.336s][info][gc,start       ] GC(1241) Pause Young (Normal) (G1 Evacuation Pause)
[541.336s][info][gc,task        ] GC(1241) Using 2 workers of 2 for evacuation
[541.367s][info][gc,phases      ] GC(1241)   Pre Evacuate Collection Set: 0.33ms
[541.367s][info][gc,phases      ] GC(1241)   Merge Heap Roots: 0.34ms
[541.367s][info][gc,phases      ] GC(1241)   Evacuate Collection Set: 29.79ms
[541.367s][info][gc,phases      ] GC(1241)   Post Evacuate Collection Set: 0.42ms
[541.367s][info][gc,phases      ] GC(1241)   Other: 0.08ms
[541.367s][info][gc,heap        ] GC(1241) Eden regions: 63->0(62)
[541.367s][info][gc,heap        ] GC(1241) Survivor regions: 14->7(10)
[541.367s][info][gc,heap        ] GC(1241) Old regions: 828->843
[541.367s][info][gc,heap        ] GC(1241) Humongous regions: 9->9
[541.367s][info][gc,metaspace   ] GC(1241) Metaspace: 18998K(19136K)->18998K(19136K) NonClass: 17169K(17280K)->17169K(17280K) Class: 1829K(1856K)->1829K(1856K)
[541.367s][info][gc             ] GC(1241) Pause Young (Normal) (G1 Evacuation Pause) 913M->857M(978M) 31.216ms
[541.367s][info][gc,cpu         ] GC(1241) User=0.06s Sys=0.00s Real=0.03s
[541.452s][info][gc,start       ] GC(1242) Pause Young (Normal) (G1 Evacuation Pause)
[541.453s][info][gc,task        ] GC(1242) Using 2 workers of 2 for evacuation
[541.484s][info][gc,phases      ] GC(1242)   Pre Evacuate Collection Set: 0.30ms
[541.484s][info][gc,phases      ] GC(1242)   Merge Heap Roots: 0.31ms
[541.484s][info][gc,phases      ] GC(1242)   Evacuate Collection Set: 30.16ms
[541.484s][info][gc,phases      ] GC(1242)   Post Evacuate Collection Set: 0.41ms
[541.484s][info][gc,phases      ] GC(1242)   Other: 0.08ms
[541.484s][info][gc,heap        ] GC(1242) Eden regions: 62->0(50)
[541.484s][info][gc,heap        ] GC(1242) Survivor regions: 7->9(9)
[541.484s][info][gc,heap        ] GC(1242) Old regions: 843->850
[541.484s][info][gc,heap        ] GC(1242) Humongous regions: 10->10
[541.484s][info][gc,metaspace   ] GC(1242) Metaspace: 18998K(19136K)->18998K(19136K) NonClass: 17169K(17280K)->17169K(17280K) Class: 1829K(1856K)->1829K(1856K)
[541.484s][info][gc             ] GC(1242) Pause Young (Normal) (G1 Evacuation Pause) 920M->868M(978M) 31.549ms
[541.484s][info][gc,cpu         ] GC(1242) User=0.06s Sys=0.00s Real=0.04s
[541.553s][info][gc,start       ] GC(1243) Pause Young (Normal) (G1 Evacuation Pause)
[541.553s][info][gc,task        ] GC(1243) Using 2 workers of 2 for evacuation
[541.578s][info][gc,phases      ] GC(1243)   Pre Evacuate Collection Set: 0.56ms
[541.578s][info][gc,phases      ] GC(1243)   Merge Heap Roots: 0.23ms
[541.578s][info][gc,phases      ] GC(1243)   Evacuate Collection Set: 23.43ms
[541.578s][info][gc,phases      ] GC(1243)   Post Evacuate Collection Set: 0.33ms
[541.578s][info][gc,phases      ] GC(1243)   Other: 0.11ms
[541.578s][info][gc,heap        ] GC(1243) Eden regions: 50->0(48)
[541.578s][info][gc,heap        ] GC(1243) Survivor regions: 9->5(8)
[541.578s][info][gc,heap        ] GC(1243) Old regions: 850->860
[541.578s][info][gc,heap        ] GC(1243) Humongous regions: 10->10
[541.578s][info][gc,metaspace   ] GC(1243) Metaspace: 18998K(19136K)->18998K(19136K) NonClass: 17169K(17280K)->17169K(17280K) Class: 1829K(1856K)->1829K(1856K)
[541.578s][info][gc             ] GC(1243) Pause Young (Normal) (G1 Evacuation Pause) 918M->873M(978M) 24.885ms
[541.578s][info][gc,cpu         ] GC(1243) User=0.04s Sys=0.00s Real=0.02s
[541.648s][info][gc,start       ] GC(1244) Pause Young (Normal) (G1 Evacuation Pause)
[541.648s][info][gc,task        ] GC(1244) Using 2 workers of 2 for evacuation
[541.657s][info][gc,phases      ] GC(1244)   Pre Evacuate Collection Set: 0.55ms
[541.657s][info][gc,phases      ] GC(1244)   Merge Heap Roots: 0.08ms
[541.657s][info][gc,phases      ] GC(1244)   Evacuate Collection Set: 7.31ms
[541.657s][info][gc,phases      ] GC(1244)   Post Evacuate Collection Set: 0.30ms
[541.657s][info][gc,phases      ] GC(1244)   Other: 0.13ms
[541.657s][info][gc,heap        ] GC(1244) Eden regions: 48->0(50)
[541.657s][info][gc,heap        ] GC(1244) Survivor regions: 5->2(7)
[541.657s][info][gc,heap        ] GC(1244) Old regions: 860->864
[541.657s][info][gc,heap        ] GC(1244) Humongous regions: 10->10
[541.657s][info][gc,metaspace   ] GC(1244) Metaspace: 18998K(19136K)->18998K(19136K) NonClass: 17169K(17280K)->17169K(17280K) Class: 1829K(1856K)->1829K(1856K)
[541.657s][info][gc             ] GC(1244) Pause Young (Normal) (G1 Evacuation Pause) 921M->875M(978M) 8.592ms
[541.657s][info][gc,cpu         ] GC(1244) User=0.02s Sys=0.00s Real=0.01s
[541.761s][info][gc,start       ] GC(1245) Pause Young (Normal) (G1 Evacuation Pause)
[541.761s][info][gc,task        ] GC(1245) Using 2 workers of 2 for evacuation
[541.768s][info][gc,phases      ] GC(1245)   Pre Evacuate Collection Set: 0.54ms
[541.768s][info][gc,phases      ] GC(1245)   Merge Heap Roots: 0.11ms
[541.768s][info][gc,phases      ] GC(1245)   Evacuate Collection Set: 6.49ms
[541.768s][info][gc,phases      ] GC(1245)   Post Evacuate Collection Set: 0.31ms
[541.768s][info][gc,phases      ] GC(1245)   Other: 0.11ms
[541.768s][info][gc,heap        ] GC(1245) Eden regions: 50->0(44)
[541.768s][info][gc,heap        ] GC(1245) Survivor regions: 2->5(7)
[541.768s][info][gc,heap        ] GC(1245) Old regions: 864->864
[541.768s][info][gc,heap        ] GC(1245) Humongous regions: 10->10
[541.768s][info][gc,metaspace   ] GC(1245) Metaspace: 18998K(19136K)->18998K(19136K) NonClass: 17169K(17280K)->17169K(17280K) Class: 1829K(1856K)->1829K(1856K)
[541.768s][info][gc             ] GC(1245) Pause Young (Normal) (G1 Evacuation Pause) 925M->878M(978M) 7.843ms
[541.768s][info][gc,cpu         ] GC(1245) User=0.02s Sys=0.00s Real=0.01s
[541.807s][info][gc,marking     ] GC(1221) Concurrent Rebuild Remembered Sets and Scrub Regions 942.669ms
[541.808s][info][gc,start       ] GC(1221) Pause Cleanup
[541.808s][info][gc             ] GC(1221) Pause Cleanup 899M->899M(978M) 0.189ms
[541.808s][info][gc,cpu         ] GC(1221) User=0.00s Sys=0.00s Real=0.00s
[541.808s][info][gc,marking     ] GC(1221) Concurrent Clear Claimed Marks
[541.808s][info][gc,marking     ] GC(1221) Concurrent Clear Claimed Marks 0.041ms
[541.808s][info][gc,marking     ] GC(1221) Concurrent Cleanup for Next Mark
[541.813s][info][gc,marking     ] GC(1221) Concurrent Cleanup for Next Mark 5.009ms
[541.813s][info][gc             ] GC(1221) Concurrent Mark Cycle 3609.319ms
[541.837s][info][gc,start       ] GC(1246) Pause Young (Prepare Mixed) (G1 Evacuation Pause)
[541.837s][info][gc,task        ] GC(1246) Using 2 workers of 2 for evacuation
[541.844s][info][gc,phases      ] GC(1246)   Pre Evacuate Collection Set: 0.56ms
[541.844s][info][gc,phases      ] GC(1246)   Merge Heap Roots: 0.08ms
[541.844s][info][gc,phases      ] GC(1246)   Evacuate Collection Set: 6.16ms
[541.844s][info][gc,phases      ] GC(1246)   Post Evacuate Collection Set: 0.32ms
[541.844s][info][gc,phases      ] GC(1246)   Other: 0.11ms
[541.844s][info][gc,heap        ] GC(1246) Eden regions: 44->0(46)
[541.844s][info][gc,heap        ] GC(1246) Survivor regions: 5->3(7)
[541.844s][info][gc,heap        ] GC(1246) Old regions: 864->866
[541.844s][info][gc,heap        ] GC(1246) Humongous regions: 10->10
[541.844s][info][gc,metaspace   ] GC(1246) Metaspace: 18998K(19136K)->18998K(19136K) NonClass: 17169K(17280K)->17169K(17280K) Class: 1829K(1856K)->1829K(1856K)
[541.844s][info][gc             ] GC(1246) Pause Young (Prepare Mixed) (G1 Evacuation Pause) 922M->878M(978M) 7.461ms
[541.844s][info][gc,cpu         ] GC(1246) User=0.02s Sys=0.00s Real=0.01s
[541.892s][info][gc,start       ] GC(1247) Pause Young (Mixed) (G1 Evacuation Pause)
[541.892s][info][gc,task        ] GC(1247) Using 2 workers of 2 for evacuation
[541.902s][info][gc,phases      ] GC(1247)   Pre Evacuate Collection Set: 0.57ms
[541.902s][info][gc,phases      ] GC(1247)   Merge Heap Roots: 0.16ms
[541.902s][info][gc,phases      ] GC(1247)   Evacuate Collection Set: 8.63ms
[541.902s][info][gc,phases      ] GC(1247)   Post Evacuate Collection Set: 0.35ms
[541.902s][info][gc,phases      ] GC(1247)   Other: 0.09ms
[541.902s][info][gc,heap        ] GC(1247) Eden regions: 46->0(73)
[541.902s][info][gc,heap        ] GC(1247) Survivor regions: 3->4(7)
[541.902s][info][gc,heap        ] GC(1247) Old regions: 866->837
[541.902s][info][gc,heap        ] GC(1247) Humongous regions: 10->10
[541.902s][info][gc,metaspace   ] GC(1247) Metaspace: 18998K(19136K)->18998K(19136K) NonClass: 17169K(17280K)->17169K(17280K) Class: 1829K(1856K)->1829K(1856K)
[541.902s][info][gc             ] GC(1247) Pause Young (Mixed) (G1 Evacuation Pause) 924M->850M(978M) 10.065ms
[541.902s][info][gc,cpu         ] GC(1247) User=0.02s Sys=0.00s Real=0.01s
[542.007s][info][gc,start       ] GC(1248) Pause Young (Concurrent Start) (G1 Evacuation Pause)
[542.007s][info][gc,task        ] GC(1248) Using 2 workers of 2 for evacuation
[542.015s][info][gc,phases      ] GC(1248)   Pre Evacuate Collection Set: 0.34ms
[542.015s][info][gc,phases      ] GC(1248)   Merge Heap Roots: 0.13ms
[542.015s][info][gc,phases      ] GC(1248)   Evacuate Collection Set: 7.29ms
[542.015s][info][gc,phases      ] GC(1248)   Post Evacuate Collection Set: 0.38ms
[542.015s][info][gc,phases      ] GC(1248)   Other: 0.10ms
[542.015s][info][gc,heap        ] GC(1248) Eden regions: 73->0(71)
[542.015s][info][gc,heap        ] GC(1248) Survivor regions: 4->5(10)
[542.015s][info][gc,heap        ] GC(1248) Old regions: 837->837
[542.015s][info][gc,heap        ] GC(1248) Humongous regions: 10->10
[542.015s][info][gc,metaspace   ] GC(1248) Metaspace: 18998K(19136K)->18998K(19136K) NonClass: 17169K(17280K)->17169K(17280K) Class: 1829K(1856K)->1829K(1856K)
[542.015s][info][gc             ] GC(1248) Pause Young (Concurrent Start) (G1 Evacuation Pause) 923M->851M(978M) 8.526ms
[542.015s][info][gc,cpu         ] GC(1248) User=0.02s Sys=0.00s Real=0.01s
[542.018s][info][gc             ] GC(1249) Concurrent Mark Cycle
[542.018s][info][gc,marking     ] GC(1249) Concurrent Scan Root Regions
[542.029s][info][gc,marking     ] GC(1249) Concurrent Scan Root Regions 11.308ms
[542.029s][info][gc,marking     ] GC(1249) Concurrent Mark
[542.029s][info][gc,marking     ] GC(1249) Concurrent Mark From Roots
[542.029s][info][gc,task        ] GC(1249) Using 1 workers of 1 for marking
[542.305s][info][gc,start       ] GC(1250) Pause Young (Normal) (G1 Evacuation Pause)
[542.305s][info][gc,task        ] GC(1250) Using 2 workers of 2 for evacuation
[542.315s][info][gc,phases      ] GC(1250)   Pre Evacuate Collection Set: 0.33ms
[542.315s][info][gc,phases      ] GC(1250)   Merge Heap Roots: 0.17ms
[542.315s][info][gc,phases      ] GC(1250)   Evacuate Collection Set: 8.73ms
[542.315s][info][gc,phases      ] GC(1250)   Post Evacuate Collection Set: 0.34ms
[542.315s][info][gc,phases      ] GC(1250)   Other: 0.08ms
[542.315s][info][gc,heap        ] GC(1250) Eden regions: 71->0(69)
[542.315s][info][gc,heap        ] GC(1250) Survivor regions: 5->6(10)
[542.315s][info][gc,heap        ] GC(1250) Old regions: 837->837
[542.315s][info][gc,heap        ] GC(1250) Humongous regions: 10->10
[542.315s][info][gc,metaspace   ] GC(1250) Metaspace: 18998K(19136K)->18998K(19136K) NonClass: 17169K(17280K)->17169K(17280K) Class: 1829K(1856K)->1829K(1856K)
[542.315s][info][gc             ] GC(1250) Pause Young (Normal) (G1 Evacuation Pause) 922M->852M(978M) 9.924ms
[542.315s][info][gc,cpu         ] GC(1250) User=0.02s Sys=0.00s Real=0.01s
[542.610s][info][gc,start       ] GC(1251) Pause Young (Normal) (G1 Evacuation Pause)
[542.610s][info][gc,task        ] GC(1251) Using 2 workers of 2 for evacuation
[542.620s][info][gc,phases      ] GC(1251)   Pre Evacuate Collection Set: 0.33ms
[542.620s][info][gc,phases      ] GC(1251)   Merge Heap Roots: 0.17ms
[542.620s][info][gc,phases      ] GC(1251)   Evacuate Collection Set: 9.10ms
[542.620s][info][gc,phases      ] GC(1251)   Post Evacuate Collection Set: 0.34ms
[542.620s][info][gc,phases      ] GC(1251)   Other: 0.08ms
[542.620s][info][gc,heap        ] GC(1251) Eden regions: 69->0(70)
[542.620s][info][gc,heap        ] GC(1251) Survivor regions: 6->4(10)
[542.620s][info][gc,heap        ] GC(1251) Old regions: 837->840
[542.620s][info][gc,heap        ] GC(1251) Humongous regions: 10->10
[542.620s][info][gc,metaspace   ] GC(1251) Metaspace: 18999K(19136K)->18999K(19136K) NonClass: 17170K(17280K)->17170K(17280K) Class: 1829K(1856K)->1829K(1856K)
[542.620s][info][gc             ] GC(1251) Pause Young (Normal) (G1 Evacuation Pause) 921M->853M(978M) 10.262ms
[542.620s][info][gc,cpu         ] GC(1251) User=0.02s Sys=0.00s Real=0.01s
[542.760s][info][gc,marking     ] GC(1249) Concurrent Mark From Roots 730.812ms
[542.760s][info][gc,marking     ] GC(1249) Concurrent Preclean
[542.760s][info][gc,marking     ] GC(1249) Concurrent Preclean 0.057ms
[542.760s][info][gc,start       ] GC(1249) Pause Remark
[542.770s][info][gc             ] GC(1249) Pause Remark 895M->372M(978M) 9.409ms
[542.770s][info][gc,cpu         ] GC(1249) User=0.02s Sys=0.00s Real=0.01s
[542.771s][info][gc,marking     ] GC(1249) Concurrent Mark 741.680ms
[542.771s][info][gc,marking     ] GC(1249) Concurrent Rebuild Remembered Sets and Scrub Regions
[542.891s][info][gc,start       ] GC(1252) Pause Young (Normal) (G1 Evacuation Pause)
[542.891s][info][gc,task        ] GC(1252) Using 2 workers of 2 for evacuation
[542.898s][info][gc,phases      ] GC(1252)   Pre Evacuate Collection Set: 0.31ms
[542.898s][info][gc,phases      ] GC(1252)   Merge Heap Roots: 0.17ms
[542.898s][info][gc,phases      ] GC(1252)   Evacuate Collection Set: 6.10ms
[542.898s][info][gc,phases      ] GC(1252)   Post Evacuate Collection Set: 0.34ms
[542.898s][info][gc,phases      ] GC(1252)   Other: 0.08ms
[542.898s][info][gc,heap        ] GC(1252) Eden regions: 70->0(523)
[542.898s][info][gc,heap        ] GC(1252) Survivor regions: 4->4(10)
[542.898s][info][gc,heap        ] GC(1252) Old regions: 324->324
[542.898s][info][gc,heap        ] GC(1252) Humongous regions: 3->3
[542.898s][info][gc,metaspace   ] GC(1252) Metaspace: 18999K(19136K)->18999K(19136K) NonClass: 17170K(17280K)->17170K(17280K) Class: 1829K(1856K)->1829K(1856K)
[542.898s][info][gc             ] GC(1252) Pause Young (Normal) (G1 Evacuation Pause) 400M->329M(978M) 7.241ms
[542.898s][info][gc,cpu         ] GC(1252) User=0.01s Sys=0.01s Real=0.01s
[543.036s][info][gc,marking     ] GC(1249) Concurrent Rebuild Remembered Sets and Scrub Regions 264.906ms
[543.037s][info][gc,start       ] GC(1249) Pause Cleanup
[543.037s][info][gc             ] GC(1249) Pause Cleanup 375M->375M(978M) 0.162ms
[543.037s][info][gc,cpu         ] GC(1249) User=0.00s Sys=0.00s Real=0.00s
[543.037s][info][gc,marking     ] GC(1249) Concurrent Clear Claimed Marks
[543.037s][info][gc,marking     ] GC(1249) Concurrent Clear Claimed Marks 0.051ms
[543.037s][info][gc,marking     ] GC(1249) Concurrent Cleanup for Next Mark
[543.042s][info][gc,marking     ] GC(1249) Concurrent Cleanup for Next Mark 5.017ms
[543.042s][info][gc             ] GC(1249) Concurrent Mark Cycle 1024.340ms
[543.588s][info][gc,start       ] GC(1253) Pause Young (Prepare Mixed) (G1 Evacuation Pause)
[543.589s][info][gc,task        ] GC(1253) Using 2 workers of 2 for evacuation
[543.702s][info][gc,phases      ] GC(1253)   Pre Evacuate Collection Set: 0.33ms
[543.702s][info][gc,phases      ] GC(1253)   Merge Heap Roots: 0.29ms
[543.702s][info][gc,phases      ] GC(1253)   Evacuate Collection Set: 111.35ms
[543.702s][info][gc,phases      ] GC(1253)   Post Evacuate Collection Set: 0.86ms
[543.702s][info][gc,phases      ] GC(1253)   Other: 0.12ms
[543.702s][info][gc,heap        ] GC(1253) Eden regions: 523->0(433)
[543.702s][info][gc,heap        ] GC(1253) Survivor regions: 4->66(66)
[543.702s][info][gc,heap        ] GC(1253) Old regions: 324->347
[543.702s][info][gc,heap        ] GC(1253) Humongous regions: 4->4
[543.702s][info][gc,metaspace   ] GC(1253) Metaspace: 19002K(19136K)->19002K(19136K) NonClass: 17173K(17280K)->17173K(17280K) Class: 1829K(1856K)->1829K(1856K)
[543.702s][info][gc             ] GC(1253) Pause Young (Prepare Mixed) (G1 Evacuation Pause) 853M->416M(978M) 113.249ms
[543.702s][info][gc,cpu         ] GC(1253) User=0.22s Sys=0.00s Real=0.11s
[544.417s][info][gc,start       ] GC(1254) Pause Young (Mixed) (G1 Evacuation Pause)
[544.417s][info][gc,task        ] GC(1254) Using 2 workers of 2 for evacuation
[544.688s][info][gc,mmu         ] GC(1254) MMU target violated: 201.0ms (200.0ms/201.0ms)
[544.688s][info][gc,phases      ] GC(1254)   Pre Evacuate Collection Set: 0.58ms
[544.688s][info][gc,phases      ] GC(1254)   Merge Heap Roots: 1.17ms
[544.688s][info][gc,phases      ] GC(1254)   Evacuate Collection Set: 249.41ms
[544.688s][info][gc,phases      ] GC(1254)   Post Evacuate Collection Set: 19.23ms
[544.688s][info][gc,phases      ] GC(1254)   Other: 0.21ms
[544.688s][info][gc,heap        ] GC(1254) Eden regions: 433->0(275)
[544.688s][info][gc,heap        ] GC(1254) Survivor regions: 66->63(63)
[544.688s][info][gc,heap        ] GC(1254) Old regions: 347->519
[544.688s][info][gc,heap        ] GC(1254) Humongous regions: 4->4
[544.688s][info][gc,metaspace   ] GC(1254) Metaspace: 19003K(19136K)->19003K(19136K) NonClass: 17173K(17280K)->17173K(17280K) Class: 1829K(1856K)->1829K(1856K)
[544.688s][info][gc             ] GC(1254) Pause Young (Mixed) (G1 Evacuation Pause) (Evacuation Failure: Allocation) 849M->585M(978M) 270.814ms
[544.688s][info][gc,cpu         ] GC(1254) User=0.53s Sys=0.00s Real=0.27s
[544.969s][info][gc,start       ] GC(1255) Pause Young (Mixed) (G1 Evacuation Pause)
[544.969s][info][gc,task        ] GC(1255) Using 2 workers of 2 for evacuation
[545.167s][info][gc,phases      ] GC(1255)   Pre Evacuate Collection Set: 0.39ms
[545.167s][info][gc,phases      ] GC(1255)   Merge Heap Roots: 0.61ms
[545.167s][info][gc,phases      ] GC(1255)   Evacuate Collection Set: 186.26ms
[545.167s][info][gc,phases      ] GC(1255)   Post Evacuate Collection Set: 9.94ms
[545.167s][info][gc,phases      ] GC(1255)   Other: 0.14ms
[545.167s][info][gc,heap        ] GC(1255) Eden regions: 275->0(195)
[545.167s][info][gc,heap        ] GC(1255) Survivor regions: 63->43(43)
[545.167s][info][gc,heap        ] GC(1255) Old regions: 519->642
[545.167s][info][gc,heap        ] GC(1255) Humongous regions: 5->5
[545.167s][info][gc,metaspace   ] GC(1255) Metaspace: 19010K(19136K)->19010K(19136K) NonClass: 17181K(17280K)->17181K(17280K) Class: 1829K(1856K)->1829K(1856K)
[545.167s][info][gc             ] GC(1255) Pause Young (Mixed) (G1 Evacuation Pause) (Evacuation Failure: Allocation) 861M->689M(978M) 197.600ms
[545.167s][info][gc,cpu         ] GC(1255) User=0.39s Sys=0.00s Real=0.20s
[545.307s][info][gc,start       ] GC(1256) Pause Young (Concurrent Start) (G1 Evacuation Pause)
[545.307s][info][gc,task        ] GC(1256) Using 2 workers of 2 for evacuation
[545.419s][info][gc,phases      ] GC(1256)   Pre Evacuate Collection Set: 0.48ms
[545.419s][info][gc,phases      ] GC(1256)   Merge Heap Roots: 0.45ms
[545.419s][info][gc,phases      ] GC(1256)   Evacuate Collection Set: 107.58ms
[545.419s][info][gc,phases      ] GC(1256)   Post Evacuate Collection Set: 2.90ms
[545.419s][info][gc,phases      ] GC(1256)   Other: 0.22ms
[545.419s][info][gc,heap        ] GC(1256) Eden regions: 195->0(246)
[545.419s][info][gc,heap        ] GC(1256) Survivor regions: 43->15(30)
[545.419s][info][gc,heap        ] GC(1256) Old regions: 642->609
[545.419s][info][gc,heap        ] GC(1256) Humongous regions: 5->5
[545.419s][info][gc,metaspace   ] GC(1256) Metaspace: 19010K(19136K)->19010K(19136K) NonClass: 17181K(17280K)->17181K(17280K) Class: 1829K(1856K)->1829K(1856K)
[545.419s][info][gc             ] GC(1256) Pause Young (Concurrent Start) (G1 Evacuation Pause) (Evacuation Failure: Allocation) 884M->628M(978M) 111.899ms
[545.419s][info][gc,cpu         ] GC(1256) User=0.22s Sys=0.00s Real=0.11s
[545.419s][info][gc             ] GC(1257) Concurrent Mark Cycle
[545.419s][info][gc,marking     ] GC(1257) Concurrent Scan Root Regions
[545.670s][info][gc,marking     ] GC(1257) Concurrent Scan Root Regions 250.555ms
[545.670s][info][gc,marking     ] GC(1257) Concurrent Mark
[545.670s][info][gc,marking     ] GC(1257) Concurrent Mark From Roots
[545.670s][info][gc,task        ] GC(1257) Using 1 workers of 1 for marking
[545.831s][info][gc,start       ] GC(1258) Pause Young (Normal) (G1 Evacuation Pause)
[545.831s][info][gc,task        ] GC(1258) Using 2 workers of 2 for evacuation
[545.938s][info][gc,phases      ] GC(1258)   Pre Evacuate Collection Set: 0.60ms
[545.938s][info][gc,phases      ] GC(1258)   Merge Heap Roots: 0.46ms
[545.938s][info][gc,phases      ] GC(1258)   Evacuate Collection Set: 104.56ms
[545.938s][info][gc,phases      ] GC(1258)   Post Evacuate Collection Set: 0.89ms
[545.938s][info][gc,phases      ] GC(1258)   Other: 0.12ms
[545.938s][info][gc,heap        ] GC(1258) Eden regions: 246->0(229)
[545.938s][info][gc,heap        ] GC(1258) Survivor regions: 15->33(33)
[545.938s][info][gc,heap        ] GC(1258) Old regions: 609->604
[545.938s][info][gc,heap        ] GC(1258) Humongous regions: 5->5
[545.938s][info][gc,metaspace   ] GC(1258) Metaspace: 19012K(19136K)->19012K(19136K) NonClass: 17182K(17280K)->17182K(17280K) Class: 1829K(1856K)->1829K(1856K)
[545.938s][info][gc             ] GC(1258) Pause Young (Normal) (G1 Evacuation Pause) 874M->641M(978M) 106.928ms
[545.938s][info][gc,cpu         ] GC(1258) User=0.21s Sys=0.00s Real=0.11s
[546.510s][info][gc,start       ] GC(1259) Pause Young (Normal) (G1 Evacuation Pause)
[546.510s][info][gc,task        ] GC(1259) Using 2 workers of 2 for evacuation
[546.605s][info][gc,phases      ] GC(1259)   Pre Evacuate Collection Set: 0.58ms
[546.605s][info][gc,phases      ] GC(1259)   Merge Heap Roots: 0.47ms
[546.605s][info][gc,phases      ] GC(1259)   Evacuate Collection Set: 92.80ms
[546.605s][info][gc,phases      ] GC(1259)   Post Evacuate Collection Set: 0.70ms
[546.605s][info][gc,phases      ] GC(1259)   Other: 0.09ms
[546.605s][info][gc,heap        ] GC(1259) Eden regions: 229->0(219)
[546.605s][info][gc,heap        ] GC(1259) Survivor regions: 33->21(33)
[546.605s][info][gc,heap        ] GC(1259) Old regions: 604->636
[546.605s][info][gc,heap        ] GC(1259) Humongous regions: 8->8
[546.605s][info][gc,metaspace   ] GC(1259) Metaspace: 19013K(19136K)->19013K(19136K) NonClass: 17183K(17280K)->17183K(17280K) Class: 1829K(1856K)->1829K(1856K)
[546.605s][info][gc             ] GC(1259) Pause Young (Normal) (G1 Evacuation Pause) 873M->663M(978M) 94.927ms
[546.605s][info][gc,cpu         ] GC(1259) User=0.19s Sys=0.00s Real=0.10s
[547.006s][info][gc,start       ] GC(1260) Pause Young (Normal) (G1 Evacuation Pause)
[547.006s][info][gc,task        ] GC(1260) Using 2 workers of 2 for evacuation
[547.148s][info][gc,phases      ] GC(1260)   Pre Evacuate Collection Set: 0.31ms
[547.148s][info][gc,phases      ] GC(1260)   Merge Heap Roots: 0.39ms
[547.148s][info][gc,phases      ] GC(1260)   Evacuate Collection Set: 138.34ms
[547.148s][info][gc,phases      ] GC(1260)   Post Evacuate Collection Set: 2.98ms
[547.148s][info][gc,phases      ] GC(1260)   Other: 0.09ms
[547.148s][info][gc,heap        ] GC(1260) Eden regions: 219->0(132)
[547.148s][info][gc,heap        ] GC(1260) Survivor regions: 21->30(30)
[547.148s][info][gc,heap        ] GC(1260) Old regions: 636->720
[547.148s][info][gc,heap        ] GC(1260) Humongous regions: 8->8
[547.148s][info][gc,metaspace   ] GC(1260) Metaspace: 19013K(19136K)->19013K(19136K) NonClass: 17183K(17280K)->17183K(17280K) Class: 1829K(1856K)->1829K(1856K)
[547.148s][info][gc             ] GC(1260) Pause Young (Normal) (G1 Evacuation Pause) (Evacuation Failure: Allocation) 882M->757M(978M) 142.393ms
[547.148s][info][gc,cpu         ] GC(1260) User=0.28s Sys=0.00s Real=0.14s
[547.298s][info][gc,start       ] GC(1261) Pause Young (Normal) (G1 Evacuation Pause)
[547.298s][info][gc,task        ] GC(1261) Using 2 workers of 2 for evacuation
[547.365s][info][gc,phases      ] GC(1261)   Pre Evacuate Collection Set: 0.34ms
[547.365s][info][gc,phases      ] GC(1261)   Merge Heap Roots: 0.32ms
[547.365s][info][gc,phases      ] GC(1261)   Evacuate Collection Set: 65.73ms
[547.365s][info][gc,phases      ] GC(1261)   Post Evacuate Collection Set: 0.47ms
[547.365s][info][gc,phases      ] GC(1261)   Other: 0.09ms
[547.365s][info][gc,heap        ] GC(1261) Eden regions: 132->0(130)
[547.365s][info][gc,heap        ] GC(1261) Survivor regions: 30->20(21)
[547.365s][info][gc,heap        ] GC(1261) Old regions: 720->740
[547.365s][info][gc,heap        ] GC(1261) Humongous regions: 8->8
[547.365s][info][gc,metaspace   ] GC(1261) Metaspace: 19013K(19136K)->19013K(19136K) NonClass: 17183K(17280K)->17183K(17280K) Class: 1829K(1856K)->1829K(1856K)
[547.365s][info][gc             ] GC(1261) Pause Young (Normal) (G1 Evacuation Pause) 889M->767M(978M) 67.244ms
[547.365s][info][gc,cpu         ] GC(1261) User=0.13s Sys=0.01s Real=0.07s
[547.452s][info][gc,marking     ] GC(1257) Concurrent Mark From Roots 1782.194ms
[547.452s][info][gc,marking     ] GC(1257) Concurrent Preclean
[547.452s][info][gc,marking     ] GC(1257) Concurrent Preclean 0.064ms
[547.453s][info][gc,start       ] GC(1257) Pause Remark
[547.462s][info][gc             ] GC(1257) Pause Remark 841M->841M(978M) 8.922ms
[547.462s][info][gc,cpu         ] GC(1257) User=0.01s Sys=0.00s Real=0.00s
[547.462s][info][gc,marking     ] GC(1257) Concurrent Mark 1792.427ms
[547.462s][info][gc,marking     ] GC(1257) Concurrent Rebuild Remembered Sets and Scrub Regions
[547.510s][info][gc,start       ] GC(1262) Pause Young (Normal) (G1 Evacuation Pause)
[547.510s][info][gc,task        ] GC(1262) Using 2 workers of 2 for evacuation
[547.559s][info][gc,phases      ] GC(1262)   Pre Evacuate Collection Set: 0.32ms
[547.559s][info][gc,phases      ] GC(1262)   Merge Heap Roots: 0.20ms
[547.559s][info][gc,phases      ] GC(1262)   Evacuate Collection Set: 48.22ms
[547.559s][info][gc,phases      ] GC(1262)   Post Evacuate Collection Set: 0.46ms
[547.559s][info][gc,phases      ] GC(1262)   Other: 0.09ms
[547.559s][info][gc,heap        ] GC(1262) Eden regions: 130->0(116)
[547.559s][info][gc,heap        ] GC(1262) Survivor regions: 20->19(19)
[547.559s][info][gc,heap        ] GC(1262) Old regions: 740->766
[547.559s][info][gc,heap        ] GC(1262) Humongous regions: 8->8
[547.559s][info][gc,metaspace   ] GC(1262) Metaspace: 19013K(19136K)->19013K(19136K) NonClass: 17183K(17280K)->17183K(17280K) Class: 1829K(1856K)->1829K(1856K)
[547.559s][info][gc             ] GC(1262) Pause Young (Normal) (G1 Evacuation Pause) 897M->792M(978M) 49.537ms
[547.559s][info][gc,cpu         ] GC(1262) User=0.09s Sys=0.00s Real=0.05s
[547.668s][info][gc,start       ] GC(1263) Pause Young (Normal) (G1 Evacuation Pause)
[547.668s][info][gc,task        ] GC(1263) Using 2 workers of 2 for evacuation
[547.711s][info][gc,phases      ] GC(1263)   Pre Evacuate Collection Set: 0.36ms
[547.711s][info][gc,phases      ] GC(1263)   Merge Heap Roots: 0.26ms
[547.711s][info][gc,phases      ] GC(1263)   Evacuate Collection Set: 41.35ms
[547.711s][info][gc,phases      ] GC(1263)   Post Evacuate Collection Set: 0.45ms
[547.711s][info][gc,phases      ] GC(1263)   Other: 0.15ms
[547.711s][info][gc,heap        ] GC(1263) Eden regions: 116->0(99)
[547.711s][info][gc,heap        ] GC(1263) Survivor regions: 19->17(17)
[547.711s][info][gc,heap        ] GC(1263) Old regions: 766->787
[547.711s][info][gc,heap        ] GC(1263) Humongous regions: 8->8
[547.711s][info][gc,metaspace   ] GC(1263) Metaspace: 19013K(19136K)->19013K(19136K) NonClass: 17183K(17280K)->17183K(17280K) Class: 1829K(1856K)->1829K(1856K)
[547.711s][info][gc             ] GC(1263) Pause Young (Normal) (G1 Evacuation Pause) 908M->811M(978M) 42.832ms
[547.711s][info][gc,cpu         ] GC(1263) User=0.08s Sys=0.01s Real=0.04s
[547.873s][info][gc,start       ] GC(1264) Pause Young (Normal) (G1 Evacuation Pause)
[547.873s][info][gc,task        ] GC(1264) Using 2 workers of 2 for evacuation
[547.906s][info][gc,phases      ] GC(1264)   Pre Evacuate Collection Set: 0.37ms
[547.906s][info][gc,phases      ] GC(1264)   Merge Heap Roots: 0.20ms
[547.906s][info][gc,phases      ] GC(1264)   Evacuate Collection Set: 32.11ms
[547.906s][info][gc,phases      ] GC(1264)   Post Evacuate Collection Set: 0.41ms
[547.906s][info][gc,phases      ] GC(1264)   Other: 0.09ms
[547.906s][info][gc,heap        ] GC(1264) Eden regions: 99->0(87)
[547.906s][info][gc,heap        ] GC(1264) Survivor regions: 17->14(15)
[547.906s][info][gc,heap        ] GC(1264) Old regions: 787->805
[547.906s][info][gc,heap        ] GC(1264) Humongous regions: 8->8
[547.906s][info][gc,metaspace   ] GC(1264) Metaspace: 19013K(19136K)->19013K(19136K) NonClass: 17183K(17280K)->17183K(17280K) Class: 1829K(1856K)->1829K(1856K)
[547.906s][info][gc             ] GC(1264) Pause Young (Normal) (G1 Evacuation Pause) 910M->825M(978M) 33.437ms
[547.906s][info][gc,cpu         ] GC(1264) User=0.07s Sys=0.00s Real=0.03s
[548.010s][info][gc,start       ] GC(1265) Pause Young (Normal) (G1 Evacuation Pause)
[548.010s][info][gc,task        ] GC(1265) Using 2 workers of 2 for evacuation
[548.037s][info][gc,phases      ] GC(1265)   Pre Evacuate Collection Set: 0.34ms
[548.037s][info][gc,phases      ] GC(1265)   Merge Heap Roots: 0.20ms
[548.037s][info][gc,phases      ] GC(1265)   Evacuate Collection Set: 25.99ms
[548.037s][info][gc,phases      ] GC(1265)   Post Evacuate Collection Set: 0.35ms
[548.037s][info][gc,phases      ] GC(1265)   Other: 0.08ms
[548.037s][info][gc,heap        ] GC(1265) Eden regions: 87->0(86)
[548.037s][info][gc,heap        ] GC(1265) Survivor regions: 14->8(13)
[548.037s][info][gc,heap        ] GC(1265) Old regions: 805->818
[548.037s][info][gc,heap        ] GC(1265) Humongous regions: 8->8
[548.037s][info][gc,metaspace   ] GC(1265) Metaspace: 19013K(19136K)->19013K(19136K) NonClass: 17183K(17280K)->17183K(17280K) Class: 1829K(1856K)->1829K(1856K)
[548.037s][info][gc             ] GC(1265) Pause Young (Normal) (G1 Evacuation Pause) 912M->833M(978M) 27.256ms
[548.037s][info][gc,cpu         ] GC(1265) User=0.06s Sys=0.00s Real=0.03s
[548.134s][info][gc,start       ] GC(1266) Pause Young (Normal) (G1 Evacuation Pause)
[548.134s][info][gc,task        ] GC(1266) Using 2 workers of 2 for evacuation
[548.156s][info][gc,phases      ] GC(1266)   Pre Evacuate Collection Set: 0.55ms
[548.156s][info][gc,phases      ] GC(1266)   Merge Heap Roots: 0.16ms
[548.156s][info][gc,phases      ] GC(1266)   Evacuate Collection Set: 20.77ms
[548.156s][info][gc,phases      ] GC(1266)   Post Evacuate Collection Set: 0.37ms
[548.156s][info][gc,phases      ] GC(1266)   Other: 0.08ms
[548.156s][info][gc,heap        ] GC(1266) Eden regions: 86->0(78)
[548.156s][info][gc,heap        ] GC(1266) Survivor regions: 8->8(12)
[548.156s][info][gc,heap        ] GC(1266) Old regions: 818->826
[548.156s][info][gc,heap        ] GC(1266) Humongous regions: 8->8
[548.156s][info][gc,metaspace   ] GC(1266) Metaspace: 19013K(19136K)->19013K(19136K) NonClass: 17183K(17280K)->17183K(17280K) Class: 1829K(1856K)->1829K(1856K)
[548.156s][info][gc             ] GC(1266) Pause Young (Normal) (G1 Evacuation Pause) 919M->841M(978M) 22.184ms
[548.156s][info][gc,cpu         ] GC(1266) User=0.04s Sys=0.00s Real=0.02s
[548.248s][info][gc,start       ] GC(1267) Pause Young (Normal) (G1 Evacuation Pause)
[548.248s][info][gc,task        ] GC(1267) Using 2 workers of 2 for evacuation
[548.281s][info][gc,phases      ] GC(1267)   Pre Evacuate Collection Set: 0.54ms
[548.281s][info][gc,phases      ] GC(1267)   Merge Heap Roots: 0.33ms
[548.281s][info][gc,phases      ] GC(1267)   Evacuate Collection Set: 31.25ms
[548.281s][info][gc,phases      ] GC(1267)   Post Evacuate Collection Set: 0.44ms
[548.281s][info][gc,phases      ] GC(1267)   Other: 0.08ms
[548.281s][info][gc,heap        ] GC(1267) Eden regions: 78->0(64)
[548.281s][info][gc,heap        ] GC(1267) Survivor regions: 8->11(11)
[548.281s][info][gc,heap        ] GC(1267) Old regions: 826->834
[548.281s][info][gc,heap        ] GC(1267) Humongous regions: 8->8
[548.281s][info][gc,metaspace   ] GC(1267) Metaspace: 19013K(19136K)->19013K(19136K) NonClass: 17183K(17280K)->17183K(17280K) Class: 1829K(1856K)->1829K(1856K)
[548.281s][info][gc             ] GC(1267) Pause Young (Normal) (G1 Evacuation Pause) 919M->851M(978M) 32.879ms
[548.281s][info][gc,cpu         ] GC(1267) User=0.07s Sys=0.00s Real=0.03s
[548.475s][info][gc,start       ] GC(1268) Pause Young (Normal) (G1 Evacuation Pause)
[548.475s][info][gc,task        ] GC(1268) Using 2 workers of 2 for evacuation
[548.527s][info][gc,phases      ] GC(1268)   Pre Evacuate Collection Set: 0.52ms
[548.528s][info][gc,phases      ] GC(1268)   Merge Heap Roots: 0.64ms
[548.528s][info][gc,phases      ] GC(1268)   Evacuate Collection Set: 51.15ms
[548.528s][info][gc,phases      ] GC(1268)   Post Evacuate Collection Set: 0.38ms
[548.528s][info][gc,phases      ] GC(1268)   Other: 0.10ms
[548.528s][info][gc,heap        ] GC(1268) Eden regions: 64->0(46)
[548.528s][info][gc,heap        ] GC(1268) Survivor regions: 11->10(10)
[548.528s][info][gc,heap        ] GC(1268) Old regions: 834->851
[548.528s][info][gc,heap        ] GC(1268) Humongous regions: 11->11
[548.528s][info][gc,metaspace   ] GC(1268) Metaspace: 19013K(19136K)->19013K(19136K) NonClass: 17183K(17280K)->17183K(17280K) Class: 1829K(1856K)->1829K(1856K)
[548.528s][info][gc             ] GC(1268) Pause Young (Normal) (G1 Evacuation Pause) 918M->871M(978M) 53.060ms
[548.528s][info][gc,cpu         ] GC(1268) User=0.10s Sys=0.00s Real=0.05s
[548.629s][info][gc,marking     ] GC(1257) Concurrent Rebuild Remembered Sets and Scrub Regions 1166.721ms
[548.629s][info][gc,start       ] GC(1257) Pause Cleanup
[548.630s][info][gc             ] GC(1257) Pause Cleanup 911M->911M(978M) 0.140ms
[548.630s][info][gc,cpu         ] GC(1257) User=0.00s Sys=0.00s Real=0.00s
[548.630s][info][gc,marking     ] GC(1257) Concurrent Clear Claimed Marks
[548.630s][info][gc,marking     ] GC(1257) Concurrent Clear Claimed Marks 0.036ms
[548.630s][info][gc,marking     ] GC(1257) Concurrent Cleanup for Next Mark
[548.633s][info][gc,marking     ] GC(1257) Concurrent Cleanup for Next Mark 3.016ms
[548.633s][info][gc             ] GC(1257) Concurrent Mark Cycle 3213.431ms
[548.643s][info][gc,start       ] GC(1269) Pause Young (Prepare Mixed) (G1 Evacuation Pause)
[548.643s][info][gc,task        ] GC(1269) Using 2 workers of 2 for evacuation
[548.674s][info][gc,phases      ] GC(1269)   Pre Evacuate Collection Set: 0.35ms
[548.674s][info][gc,phases      ] GC(1269)   Merge Heap Roots: 0.15ms
[548.674s][info][gc,phases      ] GC(1269)   Evacuate Collection Set: 30.18ms
[548.674s][info][gc,phases      ] GC(1269)   Post Evacuate Collection Set: 0.37ms
[548.674s][info][gc,phases      ] GC(1269)   Other: 0.11ms
[548.674s][info][gc,heap        ] GC(1269) Eden regions: 46->0(41)
[548.674s][info][gc,heap        ] GC(1269) Survivor regions: 10->7(7)
[548.674s][info][gc,heap        ] GC(1269) Old regions: 851->865
[548.674s][info][gc,heap        ] GC(1269) Humongous regions: 11->11
[548.674s][info][gc,metaspace   ] GC(1269) Metaspace: 19013K(19136K)->19013K(19136K) NonClass: 17183K(17280K)->17183K(17280K) Class: 1829K(1856K)->1829K(1856K)
[548.674s][info][gc             ] GC(1269) Pause Young (Prepare Mixed) (G1 Evacuation Pause) 917M->882M(978M) 31.432ms
[548.674s][info][gc,cpu         ] GC(1269) User=0.06s Sys=0.00s Real=0.04s
[548.742s][info][gc,start       ] GC(1270) Pause Young (Mixed) (G1 Evacuation Pause)
[548.742s][info][gc,task        ] GC(1270) Using 2 workers of 2 for evacuation
[548.768s][info][gc,phases      ] GC(1270)   Pre Evacuate Collection Set: 0.34ms
[548.768s][info][gc,phases      ] GC(1270)   Merge Heap Roots: 0.29ms
[548.768s][info][gc,phases      ] GC(1270)   Evacuate Collection Set: 25.31ms
[548.768s][info][gc,phases      ] GC(1270)   Post Evacuate Collection Set: 0.41ms
[548.769s][info][gc,phases      ] GC(1270)   Other: 0.10ms
[548.769s][info][gc,heap        ] GC(1270) Eden regions: 41->0(43)
[548.769s][info][gc,heap        ] GC(1270) Survivor regions: 7->6(6)
[548.769s][info][gc,heap        ] GC(1270) Old regions: 865->862
[548.769s][info][gc,heap        ] GC(1270) Humongous regions: 11->11
[548.769s][info][gc,metaspace   ] GC(1270) Metaspace: 19013K(19136K)->19013K(19136K) NonClass: 17183K(17280K)->17183K(17280K) Class: 1829K(1856K)->1829K(1856K)
[548.769s][info][gc             ] GC(1270) Pause Young (Mixed) (G1 Evacuation Pause) 923M->878M(978M) 26.738ms
[548.769s][info][gc,cpu         ] GC(1270) User=0.05s Sys=0.00s Real=0.03s
[548.834s][info][gc,start       ] GC(1271) Pause Young (Concurrent Start) (G1 Evacuation Pause)
[548.835s][info][gc,task        ] GC(1271) Using 2 workers of 2 for evacuation
[548.853s][info][gc,phases      ] GC(1271)   Pre Evacuate Collection Set: 0.40ms
[548.853s][info][gc,phases      ] GC(1271)   Merge Heap Roots: 0.13ms
[548.853s][info][gc,phases      ] GC(1271)   Evacuate Collection Set: 16.97ms
[548.853s][info][gc,phases      ] GC(1271)   Post Evacuate Collection Set: 0.36ms
[548.853s][info][gc,phases      ] GC(1271)   Other: 0.27ms
[548.853s][info][gc,heap        ] GC(1271) Eden regions: 43->0(41)
[548.853s][info][gc,heap        ] GC(1271) Survivor regions: 6->7(7)
[548.853s][info][gc,heap        ] GC(1271) Old regions: 862->868
[548.853s][info][gc,heap        ] GC(1271) Humongous regions: 11->11
[548.853s][info][gc,metaspace   ] GC(1271) Metaspace: 19013K(19136K)->19013K(19136K) NonClass: 17183K(17280K)->17183K(17280K) Class: 1829K(1856K)->1829K(1856K)
[548.853s][info][gc             ] GC(1271) Pause Young (Concurrent Start) (G1 Evacuation Pause) 921M->885M(978M) 18.380ms
[548.853s][info][gc,cpu         ] GC(1271) User=0.03s Sys=0.00s Real=0.02s
[548.853s][info][gc             ] GC(1272) Concurrent Mark Cycle
[548.853s][info][gc,marking     ] GC(1272) Concurrent Scan Root Regions
[548.883s][info][gc,marking     ] GC(1272) Concurrent Scan Root Regions 30.144ms
[548.883s][info][gc,marking     ] GC(1272) Concurrent Mark
[548.883s][info][gc,marking     ] GC(1272) Concurrent Mark From Roots
[548.883s][info][gc,task        ] GC(1272) Using 1 workers of 1 for marking
[548.958s][info][gc,start       ] GC(1273) Pause Young (Normal) (G1 Evacuation Pause)
[548.958s][info][gc,task        ] GC(1273) Using 2 workers of 2 for evacuation
[548.979s][info][gc,phases      ] GC(1273)   Pre Evacuate Collection Set: 0.55ms
[548.979s][info][gc,phases      ] GC(1273)   Merge Heap Roots: 0.23ms
[548.979s][info][gc,phases      ] GC(1273)   Evacuate Collection Set: 20.41ms
[548.979s][info][gc,phases      ] GC(1273)   Post Evacuate Collection Set: 0.33ms
[548.979s][info][gc,phases      ] GC(1273)   Other: 0.08ms
[548.979s][info][gc,heap        ] GC(1273) Eden regions: 41->0(42)
[548.979s][info][gc,heap        ] GC(1273) Survivor regions: 7->6(6)
[548.979s][info][gc,heap        ] GC(1273) Old regions: 868->876
[548.979s][info][gc,heap        ] GC(1273) Humongous regions: 11->11
[548.979s][info][gc,metaspace   ] GC(1273) Metaspace: 19013K(19136K)->19013K(19136K) NonClass: 17183K(17280K)->17183K(17280K) Class: 1829K(1856K)->1829K(1856K)
[548.980s][info][gc             ] GC(1273) Pause Young (Normal) (G1 Evacuation Pause) 926M->892M(978M) 21.863ms
[548.980s][info][gc,cpu         ] GC(1273) User=0.04s Sys=0.00s Real=0.02s
[549.058s][info][gc,start       ] GC(1274) Pause Young (Normal) (G1 Evacuation Pause)
[549.059s][info][gc,task        ] GC(1274) Using 2 workers of 2 for evacuation
[549.071s][info][gc,phases      ] GC(1274)   Pre Evacuate Collection Set: 0.34ms
[549.071s][info][gc,phases      ] GC(1274)   Merge Heap Roots: 0.09ms
[549.071s][info][gc,phases      ] GC(1274)   Evacuate Collection Set: 12.05ms
[549.072s][info][gc,phases      ] GC(1274)   Post Evacuate Collection Set: 0.33ms
[549.072s][info][gc,phases      ] GC(1274)   Other: 0.08ms
[549.072s][info][gc,heap        ] GC(1274) Eden regions: 42->0(44)
[549.072s][info][gc,heap        ] GC(1274) Survivor regions: 6->4(6)
[549.072s][info][gc,heap        ] GC(1274) Old regions: 876->883
[549.072s][info][gc,heap        ] GC(1274) Humongous regions: 11->11
[549.072s][info][gc,metaspace   ] GC(1274) Metaspace: 19013K(19136K)->19013K(19136K) NonClass: 17183K(17280K)->17183K(17280K) Class: 1829K(1856K)->1829K(1856K)
[549.072s][info][gc             ] GC(1274) Pause Young (Normal) (G1 Evacuation Pause) 934M->897M(978M) 13.147ms
[549.072s][info][gc,cpu         ] GC(1274) User=0.03s Sys=0.00s Real=0.01s
[549.140s][info][gc,start       ] GC(1275) Pause Young (Normal) (G1 Evacuation Pause)
[549.140s][info][gc,task        ] GC(1275) Using 2 workers of 2 for evacuation
[549.147s][info][gc,phases      ] GC(1275)   Pre Evacuate Collection Set: 0.56ms
[549.147s][info][gc,phases      ] GC(1275)   Merge Heap Roots: 0.09ms
[549.147s][info][gc,phases      ] GC(1275)   Evacuate Collection Set: 5.66ms
[549.147s][info][gc,phases      ] GC(1275)   Post Evacuate Collection Set: 0.30ms
[549.147s][info][gc,phases      ] GC(1275)   Other: 0.08ms
[549.147s][info][gc,heap        ] GC(1275) Eden regions: 44->0(47)
[549.147s][info][gc,heap        ] GC(1275) Survivor regions: 4->1(6)
[549.147s][info][gc,heap        ] GC(1275) Old regions: 883->887
[549.147s][info][gc,heap        ] GC(1275) Humongous regions: 11->11
[549.147s][info][gc,metaspace   ] GC(1275) Metaspace: 19013K(19136K)->19013K(19136K) NonClass: 17183K(17280K)->17183K(17280K) Class: 1829K(1856K)->1829K(1856K)
[549.147s][info][gc             ] GC(1275) Pause Young (Normal) (G1 Evacuation Pause) 941M->898M(978M) 6.922ms
[549.147s][info][gc,cpu         ] GC(1275) User=0.01s Sys=0.00s Real=0.01s
[549.218s][info][gc,start       ] GC(1276) Pause Young (Normal) (G1 Evacuation Pause)
[549.218s][info][gc,task        ] GC(1276) Using 2 workers of 2 for evacuation
[549.220s][info][gc,phases      ] GC(1276)   Pre Evacuate Collection Set: 0.32ms
[549.220s][info][gc,phases      ] GC(1276)   Merge Heap Roots: 0.06ms
[549.220s][info][gc,phases      ] GC(1276)   Evacuate Collection Set: 1.63ms
[549.220s][info][gc,phases      ] GC(1276)   Post Evacuate Collection Set: 0.29ms
[549.220s][info][gc,phases      ] GC(1276)   Other: 0.08ms
[549.220s][info][gc,heap        ] GC(1276) Eden regions: 47->0(47)
[549.220s][info][gc,heap        ] GC(1276) Survivor regions: 1->1(6)
[549.220s][info][gc,heap        ] GC(1276) Old regions: 887->887
[549.220s][info][gc,heap        ] GC(1276) Humongous regions: 11->11
[549.220s][info][gc,metaspace   ] GC(1276) Metaspace: 19013K(19136K)->19013K(19136K) NonClass: 17183K(17280K)->17183K(17280K) Class: 1829K(1856K)->1829K(1856K)
[549.220s][info][gc             ] GC(1276) Pause Young (Normal) (G1 Evacuation Pause) 945M->898M(978M) 2.639ms
[549.220s][info][gc,cpu         ] GC(1276) User=0.00s Sys=0.00s Real=0.00s
[549.304s][info][gc,start       ] GC(1277) Pause Young (Normal) (G1 Evacuation Pause)
[549.304s][info][gc,task        ] GC(1277) Using 2 workers of 2 for evacuation
[549.309s][info][gc,phases      ] GC(1277)   Pre Evacuate Collection Set: 0.34ms
[549.309s][info][gc,phases      ] GC(1277)   Merge Heap Roots: 0.13ms
[549.309s][info][gc,phases      ] GC(1277)   Evacuate Collection Set: 4.26ms
[549.309s][info][gc,phases      ] GC(1277)   Post Evacuate Collection Set: 0.30ms
[549.309s][info][gc,phases      ] GC(1277)   Other: 0.08ms
[549.309s][info][gc,heap        ] GC(1277) Eden regions: 47->0(46)
[549.309s][info][gc,heap        ] GC(1277) Survivor regions: 1->2(6)
[549.309s][info][gc,heap        ] GC(1277) Old regions: 887->887
[549.309s][info][gc,heap        ] GC(1277) Humongous regions: 11->11
[549.309s][info][gc,metaspace   ] GC(1277) Metaspace: 19013K(19136K)->19013K(19136K) NonClass: 17183K(17280K)->17183K(17280K) Class: 1829K(1856K)->1829K(1856K)
[549.309s][info][gc             ] GC(1277) Pause Young (Normal) (G1 Evacuation Pause) 945M->898M(978M) 5.345ms
[549.309s][info][gc,cpu         ] GC(1277) User=0.01s Sys=0.00s Real=0.00s
[549.421s][info][gc,start       ] GC(1278) Pause Young (Normal) (G1 Evacuation Pause)
[549.421s][info][gc,task        ] GC(1278) Using 2 workers of 2 for evacuation
[549.426s][info][gc,phases      ] GC(1278)   Pre Evacuate Collection Set: 0.32ms
[549.426s][info][gc,phases      ] GC(1278)   Merge Heap Roots: 0.11ms
[549.426s][info][gc,phases      ] GC(1278)   Evacuate Collection Set: 4.24ms
[549.426s][info][gc,phases      ] GC(1278)   Post Evacuate Collection Set: 0.30ms
[549.426s][info][gc,phases      ] GC(1278)   Other: 0.10ms
[549.426s][info][gc,heap        ] GC(1278) Eden regions: 46->0(46)
[549.426s][info][gc,heap        ] GC(1278) Survivor regions: 2->2(6)
[549.426s][info][gc,heap        ] GC(1278) Old regions: 887->887
[549.426s][info][gc,heap        ] GC(1278) Humongous regions: 11->11
[549.426s][info][gc,metaspace   ] GC(1278) Metaspace: 19013K(19136K)->19013K(19136K) NonClass: 17183K(17280K)->17183K(17280K) Class: 1829K(1856K)->1829K(1856K)
[549.426s][info][gc             ] GC(1278) Pause Young (Normal) (G1 Evacuation Pause) 944M->898M(978M) 5.304ms
[549.426s][info][gc,cpu         ] GC(1278) User=0.01s Sys=0.00s Real=0.01s
[549.495s][info][gc,start       ] GC(1279) Pause Young (Normal) (G1 Evacuation Pause)
[549.495s][info][gc,task        ] GC(1279) Using 2 workers of 2 for evacuation
[549.501s][info][gc,phases      ] GC(1279)   Pre Evacuate Collection Set: 0.31ms
[549.501s][info][gc,phases      ] GC(1279)   Merge Heap Roots: 0.13ms
[549.501s][info][gc,phases      ] GC(1279)   Evacuate Collection Set: 5.48ms
[549.501s][info][gc,phases      ] GC(1279)   Post Evacuate Collection Set: 0.33ms
[549.501s][info][gc,phases      ] GC(1279)   Other: 0.08ms
[549.501s][info][gc,heap        ] GC(1279) Eden regions: 46->0(46)
[549.501s][info][gc,heap        ] GC(1279) Survivor regions: 2->2(6)
[549.501s][info][gc,heap        ] GC(1279) Old regions: 887->887
[549.501s][info][gc,heap        ] GC(1279) Humongous regions: 11->11
[549.501s][info][gc,metaspace   ] GC(1279) Metaspace: 19013K(19136K)->19013K(19136K) NonClass: 17183K(17280K)->17183K(17280K) Class: 1829K(1856K)->1829K(1856K)
[549.501s][info][gc             ] GC(1279) Pause Young (Normal) (G1 Evacuation Pause) 944M->899M(978M) 6.620ms
[549.501s][info][gc,cpu         ] GC(1279) User=0.01s Sys=0.00s Real=0.00s
[549.606s][info][gc,start       ] GC(1280) Pause Young (Normal) (G1 Evacuation Pause)
[549.606s][info][gc,task        ] GC(1280) Using 2 workers of 2 for evacuation
[549.615s][info][gc,phases      ] GC(1280)   Pre Evacuate Collection Set: 0.30ms
[549.615s][info][gc,phases      ] GC(1280)   Merge Heap Roots: 0.13ms
[549.615s][info][gc,phases      ] GC(1280)   Evacuate Collection Set: 8.29ms
[549.615s][info][gc,phases      ] GC(1280)   Post Evacuate Collection Set: 0.34ms
[549.615s][info][gc,phases      ] GC(1280)   Other: 0.10ms
[549.615s][info][gc,heap        ] GC(1280) Eden regions: 46->0(43)
[549.615s][info][gc,heap        ] GC(1280) Survivor regions: 2->5(6)
[549.615s][info][gc,heap        ] GC(1280) Old regions: 887->887
[549.615s][info][gc,heap        ] GC(1280) Humongous regions: 11->11
[549.615s][info][gc,metaspace   ] GC(1280) Metaspace: 19013K(19136K)->19013K(19136K) NonClass: 17183K(17280K)->17183K(17280K) Class: 1829K(1856K)->1829K(1856K)
[549.615s][info][gc             ] GC(1280) Pause Young (Normal) (G1 Evacuation Pause) 945M->902M(978M) 9.434ms
[549.615s][info][gc,cpu         ] GC(1280) User=0.02s Sys=0.00s Real=0.01s
[549.676s][info][gc,start       ] GC(1281) Pause Young (Normal) (G1 Evacuation Pause)
[549.676s][info][gc,task        ] GC(1281) Using 2 workers of 2 for evacuation
[549.684s][info][gc,phases      ] GC(1281)   Pre Evacuate Collection Set: 0.57ms
[549.684s][info][gc,phases      ] GC(1281)   Merge Heap Roots: 0.10ms
[549.684s][info][gc,phases      ] GC(1281)   Evacuate Collection Set: 7.19ms
[549.684s][info][gc,phases      ] GC(1281)   Post Evacuate Collection Set: 0.32ms
[549.684s][info][gc,phases      ] GC(1281)   Other: 0.12ms
[549.684s][info][gc,heap        ] GC(1281) Eden regions: 43->0(47)
[549.684s][info][gc,heap        ] GC(1281) Survivor regions: 5->1(6)
[549.684s][info][gc,heap        ] GC(1281) Old regions: 887->892
[549.684s][info][gc,heap        ] GC(1281) Humongous regions: 11->11
[549.684s][info][gc,metaspace   ] GC(1281) Metaspace: 19013K(19136K)->19013K(19136K) NonClass: 17183K(17280K)->17183K(17280K) Class: 1829K(1856K)->1829K(1856K)
[549.684s][info][gc             ] GC(1281) Pause Young (Normal) (G1 Evacuation Pause) 945M->903M(978M) 8.539ms
[549.684s][info][gc,cpu         ] GC(1281) User=0.02s Sys=0.00s Real=0.01s
[549.799s][info][gc,start       ] GC(1282) Pause Young (Normal) (G1 Evacuation Pause)
[549.799s][info][gc,task        ] GC(1282) Using 2 workers of 2 for evacuation
[549.802s][info][gc,phases      ] GC(1282)   Pre Evacuate Collection Set: 0.33ms
[549.802s][info][gc,phases      ] GC(1282)   Merge Heap Roots: 0.10ms
[549.802s][info][gc,phases      ] GC(1282)   Evacuate Collection Set: 2.20ms
[549.802s][info][gc,phases      ] GC(1282)   Post Evacuate Collection Set: 0.29ms
[549.802s][info][gc,phases      ] GC(1282)   Other: 0.11ms
[549.802s][info][gc,heap        ] GC(1282) Eden regions: 47->0(47)
[549.802s][info][gc,heap        ] GC(1282) Survivor regions: 1->1(6)
[549.802s][info][gc,heap        ] GC(1282) Old regions: 892->892
[549.802s][info][gc,heap        ] GC(1282) Humongous regions: 11->11
[549.802s][info][gc,metaspace   ] GC(1282) Metaspace: 19013K(19136K)->19013K(19136K) NonClass: 17183K(17280K)->17183K(17280K) Class: 1829K(1856K)->1829K(1856K)
[549.802s][info][gc             ] GC(1282) Pause Young (Normal) (G1 Evacuation Pause) 950M->902M(978M) 3.254ms
[549.802s][info][gc,cpu         ] GC(1282) User=0.00s Sys=0.00s Real=0.00s
[549.901s][info][gc,start       ] GC(1283) Pause Young (Normal) (G1 Evacuation Pause)
[549.902s][info][gc,task        ] GC(1283) Using 2 workers of 2 for evacuation
[549.913s][info][gc,phases      ] GC(1283)   Pre Evacuate Collection Set: 0.30ms
[549.913s][info][gc,phases      ] GC(1283)   Merge Heap Roots: 0.09ms
[549.913s][info][gc,phases      ] GC(1283)   Evacuate Collection Set: 10.13ms
[549.913s][info][gc,phases      ] GC(1283)   Post Evacuate Collection Set: 0.35ms
[549.913s][info][gc,phases      ] GC(1283)   Other: 0.13ms
[549.913s][info][gc,heap        ] GC(1283) Eden regions: 47->0(42)
[549.913s][info][gc,heap        ] GC(1283) Survivor regions: 1->6(6)
[549.913s][info][gc,heap        ] GC(1283) Old regions: 892->893
[549.913s][info][gc,heap        ] GC(1283) Humongous regions: 11->11
[549.913s][info][gc,metaspace   ] GC(1283) Metaspace: 19013K(19136K)->19013K(19136K) NonClass: 17183K(17280K)->17183K(17280K) Class: 1829K(1856K)->1829K(1856K)
[549.913s][info][gc             ] GC(1283) Pause Young (Normal) (G1 Evacuation Pause) 949M->909M(978M) 11.287ms
[549.913s][info][gc,cpu         ] GC(1283) User=0.02s Sys=0.00s Real=0.02s
[550.021s][info][gc,start       ] GC(1284) Pause Young (Normal) (G1 Evacuation Pause)
[550.022s][info][gc,task        ] GC(1284) Using 2 workers of 2 for evacuation
[550.036s][info][gc,phases      ] GC(1284)   Pre Evacuate Collection Set: 0.33ms
[550.036s][info][gc,phases      ] GC(1284)   Merge Heap Roots: 0.08ms
[550.036s][info][gc,phases      ] GC(1284)   Evacuate Collection Set: 13.80ms
[550.036s][info][gc,phases      ] GC(1284)   Post Evacuate Collection Set: 0.32ms
[550.036s][info][gc,phases      ] GC(1284)   Other: 0.14ms
[550.036s][info][gc,heap        ] GC(1284) Eden regions: 42->0(42)
[550.036s][info][gc,heap        ] GC(1284) Survivor regions: 6->6(6)
[550.036s][info][gc,heap        ] GC(1284) Old regions: 893->900
[550.036s][info][gc,heap        ] GC(1284) Humongous regions: 11->11
[550.036s][info][gc,metaspace   ] GC(1284) Metaspace: 19013K(19136K)->19013K(19136K) NonClass: 17183K(17280K)->17183K(17280K) Class: 1829K(1856K)->1829K(1856K)
[550.036s][info][gc             ] GC(1284) Pause Young (Normal) (G1 Evacuation Pause) 951M->915M(978M) 14.936ms
[550.036s][info][gc,cpu         ] GC(1284) User=0.03s Sys=0.00s Real=0.02s
[550.086s][info][gc,start       ] GC(1285) Pause Young (Normal) (G1 Evacuation Pause)
[550.086s][info][gc,task        ] GC(1285) Using 2 workers of 2 for evacuation
[550.104s][info][gc,phases      ] GC(1285)   Pre Evacuate Collection Set: 0.55ms
[550.105s][info][gc,phases      ] GC(1285)   Merge Heap Roots: 0.10ms
[550.105s][info][gc,phases      ] GC(1285)   Evacuate Collection Set: 17.37ms
[550.105s][info][gc,phases      ] GC(1285)   Post Evacuate Collection Set: 0.34ms
[550.105s][info][gc,phases      ] GC(1285)   Other: 0.09ms
[550.105s][info][gc,heap        ] GC(1285) Eden regions: 42->0(42)
[550.105s][info][gc,heap        ] GC(1285) Survivor regions: 6->6(6)
[550.105s][info][gc,heap        ] GC(1285) Old regions: 900->908
[550.105s][info][gc,heap        ] GC(1285) Humongous regions: 11->11
[550.105s][info][gc,metaspace   ] GC(1285) Metaspace: 19013K(19136K)->19013K(19136K) NonClass: 17183K(17280K)->17183K(17280K) Class: 1829K(1856K)->1829K(1856K)
[550.105s][info][gc             ] GC(1285) Pause Young (Normal) (G1 Evacuation Pause) 957M->924M(978M) 18.704ms
[550.105s][info][gc,cpu         ] GC(1285) User=0.03s Sys=0.00s Real=0.02s
[550.106s][info][gc,marking     ] GC(1272) Concurrent Mark From Roots 1223.102ms
[550.106s][info][gc,marking     ] GC(1272) Concurrent Preclean
[550.106s][info][gc,marking     ] GC(1272) Concurrent Preclean 0.058ms
[550.111s][info][gc,start       ] GC(1272) Pause Remark
[550.120s][info][gc             ] GC(1272) Pause Remark 927M->473M(978M) 9.128ms
[550.120s][info][gc,cpu         ] GC(1272) User=0.02s Sys=0.00s Real=0.01s
[550.121s][info][gc,marking     ] GC(1272) Concurrent Mark 1237.852ms
[550.121s][info][gc,marking     ] GC(1272) Concurrent Rebuild Remembered Sets and Scrub Regions
[550.271s][info][gc,start       ] GC(1286) Pause Young (Normal) (G1 Evacuation Pause)
[550.271s][info][gc,task        ] GC(1286) Using 2 workers of 2 for evacuation
[550.283s][info][gc,phases      ] GC(1286)   Pre Evacuate Collection Set: 0.32ms
[550.283s][info][gc,phases      ] GC(1286)   Merge Heap Roots: 0.15ms
[550.283s][info][gc,phases      ] GC(1286)   Evacuate Collection Set: 11.04ms
[550.283s][info][gc,phases      ] GC(1286)   Post Evacuate Collection Set: 0.34ms
[550.283s][info][gc,phases      ] GC(1286)   Other: 0.12ms
[550.283s][info][gc,heap        ] GC(1286) Eden regions: 42->0(363)
[550.283s][info][gc,heap        ] GC(1286) Survivor regions: 6->2(6)
[550.283s][info][gc,heap        ] GC(1286) Old regions: 461->468
[550.283s][info][gc,heap        ] GC(1286) Humongous regions: 4->4
[550.283s][info][gc,metaspace   ] GC(1286) Metaspace: 19013K(19136K)->19013K(19136K) NonClass: 17183K(17280K)->17183K(17280K) Class: 1829K(1856K)->1829K(1856K)
[550.283s][info][gc             ] GC(1286) Pause Young (Normal) (G1 Evacuation Pause) 512M->472M(978M) 12.257ms
[550.283s][info][gc,cpu         ] GC(1286) User=0.02s Sys=0.00s Real=0.02s
[550.478s][info][gc,marking     ] GC(1272) Concurrent Rebuild Remembered Sets and Scrub Regions 356.746ms
[550.478s][info][gc,start       ] GC(1272) Pause Cleanup
[550.478s][info][gc             ] GC(1272) Pause Cleanup 507M->507M(978M) 0.193ms
[550.478s][info][gc,cpu         ] GC(1272) User=0.00s Sys=0.00s Real=0.00s
[550.481s][info][gc,marking     ] GC(1272) Concurrent Clear Claimed Marks
[550.481s][info][gc,marking     ] GC(1272) Concurrent Clear Claimed Marks 0.062ms
[550.481s][info][gc,marking     ] GC(1272) Concurrent Cleanup for Next Mark
[550.484s][info][gc,marking     ] GC(1272) Concurrent Cleanup for Next Mark 3.026ms
[550.484s][info][gc             ] GC(1272) Concurrent Mark Cycle 1630.971ms
[551.372s][info][gc,start       ] GC(1287) Pause Young (Prepare Mixed) (G1 Evacuation Pause)
[551.372s][info][gc,task        ] GC(1287) Using 2 workers of 2 for evacuation
[551.391s][info][gc,phases      ] GC(1287)   Pre Evacuate Collection Set: 0.33ms
[551.391s][info][gc,phases      ] GC(1287)   Merge Heap Roots: 0.43ms
[551.391s][info][gc,phases      ] GC(1287)   Evacuate Collection Set: 17.91ms
[551.391s][info][gc,phases      ] GC(1287)   Post Evacuate Collection Set: 0.63ms
[551.391s][info][gc,phases      ] GC(1287)   Other: 0.11ms
[551.391s][info][gc,heap        ] GC(1287) Eden regions: 363->0(382)
[551.391s][info][gc,heap        ] GC(1287) Survivor regions: 2->6(46)
[551.391s][info][gc,heap        ] GC(1287) Old regions: 468->468
[551.391s][info][gc,heap        ] GC(1287) Humongous regions: 4->4
[551.391s][info][gc,metaspace   ] GC(1287) Metaspace: 19013K(19136K)->19013K(19136K) NonClass: 17183K(17280K)->17183K(17280K) Class: 1829K(1856K)->1829K(1856K)
[551.391s][info][gc             ] GC(1287) Pause Young (Prepare Mixed) (G1 Evacuation Pause) 835M->477M(978M) 19.688ms
[551.391s][info][gc,cpu         ] GC(1287) User=0.04s Sys=0.00s Real=0.02s
[551.838s][info][gc,start       ] GC(1288) Pause Young (Mixed) (G1 Evacuation Pause)
[551.838s][info][gc,task        ] GC(1288) Using 2 workers of 2 for evacuation
[551.951s][info][gc,phases      ] GC(1288)   Pre Evacuate Collection Set: 0.35ms
[551.951s][info][gc,phases      ] GC(1288)   Merge Heap Roots: 0.68ms
[551.951s][info][gc,phases      ] GC(1288)   Evacuate Collection Set: 110.45ms
[551.951s][info][gc,phases      ] GC(1288)   Post Evacuate Collection Set: 1.19ms
[551.951s][info][gc,phases      ] GC(1288)   Other: 0.11ms
[551.951s][info][gc,heap        ] GC(1288) Eden regions: 382->0(365)
[551.951s][info][gc,heap        ] GC(1288) Survivor regions: 6->49(49)
[551.951s][info][gc,heap        ] GC(1288) Old regions: 468->408
[551.951s][info][gc,heap        ] GC(1288) Humongous regions: 4->4
[551.951s][info][gc,metaspace   ] GC(1288) Metaspace: 19013K(19136K)->19013K(19136K) NonClass: 17183K(17280K)->17183K(17280K) Class: 1829K(1856K)->1829K(1856K)
[551.951s][info][gc             ] GC(1288) Pause Young (Mixed) (G1 Evacuation Pause) 859M->460M(978M) 113.050ms
[551.951s][info][gc,cpu         ] GC(1288) User=0.23s Sys=0.00s Real=0.11s
[552.032s][info][gc,start       ] GC(1289) Pause Young (Concurrent Start) (G1 Humongous Allocation)
[552.032s][info][gc,task        ] GC(1289) Using 2 workers of 2 for evacuation
[552.104s][info][gc,phases      ] GC(1289)   Pre Evacuate Collection Set: 0.32ms
[552.104s][info][gc,phases      ] GC(1289)   Merge Heap Roots: 0.51ms
[552.104s][info][gc,phases      ] GC(1289)   Evacuate Collection Set: 70.30ms
[552.104s][info][gc,phases      ] GC(1289)   Post Evacuate Collection Set: 0.52ms
[552.104s][info][gc,phases      ] GC(1289)   Other: 0.12ms
[552.104s][info][gc,heap        ] GC(1289) Eden regions: 41->0(381)
[552.104s][info][gc,heap        ] GC(1289) Survivor regions: 49->6(52)
[552.104s][info][gc,heap        ] GC(1289) Old regions: 408->458
[552.104s][info][gc,heap        ] GC(1289) Humongous regions: 4->4
[552.104s][info][gc,metaspace   ] GC(1289) Metaspace: 19013K(19136K)->19013K(19136K) NonClass: 17183K(17280K)->17183K(17280K) Class: 1829K(1856K)->1829K(1856K)
[552.104s][info][gc             ] GC(1289) Pause Young (Concurrent Start) (G1 Humongous Allocation) 501M->467M(978M) 72.093ms
[552.104s][info][gc,cpu         ] GC(1289) User=0.14s Sys=0.00s Real=0.08s
[552.104s][info][gc             ] GC(1290) Concurrent Mark Cycle
[552.104s][info][gc,marking     ] GC(1290) Concurrent Scan Root Regions
[552.186s][info][gc,marking     ] GC(1290) Concurrent Scan Root Regions 81.993ms
[552.186s][info][gc,marking     ] GC(1290) Concurrent Mark
[552.186s][info][gc,marking     ] GC(1290) Concurrent Mark From Roots
[552.186s][info][gc,task        ] GC(1290) Using 1 workers of 1 for marking
[552.947s][info][gc,start       ] GC(1291) Pause Young (Normal) (G1 Evacuation Pause)
[552.947s][info][gc,task        ] GC(1291) Using 2 workers of 2 for evacuation
[553.048s][info][gc,phases      ] GC(1291)   Pre Evacuate Collection Set: 0.36ms
[553.048s][info][gc,phases      ] GC(1291)   Merge Heap Roots: 0.70ms
[553.048s][info][gc,phases      ] GC(1291)   Evacuate Collection Set: 98.63ms
[553.048s][info][gc,phases      ] GC(1291)   Post Evacuate Collection Set: 0.76ms
[553.048s][info][gc,phases      ] GC(1291)   Other: 0.09ms
[553.048s][info][gc,heap        ] GC(1291) Eden regions: 381->0(333)
[553.048s][info][gc,heap        ] GC(1291) Survivor regions: 6->49(49)
[553.048s][info][gc,heap        ] GC(1291) Old regions: 458->468
[553.048s][info][gc,heap        ] GC(1291) Humongous regions: 7->7
[553.048s][info][gc,metaspace   ] GC(1291) Metaspace: 19013K(19136K)->19013K(19136K) NonClass: 17183K(17280K)->17183K(17280K) Class: 1829K(1856K)->1829K(1856K)
[553.048s][info][gc             ] GC(1291) Pause Young (Normal) (G1 Evacuation Pause) 851M->523M(978M) 100.824ms
[553.048s][info][gc,cpu         ] GC(1291) User=0.20s Sys=0.00s Real=0.10s
[553.553s][info][gc,marking     ] GC(1290) Concurrent Mark From Roots 1366.747ms
[553.553s][info][gc,marking     ] GC(1290) Concurrent Preclean
[553.553s][info][gc,marking     ] GC(1290) Concurrent Preclean 0.061ms
[553.553s][info][gc,start       ] GC(1290) Pause Remark
[553.563s][info][gc             ] GC(1290) Pause Remark 844M->837M(978M) 9.410ms
[553.563s][info][gc,cpu         ] GC(1290) User=0.02s Sys=0.00s Real=0.01s
[553.563s][info][gc,marking     ] GC(1290) Concurrent Mark 1376.989ms
[553.563s][info][gc,marking     ] GC(1290) Concurrent Rebuild Remembered Sets and Scrub Regions
[553.584s][info][gc,start       ] GC(1292) Pause Young (Normal) (G1 Evacuation Pause)
[553.584s][info][gc,task        ] GC(1292) Using 2 workers of 2 for evacuation
[553.675s][info][gc,phases      ] GC(1292)   Pre Evacuate Collection Set: 0.33ms
[553.675s][info][gc,phases      ] GC(1292)   Merge Heap Roots: 0.33ms
[553.675s][info][gc,phases      ] GC(1292)   Evacuate Collection Set: 89.25ms
[553.675s][info][gc,phases      ] GC(1292)   Post Evacuate Collection Set: 0.71ms
[553.675s][info][gc,phases      ] GC(1292)   Other: 0.12ms
[553.675s][info][gc,heap        ] GC(1292) Eden regions: 333->0(337)
[553.675s][info][gc,heap        ] GC(1292) Survivor regions: 49->16(48)
[553.675s][info][gc,heap        ] GC(1292) Old regions: 461->510
[553.675s][info][gc,heap        ] GC(1292) Humongous regions: 7->7
[553.675s][info][gc,metaspace   ] GC(1292) Metaspace: 19013K(19136K)->19013K(19136K) NonClass: 17183K(17280K)->17183K(17280K) Class: 1829K(1856K)->1829K(1856K)
[553.675s][info][gc             ] GC(1292) Pause Young (Normal) (G1 Evacuation Pause) 849M->532M(978M) 91.083ms
[553.675s][info][gc,cpu         ] GC(1292) User=0.18s Sys=0.00s Real=0.09s
[554.083s][info][gc,start       ] GC(1293) Pause Young (Normal) (G1 Evacuation Pause)
[554.083s][info][gc,task        ] GC(1293) Using 2 workers of 2 for evacuation
[554.170s][info][gc,phases      ] GC(1293)   Pre Evacuate Collection Set: 0.34ms
[554.170s][info][gc,phases      ] GC(1293)   Merge Heap Roots: 0.29ms
[554.170s][info][gc,phases      ] GC(1293)   Evacuate Collection Set: 85.70ms
[554.170s][info][gc,phases      ] GC(1293)   Post Evacuate Collection Set: 0.89ms
[554.171s][info][gc,phases      ] GC(1293)   Other: 0.12ms
[554.171s][info][gc,heap        ] GC(1293) Eden regions: 337->0(279)
[554.171s][info][gc,heap        ] GC(1293) Survivor regions: 16->45(45)
[554.171s][info][gc,heap        ] GC(1293) Old regions: 510->539
[554.171s][info][gc,heap        ] GC(1293) Humongous regions: 7->7
[554.171s][info][gc,metaspace   ] GC(1293) Metaspace: 19013K(19136K)->19013K(19136K) NonClass: 17183K(17280K)->17183K(17280K) Class: 1829K(1856K)->1829K(1856K)
[554.171s][info][gc             ] GC(1293) Pause Young (Normal) (G1 Evacuation Pause) 869M->590M(978M) 87.686ms
[554.171s][info][gc,cpu         ] GC(1293) User=0.17s Sys=0.00s Real=0.08s
[554.314s][info][gc,marking     ] GC(1290) Concurrent Rebuild Remembered Sets and Scrub Regions 750.728ms
[554.314s][info][gc,start       ] GC(1290) Pause Cleanup
[554.314s][info][gc             ] GC(1290) Pause Cleanup 694M->694M(978M) 0.149ms
[554.314s][info][gc,cpu         ] GC(1290) User=0.00s Sys=0.00s Real=0.00s
[554.314s][info][gc,marking     ] GC(1290) Concurrent Clear Claimed Marks
[554.314s][info][gc,marking     ] GC(1290) Concurrent Clear Claimed Marks 0.043ms
[554.314s][info][gc,marking     ] GC(1290) Concurrent Cleanup for Next Mark
[554.321s][info][gc,marking     ] GC(1290) Concurrent Cleanup for Next Mark 7.032ms
[554.321s][info][gc             ] GC(1290) Concurrent Mark Cycle 2217.480ms
[554.579s][info][gc,start       ] GC(1294) Pause Young (Prepare Mixed) (G1 Evacuation Pause)
[554.579s][info][gc,task        ] GC(1294) Using 2 workers of 2 for evacuation
[554.679s][info][gc,phases      ] GC(1294)   Pre Evacuate Collection Set: 0.56ms
[554.679s][info][gc,phases      ] GC(1294)   Merge Heap Roots: 0.50ms
[554.679s][info][gc,phases      ] GC(1294)   Evacuate Collection Set: 97.96ms
[554.679s][info][gc,phases      ] GC(1294)   Post Evacuate Collection Set: 0.69ms
[554.679s][info][gc,phases      ] GC(1294)   Other: 0.10ms
[554.679s][info][gc,heap        ] GC(1294) Eden regions: 279->0(262)
[554.679s][info][gc,heap        ] GC(1294) Survivor regions: 45->27(41)
[554.679s][info][gc,heap        ] GC(1294) Old regions: 539->584
[554.679s][info][gc,heap        ] GC(1294) Humongous regions: 8->8
[554.679s][info][gc,metaspace   ] GC(1294) Metaspace: 19013K(19136K)->19013K(19136K) NonClass: 17183K(17280K)->17183K(17280K) Class: 1829K(1856K)->1829K(1856K)
[554.679s][info][gc             ] GC(1294) Pause Young (Prepare Mixed) (G1 Evacuation Pause) 870M->618M(978M) 100.060ms
[554.679s][info][gc,cpu         ] GC(1294) User=0.20s Sys=0.00s Real=0.10s
[555.194s][info][gc,start       ] GC(1295) Pause Young (Mixed) (G1 Evacuation Pause)
[555.194s][info][gc,task        ] GC(1295) Using 2 workers of 2 for evacuation
[555.251s][info][gc,phases      ] GC(1295)   Pre Evacuate Collection Set: 0.58ms
[555.251s][info][gc,phases      ] GC(1295)   Merge Heap Roots: 0.35ms
[555.251s][info][gc,phases      ] GC(1295)   Evacuate Collection Set: 55.03ms
[555.251s][info][gc,phases      ] GC(1295)   Post Evacuate Collection Set: 0.61ms
[555.251s][info][gc,phases      ] GC(1295)   Other: 0.10ms
[555.251s][info][gc,heap        ] GC(1295) Eden regions: 262->0(273)
[555.251s][info][gc,heap        ] GC(1295) Survivor regions: 27->10(37)
[555.251s][info][gc,heap        ] GC(1295) Old regions: 584->598
[555.251s][info][gc,heap        ] GC(1295) Humongous regions: 8->8
[555.251s][info][gc,metaspace   ] GC(1295) Metaspace: 19013K(19136K)->19013K(19136K) NonClass: 17183K(17280K)->17183K(17280K) Class: 1829K(1856K)->1829K(1856K)
[555.251s][info][gc             ] GC(1295) Pause Young (Mixed) (G1 Evacuation Pause) 880M->615M(978M) 56.972ms
[555.251s][info][gc,cpu         ] GC(1295) User=0.11s Sys=0.00s Real=0.05s
[555.843s][info][gc,start       ] GC(1296) Pause Young (Concurrent Start) (G1 Evacuation Pause)
[555.843s][info][gc,task        ] GC(1296) Using 2 workers of 2 for evacuation
[555.883s][info][gc,phases      ] GC(1296)   Pre Evacuate Collection Set: 0.33ms
[555.884s][info][gc,phases      ] GC(1296)   Merge Heap Roots: 0.37ms
[555.884s][info][gc,phases      ] GC(1296)   Evacuate Collection Set: 39.35ms
[555.884s][info][gc,phases      ] GC(1296)   Post Evacuate Collection Set: 0.60ms
[555.884s][info][gc,phases      ] GC(1296)   Other: 0.12ms
[555.884s][info][gc,heap        ] GC(1296) Eden regions: 273->0(265)
[555.884s][info][gc,heap        ] GC(1296) Survivor regions: 10->27(36)
[555.884s][info][gc,heap        ] GC(1296) Old regions: 598->598
[555.884s][info][gc,heap        ] GC(1296) Humongous regions: 8->8
[555.884s][info][gc,metaspace   ] GC(1296) Metaspace: 19013K(19136K)->19013K(19136K) NonClass: 17183K(17280K)->17183K(17280K) Class: 1829K(1856K)->1829K(1856K)
[555.884s][info][gc             ] GC(1296) Pause Young (Concurrent Start) (G1 Evacuation Pause) 888M->631M(978M) 41.052ms
[555.884s][info][gc,cpu         ] GC(1296) User=0.08s Sys=0.00s Real=0.04s
[555.884s][info][gc             ] GC(1297) Concurrent Mark Cycle
[555.886s][info][gc,marking     ] GC(1297) Concurrent Scan Root Regions
[555.931s][info][gc,marking     ] GC(1297) Concurrent Scan Root Regions 45.221ms
[555.931s][info][gc,marking     ] GC(1297) Concurrent Mark
[555.931s][info][gc,marking     ] GC(1297) Concurrent Mark From Roots
[555.931s][info][gc,task        ] GC(1297) Using 1 workers of 1 for marking
[556.508s][info][gc,start       ] GC(1298) Pause Young (Normal) (G1 Evacuation Pause)
[556.508s][info][gc,task        ] GC(1298) Using 2 workers of 2 for evacuation
[556.594s][info][gc,phases      ] GC(1298)   Pre Evacuate Collection Set: 0.31ms
[556.594s][info][gc,phases      ] GC(1298)   Merge Heap Roots: 0.54ms
[556.594s][info][gc,phases      ] GC(1298)   Evacuate Collection Set: 84.23ms
[556.594s][info][gc,phases      ] GC(1298)   Post Evacuate Collection Set: 0.73ms
[556.594s][info][gc,phases      ] GC(1298)   Other: 0.11ms
[556.594s][info][gc,heap        ] GC(1298) Eden regions: 265->0(223)
[556.594s][info][gc,heap        ] GC(1298) Survivor regions: 27->37(37)
[556.594s][info][gc,heap        ] GC(1298) Old regions: 598->623
[556.594s][info][gc,heap        ] GC(1298) Humongous regions: 8->8
[556.594s][info][gc,metaspace   ] GC(1298) Metaspace: 19013K(19136K)->19013K(19136K) NonClass: 17183K(17280K)->17183K(17280K) Class: 1829K(1856K)->1829K(1856K)
[556.594s][info][gc             ] GC(1298) Pause Young (Normal) (G1 Evacuation Pause) 896M->667M(978M) 86.207ms
[556.594s][info][gc,cpu         ] GC(1298) User=0.17s Sys=0.00s Real=0.09s
[556.833s][info][gc,marking     ] GC(1297) Concurrent Mark From Roots 902.395ms
[556.833s][info][gc,marking     ] GC(1297) Concurrent Preclean
[556.833s][info][gc,marking     ] GC(1297) Concurrent Preclean 0.054ms
[556.834s][info][gc,start       ] GC(1297) Pause Remark
[557.003s][info][gc             ] GC(1297) Pause Remark 800M->695M(978M) 169.200ms
[557.003s][info][gc,cpu         ] GC(1297) User=0.34s Sys=0.00s Real=0.17s
[557.005s][info][gc,marking     ] GC(1297) Concurrent Mark 1073.673ms
[557.005s][info][gc,marking     ] GC(1297) Concurrent Rebuild Remembered Sets and Scrub Regions
[557.306s][info][gc,start       ] GC(1299) Pause Young (Normal) (G1 Evacuation Pause)
[557.306s][info][gc,task        ] GC(1299) Using 2 workers of 2 for evacuation
[557.407s][info][gc,phases      ] GC(1299)   Pre Evacuate Collection Set: 0.54ms
[557.407s][info][gc,phases      ] GC(1299)   Merge Heap Roots: 0.38ms
[557.407s][info][gc,phases      ] GC(1299)   Evacuate Collection Set: 98.79ms
[557.407s][info][gc,phases      ] GC(1299)   Post Evacuate Collection Set: 0.73ms
[557.407s][info][gc,phases      ] GC(1299)   Other: 0.09ms
[557.407s][info][gc,heap        ] GC(1299) Eden regions: 223->0(242)
[557.407s][info][gc,heap        ] GC(1299) Survivor regions: 37->33(33)
[557.407s][info][gc,heap        ] GC(1299) Old regions: 521->582
[557.407s][info][gc,heap        ] GC(1299) Humongous regions: 5->5
[557.407s][info][gc,metaspace   ] GC(1299) Metaspace: 19013K(19136K)->19013K(19136K) NonClass: 17183K(17280K)->17183K(17280K) Class: 1829K(1856K)->1829K(1856K)
[557.407s][info][gc             ] GC(1299) Pause Young (Normal) (G1 Evacuation Pause) 785M->619M(978M) 100.811ms
[557.407s][info][gc,cpu         ] GC(1299) User=0.20s Sys=0.00s Real=0.10s
[557.541s][info][gc,marking     ] GC(1297) Concurrent Rebuild Remembered Sets and Scrub Regions 536.372ms
[557.541s][info][gc,start       ] GC(1297) Pause Cleanup
[557.541s][info][gc             ] GC(1297) Pause Cleanup 762M->762M(978M) 0.168ms
[557.541s][info][gc,cpu         ] GC(1297) User=0.00s Sys=0.00s Real=0.00s
[557.541s][info][gc,marking     ] GC(1297) Concurrent Clear Claimed Marks
[557.542s][info][gc,marking     ] GC(1297) Concurrent Clear Claimed Marks 0.035ms
[557.542s][info][gc,marking     ] GC(1297) Concurrent Cleanup for Next Mark
[557.544s][info][gc,marking     ] GC(1297) Concurrent Cleanup for Next Mark 2.965ms
[557.545s][info][gc             ] GC(1297) Concurrent Mark Cycle 1660.819ms
[557.623s][info][gc,start       ] GC(1300) Pause Young (Prepare Mixed) (G1 Evacuation Pause)
[557.623s][info][gc,task        ] GC(1300) Using 2 workers of 2 for evacuation
[557.738s][info][gc,phases      ] GC(1300)   Pre Evacuate Collection Set: 0.35ms
[557.738s][info][gc,phases      ] GC(1300)   Merge Heap Roots: 0.42ms
[557.738s][info][gc,phases      ] GC(1300)   Evacuate Collection Set: 113.13ms
[557.738s][info][gc,phases      ] GC(1300)   Post Evacuate Collection Set: 0.88ms
[557.738s][info][gc,phases      ] GC(1300)   Other: 0.10ms
[557.738s][info][gc,heap        ] GC(1300) Eden regions: 242->0(176)
[557.738s][info][gc,heap        ] GC(1300) Survivor regions: 33->35(35)
[557.738s][info][gc,heap        ] GC(1300) Old regions: 582->650
[557.738s][info][gc,heap        ] GC(1300) Humongous regions: 6->6
[557.738s][info][gc,metaspace   ] GC(1300) Metaspace: 19013K(19136K)->19013K(19136K) NonClass: 17183K(17280K)->17183K(17280K) Class: 1829K(1856K)->1829K(1856K)
[557.738s][info][gc             ] GC(1300) Pause Young (Prepare Mixed) (G1 Evacuation Pause) 862M->690M(978M) 115.156ms
[557.738s][info][gc,cpu         ] GC(1300) User=0.23s Sys=0.00s Real=0.11s
[557.956s][info][gc,start       ] GC(1301) Pause Young (Mixed) (G1 Evacuation Pause)
[557.956s][info][gc,task        ] GC(1301) Using 2 workers of 2 for evacuation
[558.085s][info][gc,phases      ] GC(1301)   Pre Evacuate Collection Set: 0.61ms
[558.085s][info][gc,phases      ] GC(1301)   Merge Heap Roots: 1.36ms
[558.085s][info][gc,phases      ] GC(1301)   Evacuate Collection Set: 126.31ms
[558.085s][info][gc,phases      ] GC(1301)   Post Evacuate Collection Set: 0.64ms
[558.085s][info][gc,phases      ] GC(1301)   Other: 0.10ms
[558.085s][info][gc,heap        ] GC(1301) Eden regions: 176->0(175)
[558.085s][info][gc,heap        ] GC(1301) Survivor regions: 35->27(27)
[558.085s][info][gc,heap        ] GC(1301) Old regions: 650->647
[558.085s][info][gc,heap        ] GC(1301) Humongous regions: 8->8
[558.085s][info][gc,metaspace   ] GC(1301) Metaspace: 19013K(19136K)->19013K(19136K) NonClass: 17183K(17280K)->17183K(17280K) Class: 1829K(1856K)->1829K(1856K)
[558.085s][info][gc             ] GC(1301) Pause Young (Mixed) (G1 Evacuation Pause) 868M->681M(978M) 129.318ms
[558.085s][info][gc,cpu         ] GC(1301) User=0.25s Sys=0.00s Real=0.13s
[558.228s][info][gc,start       ] GC(1302) Pause Young (Concurrent Start) (G1 Evacuation Pause)
[558.228s][info][gc,task        ] GC(1302) Using 2 workers of 2 for evacuation
[558.292s][info][gc,phases      ] GC(1302)   Pre Evacuate Collection Set: 0.39ms
[558.293s][info][gc,phases      ] GC(1302)   Merge Heap Roots: 0.47ms
[558.293s][info][gc,phases      ] GC(1302)   Evacuate Collection Set: 63.13ms
[558.293s][info][gc,phases      ] GC(1302)   Post Evacuate Collection Set: 0.58ms
[558.293s][info][gc,phases      ] GC(1302)   Other: 0.22ms
[558.293s][info][gc,heap        ] GC(1302) Eden regions: 175->0(173)
[558.293s][info][gc,heap        ] GC(1302) Survivor regions: 27->18(26)
[558.293s][info][gc,heap        ] GC(1302) Old regions: 647->675
[558.293s][info][gc,heap        ] GC(1302) Humongous regions: 8->8
[558.293s][info][gc,metaspace   ] GC(1302) Metaspace: 19013K(19136K)->19013K(19136K) NonClass: 17183K(17280K)->17183K(17280K) Class: 1829K(1856K)->1829K(1856K)
[558.293s][info][gc             ] GC(1302) Pause Young (Concurrent Start) (G1 Evacuation Pause) 856M->700M(978M) 65.086ms
[558.293s][info][gc,cpu         ] GC(1302) User=0.13s Sys=0.00s Real=0.07s
[558.293s][info][gc             ] GC(1303) Concurrent Mark Cycle
[558.297s][info][gc,marking     ] GC(1303) Concurrent Scan Root Regions
[558.380s][info][gc,marking     ] GC(1303) Concurrent Scan Root Regions 83.588ms
[558.380s][info][gc,marking     ] GC(1303) Concurrent Mark
[558.380s][info][gc,marking     ] GC(1303) Concurrent Mark From Roots
[558.380s][info][gc,task        ] GC(1303) Using 1 workers of 1 for marking
[558.520s][info][gc,start       ] GC(1304) Pause Young (Normal) (G1 Evacuation Pause)
[558.520s][info][gc,task        ] GC(1304) Using 2 workers of 2 for evacuation
[558.600s][info][gc,phases      ] GC(1304)   Pre Evacuate Collection Set: 0.32ms
[558.600s][info][gc,phases      ] GC(1304)   Merge Heap Roots: 0.44ms
[558.600s][info][gc,phases      ] GC(1304)   Evacuate Collection Set: 78.97ms
[558.600s][info][gc,phases      ] GC(1304)   Post Evacuate Collection Set: 0.45ms
[558.600s][info][gc,phases      ] GC(1304)   Other: 0.08ms
[558.600s][info][gc,heap        ] GC(1304) Eden regions: 173->0(151)
[558.600s][info][gc,heap        ] GC(1304) Survivor regions: 18->24(24)
[558.600s][info][gc,heap        ] GC(1304) Old regions: 675->701
[558.600s][info][gc,heap        ] GC(1304) Humongous regions: 11->11
[558.600s][info][gc,metaspace   ] GC(1304) Metaspace: 19013K(19136K)->19013K(19136K) NonClass: 17183K(17280K)->17183K(17280K) Class: 1829K(1856K)->1829K(1856K)
[558.600s][info][gc             ] GC(1304) Pause Young (Normal) (G1 Evacuation Pause) 876M->735M(978M) 80.545ms
[558.600s][info][gc,cpu         ] GC(1304) User=0.15s Sys=0.00s Real=0.08s
[558.786s][info][gc,start       ] GC(1305) Pause Young (Normal) (G1 Evacuation Pause)
[558.786s][info][gc,task        ] GC(1305) Using 2 workers of 2 for evacuation
[558.843s][info][gc,phases      ] GC(1305)   Pre Evacuate Collection Set: 0.57ms
[558.843s][info][gc,phases      ] GC(1305)   Merge Heap Roots: 0.25ms
[558.843s][info][gc,phases      ] GC(1305)   Evacuate Collection Set: 55.71ms
[558.843s][info][gc,phases      ] GC(1305)   Post Evacuate Collection Set: 0.49ms
[558.843s][info][gc,phases      ] GC(1305)   Other: 0.10ms
[558.843s][info][gc,heap        ] GC(1305) Eden regions: 151->0(149)
[558.843s][info][gc,heap        ] GC(1305) Survivor regions: 24->15(22)
[558.843s][info][gc,heap        ] GC(1305) Old regions: 701->725
[558.843s][info][gc,heap        ] GC(1305) Humongous regions: 11->11
[558.843s][info][gc,metaspace   ] GC(1305) Metaspace: 19013K(19136K)->19013K(19136K) NonClass: 17183K(17280K)->17183K(17280K) Class: 1829K(1856K)->1829K(1856K)
[558.843s][info][gc             ] GC(1305) Pause Young (Normal) (G1 Evacuation Pause) 886M->750M(978M) 57.360ms
[558.843s][info][gc,cpu         ] GC(1305) User=0.11s Sys=0.00s Real=0.06s
[559.034s][info][gc,start       ] GC(1306) Pause Young (Normal) (G1 Evacuation Pause)
[559.034s][info][gc,task        ] GC(1306) Using 2 workers of 2 for evacuation
[559.082s][info][gc,phases      ] GC(1306)   Pre Evacuate Collection Set: 0.61ms
[559.082s][info][gc,phases      ] GC(1306)   Merge Heap Roots: 0.33ms
[559.082s][info][gc,phases      ] GC(1306)   Evacuate Collection Set: 45.96ms
[559.082s][info][gc,phases      ] GC(1306)   Post Evacuate Collection Set: 0.49ms
[559.082s][info][gc,phases      ] GC(1306)   Other: 0.14ms
[559.082s][info][gc,heap        ] GC(1306) Eden regions: 149->0(142)
[559.082s][info][gc,heap        ] GC(1306) Survivor regions: 15->17(21)
[559.082s][info][gc,heap        ] GC(1306) Old regions: 725->740
[559.082s][info][gc,heap        ] GC(1306) Humongous regions: 11->11
[559.082s][info][gc,metaspace   ] GC(1306) Metaspace: 19013K(19136K)->19013K(19136K) NonClass: 17183K(17280K)->17183K(17280K) Class: 1829K(1856K)->1829K(1856K)
[559.082s][info][gc             ] GC(1306) Pause Young (Normal) (G1 Evacuation Pause) 899M->767M(978M) 47.872ms
[559.082s][info][gc,cpu         ] GC(1306) User=0.09s Sys=0.00s Real=0.04s
[559.228s][info][gc,start       ] GC(1307) Pause Young (Normal) (G1 Evacuation Pause)
[559.229s][info][gc,task        ] GC(1307) Using 2 workers of 2 for evacuation
[559.252s][info][gc,phases      ] GC(1307)   Pre Evacuate Collection Set: 0.38ms
[559.252s][info][gc,phases      ] GC(1307)   Merge Heap Roots: 0.20ms
[559.252s][info][gc,phases      ] GC(1307)   Evacuate Collection Set: 22.27ms
[559.252s][info][gc,phases      ] GC(1307)   Post Evacuate Collection Set: 0.42ms
[559.252s][info][gc,phases      ] GC(1307)   Other: 0.12ms
[559.252s][info][gc,heap        ] GC(1307) Eden regions: 142->0(149)
[559.252s][info][gc,heap        ] GC(1307) Survivor regions: 17->1(20)
[559.252s][info][gc,heap        ] GC(1307) Old regions: 740->757
[559.252s][info][gc,heap        ] GC(1307) Humongous regions: 11->11
[559.252s][info][gc,metaspace   ] GC(1307) Metaspace: 19013K(19136K)->19013K(19136K) NonClass: 17183K(17280K)->17183K(17280K) Class: 1829K(1856K)->1829K(1856K)
[559.252s][info][gc             ] GC(1307) Pause Young (Normal) (G1 Evacuation Pause) 909M->768M(978M) 23.673ms
[559.252s][info][gc,cpu         ] GC(1307) User=0.05s Sys=0.00s Real=0.02s
[559.464s][info][gc,start       ] GC(1308) Pause Young (Normal) (G1 Evacuation Pause)
[559.464s][info][gc,task        ] GC(1308) Using 2 workers of 2 for evacuation
[559.485s][info][gc,phases      ] GC(1308)   Pre Evacuate Collection Set: 0.35ms
[559.485s][info][gc,phases      ] GC(1308)   Merge Heap Roots: 0.24ms
[559.485s][info][gc,phases      ] GC(1308)   Evacuate Collection Set: 19.50ms
[559.485s][info][gc,phases      ] GC(1308)   Post Evacuate Collection Set: 0.46ms
[559.485s][info][gc,phases      ] GC(1308)   Other: 0.14ms
[559.485s][info][gc,heap        ] GC(1308) Eden regions: 149->0(136)
[559.485s][info][gc,heap        ] GC(1308) Survivor regions: 1->12(19)
[559.485s][info][gc,heap        ] GC(1308) Old regions: 757->757
[559.485s][info][gc,heap        ] GC(1308) Humongous regions: 11->11
[559.485s][info][gc,metaspace   ] GC(1308) Metaspace: 19013K(19136K)->19013K(19136K) NonClass: 17183K(17280K)->17183K(17280K) Class: 1829K(1856K)->1829K(1856K)
[559.485s][info][gc             ] GC(1308) Pause Young (Normal) (G1 Evacuation Pause) 917M->779M(978M) 20.980ms
[559.485s][info][gc,cpu         ] GC(1308) User=0.05s Sys=0.00s Real=0.02s
[559.701s][info][gc,start       ] GC(1309) Pause Young (Normal) (G1 Evacuation Pause)
[559.701s][info][gc,task        ] GC(1309) Using 2 workers of 2 for evacuation
[559.749s][info][gc,phases      ] GC(1309)   Pre Evacuate Collection Set: 0.58ms
[559.749s][info][gc,phases      ] GC(1309)   Merge Heap Roots: 0.28ms
[559.749s][info][gc,phases      ] GC(1309)   Evacuate Collection Set: 46.20ms
[559.749s][info][gc,phases      ] GC(1309)   Post Evacuate Collection Set: 0.47ms
[559.749s][info][gc,phases      ] GC(1309)   Other: 0.10ms
[559.749s][info][gc,heap        ] GC(1309) Eden regions: 136->0(108)
[559.749s][info][gc,heap        ] GC(1309) Survivor regions: 12->19(19)
[559.749s][info][gc,heap        ] GC(1309) Old regions: 757->771
[559.749s][info][gc,heap        ] GC(1309) Humongous regions: 11->11
[559.749s][info][gc,metaspace   ] GC(1309) Metaspace: 19013K(19136K)->19013K(19136K) NonClass: 17183K(17280K)->17183K(17280K) Class: 1829K(1856K)->1829K(1856K)
[559.749s][info][gc             ] GC(1309) Pause Young (Normal) (G1 Evacuation Pause) 915M->800M(978M) 47.878ms
[559.749s][info][gc,cpu         ] GC(1309) User=0.09s Sys=0.00s Real=0.05s
[559.921s][info][gc,marking     ] GC(1303) Concurrent Mark From Roots 1541.142ms
[559.922s][info][gc,marking     ] GC(1303) Concurrent Preclean
[559.922s][info][gc,marking     ] GC(1303) Concurrent Preclean 0.054ms
[559.922s][info][gc,start       ] GC(1303) Pause Remark
[559.931s][info][gc             ] GC(1303) Pause Remark 873M->661M(978M) 8.966ms
[559.931s][info][gc,cpu         ] GC(1303) User=0.02s Sys=0.00s Real=0.01s
[559.931s][info][gc,marking     ] GC(1303) Concurrent Mark 1550.531ms
[559.931s][info][gc,marking     ] GC(1303) Concurrent Rebuild Remembered Sets and Scrub Regions
[560.014s][info][gc,start       ] GC(1310) Pause Young (Normal) (G1 Evacuation Pause)
[560.015s][info][gc,task        ] GC(1310) Using 2 workers of 2 for evacuation
[560.052s][info][gc,phases      ] GC(1310)   Pre Evacuate Collection Set: 0.52ms
[560.052s][info][gc,phases      ] GC(1310)   Merge Heap Roots: 0.26ms
[560.052s][info][gc,phases      ] GC(1310)   Evacuate Collection Set: 36.04ms
[560.052s][info][gc,phases      ] GC(1310)   Post Evacuate Collection Set: 0.42ms
[560.052s][info][gc,phases      ] GC(1310)   Other: 0.11ms
[560.052s][info][gc,heap        ] GC(1310) Eden regions: 108->0(263)
[560.052s][info][gc,heap        ] GC(1310) Survivor regions: 19->10(16)
[560.052s][info][gc,heap        ] GC(1310) Old regions: 563->583
[560.052s][info][gc,heap        ] GC(1310) Humongous regions: 7->7
[560.052s][info][gc,metaspace   ] GC(1310) Metaspace: 19013K(19136K)->19013K(19136K) NonClass: 17183K(17280K)->17183K(17280K) Class: 1829K(1856K)->1829K(1856K)
[560.052s][info][gc             ] GC(1310) Pause Young (Normal) (G1 Evacuation Pause) 696M->599M(978M) 37.600ms
[560.052s][info][gc,cpu         ] GC(1310) User=0.07s Sys=0.00s Real=0.03s
[560.552s][info][gc,marking     ] GC(1303) Concurrent Rebuild Remembered Sets and Scrub Regions 621.110ms
[560.552s][info][gc,start       ] GC(1303) Pause Cleanup
[560.552s][info][gc             ] GC(1303) Pause Cleanup 746M->746M(978M) 0.145ms
[560.552s][info][gc,cpu         ] GC(1303) User=0.00s Sys=0.00s Real=0.00s
[560.552s][info][gc,marking     ] GC(1303) Concurrent Clear Claimed Marks
[560.552s][info][gc,marking     ] GC(1303) Concurrent Clear Claimed Marks 0.043ms
[560.552s][info][gc,marking     ] GC(1303) Concurrent Cleanup for Next Mark
[560.558s][info][gc,marking     ] GC(1303) Concurrent Cleanup for Next Mark 5.001ms
[560.558s][info][gc             ] GC(1303) Concurrent Mark Cycle 2264.823ms
[560.923s][info][gc,start       ] GC(1311) Pause Young (Prepare Mixed) (G1 Evacuation Pause)
[560.923s][info][gc,task        ] GC(1311) Using 2 workers of 2 for evacuation
[560.962s][info][gc,phases      ] GC(1311)   Pre Evacuate Collection Set: 0.56ms
[560.962s][info][gc,phases      ] GC(1311)   Merge Heap Roots: 0.36ms
[560.962s][info][gc,phases      ] GC(1311)   Evacuate Collection Set: 37.47ms
[560.962s][info][gc,phases      ] GC(1311)   Post Evacuate Collection Set: 0.60ms
[560.962s][info][gc,phases      ] GC(1311)   Other: 0.11ms
[560.962s][info][gc,heap        ] GC(1311) Eden regions: 263->0(258)
[560.962s][info][gc,heap        ] GC(1311) Survivor regions: 10->29(35)
[560.962s][info][gc,heap        ] GC(1311) Old regions: 583->583
[560.962s][info][gc,heap        ] GC(1311) Humongous regions: 7->7
[560.962s][info][gc,metaspace   ] GC(1311) Metaspace: 19013K(19136K)->19013K(19136K) NonClass: 17183K(17280K)->17183K(17280K) Class: 1829K(1856K)->1829K(1856K)
[560.962s][info][gc             ] GC(1311) Pause Young (Prepare Mixed) (G1 Evacuation Pause) 862M->617M(978M) 39.403ms
[560.962s][info][gc,cpu         ] GC(1311) User=0.07s Sys=0.00s Real=0.04s
[561.653s][info][gc,start       ] GC(1312) Pause Young (Mixed) (G1 Evacuation Pause)
[561.654s][info][gc,task        ] GC(1312) Using 2 workers of 2 for evacuation
[561.693s][info][gc,phases      ] GC(1312)   Pre Evacuate Collection Set: 0.37ms
[561.693s][info][gc,phases      ] GC(1312)   Merge Heap Roots: 0.36ms
[561.693s][info][gc,phases      ] GC(1312)   Evacuate Collection Set: 38.14ms
[561.693s][info][gc,phases      ] GC(1312)   Post Evacuate Collection Set: 0.57ms
[561.693s][info][gc,phases      ] GC(1312)   Other: 0.12ms
[561.693s][info][gc,heap        ] GC(1312) Eden regions: 258->0(289)
[561.693s][info][gc,heap        ] GC(1312) Survivor regions: 29->1(36)
[561.693s][info][gc,heap        ] GC(1312) Old regions: 583->592
[561.693s][info][gc,heap        ] GC(1312) Humongous regions: 7->7
[561.693s][info][gc,metaspace   ] GC(1312) Metaspace: 19013K(19136K)->19013K(19136K) NonClass: 17183K(17280K)->17183K(17280K) Class: 1829K(1856K)->1829K(1856K)
[561.693s][info][gc             ] GC(1312) Pause Young (Mixed) (G1 Evacuation Pause) 875M->599M(978M) 39.891ms
[561.693s][info][gc,cpu         ] GC(1312) User=0.08s Sys=0.00s Real=0.04s
[562.458s][info][gc,start       ] GC(1313) Pause Young (Concurrent Start) (G1 Evacuation Pause)
[562.458s][info][gc,task        ] GC(1313) Using 2 workers of 2 for evacuation
[562.460s][info][gc,phases      ] GC(1313)   Pre Evacuate Collection Set: 0.36ms
[562.460s][info][gc,phases      ] GC(1313)   Merge Heap Roots: 0.10ms
[562.460s][info][gc,phases      ] GC(1313)   Evacuate Collection Set: 0.81ms
[562.460s][info][gc,phases      ] GC(1313)   Post Evacuate Collection Set: 0.51ms
[562.460s][info][gc,phases      ] GC(1313)   Other: 0.23ms
[562.460s][info][gc,heap        ] GC(1313) Eden regions: 289->0(305)
[562.460s][info][gc,heap        ] GC(1313) Survivor regions: 1->1(37)
[562.460s][info][gc,heap        ] GC(1313) Old regions: 592->592
[562.460s][info][gc,heap        ] GC(1313) Humongous regions: 7->7
[562.460s][info][gc,metaspace   ] GC(1313) Metaspace: 19013K(19136K)->19013K(19136K) NonClass: 17183K(17280K)->17183K(17280K) Class: 1829K(1856K)->1829K(1856K)
[562.460s][info][gc             ] GC(1313) Pause Young (Concurrent Start) (G1 Evacuation Pause) 888M->599M(978M) 2.210ms
[562.460s][info][gc,cpu         ] GC(1313) User=0.00s Sys=0.00s Real=0.00s
[562.460s][info][gc             ] GC(1314) Concurrent Mark Cycle
[562.460s][info][gc,marking     ] GC(1314) Concurrent Scan Root Regions
[562.463s][info][gc,marking     ] GC(1314) Concurrent Scan Root Regions 2.571ms
[562.463s][info][gc,marking     ] GC(1314) Concurrent Mark
[562.463s][info][gc,marking     ] GC(1314) Concurrent Mark From Roots
[562.463s][info][gc,task        ] GC(1314) Using 1 workers of 1 for marking
[563.645s][info][gc,start       ] GC(1315) Pause Young (Normal) (G1 Evacuation Pause)
[563.645s][info][gc,task        ] GC(1315) Using 2 workers of 2 for evacuation
[563.659s][info][gc,phases      ] GC(1315)   Pre Evacuate Collection Set: 0.55ms
[563.659s][info][gc,phases      ] GC(1315)   Merge Heap Roots: 0.41ms
[563.659s][info][gc,phases      ] GC(1315)   Evacuate Collection Set: 12.58ms
[563.659s][info][gc,phases      ] GC(1315)   Post Evacuate Collection Set: 0.55ms
[563.659s][info][gc,phases      ] GC(1315)   Other: 0.12ms
[563.659s][info][gc,heap        ] GC(1315) Eden regions: 305->0(318)
[563.659s][info][gc,heap        ] GC(1315) Survivor regions: 1->1(39)
[563.659s][info][gc,heap        ] GC(1315) Old regions: 592->592
[563.659s][info][gc,heap        ] GC(1315) Humongous regions: 7->7
[563.659s][info][gc,metaspace   ] GC(1315) Metaspace: 19013K(19136K)->19013K(19136K) NonClass: 17183K(17280K)->17183K(17280K) Class: 1829K(1856K)->1829K(1856K)
[563.659s][info][gc             ] GC(1315) Pause Young (Normal) (G1 Evacuation Pause) 904M->599M(978M) 14.446ms
[563.659s][info][gc,cpu         ] GC(1315) User=0.02s Sys=0.00s Real=0.01s
[564.469s][info][gc,start       ] GC(1316) Pause Young (Normal) (G1 Evacuation Pause)
[564.469s][info][gc,task        ] GC(1316) Using 2 workers of 2 for evacuation
[564.570s][info][gc,phases      ] GC(1316)   Pre Evacuate Collection Set: 0.56ms
[564.570s][info][gc,phases      ] GC(1316)   Merge Heap Roots: 0.54ms
[564.570s][info][gc,phases      ] GC(1316)   Evacuate Collection Set: 93.60ms
[564.570s][info][gc,phases      ] GC(1316)   Post Evacuate Collection Set: 6.01ms
[564.570s][info][gc,phases      ] GC(1316)   Other: 0.11ms
[564.570s][info][gc,heap        ] GC(1316) Eden regions: 318->0(165)
[564.570s][info][gc,heap        ] GC(1316) Survivor regions: 1->40(40)
[564.570s][info][gc,heap        ] GC(1316) Old regions: 592->676
[564.570s][info][gc,heap        ] GC(1316) Humongous regions: 7->7
[564.570s][info][gc,metaspace   ] GC(1316) Metaspace: 19014K(19136K)->19014K(19136K) NonClass: 17184K(17280K)->17184K(17280K) Class: 1829K(1856K)->1829K(1856K)
[564.570s][info][gc             ] GC(1316) Pause Young (Normal) (G1 Evacuation Pause) (Evacuation Failure: Allocation) 917M->722M(978M) 101.058ms
[564.570s][info][gc,cpu         ] GC(1316) User=0.20s Sys=0.00s Real=0.10s
[564.603s][info][gc,marking     ] GC(1314) Concurrent Mark From Roots 2139.871ms
[564.603s][info][gc,marking     ] GC(1314) Concurrent Preclean
[564.603s][info][gc,marking     ] GC(1314) Concurrent Preclean 0.053ms
[564.604s][info][gc,start       ] GC(1314) Pause Remark
[564.613s][info][gc             ] GC(1314) Pause Remark 742M->741M(978M) 9.202ms
[564.613s][info][gc,cpu         ] GC(1314) User=0.02s Sys=0.00s Real=0.01s
[564.613s][info][gc,marking     ] GC(1314) Concurrent Mark 2150.395ms
[564.613s][info][gc,marking     ] GC(1314) Concurrent Rebuild Remembered Sets and Scrub Regions
[564.846s][info][gc,start       ] GC(1317) Pause Young (Normal) (G1 Evacuation Pause)
[564.846s][info][gc,task        ] GC(1317) Using 2 workers of 2 for evacuation
[564.925s][info][gc,phases      ] GC(1317)   Pre Evacuate Collection Set: 0.55ms
[564.925s][info][gc,phases      ] GC(1317)   Merge Heap Roots: 0.56ms
[564.925s][info][gc,phases      ] GC(1317)   Evacuate Collection Set: 77.38ms
[564.925s][info][gc,phases      ] GC(1317)   Post Evacuate Collection Set: 0.60ms
[564.925s][info][gc,phases      ] GC(1317)   Other: 0.09ms
[564.925s][info][gc,heap        ] GC(1317) Eden regions: 165->0(209)
[564.925s][info][gc,heap        ] GC(1317) Survivor regions: 40->17(26)
[564.925s][info][gc,heap        ] GC(1317) Old regions: 676->669
[564.925s][info][gc,heap        ] GC(1317) Humongous regions: 6->6
[564.925s][info][gc,metaspace   ] GC(1317) Metaspace: 19014K(19136K)->19014K(19136K) NonClass: 17184K(17280K)->17184K(17280K) Class: 1829K(1856K)->1829K(1856K)
[564.925s][info][gc             ] GC(1317) Pause Young (Normal) (G1 Evacuation Pause) 886M->690M(978M) 79.425ms
[564.925s][info][gc,cpu         ] GC(1317) User=0.16s Sys=0.00s Real=0.08s
[565.256s][info][gc,marking     ] GC(1314) Concurrent Rebuild Remembered Sets and Scrub Regions 642.930ms
[565.256s][info][gc,start       ] GC(1314) Pause Cleanup
[565.256s][info][gc             ] GC(1314) Pause Cleanup 873M->873M(978M) 0.160ms
[565.256s][info][gc,cpu         ] GC(1314) User=0.00s Sys=0.00s Real=0.00s
[565.256s][info][gc,marking     ] GC(1314) Concurrent Clear Claimed Marks
[565.256s][info][gc,marking     ] GC(1314) Concurrent Clear Claimed Marks 0.035ms
[565.257s][info][gc,marking     ] GC(1314) Concurrent Cleanup for Next Mark
[565.260s][info][gc,marking     ] GC(1314) Concurrent Cleanup for Next Mark 3.008ms
[565.260s][info][gc             ] GC(1314) Concurrent Mark Cycle 2799.591ms
[565.289s][info][gc,start       ] GC(1318) Pause Young (Prepare Mixed) (G1 Evacuation Pause)
[565.289s][info][gc,task        ] GC(1318) Using 2 workers of 2 for evacuation
[565.363s][info][gc,phases      ] GC(1318)   Pre Evacuate Collection Set: 0.31ms
[565.363s][info][gc,phases      ] GC(1318)   Merge Heap Roots: 0.41ms
[565.363s][info][gc,phases      ] GC(1318)   Evacuate Collection Set: 72.24ms
[565.363s][info][gc,phases      ] GC(1318)   Post Evacuate Collection Set: 0.67ms
[565.363s][info][gc,phases      ] GC(1318)   Other: 0.12ms
[565.363s][info][gc,heap        ] GC(1318) Eden regions: 209->0(169)
[565.363s][info][gc,heap        ] GC(1318) Survivor regions: 17->29(29)
[565.363s][info][gc,heap        ] GC(1318) Old regions: 669->689
[565.363s][info][gc,heap        ] GC(1318) Humongous regions: 9->9
[565.363s][info][gc,metaspace   ] GC(1318) Metaspace: 19019K(19136K)->19019K(19136K) NonClass: 17190K(17280K)->17190K(17280K) Class: 1829K(1856K)->1829K(1856K)
[565.363s][info][gc             ] GC(1318) Pause Young (Prepare Mixed) (G1 Evacuation Pause) 902M->726M(978M) 74.027ms
[565.363s][info][gc,cpu         ] GC(1318) User=0.15s Sys=0.00s Real=0.08s
[565.507s][info][gc,start       ] GC(1319) Pause Young (Mixed) (G1 Evacuation Pause)
[565.507s][info][gc,task        ] GC(1319) Using 2 workers of 2 for evacuation
[565.587s][info][gc,phases      ] GC(1319)   Pre Evacuate Collection Set: 0.58ms
[565.587s][info][gc,phases      ] GC(1319)   Merge Heap Roots: 0.44ms
[565.587s][info][gc,phases      ] GC(1319)   Evacuate Collection Set: 78.14ms
[565.587s][info][gc,phases      ] GC(1319)   Post Evacuate Collection Set: 0.64ms
[565.587s][info][gc,phases      ] GC(1319)   Other: 0.10ms
[565.587s][info][gc,heap        ] GC(1319) Eden regions: 169->0(153)
[565.587s][info][gc,heap        ] GC(1319) Survivor regions: 29->25(25)
[565.587s][info][gc,heap        ] GC(1319) Old regions: 689->708
[565.587s][info][gc,heap        ] GC(1319) Humongous regions: 9->9
[565.587s][info][gc,metaspace   ] GC(1319) Metaspace: 19020K(19136K)->19020K(19136K) NonClass: 17190K(17280K)->17190K(17280K) Class: 1829K(1856K)->1829K(1856K)
[565.587s][info][gc             ] GC(1319) Pause Young (Mixed) (G1 Evacuation Pause) 895M->741M(978M) 80.177ms
[565.587s][info][gc,cpu         ] GC(1319) User=0.15s Sys=0.00s Real=0.08s
[565.711s][info][gc,start       ] GC(1320) Pause Young (Concurrent Start) (G1 Evacuation Pause)
[565.711s][info][gc,task        ] GC(1320) Using 2 workers of 2 for evacuation
[565.776s][info][gc,phases      ] GC(1320)   Pre Evacuate Collection Set: 0.34ms
[565.776s][info][gc,phases      ] GC(1320)   Merge Heap Roots: 0.32ms
[565.776s][info][gc,phases      ] GC(1320)   Evacuate Collection Set: 63.30ms
[565.776s][info][gc,phases      ] GC(1320)   Post Evacuate Collection Set: 0.55ms
[565.776s][info][gc,phases      ] GC(1320)   Other: 0.13ms
[565.776s][info][gc,heap        ] GC(1320) Eden regions: 153->0(138)
[565.776s][info][gc,heap        ] GC(1320) Survivor regions: 25->23(23)
[565.776s][info][gc,heap        ] GC(1320) Old regions: 708->733
[565.776s][info][gc,heap        ] GC(1320) Humongous regions: 9->9
[565.776s][info][gc,metaspace   ] GC(1320) Metaspace: 19020K(19136K)->19020K(19136K) NonClass: 17190K(17280K)->17190K(17280K) Class: 1829K(1856K)->1829K(1856K)
[565.776s][info][gc             ] GC(1320) Pause Young (Concurrent Start) (G1 Evacuation Pause) 894M->764M(978M) 64.887ms
[565.776s][info][gc,cpu         ] GC(1320) User=0.12s Sys=0.00s Real=0.07s
[565.776s][info][gc             ] GC(1321) Concurrent Mark Cycle
[565.777s][info][gc,marking     ] GC(1321) Concurrent Scan Root Regions
[565.835s][info][gc,marking     ] GC(1321) Concurrent Scan Root Regions 57.998ms
[565.835s][info][gc,marking     ] GC(1321) Concurrent Mark
[565.835s][info][gc,marking     ] GC(1321) Concurrent Mark From Roots
[565.835s][info][gc,task        ] GC(1321) Using 1 workers of 1 for marking
[565.953s][info][gc,start       ] GC(1322) Pause Young (Normal) (G1 Evacuation Pause)
[565.953s][info][gc,task        ] GC(1322) Using 2 workers of 2 for evacuation
[565.991s][info][gc,phases      ] GC(1322)   Pre Evacuate Collection Set: 0.33ms
[565.991s][info][gc,phases      ] GC(1322)   Merge Heap Roots: 0.20ms
[565.991s][info][gc,phases      ] GC(1322)   Evacuate Collection Set: 37.40ms
[565.991s][info][gc,phases      ] GC(1322)   Post Evacuate Collection Set: 0.43ms
[565.991s][info][gc,phases      ] GC(1322)   Other: 0.09ms
[565.991s][info][gc,heap        ] GC(1322) Eden regions: 138->0(140)
[565.991s][info][gc,heap        ] GC(1322) Survivor regions: 23->8(21)
[565.991s][info][gc,heap        ] GC(1322) Old regions: 733->756
[565.991s][info][gc,heap        ] GC(1322) Humongous regions: 9->9
[565.991s][info][gc,metaspace   ] GC(1322) Metaspace: 19020K(19136K)->19020K(19136K) NonClass: 17190K(17280K)->17190K(17280K) Class: 1829K(1856K)->1829K(1856K)
[565.991s][info][gc             ] GC(1322) Pause Young (Normal) (G1 Evacuation Pause) 902M->772M(978M) 38.720ms
[565.991s][info][gc,cpu         ] GC(1322) User=0.08s Sys=0.00s Real=0.03s
[566.210s][info][gc,start       ] GC(1323) Pause Young (Normal) (G1 Evacuation Pause)
[566.211s][info][gc,task        ] GC(1323) Using 2 workers of 2 for evacuation
[566.228s][info][gc,phases      ] GC(1323)   Pre Evacuate Collection Set: 0.32ms
[566.229s][info][gc,phases      ] GC(1323)   Merge Heap Roots: 0.23ms
[566.229s][info][gc,phases      ] GC(1323)   Evacuate Collection Set: 16.69ms
[566.229s][info][gc,phases      ] GC(1323)   Post Evacuate Collection Set: 0.43ms
[566.229s][info][gc,phases      ] GC(1323)   Other: 0.13ms
[566.229s][info][gc,heap        ] GC(1323) Eden regions: 140->0(145)
[566.229s][info][gc,heap        ] GC(1323) Survivor regions: 8->9(19)
[566.229s][info][gc,heap        ] GC(1323) Old regions: 756->756
[566.229s][info][gc,heap        ] GC(1323) Humongous regions: 9->9
[566.229s][info][gc,metaspace   ] GC(1323) Metaspace: 19020K(19136K)->19020K(19136K) NonClass: 17190K(17280K)->17190K(17280K) Class: 1829K(1856K)->1829K(1856K)
[566.229s][info][gc             ] GC(1323) Pause Young (Normal) (G1 Evacuation Pause) 912M->773M(978M) 18.174ms
[566.229s][info][gc,cpu         ] GC(1323) User=0.03s Sys=0.00s Real=0.02s
[566.553s][info][gc,start       ] GC(1324) Pause Young (Normal) (G1 Evacuation Pause)
[566.553s][info][gc,task        ] GC(1324) Using 2 workers of 2 for evacuation
[566.577s][info][gc,phases      ] GC(1324)   Pre Evacuate Collection Set: 0.56ms
[566.577s][info][gc,phases      ] GC(1324)   Merge Heap Roots: 0.26ms
[566.577s][info][gc,phases      ] GC(1324)   Evacuate Collection Set: 22.39ms
[566.577s][info][gc,phases      ] GC(1324)   Post Evacuate Collection Set: 0.48ms
[566.577s][info][gc,phases      ] GC(1324)   Other: 0.09ms
[566.577s][info][gc,heap        ] GC(1324) Eden regions: 145->0(137)
[566.577s][info][gc,heap        ] GC(1324) Survivor regions: 9->13(20)
[566.577s][info][gc,heap        ] GC(1324) Old regions: 756->756
[566.577s][info][gc,heap        ] GC(1324) Humongous regions: 9->9
[566.577s][info][gc,metaspace   ] GC(1324) Metaspace: 19020K(19136K)->19020K(19136K) NonClass: 17190K(17280K)->17190K(17280K) Class: 1829K(1856K)->1829K(1856K)
[566.577s][info][gc             ] GC(1324) Pause Young (Normal) (G1 Evacuation Pause) 918M->777M(978M) 24.039ms
[566.577s][info][gc,cpu         ] GC(1324) User=0.05s Sys=0.00s Real=0.02s
[566.850s][info][gc,start       ] GC(1325) Pause Young (Normal) (G1 Evacuation Pause)
[566.850s][info][gc,task        ] GC(1325) Using 2 workers of 2 for evacuation
[566.880s][info][gc,phases      ] GC(1325)   Pre Evacuate Collection Set: 0.53ms
[566.880s][info][gc,phases      ] GC(1325)   Merge Heap Roots: 0.19ms
[566.880s][info][gc,phases      ] GC(1325)   Evacuate Collection Set: 29.07ms
[566.880s][info][gc,phases      ] GC(1325)   Post Evacuate Collection Set: 0.47ms
[566.880s][info][gc,phases      ] GC(1325)   Other: 0.08ms
[566.880s][info][gc,heap        ] GC(1325) Eden regions: 137->0(121)
[566.880s][info][gc,heap        ] GC(1325) Survivor regions: 13->17(19)
[566.880s][info][gc,heap        ] GC(1325) Old regions: 756->764
[566.880s][info][gc,heap        ] GC(1325) Humongous regions: 9->9
[566.880s][info][gc,metaspace   ] GC(1325) Metaspace: 19020K(19136K)->19020K(19136K) NonClass: 17190K(17280K)->17190K(17280K) Class: 1829K(1856K)->1829K(1856K)
[566.880s][info][gc             ] GC(1325) Pause Young (Normal) (G1 Evacuation Pause) 914M->789M(978M) 30.606ms
[566.880s][info][gc,cpu         ] GC(1325) User=0.06s Sys=0.00s Real=0.03s
[567.069s][info][gc,marking     ] GC(1321) Concurrent Mark From Roots 1233.328ms
[567.069s][info][gc,marking     ] GC(1321) Concurrent Preclean
[567.069s][info][gc,marking     ] GC(1321) Concurrent Preclean 0.051ms
[567.069s][info][gc,start       ] GC(1321) Pause Remark
[567.078s][info][gc             ] GC(1321) Pause Remark 875M->617M(978M) 8.952ms
[567.078s][info][gc,cpu         ] GC(1321) User=0.02s Sys=0.00s Real=0.01s
[567.080s][info][gc,marking     ] GC(1321) Concurrent Mark 1244.231ms
[567.080s][info][gc,marking     ] GC(1321) Concurrent Rebuild Remembered Sets and Scrub Regions
[567.113s][info][gc,start       ] GC(1326) Pause Young (Normal) (G1 Evacuation Pause)
[567.113s][info][gc,task        ] GC(1326) Using 2 workers of 2 for evacuation
[567.168s][info][gc,phases      ] GC(1326)   Pre Evacuate Collection Set: 0.31ms
[567.168s][info][gc,phases      ] GC(1326)   Merge Heap Roots: 0.30ms
[567.168s][info][gc,phases      ] GC(1326)   Evacuate Collection Set: 54.13ms
[567.168s][info][gc,phases      ] GC(1326)   Post Evacuate Collection Set: 0.47ms
[567.168s][info][gc,phases      ] GC(1326)   Other: 0.09ms
[567.168s][info][gc,heap        ] GC(1326) Eden regions: 121->0(296)
[567.168s][info][gc,heap        ] GC(1326) Survivor regions: 17->18(18)
[567.168s][info][gc,heap        ] GC(1326) Old regions: 511->539
[567.168s][info][gc,heap        ] GC(1326) Humongous regions: 4->4
[567.168s][info][gc,metaspace   ] GC(1326) Metaspace: 19020K(19136K)->19020K(19136K) NonClass: 17191K(17280K)->17191K(17280K) Class: 1829K(1856K)->1829K(1856K)
[567.168s][info][gc             ] GC(1326) Pause Young (Normal) (G1 Evacuation Pause) 652M->560M(978M) 55.569ms
[567.168s][info][gc,cpu         ] GC(1326) User=0.10s Sys=0.00s Real=0.05s
[567.587s][info][gc,marking     ] GC(1321) Concurrent Rebuild Remembered Sets and Scrub Regions 507.456ms
[567.587s][info][gc,start       ] GC(1321) Pause Cleanup
[567.587s][info][gc             ] GC(1321) Pause Cleanup 763M->763M(978M) 0.155ms
[567.587s][info][gc,cpu         ] GC(1321) User=0.00s Sys=0.00s Real=0.00s
[567.587s][info][gc,marking     ] GC(1321) Concurrent Clear Claimed Marks
[567.588s][info][gc,marking     ] GC(1321) Concurrent Clear Claimed Marks 0.030ms
[567.588s][info][gc,marking     ] GC(1321) Concurrent Cleanup for Next Mark
[567.590s][info][gc,marking     ] GC(1321) Concurrent Cleanup for Next Mark 2.963ms
[567.591s][info][gc             ] GC(1321) Concurrent Mark Cycle 1814.481ms
[567.677s][info][gc,start       ] GC(1327) Pause Young (Prepare Mixed) (G1 Evacuation Pause)
[567.677s][info][gc,task        ] GC(1327) Using 2 workers of 2 for evacuation
[567.774s][info][gc,phases      ] GC(1327)   Pre Evacuate Collection Set: 0.58ms
[567.774s][info][gc,phases      ] GC(1327)   Merge Heap Roots: 0.30ms
[567.774s][info][gc,phases      ] GC(1327)   Evacuate Collection Set: 95.19ms
[567.774s][info][gc,phases      ] GC(1327)   Post Evacuate Collection Set: 0.98ms
[567.774s][info][gc,phases      ] GC(1327)   Other: 0.11ms
[567.774s][info][gc,heap        ] GC(1327) Eden regions: 296->0(217)
[567.775s][info][gc,heap        ] GC(1327) Survivor regions: 18->40(40)
[567.775s][info][gc,heap        ] GC(1327) Old regions: 539->589
[567.775s][info][gc,heap        ] GC(1327) Humongous regions: 4->4
[567.775s][info][gc,metaspace   ] GC(1327) Metaspace: 19020K(19136K)->19020K(19136K) NonClass: 17191K(17280K)->17191K(17280K) Class: 1829K(1856K)->1829K(1856K)
[567.775s][info][gc             ] GC(1327) Pause Young (Prepare Mixed) (G1 Evacuation Pause) 856M->632M(978M) 97.408ms
[567.775s][info][gc,cpu         ] GC(1327) User=0.19s Sys=0.00s Real=0.10s
[568.205s][info][gc,start       ] GC(1328) Pause Young (Mixed) (G1 Evacuation Pause)
[568.205s][info][gc,task        ] GC(1328) Using 2 workers of 2 for evacuation
[568.329s][info][gc,phases      ] GC(1328)   Pre Evacuate Collection Set: 0.37ms
[568.329s][info][gc,phases      ] GC(1328)   Merge Heap Roots: 1.10ms
[568.329s][info][gc,phases      ] GC(1328)   Evacuate Collection Set: 121.81ms
[568.329s][info][gc,phases      ] GC(1328)   Post Evacuate Collection Set: 0.87ms
[568.329s][info][gc,phases      ] GC(1328)   Other: 0.12ms
[568.329s][info][gc,heap        ] GC(1328) Eden regions: 217->0(278)
[568.329s][info][gc,heap        ] GC(1328) Survivor regions: 40->22(33)
[568.329s][info][gc,heap        ] GC(1328) Old regions: 589->536
[568.329s][info][gc,heap        ] GC(1328) Humongous regions: 7->7
[568.329s][info][gc,metaspace   ] GC(1328) Metaspace: 19020K(19136K)->19020K(19136K) NonClass: 17191K(17280K)->17191K(17280K) Class: 1829K(1856K)->1829K(1856K)
[568.329s][info][gc             ] GC(1328) Pause Young (Mixed) (G1 Evacuation Pause) 852M->563M(978M) 124.564ms
[568.329s][info][gc,cpu         ] GC(1328) User=0.25s Sys=0.00s Real=0.12s
[568.722s][info][gc,start       ] GC(1329) Pause Young (Concurrent Start) (G1 Evacuation Pause)
[568.722s][info][gc,task        ] GC(1329) Using 2 workers of 2 for evacuation
[568.832s][info][gc,phases      ] GC(1329)   Pre Evacuate Collection Set: 0.34ms
[568.832s][info][gc,phases      ] GC(1329)   Merge Heap Roots: 0.39ms
[568.832s][info][gc,phases      ] GC(1329)   Evacuate Collection Set: 107.61ms
[568.832s][info][gc,phases      ] GC(1329)   Post Evacuate Collection Set: 0.64ms
[568.832s][info][gc,phases      ] GC(1329)   Other: 0.17ms
[568.832s][info][gc,heap        ] GC(1329) Eden regions: 278->0(239)
[568.832s][info][gc,heap        ] GC(1329) Survivor regions: 22->38(38)
[568.832s][info][gc,heap        ] GC(1329) Old regions: 536->567
[568.832s][info][gc,heap        ] GC(1329) Humongous regions: 7->7
[568.832s][info][gc,metaspace   ] GC(1329) Metaspace: 19020K(19136K)->19020K(19136K) NonClass: 17191K(17280K)->17191K(17280K) Class: 1829K(1856K)->1829K(1856K)
[568.832s][info][gc             ] GC(1329) Pause Young (Concurrent Start) (G1 Evacuation Pause) 841M->611M(978M) 109.447ms
[568.832s][info][gc,cpu         ] GC(1329) User=0.21s Sys=0.00s Real=0.11s
[568.832s][info][gc             ] GC(1330) Concurrent Mark Cycle
[568.832s][info][gc,marking     ] GC(1330) Concurrent Scan Root Regions
[568.983s][info][gc,marking     ] GC(1330) Concurrent Scan Root Regions 150.719ms
[568.983s][info][gc,marking     ] GC(1330) Concurrent Mark
[568.983s][info][gc,marking     ] GC(1330) Concurrent Mark From Roots
[568.983s][info][gc,task        ] GC(1330) Using 1 workers of 1 for marking
[569.261s][info][gc,start       ] GC(1331) Pause Young (Normal) (G1 Evacuation Pause)
[569.261s][info][gc,task        ] GC(1331) Using 2 workers of 2 for evacuation
[569.309s][info][gc,phases      ] GC(1331)   Pre Evacuate Collection Set: 0.53ms
[569.309s][info][gc,phases      ] GC(1331)   Merge Heap Roots: 0.26ms
[569.309s][info][gc,phases      ] GC(1331)   Evacuate Collection Set: 46.58ms
[569.309s][info][gc,phases      ] GC(1331)   Post Evacuate Collection Set: 0.55ms
[569.309s][info][gc,phases      ] GC(1331)   Other: 0.09ms
[569.309s][info][gc,heap        ] GC(1331) Eden regions: 239->0(257)
[569.309s][info][gc,heap        ] GC(1331) Survivor regions: 38->1(35)
[569.309s][info][gc,heap        ] GC(1331) Old regions: 567->606
[569.309s][info][gc,heap        ] GC(1331) Humongous regions: 7->7
[569.309s][info][gc,metaspace   ] GC(1331) Metaspace: 19020K(19136K)->19020K(19136K) NonClass: 17191K(17280K)->17191K(17280K) Class: 1829K(1856K)->1829K(1856K)
[569.309s][info][gc             ] GC(1331) Pause Young (Normal) (G1 Evacuation Pause) 850M->613M(978M) 48.262ms
[569.309s][info][gc,cpu         ] GC(1331) User=0.09s Sys=0.00s Real=0.05s
[569.918s][info][gc,start       ] GC(1332) Pause Young (Normal) (G1 Evacuation Pause)
[569.919s][info][gc,task        ] GC(1332) Using 2 workers of 2 for evacuation
[569.946s][info][gc,phases      ] GC(1332)   Pre Evacuate Collection Set: 0.33ms
[569.947s][info][gc,phases      ] GC(1332)   Merge Heap Roots: 0.23ms
[569.947s][info][gc,phases      ] GC(1332)   Evacuate Collection Set: 26.78ms
[569.947s][info][gc,phases      ] GC(1332)   Post Evacuate Collection Set: 0.50ms
[569.947s][info][gc,phases      ] GC(1332)   Other: 0.11ms
[569.947s][info][gc,heap        ] GC(1332) Eden regions: 257->0(251)
[569.947s][info][gc,heap        ] GC(1332) Survivor regions: 1->19(33)
[569.947s][info][gc,heap        ] GC(1332) Old regions: 606->606
[569.947s][info][gc,heap        ] GC(1332) Humongous regions: 7->7
[569.947s][info][gc,metaspace   ] GC(1332) Metaspace: 19020K(19136K)->19020K(19136K) NonClass: 17191K(17280K)->17191K(17280K) Class: 1829K(1856K)->1829K(1856K)
[569.947s][info][gc             ] GC(1332) Pause Young (Normal) (G1 Evacuation Pause) 870M->630M(978M) 28.206ms
[569.947s][info][gc,cpu         ] GC(1332) User=0.06s Sys=0.00s Real=0.03s
[570.380s][info][gc,marking     ] GC(1330) Concurrent Mark From Roots 1397.401ms
[570.380s][info][gc,marking     ] GC(1330) Concurrent Preclean
[570.380s][info][gc,marking     ] GC(1330) Concurrent Preclean 0.059ms
[570.380s][info][gc,start       ] GC(1330) Pause Remark
[570.389s][info][gc             ] GC(1330) Pause Remark 767M->744M(978M) 8.905ms
[570.389s][info][gc,cpu         ] GC(1330) User=0.02s Sys=0.00s Real=0.01s
[570.389s][info][gc,marking     ] GC(1330) Concurrent Mark 1406.766ms
[570.389s][info][gc,marking     ] GC(1330) Concurrent Rebuild Remembered Sets and Scrub Regions
[570.955s][info][gc,start       ] GC(1333) Pause Young (Normal) (G1 Evacuation Pause)
[570.956s][info][gc,task        ] GC(1333) Using 2 workers of 2 for evacuation
[570.999s][info][gc,phases      ] GC(1333)   Pre Evacuate Collection Set: 0.33ms
[570.999s][info][gc,phases      ] GC(1333)   Merge Heap Roots: 0.33ms
[570.999s][info][gc,phases      ] GC(1333)   Evacuate Collection Set: 42.38ms
[570.999s][info][gc,phases      ] GC(1333)   Post Evacuate Collection Set: 0.56ms
[570.999s][info][gc,phases      ] GC(1333)   Other: 0.11ms
[570.999s][info][gc,heap        ] GC(1333) Eden regions: 251->0(263)
[570.999s][info][gc,heap        ] GC(1333) Survivor regions: 19->16(34)
[570.999s][info][gc,heap        ] GC(1333) Old regions: 584->603
[570.999s][info][gc,heap        ] GC(1333) Humongous regions: 6->6
[570.999s][info][gc,metaspace   ] GC(1333) Metaspace: 19020K(19136K)->19020K(19136K) NonClass: 17191K(17280K)->17191K(17280K) Class: 1829K(1856K)->1829K(1856K)
[571.000s][info][gc             ] GC(1333) Pause Young (Normal) (G1 Evacuation Pause) 858M->623M(978M) 44.074ms
[571.000s][info][gc,cpu         ] GC(1333) User=0.08s Sys=0.00s Real=0.04s
[571.014s][info][gc,marking     ] GC(1330) Concurrent Rebuild Remembered Sets and Scrub Regions 624.388ms
[571.014s][info][gc,start       ] GC(1330) Pause Cleanup
[571.014s][info][gc             ] GC(1330) Pause Cleanup 627M->627M(978M) 0.141ms
[571.014s][info][gc,cpu         ] GC(1330) User=0.00s Sys=0.00s Real=0.00s
[571.014s][info][gc,marking     ] GC(1330) Concurrent Clear Claimed Marks
[571.014s][info][gc,marking     ] GC(1330) Concurrent Clear Claimed Marks 0.036ms
[571.014s][info][gc,marking     ] GC(1330) Concurrent Cleanup for Next Mark
[571.017s][info][gc,marking     ] GC(1330) Concurrent Cleanup for Next Mark 2.920ms
[571.017s][info][gc             ] GC(1330) Concurrent Mark Cycle 2185.482ms
[571.686s][info][gc,start       ] GC(1334) Pause Young (Prepare Mixed) (G1 Evacuation Pause)
[571.686s][info][gc,task        ] GC(1334) Using 2 workers of 2 for evacuation
[571.717s][info][gc,phases      ] GC(1334)   Pre Evacuate Collection Set: 0.60ms
[571.717s][info][gc,phases      ] GC(1334)   Merge Heap Roots: 0.50ms
[571.717s][info][gc,phases      ] GC(1334)   Evacuate Collection Set: 29.23ms
[571.717s][info][gc,phases      ] GC(1334)   Post Evacuate Collection Set: 0.56ms
[571.717s][info][gc,phases      ] GC(1334)   Other: 0.09ms
[571.717s][info][gc,heap        ] GC(1334) Eden regions: 263->0(277)
[571.717s][info][gc,heap        ] GC(1334) Survivor regions: 16->15(35)
[571.717s][info][gc,heap        ] GC(1334) Old regions: 603->603
[571.717s][info][gc,heap        ] GC(1334) Humongous regions: 6->6
[571.717s][info][gc,metaspace   ] GC(1334) Metaspace: 19020K(19136K)->19020K(19136K) NonClass: 17191K(17280K)->17191K(17280K) Class: 1829K(1856K)->1829K(1856K)
[571.718s][info][gc             ] GC(1334) Pause Young (Prepare Mixed) (G1 Evacuation Pause) 886M->623M(978M) 31.241ms
[571.718s][info][gc,cpu         ] GC(1334) User=0.06s Sys=0.00s Real=0.03s
[572.120s][info][gc,start       ] GC(1335) Pause Young (Mixed) (G1 Evacuation Pause)
[572.120s][info][gc,task        ] GC(1335) Using 2 workers of 2 for evacuation
[572.229s][info][gc,phases      ] GC(1335)   Pre Evacuate Collection Set: 0.60ms
[572.229s][info][gc,phases      ] GC(1335)   Merge Heap Roots: 0.95ms
[572.229s][info][gc,phases      ] GC(1335)   Evacuate Collection Set: 106.65ms
[572.229s][info][gc,phases      ] GC(1335)   Post Evacuate Collection Set: 0.75ms
[572.229s][info][gc,phases      ] GC(1335)   Other: 0.10ms
[572.229s][info][gc,heap        ] GC(1335) Eden regions: 277->0(255)
[572.229s][info][gc,heap        ] GC(1335) Survivor regions: 15->37(37)
[572.229s][info][gc,heap        ] GC(1335) Old regions: 603->589
[572.229s][info][gc,heap        ] GC(1335) Humongous regions: 6->6
[572.229s][info][gc,metaspace   ] GC(1335) Metaspace: 19026K(19136K)->19026K(19136K) NonClass: 17197K(17280K)->17197K(17280K) Class: 1829K(1856K)->1829K(1856K)
[572.229s][info][gc             ] GC(1335) Pause Young (Mixed) (G1 Evacuation Pause) 900M->631M(978M) 109.351ms
[572.229s][info][gc,cpu         ] GC(1335) User=0.22s Sys=0.00s Real=0.11s
[572.288s][info][gc,start       ] GC(1336) Pause Young (Concurrent Start) (G1 Humongous Allocation)
[572.289s][info][gc,task        ] GC(1336) Using 2 workers of 2 for evacuation
[572.338s][info][gc,phases      ] GC(1336)   Pre Evacuate Collection Set: 0.34ms
[572.338s][info][gc,phases      ] GC(1336)   Merge Heap Roots: 0.19ms
[572.338s][info][gc,phases      ] GC(1336)   Evacuate Collection Set: 48.03ms
[572.338s][info][gc,phases      ] GC(1336)   Post Evacuate Collection Set: 0.44ms
[572.338s][info][gc,phases      ] GC(1336)   Other: 0.12ms
[572.338s][info][gc,heap        ] GC(1336) Eden regions: 28->0(260)
[572.338s][info][gc,heap        ] GC(1336) Survivor regions: 37->6(37)
[572.338s][info][gc,heap        ] GC(1336) Old regions: 589->627
[572.338s][info][gc,heap        ] GC(1336) Humongous regions: 6->6
[572.338s][info][gc,metaspace   ] GC(1336) Metaspace: 19026K(19136K)->19026K(19136K) NonClass: 17197K(17280K)->17197K(17280K) Class: 1829K(1856K)->1829K(1856K)
[572.338s][info][gc             ] GC(1336) Pause Young (Concurrent Start) (G1 Humongous Allocation) 659M->638M(978M) 49.437ms
[572.338s][info][gc,cpu         ] GC(1336) User=0.09s Sys=0.00s Real=0.05s
[572.338s][info][gc             ] GC(1337) Concurrent Mark Cycle
[572.338s][info][gc,marking     ] GC(1337) Concurrent Scan Root Regions
[572.386s][info][gc,marking     ] GC(1337) Concurrent Scan Root Regions 47.896ms
[572.386s][info][gc,marking     ] GC(1337) Concurrent Mark
[572.386s][info][gc,marking     ] GC(1337) Concurrent Mark From Roots
[572.386s][info][gc,task        ] GC(1337) Using 1 workers of 1 for marking
[573.308s][info][gc,start       ] GC(1338) Pause Young (Normal) (G1 Evacuation Pause)
[573.309s][info][gc,task        ] GC(1338) Using 2 workers of 2 for evacuation
[573.333s][info][gc,phases      ] GC(1338)   Pre Evacuate Collection Set: 0.35ms
[573.333s][info][gc,phases      ] GC(1338)   Merge Heap Roots: 0.21ms
[573.333s][info][gc,phases      ] GC(1338)   Evacuate Collection Set: 22.75ms
[573.333s][info][gc,phases      ] GC(1338)   Post Evacuate Collection Set: 0.58ms
[573.333s][info][gc,phases      ] GC(1338)   Other: 0.11ms
[573.333s][info][gc,heap        ] GC(1338) Eden regions: 260->0(262)
[573.333s][info][gc,heap        ] GC(1338) Survivor regions: 6->13(34)
[573.333s][info][gc,heap        ] GC(1338) Old regions: 627->627
[573.333s][info][gc,heap        ] GC(1338) Humongous regions: 7->7
[573.333s][info][gc,metaspace   ] GC(1338) Metaspace: 19026K(19136K)->19026K(19136K) NonClass: 17197K(17280K)->17197K(17280K) Class: 1829K(1856K)->1829K(1856K)
[573.333s][info][gc             ] GC(1338) Pause Young (Normal) (G1 Evacuation Pause) 899M->645M(978M) 24.302ms
[573.333s][info][gc,cpu         ] GC(1338) User=0.04s Sys=0.00s Real=0.03s
[573.685s][info][gc,marking     ] GC(1337) Concurrent Mark From Roots 1299.003ms
[573.685s][info][gc,marking     ] GC(1337) Concurrent Preclean
[573.685s][info][gc,marking     ] GC(1337) Concurrent Preclean 0.051ms
[573.685s][info][gc,start       ] GC(1337) Pause Remark
[573.694s][info][gc             ] GC(1337) Pause Remark 865M->715M(978M) 9.081ms
[573.694s][info][gc,cpu         ] GC(1337) User=0.01s Sys=0.00s Real=0.01s
[573.696s][info][gc,marking     ] GC(1337) Concurrent Mark 1309.587ms
[573.696s][info][gc,marking     ] GC(1337) Concurrent Rebuild Remembered Sets and Scrub Regions
[573.746s][info][gc,start       ] GC(1339) Pause Young (Normal) (G1 Evacuation Pause)
[573.746s][info][gc,task        ] GC(1339) Using 2 workers of 2 for evacuation
[573.792s][info][gc,phases      ] GC(1339)   Pre Evacuate Collection Set: 0.34ms
[573.792s][info][gc,phases      ] GC(1339)   Merge Heap Roots: 0.25ms
[573.793s][info][gc,phases      ] GC(1339)   Evacuate Collection Set: 45.36ms
[573.793s][info][gc,phases      ] GC(1339)   Post Evacuate Collection Set: 0.58ms
[573.793s][info][gc,phases      ] GC(1339)   Other: 0.09ms
[573.793s][info][gc,heap        ] GC(1339) Eden regions: 262->0(352)
[573.793s][info][gc,heap        ] GC(1339) Survivor regions: 13->34(35)
[573.793s][info][gc,heap        ] GC(1339) Old regions: 479->479
[573.793s][info][gc,heap        ] GC(1339) Humongous regions: 5->5
[573.793s][info][gc,metaspace   ] GC(1339) Metaspace: 19026K(19136K)->19026K(19136K) NonClass: 17197K(17280K)->17197K(17280K) Class: 1829K(1856K)->1829K(1856K)
[573.793s][info][gc             ] GC(1339) Pause Young (Normal) (G1 Evacuation Pause) 757M->516M(978M) 46.926ms
[573.793s][info][gc,cpu         ] GC(1339) User=0.10s Sys=0.00s Real=0.05s
[574.204s][info][gc,marking     ] GC(1337) Concurrent Rebuild Remembered Sets and Scrub Regions 508.721ms
[574.205s][info][gc,start       ] GC(1337) Pause Cleanup
[574.205s][info][gc             ] GC(1337) Pause Cleanup 702M->702M(978M) 0.136ms
[574.205s][info][gc,cpu         ] GC(1337) User=0.00s Sys=0.00s Real=0.00s
[574.205s][info][gc,marking     ] GC(1337) Concurrent Clear Claimed Marks
[574.205s][info][gc,marking     ] GC(1337) Concurrent Clear Claimed Marks 0.031ms
[574.205s][info][gc,marking     ] GC(1337) Concurrent Cleanup for Next Mark
[574.208s][info][gc,marking     ] GC(1337) Concurrent Cleanup for Next Mark 2.929ms
[574.208s][info][gc             ] GC(1337) Concurrent Mark Cycle 1869.724ms
[574.631s][info][gc,start       ] GC(1340) Pause Young (Prepare Mixed) (G1 Evacuation Pause)
[574.632s][info][gc,task        ] GC(1340) Using 2 workers of 2 for evacuation
[574.728s][info][gc,phases      ] GC(1340)   Pre Evacuate Collection Set: 0.33ms
[574.729s][info][gc,phases      ] GC(1340)   Merge Heap Roots: 0.62ms
[574.729s][info][gc,phases      ] GC(1340)   Evacuate Collection Set: 95.05ms
[574.729s][info][gc,phases      ] GC(1340)   Post Evacuate Collection Set: 0.75ms
[574.729s][info][gc,phases      ] GC(1340)   Other: 0.14ms
[574.729s][info][gc,heap        ] GC(1340) Eden regions: 352->0(328)
[574.729s][info][gc,heap        ] GC(1340) Survivor regions: 34->49(49)
[574.729s][info][gc,heap        ] GC(1340) Old regions: 479->494
[574.729s][info][gc,heap        ] GC(1340) Humongous regions: 5->5
[574.729s][info][gc,metaspace   ] GC(1340) Metaspace: 19027K(19136K)->19027K(19136K) NonClass: 17198K(17280K)->17198K(17280K) Class: 1829K(1856K)->1829K(1856K)
[574.729s][info][gc             ] GC(1340) Pause Young (Prepare Mixed) (G1 Evacuation Pause) 868M->547M(978M) 97.140ms
[574.729s][info][gc,cpu         ] GC(1340) User=0.19s Sys=0.00s Real=0.10s
[575.118s][info][gc,start       ] GC(1341) Pause Young (Mixed) (G1 Evacuation Pause)
[575.118s][info][gc,task        ] GC(1341) Using 2 workers of 2 for evacuation
[575.238s][info][gc,phases      ] GC(1341)   Pre Evacuate Collection Set: 0.58ms
[575.238s][info][gc,phases      ] GC(1341)   Merge Heap Roots: 0.30ms
[575.238s][info][gc,phases      ] GC(1341)   Evacuate Collection Set: 115.73ms
[575.238s][info][gc,phases      ] GC(1341)   Post Evacuate Collection Set: 2.64ms
[575.238s][info][gc,phases      ] GC(1341)   Other: 0.11ms
[575.238s][info][gc,heap        ] GC(1341) Eden regions: 328->0(282)
[575.238s][info][gc,heap        ] GC(1341) Survivor regions: 49->48(48)
[575.238s][info][gc,heap        ] GC(1341) Old regions: 494->541
[575.238s][info][gc,heap        ] GC(1341) Humongous regions: 5->5
[575.238s][info][gc,metaspace   ] GC(1341) Metaspace: 19027K(19136K)->19027K(19136K) NonClass: 17198K(17280K)->17198K(17280K) Class: 1829K(1856K)->1829K(1856K)
[575.238s][info][gc             ] GC(1341) Pause Young (Mixed) (G1 Evacuation Pause) (Evacuation Failure: Allocation) 875M->593M(978M) 119.608ms
[575.238s][info][gc,cpu         ] GC(1341) User=0.24s Sys=0.00s Real=0.12s
[575.292s][info][gc,start       ] GC(1342) Pause Young (Concurrent Start) (G1 Humongous Allocation)
[575.293s][info][gc,task        ] GC(1342) Using 2 workers of 2 for evacuation
[575.355s][info][gc,phases      ] GC(1342)   Pre Evacuate Collection Set: 0.52ms
[575.355s][info][gc,phases      ] GC(1342)   Merge Heap Roots: 0.47ms
[575.355s][info][gc,phases      ] GC(1342)   Evacuate Collection Set: 60.58ms
[575.355s][info][gc,phases      ] GC(1342)   Post Evacuate Collection Set: 0.46ms
[575.355s][info][gc,phases      ] GC(1342)   Other: 0.23ms
[575.355s][info][gc,heap        ] GC(1342) Eden regions: 25->0(295)
[575.355s][info][gc,heap        ] GC(1342) Survivor regions: 48->6(42)
[575.355s][info][gc,heap        ] GC(1342) Old regions: 541->580
[575.355s][info][gc,heap        ] GC(1342) Humongous regions: 5->5
[575.355s][info][gc,metaspace   ] GC(1342) Metaspace: 19027K(19136K)->19027K(19136K) NonClass: 17198K(17280K)->17198K(17280K) Class: 1829K(1856K)->1829K(1856K)
[575.355s][info][gc             ] GC(1342) Pause Young (Concurrent Start) (G1 Humongous Allocation) 618M->590M(978M) 62.568ms
[575.355s][info][gc             ] GC(1343) Concurrent Mark Cycle
[575.355s][info][gc,marking     ] GC(1343) Concurrent Scan Root Regions
[575.356s][info][gc,cpu         ] GC(1342) User=0.12s Sys=0.00s Real=0.07s
[575.440s][info][gc,marking     ] GC(1343) Concurrent Scan Root Regions 85.401ms
[575.441s][info][gc,marking     ] GC(1343) Concurrent Mark
[575.441s][info][gc,marking     ] GC(1343) Concurrent Mark From Roots
[575.441s][info][gc,task        ] GC(1343) Using 1 workers of 1 for marking
[576.411s][info][gc,start       ] GC(1344) Pause Young (Normal) (G1 Evacuation Pause)
[576.411s][info][gc,task        ] GC(1344) Using 2 workers of 2 for evacuation
[576.470s][info][gc,phases      ] GC(1344)   Pre Evacuate Collection Set: 0.35ms
[576.470s][info][gc,phases      ] GC(1344)   Merge Heap Roots: 0.43ms
[576.470s][info][gc,phases      ] GC(1344)   Evacuate Collection Set: 57.06ms
[576.470s][info][gc,phases      ] GC(1344)   Post Evacuate Collection Set: 0.67ms
[576.470s][info][gc,phases      ] GC(1344)   Other: 0.10ms
[576.470s][info][gc,heap        ] GC(1344) Eden regions: 295->0(270)
[576.470s][info][gc,heap        ] GC(1344) Survivor regions: 6->35(38)
[576.470s][info][gc,heap        ] GC(1344) Old regions: 580->580
[576.470s][info][gc,heap        ] GC(1344) Humongous regions: 8->8
[576.470s][info][gc,metaspace   ] GC(1344) Metaspace: 19029K(19136K)->19029K(19136K) NonClass: 17199K(17280K)->17199K(17280K) Class: 1829K(1856K)->1829K(1856K)
[576.470s][info][gc             ] GC(1344) Pause Young (Normal) (G1 Evacuation Pause) 888M->622M(978M) 58.922ms
[576.470s][info][gc,cpu         ] GC(1344) User=0.12s Sys=0.00s Real=0.06s
[576.978s][info][gc,start       ] GC(1345) Pause Young (Normal) (G1 Evacuation Pause)
[576.978s][info][gc,task        ] GC(1345) Using 2 workers of 2 for evacuation
[577.082s][info][gc,phases      ] GC(1345)   Pre Evacuate Collection Set: 0.59ms
[577.082s][info][gc,phases      ] GC(1345)   Merge Heap Roots: 0.18ms
[577.082s][info][gc,phases      ] GC(1345)   Evacuate Collection Set: 100.13ms
[577.082s][info][gc,phases      ] GC(1345)   Post Evacuate Collection Set: 3.14ms
[577.082s][info][gc,phases      ] GC(1345)   Other: 0.09ms
[577.082s][info][gc,heap        ] GC(1345) Eden regions: 270->0(161)
[577.082s][info][gc,heap        ] GC(1345) Survivor regions: 35->39(39)
[577.082s][info][gc,heap        ] GC(1345) Old regions: 580->681
[577.082s][info][gc,heap        ] GC(1345) Humongous regions: 8->8
[577.082s][info][gc,metaspace   ] GC(1345) Metaspace: 19029K(19136K)->19029K(19136K) NonClass: 17199K(17280K)->17199K(17280K) Class: 1829K(1856K)->1829K(1856K)
[577.082s][info][gc             ] GC(1345) Pause Young (Normal) (G1 Evacuation Pause) (Evacuation Failure: Allocation) 892M->727M(978M) 104.407ms
[577.082s][info][gc,cpu         ] GC(1345) User=0.21s Sys=0.00s Real=0.10s
[577.195s][info][gc,marking     ] GC(1343) Concurrent Mark From Roots 1754.315ms
[577.195s][info][gc,marking     ] GC(1343) Concurrent Preclean
[577.195s][info][gc,marking     ] GC(1343) Concurrent Preclean 0.048ms
[577.195s][info][gc,start       ] GC(1343) Pause Remark
[577.204s][info][gc             ] GC(1343) Pause Remark 786M->786M(978M) 8.585ms
[577.204s][info][gc,cpu         ] GC(1343) User=0.01s Sys=0.00s Real=0.01s
[577.205s][info][gc,marking     ] GC(1343) Concurrent Mark 1764.641ms
[577.205s][info][gc,marking     ] GC(1343) Concurrent Rebuild Remembered Sets and Scrub Regions
[577.453s][info][gc,start       ] GC(1346) Pause Young (Normal) (G1 Evacuation Pause)
[577.453s][info][gc,task        ] GC(1346) Using 2 workers of 2 for evacuation
[577.533s][info][gc,phases      ] GC(1346)   Pre Evacuate Collection Set: 0.39ms
[577.533s][info][gc,phases      ] GC(1346)   Merge Heap Roots: 0.39ms
[577.533s][info][gc,phases      ] GC(1346)   Evacuate Collection Set: 78.20ms
[577.533s][info][gc,phases      ] GC(1346)   Post Evacuate Collection Set: 0.60ms
[577.533s][info][gc,phases      ] GC(1346)   Other: 0.09ms
[577.533s][info][gc,heap        ] GC(1346) Eden regions: 161->0(200)
[577.533s][info][gc,heap        ] GC(1346) Survivor regions: 39->19(25)
[577.533s][info][gc,heap        ] GC(1346) Old regions: 681->671
[577.533s][info][gc,heap        ] GC(1346) Humongous regions: 11->11
[577.533s][info][gc,metaspace   ] GC(1346) Metaspace: 19029K(19136K)->19029K(19136K) NonClass: 17199K(17280K)->17199K(17280K) Class: 1829K(1856K)->1829K(1856K)
[577.533s][info][gc             ] GC(1346) Pause Young (Normal) (G1 Evacuation Pause) 891M->700M(978M) 79.944ms
[577.533s][info][gc,cpu         ] GC(1346) User=0.15s Sys=0.00s Real=0.08s
[577.900s][info][gc,marking     ] GC(1343) Concurrent Rebuild Remembered Sets and Scrub Regions 694.975ms
[577.900s][info][gc,start       ] GC(1343) Pause Cleanup
[577.901s][info][gc             ] GC(1343) Pause Cleanup 843M->843M(978M) 0.121ms
[577.901s][info][gc,cpu         ] GC(1343) User=0.00s Sys=0.00s Real=0.00s
[577.901s][info][gc,marking     ] GC(1343) Concurrent Clear Claimed Marks
[577.901s][info][gc,marking     ] GC(1343) Concurrent Clear Claimed Marks 0.036ms
[577.901s][info][gc,marking     ] GC(1343) Concurrent Cleanup for Next Mark
[577.904s][info][gc,marking     ] GC(1343) Concurrent Cleanup for Next Mark 2.970ms
[577.904s][info][gc             ] GC(1343) Concurrent Mark Cycle 2548.592ms
[577.999s][info][gc,start       ] GC(1347) Pause Young (Prepare Mixed) (G1 Evacuation Pause)
[577.999s][info][gc,task        ] GC(1347) Using 2 workers of 2 for evacuation
[578.038s][info][gc,phases      ] GC(1347)   Pre Evacuate Collection Set: 0.56ms
[578.038s][info][gc,phases      ] GC(1347)   Merge Heap Roots: 0.57ms
[578.038s][info][gc,phases      ] GC(1347)   Evacuate Collection Set: 37.23ms
[578.038s][info][gc,phases      ] GC(1347)   Post Evacuate Collection Set: 0.50ms
[578.038s][info][gc,phases      ] GC(1347)   Other: 0.09ms
[578.038s][info][gc,heap        ] GC(1347) Eden regions: 200->0(210)
[578.038s][info][gc,heap        ] GC(1347) Survivor regions: 19->1(28)
[578.038s][info][gc,heap        ] GC(1347) Old regions: 671->690
[578.038s][info][gc,heap        ] GC(1347) Humongous regions: 11->11
[578.038s][info][gc,metaspace   ] GC(1347) Metaspace: 19029K(19136K)->19029K(19136K) NonClass: 17199K(17280K)->17199K(17280K) Class: 1829K(1856K)->1829K(1856K)
[578.038s][info][gc             ] GC(1347) Pause Young (Prepare Mixed) (G1 Evacuation Pause) 900M->701M(978M) 39.190ms
[578.038s][info][gc,cpu         ] GC(1347) User=0.08s Sys=0.00s Real=0.04s
[578.383s][info][gc,start       ] GC(1348) Pause Young (Mixed) (G1 Evacuation Pause)
[578.383s][info][gc,task        ] GC(1348) Using 2 workers of 2 for evacuation
[578.390s][info][gc,phases      ] GC(1348)   Pre Evacuate Collection Set: 0.56ms
[578.390s][info][gc,phases      ] GC(1348)   Merge Heap Roots: 0.21ms
[578.390s][info][gc,phases      ] GC(1348)   Evacuate Collection Set: 6.03ms
[578.390s][info][gc,phases      ] GC(1348)   Post Evacuate Collection Set: 0.47ms
[578.390s][info][gc,phases      ] GC(1348)   Other: 0.11ms
[578.390s][info][gc,heap        ] GC(1348) Eden regions: 210->0(230)
[578.390s][info][gc,heap        ] GC(1348) Survivor regions: 1->1(27)
[578.390s][info][gc,heap        ] GC(1348) Old regions: 690->678
[578.391s][info][gc,heap        ] GC(1348) Humongous regions: 11->11
[578.391s][info][gc,metaspace   ] GC(1348) Metaspace: 19029K(19136K)->19029K(19136K) NonClass: 17199K(17280K)->17199K(17280K) Class: 1829K(1856K)->1829K(1856K)
[578.391s][info][gc             ] GC(1348) Pause Young (Mixed) (G1 Evacuation Pause) 911M->689M(978M) 7.674ms
[578.391s][info][gc,cpu         ] GC(1348) User=0.01s Sys=0.00s Real=0.00s
[578.762s][info][gc,start       ] GC(1349) Pause Young (Concurrent Start) (G1 Evacuation Pause)
[578.762s][info][gc,task        ] GC(1349) Using 2 workers of 2 for evacuation
[578.764s][info][gc,phases      ] GC(1349)   Pre Evacuate Collection Set: 0.55ms
[578.764s][info][gc,phases      ] GC(1349)   Merge Heap Roots: 0.14ms
[578.764s][info][gc,phases      ] GC(1349)   Evacuate Collection Set: 0.78ms
[578.764s][info][gc,phases      ] GC(1349)   Post Evacuate Collection Set: 0.40ms
[578.764s][info][gc,phases      ] GC(1349)   Other: 0.25ms
[578.764s][info][gc,heap        ] GC(1349) Eden regions: 230->0(237)
[578.764s][info][gc,heap        ] GC(1349) Survivor regions: 1->1(29)
[578.764s][info][gc,heap        ] GC(1349) Old regions: 678->678
[578.764s][info][gc,heap        ] GC(1349) Humongous regions: 11->11
[578.764s][info][gc,metaspace   ] GC(1349) Metaspace: 19029K(19136K)->19029K(19136K) NonClass: 17199K(17280K)->17199K(17280K) Class: 1829K(1856K)->1829K(1856K)
[578.764s][info][gc             ] GC(1349) Pause Young (Concurrent Start) (G1 Evacuation Pause) 919M->688M(978M) 2.354ms
[578.764s][info][gc,cpu         ] GC(1349) User=0.01s Sys=0.00s Real=0.01s
[578.764s][info][gc             ] GC(1350) Concurrent Mark Cycle
[578.764s][info][gc,marking     ] GC(1350) Concurrent Scan Root Regions
[578.767s][info][gc,marking     ] GC(1350) Concurrent Scan Root Regions 2.398ms
[578.767s][info][gc,marking     ] GC(1350) Concurrent Mark
[578.767s][info][gc,marking     ] GC(1350) Concurrent Mark From Roots
[578.767s][info][gc,task        ] GC(1350) Using 1 workers of 1 for marking
[579.715s][info][gc,start       ] GC(1351) Pause Young (Normal) (G1 Evacuation Pause)
[579.715s][info][gc,task        ] GC(1351) Using 2 workers of 2 for evacuation
[579.716s][info][gc,phases      ] GC(1351)   Pre Evacuate Collection Set: 0.32ms
[579.716s][info][gc,phases      ] GC(1351)   Merge Heap Roots: 0.10ms
[579.716s][info][gc,phases      ] GC(1351)   Evacuate Collection Set: 0.33ms
[579.716s][info][gc,phases      ] GC(1351)   Post Evacuate Collection Set: 0.42ms
[579.716s][info][gc,phases      ] GC(1351)   Other: 0.12ms
[579.716s][info][gc,heap        ] GC(1351) Eden regions: 237->0(237)
[579.716s][info][gc,heap        ] GC(1351) Survivor regions: 1->1(30)
[579.716s][info][gc,heap        ] GC(1351) Old regions: 678->678
[579.716s][info][gc,heap        ] GC(1351) Humongous regions: 11->11
[579.716s][info][gc,metaspace   ] GC(1351) Metaspace: 19029K(19136K)->19029K(19136K) NonClass: 17199K(17280K)->17199K(17280K) Class: 1829K(1856K)->1829K(1856K)
[579.716s][info][gc             ] GC(1351) Pause Young (Normal) (G1 Evacuation Pause) 925M->688M(978M) 1.553ms
[579.716s][info][gc,cpu         ] GC(1351) User=0.00s Sys=0.00s Real=0.00s
[580.318s][info][gc,start       ] GC(1352) Pause Young (Normal) (G1 Evacuation Pause)
[580.318s][info][gc,task        ] GC(1352) Using 2 workers of 2 for evacuation
[580.376s][info][gc,phases      ] GC(1352)   Pre Evacuate Collection Set: 0.33ms
[580.376s][info][gc,phases      ] GC(1352)   Merge Heap Roots: 0.24ms
[580.376s][info][gc,phases      ] GC(1352)   Evacuate Collection Set: 57.26ms
[580.376s][info][gc,phases      ] GC(1352)   Post Evacuate Collection Set: 0.61ms
[580.377s][info][gc,phases      ] GC(1352)   Other: 0.12ms
[580.377s][info][gc,heap        ] GC(1352) Eden regions: 237->0(176)
[580.377s][info][gc,heap        ] GC(1352) Survivor regions: 1->30(30)
[580.377s][info][gc,heap        ] GC(1352) Old regions: 678->681
[580.377s][info][gc,heap        ] GC(1352) Humongous regions: 11->11
[580.377s][info][gc,metaspace   ] GC(1352) Metaspace: 19029K(19136K)->19029K(19136K) NonClass: 17199K(17280K)->17199K(17280K) Class: 1829K(1856K)->1829K(1856K)
[580.377s][info][gc             ] GC(1352) Pause Young (Normal) (G1 Evacuation Pause) 925M->721M(978M) 58.957ms
[580.377s][info][gc,cpu         ] GC(1352) User=0.11s Sys=0.00s Real=0.06s
[580.493s][info][gc,marking     ] GC(1350) Concurrent Mark From Roots 1725.796ms
[580.493s][info][gc,marking     ] GC(1350) Concurrent Preclean
[580.493s][info][gc,marking     ] GC(1350) Concurrent Preclean 0.055ms
[580.493s][info][gc,start       ] GC(1350) Pause Remark
[580.503s][info][gc             ] GC(1350) Pause Remark 771M->613M(978M) 9.803ms
[580.503s][info][gc,cpu         ] GC(1350) User=0.02s Sys=0.00s Real=0.01s
[580.503s][info][gc,marking     ] GC(1350) Concurrent Mark 1736.048ms
[580.503s][info][gc,marking     ] GC(1350) Concurrent Rebuild Remembered Sets and Scrub Regions
[580.652s][info][gc,start       ] GC(1353) Pause Young (Normal) (G1 Evacuation Pause)
[580.652s][info][gc,task        ] GC(1353) Using 2 workers of 2 for evacuation
[580.695s][info][gc,phases      ] GC(1353)   Pre Evacuate Collection Set: 0.37ms
[580.695s][info][gc,phases      ] GC(1353)   Merge Heap Roots: 0.19ms
[580.695s][info][gc,phases      ] GC(1353)   Evacuate Collection Set: 41.89ms
[580.695s][info][gc,phases      ] GC(1353)   Post Evacuate Collection Set: 0.48ms
[580.696s][info][gc,phases      ] GC(1353)   Other: 0.12ms
[580.696s][info][gc,heap        ] GC(1353) Eden regions: 176->0(325)
[580.696s][info][gc,heap        ] GC(1353) Survivor regions: 30->5(26)
[580.696s][info][gc,heap        ] GC(1353) Old regions: 527->557
[580.696s][info][gc,heap        ] GC(1353) Humongous regions: 7->7
[580.696s][info][gc,metaspace   ] GC(1353) Metaspace: 19029K(19136K)->19029K(19136K) NonClass: 17199K(17280K)->17199K(17280K) Class: 1829K(1856K)->1829K(1856K)
[580.696s][info][gc             ] GC(1353) Pause Young (Normal) (G1 Evacuation Pause) 739M->568M(978M) 43.359ms
[580.696s][info][gc,cpu         ] GC(1353) User=0.09s Sys=0.00s Real=0.05s
[581.048s][info][gc,marking     ] GC(1350) Concurrent Rebuild Remembered Sets and Scrub Regions 544.860ms
[581.048s][info][gc,start       ] GC(1350) Pause Cleanup
[581.048s][info][gc             ] GC(1350) Pause Cleanup 813M->813M(978M) 0.126ms
[581.048s][info][gc,cpu         ] GC(1350) User=0.00s Sys=0.00s Real=0.00s
[581.048s][info][gc,marking     ] GC(1350) Concurrent Clear Claimed Marks
[581.048s][info][gc,marking     ] GC(1350) Concurrent Clear Claimed Marks 0.034ms
[581.048s][info][gc,marking     ] GC(1350) Concurrent Cleanup for Next Mark
[581.051s][info][gc,marking     ] GC(1350) Concurrent Cleanup for Next Mark 2.956ms
[581.051s][info][gc             ] GC(1350) Concurrent Mark Cycle 2286.894ms
[581.120s][info][gc,start       ] GC(1354) Pause Young (Prepare Mixed) (G1 Evacuation Pause)
[581.120s][info][gc,task        ] GC(1354) Using 2 workers of 2 for evacuation
[581.140s][info][gc,phases      ] GC(1354)   Pre Evacuate Collection Set: 0.33ms
[581.140s][info][gc,phases      ] GC(1354)   Merge Heap Roots: 0.34ms
[581.140s][info][gc,phases      ] GC(1354)   Evacuate Collection Set: 18.39ms
[581.140s][info][gc,phases      ] GC(1354)   Post Evacuate Collection Set: 0.61ms
[581.140s][info][gc,phases      ] GC(1354)   Other: 0.12ms
[581.140s][info][gc,heap        ] GC(1354) Eden regions: 325->0(331)
[581.140s][info][gc,heap        ] GC(1354) Survivor regions: 5->10(42)
[581.140s][info][gc,heap        ] GC(1354) Old regions: 557->557
[581.140s][info][gc,heap        ] GC(1354) Humongous regions: 7->7
[581.140s][info][gc,metaspace   ] GC(1354) Metaspace: 19029K(19136K)->19029K(19136K) NonClass: 17199K(17280K)->17199K(17280K) Class: 1829K(1856K)->1829K(1856K)
[581.140s][info][gc             ] GC(1354) Pause Young (Prepare Mixed) (G1 Evacuation Pause) 893M->573M(978M) 20.051ms
[581.140s][info][gc,cpu         ] GC(1354) User=0.04s Sys=0.00s Real=0.02s
[581.628s][info][gc,start       ] GC(1355) Pause Young (Mixed) (G1 Evacuation Pause)
[581.628s][info][gc,task        ] GC(1355) Using 2 workers of 2 for evacuation
[581.690s][info][gc,phases      ] GC(1355)   Pre Evacuate Collection Set: 0.57ms
[581.690s][info][gc,phases      ] GC(1355)   Merge Heap Roots: 0.36ms
[581.690s][info][gc,phases      ] GC(1355)   Evacuate Collection Set: 59.89ms
[581.690s][info][gc,phases      ] GC(1355)   Post Evacuate Collection Set: 0.68ms
[581.690s][info][gc,phases      ] GC(1355)   Other: 0.12ms
[581.690s][info][gc,heap        ] GC(1355) Eden regions: 331->0(288)
[581.690s][info][gc,heap        ] GC(1355) Survivor regions: 10->43(43)
[581.690s][info][gc,heap        ] GC(1355) Old regions: 557->547
[581.690s][info][gc,heap        ] GC(1355) Humongous regions: 7->7
[581.690s][info][gc,metaspace   ] GC(1355) Metaspace: 19029K(19136K)->19029K(19136K) NonClass: 17199K(17280K)->17199K(17280K) Class: 1829K(1856K)->1829K(1856K)
[581.690s][info][gc             ] GC(1355) Pause Young (Mixed) (G1 Evacuation Pause) 904M->596M(978M) 61.916ms
[581.690s][info][gc,cpu         ] GC(1355) User=0.12s Sys=0.00s Real=0.06s
[582.020s][info][gc,start       ] GC(1356) Pause Young (Concurrent Start) (G1 Evacuation Pause)
[582.020s][info][gc,task        ] GC(1356) Using 2 workers of 2 for evacuation
[582.107s][info][gc,phases      ] GC(1356)   Pre Evacuate Collection Set: 0.35ms
[582.107s][info][gc,phases      ] GC(1356)   Merge Heap Roots: 0.33ms
[582.107s][info][gc,phases      ] GC(1356)   Evacuate Collection Set: 85.67ms
[582.107s][info][gc,phases      ] GC(1356)   Post Evacuate Collection Set: 0.61ms
[582.107s][info][gc,phases      ] GC(1356)   Other: 0.23ms
[582.107s][info][gc,heap        ] GC(1356) Eden regions: 288->0(275)
[582.107s][info][gc,heap        ] GC(1356) Survivor regions: 43->28(42)
[582.107s][info][gc,heap        ] GC(1356) Old regions: 547->590
[582.107s][info][gc,heap        ] GC(1356) Humongous regions: 7->7
[582.107s][info][gc,metaspace   ] GC(1356) Metaspace: 19029K(19136K)->19029K(19136K) NonClass: 17199K(17280K)->17199K(17280K) Class: 1829K(1856K)->1829K(1856K)
[582.107s][info][gc             ] GC(1356) Pause Young (Concurrent Start) (G1 Evacuation Pause) 884M->624M(978M) 87.454ms
[582.107s][info][gc,cpu         ] GC(1356) User=0.18s Sys=0.00s Real=0.09s
[582.107s][info][gc             ] GC(1357) Concurrent Mark Cycle
[582.107s][info][gc,marking     ] GC(1357) Concurrent Scan Root Regions
[582.262s][info][gc,marking     ] GC(1357) Concurrent Scan Root Regions 154.352ms
[582.262s][info][gc,marking     ] GC(1357) Concurrent Mark
[582.262s][info][gc,marking     ] GC(1357) Concurrent Mark From Roots
[582.262s][info][gc,task        ] GC(1357) Using 1 workers of 1 for marking
[582.644s][info][gc,start       ] GC(1358) Pause Young (Normal) (G1 Evacuation Pause)
[582.644s][info][gc,task        ] GC(1358) Using 2 workers of 2 for evacuation
[582.682s][info][gc,phases      ] GC(1358)   Pre Evacuate Collection Set: 0.33ms
[582.682s][info][gc,phases      ] GC(1358)   Merge Heap Roots: 0.41ms
[582.682s][info][gc,phases      ] GC(1358)   Evacuate Collection Set: 37.02ms
[582.682s][info][gc,phases      ] GC(1358)   Post Evacuate Collection Set: 0.53ms
[582.682s][info][gc,phases      ] GC(1358)   Other: 0.13ms
[582.682s][info][gc,heap        ] GC(1358) Eden regions: 275->0(285)
[582.682s][info][gc,heap        ] GC(1358) Survivor regions: 28->4(38)
[582.683s][info][gc,heap        ] GC(1358) Old regions: 590->618
[582.683s][info][gc,heap        ] GC(1358) Humongous regions: 7->7
[582.683s][info][gc,metaspace   ] GC(1358) Metaspace: 19029K(19136K)->19029K(19136K) NonClass: 17199K(17280K)->17199K(17280K) Class: 1829K(1856K)->1829K(1856K)
[582.683s][info][gc             ] GC(1358) Pause Young (Normal) (G1 Evacuation Pause) 899M->628M(978M) 38.673ms
[582.683s][info][gc,cpu         ] GC(1358) User=0.08s Sys=0.00s Real=0.03s
[583.338s][info][gc,start       ] GC(1359) Pause Young (Normal) (G1 Evacuation Pause)
[583.338s][info][gc,task        ] GC(1359) Using 2 workers of 2 for evacuation
[583.376s][info][gc,phases      ] GC(1359)   Pre Evacuate Collection Set: 0.29ms
[583.376s][info][gc,phases      ] GC(1359)   Merge Heap Roots: 0.24ms
[583.376s][info][gc,phases      ] GC(1359)   Evacuate Collection Set: 37.31ms
[583.376s][info][gc,phases      ] GC(1359)   Post Evacuate Collection Set: 0.57ms
[583.376s][info][gc,phases      ] GC(1359)   Other: 0.11ms
[583.376s][info][gc,heap        ] GC(1359) Eden regions: 285->0(245)
[583.376s][info][gc,heap        ] GC(1359) Survivor regions: 4->29(37)
[583.376s][info][gc,heap        ] GC(1359) Old regions: 618->618
[583.376s][info][gc,heap        ] GC(1359) Humongous regions: 7->7
[583.376s][info][gc,metaspace   ] GC(1359) Metaspace: 19029K(19136K)->19029K(19136K) NonClass: 17199K(17280K)->17199K(17280K) Class: 1829K(1856K)->1829K(1856K)
[583.376s][info][gc             ] GC(1359) Pause Young (Normal) (G1 Evacuation Pause) 913M->653M(978M) 38.873ms
[583.376s][info][gc,cpu         ] GC(1359) User=0.08s Sys=0.00s Real=0.04s
[584.152s][info][gc,marking     ] GC(1357) Concurrent Mark From Roots 1890.492ms
[584.152s][info][gc,marking     ] GC(1357) Concurrent Preclean
[584.152s][info][gc,marking     ] GC(1357) Concurrent Preclean 0.065ms
[584.152s][info][gc,start       ] GC(1357) Pause Remark
[584.161s][info][gc             ] GC(1357) Pause Remark 817M->817M(978M) 8.510ms
[584.161s][info][gc,cpu         ] GC(1357) User=0.02s Sys=0.00s Real=0.01s
[584.162s][info][gc,marking     ] GC(1357) Concurrent Mark 1900.054ms
[584.162s][info][gc,marking     ] GC(1357) Concurrent Rebuild Remembered Sets and Scrub Regions
[584.501s][info][gc,start       ] GC(1360) Pause Young (Normal) (G1 Evacuation Pause)
[584.501s][info][gc,task        ] GC(1360) Using 2 workers of 2 for evacuation
[584.536s][info][gc,phases      ] GC(1360)   Pre Evacuate Collection Set: 0.33ms
[584.536s][info][gc,phases      ] GC(1360)   Merge Heap Roots: 0.22ms
[584.536s][info][gc,phases      ] GC(1360)   Evacuate Collection Set: 33.90ms
[584.536s][info][gc,phases      ] GC(1360)   Post Evacuate Collection Set: 0.51ms
[584.536s][info][gc,phases      ] GC(1360)   Other: 0.13ms
[584.536s][info][gc,heap        ] GC(1360) Eden regions: 245->0(268)
[584.536s][info][gc,heap        ] GC(1360) Survivor regions: 29->1(35)
[584.536s][info][gc,heap        ] GC(1360) Old regions: 618->647
[584.536s][info][gc,heap        ] GC(1360) Humongous regions: 7->7
[584.536s][info][gc,metaspace   ] GC(1360) Metaspace: 19029K(19136K)->19029K(19136K) NonClass: 17199K(17280K)->17199K(17280K) Class: 1829K(1856K)->1829K(1856K)
[584.536s][info][gc             ] GC(1360) Pause Young (Normal) (G1 Evacuation Pause) 898M->654M(978M) 35.383ms
[584.536s][info][gc,cpu         ] GC(1360) User=0.07s Sys=0.01s Real=0.04s
[584.835s][info][gc,marking     ] GC(1357) Concurrent Rebuild Remembered Sets and Scrub Regions 673.074ms
[584.835s][info][gc,start       ] GC(1357) Pause Cleanup
[584.835s][info][gc             ] GC(1357) Pause Cleanup 728M->728M(978M) 0.119ms
[584.835s][info][gc,cpu         ] GC(1357) User=0.00s Sys=0.00s Real=0.00s
[584.835s][info][gc,marking     ] GC(1357) Concurrent Clear Claimed Marks
[584.835s][info][gc,marking     ] GC(1357) Concurrent Clear Claimed Marks 0.046ms
[584.835s][info][gc,marking     ] GC(1357) Concurrent Cleanup for Next Mark
[584.838s][info][gc,marking     ] GC(1357) Concurrent Cleanup for Next Mark 2.990ms
[584.838s][info][gc             ] GC(1357) Concurrent Mark Cycle 2731.167ms
[585.378s][info][gc,start       ] GC(1361) Pause Young (Prepare Mixed) (G1 Evacuation Pause)
[585.378s][info][gc,task        ] GC(1361) Using 2 workers of 2 for evacuation
[585.381s][info][gc,phases      ] GC(1361)   Pre Evacuate Collection Set: 0.56ms
[585.381s][info][gc,phases      ] GC(1361)   Merge Heap Roots: 0.15ms
[585.381s][info][gc,phases      ] GC(1361)   Evacuate Collection Set: 1.59ms
[585.381s][info][gc,phases      ] GC(1361)   Post Evacuate Collection Set: 0.48ms
[585.381s][info][gc,phases      ] GC(1361)   Other: 0.13ms
[585.381s][info][gc,heap        ] GC(1361) Eden regions: 268->0(272)
[585.381s][info][gc,heap        ] GC(1361) Survivor regions: 1->1(34)
[585.381s][info][gc,heap        ] GC(1361) Old regions: 647->647
[585.381s][info][gc,heap        ] GC(1361) Humongous regions: 7->7
[585.381s][info][gc,metaspace   ] GC(1361) Metaspace: 19029K(19136K)->19029K(19136K) NonClass: 17199K(17280K)->17199K(17280K) Class: 1829K(1856K)->1829K(1856K)
[585.381s][info][gc             ] GC(1361) Pause Young (Prepare Mixed) (G1 Evacuation Pause) 922M->654M(978M) 3.180ms
[585.381s][info][gc,cpu         ] GC(1361) User=0.01s Sys=0.00s Real=0.00s
[585.722s][info][gc,start       ] GC(1362) Pause Young (Mixed) (G1 Evacuation Pause)
[585.722s][info][gc,task        ] GC(1362) Using 2 workers of 2 for evacuation
[585.791s][info][gc,phases      ] GC(1362)   Pre Evacuate Collection Set: 0.35ms
[585.791s][info][gc,phases      ] GC(1362)   Merge Heap Roots: 0.16ms
[585.792s][info][gc,phases      ] GC(1362)   Evacuate Collection Set: 63.62ms
[585.792s][info][gc,phases      ] GC(1362)   Post Evacuate Collection Set: 4.86ms
[585.792s][info][gc,phases      ] GC(1362)   Other: 0.12ms
[585.792s][info][gc,heap        ] GC(1362) Eden regions: 272->0(151)
[585.792s][info][gc,heap        ] GC(1362) Survivor regions: 1->35(35)
[585.792s][info][gc,heap        ] GC(1362) Old regions: 647->700
[585.792s][info][gc,heap        ] GC(1362) Humongous regions: 7->7
[585.792s][info][gc,metaspace   ] GC(1362) Metaspace: 19029K(19136K)->19029K(19136K) NonClass: 17199K(17280K)->17199K(17280K) Class: 1829K(1856K)->1829K(1856K)
[585.792s][info][gc             ] GC(1362) Pause Young (Mixed) (G1 Evacuation Pause) (Evacuation Failure: Allocation) 926M->741M(978M) 69.436ms
[585.792s][info][gc,cpu         ] GC(1362) User=0.14s Sys=0.00s Real=0.07s
[586.035s][info][gc,start       ] GC(1363) Pause Young (Concurrent Start) (G1 Evacuation Pause)
[586.035s][info][gc,task        ] GC(1363) Using 2 workers of 2 for evacuation
[586.096s][info][gc,phases      ] GC(1363)   Pre Evacuate Collection Set: 0.38ms
[586.096s][info][gc,phases      ] GC(1363)   Merge Heap Roots: 0.37ms
[586.096s][info][gc,phases      ] GC(1363)   Evacuate Collection Set: 59.88ms
[586.096s][info][gc,phases      ] GC(1363)   Post Evacuate Collection Set: 0.57ms
[586.096s][info][gc,phases      ] GC(1363)   Other: 0.11ms
[586.096s][info][gc,heap        ] GC(1363) Eden regions: 151->0(190)
[586.096s][info][gc,heap        ] GC(1363) Survivor regions: 35->12(24)
[586.096s][info][gc,heap        ] GC(1363) Old regions: 700->702
[586.096s][info][gc,heap        ] GC(1363) Humongous regions: 7->7
[586.096s][info][gc,metaspace   ] GC(1363) Metaspace: 19029K(19136K)->19029K(19136K) NonClass: 17199K(17280K)->17199K(17280K) Class: 1829K(1856K)->1829K(1856K)
[586.096s][info][gc             ] GC(1363) Pause Young (Concurrent Start) (G1 Evacuation Pause) 892M->720M(978M) 61.587ms
[586.096s][info][gc,cpu         ] GC(1363) User=0.12s Sys=0.00s Real=0.06s
[586.099s][info][gc             ] GC(1364) Concurrent Mark Cycle
[586.099s][info][gc,marking     ] GC(1364) Concurrent Scan Root Regions
[586.171s][info][gc,marking     ] GC(1364) Concurrent Scan Root Regions 71.886ms
[586.171s][info][gc,marking     ] GC(1364) Concurrent Mark
[586.171s][info][gc,marking     ] GC(1364) Concurrent Mark From Roots
[586.171s][info][gc,task        ] GC(1364) Using 1 workers of 1 for marking
[586.700s][info][gc,start       ] GC(1365) Pause Young (Normal) (G1 Evacuation Pause)
[586.700s][info][gc,task        ] GC(1365) Using 2 workers of 2 for evacuation
[586.755s][info][gc,phases      ] GC(1365)   Pre Evacuate Collection Set: 0.32ms
[586.755s][info][gc,phases      ] GC(1365)   Merge Heap Roots: 0.37ms
[586.755s][info][gc,phases      ] GC(1365)   Evacuate Collection Set: 53.72ms
[586.755s][info][gc,phases      ] GC(1365)   Post Evacuate Collection Set: 0.63ms
[586.755s][info][gc,phases      ] GC(1365)   Other: 0.12ms
[586.755s][info][gc,heap        ] GC(1365) Eden regions: 190->0(160)
[586.755s][info][gc,heap        ] GC(1365) Survivor regions: 12->26(26)
[586.755s][info][gc,heap        ] GC(1365) Old regions: 702->706
[586.755s][info][gc,heap        ] GC(1365) Humongous regions: 10->10
[586.755s][info][gc,metaspace   ] GC(1365) Metaspace: 19029K(19136K)->19029K(19136K) NonClass: 17199K(17280K)->17199K(17280K) Class: 1829K(1856K)->1829K(1856K)
[586.755s][info][gc             ] GC(1365) Pause Young (Normal) (G1 Evacuation Pause) 913M->741M(978M) 55.415ms
[586.755s][info][gc,cpu         ] GC(1365) User=0.10s Sys=0.00s Real=0.06s
[587.438s][info][gc,start       ] GC(1366) Pause Young (Normal) (G1 Evacuation Pause)
[587.438s][info][gc,task        ] GC(1366) Using 2 workers of 2 for evacuation
[587.482s][info][gc,phases      ] GC(1366)   Pre Evacuate Collection Set: 0.62ms
[587.482s][info][gc,phases      ] GC(1366)   Merge Heap Roots: 0.55ms
[587.482s][info][gc,phases      ] GC(1366)   Evacuate Collection Set: 42.64ms
[587.482s][info][gc,phases      ] GC(1366)   Post Evacuate Collection Set: 0.46ms
[587.482s][info][gc,phases      ] GC(1366)   Other: 0.12ms
[587.482s][info][gc,heap        ] GC(1366) Eden regions: 160->0(180)
[587.483s][info][gc,heap        ] GC(1366) Survivor regions: 26->1(24)
[587.483s][info][gc,heap        ] GC(1366) Old regions: 706->733
[587.483s][info][gc,heap        ] GC(1366) Humongous regions: 10->10
[587.483s][info][gc,metaspace   ] GC(1366) Metaspace: 19029K(19136K)->19029K(19136K) NonClass: 17199K(17280K)->17199K(17280K) Class: 1829K(1856K)->1829K(1856K)
[587.483s][info][gc             ] GC(1366) Pause Young (Normal) (G1 Evacuation Pause) 901M->743M(978M) 44.667ms
[587.483s][info][gc,cpu         ] GC(1366) User=0.09s Sys=0.00s Real=0.05s
[587.817s][info][gc,marking     ] GC(1364) Concurrent Mark From Roots 1646.652ms
[587.817s][info][gc,marking     ] GC(1364) Concurrent Preclean
[587.817s][info][gc,marking     ] GC(1364) Concurrent Preclean 0.057ms
[587.818s][info][gc,start       ] GC(1364) Pause Remark
[587.826s][info][gc             ] GC(1364) Pause Remark 839M->703M(978M) 8.675ms
[587.826s][info][gc,cpu         ] GC(1364) User=0.02s Sys=0.00s Real=0.01s
[587.826s][info][gc,marking     ] GC(1364) Concurrent Mark 1655.801ms
[587.827s][info][gc,marking     ] GC(1364) Concurrent Rebuild Remembered Sets and Scrub Regions
[587.987s][info][gc,start       ] GC(1367) Pause Young (Normal) (G1 Evacuation Pause)
[587.987s][info][gc,task        ] GC(1367) Using 2 workers of 2 for evacuation
[588.009s][info][gc,phases      ] GC(1367)   Pre Evacuate Collection Set: 0.33ms
[588.009s][info][gc,phases      ] GC(1367)   Merge Heap Roots: 0.11ms
[588.009s][info][gc,phases      ] GC(1367)   Evacuate Collection Set: 21.04ms
[588.009s][info][gc,phases      ] GC(1367)   Post Evacuate Collection Set: 0.46ms
[588.009s][info][gc,phases      ] GC(1367)   Other: 0.11ms
[588.009s][info][gc,heap        ] GC(1367) Eden regions: 180->0(263)
[588.009s][info][gc,heap        ] GC(1367) Survivor regions: 1->21(23)
[588.009s][info][gc,heap        ] GC(1367) Old regions: 599->599
[588.009s][info][gc,heap        ] GC(1367) Humongous regions: 8->8
[588.009s][info][gc,metaspace   ] GC(1367) Metaspace: 19029K(19136K)->19029K(19136K) NonClass: 17200K(17280K)->17200K(17280K) Class: 1829K(1856K)->1829K(1856K)
[588.009s][info][gc             ] GC(1367) Pause Young (Normal) (G1 Evacuation Pause) 787M->627M(978M) 22.296ms
[588.009s][info][gc,cpu         ] GC(1367) User=0.04s Sys=0.00s Real=0.02s
[588.420s][info][gc,start       ] GC(1368) Pause Young (Normal) (G1 Evacuation Pause)
[588.420s][info][gc,task        ] GC(1368) Using 2 workers of 2 for evacuation
[588.498s][info][gc,phases      ] GC(1368)   Pre Evacuate Collection Set: 0.35ms
[588.498s][info][gc,phases      ] GC(1368)   Merge Heap Roots: 0.11ms
[588.498s][info][gc,phases      ] GC(1368)   Evacuate Collection Set: 77.08ms
[588.498s][info][gc,phases      ] GC(1368)   Post Evacuate Collection Set: 0.70ms
[588.498s][info][gc,phases      ] GC(1368)   Other: 0.09ms
[588.498s][info][gc,heap        ] GC(1368) Eden regions: 263->0(202)
[588.498s][info][gc,heap        ] GC(1368) Survivor regions: 21->36(36)
[588.498s][info][gc,heap        ] GC(1368) Old regions: 599->645
[588.499s][info][gc,heap        ] GC(1368) Humongous regions: 8->8
[588.499s][info][gc,metaspace   ] GC(1368) Metaspace: 19030K(19136K)->19030K(19136K) NonClass: 17200K(17280K)->17200K(17280K) Class: 1829K(1856K)->1829K(1856K)
[588.499s][info][gc             ] GC(1368) Pause Young (Normal) (G1 Evacuation Pause) 890M->688M(978M) 78.609ms
[588.499s][info][gc,cpu         ] GC(1368) User=0.16s Sys=0.00s Real=0.08s
[588.518s][info][gc,marking     ] GC(1364) Concurrent Rebuild Remembered Sets and Scrub Regions 691.843ms
[588.519s][info][gc,start       ] GC(1364) Pause Cleanup
[588.519s][info][gc             ] GC(1364) Pause Cleanup 697M->697M(978M) 0.152ms
[588.519s][info][gc,cpu         ] GC(1364) User=0.00s Sys=0.00s Real=0.00s
[588.519s][info][gc,marking     ] GC(1364) Concurrent Clear Claimed Marks
[588.520s][info][gc,marking     ] GC(1364) Concurrent Clear Claimed Marks 0.040ms
[588.520s][info][gc,marking     ] GC(1364) Concurrent Cleanup for Next Mark
[588.527s][info][gc,marking     ] GC(1364) Concurrent Cleanup for Next Mark 7.061ms
[588.527s][info][gc             ] GC(1364) Concurrent Mark Cycle 2428.004ms
[588.770s][info][gc,start       ] GC(1369) Pause Young (Prepare Mixed) (G1 Evacuation Pause)
[588.770s][info][gc,task        ] GC(1369) Using 2 workers of 2 for evacuation
[588.812s][info][gc,phases      ] GC(1369)   Pre Evacuate Collection Set: 0.55ms
[588.812s][info][gc,phases      ] GC(1369)   Merge Heap Roots: 0.35ms
[588.812s][info][gc,phases      ] GC(1369)   Evacuate Collection Set: 40.67ms
[588.812s][info][gc,phases      ] GC(1369)   Post Evacuate Collection Set: 0.50ms
[588.812s][info][gc,phases      ] GC(1369)   Other: 0.09ms
[588.812s][info][gc,heap        ] GC(1369) Eden regions: 202->0(213)
[588.812s][info][gc,heap        ] GC(1369) Survivor regions: 36->1(30)
[588.812s][info][gc,heap        ] GC(1369) Old regions: 645->682
[588.812s][info][gc,heap        ] GC(1369) Humongous regions: 8->8
[588.812s][info][gc,metaspace   ] GC(1369) Metaspace: 19030K(19136K)->19030K(19136K) NonClass: 17200K(17280K)->17200K(17280K) Class: 1829K(1856K)->1829K(1856K)
[588.812s][info][gc             ] GC(1369) Pause Young (Prepare Mixed) (G1 Evacuation Pause) 890M->690M(978M) 42.440ms
[588.812s][info][gc,cpu         ] GC(1369) User=0.08s Sys=0.00s Real=0.04s
[589.081s][info][gc,start       ] GC(1370) Pause Young (Mixed) (G1 Evacuation Pause)
[589.081s][info][gc,task        ] GC(1370) Using 2 workers of 2 for evacuation
[589.084s][info][gc,phases      ] GC(1370)   Pre Evacuate Collection Set: 0.57ms
[589.084s][info][gc,phases      ] GC(1370)   Merge Heap Roots: 0.13ms
[589.084s][info][gc,phases      ] GC(1370)   Evacuate Collection Set: 1.66ms
[589.084s][info][gc,phases      ] GC(1370)   Post Evacuate Collection Set: 0.46ms
[589.084s][info][gc,phases      ] GC(1370)   Other: 0.08ms
[589.084s][info][gc,heap        ] GC(1370) Eden regions: 213->0(240)
[589.084s][info][gc,heap        ] GC(1370) Survivor regions: 1->1(27)
[589.084s][info][gc,heap        ] GC(1370) Old regions: 682->660
[589.084s][info][gc,heap        ] GC(1370) Humongous regions: 8->8
[589.084s][info][gc,metaspace   ] GC(1370) Metaspace: 19030K(19136K)->19030K(19136K) NonClass: 17200K(17280K)->17200K(17280K) Class: 1829K(1856K)->1829K(1856K)
[589.084s][info][gc             ] GC(1370) Pause Young (Mixed) (G1 Evacuation Pause) 903M->668M(978M) 3.141ms
[589.084s][info][gc,cpu         ] GC(1370) User=0.00s Sys=0.00s Real=0.01s
[589.393s][info][gc,start       ] GC(1371) Pause Young (Concurrent Start) (G1 Evacuation Pause)
[589.393s][info][gc,task        ] GC(1371) Using 2 workers of 2 for evacuation
[589.396s][info][gc,phases      ] GC(1371)   Pre Evacuate Collection Set: 0.39ms
[589.396s][info][gc,phases      ] GC(1371)   Merge Heap Roots: 0.09ms
[589.396s][info][gc,phases      ] GC(1371)   Evacuate Collection Set: 1.59ms
[589.396s][info][gc,phases      ] GC(1371)   Post Evacuate Collection Set: 0.46ms
[589.396s][info][gc,phases      ] GC(1371)   Other: 0.27ms
[589.396s][info][gc,heap        ] GC(1371) Eden regions: 240->0(251)
[589.396s][info][gc,heap        ] GC(1371) Survivor regions: 1->1(31)
[589.396s][info][gc,heap        ] GC(1371) Old regions: 660->660
[589.396s][info][gc,heap        ] GC(1371) Humongous regions: 8->8
[589.396s][info][gc,metaspace   ] GC(1371) Metaspace: 19030K(19136K)->19030K(19136K) NonClass: 17200K(17280K)->17200K(17280K) Class: 1829K(1856K)->1829K(1856K)
[589.396s][info][gc             ] GC(1371) Pause Young (Concurrent Start) (G1 Evacuation Pause) 908M->668M(978M) 3.054ms
[589.396s][info][gc,cpu         ] GC(1371) User=0.01s Sys=0.00s Real=0.00s
[589.396s][info][gc             ] GC(1372) Concurrent Mark Cycle
[589.396s][info][gc,marking     ] GC(1372) Concurrent Scan Root Regions
[589.400s][info][gc,marking     ] GC(1372) Concurrent Scan Root Regions 3.837ms
[589.400s][info][gc,marking     ] GC(1372) Concurrent Mark
[589.400s][info][gc,marking     ] GC(1372) Concurrent Mark From Roots
[589.400s][info][gc,task        ] GC(1372) Using 1 workers of 1 for marking
[590.006s][info][gc,start       ] GC(1373) Pause Young (Normal) (G1 Evacuation Pause)
[590.006s][info][gc,task        ] GC(1373) Using 2 workers of 2 for evacuation
[590.009s][info][gc,phases      ] GC(1373)   Pre Evacuate Collection Set: 0.35ms
[590.009s][info][gc,phases      ] GC(1373)   Merge Heap Roots: 0.12ms
[590.009s][info][gc,phases      ] GC(1373)   Evacuate Collection Set: 2.17ms
[590.009s][info][gc,phases      ] GC(1373)   Post Evacuate Collection Set: 0.48ms
[590.009s][info][gc,phases      ] GC(1373)   Other: 0.10ms
[590.009s][info][gc,heap        ] GC(1373) Eden regions: 251->0(258)
[590.009s][info][gc,heap        ] GC(1373) Survivor regions: 1->1(32)
[590.009s][info][gc,heap        ] GC(1373) Old regions: 660->660
[590.009s][info][gc,heap        ] GC(1373) Humongous regions: 8->8
[590.009s][info][gc,metaspace   ] GC(1373) Metaspace: 19030K(19136K)->19030K(19136K) NonClass: 17200K(17280K)->17200K(17280K) Class: 1829K(1856K)->1829K(1856K)
[590.009s][info][gc             ] GC(1373) Pause Young (Normal) (G1 Evacuation Pause) 919M->668M(978M) 3.496ms
[590.009s][info][gc,cpu         ] GC(1373) User=0.01s Sys=0.00s Real=0.00s
[590.712s][info][gc,start       ] GC(1374) Pause Young (Normal) (G1 Evacuation Pause)
[590.713s][info][gc,task        ] GC(1374) Using 2 workers of 2 for evacuation
[590.761s][info][gc,phases      ] GC(1374)   Pre Evacuate Collection Set: 0.32ms
[590.761s][info][gc,phases      ] GC(1374)   Merge Heap Roots: 0.44ms
[590.761s][info][gc,phases      ] GC(1374)   Evacuate Collection Set: 46.64ms
[590.761s][info][gc,phases      ] GC(1374)   Post Evacuate Collection Set: 0.68ms
[590.761s][info][gc,phases      ] GC(1374)   Other: 0.10ms
[590.761s][info][gc,heap        ] GC(1374) Eden regions: 258->0(215)
[590.761s][info][gc,heap        ] GC(1374) Survivor regions: 1->21(33)
[590.761s][info][gc,heap        ] GC(1374) Old regions: 660->660
[590.761s][info][gc,heap        ] GC(1374) Humongous regions: 11->11
[590.761s][info][gc,metaspace   ] GC(1374) Metaspace: 19030K(19136K)->19030K(19136K) NonClass: 17200K(17280K)->17200K(17280K) Class: 1829K(1856K)->1829K(1856K)
[590.761s][info][gc             ] GC(1374) Pause Young (Normal) (G1 Evacuation Pause) 929M->691M(978M) 48.500ms
[590.761s][info][gc,cpu         ] GC(1374) User=0.10s Sys=0.00s Real=0.05s
[590.794s][info][gc,marking     ] GC(1372) Concurrent Mark From Roots 1394.150ms
[590.794s][info][gc,marking     ] GC(1372) Concurrent Preclean
[590.794s][info][gc,marking     ] GC(1372) Concurrent Preclean 0.053ms
[590.795s][info][gc,start       ] GC(1372) Pause Remark
[590.804s][info][gc             ] GC(1372) Pause Remark 702M->510M(978M) 8.962ms
[590.804s][info][gc,cpu         ] GC(1372) User=0.01s Sys=0.00s Real=0.01s
[590.804s][info][gc,marking     ] GC(1372) Concurrent Mark 1403.712ms
[590.804s][info][gc,marking     ] GC(1372) Concurrent Rebuild Remembered Sets and Scrub Regions
[591.253s][info][gc,marking     ] GC(1372) Concurrent Rebuild Remembered Sets and Scrub Regions 448.776ms
[591.253s][info][gc,start       ] GC(1372) Pause Cleanup
[591.253s][info][gc             ] GC(1372) Pause Cleanup 710M->710M(978M) 0.151ms
[591.253s][info][gc,cpu         ] GC(1372) User=0.00s Sys=0.00s Real=0.00s
[591.253s][info][gc,marking     ] GC(1372) Concurrent Clear Claimed Marks
[591.253s][info][gc,marking     ] GC(1372) Concurrent Clear Claimed Marks 0.033ms
[591.253s][info][gc,marking     ] GC(1372) Concurrent Cleanup for Next Mark
[591.256s][info][gc,marking     ] GC(1372) Concurrent Cleanup for Next Mark 2.966ms
[591.256s][info][gc             ] GC(1372) Concurrent Mark Cycle 1859.906ms
[591.263s][info][gc,start       ] GC(1375) Pause Young (Prepare Mixed) (G1 Evacuation Pause)
[591.263s][info][gc,task        ] GC(1375) Using 2 workers of 2 for evacuation
[591.309s][info][gc,phases      ] GC(1375)   Pre Evacuate Collection Set: 0.33ms
[591.309s][info][gc,phases      ] GC(1375)   Merge Heap Roots: 0.63ms
[591.309s][info][gc,phases      ] GC(1375)   Evacuate Collection Set: 44.18ms
[591.309s][info][gc,phases      ] GC(1375)   Post Evacuate Collection Set: 0.50ms
[591.309s][info][gc,phases      ] GC(1375)   Other: 0.11ms
[591.309s][info][gc,heap        ] GC(1375) Eden regions: 215->0(404)
[591.309s][info][gc,heap        ] GC(1375) Survivor regions: 21->1(30)
[591.309s][info][gc,heap        ] GC(1375) Old regions: 472->492
[591.309s][info][gc,heap        ] GC(1375) Humongous regions: 7->7
[591.309s][info][gc,metaspace   ] GC(1375) Metaspace: 19030K(19136K)->19030K(19136K) NonClass: 17200K(17280K)->17200K(17280K) Class: 1829K(1856K)->1829K(1856K)
[591.309s][info][gc             ] GC(1375) Pause Young (Prepare Mixed) (G1 Evacuation Pause) 714M->499M(978M) 45.996ms
[591.309s][info][gc,cpu         ] GC(1375) User=0.09s Sys=0.00s Real=0.04s
[591.700s][info][gc,start       ] GC(1376) Pause Young (Mixed) (G1 Evacuation Pause)
[591.700s][info][gc,task        ] GC(1376) Using 2 workers of 2 for evacuation
[591.756s][info][gc,phases      ] GC(1376)   Pre Evacuate Collection Set: 0.57ms
[591.756s][info][gc,phases      ] GC(1376)   Merge Heap Roots: 0.37ms
[591.756s][info][gc,phases      ] GC(1376)   Evacuate Collection Set: 53.44ms
[591.756s][info][gc,phases      ] GC(1376)   Post Evacuate Collection Set: 0.78ms
[591.756s][info][gc,phases      ] GC(1376)   Other: 0.12ms
[591.756s][info][gc,heap        ] GC(1376) Eden regions: 404->0(412)
[591.756s][info][gc,heap        ] GC(1376) Survivor regions: 1->39(51)
[591.756s][info][gc,heap        ] GC(1376) Old regions: 492->426
[591.756s][info][gc,heap        ] GC(1376) Humongous regions: 7->7
[591.756s][info][gc,metaspace   ] GC(1376) Metaspace: 19030K(19136K)->19030K(19136K) NonClass: 17201K(17280K)->17201K(17280K) Class: 1829K(1856K)->1829K(1856K)
[591.756s][info][gc             ] GC(1376) Pause Young (Mixed) (G1 Evacuation Pause) 903M->471M(978M) 55.551ms
[591.756s][info][gc,cpu         ] GC(1376) User=0.11s Sys=0.00s Real=0.06s
[592.168s][info][gc,start       ] GC(1377) Pause Young (Concurrent Start) (G1 Evacuation Pause)
[592.168s][info][gc,task        ] GC(1377) Using 2 workers of 2 for evacuation
[592.229s][info][gc,phases      ] GC(1377)   Pre Evacuate Collection Set: 0.32ms
[592.229s][info][gc,phases      ] GC(1377)   Merge Heap Roots: 0.25ms
[592.229s][info][gc,phases      ] GC(1377)   Evacuate Collection Set: 59.95ms
[592.229s][info][gc,phases      ] GC(1377)   Post Evacuate Collection Set: 0.72ms
[592.229s][info][gc,phases      ] GC(1377)   Other: 0.13ms
[592.229s][info][gc,heap        ] GC(1377) Eden regions: 412->0(407)
[592.229s][info][gc,heap        ] GC(1377) Survivor regions: 39->13(57)
[592.229s][info][gc,heap        ] GC(1377) Old regions: 426->465
[592.229s][info][gc,heap        ] GC(1377) Humongous regions: 7->7
[592.229s][info][gc,metaspace   ] GC(1377) Metaspace: 19030K(19136K)->19030K(19136K) NonClass: 17201K(17280K)->17201K(17280K) Class: 1829K(1856K)->1829K(1856K)
[592.229s][info][gc             ] GC(1377) Pause Young (Concurrent Start) (G1 Evacuation Pause) 883M->484M(978M) 61.635ms
[592.229s][info][gc,cpu         ] GC(1377) User=0.12s Sys=0.00s Real=0.06s
[592.229s][info][gc             ] GC(1378) Concurrent Mark Cycle
[592.232s][info][gc,marking     ] GC(1378) Concurrent Scan Root Regions
[592.317s][info][gc,marking     ] GC(1378) Concurrent Scan Root Regions 84.955ms
[592.317s][info][gc,marking     ] GC(1378) Concurrent Mark
[592.317s][info][gc,marking     ] GC(1378) Concurrent Mark From Roots
[592.317s][info][gc,task        ] GC(1378) Using 1 workers of 1 for marking
[593.076s][info][gc,marking     ] GC(1378) Concurrent Mark From Roots 759.759ms
[593.077s][info][gc,marking     ] GC(1378) Concurrent Preclean
[593.077s][info][gc,marking     ] GC(1378) Concurrent Preclean 0.078ms
[593.077s][info][gc,start       ] GC(1378) Pause Remark
[593.085s][info][gc             ] GC(1378) Pause Remark 744M->626M(978M) 8.484ms
[593.085s][info][gc,cpu         ] GC(1378) User=0.02s Sys=0.00s Real=0.01s
[593.085s][info][gc,marking     ] GC(1378) Concurrent Mark 768.710ms
[593.085s][info][gc,marking     ] GC(1378) Concurrent Rebuild Remembered Sets and Scrub Regions
[593.289s][info][gc,marking     ] GC(1378) Concurrent Rebuild Remembered Sets and Scrub Regions 203.163ms
[593.289s][info][gc,start       ] GC(1378) Pause Cleanup
[593.289s][info][gc             ] GC(1378) Pause Cleanup 696M->696M(978M) 0.119ms
[593.289s][info][gc,cpu         ] GC(1378) User=0.00s Sys=0.00s Real=0.00s
[593.289s][info][gc,marking     ] GC(1378) Concurrent Clear Claimed Marks
[593.289s][info][gc,marking     ] GC(1378) Concurrent Clear Claimed Marks 0.032ms
[593.289s][info][gc,marking     ] GC(1378) Concurrent Cleanup for Next Mark
[593.292s][info][gc,marking     ] GC(1378) Concurrent Cleanup for Next Mark 2.925ms
[593.292s][info][gc             ] GC(1378) Concurrent Mark Cycle 1062.718ms
[593.391s][info][gc,start       ] GC(1379) Pause Young (Prepare Mixed) (G1 Evacuation Pause)
[593.391s][info][gc,task        ] GC(1379) Using 2 workers of 2 for evacuation
[593.458s][info][gc,phases      ] GC(1379)   Pre Evacuate Collection Set: 0.31ms
[593.458s][info][gc,phases      ] GC(1379)   Merge Heap Roots: 0.51ms
[593.458s][info][gc,phases      ] GC(1379)   Evacuate Collection Set: 65.30ms
[593.458s][info][gc,phases      ] GC(1379)   Post Evacuate Collection Set: 0.72ms
[593.458s][info][gc,phases      ] GC(1379)   Other: 0.14ms
[593.458s][info][gc,heap        ] GC(1379) Eden regions: 407->0(468)
[593.458s][info][gc,heap        ] GC(1379) Survivor regions: 13->48(53)
[593.458s][info][gc,heap        ] GC(1379) Old regions: 350->350
[593.458s][info][gc,heap        ] GC(1379) Humongous regions: 4->4
[593.458s][info][gc,metaspace   ] GC(1379) Metaspace: 19030K(19136K)->19030K(19136K) NonClass: 17201K(17280K)->17201K(17280K) Class: 1829K(1856K)->1829K(1856K)
[593.458s][info][gc             ] GC(1379) Pause Young (Prepare Mixed) (G1 Evacuation Pause) 773M->401M(978M) 67.256ms
[593.458s][info][gc,cpu         ] GC(1379) User=0.13s Sys=0.00s Real=0.07s
[593.987s][info][gc,start       ] GC(1380) Pause Young (Mixed) (G1 Evacuation Pause)
[593.987s][info][gc,task        ] GC(1380) Using 2 workers of 2 for evacuation
[594.085s][info][gc,phases      ] GC(1380)   Pre Evacuate Collection Set: 0.37ms
[594.085s][info][gc,phases      ] GC(1380)   Merge Heap Roots: 0.37ms
[594.085s][info][gc,phases      ] GC(1380)   Evacuate Collection Set: 95.47ms
[594.085s][info][gc,phases      ] GC(1380)   Post Evacuate Collection Set: 0.82ms
[594.085s][info][gc,phases      ] GC(1380)   Other: 0.17ms
[594.085s][info][gc,heap        ] GC(1380) Eden regions: 468->0(477)
[594.085s][info][gc,heap        ] GC(1380) Survivor regions: 48->31(65)
[594.085s][info][gc,heap        ] GC(1380) Old regions: 350->354
[594.085s][info][gc,heap        ] GC(1380) Humongous regions: 4->4
[594.085s][info][gc,metaspace   ] GC(1380) Metaspace: 19030K(19136K)->19030K(19136K) NonClass: 17201K(17280K)->17201K(17280K) Class: 1829K(1856K)->1829K(1856K)
[594.085s][info][gc             ] GC(1380) Pause Young (Mixed) (G1 Evacuation Pause) 869M->388M(978M) 97.513ms
[594.085s][info][gc,cpu         ] GC(1380) User=0.19s Sys=0.00s Real=0.10s
[594.677s][info][gc,start       ] GC(1381) Pause Young (Concurrent Start) (G1 Evacuation Pause)
[594.677s][info][gc,task        ] GC(1381) Using 2 workers of 2 for evacuation
[594.736s][info][gc,phases      ] GC(1381)   Pre Evacuate Collection Set: 0.38ms
[594.736s][info][gc,phases      ] GC(1381)   Merge Heap Roots: 0.31ms
[594.736s][info][gc,phases      ] GC(1381)   Evacuate Collection Set: 57.52ms
[594.736s][info][gc,phases      ] GC(1381)   Post Evacuate Collection Set: 0.82ms
[594.736s][info][gc,phases      ] GC(1381)   Other: 0.15ms
[594.736s][info][gc,heap        ] GC(1381) Eden regions: 477->0(469)
[594.736s][info][gc,heap        ] GC(1381) Survivor regions: 31->48(64)
[594.736s][info][gc,heap        ] GC(1381) Old regions: 354->354
[594.736s][info][gc,heap        ] GC(1381) Humongous regions: 4->4
[594.736s][info][gc,metaspace   ] GC(1381) Metaspace: 19030K(19136K)->19030K(19136K) NonClass: 17201K(17280K)->17201K(17280K) Class: 1829K(1856K)->1829K(1856K)
[594.736s][info][gc             ] GC(1381) Pause Young (Concurrent Start) (G1 Evacuation Pause) 865M->404M(978M) 59.512ms
[594.736s][info][gc             ] GC(1382) Concurrent Mark Cycle
[594.736s][info][gc,marking     ] GC(1382) Concurrent Scan Root Regions
[594.736s][info][gc,cpu         ] GC(1381) User=0.12s Sys=0.00s Real=0.06s
[594.840s][info][gc,marking     ] GC(1382) Concurrent Scan Root Regions 103.435ms
[594.840s][info][gc,marking     ] GC(1382) Concurrent Mark
[594.840s][info][gc,marking     ] GC(1382) Concurrent Mark From Roots
[594.840s][info][gc,task        ] GC(1382) Using 1 workers of 1 for marking
[595.766s][info][gc,marking     ] GC(1382) Concurrent Mark From Roots 926.372ms
[595.766s][info][gc,marking     ] GC(1382) Concurrent Preclean
[595.766s][info][gc,marking     ] GC(1382) Concurrent Preclean 0.052ms
[595.766s][info][gc,start       ] GC(1382) Pause Remark
[595.775s][info][gc             ] GC(1382) Pause Remark 627M->627M(978M) 8.889ms
[595.775s][info][gc,cpu         ] GC(1382) User=0.02s Sys=0.00s Real=0.01s
[595.778s][info][gc,marking     ] GC(1382) Concurrent Mark 937.928ms
[595.778s][info][gc,marking     ] GC(1382) Concurrent Rebuild Remembered Sets and Scrub Regions
[596.211s][info][gc,marking     ] GC(1382) Concurrent Rebuild Remembered Sets and Scrub Regions 433.306ms
[596.211s][info][gc,start       ] GC(1382) Pause Cleanup
[596.211s][info][gc             ] GC(1382) Pause Cleanup 736M->736M(978M) 0.114ms
[596.211s][info][gc,cpu         ] GC(1382) User=0.00s Sys=0.00s Real=0.00s
[596.211s][info][gc,marking     ] GC(1382) Concurrent Clear Claimed Marks
[596.211s][info][gc,marking     ] GC(1382) Concurrent Clear Claimed Marks 0.035ms
[596.211s][info][gc,marking     ] GC(1382) Concurrent Cleanup for Next Mark
[596.214s][info][gc,marking     ] GC(1382) Concurrent Cleanup for Next Mark 2.989ms
[596.214s][info][gc             ] GC(1382) Concurrent Mark Cycle 1478.288ms
[596.509s][info][gc,start       ] GC(1383) Pause Young (Prepare Mixed) (G1 Evacuation Pause)
[596.509s][info][gc,task        ] GC(1383) Using 2 workers of 2 for evacuation
[596.572s][info][gc,phases      ] GC(1383)   Pre Evacuate Collection Set: 0.54ms
[596.572s][info][gc,phases      ] GC(1383)   Merge Heap Roots: 0.82ms
[596.572s][info][gc,phases      ] GC(1383)   Evacuate Collection Set: 60.39ms
[596.572s][info][gc,phases      ] GC(1383)   Post Evacuate Collection Set: 0.84ms
[596.572s][info][gc,phases      ] GC(1383)   Other: 0.16ms
[596.572s][info][gc,heap        ] GC(1383) Eden regions: 469->0(486)
[596.572s][info][gc,heap        ] GC(1383) Survivor regions: 48->19(65)
[596.572s][info][gc,heap        ] GC(1383) Old regions: 354->385
[596.572s][info][gc,heap        ] GC(1383) Humongous regions: 4->4
[596.572s][info][gc,metaspace   ] GC(1383) Metaspace: 19030K(19136K)->19030K(19136K) NonClass: 17201K(17280K)->17201K(17280K) Class: 1829K(1856K)->1829K(1856K)
[596.572s][info][gc             ] GC(1383) Pause Young (Prepare Mixed) (G1 Evacuation Pause) 873M->407M(978M) 63.039ms
[596.572s][info][gc,cpu         ] GC(1383) User=0.12s Sys=0.00s Real=0.06s
[597.235s][info][gc,start       ] GC(1384) Pause Young (Mixed) (G1 Evacuation Pause)
[597.235s][info][gc,task        ] GC(1384) Using 2 workers of 2 for evacuation
[597.481s][info][gc,mmu         ] GC(1384) MMU target violated: 201.0ms (200.0ms/201.0ms)
[597.481s][info][gc,phases      ] GC(1384)   Pre Evacuate Collection Set: 0.34ms
[597.481s][info][gc,phases      ] GC(1384)   Merge Heap Roots: 0.32ms
[597.481s][info][gc,phases      ] GC(1384)   Evacuate Collection Set: 213.74ms
[597.481s][info][gc,phases      ] GC(1384)   Post Evacuate Collection Set: 31.13ms
[597.481s][info][gc,phases      ] GC(1384)   Other: 0.18ms
[597.481s][info][gc,heap        ] GC(1384) Eden regions: 486->0(81)
[597.481s][info][gc,heap        ] GC(1384) Survivor regions: 19->64(64)
[597.481s][info][gc,heap        ] GC(1384) Old regions: 385->715
[597.481s][info][gc,heap        ] GC(1384) Humongous regions: 4->4
[597.481s][info][gc,metaspace   ] GC(1384) Metaspace: 19056K(19200K)->19056K(19200K) NonClass: 17226K(17344K)->17226K(17344K) Class: 1829K(1856K)->1829K(1856K)
[597.481s][info][gc             ] GC(1384) Pause Young (Mixed) (G1 Evacuation Pause) (Evacuation Failure: Allocation) 893M->782M(978M) 245.952ms
[597.481s][info][gc,cpu         ] GC(1384) User=0.49s Sys=0.00s Real=0.24s
[597.647s][info][gc,start       ] GC(1385) Pause Young (Concurrent Start) (G1 Evacuation Pause)
[597.647s][info][gc,task        ] GC(1385) Using 2 workers of 2 for evacuation
[597.817s][info][gc,phases      ] GC(1385)   Pre Evacuate Collection Set: 0.46ms
[597.818s][info][gc,phases      ] GC(1385)   Merge Heap Roots: 1.33ms
[597.818s][info][gc,phases      ] GC(1385)   Evacuate Collection Set: 161.70ms
[597.818s][info][gc,phases      ] GC(1385)   Post Evacuate Collection Set: 6.45ms
[597.818s][info][gc,phases      ] GC(1385)   Other: 0.24ms
[597.818s][info][gc,heap        ] GC(1385) Eden regions: 81->0(148)
[597.818s][info][gc,heap        ] GC(1385) Survivor regions: 64->19(19)
[597.818s][info][gc,heap        ] GC(1385) Old regions: 715->732
[597.818s][info][gc,heap        ] GC(1385) Humongous regions: 4->4
[597.818s][info][gc,metaspace   ] GC(1385) Metaspace: 19056K(19200K)->19056K(19200K) NonClass: 17226K(17344K)->17226K(17344K) Class: 1829K(1856K)->1829K(1856K)
[597.818s][info][gc             ] GC(1385) Pause Young (Concurrent Start) (G1 Evacuation Pause) (Evacuation Failure: Allocation) 863M->754M(978M) 170.465ms
[597.818s][info][gc,cpu         ] GC(1385) User=0.34s Sys=0.00s Real=0.17s
[597.818s][info][gc             ] GC(1386) Concurrent Mark Cycle
[597.818s][info][gc,marking     ] GC(1386) Concurrent Scan Root Regions
[598.041s][info][gc,marking     ] GC(1386) Concurrent Scan Root Regions 222.774ms
[598.041s][info][gc,marking     ] GC(1386) Concurrent Mark
[598.041s][info][gc,marking     ] GC(1386) Concurrent Mark From Roots
[598.041s][info][gc,task        ] GC(1386) Using 1 workers of 1 for marking
[598.217s][info][gc,start       ] GC(1387) Pause Young (Normal) (G1 Evacuation Pause)
[598.217s][info][gc,task        ] GC(1387) Using 2 workers of 2 for evacuation
[598.299s][info][gc,phases      ] GC(1387)   Pre Evacuate Collection Set: 0.43ms
[598.299s][info][gc,phases      ] GC(1387)   Merge Heap Roots: 0.51ms
[598.299s][info][gc,phases      ] GC(1387)   Evacuate Collection Set: 79.78ms
[598.299s][info][gc,phases      ] GC(1387)   Post Evacuate Collection Set: 0.73ms
[598.299s][info][gc,phases      ] GC(1387)   Other: 0.09ms
[598.299s][info][gc,heap        ] GC(1387) Eden regions: 148->0(207)
[598.299s][info][gc,heap        ] GC(1387) Survivor regions: 19->21(21)
[598.299s][info][gc,heap        ] GC(1387) Old regions: 732->648
[598.299s][info][gc,heap        ] GC(1387) Humongous regions: 4->4
[598.299s][info][gc,metaspace   ] GC(1387) Metaspace: 19069K(19200K)->19069K(19200K) NonClass: 17240K(17344K)->17240K(17344K) Class: 1829K(1856K)->1829K(1856K)
[598.299s][info][gc             ] GC(1387) Pause Young (Normal) (G1 Evacuation Pause) 902M->672M(978M) 81.828ms
[598.299s][info][gc,cpu         ] GC(1387) User=0.16s Sys=0.01s Real=0.08s
[598.780s][info][gc,start       ] GC(1388) Pause Young (Normal) (G1 Evacuation Pause)
[598.780s][info][gc,task        ] GC(1388) Using 2 workers of 2 for evacuation
[598.926s][info][gc,phases      ] GC(1388)   Pre Evacuate Collection Set: 0.39ms
[598.926s][info][gc,phases      ] GC(1388)   Merge Heap Roots: 2.04ms
[598.926s][info][gc,phases      ] GC(1388)   Evacuate Collection Set: 142.89ms
[598.926s][info][gc,phases      ] GC(1388)   Post Evacuate Collection Set: 0.98ms
[598.926s][info][gc,phases      ] GC(1388)   Other: 0.12ms
[598.926s][info][gc,heap        ] GC(1388) Eden regions: 207->0(218)
[598.926s][info][gc,heap        ] GC(1388) Survivor regions: 21->29(29)
[598.926s][info][gc,heap        ] GC(1388) Old regions: 648->613
[598.926s][info][gc,heap        ] GC(1388) Humongous regions: 10->10
[598.926s][info][gc,metaspace   ] GC(1388) Metaspace: 19069K(19200K)->19069K(19200K) NonClass: 17240K(17344K)->17240K(17344K) Class: 1829K(1856K)->1829K(1856K)
[598.926s][info][gc             ] GC(1388) Pause Young (Normal) (G1 Evacuation Pause) 885M->651M(978M) 146.703ms
[598.926s][info][gc,cpu         ] GC(1388) User=0.29s Sys=0.00s Real=0.15s
[599.636s][info][gc,marking     ] GC(1386) Concurrent Mark From Roots 1594.957ms
[599.636s][info][gc,marking     ] GC(1386) Concurrent Preclean
[599.636s][info][gc,marking     ] GC(1386) Concurrent Preclean 0.051ms
[599.637s][info][gc,start       ] GC(1386) Pause Remark
[599.646s][info][gc             ] GC(1386) Pause Remark 819M->819M(978M) 9.034ms
[599.646s][info][gc,cpu         ] GC(1386) User=0.02s Sys=0.00s Real=0.01s
[599.648s][info][gc,marking     ] GC(1386) Concurrent Mark 1606.985ms
[599.648s][info][gc,marking     ] GC(1386) Concurrent Rebuild Remembered Sets and Scrub Regions
[599.803s][info][gc,start       ] GC(1389) Pause Young (Normal) (G1 Evacuation Pause)
[599.804s][info][gc,task        ] GC(1389) Using 2 workers of 2 for evacuation
[599.895s][info][gc,phases      ] GC(1389)   Pre Evacuate Collection Set: 0.31ms
[599.895s][info][gc,phases      ] GC(1389)   Merge Heap Roots: 0.80ms
[599.895s][info][gc,phases      ] GC(1389)   Evacuate Collection Set: 89.67ms
[599.895s][info][gc,phases      ] GC(1389)   Post Evacuate Collection Set: 0.58ms
[599.895s][info][gc,phases      ] GC(1389)   Other: 0.12ms
[599.895s][info][gc,heap        ] GC(1389) Eden regions: 218->0(223)
[599.895s][info][gc,heap        ] GC(1389) Survivor regions: 29->8(31)
[599.895s][info][gc,heap        ] GC(1389) Old regions: 613->640
[599.895s][info][gc,heap        ] GC(1389) Humongous regions: 13->13
[599.895s][info][gc,metaspace   ] GC(1389) Metaspace: 19069K(19200K)->19069K(19200K) NonClass: 17240K(17344K)->17240K(17344K) Class: 1829K(1856K)->1829K(1856K)
[599.895s][info][gc             ] GC(1389) Pause Young (Normal) (G1 Evacuation Pause) 872M->660M(978M) 91.786ms
[599.895s][info][gc,cpu         ] GC(1389) User=0.19s Sys=0.00s Real=0.09s
[600.431s][info][gc,start       ] GC(1390) Pause Young (Normal) (G1 Evacuation Pause)
[600.432s][info][gc,task        ] GC(1390) Using 2 workers of 2 for evacuation
[600.450s][info][gc,phases      ] GC(1390)   Pre Evacuate Collection Set: 0.34ms
[600.450s][info][gc,phases      ] GC(1390)   Merge Heap Roots: 0.25ms
[600.450s][info][gc,phases      ] GC(1390)   Evacuate Collection Set: 17.61ms
[600.450s][info][gc,phases      ] GC(1390)   Post Evacuate Collection Set: 0.51ms
[600.450s][info][gc,phases      ] GC(1390)   Other: 0.10ms
[600.450s][info][gc,heap        ] GC(1390) Eden regions: 223->0(237)
[600.450s][info][gc,heap        ] GC(1390) Survivor regions: 8->8(29)
[600.450s][info][gc,heap        ] GC(1390) Old regions: 640->640
[600.450s][info][gc,heap        ] GC(1390) Humongous regions: 13->13
[600.450s][info][gc,metaspace   ] GC(1390) Metaspace: 19069K(19200K)->19069K(19200K) NonClass: 17240K(17344K)->17240K(17344K) Class: 1829K(1856K)->1829K(1856K)
[600.450s][info][gc             ] GC(1390) Pause Young (Normal) (G1 Evacuation Pause) 883M->660M(978M) 19.052ms
[600.451s][info][gc,cpu         ] GC(1390) User=0.04s Sys=0.00s Real=0.02s
[600.498s][info][gc,marking     ] GC(1386) Concurrent Rebuild Remembered Sets and Scrub Regions 850.146ms
[600.498s][info][gc,start       ] GC(1386) Pause Cleanup
[600.498s][info][gc             ] GC(1386) Pause Cleanup 678M->678M(978M) 0.124ms
[600.498s][info][gc,cpu         ] GC(1386) User=0.00s Sys=0.00s Real=0.00s
[600.498s][info][gc,marking     ] GC(1386) Concurrent Clear Claimed Marks
[600.498s][info][gc,marking     ] GC(1386) Concurrent Clear Claimed Marks 0.034ms
[600.498s][info][gc,marking     ] GC(1386) Concurrent Cleanup for Next Mark
[600.505s][info][gc,marking     ] GC(1386) Concurrent Cleanup for Next Mark 7.102ms
[600.506s][info][gc             ] GC(1386) Concurrent Mark Cycle 2687.911ms
[600.887s][info][gc,start       ] GC(1391) Pause Young (Prepare Mixed) (G1 Evacuation Pause)
[600.887s][info][gc,task        ] GC(1391) Using 2 workers of 2 for evacuation
[600.905s][info][gc,phases      ] GC(1391)   Pre Evacuate Collection Set: 0.62ms
[600.905s][info][gc,phases      ] GC(1391)   Merge Heap Roots: 0.17ms
[600.906s][info][gc,phases      ] GC(1391)   Evacuate Collection Set: 17.24ms
[600.906s][info][gc,phases      ] GC(1391)   Post Evacuate Collection Set: 0.53ms
[600.906s][info][gc,phases      ] GC(1391)   Other: 0.10ms
[600.906s][info][gc,heap        ] GC(1391) Eden regions: 237->0(251)
[600.906s][info][gc,heap        ] GC(1391) Survivor regions: 8->8(31)
[600.906s][info][gc,heap        ] GC(1391) Old regions: 640->640
[600.906s][info][gc,heap        ] GC(1391) Humongous regions: 13->13
[600.906s][info][gc,metaspace   ] GC(1391) Metaspace: 19069K(19200K)->19069K(19200K) NonClass: 17240K(17344K)->17240K(17344K) Class: 1829K(1856K)->1829K(1856K)
[600.906s][info][gc             ] GC(1391) Pause Young (Prepare Mixed) (G1 Evacuation Pause) 897M->660M(978M) 18.919ms
[600.906s][info][gc,cpu         ] GC(1391) User=0.04s Sys=0.00s Real=0.02s
[601.351s][info][gc,start       ] GC(1392) Pause Young (Mixed) (G1 Evacuation Pause)
[601.351s][info][gc,task        ] GC(1392) Using 2 workers of 2 for evacuation
[601.377s][info][gc,phases      ] GC(1392)   Pre Evacuate Collection Set: 0.40ms
[601.377s][info][gc,phases      ] GC(1392)   Merge Heap Roots: 0.27ms
[601.377s][info][gc,phases      ] GC(1392)   Evacuate Collection Set: 24.03ms
[601.377s][info][gc,phases      ] GC(1392)   Post Evacuate Collection Set: 0.57ms
[601.377s][info][gc,phases      ] GC(1392)   Other: 0.13ms
[601.377s][info][gc,heap        ] GC(1392) Eden regions: 251->0(268)
[601.377s][info][gc,heap        ] GC(1392) Survivor regions: 8->8(33)
[601.377s][info][gc,heap        ] GC(1392) Old regions: 640->631
[601.377s][info][gc,heap        ] GC(1392) Humongous regions: 13->13
[601.377s][info][gc,metaspace   ] GC(1392) Metaspace: 19069K(19200K)->19069K(19200K) NonClass: 17240K(17344K)->17240K(17344K) Class: 1829K(1856K)->1829K(1856K)
[601.377s][info][gc             ] GC(1392) Pause Young (Mixed) (G1 Evacuation Pause) 911M->651M(978M) 25.683ms
[601.377s][info][gc,cpu         ] GC(1392) User=0.05s Sys=0.00s Real=0.03s
[601.855s][info][gc,start       ] GC(1393) Pause Young (Concurrent Start) (G1 Evacuation Pause)
[601.856s][info][gc,task        ] GC(1393) Using 2 workers of 2 for evacuation
[601.875s][info][gc,phases      ] GC(1393)   Pre Evacuate Collection Set: 0.40ms
[601.875s][info][gc,phases      ] GC(1393)   Merge Heap Roots: 0.18ms
[601.875s][info][gc,phases      ] GC(1393)   Evacuate Collection Set: 17.92ms
[601.875s][info][gc,phases      ] GC(1393)   Post Evacuate Collection Set: 0.57ms
[601.875s][info][gc,phases      ] GC(1393)   Other: 0.28ms
[601.875s][info][gc,heap        ] GC(1393) Eden regions: 268->0(268)
[601.875s][info][gc,heap        ] GC(1393) Survivor regions: 8->8(35)
[601.875s][info][gc,heap        ] GC(1393) Old regions: 631->631
[601.875s][info][gc,heap        ] GC(1393) Humongous regions: 13->13
[601.875s][info][gc,metaspace   ] GC(1393) Metaspace: 19069K(19200K)->19069K(19200K) NonClass: 17240K(17344K)->17240K(17344K) Class: 1829K(1856K)->1829K(1856K)
[601.875s][info][gc             ] GC(1393) Pause Young (Concurrent Start) (G1 Evacuation Pause) 919M->651M(978M) 19.682ms
[601.875s][info][gc,cpu         ] GC(1393) User=0.04s Sys=0.00s Real=0.02s
[601.875s][info][gc             ] GC(1394) Concurrent Mark Cycle
[601.875s][info][gc,marking     ] GC(1394) Concurrent Scan Root Regions
[601.908s][info][gc,marking     ] GC(1394) Concurrent Scan Root Regions 32.370ms
[601.908s][info][gc,marking     ] GC(1394) Concurrent Mark
[601.908s][info][gc,marking     ] GC(1394) Concurrent Mark From Roots
[601.908s][info][gc,task        ] GC(1394) Using 1 workers of 1 for marking
[602.411s][info][gc,start       ] GC(1395) Pause Young (Normal) (G1 Evacuation Pause)
[602.411s][info][gc,task        ] GC(1395) Using 2 workers of 2 for evacuation
[602.473s][info][gc,phases      ] GC(1395)   Pre Evacuate Collection Set: 0.32ms
[602.473s][info][gc,phases      ] GC(1395)   Merge Heap Roots: 0.30ms
[602.473s][info][gc,phases      ] GC(1395)   Evacuate Collection Set: 60.92ms
[602.473s][info][gc,phases      ] GC(1395)   Post Evacuate Collection Set: 0.60ms
[602.473s][info][gc,phases      ] GC(1395)   Other: 0.11ms
[602.473s][info][gc,heap        ] GC(1395) Eden regions: 268->0(208)
[602.473s][info][gc,heap        ] GC(1395) Survivor regions: 8->35(35)
[602.473s][info][gc,heap        ] GC(1395) Old regions: 631->637
[602.473s][info][gc,heap        ] GC(1395) Humongous regions: 13->13
[602.473s][info][gc,metaspace   ] GC(1395) Metaspace: 19070K(19200K)->19070K(19200K) NonClass: 17241K(17344K)->17241K(17344K) Class: 1829K(1856K)->1829K(1856K)
[602.473s][info][gc             ] GC(1395) Pause Young (Normal) (G1 Evacuation Pause) 919M->684M(978M) 62.551ms
[602.473s][info][gc,cpu         ] GC(1395) User=0.13s Sys=0.00s Real=0.07s
[602.788s][info][gc,start       ] GC(1396) Pause Young (Normal) (G1 Evacuation Pause)
[602.788s][info][gc,task        ] GC(1396) Using 2 workers of 2 for evacuation
[602.842s][info][gc,phases      ] GC(1396)   Pre Evacuate Collection Set: 0.33ms
[602.842s][info][gc,phases      ] GC(1396)   Merge Heap Roots: 0.25ms
[602.842s][info][gc,phases      ] GC(1396)   Evacuate Collection Set: 52.67ms
[602.842s][info][gc,phases      ] GC(1396)   Post Evacuate Collection Set: 0.51ms
[602.842s][info][gc,phases      ] GC(1396)   Other: 0.10ms
[602.842s][info][gc,heap        ] GC(1396) Eden regions: 208->0(237)
[602.842s][info][gc,heap        ] GC(1396) Survivor regions: 35->3(31)
[602.842s][info][gc,heap        ] GC(1396) Old regions: 637->672
[602.842s][info][gc,heap        ] GC(1396) Humongous regions: 13->13
[602.842s][info][gc,metaspace   ] GC(1396) Metaspace: 19070K(19200K)->19070K(19200K) NonClass: 17241K(17344K)->17241K(17344K) Class: 1829K(1856K)->1829K(1856K)
[602.842s][info][gc             ] GC(1396) Pause Young (Normal) (G1 Evacuation Pause) 892M->686M(978M) 54.107ms
[602.842s][info][gc,cpu         ] GC(1396) User=0.10s Sys=0.00s Real=0.05s
[603.427s][info][gc,marking     ] GC(1394) Concurrent Mark From Roots 1519.467ms
[603.427s][info][gc,marking     ] GC(1394) Concurrent Preclean
[603.427s][info][gc,marking     ] GC(1394) Concurrent Preclean 0.064ms
[603.429s][info][gc,start       ] GC(1394) Pause Remark
[603.438s][info][gc             ] GC(1394) Pause Remark 881M->778M(978M) 9.287ms
[603.438s][info][gc,cpu         ] GC(1394) User=0.02s Sys=0.00s Real=0.01s
[603.438s][info][gc,marking     ] GC(1394) Concurrent Mark 1530.389ms
[603.438s][info][gc,marking     ] GC(1394) Concurrent Rebuild Remembered Sets and Scrub Regions
[603.601s][info][gc,start       ] GC(1397) Pause Young (Normal) (G1 Evacuation Pause)
[603.601s][info][gc,task        ] GC(1397) Using 2 workers of 2 for evacuation
[603.618s][info][gc,phases      ] GC(1397)   Pre Evacuate Collection Set: 0.33ms
[603.618s][info][gc,phases      ] GC(1397)   Merge Heap Roots: 0.22ms
[603.618s][info][gc,phases      ] GC(1397)   Evacuate Collection Set: 15.32ms
[603.618s][info][gc,phases      ] GC(1397)   Post Evacuate Collection Set: 0.50ms
[603.618s][info][gc,phases      ] GC(1397)   Other: 0.11ms
[603.618s][info][gc,heap        ] GC(1397) Eden regions: 237->0(319)
[603.618s][info][gc,heap        ] GC(1397) Survivor regions: 3->11(30)
[603.618s][info][gc,heap        ] GC(1397) Old regions: 575->575
[603.618s][info][gc,heap        ] GC(1397) Humongous regions: 7->7
[603.618s][info][gc,metaspace   ] GC(1397) Metaspace: 19073K(19200K)->19073K(19200K) NonClass: 17244K(17344K)->17244K(17344K) Class: 1829K(1856K)->1829K(1856K)
[603.618s][info][gc             ] GC(1397) Pause Young (Normal) (G1 Evacuation Pause) 820M->592M(978M) 16.733ms
[603.618s][info][gc,cpu         ] GC(1397) User=0.04s Sys=0.00s Real=0.02s
[603.985s][info][gc,marking     ] GC(1394) Concurrent Rebuild Remembered Sets and Scrub Regions 546.470ms
[603.985s][info][gc,start       ] GC(1394) Pause Cleanup
[603.985s][info][gc             ] GC(1394) Pause Cleanup 699M->699M(978M) 0.145ms
[603.985s][info][gc,cpu         ] GC(1394) User=0.00s Sys=0.00s Real=0.00s
[603.985s][info][gc,marking     ] GC(1394) Concurrent Clear Claimed Marks
[603.985s][info][gc,marking     ] GC(1394) Concurrent Clear Claimed Marks 0.033ms
[603.985s][info][gc,marking     ] GC(1394) Concurrent Cleanup for Next Mark
[603.988s][info][gc,marking     ] GC(1394) Concurrent Cleanup for Next Mark 2.965ms
[603.988s][info][gc             ] GC(1394) Concurrent Mark Cycle 2112.870ms
[604.431s][info][gc,start       ] GC(1398) Pause Young (Prepare Mixed) (G1 Evacuation Pause)
[604.431s][info][gc,task        ] GC(1398) Using 2 workers of 2 for evacuation
[604.448s][info][gc,phases      ] GC(1398)   Pre Evacuate Collection Set: 0.58ms
[604.448s][info][gc,phases      ] GC(1398)   Merge Heap Roots: 0.24ms
[604.448s][info][gc,phases      ] GC(1398)   Evacuate Collection Set: 14.75ms
[604.448s][info][gc,phases      ] GC(1398)   Post Evacuate Collection Set: 0.59ms
[604.448s][info][gc,phases      ] GC(1398)   Other: 0.17ms
[604.448s][info][gc,heap        ] GC(1398) Eden regions: 319->0(324)
[604.448s][info][gc,heap        ] GC(1398) Survivor regions: 11->11(42)
[604.448s][info][gc,heap        ] GC(1398) Old regions: 575->575
[604.448s][info][gc,heap        ] GC(1398) Humongous regions: 7->7
[604.448s][info][gc,metaspace   ] GC(1398) Metaspace: 19078K(19200K)->19078K(19200K) NonClass: 17248K(17344K)->17248K(17344K) Class: 1829K(1856K)->1829K(1856K)
[604.448s][info][gc             ] GC(1398) Pause Young (Prepare Mixed) (G1 Evacuation Pause) 911M->592M(978M) 16.590ms
[604.448s][info][gc,cpu         ] GC(1398) User=0.03s Sys=0.00s Real=0.02s
[605.008s][info][gc,start       ] GC(1399) Pause Young (Mixed) (G1 Evacuation Pause)
[605.008s][info][gc,task        ] GC(1399) Using 2 workers of 2 for evacuation
[605.042s][info][gc,phases      ] GC(1399)   Pre Evacuate Collection Set: 0.60ms
[605.042s][info][gc,phases      ] GC(1399)   Merge Heap Roots: 0.26ms
[605.042s][info][gc,phases      ] GC(1399)   Evacuate Collection Set: 31.72ms
[605.042s][info][gc,phases      ] GC(1399)   Post Evacuate Collection Set: 0.69ms
[605.042s][info][gc,phases      ] GC(1399)   Other: 0.12ms
[605.042s][info][gc,heap        ] GC(1399) Eden regions: 324->0(346)
[605.042s][info][gc,heap        ] GC(1399) Survivor regions: 11->25(42)
[605.042s][info][gc,heap        ] GC(1399) Old regions: 575->525
[605.042s][info][gc,heap        ] GC(1399) Humongous regions: 7->7
[605.042s][info][gc,metaspace   ] GC(1399) Metaspace: 19087K(19200K)->19087K(19200K) NonClass: 17257K(17344K)->17257K(17344K) Class: 1829K(1856K)->1829K(1856K)
[605.042s][info][gc             ] GC(1399) Pause Young (Mixed) (G1 Evacuation Pause) 916M->556M(978M) 33.664ms
[605.042s][info][gc,cpu         ] GC(1399) User=0.07s Sys=0.00s Real=0.03s
[605.522s][info][gc,start       ] GC(1400) Pause Young (Concurrent Start) (G1 Humongous Allocation)
[605.522s][info][gc,task        ] GC(1400) Using 2 workers of 2 for evacuation
[605.634s][info][gc,phases      ] GC(1400)   Pre Evacuate Collection Set: 0.35ms
[605.634s][info][gc,phases      ] GC(1400)   Merge Heap Roots: 0.21ms
[605.634s][info][gc,phases      ] GC(1400)   Evacuate Collection Set: 106.39ms
[605.634s][info][gc,phases      ] GC(1400)   Post Evacuate Collection Set: 4.82ms
[605.634s][info][gc,phases      ] GC(1400)   Other: 0.14ms
[605.634s][info][gc,heap        ] GC(1400) Eden regions: 344->0(196)
[605.634s][info][gc,heap        ] GC(1400) Survivor regions: 25->47(47)
[605.634s][info][gc,heap        ] GC(1400) Old regions: 525->631
[605.634s][info][gc,heap        ] GC(1400) Humongous regions: 7->7
[605.634s][info][gc,metaspace   ] GC(1400) Metaspace: 19097K(19200K)->19097K(19200K) NonClass: 17268K(17344K)->17268K(17344K) Class: 1829K(1856K)->1829K(1856K)
[605.634s][info][gc             ] GC(1400) Pause Young (Concurrent Start) (G1 Humongous Allocation) (Evacuation Failure: Allocation) 900M->684M(978M) 112.246ms
[605.635s][info][gc,cpu         ] GC(1400) User=0.22s Sys=0.00s Real=0.12s
[605.635s][info][gc             ] GC(1401) Concurrent Mark Cycle
[605.638s][info][gc,marking     ] GC(1401) Concurrent Scan Root Regions
[605.714s][info][gc,marking     ] GC(1401) Concurrent Scan Root Regions 76.175ms
[605.714s][info][gc,marking     ] GC(1401) Concurrent Mark
[605.714s][info][gc,marking     ] GC(1401) Concurrent Mark From Roots
[605.714s][info][gc,task        ] GC(1401) Using 1 workers of 1 for marking
[606.412s][info][gc,start       ] GC(1402) Pause Young (Normal) (G1 Evacuation Pause)
[606.413s][info][gc,task        ] GC(1402) Using 2 workers of 2 for evacuation
[606.498s][info][gc,phases      ] GC(1402)   Pre Evacuate Collection Set: 0.40ms
[606.498s][info][gc,phases      ] GC(1402)   Merge Heap Roots: 0.44ms
[606.498s][info][gc,phases      ] GC(1402)   Evacuate Collection Set: 83.91ms
[606.498s][info][gc,phases      ] GC(1402)   Post Evacuate Collection Set: 0.63ms
[606.498s][info][gc,phases      ] GC(1402)   Other: 0.10ms
[606.498s][info][gc,heap        ] GC(1402) Eden regions: 196->0(271)
[606.498s][info][gc,heap        ] GC(1402) Survivor regions: 47->7(31)
[606.498s][info][gc,heap        ] GC(1402) Old regions: 631->612
[606.498s][info][gc,heap        ] GC(1402) Humongous regions: 10->10
[606.498s][info][gc,metaspace   ] GC(1402) Metaspace: 19097K(19200K)->19097K(19200K) NonClass: 17268K(17344K)->17268K(17344K) Class: 1829K(1856K)->1829K(1856K)
[606.498s][info][gc             ] GC(1402) Pause Young (Normal) (G1 Evacuation Pause) 883M->628M(978M) 85.794ms
[606.498s][info][gc,cpu         ] GC(1402) User=0.17s Sys=0.00s Real=0.09s
[606.828s][info][gc,marking     ] GC(1401) Concurrent Mark From Roots 1114.609ms
[606.829s][info][gc,marking     ] GC(1401) Concurrent Preclean
[606.829s][info][gc,marking     ] GC(1401) Concurrent Preclean 0.064ms
[606.829s][info][gc,start       ] GC(1401) Pause Remark
[606.838s][info][gc             ] GC(1401) Pause Remark 710M->563M(978M) 8.893ms
[606.838s][info][gc,cpu         ] GC(1401) User=0.01s Sys=0.00s Real=0.01s
[606.838s][info][gc,marking     ] GC(1401) Concurrent Mark 1123.885ms
[606.838s][info][gc,marking     ] GC(1401) Concurrent Rebuild Remembered Sets and Scrub Regions
[607.237s][info][gc,marking     ] GC(1401) Concurrent Rebuild Remembered Sets and Scrub Regions 399.019ms
[607.237s][info][gc,start       ] GC(1401) Pause Cleanup
[607.237s][info][gc             ] GC(1401) Pause Cleanup 725M->725M(978M) 0.121ms
[607.237s][info][gc,cpu         ] GC(1401) User=0.00s Sys=0.00s Real=0.00s
[607.238s][info][gc,marking     ] GC(1401) Concurrent Clear Claimed Marks
[607.238s][info][gc,marking     ] GC(1401) Concurrent Clear Claimed Marks 0.041ms
[607.238s][info][gc,marking     ] GC(1401) Concurrent Cleanup for Next Mark
[607.245s][info][gc,marking     ] GC(1401) Concurrent Cleanup for Next Mark 6.927ms
[607.245s][info][gc             ] GC(1401) Concurrent Mark Cycle 1610.682ms
[607.283s][info][gc,start       ] GC(1403) Pause Young (Prepare Mixed) (G1 Evacuation Pause)
[607.283s][info][gc,task        ] GC(1403) Using 2 workers of 2 for evacuation
[607.296s][info][gc,phases      ] GC(1403)   Pre Evacuate Collection Set: 0.55ms
[607.296s][info][gc,phases      ] GC(1403)   Merge Heap Roots: 0.41ms
[607.296s][info][gc,phases      ] GC(1403)   Evacuate Collection Set: 10.80ms
[607.296s][info][gc,phases      ] GC(1403)   Post Evacuate Collection Set: 0.52ms
[607.296s][info][gc,phases      ] GC(1403)   Other: 0.12ms
[607.296s][info][gc,heap        ] GC(1403) Eden regions: 271->0(411)
[607.296s][info][gc,heap        ] GC(1403) Survivor regions: 7->7(35)
[607.296s][info][gc,heap        ] GC(1403) Old regions: 467->467
[607.296s][info][gc,heap        ] GC(1403) Humongous regions: 8->8
[607.296s][info][gc,metaspace   ] GC(1403) Metaspace: 19097K(19200K)->19097K(19200K) NonClass: 17268K(17344K)->17268K(17344K) Class: 1829K(1856K)->1829K(1856K)
[607.296s][info][gc             ] GC(1403) Pause Young (Prepare Mixed) (G1 Evacuation Pause) 752M->481M(978M) 12.608ms
[607.296s][info][gc,cpu         ] GC(1403) User=0.02s Sys=0.00s Real=0.01s
[607.975s][info][gc,start       ] GC(1404) Pause Young (Mixed) (G1 Evacuation Pause)
[607.975s][info][gc,task        ] GC(1404) Using 2 workers of 2 for evacuation
[607.989s][info][gc,phases      ] GC(1404)   Pre Evacuate Collection Set: 0.55ms
[607.989s][info][gc,phases      ] GC(1404)   Merge Heap Roots: 0.19ms
[607.989s][info][gc,phases      ] GC(1404)   Evacuate Collection Set: 12.54ms
[607.989s][info][gc,phases      ] GC(1404)   Post Evacuate Collection Set: 0.70ms
[607.989s][info][gc,phases      ] GC(1404)   Other: 0.12ms
[607.989s][info][gc,heap        ] GC(1404) Eden regions: 411->0(449)
[607.989s][info][gc,heap        ] GC(1404) Survivor regions: 7->7(53)
[607.989s][info][gc,heap        ] GC(1404) Old regions: 467->441
[607.989s][info][gc,heap        ] GC(1404) Humongous regions: 8->8
[607.989s][info][gc,metaspace   ] GC(1404) Metaspace: 19097K(19200K)->19097K(19200K) NonClass: 17268K(17344K)->17268K(17344K) Class: 1829K(1856K)->1829K(1856K)
[607.989s][info][gc             ] GC(1404) Pause Young (Mixed) (G1 Evacuation Pause) 892M->455M(978M) 14.380ms
[607.989s][info][gc,cpu         ] GC(1404) User=0.03s Sys=0.00s Real=0.01s
[608.517s][info][gc,start       ] GC(1405) Pause Young (Concurrent Start) (G1 Evacuation Pause)
[608.517s][info][gc,task        ] GC(1405) Using 2 workers of 2 for evacuation
[608.566s][info][gc,phases      ] GC(1405)   Pre Evacuate Collection Set: 0.31ms
[608.566s][info][gc,phases      ] GC(1405)   Merge Heap Roots: 0.22ms
[608.566s][info][gc,phases      ] GC(1405)   Evacuate Collection Set: 47.87ms
[608.566s][info][gc,phases      ] GC(1405)   Post Evacuate Collection Set: 0.73ms
[608.566s][info][gc,phases      ] GC(1405)   Other: 0.14ms
[608.566s][info][gc,heap        ] GC(1405) Eden regions: 449->0(411)
[608.566s][info][gc,heap        ] GC(1405) Survivor regions: 7->34(57)
[608.566s][info][gc,heap        ] GC(1405) Old regions: 441->441
[608.566s][info][gc,heap        ] GC(1405) Humongous regions: 8->8
[608.566s][info][gc,metaspace   ] GC(1405) Metaspace: 19097K(19200K)->19097K(19200K) NonClass: 17268K(17344K)->17268K(17344K) Class: 1829K(1856K)->1829K(1856K)
[608.566s][info][gc             ] GC(1405) Pause Young (Concurrent Start) (G1 Evacuation Pause) 904M->482M(978M) 49.543ms
[608.566s][info][gc             ] GC(1406) Concurrent Mark Cycle
[608.566s][info][gc,marking     ] GC(1406) Concurrent Scan Root Regions
[608.569s][info][gc,cpu         ] GC(1405) User=0.10s Sys=0.00s Real=0.05s
[608.637s][info][gc,marking     ] GC(1406) Concurrent Scan Root Regions 70.496ms
[608.637s][info][gc,marking     ] GC(1406) Concurrent Mark
[608.637s][info][gc,marking     ] GC(1406) Concurrent Mark From Roots
[608.637s][info][gc,task        ] GC(1406) Using 1 workers of 1 for marking
[609.333s][info][gc,start       ] GC(1407) Pause Young (Normal) (G1 Evacuation Pause)
[609.333s][info][gc,task        ] GC(1407) Using 2 workers of 2 for evacuation
[609.426s][info][gc,phases      ] GC(1407)   Pre Evacuate Collection Set: 0.35ms
[609.426s][info][gc,phases      ] GC(1407)   Merge Heap Roots: 0.42ms
[609.426s][info][gc,phases      ] GC(1407)   Evacuate Collection Set: 91.14ms
[609.426s][info][gc,phases      ] GC(1407)   Post Evacuate Collection Set: 0.76ms
[609.426s][info][gc,phases      ] GC(1407)   Other: 0.11ms
[609.426s][info][gc,heap        ] GC(1407) Eden regions: 411->0(356)
[609.426s][info][gc,heap        ] GC(1407) Survivor regions: 34->56(56)
[609.426s][info][gc,heap        ] GC(1407) Old regions: 441->452
[609.426s][info][gc,heap        ] GC(1407) Humongous regions: 8->8
[609.426s][info][gc,metaspace   ] GC(1407) Metaspace: 19097K(19200K)->19097K(19200K) NonClass: 17268K(17344K)->17268K(17344K) Class: 1829K(1856K)->1829K(1856K)
[609.426s][info][gc             ] GC(1407) Pause Young (Normal) (G1 Evacuation Pause) 893M->515M(978M) 93.094ms
[609.426s][info][gc,cpu         ] GC(1407) User=0.18s Sys=0.00s Real=0.09s
[609.563s][info][gc,marking     ] GC(1406) Concurrent Mark From Roots 925.906ms
[609.563s][info][gc,marking     ] GC(1406) Concurrent Preclean
[609.563s][info][gc,marking     ] GC(1406) Concurrent Preclean 0.057ms
[609.563s][info][gc,start       ] GC(1406) Pause Remark
[609.572s][info][gc             ] GC(1406) Pause Remark 593M->556M(978M) 8.965ms
[609.572s][info][gc,cpu         ] GC(1406) User=0.02s Sys=0.00s Real=0.00s
[609.572s][info][gc,marking     ] GC(1406) Concurrent Mark 935.413ms
[609.572s][info][gc,marking     ] GC(1406) Concurrent Rebuild Remembered Sets and Scrub Regions
[610.035s][info][gc,marking     ] GC(1406) Concurrent Rebuild Remembered Sets and Scrub Regions 462.463ms
[610.035s][info][gc,start       ] GC(1406) Pause Cleanup
[610.035s][info][gc             ] GC(1406) Pause Cleanup 766M->766M(978M) 0.219ms
[610.035s][info][gc,cpu         ] GC(1406) User=0.00s Sys=0.00s Real=0.00s
[610.035s][info][gc,marking     ] GC(1406) Concurrent Clear Claimed Marks
[610.035s][info][gc,marking     ] GC(1406) Concurrent Clear Claimed Marks 0.036ms
[610.035s][info][gc,marking     ] GC(1406) Concurrent Cleanup for Next Mark
[610.043s][info][gc,marking     ] GC(1406) Concurrent Cleanup for Next Mark 7.144ms
[610.043s][info][gc             ] GC(1406) Concurrent Mark Cycle 1476.557ms
[610.104s][info][gc,start       ] GC(1408) Pause Young (Prepare Mixed) (G1 Evacuation Pause)
[610.104s][info][gc,task        ] GC(1408) Using 2 workers of 2 for evacuation
[610.244s][info][gc,phases      ] GC(1408)   Pre Evacuate Collection Set: 0.35ms
[610.244s][info][gc,phases      ] GC(1408)   Merge Heap Roots: 0.54ms
[610.244s][info][gc,phases      ] GC(1408)   Evacuate Collection Set: 137.74ms
[610.244s][info][gc,phases      ] GC(1408)   Post Evacuate Collection Set: 0.86ms
[610.244s][info][gc,phases      ] GC(1408)   Other: 0.15ms
[610.244s][info][gc,heap        ] GC(1408) Eden regions: 356->0(332)
[610.244s][info][gc,heap        ] GC(1408) Survivor regions: 56->52(52)
[610.244s][info][gc,heap        ] GC(1408) Old regions: 418->479
[610.244s][info][gc,heap        ] GC(1408) Humongous regions: 5->5
[610.244s][info][gc,metaspace   ] GC(1408) Metaspace: 19097K(19200K)->19097K(19200K) NonClass: 17268K(17344K)->17268K(17344K) Class: 1829K(1856K)->1829K(1856K)
[610.244s][info][gc             ] GC(1408) Pause Young (Prepare Mixed) (G1 Evacuation Pause) 834M->535M(978M) 139.928ms
[610.244s][info][gc,cpu         ] GC(1408) User=0.27s Sys=0.00s Real=0.14s
[610.585s][info][gc,start       ] GC(1409) Pause Young (Mixed) (G1 Evacuation Pause)
[610.585s][info][gc,task        ] GC(1409) Using 2 workers of 2 for evacuation
[610.697s][info][gc,phases      ] GC(1409)   Pre Evacuate Collection Set: 0.60ms
[610.697s][info][gc,phases      ] GC(1409)   Merge Heap Roots: 0.79ms
[610.697s][info][gc,phases      ] GC(1409)   Evacuate Collection Set: 103.60ms
[610.697s][info][gc,phases      ] GC(1409)   Merge Optional Heap Roots: 0.13ms
[610.697s][info][gc,phases      ] GC(1409)   Evacuate Optional Collection Set: 5.28ms
[610.697s][info][gc,phases      ] GC(1409)   Post Evacuate Collection Set: 1.22ms
[610.697s][info][gc,phases      ] GC(1409)   Other: 0.15ms
[610.697s][info][gc,heap        ] GC(1409) Eden regions: 332->0(400)
[610.697s][info][gc,heap        ] GC(1409) Survivor regions: 52->7(48)
[610.697s][info][gc,heap        ] GC(1409) Old regions: 479->465
[610.697s][info][gc,heap        ] GC(1409) Humongous regions: 5->5
[610.697s][info][gc,metaspace   ] GC(1409) Metaspace: 19097K(19200K)->19097K(19200K) NonClass: 17268K(17344K)->17268K(17344K) Class: 1829K(1856K)->1829K(1856K)
[610.697s][info][gc             ] GC(1409) Pause Young (Mixed) (G1 Evacuation Pause) 867M->476M(978M) 112.076ms
[610.697s][info][gc,cpu         ] GC(1409) User=0.22s Sys=0.00s Real=0.11s
[611.096s][info][gc,start       ] GC(1410) Pause Young (Mixed) (G1 Evacuation Pause)
[611.097s][info][gc,task        ] GC(1410) Using 2 workers of 2 for evacuation
[611.239s][info][gc,phases      ] GC(1410)   Pre Evacuate Collection Set: 0.34ms
[611.240s][info][gc,phases      ] GC(1410)   Merge Heap Roots: 1.57ms
[611.240s][info][gc,phases      ] GC(1410)   Evacuate Collection Set: 124.51ms
[611.240s][info][gc,phases      ] GC(1410)   Merge Optional Heap Roots: 0.43ms
[611.240s][info][gc,phases      ] GC(1410)   Evacuate Optional Collection Set: 14.91ms
[611.240s][info][gc,phases      ] GC(1410)   Post Evacuate Collection Set: 1.05ms
[611.240s][info][gc,phases      ] GC(1410)   Other: 0.14ms
[611.240s][info][gc,heap        ] GC(1410) Eden regions: 400->0(360)
[611.240s][info][gc,heap        ] GC(1410) Survivor regions: 7->51(51)
[611.240s][info][gc,heap        ] GC(1410) Old regions: 465->440
[611.240s][info][gc,heap        ] GC(1410) Humongous regions: 5->5
[611.240s][info][gc,metaspace   ] GC(1410) Metaspace: 19097K(19200K)->19097K(19200K) NonClass: 17268K(17344K)->17268K(17344K) Class: 1829K(1856K)->1829K(1856K)
[611.240s][info][gc             ] GC(1410) Pause Young (Mixed) (G1 Evacuation Pause) 876M->495M(978M) 143.293ms
[611.240s][info][gc,cpu         ] GC(1410) User=0.29s Sys=0.00s Real=0.14s
[611.605s][info][gc,start       ] GC(1411) Pause Young (Mixed) (G1 Evacuation Pause)
[611.605s][info][gc,task        ] GC(1411) Using 2 workers of 2 for evacuation
[611.738s][info][gc,phases      ] GC(1411)   Pre Evacuate Collection Set: 0.34ms
[611.739s][info][gc,phases      ] GC(1411)   Merge Heap Roots: 0.87ms
[611.739s][info][gc,phases      ] GC(1411)   Evacuate Collection Set: 131.71ms
[611.739s][info][gc,phases      ] GC(1411)   Post Evacuate Collection Set: 0.77ms
[611.739s][info][gc,phases      ] GC(1411)   Other: 0.09ms
[611.739s][info][gc,heap        ] GC(1411) Eden regions: 360->0(312)
[611.739s][info][gc,heap        ] GC(1411) Survivor regions: 51->52(52)
[611.739s][info][gc,heap        ] GC(1411) Old regions: 440->490
[611.739s][info][gc,heap        ] GC(1411) Humongous regions: 5->5
[611.739s][info][gc,metaspace   ] GC(1411) Metaspace: 19097K(19200K)->19097K(19200K) NonClass: 17268K(17344K)->17268K(17344K) Class: 1829K(1856K)->1829K(1856K)
[611.739s][info][gc             ] GC(1411) Pause Young (Mixed) (G1 Evacuation Pause) 855M->546M(978M) 134.084ms
[611.739s][info][gc,cpu         ] GC(1411) User=0.27s Sys=0.00s Real=0.13s
[612.137s][info][gc,start       ] GC(1412) Pause Young (Concurrent Start) (G1 Evacuation Pause)
[612.137s][info][gc,task        ] GC(1412) Using 2 workers of 2 for evacuation
[612.200s][info][gc,phases      ] GC(1412)   Pre Evacuate Collection Set: 0.33ms
[612.200s][info][gc,phases      ] GC(1412)   Merge Heap Roots: 0.23ms
[612.200s][info][gc,phases      ] GC(1412)   Evacuate Collection Set: 61.88ms
[612.200s][info][gc,phases      ] GC(1412)   Post Evacuate Collection Set: 0.65ms
[612.200s][info][gc,phases      ] GC(1412)   Other: 0.12ms
[612.200s][info][gc,heap        ] GC(1412) Eden regions: 312->0(317)
[612.200s][info][gc,heap        ] GC(1412) Survivor regions: 52->12(46)
[612.200s][info][gc,heap        ] GC(1412) Old regions: 490->542
[612.200s][info][gc,heap        ] GC(1412) Humongous regions: 5->5
[612.200s][info][gc,metaspace   ] GC(1412) Metaspace: 19097K(19200K)->19097K(19200K) NonClass: 17268K(17344K)->17268K(17344K) Class: 1829K(1856K)->1829K(1856K)
[612.200s][info][gc             ] GC(1412) Pause Young (Concurrent Start) (G1 Evacuation Pause) 858M->558M(978M) 63.475ms
[612.201s][info][gc,cpu         ] GC(1412) User=0.12s Sys=0.00s Real=0.06s
[612.201s][info][gc             ] GC(1413) Concurrent Mark Cycle
[612.201s][info][gc,marking     ] GC(1413) Concurrent Scan Root Regions
[612.296s][info][gc,marking     ] GC(1413) Concurrent Scan Root Regions 95.544ms
[612.296s][info][gc,marking     ] GC(1413) Concurrent Mark
[612.296s][info][gc,marking     ] GC(1413) Concurrent Mark From Roots
[612.296s][info][gc,task        ] GC(1413) Using 1 workers of 1 for marking
[612.776s][info][gc,start       ] GC(1414) Pause Young (Normal) (G1 Evacuation Pause)
[612.776s][info][gc,task        ] GC(1414) Using 2 workers of 2 for evacuation
[612.803s][info][gc,phases      ] GC(1414)   Pre Evacuate Collection Set: 0.62ms
[612.803s][info][gc,phases      ] GC(1414)   Merge Heap Roots: 0.38ms
[612.803s][info][gc,phases      ] GC(1414)   Evacuate Collection Set: 25.53ms
[612.803s][info][gc,phases      ] GC(1414)   Post Evacuate Collection Set: 0.64ms
[612.804s][info][gc,phases      ] GC(1414)   Other: 0.09ms
[612.804s][info][gc,heap        ] GC(1414) Eden regions: 317->0(331)
[612.804s][info][gc,heap        ] GC(1414) Survivor regions: 12->14(42)
[612.804s][info][gc,heap        ] GC(1414) Old regions: 542->542
[612.804s][info][gc,heap        ] GC(1414) Humongous regions: 5->5
[612.804s][info][gc,metaspace   ] GC(1414) Metaspace: 19097K(19200K)->19097K(19200K) NonClass: 17268K(17344K)->17268K(17344K) Class: 1829K(1856K)->1829K(1856K)
[612.804s][info][gc             ] GC(1414) Pause Young (Normal) (G1 Evacuation Pause) 875M->560M(978M) 27.556ms
[612.804s][info][gc,cpu         ] GC(1414) User=0.05s Sys=0.00s Real=0.03s
[613.900s][info][gc,marking     ] GC(1413) Concurrent Mark From Roots 1603.758ms
[613.900s][info][gc,marking     ] GC(1413) Concurrent Preclean
[613.900s][info][gc,marking     ] GC(1413) Concurrent Preclean 0.055ms
[613.900s][info][gc,start       ] GC(1413) Pause Remark
[613.909s][info][gc             ] GC(1413) Pause Remark 890M->890M(978M) 9.121ms
[613.909s][info][gc,cpu         ] GC(1413) User=0.01s Sys=0.00s Real=0.01s
[613.910s][info][gc,marking     ] GC(1413) Concurrent Mark 1614.141ms
[613.910s][info][gc,marking     ] GC(1413) Concurrent Rebuild Remembered Sets and Scrub Regions
[613.926s][info][gc,start       ] GC(1415) Pause Young (Normal) (G1 Evacuation Pause)
[613.926s][info][gc,task        ] GC(1415) Using 2 workers of 2 for evacuation
[614.011s][info][gc,phases      ] GC(1415)   Pre Evacuate Collection Set: 0.31ms
[614.011s][info][gc,phases      ] GC(1415)   Merge Heap Roots: 0.47ms
[614.011s][info][gc,phases      ] GC(1415)   Evacuate Collection Set: 83.57ms
[614.011s][info][gc,phases      ] GC(1415)   Post Evacuate Collection Set: 0.70ms
[614.011s][info][gc,phases      ] GC(1415)   Other: 0.12ms
[614.011s][info][gc,heap        ] GC(1415) Eden regions: 331->0(279)
[614.011s][info][gc,heap        ] GC(1415) Survivor regions: 14->44(44)
[614.011s][info][gc,heap        ] GC(1415) Old regions: 542->553
[614.011s][info][gc,heap        ] GC(1415) Humongous regions: 8->8
[614.011s][info][gc,metaspace   ] GC(1415) Metaspace: 19097K(19200K)->19097K(19200K) NonClass: 17268K(17344K)->17268K(17344K) Class: 1829K(1856K)->1829K(1856K)
[614.011s][info][gc             ] GC(1415) Pause Young (Normal) (G1 Evacuation Pause) 894M->604M(978M) 85.439ms
[614.011s][info][gc,cpu         ] GC(1415) User=0.17s Sys=0.00s Real=0.08s
[614.536s][info][gc,start       ] GC(1416) Pause Young (Normal) (G1 Evacuation Pause)
[614.537s][info][gc,task        ] GC(1416) Using 2 workers of 2 for evacuation
[614.617s][info][gc,phases      ] GC(1416)   Pre Evacuate Collection Set: 0.31ms
[614.617s][info][gc,phases      ] GC(1416)   Merge Heap Roots: 0.46ms
[614.617s][info][gc,phases      ] GC(1416)   Evacuate Collection Set: 79.02ms
[614.617s][info][gc,phases      ] GC(1416)   Post Evacuate Collection Set: 0.63ms
[614.617s][info][gc,phases      ] GC(1416)   Other: 0.12ms
[614.617s][info][gc,heap        ] GC(1416) Eden regions: 279->0(276)
[614.617s][info][gc,heap        ] GC(1416) Survivor regions: 44->15(41)
[614.617s][info][gc,heap        ] GC(1416) Old regions: 553->597
[614.617s][info][gc,heap        ] GC(1416) Humongous regions: 8->8
[614.617s][info][gc,metaspace   ] GC(1416) Metaspace: 19097K(19200K)->19097K(19200K) NonClass: 17268K(17344K)->17268K(17344K) Class: 1829K(1856K)->1829K(1856K)
[614.617s][info][gc             ] GC(1416) Pause Young (Normal) (G1 Evacuation Pause) 883M->619M(978M) 80.858ms
[614.617s][info][gc,cpu         ] GC(1416) User=0.16s Sys=0.00s Real=0.08s
[614.692s][info][gc,marking     ] GC(1413) Concurrent Rebuild Remembered Sets and Scrub Regions 781.539ms
[614.692s][info][gc,start       ] GC(1413) Pause Cleanup
[614.692s][info][gc             ] GC(1413) Pause Cleanup 665M->665M(978M) 0.124ms
[614.692s][info][gc,cpu         ] GC(1413) User=0.00s Sys=0.00s Real=0.00s
[614.693s][info][gc,marking     ] GC(1413) Concurrent Clear Claimed Marks
[614.694s][info][gc,marking     ] GC(1413) Concurrent Clear Claimed Marks 0.062ms
[614.694s][info][gc,marking     ] GC(1413) Concurrent Cleanup for Next Mark
[614.698s][info][gc,marking     ] GC(1413) Concurrent Cleanup for Next Mark 4.014ms
[614.698s][info][gc             ] GC(1413) Concurrent Mark Cycle 2497.087ms
[614.908s][info][gc,start       ] GC(1417) Pause Young (Prepare Mixed) (G1 Evacuation Pause)
[614.908s][info][gc,task        ] GC(1417) Using 2 workers of 2 for evacuation
[614.937s][info][gc,phases      ] GC(1417)   Pre Evacuate Collection Set: 0.35ms
[614.937s][info][gc,phases      ] GC(1417)   Merge Heap Roots: 0.28ms
[614.937s][info][gc,phases      ] GC(1417)   Evacuate Collection Set: 27.85ms
[614.937s][info][gc,phases      ] GC(1417)   Post Evacuate Collection Set: 0.57ms
[614.937s][info][gc,phases      ] GC(1417)   Other: 0.12ms
[614.937s][info][gc,heap        ] GC(1417) Eden regions: 276->0(286)
[614.937s][info][gc,heap        ] GC(1417) Survivor regions: 15->18(37)
[614.937s][info][gc,heap        ] GC(1417) Old regions: 597->597
[614.937s][info][gc,heap        ] GC(1417) Humongous regions: 8->8
[614.937s][info][gc,metaspace   ] GC(1417) Metaspace: 19097K(19200K)->19097K(19200K) NonClass: 17268K(17344K)->17268K(17344K) Class: 1829K(1856K)->1829K(1856K)
[614.937s][info][gc             ] GC(1417) Pause Young (Prepare Mixed) (G1 Evacuation Pause) 895M->622M(978M) 29.472ms
[614.937s][info][gc,cpu         ] GC(1417) User=0.05s Sys=0.00s Real=0.03s
[615.296s][info][gc,start       ] GC(1418) Pause Young (Mixed) (G1 Evacuation Pause)
[615.296s][info][gc,task        ] GC(1418) Using 2 workers of 2 for evacuation
[615.354s][info][gc,phases      ] GC(1418)   Pre Evacuate Collection Set: 0.56ms
[615.354s][info][gc,phases      ] GC(1418)   Merge Heap Roots: 0.68ms
[615.354s][info][gc,phases      ] GC(1418)   Evacuate Collection Set: 56.32ms
[615.354s][info][gc,phases      ] GC(1418)   Post Evacuate Collection Set: 0.62ms
[615.354s][info][gc,phases      ] GC(1418)   Other: 0.12ms
[615.354s][info][gc,heap        ] GC(1418) Eden regions: 286->0(278)
[615.354s][info][gc,heap        ] GC(1418) Survivor regions: 18->26(38)
[615.354s][info][gc,heap        ] GC(1418) Old regions: 597->590
[615.354s][info][gc,heap        ] GC(1418) Humongous regions: 8->8
[615.354s][info][gc,metaspace   ] GC(1418) Metaspace: 19097K(19200K)->19097K(19200K) NonClass: 17268K(17344K)->17268K(17344K) Class: 1829K(1856K)->1829K(1856K)
[615.354s][info][gc             ] GC(1418) Pause Young (Mixed) (G1 Evacuation Pause) 908M->623M(978M) 58.619ms
[615.354s][info][gc,cpu         ] GC(1418) User=0.12s Sys=0.00s Real=0.06s
[616.138s][info][gc,start       ] GC(1419) Pause Young (Concurrent Start) (G1 Evacuation Pause)
[616.138s][info][gc,task        ] GC(1419) Using 2 workers of 2 for evacuation
[616.173s][info][gc,phases      ] GC(1419)   Pre Evacuate Collection Set: 0.36ms
[616.173s][info][gc,phases      ] GC(1419)   Merge Heap Roots: 0.26ms
[616.174s][info][gc,phases      ] GC(1419)   Evacuate Collection Set: 33.86ms
[616.174s][info][gc,phases      ] GC(1419)   Post Evacuate Collection Set: 0.59ms
[616.174s][info][gc,phases      ] GC(1419)   Other: 0.16ms
[616.174s][info][gc,heap        ] GC(1419) Eden regions: 278->0(291)
[616.174s][info][gc,heap        ] GC(1419) Survivor regions: 26->12(38)
[616.174s][info][gc,heap        ] GC(1419) Old regions: 590->605
[616.174s][info][gc,heap        ] GC(1419) Humongous regions: 8->8
[616.174s][info][gc,metaspace   ] GC(1419) Metaspace: 19101K(19200K)->19101K(19200K) NonClass: 17271K(17344K)->17271K(17344K) Class: 1829K(1856K)->1829K(1856K)
[616.174s][info][gc             ] GC(1419) Pause Young (Concurrent Start) (G1 Evacuation Pause) 901M->624M(978M) 35.583ms
[616.174s][info][gc             ] GC(1420) Concurrent Mark Cycle
[616.174s][info][gc,marking     ] GC(1420) Concurrent Scan Root Regions
[616.174s][info][gc,cpu         ] GC(1419) User=0.07s Sys=0.00s Real=0.04s
[616.215s][info][gc,marking     ] GC(1420) Concurrent Scan Root Regions 41.591ms
[616.215s][info][gc,marking     ] GC(1420) Concurrent Mark
[616.215s][info][gc,marking     ] GC(1420) Concurrent Mark From Roots
[616.215s][info][gc,task        ] GC(1420) Using 1 workers of 1 for marking
[617.810s][info][gc,start       ] GC(1421) Pause Young (Normal) (G1 Evacuation Pause)
[617.810s][info][gc,task        ] GC(1421) Using 2 workers of 2 for evacuation
[617.855s][info][gc,phases      ] GC(1421)   Pre Evacuate Collection Set: 0.34ms
[617.855s][info][gc,phases      ] GC(1421)   Merge Heap Roots: 0.30ms
[617.855s][info][gc,phases      ] GC(1421)   Evacuate Collection Set: 43.55ms
[617.855s][info][gc,phases      ] GC(1421)   Post Evacuate Collection Set: 0.64ms
[617.855s][info][gc,phases      ] GC(1421)   Other: 0.12ms
[617.855s][info][gc,heap        ] GC(1421) Eden regions: 291->0(247)
[617.855s][info][gc,heap        ] GC(1421) Survivor regions: 12->34(38)
[617.855s][info][gc,heap        ] GC(1421) Old regions: 605->605
[617.855s][info][gc,heap        ] GC(1421) Humongous regions: 8->8
[617.855s][info][gc,metaspace   ] GC(1421) Metaspace: 19101K(19200K)->19101K(19200K) NonClass: 17271K(17344K)->17271K(17344K) Class: 1829K(1856K)->1829K(1856K)
[617.855s][info][gc             ] GC(1421) Pause Young (Normal) (G1 Evacuation Pause) 915M->646M(978M) 45.297ms
[617.855s][info][gc,cpu         ] GC(1421) User=0.09s Sys=0.00s Real=0.05s
[618.153s][info][gc,marking     ] GC(1420) Concurrent Mark From Roots 1937.625ms
[618.153s][info][gc,marking     ] GC(1420) Concurrent Preclean
[618.153s][info][gc,marking     ] GC(1420) Concurrent Preclean 0.051ms
[618.153s][info][gc,start       ] GC(1420) Pause Remark
[618.162s][info][gc             ] GC(1420) Pause Remark 714M->713M(978M) 8.988ms
[618.162s][info][gc,cpu         ] GC(1420) User=0.02s Sys=0.00s Real=0.00s
[618.165s][info][gc,marking     ] GC(1420) Concurrent Mark 1949.235ms
[618.165s][info][gc,marking     ] GC(1420) Concurrent Rebuild Remembered Sets and Scrub Regions
[618.875s][info][gc,marking     ] GC(1420) Concurrent Rebuild Remembered Sets and Scrub Regions 710.466ms
[618.875s][info][gc,start       ] GC(1420) Pause Cleanup
[618.875s][info][gc             ] GC(1420) Pause Cleanup 851M->851M(978M) 0.120ms
[618.875s][info][gc,cpu         ] GC(1420) User=0.00s Sys=0.00s Real=0.00s
[618.878s][info][gc,marking     ] GC(1420) Concurrent Clear Claimed Marks
[618.878s][info][gc,marking     ] GC(1420) Concurrent Clear Claimed Marks 0.047ms
[618.878s][info][gc,marking     ] GC(1420) Concurrent Cleanup for Next Mark
[618.885s][info][gc,marking     ] GC(1420) Concurrent Cleanup for Next Mark 6.969ms
[618.885s][info][gc             ] GC(1420) Concurrent Mark Cycle 2710.981ms
[619.240s][info][gc,start       ] GC(1422) Pause Young (Prepare Mixed) (G1 Evacuation Pause)
[619.240s][info][gc,task        ] GC(1422) Using 2 workers of 2 for evacuation
[619.287s][info][gc,phases      ] GC(1422)   Pre Evacuate Collection Set: 0.36ms
[619.287s][info][gc,phases      ] GC(1422)   Merge Heap Roots: 0.44ms
[619.287s][info][gc,phases      ] GC(1422)   Evacuate Collection Set: 44.62ms
[619.287s][info][gc,phases      ] GC(1422)   Post Evacuate Collection Set: 0.63ms
[619.287s][info][gc,phases      ] GC(1422)   Other: 0.12ms
[619.287s][info][gc,heap        ] GC(1422) Eden regions: 247->0(278)
[619.287s][info][gc,heap        ] GC(1422) Survivor regions: 34->2(36)
[619.287s][info][gc,heap        ] GC(1422) Old regions: 605->639
[619.287s][info][gc,heap        ] GC(1422) Humongous regions: 7->7
[619.287s][info][gc,metaspace   ] GC(1422) Metaspace: 19101K(19200K)->19101K(19200K) NonClass: 17271K(17344K)->17271K(17344K) Class: 1829K(1856K)->1829K(1856K)
[619.287s][info][gc             ] GC(1422) Pause Young (Prepare Mixed) (G1 Evacuation Pause) 892M->646M(978M) 46.488ms
[619.287s][info][gc,cpu         ] GC(1422) User=0.09s Sys=0.01s Real=0.05s
[620.517s][info][gc,start       ] GC(1423) Pause Young (Mixed) (G1 Evacuation Pause)
[620.517s][info][gc,task        ] GC(1423) Using 2 workers of 2 for evacuation
[620.547s][info][gc,phases      ] GC(1423)   Pre Evacuate Collection Set: 0.34ms
[620.547s][info][gc,phases      ] GC(1423)   Merge Heap Roots: 0.39ms
[620.547s][info][gc,phases      ] GC(1423)   Evacuate Collection Set: 28.42ms
[620.547s][info][gc,phases      ] GC(1423)   Post Evacuate Collection Set: 0.61ms
[620.547s][info][gc,phases      ] GC(1423)   Other: 0.09ms
[620.547s][info][gc,heap        ] GC(1423) Eden regions: 278->0(283)
[620.547s][info][gc,heap        ] GC(1423) Survivor regions: 2->3(35)
[620.547s][info][gc,heap        ] GC(1423) Old regions: 639->632
[620.547s][info][gc,heap        ] GC(1423) Humongous regions: 7->7
[620.547s][info][gc,metaspace   ] GC(1423) Metaspace: 19105K(19200K)->19105K(19200K) NonClass: 17275K(17344K)->17275K(17344K) Class: 1829K(1856K)->1829K(1856K)
[620.547s][info][gc             ] GC(1423) Pause Young (Mixed) (G1 Evacuation Pause) 924M->641M(978M) 30.131ms
[620.547s][info][gc,cpu         ] GC(1423) User=0.06s Sys=0.00s Real=0.03s
[621.262s][info][gc,start       ] GC(1424) Pause Young (Concurrent Start) (G1 Evacuation Pause)
[621.262s][info][gc,task        ] GC(1424) Using 2 workers of 2 for evacuation
[621.291s][info][gc,phases      ] GC(1424)   Pre Evacuate Collection Set: 0.43ms
[621.291s][info][gc,phases      ] GC(1424)   Merge Heap Roots: 0.17ms
[621.291s][info][gc,phases      ] GC(1424)   Evacuate Collection Set: 27.17ms
[621.291s][info][gc,phases      ] GC(1424)   Post Evacuate Collection Set: 0.72ms
[621.291s][info][gc,phases      ] GC(1424)   Other: 0.32ms
[621.291s][info][gc,heap        ] GC(1424) Eden regions: 283->0(247)
[621.291s][info][gc,heap        ] GC(1424) Survivor regions: 3->21(36)
[621.291s][info][gc,heap        ] GC(1424) Old regions: 632->632
[621.291s][info][gc,heap        ] GC(1424) Humongous regions: 7->7
[621.291s][info][gc,metaspace   ] GC(1424) Metaspace: 19110K(19200K)->19110K(19200K) NonClass: 17280K(17344K)->17280K(17344K) Class: 1829K(1856K)->1829K(1856K)
[621.291s][info][gc             ] GC(1424) Pause Young (Concurrent Start) (G1 Evacuation Pause) 924M->659M(978M) 29.141ms
[621.291s][info][gc             ] GC(1425) Concurrent Mark Cycle
[621.291s][info][gc,marking     ] GC(1425) Concurrent Scan Root Regions
[621.291s][info][gc,cpu         ] GC(1424) User=0.05s Sys=0.00s Real=0.03s
[621.319s][info][gc,marking     ] GC(1425) Concurrent Scan Root Regions 27.684ms
[621.319s][info][gc,marking     ] GC(1425) Concurrent Mark
[621.319s][info][gc,marking     ] GC(1425) Concurrent Mark From Roots
[621.319s][info][gc,task        ] GC(1425) Using 1 workers of 1 for marking
[621.789s][info][gc,start       ] GC(1426) Pause Young (Normal) (G1 Evacuation Pause)
[621.789s][info][gc,task        ] GC(1426) Using 2 workers of 2 for evacuation
[621.912s][info][gc,phases      ] GC(1426)   Pre Evacuate Collection Set: 0.56ms
[621.913s][info][gc,phases      ] GC(1426)   Merge Heap Roots: 0.17ms
[621.913s][info][gc,phases      ] GC(1426)   Evacuate Collection Set: 109.50ms
[621.913s][info][gc,phases      ] GC(1426)   Post Evacuate Collection Set: 13.27ms
[621.913s][info][gc,phases      ] GC(1426)   Other: 0.10ms
[621.913s][info][gc,heap        ] GC(1426) Eden regions: 247->0(44)
[621.913s][info][gc,heap        ] GC(1426) Survivor regions: 21->34(34)
[621.913s][info][gc,heap        ] GC(1426) Old regions: 632->809
[621.913s][info][gc,heap        ] GC(1426) Humongous regions: 7->7
[621.913s][info][gc,metaspace   ] GC(1426) Metaspace: 19116K(19200K)->19116K(19200K) NonClass: 17286K(17344K)->17286K(17344K) Class: 1829K(1856K)->1829K(1856K)
[621.913s][info][gc             ] GC(1426) Pause Young (Normal) (G1 Evacuation Pause) (Evacuation Failure: Allocation) 906M->849M(978M) 123.924ms
[621.913s][info][gc,cpu         ] GC(1426) User=0.24s Sys=0.00s Real=0.13s
[622.018s][info][gc,start       ] GC(1427) Pause Young (Normal) (G1 Evacuation Pause)
[622.018s][info][gc,task        ] GC(1427) Using 2 workers of 2 for evacuation
[622.099s][info][gc,phases      ] GC(1427)   Pre Evacuate Collection Set: 0.62ms
[622.099s][info][gc,phases      ] GC(1427)   Merge Heap Roots: 0.32ms
[622.099s][info][gc,phases      ] GC(1427)   Evacuate Collection Set: 79.28ms
[622.099s][info][gc,phases      ] GC(1427)   Post Evacuate Collection Set: 0.59ms
[622.099s][info][gc,phases      ] GC(1427)   Other: 0.09ms
[622.099s][info][gc,heap        ] GC(1427) Eden regions: 44->0(157)
[622.099s][info][gc,heap        ] GC(1427) Survivor regions: 34->10(10)
[622.099s][info][gc,heap        ] GC(1427) Old regions: 809->744
[622.099s][info][gc,heap        ] GC(1427) Humongous regions: 7->7
[622.099s][info][gc,metaspace   ] GC(1427) Metaspace: 19116K(19200K)->19116K(19200K) NonClass: 17286K(17344K)->17286K(17344K) Class: 1829K(1856K)->1829K(1856K)
[622.099s][info][gc             ] GC(1427) Pause Young (Normal) (G1 Evacuation Pause) 893M->760M(978M) 81.234ms
[622.099s][info][gc,cpu         ] GC(1427) User=0.15s Sys=0.00s Real=0.08s
[622.632s][info][gc,start       ] GC(1428) Pause Young (Normal) (G1 Evacuation Pause)
[622.632s][info][gc,task        ] GC(1428) Using 2 workers of 2 for evacuation
[622.742s][info][gc,phases      ] GC(1428)   Pre Evacuate Collection Set: 0.53ms
[622.743s][info][gc,phases      ] GC(1428)   Merge Heap Roots: 1.02ms
[622.743s][info][gc,phases      ] GC(1428)   Evacuate Collection Set: 103.62ms
[622.743s][info][gc,phases      ] GC(1428)   Post Evacuate Collection Set: 5.12ms
[622.743s][info][gc,phases      ] GC(1428)   Other: 0.08ms
[622.743s][info][gc,heap        ] GC(1428) Eden regions: 157->0(30)
[622.743s][info][gc,heap        ] GC(1428) Survivor regions: 10->21(21)
[622.743s][info][gc,heap        ] GC(1428) Old regions: 744->848
[622.743s][info][gc,heap        ] GC(1428) Humongous regions: 8->8
[622.743s][info][gc,metaspace   ] GC(1428) Metaspace: 19119K(19200K)->19119K(19200K) NonClass: 17290K(17344K)->17290K(17344K) Class: 1829K(1856K)->1829K(1856K)
[622.743s][info][gc             ] GC(1428) Pause Young (Normal) (G1 Evacuation Pause) (Evacuation Failure: Allocation) 918M->876M(978M) 110.665ms
[622.743s][info][gc,cpu         ] GC(1428) User=0.22s Sys=0.00s Real=0.12s
[622.822s][info][gc,start       ] GC(1429) Pause Young (Normal) (G1 Evacuation Pause)
[622.822s][info][gc,task        ] GC(1429) Using 2 workers of 2 for evacuation
[622.871s][info][gc,phases      ] GC(1429)   Pre Evacuate Collection Set: 0.54ms
[622.871s][info][gc,phases      ] GC(1429)   Merge Heap Roots: 0.59ms
[622.871s][info][gc,phases      ] GC(1429)   Evacuate Collection Set: 47.58ms
[622.871s][info][gc,phases      ] GC(1429)   Post Evacuate Collection Set: 0.41ms
[622.871s][info][gc,phases      ] GC(1429)   Other: 0.10ms
[622.871s][info][gc,heap        ] GC(1429) Eden regions: 30->0(98)
[622.871s][info][gc,heap        ] GC(1429) Survivor regions: 21->4(7)
[622.871s][info][gc,heap        ] GC(1429) Old regions: 848->814
[622.871s][info][gc,heap        ] GC(1429) Humongous regions: 8->8
[622.871s][info][gc,metaspace   ] GC(1429) Metaspace: 19124K(19200K)->19124K(19200K) NonClass: 17295K(17344K)->17295K(17344K) Class: 1829K(1856K)->1829K(1856K)
[622.871s][info][gc             ] GC(1429) Pause Young (Normal) (G1 Evacuation Pause) 906M->825M(978M) 49.470ms
[622.871s][info][gc,cpu         ] GC(1429) User=0.10s Sys=0.00s Real=0.05s
[623.031s][info][gc,start       ] GC(1430) Pause Young (Normal) (G1 Evacuation Pause)
[623.032s][info][gc,task        ] GC(1430) Using 2 workers of 2 for evacuation
[623.069s][info][gc,phases      ] GC(1430)   Pre Evacuate Collection Set: 0.34ms
[623.069s][info][gc,phases      ] GC(1430)   Merge Heap Roots: 0.10ms
[623.069s][info][gc,phases      ] GC(1430)   Evacuate Collection Set: 36.03ms
[623.069s][info][gc,phases      ] GC(1430)   Post Evacuate Collection Set: 0.42ms
[623.069s][info][gc,phases      ] GC(1430)   Other: 0.10ms
[623.069s][info][gc,heap        ] GC(1430) Eden regions: 98->0(66)
[623.069s][info][gc,heap        ] GC(1430) Survivor regions: 4->13(13)
[623.069s][info][gc,heap        ] GC(1430) Old regions: 814->825
[623.069s][info][gc,heap        ] GC(1430) Humongous regions: 11->11
[623.069s][info][gc,metaspace   ] GC(1430) Metaspace: 19124K(19200K)->19124K(19200K) NonClass: 17295K(17344K)->17295K(17344K) Class: 1829K(1856K)->1829K(1856K)
[623.069s][info][gc             ] GC(1430) Pause Young (Normal) (G1 Evacuation Pause) 926M->848M(978M) 37.312ms
[623.069s][info][gc,cpu         ] GC(1430) User=0.07s Sys=0.00s Real=0.04s
[623.145s][info][gc,start       ] GC(1431) Pause Young (Normal) (G1 Evacuation Pause)
[623.145s][info][gc,task        ] GC(1431) Using 2 workers of 2 for evacuation
[623.182s][info][gc,phases      ] GC(1431)   Pre Evacuate Collection Set: 0.34ms
[623.182s][info][gc,phases      ] GC(1431)   Merge Heap Roots: 0.27ms
[623.182s][info][gc,phases      ] GC(1431)   Evacuate Collection Set: 35.39ms
[623.182s][info][gc,phases      ] GC(1431)   Post Evacuate Collection Set: 0.37ms
[623.182s][info][gc,phases      ] GC(1431)   Other: 0.09ms
[623.182s][info][gc,heap        ] GC(1431) Eden regions: 66->0(66)
[623.182s][info][gc,heap        ] GC(1431) Survivor regions: 13->6(10)
[623.182s][info][gc,heap        ] GC(1431) Old regions: 825->839
[623.182s][info][gc,heap        ] GC(1431) Humongous regions: 11->11
[623.182s][info][gc,metaspace   ] GC(1431) Metaspace: 19124K(19200K)->19124K(19200K) NonClass: 17295K(17344K)->17295K(17344K) Class: 1829K(1856K)->1829K(1856K)
[623.182s][info][gc             ] GC(1431) Pause Young (Normal) (G1 Evacuation Pause) 914M->854M(978M) 36.732ms
[623.182s][info][gc,cpu         ] GC(1431) User=0.07s Sys=0.00s Real=0.03s
[623.260s][info][gc,start       ] GC(1432) Pause Young (Normal) (G1 Evacuation Pause)
[623.260s][info][gc,task        ] GC(1432) Using 2 workers of 2 for evacuation
[623.282s][info][gc,phases      ] GC(1432)   Pre Evacuate Collection Set: 0.53ms
[623.282s][info][gc,phases      ] GC(1432)   Merge Heap Roots: 0.21ms
[623.282s][info][gc,phases      ] GC(1432)   Evacuate Collection Set: 21.05ms
[623.282s][info][gc,phases      ] GC(1432)   Post Evacuate Collection Set: 0.36ms
[623.282s][info][gc,phases      ] GC(1432)   Other: 0.11ms
[623.282s][info][gc,heap        ] GC(1432) Eden regions: 66->0(59)
[623.282s][info][gc,heap        ] GC(1432) Survivor regions: 6->7(9)
[623.282s][info][gc,heap        ] GC(1432) Old regions: 839->844
[623.282s][info][gc,heap        ] GC(1432) Humongous regions: 11->11
[623.282s][info][gc,metaspace   ] GC(1432) Metaspace: 19124K(19200K)->19124K(19200K) NonClass: 17295K(17344K)->17295K(17344K) Class: 1829K(1856K)->1829K(1856K)
[623.282s][info][gc             ] GC(1432) Pause Young (Normal) (G1 Evacuation Pause) 920M->861M(978M) 22.483ms
[623.282s][info][gc,cpu         ] GC(1432) User=0.04s Sys=0.00s Real=0.02s
[623.362s][info][gc,start       ] GC(1433) Pause Young (Normal) (G1 Evacuation Pause)
[623.362s][info][gc,task        ] GC(1433) Using 2 workers of 2 for evacuation
[623.379s][info][gc,phases      ] GC(1433)   Pre Evacuate Collection Set: 0.34ms
[623.379s][info][gc,phases      ] GC(1433)   Merge Heap Roots: 0.12ms
[623.379s][info][gc,phases      ] GC(1433)   Evacuate Collection Set: 16.52ms
[623.379s][info][gc,phases      ] GC(1433)   Post Evacuate Collection Set: 0.35ms
[623.379s][info][gc,phases      ] GC(1433)   Other: 0.09ms
[623.379s][info][gc,heap        ] GC(1433) Eden regions: 59->0(50)
[623.379s][info][gc,heap        ] GC(1433) Survivor regions: 7->8(9)
[623.379s][info][gc,heap        ] GC(1433) Old regions: 844->851
[623.379s][info][gc,heap        ] GC(1433) Humongous regions: 11->11
[623.379s][info][gc,metaspace   ] GC(1433) Metaspace: 19124K(19200K)->19124K(19200K) NonClass: 17295K(17344K)->17295K(17344K) Class: 1829K(1856K)->1829K(1856K)
[623.379s][info][gc             ] GC(1433) Pause Young (Normal) (G1 Evacuation Pause) 920M->868M(978M) 17.715ms
[623.379s][info][gc,cpu         ] GC(1433) User=0.03s Sys=0.00s Real=0.02s
[623.441s][info][gc,start       ] GC(1434) Pause Young (Normal) (G1 Evacuation Pause)
[623.441s][info][gc,task        ] GC(1434) Using 2 workers of 2 for evacuation
[623.452s][info][gc,phases      ] GC(1434)   Pre Evacuate Collection Set: 0.34ms
[623.452s][info][gc,phases      ] GC(1434)   Merge Heap Roots: 0.08ms
[623.452s][info][gc,phases      ] GC(1434)   Evacuate Collection Set: 9.73ms
[623.452s][info][gc,phases      ] GC(1434)   Post Evacuate Collection Set: 0.31ms
[623.452s][info][gc,phases      ] GC(1434)   Other: 0.09ms
[623.452s][info][gc,heap        ] GC(1434) Eden regions: 50->0(55)
[623.452s][info][gc,heap        ] GC(1434) Survivor regions: 8->2(8)
[623.452s][info][gc,heap        ] GC(1434) Old regions: 851->858
[623.452s][info][gc,heap        ] GC(1434) Humongous regions: 11->11
[623.452s][info][gc,metaspace   ] GC(1434) Metaspace: 19124K(19200K)->19124K(19200K) NonClass: 17295K(17344K)->17295K(17344K) Class: 1829K(1856K)->1829K(1856K)
[623.452s][info][gc             ] GC(1434) Pause Young (Normal) (G1 Evacuation Pause) 918M->870M(978M) 10.865ms
[623.452s][info][gc,cpu         ] GC(1434) User=0.02s Sys=0.00s Real=0.01s
[623.545s][info][gc,start       ] GC(1435) Pause Young (Normal) (G1 Evacuation Pause)
[623.545s][info][gc,task        ] GC(1435) Using 2 workers of 2 for evacuation
[623.554s][info][gc,phases      ] GC(1435)   Pre Evacuate Collection Set: 0.56ms
[623.554s][info][gc,phases      ] GC(1435)   Merge Heap Roots: 0.11ms
[623.554s][info][gc,phases      ] GC(1435)   Evacuate Collection Set: 8.47ms
[623.555s][info][gc,phases      ] GC(1435)   Post Evacuate Collection Set: 0.38ms
[623.555s][info][gc,phases      ] GC(1435)   Other: 0.11ms
[623.555s][info][gc,heap        ] GC(1435) Eden regions: 55->0(47)
[623.555s][info][gc,heap        ] GC(1435) Survivor regions: 2->6(8)
[623.555s][info][gc,heap        ] GC(1435) Old regions: 858->858
[623.555s][info][gc,heap        ] GC(1435) Humongous regions: 11->11
[623.555s][info][gc,metaspace   ] GC(1435) Metaspace: 19124K(19200K)->19124K(19200K) NonClass: 17295K(17344K)->17295K(17344K) Class: 1829K(1856K)->1829K(1856K)
[623.555s][info][gc             ] GC(1435) Pause Young (Normal) (G1 Evacuation Pause) 925M->874M(978M) 9.893ms
[623.555s][info][gc,cpu         ] GC(1435) User=0.02s Sys=0.00s Real=0.01s
[623.634s][info][gc,start       ] GC(1436) Pause Young (Normal) (G1 Evacuation Pause)
[623.634s][info][gc,task        ] GC(1436) Using 2 workers of 2 for evacuation
[623.648s][info][gc,phases      ] GC(1436)   Pre Evacuate Collection Set: 0.32ms
[623.648s][info][gc,phases      ] GC(1436)   Merge Heap Roots: 0.11ms
[623.648s][info][gc,phases      ] GC(1436)   Evacuate Collection Set: 13.39ms
[623.648s][info][gc,phases      ] GC(1436)   Post Evacuate Collection Set: 0.35ms
[623.648s][info][gc,phases      ] GC(1436)   Other: 0.10ms
[623.648s][info][gc,heap        ] GC(1436) Eden regions: 47->0(43)
[623.648s][info][gc,heap        ] GC(1436) Survivor regions: 6->5(7)
[623.648s][info][gc,heap        ] GC(1436) Old regions: 858->864
[623.648s][info][gc,heap        ] GC(1436) Humongous regions: 11->11
[623.648s][info][gc,metaspace   ] GC(1436) Metaspace: 19124K(19200K)->19124K(19200K) NonClass: 17295K(17344K)->17295K(17344K) Class: 1829K(1856K)->1829K(1856K)
[623.648s][info][gc             ] GC(1436) Pause Young (Normal) (G1 Evacuation Pause) 921M->879M(978M) 14.504ms
[623.648s][info][gc,cpu         ] GC(1436) User=0.02s Sys=0.00s Real=0.01s
[623.702s][info][gc,start       ] GC(1437) Pause Young (Normal) (G1 Evacuation Pause)
[623.702s][info][gc,task        ] GC(1437) Using 2 workers of 2 for evacuation
[623.712s][info][gc,phases      ] GC(1437)   Pre Evacuate Collection Set: 0.58ms
[623.712s][info][gc,phases      ] GC(1437)   Merge Heap Roots: 0.11ms
[623.712s][info][gc,phases      ] GC(1437)   Evacuate Collection Set: 8.97ms
[623.712s][info][gc,phases      ] GC(1437)   Post Evacuate Collection Set: 0.31ms
[623.712s][info][gc,phases      ] GC(1437)   Other: 0.11ms
[623.712s][info][gc,heap        ] GC(1437) Eden regions: 43->0(46)
[623.712s][info][gc,heap        ] GC(1437) Survivor regions: 5->2(6)
[623.712s][info][gc,heap        ] GC(1437) Old regions: 864->869
[623.712s][info][gc,heap        ] GC(1437) Humongous regions: 11->11
[623.712s][info][gc,metaspace   ] GC(1437) Metaspace: 19124K(19200K)->19124K(19200K) NonClass: 17295K(17344K)->17295K(17344K) Class: 1829K(1856K)->1829K(1856K)
[623.712s][info][gc             ] GC(1437) Pause Young (Normal) (G1 Evacuation Pause) 922M->881M(978M) 10.299ms
[623.712s][info][gc,cpu         ] GC(1437) User=0.02s Sys=0.00s Real=0.01s
[623.770s][info][gc,marking     ] GC(1425) Concurrent Mark From Roots 2451.600ms
[623.770s][info][gc,marking     ] GC(1425) Concurrent Preclean
[623.770s][info][gc,marking     ] GC(1425) Concurrent Preclean 0.054ms
[623.771s][info][gc,start       ] GC(1425) Pause Remark
[623.780s][info][gc             ] GC(1425) Pause Remark 918M->840M(978M) 9.172ms
[623.780s][info][gc,cpu         ] GC(1425) User=0.01s Sys=0.00s Real=0.01s
[623.781s][info][gc,marking     ] GC(1425) Concurrent Mark 2462.297ms
[623.781s][info][gc,marking     ] GC(1425) Concurrent Rebuild Remembered Sets and Scrub Regions
[623.803s][info][gc,start       ] GC(1438) Pause Young (Normal) (G1 Evacuation Pause)
[623.803s][info][gc,task        ] GC(1438) Using 2 workers of 2 for evacuation
[623.807s][info][gc,phases      ] GC(1438)   Pre Evacuate Collection Set: 0.36ms
[623.807s][info][gc,phases      ] GC(1438)   Merge Heap Roots: 0.09ms
[623.807s][info][gc,phases      ] GC(1438)   Evacuate Collection Set: 2.99ms
[623.807s][info][gc,phases      ] GC(1438)   Post Evacuate Collection Set: 0.31ms
[623.807s][info][gc,phases      ] GC(1438)   Other: 0.11ms
[623.807s][info][gc,heap        ] GC(1438) Eden regions: 46->0(122)
[623.807s][info][gc,heap        ] GC(1438) Survivor regions: 2->2(6)
[623.807s][info][gc,heap        ] GC(1438) Old regions: 793->793
[623.807s][info][gc,heap        ] GC(1438) Humongous regions: 9->9
[623.807s][info][gc,metaspace   ] GC(1438) Metaspace: 19124K(19200K)->19124K(19200K) NonClass: 17295K(17344K)->17295K(17344K) Class: 1829K(1856K)->1829K(1856K)
[623.807s][info][gc             ] GC(1438) Pause Young (Normal) (G1 Evacuation Pause) 849M->803M(978M) 4.097ms
[623.807s][info][gc,cpu         ] GC(1438) User=0.00s Sys=0.00s Real=0.00s
[624.023s][info][gc,start       ] GC(1439) Pause Young (Normal) (G1 Evacuation Pause)
[624.023s][info][gc,task        ] GC(1439) Using 2 workers of 2 for evacuation
[624.028s][info][gc,phases      ] GC(1439)   Pre Evacuate Collection Set: 0.33ms
[624.028s][info][gc,phases      ] GC(1439)   Merge Heap Roots: 0.12ms
[624.028s][info][gc,phases      ] GC(1439)   Evacuate Collection Set: 3.91ms
[624.028s][info][gc,phases      ] GC(1439)   Post Evacuate Collection Set: 0.36ms
[624.028s][info][gc,phases      ] GC(1439)   Other: 0.12ms
[624.028s][info][gc,heap        ] GC(1439) Eden regions: 122->0(122)
[624.028s][info][gc,heap        ] GC(1439) Survivor regions: 2->2(16)
[624.028s][info][gc,heap        ] GC(1439) Old regions: 793->793
[624.028s][info][gc,heap        ] GC(1439) Humongous regions: 9->9
[624.028s][info][gc,metaspace   ] GC(1439) Metaspace: 19124K(19200K)->19124K(19200K) NonClass: 17295K(17344K)->17295K(17344K) Class: 1829K(1856K)->1829K(1856K)
[624.028s][info][gc             ] GC(1439) Pause Young (Normal) (G1 Evacuation Pause) 925M->803M(978M) 5.068ms
[624.028s][info][gc,cpu         ] GC(1439) User=0.01s Sys=0.00s Real=0.00s
[624.242s][info][gc,start       ] GC(1440) Pause Young (Normal) (G1 Evacuation Pause)
[624.242s][info][gc,task        ] GC(1440) Using 2 workers of 2 for evacuation
[624.251s][info][gc,phases      ] GC(1440)   Pre Evacuate Collection Set: 0.56ms
[624.251s][info][gc,phases      ] GC(1440)   Merge Heap Roots: 0.14ms
[624.251s][info][gc,phases      ] GC(1440)   Evacuate Collection Set: 7.71ms
[624.251s][info][gc,phases      ] GC(1440)   Post Evacuate Collection Set: 0.38ms
[624.251s][info][gc,phases      ] GC(1440)   Other: 0.14ms
[624.251s][info][gc,heap        ] GC(1440) Eden regions: 122->0(118)
[624.251s][info][gc,heap        ] GC(1440) Survivor regions: 2->4(16)
[624.251s][info][gc,heap        ] GC(1440) Old regions: 793->793
[624.251s][info][gc,heap        ] GC(1440) Humongous regions: 9->9
[624.251s][info][gc,metaspace   ] GC(1440) Metaspace: 19124K(19200K)->19124K(19200K) NonClass: 17295K(17344K)->17295K(17344K) Class: 1829K(1856K)->1829K(1856K)
[624.251s][info][gc             ] GC(1440) Pause Young (Normal) (G1 Evacuation Pause) 925M->805M(978M) 9.177ms
[624.251s][info][gc,cpu         ] GC(1440) User=0.02s Sys=0.00s Real=0.01s
[624.401s][info][gc,start       ] GC(1441) Pause Young (Normal) (G1 Evacuation Pause)
[624.401s][info][gc,task        ] GC(1441) Using 2 workers of 2 for evacuation
[624.424s][info][gc,phases      ] GC(1441)   Pre Evacuate Collection Set: 0.32ms
[624.424s][info][gc,phases      ] GC(1441)   Merge Heap Roots: 0.17ms
[624.424s][info][gc,phases      ] GC(1441)   Evacuate Collection Set: 22.04ms
[624.424s][info][gc,phases      ] GC(1441)   Post Evacuate Collection Set: 0.39ms
[624.424s][info][gc,phases      ] GC(1441)   Other: 0.08ms
[624.424s][info][gc,heap        ] GC(1441) Eden regions: 118->0(92)
[624.424s][info][gc,heap        ] GC(1441) Survivor regions: 4->16(16)
[624.424s][info][gc,heap        ] GC(1441) Old regions: 793->795
[624.424s][info][gc,heap        ] GC(1441) Humongous regions: 9->9
[624.424s][info][gc,metaspace   ] GC(1441) Metaspace: 19124K(19200K)->19124K(19200K) NonClass: 17295K(17344K)->17295K(17344K) Class: 1829K(1856K)->1829K(1856K)
[624.424s][info][gc             ] GC(1441) Pause Young (Normal) (G1 Evacuation Pause) 923M->819M(978M) 23.281ms
[624.424s][info][gc,cpu         ] GC(1441) User=0.05s Sys=0.00s Real=0.03s
[624.488s][info][gc,marking     ] GC(1425) Concurrent Rebuild Remembered Sets and Scrub Regions 706.769ms
[624.488s][info][gc,start       ] GC(1425) Pause Cleanup
[624.488s][info][gc             ] GC(1425) Pause Cleanup 869M->869M(978M) 0.146ms
[624.488s][info][gc,cpu         ] GC(1425) User=0.00s Sys=0.00s Real=0.00s
[624.489s][info][gc,marking     ] GC(1425) Concurrent Clear Claimed Marks
[624.489s][info][gc,marking     ] GC(1425) Concurrent Clear Claimed Marks 0.056ms
[624.489s][info][gc,marking     ] GC(1425) Concurrent Cleanup for Next Mark
[624.496s][info][gc,marking     ] GC(1425) Concurrent Cleanup for Next Mark 6.523ms
[624.496s][info][gc             ] GC(1425) Concurrent Mark Cycle 3204.749ms
[624.540s][info][gc,start       ] GC(1442) Pause Young (Prepare Mixed) (G1 Evacuation Pause)
[624.541s][info][gc,task        ] GC(1442) Using 2 workers of 2 for evacuation
[624.578s][info][gc,phases      ] GC(1442)   Pre Evacuate Collection Set: 0.53ms
[624.578s][info][gc,phases      ] GC(1442)   Merge Heap Roots: 0.16ms
[624.578s][info][gc,phases      ] GC(1442)   Evacuate Collection Set: 36.54ms
[624.578s][info][gc,phases      ] GC(1442)   Post Evacuate Collection Set: 0.42ms
[624.578s][info][gc,phases      ] GC(1442)   Other: 0.13ms
[624.578s][info][gc,heap        ] GC(1442) Eden regions: 92->0(79)
[624.578s][info][gc,heap        ] GC(1442) Survivor regions: 16->14(14)
[624.578s][info][gc,heap        ] GC(1442) Old regions: 795->812
[624.578s][info][gc,heap        ] GC(1442) Humongous regions: 9->9
[624.578s][info][gc,metaspace   ] GC(1442) Metaspace: 19124K(19200K)->19124K(19200K) NonClass: 17295K(17344K)->17295K(17344K) Class: 1829K(1856K)->1829K(1856K)
[624.578s][info][gc             ] GC(1442) Pause Young (Prepare Mixed) (G1 Evacuation Pause) 911M->834M(978M) 38.007ms
[624.579s][info][gc,cpu         ] GC(1442) User=0.07s Sys=0.00s Real=0.04s
[624.634s][info][gc,start       ] GC(1443) Pause Young (Mixed) (G1 Evacuation Pause)
[624.635s][info][gc,task        ] GC(1443) Using 2 workers of 2 for evacuation
[624.679s][info][gc,phases      ] GC(1443)   Pre Evacuate Collection Set: 0.37ms
[624.679s][info][gc,phases      ] GC(1443)   Merge Heap Roots: 0.17ms
[624.679s][info][gc,phases      ] GC(1443)   Evacuate Collection Set: 43.15ms
[624.679s][info][gc,phases      ] GC(1443)   Post Evacuate Collection Set: 0.57ms
[624.679s][info][gc,phases      ] GC(1443)   Other: 0.10ms
[624.679s][info][gc,heap        ] GC(1443) Eden regions: 79->0(97)
[624.679s][info][gc,heap        ] GC(1443) Survivor regions: 14->12(12)
[624.679s][info][gc,heap        ] GC(1443) Old regions: 812->798
[624.679s][info][gc,heap        ] GC(1443) Humongous regions: 9->9
[624.679s][info][gc,metaspace   ] GC(1443) Metaspace: 19124K(19200K)->19124K(19200K) NonClass: 17295K(17344K)->17295K(17344K) Class: 1829K(1856K)->1829K(1856K)
[624.679s][info][gc             ] GC(1443) Pause Young (Mixed) (G1 Evacuation Pause) 913M->818M(978M) 44.606ms
[624.679s][info][gc,cpu         ] GC(1443) User=0.09s Sys=0.00s Real=0.04s
[624.759s][info][gc,start       ] GC(1444) Pause Young (Concurrent Start) (G1 Evacuation Pause)
[624.759s][info][gc,task        ] GC(1444) Using 2 workers of 2 for evacuation
[624.789s][info][gc,phases      ] GC(1444)   Pre Evacuate Collection Set: 0.34ms
[624.789s][info][gc,phases      ] GC(1444)   Merge Heap Roots: 0.23ms
[624.789s][info][gc,phases      ] GC(1444)   Evacuate Collection Set: 28.90ms
[624.789s][info][gc,phases      ] GC(1444)   Post Evacuate Collection Set: 0.44ms
[624.789s][info][gc,phases      ] GC(1444)   Other: 0.10ms
[624.789s][info][gc,heap        ] GC(1444) Eden regions: 97->0(81)
[624.789s][info][gc,heap        ] GC(1444) Survivor regions: 12->14(14)
[624.789s][info][gc,heap        ] GC(1444) Old regions: 798->810
[624.789s][info][gc,heap        ] GC(1444) Humongous regions: 9->9
[624.789s][info][gc,metaspace   ] GC(1444) Metaspace: 19124K(19200K)->19124K(19200K) NonClass: 17295K(17344K)->17295K(17344K) Class: 1829K(1856K)->1829K(1856K)
[624.789s][info][gc             ] GC(1444) Pause Young (Concurrent Start) (G1 Evacuation Pause) 915M->832M(978M) 30.297ms
[624.789s][info][gc             ] GC(1445) Concurrent Mark Cycle
[624.789s][info][gc,marking     ] GC(1445) Concurrent Scan Root Regions
[624.789s][info][gc,cpu         ] GC(1444) User=0.06s Sys=0.00s Real=0.03s
[624.821s][info][gc,marking     ] GC(1445) Concurrent Scan Root Regions 32.304ms
[624.821s][info][gc,marking     ] GC(1445) Concurrent Mark
[624.821s][info][gc,marking     ] GC(1445) Concurrent Mark From Roots
[624.821s][info][gc,task        ] GC(1445) Using 1 workers of 1 for marking
[624.999s][info][gc,start       ] GC(1446) Pause Young (Normal) (G1 Evacuation Pause)
[624.999s][info][gc,task        ] GC(1446) Using 2 workers of 2 for evacuation
[625.036s][info][gc,phases      ] GC(1446)   Pre Evacuate Collection Set: 0.56ms
[625.036s][info][gc,phases      ] GC(1446)   Merge Heap Roots: 0.30ms
[625.036s][info][gc,phases      ] GC(1446)   Evacuate Collection Set: 36.10ms
[625.036s][info][gc,phases      ] GC(1446)   Post Evacuate Collection Set: 0.48ms
[625.036s][info][gc,phases      ] GC(1446)   Other: 0.10ms
[625.036s][info][gc,heap        ] GC(1446) Eden regions: 81->0(70)
[625.036s][info][gc,heap        ] GC(1446) Survivor regions: 14->12(12)
[625.036s][info][gc,heap        ] GC(1446) Old regions: 810->824
[625.036s][info][gc,heap        ] GC(1446) Humongous regions: 10->10
[625.036s][info][gc,metaspace   ] GC(1446) Metaspace: 19124K(19200K)->19124K(19200K) NonClass: 17295K(17344K)->17295K(17344K) Class: 1829K(1856K)->1829K(1856K)
[625.036s][info][gc             ] GC(1446) Pause Young (Normal) (G1 Evacuation Pause) 914M->845M(978M) 37.773ms
[625.037s][info][gc,cpu         ] GC(1446) User=0.07s Sys=0.00s Real=0.04s
[625.186s][info][gc,start       ] GC(1447) Pause Young (Normal) (G1 Evacuation Pause)
[625.186s][info][gc,task        ] GC(1447) Using 2 workers of 2 for evacuation
[625.217s][info][gc,phases      ] GC(1447)   Pre Evacuate Collection Set: 0.34ms
[625.217s][info][gc,phases      ] GC(1447)   Merge Heap Roots: 0.34ms
[625.217s][info][gc,phases      ] GC(1447)   Evacuate Collection Set: 29.77ms
[625.217s][info][gc,phases      ] GC(1447)   Post Evacuate Collection Set: 0.38ms
[625.217s][info][gc,phases      ] GC(1447)   Other: 0.11ms
[625.217s][info][gc,heap        ] GC(1447) Eden regions: 70->0(74)
[625.217s][info][gc,heap        ] GC(1447) Survivor regions: 12->4(11)
[625.217s][info][gc,heap        ] GC(1447) Old regions: 824->836
[625.217s][info][gc,heap        ] GC(1447) Humongous regions: 10->10
[625.217s][info][gc,metaspace   ] GC(1447) Metaspace: 19124K(19200K)->19124K(19200K) NonClass: 17295K(17344K)->17295K(17344K) Class: 1829K(1856K)->1829K(1856K)
[625.217s][info][gc             ] GC(1447) Pause Young (Normal) (G1 Evacuation Pause) 915M->849M(978M) 31.239ms
[625.217s][info][gc,cpu         ] GC(1447) User=0.06s Sys=0.00s Real=0.03s
[625.398s][info][gc,start       ] GC(1448) Pause Young (Normal) (G1 Evacuation Pause)
[625.398s][info][gc,task        ] GC(1448) Using 2 workers of 2 for evacuation
[625.407s][info][gc,phases      ] GC(1448)   Pre Evacuate Collection Set: 0.34ms
[625.407s][info][gc,phases      ] GC(1448)   Merge Heap Roots: 0.14ms
[625.407s][info][gc,phases      ] GC(1448)   Evacuate Collection Set: 7.97ms
[625.407s][info][gc,phases      ] GC(1448)   Post Evacuate Collection Set: 0.37ms
[625.407s][info][gc,phases      ] GC(1448)   Other: 0.12ms
[625.407s][info][gc,heap        ] GC(1448) Eden regions: 74->0(72)
[625.407s][info][gc,heap        ] GC(1448) Survivor regions: 4->5(10)
[625.407s][info][gc,heap        ] GC(1448) Old regions: 836->836
[625.407s][info][gc,heap        ] GC(1448) Humongous regions: 10->10
[625.407s][info][gc,metaspace   ] GC(1448) Metaspace: 19124K(19200K)->19124K(19200K) NonClass: 17295K(17344K)->17295K(17344K) Class: 1829K(1856K)->1829K(1856K)
[625.407s][info][gc             ] GC(1448) Pause Young (Normal) (G1 Evacuation Pause) 923M->850M(978M) 9.270ms
[625.407s][info][gc,cpu         ] GC(1448) User=0.02s Sys=0.00s Real=0.01s
[625.566s][info][gc,start       ] GC(1449) Pause Young (Normal) (G1 Evacuation Pause)
[625.566s][info][gc,task        ] GC(1449) Using 2 workers of 2 for evacuation
[625.575s][info][gc,phases      ] GC(1449)   Pre Evacuate Collection Set: 0.34ms
[625.575s][info][gc,phases      ] GC(1449)   Merge Heap Roots: 0.13ms
[625.575s][info][gc,phases      ] GC(1449)   Evacuate Collection Set: 7.95ms
[625.575s][info][gc,phases      ] GC(1449)   Post Evacuate Collection Set: 0.37ms
[625.575s][info][gc,phases      ] GC(1449)   Other: 0.11ms
[625.575s][info][gc,heap        ] GC(1449) Eden regions: 72->0(72)
[625.575s][info][gc,heap        ] GC(1449) Survivor regions: 5->5(10)
[625.575s][info][gc,heap        ] GC(1449) Old regions: 836->836
[625.575s][info][gc,heap        ] GC(1449) Humongous regions: 10->10
[625.575s][info][gc,metaspace   ] GC(1449) Metaspace: 19124K(19200K)->19124K(19200K) NonClass: 17295K(17344K)->17295K(17344K) Class: 1829K(1856K)->1829K(1856K)
[625.575s][info][gc             ] GC(1449) Pause Young (Normal) (G1 Evacuation Pause) 922M->850M(978M) 9.133ms
[625.575s][info][gc,cpu         ] GC(1449) User=0.02s Sys=0.00s Real=0.01s
[625.738s][info][gc,start       ] GC(1450) Pause Young (Normal) (G1 Evacuation Pause)
[625.739s][info][gc,task        ] GC(1450) Using 2 workers of 2 for evacuation
[625.749s][info][gc,phases      ] GC(1450)   Pre Evacuate Collection Set: 0.36ms
[625.749s][info][gc,phases      ] GC(1450)   Merge Heap Roots: 0.13ms
[625.749s][info][gc,phases      ] GC(1450)   Evacuate Collection Set: 9.68ms
[625.749s][info][gc,phases      ] GC(1450)   Post Evacuate Collection Set: 0.36ms
[625.749s][info][gc,phases      ] GC(1450)   Other: 0.11ms
[625.749s][info][gc,heap        ] GC(1450) Eden regions: 72->0(68)
[625.749s][info][gc,heap        ] GC(1450) Survivor regions: 5->7(10)
[625.749s][info][gc,heap        ] GC(1450) Old regions: 836->836
[625.749s][info][gc,heap        ] GC(1450) Humongous regions: 10->10
[625.749s][info][gc,metaspace   ] GC(1450) Metaspace: 19124K(19200K)->19124K(19200K) NonClass: 17295K(17344K)->17295K(17344K) Class: 1829K(1856K)->1829K(1856K)
[625.749s][info][gc             ] GC(1450) Pause Young (Normal) (G1 Evacuation Pause) 922M->852M(978M) 10.881ms
[625.749s][info][gc,cpu         ] GC(1450) User=0.02s Sys=0.00s Real=0.01s
[625.789s][info][gc,marking     ] GC(1445) Concurrent Mark From Roots 967.396ms
[625.789s][info][gc,marking     ] GC(1445) Concurrent Preclean
[625.789s][info][gc,marking     ] GC(1445) Concurrent Preclean 0.054ms
[625.790s][info][gc,start       ] GC(1445) Pause Remark
[625.799s][info][gc             ] GC(1445) Pause Remark 859M->369M(978M) 9.034ms
[625.799s][info][gc,cpu         ] GC(1445) User=0.01s Sys=0.00s Real=0.01s
[625.800s][info][gc,marking     ] GC(1445) Concurrent Mark 978.218ms
[625.800s][info][gc,marking     ] GC(1445) Concurrent Rebuild Remembered Sets and Scrub Regions
[626.062s][info][gc,marking     ] GC(1445) Concurrent Rebuild Remembered Sets and Scrub Regions 262.220ms
[626.062s][info][gc,start       ] GC(1445) Pause Cleanup
[626.062s][info][gc             ] GC(1445) Pause Cleanup 425M->425M(978M) 0.113ms
[626.062s][info][gc,cpu         ] GC(1445) User=0.00s Sys=0.00s Real=0.00s
[626.062s][info][gc,marking     ] GC(1445) Concurrent Clear Claimed Marks
[626.062s][info][gc,marking     ] GC(1445) Concurrent Clear Claimed Marks 0.046ms
[626.062s][info][gc,marking     ] GC(1445) Concurrent Cleanup for Next Mark
[626.065s][info][gc,marking     ] GC(1445) Concurrent Cleanup for Next Mark 2.980ms
[626.065s][info][gc             ] GC(1445) Concurrent Mark Cycle 1276.337ms
[626.082s][info][gc,start       ] GC(1451) Pause Young (Prepare Mixed) (G1 Evacuation Pause)
[626.082s][info][gc,task        ] GC(1451) Using 2 workers of 2 for evacuation
[626.093s][info][gc,phases      ] GC(1451)   Pre Evacuate Collection Set: 0.30ms
[626.093s][info][gc,phases      ] GC(1451)   Merge Heap Roots: 0.19ms
[626.093s][info][gc,phases      ] GC(1451)   Evacuate Collection Set: 10.58ms
[626.093s][info][gc,phases      ] GC(1451)   Post Evacuate Collection Set: 0.38ms
[626.093s][info][gc,phases      ] GC(1451)   Other: 0.09ms
[626.093s][info][gc,heap        ] GC(1451) Eden regions: 68->0(425)
[626.093s][info][gc,heap        ] GC(1451) Survivor regions: 7->4(10)
[626.093s][info][gc,heap        ] GC(1451) Old regions: 352->356
[626.093s][info][gc,heap        ] GC(1451) Humongous regions: 4->4
[626.093s][info][gc,metaspace   ] GC(1451) Metaspace: 19124K(19200K)->19124K(19200K) NonClass: 17295K(17344K)->17295K(17344K) Class: 1829K(1856K)->1829K(1856K)
[626.093s][info][gc             ] GC(1451) Pause Young (Prepare Mixed) (G1 Evacuation Pause) 430M->362M(978M) 11.783ms
[626.093s][info][gc,cpu         ] GC(1451) User=0.02s Sys=0.00s Real=0.02s
[626.795s][info][gc,start       ] GC(1452) Pause Young (Mixed) (G1 Evacuation Pause)
[626.795s][info][gc,task        ] GC(1452) Using 2 workers of 2 for evacuation
[626.906s][info][gc,phases      ] GC(1452)   Pre Evacuate Collection Set: 0.32ms
[626.906s][info][gc,phases      ] GC(1452)   Merge Heap Roots: 0.31ms
[626.907s][info][gc,phases      ] GC(1452)   Evacuate Collection Set: 109.94ms
[626.907s][info][gc,phases      ] GC(1452)   Post Evacuate Collection Set: 0.75ms
[626.907s][info][gc,phases      ] GC(1452)   Other: 0.12ms
[626.907s][info][gc,heap        ] GC(1452) Eden regions: 425->0(357)
[626.907s][info][gc,heap        ] GC(1452) Survivor regions: 4->54(54)
[626.907s][info][gc,heap        ] GC(1452) Old regions: 356->374
[626.907s][info][gc,heap        ] GC(1452) Humongous regions: 5->5
[626.907s][info][gc,metaspace   ] GC(1452) Metaspace: 19124K(19200K)->19124K(19200K) NonClass: 17295K(17344K)->17295K(17344K) Class: 1829K(1856K)->1829K(1856K)
[626.907s][info][gc             ] GC(1452) Pause Young (Mixed) (G1 Evacuation Pause) 788M->432M(978M) 111.761ms
[626.907s][info][gc,cpu         ] GC(1452) User=0.22s Sys=0.00s Real=0.11s
[627.375s][info][gc,start       ] GC(1453) Pause Young (Concurrent Start) (G1 Evacuation Pause)
[627.375s][info][gc,task        ] GC(1453) Using 2 workers of 2 for evacuation
[627.482s][info][gc,phases      ] GC(1453)   Pre Evacuate Collection Set: 0.38ms
[627.482s][info][gc,phases      ] GC(1453)   Merge Heap Roots: 0.24ms
[627.482s][info][gc,phases      ] GC(1453)   Evacuate Collection Set: 105.44ms
[627.482s][info][gc,phases      ] GC(1453)   Post Evacuate Collection Set: 0.68ms
[627.482s][info][gc,phases      ] GC(1453)   Other: 0.23ms
[627.482s][info][gc,heap        ] GC(1453) Eden regions: 357->0(326)
[627.482s][info][gc,heap        ] GC(1453) Survivor regions: 54->42(52)
[627.482s][info][gc,heap        ] GC(1453) Old regions: 374->429
[627.482s][info][gc,heap        ] GC(1453) Humongous regions: 5->5
[627.482s][info][gc,metaspace   ] GC(1453) Metaspace: 19124K(19200K)->19124K(19200K) NonClass: 17295K(17344K)->17295K(17344K) Class: 1829K(1856K)->1829K(1856K)
[627.482s][info][gc             ] GC(1453) Pause Young (Concurrent Start) (G1 Evacuation Pause) 789M->475M(978M) 107.223ms
[627.482s][info][gc,cpu         ] GC(1453) User=0.21s Sys=0.00s Real=0.10s
[627.482s][info][gc             ] GC(1454) Concurrent Mark Cycle
[627.482s][info][gc,marking     ] GC(1454) Concurrent Scan Root Regions
[627.595s][info][gc,marking     ] GC(1454) Concurrent Scan Root Regions 112.406ms
[627.595s][info][gc,marking     ] GC(1454) Concurrent Mark
[627.595s][info][gc,marking     ] GC(1454) Concurrent Mark From Roots
[627.595s][info][gc,task        ] GC(1454) Using 1 workers of 1 for marking
[628.378s][info][gc,start       ] GC(1455) Pause Young (Normal) (G1 Evacuation Pause)
[628.378s][info][gc,task        ] GC(1455) Using 2 workers of 2 for evacuation
[628.572s][info][gc,phases      ] GC(1455)   Pre Evacuate Collection Set: 0.33ms
[628.572s][info][gc,phases      ] GC(1455)   Merge Heap Roots: 0.30ms
[628.572s][info][gc,phases      ] GC(1455)   Evacuate Collection Set: 192.31ms
[628.572s][info][gc,phases      ] GC(1455)   Post Evacuate Collection Set: 0.79ms
[628.572s][info][gc,phases      ] GC(1455)   Other: 0.10ms
[628.572s][info][gc,heap        ] GC(1455) Eden regions: 326->0(225)
[628.572s][info][gc,heap        ] GC(1455) Survivor regions: 42->46(46)
[628.572s][info][gc,heap        ] GC(1455) Old regions: 429->547
[628.572s][info][gc,heap        ] GC(1455) Humongous regions: 6->6
[628.572s][info][gc,metaspace   ] GC(1455) Metaspace: 19124K(19200K)->19124K(19200K) NonClass: 17295K(17344K)->17295K(17344K) Class: 1829K(1856K)->1829K(1856K)
[628.572s][info][gc             ] GC(1455) Pause Young (Normal) (G1 Evacuation Pause) 802M->598M(978M) 194.140ms
[628.572s][info][gc,cpu         ] GC(1455) User=0.38s Sys=0.00s Real=0.19s
[628.691s][info][gc,marking     ] GC(1454) Concurrent Mark From Roots 1095.748ms
[628.691s][info][gc,marking     ] GC(1454) Concurrent Preclean
[628.691s][info][gc,marking     ] GC(1454) Concurrent Preclean 0.088ms
[628.691s][info][gc,start       ] GC(1454) Pause Remark
[628.703s][info][gc             ] GC(1454) Pause Remark 664M->637M(978M) 11.675ms
[628.703s][info][gc,cpu         ] GC(1454) User=0.02s Sys=0.00s Real=0.02s
[628.703s][info][gc,marking     ] GC(1454) Concurrent Mark 1107.980ms
[628.703s][info][gc,marking     ] GC(1454) Concurrent Rebuild Remembered Sets and Scrub Regions
[628.910s][info][gc,start       ] GC(1456) Pause Young (Normal) (G1 Evacuation Pause)
[628.910s][info][gc,task        ] GC(1456) Using 2 workers of 2 for evacuation
[628.995s][info][gc,phases      ] GC(1456)   Pre Evacuate Collection Set: 0.54ms
[628.995s][info][gc,phases      ] GC(1456)   Merge Heap Roots: 0.73ms
[628.995s][info][gc,phases      ] GC(1456)   Evacuate Collection Set: 83.34ms
[628.995s][info][gc,phases      ] GC(1456)   Post Evacuate Collection Set: 0.66ms
[628.995s][info][gc,phases      ] GC(1456)   Other: 0.10ms
[628.995s][info][gc,heap        ] GC(1456) Eden regions: 225->0(236)
[628.995s][info][gc,heap        ] GC(1456) Survivor regions: 46->23(34)
[628.995s][info][gc,heap        ] GC(1456) Old regions: 521->568
[628.995s][info][gc,heap        ] GC(1456) Humongous regions: 5->5
[628.995s][info][gc,metaspace   ] GC(1456) Metaspace: 19124K(19200K)->19124K(19200K) NonClass: 17295K(17344K)->17295K(17344K) Class: 1829K(1856K)->1829K(1856K)
[628.995s][info][gc             ] GC(1456) Pause Young (Normal) (G1 Evacuation Pause) 796M->595M(978M) 85.644ms
[628.995s][info][gc,cpu         ] GC(1456) User=0.17s Sys=0.00s Real=0.09s
[629.345s][info][gc,marking     ] GC(1454) Concurrent Rebuild Remembered Sets and Scrub Regions 642.351ms
[629.345s][info][gc,start       ] GC(1454) Pause Cleanup
[629.345s][info][gc             ] GC(1454) Pause Cleanup 815M->815M(978M) 0.137ms
[629.345s][info][gc,cpu         ] GC(1454) User=0.00s Sys=0.00s Real=0.00s
[629.346s][info][gc,marking     ] GC(1454) Concurrent Clear Claimed Marks
[629.346s][info][gc,marking     ] GC(1454) Concurrent Clear Claimed Marks 0.050ms
[629.346s][info][gc,marking     ] GC(1454) Concurrent Cleanup for Next Mark
[629.349s][info][gc,marking     ] GC(1454) Concurrent Cleanup for Next Mark 2.965ms
[629.349s][info][gc             ] GC(1454) Concurrent Mark Cycle 1866.397ms
[629.379s][info][gc,start       ] GC(1457) Pause Young (Prepare Mixed) (G1 Evacuation Pause)
[629.379s][info][gc,task        ] GC(1457) Using 2 workers of 2 for evacuation
[629.427s][info][gc,phases      ] GC(1457)   Pre Evacuate Collection Set: 0.33ms
[629.427s][info][gc,phases      ] GC(1457)   Merge Heap Roots: 0.30ms
[629.427s][info][gc,phases      ] GC(1457)   Evacuate Collection Set: 46.97ms
[629.428s][info][gc,phases      ] GC(1457)   Post Evacuate Collection Set: 0.62ms
[629.428s][info][gc,phases      ] GC(1457)   Other: 0.12ms
[629.428s][info][gc,heap        ] GC(1457) Eden regions: 236->0(240)
[629.428s][info][gc,heap        ] GC(1457) Survivor regions: 23->16(33)
[629.428s][info][gc,heap        ] GC(1457) Old regions: 568->590
[629.428s][info][gc,heap        ] GC(1457) Humongous regions: 5->5
[629.428s][info][gc,metaspace   ] GC(1457) Metaspace: 19124K(19200K)->19124K(19200K) NonClass: 17295K(17344K)->17295K(17344K) Class: 1829K(1856K)->1829K(1856K)
[629.428s][info][gc             ] GC(1457) Pause Young (Prepare Mixed) (G1 Evacuation Pause) 831M->609M(978M) 48.644ms
[629.428s][info][gc,cpu         ] GC(1457) User=0.10s Sys=0.00s Real=0.05s
[629.703s][info][gc,start       ] GC(1458) Pause Young (Mixed) (G1 Evacuation Pause)
[629.703s][info][gc,task        ] GC(1458) Using 2 workers of 2 for evacuation
[629.831s][info][gc,phases      ] GC(1458)   Pre Evacuate Collection Set: 0.56ms
[629.831s][info][gc,phases      ] GC(1458)   Merge Heap Roots: 1.11ms
[629.831s][info][gc,phases      ] GC(1458)   Evacuate Collection Set: 125.78ms
[629.831s][info][gc,phases      ] GC(1458)   Post Evacuate Collection Set: 1.08ms
[629.831s][info][gc,phases      ] GC(1458)   Other: 0.12ms
[629.831s][info][gc,heap        ] GC(1458) Eden regions: 240->0(208)
[629.832s][info][gc,heap        ] GC(1458) Survivor regions: 16->32(32)
[629.832s][info][gc,heap        ] GC(1458) Old regions: 590->605
[629.832s][info][gc,heap        ] GC(1458) Humongous regions: 5->5
[629.832s][info][gc,metaspace   ] GC(1458) Metaspace: 19124K(19200K)->19124K(19200K) NonClass: 17295K(17344K)->17295K(17344K) Class: 1829K(1856K)->1829K(1856K)
[629.832s][info][gc             ] GC(1458) Pause Young (Mixed) (G1 Evacuation Pause) 849M->641M(978M) 128.949ms
[629.832s][info][gc,cpu         ] GC(1458) User=0.25s Sys=0.00s Real=0.12s
[630.034s][info][gc,start       ] GC(1459) Pause Young (Concurrent Start) (G1 Humongous Allocation)
[630.034s][info][gc,task        ] GC(1459) Using 2 workers of 2 for evacuation
[630.162s][info][gc,phases      ] GC(1459)   Pre Evacuate Collection Set: 0.35ms
[630.162s][info][gc,phases      ] GC(1459)   Merge Heap Roots: 0.59ms
[630.162s][info][gc,phases      ] GC(1459)   Evacuate Collection Set: 126.37ms
[630.162s][info][gc,phases      ] GC(1459)   Post Evacuate Collection Set: 0.66ms
[630.162s][info][gc,phases      ] GC(1459)   Other: 0.12ms
[630.162s][info][gc,heap        ] GC(1459) Eden regions: 204->0(150)
[630.162s][info][gc,heap        ] GC(1459) Survivor regions: 32->30(30)
[630.162s][info][gc,heap        ] GC(1459) Old regions: 605->669
[630.162s][info][gc,heap        ] GC(1459) Humongous regions: 5->5
[630.162s][info][gc,metaspace   ] GC(1459) Metaspace: 19124K(19200K)->19124K(19200K) NonClass: 17295K(17344K)->17295K(17344K) Class: 1829K(1856K)->1829K(1856K)
[630.162s][info][gc             ] GC(1459) Pause Young (Concurrent Start) (G1 Humongous Allocation) 845M->703M(978M) 128.406ms
[630.162s][info][gc             ] GC(1460) Concurrent Mark Cycle
[630.162s][info][gc,marking     ] GC(1460) Concurrent Scan Root Regions
[630.165s][info][gc,cpu         ] GC(1459) User=0.26s Sys=0.00s Real=0.13s
[630.348s][info][gc,marking     ] GC(1460) Concurrent Scan Root Regions 185.599ms
[630.348s][info][gc,marking     ] GC(1460) Concurrent Mark
[630.348s][info][gc,marking     ] GC(1460) Concurrent Mark From Roots
[630.348s][info][gc,task        ] GC(1460) Using 1 workers of 1 for marking
[630.412s][info][gc,start       ] GC(1461) Pause Young (Normal) (G1 Evacuation Pause)
[630.412s][info][gc,task        ] GC(1461) Using 2 workers of 2 for evacuation
[630.514s][info][gc,phases      ] GC(1461)   Pre Evacuate Collection Set: 0.57ms
[630.514s][info][gc,phases      ] GC(1461)   Merge Heap Roots: 0.50ms
[630.514s][info][gc,phases      ] GC(1461)   Evacuate Collection Set: 100.38ms
[630.514s][info][gc,phases      ] GC(1461)   Post Evacuate Collection Set: 0.70ms
[630.514s][info][gc,phases      ] GC(1461)   Other: 0.11ms
[630.514s][info][gc,heap        ] GC(1461) Eden regions: 150->0(113)
[630.514s][info][gc,heap        ] GC(1461) Survivor regions: 30->23(23)
[630.514s][info][gc,heap        ] GC(1461) Old regions: 669->729
[630.514s][info][gc,heap        ] GC(1461) Humongous regions: 8->8
[630.514s][info][gc,metaspace   ] GC(1461) Metaspace: 19124K(19200K)->19124K(19200K) NonClass: 17295K(17344K)->17295K(17344K) Class: 1829K(1856K)->1829K(1856K)
[630.514s][info][gc             ] GC(1461) Pause Young (Normal) (G1 Evacuation Pause) 856M->759M(978M) 102.620ms
[630.514s][info][gc,cpu         ] GC(1461) User=0.21s Sys=0.00s Real=0.11s
[630.701s][info][gc,start       ] GC(1462) Pause Young (Normal) (G1 Evacuation Pause)
[630.701s][info][gc,task        ] GC(1462) Using 2 workers of 2 for evacuation
[630.786s][info][gc,phases      ] GC(1462)   Pre Evacuate Collection Set: 0.34ms
[630.786s][info][gc,phases      ] GC(1462)   Merge Heap Roots: 0.49ms
[630.786s][info][gc,phases      ] GC(1462)   Evacuate Collection Set: 83.48ms
[630.786s][info][gc,phases      ] GC(1462)   Post Evacuate Collection Set: 0.58ms
[630.786s][info][gc,phases      ] GC(1462)   Other: 0.11ms
[630.786s][info][gc,heap        ] GC(1462) Eden regions: 113->0(91)
[630.786s][info][gc,heap        ] GC(1462) Survivor regions: 23->17(17)
[630.786s][info][gc,heap        ] GC(1462) Old regions: 729->774
[630.786s][info][gc,heap        ] GC(1462) Humongous regions: 8->8
[630.786s][info][gc,metaspace   ] GC(1462) Metaspace: 19124K(19200K)->19124K(19200K) NonClass: 17295K(17344K)->17295K(17344K) Class: 1829K(1856K)->1829K(1856K)
[630.786s][info][gc             ] GC(1462) Pause Young (Normal) (G1 Evacuation Pause) 872M->798M(978M) 85.264ms
[630.786s][info][gc,cpu         ] GC(1462) User=0.17s Sys=0.00s Real=0.09s
[630.905s][info][gc,marking     ] GC(1460) Concurrent Mark From Roots 557.173ms
[630.905s][info][gc,marking     ] GC(1460) Concurrent Preclean
[630.905s][info][gc,marking     ] GC(1460) Concurrent Preclean 0.055ms
[630.906s][info][gc,start       ] GC(1460) Pause Remark
[630.915s][info][gc             ] GC(1460) Pause Remark 881M->543M(978M) 9.196ms
[630.915s][info][gc,cpu         ] GC(1460) User=0.02s Sys=0.00s Real=0.01s
[630.916s][info][gc,marking     ] GC(1460) Concurrent Mark 567.474ms
[630.916s][info][gc,marking     ] GC(1460) Concurrent Rebuild Remembered Sets and Scrub Regions
[630.927s][info][gc,start       ] GC(1463) Pause Young (Normal) (G1 Evacuation Pause)
[630.927s][info][gc,task        ] GC(1463) Using 2 workers of 2 for evacuation
[630.975s][info][gc,phases      ] GC(1463)   Pre Evacuate Collection Set: 0.50ms
[630.975s][info][gc,phases      ] GC(1463)   Merge Heap Roots: 0.44ms
[630.975s][info][gc,phases      ] GC(1463)   Evacuate Collection Set: 46.28ms
[630.975s][info][gc,phases      ] GC(1463)   Post Evacuate Collection Set: 0.46ms
[630.975s][info][gc,phases      ] GC(1463)   Other: 0.09ms
[630.975s][info][gc,heap        ] GC(1463) Eden regions: 91->0(301)
[630.975s][info][gc,heap        ] GC(1463) Survivor regions: 17->12(14)
[630.975s][info][gc,heap        ] GC(1463) Old regions: 440->458
[630.975s][info][gc,heap        ] GC(1463) Humongous regions: 4->4
[630.975s][info][gc,metaspace   ] GC(1463) Metaspace: 19124K(19200K)->19124K(19200K) NonClass: 17295K(17344K)->17295K(17344K) Class: 1829K(1856K)->1829K(1856K)
[630.975s][info][gc             ] GC(1463) Pause Young (Normal) (G1 Evacuation Pause) 551M->472M(978M) 48.020ms
[630.975s][info][gc,cpu         ] GC(1463) User=0.10s Sys=0.00s Real=0.05s
[631.259s][info][gc,marking     ] GC(1460) Concurrent Rebuild Remembered Sets and Scrub Regions 343.536ms
[631.259s][info][gc,start       ] GC(1460) Pause Cleanup
[631.260s][info][gc             ] GC(1460) Pause Cleanup 724M->724M(978M) 0.187ms
[631.260s][info][gc,cpu         ] GC(1460) User=0.00s Sys=0.00s Real=0.00s
[631.260s][info][gc,marking     ] GC(1460) Concurrent Clear Claimed Marks
[631.260s][info][gc,marking     ] GC(1460) Concurrent Clear Claimed Marks 0.035ms
[631.260s][info][gc,marking     ] GC(1460) Concurrent Cleanup for Next Mark
[631.263s][info][gc,marking     ] GC(1460) Concurrent Cleanup for Next Mark 3.004ms
[631.263s][info][gc             ] GC(1460) Concurrent Mark Cycle 1100.355ms
[631.315s][info][gc,start       ] GC(1464) Pause Young (Prepare Mixed) (G1 Evacuation Pause)
[631.315s][info][gc,task        ] GC(1464) Using 2 workers of 2 for evacuation
[631.390s][info][gc,phases      ] GC(1464)   Pre Evacuate Collection Set: 0.31ms
[631.390s][info][gc,phases      ] GC(1464)   Merge Heap Roots: 0.74ms
[631.390s][info][gc,phases      ] GC(1464)   Evacuate Collection Set: 72.94ms
[631.390s][info][gc,phases      ] GC(1464)   Post Evacuate Collection Set: 0.69ms
[631.390s][info][gc,phases      ] GC(1464)   Other: 0.12ms
[631.390s][info][gc,heap        ] GC(1464) Eden regions: 301->0(293)
[631.390s][info][gc,heap        ] GC(1464) Survivor regions: 12->40(40)
[631.390s][info][gc,heap        ] GC(1464) Old regions: 458->461
[631.390s][info][gc,heap        ] GC(1464) Humongous regions: 7->7
[631.390s][info][gc,metaspace   ] GC(1464) Metaspace: 19124K(19200K)->19124K(19200K) NonClass: 17295K(17344K)->17295K(17344K) Class: 1829K(1856K)->1829K(1856K)
[631.390s][info][gc             ] GC(1464) Pause Young (Prepare Mixed) (G1 Evacuation Pause) 776M->507M(978M) 75.062ms
[631.390s][info][gc,cpu         ] GC(1464) User=0.15s Sys=0.00s Real=0.07s
[631.631s][info][gc,start       ] GC(1465) Pause Young (Mixed) (G1 Evacuation Pause)
[631.631s][info][gc,task        ] GC(1465) Using 2 workers of 2 for evacuation
[631.734s][info][gc,phases      ] GC(1465)   Pre Evacuate Collection Set: 0.61ms
[631.734s][info][gc,phases      ] GC(1465)   Merge Heap Roots: 0.54ms
[631.734s][info][gc,phases      ] GC(1465)   Evacuate Collection Set: 101.01ms
[631.734s][info][gc,phases      ] GC(1465)   Post Evacuate Collection Set: 0.89ms
[631.734s][info][gc,phases      ] GC(1465)   Other: 0.13ms
[631.735s][info][gc,heap        ] GC(1465) Eden regions: 293->0(357)
[631.735s][info][gc,heap        ] GC(1465) Survivor regions: 40->30(42)
[631.735s][info][gc,heap        ] GC(1465) Old regions: 461->404
[631.735s][info][gc,heap        ] GC(1465) Humongous regions: 7->7
[631.735s][info][gc,metaspace   ] GC(1465) Metaspace: 19124K(19200K)->19124K(19200K) NonClass: 17295K(17344K)->17295K(17344K) Class: 1829K(1856K)->1829K(1856K)
[631.735s][info][gc             ] GC(1465) Pause Young (Mixed) (G1 Evacuation Pause) 800M->439M(978M) 103.429ms
[631.735s][info][gc,cpu         ] GC(1465) User=0.20s Sys=0.00s Real=0.11s
[632.034s][info][gc,start       ] GC(1466) Pause Young (Mixed) (G1 Evacuation Pause)
[632.034s][info][gc,task        ] GC(1466) Using 2 workers of 2 for evacuation
[632.130s][info][gc,phases      ] GC(1466)   Pre Evacuate Collection Set: 0.35ms
[632.130s][info][gc,phases      ] GC(1466)   Merge Heap Roots: 0.65ms
[632.130s][info][gc,phases      ] GC(1466)   Evacuate Collection Set: 93.57ms
[632.130s][info][gc,phases      ] GC(1466)   Post Evacuate Collection Set: 0.74ms
[632.130s][info][gc,phases      ] GC(1466)   Other: 0.10ms
[632.130s][info][gc,heap        ] GC(1466) Eden regions: 357->0(352)
[632.130s][info][gc,heap        ] GC(1466) Survivor regions: 30->32(49)
[632.130s][info][gc,heap        ] GC(1466) Old regions: 404->427
[632.130s][info][gc,heap        ] GC(1466) Humongous regions: 7->7
[632.130s][info][gc,metaspace   ] GC(1466) Metaspace: 19124K(19200K)->19124K(19200K) NonClass: 17295K(17344K)->17295K(17344K) Class: 1829K(1856K)->1829K(1856K)
[632.130s][info][gc             ] GC(1466) Pause Young (Mixed) (G1 Evacuation Pause) 796M->465M(978M) 95.711ms
[632.130s][info][gc,cpu         ] GC(1466) User=0.19s Sys=0.00s Real=0.09s
[632.762s][info][gc,start       ] GC(1467) Pause Young (Concurrent Start) (G1 Evacuation Pause)
[632.762s][info][gc,task        ] GC(1467) Using 2 workers of 2 for evacuation
[632.838s][info][gc,phases      ] GC(1467)   Pre Evacuate Collection Set: 0.37ms
[632.838s][info][gc,phases      ] GC(1467)   Merge Heap Roots: 0.34ms
[632.838s][info][gc,phases      ] GC(1467)   Evacuate Collection Set: 73.86ms
[632.838s][info][gc,phases      ] GC(1467)   Post Evacuate Collection Set: 0.68ms
[632.838s][info][gc,phases      ] GC(1467)   Other: 0.21ms
[632.838s][info][gc,heap        ] GC(1467) Eden regions: 352->0(347)
[632.838s][info][gc,heap        ] GC(1467) Survivor regions: 32->26(48)
[632.838s][info][gc,heap        ] GC(1467) Old regions: 427->458
[632.838s][info][gc,heap        ] GC(1467) Humongous regions: 7->7
[632.838s][info][gc,metaspace   ] GC(1467) Metaspace: 19124K(19200K)->19124K(19200K) NonClass: 17295K(17344K)->17295K(17344K) Class: 1829K(1856K)->1829K(1856K)
[632.838s][info][gc             ] GC(1467) Pause Young (Concurrent Start) (G1 Evacuation Pause) 817M->490M(978M) 75.750ms
[632.838s][info][gc,cpu         ] GC(1467) User=0.15s Sys=0.00s Real=0.08s
[632.838s][info][gc             ] GC(1468) Concurrent Mark Cycle
[632.838s][info][gc,marking     ] GC(1468) Concurrent Scan Root Regions
[632.955s][info][gc,marking     ] GC(1468) Concurrent Scan Root Regions 116.962ms
[632.955s][info][gc,marking     ] GC(1468) Concurrent Mark
[632.955s][info][gc,marking     ] GC(1468) Concurrent Mark From Roots
[632.955s][info][gc,task        ] GC(1468) Using 1 workers of 1 for marking
[634.092s][info][gc,marking     ] GC(1468) Concurrent Mark From Roots 1136.342ms
[634.092s][info][gc,marking     ] GC(1468) Concurrent Preclean
[634.092s][info][gc,marking     ] GC(1468) Concurrent Preclean 0.055ms
[634.092s][info][gc,start       ] GC(1468) Pause Remark
[634.101s][info][gc             ] GC(1468) Pause Remark 820M->711M(978M) 9.200ms
[634.101s][info][gc,cpu         ] GC(1468) User=0.02s Sys=0.00s Real=0.01s
[634.101s][info][gc,marking     ] GC(1468) Concurrent Mark 1146.021ms
[634.101s][info][gc,marking     ] GC(1468) Concurrent Rebuild Remembered Sets and Scrub Regions
[634.154s][info][gc,start       ] GC(1469) Pause Young (Normal) (G1 Evacuation Pause)
[634.154s][info][gc,task        ] GC(1469) Using 2 workers of 2 for evacuation
[634.188s][info][gc,phases      ] GC(1469)   Pre Evacuate Collection Set: 0.50ms
[634.188s][info][gc,phases      ] GC(1469)   Merge Heap Roots: 0.26ms
[634.188s][info][gc,phases      ] GC(1469)   Evacuate Collection Set: 32.75ms
[634.188s][info][gc,phases      ] GC(1469)   Post Evacuate Collection Set: 0.59ms
[634.188s][info][gc,phases      ] GC(1469)   Other: 0.13ms
[634.188s][info][gc,heap        ] GC(1469) Eden regions: 347->0(463)
[634.188s][info][gc,heap        ] GC(1469) Survivor regions: 26->1(47)
[634.188s][info][gc,heap        ] GC(1469) Old regions: 352->378
[634.188s][info][gc,heap        ] GC(1469) Humongous regions: 4->4
[634.188s][info][gc,metaspace   ] GC(1469) Metaspace: 19124K(19200K)->19124K(19200K) NonClass: 17295K(17344K)->17295K(17344K) Class: 1829K(1856K)->1829K(1856K)
[634.188s][info][gc             ] GC(1469) Pause Young (Normal) (G1 Evacuation Pause) 728M->382M(978M) 34.474ms
[634.188s][info][gc,cpu         ] GC(1469) User=0.07s Sys=0.00s Real=0.03s
[634.556s][info][gc,marking     ] GC(1468) Concurrent Rebuild Remembered Sets and Scrub Regions 455.276ms
[634.557s][info][gc,start       ] GC(1468) Pause Cleanup
[634.557s][info][gc             ] GC(1468) Pause Cleanup 476M->476M(978M) 0.129ms
[634.557s][info][gc,cpu         ] GC(1468) User=0.00s Sys=0.00s Real=0.00s
[634.557s][info][gc,marking     ] GC(1468) Concurrent Clear Claimed Marks
[634.557s][info][gc,marking     ] GC(1468) Concurrent Clear Claimed Marks 0.045ms
[634.557s][info][gc,marking     ] GC(1468) Concurrent Cleanup for Next Mark
[634.562s][info][gc,marking     ] GC(1468) Concurrent Cleanup for Next Mark 5.025ms
[634.562s][info][gc             ] GC(1468) Concurrent Mark Cycle 1724.035ms
[635.142s][info][gc,start       ] GC(1470) Pause Young (Prepare Mixed) (G1 Evacuation Pause)
[635.142s][info][gc,task        ] GC(1470) Using 2 workers of 2 for evacuation
[635.240s][info][gc,phases      ] GC(1470)   Pre Evacuate Collection Set: 0.36ms
[635.240s][info][gc,phases      ] GC(1470)   Merge Heap Roots: 0.52ms
[635.240s][info][gc,phases      ] GC(1470)   Evacuate Collection Set: 96.31ms
[635.240s][info][gc,phases      ] GC(1470)   Post Evacuate Collection Set: 0.96ms
[635.240s][info][gc,phases      ] GC(1470)   Other: 0.14ms
[635.241s][info][gc,heap        ] GC(1470) Eden regions: 463->0(355)
[635.241s][info][gc,heap        ] GC(1470) Survivor regions: 1->58(58)
[635.241s][info][gc,heap        ] GC(1470) Old regions: 378->403
[635.241s][info][gc,heap        ] GC(1470) Humongous regions: 4->4
[635.241s][info][gc,metaspace   ] GC(1470) Metaspace: 19124K(19200K)->19124K(19200K) NonClass: 17295K(17344K)->17295K(17344K) Class: 1829K(1856K)->1829K(1856K)
[635.241s][info][gc             ] GC(1470) Pause Young (Prepare Mixed) (G1 Evacuation Pause) 845M->464M(978M) 98.595ms
[635.241s][info][gc,cpu         ] GC(1470) User=0.19s Sys=0.00s Real=0.10s
[635.605s][info][gc,start       ] GC(1471) Pause Young (Mixed) (G1 Evacuation Pause)
[635.605s][info][gc,task        ] GC(1471) Using 2 workers of 2 for evacuation
[635.754s][info][gc,phases      ] GC(1471)   Pre Evacuate Collection Set: 0.60ms
[635.754s][info][gc,phases      ] GC(1471)   Merge Heap Roots: 0.54ms
[635.754s][info][gc,phases      ] GC(1471)   Evacuate Collection Set: 146.96ms
[635.754s][info][gc,phases      ] GC(1471)   Post Evacuate Collection Set: 0.93ms
[635.754s][info][gc,phases      ] GC(1471)   Other: 0.12ms
[635.754s][info][gc,heap        ] GC(1471) Eden regions: 355->0(306)
[635.754s][info][gc,heap        ] GC(1471) Survivor regions: 58->52(52)
[635.754s][info][gc,heap        ] GC(1471) Old regions: 403->458
[635.754s][info][gc,heap        ] GC(1471) Humongous regions: 7->7
[635.754s][info][gc,metaspace   ] GC(1471) Metaspace: 19124K(19200K)->19124K(19200K) NonClass: 17295K(17344K)->17295K(17344K) Class: 1829K(1856K)->1829K(1856K)
[635.754s][info][gc             ] GC(1471) Pause Young (Mixed) (G1 Evacuation Pause) 822M->516M(978M) 149.405ms
[635.754s][info][gc,cpu         ] GC(1471) User=0.30s Sys=0.00s Real=0.15s
[635.973s][info][gc,start       ] GC(1472) Pause Young (Concurrent Start) (G1 Evacuation Pause)
[635.973s][info][gc,task        ] GC(1472) Using 2 workers of 2 for evacuation
[636.086s][info][gc,phases      ] GC(1472)   Pre Evacuate Collection Set: 0.35ms
[636.086s][info][gc,phases      ] GC(1472)   Merge Heap Roots: 0.48ms
[636.086s][info][gc,phases      ] GC(1472)   Evacuate Collection Set: 111.58ms
[636.086s][info][gc,phases      ] GC(1472)   Post Evacuate Collection Set: 0.69ms
[636.086s][info][gc,phases      ] GC(1472)   Other: 0.22ms
[636.086s][info][gc,heap        ] GC(1472) Eden regions: 306->0(288)
[636.086s][info][gc,heap        ] GC(1472) Survivor regions: 52->34(45)
[636.086s][info][gc,heap        ] GC(1472) Old regions: 458->511
[636.086s][info][gc,heap        ] GC(1472) Humongous regions: 7->7
[636.086s][info][gc,metaspace   ] GC(1472) Metaspace: 19124K(19200K)->19124K(19200K) NonClass: 17295K(17344K)->17295K(17344K) Class: 1829K(1856K)->1829K(1856K)
[636.086s][info][gc             ] GC(1472) Pause Young (Concurrent Start) (G1 Evacuation Pause) 822M->551M(978M) 113.614ms
[636.086s][info][gc,cpu         ] GC(1472) User=0.22s Sys=0.01s Real=0.12s
[636.086s][info][gc             ] GC(1473) Concurrent Mark Cycle
[636.089s][info][gc,marking     ] GC(1473) Concurrent Scan Root Regions
[636.202s][info][gc,marking     ] GC(1473) Concurrent Scan Root Regions 113.032ms
[636.202s][info][gc,marking     ] GC(1473) Concurrent Mark
[636.202s][info][gc,marking     ] GC(1473) Concurrent Mark From Roots
[636.202s][info][gc,task        ] GC(1473) Using 1 workers of 1 for marking
[636.506s][info][gc,start       ] GC(1474) Pause Young (Normal) (G1 Evacuation Pause)
[636.506s][info][gc,task        ] GC(1474) Using 2 workers of 2 for evacuation
[636.595s][info][gc,phases      ] GC(1474)   Pre Evacuate Collection Set: 0.57ms
[636.595s][info][gc,phases      ] GC(1474)   Merge Heap Roots: 0.34ms
[636.595s][info][gc,phases      ] GC(1474)   Evacuate Collection Set: 87.00ms
[636.595s][info][gc,phases      ] GC(1474)   Post Evacuate Collection Set: 0.63ms
[636.595s][info][gc,phases      ] GC(1474)   Other: 0.11ms
[636.595s][info][gc,heap        ] GC(1474) Eden regions: 288->0(268)
[636.595s][info][gc,heap        ] GC(1474) Survivor regions: 34->34(41)
[636.595s][info][gc,heap        ] GC(1474) Old regions: 511->545
[636.595s][info][gc,heap        ] GC(1474) Humongous regions: 8->8
[636.595s][info][gc,metaspace   ] GC(1474) Metaspace: 19124K(19200K)->19124K(19200K) NonClass: 17295K(17344K)->17295K(17344K) Class: 1829K(1856K)->1829K(1856K)
[636.595s][info][gc             ] GC(1474) Pause Young (Normal) (G1 Evacuation Pause) 840M->586M(978M) 88.953ms
[636.595s][info][gc,cpu         ] GC(1474) User=0.17s Sys=0.00s Real=0.09s
[636.935s][info][gc,start       ] GC(1475) Pause Young (Normal) (G1 Evacuation Pause)
[636.935s][info][gc,task        ] GC(1475) Using 2 workers of 2 for evacuation
[637.000s][info][gc,phases      ] GC(1475)   Pre Evacuate Collection Set: 0.57ms
[637.000s][info][gc,phases      ] GC(1475)   Merge Heap Roots: 0.34ms
[637.000s][info][gc,phases      ] GC(1475)   Evacuate Collection Set: 62.95ms
[637.000s][info][gc,phases      ] GC(1475)   Post Evacuate Collection Set: 0.58ms
[637.000s][info][gc,phases      ] GC(1475)   Other: 0.11ms
[637.000s][info][gc,heap        ] GC(1475) Eden regions: 268->0(274)
[637.000s][info][gc,heap        ] GC(1475) Survivor regions: 34->10(38)
[637.000s][info][gc,heap        ] GC(1475) Old regions: 545->579
[637.000s][info][gc,heap        ] GC(1475) Humongous regions: 8->8
[637.000s][info][gc,metaspace   ] GC(1475) Metaspace: 19124K(19200K)->19124K(19200K) NonClass: 17295K(17344K)->17295K(17344K) Class: 1829K(1856K)->1829K(1856K)
[637.000s][info][gc             ] GC(1475) Pause Young (Normal) (G1 Evacuation Pause) 854M->596M(978M) 64.823ms
[637.000s][info][gc,cpu         ] GC(1475) User=0.13s Sys=0.00s Real=0.06s
[637.535s][info][gc,start       ] GC(1476) Pause Young (Normal) (G1 Evacuation Pause)
[637.535s][info][gc,task        ] GC(1476) Using 2 workers of 2 for evacuation
[637.584s][info][gc,phases      ] GC(1476)   Pre Evacuate Collection Set: 0.33ms
[637.584s][info][gc,phases      ] GC(1476)   Merge Heap Roots: 0.27ms
[637.584s][info][gc,phases      ] GC(1476)   Evacuate Collection Set: 47.86ms
[637.584s][info][gc,phases      ] GC(1476)   Post Evacuate Collection Set: 0.59ms
[637.584s][info][gc,phases      ] GC(1476)   Other: 0.13ms
[637.584s][info][gc,heap        ] GC(1476) Eden regions: 274->0(258)
[637.584s][info][gc,heap        ] GC(1476) Survivor regions: 10->36(36)
[637.584s][info][gc,heap        ] GC(1476) Old regions: 579->580
[637.584s][info][gc,heap        ] GC(1476) Humongous regions: 8->8
[637.584s][info][gc,metaspace   ] GC(1476) Metaspace: 19124K(19200K)->19124K(19200K) NonClass: 17295K(17344K)->17295K(17344K) Class: 1829K(1856K)->1829K(1856K)
[637.584s][info][gc             ] GC(1476) Pause Young (Normal) (G1 Evacuation Pause) 870M->623M(978M) 49.489ms
[637.584s][info][gc,cpu         ] GC(1476) User=0.09s Sys=0.00s Real=0.05s
[637.794s][info][gc,marking     ] GC(1473) Concurrent Mark From Roots 1591.919ms
[637.794s][info][gc,marking     ] GC(1473) Concurrent Preclean
[637.794s][info][gc,marking     ] GC(1473) Concurrent Preclean 0.057ms
[637.794s][info][gc,start       ] GC(1473) Pause Remark
[637.803s][info][gc             ] GC(1473) Pause Remark 689M->679M(978M) 8.928ms
[637.803s][info][gc,cpu         ] GC(1473) User=0.02s Sys=0.00s Real=0.01s
[637.804s][info][gc,marking     ] GC(1473) Concurrent Mark 1601.869ms
[637.804s][info][gc,marking     ] GC(1473) Concurrent Rebuild Remembered Sets and Scrub Regions
[638.346s][info][gc,marking     ] GC(1473) Concurrent Rebuild Remembered Sets and Scrub Regions 542.581ms
[638.346s][info][gc,start       ] GC(1473) Pause Cleanup
[638.347s][info][gc             ] GC(1473) Pause Cleanup 816M->816M(978M) 0.113ms
[638.347s][info][gc,cpu         ] GC(1473) User=0.00s Sys=0.00s Real=0.00s
[638.347s][info][gc,marking     ] GC(1473) Concurrent Clear Claimed Marks
[638.347s][info][gc,marking     ] GC(1473) Concurrent Clear Claimed Marks 0.034ms
[638.347s][info][gc,marking     ] GC(1473) Concurrent Cleanup for Next Mark
[638.350s][info][gc,marking     ] GC(1473) Concurrent Cleanup for Next Mark 2.960ms
[638.350s][info][gc             ] GC(1473) Concurrent Mark Cycle 2263.478ms
[638.423s][info][gc,start       ] GC(1477) Pause Young (Prepare Mixed) (G1 Evacuation Pause)
[638.423s][info][gc,task        ] GC(1477) Using 2 workers of 2 for evacuation
[638.502s][info][gc,phases      ] GC(1477)   Pre Evacuate Collection Set: 0.55ms
[638.502s][info][gc,phases      ] GC(1477)   Merge Heap Roots: 0.56ms
[638.502s][info][gc,phases      ] GC(1477)   Evacuate Collection Set: 76.51ms
[638.502s][info][gc,phases      ] GC(1477)   Post Evacuate Collection Set: 0.62ms
[638.502s][info][gc,phases      ] GC(1477)   Other: 0.10ms
[638.502s][info][gc,heap        ] GC(1477) Eden regions: 258->0(253)
[638.502s][info][gc,heap        ] GC(1477) Survivor regions: 36->22(37)
[638.502s][info][gc,heap        ] GC(1477) Old regions: 571->607
[638.502s][info][gc,heap        ] GC(1477) Humongous regions: 7->7
[638.502s][info][gc,metaspace   ] GC(1477) Metaspace: 19124K(19200K)->19124K(19200K) NonClass: 17295K(17344K)->17295K(17344K) Class: 1829K(1856K)->1829K(1856K)
[638.502s][info][gc             ] GC(1477) Pause Young (Prepare Mixed) (G1 Evacuation Pause) 871M->635M(978M) 78.627ms
[638.502s][info][gc,cpu         ] GC(1477) User=0.16s Sys=0.00s Real=0.07s
[638.779s][info][gc,start       ] GC(1478) Pause Young (Mixed) (G1 Evacuation Pause)
[638.779s][info][gc,task        ] GC(1478) Using 2 workers of 2 for evacuation
[638.860s][info][gc,phases      ] GC(1478)   Pre Evacuate Collection Set: 0.55ms
[638.860s][info][gc,phases      ] GC(1478)   Merge Heap Roots: 0.17ms
[638.860s][info][gc,phases      ] GC(1478)   Evacuate Collection Set: 79.50ms
[638.860s][info][gc,phases      ] GC(1478)   Post Evacuate Collection Set: 0.77ms
[638.860s][info][gc,phases      ] GC(1478)   Other: 0.09ms
[638.860s][info][gc,heap        ] GC(1478) Eden regions: 253->0(197)
[638.860s][info][gc,heap        ] GC(1478) Survivor regions: 22->35(35)
[638.860s][info][gc,heap        ] GC(1478) Old regions: 607->640
[638.860s][info][gc,heap        ] GC(1478) Humongous regions: 7->7
[638.860s][info][gc,metaspace   ] GC(1478) Metaspace: 19124K(19200K)->19124K(19200K) NonClass: 17295K(17344K)->17295K(17344K) Class: 1829K(1856K)->1829K(1856K)
[638.860s][info][gc             ] GC(1478) Pause Young (Mixed) (G1 Evacuation Pause) 888M->681M(978M) 81.330ms
[638.860s][info][gc,cpu         ] GC(1478) User=0.16s Sys=0.00s Real=0.08s
[639.147s][info][gc,start       ] GC(1479) Pause Young (Concurrent Start) (G1 Evacuation Pause)
[639.147s][info][gc,task        ] GC(1479) Using 2 workers of 2 for evacuation
[639.214s][info][gc,phases      ] GC(1479)   Pre Evacuate Collection Set: 0.40ms
[639.214s][info][gc,phases      ] GC(1479)   Merge Heap Roots: 0.39ms
[639.214s][info][gc,phases      ] GC(1479)   Evacuate Collection Set: 65.79ms
[639.214s][info][gc,phases      ] GC(1479)   Post Evacuate Collection Set: 0.56ms
[639.214s][info][gc,phases      ] GC(1479)   Other: 0.23ms
[639.214s][info][gc,heap        ] GC(1479) Eden regions: 197->0(177)
[639.214s][info][gc,heap        ] GC(1479) Survivor regions: 35->27(29)
[639.214s][info][gc,heap        ] GC(1479) Old regions: 640->676
[639.214s][info][gc,heap        ] GC(1479) Humongous regions: 7->7
[639.214s][info][gc,metaspace   ] GC(1479) Metaspace: 19124K(19200K)->19124K(19200K) NonClass: 17295K(17344K)->17295K(17344K) Class: 1829K(1856K)->1829K(1856K)
[639.214s][info][gc             ] GC(1479) Pause Young (Concurrent Start) (G1 Evacuation Pause) 878M->708M(978M) 67.631ms
[639.214s][info][gc,cpu         ] GC(1479) User=0.14s Sys=0.00s Real=0.07s
[639.215s][info][gc             ] GC(1480) Concurrent Mark Cycle
[639.215s][info][gc,marking     ] GC(1480) Concurrent Scan Root Regions
[639.276s][info][gc,marking     ] GC(1480) Concurrent Scan Root Regions 61.615ms
[639.276s][info][gc,marking     ] GC(1480) Concurrent Mark
[639.276s][info][gc,marking     ] GC(1480) Concurrent Mark From Roots
[639.276s][info][gc,task        ] GC(1480) Using 1 workers of 1 for marking
[639.642s][info][gc,start       ] GC(1481) Pause Young (Normal) (G1 Evacuation Pause)
[639.642s][info][gc,task        ] GC(1481) Using 2 workers of 2 for evacuation
[639.729s][info][gc,phases      ] GC(1481)   Pre Evacuate Collection Set: 0.35ms
[639.729s][info][gc,phases      ] GC(1481)   Merge Heap Roots: 0.32ms
[639.729s][info][gc,phases      ] GC(1481)   Evacuate Collection Set: 85.48ms
[639.729s][info][gc,phases      ] GC(1481)   Post Evacuate Collection Set: 0.60ms
[639.729s][info][gc,phases      ] GC(1481)   Other: 0.10ms
[639.729s][info][gc,heap        ] GC(1481) Eden regions: 177->0(144)
[639.729s][info][gc,heap        ] GC(1481) Survivor regions: 27->26(26)
[639.729s][info][gc,heap        ] GC(1481) Old regions: 676->712
[639.729s][info][gc,heap        ] GC(1481) Humongous regions: 10->10
[639.729s][info][gc,metaspace   ] GC(1481) Metaspace: 19124K(19200K)->19124K(19200K) NonClass: 17295K(17344K)->17295K(17344K) Class: 1829K(1856K)->1829K(1856K)
[639.729s][info][gc             ] GC(1481) Pause Young (Normal) (G1 Evacuation Pause) 888M->747M(978M) 87.184ms
[639.729s][info][gc,cpu         ] GC(1481) User=0.17s Sys=0.00s Real=0.09s
[640.022s][info][gc,start       ] GC(1482) Pause Young (Normal) (G1 Evacuation Pause)
[640.022s][info][gc,task        ] GC(1482) Using 2 workers of 2 for evacuation
[640.091s][info][gc,phases      ] GC(1482)   Pre Evacuate Collection Set: 0.32ms
[640.091s][info][gc,phases      ] GC(1482)   Merge Heap Roots: 0.36ms
[640.091s][info][gc,phases      ] GC(1482)   Evacuate Collection Set: 67.67ms
[640.091s][info][gc,phases      ] GC(1482)   Post Evacuate Collection Set: 0.48ms
[640.091s][info][gc,phases      ] GC(1482)   Other: 0.11ms
[640.091s][info][gc,heap        ] GC(1482) Eden regions: 144->0(133)
[640.091s][info][gc,heap        ] GC(1482) Survivor regions: 26->22(22)
[640.091s][info][gc,heap        ] GC(1482) Old regions: 712->738
[640.091s][info][gc,heap        ] GC(1482) Humongous regions: 10->10
[640.091s][info][gc,metaspace   ] GC(1482) Metaspace: 19124K(19200K)->19124K(19200K) NonClass: 17295K(17344K)->17295K(17344K) Class: 1829K(1856K)->1829K(1856K)
[640.091s][info][gc             ] GC(1482) Pause Young (Normal) (G1 Evacuation Pause) 891M->769M(978M) 69.254ms
[640.091s][info][gc,cpu         ] GC(1482) User=0.13s Sys=0.00s Real=0.07s
[640.268s][info][gc,start       ] GC(1483) Pause Young (Normal) (G1 Evacuation Pause)
[640.268s][info][gc,task        ] GC(1483) Using 2 workers of 2 for evacuation
[640.297s][info][gc,phases      ] GC(1483)   Pre Evacuate Collection Set: 0.56ms
[640.297s][info][gc,phases      ] GC(1483)   Merge Heap Roots: 0.17ms
[640.297s][info][gc,phases      ] GC(1483)   Evacuate Collection Set: 28.28ms
[640.297s][info][gc,phases      ] GC(1483)   Post Evacuate Collection Set: 0.42ms
[640.297s][info][gc,phases      ] GC(1483)   Other: 0.12ms
[640.297s][info][gc,heap        ] GC(1483) Eden regions: 133->0(139)
[640.297s][info][gc,heap        ] GC(1483) Survivor regions: 22->4(20)
[640.297s][info][gc,heap        ] GC(1483) Old regions: 738->760
[640.297s][info][gc,heap        ] GC(1483) Humongous regions: 10->10
[640.297s][info][gc,metaspace   ] GC(1483) Metaspace: 19124K(19200K)->19124K(19200K) NonClass: 17295K(17344K)->17295K(17344K) Class: 1829K(1856K)->1829K(1856K)
[640.297s][info][gc             ] GC(1483) Pause Young (Normal) (G1 Evacuation Pause) 902M->772M(978M) 29.838ms
[640.297s][info][gc,cpu         ] GC(1483) User=0.06s Sys=0.00s Real=0.03s
[640.575s][info][gc,start       ] GC(1484) Pause Young (Normal) (G1 Evacuation Pause)
[640.575s][info][gc,task        ] GC(1484) Using 2 workers of 2 for evacuation
[640.587s][info][gc,phases      ] GC(1484)   Pre Evacuate Collection Set: 0.35ms
[640.587s][info][gc,phases      ] GC(1484)   Merge Heap Roots: 0.22ms
[640.587s][info][gc,phases      ] GC(1484)   Evacuate Collection Set: 11.22ms
[640.587s][info][gc,phases      ] GC(1484)   Post Evacuate Collection Set: 0.40ms
[640.587s][info][gc,phases      ] GC(1484)   Other: 0.13ms
[640.587s][info][gc,heap        ] GC(1484) Eden regions: 139->0(148)
[640.587s][info][gc,heap        ] GC(1484) Survivor regions: 4->4(18)
[640.587s][info][gc,heap        ] GC(1484) Old regions: 760->760
[640.587s][info][gc,heap        ] GC(1484) Humongous regions: 10->10
[640.587s][info][gc,metaspace   ] GC(1484) Metaspace: 19124K(19200K)->19124K(19200K) NonClass: 17295K(17344K)->17295K(17344K) Class: 1829K(1856K)->1829K(1856K)
[640.587s][info][gc             ] GC(1484) Pause Young (Normal) (G1 Evacuation Pause) 911M->773M(978M) 12.622ms
[640.587s][info][gc,cpu         ] GC(1484) User=0.02s Sys=0.00s Real=0.01s
[640.737s][info][gc,marking     ] GC(1480) Concurrent Mark From Roots 1461.065ms
[640.738s][info][gc,marking     ] GC(1480) Concurrent Preclean
[640.738s][info][gc,marking     ] GC(1480) Concurrent Preclean 0.051ms
[640.738s][info][gc,start       ] GC(1480) Pause Remark
[640.747s][info][gc             ] GC(1480) Pause Remark 841M->686M(978M) 8.856ms
[640.747s][info][gc,cpu         ] GC(1480) User=0.02s Sys=0.00s Real=0.01s
[640.747s][info][gc,marking     ] GC(1480) Concurrent Mark 1470.365ms
[640.747s][info][gc,marking     ] GC(1480) Concurrent Rebuild Remembered Sets and Scrub Regions
[640.945s][info][gc,start       ] GC(1485) Pause Young (Normal) (G1 Evacuation Pause)
[640.945s][info][gc,task        ] GC(1485) Using 2 workers of 2 for evacuation
[640.974s][info][gc,phases      ] GC(1485)   Pre Evacuate Collection Set: 0.41ms
[640.974s][info][gc,phases      ] GC(1485)   Merge Heap Roots: 0.55ms
[640.974s][info][gc,phases      ] GC(1485)   Evacuate Collection Set: 27.98ms
[640.974s][info][gc,phases      ] GC(1485)   Post Evacuate Collection Set: 0.44ms
[640.975s][info][gc,phases      ] GC(1485)   Other: 0.11ms
[640.975s][info][gc,heap        ] GC(1485) Eden regions: 148->0(260)
[640.975s][info][gc,heap        ] GC(1485) Survivor regions: 4->11(19)
[640.975s][info][gc,heap        ] GC(1485) Old regions: 608->608
[640.975s][info][gc,heap        ] GC(1485) Humongous regions: 7->7
[640.975s][info][gc,metaspace   ] GC(1485) Metaspace: 19124K(19200K)->19124K(19200K) NonClass: 17295K(17344K)->17295K(17344K) Class: 1829K(1856K)->1829K(1856K)
[640.975s][info][gc             ] GC(1485) Pause Young (Normal) (G1 Evacuation Pause) 766M->625M(978M) 29.785ms
[640.975s][info][gc,cpu         ] GC(1485) User=0.06s Sys=0.00s Real=0.03s
[641.433s][info][gc,marking     ] GC(1480) Concurrent Rebuild Remembered Sets and Scrub Regions 685.952ms
[641.433s][info][gc,start       ] GC(1480) Pause Cleanup
[641.433s][info][gc             ] GC(1480) Pause Cleanup 856M->856M(978M) 0.180ms
[641.433s][info][gc,cpu         ] GC(1480) User=0.00s Sys=0.00s Real=0.00s
[641.433s][info][gc,marking     ] GC(1480) Concurrent Clear Claimed Marks
[641.433s][info][gc,marking     ] GC(1480) Concurrent Clear Claimed Marks 0.051ms
[641.433s][info][gc,marking     ] GC(1480) Concurrent Cleanup for Next Mark
[641.436s][info][gc,marking     ] GC(1480) Concurrent Cleanup for Next Mark 3.077ms
[641.436s][info][gc             ] GC(1480) Concurrent Mark Cycle 2221.783ms
[641.456s][info][gc,start       ] GC(1486) Pause Young (Prepare Mixed) (G1 Evacuation Pause)
[641.456s][info][gc,task        ] GC(1486) Using 2 workers of 2 for evacuation
[641.539s][info][gc,phases      ] GC(1486)   Pre Evacuate Collection Set: 0.56ms
[641.540s][info][gc,phases      ] GC(1486)   Merge Heap Roots: 0.44ms
[641.540s][info][gc,phases      ] GC(1486)   Evacuate Collection Set: 81.08ms
[641.540s][info][gc,phases      ] GC(1486)   Post Evacuate Collection Set: 0.82ms
[641.540s][info][gc,phases      ] GC(1486)   Other: 0.10ms
[641.540s][info][gc,heap        ] GC(1486) Eden regions: 260->0(203)
[641.540s][info][gc,heap        ] GC(1486) Survivor regions: 11->34(34)
[641.540s][info][gc,heap        ] GC(1486) Old regions: 608->639
[641.540s][info][gc,heap        ] GC(1486) Humongous regions: 7->7
[641.540s][info][gc,metaspace   ] GC(1486) Metaspace: 19124K(19200K)->19124K(19200K) NonClass: 17295K(17344K)->17295K(17344K) Class: 1829K(1856K)->1829K(1856K)
[641.540s][info][gc             ] GC(1486) Pause Young (Prepare Mixed) (G1 Evacuation Pause) 885M->679M(978M) 83.279ms
[641.540s][info][gc,cpu         ] GC(1486) User=0.17s Sys=0.00s Real=0.08s
[641.848s][info][gc,start       ] GC(1487) Pause Young (Mixed) (G1 Evacuation Pause)
[641.848s][info][gc,task        ] GC(1487) Using 2 workers of 2 for evacuation
[641.967s][info][gc,phases      ] GC(1487)   Pre Evacuate Collection Set: 0.39ms
[641.967s][info][gc,phases      ] GC(1487)   Merge Heap Roots: 0.83ms
[641.967s][info][gc,phases      ] GC(1487)   Evacuate Collection Set: 116.76ms
[641.967s][info][gc,phases      ] GC(1487)   Post Evacuate Collection Set: 0.76ms
[641.967s][info][gc,phases      ] GC(1487)   Other: 0.12ms
[641.967s][info][gc,heap        ] GC(1487) Eden regions: 203->0(203)
[641.967s][info][gc,heap        ] GC(1487) Survivor regions: 34->30(30)
[641.967s][info][gc,heap        ] GC(1487) Old regions: 639->623
[641.967s][info][gc,heap        ] GC(1487) Humongous regions: 7->7
[641.967s][info][gc,metaspace   ] GC(1487) Metaspace: 19124K(19200K)->19124K(19200K) NonClass: 17295K(17344K)->17295K(17344K) Class: 1829K(1856K)->1829K(1856K)
[641.967s][info][gc             ] GC(1487) Pause Young (Mixed) (G1 Evacuation Pause) 882M->659M(978M) 119.134ms
[641.967s][info][gc,cpu         ] GC(1487) User=0.23s Sys=0.00s Real=0.12s
[642.098s][info][gc,start       ] GC(1488) Pause Young (Concurrent Start) (G1 Humongous Allocation)
[642.098s][info][gc,task        ] GC(1488) Using 2 workers of 2 for evacuation
[642.149s][info][gc,phases      ] GC(1488)   Pre Evacuate Collection Set: 0.34ms
[642.149s][info][gc,phases      ] GC(1488)   Merge Heap Roots: 0.43ms
[642.149s][info][gc,phases      ] GC(1488)   Evacuate Collection Set: 49.50ms
[642.149s][info][gc,phases      ] GC(1488)   Post Evacuate Collection Set: 0.56ms
[642.149s][info][gc,phases      ] GC(1488)   Other: 0.11ms
[642.149s][info][gc,heap        ] GC(1488) Eden regions: 83->0(211)
[642.149s][info][gc,heap        ] GC(1488) Survivor regions: 30->7(30)
[642.149s][info][gc,heap        ] GC(1488) Old regions: 623->654
[642.149s][info][gc,heap        ] GC(1488) Humongous regions: 7->7
[642.149s][info][gc,metaspace   ] GC(1488) Metaspace: 19124K(19200K)->19124K(19200K) NonClass: 17295K(17344K)->17295K(17344K) Class: 1829K(1856K)->1829K(1856K)
[642.149s][info][gc             ] GC(1488) Pause Young (Concurrent Start) (G1 Humongous Allocation) 742M->667M(978M) 51.186ms
[642.149s][info][gc,cpu         ] GC(1488) User=0.10s Sys=0.00s Real=0.05s
[642.149s][info][gc             ] GC(1489) Concurrent Mark Cycle
[642.149s][info][gc,marking     ] GC(1489) Concurrent Scan Root Regions
[642.202s][info][gc,marking     ] GC(1489) Concurrent Scan Root Regions 52.355ms
[642.202s][info][gc,marking     ] GC(1489) Concurrent Mark
[642.202s][info][gc,marking     ] GC(1489) Concurrent Mark From Roots
[642.202s][info][gc,task        ] GC(1489) Using 1 workers of 1 for marking
[642.585s][info][gc,start       ] GC(1490) Pause Young (Normal) (G1 Evacuation Pause)
[642.585s][info][gc,task        ] GC(1490) Using 2 workers of 2 for evacuation
[642.672s][info][gc,phases      ] GC(1490)   Pre Evacuate Collection Set: 0.58ms
[642.672s][info][gc,phases      ] GC(1490)   Merge Heap Roots: 0.37ms
[642.672s][info][gc,phases      ] GC(1490)   Evacuate Collection Set: 84.78ms
[642.672s][info][gc,phases      ] GC(1490)   Post Evacuate Collection Set: 0.65ms
[642.672s][info][gc,phases      ] GC(1490)   Other: 0.09ms
[642.672s][info][gc,heap        ] GC(1490) Eden regions: 211->0(168)
[642.672s][info][gc,heap        ] GC(1490) Survivor regions: 7->28(28)
[642.672s][info][gc,heap        ] GC(1490) Old regions: 654->682
[642.672s][info][gc,heap        ] GC(1490) Humongous regions: 10->10
[642.672s][info][gc,metaspace   ] GC(1490) Metaspace: 19124K(19200K)->19124K(19200K) NonClass: 17295K(17344K)->17295K(17344K) Class: 1829K(1856K)->1829K(1856K)
[642.672s][info][gc             ] GC(1490) Pause Young (Normal) (G1 Evacuation Pause) 881M->719M(978M) 86.713ms
[642.672s][info][gc,cpu         ] GC(1490) User=0.17s Sys=0.00s Real=0.08s
[642.978s][info][gc,start       ] GC(1491) Pause Young (Normal) (G1 Evacuation Pause)
[642.978s][info][gc,task        ] GC(1491) Using 2 workers of 2 for evacuation
[643.038s][info][gc,phases      ] GC(1491)   Pre Evacuate Collection Set: 0.58ms
[643.038s][info][gc,phases      ] GC(1491)   Merge Heap Roots: 0.80ms
[643.038s][info][gc,phases      ] GC(1491)   Evacuate Collection Set: 57.81ms
[643.038s][info][gc,phases      ] GC(1491)   Post Evacuate Collection Set: 0.49ms
[643.038s][info][gc,phases      ] GC(1491)   Other: 0.08ms
[643.038s][info][gc,heap        ] GC(1491) Eden regions: 168->0(175)
[643.038s][info][gc,heap        ] GC(1491) Survivor regions: 28->5(25)
[643.038s][info][gc,heap        ] GC(1491) Old regions: 682->711
[643.038s][info][gc,heap        ] GC(1491) Humongous regions: 10->10
[643.038s][info][gc,metaspace   ] GC(1491) Metaspace: 19124K(19200K)->19124K(19200K) NonClass: 17295K(17344K)->17295K(17344K) Class: 1829K(1856K)->1829K(1856K)
[643.038s][info][gc             ] GC(1491) Pause Young (Normal) (G1 Evacuation Pause) 887M->724M(978M) 60.077ms
[643.038s][info][gc,cpu         ] GC(1491) User=0.12s Sys=0.00s Real=0.06s
[643.401s][info][gc,start       ] GC(1492) Pause Young (Normal) (G1 Evacuation Pause)
[643.401s][info][gc,task        ] GC(1492) Using 2 workers of 2 for evacuation
[643.416s][info][gc,phases      ] GC(1492)   Pre Evacuate Collection Set: 0.34ms
[643.416s][info][gc,phases      ] GC(1492)   Merge Heap Roots: 0.22ms
[643.416s][info][gc,phases      ] GC(1492)   Evacuate Collection Set: 13.52ms
[643.416s][info][gc,phases      ] GC(1492)   Post Evacuate Collection Set: 0.46ms
[643.416s][info][gc,phases      ] GC(1492)   Other: 0.10ms
[643.416s][info][gc,heap        ] GC(1492) Eden regions: 175->0(185)
[643.416s][info][gc,heap        ] GC(1492) Survivor regions: 5->6(23)
[643.416s][info][gc,heap        ] GC(1492) Old regions: 711->711
[643.416s][info][gc,heap        ] GC(1492) Humongous regions: 10->10
[643.416s][info][gc,metaspace   ] GC(1492) Metaspace: 19124K(19200K)->19124K(19200K) NonClass: 17295K(17344K)->17295K(17344K) Class: 1829K(1856K)->1829K(1856K)
[643.416s][info][gc             ] GC(1492) Pause Young (Normal) (G1 Evacuation Pause) 899M->725M(978M) 14.944ms
[643.416s][info][gc,cpu         ] GC(1492) User=0.03s Sys=0.00s Real=0.02s
[643.810s][info][gc,start       ] GC(1493) Pause Young (Normal) (G1 Evacuation Pause)
[643.810s][info][gc,task        ] GC(1493) Using 2 workers of 2 for evacuation
[643.830s][info][gc,phases      ] GC(1493)   Pre Evacuate Collection Set: 0.32ms
[643.830s][info][gc,phases      ] GC(1493)   Merge Heap Roots: 0.18ms
[643.830s][info][gc,phases      ] GC(1493)   Evacuate Collection Set: 18.89ms
[643.830s][info][gc,phases      ] GC(1493)   Post Evacuate Collection Set: 0.45ms
[643.830s][info][gc,phases      ] GC(1493)   Other: 0.11ms
[643.830s][info][gc,heap        ] GC(1493) Eden regions: 185->0(181)
[643.830s][info][gc,heap        ] GC(1493) Survivor regions: 6->13(24)
[643.830s][info][gc,heap        ] GC(1493) Old regions: 711->711
[643.830s][info][gc,heap        ] GC(1493) Humongous regions: 10->10
[643.830s][info][gc,metaspace   ] GC(1493) Metaspace: 19124K(19200K)->19124K(19200K) NonClass: 17295K(17344K)->17295K(17344K) Class: 1829K(1856K)->1829K(1856K)
[643.830s][info][gc             ] GC(1493) Pause Young (Normal) (G1 Evacuation Pause) 910M->732M(978M) 20.264ms
[643.830s][info][gc,cpu         ] GC(1493) User=0.04s Sys=0.00s Real=0.02s
[643.924s][info][gc,marking     ] GC(1489) Concurrent Mark From Roots 1722.691ms
[643.924s][info][gc,marking     ] GC(1489) Concurrent Preclean
[643.925s][info][gc,marking     ] GC(1489) Concurrent Preclean 0.050ms
[643.925s][info][gc,start       ] GC(1489) Pause Remark
[643.934s][info][gc             ] GC(1489) Pause Remark 783M->644M(978M) 8.997ms
[643.934s][info][gc,cpu         ] GC(1489) User=0.02s Sys=0.00s Real=0.01s
[643.934s][info][gc,marking     ] GC(1489) Concurrent Mark 1732.101ms
[643.934s][info][gc,marking     ] GC(1489) Concurrent Rebuild Remembered Sets and Scrub Regions
[644.302s][info][gc,start       ] GC(1494) Pause Young (Normal) (G1 Evacuation Pause)
[644.302s][info][gc,task        ] GC(1494) Using 2 workers of 2 for evacuation
[644.349s][info][gc,phases      ] GC(1494)   Pre Evacuate Collection Set: 0.32ms
[644.349s][info][gc,phases      ] GC(1494)   Merge Heap Roots: 0.28ms
[644.349s][info][gc,phases      ] GC(1494)   Evacuate Collection Set: 46.18ms
[644.349s][info][gc,phases      ] GC(1494)   Post Evacuate Collection Set: 0.48ms
[644.349s][info][gc,phases      ] GC(1494)   Other: 0.12ms
[644.349s][info][gc,heap        ] GC(1494) Eden regions: 181->0(258)
[644.349s][info][gc,heap        ] GC(1494) Survivor regions: 13->25(25)
[644.349s][info][gc,heap        ] GC(1494) Old regions: 575->587
[644.349s][info][gc,heap        ] GC(1494) Humongous regions: 7->7
[644.349s][info][gc,metaspace   ] GC(1494) Metaspace: 19124K(19200K)->19124K(19200K) NonClass: 17295K(17344K)->17295K(17344K) Class: 1829K(1856K)->1829K(1856K)
[644.350s][info][gc             ] GC(1494) Pause Young (Normal) (G1 Evacuation Pause) 774M->618M(978M) 47.718ms
[644.350s][info][gc,cpu         ] GC(1494) User=0.10s Sys=0.00s Real=0.05s
[644.468s][info][gc,marking     ] GC(1489) Concurrent Rebuild Remembered Sets and Scrub Regions 533.795ms
[644.468s][info][gc,start       ] GC(1489) Pause Cleanup
[644.468s][info][gc             ] GC(1489) Pause Cleanup 643M->643M(978M) 0.128ms
[644.468s][info][gc,cpu         ] GC(1489) User=0.00s Sys=0.00s Real=0.00s
[644.470s][info][gc,marking     ] GC(1489) Concurrent Clear Claimed Marks
[644.470s][info][gc,marking     ] GC(1489) Concurrent Clear Claimed Marks 0.065ms
[644.470s][info][gc,marking     ] GC(1489) Concurrent Cleanup for Next Mark
[644.475s][info][gc,marking     ] GC(1489) Concurrent Cleanup for Next Mark 4.913ms
[644.475s][info][gc             ] GC(1489) Concurrent Mark Cycle 2325.466ms
[645.160s][info][gc,start       ] GC(1495) Pause Young (Prepare Mixed) (G1 Evacuation Pause)
[645.160s][info][gc,task        ] GC(1495) Using 2 workers of 2 for evacuation
[645.195s][info][gc,phases      ] GC(1495)   Pre Evacuate Collection Set: 0.55ms
[645.195s][info][gc,phases      ] GC(1495)   Merge Heap Roots: 0.29ms
[645.195s][info][gc,phases      ] GC(1495)   Evacuate Collection Set: 33.71ms
[645.195s][info][gc,phases      ] GC(1495)   Post Evacuate Collection Set: 0.53ms
[645.195s][info][gc,phases      ] GC(1495)   Other: 0.15ms
[645.195s][info][gc,heap        ] GC(1495) Eden regions: 258->0(274)
[645.195s][info][gc,heap        ] GC(1495) Survivor regions: 25->17(36)
[645.195s][info][gc,heap        ] GC(1495) Old regions: 587->596
[645.195s][info][gc,heap        ] GC(1495) Humongous regions: 7->7
[645.195s][info][gc,metaspace   ] GC(1495) Metaspace: 19124K(19200K)->19124K(19200K) NonClass: 17295K(17344K)->17295K(17344K) Class: 1829K(1856K)->1829K(1856K)
[645.195s][info][gc             ] GC(1495) Pause Young (Prepare Mixed) (G1 Evacuation Pause) 876M->619M(978M) 35.545ms
[645.195s][info][gc,cpu         ] GC(1495) User=0.07s Sys=0.00s Real=0.04s
[645.724s][info][gc,start       ] GC(1496) Pause Young (Mixed) (G1 Evacuation Pause)
[645.724s][info][gc,task        ] GC(1496) Using 2 workers of 2 for evacuation
[645.794s][info][gc,phases      ] GC(1496)   Pre Evacuate Collection Set: 0.36ms
[645.794s][info][gc,phases      ] GC(1496)   Merge Heap Roots: 0.49ms
[645.794s][info][gc,phases      ] GC(1496)   Evacuate Collection Set: 68.08ms
[645.794s][info][gc,phases      ] GC(1496)   Post Evacuate Collection Set: 0.78ms
[645.794s][info][gc,phases      ] GC(1496)   Other: 0.14ms
[645.794s][info][gc,heap        ] GC(1496) Eden regions: 274->0(251)
[645.794s][info][gc,heap        ] GC(1496) Survivor regions: 17->37(37)
[645.794s][info][gc,heap        ] GC(1496) Old regions: 596->592
[645.794s][info][gc,heap        ] GC(1496) Humongous regions: 7->7
[645.794s][info][gc,metaspace   ] GC(1496) Metaspace: 19124K(19200K)->19124K(19200K) NonClass: 17295K(17344K)->17295K(17344K) Class: 1829K(1856K)->1829K(1856K)
[645.794s][info][gc             ] GC(1496) Pause Young (Mixed) (G1 Evacuation Pause) 893M->635M(978M) 70.128ms
[645.794s][info][gc,cpu         ] GC(1496) User=0.14s Sys=0.00s Real=0.07s
[646.123s][info][gc,start       ] GC(1497) Pause Young (Concurrent Start) (G1 Evacuation Pause)
[646.123s][info][gc,task        ] GC(1497) Using 2 workers of 2 for evacuation
[646.210s][info][gc,phases      ] GC(1497)   Pre Evacuate Collection Set: 0.40ms
[646.210s][info][gc,phases      ] GC(1497)   Merge Heap Roots: 0.38ms
[646.210s][info][gc,phases      ] GC(1497)   Evacuate Collection Set: 85.27ms
[646.210s][info][gc,phases      ] GC(1497)   Post Evacuate Collection Set: 0.67ms
[646.210s][info][gc,phases      ] GC(1497)   Other: 0.14ms
[646.210s][info][gc,heap        ] GC(1497) Eden regions: 251->0(210)
[646.210s][info][gc,heap        ] GC(1497) Survivor regions: 37->36(36)
[646.210s][info][gc,heap        ] GC(1497) Old regions: 592->636
[646.210s][info][gc,heap        ] GC(1497) Humongous regions: 7->7
[646.210s][info][gc,metaspace   ] GC(1497) Metaspace: 19124K(19200K)->19124K(19200K) NonClass: 17295K(17344K)->17295K(17344K) Class: 1829K(1856K)->1829K(1856K)
[646.210s][info][gc             ] GC(1497) Pause Young (Concurrent Start) (G1 Evacuation Pause) 886M->678M(978M) 87.199ms
[646.210s][info][gc             ] GC(1498) Concurrent Mark Cycle
[646.210s][info][gc,marking     ] GC(1498) Concurrent Scan Root Regions
[646.211s][info][gc,cpu         ] GC(1497) User=0.17s Sys=0.00s Real=0.08s
[646.315s][info][gc,marking     ] GC(1498) Concurrent Scan Root Regions 104.819ms
[646.315s][info][gc,marking     ] GC(1498) Concurrent Mark
[646.315s][info][gc,marking     ] GC(1498) Concurrent Mark From Roots
[646.315s][info][gc,task        ] GC(1498) Using 1 workers of 1 for marking
[646.809s][info][gc,start       ] GC(1499) Pause Young (Normal) (G1 Evacuation Pause)
[646.810s][info][gc,task        ] GC(1499) Using 2 workers of 2 for evacuation
[646.908s][info][gc,phases      ] GC(1499)   Pre Evacuate Collection Set: 0.30ms
[646.908s][info][gc,phases      ] GC(1499)   Merge Heap Roots: 0.32ms
[646.909s][info][gc,phases      ] GC(1499)   Evacuate Collection Set: 97.49ms
[646.909s][info][gc,phases      ] GC(1499)   Post Evacuate Collection Set: 0.63ms
[646.909s][info][gc,phases      ] GC(1499)   Other: 0.11ms
[646.909s][info][gc,heap        ] GC(1499) Eden regions: 210->0(174)
[646.909s][info][gc,heap        ] GC(1499) Survivor regions: 36->31(31)
[646.909s][info][gc,heap        ] GC(1499) Old regions: 636->680
[646.909s][info][gc,heap        ] GC(1499) Humongous regions: 10->10
[646.909s][info][gc,metaspace   ] GC(1499) Metaspace: 19124K(19200K)->19124K(19200K) NonClass: 17295K(17344K)->17295K(17344K) Class: 1829K(1856K)->1829K(1856K)
[646.909s][info][gc             ] GC(1499) Pause Young (Normal) (G1 Evacuation Pause) 891M->720M(978M) 99.135ms
[646.909s][info][gc,cpu         ] GC(1499) User=0.20s Sys=0.00s Real=0.10s
[647.220s][info][gc,start       ] GC(1500) Pause Young (Normal) (G1 Evacuation Pause)
[647.221s][info][gc,task        ] GC(1500) Using 2 workers of 2 for evacuation
[647.296s][info][gc,phases      ] GC(1500)   Pre Evacuate Collection Set: 0.32ms
[647.296s][info][gc,phases      ] GC(1500)   Merge Heap Roots: 0.37ms
[647.296s][info][gc,phases      ] GC(1500)   Evacuate Collection Set: 74.41ms
[647.296s][info][gc,phases      ] GC(1500)   Post Evacuate Collection Set: 0.47ms
[647.296s][info][gc,phases      ] GC(1500)   Other: 0.12ms
[647.296s][info][gc,heap        ] GC(1500) Eden regions: 174->0(161)
[647.296s][info][gc,heap        ] GC(1500) Survivor regions: 31->21(26)
[647.296s][info][gc,heap        ] GC(1500) Old regions: 680->712
[647.296s][info][gc,heap        ] GC(1500) Humongous regions: 10->10
[647.296s][info][gc,metaspace   ] GC(1500) Metaspace: 19124K(19200K)->19124K(19200K) NonClass: 17295K(17344K)->17295K(17344K) Class: 1829K(1856K)->1829K(1856K)
[647.297s][info][gc             ] GC(1500) Pause Young (Normal) (G1 Evacuation Pause) 894M->742M(978M) 76.029ms
[647.297s][info][gc,cpu         ] GC(1500) User=0.15s Sys=0.00s Real=0.08s
[647.547s][info][gc,start       ] GC(1501) Pause Young (Normal) (G1 Evacuation Pause)
[647.547s][info][gc,task        ] GC(1501) Using 2 workers of 2 for evacuation
[647.577s][info][gc,phases      ] GC(1501)   Pre Evacuate Collection Set: 0.54ms
[647.577s][info][gc,phases      ] GC(1501)   Merge Heap Roots: 0.20ms
[647.577s][info][gc,phases      ] GC(1501)   Evacuate Collection Set: 28.22ms
[647.577s][info][gc,phases      ] GC(1501)   Post Evacuate Collection Set: 0.43ms
[647.577s][info][gc,phases      ] GC(1501)   Other: 0.08ms
[647.577s][info][gc,heap        ] GC(1501) Eden regions: 161->0(169)
[647.577s][info][gc,heap        ] GC(1501) Survivor regions: 21->1(23)
[647.577s][info][gc,heap        ] GC(1501) Old regions: 712->733
[647.577s][info][gc,heap        ] GC(1501) Humongous regions: 10->10
[647.577s][info][gc,metaspace   ] GC(1501) Metaspace: 19124K(19200K)->19124K(19200K) NonClass: 17295K(17344K)->17295K(17344K) Class: 1829K(1856K)->1829K(1856K)
[647.577s][info][gc             ] GC(1501) Pause Young (Normal) (G1 Evacuation Pause) 903M->743M(978M) 29.789ms
[647.577s][info][gc,cpu         ] GC(1501) User=0.05s Sys=0.00s Real=0.03s
[647.914s][info][gc,start       ] GC(1502) Pause Young (Normal) (G1 Evacuation Pause)
[647.914s][info][gc,task        ] GC(1502) Using 2 workers of 2 for evacuation
[647.928s][info][gc,phases      ] GC(1502)   Pre Evacuate Collection Set: 0.30ms
[647.928s][info][gc,phases      ] GC(1502)   Merge Heap Roots: 0.19ms
[647.928s][info][gc,phases      ] GC(1502)   Evacuate Collection Set: 12.61ms
[647.928s][info][gc,phases      ] GC(1502)   Post Evacuate Collection Set: 0.42ms
[647.928s][info][gc,phases      ] GC(1502)   Other: 0.10ms
[647.928s][info][gc,heap        ] GC(1502) Eden regions: 169->0(173)
[647.928s][info][gc,heap        ] GC(1502) Survivor regions: 1->6(22)
[647.928s][info][gc,heap        ] GC(1502) Old regions: 733->733
[647.928s][info][gc,heap        ] GC(1502) Humongous regions: 10->10
[647.928s][info][gc,metaspace   ] GC(1502) Metaspace: 19124K(19200K)->19124K(19200K) NonClass: 17295K(17344K)->17295K(17344K) Class: 1829K(1856K)->1829K(1856K)
[647.928s][info][gc             ] GC(1502) Pause Young (Normal) (G1 Evacuation Pause) 912M->747M(978M) 13.858ms
[647.928s][info][gc,cpu         ] GC(1502) User=0.03s Sys=0.00s Real=0.01s
[648.234s][info][gc,marking     ] GC(1498) Concurrent Mark From Roots 1919.521ms
[648.235s][info][gc,marking     ] GC(1498) Concurrent Preclean
[648.235s][info][gc,marking     ] GC(1498) Concurrent Preclean 0.075ms
[648.237s][info][gc,start       ] GC(1498) Pause Remark
[648.245s][info][gc             ] GC(1498) Pause Remark 860M->851M(978M) 8.636ms
[648.245s][info][gc,cpu         ] GC(1498) User=0.02s Sys=0.00s Real=0.01s
[648.245s][info][gc,marking     ] GC(1498) Concurrent Mark 1930.501ms
[648.245s][info][gc,marking     ] GC(1498) Concurrent Rebuild Remembered Sets and Scrub Regions
[648.442s][info][gc,start       ] GC(1503) Pause Young (Normal) (G1 Evacuation Pause)
[648.442s][info][gc,task        ] GC(1503) Using 2 workers of 2 for evacuation
[648.486s][info][gc,phases      ] GC(1503)   Pre Evacuate Collection Set: 0.32ms
[648.486s][info][gc,phases      ] GC(1503)   Merge Heap Roots: 0.50ms
[648.486s][info][gc,phases      ] GC(1503)   Evacuate Collection Set: 42.51ms
[648.486s][info][gc,phases      ] GC(1503)   Post Evacuate Collection Set: 0.44ms
[648.486s][info][gc,phases      ] GC(1503)   Other: 0.08ms
[648.486s][info][gc,heap        ] GC(1503) Eden regions: 173->0(147)
[648.486s][info][gc,heap        ] GC(1503) Survivor regions: 6->23(23)
[648.486s][info][gc,heap        ] GC(1503) Old regions: 725->726
[648.486s][info][gc,heap        ] GC(1503) Humongous regions: 9->9
[648.486s][info][gc,metaspace   ] GC(1503) Metaspace: 19124K(19200K)->19124K(19200K) NonClass: 17295K(17344K)->17295K(17344K) Class: 1829K(1856K)->1829K(1856K)
[648.486s][info][gc             ] GC(1503) Pause Young (Normal) (G1 Evacuation Pause) 911M->757M(978M) 44.106ms
[648.486s][info][gc,cpu         ] GC(1503) User=0.08s Sys=0.00s Real=0.05s
[648.979s][info][gc,start       ] GC(1504) Pause Young (Normal) (G1 Evacuation Pause)
[648.979s][info][gc,task        ] GC(1504) Using 2 workers of 2 for evacuation
[649.024s][info][gc,phases      ] GC(1504)   Pre Evacuate Collection Set: 0.31ms
[649.024s][info][gc,phases      ] GC(1504)   Merge Heap Roots: 0.34ms
[649.024s][info][gc,phases      ] GC(1504)   Evacuate Collection Set: 43.97ms
[649.024s][info][gc,phases      ] GC(1504)   Post Evacuate Collection Set: 0.44ms
[649.024s][info][gc,phases      ] GC(1504)   Other: 0.08ms
[649.024s][info][gc,heap        ] GC(1504) Eden regions: 147->0(144)
[649.024s][info][gc,heap        ] GC(1504) Survivor regions: 23->13(22)
[649.024s][info][gc,heap        ] GC(1504) Old regions: 726->749
[649.024s][info][gc,heap        ] GC(1504) Humongous regions: 9->9
[649.024s][info][gc,metaspace   ] GC(1504) Metaspace: 19124K(19200K)->19124K(19200K) NonClass: 17295K(17344K)->17295K(17344K) Class: 1829K(1856K)->1829K(1856K)
[649.024s][info][gc             ] GC(1504) Pause Young (Normal) (G1 Evacuation Pause) 904M->770M(978M) 45.394ms
[649.024s][info][gc,cpu         ] GC(1504) User=0.09s Sys=0.00s Real=0.05s
[649.132s][info][gc,marking     ] GC(1498) Concurrent Rebuild Remembered Sets and Scrub Regions 886.069ms
[649.132s][info][gc,start       ] GC(1498) Pause Cleanup
[649.132s][info][gc             ] GC(1498) Pause Cleanup 828M->828M(978M) 0.151ms
[649.132s][info][gc,cpu         ] GC(1498) User=0.00s Sys=0.00s Real=0.00s
[649.132s][info][gc,marking     ] GC(1498) Concurrent Clear Claimed Marks
[649.132s][info][gc,marking     ] GC(1498) Concurrent Clear Claimed Marks 0.045ms
[649.132s][info][gc,marking     ] GC(1498) Concurrent Cleanup for Next Mark
[649.137s][info][gc,marking     ] GC(1498) Concurrent Cleanup for Next Mark 5.009ms
[649.137s][info][gc             ] GC(1498) Concurrent Mark Cycle 2927.133ms
[649.255s][info][gc,start       ] GC(1505) Pause Young (Prepare Mixed) (G1 Evacuation Pause)
[649.255s][info][gc,task        ] GC(1505) Using 2 workers of 2 for evacuation
[649.290s][info][gc,phases      ] GC(1505)   Pre Evacuate Collection Set: 0.55ms
[649.290s][info][gc,phases      ] GC(1505)   Merge Heap Roots: 0.13ms
[649.290s][info][gc,phases      ] GC(1505)   Evacuate Collection Set: 33.40ms
[649.290s][info][gc,phases      ] GC(1505)   Post Evacuate Collection Set: 0.49ms
[649.290s][info][gc,phases      ] GC(1505)   Other: 0.10ms
[649.290s][info][gc,heap        ] GC(1505) Eden regions: 144->0(121)
[649.290s][info][gc,heap        ] GC(1505) Survivor regions: 13->18(20)
[649.290s][info][gc,heap        ] GC(1505) Old regions: 749->762
[649.290s][info][gc,heap        ] GC(1505) Humongous regions: 9->9
[649.290s][info][gc,metaspace   ] GC(1505) Metaspace: 19124K(19200K)->19124K(19200K) NonClass: 17295K(17344K)->17295K(17344K) Class: 1829K(1856K)->1829K(1856K)
[649.290s][info][gc             ] GC(1505) Pause Young (Prepare Mixed) (G1 Evacuation Pause) 914M->788M(978M) 34.890ms
[649.290s][info][gc,cpu         ] GC(1505) User=0.07s Sys=0.00s Real=0.03s
[649.429s][info][gc,start       ] GC(1506) Pause Young (Mixed) (G1 Evacuation Pause)
[649.429s][info][gc,task        ] GC(1506) Using 2 workers of 2 for evacuation
[649.470s][info][gc,phases      ] GC(1506)   Pre Evacuate Collection Set: 0.34ms
[649.470s][info][gc,phases      ] GC(1506)   Merge Heap Roots: 0.54ms
[649.470s][info][gc,phases      ] GC(1506)   Evacuate Collection Set: 39.77ms
[649.470s][info][gc,phases      ] GC(1506)   Post Evacuate Collection Set: 0.41ms
[649.470s][info][gc,phases      ] GC(1506)   Other: 0.08ms
[649.470s][info][gc,heap        ] GC(1506) Eden regions: 121->0(133)
[649.470s][info][gc,heap        ] GC(1506) Survivor regions: 18->18(18)
[649.470s][info][gc,heap        ] GC(1506) Old regions: 762->750
[649.470s][info][gc,heap        ] GC(1506) Humongous regions: 9->9
[649.470s][info][gc,metaspace   ] GC(1506) Metaspace: 19124K(19200K)->19124K(19200K) NonClass: 17295K(17344K)->17295K(17344K) Class: 1829K(1856K)->1829K(1856K)
[649.470s][info][gc             ] GC(1506) Pause Young (Mixed) (G1 Evacuation Pause) 909M->776M(978M) 41.379ms
[649.470s][info][gc,cpu         ] GC(1506) User=0.07s Sys=0.00s Real=0.04s
[649.638s][info][gc,start       ] GC(1507) Pause Young (Concurrent Start) (G1 Evacuation Pause)
[649.639s][info][gc,task        ] GC(1507) Using 2 workers of 2 for evacuation
[649.673s][info][gc,phases      ] GC(1507)   Pre Evacuate Collection Set: 0.34ms
[649.673s][info][gc,phases      ] GC(1507)   Merge Heap Roots: 0.11ms
[649.673s][info][gc,phases      ] GC(1507)   Evacuate Collection Set: 33.40ms
[649.673s][info][gc,phases      ] GC(1507)   Post Evacuate Collection Set: 0.49ms
[649.673s][info][gc,phases      ] GC(1507)   Other: 0.13ms
[649.673s][info][gc,heap        ] GC(1507) Eden regions: 133->0(123)
[649.673s][info][gc,heap        ] GC(1507) Survivor regions: 18->17(19)
[649.673s][info][gc,heap        ] GC(1507) Old regions: 750->762
[649.673s][info][gc,heap        ] GC(1507) Humongous regions: 9->9
[649.673s][info][gc,metaspace   ] GC(1507) Metaspace: 19124K(19200K)->19124K(19200K) NonClass: 17295K(17344K)->17295K(17344K) Class: 1829K(1856K)->1829K(1856K)
[649.673s][info][gc             ] GC(1507) Pause Young (Concurrent Start) (G1 Evacuation Pause) 909M->787M(978M) 34.802ms
[649.673s][info][gc,cpu         ] GC(1507) User=0.06s Sys=0.01s Real=0.04s
[649.673s][info][gc             ] GC(1508) Concurrent Mark Cycle
[649.673s][info][gc,marking     ] GC(1508) Concurrent Scan Root Regions
[649.711s][info][gc,marking     ] GC(1508) Concurrent Scan Root Regions 37.594ms
[649.711s][info][gc,marking     ] GC(1508) Concurrent Mark
[649.711s][info][gc,marking     ] GC(1508) Concurrent Mark From Roots
[649.711s][info][gc,task        ] GC(1508) Using 1 workers of 1 for marking
[649.900s][info][gc,start       ] GC(1509) Pause Young (Normal) (G1 Evacuation Pause)
[649.900s][info][gc,task        ] GC(1509) Using 2 workers of 2 for evacuation
[649.931s][info][gc,phases      ] GC(1509)   Pre Evacuate Collection Set: 0.54ms
[649.931s][info][gc,phases      ] GC(1509)   Merge Heap Roots: 0.16ms
[649.931s][info][gc,phases      ] GC(1509)   Evacuate Collection Set: 29.04ms
[649.931s][info][gc,phases      ] GC(1509)   Post Evacuate Collection Set: 0.44ms
[649.931s][info][gc,phases      ] GC(1509)   Other: 0.08ms
[649.931s][info][gc,heap        ] GC(1509) Eden regions: 123->0(128)
[649.931s][info][gc,heap        ] GC(1509) Survivor regions: 17->6(18)
[649.931s][info][gc,heap        ] GC(1509) Old regions: 762->779
[649.931s][info][gc,heap        ] GC(1509) Humongous regions: 9->9
[649.931s][info][gc,metaspace   ] GC(1509) Metaspace: 19124K(19200K)->19124K(19200K) NonClass: 17295K(17344K)->17295K(17344K) Class: 1829K(1856K)->1829K(1856K)
[649.931s][info][gc             ] GC(1509) Pause Young (Normal) (G1 Evacuation Pause) 910M->793M(978M) 30.523ms
[649.931s][info][gc,cpu         ] GC(1509) User=0.06s Sys=0.00s Real=0.03s
[650.343s][info][gc,start       ] GC(1510) Pause Young (Normal) (G1 Evacuation Pause)
[650.343s][info][gc,task        ] GC(1510) Using 2 workers of 2 for evacuation
[650.356s][info][gc,phases      ] GC(1510)   Pre Evacuate Collection Set: 0.32ms
[650.356s][info][gc,phases      ] GC(1510)   Merge Heap Roots: 0.13ms
[650.356s][info][gc,phases      ] GC(1510)   Evacuate Collection Set: 12.45ms
[650.356s][info][gc,phases      ] GC(1510)   Post Evacuate Collection Set: 0.42ms
[650.356s][info][gc,phases      ] GC(1510)   Other: 0.09ms
[650.356s][info][gc,heap        ] GC(1510) Eden regions: 128->0(120)
[650.356s][info][gc,heap        ] GC(1510) Survivor regions: 6->10(17)
[650.356s][info][gc,heap        ] GC(1510) Old regions: 779->779
[650.356s][info][gc,heap        ] GC(1510) Humongous regions: 9->9
[650.356s][info][gc,metaspace   ] GC(1510) Metaspace: 19126K(19200K)->19126K(19200K) NonClass: 17297K(17344K)->17297K(17344K) Class: 1829K(1856K)->1829K(1856K)
[650.356s][info][gc             ] GC(1510) Pause Young (Normal) (G1 Evacuation Pause) 921M->797M(978M) 13.634ms
[650.356s][info][gc,cpu         ] GC(1510) User=0.02s Sys=0.00s Real=0.01s
[650.856s][info][gc,start       ] GC(1511) Pause Young (Normal) (G1 Evacuation Pause)
[650.856s][info][gc,task        ] GC(1511) Using 2 workers of 2 for evacuation
[650.870s][info][gc,phases      ] GC(1511)   Pre Evacuate Collection Set: 0.32ms
[650.870s][info][gc,phases      ] GC(1511)   Merge Heap Roots: 0.10ms
[650.870s][info][gc,phases      ] GC(1511)   Evacuate Collection Set: 12.60ms
[650.870s][info][gc,phases      ] GC(1511)   Post Evacuate Collection Set: 0.39ms
[650.870s][info][gc,phases      ] GC(1511)   Other: 0.11ms
[650.870s][info][gc,heap        ] GC(1511) Eden regions: 120->0(124)
[650.870s][info][gc,heap        ] GC(1511) Survivor regions: 10->5(17)
[650.870s][info][gc,heap        ] GC(1511) Old regions: 779->785
[650.870s][info][gc,heap        ] GC(1511) Humongous regions: 9->9
[650.870s][info][gc,metaspace   ] GC(1511) Metaspace: 19126K(19200K)->19126K(19200K) NonClass: 17297K(17344K)->17297K(17344K) Class: 1829K(1856K)->1829K(1856K)
[650.870s][info][gc             ] GC(1511) Pause Young (Normal) (G1 Evacuation Pause) 917M->798M(978M) 13.807ms
[650.870s][info][gc,cpu         ] GC(1511) User=0.03s Sys=0.00s Real=0.01s
[651.114s][info][gc,marking     ] GC(1508) Concurrent Mark From Roots 1403.030ms
[651.114s][info][gc,marking     ] GC(1508) Concurrent Preclean
[651.114s][info][gc,marking     ] GC(1508) Concurrent Preclean 0.057ms
[651.115s][info][gc,start       ] GC(1508) Pause Remark
[651.124s][info][gc             ] GC(1508) Pause Remark 918M->638M(978M) 9.144ms
[651.124s][info][gc,cpu         ] GC(1508) User=0.02s Sys=0.00s Real=0.01s
[651.126s][info][gc,marking     ] GC(1508) Concurrent Mark 1414.644ms
[651.126s][info][gc,marking     ] GC(1508) Concurrent Rebuild Remembered Sets and Scrub Regions
[651.139s][info][gc,start       ] GC(1512) Pause Young (Normal) (G1 Evacuation Pause)
[651.139s][info][gc,task        ] GC(1512) Using 2 workers of 2 for evacuation
[651.160s][info][gc,phases      ] GC(1512)   Pre Evacuate Collection Set: 0.27ms
[651.160s][info][gc,phases      ] GC(1512)   Merge Heap Roots: 0.09ms
[651.160s][info][gc,phases      ] GC(1512)   Evacuate Collection Set: 20.74ms
[651.160s][info][gc,phases      ] GC(1512)   Post Evacuate Collection Set: 0.40ms
[651.160s][info][gc,phases      ] GC(1512)   Other: 0.12ms
[651.160s][info][gc,heap        ] GC(1512) Eden regions: 124->0(320)
[651.160s][info][gc,heap        ] GC(1512) Survivor regions: 5->17(17)
[651.160s][info][gc,heap        ] GC(1512) Old regions: 510->511
[651.160s][info][gc,heap        ] GC(1512) Humongous regions: 4->4
[651.160s][info][gc,metaspace   ] GC(1512) Metaspace: 19126K(19200K)->19126K(19200K) NonClass: 17297K(17344K)->17297K(17344K) Class: 1829K(1856K)->1829K(1856K)
[651.160s][info][gc             ] GC(1512) Pause Young (Normal) (G1 Evacuation Pause) 642M->531M(978M) 21.874ms
[651.160s][info][gc,cpu         ] GC(1512) User=0.04s Sys=0.00s Real=0.02s
[651.635s][info][gc,marking     ] GC(1508) Concurrent Rebuild Remembered Sets and Scrub Regions 508.971ms
[651.635s][info][gc,start       ] GC(1508) Pause Cleanup
[651.635s][info][gc             ] GC(1508) Pause Cleanup 827M->827M(978M) 0.179ms
[651.635s][info][gc,cpu         ] GC(1508) User=0.00s Sys=0.00s Real=0.00s
[651.635s][info][gc,marking     ] GC(1508) Concurrent Clear Claimed Marks
[651.635s][info][gc,marking     ] GC(1508) Concurrent Clear Claimed Marks 0.038ms
[651.635s][info][gc,marking     ] GC(1508) Concurrent Cleanup for Next Mark
[651.642s][info][gc,marking     ] GC(1508) Concurrent Cleanup for Next Mark 6.477ms
[651.642s][info][gc             ] GC(1508) Concurrent Mark Cycle 1968.413ms
[651.724s][info][gc,start       ] GC(1513) Pause Young (Prepare Mixed) (G1 Evacuation Pause)
[651.724s][info][gc,task        ] GC(1513) Using 2 workers of 2 for evacuation
[651.822s][info][gc,phases      ] GC(1513)   Pre Evacuate Collection Set: 0.58ms
[651.823s][info][gc,phases      ] GC(1513)   Merge Heap Roots: 0.16ms
[651.823s][info][gc,phases      ] GC(1513)   Evacuate Collection Set: 96.61ms
[651.823s][info][gc,phases      ] GC(1513)   Post Evacuate Collection Set: 0.97ms
[651.823s][info][gc,phases      ] GC(1513)   Other: 0.10ms
[651.823s][info][gc,heap        ] GC(1513) Eden regions: 320->0(239)
[651.823s][info][gc,heap        ] GC(1513) Survivor regions: 17->43(43)
[651.823s][info][gc,heap        ] GC(1513) Old regions: 511->563
[651.823s][info][gc,heap        ] GC(1513) Humongous regions: 4->4
[651.823s][info][gc,metaspace   ] GC(1513) Metaspace: 19126K(19200K)->19126K(19200K) NonClass: 17297K(17344K)->17297K(17344K) Class: 1829K(1856K)->1829K(1856K)
[651.823s][info][gc             ] GC(1513) Pause Young (Prepare Mixed) (G1 Evacuation Pause) 851M->609M(978M) 98.690ms
[651.823s][info][gc,cpu         ] GC(1513) User=0.19s Sys=0.00s Real=0.10s
[652.189s][info][gc,start       ] GC(1514) Pause Young (Mixed) (G1 Evacuation Pause)
[652.189s][info][gc,task        ] GC(1514) Using 2 workers of 2 for evacuation
[652.319s][info][gc,phases      ] GC(1514)   Pre Evacuate Collection Set: 0.60ms
[652.319s][info][gc,phases      ] GC(1514)   Merge Heap Roots: 0.70ms
[652.319s][info][gc,phases      ] GC(1514)   Evacuate Collection Set: 127.04ms
[652.319s][info][gc,phases      ] GC(1514)   Post Evacuate Collection Set: 0.80ms
[652.319s][info][gc,phases      ] GC(1514)   Other: 0.10ms
[652.319s][info][gc,heap        ] GC(1514) Eden regions: 239->0(254)
[652.319s][info][gc,heap        ] GC(1514) Survivor regions: 43->36(36)
[652.319s][info][gc,heap        ] GC(1514) Old regions: 563->544
[652.319s][info][gc,heap        ] GC(1514) Humongous regions: 7->7
[652.319s][info][gc,metaspace   ] GC(1514) Metaspace: 19126K(19200K)->19126K(19200K) NonClass: 17297K(17344K)->17297K(17344K) Class: 1829K(1856K)->1829K(1856K)
[652.319s][info][gc             ] GC(1514) Pause Young (Mixed) (G1 Evacuation Pause) 851M->586M(978M) 129.535ms
[652.319s][info][gc,cpu         ] GC(1514) User=0.26s Sys=0.00s Real=0.13s
[652.604s][info][gc,start       ] GC(1515) Pause Young (Concurrent Start) (G1 Evacuation Pause)
[652.604s][info][gc,task        ] GC(1515) Using 2 workers of 2 for evacuation
[652.697s][info][gc,phases      ] GC(1515)   Pre Evacuate Collection Set: 0.46ms
[652.697s][info][gc,phases      ] GC(1515)   Merge Heap Roots: 0.42ms
[652.697s][info][gc,phases      ] GC(1515)   Evacuate Collection Set: 90.97ms
[652.697s][info][gc,phases      ] GC(1515)   Post Evacuate Collection Set: 0.64ms
[652.697s][info][gc,phases      ] GC(1515)   Other: 0.27ms
[652.697s][info][gc,heap        ] GC(1515) Eden regions: 254->0(243)
[652.697s][info][gc,heap        ] GC(1515) Survivor regions: 36->27(37)
[652.697s][info][gc,heap        ] GC(1515) Old regions: 544->580
[652.697s][info][gc,heap        ] GC(1515) Humongous regions: 7->7
[652.697s][info][gc,metaspace   ] GC(1515) Metaspace: 19126K(19200K)->19126K(19200K) NonClass: 17297K(17344K)->17297K(17344K) Class: 1829K(1856K)->1829K(1856K)
[652.697s][info][gc             ] GC(1515) Pause Young (Concurrent Start) (G1 Evacuation Pause) 840M->613M(978M) 93.041ms
[652.697s][info][gc             ] GC(1516) Concurrent Mark Cycle
[652.697s][info][gc,marking     ] GC(1516) Concurrent Scan Root Regions
[652.697s][info][gc,cpu         ] GC(1515) User=0.19s Sys=0.00s Real=0.09s
[652.828s][info][gc,marking     ] GC(1516) Concurrent Scan Root Regions 131.450ms
[652.829s][info][gc,marking     ] GC(1516) Concurrent Mark
[652.829s][info][gc,marking     ] GC(1516) Concurrent Mark From Roots
[652.829s][info][gc,task        ] GC(1516) Using 1 workers of 1 for marking
[653.186s][info][gc,start       ] GC(1517) Pause Young (Normal) (G1 Evacuation Pause)
[653.186s][info][gc,task        ] GC(1517) Using 2 workers of 2 for evacuation
[653.239s][info][gc,phases      ] GC(1517)   Pre Evacuate Collection Set: 0.55ms
[653.239s][info][gc,phases      ] GC(1517)   Merge Heap Roots: 0.54ms
[653.239s][info][gc,phases      ] GC(1517)   Evacuate Collection Set: 50.81ms
[653.239s][info][gc,phases      ] GC(1517)   Post Evacuate Collection Set: 0.54ms
[653.239s][info][gc,phases      ] GC(1517)   Other: 0.09ms
[653.239s][info][gc,heap        ] GC(1517) Eden regions: 243->0(256)
[653.239s][info][gc,heap        ] GC(1517) Survivor regions: 27->6(34)
[653.239s][info][gc,heap        ] GC(1517) Old regions: 580->606
[653.239s][info][gc,heap        ] GC(1517) Humongous regions: 7->7
[653.239s][info][gc,metaspace   ] GC(1517) Metaspace: 19126K(19200K)->19126K(19200K) NonClass: 17297K(17344K)->17297K(17344K) Class: 1829K(1856K)->1829K(1856K)
[653.239s][info][gc             ] GC(1517) Pause Young (Normal) (G1 Evacuation Pause) 856M->618M(978M) 52.763ms
[653.239s][info][gc,cpu         ] GC(1517) User=0.11s Sys=0.00s Real=0.05s
[653.911s][info][gc,start       ] GC(1518) Pause Young (Normal) (G1 Evacuation Pause)
[653.911s][info][gc,task        ] GC(1518) Using 2 workers of 2 for evacuation
[653.953s][info][gc,phases      ] GC(1518)   Pre Evacuate Collection Set: 0.54ms
[653.953s][info][gc,phases      ] GC(1518)   Merge Heap Roots: 0.21ms
[653.953s][info][gc,phases      ] GC(1518)   Evacuate Collection Set: 40.34ms
[653.953s][info][gc,phases      ] GC(1518)   Post Evacuate Collection Set: 0.55ms
[653.953s][info][gc,phases      ] GC(1518)   Other: 0.08ms
[653.953s][info][gc,heap        ] GC(1518) Eden regions: 256->0(236)
[653.953s][info][gc,heap        ] GC(1518) Survivor regions: 6->33(33)
[653.953s][info][gc,heap        ] GC(1518) Old regions: 606->606
[653.953s][info][gc,heap        ] GC(1518) Humongous regions: 7->7
[653.953s][info][gc,metaspace   ] GC(1518) Metaspace: 19126K(19200K)->19126K(19200K) NonClass: 17297K(17344K)->17297K(17344K) Class: 1829K(1856K)->1829K(1856K)
[653.953s][info][gc             ] GC(1518) Pause Young (Normal) (G1 Evacuation Pause) 874M->645M(978M) 42.009ms
[653.953s][info][gc,cpu         ] GC(1518) User=0.08s Sys=0.00s Real=0.05s
[654.409s][info][gc,marking     ] GC(1516) Concurrent Mark From Roots 1580.540ms
[654.409s][info][gc,marking     ] GC(1516) Concurrent Preclean
[654.409s][info][gc,marking     ] GC(1516) Concurrent Preclean 0.055ms
[654.409s][info][gc,start       ] GC(1516) Pause Remark
[654.418s][info][gc             ] GC(1516) Pause Remark 856M->822M(978M) 9.022ms
[654.418s][info][gc,cpu         ] GC(1516) User=0.01s Sys=0.00s Real=0.01s
[654.421s][info][gc,marking     ] GC(1516) Concurrent Mark 1592.069ms
[654.421s][info][gc,marking     ] GC(1516) Concurrent Rebuild Remembered Sets and Scrub Regions
[654.495s][info][gc,start       ] GC(1519) Pause Young (Normal) (G1 Evacuation Pause)
[654.495s][info][gc,task        ] GC(1519) Using 2 workers of 2 for evacuation
[654.605s][info][gc,phases      ] GC(1519)   Pre Evacuate Collection Set: 0.54ms
[654.605s][info][gc,phases      ] GC(1519)   Merge Heap Roots: 0.33ms
[654.605s][info][gc,phases      ] GC(1519)   Evacuate Collection Set: 108.67ms
[654.605s][info][gc,phases      ] GC(1519)   Post Evacuate Collection Set: 0.62ms
[654.605s][info][gc,phases      ] GC(1519)   Other: 0.09ms
[654.605s][info][gc,heap        ] GC(1519) Eden regions: 236->0(206)
[654.605s][info][gc,heap        ] GC(1519) Survivor regions: 33->34(34)
[654.605s][info][gc,heap        ] GC(1519) Old regions: 573->625
[654.605s][info][gc,heap        ] GC(1519) Humongous regions: 7->7
[654.605s][info][gc,metaspace   ] GC(1519) Metaspace: 19126K(19200K)->19126K(19200K) NonClass: 17297K(17344K)->17297K(17344K) Class: 1829K(1856K)->1829K(1856K)
[654.605s][info][gc             ] GC(1519) Pause Young (Normal) (G1 Evacuation Pause) 848M->665M(978M) 110.546ms
[654.605s][info][gc,cpu         ] GC(1519) User=0.22s Sys=0.00s Real=0.11s
[655.152s][info][gc,marking     ] GC(1516) Concurrent Rebuild Remembered Sets and Scrub Regions 731.001ms
[655.152s][info][gc,start       ] GC(1516) Pause Cleanup
[655.152s][info][gc             ] GC(1516) Pause Cleanup 853M->853M(978M) 0.127ms
[655.152s][info][gc,cpu         ] GC(1516) User=0.00s Sys=0.00s Real=0.00s
[655.153s][info][gc,marking     ] GC(1516) Concurrent Clear Claimed Marks
[655.153s][info][gc,marking     ] GC(1516) Concurrent Clear Claimed Marks 0.042ms
[655.153s][info][gc,marking     ] GC(1516) Concurrent Cleanup for Next Mark
[655.158s][info][gc,marking     ] GC(1516) Concurrent Cleanup for Next Mark 5.065ms
[655.158s][info][gc             ] GC(1516) Concurrent Mark Cycle 2460.709ms
[655.182s][info][gc,start       ] GC(1520) Pause Young (Prepare Mixed) (G1 Evacuation Pause)
[655.182s][info][gc,task        ] GC(1520) Using 2 workers of 2 for evacuation
[655.236s][info][gc,phases      ] GC(1520)   Pre Evacuate Collection Set: 0.33ms
[655.237s][info][gc,phases      ] GC(1520)   Merge Heap Roots: 0.33ms
[655.237s][info][gc,phases      ] GC(1520)   Evacuate Collection Set: 53.27ms
[655.237s][info][gc,phases      ] GC(1520)   Post Evacuate Collection Set: 0.52ms
[655.237s][info][gc,phases      ] GC(1520)   Other: 0.09ms
[655.237s][info][gc,heap        ] GC(1520) Eden regions: 206->0(211)
[655.237s][info][gc,heap        ] GC(1520) Survivor regions: 34->9(30)
[655.237s][info][gc,heap        ] GC(1520) Old regions: 625->660
[655.237s][info][gc,heap        ] GC(1520) Humongous regions: 7->7
[655.237s][info][gc,metaspace   ] GC(1520) Metaspace: 19126K(19200K)->19126K(19200K) NonClass: 17297K(17344K)->17297K(17344K) Class: 1829K(1856K)->1829K(1856K)
[655.237s][info][gc             ] GC(1520) Pause Young (Prepare Mixed) (G1 Evacuation Pause) 871M->675M(978M) 54.826ms
[655.237s][info][gc,cpu         ] GC(1520) User=0.11s Sys=0.00s Real=0.06s
[655.484s][info][gc,start       ] GC(1521) Pause Young (Mixed) (G1 Evacuation Pause)
[655.484s][info][gc,task        ] GC(1521) Using 2 workers of 2 for evacuation
[655.515s][info][gc,phases      ] GC(1521)   Pre Evacuate Collection Set: 0.37ms
[655.515s][info][gc,phases      ] GC(1521)   Merge Heap Roots: 0.22ms
[655.515s][info][gc,phases      ] GC(1521)   Evacuate Collection Set: 30.32ms
[655.515s][info][gc,phases      ] GC(1521)   Post Evacuate Collection Set: 0.55ms
[655.515s][info][gc,phases      ] GC(1521)   Other: 0.10ms
[655.515s][info][gc,heap        ] GC(1521) Eden regions: 211->0(223)
[655.515s][info][gc,heap        ] GC(1521) Survivor regions: 9->24(28)
[655.515s][info][gc,heap        ] GC(1521) Old regions: 660->636
[655.515s][info][gc,heap        ] GC(1521) Humongous regions: 7->7
[655.515s][info][gc,metaspace   ] GC(1521) Metaspace: 19126K(19200K)->19126K(19200K) NonClass: 17297K(17344K)->17297K(17344K) Class: 1829K(1856K)->1829K(1856K)
[655.515s][info][gc             ] GC(1521) Pause Young (Mixed) (G1 Evacuation Pause) 886M->665M(978M) 31.853ms
[655.515s][info][gc,cpu         ] GC(1521) User=0.07s Sys=0.00s Real=0.03s
[655.862s][info][gc,start       ] GC(1522) Pause Young (Concurrent Start) (G1 Evacuation Pause)
[655.862s][info][gc,task        ] GC(1522) Using 2 workers of 2 for evacuation
[655.912s][info][gc,phases      ] GC(1522)   Pre Evacuate Collection Set: 0.34ms
[655.912s][info][gc,phases      ] GC(1522)   Merge Heap Roots: 0.24ms
[655.912s][info][gc,phases      ] GC(1522)   Evacuate Collection Set: 49.14ms
[655.912s][info][gc,phases      ] GC(1522)   Post Evacuate Collection Set: 0.59ms
[655.912s][info][gc,phases      ] GC(1522)   Other: 0.12ms
[655.912s][info][gc,heap        ] GC(1522) Eden regions: 223->0(214)
[655.912s][info][gc,heap        ] GC(1522) Survivor regions: 24->31(31)
[655.912s][info][gc,heap        ] GC(1522) Old regions: 636->645
[655.912s][info][gc,heap        ] GC(1522) Humongous regions: 7->7
[655.912s][info][gc,metaspace   ] GC(1522) Metaspace: 19126K(19200K)->19126K(19200K) NonClass: 17297K(17344K)->17297K(17344K) Class: 1829K(1856K)->1829K(1856K)
[655.912s][info][gc             ] GC(1522) Pause Young (Concurrent Start) (G1 Evacuation Pause) 888M->682M(978M) 50.742ms
[655.912s][info][gc,cpu         ] GC(1522) User=0.10s Sys=0.00s Real=0.05s
[655.912s][info][gc             ] GC(1523) Concurrent Mark Cycle
[655.912s][info][gc,marking     ] GC(1523) Concurrent Scan Root Regions
[655.998s][info][gc,marking     ] GC(1523) Concurrent Scan Root Regions 85.441ms
[655.998s][info][gc,marking     ] GC(1523) Concurrent Mark
[655.998s][info][gc,marking     ] GC(1523) Concurrent Mark From Roots
[655.998s][info][gc,task        ] GC(1523) Using 1 workers of 1 for marking
[656.823s][info][gc,start       ] GC(1524) Pause Young (Normal) (G1 Evacuation Pause)
[656.823s][info][gc,task        ] GC(1524) Using 2 workers of 2 for evacuation
[656.861s][info][gc,phases      ] GC(1524)   Pre Evacuate Collection Set: 0.57ms
[656.861s][info][gc,phases      ] GC(1524)   Merge Heap Roots: 0.18ms
[656.861s][info][gc,phases      ] GC(1524)   Evacuate Collection Set: 35.89ms
[656.861s][info][gc,phases      ] GC(1524)   Post Evacuate Collection Set: 0.52ms
[656.861s][info][gc,phases      ] GC(1524)   Other: 0.11ms
[656.861s][info][gc,heap        ] GC(1524) Eden regions: 214->0(227)
[656.861s][info][gc,heap        ] GC(1524) Survivor regions: 31->1(31)
[656.861s][info][gc,heap        ] GC(1524) Old regions: 645->677
[656.861s][info][gc,heap        ] GC(1524) Humongous regions: 7->7
[656.861s][info][gc,metaspace   ] GC(1524) Metaspace: 19126K(19200K)->19126K(19200K) NonClass: 17297K(17344K)->17297K(17344K) Class: 1829K(1856K)->1829K(1856K)
[656.861s][info][gc             ] GC(1524) Pause Young (Normal) (G1 Evacuation Pause) 896M->684M(978M) 37.596ms
[656.861s][info][gc,cpu         ] GC(1524) User=0.07s Sys=0.00s Real=0.03s
[657.487s][info][gc,marking     ] GC(1523) Concurrent Mark From Roots 1489.004ms
[657.487s][info][gc,marking     ] GC(1523) Concurrent Preclean
[657.487s][info][gc,marking     ] GC(1523) Concurrent Preclean 0.055ms
[657.487s][info][gc,start       ] GC(1523) Pause Remark
[657.496s][info][gc             ] GC(1523) Pause Remark 836M->695M(978M) 8.830ms
[657.496s][info][gc,cpu         ] GC(1523) User=0.02s Sys=0.00s Real=0.01s
[657.497s][info][gc,marking     ] GC(1523) Concurrent Mark 1498.953ms
[657.497s][info][gc,marking     ] GC(1523) Concurrent Rebuild Remembered Sets and Scrub Regions
[657.757s][info][gc,start       ] GC(1525) Pause Young (Normal) (G1 Evacuation Pause)
[657.757s][info][gc,task        ] GC(1525) Using 2 workers of 2 for evacuation
[657.759s][info][gc,phases      ] GC(1525)   Pre Evacuate Collection Set: 0.35ms
[657.759s][info][gc,phases      ] GC(1525)   Merge Heap Roots: 0.11ms
[657.759s][info][gc,phases      ] GC(1525)   Evacuate Collection Set: 0.69ms
[657.759s][info][gc,phases      ] GC(1525)   Post Evacuate Collection Set: 0.44ms
[657.759s][info][gc,phases      ] GC(1525)   Other: 0.11ms
[657.759s][info][gc,heap        ] GC(1525) Eden regions: 227->0(355)
[657.759s][info][gc,heap        ] GC(1525) Survivor regions: 1->1(29)
[657.759s][info][gc,heap        ] GC(1525) Old regions: 538->538
[657.759s][info][gc,heap        ] GC(1525) Humongous regions: 5->5
[657.759s][info][gc,metaspace   ] GC(1525) Metaspace: 19126K(19200K)->19126K(19200K) NonClass: 17297K(17344K)->17297K(17344K) Class: 1829K(1856K)->1829K(1856K)
[657.759s][info][gc             ] GC(1525) Pause Young (Normal) (G1 Evacuation Pause) 770M->543M(978M) 1.965ms
[657.759s][info][gc,cpu         ] GC(1525) User=0.01s Sys=0.01s Real=0.00s
[658.054s][info][gc,marking     ] GC(1523) Concurrent Rebuild Remembered Sets and Scrub Regions 557.302ms
[658.054s][info][gc,start       ] GC(1523) Pause Cleanup
[658.055s][info][gc             ] GC(1523) Pause Cleanup 623M->623M(978M) 0.180ms
[658.055s][info][gc,cpu         ] GC(1523) User=0.00s Sys=0.00s Real=0.00s
[658.055s][info][gc,marking     ] GC(1523) Concurrent Clear Claimed Marks
[658.055s][info][gc,marking     ] GC(1523) Concurrent Clear Claimed Marks 0.041ms
[658.055s][info][gc,marking     ] GC(1523) Concurrent Cleanup for Next Mark
[658.062s][info][gc,marking     ] GC(1523) Concurrent Cleanup for Next Mark 6.806ms
[658.062s][info][gc             ] GC(1523) Concurrent Mark Cycle 2149.252ms
[658.400s][info][gc,start       ] GC(1526) Pause Young (Prepare Mixed) (G1 Evacuation Pause)
[658.401s][info][gc,task        ] GC(1526) Using 2 workers of 2 for evacuation
[658.483s][info][gc,phases      ] GC(1526)   Pre Evacuate Collection Set: 0.37ms
[658.483s][info][gc,phases      ] GC(1526)   Merge Heap Roots: 0.39ms
[658.483s][info][gc,phases      ] GC(1526)   Evacuate Collection Set: 80.96ms
[658.483s][info][gc,phases      ] GC(1526)   Post Evacuate Collection Set: 0.88ms
[658.483s][info][gc,phases      ] GC(1526)   Other: 0.11ms
[658.483s][info][gc,heap        ] GC(1526) Eden regions: 355->0(253)
[658.483s][info][gc,heap        ] GC(1526) Survivor regions: 1->45(45)
[658.483s][info][gc,heap        ] GC(1526) Old regions: 538->565
[658.483s][info][gc,heap        ] GC(1526) Humongous regions: 5->5
[658.483s][info][gc,metaspace   ] GC(1526) Metaspace: 19126K(19200K)->19126K(19200K) NonClass: 17297K(17344K)->17297K(17344K) Class: 1829K(1856K)->1829K(1856K)
[658.483s][info][gc             ] GC(1526) Pause Young (Prepare Mixed) (G1 Evacuation Pause) 898M->614M(978M) 83.030ms
[658.483s][info][gc,cpu         ] GC(1526) User=0.16s Sys=0.00s Real=0.09s
[658.757s][info][gc,start       ] GC(1527) Pause Young (Mixed) (G1 Evacuation Pause)
[658.757s][info][gc,task        ] GC(1527) Using 2 workers of 2 for evacuation
[658.893s][info][gc,phases      ] GC(1527)   Pre Evacuate Collection Set: 0.35ms
[658.893s][info][gc,phases      ] GC(1527)   Merge Heap Roots: 0.51ms
[658.893s][info][gc,phases      ] GC(1527)   Evacuate Collection Set: 133.72ms
[658.893s][info][gc,phases      ] GC(1527)   Post Evacuate Collection Set: 1.07ms
[658.893s][info][gc,phases      ] GC(1527)   Other: 0.14ms
[658.893s][info][gc,heap        ] GC(1527) Eden regions: 253->0(211)
[658.893s][info][gc,heap        ] GC(1527) Survivor regions: 45->38(38)
[658.893s][info][gc,heap        ] GC(1527) Old regions: 565->599
[658.893s][info][gc,heap        ] GC(1527) Humongous regions: 8->8
[658.893s][info][gc,metaspace   ] GC(1527) Metaspace: 19126K(19200K)->19126K(19200K) NonClass: 17297K(17344K)->17297K(17344K) Class: 1829K(1856K)->1829K(1856K)
[658.893s][info][gc             ] GC(1527) Pause Young (Mixed) (G1 Evacuation Pause) 870M->644M(978M) 136.160ms
[658.893s][info][gc,cpu         ] GC(1527) User=0.27s Sys=0.00s Real=0.14s
[659.170s][info][gc,start       ] GC(1528) Pause Young (Concurrent Start) (G1 Evacuation Pause)
[659.170s][info][gc,task        ] GC(1528) Using 2 workers of 2 for evacuation
[659.264s][info][gc,phases      ] GC(1528)   Pre Evacuate Collection Set: 0.34ms
[659.264s][info][gc,phases      ] GC(1528)   Merge Heap Roots: 0.59ms
[659.264s][info][gc,phases      ] GC(1528)   Evacuate Collection Set: 92.87ms
[659.264s][info][gc,phases      ] GC(1528)   Post Evacuate Collection Set: 0.58ms
[659.264s][info][gc,phases      ] GC(1528)   Other: 0.14ms
[659.264s][info][gc,heap        ] GC(1528) Eden regions: 211->0(193)
[659.264s][info][gc,heap        ] GC(1528) Survivor regions: 38->32(32)
[659.264s][info][gc,heap        ] GC(1528) Old regions: 599->637
[659.264s][info][gc,heap        ] GC(1528) Humongous regions: 8->8
[659.265s][info][gc,metaspace   ] GC(1528) Metaspace: 19126K(19200K)->19126K(19200K) NonClass: 17297K(17344K)->17297K(17344K) Class: 1829K(1856K)->1829K(1856K)
[659.265s][info][gc             ] GC(1528) Pause Young (Concurrent Start) (G1 Evacuation Pause) 855M->676M(978M) 94.809ms
[659.265s][info][gc             ] GC(1529) Concurrent Mark Cycle
[659.265s][info][gc,marking     ] GC(1529) Concurrent Scan Root Regions
[659.265s][info][gc,cpu         ] GC(1528) User=0.19s Sys=0.00s Real=0.10s
[659.397s][info][gc,marking     ] GC(1529) Concurrent Scan Root Regions 132.397ms
[659.397s][info][gc,marking     ] GC(1529) Concurrent Mark
[659.397s][info][gc,marking     ] GC(1529) Concurrent Mark From Roots
[659.397s][info][gc,task        ] GC(1529) Using 1 workers of 1 for marking
[659.756s][info][gc,start       ] GC(1530) Pause Young (Normal) (G1 Evacuation Pause)
[659.756s][info][gc,task        ] GC(1530) Using 2 workers of 2 for evacuation
[659.827s][info][gc,phases      ] GC(1530)   Pre Evacuate Collection Set: 0.57ms
[659.827s][info][gc,phases      ] GC(1530)   Merge Heap Roots: 0.29ms
[659.827s][info][gc,phases      ] GC(1530)   Evacuate Collection Set: 69.18ms
[659.827s][info][gc,phases      ] GC(1530)   Post Evacuate Collection Set: 0.61ms
[659.827s][info][gc,phases      ] GC(1530)   Other: 0.11ms
[659.827s][info][gc,heap        ] GC(1530) Eden regions: 193->0(182)
[659.827s][info][gc,heap        ] GC(1530) Survivor regions: 32->20(29)
[659.827s][info][gc,heap        ] GC(1530) Old regions: 637->670
[659.827s][info][gc,heap        ] GC(1530) Humongous regions: 11->11
[659.827s][info][gc,metaspace   ] GC(1530) Metaspace: 19126K(19200K)->19126K(19200K) NonClass: 17297K(17344K)->17297K(17344K) Class: 1829K(1856K)->1829K(1856K)
[659.827s][info][gc             ] GC(1530) Pause Young (Normal) (G1 Evacuation Pause) 872M->699M(978M) 71.014ms
[659.827s][info][gc,cpu         ] GC(1530) User=0.14s Sys=0.00s Real=0.07s
[660.565s][info][gc,start       ] GC(1531) Pause Young (Normal) (G1 Evacuation Pause)
[660.565s][info][gc,task        ] GC(1531) Using 2 workers of 2 for evacuation
[660.604s][info][gc,phases      ] GC(1531)   Pre Evacuate Collection Set: 0.57ms
[660.604s][info][gc,phases      ] GC(1531)   Merge Heap Roots: 0.31ms
[660.605s][info][gc,phases      ] GC(1531)   Evacuate Collection Set: 37.65ms
[660.605s][info][gc,phases      ] GC(1531)   Post Evacuate Collection Set: 0.46ms
[660.605s][info][gc,phases      ] GC(1531)   Other: 0.11ms
[660.605s][info][gc,heap        ] GC(1531) Eden regions: 182->0(196)
[660.605s][info][gc,heap        ] GC(1531) Survivor regions: 20->1(26)
[660.605s][info][gc,heap        ] GC(1531) Old regions: 670->689
[660.605s][info][gc,heap        ] GC(1531) Humongous regions: 11->11
[660.605s][info][gc,metaspace   ] GC(1531) Metaspace: 19126K(19200K)->19126K(19200K) NonClass: 17297K(17344K)->17297K(17344K) Class: 1829K(1856K)->1829K(1856K)
[660.605s][info][gc             ] GC(1531) Pause Young (Normal) (G1 Evacuation Pause) 881M->700M(978M) 39.418ms
[660.605s][info][gc,cpu         ] GC(1531) User=0.08s Sys=0.00s Real=0.04s
[660.637s][info][gc,marking     ] GC(1529) Concurrent Mark From Roots 1239.728ms
[660.637s][info][gc,marking     ] GC(1529) Concurrent Preclean
[660.637s][info][gc,marking     ] GC(1529) Concurrent Preclean 0.054ms
[660.638s][info][gc,start       ] GC(1529) Pause Remark
[660.647s][info][gc             ] GC(1529) Pause Remark 707M->560M(978M) 9.093ms
[660.647s][info][gc,cpu         ] GC(1529) User=0.02s Sys=0.00s Real=0.01s
[660.647s][info][gc,marking     ] GC(1529) Concurrent Mark 1249.866ms
[660.647s][info][gc,marking     ] GC(1529) Concurrent Rebuild Remembered Sets and Scrub Regions
[661.056s][info][gc,marking     ] GC(1529) Concurrent Rebuild Remembered Sets and Scrub Regions 408.537ms
[661.056s][info][gc,start       ] GC(1529) Pause Cleanup
[661.056s][info][gc             ] GC(1529) Pause Cleanup 712M->712M(978M) 0.130ms
[661.056s][info][gc,cpu         ] GC(1529) User=0.00s Sys=0.00s Real=0.00s
[661.056s][info][gc,marking     ] GC(1529) Concurrent Clear Claimed Marks
[661.056s][info][gc,marking     ] GC(1529) Concurrent Clear Claimed Marks 0.045ms
[661.056s][info][gc,marking     ] GC(1529) Concurrent Cleanup for Next Mark
[661.064s][info][gc,marking     ] GC(1529) Concurrent Cleanup for Next Mark 7.310ms
[661.064s][info][gc             ] GC(1529) Concurrent Mark Cycle 1799.120ms
[661.118s][info][gc,start       ] GC(1532) Pause Young (Prepare Mixed) (G1 Evacuation Pause)
[661.118s][info][gc,task        ] GC(1532) Using 2 workers of 2 for evacuation
[661.120s][info][gc,phases      ] GC(1532)   Pre Evacuate Collection Set: 0.58ms
[661.120s][info][gc,phases      ] GC(1532)   Merge Heap Roots: 0.09ms
[661.120s][info][gc,phases      ] GC(1532)   Evacuate Collection Set: 0.21ms
[661.120s][info][gc,phases      ] GC(1532)   Post Evacuate Collection Set: 0.41ms
[661.120s][info][gc,phases      ] GC(1532)   Other: 0.11ms
[661.120s][info][gc,heap        ] GC(1532) Eden regions: 196->0(307)
[661.120s][info][gc,heap        ] GC(1532) Survivor regions: 1->1(25)
[661.120s][info][gc,heap        ] GC(1532) Old regions: 545->545
[661.120s][info][gc,heap        ] GC(1532) Humongous regions: 8->8
[661.120s][info][gc,metaspace   ] GC(1532) Metaspace: 19126K(19200K)->19126K(19200K) NonClass: 17297K(17344K)->17297K(17344K) Class: 1829K(1856K)->1829K(1856K)
[661.120s][info][gc             ] GC(1532) Pause Young (Prepare Mixed) (G1 Evacuation Pause) 749M->553M(978M) 1.642ms
[661.120s][info][gc,cpu         ] GC(1532) User=0.01s Sys=0.00s Real=0.00s
[661.615s][info][gc,start       ] GC(1533) Pause Young (Mixed) (G1 Evacuation Pause)
[661.615s][info][gc,task        ] GC(1533) Using 2 workers of 2 for evacuation
[661.617s][info][gc,phases      ] GC(1533)   Pre Evacuate Collection Set: 0.57ms
[661.617s][info][gc,phases      ] GC(1533)   Merge Heap Roots: 0.16ms
[661.617s][info][gc,phases      ] GC(1533)   Evacuate Collection Set: 1.11ms
[661.617s][info][gc,phases      ] GC(1533)   Post Evacuate Collection Set: 0.52ms
[661.617s][info][gc,phases      ] GC(1533)   Other: 0.12ms
[661.617s][info][gc,heap        ] GC(1533) Eden regions: 307->0(343)
[661.617s][info][gc,heap        ] GC(1533) Survivor regions: 1->1(39)
[661.617s][info][gc,heap        ] GC(1533) Old regions: 545->518
[661.618s][info][gc,heap        ] GC(1533) Humongous regions: 8->8
[661.618s][info][gc,metaspace   ] GC(1533) Metaspace: 19126K(19200K)->19126K(19200K) NonClass: 17297K(17344K)->17297K(17344K) Class: 1829K(1856K)->1829K(1856K)
[661.618s][info][gc             ] GC(1533) Pause Young (Mixed) (G1 Evacuation Pause) 860M->525M(978M) 2.756ms
[661.618s][info][gc,cpu         ] GC(1533) User=0.00s Sys=0.00s Real=0.00s
[662.175s][info][gc,start       ] GC(1534) Pause Young (Concurrent Start) (G1 Evacuation Pause)
[662.175s][info][gc,task        ] GC(1534) Using 2 workers of 2 for evacuation
[662.177s][info][gc,phases      ] GC(1534)   Pre Evacuate Collection Set: 0.39ms
[662.177s][info][gc,phases      ] GC(1534)   Merge Heap Roots: 0.09ms
[662.177s][info][gc,phases      ] GC(1534)   Evacuate Collection Set: 0.57ms
[662.177s][info][gc,phases      ] GC(1534)   Post Evacuate Collection Set: 0.51ms
[662.177s][info][gc,phases      ] GC(1534)   Other: 0.26ms
[662.177s][info][gc,heap        ] GC(1534) Eden regions: 343->0(360)
[662.177s][info][gc,heap        ] GC(1534) Survivor regions: 1->1(43)
[662.177s][info][gc,heap        ] GC(1534) Old regions: 518->518
[662.177s][info][gc,heap        ] GC(1534) Humongous regions: 8->8
[662.177s][info][gc,metaspace   ] GC(1534) Metaspace: 19126K(19200K)->19126K(19200K) NonClass: 17297K(17344K)->17297K(17344K) Class: 1829K(1856K)->1829K(1856K)
[662.177s][info][gc             ] GC(1534) Pause Young (Concurrent Start) (G1 Evacuation Pause) 868M->525M(978M) 2.047ms
[662.177s][info][gc             ] GC(1535) Concurrent Mark Cycle
[662.177s][info][gc,marking     ] GC(1535) Concurrent Scan Root Regions
[662.177s][info][gc,cpu         ] GC(1534) User=0.00s Sys=0.00s Real=0.00s
[662.177s][info][gc,marking     ] GC(1535) Concurrent Scan Root Regions 0.305ms
[662.178s][info][gc,marking     ] GC(1535) Concurrent Mark
[662.178s][info][gc,marking     ] GC(1535) Concurrent Mark From Roots
[662.178s][info][gc,task        ] GC(1535) Using 1 workers of 1 for marking
[663.075s][info][gc,start       ] GC(1536) Pause Young (Normal) (G1 Evacuation Pause)
[663.075s][info][gc,task        ] GC(1536) Using 2 workers of 2 for evacuation
[663.123s][info][gc,phases      ] GC(1536)   Pre Evacuate Collection Set: 0.34ms
[663.123s][info][gc,phases      ] GC(1536)   Merge Heap Roots: 0.23ms
[663.123s][info][gc,phases      ] GC(1536)   Evacuate Collection Set: 46.61ms
[663.123s][info][gc,phases      ] GC(1536)   Post Evacuate Collection Set: 0.62ms
[663.123s][info][gc,phases      ] GC(1536)   Other: 0.12ms
[663.123s][info][gc,heap        ] GC(1536) Eden regions: 360->0(321)
[663.123s][info][gc,heap        ] GC(1536) Survivor regions: 1->37(46)
[663.123s][info][gc,heap        ] GC(1536) Old regions: 518->518
[663.123s][info][gc,heap        ] GC(1536) Humongous regions: 8->8
[663.123s][info][gc,metaspace   ] GC(1536) Metaspace: 19126K(19200K)->19126K(19200K) NonClass: 17297K(17344K)->17297K(17344K) Class: 1829K(1856K)->1829K(1856K)
[663.123s][info][gc             ] GC(1536) Pause Young (Normal) (G1 Evacuation Pause) 885M->562M(978M) 48.201ms
[663.123s][info][gc,cpu         ] GC(1536) User=0.10s Sys=0.00s Real=0.05s
[663.667s][info][gc,start       ] GC(1537) Pause Young (Normal) (G1 Evacuation Pause)
[663.667s][info][gc,task        ] GC(1537) Using 2 workers of 2 for evacuation
[663.717s][info][gc,phases      ] GC(1537)   Pre Evacuate Collection Set: 0.35ms
[663.717s][info][gc,phases      ] GC(1537)   Merge Heap Roots: 0.21ms
[663.717s][info][gc,phases      ] GC(1537)   Evacuate Collection Set: 49.01ms
[663.717s][info][gc,phases      ] GC(1537)   Post Evacuate Collection Set: 0.62ms
[663.717s][info][gc,phases      ] GC(1537)   Other: 0.11ms
[663.717s][info][gc,heap        ] GC(1537) Eden regions: 321->0(329)
[663.717s][info][gc,heap        ] GC(1537) Survivor regions: 37->6(45)
[663.717s][info][gc,heap        ] GC(1537) Old regions: 518->555
[663.717s][info][gc,heap        ] GC(1537) Humongous regions: 8->8
[663.717s][info][gc,metaspace   ] GC(1537) Metaspace: 19126K(19200K)->19126K(19200K) NonClass: 17297K(17344K)->17297K(17344K) Class: 1829K(1856K)->1829K(1856K)
[663.717s][info][gc             ] GC(1537) Pause Young (Normal) (G1 Evacuation Pause) 883M->568M(978M) 50.608ms
[663.717s][info][gc,cpu         ] GC(1537) User=0.10s Sys=0.00s Real=0.05s
[663.848s][info][gc,marking     ] GC(1535) Concurrent Mark From Roots 1670.344ms
[663.848s][info][gc,marking     ] GC(1535) Concurrent Preclean
[663.848s][info][gc,marking     ] GC(1535) Concurrent Preclean 0.050ms
[663.848s][info][gc,start       ] GC(1535) Pause Remark
[663.857s][info][gc             ] GC(1535) Pause Remark 647M->646M(978M) 8.489ms
[663.857s][info][gc,cpu         ] GC(1535) User=0.01s Sys=0.00s Real=0.01s
[663.857s][info][gc,marking     ] GC(1535) Concurrent Mark 1679.232ms
[663.857s][info][gc,marking     ] GC(1535) Concurrent Rebuild Remembered Sets and Scrub Regions
[664.294s][info][gc,start       ] GC(1538) Pause Young (Normal) (G1 Evacuation Pause)
[664.294s][info][gc,task        ] GC(1538) Using 2 workers of 2 for evacuation
[664.355s][info][gc,phases      ] GC(1538)   Pre Evacuate Collection Set: 0.54ms
[664.355s][info][gc,phases      ] GC(1538)   Merge Heap Roots: 0.43ms
[664.355s][info][gc,phases      ] GC(1538)   Evacuate Collection Set: 59.27ms
[664.355s][info][gc,phases      ] GC(1538)   Post Evacuate Collection Set: 0.62ms
[664.355s][info][gc,phases      ] GC(1538)   Other: 0.11ms
[664.355s][info][gc,heap        ] GC(1538) Eden regions: 329->0(279)
[664.355s][info][gc,heap        ] GC(1538) Survivor regions: 6->42(42)
[664.355s][info][gc,heap        ] GC(1538) Old regions: 555->558
[664.355s][info][gc,heap        ] GC(1538) Humongous regions: 7->7
[664.355s][info][gc,metaspace   ] GC(1538) Metaspace: 19126K(19200K)->19126K(19200K) NonClass: 17297K(17344K)->17297K(17344K) Class: 1829K(1856K)->1829K(1856K)
[664.355s][info][gc             ] GC(1538) Pause Young (Normal) (G1 Evacuation Pause) 896M->606M(978M) 61.264ms
[664.355s][info][gc,cpu         ] GC(1538) User=0.12s Sys=0.00s Real=0.06s
[664.361s][info][gc,marking     ] GC(1535) Concurrent Rebuild Remembered Sets and Scrub Regions 504.188ms
[664.361s][info][gc,start       ] GC(1535) Pause Cleanup
[664.361s][info][gc             ] GC(1535) Pause Cleanup 611M->611M(978M) 0.099ms
[664.361s][info][gc,cpu         ] GC(1535) User=0.00s Sys=0.00s Real=0.00s
[664.361s][info][gc,marking     ] GC(1535) Concurrent Clear Claimed Marks
[664.361s][info][gc,marking     ] GC(1535) Concurrent Clear Claimed Marks 0.042ms
[664.361s][info][gc,marking     ] GC(1535) Concurrent Cleanup for Next Mark
[664.364s][info][gc,marking     ] GC(1535) Concurrent Cleanup for Next Mark 2.953ms
[664.364s][info][gc             ] GC(1535) Concurrent Mark Cycle 2187.143ms
[664.687s][info][gc,start       ] GC(1539) Pause Young (Prepare Mixed) (G1 Evacuation Pause)
[664.687s][info][gc,task        ] GC(1539) Using 2 workers of 2 for evacuation
[664.768s][info][gc,phases      ] GC(1539)   Pre Evacuate Collection Set: 0.35ms
[664.768s][info][gc,phases      ] GC(1539)   Merge Heap Roots: 0.29ms
[664.768s][info][gc,phases      ] GC(1539)   Evacuate Collection Set: 79.82ms
[664.768s][info][gc,phases      ] GC(1539)   Post Evacuate Collection Set: 0.61ms
[664.768s][info][gc,phases      ] GC(1539)   Other: 0.10ms
[664.768s][info][gc,heap        ] GC(1539) Eden regions: 279->0(261)
[664.768s][info][gc,heap        ] GC(1539) Survivor regions: 42->24(41)
[664.768s][info][gc,heap        ] GC(1539) Old regions: 558->601
[664.768s][info][gc,heap        ] GC(1539) Humongous regions: 7->7
[664.768s][info][gc,metaspace   ] GC(1539) Metaspace: 19126K(19200K)->19126K(19200K) NonClass: 17297K(17344K)->17297K(17344K) Class: 1829K(1856K)->1829K(1856K)
[664.768s][info][gc             ] GC(1539) Pause Young (Prepare Mixed) (G1 Evacuation Pause) 885M->631M(978M) 81.464ms
[664.768s][info][gc,cpu         ] GC(1539) User=0.16s Sys=0.00s Real=0.08s
[665.051s][info][gc,start       ] GC(1540) Pause Young (Mixed) (G1 Evacuation Pause)
[665.051s][info][gc,task        ] GC(1540) Using 2 workers of 2 for evacuation
[665.092s][info][gc,phases      ] GC(1540)   Pre Evacuate Collection Set: 0.38ms
[665.092s][info][gc,phases      ] GC(1540)   Merge Heap Roots: 0.35ms
[665.092s][info][gc,phases      ] GC(1540)   Evacuate Collection Set: 39.25ms
[665.092s][info][gc,phases      ] GC(1540)   Post Evacuate Collection Set: 0.57ms
[665.092s][info][gc,phases      ] GC(1540)   Other: 0.10ms
[665.092s][info][gc,heap        ] GC(1540) Eden regions: 261->0(278)
[665.092s][info][gc,heap        ] GC(1540) Survivor regions: 24->5(36)
[665.092s][info][gc,heap        ] GC(1540) Old regions: 601->614
[665.092s][info][gc,heap        ] GC(1540) Humongous regions: 7->7
[665.092s][info][gc,metaspace   ] GC(1540) Metaspace: 19126K(19200K)->19126K(19200K) NonClass: 17297K(17344K)->17297K(17344K) Class: 1829K(1856K)->1829K(1856K)
[665.092s][info][gc             ] GC(1540) Pause Young (Mixed) (G1 Evacuation Pause) 892M->624M(978M) 40.960ms
[665.092s][info][gc,cpu         ] GC(1540) User=0.08s Sys=0.00s Real=0.04s
[665.665s][info][gc,start       ] GC(1541) Pause Young (Concurrent Start) (G1 Evacuation Pause)
[665.666s][info][gc,task        ] GC(1541) Using 2 workers of 2 for evacuation
[665.706s][info][gc,phases      ] GC(1541)   Pre Evacuate Collection Set: 0.33ms
[665.706s][info][gc,phases      ] GC(1541)   Merge Heap Roots: 0.28ms
[665.706s][info][gc,phases      ] GC(1541)   Evacuate Collection Set: 39.28ms
[665.706s][info][gc,phases      ] GC(1541)   Post Evacuate Collection Set: 0.59ms
[665.706s][info][gc,phases      ] GC(1541)   Other: 0.12ms
[665.706s][info][gc,heap        ] GC(1541) Eden regions: 278->0(249)
[665.706s][info][gc,heap        ] GC(1541) Survivor regions: 5->29(36)
[665.706s][info][gc,heap        ] GC(1541) Old regions: 614->614
[665.706s][info][gc,heap        ] GC(1541) Humongous regions: 7->7
[665.706s][info][gc,metaspace   ] GC(1541) Metaspace: 19126K(19200K)->19126K(19200K) NonClass: 17297K(17344K)->17297K(17344K) Class: 1829K(1856K)->1829K(1856K)
[665.706s][info][gc             ] GC(1541) Pause Young (Concurrent Start) (G1 Evacuation Pause) 902M->648M(978M) 40.874ms
[665.706s][info][gc,cpu         ] GC(1541) User=0.08s Sys=0.00s Real=0.04s
[665.706s][info][gc             ] GC(1542) Concurrent Mark Cycle
[665.706s][info][gc,marking     ] GC(1542) Concurrent Scan Root Regions
[665.755s][info][gc,marking     ] GC(1542) Concurrent Scan Root Regions 49.061ms
[665.756s][info][gc,marking     ] GC(1542) Concurrent Mark
[665.756s][info][gc,marking     ] GC(1542) Concurrent Mark From Roots
[665.756s][info][gc,task        ] GC(1542) Using 1 workers of 1 for marking
[666.733s][info][gc,start       ] GC(1543) Pause Young (Normal) (G1 Evacuation Pause)
[666.733s][info][gc,task        ] GC(1543) Using 2 workers of 2 for evacuation
[666.768s][info][gc,phases      ] GC(1543)   Pre Evacuate Collection Set: 0.32ms
[666.768s][info][gc,phases      ] GC(1543)   Merge Heap Roots: 0.23ms
[666.768s][info][gc,phases      ] GC(1543)   Evacuate Collection Set: 33.77ms
[666.768s][info][gc,phases      ] GC(1543)   Post Evacuate Collection Set: 0.52ms
[666.768s][info][gc,phases      ] GC(1543)   Other: 0.14ms
[666.768s][info][gc,heap        ] GC(1543) Eden regions: 249->0(266)
[666.768s][info][gc,heap        ] GC(1543) Survivor regions: 29->1(35)
[666.768s][info][gc,heap        ] GC(1543) Old regions: 614->643
[666.768s][info][gc,heap        ] GC(1543) Humongous regions: 7->7
[666.768s][info][gc,metaspace   ] GC(1543) Metaspace: 19126K(19200K)->19126K(19200K) NonClass: 17297K(17344K)->17297K(17344K) Class: 1829K(1856K)->1829K(1856K)
[666.768s][info][gc             ] GC(1543) Pause Young (Normal) (G1 Evacuation Pause) 897M->650M(978M) 35.268ms
[666.768s][info][gc,cpu         ] GC(1543) User=0.07s Sys=0.00s Real=0.03s
[667.670s][info][gc,marking     ] GC(1542) Concurrent Mark From Roots 1914.844ms
[667.670s][info][gc,marking     ] GC(1542) Concurrent Preclean
[667.671s][info][gc,marking     ] GC(1542) Concurrent Preclean 0.053ms
[667.671s][info][gc,start       ] GC(1542) Pause Remark
[667.679s][info][gc             ] GC(1542) Pause Remark 871M->871M(978M) 8.792ms
[667.680s][info][gc,cpu         ] GC(1542) User=0.02s Sys=0.00s Real=0.01s
[667.680s][info][gc,marking     ] GC(1542) Concurrent Mark 1924.099ms
[667.680s][info][gc,marking     ] GC(1542) Concurrent Rebuild Remembered Sets and Scrub Regions
[667.912s][info][gc,start       ] GC(1544) Pause Young (Normal) (G1 Evacuation Pause)
[667.912s][info][gc,task        ] GC(1544) Using 2 workers of 2 for evacuation
[667.916s][info][gc,phases      ] GC(1544)   Pre Evacuate Collection Set: 0.58ms
[667.916s][info][gc,phases      ] GC(1544)   Merge Heap Roots: 0.21ms
[667.916s][info][gc,phases      ] GC(1544)   Evacuate Collection Set: 1.84ms
[667.916s][info][gc,phases      ] GC(1544)   Post Evacuate Collection Set: 0.47ms
[667.916s][info][gc,phases      ] GC(1544)   Other: 0.09ms
[667.916s][info][gc,heap        ] GC(1544) Eden regions: 266->0(276)
[667.916s][info][gc,heap        ] GC(1544) Survivor regions: 1->1(34)
[667.916s][info][gc,heap        ] GC(1544) Old regions: 643->643
[667.916s][info][gc,heap        ] GC(1544) Humongous regions: 7->7
[667.916s][info][gc,metaspace   ] GC(1544) Metaspace: 19126K(19200K)->19126K(19200K) NonClass: 17297K(17344K)->17297K(17344K) Class: 1829K(1856K)->1829K(1856K)
[667.916s][info][gc             ] GC(1544) Pause Young (Normal) (G1 Evacuation Pause) 916M->650M(978M) 3.433ms
[667.916s][info][gc,cpu         ] GC(1544) User=0.00s Sys=0.00s Real=0.01s
[668.272s][info][gc,marking     ] GC(1542) Concurrent Rebuild Remembered Sets and Scrub Regions 592.166ms
[668.272s][info][gc,start       ] GC(1542) Pause Cleanup
[668.272s][info][gc             ] GC(1542) Pause Cleanup 720M->720M(978M) 0.141ms
[668.272s][info][gc,cpu         ] GC(1542) User=0.00s Sys=0.00s Real=0.00s
[668.272s][info][gc,marking     ] GC(1542) Concurrent Clear Claimed Marks
[668.272s][info][gc,marking     ] GC(1542) Concurrent Clear Claimed Marks 0.057ms
[668.272s][info][gc,marking     ] GC(1542) Concurrent Cleanup for Next Mark
[668.279s][info][gc,marking     ] GC(1542) Concurrent Cleanup for Next Mark 7.052ms
[668.279s][info][gc             ] GC(1542) Concurrent Mark Cycle 2573.057ms
[668.585s][info][gc,start       ] GC(1545) Pause Young (Prepare Mixed) (G1 Evacuation Pause)
[668.585s][info][gc,task        ] GC(1545) Using 2 workers of 2 for evacuation
[668.625s][info][gc,phases      ] GC(1545)   Pre Evacuate Collection Set: 0.33ms
[668.625s][info][gc,phases      ] GC(1545)   Merge Heap Roots: 0.13ms
[668.625s][info][gc,phases      ] GC(1545)   Evacuate Collection Set: 38.58ms
[668.625s][info][gc,phases      ] GC(1545)   Post Evacuate Collection Set: 0.63ms
[668.625s][info][gc,phases      ] GC(1545)   Other: 0.09ms
[668.625s][info][gc,heap        ] GC(1545) Eden regions: 276->0(205)
[668.625s][info][gc,heap        ] GC(1545) Survivor regions: 1->35(35)
[668.625s][info][gc,heap        ] GC(1545) Old regions: 643->646
[668.625s][info][gc,heap        ] GC(1545) Humongous regions: 7->7
[668.625s][info][gc,metaspace   ] GC(1545) Metaspace: 19126K(19200K)->19126K(19200K) NonClass: 17297K(17344K)->17297K(17344K) Class: 1829K(1856K)->1829K(1856K)
[668.625s][info][gc             ] GC(1545) Pause Young (Prepare Mixed) (G1 Evacuation Pause) 926M->687M(978M) 40.012ms
[668.625s][info][gc,cpu         ] GC(1545) User=0.08s Sys=0.00s Real=0.04s
[668.882s][info][gc,start       ] GC(1546) Pause Young (Mixed) (G1 Evacuation Pause)
[668.882s][info][gc,task        ] GC(1546) Using 2 workers of 2 for evacuation
[668.965s][info][gc,phases      ] GC(1546)   Pre Evacuate Collection Set: 0.39ms
[668.965s][info][gc,phases      ] GC(1546)   Merge Heap Roots: 0.34ms
[668.965s][info][gc,phases      ] GC(1546)   Evacuate Collection Set: 81.58ms
[668.965s][info][gc,phases      ] GC(1546)   Post Evacuate Collection Set: 0.58ms
[668.965s][info][gc,phases      ] GC(1546)   Other: 0.09ms
[668.965s][info][gc,heap        ] GC(1546) Eden regions: 205->0(180)
[668.965s][info][gc,heap        ] GC(1546) Survivor regions: 35->30(30)
[668.965s][info][gc,heap        ] GC(1546) Old regions: 646->681
[668.965s][info][gc,heap        ] GC(1546) Humongous regions: 7->7
[668.965s][info][gc,metaspace   ] GC(1546) Metaspace: 19126K(19200K)->19126K(19200K) NonClass: 17297K(17344K)->17297K(17344K) Class: 1829K(1856K)->1829K(1856K)
[668.966s][info][gc             ] GC(1546) Pause Young (Mixed) (G1 Evacuation Pause) 892M->717M(978M) 83.289ms
[668.966s][info][gc,cpu         ] GC(1546) User=0.16s Sys=0.00s Real=0.09s
[669.119s][info][gc,start       ] GC(1547) Pause Young (Concurrent Start) (G1 Humongous Allocation)
[669.119s][info][gc,task        ] GC(1547) Using 2 workers of 2 for evacuation
[669.167s][info][gc,phases      ] GC(1547)   Pre Evacuate Collection Set: 0.53ms
[669.167s][info][gc,phases      ] GC(1547)   Merge Heap Roots: 0.34ms
[669.167s][info][gc,phases      ] GC(1547)   Evacuate Collection Set: 46.03ms
[669.167s][info][gc,phases      ] GC(1547)   Post Evacuate Collection Set: 0.59ms
[669.167s][info][gc,phases      ] GC(1547)   Other: 0.22ms
[669.167s][info][gc,heap        ] GC(1547) Eden regions: 98->0(186)
[669.167s][info][gc,heap        ] GC(1547) Survivor regions: 30->8(27)
[669.167s][info][gc,heap        ] GC(1547) Old regions: 681->711
[669.167s][info][gc,heap        ] GC(1547) Humongous regions: 7->7
[669.167s][info][gc,metaspace   ] GC(1547) Metaspace: 19137K(19264K)->19137K(19264K) NonClass: 17307K(17408K)->17307K(17408K) Class: 1829K(1856K)->1829K(1856K)
[669.167s][info][gc             ] GC(1547) Pause Young (Concurrent Start) (G1 Humongous Allocation) 814M->725M(978M) 47.976ms
[669.167s][info][gc,cpu         ] GC(1547) User=0.09s Sys=0.00s Real=0.05s
[669.167s][info][gc             ] GC(1548) Concurrent Mark Cycle
[669.168s][info][gc,marking     ] GC(1548) Concurrent Scan Root Regions
[669.223s][info][gc,marking     ] GC(1548) Concurrent Scan Root Regions 54.979ms
[669.223s][info][gc,marking     ] GC(1548) Concurrent Mark
[669.223s][info][gc,marking     ] GC(1548) Concurrent Mark From Roots
[669.223s][info][gc,task        ] GC(1548) Using 1 workers of 1 for marking
[669.843s][info][gc,start       ] GC(1549) Pause Young (Normal) (G1 Evacuation Pause)
[669.843s][info][gc,task        ] GC(1549) Using 2 workers of 2 for evacuation
[669.880s][info][gc,phases      ] GC(1549)   Pre Evacuate Collection Set: 0.54ms
[669.880s][info][gc,phases      ] GC(1549)   Merge Heap Roots: 0.33ms
[669.880s][info][gc,phases      ] GC(1549)   Evacuate Collection Set: 35.92ms
[669.880s][info][gc,phases      ] GC(1549)   Post Evacuate Collection Set: 0.56ms
[669.880s][info][gc,phases      ] GC(1549)   Other: 0.10ms
[669.880s][info][gc,heap        ] GC(1549) Eden regions: 186->0(167)
[669.880s][info][gc,heap        ] GC(1549) Survivor regions: 8->20(25)
[669.880s][info][gc,heap        ] GC(1549) Old regions: 711->711
[669.880s][info][gc,heap        ] GC(1549) Humongous regions: 10->10
[669.880s][info][gc,metaspace   ] GC(1549) Metaspace: 19137K(19264K)->19137K(19264K) NonClass: 17307K(17408K)->17307K(17408K) Class: 1829K(1856K)->1829K(1856K)
[669.880s][info][gc             ] GC(1549) Pause Young (Normal) (G1 Evacuation Pause) 914M->740M(978M) 37.717ms
[669.880s][info][gc,cpu         ] GC(1549) User=0.07s Sys=0.00s Real=0.04s
[670.001s][info][gc,marking     ] GC(1548) Concurrent Mark From Roots 778.331ms
[670.001s][info][gc,marking     ] GC(1548) Concurrent Preclean
[670.001s][info][gc,marking     ] GC(1548) Concurrent Preclean 0.048ms
[670.002s][info][gc,start       ] GC(1548) Pause Remark
[670.187s][info][gc             ] GC(1548) Pause Remark 775M->626M(978M) 184.730ms
[670.187s][info][gc,cpu         ] GC(1548) User=0.36s Sys=0.00s Real=0.19s
[670.189s][info][gc,marking     ] GC(1548) Concurrent Mark 965.828ms
[670.189s][info][gc,marking     ] GC(1548) Concurrent Rebuild Remembered Sets and Scrub Regions
[670.468s][info][gc,start       ] GC(1550) Pause Young (Normal) (G1 Evacuation Pause)
[670.468s][info][gc,task        ] GC(1550) Using 2 workers of 2 for evacuation
[670.530s][info][gc,phases      ] GC(1550)   Pre Evacuate Collection Set: 0.33ms
[670.530s][info][gc,phases      ] GC(1550)   Merge Heap Roots: 0.35ms
[670.530s][info][gc,phases      ] GC(1550)   Evacuate Collection Set: 60.26ms
[670.530s][info][gc,phases      ] GC(1550)   Post Evacuate Collection Set: 0.53ms
[670.530s][info][gc,phases      ] GC(1550)   Other: 0.13ms
[670.530s][info][gc,heap        ] GC(1550) Eden regions: 167->0(272)
[670.530s][info][gc,heap        ] GC(1550) Survivor regions: 20->24(24)
[670.530s][info][gc,heap        ] GC(1550) Old regions: 565->584
[670.530s][info][gc,heap        ] GC(1550) Humongous regions: 7->7
[670.530s][info][gc,metaspace   ] GC(1550) Metaspace: 19137K(19264K)->19137K(19264K) NonClass: 17307K(17408K)->17307K(17408K) Class: 1829K(1856K)->1829K(1856K)
[670.530s][info][gc             ] GC(1550) Pause Young (Normal) (G1 Evacuation Pause) 758M->614M(978M) 61.890ms
[670.530s][info][gc,cpu         ] GC(1550) User=0.12s Sys=0.00s Real=0.06s
[670.679s][info][gc,marking     ] GC(1548) Concurrent Rebuild Remembered Sets and Scrub Regions 490.886ms
[670.680s][info][gc,start       ] GC(1548) Pause Cleanup
[670.680s][info][gc             ] GC(1548) Pause Cleanup 760M->760M(978M) 0.179ms
[670.680s][info][gc,cpu         ] GC(1548) User=0.00s Sys=0.00s Real=0.00s
[670.680s][info][gc,marking     ] GC(1548) Concurrent Clear Claimed Marks
[670.680s][info][gc,marking     ] GC(1548) Concurrent Clear Claimed Marks 0.043ms
[670.680s][info][gc,marking     ] GC(1548) Concurrent Cleanup for Next Mark
[670.687s][info][gc,marking     ] GC(1548) Concurrent Cleanup for Next Mark 6.572ms
[670.687s][info][gc             ] GC(1548) Concurrent Mark Cycle 1519.699ms
[670.857s][info][gc,start       ] GC(1551) Pause Young (Prepare Mixed) (G1 Evacuation Pause)
[670.858s][info][gc,task        ] GC(1551) Using 2 workers of 2 for evacuation
[670.931s][info][gc,phases      ] GC(1551)   Pre Evacuate Collection Set: 0.53ms
[670.931s][info][gc,phases      ] GC(1551)   Merge Heap Roots: 0.12ms
[670.931s][info][gc,phases      ] GC(1551)   Evacuate Collection Set: 72.26ms
[670.931s][info][gc,phases      ] GC(1551)   Post Evacuate Collection Set: 0.72ms
[670.931s][info][gc,phases      ] GC(1551)   Other: 0.13ms
[670.931s][info][gc,heap        ] GC(1551) Eden regions: 272->0(210)
[670.931s][info][gc,heap        ] GC(1551) Survivor regions: 24->37(37)
[670.931s][info][gc,heap        ] GC(1551) Old regions: 584->630
[670.931s][info][gc,heap        ] GC(1551) Humongous regions: 7->7
[670.931s][info][gc,metaspace   ] GC(1551) Metaspace: 19137K(19264K)->19137K(19264K) NonClass: 17307K(17408K)->17307K(17408K) Class: 1829K(1856K)->1829K(1856K)
[670.931s][info][gc             ] GC(1551) Pause Young (Prepare Mixed) (G1 Evacuation Pause) 886M->673M(978M) 74.022ms
[670.931s][info][gc,cpu         ] GC(1551) User=0.14s Sys=0.00s Real=0.07s
[671.198s][info][gc,start       ] GC(1552) Pause Young (Mixed) (G1 Evacuation Pause)
[671.198s][info][gc,task        ] GC(1552) Using 2 workers of 2 for evacuation
[671.242s][info][gc,phases      ] GC(1552)   Pre Evacuate Collection Set: 0.39ms
[671.242s][info][gc,phases      ] GC(1552)   Merge Heap Roots: 0.47ms
[671.242s][info][gc,phases      ] GC(1552)   Evacuate Collection Set: 42.76ms
[671.242s][info][gc,phases      ] GC(1552)   Post Evacuate Collection Set: 0.61ms
[671.242s][info][gc,phases      ] GC(1552)   Other: 0.11ms
[671.242s][info][gc,heap        ] GC(1552) Eden regions: 210->0(286)
[671.242s][info][gc,heap        ] GC(1552) Survivor regions: 37->1(31)
[671.242s][info][gc,heap        ] GC(1552) Old regions: 630->576
[671.242s][info][gc,heap        ] GC(1552) Humongous regions: 7->7
[671.242s][info][gc,metaspace   ] GC(1552) Metaspace: 19137K(19264K)->19137K(19264K) NonClass: 17307K(17408K)->17307K(17408K) Class: 1829K(1856K)->1829K(1856K)
[671.242s][info][gc             ] GC(1552) Pause Young (Mixed) (G1 Evacuation Pause) 883M->583M(978M) 44.666ms
[671.242s][info][gc,cpu         ] GC(1552) User=0.09s Sys=0.00s Real=0.04s
[671.618s][info][gc,start       ] GC(1553) Pause Young (Concurrent Start) (G1 Evacuation Pause)
[671.618s][info][gc,task        ] GC(1553) Using 2 workers of 2 for evacuation
[671.620s][info][gc,phases      ] GC(1553)   Pre Evacuate Collection Set: 0.34ms
[671.620s][info][gc,phases      ] GC(1553)   Merge Heap Roots: 0.12ms
[671.620s][info][gc,phases      ] GC(1553)   Evacuate Collection Set: 1.44ms
[671.620s][info][gc,phases      ] GC(1553)   Post Evacuate Collection Set: 0.48ms
[671.620s][info][gc,phases      ] GC(1553)   Other: 0.15ms
[671.620s][info][gc,heap        ] GC(1553) Eden regions: 286->0(302)
[671.621s][info][gc,heap        ] GC(1553) Survivor regions: 1->1(36)
[671.621s][info][gc,heap        ] GC(1553) Old regions: 576->576
[671.621s][info][gc,heap        ] GC(1553) Humongous regions: 7->7
[671.621s][info][gc,metaspace   ] GC(1553) Metaspace: 19137K(19264K)->19137K(19264K) NonClass: 17307K(17408K)->17307K(17408K) Class: 1829K(1856K)->1829K(1856K)
[671.621s][info][gc             ] GC(1553) Pause Young (Concurrent Start) (G1 Evacuation Pause) 869M->583M(978M) 2.826ms
[671.621s][info][gc             ] GC(1554) Concurrent Mark Cycle
[671.621s][info][gc,marking     ] GC(1554) Concurrent Scan Root Regions
[671.621s][info][gc,cpu         ] GC(1553) User=0.01s Sys=0.00s Real=0.00s
[671.622s][info][gc,marking     ] GC(1554) Concurrent Scan Root Regions 1.828ms
[671.623s][info][gc,marking     ] GC(1554) Concurrent Mark
[671.623s][info][gc,marking     ] GC(1554) Concurrent Mark From Roots
[671.623s][info][gc,task        ] GC(1554) Using 1 workers of 1 for marking
[672.295s][info][gc,start       ] GC(1555) Pause Young (Normal) (G1 Evacuation Pause)
[672.295s][info][gc,task        ] GC(1555) Using 2 workers of 2 for evacuation
[672.301s][info][gc,phases      ] GC(1555)   Pre Evacuate Collection Set: 0.54ms
[672.301s][info][gc,phases      ] GC(1555)   Merge Heap Roots: 0.15ms
[672.301s][info][gc,phases      ] GC(1555)   Evacuate Collection Set: 3.66ms
[672.301s][info][gc,phases      ] GC(1555)   Post Evacuate Collection Set: 0.76ms
[672.301s][info][gc,phases      ] GC(1555)   Other: 0.11ms
[672.301s][info][gc,heap        ] GC(1555) Eden regions: 302->0(316)
[672.301s][info][gc,heap        ] GC(1555) Survivor regions: 1->1(38)
[672.301s][info][gc,heap        ] GC(1555) Old regions: 576->576
[672.301s][info][gc,heap        ] GC(1555) Humongous regions: 7->7
[672.301s][info][gc,metaspace   ] GC(1555) Metaspace: 19137K(19264K)->19137K(19264K) NonClass: 17307K(17408K)->17307K(17408K) Class: 1829K(1856K)->1829K(1856K)
[672.301s][info][gc             ] GC(1555) Pause Young (Normal) (G1 Evacuation Pause) 885M->583M(978M) 5.438ms
[672.301s][info][gc,cpu         ] GC(1555) User=0.01s Sys=0.00s Real=0.00s
[672.829s][info][gc,marking     ] GC(1554) Concurrent Mark From Roots 1206.515ms
[672.829s][info][gc,marking     ] GC(1554) Concurrent Preclean
[672.829s][info][gc,marking     ] GC(1554) Concurrent Preclean 0.053ms
[672.829s][info][gc,start       ] GC(1554) Pause Remark
[672.841s][info][gc             ] GC(1554) Pause Remark 783M->627M(978M) 11.626ms
[672.841s][info][gc,cpu         ] GC(1554) User=0.02s Sys=0.00s Real=0.01s
[672.841s][info][gc,marking     ] GC(1554) Concurrent Mark 1218.581ms
[672.841s][info][gc,marking     ] GC(1554) Concurrent Rebuild Remembered Sets and Scrub Regions
[673.121s][info][gc,start       ] GC(1556) Pause Young (Normal) (G1 Evacuation Pause)
[673.121s][info][gc,task        ] GC(1556) Using 2 workers of 2 for evacuation
[673.170s][info][gc,phases      ] GC(1556)   Pre Evacuate Collection Set: 0.34ms
[673.170s][info][gc,phases      ] GC(1556)   Merge Heap Roots: 0.71ms
[673.170s][info][gc,phases      ] GC(1556)   Evacuate Collection Set: 47.40ms
[673.170s][info][gc,phases      ] GC(1556)   Post Evacuate Collection Set: 0.70ms
[673.170s][info][gc,phases      ] GC(1556)   Other: 0.12ms
[673.170s][info][gc,heap        ] GC(1556) Eden regions: 316->0(408)
[673.170s][info][gc,heap        ] GC(1556) Survivor regions: 1->21(40)
[673.170s][info][gc,heap        ] GC(1556) Old regions: 423->423
[673.170s][info][gc,heap        ] GC(1556) Humongous regions: 7->7
[673.170s][info][gc,metaspace   ] GC(1556) Metaspace: 19138K(19264K)->19138K(19264K) NonClass: 17309K(17408K)->17309K(17408K) Class: 1829K(1856K)->1829K(1856K)
[673.170s][info][gc             ] GC(1556) Pause Young (Normal) (G1 Evacuation Pause) 746M->449M(978M) 49.565ms
[673.170s][info][gc,cpu         ] GC(1556) User=0.09s Sys=0.00s Real=0.05s
[673.333s][info][gc,marking     ] GC(1554) Concurrent Rebuild Remembered Sets and Scrub Regions 491.503ms
[673.333s][info][gc,start       ] GC(1554) Pause Cleanup
[673.333s][info][gc             ] GC(1554) Pause Cleanup 526M->526M(978M) 0.121ms
[673.333s][info][gc,cpu         ] GC(1554) User=0.00s Sys=0.00s Real=0.00s
[673.334s][info][gc,marking     ] GC(1554) Concurrent Clear Claimed Marks
[673.334s][info][gc,marking     ] GC(1554) Concurrent Clear Claimed Marks 0.046ms
[673.334s][info][gc,marking     ] GC(1554) Concurrent Cleanup for Next Mark
[673.338s][info][gc,marking     ] GC(1554) Concurrent Cleanup for Next Mark 4.020ms
[673.338s][info][gc             ] GC(1554) Concurrent Mark Cycle 1717.790ms
[673.809s][info][gc,start       ] GC(1557) Pause Young (Prepare Mixed) (G1 Evacuation Pause)
[673.809s][info][gc,task        ] GC(1557) Using 2 workers of 2 for evacuation
[673.881s][info][gc,phases      ] GC(1557)   Pre Evacuate Collection Set: 0.34ms
[673.881s][info][gc,phases      ] GC(1557)   Merge Heap Roots: 0.50ms
[673.881s][info][gc,phases      ] GC(1557)   Evacuate Collection Set: 69.84ms
[673.881s][info][gc,phases      ] GC(1557)   Post Evacuate Collection Set: 0.82ms
[673.881s][info][gc,phases      ] GC(1557)   Other: 0.12ms
[673.881s][info][gc,heap        ] GC(1557) Eden regions: 408->0(402)
[673.881s][info][gc,heap        ] GC(1557) Survivor regions: 21->38(54)
[673.881s][info][gc,heap        ] GC(1557) Old regions: 423->423
[673.881s][info][gc,heap        ] GC(1557) Humongous regions: 7->7
[673.881s][info][gc,metaspace   ] GC(1557) Metaspace: 19138K(19264K)->19138K(19264K) NonClass: 17309K(17408K)->17309K(17408K) Class: 1829K(1856K)->1829K(1856K)
[673.881s][info][gc             ] GC(1557) Pause Young (Prepare Mixed) (G1 Evacuation Pause) 857M->466M(978M) 71.897ms
[673.881s][info][gc,cpu         ] GC(1557) User=0.14s Sys=0.00s Real=0.07s
[674.262s][info][gc,start       ] GC(1558) Pause Young (Mixed) (G1 Evacuation Pause)
[674.262s][info][gc,task        ] GC(1558) Using 2 workers of 2 for evacuation
[674.358s][info][gc,phases      ] GC(1558)   Pre Evacuate Collection Set: 0.56ms
[674.359s][info][gc,phases      ] GC(1558)   Merge Heap Roots: 0.67ms
[674.359s][info][gc,phases      ] GC(1558)   Evacuate Collection Set: 94.47ms
[674.359s][info][gc,phases      ] GC(1558)   Post Evacuate Collection Set: 0.73ms
[674.359s][info][gc,phases      ] GC(1558)   Other: 0.10ms
[674.359s][info][gc,heap        ] GC(1558) Eden regions: 402->0(403)
[674.359s][info][gc,heap        ] GC(1558) Survivor regions: 38->39(55)
[674.359s][info][gc,heap        ] GC(1558) Old regions: 423->427
[674.359s][info][gc,heap        ] GC(1558) Humongous regions: 7->7
[674.359s][info][gc,metaspace   ] GC(1558) Metaspace: 19138K(19264K)->19138K(19264K) NonClass: 17309K(17408K)->17309K(17408K) Class: 1829K(1856K)->1829K(1856K)
[674.359s][info][gc             ] GC(1558) Pause Young (Mixed) (G1 Evacuation Pause) 868M->472M(978M) 96.869ms
[674.359s][info][gc,cpu         ] GC(1558) User=0.19s Sys=0.00s Real=0.10s
[674.806s][info][gc,start       ] GC(1559) Pause Young (Concurrent Start) (G1 Evacuation Pause)
[674.806s][info][gc,task        ] GC(1559) Using 2 workers of 2 for evacuation
[674.877s][info][gc,phases      ] GC(1559)   Pre Evacuate Collection Set: 0.37ms
[674.877s][info][gc,phases      ] GC(1559)   Merge Heap Roots: 0.23ms
[674.877s][info][gc,phases      ] GC(1559)   Evacuate Collection Set: 69.49ms
[674.877s][info][gc,phases      ] GC(1559)   Post Evacuate Collection Set: 0.78ms
[674.877s][info][gc,phases      ] GC(1559)   Other: 0.22ms
[674.877s][info][gc,heap        ] GC(1559) Eden regions: 403->0(391)
[674.877s][info][gc,heap        ] GC(1559) Survivor regions: 39->42(56)
[674.877s][info][gc,heap        ] GC(1559) Old regions: 427->444
[674.877s][info][gc,heap        ] GC(1559) Humongous regions: 7->7
[674.877s][info][gc,metaspace   ] GC(1559) Metaspace: 19138K(19264K)->19138K(19264K) NonClass: 17309K(17408K)->17309K(17408K) Class: 1829K(1856K)->1829K(1856K)
[674.877s][info][gc             ] GC(1559) Pause Young (Concurrent Start) (G1 Evacuation Pause) 875M->492M(978M) 71.374ms
[674.877s][info][gc,cpu         ] GC(1559) User=0.14s Sys=0.00s Real=0.07s
[674.877s][info][gc             ] GC(1560) Concurrent Mark Cycle
[674.877s][info][gc,marking     ] GC(1560) Concurrent Scan Root Regions
[675.004s][info][gc,marking     ] GC(1560) Concurrent Scan Root Regions 126.165ms
[675.004s][info][gc,marking     ] GC(1560) Concurrent Mark
[675.004s][info][gc,marking     ] GC(1560) Concurrent Mark From Roots
[675.004s][info][gc,task        ] GC(1560) Using 1 workers of 1 for marking
[675.788s][info][gc,marking     ] GC(1560) Concurrent Mark From Roots 784.496ms
[675.788s][info][gc,marking     ] GC(1560) Concurrent Preclean
[675.788s][info][gc,marking     ] GC(1560) Concurrent Preclean 0.050ms
[675.788s][info][gc,start       ] GC(1560) Pause Remark
[675.797s][info][gc             ] GC(1560) Pause Remark 766M->653M(978M) 9.007ms
[675.797s][info][gc,cpu         ] GC(1560) User=0.02s Sys=0.00s Real=0.01s
[675.798s][info][gc,marking     ] GC(1560) Concurrent Mark 793.914ms
[675.798s][info][gc,marking     ] GC(1560) Concurrent Rebuild Remembered Sets and Scrub Regions
[676.025s][info][gc,marking     ] GC(1560) Concurrent Rebuild Remembered Sets and Scrub Regions 227.283ms
[676.025s][info][gc,start       ] GC(1560) Pause Cleanup
[676.025s][info][gc             ] GC(1560) Pause Cleanup 770M->770M(978M) 0.148ms
[676.025s][info][gc,cpu         ] GC(1560) User=0.00s Sys=0.00s Real=0.00s
[676.025s][info][gc,marking     ] GC(1560) Concurrent Clear Claimed Marks
[676.025s][info][gc,marking     ] GC(1560) Concurrent Clear Claimed Marks 0.046ms
[676.025s][info][gc,marking     ] GC(1560) Concurrent Cleanup for Next Mark
[676.028s][info][gc,start       ] GC(1561) Pause Young (Prepare Mixed) (G1 Evacuation Pause)
[676.028s][info][gc,task        ] GC(1561) Using 2 workers of 2 for evacuation
[676.144s][info][gc,phases      ] GC(1561)   Pre Evacuate Collection Set: 0.30ms
[676.144s][info][gc,phases      ] GC(1561)   Merge Heap Roots: 0.68ms
[676.144s][info][gc,phases      ] GC(1561)   Evacuate Collection Set: 113.59ms
[676.144s][info][gc,phases      ] GC(1561)   Post Evacuate Collection Set: 0.76ms
[676.144s][info][gc,phases      ] GC(1561)   Other: 0.12ms
[676.144s][info][gc,heap        ] GC(1561) Eden regions: 391->0(393)
[676.144s][info][gc,heap        ] GC(1561) Survivor regions: 42->55(55)
[676.144s][info][gc,heap        ] GC(1561) Old regions: 334->366
[676.144s][info][gc,heap        ] GC(1561) Humongous regions: 4->4
[676.144s][info][gc,metaspace   ] GC(1561) Metaspace: 19138K(19264K)->19138K(19264K) NonClass: 17309K(17408K)->17309K(17408K) Class: 1829K(1856K)->1829K(1856K)
[676.144s][info][gc             ] GC(1561) Pause Young (Prepare Mixed) (G1 Evacuation Pause) 770M->424M(978M) 115.677ms
[676.144s][info][gc,cpu         ] GC(1561) User=0.23s Sys=0.00s Real=0.12s
[676.144s][info][gc,marking     ] GC(1560) Concurrent Cleanup for Next Mark 118.878ms
[676.144s][info][gc             ] GC(1560) Concurrent Mark Cycle 1266.869ms
[676.618s][info][gc,start       ] GC(1562) Pause Young (Mixed) (G1 Evacuation Pause)
[676.618s][info][gc,task        ] GC(1562) Using 2 workers of 2 for evacuation
[676.701s][info][gc,phases      ] GC(1562)   Pre Evacuate Collection Set: 0.56ms
[676.701s][info][gc,phases      ] GC(1562)   Merge Heap Roots: 0.42ms
[676.701s][info][gc,phases      ] GC(1562)   Evacuate Collection Set: 81.16ms
[676.701s][info][gc,phases      ] GC(1562)   Post Evacuate Collection Set: 0.79ms
[676.701s][info][gc,phases      ] GC(1562)   Other: 0.12ms
[676.701s][info][gc,heap        ] GC(1562) Eden regions: 427->0(435)
[676.701s][info][gc,heap        ] GC(1562) Survivor regions: 55->14(61)
[676.701s][info][gc,heap        ] GC(1562) Old regions: 366->415
[676.701s][info][gc,heap        ] GC(1562) Humongous regions: 4->4
[676.701s][info][gc,metaspace   ] GC(1562) Metaspace: 19138K(19264K)->19138K(19264K) NonClass: 17309K(17408K)->17309K(17408K) Class: 1829K(1856K)->1829K(1856K)
[676.701s][info][gc             ] GC(1562) Pause Young (Mixed) (G1 Evacuation Pause) 851M->432M(978M) 83.300ms
[676.701s][info][gc,cpu         ] GC(1562) User=0.16s Sys=0.00s Real=0.08s
[677.336s][info][gc,start       ] GC(1563) Pause Young (Mixed) (G1 Evacuation Pause)
[677.336s][info][gc,task        ] GC(1563) Using 2 workers of 2 for evacuation
[677.379s][info][gc,phases      ] GC(1563)   Pre Evacuate Collection Set: 0.40ms
[677.379s][info][gc,phases      ] GC(1563)   Merge Heap Roots: 0.35ms
[677.379s][info][gc,phases      ] GC(1563)   Evacuate Collection Set: 40.71ms
[677.379s][info][gc,phases      ] GC(1563)   Post Evacuate Collection Set: 0.83ms
[677.379s][info][gc,phases      ] GC(1563)   Other: 0.11ms
[677.379s][info][gc,heap        ] GC(1563) Eden regions: 435->0(462)
[677.379s][info][gc,heap        ] GC(1563) Survivor regions: 14->30(57)
[677.379s][info][gc,heap        ] GC(1563) Old regions: 415->373
[677.379s][info][gc,heap        ] GC(1563) Humongous regions: 4->4
[677.379s][info][gc,metaspace   ] GC(1563) Metaspace: 19138K(19264K)->19138K(19264K) NonClass: 17309K(17408K)->17309K(17408K) Class: 1829K(1856K)->1829K(1856K)
[677.379s][info][gc             ] GC(1563) Pause Young (Mixed) (G1 Evacuation Pause) 867M->406M(978M) 42.707ms
[677.379s][info][gc,cpu         ] GC(1563) User=0.08s Sys=0.00s Real=0.04s
[678.641s][info][gc,start       ] GC(1564) Pause Young (Concurrent Start) (G1 Evacuation Pause)
[678.641s][info][gc,task        ] GC(1564) Using 2 workers of 2 for evacuation
[678.681s][info][gc,phases      ] GC(1564)   Pre Evacuate Collection Set: 0.54ms
[678.681s][info][gc,phases      ] GC(1564)   Merge Heap Roots: 0.32ms
[678.681s][info][gc,phases      ] GC(1564)   Evacuate Collection Set: 38.12ms
[678.681s][info][gc,phases      ] GC(1564)   Post Evacuate Collection Set: 0.80ms
[678.681s][info][gc,phases      ] GC(1564)   Other: 0.21ms
[678.681s][info][gc,heap        ] GC(1564) Eden regions: 462->0(480)
[678.681s][info][gc,heap        ] GC(1564) Survivor regions: 30->31(62)
[678.681s][info][gc,heap        ] GC(1564) Old regions: 373->373
[678.681s][info][gc,heap        ] GC(1564) Humongous regions: 4->4
[678.681s][info][gc,metaspace   ] GC(1564) Metaspace: 19138K(19264K)->19138K(19264K) NonClass: 17309K(17408K)->17309K(17408K) Class: 1829K(1856K)->1829K(1856K)
[678.681s][info][gc             ] GC(1564) Pause Young (Concurrent Start) (G1 Evacuation Pause) 868M->406M(978M) 40.297ms
[678.681s][info][gc,cpu         ] GC(1564) User=0.07s Sys=0.00s Real=0.04s
[678.681s][info][gc             ] GC(1565) Concurrent Mark Cycle
[678.681s][info][gc,marking     ] GC(1565) Concurrent Scan Root Regions
[678.748s][info][gc,marking     ] GC(1565) Concurrent Scan Root Regions 66.301ms
[678.748s][info][gc,marking     ] GC(1565) Concurrent Mark
[678.748s][info][gc,marking     ] GC(1565) Concurrent Mark From Roots
[678.748s][info][gc,task        ] GC(1565) Using 1 workers of 1 for marking
[679.771s][info][gc,start       ] GC(1566) Pause Young (Normal) (G1 Evacuation Pause)
[679.771s][info][gc,task        ] GC(1566) Using 2 workers of 2 for evacuation
[679.990s][info][gc,mmu         ] GC(1566) MMU target violated: 201.0ms (200.0ms/201.0ms)
[679.990s][info][gc,phases      ] GC(1566)   Pre Evacuate Collection Set: 0.33ms
[679.990s][info][gc,phases      ] GC(1566)   Merge Heap Roots: 0.33ms
[679.990s][info][gc,phases      ] GC(1566)   Evacuate Collection Set: 188.26ms
[679.990s][info][gc,phases      ] GC(1566)   Post Evacuate Collection Set: 30.56ms
[679.990s][info][gc,phases      ] GC(1566)   Other: 0.18ms
[679.990s][info][gc,heap        ] GC(1566) Eden regions: 480->0(100)
[679.990s][info][gc,heap        ] GC(1566) Survivor regions: 31->64(64)
[679.991s][info][gc,heap        ] GC(1566) Old regions: 373->696
[679.991s][info][gc,heap        ] GC(1566) Humongous regions: 4->4
[679.991s][info][gc,metaspace   ] GC(1566) Metaspace: 19138K(19264K)->19138K(19264K) NonClass: 17309K(17408K)->17309K(17408K) Class: 1829K(1856K)->1829K(1856K)
[679.991s][info][gc             ] GC(1566) Pause Young (Normal) (G1 Evacuation Pause) (Evacuation Failure: Allocation) 886M->763M(978M) 219.879ms
[679.991s][info][gc,cpu         ] GC(1566) User=0.43s Sys=0.00s Real=0.22s
[680.004s][info][gc,marking     ] GC(1565) Concurrent Mark From Roots 1256.647ms
[680.004s][info][gc,marking     ] GC(1565) Concurrent Preclean
[680.004s][info][gc,marking     ] GC(1565) Concurrent Preclean 0.054ms
[680.006s][info][gc,start       ] GC(1565) Pause Remark
[680.016s][info][gc             ] GC(1565) Pause Remark 767M->767M(978M) 10.485ms
[680.016s][info][gc,cpu         ] GC(1565) User=0.02s Sys=0.00s Real=0.01s
[680.017s][info][gc,marking     ] GC(1565) Concurrent Mark 1268.850ms
[680.017s][info][gc,marking     ] GC(1565) Concurrent Rebuild Remembered Sets and Scrub Regions
[680.049s][info][gc,start       ] GC(1567) Pause Young (Normal) (G1 Evacuation Pause)
[680.049s][info][gc,task        ] GC(1567) Using 2 workers of 2 for evacuation
[680.208s][info][gc,phases      ] GC(1567)   Pre Evacuate Collection Set: 0.42ms
[680.208s][info][gc,phases      ] GC(1567)   Merge Heap Roots: 2.58ms
[680.208s][info][gc,phases      ] GC(1567)   Evacuate Collection Set: 133.92ms
[680.208s][info][gc,phases      ] GC(1567)   Merge Optional Heap Roots: 0.11ms
[680.208s][info][gc,phases      ] GC(1567)   Evacuate Optional Collection Set: 21.27ms
[680.208s][info][gc,phases      ] GC(1567)   Post Evacuate Collection Set: 0.89ms
[680.208s][info][gc,phases      ] GC(1567)   Other: 0.15ms
[680.208s][info][gc,heap        ] GC(1567) Eden regions: 24->0(251)
[680.208s][info][gc,heap        ] GC(1567) Survivor regions: 64->8(11)
[680.208s][info][gc,heap        ] GC(1567) Old regions: 696->644
[680.208s][info][gc,heap        ] GC(1567) Humongous regions: 4->4
[680.208s][info][gc,metaspace   ] GC(1567) Metaspace: 19138K(19264K)->19138K(19264K) NonClass: 17309K(17408K)->17309K(17408K) Class: 1829K(1856K)->1829K(1856K)
[680.209s][info][gc             ] GC(1567) Pause Young (Normal) (G1 Evacuation Pause) 787M->655M(978M) 159.653ms
[680.209s][info][gc,cpu         ] GC(1567) User=0.31s Sys=0.00s Real=0.16s
[680.665s][info][gc,start       ] GC(1568) Pause Young (Normal) (G1 Evacuation Pause)
[680.665s][info][gc,task        ] GC(1568) Using 2 workers of 2 for evacuation
[680.819s][info][gc,phases      ] GC(1568)   Pre Evacuate Collection Set: 0.39ms
[680.819s][info][gc,phases      ] GC(1568)   Merge Heap Roots: 0.71ms
[680.819s][info][gc,phases      ] GC(1568)   Evacuate Collection Set: 135.27ms
[680.819s][info][gc,phases      ] GC(1568)   Post Evacuate Collection Set: 17.47ms
[680.819s][info][gc,phases      ] GC(1568)   Other: 0.12ms
[680.819s][info][gc,heap        ] GC(1568) Eden regions: 251->0(15)
[680.819s][info][gc,heap        ] GC(1568) Survivor regions: 8->33(33)
[680.819s][info][gc,heap        ] GC(1568) Old regions: 644->857
[680.819s][info][gc,heap        ] GC(1568) Humongous regions: 7->7
[680.819s][info][gc,metaspace   ] GC(1568) Metaspace: 19138K(19264K)->19138K(19264K) NonClass: 17309K(17408K)->17309K(17408K) Class: 1829K(1856K)->1829K(1856K)
[680.819s][info][gc             ] GC(1568) Pause Young (Normal) (G1 Evacuation Pause) (Evacuation Failure: Allocation) 909M->896M(978M) 154.235ms
[680.819s][info][gc,cpu         ] GC(1568) User=0.30s Sys=0.00s Real=0.15s
[680.875s][info][gc,start       ] GC(1569) Pause Young (Normal) (G1 Evacuation Pause)
[680.875s][info][gc,task        ] GC(1569) Using 2 workers of 2 for evacuation
[680.958s][info][gc,phases      ] GC(1569)   Pre Evacuate Collection Set: 0.47ms
[680.958s][info][gc,phases      ] GC(1569)   Merge Heap Roots: 1.34ms
[680.958s][info][gc,phases      ] GC(1569)   Evacuate Collection Set: 80.40ms
[680.958s][info][gc,phases      ] GC(1569)   Post Evacuate Collection Set: 0.72ms
[680.958s][info][gc,phases      ] GC(1569)   Other: 0.10ms
[680.958s][info][gc,heap        ] GC(1569) Eden regions: 15->0(232)
[680.958s][info][gc,heap        ] GC(1569) Survivor regions: 33->1(6)
[680.958s][info][gc,heap        ] GC(1569) Old regions: 857->668
[680.958s][info][gc,heap        ] GC(1569) Humongous regions: 7->7
[680.958s][info][gc,metaspace   ] GC(1569) Metaspace: 19138K(19264K)->19138K(19264K) NonClass: 17309K(17408K)->17309K(17408K) Class: 1829K(1856K)->1829K(1856K)
[680.958s][info][gc             ] GC(1569) Pause Young (Normal) (G1 Evacuation Pause) 911M->675M(978M) 83.341ms
[680.958s][info][gc,cpu         ] GC(1569) User=0.16s Sys=0.00s Real=0.08s
[680.977s][info][gc,marking     ] GC(1565) Concurrent Rebuild Remembered Sets and Scrub Regions 960.326ms
[680.977s][info][gc,start       ] GC(1565) Pause Cleanup
[680.977s][info][gc             ] GC(1565) Pause Cleanup 680M->680M(978M) 0.147ms
[680.977s][info][gc,cpu         ] GC(1565) User=0.00s Sys=0.00s Real=0.00s
[680.977s][info][gc,marking     ] GC(1565) Concurrent Clear Claimed Marks
[680.977s][info][gc,marking     ] GC(1565) Concurrent Clear Claimed Marks 0.041ms
[680.977s][info][gc,marking     ] GC(1565) Concurrent Cleanup for Next Mark
[680.982s][info][gc,marking     ] GC(1565) Concurrent Cleanup for Next Mark 4.981ms
[680.982s][info][gc             ] GC(1565) Concurrent Mark Cycle 2301.157ms
[681.419s][info][gc,start       ] GC(1570) Pause Young (Prepare Mixed) (G1 Evacuation Pause)
[681.419s][info][gc,task        ] GC(1570) Using 2 workers of 2 for evacuation
[681.470s][info][gc,phases      ] GC(1570)   Pre Evacuate Collection Set: 0.39ms
[681.470s][info][gc,phases      ] GC(1570)   Merge Heap Roots: 0.59ms
[681.470s][info][gc,phases      ] GC(1570)   Evacuate Collection Set: 49.04ms
[681.470s][info][gc,phases      ] GC(1570)   Post Evacuate Collection Set: 0.71ms
[681.470s][info][gc,phases      ] GC(1570)   Other: 0.10ms
[681.470s][info][gc,heap        ] GC(1570) Eden regions: 232->0(270)
[681.470s][info][gc,heap        ] GC(1570) Survivor regions: 1->5(30)
[681.470s][info][gc,heap        ] GC(1570) Old regions: 668->624
[681.470s][info][gc,heap        ] GC(1570) Humongous regions: 7->7
[681.470s][info][gc,metaspace   ] GC(1570) Metaspace: 19138K(19264K)->19138K(19264K) NonClass: 17309K(17408K)->17309K(17408K) Class: 1829K(1856K)->1829K(1856K)
[681.470s][info][gc             ] GC(1570) Pause Young (Prepare Mixed) (G1 Evacuation Pause) 907M->635M(978M) 51.218ms
[681.470s][info][gc,cpu         ] GC(1570) User=0.10s Sys=0.01s Real=0.05s
[681.894s][info][gc,start       ] GC(1571) Pause Young (Mixed) (G1 Evacuation Pause)
[681.894s][info][gc,task        ] GC(1571) Using 2 workers of 2 for evacuation
[681.997s][info][gc,phases      ] GC(1571)   Pre Evacuate Collection Set: 0.61ms
[681.997s][info][gc,phases      ] GC(1571)   Merge Heap Roots: 1.42ms
[681.997s][info][gc,phases      ] GC(1571)   Evacuate Collection Set: 99.69ms
[681.997s][info][gc,phases      ] GC(1571)   Post Evacuate Collection Set: 1.01ms
[681.997s][info][gc,phases      ] GC(1571)   Other: 0.12ms
[681.997s][info][gc,heap        ] GC(1571) Eden regions: 270->0(233)
[681.997s][info][gc,heap        ] GC(1571) Survivor regions: 5->34(35)
[681.997s][info][gc,heap        ] GC(1571) Old regions: 624->614
[681.997s][info][gc,heap        ] GC(1571) Humongous regions: 13->13
[681.997s][info][gc,metaspace   ] GC(1571) Metaspace: 19138K(19264K)->19138K(19264K) NonClass: 17309K(17408K)->17309K(17408K) Class: 1829K(1856K)->1829K(1856K)
[681.997s][info][gc             ] GC(1571) Pause Young (Mixed) (G1 Evacuation Pause) 911M->659M(978M) 103.128ms
[681.997s][info][gc,cpu         ] GC(1571) User=0.20s Sys=0.00s Real=0.10s
[682.413s][info][gc,start       ] GC(1572) Pause Young (Concurrent Start) (G1 Evacuation Pause)
[682.413s][info][gc,task        ] GC(1572) Using 2 workers of 2 for evacuation
[682.496s][info][gc,phases      ] GC(1572)   Pre Evacuate Collection Set: 0.39ms
[682.496s][info][gc,phases      ] GC(1572)   Merge Heap Roots: 0.72ms
[682.496s][info][gc,phases      ] GC(1572)   Evacuate Collection Set: 80.71ms
[682.496s][info][gc,phases      ] GC(1572)   Post Evacuate Collection Set: 0.56ms
[682.496s][info][gc,phases      ] GC(1572)   Other: 0.13ms
[682.496s][info][gc,heap        ] GC(1572) Eden regions: 233->0(255)
[682.496s][info][gc,heap        ] GC(1572) Survivor regions: 34->1(34)
[682.496s][info][gc,heap        ] GC(1572) Old regions: 614->648
[682.496s][info][gc,heap        ] GC(1572) Humongous regions: 13->13
[682.496s][info][gc,metaspace   ] GC(1572) Metaspace: 19138K(19264K)->19138K(19264K) NonClass: 17309K(17408K)->17309K(17408K) Class: 1829K(1856K)->1829K(1856K)
[682.496s][info][gc             ] GC(1572) Pause Young (Concurrent Start) (G1 Evacuation Pause) 892M->661M(978M) 82.813ms
[682.496s][info][gc,cpu         ] GC(1572) User=0.17s Sys=0.00s Real=0.08s
[682.496s][info][gc             ] GC(1573) Concurrent Mark Cycle
[682.498s][info][gc,marking     ] GC(1573) Concurrent Scan Root Regions
[682.616s][info][gc,marking     ] GC(1573) Concurrent Scan Root Regions 117.940ms
[682.616s][info][gc,marking     ] GC(1573) Concurrent Mark
[682.616s][info][gc,marking     ] GC(1573) Concurrent Mark From Roots
[682.616s][info][gc,task        ] GC(1573) Using 1 workers of 1 for marking
[683.544s][info][gc,start       ] GC(1574) Pause Young (Normal) (G1 Evacuation Pause)
[683.544s][info][gc,task        ] GC(1574) Using 2 workers of 2 for evacuation
[683.545s][info][gc,phases      ] GC(1574)   Pre Evacuate Collection Set: 0.56ms
[683.546s][info][gc,phases      ] GC(1574)   Merge Heap Roots: 0.11ms
[683.546s][info][gc,phases      ] GC(1574)   Evacuate Collection Set: 0.34ms
[683.546s][info][gc,phases      ] GC(1574)   Post Evacuate Collection Set: 0.44ms
[683.546s][info][gc,phases      ] GC(1574)   Other: 0.09ms
[683.546s][info][gc,heap        ] GC(1574) Eden regions: 255->0(265)
[683.546s][info][gc,heap        ] GC(1574) Survivor regions: 1->1(32)
[683.546s][info][gc,heap        ] GC(1574) Old regions: 648->648
[683.546s][info][gc,heap        ] GC(1574) Humongous regions: 13->13
[683.546s][info][gc,metaspace   ] GC(1574) Metaspace: 19138K(19264K)->19138K(19264K) NonClass: 17309K(17408K)->17309K(17408K) Class: 1829K(1856K)->1829K(1856K)
[683.546s][info][gc             ] GC(1574) Pause Young (Normal) (G1 Evacuation Pause) 916M->661M(978M) 1.821ms
[683.546s][info][gc,cpu         ] GC(1574) User=0.01s Sys=0.00s Real=0.00s
[683.889s][info][gc,marking     ] GC(1573) Concurrent Mark From Roots 1273.342ms
[683.889s][info][gc,marking     ] GC(1573) Concurrent Preclean
[683.889s][info][gc,marking     ] GC(1573) Concurrent Preclean 0.056ms
[683.889s][info][gc,start       ] GC(1573) Pause Remark
[683.898s][info][gc             ] GC(1573) Pause Remark 759M->642M(978M) 9.135ms
[683.898s][info][gc,cpu         ] GC(1573) User=0.02s Sys=0.00s Real=0.01s
[683.899s][info][gc,marking     ] GC(1573) Concurrent Mark 1282.916ms
[683.899s][info][gc,marking     ] GC(1573) Concurrent Rebuild Remembered Sets and Scrub Regions
[684.286s][info][gc,marking     ] GC(1573) Concurrent Rebuild Remembered Sets and Scrub Regions 387.283ms
[684.287s][info][gc,start       ] GC(1573) Pause Cleanup
[684.287s][info][gc             ] GC(1573) Pause Cleanup 806M->806M(978M) 0.174ms
[684.287s][info][gc,cpu         ] GC(1573) User=0.00s Sys=0.00s Real=0.00s
[684.287s][info][gc,marking     ] GC(1573) Concurrent Clear Claimed Marks
[684.287s][info][gc,marking     ] GC(1573) Concurrent Clear Claimed Marks 0.048ms
[684.287s][info][gc,marking     ] GC(1573) Concurrent Cleanup for Next Mark
[684.292s][info][gc,start       ] GC(1575) Pause Young (Prepare Mixed) (G1 Evacuation Pause)
[684.292s][info][gc,task        ] GC(1575) Using 2 workers of 2 for evacuation
[684.315s][info][gc,phases      ] GC(1575)   Pre Evacuate Collection Set: 0.34ms
[684.315s][info][gc,phases      ] GC(1575)   Merge Heap Roots: 0.18ms
[684.315s][info][gc,phases      ] GC(1575)   Evacuate Collection Set: 21.41ms
[684.315s][info][gc,phases      ] GC(1575)   Post Evacuate Collection Set: 0.56ms
[684.315s][info][gc,phases      ] GC(1575)   Other: 0.10ms
[684.315s][info][gc,heap        ] GC(1575) Eden regions: 265->0(353)
[684.315s][info][gc,heap        ] GC(1575) Survivor regions: 1->15(34)
[684.315s][info][gc,heap        ] GC(1575) Old regions: 537->537
[684.315s][info][gc,heap        ] GC(1575) Humongous regions: 7->7
[684.315s][info][gc,metaspace   ] GC(1575) Metaspace: 19138K(19264K)->19138K(19264K) NonClass: 17309K(17408K)->17309K(17408K) Class: 1829K(1856K)->1829K(1856K)
[684.315s][info][gc             ] GC(1575) Pause Young (Prepare Mixed) (G1 Evacuation Pause) 809M->558M(978M) 22.857ms
[684.315s][info][gc,cpu         ] GC(1575) User=0.04s Sys=0.00s Real=0.03s
[684.316s][info][gc,marking     ] GC(1573) Concurrent Cleanup for Next Mark 28.584ms
[684.316s][info][gc             ] GC(1573) Concurrent Mark Cycle 1820.033ms
[684.659s][info][gc,start       ] GC(1576) Pause Young (Mixed) (G1 Evacuation Pause)
[684.659s][info][gc,task        ] GC(1576) Using 2 workers of 2 for evacuation
[684.702s][info][gc,phases      ] GC(1576)   Pre Evacuate Collection Set: 0.35ms
[684.702s][info][gc,phases      ] GC(1576)   Merge Heap Roots: 0.24ms
[684.702s][info][gc,phases      ] GC(1576)   Evacuate Collection Set: 42.24ms
[684.702s][info][gc,phases      ] GC(1576)   Post Evacuate Collection Set: 0.68ms
[684.702s][info][gc,phases      ] GC(1576)   Other: 0.12ms
[684.702s][info][gc,heap        ] GC(1576) Eden regions: 353->0(360)
[684.702s][info][gc,heap        ] GC(1576) Survivor regions: 15->34(46)
[684.702s][info][gc,heap        ] GC(1576) Old regions: 537->493
[684.702s][info][gc,heap        ] GC(1576) Humongous regions: 7->7
[684.702s][info][gc,metaspace   ] GC(1576) Metaspace: 19138K(19264K)->19138K(19264K) NonClass: 17309K(17408K)->17309K(17408K) Class: 1829K(1856K)->1829K(1856K)
[684.703s][info][gc             ] GC(1576) Pause Young (Mixed) (G1 Evacuation Pause) 911M->533M(978M) 43.966ms
[684.703s][info][gc,cpu         ] GC(1576) User=0.09s Sys=0.00s Real=0.04s
[685.292s][info][gc,start       ] GC(1577) Pause Young (Concurrent Start) (G1 Evacuation Pause)
[685.292s][info][gc,task        ] GC(1577) Using 2 workers of 2 for evacuation
[685.344s][info][gc,phases      ] GC(1577)   Pre Evacuate Collection Set: 0.33ms
[685.344s][info][gc,phases      ] GC(1577)   Merge Heap Roots: 0.24ms
[685.344s][info][gc,phases      ] GC(1577)   Evacuate Collection Set: 51.19ms
[685.344s][info][gc,phases      ] GC(1577)   Post Evacuate Collection Set: 0.68ms
[685.345s][info][gc,phases      ] GC(1577)   Other: 0.13ms
[685.345s][info][gc,heap        ] GC(1577) Eden regions: 360->0(355)
[685.345s][info][gc,heap        ] GC(1577) Survivor regions: 34->29(50)
[685.345s][info][gc,heap        ] GC(1577) Old regions: 493->508
[685.345s][info][gc,heap        ] GC(1577) Humongous regions: 7->7
[685.345s][info][gc,metaspace   ] GC(1577) Metaspace: 19138K(19264K)->19138K(19264K) NonClass: 17309K(17408K)->17309K(17408K) Class: 1829K(1856K)->1829K(1856K)
[685.345s][info][gc             ] GC(1577) Pause Young (Concurrent Start) (G1 Evacuation Pause) 893M->543M(978M) 52.908ms
[685.345s][info][gc,cpu         ] GC(1577) User=0.10s Sys=0.00s Real=0.06s
[685.345s][info][gc             ] GC(1578) Concurrent Mark Cycle
[685.349s][info][gc,marking     ] GC(1578) Concurrent Scan Root Regions
[685.426s][info][gc,marking     ] GC(1578) Concurrent Scan Root Regions 76.981ms
[685.426s][info][gc,marking     ] GC(1578) Concurrent Mark
[685.426s][info][gc,marking     ] GC(1578) Concurrent Mark From Roots
[685.426s][info][gc,task        ] GC(1578) Using 1 workers of 1 for marking
[686.797s][info][gc,start       ] GC(1579) Pause Young (Normal) (G1 Evacuation Pause)
[686.797s][info][gc,task        ] GC(1579) Using 2 workers of 2 for evacuation
[686.849s][info][gc,phases      ] GC(1579)   Pre Evacuate Collection Set: 0.54ms
[686.849s][info][gc,phases      ] GC(1579)   Merge Heap Roots: 0.27ms
[686.849s][info][gc,phases      ] GC(1579)   Evacuate Collection Set: 50.99ms
[686.849s][info][gc,phases      ] GC(1579)   Post Evacuate Collection Set: 0.66ms
[686.849s][info][gc,phases      ] GC(1579)   Other: 0.12ms
[686.849s][info][gc,heap        ] GC(1579) Eden regions: 355->0(344)
[686.849s][info][gc,heap        ] GC(1579) Survivor regions: 29->25(48)
[686.849s][info][gc,heap        ] GC(1579) Old regions: 508->527
[686.849s][info][gc,heap        ] GC(1579) Humongous regions: 7->7
[686.849s][info][gc,metaspace   ] GC(1579) Metaspace: 19138K(19264K)->19138K(19264K) NonClass: 17309K(17408K)->17309K(17408K) Class: 1829K(1856K)->1829K(1856K)
[686.850s][info][gc             ] GC(1579) Pause Young (Normal) (G1 Evacuation Pause) 898M->558M(978M) 52.814ms
[686.850s][info][gc,cpu         ] GC(1579) User=0.11s Sys=0.00s Real=0.05s
[687.079s][info][gc,marking     ] GC(1578) Concurrent Mark From Roots 1652.948ms
[687.079s][info][gc,marking     ] GC(1578) Concurrent Preclean
[687.079s][info][gc,marking     ] GC(1578) Concurrent Preclean 0.057ms
[687.079s][info][gc,start       ] GC(1578) Pause Remark
[687.088s][info][gc             ] GC(1578) Pause Remark 621M->621M(978M) 8.727ms
[687.088s][info][gc,cpu         ] GC(1578) User=0.02s Sys=0.00s Real=0.01s
[687.088s][info][gc,marking     ] GC(1578) Concurrent Mark 1662.064ms
[687.088s][info][gc,marking     ] GC(1578) Concurrent Rebuild Remembered Sets and Scrub Regions
[687.491s][info][gc,start       ] GC(1580) Pause Young (Normal) (G1 Evacuation Pause)
[687.491s][info][gc,task        ] GC(1580) Using 2 workers of 2 for evacuation
[687.573s][info][gc,phases      ] GC(1580)   Pre Evacuate Collection Set: 0.31ms
[687.573s][info][gc,phases      ] GC(1580)   Merge Heap Roots: 0.28ms
[687.573s][info][gc,phases      ] GC(1580)   Evacuate Collection Set: 79.96ms
[687.573s][info][gc,phases      ] GC(1580)   Post Evacuate Collection Set: 1.48ms
[687.573s][info][gc,phases      ] GC(1580)   Other: 0.12ms
[687.573s][info][gc,heap        ] GC(1580) Eden regions: 344->0(264)
[687.573s][info][gc,heap        ] GC(1580) Survivor regions: 25->47(47)
[687.573s][info][gc,heap        ] GC(1580) Old regions: 527->563
[687.573s][info][gc,heap        ] GC(1580) Humongous regions: 7->7
[687.573s][info][gc,metaspace   ] GC(1580) Metaspace: 19138K(19264K)->19138K(19264K) NonClass: 17309K(17408K)->17309K(17408K) Class: 1829K(1856K)->1829K(1856K)
[687.573s][info][gc             ] GC(1580) Pause Young (Normal) (G1 Evacuation Pause) (Evacuation Failure: Allocation) 902M->616M(978M) 82.399ms
[687.573s][info][gc,cpu         ] GC(1580) User=0.17s Sys=0.00s Real=0.09s
[687.785s][info][gc,marking     ] GC(1578) Concurrent Rebuild Remembered Sets and Scrub Regions 697.184ms
[687.785s][info][gc,start       ] GC(1578) Pause Cleanup
[687.785s][info][gc             ] GC(1578) Pause Cleanup 677M->677M(978M) 0.130ms
[687.785s][info][gc,cpu         ] GC(1578) User=0.00s Sys=0.00s Real=0.00s
[687.785s][info][gc,marking     ] GC(1578) Concurrent Clear Claimed Marks
[687.785s][info][gc,marking     ] GC(1578) Concurrent Clear Claimed Marks 0.032ms
[687.785s][info][gc,marking     ] GC(1578) Concurrent Cleanup for Next Mark
[687.788s][info][gc,marking     ] GC(1578) Concurrent Cleanup for Next Mark 2.953ms
[687.788s][info][gc             ] GC(1578) Concurrent Mark Cycle 2443.693ms
[688.130s][info][gc,start       ] GC(1581) Pause Young (Prepare Mixed) (G1 Evacuation Pause)
[688.130s][info][gc,task        ] GC(1581) Using 2 workers of 2 for evacuation
[688.220s][info][gc,phases      ] GC(1581)   Pre Evacuate Collection Set: 0.59ms
[688.220s][info][gc,phases      ] GC(1581)   Merge Heap Roots: 0.45ms
[688.220s][info][gc,phases      ] GC(1581)   Evacuate Collection Set: 87.41ms
[688.220s][info][gc,phases      ] GC(1581)   Post Evacuate Collection Set: 1.69ms
[688.220s][info][gc,phases      ] GC(1581)   Other: 0.12ms
[688.220s][info][gc,heap        ] GC(1581) Eden regions: 264->0(265)
[688.220s][info][gc,heap        ] GC(1581) Survivor regions: 47->16(39)
[688.220s][info][gc,heap        ] GC(1581) Old regions: 563->605
[688.220s][info][gc,heap        ] GC(1581) Humongous regions: 10->10
[688.220s][info][gc,metaspace   ] GC(1581) Metaspace: 19138K(19264K)->19138K(19264K) NonClass: 17309K(17408K)->17309K(17408K) Class: 1829K(1856K)->1829K(1856K)
[688.220s][info][gc             ] GC(1581) Pause Young (Prepare Mixed) (G1 Evacuation Pause) 883M->630M(978M) 90.566ms
[688.220s][info][gc,cpu         ] GC(1581) User=0.18s Sys=0.00s Real=0.09s
[688.651s][info][gc,start       ] GC(1582) Pause Young (Mixed) (G1 Evacuation Pause)
[688.651s][info][gc,task        ] GC(1582) Using 2 workers of 2 for evacuation
[688.690s][info][gc,phases      ] GC(1582)   Pre Evacuate Collection Set: 0.57ms
[688.690s][info][gc,phases      ] GC(1582)   Merge Heap Roots: 0.37ms
[688.690s][info][gc,phases      ] GC(1582)   Evacuate Collection Set: 36.56ms
[688.690s][info][gc,phases      ] GC(1582)   Post Evacuate Collection Set: 0.68ms
[688.690s][info][gc,phases      ] GC(1582)   Other: 0.11ms
[688.690s][info][gc,heap        ] GC(1582) Eden regions: 265->0(286)
[688.690s][info][gc,heap        ] GC(1582) Survivor regions: 16->17(36)
[688.690s][info][gc,heap        ] GC(1582) Old regions: 605->595
[688.690s][info][gc,heap        ] GC(1582) Humongous regions: 10->10
[688.690s][info][gc,metaspace   ] GC(1582) Metaspace: 19138K(19264K)->19138K(19264K) NonClass: 17309K(17408K)->17309K(17408K) Class: 1829K(1856K)->1829K(1856K)
[688.690s][info][gc             ] GC(1582) Pause Young (Mixed) (G1 Evacuation Pause) 895M->621M(978M) 38.583ms
[688.690s][info][gc,cpu         ] GC(1582) User=0.08s Sys=0.00s Real=0.04s
[689.162s][info][gc,start       ] GC(1583) Pause Young (Concurrent Start) (G1 Evacuation Pause)
[689.162s][info][gc,task        ] GC(1583) Using 2 workers of 2 for evacuation
[689.197s][info][gc,phases      ] GC(1583)   Pre Evacuate Collection Set: 0.39ms
[689.197s][info][gc,phases      ] GC(1583)   Merge Heap Roots: 0.29ms
[689.197s][info][gc,phases      ] GC(1583)   Evacuate Collection Set: 33.07ms
[689.197s][info][gc,phases      ] GC(1583)   Post Evacuate Collection Set: 0.70ms
[689.197s][info][gc,phases      ] GC(1583)   Other: 0.23ms
[689.197s][info][gc,heap        ] GC(1583) Eden regions: 286->0(291)
[689.197s][info][gc,heap        ] GC(1583) Survivor regions: 17->16(38)
[689.197s][info][gc,heap        ] GC(1583) Old regions: 595->595
[689.197s][info][gc,heap        ] GC(1583) Humongous regions: 10->10
[689.197s][info][gc,metaspace   ] GC(1583) Metaspace: 19138K(19264K)->19138K(19264K) NonClass: 17309K(17408K)->17309K(17408K) Class: 1829K(1856K)->1829K(1856K)
[689.197s][info][gc             ] GC(1583) Pause Young (Concurrent Start) (G1 Evacuation Pause) 907M->620M(978M) 34.983ms
[689.197s][info][gc,cpu         ] GC(1583) User=0.06s Sys=0.00s Real=0.04s
[689.197s][info][gc             ] GC(1584) Concurrent Mark Cycle
[689.197s][info][gc,marking     ] GC(1584) Concurrent Scan Root Regions
[689.249s][info][gc,marking     ] GC(1584) Concurrent Scan Root Regions 51.388ms
[689.249s][info][gc,marking     ] GC(1584) Concurrent Mark
[689.249s][info][gc,marking     ] GC(1584) Concurrent Mark From Roots
[689.249s][info][gc,task        ] GC(1584) Using 1 workers of 1 for marking
[689.946s][info][gc,marking     ] GC(1584) Concurrent Mark From Roots 697.047ms
[689.946s][info][gc,marking     ] GC(1584) Concurrent Preclean
[689.946s][info][gc,marking     ] GC(1584) Concurrent Preclean 0.049ms
[689.946s][info][gc,start       ] GC(1584) Pause Remark
[689.955s][info][gc             ] GC(1584) Pause Remark 798M->582M(978M) 8.888ms
[689.955s][info][gc,cpu         ] GC(1584) User=0.02s Sys=0.00s Real=0.01s
[689.955s][info][gc,marking     ] GC(1584) Concurrent Mark 706.274ms
[689.955s][info][gc,marking     ] GC(1584) Concurrent Rebuild Remembered Sets and Scrub Regions
[690.211s][info][gc,marking     ] GC(1584) Concurrent Rebuild Remembered Sets and Scrub Regions 255.567ms
[690.211s][info][gc,start       ] GC(1584) Pause Cleanup
[690.211s][info][gc             ] GC(1584) Pause Cleanup 680M->680M(978M) 0.150ms
[690.211s][info][gc,cpu         ] GC(1584) User=0.00s Sys=0.00s Real=0.00s
[690.212s][info][gc,marking     ] GC(1584) Concurrent Clear Claimed Marks
[690.212s][info][gc,marking     ] GC(1584) Concurrent Clear Claimed Marks 0.038ms
[690.212s][info][gc,marking     ] GC(1584) Concurrent Cleanup for Next Mark
[690.218s][info][gc,marking     ] GC(1584) Concurrent Cleanup for Next Mark 6.009ms
[690.218s][info][gc             ] GC(1584) Concurrent Mark Cycle 1020.817ms
[690.238s][info][gc,start       ] GC(1585) Pause Young (Prepare Mixed) (G1 Evacuation Pause)
[690.238s][info][gc,task        ] GC(1585) Using 2 workers of 2 for evacuation
[690.273s][info][gc,phases      ] GC(1585)   Pre Evacuate Collection Set: 0.55ms
[690.273s][info][gc,phases      ] GC(1585)   Merge Heap Roots: 0.54ms
[690.273s][info][gc,phases      ] GC(1585)   Evacuate Collection Set: 32.44ms
[690.273s][info][gc,phases      ] GC(1585)   Post Evacuate Collection Set: 0.72ms
[690.273s][info][gc,phases      ] GC(1585)   Other: 0.12ms
[690.273s][info][gc,heap        ] GC(1585) Eden regions: 291->0(493)
[690.273s][info][gc,heap        ] GC(1585) Survivor regions: 16->17(39)
[690.273s][info][gc,heap        ] GC(1585) Old regions: 384->384
[690.273s][info][gc,heap        ] GC(1585) Humongous regions: 5->5
[690.273s][info][gc,metaspace   ] GC(1585) Metaspace: 19138K(19264K)->19138K(19264K) NonClass: 17309K(17408K)->17309K(17408K) Class: 1829K(1856K)->1829K(1856K)
[690.273s][info][gc             ] GC(1585) Pause Young (Prepare Mixed) (G1 Evacuation Pause) 695M->405M(978M) 34.623ms
[690.273s][info][gc,cpu         ] GC(1585) User=0.06s Sys=0.00s Real=0.04s
[690.809s][info][gc,start       ] GC(1586) Pause Young (Mixed) (G1 Evacuation Pause)
[690.809s][info][gc,task        ] GC(1586) Using 2 workers of 2 for evacuation
[690.895s][info][gc,phases      ] GC(1586)   Pre Evacuate Collection Set: 0.38ms
[690.895s][info][gc,phases      ] GC(1586)   Merge Heap Roots: 0.72ms
[690.895s][info][gc,phases      ] GC(1586)   Evacuate Collection Set: 83.65ms
[690.895s][info][gc,phases      ] GC(1586)   Post Evacuate Collection Set: 0.98ms
[690.895s][info][gc,phases      ] GC(1586)   Other: 0.13ms
[690.895s][info][gc,heap        ] GC(1586) Eden regions: 493->0(532)
[690.895s][info][gc,heap        ] GC(1586) Survivor regions: 17->45(64)
[690.895s][info][gc,heap        ] GC(1586) Old regions: 384->301
[690.895s][info][gc,heap        ] GC(1586) Humongous regions: 5->5
[690.895s][info][gc,metaspace   ] GC(1586) Metaspace: 19138K(19264K)->19138K(19264K) NonClass: 17309K(17408K)->17309K(17408K) Class: 1829K(1856K)->1829K(1856K)
[690.895s][info][gc             ] GC(1586) Pause Young (Mixed) (G1 Evacuation Pause) 898M->349M(978M) 86.141ms
[690.895s][info][gc,cpu         ] GC(1586) User=0.17s Sys=0.00s Real=0.09s
[691.699s][info][gc,start       ] GC(1587) Pause Young (Concurrent Start) (G1 Evacuation Pause)
[691.699s][info][gc,task        ] GC(1587) Using 2 workers of 2 for evacuation
[691.779s][info][gc,phases      ] GC(1587)   Pre Evacuate Collection Set: 0.36ms
[691.780s][info][gc,phases      ] GC(1587)   Merge Heap Roots: 0.35ms
[691.780s][info][gc,phases      ] GC(1587)   Evacuate Collection Set: 78.59ms
[691.780s][info][gc,phases      ] GC(1587)   Post Evacuate Collection Set: 0.87ms
[691.780s][info][gc,phases      ] GC(1587)   Other: 0.22ms
[691.780s][info][gc,heap        ] GC(1587) Eden regions: 532->0(522)
[691.780s][info][gc,heap        ] GC(1587) Survivor regions: 45->42(73)
[691.780s][info][gc,heap        ] GC(1587) Old regions: 301->317
[691.780s][info][gc,heap        ] GC(1587) Humongous regions: 5->5
[691.780s][info][gc,metaspace   ] GC(1587) Metaspace: 19138K(19264K)->19138K(19264K) NonClass: 17309K(17408K)->17309K(17408K) Class: 1829K(1856K)->1829K(1856K)
[691.780s][info][gc             ] GC(1587) Pause Young (Concurrent Start) (G1 Evacuation Pause) 881M->363M(978M) 80.669ms
[691.780s][info][gc,cpu         ] GC(1587) User=0.16s Sys=0.00s Real=0.08s
[691.780s][info][gc             ] GC(1588) Concurrent Mark Cycle
[691.780s][info][gc,marking     ] GC(1588) Concurrent Scan Root Regions
[691.901s][info][gc,marking     ] GC(1588) Concurrent Scan Root Regions 121.669ms
[691.901s][info][gc,marking     ] GC(1588) Concurrent Mark
[691.901s][info][gc,marking     ] GC(1588) Concurrent Mark From Roots
[691.901s][info][gc,task        ] GC(1588) Using 1 workers of 1 for marking
[692.614s][info][gc,marking     ] GC(1588) Concurrent Mark From Roots 712.871ms
[692.614s][info][gc,marking     ] GC(1588) Concurrent Preclean
[692.614s][info][gc,marking     ] GC(1588) Concurrent Preclean 0.055ms
[692.615s][info][gc,start       ] GC(1588) Pause Remark
[692.623s][info][gc             ] GC(1588) Pause Remark 739M->739M(978M) 8.817ms
[692.624s][info][gc,cpu         ] GC(1588) User=0.02s Sys=0.00s Real=0.01s
[692.624s][info][gc,marking     ] GC(1588) Concurrent Mark 722.081ms
[692.624s][info][gc,marking     ] GC(1588) Concurrent Rebuild Remembered Sets and Scrub Regions
[692.868s][info][gc,start       ] GC(1589) Pause Young (Normal) (G1 Evacuation Pause)
[692.868s][info][gc,task        ] GC(1589) Using 2 workers of 2 for evacuation
[693.049s][info][gc,phases      ] GC(1589)   Pre Evacuate Collection Set: 0.31ms
[693.049s][info][gc,phases      ] GC(1589)   Merge Heap Roots: 0.70ms
[693.049s][info][gc,phases      ] GC(1589)   Evacuate Collection Set: 162.90ms
[693.049s][info][gc,phases      ] GC(1589)   Post Evacuate Collection Set: 17.19ms
[693.049s][info][gc,phases      ] GC(1589)   Other: 0.10ms
[693.049s][info][gc,heap        ] GC(1589) Eden regions: 522->0(252)
[693.049s][info][gc,heap        ] GC(1589) Survivor regions: 42->67(71)
[693.049s][info][gc,heap        ] GC(1589) Old regions: 317->537
[693.049s][info][gc,heap        ] GC(1589) Humongous regions: 5->5
[693.049s][info][gc,metaspace   ] GC(1589) Metaspace: 19138K(19264K)->19138K(19264K) NonClass: 17309K(17408K)->17309K(17408K) Class: 1829K(1856K)->1829K(1856K)
[693.049s][info][gc             ] GC(1589) Pause Young (Normal) (G1 Evacuation Pause) (Evacuation Failure: Allocation) 885M->608M(978M) 181.449ms
[693.049s][info][gc,cpu         ] GC(1589) User=0.36s Sys=0.00s Real=0.18s
[693.090s][info][gc,marking     ] GC(1588) Concurrent Rebuild Remembered Sets and Scrub Regions 466.021ms
[693.090s][info][gc,start       ] GC(1588) Pause Cleanup
[693.091s][info][gc             ] GC(1588) Pause Cleanup 663M->663M(978M) 0.131ms
[693.091s][info][gc,cpu         ] GC(1588) User=0.00s Sys=0.00s Real=0.00s
[693.091s][info][gc,marking     ] GC(1588) Concurrent Clear Claimed Marks
[693.091s][info][gc,marking     ] GC(1588) Concurrent Clear Claimed Marks 0.052ms
[693.091s][info][gc,marking     ] GC(1588) Concurrent Cleanup for Next Mark
[693.096s][info][gc,marking     ] GC(1588) Concurrent Cleanup for Next Mark 5.024ms
[693.096s][info][gc             ] GC(1588) Concurrent Mark Cycle 1316.099ms
[693.195s][info][gc,start       ] GC(1590) Pause Young (Prepare Mixed) (G1 Evacuation Pause)
[693.195s][info][gc,task        ] GC(1590) Using 2 workers of 2 for evacuation
[693.375s][info][gc,phases      ] GC(1590)   Pre Evacuate Collection Set: 0.42ms
[693.375s][info][gc,phases      ] GC(1590)   Merge Heap Roots: 0.44ms
[693.375s][info][gc,phases      ] GC(1590)   Evacuate Collection Set: 165.43ms
[693.375s][info][gc,phases      ] GC(1590)   Post Evacuate Collection Set: 13.35ms
[693.375s][info][gc,phases      ] GC(1590)   Other: 0.12ms
[693.375s][info][gc,heap        ] GC(1590) Eden regions: 252->0(250)
[693.375s][info][gc,heap        ] GC(1590) Survivor regions: 67->21(40)
[693.375s][info][gc,heap        ] GC(1590) Old regions: 537->631
[693.375s][info][gc,heap        ] GC(1590) Humongous regions: 5->5
[693.375s][info][gc,metaspace   ] GC(1590) Metaspace: 19138K(19264K)->19138K(19264K) NonClass: 17309K(17408K)->17309K(17408K) Class: 1829K(1856K)->1829K(1856K)
[693.375s][info][gc             ] GC(1590) Pause Young (Prepare Mixed) (G1 Evacuation Pause) (Evacuation Failure: Allocation) 860M->656M(978M) 180.008ms
[693.375s][info][gc,cpu         ] GC(1590) User=0.36s Sys=0.00s Real=0.18s
[693.613s][info][gc,start       ] GC(1591) Pause Young (Mixed) (G1 Evacuation Pause)
[693.613s][info][gc,task        ] GC(1591) Using 2 workers of 2 for evacuation
[693.709s][info][gc,phases      ] GC(1591)   Pre Evacuate Collection Set: 0.39ms
[693.709s][info][gc,phases      ] GC(1591)   Merge Heap Roots: 0.99ms
[693.709s][info][gc,phases      ] GC(1591)   Evacuate Collection Set: 92.93ms
[693.709s][info][gc,phases      ] GC(1591)   Post Evacuate Collection Set: 0.82ms
[693.709s][info][gc,phases      ] GC(1591)   Other: 0.10ms
[693.709s][info][gc,heap        ] GC(1591) Eden regions: 250->0(350)
[693.709s][info][gc,heap        ] GC(1591) Survivor regions: 21->16(34)
[693.709s][info][gc,heap        ] GC(1591) Old regions: 631->523
[693.709s][info][gc,heap        ] GC(1591) Humongous regions: 5->5
[693.709s][info][gc,metaspace   ] GC(1591) Metaspace: 19138K(19264K)->19138K(19264K) NonClass: 17309K(17408K)->17309K(17408K) Class: 1829K(1856K)->1829K(1856K)
[693.709s][info][gc             ] GC(1591) Pause Young (Mixed) (G1 Evacuation Pause) 906M->543M(978M) 95.559ms
[693.709s][info][gc,cpu         ] GC(1591) User=0.19s Sys=0.00s Real=0.09s
[694.023s][info][gc,start       ] GC(1592) Pause Young (Concurrent Start) (G1 Evacuation Pause)
[694.023s][info][gc,task        ] GC(1592) Using 2 workers of 2 for evacuation
[694.071s][info][gc,phases      ] GC(1592)   Pre Evacuate Collection Set: 0.40ms
[694.071s][info][gc,phases      ] GC(1592)   Merge Heap Roots: 0.37ms
[694.071s][info][gc,phases      ] GC(1592)   Evacuate Collection Set: 45.69ms
[694.071s][info][gc,phases      ] GC(1592)   Post Evacuate Collection Set: 0.70ms
[694.071s][info][gc,phases      ] GC(1592)   Other: 0.21ms
[694.071s][info][gc,heap        ] GC(1592) Eden regions: 350->0(381)
[694.071s][info][gc,heap        ] GC(1592) Survivor regions: 16->19(46)
[694.071s][info][gc,heap        ] GC(1592) Old regions: 523->499
[694.071s][info][gc,heap        ] GC(1592) Humongous regions: 5->5
[694.071s][info][gc,metaspace   ] GC(1592) Metaspace: 19138K(19264K)->19138K(19264K) NonClass: 17309K(17408K)->17309K(17408K) Class: 1829K(1856K)->1829K(1856K)
[694.071s][info][gc             ] GC(1592) Pause Young (Concurrent Start) (G1 Evacuation Pause) 893M->522M(978M) 47.618ms
[694.071s][info][gc,cpu         ] GC(1592) User=0.10s Sys=0.00s Real=0.04s
[694.071s][info][gc             ] GC(1593) Concurrent Mark Cycle
[694.074s][info][gc,marking     ] GC(1593) Concurrent Scan Root Regions
[694.132s][info][gc,marking     ] GC(1593) Concurrent Scan Root Regions 58.161ms
[694.132s][info][gc,marking     ] GC(1593) Concurrent Mark
[694.132s][info][gc,marking     ] GC(1593) Concurrent Mark From Roots
[694.132s][info][gc,task        ] GC(1593) Using 1 workers of 1 for marking
[694.713s][info][gc,start       ] GC(1594) Pause Young (Normal) (G1 Evacuation Pause)
[694.713s][info][gc,task        ] GC(1594) Using 2 workers of 2 for evacuation
[694.759s][info][gc,phases      ] GC(1594)   Pre Evacuate Collection Set: 0.31ms
[694.759s][info][gc,phases      ] GC(1594)   Merge Heap Roots: 0.31ms
[694.759s][info][gc,phases      ] GC(1594)   Evacuate Collection Set: 44.47ms
[694.759s][info][gc,phases      ] GC(1594)   Post Evacuate Collection Set: 0.71ms
[694.759s][info][gc,phases      ] GC(1594)   Other: 0.11ms
[694.759s][info][gc,heap        ] GC(1594) Eden regions: 381->0(350)
[694.759s][info][gc,heap        ] GC(1594) Survivor regions: 19->37(50)
[694.759s][info][gc,heap        ] GC(1594) Old regions: 499->499
[694.759s][info][gc,heap        ] GC(1594) Humongous regions: 5->5
[694.759s][info][gc,metaspace   ] GC(1594) Metaspace: 19138K(19264K)->19138K(19264K) NonClass: 17309K(17408K)->17309K(17408K) Class: 1829K(1856K)->1829K(1856K)
[694.759s][info][gc             ] GC(1594) Pause Young (Normal) (G1 Evacuation Pause) 903M->540M(978M) 46.131ms
[694.759s][info][gc,cpu         ] GC(1594) User=0.09s Sys=0.00s Real=0.04s
[695.370s][info][gc,start       ] GC(1595) Pause Young (Normal) (G1 Evacuation Pause)
[695.370s][info][gc,task        ] GC(1595) Using 2 workers of 2 for evacuation
[695.441s][info][gc,phases      ] GC(1595)   Pre Evacuate Collection Set: 0.43ms
[695.441s][info][gc,phases      ] GC(1595)   Merge Heap Roots: 0.66ms
[695.441s][info][gc,phases      ] GC(1595)   Evacuate Collection Set: 69.31ms
[695.441s][info][gc,phases      ] GC(1595)   Post Evacuate Collection Set: 0.83ms
[695.441s][info][gc,phases      ] GC(1595)   Other: 0.13ms
[695.441s][info][gc,heap        ] GC(1595) Eden regions: 350->0(335)
[695.441s][info][gc,heap        ] GC(1595) Survivor regions: 37->37(49)
[695.441s][info][gc,heap        ] GC(1595) Old regions: 499->514
[695.441s][info][gc,heap        ] GC(1595) Humongous regions: 5->5
[695.441s][info][gc,metaspace   ] GC(1595) Metaspace: 19141K(19328K)->19141K(19328K) NonClass: 17312K(17472K)->17312K(17472K) Class: 1829K(1856K)->1829K(1856K)
[695.441s][info][gc             ] GC(1595) Pause Young (Normal) (G1 Evacuation Pause) 890M->555M(978M) 71.667ms
[695.441s][info][gc,cpu         ] GC(1595) User=0.14s Sys=0.00s Real=0.07s
[695.857s][info][gc,marking     ] GC(1593) Concurrent Mark From Roots 1725.265ms
[695.857s][info][gc,marking     ] GC(1593) Concurrent Preclean
[695.857s][info][gc,marking     ] GC(1593) Concurrent Preclean 0.054ms
[695.858s][info][gc,start       ] GC(1593) Pause Remark
[695.867s][info][gc             ] GC(1593) Pause Remark 660M->660M(978M) 9.039ms
[695.867s][info][gc,cpu         ] GC(1593) User=0.02s Sys=0.00s Real=0.01s
[695.867s][info][gc,marking     ] GC(1593) Concurrent Mark 1734.836ms
[695.867s][info][gc,marking     ] GC(1593) Concurrent Rebuild Remembered Sets and Scrub Regions
[696.320s][info][gc,marking     ] GC(1593) Concurrent Rebuild Remembered Sets and Scrub Regions 452.864ms
[696.320s][info][gc,start       ] GC(1593) Pause Cleanup
[696.320s][info][gc             ] GC(1593) Pause Cleanup 796M->796M(978M) 0.112ms
[696.320s][info][gc,cpu         ] GC(1593) User=0.00s Sys=0.00s Real=0.00s
[696.320s][info][gc,marking     ] GC(1593) Concurrent Clear Claimed Marks
[696.320s][info][gc,marking     ] GC(1593) Concurrent Clear Claimed Marks 0.046ms
[696.320s][info][gc,marking     ] GC(1593) Concurrent Cleanup for Next Mark
[696.323s][info][gc,marking     ] GC(1593) Concurrent Cleanup for Next Mark 2.956ms
[696.323s][info][gc             ] GC(1593) Concurrent Mark Cycle 2252.044ms
[696.469s][info][gc,start       ] GC(1596) Pause Young (Prepare Mixed) (G1 Evacuation Pause)
[696.469s][info][gc,task        ] GC(1596) Using 2 workers of 2 for evacuation
[696.592s][info][gc,phases      ] GC(1596)   Pre Evacuate Collection Set: 0.33ms
[696.592s][info][gc,phases      ] GC(1596)   Merge Heap Roots: 0.81ms
[696.592s][info][gc,phases      ] GC(1596)   Evacuate Collection Set: 117.75ms
[696.592s][info][gc,phases      ] GC(1596)   Post Evacuate Collection Set: 3.56ms
[696.592s][info][gc,phases      ] GC(1596)   Other: 0.11ms
[696.592s][info][gc,heap        ] GC(1596) Eden regions: 335->0(204)
[696.592s][info][gc,heap        ] GC(1596) Survivor regions: 37->47(47)
[696.592s][info][gc,heap        ] GC(1596) Old regions: 514->622
[696.592s][info][gc,heap        ] GC(1596) Humongous regions: 8->8
[696.592s][info][gc,metaspace   ] GC(1596) Metaspace: 19141K(19328K)->19141K(19328K) NonClass: 17312K(17472K)->17312K(17472K) Class: 1829K(1856K)->1829K(1856K)
[696.592s][info][gc             ] GC(1596) Pause Young (Prepare Mixed) (G1 Evacuation Pause) (Evacuation Failure: Allocation) 893M->676M(978M) 122.824ms
[696.592s][info][gc,cpu         ] GC(1596) User=0.24s Sys=0.01s Real=0.12s
[696.824s][info][gc,start       ] GC(1597) Pause Young (Mixed) (G1 Evacuation Pause)
[696.824s][info][gc,task        ] GC(1597) Using 2 workers of 2 for evacuation
[696.914s][info][gc,phases      ] GC(1597)   Pre Evacuate Collection Set: 0.39ms
[696.914s][info][gc,phases      ] GC(1597)   Merge Heap Roots: 0.74ms
[696.914s][info][gc,phases      ] GC(1597)   Evacuate Collection Set: 88.12ms
[696.914s][info][gc,phases      ] GC(1597)   Post Evacuate Collection Set: 0.63ms
[696.914s][info][gc,phases      ] GC(1597)   Other: 0.09ms
[696.914s][info][gc,heap        ] GC(1597) Eden regions: 204->0(303)
[696.914s][info][gc,heap        ] GC(1597) Survivor regions: 47->4(32)
[696.914s][info][gc,heap        ] GC(1597) Old regions: 622->593
[696.914s][info][gc,heap        ] GC(1597) Humongous regions: 8->8
[696.914s][info][gc,metaspace   ] GC(1597) Metaspace: 19141K(19328K)->19141K(19328K) NonClass: 17312K(17472K)->17312K(17472K) Class: 1829K(1856K)->1829K(1856K)
[696.914s][info][gc             ] GC(1597) Pause Young (Mixed) (G1 Evacuation Pause) 880M->603M(978M) 90.232ms
[696.914s][info][gc,cpu         ] GC(1597) User=0.18s Sys=0.00s Real=0.09s
[697.245s][info][gc,start       ] GC(1598) Pause Young (Concurrent Start) (G1 Evacuation Pause)
[697.245s][info][gc,task        ] GC(1598) Using 2 workers of 2 for evacuation
[697.259s][info][gc,phases      ] GC(1598)   Pre Evacuate Collection Set: 0.32ms
[697.259s][info][gc,phases      ] GC(1598)   Merge Heap Roots: 0.26ms
[697.259s][info][gc,phases      ] GC(1598)   Evacuate Collection Set: 13.00ms
[697.259s][info][gc,phases      ] GC(1598)   Post Evacuate Collection Set: 0.57ms
[697.259s][info][gc,phases      ] GC(1598)   Other: 0.13ms
[697.259s][info][gc,heap        ] GC(1598) Eden regions: 303->0(310)
[697.259s][info][gc,heap        ] GC(1598) Survivor regions: 4->7(39)
[697.259s][info][gc,heap        ] GC(1598) Old regions: 593->593
[697.259s][info][gc,heap        ] GC(1598) Humongous regions: 8->8
[697.259s][info][gc,metaspace   ] GC(1598) Metaspace: 19142K(19328K)->19142K(19328K) NonClass: 17313K(17472K)->17313K(17472K) Class: 1829K(1856K)->1829K(1856K)
[697.259s][info][gc             ] GC(1598) Pause Young (Concurrent Start) (G1 Evacuation Pause) 906M->606M(978M) 14.538ms
[697.259s][info][gc             ] GC(1599) Concurrent Mark Cycle
[697.259s][info][gc,marking     ] GC(1599) Concurrent Scan Root Regions
[697.262s][info][gc,cpu         ] GC(1598) User=0.03s Sys=0.00s Real=0.01s
[697.278s][info][gc,marking     ] GC(1599) Concurrent Scan Root Regions 18.299ms
[697.278s][info][gc,marking     ] GC(1599) Concurrent Mark
[697.278s][info][gc,marking     ] GC(1599) Concurrent Mark From Roots
[697.278s][info][gc,task        ] GC(1599) Using 1 workers of 1 for marking
[698.075s][info][gc,start       ] GC(1600) Pause Young (Normal) (G1 Evacuation Pause)
[698.075s][info][gc,task        ] GC(1600) Using 2 workers of 2 for evacuation
[698.097s][info][gc,phases      ] GC(1600)   Pre Evacuate Collection Set: 0.56ms
[698.097s][info][gc,phases      ] GC(1600)   Merge Heap Roots: 0.25ms
[698.097s][info][gc,phases      ] GC(1600)   Evacuate Collection Set: 20.36ms
[698.097s][info][gc,phases      ] GC(1600)   Post Evacuate Collection Set: 0.57ms
[698.097s][info][gc,phases      ] GC(1600)   Other: 0.09ms
[698.097s][info][gc,heap        ] GC(1600) Eden regions: 310->0(297)
[698.097s][info][gc,heap        ] GC(1600) Survivor regions: 7->15(40)
[698.097s][info][gc,heap        ] GC(1600) Old regions: 593->593
[698.097s][info][gc,heap        ] GC(1600) Humongous regions: 8->8
[698.097s][info][gc,metaspace   ] GC(1600) Metaspace: 19142K(19328K)->19142K(19328K) NonClass: 17313K(17472K)->17313K(17472K) Class: 1829K(1856K)->1829K(1856K)
[698.097s][info][gc             ] GC(1600) Pause Young (Normal) (G1 Evacuation Pause) 916M->614M(978M) 22.110ms
[698.097s][info][gc,cpu         ] GC(1600) User=0.04s Sys=0.00s Real=0.02s
[699.206s][info][gc,marking     ] GC(1599) Concurrent Mark From Roots 1928.461ms
[699.206s][info][gc,marking     ] GC(1599) Concurrent Preclean
[699.206s][info][gc,marking     ] GC(1599) Concurrent Preclean 0.061ms
[699.206s][info][gc,start       ] GC(1599) Pause Remark
[699.215s][info][gc             ] GC(1599) Pause Remark 853M->852M(978M) 8.718ms
[699.215s][info][gc,cpu         ] GC(1599) User=0.02s Sys=0.00s Real=0.01s
[699.215s][info][gc,marking     ] GC(1599) Concurrent Mark 1937.569ms
[699.215s][info][gc,marking     ] GC(1599) Concurrent Rebuild Remembered Sets and Scrub Regions
[699.780s][info][gc,marking     ] GC(1599) Concurrent Rebuild Remembered Sets and Scrub Regions 565.144ms
[699.781s][info][gc,start       ] GC(1599) Pause Cleanup
[699.781s][info][gc             ] GC(1599) Pause Cleanup 902M->902M(978M) 0.117ms
[699.781s][info][gc,cpu         ] GC(1599) User=0.00s Sys=0.00s Real=0.00s
[699.786s][info][gc,marking     ] GC(1599) Concurrent Clear Claimed Marks
[699.786s][info][gc,marking     ] GC(1599) Concurrent Clear Claimed Marks 0.067ms
[699.786s][info][gc,marking     ] GC(1599) Concurrent Cleanup for Next Mark
[699.791s][info][gc,marking     ] GC(1599) Concurrent Cleanup for Next Mark 5.100ms
[699.791s][info][gc             ] GC(1599) Concurrent Mark Cycle 2531.516ms
[699.825s][info][gc,start       ] GC(1601) Pause Young (Prepare Mixed) (G1 Evacuation Pause)
[699.825s][info][gc,task        ] GC(1601) Using 2 workers of 2 for evacuation
[699.849s][info][gc,phases      ] GC(1601)   Pre Evacuate Collection Set: 0.34ms
[699.849s][info][gc,phases      ] GC(1601)   Merge Heap Roots: 0.39ms
[699.849s][info][gc,phases      ] GC(1601)   Evacuate Collection Set: 22.45ms
[699.849s][info][gc,phases      ] GC(1601)   Post Evacuate Collection Set: 0.58ms
[699.849s][info][gc,phases      ] GC(1601)   Other: 0.09ms
[699.849s][info][gc,heap        ] GC(1601) Eden regions: 297->0(298)
[699.849s][info][gc,heap        ] GC(1601) Survivor regions: 15->15(39)
[699.849s][info][gc,heap        ] GC(1601) Old regions: 593->593
[699.849s][info][gc,heap        ] GC(1601) Humongous regions: 7->7
[699.849s][info][gc,metaspace   ] GC(1601) Metaspace: 19142K(19328K)->19142K(19328K) NonClass: 17313K(17472K)->17313K(17472K) Class: 1829K(1856K)->1829K(1856K)
[699.849s][info][gc             ] GC(1601) Pause Young (Prepare Mixed) (G1 Evacuation Pause) 910M->613M(978M) 24.120ms
[699.849s][info][gc,cpu         ] GC(1601) User=0.04s Sys=0.00s Real=0.02s
[700.535s][info][gc,start       ] GC(1602) Pause Young (Mixed) (G1 Evacuation Pause)
[700.535s][info][gc,task        ] GC(1602) Using 2 workers of 2 for evacuation
[700.594s][info][gc,phases      ] GC(1602)   Pre Evacuate Collection Set: 0.35ms
[700.594s][info][gc,phases      ] GC(1602)   Merge Heap Roots: 0.55ms
[700.594s][info][gc,phases      ] GC(1602)   Evacuate Collection Set: 57.35ms
[700.594s][info][gc,phases      ] GC(1602)   Post Evacuate Collection Set: 0.67ms
[700.594s][info][gc,phases      ] GC(1602)   Other: 0.09ms
[700.594s][info][gc,heap        ] GC(1602) Eden regions: 298->0(259)
[700.594s][info][gc,heap        ] GC(1602) Survivor regions: 15->37(40)
[700.594s][info][gc,heap        ] GC(1602) Old regions: 593->588
[700.594s][info][gc,heap        ] GC(1602) Humongous regions: 7->7
[700.594s][info][gc,metaspace   ] GC(1602) Metaspace: 19142K(19328K)->19142K(19328K) NonClass: 17313K(17472K)->17313K(17472K) Class: 1829K(1856K)->1829K(1856K)
[700.594s][info][gc             ] GC(1602) Pause Young (Mixed) (G1 Evacuation Pause) 911M->630M(978M) 59.241ms
[700.594s][info][gc,cpu         ] GC(1602) User=0.11s Sys=0.00s Real=0.06s
[701.697s][info][gc,start       ] GC(1603) Pause Young (Concurrent Start) (G1 Evacuation Pause)
[701.697s][info][gc,task        ] GC(1603) Using 2 workers of 2 for evacuation
[701.746s][info][gc,phases      ] GC(1603)   Pre Evacuate Collection Set: 0.39ms
[701.746s][info][gc,phases      ] GC(1603)   Merge Heap Roots: 0.35ms
[701.746s][info][gc,phases      ] GC(1603)   Evacuate Collection Set: 47.41ms
[701.746s][info][gc,phases      ] GC(1603)   Post Evacuate Collection Set: 0.62ms
[701.746s][info][gc,phases      ] GC(1603)   Other: 0.13ms
[701.746s][info][gc,heap        ] GC(1603) Eden regions: 259->0(295)
[701.746s][info][gc,heap        ] GC(1603) Survivor regions: 37->1(37)
[701.746s][info][gc,heap        ] GC(1603) Old regions: 588->624
[701.746s][info][gc,heap        ] GC(1603) Humongous regions: 7->7
[701.746s][info][gc,metaspace   ] GC(1603) Metaspace: 19142K(19328K)->19142K(19328K) NonClass: 17313K(17472K)->17313K(17472K) Class: 1829K(1856K)->1829K(1856K)
[701.746s][info][gc             ] GC(1603) Pause Young (Concurrent Start) (G1 Evacuation Pause) 889M->631M(978M) 49.181ms
[701.746s][info][gc             ] GC(1604) Concurrent Mark Cycle
[701.746s][info][gc,marking     ] GC(1604) Concurrent Scan Root Regions
[701.747s][info][gc,cpu         ] GC(1603) User=0.10s Sys=0.00s Real=0.05s
[701.789s][info][gc,marking     ] GC(1604) Concurrent Scan Root Regions 43.231ms
[701.789s][info][gc,marking     ] GC(1604) Concurrent Mark
[701.789s][info][gc,marking     ] GC(1604) Concurrent Mark From Roots
[701.789s][info][gc,task        ] GC(1604) Using 1 workers of 1 for marking
[702.873s][info][gc,marking     ] GC(1604) Concurrent Mark From Roots 1083.462ms
[702.873s][info][gc,marking     ] GC(1604) Concurrent Preclean
[702.873s][info][gc,marking     ] GC(1604) Concurrent Preclean 0.047ms
[702.873s][info][gc,start       ] GC(1604) Pause Remark
[702.882s][info][gc             ] GC(1604) Pause Remark 828M->745M(978M) 9.431ms
[702.883s][info][gc,cpu         ] GC(1604) User=0.02s Sys=0.00s Real=0.00s
[702.883s][info][gc,marking     ] GC(1604) Concurrent Mark 1093.281ms
[702.883s][info][gc,marking     ] GC(1604) Concurrent Rebuild Remembered Sets and Scrub Regions
[703.291s][info][gc,start       ] GC(1605) Pause Young (Normal) (G1 Evacuation Pause)
[703.291s][info][gc,task        ] GC(1605) Using 2 workers of 2 for evacuation
[703.297s][info][gc,phases      ] GC(1605)   Pre Evacuate Collection Set: 0.49ms
[703.297s][info][gc,phases      ] GC(1605)   Merge Heap Roots: 0.14ms
[703.297s][info][gc,phases      ] GC(1605)   Evacuate Collection Set: 4.31ms
[703.297s][info][gc,phases      ] GC(1605)   Post Evacuate Collection Set: 0.53ms
[703.297s][info][gc,phases      ] GC(1605)   Other: 0.08ms
[703.297s][info][gc,heap        ] GC(1605) Eden regions: 295->0(374)
[703.297s][info][gc,heap        ] GC(1605) Survivor regions: 1->3(37)
[703.297s][info][gc,heap        ] GC(1605) Old regions: 543->543
[703.297s][info][gc,heap        ] GC(1605) Humongous regions: 5->5
[703.297s][info][gc,metaspace   ] GC(1605) Metaspace: 19155K(19328K)->19155K(19328K) NonClass: 17325K(17472K)->17325K(17472K) Class: 1829K(1856K)->1829K(1856K)
[703.297s][info][gc             ] GC(1605) Pause Young (Normal) (G1 Evacuation Pause) 843M->550M(978M) 5.775ms
[703.297s][info][gc,cpu         ] GC(1605) User=0.01s Sys=0.00s Real=0.01s
[703.359s][info][gc,marking     ] GC(1604) Concurrent Rebuild Remembered Sets and Scrub Regions 476.040ms
[703.359s][info][gc,start       ] GC(1604) Pause Cleanup
[703.359s][info][gc             ] GC(1604) Pause Cleanup 567M->567M(978M) 0.118ms
[703.359s][info][gc,cpu         ] GC(1604) User=0.00s Sys=0.00s Real=0.00s
[703.359s][info][gc,marking     ] GC(1604) Concurrent Clear Claimed Marks
[703.359s][info][gc,marking     ] GC(1604) Concurrent Clear Claimed Marks 0.034ms
[703.359s][info][gc,marking     ] GC(1604) Concurrent Cleanup for Next Mark
[703.362s][info][gc,marking     ] GC(1604) Concurrent Cleanup for Next Mark 2.962ms
[703.362s][info][gc             ] GC(1604) Concurrent Mark Cycle 1616.061ms
[703.973s][info][gc,start       ] GC(1606) Pause Young (Prepare Mixed) (G1 Evacuation Pause)
[703.973s][info][gc,task        ] GC(1606) Using 2 workers of 2 for evacuation
[704.068s][info][gc,phases      ] GC(1606)   Pre Evacuate Collection Set: 0.54ms
[704.068s][info][gc,phases      ] GC(1606)   Merge Heap Roots: 0.17ms
[704.068s][info][gc,phases      ] GC(1606)   Evacuate Collection Set: 84.36ms
[704.068s][info][gc,phases      ] GC(1606)   Post Evacuate Collection Set: 9.74ms
[704.068s][info][gc,phases      ] GC(1606)   Other: 0.09ms
[704.068s][info][gc,heap        ] GC(1606) Eden regions: 374->0(185)
[704.068s][info][gc,heap        ] GC(1606) Survivor regions: 3->48(48)
[704.068s][info][gc,heap        ] GC(1606) Old regions: 543->642
[704.068s][info][gc,heap        ] GC(1606) Humongous regions: 5->5
[704.068s][info][gc,metaspace   ] GC(1606) Metaspace: 19156K(19328K)->19156K(19328K) NonClass: 17327K(17472K)->17327K(17472K) Class: 1829K(1856K)->1829K(1856K)
[704.068s][info][gc             ] GC(1606) Pause Young (Prepare Mixed) (G1 Evacuation Pause) (Evacuation Failure: Allocation) 924M->694M(978M) 95.121ms
[704.068s][info][gc,cpu         ] GC(1606) User=0.19s Sys=0.00s Real=0.09s
[704.274s][info][gc,start       ] GC(1607) Pause Young (Mixed) (G1 Evacuation Pause)
[704.274s][info][gc,task        ] GC(1607) Using 2 workers of 2 for evacuation
[704.424s][info][gc,phases      ] GC(1607)   Pre Evacuate Collection Set: 0.39ms
[704.424s][info][gc,phases      ] GC(1607)   Merge Heap Roots: 0.38ms
[704.424s][info][gc,phases      ] GC(1607)   Evacuate Collection Set: 134.60ms
[704.424s][info][gc,phases      ] GC(1607)   Post Evacuate Collection Set: 14.08ms
[704.424s][info][gc,phases      ] GC(1607)   Other: 0.11ms
[704.424s][info][gc,heap        ] GC(1607) Eden regions: 185->0(108)
[704.424s][info][gc,heap        ] GC(1607) Survivor regions: 48->30(30)
[704.424s][info][gc,heap        ] GC(1607) Old regions: 642->755
[704.424s][info][gc,heap        ] GC(1607) Humongous regions: 5->5
[704.424s][info][gc,metaspace   ] GC(1607) Metaspace: 19159K(19328K)->19159K(19328K) NonClass: 17329K(17472K)->17329K(17472K) Class: 1829K(1856K)->1829K(1856K)
[704.424s][info][gc             ] GC(1607) Pause Young (Mixed) (G1 Evacuation Pause) (Evacuation Failure: Allocation) 879M->789M(978M) 149.836ms
[704.424s][info][gc,cpu         ] GC(1607) User=0.29s Sys=0.00s Real=0.15s
[704.669s][info][gc,start       ] GC(1608) Pause Young (Concurrent Start) (G1 Evacuation Pause)
[704.669s][info][gc,task        ] GC(1608) Using 2 workers of 2 for evacuation
[704.805s][info][gc,phases      ] GC(1608)   Pre Evacuate Collection Set: 0.48ms
[704.805s][info][gc,phases      ] GC(1608)   Merge Heap Roots: 0.47ms
[704.805s][info][gc,phases      ] GC(1608)   Evacuate Collection Set: 124.21ms
[704.805s][info][gc,phases      ] GC(1608)   Post Evacuate Collection Set: 10.58ms
[704.805s][info][gc,phases      ] GC(1608)   Other: 0.23ms
[704.805s][info][gc,heap        ] GC(1608) Eden regions: 108->0(127)
[704.805s][info][gc,heap        ] GC(1608) Survivor regions: 30->18(18)
[704.805s][info][gc,heap        ] GC(1608) Old regions: 755->754
[704.805s][info][gc,heap        ] GC(1608) Humongous regions: 5->5
[704.805s][info][gc,metaspace   ] GC(1608) Metaspace: 19159K(19328K)->19159K(19328K) NonClass: 17329K(17472K)->17329K(17472K) Class: 1829K(1856K)->1829K(1856K)
[704.805s][info][gc             ] GC(1608) Pause Young (Concurrent Start) (G1 Evacuation Pause) (Evacuation Failure: Allocation) 897M->776M(978M) 136.224ms
[704.805s][info][gc,cpu         ] GC(1608) User=0.26s Sys=0.00s Real=0.14s
[704.805s][info][gc             ] GC(1609) Concurrent Mark Cycle
[704.805s][info][gc,marking     ] GC(1609) Concurrent Scan Root Regions
[704.947s][info][gc,marking     ] GC(1609) Concurrent Scan Root Regions 141.866ms
[704.947s][info][gc,marking     ] GC(1609) Concurrent Mark
[704.947s][info][gc,marking     ] GC(1609) Concurrent Mark From Roots
[704.947s][info][gc,task        ] GC(1609) Using 1 workers of 1 for marking
[705.098s][info][gc,start       ] GC(1610) Pause Young (Normal) (G1 Evacuation Pause)
[705.098s][info][gc,task        ] GC(1610) Using 2 workers of 2 for evacuation
[705.233s][info][gc,phases      ] GC(1610)   Pre Evacuate Collection Set: 0.56ms
[705.233s][info][gc,phases      ] GC(1610)   Merge Heap Roots: 0.71ms
[705.233s][info][gc,phases      ] GC(1610)   Evacuate Collection Set: 128.03ms
[705.233s][info][gc,phases      ] GC(1610)   Post Evacuate Collection Set: 5.37ms
[705.233s][info][gc,phases      ] GC(1610)   Other: 0.09ms
[705.233s][info][gc,heap        ] GC(1610) Eden regions: 127->0(126)
[705.233s][info][gc,heap        ] GC(1610) Survivor regions: 18->19(19)
[705.233s][info][gc,heap        ] GC(1610) Old regions: 754->744
[705.233s][info][gc,heap        ] GC(1610) Humongous regions: 9->9
[705.233s][info][gc,metaspace   ] GC(1610) Metaspace: 19160K(19328K)->19160K(19328K) NonClass: 17330K(17472K)->17330K(17472K) Class: 1829K(1856K)->1829K(1856K)
[705.233s][info][gc             ] GC(1610) Pause Young (Normal) (G1 Evacuation Pause) (Evacuation Failure: Allocation) 907M->771M(978M) 135.053ms
[705.233s][info][gc,cpu         ] GC(1610) User=0.27s Sys=0.00s Real=0.14s
[705.398s][info][gc,marking     ] GC(1609) Concurrent Mark From Roots 450.977ms
[705.398s][info][gc,marking     ] GC(1609) Concurrent Preclean
[705.398s][info][gc,marking     ] GC(1609) Concurrent Preclean 0.057ms
[705.398s][info][gc,start       ] GC(1609) Pause Remark
[705.408s][info][gc             ] GC(1609) Pause Remark 871M->381M(940M) 9.526ms
[705.408s][info][gc,cpu         ] GC(1609) User=0.02s Sys=0.00s Real=0.01s
[705.408s][info][gc,marking     ] GC(1609) Concurrent Mark 461.519ms
[705.408s][info][gc,marking     ] GC(1609) Concurrent Rebuild Remembered Sets and Scrub Regions
[705.435s][info][gc,start       ] GC(1611) Pause Young (Normal) (G1 Evacuation Pause)
[705.435s][info][gc,task        ] GC(1611) Using 2 workers of 2 for evacuation
[705.502s][info][gc,phases      ] GC(1611)   Pre Evacuate Collection Set: 0.33ms
[705.502s][info][gc,phases      ] GC(1611)   Merge Heap Roots: 0.77ms
[705.502s][info][gc,phases      ] GC(1611)   Evacuate Collection Set: 65.57ms
[705.502s][info][gc,phases      ] GC(1611)   Post Evacuate Collection Set: 0.49ms
[705.502s][info][gc,phases      ] GC(1611)   Other: 0.11ms
[705.502s][info][gc,heap        ] GC(1611) Eden regions: 126->0(547)
[705.502s][info][gc,heap        ] GC(1611) Survivor regions: 19->13(19)
[705.502s][info][gc,heap        ] GC(1611) Old regions: 259->244
[705.502s][info][gc,heap        ] GC(1611) Humongous regions: 4->4
[705.502s][info][gc,metaspace   ] GC(1611) Metaspace: 19160K(19328K)->19160K(19328K) NonClass: 17330K(17472K)->17330K(17472K) Class: 1829K(1856K)->1829K(1856K)
[705.502s][info][gc             ] GC(1611) Pause Young (Normal) (G1 Evacuation Pause) 407M->259M(940M) 67.549ms
[705.502s][info][gc,cpu         ] GC(1611) User=0.13s Sys=0.00s Real=0.06s
[705.672s][info][gc,marking     ] GC(1609) Concurrent Rebuild Remembered Sets and Scrub Regions 263.391ms
[705.672s][info][gc,start       ] GC(1609) Pause Cleanup
[705.672s][info][gc             ] GC(1609) Pause Cleanup 385M->385M(940M) 0.108ms
[705.672s][info][gc,cpu         ] GC(1609) User=0.00s Sys=0.00s Real=0.00s
[705.673s][info][gc,marking     ] GC(1609) Concurrent Clear Claimed Marks
[705.673s][info][gc,marking     ] GC(1609) Concurrent Clear Claimed Marks 0.049ms
[705.673s][info][gc,marking     ] GC(1609) Concurrent Cleanup for Next Mark
[705.679s][info][gc,marking     ] GC(1609) Concurrent Cleanup for Next Mark 5.908ms
[705.679s][info][gc             ] GC(1609) Concurrent Mark Cycle 873.826ms
[706.117s][info][gc,start       ] GC(1612) Pause Young (Prepare Mixed) (G1 Evacuation Pause)
[706.117s][info][gc,task        ] GC(1612) Using 2 workers of 2 for evacuation
[706.157s][info][gc,phases      ] GC(1612)   Pre Evacuate Collection Set: 0.33ms
[706.157s][info][gc,phases      ] GC(1612)   Merge Heap Roots: 0.27ms
[706.157s][info][gc,phases      ] GC(1612)   Evacuate Collection Set: 38.30ms
[706.157s][info][gc,phases      ] GC(1612)   Post Evacuate Collection Set: 0.81ms
[706.157s][info][gc,phases      ] GC(1612)   Other: 0.12ms
[706.157s][info][gc,heap        ] GC(1612) Eden regions: 547->0(535)
[706.157s][info][gc,heap        ] GC(1612) Survivor regions: 13->29(70)
[706.157s][info][gc,heap        ] GC(1612) Old regions: 244->244
[706.157s][info][gc,heap        ] GC(1612) Humongous regions: 4->4
[706.157s][info][gc,metaspace   ] GC(1612) Metaspace: 19160K(19328K)->19160K(19328K) NonClass: 17330K(17472K)->17330K(17472K) Class: 1829K(1856K)->1829K(1856K)
[706.157s][info][gc             ] GC(1612) Pause Young (Prepare Mixed) (G1 Evacuation Pause) 806M->275M(940M) 40.113ms
[706.157s][info][gc,cpu         ] GC(1612) User=0.07s Sys=0.00s Real=0.04s
[706.619s][info][gc,start       ] GC(1613) Pause Young (Mixed) (G1 Evacuation Pause)
[706.619s][info][gc,task        ] GC(1613) Using 2 workers of 2 for evacuation
[706.750s][info][gc,phases      ] GC(1613)   Pre Evacuate Collection Set: 0.35ms
[706.750s][info][gc,phases      ] GC(1613)   Merge Heap Roots: 0.30ms
[706.750s][info][gc,phases      ] GC(1613)   Evacuate Collection Set: 129.66ms
[706.750s][info][gc,phases      ] GC(1613)   Post Evacuate Collection Set: 0.79ms
[706.750s][info][gc,phases      ] GC(1613)   Other: 0.14ms
[706.750s][info][gc,heap        ] GC(1613) Eden regions: 535->0(449)
[706.751s][info][gc,heap        ] GC(1613) Survivor regions: 29->71(71)
[706.751s][info][gc,heap        ] GC(1613) Old regions: 244->275
[706.751s][info][gc,heap        ] GC(1613) Humongous regions: 5->5
[706.751s][info][gc,metaspace   ] GC(1613) Metaspace: 19160K(19328K)->19160K(19328K) NonClass: 17330K(17472K)->17330K(17472K) Class: 1829K(1856K)->1829K(1856K)
[706.751s][info][gc             ] GC(1613) Pause Young (Mixed) (G1 Evacuation Pause) 811M->350M(940M) 131.519ms
[706.751s][info][gc,cpu         ] GC(1613) User=0.26s Sys=0.00s Real=0.13s
[707.656s][info][gc,start       ] GC(1614) Pause Young (Concurrent Start) (G1 Evacuation Pause)
[707.656s][info][gc,task        ] GC(1614) Using 2 workers of 2 for evacuation
[707.782s][info][gc,phases      ] GC(1614)   Pre Evacuate Collection Set: 0.33ms
[707.782s][info][gc,phases      ] GC(1614)   Merge Heap Roots: 0.30ms
[707.782s][info][gc,phases      ] GC(1614)   Evacuate Collection Set: 124.05ms
[707.782s][info][gc,phases      ] GC(1614)   Post Evacuate Collection Set: 0.77ms
[707.782s][info][gc,phases      ] GC(1614)   Other: 0.17ms
[707.782s][info][gc,heap        ] GC(1614) Eden regions: 449->0(417)
[707.782s][info][gc,heap        ] GC(1614) Survivor regions: 71->34(65)
[707.782s][info][gc,heap        ] GC(1614) Old regions: 275->347
[707.782s][info][gc,heap        ] GC(1614) Humongous regions: 5->5
[707.782s][info][gc,metaspace   ] GC(1614) Metaspace: 19160K(19328K)->19160K(19328K) NonClass: 17330K(17472K)->17330K(17472K) Class: 1829K(1856K)->1829K(1856K)
[707.782s][info][gc             ] GC(1614) Pause Young (Concurrent Start) (G1 Evacuation Pause) 799M->385M(940M) 125.928ms
[707.782s][info][gc             ] GC(1615) Concurrent Mark Cycle
[707.782s][info][gc,marking     ] GC(1615) Concurrent Scan Root Regions
[707.782s][info][gc,cpu         ] GC(1614) User=0.25s Sys=0.00s Real=0.12s
[707.887s][info][gc,marking     ] GC(1615) Concurrent Scan Root Regions 104.707ms
[707.887s][info][gc,marking     ] GC(1615) Concurrent Mark
[707.887s][info][gc,marking     ] GC(1615) Concurrent Mark From Roots
[707.887s][info][gc,task        ] GC(1615) Using 1 workers of 1 for marking
[708.642s][info][gc,start       ] GC(1616) Pause Young (Normal) (G1 Evacuation Pause)
[708.642s][info][gc,task        ] GC(1616) Using 2 workers of 2 for evacuation
[708.749s][info][gc,phases      ] GC(1616)   Pre Evacuate Collection Set: 0.31ms
[708.750s][info][gc,phases      ] GC(1616)   Merge Heap Roots: 0.31ms
[708.750s][info][gc,phases      ] GC(1616)   Evacuate Collection Set: 106.33ms
[708.750s][info][gc,phases      ] GC(1616)   Post Evacuate Collection Set: 0.69ms
[708.750s][info][gc,phases      ] GC(1616)   Other: 0.09ms
[708.750s][info][gc,heap        ] GC(1616) Eden regions: 417->0(361)
[708.750s][info][gc,heap        ] GC(1616) Survivor regions: 34->56(57)
[708.750s][info][gc,heap        ] GC(1616) Old regions: 347->381
[708.750s][info][gc,heap        ] GC(1616) Humongous regions: 6->6
[708.750s][info][gc,metaspace   ] GC(1616) Metaspace: 19160K(19328K)->19160K(19328K) NonClass: 17330K(17472K)->17330K(17472K) Class: 1829K(1856K)->1829K(1856K)
[708.750s][info][gc             ] GC(1616) Pause Young (Normal) (G1 Evacuation Pause) 803M->441M(940M) 108.014ms
[708.750s][info][gc,cpu         ] GC(1616) User=0.21s Sys=0.00s Real=0.11s
[708.830s][info][gc,marking     ] GC(1615) Concurrent Mark From Roots 942.761ms
[708.830s][info][gc,marking     ] GC(1615) Concurrent Preclean
[708.830s][info][gc,marking     ] GC(1615) Concurrent Preclean 0.058ms
[708.831s][info][gc,start       ] GC(1615) Pause Remark
[708.841s][info][gc             ] GC(1615) Pause Remark 491M->481M(940M) 9.291ms
[708.841s][info][gc,cpu         ] GC(1615) User=0.02s Sys=0.00s Real=0.01s
[708.843s][info][gc,marking     ] GC(1615) Concurrent Mark 955.792ms
[708.843s][info][gc,marking     ] GC(1615) Concurrent Rebuild Remembered Sets and Scrub Regions
[709.339s][info][gc,marking     ] GC(1615) Concurrent Rebuild Remembered Sets and Scrub Regions 495.852ms
[709.340s][info][gc,start       ] GC(1615) Pause Cleanup
[709.340s][info][gc             ] GC(1615) Pause Cleanup 637M->637M(940M) 0.135ms
[709.340s][info][gc,cpu         ] GC(1615) User=0.00s Sys=0.00s Real=0.00s
[709.340s][info][gc,marking     ] GC(1615) Concurrent Clear Claimed Marks
[709.340s][info][gc,marking     ] GC(1615) Concurrent Clear Claimed Marks 0.054ms
[709.340s][info][gc,marking     ] GC(1615) Concurrent Cleanup for Next Mark
[709.345s][info][gc,marking     ] GC(1615) Concurrent Cleanup for Next Mark 4.942ms
[709.345s][info][gc             ] GC(1615) Concurrent Mark Cycle 1562.936ms
[709.498s][info][gc,start       ] GC(1617) Pause Young (Prepare Mixed) (G1 Evacuation Pause)
[709.498s][info][gc,task        ] GC(1617) Using 2 workers of 2 for evacuation
[709.652s][info][gc,phases      ] GC(1617)   Pre Evacuate Collection Set: 0.34ms
[709.652s][info][gc,phases      ] GC(1617)   Merge Heap Roots: 0.30ms
[709.652s][info][gc,phases      ] GC(1617)   Evacuate Collection Set: 151.72ms
[709.652s][info][gc,phases      ] GC(1617)   Post Evacuate Collection Set: 0.78ms
[709.652s][info][gc,phases      ] GC(1617)   Other: 0.09ms
[709.652s][info][gc,heap        ] GC(1617) Eden regions: 361->0(263)
[709.652s][info][gc,heap        ] GC(1617) Survivor regions: 56->53(53)
[709.652s][info][gc,heap        ] GC(1617) Old regions: 372->466
[709.652s][info][gc,heap        ] GC(1617) Humongous regions: 5->5
[709.652s][info][gc,metaspace   ] GC(1617) Metaspace: 19160K(19328K)->19160K(19328K) NonClass: 17330K(17472K)->17330K(17472K) Class: 1829K(1856K)->1829K(1856K)
[709.652s][info][gc             ] GC(1617) Pause Young (Prepare Mixed) (G1 Evacuation Pause) 792M->523M(941M) 153.519ms
[709.652s][info][gc,cpu         ] GC(1617) User=0.31s Sys=0.00s Real=0.15s
[709.948s][info][gc,start       ] GC(1618) Pause Young (Mixed) (G1 Evacuation Pause)
[709.948s][info][gc,task        ] GC(1618) Using 2 workers of 2 for evacuation
[710.117s][info][gc,phases      ] GC(1618)   Pre Evacuate Collection Set: 0.43ms
[710.117s][info][gc,phases      ] GC(1618)   Merge Heap Roots: 0.84ms
[710.117s][info][gc,phases      ] GC(1618)   Evacuate Collection Set: 166.08ms
[710.117s][info][gc,phases      ] GC(1618)   Post Evacuate Collection Set: 1.21ms
[710.117s][info][gc,phases      ] GC(1618)   Other: 0.09ms
[710.117s][info][gc,heap        ] GC(1618) Eden regions: 263->0(192)
[710.117s][info][gc,heap        ] GC(1618) Survivor regions: 53->40(40)
[710.117s][info][gc,heap        ] GC(1618) Old regions: 466->554
[710.117s][info][gc,heap        ] GC(1618) Humongous regions: 5->5
[710.117s][info][gc,metaspace   ] GC(1618) Metaspace: 19161K(19328K)->19161K(19328K) NonClass: 17332K(17472K)->17332K(17472K) Class: 1829K(1856K)->1829K(1856K)
[710.117s][info][gc             ] GC(1618) Pause Young (Mixed) (G1 Evacuation Pause) 786M->598M(951M) 168.880ms
[710.117s][info][gc,cpu         ] GC(1618) User=0.33s Sys=0.00s Real=0.17s
[710.181s][info][gc,start       ] GC(1619) Pause Young (Concurrent Start) (G1 Humongous Allocation)
[710.181s][info][gc,task        ] GC(1619) Using 2 workers of 2 for evacuation
[710.249s][info][gc,phases      ] GC(1619)   Pre Evacuate Collection Set: 0.37ms
[710.249s][info][gc,phases      ] GC(1619)   Merge Heap Roots: 0.46ms
[710.249s][info][gc,phases      ] GC(1619)   Evacuate Collection Set: 66.84ms
[710.249s][info][gc,phases      ] GC(1619)   Post Evacuate Collection Set: 0.62ms
[710.249s][info][gc,phases      ] GC(1619)   Other: 0.10ms
[710.249s][info][gc,heap        ] GC(1619) Eden regions: 49->0(194)
[710.249s][info][gc,heap        ] GC(1619) Survivor regions: 40->12(29)
[710.249s][info][gc,heap        ] GC(1619) Old regions: 554->593
[710.249s][info][gc,heap        ] GC(1619) Humongous regions: 5->5
[710.249s][info][gc,metaspace   ] GC(1619) Metaspace: 19162K(19328K)->19162K(19328K) NonClass: 17333K(17472K)->17333K(17472K) Class: 1829K(1856K)->1829K(1856K)
[710.249s][info][gc             ] GC(1619) Pause Young (Concurrent Start) (G1 Humongous Allocation) 647M->609M(951M) 68.618ms
[710.249s][info][gc,cpu         ] GC(1619) User=0.13s Sys=0.00s Real=0.07s
[710.249s][info][gc             ] GC(1620) Concurrent Mark Cycle
[710.249s][info][gc,marking     ] GC(1620) Concurrent Scan Root Regions
[710.338s][info][gc,marking     ] GC(1620) Concurrent Scan Root Regions 89.068ms
[710.339s][info][gc,marking     ] GC(1620) Concurrent Mark
[710.339s][info][gc,marking     ] GC(1620) Concurrent Mark From Roots
[710.339s][info][gc,task        ] GC(1620) Using 1 workers of 1 for marking
[710.533s][info][gc,start       ] GC(1621) Pause Young (Normal) (G1 Evacuation Pause)
[710.533s][info][gc,task        ] GC(1621) Using 2 workers of 2 for evacuation
[710.578s][info][gc,phases      ] GC(1621)   Pre Evacuate Collection Set: 0.32ms
[710.578s][info][gc,phases      ] GC(1621)   Merge Heap Roots: 0.40ms
[710.579s][info][gc,phases      ] GC(1621)   Evacuate Collection Set: 44.22ms
[710.579s][info][gc,phases      ] GC(1621)   Post Evacuate Collection Set: 0.66ms
[710.579s][info][gc,phases      ] GC(1621)   Other: 0.10ms
[710.579s][info][gc,heap        ] GC(1621) Eden regions: 194->0(197)
[710.579s][info][gc,heap        ] GC(1621) Survivor regions: 12->26(26)
[710.579s][info][gc,heap        ] GC(1621) Old regions: 593->595
[710.579s][info][gc,heap        ] GC(1621) Humongous regions: 6->6
[710.579s][info][gc,metaspace   ] GC(1621) Metaspace: 19162K(19328K)->19162K(19328K) NonClass: 17333K(17472K)->17333K(17472K) Class: 1829K(1856K)->1829K(1856K)
[710.579s][info][gc             ] GC(1621) Pause Young (Normal) (G1 Evacuation Pause) 804M->626M(951M) 45.985ms
[710.579s][info][gc,cpu         ] GC(1621) User=0.09s Sys=0.00s Real=0.04s
[710.794s][info][gc,start       ] GC(1622) Pause Young (Normal) (G1 Evacuation Pause)
[710.794s][info][gc,task        ] GC(1622) Using 2 workers of 2 for evacuation
[710.883s][info][gc,phases      ] GC(1622)   Pre Evacuate Collection Set: 0.31ms
[710.883s][info][gc,phases      ] GC(1622)   Merge Heap Roots: 0.42ms
[710.883s][info][gc,phases      ] GC(1622)   Evacuate Collection Set: 87.92ms
[710.883s][info][gc,phases      ] GC(1622)   Post Evacuate Collection Set: 0.61ms
[710.883s][info][gc,phases      ] GC(1622)   Other: 0.11ms
[710.883s][info][gc,heap        ] GC(1622) Eden regions: 197->0(170)
[710.883s][info][gc,heap        ] GC(1622) Survivor regions: 26->28(28)
[710.883s][info][gc,heap        ] GC(1622) Old regions: 595->638
[710.883s][info][gc,heap        ] GC(1622) Humongous regions: 6->6
[710.883s][info][gc,metaspace   ] GC(1622) Metaspace: 19162K(19328K)->19162K(19328K) NonClass: 17333K(17472K)->17333K(17472K) Class: 1829K(1856K)->1829K(1856K)
[710.883s][info][gc             ] GC(1622) Pause Young (Normal) (G1 Evacuation Pause) 823M->671M(951M) 89.629ms
[710.883s][info][gc,cpu         ] GC(1622) User=0.18s Sys=0.00s Real=0.09s
[711.236s][info][gc,start       ] GC(1623) Pause Young (Normal) (G1 Evacuation Pause)
[711.236s][info][gc,task        ] GC(1623) Using 2 workers of 2 for evacuation
[711.288s][info][gc,phases      ] GC(1623)   Pre Evacuate Collection Set: 0.33ms
[711.288s][info][gc,phases      ] GC(1623)   Merge Heap Roots: 0.31ms
[711.288s][info][gc,phases      ] GC(1623)   Evacuate Collection Set: 50.42ms
[711.288s][info][gc,phases      ] GC(1623)   Post Evacuate Collection Set: 0.71ms
[711.288s][info][gc,phases      ] GC(1623)   Other: 0.09ms
[711.288s][info][gc,heap        ] GC(1623) Eden regions: 170->0(171)
[711.288s][info][gc,heap        ] GC(1623) Survivor regions: 28->20(25)
[711.288s][info][gc,heap        ] GC(1623) Old regions: 638->667
[711.288s][info][gc,heap        ] GC(1623) Humongous regions: 6->6
[711.288s][info][gc,metaspace   ] GC(1623) Metaspace: 19162K(19328K)->19162K(19328K) NonClass: 17333K(17472K)->17333K(17472K) Class: 1829K(1856K)->1829K(1856K)
[711.288s][info][gc             ] GC(1623) Pause Young (Normal) (G1 Evacuation Pause) 841M->692M(962M) 52.117ms
[711.288s][info][gc,cpu         ] GC(1623) User=0.10s Sys=0.00s Real=0.05s
[711.736s][info][gc,marking     ] GC(1620) Concurrent Mark From Roots 1397.375ms
[711.736s][info][gc,marking     ] GC(1620) Concurrent Preclean
[711.736s][info][gc,marking     ] GC(1620) Concurrent Preclean 0.051ms
[711.736s][info][gc,start       ] GC(1620) Pause Remark
[711.746s][info][gc             ] GC(1620) Pause Remark 864M->781M(978M) 9.448ms
[711.746s][info][gc,cpu         ] GC(1620) User=0.02s Sys=0.00s Real=0.01s
[711.748s][info][gc,marking     ] GC(1620) Concurrent Mark 1409.145ms
[711.748s][info][gc,marking     ] GC(1620) Concurrent Rebuild Remembered Sets and Scrub Regions
[711.755s][info][gc,start       ] GC(1624) Pause Young (Normal) (G1 Evacuation Pause)
[711.755s][info][gc,task        ] GC(1624) Using 2 workers of 2 for evacuation
[711.820s][info][gc,phases      ] GC(1624)   Pre Evacuate Collection Set: 0.54ms
[711.820s][info][gc,phases      ] GC(1624)   Merge Heap Roots: 0.31ms
[711.820s][info][gc,phases      ] GC(1624)   Evacuate Collection Set: 62.77ms
[711.820s][info][gc,phases      ] GC(1624)   Post Evacuate Collection Set: 0.69ms
[711.820s][info][gc,phases      ] GC(1624)   Other: 0.09ms
[711.820s][info][gc,heap        ] GC(1624) Eden regions: 171->0(222)
[711.820s][info][gc,heap        ] GC(1624) Survivor regions: 20->19(24)
[711.820s][info][gc,heap        ] GC(1624) Old regions: 586->606
[711.820s][info][gc,heap        ] GC(1624) Humongous regions: 7->7
[711.820s][info][gc,metaspace   ] GC(1624) Metaspace: 19164K(19328K)->19164K(19328K) NonClass: 17335K(17472K)->17335K(17472K) Class: 1829K(1856K)->1829K(1856K)
[711.820s][info][gc             ] GC(1624) Pause Young (Normal) (G1 Evacuation Pause) 783M->630M(978M) 64.646ms
[711.820s][info][gc,cpu         ] GC(1624) User=0.11s Sys=0.01s Real=0.06s
[712.170s][info][gc,start       ] GC(1625) Pause Young (Normal) (G1 Evacuation Pause)
[712.171s][info][gc,task        ] GC(1625) Using 2 workers of 2 for evacuation
[712.301s][info][gc,phases      ] GC(1625)   Pre Evacuate Collection Set: 0.33ms
[712.301s][info][gc,phases      ] GC(1625)   Merge Heap Roots: 0.34ms
[712.301s][info][gc,phases      ] GC(1625)   Evacuate Collection Set: 129.26ms
[712.301s][info][gc,phases      ] GC(1625)   Post Evacuate Collection Set: 0.57ms
[712.301s][info][gc,phases      ] GC(1625)   Other: 0.11ms
[712.301s][info][gc,heap        ] GC(1625) Eden regions: 222->0(143)
[712.301s][info][gc,heap        ] GC(1625) Survivor regions: 19->31(31)
[712.301s][info][gc,heap        ] GC(1625) Old regions: 606->677
[712.301s][info][gc,heap        ] GC(1625) Humongous regions: 7->7
[712.301s][info][gc,metaspace   ] GC(1625) Metaspace: 19164K(19328K)->19164K(19328K) NonClass: 17335K(17472K)->17335K(17472K) Class: 1829K(1856K)->1829K(1856K)
[712.301s][info][gc             ] GC(1625) Pause Young (Normal) (G1 Evacuation Pause) 852M->714M(978M) 130.880ms
[712.301s][info][gc,cpu         ] GC(1625) User=0.26s Sys=0.00s Real=0.13s
[712.404s][info][gc,start       ] GC(1626) Pause Young (Normal) (G1 Evacuation Pause)
[712.404s][info][gc,task        ] GC(1626) Using 2 workers of 2 for evacuation
[712.491s][info][gc,phases      ] GC(1626)   Pre Evacuate Collection Set: 0.55ms
[712.491s][info][gc,phases      ] GC(1626)   Merge Heap Roots: 0.24ms
[712.491s][info][gc,phases      ] GC(1626)   Evacuate Collection Set: 84.87ms
[712.491s][info][gc,phases      ] GC(1626)   Post Evacuate Collection Set: 0.69ms
[712.491s][info][gc,phases      ] GC(1626)   Other: 0.11ms
[712.491s][info][gc,heap        ] GC(1626) Eden regions: 143->0(112)
[712.491s][info][gc,heap        ] GC(1626) Survivor regions: 31->22(22)
[712.491s][info][gc,heap        ] GC(1626) Old regions: 677->737
[712.491s][info][gc,heap        ] GC(1626) Humongous regions: 7->7
[712.491s][info][gc,metaspace   ] GC(1626) Metaspace: 19164K(19328K)->19164K(19328K) NonClass: 17335K(17472K)->17335K(17472K) Class: 1829K(1856K)->1829K(1856K)
[712.491s][info][gc             ] GC(1626) Pause Young (Normal) (G1 Evacuation Pause) 857M->765M(978M) 86.724ms
[712.491s][info][gc,cpu         ] GC(1626) User=0.17s Sys=0.00s Real=0.08s
[712.570s][info][gc,marking     ] GC(1620) Concurrent Rebuild Remembered Sets and Scrub Regions 822.490ms
[712.570s][info][gc,start       ] GC(1620) Pause Cleanup
[712.571s][info][gc             ] GC(1620) Pause Cleanup 848M->848M(978M) 0.173ms
[712.571s][info][gc,cpu         ] GC(1620) User=0.00s Sys=0.00s Real=0.00s
[712.571s][info][gc,marking     ] GC(1620) Concurrent Clear Claimed Marks
[712.571s][info][gc,marking     ] GC(1620) Concurrent Clear Claimed Marks 0.034ms
[712.571s][info][gc,marking     ] GC(1620) Concurrent Cleanup for Next Mark
[712.574s][info][gc,marking     ] GC(1620) Concurrent Cleanup for Next Mark 3.348ms
[712.574s][info][gc             ] GC(1620) Concurrent Mark Cycle 2324.746ms
[712.599s][info][gc,start       ] GC(1627) Pause Young (Prepare Mixed) (G1 Evacuation Pause)
[712.599s][info][gc,task        ] GC(1627) Using 2 workers of 2 for evacuation
[712.657s][info][gc,phases      ] GC(1627)   Pre Evacuate Collection Set: 0.38ms
[712.658s][info][gc,phases      ] GC(1627)   Merge Heap Roots: 0.62ms
[712.658s][info][gc,phases      ] GC(1627)   Evacuate Collection Set: 56.57ms
[712.658s][info][gc,phases      ] GC(1627)   Post Evacuate Collection Set: 0.63ms
[712.658s][info][gc,phases      ] GC(1627)   Other: 0.12ms
[712.658s][info][gc,heap        ] GC(1627) Eden regions: 112->0(106)
[712.658s][info][gc,heap        ] GC(1627) Survivor regions: 22->17(17)
[712.658s][info][gc,heap        ] GC(1627) Old regions: 737->764
[712.658s][info][gc,heap        ] GC(1627) Humongous regions: 7->7
[712.658s][info][gc,metaspace   ] GC(1627) Metaspace: 19164K(19328K)->19164K(19328K) NonClass: 17335K(17472K)->17335K(17472K) Class: 1829K(1856K)->1829K(1856K)
[712.658s][info][gc             ] GC(1627) Pause Young (Prepare Mixed) (G1 Evacuation Pause) 877M->787M(978M) 58.650ms
[712.658s][info][gc,cpu         ] GC(1627) User=0.11s Sys=0.00s Real=0.06s
[712.757s][info][gc,start       ] GC(1628) Pause Young (Mixed) (G1 Evacuation Pause)
[712.757s][info][gc,task        ] GC(1628) Using 2 workers of 2 for evacuation
[712.836s][info][gc,phases      ] GC(1628)   Pre Evacuate Collection Set: 0.41ms
[712.836s][info][gc,phases      ] GC(1628)   Merge Heap Roots: 1.43ms
[712.836s][info][gc,phases      ] GC(1628)   Evacuate Collection Set: 76.53ms
[712.836s][info][gc,phases      ] GC(1628)   Post Evacuate Collection Set: 0.60ms
[712.836s][info][gc,phases      ] GC(1628)   Other: 0.09ms
[712.836s][info][gc,heap        ] GC(1628) Eden regions: 106->0(142)
[712.837s][info][gc,heap        ] GC(1628) Survivor regions: 17->3(16)
[712.837s][info][gc,heap        ] GC(1628) Old regions: 764->726
[712.837s][info][gc,heap        ] GC(1628) Humongous regions: 7->7
[712.837s][info][gc,metaspace   ] GC(1628) Metaspace: 19164K(19328K)->19164K(19328K) NonClass: 17335K(17472K)->17335K(17472K) Class: 1829K(1856K)->1829K(1856K)
[712.837s][info][gc             ] GC(1628) Pause Young (Mixed) (G1 Evacuation Pause) 893M->735M(978M) 79.328ms
[712.837s][info][gc,cpu         ] GC(1628) User=0.16s Sys=0.00s Real=0.08s
[712.927s][info][gc,start       ] GC(1629) Pause Young (Concurrent Start) (G1 Evacuation Pause)
[712.927s][info][gc,task        ] GC(1629) Using 2 workers of 2 for evacuation
[712.944s][info][gc,phases      ] GC(1629)   Pre Evacuate Collection Set: 0.35ms
[712.944s][info][gc,phases      ] GC(1629)   Merge Heap Roots: 0.27ms
[712.944s][info][gc,phases      ] GC(1629)   Evacuate Collection Set: 15.76ms
[712.944s][info][gc,phases      ] GC(1629)   Post Evacuate Collection Set: 0.48ms
[712.944s][info][gc,phases      ] GC(1629)   Other: 0.12ms
[712.944s][info][gc,heap        ] GC(1629) Eden regions: 142->0(153)
[712.944s][info][gc,heap        ] GC(1629) Survivor regions: 3->5(19)
[712.944s][info][gc,heap        ] GC(1629) Old regions: 726->726
[712.944s][info][gc,heap        ] GC(1629) Humongous regions: 7->7
[712.944s][info][gc,metaspace   ] GC(1629) Metaspace: 19164K(19328K)->19164K(19328K) NonClass: 17335K(17472K)->17335K(17472K) Class: 1829K(1856K)->1829K(1856K)
[712.944s][info][gc             ] GC(1629) Pause Young (Concurrent Start) (G1 Evacuation Pause) 877M->736M(978M) 17.239ms
[712.944s][info][gc,cpu         ] GC(1629) User=0.03s Sys=0.00s Real=0.02s
[712.944s][info][gc             ] GC(1630) Concurrent Mark Cycle
[712.944s][info][gc,marking     ] GC(1630) Concurrent Scan Root Regions
[712.961s][info][gc,marking     ] GC(1630) Concurrent Scan Root Regions 17.031ms
[712.961s][info][gc,marking     ] GC(1630) Concurrent Mark
[712.961s][info][gc,marking     ] GC(1630) Concurrent Mark From Roots
[712.961s][info][gc,task        ] GC(1630) Using 1 workers of 1 for marking
[713.234s][info][gc,start       ] GC(1631) Pause Young (Normal) (G1 Evacuation Pause)
[713.234s][info][gc,task        ] GC(1631) Using 2 workers of 2 for evacuation
[713.285s][info][gc,phases      ] GC(1631)   Pre Evacuate Collection Set: 0.34ms
[713.285s][info][gc,phases      ] GC(1631)   Merge Heap Roots: 0.40ms
[713.285s][info][gc,phases      ] GC(1631)   Evacuate Collection Set: 50.02ms
[713.285s][info][gc,phases      ] GC(1631)   Post Evacuate Collection Set: 0.54ms
[713.285s][info][gc,phases      ] GC(1631)   Other: 0.08ms
[713.285s][info][gc,heap        ] GC(1631) Eden regions: 153->0(140)
[713.285s][info][gc,heap        ] GC(1631) Survivor regions: 5->20(20)
[713.285s][info][gc,heap        ] GC(1631) Old regions: 726->731
[713.285s][info][gc,heap        ] GC(1631) Humongous regions: 10->10
[713.285s][info][gc,metaspace   ] GC(1631) Metaspace: 19164K(19328K)->19164K(19328K) NonClass: 17335K(17472K)->17335K(17472K) Class: 1829K(1856K)->1829K(1856K)
[713.285s][info][gc             ] GC(1631) Pause Young (Normal) (G1 Evacuation Pause) 892M->760M(978M) 51.682ms
[713.285s][info][gc,cpu         ] GC(1631) User=0.10s Sys=0.01s Real=0.05s
[713.519s][info][gc,start       ] GC(1632) Pause Young (Normal) (G1 Evacuation Pause)
[713.519s][info][gc,task        ] GC(1632) Using 2 workers of 2 for evacuation
[713.596s][info][gc,phases      ] GC(1632)   Pre Evacuate Collection Set: 0.35ms
[713.596s][info][gc,phases      ] GC(1632)   Merge Heap Roots: 0.36ms
[713.596s][info][gc,phases      ] GC(1632)   Evacuate Collection Set: 75.81ms
[713.596s][info][gc,phases      ] GC(1632)   Post Evacuate Collection Set: 0.47ms
[713.596s][info][gc,phases      ] GC(1632)   Other: 0.08ms
[713.596s][info][gc,heap        ] GC(1632) Eden regions: 140->0(116)
[713.596s][info][gc,heap        ] GC(1632) Survivor regions: 20->20(20)
[713.596s][info][gc,heap        ] GC(1632) Old regions: 731->762
[713.596s][info][gc,heap        ] GC(1632) Humongous regions: 10->10
[713.596s][info][gc,metaspace   ] GC(1632) Metaspace: 19164K(19328K)->19164K(19328K) NonClass: 17335K(17472K)->17335K(17472K) Class: 1829K(1856K)->1829K(1856K)
[713.596s][info][gc             ] GC(1632) Pause Young (Normal) (G1 Evacuation Pause) 900M->791M(978M) 77.330ms
[713.596s][info][gc,cpu         ] GC(1632) User=0.15s Sys=0.00s Real=0.08s
[713.790s][info][gc,start       ] GC(1633) Pause Young (Normal) (G1 Evacuation Pause)
[713.790s][info][gc,task        ] GC(1633) Using 2 workers of 2 for evacuation
[713.843s][info][gc,phases      ] GC(1633)   Pre Evacuate Collection Set: 0.56ms
[713.844s][info][gc,phases      ] GC(1633)   Merge Heap Roots: 0.27ms
[713.844s][info][gc,phases      ] GC(1633)   Evacuate Collection Set: 51.69ms
[713.844s][info][gc,phases      ] GC(1633)   Post Evacuate Collection Set: 0.43ms
[713.844s][info][gc,phases      ] GC(1633)   Other: 0.11ms
[713.844s][info][gc,heap        ] GC(1633) Eden regions: 116->0(99)
[713.844s][info][gc,heap        ] GC(1633) Survivor regions: 20->17(17)
[713.844s][info][gc,heap        ] GC(1633) Old regions: 762->785
[713.844s][info][gc,heap        ] GC(1633) Humongous regions: 10->10
[713.844s][info][gc,metaspace   ] GC(1633) Metaspace: 19164K(19328K)->19164K(19328K) NonClass: 17335K(17472K)->17335K(17472K) Class: 1829K(1856K)->1829K(1856K)
[713.844s][info][gc             ] GC(1633) Pause Young (Normal) (G1 Evacuation Pause) 907M->811M(978M) 53.356ms
[713.844s][info][gc,cpu         ] GC(1633) User=0.11s Sys=0.00s Real=0.06s
[714.047s][info][gc,start       ] GC(1634) Pause Young (Normal) (G1 Evacuation Pause)
[714.047s][info][gc,task        ] GC(1634) Using 2 workers of 2 for evacuation
[714.076s][info][gc,phases      ] GC(1634)   Pre Evacuate Collection Set: 0.32ms
[714.076s][info][gc,phases      ] GC(1634)   Merge Heap Roots: 0.17ms
[714.076s][info][gc,phases      ] GC(1634)   Evacuate Collection Set: 28.51ms
[714.076s][info][gc,phases      ] GC(1634)   Post Evacuate Collection Set: 0.41ms
[714.076s][info][gc,phases      ] GC(1634)   Other: 0.09ms
[714.076s][info][gc,heap        ] GC(1634) Eden regions: 99->0(103)
[714.076s][info][gc,heap        ] GC(1634) Survivor regions: 17->6(15)
[714.076s][info][gc,heap        ] GC(1634) Old regions: 785->803
[714.076s][info][gc,heap        ] GC(1634) Humongous regions: 10->10
[714.076s][info][gc,metaspace   ] GC(1634) Metaspace: 19164K(19328K)->19164K(19328K) NonClass: 17335K(17472K)->17335K(17472K) Class: 1829K(1856K)->1829K(1856K)
[714.076s][info][gc             ] GC(1634) Pause Young (Normal) (G1 Evacuation Pause) 910M->818M(978M) 29.751ms
[714.076s][info][gc,cpu         ] GC(1634) User=0.06s Sys=0.00s Real=0.03s
[714.236s][info][gc,marking     ] GC(1630) Concurrent Mark From Roots 1274.749ms
[714.236s][info][gc,marking     ] GC(1630) Concurrent Preclean
[714.236s][info][gc,marking     ] GC(1630) Concurrent Preclean 0.057ms
[714.236s][info][gc,start       ] GC(1630) Pause Remark
[714.245s][info][gc             ] GC(1630) Pause Remark 882M->575M(978M) 9.262ms
[714.246s][info][gc,cpu         ] GC(1630) User=0.01s Sys=0.00s Real=0.01s
[714.247s][info][gc,marking     ] GC(1630) Concurrent Mark 1285.445ms
[714.247s][info][gc,marking     ] GC(1630) Concurrent Rebuild Remembered Sets and Scrub Regions
[714.345s][info][gc,start       ] GC(1635) Pause Young (Normal) (G1 Evacuation Pause)
[714.345s][info][gc,task        ] GC(1635) Using 2 workers of 2 for evacuation
[714.359s][info][gc,phases      ] GC(1635)   Pre Evacuate Collection Set: 0.32ms
[714.359s][info][gc,phases      ] GC(1635)   Merge Heap Roots: 0.21ms
[714.359s][info][gc,phases      ] GC(1635)   Evacuate Collection Set: 12.73ms
[714.359s][info][gc,phases      ] GC(1635)   Post Evacuate Collection Set: 0.38ms
[714.359s][info][gc,phases      ] GC(1635)   Other: 0.12ms
[714.359s][info][gc,heap        ] GC(1635) Eden regions: 103->0(310)
[714.359s][info][gc,heap        ] GC(1635) Survivor regions: 6->7(14)
[714.359s][info][gc,heap        ] GC(1635) Old regions: 500->500
[714.359s][info][gc,heap        ] GC(1635) Humongous regions: 6->6
[714.359s][info][gc,metaspace   ] GC(1635) Metaspace: 19164K(19328K)->19164K(19328K) NonClass: 17335K(17472K)->17335K(17472K) Class: 1829K(1856K)->1829K(1856K)
[714.359s][info][gc             ] GC(1635) Pause Young (Normal) (G1 Evacuation Pause) 614M->512M(978M) 13.993ms
[714.359s][info][gc,cpu         ] GC(1635) User=0.02s Sys=0.00s Real=0.01s
[714.687s][info][gc,marking     ] GC(1630) Concurrent Rebuild Remembered Sets and Scrub Regions 439.921ms
[714.687s][info][gc,start       ] GC(1630) Pause Cleanup
[714.687s][info][gc             ] GC(1630) Pause Cleanup 712M->712M(978M) 0.165ms
[714.687s][info][gc,cpu         ] GC(1630) User=0.00s Sys=0.00s Real=0.00s
[714.687s][info][gc,marking     ] GC(1630) Concurrent Clear Claimed Marks
[714.687s][info][gc,marking     ] GC(1630) Concurrent Clear Claimed Marks 0.040ms
[714.687s][info][gc,marking     ] GC(1630) Concurrent Cleanup for Next Mark
[714.694s][info][gc,marking     ] GC(1630) Concurrent Cleanup for Next Mark 7.042ms
[714.694s][info][gc             ] GC(1630) Concurrent Mark Cycle 1750.104ms
[714.855s][info][gc,start       ] GC(1636) Pause Young (Prepare Mixed) (G1 Evacuation Pause)
[714.855s][info][gc,task        ] GC(1636) Using 2 workers of 2 for evacuation
[714.894s][info][gc,phases      ] GC(1636)   Pre Evacuate Collection Set: 0.31ms
[714.894s][info][gc,phases      ] GC(1636)   Merge Heap Roots: 0.30ms
[714.894s][info][gc,phases      ] GC(1636)   Evacuate Collection Set: 37.81ms
[714.894s][info][gc,phases      ] GC(1636)   Post Evacuate Collection Set: 0.58ms
[714.894s][info][gc,phases      ] GC(1636)   Other: 0.09ms
[714.894s][info][gc,heap        ] GC(1636) Eden regions: 310->0(308)
[714.894s][info][gc,heap        ] GC(1636) Survivor regions: 7->27(40)
[714.894s][info][gc,heap        ] GC(1636) Old regions: 500->500
[714.894s][info][gc,heap        ] GC(1636) Humongous regions: 6->6
[714.894s][info][gc,metaspace   ] GC(1636) Metaspace: 19164K(19328K)->19164K(19328K) NonClass: 17335K(17472K)->17335K(17472K) Class: 1829K(1856K)->1829K(1856K)
[714.894s][info][gc             ] GC(1636) Pause Young (Prepare Mixed) (G1 Evacuation Pause) 822M->532M(978M) 39.344ms
[714.894s][info][gc,cpu         ] GC(1636) User=0.08s Sys=0.00s Real=0.04s
[715.730s][info][gc,start       ] GC(1637) Pause Young (Mixed) (G1 Evacuation Pause)
[715.730s][info][gc,task        ] GC(1637) Using 2 workers of 2 for evacuation
[715.775s][info][gc,phases      ] GC(1637)   Pre Evacuate Collection Set: 0.59ms
[715.775s][info][gc,phases      ] GC(1637)   Merge Heap Roots: 0.34ms
[715.775s][info][gc,phases      ] GC(1637)   Evacuate Collection Set: 43.17ms
[715.775s][info][gc,phases      ] GC(1637)   Post Evacuate Collection Set: 0.69ms
[715.775s][info][gc,phases      ] GC(1637)   Other: 0.14ms
[715.775s][info][gc,heap        ] GC(1637) Eden regions: 308->0(363)
[715.775s][info][gc,heap        ] GC(1637) Survivor regions: 27->27(42)
[715.775s][info][gc,heap        ] GC(1637) Old regions: 500->449
[715.775s][info][gc,heap        ] GC(1637) Humongous regions: 6->6
[715.775s][info][gc,metaspace   ] GC(1637) Metaspace: 19164K(19328K)->19164K(19328K) NonClass: 17335K(17472K)->17335K(17472K) Class: 1829K(1856K)->1829K(1856K)
[715.775s][info][gc             ] GC(1637) Pause Young (Mixed) (G1 Evacuation Pause) 840M->481M(978M) 45.224ms
[715.775s][info][gc,cpu         ] GC(1637) User=0.09s Sys=0.00s Real=0.05s
[716.505s][info][gc,start       ] GC(1638) Pause Young (Concurrent Start) (G1 Evacuation Pause)
[716.505s][info][gc,task        ] GC(1638) Using 2 workers of 2 for evacuation
[716.599s][info][gc,phases      ] GC(1638)   Pre Evacuate Collection Set: 0.37ms
[716.599s][info][gc,phases      ] GC(1638)   Merge Heap Roots: 0.54ms
[716.599s][info][gc,phases      ] GC(1638)   Evacuate Collection Set: 91.69ms
[716.599s][info][gc,phases      ] GC(1638)   Post Evacuate Collection Set: 0.76ms
[716.599s][info][gc,phases      ] GC(1638)   Other: 0.24ms
[716.599s][info][gc,heap        ] GC(1638) Eden regions: 363->0(322)
[716.599s][info][gc,heap        ] GC(1638) Survivor regions: 27->49(49)
[716.599s][info][gc,heap        ] GC(1638) Old regions: 449->472
[716.599s][info][gc,heap        ] GC(1638) Humongous regions: 6->6
[716.599s][info][gc,metaspace   ] GC(1638) Metaspace: 19166K(19328K)->19166K(19328K) NonClass: 17337K(17472K)->17337K(17472K) Class: 1829K(1856K)->1829K(1856K)
[716.599s][info][gc             ] GC(1638) Pause Young (Concurrent Start) (G1 Evacuation Pause) 844M->526M(978M) 93.819ms
[716.599s][info][gc,cpu         ] GC(1638) User=0.19s Sys=0.00s Real=0.09s
[716.599s][info][gc             ] GC(1639) Concurrent Mark Cycle
[716.599s][info][gc,marking     ] GC(1639) Concurrent Scan Root Regions
[716.691s][info][gc,marking     ] GC(1639) Concurrent Scan Root Regions 91.971ms
[716.691s][info][gc,marking     ] GC(1639) Concurrent Mark
[716.691s][info][gc,marking     ] GC(1639) Concurrent Mark From Roots
[716.691s][info][gc,task        ] GC(1639) Using 1 workers of 1 for marking
[717.397s][info][gc,start       ] GC(1640) Pause Young (Normal) (G1 Evacuation Pause)
[717.397s][info][gc,task        ] GC(1640) Using 2 workers of 2 for evacuation
[717.518s][info][gc,phases      ] GC(1640)   Pre Evacuate Collection Set: 0.35ms
[717.518s][info][gc,phases      ] GC(1640)   Merge Heap Roots: 0.57ms
[717.518s][info][gc,phases      ] GC(1640)   Evacuate Collection Set: 119.21ms
[717.518s][info][gc,phases      ] GC(1640)   Post Evacuate Collection Set: 0.67ms
[717.518s][info][gc,phases      ] GC(1640)   Other: 0.12ms
[717.518s][info][gc,heap        ] GC(1640) Eden regions: 322->0(285)
[717.518s][info][gc,heap        ] GC(1640) Survivor regions: 49->46(47)
[717.518s][info][gc,heap        ] GC(1640) Old regions: 472->522
[717.518s][info][gc,heap        ] GC(1640) Humongous regions: 7->7
[717.518s][info][gc,metaspace   ] GC(1640) Metaspace: 19166K(19328K)->19166K(19328K) NonClass: 17337K(17472K)->17337K(17472K) Class: 1829K(1856K)->1829K(1856K)
[717.518s][info][gc             ] GC(1640) Pause Young (Normal) (G1 Evacuation Pause) 849M->574M(978M) 121.176ms
[717.518s][info][gc,cpu         ] GC(1640) User=0.24s Sys=0.00s Real=0.12s
[717.761s][info][gc,marking     ] GC(1639) Concurrent Mark From Roots 1069.724ms
[717.761s][info][gc,marking     ] GC(1639) Concurrent Preclean
[717.761s][info][gc,marking     ] GC(1639) Concurrent Preclean 0.054ms
[717.761s][info][gc,start       ] GC(1639) Pause Remark
[717.771s][info][gc             ] GC(1639) Pause Remark 647M->569M(978M) 9.754ms
[717.771s][info][gc,cpu         ] GC(1639) User=0.02s Sys=0.00s Real=0.01s
[717.771s][info][gc,marking     ] GC(1639) Concurrent Mark 1079.895ms
[717.771s][info][gc,marking     ] GC(1639) Concurrent Rebuild Remembered Sets and Scrub Regions
[718.136s][info][gc,start       ] GC(1641) Pause Young (Normal) (G1 Evacuation Pause)
[718.137s][info][gc,task        ] GC(1641) Using 2 workers of 2 for evacuation
[718.274s][info][gc,phases      ] GC(1641)   Pre Evacuate Collection Set: 0.32ms
[718.274s][info][gc,phases      ] GC(1641)   Merge Heap Roots: 0.57ms
[718.274s][info][gc,phases      ] GC(1641)   Evacuate Collection Set: 135.32ms
[718.274s][info][gc,phases      ] GC(1641)   Post Evacuate Collection Set: 0.78ms
[718.274s][info][gc,phases      ] GC(1641)   Other: 0.13ms
[718.274s][info][gc,heap        ] GC(1641) Eden regions: 285->0(290)
[718.274s][info][gc,heap        ] GC(1641) Survivor regions: 46->42(42)
[718.274s][info][gc,heap        ] GC(1641) Old regions: 446->503
[718.274s][info][gc,heap        ] GC(1641) Humongous regions: 7->7
[718.274s][info][gc,metaspace   ] GC(1641) Metaspace: 19166K(19328K)->19166K(19328K) NonClass: 17337K(17472K)->17337K(17472K) Class: 1829K(1856K)->1829K(1856K)
[718.274s][info][gc             ] GC(1641) Pause Young (Normal) (G1 Evacuation Pause) 783M->551M(978M) 137.456ms
[718.274s][info][gc,cpu         ] GC(1641) User=0.27s Sys=0.00s Real=0.14s
[718.363s][info][gc,marking     ] GC(1639) Concurrent Rebuild Remembered Sets and Scrub Regions 592.073ms
[718.363s][info][gc,start       ] GC(1639) Pause Cleanup
[718.363s][info][gc             ] GC(1639) Pause Cleanup 586M->586M(978M) 0.152ms
[718.363s][info][gc,cpu         ] GC(1639) User=0.00s Sys=0.00s Real=0.00s
[718.364s][info][gc,marking     ] GC(1639) Concurrent Clear Claimed Marks
[718.364s][info][gc,marking     ] GC(1639) Concurrent Clear Claimed Marks 0.040ms
[718.364s][info][gc,marking     ] GC(1639) Concurrent Cleanup for Next Mark
[718.369s][info][gc,marking     ] GC(1639) Concurrent Cleanup for Next Mark 5.065ms
[718.369s][info][gc             ] GC(1639) Concurrent Mark Cycle 1769.729ms
[718.527s][info][gc,start       ] GC(1642) Pause Young (Prepare Mixed) (G1 Evacuation Pause)
[718.527s][info][gc,task        ] GC(1642) Using 2 workers of 2 for evacuation
[718.632s][info][gc,phases      ] GC(1642)   Pre Evacuate Collection Set: 0.56ms
[718.632s][info][gc,phases      ] GC(1642)   Merge Heap Roots: 0.64ms
[718.632s][info][gc,phases      ] GC(1642)   Evacuate Collection Set: 102.73ms
[718.632s][info][gc,phases      ] GC(1642)   Post Evacuate Collection Set: 0.74ms
[718.632s][info][gc,phases      ] GC(1642)   Other: 0.10ms
[718.632s][info][gc,heap        ] GC(1642) Eden regions: 290->0(264)
[718.632s][info][gc,heap        ] GC(1642) Survivor regions: 42->41(42)
[718.632s][info][gc,heap        ] GC(1642) Old regions: 503->545
[718.632s][info][gc,heap        ] GC(1642) Humongous regions: 7->7
[718.632s][info][gc,metaspace   ] GC(1642) Metaspace: 19166K(19328K)->19166K(19328K) NonClass: 17337K(17472K)->17337K(17472K) Class: 1829K(1856K)->1829K(1856K)
[718.632s][info][gc             ] GC(1642) Pause Young (Prepare Mixed) (G1 Evacuation Pause) 841M->592M(978M) 105.077ms
[718.632s][info][gc,cpu         ] GC(1642) User=0.20s Sys=0.00s Real=0.10s
[718.852s][info][gc,start       ] GC(1643) Pause Young (Mixed) (G1 Evacuation Pause)
[718.853s][info][gc,task        ] GC(1643) Using 2 workers of 2 for evacuation
[718.969s][info][gc,phases      ] GC(1643)   Pre Evacuate Collection Set: 0.40ms
[718.969s][info][gc,phases      ] GC(1643)   Merge Heap Roots: 1.10ms
[718.969s][info][gc,phases      ] GC(1643)   Evacuate Collection Set: 113.80ms
[718.969s][info][gc,phases      ] GC(1643)   Post Evacuate Collection Set: 0.87ms
[718.969s][info][gc,phases      ] GC(1643)   Other: 0.10ms
[718.969s][info][gc,heap        ] GC(1643) Eden regions: 264->0(291)
[718.969s][info][gc,heap        ] GC(1643) Survivor regions: 41->11(39)
[718.969s][info][gc,heap        ] GC(1643) Old regions: 545->549
[718.969s][info][gc,heap        ] GC(1643) Humongous regions: 8->8
[718.969s][info][gc,metaspace   ] GC(1643) Metaspace: 19166K(19328K)->19166K(19328K) NonClass: 17337K(17472K)->17337K(17472K) Class: 1829K(1856K)->1829K(1856K)
[718.969s][info][gc             ] GC(1643) Pause Young (Mixed) (G1 Evacuation Pause) 857M->567M(978M) 116.536ms
[718.969s][info][gc,cpu         ] GC(1643) User=0.23s Sys=0.00s Real=0.12s
[719.229s][info][gc,start       ] GC(1644) Pause Young (Concurrent Start) (G1 Evacuation Pause)
[719.229s][info][gc,task        ] GC(1644) Using 2 workers of 2 for evacuation
[719.284s][info][gc,phases      ] GC(1644)   Pre Evacuate Collection Set: 0.38ms
[719.284s][info][gc,phases      ] GC(1644)   Merge Heap Roots: 0.30ms
[719.284s][info][gc,phases      ] GC(1644)   Evacuate Collection Set: 54.02ms
[719.284s][info][gc,phases      ] GC(1644)   Post Evacuate Collection Set: 0.64ms
[719.284s][info][gc,phases      ] GC(1644)   Other: 0.22ms
[719.285s][info][gc,heap        ] GC(1644) Eden regions: 291->0(278)
[719.285s][info][gc,heap        ] GC(1644) Survivor regions: 11->38(38)
[719.285s][info][gc,heap        ] GC(1644) Old regions: 549->549
[719.285s][info][gc,heap        ] GC(1644) Humongous regions: 8->8
[719.285s][info][gc,metaspace   ] GC(1644) Metaspace: 19166K(19328K)->19166K(19328K) NonClass: 17337K(17472K)->17337K(17472K) Class: 1829K(1856K)->1829K(1856K)
[719.285s][info][gc             ] GC(1644) Pause Young (Concurrent Start) (G1 Evacuation Pause) 858M->594M(978M) 55.833ms
[719.285s][info][gc,cpu         ] GC(1644) User=0.11s Sys=0.00s Real=0.06s
[719.285s][info][gc             ] GC(1645) Concurrent Mark Cycle
[719.285s][info][gc,marking     ] GC(1645) Concurrent Scan Root Regions
[719.370s][info][gc,marking     ] GC(1645) Concurrent Scan Root Regions 85.643ms
[719.370s][info][gc,marking     ] GC(1645) Concurrent Mark
[719.370s][info][gc,marking     ] GC(1645) Concurrent Mark From Roots
[719.370s][info][gc,task        ] GC(1645) Using 1 workers of 1 for marking
[720.003s][info][gc,start       ] GC(1646) Pause Young (Normal) (G1 Evacuation Pause)
[720.003s][info][gc,task        ] GC(1646) Using 2 workers of 2 for evacuation
[720.088s][info][gc,phases      ] GC(1646)   Pre Evacuate Collection Set: 0.33ms
[720.088s][info][gc,phases      ] GC(1646)   Merge Heap Roots: 0.38ms
[720.088s][info][gc,phases      ] GC(1646)   Evacuate Collection Set: 83.08ms
[720.088s][info][gc,phases      ] GC(1646)   Post Evacuate Collection Set: 0.62ms
[720.088s][info][gc,phases      ] GC(1646)   Other: 0.11ms
[720.088s][info][gc,heap        ] GC(1646) Eden regions: 278->0(264)
[720.088s][info][gc,heap        ] GC(1646) Survivor regions: 38->26(40)
[720.088s][info][gc,heap        ] GC(1646) Old regions: 549->587
[720.088s][info][gc,heap        ] GC(1646) Humongous regions: 8->8
[720.088s][info][gc,metaspace   ] GC(1646) Metaspace: 19166K(19328K)->19166K(19328K) NonClass: 17337K(17472K)->17337K(17472K) Class: 1829K(1856K)->1829K(1856K)
[720.088s][info][gc             ] GC(1646) Pause Young (Normal) (G1 Evacuation Pause) 872M->620M(978M) 84.772ms
[720.088s][info][gc,cpu         ] GC(1646) User=0.17s Sys=0.00s Real=0.08s
[720.766s][info][gc,marking     ] GC(1645) Concurrent Mark From Roots 1395.355ms
[720.766s][info][gc,marking     ] GC(1645) Concurrent Preclean
[720.766s][info][gc,marking     ] GC(1645) Concurrent Preclean 0.047ms
[720.766s][info][gc,start       ] GC(1645) Pause Remark
[720.775s][info][gc             ] GC(1645) Pause Remark 777M->684M(978M) 8.979ms
[720.775s][info][gc,cpu         ] GC(1645) User=0.01s Sys=0.00s Real=0.01s
[720.775s][info][gc,marking     ] GC(1645) Concurrent Mark 1404.731ms
[720.775s][info][gc,marking     ] GC(1645) Concurrent Rebuild Remembered Sets and Scrub Regions
[721.071s][info][gc,start       ] GC(1647) Pause Young (Normal) (G1 Evacuation Pause)
[721.072s][info][gc,task        ] GC(1647) Using 2 workers of 2 for evacuation
[721.127s][info][gc,phases      ] GC(1647)   Pre Evacuate Collection Set: 0.35ms
[721.127s][info][gc,phases      ] GC(1647)   Merge Heap Roots: 0.45ms
[721.127s][info][gc,phases      ] GC(1647)   Evacuate Collection Set: 54.36ms
[721.127s][info][gc,phases      ] GC(1647)   Post Evacuate Collection Set: 0.57ms
[721.127s][info][gc,phases      ] GC(1647)   Other: 0.10ms
[721.127s][info][gc,heap        ] GC(1647) Eden regions: 264->0(310)
[721.127s][info][gc,heap        ] GC(1647) Survivor regions: 26->16(37)
[721.127s][info][gc,heap        ] GC(1647) Old regions: 497->523
[721.127s][info][gc,heap        ] GC(1647) Humongous regions: 5->5
[721.127s][info][gc,metaspace   ] GC(1647) Metaspace: 19166K(19328K)->19166K(19328K) NonClass: 17337K(17472K)->17337K(17472K) Class: 1829K(1856K)->1829K(1856K)
[721.128s][info][gc             ] GC(1647) Pause Young (Normal) (G1 Evacuation Pause) 791M->543M(978M) 56.108ms
[721.128s][info][gc,cpu         ] GC(1647) User=0.11s Sys=0.00s Real=0.06s
[721.187s][info][gc,marking     ] GC(1645) Concurrent Rebuild Remembered Sets and Scrub Regions 412.013ms
[721.187s][info][gc,start       ] GC(1645) Pause Cleanup
[721.188s][info][gc             ] GC(1645) Pause Cleanup 575M->575M(978M) 0.158ms
[721.188s][info][gc,cpu         ] GC(1645) User=0.00s Sys=0.00s Real=0.00s
[721.188s][info][gc,marking     ] GC(1645) Concurrent Clear Claimed Marks
[721.188s][info][gc,marking     ] GC(1645) Concurrent Clear Claimed Marks 0.031ms
[721.188s][info][gc,marking     ] GC(1645) Concurrent Cleanup for Next Mark
[721.191s][info][gc,marking     ] GC(1645) Concurrent Cleanup for Next Mark 2.926ms
[721.191s][info][gc             ] GC(1645) Concurrent Mark Cycle 1905.975ms
[721.504s][info][gc,start       ] GC(1648) Pause Young (Prepare Mixed) (G1 Evacuation Pause)
[721.504s][info][gc,task        ] GC(1648) Using 2 workers of 2 for evacuation
[721.588s][info][gc,phases      ] GC(1648)   Pre Evacuate Collection Set: 0.34ms
