[0.002s][info][metaspace]  - commit_granule_bytes: 65536.
[0.002s][info][metaspace]  - commit_granule_words: 8192.
[0.002s][info][metaspace]  - virtual_space_node_default_size: 8388608.
[0.002s][info][metaspace]  - enlarge_chunks_in_place: 1.
[0.004s][info][gc,init  ] CardTable entry size: 512
[0.004s][info][gc       ] Using Parallel
[0.005s][info][gc,init  ] Version: 24-internal-adhoc.root.jdk (release)
[0.005s][info][gc,init  ] CPUs: 2 total, 2 available
[0.005s][info][gc,init  ] Memory: 3908M
[0.005s][info][gc,init  ] Large Page Support: Disabled
[0.005s][info][gc,init  ] NUMA Support: Disabled
[0.005s][info][gc,init  ] Compressed Oops: Enabled (32-bit)
[0.005s][info][gc,init  ] Alignments: Space 512K, Generation 512K, Heap 2M
[0.005s][info][gc,init  ] Heap Min Capacity: 256M
[0.005s][info][gc,init  ] Heap Initial Capacity: 256M
[0.005s][info][gc,init  ] Heap Max Capacity: 978M
[0.005s][info][gc,init  ] Pre-touch: Disabled
[0.005s][info][gc,init  ] Parallel Workers: 2
[0.020s][info][gc,metaspace] CDS archive(s) mapped at: [0x00007f402e000000-0x00007f402ee7b000-0x00007f402ee7b000), size 15183872, SharedBaseAddress: 0x00007f402e000000, ArchiveRelocationMode: 1.
[0.020s][info][gc,metaspace] Compressed class space mapped at: 0x00007f402f000000-0x00007f406f000000, reserved size: 1073741824
[0.020s][info][gc,metaspace] UseCompressedClassPointers 1, UseCompactObjectHeaders 1
[0.020s][info][gc,metaspace] Narrow klass pointer bits 22, Max shift 10
[0.020s][info][gc,metaspace] Narrow klass base: 0x00007f402e000000, Narrow klass shift: 10
[0.020s][info][gc,metaspace] Encoding Range: [0x00007f402e000000 - 0x00007f412e000000), (4294967296 bytes)
[0.020s][info][gc,metaspace] Klass Range:    [0x00007f402e000000 - 0x00007f406f000000), (1090519040 bytes)
[0.020s][info][gc,metaspace] Klass ID Range:  [1 - 1064960) (1064959)
[0.785s][info][gc,start    ] GC(0) Pause Young (Allocation Failure)
[0.814s][info][gc,heap     ] GC(0) PSYoungGen: 65536K(76288K)->10693K(76288K) Eden: 65536K(65536K)->0K(65536K) From: 0K(10752K)->10693K(10752K)
[0.814s][info][gc,heap     ] GC(0) ParOldGen: 1088K(175104K)->1096K(175104K)
[0.814s][info][gc,metaspace] GC(0) Metaspace: 4874K(5056K)->4874K(5056K) NonClass: 4069K(4160K)->4069K(4160K) Class: 805K(896K)->805K(896K)
[0.814s][info][gc          ] GC(0) Pause Young (Allocation Failure) 65M->11M(245M) 29.893ms
[0.814s][info][gc,cpu      ] GC(0) User=0.05s Sys=0.01s Real=0.03s
[12.023s][info][gc,start    ] GC(1) Pause Young (Allocation Failure)
[12.044s][info][gc,heap     ] GC(1) PSYoungGen: 76229K(76288K)->10733K(141824K) Eden: 65536K(65536K)->0K(131072K) From: 10693K(10752K)->10733K(10752K)
[12.044s][info][gc,heap     ] GC(1) ParOldGen: 1096K(175104K)->2855K(175104K)
[12.044s][info][gc,metaspace] GC(1) Metaspace: 5251K(5376K)->5251K(5376K) NonClass: 4444K(4480K)->4444K(4480K) Class: 807K(896K)->807K(896K)
[12.044s][info][gc          ] GC(1) Pause Young (Allocation Failure) 75M->13M(309M) 21.313ms
[12.044s][info][gc,cpu      ] GC(1) User=0.03s Sys=0.01s Real=0.02s
[28.917s][info][gc,start    ] GC(2) Pause Young (Allocation Failure)
[28.939s][info][gc,heap     ] GC(2) PSYoungGen: 141805K(141824K)->10733K(141824K) Eden: 131072K(131072K)->0K(131072K) From: 10733K(10752K)->10733K(10752K)
[28.939s][info][gc,heap     ] GC(2) ParOldGen: 2855K(175104K)->3547K(175104K)
[28.939s][info][gc,metaspace] GC(2) Metaspace: 5259K(5376K)->5259K(5376K) NonClass: 4452K(4480K)->4452K(4480K) Class: 807K(896K)->807K(896K)
[28.939s][info][gc          ] GC(2) Pause Young (Allocation Failure) 141M->13M(309M) 21.926ms
[28.939s][info][gc,cpu      ] GC(2) User=0.03s Sys=0.01s Real=0.02s
[44.058s][info][gc,start    ] GC(3) Pause Young (Allocation Failure)
[44.079s][info][gc,heap     ] GC(3) PSYoungGen: 141805K(141824K)->10733K(272896K) Eden: 131072K(131072K)->0K(262144K) From: 10733K(10752K)->10733K(10752K)
[44.079s][info][gc,heap     ] GC(3) ParOldGen: 3547K(175104K)->3923K(175104K)
[44.079s][info][gc,metaspace] GC(3) Metaspace: 5260K(5376K)->5260K(5376K) NonClass: 4453K(4480K)->4453K(4480K) Class: 807K(896K)->807K(896K)
[44.079s][info][gc          ] GC(3) Pause Young (Allocation Failure) 141M->14M(437M) 21.122ms
[44.079s][info][gc,cpu      ] GC(3) User=0.04s Sys=0.01s Real=0.02s
[75.177s][info][gc,start    ] GC(4) Pause Young (Allocation Failure)
[75.202s][info][gc,heap     ] GC(4) PSYoungGen: 272877K(272896K)->10750K(262656K) Eden: 262144K(262144K)->0K(251904K) From: 10733K(10752K)->10750K(10752K)
[75.202s][info][gc,heap     ] GC(4) ParOldGen: 3923K(175104K)->4763K(175104K)
[75.202s][info][gc,metaspace] GC(4) Metaspace: 5261K(5376K)->5261K(5376K) NonClass: 4454K(4480K)->4454K(4480K) Class: 807K(896K)->807K(896K)
[75.202s][info][gc          ] GC(4) Pause Young (Allocation Failure) 270M->15M(427M) 25.579ms
[75.202s][info][gc,cpu      ] GC(4) User=0.05s Sys=0.01s Real=0.02s
[107.173s][info][gc,start    ] GC(5) Pause Young (Allocation Failure)
[107.194s][info][gc,heap     ] GC(5) PSYoungGen: 262654K(262656K)->4606K(246784K) Eden: 251904K(251904K)->0K(242176K) From: 10750K(10752K)->4606K(4608K)
[107.194s][info][gc,heap     ] GC(5) ParOldGen: 4763K(175104K)->11558K(175104K)
[107.194s][info][gc,metaspace] GC(5) Metaspace: 5261K(5376K)->5261K(5376K) NonClass: 4454K(4480K)->4454K(4480K) Class: 807K(896K)->807K(896K)
[107.194s][info][gc          ] GC(5) Pause Young (Allocation Failure) 261M->15M(412M) 21.087ms
[107.194s][info][gc,cpu      ] GC(5) User=0.03s Sys=0.01s Real=0.02s
[141.355s][info][gc,start    ] GC(6) Pause Young (Allocation Failure)
[141.391s][info][gc,heap     ] GC(6) PSYoungGen: 246782K(246784K)->10594K(243712K) Eden: 242176K(242176K)->0K(232960K) From: 4606K(4608K)->10594K(10752K)
[141.391s][info][gc,heap     ] GC(6) ParOldGen: 11558K(175104K)->16116K(175104K)
[141.391s][info][gc,metaspace] GC(6) Metaspace: 5450K(5632K)->5450K(5632K) NonClass: 4625K(4736K)->4625K(4736K) Class: 825K(896K)->825K(896K)
[141.391s][info][gc          ] GC(6) Pause Young (Allocation Failure) 252M->26M(409M) 36.393ms
[141.391s][info][gc,cpu      ] GC(6) User=0.06s Sys=0.01s Real=0.04s
[170.383s][info][gc,start    ] GC(7) Pause Young (Allocation Failure)
[170.397s][info][gc,heap     ] GC(7) PSYoungGen: 243554K(243712K)->9720K(233984K) Eden: 232960K(232960K)->0K(224256K) From: 10594K(10752K)->9720K(9728K)
[170.397s][info][gc,heap     ] GC(7) ParOldGen: 16116K(175104K)->16952K(175104K)
[170.397s][info][gc,metaspace] GC(7) Metaspace: 5450K(5632K)->5450K(5632K) NonClass: 4625K(4736K)->4625K(4736K) Class: 825K(896K)->825K(896K)
[170.397s][info][gc          ] GC(7) Pause Young (Allocation Failure) 253M->26M(399M) 13.787ms
[170.397s][info][gc,cpu      ] GC(7) User=0.03s Sys=0.00s Real=0.02s
[197.917s][info][gc,start    ] GC(8) Pause Young (Allocation Failure)
[197.936s][info][gc,heap     ] GC(8) PSYoungGen: 233976K(233984K)->10456K(226816K) Eden: 224256K(224256K)->0K(216064K) From: 9720K(9728K)->10456K(10752K)
[197.936s][info][gc,heap     ] GC(8) ParOldGen: 16952K(175104K)->16952K(175104K)
[197.936s][info][gc,metaspace] GC(8) Metaspace: 5450K(5632K)->5450K(5632K) NonClass: 4625K(4736K)->4625K(4736K) Class: 825K(896K)->825K(896K)
[197.936s][info][gc          ] GC(8) Pause Young (Allocation Failure) 245M->26M(392M) 18.922ms
[197.936s][info][gc,cpu      ] GC(8) User=0.03s Sys=0.00s Real=0.01s
[227.978s][info][gc,start    ] GC(9) Pause Young (Allocation Failure)
[228.018s][info][gc,heap     ] GC(9) PSYoungGen: 226520K(226816K)->5602K(213504K) Eden: 216064K(216064K)->0K(207872K) From: 10456K(10752K)->5602K(5632K)
[228.018s][info][gc,heap     ] GC(9) ParOldGen: 16952K(175104K)->32080K(175104K)
[228.018s][info][gc,metaspace] GC(9) Metaspace: 5475K(5632K)->5475K(5632K) NonClass: 4650K(4736K)->4650K(4736K) Class: 825K(896K)->825K(896K)
[228.018s][info][gc          ] GC(9) Pause Young (Allocation Failure) 237M->36M(379M) 39.697ms
[228.018s][info][gc,cpu      ] GC(9) User=0.07s Sys=0.00s Real=0.04s
[253.741s][info][gc,start    ] GC(10) Pause Young (Allocation Failure)
[253.754s][info][gc,heap     ] GC(10) PSYoungGen: 213474K(213504K)->864K(201216K) Eden: 207872K(207872K)->0K(200192K) From: 5602K(5632K)->864K(1024K)
[253.754s][info][gc,heap     ] GC(10) ParOldGen: 32080K(175104K)->37579K(175104K)
[253.754s][info][gc,metaspace] GC(10) Metaspace: 5475K(5632K)->5475K(5632K) NonClass: 4650K(4736K)->4650K(4736K) Class: 825K(896K)->825K(896K)
[253.754s][info][gc          ] GC(10) Pause Young (Allocation Failure) 239M->37M(367M) 12.789ms
[253.754s][info][gc,cpu      ] GC(10) User=0.01s Sys=0.00s Real=0.01s
[278.350s][info][gc,start    ] GC(11) Pause Young (Allocation Failure)
[278.355s][info][gc,heap     ] GC(11) PSYoungGen: 201056K(201216K)->736K(194048K) Eden: 200192K(200192K)->0K(193024K) From: 864K(1024K)->736K(1024K)
[278.355s][info][gc,heap     ] GC(11) ParOldGen: 37579K(175104K)->38363K(175104K)
[278.355s][info][gc,metaspace] GC(11) Metaspace: 5475K(5632K)->5475K(5632K) NonClass: 4650K(4736K)->4650K(4736K) Class: 825K(896K)->825K(896K)
[278.355s][info][gc          ] GC(11) Pause Young (Allocation Failure) 233M->38M(360M) 5.169ms
[278.355s][info][gc,cpu      ] GC(11) User=0.00s Sys=0.00s Real=0.00s
[300.850s][info][gc,start    ] GC(12) Pause Young (Allocation Failure)
[300.855s][info][gc,heap     ] GC(12) PSYoungGen: 193760K(194048K)->640K(186880K) Eden: 193024K(193024K)->0K(185856K) From: 736K(1024K)->640K(1024K)
[300.855s][info][gc,heap     ] GC(12) ParOldGen: 38363K(175104K)->39043K(175104K)
[300.855s][info][gc,metaspace] GC(12) Metaspace: 5475K(5632K)->5475K(5632K) NonClass: 4650K(4736K)->4650K(4736K) Class: 825K(896K)->825K(896K)
[300.855s][info][gc          ] GC(12) Pause Young (Allocation Failure) 226M->38M(353M) 4.447ms
[300.855s][info][gc,cpu      ] GC(12) User=0.00s Sys=0.00s Real=0.00s
[326.194s][info][gc,start    ] GC(13) Pause Young (Allocation Failure)
[326.210s][info][gc,heap     ] GC(13) PSYoungGen: 186496K(186880K)->10834K(190464K) Eden: 185856K(185856K)->0K(179200K) From: 640K(1024K)->10834K(11264K)
[326.210s][info][gc,heap     ] GC(13) ParOldGen: 39043K(175104K)->39651K(175104K)
[326.210s][info][gc,metaspace] GC(13) Metaspace: 5528K(5696K)->5528K(5696K) NonClass: 4700K(4800K)->4700K(4800K) Class: 827K(896K)->827K(896K)
[326.210s][info][gc          ] GC(13) Pause Young (Allocation Failure) 220M->49M(357M) 15.863ms
[326.210s][info][gc,cpu      ] GC(13) User=0.03s Sys=0.00s Real=0.02s
[348.337s][info][gc,start    ] GC(14) Pause Young (Allocation Failure)
[348.358s][info][gc,heap     ] GC(14) PSYoungGen: 190034K(190464K)->64K(173568K) Eden: 179200K(179200K)->0K(173056K) From: 10834K(11264K)->64K(512K)
[348.358s][info][gc,heap     ] GC(14) ParOldGen: 39651K(175104K)->50095K(175104K)
[348.358s][info][gc,metaspace] GC(14) Metaspace: 5528K(5696K)->5528K(5696K) NonClass: 4700K(4800K)->4700K(4800K) Class: 827K(896K)->827K(896K)
[348.358s][info][gc          ] GC(14) Pause Young (Allocation Failure) 224M->48M(340M) 20.544ms
[348.358s][info][gc,cpu      ] GC(14) User=0.03s Sys=0.00s Real=0.02s
[369.722s][info][gc,start    ] GC(15) Pause Young (Allocation Failure)
[369.726s][info][gc,heap     ] GC(15) PSYoungGen: 173120K(173568K)->608K(169984K) Eden: 173056K(173056K)->0K(166912K) From: 64K(512K)->608K(3072K)
[369.726s][info][gc,heap     ] GC(15) ParOldGen: 50095K(175104K)->50111K(175104K)
[369.726s][info][gc,metaspace] GC(15) Metaspace: 5528K(5696K)->5528K(5696K) NonClass: 4700K(4800K)->4700K(4800K) Class: 827K(896K)->827K(896K)
[369.726s][info][gc          ] GC(15) Pause Young (Allocation Failure) 217M->49M(337M) 4.035ms
[369.726s][info][gc,cpu      ] GC(15) User=0.00s Sys=0.01s Real=0.00s
[389.812s][info][gc,start    ] GC(16) Pause Young (Allocation Failure)
[389.816s][info][gc,heap     ] GC(16) PSYoungGen: 167520K(169984K)->608K(162304K) Eden: 166912K(166912K)->0K(161280K) From: 608K(3072K)->608K(1024K)
[389.816s][info][gc,heap     ] GC(16) ParOldGen: 50111K(175104K)->50703K(175104K)
[389.816s][info][gc,metaspace] GC(16) Metaspace: 5528K(5696K)->5528K(5696K) NonClass: 4700K(4800K)->4700K(4800K) Class: 827K(896K)->827K(896K)
[389.816s][info][gc          ] GC(16) Pause Young (Allocation Failure) 212M->50M(329M) 3.377ms
[389.816s][info][gc,cpu      ] GC(16) User=0.00s Sys=0.00s Real=0.00s
[409.184s][info][gc,start    ] GC(17) Pause Young (Allocation Failure)
[409.188s][info][gc,heap     ] GC(17) PSYoungGen: 161888K(162304K)->544K(165888K) Eden: 161280K(161280K)->0K(155648K) From: 608K(1024K)->544K(10240K)
[409.188s][info][gc,heap     ] GC(17) ParOldGen: 50703K(175104K)->51271K(175104K)
[409.188s][info][gc,metaspace] GC(17) Metaspace: 5528K(5696K)->5528K(5696K) NonClass: 4700K(4800K)->4700K(4800K) Class: 827K(896K)->827K(896K)
[409.188s][info][gc          ] GC(17) Pause Young (Allocation Failure) 207M->50M(333M) 4.081ms
[409.188s][info][gc,cpu      ] GC(17) User=0.01s Sys=0.00s Real=0.01s
[432.085s][info][gc,start    ] GC(18) Pause Young (Allocation Failure)
[432.100s][info][gc,heap     ] GC(18) PSYoungGen: 156192K(165888K)->10562K(161280K) Eden: 155648K(155648K)->0K(150528K) From: 544K(10240K)->10562K(10752K)
[432.100s][info][gc,heap     ] GC(18) ParOldGen: 51271K(175104K)->51807K(175104K)
[432.100s][info][gc,metaspace] GC(18) Metaspace: 5543K(5696K)->5543K(5696K) NonClass: 4715K(4800K)->4715K(4800K) Class: 827K(896K)->827K(896K)
[432.100s][info][gc          ] GC(18) Pause Young (Allocation Failure) 202M->60M(328M) 15.265ms
[432.100s][info][gc,cpu      ] GC(18) User=0.03s Sys=0.00s Real=0.02s
[450.179s][info][gc,start    ] GC(19) Pause Young (Allocation Failure)
[450.196s][info][gc,heap     ] GC(19) PSYoungGen: 161090K(161280K)->64K(160256K) Eden: 150528K(150528K)->0K(145408K) From: 10562K(10752K)->64K(14848K)
[450.196s][info][gc,heap     ] GC(19) ParOldGen: 51807K(175104K)->62028K(175104K)
[450.196s][info][gc,metaspace] GC(19) Metaspace: 5543K(5696K)->5543K(5696K) NonClass: 4715K(4800K)->4715K(4800K) Class: 827K(896K)->827K(896K)
[450.196s][info][gc          ] GC(19) Pause Young (Allocation Failure) 207M->60M(327M) 17.342ms
[450.196s][info][gc,cpu      ] GC(19) User=0.03s Sys=0.01s Real=0.01s
[468.025s][info][gc,start    ] GC(20) Pause Young (Allocation Failure)
[468.028s][info][gc,heap     ] GC(20) PSYoungGen: 145472K(160256K)->544K(141824K) Eden: 145408K(145408K)->0K(140800K) From: 64K(14848K)->544K(1024K)
[468.028s][info][gc,heap     ] GC(20) ParOldGen: 62028K(175104K)->62036K(175104K)
[468.028s][info][gc,metaspace] GC(20) Metaspace: 5543K(5696K)->5543K(5696K) NonClass: 4715K(4800K)->4715K(4800K) Class: 827K(896K)->827K(896K)
[468.028s][info][gc          ] GC(20) Pause Young (Allocation Failure) 202M->61M(309M) 2.612ms
[468.028s][info][gc,cpu      ] GC(20) User=0.00s Sys=0.00s Real=0.01s
[485.299s][info][gc,start    ] GC(21) Pause Young (Allocation Failure)
[485.302s][info][gc,heap     ] GC(21) PSYoungGen: 141344K(141824K)->544K(150016K) Eden: 140800K(140800K)->0K(136192K) From: 544K(1024K)->544K(13824K)
[485.302s][info][gc,heap     ] GC(21) ParOldGen: 62036K(175104K)->62524K(175104K)
[485.302s][info][gc,metaspace] GC(21) Metaspace: 5543K(5696K)->5543K(5696K) NonClass: 4715K(4800K)->4715K(4800K) Class: 827K(896K)->827K(896K)
[485.302s][info][gc          ] GC(21) Pause Young (Allocation Failure) 198M->61M(317M) 3.287ms
[485.302s][info][gc,cpu      ] GC(21) User=0.00s Sys=0.00s Real=0.00s
[501.636s][info][gc,start    ] GC(22) Pause Young (Allocation Failure)
[501.639s][info][gc,heap     ] GC(22) PSYoungGen: 136736K(150016K)->480K(132608K) Eden: 136192K(136192K)->0K(132096K) From: 544K(13824K)->480K(512K)
[501.639s][info][gc,heap     ] GC(22) ParOldGen: 62524K(175104K)->63020K(175104K)
[501.639s][info][gc,metaspace] GC(22) Metaspace: 5543K(5696K)->5543K(5696K) NonClass: 4715K(4800K)->4715K(4800K) Class: 827K(896K)->827K(896K)
[501.639s][info][gc          ] GC(22) Pause Young (Allocation Failure) 194M->62M(300M) 3.187ms
[501.639s][info][gc,cpu      ] GC(22) User=0.01s Sys=0.00s Real=0.01s
[515.719s][info][gc,start    ] GC(23) Pause Young (Allocation Failure)
[515.733s][info][gc,heap     ] GC(23) PSYoungGen: 132576K(132608K)->10330K(143360K) Eden: 132096K(132096K)->0K(128000K) From: 480K(512K)->10330K(15360K)
[515.733s][info][gc,heap     ] GC(23) ParOldGen: 63020K(175104K)->63460K(175104K)
[515.733s][info][gc,metaspace] GC(23) Metaspace: 5550K(5696K)->5550K(5696K) NonClass: 4723K(4800K)->4723K(4800K) Class: 827K(896K)->827K(896K)
[515.733s][info][gc          ] GC(23) Pause Young (Allocation Failure) 191M->72M(311M) 14.593ms
[515.733s][info][gc,cpu      ] GC(23) User=0.03s Sys=0.00s Real=0.01s
[537.076s][info][gc,start    ] GC(24) Pause Young (Allocation Failure)
[537.094s][info][gc,heap     ] GC(24) PSYoungGen: 138330K(143360K)->567K(124928K) Eden: 128000K(128000K)->0K(123904K) From: 10330K(15360K)->567K(1024K)
[537.094s][info][gc,heap     ] GC(24) ParOldGen: 63460K(175104K)->73410K(175104K)
[537.094s][info][gc,metaspace] GC(24) Metaspace: 5565K(5696K)->5565K(5696K) NonClass: 4738K(4800K)->4738K(4800K) Class: 827K(896K)->827K(896K)
[537.094s][info][gc          ] GC(24) Pause Young (Allocation Failure) 197M->72M(293M) 18.487ms
[537.095s][info][gc,cpu      ] GC(24) User=0.03s Sys=0.01s Real=0.02s
[551.714s][info][gc,start    ] GC(25) Pause Young (Allocation Failure)
[551.716s][info][gc,heap     ] GC(25) PSYoungGen: 124471K(124928K)->96K(134144K) Eden: 123904K(123904K)->0K(120320K) From: 567K(1024K)->96K(13824K)
[551.716s][info][gc,heap     ] GC(25) ParOldGen: 73410K(175104K)->73916K(175104K)
[551.716s][info][gc,metaspace] GC(25) Metaspace: 5565K(5696K)->5565K(5696K) NonClass: 4738K(4800K)->4738K(4800K) Class: 827K(896K)->827K(896K)
[551.716s][info][gc          ] GC(25) Pause Young (Allocation Failure) 193M->72M(302M) 2.166ms
[551.716s][info][gc,cpu      ] GC(25) User=0.00s Sys=0.00s Real=0.00s
[566.709s][info][gc,start    ] GC(26) Pause Young (Allocation Failure)
[566.711s][info][gc,heap     ] GC(26) PSYoungGen: 120416K(134144K)->448K(117248K) Eden: 120320K(120320K)->0K(116736K) From: 96K(13824K)->448K(512K)
[566.711s][info][gc,heap     ] GC(26) ParOldGen: 73916K(175104K)->73924K(175104K)
[566.711s][info][gc,metaspace] GC(26) Metaspace: 5565K(5696K)->5565K(5696K) NonClass: 4738K(4800K)->4738K(4800K) Class: 827K(896K)->827K(896K)
[566.711s][info][gc          ] GC(26) Pause Young (Allocation Failure) 189M->72M(285M) 2.285ms
[566.711s][info][gc,cpu      ] GC(26) User=0.00s Sys=0.00s Real=0.00s
[580.497s][info][gc,start    ] GC(27) Pause Young (Allocation Failure)
[580.500s][info][gc,heap     ] GC(27) PSYoungGen: 117184K(117248K)->416K(125440K) Eden: 116736K(116736K)->0K(113152K) From: 448K(512K)->416K(12288K)
[580.500s][info][gc,heap     ] GC(27) ParOldGen: 73924K(175104K)->74332K(175104K)
[580.500s][info][gc,metaspace] GC(27) Metaspace: 5565K(5696K)->5565K(5696K) NonClass: 4738K(4800K)->4738K(4800K) Class: 827K(896K)->827K(896K)
[580.500s][info][gc          ] GC(27) Pause Young (Allocation Failure) 186M->72M(293M) 2.855ms
[580.500s][info][gc,cpu      ] GC(27) User=0.00s Sys=0.00s Real=0.00s
[594.242s][info][gc,start    ] GC(28) Pause Young (Allocation Failure)
[594.245s][info][gc,heap     ] GC(28) PSYoungGen: 113568K(125440K)->448K(110592K) Eden: 113152K(113152K)->0K(110080K) From: 416K(12288K)->448K(512K)
[594.245s][info][gc,heap     ] GC(28) ParOldGen: 74332K(175104K)->74732K(175104K)
[594.245s][info][gc,metaspace] GC(28) Metaspace: 5565K(5696K)->5565K(5696K) NonClass: 4738K(4800K)->4738K(4800K) Class: 827K(896K)->827K(896K)
[594.245s][info][gc          ] GC(28) Pause Young (Allocation Failure) 183M->73M(279M) 3.183ms
[594.245s][info][gc,cpu      ] GC(28) User=0.01s Sys=0.00s Real=0.00s
[607.942s][info][gc,start    ] GC(29) Pause Young (Allocation Failure)
[607.947s][info][gc,heap     ] GC(29) PSYoungGen: 110528K(110592K)->384K(117760K) Eden: 110080K(110080K)->0K(107008K) From: 448K(512K)->384K(10752K)
[607.947s][info][gc,heap     ] GC(29) ParOldGen: 74732K(175104K)->75124K(175104K)
[607.947s][info][gc,metaspace] GC(29) Metaspace: 5565K(5696K)->5565K(5696K) NonClass: 4738K(4800K)->4738K(4800K) Class: 827K(896K)->827K(896K)
[607.947s][info][gc          ] GC(29) Pause Young (Allocation Failure) 180M->73M(286M) 4.966ms
[607.947s][info][gc,cpu      ] GC(29) User=0.00s Sys=0.00s Real=0.01s
[622.670s][info][gc,start    ] GC(30) Pause Young (Allocation Failure)
[622.684s][info][gc,heap     ] GC(30) PSYoungGen: 107392K(117760K)->10690K(114688K) Eden: 107008K(107008K)->0K(103936K) From: 384K(10752K)->10690K(10752K)
[622.684s][info][gc,heap     ] GC(30) ParOldGen: 75124K(175104K)->75484K(175104K)
[622.684s][info][gc,metaspace] GC(30) Metaspace: 5578K(5696K)->5578K(5696K) NonClass: 4751K(4800K)->4751K(4800K) Class: 827K(896K)->827K(896K)
[622.684s][info][gc          ] GC(30) Pause Young (Allocation Failure) 178M->84M(283M) 14.756ms
[622.684s][info][gc,cpu      ] GC(30) User=0.03s Sys=0.00s Real=0.01s
[638.424s][info][gc,start    ] GC(31) Pause Young (Allocation Failure)
[638.442s][info][gc,heap     ] GC(31) PSYoungGen: 114626K(114688K)->64K(113152K) Eden: 103936K(103936K)->0K(100864K) From: 10690K(10752K)->64K(12288K)
[638.442s][info][gc,heap     ] GC(31) ParOldGen: 75484K(175104K)->85803K(175104K)
[638.442s][info][gc,metaspace] GC(31) Metaspace: 5578K(5696K)->5578K(5696K) NonClass: 4751K(4800K)->4751K(4800K) Class: 827K(896K)->827K(896K)
[638.442s][info][gc          ] GC(31) Pause Young (Allocation Failure) 185M->83M(281M) 17.717ms
[638.442s][info][gc,cpu      ] GC(31) User=0.02s Sys=0.01s Real=0.02s
[650.442s][info][gc,start    ] GC(32) Pause Young (Allocation Failure)
[650.447s][info][gc,heap     ] GC(32) PSYoungGen: 100928K(113152K)->416K(98816K) Eden: 100864K(100864K)->0K(98304K) From: 64K(12288K)->416K(512K)
[650.447s][info][gc,heap     ] GC(32) ParOldGen: 85803K(175104K)->85819K(175104K)
[650.447s][info][gc,metaspace] GC(32) Metaspace: 5578K(5696K)->5578K(5696K) NonClass: 4751K(4800K)->4751K(4800K) Class: 827K(896K)->827K(896K)
[650.447s][info][gc          ] GC(32) Pause Young (Allocation Failure) 182M->84M(267M) 5.231ms
[650.447s][info][gc,cpu      ] GC(32) User=0.01s Sys=0.00s Real=0.01s
[663.146s][info][gc,start    ] GC(33) Pause Young (Allocation Failure)
[663.149s][info][gc,heap     ] GC(33) PSYoungGen: 98720K(98816K)->384K(106496K) Eden: 98304K(98304K)->0K(95744K) From: 416K(512K)->384K(10752K)
[663.149s][info][gc,heap     ] GC(33) ParOldGen: 85819K(175104K)->86187K(175104K)
[663.149s][info][gc,metaspace] GC(33) Metaspace: 5578K(5696K)->5578K(5696K) NonClass: 4751K(4800K)->4751K(4800K) Class: 827K(896K)->827K(896K)
[663.149s][info][gc          ] GC(33) Pause Young (Allocation Failure) 180M->84M(275M) 2.744ms
[663.149s][info][gc,cpu      ] GC(33) User=0.00s Sys=0.00s Real=0.01s
[675.025s][info][gc,start    ] GC(34) Pause Young (Allocation Failure)
[675.028s][info][gc,heap     ] GC(34) PSYoungGen: 96128K(106496K)->352K(93696K) Eden: 95744K(95744K)->0K(93184K) From: 384K(10752K)->352K(512K)
[675.028s][info][gc,heap     ] GC(34) ParOldGen: 86187K(175104K)->86523K(175104K)
[675.028s][info][gc,metaspace] GC(34) Metaspace: 5578K(5696K)->5578K(5696K) NonClass: 4751K(4800K)->4751K(4800K) Class: 827K(896K)->827K(896K)
[675.028s][info][gc          ] GC(34) Pause Young (Allocation Failure) 178M->84M(262M) 2.570ms
[675.028s][info][gc,cpu      ] GC(34) User=0.00s Sys=0.00s Real=0.01s
[686.466s][info][gc,start    ] GC(35) Pause Young (Allocation Failure)
[686.469s][info][gc,heap     ] GC(35) PSYoungGen: 93536K(93696K)->416K(99840K) Eden: 93184K(93184K)->0K(90624K) From: 352K(512K)->416K(9216K)
[686.469s][info][gc,heap     ] GC(35) ParOldGen: 86523K(175104K)->86843K(175104K)
[686.469s][info][gc,metaspace] GC(35) Metaspace: 5578K(5696K)->5578K(5696K) NonClass: 4751K(4800K)->4751K(4800K) Class: 827K(896K)->827K(896K)
[686.469s][info][gc          ] GC(35) Pause Young (Allocation Failure) 175M->85M(268M) 2.647ms
[686.469s][info][gc,cpu      ] GC(35) User=0.00s Sys=0.00s Real=0.01s
[697.827s][info][gc,start    ] GC(36) Pause Young (Allocation Failure)
[697.829s][info][gc,heap     ] GC(36) PSYoungGen: 91040K(99840K)->320K(88576K) Eden: 90624K(90624K)->0K(88064K) From: 416K(9216K)->320K(512K)
[697.830s][info][gc,heap     ] GC(36) ParOldGen: 86843K(175104K)->87155K(175104K)
[697.830s][info][gc,metaspace] GC(36) Metaspace: 5578K(5696K)->5578K(5696K) NonClass: 4751K(4800K)->4751K(4800K) Class: 827K(896K)->827K(896K)
[697.830s][info][gc          ] GC(36) Pause Young (Allocation Failure) 173M->85M(257M) 2.506ms
[697.830s][info][gc,cpu      ] GC(36) User=0.00s Sys=0.00s Real=0.00s
[708.582s][info][gc,start    ] GC(37) Pause Young (Allocation Failure)
[708.585s][info][gc,heap     ] GC(37) PSYoungGen: 88384K(88576K)->320K(95232K) Eden: 88064K(88064K)->0K(86016K) From: 320K(512K)->320K(9216K)
[708.585s][info][gc,heap     ] GC(37) ParOldGen: 87155K(175104K)->87459K(175104K)
[708.585s][info][gc,metaspace] GC(37) Metaspace: 5578K(5696K)->5578K(5696K) NonClass: 4751K(4800K)->4751K(4800K) Class: 827K(896K)->827K(896K)
[708.585s][info][gc          ] GC(37) Pause Young (Allocation Failure) 171M->85M(264M) 2.447ms
[708.585s][info][gc,cpu      ] GC(37) User=0.00s Sys=0.00s Real=0.00s
[718.805s][info][gc,start    ] GC(38) Pause Young (Allocation Failure)
[718.807s][info][gc,heap     ] GC(38) PSYoungGen: 86336K(95232K)->320K(84480K) Eden: 86016K(86016K)->0K(83968K) From: 320K(9216K)->320K(512K)
[718.807s][info][gc,heap     ] GC(38) ParOldGen: 87459K(175104K)->87755K(175104K)
[718.807s][info][gc,metaspace] GC(38) Metaspace: 5578K(5696K)->5578K(5696K) NonClass: 4751K(4800K)->4751K(4800K) Class: 827K(896K)->827K(896K)
[718.808s][info][gc          ] GC(38) Pause Young (Allocation Failure) 169M->86M(253M) 2.376ms
[718.808s][info][gc,cpu      ] GC(38) User=0.00s Sys=0.00s Real=0.01s
[731.947s][info][gc,start    ] GC(39) Pause Young (Allocation Failure)
[731.961s][info][gc,heap     ] GC(39) PSYoungGen: 84288K(84480K)->10530K(92160K) Eden: 83968K(83968K)->0K(81408K) From: 320K(512K)->10530K(10752K)
[731.961s][info][gc,heap     ] GC(39) ParOldGen: 87755K(175104K)->88027K(175104K)
[731.961s][info][gc,metaspace] GC(39) Metaspace: 5620K(5760K)->5620K(5760K) NonClass: 4793K(4864K)->4793K(4864K) Class: 827K(896K)->827K(896K)
[731.961s][info][gc          ] GC(39) Pause Young (Allocation Failure) 168M->96M(261M) 13.835ms
[731.961s][info][gc,cpu      ] GC(39) User=0.02s Sys=0.00s Real=0.01s
[743.742s][info][gc,start    ] GC(40) Pause Young (Allocation Failure)
[743.759s][info][gc,heap     ] GC(40) PSYoungGen: 91938K(92160K)->64K(79872K) Eden: 81408K(81408K)->0K(79360K) From: 10530K(10752K)->64K(512K)
[743.759s][info][gc,heap     ] GC(40) ParOldGen: 88027K(175104K)->98213K(175104K)
[743.759s][info][gc,metaspace] GC(40) Metaspace: 5620K(5760K)->5620K(5760K) NonClass: 4793K(4864K)->4793K(4864K) Class: 827K(896K)->827K(896K)
[743.759s][info][gc          ] GC(40) Pause Young (Allocation Failure) 175M->95M(249M) 17.165ms
[743.759s][info][gc,cpu      ] GC(40) User=0.02s Sys=0.01s Real=0.02s
[753.170s][info][gc,start    ] GC(41) Pause Young (Allocation Failure)
[753.174s][info][gc,heap     ] GC(41) PSYoungGen: 79423K(79872K)->320K(86016K) Eden: 79359K(79360K)->0K(77312K) From: 64K(512K)->320K(8704K)
[753.174s][info][gc,heap     ] GC(41) ParOldGen: 98213K(175104K)->98221K(175104K)
[753.174s][info][gc,metaspace] GC(41) Metaspace: 5620K(5760K)->5620K(5760K) NonClass: 4793K(4864K)->4793K(4864K) Class: 827K(896K)->827K(896K)
[753.174s][info][gc          ] GC(41) Pause Young (Allocation Failure) 173M->96M(255M) 4.142ms
[753.174s][info][gc,cpu      ] GC(41) User=0.01s Sys=0.00s Real=0.00s
[762.318s][info][gc,start    ] GC(42) Pause Young (Allocation Failure)
[762.321s][info][gc,heap     ] GC(42) PSYoungGen: 77632K(86016K)->288K(75776K) Eden: 77312K(77312K)->0K(75264K) From: 320K(8704K)->288K(512K)
[762.321s][info][gc,heap     ] GC(42) ParOldGen: 98221K(175104K)->98509K(175104K)
[762.321s][info][gc,metaspace] GC(42) Metaspace: 5620K(5760K)->5620K(5760K) NonClass: 4793K(4864K)->4793K(4864K) Class: 827K(896K)->827K(896K)
[762.321s][info][gc          ] GC(42) Pause Young (Allocation Failure) 171M->96M(245M) 3.336ms
[762.321s][info][gc,cpu      ] GC(42) User=0.01s Sys=0.00s Real=0.00s
[771.832s][info][gc,start    ] GC(43) Pause Young (Allocation Failure)
[771.834s][info][gc,heap     ] GC(43) PSYoungGen: 75552K(75776K)->288K(82432K) Eden: 75264K(75264K)->0K(73728K) From: 288K(512K)->288K(8704K)
[771.834s][info][gc,heap     ] GC(43) ParOldGen: 98509K(175104K)->98773K(175104K)
[771.834s][info][gc,metaspace] GC(43) Metaspace: 5620K(5760K)->5620K(5760K) NonClass: 4793K(4864K)->4793K(4864K) Class: 827K(896K)->827K(896K)
[771.834s][info][gc          ] GC(43) Pause Young (Allocation Failure) 169M->96M(251M) 2.167ms
[771.834s][info][gc,cpu      ] GC(43) User=0.01s Sys=0.00s Real=0.00s
[781.332s][info][gc,start    ] GC(44) Pause Young (Allocation Failure)
[781.334s][info][gc,heap     ] GC(44) PSYoungGen: 74016K(82432K)->320K(72704K) Eden: 73728K(73728K)->0K(72192K) From: 288K(8704K)->320K(512K)
[781.334s][info][gc,heap     ] GC(44) ParOldGen: 98773K(175104K)->99021K(175104K)
[781.334s][info][gc,metaspace] GC(44) Metaspace: 5620K(5760K)->5620K(5760K) NonClass: 4793K(4864K)->4793K(4864K) Class: 827K(896K)->827K(896K)
[781.334s][info][gc          ] GC(44) Pause Young (Allocation Failure) 168M->97M(242M) 2.128ms
[781.334s][info][gc,cpu      ] GC(44) User=0.01s Sys=0.00s Real=0.00s
[789.568s][info][gc,start    ] GC(45) Pause Young (Allocation Failure)
[789.570s][info][gc,heap     ] GC(45) PSYoungGen: 72512K(72704K)->288K(78336K) Eden: 72192K(72192K)->0K(70656K) From: 320K(512K)->288K(7680K)
[789.570s][info][gc,heap     ] GC(45) ParOldGen: 99021K(175104K)->99277K(175104K)
[789.570s][info][gc,metaspace] GC(45) Metaspace: 5620K(5760K)->5620K(5760K) NonClass: 4793K(4864K)->4793K(4864K) Class: 827K(896K)->827K(896K)
[789.570s][info][gc          ] GC(45) Pause Young (Allocation Failure) 167M->97M(247M) 2.194ms
[789.570s][info][gc,cpu      ] GC(45) User=0.00s Sys=0.00s Real=0.00s
[797.795s][info][gc,start    ] GC(46) Pause Young (Allocation Failure)
[797.797s][info][gc,heap     ] GC(46) PSYoungGen: 70944K(78336K)->256K(69632K) Eden: 70656K(70656K)->0K(69120K) From: 288K(7680K)->256K(512K)
[797.797s][info][gc,heap     ] GC(46) ParOldGen: 99277K(175104K)->99525K(175104K)
[797.797s][info][gc,metaspace] GC(46) Metaspace: 5620K(5760K)->5620K(5760K) NonClass: 4793K(4864K)->4793K(4864K) Class: 827K(896K)->827K(896K)
[797.797s][info][gc          ] GC(46) Pause Young (Allocation Failure) 166M->97M(239M) 2.174ms
[797.797s][info][gc,cpu      ] GC(46) User=0.01s Sys=0.00s Real=0.01s
[806.049s][info][gc,start    ] GC(47) Pause Young (Allocation Failure)
[806.052s][info][gc,heap     ] GC(47) PSYoungGen: 69376K(69632K)->224K(78336K) Eden: 69120K(69120K)->0K(69632K) From: 256K(512K)->224K(8704K)
[806.052s][info][gc,heap     ] GC(47) ParOldGen: 99525K(175104K)->99757K(175104K)
[806.052s][info][gc,metaspace] GC(47) Metaspace: 5620K(5760K)->5620K(5760K) NonClass: 4793K(4864K)->4793K(4864K) Class: 827K(896K)->827K(896K)
[806.052s][info][gc          ] GC(47) Pause Young (Allocation Failure) 164M->97M(247M) 2.499ms
[806.052s][info][gc,cpu      ] GC(47) User=0.00s Sys=0.00s Real=0.00s
[814.399s][info][gc,start    ] GC(48) Pause Young (Allocation Failure)
[814.401s][info][gc,heap     ] GC(48) PSYoungGen: 69856K(78336K)->256K(78336K) Eden: 69632K(69632K)->0K(69632K) From: 224K(8704K)->256K(8704K)
[814.401s][info][gc,heap     ] GC(48) ParOldGen: 99757K(175104K)->99973K(175104K)
[814.401s][info][gc,metaspace] GC(48) Metaspace: 5620K(5760K)->5620K(5760K) NonClass: 4793K(4864K)->4793K(4864K) Class: 827K(896K)->827K(896K)
[814.401s][info][gc          ] GC(48) Pause Young (Allocation Failure) 165M->97M(247M) 1.760ms
[814.401s][info][gc,cpu      ] GC(48) User=0.00s Sys=0.00s Real=0.00s
[823.161s][info][gc,start    ] GC(49) Pause Young (Allocation Failure)
[823.163s][info][gc,heap     ] GC(49) PSYoungGen: 69888K(78336K)->288K(79360K) Eden: 69632K(69632K)->0K(71168K) From: 256K(8704K)->288K(8192K)
[823.163s][info][gc,heap     ] GC(49) ParOldGen: 99973K(175104K)->100197K(175104K)
[823.163s][info][gc,metaspace] GC(49) Metaspace: 5620K(5760K)->5620K(5760K) NonClass: 4793K(4864K)->4793K(4864K) Class: 827K(896K)->827K(896K)
[823.163s][info][gc          ] GC(49) Pause Young (Allocation Failure) 165M->98M(248M) 1.719ms
[823.163s][info][gc,cpu      ] GC(49) User=0.00s Sys=0.00s Real=0.00s
[834.602s][info][gc,start    ] GC(50) Pause Young (Allocation Failure)
[834.617s][info][gc,heap     ] GC(50) PSYoungGen: 71456K(79360K)->7661K(77312K) Eden: 71168K(71168K)->0K(69632K) From: 288K(8192K)->7661K(7680K)
[834.617s][info][gc,heap     ] GC(50) ParOldGen: 100197K(175104K)->103090K(175104K)
[834.617s][info][gc,metaspace] GC(50) Metaspace: 5624K(5824K)->5624K(5824K) NonClass: 4796K(4928K)->4796K(4928K) Class: 827K(896K)->827K(896K)
[834.617s][info][gc          ] GC(50) Pause Young (Allocation Failure) 167M->108M(246M) 14.974ms
[834.617s][info][gc,cpu      ] GC(50) User=0.02s Sys=0.01s Real=0.02s
[844.692s][info][gc,start    ] GC(51) Pause Young (Allocation Failure)
[844.706s][info][gc,heap     ] GC(51) PSYoungGen: 77293K(77312K)->480K(75776K) Eden: 69632K(69632K)->0K(68096K) From: 7661K(7680K)->480K(7680K)
[844.706s][info][gc,heap     ] GC(51) ParOldGen: 103090K(175104K)->110595K(175104K)
[844.706s][info][gc,metaspace] GC(51) Metaspace: 5624K(5824K)->5624K(5824K) NonClass: 4796K(4928K)->4796K(4928K) Class: 827K(896K)->827K(896K)
[844.706s][info][gc          ] GC(51) Pause Young (Allocation Failure) 176M->108M(245M) 13.949ms
[844.706s][info][gc,cpu      ] GC(51) User=0.02s Sys=0.01s Real=0.01s
[852.840s][info][gc,start    ] GC(52) Pause Young (Allocation Failure)
[852.842s][info][gc,heap     ] GC(52) PSYoungGen: 68576K(75776K)->288K(77824K) Eden: 68096K(68096K)->0K(68096K) From: 480K(7680K)->288K(9728K)
[852.842s][info][gc,heap     ] GC(52) ParOldGen: 110595K(175104K)->111035K(175104K)
[852.842s][info][gc,metaspace] GC(52) Metaspace: 5624K(5824K)->5624K(5824K) NonClass: 4796K(4928K)->4796K(4928K) Class: 827K(896K)->827K(896K)
[852.842s][info][gc          ] GC(52) Pause Young (Allocation Failure) 174M->108M(247M) 2.059ms
[852.842s][info][gc,cpu      ] GC(52) User=0.00s Sys=0.00s Real=0.00s
[860.898s][info][gc,start    ] GC(53) Pause Young (Allocation Failure)
[860.900s][info][gc,heap     ] GC(53) PSYoungGen: 68384K(77824K)->288K(78336K) Eden: 68096K(68096K)->0K(69120K) From: 288K(9728K)->288K(9216K)
[860.900s][info][gc,heap     ] GC(53) ParOldGen: 111035K(175104K)->111307K(175104K)
[860.900s][info][gc,metaspace] GC(53) Metaspace: 5624K(5824K)->5624K(5824K) NonClass: 4796K(4928K)->4796K(4928K) Class: 827K(896K)->827K(896K)
[860.900s][info][gc          ] GC(53) Pause Young (Allocation Failure) 175M->108M(247M) 1.908ms
[860.900s][info][gc,cpu      ] GC(53) User=0.00s Sys=0.00s Real=0.00s
[869.761s][info][gc,start    ] GC(54) Pause Young (Allocation Failure)
[869.763s][info][gc,heap     ] GC(54) PSYoungGen: 69408K(78336K)->288K(77824K) Eden: 69120K(69120K)->0K(69120K) From: 288K(9216K)->288K(8704K)
[869.763s][info][gc,heap     ] GC(54) ParOldGen: 111307K(175104K)->111539K(175104K)
[869.763s][info][gc,metaspace] GC(54) Metaspace: 5624K(5824K)->5624K(5824K) NonClass: 4796K(4928K)->4796K(4928K) Class: 827K(896K)->827K(896K)
[869.763s][info][gc          ] GC(54) Pause Young (Allocation Failure) 176M->109M(247M) 1.851ms
[869.763s][info][gc,cpu      ] GC(54) User=0.00s Sys=0.00s Real=0.00s
[878.309s][info][gc,start    ] GC(55) Pause Young (Allocation Failure)
[878.311s][info][gc,heap     ] GC(55) PSYoungGen: 69408K(77824K)->256K(79360K) Eden: 69120K(69120K)->0K(71168K) From: 288K(8704K)->256K(8192K)
[878.311s][info][gc,heap     ] GC(55) ParOldGen: 111539K(175104K)->111787K(175104K)
[878.311s][info][gc,metaspace] GC(55) Metaspace: 5624K(5824K)->5624K(5824K) NonClass: 4796K(4928K)->4796K(4928K) Class: 827K(896K)->827K(896K)
[878.311s][info][gc          ] GC(55) Pause Young (Allocation Failure) 176M->109M(248M) 1.757ms
[878.311s][info][gc,cpu      ] GC(55) User=0.00s Sys=0.00s Real=0.00s
[886.899s][info][gc,start    ] GC(56) Pause Young (Allocation Failure)
[886.901s][info][gc,heap     ] GC(56) PSYoungGen: 71424K(79360K)->288K(78848K) Eden: 71168K(71168K)->0K(71168K) From: 256K(8192K)->288K(7680K)
[886.901s][info][gc,heap     ] GC(56) ParOldGen: 111787K(175104K)->112011K(175104K)
[886.901s][info][gc,metaspace] GC(56) Metaspace: 5624K(5824K)->5624K(5824K) NonClass: 4796K(4928K)->4796K(4928K) Class: 827K(896K)->827K(896K)
[886.901s][info][gc          ] GC(56) Pause Young (Allocation Failure) 178M->109M(248M) 1.843ms
[886.901s][info][gc,cpu      ] GC(56) User=0.00s Sys=0.00s Real=0.00s
[895.124s][info][gc,start    ] GC(57) Pause Young (Allocation Failure)
[895.126s][info][gc,heap     ] GC(57) PSYoungGen: 71456K(78848K)->288K(79872K) Eden: 71168K(71168K)->0K(72192K) From: 288K(7680K)->288K(7680K)
[895.126s][info][gc,heap     ] GC(57) ParOldGen: 112011K(175104K)->112251K(175104K)
[895.126s][info][gc,metaspace] GC(57) Metaspace: 5624K(5824K)->5624K(5824K) NonClass: 4796K(4928K)->4796K(4928K) Class: 827K(896K)->827K(896K)
[895.126s][info][gc          ] GC(57) Pause Young (Allocation Failure) 179M->109M(249M) 1.887ms
[895.126s][info][gc,cpu      ] GC(57) User=0.00s Sys=0.00s Real=0.00s
[903.814s][info][gc,start    ] GC(58) Pause Young (Allocation Failure)
[903.816s][info][gc,heap     ] GC(58) PSYoungGen: 72480K(79872K)->288K(79360K) Eden: 72192K(72192K)->0K(72192K) From: 288K(7680K)->288K(7168K)
[903.816s][info][gc,heap     ] GC(58) ParOldGen: 112251K(175104K)->112491K(175104K)
[903.816s][info][gc,metaspace] GC(58) Metaspace: 5624K(5824K)->5624K(5824K) NonClass: 4796K(4928K)->4796K(4928K) Class: 827K(896K)->827K(896K)
[903.816s][info][gc          ] GC(58) Pause Young (Allocation Failure) 180M->110M(248M) 2.061ms
[903.816s][info][gc,cpu      ] GC(58) User=0.00s Sys=0.00s Real=0.00s
[912.064s][info][gc,start    ] GC(59) Pause Young (Allocation Failure)
[912.066s][info][gc,heap     ] GC(59) PSYoungGen: 72480K(79360K)->288K(80896K) Eden: 72192K(72192K)->0K(74240K) From: 288K(7168K)->288K(6656K)
[912.066s][info][gc,heap     ] GC(59) ParOldGen: 112491K(175104K)->112731K(175104K)
[912.066s][info][gc,metaspace] GC(59) Metaspace: 5624K(5824K)->5624K(5824K) NonClass: 4796K(4928K)->4796K(4928K) Class: 827K(896K)->827K(896K)
[912.066s][info][gc          ] GC(59) Pause Young (Allocation Failure) 180M->110M(250M) 1.828ms
[912.066s][info][gc,cpu      ] GC(59) User=0.00s Sys=0.00s Real=0.00s
[921.327s][info][gc,start    ] GC(60) Pause Young (Allocation Failure)
[921.329s][info][gc,heap     ] GC(60) PSYoungGen: 74528K(80896K)->288K(80384K) Eden: 74240K(74240K)->0K(74240K) From: 288K(6656K)->288K(6144K)
[921.329s][info][gc,heap     ] GC(60) ParOldGen: 112731K(175104K)->112963K(175104K)
[921.329s][info][gc,metaspace] GC(60) Metaspace: 5624K(5824K)->5624K(5824K) NonClass: 4796K(4928K)->4796K(4928K) Class: 827K(896K)->827K(896K)
[921.329s][info][gc          ] GC(60) Pause Young (Allocation Failure) 182M->110M(249M) 2.185ms
[921.329s][info][gc,cpu      ] GC(60) User=0.01s Sys=0.00s Real=0.01s
[930.528s][info][gc,start    ] GC(61) Pause Young (Allocation Failure)
[930.545s][info][gc,heap     ] GC(61) PSYoungGen: 74528K(80384K)->5615K(78336K) Eden: 74240K(74240K)->0K(72704K) From: 288K(6144K)->5615K(5632K)
[930.545s][info][gc,heap     ] GC(61) ParOldGen: 112963K(175104K)->118031K(175104K)
[930.545s][info][gc,metaspace] GC(61) Metaspace: 5630K(5824K)->5630K(5824K) NonClass: 4802K(4928K)->4802K(4928K) Class: 827K(896K)->827K(896K)
[930.545s][info][gc          ] GC(61) Pause Young (Allocation Failure) 183M->120M(247M) 16.407ms
[930.545s][info][gc,cpu      ] GC(61) User=0.03s Sys=0.00s Real=0.01s
[942.321s][info][gc,start    ] GC(62) Pause Young (Allocation Failure)
[942.334s][info][gc,heap     ] GC(62) PSYoungGen: 78319K(78336K)->64K(71680K) Eden: 72704K(72704K)->0K(71168K) From: 5615K(5632K)->64K(512K)
[942.334s][info][gc,heap     ] GC(62) ParOldGen: 118031K(175104K)->123482K(175104K)
[942.334s][info][gc,metaspace] GC(62) Metaspace: 5630K(5824K)->5630K(5824K) NonClass: 4802K(4928K)->4802K(4928K) Class: 827K(896K)->827K(896K)
[942.334s][info][gc          ] GC(62) Pause Young (Allocation Failure) 191M->120M(241M) 13.165ms
[942.334s][info][gc,cpu      ] GC(62) User=0.02s Sys=0.00s Real=0.01s
[951.628s][info][gc,start    ] GC(63) Pause Young (Allocation Failure)
[951.630s][info][gc,heap     ] GC(63) PSYoungGen: 71232K(71680K)->352K(77824K) Eden: 71168K(71168K)->0K(70656K) From: 64K(512K)->352K(7168K)
[951.630s][info][gc,heap     ] GC(63) ParOldGen: 123482K(175104K)->123490K(175104K)
[951.630s][info][gc,metaspace] GC(63) Metaspace: 5630K(5824K)->5630K(5824K) NonClass: 4802K(4928K)->4802K(4928K) Class: 827K(896K)->827K(896K)
[951.630s][info][gc          ] GC(63) Pause Young (Allocation Failure) 190M->120M(247M) 1.692ms
[951.630s][info][gc,cpu      ] GC(63) User=0.00s Sys=0.00s Real=0.00s
[959.777s][info][gc,start    ] GC(64) Pause Young (Allocation Failure)
[959.779s][info][gc,heap     ] GC(64) PSYoungGen: 71008K(77824K)->288K(78848K) Eden: 70656K(70656K)->0K(70656K) From: 352K(7168K)->288K(8192K)
[959.779s][info][gc,heap     ] GC(64) ParOldGen: 123490K(175104K)->123834K(175104K)
[959.779s][info][gc,metaspace] GC(64) Metaspace: 5630K(5824K)->5630K(5824K) NonClass: 4802K(4928K)->4802K(4928K) Class: 827K(896K)->827K(896K)
[959.779s][info][gc          ] GC(64) Pause Young (Allocation Failure) 189M->121M(248M) 2.036ms
[959.779s][info][gc,cpu      ] GC(64) User=0.01s Sys=0.00s Real=0.00s
[968.154s][info][gc,start    ] GC(65) Pause Young (Allocation Failure)
[968.156s][info][gc,heap     ] GC(65) PSYoungGen: 70943K(78848K)->288K(79872K) Eden: 70655K(70656K)->0K(72192K) From: 288K(8192K)->288K(7680K)
[968.156s][info][gc,heap     ] GC(65) ParOldGen: 123834K(175104K)->124074K(175104K)
[968.156s][info][gc,metaspace] GC(65) Metaspace: 5630K(5824K)->5630K(5824K) NonClass: 4802K(4928K)->4802K(4928K) Class: 827K(896K)->827K(896K)
[968.156s][info][gc          ] GC(65) Pause Young (Allocation Failure) 190M->121M(249M) 2.364ms
[968.156s][info][gc,cpu      ] GC(65) User=0.00s Sys=0.00s Real=0.00s
[977.210s][info][gc,start    ] GC(66) Pause Young (Allocation Failure)
[977.213s][info][gc,heap     ] GC(66) PSYoungGen: 72479K(79872K)->320K(79360K) Eden: 72191K(72192K)->0K(72192K) From: 288K(7680K)->320K(7168K)
[977.213s][info][gc,heap     ] GC(66) ParOldGen: 124074K(175104K)->124314K(175104K)
[977.213s][info][gc,metaspace] GC(66) Metaspace: 5630K(5824K)->5630K(5824K) NonClass: 4802K(4928K)->4802K(4928K) Class: 827K(896K)->827K(896K)
[977.213s][info][gc          ] GC(66) Pause Young (Allocation Failure) 191M->121M(248M) 2.415ms
[977.213s][info][gc,cpu      ] GC(66) User=0.00s Sys=0.00s Real=0.00s
[986.443s][info][gc,start    ] GC(67) Pause Young (Allocation Failure)
[986.445s][info][gc,heap     ] GC(67) PSYoungGen: 72512K(79360K)->288K(80384K) Eden: 72192K(72192K)->0K(73216K) From: 320K(7168K)->288K(7168K)
[986.445s][info][gc,heap     ] GC(67) ParOldGen: 124314K(175104K)->124554K(175104K)
[986.445s][info][gc,metaspace] GC(67) Metaspace: 5630K(5824K)->5630K(5824K) NonClass: 4802K(4928K)->4802K(4928K) Class: 827K(896K)->827K(896K)
[986.445s][info][gc          ] GC(67) Pause Young (Allocation Failure) 192M->121M(249M) 1.869ms
[986.445s][info][gc,cpu      ] GC(67) User=0.00s Sys=0.00s Real=0.00s
[994.896s][info][gc,start    ] GC(68) Pause Young (Allocation Failure)
[994.897s][info][gc,heap     ] GC(68) PSYoungGen: 73504K(80384K)->288K(79872K) Eden: 73216K(73216K)->0K(73216K) From: 288K(7168K)->288K(6656K)
[994.897s][info][gc,heap     ] GC(68) ParOldGen: 124554K(175104K)->124802K(175104K)
[994.897s][info][gc,metaspace] GC(68) Metaspace: 5630K(5824K)->5630K(5824K) NonClass: 4802K(4928K)->4802K(4928K) Class: 827K(896K)->827K(896K)
[994.897s][info][gc          ] GC(68) Pause Young (Allocation Failure) 193M->122M(249M) 1.807ms
[994.897s][info][gc,cpu      ] GC(68) User=0.01s Sys=0.00s Real=0.01s
[1003.554s][info][gc,start    ] GC(69) Pause Young (Allocation Failure)
[1003.555s][info][gc,heap     ] GC(69) PSYoungGen: 73504K(79872K)->288K(81408K) Eden: 73216K(73216K)->0K(75264K) From: 288K(6656K)->288K(6144K)
[1003.555s][info][gc,heap     ] GC(69) ParOldGen: 124802K(175104K)->125050K(175104K)
[1003.555s][info][gc,metaspace] GC(69) Metaspace: 5630K(5824K)->5630K(5824K) NonClass: 4802K(4928K)->4802K(4928K) Class: 827K(896K)->827K(896K)
[1003.556s][info][gc          ] GC(69) Pause Young (Allocation Failure) 193M->122M(250M) 1.865ms
[1003.556s][info][gc,cpu      ] GC(69) User=0.00s Sys=0.00s Real=0.00s
[1012.534s][info][gc,start    ] GC(70) Pause Young (Allocation Failure)
[1012.536s][info][gc,heap     ] GC(70) PSYoungGen: 75552K(81408K)->288K(80896K) Eden: 75264K(75264K)->0K(75264K) From: 288K(6144K)->288K(5632K)
[1012.536s][info][gc,heap     ] GC(70) ParOldGen: 125050K(175104K)->125290K(175104K)
[1012.536s][info][gc,metaspace] GC(70) Metaspace: 5630K(5824K)->5630K(5824K) NonClass: 4802K(4928K)->4802K(4928K) Class: 827K(896K)->827K(896K)
[1012.536s][info][gc          ] GC(70) Pause Young (Allocation Failure) 195M->122M(250M) 1.796ms
[1012.536s][info][gc,cpu      ] GC(70) User=0.00s Sys=0.00s Real=0.00s
[1021.586s][info][gc,start    ] GC(71) Pause Young (Allocation Failure)
[1021.588s][info][gc,heap     ] GC(71) PSYoungGen: 75552K(80896K)->256K(81920K) Eden: 75264K(75264K)->0K(76288K) From: 288K(5632K)->256K(5632K)
[1021.588s][info][gc,heap     ] GC(71) ParOldGen: 125290K(175104K)->125530K(175104K)
[1021.588s][info][gc,metaspace] GC(71) Metaspace: 5630K(5824K)->5630K(5824K) NonClass: 4802K(4928K)->4802K(4928K) Class: 827K(896K)->827K(896K)
[1021.588s][info][gc          ] GC(71) Pause Young (Allocation Failure) 196M->122M(251M) 2.168ms
[1021.588s][info][gc,cpu      ] GC(71) User=0.00s Sys=0.00s Real=0.01s
[1030.831s][info][gc,start    ] GC(72) Pause Young (Allocation Failure)
[1030.835s][info][gc,heap     ] GC(72) PSYoungGen: 76544K(81920K)->2370K(81408K) Eden: 76288K(76288K)->0K(76288K) From: 256K(5632K)->2370K(5120K)
[1030.835s][info][gc,heap     ] GC(72) ParOldGen: 125530K(175104K)->125762K(175104K)
[1030.835s][info][gc,metaspace] GC(72) Metaspace: 5633K(5824K)->5633K(5824K) NonClass: 4806K(4928K)->4806K(4928K) Class: 827K(896K)->827K(896K)
[1030.835s][info][gc          ] GC(72) Pause Young (Allocation Failure) 197M->125M(250M) 4.255ms
[1030.835s][info][gc,cpu      ] GC(72) User=0.01s Sys=0.00s Real=0.00s
[1044.043s][info][gc,start    ] GC(73) Pause Young (Allocation Failure)
[1044.060s][info][gc,heap     ] GC(73) PSYoungGen: 78658K(81408K)->5098K(78848K) Eden: 76288K(76288K)->0K(73728K) From: 2370K(5120K)->5098K(5120K)
[1044.060s][info][gc,heap     ] GC(73) ParOldGen: 125762K(175104K)->131152K(175104K)
[1044.060s][info][gc,metaspace] GC(73) Metaspace: 5633K(5824K)->5633K(5824K) NonClass: 4806K(4928K)->4806K(4928K) Class: 827K(896K)->827K(896K)
[1044.060s][info][gc          ] GC(73) Pause Young (Allocation Failure) 199M->133M(248M) 16.780ms
[1044.060s][info][gc,cpu      ] GC(73) User=0.03s Sys=0.00s Real=0.02s
[1053.933s][info][gc,start    ] GC(74) Pause Young (Allocation Failure)
[1053.941s][info][gc,heap     ] GC(74) PSYoungGen: 78826K(78848K)->64K(72704K) Eden: 73728K(73728K)->0K(72192K) From: 5098K(5120K)->64K(512K)
[1053.941s][info][gc,heap     ] GC(74) ParOldGen: 131152K(175104K)->136101K(175104K)
[1053.941s][info][gc,metaspace] GC(74) Metaspace: 5633K(5824K)->5633K(5824K) NonClass: 4806K(4928K)->4806K(4928K) Class: 827K(896K)->827K(896K)
[1053.941s][info][gc          ] GC(74) Pause Young (Allocation Failure) 205M->132M(242M) 8.349ms
[1053.941s][info][gc,cpu      ] GC(74) User=0.02s Sys=0.00s Real=0.01s
[1062.546s][info][gc,start    ] GC(75) Pause Young (Allocation Failure)
[1062.547s][info][gc,heap     ] GC(75) PSYoungGen: 72256K(72704K)->288K(78336K) Eden: 72192K(72192K)->0K(71680K) From: 64K(512K)->288K(6656K)
[1062.547s][info][gc,heap     ] GC(75) ParOldGen: 136101K(175104K)->136109K(175104K)
[1062.547s][info][gc,metaspace] GC(75) Metaspace: 5633K(5824K)->5633K(5824K) NonClass: 4806K(4928K)->4806K(4928K) Class: 827K(896K)->827K(896K)
[1062.547s][info][gc          ] GC(75) Pause Young (Allocation Failure) 203M->133M(247M) 1.605ms
[1062.547s][info][gc,cpu      ] GC(75) User=0.00s Sys=0.00s Real=0.01s
[1071.188s][info][gc,start    ] GC(76) Pause Young (Allocation Failure)
[1071.189s][info][gc,heap     ] GC(76) PSYoungGen: 71968K(78336K)->256K(79360K) Eden: 71680K(71680K)->0K(71680K) From: 288K(6656K)->256K(7680K)
[1071.190s][info][gc,heap     ] GC(76) ParOldGen: 136109K(175104K)->136365K(175104K)
[1071.190s][info][gc,metaspace] GC(76) Metaspace: 5633K(5824K)->5633K(5824K) NonClass: 4806K(4928K)->4806K(4928K) Class: 827K(896K)->827K(896K)
[1071.190s][info][gc          ] GC(76) Pause Young (Allocation Failure) 203M->133M(248M) 1.879ms
[1071.190s][info][gc,cpu      ] GC(76) User=0.00s Sys=0.00s Real=0.00s
[1080.146s][info][gc,start    ] GC(77) Pause Young (Allocation Failure)
[1080.148s][info][gc,heap     ] GC(77) PSYoungGen: 71936K(79360K)->352K(79872K) Eden: 71680K(71680K)->0K(72704K) From: 256K(7680K)->352K(7168K)
[1080.148s][info][gc,heap     ] GC(77) ParOldGen: 136365K(175104K)->136613K(175104K)
[1080.148s][info][gc,metaspace] GC(77) Metaspace: 5633K(5824K)->5633K(5824K) NonClass: 4806K(4928K)->4806K(4928K) Class: 827K(896K)->827K(896K)
[1080.148s][info][gc          ] GC(77) Pause Young (Allocation Failure) 203M->133M(249M) 2.018ms
[1080.148s][info][gc,cpu      ] GC(77) User=0.00s Sys=0.00s Real=0.01s
[1089.376s][info][gc,start    ] GC(78) Pause Young (Allocation Failure)
[1089.383s][info][gc,heap     ] GC(78) PSYoungGen: 73055K(79872K)->256K(79872K) Eden: 72703K(72704K)->0K(72704K) From: 352K(7168K)->256K(7168K)
[1089.383s][info][gc,heap     ] GC(78) ParOldGen: 136613K(175104K)->136853K(175104K)
[1089.383s][info][gc,metaspace] GC(78) Metaspace: 5633K(5824K)->5633K(5824K) NonClass: 4806K(4928K)->4806K(4928K) Class: 827K(896K)->827K(896K)
[1089.383s][info][gc          ] GC(78) Pause Young (Allocation Failure) 204M->133M(249M) 7.016ms
[1089.383s][info][gc,cpu      ] GC(78) User=0.01s Sys=0.00s Real=0.01s
[1098.319s][info][gc,start    ] GC(79) Pause Young (Allocation Failure)
[1098.321s][info][gc,heap     ] GC(79) PSYoungGen: 72960K(79872K)->288K(80896K) Eden: 72704K(72704K)->0K(74240K) From: 256K(7168K)->288K(6656K)
[1098.321s][info][gc,heap     ] GC(79) ParOldGen: 136853K(175104K)->137101K(175104K)
[1098.321s][info][gc,metaspace] GC(79) Metaspace: 5633K(5824K)->5633K(5824K) NonClass: 4806K(4928K)->4806K(4928K) Class: 827K(896K)->827K(896K)
[1098.321s][info][gc          ] GC(79) Pause Young (Allocation Failure) 204M->134M(250M) 2.413ms
[1098.321s][info][gc,cpu      ] GC(79) User=0.00s Sys=0.00s Real=0.00s
[1107.599s][info][gc,start    ] GC(80) Pause Young (Allocation Failure)
[1107.603s][info][gc,heap     ] GC(80) PSYoungGen: 74528K(80896K)->320K(80384K) Eden: 74240K(74240K)->0K(74240K) From: 288K(6656K)->320K(6144K)
[1107.603s][info][gc,heap     ] GC(80) ParOldGen: 137101K(175104K)->137341K(175104K)
[1107.603s][info][gc,metaspace] GC(80) Metaspace: 5633K(5824K)->5633K(5824K) NonClass: 4806K(4928K)->4806K(4928K) Class: 827K(896K)->827K(896K)
[1107.603s][info][gc          ] GC(80) Pause Young (Allocation Failure) 206M->134M(249M) 3.742ms
[1107.603s][info][gc,cpu      ] GC(80) User=0.00s Sys=0.00s Real=0.00s
[1116.240s][info][gc,start    ] GC(81) Pause Young (Allocation Failure)
[1116.244s][info][gc,heap     ] GC(81) PSYoungGen: 74560K(80384K)->288K(81408K) Eden: 74240K(74240K)->0K(75264K) From: 320K(6144K)->288K(6144K)
[1116.244s][info][gc,heap     ] GC(81) ParOldGen: 137341K(175104K)->137597K(175104K)
[1116.244s][info][gc,metaspace] GC(81) Metaspace: 5633K(5824K)->5633K(5824K) NonClass: 4806K(4928K)->4806K(4928K) Class: 827K(896K)->827K(896K)
[1116.244s][info][gc          ] GC(81) Pause Young (Allocation Failure) 206M->134M(250M) 4.026ms
[1116.244s][info][gc,cpu      ] GC(81) User=0.01s Sys=0.00s Real=0.00s
[1125.496s][info][gc,start    ] GC(82) Pause Young (Allocation Failure)
[1125.498s][info][gc,heap     ] GC(82) PSYoungGen: 75552K(81408K)->288K(80896K) Eden: 75264K(75264K)->0K(75264K) From: 288K(6144K)->288K(5632K)
[1125.498s][info][gc,heap     ] GC(82) ParOldGen: 137597K(175104K)->137845K(175104K)
[1125.498s][info][gc,metaspace] GC(82) Metaspace: 5633K(5824K)->5633K(5824K) NonClass: 4806K(4928K)->4806K(4928K) Class: 827K(896K)->827K(896K)
[1125.498s][info][gc          ] GC(82) Pause Young (Allocation Failure) 208M->134M(250M) 2.526ms
[1125.498s][info][gc,cpu      ] GC(82) User=0.00s Sys=0.00s Real=0.01s
[1134.482s][info][gc,heap,exit] Heap
[1134.482s][info][gc,heap,exit]  PSYoungGen      total 80896K, used 73909K [0x00000000eba00000, 0x00000000f0f00000, 0x0000000100000000)
[1134.482s][info][gc,heap,exit]   eden space 75264K, 97% used [0x00000000eba00000,0x00000000f01e5538,0x00000000f0380000)
[1134.482s][info][gc,heap,exit]   from space 5632K, 5% used [0x00000000f0380000,0x00000000f03c8000,0x00000000f0900000)
[1134.482s][info][gc,heap,exit]   to   space 5120K, 0% used [0x00000000f0a00000,0x00000000f0a00000,0x00000000f0f00000)
[1134.482s][info][gc,heap,exit]  ParOldGen       total 175104K, used 137845K [0x00000000c2e00000, 0x00000000cd900000, 0x00000000eba00000)
[1134.482s][info][gc,heap,exit]   object space 175104K, 78% used [0x00000000c2e00000,0x00000000cb49d768,0x00000000cd900000)
[1134.482s][info][gc,heap,exit]  Metaspace       used 5711K, committed 5888K, reserved 1114112K
[1134.482s][info][gc,heap,exit]   class space    used 840K, committed 896K, reserved 1048576K
