[0.002s][info][metaspace]  - commit_granule_bytes: 65536.
[0.002s][info][metaspace]  - commit_granule_words: 8192.
[0.002s][info][metaspace]  - virtual_space_node_default_size: 8388608.
[0.002s][info][metaspace]  - enlarge_chunks_in_place: 1.
[0.005s][info][gc,init  ] CardTable entry size: 512
[0.005s][info][gc       ] Using Parallel
[0.006s][info][gc,init  ] Version: 24-internal-adhoc.root.jdk (release)
[0.006s][info][gc,init  ] CPUs: 2 total, 2 available
[0.006s][info][gc,init  ] Memory: 3908M
[0.006s][info][gc,init  ] Large Page Support: Disabled
[0.006s][info][gc,init  ] NUMA Support: Disabled
[0.006s][info][gc,init  ] Compressed Oops: Enabled (32-bit)
[0.006s][info][gc,init  ] Alignments: Space 512K, Generation 512K, Heap 2M
[0.006s][info][gc,init  ] Heap Min Capacity: 256M
[0.006s][info][gc,init  ] Heap Initial Capacity: 256M
[0.006s][info][gc,init  ] Heap Max Capacity: 978M
[0.006s][info][gc,init  ] Pre-touch: Disabled
[0.006s][info][gc,init  ] Parallel Workers: 2
[0.028s][info][gc,metaspace] CDS archive(s) mapped at: [0x00007f8a4a000000-0x00007f8a4ae7b000-0x00007f8a4ae7b000), size 15183872, SharedBaseAddress: 0x00007f8a4a000000, ArchiveRelocationMode: 1.
[0.028s][info][gc,metaspace] Compressed class space mapped at: 0x00007f8a4b000000-0x00007f8a8b000000, reserved size: 1073741824
[0.028s][info][gc,metaspace] UseCompressedClassPointers 1, UseCompactObjectHeaders 1
[0.028s][info][gc,metaspace] Narrow klass pointer bits 22, Max shift 10
[0.028s][info][gc,metaspace] Narrow klass base: 0x00007f8a4a000000, Narrow klass shift: 10
[0.028s][info][gc,metaspace] Encoding Range: [0x00007f8a4a000000 - 0x00007f8b4a000000), (4294967296 bytes)
[0.028s][info][gc,metaspace] Klass Range:    [0x00007f8a4a000000 - 0x00007f8a8b000000), (1090519040 bytes)
[0.028s][info][gc,metaspace] Klass ID Range:  [1 - 1064960) (1064959)
[2.180s][info][gc,start    ] GC(0) Pause Young (Allocation Failure)
[2.242s][info][gc,heap     ] GC(0) PSYoungGen: 65536K(76288K)->10751K(76288K) Eden: 65536K(65536K)->0K(65536K) From: 0K(10752K)->10751K(10752K)
[2.242s][info][gc,heap     ] GC(0) ParOldGen: 1088K(175104K)->34173K(175104K)
[2.242s][info][gc,metaspace] GC(0) Metaspace: 8090K(8256K)->8090K(8256K) NonClass: 6952K(7040K)->6952K(7040K) Class: 1137K(1216K)->1137K(1216K)
[2.242s][info][gc          ] GC(0) Pause Young (Allocation Failure) 65M->43M(245M) 62.157ms
[2.242s][info][gc,cpu      ] GC(0) User=0.09s Sys=0.03s Real=0.06s
[2.514s][info][gc,start    ] GC(1) Pause Young (Allocation Failure)
[2.595s][info][gc,heap     ] GC(1) PSYoungGen: 76287K(76288K)->10737K(141824K) Eden: 65536K(65536K)->0K(131072K) From: 10751K(10752K)->10737K(10752K)
[2.595s][info][gc,heap     ] GC(1) ParOldGen: 34173K(175104K)->77728K(175104K)
[2.595s][info][gc,metaspace] GC(1) Metaspace: 9067K(9152K)->9067K(9152K) NonClass: 7812K(7872K)->7812K(7872K) Class: 1255K(1280K)->1255K(1280K)
[2.595s][info][gc          ] GC(1) Pause Young (Allocation Failure) 107M->86M(309M) 80.398ms
[2.595s][info][gc,cpu      ] GC(1) User=0.11s Sys=0.05s Real=0.08s
[2.839s][info][gc,start    ] GC(2) Pause Young (Allocation Failure)
[2.999s][info][gc,heap     ] GC(2) PSYoungGen: 141809K(141824K)->10751K(141824K) Eden: 131072K(131072K)->0K(131072K) From: 10737K(10752K)->10751K(10752K)
[2.999s][info][gc,heap     ] GC(2) ParOldGen: 77728K(175104K)->173454K(175104K)
[2.999s][info][gc,metaspace] GC(2) Metaspace: 9088K(9216K)->9088K(9216K) NonClass: 7825K(7872K)->7825K(7872K) Class: 1262K(1344K)->1262K(1344K)
[2.999s][info][gc          ] GC(2) Pause Young (Allocation Failure) 214M->179M(309M) 160.511ms
[2.999s][info][gc,cpu      ] GC(2) User=0.24s Sys=0.08s Real=0.17s
[3.152s][info][gc,start    ] GC(3) Pause Young (Allocation Failure)
[3.361s][info][gc,heap     ] GC(3) PSYoungGen: 141823K(141824K)->10734K(272896K) Eden: 131072K(131072K)->0K(262144K) From: 10751K(10752K)->10734K(10752K)
[3.361s][info][gc,heap     ] GC(3) ParOldGen: 173454K(175104K)->262862K(263168K)
[3.361s][info][gc,metaspace] GC(3) Metaspace: 9100K(9280K)->9100K(9280K) NonClass: 7836K(7936K)->7836K(7936K) Class: 1263K(1344K)->1263K(1344K)
[3.362s][info][gc          ] GC(3) Pause Young (Allocation Failure) 307M->267M(523M) 209.155ms
[3.362s][info][gc,cpu      ] GC(3) User=0.33s Sys=0.08s Real=0.21s
[4.841s][info][gc,start    ] GC(4) Pause Young (Allocation Failure)
[5.136s][info][gc,heap     ] GC(4) PSYoungGen: 272592K(272896K)->10721K(272896K) Eden: 261857K(262144K)->0K(262144K) From: 10734K(10752K)->10721K(10752K)
[5.136s][info][gc,heap     ] GC(4) ParOldGen: 262862K(263168K)->385376K(385536K)
[5.136s][info][gc,metaspace] GC(4) Metaspace: 12236K(12416K)->12236K(12416K) NonClass: 10623K(10688K)->10623K(10688K) Class: 1613K(1728K)->1613K(1728K)
[5.136s][info][gc          ] GC(4) Pause Young (Allocation Failure) 522M->386M(643M) 294.631ms
[5.136s][info][gc,cpu      ] GC(4) User=0.47s Sys=0.11s Real=0.29s
[6.978s][info][gc,start    ] GC(5) Pause Young (Allocation Failure)
[7.155s][info][gc,heap     ] GC(5) PSYoungGen: 272865K(272896K)->60919K(172544K) Eden: 262144K(262144K)->0K(111616K) From: 10721K(10752K)->60919K(60928K)
[7.155s][info][gc,heap     ] GC(5) ParOldGen: 385376K(385536K)->442323K(442880K)
[7.155s][info][gc,metaspace] GC(5) Metaspace: 15449K(15680K)->15449K(15680K) NonClass: 13467K(13632K)->13467K(13632K) Class: 1982K(2048K)->1982K(2048K)
[7.155s][info][gc          ] GC(5) Pause Young (Allocation Failure) 642M->491M(601M) 176.612ms
[7.155s][info][gc,cpu      ] GC(5) User=0.27s Sys=0.08s Real=0.18s
[7.457s][info][gc,start    ] GC(6) Pause Young (Allocation Failure)
[7.640s][info][gc,heap     ] GC(6) PSYoungGen: 138131K(172544K)->73789K(222720K) Eden: 77212K(111616K)->0K(111616K) From: 60919K(60928K)->73789K(111104K)
[7.640s][info][gc,heap     ] GC(6) ParOldGen: 442323K(442880K)->444867K(444928K)
[7.640s][info][gc,metaspace] GC(6) Metaspace: 15532K(15744K)->15532K(15744K) NonClass: 13536K(13696K)->13536K(13696K) Class: 1995K(2048K)->1995K(2048K)
[7.640s][info][gc          ] GC(6) Pause Young (Allocation Failure) 566M->506M(652M) 183.747ms
[7.640s][info][gc,cpu      ] GC(6) User=0.36s Sys=0.00s Real=0.19s
[11.666s][info][gc,start    ] GC(7) Pause Young (Allocation Failure)
[11.755s][info][gc,heap     ] GC(7) PSYoungGen: 185405K(222720K)->111099K(222720K) Eden: 111616K(111616K)->0K(111616K) From: 73789K(111104K)->111099K(111104K)
[11.755s][info][gc,heap     ] GC(7) ParOldGen: 444867K(444928K)->531958K(531968K)
[11.755s][info][gc,metaspace] GC(7) Metaspace: 16489K(16704K)->16489K(16704K) NonClass: 14370K(14528K)->14370K(14528K) Class: 2119K(2176K)->2119K(2176K)
[11.755s][info][gc          ] GC(7) Pause Young (Allocation Failure) 615M->627M(737M) 88.947ms
[11.755s][info][gc,cpu      ] GC(7) User=0.11s Sys=0.06s Real=0.09s
[16.870s][info][gc,start    ] GC(8) Pause Full (Allocation Failure)
[16.870s][info][gc,phases,start] GC(8) Marking Phase
[17.072s][info][gc,phases      ] GC(8) Marking Phase 202.199ms
[17.072s][info][gc,phases,start] GC(8) Summary Phase
[17.072s][info][gc,phases      ] GC(8) Summary Phase 0.036ms
[17.072s][info][gc,phases,start] GC(8) Forward
[17.150s][info][gc,phases      ] GC(8) Forward 78.303ms
[17.150s][info][gc,phases,start] GC(8) Adjust Pointers
[17.280s][info][gc,phases      ] GC(8) Adjust Pointers 129.947ms
[17.280s][info][gc,phases,start] GC(8) Compaction Phase
[17.401s][info][gc,phases      ] GC(8) Compaction Phase 120.826ms
[17.402s][info][gc,phases,start] GC(8) Post Compact
[17.409s][info][gc,phases      ] GC(8) Post Compact 6.904ms
[17.409s][info][gc,heap        ] GC(8) PSYoungGen: 222715K(222720K)->37682K(222720K) Eden: 111616K(111616K)->0K(111616K) From: 111099K(111104K)->37682K(111104K)
[17.409s][info][gc,heap        ] GC(8) ParOldGen: 531958K(531968K)->531762K(667648K)
[17.409s][info][gc,metaspace   ] GC(8) Metaspace: 16756K(17024K)->16756K(17024K) NonClass: 14602K(14784K)->14602K(14784K) Class: 2153K(2240K)->2153K(2240K)
[17.409s][info][gc             ] GC(8) Pause Full (Allocation Failure) 736M->556M(869M) 539.383ms
[17.409s][info][gc,cpu         ] GC(8) User=0.99s Sys=0.02s Real=0.54s
[17.965s][info][gc,start       ] GC(9) Pause Full (Allocation Failure)
[17.965s][info][gc,phases,start] GC(9) Marking Phase
[18.233s][info][gc,phases      ] GC(9) Marking Phase 268.054ms
[18.233s][info][gc,phases,start] GC(9) Summary Phase
[18.233s][info][gc,phases      ] GC(9) Summary Phase 0.038ms
[18.234s][info][gc,phases,start] GC(9) Forward
[18.260s][info][gc,phases      ] GC(9) Forward 26.902ms
[18.260s][info][gc,phases,start] GC(9) Adjust Pointers
[18.414s][info][gc,phases      ] GC(9) Adjust Pointers 153.447ms
[18.414s][info][gc,phases,start] GC(9) Compaction Phase
[18.570s][info][gc,phases      ] GC(9) Compaction Phase 155.883ms
[18.570s][info][gc,phases,start] GC(9) Post Compact
[18.572s][info][gc,phases      ] GC(9) Post Compact 2.304ms
[18.572s][info][gc,heap        ] GC(9) PSYoungGen: 149298K(222720K)->0K(222720K) Eden: 111616K(111616K)->0K(111616K) From: 37682K(111104K)->0K(111104K)
[18.572s][info][gc,heap        ] GC(9) ParOldGen: 531762K(667648K)->663465K(667648K)
[18.572s][info][gc,metaspace   ] GC(9) Metaspace: 16808K(17088K)->16808K(17088K) NonClass: 14652K(14848K)->14652K(14848K) Class: 2155K(2240K)->2155K(2240K)
[18.572s][info][gc             ] GC(9) Pause Full (Allocation Failure) 665M->647M(869M) 607.129ms
[18.572s][info][gc,cpu         ] GC(9) User=1.08s Sys=0.09s Real=0.61s
[19.029s][info][gc,start       ] GC(10) Pause Full (Allocation Failure)
[19.029s][info][gc,phases,start] GC(10) Marking Phase
[19.323s][info][gc,phases      ] GC(10) Marking Phase 294.905ms
[19.324s][info][gc,phases,start] GC(10) Summary Phase
[19.324s][info][gc,phases      ] GC(10) Summary Phase 0.028ms
[19.324s][info][gc,phases,start] GC(10) Forward
[19.414s][info][gc,phases      ] GC(10) Forward 90.343ms
[19.414s][info][gc,phases,start] GC(10) Adjust Pointers
[19.604s][info][gc,phases      ] GC(10) Adjust Pointers 190.055ms
[19.604s][info][gc,phases,start] GC(10) Compaction Phase
[19.742s][info][gc,phases      ] GC(10) Compaction Phase 138.209ms
[19.743s][info][gc,phases,start] GC(10) Post Compact
[19.745s][info][gc,phases      ] GC(10) Post Compact 2.322ms
[19.745s][info][gc,heap        ] GC(10) PSYoungGen: 111616K(222720K)->19286K(222720K) Eden: 111616K(111616K)->19286K(111616K) From: 0K(111104K)->0K(111104K)
[19.745s][info][gc,heap        ] GC(10) ParOldGen: 663465K(667648K)->667591K(667648K)
[19.745s][info][gc,metaspace   ] GC(10) Metaspace: 16857K(17088K)->16857K(17088K) NonClass: 14702K(14848K)->14702K(14848K) Class: 2155K(2240K)->2155K(2240K)
[19.745s][info][gc             ] GC(10) Pause Full (Allocation Failure) 756M->670M(869M) 716.575ms
[19.745s][info][gc,cpu         ] GC(10) User=1.38s Sys=0.01s Real=0.72s
[20.008s][info][gc,start       ] GC(11) Pause Full (Allocation Failure)
[20.008s][info][gc,phases,start] GC(11) Marking Phase
[20.305s][info][gc,phases      ] GC(11) Marking Phase 297.140ms
[20.305s][info][gc,phases,start] GC(11) Summary Phase
[20.305s][info][gc,phases      ] GC(11) Summary Phase 0.024ms
[20.305s][info][gc,phases,start] GC(11) Forward
[20.322s][info][gc,phases      ] GC(11) Forward 16.443ms
[20.322s][info][gc,phases,start] GC(11) Adjust Pointers
[20.488s][info][gc,phases      ] GC(11) Adjust Pointers 166.080ms
[20.488s][info][gc,phases,start] GC(11) Compaction Phase
[20.575s][info][gc,phases      ] GC(11) Compaction Phase 87.686ms
[20.576s][info][gc,phases,start] GC(11) Post Compact
[20.578s][info][gc,phases      ] GC(11) Post Compact 2.275ms
[20.578s][info][gc,heap        ] GC(11) PSYoungGen: 111616K(222720K)->38721K(222720K) Eden: 111616K(111616K)->38721K(111616K) From: 0K(111104K)->0K(111104K)
[20.578s][info][gc,heap        ] GC(11) ParOldGen: 667591K(667648K)->667591K(667648K)
[20.578s][info][gc,metaspace   ] GC(11) Metaspace: 16857K(17088K)->16857K(17088K) NonClass: 14702K(14848K)->14702K(14848K) Class: 2155K(2240K)->2155K(2240K)
[20.578s][info][gc             ] GC(11) Pause Full (Allocation Failure) 760M->689M(869M) 570.100ms
[20.578s][info][gc,cpu         ] GC(11) User=1.11s Sys=0.01s Real=0.57s
[20.793s][info][gc,start       ] GC(12) Pause Full (Allocation Failure)
[20.793s][info][gc,phases,start] GC(12) Marking Phase
[21.114s][info][gc,phases      ] GC(12) Marking Phase 320.238ms
[21.114s][info][gc,phases,start] GC(12) Summary Phase
[21.114s][info][gc,phases      ] GC(12) Summary Phase 0.048ms
[21.114s][info][gc,phases,start] GC(12) Forward
[21.134s][info][gc,phases      ] GC(12) Forward 20.390ms
[21.134s][info][gc,phases,start] GC(12) Adjust Pointers
[21.310s][info][gc,phases      ] GC(12) Adjust Pointers 176.196ms
[21.310s][info][gc,phases,start] GC(12) Compaction Phase
[21.403s][info][gc,phases      ] GC(12) Compaction Phase 92.175ms
[21.403s][info][gc,phases,start] GC(12) Post Compact
[21.405s][info][gc,phases      ] GC(12) Post Compact 2.342ms
[21.405s][info][gc,heap        ] GC(12) PSYoungGen: 111616K(222720K)->54057K(222720K) Eden: 111616K(111616K)->54057K(111616K) From: 0K(111104K)->0K(111104K)
[21.405s][info][gc,heap        ] GC(12) ParOldGen: 667591K(667648K)->667591K(667648K)
[21.405s][info][gc,metaspace   ] GC(12) Metaspace: 16857K(17088K)->16857K(17088K) NonClass: 14702K(14848K)->14702K(14848K) Class: 2155K(2240K)->2155K(2240K)
[21.405s][info][gc             ] GC(12) Pause Full (Allocation Failure) 760M->704M(869M) 611.824ms
[21.405s][info][gc,cpu         ] GC(12) User=1.19s Sys=0.00s Real=0.61s
[21.561s][info][gc,start       ] GC(13) Pause Full (Allocation Failure)
[21.561s][info][gc,phases,start] GC(13) Marking Phase
[21.883s][info][gc,phases      ] GC(13) Marking Phase 322.335ms
[21.883s][info][gc,phases,start] GC(13) Summary Phase
[21.883s][info][gc,phases      ] GC(13) Summary Phase 0.023ms
[21.883s][info][gc,phases,start] GC(13) Forward
[21.905s][info][gc,phases      ] GC(13) Forward 21.080ms
[21.905s][info][gc,phases,start] GC(13) Adjust Pointers
[22.081s][info][gc,phases      ] GC(13) Adjust Pointers 176.217ms
[22.081s][info][gc,phases,start] GC(13) Compaction Phase
[22.171s][info][gc,phases      ] GC(13) Compaction Phase 90.287ms
[22.171s][info][gc,phases,start] GC(13) Post Compact
[22.174s][info][gc,phases      ] GC(13) Post Compact 2.243ms
[22.174s][info][gc,heap        ] GC(13) PSYoungGen: 111616K(222720K)->66217K(222720K) Eden: 111616K(111616K)->66217K(111616K) From: 0K(111104K)->0K(111104K)
[22.174s][info][gc,heap        ] GC(13) ParOldGen: 667591K(667648K)->667591K(667648K)
[22.174s][info][gc,metaspace   ] GC(13) Metaspace: 16857K(17088K)->16857K(17088K) NonClass: 14702K(14848K)->14702K(14848K) Class: 2155K(2240K)->2155K(2240K)
[22.174s][info][gc             ] GC(13) Pause Full (Allocation Failure) 760M->716M(869M) 612.635ms
[22.174s][info][gc,cpu         ] GC(13) User=1.19s Sys=0.00s Real=0.61s
[22.273s][info][gc,start       ] GC(14) Pause Full (Allocation Failure)
[22.273s][info][gc,phases,start] GC(14) Marking Phase
[22.600s][info][gc,phases      ] GC(14) Marking Phase 326.999ms
[22.600s][info][gc,phases,start] GC(14) Summary Phase
[22.600s][info][gc,phases      ] GC(14) Summary Phase 0.023ms
[22.600s][info][gc,phases,start] GC(14) Forward
[22.623s][info][gc,phases      ] GC(14) Forward 22.301ms
[22.623s][info][gc,phases,start] GC(14) Adjust Pointers
[22.807s][info][gc,phases      ] GC(14) Adjust Pointers 184.646ms
[22.807s][info][gc,phases,start] GC(14) Compaction Phase
[22.908s][info][gc,phases      ] GC(14) Compaction Phase 100.320ms
[22.908s][info][gc,phases,start] GC(14) Post Compact
[22.910s][info][gc,phases      ] GC(14) Post Compact 2.268ms
[22.910s][info][gc,heap        ] GC(14) PSYoungGen: 111616K(222720K)->75850K(222720K) Eden: 111616K(111616K)->75850K(111616K) From: 0K(111104K)->0K(111104K)
[22.910s][info][gc,heap        ] GC(14) ParOldGen: 667591K(667648K)->667591K(667648K)
[22.910s][info][gc,metaspace   ] GC(14) Metaspace: 16857K(17088K)->16857K(17088K) NonClass: 14702K(14848K)->14702K(14848K) Class: 2155K(2240K)->2155K(2240K)
[22.910s][info][gc             ] GC(14) Pause Full (Allocation Failure) 760M->726M(869M) 636.999ms
[22.910s][info][gc,cpu         ] GC(14) User=1.24s Sys=0.00s Real=0.64s
[22.978s][info][gc,start       ] GC(15) Pause Full (Allocation Failure)
[22.978s][info][gc,phases,start] GC(15) Marking Phase
[23.310s][info][gc,phases      ] GC(15) Marking Phase 331.403ms
[23.310s][info][gc,phases,start] GC(15) Summary Phase
[23.310s][info][gc,phases      ] GC(15) Summary Phase 0.025ms
[23.310s][info][gc,phases,start] GC(15) Forward
[23.332s][info][gc,phases      ] GC(15) Forward 22.627ms
[23.332s][info][gc,phases,start] GC(15) Adjust Pointers
[23.515s][info][gc,phases      ] GC(15) Adjust Pointers 182.230ms
[23.515s][info][gc,phases,start] GC(15) Compaction Phase
[23.607s][info][gc,phases      ] GC(15) Compaction Phase 92.169ms
[23.607s][info][gc,phases,start] GC(15) Post Compact
[23.609s][info][gc,phases      ] GC(15) Post Compact 2.295ms
[23.609s][info][gc,heap        ] GC(15) PSYoungGen: 111616K(222720K)->83439K(222720K) Eden: 111616K(111616K)->83439K(111616K) From: 0K(111104K)->0K(111104K)
[23.609s][info][gc,heap        ] GC(15) ParOldGen: 667591K(667648K)->667591K(667648K)
[23.609s][info][gc,metaspace   ] GC(15) Metaspace: 16857K(17088K)->16857K(17088K) NonClass: 14702K(14848K)->14702K(14848K) Class: 2155K(2240K)->2155K(2240K)
[23.609s][info][gc             ] GC(15) Pause Full (Allocation Failure) 760M->733M(869M) 631.203ms
[23.609s][info][gc,cpu         ] GC(15) User=1.23s Sys=0.00s Real=0.64s
[23.664s][info][gc,start       ] GC(16) Pause Full (Allocation Failure)
[23.664s][info][gc,phases,start] GC(16) Marking Phase
[24.000s][info][gc,phases      ] GC(16) Marking Phase 336.202ms
[24.001s][info][gc,phases,start] GC(16) Summary Phase
[24.001s][info][gc,phases      ] GC(16) Summary Phase 0.026ms
[24.001s][info][gc,phases,start] GC(16) Forward
[24.022s][info][gc,phases      ] GC(16) Forward 21.783ms
[24.022s][info][gc,phases,start] GC(16) Adjust Pointers
[24.208s][info][gc,phases      ] GC(16) Adjust Pointers 185.641ms
[24.208s][info][gc,phases,start] GC(16) Compaction Phase
[24.302s][info][gc,phases      ] GC(16) Compaction Phase 94.184ms
[24.302s][info][gc,phases,start] GC(16) Post Compact
[24.305s][info][gc,phases      ] GC(16) Post Compact 2.258ms
[24.305s][info][gc,heap        ] GC(16) PSYoungGen: 111616K(222720K)->89451K(222720K) Eden: 111616K(111616K)->89451K(111616K) From: 0K(111104K)->0K(111104K)
[24.305s][info][gc,heap        ] GC(16) ParOldGen: 667591K(667648K)->667591K(667648K)
[24.305s][info][gc,metaspace   ] GC(16) Metaspace: 16857K(17088K)->16857K(17088K) NonClass: 14702K(14848K)->14702K(14848K) Class: 2155K(2240K)->2155K(2240K)
[24.305s][info][gc             ] GC(16) Pause Full (Allocation Failure) 760M->739M(869M) 640.522ms
[24.305s][info][gc,cpu         ] GC(16) User=1.25s Sys=0.01s Real=0.64s
[24.347s][info][gc,start       ] GC(17) Pause Full (Allocation Failure)
[24.347s][info][gc,phases,start] GC(17) Marking Phase
[24.691s][info][gc,phases      ] GC(17) Marking Phase 343.133ms
[24.691s][info][gc,phases,start] GC(17) Summary Phase
[24.691s][info][gc,phases      ] GC(17) Summary Phase 0.024ms
[24.691s][info][gc,phases,start] GC(17) Forward
[24.712s][info][gc,phases      ] GC(17) Forward 21.339ms
[24.712s][info][gc,phases,start] GC(17) Adjust Pointers
[24.896s][info][gc,phases      ] GC(17) Adjust Pointers 184.221ms
[24.896s][info][gc,phases,start] GC(17) Compaction Phase
[24.993s][info][gc,phases      ] GC(17) Compaction Phase 96.297ms
[24.993s][info][gc,phases,start] GC(17) Post Compact
[24.995s][info][gc,phases      ] GC(17) Post Compact 2.253ms
[24.995s][info][gc,heap        ] GC(17) PSYoungGen: 111616K(222720K)->94112K(222720K) Eden: 111616K(111616K)->94112K(111616K) From: 0K(111104K)->0K(111104K)
[24.995s][info][gc,heap        ] GC(17) ParOldGen: 667591K(667648K)->667591K(667648K)
[24.995s][info][gc,metaspace   ] GC(17) Metaspace: 16857K(17088K)->16857K(17088K) NonClass: 14702K(14848K)->14702K(14848K) Class: 2155K(2240K)->2155K(2240K)
[24.995s][info][gc             ] GC(17) Pause Full (Allocation Failure) 760M->743M(869M) 647.738ms
[24.995s][info][gc,cpu         ] GC(17) User=1.27s Sys=0.00s Real=0.65s
[25.029s][info][gc,start       ] GC(18) Pause Full (Allocation Failure)
[25.029s][info][gc,phases,start] GC(18) Marking Phase
[25.373s][info][gc,phases      ] GC(18) Marking Phase 343.961ms
[25.373s][info][gc,phases,start] GC(18) Summary Phase
[25.373s][info][gc,phases      ] GC(18) Summary Phase 0.023ms
[25.373s][info][gc,phases,start] GC(18) Forward
[25.394s][info][gc,phases      ] GC(18) Forward 21.624ms
[25.394s][info][gc,phases,start] GC(18) Adjust Pointers
[25.579s][info][gc,phases      ] GC(18) Adjust Pointers 184.847ms
[25.579s][info][gc,phases,start] GC(18) Compaction Phase
[25.673s][info][gc,phases      ] GC(18) Compaction Phase 94.019ms
[25.673s][info][gc,phases,start] GC(18) Post Compact
[25.676s][info][gc,phases      ] GC(18) Post Compact 2.249ms
[25.676s][info][gc,heap        ] GC(18) PSYoungGen: 111616K(222720K)->97845K(222720K) Eden: 111616K(111616K)->97845K(111616K) From: 0K(111104K)->0K(111104K)
[25.676s][info][gc,heap        ] GC(18) ParOldGen: 667591K(667648K)->667591K(667648K)
[25.676s][info][gc,metaspace   ] GC(18) Metaspace: 16857K(17088K)->16857K(17088K) NonClass: 14702K(14848K)->14702K(14848K) Class: 2155K(2240K)->2155K(2240K)
[25.676s][info][gc             ] GC(18) Pause Full (Allocation Failure) 760M->747M(869M) 647.186ms
[25.676s][info][gc,cpu         ] GC(18) User=1.27s Sys=0.00s Real=0.65s
[25.702s][info][gc,start       ] GC(19) Pause Full (Allocation Failure)
[25.702s][info][gc,phases,start] GC(19) Marking Phase
[26.047s][info][gc,phases      ] GC(19) Marking Phase 345.112ms
[26.047s][info][gc,phases,start] GC(19) Summary Phase
[26.047s][info][gc,phases      ] GC(19) Summary Phase 0.024ms
[26.047s][info][gc,phases,start] GC(19) Forward
[26.069s][info][gc,phases      ] GC(19) Forward 21.786ms
[26.069s][info][gc,phases,start] GC(19) Adjust Pointers
[26.254s][info][gc,phases      ] GC(19) Adjust Pointers 185.461ms
[26.254s][info][gc,phases,start] GC(19) Compaction Phase
[26.348s][info][gc,phases      ] GC(19) Compaction Phase 93.998ms
[26.348s][info][gc,phases,start] GC(19) Post Compact
[26.351s][info][gc,phases      ] GC(19) Post Compact 2.261ms
[26.351s][info][gc,heap        ] GC(19) PSYoungGen: 111616K(222720K)->100753K(222720K) Eden: 111616K(111616K)->100753K(111616K) From: 0K(111104K)->0K(111104K)
[26.351s][info][gc,heap        ] GC(19) ParOldGen: 667591K(667648K)->667591K(667648K)
[26.351s][info][gc,metaspace   ] GC(19) Metaspace: 16857K(17088K)->16857K(17088K) NonClass: 14702K(14848K)->14702K(14848K) Class: 2155K(2240K)->2155K(2240K)
[26.351s][info][gc             ] GC(19) Pause Full (Allocation Failure) 760M->750M(869M) 649.083ms
[26.351s][info][gc,cpu         ] GC(19) User=1.27s Sys=0.00s Real=0.65s
[26.372s][info][gc,start       ] GC(20) Pause Full (Allocation Failure)
[26.372s][info][gc,phases,start] GC(20) Marking Phase
[26.720s][info][gc,phases      ] GC(20) Marking Phase 347.624ms
[26.720s][info][gc,phases,start] GC(20) Summary Phase
[26.720s][info][gc,phases      ] GC(20) Summary Phase 0.023ms
[26.720s][info][gc,phases,start] GC(20) Forward
[26.741s][info][gc,phases      ] GC(20) Forward 21.644ms
[26.741s][info][gc,phases,start] GC(20) Adjust Pointers
[26.932s][info][gc,phases      ] GC(20) Adjust Pointers 190.463ms
[26.932s][info][gc,phases,start] GC(20) Compaction Phase
[27.026s][info][gc,phases      ] GC(20) Compaction Phase 94.454ms
[27.026s][info][gc,phases,start] GC(20) Post Compact
[27.029s][info][gc,phases      ] GC(20) Post Compact 2.247ms
[27.029s][info][gc,heap        ] GC(20) PSYoungGen: 111616K(222720K)->103065K(222720K) Eden: 111616K(111616K)->103065K(111616K) From: 0K(111104K)->0K(111104K)
[27.029s][info][gc,heap        ] GC(20) ParOldGen: 667591K(667648K)->667591K(667648K)
[27.029s][info][gc,metaspace   ] GC(20) Metaspace: 16857K(17088K)->16857K(17088K) NonClass: 14702K(14848K)->14702K(14848K) Class: 2155K(2240K)->2155K(2240K)
[27.029s][info][gc             ] GC(20) Pause Full (Allocation Failure) 760M->752M(869M) 656.904ms
[27.029s][info][gc,cpu         ] GC(20) User=1.29s Sys=0.00s Real=0.65s
[27.045s][info][gc,start       ] GC(21) Pause Full (Allocation Failure)
[27.046s][info][gc,phases,start] GC(21) Marking Phase
[27.418s][info][gc,phases      ] GC(21) Marking Phase 372.562ms
[27.418s][info][gc,phases,start] GC(21) Summary Phase
[27.418s][info][gc,phases      ] GC(21) Summary Phase 0.025ms
[27.418s][info][gc,phases,start] GC(21) Forward
[27.440s][info][gc,phases      ] GC(21) Forward 21.687ms
[27.440s][info][gc,phases,start] GC(21) Adjust Pointers
[27.630s][info][gc,phases      ] GC(21) Adjust Pointers 189.683ms
[27.630s][info][gc,phases,start] GC(21) Compaction Phase
[27.727s][info][gc,phases      ] GC(21) Compaction Phase 97.077ms
[27.727s][info][gc,phases,start] GC(21) Post Compact
[27.729s][info][gc,phases      ] GC(21) Post Compact 2.248ms
[27.729s][info][gc,heap        ] GC(21) PSYoungGen: 111616K(222720K)->104877K(222720K) Eden: 111616K(111616K)->104877K(111616K) From: 0K(111104K)->0K(111104K)
[27.729s][info][gc,heap        ] GC(21) ParOldGen: 667591K(667648K)->667591K(667648K)
[27.729s][info][gc,metaspace   ] GC(21) Metaspace: 16857K(17088K)->16857K(17088K) NonClass: 14702K(14848K)->14702K(14848K) Class: 2155K(2240K)->2155K(2240K)
[27.729s][info][gc             ] GC(21) Pause Full (Allocation Failure) 760M->754M(869M) 683.756ms
[27.729s][info][gc,cpu         ] GC(21) User=1.34s Sys=0.00s Real=0.69s
[27.742s][info][gc,start       ] GC(22) Pause Full (Allocation Failure)
[27.742s][info][gc,phases,start] GC(22) Marking Phase
[28.088s][info][gc,phases      ] GC(22) Marking Phase 345.169ms
[28.088s][info][gc,phases,start] GC(22) Summary Phase
[28.088s][info][gc,phases      ] GC(22) Summary Phase 0.026ms
[28.088s][info][gc,phases,start] GC(22) Forward
[28.113s][info][gc,phases      ] GC(22) Forward 24.875ms
[28.113s][info][gc,phases,start] GC(22) Adjust Pointers
[28.303s][info][gc,phases      ] GC(22) Adjust Pointers 190.468ms
[28.303s][info][gc,phases,start] GC(22) Compaction Phase
[28.410s][info][gc,phases      ] GC(22) Compaction Phase 107.171ms
[28.410s][info][gc,phases,start] GC(22) Post Compact
[28.413s][info][gc,phases      ] GC(22) Post Compact 2.253ms
[28.413s][info][gc,heap        ] GC(22) PSYoungGen: 111616K(222720K)->106331K(222720K) Eden: 111616K(111616K)->106331K(111616K) From: 0K(111104K)->0K(111104K)
[28.413s][info][gc,heap        ] GC(22) ParOldGen: 667591K(667648K)->667591K(667648K)
[28.413s][info][gc,metaspace   ] GC(22) Metaspace: 16857K(17088K)->16857K(17088K) NonClass: 14702K(14848K)->14702K(14848K) Class: 2155K(2240K)->2155K(2240K)
[28.413s][info][gc             ] GC(22) Pause Full (Allocation Failure) 760M->755M(869M) 670.416ms
[28.413s][info][gc,cpu         ] GC(22) User=1.32s Sys=0.00s Real=0.67s
[28.423s][info][gc,start       ] GC(23) Pause Full (Allocation Failure)
[28.423s][info][gc,phases,start] GC(23) Marking Phase
[28.771s][info][gc,phases      ] GC(23) Marking Phase 347.828ms
[28.771s][info][gc,phases,start] GC(23) Summary Phase
[28.771s][info][gc,phases      ] GC(23) Summary Phase 0.024ms
[28.771s][info][gc,phases,start] GC(23) Forward
[28.792s][info][gc,phases      ] GC(23) Forward 21.283ms
[28.792s][info][gc,phases,start] GC(23) Adjust Pointers
[28.979s][info][gc,phases      ] GC(23) Adjust Pointers 186.864ms
[28.979s][info][gc,phases,start] GC(23) Compaction Phase
[29.076s][info][gc,phases      ] GC(23) Compaction Phase 96.550ms
[29.076s][info][gc,phases,start] GC(23) Post Compact
[29.078s][info][gc,phases      ] GC(23) Post Compact 2.282ms
[29.078s][info][gc,heap        ] GC(23) PSYoungGen: 111616K(222720K)->107474K(222720K) Eden: 111616K(111616K)->107474K(111616K) From: 0K(111104K)->0K(111104K)
[29.078s][info][gc,heap        ] GC(23) ParOldGen: 667591K(667648K)->667591K(667648K)
[29.078s][info][gc,metaspace   ] GC(23) Metaspace: 16857K(17088K)->16857K(17088K) NonClass: 14702K(14848K)->14702K(14848K) Class: 2155K(2240K)->2155K(2240K)
[29.078s][info][gc             ] GC(23) Pause Full (Allocation Failure) 760M->756M(869M) 655.275ms
[29.078s][info][gc,cpu         ] GC(23) User=1.29s Sys=0.00s Real=0.65s
[29.086s][info][gc,start       ] GC(24) Pause Full (Allocation Failure)
[29.086s][info][gc,phases,start] GC(24) Marking Phase
[29.434s][info][gc,phases      ] GC(24) Marking Phase 347.625ms
[29.434s][info][gc,phases,start] GC(24) Summary Phase
[29.434s][info][gc,phases      ] GC(24) Summary Phase 0.025ms
[29.434s][info][gc,phases,start] GC(24) Forward
[29.455s][info][gc,phases      ] GC(24) Forward 21.424ms
[29.455s][info][gc,phases,start] GC(24) Adjust Pointers
[29.644s][info][gc,phases      ] GC(24) Adjust Pointers 188.470ms
[29.644s][info][gc,phases,start] GC(24) Compaction Phase
[29.740s][info][gc,phases      ] GC(24) Compaction Phase 96.434ms
[29.741s][info][gc,phases,start] GC(24) Post Compact
[29.743s][info][gc,phases      ] GC(24) Post Compact 2.263ms
[29.743s][info][gc,heap        ] GC(24) PSYoungGen: 111616K(222720K)->108323K(222720K) Eden: 111616K(111616K)->108323K(111616K) From: 0K(111104K)->0K(111104K)
[29.743s][info][gc,heap        ] GC(24) ParOldGen: 667591K(667648K)->667591K(667648K)
[29.743s][info][gc,metaspace   ] GC(24) Metaspace: 16857K(17088K)->16857K(17088K) NonClass: 14702K(14848K)->14702K(14848K) Class: 2155K(2240K)->2155K(2240K)
[29.743s][info][gc             ] GC(24) Pause Full (Allocation Failure) 760M->757M(869M) 656.700ms
[29.743s][info][gc,cpu         ] GC(24) User=1.29s Sys=0.00s Real=0.66s
[29.750s][info][gc,start       ] GC(25) Pause Full (Allocation Failure)
[29.750s][info][gc,phases,start] GC(25) Marking Phase
[30.108s][info][gc,phases      ] GC(25) Marking Phase 358.083ms
[30.108s][info][gc,phases,start] GC(25) Summary Phase
[30.108s][info][gc,phases      ] GC(25) Summary Phase 0.025ms
[30.108s][info][gc,phases,start] GC(25) Forward
[30.129s][info][gc,phases      ] GC(25) Forward 21.289ms
[30.129s][info][gc,phases,start] GC(25) Adjust Pointers
[30.317s][info][gc,phases      ] GC(25) Adjust Pointers 187.825ms
[30.317s][info][gc,phases,start] GC(25) Compaction Phase
[30.412s][info][gc,phases      ] GC(25) Compaction Phase 95.428ms
[30.413s][info][gc,phases,start] GC(25) Post Compact
[30.415s][info][gc,phases      ] GC(25) Post Compact 2.304ms
[30.415s][info][gc,heap        ] GC(25) PSYoungGen: 111616K(222720K)->109014K(222720K) Eden: 111616K(111616K)->109014K(111616K) From: 0K(111104K)->0K(111104K)
[30.415s][info][gc,heap        ] GC(25) ParOldGen: 667591K(667648K)->667591K(667648K)
[30.415s][info][gc,metaspace   ] GC(25) Metaspace: 16857K(17088K)->16857K(17088K) NonClass: 14702K(14848K)->14702K(14848K) Class: 2155K(2240K)->2155K(2240K)
[30.415s][info][gc             ] GC(25) Pause Full (Allocation Failure) 760M->758M(869M) 665.398ms
[30.415s][info][gc,cpu         ] GC(25) User=1.31s Sys=0.00s Real=0.66s
[30.421s][info][gc,start       ] GC(26) Pause Full (Allocation Failure)
[30.421s][info][gc,phases,start] GC(26) Marking Phase
[30.768s][info][gc,phases      ] GC(26) Marking Phase 347.022ms
[30.768s][info][gc,phases,start] GC(26) Summary Phase
[30.768s][info][gc,phases      ] GC(26) Summary Phase 0.026ms
[30.768s][info][gc,phases,start] GC(26) Forward
[30.789s][info][gc,phases      ] GC(26) Forward 21.666ms
[30.789s][info][gc,phases,start] GC(26) Adjust Pointers
[30.978s][info][gc,phases      ] GC(26) Adjust Pointers 188.015ms
[30.978s][info][gc,phases,start] GC(26) Compaction Phase
[31.073s][info][gc,phases      ] GC(26) Compaction Phase 95.340ms
[31.073s][info][gc,phases,start] GC(26) Post Compact
[31.075s][info][gc,phases      ] GC(26) Post Compact 2.248ms
[31.075s][info][gc,heap        ] GC(26) PSYoungGen: 111616K(222720K)->109551K(222720K) Eden: 111616K(111616K)->109551K(111616K) From: 0K(111104K)->0K(111104K)
[31.075s][info][gc,heap        ] GC(26) ParOldGen: 667591K(667648K)->667591K(667648K)
[31.075s][info][gc,metaspace   ] GC(26) Metaspace: 16857K(17088K)->16857K(17088K) NonClass: 14702K(14848K)->14702K(14848K) Class: 2155K(2240K)->2155K(2240K)
[31.075s][info][gc             ] GC(26) Pause Full (Allocation Failure) 760M->758M(869M) 654.736ms
[31.075s][info][gc,cpu         ] GC(26) User=1.29s Sys=0.00s Real=0.65s
[31.080s][info][gc,start       ] GC(27) Pause Full (Allocation Failure)
[31.080s][info][gc,phases,start] GC(27) Marking Phase
[31.427s][info][gc,phases      ] GC(27) Marking Phase 346.947ms
[31.427s][info][gc,phases,start] GC(27) Summary Phase
[31.427s][info][gc,phases      ] GC(27) Summary Phase 0.025ms
[31.427s][info][gc,phases,start] GC(27) Forward
[31.448s][info][gc,phases      ] GC(27) Forward 21.234ms
[31.448s][info][gc,phases,start] GC(27) Adjust Pointers
[31.639s][info][gc,phases      ] GC(27) Adjust Pointers 190.216ms
[31.639s][info][gc,phases,start] GC(27) Compaction Phase
[31.734s][info][gc,phases      ] GC(27) Compaction Phase 95.667ms
[31.734s][info][gc,phases,start] GC(27) Post Compact
[31.737s][info][gc,phases      ] GC(27) Post Compact 2.256ms
[31.737s][info][gc,heap        ] GC(27) PSYoungGen: 111616K(222720K)->109992K(222720K) Eden: 111616K(111616K)->109992K(111616K) From: 0K(111104K)->0K(111104K)
[31.737s][info][gc,heap        ] GC(27) ParOldGen: 667591K(667648K)->667591K(667648K)
[31.737s][info][gc,metaspace   ] GC(27) Metaspace: 16857K(17088K)->16857K(17088K) NonClass: 14702K(14848K)->14702K(14848K) Class: 2155K(2240K)->2155K(2240K)
[31.737s][info][gc             ] GC(27) Pause Full (Allocation Failure) 760M->759M(869M) 656.751ms
[31.737s][info][gc,cpu         ] GC(27) User=1.29s Sys=0.00s Real=0.65s
[31.741s][info][gc,start       ] GC(28) Pause Full (Allocation Failure)
[31.741s][info][gc,phases,start] GC(28) Marking Phase
[32.091s][info][gc,phases      ] GC(28) Marking Phase 350.674ms
[32.091s][info][gc,phases,start] GC(28) Summary Phase
[32.091s][info][gc,phases      ] GC(28) Summary Phase 0.025ms
[32.091s][info][gc,phases,start] GC(28) Forward
[32.113s][info][gc,phases      ] GC(28) Forward 21.488ms
[32.113s][info][gc,phases,start] GC(28) Adjust Pointers
[32.301s][info][gc,phases      ] GC(28) Adjust Pointers 187.558ms
[32.301s][info][gc,phases,start] GC(28) Compaction Phase
[32.396s][info][gc,phases      ] GC(28) Compaction Phase 95.674ms
[32.396s][info][gc,phases,start] GC(28) Post Compact
[32.399s][info][gc,phases      ] GC(28) Post Compact 2.254ms
[32.399s][info][gc,heap        ] GC(28) PSYoungGen: 111616K(222720K)->110341K(222720K) Eden: 111616K(111616K)->110341K(111616K) From: 0K(111104K)->0K(111104K)
[32.399s][info][gc,heap        ] GC(28) ParOldGen: 667591K(667648K)->667591K(667648K)
[32.399s][info][gc,metaspace   ] GC(28) Metaspace: 16857K(17088K)->16857K(17088K) NonClass: 14702K(14848K)->14702K(14848K) Class: 2155K(2240K)->2155K(2240K)
[32.399s][info][gc             ] GC(28) Pause Full (Allocation Failure) 760M->759M(869M) 658.099ms
[32.399s][info][gc,cpu         ] GC(28) User=1.29s Sys=0.00s Real=0.65s
[32.402s][info][gc,start       ] GC(29) Pause Full (Allocation Failure)
[32.402s][info][gc,phases,start] GC(29) Marking Phase
[32.749s][info][gc,phases      ] GC(29) Marking Phase 346.653ms
[32.749s][info][gc,phases,start] GC(29) Summary Phase
[32.749s][info][gc,phases      ] GC(29) Summary Phase 0.025ms
[32.749s][info][gc,phases,start] GC(29) Forward
[32.770s][info][gc,phases      ] GC(29) Forward 21.301ms
[32.770s][info][gc,phases,start] GC(29) Adjust Pointers
[32.957s][info][gc,phases      ] GC(29) Adjust Pointers 187.083ms
[32.957s][info][gc,phases,start] GC(29) Compaction Phase
[33.053s][info][gc,phases      ] GC(29) Compaction Phase 95.893ms
[33.053s][info][gc,phases,start] GC(29) Post Compact
[33.056s][info][gc,phases      ] GC(29) Post Compact 2.324ms
[33.056s][info][gc,heap        ] GC(29) PSYoungGen: 111616K(222720K)->110623K(222720K) Eden: 111616K(111616K)->110623K(111616K) From: 0K(111104K)->0K(111104K)
[33.056s][info][gc,heap        ] GC(29) ParOldGen: 667591K(667648K)->667591K(667648K)
[33.056s][info][gc,metaspace   ] GC(29) Metaspace: 16857K(17088K)->16857K(17088K) NonClass: 14702K(14848K)->14702K(14848K) Class: 2155K(2240K)->2155K(2240K)
[33.056s][info][gc             ] GC(29) Pause Full (Allocation Failure) 760M->759M(869M) 653.697ms
[33.056s][info][gc,cpu         ] GC(29) User=1.28s Sys=0.00s Real=0.65s
[33.060s][info][gc,start       ] GC(30) Pause Full (Allocation Failure)
[33.060s][info][gc,phases,start] GC(30) Marking Phase
[33.409s][info][gc,phases      ] GC(30) Marking Phase 348.770ms
[33.409s][info][gc,phases,start] GC(30) Summary Phase
[33.409s][info][gc,phases      ] GC(30) Summary Phase 0.023ms
[33.409s][info][gc,phases,start] GC(30) Forward
[33.430s][info][gc,phases      ] GC(30) Forward 21.471ms
[33.430s][info][gc,phases,start] GC(30) Adjust Pointers
[33.619s][info][gc,phases      ] GC(30) Adjust Pointers 188.356ms
[33.619s][info][gc,phases,start] GC(30) Compaction Phase
[33.714s][info][gc,phases      ] GC(30) Compaction Phase 95.373ms
[33.714s][info][gc,phases,start] GC(30) Post Compact
[33.717s][info][gc,phases      ] GC(30) Post Compact 2.292ms
[33.717s][info][gc,heap        ] GC(30) PSYoungGen: 111616K(222720K)->110828K(222720K) Eden: 111616K(111616K)->110828K(111616K) From: 0K(111104K)->0K(111104K)
[33.717s][info][gc,heap        ] GC(30) ParOldGen: 667591K(667648K)->667591K(667648K)
[33.717s][info][gc,metaspace   ] GC(30) Metaspace: 16857K(17088K)->16857K(17088K) NonClass: 14702K(14848K)->14702K(14848K) Class: 2155K(2240K)->2155K(2240K)
[33.717s][info][gc             ] GC(30) Pause Full (Allocation Failure) 760M->760M(869M) 656.713ms
[33.717s][info][gc,cpu         ] GC(30) User=1.29s Sys=0.00s Real=0.65s
[33.722s][info][gc,start       ] GC(31) Pause Full (Allocation Failure)
[33.722s][info][gc,phases,start] GC(31) Marking Phase
[34.069s][info][gc,phases      ] GC(31) Marking Phase 346.885ms
[34.069s][info][gc,phases,start] GC(31) Summary Phase
[34.069s][info][gc,phases      ] GC(31) Summary Phase 0.025ms
[34.069s][info][gc,phases,start] GC(31) Forward
[34.090s][info][gc,phases      ] GC(31) Forward 21.457ms
[34.090s][info][gc,phases,start] GC(31) Adjust Pointers
[34.280s][info][gc,phases      ] GC(31) Adjust Pointers 189.830ms
[34.280s][info][gc,phases,start] GC(31) Compaction Phase
[34.378s][info][gc,phases      ] GC(31) Compaction Phase 97.852ms
[34.378s][info][gc,phases,start] GC(31) Post Compact
[34.380s][info][gc,phases      ] GC(31) Post Compact 2.230ms
[34.380s][info][gc,heap        ] GC(31) PSYoungGen: 111616K(222720K)->110997K(222720K) Eden: 111616K(111616K)->110997K(111616K) From: 0K(111104K)->0K(111104K)
[34.380s][info][gc,heap        ] GC(31) ParOldGen: 667591K(667648K)->667591K(667648K)
[34.380s][info][gc,metaspace   ] GC(31) Metaspace: 16857K(17088K)->16857K(17088K) NonClass: 14702K(14848K)->14702K(14848K) Class: 2155K(2240K)->2155K(2240K)
[34.380s][info][gc             ] GC(31) Pause Full (Allocation Failure) 760M->760M(869M) 658.692ms
[34.380s][info][gc,cpu         ] GC(31) User=1.29s Sys=0.00s Real=0.66s
[34.385s][info][gc,start       ] GC(32) Pause Full (Allocation Failure)
[34.385s][info][gc,phases,start] GC(32) Marking Phase
[34.734s][info][gc,phases      ] GC(32) Marking Phase 349.338ms
[34.734s][info][gc,phases,start] GC(32) Summary Phase
[34.734s][info][gc,phases      ] GC(32) Summary Phase 0.025ms
[34.734s][info][gc,phases,start] GC(32) Forward
[34.756s][info][gc,phases      ] GC(32) Forward 21.651ms
[34.756s][info][gc,phases,start] GC(32) Adjust Pointers
[34.945s][info][gc,phases      ] GC(32) Adjust Pointers 188.812ms
[34.945s][info][gc,phases,start] GC(32) Compaction Phase
[35.040s][info][gc,phases      ] GC(32) Compaction Phase 94.710ms
[35.040s][info][gc,phases,start] GC(32) Post Compact
[35.042s][info][gc,phases      ] GC(32) Post Compact 2.252ms
[35.042s][info][gc,heap        ] GC(32) PSYoungGen: 111616K(222720K)->111120K(222720K) Eden: 111616K(111616K)->111120K(111616K) From: 0K(111104K)->0K(111104K)
[35.042s][info][gc,heap        ] GC(32) ParOldGen: 667591K(667648K)->667591K(667648K)
[35.042s][info][gc,metaspace   ] GC(32) Metaspace: 16857K(17088K)->16857K(17088K) NonClass: 14702K(14848K)->14702K(14848K) Class: 2155K(2240K)->2155K(2240K)
[35.042s][info][gc             ] GC(32) Pause Full (Allocation Failure) 760M->760M(869M) 657.196ms
[35.042s][info][gc,cpu         ] GC(32) User=1.29s Sys=0.01s Real=0.66s
[35.045s][info][gc,start       ] GC(33) Pause Full (Allocation Failure)
[35.045s][info][gc,phases,start] GC(33) Marking Phase
[35.394s][info][gc,phases      ] GC(33) Marking Phase 348.296ms
[35.394s][info][gc,phases,start] GC(33) Summary Phase
[35.394s][info][gc,phases      ] GC(33) Summary Phase 0.022ms
[35.394s][info][gc,phases,start] GC(33) Forward
[35.415s][info][gc,phases      ] GC(33) Forward 21.179ms
[35.415s][info][gc,phases,start] GC(33) Adjust Pointers
[35.603s][info][gc,phases      ] GC(33) Adjust Pointers 187.636ms
[35.603s][info][gc,phases,start] GC(33) Compaction Phase
[35.699s][info][gc,phases      ] GC(33) Compaction Phase 96.132ms
[35.699s][info][gc,phases,start] GC(33) Post Compact
[35.701s][info][gc,phases      ] GC(33) Post Compact 2.273ms
[35.701s][info][gc,heap        ] GC(33) PSYoungGen: 111616K(222720K)->111220K(222720K) Eden: 111616K(111616K)->111220K(111616K) From: 0K(111104K)->0K(111104K)
[35.701s][info][gc,heap        ] GC(33) ParOldGen: 667591K(667648K)->667591K(667648K)
[35.701s][info][gc,metaspace   ] GC(33) Metaspace: 16857K(17088K)->16857K(17088K) NonClass: 14702K(14848K)->14702K(14848K) Class: 2155K(2240K)->2155K(2240K)
[35.701s][info][gc             ] GC(33) Pause Full (Allocation Failure) 760M->760M(869M) 655.969ms
[35.701s][info][gc,cpu         ] GC(33) User=1.29s Sys=0.00s Real=0.66s
[35.703s][info][gc,start       ] GC(34) Pause Full (Allocation Failure)
[35.703s][info][gc,phases,start] GC(34) Marking Phase
[36.055s][info][gc,phases      ] GC(34) Marking Phase 352.002ms
[36.055s][info][gc,phases,start] GC(34) Summary Phase
[36.055s][info][gc,phases      ] GC(34) Summary Phase 0.023ms
[36.055s][info][gc,phases,start] GC(34) Forward
[36.077s][info][gc,phases      ] GC(34) Forward 21.302ms
[36.077s][info][gc,phases,start] GC(34) Adjust Pointers
[36.266s][info][gc,phases      ] GC(34) Adjust Pointers 189.508ms
[36.266s][info][gc,phases,start] GC(34) Compaction Phase
[36.362s][info][gc,phases      ] GC(34) Compaction Phase 95.827ms
[36.362s][info][gc,phases,start] GC(34) Post Compact
[36.364s][info][gc,phases      ] GC(34) Post Compact 2.236ms
[36.364s][info][gc,heap        ] GC(34) PSYoungGen: 111616K(222720K)->111300K(222720K) Eden: 111616K(111616K)->111300K(111616K) From: 0K(111104K)->0K(111104K)
[36.364s][info][gc,heap        ] GC(34) ParOldGen: 667591K(667648K)->667591K(667648K)
[36.364s][info][gc,metaspace   ] GC(34) Metaspace: 16857K(17088K)->16857K(17088K) NonClass: 14702K(14848K)->14702K(14848K) Class: 2155K(2240K)->2155K(2240K)
[36.364s][info][gc             ] GC(34) Pause Full (Allocation Failure) 760M->760M(869M) 661.282ms
[36.364s][info][gc,cpu         ] GC(34) User=1.30s Sys=0.00s Real=0.66s
[36.366s][info][gc,start       ] GC(35) Pause Full (Allocation Failure)
[36.366s][info][gc,phases,start] GC(35) Marking Phase
[36.716s][info][gc,phases      ] GC(35) Marking Phase 349.633ms
[36.716s][info][gc,phases,start] GC(35) Summary Phase
[36.716s][info][gc,phases      ] GC(35) Summary Phase 0.025ms
[36.716s][info][gc,phases,start] GC(35) Forward
[36.737s][info][gc,phases      ] GC(35) Forward 21.233ms
[36.737s][info][gc,phases,start] GC(35) Adjust Pointers
[36.923s][info][gc,phases      ] GC(35) Adjust Pointers 186.008ms
[36.923s][info][gc,phases,start] GC(35) Compaction Phase
[37.018s][info][gc,phases      ] GC(35) Compaction Phase 95.227ms
[37.018s][info][gc,phases,start] GC(35) Post Compact
[37.021s][info][gc,phases      ] GC(35) Post Compact 2.261ms
[37.021s][info][gc,heap        ] GC(35) PSYoungGen: 111616K(222720K)->111364K(222720K) Eden: 111616K(111616K)->111364K(111616K) From: 0K(111104K)->0K(111104K)
[37.021s][info][gc,heap        ] GC(35) ParOldGen: 667591K(667648K)->667591K(667648K)
[37.021s][info][gc,metaspace   ] GC(35) Metaspace: 16857K(17088K)->16857K(17088K) NonClass: 14702K(14848K)->14702K(14848K) Class: 2155K(2240K)->2155K(2240K)
[37.021s][info][gc             ] GC(35) Pause Full (Allocation Failure) 760M->760M(869M) 654.770ms
[37.021s][info][gc,cpu         ] GC(35) User=1.28s Sys=0.00s Real=0.66s
[37.022s][info][gc,start       ] GC(36) Pause Full (Allocation Failure)
[37.022s][info][gc,phases,start] GC(36) Marking Phase
[37.383s][info][gc,phases      ] GC(36) Marking Phase 360.611ms
[37.383s][info][gc,phases,start] GC(36) Summary Phase
[37.383s][info][gc,phases      ] GC(36) Summary Phase 0.025ms
[37.383s][info][gc,phases,start] GC(36) Forward
[37.404s][info][gc,phases      ] GC(36) Forward 21.432ms
[37.405s][info][gc,phases,start] GC(36) Adjust Pointers
[37.597s][info][gc,phases      ] GC(36) Adjust Pointers 192.685ms
[37.597s][info][gc,phases,start] GC(36) Compaction Phase
[37.694s][info][gc,phases      ] GC(36) Compaction Phase 96.936ms
[37.694s][info][gc,phases,start] GC(36) Post Compact
[37.697s][info][gc,phases      ] GC(36) Post Compact 2.245ms
[37.697s][info][gc,heap        ] GC(36) PSYoungGen: 111616K(222720K)->111412K(222720K) Eden: 111616K(111616K)->111412K(111616K) From: 0K(111104K)->0K(111104K)
[37.697s][info][gc,heap        ] GC(36) ParOldGen: 667591K(667648K)->667591K(667648K)
[37.697s][info][gc,metaspace   ] GC(36) Metaspace: 16857K(17088K)->16857K(17088K) NonClass: 14702K(14848K)->14702K(14848K) Class: 2155K(2240K)->2155K(2240K)
[37.697s][info][gc             ] GC(36) Pause Full (Allocation Failure) 760M->760M(869M) 674.357ms
[37.697s][info][gc,cpu         ] GC(36) User=1.32s Sys=0.00s Real=0.67s
[37.698s][info][gc,start       ] GC(37) Pause Full (Allocation Failure)
[37.698s][info][gc,phases,start] GC(37) Marking Phase
[38.061s][info][gc,phases      ] GC(37) Marking Phase 363.020ms
[38.061s][info][gc,phases,start] GC(37) Summary Phase
[38.061s][info][gc,phases      ] GC(37) Summary Phase 0.024ms
[38.061s][info][gc,phases,start] GC(37) Forward
[38.084s][info][gc,phases      ] GC(37) Forward 22.982ms
[38.084s][info][gc,phases,start] GC(37) Adjust Pointers
[38.277s][info][gc,phases      ] GC(37) Adjust Pointers 192.989ms
[38.277s][info][gc,phases,start] GC(37) Compaction Phase
[38.377s][info][gc,phases      ] GC(37) Compaction Phase 99.820ms
[38.377s][info][gc,phases,start] GC(37) Post Compact
[38.380s][info][gc,phases      ] GC(37) Post Compact 2.310ms
[38.380s][info][gc,heap        ] GC(37) PSYoungGen: 111616K(222720K)->111452K(222720K) Eden: 111616K(111616K)->111452K(111616K) From: 0K(111104K)->0K(111104K)
[38.380s][info][gc,heap        ] GC(37) ParOldGen: 667591K(667648K)->667591K(667648K)
[38.380s][info][gc,metaspace   ] GC(37) Metaspace: 16857K(17088K)->16857K(17088K) NonClass: 14702K(14848K)->14702K(14848K) Class: 2155K(2240K)->2155K(2240K)
[38.380s][info][gc             ] GC(37) Pause Full (Allocation Failure) 760M->760M(869M) 681.554ms
[38.380s][info][gc,cpu         ] GC(37) User=1.35s Sys=0.00s Real=0.69s
[38.381s][info][gc,start       ] GC(38) Pause Full (Allocation Failure)
[38.381s][info][gc,phases,start] GC(38) Marking Phase
[38.732s][info][gc,phases      ] GC(38) Marking Phase 350.688ms
[38.732s][info][gc,phases,start] GC(38) Summary Phase
[38.732s][info][gc,phases      ] GC(38) Summary Phase 0.034ms
[38.732s][info][gc,phases,start] GC(38) Forward
[38.754s][info][gc,phases      ] GC(38) Forward 21.677ms
[38.754s][info][gc,phases,start] GC(38) Adjust Pointers
[38.940s][info][gc,phases      ] GC(38) Adjust Pointers 186.424ms
[38.940s][info][gc,phases,start] GC(38) Compaction Phase
[39.035s][info][gc,phases      ] GC(38) Compaction Phase 94.499ms
[39.035s][info][gc,phases,start] GC(38) Post Compact
[39.037s][info][gc,phases      ] GC(38) Post Compact 2.252ms
[39.037s][info][gc,heap        ] GC(38) PSYoungGen: 111616K(222720K)->111485K(222720K) Eden: 111616K(111616K)->111485K(111616K) From: 0K(111104K)->0K(111104K)
[39.037s][info][gc,heap        ] GC(38) ParOldGen: 667591K(667648K)->667591K(667648K)
[39.037s][info][gc,metaspace   ] GC(38) Metaspace: 16857K(17088K)->16857K(17088K) NonClass: 14702K(14848K)->14702K(14848K) Class: 2155K(2240K)->2155K(2240K)
[39.037s][info][gc             ] GC(38) Pause Full (Allocation Failure) 760M->760M(869M) 655.972ms
[39.037s][info][gc,cpu         ] GC(38) User=1.29s Sys=0.00s Real=0.65s
[39.038s][info][gc,start       ] GC(39) Pause Full (Allocation Failure)
[39.038s][info][gc,phases,start] GC(39) Marking Phase
[39.400s][info][gc,phases      ] GC(39) Marking Phase 361.334ms
[39.400s][info][gc,phases,start] GC(39) Summary Phase
[39.400s][info][gc,phases      ] GC(39) Summary Phase 0.022ms
[39.400s][info][gc,phases,start] GC(39) Forward
[39.421s][info][gc,phases      ] GC(39) Forward 21.613ms
[39.421s][info][gc,phases,start] GC(39) Adjust Pointers
[39.614s][info][gc,phases      ] GC(39) Adjust Pointers 192.400ms
[39.614s][info][gc,phases,start] GC(39) Compaction Phase
[39.709s][info][gc,phases      ] GC(39) Compaction Phase 95.241ms
[39.709s][info][gc,phases,start] GC(39) Post Compact
[39.712s][info][gc,phases      ] GC(39) Post Compact 2.234ms
[39.712s][info][gc,heap        ] GC(39) PSYoungGen: 111616K(222720K)->111510K(222720K) Eden: 111616K(111616K)->111510K(111616K) From: 0K(111104K)->0K(111104K)
[39.712s][info][gc,heap        ] GC(39) ParOldGen: 667591K(667648K)->667591K(667648K)
[39.712s][info][gc,metaspace   ] GC(39) Metaspace: 16857K(17088K)->16857K(17088K) NonClass: 14702K(14848K)->14702K(14848K) Class: 2155K(2240K)->2155K(2240K)
[39.712s][info][gc             ] GC(39) Pause Full (Allocation Failure) 760M->760M(869M) 673.286ms
[39.712s][info][gc,cpu         ] GC(39) User=1.31s Sys=0.00s Real=0.68s
[39.713s][info][gc,start       ] GC(40) Pause Full (Allocation Failure)
[39.713s][info][gc,phases,start] GC(40) Marking Phase
[40.061s][info][gc,phases      ] GC(40) Marking Phase 348.451ms
[40.061s][info][gc,phases,start] GC(40) Summary Phase
[40.061s][info][gc,phases      ] GC(40) Summary Phase 0.024ms
[40.062s][info][gc,phases,start] GC(40) Forward
[40.083s][info][gc,phases      ] GC(40) Forward 21.658ms
[40.083s][info][gc,phases,start] GC(40) Adjust Pointers
[40.286s][info][gc,phases      ] GC(40) Adjust Pointers 203.087ms
[40.286s][info][gc,phases,start] GC(40) Compaction Phase
[40.384s][info][gc,phases      ] GC(40) Compaction Phase 97.903ms
[40.384s][info][gc,phases,start] GC(40) Post Compact
[40.387s][info][gc,phases      ] GC(40) Post Compact 2.208ms
[40.387s][info][gc,heap        ] GC(40) PSYoungGen: 111615K(222720K)->111531K(222720K) Eden: 111615K(111616K)->111531K(111616K) From: 0K(111104K)->0K(111104K)
[40.387s][info][gc,heap        ] GC(40) ParOldGen: 667591K(667648K)->667591K(667648K)
[40.387s][info][gc,metaspace   ] GC(40) Metaspace: 16857K(17088K)->16857K(17088K) NonClass: 14702K(14848K)->14702K(14848K) Class: 2155K(2240K)->2155K(2240K)
[40.387s][info][gc             ] GC(40) Pause Full (Allocation Failure) 760M->760M(869M) 673.718ms
[40.387s][info][gc,cpu         ] GC(40) User=1.32s Sys=0.00s Real=0.67s
[40.388s][info][gc,start       ] GC(41) Pause Full (Allocation Failure)
[40.388s][info][gc,phases,start] GC(41) Marking Phase
[40.738s][info][gc,phases      ] GC(41) Marking Phase 349.702ms
[40.738s][info][gc,phases,start] GC(41) Summary Phase
[40.738s][info][gc,phases      ] GC(41) Summary Phase 0.025ms
[40.738s][info][gc,phases,start] GC(41) Forward
[40.760s][info][gc,phases      ] GC(41) Forward 21.746ms
[40.760s][info][gc,phases,start] GC(41) Adjust Pointers
[40.948s][info][gc,phases      ] GC(41) Adjust Pointers 188.820ms
[40.948s][info][gc,phases,start] GC(41) Compaction Phase
[41.044s][info][gc,phases      ] GC(41) Compaction Phase 95.768ms
[41.044s][info][gc,phases,start] GC(41) Post Compact
[41.047s][info][gc,phases      ] GC(41) Post Compact 2.323ms
[41.047s][info][gc,heap        ] GC(41) PSYoungGen: 111615K(222720K)->111546K(222720K) Eden: 111615K(111616K)->111546K(111616K) From: 0K(111104K)->0K(111104K)
[41.047s][info][gc,heap        ] GC(41) ParOldGen: 667591K(667648K)->667591K(667648K)
[41.047s][info][gc,metaspace   ] GC(41) Metaspace: 16857K(17088K)->16857K(17088K) NonClass: 14702K(14848K)->14702K(14848K) Class: 2155K(2240K)->2155K(2240K)
[41.047s][info][gc             ] GC(41) Pause Full (Allocation Failure) 760M->760M(869M) 658.792ms
[41.047s][info][gc,cpu         ] GC(41) User=1.29s Sys=0.00s Real=0.66s
[41.048s][info][gc,start       ] GC(42) Pause Full (Allocation Failure)
[41.048s][info][gc,phases,start] GC(42) Marking Phase
[41.399s][info][gc,phases      ] GC(42) Marking Phase 350.524ms
[41.399s][info][gc,phases,start] GC(42) Summary Phase
[41.399s][info][gc,phases      ] GC(42) Summary Phase 0.026ms
[41.399s][info][gc,phases,start] GC(42) Forward
[41.420s][info][gc,phases      ] GC(42) Forward 21.267ms
[41.420s][info][gc,phases,start] GC(42) Adjust Pointers
[41.609s][info][gc,phases      ] GC(42) Adjust Pointers 188.922ms
[41.609s][info][gc,phases,start] GC(42) Compaction Phase
[41.705s][info][gc,phases      ] GC(42) Compaction Phase 95.647ms
[41.705s][info][gc,phases,start] GC(42) Post Compact
[41.707s][info][gc,phases      ] GC(42) Post Compact 2.256ms
[41.707s][info][gc,heap        ] GC(42) PSYoungGen: 111615K(222720K)->111558K(222720K) Eden: 111615K(111616K)->111558K(111616K) From: 0K(111104K)->0K(111104K)
[41.707s][info][gc,heap        ] GC(42) ParOldGen: 667591K(667648K)->667591K(667648K)
[41.707s][info][gc,metaspace   ] GC(42) Metaspace: 16857K(17088K)->16857K(17088K) NonClass: 14702K(14848K)->14702K(14848K) Class: 2155K(2240K)->2155K(2240K)
[41.707s][info][gc             ] GC(42) Pause Full (Allocation Failure) 760M->760M(869M) 659.100ms
[41.707s][info][gc,cpu         ] GC(42) User=1.29s Sys=0.00s Real=0.66s
[41.708s][info][gc,start       ] GC(43) Pause Full (Allocation Failure)
[41.708s][info][gc,phases,start] GC(43) Marking Phase
[42.052s][info][gc,phases      ] GC(43) Marking Phase 344.112ms
[42.052s][info][gc,phases,start] GC(43) Summary Phase
[42.052s][info][gc,phases      ] GC(43) Summary Phase 0.023ms
[42.052s][info][gc,phases,start] GC(43) Forward
[42.074s][info][gc,phases      ] GC(43) Forward 21.276ms
[42.074s][info][gc,phases,start] GC(43) Adjust Pointers
[42.260s][info][gc,phases      ] GC(43) Adjust Pointers 186.516ms
[42.260s][info][gc,phases,start] GC(43) Compaction Phase
[42.355s][info][gc,phases      ] GC(43) Compaction Phase 94.466ms
[42.355s][info][gc,phases,start] GC(43) Post Compact
[42.357s][info][gc,phases      ] GC(43) Post Compact 2.208ms
[42.357s][info][gc,heap        ] GC(43) PSYoungGen: 111615K(222720K)->111567K(222720K) Eden: 111615K(111616K)->111567K(111616K) From: 0K(111104K)->0K(111104K)
[42.357s][info][gc,heap        ] GC(43) ParOldGen: 667591K(667648K)->667591K(667648K)
[42.357s][info][gc,metaspace   ] GC(43) Metaspace: 16857K(17088K)->16857K(17088K) NonClass: 14702K(14848K)->14702K(14848K) Class: 2155K(2240K)->2155K(2240K)
[42.357s][info][gc             ] GC(43) Pause Full (Allocation Failure) 760M->760M(869M) 648.975ms
[42.357s][info][gc,cpu         ] GC(43) User=1.28s Sys=0.00s Real=0.65s
[42.358s][info][gc,start       ] GC(44) Pause Full (Allocation Failure)
[42.358s][info][gc,phases,start] GC(44) Marking Phase
[42.704s][info][gc,phases      ] GC(44) Marking Phase 345.960ms
[42.704s][info][gc,phases,start] GC(44) Summary Phase
[42.704s][info][gc,phases      ] GC(44) Summary Phase 0.023ms
[42.704s][info][gc,phases,start] GC(44) Forward
[42.726s][info][gc,phases      ] GC(44) Forward 21.188ms
[42.726s][info][gc,phases,start] GC(44) Adjust Pointers
[42.912s][info][gc,phases      ] GC(44) Adjust Pointers 185.922ms
[42.912s][info][gc,phases,start] GC(44) Compaction Phase
[43.006s][info][gc,phases      ] GC(44) Compaction Phase 94.475ms
[43.006s][info][gc,phases,start] GC(44) Post Compact
[43.008s][info][gc,phases      ] GC(44) Post Compact 2.219ms
[43.008s][info][gc,heap        ] GC(44) PSYoungGen: 111615K(222720K)->111577K(222720K) Eden: 111615K(111616K)->111577K(111616K) From: 0K(111104K)->0K(111104K)
[43.008s][info][gc,heap        ] GC(44) ParOldGen: 667591K(667648K)->667591K(667648K)
[43.009s][info][gc,metaspace   ] GC(44) Metaspace: 16857K(17088K)->16857K(17088K) NonClass: 14702K(14848K)->14702K(14848K) Class: 2155K(2240K)->2155K(2240K)
[43.009s][info][gc             ] GC(44) Pause Full (Allocation Failure) 760M->760M(869M) 650.153ms
[43.009s][info][gc,cpu         ] GC(44) User=1.28s Sys=0.00s Real=0.65s
[43.010s][info][gc,start       ] GC(45) Pause Full (Allocation Failure)
[43.010s][info][gc,phases,start] GC(45) Marking Phase
[43.354s][info][gc,phases      ] GC(45) Marking Phase 344.567ms
[43.354s][info][gc,phases,start] GC(45) Summary Phase
[43.354s][info][gc,phases      ] GC(45) Summary Phase 0.021ms
[43.354s][info][gc,phases,start] GC(45) Forward
[43.375s][info][gc,phases      ] GC(45) Forward 20.914ms
[43.375s][info][gc,phases,start] GC(45) Adjust Pointers
[43.560s][info][gc,phases      ] GC(45) Adjust Pointers 184.244ms
[43.560s][info][gc,phases,start] GC(45) Compaction Phase
[43.654s][info][gc,phases      ] GC(45) Compaction Phase 93.995ms
[43.654s][info][gc,phases,start] GC(45) Post Compact
[43.656s][info][gc,phases      ] GC(45) Post Compact 2.211ms
[43.656s][info][gc,heap        ] GC(45) PSYoungGen: 111616K(222720K)->111583K(222720K) Eden: 111616K(111616K)->111583K(111616K) From: 0K(111104K)->0K(111104K)
[43.656s][info][gc,heap        ] GC(45) ParOldGen: 667591K(667648K)->667591K(667648K)
[43.656s][info][gc,metaspace   ] GC(45) Metaspace: 16857K(17088K)->16857K(17088K) NonClass: 14702K(14848K)->14702K(14848K) Class: 2155K(2240K)->2155K(2240K)
[43.656s][info][gc             ] GC(45) Pause Full (Allocation Failure) 760M->760M(869M) 646.379ms
[43.656s][info][gc,cpu         ] GC(45) User=1.27s Sys=0.00s Real=0.64s
[43.657s][info][gc,start       ] GC(46) Pause Full (Allocation Failure)
[43.657s][info][gc,phases,start] GC(46) Marking Phase
[44.009s][info][gc,phases      ] GC(46) Marking Phase 352.082ms
[44.009s][info][gc,phases,start] GC(46) Summary Phase
[44.009s][info][gc,phases      ] GC(46) Summary Phase 0.022ms
[44.009s][info][gc,phases,start] GC(46) Forward
[44.031s][info][gc,phases      ] GC(46) Forward 21.490ms
[44.031s][info][gc,phases,start] GC(46) Adjust Pointers
[44.218s][info][gc,phases      ] GC(46) Adjust Pointers 186.608ms
[44.218s][info][gc,phases,start] GC(46) Compaction Phase
[44.312s][info][gc,phases      ] GC(46) Compaction Phase 94.398ms
[44.312s][info][gc,phases,start] GC(46) Post Compact
[44.314s][info][gc,phases      ] GC(46) Post Compact 2.201ms
[44.314s][info][gc,heap        ] GC(46) PSYoungGen: 111616K(222720K)->111588K(222720K) Eden: 111616K(111616K)->111588K(111616K) From: 0K(111104K)->0K(111104K)
[44.314s][info][gc,heap        ] GC(46) ParOldGen: 667591K(667648K)->667591K(667648K)
[44.314s][info][gc,metaspace   ] GC(46) Metaspace: 16857K(17088K)->16857K(17088K) NonClass: 14702K(14848K)->14702K(14848K) Class: 2155K(2240K)->2155K(2240K)
[44.314s][info][gc             ] GC(46) Pause Full (Allocation Failure) 760M->760M(869M) 657.210ms
[44.314s][info][gc,cpu         ] GC(46) User=1.29s Sys=0.00s Real=0.66s
[44.315s][info][gc,start       ] GC(47) Pause Full (Allocation Failure)
[44.315s][info][gc,phases,start] GC(47) Marking Phase
[44.664s][info][gc,phases      ] GC(47) Marking Phase 348.092ms
[44.664s][info][gc,phases,start] GC(47) Summary Phase
[44.664s][info][gc,phases      ] GC(47) Summary Phase 0.023ms
[44.664s][info][gc,phases,start] GC(47) Forward
[44.685s][info][gc,phases      ] GC(47) Forward 21.370ms
[44.685s][info][gc,phases,start] GC(47) Adjust Pointers
[44.870s][info][gc,phases      ] GC(47) Adjust Pointers 185.248ms
[44.870s][info][gc,phases,start] GC(47) Compaction Phase
[44.965s][info][gc,phases      ] GC(47) Compaction Phase 94.222ms
[44.965s][info][gc,phases,start] GC(47) Post Compact
[44.967s][info][gc,phases      ] GC(47) Post Compact 2.249ms
[44.967s][info][gc,heap        ] GC(47) PSYoungGen: 111615K(222720K)->111594K(222720K) Eden: 111615K(111616K)->111594K(111616K) From: 0K(111104K)->0K(111104K)
[44.967s][info][gc,heap        ] GC(47) ParOldGen: 667591K(667648K)->667591K(667648K)
[44.967s][info][gc,metaspace   ] GC(47) Metaspace: 16857K(17088K)->16857K(17088K) NonClass: 14702K(14848K)->14702K(14848K) Class: 2155K(2240K)->2155K(2240K)
[44.967s][info][gc             ] GC(47) Pause Full (Allocation Failure) 760M->760M(869M) 651.605ms
[44.967s][info][gc,cpu         ] GC(47) User=1.28s Sys=0.00s Real=0.65s
[44.968s][info][gc,start       ] GC(48) Pause Full (Allocation Failure)
[44.968s][info][gc,phases,start] GC(48) Marking Phase
[45.313s][info][gc,phases      ] GC(48) Marking Phase 344.710ms
[45.313s][info][gc,phases,start] GC(48) Summary Phase
[45.313s][info][gc,phases      ] GC(48) Summary Phase 0.034ms
[45.313s][info][gc,phases,start] GC(48) Forward
[45.334s][info][gc,phases      ] GC(48) Forward 21.332ms
[45.334s][info][gc,phases,start] GC(48) Adjust Pointers
[45.519s][info][gc,phases      ] GC(48) Adjust Pointers 185.110ms
[45.519s][info][gc,phases,start] GC(48) Compaction Phase
[45.614s][info][gc,phases      ] GC(48) Compaction Phase 94.359ms
[45.614s][info][gc,phases,start] GC(48) Post Compact
[45.616s][info][gc,phases      ] GC(48) Post Compact 2.261ms
[45.616s][info][gc,heap        ] GC(48) PSYoungGen: 111615K(222720K)->111596K(222720K) Eden: 111615K(111616K)->111596K(111616K) From: 0K(111104K)->0K(111104K)
[45.616s][info][gc,heap        ] GC(48) ParOldGen: 667591K(667648K)->667591K(667648K)
[45.616s][info][gc,metaspace   ] GC(48) Metaspace: 16857K(17088K)->16857K(17088K) NonClass: 14702K(14848K)->14702K(14848K) Class: 2155K(2240K)->2155K(2240K)
[45.616s][info][gc             ] GC(48) Pause Full (Allocation Failure) 760M->760M(869M) 648.234ms
[45.616s][info][gc,cpu         ] GC(48) User=1.27s Sys=0.00s Real=0.65s
[45.617s][info][gc,start       ] GC(49) Pause Full (Allocation Failure)
[45.617s][info][gc,phases,start] GC(49) Marking Phase
[45.959s][info][gc,phases      ] GC(49) Marking Phase 341.834ms
[45.959s][info][gc,phases,start] GC(49) Summary Phase
[45.959s][info][gc,phases      ] GC(49) Summary Phase 0.023ms
[45.959s][info][gc,phases,start] GC(49) Forward
[45.981s][info][gc,phases      ] GC(49) Forward 21.479ms
[45.981s][info][gc,phases,start] GC(49) Adjust Pointers
[46.166s][info][gc,phases      ] GC(49) Adjust Pointers 185.006ms
[46.166s][info][gc,phases,start] GC(49) Compaction Phase
[46.260s][info][gc,phases      ] GC(49) Compaction Phase 94.319ms
[46.260s][info][gc,phases,start] GC(49) Post Compact
[46.263s][info][gc,phases      ] GC(49) Post Compact 2.216ms
[46.263s][info][gc,heap        ] GC(49) PSYoungGen: 111615K(222720K)->111600K(222720K) Eden: 111615K(111616K)->111600K(111616K) From: 0K(111104K)->0K(111104K)
[46.263s][info][gc,heap        ] GC(49) ParOldGen: 667591K(667648K)->667591K(667648K)
[46.263s][info][gc,metaspace   ] GC(49) Metaspace: 16857K(17088K)->16857K(17088K) NonClass: 14702K(14848K)->14702K(14848K) Class: 2155K(2240K)->2155K(2240K)
[46.263s][info][gc             ] GC(49) Pause Full (Allocation Failure) 760M->760M(869M) 645.329ms
[46.263s][info][gc,cpu         ] GC(49) User=1.27s Sys=0.01s Real=0.65s
[46.264s][info][gc,start       ] GC(50) Pause Full (Allocation Failure)
[46.264s][info][gc,phases,start] GC(50) Marking Phase
[46.610s][info][gc,phases      ] GC(50) Marking Phase 345.978ms
[46.610s][info][gc,phases,start] GC(50) Summary Phase
[46.610s][info][gc,phases      ] GC(50) Summary Phase 0.023ms
[46.610s][info][gc,phases,start] GC(50) Forward
[46.632s][info][gc,phases      ] GC(50) Forward 21.790ms
[46.632s][info][gc,phases,start] GC(50) Adjust Pointers
[46.817s][info][gc,phases      ] GC(50) Adjust Pointers 185.500ms
[46.817s][info][gc,phases,start] GC(50) Compaction Phase
[46.911s][info][gc,phases      ] GC(50) Compaction Phase 93.979ms
[46.911s][info][gc,phases,start] GC(50) Post Compact
[46.914s][info][gc,phases      ] GC(50) Post Compact 2.264ms
[46.914s][info][gc,heap        ] GC(50) PSYoungGen: 111616K(222720K)->111603K(222720K) Eden: 111616K(111616K)->111603K(111616K) From: 0K(111104K)->0K(111104K)
[46.914s][info][gc,heap        ] GC(50) ParOldGen: 667591K(667648K)->667591K(667648K)
[46.914s][info][gc,metaspace   ] GC(50) Metaspace: 16857K(17088K)->16857K(17088K) NonClass: 14702K(14848K)->14702K(14848K) Class: 2155K(2240K)->2155K(2240K)
[46.914s][info][gc             ] GC(50) Pause Full (Allocation Failure) 760M->760M(869M) 649.942ms
[46.914s][info][gc,cpu         ] GC(50) User=1.27s Sys=0.00s Real=0.65s
[46.915s][info][gc,start       ] GC(51) Pause Full (Allocation Failure)
[46.915s][info][gc,phases,start] GC(51) Marking Phase
[47.261s][info][gc,phases      ] GC(51) Marking Phase 346.287ms
[47.261s][info][gc,phases,start] GC(51) Summary Phase
[47.261s][info][gc,phases      ] GC(51) Summary Phase 0.024ms
[47.261s][info][gc,phases,start] GC(51) Forward
[47.282s][info][gc,phases      ] GC(51) Forward 21.226ms
[47.282s][info][gc,phases,start] GC(51) Adjust Pointers
[47.468s][info][gc,phases      ] GC(51) Adjust Pointers 185.482ms
[47.468s][info][gc,phases,start] GC(51) Compaction Phase
[47.562s][info][gc,phases      ] GC(51) Compaction Phase 93.906ms
[47.562s][info][gc,phases,start] GC(51) Post Compact
[47.564s][info][gc,phases      ] GC(51) Post Compact 2.256ms
[47.564s][info][gc,heap        ] GC(51) PSYoungGen: 111616K(222720K)->111604K(222720K) Eden: 111616K(111616K)->111604K(111616K) From: 0K(111104K)->0K(111104K)
[47.564s][info][gc,heap        ] GC(51) ParOldGen: 667591K(667648K)->667591K(667648K)
[47.564s][info][gc,metaspace   ] GC(51) Metaspace: 16857K(17088K)->16857K(17088K) NonClass: 14702K(14848K)->14702K(14848K) Class: 2155K(2240K)->2155K(2240K)
[47.564s][info][gc             ] GC(51) Pause Full (Allocation Failure) 760M->760M(869M) 649.613ms
[47.564s][info][gc,cpu         ] GC(51) User=1.27s Sys=0.00s Real=0.65s
[47.565s][info][gc,start       ] GC(52) Pause Full (Allocation Failure)
[47.565s][info][gc,phases,start] GC(52) Marking Phase
[47.910s][info][gc,phases      ] GC(52) Marking Phase 344.495ms
[47.910s][info][gc,phases,start] GC(52) Summary Phase
[47.910s][info][gc,phases      ] GC(52) Summary Phase 0.024ms
[47.910s][info][gc,phases,start] GC(52) Forward
[47.931s][info][gc,phases      ] GC(52) Forward 21.342ms
[47.931s][info][gc,phases,start] GC(52) Adjust Pointers
[48.116s][info][gc,phases      ] GC(52) Adjust Pointers 185.190ms
[48.116s][info][gc,phases,start] GC(52) Compaction Phase
[48.211s][info][gc,phases      ] GC(52) Compaction Phase 94.622ms
[48.211s][info][gc,phases,start] GC(52) Post Compact
[48.213s][info][gc,phases      ] GC(52) Post Compact 2.260ms
[48.213s][info][gc,heap        ] GC(52) PSYoungGen: 111615K(222720K)->111607K(222720K) Eden: 111615K(111616K)->111607K(111616K) From: 0K(111104K)->0K(111104K)
[48.213s][info][gc,heap        ] GC(52) ParOldGen: 667591K(667648K)->667591K(667648K)
[48.213s][info][gc,metaspace   ] GC(52) Metaspace: 16857K(17088K)->16857K(17088K) NonClass: 14702K(14848K)->14702K(14848K) Class: 2155K(2240K)->2155K(2240K)
[48.214s][info][gc             ] GC(52) Pause Full (Allocation Failure) 760M->760M(869M) 648.316ms
[48.214s][info][gc,cpu         ] GC(52) User=1.28s Sys=0.00s Real=0.65s
[48.214s][info][gc,start       ] GC(53) Pause Full (Allocation Failure)
[48.214s][info][gc,phases,start] GC(53) Marking Phase
[48.562s][info][gc,phases      ] GC(53) Marking Phase 348.086ms
[48.563s][info][gc,phases,start] GC(53) Summary Phase
[48.563s][info][gc,phases      ] GC(53) Summary Phase 0.023ms
[48.563s][info][gc,phases,start] GC(53) Forward
[48.585s][info][gc,phases      ] GC(53) Forward 22.574ms
[48.585s][info][gc,phases,start] GC(53) Adjust Pointers
[48.773s][info][gc,phases      ] GC(53) Adjust Pointers 187.701ms
[48.773s][info][gc,phases,start] GC(53) Compaction Phase
[48.867s][info][gc,phases      ] GC(53) Compaction Phase 94.320ms
[48.867s][info][gc,phases,start] GC(53) Post Compact
[48.870s][info][gc,phases      ] GC(53) Post Compact 2.227ms
[48.870s][info][gc,heap        ] GC(53) PSYoungGen: 111615K(222720K)->111607K(222720K) Eden: 111615K(111616K)->111607K(111616K) From: 0K(111104K)->0K(111104K)
[48.870s][info][gc,heap        ] GC(53) ParOldGen: 667591K(667648K)->667591K(667648K)
[48.870s][info][gc,metaspace   ] GC(53) Metaspace: 16857K(17088K)->16857K(17088K) NonClass: 14702K(14848K)->14702K(14848K) Class: 2155K(2240K)->2155K(2240K)
[48.870s][info][gc             ] GC(53) Pause Full (Allocation Failure) 760M->760M(869M) 655.354ms
[48.870s][info][gc,cpu         ] GC(53) User=1.28s Sys=0.01s Real=0.66s
[48.871s][info][gc,start       ] GC(54) Pause Full (Allocation Failure)
[48.871s][info][gc,phases,start] GC(54) Marking Phase
[49.214s][info][gc,phases      ] GC(54) Marking Phase 343.681ms
[49.214s][info][gc,phases,start] GC(54) Summary Phase
[49.214s][info][gc,phases      ] GC(54) Summary Phase 0.024ms
[49.214s][info][gc,phases,start] GC(54) Forward
[49.236s][info][gc,phases      ] GC(54) Forward 21.241ms
[49.236s][info][gc,phases,start] GC(54) Adjust Pointers
[49.421s][info][gc,phases      ] GC(54) Adjust Pointers 185.113ms
[49.421s][info][gc,phases,start] GC(54) Compaction Phase
[49.515s][info][gc,phases      ] GC(54) Compaction Phase 94.592ms
[49.516s][info][gc,phases,start] GC(54) Post Compact
[49.518s][info][gc,phases      ] GC(54) Post Compact 2.264ms
[49.518s][info][gc,heap        ] GC(54) PSYoungGen: 111616K(222720K)->111609K(222720K) Eden: 111616K(111616K)->111609K(111616K) From: 0K(111104K)->0K(111104K)
[49.518s][info][gc,heap        ] GC(54) ParOldGen: 667591K(667648K)->667591K(667648K)
[49.518s][info][gc,metaspace   ] GC(54) Metaspace: 16857K(17088K)->16857K(17088K) NonClass: 14702K(14848K)->14702K(14848K) Class: 2155K(2240K)->2155K(2240K)
[49.518s][info][gc             ] GC(54) Pause Full (Allocation Failure) 760M->760M(869M) 647.320ms
[49.518s][info][gc,cpu         ] GC(54) User=1.28s Sys=0.00s Real=0.64s
[49.519s][info][gc,start       ] GC(55) Pause Full (Allocation Failure)
[49.519s][info][gc,phases,start] GC(55) Marking Phase
[49.866s][info][gc,phases      ] GC(55) Marking Phase 347.239ms
[49.866s][info][gc,phases,start] GC(55) Summary Phase
[49.866s][info][gc,phases      ] GC(55) Summary Phase 0.024ms
[49.866s][info][gc,phases,start] GC(55) Forward
[49.887s][info][gc,phases      ] GC(55) Forward 21.307ms
[49.887s][info][gc,phases,start] GC(55) Adjust Pointers
[50.075s][info][gc,phases      ] GC(55) Adjust Pointers 187.954ms
[50.075s][info][gc,phases,start] GC(55) Compaction Phase
[50.172s][info][gc,phases      ] GC(55) Compaction Phase 96.277ms
[50.172s][info][gc,phases,start] GC(55) Post Compact
[50.174s][info][gc,phases      ] GC(55) Post Compact 2.253ms
[50.174s][info][gc,heap        ] GC(55) PSYoungGen: 111616K(222720K)->111610K(222720K) Eden: 111616K(111616K)->111610K(111616K) From: 0K(111104K)->0K(111104K)
[50.174s][info][gc,heap        ] GC(55) ParOldGen: 667591K(667648K)->667591K(667648K)
[50.174s][info][gc,metaspace   ] GC(55) Metaspace: 16857K(17088K)->16857K(17088K) NonClass: 14702K(14848K)->14702K(14848K) Class: 2155K(2240K)->2155K(2240K)
[50.174s][info][gc             ] GC(55) Pause Full (Allocation Failure) 760M->760M(869M) 655.426ms
[50.174s][info][gc,cpu         ] GC(55) User=1.28s Sys=0.00s Real=0.66s
[50.175s][info][gc,start       ] GC(56) Pause Full (Allocation Failure)
[50.175s][info][gc,phases,start] GC(56) Marking Phase
[50.524s][info][gc,phases      ] GC(56) Marking Phase 348.867ms
[50.524s][info][gc,phases,start] GC(56) Summary Phase
[50.524s][info][gc,phases      ] GC(56) Summary Phase 0.028ms
[50.524s][info][gc,phases,start] GC(56) Forward
[50.629s][info][gc,phases      ] GC(56) Forward 104.955ms
[50.629s][info][gc,phases,start] GC(56) Adjust Pointers
[50.848s][info][gc,phases      ] GC(56) Adjust Pointers 219.644ms
[50.848s][info][gc,phases,start] GC(56) Compaction Phase
[51.003s][info][gc,phases      ] GC(56) Compaction Phase 154.412ms
[51.003s][info][gc,phases,start] GC(56) Post Compact
[51.006s][info][metaspace      ] ChkMgr @0x00007f8aa803ec00 (non-class-space): : reclaiming memory...
[51.006s][info][metaspace      ] ChkMgr @0x00007f8aa803ec00 (non-class-space): nothing reclaimed.
[51.006s][info][metaspace      ] ChkMgr @0x00007f8aa803ea10 (class-space): : reclaiming memory...
[51.006s][info][metaspace      ] ChkMgr @0x00007f8aa803ea10 (class-space): nothing reclaimed.
[51.006s][info][gc,phases      ] GC(56) Post Compact 2.474ms
[51.006s][info][gc,heap        ] GC(56) PSYoungGen: 111616K(222720K)->69115K(222720K) Eden: 111616K(111616K)->69115K(111616K) From: 0K(111104K)->0K(111104K)
[51.006s][info][gc,heap        ] GC(56) ParOldGen: 667591K(667648K)->667537K(667648K)
[51.006s][info][gc,metaspace   ] GC(56) Metaspace: 16857K(17088K)->16757K(17088K) NonClass: 14702K(14848K)->14602K(14848K) Class: 2155K(2240K)->2155K(2240K)
[51.006s][info][gc             ] GC(56) Pause Full (Allocation Failure) 760M->719M(869M) 831.059ms
[51.006s][info][gc,cpu         ] GC(56) User=1.62s Sys=0.00s Real=0.83s
[51.068s][info][gc,start       ] GC(57) Pause Full (Allocation Failure)
[51.068s][info][gc,phases,start] GC(57) Marking Phase
[51.289s][info][gc,phases      ] GC(57) Marking Phase 220.336ms
[51.289s][info][gc,phases,start] GC(57) Summary Phase
[51.289s][info][gc,phases      ] GC(57) Summary Phase 0.025ms
[51.289s][info][gc,phases,start] GC(57) Forward
[51.385s][info][gc,phases      ] GC(57) Forward 96.248ms
[51.385s][info][gc,phases,start] GC(57) Adjust Pointers
[51.517s][info][gc,phases      ] GC(57) Adjust Pointers 132.225ms
[51.517s][info][gc,phases,start] GC(57) Compaction Phase
[51.607s][info][gc,phases      ] GC(57) Compaction Phase 89.418ms
[51.607s][info][gc,phases,start] GC(57) Post Compact
[51.609s][info][gc,phases      ] GC(57) Post Compact 2.266ms
[51.621s][info][gc,heap        ] GC(57) PSYoungGen: 111616K(222720K)->0K(222720K) Eden: 111616K(111616K)->0K(111616K) From: 0K(111104K)->0K(111104K)
[51.621s][info][gc,heap        ] GC(57) ParOldGen: 667537K(667648K)->292640K(513024K)
[51.621s][info][gc,metaspace   ] GC(57) Metaspace: 16763K(17088K)->16763K(17088K) NonClass: 14608K(14848K)->14608K(14848K) Class: 2155K(2240K)->2155K(2240K)
[51.621s][info][gc             ] GC(57) Pause Full (Allocation Failure) 760M->285M(718M) 552.806ms
[51.621s][info][gc,cpu         ] GC(57) User=0.98s Sys=0.01s Real=0.56s
[51.840s][info][gc,start       ] GC(58) Pause Young (Allocation Failure)
[51.873s][info][gc,heap        ] GC(58) PSYoungGen: 111616K(222720K)->32209K(222720K) Eden: 111616K(111616K)->0K(111616K) From: 0K(111104K)->32209K(111104K)
[51.873s][info][gc,heap        ] GC(58) ParOldGen: 292640K(513024K)->292640K(513024K)
[51.873s][info][gc,metaspace   ] GC(58) Metaspace: 16771K(17088K)->16771K(17088K) NonClass: 14614K(14848K)->14614K(14848K) Class: 2156K(2240K)->2156K(2240K)
[51.873s][info][gc             ] GC(58) Pause Young (Allocation Failure) 394M->317M(718M) 32.700ms
[51.873s][info][gc,cpu         ] GC(58) User=0.07s Sys=0.00s Real=0.03s
[52.217s][info][gc,start       ] GC(59) Pause Young (Allocation Failure)
[52.278s][info][gc,heap        ] GC(59) PSYoungGen: 143825K(222720K)->48107K(222720K) Eden: 111616K(111616K)->0K(111616K) From: 32209K(111104K)->48107K(111104K)
[52.278s][info][gc,heap        ] GC(59) ParOldGen: 292640K(513024K)->292640K(513024K)
[52.278s][info][gc,metaspace   ] GC(59) Metaspace: 16803K(17152K)->16803K(17152K) NonClass: 14647K(14912K)->14647K(14912K) Class: 2156K(2240K)->2156K(2240K)
[52.278s][info][gc             ] GC(59) Pause Young (Allocation Failure) 426M->332M(718M) 60.751ms
[52.278s][info][gc,cpu         ] GC(59) User=0.12s Sys=0.00s Real=0.06s
[52.557s][info][gc,start       ] GC(60) Pause Young (Allocation Failure)
[52.600s][info][gc,heap        ] GC(60) PSYoungGen: 159723K(222720K)->1024K(222720K) Eden: 111616K(111616K)->0K(111616K) From: 48107K(111104K)->1024K(111104K)
[52.600s][info][gc,heap        ] GC(60) ParOldGen: 292640K(513024K)->341847K(513024K)
[52.600s][info][gc,metaspace   ] GC(60) Metaspace: 16803K(17152K)->16803K(17152K) NonClass: 14647K(14912K)->14647K(14912K) Class: 2156K(2240K)->2156K(2240K)
[52.600s][info][gc             ] GC(60) Pause Young (Allocation Failure) 441M->334M(718M) 42.246ms
[52.600s][info][gc,cpu         ] GC(60) User=0.08s Sys=0.00s Real=0.05s
[53.416s][info][gc,start       ] GC(61) Pause Young (Allocation Failure)
[53.476s][info][gc,heap        ] GC(61) PSYoungGen: 112640K(222720K)->38121K(222720K) Eden: 111616K(111616K)->0K(111616K) From: 1024K(111104K)->38121K(111104K)
[53.476s][info][gc,heap        ] GC(61) ParOldGen: 341847K(513024K)->342847K(513024K)
[53.476s][info][gc,metaspace   ] GC(61) Metaspace: 16909K(17216K)->16909K(17216K) NonClass: 14723K(14976K)->14723K(14976K) Class: 2185K(2240K)->2185K(2240K)
[53.477s][info][gc             ] GC(61) Pause Young (Allocation Failure) 443M->372M(718M) 60.038ms
[53.477s][info][gc,cpu         ] GC(61) User=0.12s Sys=0.00s Real=0.06s
[54.025s][info][gc,start       ] GC(62) Pause Young (Allocation Failure)
[54.133s][info][gc,heap        ] GC(62) PSYoungGen: 149737K(222720K)->59168K(222720K) Eden: 111616K(111616K)->0K(111616K) From: 38121K(111104K)->59168K(111104K)
[54.133s][info][gc,heap        ] GC(62) ParOldGen: 342847K(513024K)->380963K(513024K)
[54.133s][info][gc,metaspace   ] GC(62) Metaspace: 17049K(17280K)->17049K(17280K) NonClass: 14853K(15040K)->14853K(15040K) Class: 2196K(2240K)->2196K(2240K)
[54.133s][info][gc             ] GC(62) Pause Young (Allocation Failure) 481M->429M(718M) 108.057ms
[54.133s][info][gc,cpu         ] GC(62) User=0.21s Sys=0.00s Real=0.11s
[54.474s][info][gc,start       ] GC(63) Pause Young (Allocation Failure)
[54.561s][info][gc,heap        ] GC(63) PSYoungGen: 160987K(222720K)->43740K(222720K) Eden: 101819K(111616K)->0K(111616K) From: 59168K(111104K)->43740K(111104K)
[54.561s][info][gc,heap        ] GC(63) ParOldGen: 380963K(513024K)->440316K(513024K)
[54.561s][info][gc,metaspace   ] GC(63) Metaspace: 17078K(17344K)->17078K(17344K) NonClass: 14879K(15104K)->14879K(15104K) Class: 2198K(2240K)->2198K(2240K)
[54.561s][info][gc             ] GC(63) Pause Young (Allocation Failure) 529M->472M(718M) 87.139ms
[54.561s][info][gc,cpu         ] GC(63) User=0.17s Sys=0.00s Real=0.09s
[55.035s][info][gc,start       ] GC(64) Pause Young (Allocation Failure)
[55.075s][info][gc,heap        ] GC(64) PSYoungGen: 154445K(222720K)->21959K(222720K) Eden: 110705K(111616K)->0K(111616K) From: 43740K(111104K)->21959K(111104K)
[55.075s][info][gc,heap        ] GC(64) ParOldGen: 440316K(513024K)->484646K(513024K)
[55.075s][info][gc,metaspace   ] GC(64) Metaspace: 17243K(17536K)->17243K(17536K) NonClass: 15035K(15232K)->15035K(15232K) Class: 2208K(2304K)->2208K(2304K)
[55.075s][info][gc             ] GC(64) Pause Young (Allocation Failure) 580M->494M(718M) 39.969ms
[55.075s][info][gc,cpu         ] GC(64) User=0.08s Sys=0.00s Real=0.04s
[56.861s][info][gc,start       ] GC(65) Pause Young (Allocation Failure)
[56.894s][info][gc,heap        ] GC(65) PSYoungGen: 133575K(222720K)->43990K(222720K) Eden: 111616K(111616K)->0K(111616K) From: 21959K(111104K)->43990K(111104K)
[56.894s][info][gc,heap        ] GC(65) ParOldGen: 484646K(513024K)->496301K(513024K)
[56.894s][info][gc,metaspace   ] GC(65) Metaspace: 17280K(17536K)->17280K(17536K) NonClass: 15070K(15232K)->15070K(15232K) Class: 2209K(2304K)->2209K(2304K)
[56.894s][info][gc             ] GC(65) Pause Young (Allocation Failure) 603M->527M(718M) 32.226ms
[56.894s][info][gc,cpu         ] GC(65) User=0.07s Sys=0.00s Real=0.03s
[59.339s][info][gc,start       ] GC(66) Pause Young (Allocation Failure)
[59.377s][info][gc,heap        ] GC(66) PSYoungGen: 153628K(222720K)->64092K(222720K) Eden: 109638K(111616K)->0K(111616K) From: 43990K(111104K)->64092K(111104K)
[59.377s][info][gc,heap        ] GC(66) ParOldGen: 496301K(513024K)->540249K(540672K)
[59.377s][info][gc,metaspace   ] GC(66) Metaspace: 17299K(17536K)->17299K(17536K) NonClass: 15089K(15232K)->15089K(15232K) Class: 2209K(2304K)->2209K(2304K)
[59.377s][info][gc             ] GC(66) Pause Young (Allocation Failure) 634M->590M(745M) 38.253ms
[59.377s][info][gc,cpu         ] GC(66) User=0.06s Sys=0.02s Real=0.03s
[59.962s][info][gc,start       ] GC(67) Pause Young (Allocation Failure)
[59.996s][info][gc,heap        ] GC(67) PSYoungGen: 175673K(222720K)->35500K(222720K) Eden: 111581K(111616K)->0K(111616K) From: 64092K(111104K)->35500K(111104K)
[59.996s][info][gc,heap        ] GC(67) ParOldGen: 540249K(540672K)->586276K(586752K)
[59.996s][info][gc,metaspace   ] GC(67) Metaspace: 17315K(17600K)->17315K(17600K) NonClass: 15105K(15296K)->15105K(15296K) Class: 2209K(2304K)->2209K(2304K)
[59.996s][info][gc             ] GC(67) Pause Young (Allocation Failure) 699M->607M(790M) 34.647ms
[59.996s][info][gc,cpu         ] GC(67) User=0.04s Sys=0.03s Real=0.03s
[60.565s][info][gc,start       ] GC(68) Pause Full (Allocation Failure)
[60.565s][info][gc,phases,start] GC(68) Marking Phase
[60.865s][info][gc,phases      ] GC(68) Marking Phase 299.463ms
[60.865s][info][gc,phases,start] GC(68) Summary Phase
[60.865s][info][gc,phases      ] GC(68) Summary Phase 0.027ms
[60.865s][info][gc,phases,start] GC(68) Forward
[60.975s][info][gc,phases      ] GC(68) Forward 110.219ms
[60.975s][info][gc,phases,start] GC(68) Adjust Pointers
[61.170s][info][gc,phases      ] GC(68) Adjust Pointers 194.421ms
[61.170s][info][gc,phases,start] GC(68) Compaction Phase
[61.329s][info][gc,phases      ] GC(68) Compaction Phase 159.800ms
[61.330s][info][gc,phases,start] GC(68) Post Compact
[61.332s][info][gc,phases      ] GC(68) Post Compact 2.817ms
[61.333s][info][gc,heap        ] GC(68) PSYoungGen: 138252K(222720K)->0K(222720K) Eden: 102752K(111616K)->0K(111616K) From: 35500K(111104K)->0K(111104K)
[61.333s][info][gc,heap        ] GC(68) ParOldGen: 586276K(586752K)->580262K(667648K)
[61.333s][info][gc,metaspace   ] GC(68) Metaspace: 17316K(17600K)->17316K(17600K) NonClass: 15106K(15296K)->15106K(15296K) Class: 2209K(2304K)->2209K(2304K)
[61.333s][info][gc             ] GC(68) Pause Full (Allocation Failure) 707M->566M(869M) 767.503ms
[61.333s][info][gc,cpu         ] GC(68) User=1.46s Sys=0.00s Real=0.77s
[61.843s][info][gc,start       ] GC(69) Pause Full (Allocation Failure)
[61.843s][info][gc,phases,start] GC(69) Marking Phase
[61.866s][info][gc,phases      ] GC(69) Marking Phase 23.524ms
[61.866s][info][gc,phases,start] GC(69) Summary Phase
[61.866s][info][gc,phases      ] GC(69) Summary Phase 0.037ms
[61.866s][info][gc,phases,start] GC(69) Forward
[61.868s][info][gc,phases      ] GC(69) Forward 1.641ms
[61.868s][info][gc,phases,start] GC(69) Adjust Pointers
[61.876s][info][gc,phases      ] GC(69) Adjust Pointers 8.163ms
[61.876s][info][gc,phases,start] GC(69) Compaction Phase
[61.903s][info][gc,phases      ] GC(69) Compaction Phase 26.825ms
[61.903s][info][gc,phases,start] GC(69) Post Compact
[61.905s][info][gc,phases      ] GC(69) Post Compact 2.108ms
[61.920s][info][gc,heap        ] GC(69) PSYoungGen: 100390K(222720K)->0K(222720K) Eden: 100390K(111616K)->0K(111616K) From: 0K(111104K)->0K(111104K)
[61.920s][info][gc,heap        ] GC(69) ParOldGen: 580262K(667648K)->219817K(401920K)
[61.920s][info][gc,metaspace   ] GC(69) Metaspace: 17316K(17600K)->17316K(17600K) NonClass: 15106K(15296K)->15106K(15296K) Class: 2209K(2304K)->2209K(2304K)
[61.920s][info][gc             ] GC(69) Pause Full (Allocation Failure) 664M->214M(610M) 77.136ms
[61.920s][info][gc,cpu         ] GC(69) User=0.10s Sys=0.01s Real=0.08s
[62.391s][info][gc,start       ] GC(70) Pause Young (Allocation Failure)
[62.400s][info][gc,heap        ] GC(70) PSYoungGen: 111616K(222720K)->44634K(222720K) Eden: 111616K(111616K)->0K(111616K) From: 0K(111104K)->44634K(111104K)
[62.400s][info][gc,heap        ] GC(70) ParOldGen: 219817K(401920K)->219817K(401920K)
[62.400s][info][gc,metaspace   ] GC(70) Metaspace: 17316K(17600K)->17316K(17600K) NonClass: 15106K(15296K)->15106K(15296K) Class: 2209K(2304K)->2209K(2304K)
[62.400s][info][gc             ] GC(70) Pause Young (Allocation Failure) 323M->258M(610M) 9.449ms
[62.400s][info][gc,cpu         ] GC(70) User=0.02s Sys=0.00s Real=0.01s
[62.491s][info][gc,start       ] GC(71) Pause Young (Allocation Failure)
[62.526s][info][gc,heap        ] GC(71) PSYoungGen: 156250K(222720K)->57080K(222720K) Eden: 111616K(111616K)->0K(111616K) From: 44634K(111104K)->57080K(111104K)
[62.526s][info][gc,heap        ] GC(71) ParOldGen: 219817K(401920K)->275047K(401920K)
[62.526s][info][gc,metaspace   ] GC(71) Metaspace: 17316K(17600K)->17316K(17600K) NonClass: 15106K(15296K)->15106K(15296K) Class: 2209K(2304K)->2209K(2304K)
[62.526s][info][gc             ] GC(71) Pause Young (Allocation Failure) 367M->324M(610M) 35.727ms
[62.526s][info][gc,cpu         ] GC(71) User=0.07s Sys=0.00s Real=0.03s
[62.631s][info][gc,start       ] GC(72) Pause Young (Allocation Failure)
[62.680s][info][gc,heap        ] GC(72) PSYoungGen: 168696K(222720K)->57675K(222720K) Eden: 111616K(111616K)->0K(111616K) From: 57080K(111104K)->57675K(111104K)
[62.680s][info][gc,heap        ] GC(72) ParOldGen: 275047K(401920K)->332250K(401920K)
[62.680s][info][gc,metaspace   ] GC(72) Metaspace: 17316K(17600K)->17316K(17600K) NonClass: 15106K(15296K)->15106K(15296K) Class: 2209K(2304K)->2209K(2304K)
[62.680s][info][gc             ] GC(72) Pause Young (Allocation Failure) 433M->380M(610M) 48.284ms
[62.680s][info][gc,cpu         ] GC(72) User=0.10s Sys=0.00s Real=0.05s
[62.765s][info][gc,start       ] GC(73) Pause Young (Allocation Failure)
[62.811s][info][gc,heap        ] GC(73) PSYoungGen: 169291K(222720K)->54136K(222720K) Eden: 111616K(111616K)->0K(111616K) From: 57675K(111104K)->54136K(111104K)
[62.811s][info][gc,heap        ] GC(73) ParOldGen: 332250K(401920K)->390020K(401920K)
[62.811s][info][gc,metaspace   ] GC(73) Metaspace: 17316K(17600K)->17316K(17600K) NonClass: 15106K(15296K)->15106K(15296K) Class: 2209K(2304K)->2209K(2304K)
[62.811s][info][gc             ] GC(73) Pause Young (Allocation Failure) 489M->433M(610M) 46.150ms
[62.811s][info][gc,cpu         ] GC(73) User=0.09s Sys=0.00s Real=0.05s
[63.121s][info][gc,start       ] GC(74) Pause Young (Allocation Failure)
[63.176s][info][gc,heap        ] GC(74) PSYoungGen: 144430K(222720K)->75102K(222720K) Eden: 90294K(111616K)->0K(111616K) From: 54136K(111104K)->75102K(111104K)
[63.176s][info][gc,heap        ] GC(74) ParOldGen: 390020K(401920K)->444356K(444416K)
[63.176s][info][gc,metaspace   ] GC(74) Metaspace: 17316K(17600K)->17316K(17600K) NonClass: 15106K(15296K)->15106K(15296K) Class: 2209K(2304K)->2209K(2304K)
[63.176s][info][gc             ] GC(74) Pause Young (Allocation Failure) 521M->507M(651M) 55.449ms
[63.176s][info][gc,cpu         ] GC(74) User=0.07s Sys=0.04s Real=0.05s
[64.769s][info][gc,start       ] GC(75) Pause Young (Allocation Failure)
[64.825s][info][gc,heap        ] GC(75) PSYoungGen: 186718K(222720K)->34129K(222720K) Eden: 111616K(111616K)->0K(111616K) From: 75102K(111104K)->34129K(111104K)
[64.825s][info][gc,heap        ] GC(75) ParOldGen: 444356K(444416K)->488707K(488960K)
[64.825s][info][gc,metaspace   ] GC(75) Metaspace: 17358K(17600K)->17358K(17600K) NonClass: 15140K(15296K)->15140K(15296K) Class: 2218K(2304K)->2218K(2304K)
[64.825s][info][gc             ] GC(75) Pause Young (Allocation Failure) 616M->510M(695M) 55.237ms
[64.825s][info][gc,cpu         ] GC(75) User=0.08s Sys=0.03s Real=0.05s
[65.198s][info][gc,start       ] GC(76) Pause Young (Allocation Failure)
[65.284s][info][gc,heap        ] GC(76) PSYoungGen: 145745K(222720K)->57738K(222720K) Eden: 111616K(111616K)->0K(111616K) From: 34129K(111104K)->57738K(111104K)
[65.284s][info][gc,heap        ] GC(76) ParOldGen: 488707K(488960K)->522258K(522752K)
[65.284s][info][gc,metaspace   ] GC(76) Metaspace: 17453K(17792K)->17453K(17792K) NonClass: 15231K(15424K)->15231K(15424K) Class: 2222K(2368K)->2222K(2368K)
[65.284s][info][gc             ] GC(76) Pause Young (Allocation Failure) 619M->566M(728M) 86.182ms
[65.284s][info][gc,cpu         ] GC(76) User=0.15s Sys=0.02s Real=0.09s
[65.552s][info][gc,start       ] GC(77) Pause Young (Allocation Failure)
[65.652s][info][gc,heap        ] GC(77) PSYoungGen: 169354K(222720K)->70925K(222720K) Eden: 111616K(111616K)->0K(111616K) From: 57738K(111104K)->70925K(111104K)
[65.652s][info][gc,heap        ] GC(77) ParOldGen: 522258K(522752K)->579994K(580096K)
[65.652s][info][gc,metaspace   ] GC(77) Metaspace: 17594K(17920K)->17594K(17920K) NonClass: 15361K(15552K)->15361K(15552K) Class: 2233K(2368K)->2233K(2368K)
[65.652s][info][gc             ] GC(77) Pause Young (Allocation Failure) 675M->635M(784M) 99.830ms
[65.652s][info][gc,cpu         ] GC(77) User=0.15s Sys=0.04s Real=0.10s
[68.282s][info][gc,start       ] GC(78) Pause Full (Allocation Failure)
[68.282s][info][gc,phases,start] GC(78) Marking Phase
[68.425s][info][gc,phases      ] GC(78) Marking Phase 143.400ms
[68.425s][info][gc,phases,start] GC(78) Summary Phase
[68.425s][info][gc,phases      ] GC(78) Summary Phase 0.026ms
[68.425s][info][gc,phases,start] GC(78) Forward
[68.491s][info][gc,phases      ] GC(78) Forward 65.285ms
[68.491s][info][gc,phases,start] GC(78) Adjust Pointers
[68.583s][info][gc,phases      ] GC(78) Adjust Pointers 92.148ms
[68.583s][info][gc,phases,start] GC(78) Compaction Phase
[68.681s][info][gc,phases      ] GC(78) Compaction Phase 98.528ms
[68.682s][info][gc,phases,start] GC(78) Post Compact
[68.684s][info][gc,phases      ] GC(78) Post Compact 2.713ms
[68.685s][info][gc,heap        ] GC(78) PSYoungGen: 182541K(222720K)->0K(222720K) Eden: 111616K(111616K)->0K(111616K) From: 70925K(111104K)->0K(111104K)
[68.685s][info][gc,heap        ] GC(78) ParOldGen: 579994K(580096K)->568105K(667648K)
[68.685s][info][gc,metaspace   ] GC(78) Metaspace: 17607K(17920K)->17607K(17920K) NonClass: 15373K(15552K)->15373K(15552K) Class: 2233K(2368K)->2233K(2368K)
[68.685s][info][gc             ] GC(78) Pause Full (Allocation Failure) 744M->554M(869M) 402.861ms
[68.685s][info][gc,cpu         ] GC(78) User=0.73s Sys=0.01s Real=0.40s
[68.848s][info][gc,start       ] GC(79) Pause Young (Allocation Failure)
[68.891s][info][gc,heap        ] GC(79) PSYoungGen: 111616K(222720K)->83908K(222720K) Eden: 111616K(111616K)->0K(111616K) From: 0K(111104K)->83908K(111104K)
[68.891s][info][gc,heap        ] GC(79) ParOldGen: 568105K(667648K)->568105K(667648K)
[68.891s][info][gc,metaspace   ] GC(79) Metaspace: 17607K(17920K)->17607K(17920K) NonClass: 15373K(15552K)->15373K(15552K) Class: 2233K(2368K)->2233K(2368K)
[68.891s][info][gc             ] GC(79) Pause Young (Allocation Failure) 663M->636M(869M) 43.238ms
[68.891s][info][gc,cpu         ] GC(79) User=0.08s Sys=0.00s Real=0.05s
[69.023s][info][gc,start       ] GC(80) Pause Young (Allocation Failure)
[69.167s][info][gc,heap        ] GC(80) PSYoungGen: 195524K(222720K)->80511K(222720K) Eden: 111616K(111616K)->0K(111616K) From: 83908K(111104K)->80511K(111104K)
[69.167s][info][gc,heap        ] GC(80) ParOldGen: 568105K(667648K)->652682K(667648K)
[69.167s][info][gc,metaspace   ] GC(80) Metaspace: 17608K(17920K)->17608K(17920K) NonClass: 15374K(15552K)->15374K(15552K) Class: 2233K(2368K)->2233K(2368K)
[69.167s][info][gc             ] GC(80) Pause Young (Allocation Failure) 745M->716M(869M) 144.418ms
[69.167s][info][gc,cpu         ] GC(80) User=0.25s Sys=0.04s Real=0.14s
[69.293s][info][gc,start       ] GC(81) Pause Full (Allocation Failure)
[69.293s][info][gc,phases,start] GC(81) Marking Phase
[69.447s][info][gc,phases      ] GC(81) Marking Phase 153.786ms
[69.447s][info][gc,phases,start] GC(81) Summary Phase
[69.447s][info][gc,phases      ] GC(81) Summary Phase 0.027ms
[69.447s][info][gc,phases,start] GC(81) Forward
[69.526s][info][gc,phases      ] GC(81) Forward 79.406ms
[69.526s][info][gc,phases,start] GC(81) Adjust Pointers
[69.623s][info][gc,phases      ] GC(81) Adjust Pointers 96.147ms
[69.623s][info][gc,phases,start] GC(81) Compaction Phase
[69.729s][info][gc,phases      ] GC(81) Compaction Phase 105.948ms
[69.729s][info][gc,phases,start] GC(81) Post Compact
[69.731s][info][gc,phases      ] GC(81) Post Compact 2.495ms
[69.731s][info][gc,heap        ] GC(81) PSYoungGen: 192127K(222720K)->0K(222720K) Eden: 111616K(111616K)->0K(111616K) From: 80511K(111104K)->0K(111104K)
[69.731s][info][gc,heap        ] GC(81) ParOldGen: 652682K(667648K)->580851K(667648K)
[69.731s][info][gc,metaspace   ] GC(81) Metaspace: 17608K(17920K)->17608K(17920K) NonClass: 15374K(15552K)->15374K(15552K) Class: 2233K(2368K)->2233K(2368K)
[69.731s][info][gc             ] GC(81) Pause Full (Allocation Failure) 825M->567M(869M) 438.371ms
[69.731s][info][gc,cpu         ] GC(81) User=0.79s Sys=0.00s Real=0.44s
[70.089s][info][gc,start       ] GC(82) Pause Full (Allocation Failure)
[70.089s][info][gc,phases,start] GC(82) Marking Phase
[70.202s][info][gc,phases      ] GC(82) Marking Phase 112.340ms
[70.202s][info][gc,phases,start] GC(82) Summary Phase
[70.202s][info][gc,phases      ] GC(82) Summary Phase 0.024ms
[70.202s][info][gc,phases,start] GC(82) Forward
[70.248s][info][gc,phases      ] GC(82) Forward 45.982ms
[70.248s][info][gc,phases,start] GC(82) Adjust Pointers
[70.323s][info][gc,phases      ] GC(82) Adjust Pointers 75.219ms
[70.323s][info][gc,phases,start] GC(82) Compaction Phase
[70.393s][info][gc,phases      ] GC(82) Compaction Phase 70.400ms
[70.394s][info][gc,phases,start] GC(82) Post Compact
[70.396s][info][gc,phases      ] GC(82) Post Compact 2.033ms
[70.396s][info][gc,heap        ] GC(82) PSYoungGen: 111616K(222720K)->0K(222720K) Eden: 111616K(111616K)->0K(111616K) From: 0K(111104K)->0K(111104K)
[70.396s][info][gc,heap        ] GC(82) ParOldGen: 580851K(667648K)->608831K(667648K)
[70.396s][info][gc,metaspace   ] GC(82) Metaspace: 17612K(17920K)->17612K(17920K) NonClass: 15377K(15552K)->15377K(15552K) Class: 2235K(2368K)->2235K(2368K)
[70.396s][info][gc             ] GC(82) Pause Full (Allocation Failure) 676M->594M(869M) 306.433ms
[70.396s][info][gc,cpu         ] GC(82) User=0.58s Sys=0.00s Real=0.30s
[71.404s][info][gc,start       ] GC(83) Pause Full (Allocation Failure)
[71.404s][info][gc,phases,start] GC(83) Marking Phase
[71.518s][info][gc,phases      ] GC(83) Marking Phase 114.191ms
[71.518s][info][gc,phases,start] GC(83) Summary Phase
[71.518s][info][gc,phases      ] GC(83) Summary Phase 0.026ms
[71.518s][info][gc,phases,start] GC(83) Forward
[71.550s][info][gc,phases      ] GC(83) Forward 31.341ms
[71.550s][info][gc,phases,start] GC(83) Adjust Pointers
[71.622s][info][gc,phases      ] GC(83) Adjust Pointers 72.404ms
[71.622s][info][gc,phases,start] GC(83) Compaction Phase
[71.699s][info][gc,phases      ] GC(83) Compaction Phase 76.417ms
[71.699s][info][gc,phases,start] GC(83) Post Compact
[71.701s][info][gc,phases      ] GC(83) Post Compact 2.114ms
[71.701s][info][gc,heap        ] GC(83) PSYoungGen: 111616K(222720K)->32288K(222720K) Eden: 111616K(111616K)->32288K(111616K) From: 0K(111104K)->0K(111104K)
[71.701s][info][gc,heap        ] GC(83) ParOldGen: 608831K(667648K)->667234K(667648K)
[71.701s][info][gc,metaspace   ] GC(83) Metaspace: 17664K(17920K)->17664K(17920K) NonClass: 15406K(15552K)->15406K(15552K) Class: 2258K(2368K)->2258K(2368K)
[71.701s][info][gc             ] GC(83) Pause Full (Allocation Failure) 703M->683M(869M) 296.920ms
[71.701s][info][gc,cpu         ] GC(83) User=0.55s Sys=0.01s Real=0.30s
[71.738s][info][gc,start       ] GC(84) Pause Full (Allocation Failure)
[71.738s][info][gc,phases,start] GC(84) Marking Phase
[71.860s][info][gc,phases      ] GC(84) Marking Phase 122.259ms
[71.860s][info][gc,phases,start] GC(84) Summary Phase
[71.860s][info][gc,phases      ] GC(84) Summary Phase 0.040ms
[71.860s][info][gc,phases,start] GC(84) Forward
[71.902s][info][gc,phases      ] GC(84) Forward 41.590ms
[71.902s][info][gc,phases,start] GC(84) Adjust Pointers
[71.981s][info][gc,phases      ] GC(84) Adjust Pointers 78.939ms
[71.981s][info][gc,phases,start] GC(84) Compaction Phase
[72.083s][info][gc,phases      ] GC(84) Compaction Phase 102.186ms
[72.083s][info][gc,phases,start] GC(84) Post Compact
[72.085s][info][gc,phases      ] GC(84) Post Compact 2.137ms
[72.085s][info][gc,heap        ] GC(84) PSYoungGen: 72523K(222720K)->19636K(222720K) Eden: 72523K(111616K)->19636K(111616K) From: 0K(111104K)->0K(111104K)
[72.085s][info][gc,heap        ] GC(84) ParOldGen: 667234K(667648K)->665533K(667648K)
[72.085s][info][gc,metaspace   ] GC(84) Metaspace: 17664K(17920K)->17664K(17920K) NonClass: 15406K(15552K)->15406K(15552K) Class: 2258K(2368K)->2258K(2368K)
[72.085s][info][gc             ] GC(84) Pause Full (Allocation Failure) 722M->669M(869M) 347.682ms
[72.085s][info][gc,cpu         ] GC(84) User=0.67s Sys=0.00s Real=0.35s
[72.133s][info][gc,start       ] GC(85) Pause Full (Allocation Failure)
[72.133s][info][gc,phases,start] GC(85) Marking Phase
[72.252s][info][gc,phases      ] GC(85) Marking Phase 118.917ms
[72.252s][info][gc,phases,start] GC(85) Summary Phase
[72.252s][info][gc,phases      ] GC(85) Summary Phase 0.025ms
[72.252s][info][gc,phases,start] GC(85) Forward
[72.291s][info][gc,phases      ] GC(85) Forward 39.735ms
[72.291s][info][gc,phases,start] GC(85) Adjust Pointers
[72.372s][info][gc,phases      ] GC(85) Adjust Pointers 80.441ms
[72.372s][info][gc,phases,start] GC(85) Compaction Phase
[72.457s][info][gc,phases      ] GC(85) Compaction Phase 85.329ms
[72.457s][info][gc,phases,start] GC(85) Post Compact
[72.460s][info][gc,phases      ] GC(85) Post Compact 2.195ms
[72.460s][info][gc,heap        ] GC(85) PSYoungGen: 103232K(222720K)->20865K(222720K) Eden: 103232K(111616K)->20865K(111616K) From: 0K(111104K)->0K(111104K)
[72.460s][info][gc,heap        ] GC(85) ParOldGen: 665533K(667648K)->666938K(667648K)
[72.460s][info][gc,metaspace   ] GC(85) Metaspace: 17751K(17984K)->17751K(17984K) NonClass: 15471K(15616K)->15471K(15616K) Class: 2280K(2368K)->2280K(2368K)
[72.460s][info][gc             ] GC(85) Pause Full (Allocation Failure) 750M->671M(869M) 327.151ms
[72.460s][info][gc,cpu         ] GC(85) User=0.63s Sys=0.00s Real=0.33s
[73.191s][info][gc,start       ] GC(86) Pause Full (Allocation Failure)
[73.191s][info][gc,phases,start] GC(86) Marking Phase
[73.237s][info][gc,phases      ] GC(86) Marking Phase 46.122ms
[73.237s][info][gc,phases,start] GC(86) Summary Phase
[73.237s][info][gc,phases      ] GC(86) Summary Phase 0.028ms
[73.237s][info][gc,phases,start] GC(86) Forward
[73.246s][info][gc,phases      ] GC(86) Forward 8.960ms
[73.246s][info][gc,phases,start] GC(86) Adjust Pointers
[73.275s][info][gc,phases      ] GC(86) Adjust Pointers 28.996ms
[73.275s][info][gc,phases,start] GC(86) Compaction Phase
[73.324s][info][gc,phases      ] GC(86) Compaction Phase 48.865ms
[73.324s][info][gc,phases,start] GC(86) Post Compact
[73.327s][info][gc,phases      ] GC(86) Post Compact 2.303ms
[73.327s][info][gc,heap        ] GC(86) PSYoungGen: 111616K(222720K)->0K(222720K) Eden: 111616K(111616K)->0K(111616K) From: 0K(111104K)->0K(111104K)
[73.327s][info][gc,heap        ] GC(86) ParOldGen: 666938K(667648K)->557903K(667648K)
[73.327s][info][gc,metaspace   ] GC(86) Metaspace: 17897K(18176K)->17897K(18176K) NonClass: 15594K(15744K)->15594K(15744K) Class: 2302K(2432K)->2302K(2432K)
[73.327s][info][gc             ] GC(86) Pause Full (Allocation Failure) 760M->544M(869M) 135.693ms
[73.327s][info][gc,cpu         ] GC(86) User=0.25s Sys=0.00s Real=0.13s
[74.214s][info][gc,start       ] GC(87) Pause Young (Allocation Failure)
[74.297s][info][gc,heap        ] GC(87) PSYoungGen: 111616K(222720K)->81838K(222720K) Eden: 111616K(111616K)->0K(111616K) From: 0K(111104K)->81838K(111104K)
[74.297s][info][gc,heap        ] GC(87) ParOldGen: 557903K(667648K)->557911K(667648K)
[74.297s][info][gc,metaspace   ] GC(87) Metaspace: 18024K(18304K)->18024K(18304K) NonClass: 15717K(15872K)->15717K(15872K) Class: 2306K(2432K)->2306K(2432K)
[74.297s][info][gc             ] GC(87) Pause Young (Allocation Failure) 653M->624M(869M) 83.060ms
[74.297s][info][gc,cpu         ] GC(87) User=0.16s Sys=0.00s Real=0.08s
[74.483s][info][gc,start       ] GC(88) Pause Young (Allocation Failure)
[74.639s][info][gc,heap        ] GC(88) PSYoungGen: 193454K(222720K)->96064K(222720K) Eden: 111616K(111616K)->0K(111616K) From: 81838K(111104K)->96064K(111104K)
[74.639s][info][gc,heap        ] GC(88) ParOldGen: 557911K(667648K)->639890K(667648K)
[74.639s][info][gc,metaspace   ] GC(88) Metaspace: 18024K(18304K)->18024K(18304K) NonClass: 15717K(15872K)->15717K(15872K) Class: 2306K(2432K)->2306K(2432K)
[74.639s][info][gc             ] GC(88) Pause Young (Allocation Failure) 733M->718M(869M) 155.928ms
[74.639s][info][gc,cpu         ] GC(88) User=0.31s Sys=0.00s Real=0.16s
[74.796s][info][gc,start       ] GC(89) Pause Full (Allocation Failure)
[74.796s][info][gc,phases,start] GC(89) Marking Phase
[75.004s][info][gc,phases      ] GC(89) Marking Phase 207.763ms
[75.004s][info][gc,phases,start] GC(89) Summary Phase
[75.004s][info][gc,phases      ] GC(89) Summary Phase 0.027ms
[75.004s][info][gc,phases,start] GC(89) Forward
[75.084s][info][gc,phases      ] GC(89) Forward 79.772ms
[75.084s][info][gc,phases,start] GC(89) Adjust Pointers
[75.217s][info][gc,phases      ] GC(89) Adjust Pointers 133.053ms
[75.217s][info][gc,phases,start] GC(89) Compaction Phase
[75.360s][info][gc,phases      ] GC(89) Compaction Phase 143.108ms
[75.360s][info][gc,phases,start] GC(89) Post Compact
[75.363s][info][gc,phases      ] GC(89) Post Compact 2.421ms
[75.363s][info][gc,heap        ] GC(89) PSYoungGen: 207680K(222720K)->46650K(222720K) Eden: 111616K(111616K)->0K(111616K) From: 96064K(111104K)->46650K(111104K)
[75.363s][info][gc,heap        ] GC(89) ParOldGen: 639890K(667648K)->667158K(667648K)
[75.363s][info][gc,metaspace   ] GC(89) Metaspace: 18024K(18304K)->18024K(18304K) NonClass: 15717K(15872K)->15717K(15872K) Class: 2306K(2432K)->2306K(2432K)
[75.363s][info][gc             ] GC(89) Pause Full (Allocation Failure) 827M->697M(869M) 566.726ms
[75.363s][info][gc,cpu         ] GC(89) User=1.07s Sys=0.01s Real=0.57s
[75.517s][info][gc,start       ] GC(90) Pause Full (Allocation Failure)
[75.517s][info][gc,phases,start] GC(90) Marking Phase
[75.781s][info][gc,phases      ] GC(90) Marking Phase 264.424ms
[75.781s][info][gc,phases,start] GC(90) Summary Phase
[75.781s][info][gc,phases      ] GC(90) Summary Phase 0.026ms
[75.781s][info][gc,phases,start] GC(90) Forward
[75.857s][info][gc,phases      ] GC(90) Forward 75.535ms
[75.857s][info][gc,phases,start] GC(90) Adjust Pointers
[76.016s][info][gc,phases      ] GC(90) Adjust Pointers 158.830ms
[76.016s][info][gc,phases,start] GC(90) Compaction Phase
[76.129s][info][gc,phases      ] GC(90) Compaction Phase 113.681ms
[76.129s][info][gc,phases,start] GC(90) Post Compact
[76.132s][info][gc,phases      ] GC(90) Post Compact 2.410ms
[76.132s][info][gc,heap        ] GC(90) PSYoungGen: 158266K(222720K)->134597K(222720K) Eden: 111616K(111616K)->111498K(111616K) From: 46650K(111104K)->23098K(111104K)
[76.132s][info][gc,heap        ] GC(90) ParOldGen: 667158K(667648K)->667624K(667648K)
[76.132s][info][gc,metaspace   ] GC(90) Metaspace: 18024K(18304K)->18024K(18304K) NonClass: 15717K(15872K)->15717K(15872K) Class: 2306K(2432K)->2306K(2432K)
[76.132s][info][gc             ] GC(90) Pause Full (Allocation Failure) 806M->783M(869M) 615.415ms
[76.132s][info][gc,cpu         ] GC(90) User=1.19s Sys=0.00s Real=0.62s
[76.133s][info][gc,start       ] GC(91) Pause Full (Allocation Failure)
[76.133s][info][gc,phases,start] GC(91) Marking Phase
[76.394s][info][gc,phases      ] GC(91) Marking Phase 260.959ms
[76.394s][info][gc,phases,start] GC(91) Summary Phase
[76.394s][info][gc,phases      ] GC(91) Summary Phase 0.023ms
[76.394s][info][gc,phases,start] GC(91) Forward
[76.418s][info][gc,phases      ] GC(91) Forward 23.319ms
[76.418s][info][gc,phases,start] GC(91) Adjust Pointers
[76.552s][info][gc,phases      ] GC(91) Adjust Pointers 134.497ms
[76.552s][info][gc,phases,start] GC(91) Compaction Phase
[76.632s][info][gc,phases      ] GC(91) Compaction Phase 79.561ms
[76.632s][info][gc,phases,start] GC(91) Post Compact
[76.634s][info][gc,phases      ] GC(91) Post Compact 2.378ms
[76.634s][info][gc,heap        ] GC(91) PSYoungGen: 134714K(222720K)->134575K(222720K) Eden: 111616K(111616K)->111476K(111616K) From: 23098K(111104K)->23098K(111104K)
[76.634s][info][gc,heap        ] GC(91) ParOldGen: 667624K(667648K)->667624K(667648K)
[76.634s][info][gc,metaspace   ] GC(91) Metaspace: 18024K(18304K)->18024K(18304K) NonClass: 15717K(15872K)->15717K(15872K) Class: 2306K(2432K)->2306K(2432K)
[76.634s][info][gc             ] GC(91) Pause Full (Allocation Failure) 783M->783M(869M) 501.099ms
[76.634s][info][gc,cpu         ] GC(91) User=0.97s Sys=0.00s Real=0.50s
[76.635s][info][gc,start       ] GC(92) Pause Full (Allocation Failure)
[76.635s][info][gc,phases,start] GC(92) Marking Phase
[76.907s][info][gc,phases      ] GC(92) Marking Phase 272.372ms
[76.907s][info][gc,phases,start] GC(92) Summary Phase
[76.907s][info][gc,phases      ] GC(92) Summary Phase 0.026ms
[76.907s][info][gc,phases,start] GC(92) Forward
[76.942s][info][gc,phases      ] GC(92) Forward 35.000ms
[76.942s][info][gc,phases,start] GC(92) Adjust Pointers
[77.085s][info][gc,phases      ] GC(92) Adjust Pointers 142.972ms
[77.085s][info][gc,phases,start] GC(92) Compaction Phase
[77.159s][info][gc,phases      ] GC(92) Compaction Phase 73.565ms
[77.159s][info][gc,phases,start] GC(92) Post Compact
[77.161s][info][gc,phases      ] GC(92) Post Compact 2.281ms
[77.161s][info][gc,heap        ] GC(92) PSYoungGen: 134714K(222720K)->134575K(222720K) Eden: 111616K(111616K)->111476K(111616K) From: 23098K(111104K)->23098K(111104K)
[77.161s][info][gc,heap        ] GC(92) ParOldGen: 667624K(667648K)->667624K(667648K)
[77.161s][info][gc,metaspace   ] GC(92) Metaspace: 18024K(18304K)->18024K(18304K) NonClass: 15717K(15872K)->15717K(15872K) Class: 2306K(2432K)->2306K(2432K)
[77.161s][info][gc             ] GC(92) Pause Full (Allocation Failure) 783M->783M(869M) 526.605ms
[77.161s][info][gc,cpu         ] GC(92) User=1.02s Sys=0.00s Real=0.53s
[77.164s][info][gc,start       ] GC(93) Pause Full (Allocation Failure)
[77.164s][info][gc,phases,start] GC(93) Marking Phase
[77.425s][info][gc,phases      ] GC(93) Marking Phase 260.932ms
[77.425s][info][gc,phases,start] GC(93) Summary Phase
[77.425s][info][gc,phases      ] GC(93) Summary Phase 0.024ms
[77.425s][info][gc,phases,start] GC(93) Forward
[77.448s][info][gc,phases      ] GC(93) Forward 23.516ms
[77.448s][info][gc,phases,start] GC(93) Adjust Pointers
[77.584s][info][gc,phases      ] GC(93) Adjust Pointers 135.873ms
[77.584s][info][gc,phases,start] GC(93) Compaction Phase
[77.662s][info][gc,phases      ] GC(93) Compaction Phase 77.636ms
[77.662s][info][gc,phases,start] GC(93) Post Compact
[77.664s][info][gc,phases      ] GC(93) Post Compact 2.285ms
[77.664s][info][gc,heap        ] GC(93) PSYoungGen: 134714K(222720K)->134642K(222720K) Eden: 111616K(111616K)->111543K(111616K) From: 23098K(111104K)->23098K(111104K)
[77.664s][info][gc,heap        ] GC(93) ParOldGen: 667624K(667648K)->667624K(667648K)
[77.664s][info][gc,metaspace   ] GC(93) Metaspace: 18024K(18304K)->18024K(18304K) NonClass: 15717K(15872K)->15717K(15872K) Class: 2306K(2432K)->2306K(2432K)
[77.664s][info][gc             ] GC(93) Pause Full (Allocation Failure) 783M->783M(869M) 500.674ms
[77.664s][info][gc,cpu         ] GC(93) User=0.97s Sys=0.00s Real=0.50s
[77.667s][info][gc,start       ] GC(94) Pause Full (Allocation Failure)
[77.667s][info][gc,phases,start] GC(94) Marking Phase
[77.927s][info][gc,phases      ] GC(94) Marking Phase 259.762ms
[77.927s][info][gc,phases,start] GC(94) Summary Phase
[77.927s][info][gc,phases      ] GC(94) Summary Phase 0.024ms
[77.927s][info][gc,phases,start] GC(94) Forward
[77.950s][info][gc,phases      ] GC(94) Forward 22.743ms
[77.950s][info][gc,phases,start] GC(94) Adjust Pointers
[78.086s][info][gc,phases      ] GC(94) Adjust Pointers 135.722ms
[78.086s][info][gc,phases,start] GC(94) Compaction Phase
[78.163s][info][gc,phases      ] GC(94) Compaction Phase 77.775ms
[78.163s][info][gc,phases,start] GC(94) Post Compact
[78.166s][info][gc,phases      ] GC(94) Post Compact 2.288ms
[78.166s][info][gc,heap        ] GC(94) PSYoungGen: 134714K(222720K)->134619K(222720K) Eden: 111616K(111616K)->111520K(111616K) From: 23098K(111104K)->23098K(111104K)
[78.166s][info][gc,heap        ] GC(94) ParOldGen: 667624K(667648K)->667624K(667648K)
[78.166s][info][gc,metaspace   ] GC(94) Metaspace: 18024K(18304K)->18024K(18304K) NonClass: 15717K(15872K)->15717K(15872K) Class: 2306K(2432K)->2306K(2432K)
[78.166s][info][gc             ] GC(94) Pause Full (Allocation Failure) 783M->783M(869M) 498.690ms
[78.166s][info][gc,cpu         ] GC(94) User=0.97s Sys=0.00s Real=0.50s
[78.167s][info][gc,start       ] GC(95) Pause Full (Allocation Failure)
[78.167s][info][gc,phases,start] GC(95) Marking Phase
[78.427s][info][gc,phases      ] GC(95) Marking Phase 259.603ms
[78.427s][info][gc,phases,start] GC(95) Summary Phase
[78.427s][info][gc,phases      ] GC(95) Summary Phase 0.026ms
[78.427s][info][gc,phases,start] GC(95) Forward
[78.476s][info][gc,phases      ] GC(95) Forward 48.643ms
[78.476s][info][gc,phases,start] GC(95) Adjust Pointers
[78.616s][info][gc,phases      ] GC(95) Adjust Pointers 140.496ms
[78.616s][info][gc,phases,start] GC(95) Compaction Phase
[78.694s][info][gc,phases      ] GC(95) Compaction Phase 77.192ms
[78.694s][info][gc,phases,start] GC(95) Post Compact
[78.696s][info][gc,phases      ] GC(95) Post Compact 2.288ms
[78.696s][info][gc,heap        ] GC(95) PSYoungGen: 134714K(222720K)->134620K(222720K) Eden: 111616K(111616K)->111521K(111616K) From: 23098K(111104K)->23098K(111104K)
[78.696s][info][gc,heap        ] GC(95) ParOldGen: 667624K(667648K)->667624K(667648K)
[78.696s][info][gc,metaspace   ] GC(95) Metaspace: 18024K(18304K)->18024K(18304K) NonClass: 15717K(15872K)->15717K(15872K) Class: 2306K(2432K)->2306K(2432K)
[78.696s][info][gc             ] GC(95) Pause Full (Allocation Failure) 783M->783M(869M) 528.672ms
[78.696s][info][gc,cpu         ] GC(95) User=1.03s Sys=0.00s Real=0.53s
[78.702s][info][gc,start       ] GC(96) Pause Full (Allocation Failure)
[78.702s][info][gc,phases,start] GC(96) Marking Phase
[78.960s][info][gc,phases      ] GC(96) Marking Phase 257.898ms
[78.960s][info][gc,phases,start] GC(96) Summary Phase
[78.960s][info][gc,phases      ] GC(96) Summary Phase 0.024ms
[78.960s][info][gc,phases,start] GC(96) Forward
[78.983s][info][gc,phases      ] GC(96) Forward 22.541ms
[78.983s][info][gc,phases,start] GC(96) Adjust Pointers
[79.117s][info][gc,phases      ] GC(96) Adjust Pointers 134.567ms
[79.117s][info][gc,phases,start] GC(96) Compaction Phase
[79.195s][info][gc,phases      ] GC(96) Compaction Phase 77.867ms
[79.195s][info][gc,phases,start] GC(96) Post Compact
[79.197s][info][gc,phases      ] GC(96) Post Compact 2.308ms
[79.198s][info][gc,heap        ] GC(96) PSYoungGen: 134714K(222720K)->134681K(222720K) Eden: 111616K(111616K)->111582K(111616K) From: 23098K(111104K)->23098K(111104K)
[79.198s][info][gc,heap        ] GC(96) ParOldGen: 667624K(667648K)->667624K(667648K)
[79.198s][info][gc,metaspace   ] GC(96) Metaspace: 18024K(18304K)->18024K(18304K) NonClass: 15717K(15872K)->15717K(15872K) Class: 2306K(2432K)->2306K(2432K)
[79.198s][info][gc             ] GC(96) Pause Full (Allocation Failure) 783M->783M(869M) 495.612ms
[79.198s][info][gc,cpu         ] GC(96) User=0.97s Sys=0.00s Real=0.49s
[79.198s][info][gc,start       ] GC(97) Pause Full (Allocation Failure)
[79.198s][info][gc,phases,start] GC(97) Marking Phase
[79.460s][info][gc,phases      ] GC(97) Marking Phase 261.471ms
[79.460s][info][gc,phases,start] GC(97) Summary Phase
[79.460s][info][gc,phases      ] GC(97) Summary Phase 0.027ms
[79.460s][info][gc,phases,start] GC(97) Forward
[79.482s][info][gc,phases      ] GC(97) Forward 22.218ms
[79.482s][info][gc,phases,start] GC(97) Adjust Pointers
[79.616s][info][gc,phases      ] GC(97) Adjust Pointers 134.465ms
[79.617s][info][gc,phases,start] GC(97) Compaction Phase
[79.694s][info][gc,phases      ] GC(97) Compaction Phase 77.261ms
[79.694s][info][gc,phases,start] GC(97) Post Compact
[79.696s][info][gc,phases      ] GC(97) Post Compact 2.335ms
[79.696s][info][gc,heap        ] GC(97) PSYoungGen: 134714K(222720K)->134705K(222720K) Eden: 111616K(111616K)->111606K(111616K) From: 23098K(111104K)->23098K(111104K)
[79.696s][info][gc,heap        ] GC(97) ParOldGen: 667624K(667648K)->667624K(667648K)
[79.696s][info][gc,metaspace   ] GC(97) Metaspace: 18024K(18304K)->18024K(18304K) NonClass: 15717K(15872K)->15717K(15872K) Class: 2306K(2432K)->2306K(2432K)
[79.696s][info][gc             ] GC(97) Pause Full (Allocation Failure) 783M->783M(869M) 498.167ms
[79.696s][info][gc,cpu         ] GC(97) User=0.97s Sys=0.01s Real=0.50s
[79.697s][info][gc,start       ] GC(98) Pause Full (Allocation Failure)
[79.697s][info][gc,phases,start] GC(98) Marking Phase
[79.957s][info][gc,phases      ] GC(98) Marking Phase 259.946ms
[79.957s][info][gc,phases,start] GC(98) Summary Phase
[79.957s][info][gc,phases      ] GC(98) Summary Phase 0.025ms
[79.957s][info][gc,phases,start] GC(98) Forward
[79.979s][info][gc,phases      ] GC(98) Forward 22.187ms
[79.979s][info][gc,phases,start] GC(98) Adjust Pointers
[80.115s][info][gc,phases      ] GC(98) Adjust Pointers 136.320ms
[80.115s][info][gc,phases,start] GC(98) Compaction Phase
[80.193s][info][gc,phases      ] GC(98) Compaction Phase 77.119ms
[80.193s][info][gc,phases,start] GC(98) Post Compact
[80.195s][info][gc,phases      ] GC(98) Post Compact 2.310ms
[80.195s][info][gc,heap        ] GC(98) PSYoungGen: 134714K(222720K)->134711K(222720K) Eden: 111616K(111616K)->111612K(111616K) From: 23098K(111104K)->23098K(111104K)
[80.195s][info][gc,heap        ] GC(98) ParOldGen: 667624K(667648K)->667624K(667648K)
[80.195s][info][gc,metaspace   ] GC(98) Metaspace: 18024K(18304K)->18024K(18304K) NonClass: 15717K(15872K)->15717K(15872K) Class: 2306K(2432K)->2306K(2432K)
[80.195s][info][gc             ] GC(98) Pause Full (Allocation Failure) 783M->783M(869M) 498.318ms
[80.195s][info][gc,cpu         ] GC(98) User=0.98s Sys=0.00s Real=0.50s
[80.195s][info][gc,start       ] GC(99) Pause Full (Allocation Failure)
[80.195s][info][gc,phases,start] GC(99) Marking Phase
[80.454s][info][gc,phases      ] GC(99) Marking Phase 258.805ms
[80.454s][info][gc,phases,start] GC(99) Summary Phase
[80.454s][info][gc,phases      ] GC(99) Summary Phase 0.024ms
[80.454s][info][gc,phases,start] GC(99) Forward
[80.476s][info][gc,phases      ] GC(99) Forward 22.128ms
[80.476s][info][gc,phases,start] GC(99) Adjust Pointers
[80.610s][info][gc,phases      ] GC(99) Adjust Pointers 133.026ms
[80.610s][info][gc,phases,start] GC(99) Compaction Phase
[80.686s][info][gc,phases      ] GC(99) Compaction Phase 76.586ms
[80.686s][info][gc,phases,start] GC(99) Post Compact
[80.689s][info][gc,phases      ] GC(99) Post Compact 2.280ms
[80.689s][info][gc,heap        ] GC(99) PSYoungGen: 134714K(222720K)->134713K(222720K) Eden: 111616K(111616K)->111614K(111616K) From: 23098K(111104K)->23098K(111104K)
[80.689s][info][gc,heap        ] GC(99) ParOldGen: 667624K(667648K)->667624K(667648K)
[80.689s][info][gc,metaspace   ] GC(99) Metaspace: 18024K(18304K)->18024K(18304K) NonClass: 15717K(15872K)->15717K(15872K) Class: 2306K(2432K)->2306K(2432K)
[80.689s][info][gc             ] GC(99) Pause Full (Allocation Failure) 783M->783M(869M) 493.217ms
[80.689s][info][gc,cpu         ] GC(99) User=0.96s Sys=0.00s Real=0.49s
[80.689s][info][gc,start       ] GC(100) Pause Full (Allocation Failure)
[80.689s][info][gc,phases,start] GC(100) Marking Phase
[80.945s][info][gc,phases      ] GC(100) Marking Phase 256.395ms
[80.945s][info][gc,phases,start] GC(100) Summary Phase
[80.945s][info][gc,phases      ] GC(100) Summary Phase 0.024ms
[80.945s][info][gc,phases,start] GC(100) Forward
[80.967s][info][gc,phases      ] GC(100) Forward 22.020ms
[80.967s][info][gc,phases,start] GC(100) Adjust Pointers
[81.104s][info][gc,phases      ] GC(100) Adjust Pointers 136.143ms
[81.104s][info][gc,phases,start] GC(100) Compaction Phase
[81.180s][info][gc,phases      ] GC(100) Compaction Phase 76.603ms
[81.180s][info][gc,phases,start] GC(100) Post Compact
[81.183s][info][gc,phases      ] GC(100) Post Compact 2.319ms
[81.183s][info][gc,heap        ] GC(100) PSYoungGen: 134714K(222720K)->134714K(222720K) Eden: 111615K(111616K)->111615K(111616K) From: 23098K(111104K)->23098K(111104K)
[81.183s][info][gc,heap        ] GC(100) ParOldGen: 667624K(667648K)->667624K(667648K)
[81.183s][info][gc,metaspace   ] GC(100) Metaspace: 18024K(18304K)->18024K(18304K) NonClass: 15717K(15872K)->15717K(15872K) Class: 2306K(2432K)->2306K(2432K)
[81.183s][info][gc             ] GC(100) Pause Full (Allocation Failure) 783M->783M(869M) 493.893ms
[81.183s][info][gc,cpu         ] GC(100) User=0.96s Sys=0.00s Real=0.50s
[81.183s][info][gc,start       ] GC(101) Pause Full (Allocation Failure)
[81.183s][info][gc,phases,start] GC(101) Marking Phase
[81.439s][info][gc,phases      ] GC(101) Marking Phase 256.470ms
[81.440s][info][gc,phases,start] GC(101) Summary Phase
[81.440s][info][gc,phases      ] GC(101) Summary Phase 0.026ms
[81.440s][info][gc,phases,start] GC(101) Forward
[81.464s][info][gc,phases      ] GC(101) Forward 24.335ms
[81.464s][info][gc,phases,start] GC(101) Adjust Pointers
[81.597s][info][gc,phases      ] GC(101) Adjust Pointers 133.105ms
[81.597s][info][gc,phases,start] GC(101) Compaction Phase
[81.674s][info][gc,phases      ] GC(101) Compaction Phase 76.553ms
[81.674s][info][gc,phases,start] GC(101) Post Compact
[81.676s][info][gc,phases      ] GC(101) Post Compact 2.291ms
[81.676s][info][gc,heap        ] GC(101) PSYoungGen: 134714K(222720K)->134714K(222720K) Eden: 111615K(111616K)->111615K(111616K) From: 23098K(111104K)->23098K(111104K)
[81.676s][info][gc,heap        ] GC(101) ParOldGen: 667624K(667648K)->667624K(667648K)
[81.676s][info][gc,metaspace   ] GC(101) Metaspace: 18024K(18304K)->18024K(18304K) NonClass: 15717K(15872K)->15717K(15872K) Class: 2306K(2432K)->2306K(2432K)
[81.676s][info][gc             ] GC(101) Pause Full (Allocation Failure) 783M->783M(869M) 493.164ms
[81.676s][info][gc,cpu         ] GC(101) User=0.96s Sys=0.00s Real=0.49s
[81.676s][info][gc,start       ] GC(102) Pause Full (Allocation Failure)
[81.676s][info][gc,phases,start] GC(102) Marking Phase
[81.939s][info][gc,phases      ] GC(102) Marking Phase 262.495ms
[81.939s][info][gc,phases,start] GC(102) Summary Phase
[81.939s][info][gc,phases      ] GC(102) Summary Phase 0.024ms
[81.939s][info][gc,phases,start] GC(102) Forward
[81.962s][info][gc,phases      ] GC(102) Forward 22.493ms
[81.962s][info][gc,phases,start] GC(102) Adjust Pointers
[82.097s][info][gc,phases      ] GC(102) Adjust Pointers 135.064ms
[82.097s][info][gc,phases,start] GC(102) Compaction Phase
[82.175s][info][gc,phases      ] GC(102) Compaction Phase 78.062ms
[82.175s][info][gc,phases,start] GC(102) Post Compact
[82.177s][info][gc,phases      ] GC(102) Post Compact 2.360ms
[82.177s][info][gc,heap        ] GC(102) PSYoungGen: 134714K(222720K)->134714K(222720K) Eden: 111615K(111616K)->111615K(111616K) From: 23098K(111104K)->23098K(111104K)
[82.177s][info][gc,heap        ] GC(102) ParOldGen: 667624K(667648K)->667624K(667648K)
[82.177s][info][gc,metaspace   ] GC(102) Metaspace: 18024K(18304K)->18024K(18304K) NonClass: 15717K(15872K)->15717K(15872K) Class: 2306K(2432K)->2306K(2432K)
[82.177s][info][gc             ] GC(102) Pause Full (Allocation Failure) 783M->783M(869M) 500.881ms
[82.177s][info][gc,cpu         ] GC(102) User=0.97s Sys=0.00s Real=0.50s
[82.177s][info][gc,start       ] GC(103) Pause Full (Allocation Failure)
[82.177s][info][gc,phases,start] GC(103) Marking Phase
[82.442s][info][gc,phases      ] GC(103) Marking Phase 264.547ms
[82.442s][info][gc,phases,start] GC(103) Summary Phase
[82.442s][info][gc,phases      ] GC(103) Summary Phase 0.024ms
[82.442s][info][gc,phases,start] GC(103) Forward
[82.464s][info][gc,phases      ] GC(103) Forward 21.973ms
[82.464s][info][gc,phases,start] GC(103) Adjust Pointers
[82.598s][info][gc,phases      ] GC(103) Adjust Pointers 133.496ms
[82.598s][info][gc,phases,start] GC(103) Compaction Phase
[82.675s][info][gc,phases      ] GC(103) Compaction Phase 77.604ms
[82.675s][info][gc,phases,start] GC(103) Post Compact
[82.678s][info][gc,phases      ] GC(103) Post Compact 2.285ms
[82.678s][info][gc,heap        ] GC(103) PSYoungGen: 134714K(222720K)->134714K(222720K) Eden: 111615K(111616K)->111615K(111616K) From: 23098K(111104K)->23098K(111104K)
[82.678s][info][gc,heap        ] GC(103) ParOldGen: 667625K(667648K)->667625K(667648K)
[82.678s][info][gc,metaspace   ] GC(103) Metaspace: 18024K(18304K)->18024K(18304K) NonClass: 15717K(15872K)->15717K(15872K) Class: 2306K(2432K)->2306K(2432K)
[82.678s][info][gc             ] GC(103) Pause Full (Allocation Failure) 783M->783M(869M) 500.278ms
[82.678s][info][gc,cpu         ] GC(103) User=0.98s Sys=0.00s Real=0.50s
[82.678s][info][gc,start       ] GC(104) Pause Full (Allocation Failure)
[82.678s][info][gc,phases,start] GC(104) Marking Phase
[82.941s][info][gc,phases      ] GC(104) Marking Phase 263.153ms
[82.941s][info][gc,phases,start] GC(104) Summary Phase
[82.941s][info][gc,phases      ] GC(104) Summary Phase 0.024ms
[82.941s][info][gc,phases,start] GC(104) Forward
[82.963s][info][gc,phases      ] GC(104) Forward 22.026ms
[82.963s][info][gc,phases,start] GC(104) Adjust Pointers
[83.097s][info][gc,phases      ] GC(104) Adjust Pointers 133.516ms
[83.097s][info][gc,phases,start] GC(104) Compaction Phase
[83.173s][info][gc,phases      ] GC(104) Compaction Phase 76.431ms
[83.173s][info][gc,phases,start] GC(104) Post Compact
[83.176s][info][gc,phases      ] GC(104) Post Compact 2.297ms
[83.176s][info][gc,heap        ] GC(104) PSYoungGen: 134714K(222720K)->134714K(222720K) Eden: 111616K(111616K)->111615K(111616K) From: 23098K(111104K)->23098K(111104K)
[83.176s][info][gc,heap        ] GC(104) ParOldGen: 667625K(667648K)->667625K(667648K)
[83.176s][info][gc,metaspace   ] GC(104) Metaspace: 18024K(18304K)->18024K(18304K) NonClass: 15717K(15872K)->15717K(15872K) Class: 2306K(2432K)->2306K(2432K)
[83.176s][info][gc             ] GC(104) Pause Full (Allocation Failure) 783M->783M(869M) 497.836ms
[83.176s][info][gc,cpu         ] GC(104) User=0.97s Sys=0.00s Real=0.50s
[83.177s][info][gc,start       ] GC(105) Pause Full (Allocation Failure)
[83.177s][info][gc,phases,start] GC(105) Marking Phase
[83.437s][info][gc,phases      ] GC(105) Marking Phase 259.545ms
[83.437s][info][gc,phases,start] GC(105) Summary Phase
[83.437s][info][gc,phases      ] GC(105) Summary Phase 0.024ms
[83.437s][info][gc,phases,start] GC(105) Forward
[83.459s][info][gc,phases      ] GC(105) Forward 21.967ms
[83.459s][info][gc,phases,start] GC(105) Adjust Pointers
[83.592s][info][gc,phases      ] GC(105) Adjust Pointers 133.178ms
[83.592s][info][gc,phases,start] GC(105) Compaction Phase
[83.669s][info][gc,phases      ] GC(105) Compaction Phase 77.244ms
[83.669s][info][gc,phases,start] GC(105) Post Compact
[83.672s][info][gc,phases      ] GC(105) Post Compact 2.301ms
[83.672s][info][gc,heap        ] GC(105) PSYoungGen: 134714K(222720K)->134714K(222720K) Eden: 111615K(111616K)->111615K(111616K) From: 23098K(111104K)->23098K(111104K)
[83.672s][info][gc,heap        ] GC(105) ParOldGen: 667625K(667648K)->667625K(667648K)
[83.672s][info][gc,metaspace   ] GC(105) Metaspace: 18024K(18304K)->18024K(18304K) NonClass: 15717K(15872K)->15717K(15872K) Class: 2306K(2432K)->2306K(2432K)
[83.672s][info][gc             ] GC(105) Pause Full (Allocation Failure) 783M->783M(869M) 494.660ms
[83.672s][info][gc,cpu         ] GC(105) User=0.97s Sys=0.00s Real=0.50s
[83.672s][info][gc,start       ] GC(106) Pause Full (Allocation Failure)
[83.672s][info][gc,phases,start] GC(106) Marking Phase
[83.929s][info][gc,phases      ] GC(106) Marking Phase 256.973ms
[83.929s][info][gc,phases,start] GC(106) Summary Phase
[83.929s][info][gc,phases      ] GC(106) Summary Phase 0.035ms
[83.929s][info][gc,phases,start] GC(106) Forward
[83.951s][info][gc,phases      ] GC(106) Forward 22.036ms
[83.951s][info][gc,phases,start] GC(106) Adjust Pointers
[84.084s][info][gc,phases      ] GC(106) Adjust Pointers 132.564ms
[84.084s][info][gc,phases,start] GC(106) Compaction Phase
[84.160s][info][gc,phases      ] GC(106) Compaction Phase 76.437ms
[84.160s][info][gc,phases,start] GC(106) Post Compact
[84.163s][info][gc,phases      ] GC(106) Post Compact 2.294ms
[84.163s][info][gc,heap        ] GC(106) PSYoungGen: 134714K(222720K)->134714K(222720K) Eden: 111615K(111616K)->111615K(111616K) From: 23098K(111104K)->23098K(111104K)
[84.163s][info][gc,heap        ] GC(106) ParOldGen: 667625K(667648K)->667625K(667648K)
[84.163s][info][gc,metaspace   ] GC(106) Metaspace: 18024K(18304K)->18024K(18304K) NonClass: 15717K(15872K)->15717K(15872K) Class: 2306K(2432K)->2306K(2432K)
[84.163s][info][gc             ] GC(106) Pause Full (Allocation Failure) 783M->783M(869M) 490.742ms
[84.163s][info][gc,cpu         ] GC(106) User=0.96s Sys=0.00s Real=0.49s
[84.163s][info][gc,start       ] GC(107) Pause Full (Allocation Failure)
[84.163s][info][gc,phases,start] GC(107) Marking Phase
[84.425s][info][gc,phases      ] GC(107) Marking Phase 262.617ms
[84.426s][info][gc,phases,start] GC(107) Summary Phase
[84.426s][info][gc,phases      ] GC(107) Summary Phase 0.024ms
[84.426s][info][gc,phases,start] GC(107) Forward
[84.450s][info][gc,phases      ] GC(107) Forward 24.219ms
[84.450s][info][gc,phases,start] GC(107) Adjust Pointers
[84.585s][info][gc,phases      ] GC(107) Adjust Pointers 134.964ms
[84.585s][info][gc,phases,start] GC(107) Compaction Phase
[84.664s][info][gc,phases      ] GC(107) Compaction Phase 79.032ms
[84.664s][info][gc,phases,start] GC(107) Post Compact
[84.666s][info][gc,phases      ] GC(107) Post Compact 2.306ms
[84.666s][info][gc,heap        ] GC(107) PSYoungGen: 134714K(222720K)->134714K(222720K) Eden: 111615K(111616K)->111615K(111616K) From: 23098K(111104K)->23098K(111104K)
[84.666s][info][gc,heap        ] GC(107) ParOldGen: 667625K(667648K)->667625K(667648K)
[84.666s][info][gc,metaspace   ] GC(107) Metaspace: 18024K(18304K)->18024K(18304K) NonClass: 15717K(15872K)->15717K(15872K) Class: 2306K(2432K)->2306K(2432K)
[84.666s][info][gc             ] GC(107) Pause Full (Allocation Failure) 783M->783M(869M) 503.547ms
[84.666s][info][gc,cpu         ] GC(107) User=0.97s Sys=0.00s Real=0.50s
[84.667s][info][gc,start       ] GC(108) Pause Full (Allocation Failure)
[84.667s][info][gc,phases,start] GC(108) Marking Phase
[84.923s][info][gc,phases      ] GC(108) Marking Phase 256.177ms
[84.923s][info][gc,phases,start] GC(108) Summary Phase
[84.923s][info][gc,phases      ] GC(108) Summary Phase 0.024ms
[84.923s][info][gc,phases,start] GC(108) Forward
[84.945s][info][gc,phases      ] GC(108) Forward 21.966ms
[84.945s][info][gc,phases,start] GC(108) Adjust Pointers
[85.079s][info][gc,phases      ] GC(108) Adjust Pointers 133.885ms
[85.079s][info][gc,phases,start] GC(108) Compaction Phase
[85.156s][info][gc,phases      ] GC(108) Compaction Phase 76.697ms
[85.156s][info][gc,phases,start] GC(108) Post Compact
[85.158s][info][gc,phases      ] GC(108) Post Compact 2.314ms
[85.158s][info][gc,heap        ] GC(108) PSYoungGen: 134714K(222720K)->134714K(222720K) Eden: 111615K(111616K)->111615K(111616K) From: 23098K(111104K)->23098K(111104K)
[85.158s][info][gc,heap        ] GC(108) ParOldGen: 667625K(667648K)->667625K(667648K)
[85.158s][info][gc,metaspace   ] GC(108) Metaspace: 18024K(18304K)->18024K(18304K) NonClass: 15717K(15872K)->15717K(15872K) Class: 2306K(2432K)->2306K(2432K)
[85.158s][info][gc             ] GC(108) Pause Full (Allocation Failure) 783M->783M(869M) 491.469ms
[85.158s][info][gc,cpu         ] GC(108) User=0.96s Sys=0.00s Real=0.49s
[85.158s][info][gc,start       ] GC(109) Pause Full (Allocation Failure)
[85.158s][info][gc,phases,start] GC(109) Marking Phase
[85.415s][info][gc,phases      ] GC(109) Marking Phase 257.163ms
[85.415s][info][gc,phases,start] GC(109) Summary Phase
[85.415s][info][gc,phases      ] GC(109) Summary Phase 0.025ms
[85.415s][info][gc,phases,start] GC(109) Forward
[85.437s][info][gc,phases      ] GC(109) Forward 21.974ms
[85.437s][info][gc,phases,start] GC(109) Adjust Pointers
[85.569s][info][gc,phases      ] GC(109) Adjust Pointers 131.949ms
[85.569s][info][gc,phases,start] GC(109) Compaction Phase
[85.644s][info][gc,phases      ] GC(109) Compaction Phase 74.834ms
[85.644s][info][gc,phases,start] GC(109) Post Compact
[85.647s][info][gc,phases      ] GC(109) Post Compact 2.302ms
[85.647s][info][gc,heap        ] GC(109) PSYoungGen: 134714K(222720K)->134714K(222720K) Eden: 111615K(111616K)->111615K(111616K) From: 23098K(111104K)->23098K(111104K)
[85.647s][info][gc,heap        ] GC(109) ParOldGen: 667625K(667648K)->667625K(667648K)
[85.647s][info][gc,metaspace   ] GC(109) Metaspace: 18024K(18304K)->18024K(18304K) NonClass: 15717K(15872K)->15717K(15872K) Class: 2306K(2432K)->2306K(2432K)
[85.647s][info][gc             ] GC(109) Pause Full (Allocation Failure) 783M->783M(869M) 488.602ms
[85.647s][info][gc,cpu         ] GC(109) User=0.96s Sys=0.00s Real=0.49s
[85.647s][info][gc,start       ] GC(110) Pause Full (Allocation Failure)
[85.647s][info][gc,phases,start] GC(110) Marking Phase
[85.899s][info][gc,phases      ] GC(110) Marking Phase 252.016ms
[85.899s][info][gc,phases,start] GC(110) Summary Phase
[85.899s][info][gc,phases      ] GC(110) Summary Phase 0.024ms
[85.899s][info][gc,phases,start] GC(110) Forward
[85.921s][info][gc,phases      ] GC(110) Forward 21.541ms
[85.921s][info][gc,phases,start] GC(110) Adjust Pointers
[86.051s][info][gc,phases      ] GC(110) Adjust Pointers 130.612ms
[86.051s][info][gc,phases,start] GC(110) Compaction Phase
[86.126s][info][gc,phases      ] GC(110) Compaction Phase 74.857ms
[86.126s][info][gc,phases,start] GC(110) Post Compact
[86.129s][info][gc,phases      ] GC(110) Post Compact 2.282ms
[86.129s][info][gc,heap        ] GC(110) PSYoungGen: 134714K(222720K)->134714K(222720K) Eden: 111615K(111616K)->111615K(111616K) From: 23098K(111104K)->23098K(111104K)
[86.129s][info][gc,heap        ] GC(110) ParOldGen: 667625K(667648K)->667625K(667648K)
[86.129s][info][gc,metaspace   ] GC(110) Metaspace: 18024K(18304K)->18024K(18304K) NonClass: 15717K(15872K)->15717K(15872K) Class: 2306K(2432K)->2306K(2432K)
[86.129s][info][gc             ] GC(110) Pause Full (Allocation Failure) 783M->783M(869M) 481.725ms
[86.129s][info][gc,cpu         ] GC(110) User=0.94s Sys=0.00s Real=0.48s
[86.131s][info][gc,start       ] GC(111) Pause Full (Allocation Failure)
[86.131s][info][gc,phases,start] GC(111) Marking Phase
[86.383s][info][gc,phases      ] GC(111) Marking Phase 252.374ms
[86.383s][info][gc,phases,start] GC(111) Summary Phase
[86.383s][info][gc,phases      ] GC(111) Summary Phase 0.023ms
[86.383s][info][gc,phases,start] GC(111) Forward
[86.405s][info][gc,phases      ] GC(111) Forward 21.711ms
[86.405s][info][gc,phases,start] GC(111) Adjust Pointers
[86.536s][info][gc,phases      ] GC(111) Adjust Pointers 131.184ms
[86.536s][info][gc,phases,start] GC(111) Compaction Phase
[86.612s][info][gc,phases      ] GC(111) Compaction Phase 75.707ms
[86.612s][info][gc,phases,start] GC(111) Post Compact
[86.615s][info][gc,phases      ] GC(111) Post Compact 2.335ms
[86.615s][info][gc,heap        ] GC(111) PSYoungGen: 134714K(222720K)->134714K(222720K) Eden: 111615K(111616K)->111615K(111616K) From: 23098K(111104K)->23098K(111104K)
[86.615s][info][gc,heap        ] GC(111) ParOldGen: 667625K(667648K)->667625K(667648K)
[86.615s][info][gc,metaspace   ] GC(111) Metaspace: 18024K(18304K)->18024K(18304K) NonClass: 15717K(15872K)->15717K(15872K) Class: 2306K(2432K)->2306K(2432K)
[86.615s][info][gc             ] GC(111) Pause Full (Allocation Failure) 783M->783M(869M) 483.676ms
[86.615s][info][gc,cpu         ] GC(111) User=0.94s Sys=0.01s Real=0.48s
[86.617s][info][gc,start       ] GC(112) Pause Full (Allocation Failure)
[86.617s][info][gc,phases,start] GC(112) Marking Phase
[86.876s][info][gc,phases      ] GC(112) Marking Phase 258.964ms
[86.876s][info][gc,phases,start] GC(112) Summary Phase
[86.876s][info][gc,phases      ] GC(112) Summary Phase 0.024ms
[86.876s][info][gc,phases,start] GC(112) Forward
[86.898s][info][gc,phases      ] GC(112) Forward 22.293ms
[86.898s][info][gc,phases,start] GC(112) Adjust Pointers
[87.031s][info][gc,phases      ] GC(112) Adjust Pointers 132.854ms
[87.031s][info][gc,phases,start] GC(112) Compaction Phase
[87.108s][info][gc,phases      ] GC(112) Compaction Phase 76.167ms
[87.108s][info][gc,phases,start] GC(112) Post Compact
[87.110s][info][gc,phases      ] GC(112) Post Compact 2.275ms
[87.110s][info][gc,heap        ] GC(112) PSYoungGen: 134714K(222720K)->134714K(222720K) Eden: 111615K(111616K)->111615K(111616K) From: 23098K(111104K)->23098K(111104K)
[87.110s][info][gc,heap        ] GC(112) ParOldGen: 667625K(667648K)->667625K(667648K)
[87.110s][info][gc,metaspace   ] GC(112) Metaspace: 18024K(18304K)->18024K(18304K) NonClass: 15717K(15872K)->15717K(15872K) Class: 2306K(2432K)->2306K(2432K)
[87.110s][info][gc             ] GC(112) Pause Full (Allocation Failure) 783M->783M(869M) 492.945ms
[87.110s][info][gc,cpu         ] GC(112) User=0.96s Sys=0.00s Real=0.50s
[87.112s][info][gc,start       ] GC(113) Pause Full (Allocation Failure)
[87.112s][info][gc,phases,start] GC(113) Marking Phase
[87.371s][info][gc,phases      ] GC(113) Marking Phase 258.547ms
[87.371s][info][gc,phases,start] GC(113) Summary Phase
[87.371s][info][gc,phases      ] GC(113) Summary Phase 0.036ms
[87.371s][info][gc,phases,start] GC(113) Forward
[87.393s][info][gc,phases      ] GC(113) Forward 21.928ms
[87.393s][info][gc,phases,start] GC(113) Adjust Pointers
[87.526s][info][gc,phases      ] GC(113) Adjust Pointers 132.884ms
[87.526s][info][gc,phases,start] GC(113) Compaction Phase
[87.603s][info][gc,phases      ] GC(113) Compaction Phase 76.925ms
[87.603s][info][gc,phases,start] GC(113) Post Compact
[87.605s][info][gc,phases      ] GC(113) Post Compact 2.331ms
[87.605s][info][gc,heap        ] GC(113) PSYoungGen: 134714K(222720K)->134714K(222720K) Eden: 111615K(111616K)->111615K(111616K) From: 23098K(111104K)->23098K(111104K)
[87.605s][info][gc,heap        ] GC(113) ParOldGen: 667625K(667648K)->667625K(667648K)
[87.605s][info][gc,metaspace   ] GC(113) Metaspace: 18024K(18304K)->18024K(18304K) NonClass: 15717K(15872K)->15717K(15872K) Class: 2306K(2432K)->2306K(2432K)
[87.605s][info][gc             ] GC(113) Pause Full (Allocation Failure) 783M->783M(869M) 493.025ms
[87.605s][info][gc,cpu         ] GC(113) User=0.97s Sys=0.00s Real=0.49s
[87.607s][info][gc,start       ] GC(114) Pause Full (Allocation Failure)
[87.607s][info][gc,phases,start] GC(114) Marking Phase
[87.863s][info][gc,phases      ] GC(114) Marking Phase 256.335ms
[87.864s][info][gc,phases,start] GC(114) Summary Phase
[87.864s][info][gc,phases      ] GC(114) Summary Phase 0.024ms
[87.864s][info][gc,phases,start] GC(114) Forward
[87.885s][info][gc,phases      ] GC(114) Forward 21.896ms
[87.885s][info][gc,phases,start] GC(114) Adjust Pointers
[88.018s][info][gc,phases      ] GC(114) Adjust Pointers 132.196ms
[88.018s][info][gc,phases,start] GC(114) Compaction Phase
[88.094s][info][gc,phases      ] GC(114) Compaction Phase 76.175ms
[88.094s][info][gc,phases,start] GC(114) Post Compact
[88.096s][info][gc,phases      ] GC(114) Post Compact 2.327ms
[88.096s][info][gc,heap        ] GC(114) PSYoungGen: 134714K(222720K)->134714K(222720K) Eden: 111615K(111616K)->111615K(111616K) From: 23098K(111104K)->23098K(111104K)
[88.096s][info][gc,heap        ] GC(114) ParOldGen: 667625K(667648K)->667625K(667648K)
[88.096s][info][gc,metaspace   ] GC(114) Metaspace: 18024K(18304K)->18024K(18304K) NonClass: 15717K(15872K)->15717K(15872K) Class: 2306K(2432K)->2306K(2432K)
[88.096s][info][gc             ] GC(114) Pause Full (Allocation Failure) 783M->783M(869M) 489.327ms
[88.096s][info][gc,cpu         ] GC(114) User=0.95s Sys=0.00s Real=0.49s
[88.099s][info][gc,start       ] GC(115) Pause Full (Allocation Failure)
[88.099s][info][gc,phases,start] GC(115) Marking Phase
[88.354s][info][gc,phases      ] GC(115) Marking Phase 254.597ms
[88.354s][info][gc,phases,start] GC(115) Summary Phase
[88.354s][info][gc,phases      ] GC(115) Summary Phase 0.036ms
[88.354s][info][gc,phases,start] GC(115) Forward
[88.376s][info][gc,phases      ] GC(115) Forward 21.967ms
[88.376s][info][gc,phases,start] GC(115) Adjust Pointers
[88.510s][info][gc,phases      ] GC(115) Adjust Pointers 134.145ms
[88.510s][info][gc,phases,start] GC(115) Compaction Phase
[88.587s][info][gc,phases      ] GC(115) Compaction Phase 76.537ms
[88.587s][info][gc,phases,start] GC(115) Post Compact
[88.589s][info][gc,phases      ] GC(115) Post Compact 2.291ms
[88.589s][info][gc,heap        ] GC(115) PSYoungGen: 134714K(222720K)->134714K(222720K) Eden: 111616K(111616K)->111615K(111616K) From: 23098K(111104K)->23098K(111104K)
[88.589s][info][gc,heap        ] GC(115) ParOldGen: 667625K(667648K)->667625K(667648K)
[88.589s][info][gc,metaspace   ] GC(115) Metaspace: 18024K(18304K)->18024K(18304K) NonClass: 15717K(15872K)->15717K(15872K) Class: 2306K(2432K)->2306K(2432K)
[88.589s][info][gc             ] GC(115) Pause Full (Allocation Failure) 783M->783M(869M) 490.005ms
[88.589s][info][gc,cpu         ] GC(115) User=0.95s Sys=0.00s Real=0.49s
[88.589s][info][gc,start       ] GC(116) Pause Full (Allocation Failure)
[88.589s][info][gc,phases,start] GC(116) Marking Phase
[88.846s][info][gc,phases      ] GC(116) Marking Phase 257.222ms
[88.846s][info][gc,phases,start] GC(116) Summary Phase
[88.846s][info][gc,phases      ] GC(116) Summary Phase 0.025ms
[88.846s][info][gc,phases,start] GC(116) Forward
[88.868s][info][gc,phases      ] GC(116) Forward 21.952ms
[88.868s][info][gc,phases,start] GC(116) Adjust Pointers
[89.005s][info][gc,phases      ] GC(116) Adjust Pointers 136.273ms
[89.005s][info][gc,phases,start] GC(116) Compaction Phase
[89.082s][info][gc,phases      ] GC(116) Compaction Phase 76.786ms
[89.082s][info][gc,phases,start] GC(116) Post Compact
[89.084s][info][gc,phases      ] GC(116) Post Compact 2.321ms
[89.084s][info][gc,heap        ] GC(116) PSYoungGen: 134714K(222720K)->134714K(222720K) Eden: 111616K(111616K)->111615K(111616K) From: 23098K(111104K)->23098K(111104K)
[89.084s][info][gc,heap        ] GC(116) ParOldGen: 667625K(667648K)->667625K(667648K)
[89.084s][info][gc,metaspace   ] GC(116) Metaspace: 18024K(18304K)->18024K(18304K) NonClass: 15717K(15872K)->15717K(15872K) Class: 2306K(2432K)->2306K(2432K)
[89.084s][info][gc             ] GC(116) Pause Full (Allocation Failure) 783M->783M(869M) 494.900ms
[89.084s][info][gc,cpu         ] GC(116) User=0.97s Sys=0.00s Real=0.49s
[89.084s][info][gc,start       ] GC(117) Pause Full (Allocation Failure)
[89.084s][info][gc,phases,start] GC(117) Marking Phase
[89.346s][info][gc,phases      ] GC(117) Marking Phase 261.446ms
[89.346s][info][gc,phases,start] GC(117) Summary Phase
[89.346s][info][gc,phases      ] GC(117) Summary Phase 0.024ms
[89.346s][info][gc,phases,start] GC(117) Forward
[89.368s][info][gc,phases      ] GC(117) Forward 22.139ms
[89.368s][info][gc,phases,start] GC(117) Adjust Pointers
[89.502s][info][gc,phases      ] GC(117) Adjust Pointers 134.407ms
[89.502s][info][gc,phases,start] GC(117) Compaction Phase
[89.579s][info][gc,phases      ] GC(117) Compaction Phase 76.757ms
[89.579s][info][gc,phases,start] GC(117) Post Compact
[89.582s][info][gc,phases      ] GC(117) Post Compact 2.297ms
[89.582s][info][gc,heap        ] GC(117) PSYoungGen: 134714K(222720K)->134714K(222720K) Eden: 111615K(111616K)->111615K(111616K) From: 23098K(111104K)->23098K(111104K)
[89.582s][info][gc,heap        ] GC(117) ParOldGen: 667625K(667648K)->667625K(667648K)
[89.582s][info][gc,metaspace   ] GC(117) Metaspace: 18024K(18304K)->18024K(18304K) NonClass: 15717K(15872K)->15717K(15872K) Class: 2306K(2432K)->2306K(2432K)
[89.582s][info][gc             ] GC(117) Pause Full (Allocation Failure) 783M->783M(869M) 497.427ms
[89.582s][info][gc,cpu         ] GC(117) User=0.97s Sys=0.00s Real=0.50s
[89.582s][info][gc,start       ] GC(118) Pause Full (Allocation Failure)
[89.582s][info][gc,phases,start] GC(118) Marking Phase
[89.842s][info][gc,phases      ] GC(118) Marking Phase 259.719ms
[89.842s][info][gc,phases,start] GC(118) Summary Phase
[89.842s][info][gc,phases      ] GC(118) Summary Phase 0.024ms
[89.842s][info][gc,phases,start] GC(118) Forward
[89.864s][info][gc,phases      ] GC(118) Forward 22.407ms
[89.864s][info][gc,phases,start] GC(118) Adjust Pointers
[89.998s][info][gc,phases      ] GC(118) Adjust Pointers 134.172ms
[89.998s][info][gc,phases,start] GC(118) Compaction Phase
[90.075s][info][gc,phases      ] GC(118) Compaction Phase 76.592ms
[90.075s][info][gc,phases,start] GC(118) Post Compact
[90.077s][info][gc,phases      ] GC(118) Post Compact 2.283ms
[90.077s][info][gc,heap        ] GC(118) PSYoungGen: 134714K(222720K)->134714K(222720K) Eden: 111616K(111616K)->111616K(111616K) From: 23098K(111104K)->23098K(111104K)
[90.077s][info][gc,heap        ] GC(118) ParOldGen: 667625K(667648K)->667625K(667648K)
[90.077s][info][gc,metaspace   ] GC(118) Metaspace: 18024K(18304K)->18024K(18304K) NonClass: 15717K(15872K)->15717K(15872K) Class: 2306K(2432K)->2306K(2432K)
[90.077s][info][gc             ] GC(118) Pause Full (Allocation Failure) 783M->783M(869M) 495.554ms
[90.077s][info][gc,cpu         ] GC(118) User=0.97s Sys=0.00s Real=0.49s
[90.080s][info][gc,start       ] GC(119) Pause Full (Allocation Failure)
[90.080s][info][gc,phases,start] GC(119) Marking Phase
[90.342s][info][gc,phases      ] GC(119) Marking Phase 261.956ms
[90.342s][info][gc,phases,start] GC(119) Summary Phase
[90.342s][info][gc,phases      ] GC(119) Summary Phase 0.024ms
[90.342s][info][gc,phases,start] GC(119) Forward
[90.364s][info][gc,phases      ] GC(119) Forward 21.970ms
[90.364s][info][gc,phases,start] GC(119) Adjust Pointers
[90.497s][info][gc,phases      ] GC(119) Adjust Pointers 133.060ms
[90.497s][info][gc,phases,start] GC(119) Compaction Phase
[90.574s][info][gc,phases      ] GC(119) Compaction Phase 76.901ms
[90.574s][info][gc,phases,start] GC(119) Post Compact
[90.576s][info][gc,phases      ] GC(119) Post Compact 2.287ms
[90.577s][info][gc,heap        ] GC(119) PSYoungGen: 134714K(222720K)->134714K(222720K) Eden: 111616K(111616K)->111616K(111616K) From: 23098K(111104K)->23098K(111104K)
[90.577s][info][gc,heap        ] GC(119) ParOldGen: 667625K(667648K)->667625K(667648K)
[90.577s][info][gc,metaspace   ] GC(119) Metaspace: 18024K(18304K)->18024K(18304K) NonClass: 15717K(15872K)->15717K(15872K) Class: 2306K(2432K)->2306K(2432K)
[90.577s][info][gc             ] GC(119) Pause Full (Allocation Failure) 783M->783M(869M) 496.556ms
[90.577s][info][gc,cpu         ] GC(119) User=0.97s Sys=0.00s Real=0.49s
[90.577s][info][gc,start       ] GC(120) Pause Full (Allocation Failure)
[90.577s][info][gc,phases,start] GC(120) Marking Phase
[90.835s][info][gc,phases      ] GC(120) Marking Phase 258.209ms
[90.835s][info][gc,phases,start] GC(120) Summary Phase
[90.835s][info][gc,phases      ] GC(120) Summary Phase 0.025ms
[90.835s][info][gc,phases,start] GC(120) Forward
[90.857s][info][gc,phases      ] GC(120) Forward 22.129ms
[90.857s][info][gc,phases,start] GC(120) Adjust Pointers
[90.990s][info][gc,phases      ] GC(120) Adjust Pointers 132.959ms
[90.990s][info][gc,phases,start] GC(120) Compaction Phase
[91.067s][info][gc,phases      ] GC(120) Compaction Phase 76.978ms
[91.067s][info][gc,phases,start] GC(120) Post Compact
[91.070s][info][gc,phases      ] GC(120) Post Compact 2.278ms
[91.070s][info][gc,heap        ] GC(120) PSYoungGen: 134714K(222720K)->134714K(222720K) Eden: 111616K(111616K)->111616K(111616K) From: 23098K(111104K)->23098K(111104K)
[91.070s][info][gc,heap        ] GC(120) ParOldGen: 667625K(667648K)->667625K(667648K)
[91.070s][info][gc,metaspace   ] GC(120) Metaspace: 18024K(18304K)->18024K(18304K) NonClass: 15717K(15872K)->15717K(15872K) Class: 2306K(2432K)->2306K(2432K)
[91.070s][info][gc             ] GC(120) Pause Full (Allocation Failure) 783M->783M(869M) 492.929ms
[91.070s][info][gc,cpu         ] GC(120) User=0.96s Sys=0.00s Real=0.50s
[91.070s][info][gc,start       ] GC(121) Pause Full (Allocation Failure)
[91.070s][info][gc,phases,start] GC(121) Marking Phase
[91.330s][info][gc,phases      ] GC(121) Marking Phase 259.624ms
[91.330s][info][gc,phases,start] GC(121) Summary Phase
[91.330s][info][gc,phases      ] GC(121) Summary Phase 0.023ms
[91.330s][info][gc,phases,start] GC(121) Forward
[91.352s][info][gc,phases      ] GC(121) Forward 21.960ms
[91.352s][info][gc,phases,start] GC(121) Adjust Pointers
[91.485s][info][gc,phases      ] GC(121) Adjust Pointers 133.546ms
[91.485s][info][gc,phases,start] GC(121) Compaction Phase
[91.562s][info][gc,phases      ] GC(121) Compaction Phase 77.190ms
[91.562s][info][gc,phases,start] GC(121) Post Compact
[91.565s][info][gc,phases      ] GC(121) Post Compact 2.275ms
[91.565s][info][gc,heap        ] GC(121) PSYoungGen: 134714K(222720K)->134714K(222720K) Eden: 111616K(111616K)->111616K(111616K) From: 23098K(111104K)->23098K(111104K)
[91.565s][info][gc,heap        ] GC(121) ParOldGen: 667625K(667648K)->667625K(667648K)
[91.565s][info][gc,metaspace   ] GC(121) Metaspace: 18024K(18304K)->18024K(18304K) NonClass: 15717K(15872K)->15717K(15872K) Class: 2306K(2432K)->2306K(2432K)
[91.565s][info][gc             ] GC(121) Pause Full (Allocation Failure) 783M->783M(869M) 494.947ms
[91.565s][info][gc,cpu         ] GC(121) User=0.97s Sys=0.00s Real=0.49s
[91.565s][info][gc,start       ] GC(122) Pause Full (Allocation Failure)
[91.565s][info][gc,phases,start] GC(122) Marking Phase
[91.827s][info][gc,phases      ] GC(122) Marking Phase 261.964ms
[91.827s][info][gc,phases,start] GC(122) Summary Phase
[91.827s][info][gc,phases      ] GC(122) Summary Phase 0.023ms
[91.827s][info][gc,phases,start] GC(122) Forward
[91.849s][info][gc,phases      ] GC(122) Forward 22.080ms
[91.849s][info][gc,phases,start] GC(122) Adjust Pointers
[91.982s][info][gc,phases      ] GC(122) Adjust Pointers 133.245ms
[91.983s][info][gc,phases,start] GC(122) Compaction Phase
[92.060s][info][gc,phases      ] GC(122) Compaction Phase 77.461ms
[92.060s][info][gc,phases,start] GC(122) Post Compact
[92.062s][info][gc,phases      ] GC(122) Post Compact 2.319ms
[92.062s][info][gc,heap        ] GC(122) PSYoungGen: 134714K(222720K)->134714K(222720K) Eden: 111616K(111616K)->111616K(111616K) From: 23098K(111104K)->23098K(111104K)
[92.062s][info][gc,heap        ] GC(122) ParOldGen: 667625K(667648K)->667625K(667648K)
[92.062s][info][gc,metaspace   ] GC(122) Metaspace: 18024K(18304K)->18024K(18304K) NonClass: 15717K(15872K)->15717K(15872K) Class: 2306K(2432K)->2306K(2432K)
[92.062s][info][gc             ] GC(122) Pause Full (Allocation Failure) 783M->783M(869M) 497.439ms
[92.062s][info][gc,cpu         ] GC(122) User=0.97s Sys=0.01s Real=0.50s
[92.063s][info][gc,start       ] GC(123) Pause Full (Allocation Failure)
[92.063s][info][gc,phases,start] GC(123) Marking Phase
[92.326s][info][gc,phases      ] GC(123) Marking Phase 263.154ms
[92.326s][info][gc,phases,start] GC(123) Summary Phase
[92.326s][info][gc,phases      ] GC(123) Summary Phase 0.024ms
[92.326s][info][gc,phases,start] GC(123) Forward
[92.350s][info][gc,phases      ] GC(123) Forward 24.173ms
[92.350s][info][gc,phases,start] GC(123) Adjust Pointers
[92.485s][info][gc,phases      ] GC(123) Adjust Pointers 134.980ms
[92.485s][info][gc,phases,start] GC(123) Compaction Phase
[92.563s][info][gc,phases      ] GC(123) Compaction Phase 77.687ms
[92.563s][info][gc,phases,start] GC(123) Post Compact
[92.565s][info][gc,phases      ] GC(123) Post Compact 2.288ms
[92.565s][info][gc,heap        ] GC(123) PSYoungGen: 134714K(222720K)->134714K(222720K) Eden: 111616K(111616K)->111616K(111616K) From: 23098K(111104K)->23098K(111104K)
[92.565s][info][gc,heap        ] GC(123) ParOldGen: 667625K(667648K)->667625K(667648K)
[92.565s][info][gc,metaspace   ] GC(123) Metaspace: 18024K(18304K)->18024K(18304K) NonClass: 15717K(15872K)->15717K(15872K) Class: 2306K(2432K)->2306K(2432K)
[92.565s][info][gc             ] GC(123) Pause Full (Allocation Failure) 783M->783M(869M) 502.672ms
[92.565s][info][gc,cpu         ] GC(123) User=0.98s Sys=0.00s Real=0.50s
[92.567s][info][gc,start       ] GC(124) Pause Full (Allocation Failure)
[92.567s][info][gc,phases,start] GC(124) Marking Phase
[92.827s][info][gc,phases      ] GC(124) Marking Phase 260.331ms
[92.827s][info][gc,phases,start] GC(124) Summary Phase
[92.827s][info][gc,phases      ] GC(124) Summary Phase 0.024ms
[92.827s][info][gc,phases,start] GC(124) Forward
[92.850s][info][gc,phases      ] GC(124) Forward 22.086ms
[92.850s][info][gc,phases,start] GC(124) Adjust Pointers
[92.984s][info][gc,phases      ] GC(124) Adjust Pointers 133.941ms
[92.984s][info][gc,phases,start] GC(124) Compaction Phase
[93.060s][info][gc,phases      ] GC(124) Compaction Phase 76.896ms
[93.061s][info][gc,phases,start] GC(124) Post Compact
[93.063s][info][gc,phases      ] GC(124) Post Compact 2.265ms
[93.063s][info][gc,heap        ] GC(124) PSYoungGen: 134714K(222720K)->134714K(222720K) Eden: 111616K(111616K)->111616K(111616K) From: 23098K(111104K)->23098K(111104K)
[93.063s][info][gc,heap        ] GC(124) ParOldGen: 667625K(667648K)->667625K(667648K)
[93.063s][info][gc,metaspace   ] GC(124) Metaspace: 18024K(18304K)->18024K(18304K) NonClass: 15717K(15872K)->15717K(15872K) Class: 2306K(2432K)->2306K(2432K)
[93.063s][info][gc             ] GC(124) Pause Full (Allocation Failure) 783M->783M(869M) 495.883ms
[93.063s][info][gc,cpu         ] GC(124) User=0.97s Sys=0.00s Real=0.50s
[93.065s][info][gc,start       ] GC(125) Pause Full (Allocation Failure)
[93.065s][info][gc,phases,start] GC(125) Marking Phase
[93.323s][info][gc,phases      ] GC(125) Marking Phase 257.954ms
[93.323s][info][gc,phases,start] GC(125) Summary Phase
[93.323s][info][gc,phases      ] GC(125) Summary Phase 0.023ms
[93.323s][info][gc,phases,start] GC(125) Forward
[93.345s][info][gc,phases      ] GC(125) Forward 21.973ms
[93.345s][info][gc,phases,start] GC(125) Adjust Pointers
[93.478s][info][gc,phases      ] GC(125) Adjust Pointers 132.417ms
[93.478s][info][gc,phases,start] GC(125) Compaction Phase
[93.554s][info][gc,phases      ] GC(125) Compaction Phase 76.461ms
[93.554s][info][gc,phases,start] GC(125) Post Compact
[93.556s][info][gc,phases      ] GC(125) Post Compact 2.258ms
[93.556s][info][gc,heap        ] GC(125) PSYoungGen: 134714K(222720K)->134714K(222720K) Eden: 111616K(111616K)->111616K(111616K) From: 23098K(111104K)->23098K(111104K)
[93.556s][info][gc,heap        ] GC(125) ParOldGen: 667625K(667648K)->667625K(667648K)
[93.556s][info][gc,metaspace   ] GC(125) Metaspace: 18024K(18304K)->18024K(18304K) NonClass: 15717K(15872K)->15717K(15872K) Class: 2306K(2432K)->2306K(2432K)
[93.556s][info][gc             ] GC(125) Pause Full (Allocation Failure) 783M->783M(869M) 491.438ms
[93.556s][info][gc,cpu         ] GC(125) User=0.96s Sys=0.00s Real=0.49s
[93.557s][info][gc,start       ] GC(126) Pause Full (Allocation Failure)
[93.557s][info][gc,phases,start] GC(126) Marking Phase
[93.819s][info][gc,phases      ] GC(126) Marking Phase 261.883ms
[93.819s][info][gc,phases,start] GC(126) Summary Phase
[93.819s][info][gc,phases      ] GC(126) Summary Phase 0.025ms
[93.819s][info][gc,phases,start] GC(126) Forward
[93.841s][info][gc,phases      ] GC(126) Forward 22.388ms
[93.841s][info][gc,phases,start] GC(126) Adjust Pointers
[93.979s][info][gc,phases      ] GC(126) Adjust Pointers 137.777ms
[93.979s][info][gc,phases,start] GC(126) Compaction Phase
[94.058s][info][gc,phases      ] GC(126) Compaction Phase 78.786ms
[94.058s][info][gc,phases,start] GC(126) Post Compact
[94.060s][info][gc,phases      ] GC(126) Post Compact 2.263ms
[94.060s][info][gc,heap        ] GC(126) PSYoungGen: 134714K(222720K)->134714K(222720K) Eden: 111616K(111616K)->111616K(111616K) From: 23098K(111104K)->23098K(111104K)
[94.060s][info][gc,heap        ] GC(126) ParOldGen: 667625K(667648K)->667625K(667648K)
[94.060s][info][gc,metaspace   ] GC(126) Metaspace: 18024K(18304K)->18024K(18304K) NonClass: 15717K(15872K)->15717K(15872K) Class: 2306K(2432K)->2306K(2432K)
[94.060s][info][gc             ] GC(126) Pause Full (Allocation Failure) 783M->783M(869M) 503.514ms
[94.060s][info][gc,cpu         ] GC(126) User=0.98s Sys=0.00s Real=0.51s
[94.060s][info][gc,start       ] GC(127) Pause Full (Allocation Failure)
[94.060s][info][gc,phases,start] GC(127) Marking Phase
[94.320s][info][gc,phases      ] GC(127) Marking Phase 259.817ms
[94.320s][info][gc,phases,start] GC(127) Summary Phase
[94.320s][info][gc,phases      ] GC(127) Summary Phase 0.024ms
[94.320s][info][gc,phases,start] GC(127) Forward
[94.342s][info][gc,phases      ] GC(127) Forward 22.008ms
[94.342s][info][gc,phases,start] GC(127) Adjust Pointers
[94.476s][info][gc,phases      ] GC(127) Adjust Pointers 133.911ms
[94.476s][info][gc,phases,start] GC(127) Compaction Phase
[94.553s][info][gc,phases      ] GC(127) Compaction Phase 76.994ms
[94.553s][info][gc,phases,start] GC(127) Post Compact
[94.556s][info][gc,phases      ] GC(127) Post Compact 2.258ms
[94.556s][info][gc,heap        ] GC(127) PSYoungGen: 134714K(222720K)->134714K(222720K) Eden: 111616K(111616K)->111616K(111616K) From: 23098K(111104K)->23098K(111104K)
[94.556s][info][gc,heap        ] GC(127) ParOldGen: 667625K(667648K)->667625K(667648K)
[94.556s][info][gc,metaspace   ] GC(127) Metaspace: 18024K(18304K)->18024K(18304K) NonClass: 15717K(15872K)->15717K(15872K) Class: 2306K(2432K)->2306K(2432K)
[94.556s][info][gc             ] GC(127) Pause Full (Allocation Failure) 783M->783M(869M) 495.360ms
[94.556s][info][gc,cpu         ] GC(127) User=0.96s Sys=0.00s Real=0.49s
[94.556s][info][gc,start       ] GC(128) Pause Full (Allocation Failure)
[94.556s][info][gc,phases,start] GC(128) Marking Phase
[94.822s][info][gc,phases      ] GC(128) Marking Phase 265.539ms
[94.822s][info][gc,phases,start] GC(128) Summary Phase
[94.822s][info][gc,phases      ] GC(128) Summary Phase 0.023ms
[94.822s][info][gc,phases,start] GC(128) Forward
[94.844s][info][gc,phases      ] GC(128) Forward 22.488ms
[94.844s][info][gc,phases,start] GC(128) Adjust Pointers
[94.980s][info][gc,phases      ] GC(128) Adjust Pointers 135.420ms
[94.980s][info][gc,phases,start] GC(128) Compaction Phase
[95.058s][info][gc,phases      ] GC(128) Compaction Phase 78.211ms
[95.058s][info][gc,phases,start] GC(128) Post Compact
[95.060s][info][gc,phases      ] GC(128) Post Compact 2.309ms
[95.060s][info][gc,heap        ] GC(128) PSYoungGen: 134714K(222720K)->134714K(222720K) Eden: 111616K(111616K)->111616K(111616K) From: 23098K(111104K)->23098K(111104K)
[95.060s][info][gc,heap        ] GC(128) ParOldGen: 667625K(667648K)->667625K(667648K)
[95.060s][info][gc,metaspace   ] GC(128) Metaspace: 18024K(18304K)->18024K(18304K) NonClass: 15717K(15872K)->15717K(15872K) Class: 2306K(2432K)->2306K(2432K)
[95.060s][info][gc             ] GC(128) Pause Full (Allocation Failure) 783M->783M(869M) 504.360ms
[95.060s][info][gc,cpu         ] GC(128) User=0.98s Sys=0.00s Real=0.51s
[95.060s][info][gc,start       ] GC(129) Pause Full (Allocation Failure)
[95.060s][info][gc,phases,start] GC(129) Marking Phase
[95.321s][info][gc,phases      ] GC(129) Marking Phase 260.406ms
[95.321s][info][gc,phases,start] GC(129) Summary Phase
[95.321s][info][gc,phases      ] GC(129) Summary Phase 0.026ms
[95.321s][info][gc,phases,start] GC(129) Forward
[95.345s][info][gc,phases      ] GC(129) Forward 23.644ms
[95.345s][info][gc,phases,start] GC(129) Adjust Pointers
[95.487s][info][gc,phases      ] GC(129) Adjust Pointers 141.869ms
[95.487s][info][gc,phases,start] GC(129) Compaction Phase
[95.569s][info][gc,phases      ] GC(129) Compaction Phase 82.345ms
[95.569s][info][gc,phases,start] GC(129) Post Compact
[95.571s][info][gc,phases      ] GC(129) Post Compact 2.338ms
[95.571s][info][gc,heap        ] GC(129) PSYoungGen: 134714K(222720K)->134714K(222720K) Eden: 111616K(111616K)->111616K(111616K) From: 23098K(111104K)->23098K(111104K)
[95.571s][info][gc,heap        ] GC(129) ParOldGen: 667626K(667648K)->667626K(667648K)
[95.571s][info][gc,metaspace   ] GC(129) Metaspace: 18024K(18304K)->18024K(18304K) NonClass: 15717K(15872K)->15717K(15872K) Class: 2306K(2432K)->2306K(2432K)
[95.572s][info][gc             ] GC(129) Pause Full (Allocation Failure) 783M->783M(869M) 511.037ms
[95.572s][info][gc,cpu         ] GC(129) User=1.00s Sys=0.00s Real=0.51s
[95.572s][info][gc,start       ] GC(130) Pause Full (Allocation Failure)
[95.572s][info][gc,phases,start] GC(130) Marking Phase
[95.840s][info][gc,phases      ] GC(130) Marking Phase 268.101ms
[95.840s][info][gc,phases,start] GC(130) Summary Phase
[95.840s][info][gc,phases      ] GC(130) Summary Phase 0.026ms
[95.840s][info][gc,phases,start] GC(130) Forward
[95.962s][info][gc,phases      ] GC(130) Forward 121.703ms
[95.962s][info][gc,phases,start] GC(130) Adjust Pointers
[96.113s][info][gc,phases      ] GC(130) Adjust Pointers 151.280ms
[96.113s][info][gc,phases,start] GC(130) Compaction Phase
[96.255s][info][gc,phases      ] GC(130) Compaction Phase 141.850ms
[96.255s][info][gc,phases,start] GC(130) Post Compact
[96.257s][info][metaspace      ] ChkMgr @0x00007f8aa803ec00 (non-class-space): : reclaiming memory...
[96.257s][info][metaspace      ] ChkMgr @0x00007f8aa803ec00 (non-class-space): nothing reclaimed.
[96.257s][info][metaspace      ] ChkMgr @0x00007f8aa803ea10 (class-space): : reclaiming memory...
[96.257s][info][metaspace      ] ChkMgr @0x00007f8aa803ea10 (class-space): nothing reclaimed.
[96.257s][info][gc,phases      ] GC(130) Post Compact 2.345ms
[96.259s][info][gc,heap        ] GC(130) PSYoungGen: 134714K(222720K)->0K(222720K) Eden: 111616K(111616K)->0K(111616K) From: 23098K(111104K)->0K(111104K)
[96.259s][info][gc,heap        ] GC(130) ParOldGen: 667626K(667648K)->461963K(654848K)
[96.259s][info][gc,metaspace   ] GC(130) Metaspace: 18024K(18304K)->18021K(18304K) NonClass: 15717K(15872K)->15714K(15872K) Class: 2306K(2432K)->2306K(2432K)
[96.259s][info][gc             ] GC(130) Pause Full (Allocation Failure) 783M->451M(857M) 686.909ms
[96.259s][info][gc,cpu         ] GC(130) User=1.24s Sys=0.01s Real=0.68s
[96.375s][info][gc,start       ] GC(131) Pause Young (Allocation Failure)
[96.407s][info][gc,heap        ] GC(131) PSYoungGen: 111616K(222720K)->5800K(222720K) Eden: 111616K(111616K)->0K(111616K) From: 0K(111104K)->5800K(111104K)
[96.407s][info][gc,heap        ] GC(131) ParOldGen: 461963K(654848K)->461963K(654848K)
[96.407s][info][gc,metaspace   ] GC(131) Metaspace: 18021K(18304K)->18021K(18304K) NonClass: 15715K(15872K)->15715K(15872K) Class: 2306K(2432K)->2306K(2432K)
[96.407s][info][gc             ] GC(131) Pause Young (Allocation Failure) 560M->456M(857M) 31.418ms
[96.407s][info][gc,cpu         ] GC(131) User=0.06s Sys=0.00s Real=0.03s
[97.499s][info][gc,start       ] GC(132) Pause Young (Allocation Failure)
[97.568s][info][gc,heap        ] GC(132) PSYoungGen: 117416K(222720K)->39528K(222720K) Eden: 111616K(111616K)->0K(111616K) From: 5800K(111104K)->39528K(111104K)
[97.568s][info][gc,heap        ] GC(132) ParOldGen: 461963K(654848K)->467766K(654848K)
[97.568s][info][gc,metaspace   ] GC(132) Metaspace: 18037K(18304K)->18037K(18304K) NonClass: 15730K(15872K)->15730K(15872K) Class: 2306K(2432K)->2306K(2432K)
[97.569s][info][gc             ] GC(132) Pause Young (Allocation Failure) 565M->495M(857M) 69.132ms
[97.569s][info][gc,cpu         ] GC(132) User=0.14s Sys=0.00s Real=0.06s
[97.724s][info][gc,start       ] GC(133) Pause Young (Allocation Failure)
[97.887s][info][gc,heap        ] GC(133) PSYoungGen: 151144K(222720K)->110368K(222720K) Eden: 111616K(111616K)->0K(111616K) From: 39528K(111104K)->110368K(111104K)
[97.887s][info][gc,heap        ] GC(133) ParOldGen: 467766K(654848K)->507851K(654848K)
[97.887s][info][gc,metaspace   ] GC(133) Metaspace: 18037K(18304K)->18037K(18304K) NonClass: 15730K(15872K)->15730K(15872K) Class: 2306K(2432K)->2306K(2432K)
[97.887s][info][gc             ] GC(133) Pause Young (Allocation Failure) 604M->603M(857M) 162.795ms
[97.887s][info][gc,cpu         ] GC(133) User=0.33s Sys=0.00s Real=0.16s
[98.049s][info][gc,start       ] GC(134) Pause Young (Allocation Failure)
[98.285s][info][gc,heap        ] GC(134) PSYoungGen: 221984K(222720K)->110400K(222720K) Eden: 111616K(111616K)->0K(111616K) From: 110368K(111104K)->110400K(111104K)
[98.285s][info][gc,heap        ] GC(134) ParOldGen: 507851K(654848K)->618491K(654848K)
[98.285s][info][gc,metaspace   ] GC(134) Metaspace: 18037K(18304K)->18037K(18304K) NonClass: 15730K(15872K)->15730K(15872K) Class: 2306K(2432K)->2306K(2432K)
[98.285s][info][gc             ] GC(134) Pause Young (Allocation Failure) 712M->711M(857M) 236.061ms
[98.285s][info][gc,cpu         ] GC(134) User=0.46s Sys=0.00s Real=0.24s
[98.448s][info][gc,start       ] GC(135) Pause Full (Allocation Failure)
[98.448s][info][gc,phases,start] GC(135) Marking Phase
[99.009s][info][gc,phases      ] GC(135) Marking Phase 560.632ms
[99.009s][info][gc,phases,start] GC(135) Summary Phase
[99.009s][info][gc,phases      ] GC(135) Summary Phase 0.030ms
[99.009s][info][gc,phases,start] GC(135) Forward
[99.191s][info][gc,phases      ] GC(135) Forward 182.002ms
[99.191s][info][gc,phases,start] GC(135) Adjust Pointers
[99.499s][info][gc,phases      ] GC(135) Adjust Pointers 308.467ms
[99.499s][info][gc,phases,start] GC(135) Compaction Phase
[99.750s][info][gc,phases      ] GC(135) Compaction Phase 251.029ms
[99.750s][info][gc,phases,start] GC(135) Post Compact
[99.753s][info][gc,phases      ] GC(135) Post Compact 2.370ms
[99.753s][info][gc,heap        ] GC(135) PSYoungGen: 222016K(222720K)->30978K(222720K) Eden: 111616K(111616K)->0K(111616K) From: 110400K(111104K)->30978K(111104K)
[99.753s][info][gc,heap        ] GC(135) ParOldGen: 618491K(654848K)->654568K(667648K)
[99.753s][info][gc,metaspace   ] GC(135) Metaspace: 18037K(18304K)->18037K(18304K) NonClass: 15730K(15872K)->15730K(15872K) Class: 2306K(2432K)->2306K(2432K)
[99.753s][info][gc             ] GC(135) Pause Full (Allocation Failure) 820M->669M(869M) 1305.190ms
[99.753s][info][gc,cpu         ] GC(135) User=2.52s Sys=0.01s Real=1.31s
[99.911s][info][gc,start       ] GC(136) Pause Full (Allocation Failure)
[99.911s][info][gc,phases,start] GC(136) Marking Phase
[100.549s][info][gc,phases      ] GC(136) Marking Phase 638.072ms
[100.549s][info][gc,phases,start] GC(136) Summary Phase
[100.549s][info][gc,phases      ] GC(136) Summary Phase 0.027ms
[100.549s][info][gc,phases,start] GC(136) Forward
[100.751s][info][gc,phases      ] GC(136) Forward 201.619ms
[100.751s][info][gc,phases,start] GC(136) Adjust Pointers
[101.121s][info][gc,phases      ] GC(136) Adjust Pointers 370.738ms
[101.121s][info][gc,phases,start] GC(136) Compaction Phase
[101.369s][info][gc,phases      ] GC(136) Compaction Phase 247.796ms
[101.369s][info][gc,phases,start] GC(136) Post Compact
[101.372s][info][gc,phases      ] GC(136) Post Compact 2.305ms
[101.372s][info][gc,heap        ] GC(136) PSYoungGen: 142594K(222720K)->128629K(222720K) Eden: 111616K(111616K)->111475K(111616K) From: 30978K(111104K)->17153K(111104K)
[101.372s][info][gc,heap        ] GC(136) ParOldGen: 654568K(667648K)->667215K(667648K)
[101.372s][info][gc,metaspace   ] GC(136) Metaspace: 18037K(18304K)->18037K(18304K) NonClass: 15730K(15872K)->15730K(15872K) Class: 2306K(2432K)->2306K(2432K)
[101.372s][info][gc             ] GC(136) Pause Full (Allocation Failure) 778M->777M(869M) 1461.017ms
[101.372s][info][gc,cpu         ] GC(136) User=2.85s Sys=0.01s Real=1.46s
[101.372s][info][gc,start       ] GC(137) Pause Full (Allocation Failure)
[101.372s][info][gc,phases,start] GC(137) Marking Phase
[102.023s][info][gc,phases      ] GC(137) Marking Phase 650.246ms
[102.023s][info][gc,phases,start] GC(137) Summary Phase
[102.023s][info][gc,phases      ] GC(137) Summary Phase 0.025ms
[102.023s][info][gc,phases,start] GC(137) Forward
[102.051s][info][gc,phases      ] GC(137) Forward 28.749ms
[102.052s][info][gc,phases,start] GC(137) Adjust Pointers
[102.376s][info][gc,phases      ] GC(137) Adjust Pointers 324.205ms
[102.376s][info][gc,phases,start] GC(137) Compaction Phase
[102.531s][info][gc,phases      ] GC(137) Compaction Phase 154.902ms
[102.531s][info][gc,phases,start] GC(137) Post Compact
[102.533s][info][gc,phases      ] GC(137) Post Compact 2.295ms
[102.533s][info][gc,heap        ] GC(137) PSYoungGen: 128769K(222720K)->128767K(222720K) Eden: 111616K(111616K)->111613K(111616K) From: 17153K(111104K)->17153K(111104K)
[102.533s][info][gc,heap        ] GC(137) ParOldGen: 667215K(667648K)->667215K(667648K)
[102.533s][info][gc,metaspace   ] GC(137) Metaspace: 18037K(18304K)->18037K(18304K) NonClass: 15730K(15872K)->15730K(15872K) Class: 2306K(2432K)->2306K(2432K)
[102.533s][info][gc             ] GC(137) Pause Full (Allocation Failure) 777M->777M(869M) 1160.812ms
[102.533s][info][gc,cpu         ] GC(137) User=2.29s Sys=0.00s Real=1.16s
[102.534s][info][gc,start       ] GC(138) Pause Full (Allocation Failure)
[102.534s][info][gc,phases,start] GC(138) Marking Phase
[103.166s][info][gc,phases      ] GC(138) Marking Phase 632.746ms
[103.166s][info][gc,phases,start] GC(138) Summary Phase
[103.166s][info][gc,phases      ] GC(138) Summary Phase 0.024ms
[103.166s][info][gc,phases,start] GC(138) Forward
[103.195s][info][gc,phases      ] GC(138) Forward 28.159ms
[103.195s][info][gc,phases,start] GC(138) Adjust Pointers
[103.506s][info][gc,phases      ] GC(138) Adjust Pointers 311.374ms
[103.506s][info][gc,phases,start] GC(138) Compaction Phase
[103.661s][info][gc,phases      ] GC(138) Compaction Phase 154.576ms
[103.661s][info][gc,phases,start] GC(138) Post Compact
[103.663s][info][gc,phases      ] GC(138) Post Compact 2.276ms
[103.663s][info][gc,heap        ] GC(138) PSYoungGen: 128769K(222720K)->128769K(222720K) Eden: 111616K(111616K)->111615K(111616K) From: 17153K(111104K)->17153K(111104K)
[103.663s][info][gc,heap        ] GC(138) ParOldGen: 667215K(667648K)->667215K(667648K)
[103.663s][info][gc,metaspace   ] GC(138) Metaspace: 18037K(18304K)->18037K(18304K) NonClass: 15730K(15872K)->15730K(15872K) Class: 2306K(2432K)->2306K(2432K)
[103.663s][info][gc             ] GC(138) Pause Full (Allocation Failure) 777M->777M(869M) 1129.515ms
[103.663s][info][gc,cpu         ] GC(138) User=2.22s Sys=0.00s Real=1.13s
[103.663s][info][gc,start       ] GC(139) Pause Full (Allocation Failure)
[103.663s][info][gc,phases,start] GC(139) Marking Phase
[104.289s][info][gc,phases      ] GC(139) Marking Phase 625.509ms
[104.289s][info][gc,phases,start] GC(139) Summary Phase
[104.289s][info][gc,phases      ] GC(139) Summary Phase 0.023ms
[104.289s][info][gc,phases,start] GC(139) Forward
[104.316s][info][gc,phases      ] GC(139) Forward 26.718ms
[104.316s][info][gc,phases,start] GC(139) Adjust Pointers
[104.628s][info][gc,phases      ] GC(139) Adjust Pointers 312.039ms
[104.628s][info][gc,phases,start] GC(139) Compaction Phase
[104.783s][info][gc,phases      ] GC(139) Compaction Phase 155.309ms
[104.783s][info][gc,phases,start] GC(139) Post Compact
[104.786s][info][gc,phases      ] GC(139) Post Compact 2.291ms
[104.786s][info][gc,heap        ] GC(139) PSYoungGen: 128769K(222720K)->128769K(222720K) Eden: 111615K(111616K)->111615K(111616K) From: 17153K(111104K)->17153K(111104K)
[104.786s][info][gc,heap        ] GC(139) ParOldGen: 667215K(667648K)->667215K(667648K)
[104.786s][info][gc,metaspace   ] GC(139) Metaspace: 18037K(18304K)->18037K(18304K) NonClass: 15730K(15872K)->15730K(15872K) Class: 2306K(2432K)->2306K(2432K)
[104.786s][info][gc             ] GC(139) Pause Full (Allocation Failure) 777M->777M(869M) 1122.271ms
[104.786s][info][gc,cpu         ] GC(139) User=2.21s Sys=0.00s Real=1.12s
[104.786s][info][gc,start       ] GC(140) Pause Full (Allocation Failure)
[104.786s][info][gc,phases,start] GC(140) Marking Phase
[105.416s][info][gc,phases      ] GC(140) Marking Phase 630.424ms
[105.416s][info][gc,phases,start] GC(140) Summary Phase
[105.417s][info][gc,phases      ] GC(140) Summary Phase 0.025ms
[105.417s][info][gc,phases,start] GC(140) Forward
[105.443s][info][gc,phases      ] GC(140) Forward 26.749ms
[105.443s][info][gc,phases,start] GC(140) Adjust Pointers
[105.759s][info][gc,phases      ] GC(140) Adjust Pointers 315.760ms
[105.759s][info][gc,phases,start] GC(140) Compaction Phase
[105.918s][info][gc,phases      ] GC(140) Compaction Phase 159.183ms
[105.918s][info][gc,phases,start] GC(140) Post Compact
[105.921s][info][gc,phases      ] GC(140) Post Compact 2.260ms
[105.921s][info][gc,heap        ] GC(140) PSYoungGen: 128769K(222720K)->128769K(222720K) Eden: 111615K(111616K)->111615K(111616K) From: 17153K(111104K)->17153K(111104K)
[105.921s][info][gc,heap        ] GC(140) ParOldGen: 667215K(667648K)->667215K(667648K)
[105.921s][info][gc,metaspace   ] GC(140) Metaspace: 18037K(18304K)->18037K(18304K) NonClass: 15730K(15872K)->15730K(15872K) Class: 2306K(2432K)->2306K(2432K)
[105.921s][info][gc             ] GC(140) Pause Full (Allocation Failure) 777M->777M(869M) 1134.794ms
[105.921s][info][gc,cpu         ] GC(140) User=2.24s Sys=0.00s Real=1.14s
[105.921s][info][gc,start       ] GC(141) Pause Full (Allocation Failure)
[105.921s][info][gc,phases,start] GC(141) Marking Phase
[106.559s][info][gc,phases      ] GC(141) Marking Phase 638.171ms
[106.559s][info][gc,phases,start] GC(141) Summary Phase
[106.559s][info][gc,phases      ] GC(141) Summary Phase 0.024ms
[106.559s][info][gc,phases,start] GC(141) Forward
[106.587s][info][gc,phases      ] GC(141) Forward 27.236ms
[106.587s][info][gc,phases,start] GC(141) Adjust Pointers
[106.913s][info][gc,phases      ] GC(141) Adjust Pointers 326.419ms
[106.913s][info][gc,phases,start] GC(141) Compaction Phase
[107.079s][info][gc,phases      ] GC(141) Compaction Phase 165.681ms
[107.079s][info][gc,phases,start] GC(141) Post Compact
[107.081s][info][gc,phases      ] GC(141) Post Compact 2.336ms
[107.081s][info][gc,heap        ] GC(141) PSYoungGen: 128769K(222720K)->128769K(222720K) Eden: 111615K(111616K)->111615K(111616K) From: 17153K(111104K)->17153K(111104K)
[107.081s][info][gc,heap        ] GC(141) ParOldGen: 667215K(667648K)->667215K(667648K)
[107.081s][info][gc,metaspace   ] GC(141) Metaspace: 18037K(18304K)->18037K(18304K) NonClass: 15730K(15872K)->15730K(15872K) Class: 2306K(2432K)->2306K(2432K)
[107.081s][info][gc             ] GC(141) Pause Full (Allocation Failure) 777M->777M(869M) 1160.258ms
[107.081s][info][gc,cpu         ] GC(141) User=2.29s Sys=0.00s Real=1.16s
[107.081s][info][gc,start       ] GC(142) Pause Full (Allocation Failure)
[107.081s][info][gc,phases,start] GC(142) Marking Phase
[107.731s][info][gc,phases      ] GC(142) Marking Phase 649.618ms
[107.731s][info][gc,phases,start] GC(142) Summary Phase
[107.731s][info][gc,phases      ] GC(142) Summary Phase 0.024ms
[107.731s][info][gc,phases,start] GC(142) Forward
[107.758s][info][gc,phases      ] GC(142) Forward 27.107ms
[107.758s][info][gc,phases,start] GC(142) Adjust Pointers
[108.078s][info][gc,phases      ] GC(142) Adjust Pointers 320.052ms
[108.078s][info][gc,phases,start] GC(142) Compaction Phase
[108.236s][info][gc,phases      ] GC(142) Compaction Phase 157.794ms
[108.236s][info][gc,phases,start] GC(142) Post Compact
[108.239s][info][gc,phases      ] GC(142) Post Compact 2.280ms
[108.239s][info][gc,heap        ] GC(142) PSYoungGen: 128769K(222720K)->128769K(222720K) Eden: 111615K(111616K)->111615K(111616K) From: 17153K(111104K)->17153K(111104K)
[108.239s][info][gc,heap        ] GC(142) ParOldGen: 667215K(667648K)->667215K(667648K)
[108.239s][info][gc,metaspace   ] GC(142) Metaspace: 18037K(18304K)->18037K(18304K) NonClass: 15730K(15872K)->15730K(15872K) Class: 2306K(2432K)->2306K(2432K)
[108.239s][info][gc             ] GC(142) Pause Full (Allocation Failure) 777M->777M(869M) 1157.283ms
[108.239s][info][gc,cpu         ] GC(142) User=2.28s Sys=0.00s Real=1.15s
[108.239s][info][gc,start       ] GC(143) Pause Full (Allocation Failure)
[108.239s][info][gc,phases,start] GC(143) Marking Phase
[108.878s][info][gc,phases      ] GC(143) Marking Phase 638.866ms
[108.878s][info][gc,phases,start] GC(143) Summary Phase
[108.878s][info][gc,phases      ] GC(143) Summary Phase 0.028ms
[108.878s][info][gc,phases,start] GC(143) Forward
[108.905s][info][gc,phases      ] GC(143) Forward 27.006ms
[108.905s][info][gc,phases,start] GC(143) Adjust Pointers
[109.223s][info][gc,phases      ] GC(143) Adjust Pointers 317.918ms
[109.223s][info][gc,phases,start] GC(143) Compaction Phase
[109.380s][info][gc,phases      ] GC(143) Compaction Phase 157.232ms
[109.380s][info][gc,phases,start] GC(143) Post Compact
[109.383s][info][gc,phases      ] GC(143) Post Compact 2.273ms
[109.383s][info][gc,heap        ] GC(143) PSYoungGen: 128769K(222720K)->128769K(222720K) Eden: 111615K(111616K)->111615K(111616K) From: 17153K(111104K)->17153K(111104K)
[109.383s][info][gc,heap        ] GC(143) ParOldGen: 667215K(667648K)->667215K(667648K)
[109.383s][info][gc,metaspace   ] GC(143) Metaspace: 18037K(18304K)->18037K(18304K) NonClass: 15730K(15872K)->15730K(15872K) Class: 2306K(2432K)->2306K(2432K)
[109.383s][info][gc             ] GC(143) Pause Full (Allocation Failure) 777M->777M(869M) 1143.770ms
[109.383s][info][gc,cpu         ] GC(143) User=2.26s Sys=0.00s Real=1.14s
[109.383s][info][gc,start       ] GC(144) Pause Full (Allocation Failure)
[109.383s][info][gc,phases,start] GC(144) Marking Phase
[110.010s][info][gc,phases      ] GC(144) Marking Phase 627.060ms
[110.010s][info][gc,phases,start] GC(144) Summary Phase
[110.010s][info][gc,phases      ] GC(144) Summary Phase 0.025ms
[110.010s][info][gc,phases,start] GC(144) Forward
[110.037s][info][gc,phases      ] GC(144) Forward 27.420ms
[110.037s][info][gc,phases,start] GC(144) Adjust Pointers
[110.356s][info][gc,phases      ] GC(144) Adjust Pointers 318.399ms
[110.356s][info][gc,phases,start] GC(144) Compaction Phase
[110.515s][info][gc,phases      ] GC(144) Compaction Phase 158.837ms
[110.515s][info][gc,phases,start] GC(144) Post Compact
[110.517s][info][gc,phases      ] GC(144) Post Compact 2.290ms
[110.517s][info][gc,heap        ] GC(144) PSYoungGen: 128769K(222720K)->128769K(222720K) Eden: 111615K(111616K)->111615K(111616K) From: 17153K(111104K)->17153K(111104K)
[110.517s][info][gc,heap        ] GC(144) ParOldGen: 667215K(667648K)->667215K(667648K)
[110.517s][info][gc,metaspace   ] GC(144) Metaspace: 18037K(18304K)->18037K(18304K) NonClass: 15730K(15872K)->15730K(15872K) Class: 2306K(2432K)->2306K(2432K)
[110.517s][info][gc             ] GC(144) Pause Full (Allocation Failure) 777M->777M(869M) 1134.446ms
[110.517s][info][gc,cpu         ] GC(144) User=2.24s Sys=0.00s Real=1.13s
[110.517s][info][gc,start       ] GC(145) Pause Full (Allocation Failure)
[110.517s][info][gc,phases,start] GC(145) Marking Phase
[111.167s][info][gc,phases      ] GC(145) Marking Phase 650.027ms
[111.167s][info][gc,phases,start] GC(145) Summary Phase
[111.168s][info][gc,phases      ] GC(145) Summary Phase 0.025ms
[111.168s][info][gc,phases,start] GC(145) Forward
[111.196s][info][gc,phases      ] GC(145) Forward 28.815ms
[111.196s][info][gc,phases,start] GC(145) Adjust Pointers
[111.524s][info][gc,phases      ] GC(145) Adjust Pointers 327.712ms
[111.524s][info][gc,phases,start] GC(145) Compaction Phase
[111.691s][info][gc,phases      ] GC(145) Compaction Phase 166.487ms
[111.691s][info][gc,phases,start] GC(145) Post Compact
[111.693s][info][gc,phases      ] GC(145) Post Compact 2.294ms
[111.693s][info][gc,heap        ] GC(145) PSYoungGen: 128769K(222720K)->128769K(222720K) Eden: 111615K(111616K)->111615K(111616K) From: 17153K(111104K)->17153K(111104K)
[111.693s][info][gc,heap        ] GC(145) ParOldGen: 667215K(667648K)->667215K(667648K)
[111.693s][info][gc,metaspace   ] GC(145) Metaspace: 18037K(18304K)->18037K(18304K) NonClass: 15730K(15872K)->15730K(15872K) Class: 2306K(2432K)->2306K(2432K)
[111.693s][info][gc             ] GC(145) Pause Full (Allocation Failure) 777M->777M(869M) 1175.760ms
[111.693s][info][gc,cpu         ] GC(145) User=2.32s Sys=0.01s Real=1.18s
[111.693s][info][gc,start       ] GC(146) Pause Full (Allocation Failure)
[111.693s][info][gc,phases,start] GC(146) Marking Phase
[112.348s][info][gc,phases      ] GC(146) Marking Phase 654.938ms
[112.348s][info][gc,phases,start] GC(146) Summary Phase
[112.348s][info][gc,phases      ] GC(146) Summary Phase 0.023ms
[112.348s][info][gc,phases,start] GC(146) Forward
[112.377s][info][gc,phases      ] GC(146) Forward 28.338ms
[112.377s][info][gc,phases,start] GC(146) Adjust Pointers
[112.702s][info][gc,phases      ] GC(146) Adjust Pointers 325.747ms
[112.703s][info][gc,phases,start] GC(146) Compaction Phase
[112.867s][info][gc,phases      ] GC(146) Compaction Phase 164.689ms
[112.867s][info][gc,phases,start] GC(146) Post Compact
[112.870s][info][gc,phases      ] GC(146) Post Compact 2.341ms
[112.870s][info][gc,heap        ] GC(146) PSYoungGen: 128769K(222720K)->128769K(222720K) Eden: 111615K(111616K)->111615K(111616K) From: 17153K(111104K)->17153K(111104K)
[112.870s][info][gc,heap        ] GC(146) ParOldGen: 667215K(667648K)->667215K(667648K)
[112.870s][info][gc,metaspace   ] GC(146) Metaspace: 18037K(18304K)->18037K(18304K) NonClass: 15730K(15872K)->15730K(15872K) Class: 2306K(2432K)->2306K(2432K)
[112.870s][info][gc             ] GC(146) Pause Full (Allocation Failure) 777M->777M(869M) 1176.463ms
[112.870s][info][gc,cpu         ] GC(146) User=2.32s Sys=0.00s Real=1.18s
[112.870s][info][gc,start       ] GC(147) Pause Full (Allocation Failure)
[112.870s][info][gc,phases,start] GC(147) Marking Phase
[113.526s][info][gc,phases      ] GC(147) Marking Phase 655.873ms
[113.526s][info][gc,phases,start] GC(147) Summary Phase
[113.526s][info][gc,phases      ] GC(147) Summary Phase 0.025ms
[113.526s][info][gc,phases,start] GC(147) Forward
[113.554s][info][gc,phases      ] GC(147) Forward 28.341ms
[113.554s][info][gc,phases,start] GC(147) Adjust Pointers
[113.879s][info][gc,phases      ] GC(147) Adjust Pointers 324.545ms
[113.879s][info][gc,phases,start] GC(147) Compaction Phase
[114.045s][info][gc,phases      ] GC(147) Compaction Phase 165.953ms
[114.045s][info][gc,phases,start] GC(147) Post Compact
[114.047s][info][gc,phases      ] GC(147) Post Compact 2.304ms
[114.047s][info][gc,heap        ] GC(147) PSYoungGen: 128769K(222720K)->128769K(222720K) Eden: 111615K(111616K)->111615K(111616K) From: 17153K(111104K)->17153K(111104K)
[114.047s][info][gc,heap        ] GC(147) ParOldGen: 667215K(667648K)->667215K(667648K)
[114.047s][info][gc,metaspace   ] GC(147) Metaspace: 18037K(18304K)->18037K(18304K) NonClass: 15730K(15872K)->15730K(15872K) Class: 2306K(2432K)->2306K(2432K)
[114.047s][info][gc             ] GC(147) Pause Full (Allocation Failure) 777M->777M(869M) 1177.461ms
[114.047s][info][gc,cpu         ] GC(147) User=2.33s Sys=0.00s Real=1.17s
[114.048s][info][gc,start       ] GC(148) Pause Full (Allocation Failure)
[114.048s][info][gc,phases,start] GC(148) Marking Phase
[114.709s][info][gc,phases      ] GC(148) Marking Phase 661.589ms
[114.709s][info][gc,phases,start] GC(148) Summary Phase
[114.709s][info][gc,phases      ] GC(148) Summary Phase 0.026ms
[114.709s][info][gc,phases,start] GC(148) Forward
[114.738s][info][gc,phases      ] GC(148) Forward 28.398ms
[114.738s][info][gc,phases,start] GC(148) Adjust Pointers
[115.066s][info][gc,phases      ] GC(148) Adjust Pointers 328.452ms
[115.066s][info][gc,phases,start] GC(148) Compaction Phase
[115.233s][info][gc,phases      ] GC(148) Compaction Phase 167.132ms
[115.233s][info][gc,phases,start] GC(148) Post Compact
[115.236s][info][gc,phases      ] GC(148) Post Compact 2.327ms
[115.236s][info][gc,heap        ] GC(148) PSYoungGen: 128769K(222720K)->128769K(222720K) Eden: 111615K(111616K)->111615K(111616K) From: 17153K(111104K)->17153K(111104K)
[115.236s][info][gc,heap        ] GC(148) ParOldGen: 667215K(667648K)->667215K(667648K)
[115.236s][info][gc,metaspace   ] GC(148) Metaspace: 18037K(18304K)->18037K(18304K) NonClass: 15730K(15872K)->15730K(15872K) Class: 2306K(2432K)->2306K(2432K)
[115.236s][info][gc             ] GC(148) Pause Full (Allocation Failure) 777M->777M(869M) 1188.352ms
[115.236s][info][gc,cpu         ] GC(148) User=2.34s Sys=0.00s Real=1.19s
[115.236s][info][gc,start       ] GC(149) Pause Full (Allocation Failure)
[115.236s][info][gc,phases,start] GC(149) Marking Phase
[115.889s][info][gc,phases      ] GC(149) Marking Phase 653.366ms
[115.890s][info][gc,phases,start] GC(149) Summary Phase
[115.890s][info][gc,phases      ] GC(149) Summary Phase 0.025ms
[115.890s][info][gc,phases,start] GC(149) Forward
[115.918s][info][gc,phases      ] GC(149) Forward 28.102ms
[115.918s][info][gc,phases,start] GC(149) Adjust Pointers
[116.250s][info][gc,phases      ] GC(149) Adjust Pointers 332.105ms
[116.250s][info][gc,phases,start] GC(149) Compaction Phase
[116.420s][info][gc,phases      ] GC(149) Compaction Phase 170.030ms
[116.420s][info][gc,phases,start] GC(149) Post Compact
[116.422s][info][gc,phases      ] GC(149) Post Compact 2.346ms
[116.422s][info][gc,heap        ] GC(149) PSYoungGen: 128769K(222720K)->128769K(222720K) Eden: 111615K(111616K)->111615K(111616K) From: 17153K(111104K)->17153K(111104K)
[116.422s][info][gc,heap        ] GC(149) ParOldGen: 667215K(667648K)->667215K(667648K)
[116.422s][info][gc,metaspace   ] GC(149) Metaspace: 18037K(18304K)->18037K(18304K) NonClass: 15730K(15872K)->15730K(15872K) Class: 2306K(2432K)->2306K(2432K)
[116.422s][info][gc             ] GC(149) Pause Full (Allocation Failure) 777M->777M(869M) 1186.387ms
[116.422s][info][gc,cpu         ] GC(149) User=2.34s Sys=0.00s Real=1.19s
[116.423s][info][gc,start       ] GC(150) Pause Full (Allocation Failure)
[116.423s][info][gc,phases,start] GC(150) Marking Phase
[117.088s][info][gc,phases      ] GC(150) Marking Phase 665.639ms
[117.088s][info][gc,phases,start] GC(150) Summary Phase
[117.088s][info][gc,phases      ] GC(150) Summary Phase 0.024ms
[117.088s][info][gc,phases,start] GC(150) Forward
[117.116s][info][gc,phases      ] GC(150) Forward 27.698ms
[117.116s][info][gc,phases,start] GC(150) Adjust Pointers
[117.449s][info][gc,phases      ] GC(150) Adjust Pointers 332.868ms
[117.449s][info][gc,phases,start] GC(150) Compaction Phase
[117.619s][info][gc,phases      ] GC(150) Compaction Phase 169.988ms
[117.619s][info][gc,phases,start] GC(150) Post Compact
[117.621s][info][gc,phases      ] GC(150) Post Compact 2.331ms
[117.622s][info][gc,heap        ] GC(150) PSYoungGen: 128769K(222720K)->128769K(222720K) Eden: 111615K(111616K)->111615K(111616K) From: 17153K(111104K)->17153K(111104K)
[117.622s][info][gc,heap        ] GC(150) ParOldGen: 667215K(667648K)->667215K(667648K)
[117.622s][info][gc,metaspace   ] GC(150) Metaspace: 18037K(18304K)->18037K(18304K) NonClass: 15730K(15872K)->15730K(15872K) Class: 2306K(2432K)->2306K(2432K)
[117.622s][info][gc             ] GC(150) Pause Full (Allocation Failure) 777M->777M(869M) 1198.953ms
[117.622s][info][gc,cpu         ] GC(150) User=2.36s Sys=0.00s Real=1.20s
[117.622s][info][gc,start       ] GC(151) Pause Full (Allocation Failure)
[117.622s][info][gc,phases,start] GC(151) Marking Phase
[118.297s][info][gc,phases      ] GC(151) Marking Phase 675.637ms
[118.297s][info][gc,phases,start] GC(151) Summary Phase
[118.297s][info][gc,phases      ] GC(151) Summary Phase 0.027ms
[118.297s][info][gc,phases,start] GC(151) Forward
[118.327s][info][gc,phases      ] GC(151) Forward 29.449ms
[118.327s][info][gc,phases,start] GC(151) Adjust Pointers
[118.663s][info][gc,phases      ] GC(151) Adjust Pointers 336.038ms
[118.663s][info][gc,phases,start] GC(151) Compaction Phase
[118.833s][info][gc,phases      ] GC(151) Compaction Phase 170.215ms
[118.833s][info][gc,phases,start] GC(151) Post Compact
[118.836s][info][gc,phases      ] GC(151) Post Compact 2.331ms
[118.836s][info][gc,heap        ] GC(151) PSYoungGen: 128769K(222720K)->128769K(222720K) Eden: 111615K(111616K)->111615K(111616K) From: 17153K(111104K)->17153K(111104K)
[118.836s][info][gc,heap        ] GC(151) ParOldGen: 667215K(667648K)->667215K(667648K)
[118.836s][info][gc,metaspace   ] GC(151) Metaspace: 18037K(18304K)->18037K(18304K) NonClass: 15730K(15872K)->15730K(15872K) Class: 2306K(2432K)->2306K(2432K)
[118.836s][info][gc             ] GC(151) Pause Full (Allocation Failure) 777M->777M(869M) 1214.110ms
[118.836s][info][gc,cpu         ] GC(151) User=2.40s Sys=0.01s Real=1.21s
[118.836s][info][gc,start       ] GC(152) Pause Full (Allocation Failure)
[118.836s][info][gc,phases,start] GC(152) Marking Phase
[119.547s][info][gc,phases      ] GC(152) Marking Phase 710.568ms
[119.547s][info][gc,phases,start] GC(152) Summary Phase
[119.547s][info][gc,phases      ] GC(152) Summary Phase 0.027ms
[119.547s][info][gc,phases,start] GC(152) Forward
[119.576s][info][gc,phases      ] GC(152) Forward 29.507ms
[119.576s][info][gc,phases,start] GC(152) Adjust Pointers
[119.916s][info][gc,phases      ] GC(152) Adjust Pointers 340.132ms
[119.916s][info][gc,phases,start] GC(152) Compaction Phase
[120.083s][info][gc,phases      ] GC(152) Compaction Phase 166.323ms
[120.083s][info][gc,phases,start] GC(152) Post Compact
[120.085s][info][gc,phases      ] GC(152) Post Compact 2.348ms
[120.085s][info][gc,heap        ] GC(152) PSYoungGen: 128769K(222720K)->128769K(222720K) Eden: 111615K(111616K)->111615K(111616K) From: 17153K(111104K)->17153K(111104K)
[120.085s][info][gc,heap        ] GC(152) ParOldGen: 667215K(667648K)->667215K(667648K)
[120.085s][info][gc,metaspace   ] GC(152) Metaspace: 18037K(18304K)->18037K(18304K) NonClass: 15730K(15872K)->15730K(15872K) Class: 2306K(2432K)->2306K(2432K)
[120.085s][info][gc             ] GC(152) Pause Full (Allocation Failure) 777M->777M(869M) 1249.305ms
[120.085s][info][gc,cpu         ] GC(152) User=2.45s Sys=0.00s Real=1.25s
[120.085s][info][gc,start       ] GC(153) Pause Full (Allocation Failure)
[120.086s][info][gc,phases,start] GC(153) Marking Phase
[120.758s][info][gc,phases      ] GC(153) Marking Phase 672.252ms
[120.758s][info][gc,phases,start] GC(153) Summary Phase
[120.758s][info][gc,phases      ] GC(153) Summary Phase 0.027ms
[120.758s][info][gc,phases,start] GC(153) Forward
[120.787s][info][gc,phases      ] GC(153) Forward 29.339ms
[120.787s][info][gc,phases,start] GC(153) Adjust Pointers
[121.118s][info][gc,phases      ] GC(153) Adjust Pointers 331.090ms
[121.118s][info][gc,phases,start] GC(153) Compaction Phase
[121.288s][info][gc,phases      ] GC(153) Compaction Phase 169.902ms
[121.288s][info][gc,phases,start] GC(153) Post Compact
[121.291s][info][gc,phases      ] GC(153) Post Compact 2.330ms
[121.291s][info][gc,heap        ] GC(153) PSYoungGen: 128769K(222720K)->128769K(222720K) Eden: 111615K(111616K)->111615K(111616K) From: 17153K(111104K)->17153K(111104K)
[121.291s][info][gc,heap        ] GC(153) ParOldGen: 667215K(667648K)->667215K(667648K)
[121.291s][info][gc,metaspace   ] GC(153) Metaspace: 18037K(18304K)->18037K(18304K) NonClass: 15730K(15872K)->15730K(15872K) Class: 2306K(2432K)->2306K(2432K)
[121.291s][info][gc             ] GC(153) Pause Full (Allocation Failure) 777M->777M(869M) 1205.337ms
[121.291s][info][gc,cpu         ] GC(153) User=2.38s Sys=0.00s Real=1.21s
[121.291s][info][gc,start       ] GC(154) Pause Full (Allocation Failure)
[121.291s][info][gc,phases,start] GC(154) Marking Phase
[121.972s][info][gc,phases      ] GC(154) Marking Phase 680.345ms
[121.972s][info][gc,phases,start] GC(154) Summary Phase
[121.972s][info][gc,phases      ] GC(154) Summary Phase 0.028ms
[121.972s][info][gc,phases,start] GC(154) Forward
[122.000s][info][gc,phases      ] GC(154) Forward 28.342ms
[122.000s][info][gc,phases,start] GC(154) Adjust Pointers
[122.355s][info][gc,phases      ] GC(154) Adjust Pointers 355.093ms
[122.355s][info][gc,phases,start] GC(154) Compaction Phase
[122.525s][info][gc,phases      ] GC(154) Compaction Phase 170.024ms
[122.525s][info][gc,phases,start] GC(154) Post Compact
[122.528s][info][gc,phases      ] GC(154) Post Compact 2.344ms
[122.528s][info][gc,heap        ] GC(154) PSYoungGen: 128769K(222720K)->128769K(222720K) Eden: 111616K(111616K)->111616K(111616K) From: 17153K(111104K)->17153K(111104K)
[122.528s][info][gc,heap        ] GC(154) ParOldGen: 667215K(667648K)->667215K(667648K)
[122.528s][info][gc,metaspace   ] GC(154) Metaspace: 18037K(18304K)->18037K(18304K) NonClass: 15730K(15872K)->15730K(15872K) Class: 2306K(2432K)->2306K(2432K)
[122.528s][info][gc             ] GC(154) Pause Full (Allocation Failure) 777M->777M(869M) 1236.589ms
[122.528s][info][gc,cpu         ] GC(154) User=2.44s Sys=0.00s Real=1.23s
[122.528s][info][gc,start       ] GC(155) Pause Full (Allocation Failure)
[122.528s][info][gc,phases,start] GC(155) Marking Phase
[123.216s][info][gc,phases      ] GC(155) Marking Phase 688.282ms
[123.216s][info][gc,phases,start] GC(155) Summary Phase
[123.216s][info][gc,phases      ] GC(155) Summary Phase 0.026ms
[123.216s][info][gc,phases,start] GC(155) Forward
[123.246s][info][gc,phases      ] GC(155) Forward 29.603ms
[123.246s][info][gc,phases,start] GC(155) Adjust Pointers
[123.576s][info][gc,phases      ] GC(155) Adjust Pointers 329.710ms
[123.576s][info][gc,phases,start] GC(155) Compaction Phase
[123.734s][info][gc,phases      ] GC(155) Compaction Phase 158.497ms
[123.734s][info][gc,phases,start] GC(155) Post Compact
[123.737s][info][gc,phases      ] GC(155) Post Compact 2.349ms
[123.737s][info][gc,heap        ] GC(155) PSYoungGen: 128769K(222720K)->128769K(222720K) Eden: 111616K(111616K)->111616K(111616K) From: 17153K(111104K)->17153K(111104K)
[123.737s][info][gc,heap        ] GC(155) ParOldGen: 667215K(667648K)->667215K(667648K)
[123.737s][info][gc,metaspace   ] GC(155) Metaspace: 18037K(18304K)->18037K(18304K) NonClass: 15730K(15872K)->15730K(15872K) Class: 2306K(2432K)->2306K(2432K)
[123.737s][info][gc             ] GC(155) Pause Full (Allocation Failure) 777M->777M(869M) 1208.898ms
[123.737s][info][gc,cpu         ] GC(155) User=2.38s Sys=0.00s Real=1.21s
[123.737s][info][gc,start       ] GC(156) Pause Full (Allocation Failure)
[123.737s][info][gc,phases,start] GC(156) Marking Phase
[124.382s][info][gc,phases      ] GC(156) Marking Phase 644.695ms
[124.382s][info][gc,phases,start] GC(156) Summary Phase
[124.382s][info][gc,phases      ] GC(156) Summary Phase 0.024ms
[124.382s][info][gc,phases,start] GC(156) Forward
[124.409s][info][gc,phases      ] GC(156) Forward 27.311ms
[124.409s][info][gc,phases,start] GC(156) Adjust Pointers
[124.730s][info][gc,phases      ] GC(156) Adjust Pointers 320.526ms
[124.730s][info][gc,phases,start] GC(156) Compaction Phase
[124.894s][info][gc,phases      ] GC(156) Compaction Phase 163.990ms
[124.894s][info][gc,phases,start] GC(156) Post Compact
[124.896s][info][gc,phases      ] GC(156) Post Compact 2.364ms
[124.896s][info][gc,heap        ] GC(156) PSYoungGen: 128769K(222720K)->128769K(222720K) Eden: 111616K(111616K)->111616K(111616K) From: 17153K(111104K)->17153K(111104K)
[124.897s][info][gc,heap        ] GC(156) ParOldGen: 667215K(667648K)->667215K(667648K)
[124.897s][info][gc,metaspace   ] GC(156) Metaspace: 18037K(18304K)->18037K(18304K) NonClass: 15730K(15872K)->15730K(15872K) Class: 2306K(2432K)->2306K(2432K)
[124.897s][info][gc             ] GC(156) Pause Full (Allocation Failure) 777M->777M(869M) 1159.317ms
[124.897s][info][gc,cpu         ] GC(156) User=2.28s Sys=0.00s Real=1.16s
[124.897s][info][gc,start       ] GC(157) Pause Full (Allocation Failure)
[124.897s][info][gc,phases,start] GC(157) Marking Phase
[125.554s][info][gc,phases      ] GC(157) Marking Phase 657.344ms
[125.554s][info][gc,phases,start] GC(157) Summary Phase
[125.554s][info][gc,phases      ] GC(157) Summary Phase 0.024ms
[125.554s][info][gc,phases,start] GC(157) Forward
[125.582s][info][gc,phases      ] GC(157) Forward 27.892ms
[125.582s][info][gc,phases,start] GC(157) Adjust Pointers
[125.917s][info][gc,phases      ] GC(157) Adjust Pointers 334.557ms
[125.917s][info][gc,phases,start] GC(157) Compaction Phase
[126.088s][info][gc,phases      ] GC(157) Compaction Phase 170.708ms
[126.088s][info][gc,phases,start] GC(157) Post Compact
[126.090s][info][gc,phases      ] GC(157) Post Compact 2.347ms
[126.090s][info][gc,heap        ] GC(157) PSYoungGen: 128769K(222720K)->128769K(222720K) Eden: 111616K(111616K)->111616K(111616K) From: 17153K(111104K)->17153K(111104K)
[126.090s][info][gc,heap        ] GC(157) ParOldGen: 667215K(667648K)->667215K(667648K)
[126.090s][info][gc,metaspace   ] GC(157) Metaspace: 18037K(18304K)->18037K(18304K) NonClass: 15730K(15872K)->15730K(15872K) Class: 2306K(2432K)->2306K(2432K)
[126.090s][info][gc             ] GC(157) Pause Full (Allocation Failure) 777M->777M(869M) 1193.334ms
[126.090s][info][gc,cpu         ] GC(157) User=2.35s Sys=0.00s Real=1.20s
[126.090s][info][gc,start       ] GC(158) Pause Full (Allocation Failure)
[126.090s][info][gc,phases,start] GC(158) Marking Phase
[126.772s][info][gc,phases      ] GC(158) Marking Phase 681.719ms
[126.772s][info][gc,phases,start] GC(158) Summary Phase
[126.772s][info][gc,phases      ] GC(158) Summary Phase 0.027ms
[126.772s][info][gc,phases,start] GC(158) Forward
[126.802s][info][gc,phases      ] GC(158) Forward 29.340ms
[126.802s][info][gc,phases,start] GC(158) Adjust Pointers
[127.154s][info][gc,phases      ] GC(158) Adjust Pointers 351.778ms
[127.154s][info][gc,phases,start] GC(158) Compaction Phase
[127.325s][info][gc,phases      ] GC(158) Compaction Phase 171.315ms
[127.325s][info][gc,phases,start] GC(158) Post Compact
[127.327s][info][gc,phases      ] GC(158) Post Compact 2.350ms
[127.327s][info][gc,heap        ] GC(158) PSYoungGen: 128769K(222720K)->128769K(222720K) Eden: 111616K(111616K)->111616K(111616K) From: 17153K(111104K)->17153K(111104K)
[127.327s][info][gc,heap        ] GC(158) ParOldGen: 667215K(667648K)->667215K(667648K)
[127.327s][info][gc,metaspace   ] GC(158) Metaspace: 18037K(18304K)->18037K(18304K) NonClass: 15730K(15872K)->15730K(15872K) Class: 2306K(2432K)->2306K(2432K)
[127.327s][info][gc             ] GC(158) Pause Full (Allocation Failure) 777M->777M(869M) 1237.007ms
[127.327s][info][gc,cpu         ] GC(158) User=2.44s Sys=0.00s Real=1.23s
[127.328s][info][gc,start       ] GC(159) Pause Full (Allocation Failure)
[127.328s][info][gc,phases,start] GC(159) Marking Phase
[128.009s][info][gc,phases      ] GC(159) Marking Phase 681.194ms
[128.009s][info][gc,phases,start] GC(159) Summary Phase
[128.009s][info][gc,phases      ] GC(159) Summary Phase 0.026ms
[128.009s][info][gc,phases,start] GC(159) Forward
[128.038s][info][gc,phases      ] GC(159) Forward 29.381ms
[128.038s][info][gc,phases,start] GC(159) Adjust Pointers
[128.375s][info][gc,phases      ] GC(159) Adjust Pointers 336.364ms
[128.375s][info][gc,phases,start] GC(159) Compaction Phase
[128.540s][info][gc,phases      ] GC(159) Compaction Phase 165.564ms
[128.541s][info][gc,phases,start] GC(159) Post Compact
[128.543s][info][gc,phases      ] GC(159) Post Compact 2.351ms
[128.543s][info][gc,heap        ] GC(159) PSYoungGen: 128769K(222720K)->128769K(222720K) Eden: 111616K(111616K)->111616K(111616K) From: 17153K(111104K)->17153K(111104K)
[128.543s][info][gc,heap        ] GC(159) ParOldGen: 667216K(667648K)->667216K(667648K)
[128.543s][info][gc,metaspace   ] GC(159) Metaspace: 18037K(18304K)->18037K(18304K) NonClass: 15730K(15872K)->15730K(15872K) Class: 2306K(2432K)->2306K(2432K)
[128.543s][info][gc             ] GC(159) Pause Full (Allocation Failure) 777M->777M(869M) 1215.338ms
[128.543s][info][gc,cpu         ] GC(159) User=2.40s Sys=0.00s Real=1.22s
[128.543s][info][gc,start       ] GC(160) Pause Full (Allocation Failure)
[128.543s][info][gc,phases,start] GC(160) Marking Phase
[129.232s][info][gc,phases      ] GC(160) Marking Phase 688.672ms
[129.232s][info][gc,phases,start] GC(160) Summary Phase
[129.232s][info][gc,phases      ] GC(160) Summary Phase 0.027ms
[129.232s][info][gc,phases,start] GC(160) Forward
[129.262s][info][gc,phases      ] GC(160) Forward 30.545ms
[129.262s][info][gc,phases,start] GC(160) Adjust Pointers
[129.609s][info][gc,phases      ] GC(160) Adjust Pointers 346.256ms
[129.609s][info][gc,phases,start] GC(160) Compaction Phase
[129.776s][info][gc,phases      ] GC(160) Compaction Phase 167.533ms
[129.776s][info][gc,phases,start] GC(160) Post Compact
[129.779s][info][gc,phases      ] GC(160) Post Compact 2.425ms
[129.779s][info][gc,heap        ] GC(160) PSYoungGen: 128769K(222720K)->128769K(222720K) Eden: 111616K(111616K)->111616K(111616K) From: 17153K(111104K)->17153K(111104K)
[129.779s][info][gc,heap        ] GC(160) ParOldGen: 667216K(667648K)->667216K(667648K)
[129.779s][info][gc,metaspace   ] GC(160) Metaspace: 18037K(18304K)->18037K(18304K) NonClass: 15730K(15872K)->15730K(15872K) Class: 2306K(2432K)->2306K(2432K)
[129.779s][info][gc             ] GC(160) Pause Full (Allocation Failure) 777M->777M(869M) 1235.869ms
[129.779s][info][gc,cpu         ] GC(160) User=2.43s Sys=0.01s Real=1.24s
[129.779s][info][gc,start       ] GC(161) Pause Full (Allocation Failure)
[129.779s][info][gc,phases,start] GC(161) Marking Phase
[130.464s][info][gc,phases      ] GC(161) Marking Phase 684.647ms
[130.464s][info][gc,phases,start] GC(161) Summary Phase
[130.464s][info][gc,phases      ] GC(161) Summary Phase 0.027ms
[130.464s][info][gc,phases,start] GC(161) Forward
[130.493s][info][gc,phases      ] GC(161) Forward 29.442ms
[130.493s][info][gc,phases,start] GC(161) Adjust Pointers
[130.860s][info][gc,phases      ] GC(161) Adjust Pointers 366.225ms
[130.860s][info][gc,phases,start] GC(161) Compaction Phase
[131.037s][info][gc,phases      ] GC(161) Compaction Phase 177.417ms
[131.037s][info][gc,phases,start] GC(161) Post Compact
[131.040s][info][gc,phases      ] GC(161) Post Compact 2.617ms
[131.040s][info][gc,heap        ] GC(161) PSYoungGen: 128769K(222720K)->128769K(222720K) Eden: 111616K(111616K)->111616K(111616K) From: 17153K(111104K)->17153K(111104K)
[131.040s][info][gc,heap        ] GC(161) ParOldGen: 667216K(667648K)->667216K(667648K)
[131.040s][info][gc,metaspace   ] GC(161) Metaspace: 18037K(18304K)->18037K(18304K) NonClass: 15730K(15872K)->15730K(15872K) Class: 2306K(2432K)->2306K(2432K)
[131.040s][info][gc             ] GC(161) Pause Full (Allocation Failure) 777M->777M(869M) 1260.871ms
[131.040s][info][gc,cpu         ] GC(161) User=2.48s Sys=0.00s Real=1.26s
[131.040s][info][gc,start       ] GC(162) Pause Full (Allocation Failure)
[131.040s][info][gc,phases,start] GC(162) Marking Phase
[131.727s][info][gc,phases      ] GC(162) Marking Phase 687.120ms
[131.727s][info][gc,phases,start] GC(162) Summary Phase
[131.727s][info][gc,phases      ] GC(162) Summary Phase 0.024ms
[131.727s][info][gc,phases,start] GC(162) Forward
[131.757s][info][gc,phases      ] GC(162) Forward 29.275ms
[131.757s][info][gc,phases,start] GC(162) Adjust Pointers
[132.097s][info][gc,phases      ] GC(162) Adjust Pointers 340.220ms
[132.097s][info][gc,phases,start] GC(162) Compaction Phase
[132.268s][info][gc,phases      ] GC(162) Compaction Phase 170.720ms
[132.268s][info][gc,phases,start] GC(162) Post Compact
[132.270s][info][gc,phases      ] GC(162) Post Compact 2.353ms
[132.270s][info][gc,heap        ] GC(162) PSYoungGen: 128769K(222720K)->128769K(222720K) Eden: 111616K(111616K)->111616K(111616K) From: 17153K(111104K)->17153K(111104K)
[132.270s][info][gc,heap        ] GC(162) ParOldGen: 667216K(667648K)->667216K(667648K)
[132.270s][info][gc,metaspace   ] GC(162) Metaspace: 18037K(18304K)->18037K(18304K) NonClass: 15730K(15872K)->15730K(15872K) Class: 2306K(2432K)->2306K(2432K)
[132.270s][info][gc             ] GC(162) Pause Full (Allocation Failure) 777M->777M(869M) 1230.136ms
[132.270s][info][gc,cpu         ] GC(162) User=2.43s Sys=0.00s Real=1.23s
[132.270s][info][gc,start       ] GC(163) Pause Full (Allocation Failure)
[132.270s][info][gc,phases,start] GC(163) Marking Phase
[132.959s][info][gc,phases      ] GC(163) Marking Phase 688.990ms
[132.959s][info][gc,phases,start] GC(163) Summary Phase
[132.960s][info][gc,phases      ] GC(163) Summary Phase 0.026ms
[132.960s][info][gc,phases,start] GC(163) Forward
[132.989s][info][gc,phases      ] GC(163) Forward 29.486ms
[132.989s][info][gc,phases,start] GC(163) Adjust Pointers
[133.331s][info][gc,phases      ] GC(163) Adjust Pointers 342.399ms
[133.332s][info][gc,phases,start] GC(163) Compaction Phase
[133.505s][info][gc,phases      ] GC(163) Compaction Phase 173.455ms
[133.505s][info][gc,phases,start] GC(163) Post Compact
[133.507s][info][gc,phases      ] GC(163) Post Compact 2.342ms
[133.507s][info][gc,heap        ] GC(163) PSYoungGen: 128769K(222720K)->128769K(222720K) Eden: 111616K(111616K)->111616K(111616K) From: 17153K(111104K)->17153K(111104K)
[133.507s][info][gc,heap        ] GC(163) ParOldGen: 667216K(667648K)->667216K(667648K)
[133.507s][info][gc,metaspace   ] GC(163) Metaspace: 18037K(18304K)->18037K(18304K) NonClass: 15730K(15872K)->15730K(15872K) Class: 2306K(2432K)->2306K(2432K)
[133.508s][info][gc             ] GC(163) Pause Full (Allocation Failure) 777M->777M(869M) 1237.109ms
[133.508s][info][gc,cpu         ] GC(163) User=2.43s Sys=0.00s Real=1.23s
[133.508s][info][gc,start       ] GC(164) Pause Full (Allocation Failure)
[133.508s][info][gc,phases,start] GC(164) Marking Phase
[134.197s][info][gc,phases      ] GC(164) Marking Phase 688.808ms
[134.197s][info][gc,phases,start] GC(164) Summary Phase
[134.197s][info][gc,phases      ] GC(164) Summary Phase 0.027ms
[134.197s][info][gc,phases,start] GC(164) Forward
[134.227s][info][gc,phases      ] GC(164) Forward 29.998ms
[134.227s][info][gc,phases,start] GC(164) Adjust Pointers
[134.569s][info][gc,phases      ] GC(164) Adjust Pointers 341.804ms
[134.569s][info][gc,phases,start] GC(164) Compaction Phase
[134.740s][info][gc,phases      ] GC(164) Compaction Phase 171.450ms
[134.740s][info][gc,phases,start] GC(164) Post Compact
[134.742s][info][gc,phases      ] GC(164) Post Compact 2.357ms
[134.743s][info][gc,heap        ] GC(164) PSYoungGen: 128769K(222720K)->128769K(222720K) Eden: 111616K(111616K)->111616K(111616K) From: 17153K(111104K)->17153K(111104K)
[134.743s][info][gc,heap        ] GC(164) ParOldGen: 667216K(667648K)->667216K(667648K)
[134.743s][info][gc,metaspace   ] GC(164) Metaspace: 18037K(18304K)->18037K(18304K) NonClass: 15730K(15872K)->15730K(15872K) Class: 2306K(2432K)->2306K(2432K)
[134.743s][info][gc             ] GC(164) Pause Full (Allocation Failure) 777M->777M(869M) 1234.842ms
[134.743s][info][gc,cpu         ] GC(164) User=2.43s Sys=0.00s Real=1.24s
[134.743s][info][gc,start       ] GC(165) Pause Full (Allocation Failure)
[134.743s][info][gc,phases,start] GC(165) Marking Phase
[135.430s][info][gc,phases      ] GC(165) Marking Phase 686.831ms
[135.430s][info][gc,phases,start] GC(165) Summary Phase
[135.430s][info][gc,phases      ] GC(165) Summary Phase 0.027ms
[135.430s][info][gc,phases,start] GC(165) Forward
[135.459s][info][gc,phases      ] GC(165) Forward 29.448ms
[135.459s][info][gc,phases,start] GC(165) Adjust Pointers
[135.800s][info][gc,phases      ] GC(165) Adjust Pointers 340.482ms
[135.800s][info][gc,phases,start] GC(165) Compaction Phase
[135.970s][info][gc,phases      ] GC(165) Compaction Phase 170.741ms
[135.971s][info][gc,phases,start] GC(165) Post Compact
[135.973s][info][gc,phases      ] GC(165) Post Compact 2.342ms
[135.973s][info][gc,heap        ] GC(165) PSYoungGen: 128769K(222720K)->128769K(222720K) Eden: 111616K(111616K)->111616K(111616K) From: 17153K(111104K)->17153K(111104K)
[135.973s][info][gc,heap        ] GC(165) ParOldGen: 667216K(667648K)->667216K(667648K)
[135.973s][info][gc,metaspace   ] GC(165) Metaspace: 18037K(18304K)->18037K(18304K) NonClass: 15730K(15872K)->15730K(15872K) Class: 2306K(2432K)->2306K(2432K)
[135.973s][info][gc             ] GC(165) Pause Full (Allocation Failure) 777M->777M(869M) 1230.300ms
[135.973s][info][gc,cpu         ] GC(165) User=2.43s Sys=0.00s Real=1.23s
[135.973s][info][gc,start       ] GC(166) Pause Full (Allocation Failure)
[135.973s][info][gc,phases,start] GC(166) Marking Phase
[136.645s][info][gc,phases      ] GC(166) Marking Phase 672.247ms
[136.645s][info][gc,phases,start] GC(166) Summary Phase
[136.645s][info][gc,phases      ] GC(166) Summary Phase 0.027ms
[136.645s][info][gc,phases,start] GC(166) Forward
[136.675s][info][gc,phases      ] GC(166) Forward 29.394ms
[136.675s][info][gc,phases,start] GC(166) Adjust Pointers
[137.020s][info][gc,phases      ] GC(166) Adjust Pointers 345.246ms
[137.020s][info][gc,phases,start] GC(166) Compaction Phase
[137.191s][info][gc,phases      ] GC(166) Compaction Phase 171.159ms
[137.192s][info][gc,phases,start] GC(166) Post Compact
[137.194s][info][gc,phases      ] GC(166) Post Compact 2.319ms
[137.194s][info][gc,heap        ] GC(166) PSYoungGen: 128769K(222720K)->128769K(222720K) Eden: 111616K(111616K)->111616K(111616K) From: 17153K(111104K)->17153K(111104K)
[137.194s][info][gc,heap        ] GC(166) ParOldGen: 667216K(667648K)->667216K(667648K)
[137.194s][info][gc,metaspace   ] GC(166) Metaspace: 18037K(18304K)->18037K(18304K) NonClass: 15730K(15872K)->15730K(15872K) Class: 2306K(2432K)->2306K(2432K)
[137.194s][info][gc             ] GC(166) Pause Full (Allocation Failure) 777M->777M(869M) 1220.866ms
[137.194s][info][gc,cpu         ] GC(166) User=2.40s Sys=0.01s Real=1.22s
[137.194s][info][gc,start       ] GC(167) Pause Full (Allocation Failure)
[137.194s][info][gc,phases,start] GC(167) Marking Phase
[137.873s][info][gc,phases      ] GC(167) Marking Phase 679.242ms
[137.873s][info][gc,phases,start] GC(167) Summary Phase
[137.873s][info][gc,phases      ] GC(167) Summary Phase 0.026ms
[137.873s][info][gc,phases,start] GC(167) Forward
[137.903s][info][gc,phases      ] GC(167) Forward 29.447ms
[137.903s][info][gc,phases,start] GC(167) Adjust Pointers
[138.241s][info][gc,phases      ] GC(167) Adjust Pointers 338.185ms
[138.241s][info][gc,phases,start] GC(167) Compaction Phase
[138.411s][info][gc,phases      ] GC(167) Compaction Phase 170.218ms
[138.412s][info][gc,phases,start] GC(167) Post Compact
[138.414s][info][gc,phases      ] GC(167) Post Compact 2.342ms
[138.414s][info][gc,heap        ] GC(167) PSYoungGen: 128769K(222720K)->128769K(222720K) Eden: 111616K(111616K)->111616K(111616K) From: 17153K(111104K)->17153K(111104K)
[138.414s][info][gc,heap        ] GC(167) ParOldGen: 667216K(667648K)->667216K(667648K)
[138.414s][info][gc,metaspace   ] GC(167) Metaspace: 18037K(18304K)->18037K(18304K) NonClass: 15730K(15872K)->15730K(15872K) Class: 2306K(2432K)->2306K(2432K)
[138.414s][info][gc             ] GC(167) Pause Full (Allocation Failure) 777M->777M(869M) 1219.853ms
[138.414s][info][gc,cpu         ] GC(167) User=2.41s Sys=0.00s Real=1.22s
[138.414s][info][gc,start       ] GC(168) Pause Full (Allocation Failure)
[138.414s][info][gc,phases,start] GC(168) Marking Phase
[139.087s][info][gc,phases      ] GC(168) Marking Phase 672.498ms
[139.087s][info][gc,phases,start] GC(168) Summary Phase
[139.087s][info][gc,phases      ] GC(168) Summary Phase 0.037ms
[139.087s][info][gc,phases,start] GC(168) Forward
[139.116s][info][gc,phases      ] GC(168) Forward 29.279ms
[139.116s][info][gc,phases,start] GC(168) Adjust Pointers
[139.455s][info][gc,phases      ] GC(168) Adjust Pointers 339.206ms
[139.455s][info][gc,phases,start] GC(168) Compaction Phase
[139.626s][info][gc,phases      ] GC(168) Compaction Phase 170.368ms
[139.626s][info][gc,phases,start] GC(168) Post Compact
[139.628s][info][gc,phases      ] GC(168) Post Compact 2.342ms
[139.628s][info][gc,heap        ] GC(168) PSYoungGen: 128769K(222720K)->128769K(222720K) Eden: 111616K(111616K)->111616K(111616K) From: 17153K(111104K)->17153K(111104K)
[139.628s][info][gc,heap        ] GC(168) ParOldGen: 667216K(667648K)->667216K(667648K)
[139.628s][info][gc,metaspace   ] GC(168) Metaspace: 18037K(18304K)->18037K(18304K) NonClass: 15730K(15872K)->15730K(15872K) Class: 2306K(2432K)->2306K(2432K)
[139.628s][info][gc             ] GC(168) Pause Full (Allocation Failure) 777M->777M(869M) 1214.139ms
[139.628s][info][gc,cpu         ] GC(168) User=2.39s Sys=0.00s Real=1.21s
[139.628s][info][gc,start       ] GC(169) Pause Full (Allocation Failure)
[139.628s][info][gc,phases,start] GC(169) Marking Phase
[140.309s][info][gc,phases      ] GC(169) Marking Phase 680.217ms
[140.309s][info][gc,phases,start] GC(169) Summary Phase
[140.309s][info][gc,phases      ] GC(169) Summary Phase 0.026ms
[140.309s][info][gc,phases,start] GC(169) Forward
[140.338s][info][gc,phases      ] GC(169) Forward 29.085ms
[140.338s][info][gc,phases,start] GC(169) Adjust Pointers
[140.676s][info][gc,phases      ] GC(169) Adjust Pointers 338.218ms
[140.676s][info][gc,phases,start] GC(169) Compaction Phase
[140.847s][info][gc,phases      ] GC(169) Compaction Phase 170.279ms
[140.847s][info][gc,phases,start] GC(169) Post Compact
[140.849s][info][gc,phases      ] GC(169) Post Compact 2.341ms
[140.849s][info][gc,heap        ] GC(169) PSYoungGen: 128769K(222720K)->128769K(222720K) Eden: 111616K(111616K)->111616K(111616K) From: 17153K(111104K)->17153K(111104K)
[140.849s][info][gc,heap        ] GC(169) ParOldGen: 667216K(667648K)->667216K(667648K)
[140.849s][info][gc,metaspace   ] GC(169) Metaspace: 18037K(18304K)->18037K(18304K) NonClass: 15730K(15872K)->15730K(15872K) Class: 2306K(2432K)->2306K(2432K)
[140.849s][info][gc             ] GC(169) Pause Full (Allocation Failure) 777M->777M(869M) 1220.613ms
[140.849s][info][gc,cpu         ] GC(169) User=2.40s Sys=0.00s Real=1.23s
[140.849s][info][gc,start       ] GC(170) Pause Full (Allocation Failure)
[140.849s][info][gc,phases,start] GC(170) Marking Phase
[141.528s][info][gc,phases      ] GC(170) Marking Phase 679.092ms
[141.528s][info][gc,phases,start] GC(170) Summary Phase
[141.528s][info][gc,phases      ] GC(170) Summary Phase 0.027ms
[141.528s][info][gc,phases,start] GC(170) Forward
[141.658s][info][gc,phases      ] GC(170) Forward 129.685ms
[141.658s][info][gc,phases,start] GC(170) Adjust Pointers
[142.029s][info][gc,phases      ] GC(170) Adjust Pointers 370.563ms
[142.029s][info][gc,phases,start] GC(170) Compaction Phase
[142.335s][info][gc,phases      ] GC(170) Compaction Phase 305.887ms
[142.335s][info][gc,phases,start] GC(170) Post Compact
[142.337s][info][gc,phases      ] GC(170) Post Compact 2.301ms
[142.337s][info][gc,heap        ] GC(170) PSYoungGen: 128769K(222720K)->128257K(222720K) Eden: 111616K(111616K)->111615K(111616K) From: 17153K(111104K)->16641K(111104K)
[142.337s][info][gc,heap        ] GC(170) ParOldGen: 667216K(667648K)->667316K(667648K)
[142.337s][info][gc,metaspace   ] GC(170) Metaspace: 18037K(18304K)->18037K(18304K) NonClass: 15730K(15872K)->15730K(15872K) Class: 2306K(2432K)->2306K(2432K)
[142.337s][info][gc             ] GC(170) Pause Full (Allocation Failure) 777M->776M(869M) 1487.956ms
[142.337s][info][gc,cpu         ] GC(170) User=2.93s Sys=0.00s Real=1.48s
[142.337s][info][gc,start       ] GC(171) Pause Full (Allocation Failure)
[142.338s][info][gc,phases,start] GC(171) Marking Phase
[142.999s][info][gc,phases      ] GC(171) Marking Phase 661.209ms
[142.999s][info][gc,phases,start] GC(171) Summary Phase
[142.999s][info][gc,phases      ] GC(171) Summary Phase 0.028ms
[142.999s][info][gc,phases,start] GC(171) Forward
[143.199s][info][gc,phases      ] GC(171) Forward 200.206ms
[143.199s][info][gc,phases,start] GC(171) Adjust Pointers
[143.575s][info][gc,phases      ] GC(171) Adjust Pointers 375.571ms
[143.575s][info][gc,phases,start] GC(171) Compaction Phase
[143.799s][info][gc,phases      ] GC(171) Compaction Phase 224.160ms
[143.799s][info][gc,phases,start] GC(171) Post Compact
[143.801s][info][gc,phases      ] GC(171) Post Compact 2.286ms
[143.801s][info][gc,heap        ] GC(171) PSYoungGen: 128257K(222720K)->128257K(222720K) Eden: 111615K(111616K)->111615K(111616K) From: 16641K(111104K)->16641K(111104K)
[143.801s][info][gc,heap        ] GC(171) ParOldGen: 667316K(667648K)->667315K(667648K)
[143.801s][info][gc,metaspace   ] GC(171) Metaspace: 18039K(18304K)->18039K(18304K) NonClass: 15731K(15872K)->15731K(15872K) Class: 2307K(2432K)->2307K(2432K)
[143.801s][info][gc             ] GC(171) Pause Full (Allocation Failure) 776M->776M(869M) 1463.954ms
[143.801s][info][gc,cpu         ] GC(171) User=2.86s Sys=0.00s Real=1.47s
[143.802s][info][gc,start       ] GC(172) Pause Full (Allocation Failure)
[143.802s][info][gc,phases,start] GC(172) Marking Phase
[144.442s][info][gc,phases      ] GC(172) Marking Phase 639.921ms
[144.442s][info][gc,phases,start] GC(172) Summary Phase
[144.442s][info][gc,phases      ] GC(172) Summary Phase 0.026ms
[144.442s][info][gc,phases,start] GC(172) Forward
[144.555s][info][gc,phases      ] GC(172) Forward 113.260ms
[144.555s][info][gc,phases,start] GC(172) Adjust Pointers
[144.897s][info][gc,phases      ] GC(172) Adjust Pointers 341.565ms
[144.897s][info][gc,phases,start] GC(172) Compaction Phase
[145.090s][info][gc,phases      ] GC(172) Compaction Phase 193.532ms
[145.090s][info][gc,phases,start] GC(172) Post Compact
[145.093s][info][gc,phases      ] GC(172) Post Compact 2.371ms
[145.093s][info][gc,heap        ] GC(172) PSYoungGen: 128257K(222720K)->128257K(222720K) Eden: 111616K(111616K)->111616K(111616K) From: 16641K(111104K)->16641K(111104K)
[145.093s][info][gc,heap        ] GC(172) ParOldGen: 667316K(667648K)->667315K(667648K)
[145.093s][info][gc,metaspace   ] GC(172) Metaspace: 18039K(18304K)->18039K(18304K) NonClass: 15731K(15872K)->15731K(15872K) Class: 2307K(2432K)->2307K(2432K)
[145.093s][info][gc             ] GC(172) Pause Full (Allocation Failure) 776M->776M(869M) 1291.128ms
[145.093s][info][gc,cpu         ] GC(172) User=2.54s Sys=0.01s Real=1.29s
[145.093s][info][gc,start       ] GC(173) Pause Full (Allocation Failure)
[145.093s][info][gc,phases,start] GC(173) Marking Phase
[145.739s][info][gc,phases      ] GC(173) Marking Phase 645.418ms
[145.739s][info][gc,phases,start] GC(173) Summary Phase
[145.739s][info][gc,phases      ] GC(173) Summary Phase 0.026ms
[145.739s][info][gc,phases,start] GC(173) Forward
[145.854s][info][gc,phases      ] GC(173) Forward 115.272ms
[145.854s][info][gc,phases,start] GC(173) Adjust Pointers
[146.193s][info][gc,phases      ] GC(173) Adjust Pointers 338.476ms
[146.193s][info][gc,phases,start] GC(173) Compaction Phase
[146.388s][info][gc,phases      ] GC(173) Compaction Phase 195.461ms
[146.388s][info][gc,phases,start] GC(173) Post Compact
[146.391s][info][gc,phases      ] GC(173) Post Compact 2.349ms
[146.391s][info][gc,heap        ] GC(173) PSYoungGen: 128257K(222720K)->128257K(222720K) Eden: 111616K(111616K)->111616K(111616K) From: 16641K(111104K)->16641K(111104K)
[146.391s][info][gc,heap        ] GC(173) ParOldGen: 667316K(667648K)->667315K(667648K)
[146.391s][info][gc,metaspace   ] GC(173) Metaspace: 18039K(18304K)->18039K(18304K) NonClass: 15731K(15872K)->15731K(15872K) Class: 2307K(2432K)->2307K(2432K)
[146.391s][info][gc             ] GC(173) Pause Full (Allocation Failure) 776M->776M(869M) 1297.430ms
[146.391s][info][gc,cpu         ] GC(173) User=2.56s Sys=0.00s Real=1.30s
[146.391s][info][gc,start       ] GC(174) Pause Full (Allocation Failure)
[146.391s][info][gc,phases,start] GC(174) Marking Phase
[147.031s][info][gc,phases      ] GC(174) Marking Phase 640.237ms
[147.031s][info][gc,phases,start] GC(174) Summary Phase
[147.031s][info][gc,phases      ] GC(174) Summary Phase 0.023ms
[147.031s][info][gc,phases,start] GC(174) Forward
[147.059s][info][gc,phases      ] GC(174) Forward 27.593ms
[147.059s][info][gc,phases,start] GC(174) Adjust Pointers
[147.375s][info][gc,phases      ] GC(174) Adjust Pointers 315.885ms
[147.375s][info][gc,phases,start] GC(174) Compaction Phase
[147.535s][info][gc,phases      ] GC(174) Compaction Phase 159.949ms
[147.535s][info][gc,phases,start] GC(174) Post Compact
[147.537s][info][gc,phases      ] GC(174) Post Compact 2.329ms
[147.537s][info][gc,heap        ] GC(174) PSYoungGen: 128257K(222720K)->128257K(222720K) Eden: 111616K(111616K)->111616K(111616K) From: 16641K(111104K)->16641K(111104K)
[147.537s][info][gc,heap        ] GC(174) ParOldGen: 667315K(667648K)->667315K(667648K)
[147.537s][info][gc,metaspace   ] GC(174) Metaspace: 18039K(18304K)->18039K(18304K) NonClass: 15731K(15872K)->15731K(15872K) Class: 2307K(2432K)->2307K(2432K)
[147.537s][info][gc             ] GC(174) Pause Full (Allocation Failure) 776M->776M(869M) 1146.443ms
[147.537s][info][gc,cpu         ] GC(174) User=2.26s Sys=0.00s Real=1.14s
[147.538s][info][gc,start       ] GC(175) Pause Full (Allocation Failure)
[147.538s][info][gc,phases,start] GC(175) Marking Phase
[148.208s][info][gc,phases      ] GC(175) Marking Phase 669.752ms
[148.208s][info][gc,phases,start] GC(175) Summary Phase
[148.208s][info][gc,phases      ] GC(175) Summary Phase 0.031ms
[148.208s][info][gc,phases,start] GC(175) Forward
[148.331s][info][gc,phases      ] GC(175) Forward 123.186ms
[148.331s][info][gc,phases,start] GC(175) Adjust Pointers
[148.687s][info][gc,phases      ] GC(175) Adjust Pointers 356.368ms
[148.687s][info][gc,phases,start] GC(175) Compaction Phase
[148.885s][info][gc,phases      ] GC(175) Compaction Phase 197.564ms
[148.885s][info][gc,phases,start] GC(175) Post Compact
[148.887s][info][gc,phases      ] GC(175) Post Compact 2.284ms
[148.887s][info][gc,heap        ] GC(175) PSYoungGen: 128257K(222720K)->128257K(222720K) Eden: 111616K(111616K)->111616K(111616K) From: 16641K(111104K)->16641K(111104K)
[148.887s][info][gc,heap        ] GC(175) ParOldGen: 667315K(667648K)->667315K(667648K)
[148.888s][info][gc,metaspace   ] GC(175) Metaspace: 18039K(18304K)->18039K(18304K) NonClass: 15731K(15872K)->15731K(15872K) Class: 2307K(2432K)->2307K(2432K)
[148.888s][info][gc             ] GC(175) Pause Full (Allocation Failure) 776M->776M(869M) 1349.658ms
[148.888s][info][gc,cpu         ] GC(175) User=2.66s Sys=0.00s Real=1.35s
[148.888s][info][gc,start       ] GC(176) Pause Full (Allocation Failure)
[148.888s][info][gc,phases,start] GC(176) Marking Phase
[149.536s][info][gc,phases      ] GC(176) Marking Phase 648.203ms
[149.536s][info][gc,phases,start] GC(176) Summary Phase
[149.536s][info][gc,phases      ] GC(176) Summary Phase 0.028ms
[149.536s][info][gc,phases,start] GC(176) Forward
[149.744s][info][gc,phases      ] GC(176) Forward 208.223ms
[149.744s][info][gc,phases,start] GC(176) Adjust Pointers
[150.117s][info][gc,phases      ] GC(176) Adjust Pointers 372.727ms
[150.117s][info][gc,phases,start] GC(176) Compaction Phase
[150.337s][info][gc,phases      ] GC(176) Compaction Phase 219.402ms
[150.337s][info][gc,phases,start] GC(176) Post Compact
[150.339s][info][gc,phases      ] GC(176) Post Compact 2.285ms
[150.339s][info][gc,heap        ] GC(176) PSYoungGen: 128257K(222720K)->128257K(222720K) Eden: 111616K(111616K)->111616K(111616K) From: 16641K(111104K)->16641K(111104K)
[150.339s][info][gc,heap        ] GC(176) ParOldGen: 667315K(667648K)->667315K(667648K)
[150.339s][info][gc,metaspace   ] GC(176) Metaspace: 18039K(18304K)->18039K(18304K) NonClass: 15731K(15872K)->15731K(15872K) Class: 2307K(2432K)->2307K(2432K)
[150.339s][info][gc             ] GC(176) Pause Full (Allocation Failure) 776M->776M(869M) 1451.392ms
[150.339s][info][gc,cpu         ] GC(176) User=2.84s Sys=0.00s Real=1.46s
[150.340s][info][gc,start       ] GC(177) Pause Full (Allocation Failure)
[150.340s][info][gc,phases,start] GC(177) Marking Phase
[150.985s][info][gc,phases      ] GC(177) Marking Phase 645.547ms
[150.985s][info][gc,phases,start] GC(177) Summary Phase
[150.985s][info][gc,phases      ] GC(177) Summary Phase 0.028ms
[150.985s][info][gc,phases,start] GC(177) Forward
[151.103s][info][gc,phases      ] GC(177) Forward 118.198ms
[151.103s][info][gc,phases,start] GC(177) Adjust Pointers
[151.449s][info][gc,phases      ] GC(177) Adjust Pointers 345.070ms
[151.449s][info][gc,phases,start] GC(177) Compaction Phase
[151.643s][info][gc,phases      ] GC(177) Compaction Phase 194.331ms
[151.643s][info][gc,phases,start] GC(177) Post Compact
[151.645s][info][gc,phases      ] GC(177) Post Compact 2.336ms
[151.645s][info][gc,heap        ] GC(177) PSYoungGen: 128257K(222720K)->128257K(222720K) Eden: 111616K(111616K)->111616K(111616K) From: 16641K(111104K)->16641K(111104K)
[151.645s][info][gc,heap        ] GC(177) ParOldGen: 667315K(667648K)->667315K(667648K)
[151.645s][info][gc,metaspace   ] GC(177) Metaspace: 18039K(18304K)->18039K(18304K) NonClass: 15731K(15872K)->15731K(15872K) Class: 2307K(2432K)->2307K(2432K)
[151.645s][info][gc             ] GC(177) Pause Full (Allocation Failure) 776M->776M(869M) 1305.923ms
[151.645s][info][gc,cpu         ] GC(177) User=2.58s Sys=0.00s Real=1.30s
[151.646s][info][gc,start       ] GC(178) Pause Full (Allocation Failure)
[151.646s][info][gc,phases,start] GC(178) Marking Phase
[152.292s][info][gc,phases      ] GC(178) Marking Phase 646.191ms
[152.292s][info][gc,phases,start] GC(178) Summary Phase
[152.292s][info][gc,phases      ] GC(178) Summary Phase 0.026ms
[152.292s][info][gc,phases,start] GC(178) Forward
[152.405s][info][gc,phases      ] GC(178) Forward 113.144ms
[152.405s][info][gc,phases,start] GC(178) Adjust Pointers
[152.748s][info][gc,phases      ] GC(178) Adjust Pointers 343.051ms
[152.748s][info][gc,phases,start] GC(178) Compaction Phase
[152.938s][info][gc,phases      ] GC(178) Compaction Phase 189.836ms
[152.938s][info][gc,phases,start] GC(178) Post Compact
[152.941s][info][gc,phases      ] GC(178) Post Compact 2.313ms
[152.941s][info][gc,heap        ] GC(178) PSYoungGen: 128257K(222720K)->128257K(222720K) Eden: 111616K(111616K)->111616K(111616K) From: 16641K(111104K)->16641K(111104K)
[152.941s][info][gc,heap        ] GC(178) ParOldGen: 667315K(667648K)->667306K(667648K)
[152.941s][info][gc,metaspace   ] GC(178) Metaspace: 18043K(18304K)->18043K(18304K) NonClass: 15734K(15872K)->15734K(15872K) Class: 2308K(2432K)->2308K(2432K)
[152.941s][info][gc             ] GC(178) Pause Full (Allocation Failure) 776M->776M(869M) 1294.972ms
[152.941s][info][gc,cpu         ] GC(178) User=2.55s Sys=0.00s Real=1.30s
[152.941s][info][gc,start       ] GC(179) Pause Full (Allocation Failure)
[152.941s][info][gc,phases,start] GC(179) Marking Phase
[153.570s][info][gc,phases      ] GC(179) Marking Phase 629.110ms
[153.570s][info][gc,phases,start] GC(179) Summary Phase
[153.570s][info][gc,phases      ] GC(179) Summary Phase 0.024ms
[153.570s][info][gc,phases,start] GC(179) Forward
[153.597s][info][gc,phases      ] GC(179) Forward 27.212ms
[153.597s][info][gc,phases,start] GC(179) Adjust Pointers
[153.929s][info][gc,phases      ] GC(179) Adjust Pointers 331.783ms
[153.929s][info][gc,phases,start] GC(179) Compaction Phase
[154.089s][info][gc,phases      ] GC(179) Compaction Phase 159.638ms
[154.089s][info][gc,phases,start] GC(179) Post Compact
[154.091s][info][gc,phases      ] GC(179) Post Compact 2.309ms
[154.091s][info][gc,heap        ] GC(179) PSYoungGen: 128257K(222720K)->128257K(222720K) Eden: 111616K(111616K)->111616K(111616K) From: 16641K(111104K)->16641K(111104K)
[154.091s][info][gc,heap        ] GC(179) ParOldGen: 667306K(667648K)->667306K(667648K)
[154.091s][info][gc,metaspace   ] GC(179) Metaspace: 18043K(18304K)->18043K(18304K) NonClass: 15734K(15872K)->15734K(15872K) Class: 2308K(2432K)->2308K(2432K)
[154.091s][info][gc             ] GC(179) Pause Full (Allocation Failure) 776M->776M(869M) 1150.479ms
[154.091s][info][gc,cpu         ] GC(179) User=2.27s Sys=0.00s Real=1.15s
[154.092s][info][gc,start       ] GC(180) Pause Full (Allocation Failure)
[154.092s][info][gc,phases,start] GC(180) Marking Phase
[154.726s][info][gc,phases      ] GC(180) Marking Phase 634.701ms
[154.726s][info][gc,phases,start] GC(180) Summary Phase
[154.726s][info][gc,phases      ] GC(180) Summary Phase 0.028ms
[154.726s][info][gc,phases,start] GC(180) Forward
[154.840s][info][gc,phases      ] GC(180) Forward 113.737ms
[154.840s][info][gc,phases,start] GC(180) Adjust Pointers
[155.180s][info][gc,phases      ] GC(180) Adjust Pointers 339.691ms
[155.180s][info][gc,phases,start] GC(180) Compaction Phase
[155.372s][info][gc,phases      ] GC(180) Compaction Phase 191.481ms
[155.372s][info][gc,phases,start] GC(180) Post Compact
[155.374s][info][gc,phases      ] GC(180) Post Compact 2.313ms
[155.374s][info][gc,heap        ] GC(180) PSYoungGen: 128257K(222720K)->128257K(222720K) Eden: 111616K(111616K)->111616K(111616K) From: 16641K(111104K)->16641K(111104K)
[155.374s][info][gc,heap        ] GC(180) ParOldGen: 667307K(667648K)->667299K(667648K)
[155.374s][info][gc,metaspace   ] GC(180) Metaspace: 18043K(18304K)->18043K(18304K) NonClass: 15734K(15872K)->15734K(15872K) Class: 2308K(2432K)->2308K(2432K)
[155.374s][info][gc             ] GC(180) Pause Full (Allocation Failure) 776M->776M(869M) 1282.397ms
[155.374s][info][gc,cpu         ] GC(180) User=2.53s Sys=0.00s Real=1.28s
[155.374s][info][gc,start       ] GC(181) Pause Full (Allocation Failure)
[155.374s][info][gc,phases,start] GC(181) Marking Phase
[155.603s][info][gc,phases      ] GC(181) Marking Phase 228.091ms
[155.603s][info][gc,phases,start] GC(181) Summary Phase
[155.603s][info][gc,phases      ] GC(181) Summary Phase 0.026ms
[155.603s][info][gc,phases,start] GC(181) Forward
[155.603s][info][gc,phases      ] GC(181) Forward 0.684ms
[155.603s][info][gc,phases,start] GC(181) Adjust Pointers
[155.726s][info][gc,phases      ] GC(181) Adjust Pointers 122.146ms
[155.726s][info][gc,phases,start] GC(181) Compaction Phase
[155.790s][info][gc,phases      ] GC(181) Compaction Phase 64.537ms
[155.790s][info][gc,phases,start] GC(181) Post Compact
[155.793s][info][gc,phases      ] GC(181) Post Compact 2.271ms
[155.801s][info][gc,heap        ] GC(181) PSYoungGen: 128257K(222720K)->0K(222720K) Eden: 111616K(111616K)->0K(111616K) From: 16641K(111104K)->0K(111104K)
[155.801s][info][gc,heap        ] GC(181) ParOldGen: 667299K(667648K)->359424K(563200K)
[155.801s][info][gc,metaspace   ] GC(181) Metaspace: 18045K(18368K)->18045K(18368K) NonClass: 15735K(15936K)->15735K(15936K) Class: 2309K(2432K)->2309K(2432K)
[155.801s][info][gc             ] GC(181) Pause Full (Allocation Failure) 776M->351M(767M) 426.245ms
[155.801s][info][gc,cpu         ] GC(181) User=0.81s Sys=0.01s Real=0.43s
[155.806s][info][gc,heap,exit   ] Heap
[155.806s][info][gc,heap,exit   ]  PSYoungGen      total 222720K, used 3110K [0x00000000eba00000, 0x0000000100000000, 0x0000000100000000)
[155.806s][info][gc,heap,exit   ]   eden space 111616K, 2% used [0x00000000eba00000,0x00000000ebd09898,0x00000000f2700000)
[155.806s][info][gc,heap,exit   ]   from space 111104K, 0% used [0x00000000f9380000,0x00000000f9380000,0x0000000100000000)
[155.806s][info][gc,heap,exit   ]   to   space 111104K, 0% used [0x00000000f2700000,0x00000000f2700000,0x00000000f9380000)
[155.806s][info][gc,heap,exit   ]  ParOldGen       total 563200K, used 359424K [0x00000000c2e00000, 0x00000000e5400000, 0x00000000eba00000)
[155.806s][info][gc,heap,exit   ]   object space 563200K, 63% used [0x00000000c2e00000,0x00000000d8d00108,0x00000000e5400000)
[155.806s][info][gc,heap,exit   ]  Metaspace       used 18055K, committed 18368K, reserved 1114112K
[155.806s][info][gc,heap,exit   ]   class space    used 2310K, committed 2432K, reserved 1048576K
