[0.002s][info][metaspace]  - commit_granule_bytes: 65536.
[0.002s][info][metaspace]  - commit_granule_words: 8192.
[0.002s][info][metaspace]  - virtual_space_node_default_size: 8388608.
[0.002s][info][metaspace]  - enlarge_chunks_in_place: 1.
[0.004s][info][gc,init  ] CardTable entry size: 512
[0.004s][info][gc       ] Using Parallel
[0.005s][info][gc,init  ] Version: 24-internal-adhoc.root.jdk (release)
[0.005s][info][gc,init  ] CPUs: 2 total, 2 available
[0.005s][info][gc,init  ] Memory: 3908M
[0.005s][info][gc,init  ] Large Page Support: Disabled
[0.005s][info][gc,init  ] NUMA Support: Disabled
[0.005s][info][gc,init  ] Compressed Oops: Enabled (32-bit)
[0.005s][info][gc,init  ] Alignments: Space 512K, Generation 512K, Heap 2M
[0.005s][info][gc,init  ] Heap Min Capacity: 256M
[0.005s][info][gc,init  ] Heap Initial Capacity: 256M
[0.005s][info][gc,init  ] Heap Max Capacity: 978M
[0.005s][info][gc,init  ] Pre-touch: Disabled
[0.005s][info][gc,init  ] Parallel Workers: 2
[0.021s][info][gc,metaspace] CDS archive(s) mapped at: [0x00007f890d000000-0x00007f890de7b000-0x00007f890de7b000), size 15183872, SharedBaseAddress: 0x00007f890d000000, ArchiveRelocationMode: 1.
[0.021s][info][gc,metaspace] Compressed class space mapped at: 0x00007f890e000000-0x00007f894e000000, reserved size: 1073741824
[0.021s][info][gc,metaspace] UseCompressedClassPointers 1, UseCompactObjectHeaders 1
[0.021s][info][gc,metaspace] Narrow klass pointer bits 22, Max shift 10
[0.021s][info][gc,metaspace] Narrow klass base: 0x00007f890d000000, Narrow klass shift: 10
[0.021s][info][gc,metaspace] Encoding Range: [0x00007f890d000000 - 0x00007f8a0d000000), (4294967296 bytes)
[0.021s][info][gc,metaspace] Klass Range:    [0x00007f890d000000 - 0x00007f894e000000), (1090519040 bytes)
[0.021s][info][gc,metaspace] Klass ID Range:  [1 - 1064960) (1064959)
[1.155s][info][gc,start    ] GC(0) Pause Young (Allocation Failure)
[1.164s][info][gc,heap     ] GC(0) PSYoungGen: 65536K(76288K)->3844K(76288K) Eden: 65536K(65536K)->0K(65536K) From: 0K(10752K)->3844K(10752K)
[1.164s][info][gc,heap     ] GC(0) ParOldGen: 1088K(175104K)->1096K(175104K)
[1.164s][info][gc,metaspace] GC(0) Metaspace: 8236K(8384K)->8236K(8384K) NonClass: 7111K(7232K)->7111K(7232K) Class: 1124K(1152K)->1124K(1152K)
[1.164s][info][gc          ] GC(0) Pause Young (Allocation Failure) 65M->4M(245M) 9.389ms
[1.164s][info][gc,cpu      ] GC(0) User=0.00s Sys=0.00s Real=0.01s
[3.598s][info][gc,start    ] GC(1) Pause Young (Allocation Failure)
[3.622s][info][gc,heap     ] GC(1) PSYoungGen: 69380K(76288K)->7880K(76288K) Eden: 65536K(65536K)->0K(65536K) From: 3844K(10752K)->7880K(10752K)
[3.622s][info][gc,heap     ] GC(1) ParOldGen: 1096K(175104K)->1168K(175104K)
[3.622s][info][gc,metaspace] GC(1) Metaspace: 20900K(21248K)->20900K(21248K) NonClass: 18420K(18624K)->18420K(18624K) Class: 2480K(2624K)->2480K(2624K)
[3.622s][info][gc          ] GC(1) Pause Young (Allocation Failure) 68M->8M(245M) 24.540ms
[3.622s][info][gc,cpu      ] GC(1) User=0.02s Sys=0.00s Real=0.02s
[5.184s][info][metaspace   ] ChkMgr @0x00007f896c03eed0 (non-class-space): failed to commit 11 words on chunk @0x00007f896c6b5820, f, base 0x00007f89052c0000, level lv10.
[5.184s][info][metaspace   ] Arena @0x00007f896c4e7470 (non-class arena): failed to allocate new chunk for requested word size 11.
[5.184s][info][metaspace   ] Arena @0x00007f896c4e7470 (non-class arena): allocation failed, returned null.
[5.184s][info][metaspace   ] ChkMgr @0x00007f896c03eed0 (non-class-space): failed to commit 11 words on chunk @0x00007f896c6b5820, f, base 0x00007f89052c0000, level lv10.
[5.184s][info][metaspace   ] Arena @0x00007f896c4e7470 (non-class arena): failed to allocate new chunk for requested word size 11.
[5.184s][info][metaspace   ] Arena @0x00007f896c4e7470 (non-class arena): allocation failed, returned null.
[5.184s][info][metaspace   ] ChkMgr @0x00007f896c03eed0 (non-class-space): failed to commit 11 words on chunk @0x00007f896c6b5820, f, base 0x00007f89052c0000, level lv10.
[5.184s][info][metaspace   ] Arena @0x00007f896c4e7470 (non-class arena): failed to allocate new chunk for requested word size 11.
[5.184s][info][metaspace   ] Arena @0x00007f896c4e7470 (non-class arena): allocation failed, returned null.
[5.184s][info][gc,start    ] GC(2) Pause Full (Metadata GC Threshold)
[5.184s][info][gc,phases,start] GC(2) Marking Phase
[5.196s][info][gc,phases      ] GC(2) Marking Phase 12.523ms
[5.196s][info][gc,phases,start] GC(2) Summary Phase
[5.196s][info][gc,phases      ] GC(2) Summary Phase 0.009ms
[5.196s][info][gc,phases,start] GC(2) Forward
[5.199s][info][gc,phases      ] GC(2) Forward 2.098ms
[5.199s][info][gc,phases,start] GC(2) Adjust Pointers
[5.205s][info][gc,phases      ] GC(2) Adjust Pointers 6.361ms
[5.205s][info][gc,phases,start] GC(2) Compaction Phase
[5.211s][info][gc,phases      ] GC(2) Compaction Phase 6.274ms
[5.211s][info][gc,phases,start] GC(2) Post Compact
[5.213s][info][gc,phases      ] GC(2) Post Compact 1.398ms
[5.213s][info][gc,heap        ] GC(2) PSYoungGen: 17405K(76288K)->0K(76288K) Eden: 9524K(65536K)->0K(65536K) From: 7880K(10752K)->0K(10752K)
[5.213s][info][gc,heap        ] GC(2) ParOldGen: 1168K(175104K)->9144K(175104K)
[5.213s][info][gc,metaspace   ] GC(2) Metaspace: 21103K(21504K)->21103K(21504K) NonClass: 18598K(18816K)->18598K(18816K) Class: 2504K(2688K)->2504K(2688K)
[5.213s][info][gc             ] GC(2) Pause Full (Metadata GC Threshold) 18M->8M(245M) 28.954ms
[5.213s][info][gc,cpu         ] GC(2) User=0.04s Sys=0.01s Real=0.03s
[6.031s][info][gc,start       ] GC(3) Pause Young (Allocation Failure)
[6.035s][info][gc,heap        ] GC(3) PSYoungGen: 65536K(76288K)->2415K(76288K) Eden: 65536K(65536K)->0K(65536K) From: 0K(10752K)->2415K(10752K)
[6.035s][info][gc,heap        ] GC(3) ParOldGen: 9144K(175104K)->9152K(175104K)
[6.035s][info][gc,metaspace   ] GC(3) Metaspace: 24054K(24512K)->24054K(24512K) NonClass: 21254K(21568K)->21254K(21568K) Class: 2800K(2944K)->2800K(2944K)
[6.035s][info][gc             ] GC(3) Pause Young (Allocation Failure) 72M->11M(245M) 4.022ms
[6.035s][info][gc,cpu         ] GC(3) User=0.01s Sys=0.01s Real=0.00s
[6.577s][info][gc,start       ] GC(4) Pause Young (Allocation Failure)
[6.582s][info][gc,heap        ] GC(4) PSYoungGen: 67951K(76288K)->3552K(76288K) Eden: 65536K(65536K)->0K(65536K) From: 2415K(10752K)->3552K(10752K)
[6.582s][info][gc,heap        ] GC(4) ParOldGen: 9152K(175104K)->9160K(175104K)
[6.582s][info][gc,metaspace   ] GC(4) Metaspace: 24355K(24704K)->24355K(24704K) NonClass: 21543K(21760K)->21543K(21760K) Class: 2812K(2944K)->2812K(2944K)
[6.582s][info][gc             ] GC(4) Pause Young (Allocation Failure) 75M->12M(245M) 5.599ms
[6.582s][info][gc,cpu         ] GC(4) User=0.01s Sys=0.00s Real=0.00s
[7.121s][info][gc,start       ] GC(5) Pause Young (Allocation Failure)
[7.130s][info][gc,heap        ] GC(5) PSYoungGen: 69088K(76288K)->5887K(76288K) Eden: 65536K(65536K)->0K(65536K) From: 3552K(10752K)->5887K(10752K)
[7.130s][info][gc,heap        ] GC(5) ParOldGen: 9160K(175104K)->9168K(175104K)
[7.130s][info][gc,metaspace   ] GC(5) Metaspace: 24743K(25216K)->24743K(25216K) NonClass: 21926K(22208K)->21926K(22208K) Class: 2816K(3008K)->2816K(3008K)
[7.130s][info][gc             ] GC(5) Pause Young (Allocation Failure) 76M->14M(245M) 8.727ms
[7.130s][info][gc,cpu         ] GC(5) User=0.01s Sys=0.00s Real=0.01s
[7.321s][info][gc,start       ] GC(6) Pause Young (GCLocker Initiated GC)
[7.329s][info][gc,heap        ] GC(6) PSYoungGen: 71352K(76288K)->5009K(78848K) Eden: 65465K(65536K)->0K(70144K) From: 5887K(10752K)->5009K(8704K)
[7.329s][info][gc,heap        ] GC(6) ParOldGen: 11027K(175104K)->11027K(175104K)
[7.329s][info][gc,metaspace   ] GC(6) Metaspace: 25297K(25728K)->25297K(25728K) NonClass: 22409K(22656K)->22409K(22656K) Class: 2888K(3072K)->2888K(3072K)
[7.329s][info][gc             ] GC(6) Pause Young (GCLocker Initiated GC) 80M->15M(248M) 7.918ms
[7.329s][info][gc,cpu         ] GC(6) User=0.02s Sys=0.00s Real=0.01s
[7.487s][info][gc,start       ] GC(7) Pause Young (Allocation Failure)
[7.496s][info][gc,heap        ] GC(7) PSYoungGen: 75064K(78848K)->5654K(78336K) Eden: 70055K(70144K)->0K(70144K) From: 5009K(8704K)->5654K(8192K)
[7.496s][info][gc,heap        ] GC(7) ParOldGen: 11027K(175104K)->11035K(175104K)
[7.496s][info][gc,metaspace   ] GC(7) Metaspace: 26014K(26496K)->26014K(26496K) NonClass: 23009K(23296K)->23009K(23296K) Class: 3005K(3200K)->3005K(3200K)
[7.496s][info][gc             ] GC(7) Pause Young (Allocation Failure) 84M->16M(247M) 9.124ms
[7.496s][info][gc,cpu         ] GC(7) User=0.01s Sys=0.01s Real=0.00s
[7.864s][info][gc,start       ] GC(8) Pause Young (Allocation Failure)
[7.872s][info][gc,heap        ] GC(8) PSYoungGen: 75798K(78336K)->2998K(148480K) Eden: 70144K(70144K)->0K(140288K) From: 5654K(8192K)->2998K(8192K)
[7.872s][info][gc,heap        ] GC(8) ParOldGen: 11035K(175104K)->14345K(175104K)
[7.872s][info][gc,metaspace   ] GC(8) Metaspace: 26260K(26688K)->26260K(26688K) NonClass: 23237K(23488K)->23237K(23488K) Class: 3023K(3200K)->3023K(3200K)
[7.872s][info][gc             ] GC(8) Pause Young (Allocation Failure) 84M->16M(316M) 8.505ms
[7.872s][info][gc,cpu         ] GC(8) User=0.01s Sys=0.01s Real=0.01s
[8.929s][info][gc,start       ] GC(9) Pause Young (Allocation Failure)
[8.950s][info][gc,heap        ] GC(9) PSYoungGen: 143286K(148480K)->8162K(148480K) Eden: 140288K(140288K)->0K(140288K) From: 2998K(8192K)->8162K(8192K)
[8.950s][info][gc,heap        ] GC(9) ParOldGen: 14345K(175104K)->18479K(175104K)
[8.950s][info][gc,metaspace   ] GC(9) Metaspace: 27983K(28416K)->27983K(28416K) NonClass: 24776K(25024K)->24776K(25024K) Class: 3206K(3392K)->3206K(3392K)
[8.950s][info][gc             ] GC(9) Pause Young (Allocation Failure) 153M->26M(316M) 21.406ms
[8.950s][info][gc,cpu         ] GC(9) User=0.04s Sys=0.01s Real=0.02s
[9.400s][info][gc,start       ] GC(10) Pause Young (Allocation Failure)
[9.436s][info][gc,heap        ] GC(10) PSYoungGen: 148450K(148480K)->11242K(229376K) Eden: 140288K(140288K)->0K(218112K) From: 8162K(8192K)->11242K(11264K)
[9.436s][info][gc,heap        ] GC(10) ParOldGen: 18479K(175104K)->33271K(175104K)
[9.436s][info][gc,metaspace   ] GC(10) Metaspace: 28016K(28416K)->28016K(28416K) NonClass: 24798K(25024K)->24798K(25024K) Class: 3217K(3392K)->3217K(3392K)
[9.436s][info][gc             ] GC(10) Pause Young (Allocation Failure) 163M->43M(395M) 35.666ms
[9.436s][info][gc,cpu         ] GC(10) User=0.05s Sys=0.02s Real=0.03s
[10.193s][info][gc,start       ] GC(11) Pause Young (Allocation Failure)
[10.272s][info][gc,heap        ] GC(11) PSYoungGen: 229354K(229376K)->17912K(236032K) Eden: 218112K(218112K)->0K(218112K) From: 11242K(11264K)->17912K(17920K)
[10.272s][info][gc,heap        ] GC(11) ParOldGen: 33271K(175104K)->53083K(175104K)
[10.272s][info][gc,metaspace   ] GC(11) Metaspace: 28079K(28480K)->28079K(28480K) NonClass: 24855K(25088K)->24855K(25088K) Class: 3224K(3392K)->3224K(3392K)
[10.272s][info][gc             ] GC(11) Pause Young (Allocation Failure) 256M->69M(401M) 78.682ms
[10.272s][info][gc,cpu         ] GC(11) User=0.13s Sys=0.03s Real=0.08s
[10.923s][info][gc,start       ] GC(12) Pause Young (Allocation Failure)
[10.983s][info][gc,heap        ] GC(12) PSYoungGen: 236024K(236032K)->27392K(296448K) Eden: 218112K(218112K)->0K(268288K) From: 17912K(17920K)->27392K(28160K)
[10.983s][info][gc,heap        ] GC(12) ParOldGen: 53083K(175104K)->69435K(175104K)
[10.984s][info][gc,metaspace   ] GC(12) Metaspace: 28080K(28480K)->28080K(28480K) NonClass: 24856K(25088K)->24856K(25088K) Class: 3224K(3392K)->3224K(3392K)
[10.984s][info][gc             ] GC(12) Pause Young (Allocation Failure) 282M->94M(460M) 60.346ms
[10.984s][info][gc,cpu         ] GC(12) User=0.08s Sys=0.04s Real=0.06s
[14.054s][info][gc,start       ] GC(13) Pause Young (Allocation Failure)
[14.116s][info][gc,heap        ] GC(13) PSYoungGen: 295680K(296448K)->20635K(289280K) Eden: 268288K(268288K)->0K(268288K) From: 27392K(28160K)->20635K(20992K)
[14.116s][info][gc,heap        ] GC(13) ParOldGen: 69435K(175104K)->97020K(175104K)
[14.116s][info][gc,metaspace   ] GC(13) Metaspace: 28656K(29056K)->28656K(29056K) NonClass: 25391K(25600K)->25391K(25600K) Class: 3264K(3456K)->3264K(3456K)
[14.116s][info][gc             ] GC(13) Pause Young (Allocation Failure) 356M->114M(453M) 62.804ms
[14.116s][info][gc,cpu         ] GC(13) User=0.09s Sys=0.04s Real=0.06s
[16.518s][info][gc,start       ] GC(14) Pause Young (Allocation Failure)
[16.568s][info][gc,heap        ] GC(14) PSYoungGen: 288923K(289280K)->26202K(294912K) Eden: 268288K(268288K)->0K(261120K) From: 20635K(20992K)->26202K(33792K)
[16.568s][info][gc,heap        ] GC(14) ParOldGen: 97020K(175104K)->117668K(175104K)
[16.569s][info][gc,metaspace   ] GC(14) Metaspace: 28719K(29120K)->28719K(29120K) NonClass: 25450K(25664K)->25450K(25664K) Class: 3268K(3456K)->3268K(3456K)
[16.569s][info][gc             ] GC(14) Pause Young (Allocation Failure) 376M->140M(459M) 50.042ms
[16.569s][info][gc,cpu         ] GC(14) User=0.09s Sys=0.01s Real=0.05s
[18.523s][info][gc,start       ] GC(15) Pause Young (Allocation Failure)
[18.574s][info][gc,heap        ] GC(15) PSYoungGen: 287322K(294912K)->23413K(284672K) Eden: 261120K(261120K)->0K(261120K) From: 26202K(33792K)->23413K(23552K)
[18.574s][info][gc,heap        ] GC(15) ParOldGen: 117668K(175104K)->143809K(175104K)
[18.575s][info][gc,metaspace   ] GC(15) Metaspace: 28774K(29184K)->28774K(29184K) NonClass: 25505K(25728K)->25505K(25728K) Class: 3268K(3456K)->3268K(3456K)
[18.575s][info][gc             ] GC(15) Pause Young (Allocation Failure) 395M->163M(449M) 51.951ms
[18.575s][info][gc,cpu         ] GC(15) User=0.09s Sys=0.01s Real=0.05s
[20.091s][info][gc,start       ] GC(16) Pause Young (Allocation Failure)
[20.153s][info][gc,heap        ] GC(16) PSYoungGen: 284533K(284672K)->33009K(287744K) Eden: 261120K(261120K)->0K(249856K) From: 23413K(23552K)->33009K(37888K)
[20.153s][info][gc,heap        ] GC(16) ParOldGen: 143809K(175104K)->167283K(175104K)
[20.153s][info][gc,metaspace   ] GC(16) Metaspace: 28859K(29312K)->28859K(29312K) NonClass: 25583K(25856K)->25583K(25856K) Class: 3276K(3456K)->3276K(3456K)
[20.153s][info][gc             ] GC(16) Pause Young (Allocation Failure) 418M->195M(452M) 62.082ms
[20.153s][info][gc,cpu         ] GC(16) User=0.10s Sys=0.02s Real=0.06s
[20.817s][info][gc,start       ] GC(17) Pause Young (Allocation Failure)
[20.886s][info][gc,heap        ] GC(17) PSYoungGen: 282865K(287744K)->31340K(281600K) Eden: 249856K(249856K)->0K(249856K) From: 33009K(37888K)->31340K(31744K)
[20.886s][info][gc,heap        ] GC(17) ParOldGen: 167283K(175104K)->200222K(200704K)
[20.886s][info][gc,metaspace   ] GC(17) Metaspace: 28860K(29312K)->28860K(29312K) NonClass: 25584K(25856K)->25584K(25856K) Class: 3276K(3456K)->3276K(3456K)
[20.886s][info][gc             ] GC(17) Pause Young (Allocation Failure) 439M->226M(471M) 69.441ms
[20.886s][info][gc,cpu         ] GC(17) User=0.11s Sys=0.02s Real=0.06s
[21.548s][info][gc,start       ] GC(18) Pause Young (Allocation Failure)
[21.623s][info][gc,heap        ] GC(18) PSYoungGen: 281196K(281600K)->31864K(284672K) Eden: 249856K(249856K)->0K(239616K) From: 31340K(31744K)->31864K(45056K)
[21.623s][info][gc,heap        ] GC(18) ParOldGen: 200222K(200704K)->230038K(230400K)
[21.623s][info][gc,metaspace   ] GC(18) Metaspace: 28861K(29312K)->28861K(29312K) NonClass: 25585K(25856K)->25585K(25856K) Class: 3276K(3456K)->3276K(3456K)
[21.623s][info][gc             ] GC(18) Pause Young (Allocation Failure) 470M->255M(503M) 74.591ms
[21.623s][info][gc,cpu         ] GC(18) User=0.10s Sys=0.04s Real=0.07s
[23.227s][info][gc,start       ] GC(19) Pause Young (Allocation Failure)
[23.285s][info][gc,heap        ] GC(19) PSYoungGen: 271480K(284672K)->15920K(286720K) Eden: 239616K(239616K)->0K(239616K) From: 31864K(45056K)->15920K(47104K)
[23.285s][info][gc,heap        ] GC(19) ParOldGen: 230038K(230400K)->261919K(262144K)
[23.285s][info][gc,metaspace   ] GC(19) Metaspace: 28873K(29312K)->28873K(29312K) NonClass: 25597K(25856K)->25597K(25856K) Class: 3276K(3456K)->3276K(3456K)
[23.285s][info][gc             ] GC(19) Pause Young (Allocation Failure) 489M->271M(536M) 58.037ms
[23.285s][info][gc,cpu         ] GC(19) User=0.09s Sys=0.03s Real=0.05s
[24.384s][info][gc,start       ] GC(20) Pause Young (Allocation Failure)
[24.413s][info][gc,heap        ] GC(20) PSYoungGen: 255536K(286720K)->11256K(284672K) Eden: 239616K(239616K)->0K(241664K) From: 15920K(47104K)->11256K(43008K)
[24.413s][info][gc,heap        ] GC(20) ParOldGen: 261919K(262144K)->277851K(278016K)
[24.413s][info][gc,metaspace   ] GC(20) Metaspace: 28913K(29312K)->28913K(29312K) NonClass: 25637K(25856K)->25637K(25856K) Class: 3276K(3456K)->3276K(3456K)
[24.413s][info][gc             ] GC(20) Pause Young (Allocation Failure) 505M->282M(549M) 28.745ms
[24.413s][info][gc,cpu         ] GC(20) User=0.04s Sys=0.01s Real=0.03s
[25.820s][info][gc,start       ] GC(21) Pause Young (Allocation Failure)
[25.829s][info][gc,heap        ] GC(21) PSYoungGen: 252920K(284672K)->2756K(285696K) Eden: 241664K(241664K)->0K(241664K) From: 11256K(43008K)->2756K(44032K)
[25.829s][info][gc,heap        ] GC(21) ParOldGen: 277851K(278016K)->282928K(283136K)
[25.829s][info][gc,metaspace   ] GC(21) Metaspace: 28921K(29312K)->28921K(29312K) NonClass: 25644K(25856K)->25644K(25856K) Class: 3276K(3456K)->3276K(3456K)
[25.829s][info][gc             ] GC(21) Pause Young (Allocation Failure) 518M->278M(555M) 8.656ms
[25.829s][info][gc,cpu         ] GC(21) User=0.01s Sys=0.00s Real=0.01s
[27.188s][info][gc,start       ] GC(22) Pause Young (Allocation Failure)
[27.214s][info][gc,heap        ] GC(22) PSYoungGen: 244420K(285696K)->22809K(288768K) Eden: 241664K(241664K)->0K(245760K) From: 2756K(44032K)->22809K(43008K)
[27.214s][info][gc,heap        ] GC(22) ParOldGen: 282928K(283136K)->285348K(285696K)
[27.214s][info][gc,metaspace   ] GC(22) Metaspace: 28931K(29312K)->28931K(29312K) NonClass: 25654K(25856K)->25654K(25856K) Class: 3276K(3456K)->3276K(3456K)
[27.214s][info][gc             ] GC(22) Pause Young (Allocation Failure) 514M->300M(561M) 25.616ms
[27.214s][info][gc,cpu         ] GC(22) User=0.04s Sys=0.01s Real=0.02s
[29.044s][info][gc,start       ] GC(23) Pause Young (Allocation Failure)
[29.093s][info][gc,heap        ] GC(23) PSYoungGen: 268569K(288768K)->27996K(273920K) Eden: 245760K(245760K)->0K(245760K) From: 22809K(43008K)->27996K(28160K)
[29.093s][info][gc,heap        ] GC(23) ParOldGen: 285348K(285696K)->308142K(308224K)
[29.093s][info][gc,metaspace   ] GC(23) Metaspace: 31452K(31872K)->31452K(31872K) NonClass: 27899K(28160K)->27899K(28160K) Class: 3553K(3712K)->3553K(3712K)
[29.093s][info][gc             ] GC(23) Pause Young (Allocation Failure) 540M->328M(568M) 49.356ms
[29.093s][info][gc,cpu         ] GC(23) User=0.08s Sys=0.01s Real=0.05s
[32.472s][info][gc,start       ] GC(24) Pause Young (Allocation Failure)
[32.510s][info][gc,heap        ] GC(24) PSYoungGen: 273756K(273920K)->13384K(290816K) Eden: 245760K(245760K)->0K(245760K) From: 27996K(28160K)->13384K(45056K)
[32.510s][info][gc,heap        ] GC(24) ParOldGen: 308142K(308224K)->330596K(330752K)
[32.510s][info][gc,metaspace   ] GC(24) Metaspace: 33859K(34304K)->33859K(34304K) NonClass: 30266K(30528K)->30266K(30528K) Class: 3593K(3776K)->3593K(3776K)
[32.510s][info][gc             ] GC(24) Pause Young (Allocation Failure) 568M->335M(607M) 38.189ms
[32.510s][info][gc,cpu         ] GC(24) User=0.06s Sys=0.01s Real=0.04s
[34.780s][info][gc,start       ] GC(25) Pause Young (Allocation Failure)
[34.802s][info][gc,heap        ] GC(25) PSYoungGen: 259144K(290816K)->17651K(263680K) Eden: 245760K(245760K)->0K(245760K) From: 13384K(45056K)->17651K(17920K)
[34.802s][info][gc,heap        ] GC(25) ParOldGen: 330596K(330752K)->331884K(332288K)
[34.802s][info][gc,metaspace   ] GC(25) Metaspace: 34130K(34496K)->34130K(34496K) NonClass: 30534K(30720K)->30534K(30720K) Class: 3595K(3776K)->3595K(3776K)
[34.802s][info][gc             ] GC(25) Pause Young (Allocation Failure) 575M->341M(582M) 22.279ms
[34.802s][info][gc,cpu         ] GC(25) User=0.04s Sys=0.00s Real=0.02s
[36.992s][info][gc,start       ] GC(26) Pause Young (Allocation Failure)
[37.006s][info][gc,heap        ] GC(26) PSYoungGen: 263411K(263680K)->4740K(286720K) Eden: 245760K(245760K)->0K(245760K) From: 17651K(17920K)->4740K(40960K)
[37.006s][info][gc,heap        ] GC(26) ParOldGen: 331884K(332288K)->333204K(333312K)
[37.006s][info][gc,metaspace   ] GC(26) Metaspace: 34219K(34624K)->34219K(34624K) NonClass: 30623K(30848K)->30623K(30848K) Class: 3596K(3776K)->3596K(3776K)
[37.006s][info][gc             ] GC(26) Pause Young (Allocation Failure) 581M->330M(605M) 14.432ms
[37.006s][info][gc,cpu         ] GC(26) User=0.03s Sys=0.00s Real=0.01s
[38.651s][info][gc,start       ] GC(27) Pause Full (CodeCache GC Threshold)
[38.651s][info][gc,phases,start] GC(27) Marking Phase
[38.715s][info][gc,phases      ] GC(27) Marking Phase 64.218ms
[38.715s][info][gc,phases,start] GC(27) Summary Phase
[38.715s][info][gc,phases      ] GC(27) Summary Phase 0.024ms
[38.715s][info][gc,phases,start] GC(27) Forward
[38.725s][info][gc,phases      ] GC(27) Forward 9.249ms
[38.725s][info][gc,phases,start] GC(27) Adjust Pointers
[38.758s][info][gc,phases      ] GC(27) Adjust Pointers 33.100ms
[38.758s][info][gc,phases,start] GC(27) Compaction Phase
[38.769s][info][gc,phases      ] GC(27) Compaction Phase 10.865ms
[38.769s][info][gc,phases,start] GC(27) Post Compact
[38.777s][info][gc,phases      ] GC(27) Post Compact 8.594ms
[38.777s][info][gc,heap        ] GC(27) PSYoungGen: 238069K(286720K)->0K(286720K) Eden: 233328K(245760K)->0K(245760K) From: 4740K(40960K)->0K(40960K)
[38.777s][info][gc,heap        ] GC(27) ParOldGen: 333204K(333312K)->51432K(333312K)
[38.777s][info][gc,metaspace   ] GC(27) Metaspace: 34260K(34624K)->34260K(34624K) NonClass: 30664K(30848K)->30664K(30848K) Class: 3596K(3776K)->3596K(3776K)
[38.777s][info][gc             ] GC(27) Pause Full (CodeCache GC Threshold) 557M->50M(605M) 126.498ms
[38.777s][info][gc,cpu         ] GC(27) User=0.17s Sys=0.01s Real=0.13s
[40.646s][info][gc,start       ] GC(28) Pause Young (Allocation Failure)
[40.669s][info][gc,heap        ] GC(28) PSYoungGen: 245760K(286720K)->25634K(286720K) Eden: 245760K(245760K)->0K(245760K) From: 0K(40960K)->25634K(40960K)
[40.669s][info][gc,heap        ] GC(28) ParOldGen: 51432K(333312K)->51432K(333312K)
[40.669s][info][gc,metaspace   ] GC(28) Metaspace: 34282K(34624K)->34282K(34624K) NonClass: 30686K(30848K)->30686K(30848K) Class: 3596K(3776K)->3596K(3776K)
[40.669s][info][gc             ] GC(28) Pause Young (Allocation Failure) 290M->75M(605M) 22.688ms
[40.669s][info][gc,cpu         ] GC(28) User=0.05s Sys=0.00s Real=0.03s
[42.421s][info][gc,start       ] GC(29) Pause Young (Allocation Failure)
[42.431s][info][gc,heap        ] GC(29) PSYoungGen: 271394K(286720K)->8172K(292352K) Eden: 245760K(245760K)->0K(251392K) From: 25634K(40960K)->8172K(40960K)
[42.431s][info][gc,heap        ] GC(29) ParOldGen: 51432K(333312K)->52872K(333312K)
[42.431s][info][gc,metaspace   ] GC(29) Metaspace: 34325K(34688K)->34325K(34688K) NonClass: 30729K(30912K)->30729K(30912K) Class: 3596K(3776K)->3596K(3776K)
[42.431s][info][gc             ] GC(29) Pause Young (Allocation Failure) 315M->59M(611M) 10.029ms
[42.431s][info][gc,cpu         ] GC(29) User=0.02s Sys=0.00s Real=0.01s
[43.987s][info][gc,start       ] GC(30) Pause Young (Allocation Failure)
[43.998s][info][gc,heap        ] GC(30) PSYoungGen: 259564K(292352K)->7584K(259072K) Eden: 251392K(251392K)->0K(251392K) From: 8172K(40960K)->7584K(7680K)
[43.998s][info][gc,heap        ] GC(30) ParOldGen: 52872K(333312K)->54293K(333312K)
[43.998s][info][gc,metaspace   ] GC(30) Metaspace: 34355K(34752K)->34355K(34752K) NonClass: 30758K(30976K)->30758K(30976K) Class: 3596K(3776K)->3596K(3776K)
[43.998s][info][gc             ] GC(30) Pause Young (Allocation Failure) 305M->60M(578M) 11.086ms
[43.998s][info][gc,cpu         ] GC(30) User=0.02s Sys=0.00s Real=0.01s
[45.461s][info][gc,start       ] GC(31) Pause Young (Allocation Failure)
[45.471s][info][gc,heap        ] GC(31) PSYoungGen: 258976K(259072K)->7499K(292864K) Eden: 251392K(251392K)->0K(252928K) From: 7584K(7680K)->7499K(39936K)
[45.471s][info][gc,heap        ] GC(31) ParOldGen: 54293K(333312K)->55488K(333312K)
[45.471s][info][gc,metaspace   ] GC(31) Metaspace: 34397K(34752K)->34397K(34752K) NonClass: 30801K(30976K)->30801K(30976K) Class: 3596K(3776K)->3596K(3776K)
[45.471s][info][gc             ] GC(31) Pause Young (Allocation Failure) 305M->61M(611M) 10.216ms
[45.471s][info][gc,cpu         ] GC(31) User=0.02s Sys=0.00s Real=0.01s
[47.013s][info][gc,start       ] GC(32) Pause Young (Allocation Failure)
[47.022s][info][gc,heap        ] GC(32) PSYoungGen: 260427K(292864K)->6898K(250368K) Eden: 252928K(252928K)->0K(243200K) From: 7499K(39936K)->6898K(7168K)
[47.022s][info][gc,heap        ] GC(32) ParOldGen: 55488K(333312K)->56683K(333312K)
[47.022s][info][gc,metaspace   ] GC(32) Metaspace: 34412K(34752K)->34412K(34752K) NonClass: 30816K(30976K)->30816K(30976K) Class: 3596K(3776K)->3596K(3776K)
[47.022s][info][gc             ] GC(32) Pause Young (Allocation Failure) 308M->62M(570M) 8.813ms
[47.022s][info][gc,cpu         ] GC(32) User=0.02s Sys=0.01s Real=0.01s
[48.228s][info][gc,start       ] GC(33) Pause Young (Allocation Failure)
[48.264s][info][gc,heap        ] GC(33) PSYoungGen: 250098K(250368K)->37856K(273408K) Eden: 243200K(243200K)->0K(235520K) From: 6898K(7168K)->37856K(37888K)
[48.264s][info][gc,heap        ] GC(33) ParOldGen: 56683K(333312K)->59934K(333312K)
[48.264s][info][gc,metaspace   ] GC(33) Metaspace: 34419K(34816K)->34419K(34816K) NonClass: 30822K(31040K)->30822K(31040K) Class: 3596K(3776K)->3596K(3776K)
[48.264s][info][gc             ] GC(33) Pause Young (Allocation Failure) 299M->95M(592M) 36.475ms
[48.264s][info][gc,cpu         ] GC(33) User=0.07s Sys=0.00s Real=0.03s
[49.990s][info][gc,start       ] GC(34) Pause Young (Allocation Failure)
[50.051s][info][gc,heap        ] GC(34) PSYoungGen: 273376K(273408K)->21011K(281088K) Eden: 235520K(235520K)->0K(235520K) From: 37856K(37888K)->21011K(45568K)
[50.051s][info][gc,heap        ] GC(34) ParOldGen: 59934K(333312K)->80496K(333312K)
[50.051s][info][gc,metaspace   ] GC(34) Metaspace: 34421K(34816K)->34421K(34816K) NonClass: 30825K(31040K)->30825K(31040K) Class: 3596K(3776K)->3596K(3776K)
[50.051s][info][gc             ] GC(34) Pause Young (Allocation Failure) 325M->99M(600M) 61.125ms
[50.051s][info][gc,cpu         ] GC(34) User=0.09s Sys=0.00s Real=0.06s
[51.566s][info][gc,start       ] GC(35) Pause Young (Allocation Failure)
[51.603s][info][gc,heap        ] GC(35) PSYoungGen: 256531K(281088K)->18728K(282112K) Eden: 235520K(235520K)->0K(243712K) From: 21011K(45568K)->18728K(38400K)
[51.603s][info][gc,heap        ] GC(35) ParOldGen: 80496K(333312K)->101524K(333312K)
[51.603s][info][gc,metaspace   ] GC(35) Metaspace: 34432K(34880K)->34432K(34880K) NonClass: 30835K(31104K)->30835K(31104K) Class: 3597K(3776K)->3597K(3776K)
[51.603s][info][gc             ] GC(35) Pause Young (Allocation Failure) 329M->117M(601M) 37.351ms
[51.603s][info][gc,cpu         ] GC(35) User=0.07s Sys=0.00s Real=0.04s
[53.220s][info][gc,start       ] GC(36) Pause Young (Allocation Failure)
[53.247s][info][gc,heap        ] GC(36) PSYoungGen: 262440K(282112K)->26142K(285696K) Eden: 243712K(243712K)->0K(243712K) From: 18728K(38400K)->26142K(41984K)
[53.247s][info][gc,heap        ] GC(36) ParOldGen: 101524K(333312K)->108360K(333312K)
[53.247s][info][gc,metaspace   ] GC(36) Metaspace: 35286K(35648K)->35286K(35648K) NonClass: 31602K(31808K)->31602K(31808K) Class: 3684K(3840K)->3684K(3840K)
[53.247s][info][gc             ] GC(36) Pause Young (Allocation Failure) 355M->131M(604M) 26.681ms
[53.247s][info][gc,cpu         ] GC(36) User=0.05s Sys=0.00s Real=0.03s
[54.309s][info][gc,start       ] GC(37) Pause Young (Allocation Failure)
[54.319s][info][gc,heap        ] GC(37) PSYoungGen: 269854K(285696K)->3564K(290816K) Eden: 243712K(243712K)->0K(247808K) From: 26142K(41984K)->3564K(43008K)
[54.319s][info][gc,heap        ] GC(37) ParOldGen: 108360K(333312K)->118284K(333312K)
[54.320s][info][gc,metaspace   ] GC(37) Metaspace: 35391K(35776K)->35391K(35776K) NonClass: 31707K(31936K)->31707K(31936K) Class: 3684K(3840K)->3684K(3840K)
[54.320s][info][gc             ] GC(37) Pause Young (Allocation Failure) 369M->118M(609M) 11.007ms
[54.320s][info][gc,cpu         ] GC(37) User=0.01s Sys=0.00s Real=0.01s
[55.354s][info][gc,start       ] GC(38) Pause Young (Allocation Failure)
[55.370s][info][gc,heap        ] GC(38) PSYoungGen: 251372K(290816K)->25546K(273408K) Eden: 247808K(247808K)->0K(247808K) From: 3564K(43008K)->25546K(25600K)
[55.370s][info][gc,heap        ] GC(38) ParOldGen: 118284K(333312K)->118667K(333312K)
[55.370s][info][gc,metaspace   ] GC(38) Metaspace: 35461K(35840K)->35461K(35840K) NonClass: 31777K(32000K)->31777K(32000K) Class: 3684K(3840K)->3684K(3840K)
[55.370s][info][gc             ] GC(38) Pause Young (Allocation Failure) 360M->140M(592M) 16.274ms
[55.370s][info][gc,cpu         ] GC(38) User=0.03s Sys=0.00s Real=0.02s
[56.323s][info][gc,start       ] GC(39) Pause Young (Allocation Failure)
[56.335s][info][gc,heap        ] GC(39) PSYoungGen: 273354K(273408K)->9088K(291328K) Eden: 247808K(247808K)->0K(247808K) From: 25546K(25600K)->9088K(43520K)
[56.335s][info][gc,heap        ] GC(39) ParOldGen: 118667K(333312K)->119366K(333312K)
[56.335s][info][gc,metaspace   ] GC(39) Metaspace: 35466K(35840K)->35466K(35840K) NonClass: 31782K(32000K)->31782K(32000K) Class: 3684K(3840K)->3684K(3840K)
[56.335s][info][gc             ] GC(39) Pause Young (Allocation Failure) 382M->125M(610M) 12.146ms
[56.335s][info][gc,cpu         ] GC(39) User=0.02s Sys=0.00s Real=0.01s
[57.282s][info][gc,start       ] GC(40) Pause Young (Allocation Failure)
[57.314s][info][gc,heap        ] GC(40) PSYoungGen: 256896K(291328K)->42494K(290304K) Eden: 247808K(247808K)->0K(247808K) From: 9088K(43520K)->42494K(42496K)
[57.314s][info][gc,heap        ] GC(40) ParOldGen: 119366K(333312K)->130490K(333312K)
[57.314s][info][gc,metaspace   ] GC(40) Metaspace: 35474K(35840K)->35474K(35840K) NonClass: 31790K(32000K)->31790K(32000K) Class: 3684K(3840K)->3684K(3840K)
[57.314s][info][gc             ] GC(40) Pause Young (Allocation Failure) 367M->168M(609M) 31.302ms
[57.314s][info][gc,cpu         ] GC(40) User=0.06s Sys=0.00s Real=0.03s
[58.237s][info][gc,start       ] GC(41) Pause Young (Allocation Failure)
[58.362s][info][gc,heap        ] GC(41) PSYoungGen: 290302K(290304K)->43501K(186880K) Eden: 247808K(247808K)->0K(143360K) From: 42494K(42496K)->43501K(43520K)
[58.362s][info][gc,heap        ] GC(41) ParOldGen: 130490K(333312K)->228919K(333312K)
[58.362s][info][gc,metaspace   ] GC(41) Metaspace: 35475K(35840K)->35475K(35840K) NonClass: 31791K(32000K)->31791K(32000K) Class: 3684K(3840K)->3684K(3840K)
[58.362s][info][gc             ] GC(41) Pause Young (Allocation Failure) 410M->266M(508M) 125.094ms
[58.362s][info][gc,cpu         ] GC(41) User=0.25s Sys=0.01s Real=0.12s
[58.881s][info][gc,start       ] GC(42) Pause Young (Allocation Failure)
[58.915s][info][gc,heap        ] GC(42) PSYoungGen: 186861K(186880K)->7508K(238592K) Eden: 143360K(143360K)->0K(143360K) From: 43501K(43520K)->7508K(95232K)
[58.915s][info][gc,heap        ] GC(42) ParOldGen: 228919K(333312K)->264306K(333312K)
[58.915s][info][gc,metaspace   ] GC(42) Metaspace: 35482K(35840K)->35482K(35840K) NonClass: 31797K(32000K)->31797K(32000K) Class: 3684K(3840K)->3684K(3840K)
[58.915s][info][gc             ] GC(42) Pause Young (Allocation Failure) 406M->265M(558M) 33.760ms
[58.915s][info][gc,cpu         ] GC(42) User=0.06s Sys=0.00s Real=0.03s
[59.462s][info][gc,start       ] GC(43) Pause Young (Allocation Failure)
[59.466s][info][gc,heap        ] GC(43) PSYoungGen: 150868K(238592K)->3234K(233472K) Eden: 143360K(143360K)->0K(145408K) From: 7508K(95232K)->3234K(88064K)
[59.466s][info][gc,heap        ] GC(43) ParOldGen: 264306K(333312K)->264920K(333312K)
[59.466s][info][gc,metaspace   ] GC(43) Metaspace: 35488K(35840K)->35488K(35840K) NonClass: 31802K(32000K)->31802K(32000K) Class: 3686K(3840K)->3686K(3840K)
[59.466s][info][gc             ] GC(43) Pause Young (Allocation Failure) 405M->261M(553M) 4.636ms
[59.466s][info][gc,cpu         ] GC(43) User=0.01s Sys=0.01s Real=0.00s
[60.028s][info][gc,start       ] GC(44) Pause Young (Allocation Failure)
[60.038s][info][gc,heap        ] GC(44) PSYoungGen: 148642K(233472K)->13373K(237056K) Eden: 145408K(145408K)->0K(145408K) From: 3234K(88064K)->13373K(91648K)
[60.038s][info][gc,heap        ] GC(44) ParOldGen: 264920K(333312K)->265449K(333312K)
[60.038s][info][gc,metaspace   ] GC(44) Metaspace: 35493K(35840K)->35493K(35840K) NonClass: 31807K(32000K)->31807K(32000K) Class: 3686K(3840K)->3686K(3840K)
[60.038s][info][gc             ] GC(44) Pause Young (Allocation Failure) 403M->272M(557M) 10.309ms
[60.038s][info][gc,cpu         ] GC(44) User=0.02s Sys=0.00s Real=0.01s
[60.538s][info][gc,start       ] GC(45) Pause Young (Allocation Failure)
[60.546s][info][gc,heap        ] GC(45) PSYoungGen: 158781K(237056K)->7942K(236544K) Eden: 145408K(145408K)->0K(154624K) From: 13373K(91648K)->7942K(81920K)
[60.546s][info][gc,heap        ] GC(45) ParOldGen: 265449K(333312K)->266074K(333312K)
[60.546s][info][gc,metaspace   ] GC(45) Metaspace: 35501K(35840K)->35501K(35840K) NonClass: 31815K(32000K)->31815K(32000K) Class: 3686K(3840K)->3686K(3840K)
[60.546s][info][gc             ] GC(45) Pause Young (Allocation Failure) 414M->267M(556M) 8.445ms
[60.546s][info][gc,cpu         ] GC(45) User=0.01s Sys=0.00s Real=0.00s
[61.043s][info][gc,start       ] GC(46) Pause Young (Allocation Failure)
[61.047s][info][gc,heap        ] GC(46) PSYoungGen: 162566K(236544K)->2827K(239104K) Eden: 154624K(154624K)->0K(154624K) From: 7942K(81920K)->2827K(84480K)
[61.047s][info][gc,heap        ] GC(46) ParOldGen: 266074K(333312K)->266749K(333312K)
[61.047s][info][gc,metaspace   ] GC(46) Metaspace: 35501K(35840K)->35501K(35840K) NonClass: 31815K(32000K)->31815K(32000K) Class: 3686K(3840K)->3686K(3840K)
[61.047s][info][gc             ] GC(46) Pause Young (Allocation Failure) 418M->263M(559M) 3.913ms
[61.047s][info][gc,cpu         ] GC(46) User=0.01s Sys=0.00s Real=0.01s
[61.580s][info][gc,start       ] GC(47) Pause Young (Allocation Failure)
[61.601s][info][gc,heap        ] GC(47) PSYoungGen: 157451K(239104K)->32184K(245248K) Eden: 154624K(154624K)->0K(167424K) From: 2827K(84480K)->32184K(77824K)
[61.601s][info][gc,heap        ] GC(47) ParOldGen: 266749K(333312K)->267076K(333312K)
[61.601s][info][gc,metaspace   ] GC(47) Metaspace: 35501K(35840K)->35501K(35840K) NonClass: 31815K(32000K)->31815K(32000K) Class: 3686K(3840K)->3686K(3840K)
[61.601s][info][gc             ] GC(47) Pause Young (Allocation Failure) 414M->292M(565M) 20.667ms
[61.601s][info][gc,cpu         ] GC(47) User=0.04s Sys=0.00s Real=0.02s
[62.187s][info][gc,start       ] GC(48) Pause Young (Allocation Failure)
[62.196s][info][gc,heap        ] GC(48) PSYoungGen: 199608K(245248K)->14199K(247296K) Eden: 167424K(167424K)->0K(167424K) From: 32184K(77824K)->14199K(79872K)
[62.197s][info][gc,heap        ] GC(48) ParOldGen: 267076K(333312K)->267427K(333312K)
[62.197s][info][gc,metaspace   ] GC(48) Metaspace: 35503K(35840K)->35503K(35840K) NonClass: 31817K(32000K)->31817K(32000K) Class: 3686K(3840K)->3686K(3840K)
[62.197s][info][gc             ] GC(48) Pause Young (Allocation Failure) 455M->275M(567M) 9.271ms
[62.197s][info][gc,cpu         ] GC(48) User=0.02s Sys=0.00s Real=0.00s
[62.715s][info][gc,start       ] GC(49) Pause Young (Allocation Failure)
[62.728s][info][gc,heap        ] GC(49) PSYoungGen: 181623K(247296K)->9105K(249856K) Eden: 167424K(167424K)->0K(178176K) From: 14199K(79872K)->9105K(71680K)
[62.728s][info][gc,heap        ] GC(49) ParOldGen: 267427K(333312K)->279993K(333312K)
[62.728s][info][gc,metaspace   ] GC(49) Metaspace: 35553K(35904K)->35553K(35904K) NonClass: 31862K(32064K)->31862K(32064K) Class: 3690K(3840K)->3690K(3840K)
[62.728s][info][gc             ] GC(49) Pause Young (Allocation Failure) 438M->282M(569M) 13.455ms
[62.728s][info][gc,cpu         ] GC(49) User=0.03s Sys=0.00s Real=0.02s
[63.268s][info][gc,start       ] GC(50) Pause Young (Allocation Failure)
[63.281s][info][gc,heap        ] GC(50) PSYoungGen: 187281K(249856K)->605K(250880K) Eden: 178176K(178176K)->0K(178176K) From: 9105K(71680K)->605K(72704K)
[63.281s][info][gc,heap        ] GC(50) ParOldGen: 279993K(333312K)->288300K(333312K)
[63.281s][info][gc,metaspace   ] GC(50) Metaspace: 35555K(35904K)->35555K(35904K) NonClass: 31864K(32064K)->31864K(32064K) Class: 3690K(3840K)->3690K(3840K)
[63.281s][info][gc             ] GC(50) Pause Young (Allocation Failure) 456M->282M(570M) 12.852ms
[63.281s][info][gc,cpu         ] GC(50) User=0.02s Sys=0.00s Real=0.01s
[63.859s][info][gc,start       ] GC(51) Pause Young (Allocation Failure)
[63.865s][info][gc,heap        ] GC(51) PSYoungGen: 178781K(250880K)->4889K(255488K) Eden: 178176K(178176K)->0K(189952K) From: 605K(72704K)->4889K(65536K)
[63.865s][info][gc,heap        ] GC(51) ParOldGen: 288300K(333312K)->288324K(333312K)
[63.865s][info][gc,metaspace   ] GC(51) Metaspace: 35943K(36352K)->35943K(36352K) NonClass: 32153K(32384K)->32153K(32384K) Class: 3789K(3968K)->3789K(3968K)
[63.865s][info][gc             ] GC(51) Pause Young (Allocation Failure) 456M->286M(575M) 5.731ms
[63.865s][info][gc,cpu         ] GC(51) User=0.01s Sys=0.00s Real=0.00s
[64.246s][info][gc,start       ] GC(52) Pause Young (Allocation Failure)
[64.250s][info][gc,heap        ] GC(52) PSYoungGen: 194841K(255488K)->2254K(258048K) Eden: 189952K(189952K)->0K(189952K) From: 4889K(65536K)->2254K(68096K)
[64.250s][info][gc,heap        ] GC(52) ParOldGen: 288324K(333312K)->290797K(333312K)
[64.250s][info][gc,metaspace   ] GC(52) Metaspace: 35969K(36352K)->35969K(36352K) NonClass: 32179K(32384K)->32179K(32384K) Class: 3789K(3968K)->3789K(3968K)
[64.250s][info][gc             ] GC(52) Pause Young (Allocation Failure) 471M->286M(577M) 4.538ms
[64.250s][info][gc,cpu         ] GC(52) User=0.00s Sys=0.00s Real=0.01s
[64.611s][info][gc,start       ] GC(53) Pause Young (Allocation Failure)
[64.613s][info][gc,heap        ] GC(53) PSYoungGen: 192206K(258048K)->1333K(261632K) Eden: 189952K(189952K)->0K(200192K) From: 2254K(68096K)->1333K(61440K)
[64.613s][info][gc,heap        ] GC(53) ParOldGen: 290797K(333312K)->290893K(333312K)
[64.613s][info][gc,metaspace   ] GC(53) Metaspace: 35990K(36352K)->35990K(36352K) NonClass: 32200K(32384K)->32200K(32384K) Class: 3789K(3968K)->3789K(3968K)
[64.613s][info][gc             ] GC(53) Pause Young (Allocation Failure) 471M->285M(581M) 2.623ms
[64.613s][info][gc,cpu         ] GC(53) User=0.01s Sys=0.00s Real=0.00s
[65.200s][info][gc,start       ] GC(54) Pause Young (Allocation Failure)
[65.208s][info][gc,heap        ] GC(54) PSYoungGen: 201525K(261632K)->10292K(263680K) Eden: 200192K(200192K)->0K(200192K) From: 1333K(61440K)->10292K(63488K)
[65.208s][info][gc,heap        ] GC(54) ParOldGen: 290893K(333312K)->291137K(333312K)
[65.208s][info][gc,metaspace   ] GC(54) Metaspace: 36582K(36928K)->36582K(36928K) NonClass: 32730K(32896K)->32730K(32896K) Class: 3852K(4032K)->3852K(4032K)
[65.208s][info][gc             ] GC(54) Pause Young (Allocation Failure) 480M->294M(583M) 8.292ms
[65.208s][info][gc,cpu         ] GC(54) User=0.01s Sys=0.00s Real=0.01s
[65.627s][info][gc,start       ] GC(55) Pause Young (Allocation Failure)
[65.645s][info][gc,heap        ] GC(55) PSYoungGen: 209371K(263680K)->2197K(268288K) Eden: 199079K(200192K)->0K(210944K) From: 10292K(63488K)->2197K(57344K)
[65.645s][info][gc,heap        ] GC(55) ParOldGen: 291137K(333312K)->301183K(333312K)
[65.645s][info][gc,metaspace   ] GC(55) Metaspace: 38070K(38400K)->38070K(38400K) NonClass: 34062K(34240K)->34062K(34240K) Class: 4007K(4160K)->4007K(4160K)
[65.645s][info][gc             ] GC(55) Pause Young (Allocation Failure) 488M->296M(587M) 17.428ms
[65.645s][info][gc,cpu         ] GC(55) User=0.04s Sys=0.00s Real=0.01s
[65.981s][info][gc,start       ] GC(56) Pause Young (Allocation Failure)
[65.988s][info][gc,heap        ] GC(56) PSYoungGen: 212050K(268288K)->1456K(267776K) Eden: 209853K(210944K)->0K(210944K) From: 2197K(57344K)->1456K(56832K)
[65.988s][info][gc,heap        ] GC(56) ParOldGen: 301183K(333312K)->303328K(333312K)
[65.988s][info][gc,metaspace   ] GC(56) Metaspace: 38169K(38528K)->38169K(38528K) NonClass: 34162K(34368K)->34162K(34368K) Class: 4007K(4160K)->4007K(4160K)
[65.988s][info][gc             ] GC(56) Pause Young (Allocation Failure) 501M->297M(587M) 7.630ms
[65.988s][info][gc,cpu         ] GC(56) User=0.01s Sys=0.00s Real=0.01s
[66.284s][info][gc,start       ] GC(57) Pause Young (Allocation Failure)
[66.291s][info][gc,heap        ] GC(57) PSYoungGen: 211391K(267776K)->2047K(274432K) Eden: 209935K(210944K)->0K(222208K) From: 1456K(56832K)->2047K(52224K)
[66.291s][info][gc,heap        ] GC(57) ParOldGen: 303328K(333312K)->304707K(333312K)
[66.291s][info][gc,metaspace   ] GC(57) Metaspace: 38210K(38592K)->38210K(38592K) NonClass: 34203K(34432K)->34203K(34432K) Class: 4007K(4160K)->4007K(4160K)
[66.291s][info][gc             ] GC(57) Pause Young (Allocation Failure) 502M->299M(593M) 7.140ms
[66.291s][info][gc,cpu         ] GC(57) User=0.01s Sys=0.00s Real=0.01s
[66.665s][info][gc,start       ] GC(58) Pause Young (Allocation Failure)
[66.675s][info][gc,heap        ] GC(58) PSYoungGen: 224255K(274432K)->8494K(273920K) Eden: 222208K(222208K)->0K(222208K) From: 2047K(52224K)->8494K(51712K)
[66.675s][info][gc,heap        ] GC(58) ParOldGen: 304707K(333312K)->306705K(333312K)
[66.675s][info][gc,metaspace   ] GC(58) Metaspace: 38342K(38720K)->38342K(38720K) NonClass: 34334K(34560K)->34334K(34560K) Class: 4007K(4160K)->4007K(4160K)
[66.675s][info][gc             ] GC(58) Pause Young (Allocation Failure) 516M->307M(593M) 9.577ms
[66.675s][info][gc,cpu         ] GC(58) User=0.02s Sys=0.00s Real=0.01s
[67.127s][info][gc,start       ] GC(59) Pause Young (Allocation Failure)
[67.152s][info][gc,heap        ] GC(59) PSYoungGen: 230702K(273920K)->7983K(278528K) Eden: 222208K(222208K)->0K(233472K) From: 8494K(51712K)->7983K(45056K)
[67.152s][info][gc,heap        ] GC(59) ParOldGen: 306705K(333312K)->313331K(333312K)
[67.152s][info][gc,metaspace   ] GC(59) Metaspace: 38390K(38720K)->38390K(38720K) NonClass: 34383K(34560K)->34383K(34560K) Class: 4007K(4160K)->4007K(4160K)
[67.152s][info][gc             ] GC(59) Pause Young (Allocation Failure) 524M->313M(597M) 25.888ms
[67.152s][info][gc,cpu         ] GC(59) User=0.04s Sys=0.00s Real=0.03s
[67.514s][info][gc,start       ] GC(60) Pause Young (Allocation Failure)
[67.540s][info][gc,heap        ] GC(60) PSYoungGen: 240008K(278528K)->4640K(278016K) Eden: 232024K(233472K)->0K(233472K) From: 7983K(45056K)->4640K(44544K)
[67.541s][info][gc,heap        ] GC(60) ParOldGen: 313331K(333312K)->321394K(333312K)
[67.541s][info][gc,metaspace   ] GC(60) Metaspace: 38406K(38720K)->38406K(38720K) NonClass: 34398K(34560K)->34398K(34560K) Class: 4007K(4160K)->4007K(4160K)
[67.541s][info][gc             ] GC(60) Pause Young (Allocation Failure) 540M->318M(597M) 26.608ms
[67.541s][info][gc,cpu         ] GC(60) User=0.05s Sys=0.00s Real=0.03s
[68.891s][info][gc,start       ] GC(61) Pause Young (Allocation Failure)
[68.909s][info][gc,heap        ] GC(61) PSYoungGen: 238112K(278016K)->12799K(286720K) Eden: 233472K(233472K)->0K(246784K) From: 4640K(44544K)->12799K(39936K)
[68.909s][info][gc,heap        ] GC(61) ParOldGen: 321394K(333312K)->325978K(333312K)
[68.910s][info][gc,metaspace   ] GC(61) Metaspace: 39253K(39616K)->39253K(39616K) NonClass: 35136K(35328K)->35136K(35328K) Class: 4117K(4288K)->4117K(4288K)
[68.910s][info][gc             ] GC(61) Pause Young (Allocation Failure) 546M->330M(605M) 18.435ms
[68.910s][info][gc,cpu         ] GC(61) User=0.03s Sys=0.00s Real=0.02s
[70.055s][info][gc,start       ] GC(62) Pause Young (Allocation Failure)
[70.071s][info][gc,heap        ] GC(62) PSYoungGen: 259583K(286720K)->3916K(286720K) Eden: 246784K(246784K)->0K(246784K) From: 12799K(39936K)->3916K(39936K)
[70.071s][info][gc,heap        ] GC(62) ParOldGen: 325978K(333312K)->337653K(337920K)
[70.071s][info][gc,metaspace   ] GC(62) Metaspace: 39427K(39744K)->39427K(39744K) NonClass: 35296K(35456K)->35296K(35456K) Class: 4131K(4288K)->4131K(4288K)
[70.071s][info][gc             ] GC(62) Pause Young (Allocation Failure) 571M->333M(610M) 15.927ms
[70.071s][info][gc,cpu         ] GC(62) User=0.02s Sys=0.00s Real=0.02s
[70.784s][info][gc,start       ] GC(63) Pause Young (Allocation Failure)
[70.788s][info][gc,heap        ] GC(63) PSYoungGen: 250700K(286720K)->2572K(291328K) Eden: 246784K(246784K)->0K(255488K) From: 3916K(39936K)->2572K(35840K)
[70.788s][info][gc,heap        ] GC(63) ParOldGen: 337653K(337920K)->337903K(337920K)
[70.788s][info][gc,metaspace   ] GC(63) Metaspace: 39444K(39744K)->39444K(39744K) NonClass: 35312K(35456K)->35312K(35456K) Class: 4131K(4288K)->4131K(4288K)
[70.788s][info][gc             ] GC(63) Pause Young (Allocation Failure) 574M->332M(614M) 4.525ms
[70.788s][info][gc,cpu         ] GC(63) User=0.01s Sys=0.00s Real=0.01s
[71.528s][info][gc,start       ] GC(64) Pause Young (Allocation Failure)
[71.532s][info][gc,heap        ] GC(64) PSYoungGen: 258060K(291328K)->3556K(291840K) Eden: 255488K(255488K)->0K(255488K) From: 2572K(35840K)->3556K(36352K)
[71.532s][info][gc,heap        ] GC(64) ParOldGen: 337903K(337920K)->337911K(337920K)
[71.532s][info][gc,metaspace   ] GC(64) Metaspace: 39455K(39808K)->39455K(39808K) NonClass: 35323K(35520K)->35323K(35520K) Class: 4132K(4288K)->4132K(4288K)
[71.532s][info][gc             ] GC(64) Pause Young (Allocation Failure) 581M->333M(615M) 4.580ms
[71.532s][info][gc,cpu         ] GC(64) User=0.01s Sys=0.00s Real=0.00s
[73.098s][info][gc,start       ] GC(65) Pause Young (Allocation Failure)
[73.105s][info][gc,heap        ] GC(65) PSYoungGen: 259044K(291840K)->6994K(293376K) Eden: 255488K(255488K)->0K(262656K) From: 3556K(36352K)->6994K(30720K)
[73.105s][info][gc,heap        ] GC(65) ParOldGen: 337911K(337920K)->337978K(338432K)
[73.105s][info][gc,metaspace   ] GC(65) Metaspace: 40342K(40704K)->40342K(40704K) NonClass: 36045K(36224K)->36045K(36224K) Class: 4296K(4480K)->4296K(4480K)
[73.105s][info][gc             ] GC(65) Pause Young (Allocation Failure) 582M->336M(617M) 6.623ms
[73.105s][info][gc,cpu         ] GC(65) User=0.01s Sys=0.00s Real=0.00s
[74.832s][info][gc,start       ] GC(66) Pause Young (Allocation Failure)
[74.840s][info][gc,heap        ] GC(66) PSYoungGen: 269650K(293376K)->3122K(294912K) Eden: 262656K(262656K)->0K(262656K) From: 6994K(30720K)->3122K(32256K)
[74.840s][info][gc,heap        ] GC(66) ParOldGen: 337978K(338432K)->338226K(338432K)
[74.840s][info][gc,metaspace   ] GC(66) Metaspace: 40544K(40896K)->40544K(40896K) NonClass: 36237K(36416K)->36237K(36416K) Class: 4307K(4480K)->4307K(4480K)
[74.840s][info][gc             ] GC(66) Pause Young (Allocation Failure) 593M->333M(618M) 7.959ms
[74.840s][info][gc,cpu         ] GC(66) User=0.01s Sys=0.00s Real=0.01s
[76.242s][info][gc,start       ] GC(67) Pause Young (Allocation Failure)
[76.271s][info][gc,heap        ] GC(67) PSYoungGen: 265778K(294912K)->17924K(300032K) Eden: 262656K(262656K)->0K(269312K) From: 3122K(32256K)->17924K(30720K)
[76.271s][info][gc,heap        ] GC(67) ParOldGen: 338226K(338432K)->341045K(341504K)
[76.271s][info][gc,metaspace   ] GC(67) Metaspace: 40890K(41280K)->40890K(41280K) NonClass: 36551K(36800K)->36551K(36800K) Class: 4339K(4480K)->4339K(4480K)
[76.271s][info][gc             ] GC(67) Pause Young (Allocation Failure) 589M->350M(626M) 28.508ms
[76.271s][info][gc,cpu         ] GC(67) User=0.06s Sys=0.00s Real=0.03s
[77.207s][info][gc,start       ] GC(68) Pause Young (Allocation Failure)
[77.261s][info][gc,heap        ] GC(68) PSYoungGen: 287236K(300032K)->30796K(300544K) Eden: 269312K(269312K)->0K(269312K) From: 17924K(30720K)->30796K(31232K)
[77.261s][info][gc,heap        ] GC(68) ParOldGen: 341045K(341504K)->358571K(358912K)
[77.261s][info][gc,metaspace   ] GC(68) Metaspace: 40912K(41280K)->40912K(41280K) NonClass: 36572K(36800K)->36572K(36800K) Class: 4339K(4480K)->4339K(4480K)
[77.261s][info][gc             ] GC(68) Pause Young (Allocation Failure) 613M->380M(644M) 54.141ms
[77.261s][info][gc,cpu         ] GC(68) User=0.10s Sys=0.02s Real=0.05s
[78.181s][info][gc,start       ] GC(69) Pause Young (Allocation Failure)
[78.256s][info][gc,heap        ] GC(69) PSYoungGen: 300108K(300544K)->31404K(281088K) Eden: 269312K(269312K)->0K(247808K) From: 30796K(31232K)->31404K(33280K)
[78.256s][info][gc,heap        ] GC(69) ParOldGen: 358571K(358912K)->387811K(388096K)
[78.256s][info][gc,metaspace   ] GC(69) Metaspace: 40920K(41344K)->40920K(41344K) NonClass: 36581K(36864K)->36581K(36864K) Class: 4339K(4480K)->4339K(4480K)
[78.256s][info][gc             ] GC(69) Pause Young (Allocation Failure) 643M->409M(653M) 75.382ms
[78.256s][info][gc,cpu         ] GC(69) User=0.11s Sys=0.03s Real=0.07s
[82.596s][info][gc,start       ] GC(70) Pause Young (Allocation Failure)
[82.656s][info][gc,heap        ] GC(70) PSYoungGen: 279212K(281088K)->17446K(290816K) Eden: 247808K(247808K)->0K(247808K) From: 31404K(33280K)->17446K(43008K)
[82.656s][info][gc,heap        ] GC(70) ParOldGen: 387811K(388096K)->419156K(419328K)
[82.656s][info][gc,metaspace   ] GC(70) Metaspace: 40969K(41344K)->40969K(41344K) NonClass: 36630K(36864K)->36630K(36864K) Class: 4339K(4480K)->4339K(4480K)
[82.656s][info][gc             ] GC(70) Pause Young (Allocation Failure) 651M->426M(693M) 59.740ms
[82.656s][info][gc,cpu         ] GC(70) User=0.09s Sys=0.02s Real=0.06s
[83.461s][info][gc,start       ] GC(71) Pause Full (CodeCache GC Threshold)
[83.461s][info][gc,phases,start] GC(71) Marking Phase
[83.536s][info][gc,phases      ] GC(71) Marking Phase 74.448ms
[83.536s][info][gc,phases,start] GC(71) Summary Phase
[83.536s][info][gc,phases      ] GC(71) Summary Phase 0.028ms
[83.536s][info][gc,phases,start] GC(71) Forward
[83.543s][info][gc,phases      ] GC(71) Forward 7.252ms
[83.543s][info][gc,phases,start] GC(71) Adjust Pointers
[83.578s][info][gc,phases      ] GC(71) Adjust Pointers 34.818ms
[83.578s][info][gc,phases,start] GC(71) Compaction Phase
[83.586s][info][gc,phases      ] GC(71) Compaction Phase 7.399ms
[83.586s][info][gc,phases,start] GC(71) Post Compact
[83.590s][info][gc,phases      ] GC(71) Post Compact 4.188ms
[83.590s][info][gc,heap        ] GC(71) PSYoungGen: 193374K(290816K)->0K(290816K) Eden: 175927K(247808K)->0K(247808K) From: 17446K(43008K)->0K(43008K)
[83.590s][info][gc,heap        ] GC(71) ParOldGen: 419156K(419328K)->37478K(419328K)
[83.590s][info][gc,metaspace   ] GC(71) Metaspace: 41144K(41536K)->41144K(41536K) NonClass: 36805K(37056K)->36805K(37056K) Class: 4339K(4480K)->4339K(4480K)
[83.590s][info][gc             ] GC(71) Pause Full (CodeCache GC Threshold) 598M->36M(693M) 128.832ms
[83.590s][info][gc,cpu         ] GC(71) User=0.15s Sys=0.01s Real=0.13s
[84.250s][info][gc,start       ] GC(72) Pause Young (Allocation Failure)
[84.275s][info][gc,heap        ] GC(72) PSYoungGen: 247808K(290816K)->25750K(288256K) Eden: 247808K(247808K)->0K(246784K) From: 0K(43008K)->25750K(41472K)
[84.275s][info][gc,heap        ] GC(72) ParOldGen: 37478K(419328K)->37486K(419328K)
[84.275s][info][gc,metaspace   ] GC(72) Metaspace: 41194K(41536K)->41194K(41536K) NonClass: 36854K(37056K)->36854K(37056K) Class: 4339K(4480K)->4339K(4480K)
[84.275s][info][gc             ] GC(72) Pause Young (Allocation Failure) 278M->61M(691M) 24.847ms
[84.275s][info][gc,cpu         ] GC(72) User=0.05s Sys=0.00s Real=0.02s
[84.900s][info][gc,start       ] GC(73) Pause Young (Allocation Failure)
[84.954s][info][gc,heap        ] GC(73) PSYoungGen: 272534K(288256K)->30616K(277504K) Eden: 246784K(246784K)->0K(246784K) From: 25750K(41472K)->30616K(30720K)
[84.954s][info][gc,heap        ] GC(73) ParOldGen: 37486K(419328K)->62467K(419328K)
[84.954s][info][gc,metaspace   ] GC(73) Metaspace: 41194K(41536K)->41194K(41536K) NonClass: 36855K(37056K)->36855K(37056K) Class: 4339K(4480K)->4339K(4480K)
[84.954s][info][gc             ] GC(73) Pause Young (Allocation Failure) 302M->90M(680M) 54.293ms
[84.954s][info][gc,cpu         ] GC(73) User=0.10s Sys=0.00s Real=0.05s
[85.599s][info][gc,start       ] GC(74) Pause Young (Allocation Failure)
[85.655s][info][gc,heap        ] GC(74) PSYoungGen: 277400K(277504K)->30992K(282112K) Eden: 246784K(246784K)->0K(235520K) From: 30616K(30720K)->30992K(46592K)
[85.655s][info][gc,heap        ] GC(74) ParOldGen: 62467K(419328K)->91395K(419328K)
[85.655s][info][gc,metaspace   ] GC(74) Metaspace: 41194K(41536K)->41194K(41536K) NonClass: 36855K(37056K)->36855K(37056K) Class: 4339K(4480K)->4339K(4480K)
[85.655s][info][gc             ] GC(74) Pause Young (Allocation Failure) 331M->119M(685M) 56.223ms
[85.655s][info][gc,cpu         ] GC(74) User=0.11s Sys=0.00s Real=0.05s
[87.614s][info][gc,start       ] GC(75) Pause Young (Allocation Failure)
[87.660s][info][gc,heap        ] GC(75) PSYoungGen: 266512K(282112K)->10985K(284672K) Eden: 235520K(235520K)->0K(235520K) From: 30992K(46592K)->10985K(49152K)
[87.660s][info][gc,heap        ] GC(75) ParOldGen: 91395K(419328K)->122588K(419328K)
[87.660s][info][gc,metaspace   ] GC(75) Metaspace: 41201K(41536K)->41201K(41536K) NonClass: 36862K(37056K)->36862K(37056K) Class: 4339K(4480K)->4339K(4480K)
[87.660s][info][gc             ] GC(75) Pause Young (Allocation Failure) 349M->130M(687M) 45.921ms
[87.660s][info][gc,cpu         ] GC(75) User=0.09s Sys=0.00s Real=0.05s
[89.379s][info][gc,start       ] GC(76) Pause Young (Allocation Failure)
[89.387s][info][gc,heap        ] GC(76) PSYoungGen: 246505K(284672K)->384K(284160K) Eden: 235520K(235520K)->0K(237568K) From: 10985K(49152K)->384K(46592K)
[89.387s][info][gc,heap        ] GC(76) ParOldGen: 122588K(419328K)->132128K(419328K)
[89.387s][info][gc,metaspace   ] GC(76) Metaspace: 41202K(41536K)->41202K(41536K) NonClass: 36863K(37056K)->36863K(37056K) Class: 4339K(4480K)->4339K(4480K)
[89.387s][info][gc             ] GC(76) Pause Young (Allocation Failure) 360M->129M(687M) 7.538ms
[89.387s][info][gc,cpu         ] GC(76) User=0.01s Sys=0.00s Real=0.01s
[90.856s][info][gc,start       ] GC(77) Pause Young (Allocation Failure)
[90.878s][info][gc,heap        ] GC(77) PSYoungGen: 237952K(284160K)->21204K(284672K) Eden: 237568K(237568K)->0K(237568K) From: 384K(46592K)->21204K(47104K)
[90.878s][info][gc,heap        ] GC(77) ParOldGen: 132128K(419328K)->132440K(419328K)
[90.878s][info][gc,metaspace   ] GC(77) Metaspace: 41203K(41536K)->41203K(41536K) NonClass: 36863K(37056K)->36863K(37056K) Class: 4339K(4480K)->4339K(4480K)
[90.878s][info][gc             ] GC(77) Pause Young (Allocation Failure) 361M->150M(687M) 21.600ms
[90.878s][info][gc,cpu         ] GC(77) User=0.04s Sys=0.00s Real=0.03s
[92.279s][info][gc,start       ] GC(78) Pause Young (Allocation Failure)
[92.316s][info][gc,heap        ] GC(78) PSYoungGen: 258772K(284672K)->22732K(286208K) Eden: 237568K(237568K)->0K(240640K) From: 21204K(47104K)->22732K(45568K)
[92.316s][info][gc,heap        ] GC(78) ParOldGen: 132440K(419328K)->153635K(419328K)
[92.316s][info][gc,metaspace   ] GC(78) Metaspace: 41206K(41536K)->41206K(41536K) NonClass: 36866K(37056K)->36866K(37056K) Class: 4339K(4480K)->4339K(4480K)
[92.316s][info][gc             ] GC(78) Pause Young (Allocation Failure) 382M->172M(689M) 37.068ms
[92.316s][info][gc,cpu         ] GC(78) User=0.07s Sys=0.00s Real=0.03s
[93.183s][info][gc,start       ] GC(79) Pause Young (Allocation Failure)
[93.230s][info][gc,heap        ] GC(79) PSYoungGen: 263372K(286208K)->33706K(274432K) Eden: 240640K(240640K)->0K(240640K) From: 22732K(45568K)->33706K(33792K)
[93.230s][info][gc,heap        ] GC(79) ParOldGen: 153635K(419328K)->176200K(419328K)
[93.230s][info][gc,metaspace   ] GC(79) Metaspace: 41208K(41536K)->41208K(41536K) NonClass: 36869K(37056K)->36869K(37056K) Class: 4339K(4480K)->4339K(4480K)
[93.230s][info][gc             ] GC(79) Pause Young (Allocation Failure) 407M->204M(677M) 46.822ms
[93.230s][info][gc,cpu         ] GC(79) User=0.09s Sys=0.00s Real=0.05s
[93.838s][info][gc,start       ] GC(80) Pause Young (Allocation Failure)
[93.894s][info][gc,heap        ] GC(80) PSYoungGen: 274346K(274432K)->30104K(282624K) Eden: 240640K(240640K)->0K(233472K) From: 33706K(33792K)->30104K(49152K)
[93.894s][info][gc,heap        ] GC(80) ParOldGen: 176200K(419328K)->209208K(419328K)
[93.894s][info][gc,metaspace   ] GC(80) Metaspace: 41208K(41536K)->41208K(41536K) NonClass: 36869K(37056K)->36869K(37056K) Class: 4339K(4480K)->4339K(4480K)
[93.894s][info][gc             ] GC(80) Pause Young (Allocation Failure) 439M->233M(685M) 56.248ms
[93.894s][info][gc,cpu         ] GC(80) User=0.10s Sys=0.00s Real=0.05s
[94.503s][info][gc,start       ] GC(81) Pause Young (Allocation Failure)
[94.556s][info][gc,heap        ] GC(81) PSYoungGen: 263576K(282624K)->29584K(263168K) Eden: 233472K(233472K)->0K(233472K) From: 30104K(49152K)->29584K(29696K)
[94.556s][info][gc,heap        ] GC(81) ParOldGen: 209208K(419328K)->237648K(419328K)
[94.556s][info][gc,metaspace   ] GC(81) Metaspace: 41208K(41536K)->41208K(41536K) NonClass: 36869K(37056K)->36869K(37056K) Class: 4339K(4480K)->4339K(4480K)
[94.556s][info][gc             ] GC(81) Pause Young (Allocation Failure) 461M->260M(666M) 53.388ms
[94.556s][info][gc,cpu         ] GC(81) User=0.11s Sys=0.00s Real=0.05s
[96.212s][info][gc,start       ] GC(82) Pause Young (Allocation Failure)
[96.243s][info][gc,heap        ] GC(82) PSYoungGen: 263056K(263168K)->10294K(284160K) Eden: 233472K(233472K)->0K(233472K) From: 29584K(29696K)->10294K(50688K)
[96.243s][info][gc,heap        ] GC(82) ParOldGen: 237648K(419328K)->267433K(419328K)
[96.243s][info][gc,metaspace   ] GC(82) Metaspace: 41211K(41536K)->41211K(41536K) NonClass: 36872K(37056K)->36872K(37056K) Class: 4339K(4480K)->4339K(4480K)
[96.243s][info][gc             ] GC(82) Pause Young (Allocation Failure) 488M->271M(687M) 30.970ms
[96.243s][info][gc,cpu         ] GC(82) User=0.06s Sys=0.00s Real=0.03s
[97.418s][info][gc,start       ] GC(83) Pause Young (Allocation Failure)
[97.428s][info][gc,heap        ] GC(83) PSYoungGen: 243766K(284160K)->4609K(238592K) Eden: 233472K(233472K)->0K(233472K) From: 10294K(50688K)->4609K(5120K)
[97.428s][info][gc,heap        ] GC(83) ParOldGen: 267433K(419328K)->276625K(419328K)
[97.428s][info][gc,metaspace   ] GC(83) Metaspace: 41215K(41536K)->41215K(41536K) NonClass: 36876K(37056K)->36876K(37056K) Class: 4339K(4480K)->4339K(4480K)
[97.428s][info][gc             ] GC(83) Pause Young (Allocation Failure) 499M->274M(642M) 10.340ms
[97.428s][info][gc,cpu         ] GC(83) User=0.02s Sys=0.00s Real=0.01s
[98.766s][info][gc,start       ] GC(84) Pause Young (Allocation Failure)
[98.794s][info][gc,heap        ] GC(84) PSYoungGen: 238081K(238592K)->25685K(282624K) Eden: 233472K(233472K)->0K(233472K) From: 4609K(5120K)->25685K(49152K)
[98.794s][info][gc,heap        ] GC(84) ParOldGen: 276625K(419328K)->281173K(419328K)
[98.794s][info][gc,metaspace   ] GC(84) Metaspace: 41215K(41536K)->41215K(41536K) NonClass: 36876K(37056K)->36876K(37056K) Class: 4339K(4480K)->4339K(4480K)
[98.794s][info][gc             ] GC(84) Pause Young (Allocation Failure) 502M->299M(685M) 27.357ms
[98.794s][info][gc,cpu         ] GC(84) User=0.06s Sys=0.00s Real=0.03s
[100.182s][info][gc,start       ] GC(85) Pause Young (Allocation Failure)
[100.222s][info][gc,heap        ] GC(85) PSYoungGen: 259157K(282624K)->22551K(282624K) Eden: 233472K(233472K)->0K(233472K) From: 25685K(49152K)->22551K(49152K)
[100.222s][info][gc,heap        ] GC(85) ParOldGen: 281173K(419328K)->307020K(419328K)
[100.222s][info][gc,metaspace   ] GC(85) Metaspace: 41217K(41600K)->41217K(41600K) NonClass: 36877K(37120K)->36877K(37120K) Class: 4339K(4480K)->4339K(4480K)
[100.222s][info][gc             ] GC(85) Pause Young (Allocation Failure) 527M->321M(685M) 40.544ms
[100.222s][info][gc,cpu         ] GC(85) User=0.08s Sys=0.00s Real=0.04s
[101.688s][info][gc,start       ] GC(86) Pause Young (Allocation Failure)
[101.740s][info][gc,heap        ] GC(86) PSYoungGen: 256023K(282624K)->24600K(283136K) Eden: 233472K(233472K)->0K(236032K) From: 22551K(49152K)->24600K(47104K)
[101.740s][info][gc,heap        ] GC(86) ParOldGen: 307020K(419328K)->329609K(419328K)
[101.740s][info][gc,metaspace   ] GC(86) Metaspace: 41244K(41600K)->41244K(41600K) NonClass: 36905K(37120K)->36905K(37120K) Class: 4339K(4480K)->4339K(4480K)
[101.740s][info][gc             ] GC(86) Pause Young (Allocation Failure) 549M->345M(686M) 52.233ms
[101.740s][info][gc,cpu         ] GC(86) User=0.11s Sys=0.00s Real=0.05s
[103.514s][info][gc,start       ] GC(87) Pause Young (Allocation Failure)
[103.538s][info][gc,heap        ] GC(87) PSYoungGen: 260632K(283136K)->12195K(282624K) Eden: 236032K(236032K)->0K(236032K) From: 24600K(47104K)->12195K(46592K)
[103.538s][info][gc,heap        ] GC(87) ParOldGen: 329609K(419328K)->346897K(419328K)
[103.538s][info][gc,metaspace   ] GC(87) Metaspace: 41256K(41664K)->41256K(41664K) NonClass: 36917K(37184K)->36917K(37184K) Class: 4339K(4480K)->4339K(4480K)
[103.538s][info][gc             ] GC(87) Pause Young (Allocation Failure) 576M->350M(685M) 24.134ms
[103.538s][info][gc,cpu         ] GC(87) User=0.05s Sys=0.00s Real=0.03s
[104.753s][info][gc,start       ] GC(88) Pause Young (Allocation Failure)
[104.777s][info][gc,heap        ] GC(88) PSYoungGen: 248227K(282624K)->20156K(285184K) Eden: 236032K(236032K)->0K(242176K) From: 12195K(46592K)->20156K(43008K)
[104.777s][info][gc,heap        ] GC(88) ParOldGen: 346897K(419328K)->347709K(419328K)
[104.777s][info][gc,metaspace   ] GC(88) Metaspace: 41272K(41728K)->41272K(41728K) NonClass: 36933K(37248K)->36933K(37248K) Class: 4339K(4480K)->4339K(4480K)
[104.777s][info][gc             ] GC(88) Pause Young (Allocation Failure) 581M->359M(688M) 24.544ms
[104.777s][info][gc,cpu         ] GC(88) User=0.05s Sys=0.00s Real=0.03s
[105.943s][info][gc,start       ] GC(89) Pause Young (Allocation Failure)
[105.949s][info][gc,heap        ] GC(89) PSYoungGen: 262332K(285184K)->6102K(285184K) Eden: 242176K(242176K)->0K(242176K) From: 20156K(43008K)->6102K(43008K)
[105.949s][info][gc,heap        ] GC(89) ParOldGen: 347709K(419328K)->348805K(419328K)
[105.949s][info][gc,metaspace   ] GC(89) Metaspace: 41285K(41728K)->41285K(41728K) NonClass: 36946K(37248K)->36946K(37248K) Class: 4339K(4480K)->4339K(4480K)
[105.949s][info][gc             ] GC(89) Pause Young (Allocation Failure) 595M->346M(688M) 6.454ms
[105.949s][info][gc,cpu         ] GC(89) User=0.01s Sys=0.00s Real=0.01s
[107.238s][info][gc,start       ] GC(90) Pause Young (Allocation Failure)
[107.243s][info][gc,heap        ] GC(90) PSYoungGen: 248278K(285184K)->4388K(289792K) Eden: 242176K(242176K)->0K(247808K) From: 6102K(43008K)->4388K(41984K)
[107.243s][info][gc,heap        ] GC(90) ParOldGen: 348805K(419328K)->349965K(419328K)
[107.243s][info][gc,metaspace   ] GC(90) Metaspace: 41306K(41728K)->41306K(41728K) NonClass: 36967K(37248K)->36967K(37248K) Class: 4339K(4480K)->4339K(4480K)
[107.243s][info][gc             ] GC(90) Pause Young (Allocation Failure) 583M->346M(692M) 5.173ms
[107.243s][info][gc,cpu         ] GC(90) User=0.01s Sys=0.00s Real=0.00s
[108.361s][info][gc,start       ] GC(91) Pause Young (Allocation Failure)
[108.384s][info][gc,heap        ] GC(91) PSYoungGen: 252196K(289792K)->25039K(290304K) Eden: 247808K(247808K)->0K(247808K) From: 4388K(41984K)->25039K(42496K)
[108.384s][info][gc,heap        ] GC(91) ParOldGen: 349965K(419328K)->351109K(419328K)
[108.384s][info][gc,metaspace   ] GC(91) Metaspace: 41317K(41728K)->41317K(41728K) NonClass: 36978K(37248K)->36978K(37248K) Class: 4339K(4480K)->4339K(4480K)
[108.384s][info][gc             ] GC(91) Pause Young (Allocation Failure) 588M->367M(693M) 22.775ms
[108.384s][info][gc,cpu         ] GC(91) User=0.05s Sys=0.00s Real=0.02s
[109.594s][info][gc,start       ] GC(92) Pause Young (Allocation Failure)
[109.605s][info][gc,heap        ] GC(92) PSYoungGen: 272847K(290304K)->12401K(288768K) Eden: 247808K(247808K)->0K(248320K) From: 25039K(42496K)->12401K(40448K)
[109.605s][info][gc,heap        ] GC(92) ParOldGen: 351109K(419328K)->351861K(419328K)
[109.605s][info][gc,metaspace   ] GC(92) Metaspace: 41320K(41728K)->41320K(41728K) NonClass: 36981K(37248K)->36981K(37248K) Class: 4339K(4480K)->4339K(4480K)
[109.605s][info][gc             ] GC(92) Pause Young (Allocation Failure) 609M->355M(691M) 11.571ms
[109.605s][info][gc,cpu         ] GC(92) User=0.03s Sys=0.00s Real=0.01s
[110.880s][info][gc,start       ] GC(93) Pause Young (Allocation Failure)
[110.890s][info][gc,heap        ] GC(93) PSYoungGen: 260721K(288768K)->11701K(289792K) Eden: 248320K(248320K)->0K(248320K) From: 12401K(40448K)->11701K(41472K)
[110.890s][info][gc,heap        ] GC(93) ParOldGen: 351861K(419328K)->353006K(419328K)
[110.890s][info][gc,metaspace   ] GC(93) Metaspace: 41325K(41728K)->41325K(41728K) NonClass: 36985K(37248K)->36985K(37248K) Class: 4339K(4480K)->4339K(4480K)
[110.890s][info][gc             ] GC(93) Pause Young (Allocation Failure) 598M->356M(692M) 10.889ms
[110.890s][info][gc,cpu         ] GC(93) User=0.02s Sys=0.00s Real=0.01s
[112.055s][info][gc,start       ] GC(94) Pause Young (Allocation Failure)
[112.064s][info][gc,heap        ] GC(94) PSYoungGen: 260021K(289792K)->8741K(290816K) Eden: 248320K(248320K)->0K(252416K) From: 11701K(41472K)->8741K(38400K)
[112.064s][info][gc,heap        ] GC(94) ParOldGen: 353006K(419328K)->353898K(419328K)
[112.064s][info][gc,metaspace   ] GC(94) Metaspace: 41332K(41792K)->41332K(41792K) NonClass: 36992K(37312K)->36992K(37312K) Class: 4339K(4480K)->4339K(4480K)
[112.064s][info][gc             ] GC(94) Pause Young (Allocation Failure) 598M->354M(693M) 9.678ms
[112.064s][info][gc,cpu         ] GC(94) User=0.02s Sys=0.00s Real=0.01s
[113.220s][info][gc,start       ] GC(95) Pause Young (Allocation Failure)
[113.245s][info][gc,heap        ] GC(95) PSYoungGen: 261157K(290816K)->8616K(291328K) Eden: 252416K(252416K)->0K(252416K) From: 8741K(38400K)->8616K(38912K)
[113.245s][info][gc,heap        ] GC(95) ParOldGen: 353898K(419328K)->354986K(419328K)
[113.245s][info][gc,metaspace   ] GC(95) Metaspace: 41351K(41792K)->41351K(41792K) NonClass: 37012K(37312K)->37012K(37312K) Class: 4339K(4480K)->4339K(4480K)
[113.245s][info][gc             ] GC(95) Pause Young (Allocation Failure) 600M->355M(694M) 25.907ms
[113.245s][info][gc,cpu         ] GC(95) User=0.03s Sys=0.00s Real=0.02s
[114.205s][info][gc,start       ] GC(96) Pause Young (Allocation Failure)
[114.245s][info][gc,heap        ] GC(96) PSYoungGen: 261032K(291328K)->37862K(279552K) Eden: 252416K(252416K)->0K(241664K) From: 8616K(38912K)->37862K(37888K)
[114.245s][info][gc,heap        ] GC(96) ParOldGen: 354986K(419328K)->360474K(419328K)
[114.245s][info][gc,metaspace   ] GC(96) Metaspace: 41352K(41792K)->41352K(41792K) NonClass: 37013K(37312K)->37013K(37312K) Class: 4339K(4480K)->4339K(4480K)
[114.245s][info][gc             ] GC(96) Pause Young (Allocation Failure) 601M->389M(682M) 40.614ms
[114.245s][info][gc,cpu         ] GC(96) User=0.08s Sys=0.00s Real=0.04s
[115.554s][info][gc,start       ] GC(97) Pause Young (Allocation Failure)
[115.585s][info][gc,heap        ] GC(97) PSYoungGen: 279526K(279552K)->14297K(287744K) Eden: 241664K(241664K)->0K(241664K) From: 37862K(37888K)->14297K(46080K)
[115.585s][info][gc,heap        ] GC(97) ParOldGen: 360474K(419328K)->374455K(419328K)
[115.585s][info][gc,metaspace   ] GC(97) Metaspace: 41352K(41792K)->41352K(41792K) NonClass: 37013K(37312K)->37013K(37312K) Class: 4339K(4480K)->4339K(4480K)
[115.585s][info][gc             ] GC(97) Pause Young (Allocation Failure) 625M->379M(690M) 30.880ms
[115.585s][info][gc,cpu         ] GC(97) User=0.06s Sys=0.00s Real=0.03s
[116.556s][info][gc,start       ] GC(98) Pause Young (Allocation Failure)
[116.572s][info][gc,heap        ] GC(98) PSYoungGen: 255961K(287744K)->4827K(284672K) Eden: 241664K(241664K)->0K(243712K) From: 14297K(46080K)->4827K(40960K)
[116.572s][info][gc,heap        ] GC(98) ParOldGen: 374455K(419328K)->388179K(419328K)
[116.572s][info][gc,metaspace   ] GC(98) Metaspace: 41376K(41792K)->41376K(41792K) NonClass: 37037K(37312K)->37037K(37312K) Class: 4339K(4480K)->4339K(4480K)
[116.573s][info][gc             ] GC(98) Pause Young (Allocation Failure) 615M->383M(687M) 16.078ms
[116.573s][info][gc,cpu         ] GC(98) User=0.03s Sys=0.00s Real=0.02s
[117.426s][info][gc,start       ] GC(99) Pause Young (Allocation Failure)
[117.437s][info][gc,heap        ] GC(99) PSYoungGen: 248539K(284672K)->13502K(287232K) Eden: 243712K(243712K)->0K(243712K) From: 4827K(40960K)->13502K(43520K)
[117.437s][info][gc,heap        ] GC(99) ParOldGen: 388179K(419328K)->389043K(419328K)
[117.437s][info][gc,metaspace   ] GC(99) Metaspace: 41403K(41856K)->41403K(41856K) NonClass: 37063K(37376K)->37063K(37376K) Class: 4339K(4480K)->4339K(4480K)
[117.437s][info][gc             ] GC(99) Pause Young (Allocation Failure) 621M->393M(690M) 11.756ms
[117.437s][info][gc,cpu         ] GC(99) User=0.02s Sys=0.00s Real=0.02s
[118.418s][info][gc,start       ] GC(100) Pause Young (Allocation Failure)
[118.428s][info][gc,heap        ] GC(100) PSYoungGen: 257214K(287232K)->2829K(290304K) Eden: 243712K(243712K)->0K(249344K) From: 13502K(43520K)->2829K(40960K)
[118.428s][info][gc,heap        ] GC(100) ParOldGen: 389043K(419328K)->398818K(419328K)
[118.428s][info][gc,metaspace   ] GC(100) Metaspace: 41403K(41856K)->41403K(41856K) NonClass: 37063K(37376K)->37063K(37376K) Class: 4339K(4480K)->4339K(4480K)
[118.428s][info][gc             ] GC(100) Pause Young (Allocation Failure) 631M->392M(693M) 9.360ms
[118.428s][info][gc,cpu         ] GC(100) User=0.02s Sys=0.00s Real=0.01s
[119.381s][info][gc,start       ] GC(101) Pause Young (Allocation Failure)
[119.404s][info][gc,heap        ] GC(101) PSYoungGen: 252173K(290304K)->37107K(286720K) Eden: 249344K(249344K)->0K(249344K) From: 2829K(40960K)->37107K(37376K)
[119.404s][info][gc,heap        ] GC(101) ParOldGen: 398818K(419328K)->399306K(419328K)
[119.404s][info][gc,metaspace   ] GC(101) Metaspace: 41403K(41856K)->41403K(41856K) NonClass: 37063K(37376K)->37063K(37376K) Class: 4339K(4480K)->4339K(4480K)
[119.404s][info][gc             ] GC(101) Pause Young (Allocation Failure) 635M->426M(689M) 22.991ms
[119.404s][info][gc,cpu         ] GC(101) User=0.05s Sys=0.00s Real=0.02s
[120.356s][info][gc,start       ] GC(102) Pause Young (Allocation Failure)
[120.392s][info][gc,heap        ] GC(102) PSYoungGen: 286451K(286720K)->46582K(265728K) Eden: 249344K(249344K)->0K(219136K) From: 37107K(37376K)->46582K(46592K)
[120.392s][info][gc,heap        ] GC(102) ParOldGen: 399306K(419328K)->406170K(419328K)
[120.392s][info][gc,metaspace   ] GC(102) Metaspace: 41403K(41856K)->41403K(41856K) NonClass: 37063K(37376K)->37063K(37376K) Class: 4339K(4480K)->4339K(4480K)
[120.392s][info][gc             ] GC(102) Pause Young (Allocation Failure) 669M->442M(669M) 35.290ms
[120.392s][info][gc,cpu         ] GC(102) User=0.07s Sys=0.01s Real=0.04s
[121.206s][info][gc,start       ] GC(103) Pause Young (Allocation Failure)
[121.318s][info][gc,heap        ] GC(103) PSYoungGen: 265718K(265728K)->57333K(276480K) Eden: 219136K(219136K)->0K(219136K) From: 46582K(46592K)->57333K(57344K)
[121.318s][info][gc,heap        ] GC(103) ParOldGen: 406170K(419328K)->483453K(483840K)
[121.318s][info][gc,metaspace   ] GC(103) Metaspace: 41403K(41856K)->41403K(41856K) NonClass: 37063K(37376K)->37063K(37376K) Class: 4339K(4480K)->4339K(4480K)
[121.318s][info][gc             ] GC(103) Pause Young (Allocation Failure) 656M->528M(742M) 111.298ms
[121.318s][info][gc,cpu         ] GC(103) User=0.17s Sys=0.05s Real=0.12s
[122.103s][info][gc,start       ] GC(104) Pause Young (Allocation Failure)
[122.238s][info][gc,heap        ] GC(104) PSYoungGen: 276469K(276480K)->57313K(168960K) Eden: 219136K(219136K)->0K(111616K) From: 57333K(57344K)->57313K(57344K)
[122.238s][info][gc,heap        ] GC(104) ParOldGen: 483453K(483840K)->567437K(567808K)
[122.238s][info][gc,metaspace   ] GC(104) Metaspace: 41403K(41856K)->41403K(41856K) NonClass: 37063K(37376K)->37063K(37376K) Class: 4339K(4480K)->4339K(4480K)
[122.238s][info][gc             ] GC(104) Pause Young (Allocation Failure) 742M->610M(719M) 134.763ms
[122.238s][info][gc,cpu         ] GC(104) User=0.19s Sys=0.07s Real=0.14s
[122.623s][info][gc,start       ] GC(105) Pause Young (Allocation Failure)
[122.690s][info][gc,heap        ] GC(105) PSYoungGen: 168929K(168960K)->22393K(222720K) Eden: 111616K(111616K)->0K(111616K) From: 57313K(57344K)->22393K(111104K)
[122.690s][info][gc,heap        ] GC(105) ParOldGen: 567437K(567808K)->615163K(615424K)
[122.690s][info][gc,metaspace   ] GC(105) Metaspace: 41403K(41856K)->41403K(41856K) NonClass: 37063K(37376K)->37063K(37376K) Class: 4339K(4480K)->4339K(4480K)
[122.690s][info][gc             ] GC(105) Pause Young (Allocation Failure) 719M->622M(818M) 67.034ms
[122.690s][info][gc,cpu         ] GC(105) User=0.09s Sys=0.04s Real=0.07s
[123.077s][info][gc,start       ] GC(106) Pause Full (Allocation Failure)
[123.077s][info][gc,phases,start] GC(106) Marking Phase
[123.167s][info][gc,phases      ] GC(106) Marking Phase 89.241ms
[123.167s][info][gc,phases,start] GC(106) Summary Phase
[123.167s][info][gc,phases      ] GC(106) Summary Phase 0.048ms
[123.167s][info][gc,phases,start] GC(106) Forward
[123.182s][info][gc,phases      ] GC(106) Forward 15.400ms
[123.182s][info][gc,phases,start] GC(106) Adjust Pointers
[123.224s][info][gc,phases      ] GC(106) Adjust Pointers 41.249ms
[123.224s][info][gc,phases,start] GC(106) Compaction Phase
[123.242s][info][gc,phases      ] GC(106) Compaction Phase 18.298ms
[123.242s][info][gc,phases,start] GC(106) Post Compact
[123.249s][info][gc,phases      ] GC(106) Post Compact 6.578ms
[123.280s][info][gc,heap        ] GC(106) PSYoungGen: 134009K(222720K)->0K(222720K) Eden: 111616K(111616K)->0K(111616K) From: 22393K(111104K)->0K(111104K)
[123.280s][info][gc,heap        ] GC(106) ParOldGen: 615163K(615424K)->92987K(239616K)
[123.280s][info][gc,metaspace   ] GC(106) Metaspace: 41403K(41856K)->41403K(41856K) NonClass: 37063K(37376K)->37063K(37376K) Class: 4339K(4480K)->4339K(4480K)
[123.280s][info][gc             ] GC(106) Pause Full (Allocation Failure) 731M->90M(451M) 202.196ms
[123.280s][info][gc,cpu         ] GC(106) User=0.25s Sys=0.04s Real=0.20s
[123.689s][info][gc,start       ] GC(107) Pause Young (Allocation Failure)
[123.708s][info][gc,heap        ] GC(107) PSYoungGen: 111616K(222720K)->18930K(222720K) Eden: 111616K(111616K)->0K(111616K) From: 0K(111104K)->18930K(111104K)
[123.708s][info][gc,heap        ] GC(107) ParOldGen: 92987K(239616K)->92987K(239616K)
[123.708s][info][gc,metaspace   ] GC(107) Metaspace: 41404K(41856K)->41404K(41856K) NonClass: 37065K(37376K)->37065K(37376K) Class: 4339K(4480K)->4339K(4480K)
[123.708s][info][gc             ] GC(107) Pause Young (Allocation Failure) 199M->109M(451M) 18.512ms
[123.708s][info][gc,cpu         ] GC(107) User=0.03s Sys=0.00s Real=0.02s
[124.123s][info][gc,start       ] GC(108) Pause Young (Allocation Failure)
[124.151s][info][gc,heap        ] GC(108) PSYoungGen: 130546K(222720K)->19728K(222720K) Eden: 111616K(111616K)->0K(111616K) From: 18930K(111104K)->19728K(111104K)
[124.151s][info][gc,heap        ] GC(108) ParOldGen: 92987K(239616K)->111168K(239616K)
[124.151s][info][gc,metaspace   ] GC(108) Metaspace: 41406K(41856K)->41406K(41856K) NonClass: 37067K(37376K)->37067K(37376K) Class: 4339K(4480K)->4339K(4480K)
[124.151s][info][gc             ] GC(108) Pause Young (Allocation Failure) 218M->127M(451M) 28.375ms
[124.151s][info][gc,cpu         ] GC(108) User=0.06s Sys=0.00s Real=0.03s
[124.511s][info][gc,start       ] GC(109) Pause Young (Allocation Failure)
[124.522s][info][gc,heap        ] GC(109) PSYoungGen: 131344K(222720K)->18482K(130560K) Eden: 111616K(111616K)->0K(111616K) From: 19728K(111104K)->18482K(18944K)
[124.522s][info][gc,heap        ] GC(109) ParOldGen: 111168K(239616K)->111490K(239616K)
[124.522s][info][gc,metaspace   ] GC(109) Metaspace: 41411K(41856K)->41411K(41856K) NonClass: 37071K(37376K)->37071K(37376K) Class: 4339K(4480K)->4339K(4480K)
[124.522s][info][gc             ] GC(109) Pause Young (Allocation Failure) 236M->126M(361M) 11.188ms
[124.522s][info][gc,cpu         ] GC(109) User=0.02s Sys=0.00s Real=0.01s
[124.897s][info][gc,start       ] GC(110) Pause Young (Allocation Failure)
[124.921s][info][gc,heap        ] GC(110) PSYoungGen: 129862K(130560K)->40042K(227840K) Eden: 111380K(111616K)->0K(117248K) From: 18482K(18944K)->40042K(110592K)
[124.921s][info][gc,heap        ] GC(110) ParOldGen: 111490K(239616K)->112115K(239616K)
[124.921s][info][gc,metaspace   ] GC(110) Metaspace: 41411K(41856K)->41411K(41856K) NonClass: 37071K(37376K)->37071K(37376K) Class: 4339K(4480K)->4339K(4480K)
[124.921s][info][gc             ] GC(110) Pause Young (Allocation Failure) 235M->148M(456M) 24.458ms
[124.921s][info][gc,cpu         ] GC(110) User=0.04s Sys=0.00s Real=0.02s
[125.329s][info][gc,start       ] GC(111) Pause Young (Allocation Failure)
[125.342s][info][gc,heap        ] GC(111) PSYoungGen: 157290K(227840K)->20630K(138240K) Eden: 117248K(117248K)->0K(117248K) From: 40042K(110592K)->20630K(20992K)
[125.342s][info][gc,heap        ] GC(111) ParOldGen: 112115K(239616K)->112441K(239616K)
[125.342s][info][gc,metaspace   ] GC(111) Metaspace: 41411K(41856K)->41411K(41856K) NonClass: 37071K(37376K)->37071K(37376K) Class: 4339K(4480K)->4339K(4480K)
[125.342s][info][gc             ] GC(111) Pause Young (Allocation Failure) 263M->129M(369M) 12.962ms
[125.342s][info][gc,cpu         ] GC(111) User=0.02s Sys=0.00s Real=0.01s
[125.751s][info][gc,start       ] GC(112) Pause Young (Allocation Failure)
[125.762s][info][gc,heap        ] GC(112) PSYoungGen: 137878K(138240K)->14853K(222208K) Eden: 117248K(117248K)->0K(121856K) From: 20630K(20992K)->14853K(100352K)
[125.762s][info][gc,heap        ] GC(112) ParOldGen: 112441K(239616K)->113103K(239616K)
[125.762s][info][gc,metaspace   ] GC(112) Metaspace: 41413K(41856K)->41413K(41856K) NonClass: 37074K(37376K)->37074K(37376K) Class: 4339K(4480K)->4339K(4480K)
[125.762s][info][gc             ] GC(112) Pause Young (Allocation Failure) 244M->124M(451M) 10.744ms
[125.762s][info][gc,cpu         ] GC(112) User=0.02s Sys=0.00s Real=0.01s
[126.166s][info][gc,start       ] GC(113) Pause Young (Allocation Failure)
[126.195s][info][gc,heap        ] GC(113) PSYoungGen: 136709K(222208K)->37429K(218624K) Eden: 121856K(121856K)->0K(121856K) From: 14853K(100352K)->37429K(96768K)
[126.195s][info][gc,heap        ] GC(113) ParOldGen: 113103K(239616K)->119295K(239616K)
[126.195s][info][gc,metaspace   ] GC(113) Metaspace: 41413K(41856K)->41413K(41856K) NonClass: 37074K(37376K)->37074K(37376K) Class: 4339K(4480K)->4339K(4480K)
[126.195s][info][gc             ] GC(113) Pause Young (Allocation Failure) 243M->153M(447M) 28.625ms
[126.195s][info][gc,cpu         ] GC(113) User=0.06s Sys=0.00s Real=0.03s
[126.544s][info][gc,start       ] GC(114) Pause Young (Allocation Failure)
[126.575s][info][gc,heap        ] GC(114) PSYoungGen: 159285K(218624K)->11112K(231936K) Eden: 121856K(121856K)->0K(139264K) From: 37429K(96768K)->11112K(92672K)
[126.575s][info][gc,heap        ] GC(114) ParOldGen: 119295K(239616K)->153703K(239616K)
[126.575s][info][gc,metaspace   ] GC(114) Metaspace: 41413K(41856K)->41413K(41856K) NonClass: 37074K(37376K)->37074K(37376K) Class: 4339K(4480K)->4339K(4480K)
[126.575s][info][gc             ] GC(114) Pause Young (Allocation Failure) 272M->160M(460M) 31.276ms
[126.575s][info][gc,cpu         ] GC(114) User=0.06s Sys=0.00s Real=0.03s
[127.014s][info][gc,start       ] GC(115) Pause Young (Allocation Failure)
[127.021s][info][gc,heap        ] GC(115) PSYoungGen: 150376K(231936K)->1128K(229376K) Eden: 139264K(139264K)->0K(139264K) From: 11112K(92672K)->1128K(90112K)
[127.021s][info][gc,heap        ] GC(115) ParOldGen: 153703K(239616K)->163712K(239616K)
[127.021s][info][gc,metaspace   ] GC(115) Metaspace: 41413K(41856K)->41413K(41856K) NonClass: 37074K(37376K)->37074K(37376K) Class: 4339K(4480K)->4339K(4480K)
[127.021s][info][gc             ] GC(115) Pause Young (Allocation Failure) 296M->160M(458M) 7.372ms
[127.021s][info][gc,cpu         ] GC(115) User=0.01s Sys=0.00s Real=0.01s
[127.440s][info][gc,start       ] GC(116) Pause Young (Allocation Failure)
[127.442s][info][gc,heap        ] GC(116) PSYoungGen: 140392K(229376K)->1240K(241664K) Eden: 139264K(139264K)->0K(152576K) From: 1128K(90112K)->1240K(89088K)
[127.442s][info][gc,heap        ] GC(116) ParOldGen: 163712K(239616K)->163906K(239616K)
[127.442s][info][gc,metaspace   ] GC(116) Metaspace: 41413K(41856K)->41413K(41856K) NonClass: 37074K(37376K)->37074K(37376K) Class: 4339K(4480K)->4339K(4480K)
[127.442s][info][gc             ] GC(116) Pause Young (Allocation Failure) 296M->161M(470M) 2.215ms
[127.442s][info][gc,cpu         ] GC(116) User=0.00s Sys=0.00s Real=0.00s
[127.868s][info][gc,start       ] GC(117) Pause Young (Allocation Failure)
[127.873s][info][gc,heap        ] GC(117) PSYoungGen: 153816K(241664K)->4423K(240128K) Eden: 152576K(152576K)->0K(152576K) From: 1240K(89088K)->4423K(87552K)
[127.873s][info][gc,heap        ] GC(117) ParOldGen: 163906K(239616K)->164250K(239616K)
[127.873s][info][gc,metaspace   ] GC(117) Metaspace: 41425K(41856K)->41425K(41856K) NonClass: 37085K(37376K)->37085K(37376K) Class: 4339K(4480K)->4339K(4480K)
[127.873s][info][gc             ] GC(117) Pause Young (Allocation Failure) 310M->164M(468M) 4.736ms
[127.873s][info][gc,cpu         ] GC(117) User=0.01s Sys=0.00s Real=0.00s
[128.141s][info][gc,start       ] GC(118) Pause Young (Allocation Failure)
[128.144s][info][gc,heap        ] GC(118) PSYoungGen: 156999K(240128K)->2062K(243200K) Eden: 152576K(152576K)->0K(160256K) From: 4423K(87552K)->2062K(82944K)
[128.144s][info][gc,heap        ] GC(118) ParOldGen: 164250K(239616K)->166048K(239616K)
[128.144s][info][gc,metaspace   ] GC(118) Metaspace: 41436K(41856K)->41436K(41856K) NonClass: 37096K(37376K)->37096K(37376K) Class: 4339K(4480K)->4339K(4480K)
[128.144s][info][gc             ] GC(118) Pause Young (Allocation Failure) 313M->164M(471M) 3.597ms
[128.144s][info][gc,cpu         ] GC(118) User=0.00s Sys=0.00s Real=0.00s
[128.418s][info][gc,start       ] GC(119) Pause Young (Allocation Failure)
[128.420s][info][gc,heap        ] GC(119) PSYoungGen: 162318K(243200K)->1333K(242176K) Eden: 160256K(160256K)->0K(160256K) From: 2062K(82944K)->1333K(81920K)
[128.420s][info][gc,heap        ] GC(119) ParOldGen: 166048K(239616K)->166112K(239616K)
[128.421s][info][gc,metaspace   ] GC(119) Metaspace: 41442K(41856K)->41442K(41856K) NonClass: 37103K(37376K)->37103K(37376K) Class: 4339K(4480K)->4339K(4480K)
[128.421s][info][gc             ] GC(119) Pause Young (Allocation Failure) 320M->163M(470M) 2.247ms
[128.421s][info][gc,cpu         ] GC(119) User=0.00s Sys=0.00s Real=0.00s
[128.756s][info][gc,start       ] GC(120) Pause Young (Allocation Failure)
[128.767s][info][gc,heap        ] GC(120) PSYoungGen: 159755K(242176K)->10084K(246272K) Eden: 158422K(160256K)->0K(172544K) From: 1333K(81920K)->10084K(73728K)
[128.767s][info][gc,heap        ] GC(120) ParOldGen: 166112K(239616K)->166349K(239616K)
[128.767s][info][gc,metaspace   ] GC(120) Metaspace: 41479K(41920K)->41479K(41920K) NonClass: 37140K(37440K)->37140K(37440K) Class: 4339K(4480K)->4339K(4480K)
[128.767s][info][gc             ] GC(120) Pause Young (Allocation Failure) 318M->172M(474M) 10.597ms
[128.767s][info][gc,cpu         ] GC(120) User=0.02s Sys=0.00s Real=0.02s
[128.983s][info][gc,start       ] GC(121) Pause Young (Allocation Failure)
[128.990s][info][gc,heap        ] GC(121) PSYoungGen: 181208K(246272K)->1084K(247296K) Eden: 171124K(172544K)->0K(172544K) From: 10084K(73728K)->1084K(74752K)
[128.990s][info][gc,heap        ] GC(121) ParOldGen: 166349K(239616K)->176242K(239616K)
[128.990s][info][gc,metaspace   ] GC(121) Metaspace: 41479K(41920K)->41479K(41920K) NonClass: 37140K(37440K)->37140K(37440K) Class: 4339K(4480K)->4339K(4480K)
[128.990s][info][gc             ] GC(121) Pause Young (Allocation Failure) 339M->173M(475M) 6.966ms
[128.990s][info][gc,cpu         ] GC(121) User=0.01s Sys=0.00s Real=0.01s
[129.218s][info][gc,start       ] GC(122) Pause Young (Allocation Failure)
[129.222s][info][gc,heap        ] GC(122) PSYoungGen: 173628K(247296K)->1285K(254464K) Eden: 172544K(172544K)->0K(186880K) From: 1084K(74752K)->1285K(67584K)
[129.222s][info][gc,heap        ] GC(122) ParOldGen: 176242K(239616K)->177280K(239616K)
[129.222s][info][gc,metaspace   ] GC(122) Metaspace: 41479K(41920K)->41479K(41920K) NonClass: 37140K(37440K)->37140K(37440K) Class: 4339K(4480K)->4339K(4480K)
[129.222s][info][gc             ] GC(122) Pause Young (Allocation Failure) 341M->174M(482M) 3.594ms
[129.222s][info][gc,cpu         ] GC(122) User=0.01s Sys=0.00s Real=0.00s
[129.476s][info][gc,start       ] GC(123) Pause Young (Allocation Failure)
[129.483s][info][gc,heap        ] GC(123) PSYoungGen: 186558K(254464K)->2416K(256000K) Eden: 185273K(186880K)->0K(186880K) From: 1285K(67584K)->2416K(69120K)
[129.483s][info][gc,heap        ] GC(123) ParOldGen: 177280K(239616K)->178504K(239616K)
[129.483s][info][gc,metaspace   ] GC(123) Metaspace: 41481K(41920K)->41481K(41920K) NonClass: 37142K(37440K)->37142K(37440K) Class: 4339K(4480K)->4339K(4480K)
[129.483s][info][gc             ] GC(123) Pause Young (Allocation Failure) 355M->176M(484M) 6.845ms
[129.483s][info][gc,cpu         ] GC(123) User=0.01s Sys=0.00s Real=0.01s
[129.720s][info][gc,start       ] GC(124) Pause Young (Allocation Failure)
[129.725s][info][gc,heap        ] GC(124) PSYoungGen: 188079K(256000K)->1059K(260608K) Eden: 185662K(186880K)->0K(199168K) From: 2416K(69120K)->1059K(61440K)
[129.725s][info][gc,heap        ] GC(124) ParOldGen: 178504K(239616K)->180903K(239616K)
[129.725s][info][gc,metaspace   ] GC(124) Metaspace: 41482K(41920K)->41482K(41920K) NonClass: 37142K(37440K)->37142K(37440K) Class: 4339K(4480K)->4339K(4480K)
[129.725s][info][gc             ] GC(124) Pause Young (Allocation Failure) 357M->177M(488M) 5.245ms
[129.725s][info][gc,cpu         ] GC(124) User=0.01s Sys=0.00s Real=0.00s
[130.021s][info][gc,start       ] GC(125) Pause Young (Allocation Failure)
[130.029s][info][gc,heap        ] GC(125) PSYoungGen: 200227K(260608K)->6569K(261632K) Eden: 199168K(199168K)->0K(199168K) From: 1059K(61440K)->6569K(62464K)
[130.029s][info][gc,heap        ] GC(125) ParOldGen: 180903K(239616K)->181883K(239616K)
[130.029s][info][gc,metaspace   ] GC(125) Metaspace: 41501K(41920K)->41501K(41920K) NonClass: 37161K(37440K)->37161K(37440K) Class: 4339K(4480K)->4339K(4480K)
[130.029s][info][gc             ] GC(125) Pause Young (Allocation Failure) 372M->184M(489M) 8.151ms
[130.029s][info][gc,cpu         ] GC(125) User=0.01s Sys=0.00s Real=0.01s
[130.329s][info][gc,start       ] GC(126) Pause Young (Allocation Failure)
[130.342s][info][gc,heap        ] GC(126) PSYoungGen: 205737K(261632K)->6897K(267264K) Eden: 199168K(199168K)->0K(212992K) From: 6569K(62464K)->6897K(54272K)
[130.343s][info][gc,heap        ] GC(126) ParOldGen: 181883K(239616K)->188416K(239616K)
[130.343s][info][gc,metaspace   ] GC(126) Metaspace: 41526K(41920K)->41526K(41920K) NonClass: 37185K(37440K)->37185K(37440K) Class: 4341K(4480K)->4341K(4480K)
[130.343s][info][gc             ] GC(126) Pause Young (Allocation Failure) 378M->190M(495M) 13.628ms
[130.343s][info][gc,cpu         ] GC(126) User=0.02s Sys=0.00s Real=0.01s
[130.638s][info][gc,start       ] GC(127) Pause Young (Allocation Failure)
[130.651s][info][gc,heap        ] GC(127) PSYoungGen: 219889K(267264K)->3517K(267776K) Eden: 212992K(212992K)->0K(212992K) From: 6897K(54272K)->3517K(54784K)
[130.651s][info][gc,heap        ] GC(127) ParOldGen: 188416K(239616K)->195422K(239616K)
[130.651s][info][gc,metaspace   ] GC(127) Metaspace: 41527K(41920K)->41527K(41920K) NonClass: 37186K(37440K)->37186K(37440K) Class: 4341K(4480K)->4341K(4480K)
[130.651s][info][gc             ] GC(127) Pause Young (Allocation Failure) 398M->194M(495M) 13.190ms
[130.651s][info][gc,cpu         ] GC(127) User=0.03s Sys=0.00s Real=0.01s
[131.185s][info][gc,start       ] GC(128) Pause Young (Allocation Failure)
[131.200s][info][gc,heap        ] GC(128) PSYoungGen: 216509K(267776K)->13806K(275456K) Eden: 212992K(212992K)->0K(227328K) From: 3517K(54784K)->13806K(48128K)
[131.200s][info][gc,heap        ] GC(128) ParOldGen: 195422K(239616K)->198759K(239616K)
[131.200s][info][gc,metaspace   ] GC(128) Metaspace: 41584K(41984K)->41584K(41984K) NonClass: 37243K(37504K)->37243K(37504K) Class: 4341K(4480K)->4341K(4480K)
[131.200s][info][gc             ] GC(128) Pause Young (Allocation Failure) 402M->207M(503M) 15.093ms
[131.200s][info][gc,cpu         ] GC(128) User=0.03s Sys=0.00s Real=0.02s
[131.820s][info][gc,start       ] GC(129) Pause Young (Allocation Failure)
[131.834s][info][gc,heap        ] GC(129) PSYoungGen: 241134K(275456K)->5004K(275968K) Eden: 227328K(227328K)->0K(227328K) From: 13806K(48128K)->5004K(48640K)
[131.834s][info][gc,heap        ] GC(129) ParOldGen: 198759K(239616K)->212088K(239616K)
[131.834s][info][gc,metaspace   ] GC(129) Metaspace: 41602K(42048K)->41602K(42048K) NonClass: 37261K(37568K)->37261K(37568K) Class: 4341K(4480K)->4341K(4480K)
[131.834s][info][gc             ] GC(129) Pause Young (Allocation Failure) 429M->212M(503M) 14.484ms
[131.834s][info][gc,cpu         ] GC(129) User=0.02s Sys=0.00s Real=0.01s
[132.410s][info][gc,start       ] GC(130) Pause Young (Allocation Failure)
[132.414s][info][gc,heap        ] GC(130) PSYoungGen: 232332K(275968K)->3344K(282112K) Eden: 227328K(227328K)->0K(239104K) From: 5004K(48640K)->3344K(43008K)
[132.414s][info][gc,heap        ] GC(130) ParOldGen: 212088K(239616K)->212745K(239616K)
[132.414s][info][gc,metaspace   ] GC(130) Metaspace: 41603K(42048K)->41603K(42048K) NonClass: 37262K(37568K)->37262K(37568K) Class: 4341K(4480K)->4341K(4480K)
[132.414s][info][gc             ] GC(130) Pause Young (Allocation Failure) 434M->211M(509M) 4.074ms
[132.414s][info][gc,cpu         ] GC(130) User=0.00s Sys=0.00s Real=0.00s
[133.028s][info][gc,start       ] GC(131) Pause Young (Allocation Failure)
[133.037s][info][gc,heap        ] GC(131) PSYoungGen: 242448K(282112K)->4067K(282624K) Eden: 239104K(239104K)->0K(239104K) From: 3344K(43008K)->4067K(43520K)
[133.037s][info][gc,heap        ] GC(131) ParOldGen: 212745K(239616K)->212753K(239616K)
[133.037s][info][gc,metaspace   ] GC(131) Metaspace: 41607K(42048K)->41607K(42048K) NonClass: 37266K(37568K)->37266K(37568K) Class: 4341K(4480K)->4341K(4480K)
[133.037s][info][gc             ] GC(131) Pause Young (Allocation Failure) 444M->211M(510M) 9.086ms
[133.037s][info][gc,cpu         ] GC(131) User=0.01s Sys=0.00s Real=0.01s
[133.787s][info][gc,start       ] GC(132) Pause Young (Allocation Failure)
[133.790s][info][gc,heap        ] GC(132) PSYoungGen: 243171K(282624K)->1676K(288768K) Eden: 239104K(239104K)->0K(248832K) From: 4067K(43520K)->1676K(39936K)
[133.790s][info][gc,heap        ] GC(132) ParOldGen: 212753K(239616K)->212801K(239616K)
[133.790s][info][gc,metaspace   ] GC(132) Metaspace: 41614K(42048K)->41614K(42048K) NonClass: 37272K(37568K)->37272K(37568K) Class: 4341K(4480K)->4341K(4480K)
[133.790s][info][gc             ] GC(132) Pause Young (Allocation Failure) 445M->209M(516M) 2.843ms
[133.790s][info][gc,cpu         ] GC(132) User=0.00s Sys=0.00s Real=0.00s
[134.562s][info][gc,start       ] GC(133) Pause Young (Allocation Failure)
[134.567s][info][gc,heap        ] GC(133) PSYoungGen: 250508K(288768K)->7072K(288256K) Eden: 248832K(248832K)->0K(248832K) From: 1676K(39936K)->7072K(39424K)
[134.567s][info][gc,heap        ] GC(133) ParOldGen: 212801K(239616K)->213831K(239616K)
[134.567s][info][gc,metaspace   ] GC(133) Metaspace: 41622K(42048K)->41622K(42048K) NonClass: 37280K(37568K)->37280K(37568K) Class: 4341K(4480K)->4341K(4480K)
[134.567s][info][gc             ] GC(133) Pause Young (Allocation Failure) 452M->215M(515M) 4.283ms
[134.567s][info][gc,cpu         ] GC(133) User=0.01s Sys=0.00s Real=0.00s
[135.803s][info][gc,start       ] GC(134) Pause Young (Allocation Failure)
[135.808s][info][gc,heap        ] GC(134) PSYoungGen: 255904K(288256K)->3090K(292352K) Eden: 248832K(248832K)->0K(256512K) From: 7072K(39424K)->3090K(35840K)
[135.808s][info][gc,heap        ] GC(134) ParOldGen: 213831K(239616K)->213975K(239616K)
[135.808s][info][gc,metaspace   ] GC(134) Metaspace: 41704K(42112K)->41704K(42112K) NonClass: 37363K(37632K)->37363K(37632K) Class: 4341K(4480K)->4341K(4480K)
[135.808s][info][gc             ] GC(134) Pause Young (Allocation Failure) 458M->211M(519M) 4.930ms
[135.808s][info][gc,cpu         ] GC(134) User=0.01s Sys=0.00s Real=0.01s
[136.762s][info][gc,start       ] GC(135) Pause Young (Allocation Failure)
[136.792s][info][gc,heap        ] GC(135) PSYoungGen: 259602K(292352K)->30058K(290816K) Eden: 256512K(256512K)->0K(256512K) From: 3090K(35840K)->30058K(34304K)
[136.792s][info][gc,heap        ] GC(135) ParOldGen: 213975K(239616K)->217017K(239616K)
[136.792s][info][gc,metaspace   ] GC(135) Metaspace: 41742K(42176K)->41742K(42176K) NonClass: 37401K(37696K)->37401K(37696K) Class: 4341K(4480K)->4341K(4480K)
[136.792s][info][gc             ] GC(135) Pause Young (Allocation Failure) 462M->241M(518M) 30.299ms
[136.792s][info][gc,cpu         ] GC(135) User=0.06s Sys=0.00s Real=0.03s
[137.447s][info][gc,start       ] GC(136) Pause Young (Allocation Failure)
[137.506s][info][gc,heap        ] GC(136) PSYoungGen: 286570K(290816K)->28600K(285696K) Eden: 256512K(256512K)->0K(245760K) From: 30058K(34304K)->28600K(39936K)
[137.506s][info][gc,heap        ] GC(136) ParOldGen: 217017K(239616K)->246297K(246784K)
[137.506s][info][gc,metaspace   ] GC(136) Metaspace: 41742K(42176K)->41742K(42176K) NonClass: 37401K(37696K)->37401K(37696K) Class: 4341K(4480K)->4341K(4480K)
[137.506s][info][gc             ] GC(136) Pause Young (Allocation Failure) 491M->268M(520M) 59.626ms
[137.506s][info][gc,cpu         ] GC(136) User=0.10s Sys=0.01s Real=0.06s
[138.117s][info][gc,start       ] GC(137) Pause Young (Allocation Failure)
[138.181s][info][gc,heap        ] GC(137) PSYoungGen: 274360K(285696K)->27328K(273408K) Eden: 245760K(245760K)->0K(245760K) From: 28600K(39936K)->27328K(27648K)
[138.181s][info][gc,heap        ] GC(137) ParOldGen: 246297K(246784K)->273389K(273408K)
[138.181s][info][gc,metaspace   ] GC(137) Metaspace: 41743K(42176K)->41743K(42176K) NonClass: 37401K(37696K)->37401K(37696K) Class: 4341K(4480K)->4341K(4480K)
[138.181s][info][gc             ] GC(137) Pause Young (Allocation Failure) 508M->293M(534M) 63.351ms
[138.181s][info][gc,cpu         ] GC(137) User=0.11s Sys=0.01s Real=0.06s
[141.742s][info][gc,start       ] GC(138) Pause Young (Allocation Failure)
[141.795s][info][gc,heap        ] GC(138) PSYoungGen: 273088K(273408K)->11376K(290304K) Eden: 245760K(245760K)->0K(243712K) From: 27328K(27648K)->11376K(46592K)
[141.795s][info][gc,heap        ] GC(138) ParOldGen: 273389K(273408K)->300894K(301056K)
[141.795s][info][gc,metaspace   ] GC(138) Metaspace: 41788K(42176K)->41788K(42176K) NonClass: 37447K(37696K)->37447K(37696K) Class: 4341K(4480K)->4341K(4480K)
[141.795s][info][gc             ] GC(138) Pause Young (Allocation Failure) 533M->304M(577M) 52.711ms
[141.795s][info][gc,cpu         ] GC(138) User=0.08s Sys=0.03s Real=0.05s
[142.524s][info][gc,start       ] GC(139) Pause Young (Allocation Failure)
[142.558s][info][gc,heap        ] GC(139) PSYoungGen: 255088K(290304K)->21903K(287232K) Eden: 243712K(243712K)->0K(243712K) From: 11376K(46592K)->21903K(43520K)
[142.558s][info][gc,heap        ] GC(139) ParOldGen: 300894K(301056K)->311878K(312320K)
[142.558s][info][gc,metaspace   ] GC(139) Metaspace: 41801K(42176K)->41801K(42176K) NonClass: 37459K(37696K)->37459K(37696K) Class: 4341K(4480K)->4341K(4480K)
[142.558s][info][gc             ] GC(139) Pause Young (Allocation Failure) 542M->325M(585M) 34.011ms
[142.558s][info][gc,cpu         ] GC(139) User=0.06s Sys=0.01s Real=0.04s
[143.181s][info][gc,start       ] GC(140) Pause Young (Allocation Failure)
[143.242s][info][gc,heap        ] GC(140) PSYoungGen: 265615K(287232K)->30456K(283648K) Eden: 243712K(243712K)->0K(239616K) From: 21903K(43520K)->30456K(44032K)
[143.242s][info][gc,heap        ] GC(140) ParOldGen: 311878K(312320K)->333011K(333312K)
[143.242s][info][gc,metaspace   ] GC(140) Metaspace: 41801K(42176K)->41801K(42176K) NonClass: 37459K(37696K)->37459K(37696K) Class: 4341K(4480K)->4341K(4480K)
[143.242s][info][gc             ] GC(140) Pause Young (Allocation Failure) 563M->354M(602M) 60.845ms
[143.242s][info][gc,cpu         ] GC(140) User=0.10s Sys=0.02s Real=0.06s
[143.883s][info][gc,start       ] GC(141) Pause Young (Allocation Failure)
[143.952s][info][gc,heap        ] GC(141) PSYoungGen: 270072K(283648K)->30288K(270336K) Eden: 239616K(239616K)->0K(239616K) From: 30456K(44032K)->30288K(30720K)
[143.952s][info][gc,heap        ] GC(141) ParOldGen: 333011K(333312K)->361795K(361984K)
[143.952s][info][gc,metaspace   ] GC(141) Metaspace: 41801K(42176K)->41801K(42176K) NonClass: 37459K(37696K)->37459K(37696K) Class: 4341K(4480K)->4341K(4480K)
[143.952s][info][gc             ] GC(141) Pause Young (Allocation Failure) 588M->382M(617M) 69.600ms
[143.952s][info][gc,cpu         ] GC(141) User=0.11s Sys=0.03s Real=0.07s
[145.628s][info][gc,start       ] GC(142) Pause Young (Allocation Failure)
[145.678s][info][gc,heap        ] GC(142) PSYoungGen: 269904K(270336K)->15784K(287744K) Eden: 239616K(239616K)->0K(238592K) From: 30288K(30720K)->15784K(49152K)
[145.679s][info][gc,heap        ] GC(142) ParOldGen: 361795K(361984K)->392292K(392704K)
[145.679s][info][gc,metaspace   ] GC(142) Metaspace: 41801K(42176K)->41801K(42176K) NonClass: 37460K(37696K)->37460K(37696K) Class: 4341K(4480K)->4341K(4480K)
[145.679s][info][gc             ] GC(142) Pause Young (Allocation Failure) 616M->398M(664M) 50.345ms
[145.679s][info][gc,cpu         ] GC(142) User=0.07s Sys=0.03s Real=0.05s
[147.145s][info][gc,start       ] GC(143) Pause Young (Allocation Failure)
[147.164s][info][gc,heap        ] GC(143) PSYoungGen: 254376K(287744K)->964K(284672K) Eden: 238592K(238592K)->0K(238592K) From: 15784K(49152K)->964K(46080K)
[147.164s][info][gc,heap        ] GC(143) ParOldGen: 392292K(392704K)->406717K(407040K)
[147.164s][info][gc,metaspace   ] GC(143) Metaspace: 41801K(42176K)->41801K(42176K) NonClass: 37460K(37696K)->37460K(37696K) Class: 4341K(4480K)->4341K(4480K)
[147.164s][info][gc             ] GC(143) Pause Young (Allocation Failure) 631M->398M(675M) 18.478ms
[147.164s][info][gc,cpu         ] GC(143) User=0.02s Sys=0.02s Real=0.02s
[148.606s][info][gc,start       ] GC(144) Pause Young (Allocation Failure)
[148.630s][info][gc,heap        ] GC(144) PSYoungGen: 239556K(284672K)->22271K(285184K) Eden: 238592K(238592K)->0K(239104K) From: 964K(46080K)->22271K(46080K)
[148.630s][info][gc,heap        ] GC(144) ParOldGen: 406717K(407040K)->407146K(407552K)
[148.630s][info][gc,metaspace   ] GC(144) Metaspace: 41803K(42176K)->41803K(42176K) NonClass: 37461K(37696K)->37461K(37696K) Class: 4341K(4480K)->4341K(4480K)
[148.630s][info][gc             ] GC(144) Pause Young (Allocation Failure) 631M->419M(676M) 24.071ms
[148.630s][info][gc,cpu         ] GC(144) User=0.04s Sys=0.00s Real=0.03s
[150.106s][info][gc,start       ] GC(145) Pause Young (Allocation Failure)
[150.156s][info][gc,heap        ] GC(145) PSYoungGen: 261375K(285184K)->24348K(284672K) Eden: 239104K(239104K)->0K(239104K) From: 22271K(46080K)->24348K(45568K)
[150.156s][info][gc,heap        ] GC(145) ParOldGen: 407146K(407552K)->429248K(429568K)
[150.156s][info][gc,metaspace   ] GC(145) Metaspace: 41803K(42176K)->41803K(42176K) NonClass: 37461K(37696K)->37461K(37696K) Class: 4341K(4480K)->4341K(4480K)
[150.156s][info][gc             ] GC(145) Pause Young (Allocation Failure) 652M->442M(697M) 49.684ms
[150.156s][info][gc,cpu         ] GC(145) User=0.09s Sys=0.01s Real=0.05s
[151.181s][info][gc,start       ] GC(146) Pause Young (Allocation Failure)
[151.237s][info][gc,heap        ] GC(146) PSYoungGen: 263452K(284672K)->30833K(283136K) Eden: 239104K(239104K)->0K(237568K) From: 24348K(45568K)->30833K(45568K)
[151.237s][info][gc,heap        ] GC(146) ParOldGen: 429248K(429568K)->452946K(453120K)
[151.237s][info][gc,metaspace   ] GC(146) Metaspace: 41803K(42176K)->41803K(42176K) NonClass: 37461K(37696K)->37461K(37696K) Class: 4341K(4480K)->4341K(4480K)
[151.237s][info][gc             ] GC(146) Pause Young (Allocation Failure) 676M->472M(719M) 56.053ms
[151.237s][info][gc,cpu         ] GC(146) User=0.10s Sys=0.01s Real=0.06s
[151.867s][info][gc,start       ] GC(147) Pause Young (Allocation Failure)
[151.936s][info][gc,heap        ] GC(147) PSYoungGen: 268401K(283136K)->29752K(267776K) Eden: 237568K(237568K)->0K(237568K) From: 30833K(45568K)->29752K(30208K)
[151.936s][info][gc,heap        ] GC(147) ParOldGen: 452946K(453120K)->483482K(483840K)
[151.936s][info][gc,metaspace   ] GC(147) Metaspace: 41803K(42176K)->41803K(42176K) NonClass: 37461K(37696K)->37461K(37696K) Class: 4341K(4480K)->4341K(4480K)
[151.936s][info][gc             ] GC(147) Pause Young (Allocation Failure) 704M->501M(734M) 68.685ms
[151.936s][info][gc,cpu         ] GC(147) User=0.11s Sys=0.03s Real=0.06s
[152.568s][info][gc,start       ] GC(148) Pause Young (Allocation Failure)
[152.635s][info][gc,heap        ] GC(148) PSYoungGen: 267320K(267776K)->29824K(282624K) Eden: 237568K(237568K)->0K(233472K) From: 29752K(30208K)->29824K(49152K)
[152.635s][info][gc,heap        ] GC(148) ParOldGen: 483482K(483840K)->511802K(512000K)
[152.635s][info][gc,metaspace   ] GC(148) Metaspace: 41803K(42176K)->41803K(42176K) NonClass: 37461K(37696K)->37461K(37696K) Class: 4341K(4480K)->4341K(4480K)
[152.635s][info][gc             ] GC(148) Pause Young (Allocation Failure) 733M->528M(776M) 66.781ms
[152.635s][info][gc,cpu         ] GC(148) User=0.10s Sys=0.03s Real=0.06s
[154.250s][info][gc,start       ] GC(149) Pause Young (Allocation Failure)
[154.303s][info][gc,heap        ] GC(149) PSYoungGen: 263296K(282624K)->14701K(248320K) Eden: 233472K(233472K)->0K(233472K) From: 29824K(49152K)->14701K(14848K)
[154.303s][info][gc,heap        ] GC(149) ParOldGen: 511802K(512000K)->541843K(542208K)
[154.303s][info][gc,metaspace   ] GC(149) Metaspace: 41803K(42176K)->41803K(42176K) NonClass: 37461K(37696K)->37461K(37696K) Class: 4341K(4480K)->4341K(4480K)
[154.303s][info][gc             ] GC(149) Pause Young (Allocation Failure) 756M->543M(772M) 53.031ms
[154.303s][info][gc,cpu         ] GC(149) User=0.08s Sys=0.02s Real=0.05s
[155.449s][info][gc,start       ] GC(150) Pause Young (Allocation Failure)
[155.474s][info][gc,heap        ] GC(150) PSYoungGen: 248173K(248320K)->10447K(283648K) Eden: 233472K(233472K)->0K(235520K) From: 14701K(14848K)->10447K(48128K)
[155.474s][info][gc,heap        ] GC(150) ParOldGen: 541843K(542208K)->555295K(555520K)
[155.474s][info][gc,metaspace   ] GC(150) Metaspace: 41803K(42176K)->41803K(42176K) NonClass: 37461K(37696K)->37461K(37696K) Class: 4341K(4480K)->4341K(4480K)
[155.474s][info][gc             ] GC(150) Pause Young (Allocation Failure) 771M->552M(819M) 25.827ms
[155.474s][info][gc,cpu         ] GC(150) User=0.04s Sys=0.01s Real=0.02s
[156.924s][info][gc,start       ] GC(151) Pause Young (Allocation Failure)
[156.962s][info][gc,heap        ] GC(151) PSYoungGen: 245967K(283648K)->25638K(282624K) Eden: 235520K(235520K)->0K(235520K) From: 10447K(48128K)->25638K(47104K)
[156.962s][info][gc,heap        ] GC(151) ParOldGen: 555295K(555520K)->565777K(566272K)
[156.962s][info][gc,metaspace   ] GC(151) Metaspace: 41803K(42176K)->41803K(42176K) NonClass: 37461K(37696K)->37461K(37696K) Class: 4341K(4480K)->4341K(4480K)
[156.962s][info][gc             ] GC(151) Pause Young (Allocation Failure) 782M->577M(829M) 38.305ms
[156.962s][info][gc,cpu         ] GC(151) User=0.06s Sys=0.02s Real=0.04s
[158.369s][info][gc,start       ] GC(152) Pause Young (Allocation Failure)
[158.422s][info][gc,heap        ] GC(152) PSYoungGen: 261158K(282624K)->22340K(285184K) Eden: 235520K(235520K)->0K(240128K) From: 25638K(47104K)->22340K(45056K)
[158.422s][info][gc,heap        ] GC(152) ParOldGen: 565777K(566272K)->591210K(591360K)
[158.422s][info][gc,metaspace   ] GC(152) Metaspace: 41803K(42176K)->41803K(42176K) NonClass: 37461K(37696K)->37461K(37696K) Class: 4341K(4480K)->4341K(4480K)
[158.422s][info][gc             ] GC(152) Pause Young (Allocation Failure) 807M->599M(856M) 52.435ms
[158.422s][info][gc,cpu         ] GC(152) User=0.09s Sys=0.01s Real=0.05s
[159.646s][info][gc,start       ] GC(153) Pause Young (Allocation Failure)
[159.703s][info][gc,heap        ] GC(153) PSYoungGen: 262468K(285184K)->28163K(285184K) Eden: 240128K(240128K)->0K(240128K) From: 22340K(45056K)->28163K(45056K)
[159.703s][info][gc,heap        ] GC(153) ParOldGen: 591210K(591360K)->613555K(613888K)
[159.703s][info][gc,metaspace   ] GC(153) Metaspace: 41810K(42240K)->41810K(42240K) NonClass: 37469K(37760K)->37469K(37760K) Class: 4341K(4480K)->4341K(4480K)
[159.703s][info][gc             ] GC(153) Pause Young (Allocation Failure) 833M->626M(878M) 56.740ms
[159.703s][info][gc,cpu         ] GC(153) User=0.09s Sys=0.02s Real=0.06s
[160.629s][info][gc,start       ] GC(154) Pause Young (Allocation Failure)
[160.674s][info][gc,heap        ] GC(154) PSYoungGen: 268291K(285184K)->12965K(287232K) Eden: 240128K(240128K)->0K(243200K) From: 28163K(45056K)->12965K(44032K)
[160.674s][info][gc,heap        ] GC(154) ParOldGen: 613555K(613888K)->633998K(634368K)
[160.674s][info][gc,metaspace   ] GC(154) Metaspace: 41813K(42240K)->41813K(42240K) NonClass: 37472K(37760K)->37472K(37760K) Class: 4341K(4480K)->4341K(4480K)
[160.674s][info][gc             ] GC(154) Pause Young (Allocation Failure) 861M->631M(900M) 45.058ms
[160.674s][info][gc,cpu         ] GC(154) User=0.06s Sys=0.02s Real=0.04s
[161.608s][info][gc,start       ] GC(155) Pause Full (Allocation Failure)
[161.608s][info][gc,phases,start] GC(155) Marking Phase
[161.676s][info][gc,phases      ] GC(155) Marking Phase 68.827ms
[161.677s][info][gc,phases,start] GC(155) Summary Phase
[161.677s][info][gc,phases      ] GC(155) Summary Phase 0.031ms
[161.677s][info][gc,phases,start] GC(155) Forward
[161.691s][info][gc,phases      ] GC(155) Forward 14.026ms
[161.691s][info][gc,phases,start] GC(155) Adjust Pointers
[161.729s][info][gc,phases      ] GC(155) Adjust Pointers 38.472ms
[161.729s][info][gc,phases,start] GC(155) Compaction Phase
[161.745s][info][gc,phases      ] GC(155) Compaction Phase 15.343ms
[161.745s][info][gc,phases,start] GC(155) Post Compact
[161.748s][info][gc,phases      ] GC(155) Post Compact 3.079ms
[161.785s][info][gc,heap        ] GC(155) PSYoungGen: 256165K(287232K)->0K(287744K) Eden: 243200K(243200K)->0K(243200K) From: 12965K(44032K)->0K(44544K)
[161.785s][info][gc,heap        ] GC(155) ParOldGen: 633998K(634368K)->80223K(197120K)
[161.785s][info][gc,metaspace   ] GC(155) Metaspace: 41816K(42240K)->41816K(42240K) NonClass: 37474K(37760K)->37474K(37760K) Class: 4341K(4480K)->4341K(4480K)
[161.785s][info][gc             ] GC(155) Pause Full (Allocation Failure) 869M->78M(473M) 177.361ms
[161.785s][info][gc,cpu         ] GC(155) User=0.21s Sys=0.04s Real=0.17s
[162.778s][info][gc,start       ] GC(156) Pause Young (Allocation Failure)
[162.818s][info][gc,heap        ] GC(156) PSYoungGen: 243200K(287744K)->38676K(280064K) Eden: 243200K(243200K)->0K(235520K) From: 0K(44544K)->38676K(44544K)
[162.818s][info][gc,heap        ] GC(156) ParOldGen: 80223K(197120K)->80223K(197120K)
[162.818s][info][gc,metaspace   ] GC(156) Metaspace: 41820K(42240K)->41820K(42240K) NonClass: 37478K(37760K)->37478K(37760K) Class: 4341K(4480K)->4341K(4480K)
[162.818s][info][gc             ] GC(156) Pause Young (Allocation Failure) 315M->116M(466M) 39.953ms
[162.818s][info][gc,cpu         ] GC(156) User=0.07s Sys=0.01s Real=0.04s
[163.647s][info][gc,start       ] GC(157) Pause Young (Allocation Failure)
[163.681s][info][gc,heap        ] GC(157) PSYoungGen: 274196K(280064K)->3940K(284672K) Eden: 235520K(235520K)->0K(235520K) From: 38676K(44544K)->3940K(49152K)
[163.681s][info][gc,heap        ] GC(157) ParOldGen: 80223K(197120K)->115298K(197120K)
[163.681s][info][gc,metaspace   ] GC(157) Metaspace: 41820K(42240K)->41820K(42240K) NonClass: 37478K(37760K)->37478K(37760K) Class: 4341K(4480K)->4341K(4480K)
[163.681s][info][gc             ] GC(157) Pause Young (Allocation Failure) 346M->116M(470M) 34.330ms
[163.681s][info][gc,cpu         ] GC(157) User=0.07s Sys=0.00s Real=0.04s
[164.577s][info][gc,start       ] GC(158) Pause Young (Allocation Failure)
[164.600s][info][gc,heap        ] GC(158) PSYoungGen: 239460K(284672K)->27198K(284672K) Eden: 235520K(235520K)->0K(235520K) From: 3940K(49152K)->27198K(49152K)
[164.600s][info][gc,heap        ] GC(158) ParOldGen: 115298K(197120K)->116402K(197120K)
[164.600s][info][gc,metaspace   ] GC(158) Metaspace: 41820K(42240K)->41820K(42240K) NonClass: 37478K(37760K)->37478K(37760K) Class: 4341K(4480K)->4341K(4480K)
[164.600s][info][gc             ] GC(158) Pause Young (Allocation Failure) 346M->140M(470M) 22.684ms
[164.600s][info][gc,cpu         ] GC(158) User=0.04s Sys=0.00s Real=0.02s
[165.830s][info][gc,start       ] GC(159) Pause Young (Allocation Failure)
[165.833s][info][gc,heap        ] GC(159) PSYoungGen: 262017K(284672K)->1520K(237056K) Eden: 234819K(235520K)->0K(235520K) From: 27198K(49152K)->1520K(1536K)
[165.833s][info][gc,heap        ] GC(159) ParOldGen: 116402K(197120K)->117138K(197120K)
[165.833s][info][gc,metaspace   ] GC(159) Metaspace: 41821K(42240K)->41821K(42240K) NonClass: 37480K(37760K)->37480K(37760K) Class: 4341K(4480K)->4341K(4480K)
[165.833s][info][gc             ] GC(159) Pause Young (Allocation Failure) 369M->115M(424M) 3.126ms
[165.833s][info][gc,cpu         ] GC(159) User=0.00s Sys=0.00s Real=0.00s
[166.825s][info][gc,start       ] GC(160) Pause Young (Allocation Failure)
[166.831s][info][gc,heap        ] GC(160) PSYoungGen: 237040K(237056K)->6670K(285184K) Eden: 235520K(235520K)->0K(235520K) From: 1520K(1536K)->6670K(49664K)
[166.832s][info][gc,heap        ] GC(160) ParOldGen: 117138K(197120K)->118250K(197120K)
[166.832s][info][gc,metaspace   ] GC(160) Metaspace: 41821K(42240K)->41821K(42240K) NonClass: 37480K(37760K)->37480K(37760K) Class: 4341K(4480K)->4341K(4480K)
[166.832s][info][gc             ] GC(160) Pause Young (Allocation Failure) 345M->121M(471M) 6.486ms
[166.832s][info][gc,cpu         ] GC(160) User=0.01s Sys=0.00s Real=0.01s
[167.697s][info][gc,start       ] GC(161) Pause Young (Allocation Failure)
[167.702s][info][gc,heap        ] GC(161) PSYoungGen: 242190K(285184K)->5508K(241152K) Eden: 235520K(235520K)->0K(235520K) From: 6670K(49664K)->5508K(5632K)
[167.702s][info][gc,heap        ] GC(161) ParOldGen: 118250K(197120K)->119138K(197120K)
[167.702s][info][gc,metaspace   ] GC(161) Metaspace: 41821K(42240K)->41821K(42240K) NonClass: 37480K(37760K)->37480K(37760K) Class: 4341K(4480K)->4341K(4480K)
[167.702s][info][gc             ] GC(161) Pause Young (Allocation Failure) 351M->121M(428M) 5.050ms
[167.702s][info][gc,cpu         ] GC(161) User=0.01s Sys=0.00s Real=0.00s
[168.679s][info][gc,start       ] GC(162) Pause Young (Allocation Failure)
[168.700s][info][gc,heap        ] GC(162) PSYoungGen: 241028K(241152K)->11243K(285184K) Eden: 235520K(235520K)->0K(237568K) From: 5508K(5632K)->11243K(47616K)
[168.700s][info][gc,heap        ] GC(162) ParOldGen: 119138K(197120K)->120134K(197120K)
[168.700s][info][gc,metaspace   ] GC(162) Metaspace: 41821K(42240K)->41821K(42240K) NonClass: 37480K(37760K)->37480K(37760K) Class: 4341K(4480K)->4341K(4480K)
[168.700s][info][gc             ] GC(162) Pause Young (Allocation Failure) 351M->128M(471M) 20.451ms
[168.700s][info][gc,cpu         ] GC(162) User=0.03s Sys=0.00s Real=0.02s
[169.506s][info][gc,start       ] GC(163) Pause Young (Allocation Failure)
[169.533s][info][gc,heap        ] GC(163) PSYoungGen: 248811K(285184K)->29154K(283136K) Eden: 237568K(237568K)->0K(237568K) From: 11243K(47616K)->29154K(45568K)
[169.533s][info][gc,heap        ] GC(163) ParOldGen: 120134K(197120K)->121038K(197120K)
[169.533s][info][gc,metaspace   ] GC(163) Metaspace: 41823K(42240K)->41823K(42240K) NonClass: 37481K(37760K)->37481K(37760K) Class: 4341K(4480K)->4341K(4480K)
[169.533s][info][gc             ] GC(163) Pause Young (Allocation Failure) 360M->146M(469M) 27.484ms
[169.533s][info][gc,cpu         ] GC(163) User=0.05s Sys=0.00s Real=0.03s
[170.636s][info][gc,start       ] GC(164) Pause Young (Allocation Failure)
[170.676s][info][gc,heap        ] GC(164) PSYoungGen: 266722K(283136K)->24099K(286720K) Eden: 237568K(237568K)->0K(239616K) From: 29154K(45568K)->24099K(47104K)
[170.676s][info][gc,heap        ] GC(164) ParOldGen: 121038K(197120K)->137612K(197120K)
[170.676s][info][gc,metaspace   ] GC(164) Metaspace: 41823K(42240K)->41823K(42240K) NonClass: 37481K(37760K)->37481K(37760K) Class: 4341K(4480K)->4341K(4480K)
[170.676s][info][gc             ] GC(164) Pause Young (Allocation Failure) 378M->157M(472M) 39.552ms
[170.676s][info][gc,cpu         ] GC(164) User=0.08s Sys=0.00s Real=0.04s
[171.825s][info][gc,start       ] GC(165) Pause Young (Allocation Failure)
[171.918s][info][gc,heap        ] GC(165) PSYoungGen: 263715K(286720K)->33073K(272896K) Eden: 239616K(239616K)->0K(239616K) From: 24099K(47104K)->33073K(33280K)
[171.918s][info][gc,heap        ] GC(165) ParOldGen: 137612K(197120K)->161401K(197120K)
[171.918s][info][gc,metaspace   ] GC(165) Metaspace: 41823K(42240K)->41823K(42240K) NonClass: 37482K(37760K)->37482K(37760K) Class: 4341K(4480K)->4341K(4480K)
[171.918s][info][gc             ] GC(165) Pause Young (Allocation Failure) 391M->189M(459M) 93.183ms
[171.918s][info][gc,cpu         ] GC(165) User=0.18s Sys=0.00s Real=0.10s
[172.856s][info][gc,start       ] GC(166) Pause Young (Allocation Failure)
[172.949s][info][gc,heap        ] GC(166) PSYoungGen: 272689K(272896K)->28454K(283136K) Eden: 239616K(239616K)->0K(233472K) From: 33073K(33280K)->28454K(49664K)
[172.949s][info][gc,heap        ] GC(166) ParOldGen: 161401K(197120K)->189613K(197120K)
[172.949s][info][gc,metaspace   ] GC(166) Metaspace: 41830K(42240K)->41830K(42240K) NonClass: 37488K(37760K)->37488K(37760K) Class: 4341K(4480K)->4341K(4480K)
[172.949s][info][gc             ] GC(166) Pause Young (Allocation Failure) 423M->212M(469M) 93.190ms
[172.949s][info][gc,cpu         ] GC(166) User=0.18s Sys=0.00s Real=0.10s
[173.735s][info][gc,start       ] GC(167) Pause Young (Allocation Failure)
[173.753s][info][gc,heap        ] GC(167) PSYoungGen: 261926K(283136K)->15159K(248832K) Eden: 233472K(233472K)->0K(233472K) From: 28454K(49664K)->15159K(15360K)
[173.753s][info][gc,heap        ] GC(167) ParOldGen: 189613K(197120K)->199714K(200192K)
[173.753s][info][gc,metaspace   ] GC(167) Metaspace: 41830K(42240K)->41830K(42240K) NonClass: 37488K(37760K)->37488K(37760K) Class: 4341K(4480K)->4341K(4480K)
[173.753s][info][gc             ] GC(167) Pause Young (Allocation Failure) 440M->209M(438M) 17.677ms
[173.753s][info][gc,cpu         ] GC(167) User=0.03s Sys=0.00s Real=0.02s
[174.525s][info][gc,start       ] GC(168) Pause Young (Allocation Failure)
[174.540s][info][gc,heap        ] GC(168) PSYoungGen: 248631K(248832K)->21301K(284672K) Eden: 233472K(233472K)->0K(236544K) From: 15159K(15360K)->21301K(48128K)
[174.540s][info][gc,heap        ] GC(168) ParOldGen: 199714K(200192K)->200206K(200704K)
[174.540s][info][gc,metaspace   ] GC(168) Metaspace: 41836K(42240K)->41836K(42240K) NonClass: 37494K(37760K)->37494K(37760K) Class: 4341K(4480K)->4341K(4480K)
[174.540s][info][gc             ] GC(168) Pause Young (Allocation Failure) 437M->216M(474M) 14.277ms
[174.540s][info][gc,cpu         ] GC(168) User=0.02s Sys=0.00s Real=0.02s
[175.405s][info][gc,start       ] GC(169) Pause Young (Allocation Failure)
[175.409s][info][gc,heap        ] GC(169) PSYoungGen: 257845K(284672K)->1267K(282112K) Eden: 236544K(236544K)->0K(236544K) From: 21301K(48128K)->1267K(45568K)
[175.409s][info][gc,heap        ] GC(169) ParOldGen: 200206K(200704K)->200893K(201216K)
[175.409s][info][gc,metaspace   ] GC(169) Metaspace: 41836K(42240K)->41836K(42240K) NonClass: 37495K(37760K)->37495K(37760K) Class: 4341K(4480K)->4341K(4480K)
[175.409s][info][gc             ] GC(169) Pause Young (Allocation Failure) 447M->197M(472M) 3.273ms
[175.409s][info][gc,cpu         ] GC(169) User=0.01s Sys=0.00s Real=0.01s
[176.226s][info][gc,start       ] GC(170) Pause Young (Allocation Failure)
[176.236s][info][gc,heap        ] GC(170) PSYoungGen: 237811K(282112K)->12425K(286720K) Eden: 236544K(236544K)->0K(241664K) From: 1267K(45568K)->12425K(45056K)
[176.236s][info][gc,heap        ] GC(170) ParOldGen: 200893K(201216K)->201477K(201728K)
[176.236s][info][gc,metaspace   ] GC(170) Metaspace: 41836K(42240K)->41836K(42240K) NonClass: 37495K(37760K)->37495K(37760K) Class: 4341K(4480K)->4341K(4480K)
[176.236s][info][gc             ] GC(170) Pause Young (Allocation Failure) 428M->208M(477M) 10.107ms
[176.236s][info][gc,cpu         ] GC(170) User=0.02s Sys=0.00s Real=0.01s
[177.116s][info][gc,start       ] GC(171) Pause Young (Allocation Failure)
[177.153s][info][gc,heap        ] GC(171) PSYoungGen: 254089K(286720K)->44526K(286208K) Eden: 241664K(241664K)->0K(241664K) From: 12425K(45056K)->44526K(44544K)
[177.153s][info][gc,heap        ] GC(171) ParOldGen: 201477K(201728K)->212551K(212992K)
[177.153s][info][gc,metaspace   ] GC(171) Metaspace: 41836K(42240K)->41836K(42240K) NonClass: 37495K(37760K)->37495K(37760K) Class: 4341K(4480K)->4341K(4480K)
[177.153s][info][gc             ] GC(171) Pause Young (Allocation Failure) 444M->251M(487M) 37.200ms
[177.153s][info][gc,cpu         ] GC(171) User=0.06s Sys=0.00s Real=0.04s
[177.981s][info][gc,start       ] GC(172) Pause Young (Allocation Failure)
[178.038s][info][gc,heap        ] GC(172) PSYoungGen: 286190K(286208K)->25933K(272896K) Eden: 241664K(241664K)->0K(225280K) From: 44526K(44544K)->25933K(47616K)
[178.038s][info][gc,heap        ] GC(172) ParOldGen: 212551K(212992K)->253962K(254464K)
[178.038s][info][gc,metaspace   ] GC(172) Metaspace: 41838K(42240K)->41838K(42240K) NonClass: 37496K(37760K)->37496K(37760K) Class: 4341K(4480K)->4341K(4480K)
[178.038s][info][gc             ] GC(172) Pause Young (Allocation Failure) 487M->273M(515M) 57.826ms
[178.038s][info][gc,cpu         ] GC(172) User=0.09s Sys=0.03s Real=0.06s
[178.861s][info][gc,start       ] GC(173) Pause Young (Allocation Failure)
[178.899s][info][gc,heap        ] GC(173) PSYoungGen: 251213K(272896K)->19022K(279552K) Eden: 225280K(225280K)->0K(225280K) From: 25933K(47616K)->19022K(54272K)
[178.899s][info][gc,heap        ] GC(173) ParOldGen: 253962K(254464K)->279172K(279552K)
[178.899s][info][gc,metaspace   ] GC(173) Metaspace: 41838K(42240K)->41838K(42240K) NonClass: 37497K(37760K)->37497K(37760K) Class: 4341K(4480K)->4341K(4480K)
[178.899s][info][gc             ] GC(173) Pause Young (Allocation Failure) 493M->291M(546M) 38.044ms
[178.899s][info][gc,cpu         ] GC(173) User=0.05s Sys=0.02s Real=0.04s
[179.662s][info][gc,start       ] GC(174) Pause Young (Allocation Failure)
[179.671s][info][gc,heap        ] GC(174) PSYoungGen: 244302K(279552K)->11523K(274432K) Eden: 225280K(225280K)->0K(228352K) From: 19022K(54272K)->11523K(46080K)
[179.671s][info][gc,heap        ] GC(174) ParOldGen: 279172K(279552K)->280236K(280576K)
[179.671s][info][gc,metaspace   ] GC(174) Metaspace: 41838K(42240K)->41838K(42240K) NonClass: 37497K(37760K)->37497K(37760K) Class: 4341K(4480K)->4341K(4480K)
[179.671s][info][gc             ] GC(174) Pause Young (Allocation Failure) 511M->284M(542M) 8.907ms
[179.671s][info][gc,cpu         ] GC(174) User=0.01s Sys=0.00s Real=0.01s
[180.459s][info][gc,start       ] GC(175) Pause Young (Allocation Failure)
[180.474s][info][gc,heap        ] GC(175) PSYoungGen: 239875K(274432K)->21463K(278528K) Eden: 228352K(228352K)->0K(228352K) From: 11523K(46080K)->21463K(50176K)
[180.474s][info][gc,heap        ] GC(175) ParOldGen: 280236K(280576K)->281013K(281088K)
[180.474s][info][gc,metaspace   ] GC(175) Metaspace: 41838K(42240K)->41838K(42240K) NonClass: 37497K(37760K)->37497K(37760K) Class: 4341K(4480K)->4341K(4480K)
[180.474s][info][gc             ] GC(175) Pause Young (Allocation Failure) 507M->295M(546M) 15.021ms
[180.474s][info][gc,cpu         ] GC(175) User=0.02s Sys=0.00s Real=0.01s
[181.229s][info][gc,start       ] GC(176) Pause Young (Allocation Failure)
[181.241s][info][gc,heap        ] GC(176) PSYoungGen: 249815K(278528K)->16944K(278016K) Eden: 228352K(228352K)->0K(236032K) From: 21463K(50176K)->16944K(41984K)
[181.241s][info][gc,heap        ] GC(176) ParOldGen: 281013K(281088K)->281651K(282112K)
[181.241s][info][gc,metaspace   ] GC(176) Metaspace: 41841K(42240K)->41841K(42240K) NonClass: 37499K(37760K)->37499K(37760K) Class: 4341K(4480K)->4341K(4480K)
[181.241s][info][gc             ] GC(176) Pause Young (Allocation Failure) 518M->291M(547M) 12.192ms
[181.241s][info][gc,cpu         ] GC(176) User=0.02s Sys=0.00s Real=0.01s
[181.945s][info][gc,start       ] GC(177) Pause Young (Allocation Failure)
[181.965s][info][gc,heap        ] GC(177) PSYoungGen: 252976K(278016K)->5398K(281600K) Eden: 236032K(236032K)->0K(236032K) From: 16944K(41984K)->5398K(45568K)
[181.965s][info][gc,heap        ] GC(177) ParOldGen: 281651K(282112K)->298311K(298496K)
[181.965s][info][gc,metaspace   ] GC(177) Metaspace: 41841K(42240K)->41841K(42240K) NonClass: 37499K(37760K)->37499K(37760K) Class: 4341K(4480K)->4341K(4480K)
[181.965s][info][gc             ] GC(177) Pause Young (Allocation Failure) 522M->296M(566M) 20.104ms
[181.965s][info][gc,cpu         ] GC(177) User=0.02s Sys=0.01s Real=0.02s
[182.726s][info][gc,start       ] GC(178) Pause Young (Allocation Failure)
[182.730s][info][gc,heap        ] GC(178) PSYoungGen: 241430K(281600K)->690K(287232K) Eden: 236032K(236032K)->0K(241664K) From: 5398K(45568K)->690K(45568K)
[182.730s][info][gc,heap        ] GC(178) ParOldGen: 298311K(298496K)->300080K(300544K)
[182.730s][info][gc,metaspace   ] GC(178) Metaspace: 41843K(42240K)->41843K(42240K) NonClass: 37502K(37760K)->37502K(37760K) Class: 4341K(4480K)->4341K(4480K)
[182.730s][info][gc             ] GC(178) Pause Young (Allocation Failure) 527M->293M(574M) 4.041ms
[182.730s][info][gc,cpu         ] GC(178) User=0.01s Sys=0.00s Real=0.01s
[183.153s][info][gc,start       ] GC(179) Pause Young (Allocation Failure)
[183.158s][info][gc,heap        ] GC(179) PSYoungGen: 242354K(287232K)->4227K(246272K) Eden: 241664K(241664K)->0K(241664K) From: 690K(45568K)->4227K(4608K)
[183.158s][info][gc,heap        ] GC(179) ParOldGen: 300080K(300544K)->300201K(300544K)
[183.158s][info][gc,metaspace   ] GC(179) Metaspace: 41846K(42240K)->41846K(42240K) NonClass: 37505K(37760K)->37505K(37760K) Class: 4341K(4480K)->4341K(4480K)
[183.158s][info][gc             ] GC(179) Pause Young (Allocation Failure) 529M->297M(534M) 4.652ms
[183.158s][info][gc,cpu         ] GC(179) User=0.01s Sys=0.00s Real=0.01s
[183.653s][info][gc,start       ] GC(180) Pause Young (Allocation Failure)
[183.661s][info][gc,heap        ] GC(180) PSYoungGen: 245891K(246272K)->10300K(289280K) Eden: 241664K(241664K)->0K(244224K) From: 4227K(4608K)->10300K(45056K)
[183.661s][info][gc,heap        ] GC(180) ParOldGen: 300201K(300544K)->301390K(301568K)
[183.661s][info][gc,metaspace   ] GC(180) Metaspace: 41873K(42240K)->41873K(42240K) NonClass: 37531K(37760K)->37531K(37760K) Class: 4341K(4480K)->4341K(4480K)
[183.661s][info][gc             ] GC(180) Pause Young (Allocation Failure) 533M->304M(577M) 8.618ms
[183.661s][info][gc,cpu         ] GC(180) User=0.02s Sys=0.00s Real=0.01s
[183.966s][info][gc,start       ] GC(181) Pause Young (Allocation Failure)
[183.978s][info][gc,heap        ] GC(181) PSYoungGen: 254524K(289280K)->1212K(287232K) Eden: 244224K(244224K)->0K(244224K) From: 10300K(45056K)->1212K(43008K)
[183.979s][info][gc,heap        ] GC(181) ParOldGen: 301390K(301568K)->311466K(311808K)
[183.979s][info][gc,metaspace   ] GC(181) Metaspace: 41877K(42304K)->41877K(42304K) NonClass: 37535K(37824K)->37535K(37824K) Class: 4342K(4480K)->4342K(4480K)
[183.979s][info][gc             ] GC(181) Pause Young (Allocation Failure) 542M->305M(585M) 12.771ms
[183.979s][info][gc,cpu         ] GC(181) User=0.01s Sys=0.01s Real=0.02s
[184.292s][info][gc,start       ] GC(182) Pause Young (Allocation Failure)
[184.297s][info][gc,heap        ] GC(182) PSYoungGen: 245436K(287232K)->3879K(289280K) Eden: 244224K(244224K)->0K(247296K) From: 1212K(43008K)->3879K(41984K)
[184.297s][info][gc,heap        ] GC(182) ParOldGen: 311466K(311808K)->312605K(312832K)
[184.297s][info][gc,metaspace   ] GC(182) Metaspace: 41877K(42304K)->41877K(42304K) NonClass: 37535K(37824K)->37535K(37824K) Class: 4342K(4480K)->4342K(4480K)
[184.297s][info][gc             ] GC(182) Pause Young (Allocation Failure) 543M->309M(588M) 5.429ms
[184.297s][info][gc,cpu         ] GC(182) User=0.00s Sys=0.00s Real=0.01s
[184.616s][info][gc,start       ] GC(183) Pause Young (Allocation Failure)
[184.622s][info][gc,heap        ] GC(183) PSYoungGen: 251175K(289280K)->2507K(288768K) Eden: 247296K(247296K)->0K(247296K) From: 3879K(41984K)->2507K(41472K)
[184.622s][info][gc,heap        ] GC(183) ParOldGen: 312605K(312832K)->314615K(314880K)
[184.622s][info][gc,metaspace   ] GC(183) Metaspace: 41878K(42304K)->41878K(42304K) NonClass: 37535K(37824K)->37535K(37824K) Class: 4342K(4480K)->4342K(4480K)
[184.623s][info][gc             ] GC(183) Pause Young (Allocation Failure) 550M->309M(589M) 6.640ms
[184.623s][info][gc,cpu         ] GC(183) User=0.01s Sys=0.00s Real=0.01s
[184.984s][info][gc,start       ] GC(184) Pause Young (Allocation Failure)
[185.001s][info][gc,heap        ] GC(184) PSYoungGen: 249803K(288768K)->7741K(289792K) Eden: 247296K(247296K)->0K(251904K) From: 2507K(41472K)->7741K(37888K)
[185.001s][info][gc,heap        ] GC(184) ParOldGen: 314615K(314880K)->317052K(317440K)
[185.001s][info][gc,metaspace   ] GC(184) Metaspace: 41879K(42304K)->41879K(42304K) NonClass: 37536K(37824K)->37536K(37824K) Class: 4342K(4480K)->4342K(4480K)
[185.001s][info][gc             ] GC(184) Pause Young (Allocation Failure) 551M->317M(593M) 16.933ms
[185.001s][info][gc,cpu         ] GC(184) User=0.03s Sys=0.01s Real=0.02s
[185.367s][info][gc,start       ] GC(185) Pause Young (Allocation Failure)
[185.392s][info][gc,heap        ] GC(185) PSYoungGen: 259241K(289792K)->6837K(290304K) Eden: 251500K(251904K)->0K(251904K) From: 7741K(37888K)->6837K(38400K)
[185.392s][info][gc,heap        ] GC(185) ParOldGen: 317052K(317440K)->324863K(325120K)
[185.392s][info][gc,metaspace   ] GC(185) Metaspace: 41881K(42304K)->41881K(42304K) NonClass: 37538K(37824K)->37538K(37824K) Class: 4342K(4480K)->4342K(4480K)
[185.392s][info][gc             ] GC(185) Pause Young (Allocation Failure) 562M->323M(601M) 25.186ms
[185.392s][info][gc,cpu         ] GC(185) User=0.05s Sys=0.00s Real=0.02s
[185.769s][info][gc,start       ] GC(186) Pause Young (Allocation Failure)
[185.789s][info][gc,heap        ] GC(186) PSYoungGen: 258741K(290304K)->11348K(292864K) Eden: 251904K(251904K)->0K(259072K) From: 6837K(38400K)->11348K(33792K)
[185.789s][info][gc,heap        ] GC(186) ParOldGen: 324863K(325120K)->331679K(331776K)
[185.790s][info][gc,metaspace   ] GC(186) Metaspace: 41882K(42304K)->41882K(42304K) NonClass: 37539K(37824K)->37539K(37824K) Class: 4342K(4480K)->4342K(4480K)
[185.790s][info][gc             ] GC(186) Pause Young (Allocation Failure) 569M->334M(610M) 20.300ms
[185.790s][info][gc,cpu         ] GC(186) User=0.04s Sys=0.00s Real=0.02s
[186.461s][info][gc,start       ] GC(187) Pause Young (Allocation Failure)
[186.491s][info][gc,heap        ] GC(187) PSYoungGen: 270420K(292864K)->6690K(293376K) Eden: 259072K(259072K)->0K(259072K) From: 11348K(33792K)->6690K(34304K)
[186.491s][info][gc,heap        ] GC(187) ParOldGen: 331679K(331776K)->343241K(343552K)
[186.491s][info][gc,metaspace   ] GC(187) Metaspace: 41966K(42368K)->41966K(42368K) NonClass: 37623K(37888K)->37623K(37888K) Class: 4342K(4480K)->4342K(4480K)
[186.491s][info][gc             ] GC(187) Pause Young (Allocation Failure) 587M->341M(622M) 29.779ms
[186.491s][info][gc,cpu         ] GC(187) User=0.05s Sys=0.01s Real=0.03s
[187.148s][info][gc,start       ] GC(188) Pause Young (Allocation Failure)
[187.157s][info][gc,heap        ] GC(188) PSYoungGen: 265762K(293376K)->3280K(298496K) Eden: 259072K(259072K)->0K(266240K) From: 6690K(34304K)->3280K(32256K)
[187.157s][info][gc,heap        ] GC(188) ParOldGen: 343241K(343552K)->348060K(348160K)
[187.157s][info][gc,metaspace   ] GC(188) Metaspace: 41971K(42368K)->41971K(42368K) NonClass: 37629K(37888K)->37629K(37888K) Class: 4342K(4480K)->4342K(4480K)
[187.157s][info][gc             ] GC(188) Pause Young (Allocation Failure) 594M->343M(631M) 8.925ms
[187.157s][info][gc,cpu         ] GC(188) User=0.02s Sys=0.00s Real=0.01s
[187.799s][info][gc,start       ] GC(189) Pause Young (Allocation Failure)
[187.804s][info][gc,heap        ] GC(189) PSYoungGen: 269520K(298496K)->4056K(297984K) Eden: 266240K(266240K)->0K(266240K) From: 3280K(32256K)->4056K(31744K)
[187.804s][info][gc,heap        ] GC(189) ParOldGen: 348060K(348160K)->348060K(348160K)
[187.804s][info][gc,metaspace   ] GC(189) Metaspace: 41983K(42368K)->41983K(42368K) NonClass: 37641K(37888K)->37641K(37888K) Class: 4342K(4480K)->4342K(4480K)
[187.804s][info][gc             ] GC(189) Pause Young (Allocation Failure) 603M->343M(631M) 4.804ms
[187.804s][info][gc,cpu         ] GC(189) User=0.01s Sys=0.00s Real=0.00s
[188.490s][info][gc,start       ] GC(190) Pause Young (Allocation Failure)
[188.495s][info][gc,heap        ] GC(190) PSYoungGen: 270296K(297984K)->1919K(300544K) Eden: 266240K(266240K)->0K(270336K) From: 4056K(31744K)->1919K(30208K)
[188.495s][info][gc,heap        ] GC(190) ParOldGen: 348060K(348160K)->348116K(348160K)
[188.495s][info][gc,metaspace   ] GC(190) Metaspace: 41984K(42368K)->41984K(42368K) NonClass: 37641K(37888K)->37641K(37888K) Class: 4342K(4480K)->4342K(4480K)
[188.495s][info][gc             ] GC(190) Pause Young (Allocation Failure) 603M->341M(633M) 5.487ms
[188.495s][info][gc,cpu         ] GC(190) User=0.01s Sys=0.00s Real=0.00s
[189.240s][info][gc,start       ] GC(191) Pause Young (Allocation Failure)
[189.247s][info][gc,heap        ] GC(191) PSYoungGen: 272255K(300544K)->3253K(300032K) Eden: 270336K(270336K)->0K(270336K) From: 1919K(30208K)->3253K(29696K)
[189.247s][info][gc,heap        ] GC(191) ParOldGen: 348116K(348160K)->349442K(349696K)
[189.247s][info][gc,metaspace   ] GC(191) Metaspace: 41990K(42368K)->41990K(42368K) NonClass: 37648K(37888K)->37648K(37888K) Class: 4342K(4480K)->4342K(4480K)
[189.247s][info][gc             ] GC(191) Pause Young (Allocation Failure) 605M->344M(634M) 7.666ms
[189.247s][info][gc,cpu         ] GC(191) User=0.01s Sys=0.00s Real=0.01s
[190.925s][info][gc,start       ] GC(192) Pause Young (Allocation Failure)
[190.953s][info][gc,heap        ] GC(192) PSYoungGen: 273589K(300032K)->13458K(302080K) Eden: 270336K(270336K)->0K(273920K) From: 3253K(29696K)->13458K(28160K)
[190.953s][info][gc,heap        ] GC(192) ParOldGen: 349442K(349696K)->349586K(349696K)
[190.953s][info][gc,metaspace   ] GC(192) Metaspace: 42081K(42496K)->42081K(42496K) NonClass: 37739K(38016K)->37739K(38016K) Class: 4342K(4480K)->4342K(4480K)
[190.953s][info][gc             ] GC(192) Pause Young (Allocation Failure) 608M->354M(636M) 27.807ms
[190.953s][info][gc,cpu         ] GC(192) User=0.06s Sys=0.00s Real=0.03s
[191.616s][info][gc,start       ] GC(193) Pause Young (Allocation Failure)
[191.682s][info][gc,heap        ] GC(193) PSYoungGen: 287378K(302080K)->28140K(302080K) Eden: 273920K(273920K)->0K(273920K) From: 13458K(28160K)->28140K(28160K)
[191.682s][info][gc,heap        ] GC(193) ParOldGen: 349586K(349696K)->366293K(366592K)
[191.682s][info][gc,metaspace   ] GC(193) Metaspace: 42084K(42496K)->42084K(42496K) NonClass: 37742K(38016K)->37742K(38016K) Class: 4342K(4480K)->4342K(4480K)
[191.682s][info][gc             ] GC(193) Pause Young (Allocation Failure) 622M->385M(653M) 66.448ms
[191.682s][info][gc,cpu         ] GC(193) User=0.09s Sys=0.00s Real=0.07s
[192.469s][info][gc,start       ] GC(194) Pause Young (Allocation Failure)
[192.544s][info][gc,heap        ] GC(194) PSYoungGen: 302060K(302080K)->31736K(254976K) Eden: 273920K(273920K)->0K(223232K) From: 28140K(28160K)->31736K(31744K)
[192.544s][info][gc,heap        ] GC(194) ParOldGen: 366293K(366592K)->395373K(395776K)
[192.544s][info][gc,metaspace   ] GC(194) Metaspace: 42085K(42496K)->42085K(42496K) NonClass: 37743K(38016K)->37743K(38016K) Class: 4342K(4480K)->4342K(4480K)
[192.544s][info][gc             ] GC(194) Pause Young (Allocation Failure) 652M->417M(635M) 75.501ms
[192.544s][info][gc,cpu         ] GC(194) User=0.12s Sys=0.02s Real=0.07s
[195.982s][info][gc,start       ] GC(195) Pause Young (Allocation Failure)
[196.042s][info][gc,heap        ] GC(195) PSYoungGen: 254968K(254976K)->24175K(278528K) Eden: 223232K(223232K)->0K(223232K) From: 31736K(31744K)->24175K(55296K)
[196.042s][info][gc,heap        ] GC(195) ParOldGen: 395373K(395776K)->421709K(421888K)
[196.042s][info][gc,metaspace   ] GC(195) Metaspace: 42088K(42496K)->42088K(42496K) NonClass: 37746K(38016K)->37746K(38016K) Class: 4342K(4480K)->4342K(4480K)
[196.042s][info][gc             ] GC(195) Pause Young (Allocation Failure) 635M->435M(684M) 60.397ms
[196.042s][info][gc,cpu         ] GC(195) User=0.09s Sys=0.02s Real=0.06s
[197.002s][info][gc,start       ] GC(196) Pause Young (Allocation Failure)
[197.035s][info][gc,heap        ] GC(196) PSYoungGen: 247407K(278528K)->3168K(274944K) Eden: 223232K(223232K)->0K(224768K) From: 24175K(55296K)->3168K(50176K)
[197.035s][info][gc,heap        ] GC(196) ParOldGen: 421709K(421888K)->445973K(446464K)
[197.035s][info][gc,metaspace   ] GC(196) Metaspace: 42161K(42560K)->42161K(42560K) NonClass: 37819K(38080K)->37819K(38080K) Class: 4342K(4480K)->4342K(4480K)
[197.035s][info][gc             ] GC(196) Pause Young (Allocation Failure) 653M->438M(704M) 32.460ms
[197.035s][info][gc,cpu         ] GC(196) User=0.04s Sys=0.03s Real=0.03s
[197.617s][info][gc,start       ] GC(197) Pause Young (Allocation Failure)
[197.648s][info][gc,heap        ] GC(197) PSYoungGen: 227936K(274944K)->28373K(277504K) Eden: 224768K(224768K)->0K(224768K) From: 3168K(50176K)->28373K(52736K)
[197.648s][info][gc,heap        ] GC(197) ParOldGen: 445973K(446464K)->448970K(449024K)
[197.648s][info][gc,metaspace   ] GC(197) Metaspace: 42161K(42560K)->42161K(42560K) NonClass: 37819K(38080K)->37819K(38080K) Class: 4342K(4480K)->4342K(4480K)
[197.648s][info][gc             ] GC(197) Pause Young (Allocation Failure) 658M->466M(709M) 31.358ms
[197.648s][info][gc,cpu         ] GC(197) User=0.06s Sys=0.00s Real=0.03s
[198.206s][info][gc,start       ] GC(198) Pause Young (Allocation Failure)
[198.273s][info][gc,heap        ] GC(198) PSYoungGen: 253141K(277504K)->27896K(280064K) Eden: 224768K(224768K)->0K(226304K) From: 28373K(52736K)->27896K(53760K)
[198.273s][info][gc,heap        ] GC(198) ParOldGen: 448970K(449024K)->476578K(476672K)
[198.273s][info][gc,metaspace   ] GC(198) Metaspace: 42161K(42560K)->42161K(42560K) NonClass: 37819K(38080K)->37819K(38080K) Class: 4342K(4480K)->4342K(4480K)
[198.273s][info][gc             ] GC(198) Pause Young (Allocation Failure) 685M->492M(739M) 67.170ms
[198.273s][info][gc,cpu         ] GC(198) User=0.12s Sys=0.02s Real=0.07s
[198.856s][info][gc,start       ] GC(199) Pause Young (Allocation Failure)
[198.920s][info][gc,heap        ] GC(199) PSYoungGen: 254200K(280064K)->28688K(255488K) Eden: 226304K(226304K)->0K(226304K) From: 27896K(53760K)->28688K(29184K)
[198.920s][info][gc,heap        ] GC(199) ParOldGen: 476578K(476672K)->502746K(502784K)
[198.920s][info][gc,metaspace   ] GC(199) Metaspace: 42161K(42560K)->42161K(42560K) NonClass: 37819K(38080K)->37819K(38080K) Class: 4342K(4480K)->4342K(4480K)
[198.920s][info][gc             ] GC(199) Pause Young (Allocation Failure) 713M->518M(740M) 64.162ms
[198.920s][info][gc,cpu         ] GC(199) User=0.10s Sys=0.02s Real=0.07s
[200.543s][info][gc,start       ] GC(200) Pause Young (Allocation Failure)
[200.588s][info][gc,heap        ] GC(200) PSYoungGen: 254992K(255488K)->13832K(282112K) Eden: 226304K(226304K)->0K(227840K) From: 28688K(29184K)->13832K(54272K)
[200.588s][info][gc,heap        ] GC(200) ParOldGen: 502746K(502784K)->531611K(531968K)
[200.588s][info][gc,metaspace   ] GC(200) Metaspace: 42161K(42560K)->42161K(42560K) NonClass: 37819K(38080K)->37819K(38080K) Class: 4342K(4480K)->4342K(4480K)
[200.588s][info][gc             ] GC(200) Pause Young (Allocation Failure) 739M->532M(795M) 45.724ms
[200.588s][info][gc,cpu         ] GC(200) User=0.07s Sys=0.02s Real=0.05s
[201.883s][info][gc,start       ] GC(201) Pause Young (Allocation Failure)
[201.898s][info][gc,heap        ] GC(201) PSYoungGen: 241672K(282112K)->544K(279552K) Eden: 227840K(227840K)->0K(227840K) From: 13832K(54272K)->544K(51712K)
[201.898s][info][gc,heap        ] GC(201) ParOldGen: 531611K(531968K)->543395K(543744K)
[201.898s][info][gc,metaspace   ] GC(201) Metaspace: 42162K(42560K)->42162K(42560K) NonClass: 37819K(38080K)->37819K(38080K) Class: 4342K(4480K)->4342K(4480K)
[201.898s][info][gc             ] GC(201) Pause Young (Allocation Failure) 755M->531M(804M) 15.442ms
[201.898s][info][gc,cpu         ] GC(201) User=0.02s Sys=0.01s Real=0.02s
[203.201s][info][gc,start       ] GC(202) Pause Young (Allocation Failure)
[203.225s][info][gc,heap        ] GC(202) PSYoungGen: 228384K(279552K)->21469K(280064K) Eden: 227840K(227840K)->0K(229888K) From: 544K(51712K)->21469K(50176K)
[203.225s][info][gc,heap        ] GC(202) ParOldGen: 543395K(543744K)->543850K(544256K)
[203.225s][info][gc,metaspace   ] GC(202) Metaspace: 42169K(42560K)->42169K(42560K) NonClass: 37827K(38080K)->37827K(38080K) Class: 4342K(4480K)->4342K(4480K)
[203.225s][info][gc             ] GC(202) Pause Young (Allocation Failure) 753M->552M(805M) 24.157ms
[203.225s][info][gc,cpu         ] GC(202) User=0.04s Sys=0.00s Real=0.02s
[204.737s][info][gc,start       ] GC(203) Pause Young (Allocation Failure)
[204.784s][info][gc,heap        ] GC(203) PSYoungGen: 251357K(280064K)->21793K(279552K) Eden: 229888K(229888K)->0K(229888K) From: 21469K(50176K)->21793K(49664K)
[204.784s][info][gc,heap        ] GC(203) ParOldGen: 543850K(544256K)->565194K(565248K)
[204.784s][info][gc,metaspace   ] GC(203) Metaspace: 42169K(42560K)->42169K(42560K) NonClass: 37827K(38080K)->37827K(38080K) Class: 4342K(4480K)->4342K(4480K)
[204.784s][info][gc             ] GC(203) Pause Young (Allocation Failure) 776M->573M(825M) 47.103ms
[204.784s][info][gc,cpu         ] GC(203) User=0.08s Sys=0.01s Real=0.04s
[205.855s][info][gc,start       ] GC(204) Pause Young (Allocation Failure)
[205.913s][info][gc,heap        ] GC(204) PSYoungGen: 251681K(279552K)->29908K(280576K) Eden: 229888K(229888K)->0K(232448K) From: 21793K(49664K)->29908K(48128K)
[205.913s][info][gc,heap        ] GC(204) ParOldGen: 565194K(565248K)->587040K(587264K)
[205.913s][info][gc,metaspace   ] GC(204) Metaspace: 42169K(42560K)->42169K(42560K) NonClass: 37827K(38080K)->37827K(38080K) Class: 4342K(4480K)->4342K(4480K)
[205.913s][info][gc             ] GC(204) Pause Young (Allocation Failure) 797M->602M(847M) 58.192ms
[205.913s][info][gc,cpu         ] GC(204) User=0.10s Sys=0.01s Real=0.06s
[206.536s][info][gc,start       ] GC(205) Pause Young (Allocation Failure)
[206.606s][info][gc,heap        ] GC(205) PSYoungGen: 262356K(280576K)->29324K(282112K) Eden: 232448K(232448K)->0K(232448K) From: 29908K(48128K)->29324K(49664K)
[206.606s][info][gc,heap        ] GC(205) ParOldGen: 587040K(587264K)->616650K(616960K)
[206.606s][info][gc,metaspace   ] GC(205) Metaspace: 42169K(42560K)->42169K(42560K) NonClass: 37827K(38080K)->37827K(38080K) Class: 4342K(4480K)->4342K(4480K)
[206.606s][info][gc             ] GC(205) Pause Young (Allocation Failure) 829M->630M(878M) 69.965ms
[206.606s][info][gc,cpu         ] GC(205) User=0.12s Sys=0.02s Real=0.07s
[207.233s][info][gc,start       ] GC(206) Pause Young (Allocation Failure)
[207.303s][info][gc,heap        ] GC(206) PSYoungGen: 261772K(282112K)->29880K(282624K) Eden: 232448K(232448K)->0K(232448K) From: 29324K(49664K)->29880K(50176K)
[207.304s][info][gc,heap        ] GC(206) ParOldGen: 616650K(616960K)->644426K(644608K)
[207.304s][info][gc,metaspace   ] GC(206) Metaspace: 42169K(42560K)->42169K(42560K) NonClass: 37827K(38080K)->37827K(38080K) Class: 4342K(4480K)->4342K(4480K)
[207.304s][info][gc             ] GC(206) Pause Young (Allocation Failure) 857M->658M(905M) 71.015ms
[207.304s][info][gc,cpu         ] GC(206) User=0.10s Sys=0.03s Real=0.07s
[208.899s][info][gc,start       ] GC(207) Pause Full (Allocation Failure)
[208.899s][info][gc,phases,start] GC(207) Marking Phase
[208.954s][info][gc,phases      ] GC(207) Marking Phase 54.990ms
[208.954s][info][gc,phases,start] GC(207) Summary Phase
[208.954s][info][gc,phases      ] GC(207) Summary Phase 0.027ms
[208.954s][info][gc,phases,start] GC(207) Forward
[208.960s][info][gc,phases      ] GC(207) Forward 5.735ms
[208.960s][info][gc,phases,start] GC(207) Adjust Pointers
[208.990s][info][gc,phases      ] GC(207) Adjust Pointers 30.024ms
[208.990s][info][gc,phases,start] GC(207) Compaction Phase
[208.995s][info][gc,phases      ] GC(207) Compaction Phase 5.823ms
[208.996s][info][gc,phases,start] GC(207) Post Compact
[208.999s][info][gc,phases      ] GC(207) Post Compact 3.240ms
[209.038s][info][gc,heap        ] GC(207) PSYoungGen: 262327K(282624K)->0K(283136K) Eden: 232447K(232448K)->0K(232448K) From: 29880K(50176K)->0K(50688K)
[209.039s][info][gc,heap        ] GC(207) ParOldGen: 644426K(644608K)->54685K(178688K)
[209.039s][info][gc,metaspace   ] GC(207) Metaspace: 42169K(42560K)->42169K(42560K) NonClass: 37827K(38080K)->37827K(38080K) Class: 4342K(4480K)->4342K(4480K)
[209.039s][info][gc             ] GC(207) Pause Full (Allocation Failure) 885M->53M(451M) 139.879ms
[209.039s][info][gc,cpu         ] GC(207) User=0.13s Sys=0.04s Real=0.14s
[210.105s][info][gc,start       ] GC(208) Pause Young (Allocation Failure)
[210.116s][info][gc,heap        ] GC(208) PSYoungGen: 232448K(283136K)->11344K(281088K) Eden: 232448K(232448K)->0K(232448K) From: 0K(50688K)->11344K(48640K)
[210.116s][info][gc,heap        ] GC(208) ParOldGen: 54685K(178688K)->54685K(178688K)
[210.116s][info][gc,metaspace   ] GC(208) Metaspace: 42170K(42560K)->42170K(42560K) NonClass: 37828K(38080K)->37828K(38080K) Class: 4342K(4480K)->4342K(4480K)
[210.116s][info][gc             ] GC(208) Pause Young (Allocation Failure) 280M->64M(449M) 10.369ms
[210.116s][info][gc,cpu         ] GC(208) User=0.02s Sys=0.00s Real=0.01s
[211.558s][info][gc,start       ] GC(209) Pause Young (Allocation Failure)
[211.563s][info][gc,heap        ] GC(209) PSYoungGen: 243792K(281088K)->1360K(282112K) Eden: 232448K(232448K)->0K(232448K) From: 11344K(48640K)->1360K(49664K)
[211.563s][info][gc,heap        ] GC(209) ParOldGen: 54685K(178688K)->60187K(178688K)
[211.563s][info][gc,metaspace   ] GC(209) Metaspace: 42170K(42560K)->42170K(42560K) NonClass: 37828K(38080K)->37828K(38080K) Class: 4342K(4480K)->4342K(4480K)
[211.563s][info][gc             ] GC(209) Pause Young (Allocation Failure) 291M->60M(450M) 4.919ms
[211.563s][info][gc,cpu         ] GC(209) User=0.01s Sys=0.00s Real=0.00s
[213.014s][info][gc,start       ] GC(210) Pause Young (Allocation Failure)
[213.039s][info][gc,heap        ] GC(210) PSYoungGen: 233808K(282112K)->22148K(281088K) Eden: 232448K(232448K)->0K(234496K) From: 1360K(49664K)->22148K(46592K)
[213.039s][info][gc,heap        ] GC(210) ParOldGen: 60187K(178688K)->61311K(178688K)
[213.039s][info][gc,metaspace   ] GC(210) Metaspace: 42171K(42560K)->42171K(42560K) NonClass: 37829K(38080K)->37829K(38080K) Class: 4342K(4480K)->4342K(4480K)
[213.039s][info][gc             ] GC(210) Pause Young (Allocation Failure) 287M->81M(449M) 25.882ms
[213.040s][info][gc,cpu         ] GC(210) User=0.05s Sys=0.00s Real=0.03s
[214.476s][info][gc,start       ] GC(211) Pause Young (Allocation Failure)
[214.513s][info][gc,heap        ] GC(211) PSYoungGen: 256644K(281088K)->24060K(282624K) Eden: 234496K(234496K)->0K(234496K) From: 22148K(46592K)->24060K(48128K)
[214.513s][info][gc,heap        ] GC(211) ParOldGen: 61311K(178688K)->83459K(178688K)
[214.513s][info][gc,metaspace   ] GC(211) Metaspace: 42171K(42560K)->42171K(42560K) NonClass: 37829K(38080K)->37829K(38080K) Class: 4342K(4480K)->4342K(4480K)
[214.513s][info][gc             ] GC(211) Pause Young (Allocation Failure) 310M->104M(450M) 36.913ms
[214.513s][info][gc,cpu         ] GC(211) User=0.07s Sys=0.00s Real=0.04s
[215.397s][info][gc,start       ] GC(212) Pause Young (Allocation Failure)
[215.429s][info][gc,heap        ] GC(212) PSYoungGen: 258556K(282624K)->11783K(282112K) Eden: 234496K(234496K)->0K(238592K) From: 24060K(48128K)->11783K(43520K)
[215.429s][info][gc,heap        ] GC(212) ParOldGen: 83459K(178688K)->107656K(178688K)
[215.429s][info][gc,metaspace   ] GC(212) Metaspace: 42183K(42624K)->42183K(42624K) NonClass: 37841K(38144K)->37841K(38144K) Class: 4342K(4480K)->4342K(4480K)
[215.430s][info][gc             ] GC(212) Pause Young (Allocation Failure) 333M->116M(450M) 32.762ms
[215.430s][info][gc,cpu         ] GC(212) User=0.06s Sys=0.00s Real=0.03s
[216.444s][info][gc,start       ] GC(213) Pause Young (Allocation Failure)
[216.452s][info][gc,heap        ] GC(213) PSYoungGen: 250375K(282112K)->1808K(284160K) Eden: 238592K(238592K)->0K(238592K) From: 11783K(43520K)->1808K(45568K)
[216.452s][info][gc,heap        ] GC(213) ParOldGen: 107656K(178688K)->108538K(178688K)
[216.452s][info][gc,metaspace   ] GC(213) Metaspace: 42183K(42624K)->42183K(42624K) NonClass: 37841K(38144K)->37841K(38144K) Class: 4342K(4480K)->4342K(4480K)
[216.452s][info][gc             ] GC(213) Pause Young (Allocation Failure) 349M->107M(452M) 7.878ms
[216.452s][info][gc,cpu         ] GC(213) User=0.01s Sys=0.00s Real=0.01s
[217.542s][info][gc,start       ] GC(214) Pause Young (Allocation Failure)
[217.546s][info][gc,heap        ] GC(214) PSYoungGen: 240400K(284160K)->4484K(286720K) Eden: 238592K(238592K)->0K(242176K) From: 1808K(45568K)->4484K(44544K)
[217.546s][info][gc,heap        ] GC(214) ParOldGen: 108538K(178688K)->109662K(178688K)
[217.546s][info][gc,metaspace   ] GC(214) Metaspace: 42194K(42624K)->42194K(42624K) NonClass: 37851K(38144K)->37851K(38144K) Class: 4342K(4480K)->4342K(4480K)
[217.546s][info][gc             ] GC(214) Pause Young (Allocation Failure) 340M->111M(454M) 4.365ms
[217.546s][info][gc,cpu         ] GC(214) User=0.01s Sys=0.00s Real=0.00s
[218.327s][info][gc,start       ] GC(215) Pause Young (Allocation Failure)
[218.335s][info][gc,heap        ] GC(215) PSYoungGen: 246660K(286720K)->8514K(287232K) Eden: 242176K(242176K)->0K(242176K) From: 4484K(44544K)->8514K(45056K)
[218.336s][info][gc,heap        ] GC(215) ParOldGen: 109662K(178688K)->110798K(178688K)
[218.336s][info][gc,metaspace   ] GC(215) Metaspace: 42194K(42624K)->42194K(42624K) NonClass: 37852K(38144K)->37852K(38144K) Class: 4342K(4480K)->4342K(4480K)
[218.336s][info][gc             ] GC(215) Pause Young (Allocation Failure) 347M->116M(455M) 8.690ms
[218.336s][info][gc,cpu         ] GC(215) User=0.02s Sys=0.00s Real=0.00s
[219.316s][info][gc,start       ] GC(216) Pause Young (Allocation Failure)
[219.338s][info][gc,heap        ] GC(216) PSYoungGen: 250690K(287232K)->24294K(287232K) Eden: 242176K(242176K)->0K(243712K) From: 8514K(45056K)->24294K(43520K)
[219.338s][info][gc,heap        ] GC(216) ParOldGen: 110798K(178688K)->111798K(178688K)
[219.338s][info][gc,metaspace   ] GC(216) Metaspace: 42195K(42624K)->42195K(42624K) NonClass: 37853K(38144K)->37853K(38144K) Class: 4342K(4480K)->4342K(4480K)
[219.338s][info][gc             ] GC(216) Pause Young (Allocation Failure) 353M->132M(455M) 21.690ms
[219.338s][info][gc,cpu         ] GC(216) User=0.05s Sys=0.00s Real=0.03s
[220.434s][info][gc,start       ] GC(217) Pause Young (Allocation Failure)
[220.440s][info][gc,heap        ] GC(217) PSYoungGen: 268006K(287232K)->5931K(287744K) Eden: 243712K(243712K)->0K(243712K) From: 24294K(43520K)->5931K(44032K)
[220.440s][info][gc,heap        ] GC(217) ParOldGen: 111798K(178688K)->112622K(178688K)
[220.440s][info][gc,metaspace   ] GC(217) Metaspace: 42197K(42624K)->42197K(42624K) NonClass: 37855K(38144K)->37855K(38144K) Class: 4342K(4480K)->4342K(4480K)
[220.440s][info][gc             ] GC(217) Pause Young (Allocation Failure) 370M->115M(455M) 5.419ms
[220.440s][info][gc,cpu         ] GC(217) User=0.01s Sys=0.00s Real=0.01s
[221.279s][info][gc,start       ] GC(218) Pause Young (Allocation Failure)
[221.286s][info][gc,heap        ] GC(218) PSYoungGen: 249643K(287744K)->7520K(287232K) Eden: 243712K(243712K)->0K(246784K) From: 5931K(44032K)->7520K(40448K)
[221.286s][info][gc,heap        ] GC(218) ParOldGen: 112622K(178688K)->113590K(178688K)
[221.286s][info][gc,metaspace   ] GC(218) Metaspace: 42198K(42624K)->42198K(42624K) NonClass: 37855K(38144K)->37855K(38144K) Class: 4342K(4480K)->4342K(4480K)
[221.286s][info][gc             ] GC(218) Pause Young (Allocation Failure) 353M->118M(455M) 7.451ms
[221.286s][info][gc,cpu         ] GC(218) User=0.01s Sys=0.00s Real=0.00s
[222.219s][info][gc,start       ] GC(219) Pause Young (Allocation Failure)
[222.222s][info][gc,heap        ] GC(219) PSYoungGen: 254304K(287232K)->3760K(288256K) Eden: 246784K(246784K)->0K(246784K) From: 7520K(40448K)->3760K(41472K)
[222.222s][info][gc,heap        ] GC(219) ParOldGen: 113590K(178688K)->114646K(178688K)
[222.223s][info][gc,metaspace   ] GC(219) Metaspace: 42198K(42624K)->42198K(42624K) NonClass: 37856K(38144K)->37856K(38144K) Class: 4342K(4480K)->4342K(4480K)
[222.223s][info][gc             ] GC(219) Pause Young (Allocation Failure) 359M->115M(456M) 3.500ms
[222.223s][info][gc,cpu         ] GC(219) User=0.01s Sys=0.00s Real=0.00s
[223.145s][info][gc,start       ] GC(220) Pause Young (Allocation Failure)
[223.151s][info][gc,heap        ] GC(220) PSYoungGen: 250544K(288256K)->7173K(289280K) Eden: 246784K(246784K)->0K(251904K) From: 3760K(41472K)->7173K(37376K)
[223.151s][info][gc,heap        ] GC(220) ParOldGen: 114646K(178688K)->115734K(178688K)
[223.151s][info][gc,metaspace   ] GC(220) Metaspace: 42198K(42624K)->42198K(42624K) NonClass: 37856K(38144K)->37856K(38144K) Class: 4342K(4480K)->4342K(4480K)
[223.151s][info][gc             ] GC(220) Pause Young (Allocation Failure) 356M->120M(457M) 6.100ms
[223.151s][info][gc,cpu         ] GC(220) User=0.01s Sys=0.00s Real=0.01s
[223.980s][info][gc,start       ] GC(221) Pause Young (Allocation Failure)
[224.003s][info][gc,heap        ] GC(221) PSYoungGen: 259077K(289280K)->28592K(290816K) Eden: 251904K(251904K)->0K(251904K) From: 7173K(37376K)->28592K(38912K)
[224.003s][info][gc,heap        ] GC(221) ParOldGen: 115734K(178688K)->116678K(178688K)
[224.003s][info][gc,metaspace   ] GC(221) Metaspace: 42198K(42624K)->42198K(42624K) NonClass: 37856K(38144K)->37856K(38144K) Class: 4342K(4480K)->4342K(4480K)
[224.003s][info][gc             ] GC(221) Pause Young (Allocation Failure) 366M->141M(458M) 23.129ms
[224.003s][info][gc,cpu         ] GC(221) User=0.04s Sys=0.00s Real=0.02s
[225.187s][info][gc,start       ] GC(222) Pause Young (Allocation Failure)
[225.236s][info][gc,heap        ] GC(222) PSYoungGen: 280496K(290816K)->28244K(286720K) Eden: 251904K(251904K)->0K(244736K) From: 28592K(38912K)->28244K(41984K)
[225.236s][info][gc,heap        ] GC(222) ParOldGen: 116678K(178688K)->132592K(178688K)
[225.236s][info][gc,metaspace   ] GC(222) Metaspace: 42198K(42624K)->42198K(42624K) NonClass: 37856K(38144K)->37856K(38144K) Class: 4342K(4480K)->4342K(4480K)
[225.236s][info][gc             ] GC(222) Pause Young (Allocation Failure) 387M->157M(454M) 49.018ms
[225.236s][info][gc,cpu         ] GC(222) User=0.08s Sys=0.00s Real=0.04s
[226.281s][info][gc,start       ] GC(223) Pause Young (Allocation Failure)
[226.338s][info][gc,heap        ] GC(223) PSYoungGen: 272980K(286720K)->32883K(278016K) Eden: 244736K(244736K)->0K(244736K) From: 28244K(41984K)->32883K(33280K)
[226.338s][info][gc,heap        ] GC(223) ParOldGen: 132592K(178688K)->160895K(178688K)
[226.338s][info][gc,metaspace   ] GC(223) Metaspace: 42200K(42624K)->42200K(42624K) NonClass: 37858K(38144K)->37858K(38144K) Class: 4342K(4480K)->4342K(4480K)
[226.338s][info][gc             ] GC(223) Pause Young (Allocation Failure) 396M->189M(446M) 56.488ms
[226.338s][info][gc,cpu         ] GC(223) User=0.11s Sys=0.00s Real=0.06s
[227.071s][info][gc,start       ] GC(224) Pause Young (Allocation Failure)
[227.126s][info][gc,heap        ] GC(224) PSYoungGen: 277619K(278016K)->35570K(278528K) Eden: 244736K(244736K)->0K(230400K) From: 32883K(33280K)->35570K(48128K)
[227.126s][info][gc,heap        ] GC(224) ParOldGen: 160895K(178688K)->188576K(188928K)
[227.126s][info][gc,metaspace   ] GC(224) Metaspace: 42212K(42624K)->42212K(42624K) NonClass: 37870K(38144K)->37870K(38144K) Class: 4342K(4480K)->4342K(4480K)
[227.126s][info][gc             ] GC(224) Pause Young (Allocation Failure) 428M->218M(456M) 54.591ms
[227.126s][info][gc,cpu         ] GC(224) User=0.10s Sys=0.00s Real=0.05s
[227.891s][info][gc,start       ] GC(225) Pause Young (Allocation Failure)
[227.914s][info][gc,heap        ] GC(225) PSYoungGen: 265970K(278528K)->20267K(282112K) Eden: 230400K(230400K)->0K(230400K) From: 35570K(48128K)->20267K(51712K)
[227.914s][info][gc,heap        ] GC(225) ParOldGen: 188576K(188928K)->198654K(198656K)
[227.914s][info][gc,metaspace   ] GC(225) Metaspace: 42214K(42624K)->42214K(42624K) NonClass: 37871K(38144K)->37871K(38144K) Class: 4342K(4480K)->4342K(4480K)
[227.914s][info][gc             ] GC(225) Pause Young (Allocation Failure) 443M->213M(469M) 23.454ms
[227.914s][info][gc,cpu         ] GC(225) User=0.03s Sys=0.01s Real=0.02s
[228.674s][info][gc,start       ] GC(226) Pause Young (Allocation Failure)
[228.691s][info][gc,heap        ] GC(226) PSYoungGen: 250667K(282112K)->25462K(279040K) Eden: 230400K(230400K)->0K(232960K) From: 20267K(51712K)->25462K(46080K)
[228.691s][info][gc,heap        ] GC(226) ParOldGen: 198654K(198656K)->199147K(199168K)
[228.691s][info][gc,metaspace   ] GC(226) Metaspace: 42215K(42624K)->42215K(42624K) NonClass: 37873K(38144K)->37873K(38144K) Class: 4342K(4480K)->4342K(4480K)
[228.691s][info][gc             ] GC(226) Pause Young (Allocation Failure) 438M->219M(467M) 16.880ms
[228.691s][info][gc,cpu         ] GC(226) User=0.03s Sys=0.00s Real=0.02s
[229.529s][info][gc,start       ] GC(227) Pause Young (Allocation Failure)
[229.532s][info][gc,heap        ] GC(227) PSYoungGen: 258422K(279040K)->928K(281088K) Eden: 232960K(232960K)->0K(232960K) From: 25462K(46080K)->928K(48128K)
[229.532s][info][gc,heap        ] GC(227) ParOldGen: 199147K(199168K)->199849K(200192K)
[229.532s][info][gc,metaspace   ] GC(227) Metaspace: 42216K(42624K)->42216K(42624K) NonClass: 37874K(38144K)->37874K(38144K) Class: 4342K(4480K)->4342K(4480K)
[229.532s][info][gc             ] GC(227) Pause Young (Allocation Failure) 446M->196M(470M) 3.111ms
[229.532s][info][gc,cpu         ] GC(227) User=0.01s Sys=0.00s Real=0.00s
[230.344s][info][gc,start       ] GC(228) Pause Young (Allocation Failure)
[230.351s][info][gc,heap        ] GC(228) PSYoungGen: 233888K(281088K)->8084K(284160K) Eden: 232960K(232960K)->0K(237056K) From: 928K(48128K)->8084K(47104K)
[230.352s][info][gc,heap        ] GC(228) ParOldGen: 199849K(200192K)->200417K(200704K)
[230.352s][info][gc,metaspace   ] GC(228) Metaspace: 42219K(42624K)->42219K(42624K) NonClass: 37875K(38144K)->37875K(38144K) Class: 4343K(4480K)->4343K(4480K)
[230.352s][info][gc             ] GC(228) Pause Young (Allocation Failure) 423M->203M(473M) 7.763ms
[230.352s][info][gc,cpu         ] GC(228) User=0.01s Sys=0.00s Real=0.01s
[231.208s][info][gc,start       ] GC(229) Pause Young (Allocation Failure)
[231.254s][info][gc,heap        ] GC(229) PSYoungGen: 245140K(284160K)->47589K(284672K) Eden: 237056K(237056K)->0K(237056K) From: 8084K(47104K)->47589K(47616K)
[231.254s][info][gc,heap        ] GC(229) ParOldGen: 200417K(200704K)->217718K(218112K)
[231.254s][info][gc,metaspace   ] GC(229) Metaspace: 42219K(42624K)->42219K(42624K) NonClass: 37875K(38144K)->37875K(38144K) Class: 4343K(4480K)->4343K(4480K)
[231.254s][info][gc             ] GC(229) Pause Young (Allocation Failure) 435M->259M(491M) 45.880ms
[231.254s][info][gc,cpu         ] GC(229) User=0.07s Sys=0.02s Real=0.04s
[232.082s][info][gc,start       ] GC(230) Pause Young (Allocation Failure)
[232.152s][info][gc,heap        ] GC(230) PSYoungGen: 284645K(284672K)->40612K(252928K) Eden: 237056K(237056K)->0K(203776K) From: 47589K(47616K)->40612K(49152K)
[232.152s][info][gc,heap        ] GC(230) ParOldGen: 217718K(218112K)->258118K(258560K)
[232.152s][info][gc,metaspace   ] GC(230) Metaspace: 42220K(42624K)->42220K(42624K) NonClass: 37877K(38144K)->37877K(38144K) Class: 4343K(4480K)->4343K(4480K)
[232.152s][info][gc             ] GC(230) Pause Young (Allocation Failure) 490M->291M(499M) 69.287ms
[232.152s][info][gc,cpu         ] GC(230) User=0.11s Sys=0.03s Real=0.07s
[232.871s][info][gc,start       ] GC(231) Pause Young (Allocation Failure)
[232.911s][info][gc,heap        ] GC(231) PSYoungGen: 244388K(252928K)->11351K(268800K) Eden: 203776K(203776K)->0K(203776K) From: 40612K(49152K)->11351K(65024K)
[232.911s][info][gc,heap        ] GC(231) ParOldGen: 258118K(258560K)->285827K(286208K)
[232.911s][info][gc,metaspace   ] GC(231) Metaspace: 42220K(42624K)->42220K(42624K) NonClass: 37877K(38144K)->37877K(38144K) Class: 4343K(4480K)->4343K(4480K)
[232.911s][info][gc             ] GC(231) Pause Young (Allocation Failure) 490M->290M(542M) 39.447ms
[232.911s][info][gc,cpu         ] GC(231) User=0.05s Sys=0.02s Real=0.04s
[233.619s][info][gc,start       ] GC(232) Pause Young (Allocation Failure)
[233.624s][info][gc,heap        ] GC(232) PSYoungGen: 215127K(268800K)->3679K(264704K) Eden: 203776K(203776K)->0K(205824K) From: 11351K(65024K)->3679K(58880K)
[233.624s][info][gc,heap        ] GC(232) ParOldGen: 285827K(286208K)->286643K(286720K)
[233.624s][info][gc,metaspace   ] GC(232) Metaspace: 42220K(42624K)->42220K(42624K) NonClass: 37877K(38144K)->37877K(38144K) Class: 4343K(4480K)->4343K(4480K)
[233.624s][info][gc             ] GC(232) Pause Young (Allocation Failure) 489M->283M(538M) 5.097ms
[233.624s][info][gc,cpu         ] GC(232) User=0.00s Sys=0.00s Real=0.00s
[234.313s][info][gc,start       ] GC(233) Pause Young (Allocation Failure)
[234.319s][info][gc,heap        ] GC(233) PSYoungGen: 209503K(264704K)->4538K(267776K) Eden: 205824K(205824K)->0K(205824K) From: 3679K(58880K)->4538K(61952K)
[234.319s][info][gc,heap        ] GC(233) ParOldGen: 286643K(286720K)->287699K(287744K)
[234.319s][info][gc,metaspace   ] GC(233) Metaspace: 42220K(42624K)->42220K(42624K) NonClass: 37877K(38144K)->37877K(38144K) Class: 4343K(4480K)->4343K(4480K)
[234.319s][info][gc             ] GC(233) Pause Young (Allocation Failure) 484M->285M(542M) 5.463ms
[234.319s][info][gc,cpu         ] GC(233) User=0.01s Sys=0.00s Real=0.01s
[235.012s][info][gc,start       ] GC(234) Pause Young (Allocation Failure)
[235.029s][info][gc,heap        ] GC(234) PSYoungGen: 210362K(267776K)->28648K(269824K) Eden: 205824K(205824K)->0K(210944K) From: 4538K(61952K)->28648K(58880K)
[235.029s][info][gc,heap        ] GC(234) ParOldGen: 287699K(287744K)->288150K(288256K)
[235.029s][info][gc,metaspace   ] GC(234) Metaspace: 42220K(42624K)->42220K(42624K) NonClass: 37877K(38144K)->37877K(38144K) Class: 4343K(4480K)->4343K(4480K)
[235.029s][info][gc             ] GC(234) Pause Young (Allocation Failure) 486M->309M(545M) 17.724ms
[235.029s][info][gc,cpu         ] GC(234) User=0.04s Sys=0.00s Real=0.02s
[235.670s][info][gc,start       ] GC(235) Pause Young (Allocation Failure)
[235.684s][info][gc,heap        ] GC(235) PSYoungGen: 239592K(269824K)->22130K(271360K) Eden: 210944K(210944K)->0K(210944K) From: 28648K(58880K)->22130K(60416K)
[235.684s][info][gc,heap        ] GC(235) ParOldGen: 288150K(288256K)->288579K(288768K)
[235.684s][info][gc,metaspace   ] GC(235) Metaspace: 42221K(42624K)->42221K(42624K) NonClass: 37877K(38144K)->37877K(38144K) Class: 4343K(4480K)->4343K(4480K)
[235.684s][info][gc             ] GC(235) Pause Young (Allocation Failure) 515M->303M(547M) 14.266ms
[235.684s][info][gc,cpu         ] GC(235) User=0.02s Sys=0.00s Real=0.01s
[236.342s][info][gc,start       ] GC(236) Pause Young (Allocation Failure)
[236.363s][info][gc,heap        ] GC(236) PSYoungGen: 233074K(271360K)->602K(271360K) Eden: 210944K(210944K)->0K(214528K) From: 22130K(60416K)->602K(56832K)
[236.363s][info][gc,heap        ] GC(236) ParOldGen: 288579K(288768K)->309298K(309760K)
[236.363s][info][gc,metaspace   ] GC(236) Metaspace: 42221K(42624K)->42221K(42624K) NonClass: 37878K(38144K)->37878K(38144K) Class: 4343K(4480K)->4343K(4480K)
[236.363s][info][gc             ] GC(236) Pause Young (Allocation Failure) 509M->302M(567M) 21.043ms
[236.363s][info][gc,cpu         ] GC(236) User=0.02s Sys=0.02s Real=0.02s
[237.007s][info][gc,start       ] GC(237) Pause Young (Allocation Failure)
[237.013s][info][gc,heap        ] GC(237) PSYoungGen: 215130K(271360K)->4775K(271360K) Eden: 214528K(214528K)->0K(214528K) From: 602K(56832K)->4775K(56832K)
[237.013s][info][gc,heap        ] GC(237) ParOldGen: 309298K(309760K)->309322K(309760K)
[237.013s][info][gc,metaspace   ] GC(237) Metaspace: 42221K(42624K)->42221K(42624K) NonClass: 37878K(38144K)->37878K(38144K) Class: 4343K(4480K)->4343K(4480K)
[237.013s][info][gc             ] GC(237) Pause Young (Allocation Failure) 512M->306M(567M) 5.450ms
[237.013s][info][gc,cpu         ] GC(237) User=0.01s Sys=0.00s Real=0.00s
[237.386s][info][gc,start       ] GC(238) Pause Young (Allocation Failure)
[237.392s][info][gc,heap        ] GC(238) PSYoungGen: 219303K(271360K)->3150K(275456K) Eden: 214528K(214528K)->0K(221696K) From: 4775K(56832K)->3150K(53760K)
[237.392s][info][gc,heap        ] GC(238) ParOldGen: 309322K(309760K)->311293K(311296K)
[237.392s][info][gc,metaspace   ] GC(238) Metaspace: 42221K(42624K)->42221K(42624K) NonClass: 37878K(38144K)->37878K(38144K) Class: 4343K(4480K)->4343K(4480K)
[237.392s][info][gc             ] GC(238) Pause Young (Allocation Failure) 516M->307M(573M) 6.073ms
[237.392s][info][gc,cpu         ] GC(238) User=0.01s Sys=0.00s Real=0.01s
[237.830s][info][gc,start       ] GC(239) Pause Young (Allocation Failure)
[237.837s][info][gc,heap        ] GC(239) PSYoungGen: 223761K(275456K)->10279K(275456K) Eden: 220610K(221696K)->0K(221696K) From: 3150K(53760K)->10279K(53760K)
[237.837s][info][gc,heap        ] GC(239) ParOldGen: 311293K(311296K)->311325K(311808K)
[237.837s][info][gc,metaspace   ] GC(239) Metaspace: 42226K(42624K)->42226K(42624K) NonClass: 37883K(38144K)->37883K(38144K) Class: 4343K(4480K)->4343K(4480K)
[237.837s][info][gc             ] GC(239) Pause Young (Allocation Failure) 522M->314M(573M) 7.727ms
[237.837s][info][gc,cpu         ] GC(239) User=0.01s Sys=0.00s Real=0.01s
[238.109s][info][gc,start       ] GC(240) Pause Young (Allocation Failure)
[238.120s][info][gc,heap        ] GC(240) PSYoungGen: 231652K(275456K)->1180K(278016K) Eden: 221372K(221696K)->0K(227328K) From: 10279K(53760K)->1180K(50688K)
[238.120s][info][gc,heap        ] GC(240) ParOldGen: 311325K(311808K)->321413K(321536K)
[238.120s][info][gc,metaspace   ] GC(240) Metaspace: 42226K(42624K)->42226K(42624K) NonClass: 37883K(38144K)->37883K(38144K) Class: 4343K(4480K)->4343K(4480K)
[238.120s][info][gc             ] GC(240) Pause Young (Allocation Failure) 530M->315M(585M) 11.566ms
[238.120s][info][gc,cpu         ] GC(240) User=0.01s Sys=0.01s Real=0.01s
[238.412s][info][gc,start       ] GC(241) Pause Young (Allocation Failure)
[238.417s][info][gc,heap        ] GC(241) PSYoungGen: 228508K(278016K)->3879K(276992K) Eden: 227328K(227328K)->0K(227328K) From: 1180K(50688K)->3879K(49664K)
[238.417s][info][gc,heap        ] GC(241) ParOldGen: 321413K(321536K)->322528K(322560K)
[238.417s][info][gc,metaspace   ] GC(241) Metaspace: 42226K(42624K)->42226K(42624K) NonClass: 37883K(38144K)->37883K(38144K) Class: 4343K(4480K)->4343K(4480K)
[238.417s][info][gc             ] GC(241) Pause Young (Allocation Failure) 537M->318M(585M) 5.563ms
[238.417s][info][gc,cpu         ] GC(241) User=0.01s Sys=0.00s Real=0.01s
[238.709s][info][gc,start       ] GC(242) Pause Young (Allocation Failure)
[238.715s][info][gc,heap        ] GC(242) PSYoungGen: 231207K(276992K)->2491K(282624K) Eden: 227328K(227328K)->0K(235008K) From: 3879K(49664K)->2491K(47616K)
[238.715s][info][gc,heap        ] GC(242) ParOldGen: 322528K(322560K)->324531K(324608K)
[238.715s][info][gc,metaspace   ] GC(242) Metaspace: 42226K(42624K)->42226K(42624K) NonClass: 37883K(38144K)->37883K(38144K) Class: 4343K(4480K)->4343K(4480K)
[238.715s][info][gc             ] GC(242) Pause Young (Allocation Failure) 540M->319M(593M) 6.554ms
[238.715s][info][gc,cpu         ] GC(242) User=0.01s Sys=0.00s Real=0.00s
[239.036s][info][gc,start       ] GC(243) Pause Young (Allocation Failure)
[239.046s][info][gc,heap        ] GC(243) PSYoungGen: 237499K(282624K)->5328K(281088K) Eden: 235008K(235008K)->0K(235008K) From: 2491K(47616K)->5328K(46080K)
[239.046s][info][gc,heap        ] GC(243) ParOldGen: 324531K(324608K)->326955K(327168K)
[239.046s][info][gc,metaspace   ] GC(243) Metaspace: 42226K(42624K)->42226K(42624K) NonClass: 37883K(38144K)->37883K(38144K) Class: 4343K(4480K)->4343K(4480K)
[239.046s][info][gc             ] GC(243) Pause Young (Allocation Failure) 548M->324M(594M) 9.702ms
[239.046s][info][gc,cpu         ] GC(243) User=0.02s Sys=0.00s Real=0.01s
[239.378s][info][gc,start       ] GC(244) Pause Young (Allocation Failure)
[239.394s][info][gc,heap        ] GC(244) PSYoungGen: 238709K(281088K)->7174K(285184K) Eden: 233380K(235008K)->0K(242688K) From: 5328K(46080K)->7174K(42496K)
[239.394s][info][gc,heap        ] GC(244) ParOldGen: 326955K(327168K)->332301K(332800K)
[239.394s][info][gc,metaspace   ] GC(244) Metaspace: 42226K(42624K)->42226K(42624K) NonClass: 37883K(38144K)->37883K(38144K) Class: 4343K(4480K)->4343K(4480K)
[239.394s][info][gc             ] GC(244) Pause Young (Allocation Failure) 552M->331M(603M) 15.489ms
[239.394s][info][gc,cpu         ] GC(244) User=0.02s Sys=0.01s Real=0.01s
[239.724s][info][gc,start       ] GC(245) Pause Young (Allocation Failure)
[239.740s][info][gc,heap        ] GC(245) PSYoungGen: 249766K(285184K)->5224K(283648K) Eden: 242591K(242688K)->0K(242688K) From: 7174K(42496K)->5224K(40960K)
[239.740s][info][gc,heap        ] GC(245) ParOldGen: 332301K(332800K)->339552K(339968K)
[239.740s][info][gc,metaspace   ] GC(245) Metaspace: 42226K(42624K)->42226K(42624K) NonClass: 37883K(38144K)->37883K(38144K) Class: 4343K(4480K)->4343K(4480K)
[239.740s][info][gc             ] GC(245) Pause Young (Allocation Failure) 568M->336M(609M) 16.599ms
[239.740s][info][gc,cpu         ] GC(245) User=0.02s Sys=0.00s Real=0.02s
[240.291s][info][gc,start       ] GC(246) Pause Young (Allocation Failure)
[240.310s][info][gc,heap        ] GC(246) PSYoungGen: 247912K(283648K)->14167K(290816K) Eden: 242688K(242688K)->0K(251904K) From: 5224K(40960K)->14167K(38912K)
[240.310s][info][gc,heap        ] GC(246) ParOldGen: 339552K(339968K)->344574K(344576K)
[240.310s][info][gc,metaspace   ] GC(246) Metaspace: 42234K(42624K)->42234K(42624K) NonClass: 37891K(38144K)->37891K(38144K) Class: 4343K(4480K)->4343K(4480K)
[240.310s][info][gc             ] GC(246) Pause Young (Allocation Failure) 573M->350M(620M) 19.068ms
[240.310s][info][gc,cpu         ] GC(246) User=0.03s Sys=0.00s Real=0.02s
[240.932s][info][gc,start       ] GC(247) Pause Young (Allocation Failure)
[240.949s][info][gc,heap        ] GC(247) PSYoungGen: 266071K(290816K)->1883K(289280K) Eden: 251904K(251904K)->0K(251904K) From: 14167K(38912K)->1883K(37376K)
[240.950s][info][gc,heap        ] GC(247) ParOldGen: 344574K(344576K)->357700K(357888K)
[240.950s][info][gc,metaspace   ] GC(247) Metaspace: 42255K(42688K)->42255K(42688K) NonClass: 37912K(38208K)->37912K(38208K) Class: 4343K(4480K)->4343K(4480K)
[240.950s][info][gc             ] GC(247) Pause Young (Allocation Failure) 596M->351M(632M) 17.736ms
[240.950s][info][gc,cpu         ] GC(247) User=0.02s Sys=0.01s Real=0.02s
[241.553s][info][gc,start       ] GC(248) Pause Young (Allocation Failure)
[241.556s][info][gc,heap        ] GC(248) PSYoungGen: 253787K(289280K)->1376K(294912K) Eden: 251904K(251904K)->0K(259072K) From: 1883K(37376K)->1376K(35840K)
[241.556s][info][gc,heap        ] GC(248) ParOldGen: 357700K(357888K)->357885K(357888K)
[241.556s][info][gc,metaspace   ] GC(248) Metaspace: 42257K(42688K)->42257K(42688K) NonClass: 37913K(38208K)->37913K(38208K) Class: 4343K(4480K)->4343K(4480K)
[241.556s][info][gc             ] GC(248) Pause Young (Allocation Failure) 597M->350M(637M) 2.819ms
[241.556s][info][gc,cpu         ] GC(248) User=0.00s Sys=0.00s Real=0.00s
[242.157s][info][gc,start       ] GC(249) Pause Young (Allocation Failure)
[242.161s][info][gc,heap        ] GC(249) PSYoungGen: 260448K(294912K)->3684K(293888K) Eden: 259072K(259072K)->0K(259072K) From: 1376K(35840K)->3684K(34816K)
[242.161s][info][gc,heap        ] GC(249) ParOldGen: 357885K(357888K)->357893K(358400K)
[242.161s][info][gc,metaspace   ] GC(249) Metaspace: 42268K(42688K)->42268K(42688K) NonClass: 37925K(38208K)->37925K(38208K) Class: 4343K(4480K)->4343K(4480K)
[242.161s][info][gc             ] GC(249) Pause Young (Allocation Failure) 603M->353M(637M) 4.595ms
[242.161s][info][gc,cpu         ] GC(249) User=0.01s Sys=0.00s Real=0.00s
[242.869s][info][gc,start       ] GC(250) Pause Young (Allocation Failure)
[242.876s][info][gc,heap        ] GC(250) PSYoungGen: 262756K(293888K)->5861K(296960K) Eden: 259072K(259072K)->0K(265216K) From: 3684K(34816K)->5861K(31744K)
[242.876s][info][gc,heap        ] GC(250) ParOldGen: 357893K(358400K)->357949K(358400K)
[242.876s][info][gc,metaspace   ] GC(250) Metaspace: 42443K(42880K)->42443K(42880K) NonClass: 38100K(38400K)->38100K(38400K) Class: 4343K(4480K)->4343K(4480K)
[242.876s][info][gc             ] GC(250) Pause Young (Allocation Failure) 606M->355M(640M) 7.431ms
[242.876s][info][gc,cpu         ] GC(250) User=0.01s Sys=0.00s Real=0.00s
[244.094s][info][gc,start       ] GC(251) Pause Young (Allocation Failure)
[244.099s][info][gc,heap        ] GC(251) PSYoungGen: 271077K(296960K)->3026K(296448K) Eden: 265216K(265216K)->0K(265216K) From: 5861K(31744K)->3026K(31232K)
[244.099s][info][gc,heap        ] GC(251) ParOldGen: 357949K(358400K)->358085K(358400K)
[244.099s][info][gc,metaspace   ] GC(251) Metaspace: 42471K(42880K)->42471K(42880K) NonClass: 38128K(38400K)->38128K(38400K) Class: 4343K(4480K)->4343K(4480K)
[244.099s][info][gc             ] GC(251) Pause Young (Allocation Failure) 614M->352M(639M) 5.491ms
[244.099s][info][gc,cpu         ] GC(251) User=0.01s Sys=0.00s Real=0.01s
[245.227s][info][gc,start       ] GC(252) Pause Young (Allocation Failure)
[245.256s][info][gc,heap        ] GC(252) PSYoungGen: 268242K(296448K)->23455K(296960K) Eden: 265216K(265216K)->0K(267264K) From: 3026K(31232K)->23455K(29696K)
[245.256s][info][gc,heap        ] GC(252) ParOldGen: 358085K(358400K)->361007K(361472K)
[245.256s][info][gc,metaspace   ] GC(252) Metaspace: 42490K(42880K)->42490K(42880K) NonClass: 38147K(38400K)->38147K(38400K) Class: 4343K(4480K)->4343K(4480K)
[245.256s][info][gc             ] GC(252) Pause Young (Allocation Failure) 611M->375M(643M) 29.450ms
[245.256s][info][gc,cpu         ] GC(252) User=0.05s Sys=0.00s Real=0.03s
[245.890s][info][gc,start       ] GC(253) Pause Young (Allocation Failure)
[245.951s][info][gc,heap        ] GC(253) PSYoungGen: 290719K(296960K)->29816K(297472K) Eden: 267264K(267264K)->0K(267264K) From: 23455K(29696K)->29816K(30208K)
[245.952s][info][gc,heap        ] GC(253) ParOldGen: 361007K(361472K)->384099K(384512K)
[245.952s][info][gc,metaspace   ] GC(253) Metaspace: 42490K(42880K)->42490K(42880K) NonClass: 38147K(38400K)->38147K(38400K) Class: 4343K(4480K)->4343K(4480K)
[245.952s][info][gc             ] GC(253) Pause Young (Allocation Failure) 636M->404M(666M) 61.193ms
[245.952s][info][gc,cpu         ] GC(253) User=0.10s Sys=0.02s Real=0.06s
[246.614s][info][gc,start       ] GC(254) Pause Young (Allocation Failure)
[246.681s][info][gc,heap        ] GC(254) PSYoungGen: 297080K(297472K)->29760K(284160K) Eden: 267264K(267264K)->0K(247808K) From: 29816K(30208K)->29760K(36352K)
[246.681s][info][gc,heap        ] GC(254) ParOldGen: 384099K(384512K)->412455K(412672K)
[246.681s][info][gc,metaspace   ] GC(254) Metaspace: 42492K(42880K)->42492K(42880K) NonClass: 38149K(38400K)->38149K(38400K) Class: 4343K(4480K)->4343K(4480K)
[246.681s][info][gc             ] GC(254) Pause Young (Allocation Failure) 665M->431M(680M) 67.261ms
[246.681s][info][gc,cpu         ] GC(254) User=0.10s Sys=0.03s Real=0.07s
[250.032s][info][gc,start       ] GC(255) Pause Young (Allocation Failure)
[250.107s][info][gc,heap        ] GC(255) PSYoungGen: 277568K(284160K)->14432K(290816K) Eden: 247808K(247808K)->0K(247808K) From: 29760K(36352K)->14432K(43008K)
[250.107s][info][gc,heap        ] GC(255) ParOldGen: 412455K(412672K)->442400K(442880K)
[250.107s][info][gc,metaspace   ] GC(255) Metaspace: 42510K(42880K)->42510K(42880K) NonClass: 38167K(38400K)->38167K(38400K) Class: 4343K(4480K)->4343K(4480K)
[250.107s][info][gc             ] GC(255) Pause Young (Allocation Failure) 673M->446M(716M) 74.963ms
[250.107s][info][gc,cpu         ] GC(255) User=0.12s Sys=0.02s Real=0.08s
[250.882s][info][gc,start       ] GC(256) Pause Young (Allocation Failure)
[250.918s][info][gc,heap        ] GC(256) PSYoungGen: 262240K(290816K)->20010K(288256K) Eden: 247808K(247808K)->0K(250368K) From: 14432K(43008K)->20010K(37888K)
[250.918s][info][gc,heap        ] GC(256) ParOldGen: 442400K(442880K)->456212K(456704K)
[250.918s][info][gc,metaspace   ] GC(256) Metaspace: 42522K(42880K)->42522K(42880K) NonClass: 38179K(38400K)->38179K(38400K) Class: 4343K(4480K)->4343K(4480K)
[250.918s][info][gc             ] GC(256) Pause Young (Allocation Failure) 688M->465M(727M) 35.900ms
[250.918s][info][gc,cpu         ] GC(256) User=0.05s Sys=0.01s Real=0.04s
[251.539s][info][gc,start       ] GC(257) Pause Young (Allocation Failure)
[251.598s][info][gc,heap        ] GC(257) PSYoungGen: 270378K(288256K)->31384K(282112K) Eden: 250368K(250368K)->0K(250368K) From: 20010K(37888K)->31384K(31744K)
[251.598s][info][gc,heap        ] GC(257) ParOldGen: 456212K(456704K)->475444K(475648K)
[251.598s][info][gc,metaspace   ] GC(257) Metaspace: 42522K(42880K)->42522K(42880K) NonClass: 38179K(38400K)->38179K(38400K) Class: 4343K(4480K)->4343K(4480K)
[251.598s][info][gc             ] GC(257) Pause Young (Allocation Failure) 709M->494M(740M) 58.218ms
[251.598s][info][gc,cpu         ] GC(257) User=0.09s Sys=0.02s Real=0.06s
[252.239s][info][gc,start       ] GC(258) Pause Young (Allocation Failure)
[252.311s][info][gc,heap        ] GC(258) PSYoungGen: 281752K(282112K)->31568K(283648K) Eden: 250368K(250368K)->0K(239616K) From: 31384K(31744K)->31568K(44032K)
[252.311s][info][gc,heap        ] GC(258) ParOldGen: 475444K(475648K)->505172K(505344K)
[252.311s][info][gc,metaspace   ] GC(258) Metaspace: 42522K(42880K)->42522K(42880K) NonClass: 38179K(38400K)->38179K(38400K) Class: 4343K(4480K)->4343K(4480K)
[252.311s][info][gc             ] GC(258) Pause Young (Allocation Failure) 739M->524M(770M) 71.511ms
[252.311s][info][gc,cpu         ] GC(258) User=0.13s Sys=0.02s Real=0.07s
[253.942s][info][gc,start       ] GC(259) Pause Young (Allocation Failure)
[253.994s][info][gc,heap        ] GC(259) PSYoungGen: 271184K(283648K)->15934K(286720K) Eden: 239616K(239616K)->0K(239616K) From: 31568K(44032K)->15934K(47104K)
[253.994s][info][gc,heap        ] GC(259) ParOldGen: 505172K(505344K)->536957K(537088K)
[253.994s][info][gc,metaspace   ] GC(259) Metaspace: 42522K(42880K)->42522K(42880K) NonClass: 38179K(38400K)->38179K(38400K) Class: 4343K(4480K)->4343K(4480K)
[253.994s][info][gc             ] GC(259) Pause Young (Allocation Failure) 758M->539M(804M) 51.806ms
[253.994s][info][gc,cpu         ] GC(259) User=0.08s Sys=0.03s Real=0.05s
[255.338s][info][gc,start       ] GC(260) Pause Young (Allocation Failure)
[255.357s][info][gc,heap        ] GC(260) PSYoungGen: 255550K(286720K)->932K(286208K) Eden: 239616K(239616K)->0K(242176K) From: 15934K(47104K)->932K(44032K)
[255.357s][info][gc,heap        ] GC(260) ParOldGen: 536957K(537088K)->551582K(551936K)
[255.357s][info][gc,metaspace   ] GC(260) Metaspace: 42522K(42880K)->42522K(42880K) NonClass: 38179K(38400K)->38179K(38400K) Class: 4343K(4480K)->4343K(4480K)
[255.357s][info][gc             ] GC(260) Pause Young (Allocation Failure) 773M->539M(818M) 18.891ms
[255.357s][info][gc,cpu         ] GC(260) User=0.02s Sys=0.02s Real=0.02s
[256.766s][info][gc,start       ] GC(261) Pause Young (Allocation Failure)
[256.795s][info][gc,heap        ] GC(261) PSYoungGen: 243108K(286208K)->25242K(286720K) Eden: 242176K(242176K)->0K(242176K) From: 932K(44032K)->25242K(44544K)
[256.795s][info][gc,heap        ] GC(261) ParOldGen: 551582K(551936K)->552426K(552448K)
[256.795s][info][gc,metaspace   ] GC(261) Metaspace: 42523K(42880K)->42523K(42880K) NonClass: 38180K(38400K)->38180K(38400K) Class: 4343K(4480K)->4343K(4480K)
[256.795s][info][gc             ] GC(261) Pause Young (Allocation Failure) 776M->564M(819M) 28.422ms
[256.795s][info][gc,cpu         ] GC(261) User=0.06s Sys=0.00s Real=0.03s
[258.270s][info][gc,start       ] GC(262) Pause Young (Allocation Failure)
[258.319s][info][gc,heap        ] GC(262) PSYoungGen: 267418K(286720K)->23368K(288768K) Eden: 242176K(242176K)->0K(243712K) From: 25242K(44544K)->23368K(45056K)
[258.319s][info][gc,heap        ] GC(262) ParOldGen: 552426K(552448K)->574438K(574464K)
[258.319s][info][gc,metaspace   ] GC(262) Metaspace: 42523K(42880K)->42523K(42880K) NonClass: 38180K(38400K)->38180K(38400K) Class: 4343K(4480K)->4343K(4480K)
[258.319s][info][gc             ] GC(262) Pause Young (Allocation Failure) 800M->583M(843M) 49.172ms
[258.319s][info][gc,cpu         ] GC(262) User=0.09s Sys=0.01s Real=0.05s
[259.245s][info][gc,start       ] GC(263) Pause Young (Allocation Failure)
[259.303s][info][gc,heap        ] GC(263) PSYoungGen: 267080K(288768K)->32845K(276992K) Eden: 243712K(243712K)->0K(243712K) From: 23368K(45056K)->32845K(33280K)
[259.303s][info][gc,heap        ] GC(263) ParOldGen: 574438K(574464K)->597780K(598016K)
[259.303s][info][gc,metaspace   ] GC(263) Metaspace: 42523K(42880K)->42523K(42880K) NonClass: 38180K(38400K)->38180K(38400K) Class: 4343K(4480K)->4343K(4480K)
[259.303s][info][gc             ] GC(263) Pause Young (Allocation Failure) 821M->615M(854M) 58.414ms
[259.303s][info][gc,cpu         ] GC(263) User=0.10s Sys=0.02s Real=0.06s
[259.918s][info][gc,start       ] GC(264) Pause Young (Allocation Failure)
[259.989s][info][gc,heap        ] GC(264) PSYoungGen: 276557K(276992K)->30616K(282624K) Eden: 243712K(243712K)->0K(234496K) From: 32845K(33280K)->30616K(48128K)
[259.989s][info][gc,heap        ] GC(264) ParOldGen: 597780K(598016K)->629915K(630272K)
[259.989s][info][gc,metaspace   ] GC(264) Metaspace: 42523K(42880K)->42523K(42880K) NonClass: 38180K(38400K)->38180K(38400K) Class: 4343K(4480K)->4343K(4480K)
[259.989s][info][gc             ] GC(264) Pause Young (Allocation Failure) 853M->645M(891M) 70.876ms
[259.989s][info][gc,cpu         ] GC(264) User=0.11s Sys=0.02s Real=0.07s
[260.598s][info][gc,start       ] GC(265) Pause Full (Allocation Failure)
[260.598s][info][gc,phases,start] GC(265) Marking Phase
[260.702s][info][gc,phases      ] GC(265) Marking Phase 103.729ms
[260.702s][info][gc,phases,start] GC(265) Summary Phase
[260.702s][info][gc,phases      ] GC(265) Summary Phase 0.030ms
[260.702s][info][gc,phases,start] GC(265) Forward
[260.729s][info][gc,phases      ] GC(265) Forward 27.215ms
[260.729s][info][gc,phases,start] GC(265) Adjust Pointers
[260.800s][info][gc,phases      ] GC(265) Adjust Pointers 70.998ms
[260.800s][info][gc,phases,start] GC(265) Compaction Phase
[260.834s][info][gc,phases      ] GC(265) Compaction Phase 34.047ms
[260.835s][info][gc,phases,start] GC(265) Post Compact
[260.838s][info][gc,phases      ] GC(265) Post Compact 3.155ms
[260.870s][info][gc,heap        ] GC(265) PSYoungGen: 265112K(282624K)->0K(284160K) Eden: 234496K(234496K)->0K(234496K) From: 30616K(48128K)->0K(49664K)
[260.870s][info][gc,heap        ] GC(265) ParOldGen: 629915K(630272K)->128960K(255488K)
[260.870s][info][gc,metaspace   ] GC(265) Metaspace: 42523K(42880K)->42523K(42880K) NonClass: 38180K(38400K)->38180K(38400K) Class: 4343K(4480K)->4343K(4480K)
[260.870s][info][gc             ] GC(265) Pause Full (Allocation Failure) 874M->125M(527M) 271.725ms
[260.870s][info][gc,cpu         ] GC(265) User=0.42s Sys=0.03s Real=0.27s
[262.460s][info][gc,start       ] GC(266) Pause Young (Allocation Failure)
[262.473s][info][gc,heap        ] GC(266) PSYoungGen: 234496K(284160K)->12811K(280064K) Eden: 234496K(234496K)->0K(234496K) From: 0K(49664K)->12811K(45568K)
[262.473s][info][gc,heap        ] GC(266) ParOldGen: 128960K(255488K)->128960K(255488K)
[262.473s][info][gc,metaspace   ] GC(266) Metaspace: 42523K(42880K)->42523K(42880K) NonClass: 38180K(38400K)->38180K(38400K) Class: 4343K(4480K)->4343K(4480K)
[262.473s][info][gc             ] GC(266) Pause Young (Allocation Failure) 354M->138M(523M) 12.524ms
[262.473s][info][gc,cpu         ] GC(266) User=0.02s Sys=0.00s Real=0.01s
[263.617s][info][gc,start       ] GC(267) Pause Young (Allocation Failure)
[263.628s][info][gc,heap        ] GC(267) PSYoungGen: 247307K(280064K)->4700K(282112K) Eden: 234496K(234496K)->0K(234496K) From: 12811K(45568K)->4700K(47616K)
[263.628s][info][gc,heap        ] GC(267) ParOldGen: 128960K(255488K)->140589K(255488K)
[263.628s][info][gc,metaspace   ] GC(267) Metaspace: 42523K(42880K)->42523K(42880K) NonClass: 38180K(38400K)->38180K(38400K) Class: 4343K(4480K)->4343K(4480K)
[263.628s][info][gc             ] GC(267) Pause Young (Allocation Failure) 367M->141M(525M) 11.432ms
[263.628s][info][gc,cpu         ] GC(267) User=0.02s Sys=0.00s Real=0.02s
[264.972s][info][gc,start       ] GC(268) Pause Young (Allocation Failure)
[264.999s][info][gc,heap        ] GC(268) PSYoungGen: 239196K(282112K)->26069K(286208K) Eden: 234496K(234496K)->0K(238592K) From: 4700K(47616K)->26069K(47616K)
[264.999s][info][gc,heap        ] GC(268) ParOldGen: 140589K(255488K)->145197K(255488K)
[264.999s][info][gc,metaspace   ] GC(268) Metaspace: 42523K(42880K)->42523K(42880K) NonClass: 38180K(38400K)->38180K(38400K) Class: 4343K(4480K)->4343K(4480K)
[264.999s][info][gc             ] GC(268) Pause Young (Allocation Failure) 370M->167M(529M) 27.342ms
[264.999s][info][gc,cpu         ] GC(268) User=0.05s Sys=0.00s Real=0.03s
[266.409s][info][gc,start       ] GC(269) Pause Young (Allocation Failure)
[266.450s][info][gc,heap        ] GC(269) PSYoungGen: 264661K(286208K)->23053K(262144K) Eden: 238592K(238592K)->0K(238592K) From: 26069K(47616K)->23053K(23552K)
[266.450s][info][gc,heap        ] GC(269) ParOldGen: 145197K(255488K)->170956K(255488K)
[266.450s][info][gc,metaspace   ] GC(269) Metaspace: 42523K(42880K)->42523K(42880K) NonClass: 38180K(38400K)->38180K(38400K) Class: 4343K(4480K)->4343K(4480K)
[266.450s][info][gc             ] GC(269) Pause Young (Allocation Failure) 400M->189M(505M) 41.463ms
[266.450s][info][gc,cpu         ] GC(269) User=0.09s Sys=0.00s Real=0.04s
[267.626s][info][gc,start       ] GC(270) Pause Young (Allocation Failure)
[267.666s][info][gc,heap        ] GC(270) PSYoungGen: 261645K(262144K)->28001K(283648K) Eden: 238592K(238592K)->0K(237568K) From: 23053K(23552K)->28001K(46080K)
[267.666s][info][gc,heap        ] GC(270) ParOldGen: 170956K(255488K)->194080K(255488K)
[267.666s][info][gc,metaspace   ] GC(270) Metaspace: 42529K(42880K)->42529K(42880K) NonClass: 38185K(38400K)->38185K(38400K) Class: 4343K(4480K)->4343K(4480K)
[267.666s][info][gc             ] GC(270) Pause Young (Allocation Failure) 422M->216M(526M) 40.308ms
[267.666s][info][gc,cpu         ] GC(270) User=0.08s Sys=0.00s Real=0.04s
[268.702s][info][gc,start       ] GC(271) Pause Young (Allocation Failure)
[268.725s][info][gc,heap        ] GC(271) PSYoungGen: 265569K(283648K)->13120K(284672K) Eden: 237568K(237568K)->0K(237568K) From: 28001K(46080K)->13120K(47104K)
[268.725s][info][gc,heap        ] GC(271) ParOldGen: 194080K(255488K)->212399K(255488K)
[268.725s][info][gc,metaspace   ] GC(271) Metaspace: 42548K(42944K)->42548K(42944K) NonClass: 38204K(38464K)->38204K(38464K) Class: 4343K(4480K)->4343K(4480K)
[268.725s][info][gc             ] GC(271) Pause Young (Allocation Failure) 448M->220M(527M) 23.722ms
[268.725s][info][gc,cpu         ] GC(271) User=0.04s Sys=0.00s Real=0.02s
[269.625s][info][gc,start       ] GC(272) Pause Young (Allocation Failure)
[269.643s][info][gc,heap        ] GC(272) PSYoungGen: 250688K(284672K)->20570K(283136K) Eden: 237568K(237568K)->0K(241152K) From: 13120K(47104K)->20570K(41984K)
[269.643s][info][gc,heap        ] GC(272) ParOldGen: 212399K(255488K)->213139K(255488K)
[269.643s][info][gc,metaspace   ] GC(272) Metaspace: 42548K(42944K)->42548K(42944K) NonClass: 38204K(38464K)->38204K(38464K) Class: 4343K(4480K)->4343K(4480K)
[269.643s][info][gc             ] GC(272) Pause Young (Allocation Failure) 452M->228M(526M) 18.108ms
[269.643s][info][gc,cpu         ] GC(272) User=0.03s Sys=0.00s Real=0.02s
[270.539s][info][gc,start       ] GC(273) Pause Young (Allocation Failure)
[270.545s][info][gc,heap        ] GC(273) PSYoungGen: 261722K(283136K)->6482K(284672K) Eden: 241152K(241152K)->0K(241152K) From: 20570K(41984K)->6482K(43520K)
[270.545s][info][gc,heap        ] GC(273) ParOldGen: 213139K(255488K)->214179K(255488K)
[270.545s][info][gc,metaspace   ] GC(273) Metaspace: 42548K(42944K)->42548K(42944K) NonClass: 38205K(38464K)->38205K(38464K) Class: 4343K(4480K)->4343K(4480K)
[270.546s][info][gc             ] GC(273) Pause Young (Allocation Failure) 463M->215M(527M) 6.291ms
[270.546s][info][gc,cpu         ] GC(273) User=0.01s Sys=0.00s Real=0.00s
[271.364s][info][gc,start       ] GC(274) Pause Young (Allocation Failure)
[271.370s][info][gc,heap        ] GC(274) PSYoungGen: 247634K(284672K)->4852K(289792K) Eden: 241152K(241152K)->0K(247296K) From: 6482K(43520K)->4852K(42496K)
[271.370s][info][gc,heap        ] GC(274) ParOldGen: 214179K(255488K)->215323K(255488K)
[271.370s][info][gc,metaspace   ] GC(274) Metaspace: 42559K(42944K)->42559K(42944K) NonClass: 38214K(38464K)->38214K(38464K) Class: 4345K(4480K)->4345K(4480K)
[271.370s][info][gc             ] GC(274) Pause Young (Allocation Failure) 450M->215M(532M) 5.147ms
[271.370s][info][gc,cpu         ] GC(274) User=0.01s Sys=0.00s Real=0.01s
[272.307s][info][gc,start       ] GC(275) Pause Young (Allocation Failure)
[272.335s][info][gc,heap        ] GC(275) PSYoungGen: 252148K(289792K)->25389K(290304K) Eden: 247296K(247296K)->0K(247296K) From: 4852K(42496K)->25389K(43008K)
[272.335s][info][gc,heap        ] GC(275) ParOldGen: 215323K(255488K)->216475K(255488K)
[272.335s][info][gc,metaspace   ] GC(275) Metaspace: 42559K(42944K)->42559K(42944K) NonClass: 38214K(38464K)->38214K(38464K) Class: 4345K(4480K)->4345K(4480K)
[272.335s][info][gc             ] GC(275) Pause Young (Allocation Failure) 456M->236M(533M) 28.403ms
[272.335s][info][gc,cpu         ] GC(275) User=0.04s Sys=0.00s Real=0.02s
[273.434s][info][gc,start       ] GC(276) Pause Young (Allocation Failure)
[273.445s][info][gc,heap        ] GC(276) PSYoungGen: 272685K(290304K)->11743K(288256K) Eden: 247296K(247296K)->0K(247296K) From: 25389K(43008K)->11743K(40960K)
[273.445s][info][gc,heap        ] GC(276) ParOldGen: 216475K(255488K)->217219K(255488K)
[273.445s][info][gc,metaspace   ] GC(276) Metaspace: 42559K(42944K)->42559K(42944K) NonClass: 38214K(38464K)->38214K(38464K) Class: 4345K(4480K)->4345K(4480K)
[273.445s][info][gc             ] GC(276) Pause Young (Allocation Failure) 477M->223M(531M) 10.576ms
[273.445s][info][gc,cpu         ] GC(276) User=0.02s Sys=0.00s Real=0.01s
[274.297s][info][gc,start       ] GC(277) Pause Young (Allocation Failure)
[274.306s][info][gc,heap        ] GC(277) PSYoungGen: 259039K(288256K)->10325K(289280K) Eden: 247296K(247296K)->0K(247296K) From: 11743K(40960K)->10325K(41984K)
[274.306s][info][gc,heap        ] GC(277) ParOldGen: 217219K(255488K)->218387K(255488K)
[274.306s][info][gc,metaspace   ] GC(277) Metaspace: 42560K(42944K)->42560K(42944K) NonClass: 38215K(38464K)->38215K(38464K) Class: 4345K(4480K)->4345K(4480K)
[274.306s][info][gc             ] GC(277) Pause Young (Allocation Failure) 465M->223M(532M) 9.303ms
[274.306s][info][gc,cpu         ] GC(277) User=0.02s Sys=0.00s Real=0.00s
[275.191s][info][gc,start       ] GC(278) Pause Young (Allocation Failure)
[275.208s][info][gc,heap        ] GC(278) PSYoungGen: 257621K(289280K)->9195K(290304K) Eden: 247296K(247296K)->0K(251392K) From: 10325K(41984K)->9195K(38912K)
[275.208s][info][gc,heap        ] GC(278) ParOldGen: 218387K(255488K)->219271K(255488K)
[275.208s][info][gc,metaspace   ] GC(278) Metaspace: 42560K(42944K)->42560K(42944K) NonClass: 38215K(38464K)->38215K(38464K) Class: 4345K(4480K)->4345K(4480K)
[275.208s][info][gc             ] GC(278) Pause Young (Allocation Failure) 464M->223M(533M) 16.601ms
[275.208s][info][gc,cpu         ] GC(278) User=0.01s Sys=0.00s Real=0.02s
[276.145s][info][gc,start       ] GC(279) Pause Young (Allocation Failure)
[276.153s][info][gc,heap        ] GC(279) PSYoungGen: 260587K(290304K)->7764K(290816K) Eden: 251392K(251392K)->0K(251392K) From: 9195K(38912K)->7764K(39424K)
[276.153s][info][gc,heap        ] GC(279) ParOldGen: 219271K(255488K)->220343K(255488K)
[276.153s][info][gc,metaspace   ] GC(279) Metaspace: 42560K(42944K)->42560K(42944K) NonClass: 38215K(38464K)->38215K(38464K) Class: 4345K(4480K)->4345K(4480K)
[276.153s][info][gc             ] GC(279) Pause Young (Allocation Failure) 468M->222M(533M) 7.850ms
[276.153s][info][gc,cpu         ] GC(279) User=0.01s Sys=0.00s Real=0.01s
[276.983s][info][gc,start       ] GC(280) Pause Young (Allocation Failure)
[277.024s][info][gc,heap        ] GC(280) PSYoungGen: 259156K(290816K)->38395K(279040K) Eden: 251392K(251392K)->0K(240640K) From: 7764K(39424K)->38395K(38400K)
[277.024s][info][gc,heap        ] GC(280) ParOldGen: 220343K(255488K)->225511K(255488K)
[277.024s][info][gc,metaspace   ] GC(280) Metaspace: 42561K(42944K)->42561K(42944K) NonClass: 38216K(38464K)->38216K(38464K) Class: 4345K(4480K)->4345K(4480K)
[277.024s][info][gc             ] GC(280) Pause Young (Allocation Failure) 468M->257M(522M) 40.939ms
[277.024s][info][gc,cpu         ] GC(280) User=0.08s Sys=0.01s Real=0.04s
[278.295s][info][gc,start       ] GC(281) Pause Young (Allocation Failure)
[278.331s][info][gc,heap        ] GC(281) PSYoungGen: 279035K(279040K)->14531K(287232K) Eden: 240640K(240640K)->0K(240640K) From: 38395K(38400K)->14531K(46592K)
[278.331s][info][gc,heap        ] GC(281) ParOldGen: 225511K(255488K)->245327K(255488K)
[278.331s][info][gc,metaspace   ] GC(281) Metaspace: 42561K(42944K)->42561K(42944K) NonClass: 38216K(38464K)->38216K(38464K) Class: 4345K(4480K)->4345K(4480K)
[278.331s][info][gc             ] GC(281) Pause Young (Allocation Failure) 492M->253M(530M) 36.197ms
[278.331s][info][gc,cpu         ] GC(281) User=0.07s Sys=0.00s Real=0.04s
[279.228s][info][gc,start       ] GC(282) Pause Young (Allocation Failure)
[279.249s][info][gc,heap        ] GC(282) PSYoungGen: 255171K(287232K)->5716K(283136K) Eden: 240640K(240640K)->0K(242688K) From: 14531K(46592K)->5716K(40448K)
[279.249s][info][gc,heap        ] GC(282) ParOldGen: 245327K(255488K)->259748K(260096K)
[279.249s][info][gc,metaspace   ] GC(282) Metaspace: 42561K(42944K)->42561K(42944K) NonClass: 38216K(38464K)->38216K(38464K) Class: 4345K(4480K)->4345K(4480K)
[279.249s][info][gc             ] GC(282) Pause Young (Allocation Failure) 488M->259M(530M) 20.919ms
[279.249s][info][gc,cpu         ] GC(282) User=0.04s Sys=0.01s Real=0.02s
[279.995s][info][gc,start       ] GC(283) Pause Young (Allocation Failure)
[280.018s][info][gc,heap        ] GC(283) PSYoungGen: 248404K(283136K)->29446K(286208K) Eden: 242688K(242688K)->0K(242688K) From: 5716K(40448K)->29446K(43520K)
[280.018s][info][gc,heap        ] GC(283) ParOldGen: 259748K(260096K)->262620K(262656K)
[280.018s][info][gc,metaspace   ] GC(283) Metaspace: 42565K(42944K)->42565K(42944K) NonClass: 38220K(38464K)->38220K(38464K) Class: 4345K(4480K)->4345K(4480K)
[280.018s][info][gc             ] GC(283) Pause Young (Allocation Failure) 496M->285M(536M) 23.266ms
[280.018s][info][gc,cpu         ] GC(283) User=0.04s Sys=0.01s Real=0.03s
[280.801s][info][gc,start       ] GC(284) Pause Young (Allocation Failure)
[280.816s][info][gc,heap        ] GC(284) PSYoungGen: 272134K(286208K)->7008K(288768K) Eden: 242688K(242688K)->0K(242688K) From: 29446K(43520K)->7008K(46080K)
[280.816s][info][gc,heap        ] GC(284) ParOldGen: 262620K(262656K)->272366K(272384K)
[280.816s][info][gc,metaspace   ] GC(284) Metaspace: 42565K(42944K)->42565K(42944K) NonClass: 38220K(38464K)->38220K(38464K) Class: 4345K(4480K)->4345K(4480K)
[280.816s][info][gc             ] GC(284) Pause Young (Allocation Failure) 522M->272M(548M) 14.825ms
[280.816s][info][gc,cpu         ] GC(284) User=0.02s Sys=0.01s Real=0.01s
[281.663s][info][gc,start       ] GC(285) Pause Young (Allocation Failure)
[281.680s][info][gc,heap        ] GC(285) PSYoungGen: 249696K(288768K)->26647K(287744K) Eden: 242688K(242688K)->0K(242688K) From: 7008K(46080K)->26647K(45056K)
[281.680s][info][gc,heap        ] GC(285) ParOldGen: 272366K(272384K)->272849K(272896K)
[281.680s][info][gc,metaspace   ] GC(285) Metaspace: 42565K(42944K)->42565K(42944K) NonClass: 38220K(38464K)->38220K(38464K) Class: 4345K(4480K)->4345K(4480K)
[281.680s][info][gc             ] GC(285) Pause Young (Allocation Failure) 509M->292M(547M) 17.740ms
[281.680s][info][gc,cpu         ] GC(285) User=0.03s Sys=0.00s Real=0.02s
[282.520s][info][gc,start       ] GC(286) Pause Young (Allocation Failure)
[282.544s][info][gc,heap        ] GC(286) PSYoungGen: 269335K(287744K)->34157K(281088K) Eden: 242688K(242688K)->0K(235520K) From: 26647K(45056K)->34157K(45568K)
[282.544s][info][gc,heap        ] GC(286) ParOldGen: 272849K(272896K)->273633K(273920K)
[282.544s][info][gc,metaspace   ] GC(286) Metaspace: 42566K(42944K)->42566K(42944K) NonClass: 38220K(38464K)->38220K(38464K) Class: 4345K(4480K)->4345K(4480K)
[282.544s][info][gc             ] GC(286) Pause Young (Allocation Failure) 529M->300M(542M) 23.668ms
[282.544s][info][gc,cpu         ] GC(286) User=0.04s Sys=0.00s Real=0.02s
[283.397s][info][gc,start       ] GC(287) Pause Young (Allocation Failure)
[283.405s][info][gc,heap        ] GC(287) PSYoungGen: 269677K(281088K)->7724K(284672K) Eden: 235520K(235520K)->0K(235520K) From: 34157K(45568K)->7724K(49152K)
[283.405s][info][gc,heap        ] GC(287) ParOldGen: 273633K(273920K)->275306K(275456K)
[283.405s][info][gc,metaspace   ] GC(287) Metaspace: 42566K(42944K)->42566K(42944K) NonClass: 38220K(38464K)->38220K(38464K) Class: 4345K(4480K)->4345K(4480K)
[283.405s][info][gc             ] GC(287) Pause Young (Allocation Failure) 530M->276M(547M) 8.455ms
[283.405s][info][gc,cpu         ] GC(287) User=0.01s Sys=0.00s Real=0.00s
[284.242s][info][gc,start       ] GC(288) Pause Young (Allocation Failure)
[284.335s][info][gc,heap        ] GC(288) PSYoungGen: 243244K(284672K)->48112K(230400K) Eden: 235520K(235520K)->0K(182272K) From: 7724K(49152K)->48112K(48128K)
[284.335s][info][gc,heap        ] GC(288) ParOldGen: 275306K(275456K)->328672K(328704K)
[284.335s][info][gc,metaspace   ] GC(288) Metaspace: 42566K(42944K)->42566K(42944K) NonClass: 38220K(38464K)->38220K(38464K) Class: 4345K(4480K)->4345K(4480K)
[284.335s][info][gc             ] GC(288) Pause Young (Allocation Failure) 506M->367M(546M) 93.365ms
[284.335s][info][gc,cpu         ] GC(288) User=0.13s Sys=0.05s Real=0.09s
[284.951s][info][gc,start       ] GC(289) Pause Young (Allocation Failure)
[285.009s][info][gc,heap        ] GC(289) PSYoungGen: 230384K(230400K)->23256K(258048K) Eden: 182272K(182272K)->0K(182272K) From: 48112K(48128K)->23256K(75776K)
[285.009s][info][gc,heap        ] GC(289) ParOldGen: 328672K(328704K)->366423K(366592K)
[285.009s][info][gc,metaspace   ] GC(289) Metaspace: 42566K(42944K)->42566K(42944K) NonClass: 38221K(38464K)->38221K(38464K) Class: 4345K(4480K)->4345K(4480K)
[285.009s][info][gc             ] GC(289) Pause Young (Allocation Failure) 545M->380M(610M) 58.356ms
[285.009s][info][gc,cpu         ] GC(289) User=0.09s Sys=0.03s Real=0.06s
[285.684s][info][gc,start       ] GC(290) Pause Young (Allocation Failure)
[285.710s][info][gc,heap        ] GC(290) PSYoungGen: 205528K(258048K)->26474K(244736K) Eden: 182272K(182272K)->0K(186368K) From: 23256K(75776K)->26474K(58368K)
[285.710s][info][gc,heap        ] GC(290) ParOldGen: 366423K(366592K)->375304K(375808K)
[285.710s][info][gc,metaspace   ] GC(290) Metaspace: 42567K(42944K)->42567K(42944K) NonClass: 38222K(38464K)->38222K(38464K) Class: 4345K(4480K)->4345K(4480K)
[285.710s][info][gc             ] GC(290) Pause Young (Allocation Failure) 558M->392M(606M) 26.146ms
[285.710s][info][gc,cpu         ] GC(290) User=0.04s Sys=0.01s Real=0.03s
[286.342s][info][gc,start       ] GC(291) Pause Young (Allocation Failure)
[286.354s][info][gc,heap        ] GC(291) PSYoungGen: 212842K(244736K)->17596K(253440K) Eden: 186368K(186368K)->0K(186368K) From: 26474K(58368K)->17596K(67072K)
[286.354s][info][gc,heap        ] GC(291) ParOldGen: 375304K(375808K)->376115K(376320K)
[286.354s][info][gc,metaspace   ] GC(291) Metaspace: 42567K(42944K)->42567K(42944K) NonClass: 38222K(38464K)->38222K(38464K) Class: 4345K(4480K)->4345K(4480K)
[286.355s][info][gc             ] GC(291) Pause Young (Allocation Failure) 574M->384M(615M) 12.083ms
[286.355s][info][gc,cpu         ] GC(291) User=0.02s Sys=0.00s Real=0.01s
[286.978s][info][gc,start       ] GC(292) Pause Young (Allocation Failure)
[286.981s][info][gc,heap        ] GC(292) PSYoungGen: 203964K(253440K)->1172K(265216K) Eden: 186368K(186368K)->0K(202240K) From: 17596K(67072K)->1172K(62976K)
[286.981s][info][gc,heap        ] GC(292) ParOldGen: 376115K(376320K)->376838K(377344K)
[286.981s][info][gc,metaspace   ] GC(292) Metaspace: 42567K(42944K)->42567K(42944K) NonClass: 38222K(38464K)->38222K(38464K) Class: 4345K(4480K)->4345K(4480K)
[286.981s][info][gc             ] GC(292) Pause Young (Allocation Failure) 566M->369M(627M) 3.395ms
[286.981s][info][gc,cpu         ] GC(292) User=0.01s Sys=0.00s Real=0.00s
[287.668s][info][gc,start       ] GC(293) Pause Young (Allocation Failure)
[287.686s][info][gc,heap        ] GC(293) PSYoungGen: 203412K(265216K)->28807K(267264K) Eden: 202240K(202240K)->0K(202240K) From: 1172K(62976K)->28807K(65024K)
[287.686s][info][gc,heap        ] GC(293) ParOldGen: 376838K(377344K)->377315K(377344K)
[287.686s][info][gc,metaspace   ] GC(293) Metaspace: 42567K(42944K)->42567K(42944K) NonClass: 38222K(38464K)->38222K(38464K) Class: 4345K(4480K)->4345K(4480K)
[287.686s][info][gc             ] GC(293) Pause Young (Allocation Failure) 566M->396M(629M) 18.119ms
[287.686s][info][gc,cpu         ] GC(293) User=0.04s Sys=0.00s Real=0.01s
[288.293s][info][gc,start       ] GC(294) Pause Young (Allocation Failure)
[288.307s][info][gc,heap        ] GC(294) PSYoungGen: 231047K(267264K)->21951K(261632K) Eden: 202240K(202240K)->0K(205824K) From: 28807K(65024K)->21951K(55808K)
[288.307s][info][gc,heap        ] GC(294) ParOldGen: 377315K(377344K)->377702K(377856K)
[288.307s][info][gc,metaspace   ] GC(294) Metaspace: 42569K(42944K)->42569K(42944K) NonClass: 38223K(38464K)->38223K(38464K) Class: 4345K(4480K)->4345K(4480K)
[288.307s][info][gc             ] GC(294) Pause Young (Allocation Failure) 594M->390M(624M) 14.197ms
[288.307s][info][gc,cpu         ] GC(294) User=0.02s Sys=0.00s Real=0.02s
[288.946s][info][gc,start       ] GC(295) Pause Young (Allocation Failure)
[288.966s][info][gc,heap        ] GC(295) PSYoungGen: 227775K(261632K)->563K(265216K) Eden: 205824K(205824K)->0K(205824K) From: 21951K(55808K)->563K(59392K)
[288.966s][info][gc,heap        ] GC(295) ParOldGen: 377702K(377856K)->398420K(398848K)
[288.966s][info][gc,metaspace   ] GC(295) Metaspace: 42569K(42944K)->42569K(42944K) NonClass: 38224K(38464K)->38224K(38464K) Class: 4345K(4480K)->4345K(4480K)
[288.966s][info][gc             ] GC(295) Pause Young (Allocation Failure) 591M->389M(648M) 20.830ms
[288.966s][info][gc,cpu         ] GC(295) User=0.03s Sys=0.01s Real=0.02s
[289.562s][info][gc,start       ] GC(296) Pause Young (Allocation Failure)
[289.569s][info][gc,heap        ] GC(296) PSYoungGen: 206387K(265216K)->3230K(273408K) Eden: 205824K(205824K)->0K(215040K) From: 563K(59392K)->3230K(58368K)
[289.569s][info][gc,heap        ] GC(296) ParOldGen: 398420K(398848K)->398436K(398848K)
[289.569s][info][gc,metaspace   ] GC(296) Metaspace: 42570K(42944K)->42570K(42944K) NonClass: 38225K(38464K)->38225K(38464K) Class: 4345K(4480K)->4345K(4480K)
[289.569s][info][gc             ] GC(296) Pause Young (Allocation Failure) 590M->392M(656M) 6.305ms
[289.569s][info][gc,cpu         ] GC(296) User=0.01s Sys=0.00s Real=0.01s
[289.934s][info][gc,start       ] GC(297) Pause Young (Allocation Failure)
[289.939s][info][gc,heap        ] GC(297) PSYoungGen: 218270K(273408K)->1934K(273920K) Eden: 215040K(215040K)->0K(215040K) From: 3230K(58368K)->1934K(58880K)
[289.939s][info][gc,heap        ] GC(297) ParOldGen: 398436K(398848K)->400387K(400896K)
[289.939s][info][gc,metaspace   ] GC(297) Metaspace: 42570K(42944K)->42570K(42944K) NonClass: 38225K(38464K)->38225K(38464K) Class: 4345K(4480K)->4345K(4480K)
[289.939s][info][gc             ] GC(297) Pause Young (Allocation Failure) 602M->392M(659M) 5.220ms
[289.939s][info][gc,cpu         ] GC(297) User=0.01s Sys=0.00s Real=0.01s
[290.380s][info][gc,start       ] GC(298) Pause Young (Allocation Failure)
[290.396s][info][gc,heap        ] GC(298) PSYoungGen: 216974K(273920K)->10280K(269312K) Eden: 215040K(215040K)->0K(217088K) From: 1934K(58880K)->10280K(52224K)
[290.396s][info][gc,heap        ] GC(298) ParOldGen: 400387K(400896K)->400443K(400896K)
[290.396s][info][gc,metaspace   ] GC(298) Metaspace: 42572K(42944K)->42572K(42944K) NonClass: 38227K(38464K)->38227K(38464K) Class: 4345K(4480K)->4345K(4480K)
[290.396s][info][gc             ] GC(298) Pause Young (Allocation Failure) 602M->401M(654M) 15.833ms
[290.396s][info][gc,cpu         ] GC(298) User=0.03s Sys=0.00s Real=0.01s
[290.663s][info][gc,start       ] GC(299) Pause Young (Allocation Failure)
[290.676s][info][gc,heap        ] GC(299) PSYoungGen: 227368K(269312K)->1084K(271872K) Eden: 217088K(217088K)->0K(217088K) From: 10280K(52224K)->1084K(54784K)
[290.676s][info][gc,heap        ] GC(299) ParOldGen: 400443K(400896K)->410523K(410624K)
[290.676s][info][gc,metaspace   ] GC(299) Metaspace: 42572K(42944K)->42572K(42944K) NonClass: 38227K(38464K)->38227K(38464K) Class: 4345K(4480K)->4345K(4480K)
[290.676s][info][gc             ] GC(299) Pause Young (Allocation Failure) 613M->401M(666M) 13.262ms
[290.676s][info][gc,cpu         ] GC(299) User=0.02s Sys=0.01s Real=0.01s
[290.958s][info][gc,start       ] GC(300) Pause Young (Allocation Failure)
[290.963s][info][gc,heap        ] GC(300) PSYoungGen: 218008K(271872K)->2069K(274944K) Eden: 216923K(217088K)->0K(225280K) From: 1084K(54784K)->2069K(49664K)
[290.963s][info][gc,heap        ] GC(300) ParOldGen: 410523K(410624K)->411550K(411648K)
[290.963s][info][gc,metaspace   ] GC(300) Metaspace: 42572K(42944K)->42572K(42944K) NonClass: 38227K(38464K)->38227K(38464K) Class: 4345K(4480K)->4345K(4480K)
[290.963s][info][gc             ] GC(300) Pause Young (Allocation Failure) 613M->403M(670M) 5.494ms
[290.963s][info][gc,cpu         ] GC(300) User=0.01s Sys=0.00s Real=0.00s
[291.249s][info][gc,start       ] GC(301) Pause Young (Allocation Failure)
[291.256s][info][gc,heap        ] GC(301) PSYoungGen: 225870K(274944K)->2527K(277504K) Eden: 223801K(225280K)->0K(225280K) From: 2069K(49664K)->2527K(52224K)
[291.256s][info][gc,heap        ] GC(301) ParOldGen: 411550K(411648K)->413617K(413696K)
[291.256s][info][gc,metaspace   ] GC(301) Metaspace: 42572K(42944K)->42572K(42944K) NonClass: 38227K(38464K)->38227K(38464K) Class: 4345K(4480K)->4345K(4480K)
[291.256s][info][gc             ] GC(301) Pause Young (Allocation Failure) 622M->406M(675M) 7.017ms
[291.256s][info][gc,cpu         ] GC(301) User=0.01s Sys=0.01s Real=0.00s
[291.560s][info][gc,start       ] GC(302) Pause Young (Allocation Failure)
[291.569s][info][gc,heap        ] GC(302) PSYoungGen: 227721K(277504K)->4712K(276992K) Eden: 225193K(225280K)->0K(231424K) From: 2527K(52224K)->4712K(45568K)
[291.570s][info][gc,heap        ] GC(302) ParOldGen: 413617K(413696K)->416043K(416256K)
[291.570s][info][gc,metaspace   ] GC(302) Metaspace: 42572K(42944K)->42572K(42944K) NonClass: 38227K(38464K)->38227K(38464K) Class: 4345K(4480K)->4345K(4480K)
[291.570s][info][gc             ] GC(302) Pause Young (Allocation Failure) 626M->410M(677M) 9.488ms
[291.570s][info][gc,cpu         ] GC(302) User=0.02s Sys=0.00s Real=0.01s
[291.895s][info][gc,start       ] GC(303) Pause Young (Allocation Failure)
[291.909s][info][gc,heap        ] GC(303) PSYoungGen: 236136K(276992K)->6761K(279552K) Eden: 231424K(231424K)->0K(231424K) From: 4712K(45568K)->6761K(48128K)
[291.909s][info][gc,heap        ] GC(303) ParOldGen: 416043K(416256K)->420778K(420864K)
[291.909s][info][gc,metaspace   ] GC(303) Metaspace: 42572K(42944K)->42572K(42944K) NonClass: 38227K(38464K)->38227K(38464K) Class: 4345K(4480K)->4345K(4480K)
[291.909s][info][gc             ] GC(303) Pause Young (Allocation Failure) 636M->417M(684M) 14.258ms
[291.909s][info][gc,cpu         ] GC(303) User=0.03s Sys=0.00s Real=0.02s
[292.211s][info][gc,start       ] GC(304) Pause Young (Allocation Failure)
[292.225s][info][gc,heap        ] GC(304) PSYoungGen: 237111K(279552K)->3351K(283136K) Eden: 230349K(231424K)->0K(240640K) From: 6761K(48128K)->3351K(42496K)
[292.225s][info][gc,heap        ] GC(304) ParOldGen: 420778K(420864K)->427569K(428032K)
[292.225s][info][gc,metaspace   ] GC(304) Metaspace: 42572K(42944K)->42572K(42944K) NonClass: 38227K(38464K)->38227K(38464K) Class: 4345K(4480K)->4345K(4480K)
[292.225s][info][gc             ] GC(304) Pause Young (Allocation Failure) 642M->420M(694M) 14.566ms
[292.225s][info][gc,cpu         ] GC(304) User=0.02s Sys=0.01s Real=0.01s
[292.724s][info][gc,start       ] GC(305) Pause Young (Allocation Failure)
[292.745s][info][gc,heap        ] GC(305) PSYoungGen: 243991K(283136K)->16389K(284160K) Eden: 240640K(240640K)->0K(240640K) From: 3351K(42496K)->16389K(43520K)
[292.745s][info][gc,heap        ] GC(305) ParOldGen: 427569K(428032K)->430729K(431104K)
[292.745s][info][gc,metaspace   ] GC(305) Metaspace: 42574K(42944K)->42574K(42944K) NonClass: 38229K(38464K)->38229K(38464K) Class: 4345K(4480K)->4345K(4480K)
[292.745s][info][gc             ] GC(305) Pause Young (Allocation Failure) 655M->436M(698M) 20.452ms
[292.745s][info][gc,cpu         ] GC(305) User=0.03s Sys=0.00s Real=0.02s
[293.328s][info][gc,start       ] GC(306) Pause Young (Allocation Failure)
[293.359s][info][gc,heap        ] GC(306) PSYoungGen: 257029K(284160K)->3700K(287744K) Eden: 240640K(240640K)->0K(248320K) From: 16389K(43520K)->3700K(39424K)
[293.359s][info][gc,heap        ] GC(306) ParOldGen: 430729K(431104K)->446447K(446464K)
[293.359s][info][gc,metaspace   ] GC(306) Metaspace: 42663K(43008K)->42663K(43008K) NonClass: 38317K(38528K)->38317K(38528K) Class: 4345K(4480K)->4345K(4480K)
[293.359s][info][gc             ] GC(306) Pause Young (Allocation Failure) 671M->439M(717M) 31.604ms
[293.359s][info][gc,cpu         ] GC(306) User=0.06s Sys=0.01s Real=0.03s
[293.961s][info][gc,start       ] GC(307) Pause Young (Allocation Failure)
[293.965s][info][gc,heap        ] GC(307) PSYoungGen: 252020K(287744K)->1504K(288768K) Eden: 248320K(248320K)->0K(248320K) From: 3700K(39424K)->1504K(40448K)
[293.965s][info][gc,heap        ] GC(307) ParOldGen: 446447K(446464K)->447094K(447488K)
[293.965s][info][gc,metaspace   ] GC(307) Metaspace: 42665K(43008K)->42665K(43008K) NonClass: 38320K(38528K)->38320K(38528K) Class: 4345K(4480K)->4345K(4480K)
[293.965s][info][gc             ] GC(307) Pause Young (Allocation Failure) 682M->438M(719M) 3.548ms
[293.965s][info][gc,cpu         ] GC(307) User=0.00s Sys=0.00s Real=0.00s
[294.538s][info][gc,start       ] GC(308) Pause Young (Allocation Failure)
[294.544s][info][gc,heap        ] GC(308) PSYoungGen: 249824K(288768K)->5977K(289792K) Eden: 248320K(248320K)->0K(254464K) From: 1504K(40448K)->5977K(35328K)
[294.544s][info][gc,heap        ] GC(308) ParOldGen: 447094K(447488K)->447102K(447488K)
[294.544s][info][gc,metaspace   ] GC(308) Metaspace: 42666K(43008K)->42666K(43008K) NonClass: 38321K(38528K)->38321K(38528K) Class: 4345K(4480K)->4345K(4480K)
[294.544s][info][gc             ] GC(308) Pause Young (Allocation Failure) 680M->442M(720M) 6.265ms
[294.544s][info][gc,cpu         ] GC(308) User=0.02s Sys=0.00s Real=0.00s
[295.205s][info][gc,start       ] GC(309) Pause Young (Allocation Failure)
[295.208s][info][gc,heap        ] GC(309) PSYoungGen: 260441K(289792K)->2750K(291328K) Eden: 254464K(254464K)->0K(254464K) From: 5977K(35328K)->2750K(36864K)
[295.208s][info][gc,heap        ] GC(309) ParOldGen: 447102K(447488K)->447150K(447488K)
[295.208s][info][gc,metaspace   ] GC(309) Metaspace: 42667K(43008K)->42667K(43008K) NonClass: 38322K(38528K)->38322K(38528K) Class: 4345K(4480K)->4345K(4480K)
[295.208s][info][gc             ] GC(309) Pause Young (Allocation Failure) 690M->439M(721M) 2.965ms
[295.208s][info][gc,cpu         ] GC(309) User=0.01s Sys=0.00s Real=0.01s
[296.003s][info][gc,start       ] GC(310) Pause Young (Allocation Failure)
[296.008s][info][gc,heap        ] GC(310) PSYoungGen: 257214K(291328K)->2674K(294400K) Eden: 254464K(254464K)->0K(262144K) From: 2750K(36864K)->2674K(32256K)
[296.008s][info][gc,heap        ] GC(310) ParOldGen: 447150K(447488K)->447262K(447488K)
[296.008s][info][gc,metaspace   ] GC(310) Metaspace: 42741K(43200K)->42741K(43200K) NonClass: 38395K(38720K)->38395K(38720K) Class: 4345K(4480K)->4345K(4480K)
[296.008s][info][gc             ] GC(310) Pause Young (Allocation Failure) 687M->439M(724M) 4.715ms
[296.008s][info][gc,cpu         ] GC(310) User=0.01s Sys=0.00s Real=0.01s
[297.331s][info][gc,start       ] GC(311) Pause Young (Allocation Failure)
[297.348s][info][gc,heap        ] GC(311) PSYoungGen: 264818K(294400K)->15244K(295424K) Eden: 262144K(262144K)->0K(262144K) From: 2674K(32256K)->15244K(33280K)
[297.348s][info][gc,heap        ] GC(311) ParOldGen: 447262K(447488K)->449785K(450048K)
[297.348s][info][gc,metaspace   ] GC(311) Metaspace: 42768K(43200K)->42768K(43200K) NonClass: 38422K(38720K)->38422K(38720K) Class: 4345K(4480K)->4345K(4480K)
[297.348s][info][gc             ] GC(311) Pause Young (Allocation Failure) 695M->454M(728M) 16.941ms
[297.348s][info][gc,cpu         ] GC(311) User=0.03s Sys=0.00s Real=0.02s
[297.991s][info][gc,start       ] GC(312) Pause Young (Allocation Failure)
[298.045s][info][gc,heap        ] GC(312) PSYoungGen: 277388K(295424K)->29836K(289792K) Eden: 262144K(262144K)->0K(256000K) From: 15244K(33280K)->29836K(33792K)
[298.045s][info][gc,heap        ] GC(312) ParOldGen: 449785K(450048K)->464813K(464896K)
[298.045s][info][gc,metaspace   ] GC(312) Metaspace: 42768K(43200K)->42768K(43200K) NonClass: 38422K(38720K)->38422K(38720K) Class: 4345K(4480K)->4345K(4480K)
[298.045s][info][gc             ] GC(312) Pause Young (Allocation Failure) 710M->483M(737M) 53.581ms
[298.045s][info][gc,cpu         ] GC(312) User=0.09s Sys=0.02s Real=0.05s
[298.606s][info][gc,start       ] GC(313) Pause Young (Allocation Failure)
[298.674s][info][gc,heap        ] GC(313) PSYoungGen: 285836K(289792K)->26776K(283136K) Eden: 256000K(256000K)->0K(256000K) From: 29836K(33792K)->26776K(27136K)
[298.674s][info][gc,heap        ] GC(313) ParOldGen: 464813K(464896K)->494785K(495104K)
[298.674s][info][gc,metaspace   ] GC(313) Metaspace: 42768K(43200K)->42768K(43200K) NonClass: 38423K(38720K)->38423K(38720K) Class: 4345K(4480K)->4345K(4480K)
[298.674s][info][gc             ] GC(313) Pause Young (Allocation Failure) 733M->509M(760M) 67.925ms
[298.674s][info][gc,cpu         ] GC(313) User=0.12s Sys=0.02s Real=0.07s
[302.065s][info][gc,start       ] GC(314) Pause Young (Allocation Failure)
[302.128s][info][gc,heap        ] GC(314) PSYoungGen: 282776K(283136K)->24016K(288768K) Eden: 256000K(256000K)->0K(246784K) From: 26776K(27136K)->24016K(41984K)
[302.129s][info][gc,heap        ] GC(314) ParOldGen: 494785K(495104K)->521546K(521728K)
[302.129s][info][gc,metaspace   ] GC(314) Metaspace: 42785K(43200K)->42785K(43200K) NonClass: 38438K(38720K)->38438K(38720K) Class: 4347K(4480K)->4347K(4480K)
[302.129s][info][gc             ] GC(314) Pause Young (Allocation Failure) 759M->532M(791M) 63.859ms
[302.129s][info][gc,cpu         ] GC(314) User=0.10s Sys=0.01s Real=0.07s
[302.930s][info][gc,start       ] GC(315) Pause Young (Allocation Failure)
[302.970s][info][gc,heap        ] GC(315) PSYoungGen: 270800K(288768K)->12676K(259584K) Eden: 246784K(246784K)->0K(246784K) From: 24016K(41984K)->12676K(12800K)
[302.970s][info][gc,heap        ] GC(315) ParOldGen: 521546K(521728K)->545468K(545792K)
[302.970s][info][gc,metaspace   ] GC(315) Metaspace: 42795K(43200K)->42795K(43200K) NonClass: 38448K(38720K)->38448K(38720K) Class: 4347K(4480K)->4347K(4480K)
[302.970s][info][gc             ] GC(315) Pause Young (Allocation Failure) 773M->545M(786M) 39.433ms
[302.970s][info][gc,cpu         ] GC(315) User=0.06s Sys=0.02s Real=0.04s
[303.607s][info][gc,start       ] GC(316) Pause Young (Allocation Failure)
[303.654s][info][gc,heap        ] GC(316) PSYoungGen: 259460K(259584K)->30988K(284672K) Eden: 246784K(246784K)->0K(244224K) From: 12676K(12800K)->30988K(40448K)
[303.654s][info][gc,heap        ] GC(316) ParOldGen: 545468K(545792K)->557753K(558080K)
[303.654s][info][gc,metaspace   ] GC(316) Metaspace: 42795K(43200K)->42795K(43200K) NonClass: 38448K(38720K)->38448K(38720K) Class: 4347K(4480K)->4347K(4480K)
[303.654s][info][gc             ] GC(316) Pause Young (Allocation Failure) 786M->574M(823M) 47.847ms
[303.654s][info][gc,cpu         ] GC(316) User=0.08s Sys=0.01s Real=0.05s
[304.283s][info][gc,start       ] GC(317) Pause Young (Allocation Failure)
[304.355s][info][gc,heap        ] GC(317) PSYoungGen: 275212K(284672K)->31224K(275456K) Eden: 244224K(244224K)->0K(244224K) From: 30988K(40448K)->31224K(31232K)
[304.355s][info][gc,heap        ] GC(317) ParOldGen: 557753K(558080K)->587185K(587264K)
[304.355s][info][gc,metaspace   ] GC(317) Metaspace: 42795K(43200K)->42795K(43200K) NonClass: 38448K(38720K)->38448K(38720K) Class: 4347K(4480K)->4347K(4480K)
[304.355s][info][gc             ] GC(317) Pause Young (Allocation Failure) 813M->603M(842M) 71.672ms
[304.355s][info][gc,cpu         ] GC(317) User=0.12s Sys=0.02s Real=0.07s
[305.914s][info][gc,start       ] GC(318) Pause Young (Allocation Failure)
[305.973s][info][gc,heap        ] GC(318) PSYoungGen: 275448K(275456K)->18205K(288768K) Eden: 244224K(244224K)->0K(241152K) From: 31224K(31232K)->18205K(47616K)
[305.973s][info][gc,heap        ] GC(318) ParOldGen: 587185K(587264K)->618378K(618496K)
[305.973s][info][gc,metaspace   ] GC(318) Metaspace: 42795K(43200K)->42795K(43200K) NonClass: 38448K(38720K)->38448K(38720K) Class: 4347K(4480K)->4347K(4480K)
[305.973s][info][gc             ] GC(318) Pause Young (Allocation Failure) 842M->621M(886M) 59.138ms
[305.973s][info][gc,cpu         ] GC(318) User=0.09s Sys=0.02s Real=0.06s
[307.171s][info][gc,start       ] GC(319) Pause Young (Allocation Failure)
[307.199s][info][gc,heap        ] GC(319) PSYoungGen: 259357K(288768K)->7404K(248832K) Eden: 241152K(241152K)->0K(241152K) From: 18205K(47616K)->7404K(7680K)
[307.199s][info][gc,heap        ] GC(319) ParOldGen: 618378K(618496K)->635494K(635904K)
[307.199s][info][gc,metaspace   ] GC(319) Metaspace: 42795K(43200K)->42795K(43200K) NonClass: 38448K(38720K)->38448K(38720K) Class: 4347K(4480K)->4347K(4480K)
[307.199s][info][gc             ] GC(319) Pause Young (Allocation Failure) 857M->627M(864M) 27.516ms
[307.199s][info][gc,cpu         ] GC(319) User=0.04s Sys=0.01s Real=0.03s
[308.623s][info][gc,start       ] GC(320) Pause Full (Allocation Failure)
[308.623s][info][gc,phases,start] GC(320) Marking Phase
[308.674s][info][gc,phases      ] GC(320) Marking Phase 50.451ms
[308.674s][info][gc,phases,start] GC(320) Summary Phase
[308.674s][info][gc,phases      ] GC(320) Summary Phase 0.030ms
[308.674s][info][gc,phases,start] GC(320) Forward
[308.685s][info][gc,phases      ] GC(320) Forward 10.552ms
[308.685s][info][gc,phases,start] GC(320) Adjust Pointers
[308.714s][info][gc,phases      ] GC(320) Adjust Pointers 29.112ms
[308.714s][info][gc,phases,start] GC(320) Compaction Phase
[308.725s][info][gc,phases      ] GC(320) Compaction Phase 10.775ms
[308.725s][info][gc,phases,start] GC(320) Post Compact
[308.727s][info][gc,phases      ] GC(320) Post Compact 2.650ms
[308.766s][info][gc,heap        ] GC(320) PSYoungGen: 248556K(248832K)->0K(284672K) Eden: 241152K(241152K)->0K(241152K) From: 7404K(7680K)->0K(43520K)
[308.766s][info][gc,heap        ] GC(320) ParOldGen: 635494K(635904K)->61860K(186880K)
[308.766s][info][gc,metaspace   ] GC(320) Metaspace: 42796K(43200K)->42796K(43200K) NonClass: 38448K(38720K)->38448K(38720K) Class: 4347K(4480K)->4347K(4480K)
[308.766s][info][gc             ] GC(320) Pause Full (Allocation Failure) 863M->60M(460M) 142.179ms
[308.766s][info][gc,cpu         ] GC(320) User=0.15s Sys=0.04s Real=0.14s
[310.227s][info][gc,start       ] GC(321) Pause Young (Allocation Failure)
[310.250s][info][gc,heap        ] GC(321) PSYoungGen: 241152K(284672K)->22274K(284672K) Eden: 241152K(241152K)->0K(241152K) From: 0K(43520K)->22274K(43520K)
[310.250s][info][gc,heap        ] GC(321) ParOldGen: 61860K(186880K)->61860K(186880K)
[310.250s][info][gc,metaspace   ] GC(321) Metaspace: 42796K(43200K)->42796K(43200K) NonClass: 38448K(38720K)->38448K(38720K) Class: 4347K(4480K)->4347K(4480K)
[310.250s][info][gc             ] GC(321) Pause Young (Allocation Failure) 295M->82M(460M) 22.926ms
[310.250s][info][gc,cpu         ] GC(321) User=0.04s Sys=0.00s Real=0.02s
[311.431s][info][gc,start       ] GC(322) Pause Young (Allocation Failure)
[311.473s][info][gc,heap        ] GC(322) PSYoungGen: 263426K(284672K)->30217K(286208K) Eden: 241152K(241152K)->0K(242688K) From: 22274K(43520K)->30217K(43520K)
[311.473s][info][gc,heap        ] GC(322) ParOldGen: 61860K(186880K)->84192K(186880K)
[311.473s][info][gc,metaspace   ] GC(322) Metaspace: 42796K(43200K)->42796K(43200K) NonClass: 38448K(38720K)->38448K(38720K) Class: 4347K(4480K)->4347K(4480K)
[311.473s][info][gc             ] GC(322) Pause Young (Allocation Failure) 317M->111M(462M) 42.019ms
[311.473s][info][gc,cpu         ] GC(322) User=0.08s Sys=0.00s Real=0.04s
[312.113s][info][gc,start       ] GC(323) Pause Young (Allocation Failure)
[312.165s][info][gc,heap        ] GC(323) PSYoungGen: 272905K(286208K)->30540K(273408K) Eden: 242688K(242688K)->0K(242688K) From: 30217K(43520K)->30540K(30720K)
[312.165s][info][gc,heap        ] GC(323) ParOldGen: 84192K(186880K)->114355K(186880K)
[312.165s][info][gc,metaspace   ] GC(323) Metaspace: 42796K(43200K)->42796K(43200K) NonClass: 38448K(38720K)->38448K(38720K) Class: 4347K(4480K)->4347K(4480K)
[312.165s][info][gc             ] GC(323) Pause Young (Allocation Failure) 348M->141M(449M) 51.972ms
[312.165s][info][gc,cpu         ] GC(323) User=0.10s Sys=0.00s Real=0.05s
[312.743s][info][gc,start       ] GC(324) Pause Young (Allocation Failure)
[312.798s][info][gc,heap        ] GC(324) PSYoungGen: 273228K(273408K)->27896K(285184K) Eden: 242688K(242688K)->0K(237568K) From: 30540K(30720K)->27896K(47616K)
[312.798s][info][gc,heap        ] GC(324) ParOldGen: 114355K(186880K)->145091K(186880K)
[312.798s][info][gc,metaspace   ] GC(324) Metaspace: 42796K(43200K)->42796K(43200K) NonClass: 38448K(38720K)->38448K(38720K) Class: 4347K(4480K)->4347K(4480K)
[312.798s][info][gc             ] GC(324) Pause Young (Allocation Failure) 378M->168M(461M) 54.695ms
[312.798s][info][gc,cpu         ] GC(324) User=0.11s Sys=0.00s Real=0.06s
[314.400s][info][gc,start       ] GC(325) Pause Young (Allocation Failure)
[314.446s][info][gc,heap        ] GC(325) PSYoungGen: 265464K(285184K)->21673K(259584K) Eden: 237568K(237568K)->0K(237568K) From: 27896K(47616K)->21673K(22016K)
[314.446s][info][gc,heap        ] GC(325) ParOldGen: 145091K(186880K)->172996K(186880K)
[314.446s][info][gc,metaspace   ] GC(325) Metaspace: 42796K(43200K)->42796K(43200K) NonClass: 38448K(38720K)->38448K(38720K) Class: 4347K(4480K)->4347K(4480K)
[314.446s][info][gc             ] GC(325) Pause Young (Allocation Failure) 400M->190M(436M) 45.460ms
[314.446s][info][gc,cpu         ] GC(325) User=0.09s Sys=0.00s Real=0.04s
[315.467s][info][gc,start       ] GC(326) Pause Young (Allocation Failure)
[315.492s][info][gc,heap        ] GC(326) PSYoungGen: 259241K(259584K)->10181K(284160K) Eden: 237568K(237568K)->0K(238592K) From: 21673K(22016K)->10181K(45568K)
[315.492s][info][gc,heap        ] GC(326) ParOldGen: 172996K(186880K)->193240K(193536K)
[315.492s][info][gc,metaspace   ] GC(326) Metaspace: 42796K(43200K)->42796K(43200K) NonClass: 38448K(38720K)->38448K(38720K) Class: 4347K(4480K)->4347K(4480K)
[315.492s][info][gc             ] GC(326) Pause Young (Allocation Failure) 422M->198M(466M) 25.115ms
[315.493s][info][gc,cpu         ] GC(326) User=0.05s Sys=0.01s Real=0.02s
[316.889s][info][gc,start       ] GC(327) Pause Young (Allocation Failure)
[316.896s][info][gc,heap        ] GC(327) PSYoungGen: 248773K(284160K)->1206K(283648K) Eden: 238592K(238592K)->0K(238592K) From: 10181K(45568K)->1206K(45056K)
[316.896s][info][gc,heap        ] GC(327) ParOldGen: 193240K(193536K)->198394K(198656K)
[316.896s][info][gc,metaspace   ] GC(327) Metaspace: 42796K(43200K)->42796K(43200K) NonClass: 38448K(38720K)->38448K(38720K) Class: 4347K(4480K)->4347K(4480K)
[316.896s][info][gc             ] GC(327) Pause Young (Allocation Failure) 431M->194M(471M) 7.109ms
[316.896s][info][gc,cpu         ] GC(327) User=0.01s Sys=0.01s Real=0.00s
[318.274s][info][gc,start       ] GC(328) Pause Young (Allocation Failure)
[318.298s][info][gc,heap        ] GC(328) PSYoungGen: 239798K(283648K)->22397K(287232K) Eden: 238592K(238592K)->0K(243200K) From: 1206K(45056K)->22397K(44032K)
[318.298s][info][gc,heap        ] GC(328) ParOldGen: 198394K(198656K)->199474K(199680K)
[318.298s][info][gc,metaspace   ] GC(328) Metaspace: 42796K(43200K)->42796K(43200K) NonClass: 38449K(38720K)->38449K(38720K) Class: 4347K(4480K)->4347K(4480K)
[318.298s][info][gc             ] GC(328) Pause Young (Allocation Failure) 427M->216M(475M) 24.120ms
[318.298s][info][gc,cpu         ] GC(328) User=0.05s Sys=0.00s Real=0.03s
[319.623s][info][gc,start       ] GC(329) Pause Young (Allocation Failure)
[319.671s][info][gc,heap        ] GC(329) PSYoungGen: 264449K(287232K)->24289K(287744K) Eden: 242052K(243200K)->0K(243200K) From: 22397K(44032K)->24289K(44544K)
[319.671s][info][gc,heap        ] GC(329) ParOldGen: 199474K(199680K)->221910K(222208K)
[319.671s][info][gc,metaspace   ] GC(329) Metaspace: 42796K(43200K)->42796K(43200K) NonClass: 38449K(38720K)->38449K(38720K) Class: 4347K(4480K)->4347K(4480K)
[319.671s][info][gc             ] GC(329) Pause Young (Allocation Failure) 453M->240M(498M) 47.580ms
[319.671s][info][gc,cpu         ] GC(329) User=0.08s Sys=0.01s Real=0.05s
[320.637s][info][gc,start       ] GC(330) Pause Young (Allocation Failure)
[320.676s][info][gc,heap        ] GC(330) PSYoungGen: 267489K(287744K)->13187K(286208K) Eden: 243200K(243200K)->0K(245248K) From: 24289K(44544K)->13187K(40960K)
[320.676s][info][gc,heap        ] GC(330) ParOldGen: 221910K(222208K)->245975K(246272K)
[320.676s][info][gc,metaspace   ] GC(330) Metaspace: 42796K(43200K)->42796K(43200K) NonClass: 38449K(38720K)->38449K(38720K) Class: 4347K(4480K)->4347K(4480K)
[320.676s][info][gc             ] GC(330) Pause Young (Allocation Failure) 477M->253M(520M) 38.778ms
[320.676s][info][gc,cpu         ] GC(330) User=0.06s Sys=0.01s Real=0.03s
[321.629s][info][gc,start       ] GC(331) Pause Young (Allocation Failure)
[321.639s][info][gc,heap        ] GC(331) PSYoungGen: 258435K(286208K)->12308K(287744K) Eden: 245248K(245248K)->0K(245248K) From: 13187K(40960K)->12308K(42496K)
[321.640s][info][gc,heap        ] GC(331) ParOldGen: 245975K(246272K)->246727K(246784K)
[321.640s][info][gc,metaspace   ] GC(331) Metaspace: 42796K(43200K)->42796K(43200K) NonClass: 38449K(38720K)->38449K(38720K) Class: 4347K(4480K)->4347K(4480K)
[321.640s][info][gc             ] GC(331) Pause Young (Allocation Failure) 492M->252M(522M) 10.775ms
[321.640s][info][gc,cpu         ] GC(331) User=0.02s Sys=0.00s Real=0.01s
[322.582s][info][gc,start       ] GC(332) Pause Young (Allocation Failure)
[322.589s][info][gc,heap        ] GC(332) PSYoungGen: 257556K(287744K)->5657K(291328K) Eden: 245248K(245248K)->0K(250368K) From: 12308K(42496K)->5657K(40960K)
[322.589s][info][gc,heap        ] GC(332) ParOldGen: 246727K(246784K)->248003K(248320K)
[322.589s][info][gc,metaspace   ] GC(332) Metaspace: 42796K(43200K)->42796K(43200K) NonClass: 38449K(38720K)->38449K(38720K) Class: 4347K(4480K)->4347K(4480K)
[322.589s][info][gc             ] GC(332) Pause Young (Allocation Failure) 492M->247M(527M) 6.875ms
[322.589s][info][gc,cpu         ] GC(332) User=0.01s Sys=0.00s Real=0.01s
[323.510s][info][gc,start       ] GC(333) Pause Young (Allocation Failure)
[323.517s][info][gc,heap        ] GC(333) PSYoungGen: 256025K(291328K)->6164K(291328K) Eden: 250368K(250368K)->0K(250368K) From: 5657K(40960K)->6164K(40960K)
[323.517s][info][gc,heap        ] GC(333) ParOldGen: 248003K(248320K)->249235K(249344K)
[323.517s][info][gc,metaspace   ] GC(333) Metaspace: 42797K(43200K)->42797K(43200K) NonClass: 38449K(38720K)->38449K(38720K) Class: 4347K(4480K)->4347K(4480K)
[323.517s][info][gc             ] GC(333) Pause Young (Allocation Failure) 492M->249M(528M) 6.695ms
[323.517s][info][gc,cpu         ] GC(333) User=0.01s Sys=0.01s Real=0.00s
[324.438s][info][gc,start       ] GC(334) Pause Young (Allocation Failure)
[324.461s][info][gc,heap        ] GC(334) PSYoungGen: 256532K(291328K)->26692K(289792K) Eden: 250368K(250368K)->0K(249856K) From: 6164K(40960K)->26692K(39936K)
[324.461s][info][gc,heap        ] GC(334) ParOldGen: 249235K(249344K)->250323K(250368K)
[324.461s][info][gc,metaspace   ] GC(334) Metaspace: 42797K(43200K)->42797K(43200K) NonClass: 38449K(38720K)->38449K(38720K) Class: 4347K(4480K)->4347K(4480K)
[324.461s][info][gc             ] GC(334) Pause Young (Allocation Failure) 493M->270M(527M) 23.625ms
[324.461s][info][gc,cpu         ] GC(334) User=0.05s Sys=0.00s Real=0.02s
[325.517s][info][gc,start       ] GC(335) Pause Young (Allocation Failure)
[325.523s][info][gc,heap        ] GC(335) PSYoungGen: 276548K(289792K)->7427K(291840K) Eden: 249856K(249856K)->0K(249856K) From: 26692K(39936K)->7427K(41984K)
[325.523s][info][gc,heap        ] GC(335) ParOldGen: 250323K(250368K)->251139K(251392K)
[325.523s][info][gc,metaspace   ] GC(335) Metaspace: 42797K(43200K)->42797K(43200K) NonClass: 38449K(38720K)->38449K(38720K) Class: 4347K(4480K)->4347K(4480K)
[325.523s][info][gc             ] GC(335) Pause Young (Allocation Failure) 514M->252M(530M) 6.688ms
[325.523s][info][gc,cpu         ] GC(335) User=0.01s Sys=0.00s Real=0.01s
[326.373s][info][gc,start       ] GC(336) Pause Young (Allocation Failure)
[326.383s][info][gc,heap        ] GC(336) PSYoungGen: 257283K(291840K)->3958K(289792K) Eden: 249856K(249856K)->0K(250880K) From: 7427K(41984K)->3958K(38912K)
[326.383s][info][gc,heap        ] GC(336) ParOldGen: 251139K(251392K)->252259K(252416K)
[326.383s][info][gc,metaspace   ] GC(336) Metaspace: 42797K(43200K)->42797K(43200K) NonClass: 38449K(38720K)->38449K(38720K) Class: 4347K(4480K)->4347K(4480K)
[326.383s][info][gc             ] GC(336) Pause Young (Allocation Failure) 496M->250M(529M) 10.531ms
[326.383s][info][gc,cpu         ] GC(336) User=0.01s Sys=0.00s Real=0.01s
[327.322s][info][gc,start       ] GC(337) Pause Young (Allocation Failure)
[327.329s][info][gc,heap        ] GC(337) PSYoungGen: 254838K(289792K)->6228K(291328K) Eden: 250880K(250880K)->0K(250880K) From: 3958K(38912K)->6228K(40448K)
[327.329s][info][gc,heap        ] GC(337) ParOldGen: 252259K(252416K)->253263K(253440K)
[327.329s][info][gc,metaspace   ] GC(337) Metaspace: 42797K(43200K)->42797K(43200K) NonClass: 38449K(38720K)->38449K(38720K) Class: 4347K(4480K)->4347K(4480K)
[327.329s][info][gc             ] GC(337) Pause Young (Allocation Failure) 495M->253M(532M) 7.657ms
[327.329s][info][gc,cpu         ] GC(337) User=0.01s Sys=0.00s Real=0.01s
[328.279s][info][gc,start       ] GC(338) Pause Young (Allocation Failure)
[328.283s][info][gc,heap        ] GC(338) PSYoungGen: 257108K(291328K)->4548K(290816K) Eden: 250880K(250880K)->0K(253952K) From: 6228K(40448K)->4548K(36864K)
[328.283s][info][gc,heap        ] GC(338) ParOldGen: 253263K(253440K)->254275K(254464K)
[328.283s][info][gc,metaspace   ] GC(338) Metaspace: 42797K(43200K)->42797K(43200K) NonClass: 38449K(38720K)->38449K(38720K) Class: 4347K(4480K)->4347K(4480K)
[328.283s][info][gc             ] GC(338) Pause Young (Allocation Failure) 498M->252M(532M) 4.845ms
[328.283s][info][gc,cpu         ] GC(338) User=0.01s Sys=0.01s Real=0.00s
[329.128s][info][gc,start       ] GC(339) Pause Young (Allocation Failure)
[329.168s][info][gc,heap        ] GC(339) PSYoungGen: 258500K(290816K)->38379K(292352K) Eden: 253952K(253952K)->0K(253952K) From: 4548K(36864K)->38379K(38400K)
[329.168s][info][gc,heap        ] GC(339) ParOldGen: 254275K(254464K)->258600K(259072K)
[329.168s][info][gc,metaspace   ] GC(339) Metaspace: 42797K(43200K)->42797K(43200K) NonClass: 38449K(38720K)->38449K(38720K) Class: 4347K(4480K)->4347K(4480K)
[329.168s][info][gc             ] GC(339) Pause Young (Allocation Failure) 500M->290M(538M) 40.340ms
[329.168s][info][gc,cpu         ] GC(339) User=0.07s Sys=0.01s Real=0.04s
[330.427s][info][gc,start       ] GC(340) Pause Young (Allocation Failure)
[330.482s][info][gc,heap        ] GC(340) PSYoungGen: 292331K(292352K)->21577K(283136K) Eden: 253952K(253952K)->0K(241664K) From: 38379K(38400K)->21577K(41472K)
[330.482s][info][gc,heap        ] GC(340) ParOldGen: 258600K(259072K)->278035K(278528K)
[330.482s][info][gc,metaspace   ] GC(340) Metaspace: 42797K(43200K)->42797K(43200K) NonClass: 38449K(38720K)->38449K(38720K) Class: 4347K(4480K)->4347K(4480K)
[330.483s][info][gc             ] GC(340) Pause Young (Allocation Failure) 538M->292M(548M) 55.072ms
[330.483s][info][gc,cpu         ] GC(340) User=0.08s Sys=0.02s Real=0.05s
[331.473s][info][gc,start       ] GC(341) Pause Young (Allocation Failure)
[331.509s][info][gc,heap        ] GC(341) PSYoungGen: 263241K(283136K)->5810K(287744K) Eden: 241663K(241664K)->0K(241664K) From: 21577K(41472K)->5810K(46080K)
[331.509s][info][gc,heap        ] GC(341) ParOldGen: 278035K(278528K)->299524K(300032K)
[331.509s][info][gc,metaspace   ] GC(341) Metaspace: 42797K(43200K)->42797K(43200K) NonClass: 38449K(38720K)->38449K(38720K) Class: 4347K(4480K)->4347K(4480K)
[331.509s][info][gc             ] GC(341) Pause Young (Allocation Failure) 528M->298M(574M) 35.888ms
[331.509s][info][gc,cpu         ] GC(341) User=0.04s Sys=0.03s Real=0.04s
[332.247s][info][gc,start       ] GC(342) Pause Young (Allocation Failure)
[332.272s][info][gc,heap        ] GC(342) PSYoungGen: 247474K(287744K)->29839K(284160K) Eden: 241664K(241664K)->0K(239616K) From: 5810K(46080K)->29839K(44544K)
[332.272s][info][gc,heap        ] GC(342) ParOldGen: 299524K(300032K)->303356K(303616K)
[332.272s][info][gc,metaspace   ] GC(342) Metaspace: 42797K(43200K)->42797K(43200K) NonClass: 38449K(38720K)->38449K(38720K) Class: 4347K(4480K)->4347K(4480K)
[332.272s][info][gc             ] GC(342) Pause Young (Allocation Failure) 534M->325M(574M) 25.056ms
[332.272s][info][gc,cpu         ] GC(342) User=0.05s Sys=0.01s Real=0.02s
[333.057s][info][gc,start       ] GC(343) Pause Young (Allocation Failure)
[333.071s][info][gc,heap        ] GC(343) PSYoungGen: 269455K(284160K)->2365K(286720K) Eden: 239616K(239616K)->0K(239616K) From: 29839K(44544K)->2365K(47104K)
[333.071s][info][gc,heap        ] GC(343) ParOldGen: 303356K(303616K)->313146K(313344K)
[333.071s][info][gc,metaspace   ] GC(343) Metaspace: 42797K(43200K)->42797K(43200K) NonClass: 38450K(38720K)->38450K(38720K) Class: 4347K(4480K)->4347K(4480K)
[333.071s][info][gc             ] GC(343) Pause Young (Allocation Failure) 559M->308M(586M) 13.449ms
[333.071s][info][gc,cpu         ] GC(343) User=0.02s Sys=0.00s Real=0.01s
[333.910s][info][gc,start       ] GC(344) Pause Young (Allocation Failure)
[333.924s][info][gc,heap        ] GC(344) PSYoungGen: 241981K(286720K)->19704K(283136K) Eden: 239616K(239616K)->0K(240128K) From: 2365K(47104K)->19704K(43008K)
[333.924s][info][gc,heap        ] GC(344) ParOldGen: 313146K(313344K)->313629K(313856K)
[333.924s][info][gc,metaspace   ] GC(344) Metaspace: 42797K(43200K)->42797K(43200K) NonClass: 38450K(38720K)->38450K(38720K) Class: 4347K(4480K)->4347K(4480K)
[333.924s][info][gc             ] GC(344) Pause Young (Allocation Failure) 542M->325M(583M) 14.623ms
[333.924s][info][gc,cpu         ] GC(344) User=0.03s Sys=0.00s Real=0.01s
[334.763s][info][gc,start       ] GC(345) Pause Young (Allocation Failure)
[334.781s][info][gc,heap        ] GC(345) PSYoungGen: 259832K(283136K)->24941K(285184K) Eden: 240128K(240128K)->0K(240128K) From: 19704K(43008K)->24941K(45056K)
[334.781s][info][gc,heap        ] GC(345) ParOldGen: 313629K(313856K)->314405K(314880K)
[334.781s][info][gc,metaspace   ] GC(345) Metaspace: 42797K(43200K)->42797K(43200K) NonClass: 38450K(38720K)->38450K(38720K) Class: 4347K(4480K)->4347K(4480K)
[334.781s][info][gc             ] GC(345) Pause Young (Allocation Failure) 560M->331M(586M) 18.304ms
[334.781s][info][gc,cpu         ] GC(345) User=0.03s Sys=0.00s Real=0.02s
[335.665s][info][gc,start       ] GC(346) Pause Young (Allocation Failure)
[335.669s][info][gc,heap        ] GC(346) PSYoungGen: 265069K(285184K)->1024K(288256K) Eden: 240128K(240128K)->0K(242688K) From: 24941K(45056K)->1024K(45568K)
[335.669s][info][gc,heap        ] GC(346) ParOldGen: 314405K(314880K)->316051K(316416K)
[335.669s][info][gc,metaspace   ] GC(346) Metaspace: 42797K(43200K)->42797K(43200K) NonClass: 38450K(38720K)->38450K(38720K) Class: 4347K(4480K)->4347K(4480K)
[335.669s][info][gc             ] GC(346) Pause Young (Allocation Failure) 565M->309M(590M) 4.498ms
[335.669s][info][gc,cpu         ] GC(346) User=0.00s Sys=0.01s Real=0.01s
[336.548s][info][gc,start       ] GC(347) Pause Young (Allocation Failure)
[336.641s][info][gc,heap        ] GC(347) PSYoungGen: 243712K(288256K)->45551K(288256K) Eden: 242688K(242688K)->0K(242688K) From: 1024K(45568K)->45551K(45568K)
[336.641s][info][gc,heap        ] GC(347) ParOldGen: 316051K(316416K)->371649K(371712K)
[336.641s][info][gc,metaspace   ] GC(347) Metaspace: 42797K(43200K)->42797K(43200K) NonClass: 38450K(38720K)->38450K(38720K) Class: 4347K(4480K)->4347K(4480K)
[336.641s][info][gc             ] GC(347) Pause Young (Allocation Failure) 546M->407M(644M) 92.919ms
[336.641s][info][gc,cpu         ] GC(347) User=0.15s Sys=0.04s Real=0.09s
[337.493s][info][gc,start       ] GC(348) Pause Young (Allocation Failure)
[337.578s][info][gc,heap        ] GC(348) PSYoungGen: 288239K(288256K)->45564K(190976K) Eden: 242688K(242688K)->0K(145408K) From: 45551K(45568K)->45564K(45568K)
[337.578s][info][gc,heap        ] GC(348) ParOldGen: 371649K(371712K)->416874K(417280K)
[337.578s][info][gc,metaspace   ] GC(348) Metaspace: 42797K(43200K)->42797K(43200K) NonClass: 38450K(38720K)->38450K(38720K) Class: 4347K(4480K)->4347K(4480K)
[337.578s][info][gc             ] GC(348) Pause Young (Allocation Failure) 644M->451M(594M) 85.462ms
[337.578s][info][gc,cpu         ] GC(348) User=0.13s Sys=0.04s Real=0.09s
[338.107s][info][gc,start       ] GC(349) Pause Young (Allocation Failure)
[338.139s][info][gc,heap        ] GC(349) PSYoungGen: 190972K(190976K)->32958K(239616K) Eden: 145408K(145408K)->0K(145408K) From: 45564K(45568K)->32958K(94208K)
[338.139s][info][gc,heap        ] GC(349) ParOldGen: 416874K(417280K)->427287K(427520K)
[338.139s][info][gc,metaspace   ] GC(349) Metaspace: 42797K(43200K)->42797K(43200K) NonClass: 38450K(38720K)->38450K(38720K) Class: 4347K(4480K)->4347K(4480K)
[338.139s][info][gc             ] GC(349) Pause Young (Allocation Failure) 593M->449M(651M) 31.813ms
[338.139s][info][gc,cpu         ] GC(349) User=0.05s Sys=0.00s Real=0.03s
[338.638s][info][gc,start       ] GC(350) Pause Young (Allocation Failure)
[338.648s][info][gc,heap        ] GC(350) PSYoungGen: 178366K(239616K)->11199K(228864K) Eden: 145408K(145408K)->0K(151040K) From: 32958K(94208K)->11199K(77824K)
[338.648s][info][gc,heap        ] GC(350) ParOldGen: 427287K(427520K)->427936K(428032K)
[338.648s][info][gc,metaspace   ] GC(350) Metaspace: 42797K(43200K)->42797K(43200K) NonClass: 38450K(38720K)->38450K(38720K) Class: 4347K(4480K)->4347K(4480K)
[338.648s][info][gc             ] GC(350) Pause Young (Allocation Failure) 591M->428M(641M) 10.099ms
[338.648s][info][gc,cpu         ] GC(350) User=0.01s Sys=0.00s Real=0.01s
[339.161s][info][gc,start       ] GC(351) Pause Young (Allocation Failure)
[339.184s][info][gc,heap        ] GC(351) PSYoungGen: 162239K(228864K)->37180K(237056K) Eden: 151040K(151040K)->0K(151040K) From: 11199K(77824K)->37180K(86016K)
[339.185s][info][gc,heap        ] GC(351) ParOldGen: 427936K(428032K)->428658K(429056K)
[339.185s][info][gc,metaspace   ] GC(351) Metaspace: 42797K(43200K)->42797K(43200K) NonClass: 38450K(38720K)->38450K(38720K) Class: 4347K(4480K)->4347K(4480K)
[339.185s][info][gc             ] GC(351) Pause Young (Allocation Failure) 576M->454M(650M) 23.211ms
[339.185s][info][gc,cpu         ] GC(351) User=0.05s Sys=0.00s Real=0.02s
[339.699s][info][gc,start       ] GC(352) Pause Young (Allocation Failure)
[339.722s][info][gc,heap        ] GC(352) PSYoungGen: 188220K(237056K)->35496K(239104K) Eden: 151040K(151040K)->0K(164352K) From: 37180K(86016K)->35496K(74752K)
[339.722s][info][gc,heap        ] GC(352) ParOldGen: 428658K(429056K)->428985K(429056K)
[339.722s][info][gc,metaspace   ] GC(352) Metaspace: 42797K(43200K)->42797K(43200K) NonClass: 38450K(38720K)->38450K(38720K) Class: 4347K(4480K)->4347K(4480K)
[339.722s][info][gc             ] GC(352) Pause Young (Allocation Failure) 602M->453M(652M) 23.072ms
[339.722s][info][gc,cpu         ] GC(352) User=0.05s Sys=0.00s Real=0.02s
[340.279s][info][gc,start       ] GC(353) Pause Young (Allocation Failure)
[340.284s][info][gc,heap        ] GC(353) PSYoungGen: 199848K(239104K)->4355K(244736K) Eden: 164352K(164352K)->0K(164352K) From: 35496K(74752K)->4355K(80384K)
[340.284s][info][gc,heap        ] GC(353) ParOldGen: 428985K(429056K)->429394K(429568K)
[340.284s][info][gc,metaspace   ] GC(353) Metaspace: 42797K(43200K)->42797K(43200K) NonClass: 38450K(38720K)->38450K(38720K) Class: 4347K(4480K)->4347K(4480K)
[340.284s][info][gc             ] GC(353) Pause Young (Allocation Failure) 614M->423M(658M) 5.053ms
[340.284s][info][gc,cpu         ] GC(353) User=0.01s Sys=0.01s Real=0.00s
[340.777s][info][gc,start       ] GC(354) Pause Young (Allocation Failure)
[340.791s][info][gc,heap        ] GC(354) PSYoungGen: 168707K(244736K)->21334K(244736K) Eden: 164352K(164352K)->0K(173568K) From: 4355K(80384K)->21334K(71168K)
[340.791s][info][gc,heap        ] GC(354) ParOldGen: 429394K(429568K)->429996K(430080K)
[340.791s][info][gc,metaspace   ] GC(354) Metaspace: 42797K(43200K)->42797K(43200K) NonClass: 38450K(38720K)->38450K(38720K) Class: 4347K(4480K)->4347K(4480K)
[340.791s][info][gc             ] GC(354) Pause Young (Allocation Failure) 584M->440M(659M) 14.500ms
[340.791s][info][gc,cpu         ] GC(354) User=0.03s Sys=0.00s Real=0.01s
[341.341s][info][gc,start       ] GC(355) Pause Young (Allocation Failure)
[341.363s][info][gc,heap        ] GC(355) PSYoungGen: 194902K(244736K)->588K(249344K) Eden: 173568K(173568K)->0K(173568K) From: 21334K(71168K)->588K(75776K)
[341.363s][info][gc,heap        ] GC(355) ParOldGen: 429996K(430080K)->450239K(450560K)
[341.363s][info][gc,metaspace   ] GC(355) Metaspace: 42797K(43200K)->42797K(43200K) NonClass: 38450K(38720K)->38450K(38720K) Class: 4347K(4480K)->4347K(4480K)
[341.363s][info][gc             ] GC(355) Pause Young (Allocation Failure) 610M->440M(683M) 22.109ms
[341.363s][info][gc,cpu         ] GC(355) User=0.03s Sys=0.02s Real=0.02s
[341.924s][info][gc,start       ] GC(356) Pause Young (Allocation Failure)
[341.929s][info][gc,heap        ] GC(356) PSYoungGen: 174156K(249344K)->3093K(254464K) Eden: 173568K(173568K)->0K(182784K) From: 588K(75776K)->3093K(71680K)
[341.929s][info][gc,heap        ] GC(356) ParOldGen: 450239K(450560K)->450255K(450560K)
[341.929s][info][gc,metaspace   ] GC(356) Metaspace: 42797K(43200K)->42797K(43200K) NonClass: 38450K(38720K)->38450K(38720K) Class: 4347K(4480K)->4347K(4480K)
[341.929s][info][gc             ] GC(356) Pause Young (Allocation Failure) 609M->442M(688M) 4.489ms
[341.929s][info][gc,cpu         ] GC(356) User=0.01s Sys=0.00s Real=0.01s
[342.252s][info][gc,start       ] GC(357) Pause Young (Allocation Failure)
[342.258s][info][gc,heap        ] GC(357) PSYoungGen: 185877K(254464K)->3864K(256512K) Eden: 182784K(182784K)->0K(182784K) From: 3093K(71680K)->3864K(73728K)
[342.258s][info][gc,heap        ] GC(357) ParOldGen: 450255K(450560K)->451013K(451072K)
[342.258s][info][gc,metaspace   ] GC(357) Metaspace: 42797K(43200K)->42797K(43200K) NonClass: 38450K(38720K)->38450K(38720K) Class: 4347K(4480K)->4347K(4480K)
[342.258s][info][gc             ] GC(357) Pause Young (Allocation Failure) 621M->444M(691M) 5.519ms
[342.258s][info][gc,cpu         ] GC(357) User=0.01s Sys=0.00s Real=0.01s
[342.581s][info][gc,start       ] GC(358) Pause Young (Allocation Failure)
[342.585s][info][gc,heap        ] GC(358) PSYoungGen: 186648K(256512K)->2190K(256000K) Eden: 182784K(182784K)->0K(188416K) From: 3864K(73728K)->2190K(67584K)
[342.585s][info][gc,heap        ] GC(358) ParOldGen: 451013K(451072K)->452298K(452608K)
[342.585s][info][gc,metaspace   ] GC(358) Metaspace: 42797K(43200K)->42797K(43200K) NonClass: 38450K(38720K)->38450K(38720K) Class: 4347K(4480K)->4347K(4480K)
[342.585s][info][gc             ] GC(358) Pause Young (Allocation Failure) 622M->443M(692M) 4.463ms
[342.585s][info][gc,cpu         ] GC(358) User=0.01s Sys=0.01s Real=0.00s
[342.935s][info][gc,start       ] GC(359) Pause Young (Allocation Failure)
[342.943s][info][gc,heap        ] GC(359) PSYoungGen: 190606K(256000K)->11979K(258048K) Eden: 188416K(188416K)->0K(188416K) From: 2190K(67584K)->11979K(69632K)
[342.943s][info][gc,heap        ] GC(359) ParOldGen: 452298K(452608K)->452543K(452608K)
[342.943s][info][gc,metaspace   ] GC(359) Metaspace: 42797K(43200K)->42797K(43200K) NonClass: 38450K(38720K)->38450K(38720K) Class: 4347K(4480K)->4347K(4480K)
[342.943s][info][gc             ] GC(359) Pause Young (Allocation Failure) 627M->453M(694M) 8.318ms
[342.943s][info][gc,cpu         ] GC(359) User=0.01s Sys=0.00s Real=0.01s
[343.180s][info][gc,start       ] GC(360) Pause Young (Allocation Failure)
[343.193s][info][gc,heap        ] GC(360) PSYoungGen: 199956K(258048K)->1564K(262656K) Eden: 187976K(188416K)->0K(198144K) From: 11979K(69632K)->1564K(64512K)
[343.193s][info][gc,heap        ] GC(360) ParOldGen: 452543K(452608K)->462443K(462848K)
[343.193s][info][gc,metaspace   ] GC(360) Metaspace: 42797K(43200K)->42797K(43200K) NonClass: 38450K(38720K)->38450K(38720K) Class: 4347K(4480K)->4347K(4480K)
[343.193s][info][gc             ] GC(360) Pause Young (Allocation Failure) 637M->453M(708M) 12.749ms
[343.193s][info][gc,cpu         ] GC(360) User=0.02s Sys=0.00s Real=0.01s
[343.443s][info][gc,start       ] GC(361) Pause Young (Allocation Failure)
[343.449s][info][gc,heap        ] GC(361) PSYoungGen: 197957K(262656K)->1512K(262144K) Eden: 196392K(198144K)->0K(198144K) From: 1564K(64512K)->1512K(64000K)
[343.449s][info][gc,heap        ] GC(361) ParOldGen: 462443K(462848K)->463972K(464384K)
[343.449s][info][gc,metaspace   ] GC(361) Metaspace: 42797K(43200K)->42797K(43200K) NonClass: 38450K(38720K)->38450K(38720K) Class: 4347K(4480K)->4347K(4480K)
[343.449s][info][gc             ] GC(361) Pause Young (Allocation Failure) 644M->454M(709M) 5.759ms
[343.449s][info][gc,cpu         ] GC(361) User=0.01s Sys=0.00s Real=0.01s
[343.701s][info][gc,start       ] GC(362) Pause Young (Allocation Failure)
[343.708s][info][gc,heap        ] GC(362) PSYoungGen: 197923K(262144K)->2491K(267264K) Eden: 196411K(198144K)->0K(207872K) From: 1512K(64000K)->2491K(59392K)
[343.708s][info][gc,heap        ] GC(362) ParOldGen: 463972K(464384K)->465495K(465920K)
[343.708s][info][gc,metaspace   ] GC(362) Metaspace: 42797K(43200K)->42797K(43200K) NonClass: 38450K(38720K)->38450K(38720K) Class: 4347K(4480K)->4347K(4480K)
[343.708s][info][gc             ] GC(362) Pause Young (Allocation Failure) 646M->457M(716M) 6.336ms
[343.708s][info][gc,cpu         ] GC(362) User=0.01s Sys=0.00s Real=0.01s
[343.987s][info][gc,start       ] GC(363) Pause Young (Allocation Failure)
[343.996s][info][gc,heap        ] GC(363) PSYoungGen: 210079K(267264K)->4693K(266752K) Eden: 207587K(207872K)->0K(207872K) From: 2491K(59392K)->4693K(58880K)
[343.996s][info][gc,heap        ] GC(363) ParOldGen: 465495K(465920K)->467886K(467968K)
[343.996s][info][gc,metaspace   ] GC(363) Metaspace: 42797K(43200K)->42797K(43200K) NonClass: 38450K(38720K)->38450K(38720K) Class: 4347K(4480K)->4347K(4480K)
[343.996s][info][gc             ] GC(363) Pause Young (Allocation Failure) 659M->461M(717M) 9.537ms
[343.996s][info][gc,cpu         ] GC(363) User=0.01s Sys=0.00s Real=0.00s
[344.288s][info][gc,start       ] GC(364) Pause Young (Allocation Failure)
[344.302s][info][gc,heap        ] GC(364) PSYoungGen: 212475K(266752K)->6169K(271872K) Eden: 207781K(207872K)->0K(218624K) From: 4693K(58880K)->6169K(53248K)
[344.302s][info][gc,heap        ] GC(364) ParOldGen: 467886K(467968K)->472621K(473088K)
[344.302s][info][gc,metaspace   ] GC(364) Metaspace: 42797K(43200K)->42797K(43200K) NonClass: 38450K(38720K)->38450K(38720K) Class: 4347K(4480K)->4347K(4480K)
[344.302s][info][gc             ] GC(364) Pause Young (Allocation Failure) 664M->467M(727M) 14.300ms
[344.302s][info][gc,cpu         ] GC(364) User=0.03s Sys=0.00s Real=0.01s
[344.592s][info][gc,start       ] GC(365) Pause Young (Allocation Failure)
[344.606s][info][gc,heap        ] GC(365) PSYoungGen: 224793K(271872K)->3765K(271360K) Eden: 218624K(218624K)->0K(218624K) From: 6169K(53248K)->3765K(52736K)
[344.606s][info][gc,heap        ] GC(365) ParOldGen: 472621K(473088K)->478915K(479232K)
[344.606s][info][gc,metaspace   ] GC(365) Metaspace: 42797K(43200K)->42797K(43200K) NonClass: 38450K(38720K)->38450K(38720K) Class: 4347K(4480K)->4347K(4480K)
[344.607s][info][gc             ] GC(365) Pause Young (Allocation Failure) 681M->471M(733M) 14.164ms
[344.607s][info][gc,cpu         ] GC(365) User=0.02s Sys=0.00s Real=0.01s
[345.005s][info][gc,start       ] GC(366) Pause Young (Allocation Failure)
[345.022s][info][gc,heap        ] GC(366) PSYoungGen: 222389K(271360K)->11619K(276992K) Eden: 218624K(218624K)->0K(230912K) From: 3765K(52736K)->11619K(46080K)
[345.022s][info][gc,heap        ] GC(366) ParOldGen: 478915K(479232K)->482619K(482816K)
[345.022s][info][gc,metaspace   ] GC(366) Metaspace: 42797K(43200K)->42797K(43200K) NonClass: 38450K(38720K)->38450K(38720K) Class: 4347K(4480K)->4347K(4480K)
[345.022s][info][gc             ] GC(366) Pause Young (Allocation Failure) 684M->482M(742M) 17.087ms
[345.022s][info][gc,cpu         ] GC(366) User=0.02s Sys=0.00s Real=0.02s
[345.561s][info][gc,start       ] GC(367) Pause Young (Allocation Failure)
[345.586s][info][gc,heap        ] GC(367) PSYoungGen: 242531K(276992K)->5112K(277504K) Eden: 230912K(230912K)->0K(230912K) From: 11619K(46080K)->5112K(46592K)
[345.586s][info][gc,heap        ] GC(367) ParOldGen: 482619K(482816K)->494513K(494592K)
[345.586s][info][gc,metaspace   ] GC(367) Metaspace: 42833K(43200K)->42833K(43200K) NonClass: 38485K(38720K)->38485K(38720K) Class: 4347K(4480K)->4347K(4480K)
[345.586s][info][gc             ] GC(367) Pause Young (Allocation Failure) 708M->487M(754M) 25.041ms
[345.586s][info][gc,cpu         ] GC(367) User=0.04s Sys=0.01s Real=0.02s
[346.145s][info][gc,start       ] GC(368) Pause Young (Allocation Failure)
[346.153s][info][gc,heap        ] GC(368) PSYoungGen: 236024K(277504K)->2161K(285184K) Eden: 230912K(230912K)->0K(243200K) From: 5112K(46592K)->2161K(41984K)
[346.153s][info][gc,heap        ] GC(368) ParOldGen: 494513K(494592K)->498999K(499200K)
[346.153s][info][gc,metaspace   ] GC(368) Metaspace: 42836K(43200K)->42836K(43200K) NonClass: 38489K(38720K)->38489K(38720K) Class: 4347K(4480K)->4347K(4480K)
[346.153s][info][gc             ] GC(368) Pause Young (Allocation Failure) 713M->489M(766M) 8.023ms
[346.153s][info][gc,cpu         ] GC(368) User=0.01s Sys=0.00s Real=0.01s
[346.735s][info][gc,start       ] GC(369) Pause Young (Allocation Failure)
[346.745s][info][gc,heap        ] GC(369) PSYoungGen: 245361K(285184K)->3684K(285184K) Eden: 243200K(243200K)->0K(243200K) From: 2161K(41984K)->3684K(41984K)
[346.745s][info][gc,heap        ] GC(369) ParOldGen: 498999K(499200K)->499007K(499200K)
[346.745s][info][gc,metaspace   ] GC(369) Metaspace: 42837K(43200K)->42837K(43200K) NonClass: 38489K(38720K)->38489K(38720K) Class: 4347K(4480K)->4347K(4480K)
[346.745s][info][gc             ] GC(369) Pause Young (Allocation Failure) 726M->490M(766M) 10.190ms
[346.745s][info][gc,cpu         ] GC(369) User=0.02s Sys=0.00s Real=0.01s
[347.332s][info][gc,start       ] GC(370) Pause Young (Allocation Failure)
[347.336s][info][gc,heap        ] GC(370) PSYoungGen: 246884K(285184K)->2946K(289792K) Eden: 243200K(243200K)->0K(251904K) From: 3684K(41984K)->2946K(37888K)
[347.336s][info][gc,heap        ] GC(370) ParOldGen: 499007K(499200K)->499007K(499200K)
[347.336s][info][gc,metaspace   ] GC(370) Metaspace: 42851K(43264K)->42851K(43264K) NonClass: 38504K(38784K)->38504K(38784K) Class: 4347K(4480K)->4347K(4480K)
[347.336s][info][gc             ] GC(370) Pause Young (Allocation Failure) 728M->490M(770M) 4.911ms
[347.336s][info][gc,cpu         ] GC(370) User=0.01s Sys=0.00s Real=0.00s
[347.995s][info][gc,start       ] GC(371) Pause Young (Allocation Failure)
[348.002s][info][gc,heap        ] GC(371) PSYoungGen: 254850K(289792K)->8444K(289792K) Eden: 251904K(251904K)->0K(251904K) From: 2946K(37888K)->8444K(37888K)
[348.002s][info][gc,heap        ] GC(371) ParOldGen: 499007K(499200K)->499340K(499712K)
[348.002s][info][gc,metaspace   ] GC(371) Metaspace: 42858K(43264K)->42858K(43264K) NonClass: 38510K(38784K)->38510K(38784K) Class: 4347K(4480K)->4347K(4480K)
[348.002s][info][gc             ] GC(371) Pause Young (Allocation Failure) 736M->495M(771M) 6.970ms
[348.002s][info][gc,cpu         ] GC(371) User=0.02s Sys=0.00s Real=0.01s
[349.130s][info][gc,start       ] GC(372) Pause Young (Allocation Failure)
[349.136s][info][gc,heap        ] GC(372) PSYoungGen: 260348K(289792K)->3090K(294400K) Eden: 251904K(251904K)->0K(259584K) From: 8444K(37888K)->3090K(34816K)
[349.136s][info][gc,heap        ] GC(372) ParOldGen: 499340K(499712K)->499452K(499712K)
[349.136s][info][gc,metaspace   ] GC(372) Metaspace: 42868K(43264K)->42868K(43264K) NonClass: 38520K(38784K)->38520K(38784K) Class: 4347K(4480K)->4347K(4480K)
[349.136s][info][gc             ] GC(372) Pause Young (Allocation Failure) 741M->490M(775M) 5.971ms
[349.136s][info][gc,cpu         ] GC(372) User=0.01s Sys=0.00s Real=0.00s
[350.157s][info][gc,start       ] GC(373) Pause Young (Allocation Failure)
[350.186s][info][gc,heap        ] GC(373) PSYoungGen: 262674K(294400K)->26058K(292864K) Eden: 259584K(259584K)->0K(259584K) From: 3090K(34816K)->26058K(33280K)
[350.186s][info][gc,heap        ] GC(373) ParOldGen: 499452K(499712K)->502430K(502784K)
[350.186s][info][gc,metaspace   ] GC(373) Metaspace: 42882K(43264K)->42882K(43264K) NonClass: 38535K(38784K)->38535K(38784K) Class: 4347K(4480K)->4347K(4480K)
[350.186s][info][gc             ] GC(373) Pause Young (Allocation Failure) 744M->516M(777M) 29.058ms
[350.186s][info][gc,cpu         ] GC(373) User=0.06s Sys=0.00s Real=0.02s
[350.848s][info][gc,start       ] GC(374) Pause Young (Allocation Failure)
[350.930s][info][gc,heap        ] GC(374) PSYoungGen: 285642K(292864K)->29752K(287232K) Eden: 259584K(259584K)->0K(249856K) From: 26058K(33280K)->29752K(37376K)
[350.930s][info][gc,heap        ] GC(374) ParOldGen: 502430K(502784K)->527626K(527872K)
[350.930s][info][gc,metaspace   ] GC(374) Metaspace: 42882K(43264K)->42882K(43264K) NonClass: 38535K(38784K)->38535K(38784K) Class: 4347K(4480K)->4347K(4480K)
[350.930s][info][gc             ] GC(374) Pause Young (Allocation Failure) 769M->544M(796M) 81.347ms
[350.930s][info][gc,cpu         ] GC(374) User=0.11s Sys=0.02s Real=0.08s
[351.533s][info][gc,start       ] GC(375) Pause Young (Allocation Failure)
[351.598s][info][gc,heap        ] GC(375) PSYoungGen: 279608K(287232K)->27872K(278016K) Eden: 249856K(249856K)->0K(249856K) From: 29752K(37376K)->27872K(28160K)
[351.598s][info][gc,heap        ] GC(375) ParOldGen: 527626K(527872K)->555894K(556032K)
[351.598s][info][gc,metaspace   ] GC(375) Metaspace: 42882K(43264K)->42882K(43264K) NonClass: 38535K(38784K)->38535K(38784K) Class: 4347K(4480K)->4347K(4480K)
[351.598s][info][gc             ] GC(375) Pause Young (Allocation Failure) 788M->570M(814M) 65.608ms
[351.598s][info][gc,cpu         ] GC(375) User=0.10s Sys=0.02s Real=0.07s
[355.049s][info][gc,start       ] GC(376) Pause Young (Allocation Failure)
[355.103s][info][gc,heap        ] GC(376) PSYoungGen: 277728K(278016K)->14773K(291328K) Eden: 249856K(249856K)->0K(246272K) From: 27872K(28160K)->14773K(45056K)
[355.103s][info][gc,heap        ] GC(376) ParOldGen: 555894K(556032K)->583921K(584192K)
[355.103s][info][gc,metaspace   ] GC(376) Metaspace: 42900K(43264K)->42900K(43264K) NonClass: 38553K(38784K)->38553K(38784K) Class: 4347K(4480K)->4347K(4480K)
[355.103s][info][gc             ] GC(376) Pause Young (Allocation Failure) 814M->584M(855M) 54.439ms
[355.103s][info][gc,cpu         ] GC(376) User=0.09s Sys=0.02s Real=0.05s
[355.780s][info][gc,start       ] GC(377) Pause Young (Allocation Failure)
[355.818s][info][gc,heap        ] GC(377) PSYoungGen: 261045K(291328K)->21583K(288768K) Eden: 246272K(246272K)->0K(246272K) From: 14773K(45056K)->21583K(42496K)
[355.818s][info][gc,heap        ] GC(377) ParOldGen: 583921K(584192K)->597501K(597504K)
[355.818s][info][gc,metaspace   ] GC(377) Metaspace: 42903K(43264K)->42903K(43264K) NonClass: 38555K(38784K)->38555K(38784K) Class: 4348K(4480K)->4348K(4480K)
[355.818s][info][gc             ] GC(377) Pause Young (Allocation Failure) 825M->604M(865M) 37.842ms
[355.818s][info][gc,cpu         ] GC(377) User=0.06s Sys=0.01s Real=0.04s
[356.431s][info][gc,start       ] GC(378) Pause Young (Allocation Failure)
[356.493s][info][gc,heap        ] GC(378) PSYoungGen: 267855K(288768K)->30776K(284160K) Eden: 246272K(246272K)->0K(241664K) From: 21583K(42496K)->30776K(42496K)
[356.493s][info][gc,heap        ] GC(378) ParOldGen: 597501K(597504K)->618342K(618496K)
[356.493s][info][gc,metaspace   ] GC(378) Metaspace: 42903K(43264K)->42903K(43264K) NonClass: 38555K(38784K)->38555K(38784K) Class: 4348K(4480K)->4348K(4480K)
[356.493s][info][gc             ] GC(378) Pause Young (Allocation Failure) 845M->633M(881M) 61.539ms
[356.493s][info][gc,cpu         ] GC(378) User=0.11s Sys=0.01s Real=0.06s
[357.115s][info][gc,start       ] GC(379) Pause Young (Allocation Failure)
[357.186s][info][gc,heap        ] GC(379) PSYoungGen: 272440K(284160K)->30544K(272384K) Eden: 241664K(241664K)->0K(241664K) From: 30776K(42496K)->30544K(30720K)
[357.186s][info][gc,heap        ] GC(379) ParOldGen: 618342K(618496K)->647454K(647680K)
[357.186s][info][gc,metaspace   ] GC(379) Metaspace: 42903K(43264K)->42903K(43264K) NonClass: 38555K(38784K)->38555K(38784K) Class: 4348K(4480K)->4348K(4480K)
[357.186s][info][gc             ] GC(379) Pause Young (Allocation Failure) 869M->662M(898M) 70.368ms
[357.186s][info][gc,cpu         ] GC(379) User=0.12s Sys=0.02s Real=0.07s
[358.828s][info][gc,start       ] GC(380) Pause Full (Allocation Failure)
[358.828s][info][gc,phases,start] GC(380) Marking Phase
[358.881s][info][gc,phases      ] GC(380) Marking Phase 53.210ms
[358.881s][info][gc,phases,start] GC(380) Summary Phase
[358.881s][info][gc,phases      ] GC(380) Summary Phase 0.028ms
[358.881s][info][gc,phases,start] GC(380) Forward
[358.888s][info][gc,phases      ] GC(380) Forward 7.227ms
[358.888s][info][gc,phases,start] GC(380) Adjust Pointers
[358.914s][info][gc,phases      ] GC(380) Adjust Pointers 26.204ms
[358.914s][info][gc,phases,start] GC(380) Compaction Phase
[358.922s][info][gc,phases      ] GC(380) Compaction Phase 7.749ms
[358.922s][info][gc,phases,start] GC(380) Post Compact
[358.925s][info][gc,phases      ] GC(380) Post Compact 3.080ms
[358.967s][info][gc,heap        ] GC(380) PSYoungGen: 272208K(272384K)->0K(285696K) Eden: 241664K(241664K)->0K(237568K) From: 30544K(30720K)->0K(48128K)
[358.967s][info][gc,heap        ] GC(380) ParOldGen: 647454K(647680K)->59038K(183808K)
[358.967s][info][gc,metaspace   ] GC(380) Metaspace: 42903K(43264K)->42903K(43264K) NonClass: 38555K(38784K)->38555K(38784K) Class: 4348K(4480K)->4348K(4480K)
[358.967s][info][gc             ] GC(380) Pause Full (Allocation Failure) 898M->57M(458M) 139.937ms
[358.967s][info][gc,cpu         ] GC(380) User=0.14s Sys=0.05s Real=0.14s
[360.351s][info][gc,start       ] GC(381) Pause Young (Allocation Failure)
[360.371s][info][gc,heap        ] GC(381) PSYoungGen: 237568K(285696K)->21189K(259072K) Eden: 237568K(237568K)->0K(237568K) From: 0K(48128K)->21189K(21504K)
[360.371s][info][gc,heap        ] GC(381) ParOldGen: 59038K(183808K)->59038K(183808K)
[360.371s][info][gc,metaspace   ] GC(381) Metaspace: 42903K(43264K)->42903K(43264K) NonClass: 38555K(38784K)->38555K(38784K) Class: 4348K(4480K)->4348K(4480K)
[360.371s][info][gc             ] GC(381) Pause Young (Allocation Failure) 289M->78M(432M) 20.445ms
[360.371s][info][gc,cpu         ] GC(381) User=0.04s Sys=0.00s Real=0.02s
[361.735s][info][gc,start       ] GC(382) Pause Young (Allocation Failure)
[361.773s][info][gc,heap        ] GC(382) PSYoungGen: 258757K(259072K)->22864K(285184K) Eden: 237568K(237568K)->0K(238592K) From: 21189K(21504K)->22864K(46592K)
[361.773s][info][gc,heap        ] GC(382) ParOldGen: 59038K(183808K)->80337K(183808K)
[361.773s][info][gc,metaspace   ] GC(382) Metaspace: 42903K(43264K)->42903K(43264K) NonClass: 38555K(38784K)->38555K(38784K) Class: 4348K(4480K)->4348K(4480K)
[361.773s][info][gc             ] GC(382) Pause Young (Allocation Failure) 310M->100M(458M) 37.753ms
[361.773s][info][gc,cpu         ] GC(382) User=0.07s Sys=0.00s Real=0.04s
[363.222s][info][gc,start       ] GC(383) Pause Young (Allocation Failure)
[363.259s][info][gc,heap        ] GC(383) PSYoungGen: 261456K(285184K)->22325K(284160K) Eden: 238592K(238592K)->0K(238592K) From: 22864K(46592K)->22325K(45568K)
[363.259s][info][gc,heap        ] GC(383) ParOldGen: 80337K(183808K)->102245K(183808K)
[363.259s][info][gc,metaspace   ] GC(383) Metaspace: 42903K(43264K)->42903K(43264K) NonClass: 38555K(38784K)->38555K(38784K) Class: 4348K(4480K)->4348K(4480K)
[363.259s][info][gc             ] GC(383) Pause Young (Allocation Failure) 333M->121M(457M) 37.498ms
[363.259s][info][gc,cpu         ] GC(383) User=0.07s Sys=0.00s Real=0.04s
[364.190s][info][gc,start       ] GC(384) Pause Young (Allocation Failure)
[364.235s][info][gc,heap        ] GC(384) PSYoungGen: 260917K(284160K)->31701K(284160K) Eden: 238592K(238592K)->0K(239616K) From: 22325K(45568K)->31701K(44544K)
[364.235s][info][gc,heap        ] GC(384) ParOldGen: 102245K(183808K)->124620K(183808K)
[364.235s][info][gc,metaspace   ] GC(384) Metaspace: 42903K(43264K)->42903K(43264K) NonClass: 38555K(38784K)->38555K(38784K) Class: 4348K(4480K)->4348K(4480K)
[364.235s][info][gc             ] GC(384) Pause Young (Allocation Failure) 354M->152M(457M) 44.770ms
[364.235s][info][gc,cpu         ] GC(384) User=0.09s Sys=0.00s Real=0.04s
[364.851s][info][gc,start       ] GC(385) Pause Young (Allocation Failure)
[364.905s][info][gc,heap        ] GC(385) PSYoungGen: 271317K(284160K)->30040K(286208K) Eden: 239616K(239616K)->0K(239616K) From: 31701K(44544K)->30040K(46592K)
[364.905s][info][gc,heap        ] GC(385) ParOldGen: 124620K(183808K)->155989K(183808K)
[364.905s][info][gc,metaspace   ] GC(385) Metaspace: 42903K(43264K)->42903K(43264K) NonClass: 38555K(38784K)->38555K(38784K) Class: 4348K(4480K)->4348K(4480K)
[364.905s][info][gc             ] GC(385) Pause Young (Allocation Failure) 386M->181M(459M) 54.068ms
[364.905s][info][gc,cpu         ] GC(385) User=0.10s Sys=0.00s Real=0.05s
[365.539s][info][gc,start       ] GC(386) Pause Young (Allocation Failure)
[365.592s][info][gc,heap        ] GC(386) PSYoungGen: 269656K(286208K)->29984K(284160K) Eden: 239616K(239616K)->0K(236544K) From: 30040K(46592K)->29984K(47616K)
[365.592s][info][gc,heap        ] GC(386) ParOldGen: 155989K(183808K)->184573K(184832K)
[365.593s][info][gc,metaspace   ] GC(386) Metaspace: 42903K(43264K)->42903K(43264K) NonClass: 38555K(38784K)->38555K(38784K) Class: 4348K(4480K)->4348K(4480K)
[365.593s][info][gc             ] GC(386) Pause Young (Allocation Failure) 415M->209M(458M) 53.950ms
[365.593s][info][gc,cpu         ] GC(386) User=0.10s Sys=0.00s Real=0.05s
[367.191s][info][gc,start       ] GC(387) Pause Young (Allocation Failure)
[367.246s][info][gc,heap        ] GC(387) PSYoungGen: 266528K(284160K)->15195K(251904K) Eden: 236544K(236544K)->0K(236544K) From: 29984K(47616K)->15195K(15360K)
[367.246s][info][gc,heap        ] GC(387) ParOldGen: 184573K(184832K)->214734K(215040K)
[367.246s][info][gc,metaspace   ] GC(387) Metaspace: 42903K(43264K)->42903K(43264K) NonClass: 38555K(38784K)->38555K(38784K) Class: 4348K(4480K)->4348K(4480K)
[367.246s][info][gc             ] GC(387) Pause Young (Allocation Failure) 440M->224M(456M) 55.385ms
[367.246s][info][gc,cpu         ] GC(387) User=0.09s Sys=0.02s Real=0.05s
[368.340s][info][gc,start       ] GC(388) Pause Young (Allocation Failure)
[368.368s][info][gc,heap        ] GC(388) PSYoungGen: 251739K(251904K)->13500K(286208K) Eden: 236544K(236544K)->0K(239104K) From: 15195K(15360K)->13500K(47104K)
[368.368s][info][gc,heap        ] GC(388) ParOldGen: 214734K(215040K)->228054K(228352K)
[368.368s][info][gc,metaspace   ] GC(388) Metaspace: 42903K(43264K)->42903K(43264K) NonClass: 38555K(38784K)->38555K(38784K) Class: 4348K(4480K)->4348K(4480K)
[368.368s][info][gc             ] GC(388) Pause Young (Allocation Failure) 455M->235M(502M) 27.841ms
[368.368s][info][gc,cpu         ] GC(388) User=0.04s Sys=0.01s Real=0.03s
[369.767s][info][gc,start       ] GC(389) Pause Young (Allocation Failure)
[369.804s][info][gc,heap        ] GC(389) PSYoungGen: 252604K(286208K)->26312K(284672K) Eden: 239104K(239104K)->0K(239104K) From: 13500K(47104K)->26312K(45568K)
[369.804s][info][gc,heap        ] GC(389) ParOldGen: 228054K(228352K)->238759K(239104K)
[369.804s][info][gc,metaspace   ] GC(389) Metaspace: 42903K(43264K)->42903K(43264K) NonClass: 38555K(38784K)->38555K(38784K) Class: 4348K(4480K)->4348K(4480K)
[369.804s][info][gc             ] GC(389) Pause Young (Allocation Failure) 469M->258M(511M) 37.011ms
[369.804s][info][gc,cpu         ] GC(389) User=0.07s Sys=0.00s Real=0.04s
[371.208s][info][gc,start       ] GC(390) Pause Young (Allocation Failure)
[371.262s][info][gc,heap        ] GC(390) PSYoungGen: 265416K(284672K)->23117K(285696K) Eden: 239104K(239104K)->0K(242688K) From: 26312K(45568K)->23117K(43008K)
[371.262s][info][gc,heap        ] GC(390) ParOldGen: 238759K(239104K)->265036K(265216K)
[371.262s][info][gc,metaspace   ] GC(390) Metaspace: 42903K(43264K)->42903K(43264K) NonClass: 38555K(38784K)->38555K(38784K) Class: 4348K(4480K)->4348K(4480K)
[371.262s][info][gc             ] GC(390) Pause Young (Allocation Failure) 492M->281M(538M) 54.038ms
[371.262s][info][gc,cpu         ] GC(390) User=0.08s Sys=0.03s Real=0.05s
[372.436s][info][gc,start       ] GC(391) Pause Young (Allocation Failure)
[372.487s][info][gc,heap        ] GC(391) PSYoungGen: 265805K(285696K)->26837K(286208K) Eden: 242688K(242688K)->0K(242688K) From: 23117K(43008K)->26837K(43520K)
[372.487s][info][gc,heap        ] GC(391) ParOldGen: 265036K(265216K)->288139K(288256K)
[372.487s][info][gc,metaspace   ] GC(391) Metaspace: 42910K(43328K)->42910K(43328K) NonClass: 38562K(38848K)->38562K(38848K) Class: 4348K(4480K)->4348K(4480K)
[372.487s][info][gc             ] GC(391) Pause Young (Allocation Failure) 518M->307M(561M) 50.499ms
[372.487s][info][gc,cpu         ] GC(391) User=0.07s Sys=0.02s Real=0.06s
[373.401s][info][gc,start       ] GC(392) Pause Young (Allocation Failure)
[373.436s][info][gc,heap        ] GC(392) PSYoungGen: 269525K(286208K)->15456K(288256K) Eden: 242688K(242688K)->0K(246784K) From: 26837K(43520K)->15456K(41472K)
[373.436s][info][gc,heap        ] GC(392) ParOldGen: 288139K(288256K)->306967K(307200K)
[373.436s][info][gc,metaspace   ] GC(392) Metaspace: 42929K(43328K)->42929K(43328K) NonClass: 38580K(38848K)->38580K(38848K) Class: 4348K(4480K)->4348K(4480K)
[373.436s][info][gc             ] GC(392) Pause Young (Allocation Failure) 544M->314M(581M) 35.688ms
[373.436s][info][gc,cpu         ] GC(392) User=0.05s Sys=0.02s Real=0.03s
[374.341s][info][gc,start       ] GC(393) Pause Young (Allocation Failure)
[374.361s][info][gc,heap        ] GC(393) PSYoungGen: 262240K(288256K)->21523K(289280K) Eden: 246784K(246784K)->0K(246784K) From: 15456K(41472K)->21523K(42496K)
[374.361s][info][gc,heap        ] GC(393) ParOldGen: 306967K(307200K)->307739K(308224K)
[374.361s][info][gc,metaspace   ] GC(393) Metaspace: 42929K(43328K)->42929K(43328K) NonClass: 38581K(38848K)->38581K(38848K) Class: 4348K(4480K)->4348K(4480K)
[374.361s][info][gc             ] GC(393) Pause Young (Allocation Failure) 555M->321M(583M) 20.435ms
[374.361s][info][gc,cpu         ] GC(393) User=0.04s Sys=0.00s Real=0.02s
[375.274s][info][gc,start       ] GC(394) Pause Young (Allocation Failure)
[375.284s][info][gc,heap        ] GC(394) PSYoungGen: 268307K(289280K)->9625K(290304K) Eden: 246784K(246784K)->0K(249856K) From: 21523K(42496K)->9625K(40448K)
[375.284s][info][gc,heap        ] GC(394) ParOldGen: 307739K(308224K)->308835K(309248K)
[375.284s][info][gc,metaspace   ] GC(394) Metaspace: 42932K(43328K)->42932K(43328K) NonClass: 38584K(38848K)->38584K(38848K) Class: 4348K(4480K)->4348K(4480K)
[375.284s][info][gc             ] GC(394) Pause Young (Allocation Failure) 562M->310M(585M) 9.949ms
[375.284s][info][gc,cpu         ] GC(394) User=0.02s Sys=0.00s Real=0.01s
[376.129s][info][gc,start       ] GC(395) Pause Young (Allocation Failure)
[376.144s][info][gc,heap        ] GC(395) PSYoungGen: 259481K(290304K)->4020K(290304K) Eden: 249856K(249856K)->0K(249856K) From: 9625K(40448K)->4020K(40448K)
[376.144s][info][gc,heap        ] GC(395) ParOldGen: 308835K(309248K)->309963K(310272K)
[376.144s][info][gc,metaspace   ] GC(395) Metaspace: 42933K(43328K)->42933K(43328K) NonClass: 38585K(38848K)->38585K(38848K) Class: 4348K(4480K)->4348K(4480K)
[376.144s][info][gc             ] GC(395) Pause Young (Allocation Failure) 554M->306M(586M) 15.346ms
[376.144s][info][gc,cpu         ] GC(395) User=0.02s Sys=0.00s Real=0.01s
[377.105s][info][gc,start       ] GC(396) Pause Young (Allocation Failure)
[377.129s][info][gc,heap        ] GC(396) PSYoungGen: 253876K(290304K)->23245K(292864K) Eden: 249856K(249856K)->0K(251392K) From: 4020K(40448K)->23245K(41472K)
[377.129s][info][gc,heap        ] GC(396) ParOldGen: 309963K(310272K)->311195K(311296K)
[377.129s][info][gc,metaspace   ] GC(396) Metaspace: 42933K(43328K)->42933K(43328K) NonClass: 38585K(38848K)->38585K(38848K) Class: 4348K(4480K)->4348K(4480K)
[377.129s][info][gc             ] GC(396) Pause Young (Allocation Failure) 550M->326M(590M) 23.913ms
[377.129s][info][gc,cpu         ] GC(396) User=0.04s Sys=0.00s Real=0.03s
[378.126s][info][gc,start       ] GC(397) Pause Young (Allocation Failure)
[378.144s][info][gc,heap        ] GC(397) PSYoungGen: 274637K(292864K)->13313K(265216K) Eden: 251392K(251392K)->0K(251392K) From: 23245K(41472K)->13313K(13824K)
[378.144s][info][gc,heap        ] GC(397) ParOldGen: 311195K(311296K)->311939K(312320K)
[378.144s][info][gc,metaspace   ] GC(397) Metaspace: 42933K(43328K)->42933K(43328K) NonClass: 38585K(38848K)->38585K(38848K) Class: 4348K(4480K)->4348K(4480K)
[378.144s][info][gc             ] GC(397) Pause Young (Allocation Failure) 572M->317M(564M) 18.037ms
[378.144s][info][gc,cpu         ] GC(397) User=0.03s Sys=0.00s Real=0.02s
[378.959s][info][gc,start       ] GC(398) Pause Young (Allocation Failure)
[378.973s][info][gc,heap        ] GC(398) PSYoungGen: 264705K(265216K)->12929K(291840K) Eden: 251392K(251392K)->0K(252416K) From: 13313K(13824K)->12929K(39424K)
[378.973s][info][gc,heap        ] GC(398) ParOldGen: 311939K(312320K)->313099K(313344K)
[378.973s][info][gc,metaspace   ] GC(398) Metaspace: 42934K(43328K)->42934K(43328K) NonClass: 38585K(38848K)->38585K(38848K) Class: 4348K(4480K)->4348K(4480K)
[378.973s][info][gc             ] GC(398) Pause Young (Allocation Failure) 563M->318M(591M) 13.432ms
[378.973s][info][gc,cpu         ] GC(398) User=0.02s Sys=0.00s Real=0.01s
[379.875s][info][gc,start       ] GC(399) Pause Young (Allocation Failure)
[379.881s][info][gc,heap        ] GC(399) PSYoungGen: 265345K(291840K)->5498K(290816K) Eden: 252416K(252416K)->0K(252416K) From: 12929K(39424K)->5498K(38400K)
[379.881s][info][gc,heap        ] GC(399) ParOldGen: 313099K(313344K)->314003K(314368K)
[379.881s][info][gc,metaspace   ] GC(399) Metaspace: 42934K(43328K)->42934K(43328K) NonClass: 38585K(38848K)->38585K(38848K) Class: 4348K(4480K)->4348K(4480K)
[379.881s][info][gc             ] GC(399) Pause Young (Allocation Failure) 564M->312M(591M) 5.712ms
[379.881s][info][gc,cpu         ] GC(399) User=0.02s Sys=0.00s Real=0.01s
[380.827s][info][gc,start       ] GC(400) Pause Young (Allocation Failure)
[380.833s][info][gc,heap        ] GC(400) PSYoungGen: 257914K(290816K)->5273K(294400K) Eden: 252416K(252416K)->0K(256000K) From: 5498K(38400K)->5273K(38400K)
[380.833s][info][gc,heap        ] GC(400) ParOldGen: 314003K(314368K)->315139K(315392K)
[380.833s][info][gc,metaspace   ] GC(400) Metaspace: 42934K(43328K)->42934K(43328K) NonClass: 38585K(38848K)->38585K(38848K) Class: 4348K(4480K)->4348K(4480K)
[380.833s][info][gc             ] GC(400) Pause Young (Allocation Failure) 558M->312M(595M) 6.464ms
[380.833s][info][gc,cpu         ] GC(400) User=0.02s Sys=0.00s Real=0.01s
[381.796s][info][gc,start       ] GC(401) Pause Young (Allocation Failure)
[381.841s][info][gc,heap        ] GC(401) PSYoungGen: 261273K(294400K)->38369K(294400K) Eden: 256000K(256000K)->0K(256000K) From: 5273K(38400K)->38369K(38400K)
[381.841s][info][gc,heap        ] GC(401) ParOldGen: 315139K(315392K)->321523K(321536K)
[381.841s][info][gc,metaspace   ] GC(401) Metaspace: 42934K(43328K)->42934K(43328K) NonClass: 38585K(38848K)->38585K(38848K) Class: 4348K(4480K)->4348K(4480K)
[381.841s][info][gc             ] GC(401) Pause Young (Allocation Failure) 562M->351M(601M) 45.080ms
[381.841s][info][gc,cpu         ] GC(401) User=0.08s Sys=0.00s Real=0.05s
[383.060s][info][gc,start       ] GC(402) Pause Young (Allocation Failure)
[383.107s][info][gc,heap        ] GC(402) PSYoungGen: 294369K(294400K)->22271K(282112K) Eden: 256000K(256000K)->0K(242688K) From: 38369K(38400K)->22271K(39424K)
[383.107s][info][gc,heap        ] GC(402) ParOldGen: 321523K(321536K)->337434K(337920K)
[383.107s][info][gc,metaspace   ] GC(402) Metaspace: 42934K(43328K)->42934K(43328K) NonClass: 38585K(38848K)->38585K(38848K) Class: 4348K(4480K)->4348K(4480K)
[383.107s][info][gc             ] GC(402) Pause Young (Allocation Failure) 601M->351M(605M) 46.365ms
[383.107s][info][gc,cpu         ] GC(402) User=0.07s Sys=0.01s Real=0.04s
[383.994s][info][gc,start       ] GC(403) Pause Young (Allocation Failure)
[384.021s][info][gc,heap        ] GC(403) PSYoungGen: 264959K(282112K)->4786K(288256K) Eden: 242688K(242688K)->0K(242688K) From: 22271K(39424K)->4786K(45568K)
[384.021s][info][gc,heap        ] GC(403) ParOldGen: 337434K(337920K)->349358K(349696K)
[384.021s][info][gc,metaspace   ] GC(403) Metaspace: 42934K(43328K)->42934K(43328K) NonClass: 38585K(38848K)->38585K(38848K) Class: 4348K(4480K)->4348K(4480K)
[384.021s][info][gc             ] GC(403) Pause Young (Allocation Failure) 588M->345M(623M) 26.842ms
[384.021s][info][gc,cpu         ] GC(403) User=0.04s Sys=0.01s Real=0.03s
[384.769s][info][gc,start       ] GC(404) Pause Young (Allocation Failure)
[384.782s][info][gc,heap        ] GC(404) PSYoungGen: 247474K(288256K)->11788K(284672K) Eden: 242688K(242688K)->0K(243200K) From: 4786K(45568K)->11788K(41472K)
[384.782s][info][gc,heap        ] GC(404) ParOldGen: 349358K(349696K)->352004K(352256K)
[384.782s][info][gc,metaspace   ] GC(404) Metaspace: 42942K(43328K)->42942K(43328K) NonClass: 38594K(38848K)->38594K(38848K) Class: 4348K(4480K)->4348K(4480K)
[384.782s][info][gc             ] GC(404) Pause Young (Allocation Failure) 582M->355M(622M) 12.706ms
[384.782s][info][gc,cpu         ] GC(404) User=0.02s Sys=0.00s Real=0.01s
[385.581s][info][gc,start       ] GC(405) Pause Young (Allocation Failure)
[385.609s][info][gc,heap        ] GC(405) PSYoungGen: 254988K(284672K)->31999K(286720K) Eden: 243200K(243200K)->0K(243200K) From: 11788K(41472K)->31999K(43520K)
[385.610s][info][gc,heap        ] GC(405) ParOldGen: 352004K(352256K)->359992K(360448K)
[385.610s][info][gc,metaspace   ] GC(405) Metaspace: 42942K(43328K)->42942K(43328K) NonClass: 38594K(38848K)->38594K(38848K) Class: 4348K(4480K)->4348K(4480K)
[385.610s][info][gc             ] GC(405) Pause Young (Allocation Failure) 592M->382M(632M) 28.121ms
[385.610s][info][gc,cpu         ] GC(405) User=0.05s Sys=0.00s Real=0.03s
[386.493s][info][gc,start       ] GC(406) Pause Young (Allocation Failure)
[386.497s][info][gc,heap        ] GC(406) PSYoungGen: 275199K(286720K)->2128K(287232K) Eden: 243200K(243200K)->0K(240640K) From: 31999K(43520K)->2128K(46592K)
[386.497s][info][gc,heap        ] GC(406) ParOldGen: 359992K(360448K)->360616K(360960K)
[386.497s][info][gc,metaspace   ] GC(406) Metaspace: 42942K(43328K)->42942K(43328K) NonClass: 38594K(38848K)->38594K(38848K) Class: 4348K(4480K)->4348K(4480K)
[386.497s][info][gc             ] GC(406) Pause Young (Allocation Failure) 620M->354M(633M) 4.221ms
[386.497s][info][gc,cpu         ] GC(406) User=0.00s Sys=0.00s Real=0.01s
[387.298s][info][gc,start       ] GC(407) Pause Young (Allocation Failure)
[387.344s][info][gc,heap        ] GC(407) PSYoungGen: 242768K(287232K)->46586K(287232K) Eden: 240640K(240640K)->0K(240640K) From: 2128K(46592K)->46586K(46592K)
[387.344s][info][gc,heap        ] GC(407) ParOldGen: 360616K(360960K)->377382K(377856K)
[387.344s][info][gc,metaspace   ] GC(407) Metaspace: 42942K(43328K)->42942K(43328K) NonClass: 38594K(38848K)->38594K(38848K) Class: 4348K(4480K)->4348K(4480K)
[387.344s][info][gc             ] GC(407) Pause Young (Allocation Failure) 589M->414M(649M) 46.041ms
[387.344s][info][gc,cpu         ] GC(407) User=0.08s Sys=0.01s Real=0.04s
[388.211s][info][gc,start       ] GC(408) Pause Young (Allocation Failure)
[388.378s][info][gc,heap        ] GC(408) PSYoungGen: 287226K(287232K)->46568K(158208K) Eden: 240640K(240640K)->0K(111616K) From: 46586K(46592K)->46568K(46592K)
[388.378s][info][gc,heap        ] GC(408) ParOldGen: 377382K(377856K)->501010K(501248K)
[388.378s][info][gc,metaspace   ] GC(408) Metaspace: 42942K(43328K)->42942K(43328K) NonClass: 38594K(38848K)->38594K(38848K) Class: 4348K(4480K)->4348K(4480K)
[388.378s][info][gc             ] GC(408) Pause Young (Allocation Failure) 649M->534M(644M) 166.962ms
[388.378s][info][gc,cpu         ] GC(408) User=0.22s Sys=0.12s Real=0.17s
[388.792s][info][gc,start       ] GC(409) Pause Young (Allocation Failure)
[388.886s][info][gc,heap        ] GC(409) PSYoungGen: 158184K(158208K)->53493K(222720K) Eden: 111616K(111616K)->0K(111616K) From: 46568K(46592K)->53493K(111104K)
[388.886s][info][gc,heap        ] GC(409) ParOldGen: 501010K(501248K)->547122K(547328K)
[388.886s][info][gc,metaspace   ] GC(409) Metaspace: 42942K(43328K)->42942K(43328K) NonClass: 38594K(38848K)->38594K(38848K) Class: 4348K(4480K)->4348K(4480K)
[388.886s][info][gc             ] GC(409) Pause Young (Allocation Failure) 643M->586M(752M) 94.330ms
[388.886s][info][gc,cpu         ] GC(409) User=0.15s Sys=0.03s Real=0.09s
[389.268s][info][gc,start       ] GC(410) Pause Young (Allocation Failure)
[389.332s][info][gc,heap        ] GC(410) PSYoungGen: 165109K(222720K)->14254K(216064K) Eden: 111616K(111616K)->0K(112128K) From: 53493K(111104K)->14254K(103936K)
[389.332s][info][gc,heap        ] GC(410) ParOldGen: 547122K(547328K)->597071K(597504K)
[389.332s][info][gc,metaspace   ] GC(410) Metaspace: 42942K(43328K)->42942K(43328K) NonClass: 38594K(38848K)->38594K(38848K) Class: 4348K(4480K)->4348K(4480K)
[389.332s][info][gc             ] GC(410) Pause Young (Allocation Failure) 695M->596M(794M) 64.104ms
[389.332s][info][gc,cpu         ] GC(410) User=0.08s Sys=0.05s Real=0.06s
[389.718s][info][gc,start       ] GC(411) Pause Full (Allocation Failure)
[389.718s][info][gc,phases,start] GC(411) Marking Phase
[389.778s][info][gc,phases      ] GC(411) Marking Phase 60.511ms
[389.779s][info][gc,phases,start] GC(411) Summary Phase
[389.779s][info][gc,phases      ] GC(411) Summary Phase 0.027ms
[389.779s][info][gc,phases,start] GC(411) Forward
[389.788s][info][gc,phases      ] GC(411) Forward 9.235ms
[389.788s][info][gc,phases,start] GC(411) Adjust Pointers
[389.823s][info][gc,phases      ] GC(411) Adjust Pointers 35.556ms
[389.823s][info][gc,phases,start] GC(411) Compaction Phase
[389.839s][info][gc,phases      ] GC(411) Compaction Phase 15.463ms
[389.839s][info][gc,phases,start] GC(411) Post Compact
[389.841s][info][gc,phases      ] GC(411) Post Compact 2.228ms
[389.869s][info][gc,heap        ] GC(411) PSYoungGen: 126382K(216064K)->0K(219648K) Eden: 112128K(112128K)->0K(112128K) From: 14254K(103936K)->0K(107520K)
[389.869s][info][gc,heap        ] GC(411) ParOldGen: 597071K(597504K)->82996K(248832K)
[389.869s][info][gc,metaspace   ] GC(411) Metaspace: 42942K(43328K)->42942K(43328K) NonClass: 38594K(38848K)->38594K(38848K) Class: 4348K(4480K)->4348K(4480K)
[389.869s][info][gc             ] GC(411) Pause Full (Allocation Failure) 706M->81M(457M) 151.334ms
[389.869s][info][gc,cpu         ] GC(411) User=0.20s Sys=0.02s Real=0.15s
[390.290s][info][gc,start       ] GC(412) Pause Young (Allocation Failure)
[390.304s][info][gc,heap        ] GC(412) PSYoungGen: 112128K(219648K)->21180K(217088K) Eden: 112128K(112128K)->0K(118784K) From: 0K(107520K)->21180K(98304K)
[390.304s][info][gc,heap        ] GC(412) ParOldGen: 82996K(248832K)->82996K(248832K)
[390.304s][info][gc,metaspace   ] GC(412) Metaspace: 42942K(43328K)->42942K(43328K) NonClass: 38594K(38848K)->38594K(38848K) Class: 4348K(4480K)->4348K(4480K)
[390.304s][info][gc             ] GC(412) Pause Young (Allocation Failure) 190M->101M(455M) 13.535ms
[390.304s][info][gc,cpu         ] GC(412) User=0.03s Sys=0.00s Real=0.01s
[390.732s][info][gc,start       ] GC(413) Pause Young (Allocation Failure)
[390.760s][info][gc,heap        ] GC(413) PSYoungGen: 139964K(217088K)->30504K(221696K) Eden: 118784K(118784K)->0K(118784K) From: 21180K(98304K)->30504K(102912K)
[390.760s][info][gc,heap        ] GC(413) ParOldGen: 82996K(248832K)->100958K(248832K)
[390.760s][info][gc,metaspace   ] GC(413) Metaspace: 42942K(43328K)->42942K(43328K) NonClass: 38594K(38848K)->38594K(38848K) Class: 4348K(4480K)->4348K(4480K)
[390.760s][info][gc             ] GC(413) Pause Young (Allocation Failure) 217M->128M(459M) 27.720ms
[390.760s][info][gc,cpu         ] GC(413) User=0.05s Sys=0.00s Real=0.03s
[391.161s][info][gc,start       ] GC(414) Pause Young (Allocation Failure)
[391.168s][info][gc,heap        ] GC(414) PSYoungGen: 149288K(221696K)->9925K(227328K) Eden: 118784K(118784K)->0K(134144K) From: 30504K(102912K)->9925K(93184K)
[391.168s][info][gc,heap        ] GC(414) ParOldGen: 100958K(248832K)->101485K(248832K)
[391.168s][info][gc,metaspace   ] GC(414) Metaspace: 42942K(43328K)->42942K(43328K) NonClass: 38594K(38848K)->38594K(38848K) Class: 4348K(4480K)->4348K(4480K)
[391.168s][info][gc             ] GC(414) Pause Young (Allocation Failure) 244M->108M(465M) 6.478ms
[391.168s][info][gc,cpu         ] GC(414) User=0.01s Sys=0.01s Real=0.01s
[391.613s][info][gc,start       ] GC(415) Pause Young (Allocation Failure)
[391.634s][info][gc,heap        ] GC(415) PSYoungGen: 144069K(227328K)->34378K(228352K) Eden: 134144K(134144K)->0K(134144K) From: 9925K(93184K)->34378K(94208K)
[391.634s][info][gc,heap        ] GC(415) ParOldGen: 101485K(248832K)->102168K(248832K)
[391.634s][info][gc,metaspace   ] GC(415) Metaspace: 42942K(43328K)->42942K(43328K) NonClass: 38594K(38848K)->38594K(38848K) Class: 4348K(4480K)->4348K(4480K)
[391.634s][info][gc             ] GC(415) Pause Young (Allocation Failure) 239M->133M(466M) 21.372ms
[391.634s][info][gc,cpu         ] GC(415) User=0.05s Sys=0.00s Real=0.02s
[392.096s][info][gc,start       ] GC(416) Pause Young (Allocation Failure)
[392.100s][info][gc,heap        ] GC(416) PSYoungGen: 168522K(228352K)->4381K(236544K) Eden: 134144K(134144K)->0K(147456K) From: 34378K(94208K)->4381K(89088K)
[392.100s][info][gc,heap        ] GC(416) ParOldGen: 102168K(248832K)->102527K(248832K)
[392.100s][info][gc,metaspace   ] GC(416) Metaspace: 42942K(43328K)->42942K(43328K) NonClass: 38594K(38848K)->38594K(38848K) Class: 4348K(4480K)->4348K(4480K)
[392.100s][info][gc             ] GC(416) Pause Young (Allocation Failure) 264M->104M(474M) 3.999ms
[392.100s][info][gc,cpu         ] GC(416) User=0.01s Sys=0.00s Real=0.01s
[392.602s][info][gc,start       ] GC(417) Pause Young (Allocation Failure)
[392.618s][info][gc,heap        ] GC(417) PSYoungGen: 151837K(236544K)->28402K(235520K) Eden: 147456K(147456K)->0K(147456K) From: 4381K(89088K)->28402K(88064K)
[392.619s][info][gc,heap        ] GC(417) ParOldGen: 102527K(248832K)->103176K(248832K)
[392.619s][info][gc,metaspace   ] GC(417) Metaspace: 42942K(43328K)->42942K(43328K) NonClass: 38594K(38848K)->38594K(38848K) Class: 4348K(4480K)->4348K(4480K)
[392.619s][info][gc             ] GC(417) Pause Young (Allocation Failure) 248M->128M(473M) 16.814ms
[392.619s][info][gc,cpu         ] GC(417) User=0.04s Sys=0.00s Real=0.02s
[393.083s][info][gc,start       ] GC(418) Pause Young (Allocation Failure)
[393.112s][info][gc,heap        ] GC(418) PSYoungGen: 175858K(235520K)->26833K(240640K) Eden: 147456K(147456K)->0K(161792K) From: 28402K(88064K)->26833K(78848K)
[393.112s][info][gc,heap        ] GC(418) ParOldGen: 103176K(248832K)->125149K(248832K)
[393.112s][info][gc,metaspace   ] GC(418) Metaspace: 42942K(43328K)->42942K(43328K) NonClass: 38594K(38848K)->38594K(38848K) Class: 4348K(4480K)->4348K(4480K)
[393.112s][info][gc             ] GC(418) Pause Young (Allocation Failure) 272M->148M(478M) 29.058ms
[393.112s][info][gc,cpu         ] GC(418) User=0.06s Sys=0.01s Real=0.03s
[393.601s][info][gc,start       ] GC(419) Pause Young (Allocation Failure)
[393.619s][info][gc,heap        ] GC(419) PSYoungGen: 188625K(240640K)->1368K(239104K) Eden: 161792K(161792K)->0K(161792K) From: 26833K(78848K)->1368K(77312K)
[393.619s][info][gc,heap        ] GC(419) ParOldGen: 125149K(248832K)->151184K(248832K)
[393.619s][info][gc,metaspace   ] GC(419) Metaspace: 42942K(43328K)->42942K(43328K) NonClass: 38594K(38848K)->38594K(38848K) Class: 4348K(4480K)->4348K(4480K)
[393.619s][info][gc             ] GC(419) Pause Young (Allocation Failure) 306M->148M(476M) 18.037ms
[393.619s][info][gc,cpu         ] GC(419) User=0.04s Sys=0.00s Real=0.02s
[394.128s][info][gc,start       ] GC(420) Pause Young (Allocation Failure)
[394.131s][info][gc,heap        ] GC(420) PSYoungGen: 163160K(239104K)->1238K(255488K) Eden: 161792K(161792K)->0K(178688K) From: 1368K(77312K)->1238K(76800K)
[394.131s][info][gc,heap        ] GC(420) ParOldGen: 151184K(248832K)->151280K(248832K)
[394.131s][info][gc,metaspace   ] GC(420) Metaspace: 42942K(43328K)->42942K(43328K) NonClass: 38594K(38848K)->38594K(38848K) Class: 4348K(4480K)->4348K(4480K)
[394.131s][info][gc             ] GC(420) Pause Young (Allocation Failure) 306M->148M(492M) 2.381ms
[394.131s][info][gc,cpu         ] GC(420) User=0.01s Sys=0.00s Real=0.00s
[394.610s][info][gc,start       ] GC(421) Pause Young (Allocation Failure)
[394.616s][info][gc,heap        ] GC(421) PSYoungGen: 179926K(255488K)->4892K(254976K) Eden: 178688K(178688K)->0K(178688K) From: 1238K(76800K)->4892K(76288K)
[394.616s][info][gc,heap        ] GC(421) ParOldGen: 151280K(248832K)->151704K(248832K)
[394.616s][info][gc,metaspace   ] GC(421) Metaspace: 42942K(43328K)->42942K(43328K) NonClass: 38594K(38848K)->38594K(38848K) Class: 4348K(4480K)->4348K(4480K)
[394.616s][info][gc             ] GC(421) Pause Young (Allocation Failure) 323M->152M(492M) 5.403ms
[394.616s][info][gc,cpu         ] GC(421) User=0.01s Sys=0.00s Real=0.00s
[394.932s][info][gc,start       ] GC(422) Pause Young (Allocation Failure)
[394.936s][info][gc,heap        ] GC(422) PSYoungGen: 183580K(254976K)->1870K(255488K) Eden: 178688K(178688K)->0K(182784K) From: 4892K(76288K)->1870K(72704K)
[394.936s][info][gc,heap        ] GC(422) ParOldGen: 151704K(248832K)->153543K(248832K)
[394.936s][info][gc,metaspace   ] GC(422) Metaspace: 42942K(43328K)->42942K(43328K) NonClass: 38594K(38848K)->38594K(38848K) Class: 4348K(4480K)->4348K(4480K)
[394.936s][info][gc             ] GC(422) Pause Young (Allocation Failure) 327M->151M(492M) 3.507ms
[394.936s][info][gc,cpu         ] GC(422) User=0.01s Sys=0.00s Real=0.00s
[395.289s][info][gc,start       ] GC(423) Pause Young (Allocation Failure)
[395.295s][info][gc,heap        ] GC(423) PSYoungGen: 184654K(255488K)->11720K(254976K) Eden: 182784K(182784K)->0K(182784K) From: 1870K(72704K)->11720K(72192K)
[395.295s][info][gc,heap        ] GC(423) ParOldGen: 153543K(248832K)->153575K(248832K)
[395.295s][info][gc,metaspace   ] GC(423) Metaspace: 42942K(43328K)->42942K(43328K) NonClass: 38594K(38848K)->38594K(38848K) Class: 4348K(4480K)->4348K(4480K)
[395.295s][info][gc             ] GC(423) Pause Young (Allocation Failure) 330M->161M(492M) 6.035ms
[395.295s][info][gc,cpu         ] GC(423) User=0.01s Sys=0.00s Real=0.00s
[395.582s][info][gc,start       ] GC(424) Pause Young (Allocation Failure)
[395.589s][info][gc,heap        ] GC(424) PSYoungGen: 194324K(254976K)->4834K(259072K) Eden: 182604K(182784K)->0K(191488K) From: 11720K(72192K)->4834K(67584K)
[395.589s][info][gc,heap        ] GC(424) ParOldGen: 153575K(248832K)->158985K(248832K)
[395.589s][info][gc,metaspace   ] GC(424) Metaspace: 42942K(43328K)->42942K(43328K) NonClass: 38594K(38848K)->38594K(38848K) Class: 4348K(4480K)->4348K(4480K)
[395.589s][info][gc             ] GC(424) Pause Young (Allocation Failure) 339M->159M(496M) 7.199ms
[395.589s][info][gc,cpu         ] GC(424) User=0.01s Sys=0.00s Real=0.01s
[395.834s][info][gc,start       ] GC(425) Pause Young (Allocation Failure)
[395.841s][info][gc,heap        ] GC(425) PSYoungGen: 194966K(259072K)->2133K(257536K) Eden: 190132K(191488K)->0K(191488K) From: 4834K(67584K)->2133K(66048K)
[395.841s][info][gc,heap        ] GC(425) ParOldGen: 158985K(248832K)->163803K(248832K)
[395.841s][info][gc,metaspace   ] GC(425) Metaspace: 42942K(43328K)->42942K(43328K) NonClass: 38594K(38848K)->38594K(38848K) Class: 4348K(4480K)->4348K(4480K)
[395.841s][info][gc             ] GC(425) Pause Young (Allocation Failure) 345M->162M(494M) 6.522ms
[395.841s][info][gc,cpu         ] GC(425) User=0.01s Sys=0.00s Real=0.01s
[396.085s][info][gc,start       ] GC(426) Pause Young (Allocation Failure)
[396.089s][info][gc,heap        ] GC(426) PSYoungGen: 193507K(257536K)->1360K(265728K) Eden: 191374K(191488K)->0K(202240K) From: 2133K(66048K)->1360K(63488K)
[396.089s][info][gc,heap        ] GC(426) ParOldGen: 163803K(248832K)->165886K(248832K)
[396.089s][info][gc,metaspace   ] GC(426) Metaspace: 42942K(43328K)->42942K(43328K) NonClass: 38594K(38848K)->38594K(38848K) Class: 4348K(4480K)->4348K(4480K)
[396.089s][info][gc             ] GC(426) Pause Young (Allocation Failure) 348M->163M(502M) 4.521ms
[396.089s][info][gc,cpu         ] GC(426) User=0.01s Sys=0.00s Real=0.01s
[396.348s][info][gc,start       ] GC(427) Pause Young (Allocation Failure)
[396.352s][info][gc,heap        ] GC(427) PSYoungGen: 202447K(265728K)->2083K(263680K) Eden: 201086K(202240K)->0K(202240K) From: 1360K(63488K)->2083K(61440K)
[396.352s][info][gc,heap        ] GC(427) ParOldGen: 165886K(248832K)->167217K(248832K)
[396.352s][info][gc,metaspace   ] GC(427) Metaspace: 42942K(43328K)->42942K(43328K) NonClass: 38594K(38848K)->38594K(38848K) Class: 4348K(4480K)->4348K(4480K)
[396.352s][info][gc             ] GC(427) Pause Young (Allocation Failure) 359M->165M(500M) 4.328ms
[396.352s][info][gc,cpu         ] GC(427) User=0.01s Sys=0.00s Real=0.00s
[396.631s][info][gc,start       ] GC(428) Pause Young (Allocation Failure)
[396.639s][info][gc,heap        ] GC(428) PSYoungGen: 204323K(263680K)->5322K(269312K) Eden: 202240K(202240K)->0K(211968K) From: 2083K(61440K)->5322K(57344K)
[396.639s][info][gc,heap        ] GC(428) ParOldGen: 167217K(248832K)->169239K(248832K)
[396.639s][info][gc,metaspace   ] GC(428) Metaspace: 42942K(43328K)->42942K(43328K) NonClass: 38594K(38848K)->38594K(38848K) Class: 4348K(4480K)->4348K(4480K)
[396.639s][info][gc             ] GC(428) Pause Young (Allocation Failure) 362M->170M(506M) 7.965ms
[396.639s][info][gc,cpu         ] GC(428) User=0.01s Sys=0.00s Real=0.01s
[396.938s][info][gc,start       ] GC(429) Pause Young (Allocation Failure)
[396.949s][info][gc,heap        ] GC(429) PSYoungGen: 216744K(269312K)->6094K(267776K) Eden: 211421K(211968K)->0K(211968K) From: 5322K(57344K)->6094K(55808K)
[396.949s][info][gc,heap        ] GC(429) ParOldGen: 169239K(248832K)->174595K(248832K)
[396.949s][info][gc,metaspace   ] GC(429) Metaspace: 42942K(43328K)->42942K(43328K) NonClass: 38594K(38848K)->38594K(38848K) Class: 4348K(4480K)->4348K(4480K)
[396.949s][info][gc             ] GC(429) Pause Young (Allocation Failure) 376M->176M(504M) 11.694ms
[396.949s][info][gc,cpu         ] GC(429) User=0.02s Sys=0.00s Real=0.01s
[397.233s][info][gc,start       ] GC(430) Pause Young (Allocation Failure)
[397.244s][info][gc,heap        ] GC(430) PSYoungGen: 218062K(267776K)->4216K(275456K) Eden: 211968K(211968K)->0K(223232K) From: 6094K(55808K)->4216K(52224K)
[397.244s][info][gc,heap        ] GC(430) ParOldGen: 174595K(248832K)->180765K(248832K)
[397.244s][info][gc,metaspace   ] GC(430) Metaspace: 42942K(43328K)->42942K(43328K) NonClass: 38594K(38848K)->38594K(38848K) Class: 4348K(4480K)->4348K(4480K)
[397.244s][info][gc             ] GC(430) Pause Young (Allocation Failure) 383M->180M(512M) 10.765ms
[397.244s][info][gc,cpu         ] GC(430) User=0.02s Sys=0.00s Real=0.01s
[397.702s][info][gc,start       ] GC(431) Pause Young (Allocation Failure)
[397.718s][info][gc,heap        ] GC(431) PSYoungGen: 227448K(275456K)->14762K(272896K) Eden: 223232K(223232K)->0K(223232K) From: 4216K(52224K)->14762K(49664K)
[397.719s][info][gc,heap        ] GC(431) ParOldGen: 180765K(248832K)->184737K(248832K)
[397.719s][info][gc,metaspace   ] GC(431) Metaspace: 42943K(43328K)->42943K(43328K) NonClass: 38595K(38848K)->38595K(38848K) Class: 4348K(4480K)->4348K(4480K)
[397.719s][info][gc             ] GC(431) Pause Young (Allocation Failure) 398M->194M(509M) 16.554ms
[397.719s][info][gc,cpu         ] GC(431) User=0.03s Sys=0.00s Real=0.02s
[398.241s][info][gc,start       ] GC(432) Pause Young (Allocation Failure)
[398.257s][info][gc,heap        ] GC(432) PSYoungGen: 237994K(272896K)->5132K(281600K) Eden: 223232K(223232K)->0K(234496K) From: 14762K(49664K)->5132K(47104K)
[398.257s][info][gc,heap        ] GC(432) ParOldGen: 184737K(248832K)->199565K(248832K)
[398.257s][info][gc,metaspace   ] GC(432) Metaspace: 42946K(43328K)->42946K(43328K) NonClass: 38597K(38848K)->38597K(38848K) Class: 4348K(4480K)->4348K(4480K)
[398.257s][info][gc             ] GC(432) Pause Young (Allocation Failure) 412M->199M(518M) 15.857ms
[398.257s][info][gc,cpu         ] GC(432) User=0.03s Sys=0.00s Real=0.02s
[398.825s][info][gc,start       ] GC(433) Pause Young (Allocation Failure)
[398.829s][info][gc,heap        ] GC(433) PSYoungGen: 239628K(281600K)->2257K(279040K) Eden: 234496K(234496K)->0K(234496K) From: 5132K(47104K)->2257K(44544K)
[398.829s][info][gc,heap        ] GC(433) ParOldGen: 199565K(248832K)->200213K(248832K)
[398.829s][info][gc,metaspace   ] GC(433) Metaspace: 42957K(43328K)->42957K(43328K) NonClass: 38609K(38848K)->38609K(38848K) Class: 4348K(4480K)->4348K(4480K)
[398.829s][info][gc             ] GC(433) Pause Young (Allocation Failure) 428M->197M(515M) 3.450ms
[398.829s][info][gc,cpu         ] GC(433) User=0.00s Sys=0.00s Real=0.01s
[399.372s][info][gc,start       ] GC(434) Pause Young (Allocation Failure)
[399.376s][info][gc,heap        ] GC(434) PSYoungGen: 236753K(279040K)->3652K(286720K) Eden: 234496K(234496K)->0K(244736K) From: 2257K(44544K)->3652K(41984K)
[399.376s][info][gc,heap        ] GC(434) ParOldGen: 200213K(248832K)->200221K(248832K)
[399.376s][info][gc,metaspace   ] GC(434) Metaspace: 42958K(43328K)->42958K(43328K) NonClass: 38610K(38848K)->38610K(38848K) Class: 4348K(4480K)->4348K(4480K)
[399.376s][info][gc             ] GC(434) Pause Young (Allocation Failure) 426M->199M(523M) 4.292ms
[399.376s][info][gc,cpu         ] GC(434) User=0.01s Sys=0.00s Real=0.00s
[399.980s][info][gc,start       ] GC(435) Pause Young (Allocation Failure)
[399.983s][info][gc,heap        ] GC(435) PSYoungGen: 248388K(286720K)->3646K(285184K) Eden: 244736K(244736K)->0K(244736K) From: 3652K(41984K)->3646K(40448K)
[399.983s][info][gc,heap        ] GC(435) ParOldGen: 200221K(248832K)->200253K(248832K)
[399.983s][info][gc,metaspace   ] GC(435) Metaspace: 42987K(43392K)->42987K(43392K) NonClass: 38639K(38912K)->38639K(38912K) Class: 4348K(4480K)->4348K(4480K)
[399.983s][info][gc             ] GC(435) Pause Young (Allocation Failure) 438M->199M(521M) 2.852ms
[399.983s][info][gc,cpu         ] GC(435) User=0.00s Sys=0.00s Real=0.00s
[400.617s][info][gc,start       ] GC(436) Pause Young (Allocation Failure)
[400.620s][info][gc,heap        ] GC(436) PSYoungGen: 248382K(285184K)->3706K(291328K) Eden: 244736K(244736K)->0K(253440K) From: 3646K(40448K)->3706K(37888K)
[400.620s][info][gc,heap        ] GC(436) ParOldGen: 200253K(248832K)->201274K(248832K)
[400.620s][info][gc,metaspace   ] GC(436) Metaspace: 42989K(43392K)->42989K(43392K) NonClass: 38641K(38912K)->38641K(38912K) Class: 4348K(4480K)->4348K(4480K)
[400.620s][info][gc             ] GC(436) Pause Young (Allocation Failure) 438M->200M(527M) 2.936ms
[400.620s][info][gc,cpu         ] GC(436) User=0.00s Sys=0.00s Real=0.00s
[401.849s][info][gc,start       ] GC(437) Pause Young (Allocation Failure)
[401.854s][info][gc,heap        ] GC(437) PSYoungGen: 257146K(291328K)->3122K(289792K) Eden: 253440K(253440K)->0K(253440K) From: 3706K(37888K)->3122K(36352K)
[401.854s][info][gc,heap        ] GC(437) ParOldGen: 201274K(248832K)->201418K(248832K)
[401.854s][info][gc,metaspace   ] GC(437) Metaspace: 43011K(43392K)->43011K(43392K) NonClass: 38662K(38912K)->38662K(38912K) Class: 4348K(4480K)->4348K(4480K)
[401.854s][info][gc             ] GC(437) Pause Young (Allocation Failure) 447M->199M(526M) 4.871ms
[401.854s][info][gc,cpu         ] GC(437) User=0.00s Sys=0.00s Real=0.00s
[402.713s][info][gc,start       ] GC(438) Pause Young (Allocation Failure)
[402.744s][info][gc,heap        ] GC(438) PSYoungGen: 256562K(289792K)->29322K(288256K) Eden: 253440K(253440K)->0K(253952K) From: 3122K(36352K)->29322K(34304K)
[402.744s][info][gc,heap        ] GC(438) ParOldGen: 201418K(248832K)->204484K(248832K)
[402.744s][info][gc,metaspace   ] GC(438) Metaspace: 43020K(43392K)->43020K(43392K) NonClass: 38671K(38912K)->38671K(38912K) Class: 4348K(4480K)->4348K(4480K)
[402.744s][info][gc             ] GC(438) Pause Young (Allocation Failure) 447M->228M(524M) 31.523ms
[402.744s][info][gc,cpu         ] GC(438) User=0.05s Sys=0.01s Real=0.03s
[403.329s][info][gc,start       ] GC(439) Pause Young (Allocation Failure)
[403.384s][info][gc,heap        ] GC(439) PSYoungGen: 283274K(288256K)->28728K(283136K) Eden: 253952K(253952K)->0K(253952K) From: 29322K(34304K)->28728K(29184K)
[403.384s][info][gc,heap        ] GC(439) ParOldGen: 204484K(248832K)->232900K(248832K)
[403.384s][info][gc,metaspace   ] GC(439) Metaspace: 43020K(43392K)->43020K(43392K) NonClass: 38671K(38912K)->38671K(38912K) Class: 4348K(4480K)->4348K(4480K)
[403.384s][info][gc             ] GC(439) Pause Young (Allocation Failure) 476M->255M(519M) 54.246ms
[403.384s][info][gc,cpu         ] GC(439) User=0.10s Sys=0.00s Real=0.05s
[403.973s][info][gc,start       ] GC(440) Pause Young (Allocation Failure)
[404.028s][info][gc,heap        ] GC(440) PSYoungGen: 282680K(283136K)->27952K(284672K) Eden: 253952K(253952K)->0K(240640K) From: 28728K(29184K)->27952K(44032K)
[404.028s][info][gc,heap        ] GC(440) ParOldGen: 232900K(248832K)->260144K(260608K)
[404.028s][info][gc,metaspace   ] GC(440) Metaspace: 43020K(43392K)->43020K(43392K) NonClass: 38671K(38912K)->38671K(38912K) Class: 4348K(4480K)->4348K(4480K)
[404.028s][info][gc             ] GC(440) Pause Young (Allocation Failure) 503M->281M(532M) 55.826ms
[404.028s][info][gc,cpu         ] GC(440) User=0.10s Sys=0.01s Real=0.06s
[407.468s][info][gc,start       ] GC(441) Pause Young (Allocation Failure)
[407.520s][info][gc,heap        ] GC(441) PSYoungGen: 268592K(284672K)->12794K(253440K) Eden: 240640K(240640K)->0K(240640K) From: 27952K(44032K)->12794K(12800K)
[407.520s][info][gc,heap        ] GC(441) ParOldGen: 260144K(260608K)->288241K(288768K)
[407.520s][info][gc,metaspace   ] GC(441) Metaspace: 43027K(43392K)->43027K(43392K) NonClass: 38679K(38912K)->38679K(38912K) Class: 4348K(4480K)->4348K(4480K)
[407.520s][info][gc             ] GC(441) Pause Young (Allocation Failure) 516M->293M(529M) 51.898ms
[407.520s][info][gc,cpu         ] GC(441) User=0.07s Sys=0.03s Real=0.05s
[408.157s][info][gc,start       ] GC(442) Pause Young (Allocation Failure)
[408.188s][info][gc,heap        ] GC(442) PSYoungGen: 253434K(253440K)->20938K(287232K) Eden: 240640K(240640K)->0K(243712K) From: 12794K(12800K)->20938K(43520K)
[408.188s][info][gc,heap        ] GC(442) ParOldGen: 288241K(288768K)->299254K(299520K)
[408.188s][info][gc,metaspace   ] GC(442) Metaspace: 43030K(43392K)->43030K(43392K) NonClass: 38682K(38912K)->38682K(38912K) Class: 4348K(4480K)->4348K(4480K)
[408.188s][info][gc             ] GC(442) Pause Young (Allocation Failure) 528M->312M(573M) 31.629ms
[408.188s][info][gc,cpu         ] GC(442) User=0.06s Sys=0.01s Real=0.04s
[408.793s][info][gc,start       ] GC(443) Pause Young (Allocation Failure)
[408.852s][info][gc,heap        ] GC(443) PSYoungGen: 264650K(287232K)->30552K(286720K) Eden: 243712K(243712K)->0K(243712K) From: 20938K(43520K)->30552K(43008K)
[408.852s][info][gc,heap        ] GC(443) ParOldGen: 299254K(299520K)->319350K(319488K)
[408.852s][info][gc,metaspace   ] GC(443) Metaspace: 43030K(43392K)->43030K(43392K) NonClass: 38682K(38912K)->38682K(38912K) Class: 4348K(4480K)->4348K(4480K)
[408.852s][info][gc             ] GC(443) Pause Young (Allocation Failure) 550M->341M(592M) 58.899ms
[408.852s][info][gc,cpu         ] GC(443) User=0.10s Sys=0.02s Real=0.06s
[409.478s][info][gc,start       ] GC(444) Pause Young (Allocation Failure)
[409.548s][info][gc,heap        ] GC(444) PSYoungGen: 274264K(286720K)->30800K(282112K) Eden: 243712K(243712K)->0K(235520K) From: 30552K(43008K)->30800K(46592K)
[409.548s][info][gc,heap        ] GC(444) ParOldGen: 319350K(319488K)->348254K(348672K)
[409.548s][info][gc,metaspace   ] GC(444) Metaspace: 43030K(43392K)->43030K(43392K) NonClass: 38682K(38912K)->38682K(38912K) Class: 4348K(4480K)->4348K(4480K)
[409.548s][info][gc             ] GC(444) Pause Young (Allocation Failure) 579M->370M(616M) 69.477ms
[409.548s][info][gc,cpu         ] GC(444) User=0.12s Sys=0.03s Real=0.07s
[411.147s][info][gc,start       ] GC(445) Pause Young (Allocation Failure)
[411.222s][info][gc,heap        ] GC(445) PSYoungGen: 266320K(282112K)->16016K(251904K) Eden: 235520K(235520K)->0K(235520K) From: 30800K(46592K)->16016K(16384K)
[411.222s][info][gc,heap        ] GC(445) ParOldGen: 348254K(348672K)->379247K(379392K)
[411.222s][info][gc,metaspace   ] GC(445) Metaspace: 43030K(43392K)->43030K(43392K) NonClass: 38682K(38912K)->38682K(38912K) Class: 4348K(4480K)->4348K(4480K)
[411.222s][info][gc             ] GC(445) Pause Young (Allocation Failure) 600M->385M(616M) 74.225ms
[411.222s][info][gc,cpu         ] GC(445) User=0.08s Sys=0.02s Real=0.07s
[412.545s][info][gc,start       ] GC(446) Pause Young (Allocation Failure)
[412.565s][info][gc,heap        ] GC(446) PSYoungGen: 251536K(251904K)->1112K(284160K) Eden: 235520K(235520K)->0K(238080K) From: 16016K(16384K)->1112K(46080K)
[412.565s][info][gc,heap        ] GC(446) ParOldGen: 379247K(379392K)->394531K(394752K)
[412.565s][info][gc,metaspace   ] GC(446) Metaspace: 43030K(43392K)->43030K(43392K) NonClass: 38682K(38912K)->38682K(38912K) Class: 4348K(4480K)->4348K(4480K)
[412.565s][info][gc             ] GC(446) Pause Young (Allocation Failure) 615M->386M(663M) 19.349ms
[412.565s][info][gc,cpu         ] GC(446) User=0.03s Sys=0.02s Real=0.02s
[413.941s][info][gc,start       ] GC(447) Pause Young (Allocation Failure)
[413.967s][info][gc,heap        ] GC(447) PSYoungGen: 239192K(284160K)->24151K(284160K) Eden: 238080K(238080K)->0K(238080K) From: 1112K(46080K)->24151K(46080K)
[413.967s][info][gc,heap        ] GC(447) ParOldGen: 394531K(394752K)->395419K(395776K)
[413.967s][info][gc,metaspace   ] GC(447) Metaspace: 43030K(43392K)->43030K(43392K) NonClass: 38682K(38912K)->38682K(38912K) Class: 4348K(4480K)->4348K(4480K)
[413.967s][info][gc             ] GC(447) Pause Young (Allocation Failure) 618M->409M(664M) 25.641ms
[413.967s][info][gc,cpu         ] GC(447) User=0.05s Sys=0.00s Real=0.03s
[415.419s][info][gc,start       ] GC(448) Pause Young (Allocation Failure)
[415.470s][info][gc,heap        ] GC(448) PSYoungGen: 262231K(284160K)->22375K(286720K) Eden: 238080K(238080K)->0K(241664K) From: 24151K(46080K)->22375K(45056K)
[415.470s][info][gc,heap        ] GC(448) ParOldGen: 395419K(395776K)->419674K(419840K)
[415.470s][info][gc,metaspace   ] GC(448) Metaspace: 43030K(43392K)->43030K(43392K) NonClass: 38682K(38912K)->38682K(38912K) Class: 4348K(4480K)->4348K(4480K)
[415.470s][info][gc             ] GC(448) Pause Young (Allocation Failure) 642M->431M(690M) 51.152ms
[415.470s][info][gc,cpu         ] GC(448) User=0.08s Sys=0.02s Real=0.05s
[416.467s][info][gc,start       ] GC(449) Pause Young (Allocation Failure)
[416.522s][info][gc,heap        ] GC(449) PSYoungGen: 264039K(286720K)->31490K(273408K) Eden: 241664K(241664K)->0K(241664K) From: 22375K(45056K)->31490K(31744K)
[416.522s][info][gc,heap        ] GC(449) ParOldGen: 419674K(419840K)->442112K(442368K)
[416.522s][info][gc,metaspace   ] GC(449) Metaspace: 43030K(43392K)->43030K(43392K) NonClass: 38682K(38912K)->38682K(38912K) Class: 4348K(4480K)->4348K(4480K)
[416.522s][info][gc             ] GC(449) Pause Young (Allocation Failure) 667M->462M(699M) 54.994ms
[416.522s][info][gc,cpu         ] GC(449) User=0.09s Sys=0.02s Real=0.05s
[417.141s][info][gc,start       ] GC(450) Pause Young (Allocation Failure)
[417.211s][info][gc,heap        ] GC(450) PSYoungGen: 273154K(273408K)->30296K(283648K) Eden: 241664K(241664K)->0K(235520K) From: 31490K(31744K)->30296K(48128K)
[417.211s][info][gc,heap        ] GC(450) ParOldGen: 442112K(442368K)->473255K(473600K)
[417.211s][info][gc,metaspace   ] GC(450) Metaspace: 43030K(43392K)->43030K(43392K) NonClass: 38682K(38912K)->38682K(38912K) Class: 4348K(4480K)->4348K(4480K)
[417.211s][info][gc             ] GC(450) Pause Young (Allocation Failure) 698M->491M(739M) 69.254ms
[417.211s][info][gc,cpu         ] GC(450) User=0.11s Sys=0.03s Real=0.07s
[417.826s][info][gc,start       ] GC(451) Pause Young (Allocation Failure)
[417.893s][info][gc,heap        ] GC(451) PSYoungGen: 265816K(283648K)->29728K(265728K) Eden: 235520K(235520K)->0K(235520K) From: 30296K(48128K)->29728K(30208K)
[417.893s][info][gc,heap        ] GC(451) ParOldGen: 473255K(473600K)->502119K(502272K)
[417.893s][info][gc,metaspace   ] GC(451) Metaspace: 43030K(43392K)->43030K(43392K) NonClass: 38682K(38912K)->38682K(38912K) Class: 4348K(4480K)->4348K(4480K)
[417.893s][info][gc             ] GC(451) Pause Young (Allocation Failure) 721M->519M(750M) 67.607ms
[417.893s][info][gc,cpu         ] GC(451) User=0.11s Sys=0.03s Real=0.07s
[419.459s][info][gc,start       ] GC(452) Pause Young (Allocation Failure)
[419.512s][info][gc,heap        ] GC(452) PSYoungGen: 265248K(265728K)->13712K(285184K) Eden: 235520K(235520K)->0K(235008K) From: 29728K(30208K)->13712K(50176K)
[419.512s][info][gc,heap        ] GC(452) ParOldGen: 502119K(502272K)->532064K(532480K)
[419.512s][info][gc,metaspace   ] GC(452) Metaspace: 43030K(43392K)->43030K(43392K) NonClass: 38682K(38912K)->38682K(38912K) Class: 4348K(4480K)->4348K(4480K)
[419.512s][info][gc             ] GC(452) Pause Young (Allocation Failure) 749M->532M(798M) 52.347ms
[419.512s][info][gc,cpu         ] GC(452) User=0.09s Sys=0.02s Real=0.05s
[420.551s][info][gc,start       ] GC(453) Pause Young (Allocation Failure)
[420.577s][info][gc,heap        ] GC(453) PSYoungGen: 248720K(285184K)->11337K(246784K) Eden: 235008K(235008K)->0K(235008K) From: 13712K(50176K)->11337K(11776K)
[420.577s][info][gc,heap        ] GC(453) ParOldGen: 532064K(532480K)->545264K(545280K)
[420.577s][info][gc,metaspace   ] GC(453) Metaspace: 43030K(43392K)->43030K(43392K) NonClass: 38682K(38912K)->38682K(38912K) Class: 4348K(4480K)->4348K(4480K)
[420.577s][info][gc             ] GC(453) Pause Young (Allocation Failure) 762M->543M(773M) 25.951ms
[420.577s][info][gc,cpu         ] GC(453) User=0.04s Sys=0.01s Real=0.03s
[421.972s][info][gc,start       ] GC(454) Pause Young (Allocation Failure)
[422.002s][info][gc,heap        ] GC(454) PSYoungGen: 246345K(246784K)->17929K(284672K) Eden: 235008K(235008K)->0K(237568K) From: 11337K(11776K)->17929K(47104K)
[422.002s][info][gc,heap        ] GC(454) ParOldGen: 545264K(545280K)->556130K(556544K)
[422.002s][info][gc,metaspace   ] GC(454) Metaspace: 43030K(43392K)->43030K(43392K) NonClass: 38682K(38912K)->38682K(38912K) Class: 4348K(4480K)->4348K(4480K)
[422.002s][info][gc             ] GC(454) Pause Young (Allocation Failure) 773M->560M(821M) 30.254ms
[422.002s][info][gc,cpu         ] GC(454) User=0.05s Sys=0.02s Real=0.03s
[423.386s][info][gc,start       ] GC(455) Pause Young (Allocation Failure)
[423.430s][info][gc,heap        ] GC(455) PSYoungGen: 255497K(284672K)->22345K(282112K) Eden: 237568K(237568K)->0K(237568K) From: 17929K(47104K)->22345K(44544K)
[423.430s][info][gc,heap        ] GC(455) ParOldGen: 556130K(556544K)->573883K(573952K)
[423.430s][info][gc,metaspace   ] GC(455) Metaspace: 43030K(43392K)->43030K(43392K) NonClass: 38682K(38912K)->38682K(38912K) Class: 4348K(4480K)->4348K(4480K)
[423.430s][info][gc             ] GC(455) Pause Young (Allocation Failure) 792M->582M(836M) 43.685ms
[423.430s][info][gc,cpu         ] GC(455) User=0.07s Sys=0.01s Real=0.05s
[424.629s][info][gc,start       ] GC(456) Pause Young (Allocation Failure)
[424.679s][info][gc,heap        ] GC(456) PSYoungGen: 259913K(282112K)->28411K(284160K) Eden: 237568K(237568K)->0K(241152K) From: 22345K(44544K)->28411K(43008K)
[424.679s][info][gc,heap        ] GC(456) ParOldGen: 573883K(573952K)->596331K(596480K)
[424.679s][info][gc,metaspace   ] GC(456) Metaspace: 43031K(43392K)->43031K(43392K) NonClass: 38682K(38912K)->38682K(38912K) Class: 4348K(4480K)->4348K(4480K)
[424.679s][info][gc             ] GC(456) Pause Young (Allocation Failure) 814M->610M(860M) 50.464ms
[424.679s][info][gc,cpu         ] GC(456) User=0.09s Sys=0.01s Real=0.05s
[425.623s][info][gc,start       ] GC(457) Pause Young (Allocation Failure)
[425.657s][info][gc,heap        ] GC(457) PSYoungGen: 269563K(284160K)->11526K(285184K) Eden: 241152K(241152K)->0K(241152K) From: 28411K(43008K)->11526K(44032K)
[425.657s][info][gc,heap        ] GC(457) ParOldGen: 596331K(596480K)->617555K(617984K)
[425.657s][info][gc,metaspace   ] GC(457) Metaspace: 43033K(43392K)->43033K(43392K) NonClass: 38685K(38912K)->38685K(38912K) Class: 4348K(4480K)->4348K(4480K)
[425.657s][info][gc             ] GC(457) Pause Young (Allocation Failure) 845M->614M(882M) 34.013ms
[425.657s][info][gc,cpu         ] GC(457) User=0.05s Sys=0.02s Real=0.04s
[426.545s][info][gc,start       ] GC(458) Pause Young (Allocation Failure)
[426.562s][info][gc,heap        ] GC(458) PSYoungGen: 252678K(285184K)->17891K(284160K) Eden: 241152K(241152K)->0K(246272K) From: 11526K(44032K)->17891K(37888K)
[426.562s][info][gc,heap        ] GC(458) ParOldGen: 617555K(617984K)->618387K(618496K)
[426.562s][info][gc,metaspace   ] GC(458) Metaspace: 43033K(43392K)->43033K(43392K) NonClass: 38685K(38912K)->38685K(38912K) Class: 4348K(4480K)->4348K(4480K)
[426.562s][info][gc             ] GC(458) Pause Young (Allocation Failure) 849M->621M(881M) 16.682ms
[426.562s][info][gc,cpu         ] GC(458) User=0.03s Sys=0.00s Real=0.02s
[427.501s][info][gc,start       ] GC(459) Pause Young (Allocation Failure)
[427.506s][info][gc,heap        ] GC(459) PSYoungGen: 264163K(284160K)->3956K(287232K) Eden: 246272K(246272K)->0K(246272K) From: 17891K(37888K)->3956K(40960K)
[427.506s][info][gc,heap        ] GC(459) ParOldGen: 618387K(618496K)->619407K(619520K)
[427.506s][info][gc,metaspace   ] GC(459) Metaspace: 43033K(43392K)->43033K(43392K) NonClass: 38685K(38912K)->38685K(38912K) Class: 4348K(4480K)->4348K(4480K)
[427.506s][info][gc             ] GC(459) Pause Young (Allocation Failure) 861M->608M(885M) 5.737ms
[427.506s][info][gc,cpu         ] GC(459) User=0.01s Sys=0.00s Real=0.00s
[428.284s][info][gc,start       ] GC(460) Pause Young (Allocation Failure)
[428.292s][info][gc,heap        ] GC(460) PSYoungGen: 250228K(287232K)->7063K(292352K) Eden: 246272K(246272K)->0K(251392K) From: 3956K(40960K)->7063K(40960K)
[428.292s][info][gc,heap        ] GC(460) ParOldGen: 619407K(619520K)->620663K(621056K)
[428.292s][info][gc,metaspace   ] GC(460) Metaspace: 43033K(43392K)->43033K(43392K) NonClass: 38685K(38912K)->38685K(38912K) Class: 4348K(4480K)->4348K(4480K)
[428.292s][info][gc             ] GC(460) Pause Young (Allocation Failure) 849M->613M(892M) 8.732ms
[428.292s][info][gc,cpu         ] GC(460) User=0.02s Sys=0.00s Real=0.01s
[429.187s][info][gc,start       ] GC(461) Pause Young (Allocation Failure)
[429.212s][info][gc,heap        ] GC(461) PSYoungGen: 258402K(292352K)->27792K(279552K) Eden: 251339K(251392K)->0K(251392K) From: 7063K(40960K)->27792K(28160K)
[429.212s][info][gc,heap        ] GC(461) ParOldGen: 620663K(621056K)->621751K(622080K)
[429.212s][info][gc,metaspace   ] GC(461) Metaspace: 43034K(43392K)->43034K(43392K) NonClass: 38686K(38912K)->38686K(38912K) Class: 4348K(4480K)->4348K(4480K)
[429.212s][info][gc             ] GC(461) Pause Young (Allocation Failure) 858M->634M(880M) 25.191ms
[429.212s][info][gc,cpu         ] GC(461) User=0.05s Sys=0.00s Real=0.02s
[430.218s][info][gc,start       ] GC(462) Pause Young (Allocation Failure)
[430.227s][info][gc,heap        ] GC(462) PSYoungGen: 279184K(279552K)->8098K(291840K) Eden: 251392K(251392K)->0K(248832K) From: 27792K(28160K)->8098K(43008K)
[430.227s][info][gc,heap        ] GC(462) ParOldGen: 621751K(622080K)->622543K(622592K)
[430.227s][info][gc,metaspace   ] GC(462) Metaspace: 43034K(43392K)->43034K(43392K) NonClass: 38686K(38912K)->38686K(38912K) Class: 4348K(4480K)->4348K(4480K)
[430.227s][info][gc             ] GC(462) Pause Young (Allocation Failure) 879M->615M(893M) 8.449ms
[430.227s][info][gc,cpu         ] GC(462) User=0.02s Sys=0.01s Real=0.00s
[431.061s][info][gc,start       ] GC(463) Pause Young (Allocation Failure)
[431.067s][info][gc,heap        ] GC(463) PSYoungGen: 256930K(291840K)->4656K(253952K) Eden: 248832K(248832K)->0K(248832K) From: 8098K(43008K)->4656K(5120K)
[431.067s][info][gc,heap        ] GC(463) ParOldGen: 622543K(622592K)->623639K(624128K)
[431.067s][info][gc,metaspace   ] GC(463) Metaspace: 43035K(43392K)->43035K(43392K) NonClass: 38687K(38912K)->38687K(38912K) Class: 4348K(4480K)->4348K(4480K)
[431.067s][info][gc             ] GC(463) Pause Young (Allocation Failure) 858M->613M(857M) 6.078ms
[431.067s][info][gc,cpu         ] GC(463) User=0.01s Sys=0.00s Real=0.01s
[431.977s][info][gc,start       ] GC(464) Pause Young (Allocation Failure)
[431.984s][info][gc,heap        ] GC(464) PSYoungGen: 253488K(253952K)->6425K(291328K) Eden: 248832K(248832K)->0K(249856K) From: 4656K(5120K)->6425K(41472K)
[431.984s][info][gc,heap        ] GC(464) ParOldGen: 623639K(624128K)->624639K(624640K)
[431.984s][info][gc,metaspace   ] GC(464) Metaspace: 43037K(43392K)->43037K(43392K) NonClass: 38688K(38912K)->38688K(38912K) Class: 4348K(4480K)->4348K(4480K)
[431.984s][info][gc             ] GC(464) Pause Young (Allocation Failure) 856M->616M(894M) 7.648ms
[431.984s][info][gc,cpu         ] GC(464) User=0.02s Sys=0.00s Real=0.01s
[432.921s][info][gc,start       ] GC(465) Pause Young (Allocation Failure)
[432.927s][info][gc,heap        ] GC(465) PSYoungGen: 256281K(291328K)->4116K(290304K) Eden: 249856K(249856K)->0K(249856K) From: 6425K(41472K)->4116K(40448K)
[432.927s][info][gc,heap        ] GC(465) ParOldGen: 624639K(624640K)->625659K(625664K)
[432.927s][info][gc,metaspace   ] GC(465) Metaspace: 43037K(43392K)->43037K(43392K) NonClass: 38688K(38912K)->38688K(38912K) Class: 4348K(4480K)->4348K(4480K)
[432.927s][info][gc             ] GC(465) Pause Young (Allocation Failure) 860M->615M(894M) 5.694ms
[432.927s][info][gc,cpu         ] GC(465) User=0.01s Sys=0.00s Real=0.01s
[433.736s][info][gc,start       ] GC(466) Pause Young (Allocation Failure)
[433.791s][info][gc,heap        ] GC(466) PSYoungGen: 253972K(290304K)->39741K(280576K) Eden: 249856K(249856K)->0K(240640K) From: 4116K(40448K)->39741K(39936K)
[433.791s][info][gc,heap        ] GC(466) ParOldGen: 625659K(625664K)->626819K(627200K)
[433.791s][info][gc,metaspace   ] GC(466) Metaspace: 43037K(43392K)->43037K(43392K) NonClass: 38688K(38912K)->38688K(38912K) Class: 4348K(4480K)->4348K(4480K)
[433.791s][info][gc             ] GC(466) Pause Young (Allocation Failure) 859M->650M(886M) 55.112ms
[433.791s][info][gc,cpu         ] GC(466) User=0.08s Sys=0.00s Real=0.06s
[434.983s][info][gc,start       ] GC(467) Pause Young (Allocation Failure)
[435.034s][info][gc,heap        ] GC(467) PSYoungGen: 280381K(280576K)->18109K(287232K) Eden: 240640K(240640K)->0K(240640K) From: 39741K(39936K)->18109K(46592K)
[435.034s][info][gc,heap        ] GC(467) ParOldGen: 626819K(627200K)->647383K(647680K)
[435.034s][info][gc,metaspace   ] GC(467) Metaspace: 43037K(43392K)->43037K(43392K) NonClass: 38688K(38912K)->38688K(38912K) Class: 4348K(4480K)->4348K(4480K)
[435.034s][info][gc             ] GC(467) Pause Young (Allocation Failure) 885M->649M(913M) 50.837ms
[435.034s][info][gc,cpu         ] GC(467) User=0.07s Sys=0.02s Real=0.05s
[435.993s][info][gc,start       ] GC(468) Pause Full (Allocation Failure)
[435.993s][info][gc,phases,start] GC(468) Marking Phase
[436.056s][info][gc,phases      ] GC(468) Marking Phase 63.422ms
[436.056s][info][gc,phases,start] GC(468) Summary Phase
[436.056s][info][gc,phases      ] GC(468) Summary Phase 0.029ms
[436.056s][info][gc,phases,start] GC(468) Forward
[436.075s][info][gc,phases      ] GC(468) Forward 18.645ms
[436.075s][info][gc,phases,start] GC(468) Adjust Pointers
[436.115s][info][gc,phases      ] GC(468) Adjust Pointers 40.150ms
[436.115s][info][gc,phases,start] GC(468) Compaction Phase
[436.134s][info][gc,phases      ] GC(468) Compaction Phase 18.648ms
[436.134s][info][gc,phases,start] GC(468) Post Compact
[436.136s][info][gc,phases      ] GC(468) Post Compact 2.622ms
[436.174s][info][gc,heap        ] GC(468) PSYoungGen: 258749K(287232K)->0K(285184K) Eden: 240640K(240640K)->0K(242688K) From: 18109K(46592K)->0K(42496K)
[436.174s][info][gc,heap        ] GC(468) ParOldGen: 647383K(647680K)->84231K(209920K)
[436.174s][info][gc,metaspace   ] GC(468) Metaspace: 43037K(43392K)->43037K(43392K) NonClass: 38688K(38912K)->38688K(38912K) Class: 4348K(4480K)->4348K(4480K)
[436.174s][info][gc             ] GC(468) Pause Full (Allocation Failure) 884M->82M(483M) 181.131ms
[436.174s][info][gc,cpu         ] GC(468) User=0.23s Sys=0.04s Real=0.18s
[437.017s][info][gc,start       ] GC(469) Pause Young (Allocation Failure)
[437.036s][info][gc,heap        ] GC(469) PSYoungGen: 242688K(285184K)->27792K(287232K) Eden: 242688K(242688K)->0K(242688K) From: 0K(42496K)->27792K(44544K)
[437.036s][info][gc,heap        ] GC(469) ParOldGen: 84231K(209920K)->84231K(209920K)
[437.036s][info][gc,metaspace   ] GC(469) Metaspace: 43037K(43392K)->43037K(43392K) NonClass: 38688K(38912K)->38688K(38912K) Class: 4348K(4480K)->4348K(4480K)
[437.036s][info][gc             ] GC(469) Pause Young (Allocation Failure) 319M->109M(485M) 19.147ms
[437.036s][info][gc,cpu         ] GC(469) User=0.04s Sys=0.00s Real=0.01s
[437.837s][info][gc,start       ] GC(470) Pause Young (Allocation Failure)
[437.847s][info][gc,heap        ] GC(470) PSYoungGen: 270480K(287232K)->3961K(288256K) Eden: 242688K(242688K)->0K(242176K) From: 27792K(44544K)->3961K(46080K)
[437.847s][info][gc,heap        ] GC(470) ParOldGen: 84231K(209920K)->95245K(209920K)
[437.847s][info][gc,metaspace   ] GC(470) Metaspace: 43037K(43392K)->43037K(43392K) NonClass: 38688K(38912K)->38688K(38912K) Class: 4348K(4480K)->4348K(4480K)
[437.847s][info][gc             ] GC(470) Pause Young (Allocation Failure) 346M->96M(486M) 10.187ms
[437.847s][info][gc,cpu         ] GC(470) User=0.02s Sys=0.00s Real=0.01s
[438.695s][info][gc,start       ] GC(471) Pause Young (Allocation Failure)
[438.705s][info][gc,heap        ] GC(471) PSYoungGen: 246137K(288256K)->13040K(255488K) Eden: 242176K(242176K)->0K(242176K) From: 3961K(46080K)->13040K(13312K)
[438.705s][info][gc,heap        ] GC(471) ParOldGen: 95245K(209920K)->95678K(209920K)
[438.705s][info][gc,metaspace   ] GC(471) Metaspace: 43037K(43392K)->43037K(43392K) NonClass: 38689K(38912K)->38689K(38912K) Class: 4348K(4480K)->4348K(4480K)
[438.705s][info][gc             ] GC(471) Pause Young (Allocation Failure) 333M->106M(454M) 10.041ms
[438.705s][info][gc,cpu         ] GC(471) User=0.02s Sys=0.00s Real=0.01s
[439.551s][info][gc,start       ] GC(472) Pause Young (Allocation Failure)
[439.565s][info][gc,heap        ] GC(472) PSYoungGen: 255216K(255488K)->18331K(286720K) Eden: 242176K(242176K)->0K(243712K) From: 13040K(13312K)->18331K(43008K)
[439.565s][info][gc,heap        ] GC(472) ParOldGen: 95678K(209920K)->96464K(209920K)
[439.565s][info][gc,metaspace   ] GC(472) Metaspace: 43037K(43392K)->43037K(43392K) NonClass: 38689K(38912K)->38689K(38912K) Class: 4348K(4480K)->4348K(4480K)
[439.565s][info][gc             ] GC(472) Pause Young (Allocation Failure) 342M->112M(485M) 13.469ms
[439.565s][info][gc,cpu         ] GC(472) User=0.02s Sys=0.00s Real=0.01s
[440.471s][info][gc,start       ] GC(473) Pause Young (Allocation Failure)
[440.500s][info][gc,heap        ] GC(473) PSYoungGen: 262043K(286720K)->41460K(285184K) Eden: 243712K(243712K)->0K(243712K) From: 18331K(43008K)->41460K(41472K)
[440.500s][info][gc,heap        ] GC(473) ParOldGen: 96464K(209920K)->105675K(209920K)
[440.500s][info][gc,metaspace   ] GC(473) Metaspace: 43037K(43392K)->43037K(43392K) NonClass: 38689K(38912K)->38689K(38912K) Class: 4348K(4480K)->4348K(4480K)
[440.500s][info][gc             ] GC(473) Pause Young (Allocation Failure) 350M->143M(483M) 28.981ms
[440.500s][info][gc,cpu         ] GC(473) User=0.06s Sys=0.00s Real=0.03s
[441.392s][info][gc,start       ] GC(474) Pause Young (Allocation Failure)
[441.503s][info][gc,heap        ] GC(474) PSYoungGen: 285172K(285184K)->48630K(195072K) Eden: 243712K(243712K)->0K(146432K) From: 41460K(41472K)->48630K(48640K)
[441.503s][info][gc,heap        ] GC(474) ParOldGen: 105675K(209920K)->198565K(209920K)
[441.503s][info][gc,metaspace   ] GC(474) Metaspace: 43037K(43392K)->43037K(43392K) NonClass: 38689K(38912K)->38689K(38912K) Class: 4348K(4480K)->4348K(4480K)
[441.503s][info][gc             ] GC(474) Pause Young (Allocation Failure) 381M->241M(395M) 110.570ms
[441.503s][info][gc,cpu         ] GC(474) User=0.18s Sys=0.01s Real=0.11s
[442.000s][info][gc,start       ] GC(475) Pause Young (Allocation Failure)
[442.054s][info][gc,heap        ] GC(475) PSYoungGen: 195062K(195072K)->19698K(240128K) Eden: 146432K(146432K)->0K(146432K) From: 48630K(48640K)->19698K(93696K)
[442.054s][info][gc,heap        ] GC(475) ParOldGen: 198565K(209920K)->237514K(237568K)
[442.054s][info][gc,metaspace   ] GC(475) Metaspace: 43037K(43392K)->43037K(43392K) NonClass: 38689K(38912K)->38689K(38912K) Class: 4348K(4480K)->4348K(4480K)
[442.054s][info][gc             ] GC(475) Pause Young (Allocation Failure) 384M->251M(466M) 54.100ms
[442.055s][info][gc,cpu         ] GC(475) User=0.08s Sys=0.02s Real=0.05s
[442.588s][info][gc,start       ] GC(476) Pause Young (Allocation Failure)
[442.603s][info][gc,heap        ] GC(476) PSYoungGen: 166130K(240128K)->6179K(231936K) Eden: 146432K(146432K)->0K(150528K) From: 19698K(93696K)->6179K(81408K)
[442.603s][info][gc,heap        ] GC(476) ParOldGen: 237514K(237568K)->248046K(248320K)
[442.603s][info][gc,metaspace   ] GC(476) Metaspace: 43037K(43392K)->43037K(43392K) NonClass: 38689K(38912K)->38689K(38912K) Class: 4348K(4480K)->4348K(4480K)
[442.603s][info][gc             ] GC(476) Pause Young (Allocation Failure) 394M->248M(469M) 15.712ms
[442.603s][info][gc,cpu         ] GC(476) User=0.02s Sys=0.00s Real=0.01s
[443.150s][info][gc,start       ] GC(477) Pause Young (Allocation Failure)
[443.163s][info][gc,heap        ] GC(477) PSYoungGen: 156707K(231936K)->19863K(238080K) Eden: 150528K(150528K)->0K(150528K) From: 6179K(81408K)->19863K(87552K)
[443.163s][info][gc,heap        ] GC(477) ParOldGen: 248046K(248320K)->248583K(248832K)
[443.163s][info][gc,metaspace   ] GC(477) Metaspace: 43037K(43392K)->43037K(43392K) NonClass: 38689K(38912K)->38689K(38912K) Class: 4348K(4480K)->4348K(4480K)
[443.163s][info][gc             ] GC(477) Pause Young (Allocation Failure) 395M->262M(475M) 12.889ms
[443.163s][info][gc,cpu         ] GC(477) User=0.02s Sys=0.01s Real=0.01s
[443.652s][info][gc,start       ] GC(478) Pause Young (Allocation Failure)
[443.657s][info][gc,heap        ] GC(478) PSYoungGen: 170391K(238080K)->4786K(241664K) Eden: 150528K(150528K)->0K(163328K) From: 19863K(87552K)->4786K(78336K)
[443.657s][info][gc,heap        ] GC(478) ParOldGen: 248583K(248832K)->249200K(249344K)
[443.657s][info][gc,metaspace   ] GC(478) Metaspace: 43037K(43392K)->43037K(43392K) NonClass: 38689K(38912K)->38689K(38912K) Class: 4348K(4480K)->4348K(4480K)
[443.657s][info][gc             ] GC(478) Pause Young (Allocation Failure) 409M->248M(479M) 5.582ms
[443.657s][info][gc,cpu         ] GC(478) User=0.01s Sys=0.00s Real=0.01s
[444.218s][info][gc,start       ] GC(479) Pause Young (Allocation Failure)
[444.227s][info][gc,heap        ] GC(479) PSYoungGen: 168114K(241664K)->12959K(244736K) Eden: 163328K(163328K)->0K(163328K) From: 4786K(78336K)->12959K(81408K)
[444.227s][info][gc,heap        ] GC(479) ParOldGen: 249200K(249344K)->249933K(250368K)
[444.227s][info][gc,metaspace   ] GC(479) Metaspace: 43037K(43392K)->43037K(43392K) NonClass: 38689K(38912K)->38689K(38912K) Class: 4348K(4480K)->4348K(4480K)
[444.227s][info][gc             ] GC(479) Pause Young (Allocation Failure) 407M->256M(483M) 9.611ms
[444.227s][info][gc,cpu         ] GC(479) User=0.02s Sys=0.00s Real=0.01s
[444.790s][info][gc,start       ] GC(480) Pause Young (Allocation Failure)
[444.807s][info][gc,heap        ] GC(480) PSYoungGen: 176287K(244736K)->26683K(244736K) Eden: 163328K(163328K)->0K(174592K) From: 12959K(81408K)->26683K(70144K)
[444.807s][info][gc,heap        ] GC(480) ParOldGen: 249933K(250368K)->250334K(250368K)
[444.807s][info][gc,metaspace   ] GC(480) Metaspace: 43037K(43392K)->43037K(43392K) NonClass: 38689K(38912K)->38689K(38912K) Class: 4348K(4480K)->4348K(4480K)
[444.807s][info][gc             ] GC(480) Pause Young (Allocation Failure) 416M->270M(483M) 17.440ms
[444.807s][info][gc,cpu         ] GC(480) User=0.04s Sys=0.00s Real=0.02s
[445.353s][info][gc,start       ] GC(481) Pause Young (Allocation Failure)
[445.367s][info][gc,heap        ] GC(481) PSYoungGen: 201275K(244736K)->21790K(248320K) Eden: 174592K(174592K)->0K(174592K) From: 26683K(70144K)->21790K(73728K)
[445.367s][info][gc,heap        ] GC(481) ParOldGen: 250334K(250368K)->250681K(250880K)
[445.367s][info][gc,metaspace   ] GC(481) Metaspace: 43037K(43392K)->43037K(43392K) NonClass: 38689K(38912K)->38689K(38912K) Class: 4348K(4480K)->4348K(4480K)
[445.367s][info][gc             ] GC(481) Pause Young (Allocation Failure) 441M->266M(487M) 13.984ms
[445.367s][info][gc,cpu         ] GC(481) User=0.03s Sys=0.00s Real=0.02s
[445.901s][info][gc,start       ] GC(482) Pause Young (Allocation Failure)
[445.923s][info][gc,heap        ] GC(482) PSYoungGen: 196382K(248320K)->1233K(259584K) Eden: 174592K(174592K)->0K(190464K) From: 21790K(73728K)->1233K(69120K)
[445.923s][info][gc,heap        ] GC(482) ParOldGen: 250681K(250880K)->271319K(271360K)
[445.923s][info][gc,metaspace   ] GC(482) Metaspace: 43037K(43392K)->43037K(43392K) NonClass: 38689K(38912K)->38689K(38912K) Class: 4348K(4480K)->4348K(4480K)
[445.923s][info][gc             ] GC(482) Pause Young (Allocation Failure) 436M->266M(518M) 21.607ms
[445.923s][info][gc,cpu         ] GC(482) User=0.02s Sys=0.02s Real=0.02s
[446.494s][info][gc,start       ] GC(483) Pause Young (Allocation Failure)
[446.497s][info][gc,heap        ] GC(483) PSYoungGen: 191697K(259584K)->1400K(259072K) Eden: 190464K(190464K)->0K(190464K) From: 1233K(69120K)->1400K(68608K)
[446.497s][info][gc,heap        ] GC(483) ParOldGen: 271319K(271360K)->271495K(271872K)
[446.497s][info][gc,metaspace   ] GC(483) Metaspace: 43037K(43392K)->43037K(43392K) NonClass: 38689K(38912K)->38689K(38912K) Class: 4348K(4480K)->4348K(4480K)
[446.497s][info][gc             ] GC(483) Pause Young (Allocation Failure) 452M->266M(518M) 3.056ms
[446.497s][info][gc,cpu         ] GC(483) User=0.00s Sys=0.00s Real=0.01s
[446.944s][info][gc,start       ] GC(484) Pause Young (Allocation Failure)
[446.948s][info][gc,heap        ] GC(484) PSYoungGen: 191864K(259072K)->2666K(263680K) Eden: 190464K(190464K)->0K(197632K) From: 1400K(68608K)->2666K(66048K)
[446.948s][info][gc,heap        ] GC(484) ParOldGen: 271495K(271872K)->271959K(272384K)
[446.948s][info][gc,metaspace   ] GC(484) Metaspace: 43037K(43392K)->43037K(43392K) NonClass: 38689K(38912K)->38689K(38912K) Class: 4348K(4480K)->4348K(4480K)
[446.948s][info][gc             ] GC(484) Pause Young (Allocation Failure) 452M->268M(523M) 4.273ms
[446.948s][info][gc,cpu         ] GC(484) User=0.01s Sys=0.00s Real=0.01s
[447.286s][info][gc,start       ] GC(485) Pause Young (Allocation Failure)
[447.292s][info][gc,heap        ] GC(485) PSYoungGen: 200298K(263680K)->3374K(263168K) Eden: 197632K(197632K)->0K(197632K) From: 2666K(66048K)->3374K(65536K)
[447.292s][info][gc,heap        ] GC(485) ParOldGen: 271959K(272384K)->273678K(273920K)
[447.292s][info][gc,metaspace   ] GC(485) Metaspace: 43037K(43392K)->43037K(43392K) NonClass: 38689K(38912K)->38689K(38912K) Class: 4348K(4480K)->4348K(4480K)
[447.292s][info][gc             ] GC(485) Pause Young (Allocation Failure) 461M->270M(524M) 5.627ms
[447.292s][info][gc,cpu         ] GC(485) User=0.01s Sys=0.00s Real=0.01s
[447.674s][info][gc,start       ] GC(486) Pause Young (Allocation Failure)
[447.681s][info][gc,heap        ] GC(486) PSYoungGen: 199824K(263168K)->10134K(264192K) Eden: 196449K(197632K)->0K(205312K) From: 3374K(65536K)->10134K(58880K)
[447.681s][info][gc,heap        ] GC(486) ParOldGen: 273678K(273920K)->273922K(274432K)
[447.681s][info][gc,metaspace   ] GC(486) Metaspace: 43037K(43392K)->43037K(43392K) NonClass: 38689K(38912K)->38689K(38912K) Class: 4348K(4480K)->4348K(4480K)
[447.682s][info][gc             ] GC(486) Pause Young (Allocation Failure) 462M->277M(526M) 7.867ms
[447.682s][info][gc,cpu         ] GC(486) User=0.02s Sys=0.00s Real=0.01s
[447.938s][info][gc,start       ] GC(487) Pause Young (Allocation Failure)
[447.950s][info][gc,heap        ] GC(487) PSYoungGen: 215446K(264192K)->1564K(264704K) Eden: 205312K(205312K)->0K(205312K) From: 10134K(58880K)->1564K(59392K)
[447.950s][info][gc,heap        ] GC(487) ParOldGen: 273922K(274432K)->283826K(284160K)
[447.950s][info][gc,metaspace   ] GC(487) Metaspace: 43037K(43392K)->43037K(43392K) NonClass: 38689K(38912K)->38689K(38912K) Class: 4348K(4480K)->4348K(4480K)
[447.950s][info][gc             ] GC(487) Pause Young (Allocation Failure) 477M->278M(536M) 12.006ms
[447.950s][info][gc,cpu         ] GC(487) User=0.02s Sys=0.01s Real=0.01s
[448.214s][info][gc,start       ] GC(488) Pause Young (Allocation Failure)
[448.219s][info][gc,heap        ] GC(488) PSYoungGen: 206876K(264704K)->1544K(271872K) Eden: 205312K(205312K)->0K(217088K) From: 1564K(59392K)->1544K(54784K)
[448.219s][info][gc,heap        ] GC(488) ParOldGen: 283826K(284160K)->285350K(285696K)
[448.219s][info][gc,metaspace   ] GC(488) Metaspace: 43040K(43392K)->43040K(43392K) NonClass: 38692K(38912K)->38692K(38912K) Class: 4348K(4480K)->4348K(4480K)
[448.219s][info][gc             ] GC(488) Pause Young (Allocation Failure) 479M->280M(544M) 5.419ms
[448.219s][info][gc,cpu         ] GC(488) User=0.01s Sys=0.00s Real=0.01s
[448.498s][info][gc,start       ] GC(489) Pause Young (Allocation Failure)
[448.504s][info][gc,heap        ] GC(489) PSYoungGen: 218632K(271872K)->2475K(272384K) Eden: 217088K(217088K)->0K(217088K) From: 1544K(54784K)->2475K(55296K)
[448.504s][info][gc,heap        ] GC(489) ParOldGen: 285350K(285696K)->286892K(287232K)
[448.504s][info][gc,metaspace   ] GC(489) Metaspace: 43040K(43392K)->43040K(43392K) NonClass: 38692K(38912K)->38692K(38912K) Class: 4348K(4480K)->4348K(4480K)
[448.504s][info][gc             ] GC(489) Pause Young (Allocation Failure) 492M->282M(546M) 5.908ms
[448.504s][info][gc,cpu         ] GC(489) User=0.01s Sys=0.00s Real=0.00s
[448.796s][info][gc,start       ] GC(490) Pause Young (Allocation Failure)
[448.806s][info][gc,heap        ] GC(490) PSYoungGen: 219426K(272384K)->4709K(273920K) Eden: 216950K(217088K)->0K(225280K) From: 2475K(55296K)->4709K(48640K)
[448.806s][info][gc,heap        ] GC(490) ParOldGen: 286892K(287232K)->289288K(289792K)
[448.806s][info][gc,metaspace   ] GC(490) Metaspace: 43040K(43392K)->43040K(43392K) NonClass: 38692K(38912K)->38692K(38912K) Class: 4348K(4480K)->4348K(4480K)
[448.806s][info][gc             ] GC(490) Pause Young (Allocation Failure) 494M->287M(550M) 10.698ms
[448.806s][info][gc,cpu         ] GC(490) User=0.02s Sys=0.00s Real=0.01s
[449.124s][info][gc,start       ] GC(491) Pause Young (Allocation Failure)
[449.139s][info][gc,heap        ] GC(491) PSYoungGen: 229989K(273920K)->6726K(275456K) Eden: 225280K(225280K)->0K(225280K) From: 4709K(48640K)->6726K(50176K)
[449.139s][info][gc,heap        ] GC(491) ParOldGen: 289288K(289792K)->294054K(294400K)
[449.139s][info][gc,metaspace   ] GC(491) Metaspace: 43040K(43392K)->43040K(43392K) NonClass: 38692K(38912K)->38692K(38912K) Class: 4348K(4480K)->4348K(4480K)
[449.139s][info][gc             ] GC(491) Pause Young (Allocation Failure) 507M->293M(556M) 14.249ms
[449.139s][info][gc,cpu         ] GC(491) User=0.03s Sys=0.01s Real=0.02s
[449.436s][info][gc,start       ] GC(492) Pause Young (Allocation Failure)
[449.450s][info][gc,heap        ] GC(492) PSYoungGen: 230489K(275456K)->3351K(281088K) Eden: 223762K(225280K)->0K(236544K) From: 6726K(50176K)->3351K(44544K)
[449.450s][info][gc,heap        ] GC(492) ParOldGen: 294054K(294400K)->300838K(301056K)
[449.450s][info][gc,metaspace   ] GC(492) Metaspace: 43043K(43392K)->43043K(43392K) NonClass: 38695K(38912K)->38695K(38912K) Class: 4348K(4480K)->4348K(4480K)
[449.450s][info][gc             ] GC(492) Pause Young (Allocation Failure) 512M->297M(568M) 14.218ms
[449.450s][info][gc,cpu         ] GC(492) User=0.03s Sys=0.00s Real=0.02s
[449.936s][info][gc,start       ] GC(493) Pause Young (Allocation Failure)
[449.955s][info][gc,heap        ] GC(493) PSYoungGen: 239895K(281088K)->15397K(281600K) Eden: 236544K(236544K)->0K(236544K) From: 3351K(44544K)->15397K(45056K)
[449.955s][info][gc,heap        ] GC(493) ParOldGen: 300838K(301056K)->303994K(304128K)
[449.955s][info][gc,metaspace   ] GC(493) Metaspace: 43043K(43392K)->43043K(43392K) NonClass: 38695K(38912K)->38695K(38912K) Class: 4348K(4480K)->4348K(4480K)
[449.955s][info][gc             ] GC(493) Pause Young (Allocation Failure) 528M->311M(572M) 18.587ms
[449.955s][info][gc,cpu         ] GC(493) User=0.04s Sys=0.00s Real=0.02s
[450.488s][info][gc,start       ] GC(494) Pause Young (Allocation Failure)
[450.512s][info][gc,heap        ] GC(494) PSYoungGen: 251941K(281600K)->5013K(284672K) Eden: 236544K(236544K)->0K(245248K) From: 15397K(45056K)->5013K(39424K)
[450.512s][info][gc,heap        ] GC(494) ParOldGen: 303994K(304128K)->319679K(320000K)
[450.512s][info][gc,metaspace   ] GC(494) Metaspace: 43051K(43392K)->43051K(43392K) NonClass: 38702K(38912K)->38702K(38912K) Class: 4348K(4480K)->4348K(4480K)
[450.512s][info][gc             ] GC(494) Pause Young (Allocation Failure) 542M->317M(590M) 23.796ms
[450.512s][info][gc,cpu         ] GC(494) User=0.03s Sys=0.01s Real=0.02s
[451.083s][info][gc,start       ] GC(495) Pause Young (Allocation Failure)
[451.089s][info][gc,heap        ] GC(495) PSYoungGen: 250261K(284672K)->4083K(286208K) Eden: 245248K(245248K)->0K(245248K) From: 5013K(39424K)->4083K(40960K)
[451.089s][info][gc,heap        ] GC(495) ParOldGen: 319679K(320000K)->320337K(320512K)
[451.089s][info][gc,metaspace   ] GC(495) Metaspace: 43057K(43392K)->43057K(43392K) NonClass: 38709K(38912K)->38709K(38912K) Class: 4348K(4480K)->4348K(4480K)
[451.089s][info][gc             ] GC(495) Pause Young (Allocation Failure) 556M->316M(592M) 5.312ms
[451.089s][info][gc,cpu         ] GC(495) User=0.01s Sys=0.00s Real=0.01s
[451.674s][info][gc,start       ] GC(496) Pause Young (Allocation Failure)
[451.676s][info][gc,heap        ] GC(496) PSYoungGen: 249331K(286208K)->1280K(290304K) Eden: 245248K(245248K)->0K(253952K) From: 4083K(40960K)->1280K(36352K)
[451.676s][info][gc,heap        ] GC(496) ParOldGen: 320337K(320512K)->320345K(320512K)
[451.676s][info][gc,metaspace   ] GC(496) Metaspace: 43058K(43392K)->43058K(43392K) NonClass: 38710K(38912K)->38710K(38912K) Class: 4348K(4480K)->4348K(4480K)
[451.676s][info][gc             ] GC(496) Pause Young (Allocation Failure) 556M->314M(596M) 2.459ms
[451.676s][info][gc,cpu         ] GC(496) User=0.00s Sys=0.00s Real=0.00s
[452.322s][info][gc,start       ] GC(497) Pause Young (Allocation Failure)
[452.327s][info][gc,heap        ] GC(497) PSYoungGen: 255232K(290304K)->4649K(291328K) Eden: 253952K(253952K)->0K(253952K) From: 1280K(36352K)->4649K(37376K)
[452.327s][info][gc,heap        ] GC(497) ParOldGen: 320345K(320512K)->320385K(320512K)
[452.327s][info][gc,metaspace   ] GC(497) Metaspace: 43059K(43392K)->43059K(43392K) NonClass: 38710K(38912K)->38710K(38912K) Class: 4349K(4480K)->4349K(4480K)
[452.327s][info][gc             ] GC(497) Pause Young (Allocation Failure) 562M->317M(597M) 4.289ms
[452.327s][info][gc,cpu         ] GC(497) User=0.01s Sys=0.00s Real=0.01s
[452.979s][info][gc,start       ] GC(498) Pause Young (Allocation Failure)
[452.983s][info][gc,heap        ] GC(498) PSYoungGen: 258601K(291328K)->3042K(293376K) Eden: 253952K(253952K)->0K(261120K) From: 4649K(37376K)->3042K(32256K)
[452.983s][info][gc,heap        ] GC(498) ParOldGen: 320385K(320512K)->321703K(322048K)
[452.983s][info][gc,metaspace   ] GC(498) Metaspace: 43060K(43392K)->43060K(43392K) NonClass: 38711K(38912K)->38711K(38912K) Class: 4349K(4480K)->4349K(4480K)
[452.983s][info][gc             ] GC(498) Pause Young (Allocation Failure) 565M->317M(601M) 3.794ms
[452.983s][info][gc,cpu         ] GC(498) User=0.01s Sys=0.00s Real=0.00s
[454.464s][info][gc,start       ] GC(499) Pause Young (Allocation Failure)
[454.477s][info][gc,heap        ] GC(499) PSYoungGen: 264162K(293376K)->12556K(294400K) Eden: 261120K(261120K)->0K(261120K) From: 3042K(32256K)->12556K(33280K)
[454.477s][info][gc,heap        ] GC(499) ParOldGen: 321703K(322048K)->321855K(322048K)
[454.477s][info][gc,metaspace   ] GC(499) Metaspace: 43068K(43456K)->43068K(43456K) NonClass: 38718K(38976K)->38718K(38976K) Class: 4349K(4480K)->4349K(4480K)
[454.477s][info][gc             ] GC(499) Pause Young (Allocation Failure) 572M->326M(602M) 12.299ms
[454.477s][info][gc,cpu         ] GC(499) User=0.03s Sys=0.00s Real=0.02s
[455.125s][info][gc,start       ] GC(500) Pause Young (Allocation Failure)
[455.173s][info][gc,heap        ] GC(500) PSYoungGen: 273676K(294400K)->29644K(289792K) Eden: 261120K(261120K)->0K(257024K) From: 12556K(33280K)->29644K(32768K)
[455.173s][info][gc,heap        ] GC(500) ParOldGen: 321855K(322048K)->334169K(334336K)
[455.173s][info][gc,metaspace   ] GC(500) Metaspace: 43068K(43456K)->43068K(43456K) NonClass: 38719K(38976K)->38719K(38976K) Class: 4349K(4480K)->4349K(4480K)
[455.173s][info][gc             ] GC(500) Pause Young (Allocation Failure) 581M->355M(609M) 48.611ms
[455.173s][info][gc,cpu         ] GC(500) User=0.07s Sys=0.02s Real=0.05s
[455.795s][info][gc,start       ] GC(501) Pause Young (Allocation Failure)
[455.863s][info][gc,heap        ] GC(501) PSYoungGen: 286668K(289792K)->28696K(286208K) Eden: 257024K(257024K)->0K(257024K) From: 29644K(32768K)->28696K(29184K)
[455.863s][info][gc,heap        ] GC(501) ParOldGen: 334169K(334336K)->363100K(363520K)
[455.863s][info][gc,metaspace   ] GC(501) Metaspace: 43068K(43456K)->43068K(43456K) NonClass: 38719K(38976K)->38719K(38976K) Class: 4349K(4480K)->4349K(4480K)
[455.863s][info][gc             ] GC(501) Pause Young (Allocation Failure) 606M->382M(634M) 68.157ms
[455.863s][info][gc,cpu         ] GC(501) User=0.10s Sys=0.02s Real=0.07s
[459.381s][info][gc,start       ] GC(502) Pause Young (Allocation Failure)
[459.444s][info][gc,heap        ] GC(502) PSYoungGen: 285720K(286208K)->25783K(287232K) Eden: 257024K(257024K)->0K(244736K) From: 28696K(29184K)->25783K(42496K)
[459.444s][info][gc,heap        ] GC(502) ParOldGen: 363100K(363520K)->390045K(390144K)
[459.444s][info][gc,metaspace   ] GC(502) Metaspace: 43068K(43456K)->43068K(43456K) NonClass: 38719K(38976K)->38719K(38976K) Class: 4349K(4480K)->4349K(4480K)
[459.444s][info][gc             ] GC(502) Pause Young (Allocation Failure) 633M->406M(661M) 63.579ms
[459.444s][info][gc,cpu         ] GC(502) User=0.11s Sys=0.02s Real=0.06s
[460.298s][info][gc,start       ] GC(503) Pause Young (Allocation Failure)
[460.334s][info][gc,heap        ] GC(503) PSYoungGen: 270519K(287232K)->7680K(289280K) Eden: 244736K(244736K)->0K(244736K) From: 25783K(42496K)->7680K(44544K)
[460.334s][info][gc,heap        ] GC(503) ParOldGen: 390045K(390144K)->415693K(415744K)
[460.334s][info][gc,metaspace   ] GC(503) Metaspace: 43071K(43456K)->43071K(43456K) NonClass: 38722K(38976K)->38722K(38976K) Class: 4349K(4480K)->4349K(4480K)
[460.334s][info][gc             ] GC(503) Pause Young (Allocation Failure) 645M->413M(688M) 36.691ms
[460.334s][info][gc,cpu         ] GC(503) User=0.05s Sys=0.02s Real=0.03s
[460.939s][info][gc,start       ] GC(504) Pause Young (Allocation Failure)
[460.980s][info][gc,heap        ] GC(504) PSYoungGen: 252416K(289280K)->30732K(284160K) Eden: 244736K(244736K)->0K(241664K) From: 7680K(44544K)->30732K(42496K)
[460.980s][info][gc,heap        ] GC(504) ParOldGen: 415693K(415744K)->423203K(423424K)
[460.980s][info][gc,metaspace   ] GC(504) Metaspace: 43071K(43456K)->43071K(43456K) NonClass: 38722K(38976K)->38722K(38976K) Class: 4349K(4480K)->4349K(4480K)
[460.980s][info][gc             ] GC(504) Pause Young (Allocation Failure) 652M->443M(691M) 40.712ms
[460.980s][info][gc,cpu         ] GC(504) User=0.08s Sys=0.00s Real=0.04s
[461.565s][info][gc,start       ] GC(505) Pause Young (Allocation Failure)
[461.635s][info][gc,heap        ] GC(505) PSYoungGen: 272396K(284160K)->29464K(271360K) Eden: 241664K(241664K)->0K(241664K) From: 30732K(42496K)->29464K(29696K)
[461.635s][info][gc,heap        ] GC(505) ParOldGen: 423203K(423424K)->453289K(453632K)
[461.635s][info][gc,metaspace   ] GC(505) Metaspace: 43071K(43456K)->43071K(43456K) NonClass: 38722K(38976K)->38722K(38976K) Class: 4349K(4480K)->4349K(4480K)
[461.636s][info][gc             ] GC(505) Pause Young (Allocation Failure) 679M->471M(708M) 71.019ms
[461.636s][info][gc,cpu         ] GC(505) User=0.12s Sys=0.02s Real=0.07s
[463.180s][info][gc,start       ] GC(506) Pause Young (Allocation Failure)
[463.241s][info][gc,heap        ] GC(506) PSYoungGen: 271128K(271360K)->23548K(286208K) Eden: 241664K(241664K)->0K(238080K) From: 29464K(29696K)->23548K(48128K)
[463.241s][info][gc,heap        ] GC(506) ParOldGen: 453289K(453632K)->481018K(481280K)
[463.241s][info][gc,metaspace   ] GC(506) Metaspace: 43071K(43456K)->43071K(43456K) NonClass: 38722K(38976K)->38722K(38976K) Class: 4349K(4480K)->4349K(4480K)
[463.241s][info][gc             ] GC(506) Pause Young (Allocation Failure) 707M->492M(749M) 60.551ms
[463.241s][info][gc,cpu         ] GC(506) User=0.09s Sys=0.03s Real=0.06s
[464.278s][info][gc,start       ] GC(507) Pause Young (Allocation Failure)
[464.316s][info][gc,heap        ] GC(507) PSYoungGen: 261628K(286208K)->13899K(252416K) Eden: 238080K(238080K)->0K(238080K) From: 23548K(48128K)->13899K(14336K)
[464.316s][info][gc,heap        ] GC(507) ParOldGen: 481018K(481280K)->504162K(504320K)
[464.316s][info][gc,metaspace   ] GC(507) Metaspace: 43071K(43456K)->43071K(43456K) NonClass: 38722K(38976K)->38722K(38976K) Class: 4349K(4480K)->4349K(4480K)
[464.316s][info][gc             ] GC(507) Pause Young (Allocation Failure) 725M->505M(739M) 38.201ms
[464.316s][info][gc,cpu         ] GC(507) User=0.06s Sys=0.02s Real=0.03s
[465.718s][info][gc,start       ] GC(508) Pause Young (Allocation Failure)
[465.739s][info][gc,heap        ] GC(508) PSYoungGen: 251979K(252416K)->4028K(283648K) Eden: 238080K(238080K)->0K(238592K) From: 13899K(14336K)->4028K(45056K)
[465.739s][info][gc,heap        ] GC(508) ParOldGen: 504162K(504320K)->517082K(517120K)
[465.739s][info][gc,metaspace   ] GC(508) Metaspace: 43071K(43456K)->43071K(43456K) NonClass: 38722K(38976K)->38722K(38976K) Class: 4349K(4480K)->4349K(4480K)
[465.739s][info][gc             ] GC(508) Pause Young (Allocation Failure) 738M->508M(782M) 20.350ms
[465.739s][info][gc,cpu         ] GC(508) User=0.02s Sys=0.01s Real=0.02s
[467.105s][info][gc,start       ] GC(509) Pause Young (Allocation Failure)
[467.132s][info][gc,heap        ] GC(509) PSYoungGen: 242620K(283648K)->21502K(283136K) Eden: 238592K(238592K)->0K(238592K) From: 4028K(45056K)->21502K(44544K)
[467.132s][info][gc,heap        ] GC(509) ParOldGen: 517082K(517120K)->520939K(521216K)
[467.132s][info][gc,metaspace   ] GC(509) Metaspace: 43071K(43456K)->43071K(43456K) NonClass: 38722K(38976K)->38722K(38976K) Class: 4349K(4480K)->4349K(4480K)
[467.132s][info][gc             ] GC(509) Pause Young (Allocation Failure) 741M->529M(785M) 27.307ms
[467.132s][info][gc,cpu         ] GC(509) User=0.05s Sys=0.01s Real=0.03s
[468.485s][info][gc,start       ] GC(510) Pause Young (Allocation Failure)
[468.531s][info][gc,heap        ] GC(510) PSYoungGen: 260094K(283136K)->22043K(288768K) Eden: 238592K(238592K)->0K(244736K) From: 21502K(44544K)->22043K(44032K)
[468.531s][info][gc,heap        ] GC(510) ParOldGen: 520939K(521216K)->542544K(542720K)
[468.531s][info][gc,metaspace   ] GC(510) Metaspace: 43071K(43456K)->43071K(43456K) NonClass: 38722K(38976K)->38722K(38976K) Class: 4349K(4480K)->4349K(4480K)
[468.531s][info][gc             ] GC(510) Pause Young (Allocation Failure) 762M->551M(812M) 46.071ms
[468.531s][info][gc,cpu         ] GC(510) User=0.07s Sys=0.02s Real=0.05s
[469.141s][info][gc,start       ] GC(511) Pause Young (Allocation Failure)
[469.200s][info][gc,heap        ] GC(511) PSYoungGen: 266779K(288768K)->36342K(281088K) Eden: 244736K(244736K)->0K(244736K) From: 22043K(44032K)->36342K(36352K)
[469.200s][info][gc,heap        ] GC(511) ParOldGen: 542544K(542720K)->563939K(564224K)
[469.200s][info][gc,metaspace   ] GC(511) Metaspace: 43071K(43456K)->43071K(43456K) NonClass: 38722K(38976K)->38722K(38976K) Class: 4349K(4480K)->4349K(4480K)
[469.200s][info][gc             ] GC(511) Pause Young (Allocation Failure) 790M->586M(825M) 58.381ms
[469.200s][info][gc,cpu         ] GC(511) User=0.10s Sys=0.01s Real=0.06s
[469.797s][info][gc,start       ] GC(512) Pause Young (Allocation Failure)
[469.877s][info][gc,heap        ] GC(512) PSYoungGen: 281078K(281088K)->30072K(283648K) Eden: 244736K(244736K)->0K(235520K) From: 36342K(36352K)->30072K(48128K)
[469.877s][info][gc,heap        ] GC(512) ParOldGen: 563939K(564224K)->599615K(600064K)
[469.877s][info][gc,metaspace   ] GC(512) Metaspace: 43071K(43456K)->43071K(43456K) NonClass: 38722K(38976K)->38722K(38976K) Class: 4349K(4480K)->4349K(4480K)
[469.877s][info][gc             ] GC(512) Pause Young (Allocation Failure) 825M->614M(863M) 80.060ms
[469.877s][info][gc,cpu         ] GC(512) User=0.14s Sys=0.02s Real=0.08s
[470.801s][info][gc,start       ] GC(513) Pause Young (Allocation Failure)
[470.886s][info][gc,heap        ] GC(513) PSYoungGen: 265592K(283648K)->44438K(280064K) Eden: 235520K(235520K)->0K(235520K) From: 30072K(48128K)->44438K(44544K)
[470.886s][info][gc,heap        ] GC(513) ParOldGen: 599615K(600064K)->627952K(628224K)
[470.886s][info][gc,metaspace   ] GC(513) Metaspace: 43071K(43456K)->43071K(43456K) NonClass: 38722K(38976K)->38722K(38976K) Class: 4349K(4480K)->4349K(4480K)
[470.886s][info][gc             ] GC(513) Pause Young (Allocation Failure) 844M->656M(887M) 85.884ms
[470.886s][info][gc,cpu         ] GC(513) User=0.15s Sys=0.01s Real=0.08s
[472.360s][info][gc,start       ] GC(514) Pause Full (Allocation Failure)
[472.360s][info][gc,phases,start] GC(514) Marking Phase
[472.408s][info][gc,phases      ] GC(514) Marking Phase 47.789ms
[472.408s][info][gc,phases,start] GC(514) Summary Phase
[472.408s][info][gc,phases      ] GC(514) Summary Phase 0.048ms
[472.408s][info][gc,phases,start] GC(514) Forward
[472.414s][info][gc,phases      ] GC(514) Forward 5.869ms
[472.414s][info][gc,phases,start] GC(514) Adjust Pointers
[472.439s][info][gc,phases      ] GC(514) Adjust Pointers 25.107ms
[472.439s][info][gc,phases,start] GC(514) Compaction Phase
[472.446s][info][gc,phases      ] GC(514) Compaction Phase 7.555ms
[472.446s][info][gc,phases,start] GC(514) Post Compact
[472.449s][info][gc,phases      ] GC(514) Post Compact 2.876ms
[472.487s][info][gc,heap        ] GC(514) PSYoungGen: 279958K(280064K)->0K(275968K) Eden: 235520K(235520K)->0K(222208K) From: 44438K(44544K)->0K(53760K)
[472.487s][info][gc,heap        ] GC(514) ParOldGen: 627952K(628224K)->59978K(197120K)
[472.487s][info][gc,metaspace   ] GC(514) Metaspace: 43071K(43456K)->43071K(43456K) NonClass: 38722K(38976K)->38722K(38976K) Class: 4349K(4480K)->4349K(4480K)
[472.487s][info][gc             ] GC(514) Pause Full (Allocation Failure) 886M->58M(462M) 126.886ms
[472.487s][info][gc,cpu         ] GC(514) User=0.13s Sys=0.04s Real=0.12s
[473.709s][info][gc,start       ] GC(515) Pause Young (Allocation Failure)
[473.729s][info][gc,heap        ] GC(515) PSYoungGen: 222208K(275968K)->20823K(243200K) Eden: 222208K(222208K)->0K(222208K) From: 0K(53760K)->20823K(20992K)
[473.729s][info][gc,heap        ] GC(515) ParOldGen: 59978K(197120K)->59978K(197120K)
[473.729s][info][gc,metaspace   ] GC(515) Metaspace: 43071K(43456K)->43071K(43456K) NonClass: 38722K(38976K)->38722K(38976K) Class: 4349K(4480K)->4349K(4480K)
[473.729s][info][gc             ] GC(515) Pause Young (Allocation Failure) 275M->78M(430M) 19.929ms
[473.729s][info][gc,cpu         ] GC(515) User=0.04s Sys=0.00s Real=0.02s
[475.015s][info][gc,start       ] GC(516) Pause Young (Allocation Failure)
[475.050s][info][gc,heap        ] GC(516) PSYoungGen: 243031K(243200K)->20662K(280064K) Eden: 222208K(222208K)->0K(227328K) From: 20823K(20992K)->20662K(52736K)
[475.051s][info][gc,heap        ] GC(516) ParOldGen: 59978K(197120K)->80918K(197120K)
[475.051s][info][gc,metaspace   ] GC(516) Metaspace: 43071K(43456K)->43071K(43456K) NonClass: 38722K(38976K)->38722K(38976K) Class: 4349K(4480K)->4349K(4480K)
[475.051s][info][gc             ] GC(516) Pause Young (Allocation Failure) 295M->99M(466M) 35.073ms
[475.051s][info][gc,cpu         ] GC(516) User=0.07s Sys=0.00s Real=0.04s
[476.344s][info][gc,start       ] GC(517) Pause Young (Allocation Failure)
[476.381s][info][gc,heap        ] GC(517) PSYoungGen: 247990K(280064K)->23273K(276992K) Eden: 227328K(227328K)->0K(227328K) From: 20662K(52736K)->23273K(49664K)
[476.381s][info][gc,heap        ] GC(517) ParOldGen: 80918K(197120K)->101722K(197120K)
[476.381s][info][gc,metaspace   ] GC(517) Metaspace: 43071K(43456K)->43071K(43456K) NonClass: 38722K(38976K)->38722K(38976K) Class: 4349K(4480K)->4349K(4480K)
[476.381s][info][gc             ] GC(517) Pause Young (Allocation Failure) 321M->122M(463M) 37.252ms
[476.381s][info][gc,cpu         ] GC(517) User=0.07s Sys=0.00s Real=0.04s
[477.338s][info][gc,start       ] GC(518) Pause Young (Allocation Failure)
[477.366s][info][gc,heap        ] GC(518) PSYoungGen: 250601K(276992K)->14808K(280576K) Eden: 227328K(227328K)->0K(232960K) From: 23273K(49664K)->14808K(47616K)
[477.367s][info][gc,heap        ] GC(518) ParOldGen: 101722K(197120K)->124759K(197120K)
[477.367s][info][gc,metaspace   ] GC(518) Metaspace: 43072K(43456K)->43072K(43456K) NonClass: 38723K(38976K)->38723K(38976K) Class: 4349K(4480K)->4349K(4480K)
[477.367s][info][gc             ] GC(518) Pause Young (Allocation Failure) 344M->136M(466M) 28.917ms
[477.367s][info][gc,cpu         ] GC(518) User=0.05s Sys=0.00s Real=0.02s
[478.278s][info][gc,start       ] GC(519) Pause Young (Allocation Failure)
[478.293s][info][gc,heap        ] GC(519) PSYoungGen: 247768K(280576K)->8536K(279040K) Eden: 232960K(232960K)->0K(232960K) From: 14808K(47616K)->8536K(46080K)
[478.293s][info][gc,heap        ] GC(519) ParOldGen: 124759K(197120K)->136756K(197120K)
[478.293s][info][gc,metaspace   ] GC(519) Metaspace: 43072K(43456K)->43072K(43456K) NonClass: 38723K(38976K)->38723K(38976K) Class: 4349K(4480K)->4349K(4480K)
[478.293s][info][gc             ] GC(519) Pause Young (Allocation Failure) 363M->141M(465M) 15.094ms
[478.293s][info][gc,cpu         ] GC(519) User=0.03s Sys=0.00s Real=0.01s
[479.178s][info][gc,start       ] GC(520) Pause Young (Allocation Failure)
[479.199s][info][gc,heap        ] GC(520) PSYoungGen: 241496K(279040K)->22940K(286208K) Eden: 232960K(232960K)->0K(241664K) From: 8536K(46080K)->22940K(44544K)
[479.199s][info][gc,heap        ] GC(520) ParOldGen: 136756K(197120K)->137476K(197120K)
[479.199s][info][gc,metaspace   ] GC(520) Metaspace: 43096K(43456K)->43096K(43456K) NonClass: 38747K(38976K)->38747K(38976K) Class: 4349K(4480K)->4349K(4480K)
[479.199s][info][gc             ] GC(520) Pause Young (Allocation Failure) 369M->156M(472M) 21.541ms
[479.199s][info][gc,cpu         ] GC(520) User=0.04s Sys=0.00s Real=0.02s
[480.018s][info][gc,start       ] GC(521) Pause Young (Allocation Failure)
[480.021s][info][gc,heap        ] GC(521) PSYoungGen: 264604K(286208K)->3533K(286208K) Eden: 241664K(241664K)->0K(241664K) From: 22940K(44544K)->3533K(44544K)
[480.021s][info][gc,heap        ] GC(521) ParOldGen: 137476K(197120K)->138676K(197120K)
[480.021s][info][gc,metaspace   ] GC(521) Metaspace: 43096K(43456K)->43096K(43456K) NonClass: 38747K(38976K)->38747K(38976K) Class: 4349K(4480K)->4349K(4480K)
[480.021s][info][gc             ] GC(521) Pause Young (Allocation Failure) 392M->138M(472M) 3.350ms
[480.021s][info][gc,cpu         ] GC(521) User=0.01s Sys=0.00s Real=0.00s
[480.856s][info][gc,start       ] GC(522) Pause Young (Allocation Failure)
[480.865s][info][gc,heap        ] GC(522) PSYoungGen: 245197K(286208K)->8493K(287744K) Eden: 241664K(241664K)->0K(244224K) From: 3533K(44544K)->8493K(43520K)
[480.865s][info][gc,heap        ] GC(522) ParOldGen: 138676K(197120K)->139628K(197120K)
[480.865s][info][gc,metaspace   ] GC(522) Metaspace: 43096K(43456K)->43096K(43456K) NonClass: 38747K(38976K)->38747K(38976K) Class: 4349K(4480K)->4349K(4480K)
[480.865s][info][gc             ] GC(522) Pause Young (Allocation Failure) 374M->144M(473M) 8.385ms
[480.865s][info][gc,cpu         ] GC(522) User=0.02s Sys=0.00s Real=0.01s
[481.837s][info][gc,start       ] GC(523) Pause Young (Allocation Failure)
[481.857s][info][gc,heap        ] GC(523) PSYoungGen: 252717K(287744K)->21301K(288256K) Eden: 244224K(244224K)->0K(244224K) From: 8493K(43520K)->21301K(44032K)
[481.857s][info][gc,heap        ] GC(523) ParOldGen: 139628K(197120K)->140844K(197120K)
[481.857s][info][gc,metaspace   ] GC(523) Metaspace: 43096K(43456K)->43096K(43456K) NonClass: 38747K(38976K)->38747K(38976K) Class: 4349K(4480K)->4349K(4480K)
[481.857s][info][gc             ] GC(523) Pause Young (Allocation Failure) 383M->158M(474M) 19.536ms
[481.857s][info][gc,cpu         ] GC(523) User=0.03s Sys=0.00s Real=0.02s
[482.829s][info][gc,start       ] GC(524) Pause Young (Allocation Failure)
[482.832s][info][gc,heap        ] GC(524) PSYoungGen: 265525K(288256K)->3941K(289280K) Eden: 244224K(244224K)->0K(246784K) From: 21301K(44032K)->3941K(42496K)
[482.832s][info][gc,heap        ] GC(524) ParOldGen: 140844K(197120K)->141548K(197120K)
[482.832s][info][gc,metaspace   ] GC(524) Metaspace: 43096K(43456K)->43096K(43456K) NonClass: 38747K(38976K)->38747K(38976K) Class: 4349K(4480K)->4349K(4480K)
[482.832s][info][gc             ] GC(524) Pause Young (Allocation Failure) 396M->142M(475M) 3.456ms
[482.832s][info][gc,cpu         ] GC(524) User=0.01s Sys=0.00s Real=0.00s
[483.636s][info][gc,start       ] GC(525) Pause Young (Allocation Failure)
[483.649s][info][gc,heap        ] GC(525) PSYoungGen: 250725K(289280K)->13453K(289280K) Eden: 246784K(246784K)->0K(246784K) From: 3941K(42496K)->13453K(42496K)
[483.649s][info][gc,heap        ] GC(525) ParOldGen: 141548K(197120K)->142724K(197120K)
[483.649s][info][gc,metaspace   ] GC(525) Metaspace: 43096K(43456K)->43096K(43456K) NonClass: 38747K(38976K)->38747K(38976K) Class: 4349K(4480K)->4349K(4480K)
[483.649s][info][gc             ] GC(525) Pause Young (Allocation Failure) 383M->152M(475M) 13.226ms
[483.649s][info][gc,cpu         ] GC(525) User=0.02s Sys=0.00s Real=0.02s
[484.525s][info][gc,start       ] GC(526) Pause Young (Allocation Failure)
[484.531s][info][gc,heap        ] GC(526) PSYoungGen: 260237K(289280K)->6677K(289792K) Eden: 246784K(246784K)->0K(249344K) From: 13453K(42496K)->6677K(40448K)
[484.531s][info][gc,heap        ] GC(526) ParOldGen: 142724K(197120K)->143628K(197120K)
[484.531s][info][gc,metaspace   ] GC(526) Metaspace: 43096K(43456K)->43096K(43456K) NonClass: 38747K(38976K)->38747K(38976K) Class: 4349K(4480K)->4349K(4480K)
[484.531s][info][gc             ] GC(526) Pause Young (Allocation Failure) 393M->146M(475M) 5.850ms
[484.531s][info][gc,cpu         ] GC(526) User=0.01s Sys=0.00s Real=0.01s
[485.449s][info][gc,start       ] GC(527) Pause Young (Allocation Failure)
[485.454s][info][gc,heap        ] GC(527) PSYoungGen: 256021K(289792K)->5332K(289280K) Eden: 249344K(249344K)->0K(249344K) From: 6677K(40448K)->5332K(39936K)
[485.454s][info][gc,heap        ] GC(527) ParOldGen: 143628K(197120K)->144652K(197120K)
[485.454s][info][gc,metaspace   ] GC(527) Metaspace: 43096K(43456K)->43096K(43456K) NonClass: 38747K(38976K)->38747K(38976K) Class: 4349K(4480K)->4349K(4480K)
[485.454s][info][gc             ] GC(527) Pause Young (Allocation Failure) 390M->146M(475M) 5.312ms
[485.454s][info][gc,cpu         ] GC(527) User=0.01s Sys=0.00s Real=0.00s
[486.369s][info][gc,start       ] GC(528) Pause Young (Allocation Failure)
[486.427s][info][gc,heap        ] GC(528) PSYoungGen: 254676K(289280K)->38896K(276480K) Eden: 249344K(249344K)->0K(237568K) From: 5332K(39936K)->38896K(38912K)
[486.427s][info][gc,heap        ] GC(528) ParOldGen: 144652K(197120K)->151652K(197120K)
[486.427s][info][gc,metaspace   ] GC(528) Metaspace: 43096K(43456K)->43096K(43456K) NonClass: 38747K(38976K)->38747K(38976K) Class: 4349K(4480K)->4349K(4480K)
[486.427s][info][gc             ] GC(528) Pause Young (Allocation Failure) 389M->186M(462M) 58.156ms
[486.427s][info][gc,cpu         ] GC(528) User=0.08s Sys=0.00s Real=0.06s
[487.567s][info][gc,start       ] GC(529) Pause Young (Allocation Failure)
[487.602s][info][gc,heap        ] GC(529) PSYoungGen: 276464K(276480K)->19827K(285696K) Eden: 237568K(237568K)->0K(237568K) From: 38896K(38912K)->19827K(48128K)
[487.602s][info][gc,heap        ] GC(529) ParOldGen: 151652K(197120K)->168436K(197120K)
[487.602s][info][gc,metaspace   ] GC(529) Metaspace: 43096K(43456K)->43096K(43456K) NonClass: 38747K(38976K)->38747K(38976K) Class: 4349K(4480K)->4349K(4480K)
[487.602s][info][gc             ] GC(529) Pause Young (Allocation Failure) 418M->183M(471M) 34.863ms
[487.602s][info][gc,cpu         ] GC(529) User=0.07s Sys=0.00s Real=0.03s
[488.407s][info][gc,start       ] GC(530) Pause Young (Allocation Failure)
[488.445s][info][gc,heap        ] GC(530) PSYoungGen: 257395K(285696K)->7155K(281600K) Eden: 237568K(237568K)->0K(239616K) From: 19827K(48128K)->7155K(41984K)
[488.445s][info][gc,heap        ] GC(530) ParOldGen: 168436K(197120K)->181471K(197120K)
[488.445s][info][gc,metaspace   ] GC(530) Metaspace: 43096K(43456K)->43096K(43456K) NonClass: 38747K(38976K)->38747K(38976K) Class: 4349K(4480K)->4349K(4480K)
[488.445s][info][gc             ] GC(530) Pause Young (Allocation Failure) 415M->184M(467M) 38.034ms
[488.445s][info][gc,cpu         ] GC(530) User=0.04s Sys=0.00s Real=0.04s
[489.171s][info][gc,start       ] GC(531) Pause Young (Allocation Failure)
[489.184s][info][gc,heap        ] GC(531) PSYoungGen: 246771K(281600K)->15069K(284672K) Eden: 239616K(239616K)->0K(239616K) From: 7155K(41984K)->15069K(45056K)
[489.184s][info][gc,heap        ] GC(531) ParOldGen: 181471K(197120K)->182359K(197120K)
[489.184s][info][gc,metaspace   ] GC(531) Metaspace: 43096K(43456K)->43096K(43456K) NonClass: 38747K(38976K)->38747K(38976K) Class: 4349K(4480K)->4349K(4480K)
[489.184s][info][gc             ] GC(531) Pause Young (Allocation Failure) 418M->192M(470M) 13.002ms
[489.184s][info][gc,cpu         ] GC(531) User=0.02s Sys=0.00s Real=0.01s
[489.951s][info][gc,start       ] GC(532) Pause Young (Allocation Failure)
[489.959s][info][gc,heap        ] GC(532) PSYoungGen: 254685K(284672K)->2735K(288256K) Eden: 239616K(239616K)->0K(246272K) From: 15069K(45056K)->2735K(41984K)
[489.959s][info][gc,heap        ] GC(532) ParOldGen: 182359K(197120K)->191930K(197120K)
[489.959s][info][gc,metaspace   ] GC(532) Metaspace: 43096K(43456K)->43096K(43456K) NonClass: 38747K(38976K)->38747K(38976K) Class: 4349K(4480K)->4349K(4480K)
[489.959s][info][gc             ] GC(532) Pause Young (Allocation Failure) 426M->190M(474M) 8.398ms
[489.959s][info][gc,cpu         ] GC(532) User=0.02s Sys=0.00s Real=0.01s
[490.805s][info][gc,start       ] GC(533) Pause Young (Allocation Failure)
[490.827s][info][gc,heap        ] GC(533) PSYoungGen: 249007K(288256K)->37243K(283648K) Eden: 246272K(246272K)->0K(246272K) From: 2735K(41984K)->37243K(37376K)
[490.828s][info][gc,heap        ] GC(533) ParOldGen: 191930K(197120K)->192410K(197120K)
[490.828s][info][gc,metaspace   ] GC(533) Metaspace: 43096K(43456K)->43096K(43456K) NonClass: 38747K(38976K)->38747K(38976K) Class: 4349K(4480K)->4349K(4480K)
[490.828s][info][gc             ] GC(533) Pause Young (Allocation Failure) 430M->224M(469M) 22.448ms
[490.828s][info][gc,cpu         ] GC(533) User=0.04s Sys=0.00s Real=0.03s
[491.657s][info][gc,start       ] GC(534) Pause Young (Allocation Failure)
[491.691s][info][gc,heap        ] GC(534) PSYoungGen: 283515K(283648K)->47593K(265728K) Eden: 246272K(246272K)->0K(218112K) From: 37243K(37376K)->47593K(47616K)
[491.691s][info][gc,heap        ] GC(534) ParOldGen: 192410K(197120K)->196907K(197120K)
[491.691s][info][gc,metaspace   ] GC(534) Metaspace: 43096K(43456K)->43096K(43456K) NonClass: 38747K(38976K)->38747K(38976K) Class: 4349K(4480K)->4349K(4480K)
[491.691s][info][gc             ] GC(534) Pause Young (Allocation Failure) 464M->238M(452M) 34.335ms
[491.691s][info][gc,cpu         ] GC(534) User=0.06s Sys=0.01s Real=0.03s
[492.487s][info][gc,start       ] GC(535) Pause Young (Allocation Failure)
[492.599s][info][gc,heap        ] GC(535) PSYoungGen: 265705K(265728K)->57837K(275968K) Eden: 218112K(218112K)->0K(218112K) From: 47593K(47616K)->57837K(57856K)
[492.599s][info][gc,heap        ] GC(535) ParOldGen: 196907K(197120K)->270861K(271360K)
[492.599s][info][gc,metaspace   ] GC(535) Metaspace: 43096K(43456K)->43096K(43456K) NonClass: 38747K(38976K)->38747K(38976K) Class: 4349K(4480K)->4349K(4480K)
[492.599s][info][gc             ] GC(535) Pause Young (Allocation Failure) 451M->320M(534M) 112.431ms
[492.599s][info][gc,cpu         ] GC(535) User=0.18s Sys=0.05s Real=0.11s
[493.373s][info][gc,start       ] GC(536) Pause Young (Allocation Failure)
[493.503s][info][gc,heap        ] GC(536) PSYoungGen: 275949K(275968K)->57836K(169472K) Eden: 218112K(218112K)->0K(111616K) From: 57837K(57856K)->57836K(57856K)
[493.503s][info][gc,heap        ] GC(536) ParOldGen: 270861K(271360K)->354333K(354816K)
[493.503s][info][gc,metaspace   ] GC(536) Metaspace: 43096K(43456K)->43096K(43456K) NonClass: 38747K(38976K)->38747K(38976K) Class: 4349K(4480K)->4349K(4480K)
[493.503s][info][gc             ] GC(536) Pause Young (Allocation Failure) 533M->402M(512M) 129.960ms
[493.503s][info][gc,cpu         ] GC(536) User=0.21s Sys=0.05s Real=0.13s
[493.885s][info][gc,start       ] GC(537) Pause Young (Allocation Failure)
[493.955s][info][gc,heap        ] GC(537) PSYoungGen: 169452K(169472K)->21929K(222720K) Eden: 111616K(111616K)->0K(111616K) From: 57836K(57856K)->21929K(111104K)
[493.955s][info][gc,heap        ] GC(537) ParOldGen: 354333K(354816K)->405891K(406016K)
[493.955s][info][gc,metaspace   ] GC(537) Metaspace: 43096K(43456K)->43096K(43456K) NonClass: 38747K(38976K)->38747K(38976K) Class: 4349K(4480K)->4349K(4480K)
[493.955s][info][gc             ] GC(537) Pause Young (Allocation Failure) 511M->417M(614M) 70.725ms
[493.955s][info][gc,cpu         ] GC(537) User=0.09s Sys=0.05s Real=0.07s
[494.330s][info][gc,start       ] GC(538) Pause Young (Allocation Failure)
[494.350s][info][gc,heap        ] GC(538) PSYoungGen: 133545K(222720K)->12506K(222720K) Eden: 111616K(111616K)->0K(111616K) From: 21929K(111104K)->12506K(111104K)
[494.350s][info][gc,heap        ] GC(538) ParOldGen: 405891K(406016K)->417953K(418304K)
[494.350s][info][gc,metaspace   ] GC(538) Metaspace: 43096K(43456K)->43096K(43456K) NonClass: 38747K(38976K)->38747K(38976K) Class: 4349K(4480K)->4349K(4480K)
[494.350s][info][gc             ] GC(538) Pause Young (Allocation Failure) 526M->420M(626M) 20.130ms
[494.350s][info][gc,cpu         ] GC(538) User=0.02s Sys=0.01s Real=0.02s
[494.750s][info][gc,start       ] GC(539) Pause Young (Allocation Failure)
[494.753s][info][gc,heap        ] GC(539) PSYoungGen: 124122K(222720K)->1852K(222720K) Eden: 111616K(111616K)->0K(111616K) From: 12506K(111104K)->1852K(111104K)
[494.753s][info][gc,heap        ] GC(539) ParOldGen: 417953K(418304K)->418364K(418816K)
[494.753s][info][gc,metaspace   ] GC(539) Metaspace: 43096K(43456K)->43096K(43456K) NonClass: 38747K(38976K)->38747K(38976K) Class: 4349K(4480K)->4349K(4480K)
[494.754s][info][gc             ] GC(539) Pause Young (Allocation Failure) 529M->410M(626M) 3.919ms
[494.754s][info][gc,cpu         ] GC(539) User=0.01s Sys=0.00s Real=0.00s
[495.152s][info][gc,start       ] GC(540) Pause Young (Allocation Failure)
[495.164s][info][gc,heap        ] GC(540) PSYoungGen: 113468K(222720K)->18968K(222720K) Eden: 111616K(111616K)->0K(111616K) From: 1852K(111104K)->18968K(111104K)
[495.164s][info][gc,heap        ] GC(540) ParOldGen: 418364K(418816K)->418835K(419328K)
[495.164s][info][gc,metaspace   ] GC(540) Metaspace: 43096K(43456K)->43096K(43456K) NonClass: 38747K(38976K)->38747K(38976K) Class: 4349K(4480K)->4349K(4480K)
[495.164s][info][gc             ] GC(540) Pause Young (Allocation Failure) 519M->427M(627M) 12.809ms
[495.164s][info][gc,cpu         ] GC(540) User=0.02s Sys=0.00s Real=0.01s
[495.519s][info][gc,start       ] GC(541) Pause Young (Allocation Failure)
[495.531s][info][gc,heap        ] GC(541) PSYoungGen: 130584K(222720K)->17624K(129536K) Eden: 111616K(111616K)->0K(111616K) From: 18968K(111104K)->17624K(17920K)
[495.531s][info][gc,heap        ] GC(541) ParOldGen: 418835K(419328K)->419239K(419328K)
[495.531s][info][gc,metaspace   ] GC(541) Metaspace: 43096K(43456K)->43096K(43456K) NonClass: 38747K(38976K)->38747K(38976K) Class: 4349K(4480K)->4349K(4480K)
[495.531s][info][gc             ] GC(541) Pause Young (Allocation Failure) 536M->426M(536M) 12.039ms
[495.531s][info][gc,cpu         ] GC(541) User=0.02s Sys=0.00s Real=0.01s
[495.899s][info][gc,start       ] GC(542) Pause Young (Allocation Failure)
[495.923s][info][gc,heap        ] GC(542) PSYoungGen: 129240K(129536K)->37847K(224256K) Eden: 111616K(111616K)->0K(116736K) From: 17624K(17920K)->37847K(107520K)
[495.923s][info][gc,heap        ] GC(542) ParOldGen: 419239K(419328K)->419868K(420352K)
[495.923s][info][gc,metaspace   ] GC(542) Metaspace: 43096K(43456K)->43096K(43456K) NonClass: 38747K(38976K)->38747K(38976K) Class: 4349K(4480K)->4349K(4480K)
[495.923s][info][gc             ] GC(542) Pause Young (Allocation Failure) 535M->446M(629M) 24.096ms
[495.923s][info][gc,cpu         ] GC(542) User=0.04s Sys=0.00s Real=0.02s
[496.316s][info][gc,start       ] GC(543) Pause Young (Allocation Failure)
[496.329s][info][gc,heap        ] GC(543) PSYoungGen: 154583K(224256K)->19833K(219136K) Eden: 116736K(116736K)->0K(116736K) From: 37847K(107520K)->19833K(102400K)
[496.330s][info][gc,heap        ] GC(543) ParOldGen: 419868K(420352K)->420195K(420352K)
[496.330s][info][gc,metaspace   ] GC(543) Metaspace: 43096K(43456K)->43096K(43456K) NonClass: 38747K(38976K)->38747K(38976K) Class: 4349K(4480K)->4349K(4480K)
[496.330s][info][gc             ] GC(543) Pause Young (Allocation Failure) 560M->429M(624M) 13.216ms
[496.330s][info][gc,cpu         ] GC(543) User=0.02s Sys=0.00s Real=0.02s
[496.723s][info][gc,start       ] GC(544) Pause Young (Allocation Failure)
[496.733s][info][gc,heap        ] GC(544) PSYoungGen: 136569K(219136K)->11944K(224768K) Eden: 116736K(116736K)->0K(127488K) From: 19833K(102400K)->11944K(97280K)
[496.733s][info][gc,heap        ] GC(544) ParOldGen: 420195K(420352K)->420394K(420864K)
[496.733s][info][gc,metaspace   ] GC(544) Metaspace: 43096K(43456K)->43096K(43456K) NonClass: 38747K(38976K)->38747K(38976K) Class: 4349K(4480K)->4349K(4480K)
[496.733s][info][gc             ] GC(544) Pause Young (Allocation Failure) 543M->422M(630M) 9.429ms
[496.733s][info][gc,cpu         ] GC(544) User=0.02s Sys=0.00s Real=0.01s
[497.149s][info][gc,start       ] GC(545) Pause Young (Allocation Failure)
[497.158s][info][gc,heap        ] GC(545) PSYoungGen: 139432K(224768K)->13679K(221184K) Eden: 127488K(127488K)->0K(127488K) From: 11944K(97280K)->13679K(93696K)
[497.158s][info][gc,heap        ] GC(545) ParOldGen: 420394K(420864K)->420716K(420864K)
[497.158s][info][gc,metaspace   ] GC(545) Metaspace: 43096K(43456K)->43096K(43456K) NonClass: 38747K(38976K)->38747K(38976K) Class: 4349K(4480K)->4349K(4480K)
[497.158s][info][gc             ] GC(545) Pause Young (Allocation Failure) 546M->424M(627M) 9.420ms
[497.158s][info][gc,cpu         ] GC(545) User=0.02s Sys=0.00s Real=0.01s
[497.513s][info][gc,start       ] GC(546) Pause Young (Allocation Failure)
[497.531s][info][gc,heap        ] GC(546) PSYoungGen: 141167K(221184K)->10691K(236544K) Eden: 127488K(127488K)->0K(146432K) From: 13679K(93696K)->10691K(90112K)
[497.531s][info][gc,heap        ] GC(546) ParOldGen: 420716K(420864K)->431987K(432128K)
[497.531s][info][gc,metaspace   ] GC(546) Metaspace: 43096K(43456K)->43096K(43456K) NonClass: 38747K(38976K)->38747K(38976K) Class: 4349K(4480K)->4349K(4480K)
[497.531s][info][gc             ] GC(546) Pause Young (Allocation Failure) 548M->432M(653M) 18.142ms
[497.531s][info][gc,cpu         ] GC(546) User=0.03s Sys=0.01s Real=0.02s
[497.985s][info][gc,start       ] GC(547) Pause Young (Allocation Failure)
[497.997s][info][gc,heap        ] GC(547) PSYoungGen: 157123K(236544K)->1086K(232960K) Eden: 146432K(146432K)->0K(146432K) From: 10691K(90112K)->1086K(86528K)
[497.997s][info][gc,heap        ] GC(547) ParOldGen: 431987K(432128K)->441401K(441856K)
[497.997s][info][gc,metaspace   ] GC(547) Metaspace: 43096K(43456K)->43096K(43456K) NonClass: 38747K(38976K)->38747K(38976K) Class: 4349K(4480K)->4349K(4480K)
[497.997s][info][gc             ] GC(547) Pause Young (Allocation Failure) 575M->432M(659M) 11.839ms
[497.997s][info][gc,cpu         ] GC(547) User=0.01s Sys=0.01s Real=0.02s
[498.424s][info][gc,start       ] GC(548) Pause Young (Allocation Failure)
[498.427s][info][gc,heap        ] GC(548) PSYoungGen: 147518K(232960K)->1136K(243712K) Eden: 146432K(146432K)->0K(159232K) From: 1086K(86528K)->1136K(84480K)
[498.427s][info][gc,heap        ] GC(548) ParOldGen: 441401K(441856K)->441618K(441856K)
[498.427s][info][gc,metaspace   ] GC(548) Metaspace: 43096K(43456K)->43096K(43456K) NonClass: 38747K(38976K)->38747K(38976K) Class: 4349K(4480K)->4349K(4480K)
[498.427s][info][gc             ] GC(548) Pause Young (Allocation Failure) 575M->432M(669M) 3.120ms
[498.427s][info][gc,cpu         ] GC(548) User=0.00s Sys=0.00s Real=0.01s
[498.832s][info][gc,start       ] GC(549) Pause Young (Allocation Failure)
[498.837s][info][gc,heap        ] GC(549) PSYoungGen: 160368K(243712K)->3516K(241664K) Eden: 159232K(159232K)->0K(159232K) From: 1136K(84480K)->3516K(82432K)
[498.837s][info][gc,heap        ] GC(549) ParOldGen: 441618K(441856K)->441978K(442368K)
[498.837s][info][gc,metaspace   ] GC(549) Metaspace: 43096K(43456K)->43096K(43456K) NonClass: 38747K(38976K)->38747K(38976K) Class: 4349K(4480K)->4349K(4480K)
[498.837s][info][gc             ] GC(549) Pause Young (Allocation Failure) 587M->435M(668M) 5.123ms
[498.837s][info][gc,cpu         ] GC(549) User=0.01s Sys=0.00s Real=0.01s
[499.111s][info][gc,start       ] GC(550) Pause Young (Allocation Failure)
[499.117s][info][gc,heap        ] GC(550) PSYoungGen: 162748K(241664K)->3310K(247808K) Eden: 159232K(159232K)->0K(170496K) From: 3516K(82432K)->3310K(77312K)
[499.117s][info][gc,heap        ] GC(550) ParOldGen: 441978K(442368K)->443742K(443904K)
[499.117s][info][gc,metaspace   ] GC(550) Metaspace: 43096K(43456K)->43096K(43456K) NonClass: 38747K(38976K)->38747K(38976K) Class: 4349K(4480K)->4349K(4480K)
[499.118s][info][gc             ] GC(550) Pause Young (Allocation Failure) 590M->436M(675M) 6.133ms
[499.118s][info][gc,cpu         ] GC(550) User=0.01s Sys=0.00s Real=0.01s
[499.410s][info][gc,start       ] GC(551) Pause Young (Allocation Failure)
[499.413s][info][gc,heap        ] GC(551) PSYoungGen: 172770K(247808K)->1308K(246272K) Eden: 169459K(170496K)->0K(170496K) From: 3310K(77312K)->1308K(75776K)
[499.413s][info][gc,heap        ] GC(551) ParOldGen: 443742K(443904K)->443766K(443904K)
[499.413s][info][gc,metaspace   ] GC(551) Metaspace: 43096K(43456K)->43096K(43456K) NonClass: 38747K(38976K)->38747K(38976K) Class: 4349K(4480K)->4349K(4480K)
[499.413s][info][gc             ] GC(551) Pause Young (Allocation Failure) 602M->434M(674M) 3.319ms
[499.413s][info][gc,cpu         ] GC(551) User=0.00s Sys=0.00s Real=0.00s
[499.706s][info][gc,start       ] GC(552) Pause Young (Allocation Failure)
[499.715s][info][gc,heap        ] GC(552) PSYoungGen: 171804K(246272K)->9179K(253952K) Eden: 170496K(170496K)->0K(184832K) From: 1308K(75776K)->9179K(69120K)
[499.715s][info][gc,heap        ] GC(552) ParOldGen: 443766K(443904K)->444956K(445440K)
[499.715s][info][gc,metaspace   ] GC(552) Metaspace: 43096K(43456K)->43096K(43456K) NonClass: 38747K(38976K)->38747K(38976K) Class: 4349K(4480K)->4349K(4480K)
[499.715s][info][gc             ] GC(552) Pause Young (Allocation Failure) 601M->443M(683M) 9.001ms
[499.715s][info][gc,cpu         ] GC(552) User=0.02s Sys=0.00s Real=0.01s
[499.942s][info][gc,start       ] GC(553) Pause Young (Allocation Failure)
[499.954s][info][gc,heap        ] GC(553) PSYoungGen: 192520K(253952K)->1628K(253440K) Eden: 183340K(184832K)->0K(184832K) From: 9179K(69120K)->1628K(68608K)
[499.954s][info][gc,heap        ] GC(553) ParOldGen: 444956K(445440K)->453952K(454144K)
[499.954s][info][gc,metaspace   ] GC(553) Metaspace: 43096K(43456K)->43096K(43456K) NonClass: 38747K(38976K)->38747K(38976K) Class: 4349K(4480K)->4349K(4480K)
[499.954s][info][gc             ] GC(553) Pause Young (Allocation Failure) 622M->444M(691M) 11.419ms
[499.954s][info][gc,cpu         ] GC(553) User=0.02s Sys=0.01s Real=0.01s
[500.183s][info][gc,start       ] GC(554) Pause Young (Allocation Failure)
[500.188s][info][gc,heap        ] GC(554) PSYoungGen: 185396K(253440K)->1432K(262144K) Eden: 183767K(184832K)->0K(199168K) From: 1628K(68608K)->1432K(62976K)
[500.188s][info][gc,heap        ] GC(554) ParOldGen: 453952K(454144K)->455562K(455680K)
[500.188s][info][gc,metaspace   ] GC(554) Metaspace: 43096K(43456K)->43096K(43456K) NonClass: 38747K(38976K)->38747K(38976K) Class: 4349K(4480K)->4349K(4480K)
[500.188s][info][gc             ] GC(554) Pause Young (Allocation Failure) 624M->446M(701M) 5.780ms
[500.188s][info][gc,cpu         ] GC(554) User=0.01s Sys=0.00s Real=0.01s
[500.446s][info][gc,start       ] GC(555) Pause Young (Allocation Failure)
[500.453s][info][gc,heap        ] GC(555) PSYoungGen: 200262K(262144K)->2443K(261632K) Eden: 198830K(199168K)->0K(199168K) From: 1432K(62976K)->2443K(62464K)
[500.453s][info][gc,heap        ] GC(555) ParOldGen: 455562K(455680K)->456972K(457216K)
[500.453s][info][gc,metaspace   ] GC(555) Metaspace: 43096K(43456K)->43096K(43456K) NonClass: 38747K(38976K)->38747K(38976K) Class: 4349K(4480K)->4349K(4480K)
[500.453s][info][gc             ] GC(555) Pause Young (Allocation Failure) 640M->448M(702M) 6.755ms
[500.453s][info][gc,cpu         ] GC(555) User=0.01s Sys=0.00s Real=0.01s
[500.717s][info][gc,start       ] GC(556) Pause Young (Allocation Failure)
[500.727s][info][gc,heap        ] GC(556) PSYoungGen: 200484K(261632K)->4696K(267776K) Eden: 198041K(199168K)->0K(211968K) From: 2443K(62464K)->4696K(55808K)
[500.727s][info][gc,heap        ] GC(556) ParOldGen: 456972K(457216K)->459354K(459776K)
[500.727s][info][gc,metaspace   ] GC(556) Metaspace: 43096K(43456K)->43096K(43456K) NonClass: 38747K(38976K)->38747K(38976K) Class: 4349K(4480K)->4349K(4480K)
[500.727s][info][gc             ] GC(556) Pause Young (Allocation Failure) 642M->453M(710M) 10.437ms
[500.727s][info][gc,cpu         ] GC(556) User=0.02s Sys=0.00s Real=0.01s
[501.027s][info][gc,start       ] GC(557) Pause Young (Allocation Failure)
[501.043s][info][gc,heap        ] GC(557) PSYoungGen: 216664K(267776K)->6734K(267776K) Eden: 211968K(211968K)->0K(211968K) From: 4696K(55808K)->6734K(55808K)
[501.043s][info][gc,heap        ] GC(557) ParOldGen: 459354K(459776K)->464085K(464384K)
[501.043s][info][gc,metaspace   ] GC(557) Metaspace: 43096K(43456K)->43096K(43456K) NonClass: 38747K(38976K)->38747K(38976K) Class: 4349K(4480K)->4349K(4480K)
[501.043s][info][gc             ] GC(557) Pause Young (Allocation Failure) 660M->459M(715M) 15.956ms
[501.043s][info][gc,cpu         ] GC(557) User=0.03s Sys=0.00s Real=0.01s
[501.316s][info][gc,start       ] GC(558) Pause Young (Allocation Failure)
[501.330s][info][gc,heap        ] GC(558) PSYoungGen: 217714K(267776K)->3253K(274944K) Eden: 210979K(211968K)->0K(225280K) From: 6734K(55808K)->3253K(49664K)
[501.331s][info][gc,heap        ] GC(558) ParOldGen: 464085K(464384K)->470902K(471040K)
[501.331s][info][gc,metaspace   ] GC(558) Metaspace: 43096K(43456K)->43096K(43456K) NonClass: 38747K(38976K)->38747K(38976K) Class: 4349K(4480K)->4349K(4480K)
[501.331s][info][gc             ] GC(558) Pause Young (Allocation Failure) 665M->463M(728M) 14.524ms
[501.331s][info][gc,cpu         ] GC(558) User=0.03s Sys=0.00s Real=0.02s
[501.755s][info][gc,start       ] GC(559) Pause Young (Allocation Failure)
[501.775s][info][gc,heap        ] GC(559) PSYoungGen: 228533K(274944K)->15074K(274432K) Eden: 225280K(225280K)->0K(225280K) From: 3253K(49664K)->15074K(49152K)
[501.775s][info][gc,heap        ] GC(559) ParOldGen: 470902K(471040K)->474118K(474624K)
[501.775s][info][gc,metaspace   ] GC(559) Metaspace: 43096K(43456K)->43096K(43456K) NonClass: 38747K(38976K)->38747K(38976K) Class: 4349K(4480K)->4349K(4480K)
[501.775s][info][gc             ] GC(559) Pause Young (Allocation Failure) 683M->477M(731M) 19.820ms
[501.775s][info][gc,cpu         ] GC(559) User=0.04s Sys=0.00s Real=0.02s
[502.264s][info][gc,start       ] GC(560) Pause Young (Allocation Failure)
[502.288s][info][gc,heap        ] GC(560) PSYoungGen: 240354K(274432K)->4359K(282112K) Eden: 225280K(225280K)->0K(237568K) From: 15074K(49152K)->4359K(44544K)
[502.288s][info][gc,heap        ] GC(560) ParOldGen: 474118K(474624K)->488725K(488960K)
[502.288s][info][gc,metaspace   ] GC(560) Metaspace: 43101K(43456K)->43101K(43456K) NonClass: 38752K(38976K)->38752K(38976K) Class: 4349K(4480K)->4349K(4480K)
[502.288s][info][gc             ] GC(560) Pause Young (Allocation Failure) 697M->481M(753M) 24.830ms
[502.289s][info][gc,cpu         ] GC(560) User=0.05s Sys=0.01s Real=0.03s
[502.849s][info][gc,start       ] GC(561) Pause Young (Allocation Failure)
[502.854s][info][gc,heap        ] GC(561) PSYoungGen: 241927K(282112K)->1120K(282112K) Eden: 237568K(237568K)->0K(237568K) From: 4359K(44544K)->1120K(44544K)
[502.854s][info][gc,heap        ] GC(561) ParOldGen: 488725K(488960K)->490473K(490496K)
[502.854s][info][gc,metaspace   ] GC(561) Metaspace: 43105K(43456K)->43105K(43456K) NonClass: 38756K(38976K)->38756K(38976K) Class: 4349K(4480K)->4349K(4480K)
[502.854s][info][gc             ] GC(561) Pause Young (Allocation Failure) 713M->480M(754M) 4.465ms
[502.854s][info][gc,cpu         ] GC(561) User=0.01s Sys=0.00s Real=0.00s
[503.419s][info][gc,start       ] GC(562) Pause Young (Allocation Failure)
[503.422s][info][gc,heap        ] GC(562) PSYoungGen: 238688K(282112K)->1760K(287232K) Eden: 237568K(237568K)->0K(246784K) From: 1120K(44544K)->1760K(40448K)
[503.422s][info][gc,heap        ] GC(562) ParOldGen: 490473K(490496K)->490473K(490496K)
[503.422s][info][gc,metaspace   ] GC(562) Metaspace: 43108K(43456K)->43108K(43456K) NonClass: 38758K(38976K)->38758K(38976K) Class: 4349K(4480K)->4349K(4480K)
[503.422s][info][gc             ] GC(562) Pause Young (Allocation Failure) 712M->480M(759M) 3.302ms
[503.422s][info][gc,cpu         ] GC(562) User=0.00s Sys=0.00s Real=0.00s
[504.007s][info][gc,start       ] GC(563) Pause Young (Allocation Failure)
[504.010s][info][gc,heap        ] GC(563) PSYoungGen: 248544K(287232K)->1144K(287232K) Eden: 246784K(246784K)->0K(246784K) From: 1760K(40448K)->1144K(40448K)
[504.010s][info][gc,heap        ] GC(563) ParOldGen: 490473K(490496K)->490513K(491008K)
[504.010s][info][gc,metaspace   ] GC(563) Metaspace: 43108K(43456K)->43108K(43456K) NonClass: 38758K(38976K)->38758K(38976K) Class: 4349K(4480K)->4349K(4480K)
[504.010s][info][gc             ] GC(563) Pause Young (Allocation Failure) 721M->480M(760M) 2.525ms
[504.010s][info][gc,cpu         ] GC(563) User=0.00s Sys=0.00s Real=0.00s
[504.650s][info][gc,start       ] GC(564) Pause Young (Allocation Failure)
[504.654s][info][gc,heap        ] GC(564) PSYoungGen: 247928K(287232K)->3392K(290304K) Eden: 246784K(246784K)->0K(254976K) From: 1144K(40448K)->3392K(35328K)
[504.654s][info][gc,heap        ] GC(564) ParOldGen: 490513K(491008K)->491081K(491520K)
[504.654s][info][gc,metaspace   ] GC(564) Metaspace: 43113K(43456K)->43113K(43456K) NonClass: 38764K(38976K)->38764K(38976K) Class: 4349K(4480K)->4349K(4480K)
[504.654s][info][gc             ] GC(564) Pause Young (Allocation Failure) 721M->482M(763M) 3.808ms
[504.654s][info][gc,cpu         ] GC(564) User=0.00s Sys=0.00s Real=0.00s
[505.821s][info][gc,start       ] GC(565) Pause Young (Allocation Failure)
[505.827s][info][gc,heap        ] GC(565) PSYoungGen: 257145K(290304K)->3218K(290816K) Eden: 253753K(254976K)->0K(254976K) From: 3392K(35328K)->3218K(35840K)
[505.827s][info][gc,heap        ] GC(565) ParOldGen: 491081K(491520K)->491193K(491520K)
[505.827s][info][gc,metaspace   ] GC(565) Metaspace: 43122K(43520K)->43122K(43520K) NonClass: 38773K(39040K)->38773K(39040K) Class: 4349K(4480K)->4349K(4480K)
[505.827s][info][gc             ] GC(565) Pause Young (Allocation Failure) 730M->482M(764M) 6.236ms
[505.827s][info][gc,cpu         ] GC(565) User=0.01s Sys=0.01s Real=0.01s
[506.690s][info][gc,start       ] GC(566) Pause Young (Allocation Failure)
[506.720s][info][gc,heap        ] GC(566) PSYoungGen: 258194K(290816K)->25482K(291840K) Eden: 254976K(254976K)->0K(258048K) From: 3218K(35840K)->25482K(33792K)
[506.720s][info][gc,heap        ] GC(566) ParOldGen: 491193K(491520K)->494251K(494592K)
[506.720s][info][gc,metaspace   ] GC(566) Metaspace: 43132K(43520K)->43132K(43520K) NonClass: 38783K(39040K)->38783K(39040K) Class: 4349K(4480K)->4349K(4480K)
[506.720s][info][gc             ] GC(566) Pause Young (Allocation Failure) 731M->507M(768M) 29.288ms
[506.720s][info][gc,cpu         ] GC(566) User=0.05s Sys=0.00s Real=0.03s
[507.306s][info][gc,start       ] GC(567) Pause Young (Allocation Failure)
[507.368s][info][gc,heap        ] GC(567) PSYoungGen: 283530K(291840K)->29304K(287744K) Eden: 258048K(258048K)->0K(258048K) From: 25482K(33792K)->29304K(29696K)
[507.368s][info][gc,heap        ] GC(567) ParOldGen: 494251K(494592K)->518951K(519168K)
[507.368s][info][gc,metaspace   ] GC(567) Metaspace: 43132K(43520K)->43132K(43520K) NonClass: 38783K(39040K)->38783K(39040K) Class: 4349K(4480K)->4349K(4480K)
[507.368s][info][gc             ] GC(567) Pause Young (Allocation Failure) 759M->535M(788M) 62.213ms
[507.368s][info][gc,cpu         ] GC(567) User=0.11s Sys=0.01s Real=0.07s
[507.964s][info][gc,start       ] GC(568) Pause Young (Allocation Failure)
[508.032s][info][gc,heap        ] GC(568) PSYoungGen: 287352K(287744K)->32654K(281600K) Eden: 258048K(258048K)->0K(238592K) From: 29304K(29696K)->32654K(43008K)
[508.032s][info][gc,heap        ] GC(568) ParOldGen: 518951K(519168K)->546763K(546816K)
[508.032s][info][gc,metaspace   ] GC(568) Metaspace: 43132K(43520K)->43132K(43520K) NonClass: 38783K(39040K)->38783K(39040K) Class: 4349K(4480K)->4349K(4480K)
[508.032s][info][gc             ] GC(568) Pause Young (Allocation Failure) 787M->565M(809M) 67.486ms
[508.032s][info][gc,cpu         ] GC(568) User=0.11s Sys=0.02s Real=0.07s
[511.343s][info][gc,start       ] GC(569) Pause Young (Allocation Failure)
[511.395s][info][gc,heap        ] GC(569) PSYoungGen: 271246K(281600K)->13552K(286208K) Eden: 238592K(238592K)->0K(238592K) From: 32654K(43008K)->13552K(47616K)
[511.395s][info][gc,heap        ] GC(569) ParOldGen: 546763K(546816K)->575620K(576000K)
[511.395s][info][gc,metaspace   ] GC(569) Metaspace: 43139K(43520K)->43139K(43520K) NonClass: 38790K(39040K)->38790K(39040K) Class: 4349K(4480K)->4349K(4480K)
[511.395s][info][gc             ] GC(569) Pause Young (Allocation Failure) 798M->575M(842M) 51.885ms
[511.395s][info][gc,cpu         ] GC(569) User=0.08s Sys=0.03s Real=0.05s
[512.002s][info][gc,start       ] GC(570) Pause Young (Allocation Failure)
[512.034s][info][gc,heap        ] GC(570) PSYoungGen: 252144K(286208K)->17663K(281600K) Eden: 238592K(238592K)->0K(241664K) From: 13552K(47616K)->17663K(39936K)
[512.034s][info][gc,heap        ] GC(570) ParOldGen: 575620K(576000K)->588918K(589312K)
[512.034s][info][gc,metaspace   ] GC(570) Metaspace: 43139K(43520K)->43139K(43520K) NonClass: 38790K(39040K)->38790K(39040K) Class: 4349K(4480K)->4349K(4480K)
[512.034s][info][gc             ] GC(570) Pause Young (Allocation Failure) 808M->592M(850M) 32.570ms
[512.034s][info][gc,cpu         ] GC(570) User=0.06s Sys=0.01s Real=0.03s
[512.645s][info][gc,start       ] GC(571) Pause Young (Allocation Failure)
[512.699s][info][gc,heap        ] GC(571) PSYoungGen: 259327K(281600K)->30200K(284672K) Eden: 241664K(241664K)->0K(241664K) From: 17663K(39936K)->30200K(43008K)
[512.700s][info][gc,heap        ] GC(571) ParOldGen: 588918K(589312K)->606215K(606720K)
[512.700s][info][gc,metaspace   ] GC(571) Metaspace: 43139K(43520K)->43139K(43520K) NonClass: 38790K(39040K)->38790K(39040K) Class: 4349K(4480K)->4349K(4480K)
[512.700s][info][gc             ] GC(571) Pause Young (Allocation Failure) 828M->621M(870M) 54.236ms
[512.700s][info][gc,cpu         ] GC(571) User=0.10s Sys=0.01s Real=0.06s
[513.314s][info][gc,start       ] GC(572) Pause Young (Allocation Failure)
[513.381s][info][gc,heap        ] GC(572) PSYoungGen: 271864K(284672K)->30144K(282112K) Eden: 241664K(241664K)->0K(235520K) From: 30200K(43008K)->30144K(46592K)
[513.381s][info][gc,heap        ] GC(572) ParOldGen: 606215K(606720K)->634951K(635392K)
[513.381s][info][gc,metaspace   ] GC(572) Metaspace: 43139K(43520K)->43139K(43520K) NonClass: 38790K(39040K)->38790K(39040K) Class: 4349K(4480K)->4349K(4480K)
[513.381s][info][gc             ] GC(572) Pause Young (Allocation Failure) 857M->649M(896M) 67.147ms
[513.381s][info][gc,cpu         ] GC(572) User=0.10s Sys=0.03s Real=0.07s
[514.951s][info][gc,start       ] GC(573) Pause Full (Allocation Failure)
[514.951s][info][gc,phases,start] GC(573) Marking Phase
[514.990s][info][gc,phases      ] GC(573) Marking Phase 39.554ms
[514.990s][info][gc,phases,start] GC(573) Summary Phase
[514.990s][info][gc,phases      ] GC(573) Summary Phase 0.028ms
[514.990s][info][gc,phases,start] GC(573) Forward
[514.996s][info][gc,phases      ] GC(573) Forward 5.401ms
[514.996s][info][gc,phases,start] GC(573) Adjust Pointers
[515.018s][info][gc,phases      ] GC(573) Adjust Pointers 22.228ms
[515.018s][info][gc,phases,start] GC(573) Compaction Phase
[515.023s][info][gc,phases      ] GC(573) Compaction Phase 4.908ms
[515.023s][info][gc,phases,start] GC(573) Post Compact
[515.026s][info][gc,phases      ] GC(573) Post Compact 2.589ms
[515.064s][info][gc,heap        ] GC(573) PSYoungGen: 265664K(282112K)->0K(284672K) Eden: 235520K(235520K)->0K(235520K) From: 30144K(46592K)->0K(49152K)
[515.064s][info][gc,heap        ] GC(573) ParOldGen: 634951K(635392K)->51273K(181760K)
[515.064s][info][gc,metaspace   ] GC(573) Metaspace: 43139K(43520K)->43139K(43520K) NonClass: 38790K(39040K)->38790K(39040K) Class: 4349K(4480K)->4349K(4480K)
[515.064s][info][gc             ] GC(573) Pause Full (Allocation Failure) 879M->50M(455M) 113.737ms
[515.064s][info][gc,cpu         ] GC(573) User=0.11s Sys=0.04s Real=0.11s
[516.285s][info][gc,start       ] GC(574) Pause Young (Allocation Failure)
[516.307s][info][gc,heap        ] GC(574) PSYoungGen: 235520K(284672K)->23432K(282624K) Eden: 235520K(235520K)->0K(235520K) From: 0K(49152K)->23432K(47104K)
[516.307s][info][gc,heap        ] GC(574) ParOldGen: 51273K(181760K)->51273K(181760K)
[516.307s][info][gc,metaspace   ] GC(574) Metaspace: 43139K(43520K)->43139K(43520K) NonClass: 38790K(39040K)->38790K(39040K) Class: 4349K(4480K)->4349K(4480K)
[516.307s][info][gc             ] GC(574) Pause Young (Allocation Failure) 280M->72M(453M) 22.226ms
[516.307s][info][gc,cpu         ] GC(574) User=0.04s Sys=0.00s Real=0.03s
[517.667s][info][gc,start       ] GC(575) Pause Young (Allocation Failure)
[517.706s][info][gc,heap        ] GC(575) PSYoungGen: 258952K(282624K)->24687K(283648K) Eden: 235520K(235520K)->0K(235520K) From: 23432K(47104K)->24687K(48128K)
[517.706s][info][gc,heap        ] GC(575) ParOldGen: 51273K(181760K)->74809K(181760K)
[517.706s][info][gc,metaspace   ] GC(575) Metaspace: 43139K(43520K)->43139K(43520K) NonClass: 38790K(39040K)->38790K(39040K) Class: 4349K(4480K)->4349K(4480K)
[517.706s][info][gc             ] GC(575) Pause Young (Allocation Failure) 302M->97M(454M) 38.362ms
[517.706s][info][gc,cpu         ] GC(575) User=0.08s Sys=0.00s Real=0.03s
[519.120s][info][gc,start       ] GC(576) Pause Young (Allocation Failure)
[519.159s][info][gc,heap        ] GC(576) PSYoungGen: 260207K(283648K)->21737K(282624K) Eden: 235520K(235520K)->0K(237568K) From: 24687K(48128K)->21737K(45056K)
[519.159s][info][gc,heap        ] GC(576) ParOldGen: 74809K(181760K)->99507K(181760K)
[519.159s][info][gc,metaspace   ] GC(576) Metaspace: 43139K(43520K)->43139K(43520K) NonClass: 38790K(39040K)->38790K(39040K) Class: 4349K(4480K)->4349K(4480K)
[519.159s][info][gc             ] GC(576) Pause Young (Allocation Failure) 327M->118M(453M) 38.939ms
[519.159s][info][gc,cpu         ] GC(576) User=0.07s Sys=0.00s Real=0.04s
[520.249s][info][gc,start       ] GC(577) Pause Young (Allocation Failure)
[520.290s][info][gc,heap        ] GC(577) PSYoungGen: 259305K(282624K)->30272K(284160K) Eden: 237568K(237568K)->0K(237568K) From: 21737K(45056K)->30272K(46592K)
[520.290s][info][gc,heap        ] GC(577) ParOldGen: 99507K(181760K)->121179K(181760K)
[520.290s][info][gc,metaspace   ] GC(577) Metaspace: 43139K(43520K)->43139K(43520K) NonClass: 38790K(39040K)->38790K(39040K) Class: 4349K(4480K)->4349K(4480K)
[520.290s][info][gc             ] GC(577) Pause Young (Allocation Failure) 350M->147M(455M) 41.194ms
[520.290s][info][gc,cpu         ] GC(577) User=0.08s Sys=0.00s Real=0.04s
[520.902s][info][gc,start       ] GC(578) Pause Young (Allocation Failure)
[520.952s][info][gc,heap        ] GC(578) PSYoungGen: 267840K(284160K)->29900K(283648K) Eden: 237568K(237568K)->0K(235520K) From: 30272K(46592K)->29900K(48128K)
[520.953s][info][gc,heap        ] GC(578) ParOldGen: 121179K(181760K)->151164K(181760K)
[520.953s][info][gc,metaspace   ] GC(578) Metaspace: 43139K(43520K)->43139K(43520K) NonClass: 38790K(39040K)->38790K(39040K) Class: 4349K(4480K)->4349K(4480K)
[520.953s][info][gc             ] GC(578) Pause Young (Allocation Failure) 379M->176M(454M) 50.598ms
[520.953s][info][gc,cpu         ] GC(578) User=0.10s Sys=0.00s Real=0.05s
[521.505s][info][gc,start       ] GC(579) Pause Young (Allocation Failure)
[521.558s][info][gc,heap        ] GC(579) PSYoungGen: 265420K(283648K)->27160K(284672K) Eden: 235520K(235520K)->0K(235520K) From: 29900K(48128K)->27160K(49152K)
[521.558s][info][gc,heap        ] GC(579) ParOldGen: 151164K(181760K)->181236K(181760K)
[521.558s][info][gc,metaspace   ] GC(579) Metaspace: 43139K(43520K)->43139K(43520K) NonClass: 38790K(39040K)->38790K(39040K) Class: 4349K(4480K)->4349K(4480K)
[521.558s][info][gc             ] GC(579) Pause Young (Allocation Failure) 406M->203M(455M) 53.115ms
[521.558s][info][gc,cpu         ] GC(579) User=0.11s Sys=0.00s Real=0.06s
[523.126s][info][gc,start       ] GC(580) Pause Young (Allocation Failure)
[523.180s][info][gc,heap        ] GC(580) PSYoungGen: 262680K(284672K)->19888K(279040K) Eden: 235520K(235520K)->0K(236032K) From: 27160K(49152K)->19888K(43008K)
[523.180s][info][gc,heap        ] GC(580) ParOldGen: 181236K(181760K)->208389K(208896K)
[523.180s][info][gc,metaspace   ] GC(580) Metaspace: 43139K(43520K)->43139K(43520K) NonClass: 38790K(39040K)->38790K(39040K) Class: 4349K(4480K)->4349K(4480K)
[523.180s][info][gc             ] GC(580) Pause Young (Allocation Failure) 433M->222M(476M) 54.419ms
[523.180s][info][gc,cpu         ] GC(580) User=0.08s Sys=0.02s Real=0.06s
[524.164s][info][gc,start       ] GC(581) Pause Young (Allocation Failure)
[524.193s][info][gc,heap        ] GC(581) PSYoungGen: 255920K(279040K)->10431K(282112K) Eden: 236032K(236032K)->0K(236032K) From: 19888K(43008K)->10431K(46080K)
[524.193s][info][gc,heap        ] GC(581) ParOldGen: 208389K(208896K)->228349K(228352K)
[524.193s][info][gc,metaspace   ] GC(581) Metaspace: 43139K(43520K)->43139K(43520K) NonClass: 38790K(39040K)->38790K(39040K) Class: 4349K(4480K)->4349K(4480K)
[524.193s][info][gc             ] GC(581) Pause Young (Allocation Failure) 453M->233M(498M) 29.164ms
[524.193s][info][gc,cpu         ] GC(581) User=0.05s Sys=0.01s Real=0.03s
[525.541s][info][gc,start       ] GC(582) Pause Young (Allocation Failure)
[525.548s][info][gc,heap        ] GC(582) PSYoungGen: 246463K(282112K)->982K(287232K) Eden: 236032K(236032K)->0K(241664K) From: 10431K(46080K)->982K(45568K)
[525.548s][info][gc,heap        ] GC(582) ParOldGen: 228349K(228352K)->233530K(233984K)
[525.548s][info][gc,metaspace   ] GC(582) Metaspace: 43139K(43520K)->43139K(43520K) NonClass: 38790K(39040K)->38790K(39040K) Class: 4349K(4480K)->4349K(4480K)
[525.548s][info][gc             ] GC(582) Pause Young (Allocation Failure) 463M->229M(509M) 6.985ms
[525.548s][info][gc,cpu         ] GC(582) User=0.01s Sys=0.00s Real=0.01s
[526.917s][info][gc,start       ] GC(583) Pause Young (Allocation Failure)
[526.940s][info][gc,heap        ] GC(583) PSYoungGen: 242646K(287232K)->22612K(264704K) Eden: 241664K(241664K)->0K(241664K) From: 982K(45568K)->22612K(23040K)
[526.940s][info][gc,heap        ] GC(583) ParOldGen: 233530K(233984K)->234358K(234496K)
[526.940s][info][gc,metaspace   ] GC(583) Metaspace: 43139K(43520K)->43139K(43520K) NonClass: 38790K(39040K)->38790K(39040K) Class: 4349K(4480K)->4349K(4480K)
[526.940s][info][gc             ] GC(583) Pause Young (Allocation Failure) 465M->250M(487M) 23.657ms
[526.940s][info][gc,cpu         ] GC(583) User=0.05s Sys=0.00s Real=0.02s
[528.234s][info][gc,start       ] GC(584) Pause Young (Allocation Failure)
[528.282s][info][gc,heap        ] GC(584) PSYoungGen: 264276K(264704K)->24267K(287744K) Eden: 241664K(241664K)->0K(242688K) From: 22612K(23040K)->24267K(45056K)
[528.282s][info][gc,heap        ] GC(584) ParOldGen: 234358K(234496K)->257123K(257536K)
[528.282s][info][gc,metaspace   ] GC(584) Metaspace: 43139K(43520K)->43139K(43520K) NonClass: 38790K(39040K)->38790K(39040K) Class: 4349K(4480K)->4349K(4480K)
[528.282s][info][gc             ] GC(584) Pause Young (Allocation Failure) 486M->274M(532M) 47.619ms
[528.282s][info][gc,cpu         ] GC(584) User=0.08s Sys=0.02s Real=0.05s
[529.146s][info][gc,start       ] GC(585) Pause Young (Allocation Failure)
[529.185s][info][gc,heap        ] GC(585) PSYoungGen: 266955K(287744K)->13867K(287232K) Eden: 242688K(242688K)->0K(242688K) From: 24267K(45056K)->13867K(44544K)
[529.185s][info][gc,heap        ] GC(585) ParOldGen: 257123K(257536K)->281218K(281600K)
[529.185s][info][gc,metaspace   ] GC(585) Metaspace: 43139K(43520K)->43139K(43520K) NonClass: 38790K(39040K)->38790K(39040K) Class: 4349K(4480K)->4349K(4480K)
[529.185s][info][gc             ] GC(585) Pause Young (Allocation Failure) 511M->288M(555M) 38.637ms
[529.185s][info][gc,cpu         ] GC(585) User=0.06s Sys=0.01s Real=0.04s
[530.115s][info][gc,start       ] GC(586) Pause Young (Allocation Failure)
[530.126s][info][gc,heap        ] GC(586) PSYoungGen: 256555K(287232K)->12080K(287744K) Eden: 242688K(242688K)->0K(245760K) From: 13867K(44544K)->12080K(41984K)
[530.126s][info][gc,heap        ] GC(586) ParOldGen: 281218K(281600K)->281970K(282112K)
[530.126s][info][gc,metaspace   ] GC(586) Metaspace: 43139K(43520K)->43139K(43520K) NonClass: 38790K(39040K)->38790K(39040K) Class: 4349K(4480K)->4349K(4480K)
[530.126s][info][gc             ] GC(586) Pause Young (Allocation Failure) 525M->287M(556M) 10.410ms
[530.126s][info][gc,cpu         ] GC(586) User=0.01s Sys=0.00s Real=0.01s
[531.075s][info][gc,start       ] GC(587) Pause Young (Allocation Failure)
[531.082s][info][gc,heap        ] GC(587) PSYoungGen: 257840K(287744K)->5752K(287232K) Eden: 245760K(245760K)->0K(245760K) From: 12080K(41984K)->5752K(41472K)
[531.082s][info][gc,heap        ] GC(587) ParOldGen: 281970K(282112K)->283254K(283648K)
[531.082s][info][gc,metaspace   ] GC(587) Metaspace: 43139K(43520K)->43139K(43520K) NonClass: 38790K(39040K)->38790K(39040K) Class: 4349K(4480K)->4349K(4480K)
[531.082s][info][gc             ] GC(587) Pause Young (Allocation Failure) 527M->282M(557M) 7.079ms
[531.082s][info][gc,cpu         ] GC(587) User=0.01s Sys=0.01s Real=0.01s
[531.876s][info][gc,start       ] GC(588) Pause Young (Allocation Failure)
[531.882s][info][gc,heap        ] GC(588) PSYoungGen: 251512K(287232K)->5219K(291840K) Eden: 245760K(245760K)->0K(250880K) From: 5752K(41472K)->5219K(40960K)
[531.882s][info][gc,heap        ] GC(588) ParOldGen: 283254K(283648K)->284494K(284672K)
[531.882s][info][gc,metaspace   ] GC(588) Metaspace: 43139K(43520K)->43139K(43520K) NonClass: 38790K(39040K)->38790K(39040K) Class: 4349K(4480K)->4349K(4480K)
[531.882s][info][gc             ] GC(588) Pause Young (Allocation Failure) 522M->282M(563M) 5.915ms
[531.882s][info][gc,cpu         ] GC(588) User=0.01s Sys=0.00s Real=0.01s
[532.802s][info][gc,start       ] GC(589) Pause Young (Allocation Failure)
[532.825s][info][gc,heap        ] GC(589) PSYoungGen: 256099K(291840K)->26508K(277504K) Eden: 250880K(250880K)->0K(250880K) From: 5219K(40960K)->26508K(26624K)
[532.825s][info][gc,heap        ] GC(589) ParOldGen: 284494K(284672K)->285566K(285696K)
[532.825s][info][gc,metaspace   ] GC(589) Metaspace: 43139K(43520K)->43139K(43520K) NonClass: 38790K(39040K)->38790K(39040K) Class: 4349K(4480K)->4349K(4480K)
[532.825s][info][gc             ] GC(589) Pause Young (Allocation Failure) 527M->304M(550M) 23.200ms
[532.825s][info][gc,cpu         ] GC(589) User=0.04s Sys=0.00s Real=0.02s
[534.230s][info][gc,start       ] GC(590) Pause Young (Allocation Failure)
[534.237s][info][gc,heap        ] GC(590) PSYoungGen: 277219K(277504K)->6840K(292352K) Eden: 250710K(250880K)->0K(249856K) From: 26508K(26624K)->6840K(42496K)
[534.237s][info][gc,heap        ] GC(590) ParOldGen: 285566K(285696K)->286398K(286720K)
[534.237s][info][gc,metaspace   ] GC(590) Metaspace: 43139K(43520K)->43139K(43520K) NonClass: 38790K(39040K)->38790K(39040K) Class: 4349K(4480K)->4349K(4480K)
[534.237s][info][gc             ] GC(590) Pause Young (Allocation Failure) 549M->286M(565M) 7.060ms
[534.237s][info][gc,cpu         ] GC(590) User=0.01s Sys=0.00s Real=0.01s
[535.125s][info][gc,start       ] GC(591) Pause Young (Allocation Failure)
[535.130s][info][gc,heap        ] GC(591) PSYoungGen: 256696K(292352K)->4038K(253952K) Eden: 249856K(249856K)->0K(249856K) From: 6840K(42496K)->4038K(4096K)
[535.130s][info][gc,heap        ] GC(591) ParOldGen: 286398K(286720K)->287526K(287744K)
[535.130s][info][gc,metaspace   ] GC(591) Metaspace: 43139K(43520K)->43139K(43520K) NonClass: 38790K(39040K)->38790K(39040K) Class: 4349K(4480K)->4349K(4480K)
[535.130s][info][gc             ] GC(591) Pause Young (Allocation Failure) 530M->284M(529M) 4.788ms
[535.130s][info][gc,cpu         ] GC(591) User=0.01s Sys=0.00s Real=0.01s
[536.023s][info][gc,start       ] GC(592) Pause Young (Allocation Failure)
[536.030s][info][gc,heap        ] GC(592) PSYoungGen: 253894K(253952K)->5268K(291840K) Eden: 249856K(249856K)->0K(250880K) From: 4038K(4096K)->5268K(40960K)
[536.030s][info][gc,heap        ] GC(592) ParOldGen: 287526K(287744K)->288538K(288768K)
[536.030s][info][gc,metaspace   ] GC(592) Metaspace: 43140K(43520K)->43140K(43520K) NonClass: 38791K(39040K)->38791K(39040K) Class: 4349K(4480K)->4349K(4480K)
[536.030s][info][gc             ] GC(592) Pause Young (Allocation Failure) 528M->286M(567M) 6.662ms
[536.030s][info][gc,cpu         ] GC(592) User=0.01s Sys=0.01s Real=0.01s
[537.009s][info][gc,start       ] GC(593) Pause Young (Allocation Failure)
[537.013s][info][gc,heap        ] GC(593) PSYoungGen: 256148K(291840K)->1328K(290816K) Eden: 250880K(250880K)->0K(250880K) From: 5268K(40960K)->1328K(39936K)
[537.013s][info][gc,heap        ] GC(593) ParOldGen: 288538K(288768K)->289558K(289792K)
[537.013s][info][gc,metaspace   ] GC(593) Metaspace: 43140K(43520K)->43140K(43520K) NonClass: 38791K(39040K)->38791K(39040K) Class: 4349K(4480K)->4349K(4480K)
[537.013s][info][gc             ] GC(593) Pause Young (Allocation Failure) 531M->284M(567M) 4.001ms
[537.013s][info][gc,cpu         ] GC(593) User=0.01s Sys=0.00s Real=0.00s
[537.782s][info][gc,start       ] GC(594) Pause Young (Allocation Failure)
[537.825s][info][gc,heap        ] GC(594) PSYoungGen: 252208K(290816K)->39402K(276992K) Eden: 250880K(250880K)->0K(237568K) From: 1328K(39936K)->39402K(39424K)
[537.825s][info][gc,heap        ] GC(594) ParOldGen: 289558K(289792K)->293280K(293376K)
[537.825s][info][gc,metaspace   ] GC(594) Metaspace: 43140K(43520K)->43140K(43520K) NonClass: 38791K(39040K)->38791K(39040K) Class: 4349K(4480K)->4349K(4480K)
[537.825s][info][gc             ] GC(594) Pause Young (Allocation Failure) 529M->324M(557M) 42.951ms
[537.825s][info][gc,cpu         ] GC(594) User=0.07s Sys=0.01s Real=0.04s
[539.008s][info][gc,start       ] GC(595) Pause Young (Allocation Failure)
[539.058s][info][gc,heap        ] GC(595) PSYoungGen: 276970K(276992K)->17616K(285696K) Eden: 237568K(237568K)->0K(237568K) From: 39402K(39424K)->17616K(48128K)
[539.058s][info][gc,heap        ] GC(595) ParOldGen: 293280K(293376K)->314922K(315392K)
[539.058s][info][gc,metaspace   ] GC(595) Metaspace: 43142K(43520K)->43142K(43520K) NonClass: 38793K(39040K)->38793K(39040K) Class: 4349K(4480K)->4349K(4480K)
[539.058s][info][gc             ] GC(595) Pause Young (Allocation Failure) 556M->324M(587M) 49.400ms
[539.058s][info][gc,cpu         ] GC(595) User=0.08s Sys=0.02s Real=0.05s
[539.950s][info][gc,start       ] GC(596) Pause Young (Allocation Failure)
[539.996s][info][gc,heap        ] GC(596) PSYoungGen: 255184K(285696K)->21892K(282112K) Eden: 237568K(237568K)->0K(240128K) From: 17616K(48128K)->21892K(41984K)
[539.996s][info][gc,heap        ] GC(596) ParOldGen: 314922K(315392K)->332052K(332288K)
[539.996s][info][gc,metaspace   ] GC(596) Metaspace: 43142K(43520K)->43142K(43520K) NonClass: 38793K(39040K)->38793K(39040K) Class: 4349K(4480K)->4349K(4480K)
[539.996s][info][gc             ] GC(596) Pause Young (Allocation Failure) 556M->345M(600M) 45.738ms
[539.996s][info][gc,cpu         ] GC(596) User=0.08s Sys=0.01s Real=0.04s
[540.726s][info][gc,start       ] GC(597) Pause Young (Allocation Failure)
[540.753s][info][gc,heap        ] GC(597) PSYoungGen: 262020K(282112K)->14690K(285184K) Eden: 240128K(240128K)->0K(240128K) From: 21892K(41984K)->14690K(45056K)
[540.753s][info][gc,heap        ] GC(597) ParOldGen: 332052K(332288K)->343009K(343040K)
[540.753s][info][gc,metaspace   ] GC(597) Metaspace: 43142K(43520K)->43142K(43520K) NonClass: 38793K(39040K)->38793K(39040K) Class: 4349K(4480K)->4349K(4480K)
[540.753s][info][gc             ] GC(597) Pause Young (Allocation Failure) 580M->349M(613M) 27.093ms
[540.753s][info][gc,cpu         ] GC(597) User=0.05s Sys=0.01s Real=0.03s
[541.540s][info][gc,start       ] GC(598) Pause Young (Allocation Failure)
[541.553s][info][gc,heap        ] GC(598) PSYoungGen: 254818K(285184K)->1301K(288256K) Eden: 240128K(240128K)->0K(246272K) From: 14690K(45056K)->1301K(41984K)
[541.553s][info][gc,heap        ] GC(598) ParOldGen: 343009K(343040K)->352776K(353280K)
[541.553s][info][gc,metaspace   ] GC(598) Metaspace: 43143K(43520K)->43143K(43520K) NonClass: 38794K(39040K)->38794K(39040K) Class: 4349K(4480K)->4349K(4480K)
[541.553s][info][gc             ] GC(598) Pause Young (Allocation Failure) 583M->345M(626M) 12.569ms
[541.553s][info][gc,cpu         ] GC(598) User=0.01s Sys=0.01s Real=0.01s
[542.394s][info][gc,start       ] GC(599) Pause Young (Allocation Failure)
[542.413s][info][gc,heap        ] GC(599) PSYoungGen: 247573K(288256K)->29516K(288768K) Eden: 246272K(246272K)->0K(246272K) From: 1301K(41984K)->29516K(42496K)
[542.413s][info][gc,heap        ] GC(599) ParOldGen: 352776K(353280K)->353092K(353280K)
[542.413s][info][gc,metaspace   ] GC(599) Metaspace: 43143K(43520K)->43143K(43520K) NonClass: 38794K(39040K)->38794K(39040K) Class: 4349K(4480K)->4349K(4480K)
[542.413s][info][gc             ] GC(599) Pause Young (Allocation Failure) 586M->373M(627M) 19.196ms
[542.413s][info][gc,cpu         ] GC(599) User=0.04s Sys=0.00s Real=0.02s
[543.263s][info][gc,start       ] GC(600) Pause Young (Allocation Failure)
[543.270s][info][gc,heap        ] GC(600) PSYoungGen: 275788K(288768K)->6602K(289792K) Eden: 246272K(246272K)->0K(244736K) From: 29516K(42496K)->6602K(45056K)
[543.270s][info][gc,heap        ] GC(600) ParOldGen: 353092K(353280K)->353857K(354304K)
[543.270s][info][gc,metaspace   ] GC(600) Metaspace: 43143K(43520K)->43143K(43520K) NonClass: 38794K(39040K)->38794K(39040K) Class: 4349K(4480K)->4349K(4480K)
[543.270s][info][gc             ] GC(600) Pause Young (Allocation Failure) 614M->352M(629M) 7.376ms
[543.270s][info][gc,cpu         ] GC(600) User=0.02s Sys=0.00s Real=0.01s
[544.152s][info][gc,start       ] GC(601) Pause Young (Allocation Failure)
[544.190s][info][gc,heap        ] GC(601) PSYoungGen: 251338K(289792K)->44013K(288768K) Eden: 244736K(244736K)->0K(244736K) From: 6602K(45056K)->44013K(44032K)
[544.190s][info][gc,heap        ] GC(601) ParOldGen: 353857K(354304K)->364824K(365056K)
[544.190s][info][gc,metaspace   ] GC(601) Metaspace: 43143K(43520K)->43143K(43520K) NonClass: 38794K(39040K)->38794K(39040K) Class: 4349K(4480K)->4349K(4480K)
[544.190s][info][gc             ] GC(601) Pause Young (Allocation Failure) 591M->399M(638M) 37.434ms
[544.190s][info][gc,cpu         ] GC(601) User=0.06s Sys=0.00s Real=0.04s
[545.073s][info][gc,start       ] GC(602) Pause Young (Allocation Failure)
[545.214s][info][gc,heap        ] GC(602) PSYoungGen: 288749K(288768K)->45050K(179200K) Eden: 244736K(244736K)->0K(134144K) From: 44013K(44032K)->45050K(45056K)
[545.214s][info][gc,heap        ] GC(602) ParOldGen: 364824K(365056K)->467554K(467968K)
[545.214s][info][gc,metaspace   ] GC(602) Metaspace: 43143K(43520K)->43143K(43520K) NonClass: 38794K(39040K)->38794K(39040K) Class: 4349K(4480K)->4349K(4480K)
[545.214s][info][gc             ] GC(602) Pause Young (Allocation Failure) 638M->500M(632M) 140.695ms
[545.214s][info][gc,cpu         ] GC(602) User=0.19s Sys=0.08s Real=0.14s
[545.717s][info][gc,start       ] GC(603) Pause Young (Allocation Failure)
[545.775s][info][gc,heap        ] GC(603) PSYoungGen: 179194K(179200K)->23361K(233984K) Eden: 134144K(134144K)->0K(134144K) From: 45050K(45056K)->23361K(99840K)
[545.775s][info][gc,heap        ] GC(603) ParOldGen: 467554K(467968K)->499449K(499712K)
[545.775s][info][gc,metaspace   ] GC(603) Metaspace: 43145K(43520K)->43145K(43520K) NonClass: 38795K(39040K)->38795K(39040K) Class: 4349K(4480K)->4349K(4480K)
[545.775s][info][gc             ] GC(603) Pause Young (Allocation Failure) 631M->510M(716M) 58.157ms
[545.775s][info][gc,cpu         ] GC(603) User=0.09s Sys=0.02s Real=0.05s
[546.253s][info][gc,start       ] GC(604) Pause Young (Allocation Failure)
[546.287s][info][gc,heap        ] GC(604) PSYoungGen: 157505K(233984K)->25300K(218112K) Eden: 134144K(134144K)->0K(139776K) From: 23361K(99840K)->25300K(78336K)
[546.287s][info][gc,heap        ] GC(604) ParOldGen: 499449K(499712K)->514433K(514560K)
[546.287s][info][gc,metaspace   ] GC(604) Metaspace: 43145K(43520K)->43145K(43520K) NonClass: 38795K(39040K)->38795K(39040K) Class: 4349K(4480K)->4349K(4480K)
[546.287s][info][gc             ] GC(604) Pause Young (Allocation Failure) 641M->527M(715M) 33.708ms
[546.287s][info][gc,cpu         ] GC(604) User=0.05s Sys=0.01s Real=0.03s
[546.773s][info][gc,start       ] GC(605) Pause Young (Allocation Failure)
[546.794s][info][gc,heap        ] GC(605) PSYoungGen: 165076K(218112K)->32463K(228864K) Eden: 139776K(139776K)->0K(139776K) From: 25300K(78336K)->32463K(89088K)
[546.794s][info][gc,heap        ] GC(605) ParOldGen: 514433K(514560K)->515028K(515072K)
[546.794s][info][gc,metaspace   ] GC(605) Metaspace: 43145K(43520K)->43145K(43520K) NonClass: 38795K(39040K)->38795K(39040K) Class: 4349K(4480K)->4349K(4480K)
[546.794s][info][gc             ] GC(605) Pause Young (Allocation Failure) 663M->534M(726M) 20.483ms
[546.794s][info][gc,cpu         ] GC(605) User=0.04s Sys=0.00s Real=0.02s
[547.260s][info][gc,start       ] GC(606) Pause Young (Allocation Failure)
[547.269s][info][gc,heap        ] GC(606) PSYoungGen: 172239K(228864K)->10509K(235520K) Eden: 139776K(139776K)->0K(160768K) From: 32463K(89088K)->10509K(74752K)
[547.269s][info][gc,heap        ] GC(606) ParOldGen: 515028K(515072K)->515621K(516096K)
[547.269s][info][gc,metaspace   ] GC(606) Metaspace: 43145K(43520K)->43145K(43520K) NonClass: 38795K(39040K)->38795K(39040K) Class: 4349K(4480K)->4349K(4480K)
[547.269s][info][gc             ] GC(606) Pause Young (Allocation Failure) 671M->513M(734M) 9.028ms
[547.269s][info][gc,cpu         ] GC(606) User=0.02s Sys=0.00s Real=0.01s
[547.807s][info][gc,start       ] GC(607) Pause Young (Allocation Failure)
[547.827s][info][gc,heap        ] GC(607) PSYoungGen: 171277K(235520K)->31031K(242688K) Eden: 160768K(160768K)->0K(160768K) From: 10509K(74752K)->31031K(81920K)
[547.827s][info][gc,heap        ] GC(607) ParOldGen: 515621K(516096K)->516341K(516608K)
[547.827s][info][gc,metaspace   ] GC(607) Metaspace: 43145K(43520K)->43145K(43520K) NonClass: 38795K(39040K)->38795K(39040K) Class: 4349K(4480K)->4349K(4480K)
[547.827s][info][gc             ] GC(607) Pause Young (Allocation Failure) 670M->534M(741M) 19.984ms
[547.827s][info][gc,cpu         ] GC(607) User=0.04s Sys=0.00s Real=0.02s
[548.367s][info][gc,start       ] GC(608) Pause Young (Allocation Failure)
[548.389s][info][gc,heap        ] GC(608) PSYoungGen: 191799K(242688K)->33545K(242688K) Eden: 160768K(160768K)->0K(174080K) From: 31031K(81920K)->33545K(68608K)
[548.389s][info][gc,heap        ] GC(608) ParOldGen: 516341K(516608K)->516668K(517120K)
[548.389s][info][gc,metaspace   ] GC(608) Metaspace: 43145K(43520K)->43145K(43520K) NonClass: 38795K(39040K)->38795K(39040K) Class: 4349K(4480K)->4349K(4480K)
[548.389s][info][gc             ] GC(608) Pause Young (Allocation Failure) 691M->537M(742M) 21.703ms
[548.389s][info][gc,cpu         ] GC(608) User=0.04s Sys=0.00s Real=0.02s
[548.966s][info][gc,start       ] GC(609) Pause Young (Allocation Failure)
[548.975s][info][gc,heap        ] GC(609) PSYoungGen: 207625K(242688K)->13170K(248832K) Eden: 174080K(174080K)->0K(174080K) From: 33545K(68608K)->13170K(74752K)
[548.975s][info][gc,heap        ] GC(609) ParOldGen: 516668K(517120K)->517069K(517120K)
[548.975s][info][gc,metaspace   ] GC(609) Metaspace: 43145K(43520K)->43145K(43520K) NonClass: 38795K(39040K)->38795K(39040K) Class: 4349K(4480K)->4349K(4480K)
[548.975s][info][gc             ] GC(609) Pause Young (Allocation Failure) 707M->517M(748M) 9.120ms
[548.975s][info][gc,cpu         ] GC(609) User=0.02s Sys=0.00s Real=0.01s
[549.473s][info][gc,start       ] GC(610) Pause Young (Allocation Failure)
[549.492s][info][gc,heap        ] GC(610) PSYoungGen: 187250K(248832K)->8462K(254976K) Eden: 174080K(174080K)->0K(186368K) From: 13170K(74752K)->8462K(68608K)
[549.492s][info][gc,heap        ] GC(610) ParOldGen: 517069K(517120K)->530051K(530432K)
[549.492s][info][gc,metaspace   ] GC(610) Metaspace: 43145K(43520K)->43145K(43520K) NonClass: 38795K(39040K)->38795K(39040K) Class: 4349K(4480K)->4349K(4480K)
[549.492s][info][gc             ] GC(610) Pause Young (Allocation Failure) 687M->525M(767M) 18.979ms
[549.492s][info][gc,cpu         ] GC(610) User=0.03s Sys=0.01s Real=0.02s
[550.073s][info][gc,start       ] GC(611) Pause Young (Allocation Failure)
[550.083s][info][gc,heap        ] GC(611) PSYoungGen: 194830K(254976K)->748K(258048K) Eden: 186368K(186368K)->0K(186368K) From: 8462K(68608K)->748K(71680K)
[550.083s][info][gc,heap        ] GC(611) ParOldGen: 530051K(530432K)->537721K(538112K)
[550.083s][info][gc,metaspace   ] GC(611) Metaspace: 43145K(43520K)->43145K(43520K) NonClass: 38795K(39040K)->38795K(39040K) Class: 4349K(4480K)->4349K(4480K)
[550.083s][info][gc             ] GC(611) Pause Young (Allocation Failure) 707M->525M(777M) 9.984ms
[550.083s][info][gc,cpu         ] GC(611) User=0.01s Sys=0.01s Real=0.01s
[550.593s][info][gc,start       ] GC(612) Pause Young (Allocation Failure)
[550.599s][info][gc,heap        ] GC(612) PSYoungGen: 187116K(258048K)->4636K(258560K) Eden: 186368K(186368K)->0K(190976K) From: 748K(71680K)->4636K(67584K)
[550.599s][info][gc,heap        ] GC(612) ParOldGen: 537721K(538112K)->537769K(538112K)
[550.599s][info][gc,metaspace   ] GC(612) Metaspace: 43145K(43520K)->43145K(43520K) NonClass: 38795K(39040K)->38795K(39040K) Class: 4349K(4480K)->4349K(4480K)
[550.599s][info][gc             ] GC(612) Pause Young (Allocation Failure) 707M->529M(778M) 5.732ms
[550.599s][info][gc,cpu         ] GC(612) User=0.01s Sys=0.00s Real=0.01s
[550.933s][info][gc,start       ] GC(613) Pause Young (Allocation Failure)
[550.939s][info][gc,heap        ] GC(613) PSYoungGen: 195612K(258560K)->2894K(260608K) Eden: 190976K(190976K)->0K(190976K) From: 4636K(67584K)->2894K(69632K)
[550.939s][info][gc,heap        ] GC(613) ParOldGen: 537769K(538112K)->539669K(540160K)
[550.939s][info][gc,metaspace   ] GC(613) Metaspace: 43145K(43520K)->43145K(43520K) NonClass: 38795K(39040K)->38795K(39040K) Class: 4349K(4480K)->4349K(4480K)
[550.940s][info][gc             ] GC(613) Pause Young (Allocation Failure) 716M->529M(782M) 6.363ms
[550.940s][info][gc,cpu         ] GC(613) User=0.02s Sys=0.00s Real=0.01s
[551.308s][info][gc,start       ] GC(614) Pause Young (Allocation Failure)
[551.317s][info][gc,heap        ] GC(614) PSYoungGen: 193870K(260608K)->13247K(256512K) Eden: 190976K(190976K)->0K(196096K) From: 2894K(69632K)->13247K(60416K)
[551.317s][info][gc,heap        ] GC(614) ParOldGen: 539669K(540160K)->539701K(540160K)
[551.317s][info][gc,metaspace   ] GC(614) Metaspace: 43145K(43520K)->43145K(43520K) NonClass: 38795K(39040K)->38795K(39040K) Class: 4349K(4480K)->4349K(4480K)
[551.317s][info][gc             ] GC(614) Pause Young (Allocation Failure) 716M->539M(778M) 8.398ms
[551.317s][info][gc,cpu         ] GC(614) User=0.02s Sys=0.00s Real=0.01s
[551.595s][info][gc,start       ] GC(615) Pause Young (Allocation Failure)
[551.605s][info][gc,heap        ] GC(615) PSYoungGen: 208602K(256512K)->4176K(260608K) Eden: 195354K(196096K)->0K(196096K) From: 13247K(60416K)->4176K(64512K)
[551.605s][info][gc,heap        ] GC(615) ParOldGen: 539701K(540160K)->545763K(545792K)
[551.605s][info][gc,metaspace   ] GC(615) Metaspace: 43145K(43520K)->43145K(43520K) NonClass: 38795K(39040K)->38795K(39040K) Class: 4349K(4480K)->4349K(4480K)
[551.605s][info][gc             ] GC(615) Pause Young (Allocation Failure) 730M->537M(787M) 10.199ms
[551.605s][info][gc,cpu         ] GC(615) User=0.01s Sys=0.01s Real=0.01s
[551.852s][info][gc,start       ] GC(616) Pause Young (Allocation Failure)
[551.861s][info][gc,heap        ] GC(616) PSYoungGen: 199610K(260608K)->2149K(263168K) Eden: 195433K(196096K)->0K(206848K) From: 4176K(64512K)->2149K(56320K)
[551.861s][info][gc,heap        ] GC(616) ParOldGen: 545763K(545792K)->549920K(550400K)
[551.861s][info][gc,metaspace   ] GC(616) Metaspace: 43145K(43520K)->43145K(43520K) NonClass: 38795K(39040K)->38795K(39040K) Class: 4349K(4480K)->4349K(4480K)
[551.861s][info][gc             ] GC(616) Pause Young (Allocation Failure) 727M->539M(794M) 8.883ms
[551.861s][info][gc,cpu         ] GC(616) User=0.02s Sys=0.01s Real=0.01s
[552.123s][info][gc,start       ] GC(617) Pause Young (Allocation Failure)
[552.130s][info][gc,heap        ] GC(617) PSYoungGen: 208349K(263168K)->1904K(267264K) Eden: 206200K(206848K)->0K(206848K) From: 2149K(56320K)->1904K(60416K)
[552.130s][info][gc,heap        ] GC(617) ParOldGen: 549920K(550400K)->552033K(552448K)
[552.130s][info][gc,metaspace   ] GC(617) Metaspace: 43145K(43520K)->43145K(43520K) NonClass: 38795K(39040K)->38795K(39040K) Class: 4349K(4480K)->4349K(4480K)
[552.130s][info][gc             ] GC(617) Pause Young (Allocation Failure) 740M->540M(800M) 6.934ms
[552.130s][info][gc,cpu         ] GC(617) User=0.01s Sys=0.00s Real=0.01s
[552.388s][info][gc,start       ] GC(618) Pause Young (Allocation Failure)
[552.394s][info][gc,heap        ] GC(618) PSYoungGen: 208036K(267264K)->1571K(267264K) Eden: 206132K(206848K)->0K(215040K) From: 1904K(60416K)->1571K(52224K)
[552.395s][info][gc,heap        ] GC(618) ParOldGen: 552033K(552448K)->553941K(553984K)
[552.395s][info][gc,metaspace   ] GC(618) Metaspace: 43145K(43520K)->43145K(43520K) NonClass: 38795K(39040K)->38795K(39040K) Class: 4349K(4480K)->4349K(4480K)
[552.395s][info][gc             ] GC(618) Pause Young (Allocation Failure) 742M->542M(802M) 6.138ms
[552.395s][info][gc,cpu         ] GC(618) User=0.01s Sys=0.00s Real=0.00s
[552.699s][info][gc,start       ] GC(619) Pause Young (Allocation Failure)
[552.710s][info][gc,heap        ] GC(619) PSYoungGen: 216611K(267264K)->9546K(271360K) Eden: 215040K(215040K)->0K(215040K) From: 1571K(52224K)->9546K(56320K)
[552.710s][info][gc,heap        ] GC(619) ParOldGen: 553941K(553984K)->555450K(555520K)
[552.710s][info][gc,metaspace   ] GC(619) Metaspace: 43145K(43520K)->43145K(43520K) NonClass: 38796K(39040K)->38796K(39040K) Class: 4349K(4480K)->4349K(4480K)
[552.710s][info][gc             ] GC(619) Pause Young (Allocation Failure) 752M->551M(807M) 11.571ms
[552.710s][info][gc,cpu         ] GC(619) User=0.02s Sys=0.00s Real=0.01s
[553.014s][info][gc,start       ] GC(620) Pause Young (Allocation Failure)
[553.033s][info][gc,heap        ] GC(620) PSYoungGen: 222931K(271360K)->6809K(270848K) Eden: 213385K(215040K)->0K(224768K) From: 9546K(56320K)->6809K(46080K)
[553.033s][info][gc,heap        ] GC(620) ParOldGen: 555450K(555520K)->563157K(563200K)
[553.033s][info][gc,metaspace   ] GC(620) Metaspace: 43145K(43520K)->43145K(43520K) NonClass: 38796K(39040K)->38796K(39040K) Class: 4349K(4480K)->4349K(4480K)
[553.033s][info][gc             ] GC(620) Pause Young (Allocation Failure) 760M->556M(814M) 19.020ms
[553.033s][info][gc,cpu         ] GC(620) User=0.03s Sys=0.01s Real=0.02s
[553.330s][info][gc,start       ] GC(621) Pause Young (Allocation Failure)
[553.345s][info][gc,heap        ] GC(621) PSYoungGen: 231577K(270848K)->4128K(274432K) Eden: 224768K(224768K)->0K(224768K) From: 6809K(46080K)->4128K(49664K)
[553.345s][info][gc,heap        ] GC(621) ParOldGen: 563157K(563200K)->570038K(570368K)
[553.345s][info][gc,metaspace   ] GC(621) Metaspace: 43145K(43520K)->43145K(43520K) NonClass: 38796K(39040K)->38796K(39040K) Class: 4349K(4480K)->4349K(4480K)
[553.345s][info][gc             ] GC(621) Pause Young (Allocation Failure) 776M->560M(825M) 15.284ms
[553.345s][info][gc,cpu         ] GC(621) User=0.02s Sys=0.01s Real=0.01s
[553.842s][info][gc,start       ] GC(622) Pause Young (Allocation Failure)
[553.859s][info][gc,heap        ] GC(622) PSYoungGen: 228896K(274432K)->12899K(276480K) Eden: 224768K(224768K)->0K(236544K) From: 4128K(49664K)->12899K(39936K)
[553.859s][info][gc,heap        ] GC(622) ParOldGen: 570038K(570368K)->574078K(574464K)
[553.859s][info][gc,metaspace   ] GC(622) Metaspace: 43145K(43520K)->43145K(43520K) NonClass: 38796K(39040K)->38796K(39040K) Class: 4349K(4480K)->4349K(4480K)
[553.859s][info][gc             ] GC(622) Pause Young (Allocation Failure) 780M->573M(831M) 17.192ms
[553.859s][info][gc,cpu         ] GC(622) User=0.03s Sys=0.01s Real=0.02s
[554.410s][info][gc,start       ] GC(623) Pause Young (Allocation Failure)
[554.428s][info][gc,heap        ] GC(623) PSYoungGen: 249443K(276480K)->2669K(281088K) Eden: 236544K(236544K)->0K(236544K) From: 12899K(39936K)->2669K(44544K)
[554.428s][info][gc,heap        ] GC(623) ParOldGen: 574078K(574464K)->586272K(586752K)
[554.428s][info][gc,metaspace   ] GC(623) Metaspace: 43148K(43520K)->43148K(43520K) NonClass: 38799K(39040K)->38799K(39040K) Class: 4349K(4480K)->4349K(4480K)
[554.428s][info][gc             ] GC(623) Pause Young (Allocation Failure) 804M->575M(847M) 18.024ms
[554.428s][info][gc,cpu         ] GC(623) User=0.03s Sys=0.02s Real=0.02s
[554.983s][info][gc,start       ] GC(624) Pause Young (Allocation Failure)
[554.986s][info][gc,heap        ] GC(624) PSYoungGen: 239213K(281088K)->1600K(284160K) Eden: 236544K(236544K)->0K(246784K) From: 2669K(44544K)->1600K(37376K)
[554.986s][info][gc,heap        ] GC(624) ParOldGen: 586272K(586752K)->586457K(586752K)
[554.986s][info][gc,metaspace   ] GC(624) Metaspace: 43148K(43520K)->43148K(43520K) NonClass: 38799K(39040K)->38799K(39040K) Class: 4349K(4480K)->4349K(4480K)
[554.986s][info][gc             ] GC(624) Pause Young (Allocation Failure) 806M->574M(850M) 3.555ms
[554.986s][info][gc,cpu         ] GC(624) User=0.01s Sys=0.00s Real=0.00s
[555.561s][info][gc,start       ] GC(625) Pause Young (Allocation Failure)
[555.563s][info][gc,heap        ] GC(625) PSYoungGen: 248384K(284160K)->736K(287744K) Eden: 246784K(246784K)->0K(246784K) From: 1600K(37376K)->736K(40960K)
[555.563s][info][gc,heap        ] GC(625) ParOldGen: 586457K(586752K)->586465K(586752K)
[555.563s][info][gc,metaspace   ] GC(625) Metaspace: 43151K(43520K)->43151K(43520K) NonClass: 38802K(39040K)->38802K(39040K) Class: 4349K(4480K)->4349K(4480K)
[555.563s][info][gc             ] GC(625) Pause Young (Allocation Failure) 815M->573M(854M) 2.712ms
[555.563s][info][gc,cpu         ] GC(625) User=0.01s Sys=0.00s Real=0.00s
[556.190s][info][gc,start       ] GC(626) Pause Young (Allocation Failure)
[556.196s][info][gc,heap        ] GC(626) PSYoungGen: 247520K(287744K)->6434K(286208K) Eden: 246784K(246784K)->0K(253440K) From: 736K(40960K)->6434K(32768K)
[556.196s][info][gc,heap        ] GC(626) ParOldGen: 586465K(586752K)->586505K(586752K)
[556.196s][info][gc,metaspace   ] GC(626) Metaspace: 43172K(43520K)->43172K(43520K) NonClass: 38822K(39040K)->38822K(39040K) Class: 4349K(4480K)->4349K(4480K)
[556.196s][info][gc             ] GC(626) Pause Young (Allocation Failure) 814M->579M(852M) 6.030ms
[556.196s][info][gc,cpu         ] GC(626) User=0.01s Sys=0.00s Real=0.00s
[557.144s][info][gc,start       ] GC(627) Pause Young (Allocation Failure)
[557.150s][info][gc,heap        ] GC(627) PSYoungGen: 259874K(286208K)->2930K(290304K) Eden: 253440K(253440K)->0K(253440K) From: 6434K(32768K)->2930K(36864K)
[557.150s][info][gc,heap        ] GC(627) ParOldGen: 586505K(586752K)->586633K(586752K)
[557.150s][info][gc,metaspace   ] GC(627) Metaspace: 43172K(43520K)->43172K(43520K) NonClass: 38822K(39040K)->38822K(39040K) Class: 4349K(4480K)->4349K(4480K)
[557.150s][info][gc             ] GC(627) Pause Young (Allocation Failure) 826M->575M(856M) 5.860ms
[557.150s][info][gc,cpu         ] GC(627) User=0.01s Sys=0.00s Real=0.01s
[558.403s][info][gc,start       ] GC(628) Pause Young (Allocation Failure)
[558.425s][info][gc,heap        ] GC(628) PSYoungGen: 256370K(290304K)->18756K(295936K) Eden: 253440K(253440K)->0K(261120K) From: 2930K(36864K)->18756K(34816K)
[558.425s][info][gc,heap        ] GC(628) ParOldGen: 586633K(586752K)->589339K(589824K)
[558.425s][info][gc,metaspace   ] GC(628) Metaspace: 43185K(43584K)->43185K(43584K) NonClass: 38836K(39104K)->38836K(39104K) Class: 4349K(4480K)->4349K(4480K)
[558.425s][info][gc             ] GC(628) Pause Young (Allocation Failure) 823M->593M(865M) 22.376ms
[558.425s][info][gc,cpu         ] GC(628) User=0.05s Sys=0.00s Real=0.02s
[559.078s][info][gc,start       ] GC(629) Pause Young (Allocation Failure)
[559.134s][info][gc,heap        ] GC(629) PSYoungGen: 279876K(295936K)->29548K(290816K) Eden: 261120K(261120K)->0K(261120K) From: 18756K(34816K)->29548K(29696K)
[559.134s][info][gc,heap        ] GC(629) ParOldGen: 589339K(589824K)->607664K(607744K)
[559.134s][info][gc,metaspace   ] GC(629) Metaspace: 43185K(43584K)->43185K(43584K) NonClass: 38836K(39104K)->38836K(39104K) Class: 4349K(4480K)->4349K(4480K)
[559.134s][info][gc             ] GC(629) Pause Young (Allocation Failure) 848M->622M(877M) 55.935ms
[559.134s][info][gc,cpu         ] GC(629) User=0.10s Sys=0.01s Real=0.05s
[559.769s][info][gc,start       ] GC(630) Pause Young (Allocation Failure)
[559.845s][info][gc,heap        ] GC(630) PSYoungGen: 290668K(290816K)->30296K(284672K) Eden: 261120K(261120K)->0K(243712K) From: 29548K(29696K)->30296K(40960K)
[559.846s][info][gc,heap        ] GC(630) ParOldGen: 607664K(607744K)->637392K(637440K)
[559.846s][info][gc,metaspace   ] GC(630) Metaspace: 43185K(43584K)->43185K(43584K) NonClass: 38836K(39104K)->38836K(39104K) Class: 4349K(4480K)->4349K(4480K)
[559.846s][info][gc             ] GC(630) Pause Young (Allocation Failure) 877M->652M(900M) 76.070ms
[559.846s][info][gc,cpu         ] GC(630) User=0.12s Sys=0.02s Real=0.07s
[563.162s][info][gc,start       ] GC(631) Pause Full (Allocation Failure)
[563.162s][info][gc,phases,start] GC(631) Marking Phase
[563.200s][info][gc,phases      ] GC(631) Marking Phase 38.799ms
[563.200s][info][gc,phases,start] GC(631) Summary Phase
[563.200s][info][gc,phases      ] GC(631) Summary Phase 0.031ms
[563.200s][info][gc,phases,start] GC(631) Forward
[563.205s][info][gc,phases      ] GC(631) Forward 4.561ms
[563.205s][info][gc,phases,start] GC(631) Adjust Pointers
[563.226s][info][gc,phases      ] GC(631) Adjust Pointers 21.239ms
[563.226s][info][gc,phases,start] GC(631) Compaction Phase
[563.232s][info][gc,phases      ] GC(631) Compaction Phase 5.364ms
[563.232s][info][gc,phases,start] GC(631) Post Compact
[563.234s][info][gc,phases      ] GC(631) Post Compact 2.704ms
[563.273s][info][gc,heap        ] GC(631) PSYoungGen: 274008K(284672K)->0K(288768K) Eden: 243712K(243712K)->0K(243712K) From: 30296K(40960K)->0K(45056K)
[563.273s][info][gc,heap        ] GC(631) ParOldGen: 637392K(637440K)->46980K(175104K)
[563.273s][info][gc,metaspace   ] GC(631) Metaspace: 43188K(43584K)->43188K(43584K) NonClass: 38839K(39104K)->38839K(39104K) Class: 4349K(4480K)->4349K(4480K)
[563.273s][info][gc             ] GC(631) Pause Full (Allocation Failure) 890M->45M(453M) 111.514ms
[563.273s][info][gc,cpu         ] GC(631) User=0.10s Sys=0.04s Real=0.11s
[563.980s][info][gc,start       ] GC(632) Pause Young (Allocation Failure)
[563.996s][info][gc,heap        ] GC(632) PSYoungGen: 243712K(288768K)->13284K(282624K) Eden: 243712K(243712K)->0K(243712K) From: 0K(45056K)->13284K(38912K)
[563.996s][info][gc,heap        ] GC(632) ParOldGen: 46980K(175104K)->46980K(175104K)
[563.996s][info][gc,metaspace   ] GC(632) Metaspace: 43188K(43584K)->43188K(43584K) NonClass: 38839K(39104K)->38839K(39104K) Class: 4349K(4480K)->4349K(4480K)
[563.996s][info][gc             ] GC(632) Pause Young (Allocation Failure) 283M->58M(447M) 15.176ms
[563.996s][info][gc,cpu         ] GC(632) User=0.02s Sys=0.00s Real=0.01s
[564.652s][info][gc,start       ] GC(633) Pause Young (Allocation Failure)
[564.694s][info][gc,heap        ] GC(633) PSYoungGen: 256996K(282624K)->30604K(285696K) Eden: 243712K(243712K)->0K(243712K) From: 13284K(38912K)->30604K(41984K)
[564.694s][info][gc,heap        ] GC(633) ParOldGen: 46980K(175104K)->59869K(175104K)
[564.694s][info][gc,metaspace   ] GC(633) Metaspace: 43188K(43584K)->43188K(43584K) NonClass: 38839K(39104K)->38839K(39104K) Class: 4349K(4480K)->4349K(4480K)
[564.694s][info][gc             ] GC(633) Pause Young (Allocation Failure) 296M->88M(450M) 42.425ms
[564.695s][info][gc,cpu         ] GC(633) User=0.09s Sys=0.00s Real=0.04s
[565.350s][info][gc,start       ] GC(634) Pause Young (Allocation Failure)
[565.408s][info][gc,heap        ] GC(634) PSYoungGen: 274316K(285696K)->31128K(282112K) Eden: 243712K(243712K)->0K(236544K) From: 30604K(41984K)->31128K(45568K)
[565.408s][info][gc,heap        ] GC(634) ParOldGen: 59869K(175104K)->88941K(175104K)
[565.408s][info][gc,metaspace   ] GC(634) Metaspace: 43188K(43584K)->43188K(43584K) NonClass: 38839K(39104K)->38839K(39104K) Class: 4349K(4480K)->4349K(4480K)
[565.408s][info][gc             ] GC(634) Pause Young (Allocation Failure) 326M->117M(446M) 57.506ms
[565.408s][info][gc,cpu         ] GC(634) User=0.11s Sys=0.00s Real=0.06s
[566.987s][info][gc,start       ] GC(635) Pause Young (Allocation Failure)
[567.031s][info][gc,heap        ] GC(635) PSYoungGen: 267672K(282112K)->17648K(285184K) Eden: 236544K(236544K)->0K(236544K) From: 31128K(45568K)->17648K(48640K)
[567.031s][info][gc,heap        ] GC(635) ParOldGen: 88941K(175104K)->120038K(175104K)
[567.031s][info][gc,metaspace   ] GC(635) Metaspace: 43188K(43584K)->43188K(43584K) NonClass: 38839K(39104K)->38839K(39104K) Class: 4349K(4480K)->4349K(4480K)
[567.031s][info][gc             ] GC(635) Pause Young (Allocation Failure) 348M->134M(449M) 43.969ms
[567.031s][info][gc,cpu         ] GC(635) User=0.09s Sys=0.00s Real=0.04s
[568.227s][info][gc,start       ] GC(636) Pause Young (Allocation Failure)
[568.254s][info][gc,heap        ] GC(636) PSYoungGen: 254192K(285184K)->15618K(278528K) Eden: 236544K(236544K)->0K(239104K) From: 17648K(48640K)->15618K(39424K)
[568.254s][info][gc,heap        ] GC(636) ParOldGen: 120038K(175104K)->136859K(175104K)
[568.254s][info][gc,metaspace   ] GC(636) Metaspace: 43188K(43584K)->43188K(43584K) NonClass: 38839K(39104K)->38839K(39104K) Class: 4349K(4480K)->4349K(4480K)
[568.254s][info][gc             ] GC(636) Pause Young (Allocation Failure) 365M->148M(443M) 26.951ms
[568.254s][info][gc,cpu         ] GC(636) User=0.05s Sys=0.00s Real=0.02s
[569.720s][info][gc,start       ] GC(637) Pause Young (Allocation Failure)
[569.754s][info][gc,heap        ] GC(637) PSYoungGen: 254722K(278528K)->25161K(282112K) Eden: 239104K(239104K)->0K(239104K) From: 15618K(39424K)->25161K(43008K)
[569.754s][info][gc,heap        ] GC(637) ParOldGen: 136859K(175104K)->150520K(175104K)
[569.755s][info][gc,metaspace   ] GC(637) Metaspace: 43188K(43584K)->43188K(43584K) NonClass: 38839K(39104K)->38839K(39104K) Class: 4349K(4480K)->4349K(4480K)
[569.755s][info][gc             ] GC(637) Pause Young (Allocation Failure) 382M->171M(446M) 34.280ms
[569.755s][info][gc,cpu         ] GC(637) User=0.07s Sys=0.00s Real=0.03s
[571.186s][info][gc,start       ] GC(638) Pause Young (Allocation Failure)
[571.227s][info][gc,heap        ] GC(638) PSYoungGen: 264265K(282112K)->21669K(289280K) Eden: 239104K(239104K)->0K(247296K) From: 25161K(43008K)->21669K(41984K)
[571.227s][info][gc,heap        ] GC(638) ParOldGen: 150520K(175104K)->175612K(175616K)
[571.227s][info][gc,metaspace   ] GC(638) Metaspace: 43188K(43584K)->43188K(43584K) NonClass: 38839K(39104K)->38839K(39104K) Class: 4349K(4480K)->4349K(4480K)
[571.227s][info][gc             ] GC(638) Pause Young (Allocation Failure) 405M->192M(454M) 40.515ms
[571.227s][info][gc,cpu         ] GC(638) User=0.08s Sys=0.00s Real=0.05s
[572.574s][info][gc,start       ] GC(639) Pause Young (Allocation Failure)
[572.626s][info][gc,heap        ] GC(639) PSYoungGen: 268965K(289280K)->30608K(278016K) Eden: 247296K(247296K)->0K(247296K) From: 21669K(41984K)->30608K(30720K)
[572.626s][info][gc,heap        ] GC(639) ParOldGen: 175612K(175616K)->197378K(197632K)
[572.626s][info][gc,metaspace   ] GC(639) Metaspace: 43188K(43584K)->43188K(43584K) NonClass: 38839K(39104K)->38839K(39104K) Class: 4349K(4480K)->4349K(4480K)
[572.626s][info][gc             ] GC(639) Pause Young (Allocation Failure) 434M->222M(464M) 51.788ms
[572.626s][info][gc,cpu         ] GC(639) User=0.08s Sys=0.02s Real=0.05s
[573.264s][info][gc,start       ] GC(640) Pause Young (Allocation Failure)
[573.330s][info][gc,heap        ] GC(640) PSYoungGen: 277904K(278016K)->31116K(284672K) Eden: 247296K(247296K)->0K(239616K) From: 30608K(30720K)->31116K(45056K)
[573.330s][info][gc,heap        ] GC(640) ParOldGen: 197378K(197632K)->227913K(228352K)
[573.330s][info][gc,metaspace   ] GC(640) Metaspace: 43188K(43584K)->43188K(43584K) NonClass: 38839K(39104K)->38839K(39104K) Class: 4349K(4480K)->4349K(4480K)
[573.330s][info][gc             ] GC(640) Pause Young (Allocation Failure) 464M->252M(501M) 66.636ms
[573.330s][info][gc,cpu         ] GC(640) User=0.11s Sys=0.02s Real=0.07s
[573.895s][info][gc,start       ] GC(641) Pause Young (Allocation Failure)
[573.966s][info][gc,heap        ] GC(641) PSYoungGen: 270732K(284672K)->27530K(286720K) Eden: 239616K(239616K)->0K(239616K) From: 31116K(45056K)->27530K(47104K)
[573.966s][info][gc,heap        ] GC(641) ParOldGen: 227913K(228352K)->259241K(259584K)
[573.966s][info][gc,metaspace   ] GC(641) Metaspace: 43188K(43584K)->43188K(43584K) NonClass: 38839K(39104K)->38839K(39104K) Class: 4349K(4480K)->4349K(4480K)
[573.966s][info][gc             ] GC(641) Pause Young (Allocation Failure) 486M->280M(533M) 71.031ms
[573.966s][info][gc,cpu         ] GC(641) User=0.11s Sys=0.03s Real=0.07s
[575.553s][info][gc,start       ] GC(642) Pause Young (Allocation Failure)
[575.611s][info][gc,heap        ] GC(642) PSYoungGen: 267146K(286720K)->21572K(281600K) Eden: 239616K(239616K)->0K(239616K) From: 27530K(47104K)->21572K(41984K)
[575.611s][info][gc,heap        ] GC(642) ParOldGen: 259241K(259584K)->286698K(286720K)
[575.611s][info][gc,metaspace   ] GC(642) Metaspace: 43188K(43584K)->43188K(43584K) NonClass: 38839K(39104K)->38839K(39104K) Class: 4349K(4480K)->4349K(4480K)
[575.611s][info][gc             ] GC(642) Pause Young (Allocation Failure) 514M->301M(555M) 58.676ms
[575.611s][info][gc,cpu         ] GC(642) User=0.10s Sys=0.02s Real=0.06s
[576.641s][info][gc,start       ] GC(643) Pause Young (Allocation Failure)
[576.673s][info][gc,heap        ] GC(643) PSYoungGen: 261188K(281600K)->10303K(284160K) Eden: 239616K(239616K)->0K(239616K) From: 21572K(41984K)->10303K(44544K)
[576.673s][info][gc,heap        ] GC(643) ParOldGen: 286698K(286720K)->307666K(307712K)
[576.673s][info][gc,metaspace   ] GC(643) Metaspace: 43188K(43584K)->43188K(43584K) NonClass: 38839K(39104K)->38839K(39104K) Class: 4349K(4480K)->4349K(4480K)
[576.673s][info][gc             ] GC(643) Pause Young (Allocation Failure) 535M->310M(578M) 31.299ms
[576.673s][info][gc,cpu         ] GC(643) User=0.05s Sys=0.01s Real=0.03s
[578.086s][info][gc,start       ] GC(644) Pause Young (Allocation Failure)
[578.094s][info][gc,heap        ] GC(644) PSYoungGen: 249919K(284160K)->1207K(287744K) Eden: 239616K(239616K)->0K(243712K) From: 10303K(44544K)->1207K(44032K)
[578.094s][info][gc,heap        ] GC(644) ParOldGen: 307666K(307712K)->312840K(313344K)
[578.094s][info][gc,metaspace   ] GC(644) Metaspace: 43188K(43584K)->43188K(43584K) NonClass: 38839K(39104K)->38839K(39104K) Class: 4349K(4480K)->4349K(4480K)
[578.094s][info][gc             ] GC(644) Pause Young (Allocation Failure) 544M->306M(587M) 7.385ms
[578.094s][info][gc,cpu         ] GC(644) User=0.01s Sys=0.00s Real=0.01s
[579.546s][info][gc,start       ] GC(645) Pause Young (Allocation Failure)
[579.571s][info][gc,heap        ] GC(645) PSYoungGen: 244919K(287744K)->22811K(288768K) Eden: 243712K(243712K)->0K(243712K) From: 1207K(44032K)->22811K(45056K)
[579.571s][info][gc,heap        ] GC(645) ParOldGen: 312840K(313344K)->313888K(314368K)
[579.571s][info][gc,metaspace   ] GC(645) Metaspace: 43188K(43584K)->43188K(43584K) NonClass: 38839K(39104K)->38839K(39104K) Class: 4349K(4480K)->4349K(4480K)
[579.571s][info][gc             ] GC(645) Pause Young (Allocation Failure) 544M->328M(589M) 25.159ms
[579.571s][info][gc,cpu         ] GC(645) User=0.05s Sys=0.00s Real=0.03s
[580.911s][info][gc,start       ] GC(646) Pause Young (Allocation Failure)
[580.960s][info][gc,heap        ] GC(646) PSYoungGen: 266523K(288768K)->26866K(288256K) Eden: 243712K(243712K)->0K(244224K) From: 22811K(45056K)->26866K(44032K)
[580.960s][info][gc,heap        ] GC(646) ParOldGen: 313888K(314368K)->336745K(336896K)
[580.960s][info][gc,metaspace   ] GC(646) Metaspace: 43188K(43584K)->43188K(43584K) NonClass: 38839K(39104K)->38839K(39104K) Class: 4349K(4480K)->4349K(4480K)
[580.960s][info][gc             ] GC(646) Pause Young (Allocation Failure) 566M->355M(610M) 48.998ms
[580.961s][info][gc,cpu         ] GC(646) User=0.07s Sys=0.02s Real=0.05s
[581.860s][info][gc,start       ] GC(647) Pause Young (Allocation Failure)
[581.897s][info][gc,heap        ] GC(647) PSYoungGen: 271090K(288256K)->12662K(257024K) Eden: 244224K(244224K)->0K(244224K) From: 26866K(44032K)->12662K(12800K)
[581.897s][info][gc,heap        ] GC(647) ParOldGen: 336745K(336896K)->360429K(360448K)
[581.897s][info][gc,metaspace   ] GC(647) Metaspace: 43188K(43584K)->43188K(43584K) NonClass: 38839K(39104K)->38839K(39104K) Class: 4349K(4480K)->4349K(4480K)
[581.897s][info][gc             ] GC(647) Pause Young (Allocation Failure) 593M->364M(603M) 37.097ms
[581.897s][info][gc,cpu         ] GC(647) User=0.05s Sys=0.02s Real=0.04s
[582.829s][info][gc,start       ] GC(648) Pause Young (Allocation Failure)
[582.840s][info][gc,heap        ] GC(648) PSYoungGen: 256886K(257024K)->13004K(289280K) Eden: 244224K(244224K)->0K(246272K) From: 12662K(12800K)->13004K(43008K)
[582.840s][info][gc,heap        ] GC(648) ParOldGen: 360429K(360448K)->361197K(361472K)
[582.840s][info][gc,metaspace   ] GC(648) Metaspace: 43188K(43584K)->43188K(43584K) NonClass: 38839K(39104K)->38839K(39104K) Class: 4349K(4480K)->4349K(4480K)
[582.840s][info][gc             ] GC(648) Pause Young (Allocation Failure) 602M->365M(635M) 11.330ms
[582.840s][info][gc,cpu         ] GC(648) User=0.02s Sys=0.00s Real=0.01s
[583.773s][info][gc,start       ] GC(649) Pause Young (Allocation Failure)
[583.781s][info][gc,heap        ] GC(649) PSYoungGen: 259276K(289280K)->6109K(288256K) Eden: 246272K(246272K)->0K(246272K) From: 13004K(43008K)->6109K(41984K)
[583.781s][info][gc,heap        ] GC(649) ParOldGen: 361197K(361472K)->362465K(362496K)
[583.781s][info][gc,metaspace   ] GC(649) Metaspace: 43203K(43584K)->43203K(43584K) NonClass: 38854K(39104K)->38854K(39104K) Class: 4349K(4480K)->4349K(4480K)
[583.781s][info][gc             ] GC(649) Pause Young (Allocation Failure) 605M->359M(635M) 7.673ms
[583.781s][info][gc,cpu         ] GC(649) User=0.01s Sys=0.00s Real=0.01s
[584.584s][info][gc,start       ] GC(650) Pause Young (Allocation Failure)
[584.591s][info][gc,heap        ] GC(650) PSYoungGen: 252381K(288256K)->6084K(290816K) Eden: 246272K(246272K)->0K(249344K) From: 6109K(41984K)->6084K(41472K)
[584.591s][info][gc,heap        ] GC(650) ParOldGen: 362465K(362496K)->363705K(364032K)
[584.591s][info][gc,metaspace   ] GC(650) Metaspace: 43203K(43584K)->43203K(43584K) NonClass: 38854K(39104K)->38854K(39104K) Class: 4349K(4480K)->4349K(4480K)
[584.591s][info][gc             ] GC(650) Pause Young (Allocation Failure) 600M->361M(639M) 6.920ms
[584.591s][info][gc,cpu         ] GC(650) User=0.01s Sys=0.00s Real=0.01s
[585.468s][info][gc,start       ] GC(651) Pause Young (Allocation Failure)
[585.495s][info][gc,heap        ] GC(651) PSYoungGen: 255428K(290816K)->31073K(280576K) Eden: 249344K(249344K)->0K(249344K) From: 6084K(41472K)->31073K(31232K)
[585.495s][info][gc,heap        ] GC(651) ParOldGen: 363705K(364032K)->364785K(365056K)
[585.495s][info][gc,metaspace   ] GC(651) Metaspace: 43203K(43584K)->43203K(43584K) NonClass: 38854K(39104K)->38854K(39104K) Class: 4349K(4480K)->4349K(4480K)
[585.495s][info][gc             ] GC(651) Pause Young (Allocation Failure) 604M->386M(630M) 26.864ms
[585.495s][info][gc,cpu         ] GC(651) User=0.05s Sys=0.00s Real=0.02s
[586.523s][info][gc,start       ] GC(652) Pause Young (Allocation Failure)
[586.528s][info][gc,heap        ] GC(652) PSYoungGen: 280417K(280576K)->5106K(290304K) Eden: 249344K(249344K)->0K(246272K) From: 31073K(31232K)->5106K(44032K)
[586.528s][info][gc,heap        ] GC(652) ParOldGen: 364785K(365056K)->365585K(366080K)
[586.528s][info][gc,metaspace   ] GC(652) Metaspace: 43204K(43584K)->43204K(43584K) NonClass: 38855K(39104K)->38855K(39104K) Class: 4349K(4480K)->4349K(4480K)
[586.528s][info][gc             ] GC(652) Pause Young (Allocation Failure) 630M->362M(641M) 5.411ms
[586.528s][info][gc,cpu         ] GC(652) User=0.01s Sys=0.00s Real=0.01s
[587.360s][info][gc,start       ] GC(653) Pause Young (Allocation Failure)
[587.368s][info][gc,heap        ] GC(653) PSYoungGen: 251378K(290304K)->7333K(253952K) Eden: 246272K(246272K)->0K(246272K) From: 5106K(44032K)->7333K(7680K)
[587.368s][info][gc,heap        ] GC(653) ParOldGen: 365585K(366080K)->366729K(367104K)
[587.368s][info][gc,metaspace   ] GC(653) Metaspace: 43204K(43584K)->43204K(43584K) NonClass: 38855K(39104K)->38855K(39104K) Class: 4349K(4480K)->4349K(4480K)
[587.368s][info][gc             ] GC(653) Pause Young (Allocation Failure) 602M->365M(606M) 8.607ms
[587.368s][info][gc,cpu         ] GC(653) User=0.02s Sys=0.00s Real=0.01s
[588.281s][info][gc,start       ] GC(654) Pause Young (Allocation Failure)
[588.290s][info][gc,heap        ] GC(654) PSYoungGen: 253605K(253952K)->8475K(290304K) Eden: 246272K(246272K)->0K(247808K) From: 7333K(7680K)->8475K(42496K)
[588.290s][info][gc,heap        ] GC(654) ParOldGen: 366729K(367104K)->367649K(368128K)
[588.290s][info][gc,metaspace   ] GC(654) Metaspace: 43204K(43584K)->43204K(43584K) NonClass: 38855K(39104K)->38855K(39104K) Class: 4349K(4480K)->4349K(4480K)
[588.290s][info][gc             ] GC(654) Pause Young (Allocation Failure) 605M->367M(643M) 9.544ms
[588.290s][info][gc,cpu         ] GC(654) User=0.02s Sys=0.00s Real=0.01s
[589.156s][info][gc,start       ] GC(655) Pause Young (Allocation Failure)
[589.170s][info][gc,heap        ] GC(655) PSYoungGen: 256283K(290304K)->14189K(288768K) Eden: 247808K(247808K)->0K(247808K) From: 8475K(42496K)->14189K(40960K)
[589.170s][info][gc,heap        ] GC(655) ParOldGen: 367649K(368128K)->368705K(369152K)
[589.170s][info][gc,metaspace   ] GC(655) Metaspace: 43204K(43584K)->43204K(43584K) NonClass: 38855K(39104K)->38855K(39104K) Class: 4349K(4480K)->4349K(4480K)
[589.170s][info][gc             ] GC(655) Pause Young (Allocation Failure) 609M->373M(642M) 14.684ms
[589.170s][info][gc,cpu         ] GC(655) User=0.03s Sys=0.00s Real=0.02s
[589.937s][info][gc,start       ] GC(656) Pause Young (Allocation Failure)
[589.974s][info][gc,heap        ] GC(656) PSYoungGen: 261997K(288768K)->38382K(281088K) Eden: 247808K(247808K)->0K(242688K) From: 14189K(40960K)->38382K(38400K)
[589.974s][info][gc,heap        ] GC(656) ParOldGen: 368705K(369152K)->370767K(371200K)
[589.975s][info][gc,metaspace   ] GC(656) Metaspace: 43204K(43584K)->43204K(43584K) NonClass: 38855K(39104K)->38855K(39104K) Class: 4349K(4480K)->4349K(4480K)
[589.975s][info][gc             ] GC(656) Pause Young (Allocation Failure) 615M->399M(637M) 37.397ms
[589.975s][info][gc,cpu         ] GC(656) User=0.07s Sys=0.00s Real=0.03s
[591.161s][info][gc,start       ] GC(657) Pause Young (Allocation Failure)
[591.213s][info][gc,heap        ] GC(657) PSYoungGen: 281070K(281088K)->20143K(288256K) Eden: 242688K(242688K)->0K(242688K) From: 38382K(38400K)->20143K(45568K)
[591.213s][info][gc,heap        ] GC(657) ParOldGen: 370767K(371200K)->391817K(392192K)
[591.213s][info][gc,metaspace   ] GC(657) Metaspace: 43204K(43584K)->43204K(43584K) NonClass: 38855K(39104K)->38855K(39104K) Class: 4349K(4480K)->4349K(4480K)
[591.213s][info][gc             ] GC(657) Pause Young (Allocation Failure) 636M->402M(664M) 51.510ms
[591.213s][info][gc,cpu         ] GC(657) User=0.08s Sys=0.02s Real=0.05s
[592.121s][info][gc,start       ] GC(658) Pause Young (Allocation Failure)
[592.175s][info][gc,heap        ] GC(658) PSYoungGen: 262831K(288256K)->27094K(288256K) Eden: 242688K(242688K)->0K(244736K) From: 20143K(45568K)->27094K(43520K)
[592.175s][info][gc,heap        ] GC(658) ParOldGen: 391817K(392192K)->411678K(412160K)
[592.175s][info][gc,metaspace   ] GC(658) Metaspace: 43204K(43584K)->43204K(43584K) NonClass: 38855K(39104K)->38855K(39104K) Class: 4349K(4480K)->4349K(4480K)
[592.175s][info][gc             ] GC(658) Pause Young (Allocation Failure) 639M->428M(684M) 53.911ms
[592.175s][info][gc,cpu         ] GC(658) User=0.09s Sys=0.01s Real=0.05s
[592.929s][info][gc,start       ] GC(659) Pause Young (Allocation Failure)
[592.980s][info][gc,heap        ] GC(659) PSYoungGen: 271830K(288256K)->43215K(288256K) Eden: 244736K(244736K)->0K(244736K) From: 27094K(43520K)->43215K(43520K)
[592.980s][info][gc,heap        ] GC(659) ParOldGen: 411678K(412160K)->428636K(429056K)
[592.980s][info][gc,metaspace   ] GC(659) Metaspace: 43204K(43584K)->43204K(43584K) NonClass: 38855K(39104K)->38855K(39104K) Class: 4349K(4480K)->4349K(4480K)
[592.980s][info][gc             ] GC(659) Pause Young (Allocation Failure) 667M->460M(700M) 51.147ms
[592.980s][info][gc,cpu         ] GC(659) User=0.09s Sys=0.01s Real=0.05s
[593.780s][info][gc,start       ] GC(660) Pause Young (Allocation Failure)
[593.807s][info][gc,heap        ] GC(660) PSYoungGen: 287951K(288256K)->28915K(276992K) Eden: 244736K(244736K)->0K(231424K) From: 43215K(43520K)->28915K(45568K)
[593.807s][info][gc,heap        ] GC(660) ParOldGen: 428636K(429056K)->438509K(438784K)
[593.807s][info][gc,metaspace   ] GC(660) Metaspace: 43204K(43584K)->43204K(43584K) NonClass: 38855K(39104K)->38855K(39104K) Class: 4349K(4480K)->4349K(4480K)
[593.807s][info][gc             ] GC(660) Pause Young (Allocation Failure) 699M->456M(699M) 27.191ms
[593.807s][info][gc,cpu         ] GC(660) User=0.04s Sys=0.01s Real=0.03s
[594.559s][info][gc,start       ] GC(661) Pause Young (Allocation Failure)
[594.597s][info][gc,heap        ] GC(661) PSYoungGen: 260339K(276992K)->51179K(282624K) Eden: 231424K(231424K)->0K(231424K) From: 28915K(45568K)->51179K(51200K)
[594.597s][info][gc,heap        ] GC(661) ParOldGen: 438509K(438784K)->444260K(444416K)
[594.597s][info][gc,metaspace   ] GC(661) Metaspace: 43204K(43584K)->43204K(43584K) NonClass: 38855K(39104K)->38855K(39104K) Class: 4349K(4480K)->4349K(4480K)
[594.597s][info][gc             ] GC(661) Pause Young (Allocation Failure) 682M->483M(710M) 37.553ms
[594.597s][info][gc,cpu         ] GC(661) User=0.07s Sys=0.01s Real=0.04s
[595.437s][info][gc,start       ] GC(662) Pause Young (Allocation Failure)
[595.475s][info][gc,heap        ] GC(662) PSYoungGen: 282603K(282624K)->34040K(263168K) Eden: 231424K(231424K)->0K(211968K) From: 51179K(51200K)->34040K(51200K)
[595.475s][info][gc,heap        ] GC(662) ParOldGen: 444260K(444416K)->461073K(461312K)
[595.475s][info][gc,metaspace   ] GC(662) Metaspace: 43204K(43584K)->43204K(43584K) NonClass: 38855K(39104K)->38855K(39104K) Class: 4349K(4480K)->4349K(4480K)
[595.475s][info][gc             ] GC(662) Pause Young (Allocation Failure) 709M->483M(707M) 37.460ms
[595.475s][info][gc,cpu         ] GC(662) User=0.07s Sys=0.01s Real=0.03s
[596.225s][info][gc,start       ] GC(663) Pause Young (Allocation Failure)
[596.255s][info][gc,heap        ] GC(663) PSYoungGen: 246008K(263168K)->30764K(272896K) Eden: 211968K(211968K)->0K(211968K) From: 34040K(51200K)->30764K(60928K)
[596.255s][info][gc,heap        ] GC(663) ParOldGen: 461073K(461312K)->469203K(469504K)
[596.255s][info][gc,metaspace   ] GC(663) Metaspace: 43204K(43584K)->43204K(43584K) NonClass: 38855K(39104K)->38855K(39104K) Class: 4349K(4480K)->4349K(4480K)
[596.255s][info][gc             ] GC(663) Pause Young (Allocation Failure) 690M->488M(725M) 30.374ms
[596.255s][info][gc,cpu         ] GC(663) User=0.05s Sys=0.01s Real=0.03s
[597.017s][info][gc,start       ] GC(664) Pause Young (Allocation Failure)
[597.057s][info][gc,heap        ] GC(664) PSYoungGen: 242732K(272896K)->59382K(254976K) Eden: 211968K(211968K)->0K(195584K) From: 30764K(60928K)->59382K(59392K)
[597.057s][info][gc,heap        ] GC(664) ParOldGen: 469203K(469504K)->472151K(472576K)
[597.057s][info][gc,metaspace   ] GC(664) Metaspace: 43204K(43584K)->43204K(43584K) NonClass: 38855K(39104K)->38855K(39104K) Class: 4349K(4480K)->4349K(4480K)
[597.057s][info][gc             ] GC(664) Pause Young (Allocation Failure) 695M->519M(710M) 40.104ms
[597.057s][info][gc,cpu         ] GC(664) User=0.08s Sys=0.01s Real=0.04s
[597.732s][info][gc,start       ] GC(665) Pause Young (Allocation Failure)
[597.807s][info][gc,heap        ] GC(665) PSYoungGen: 254966K(254976K)->39676K(264704K) Eden: 195584K(195584K)->0K(195584K) From: 59382K(59392K)->39676K(69120K)
[597.807s][info][gc,heap        ] GC(665) ParOldGen: 472151K(472576K)->522488K(522752K)
[597.807s][info][gc,metaspace   ] GC(665) Metaspace: 43204K(43584K)->43204K(43584K) NonClass: 38855K(39104K)->38855K(39104K) Class: 4349K(4480K)->4349K(4480K)
[597.807s][info][gc             ] GC(665) Pause Young (Allocation Failure) 710M->548M(769M) 74.557ms
[597.807s][info][gc,cpu         ] GC(665) User=0.11s Sys=0.04s Real=0.08s
[598.491s][info][gc,start       ] GC(666) Pause Young (Allocation Failure)
[598.524s][info][gc,heap        ] GC(666) PSYoungGen: 235260K(264704K)->3989K(263680K) Eden: 195584K(195584K)->0K(194560K) From: 39676K(69120K)->3989K(69120K)
[598.524s][info][gc,heap        ] GC(666) ParOldGen: 522488K(522752K)->549013K(549376K)
[598.524s][info][gc,metaspace   ] GC(666) Metaspace: 43204K(43584K)->43204K(43584K) NonClass: 38855K(39104K)->38855K(39104K) Class: 4349K(4480K)->4349K(4480K)
[598.524s][info][gc             ] GC(666) Pause Young (Allocation Failure) 739M->540M(794M) 32.687ms
[598.524s][info][gc,cpu         ] GC(666) User=0.04s Sys=0.02s Real=0.03s
[599.223s][info][gc,start       ] GC(667) Pause Young (Allocation Failure)
[599.228s][info][gc,heap        ] GC(667) PSYoungGen: 198549K(263680K)->2422K(197120K) Eden: 194560K(194560K)->0K(194560K) From: 3989K(69120K)->2422K(2560K)
[599.228s][info][gc,heap        ] GC(667) ParOldGen: 549013K(549376K)->549762K(549888K)
[599.228s][info][gc,metaspace   ] GC(667) Metaspace: 43204K(43584K)->43204K(43584K) NonClass: 38855K(39104K)->38855K(39104K) Class: 4349K(4480K)->4349K(4480K)
[599.228s][info][gc             ] GC(667) Pause Young (Allocation Failure) 730M->539M(729M) 5.128ms
[599.228s][info][gc,cpu         ] GC(667) User=0.01s Sys=0.00s Real=0.01s
[599.887s][info][gc,start       ] GC(668) Pause Young (Allocation Failure)
[599.912s][info][gc,heap        ] GC(668) PSYoungGen: 196982K(197120K)->37793K(263680K) Eden: 194560K(194560K)->0K(193536K) From: 2422K(2560K)->37793K(70144K)
[599.912s][info][gc,heap        ] GC(668) ParOldGen: 549762K(549888K)->550623K(550912K)
[599.912s][info][gc,metaspace   ] GC(668) Metaspace: 43204K(43584K)->43204K(43584K) NonClass: 38855K(39104K)->38855K(39104K) Class: 4349K(4480K)->4349K(4480K)
[599.912s][info][gc             ] GC(668) Pause Young (Allocation Failure) 729M->574M(795M) 25.044ms
[599.912s][info][gc,cpu         ] GC(668) User=0.05s Sys=0.00s Real=0.02s
[600.573s][info][gc,start       ] GC(669) Pause Young (Allocation Failure)
[600.596s][info][gc,heap        ] GC(669) PSYoungGen: 231329K(263680K)->33458K(227328K) Eden: 193536K(193536K)->0K(193536K) From: 37793K(70144K)->33458K(33792K)
[600.596s][info][gc,heap        ] GC(669) ParOldGen: 550623K(550912K)->551369K(551424K)
[600.596s][info][gc,metaspace   ] GC(669) Metaspace: 43204K(43584K)->43204K(43584K) NonClass: 38855K(39104K)->38855K(39104K) Class: 4349K(4480K)->4349K(4480K)
[600.596s][info][gc             ] GC(669) Pause Young (Allocation Failure) 763M->571M(760M) 22.762ms
[600.596s][info][gc,cpu         ] GC(669) User=0.04s Sys=0.00s Real=0.02s
[601.219s][info][gc,start       ] GC(670) Pause Young (Allocation Failure)
[601.234s][info][gc,heap        ] GC(670) PSYoungGen: 226994K(227328K)->21872K(264704K) Eden: 193536K(193536K)->0K(196608K) From: 33458K(33792K)->21872K(68096K)
[601.234s][info][gc,heap        ] GC(670) ParOldGen: 551369K(551424K)->551778K(551936K)
[601.234s][info][gc,metaspace   ] GC(670) Metaspace: 43204K(43584K)->43204K(43584K) NonClass: 38855K(39104K)->38855K(39104K) Class: 4349K(4480K)->4349K(4480K)
[601.234s][info][gc             ] GC(670) Pause Young (Allocation Failure) 760M->560M(797M) 14.923ms
[601.234s][info][gc,cpu         ] GC(670) User=0.03s Sys=0.00s Real=0.01s
[601.819s][info][gc,start       ] GC(671) Pause Young (Allocation Failure)
[601.842s][info][gc,heap        ] GC(671) PSYoungGen: 218480K(264704K)->1152K(261632K) Eden: 196608K(196608K)->0K(196608K) From: 21872K(68096K)->1152K(65024K)
[601.842s][info][gc,heap        ] GC(671) ParOldGen: 551778K(551936K)->572532K(572928K)
[601.842s][info][gc,metaspace   ] GC(671) Metaspace: 43204K(43584K)->43204K(43584K) NonClass: 38855K(39104K)->38855K(39104K) Class: 4349K(4480K)->4349K(4480K)
[601.842s][info][gc             ] GC(671) Pause Young (Allocation Failure) 752M->560M(815M) 22.172ms
[601.842s][info][gc,cpu         ] GC(671) User=0.03s Sys=0.01s Real=0.02s
[602.435s][info][gc,start       ] GC(672) Pause Young (Allocation Failure)
[602.438s][info][gc,heap        ] GC(672) PSYoungGen: 197760K(261632K)->2025K(266240K) Eden: 196608K(196608K)->0K(200704K) From: 1152K(65024K)->2025K(65536K)
[602.438s][info][gc,heap        ] GC(672) ParOldGen: 572532K(572928K)->572628K(572928K)
[602.438s][info][gc,metaspace   ] GC(672) Metaspace: 43204K(43584K)->43204K(43584K) NonClass: 38855K(39104K)->38855K(39104K) Class: 4349K(4480K)->4349K(4480K)
[602.438s][info][gc             ] GC(672) Pause Young (Allocation Failure) 752M->561M(819M) 3.826ms
[602.438s][info][gc,cpu         ] GC(672) User=0.01s Sys=0.00s Real=0.01s
[602.910s][info][gc,start       ] GC(673) Pause Young (Allocation Failure)
[602.915s][info][gc,heap        ] GC(673) PSYoungGen: 202729K(266240K)->3399K(266240K) Eden: 200704K(200704K)->0K(200704K) From: 2025K(65536K)->3399K(65536K)
[602.915s][info][gc,heap        ] GC(673) ParOldGen: 572628K(572928K)->573132K(573440K)
[602.916s][info][gc,metaspace   ] GC(673) Metaspace: 43204K(43584K)->43204K(43584K) NonClass: 38855K(39104K)->38855K(39104K) Class: 4349K(4480K)->4349K(4480K)
[602.916s][info][gc             ] GC(673) Pause Young (Allocation Failure) 757M->563M(820M) 5.653ms
[602.916s][info][gc,cpu         ] GC(673) User=0.01s Sys=0.00s Real=0.00s
[603.258s][info][gc,start       ] GC(674) Pause Young (Allocation Failure)
[603.262s][info][gc,heap        ] GC(674) PSYoungGen: 204103K(266240K)->1212K(267264K) Eden: 200704K(200704K)->0K(203776K) From: 3399K(65536K)->1212K(63488K)
[603.262s][info][gc,heap        ] GC(674) ParOldGen: 573132K(573440K)->574883K(574976K)
[603.262s][info][gc,metaspace   ] GC(674) Metaspace: 43204K(43584K)->43204K(43584K) NonClass: 38855K(39104K)->38855K(39104K) Class: 4349K(4480K)->4349K(4480K)
[603.262s][info][gc             ] GC(674) Pause Young (Allocation Failure) 759M->562M(822M) 4.797ms
[603.262s][info][gc,cpu         ] GC(674) User=0.00s Sys=0.00s Real=0.00s
[603.641s][info][gc,start       ] GC(675) Pause Young (Allocation Failure)
[603.650s][info][gc,heap        ] GC(675) PSYoungGen: 204861K(267264K)->11910K(216064K) Eden: 203648K(203776K)->0K(203776K) From: 1212K(63488K)->11910K(12288K)
[603.650s][info][gc,heap        ] GC(675) ParOldGen: 574883K(574976K)->575127K(575488K)
[603.650s][info][gc,metaspace   ] GC(675) Metaspace: 43204K(43584K)->43204K(43584K) NonClass: 38855K(39104K)->38855K(39104K) Class: 4349K(4480K)->4349K(4480K)
[603.650s][info][gc             ] GC(675) Pause Young (Allocation Failure) 761M->573M(773M) 9.099ms
[603.650s][info][gc,cpu         ] GC(675) User=0.02s Sys=0.00s Real=0.01s
[603.904s][info][gc,start       ] GC(676) Pause Young (Allocation Failure)
[603.916s][info][gc,heap        ] GC(676) PSYoungGen: 215187K(216064K)->1580K(268288K) Eden: 203276K(203776K)->0K(208384K) From: 11910K(12288K)->1580K(59904K)
[603.916s][info][gc,heap        ] GC(676) ParOldGen: 575127K(575488K)->585022K(585216K)
[603.916s][info][gc,metaspace   ] GC(676) Metaspace: 43204K(43584K)->43204K(43584K) NonClass: 38855K(39104K)->38855K(39104K) Class: 4349K(4480K)->4349K(4480K)
[603.916s][info][gc             ] GC(676) Pause Young (Allocation Failure) 771M->572M(833M) 12.689ms
[603.916s][info][gc,cpu         ] GC(676) User=0.02s Sys=0.01s Real=0.01s
[604.175s][info][gc,start       ] GC(677) Pause Young (Allocation Failure)
[604.181s][info][gc,heap        ] GC(677) PSYoungGen: 208200K(268288K)->1544K(266752K) Eden: 206619K(208384K)->0K(208384K) From: 1580K(59904K)->1544K(58368K)
[604.181s][info][gc,heap        ] GC(677) ParOldGen: 585022K(585216K)->586564K(586752K)
[604.181s][info][gc,metaspace   ] GC(677) Metaspace: 43204K(43584K)->43204K(43584K) NonClass: 38855K(39104K)->38855K(39104K) Class: 4349K(4480K)->4349K(4480K)
[604.181s][info][gc             ] GC(677) Pause Young (Allocation Failure) 774M->574M(833M) 6.061ms
[604.181s][info][gc,cpu         ] GC(677) User=0.01s Sys=0.00s Real=0.01s
[604.448s][info][gc,start       ] GC(678) Pause Young (Allocation Failure)
[604.455s][info][gc,heap        ] GC(678) PSYoungGen: 209928K(266752K)->2475K(273408K) Eden: 208384K(208384K)->0K(217600K) From: 1544K(58368K)->2475K(55808K)
[604.455s][info][gc,heap        ] GC(678) ParOldGen: 586564K(586752K)->588096K(588288K)
[604.455s][info][gc,metaspace   ] GC(678) Metaspace: 43204K(43584K)->43204K(43584K) NonClass: 38855K(39104K)->38855K(39104K) Class: 4349K(4480K)->4349K(4480K)
[604.455s][info][gc             ] GC(678) Pause Young (Allocation Failure) 777M->576M(841M) 6.701ms
[604.455s][info][gc,cpu         ] GC(678) User=0.01s Sys=0.00s Real=0.00s
[604.746s][info][gc,start       ] GC(679) Pause Young (Allocation Failure)
[604.755s][info][gc,heap        ] GC(679) PSYoungGen: 219424K(273408K)->4701K(272384K) Eden: 216948K(217600K)->0K(217600K) From: 2475K(55808K)->4701K(54784K)
[604.755s][info][gc,heap        ] GC(679) ParOldGen: 588096K(588288K)->590494K(590848K)
[604.755s][info][gc,metaspace   ] GC(679) Metaspace: 43204K(43584K)->43204K(43584K) NonClass: 38855K(39104K)->38855K(39104K) Class: 4349K(4480K)->4349K(4480K)
[604.755s][info][gc             ] GC(679) Pause Young (Allocation Failure) 788M->581M(843M) 9.870ms
[604.755s][info][gc,cpu         ] GC(679) User=0.02s Sys=0.00s Real=0.01s
[605.059s][info][gc,start       ] GC(680) Pause Young (Allocation Failure)
[605.074s][info][gc,heap        ] GC(680) PSYoungGen: 222301K(272384K)->6741K(275968K) Eden: 217600K(217600K)->0K(226304K) From: 4701K(54784K)->6741K(49664K)
[605.074s][info][gc,heap        ] GC(680) ParOldGen: 590494K(590848K)->595239K(595456K)
[605.074s][info][gc,metaspace   ] GC(680) Metaspace: 43204K(43584K)->43204K(43584K) NonClass: 38855K(39104K)->38855K(39104K) Class: 4349K(4480K)->4349K(4480K)
[605.074s][info][gc             ] GC(680) Pause Young (Allocation Failure) 793M->587M(851M) 14.851ms
[605.074s][info][gc,cpu         ] GC(680) User=0.03s Sys=0.01s Real=0.01s
[605.376s][info][gc,start       ] GC(681) Pause Young (Allocation Failure)
[605.391s][info][gc,heap        ] GC(681) PSYoungGen: 233045K(275968K)->3277K(275456K) Eden: 226304K(226304K)->0K(226304K) From: 6741K(49664K)->3277K(49152K)
[605.391s][info][gc,heap        ] GC(681) ParOldGen: 595239K(595456K)->602011K(602112K)
[605.391s][info][gc,metaspace   ] GC(681) Metaspace: 43204K(43584K)->43204K(43584K) NonClass: 38855K(39104K)->38855K(39104K) Class: 4349K(4480K)->4349K(4480K)
[605.391s][info][gc             ] GC(681) Pause Young (Allocation Failure) 808M->591M(857M) 14.612ms
[605.391s][info][gc,cpu         ] GC(681) User=0.03s Sys=0.00s Real=0.02s
[605.831s][info][gc,start       ] GC(682) Pause Young (Allocation Failure)
[605.851s][info][gc,heap        ] GC(682) PSYoungGen: 228233K(275456K)->16263K(282624K) Eden: 224955K(226304K)->0K(237056K) From: 3277K(49152K)->16263K(45568K)
[605.851s][info][gc,heap        ] GC(682) ParOldGen: 602011K(602112K)->605153K(605184K)
[605.851s][info][gc,metaspace   ] GC(682) Metaspace: 43204K(43584K)->43204K(43584K) NonClass: 38855K(39104K)->38855K(39104K) Class: 4349K(4480K)->4349K(4480K)
[605.851s][info][gc             ] GC(682) Pause Young (Allocation Failure) 810M->606M(867M) 20.719ms
[605.851s][info][gc,cpu         ] GC(682) User=0.04s Sys=0.00s Real=0.02s
[606.382s][info][gc,start       ] GC(683) Pause Young (Allocation Failure)
[606.406s][info][gc,heap        ] GC(683) PSYoungGen: 253319K(282624K)->3837K(282112K) Eden: 237056K(237056K)->0K(237056K) From: 16263K(45568K)->3837K(45056K)
[606.406s][info][gc,heap        ] GC(683) ParOldGen: 605153K(605184K)->620707K(621056K)
[606.406s][info][gc,metaspace   ] GC(683) Metaspace: 43215K(43584K)->43215K(43584K) NonClass: 38866K(39104K)->38866K(39104K) Class: 4349K(4480K)->4349K(4480K)
[606.406s][info][gc             ] GC(683) Pause Young (Allocation Failure) 838M->609M(882M) 23.416ms
[606.406s][info][gc,cpu         ] GC(683) User=0.03s Sys=0.01s Real=0.02s
[606.959s][info][gc,start       ] GC(684) Pause Young (Allocation Failure)
[606.963s][info][gc,heap        ] GC(684) PSYoungGen: 240893K(282112K)->1440K(287232K) Eden: 237056K(237056K)->0K(244736K) From: 3837K(45056K)->1440K(42496K)
[606.964s][info][gc,heap        ] GC(684) ParOldGen: 620707K(621056K)->621522K(621568K)
[606.964s][info][gc,metaspace   ] GC(684) Metaspace: 43215K(43584K)->43215K(43584K) NonClass: 38866K(39104K)->38866K(39104K) Class: 4349K(4480K)->4349K(4480K)
[606.964s][info][gc             ] GC(684) Pause Young (Allocation Failure) 841M->608M(887M) 4.066ms
[606.964s][info][gc,cpu         ] GC(684) User=0.01s Sys=0.00s Real=0.00s
[607.529s][info][gc,start       ] GC(685) Pause Young (Allocation Failure)
[607.535s][info][gc,heap        ] GC(685) PSYoungGen: 246176K(287232K)->4504K(286208K) Eden: 244736K(244736K)->0K(244736K) From: 1440K(42496K)->4504K(41472K)
[607.535s][info][gc,heap        ] GC(685) ParOldGen: 621522K(621568K)->621530K(621568K)
[607.535s][info][gc,metaspace   ] GC(685) Metaspace: 43215K(43584K)->43215K(43584K) NonClass: 38866K(39104K)->38866K(39104K) Class: 4349K(4480K)->4349K(4480K)
[607.535s][info][gc             ] GC(685) Pause Young (Allocation Failure) 847M->611M(886M) 5.880ms
[607.535s][info][gc,cpu         ] GC(685) User=0.01s Sys=0.00s Real=0.00s
[608.140s][info][gc,start       ] GC(686) Pause Young (Allocation Failure)
[608.144s][info][gc,heap        ] GC(686) PSYoungGen: 249240K(286208K)->4382K(290304K) Eden: 244736K(244736K)->0K(251904K) From: 4504K(41472K)->4382K(38400K)
[608.144s][info][gc,heap        ] GC(686) ParOldGen: 621530K(621568K)->621562K(621568K)
[608.144s][info][gc,metaspace   ] GC(686) Metaspace: 43215K(43584K)->43215K(43584K) NonClass: 38866K(39104K)->38866K(39104K) Class: 4349K(4480K)->4349K(4480K)
[608.144s][info][gc             ] GC(686) Pause Young (Allocation Failure) 850M->611M(890M) 4.785ms
[608.144s][info][gc,cpu         ] GC(686) User=0.01s Sys=0.00s Real=0.00s
[608.774s][info][gc,start       ] GC(687) Pause Young (Allocation Failure)
[608.780s][info][gc,heap        ] GC(687) PSYoungGen: 256286K(290304K)->6953K(289280K) Eden: 251904K(251904K)->0K(251904K) From: 4382K(38400K)->6953K(37376K)
[608.780s][info][gc,heap        ] GC(687) ParOldGen: 621562K(621568K)->622583K(622592K)
[608.780s][info][gc,metaspace   ] GC(687) Metaspace: 43216K(43584K)->43216K(43584K) NonClass: 38867K(39104K)->38867K(39104K) Class: 4349K(4480K)->4349K(4480K)
[608.780s][info][gc             ] GC(687) Pause Young (Allocation Failure) 857M->614M(890M) 5.878ms
[608.780s][info][gc,cpu         ] GC(687) User=0.02s Sys=0.00s Real=0.01s
[609.841s][info][gc,start       ] GC(688) Pause Young (Allocation Failure)
[609.850s][info][gc,heap        ] GC(688) PSYoungGen: 258857K(289280K)->6610K(294400K) Eden: 251903K(251904K)->0K(260096K) From: 6953K(37376K)->6610K(34304K)
[609.851s][info][gc,heap        ] GC(688) ParOldGen: 622583K(622592K)->622727K(623104K)
[609.851s][info][gc,metaspace   ] GC(688) Metaspace: 43221K(43648K)->43221K(43648K) NonClass: 38872K(39168K)->38872K(39168K) Class: 4349K(4480K)->4349K(4480K)
[609.851s][info][gc             ] GC(688) Pause Young (Allocation Failure) 860M->614M(896M) 9.619ms
[609.851s][info][gc,cpu         ] GC(688) User=0.02s Sys=0.00s Real=0.01s
[610.705s][info][gc,start       ] GC(689) Pause Young (Allocation Failure)
[610.743s][info][gc,heap        ] GC(689) PSYoungGen: 266706K(294400K)->30688K(292864K) Eden: 260096K(260096K)->0K(260096K) From: 6610K(34304K)->30688K(32768K)
[610.743s][info][gc,heap        ] GC(689) ParOldGen: 622727K(623104K)->627601K(627712K)
[610.743s][info][gc,metaspace   ] GC(689) Metaspace: 43223K(43648K)->43223K(43648K) NonClass: 38874K(39168K)->38874K(39168K) Class: 4349K(4480K)->4349K(4480K)
[610.743s][info][gc             ] GC(689) Pause Young (Allocation Failure) 868M->642M(899M) 38.709ms
[610.743s][info][gc,cpu         ] GC(689) User=0.07s Sys=0.01s Real=0.04s
[611.349s][info][gc,start       ] GC(690) Pause Young (Allocation Failure)
[611.421s][info][gc,heap        ] GC(690) PSYoungGen: 290784K(292864K)->29656K(287232K) Eden: 260096K(260096K)->0K(248832K) From: 30688K(32768K)->29656K(38400K)
[611.421s][info][gc,heap        ] GC(690) ParOldGen: 627601K(627712K)->657529K(657920K)
[611.421s][info][gc,metaspace   ] GC(690) Metaspace: 43223K(43648K)->43223K(43648K) NonClass: 38874K(39168K)->38874K(39168K) Class: 4349K(4480K)->4349K(4480K)
[611.421s][info][gc             ] GC(690) Pause Young (Allocation Failure) 896M->671M(923M) 72.061ms
[611.421s][info][gc,cpu         ] GC(690) User=0.11s Sys=0.03s Real=0.07s
[611.989s][info][gc,heap,exit   ] Heap
[611.989s][info][gc,heap,exit   ]  PSYoungGen      total 287232K, used 244663K [0x00000000eba00000, 0x0000000100000000, 0x0000000100000000)
[611.989s][info][gc,heap,exit   ]   eden space 248832K, 86% used [0x00000000eba00000,0x00000000f8bf7ef0,0x00000000fad00000)
[611.989s][info][gc,heap,exit   ]   from space 38400K, 77% used [0x00000000fda80000,0x00000000ff776000,0x0000000100000000)
[611.989s][info][gc,heap,exit   ]   to   space 42496K, 0% used [0x00000000fad00000,0x00000000fad00000,0x00000000fd680000)
[611.989s][info][gc,heap,exit   ]  ParOldGen       total 657920K, used 657529K [0x00000000c2e00000, 0x00000000eb080000, 0x00000000eba00000)
[611.989s][info][gc,heap,exit   ]   object space 657920K, 99% used [0x00000000c2e00000,0x00000000eb01e730,0x00000000eb080000)
[611.989s][info][gc,heap,exit   ]  Metaspace       used 43356K, committed 43712K, reserved 1114112K
[611.989s][info][gc,heap,exit   ]   class space    used 4375K, committed 4480K, reserved 1048576K
