[0.002s][info][metaspace]  - commit_granule_bytes: 65536.
[0.002s][info][metaspace]  - commit_granule_words: 8192.
[0.002s][info][metaspace]  - virtual_space_node_default_size: 8388608.
[0.002s][info][metaspace]  - enlarge_chunks_in_place: 1.
[0.004s][info][gc,init  ] CardTable entry size: 512
[0.004s][info][gc       ] Using Parallel
[0.005s][info][gc,init  ] Version: 24-internal-adhoc.root.jdk (release)
[0.005s][info][gc,init  ] CPUs: 2 total, 2 available
[0.005s][info][gc,init  ] Memory: 3908M
[0.005s][info][gc,init  ] Large Page Support: Disabled
[0.005s][info][gc,init  ] NUMA Support: Disabled
[0.005s][info][gc,init  ] Compressed Oops: Enabled (32-bit)
[0.005s][info][gc,init  ] Alignments: Space 512K, Generation 512K, Heap 2M
[0.005s][info][gc,init  ] Heap Min Capacity: 256M
[0.005s][info][gc,init  ] Heap Initial Capacity: 256M
[0.005s][info][gc,init  ] Heap Max Capacity: 978M
[0.005s][info][gc,init  ] Pre-touch: Disabled
[0.005s][info][gc,init  ] Parallel Workers: 2
[0.019s][info][gc,metaspace] CDS archive(s) mapped at: [0x00007ff052000000-0x00007ff052e7b000-0x00007ff052e7b000), size 15183872, SharedBaseAddress: 0x00007ff052000000, ArchiveRelocationMode: 1.
[0.019s][info][gc,metaspace] Compressed class space mapped at: 0x00007ff053000000-0x00007ff093000000, reserved size: 1073741824
[0.019s][info][gc,metaspace] UseCompressedClassPointers 1, UseCompactObjectHeaders 1
[0.019s][info][gc,metaspace] Narrow klass pointer bits 22, Max shift 10
[0.019s][info][gc,metaspace] Narrow klass base: 0x00007ff052000000, Narrow klass shift: 10
[0.019s][info][gc,metaspace] Encoding Range: [0x00007ff052000000 - 0x00007ff152000000), (4294967296 bytes)
[0.019s][info][gc,metaspace] Klass Range:    [0x00007ff052000000 - 0x00007ff093000000), (1090519040 bytes)
[0.019s][info][gc,metaspace] Klass ID Range:  [1 - 1064960) (1064959)
[1.384s][info][gc,start    ] GC(0) Pause Young (Allocation Failure)
[1.396s][info][gc,heap     ] GC(0) PSYoungGen: 65536K(76288K)->7813K(76288K) Eden: 65536K(65536K)->0K(65536K) From: 0K(10752K)->7813K(10752K)
[1.396s][info][gc,heap     ] GC(0) ParOldGen: 1088K(175104K)->1176K(175104K)
[1.396s][info][gc,metaspace] GC(0) Metaspace: 20014K(20160K)->20014K(20160K) NonClass: 17004K(17088K)->17004K(17088K) Class: 3010K(3072K)->3010K(3072K)
[1.396s][info][gc          ] GC(0) Pause Young (Allocation Failure) 65M->8M(245M) 12.138ms
[1.396s][info][gc,cpu      ] GC(0) User=0.03s Sys=0.00s Real=0.02s
[1.720s][info][metaspace   ] ChkMgr @0x00007ff0b003ec70 (class-space): failed to commit 66 words on chunk @0x00007ff0b06c79c0, f, base 0x00007ff053320000, level lv10.
[1.720s][info][metaspace   ] Arena @0x00007ff0b02e7430 (class arena): failed to allocate new chunk for requested word size 66.
[1.721s][info][metaspace   ] Arena @0x00007ff0b02e7430 (class arena): allocation failed, returned null.
[1.721s][info][metaspace   ] ChkMgr @0x00007ff0b003ec70 (class-space): failed to commit 66 words on chunk @0x00007ff0b06c79c0, f, base 0x00007ff053320000, level lv10.
[1.721s][info][metaspace   ] Arena @0x00007ff0b02e7430 (class arena): failed to allocate new chunk for requested word size 66.
[1.721s][info][metaspace   ] Arena @0x00007ff0b02e7430 (class arena): allocation failed, returned null.
[1.721s][info][metaspace   ] ChkMgr @0x00007ff0b003ec70 (class-space): failed to commit 66 words on chunk @0x00007ff0b06c79c0, f, base 0x00007ff053320000, level lv10.
[1.721s][info][metaspace   ] Arena @0x00007ff0b02e7430 (class arena): failed to allocate new chunk for requested word size 66.
[1.721s][info][metaspace   ] Arena @0x00007ff0b02e7430 (class arena): allocation failed, returned null.
[1.721s][info][gc,start    ] GC(1) Pause Full (Metadata GC Threshold)
[1.721s][info][gc,phases,start] GC(1) Marking Phase
[1.731s][info][gc,phases      ] GC(1) Marking Phase 10.764ms
[1.732s][info][gc,phases,start] GC(1) Summary Phase
[1.732s][info][gc,phases      ] GC(1) Summary Phase 0.011ms
[1.732s][info][gc,phases,start] GC(1) Forward
[1.733s][info][gc,phases      ] GC(1) Forward 1.718ms
[1.733s][info][gc,phases,start] GC(1) Adjust Pointers
[1.738s][info][gc,phases      ] GC(1) Adjust Pointers 5.198ms
[1.739s][info][gc,phases,start] GC(1) Compaction Phase
[1.744s][info][gc,phases      ] GC(1) Compaction Phase 4.988ms
[1.744s][info][gc,phases,start] GC(1) Post Compact
[1.745s][info][gc,phases      ] GC(1) Post Compact 1.198ms
[1.745s][info][gc,heap        ] GC(1) PSYoungGen: 25295K(76288K)->0K(76288K) Eden: 17482K(65536K)->0K(65536K) From: 7813K(10752K)->0K(10752K)
[1.745s][info][gc,heap        ] GC(1) ParOldGen: 1176K(175104K)->8171K(175104K)
[1.745s][info][gc,metaspace   ] GC(1) Metaspace: 21339K(21504K)->21339K(21504K) NonClass: 18176K(18304K)->18176K(18304K) Class: 3163K(3200K)->3163K(3200K)
[1.745s][info][gc             ] GC(1) Pause Full (Metadata GC Threshold) 25M->7M(245M) 24.195ms
[1.745s][info][gc,cpu         ] GC(1) User=0.04s Sys=0.01s Real=0.03s
[2.667s][info][gc,start       ] GC(2) Pause Young (Allocation Failure)
[2.674s][info][gc,heap        ] GC(2) PSYoungGen: 65536K(76288K)->4754K(76288K) Eden: 65536K(65536K)->0K(65536K) From: 0K(10752K)->4754K(10752K)
[2.674s][info][gc,heap        ] GC(2) ParOldGen: 8171K(175104K)->8179K(175104K)
[2.674s][info][gc,metaspace   ] GC(2) Metaspace: 23221K(23424K)->23221K(23424K) NonClass: 19927K(20032K)->19927K(20032K) Class: 3294K(3392K)->3294K(3392K)
[2.674s][info][gc             ] GC(2) Pause Young (Allocation Failure) 71M->12M(245M) 7.343ms
[2.674s][info][gc,cpu         ] GC(2) User=0.01s Sys=0.00s Real=0.00s
[3.037s][info][gc,start       ] GC(3) Pause Young (Allocation Failure)
[3.044s][info][gc,heap        ] GC(3) PSYoungGen: 70290K(76288K)->5477K(76288K) Eden: 65536K(65536K)->0K(65536K) From: 4754K(10752K)->5477K(10752K)
[3.044s][info][gc,heap        ] GC(3) ParOldGen: 8179K(175104K)->8179K(175104K)
[3.044s][info][gc,metaspace   ] GC(3) Metaspace: 23384K(23552K)->23384K(23552K) NonClass: 20085K(20160K)->20085K(20160K) Class: 3298K(3392K)->3298K(3392K)
[3.044s][info][gc             ] GC(3) Pause Young (Allocation Failure) 76M->13M(245M) 6.662ms
[3.044s][info][gc,cpu         ] GC(3) User=0.01s Sys=0.00s Real=0.00s
[3.720s][info][gc,start       ] GC(4) Pause Young (Allocation Failure)
[3.728s][info][gc,heap        ] GC(4) PSYoungGen: 71013K(76288K)->3187K(141824K) Eden: 65536K(65536K)->0K(131072K) From: 5477K(10752K)->3187K(10752K)
[3.728s][info][gc,heap        ] GC(4) ParOldGen: 8179K(175104K)->8187K(175104K)
[3.728s][info][gc,metaspace   ] GC(4) Metaspace: 23889K(24128K)->23889K(24128K) NonClass: 20572K(20672K)->20572K(20672K) Class: 3317K(3456K)->3317K(3456K)
[3.728s][info][gc             ] GC(4) Pause Young (Allocation Failure) 77M->11M(309M) 7.478ms
[3.728s][info][gc,cpu         ] GC(4) User=0.01s Sys=0.00s Real=0.01s
[4.791s][info][gc,start       ] GC(5) Pause Young (Allocation Failure)
[4.796s][info][gc,heap        ] GC(5) PSYoungGen: 134259K(141824K)->2705K(130048K) Eden: 131072K(131072K)->0K(126976K) From: 3187K(10752K)->2705K(3072K)
[4.796s][info][gc,heap        ] GC(5) ParOldGen: 8187K(175104K)->8195K(175104K)
[4.796s][info][gc,metaspace   ] GC(5) Metaspace: 24911K(25088K)->24911K(25088K) NonClass: 21554K(21632K)->21554K(21632K) Class: 3356K(3456K)->3356K(3456K)
[4.796s][info][gc             ] GC(5) Pause Young (Allocation Failure) 139M->10M(298M) 5.103ms
[4.796s][info][gc,cpu         ] GC(5) User=0.01s Sys=0.00s Real=0.01s
[5.411s][info][gc,start       ] GC(6) Pause Young (Allocation Failure)
[5.424s][info][gc,heap        ] GC(6) PSYoungGen: 129681K(130048K)->8058K(134144K) Eden: 126976K(126976K)->0K(125440K) From: 2705K(3072K)->8058K(8704K)
[5.424s][info][gc,heap        ] GC(6) ParOldGen: 8195K(175104K)->8195K(175104K)
[5.424s][info][gc,metaspace   ] GC(6) Metaspace: 25308K(25536K)->25308K(25536K) NonClass: 21951K(22080K)->21951K(22080K) Class: 3356K(3456K)->3356K(3456K)
[5.424s][info][gc             ] GC(6) Pause Young (Allocation Failure) 134M->15M(302M) 13.375ms
[5.424s][info][gc,cpu         ] GC(6) User=0.02s Sys=0.00s Real=0.01s
[6.071s][info][gc,start       ] GC(7) Pause Young (Allocation Failure)
[6.082s][info][gc,heap        ] GC(7) PSYoungGen: 133498K(134144K)->3602K(135680K) Eden: 125440K(125440K)->0K(125440K) From: 8058K(8704K)->3602K(10240K)
[6.082s][info][gc,heap        ] GC(7) ParOldGen: 8195K(175104K)->8837K(175104K)
[6.082s][info][gc,metaspace   ] GC(7) Metaspace: 25570K(25792K)->25570K(25792K) NonClass: 22213K(22336K)->22213K(22336K) Class: 3357K(3456K)->3357K(3456K)
[6.082s][info][gc             ] GC(7) Pause Young (Allocation Failure) 138M->12M(303M) 11.296ms
[6.082s][info][gc,cpu         ] GC(7) User=0.01s Sys=0.00s Real=0.01s
[6.714s][info][gc,start       ] GC(8) Pause Young (Allocation Failure)
[6.722s][info][gc,heap        ] GC(8) PSYoungGen: 129042K(135680K)->3008K(260608K) Eden: 125440K(125440K)->0K(250880K) From: 3602K(10240K)->3008K(9728K)
[6.722s][info][gc,heap        ] GC(8) ParOldGen: 8837K(175104K)->8997K(175104K)
[6.722s][info][gc,metaspace   ] GC(8) Metaspace: 25805K(26048K)->25805K(26048K) NonClass: 22447K(22592K)->22447K(22592K) Class: 3357K(3456K)->3357K(3456K)
[6.722s][info][gc             ] GC(8) Pause Young (Allocation Failure) 134M->11M(425M) 7.925ms
[6.722s][info][gc,cpu         ] GC(8) User=0.01s Sys=0.00s Real=0.01s
[7.855s][info][gc,start       ] GC(9) Pause Young (Allocation Failure)
[7.869s][info][gc,heap        ] GC(9) PSYoungGen: 253888K(260608K)->6040K(260608K) Eden: 250880K(250880K)->0K(250880K) From: 3008K(9728K)->6040K(9728K)
[7.869s][info][gc,heap        ] GC(9) ParOldGen: 8997K(175104K)->9077K(175104K)
[7.869s][info][gc,metaspace   ] GC(9) Metaspace: 26133K(26368K)->26133K(26368K) NonClass: 22775K(22912K)->22775K(22912K) Class: 3357K(3456K)->3357K(3456K)
[7.869s][info][gc             ] GC(9) Pause Young (Allocation Failure) 256M->14M(425M) 14.562ms
[7.869s][info][gc,cpu         ] GC(9) User=0.02s Sys=0.00s Real=0.01s
[8.915s][info][gc,start       ] GC(10) Pause Young (Allocation Failure)
[8.929s][info][gc,heap        ] GC(10) PSYoungGen: 256920K(260608K)->8058K(323072K) Eden: 250880K(250880K)->0K(313344K) From: 6040K(9728K)->8058K(9728K)
[8.929s][info][gc,heap        ] GC(10) ParOldGen: 9077K(175104K)->9101K(175104K)
[8.929s][info][gc,metaspace   ] GC(10) Metaspace: 26343K(26496K)->26343K(26496K) NonClass: 22986K(23040K)->22986K(23040K) Class: 3357K(3456K)->3357K(3456K)
[8.929s][info][gc             ] GC(10) Pause Young (Allocation Failure) 259M->16M(486M) 14.244ms
[8.929s][info][gc,cpu         ] GC(10) User=0.02s Sys=0.00s Real=0.01s
[10.175s][info][gc,start       ] GC(11) Pause Young (Allocation Failure)
[10.187s][info][gc,heap        ] GC(11) PSYoungGen: 321402K(323072K)->9352K(323072K) Eden: 313344K(313344K)->0K(313344K) From: 8058K(9728K)->9352K(9728K)
[10.187s][info][gc,heap        ] GC(11) ParOldGen: 9101K(175104K)->9125K(175104K)
[10.187s][info][gc,metaspace   ] GC(11) Metaspace: 26500K(26688K)->26500K(26688K) NonClass: 23141K(23232K)->23141K(23232K) Class: 3358K(3456K)->3358K(3456K)
[10.187s][info][gc             ] GC(11) Pause Young (Allocation Failure) 322M->18M(486M) 11.766ms
[10.187s][info][gc,cpu         ] GC(11) User=0.02s Sys=0.00s Real=0.01s
[11.264s][info][gc,start       ] GC(12) Pause Young (Allocation Failure)
[11.271s][info][gc,heap        ] GC(12) PSYoungGen: 322696K(323072K)->7930K(321024K) Eden: 313344K(313344K)->0K(310272K) From: 9352K(9728K)->7930K(10752K)
[11.271s][info][gc,heap        ] GC(12) ParOldGen: 9125K(175104K)->9149K(175104K)
[11.271s][info][gc,metaspace   ] GC(12) Metaspace: 26829K(27072K)->26829K(27072K) NonClass: 23467K(23616K)->23467K(23616K) Class: 3361K(3456K)->3361K(3456K)
[11.271s][info][gc             ] GC(12) Pause Young (Allocation Failure) 324M->16M(484M) 7.395ms
[11.271s][info][gc,cpu         ] GC(12) User=0.01s Sys=0.00s Real=0.01s
[12.202s][info][gc,start       ] GC(13) Pause Young (Allocation Failure)
[12.213s][info][gc,heap        ] GC(13) PSYoungGen: 318202K(321024K)->7256K(322048K) Eden: 310272K(310272K)->0K(310272K) From: 7930K(10752K)->7256K(11776K)
[12.213s][info][gc,heap        ] GC(13) ParOldGen: 9149K(175104K)->9186K(175104K)
[12.213s][info][gc,metaspace   ] GC(13) Metaspace: 26894K(27136K)->26894K(27136K) NonClass: 23532K(23680K)->23532K(23680K) Class: 3361K(3456K)->3361K(3456K)
[12.213s][info][gc             ] GC(13) Pause Young (Allocation Failure) 319M->16M(485M) 11.300ms
[12.213s][info][gc,cpu         ] GC(13) User=0.01s Sys=0.00s Real=0.01s
[13.308s][info][gc,start       ] GC(14) Pause Young (Allocation Failure)
[13.321s][info][gc,heap        ] GC(14) PSYoungGen: 317528K(322048K)->7898K(322048K) Eden: 310272K(310272K)->0K(310272K) From: 7256K(11776K)->7898K(11776K)
[13.321s][info][gc,heap        ] GC(14) ParOldGen: 9186K(175104K)->9362K(175104K)
[13.321s][info][gc,metaspace   ] GC(14) Metaspace: 27025K(27200K)->27025K(27200K) NonClass: 23663K(23744K)->23663K(23744K) Class: 3361K(3456K)->3361K(3456K)
[13.321s][info][gc             ] GC(14) Pause Young (Allocation Failure) 319M->16M(485M) 13.009ms
[13.321s][info][gc,cpu         ] GC(14) User=0.02s Sys=0.00s Real=0.01s
[14.164s][info][gc,start       ] GC(15) Pause Young (Allocation Failure)
[14.173s][info][gc,heap        ] GC(15) PSYoungGen: 318170K(322048K)->8280K(322048K) Eden: 310272K(310272K)->0K(310272K) From: 7898K(11776K)->8280K(11776K)
[14.173s][info][gc,heap        ] GC(15) ParOldGen: 9362K(175104K)->9406K(175104K)
[14.173s][info][gc,metaspace   ] GC(15) Metaspace: 27099K(27264K)->27099K(27264K) NonClass: 23737K(23808K)->23737K(23808K) Class: 3361K(3456K)->3361K(3456K)
[14.173s][info][gc             ] GC(15) Pause Young (Allocation Failure) 319M->17M(485M) 8.372ms
[14.173s][info][gc,cpu         ] GC(15) User=0.02s Sys=0.00s Real=0.01s
[15.018s][info][gc,start       ] GC(16) Pause Young (Allocation Failure)
[15.027s][info][gc,heap        ] GC(16) PSYoungGen: 318552K(322048K)->7800K(322048K) Eden: 310272K(310272K)->0K(310272K) From: 8280K(11776K)->7800K(11776K)
[15.027s][info][gc,heap        ] GC(16) ParOldGen: 9406K(175104K)->9430K(175104K)
[15.027s][info][gc,metaspace   ] GC(16) Metaspace: 27178K(27392K)->27178K(27392K) NonClass: 23815K(23936K)->23815K(23936K) Class: 3362K(3456K)->3362K(3456K)
[15.027s][info][gc             ] GC(16) Pause Young (Allocation Failure) 320M->16M(485M) 8.210ms
[15.027s][info][gc,cpu         ] GC(16) User=0.01s Sys=0.01s Real=0.01s
[15.871s][info][gc,start       ] GC(17) Pause Young (Allocation Failure)
[15.881s][info][gc,heap        ] GC(17) PSYoungGen: 318072K(322048K)->11759K(322048K) Eden: 310272K(310272K)->0K(310272K) From: 7800K(11776K)->11759K(11776K)
[15.881s][info][gc,heap        ] GC(17) ParOldGen: 9430K(175104K)->9870K(175104K)
[15.881s][info][gc,metaspace   ] GC(17) Metaspace: 27227K(27456K)->27227K(27456K) NonClass: 23864K(24000K)->23864K(24000K) Class: 3362K(3456K)->3362K(3456K)
[15.881s][info][gc             ] GC(17) Pause Young (Allocation Failure) 319M->21M(485M) 10.204ms
[15.881s][info][gc,cpu         ] GC(17) User=0.01s Sys=0.00s Real=0.01s
[16.395s][info][gc,heap,exit   ] Heap
[16.395s][info][gc,heap,exit   ]  PSYoungGen      total 322048K, used 193579K [0x00000000eba00000, 0x0000000100000000, 0x0000000100000000)
[16.395s][info][gc,heap,exit   ]   eden space 310272K, 58% used [0x00000000eba00000,0x00000000f6b8f270,0x00000000fe900000)
[16.395s][info][gc,heap,exit   ]   from space 11776K, 99% used [0x00000000fe900000,0x00000000ff47bc18,0x00000000ff480000)
[16.395s][info][gc,heap,exit   ]   to   space 11776K, 0% used [0x00000000ff480000,0x00000000ff480000,0x0000000100000000)
[16.395s][info][gc,heap,exit   ]  ParOldGen       total 175104K, used 9870K [0x00000000c2e00000, 0x00000000cd900000, 0x00000000eba00000)
[16.395s][info][gc,heap,exit   ]   object space 175104K, 5% used [0x00000000c2e00000,0x00000000c37a3a20,0x00000000cd900000)
[16.395s][info][gc,heap,exit   ]  Metaspace       used 27278K, committed 27520K, reserved 1114112K
[16.395s][info][gc,heap,exit   ]   class space    used 3363K, committed 3456K, reserved 1048576K
