[0.002s][info][metaspace]  - commit_granule_bytes: 65536.
[0.002s][info][metaspace]  - commit_granule_words: 8192.
[0.002s][info][metaspace]  - virtual_space_node_default_size: 8388608.
[0.002s][info][metaspace]  - enlarge_chunks_in_place: 1.
[0.005s][info][gc,init  ] CardTable entry size: 512
[0.005s][info][gc       ] Using Parallel
[0.005s][info][gc,init  ] Version: 24-internal-adhoc.root.jdk (release)
[0.005s][info][gc,init  ] CPUs: 2 total, 2 available
[0.005s][info][gc,init  ] Memory: 3908M
[0.005s][info][gc,init  ] Large Page Support: Disabled
[0.005s][info][gc,init  ] NUMA Support: Disabled
[0.005s][info][gc,init  ] Compressed Oops: Enabled (32-bit)
[0.005s][info][gc,init  ] Alignments: Space 512K, Generation 512K, Heap 2M
[0.005s][info][gc,init  ] Heap Min Capacity: 256M
[0.005s][info][gc,init  ] Heap Initial Capacity: 256M
[0.005s][info][gc,init  ] Heap Max Capacity: 978M
[0.005s][info][gc,init  ] Pre-touch: Disabled
[0.005s][info][gc,init  ] Parallel Workers: 2
[0.020s][info][gc,metaspace] CDS archive(s) mapped at: [0x00007f940e000000-0x00007f940ee7b000-0x00007f940ee7b000), size 15183872, SharedBaseAddress: 0x00007f940e000000, ArchiveRelocationMode: 1.
[0.020s][info][gc,metaspace] Compressed class space mapped at: 0x00007f940f000000-0x00007f944f000000, reserved size: 1073741824
[0.020s][info][gc,metaspace] UseCompressedClassPointers 1, UseCompactObjectHeaders 1
[0.020s][info][gc,metaspace] Narrow klass pointer bits 22, Max shift 10
[0.020s][info][gc,metaspace] Narrow klass base: 0x00007f940e000000, Narrow klass shift: 10
[0.020s][info][gc,metaspace] Encoding Range: [0x00007f940e000000 - 0x00007f950e000000), (4294967296 bytes)
[0.020s][info][gc,metaspace] Klass Range:    [0x00007f940e000000 - 0x00007f944f000000), (1090519040 bytes)
[0.020s][info][gc,metaspace] Klass ID Range:  [1 - 1064960) (1064959)
[0.834s][info][gc,start    ] GC(0) Pause Young (Allocation Failure)
[0.855s][info][gc,heap     ] GC(0) PSYoungGen: 65536K(76288K)->5072K(76288K) Eden: 65536K(65536K)->0K(65536K) From: 0K(10752K)->5072K(10752K)
[0.855s][info][gc,heap     ] GC(0) ParOldGen: 1088K(175104K)->20627K(175104K)
[0.855s][info][gc,metaspace] GC(0) Metaspace: 8254K(8384K)->8254K(8384K) NonClass: 7251K(7296K)->7251K(7296K) Class: 1003K(1088K)->1003K(1088K)
[0.855s][info][gc          ] GC(0) Pause Young (Allocation Failure) 65M->25M(245M) 20.947ms
[0.855s][info][gc,cpu      ] GC(0) User=0.03s Sys=0.01s Real=0.02s
[1.197s][info][gc,start    ] GC(1) Pause Young (Allocation Failure)
[1.214s][info][gc,heap     ] GC(1) PSYoungGen: 70608K(76288K)->10160K(141824K) Eden: 65536K(65536K)->0K(131072K) From: 5072K(10752K)->10160K(10752K)
[1.214s][info][gc,heap     ] GC(1) ParOldGen: 20627K(175104K)->20635K(175104K)
[1.214s][info][gc,metaspace] GC(1) Metaspace: 8375K(8512K)->8375K(8512K) NonClass: 7367K(7424K)->7367K(7424K) Class: 1008K(1088K)->1008K(1088K)
[1.214s][info][gc          ] GC(1) Pause Young (Allocation Failure) 89M->30M(309M) 17.404ms
[1.214s][info][gc,cpu      ] GC(1) User=0.03s Sys=0.00s Real=0.02s
[1.669s][info][gc,start    ] GC(2) Pause Young (Allocation Failure)
[1.701s][info][gc,heap     ] GC(2) PSYoungGen: 141232K(141824K)->10736K(141824K) Eden: 131072K(131072K)->0K(131072K) From: 10160K(10752K)->10736K(10752K)
[1.701s][info][gc,heap     ] GC(2) ParOldGen: 20635K(175104K)->27331K(175104K)
[1.701s][info][gc,metaspace] GC(2) Metaspace: 8398K(8576K)->8398K(8576K) NonClass: 7390K(7488K)->7390K(7488K) Class: 1008K(1088K)->1008K(1088K)
[1.701s][info][gc          ] GC(2) Pause Young (Allocation Failure) 158M->37M(309M) 31.673ms
[1.701s][info][gc,cpu      ] GC(2) User=0.05s Sys=0.01s Real=0.04s
[1.948s][info][gc,start    ] GC(3) Pause Young (Allocation Failure)
[1.985s][info][gc,heap     ] GC(3) PSYoungGen: 141808K(141824K)->10720K(272896K) Eden: 131072K(131072K)->0K(262144K) From: 10736K(10752K)->10720K(10752K)
[1.985s][info][gc,heap     ] GC(3) ParOldGen: 27331K(175104K)->36240K(175104K)
[1.985s][info][gc,metaspace] GC(3) Metaspace: 8426K(8576K)->8426K(8576K) NonClass: 7418K(7488K)->7418K(7488K) Class: 1008K(1088K)->1008K(1088K)
[1.985s][info][gc          ] GC(3) Pause Young (Allocation Failure) 165M->45M(437M) 37.163ms
[1.985s][info][gc,cpu      ] GC(3) User=0.07s Sys=0.01s Real=0.04s
[2.425s][info][gc,start    ] GC(4) Pause Young (Allocation Failure)
[2.483s][info][gc,heap     ] GC(4) PSYoungGen: 272864K(272896K)->10720K(272896K) Eden: 262144K(262144K)->0K(262144K) From: 10720K(10752K)->10720K(10752K)
[2.483s][info][gc,heap     ] GC(4) ParOldGen: 36240K(175104K)->53488K(175104K)
[2.483s][info][gc,metaspace] GC(4) Metaspace: 8434K(8576K)->8434K(8576K) NonClass: 7426K(7488K)->7426K(7488K) Class: 1008K(1088K)->1008K(1088K)
[2.483s][info][gc          ] GC(4) Pause Young (Allocation Failure) 301M->62M(437M) 58.165ms
[2.483s][info][gc,cpu      ] GC(4) User=0.10s Sys=0.01s Real=0.06s
[2.767s][info][gc,start    ] GC(5) Pause Young (Allocation Failure)
[2.831s][info][gc,heap     ] GC(5) PSYoungGen: 272864K(272896K)->27600K(292864K) Eden: 262144K(262144K)->0K(260096K) From: 10720K(10752K)->27600K(32768K)
[2.831s][info][gc,heap     ] GC(5) ParOldGen: 53488K(175104K)->53496K(175104K)
[2.831s][info][gc,metaspace] GC(5) Metaspace: 8436K(8576K)->8436K(8576K) NonClass: 7428K(7488K)->7428K(7488K) Class: 1008K(1088K)->1008K(1088K)
[2.831s][info][gc          ] GC(5) Pause Young (Allocation Failure) 318M->79M(457M) 64.110ms
[2.831s][info][gc,cpu      ] GC(5) User=0.11s Sys=0.02s Real=0.07s
[3.108s][info][gc,start    ] GC(6) Pause Young (Allocation Failure)
[3.211s][info][gc,heap     ] GC(6) PSYoungGen: 287696K(292864K)->36864K(296960K) Eden: 260096K(260096K)->0K(260096K) From: 27600K(32768K)->36864K(36864K)
[3.211s][info][gc,heap     ] GC(6) ParOldGen: 53496K(175104K)->59376K(175104K)
[3.211s][info][gc,metaspace] GC(6) Metaspace: 8467K(8640K)->8467K(8640K) NonClass: 7459K(7552K)->7459K(7552K) Class: 1008K(1088K)->1008K(1088K)
[3.211s][info][gc          ] GC(6) Pause Young (Allocation Failure) 333M->93M(461M) 103.605ms
[3.211s][info][gc,cpu      ] GC(6) User=0.19s Sys=0.02s Real=0.11s
[3.496s][info][gc,start    ] GC(7) Pause Young (Allocation Failure)
[3.670s][info][gc,heap     ] GC(7) PSYoungGen: 296960K(296960K)->36864K(254976K) Eden: 260096K(260096K)->0K(218112K) From: 36864K(36864K)->36864K(36864K)
[3.670s][info][gc,heap     ] GC(7) ParOldGen: 59376K(175104K)->76496K(175104K)
[3.670s][info][gc,metaspace] GC(7) Metaspace: 8498K(8640K)->8498K(8640K) NonClass: 7490K(7552K)->7490K(7552K) Class: 1008K(1088K)->1008K(1088K)
[3.670s][info][gc          ] GC(7) Pause Young (Allocation Failure) 347M->110M(420M) 173.894ms
[3.670s][info][gc,cpu      ] GC(7) User=0.32s Sys=0.02s Real=0.17s
[3.930s][info][gc,start    ] GC(8) Pause Young (Allocation Failure)
[4.047s][info][gc,heap     ] GC(8) PSYoungGen: 254976K(254976K)->43104K(261632K) Eden: 218112K(218112K)->0K(218112K) From: 36864K(36864K)->43104K(43520K)
[4.047s][info][gc,heap     ] GC(8) ParOldGen: 76496K(175104K)->82968K(175104K)
[4.047s][info][gc,metaspace] GC(8) Metaspace: 8500K(8640K)->8500K(8640K) NonClass: 7492K(7552K)->7492K(7552K) Class: 1008K(1088K)->1008K(1088K)
[4.047s][info][gc          ] GC(8) Pause Young (Allocation Failure) 323M->123M(426M) 116.507ms
[4.047s][info][gc,cpu      ] GC(8) User=0.19s Sys=0.01s Real=0.12s
[4.259s][info][gc,start    ] GC(9) Pause Young (Allocation Failure)
[4.342s][info][gc,heap     ] GC(9) PSYoungGen: 261216K(261632K)->26240K(275456K) Eden: 218112K(218112K)->0K(214016K) From: 43104K(43520K)->26240K(61440K)
[4.342s][info][gc,heap     ] GC(9) ParOldGen: 82968K(175104K)->112992K(175104K)
[4.342s][info][gc,metaspace] GC(9) Metaspace: 8515K(8640K)->8515K(8640K) NonClass: 7507K(7552K)->7507K(7552K) Class: 1008K(1088K)->1008K(1088K)
[4.342s][info][gc          ] GC(9) Pause Young (Allocation Failure) 336M->135M(440M) 82.773ms
[4.342s][info][gc,cpu      ] GC(9) User=0.14s Sys=0.02s Real=0.09s
[4.565s][info][gc,start    ] GC(10) Pause Young (Allocation Failure)
[4.636s][info][gc,heap     ] GC(10) PSYoungGen: 240256K(275456K)->13664K(227840K) Eden: 214016K(214016K)->0K(214016K) From: 26240K(61440K)->13664K(13824K)
[4.636s][info][gc,heap     ] GC(10) ParOldGen: 112992K(175104K)->138648K(175104K)
[4.636s][info][gc,metaspace] GC(10) Metaspace: 8518K(8640K)->8518K(8640K) NonClass: 7510K(7552K)->7510K(7552K) Class: 1008K(1088K)->1008K(1088K)
[4.636s][info][gc          ] GC(10) Pause Young (Allocation Failure) 344M->148M(393M) 71.211ms
[4.636s][info][gc,cpu      ] GC(10) User=0.12s Sys=0.01s Real=0.07s
[4.839s][info][gc,start    ] GC(11) Pause Young (Allocation Failure)
[4.878s][info][gc,heap     ] GC(11) PSYoungGen: 227680K(227840K)->12448K(272384K) Eden: 214016K(214016K)->0K(215040K) From: 13664K(13824K)->12448K(57344K)
[4.878s][info][gc,heap     ] GC(11) ParOldGen: 138648K(175104K)->151728K(175104K)
[4.878s][info][gc,metaspace] GC(11) Metaspace: 8523K(8640K)->8523K(8640K) NonClass: 7515K(7552K)->7515K(7552K) Class: 1008K(1088K)->1008K(1088K)
[4.878s][info][gc          ] GC(11) Pause Young (Allocation Failure) 357M->160M(437M) 38.741ms
[4.878s][info][gc,cpu      ] GC(11) User=0.07s Sys=0.00s Real=0.04s
[5.087s][info][gc,start    ] GC(12) Pause Young (Allocation Failure)
[5.131s][info][gc,heap     ] GC(12) PSYoungGen: 227488K(272384K)->12704K(271360K) Eden: 215040K(215040K)->0K(215040K) From: 12448K(57344K)->12704K(56320K)
[5.131s][info][gc,heap     ] GC(12) ParOldGen: 151728K(175104K)->164056K(175104K)
[5.131s][info][gc,metaspace] GC(12) Metaspace: 8524K(8640K)->8524K(8640K) NonClass: 7516K(7552K)->7516K(7552K) Class: 1008K(1088K)->1008K(1088K)
[5.131s][info][gc          ] GC(12) Pause Young (Allocation Failure) 370M->172M(436M) 44.127ms
[5.131s][info][gc,cpu      ] GC(12) User=0.07s Sys=0.01s Real=0.05s
[5.337s][info][gc,start    ] GC(13) Pause Young (Allocation Failure)
[5.376s][info][gc,heap     ] GC(13) PSYoungGen: 227744K(271360K)->13216K(275968K) Eden: 215040K(215040K)->0K(221696K) From: 12704K(56320K)->13216K(54272K)
[5.376s][info][gc,heap     ] GC(13) ParOldGen: 164056K(175104K)->176664K(177152K)
[5.376s][info][gc,metaspace] GC(13) Metaspace: 8524K(8640K)->8524K(8640K) NonClass: 7516K(7552K)->7516K(7552K) Class: 1008K(1088K)->1008K(1088K)
[5.376s][info][gc          ] GC(13) Pause Young (Allocation Failure) 382M->185M(442M) 39.003ms
[5.376s][info][gc,cpu      ] GC(13) User=0.07s Sys=0.01s Real=0.04s
[5.583s][info][gc,start    ] GC(14) Pause Young (Allocation Failure)
[5.624s][info][gc,heap     ] GC(14) PSYoungGen: 234912K(275968K)->13280K(275456K) Eden: 221696K(221696K)->0K(221696K) From: 13216K(54272K)->13280K(53760K)
[5.624s][info][gc,heap     ] GC(14) ParOldGen: 176664K(177152K)->189624K(189952K)
[5.624s][info][gc,metaspace] GC(14) Metaspace: 8527K(8640K)->8527K(8640K) NonClass: 7519K(7552K)->7519K(7552K) Class: 1008K(1088K)->1008K(1088K)
[5.624s][info][gc          ] GC(14) Pause Young (Allocation Failure) 401M->198M(454M) 40.350ms
[5.624s][info][gc,cpu      ] GC(14) User=0.08s Sys=0.00s Real=0.04s
[5.835s][info][gc,start    ] GC(15) Pause Young (Allocation Failure)
[5.876s][info][gc,heap     ] GC(15) PSYoungGen: 234976K(275456K)->13920K(278528K) Eden: 221696K(221696K)->0K(227328K) From: 13280K(53760K)->13920K(51200K)
[5.876s][info][gc,heap     ] GC(15) ParOldGen: 189624K(189952K)->202240K(202752K)
[5.876s][info][gc,metaspace] GC(15) Metaspace: 8527K(8640K)->8527K(8640K) NonClass: 7519K(7552K)->7519K(7552K) Class: 1008K(1088K)->1008K(1088K)
[5.876s][info][gc          ] GC(15) Pause Young (Allocation Failure) 414M->211M(470M) 41.187ms
[5.876s][info][gc,cpu      ] GC(15) User=0.08s Sys=0.01s Real=0.04s
[6.081s][info][gc,start    ] GC(16) Pause Young (Allocation Failure)
[6.122s][info][gc,heap     ] GC(16) PSYoungGen: 241248K(278528K)->13184K(278016K) Eden: 227328K(227328K)->0K(227328K) From: 13920K(51200K)->13184K(50688K)
[6.122s][info][gc,heap     ] GC(16) ParOldGen: 202240K(202752K)->215480K(215552K)
[6.122s][info][gc,metaspace] GC(16) Metaspace: 8527K(8640K)->8527K(8640K) NonClass: 7519K(7552K)->7519K(7552K) Class: 1008K(1088K)->1008K(1088K)
[6.122s][info][gc          ] GC(16) Pause Young (Allocation Failure) 433M->223M(482M) 40.636ms
[6.122s][info][gc,cpu      ] GC(16) User=0.07s Sys=0.01s Real=0.04s
[6.328s][info][gc,start    ] GC(17) Pause Young (Allocation Failure)
[6.370s][info][gc,heap     ] GC(17) PSYoungGen: 240512K(278016K)->13632K(281600K) Eden: 227328K(227328K)->0K(233472K) From: 13184K(50688K)->13632K(48128K)
[6.370s][info][gc,heap     ] GC(17) ParOldGen: 215480K(215552K)->228528K(228864K)
[6.370s][info][gc,metaspace] GC(17) Metaspace: 8527K(8640K)->8527K(8640K) NonClass: 7519K(7552K)->7519K(7552K) Class: 1008K(1088K)->1008K(1088K)
[6.370s][info][gc          ] GC(17) Pause Young (Allocation Failure) 445M->236M(498M) 41.690ms
[6.370s][info][gc,cpu      ] GC(17) User=0.07s Sys=0.01s Real=0.04s
[6.585s][info][gc,start    ] GC(18) Pause Young (Allocation Failure)
[6.627s][info][gc,heap     ] GC(18) PSYoungGen: 247104K(281600K)->14304K(280576K) Eden: 233472K(233472K)->0K(233472K) From: 13632K(48128K)->14304K(47104K)
[6.627s][info][gc,heap     ] GC(18) ParOldGen: 228528K(228864K)->241376K(241664K)
[6.627s][info][gc,metaspace] GC(18) Metaspace: 8527K(8640K)->8527K(8640K) NonClass: 7519K(7552K)->7519K(7552K) Class: 1008K(1088K)->1008K(1088K)
[6.627s][info][gc          ] GC(18) Pause Young (Allocation Failure) 464M->249M(510M) 42.192ms
[6.627s][info][gc,cpu      ] GC(18) User=0.08s Sys=0.01s Real=0.04s
[6.835s][info][gc,start    ] GC(19) Pause Young (Allocation Failure)
[6.876s][info][gc,heap     ] GC(19) PSYoungGen: 247776K(280576K)->12768K(285184K) Eden: 233472K(233472K)->0K(240128K) From: 14304K(47104K)->12768K(45056K)
[6.876s][info][gc,heap     ] GC(19) ParOldGen: 241376K(241664K)->254872K(254976K)
[6.876s][info][gc,metaspace] GC(19) Metaspace: 8527K(8640K)->8527K(8640K) NonClass: 7519K(7552K)->7519K(7552K) Class: 1008K(1088K)->1008K(1088K)
[6.876s][info][gc          ] GC(19) Pause Young (Allocation Failure) 477M->261M(527M) 40.611ms
[6.876s][info][gc,cpu      ] GC(19) User=0.07s Sys=0.01s Real=0.04s
[7.099s][info][gc,start    ] GC(20) Pause Young (Allocation Failure)
[7.141s][info][gc,heap     ] GC(20) PSYoungGen: 252896K(285184K)->14272K(283648K) Eden: 240128K(240128K)->0K(240128K) From: 12768K(45056K)->14272K(43520K)
[7.141s][info][gc,heap     ] GC(20) ParOldGen: 254872K(254976K)->267536K(267776K)
[7.141s][info][gc,metaspace] GC(20) Metaspace: 8527K(8640K)->8527K(8640K) NonClass: 7519K(7552K)->7519K(7552K) Class: 1008K(1088K)->1008K(1088K)
[7.141s][info][gc          ] GC(20) Pause Young (Allocation Failure) 495M->275M(538M) 42.256ms
[7.141s][info][gc,cpu      ] GC(20) User=0.08s Sys=0.00s Real=0.05s
[7.357s][info][gc,start    ] GC(21) Pause Young (Allocation Failure)
[7.399s][info][gc,heap     ] GC(21) PSYoungGen: 254400K(283648K)->13568K(288256K) Eden: 240128K(240128K)->0K(246784K) From: 14272K(43520K)->13568K(41472K)
[7.399s][info][gc,heap     ] GC(21) ParOldGen: 267536K(267776K)->281312K(281600K)
[7.399s][info][gc,metaspace] GC(21) Metaspace: 8527K(8640K)->8527K(8640K) NonClass: 7519K(7552K)->7519K(7552K) Class: 1008K(1088K)->1008K(1088K)
[7.399s][info][gc          ] GC(21) Pause Young (Allocation Failure) 509M->287M(556M) 42.115ms
[7.399s][info][gc,cpu      ] GC(21) User=0.07s Sys=0.01s Real=0.04s
[7.618s][info][gc,start    ] GC(22) Pause Young (Allocation Failure)
[7.660s][info][gc,heap     ] GC(22) PSYoungGen: 260352K(288256K)->13696K(286720K) Eden: 246784K(246784K)->0K(246784K) From: 13568K(41472K)->13696K(39936K)
[7.660s][info][gc,heap     ] GC(22) ParOldGen: 281312K(281600K)->294704K(294912K)
[7.660s][info][gc,metaspace] GC(22) Metaspace: 8527K(8640K)->8527K(8640K) NonClass: 7519K(7552K)->7519K(7552K) Class: 1008K(1088K)->1008K(1088K)
[7.660s][info][gc          ] GC(22) Pause Young (Allocation Failure) 528M->301M(568M) 42.271ms
[7.660s][info][gc,cpu      ] GC(22) User=0.08s Sys=0.00s Real=0.04s
[7.880s][info][gc,start    ] GC(23) Pause Young (Allocation Failure)
[7.960s][info][gc,heap     ] GC(23) PSYoungGen: 260480K(286720K)->13344K(292352K) Eden: 246784K(246784K)->0K(253952K) From: 13696K(39936K)->13344K(38400K)
[7.960s][info][gc,heap     ] GC(23) ParOldGen: 294704K(294912K)->308384K(308736K)
[7.960s][info][gc,metaspace] GC(23) Metaspace: 8527K(8640K)->8527K(8640K) NonClass: 7519K(7552K)->7519K(7552K) Class: 1008K(1088K)->1008K(1088K)
[7.960s][info][gc          ] GC(23) Pause Young (Allocation Failure) 542M->314M(587M) 80.387ms
[7.960s][info][gc,cpu      ] GC(23) User=0.14s Sys=0.01s Real=0.08s
[8.185s][info][gc,start    ] GC(24) Pause Young (Allocation Failure)
[8.227s][info][gc,heap     ] GC(24) PSYoungGen: 267296K(292352K)->13792K(290816K) Eden: 253952K(253952K)->0K(253952K) From: 13344K(38400K)->13792K(36864K)
[8.227s][info][gc,heap     ] GC(24) ParOldGen: 308384K(308736K)->321672K(322048K)
[8.227s][info][gc,metaspace] GC(24) Metaspace: 8527K(8640K)->8527K(8640K) NonClass: 7519K(7552K)->7519K(7552K) Class: 1008K(1088K)->1008K(1088K)
[8.227s][info][gc          ] GC(24) Pause Young (Allocation Failure) 562M->327M(598M) 42.161ms
[8.227s][info][gc,cpu      ] GC(24) User=0.07s Sys=0.01s Real=0.04s
[8.461s][info][gc,start    ] GC(25) Pause Young (Allocation Failure)
[8.508s][info][gc,heap     ] GC(25) PSYoungGen: 267744K(290816K)->14592K(295424K) Eden: 253952K(253952K)->0K(260096K) From: 13792K(36864K)->14592K(35328K)
[8.508s][info][gc,heap     ] GC(25) ParOldGen: 321672K(322048K)->335400K(335872K)
[8.508s][info][gc,metaspace] GC(25) Metaspace: 8527K(8640K)->8527K(8640K) NonClass: 7519K(7552K)->7519K(7552K) Class: 1008K(1088K)->1008K(1088K)
[8.508s][info][gc          ] GC(25) Pause Young (Allocation Failure) 575M->341M(616M) 46.549ms
[8.508s][info][gc,cpu      ] GC(25) User=0.08s Sys=0.01s Real=0.04s
[8.746s][info][gc,start    ] GC(26) Pause Young (Allocation Failure)
[8.798s][info][gc,heap     ] GC(26) PSYoungGen: 274688K(295424K)->15776K(293888K) Eden: 260096K(260096K)->0K(260096K) From: 14592K(35328K)->15776K(33792K)
[8.798s][info][gc,heap     ] GC(26) ParOldGen: 335400K(335872K)->349640K(349696K)
[8.798s][info][gc,metaspace] GC(26) Metaspace: 8527K(8640K)->8527K(8640K) NonClass: 7519K(7552K)->7519K(7552K) Class: 1008K(1088K)->1008K(1088K)
[8.798s][info][gc          ] GC(26) Pause Young (Allocation Failure) 595M->356M(628M) 51.619ms
[8.798s][info][gc,cpu      ] GC(26) User=0.08s Sys=0.01s Real=0.05s
[9.025s][info][gc,start    ] GC(27) Pause Young (Allocation Failure)
[9.072s][info][gc,heap     ] GC(27) PSYoungGen: 275872K(293888K)->14656K(298496K) Eden: 260096K(260096K)->0K(266240K) From: 15776K(33792K)->14656K(32256K)
[9.072s][info][gc,heap     ] GC(27) ParOldGen: 349640K(349696K)->364432K(364544K)
[9.072s][info][gc,metaspace] GC(27) Metaspace: 8527K(8640K)->8527K(8640K) NonClass: 7519K(7552K)->7519K(7552K) Class: 1008K(1088K)->1008K(1088K)
[9.072s][info][gc          ] GC(27) Pause Young (Allocation Failure) 610M->370M(647M) 46.323ms
[9.072s][info][gc,cpu      ] GC(27) User=0.08s Sys=0.01s Real=0.05s
[9.316s][info][gc,start    ] GC(28) Pause Young (Allocation Failure)
[9.361s][info][gc,heap     ] GC(28) PSYoungGen: 280896K(298496K)->14880K(296960K) Eden: 266240K(266240K)->0K(266240K) From: 14656K(32256K)->14880K(30720K)
[9.361s][info][gc,heap     ] GC(28) ParOldGen: 364432K(364544K)->378456K(378880K)
[9.361s][info][gc,metaspace] GC(28) Metaspace: 8528K(8640K)->8528K(8640K) NonClass: 7520K(7552K)->7520K(7552K) Class: 1008K(1088K)->1008K(1088K)
[9.361s][info][gc          ] GC(28) Pause Young (Allocation Failure) 630M->384M(660M) 45.010ms
[9.361s][info][gc,cpu      ] GC(28) User=0.08s Sys=0.01s Real=0.05s
[9.599s][info][gc,start    ] GC(29) Pause Young (Allocation Failure)
[9.645s][info][gc,heap     ] GC(29) PSYoungGen: 281120K(296960K)->14784K(301568K) Eden: 266240K(266240K)->0K(272384K) From: 14880K(30720K)->14784K(29184K)
[9.645s][info][gc,heap     ] GC(29) ParOldGen: 378456K(378880K)->393248K(393728K)
[9.646s][info][gc,metaspace] GC(29) Metaspace: 8528K(8640K)->8528K(8640K) NonClass: 7520K(7552K)->7520K(7552K) Class: 1008K(1088K)->1008K(1088K)
[9.646s][info][gc          ] GC(29) Pause Young (Allocation Failure) 644M->398M(679M) 46.143ms
[9.646s][info][gc,cpu      ] GC(29) User=0.08s Sys=0.01s Real=0.05s
[9.890s][info][gc,start    ] GC(30) Pause Young (Allocation Failure)
[9.938s][info][gc,heap     ] GC(30) PSYoungGen: 287168K(301568K)->15936K(300544K) Eden: 272384K(272384K)->0K(272384K) From: 14784K(29184K)->15936K(28160K)
[9.938s][info][gc,heap     ] GC(30) ParOldGen: 393248K(393728K)->407976K(408064K)
[9.938s][info][gc,metaspace] GC(30) Metaspace: 8528K(8640K)->8528K(8640K) NonClass: 7520K(7552K)->7520K(7552K) Class: 1008K(1088K)->1008K(1088K)
[9.938s][info][gc          ] GC(30) Pause Young (Allocation Failure) 664M->413M(692M) 47.932ms
[9.938s][info][gc,cpu      ] GC(30) User=0.08s Sys=0.01s Real=0.05s
[10.173s][info][gc,start    ] GC(31) Pause Young (Allocation Failure)
[10.221s][info][gc,heap     ] GC(31) PSYoungGen: 288320K(300544K)->15232K(304640K) Eden: 272384K(272384K)->0K(277504K) From: 15936K(28160K)->15232K(27136K)
[10.221s][info][gc,heap     ] GC(31) ParOldGen: 407976K(408064K)->423336K(423424K)
[10.221s][info][gc,metaspace] GC(31) Metaspace: 8528K(8640K)->8528K(8640K) NonClass: 7520K(7552K)->7520K(7552K) Class: 1008K(1088K)->1008K(1088K)
[10.221s][info][gc          ] GC(31) Pause Young (Allocation Failure) 679M->428M(711M) 48.608ms
[10.221s][info][gc,cpu      ] GC(31) User=0.08s Sys=0.01s Real=0.05s
[10.473s][info][gc,start    ] GC(32) Pause Young (Allocation Failure)
[10.523s][info][gc,heap     ] GC(32) PSYoungGen: 292736K(304640K)->16448K(303616K) Eden: 277504K(277504K)->0K(277504K) From: 15232K(27136K)->16448K(26112K)
[10.523s][info][gc,heap     ] GC(32) ParOldGen: 423336K(423424K)->437888K(438272K)
[10.523s][info][gc,metaspace] GC(32) Metaspace: 8528K(8640K)->8528K(8640K) NonClass: 7520K(7552K)->7520K(7552K) Class: 1008K(1088K)->1008K(1088K)
[10.523s][info][gc          ] GC(32) Pause Young (Allocation Failure) 699M->443M(724M) 49.380ms
[10.523s][info][gc,cpu      ] GC(32) User=0.08s Sys=0.01s Real=0.05s
[10.768s][info][gc,start    ] GC(33) Pause Young (Allocation Failure)
[10.817s][info][gc,heap     ] GC(33) PSYoungGen: 293952K(303616K)->15872K(306688K) Eden: 277504K(277504K)->0K(281600K) From: 16448K(26112K)->15872K(25088K)
[10.817s][info][gc,heap     ] GC(33) ParOldGen: 437888K(438272K)->453376K(453632K)
[10.817s][info][gc,metaspace] GC(33) Metaspace: 8528K(8640K)->8528K(8640K) NonClass: 7520K(7552K)->7520K(7552K) Class: 1008K(1088K)->1008K(1088K)
[10.817s][info][gc          ] GC(33) Pause Young (Allocation Failure) 714M->458M(742M) 48.870ms
[10.817s][info][gc,cpu      ] GC(33) User=0.09s Sys=0.01s Real=0.05s
[11.067s][info][gc,start    ] GC(34) Pause Young (Allocation Failure)
[11.115s][info][gc,heap     ] GC(34) PSYoungGen: 297472K(306688K)->15328K(306176K) Eden: 281600K(281600K)->0K(281600K) From: 15872K(25088K)->15328K(24576K)
[11.115s][info][gc,heap     ] GC(34) ParOldGen: 453376K(453632K)->468784K(468992K)
[11.115s][info][gc,metaspace] GC(34) Metaspace: 8528K(8640K)->8528K(8640K) NonClass: 7520K(7552K)->7520K(7552K) Class: 1008K(1088K)->1008K(1088K)
[11.115s][info][gc          ] GC(34) Pause Young (Allocation Failure) 733M->472M(757M) 48.217ms
[11.115s][info][gc,cpu      ] GC(34) User=0.09s Sys=0.01s Real=0.05s
[11.370s][info][gc,start    ] GC(35) Pause Young (Allocation Failure)
[11.419s][info][gc,heap     ] GC(35) PSYoungGen: 296928K(306176K)->15968K(308224K) Eden: 281600K(281600K)->0K(284672K) From: 15328K(24576K)->15968K(23552K)
[11.419s][info][gc,heap     ] GC(35) ParOldGen: 468784K(468992K)->484080K(484352K)
[11.419s][info][gc,metaspace] GC(35) Metaspace: 8528K(8640K)->8528K(8640K) NonClass: 7520K(7552K)->7520K(7552K) Class: 1008K(1088K)->1008K(1088K)
[11.419s][info][gc          ] GC(35) Pause Young (Allocation Failure) 747M->488M(774M) 48.839ms
[11.419s][info][gc,cpu      ] GC(35) User=0.08s Sys=0.00s Real=0.05s
[11.670s][info][gc,start    ] GC(36) Pause Young (Allocation Failure)
[11.720s][info][gc,heap     ] GC(36) PSYoungGen: 300640K(308224K)->16032K(307712K) Eden: 284672K(284672K)->0K(284672K) From: 15968K(23552K)->16032K(23040K)
[11.720s][info][gc,heap     ] GC(36) ParOldGen: 484080K(484352K)->499984K(500224K)
[11.720s][info][gc,metaspace] GC(36) Metaspace: 8528K(8640K)->8528K(8640K) NonClass: 7520K(7552K)->7520K(7552K) Class: 1008K(1088K)->1008K(1088K)
[11.720s][info][gc          ] GC(36) Pause Young (Allocation Failure) 766M->503M(789M) 49.970ms
[11.720s][info][gc,cpu      ] GC(36) User=0.09s Sys=0.02s Real=0.05s
[11.973s][info][gc,start    ] GC(37) Pause Young (Allocation Failure)
[12.021s][info][gc,heap     ] GC(37) PSYoungGen: 300704K(307712K)->15520K(310272K) Eden: 284672K(284672K)->0K(287744K) From: 16032K(23040K)->15520K(22528K)
[12.022s][info][gc,heap     ] GC(37) ParOldGen: 499984K(500224K)->515384K(515584K)
[12.022s][info][gc,metaspace] GC(37) Metaspace: 8528K(8640K)->8528K(8640K) NonClass: 7520K(7552K)->7520K(7552K) Class: 1008K(1088K)->1008K(1088K)
[12.022s][info][gc          ] GC(37) Pause Young (Allocation Failure) 781M->518M(806M) 48.739ms
[12.022s][info][gc,cpu      ] GC(37) User=0.09s Sys=0.01s Real=0.05s
[12.277s][info][gc,start    ] GC(38) Pause Young (Allocation Failure)
[12.329s][info][gc,heap     ] GC(38) PSYoungGen: 303264K(310272K)->16928K(309760K) Eden: 287744K(287744K)->0K(287744K) From: 15520K(22528K)->16928K(22016K)
[12.329s][info][gc,heap     ] GC(38) ParOldGen: 515384K(515584K)->530816K(530944K)
[12.329s][info][gc,metaspace] GC(38) Metaspace: 8528K(8640K)->8528K(8640K) NonClass: 7520K(7552K)->7520K(7552K) Class: 1008K(1088K)->1008K(1088K)
[12.329s][info][gc          ] GC(38) Pause Young (Allocation Failure) 799M->534M(821M) 51.237ms
[12.329s][info][gc,cpu      ] GC(38) User=0.09s Sys=0.01s Real=0.05s
[12.575s][info][gc,start    ] GC(39) Pause Young (Allocation Failure)
[12.626s][info][gc,heap     ] GC(39) PSYoungGen: 304672K(309760K)->15808K(311296K) Eden: 287744K(287744K)->0K(289792K) From: 16928K(22016K)->15808K(21504K)
[12.626s][info][gc,heap     ] GC(39) ParOldGen: 530816K(530944K)->546904K(547328K)
[12.626s][info][gc,metaspace] GC(39) Metaspace: 8528K(8640K)->8528K(8640K) NonClass: 7520K(7552K)->7520K(7552K) Class: 1008K(1088K)->1008K(1088K)
[12.626s][info][gc          ] GC(39) Pause Young (Allocation Failure) 815M->549M(838M) 50.407ms
[12.626s][info][gc,cpu      ] GC(39) User=0.09s Sys=0.01s Real=0.05s
[12.888s][info][gc,start    ] GC(40) Pause Young (Allocation Failure)
[12.944s][info][gc,heap     ] GC(40) PSYoungGen: 305600K(311296K)->16672K(310784K) Eden: 289792K(289792K)->0K(289792K) From: 15808K(21504K)->16672K(20992K)
[12.944s][info][gc,heap     ] GC(40) ParOldGen: 546904K(547328K)->562376K(562688K)
[12.944s][info][gc,metaspace] GC(40) Metaspace: 8528K(8640K)->8528K(8640K) NonClass: 7520K(7552K)->7520K(7552K) Class: 1008K(1088K)->1008K(1088K)
[12.944s][info][gc          ] GC(40) Pause Young (Allocation Failure) 832M->565M(853M) 55.991ms
[12.944s][info][gc,cpu      ] GC(40) User=0.08s Sys=0.02s Real=0.06s
[13.200s][info][gc,start    ] GC(41) Pause Young (Allocation Failure)
[13.252s][info][gc,heap     ] GC(41) PSYoungGen: 306464K(310784K)->16576K(312320K) Eden: 289792K(289792K)->0K(291840K) From: 16672K(20992K)->16576K(20480K)
[13.252s][info][gc,heap     ] GC(41) ParOldGen: 562376K(562688K)->578408K(578560K)
[13.252s][info][gc,metaspace] GC(41) Metaspace: 8528K(8640K)->8528K(8640K) NonClass: 7520K(7552K)->7520K(7552K) Class: 1008K(1088K)->1008K(1088K)
[13.252s][info][gc          ] GC(41) Pause Young (Allocation Failure) 848M->581M(870M) 51.712ms
[13.252s][info][gc,cpu      ] GC(41) User=0.10s Sys=0.01s Real=0.06s
[13.508s][info][gc,start    ] GC(42) Pause Young (Allocation Failure)
[13.558s][info][gc,heap     ] GC(42) PSYoungGen: 308416K(312320K)->15680K(312320K) Eden: 291840K(291840K)->0K(291840K) From: 16576K(20480K)->15680K(20480K)
[13.558s][info][gc,heap     ] GC(42) ParOldGen: 578408K(578560K)->594472K(594944K)
[13.558s][info][gc,metaspace] GC(42) Metaspace: 8528K(8640K)->8528K(8640K) NonClass: 7520K(7552K)->7520K(7552K) Class: 1008K(1088K)->1008K(1088K)
[13.558s][info][gc          ] GC(42) Pause Young (Allocation Failure) 866M->595M(886M) 49.938ms
[13.558s][info][gc,cpu      ] GC(42) User=0.10s Sys=0.01s Real=0.05s
[13.820s][info][gc,start    ] GC(43) Pause Young (Allocation Failure)
[13.872s][info][gc,heap     ] GC(43) PSYoungGen: 307520K(312320K)->16832K(313344K) Eden: 291840K(291840K)->0K(292864K) From: 15680K(20480K)->16832K(20480K)
[13.872s][info][gc,heap     ] GC(43) ParOldGen: 594472K(594944K)->610096K(610304K)
[13.872s][info][gc,metaspace] GC(43) Metaspace: 8528K(8640K)->8528K(8640K) NonClass: 7520K(7552K)->7520K(7552K) Class: 1008K(1088K)->1008K(1088K)
[13.872s][info][gc          ] GC(43) Pause Young (Allocation Failure) 880M->612M(902M) 52.253ms
[13.872s][info][gc,cpu      ] GC(43) User=0.09s Sys=0.01s Real=0.06s
[14.128s][info][gc,start    ] GC(44) Pause Young (Allocation Failure)
[14.185s][info][gc,heap     ] GC(44) PSYoungGen: 309696K(313344K)->16320K(309248K) Eden: 292864K(292864K)->0K(292864K) From: 16832K(20480K)->16320K(16384K)
[14.185s][info][gc,heap     ] GC(44) ParOldGen: 610096K(610304K)->626392K(626688K)
[14.185s][info][gc,metaspace] GC(44) Metaspace: 8528K(8640K)->8528K(8640K) NonClass: 7520K(7552K)->7520K(7552K) Class: 1008K(1088K)->1008K(1088K)
[14.185s][info][gc          ] GC(44) Pause Young (Allocation Failure) 898M->627M(914M) 56.581ms
[14.185s][info][gc,cpu      ] GC(44) User=0.10s Sys=0.00s Real=0.06s
[14.443s][info][gc,start    ] GC(45) Pause Young (Allocation Failure)
[14.495s][info][gc,heap     ] GC(45) PSYoungGen: 309184K(309248K)->16224K(313344K) Eden: 292864K(292864K)->0K(293376K) From: 16320K(16384K)->16224K(19968K)
[14.495s][info][gc,heap     ] GC(45) ParOldGen: 626392K(626688K)->642352K(642560K)
[14.495s][info][gc,metaspace] GC(45) Metaspace: 8528K(8640K)->8528K(8640K) NonClass: 7520K(7552K)->7520K(7552K) Class: 1008K(1088K)->1008K(1088K)
[14.495s][info][gc          ] GC(45) Pause Young (Allocation Failure) 913M->643M(933M) 51.284ms
[14.495s][info][gc,cpu      ] GC(45) User=0.09s Sys=0.01s Real=0.05s
[14.750s][info][gc,start    ] GC(46) Pause Young (Allocation Failure)
[14.801s][info][gc,heap     ] GC(46) PSYoungGen: 309600K(313344K)->16096K(312832K) Eden: 293376K(293376K)->0K(293376K) From: 16224K(19968K)->16096K(19456K)
[14.801s][info][gc,heap     ] GC(46) ParOldGen: 642352K(642560K)->658096K(658432K)
[14.801s][info][gc,metaspace] GC(46) Metaspace: 8528K(8640K)->8528K(8640K) NonClass: 7520K(7552K)->7520K(7552K) Class: 1008K(1088K)->1008K(1088K)
[14.801s][info][gc          ] GC(46) Pause Young (Allocation Failure) 929M->658M(948M) 50.492ms
[14.801s][info][gc,cpu      ] GC(46) User=0.09s Sys=0.01s Real=0.06s
[15.062s][info][gc,start    ] GC(47) Pause Full (Allocation Failure)
[15.062s][info][gc,phases,start] GC(47) Marking Phase
[15.665s][info][gc,phases      ] GC(47) Marking Phase 603.599ms
[15.665s][info][gc,phases,start] GC(47) Summary Phase
[15.665s][info][gc,phases      ] GC(47) Summary Phase 0.027ms
[15.665s][info][gc,phases,start] GC(47) Forward
[15.855s][info][gc,phases      ] GC(47) Forward 189.456ms
[15.855s][info][gc,phases,start] GC(47) Adjust Pointers
[16.224s][info][gc,phases      ] GC(47) Adjust Pointers 368.814ms
[16.224s][info][gc,phases,start] GC(47) Compaction Phase
[16.506s][info][gc,phases      ] GC(47) Compaction Phase 281.991ms
[16.506s][info][gc,phases,start] GC(47) Post Compact
[16.509s][info][gc,phases      ] GC(47) Post Compact 3.092ms
[16.509s][info][gc,heap        ] GC(47) PSYoungGen: 309472K(312832K)->27441K(312832K) Eden: 293376K(293376K)->27441K(293376K) From: 16096K(19456K)->0K(19456K)
[16.509s][info][gc,heap        ] GC(47) ParOldGen: 658096K(658432K)->658401K(667648K)
[16.509s][info][gc,metaspace   ] GC(47) Metaspace: 8528K(8640K)->8528K(8640K) NonClass: 7520K(7552K)->7520K(7552K) Class: 1008K(1088K)->1008K(1088K)
[16.509s][info][gc             ] GC(47) Pause Full (Allocation Failure) 944M->669M(957M) 1447.524ms
[16.509s][info][gc,cpu         ] GC(47) User=2.81s Sys=0.05s Real=1.44s
[16.749s][info][gc,start       ] GC(48) Pause Full (Allocation Failure)
[16.749s][info][gc,phases,start] GC(48) Marking Phase
[17.341s][info][gc,phases      ] GC(48) Marking Phase 592.102ms
[17.341s][info][gc,phases,start] GC(48) Summary Phase
[17.341s][info][gc,phases      ] GC(48) Summary Phase 0.027ms
[17.341s][info][gc,phases,start] GC(48) Forward
[17.528s][info][gc,phases      ] GC(48) Forward 187.000ms
[17.528s][info][gc,phases,start] GC(48) Adjust Pointers
[17.899s][info][gc,phases      ] GC(48) Adjust Pointers 370.686ms
[17.899s][info][gc,phases,start] GC(48) Compaction Phase
[18.125s][info][gc,phases      ] GC(48) Compaction Phase 226.571ms
[18.126s][info][gc,phases,start] GC(48) Post Compact
[18.128s][info][gc,phases      ] GC(48) Post Compact 2.720ms
[18.128s][info][gc,heap        ] GC(48) PSYoungGen: 293376K(312832K)->33760K(312832K) Eden: 293376K(293376K)->33760K(293376K) From: 0K(19456K)->0K(19456K)
[18.128s][info][gc,heap        ] GC(48) ParOldGen: 658401K(667648K)->667615K(667648K)
[18.128s][info][gc,metaspace   ] GC(48) Metaspace: 8528K(8640K)->8528K(8640K) NonClass: 7520K(7552K)->7520K(7552K) Class: 1008K(1088K)->1008K(1088K)
[18.128s][info][gc             ] GC(48) Pause Full (Allocation Failure) 929M->684M(957M) 1379.578ms
[18.128s][info][gc,cpu         ] GC(48) User=2.73s Sys=0.00s Real=1.38s
[18.355s][info][gc,start       ] GC(49) Pause Full (Allocation Failure)
[18.355s][info][gc,phases,start] GC(49) Marking Phase
[18.956s][info][gc,phases      ] GC(49) Marking Phase 600.363ms
[18.956s][info][gc,phases,start] GC(49) Summary Phase
[18.956s][info][gc,phases      ] GC(49) Summary Phase 0.027ms
[18.956s][info][gc,phases,start] GC(49) Forward
[18.994s][info][gc,phases      ] GC(49) Forward 38.086ms
[18.994s][info][gc,phases,start] GC(49) Adjust Pointers
[19.298s][info][gc,phases      ] GC(49) Adjust Pointers 304.018ms
[19.298s][info][gc,phases,start] GC(49) Compaction Phase
[19.463s][info][gc,phases      ] GC(49) Compaction Phase 165.347ms
[19.464s][info][gc,phases,start] GC(49) Post Compact
[19.466s][info][gc,phases      ] GC(49) Post Compact 2.832ms
[19.466s][info][gc,heap        ] GC(49) PSYoungGen: 293376K(312832K)->47073K(312832K) Eden: 293376K(293376K)->47073K(293376K) From: 0K(19456K)->0K(19456K)
[19.466s][info][gc,heap        ] GC(49) ParOldGen: 667615K(667648K)->667615K(667648K)
[19.466s][info][gc,metaspace   ] GC(49) Metaspace: 8528K(8640K)->8528K(8640K) NonClass: 7520K(7552K)->7520K(7552K) Class: 1008K(1088K)->1008K(1088K)
[19.466s][info][gc             ] GC(49) Pause Full (Allocation Failure) 938M->697M(957M) 1111.133ms
[19.467s][info][gc,cpu         ] GC(49) User=2.19s Sys=0.00s Real=1.11s
[19.696s][info][gc,start       ] GC(50) Pause Full (Allocation Failure)
[19.696s][info][gc,phases,start] GC(50) Marking Phase
[20.315s][info][gc,phases      ] GC(50) Marking Phase 618.487ms
[20.315s][info][gc,phases,start] GC(50) Summary Phase
[20.315s][info][gc,phases      ] GC(50) Summary Phase 0.025ms
[20.315s][info][gc,phases,start] GC(50) Forward
[20.347s][info][gc,phases      ] GC(50) Forward 32.587ms
[20.347s][info][gc,phases,start] GC(50) Adjust Pointers
[20.646s][info][gc,phases      ] GC(50) Adjust Pointers 298.768ms
[20.646s][info][gc,phases,start] GC(50) Compaction Phase
[20.809s][info][gc,phases      ] GC(50) Compaction Phase 162.505ms
[20.809s][info][gc,phases,start] GC(50) Post Compact
[20.811s][info][gc,phases      ] GC(50) Post Compact 2.600ms
[20.811s][info][gc,heap        ] GC(50) PSYoungGen: 293376K(312832K)->61643K(312832K) Eden: 293376K(293376K)->61643K(293376K) From: 0K(19456K)->0K(19456K)
[20.811s][info][gc,heap        ] GC(50) ParOldGen: 667615K(667648K)->667615K(667648K)
[20.811s][info][gc,metaspace   ] GC(50) Metaspace: 8528K(8640K)->8528K(8640K) NonClass: 7520K(7552K)->7520K(7552K) Class: 1008K(1088K)->1008K(1088K)
[20.812s][info][gc             ] GC(50) Pause Full (Allocation Failure) 938M->712M(957M) 1115.331ms
[20.812s][info][gc,cpu         ] GC(50) User=2.19s Sys=0.00s Real=1.12s
[21.015s][info][gc,start       ] GC(51) Pause Full (Allocation Failure)
[21.015s][info][gc,phases,start] GC(51) Marking Phase
[21.639s][info][gc,phases      ] GC(51) Marking Phase 624.255ms
[21.639s][info][gc,phases,start] GC(51) Summary Phase
[21.639s][info][gc,phases      ] GC(51) Summary Phase 0.025ms
[21.639s][info][gc,phases,start] GC(51) Forward
[21.694s][info][gc,phases      ] GC(51) Forward 55.508ms
[21.695s][info][gc,phases,start] GC(51) Adjust Pointers
[22.002s][info][gc,phases      ] GC(51) Adjust Pointers 307.360ms
[22.002s][info][gc,phases,start] GC(51) Compaction Phase
[22.172s][info][gc,phases      ] GC(51) Compaction Phase 169.843ms
[22.172s][info][gc,phases,start] GC(51) Post Compact
[22.175s][info][gc,phases      ] GC(51) Post Compact 2.644ms
[22.175s][info][gc,heap        ] GC(51) PSYoungGen: 293376K(312832K)->73558K(312832K) Eden: 293376K(293376K)->73558K(293376K) From: 0K(19456K)->0K(19456K)
[22.175s][info][gc,heap        ] GC(51) ParOldGen: 667615K(667648K)->667615K(667648K)
[22.175s][info][gc,metaspace   ] GC(51) Metaspace: 8528K(8640K)->8528K(8640K) NonClass: 7520K(7552K)->7520K(7552K) Class: 1008K(1088K)->1008K(1088K)
[22.175s][info][gc             ] GC(51) Pause Full (Allocation Failure) 938M->723M(957M) 1160.058ms
[22.175s][info][gc,cpu         ] GC(51) User=2.28s Sys=0.00s Real=1.16s
[22.370s][info][gc,start       ] GC(52) Pause Full (Allocation Failure)
[22.370s][info][gc,phases,start] GC(52) Marking Phase
[23.005s][info][gc,phases      ] GC(52) Marking Phase 635.058ms
[23.005s][info][gc,phases,start] GC(52) Summary Phase
[23.005s][info][gc,phases      ] GC(52) Summary Phase 0.026ms
[23.005s][info][gc,phases,start] GC(52) Forward
[23.122s][info][gc,phases      ] GC(52) Forward 116.479ms
[23.122s][info][gc,phases,start] GC(52) Adjust Pointers
[23.463s][info][gc,phases      ] GC(52) Adjust Pointers 340.988ms
[23.463s][info][gc,phases,start] GC(52) Compaction Phase
[23.661s][info][gc,phases      ] GC(52) Compaction Phase 197.593ms
[23.661s][info][gc,phases,start] GC(52) Post Compact
[23.663s][info][gc,phases      ] GC(52) Post Compact 2.666ms
[23.663s][info][gc,heap        ] GC(52) PSYoungGen: 293376K(312832K)->85604K(312832K) Eden: 293376K(293376K)->85604K(293376K) From: 0K(19456K)->0K(19456K)
[23.663s][info][gc,heap        ] GC(52) ParOldGen: 667615K(667648K)->667612K(667648K)
[23.663s][info][gc,metaspace   ] GC(52) Metaspace: 8528K(8640K)->8528K(8640K) NonClass: 7520K(7552K)->7520K(7552K) Class: 1008K(1088K)->1008K(1088K)
[23.663s][info][gc             ] GC(52) Pause Full (Allocation Failure) 938M->735M(957M) 1293.200ms
[23.663s][info][gc,cpu         ] GC(52) User=2.54s Sys=0.00s Real=1.30s
[23.845s][info][gc,start       ] GC(53) Pause Full (Allocation Failure)
[23.846s][info][gc,phases,start] GC(53) Marking Phase
[24.491s][info][gc,phases      ] GC(53) Marking Phase 645.927ms
[24.491s][info][gc,phases,start] GC(53) Summary Phase
[24.492s][info][gc,phases      ] GC(53) Summary Phase 0.025ms
[24.492s][info][gc,phases,start] GC(53) Forward
[24.538s][info][gc,phases      ] GC(53) Forward 46.527ms
[24.538s][info][gc,phases,start] GC(53) Adjust Pointers
[24.847s][info][gc,phases      ] GC(53) Adjust Pointers 308.631ms
[24.847s][info][gc,phases,start] GC(53) Compaction Phase
[25.024s][info][gc,phases      ] GC(53) Compaction Phase 177.000ms
[25.024s][info][gc,phases,start] GC(53) Post Compact
[25.026s][info][gc,phases      ] GC(53) Post Compact 2.594ms
[25.026s][info][gc,heap        ] GC(53) PSYoungGen: 293376K(312832K)->96524K(312832K) Eden: 293376K(293376K)->96524K(293376K) From: 0K(19456K)->0K(19456K)
[25.026s][info][gc,heap        ] GC(53) ParOldGen: 667612K(667648K)->667612K(667648K)
[25.026s][info][gc,metaspace   ] GC(53) Metaspace: 8528K(8640K)->8528K(8640K) NonClass: 7520K(7552K)->7520K(7552K) Class: 1008K(1088K)->1008K(1088K)
[25.027s][info][gc             ] GC(53) Pause Full (Allocation Failure) 938M->746M(957M) 1181.078ms
[25.027s][info][gc,cpu         ] GC(53) User=2.32s Sys=0.00s Real=1.18s
[25.197s][info][gc,start       ] GC(54) Pause Full (Allocation Failure)
[25.197s][info][gc,phases,start] GC(54) Marking Phase
[25.854s][info][gc,phases      ] GC(54) Marking Phase 656.618ms
[25.854s][info][gc,phases,start] GC(54) Summary Phase
[25.854s][info][gc,phases      ] GC(54) Summary Phase 0.025ms
[25.854s][info][gc,phases,start] GC(54) Forward
[25.908s][info][gc,phases      ] GC(54) Forward 54.199ms
[25.908s][info][gc,phases,start] GC(54) Adjust Pointers
[26.227s][info][gc,phases      ] GC(54) Adjust Pointers 318.472ms
[26.227s][info][gc,phases,start] GC(54) Compaction Phase
[26.421s][info][gc,phases      ] GC(54) Compaction Phase 193.725ms
[26.421s][info][gc,phases,start] GC(54) Post Compact
[26.423s][info][gc,phases      ] GC(54) Post Compact 2.646ms
[26.423s][info][gc,heap        ] GC(54) PSYoungGen: 293376K(312832K)->107047K(312832K) Eden: 293376K(293376K)->107047K(293376K) From: 0K(19456K)->0K(19456K)
[26.423s][info][gc,heap        ] GC(54) ParOldGen: 667612K(667648K)->667612K(667648K)
[26.423s][info][gc,metaspace   ] GC(54) Metaspace: 8528K(8640K)->8528K(8640K) NonClass: 7520K(7552K)->7520K(7552K) Class: 1008K(1088K)->1008K(1088K)
[26.423s][info][gc             ] GC(54) Pause Full (Allocation Failure) 938M->756M(957M) 1226.079ms
[26.423s][info][gc,cpu         ] GC(54) User=2.39s Sys=0.00s Real=1.23s
[26.594s][info][gc,start       ] GC(55) Pause Full (Allocation Failure)
[26.594s][info][gc,phases,start] GC(55) Marking Phase
[27.261s][info][gc,phases      ] GC(55) Marking Phase 666.974ms
[27.261s][info][gc,phases,start] GC(55) Summary Phase
[27.261s][info][gc,phases      ] GC(55) Summary Phase 0.025ms
[27.261s][info][gc,phases,start] GC(55) Forward
[27.317s][info][gc,phases      ] GC(55) Forward 55.625ms
[27.317s][info][gc,phases,start] GC(55) Adjust Pointers
[27.635s][info][gc,phases      ] GC(55) Adjust Pointers 317.994ms
[27.635s][info][gc,phases,start] GC(55) Compaction Phase
[27.823s][info][gc,phases      ] GC(55) Compaction Phase 188.062ms
[27.823s][info][gc,phases,start] GC(55) Post Compact
[27.826s][info][gc,phases      ] GC(55) Post Compact 2.624ms
[27.826s][info][gc,heap        ] GC(55) PSYoungGen: 293376K(312832K)->117536K(312832K) Eden: 293376K(293376K)->117536K(293376K) From: 0K(19456K)->0K(19456K)
[27.826s][info][gc,heap        ] GC(55) ParOldGen: 667612K(667648K)->667612K(667648K)
[27.826s][info][gc,metaspace   ] GC(55) Metaspace: 8528K(8640K)->8528K(8640K) NonClass: 7520K(7552K)->7520K(7552K) Class: 1008K(1088K)->1008K(1088K)
[27.826s][info][gc             ] GC(55) Pause Full (Allocation Failure) 938M->766M(957M) 1231.685ms
[27.826s][info][gc,cpu         ] GC(55) User=2.41s Sys=0.00s Real=1.23s
[27.984s][info][gc,start       ] GC(56) Pause Full (Allocation Failure)
[27.985s][info][gc,phases,start] GC(56) Marking Phase
[28.659s][info][gc,phases      ] GC(56) Marking Phase 674.324ms
[28.659s][info][gc,phases,start] GC(56) Summary Phase
[28.659s][info][gc,phases      ] GC(56) Summary Phase 0.024ms
[28.659s][info][gc,phases,start] GC(56) Forward
[28.711s][info][gc,phases      ] GC(56) Forward 51.840ms
[28.711s][info][gc,phases,start] GC(56) Adjust Pointers
[29.023s][info][gc,phases      ] GC(56) Adjust Pointers 312.180ms
[29.023s][info][gc,phases,start] GC(56) Compaction Phase
[29.197s][info][gc,phases      ] GC(56) Compaction Phase 173.703ms
[29.197s][info][gc,phases,start] GC(56) Post Compact
[29.199s][info][gc,phases      ] GC(56) Post Compact 2.597ms
[29.199s][info][gc,heap        ] GC(56) PSYoungGen: 293376K(312832K)->127640K(312832K) Eden: 293376K(293376K)->127640K(293376K) From: 0K(19456K)->0K(19456K)
[29.199s][info][gc,heap        ] GC(56) ParOldGen: 667612K(667648K)->667612K(667648K)
[29.200s][info][gc,metaspace   ] GC(56) Metaspace: 8528K(8640K)->8528K(8640K) NonClass: 7520K(7552K)->7520K(7552K) Class: 1008K(1088K)->1008K(1088K)
[29.200s][info][gc             ] GC(56) Pause Full (Allocation Failure) 938M->776M(957M) 1215.028ms
[29.200s][info][gc,cpu         ] GC(56) User=2.37s Sys=0.00s Real=1.21s
[29.346s][info][gc,start       ] GC(57) Pause Full (Allocation Failure)
[29.346s][info][gc,phases,start] GC(57) Marking Phase
[30.026s][info][gc,phases      ] GC(57) Marking Phase 680.094ms
[30.026s][info][gc,phases,start] GC(57) Summary Phase
[30.026s][info][gc,phases      ] GC(57) Summary Phase 0.025ms
[30.026s][info][gc,phases,start] GC(57) Forward
[30.084s][info][gc,phases      ] GC(57) Forward 57.663ms
[30.084s][info][gc,phases,start] GC(57) Adjust Pointers
[30.404s][info][gc,phases      ] GC(57) Adjust Pointers 320.400ms
[30.404s][info][gc,phases,start] GC(57) Compaction Phase
[30.589s][info][gc,phases      ] GC(57) Compaction Phase 184.444ms
[30.589s][info][gc,phases,start] GC(57) Post Compact
[30.591s][info][gc,phases      ] GC(57) Post Compact 2.604ms
[30.591s][info][gc,heap        ] GC(57) PSYoungGen: 293376K(312832K)->136597K(312832K) Eden: 293376K(293376K)->136597K(293376K) From: 0K(19456K)->0K(19456K)
[30.591s][info][gc,heap        ] GC(57) ParOldGen: 667612K(667648K)->667612K(667648K)
[30.591s][info][gc,metaspace   ] GC(57) Metaspace: 8528K(8640K)->8528K(8640K) NonClass: 7520K(7552K)->7520K(7552K) Class: 1008K(1088K)->1008K(1088K)
[30.592s][info][gc             ] GC(57) Pause Full (Allocation Failure) 938M->785M(957M) 1245.646ms
[30.592s][info][gc,cpu         ] GC(57) User=2.43s Sys=0.00s Real=1.25s
[30.726s][info][gc,start       ] GC(58) Pause Full (Allocation Failure)
[30.726s][info][gc,phases,start] GC(58) Marking Phase
[31.414s][info][gc,phases      ] GC(58) Marking Phase 687.772ms
[31.414s][info][gc,phases,start] GC(58) Summary Phase
[31.414s][info][gc,phases      ] GC(58) Summary Phase 0.026ms
[31.414s][info][gc,phases,start] GC(58) Forward
[31.470s][info][gc,phases      ] GC(58) Forward 56.717ms
[31.470s][info][gc,phases,start] GC(58) Adjust Pointers
[31.789s][info][gc,phases      ] GC(58) Adjust Pointers 318.654ms
[31.789s][info][gc,phases,start] GC(58) Compaction Phase
[31.965s][info][gc,phases      ] GC(58) Compaction Phase 175.631ms
[31.965s][info][gc,phases,start] GC(58) Post Compact
[31.967s][info][gc,phases      ] GC(58) Post Compact 2.620ms
[31.967s][info][gc,heap        ] GC(58) PSYoungGen: 293376K(312832K)->143787K(312832K) Eden: 293376K(293376K)->143787K(293376K) From: 0K(19456K)->0K(19456K)
[31.967s][info][gc,heap        ] GC(58) ParOldGen: 667612K(667648K)->667612K(667648K)
[31.967s][info][gc,metaspace   ] GC(58) Metaspace: 8528K(8640K)->8528K(8640K) NonClass: 7520K(7552K)->7520K(7552K) Class: 1008K(1088K)->1008K(1088K)
[31.968s][info][gc             ] GC(58) Pause Full (Allocation Failure) 938M->792M(957M) 1241.822ms
[31.968s][info][gc,cpu         ] GC(58) User=2.42s Sys=0.00s Real=1.24s
[32.101s][info][gc,start       ] GC(59) Pause Full (Allocation Failure)
[32.101s][info][gc,phases,start] GC(59) Marking Phase
[32.794s][info][gc,phases      ] GC(59) Marking Phase 692.487ms
[32.794s][info][gc,phases,start] GC(59) Summary Phase
[32.794s][info][gc,phases      ] GC(59) Summary Phase 0.025ms
[32.794s][info][gc,phases,start] GC(59) Forward
[32.853s][info][gc,phases      ] GC(59) Forward 59.093ms
[32.853s][info][gc,phases,start] GC(59) Adjust Pointers
[33.170s][info][gc,phases      ] GC(59) Adjust Pointers 317.384ms
[33.171s][info][gc,phases,start] GC(59) Compaction Phase
[33.347s][info][gc,phases      ] GC(59) Compaction Phase 176.630ms
[33.347s][info][gc,phases,start] GC(59) Post Compact
[33.350s][info][gc,phases      ] GC(59) Post Compact 2.589ms
[33.350s][info][gc,heap        ] GC(59) PSYoungGen: 293376K(312832K)->152676K(312832K) Eden: 293376K(293376K)->152676K(293376K) From: 0K(19456K)->0K(19456K)
[33.350s][info][gc,heap        ] GC(59) ParOldGen: 667612K(667648K)->667612K(667648K)
[33.350s][info][gc,metaspace   ] GC(59) Metaspace: 8528K(8640K)->8528K(8640K) NonClass: 7520K(7552K)->7520K(7552K) Class: 1008K(1088K)->1008K(1088K)
[33.350s][info][gc             ] GC(59) Pause Full (Allocation Failure) 938M->801M(957M) 1248.569ms
[33.350s][info][gc,cpu         ] GC(59) User=2.44s Sys=0.00s Real=1.24s
[33.477s][info][gc,start       ] GC(60) Pause Full (Allocation Failure)
[33.477s][info][gc,phases,start] GC(60) Marking Phase
[34.177s][info][gc,phases      ] GC(60) Marking Phase 699.807ms
[34.177s][info][gc,phases,start] GC(60) Summary Phase
[34.177s][info][gc,phases      ] GC(60) Summary Phase 0.026ms
[34.177s][info][gc,phases,start] GC(60) Forward
[34.237s][info][gc,phases      ] GC(60) Forward 60.239ms
[34.237s][info][gc,phases,start] GC(60) Adjust Pointers
[34.567s][info][gc,phases      ] GC(60) Adjust Pointers 329.746ms
[34.567s][info][gc,phases,start] GC(60) Compaction Phase
[34.747s][info][gc,phases      ] GC(60) Compaction Phase 179.843ms
[34.747s][info][gc,phases,start] GC(60) Post Compact
[34.750s][info][gc,phases      ] GC(60) Post Compact 2.640ms
[34.750s][info][gc,heap        ] GC(60) PSYoungGen: 293376K(312832K)->160016K(312832K) Eden: 293376K(293376K)->160016K(293376K) From: 0K(19456K)->0K(19456K)
[34.750s][info][gc,heap        ] GC(60) ParOldGen: 667612K(667648K)->667612K(667648K)
[34.750s][info][gc,metaspace   ] GC(60) Metaspace: 8528K(8640K)->8528K(8640K) NonClass: 7520K(7552K)->7520K(7552K) Class: 1008K(1088K)->1008K(1088K)
[34.750s][info][gc             ] GC(60) Pause Full (Allocation Failure) 938M->808M(957M) 1272.671ms
[34.750s][info][gc,cpu         ] GC(60) User=2.49s Sys=0.00s Real=1.27s
[34.864s][info][gc,start       ] GC(61) Pause Full (Allocation Failure)
[34.864s][info][gc,phases,start] GC(61) Marking Phase
[35.574s][info][gc,phases      ] GC(61) Marking Phase 710.153ms
[35.574s][info][gc,phases,start] GC(61) Summary Phase
[35.574s][info][gc,phases      ] GC(61) Summary Phase 0.025ms
[35.574s][info][gc,phases,start] GC(61) Forward
[35.634s][info][gc,phases      ] GC(61) Forward 59.555ms
[35.634s][info][gc,phases,start] GC(61) Adjust Pointers
[35.956s][info][gc,phases      ] GC(61) Adjust Pointers 322.486ms
[35.956s][info][gc,phases,start] GC(61) Compaction Phase
[36.137s][info][gc,phases      ] GC(61) Compaction Phase 180.418ms
[36.137s][info][gc,phases,start] GC(61) Post Compact
[36.139s][info][gc,phases      ] GC(61) Post Compact 2.593ms
[36.139s][info][gc,heap        ] GC(61) PSYoungGen: 293376K(312832K)->166556K(312832K) Eden: 293376K(293376K)->166556K(293376K) From: 0K(19456K)->0K(19456K)
[36.139s][info][gc,heap        ] GC(61) ParOldGen: 667612K(667648K)->667612K(667648K)
[36.139s][info][gc,metaspace   ] GC(61) Metaspace: 8528K(8640K)->8528K(8640K) NonClass: 7520K(7552K)->7520K(7552K) Class: 1008K(1088K)->1008K(1088K)
[36.139s][info][gc             ] GC(61) Pause Full (Allocation Failure) 938M->814M(957M) 1275.642ms
[36.139s][info][gc,cpu         ] GC(61) User=2.49s Sys=0.00s Real=1.27s
[36.254s][info][gc,start       ] GC(62) Pause Full (Allocation Failure)
[36.254s][info][gc,phases,start] GC(62) Marking Phase
[36.966s][info][gc,phases      ] GC(62) Marking Phase 711.353ms
[36.966s][info][gc,phases,start] GC(62) Summary Phase
[36.966s][info][gc,phases      ] GC(62) Summary Phase 0.023ms
[36.966s][info][gc,phases,start] GC(62) Forward
[37.028s][info][gc,phases      ] GC(62) Forward 62.180ms
[37.028s][info][gc,phases,start] GC(62) Adjust Pointers
[37.356s][info][gc,phases      ] GC(62) Adjust Pointers 328.456ms
[37.356s][info][gc,phases,start] GC(62) Compaction Phase
[37.546s][info][gc,phases      ] GC(62) Compaction Phase 189.190ms
[37.546s][info][gc,phases,start] GC(62) Post Compact
[37.548s][info][gc,phases      ] GC(62) Post Compact 2.615ms
[37.548s][info][gc,heap        ] GC(62) PSYoungGen: 293376K(312832K)->174016K(312832K) Eden: 293376K(293376K)->174016K(293376K) From: 0K(19456K)->0K(19456K)
[37.548s][info][gc,heap        ] GC(62) ParOldGen: 667612K(667648K)->667612K(667648K)
[37.548s][info][gc,metaspace   ] GC(62) Metaspace: 8528K(8640K)->8528K(8640K) NonClass: 7520K(7552K)->7520K(7552K) Class: 1008K(1088K)->1008K(1088K)
[37.548s][info][gc             ] GC(62) Pause Full (Allocation Failure) 938M->821M(957M) 1294.184ms
[37.548s][info][gc,cpu         ] GC(62) User=2.53s Sys=0.00s Real=1.29s
[37.655s][info][gc,start       ] GC(63) Pause Full (Allocation Failure)
[37.655s][info][gc,phases,start] GC(63) Marking Phase
[38.374s][info][gc,phases      ] GC(63) Marking Phase 718.801ms
[38.374s][info][gc,phases,start] GC(63) Summary Phase
[38.374s][info][gc,phases      ] GC(63) Summary Phase 0.026ms
[38.374s][info][gc,phases,start] GC(63) Forward
[38.466s][info][gc,phases      ] GC(63) Forward 91.621ms
[38.466s][info][gc,phases,start] GC(63) Adjust Pointers
[38.810s][info][gc,phases      ] GC(63) Adjust Pointers 343.828ms
[38.810s][info][gc,phases,start] GC(63) Compaction Phase
[39.001s][info][gc,phases      ] GC(63) Compaction Phase 191.076ms
[39.001s][info][gc,phases,start] GC(63) Post Compact
[39.003s][info][gc,phases      ] GC(63) Post Compact 2.589ms
[39.003s][info][gc,heap        ] GC(63) PSYoungGen: 293376K(312832K)->180265K(312832K) Eden: 293376K(293376K)->180265K(293376K) From: 0K(19456K)->0K(19456K)
[39.003s][info][gc,heap        ] GC(63) ParOldGen: 667612K(667648K)->667612K(667648K)
[39.003s][info][gc,metaspace   ] GC(63) Metaspace: 8528K(8640K)->8528K(8640K) NonClass: 7520K(7552K)->7520K(7552K) Class: 1008K(1088K)->1008K(1088K)
[39.003s][info][gc             ] GC(63) Pause Full (Allocation Failure) 938M->828M(957M) 1348.365ms
[39.003s][info][gc,cpu         ] GC(63) User=2.63s Sys=0.00s Real=1.35s
[39.102s][info][gc,start       ] GC(64) Pause Full (Allocation Failure)
[39.102s][info][gc,phases,start] GC(64) Marking Phase
[39.831s][info][gc,phases      ] GC(64) Marking Phase 729.233ms
[39.831s][info][gc,phases,start] GC(64) Summary Phase
[39.831s][info][gc,phases      ] GC(64) Summary Phase 0.025ms
[39.831s][info][gc,phases,start] GC(64) Forward
[39.890s][info][gc,phases      ] GC(64) Forward 59.508ms
[39.891s][info][gc,phases,start] GC(64) Adjust Pointers
[40.219s][info][gc,phases      ] GC(64) Adjust Pointers 328.813ms
[40.219s][info][gc,phases,start] GC(64) Compaction Phase
[40.402s][info][gc,phases      ] GC(64) Compaction Phase 182.718ms
[40.402s][info][gc,phases,start] GC(64) Post Compact
[40.405s][info][gc,phases      ] GC(64) Post Compact 2.633ms
[40.405s][info][gc,heap        ] GC(64) PSYoungGen: 293376K(312832K)->186914K(312832K) Eden: 293376K(293376K)->186914K(293376K) From: 0K(19456K)->0K(19456K)
[40.405s][info][gc,heap        ] GC(64) ParOldGen: 667612K(667648K)->667612K(667648K)
[40.405s][info][gc,metaspace   ] GC(64) Metaspace: 8528K(8640K)->8528K(8640K) NonClass: 7520K(7552K)->7520K(7552K) Class: 1008K(1088K)->1008K(1088K)
[40.405s][info][gc             ] GC(64) Pause Full (Allocation Failure) 938M->834M(957M) 1303.303ms
[40.405s][info][gc,cpu         ] GC(64) User=2.55s Sys=0.01s Real=1.30s
[40.499s][info][gc,start       ] GC(65) Pause Full (Allocation Failure)
[40.499s][info][gc,phases,start] GC(65) Marking Phase
[41.228s][info][gc,phases      ] GC(65) Marking Phase 728.885ms
[41.228s][info][gc,phases,start] GC(65) Summary Phase
[41.228s][info][gc,phases      ] GC(65) Summary Phase 0.026ms
[41.228s][info][gc,phases,start] GC(65) Forward
[41.288s][info][gc,phases      ] GC(65) Forward 59.755ms
[41.288s][info][gc,phases,start] GC(65) Adjust Pointers
[41.616s][info][gc,phases      ] GC(65) Adjust Pointers 328.335ms
[41.616s][info][gc,phases,start] GC(65) Compaction Phase
[41.800s][info][gc,phases      ] GC(65) Compaction Phase 183.938ms
[41.800s][info][gc,phases,start] GC(65) Post Compact
[41.803s][info][gc,phases      ] GC(65) Post Compact 2.660ms
[41.803s][info][gc,heap        ] GC(65) PSYoungGen: 293376K(312832K)->192154K(312832K) Eden: 293376K(293376K)->192154K(293376K) From: 0K(19456K)->0K(19456K)
[41.803s][info][gc,heap        ] GC(65) ParOldGen: 667612K(667648K)->667612K(667648K)
[41.803s][info][gc,metaspace   ] GC(65) Metaspace: 8528K(8640K)->8528K(8640K) NonClass: 7520K(7552K)->7520K(7552K) Class: 1008K(1088K)->1008K(1088K)
[41.803s][info][gc             ] GC(65) Pause Full (Allocation Failure) 938M->839M(957M) 1303.969ms
[41.803s][info][gc,cpu         ] GC(65) User=2.56s Sys=0.00s Real=1.31s
[41.892s][info][gc,start       ] GC(66) Pause Full (Allocation Failure)
[41.892s][info][gc,phases,start] GC(66) Marking Phase
[42.627s][info][gc,phases      ] GC(66) Marking Phase 734.592ms
[42.627s][info][gc,phases,start] GC(66) Summary Phase
[42.627s][info][gc,phases      ] GC(66) Summary Phase 0.025ms
[42.627s][info][gc,phases,start] GC(66) Forward
[42.687s][info][gc,phases      ] GC(66) Forward 60.098ms
[42.687s][info][gc,phases,start] GC(66) Adjust Pointers
[43.015s][info][gc,phases      ] GC(66) Adjust Pointers 328.408ms
[43.016s][info][gc,phases,start] GC(66) Compaction Phase
[43.201s][info][gc,phases      ] GC(66) Compaction Phase 185.042ms
[43.201s][info][gc,phases,start] GC(66) Post Compact
[43.203s][info][gc,phases      ] GC(66) Post Compact 2.604ms
[43.203s][info][gc,heap        ] GC(66) PSYoungGen: 293376K(312832K)->198186K(312832K) Eden: 293376K(293376K)->198186K(293376K) From: 0K(19456K)->0K(19456K)
[43.203s][info][gc,heap        ] GC(66) ParOldGen: 667612K(667648K)->667612K(667648K)
[43.203s][info][gc,metaspace   ] GC(66) Metaspace: 8528K(8640K)->8528K(8640K) NonClass: 7520K(7552K)->7520K(7552K) Class: 1008K(1088K)->1008K(1088K)
[43.203s][info][gc             ] GC(66) Pause Full (Allocation Failure) 938M->845M(957M) 1311.156ms
[43.203s][info][gc,cpu         ] GC(66) User=2.58s Sys=0.00s Real=1.31s
[43.284s][info][gc,start       ] GC(67) Pause Full (Allocation Failure)
[43.284s][info][gc,phases,start] GC(67) Marking Phase
[44.024s][info][gc,phases      ] GC(67) Marking Phase 740.182ms
[44.024s][info][gc,phases,start] GC(67) Summary Phase
[44.024s][info][gc,phases      ] GC(67) Summary Phase 0.025ms
[44.024s][info][gc,phases,start] GC(67) Forward
[44.084s][info][gc,phases      ] GC(67) Forward 60.047ms
[44.084s][info][gc,phases,start] GC(67) Adjust Pointers
[44.413s][info][gc,phases      ] GC(67) Adjust Pointers 328.942ms
[44.413s][info][gc,phases,start] GC(67) Compaction Phase
[44.597s][info][gc,phases      ] GC(67) Compaction Phase 184.290ms
[44.598s][info][gc,phases,start] GC(67) Post Compact
[44.600s][info][gc,phases      ] GC(67) Post Compact 2.603ms
[44.600s][info][gc,heap        ] GC(67) PSYoungGen: 293376K(312832K)->201868K(312832K) Eden: 293376K(293376K)->201868K(293376K) From: 0K(19456K)->0K(19456K)
[44.600s][info][gc,heap        ] GC(67) ParOldGen: 667612K(667648K)->667612K(667648K)
[44.600s][info][gc,metaspace   ] GC(67) Metaspace: 8528K(8640K)->8528K(8640K) NonClass: 7520K(7552K)->7520K(7552K) Class: 1008K(1088K)->1008K(1088K)
[44.600s][info][gc             ] GC(67) Pause Full (Allocation Failure) 938M->849M(957M) 1316.466ms
[44.600s][info][gc,cpu         ] GC(67) User=2.58s Sys=0.00s Real=1.31s
[44.680s][info][gc,start       ] GC(68) Pause Full (Allocation Failure)
[44.680s][info][gc,phases,start] GC(68) Marking Phase
[45.419s][info][gc,phases      ] GC(68) Marking Phase 738.746ms
[45.419s][info][gc,phases,start] GC(68) Summary Phase
[45.419s][info][gc,phases      ] GC(68) Summary Phase 0.024ms
[45.419s][info][gc,phases,start] GC(68) Forward
[45.479s][info][gc,phases      ] GC(68) Forward 60.337ms
[45.479s][info][gc,phases,start] GC(68) Adjust Pointers
[45.810s][info][gc,phases      ] GC(68) Adjust Pointers 330.572ms
[45.810s][info][gc,phases,start] GC(68) Compaction Phase
[45.995s][info][gc,phases      ] GC(68) Compaction Phase 185.352ms
[45.995s][info][gc,phases,start] GC(68) Post Compact
[45.998s][info][gc,phases      ] GC(68) Post Compact 2.665ms
[45.998s][info][gc,heap        ] GC(68) PSYoungGen: 293376K(312832K)->206861K(312832K) Eden: 293376K(293376K)->206861K(293376K) From: 0K(19456K)->0K(19456K)
[45.998s][info][gc,heap        ] GC(68) ParOldGen: 667612K(667648K)->667612K(667648K)
[45.998s][info][gc,metaspace   ] GC(68) Metaspace: 8528K(8640K)->8528K(8640K) NonClass: 7520K(7552K)->7520K(7552K) Class: 1008K(1088K)->1008K(1088K)
[45.998s][info][gc             ] GC(68) Pause Full (Allocation Failure) 938M->853M(957M) 1318.088ms
[45.998s][info][gc,cpu         ] GC(68) User=2.59s Sys=0.00s Real=1.32s
[46.072s][info][gc,start       ] GC(69) Pause Full (Allocation Failure)
[46.073s][info][gc,phases,start] GC(69) Marking Phase
[46.814s][info][gc,phases      ] GC(69) Marking Phase 741.952ms
[46.815s][info][gc,phases,start] GC(69) Summary Phase
[46.815s][info][gc,phases      ] GC(69) Summary Phase 0.024ms
[46.815s][info][gc,phases,start] GC(69) Forward
[46.879s][info][gc,phases      ] GC(69) Forward 63.984ms
[46.879s][info][gc,phases,start] GC(69) Adjust Pointers
[47.220s][info][gc,phases      ] GC(69) Adjust Pointers 341.731ms
[47.220s][info][gc,phases,start] GC(69) Compaction Phase
[47.434s][info][gc,phases      ] GC(69) Compaction Phase 213.434ms
[47.434s][info][gc,phases,start] GC(69) Post Compact
[47.437s][info][gc,phases      ] GC(69) Post Compact 2.641ms
[47.437s][info][gc,heap        ] GC(69) PSYoungGen: 293376K(312832K)->211810K(312832K) Eden: 293376K(293376K)->211810K(293376K) From: 0K(19456K)->0K(19456K)
[47.437s][info][gc,heap        ] GC(69) ParOldGen: 667612K(667648K)->667612K(667648K)
[47.437s][info][gc,metaspace   ] GC(69) Metaspace: 8528K(8640K)->8528K(8640K) NonClass: 7520K(7552K)->7520K(7552K) Class: 1008K(1088K)->1008K(1088K)
[47.437s][info][gc             ] GC(69) Pause Full (Allocation Failure) 938M->858M(957M) 1364.143ms
[47.437s][info][gc,cpu         ] GC(69) User=2.68s Sys=0.00s Real=1.36s
[47.515s][info][gc,start       ] GC(70) Pause Full (Allocation Failure)
[47.515s][info][gc,phases,start] GC(70) Marking Phase
[48.265s][info][gc,phases      ] GC(70) Marking Phase 749.378ms
[48.265s][info][gc,phases,start] GC(70) Summary Phase
[48.265s][info][gc,phases      ] GC(70) Summary Phase 0.033ms
[48.265s][info][gc,phases,start] GC(70) Forward
[48.332s][info][gc,phases      ] GC(70) Forward 67.296ms
[48.332s][info][gc,phases,start] GC(70) Adjust Pointers
[48.680s][info][gc,phases      ] GC(70) Adjust Pointers 348.251ms
[48.680s][info][gc,phases,start] GC(70) Compaction Phase
[48.905s][info][gc,phases      ] GC(70) Compaction Phase 225.025ms
[48.905s][info][gc,phases,start] GC(70) Post Compact
[48.908s][info][gc,phases      ] GC(70) Post Compact 2.664ms
[48.908s][info][gc,heap        ] GC(70) PSYoungGen: 293376K(312832K)->215963K(312832K) Eden: 293376K(293376K)->215963K(293376K) From: 0K(19456K)->0K(19456K)
[48.908s][info][gc,heap        ] GC(70) ParOldGen: 667612K(667648K)->667612K(667648K)
[48.908s][info][gc,metaspace   ] GC(70) Metaspace: 8528K(8640K)->8528K(8640K) NonClass: 7520K(7552K)->7520K(7552K) Class: 1008K(1088K)->1008K(1088K)
[48.908s][info][gc             ] GC(70) Pause Full (Allocation Failure) 938M->862M(957M) 1393.059ms
[48.908s][info][gc,cpu         ] GC(70) User=2.74s Sys=0.00s Real=1.39s
[48.978s][info][gc,start       ] GC(71) Pause Full (Allocation Failure)
[48.978s][info][gc,phases,start] GC(71) Marking Phase
[49.743s][info][gc,phases      ] GC(71) Marking Phase 765.350ms
[49.743s][info][gc,phases,start] GC(71) Summary Phase
[49.743s][info][gc,phases      ] GC(71) Summary Phase 0.025ms
[49.743s][info][gc,phases,start] GC(71) Forward
[49.804s][info][gc,phases      ] GC(71) Forward 60.782ms
[49.804s][info][gc,phases,start] GC(71) Adjust Pointers
[50.140s][info][gc,phases      ] GC(71) Adjust Pointers 335.490ms
[50.140s][info][gc,phases,start] GC(71) Compaction Phase
[50.329s][info][gc,phases      ] GC(71) Compaction Phase 188.971ms
[50.329s][info][gc,phases,start] GC(71) Post Compact
[50.332s][info][gc,phases      ] GC(71) Post Compact 2.606ms
[50.332s][info][gc,heap        ] GC(71) PSYoungGen: 293376K(312832K)->220895K(312832K) Eden: 293376K(293376K)->220895K(293376K) From: 0K(19456K)->0K(19456K)
[50.332s][info][gc,heap        ] GC(71) ParOldGen: 667612K(667648K)->667612K(667648K)
[50.332s][info][gc,metaspace   ] GC(71) Metaspace: 8528K(8640K)->8528K(8640K) NonClass: 7520K(7552K)->7520K(7552K) Class: 1008K(1088K)->1008K(1088K)
[50.332s][info][gc             ] GC(71) Pause Full (Allocation Failure) 938M->867M(957M) 1353.587ms
[50.332s][info][gc,cpu         ] GC(71) User=2.66s Sys=0.00s Real=1.36s
[50.395s][info][gc,start       ] GC(72) Pause Full (Allocation Failure)
[50.395s][info][gc,phases,start] GC(72) Marking Phase
[51.149s][info][gc,phases      ] GC(72) Marking Phase 753.115ms
[51.149s][info][gc,phases,start] GC(72) Summary Phase
[51.149s][info][gc,phases      ] GC(72) Summary Phase 0.025ms
[51.149s][info][gc,phases,start] GC(72) Forward
[51.209s][info][gc,phases      ] GC(72) Forward 60.127ms
[51.209s][info][gc,phases,start] GC(72) Adjust Pointers
[51.549s][info][gc,phases      ] GC(72) Adjust Pointers 340.365ms
[51.549s][info][gc,phases,start] GC(72) Compaction Phase
[51.737s][info][gc,phases      ] GC(72) Compaction Phase 188.173ms
[51.737s][info][gc,phases,start] GC(72) Post Compact
[51.740s][info][gc,phases      ] GC(72) Post Compact 2.626ms
[51.740s][info][gc,heap        ] GC(72) PSYoungGen: 293376K(312832K)->223808K(312832K) Eden: 293376K(293376K)->223808K(293376K) From: 0K(19456K)->0K(19456K)
[51.740s][info][gc,heap        ] GC(72) ParOldGen: 667612K(667648K)->667612K(667648K)
[51.740s][info][gc,metaspace   ] GC(72) Metaspace: 8528K(8640K)->8528K(8640K) NonClass: 7520K(7552K)->7520K(7552K) Class: 1008K(1088K)->1008K(1088K)
[51.740s][info][gc             ] GC(72) Pause Full (Allocation Failure) 938M->870M(957M) 1344.796ms
[51.740s][info][gc,cpu         ] GC(72) User=2.65s Sys=0.00s Real=1.34s
[51.806s][info][gc,start       ] GC(73) Pause Full (Allocation Failure)
[51.806s][info][gc,phases,start] GC(73) Marking Phase
[52.566s][info][gc,phases      ] GC(73) Marking Phase 759.314ms
[52.566s][info][gc,phases,start] GC(73) Summary Phase
[52.566s][info][gc,phases      ] GC(73) Summary Phase 0.026ms
[52.566s][info][gc,phases,start] GC(73) Forward
[52.625s][info][gc,phases      ] GC(73) Forward 59.762ms
[52.625s][info][gc,phases,start] GC(73) Adjust Pointers
[52.963s][info][gc,phases      ] GC(73) Adjust Pointers 337.833ms
[52.963s][info][gc,phases,start] GC(73) Compaction Phase
[53.153s][info][gc,phases      ] GC(73) Compaction Phase 189.703ms
[53.153s][info][gc,phases,start] GC(73) Post Compact
[53.156s][info][gc,phases      ] GC(73) Post Compact 2.652ms
[53.156s][info][gc,heap        ] GC(73) PSYoungGen: 293376K(312832K)->228163K(312832K) Eden: 293376K(293376K)->228163K(293376K) From: 0K(19456K)->0K(19456K)
[53.156s][info][gc,heap        ] GC(73) ParOldGen: 667612K(667648K)->667612K(667648K)
[53.156s][info][gc,metaspace   ] GC(73) Metaspace: 8528K(8640K)->8528K(8640K) NonClass: 7520K(7552K)->7520K(7552K) Class: 1008K(1088K)->1008K(1088K)
[53.156s][info][gc             ] GC(73) Pause Full (Allocation Failure) 938M->874M(957M) 1349.676ms
[53.156s][info][gc,cpu         ] GC(73) User=2.66s Sys=0.00s Real=1.35s
[53.214s][info][gc,start       ] GC(74) Pause Full (Allocation Failure)
[53.214s][info][gc,phases,start] GC(74) Marking Phase
[53.978s][info][gc,phases      ] GC(74) Marking Phase 763.352ms
[53.978s][info][gc,phases,start] GC(74) Summary Phase
[53.978s][info][gc,phases      ] GC(74) Summary Phase 0.025ms
[53.978s][info][gc,phases,start] GC(74) Forward
[54.038s][info][gc,phases      ] GC(74) Forward 60.264ms
[54.038s][info][gc,phases,start] GC(74) Adjust Pointers
[54.375s][info][gc,phases      ] GC(74) Adjust Pointers 336.825ms
[54.375s][info][gc,phases,start] GC(74) Compaction Phase
[54.566s][info][gc,phases      ] GC(74) Compaction Phase 190.553ms
[54.566s][info][gc,phases,start] GC(74) Post Compact
[54.568s][info][gc,phases      ] GC(74) Post Compact 2.646ms
[54.568s][info][gc,heap        ] GC(74) PSYoungGen: 293376K(312832K)->232342K(312832K) Eden: 293376K(293376K)->232342K(293376K) From: 0K(19456K)->0K(19456K)
[54.568s][info][gc,heap        ] GC(74) ParOldGen: 667612K(667648K)->667612K(667648K)
[54.568s][info][gc,metaspace   ] GC(74) Metaspace: 8528K(8640K)->8528K(8640K) NonClass: 7520K(7552K)->7520K(7552K) Class: 1008K(1088K)->1008K(1088K)
[54.568s][info][gc             ] GC(74) Pause Full (Allocation Failure) 938M->878M(957M) 1354.042ms
[54.568s][info][gc,cpu         ] GC(74) User=2.66s Sys=0.01s Real=1.35s
[54.619s][info][gc,start       ] GC(75) Pause Full (Allocation Failure)
[54.620s][info][gc,phases,start] GC(75) Marking Phase
[55.385s][info][gc,phases      ] GC(75) Marking Phase 765.455ms
[55.385s][info][gc,phases,start] GC(75) Summary Phase
[55.385s][info][gc,phases      ] GC(75) Summary Phase 0.026ms
[55.385s][info][gc,phases,start] GC(75) Forward
[55.445s][info][gc,phases      ] GC(75) Forward 59.744ms
[55.445s][info][gc,phases,start] GC(75) Adjust Pointers
[55.786s][info][gc,phases      ] GC(75) Adjust Pointers 341.322ms
[55.786s][info][gc,phases,start] GC(75) Compaction Phase
[55.975s][info][gc,phases      ] GC(75) Compaction Phase 189.151ms
[55.975s][info][gc,phases,start] GC(75) Post Compact
[55.978s][info][gc,phases      ] GC(75) Post Compact 2.633ms
[55.978s][info][gc,heap        ] GC(75) PSYoungGen: 293376K(312832K)->234497K(312832K) Eden: 293376K(293376K)->234497K(293376K) From: 0K(19456K)->0K(19456K)
[55.978s][info][gc,heap        ] GC(75) ParOldGen: 667612K(667648K)->667612K(667648K)
[55.978s][info][gc,metaspace   ] GC(75) Metaspace: 8528K(8640K)->8528K(8640K) NonClass: 7520K(7552K)->7520K(7552K) Class: 1008K(1088K)->1008K(1088K)
[55.978s][info][gc             ] GC(75) Pause Full (Allocation Failure) 938M->880M(957M) 1358.674ms
[55.978s][info][gc,cpu         ] GC(75) User=2.68s Sys=0.00s Real=1.36s
[56.037s][info][gc,start       ] GC(76) Pause Full (Allocation Failure)
[56.037s][info][gc,phases,start] GC(76) Marking Phase
[56.810s][info][gc,phases      ] GC(76) Marking Phase 772.422ms
[56.810s][info][gc,phases,start] GC(76) Summary Phase
[56.810s][info][gc,phases      ] GC(76) Summary Phase 0.056ms
[56.810s][info][gc,phases,start] GC(76) Forward
[56.871s][info][gc,phases      ] GC(76) Forward 61.199ms
[56.871s][info][gc,phases,start] GC(76) Adjust Pointers
[57.210s][info][gc,phases      ] GC(76) Adjust Pointers 339.119ms
[57.210s][info][gc,phases,start] GC(76) Compaction Phase
[57.402s][info][gc,phases      ] GC(76) Compaction Phase 191.367ms
[57.402s][info][gc,phases,start] GC(76) Post Compact
[57.404s][info][gc,phases      ] GC(76) Post Compact 2.613ms
[57.404s][info][gc,heap        ] GC(76) PSYoungGen: 293376K(312832K)->238934K(312832K) Eden: 293376K(293376K)->238934K(293376K) From: 0K(19456K)->0K(19456K)
[57.404s][info][gc,heap        ] GC(76) ParOldGen: 667612K(667648K)->667612K(667648K)
[57.404s][info][gc,metaspace   ] GC(76) Metaspace: 8528K(8640K)->8528K(8640K) NonClass: 7520K(7552K)->7520K(7552K) Class: 1008K(1088K)->1008K(1088K)
[57.404s][info][gc             ] GC(76) Pause Full (Allocation Failure) 938M->885M(957M) 1367.172ms
[57.404s][info][gc,cpu         ] GC(76) User=2.70s Sys=0.00s Real=1.37s
[57.447s][info][gc,start       ] GC(77) Pause Full (Allocation Failure)
[57.448s][info][gc,phases,start] GC(77) Marking Phase
[58.222s][info][gc,phases      ] GC(77) Marking Phase 774.132ms
[58.222s][info][gc,phases,start] GC(77) Summary Phase
[58.222s][info][gc,phases      ] GC(77) Summary Phase 0.024ms
[58.222s][info][gc,phases,start] GC(77) Forward
[58.282s][info][gc,phases      ] GC(77) Forward 60.189ms
[58.282s][info][gc,phases,start] GC(77) Adjust Pointers
[58.625s][info][gc,phases      ] GC(77) Adjust Pointers 343.346ms
[58.625s][info][gc,phases,start] GC(77) Compaction Phase
[58.817s][info][gc,phases      ] GC(77) Compaction Phase 191.395ms
[58.817s][info][gc,phases,start] GC(77) Post Compact
[58.819s][info][gc,phases      ] GC(77) Post Compact 2.605ms
[58.819s][info][gc,heap        ] GC(77) PSYoungGen: 293376K(312832K)->241142K(312832K) Eden: 293376K(293376K)->241142K(293376K) From: 0K(19456K)->0K(19456K)
[58.820s][info][gc,heap        ] GC(77) ParOldGen: 667612K(667648K)->667612K(667648K)
[58.820s][info][gc,metaspace   ] GC(77) Metaspace: 8528K(8640K)->8528K(8640K) NonClass: 7520K(7552K)->7520K(7552K) Class: 1008K(1088K)->1008K(1088K)
[58.820s][info][gc             ] GC(77) Pause Full (Allocation Failure) 938M->887M(957M) 1372.069ms
[58.820s][info][gc,cpu         ] GC(77) User=2.70s Sys=0.00s Real=1.37s
[58.869s][info][gc,start       ] GC(78) Pause Full (Allocation Failure)
[58.869s][info][gc,phases,start] GC(78) Marking Phase
[59.642s][info][gc,phases      ] GC(78) Marking Phase 773.276ms
[59.642s][info][gc,phases,start] GC(78) Summary Phase
[59.642s][info][gc,phases      ] GC(78) Summary Phase 0.026ms
[59.642s][info][gc,phases,start] GC(78) Forward
[59.702s][info][gc,phases      ] GC(78) Forward 59.917ms
[59.702s][info][gc,phases,start] GC(78) Adjust Pointers
[60.046s][info][gc,phases      ] GC(78) Adjust Pointers 344.498ms
[60.046s][info][gc,phases,start] GC(78) Compaction Phase
[60.239s][info][gc,phases      ] GC(78) Compaction Phase 192.707ms
[60.239s][info][gc,phases,start] GC(78) Post Compact
[60.242s][info][gc,phases      ] GC(78) Post Compact 2.614ms
[60.242s][info][gc,heap        ] GC(78) PSYoungGen: 293376K(312832K)->243884K(312832K) Eden: 293376K(293376K)->243884K(293376K) From: 0K(19456K)->0K(19456K)
[60.242s][info][gc,heap        ] GC(78) ParOldGen: 667612K(667648K)->667612K(667648K)
[60.242s][info][gc,metaspace   ] GC(78) Metaspace: 8528K(8640K)->8528K(8640K) NonClass: 7520K(7552K)->7520K(7552K) Class: 1008K(1088K)->1008K(1088K)
[60.242s][info][gc             ] GC(78) Pause Full (Allocation Failure) 938M->890M(957M) 1373.395ms
[60.242s][info][gc,cpu         ] GC(78) User=2.71s Sys=0.00s Real=1.38s
[60.284s][info][gc,start       ] GC(79) Pause Full (Allocation Failure)
[60.284s][info][gc,phases,start] GC(79) Marking Phase
[61.059s][info][gc,phases      ] GC(79) Marking Phase 774.656ms
[61.059s][info][gc,phases,start] GC(79) Summary Phase
[61.059s][info][gc,phases      ] GC(79) Summary Phase 0.025ms
[61.059s][info][gc,phases,start] GC(79) Forward
[61.120s][info][gc,phases      ] GC(79) Forward 60.464ms
[61.120s][info][gc,phases,start] GC(79) Adjust Pointers
[61.460s][info][gc,phases      ] GC(79) Adjust Pointers 340.788ms
[61.461s][info][gc,phases,start] GC(79) Compaction Phase
[61.655s][info][gc,phases      ] GC(79) Compaction Phase 194.239ms
[61.655s][info][gc,phases,start] GC(79) Post Compact
[61.658s][info][gc,phases      ] GC(79) Post Compact 2.659ms
[61.658s][info][gc,heap        ] GC(79) PSYoungGen: 293376K(312832K)->246023K(312832K) Eden: 293376K(293376K)->246023K(293376K) From: 0K(19456K)->0K(19456K)
[61.658s][info][gc,heap        ] GC(79) ParOldGen: 667612K(667648K)->667612K(667648K)
[61.658s][info][gc,metaspace   ] GC(79) Metaspace: 8528K(8640K)->8528K(8640K) NonClass: 7520K(7552K)->7520K(7552K) Class: 1008K(1088K)->1008K(1088K)
[61.658s][info][gc             ] GC(79) Pause Full (Allocation Failure) 938M->892M(957M) 1373.208ms
[61.658s][info][gc,cpu         ] GC(79) User=2.71s Sys=0.00s Real=1.37s
[61.704s][info][gc,start       ] GC(80) Pause Full (Allocation Failure)
[61.704s][info][gc,phases,start] GC(80) Marking Phase
[62.481s][info][gc,phases      ] GC(80) Marking Phase 776.986ms
[62.481s][info][gc,phases,start] GC(80) Summary Phase
[62.481s][info][gc,phases      ] GC(80) Summary Phase 0.026ms
[62.481s][info][gc,phases,start] GC(80) Forward
[62.696s][info][gc,phases      ] GC(80) Forward 214.884ms
[62.696s][info][gc,phases,start] GC(80) Adjust Pointers
[63.112s][info][gc,phases      ] GC(80) Adjust Pointers 416.452ms
[63.112s][info][gc,phases,start] GC(80) Compaction Phase
[63.368s][info][gc,phases      ] GC(80) Compaction Phase 255.623ms
[63.368s][info][gc,phases,start] GC(80) Post Compact
[63.371s][info][gc,phases      ] GC(80) Post Compact 2.664ms
[63.371s][info][gc,heap        ] GC(80) PSYoungGen: 293376K(312832K)->249322K(312832K) Eden: 293376K(293376K)->249322K(293376K) From: 0K(19456K)->0K(19456K)
[63.371s][info][gc,heap        ] GC(80) ParOldGen: 667612K(667648K)->667612K(667648K)
[63.371s][info][gc,metaspace   ] GC(80) Metaspace: 8528K(8640K)->8528K(8640K) NonClass: 7520K(7552K)->7520K(7552K) Class: 1008K(1088K)->1008K(1088K)
[63.371s][info][gc             ] GC(80) Pause Full (Allocation Failure) 938M->895M(957M) 1667.041ms
[63.371s][info][gc,cpu         ] GC(80) User=3.30s Sys=0.00s Real=1.67s
[63.409s][info][gc,start       ] GC(81) Pause Full (Allocation Failure)
[63.409s][info][gc,phases,start] GC(81) Marking Phase
[64.191s][info][gc,phases      ] GC(81) Marking Phase 782.338ms
[64.191s][info][gc,phases,start] GC(81) Summary Phase
[64.192s][info][gc,phases      ] GC(81) Summary Phase 0.024ms
[64.192s][info][gc,phases,start] GC(81) Forward
[64.252s][info][gc,phases      ] GC(81) Forward 60.166ms
[64.252s][info][gc,phases,start] GC(81) Adjust Pointers
[64.603s][info][gc,phases      ] GC(81) Adjust Pointers 351.330ms
[64.603s][info][gc,phases,start] GC(81) Compaction Phase
[64.797s][info][gc,phases      ] GC(81) Compaction Phase 193.461ms
[64.797s][info][gc,phases,start] GC(81) Post Compact
[64.799s][info][gc,phases      ] GC(81) Post Compact 2.613ms
[64.799s][info][gc,heap        ] GC(81) PSYoungGen: 293376K(312832K)->251680K(312832K) Eden: 293376K(293376K)->251680K(293376K) From: 0K(19456K)->0K(19456K)
[64.799s][info][gc,heap        ] GC(81) ParOldGen: 667612K(667648K)->667612K(667648K)
[64.799s][info][gc,metaspace   ] GC(81) Metaspace: 8528K(8640K)->8528K(8640K) NonClass: 7520K(7552K)->7520K(7552K) Class: 1008K(1088K)->1008K(1088K)
[64.799s][info][gc             ] GC(81) Pause Full (Allocation Failure) 938M->897M(957M) 1390.287ms
[64.799s][info][gc,cpu         ] GC(81) User=2.75s Sys=0.00s Real=1.39s
[64.835s][info][gc,start       ] GC(82) Pause Full (Allocation Failure)
[64.835s][info][gc,phases,start] GC(82) Marking Phase
[65.620s][info][gc,phases      ] GC(82) Marking Phase 785.138ms
[65.620s][info][gc,phases,start] GC(82) Summary Phase
[65.620s][info][gc,phases      ] GC(82) Summary Phase 0.025ms
[65.620s][info][gc,phases,start] GC(82) Forward
[65.682s][info][gc,phases      ] GC(82) Forward 61.373ms
[65.682s][info][gc,phases,start] GC(82) Adjust Pointers
[66.024s][info][gc,phases      ] GC(82) Adjust Pointers 341.976ms
[66.024s][info][gc,phases,start] GC(82) Compaction Phase
[66.218s][info][gc,phases      ] GC(82) Compaction Phase 193.752ms
[66.218s][info][gc,phases,start] GC(82) Post Compact
[66.220s][info][gc,phases      ] GC(82) Post Compact 2.606ms
[66.220s][info][gc,heap        ] GC(82) PSYoungGen: 293376K(312832K)->253803K(312832K) Eden: 293376K(293376K)->253803K(293376K) From: 0K(19456K)->0K(19456K)
[66.220s][info][gc,heap        ] GC(82) ParOldGen: 667612K(667648K)->667612K(667648K)
[66.220s][info][gc,metaspace   ] GC(82) Metaspace: 8528K(8640K)->8528K(8640K) NonClass: 7520K(7552K)->7520K(7552K) Class: 1008K(1088K)->1008K(1088K)
[66.220s][info][gc             ] GC(82) Pause Full (Allocation Failure) 938M->899M(957M) 1385.257ms
[66.220s][info][gc,cpu         ] GC(82) User=2.73s Sys=0.01s Real=1.38s
[66.255s][info][gc,start       ] GC(83) Pause Full (Allocation Failure)
[66.255s][info][gc,phases,start] GC(83) Marking Phase
[67.047s][info][gc,phases      ] GC(83) Marking Phase 791.926ms
[67.047s][info][gc,phases,start] GC(83) Summary Phase
[67.047s][info][gc,phases      ] GC(83) Summary Phase 0.025ms
[67.047s][info][gc,phases,start] GC(83) Forward
[67.110s][info][gc,phases      ] GC(83) Forward 63.050ms
[67.110s][info][gc,phases,start] GC(83) Adjust Pointers
[67.464s][info][gc,phases      ] GC(83) Adjust Pointers 353.829ms
[67.464s][info][gc,phases,start] GC(83) Compaction Phase
[67.667s][info][gc,phases      ] GC(83) Compaction Phase 202.523ms
[67.667s][info][gc,phases,start] GC(83) Post Compact
[67.669s][info][gc,phases      ] GC(83) Post Compact 2.634ms
[67.669s][info][gc,heap        ] GC(83) PSYoungGen: 293376K(312832K)->255830K(312832K) Eden: 293376K(293376K)->255830K(293376K) From: 0K(19456K)->0K(19456K)
[67.669s][info][gc,heap        ] GC(83) ParOldGen: 667612K(667648K)->667612K(667648K)
[67.669s][info][gc,metaspace   ] GC(83) Metaspace: 8528K(8640K)->8528K(8640K) NonClass: 7520K(7552K)->7520K(7552K) Class: 1008K(1088K)->1008K(1088K)
[67.669s][info][gc             ] GC(83) Pause Full (Allocation Failure) 938M->901M(957M) 1414.369ms
[67.669s][info][gc,cpu         ] GC(83) User=2.80s Sys=0.00s Real=1.41s
[67.700s][info][gc,start       ] GC(84) Pause Full (Allocation Failure)
[67.700s][info][gc,phases,start] GC(84) Marking Phase
[68.482s][info][gc,phases      ] GC(84) Marking Phase 782.296ms
[68.482s][info][gc,phases,start] GC(84) Summary Phase
[68.482s][info][gc,phases      ] GC(84) Summary Phase 0.024ms
[68.482s][info][gc,phases,start] GC(84) Forward
[68.543s][info][gc,phases      ] GC(84) Forward 61.025ms
[68.543s][info][gc,phases,start] GC(84) Adjust Pointers
[68.889s][info][gc,phases      ] GC(84) Adjust Pointers 345.715ms
[68.889s][info][gc,phases,start] GC(84) Compaction Phase
[69.090s][info][gc,phases      ] GC(84) Compaction Phase 201.113ms
[69.090s][info][gc,phases,start] GC(84) Post Compact
[69.093s][info][gc,phases      ] GC(84) Post Compact 2.673ms
[69.093s][info][gc,heap        ] GC(84) PSYoungGen: 293376K(312832K)->257144K(312832K) Eden: 293376K(293376K)->257144K(293376K) From: 0K(19456K)->0K(19456K)
[69.093s][info][gc,heap        ] GC(84) ParOldGen: 667612K(667648K)->667612K(667648K)
[69.093s][info][gc,metaspace   ] GC(84) Metaspace: 8528K(8640K)->8528K(8640K) NonClass: 7520K(7552K)->7520K(7552K) Class: 1008K(1088K)->1008K(1088K)
[69.093s][info][gc             ] GC(84) Pause Full (Allocation Failure) 938M->903M(957M) 1393.179ms
[69.093s][info][gc,cpu         ] GC(84) User=2.75s Sys=0.00s Real=1.40s
[69.130s][info][gc,start       ] GC(85) Pause Full (Allocation Failure)
[69.130s][info][gc,phases,start] GC(85) Marking Phase
[69.912s][info][gc,phases      ] GC(85) Marking Phase 781.691ms
[69.912s][info][gc,phases,start] GC(85) Summary Phase
[69.912s][info][gc,phases      ] GC(85) Summary Phase 0.026ms
[69.912s][info][gc,phases,start] GC(85) Forward
[69.972s][info][gc,phases      ] GC(85) Forward 59.860ms
[69.972s][info][gc,phases,start] GC(85) Adjust Pointers
[70.316s][info][gc,phases      ] GC(85) Adjust Pointers 344.370ms
[70.316s][info][gc,phases,start] GC(85) Compaction Phase
[70.511s][info][gc,phases      ] GC(85) Compaction Phase 194.365ms
[70.511s][info][gc,phases,start] GC(85) Post Compact
[70.513s][info][gc,phases      ] GC(85) Post Compact 2.619ms
[70.513s][info][gc,heap        ] GC(85) PSYoungGen: 293376K(312832K)->259404K(312832K) Eden: 293376K(293376K)->259404K(293376K) From: 0K(19456K)->0K(19456K)
[70.513s][info][gc,heap        ] GC(85) ParOldGen: 667612K(667648K)->667612K(667648K)
[70.513s][info][gc,metaspace   ] GC(85) Metaspace: 8528K(8640K)->8528K(8640K) NonClass: 7520K(7552K)->7520K(7552K) Class: 1008K(1088K)->1008K(1088K)
[70.513s][info][gc             ] GC(85) Pause Full (Allocation Failure) 938M->905M(957M) 1383.336ms
[70.514s][info][gc,cpu         ] GC(85) User=2.74s Sys=0.00s Real=1.39s
[70.542s][info][gc,start       ] GC(86) Pause Full (Allocation Failure)
[70.542s][info][gc,phases,start] GC(86) Marking Phase
[71.331s][info][gc,phases      ] GC(86) Marking Phase 789.269ms
[71.331s][info][gc,phases,start] GC(86) Summary Phase
[71.332s][info][gc,phases      ] GC(86) Summary Phase 0.026ms
[71.332s][info][gc,phases,start] GC(86) Forward
[71.392s][info][gc,phases      ] GC(86) Forward 60.366ms
[71.392s][info][gc,phases,start] GC(86) Adjust Pointers
[71.738s][info][gc,phases      ] GC(86) Adjust Pointers 345.584ms
[71.738s][info][gc,phases,start] GC(86) Compaction Phase
[71.933s][info][gc,phases      ] GC(86) Compaction Phase 194.958ms
[71.933s][info][gc,phases,start] GC(86) Post Compact
[71.935s][info][gc,phases      ] GC(86) Post Compact 2.614ms
[71.935s][info][gc,heap        ] GC(86) PSYoungGen: 293376K(312832K)->261535K(312832K) Eden: 293376K(293376K)->261535K(293376K) From: 0K(19456K)->0K(19456K)
[71.935s][info][gc,heap        ] GC(86) ParOldGen: 667612K(667648K)->667612K(667648K)
[71.935s][info][gc,metaspace   ] GC(86) Metaspace: 8528K(8640K)->8528K(8640K) NonClass: 7520K(7552K)->7520K(7552K) Class: 1008K(1088K)->1008K(1088K)
[71.935s][info][gc             ] GC(86) Pause Full (Allocation Failure) 938M->907M(957M) 1393.164ms
[71.935s][info][gc,cpu         ] GC(86) User=2.75s Sys=0.00s Real=1.39s
[71.967s][info][gc,start       ] GC(87) Pause Full (Allocation Failure)
[71.968s][info][gc,phases,start] GC(87) Marking Phase
[72.758s][info][gc,phases      ] GC(87) Marking Phase 790.881ms
[72.758s][info][gc,phases,start] GC(87) Summary Phase
[72.758s][info][gc,phases      ] GC(87) Summary Phase 0.027ms
[72.758s][info][gc,phases,start] GC(87) Forward
[72.981s][info][gc,phases      ] GC(87) Forward 222.038ms
[72.981s][info][gc,phases,start] GC(87) Adjust Pointers
[73.403s][info][gc,phases      ] GC(87) Adjust Pointers 422.577ms
[73.403s][info][gc,phases,start] GC(87) Compaction Phase
[73.676s][info][gc,phases      ] GC(87) Compaction Phase 273.005ms
[73.676s][info][gc,phases,start] GC(87) Post Compact
[73.679s][info][metaspace      ] ChkMgr @0x00007f946c03ef30 (non-class-space): : reclaiming memory...
[73.679s][info][metaspace      ] ChkMgr @0x00007f946c03ef30 (non-class-space): nothing reclaimed.
[73.679s][info][metaspace      ] ChkMgr @0x00007f946c03ed40 (class-space): : reclaiming memory...
[73.679s][info][metaspace      ] ChkMgr @0x00007f946c03ed40 (class-space): nothing reclaimed.
[73.679s][info][gc,phases      ] GC(87) Post Compact 2.724ms
[73.679s][info][gc,heap        ] GC(87) PSYoungGen: 293376K(312832K)->263950K(312832K) Eden: 293376K(293376K)->263950K(293376K) From: 0K(19456K)->0K(19456K)
[73.679s][info][gc,heap        ] GC(87) ParOldGen: 667612K(667648K)->667548K(667648K)
[73.679s][info][gc,metaspace   ] GC(87) Metaspace: 8528K(8640K)->8510K(8640K) NonClass: 7520K(7552K)->7502K(7552K) Class: 1008K(1088K)->1008K(1088K)
[73.679s][info][gc             ] GC(87) Pause Full (Allocation Failure) 938M->909M(957M) 1711.652ms
[73.679s][info][gc,cpu         ] GC(87) User=3.39s Sys=0.00s Real=1.71s
[73.703s][info][gc,start       ] GC(88) Pause Full (Allocation Failure)
[73.703s][info][gc,phases,start] GC(88) Marking Phase
[74.492s][info][gc,phases      ] GC(88) Marking Phase 789.374ms
[74.492s][info][gc,phases,start] GC(88) Summary Phase
[74.492s][info][gc,phases      ] GC(88) Summary Phase 0.051ms
[74.492s][info][gc,phases,start] GC(88) Forward
[74.554s][info][gc,phases      ] GC(88) Forward 61.740ms
[74.554s][info][gc,phases,start] GC(88) Adjust Pointers
[74.897s][info][gc,phases      ] GC(88) Adjust Pointers 343.156ms
[74.897s][info][gc,phases,start] GC(88) Compaction Phase
[75.091s][info][gc,phases      ] GC(88) Compaction Phase 193.916ms
[75.091s][info][gc,phases,start] GC(88) Post Compact
[75.094s][info][gc,phases      ] GC(88) Post Compact 2.620ms
[75.094s][info][gc,heap        ] GC(88) PSYoungGen: 293376K(312832K)->264901K(312832K) Eden: 293376K(293376K)->264901K(293376K) From: 0K(19456K)->0K(19456K)
[75.094s][info][gc,heap        ] GC(88) ParOldGen: 667548K(667648K)->667548K(667648K)
[75.094s][info][gc,metaspace   ] GC(88) Metaspace: 8510K(8640K)->8510K(8640K) NonClass: 7502K(7552K)->7502K(7552K) Class: 1008K(1088K)->1008K(1088K)
[75.094s][info][gc             ] GC(88) Pause Full (Allocation Failure) 938M->910M(957M) 1391.216ms
[75.094s][info][gc,cpu         ] GC(88) User=2.75s Sys=0.00s Real=1.39s
[75.115s][info][gc,start       ] GC(89) Pause Full (Allocation Failure)
[75.115s][info][gc,phases,start] GC(89) Marking Phase
[75.911s][info][gc,phases      ] GC(89) Marking Phase 795.840ms
[75.911s][info][gc,phases,start] GC(89) Summary Phase
[75.911s][info][gc,phases      ] GC(89) Summary Phase 0.024ms
[75.911s][info][gc,phases,start] GC(89) Forward
[75.971s][info][gc,phases      ] GC(89) Forward 60.076ms
[75.972s][info][gc,phases,start] GC(89) Adjust Pointers
[76.319s][info][gc,phases      ] GC(89) Adjust Pointers 346.975ms
[76.319s][info][gc,phases,start] GC(89) Compaction Phase
[76.513s][info][gc,phases      ] GC(89) Compaction Phase 194.568ms
[76.513s][info][gc,phases,start] GC(89) Post Compact
[76.516s][info][gc,phases      ] GC(89) Post Compact 2.657ms
[76.516s][info][gc,heap        ] GC(89) PSYoungGen: 293376K(312832K)->266345K(312832K) Eden: 293376K(293376K)->266345K(293376K) From: 0K(19456K)->0K(19456K)
[76.516s][info][gc,heap        ] GC(89) ParOldGen: 667548K(667648K)->667548K(667648K)
[76.516s][info][gc,metaspace   ] GC(89) Metaspace: 8510K(8640K)->8510K(8640K) NonClass: 7502K(7552K)->7502K(7552K) Class: 1008K(1088K)->1008K(1088K)
[76.516s][info][gc             ] GC(89) Pause Full (Allocation Failure) 938M->912M(957M) 1400.510ms
[76.516s][info][gc,cpu         ] GC(89) User=2.77s Sys=0.00s Real=1.40s
[76.545s][info][gc,start       ] GC(90) Pause Full (Allocation Failure)
[76.545s][info][gc,phases,start] GC(90) Marking Phase
[77.333s][info][gc,phases      ] GC(90) Marking Phase 788.232ms
[77.333s][info][gc,phases,start] GC(90) Summary Phase
[77.333s][info][gc,phases      ] GC(90) Summary Phase 0.025ms
[77.333s][info][gc,phases,start] GC(90) Forward
[77.393s][info][gc,phases      ] GC(90) Forward 60.137ms
[77.393s][info][gc,phases,start] GC(90) Adjust Pointers
[77.738s][info][gc,phases      ] GC(90) Adjust Pointers 345.273ms
[77.738s][info][gc,phases,start] GC(90) Compaction Phase
[77.936s][info][gc,phases      ] GC(90) Compaction Phase 197.153ms
[77.936s][info][gc,phases,start] GC(90) Post Compact
[77.938s][info][gc,phases      ] GC(90) Post Compact 2.596ms
[77.938s][info][gc,heap        ] GC(90) PSYoungGen: 293376K(312832K)->268392K(312832K) Eden: 293376K(293376K)->268392K(293376K) From: 0K(19456K)->0K(19456K)
[77.938s][info][gc,heap        ] GC(90) ParOldGen: 667548K(667648K)->667548K(667648K)
[77.938s][info][gc,metaspace   ] GC(90) Metaspace: 8510K(8640K)->8510K(8640K) NonClass: 7502K(7552K)->7502K(7552K) Class: 1008K(1088K)->1008K(1088K)
[77.938s][info][gc             ] GC(90) Pause Full (Allocation Failure) 938M->914M(957M) 1393.775ms
[77.938s][info][gc,cpu         ] GC(90) User=2.76s Sys=0.00s Real=1.39s
[77.956s][info][gc,start       ] GC(91) Pause Full (Allocation Failure)
[77.956s][info][gc,phases,start] GC(91) Marking Phase
[78.748s][info][gc,phases      ] GC(91) Marking Phase 791.819ms
[78.748s][info][gc,phases,start] GC(91) Summary Phase
[78.748s][info][gc,phases      ] GC(91) Summary Phase 0.024ms
[78.748s][info][gc,phases,start] GC(91) Forward
[78.808s][info][gc,phases      ] GC(91) Forward 59.676ms
[78.808s][info][gc,phases,start] GC(91) Adjust Pointers
[79.153s][info][gc,phases      ] GC(91) Adjust Pointers 345.781ms
[79.153s][info][gc,phases,start] GC(91) Compaction Phase
[79.349s][info][gc,phases      ] GC(91) Compaction Phase 195.916ms
[79.349s][info][gc,phases,start] GC(91) Post Compact
[79.352s][info][gc,phases      ] GC(91) Post Compact 2.594ms
[79.352s][info][gc,heap        ] GC(91) PSYoungGen: 293376K(312832K)->268535K(312832K) Eden: 293376K(293376K)->268535K(293376K) From: 0K(19456K)->0K(19456K)
[79.352s][info][gc,heap        ] GC(91) ParOldGen: 667548K(667648K)->667548K(667648K)
[79.352s][info][gc,metaspace   ] GC(91) Metaspace: 8510K(8640K)->8510K(8640K) NonClass: 7502K(7552K)->7502K(7552K) Class: 1008K(1088K)->1008K(1088K)
[79.352s][info][gc             ] GC(91) Pause Full (Allocation Failure) 938M->914M(957M) 1396.178ms
[79.352s][info][gc,cpu         ] GC(91) User=2.77s Sys=0.00s Real=1.40s
[79.376s][info][gc,start       ] GC(92) Pause Full (Allocation Failure)
[79.376s][info][gc,phases,start] GC(92) Marking Phase
[80.181s][info][gc,phases      ] GC(92) Marking Phase 805.149ms
[80.181s][info][gc,phases,start] GC(92) Summary Phase
[80.181s][info][gc,phases      ] GC(92) Summary Phase 0.025ms
[80.181s][info][gc,phases,start] GC(92) Forward
[80.242s][info][gc,phases      ] GC(92) Forward 60.479ms
[80.242s][info][gc,phases,start] GC(92) Adjust Pointers
[80.589s][info][gc,phases      ] GC(92) Adjust Pointers 347.455ms
[80.589s][info][gc,phases,start] GC(92) Compaction Phase
[80.784s][info][gc,phases      ] GC(92) Compaction Phase 194.809ms
[80.784s][info][gc,phases,start] GC(92) Post Compact
[80.787s][info][gc,phases      ] GC(92) Post Compact 2.626ms
[80.787s][info][gc,heap        ] GC(92) PSYoungGen: 293376K(312832K)->269704K(312832K) Eden: 293376K(293376K)->269704K(293376K) From: 0K(19456K)->0K(19456K)
[80.787s][info][gc,heap        ] GC(92) ParOldGen: 667548K(667648K)->667548K(667648K)
[80.787s][info][gc,metaspace   ] GC(92) Metaspace: 8510K(8640K)->8510K(8640K) NonClass: 7502K(7552K)->7502K(7552K) Class: 1008K(1088K)->1008K(1088K)
[80.787s][info][gc             ] GC(92) Pause Full (Allocation Failure) 938M->915M(957M) 1410.908ms
[80.787s][info][gc,cpu         ] GC(92) User=2.79s Sys=0.00s Real=1.41s
[80.811s][info][gc,start       ] GC(93) Pause Full (Allocation Failure)
[80.811s][info][gc,phases,start] GC(93) Marking Phase
[81.607s][info][gc,phases      ] GC(93) Marking Phase 795.261ms
[81.607s][info][gc,phases,start] GC(93) Summary Phase
[81.607s][info][gc,phases      ] GC(93) Summary Phase 0.025ms
[81.607s][info][gc,phases,start] GC(93) Forward
[81.667s][info][gc,phases      ] GC(93) Forward 60.060ms
[81.667s][info][gc,phases,start] GC(93) Adjust Pointers
[82.013s][info][gc,phases      ] GC(93) Adjust Pointers 346.143ms
[82.013s][info][gc,phases,start] GC(93) Compaction Phase
[82.210s][info][gc,phases      ] GC(93) Compaction Phase 196.744ms
[82.210s][info][gc,phases,start] GC(93) Post Compact
[82.213s][info][gc,phases      ] GC(93) Post Compact 2.602ms
[82.213s][info][gc,heap        ] GC(93) PSYoungGen: 293376K(312832K)->271831K(312832K) Eden: 293376K(293376K)->271831K(293376K) From: 0K(19456K)->0K(19456K)
[82.213s][info][gc,heap        ] GC(93) ParOldGen: 667548K(667648K)->667548K(667648K)
[82.213s][info][gc,metaspace   ] GC(93) Metaspace: 8510K(8640K)->8510K(8640K) NonClass: 7502K(7552K)->7502K(7552K) Class: 1008K(1088K)->1008K(1088K)
[82.213s][info][gc             ] GC(93) Pause Full (Allocation Failure) 938M->917M(957M) 1401.173ms
[82.213s][info][gc,cpu         ] GC(93) User=2.77s Sys=0.00s Real=1.40s
[82.229s][info][gc,start       ] GC(94) Pause Full (Allocation Failure)
[82.229s][info][gc,phases,start] GC(94) Marking Phase
[83.025s][info][gc,phases      ] GC(94) Marking Phase 796.864ms
[83.026s][info][gc,phases,start] GC(94) Summary Phase
[83.026s][info][gc,phases      ] GC(94) Summary Phase 0.024ms
[83.026s][info][gc,phases,start] GC(94) Forward
[83.086s][info][gc,phases      ] GC(94) Forward 60.054ms
[83.086s][info][gc,phases,start] GC(94) Adjust Pointers
[83.435s][info][gc,phases      ] GC(94) Adjust Pointers 349.804ms
[83.436s][info][gc,phases,start] GC(94) Compaction Phase
[83.632s][info][gc,phases      ] GC(94) Compaction Phase 196.879ms
[83.632s][info][gc,phases,start] GC(94) Post Compact
[83.635s][info][gc,phases      ] GC(94) Post Compact 2.621ms
[83.635s][info][gc,heap        ] GC(94) PSYoungGen: 293376K(312832K)->272919K(312832K) Eden: 293376K(293376K)->272919K(293376K) From: 0K(19456K)->0K(19456K)
[83.635s][info][gc,heap        ] GC(94) ParOldGen: 667548K(667648K)->667548K(667648K)
[83.635s][info][gc,metaspace   ] GC(94) Metaspace: 8510K(8640K)->8510K(8640K) NonClass: 7502K(7552K)->7502K(7552K) Class: 1008K(1088K)->1008K(1088K)
[83.635s][info][gc             ] GC(94) Pause Full (Allocation Failure) 938M->918M(957M) 1406.597ms
[83.635s][info][gc,cpu         ] GC(94) User=2.78s Sys=0.00s Real=1.41s
[83.656s][info][gc,start       ] GC(95) Pause Full (Allocation Failure)
[83.656s][info][gc,phases,start] GC(95) Marking Phase
[84.455s][info][gc,phases      ] GC(95) Marking Phase 798.868ms
[84.455s][info][gc,phases,start] GC(95) Summary Phase
[84.455s][info][gc,phases      ] GC(95) Summary Phase 0.026ms
[84.455s][info][gc,phases,start] GC(95) Forward
[84.515s][info][gc,phases      ] GC(95) Forward 60.210ms
[84.515s][info][gc,phases,start] GC(95) Adjust Pointers
[84.860s][info][gc,phases      ] GC(95) Adjust Pointers 345.426ms
[84.860s][info][gc,phases,start] GC(95) Compaction Phase
[85.057s][info][gc,phases      ] GC(95) Compaction Phase 196.463ms
[85.057s][info][gc,phases,start] GC(95) Post Compact
[85.060s][info][gc,phases      ] GC(95) Post Compact 2.615ms
[85.060s][info][gc,heap        ] GC(95) PSYoungGen: 293376K(312832K)->274020K(312832K) Eden: 293376K(293376K)->274020K(293376K) From: 0K(19456K)->0K(19456K)
[85.060s][info][gc,heap        ] GC(95) ParOldGen: 667548K(667648K)->667548K(667648K)
[85.060s][info][gc,metaspace   ] GC(95) Metaspace: 8510K(8640K)->8510K(8640K) NonClass: 7502K(7552K)->7502K(7552K) Class: 1008K(1088K)->1008K(1088K)
[85.060s][info][gc             ] GC(95) Pause Full (Allocation Failure) 938M->919M(957M) 1403.977ms
[85.060s][info][gc,cpu         ] GC(95) User=2.78s Sys=0.00s Real=1.40s
[85.076s][info][gc,start       ] GC(96) Pause Full (Allocation Failure)
[85.076s][info][gc,phases,start] GC(96) Marking Phase
[85.875s][info][gc,phases      ] GC(96) Marking Phase 799.775ms
[85.875s][info][gc,phases,start] GC(96) Summary Phase
[85.875s][info][gc,phases      ] GC(96) Summary Phase 0.024ms
[85.875s][info][gc,phases,start] GC(96) Forward
[85.939s][info][gc,phases      ] GC(96) Forward 63.174ms
[85.939s][info][gc,phases,start] GC(96) Adjust Pointers
[86.286s][info][gc,phases      ] GC(96) Adjust Pointers 347.279ms
[86.286s][info][gc,phases,start] GC(96) Compaction Phase
[86.484s][info][gc,phases      ] GC(96) Compaction Phase 197.677ms
[86.484s][info][gc,phases,start] GC(96) Post Compact
[86.486s][info][gc,phases      ] GC(96) Post Compact 2.612ms
[86.486s][info][gc,heap        ] GC(96) PSYoungGen: 293376K(312832K)->275423K(312832K) Eden: 293376K(293376K)->275423K(293376K) From: 0K(19456K)->0K(19456K)
[86.486s][info][gc,heap        ] GC(96) ParOldGen: 667548K(667648K)->667548K(667648K)
[86.486s][info][gc,metaspace   ] GC(96) Metaspace: 8510K(8640K)->8510K(8640K) NonClass: 7502K(7552K)->7502K(7552K) Class: 1008K(1088K)->1008K(1088K)
[86.487s][info][gc             ] GC(96) Pause Full (Allocation Failure) 938M->920M(957M) 1410.906ms
[86.487s][info][gc,cpu         ] GC(96) User=2.79s Sys=0.00s Real=1.41s
[86.501s][info][gc,start       ] GC(97) Pause Full (Allocation Failure)
[86.501s][info][gc,phases,start] GC(97) Marking Phase
[87.305s][info][gc,phases      ] GC(97) Marking Phase 803.426ms
[87.305s][info][gc,phases,start] GC(97) Summary Phase
[87.305s][info][gc,phases      ] GC(97) Summary Phase 0.024ms
[87.305s][info][gc,phases,start] GC(97) Forward
[87.365s][info][gc,phases      ] GC(97) Forward 60.034ms
[87.365s][info][gc,phases,start] GC(97) Adjust Pointers
[87.714s][info][gc,phases      ] GC(97) Adjust Pointers 349.092ms
[87.714s][info][gc,phases,start] GC(97) Compaction Phase
[87.911s][info][gc,phases      ] GC(97) Compaction Phase 196.301ms
[87.911s][info][gc,phases,start] GC(97) Post Compact
[87.913s][info][gc,phases      ] GC(97) Post Compact 2.641ms
[87.913s][info][gc,heap        ] GC(97) PSYoungGen: 293376K(312832K)->275732K(312832K) Eden: 293376K(293376K)->275732K(293376K) From: 0K(19456K)->0K(19456K)
[87.913s][info][gc,heap        ] GC(97) ParOldGen: 667548K(667648K)->667548K(667648K)
[87.913s][info][gc,metaspace   ] GC(97) Metaspace: 8510K(8640K)->8510K(8640K) NonClass: 7502K(7552K)->7502K(7552K) Class: 1008K(1088K)->1008K(1088K)
[87.913s][info][gc             ] GC(97) Pause Full (Allocation Failure) 938M->921M(957M) 1411.875ms
[87.913s][info][gc,cpu         ] GC(97) User=2.80s Sys=0.00s Real=1.41s
[87.930s][info][gc,start       ] GC(98) Pause Full (Allocation Failure)
[87.930s][info][gc,phases,start] GC(98) Marking Phase
[88.737s][info][gc,phases      ] GC(98) Marking Phase 806.675ms
[88.737s][info][gc,phases,start] GC(98) Summary Phase
[88.737s][info][gc,phases      ] GC(98) Summary Phase 0.025ms
[88.737s][info][gc,phases,start] GC(98) Forward
[88.797s][info][gc,phases      ] GC(98) Forward 59.890ms
[88.797s][info][gc,phases,start] GC(98) Adjust Pointers
[89.147s][info][gc,phases      ] GC(98) Adjust Pointers 349.578ms
[89.147s][info][gc,phases,start] GC(98) Compaction Phase
[89.344s][info][gc,phases      ] GC(98) Compaction Phase 196.761ms
[89.344s][info][gc,phases,start] GC(98) Post Compact
[89.346s][info][gc,phases      ] GC(98) Post Compact 2.631ms
[89.346s][info][gc,heap        ] GC(98) PSYoungGen: 293376K(312832K)->277460K(312832K) Eden: 293376K(293376K)->277460K(293376K) From: 0K(19456K)->0K(19456K)
[89.346s][info][gc,heap        ] GC(98) ParOldGen: 667548K(667648K)->667548K(667648K)
[89.346s][info][gc,metaspace   ] GC(98) Metaspace: 8510K(8640K)->8510K(8640K) NonClass: 7502K(7552K)->7502K(7552K) Class: 1008K(1088K)->1008K(1088K)
[89.346s][info][gc             ] GC(98) Pause Full (Allocation Failure) 938M->922M(957M) 1415.898ms
[89.346s][info][gc,cpu         ] GC(98) User=2.81s Sys=0.00s Real=1.42s
[89.355s][info][gc,start       ] GC(99) Pause Full (Allocation Failure)
[89.355s][info][gc,phases,start] GC(99) Marking Phase
[90.162s][info][gc,phases      ] GC(99) Marking Phase 806.113ms
[90.162s][info][gc,phases,start] GC(99) Summary Phase
[90.162s][info][gc,phases      ] GC(99) Summary Phase 0.024ms
[90.162s][info][gc,phases,start] GC(99) Forward
[90.222s][info][gc,phases      ] GC(99) Forward 60.428ms
[90.222s][info][gc,phases,start] GC(99) Adjust Pointers
[90.572s][info][gc,phases      ] GC(99) Adjust Pointers 349.869ms
[90.572s][info][gc,phases,start] GC(99) Compaction Phase
[90.768s][info][gc,phases      ] GC(99) Compaction Phase 195.917ms
[90.768s][info][gc,phases,start] GC(99) Post Compact
[90.771s][info][gc,phases      ] GC(99) Post Compact 2.620ms
[90.771s][info][gc,heap        ] GC(99) PSYoungGen: 293376K(312832K)->277715K(312832K) Eden: 293376K(293376K)->277715K(293376K) From: 0K(19456K)->0K(19456K)
[90.771s][info][gc,heap        ] GC(99) ParOldGen: 667548K(667648K)->667548K(667648K)
[90.771s][info][gc,metaspace   ] GC(99) Metaspace: 8510K(8640K)->8510K(8640K) NonClass: 7502K(7552K)->7502K(7552K) Class: 1008K(1088K)->1008K(1088K)
[90.771s][info][gc             ] GC(99) Pause Full (Allocation Failure) 938M->923M(957M) 1415.322ms
[90.771s][info][gc,cpu         ] GC(99) User=2.81s Sys=0.01s Real=1.42s
[90.787s][info][gc,start       ] GC(100) Pause Full (Allocation Failure)
[90.787s][info][gc,phases,start] GC(100) Marking Phase
[91.596s][info][gc,phases      ] GC(100) Marking Phase 808.520ms
[91.596s][info][gc,phases,start] GC(100) Summary Phase
[91.596s][info][gc,phases      ] GC(100) Summary Phase 0.024ms
[91.596s][info][gc,phases,start] GC(100) Forward
[91.656s][info][gc,phases      ] GC(100) Forward 59.935ms
[91.656s][info][gc,phases,start] GC(100) Adjust Pointers
[92.006s][info][gc,phases      ] GC(100) Adjust Pointers 349.847ms
[92.006s][info][gc,phases,start] GC(100) Compaction Phase
[92.203s][info][gc,phases      ] GC(100) Compaction Phase 197.131ms
[92.203s][info][gc,phases,start] GC(100) Post Compact
[92.206s][info][gc,phases      ] GC(100) Post Compact 2.623ms
[92.206s][info][gc,heap        ] GC(100) PSYoungGen: 293376K(312832K)->278551K(312832K) Eden: 293376K(293376K)->278551K(293376K) From: 0K(19456K)->0K(19456K)
[92.206s][info][gc,heap        ] GC(100) ParOldGen: 667548K(667648K)->667548K(667648K)
[92.206s][info][gc,metaspace   ] GC(100) Metaspace: 8510K(8640K)->8510K(8640K) NonClass: 7502K(7552K)->7502K(7552K) Class: 1008K(1088K)->1008K(1088K)
[92.206s][info][gc             ] GC(100) Pause Full (Allocation Failure) 938M->923M(957M) 1418.419ms
[92.206s][info][gc,cpu         ] GC(100) User=2.82s Sys=0.00s Real=1.42s
[92.220s][info][gc,start       ] GC(101) Pause Full (Allocation Failure)
[92.220s][info][gc,phases,start] GC(101) Marking Phase
[93.025s][info][gc,phases      ] GC(101) Marking Phase 804.562ms
[93.025s][info][gc,phases,start] GC(101) Summary Phase
[93.025s][info][gc,phases      ] GC(101) Summary Phase 0.024ms
[93.025s][info][gc,phases,start] GC(101) Forward
[93.085s][info][gc,phases      ] GC(101) Forward 60.018ms
[93.085s][info][gc,phases,start] GC(101) Adjust Pointers
[93.432s][info][gc,phases      ] GC(101) Adjust Pointers 347.591ms
[93.432s][info][gc,phases,start] GC(101) Compaction Phase
[93.631s][info][gc,phases      ] GC(101) Compaction Phase 198.755ms
[93.631s][info][gc,phases,start] GC(101) Post Compact
[93.634s][info][gc,phases      ] GC(101) Post Compact 2.633ms
[93.634s][info][gc,heap        ] GC(101) PSYoungGen: 293376K(312832K)->280026K(312832K) Eden: 293376K(293376K)->280026K(293376K) From: 0K(19456K)->0K(19456K)
[93.634s][info][gc,heap        ] GC(101) ParOldGen: 667548K(667648K)->667548K(667648K)
[93.634s][info][gc,metaspace   ] GC(101) Metaspace: 8510K(8640K)->8510K(8640K) NonClass: 7502K(7552K)->7502K(7552K) Class: 1008K(1088K)->1008K(1088K)
[93.634s][info][gc             ] GC(101) Pause Full (Allocation Failure) 938M->925M(957M) 1413.899ms
[93.634s][info][gc,cpu         ] GC(101) User=2.80s Sys=0.00s Real=1.42s
[93.641s][info][gc,start       ] GC(102) Pause Full (Allocation Failure)
[93.641s][info][gc,phases,start] GC(102) Marking Phase
[94.447s][info][gc,phases      ] GC(102) Marking Phase 806.002ms
[94.447s][info][gc,phases,start] GC(102) Summary Phase
[94.447s][info][gc,phases      ] GC(102) Summary Phase 0.023ms
[94.447s][info][gc,phases,start] GC(102) Forward
[94.517s][info][gc,phases      ] GC(102) Forward 69.636ms
[94.517s][info][gc,phases,start] GC(102) Adjust Pointers
[94.869s][info][gc,phases      ] GC(102) Adjust Pointers 351.552ms
[94.869s][info][gc,phases,start] GC(102) Compaction Phase
[95.065s][info][gc,phases      ] GC(102) Compaction Phase 196.515ms
[95.065s][info][gc,phases,start] GC(102) Post Compact
[95.068s][info][gc,phases      ] GC(102) Post Compact 2.655ms
[95.068s][info][gc,heap        ] GC(102) PSYoungGen: 293376K(312832K)->280149K(312832K) Eden: 293376K(293376K)->280149K(293376K) From: 0K(19456K)->0K(19456K)
[95.068s][info][gc,heap        ] GC(102) ParOldGen: 667548K(667648K)->667548K(667648K)
[95.068s][info][gc,metaspace   ] GC(102) Metaspace: 8510K(8640K)->8510K(8640K) NonClass: 7502K(7552K)->7502K(7552K) Class: 1008K(1088K)->1008K(1088K)
[95.068s][info][gc             ] GC(102) Pause Full (Allocation Failure) 938M->925M(957M) 1426.747ms
[95.068s][info][gc,cpu         ] GC(102) User=2.82s Sys=0.00s Real=1.42s
[95.081s][info][gc,start       ] GC(103) Pause Full (Allocation Failure)
[95.081s][info][gc,phases,start] GC(103) Marking Phase
[95.891s][info][gc,phases      ] GC(103) Marking Phase 810.692ms
[95.891s][info][gc,phases,start] GC(103) Summary Phase
[95.891s][info][gc,phases      ] GC(103) Summary Phase 0.024ms
[95.891s][info][gc,phases,start] GC(103) Forward
[95.953s][info][gc,phases      ] GC(103) Forward 61.901ms
[95.953s][info][gc,phases,start] GC(103) Adjust Pointers
[96.306s][info][gc,phases      ] GC(103) Adjust Pointers 352.715ms
[96.306s][info][gc,phases,start] GC(103) Compaction Phase
[96.506s][info][gc,phases      ] GC(103) Compaction Phase 199.759ms
[96.506s][info][gc,phases,start] GC(103) Post Compact
[96.509s][info][gc,phases      ] GC(103) Post Compact 2.657ms
[96.509s][info][gc,heap        ] GC(103) PSYoungGen: 293376K(312832K)->280134K(312832K) Eden: 293376K(293376K)->280134K(293376K) From: 0K(19456K)->0K(19456K)
[96.509s][info][gc,heap        ] GC(103) ParOldGen: 667548K(667648K)->667548K(667648K)
[96.509s][info][gc,metaspace   ] GC(103) Metaspace: 8510K(8640K)->8510K(8640K) NonClass: 7502K(7552K)->7502K(7552K) Class: 1008K(1088K)->1008K(1088K)
[96.509s][info][gc             ] GC(103) Pause Full (Allocation Failure) 938M->925M(957M) 1428.120ms
[96.509s][info][gc,cpu         ] GC(103) User=2.83s Sys=0.00s Real=1.43s
[96.522s][info][gc,start       ] GC(104) Pause Full (Allocation Failure)
[96.522s][info][gc,phases,start] GC(104) Marking Phase
[97.326s][info][gc,phases      ] GC(104) Marking Phase 803.810ms
[97.326s][info][gc,phases,start] GC(104) Summary Phase
[97.326s][info][gc,phases      ] GC(104) Summary Phase 0.035ms
[97.326s][info][gc,phases,start] GC(104) Forward
[97.386s][info][gc,phases      ] GC(104) Forward 60.280ms
[97.386s][info][gc,phases,start] GC(104) Adjust Pointers
[97.736s][info][gc,phases      ] GC(104) Adjust Pointers 350.008ms
[97.736s][info][gc,phases,start] GC(104) Compaction Phase
[97.933s][info][gc,phases      ] GC(104) Compaction Phase 196.422ms
[97.933s][info][gc,phases,start] GC(104) Post Compact
[97.935s][info][gc,phases      ] GC(104) Post Compact 2.637ms
[97.935s][info][gc,heap        ] GC(104) PSYoungGen: 293376K(312832K)->280733K(312832K) Eden: 293376K(293376K)->280733K(293376K) From: 0K(19456K)->0K(19456K)
[97.935s][info][gc,heap        ] GC(104) ParOldGen: 667548K(667648K)->667548K(667648K)
[97.935s][info][gc,metaspace   ] GC(104) Metaspace: 8510K(8640K)->8510K(8640K) NonClass: 7502K(7552K)->7502K(7552K) Class: 1008K(1088K)->1008K(1088K)
[97.935s][info][gc             ] GC(104) Pause Full (Allocation Failure) 938M->926M(957M) 1413.531ms
[97.935s][info][gc,cpu         ] GC(104) User=2.80s Sys=0.00s Real=1.41s
[97.949s][info][gc,start       ] GC(105) Pause Full (Allocation Failure)
[97.949s][info][gc,phases,start] GC(105) Marking Phase
[98.756s][info][gc,phases      ] GC(105) Marking Phase 807.238ms
[98.757s][info][gc,phases,start] GC(105) Summary Phase
[98.757s][info][gc,phases      ] GC(105) Summary Phase 0.031ms
[98.757s][info][gc,phases,start] GC(105) Forward
[98.816s][info][gc,phases      ] GC(105) Forward 59.882ms
[98.816s][info][gc,phases,start] GC(105) Adjust Pointers
[99.165s][info][gc,phases      ] GC(105) Adjust Pointers 348.439ms
[99.165s][info][gc,phases,start] GC(105) Compaction Phase
[99.363s][info][gc,phases      ] GC(105) Compaction Phase 198.307ms
[99.363s][info][gc,phases,start] GC(105) Post Compact
[99.366s][info][gc,phases      ] GC(105) Post Compact 2.652ms
[99.366s][info][gc,heap        ] GC(105) PSYoungGen: 293376K(312832K)->281618K(312832K) Eden: 293376K(293376K)->281618K(293376K) From: 0K(19456K)->0K(19456K)
[99.366s][info][gc,heap        ] GC(105) ParOldGen: 667548K(667648K)->667548K(667648K)
[99.366s][info][gc,metaspace   ] GC(105) Metaspace: 8510K(8640K)->8510K(8640K) NonClass: 7502K(7552K)->7502K(7552K) Class: 1008K(1088K)->1008K(1088K)
[99.366s][info][gc             ] GC(105) Pause Full (Allocation Failure) 938M->926M(957M) 1416.873ms
[99.366s][info][gc,cpu         ] GC(105) User=2.81s Sys=0.00s Real=1.42s
[99.379s][info][gc,start       ] GC(106) Pause Full (Allocation Failure)
[99.379s][info][gc,phases,start] GC(106) Marking Phase
[100.183s][info][gc,phases      ] GC(106) Marking Phase 803.552ms
[100.183s][info][gc,phases,start] GC(106) Summary Phase
[100.183s][info][gc,phases      ] GC(106) Summary Phase 0.023ms
[100.183s][info][gc,phases,start] GC(106) Forward
[100.243s][info][gc,phases      ] GC(106) Forward 60.427ms
[100.243s][info][gc,phases,start] GC(106) Adjust Pointers
[100.594s][info][gc,phases      ] GC(106) Adjust Pointers 350.991ms
[100.594s][info][gc,phases,start] GC(106) Compaction Phase
[100.791s][info][gc,phases      ] GC(106) Compaction Phase 197.295ms
[100.791s][info][gc,phases,start] GC(106) Post Compact
[100.794s][info][gc,phases      ] GC(106) Post Compact 2.619ms
[100.794s][info][gc,heap        ] GC(106) PSYoungGen: 293376K(312832K)->282636K(312832K) Eden: 293376K(293376K)->282636K(293376K) From: 0K(19456K)->0K(19456K)
[100.794s][info][gc,heap        ] GC(106) ParOldGen: 667548K(667648K)->667548K(667648K)
[100.794s][info][gc,metaspace   ] GC(106) Metaspace: 8510K(8640K)->8510K(8640K) NonClass: 7502K(7552K)->7502K(7552K) Class: 1008K(1088K)->1008K(1088K)
[100.794s][info][gc             ] GC(106) Pause Full (Allocation Failure) 938M->927M(957M) 1415.265ms
[100.794s][info][gc,cpu         ] GC(106) User=2.81s Sys=0.00s Real=1.42s
[100.805s][info][gc,start       ] GC(107) Pause Full (Allocation Failure)
[100.805s][info][gc,phases,start] GC(107) Marking Phase
[101.618s][info][gc,phases      ] GC(107) Marking Phase 813.860ms
[101.619s][info][gc,phases,start] GC(107) Summary Phase
[101.619s][info][gc,phases      ] GC(107) Summary Phase 0.027ms
[101.619s][info][gc,phases,start] GC(107) Forward
[101.679s][info][gc,phases      ] GC(107) Forward 60.562ms
[101.679s][info][gc,phases,start] GC(107) Adjust Pointers
[102.031s][info][gc,phases      ] GC(107) Adjust Pointers 351.938ms
[102.031s][info][gc,phases,start] GC(107) Compaction Phase
[102.229s][info][gc,phases      ] GC(107) Compaction Phase 198.178ms
[102.229s][info][gc,phases,start] GC(107) Post Compact
[102.232s][info][gc,phases      ] GC(107) Post Compact 2.662ms
[102.232s][info][gc,heap        ] GC(107) PSYoungGen: 293376K(312832K)->283622K(312832K) Eden: 293376K(293376K)->283622K(293376K) From: 0K(19456K)->0K(19456K)
[102.232s][info][gc,heap        ] GC(107) ParOldGen: 667548K(667648K)->667548K(667648K)
[102.232s][info][gc,metaspace   ] GC(107) Metaspace: 8510K(8640K)->8510K(8640K) NonClass: 7502K(7552K)->7502K(7552K) Class: 1008K(1088K)->1008K(1088K)
[102.232s][info][gc             ] GC(107) Pause Full (Allocation Failure) 938M->928M(957M) 1427.615ms
[102.232s][info][gc,cpu         ] GC(107) User=2.83s Sys=0.00s Real=1.43s
[102.241s][info][gc,start       ] GC(108) Pause Full (Allocation Failure)
[102.241s][info][gc,phases,start] GC(108) Marking Phase
[103.049s][info][gc,phases      ] GC(108) Marking Phase 808.127ms
[103.049s][info][gc,phases,start] GC(108) Summary Phase
[103.049s][info][gc,phases      ] GC(108) Summary Phase 0.024ms
[103.049s][info][gc,phases,start] GC(108) Forward
[103.110s][info][gc,phases      ] GC(108) Forward 60.549ms
[103.110s][info][gc,phases,start] GC(108) Adjust Pointers
[103.464s][info][gc,phases      ] GC(108) Adjust Pointers 353.826ms
[103.464s][info][gc,phases,start] GC(108) Compaction Phase
[103.664s][info][gc,phases      ] GC(108) Compaction Phase 199.972ms
[103.664s][info][gc,phases,start] GC(108) Post Compact
[103.667s][info][gc,phases      ] GC(108) Post Compact 2.617ms
[103.667s][info][gc,heap        ] GC(108) PSYoungGen: 293376K(312832K)->284469K(312832K) Eden: 293376K(293376K)->284469K(293376K) From: 0K(19456K)->0K(19456K)
[103.667s][info][gc,heap        ] GC(108) ParOldGen: 667548K(667648K)->667548K(667648K)
[103.667s][info][gc,metaspace   ] GC(108) Metaspace: 8510K(8640K)->8510K(8640K) NonClass: 7502K(7552K)->7502K(7552K) Class: 1008K(1088K)->1008K(1088K)
[103.667s][info][gc             ] GC(108) Pause Full (Allocation Failure) 938M->929M(957M) 1425.457ms
[103.667s][info][gc,cpu         ] GC(108) User=2.82s Sys=0.00s Real=1.42s
[103.670s][info][gc,start       ] GC(109) Pause Full (Allocation Failure)
[103.670s][info][gc,phases,start] GC(109) Marking Phase
[104.476s][info][gc,phases      ] GC(109) Marking Phase 806.297ms
[104.476s][info][gc,phases,start] GC(109) Summary Phase
[104.476s][info][gc,phases      ] GC(109) Summary Phase 0.023ms
[104.476s][info][gc,phases,start] GC(109) Forward
[104.537s][info][gc,phases      ] GC(109) Forward 60.193ms
[104.537s][info][gc,phases,start] GC(109) Adjust Pointers
[104.884s][info][gc,phases      ] GC(109) Adjust Pointers 347.510ms
[104.884s][info][gc,phases,start] GC(109) Compaction Phase
[105.081s][info][gc,phases      ] GC(109) Compaction Phase 197.045ms
[105.081s][info][gc,phases,start] GC(109) Post Compact
[105.084s][info][gc,phases      ] GC(109) Post Compact 2.655ms
[105.084s][info][gc,heap        ] GC(109) PSYoungGen: 293376K(312832K)->284286K(312832K) Eden: 293376K(293376K)->284286K(293376K) From: 0K(19456K)->0K(19456K)
[105.084s][info][gc,heap        ] GC(109) ParOldGen: 667548K(667648K)->667548K(667648K)
[105.084s][info][gc,metaspace   ] GC(109) Metaspace: 8510K(8640K)->8510K(8640K) NonClass: 7502K(7552K)->7502K(7552K) Class: 1008K(1088K)->1008K(1088K)
[105.084s][info][gc             ] GC(109) Pause Full (Allocation Failure) 938M->929M(957M) 1414.070ms
[105.084s][info][gc,cpu         ] GC(109) User=2.80s Sys=0.00s Real=1.42s
[105.094s][info][gc,start       ] GC(110) Pause Full (Allocation Failure)
[105.094s][info][gc,phases,start] GC(110) Marking Phase
[105.902s][info][gc,phases      ] GC(110) Marking Phase 807.560ms
[105.902s][info][gc,phases,start] GC(110) Summary Phase
[105.902s][info][gc,phases      ] GC(110) Summary Phase 0.025ms
[105.902s][info][gc,phases,start] GC(110) Forward
[105.962s][info][gc,phases      ] GC(110) Forward 59.844ms
[105.962s][info][gc,phases,start] GC(110) Adjust Pointers
[106.311s][info][gc,phases      ] GC(110) Adjust Pointers 349.462ms
[106.311s][info][gc,phases,start] GC(110) Compaction Phase
[106.509s][info][gc,phases      ] GC(110) Compaction Phase 197.353ms
[106.509s][info][gc,phases,start] GC(110) Post Compact
[106.512s][info][gc,phases      ] GC(110) Post Compact 2.649ms
[106.512s][info][gc,heap        ] GC(110) PSYoungGen: 293376K(312832K)->284556K(312832K) Eden: 293376K(293376K)->284556K(293376K) From: 0K(19456K)->0K(19456K)
[106.512s][info][gc,heap        ] GC(110) ParOldGen: 667548K(667648K)->667548K(667648K)
[106.512s][info][gc,metaspace   ] GC(110) Metaspace: 8510K(8640K)->8510K(8640K) NonClass: 7502K(7552K)->7502K(7552K) Class: 1008K(1088K)->1008K(1088K)
[106.512s][info][gc             ] GC(110) Pause Full (Allocation Failure) 938M->929M(957M) 1417.246ms
[106.512s][info][gc,cpu         ] GC(110) User=2.81s Sys=0.00s Real=1.42s
[106.520s][info][gc,start       ] GC(111) Pause Full (Allocation Failure)
[106.520s][info][gc,phases,start] GC(111) Marking Phase
[107.347s][info][gc,phases      ] GC(111) Marking Phase 827.199ms
[107.348s][info][gc,phases,start] GC(111) Summary Phase
[107.348s][info][gc,phases      ] GC(111) Summary Phase 0.025ms
[107.348s][info][gc,phases,start] GC(111) Forward
[107.407s][info][gc,phases      ] GC(111) Forward 59.775ms
[107.407s][info][gc,phases,start] GC(111) Adjust Pointers
[107.759s][info][gc,phases      ] GC(111) Adjust Pointers 351.334ms
[107.759s][info][gc,phases,start] GC(111) Compaction Phase
[107.963s][info][gc,phases      ] GC(111) Compaction Phase 204.493ms
[107.963s][info][gc,phases,start] GC(111) Post Compact
[107.966s][info][gc,phases      ] GC(111) Post Compact 2.641ms
[107.966s][info][gc,heap        ] GC(111) PSYoungGen: 293376K(312832K)->285204K(312832K) Eden: 293376K(293376K)->285204K(293376K) From: 0K(19456K)->0K(19456K)
[107.966s][info][gc,heap        ] GC(111) ParOldGen: 667548K(667648K)->667548K(667648K)
[107.966s][info][gc,metaspace   ] GC(111) Metaspace: 8510K(8640K)->8510K(8640K) NonClass: 7502K(7552K)->7502K(7552K) Class: 1008K(1088K)->1008K(1088K)
[107.966s][info][gc             ] GC(111) Pause Full (Allocation Failure) 938M->930M(957M) 1445.823ms
[107.966s][info][gc,cpu         ] GC(111) User=2.86s Sys=0.00s Real=1.45s
[107.974s][info][gc,start       ] GC(112) Pause Full (Allocation Failure)
[107.974s][info][gc,phases,start] GC(112) Marking Phase
[108.787s][info][gc,phases      ] GC(112) Marking Phase 813.117ms
[108.787s][info][gc,phases,start] GC(112) Summary Phase
[108.787s][info][gc,phases      ] GC(112) Summary Phase 0.024ms
[108.787s][info][gc,phases,start] GC(112) Forward
[108.847s][info][gc,phases      ] GC(112) Forward 60.161ms
[108.847s][info][gc,phases,start] GC(112) Adjust Pointers
[109.197s][info][gc,phases      ] GC(112) Adjust Pointers 349.847ms
[109.197s][info][gc,phases,start] GC(112) Compaction Phase
[109.395s][info][gc,phases      ] GC(112) Compaction Phase 197.860ms
[109.395s][info][gc,phases,start] GC(112) Post Compact
[109.398s][info][gc,phases      ] GC(112) Post Compact 2.661ms
[109.398s][info][gc,heap        ] GC(112) PSYoungGen: 293376K(312832K)->285961K(312832K) Eden: 293376K(293376K)->285961K(293376K) From: 0K(19456K)->0K(19456K)
[109.398s][info][gc,heap        ] GC(112) ParOldGen: 667548K(667648K)->667548K(667648K)
[109.398s][info][gc,metaspace   ] GC(112) Metaspace: 8510K(8640K)->8510K(8640K) NonClass: 7502K(7552K)->7502K(7552K) Class: 1008K(1088K)->1008K(1088K)
[109.398s][info][gc             ] GC(112) Pause Full (Allocation Failure) 938M->931M(957M) 1424.043ms
[109.398s][info][gc,cpu         ] GC(112) User=2.82s Sys=0.00s Real=1.42s
[109.406s][info][gc,start       ] GC(113) Pause Full (Allocation Failure)
[109.406s][info][gc,phases,start] GC(113) Marking Phase
[110.227s][info][gc,phases      ] GC(113) Marking Phase 820.842ms
[110.227s][info][gc,phases,start] GC(113) Summary Phase
[110.227s][info][gc,phases      ] GC(113) Summary Phase 0.026ms
[110.227s][info][gc,phases,start] GC(113) Forward
[110.287s][info][gc,phases      ] GC(113) Forward 60.406ms
[110.287s][info][gc,phases,start] GC(113) Adjust Pointers
[110.636s][info][gc,phases      ] GC(113) Adjust Pointers 349.063ms
[110.636s][info][gc,phases,start] GC(113) Compaction Phase
[110.834s][info][gc,phases      ] GC(113) Compaction Phase 198.003ms
[110.834s][info][gc,phases,start] GC(113) Post Compact
[110.837s][info][gc,phases      ] GC(113) Post Compact 2.610ms
[110.837s][info][gc,heap        ] GC(113) PSYoungGen: 293376K(312832K)->286808K(312832K) Eden: 293376K(293376K)->286808K(293376K) From: 0K(19456K)->0K(19456K)
[110.837s][info][gc,heap        ] GC(113) ParOldGen: 667548K(667648K)->667548K(667648K)
[110.837s][info][gc,metaspace   ] GC(113) Metaspace: 8510K(8640K)->8510K(8640K) NonClass: 7502K(7552K)->7502K(7552K) Class: 1008K(1088K)->1008K(1088K)
[110.837s][info][gc             ] GC(113) Pause Full (Allocation Failure) 938M->931M(957M) 1431.332ms
[110.837s][info][gc,cpu         ] GC(113) User=2.84s Sys=0.00s Real=1.43s
[110.841s][info][gc,start       ] GC(114) Pause Full (Allocation Failure)
[110.841s][info][gc,phases,start] GC(114) Marking Phase
[111.657s][info][gc,phases      ] GC(114) Marking Phase 815.885ms
[111.657s][info][gc,phases,start] GC(114) Summary Phase
[111.657s][info][gc,phases      ] GC(114) Summary Phase 0.036ms
[111.657s][info][gc,phases,start] GC(114) Forward
[111.717s][info][gc,phases      ] GC(114) Forward 59.961ms
[111.717s][info][gc,phases,start] GC(114) Adjust Pointers
[112.070s][info][gc,phases      ] GC(114) Adjust Pointers 353.041ms
[112.070s][info][gc,phases,start] GC(114) Compaction Phase
[112.268s][info][gc,phases      ] GC(114) Compaction Phase 197.823ms
[112.268s][info][gc,phases,start] GC(114) Post Compact
[112.270s][info][gc,phases      ] GC(114) Post Compact 2.630ms
[112.270s][info][gc,heap        ] GC(114) PSYoungGen: 293376K(312832K)->286847K(312832K) Eden: 293376K(293376K)->286847K(293376K) From: 0K(19456K)->0K(19456K)
[112.270s][info][gc,heap        ] GC(114) ParOldGen: 667548K(667648K)->667548K(667648K)
[112.270s][info][gc,metaspace   ] GC(114) Metaspace: 8510K(8640K)->8510K(8640K) NonClass: 7502K(7552K)->7502K(7552K) Class: 1008K(1088K)->1008K(1088K)
[112.270s][info][gc             ] GC(114) Pause Full (Allocation Failure) 938M->932M(957M) 1429.747ms
[112.270s][info][gc,cpu         ] GC(114) User=2.83s Sys=0.00s Real=1.42s
[112.273s][info][gc,start       ] GC(115) Pause Full (Allocation Failure)
[112.273s][info][gc,phases,start] GC(115) Marking Phase
[113.083s][info][gc,phases      ] GC(115) Marking Phase 810.626ms
[113.084s][info][gc,phases,start] GC(115) Summary Phase
[113.084s][info][gc,phases      ] GC(115) Summary Phase 0.025ms
[113.084s][info][gc,phases,start] GC(115) Forward
[113.143s][info][gc,phases      ] GC(115) Forward 59.800ms
[113.143s][info][gc,phases,start] GC(115) Adjust Pointers
[113.492s][info][gc,phases      ] GC(115) Adjust Pointers 348.641ms
[113.492s][info][gc,phases,start] GC(115) Compaction Phase
[113.691s][info][gc,phases      ] GC(115) Compaction Phase 199.265ms
[113.691s][info][gc,phases,start] GC(115) Post Compact
[113.694s][info][gc,phases      ] GC(115) Post Compact 2.606ms
[113.694s][info][gc,heap        ] GC(115) PSYoungGen: 293376K(312832K)->286710K(312832K) Eden: 293376K(293376K)->286710K(293376K) From: 0K(19456K)->0K(19456K)
[113.694s][info][gc,heap        ] GC(115) ParOldGen: 667548K(667648K)->667548K(667648K)
[113.694s][info][gc,metaspace   ] GC(115) Metaspace: 8510K(8640K)->8510K(8640K) NonClass: 7502K(7552K)->7502K(7552K) Class: 1008K(1088K)->1008K(1088K)
[113.694s][info][gc             ] GC(115) Pause Full (Allocation Failure) 938M->931M(957M) 1421.297ms
[113.694s][info][gc,cpu         ] GC(115) User=2.82s Sys=0.00s Real=1.42s
[113.703s][info][gc,start       ] GC(116) Pause Full (Allocation Failure)
[113.703s][info][gc,phases,start] GC(116) Marking Phase
[114.512s][info][gc,phases      ] GC(116) Marking Phase 808.897ms
[114.512s][info][gc,phases,start] GC(116) Summary Phase
[114.512s][info][gc,phases      ] GC(116) Summary Phase 0.024ms
[114.512s][info][gc,phases,start] GC(116) Forward
[114.572s][info][gc,phases      ] GC(116) Forward 60.010ms
[114.572s][info][gc,phases,start] GC(116) Adjust Pointers
[114.921s][info][gc,phases      ] GC(116) Adjust Pointers 348.386ms
[114.921s][info][gc,phases,start] GC(116) Compaction Phase
[115.119s][info][gc,phases      ] GC(116) Compaction Phase 198.096ms
[115.119s][info][gc,phases,start] GC(116) Post Compact
[115.122s][info][gc,phases      ] GC(116) Post Compact 2.598ms
[115.122s][info][gc,heap        ] GC(116) PSYoungGen: 293376K(312832K)->287028K(312832K) Eden: 293376K(293376K)->287028K(293376K) From: 0K(19456K)->0K(19456K)
[115.122s][info][gc,heap        ] GC(116) ParOldGen: 667548K(667648K)->667548K(667648K)
[115.122s][info][gc,metaspace   ] GC(116) Metaspace: 8510K(8640K)->8510K(8640K) NonClass: 7502K(7552K)->7502K(7552K) Class: 1008K(1088K)->1008K(1088K)
[115.122s][info][gc             ] GC(116) Pause Full (Allocation Failure) 938M->932M(957M) 1418.368ms
[115.122s][info][gc,cpu         ] GC(116) User=2.81s Sys=0.00s Real=1.42s
[115.127s][info][gc,start       ] GC(117) Pause Full (Allocation Failure)
[115.127s][info][gc,phases,start] GC(117) Marking Phase
[115.949s][info][gc,phases      ] GC(117) Marking Phase 822.119ms
[115.949s][info][gc,phases,start] GC(117) Summary Phase
[115.949s][info][gc,phases      ] GC(117) Summary Phase 0.025ms
[115.949s][info][gc,phases,start] GC(117) Forward
[116.011s][info][gc,phases      ] GC(117) Forward 61.301ms
[116.011s][info][gc,phases,start] GC(117) Adjust Pointers
[116.368s][info][gc,phases      ] GC(117) Adjust Pointers 356.745ms
[116.368s][info][gc,phases,start] GC(117) Compaction Phase
[116.568s][info][gc,phases      ] GC(117) Compaction Phase 200.272ms
[116.568s][info][gc,phases,start] GC(117) Post Compact
[116.571s][info][gc,phases      ] GC(117) Post Compact 2.610ms
[116.571s][info][gc,heap        ] GC(117) PSYoungGen: 293376K(312832K)->287281K(312832K) Eden: 293376K(293376K)->287281K(293376K) From: 0K(19456K)->0K(19456K)
[116.571s][info][gc,heap        ] GC(117) ParOldGen: 667548K(667648K)->667548K(667648K)
[116.571s][info][gc,metaspace   ] GC(117) Metaspace: 8510K(8640K)->8510K(8640K) NonClass: 7502K(7552K)->7502K(7552K) Class: 1008K(1088K)->1008K(1088K)
[116.571s][info][gc             ] GC(117) Pause Full (Allocation Failure) 938M->932M(957M) 1443.382ms
[116.571s][info][gc,cpu         ] GC(117) User=2.86s Sys=0.01s Real=1.44s
[116.577s][info][gc,start       ] GC(118) Pause Full (Allocation Failure)
[116.577s][info][gc,phases,start] GC(118) Marking Phase
[117.394s][info][gc,phases      ] GC(118) Marking Phase 817.245ms
[117.394s][info][gc,phases,start] GC(118) Summary Phase
[117.394s][info][gc,phases      ] GC(118) Summary Phase 0.024ms
[117.394s][info][gc,phases,start] GC(118) Forward
[117.454s][info][gc,phases      ] GC(118) Forward 59.900ms
[117.454s][info][gc,phases,start] GC(118) Adjust Pointers
[117.807s][info][gc,phases      ] GC(118) Adjust Pointers 353.067ms
[117.807s][info][gc,phases,start] GC(118) Compaction Phase
[118.005s][info][gc,phases      ] GC(118) Compaction Phase 197.971ms
[118.005s][info][gc,phases,start] GC(118) Post Compact
[118.008s][info][gc,phases      ] GC(118) Post Compact 2.713ms
[118.008s][info][gc,heap        ] GC(118) PSYoungGen: 293376K(312832K)->287833K(312832K) Eden: 293376K(293376K)->287833K(293376K) From: 0K(19456K)->0K(19456K)
[118.008s][info][gc,heap        ] GC(118) ParOldGen: 667548K(667648K)->667548K(667648K)
[118.008s][info][gc,metaspace   ] GC(118) Metaspace: 8510K(8640K)->8510K(8640K) NonClass: 7502K(7552K)->7502K(7552K) Class: 1008K(1088K)->1008K(1088K)
[118.008s][info][gc             ] GC(118) Pause Full (Allocation Failure) 938M->932M(957M) 1431.268ms
[118.008s][info][gc,cpu         ] GC(118) User=2.84s Sys=0.00s Real=1.43s
[118.014s][info][gc,start       ] GC(119) Pause Full (Allocation Failure)
[118.014s][info][gc,phases,start] GC(119) Marking Phase
[118.832s][info][gc,phases      ] GC(119) Marking Phase 817.975ms
[118.832s][info][gc,phases,start] GC(119) Summary Phase
[118.832s][info][gc,phases      ] GC(119) Summary Phase 0.033ms
[118.832s][info][gc,phases,start] GC(119) Forward
[118.892s][info][gc,phases      ] GC(119) Forward 59.788ms
[118.892s][info][gc,phases,start] GC(119) Adjust Pointers
[119.241s][info][gc,phases      ] GC(119) Adjust Pointers 349.749ms
[119.241s][info][gc,phases,start] GC(119) Compaction Phase
[119.441s][info][gc,phases      ] GC(119) Compaction Phase 199.138ms
[119.441s][info][gc,phases,start] GC(119) Post Compact
[119.443s][info][gc,phases      ] GC(119) Post Compact 2.599ms
[119.443s][info][gc,heap        ] GC(119) PSYoungGen: 293376K(312832K)->288335K(312832K) Eden: 293376K(293376K)->288335K(293376K) From: 0K(19456K)->0K(19456K)
[119.443s][info][gc,heap        ] GC(119) ParOldGen: 667548K(667648K)->667548K(667648K)
[119.443s][info][gc,metaspace   ] GC(119) Metaspace: 8510K(8640K)->8510K(8640K) NonClass: 7502K(7552K)->7502K(7552K) Class: 1008K(1088K)->1008K(1088K)
[119.443s][info][gc             ] GC(119) Pause Full (Allocation Failure) 938M->933M(957M) 1429.621ms
[119.443s][info][gc,cpu         ] GC(119) User=2.83s Sys=0.00s Real=1.43s
[119.449s][info][gc,start       ] GC(120) Pause Full (Allocation Failure)
[119.449s][info][gc,phases,start] GC(120) Marking Phase
[120.267s][info][gc,phases      ] GC(120) Marking Phase 817.896ms
[120.267s][info][gc,phases,start] GC(120) Summary Phase
[120.267s][info][gc,phases      ] GC(120) Summary Phase 0.024ms
[120.267s][info][gc,phases,start] GC(120) Forward
[120.327s][info][gc,phases      ] GC(120) Forward 60.525ms
[120.327s][info][gc,phases,start] GC(120) Adjust Pointers
[120.679s][info][gc,phases      ] GC(120) Adjust Pointers 351.977ms
[120.679s][info][gc,phases,start] GC(120) Compaction Phase
[120.877s][info][gc,phases      ] GC(120) Compaction Phase 197.705ms
[120.877s][info][gc,phases,start] GC(120) Post Compact
[120.880s][info][gc,phases      ] GC(120) Post Compact 2.640ms
[120.880s][info][gc,heap        ] GC(120) PSYoungGen: 293376K(312832K)->288900K(312832K) Eden: 293376K(293376K)->288900K(293376K) From: 0K(19456K)->0K(19456K)
[120.880s][info][gc,heap        ] GC(120) ParOldGen: 667548K(667648K)->667548K(667648K)
[120.880s][info][gc,metaspace   ] GC(120) Metaspace: 8510K(8640K)->8510K(8640K) NonClass: 7502K(7552K)->7502K(7552K) Class: 1008K(1088K)->1008K(1088K)
[120.880s][info][gc             ] GC(120) Pause Full (Allocation Failure) 938M->934M(957M) 1431.115ms
[120.880s][info][gc,cpu         ] GC(120) User=2.84s Sys=0.00s Real=1.43s
[120.884s][info][gc,start       ] GC(121) Pause Full (Allocation Failure)
[120.884s][info][gc,phases,start] GC(121) Marking Phase
[121.703s][info][gc,phases      ] GC(121) Marking Phase 818.212ms
[121.703s][info][gc,phases,start] GC(121) Summary Phase
[121.703s][info][gc,phases      ] GC(121) Summary Phase 0.026ms
[121.703s][info][gc,phases,start] GC(121) Forward
[121.763s][info][gc,phases      ] GC(121) Forward 59.922ms
[121.763s][info][gc,phases,start] GC(121) Adjust Pointers
[122.117s][info][gc,phases      ] GC(121) Adjust Pointers 354.102ms
[122.117s][info][gc,phases,start] GC(121) Compaction Phase
[122.316s][info][gc,phases      ] GC(121) Compaction Phase 198.990ms
[122.316s][info][gc,phases,start] GC(121) Post Compact
[122.319s][info][gc,phases      ] GC(121) Post Compact 2.638ms
[122.319s][info][gc,heap        ] GC(121) PSYoungGen: 293376K(312832K)->289339K(312832K) Eden: 293376K(293376K)->289339K(293376K) From: 0K(19456K)->0K(19456K)
[122.319s][info][gc,heap        ] GC(121) ParOldGen: 667548K(667648K)->667548K(667648K)
[122.319s][info][gc,metaspace   ] GC(121) Metaspace: 8510K(8640K)->8510K(8640K) NonClass: 7502K(7552K)->7502K(7552K) Class: 1008K(1088K)->1008K(1088K)
[122.319s][info][gc             ] GC(121) Pause Full (Allocation Failure) 938M->934M(957M) 1434.257ms
[122.319s][info][gc,cpu         ] GC(121) User=2.85s Sys=0.00s Real=1.43s
[122.320s][info][gc,start       ] GC(122) Pause Full (Allocation Failure)
[122.320s][info][gc,phases,start] GC(122) Marking Phase
[123.133s][info][gc,phases      ] GC(122) Marking Phase 812.872ms
[123.133s][info][gc,phases,start] GC(122) Summary Phase
[123.133s][info][gc,phases      ] GC(122) Summary Phase 0.024ms
[123.133s][info][gc,phases,start] GC(122) Forward
[123.196s][info][gc,phases      ] GC(122) Forward 62.707ms
[123.196s][info][gc,phases,start] GC(122) Adjust Pointers
[123.555s][info][gc,phases      ] GC(122) Adjust Pointers 359.639ms
[123.556s][info][gc,phases,start] GC(122) Compaction Phase
[123.765s][info][gc,phases      ] GC(122) Compaction Phase 209.744ms
[123.765s][info][gc,phases,start] GC(122) Post Compact
[123.768s][info][gc,phases      ] GC(122) Post Compact 2.618ms
[123.768s][info][gc,heap        ] GC(122) PSYoungGen: 293376K(312832K)->289271K(312832K) Eden: 293376K(293376K)->289271K(293376K) From: 0K(19456K)->0K(19456K)
[123.768s][info][gc,heap        ] GC(122) ParOldGen: 667548K(667648K)->667548K(667648K)
[123.768s][info][gc,metaspace   ] GC(122) Metaspace: 8510K(8640K)->8510K(8640K) NonClass: 7502K(7552K)->7502K(7552K) Class: 1008K(1088K)->1008K(1088K)
[123.768s][info][gc             ] GC(122) Pause Full (Allocation Failure) 938M->934M(957M) 1447.975ms
[123.768s][info][gc,cpu         ] GC(122) User=2.87s Sys=0.00s Real=1.45s
[123.770s][info][gc,start       ] GC(123) Pause Full (Allocation Failure)
[123.770s][info][gc,phases,start] GC(123) Marking Phase
[124.595s][info][gc,phases      ] GC(123) Marking Phase 825.128ms
[124.595s][info][gc,phases,start] GC(123) Summary Phase
[124.595s][info][gc,phases      ] GC(123) Summary Phase 0.027ms
[124.595s][info][gc,phases,start] GC(123) Forward
[124.655s][info][gc,phases      ] GC(123) Forward 60.338ms
[124.655s][info][gc,phases,start] GC(123) Adjust Pointers
[125.007s][info][gc,phases      ] GC(123) Adjust Pointers 351.516ms
[125.007s][info][gc,phases,start] GC(123) Compaction Phase
[125.205s][info][gc,phases      ] GC(123) Compaction Phase 198.248ms
[125.205s][info][gc,phases,start] GC(123) Post Compact
[125.208s][info][gc,phases      ] GC(123) Post Compact 2.621ms
[125.208s][info][gc,heap        ] GC(123) PSYoungGen: 293376K(312832K)->289184K(312832K) Eden: 293376K(293376K)->289184K(293376K) From: 0K(19456K)->0K(19456K)
[125.208s][info][gc,heap        ] GC(123) ParOldGen: 667548K(667648K)->667548K(667648K)
[125.208s][info][gc,metaspace   ] GC(123) Metaspace: 8510K(8640K)->8510K(8640K) NonClass: 7502K(7552K)->7502K(7552K) Class: 1008K(1088K)->1008K(1088K)
[125.208s][info][gc             ] GC(123) Pause Full (Allocation Failure) 938M->934M(957M) 1438.230ms
[125.208s][info][gc,cpu         ] GC(123) User=2.85s Sys=0.00s Real=1.44s
[125.209s][info][gc,start       ] GC(124) Pause Full (Allocation Failure)
[125.209s][info][gc,phases,start] GC(124) Marking Phase
[126.025s][info][gc,phases      ] GC(124) Marking Phase 815.915ms
[126.025s][info][gc,phases,start] GC(124) Summary Phase
[126.025s][info][gc,phases      ] GC(124) Summary Phase 0.023ms
[126.025s][info][gc,phases,start] GC(124) Forward
[126.086s][info][gc,phases      ] GC(124) Forward 60.780ms
[126.086s][info][gc,phases,start] GC(124) Adjust Pointers
[126.440s][info][gc,phases      ] GC(124) Adjust Pointers 353.950ms
[126.440s][info][gc,phases,start] GC(124) Compaction Phase
[126.638s][info][gc,phases      ] GC(124) Compaction Phase 198.085ms
[126.638s][info][gc,phases,start] GC(124) Post Compact
[126.641s][info][gc,phases      ] GC(124) Post Compact 2.642ms
[126.641s][info][gc,heap        ] GC(124) PSYoungGen: 293376K(312832K)->289095K(312832K) Eden: 293376K(293376K)->289095K(293376K) From: 0K(19456K)->0K(19456K)
[126.641s][info][gc,heap        ] GC(124) ParOldGen: 667548K(667648K)->667548K(667648K)
[126.641s][info][gc,metaspace   ] GC(124) Metaspace: 8510K(8640K)->8510K(8640K) NonClass: 7502K(7552K)->7502K(7552K) Class: 1008K(1088K)->1008K(1088K)
[126.641s][info][gc             ] GC(124) Pause Full (Allocation Failure) 938M->934M(957M) 1431.772ms
[126.641s][info][gc,cpu         ] GC(124) User=2.84s Sys=0.00s Real=1.44s
[126.648s][info][gc,start       ] GC(125) Pause Full (Allocation Failure)
[126.648s][info][gc,phases,start] GC(125) Marking Phase
[127.464s][info][gc,phases      ] GC(125) Marking Phase 816.681ms
[127.464s][info][gc,phases,start] GC(125) Summary Phase
[127.464s][info][gc,phases      ] GC(125) Summary Phase 0.025ms
[127.464s][info][gc,phases,start] GC(125) Forward
[127.525s][info][gc,phases      ] GC(125) Forward 60.144ms
[127.525s][info][gc,phases,start] GC(125) Adjust Pointers
[127.877s][info][gc,phases      ] GC(125) Adjust Pointers 352.625ms
[127.877s][info][gc,phases,start] GC(125) Compaction Phase
[128.075s][info][gc,phases      ] GC(125) Compaction Phase 198.014ms
[128.075s][info][gc,phases,start] GC(125) Post Compact
[128.078s][info][gc,phases      ] GC(125) Post Compact 2.610ms
[128.078s][info][gc,heap        ] GC(125) PSYoungGen: 293376K(312832K)->289162K(312832K) Eden: 293376K(293376K)->289162K(293376K) From: 0K(19456K)->0K(19456K)
[128.078s][info][gc,heap        ] GC(125) ParOldGen: 667548K(667648K)->667548K(667648K)
[128.078s][info][gc,metaspace   ] GC(125) Metaspace: 8510K(8640K)->8510K(8640K) NonClass: 7502K(7552K)->7502K(7552K) Class: 1008K(1088K)->1008K(1088K)
[128.078s][info][gc             ] GC(125) Pause Full (Allocation Failure) 938M->934M(957M) 1430.440ms
[128.078s][info][gc,cpu         ] GC(125) User=2.84s Sys=0.00s Real=1.43s
[128.083s][info][gc,start       ] GC(126) Pause Full (Allocation Failure)
[128.083s][info][gc,phases,start] GC(126) Marking Phase
[128.901s][info][gc,phases      ] GC(126) Marking Phase 818.066ms
[128.901s][info][gc,phases,start] GC(126) Summary Phase
[128.901s][info][gc,phases      ] GC(126) Summary Phase 0.024ms
[128.901s][info][gc,phases,start] GC(126) Forward
[128.961s][info][gc,phases      ] GC(126) Forward 59.761ms
[128.961s][info][gc,phases,start] GC(126) Adjust Pointers
[129.310s][info][gc,phases      ] GC(126) Adjust Pointers 349.120ms
[129.310s][info][gc,phases,start] GC(126) Compaction Phase
[129.508s][info][gc,phases      ] GC(126) Compaction Phase 197.999ms
[129.508s][info][gc,phases,start] GC(126) Post Compact
[129.511s][info][gc,phases      ] GC(126) Post Compact 2.602ms
[129.511s][info][gc,heap        ] GC(126) PSYoungGen: 293375K(312832K)->289359K(312832K) Eden: 293375K(293376K)->289359K(293376K) From: 0K(19456K)->0K(19456K)
[129.511s][info][gc,heap        ] GC(126) ParOldGen: 667548K(667648K)->667548K(667648K)
[129.511s][info][gc,metaspace   ] GC(126) Metaspace: 8510K(8640K)->8510K(8640K) NonClass: 7502K(7552K)->7502K(7552K) Class: 1008K(1088K)->1008K(1088K)
[129.511s][info][gc             ] GC(126) Pause Full (Allocation Failure) 938M->934M(957M) 1427.934ms
[129.511s][info][gc,cpu         ] GC(126) User=2.83s Sys=0.00s Real=1.43s
[129.515s][info][gc,start       ] GC(127) Pause Full (Allocation Failure)
[129.515s][info][gc,phases,start] GC(127) Marking Phase
[130.330s][info][gc,phases      ] GC(127) Marking Phase 814.501ms
[130.330s][info][gc,phases,start] GC(127) Summary Phase
[130.330s][info][gc,phases      ] GC(127) Summary Phase 0.025ms
[130.330s][info][gc,phases,start] GC(127) Forward
[130.390s][info][gc,phases      ] GC(127) Forward 59.890ms
[130.390s][info][gc,phases,start] GC(127) Adjust Pointers
[130.739s][info][gc,phases      ] GC(127) Adjust Pointers 349.290ms
[130.739s][info][gc,phases,start] GC(127) Compaction Phase
[130.937s][info][gc,phases      ] GC(127) Compaction Phase 198.058ms
[130.937s][info][gc,phases,start] GC(127) Post Compact
[130.940s][info][gc,phases      ] GC(127) Post Compact 2.601ms
[130.940s][info][gc,heap        ] GC(127) PSYoungGen: 293376K(312832K)->289727K(312832K) Eden: 293376K(293376K)->289727K(293376K) From: 0K(19456K)->0K(19456K)
[130.940s][info][gc,heap        ] GC(127) ParOldGen: 667548K(667648K)->667548K(667648K)
[130.940s][info][gc,metaspace   ] GC(127) Metaspace: 8510K(8640K)->8510K(8640K) NonClass: 7502K(7552K)->7502K(7552K) Class: 1008K(1088K)->1008K(1088K)
[130.940s][info][gc             ] GC(127) Pause Full (Allocation Failure) 938M->934M(957M) 1424.726ms
[130.940s][info][gc,cpu         ] GC(127) User=2.83s Sys=0.00s Real=1.42s
[130.944s][info][gc,start       ] GC(128) Pause Full (Allocation Failure)
[130.944s][info][gc,phases,start] GC(128) Marking Phase
[131.765s][info][gc,phases      ] GC(128) Marking Phase 821.361ms
[131.765s][info][gc,phases,start] GC(128) Summary Phase
[131.765s][info][gc,phases      ] GC(128) Summary Phase 0.025ms
[131.765s][info][gc,phases,start] GC(128) Forward
[131.826s][info][gc,phases      ] GC(128) Forward 60.733ms
[131.826s][info][gc,phases,start] GC(128) Adjust Pointers
[132.180s][info][gc,phases      ] GC(128) Adjust Pointers 354.367ms
[132.180s][info][gc,phases,start] GC(128) Compaction Phase
[132.378s][info][gc,phases      ] GC(128) Compaction Phase 198.106ms
[132.378s][info][gc,phases,start] GC(128) Post Compact
[132.381s][info][gc,phases      ] GC(128) Post Compact 2.641ms
[132.381s][info][gc,heap        ] GC(128) PSYoungGen: 293376K(312832K)->290061K(312832K) Eden: 293376K(293376K)->290061K(293376K) From: 0K(19456K)->0K(19456K)
[132.381s][info][gc,heap        ] GC(128) ParOldGen: 667548K(667648K)->667548K(667648K)
[132.381s][info][gc,metaspace   ] GC(128) Metaspace: 8510K(8640K)->8510K(8640K) NonClass: 7502K(7552K)->7502K(7552K) Class: 1008K(1088K)->1008K(1088K)
[132.381s][info][gc             ] GC(128) Pause Full (Allocation Failure) 938M->935M(957M) 1437.574ms
[132.381s][info][gc,cpu         ] GC(128) User=2.85s Sys=0.00s Real=1.44s
[132.384s][info][gc,start       ] GC(129) Pause Full (Allocation Failure)
[132.384s][info][gc,phases,start] GC(129) Marking Phase
[133.198s][info][gc,phases      ] GC(129) Marking Phase 813.075ms
[133.198s][info][gc,phases,start] GC(129) Summary Phase
[133.198s][info][gc,phases      ] GC(129) Summary Phase 0.026ms
[133.198s][info][gc,phases,start] GC(129) Forward
[133.259s][info][gc,phases      ] GC(129) Forward 61.805ms
[133.260s][info][gc,phases,start] GC(129) Adjust Pointers
[133.611s][info][gc,phases      ] GC(129) Adjust Pointers 351.020ms
[133.611s][info][gc,phases,start] GC(129) Compaction Phase
[133.809s][info][gc,phases      ] GC(129) Compaction Phase 198.187ms
[133.809s][info][gc,phases,start] GC(129) Post Compact
[133.811s][info][gc,phases      ] GC(129) Post Compact 2.612ms
[133.811s][info][gc,heap        ] GC(129) PSYoungGen: 293376K(312832K)->290363K(312832K) Eden: 293376K(293376K)->290363K(293376K) From: 0K(19456K)->0K(19456K)
[133.811s][info][gc,heap        ] GC(129) ParOldGen: 667548K(667648K)->667548K(667648K)
[133.812s][info][gc,metaspace   ] GC(129) Metaspace: 8510K(8640K)->8510K(8640K) NonClass: 7502K(7552K)->7502K(7552K) Class: 1008K(1088K)->1008K(1088K)
[133.812s][info][gc             ] GC(129) Pause Full (Allocation Failure) 938M->935M(957M) 1427.082ms
[133.812s][info][gc,cpu         ] GC(129) User=2.82s Sys=0.00s Real=1.43s
[133.815s][info][gc,start       ] GC(130) Pause Full (Allocation Failure)
[133.815s][info][gc,phases,start] GC(130) Marking Phase
[134.629s][info][gc,phases      ] GC(130) Marking Phase 813.826ms
[134.629s][info][gc,phases,start] GC(130) Summary Phase
[134.629s][info][gc,phases      ] GC(130) Summary Phase 0.037ms
[134.629s][info][gc,phases,start] GC(130) Forward
[134.689s][info][gc,phases      ] GC(130) Forward 59.966ms
[134.689s][info][gc,phases,start] GC(130) Adjust Pointers
[135.038s][info][gc,phases      ] GC(130) Adjust Pointers 349.610ms
[135.038s][info][gc,phases,start] GC(130) Compaction Phase
[135.238s][info][gc,phases      ] GC(130) Compaction Phase 199.589ms
[135.238s][info][gc,phases,start] GC(130) Post Compact
[135.241s][info][gc,phases      ] GC(130) Post Compact 2.655ms
[135.241s][info][gc,heap        ] GC(130) PSYoungGen: 293376K(312832K)->290635K(312832K) Eden: 293376K(293376K)->290635K(293376K) From: 0K(19456K)->0K(19456K)
[135.241s][info][gc,heap        ] GC(130) ParOldGen: 667548K(667648K)->667548K(667648K)
[135.241s][info][gc,metaspace   ] GC(130) Metaspace: 8510K(8640K)->8510K(8640K) NonClass: 7502K(7552K)->7502K(7552K) Class: 1008K(1088K)->1008K(1088K)
[135.241s][info][gc             ] GC(130) Pause Full (Allocation Failure) 938M->935M(957M) 1426.072ms
[135.241s][info][gc,cpu         ] GC(130) User=2.82s Sys=0.00s Real=1.43s
[135.244s][info][gc,start       ] GC(131) Pause Full (Allocation Failure)
[135.244s][info][gc,phases,start] GC(131) Marking Phase
[136.066s][info][gc,phases      ] GC(131) Marking Phase 822.293ms
[136.066s][info][gc,phases,start] GC(131) Summary Phase
[136.066s][info][gc,phases      ] GC(131) Summary Phase 0.024ms
[136.066s][info][gc,phases,start] GC(131) Forward
[136.127s][info][gc,phases      ] GC(131) Forward 60.237ms
[136.127s][info][gc,phases,start] GC(131) Adjust Pointers
[136.479s][info][gc,phases      ] GC(131) Adjust Pointers 352.773ms
[136.480s][info][gc,phases,start] GC(131) Compaction Phase
[136.678s][info][gc,phases      ] GC(131) Compaction Phase 198.889ms
[136.679s][info][gc,phases,start] GC(131) Post Compact
[136.681s][info][gc,phases      ] GC(131) Post Compact 2.615ms
[136.681s][info][gc,heap        ] GC(131) PSYoungGen: 293376K(312832K)->290884K(312832K) Eden: 293376K(293376K)->290884K(293376K) From: 0K(19456K)->0K(19456K)
[136.681s][info][gc,heap        ] GC(131) ParOldGen: 667548K(667648K)->667548K(667648K)
[136.681s][info][gc,metaspace   ] GC(131) Metaspace: 8510K(8640K)->8510K(8640K) NonClass: 7502K(7552K)->7502K(7552K) Class: 1008K(1088K)->1008K(1088K)
[136.681s][info][gc             ] GC(131) Pause Full (Allocation Failure) 938M->935M(957M) 1437.195ms
[136.681s][info][gc,cpu         ] GC(131) User=2.85s Sys=0.00s Real=1.44s
[136.684s][info][gc,start       ] GC(132) Pause Full (Allocation Failure)
[136.684s][info][gc,phases,start] GC(132) Marking Phase
[137.499s][info][gc,phases      ] GC(132) Marking Phase 814.927ms
[137.499s][info][gc,phases,start] GC(132) Summary Phase
[137.499s][info][gc,phases      ] GC(132) Summary Phase 0.024ms
[137.499s][info][gc,phases,start] GC(132) Forward
[137.560s][info][gc,phases      ] GC(132) Forward 60.606ms
[137.560s][info][gc,phases,start] GC(132) Adjust Pointers
[137.911s][info][gc,phases      ] GC(132) Adjust Pointers 351.100ms
[137.911s][info][gc,phases,start] GC(132) Compaction Phase
[138.110s][info][gc,phases      ] GC(132) Compaction Phase 198.847ms
[138.110s][info][gc,phases,start] GC(132) Post Compact
[138.113s][info][gc,phases      ] GC(132) Post Compact 2.633ms
[138.113s][info][gc,heap        ] GC(132) PSYoungGen: 293376K(312832K)->291179K(312832K) Eden: 293376K(293376K)->291179K(293376K) From: 0K(19456K)->0K(19456K)
[138.113s][info][gc,heap        ] GC(132) ParOldGen: 667548K(667648K)->667548K(667648K)
[138.113s][info][gc,metaspace   ] GC(132) Metaspace: 8510K(8640K)->8510K(8640K) NonClass: 7502K(7552K)->7502K(7552K) Class: 1008K(1088K)->1008K(1088K)
[138.113s][info][gc             ] GC(132) Pause Full (Allocation Failure) 938M->936M(957M) 1428.491ms
[138.113s][info][gc,cpu         ] GC(132) User=2.84s Sys=0.00s Real=1.43s
[138.115s][info][gc,start       ] GC(133) Pause Full (Allocation Failure)
[138.115s][info][gc,phases,start] GC(133) Marking Phase
[138.931s][info][gc,phases      ] GC(133) Marking Phase 815.916ms
[138.931s][info][gc,phases,start] GC(133) Summary Phase
[138.931s][info][gc,phases      ] GC(133) Summary Phase 0.024ms
[138.931s][info][gc,phases,start] GC(133) Forward
[138.992s][info][gc,phases      ] GC(133) Forward 60.194ms
[138.992s][info][gc,phases,start] GC(133) Adjust Pointers
[139.347s][info][gc,phases      ] GC(133) Adjust Pointers 355.307ms
[139.347s][info][gc,phases,start] GC(133) Compaction Phase
[139.558s][info][gc,phases      ] GC(133) Compaction Phase 211.252ms
[139.558s][info][gc,phases,start] GC(133) Post Compact
[139.561s][info][gc,phases      ] GC(133) Post Compact 2.644ms
[139.561s][info][gc,heap        ] GC(133) PSYoungGen: 293376K(312832K)->291427K(312832K) Eden: 293376K(293376K)->291427K(293376K) From: 0K(19456K)->0K(19456K)
[139.561s][info][gc,heap        ] GC(133) ParOldGen: 667548K(667648K)->667548K(667648K)
[139.561s][info][gc,metaspace   ] GC(133) Metaspace: 8510K(8640K)->8510K(8640K) NonClass: 7502K(7552K)->7502K(7552K) Class: 1008K(1088K)->1008K(1088K)
[139.561s][info][gc             ] GC(133) Pause Full (Allocation Failure) 938M->936M(957M) 1445.746ms
[139.561s][info][gc,cpu         ] GC(133) User=2.87s Sys=0.01s Real=1.45s
[139.564s][info][gc,start       ] GC(134) Pause Full (Allocation Failure)
[139.564s][info][gc,phases,start] GC(134) Marking Phase
[140.381s][info][gc,phases      ] GC(134) Marking Phase 817.575ms
[140.381s][info][gc,phases,start] GC(134) Summary Phase
[140.381s][info][gc,phases      ] GC(134) Summary Phase 0.024ms
[140.381s][info][gc,phases,start] GC(134) Forward
[140.441s][info][gc,phases      ] GC(134) Forward 59.905ms
[140.441s][info][gc,phases,start] GC(134) Adjust Pointers
[140.794s][info][gc,phases      ] GC(134) Adjust Pointers 352.369ms
[140.794s][info][gc,phases,start] GC(134) Compaction Phase
[140.992s][info][gc,phases      ] GC(134) Compaction Phase 198.488ms
[140.992s][info][gc,phases,start] GC(134) Post Compact
[140.995s][info][gc,phases      ] GC(134) Post Compact 2.621ms
[140.995s][info][gc,heap        ] GC(134) PSYoungGen: 293376K(312832K)->291642K(312832K) Eden: 293376K(293376K)->291642K(293376K) From: 0K(19456K)->0K(19456K)
[140.995s][info][gc,heap        ] GC(134) ParOldGen: 667548K(667648K)->667548K(667648K)
[140.995s][info][gc,metaspace   ] GC(134) Metaspace: 8510K(8640K)->8510K(8640K) NonClass: 7502K(7552K)->7502K(7552K) Class: 1008K(1088K)->1008K(1088K)
[140.995s][info][gc             ] GC(134) Pause Full (Allocation Failure) 938M->936M(957M) 1431.332ms
[140.995s][info][gc,cpu         ] GC(134) User=2.84s Sys=0.00s Real=1.43s
[140.997s][info][gc,start       ] GC(135) Pause Full (Allocation Failure)
[140.997s][info][gc,phases,start] GC(135) Marking Phase
[141.814s][info][gc,phases      ] GC(135) Marking Phase 817.465ms
[141.814s][info][gc,phases,start] GC(135) Summary Phase
[141.814s][info][gc,phases      ] GC(135) Summary Phase 0.025ms
[141.814s][info][gc,phases,start] GC(135) Forward
[141.874s][info][gc,phases      ] GC(135) Forward 59.812ms
[141.874s][info][gc,phases,start] GC(135) Adjust Pointers
[142.228s][info][gc,phases      ] GC(135) Adjust Pointers 353.560ms
[142.228s][info][gc,phases,start] GC(135) Compaction Phase
[142.426s][info][gc,phases      ] GC(135) Compaction Phase 198.556ms
[142.427s][info][gc,phases,start] GC(135) Post Compact
[142.429s][info][gc,phases      ] GC(135) Post Compact 2.682ms
[142.429s][info][gc,heap        ] GC(135) PSYoungGen: 293376K(312832K)->291766K(312832K) Eden: 293376K(293376K)->291766K(293376K) From: 0K(19456K)->0K(19456K)
[142.429s][info][gc,heap        ] GC(135) ParOldGen: 667548K(667648K)->667548K(667648K)
[142.429s][info][gc,metaspace   ] GC(135) Metaspace: 8510K(8640K)->8510K(8640K) NonClass: 7502K(7552K)->7502K(7552K) Class: 1008K(1088K)->1008K(1088K)
[142.429s][info][gc             ] GC(135) Pause Full (Allocation Failure) 938M->936M(957M) 1432.417ms
[142.429s][info][gc,cpu         ] GC(135) User=2.84s Sys=0.00s Real=1.43s
[142.430s][info][gc,start       ] GC(136) Pause Full (Allocation Failure)
[142.430s][info][gc,phases,start] GC(136) Marking Phase
[143.248s][info][gc,phases      ] GC(136) Marking Phase 818.024ms
[143.248s][info][gc,phases,start] GC(136) Summary Phase
[143.248s][info][gc,phases      ] GC(136) Summary Phase 0.025ms
[143.248s][info][gc,phases,start] GC(136) Forward
[143.309s][info][gc,phases      ] GC(136) Forward 60.996ms
[143.309s][info][gc,phases,start] GC(136) Adjust Pointers
[143.666s][info][gc,phases      ] GC(136) Adjust Pointers 357.149ms
[143.666s][info][gc,phases,start] GC(136) Compaction Phase
[143.865s][info][gc,phases      ] GC(136) Compaction Phase 198.475ms
[143.865s][info][gc,phases,start] GC(136) Post Compact
[143.867s][info][gc,phases      ] GC(136) Post Compact 2.632ms
[143.868s][info][gc,heap        ] GC(136) PSYoungGen: 293375K(312832K)->291734K(312832K) Eden: 293375K(293376K)->291734K(293376K) From: 0K(19456K)->0K(19456K)
[143.868s][info][gc,heap        ] GC(136) ParOldGen: 667548K(667648K)->667548K(667648K)
[143.868s][info][gc,metaspace   ] GC(136) Metaspace: 8510K(8640K)->8510K(8640K) NonClass: 7502K(7552K)->7502K(7552K) Class: 1008K(1088K)->1008K(1088K)
[143.868s][info][gc             ] GC(136) Pause Full (Allocation Failure) 938M->936M(957M) 1437.641ms
[143.868s][info][gc,cpu         ] GC(136) User=2.85s Sys=0.00s Real=1.44s
[143.868s][info][gc,start       ] GC(137) Pause Full (Allocation Failure)
[143.868s][info][gc,phases,start] GC(137) Marking Phase
[144.688s][info][gc,phases      ] GC(137) Marking Phase 819.913ms
[144.688s][info][gc,phases,start] GC(137) Summary Phase
[144.688s][info][gc,phases      ] GC(137) Summary Phase 0.025ms
[144.688s][info][gc,phases,start] GC(137) Forward
[144.748s][info][gc,phases      ] GC(137) Forward 59.815ms
[144.748s][info][gc,phases,start] GC(137) Adjust Pointers
[145.098s][info][gc,phases      ] GC(137) Adjust Pointers 350.154ms
[145.098s][info][gc,phases,start] GC(137) Compaction Phase
[145.297s][info][gc,phases      ] GC(137) Compaction Phase 198.868ms
[145.297s][info][gc,phases,start] GC(137) Post Compact
[145.300s][info][gc,phases      ] GC(137) Post Compact 2.606ms
[145.300s][info][gc,heap        ] GC(137) PSYoungGen: 293376K(312832K)->291701K(312832K) Eden: 293376K(293376K)->291701K(293376K) From: 0K(19456K)->0K(19456K)
[145.300s][info][gc,heap        ] GC(137) ParOldGen: 667548K(667648K)->667548K(667648K)
[145.300s][info][gc,metaspace   ] GC(137) Metaspace: 8510K(8640K)->8510K(8640K) NonClass: 7502K(7552K)->7502K(7552K) Class: 1008K(1088K)->1008K(1088K)
[145.300s][info][gc             ] GC(137) Pause Full (Allocation Failure) 938M->936M(957M) 1431.749ms
[145.300s][info][gc,cpu         ] GC(137) User=2.84s Sys=0.00s Real=1.43s
[145.301s][info][gc,start       ] GC(138) Pause Full (Allocation Failure)
[145.301s][info][gc,phases,start] GC(138) Marking Phase
[146.118s][info][gc,phases      ] GC(138) Marking Phase 817.478ms
[146.118s][info][gc,phases,start] GC(138) Summary Phase
[146.118s][info][gc,phases      ] GC(138) Summary Phase 0.024ms
[146.118s][info][gc,phases,start] GC(138) Forward
[146.179s][info][gc,phases      ] GC(138) Forward 60.199ms
[146.179s][info][gc,phases,start] GC(138) Adjust Pointers
[146.529s][info][gc,phases      ] GC(138) Adjust Pointers 350.353ms
[146.529s][info][gc,phases,start] GC(138) Compaction Phase
[146.728s][info][gc,phases      ] GC(138) Compaction Phase 198.946ms
[146.728s][info][gc,phases,start] GC(138) Post Compact
[146.731s][info][gc,phases      ] GC(138) Post Compact 2.636ms
[146.731s][info][gc,heap        ] GC(138) PSYoungGen: 293376K(312832K)->291668K(312832K) Eden: 293376K(293376K)->291668K(293376K) From: 0K(19456K)->0K(19456K)
[146.731s][info][gc,heap        ] GC(138) ParOldGen: 667548K(667648K)->667548K(667648K)
[146.731s][info][gc,metaspace   ] GC(138) Metaspace: 8510K(8640K)->8510K(8640K) NonClass: 7502K(7552K)->7502K(7552K) Class: 1008K(1088K)->1008K(1088K)
[146.731s][info][gc             ] GC(138) Pause Full (Allocation Failure) 938M->936M(957M) 1429.973ms
[146.731s][info][gc,cpu         ] GC(138) User=2.84s Sys=0.00s Real=1.43s
[146.731s][info][gc,start       ] GC(139) Pause Full (Allocation Failure)
[146.731s][info][gc,phases,start] GC(139) Marking Phase
[147.545s][info][gc,phases      ] GC(139) Marking Phase 813.716ms
[147.545s][info][gc,phases,start] GC(139) Summary Phase
[147.545s][info][gc,phases      ] GC(139) Summary Phase 0.029ms
[147.545s][info][gc,phases,start] GC(139) Forward
[147.761s][info][gc,phases      ] GC(139) Forward 215.980ms
[147.761s][info][gc,phases,start] GC(139) Adjust Pointers
[148.191s][info][gc,phases      ] GC(139) Adjust Pointers 430.070ms
[148.191s][info][gc,phases,start] GC(139) Compaction Phase
[148.450s][info][gc,phases      ] GC(139) Compaction Phase 258.985ms
[148.450s][info][gc,phases,start] GC(139) Post Compact
[148.453s][info][gc,phases      ] GC(139) Post Compact 2.627ms
[148.453s][info][gc,heap        ] GC(139) PSYoungGen: 293376K(312832K)->291583K(312832K) Eden: 293376K(293376K)->291583K(293376K) From: 0K(19456K)->0K(19456K)
[148.453s][info][gc,heap        ] GC(139) ParOldGen: 667548K(667648K)->667540K(667648K)
[148.453s][info][gc,metaspace   ] GC(139) Metaspace: 8510K(8640K)->8510K(8640K) NonClass: 7502K(7552K)->7502K(7552K) Class: 1008K(1088K)->1008K(1088K)
[148.453s][info][gc             ] GC(139) Pause Full (Allocation Failure) 938M->936M(957M) 1721.788ms
[148.453s][info][gc,cpu         ] GC(139) User=3.42s Sys=0.00s Real=1.72s
[148.465s][info][gc,start       ] GC(140) Pause Full (Allocation Failure)
[148.465s][info][gc,phases,start] GC(140) Marking Phase
[149.279s][info][gc,phases      ] GC(140) Marking Phase 813.772ms
[149.279s][info][gc,phases,start] GC(140) Summary Phase
[149.279s][info][gc,phases      ] GC(140) Summary Phase 0.027ms
[149.279s][info][gc,phases,start] GC(140) Forward
[149.507s][info][gc,phases      ] GC(140) Forward 228.386ms
[149.507s][info][gc,phases,start] GC(140) Adjust Pointers
[149.943s][info][gc,phases      ] GC(140) Adjust Pointers 435.384ms
[149.943s][info][gc,phases,start] GC(140) Compaction Phase
[150.215s][info][gc,phases      ] GC(140) Compaction Phase 271.957ms
[150.215s][info][gc,phases,start] GC(140) Post Compact
[150.218s][info][metaspace      ] ChkMgr @0x00007f946c03ef30 (non-class-space): : reclaiming memory...
[150.218s][info][metaspace      ] ChkMgr @0x00007f946c03ef30 (non-class-space): nothing reclaimed.
[150.218s][info][metaspace      ] ChkMgr @0x00007f946c03ed40 (class-space): : reclaiming memory...
[150.218s][info][metaspace      ] ChkMgr @0x00007f946c03ed40 (class-space): nothing reclaimed.
[150.218s][info][gc,phases      ] GC(140) Post Compact 2.687ms
[150.218s][info][gc,heap        ] GC(140) PSYoungGen: 293376K(312832K)->291049K(312832K) Eden: 293376K(293376K)->291049K(293376K) From: 0K(19456K)->0K(19456K)
[150.218s][info][gc,heap        ] GC(140) ParOldGen: 667540K(667648K)->667505K(667648K)
[150.218s][info][gc,metaspace   ] GC(140) Metaspace: 8582K(8704K)->8576K(8704K) NonClass: 7558K(7616K)->7552K(7616K) Class: 1024K(1088K)->1024K(1088K)
[150.218s][info][gc             ] GC(140) Pause Full (Allocation Failure) 938M->936M(957M) 1752.625ms
[150.218s][info][gc,cpu         ] GC(140) User=3.46s Sys=0.00s Real=1.75s
[150.219s][info][gc,start       ] GC(141) Pause Full (Allocation Failure)
[150.219s][info][gc,phases,start] GC(141) Marking Phase
[151.025s][info][gc,phases      ] GC(141) Marking Phase 806.067ms
[151.025s][info][gc,phases,start] GC(141) Summary Phase
[151.025s][info][gc,phases      ] GC(141) Summary Phase 0.028ms
[151.025s][info][gc,phases,start] GC(141) Forward
[151.242s][info][gc,phases      ] GC(141) Forward 216.620ms
[151.242s][info][gc,phases,start] GC(141) Adjust Pointers
[151.672s][info][gc,phases      ] GC(141) Adjust Pointers 429.651ms
[151.672s][info][gc,phases,start] GC(141) Compaction Phase
[151.927s][info][gc,phases      ] GC(141) Compaction Phase 255.510ms
[151.927s][info][gc,phases,start] GC(141) Post Compact
[151.930s][info][gc,phases      ] GC(141) Post Compact 2.686ms
[151.930s][info][gc,heap        ] GC(141) PSYoungGen: 293376K(312832K)->291048K(312832K) Eden: 293376K(293376K)->291048K(293376K) From: 0K(19456K)->0K(19456K)
[151.930s][info][gc,heap        ] GC(141) ParOldGen: 667505K(667648K)->667505K(667648K)
[151.930s][info][gc,metaspace   ] GC(141) Metaspace: 8583K(8704K)->8583K(8704K) NonClass: 7558K(7616K)->7558K(7616K) Class: 1025K(1088K)->1025K(1088K)
[151.930s][info][gc             ] GC(141) Pause Full (Allocation Failure) 938M->936M(957M) 1710.944ms
[151.930s][info][gc,cpu         ] GC(141) User=3.40s Sys=0.00s Real=1.71s
[151.930s][info][gc,heap,exit   ] Heap
[151.930s][info][gc,heap,exit   ]  PSYoungGen      total 312832K, used 291048K [0x00000000eba00000, 0x0000000100000000, 0x0000000100000000)
[151.930s][info][gc,heap,exit   ]   eden space 293376K, 99% used [0x00000000eba00000,0x00000000fd63a200,0x00000000fd880000)
[151.930s][info][gc,heap,exit   ]   from space 19456K, 0% used [0x00000000fec80000,0x00000000fec80000,0x00000000fff80000)
[151.930s][info][gc,heap,exit   ]   to   space 19456K, 0% used [0x00000000fd880000,0x00000000fd880000,0x00000000feb80000)
[151.930s][info][gc,heap,exit   ]  ParOldGen       total 667648K, used 667505K [0x00000000c2e00000, 0x00000000eba00000, 0x00000000eba00000)
[151.930s][info][gc,heap,exit   ]   object space 667648K, 99% used [0x00000000c2e00000,0x00000000eb9dc598,0x00000000eba00000)
[151.930s][info][gc,heap,exit   ]  Metaspace       used 8583K, committed 8704K, reserved 1114112K
[151.930s][info][gc,heap,exit   ]   class space    used 1025K, committed 1088K, reserved 1048576K
