[0.002s][info][metaspace]  - commit_granule_bytes: 65536.
[0.002s][info][metaspace]  - commit_granule_words: 8192.
[0.002s][info][metaspace]  - virtual_space_node_default_size: 8388608.
[0.002s][info][metaspace]  - enlarge_chunks_in_place: 1.
[0.005s][info][gc,init  ] CardTable entry size: 512
[0.005s][info][gc       ] Using Parallel
[0.005s][info][gc,init  ] Version: 24-internal-adhoc.root.jdk (release)
[0.005s][info][gc,init  ] CPUs: 2 total, 2 available
[0.005s][info][gc,init  ] Memory: 3908M
[0.005s][info][gc,init  ] Large Page Support: Disabled
[0.005s][info][gc,init  ] NUMA Support: Disabled
[0.005s][info][gc,init  ] Compressed Oops: Enabled (32-bit)
[0.005s][info][gc,init  ] Alignments: Space 512K, Generation 512K, Heap 2M
[0.005s][info][gc,init  ] Heap Min Capacity: 256M
[0.005s][info][gc,init  ] Heap Initial Capacity: 256M
[0.005s][info][gc,init  ] Heap Max Capacity: 978M
[0.005s][info][gc,init  ] Pre-touch: Disabled
[0.005s][info][gc,init  ] Parallel Workers: 2
[0.019s][info][gc,metaspace] CDS archive(s) mapped at: [0x00007ff2d1000000-0x00007ff2d1e7b000-0x00007ff2d1e7b000), size 15183872, SharedBaseAddress: 0x00007ff2d1000000, ArchiveRelocationMode: 1.
[0.019s][info][gc,metaspace] Compressed class space mapped at: 0x00007ff2d2000000-0x00007ff312000000, reserved size: 1073741824
[0.019s][info][gc,metaspace] UseCompressedClassPointers 1, UseCompactObjectHeaders 1
[0.019s][info][gc,metaspace] Narrow klass pointer bits 22, Max shift 10
[0.019s][info][gc,metaspace] Narrow klass base: 0x00007ff2d1000000, Narrow klass shift: 10
[0.019s][info][gc,metaspace] Encoding Range: [0x00007ff2d1000000 - 0x00007ff3d1000000), (4294967296 bytes)
[0.019s][info][gc,metaspace] Klass Range:    [0x00007ff2d1000000 - 0x00007ff312000000), (1090519040 bytes)
[0.019s][info][gc,metaspace] Klass ID Range:  [1 - 1064960) (1064959)
[0.765s][info][gc,start    ] GC(0) Pause Young (Allocation Failure)
[0.786s][info][gc,heap     ] GC(0) PSYoungGen: 65536K(76288K)->5072K(76288K) Eden: 65536K(65536K)->0K(65536K) From: 0K(10752K)->5072K(10752K)
[0.786s][info][gc,heap     ] GC(0) ParOldGen: 1088K(175104K)->20627K(175104K)
[0.786s][info][gc,metaspace] GC(0) Metaspace: 8235K(8384K)->8235K(8384K) NonClass: 7231K(7296K)->7231K(7296K) Class: 1003K(1088K)->1003K(1088K)
[0.786s][info][gc          ] GC(0) Pause Young (Allocation Failure) 65M->25M(245M) 20.624ms
[0.786s][info][gc,cpu      ] GC(0) User=0.02s Sys=0.02s Real=0.02s
[1.140s][info][gc,start    ] GC(1) Pause Young (Allocation Failure)
[1.157s][info][gc,heap     ] GC(1) PSYoungGen: 70608K(76288K)->10132K(141824K) Eden: 65536K(65536K)->0K(131072K) From: 5072K(10752K)->10132K(10752K)
[1.157s][info][gc,heap     ] GC(1) ParOldGen: 20627K(175104K)->20635K(175104K)
[1.157s][info][gc,metaspace] GC(1) Metaspace: 8359K(8512K)->8359K(8512K) NonClass: 7351K(7424K)->7351K(7424K) Class: 1008K(1088K)->1008K(1088K)
[1.157s][info][gc          ] GC(1) Pause Young (Allocation Failure) 89M->30M(309M) 16.980ms
[1.157s][info][gc,cpu      ] GC(1) User=0.02s Sys=0.01s Real=0.02s
[1.602s][info][gc,start    ] GC(2) Pause Young (Allocation Failure)
[1.634s][info][gc,heap     ] GC(2) PSYoungGen: 141204K(141824K)->10740K(141824K) Eden: 131072K(131072K)->0K(131072K) From: 10132K(10752K)->10740K(10752K)
[1.634s][info][gc,heap     ] GC(2) ParOldGen: 20635K(175104K)->27523K(175104K)
[1.634s][info][gc,metaspace] GC(2) Metaspace: 8382K(8576K)->8382K(8576K) NonClass: 7374K(7488K)->7374K(7488K) Class: 1008K(1088K)->1008K(1088K)
[1.634s][info][gc          ] GC(2) Pause Young (Allocation Failure) 158M->37M(309M) 31.909ms
[1.634s][info][gc,cpu      ] GC(2) User=0.05s Sys=0.02s Real=0.03s
[1.877s][info][gc,start    ] GC(3) Pause Young (Allocation Failure)
[1.914s][info][gc,heap     ] GC(3) PSYoungGen: 141812K(141824K)->10736K(272896K) Eden: 131072K(131072K)->0K(262144K) From: 10740K(10752K)->10736K(10752K)
[1.914s][info][gc,heap     ] GC(3) ParOldGen: 27523K(175104K)->35996K(175104K)
[1.914s][info][gc,metaspace] GC(3) Metaspace: 8412K(8576K)->8412K(8576K) NonClass: 7404K(7488K)->7404K(7488K) Class: 1008K(1088K)->1008K(1088K)
[1.914s][info][gc          ] GC(3) Pause Young (Allocation Failure) 165M->45M(437M) 36.846ms
[1.914s][info][gc,cpu      ] GC(3) User=0.06s Sys=0.01s Real=0.03s
[2.332s][info][gc,start    ] GC(4) Pause Young (Allocation Failure)
[2.390s][info][gc,heap     ] GC(4) PSYoungGen: 272880K(272896K)->10740K(272896K) Eden: 262144K(262144K)->0K(262144K) From: 10736K(10752K)->10740K(10752K)
[2.390s][info][gc,heap     ] GC(4) ParOldGen: 35996K(175104K)->53364K(175104K)
[2.390s][info][gc,metaspace] GC(4) Metaspace: 8420K(8576K)->8420K(8576K) NonClass: 7412K(7488K)->7412K(7488K) Class: 1008K(1088K)->1008K(1088K)
[2.390s][info][gc          ] GC(4) Pause Young (Allocation Failure) 301M->62M(437M) 58.283ms
[2.390s][info][gc,cpu      ] GC(4) User=0.10s Sys=0.02s Real=0.06s
[2.670s][info][gc,start    ] GC(5) Pause Young (Allocation Failure)
[2.799s][info][gc,heap     ] GC(5) PSYoungGen: 272884K(272896K)->28148K(292864K) Eden: 262144K(262144K)->0K(260096K) From: 10740K(10752K)->28148K(32768K)
[2.799s][info][gc,heap     ] GC(5) ParOldGen: 53364K(175104K)->53364K(175104K)
[2.799s][info][gc,metaspace] GC(5) Metaspace: 8422K(8576K)->8422K(8576K) NonClass: 7414K(7488K)->7414K(7488K) Class: 1008K(1088K)->1008K(1088K)
[2.799s][info][gc          ] GC(5) Pause Young (Allocation Failure) 318M->79M(457M) 129.839ms
[2.799s][info][gc,cpu      ] GC(5) User=0.18s Sys=0.03s Real=0.13s
[3.080s][info][gc,start    ] GC(6) Pause Young (Allocation Failure)
[3.174s][info][gc,heap     ] GC(6) PSYoungGen: 288244K(292864K)->36864K(296960K) Eden: 260096K(260096K)->0K(260096K) From: 28148K(32768K)->36864K(36864K)
[3.175s][info][gc,heap     ] GC(6) ParOldGen: 53364K(175104K)->59505K(175104K)
[3.175s][info][gc,metaspace] GC(6) Metaspace: 8446K(8640K)->8446K(8640K) NonClass: 7438K(7552K)->7438K(7552K) Class: 1008K(1088K)->1008K(1088K)
[3.175s][info][gc          ] GC(6) Pause Young (Allocation Failure) 333M->94M(461M) 94.462ms
[3.175s][info][gc,cpu      ] GC(6) User=0.17s Sys=0.02s Real=0.10s
[3.452s][info][gc,start    ] GC(7) Pause Young (Allocation Failure)
[3.543s][info][gc,heap     ] GC(7) PSYoungGen: 296960K(296960K)->36864K(253952K) Eden: 260096K(260096K)->0K(217088K) From: 36864K(36864K)->36864K(36864K)
[3.543s][info][gc,heap     ] GC(7) ParOldGen: 59505K(175104K)->76865K(175104K)
[3.543s][info][gc,metaspace] GC(7) Metaspace: 8477K(8640K)->8477K(8640K) NonClass: 7468K(7552K)->7468K(7552K) Class: 1008K(1088K)->1008K(1088K)
[3.543s][info][gc          ] GC(7) Pause Young (Allocation Failure) 348M->111M(419M) 91.396ms
[3.543s][info][gc,cpu      ] GC(7) User=0.17s Sys=0.01s Real=0.09s
[3.841s][info][gc,start    ] GC(8) Pause Young (Allocation Failure)
[3.937s][info][gc,heap     ] GC(8) PSYoungGen: 253952K(253952K)->35936K(253440K) Eden: 217088K(217088K)->0K(217088K) From: 36864K(36864K)->35936K(36352K)
[3.938s][info][gc,heap     ] GC(8) ParOldGen: 76865K(175104K)->90025K(175104K)
[3.938s][info][gc,metaspace] GC(8) Metaspace: 8479K(8640K)->8479K(8640K) NonClass: 7471K(7552K)->7471K(7552K) Class: 1008K(1088K)->1008K(1088K)
[3.938s][info][gc          ] GC(8) Pause Young (Allocation Failure) 323M->123M(418M) 96.959ms
[3.938s][info][gc,cpu      ] GC(8) User=0.19s Sys=0.01s Real=0.10s
[4.145s][info][gc,start    ] GC(9) Pause Young (Allocation Failure)
[4.222s][info][gc,heap     ] GC(9) PSYoungGen: 253024K(253440K)->25952K(278016K) Eden: 217088K(217088K)->0K(219136K) From: 35936K(36352K)->25952K(58880K)
[4.222s][info][gc,heap     ] GC(9) ParOldGen: 90025K(175104K)->113105K(175104K)
[4.222s][info][gc,metaspace] GC(9) Metaspace: 8493K(8640K)->8493K(8640K) NonClass: 7485K(7552K)->7485K(7552K) Class: 1008K(1088K)->1008K(1088K)
[4.223s][info][gc          ] GC(9) Pause Young (Allocation Failure) 335M->135M(442M) 77.403ms
[4.223s][info][gc,cpu      ] GC(9) User=0.14s Sys=0.02s Real=0.07s
[4.432s][info][gc,start    ] GC(10) Pause Young (Allocation Failure)
[4.493s][info][gc,heap     ] GC(10) PSYoungGen: 245088K(278016K)->14304K(233472K) Eden: 219136K(219136K)->0K(219136K) From: 25952K(58880K)->14304K(14336K)
[4.493s][info][gc,heap     ] GC(10) ParOldGen: 113105K(175104K)->138449K(175104K)
[4.493s][info][gc,metaspace] GC(10) Metaspace: 8497K(8640K)->8497K(8640K) NonClass: 7489K(7552K)->7489K(7552K) Class: 1008K(1088K)->1008K(1088K)
[4.493s][info][gc          ] GC(10) Pause Young (Allocation Failure) 349M->149M(399M) 60.227ms
[4.493s][info][gc,cpu      ] GC(10) User=0.10s Sys=0.01s Real=0.06s
[4.694s][info][gc,start    ] GC(11) Pause Young (Allocation Failure)
[4.734s][info][gc,heap     ] GC(11) PSYoungGen: 233440K(233472K)->12576K(274432K) Eden: 219136K(219136K)->0K(219648K) From: 14304K(14336K)->12576K(54784K)
[4.734s][info][gc,heap     ] GC(11) ParOldGen: 138449K(175104K)->151905K(175104K)
[4.734s][info][gc,metaspace] GC(11) Metaspace: 8503K(8640K)->8503K(8640K) NonClass: 7495K(7552K)->7495K(7552K) Class: 1008K(1088K)->1008K(1088K)
[4.734s][info][gc          ] GC(11) Pause Young (Allocation Failure) 363M->160M(439M) 39.698ms
[4.734s][info][gc,cpu      ] GC(11) User=0.07s Sys=0.00s Real=0.04s
[4.945s][info][gc,start    ] GC(12) Pause Young (Allocation Failure)
[4.984s][info][gc,heap     ] GC(12) PSYoungGen: 232224K(274432K)->13344K(273920K) Eden: 219648K(219648K)->0K(219648K) From: 12576K(54784K)->13344K(54272K)
[4.984s][info][gc,heap     ] GC(12) ParOldGen: 151905K(175104K)->164425K(175104K)
[4.984s][info][gc,metaspace] GC(12) Metaspace: 8503K(8640K)->8503K(8640K) NonClass: 7495K(7552K)->7495K(7552K) Class: 1008K(1088K)->1008K(1088K)
[4.984s][info][gc          ] GC(12) Pause Young (Allocation Failure) 375M->173M(438M) 39.074ms
[4.984s][info][gc,cpu      ] GC(12) User=0.07s Sys=0.00s Real=0.03s
[5.186s][info][gc,start    ] GC(13) Pause Young (Allocation Failure)
[5.228s][info][gc,heap     ] GC(13) PSYoungGen: 232992K(273920K)->13728K(278528K) Eden: 219648K(219648K)->0K(225792K) From: 13344K(54272K)->13728K(52736K)
[5.228s][info][gc,heap     ] GC(13) ParOldGen: 164425K(175104K)->177705K(178176K)
[5.228s][info][gc,metaspace] GC(13) Metaspace: 8505K(8640K)->8505K(8640K) NonClass: 7496K(7552K)->7496K(7552K) Class: 1008K(1088K)->1008K(1088K)
[5.228s][info][gc          ] GC(13) Pause Young (Allocation Failure) 388M->186M(446M) 41.717ms
[5.228s][info][gc,cpu      ] GC(13) User=0.07s Sys=0.01s Real=0.04s
[5.434s][info][gc,start    ] GC(14) Pause Young (Allocation Failure)
[5.476s][info][gc,heap     ] GC(14) PSYoungGen: 239520K(278528K)->13728K(277504K) Eden: 225792K(225792K)->0K(225792K) From: 13728K(52736K)->13728K(51712K)
[5.476s][info][gc,heap     ] GC(14) ParOldGen: 177705K(178176K)->190577K(190976K)
[5.476s][info][gc,metaspace] GC(14) Metaspace: 8507K(8640K)->8507K(8640K) NonClass: 7499K(7552K)->7499K(7552K) Class: 1008K(1088K)->1008K(1088K)
[5.476s][info][gc          ] GC(14) Pause Young (Allocation Failure) 407M->199M(457M) 41.277ms
[5.476s][info][gc,cpu      ] GC(14) User=0.08s Sys=0.00s Real=0.04s
[5.679s][info][gc,start    ] GC(15) Pause Young (Allocation Failure)
[5.732s][info][gc,heap     ] GC(15) PSYoungGen: 239520K(277504K)->13248K(280576K) Eden: 225792K(225792K)->0K(230912K) From: 13728K(51712K)->13248K(49664K)
[5.732s][info][gc,heap     ] GC(15) ParOldGen: 190577K(190976K)->203713K(203776K)
[5.732s][info][gc,metaspace] GC(15) Metaspace: 8507K(8640K)->8507K(8640K) NonClass: 7499K(7552K)->7499K(7552K) Class: 1008K(1088K)->1008K(1088K)
[5.732s][info][gc          ] GC(15) Pause Young (Allocation Failure) 420M->211M(473M) 53.213ms
[5.732s][info][gc,cpu      ] GC(15) User=0.10s Sys=0.01s Real=0.05s
[5.934s][info][gc,start    ] GC(16) Pause Young (Allocation Failure)
[5.975s][info][gc,heap     ] GC(16) PSYoungGen: 244160K(280576K)->13568K(279552K) Eden: 230912K(230912K)->0K(230912K) From: 13248K(49664K)->13568K(48640K)
[5.975s][info][gc,heap     ] GC(16) ParOldGen: 203713K(203776K)->216849K(217088K)
[5.975s][info][gc,metaspace] GC(16) Metaspace: 8507K(8640K)->8507K(8640K) NonClass: 7499K(7552K)->7499K(7552K) Class: 1008K(1088K)->1008K(1088K)
[5.975s][info][gc          ] GC(16) Pause Young (Allocation Failure) 437M->225M(485M) 40.919ms
[5.975s][info][gc,cpu      ] GC(16) User=0.07s Sys=0.01s Real=0.05s
[6.185s][info][gc,start    ] GC(17) Pause Young (Allocation Failure)
[6.228s][info][gc,heap     ] GC(17) PSYoungGen: 244480K(279552K)->14656K(283136K) Eden: 230912K(230912K)->0K(237568K) From: 13568K(48640K)->14656K(45568K)
[6.229s][info][gc,heap     ] GC(17) ParOldGen: 216849K(217088K)->229769K(229888K)
[6.229s][info][gc,metaspace] GC(17) Metaspace: 8507K(8640K)->8507K(8640K) NonClass: 7499K(7552K)->7499K(7552K) Class: 1008K(1088K)->1008K(1088K)
[6.229s][info][gc          ] GC(17) Pause Young (Allocation Failure) 450M->238M(501M) 43.142ms
[6.229s][info][gc,cpu      ] GC(17) User=0.08s Sys=0.01s Real=0.04s
[6.439s][info][gc,start    ] GC(18) Pause Young (Allocation Failure)
[6.481s][info][gc,heap     ] GC(18) PSYoungGen: 252224K(283136K)->12992K(282624K) Eden: 237568K(237568K)->0K(237568K) From: 14656K(45568K)->12992K(45056K)
[6.481s][info][gc,heap     ] GC(18) ParOldGen: 229769K(229888K)->243481K(243712K)
[6.481s][info][gc,metaspace] GC(18) Metaspace: 8507K(8640K)->8507K(8640K) NonClass: 7499K(7552K)->7499K(7552K) Class: 1008K(1088K)->1008K(1088K)
[6.481s][info][gc          ] GC(18) Pause Young (Allocation Failure) 470M->250M(514M) 41.452ms
[6.481s][info][gc,cpu      ] GC(18) User=0.07s Sys=0.01s Real=0.04s
[6.698s][info][gc,start    ] GC(19) Pause Young (Allocation Failure)
[6.741s][info][gc,heap     ] GC(19) PSYoungGen: 250560K(282624K)->14624K(287232K) Eden: 237568K(237568K)->0K(244736K) From: 12992K(45056K)->14624K(42496K)
[6.741s][info][gc,heap     ] GC(19) ParOldGen: 243481K(243712K)->256377K(256512K)
[6.741s][info][gc,metaspace] GC(19) Metaspace: 8507K(8640K)->8507K(8640K) NonClass: 7499K(7552K)->7499K(7552K) Class: 1008K(1088K)->1008K(1088K)
[6.741s][info][gc          ] GC(19) Pause Young (Allocation Failure) 482M->264M(531M) 43.207ms
[6.741s][info][gc,cpu      ] GC(19) User=0.07s Sys=0.01s Real=0.04s
[6.956s][info][gc,start    ] GC(20) Pause Young (Allocation Failure)
[6.999s][info][gc,heap     ] GC(20) PSYoungGen: 259360K(287232K)->14176K(286720K) Eden: 244736K(244736K)->0K(244736K) From: 14624K(42496K)->14176K(41984K)
[6.999s][info][gc,heap     ] GC(20) ParOldGen: 256377K(256512K)->270201K(270336K)
[6.999s][info][gc,metaspace] GC(20) Metaspace: 8507K(8640K)->8507K(8640K) NonClass: 7499K(7552K)->7499K(7552K) Class: 1008K(1088K)->1008K(1088K)
[6.999s][info][gc          ] GC(20) Pause Young (Allocation Failure) 503M->277M(544M) 43.781ms
[6.999s][info][gc,cpu      ] GC(20) User=0.08s Sys=0.01s Real=0.04s
[7.216s][info][gc,start    ] GC(21) Pause Young (Allocation Failure)
[7.259s][info][gc,heap     ] GC(21) PSYoungGen: 258912K(286720K)->14112K(290304K) Eden: 244736K(244736K)->0K(250880K) From: 14176K(41984K)->14112K(39424K)
[7.259s][info][gc,heap     ] GC(21) ParOldGen: 270201K(270336K)->283777K(284160K)
[7.259s][info][gc,metaspace] GC(21) Metaspace: 8507K(8640K)->8507K(8640K) NonClass: 7499K(7552K)->7499K(7552K) Class: 1008K(1088K)->1008K(1088K)
[7.259s][info][gc          ] GC(21) Pause Young (Allocation Failure) 516M->290M(561M) 43.155ms
[7.259s][info][gc,cpu      ] GC(21) User=0.09s Sys=0.00s Real=0.04s
[7.479s][info][gc,start    ] GC(22) Pause Young (Allocation Failure)
[7.522s][info][gc,heap     ] GC(22) PSYoungGen: 264992K(290304K)->14400K(289280K) Eden: 250880K(250880K)->0K(250880K) From: 14112K(39424K)->14400K(38400K)
[7.522s][info][gc,heap     ] GC(22) ParOldGen: 283777K(284160K)->297425K(297472K)
[7.522s][info][gc,metaspace] GC(22) Metaspace: 8507K(8640K)->8507K(8640K) NonClass: 7499K(7552K)->7499K(7552K) Class: 1008K(1088K)->1008K(1088K)
[7.523s][info][gc          ] GC(22) Pause Young (Allocation Failure) 535M->304M(573M) 43.588ms
[7.523s][info][gc,cpu      ] GC(22) User=0.07s Sys=0.02s Real=0.04s
[7.744s][info][gc,start    ] GC(23) Pause Young (Allocation Failure)
[7.799s][info][gc,heap     ] GC(23) PSYoungGen: 265280K(289280K)->13408K(293888K) Eden: 250880K(250880K)->0K(257024K) From: 14400K(38400K)->13408K(36864K)
[7.799s][info][gc,heap     ] GC(23) ParOldGen: 297425K(297472K)->311337K(311808K)
[7.799s][info][gc,metaspace] GC(23) Metaspace: 8507K(8640K)->8507K(8640K) NonClass: 7499K(7552K)->7499K(7552K) Class: 1008K(1088K)->1008K(1088K)
[7.799s][info][gc          ] GC(23) Pause Young (Allocation Failure) 549M->317M(591M) 54.550ms
[7.799s][info][gc,cpu      ] GC(23) User=0.09s Sys=0.00s Real=0.06s
[8.027s][info][gc,start    ] GC(24) Pause Young (Allocation Failure)
[8.072s][info][gc,heap     ] GC(24) PSYoungGen: 270432K(293888K)->15296K(292864K) Eden: 257024K(257024K)->0K(257024K) From: 13408K(36864K)->15296K(35840K)
[8.073s][info][gc,heap     ] GC(24) ParOldGen: 311337K(311808K)->324649K(325120K)
[8.073s][info][gc,metaspace] GC(24) Metaspace: 8507K(8640K)->8507K(8640K) NonClass: 7499K(7552K)->7499K(7552K) Class: 1008K(1088K)->1008K(1088K)
[8.073s][info][gc          ] GC(24) Pause Young (Allocation Failure) 568M->331M(603M) 45.135ms
[8.073s][info][gc,cpu      ] GC(24) User=0.08s Sys=0.00s Real=0.04s
[8.296s][info][gc,start    ] GC(25) Pause Young (Allocation Failure)
[8.341s][info][gc,heap     ] GC(25) PSYoungGen: 272320K(292864K)->14560K(295936K) Eden: 257024K(257024K)->0K(262144K) From: 15296K(35840K)->14560K(33792K)
[8.341s][info][gc,heap     ] GC(25) ParOldGen: 324649K(325120K)->339097K(339456K)
[8.341s][info][gc,metaspace] GC(25) Metaspace: 8507K(8640K)->8507K(8640K) NonClass: 7499K(7552K)->7499K(7552K) Class: 1008K(1088K)->1008K(1088K)
[8.341s][info][gc          ] GC(25) Pause Young (Allocation Failure) 582M->345M(620M) 45.037ms
[8.341s][info][gc,cpu      ] GC(25) User=0.08s Sys=0.01s Real=0.04s
[8.577s][info][gc,start    ] GC(26) Pause Young (Allocation Failure)
[8.639s][info][gc,heap     ] GC(26) PSYoungGen: 276704K(295936K)->15168K(294912K) Eden: 262144K(262144K)->0K(262144K) From: 14560K(33792K)->15168K(32768K)
[8.639s][info][gc,heap     ] GC(26) ParOldGen: 339097K(339456K)->352953K(353280K)
[8.639s][info][gc,metaspace] GC(26) Metaspace: 8507K(8640K)->8507K(8640K) NonClass: 7499K(7552K)->7499K(7552K) Class: 1008K(1088K)->1008K(1088K)
[8.639s][info][gc          ] GC(26) Pause Young (Allocation Failure) 601M->359M(633M) 62.703ms
[8.639s][info][gc,cpu      ] GC(26) User=0.11s Sys=0.01s Real=0.06s
[8.871s][info][gc,start    ] GC(27) Pause Young (Allocation Failure)
[8.917s][info][gc,heap     ] GC(27) PSYoungGen: 277312K(294912K)->14304K(299520K) Eden: 262144K(262144K)->0K(268288K) From: 15168K(32768K)->14304K(31232K)
[8.917s][info][gc,heap     ] GC(27) ParOldGen: 352953K(353280K)->367913K(368128K)
[8.917s][info][gc,metaspace] GC(27) Metaspace: 8507K(8640K)->8507K(8640K) NonClass: 7499K(7552K)->7499K(7552K) Class: 1008K(1088K)->1008K(1088K)
[8.917s][info][gc          ] GC(27) Pause Young (Allocation Failure) 615M->373M(652M) 45.632ms
[8.917s][info][gc,cpu      ] GC(27) User=0.08s Sys=0.01s Real=0.05s
[9.156s][info][gc,start    ] GC(28) Pause Young (Allocation Failure)
[9.203s][info][gc,heap     ] GC(28) PSYoungGen: 282592K(299520K)->15584K(298496K) Eden: 268288K(268288K)->0K(268288K) From: 14304K(31232K)->15584K(30208K)
[9.203s][info][gc,heap     ] GC(28) ParOldGen: 367913K(368128K)->382145K(382464K)
[9.203s][info][gc,metaspace] GC(28) Metaspace: 8508K(8640K)->8508K(8640K) NonClass: 7500K(7552K)->7500K(7552K) Class: 1008K(1088K)->1008K(1088K)
[9.203s][info][gc          ] GC(28) Pause Young (Allocation Failure) 635M->388M(665M) 47.126ms
[9.203s][info][gc,cpu      ] GC(28) User=0.09s Sys=0.01s Real=0.04s
[9.436s][info][gc,start    ] GC(29) Pause Young (Allocation Failure)
[9.485s][info][gc,heap     ] GC(29) PSYoungGen: 283872K(298496K)->15904K(302080K) Eden: 268288K(268288K)->0K(273408K) From: 15584K(30208K)->15904K(28672K)
[9.485s][info][gc,heap     ] GC(29) ParOldGen: 382145K(382464K)->397433K(397824K)
[9.485s][info][gc,metaspace] GC(29) Metaspace: 8508K(8640K)->8508K(8640K) NonClass: 7500K(7552K)->7500K(7552K) Class: 1008K(1088K)->1008K(1088K)
[9.485s][info][gc          ] GC(29) Pause Young (Allocation Failure) 650M->403M(683M) 48.647ms
[9.485s][info][gc,cpu      ] GC(29) User=0.09s Sys=0.01s Real=0.05s
[9.717s][info][gc,start    ] GC(30) Pause Young (Allocation Failure)
[9.763s][info][gc,heap     ] GC(30) PSYoungGen: 289312K(302080K)->14528K(301056K) Eden: 273408K(273408K)->0K(273408K) From: 15904K(28672K)->14528K(27648K)
[9.763s][info][gc,heap     ] GC(30) ParOldGen: 397433K(397824K)->412345K(412672K)
[9.763s][info][gc,metaspace] GC(30) Metaspace: 8508K(8640K)->8508K(8640K) NonClass: 7500K(7552K)->7500K(7552K) Class: 1008K(1088K)->1008K(1088K)
[9.763s][info][gc          ] GC(30) Pause Young (Allocation Failure) 670M->416M(697M) 45.745ms
[9.763s][info][gc,cpu      ] GC(30) User=0.08s Sys=0.01s Real=0.04s
[10.001s][info][gc,start    ] GC(31) Pause Young (Allocation Failure)
[10.048s][info][gc,heap     ] GC(31) PSYoungGen: 287936K(301056K)->15616K(305152K) Eden: 273408K(273408K)->0K(278528K) From: 14528K(27648K)->15616K(26624K)
[10.048s][info][gc,heap     ] GC(31) ParOldGen: 412345K(412672K)->426825K(427008K)
[10.048s][info][gc,metaspace] GC(31) Metaspace: 8508K(8640K)->8508K(8640K) NonClass: 7500K(7552K)->7500K(7552K) Class: 1008K(1088K)->1008K(1088K)
[10.048s][info][gc          ] GC(31) Pause Young (Allocation Failure) 683M->432M(715M) 47.365ms
[10.048s][info][gc,cpu      ] GC(31) User=0.08s Sys=0.01s Real=0.05s
[10.290s][info][gc,start    ] GC(32) Pause Young (Allocation Failure)
[10.339s][info][gc,heap     ] GC(32) PSYoungGen: 294144K(305152K)->16192K(304128K) Eden: 278528K(278528K)->0K(278528K) From: 15616K(26624K)->16192K(25600K)
[10.339s][info][gc,heap     ] GC(32) ParOldGen: 426825K(427008K)->441777K(441856K)
[10.339s][info][gc,metaspace] GC(32) Metaspace: 8508K(8640K)->8508K(8640K) NonClass: 7500K(7552K)->7500K(7552K) Class: 1008K(1088K)->1008K(1088K)
[10.340s][info][gc          ] GC(32) Pause Young (Allocation Failure) 704M->447M(728M) 49.405ms
[10.340s][info][gc,cpu      ] GC(32) User=0.09s Sys=0.00s Real=0.05s
[10.581s][info][gc,start    ] GC(33) Pause Young (Allocation Failure)
[10.629s][info][gc,heap     ] GC(33) PSYoungGen: 294720K(304128K)->15296K(307200K) Eden: 278528K(278528K)->0K(282624K) From: 16192K(25600K)->15296K(24576K)
[10.629s][info][gc,heap     ] GC(33) ParOldGen: 441777K(441856K)->457345K(457728K)
[10.629s][info][gc,metaspace] GC(33) Metaspace: 8508K(8640K)->8508K(8640K) NonClass: 7500K(7552K)->7500K(7552K) Class: 1008K(1088K)->1008K(1088K)
[10.629s][info][gc          ] GC(33) Pause Young (Allocation Failure) 719M->461M(747M) 48.104ms
[10.629s][info][gc,cpu      ] GC(33) User=0.09s Sys=0.01s Real=0.05s
[10.881s][info][gc,start    ] GC(34) Pause Young (Allocation Failure)
[10.931s][info][gc,heap     ] GC(34) PSYoungGen: 297920K(307200K)->16320K(306688K) Eden: 282624K(282624K)->0K(282624K) From: 15296K(24576K)->16320K(24064K)
[10.931s][info][gc,heap     ] GC(34) ParOldGen: 457345K(457728K)->472561K(472576K)
[10.931s][info][gc,metaspace] GC(34) Metaspace: 8508K(8640K)->8508K(8640K) NonClass: 7500K(7552K)->7500K(7552K) Class: 1008K(1088K)->1008K(1088K)
[10.931s][info][gc          ] GC(34) Pause Young (Allocation Failure) 737M->477M(761M) 49.188ms
[10.931s][info][gc,cpu      ] GC(34) User=0.09s Sys=0.01s Real=0.05s
[11.173s][info][gc,start    ] GC(35) Pause Young (Allocation Failure)
[11.222s][info][gc,heap     ] GC(35) PSYoungGen: 298944K(306688K)->15488K(309248K) Eden: 282624K(282624K)->0K(285696K) From: 16320K(24064K)->15488K(23552K)
[11.222s][info][gc,heap     ] GC(35) ParOldGen: 472561K(472576K)->488617K(488960K)
[11.222s][info][gc,metaspace] GC(35) Metaspace: 8508K(8640K)->8508K(8640K) NonClass: 7500K(7552K)->7500K(7552K) Class: 1008K(1088K)->1008K(1088K)
[11.222s][info][gc          ] GC(35) Pause Young (Allocation Failure) 753M->492M(779M) 49.236ms
[11.222s][info][gc,cpu      ] GC(35) User=0.09s Sys=0.00s Real=0.05s
[11.474s][info][gc,start    ] GC(36) Pause Young (Allocation Failure)
[11.522s][info][gc,heap     ] GC(36) PSYoungGen: 301184K(309248K)->15904K(308736K) Eden: 285696K(285696K)->0K(285696K) From: 15488K(23552K)->15904K(23040K)
[11.522s][info][gc,heap     ] GC(36) ParOldGen: 488617K(488960K)->504025K(504320K)
[11.522s][info][gc,metaspace] GC(36) Metaspace: 8508K(8640K)->8508K(8640K) NonClass: 7500K(7552K)->7500K(7552K) Class: 1008K(1088K)->1008K(1088K)
[11.522s][info][gc          ] GC(36) Pause Young (Allocation Failure) 771M->507M(794M) 48.468ms
[11.522s][info][gc,cpu      ] GC(36) User=0.09s Sys=0.01s Real=0.05s
[11.769s][info][gc,start    ] GC(37) Pause Young (Allocation Failure)
[11.820s][info][gc,heap     ] GC(37) PSYoungGen: 301600K(308736K)->16576K(309248K) Eden: 285696K(285696K)->0K(287232K) From: 15904K(23040K)->16576K(22016K)
[11.820s][info][gc,heap     ] GC(37) ParOldGen: 504025K(504320K)->519809K(520192K)
[11.820s][info][gc,metaspace] GC(37) Metaspace: 8508K(8640K)->8508K(8640K) NonClass: 7500K(7552K)->7500K(7552K) Class: 1008K(1088K)->1008K(1088K)
[11.820s][info][gc          ] GC(37) Pause Young (Allocation Failure) 786M->523M(810M) 51.180ms
[11.820s][info][gc,cpu      ] GC(37) User=0.09s Sys=0.02s Real=0.05s
[12.063s][info][gc,start    ] GC(38) Pause Young (Allocation Failure)
[12.114s][info][gc,heap     ] GC(38) PSYoungGen: 303808K(309248K)->16128K(309248K) Eden: 287232K(287232K)->0K(287232K) From: 16576K(22016K)->16128K(22016K)
[12.114s][info][gc,heap     ] GC(38) ParOldGen: 519809K(520192K)->535489K(535552K)
[12.114s][info][gc,metaspace] GC(38) Metaspace: 8508K(8640K)->8508K(8640K) NonClass: 7500K(7552K)->7500K(7552K) Class: 1008K(1088K)->1008K(1088K)
[12.114s][info][gc          ] GC(38) Pause Young (Allocation Failure) 804M->538M(825M) 50.296ms
[12.114s][info][gc,cpu      ] GC(38) User=0.09s Sys=0.00s Real=0.05s
[12.363s][info][gc,start    ] GC(39) Pause Young (Allocation Failure)
[12.412s][info][gc,heap     ] GC(39) PSYoungGen: 303360K(309248K)->16032K(311296K) Eden: 287232K(287232K)->0K(290304K) From: 16128K(22016K)->16032K(20992K)
[12.412s][info][gc,heap     ] GC(39) ParOldGen: 535489K(535552K)->551033K(551424K)
[12.412s][info][gc,metaspace] GC(39) Metaspace: 8508K(8640K)->8508K(8640K) NonClass: 7500K(7552K)->7500K(7552K) Class: 1008K(1088K)->1008K(1088K)
[12.412s][info][gc          ] GC(39) Pause Young (Allocation Failure) 819M->553M(842M) 49.633ms
[12.412s][info][gc,cpu      ] GC(39) User=0.08s Sys=0.02s Real=0.05s
[12.665s][info][gc,start    ] GC(40) Pause Young (Allocation Failure)
[12.716s][info][gc,heap     ] GC(40) PSYoungGen: 306336K(311296K)->16640K(311296K) Eden: 290304K(290304K)->0K(290304K) From: 16032K(20992K)->16640K(20992K)
[12.716s][info][gc,heap     ] GC(40) ParOldGen: 551033K(551424K)->566537K(566784K)
[12.716s][info][gc,metaspace] GC(40) Metaspace: 8508K(8640K)->8508K(8640K) NonClass: 7500K(7552K)->7500K(7552K) Class: 1008K(1088K)->1008K(1088K)
[12.716s][info][gc          ] GC(40) Pause Young (Allocation Failure) 837M->569M(857M) 51.261ms
[12.716s][info][gc,cpu      ] GC(40) User=0.09s Sys=0.01s Real=0.05s
[12.967s][info][gc,start    ] GC(41) Pause Young (Allocation Failure)
[13.016s][info][gc,heap     ] GC(41) PSYoungGen: 306944K(311296K)->15776K(312320K) Eden: 290304K(290304K)->0K(291840K) From: 16640K(20992K)->15776K(20480K)
[13.017s][info][gc,heap     ] GC(41) ParOldGen: 566537K(566784K)->582721K(583168K)
[13.017s][info][gc,metaspace] GC(41) Metaspace: 8508K(8640K)->8508K(8640K) NonClass: 7500K(7552K)->7500K(7552K) Class: 1008K(1088K)->1008K(1088K)
[13.017s][info][gc          ] GC(41) Pause Young (Allocation Failure) 853M->584M(874M) 49.528ms
[13.017s][info][gc,cpu      ] GC(41) User=0.08s Sys=0.02s Real=0.05s
[13.276s][info][gc,start    ] GC(42) Pause Young (Allocation Failure)
[13.327s][info][gc,heap     ] GC(42) PSYoungGen: 307616K(312320K)->17024K(312320K) Eden: 291840K(291840K)->0K(291840K) From: 15776K(20480K)->17024K(20480K)
[13.327s][info][gc,heap     ] GC(42) ParOldGen: 582721K(583168K)->598417K(598528K)
[13.327s][info][gc,metaspace] GC(42) Metaspace: 8508K(8640K)->8508K(8640K) NonClass: 7500K(7552K)->7500K(7552K) Class: 1008K(1088K)->1008K(1088K)
[13.327s][info][gc          ] GC(42) Pause Young (Allocation Failure) 869M->601M(889M) 51.593ms
[13.327s][info][gc,cpu      ] GC(42) User=0.09s Sys=0.01s Real=0.05s
[13.578s][info][gc,start    ] GC(43) Pause Young (Allocation Failure)
[13.629s][info][gc,heap     ] GC(43) PSYoungGen: 308864K(312320K)->16256K(312320K) Eden: 291840K(291840K)->0K(292864K) From: 17024K(20480K)->16256K(19456K)
[13.630s][info][gc,heap     ] GC(43) ParOldGen: 598417K(598528K)->614809K(614912K)
[13.630s][info][gc,metaspace] GC(43) Metaspace: 8508K(8640K)->8508K(8640K) NonClass: 7500K(7552K)->7500K(7552K) Class: 1008K(1088K)->1008K(1088K)
[13.630s][info][gc          ] GC(43) Pause Young (Allocation Failure) 886M->616M(905M) 51.821ms
[13.630s][info][gc,cpu      ] GC(43) User=0.09s Sys=0.01s Real=0.05s
[13.884s][info][gc,start    ] GC(44) Pause Young (Allocation Failure)
[13.935s][info][gc,heap     ] GC(44) PSYoungGen: 309120K(312320K)->16448K(312832K) Eden: 292864K(292864K)->0K(292864K) From: 16256K(19456K)->16448K(19968K)
[13.935s][info][gc,heap     ] GC(44) ParOldGen: 614809K(614912K)->630721K(630784K)
[13.935s][info][gc,metaspace] GC(44) Metaspace: 8508K(8640K)->8508K(8640K) NonClass: 7500K(7552K)->7500K(7552K) Class: 1008K(1088K)->1008K(1088K)
[13.935s][info][gc          ] GC(44) Pause Young (Allocation Failure) 902M->632M(921M) 51.102ms
[13.935s][info][gc,cpu      ] GC(44) User=0.09s Sys=0.01s Real=0.06s
[14.183s][info][gc,start    ] GC(45) Pause Young (Allocation Failure)
[14.233s][info][gc,heap     ] GC(45) PSYoungGen: 309312K(312832K)->16032K(313856K) Eden: 292864K(292864K)->0K(294400K) From: 16448K(19968K)->16032K(19456K)
[14.233s][info][gc,heap     ] GC(45) ParOldGen: 630721K(630784K)->646585K(646656K)
[14.233s][info][gc,metaspace] GC(45) Metaspace: 8508K(8640K)->8508K(8640K) NonClass: 7500K(7552K)->7500K(7552K) Class: 1008K(1088K)->1008K(1088K)
[14.233s][info][gc          ] GC(45) Pause Young (Allocation Failure) 918M->647M(938M) 50.650ms
[14.233s][info][gc,cpu      ] GC(45) User=0.09s Sys=0.01s Real=0.05s
[14.486s][info][gc,start    ] GC(46) Pause Young (Allocation Failure)
[14.536s][info][gc,heap     ] GC(46) PSYoungGen: 310432K(313856K)->15776K(313856K) Eden: 294400K(294400K)->0K(294400K) From: 16032K(19456K)->15776K(19456K)
[14.536s][info][gc,heap     ] GC(46) ParOldGen: 646585K(646656K)->662345K(662528K)
[14.536s][info][gc,metaspace] GC(46) Metaspace: 8508K(8640K)->8508K(8640K) NonClass: 7500K(7552K)->7500K(7552K) Class: 1008K(1088K)->1008K(1088K)
[14.536s][info][gc          ] GC(46) Pause Young (Allocation Failure) 934M->662M(953M) 50.072ms
[14.536s][info][gc,cpu      ] GC(46) User=0.09s Sys=0.01s Real=0.05s
[14.797s][info][gc,start    ] GC(47) Pause Full (Allocation Failure)
[14.797s][info][gc,phases,start] GC(47) Marking Phase
[15.403s][info][gc,phases      ] GC(47) Marking Phase 605.713ms
[15.403s][info][gc,phases,start] GC(47) Summary Phase
[15.403s][info][gc,phases      ] GC(47) Summary Phase 0.027ms
[15.403s][info][gc,phases,start] GC(47) Forward
[15.593s][info][gc,phases      ] GC(47) Forward 189.619ms
[15.593s][info][gc,phases,start] GC(47) Adjust Pointers
[15.969s][info][gc,phases      ] GC(47) Adjust Pointers 376.175ms
[15.969s][info][gc,phases,start] GC(47) Compaction Phase
[16.260s][info][gc,phases      ] GC(47) Compaction Phase 290.324ms
[16.260s][info][gc,phases,start] GC(47) Post Compact
[16.263s][info][gc,phases      ] GC(47) Post Compact 3.070ms
[16.263s][info][gc,heap        ] GC(47) PSYoungGen: 310176K(313856K)->28983K(313344K) Eden: 294400K(294400K)->28983K(294400K) From: 15776K(19456K)->0K(18944K)
[16.263s][info][gc,heap        ] GC(47) ParOldGen: 662345K(662528K)->662474K(667648K)
[16.263s][info][gc,metaspace   ] GC(47) Metaspace: 8508K(8640K)->8508K(8640K) NonClass: 7500K(7552K)->7500K(7552K) Class: 1008K(1088K)->1008K(1088K)
[16.263s][info][gc             ] GC(47) Pause Full (Allocation Failure) 949M->675M(958M) 1465.436ms
[16.263s][info][gc,cpu         ] GC(47) User=2.85s Sys=0.04s Real=1.46s
[16.491s][info][gc,start       ] GC(48) Pause Full (Allocation Failure)
[16.491s][info][gc,phases,start] GC(48) Marking Phase
[17.076s][info][gc,phases      ] GC(48) Marking Phase 584.922ms
[17.076s][info][gc,phases,start] GC(48) Summary Phase
[17.076s][info][gc,phases      ] GC(48) Summary Phase 0.027ms
[17.076s][info][gc,phases,start] GC(48) Forward
[17.266s][info][gc,phases      ] GC(48) Forward 189.676ms
[17.266s][info][gc,phases,start] GC(48) Adjust Pointers
[17.634s][info][gc,phases      ] GC(48) Adjust Pointers 368.026ms
[17.634s][info][gc,phases,start] GC(48) Compaction Phase
[17.860s][info][gc,phases      ] GC(48) Compaction Phase 226.625ms
[17.861s][info][gc,phases,start] GC(48) Post Compact
[17.863s][info][gc,phases      ] GC(48) Post Compact 2.619ms
[17.863s][info][gc,heap        ] GC(48) PSYoungGen: 294400K(313344K)->38635K(313856K) Eden: 294400K(294400K)->38635K(294400K) From: 0K(18944K)->0K(19456K)
[17.863s][info][gc,heap        ] GC(48) ParOldGen: 662474K(667648K)->667594K(667648K)
[17.863s][info][gc,metaspace   ] GC(48) Metaspace: 8508K(8640K)->8508K(8640K) NonClass: 7500K(7552K)->7500K(7552K) Class: 1008K(1088K)->1008K(1088K)
[17.863s][info][gc             ] GC(48) Pause Full (Allocation Failure) 934M->689M(958M) 1372.354ms
[17.863s][info][gc,cpu         ] GC(48) User=2.71s Sys=0.00s Real=1.37s
[18.082s][info][gc,start       ] GC(49) Pause Full (Allocation Failure)
[18.082s][info][gc,phases,start] GC(49) Marking Phase
[18.691s][info][gc,phases      ] GC(49) Marking Phase 609.299ms
[18.691s][info][gc,phases,start] GC(49) Summary Phase
[18.691s][info][gc,phases      ] GC(49) Summary Phase 0.025ms
[18.691s][info][gc,phases,start] GC(49) Forward
[18.730s][info][gc,phases      ] GC(49) Forward 38.610ms
[18.730s][info][gc,phases,start] GC(49) Adjust Pointers
[19.033s][info][gc,phases      ] GC(49) Adjust Pointers 303.775ms
[19.034s][info][gc,phases,start] GC(49) Compaction Phase
[19.203s][info][gc,phases      ] GC(49) Compaction Phase 168.966ms
[19.203s][info][gc,phases,start] GC(49) Post Compact
[19.205s][info][gc,phases      ] GC(49) Post Compact 2.567ms
[19.205s][info][gc,heap        ] GC(49) PSYoungGen: 294400K(313856K)->52421K(313344K) Eden: 294400K(294400K)->52421K(294400K) From: 0K(19456K)->0K(18944K)
[19.205s][info][gc,heap        ] GC(49) ParOldGen: 667594K(667648K)->667594K(667648K)
[19.205s][info][gc,metaspace   ] GC(49) Metaspace: 8508K(8640K)->8508K(8640K) NonClass: 7500K(7552K)->7500K(7552K) Class: 1008K(1088K)->1008K(1088K)
[19.205s][info][gc             ] GC(49) Pause Full (Allocation Failure) 939M->703M(958M) 1123.614ms
[19.205s][info][gc,cpu         ] GC(49) User=2.22s Sys=0.00s Real=1.13s
[19.413s][info][gc,start       ] GC(50) Pause Full (Allocation Failure)
[19.413s][info][gc,phases,start] GC(50) Marking Phase
[20.026s][info][gc,phases      ] GC(50) Marking Phase 613.317ms
[20.026s][info][gc,phases,start] GC(50) Summary Phase
[20.026s][info][gc,phases      ] GC(50) Summary Phase 0.024ms
[20.026s][info][gc,phases,start] GC(50) Forward
[20.059s][info][gc,phases      ] GC(50) Forward 33.404ms
[20.060s][info][gc,phases,start] GC(50) Adjust Pointers
[20.356s][info][gc,phases      ] GC(50) Adjust Pointers 296.823ms
[20.356s][info][gc,phases,start] GC(50) Compaction Phase
[20.517s][info][gc,phases      ] GC(50) Compaction Phase 161.051ms
[20.518s][info][gc,phases,start] GC(50) Post Compact
[20.520s][info][gc,phases      ] GC(50) Post Compact 2.608ms
[20.520s][info][gc,heap        ] GC(50) PSYoungGen: 294400K(313344K)->64221K(313856K) Eden: 294400K(294400K)->64221K(294400K) From: 0K(18944K)->0K(19456K)
[20.520s][info][gc,heap        ] GC(50) ParOldGen: 667594K(667648K)->667594K(667648K)
[20.520s][info][gc,metaspace   ] GC(50) Metaspace: 8508K(8640K)->8508K(8640K) NonClass: 7500K(7552K)->7500K(7552K) Class: 1008K(1088K)->1008K(1088K)
[20.520s][info][gc             ] GC(50) Pause Full (Allocation Failure) 939M->714M(958M) 1107.593ms
[20.520s][info][gc,cpu         ] GC(50) User=2.18s Sys=0.01s Real=1.11s
[20.724s][info][gc,start       ] GC(51) Pause Full (Allocation Failure)
[20.724s][info][gc,phases,start] GC(51) Marking Phase
[21.349s][info][gc,phases      ] GC(51) Marking Phase 625.047ms
[21.349s][info][gc,phases,start] GC(51) Summary Phase
[21.349s][info][gc,phases      ] GC(51) Summary Phase 0.026ms
[21.349s][info][gc,phases,start] GC(51) Forward
[21.406s][info][gc,phases      ] GC(51) Forward 56.804ms
[21.406s][info][gc,phases,start] GC(51) Adjust Pointers
[21.714s][info][gc,phases      ] GC(51) Adjust Pointers 308.018ms
[21.714s][info][gc,phases,start] GC(51) Compaction Phase
[21.883s][info][gc,phases      ] GC(51) Compaction Phase 168.742ms
[21.883s][info][gc,phases,start] GC(51) Post Compact
[21.885s][info][gc,phases      ] GC(51) Post Compact 2.653ms
[21.885s][info][gc,heap        ] GC(51) PSYoungGen: 294400K(313856K)->76976K(313344K) Eden: 294400K(294400K)->76976K(294400K) From: 0K(19456K)->0K(18944K)
[21.885s][info][gc,heap        ] GC(51) ParOldGen: 667594K(667648K)->667594K(667648K)
[21.885s][info][gc,metaspace   ] GC(51) Metaspace: 8508K(8640K)->8508K(8640K) NonClass: 7500K(7552K)->7500K(7552K) Class: 1008K(1088K)->1008K(1088K)
[21.886s][info][gc             ] GC(51) Pause Full (Allocation Failure) 939M->727M(958M) 1161.694ms
[21.886s][info][gc,cpu         ] GC(51) User=2.28s Sys=0.00s Real=1.17s
[22.072s][info][gc,start       ] GC(52) Pause Full (Allocation Failure)
[22.072s][info][gc,phases,start] GC(52) Marking Phase
[22.703s][info][gc,phases      ] GC(52) Marking Phase 631.048ms
[22.704s][info][gc,phases,start] GC(52) Summary Phase
[22.704s][info][gc,phases      ] GC(52) Summary Phase 0.027ms
[22.704s][info][gc,phases,start] GC(52) Forward
[22.820s][info][gc,phases      ] GC(52) Forward 116.113ms
[22.820s][info][gc,phases,start] GC(52) Adjust Pointers
[23.158s][info][gc,phases      ] GC(52) Adjust Pointers 338.737ms
[23.159s][info][gc,phases,start] GC(52) Compaction Phase
[23.351s][info][gc,phases      ] GC(52) Compaction Phase 192.939ms
[23.352s][info][gc,phases,start] GC(52) Post Compact
[23.354s][info][gc,phases      ] GC(52) Post Compact 2.624ms
[23.354s][info][gc,heap        ] GC(52) PSYoungGen: 294400K(313344K)->88721K(313856K) Eden: 294400K(294400K)->88721K(294400K) From: 0K(18944K)->0K(19456K)
[23.354s][info][gc,heap        ] GC(52) ParOldGen: 667594K(667648K)->667591K(667648K)
[23.354s][info][gc,metaspace   ] GC(52) Metaspace: 8508K(8640K)->8508K(8640K) NonClass: 7500K(7552K)->7500K(7552K) Class: 1008K(1088K)->1008K(1088K)
[23.354s][info][gc             ] GC(52) Pause Full (Allocation Failure) 939M->738M(958M) 1281.892ms
[23.354s][info][gc,cpu         ] GC(52) User=2.51s Sys=0.00s Real=1.28s
[23.529s][info][gc,start       ] GC(53) Pause Full (Allocation Failure)
[23.529s][info][gc,phases,start] GC(53) Marking Phase
[24.168s][info][gc,phases      ] GC(53) Marking Phase 639.293ms
[24.168s][info][gc,phases,start] GC(53) Summary Phase
[24.168s][info][gc,phases      ] GC(53) Summary Phase 0.027ms
[24.168s][info][gc,phases,start] GC(53) Forward
[24.213s][info][gc,phases      ] GC(53) Forward 44.357ms
[24.213s][info][gc,phases,start] GC(53) Adjust Pointers
[24.520s][info][gc,phases      ] GC(53) Adjust Pointers 306.976ms
[24.520s][info][gc,phases,start] GC(53) Compaction Phase
[24.688s][info][gc,phases      ] GC(53) Compaction Phase 168.179ms
[24.688s][info][gc,phases,start] GC(53) Post Compact
[24.691s][info][gc,phases      ] GC(53) Post Compact 2.571ms
[24.691s][info][gc,heap        ] GC(53) PSYoungGen: 294400K(313856K)->99708K(313344K) Eden: 294400K(294400K)->99708K(294400K) From: 0K(19456K)->0K(18944K)
[24.691s][info][gc,heap        ] GC(53) ParOldGen: 667591K(667648K)->667591K(667648K)
[24.691s][info][gc,metaspace   ] GC(53) Metaspace: 8508K(8640K)->8508K(8640K) NonClass: 7500K(7552K)->7500K(7552K) Class: 1008K(1088K)->1008K(1088K)
[24.691s][info][gc             ] GC(53) Pause Full (Allocation Failure) 939M->749M(958M) 1161.781ms
[24.691s][info][gc,cpu         ] GC(53) User=2.28s Sys=0.00s Real=1.16s
[24.854s][info][gc,start       ] GC(54) Pause Full (Allocation Failure)
[24.854s][info][gc,phases,start] GC(54) Marking Phase
[25.511s][info][gc,phases      ] GC(54) Marking Phase 656.648ms
[25.511s][info][gc,phases,start] GC(54) Summary Phase
[25.511s][info][gc,phases      ] GC(54) Summary Phase 0.024ms
[25.511s][info][gc,phases,start] GC(54) Forward
[25.565s][info][gc,phases      ] GC(54) Forward 54.643ms
[25.565s][info][gc,phases,start] GC(54) Adjust Pointers
[25.884s][info][gc,phases      ] GC(54) Adjust Pointers 318.810ms
[25.884s][info][gc,phases,start] GC(54) Compaction Phase
[26.076s][info][gc,phases      ] GC(54) Compaction Phase 191.274ms
[26.076s][info][gc,phases,start] GC(54) Post Compact
[26.078s][info][gc,phases      ] GC(54) Post Compact 2.615ms
[26.078s][info][gc,heap        ] GC(54) PSYoungGen: 294400K(313344K)->109701K(313856K) Eden: 294400K(294400K)->109701K(294400K) From: 0K(18944K)->0K(19456K)
[26.078s][info][gc,heap        ] GC(54) ParOldGen: 667591K(667648K)->667591K(667648K)
[26.078s][info][gc,metaspace   ] GC(54) Metaspace: 8508K(8640K)->8508K(8640K) NonClass: 7500K(7552K)->7500K(7552K) Class: 1008K(1088K)->1008K(1088K)
[26.078s][info][gc             ] GC(54) Pause Full (Allocation Failure) 939M->759M(958M) 1224.435ms
[26.078s][info][gc,cpu         ] GC(54) User=2.39s Sys=0.00s Real=1.23s
[26.236s][info][gc,start       ] GC(55) Pause Full (Allocation Failure)
[26.236s][info][gc,phases,start] GC(55) Marking Phase
[26.898s][info][gc,phases      ] GC(55) Marking Phase 661.557ms
[26.898s][info][gc,phases,start] GC(55) Summary Phase
[26.898s][info][gc,phases      ] GC(55) Summary Phase 0.025ms
[26.898s][info][gc,phases,start] GC(55) Forward
[26.954s][info][gc,phases      ] GC(55) Forward 56.246ms
[26.954s][info][gc,phases,start] GC(55) Adjust Pointers
[27.274s][info][gc,phases      ] GC(55) Adjust Pointers 319.415ms
[27.274s][info][gc,phases,start] GC(55) Compaction Phase
[27.461s][info][gc,phases      ] GC(55) Compaction Phase 187.219ms
[27.461s][info][gc,phases,start] GC(55) Post Compact
[27.464s][info][gc,phases      ] GC(55) Post Compact 2.592ms
[27.464s][info][gc,heap        ] GC(55) PSYoungGen: 294400K(313856K)->120502K(313344K) Eden: 294400K(294400K)->120502K(294400K) From: 0K(19456K)->0K(18944K)
[27.464s][info][gc,heap        ] GC(55) ParOldGen: 667591K(667648K)->667591K(667648K)
[27.464s][info][gc,metaspace   ] GC(55) Metaspace: 8508K(8640K)->8508K(8640K) NonClass: 7500K(7552K)->7500K(7552K) Class: 1008K(1088K)->1008K(1088K)
[27.464s][info][gc             ] GC(55) Pause Full (Allocation Failure) 939M->769M(958M) 1227.452ms
[27.464s][info][gc,cpu         ] GC(55) User=2.39s Sys=0.00s Real=1.22s
[27.618s][info][gc,start       ] GC(56) Pause Full (Allocation Failure)
[27.618s][info][gc,phases,start] GC(56) Marking Phase
[28.289s][info][gc,phases      ] GC(56) Marking Phase 670.253ms
[28.289s][info][gc,phases,start] GC(56) Summary Phase
[28.289s][info][gc,phases      ] GC(56) Summary Phase 0.025ms
[28.289s][info][gc,phases,start] GC(56) Forward
[28.344s][info][gc,phases      ] GC(56) Forward 55.364ms
[28.344s][info][gc,phases,start] GC(56) Adjust Pointers
[28.660s][info][gc,phases      ] GC(56) Adjust Pointers 315.574ms
[28.660s][info][gc,phases,start] GC(56) Compaction Phase
[28.841s][info][gc,phases      ] GC(56) Compaction Phase 180.841ms
[28.841s][info][gc,phases,start] GC(56) Post Compact
[28.843s][info][gc,phases      ] GC(56) Post Compact 2.633ms
[28.843s][info][gc,heap        ] GC(56) PSYoungGen: 294400K(313344K)->129842K(313856K) Eden: 294400K(294400K)->129842K(294400K) From: 0K(18944K)->0K(19456K)
[28.843s][info][gc,heap        ] GC(56) ParOldGen: 667591K(667648K)->667591K(667648K)
[28.843s][info][gc,metaspace   ] GC(56) Metaspace: 8508K(8640K)->8508K(8640K) NonClass: 7500K(7552K)->7500K(7552K) Class: 1008K(1088K)->1008K(1088K)
[28.843s][info][gc             ] GC(56) Pause Full (Allocation Failure) 939M->778M(958M) 1225.114ms
[28.843s][info][gc,cpu         ] GC(56) User=2.39s Sys=0.00s Real=1.22s
[28.986s][info][gc,start       ] GC(57) Pause Full (Allocation Failure)
[28.986s][info][gc,phases,start] GC(57) Marking Phase
[29.658s][info][gc,phases      ] GC(57) Marking Phase 672.100ms
[29.658s][info][gc,phases,start] GC(57) Summary Phase
[29.658s][info][gc,phases      ] GC(57) Summary Phase 0.025ms
[29.658s][info][gc,phases,start] GC(57) Forward
[29.715s][info][gc,phases      ] GC(57) Forward 56.694ms
[29.715s][info][gc,phases,start] GC(57) Adjust Pointers
[30.029s][info][gc,phases      ] GC(57) Adjust Pointers 313.939ms
[30.029s][info][gc,phases,start] GC(57) Compaction Phase
[30.203s][info][gc,phases      ] GC(57) Compaction Phase 174.252ms
[30.203s][info][gc,phases,start] GC(57) Post Compact
[30.206s][info][gc,phases      ] GC(57) Post Compact 2.636ms
[30.206s][info][gc,heap        ] GC(57) PSYoungGen: 294400K(313856K)->138712K(313344K) Eden: 294400K(294400K)->138712K(294400K) From: 0K(19456K)->0K(18944K)
[30.206s][info][gc,heap        ] GC(57) ParOldGen: 667591K(667648K)->667591K(667648K)
[30.206s][info][gc,metaspace   ] GC(57) Metaspace: 8508K(8640K)->8508K(8640K) NonClass: 7500K(7552K)->7500K(7552K) Class: 1008K(1088K)->1008K(1088K)
[30.206s][info][gc             ] GC(57) Pause Full (Allocation Failure) 939M->787M(958M) 1220.051ms
[30.206s][info][gc,cpu         ] GC(57) User=2.38s Sys=0.00s Real=1.22s
[30.340s][info][gc,start       ] GC(58) Pause Full (Allocation Failure)
[30.340s][info][gc,phases,start] GC(58) Marking Phase
[31.019s][info][gc,phases      ] GC(58) Marking Phase 678.922ms
[31.019s][info][gc,phases,start] GC(58) Summary Phase
[31.019s][info][gc,phases      ] GC(58) Summary Phase 0.024ms
[31.019s][info][gc,phases,start] GC(58) Forward
[31.078s][info][gc,phases      ] GC(58) Forward 59.449ms
[31.078s][info][gc,phases,start] GC(58) Adjust Pointers
[31.396s][info][gc,phases      ] GC(58) Adjust Pointers 317.765ms
[31.396s][info][gc,phases,start] GC(58) Compaction Phase
[31.573s][info][gc,phases      ] GC(58) Compaction Phase 176.983ms
[31.573s][info][gc,phases,start] GC(58) Post Compact
[31.576s][info][gc,phases      ] GC(58) Post Compact 2.582ms
[31.576s][info][gc,heap        ] GC(58) PSYoungGen: 294400K(313344K)->147444K(313856K) Eden: 294400K(294400K)->147444K(294400K) From: 0K(18944K)->0K(19456K)
[31.576s][info][gc,heap        ] GC(58) ParOldGen: 667591K(667648K)->667591K(667648K)
[31.576s][info][gc,metaspace   ] GC(58) Metaspace: 8508K(8640K)->8508K(8640K) NonClass: 7500K(7552K)->7500K(7552K) Class: 1008K(1088K)->1008K(1088K)
[31.576s][info][gc             ] GC(58) Pause Full (Allocation Failure) 939M->795M(958M) 1236.120ms
[31.576s][info][gc,cpu         ] GC(58) User=2.41s Sys=0.00s Real=1.24s
[31.700s][info][gc,start       ] GC(59) Pause Full (Allocation Failure)
[31.700s][info][gc,phases,start] GC(59) Marking Phase
[32.393s][info][gc,phases      ] GC(59) Marking Phase 692.292ms
[32.393s][info][gc,phases,start] GC(59) Summary Phase
[32.393s][info][gc,phases      ] GC(59) Summary Phase 0.027ms
[32.393s][info][gc,phases,start] GC(59) Forward
[32.453s][info][gc,phases      ] GC(59) Forward 60.011ms
[32.453s][info][gc,phases,start] GC(59) Adjust Pointers
[32.772s][info][gc,phases      ] GC(59) Adjust Pointers 319.409ms
[32.772s][info][gc,phases,start] GC(59) Compaction Phase
[32.948s][info][gc,phases      ] GC(59) Compaction Phase 175.551ms
[32.948s][info][gc,phases,start] GC(59) Post Compact
[32.950s][info][gc,phases      ] GC(59) Post Compact 2.615ms
[32.950s][info][gc,heap        ] GC(59) PSYoungGen: 294400K(313856K)->154730K(313344K) Eden: 294400K(294400K)->154730K(294400K) From: 0K(19456K)->0K(18944K)
[32.950s][info][gc,heap        ] GC(59) ParOldGen: 667591K(667648K)->667591K(667648K)
[32.950s][info][gc,metaspace   ] GC(59) Metaspace: 8508K(8640K)->8508K(8640K) NonClass: 7500K(7552K)->7500K(7552K) Class: 1008K(1088K)->1008K(1088K)
[32.950s][info][gc             ] GC(59) Pause Full (Allocation Failure) 939M->803M(958M) 1250.277ms
[32.950s][info][gc,cpu         ] GC(59) User=2.44s Sys=0.00s Real=1.25s
[33.074s][info][gc,start       ] GC(60) Pause Full (Allocation Failure)
[33.074s][info][gc,phases,start] GC(60) Marking Phase
[33.787s][info][gc,phases      ] GC(60) Marking Phase 712.626ms
[33.787s][info][gc,phases,start] GC(60) Summary Phase
[33.787s][info][gc,phases      ] GC(60) Summary Phase 0.025ms
[33.787s][info][gc,phases,start] GC(60) Forward
[33.847s][info][gc,phases      ] GC(60) Forward 60.318ms
[33.847s][info][gc,phases,start] GC(60) Adjust Pointers
[34.168s][info][gc,phases      ] GC(60) Adjust Pointers 320.684ms
[34.168s][info][gc,phases,start] GC(60) Compaction Phase
[34.348s][info][gc,phases      ] GC(60) Compaction Phase 180.311ms
[34.348s][info][gc,phases,start] GC(60) Post Compact
[34.351s][info][gc,phases      ] GC(60) Post Compact 2.592ms
[34.351s][info][gc,heap        ] GC(60) PSYoungGen: 294400K(313344K)->163511K(313856K) Eden: 294400K(294400K)->163511K(294400K) From: 0K(18944K)->0K(19456K)
[34.351s][info][gc,heap        ] GC(60) ParOldGen: 667591K(667648K)->667591K(667648K)
[34.351s][info][gc,metaspace   ] GC(60) Metaspace: 8508K(8640K)->8508K(8640K) NonClass: 7500K(7552K)->7500K(7552K) Class: 1008K(1088K)->1008K(1088K)
[34.351s][info][gc             ] GC(60) Pause Full (Allocation Failure) 939M->811M(958M) 1276.992ms
[34.351s][info][gc,cpu         ] GC(60) User=2.49s Sys=0.00s Real=1.28s
[34.462s][info][gc,start       ] GC(61) Pause Full (Allocation Failure)
[34.462s][info][gc,phases,start] GC(61) Marking Phase
[35.167s][info][gc,phases      ] GC(61) Marking Phase 704.276ms
[35.167s][info][gc,phases,start] GC(61) Summary Phase
[35.167s][info][gc,phases      ] GC(61) Summary Phase 0.025ms
[35.167s][info][gc,phases,start] GC(61) Forward
[35.227s][info][gc,phases      ] GC(61) Forward 60.719ms
[35.228s][info][gc,phases,start] GC(61) Adjust Pointers
[35.549s][info][gc,phases      ] GC(61) Adjust Pointers 321.460ms
[35.549s][info][gc,phases,start] GC(61) Compaction Phase
[35.728s][info][gc,phases      ] GC(61) Compaction Phase 179.026ms
[35.728s][info][gc,phases,start] GC(61) Post Compact
[35.731s][info][gc,phases      ] GC(61) Post Compact 2.618ms
[35.731s][info][gc,heap        ] GC(61) PSYoungGen: 294400K(313856K)->170389K(313344K) Eden: 294400K(294400K)->170389K(294400K) From: 0K(19456K)->0K(18944K)
[35.731s][info][gc,heap        ] GC(61) ParOldGen: 667591K(667648K)->667591K(667648K)
[35.731s][info][gc,metaspace   ] GC(61) Metaspace: 8508K(8640K)->8508K(8640K) NonClass: 7500K(7552K)->7500K(7552K) Class: 1008K(1088K)->1008K(1088K)
[35.731s][info][gc             ] GC(61) Pause Full (Allocation Failure) 939M->818M(958M) 1268.546ms
[35.731s][info][gc,cpu         ] GC(61) User=2.48s Sys=0.00s Real=1.27s
[35.834s][info][gc,start       ] GC(62) Pause Full (Allocation Failure)
[35.834s][info][gc,phases,start] GC(62) Marking Phase
[36.545s][info][gc,phases      ] GC(62) Marking Phase 711.261ms
[36.545s][info][gc,phases,start] GC(62) Summary Phase
[36.545s][info][gc,phases      ] GC(62) Summary Phase 0.026ms
[36.545s][info][gc,phases,start] GC(62) Forward
[36.607s][info][gc,phases      ] GC(62) Forward 61.737ms
[36.607s][info][gc,phases,start] GC(62) Adjust Pointers
[36.938s][info][gc,phases      ] GC(62) Adjust Pointers 330.462ms
[36.938s][info][gc,phases,start] GC(62) Compaction Phase
[37.127s][info][gc,phases      ] GC(62) Compaction Phase 188.949ms
[37.127s][info][gc,phases,start] GC(62) Post Compact
[37.129s][info][gc,phases      ] GC(62) Post Compact 2.595ms
[37.129s][info][gc,heap        ] GC(62) PSYoungGen: 294400K(313344K)->176935K(313856K) Eden: 294400K(294400K)->176935K(294400K) From: 0K(18944K)->0K(19456K)
[37.129s][info][gc,heap        ] GC(62) ParOldGen: 667591K(667648K)->667591K(667648K)
[37.129s][info][gc,metaspace   ] GC(62) Metaspace: 8508K(8640K)->8508K(8640K) NonClass: 7500K(7552K)->7500K(7552K) Class: 1008K(1088K)->1008K(1088K)
[37.129s][info][gc             ] GC(62) Pause Full (Allocation Failure) 939M->824M(958M) 1295.426ms
[37.129s][info][gc,cpu         ] GC(62) User=2.53s Sys=0.00s Real=1.30s
[37.231s][info][gc,start       ] GC(63) Pause Full (Allocation Failure)
[37.231s][info][gc,phases,start] GC(63) Marking Phase
[37.951s][info][gc,phases      ] GC(63) Marking Phase 720.089ms
[37.951s][info][gc,phases,start] GC(63) Summary Phase
[37.951s][info][gc,phases      ] GC(63) Summary Phase 0.025ms
[37.951s][info][gc,phases,start] GC(63) Forward
[38.040s][info][gc,phases      ] GC(63) Forward 89.243ms
[38.040s][info][gc,phases,start] GC(63) Adjust Pointers
[38.384s][info][gc,phases      ] GC(63) Adjust Pointers 344.107ms
[38.384s][info][gc,phases,start] GC(63) Compaction Phase
[38.577s][info][gc,phases      ] GC(63) Compaction Phase 193.088ms
[38.577s][info][gc,phases,start] GC(63) Post Compact
[38.580s][info][gc,phases      ] GC(63) Post Compact 2.628ms
[38.580s][info][gc,heap        ] GC(63) PSYoungGen: 294400K(313856K)->182934K(313344K) Eden: 294400K(294400K)->182934K(294400K) From: 0K(19456K)->0K(18944K)
[38.580s][info][gc,heap        ] GC(63) ParOldGen: 667591K(667648K)->667591K(667648K)
[38.580s][info][gc,metaspace   ] GC(63) Metaspace: 8508K(8640K)->8508K(8640K) NonClass: 7500K(7552K)->7500K(7552K) Class: 1008K(1088K)->1008K(1088K)
[38.580s][info][gc             ] GC(63) Pause Full (Allocation Failure) 939M->830M(958M) 1349.541ms
[38.580s][info][gc,cpu         ] GC(63) User=2.64s Sys=0.00s Real=1.35s
[38.671s][info][gc,start       ] GC(64) Pause Full (Allocation Failure)
[38.671s][info][gc,phases,start] GC(64) Marking Phase
[39.392s][info][gc,phases      ] GC(64) Marking Phase 720.235ms
[39.392s][info][gc,phases,start] GC(64) Summary Phase
[39.392s][info][gc,phases      ] GC(64) Summary Phase 0.026ms
[39.392s][info][gc,phases,start] GC(64) Forward
[39.451s][info][gc,phases      ] GC(64) Forward 59.784ms
[39.451s][info][gc,phases,start] GC(64) Adjust Pointers
[39.777s][info][gc,phases      ] GC(64) Adjust Pointers 326.022ms
[39.777s][info][gc,phases,start] GC(64) Compaction Phase
[39.959s][info][gc,phases      ] GC(64) Compaction Phase 181.399ms
[39.959s][info][gc,phases,start] GC(64) Post Compact
[39.962s][info][gc,phases      ] GC(64) Post Compact 2.605ms
[39.962s][info][gc,heap        ] GC(64) PSYoungGen: 294400K(313344K)->188928K(313856K) Eden: 294400K(294400K)->188928K(294400K) From: 0K(18944K)->0K(19456K)
[39.962s][info][gc,heap        ] GC(64) ParOldGen: 667591K(667648K)->667591K(667648K)
[39.962s][info][gc,metaspace   ] GC(64) Metaspace: 8508K(8640K)->8508K(8640K) NonClass: 7500K(7552K)->7500K(7552K) Class: 1008K(1088K)->1008K(1088K)
[39.962s][info][gc             ] GC(64) Pause Full (Allocation Failure) 939M->836M(958M) 1290.450ms
[39.962s][info][gc,cpu         ] GC(64) User=2.53s Sys=0.00s Real=1.29s
[40.055s][info][gc,start       ] GC(65) Pause Full (Allocation Failure)
[40.055s][info][gc,phases,start] GC(65) Marking Phase
[40.783s][info][gc,phases      ] GC(65) Marking Phase 728.341ms
[40.783s][info][gc,phases,start] GC(65) Summary Phase
[40.783s][info][gc,phases      ] GC(65) Summary Phase 0.025ms
[40.783s][info][gc,phases,start] GC(65) Forward
[40.843s][info][gc,phases      ] GC(65) Forward 59.881ms
[40.843s][info][gc,phases,start] GC(65) Adjust Pointers
[41.172s][info][gc,phases      ] GC(65) Adjust Pointers 328.502ms
[41.172s][info][gc,phases,start] GC(65) Compaction Phase
[41.356s][info][gc,phases      ] GC(65) Compaction Phase 183.802ms
[41.356s][info][gc,phases,start] GC(65) Post Compact
[41.358s][info][gc,phases      ] GC(65) Post Compact 2.575ms
[41.358s][info][gc,heap        ] GC(65) PSYoungGen: 294400K(313856K)->194586K(313344K) Eden: 294400K(294400K)->194586K(294400K) From: 0K(19456K)->0K(18944K)
[41.358s][info][gc,heap        ] GC(65) ParOldGen: 667591K(667648K)->667591K(667648K)
[41.358s][info][gc,metaspace   ] GC(65) Metaspace: 8508K(8640K)->8508K(8640K) NonClass: 7500K(7552K)->7500K(7552K) Class: 1008K(1088K)->1008K(1088K)
[41.358s][info][gc             ] GC(65) Pause Full (Allocation Failure) 939M->841M(958M) 1303.538ms
[41.358s][info][gc,cpu         ] GC(65) User=2.56s Sys=0.01s Real=1.30s
[41.441s][info][gc,start       ] GC(66) Pause Full (Allocation Failure)
[41.441s][info][gc,phases,start] GC(66) Marking Phase
[42.167s][info][gc,phases      ] GC(66) Marking Phase 725.765ms
[42.167s][info][gc,phases,start] GC(66) Summary Phase
[42.167s][info][gc,phases      ] GC(66) Summary Phase 0.026ms
[42.167s][info][gc,phases,start] GC(66) Forward
[42.228s][info][gc,phases      ] GC(66) Forward 60.271ms
[42.228s][info][gc,phases,start] GC(66) Adjust Pointers
[42.561s][info][gc,phases      ] GC(66) Adjust Pointers 333.818ms
[42.562s][info][gc,phases,start] GC(66) Compaction Phase
[42.746s][info][gc,phases      ] GC(66) Compaction Phase 184.245ms
[42.746s][info][gc,phases,start] GC(66) Post Compact
[42.748s][info][gc,phases      ] GC(66) Post Compact 2.590ms
[42.748s][info][gc,heap        ] GC(66) PSYoungGen: 294400K(313344K)->200449K(313856K) Eden: 294400K(294400K)->200449K(294400K) From: 0K(18944K)->0K(19456K)
[42.748s][info][gc,heap        ] GC(66) ParOldGen: 667591K(667648K)->667591K(667648K)
[42.748s][info][gc,metaspace   ] GC(66) Metaspace: 8508K(8640K)->8508K(8640K) NonClass: 7500K(7552K)->7500K(7552K) Class: 1008K(1088K)->1008K(1088K)
[42.749s][info][gc             ] GC(66) Pause Full (Allocation Failure) 939M->847M(958M) 1307.099ms
[42.749s][info][gc,cpu         ] GC(66) User=2.56s Sys=0.00s Real=1.31s
[42.826s][info][gc,start       ] GC(67) Pause Full (Allocation Failure)
[42.826s][info][gc,phases,start] GC(67) Marking Phase
[43.564s][info][gc,phases      ] GC(67) Marking Phase 738.071ms
[43.564s][info][gc,phases,start] GC(67) Summary Phase
[43.564s][info][gc,phases      ] GC(67) Summary Phase 0.025ms
[43.564s][info][gc,phases,start] GC(67) Forward
[43.624s][info][gc,phases      ] GC(67) Forward 59.955ms
[43.624s][info][gc,phases,start] GC(67) Adjust Pointers
[43.957s][info][gc,phases      ] GC(67) Adjust Pointers 332.984ms
[43.958s][info][gc,phases,start] GC(67) Compaction Phase
[44.141s][info][gc,phases      ] GC(67) Compaction Phase 183.007ms
[44.141s][info][gc,phases,start] GC(67) Post Compact
[44.143s][info][gc,phases      ] GC(67) Post Compact 2.608ms
[44.143s][info][gc,heap        ] GC(67) PSYoungGen: 294400K(313856K)->204205K(313344K) Eden: 294400K(294400K)->204205K(294400K) From: 0K(19456K)->0K(18944K)
[44.143s][info][gc,heap        ] GC(67) ParOldGen: 667591K(667648K)->667591K(667648K)
[44.143s][info][gc,metaspace   ] GC(67) Metaspace: 8508K(8640K)->8508K(8640K) NonClass: 7500K(7552K)->7500K(7552K) Class: 1008K(1088K)->1008K(1088K)
[44.143s][info][gc             ] GC(67) Pause Full (Allocation Failure) 939M->851M(958M) 1317.045ms
[44.143s][info][gc,cpu         ] GC(67) User=2.59s Sys=0.00s Real=1.31s
[44.218s][info][gc,start       ] GC(68) Pause Full (Allocation Failure)
[44.218s][info][gc,phases,start] GC(68) Marking Phase
[44.949s][info][gc,phases      ] GC(68) Marking Phase 731.870ms
[44.949s][info][gc,phases,start] GC(68) Summary Phase
[44.950s][info][gc,phases      ] GC(68) Summary Phase 0.024ms
[44.950s][info][gc,phases,start] GC(68) Forward
[45.009s][info][gc,phases      ] GC(68) Forward 59.784ms
[45.009s][info][gc,phases,start] GC(68) Adjust Pointers
[45.340s][info][gc,phases      ] GC(68) Adjust Pointers 330.942ms
[45.340s][info][gc,phases,start] GC(68) Compaction Phase
[45.525s][info][gc,phases      ] GC(68) Compaction Phase 184.337ms
[45.525s][info][gc,phases,start] GC(68) Post Compact
[45.527s][info][gc,phases      ] GC(68) Post Compact 2.606ms
[45.527s][info][gc,heap        ] GC(68) PSYoungGen: 294400K(313344K)->208885K(313856K) Eden: 294400K(294400K)->208885K(294400K) From: 0K(18944K)->0K(19456K)
[45.527s][info][gc,heap        ] GC(68) ParOldGen: 667591K(667648K)->667591K(667648K)
[45.527s][info][gc,metaspace   ] GC(68) Metaspace: 8508K(8640K)->8508K(8640K) NonClass: 7500K(7552K)->7500K(7552K) Class: 1008K(1088K)->1008K(1088K)
[45.527s][info][gc             ] GC(68) Pause Full (Allocation Failure) 939M->855M(958M) 1309.928ms
[45.527s][info][gc,cpu         ] GC(68) User=2.57s Sys=0.00s Real=1.31s
[45.606s][info][gc,start       ] GC(69) Pause Full (Allocation Failure)
[45.606s][info][gc,phases,start] GC(69) Marking Phase
[46.360s][info][gc,phases      ] GC(69) Marking Phase 754.375ms
[46.360s][info][gc,phases,start] GC(69) Summary Phase
[46.360s][info][gc,phases      ] GC(69) Summary Phase 0.026ms
[46.360s][info][gc,phases,start] GC(69) Forward
[46.424s][info][gc,phases      ] GC(69) Forward 63.883ms
[46.424s][info][gc,phases,start] GC(69) Adjust Pointers
[46.769s][info][gc,phases      ] GC(69) Adjust Pointers 344.936ms
[46.769s][info][gc,phases,start] GC(69) Compaction Phase
[46.983s][info][gc,phases      ] GC(69) Compaction Phase 213.252ms
[46.983s][info][gc,phases,start] GC(69) Post Compact
[46.985s][info][gc,phases      ] GC(69) Post Compact 2.574ms
[46.985s][info][gc,heap        ] GC(69) PSYoungGen: 294400K(313856K)->213625K(313344K) Eden: 294400K(294400K)->213625K(294400K) From: 0K(19456K)->0K(18944K)
[46.985s][info][gc,heap        ] GC(69) ParOldGen: 667591K(667648K)->667591K(667648K)
[46.985s][info][gc,metaspace   ] GC(69) Metaspace: 8508K(8640K)->8508K(8640K) NonClass: 7500K(7552K)->7500K(7552K) Class: 1008K(1088K)->1008K(1088K)
[46.985s][info][gc             ] GC(69) Pause Full (Allocation Failure) 939M->860M(958M) 1379.448ms
[46.985s][info][gc,cpu         ] GC(69) User=2.71s Sys=0.00s Real=1.38s
[47.054s][info][gc,start       ] GC(70) Pause Full (Allocation Failure)
[47.054s][info][gc,phases,start] GC(70) Marking Phase
[47.804s][info][gc,phases      ] GC(70) Marking Phase 750.261ms
[47.804s][info][gc,phases,start] GC(70) Summary Phase
[47.804s][info][gc,phases      ] GC(70) Summary Phase 0.026ms
[47.804s][info][gc,phases,start] GC(70) Forward
[47.871s][info][gc,phases      ] GC(70) Forward 67.139ms
[47.871s][info][gc,phases,start] GC(70) Adjust Pointers
[48.222s][info][gc,phases      ] GC(70) Adjust Pointers 350.577ms
[48.222s][info][gc,phases,start] GC(70) Compaction Phase
[48.447s][info][gc,phases      ] GC(70) Compaction Phase 225.201ms
[48.447s][info][gc,phases,start] GC(70) Post Compact
[48.450s][info][gc,phases      ] GC(70) Post Compact 2.628ms
[48.450s][info][gc,heap        ] GC(70) PSYoungGen: 294400K(313344K)->218037K(313856K) Eden: 294400K(294400K)->218037K(294400K) From: 0K(18944K)->0K(19456K)
[48.450s][info][gc,heap        ] GC(70) ParOldGen: 667591K(667648K)->667591K(667648K)
[48.450s][info][gc,metaspace   ] GC(70) Metaspace: 8508K(8640K)->8508K(8640K) NonClass: 7500K(7552K)->7500K(7552K) Class: 1008K(1088K)->1008K(1088K)
[48.450s][info][gc             ] GC(70) Pause Full (Allocation Failure) 939M->864M(958M) 1396.218ms
[48.450s][info][gc,cpu         ] GC(70) User=2.74s Sys=0.01s Real=1.40s
[48.517s][info][gc,start       ] GC(71) Pause Full (Allocation Failure)
[48.517s][info][gc,phases,start] GC(71) Marking Phase
[49.277s][info][gc,phases      ] GC(71) Marking Phase 759.653ms
[49.277s][info][gc,phases,start] GC(71) Summary Phase
[49.277s][info][gc,phases      ] GC(71) Summary Phase 0.024ms
[49.277s][info][gc,phases,start] GC(71) Forward
[49.337s][info][gc,phases      ] GC(71) Forward 59.790ms
[49.337s][info][gc,phases,start] GC(71) Adjust Pointers
[49.672s][info][gc,phases      ] GC(71) Adjust Pointers 335.170ms
[49.672s][info][gc,phases,start] GC(71) Compaction Phase
[49.859s][info][gc,phases      ] GC(71) Compaction Phase 187.398ms
[49.859s][info][gc,phases,start] GC(71) Post Compact
[49.862s][info][gc,phases      ] GC(71) Post Compact 2.590ms
[49.862s][info][gc,heap        ] GC(71) PSYoungGen: 294400K(313856K)->223080K(313344K) Eden: 294400K(294400K)->223080K(294400K) From: 0K(19456K)->0K(18944K)
[49.862s][info][gc,heap        ] GC(71) ParOldGen: 667591K(667648K)->667591K(667648K)
[49.862s][info][gc,metaspace   ] GC(71) Metaspace: 8508K(8640K)->8508K(8640K) NonClass: 7500K(7552K)->7500K(7552K) Class: 1008K(1088K)->1008K(1088K)
[49.862s][info][gc             ] GC(71) Pause Full (Allocation Failure) 939M->869M(958M) 1345.010ms
[49.862s][info][gc,cpu         ] GC(71) User=2.64s Sys=0.00s Real=1.34s
[49.927s][info][gc,start       ] GC(72) Pause Full (Allocation Failure)
[49.927s][info][gc,phases,start] GC(72) Marking Phase
[50.690s][info][gc,phases      ] GC(72) Marking Phase 762.769ms
[50.690s][info][gc,phases,start] GC(72) Summary Phase
[50.690s][info][gc,phases      ] GC(72) Summary Phase 0.026ms
[50.690s][info][gc,phases,start] GC(72) Forward
[50.750s][info][gc,phases      ] GC(72) Forward 60.024ms
[50.750s][info][gc,phases,start] GC(72) Adjust Pointers
[51.089s][info][gc,phases      ] GC(72) Adjust Pointers 338.807ms
[51.089s][info][gc,phases,start] GC(72) Compaction Phase
[51.278s][info][gc,phases      ] GC(72) Compaction Phase 188.756ms
[51.278s][info][gc,phases,start] GC(72) Post Compact
[51.280s][info][gc,phases      ] GC(72) Post Compact 2.639ms
[51.280s][info][gc,heap        ] GC(72) PSYoungGen: 294400K(313344K)->226981K(313856K) Eden: 294400K(294400K)->226981K(294400K) From: 0K(18944K)->0K(19456K)
[51.280s][info][gc,heap        ] GC(72) ParOldGen: 667591K(667648K)->667591K(667648K)
[51.280s][info][gc,metaspace   ] GC(72) Metaspace: 8508K(8640K)->8508K(8640K) NonClass: 7500K(7552K)->7500K(7552K) Class: 1008K(1088K)->1008K(1088K)
[51.280s][info][gc             ] GC(72) Pause Full (Allocation Failure) 939M->873M(958M) 1353.418ms
[51.280s][info][gc,cpu         ] GC(72) User=2.67s Sys=0.00s Real=1.35s
[51.336s][info][gc,start       ] GC(73) Pause Full (Allocation Failure)
[51.336s][info][gc,phases,start] GC(73) Marking Phase
[52.094s][info][gc,phases      ] GC(73) Marking Phase 757.864ms
[52.094s][info][gc,phases,start] GC(73) Summary Phase
[52.094s][info][gc,phases      ] GC(73) Summary Phase 0.026ms
[52.094s][info][gc,phases,start] GC(73) Forward
[52.154s][info][gc,phases      ] GC(73) Forward 60.027ms
[52.155s][info][gc,phases,start] GC(73) Adjust Pointers
[52.490s][info][gc,phases      ] GC(73) Adjust Pointers 335.530ms
[52.490s][info][gc,phases,start] GC(73) Compaction Phase
[52.678s][info][gc,phases      ] GC(73) Compaction Phase 188.051ms
[52.678s][info][gc,phases,start] GC(73) Post Compact
[52.681s][info][gc,phases      ] GC(73) Post Compact 2.605ms
[52.681s][info][gc,heap        ] GC(73) PSYoungGen: 294400K(313856K)->229833K(313344K) Eden: 294400K(294400K)->229833K(294400K) From: 0K(19456K)->0K(18944K)
[52.681s][info][gc,heap        ] GC(73) ParOldGen: 667591K(667648K)->667591K(667648K)
[52.681s][info][gc,metaspace   ] GC(73) Metaspace: 8508K(8640K)->8508K(8640K) NonClass: 7500K(7552K)->7500K(7552K) Class: 1008K(1088K)->1008K(1088K)
[52.681s][info][gc             ] GC(73) Pause Full (Allocation Failure) 939M->876M(958M) 1344.566ms
[52.681s][info][gc,cpu         ] GC(73) User=2.65s Sys=0.00s Real=1.34s
[52.738s][info][gc,start       ] GC(74) Pause Full (Allocation Failure)
[52.738s][info][gc,phases,start] GC(74) Marking Phase
[53.504s][info][gc,phases      ] GC(74) Marking Phase 766.281ms
[53.504s][info][gc,phases,start] GC(74) Summary Phase
[53.505s][info][gc,phases      ] GC(74) Summary Phase 0.028ms
[53.505s][info][gc,phases,start] GC(74) Forward
[53.564s][info][gc,phases      ] GC(74) Forward 59.752ms
[53.564s][info][gc,phases,start] GC(74) Adjust Pointers
[53.901s][info][gc,phases      ] GC(74) Adjust Pointers 337.142ms
[53.902s][info][gc,phases,start] GC(74) Compaction Phase
[54.091s][info][gc,phases      ] GC(74) Compaction Phase 189.278ms
[54.091s][info][gc,phases,start] GC(74) Post Compact
[54.093s][info][gc,phases      ] GC(74) Post Compact 2.599ms
[54.093s][info][gc,heap        ] GC(74) PSYoungGen: 294400K(313344K)->234302K(313856K) Eden: 294400K(294400K)->234302K(294400K) From: 0K(18944K)->0K(19456K)
[54.094s][info][gc,heap        ] GC(74) ParOldGen: 667591K(667648K)->667591K(667648K)
[54.094s][info][gc,metaspace   ] GC(74) Metaspace: 8508K(8640K)->8508K(8640K) NonClass: 7500K(7552K)->7500K(7552K) Class: 1008K(1088K)->1008K(1088K)
[54.094s][info][gc             ] GC(74) Pause Full (Allocation Failure) 939M->880M(958M) 1355.436ms
[54.094s][info][gc,cpu         ] GC(74) User=2.67s Sys=0.00s Real=1.35s
[54.145s][info][gc,start       ] GC(75) Pause Full (Allocation Failure)
[54.145s][info][gc,phases,start] GC(75) Marking Phase
[54.914s][info][gc,phases      ] GC(75) Marking Phase 768.216ms
[54.914s][info][gc,phases,start] GC(75) Summary Phase
[54.914s][info][gc,phases      ] GC(75) Summary Phase 0.025ms
[54.914s][info][gc,phases,start] GC(75) Forward
[54.974s][info][gc,phases      ] GC(75) Forward 60.154ms
[54.974s][info][gc,phases,start] GC(75) Adjust Pointers
[55.315s][info][gc,phases      ] GC(75) Adjust Pointers 340.899ms
[55.315s][info][gc,phases,start] GC(75) Compaction Phase
[55.504s][info][gc,phases      ] GC(75) Compaction Phase 188.804ms
[55.504s][info][gc,phases,start] GC(75) Post Compact
[55.506s][info][gc,phases      ] GC(75) Post Compact 2.591ms
[55.506s][info][gc,heap        ] GC(75) PSYoungGen: 294400K(313856K)->236462K(313344K) Eden: 294400K(294400K)->236462K(294400K) From: 0K(19456K)->0K(18944K)
[55.506s][info][gc,heap        ] GC(75) ParOldGen: 667591K(667648K)->667591K(667648K)
[55.506s][info][gc,metaspace   ] GC(75) Metaspace: 8508K(8640K)->8508K(8640K) NonClass: 7500K(7552K)->7500K(7552K) Class: 1008K(1088K)->1008K(1088K)
[55.506s][info][gc             ] GC(75) Pause Full (Allocation Failure) 939M->882M(958M) 1361.112ms
[55.506s][info][gc,cpu         ] GC(75) User=2.68s Sys=0.00s Real=1.36s
[55.557s][info][gc,start       ] GC(76) Pause Full (Allocation Failure)
[55.557s][info][gc,phases,start] GC(76) Marking Phase
[56.325s][info][gc,phases      ] GC(76) Marking Phase 767.728ms
[56.325s][info][gc,phases,start] GC(76) Summary Phase
[56.325s][info][gc,phases      ] GC(76) Summary Phase 0.046ms
[56.325s][info][gc,phases,start] GC(76) Forward
[56.385s][info][gc,phases      ] GC(76) Forward 60.074ms
[56.385s][info][gc,phases,start] GC(76) Adjust Pointers
[56.724s][info][gc,phases      ] GC(76) Adjust Pointers 338.952ms
[56.724s][info][gc,phases,start] GC(76) Compaction Phase
[56.915s][info][gc,phases      ] GC(76) Compaction Phase 190.096ms
[56.915s][info][gc,phases,start] GC(76) Post Compact
[56.917s][info][gc,phases      ] GC(76) Post Compact 2.595ms
[56.917s][info][gc,heap        ] GC(76) PSYoungGen: 294400K(313344K)->240230K(313856K) Eden: 294400K(294400K)->240230K(294400K) From: 0K(18944K)->0K(19456K)
[56.917s][info][gc,heap        ] GC(76) ParOldGen: 667591K(667648K)->667591K(667648K)
[56.917s][info][gc,metaspace   ] GC(76) Metaspace: 8508K(8640K)->8508K(8640K) NonClass: 7500K(7552K)->7500K(7552K) Class: 1008K(1088K)->1008K(1088K)
[56.917s][info][gc             ] GC(76) Pause Full (Allocation Failure) 939M->886M(958M) 1359.878ms
[56.917s][info][gc,cpu         ] GC(76) User=2.68s Sys=0.00s Real=1.36s
[56.963s][info][gc,start       ] GC(77) Pause Full (Allocation Failure)
[56.963s][info][gc,phases,start] GC(77) Marking Phase
[57.733s][info][gc,phases      ] GC(77) Marking Phase 769.199ms
[57.733s][info][gc,phases,start] GC(77) Summary Phase
[57.733s][info][gc,phases      ] GC(77) Summary Phase 0.024ms
[57.733s][info][gc,phases,start] GC(77) Forward
[57.794s][info][gc,phases      ] GC(77) Forward 60.984ms
[57.794s][info][gc,phases,start] GC(77) Adjust Pointers
[58.133s][info][gc,phases      ] GC(77) Adjust Pointers 339.144ms
[58.133s][info][gc,phases,start] GC(77) Compaction Phase
[58.325s][info][gc,phases      ] GC(77) Compaction Phase 192.221ms
[58.325s][info][gc,phases,start] GC(77) Post Compact
[58.328s][info][gc,phases      ] GC(77) Post Compact 2.666ms
[58.328s][info][gc,heap        ] GC(77) PSYoungGen: 294400K(313856K)->243481K(313344K) Eden: 294400K(294400K)->243481K(294400K) From: 0K(19456K)->0K(18944K)
[58.328s][info][gc,heap        ] GC(77) ParOldGen: 667591K(667648K)->667591K(667648K)
[58.328s][info][gc,metaspace   ] GC(77) Metaspace: 8508K(8640K)->8508K(8640K) NonClass: 7500K(7552K)->7500K(7552K) Class: 1008K(1088K)->1008K(1088K)
[58.328s][info][gc             ] GC(77) Pause Full (Allocation Failure) 939M->889M(958M) 1364.626ms
[58.328s][info][gc,cpu         ] GC(77) User=2.69s Sys=0.00s Real=1.37s
[58.368s][info][gc,start       ] GC(78) Pause Full (Allocation Failure)
[58.368s][info][gc,phases,start] GC(78) Marking Phase
[59.135s][info][gc,phases      ] GC(78) Marking Phase 766.842ms
[59.135s][info][gc,phases,start] GC(78) Summary Phase
[59.135s][info][gc,phases      ] GC(78) Summary Phase 0.025ms
[59.135s][info][gc,phases,start] GC(78) Forward
[59.195s][info][gc,phases      ] GC(78) Forward 59.793ms
[59.195s][info][gc,phases,start] GC(78) Adjust Pointers
[59.536s][info][gc,phases      ] GC(78) Adjust Pointers 341.298ms
[59.536s][info][gc,phases,start] GC(78) Compaction Phase
[59.727s][info][gc,phases      ] GC(78) Compaction Phase 191.191ms
[59.727s][info][gc,phases,start] GC(78) Post Compact
[59.730s][info][gc,phases      ] GC(78) Post Compact 2.658ms
[59.730s][info][gc,heap        ] GC(78) PSYoungGen: 294400K(313344K)->245742K(313856K) Eden: 294400K(294400K)->245742K(294400K) From: 0K(18944K)->0K(19456K)
[59.730s][info][gc,heap        ] GC(78) ParOldGen: 667591K(667648K)->667591K(667648K)
[59.730s][info][gc,metaspace   ] GC(78) Metaspace: 8508K(8640K)->8508K(8640K) NonClass: 7500K(7552K)->7500K(7552K) Class: 1008K(1088K)->1008K(1088K)
[59.730s][info][gc             ] GC(78) Pause Full (Allocation Failure) 939M->891M(958M) 1362.155ms
[59.730s][info][gc,cpu         ] GC(78) User=2.69s Sys=0.00s Real=1.36s
[59.777s][info][gc,start       ] GC(79) Pause Full (Allocation Failure)
[59.777s][info][gc,phases,start] GC(79) Marking Phase
[60.552s][info][gc,phases      ] GC(79) Marking Phase 774.851ms
[60.552s][info][gc,phases,start] GC(79) Summary Phase
[60.552s][info][gc,phases      ] GC(79) Summary Phase 0.025ms
[60.552s][info][gc,phases,start] GC(79) Forward
[60.612s][info][gc,phases      ] GC(79) Forward 59.982ms
[60.612s][info][gc,phases,start] GC(79) Adjust Pointers
[60.962s][info][gc,phases      ] GC(79) Adjust Pointers 349.848ms
[60.962s][info][gc,phases,start] GC(79) Compaction Phase
[61.169s][info][gc,phases      ] GC(79) Compaction Phase 207.101ms
[61.169s][info][gc,phases,start] GC(79) Post Compact
[61.172s][info][gc,phases      ] GC(79) Post Compact 2.643ms
[61.172s][info][gc,heap        ] GC(79) PSYoungGen: 294400K(313856K)->247859K(313344K) Eden: 294400K(294400K)->247859K(294400K) From: 0K(19456K)->0K(18944K)
[61.172s][info][gc,heap        ] GC(79) ParOldGen: 667591K(667648K)->667591K(667648K)
[61.172s][info][gc,metaspace   ] GC(79) Metaspace: 8508K(8640K)->8508K(8640K) NonClass: 7500K(7552K)->7500K(7552K) Class: 1008K(1088K)->1008K(1088K)
[61.172s][info][gc             ] GC(79) Pause Full (Allocation Failure) 939M->893M(958M) 1394.830ms
[61.172s][info][gc,cpu         ] GC(79) User=2.76s Sys=0.00s Real=1.39s
[61.211s][info][gc,start       ] GC(80) Pause Full (Allocation Failure)
[61.211s][info][gc,phases,start] GC(80) Marking Phase
[61.986s][info][gc,phases      ] GC(80) Marking Phase 775.118ms
[61.986s][info][gc,phases,start] GC(80) Summary Phase
[61.986s][info][gc,phases      ] GC(80) Summary Phase 0.027ms
[61.986s][info][gc,phases,start] GC(80) Forward
[62.200s][info][gc,phases      ] GC(80) Forward 213.659ms
[62.200s][info][gc,phases,start] GC(80) Adjust Pointers
[62.614s][info][gc,phases      ] GC(80) Adjust Pointers 414.114ms
[62.614s][info][gc,phases,start] GC(80) Compaction Phase
[62.864s][info][gc,phases      ] GC(80) Compaction Phase 249.930ms
[62.864s][info][gc,phases,start] GC(80) Post Compact
[62.867s][info][gc,phases      ] GC(80) Post Compact 2.626ms
[62.867s][info][gc,heap        ] GC(80) PSYoungGen: 294400K(313344K)->250337K(313856K) Eden: 294400K(294400K)->250337K(294400K) From: 0K(18944K)->0K(19456K)
[62.867s][info][gc,heap        ] GC(80) ParOldGen: 667591K(667648K)->667591K(667648K)
[62.867s][info][gc,metaspace   ] GC(80) Metaspace: 8508K(8640K)->8508K(8640K) NonClass: 7500K(7552K)->7500K(7552K) Class: 1008K(1088K)->1008K(1088K)
[62.867s][info][gc             ] GC(80) Pause Full (Allocation Failure) 939M->896M(958M) 1655.876ms
[62.867s][info][gc,cpu         ] GC(80) User=3.27s Sys=0.00s Real=1.66s
[62.905s][info][gc,start       ] GC(81) Pause Full (Allocation Failure)
[62.905s][info][gc,phases,start] GC(81) Marking Phase
[63.682s][info][gc,phases      ] GC(81) Marking Phase 776.804ms
[63.682s][info][gc,phases,start] GC(81) Summary Phase
[63.682s][info][gc,phases      ] GC(81) Summary Phase 0.026ms
[63.682s][info][gc,phases,start] GC(81) Forward
[63.742s][info][gc,phases      ] GC(81) Forward 60.158ms
[63.742s][info][gc,phases,start] GC(81) Adjust Pointers
[64.084s][info][gc,phases      ] GC(81) Adjust Pointers 341.645ms
[64.084s][info][gc,phases,start] GC(81) Compaction Phase
[64.276s][info][gc,phases      ] GC(81) Compaction Phase 192.425ms
[64.276s][info][gc,phases,start] GC(81) Post Compact
[64.279s][info][gc,phases      ] GC(81) Post Compact 2.644ms
[64.279s][info][gc,heap        ] GC(81) PSYoungGen: 294400K(313856K)->252692K(313344K) Eden: 294400K(294400K)->252692K(294400K) From: 0K(19456K)->0K(18944K)
[64.279s][info][gc,heap        ] GC(81) ParOldGen: 667591K(667648K)->667591K(667648K)
[64.279s][info][gc,metaspace   ] GC(81) Metaspace: 8508K(8640K)->8508K(8640K) NonClass: 7500K(7552K)->7500K(7552K) Class: 1008K(1088K)->1008K(1088K)
[64.279s][info][gc             ] GC(81) Pause Full (Allocation Failure) 939M->898M(958M) 1374.062ms
[64.279s][info][gc,cpu         ] GC(81) User=2.71s Sys=0.00s Real=1.37s
[64.315s][info][gc,start       ] GC(82) Pause Full (Allocation Failure)
[64.315s][info][gc,phases,start] GC(82) Marking Phase
[65.087s][info][gc,phases      ] GC(82) Marking Phase 772.507ms
[65.087s][info][gc,phases,start] GC(82) Summary Phase
[65.087s][info][gc,phases      ] GC(82) Summary Phase 0.025ms
[65.087s][info][gc,phases,start] GC(82) Forward
[65.147s][info][gc,phases      ] GC(82) Forward 59.833ms
[65.147s][info][gc,phases,start] GC(82) Adjust Pointers
[65.493s][info][gc,phases      ] GC(82) Adjust Pointers 345.544ms
[65.493s][info][gc,phases,start] GC(82) Compaction Phase
[65.694s][info][gc,phases      ] GC(82) Compaction Phase 200.603ms
[65.694s][info][gc,phases,start] GC(82) Post Compact
[65.696s][info][gc,phases      ] GC(82) Post Compact 2.623ms
[65.696s][info][gc,heap        ] GC(82) PSYoungGen: 294400K(313344K)->254927K(313856K) Eden: 294400K(294400K)->254927K(294400K) From: 0K(18944K)->0K(19456K)
[65.696s][info][gc,heap        ] GC(82) ParOldGen: 667591K(667648K)->667591K(667648K)
[65.696s][info][gc,metaspace   ] GC(82) Metaspace: 8508K(8640K)->8508K(8640K) NonClass: 7500K(7552K)->7500K(7552K) Class: 1008K(1088K)->1008K(1088K)
[65.696s][info][gc             ] GC(82) Pause Full (Allocation Failure) 939M->900M(958M) 1381.510ms
[65.696s][info][gc,cpu         ] GC(82) User=2.73s Sys=0.00s Real=1.38s
[65.728s][info][gc,start       ] GC(83) Pause Full (Allocation Failure)
[65.728s][info][gc,phases,start] GC(83) Marking Phase
[66.509s][info][gc,phases      ] GC(83) Marking Phase 781.009ms
[66.510s][info][gc,phases,start] GC(83) Summary Phase
[66.510s][info][gc,phases      ] GC(83) Summary Phase 0.026ms
[66.510s][info][gc,phases,start] GC(83) Forward
[66.570s][info][gc,phases      ] GC(83) Forward 60.189ms
[66.570s][info][gc,phases,start] GC(83) Adjust Pointers
[66.920s][info][gc,phases      ] GC(83) Adjust Pointers 350.090ms
[66.920s][info][gc,phases,start] GC(83) Compaction Phase
[67.121s][info][gc,phases      ] GC(83) Compaction Phase 201.239ms
[67.121s][info][gc,phases,start] GC(83) Post Compact
[67.124s][info][gc,phases      ] GC(83) Post Compact 2.611ms
[67.124s][info][gc,heap        ] GC(83) PSYoungGen: 294400K(313856K)->256783K(313344K) Eden: 294400K(294400K)->256783K(294400K) From: 0K(19456K)->0K(18944K)
[67.124s][info][gc,heap        ] GC(83) ParOldGen: 667591K(667648K)->667591K(667648K)
[67.124s][info][gc,metaspace   ] GC(83) Metaspace: 8508K(8640K)->8508K(8640K) NonClass: 7500K(7552K)->7500K(7552K) Class: 1008K(1088K)->1008K(1088K)
[67.124s][info][gc             ] GC(83) Pause Full (Allocation Failure) 939M->902M(958M) 1395.518ms
[67.124s][info][gc,cpu         ] GC(83) User=2.76s Sys=0.00s Real=1.39s
[67.162s][info][gc,start       ] GC(84) Pause Full (Allocation Failure)
[67.162s][info][gc,phases,start] GC(84) Marking Phase
[67.942s][info][gc,phases      ] GC(84) Marking Phase 779.748ms
[67.942s][info][gc,phases,start] GC(84) Summary Phase
[67.942s][info][gc,phases      ] GC(84) Summary Phase 0.025ms
[67.942s][info][gc,phases,start] GC(84) Forward
[68.002s][info][gc,phases      ] GC(84) Forward 59.986ms
[68.002s][info][gc,phases,start] GC(84) Adjust Pointers
[68.345s][info][gc,phases      ] GC(84) Adjust Pointers 343.440ms
[68.345s][info][gc,phases,start] GC(84) Compaction Phase
[68.538s][info][gc,phases      ] GC(84) Compaction Phase 193.068ms
[68.538s][info][gc,phases,start] GC(84) Post Compact
[68.541s][info][gc,phases      ] GC(84) Post Compact 2.560ms
[68.541s][info][gc,heap        ] GC(84) PSYoungGen: 294400K(313344K)->259122K(313856K) Eden: 294400K(294400K)->259122K(294400K) From: 0K(18944K)->0K(19456K)
[68.541s][info][gc,heap        ] GC(84) ParOldGen: 667591K(667648K)->667591K(667648K)
[68.541s][info][gc,metaspace   ] GC(84) Metaspace: 8508K(8640K)->8508K(8640K) NonClass: 7500K(7552K)->7500K(7552K) Class: 1008K(1088K)->1008K(1088K)
[68.541s][info][gc             ] GC(84) Pause Full (Allocation Failure) 939M->904M(958M) 1379.212ms
[68.541s][info][gc,cpu         ] GC(84) User=2.73s Sys=0.01s Real=1.38s
[68.570s][info][gc,start       ] GC(85) Pause Full (Allocation Failure)
[68.570s][info][gc,phases,start] GC(85) Marking Phase
[69.363s][info][gc,phases      ] GC(85) Marking Phase 792.613ms
[69.363s][info][gc,phases,start] GC(85) Summary Phase
[69.363s][info][gc,phases      ] GC(85) Summary Phase 0.026ms
[69.363s][info][gc,phases,start] GC(85) Forward
[69.426s][info][gc,phases      ] GC(85) Forward 63.118ms
[69.426s][info][gc,phases,start] GC(85) Adjust Pointers
[69.775s][info][gc,phases      ] GC(85) Adjust Pointers 349.184ms
[69.775s][info][gc,phases,start] GC(85) Compaction Phase
[69.968s][info][gc,phases      ] GC(85) Compaction Phase 192.897ms
[69.968s][info][gc,phases,start] GC(85) Post Compact
[69.971s][info][gc,phases      ] GC(85) Post Compact 2.612ms
[69.971s][info][gc,heap        ] GC(85) PSYoungGen: 294400K(313856K)->261326K(313344K) Eden: 294400K(294400K)->261326K(294400K) From: 0K(19456K)->0K(18944K)
[69.971s][info][gc,heap        ] GC(85) ParOldGen: 667591K(667648K)->667591K(667648K)
[69.971s][info][gc,metaspace   ] GC(85) Metaspace: 8508K(8640K)->8508K(8640K) NonClass: 7500K(7552K)->7500K(7552K) Class: 1008K(1088K)->1008K(1088K)
[69.971s][info][gc             ] GC(85) Pause Full (Allocation Failure) 939M->907M(958M) 1400.847ms
[69.971s][info][gc,cpu         ] GC(85) User=2.77s Sys=0.00s Real=1.40s
[70.002s][info][gc,start       ] GC(86) Pause Full (Allocation Failure)
[70.002s][info][gc,phases,start] GC(86) Marking Phase
[70.790s][info][gc,phases      ] GC(86) Marking Phase 788.201ms
[70.790s][info][gc,phases,start] GC(86) Summary Phase
[70.790s][info][gc,phases      ] GC(86) Summary Phase 0.026ms
[70.790s][info][gc,phases,start] GC(86) Forward
[70.850s][info][gc,phases      ] GC(86) Forward 59.911ms
[70.850s][info][gc,phases,start] GC(86) Adjust Pointers
[71.199s][info][gc,phases      ] GC(86) Adjust Pointers 348.841ms
[71.199s][info][gc,phases,start] GC(86) Compaction Phase
[71.392s][info][gc,phases      ] GC(86) Compaction Phase 193.506ms
[71.392s][info][gc,phases,start] GC(86) Post Compact
[71.395s][info][gc,phases      ] GC(86) Post Compact 2.594ms
[71.395s][info][gc,heap        ] GC(86) PSYoungGen: 294400K(313344K)->263600K(313856K) Eden: 294400K(294400K)->263600K(294400K) From: 0K(18944K)->0K(19456K)
[71.395s][info][gc,heap        ] GC(86) ParOldGen: 667591K(667648K)->667591K(667648K)
[71.395s][info][gc,metaspace   ] GC(86) Metaspace: 8508K(8640K)->8508K(8640K) NonClass: 7500K(7552K)->7500K(7552K) Class: 1008K(1088K)->1008K(1088K)
[71.395s][info][gc             ] GC(86) Pause Full (Allocation Failure) 939M->909M(958M) 1393.416ms
[71.395s][info][gc,cpu         ] GC(86) User=2.76s Sys=0.00s Real=1.40s
[71.420s][info][gc,start       ] GC(87) Pause Full (Allocation Failure)
[71.420s][info][gc,phases,start] GC(87) Marking Phase
[72.210s][info][gc,phases      ] GC(87) Marking Phase 789.956ms
[72.210s][info][gc,phases,start] GC(87) Summary Phase
[72.210s][info][gc,phases      ] GC(87) Summary Phase 0.029ms
[72.210s][info][gc,phases,start] GC(87) Forward
[72.431s][info][gc,phases      ] GC(87) Forward 221.609ms
[72.431s][info][gc,phases,start] GC(87) Adjust Pointers
[72.855s][info][gc,phases      ] GC(87) Adjust Pointers 423.721ms
[72.855s][info][gc,phases,start] GC(87) Compaction Phase
[73.123s][info][gc,phases      ] GC(87) Compaction Phase 268.052ms
[73.123s][info][gc,phases,start] GC(87) Post Compact
[73.126s][info][metaspace      ] ChkMgr @0x00007ff33003f090 (non-class-space): : reclaiming memory...
[73.126s][info][metaspace      ] ChkMgr @0x00007ff33003f090 (non-class-space): nothing reclaimed.
[73.126s][info][metaspace      ] ChkMgr @0x00007ff33003eea0 (class-space): : reclaiming memory...
[73.126s][info][metaspace      ] ChkMgr @0x00007ff33003eea0 (class-space): nothing reclaimed.
[73.126s][info][gc,phases      ] GC(87) Post Compact 2.664ms
[73.126s][info][gc,heap        ] GC(87) PSYoungGen: 294400K(313856K)->264721K(313344K) Eden: 294400K(294400K)->264721K(294400K) From: 0K(19456K)->0K(18944K)
[73.126s][info][gc,heap        ] GC(87) ParOldGen: 667591K(667648K)->667527K(667648K)
[73.126s][info][gc,metaspace   ] GC(87) Metaspace: 8508K(8640K)->8491K(8640K) NonClass: 7500K(7552K)->7482K(7552K) Class: 1008K(1088K)->1008K(1088K)
[73.126s][info][gc             ] GC(87) Pause Full (Allocation Failure) 939M->910M(958M) 1706.465ms
[73.126s][info][gc,cpu         ] GC(87) User=3.37s Sys=0.00s Real=1.71s
[73.150s][info][gc,start       ] GC(88) Pause Full (Allocation Failure)
[73.150s][info][gc,phases,start] GC(88) Marking Phase
[73.939s][info][gc,phases      ] GC(88) Marking Phase 789.178ms
[73.939s][info][gc,phases,start] GC(88) Summary Phase
[73.939s][info][gc,phases      ] GC(88) Summary Phase 0.042ms
[73.939s][info][gc,phases,start] GC(88) Forward
[73.999s][info][gc,phases      ] GC(88) Forward 59.968ms
[73.999s][info][gc,phases,start] GC(88) Adjust Pointers
[74.344s][info][gc,phases      ] GC(88) Adjust Pointers 344.978ms
[74.344s][info][gc,phases,start] GC(88) Compaction Phase
[74.538s][info][gc,phases      ] GC(88) Compaction Phase 193.975ms
[74.538s][info][gc,phases,start] GC(88) Post Compact
[74.541s][info][gc,phases      ] GC(88) Post Compact 2.570ms
[74.541s][info][gc,heap        ] GC(88) PSYoungGen: 294400K(313344K)->265702K(313856K) Eden: 294400K(294400K)->265702K(294400K) From: 0K(18944K)->0K(19456K)
[74.541s][info][gc,heap        ] GC(88) ParOldGen: 667527K(667648K)->667527K(667648K)
[74.541s][info][gc,metaspace   ] GC(88) Metaspace: 8491K(8640K)->8491K(8640K) NonClass: 7482K(7552K)->7482K(7552K) Class: 1008K(1088K)->1008K(1088K)
[74.541s][info][gc             ] GC(88) Pause Full (Allocation Failure) 939M->911M(958M) 1391.107ms
[74.541s][info][gc,cpu         ] GC(88) User=2.75s Sys=0.00s Real=1.39s
[74.570s][info][gc,start       ] GC(89) Pause Full (Allocation Failure)
[74.570s][info][gc,phases,start] GC(89) Marking Phase
[75.360s][info][gc,phases      ] GC(89) Marking Phase 790.163ms
[75.360s][info][gc,phases,start] GC(89) Summary Phase
[75.360s][info][gc,phases      ] GC(89) Summary Phase 0.025ms
[75.360s][info][gc,phases,start] GC(89) Forward
[75.420s][info][gc,phases      ] GC(89) Forward 59.698ms
[75.420s][info][gc,phases,start] GC(89) Adjust Pointers
[75.768s][info][gc,phases      ] GC(89) Adjust Pointers 348.474ms
[75.768s][info][gc,phases,start] GC(89) Compaction Phase
[75.963s][info][gc,phases      ] GC(89) Compaction Phase 194.800ms
[75.963s][info][gc,phases,start] GC(89) Post Compact
[75.966s][info][gc,phases      ] GC(89) Post Compact 2.607ms
[75.966s][info][gc,heap        ] GC(89) PSYoungGen: 294400K(313856K)->268554K(313344K) Eden: 294400K(294400K)->268554K(294400K) From: 0K(19456K)->0K(18944K)
[75.966s][info][gc,heap        ] GC(89) ParOldGen: 667527K(667648K)->667527K(667648K)
[75.966s][info][gc,metaspace   ] GC(89) Metaspace: 8491K(8640K)->8491K(8640K) NonClass: 7482K(7552K)->7482K(7552K) Class: 1008K(1088K)->1008K(1088K)
[75.966s][info][gc             ] GC(89) Pause Full (Allocation Failure) 939M->914M(958M) 1396.095ms
[75.966s][info][gc,cpu         ] GC(89) User=2.77s Sys=0.00s Real=1.40s
[75.984s][info][gc,start       ] GC(90) Pause Full (Allocation Failure)
[75.984s][info][gc,phases,start] GC(90) Marking Phase
[76.770s][info][gc,phases      ] GC(90) Marking Phase 785.964ms
[76.770s][info][gc,phases,start] GC(90) Summary Phase
[76.770s][info][gc,phases      ] GC(90) Summary Phase 0.026ms
[76.770s][info][gc,phases,start] GC(90) Forward
[76.830s][info][gc,phases      ] GC(90) Forward 60.350ms
[76.830s][info][gc,phases,start] GC(90) Adjust Pointers
[77.175s][info][gc,phases      ] GC(90) Adjust Pointers 344.523ms
[77.175s][info][gc,phases,start] GC(90) Compaction Phase
[77.370s][info][gc,phases      ] GC(90) Compaction Phase 194.919ms
[77.370s][info][gc,phases,start] GC(90) Post Compact
[77.373s][info][gc,phases      ] GC(90) Post Compact 2.613ms
[77.373s][info][gc,heap        ] GC(90) PSYoungGen: 294400K(313344K)->268548K(313856K) Eden: 294400K(294400K)->268548K(294400K) From: 0K(18944K)->0K(19456K)
[77.373s][info][gc,heap        ] GC(90) ParOldGen: 667527K(667648K)->667527K(667648K)
[77.373s][info][gc,metaspace   ] GC(90) Metaspace: 8491K(8640K)->8491K(8640K) NonClass: 7482K(7552K)->7482K(7552K) Class: 1008K(1088K)->1008K(1088K)
[77.373s][info][gc             ] GC(90) Pause Full (Allocation Failure) 939M->914M(958M) 1388.779ms
[77.373s][info][gc,cpu         ] GC(90) User=2.75s Sys=0.00s Real=1.39s
[77.399s][info][gc,start       ] GC(91) Pause Full (Allocation Failure)
[77.399s][info][gc,phases,start] GC(91) Marking Phase
[78.195s][info][gc,phases      ] GC(91) Marking Phase 796.083ms
[78.195s][info][gc,phases,start] GC(91) Summary Phase
[78.195s][info][gc,phases      ] GC(91) Summary Phase 0.026ms
[78.195s][info][gc,phases,start] GC(91) Forward
[78.255s][info][gc,phases      ] GC(91) Forward 60.313ms
[78.255s][info][gc,phases,start] GC(91) Adjust Pointers
[78.605s][info][gc,phases      ] GC(91) Adjust Pointers 350.310ms
[78.606s][info][gc,phases,start] GC(91) Compaction Phase
[78.810s][info][gc,phases      ] GC(91) Compaction Phase 204.224ms
[78.810s][info][gc,phases,start] GC(91) Post Compact
[78.812s][info][gc,phases      ] GC(91) Post Compact 2.589ms
[78.812s][info][gc,heap        ] GC(91) PSYoungGen: 294400K(313856K)->269962K(313344K) Eden: 294400K(294400K)->269962K(294400K) From: 0K(19456K)->0K(18944K)
[78.813s][info][gc,heap        ] GC(91) ParOldGen: 667527K(667648K)->667527K(667648K)
[78.813s][info][gc,metaspace   ] GC(91) Metaspace: 8491K(8640K)->8491K(8640K) NonClass: 7482K(7552K)->7482K(7552K) Class: 1008K(1088K)->1008K(1088K)
[78.813s][info][gc             ] GC(91) Pause Full (Allocation Failure) 939M->915M(958M) 1413.958ms
[78.813s][info][gc,cpu         ] GC(91) User=2.79s Sys=0.00s Real=1.41s
[78.837s][info][gc,start       ] GC(92) Pause Full (Allocation Failure)
[78.837s][info][gc,phases,start] GC(92) Marking Phase
[79.623s][info][gc,phases      ] GC(92) Marking Phase 785.756ms
[79.623s][info][gc,phases,start] GC(92) Summary Phase
[79.623s][info][gc,phases      ] GC(92) Summary Phase 0.027ms
[79.623s][info][gc,phases,start] GC(92) Forward
[79.684s][info][gc,phases      ] GC(92) Forward 60.387ms
[79.684s][info][gc,phases,start] GC(92) Adjust Pointers
[80.030s][info][gc,phases      ] GC(92) Adjust Pointers 345.997ms
[80.030s][info][gc,phases,start] GC(92) Compaction Phase
[80.226s][info][gc,phases      ] GC(92) Compaction Phase 195.897ms
[80.226s][info][gc,phases,start] GC(92) Post Compact
[80.228s][info][gc,phases      ] GC(92) Post Compact 2.599ms
[80.228s][info][gc,heap        ] GC(92) PSYoungGen: 294400K(313344K)->272203K(313856K) Eden: 294400K(294400K)->272203K(294400K) From: 0K(18944K)->0K(19456K)
[80.228s][info][gc,heap        ] GC(92) ParOldGen: 667527K(667648K)->667527K(667648K)
[80.228s][info][gc,metaspace   ] GC(92) Metaspace: 8491K(8640K)->8491K(8640K) NonClass: 7482K(7552K)->7482K(7552K) Class: 1008K(1088K)->1008K(1088K)
[80.228s][info][gc             ] GC(92) Pause Full (Allocation Failure) 939M->917M(958M) 1391.024ms
[80.229s][info][gc,cpu         ] GC(92) User=2.75s Sys=0.00s Real=1.39s
[80.246s][info][gc,start       ] GC(93) Pause Full (Allocation Failure)
[80.246s][info][gc,phases,start] GC(93) Marking Phase
[81.032s][info][gc,phases      ] GC(93) Marking Phase 785.982ms
[81.032s][info][gc,phases,start] GC(93) Summary Phase
[81.032s][info][gc,phases      ] GC(93) Summary Phase 0.025ms
[81.032s][info][gc,phases,start] GC(93) Forward
[81.092s][info][gc,phases      ] GC(93) Forward 59.989ms
[81.092s][info][gc,phases,start] GC(93) Adjust Pointers
[81.437s][info][gc,phases      ] GC(93) Adjust Pointers 345.596ms
[81.437s][info][gc,phases,start] GC(93) Compaction Phase
[81.632s][info][gc,phases      ] GC(93) Compaction Phase 194.431ms
[81.632s][info][gc,phases,start] GC(93) Post Compact
[81.634s][info][gc,phases      ] GC(93) Post Compact 2.598ms
[81.634s][info][gc,heap        ] GC(93) PSYoungGen: 294400K(313856K)->272698K(313344K) Eden: 294400K(294400K)->272698K(294400K) From: 0K(19456K)->0K(18944K)
[81.634s][info][gc,heap        ] GC(93) ParOldGen: 667527K(667648K)->667527K(667648K)
[81.634s][info][gc,metaspace   ] GC(93) Metaspace: 8491K(8640K)->8491K(8640K) NonClass: 7482K(7552K)->7482K(7552K) Class: 1008K(1088K)->1008K(1088K)
[81.635s][info][gc             ] GC(93) Pause Full (Allocation Failure) 939M->918M(958M) 1388.975ms
[81.635s][info][gc,cpu         ] GC(93) User=2.75s Sys=0.00s Real=1.39s
[81.655s][info][gc,start       ] GC(94) Pause Full (Allocation Failure)
[81.655s][info][gc,phases,start] GC(94) Marking Phase
[82.447s][info][gc,phases      ] GC(94) Marking Phase 792.365ms
[82.447s][info][gc,phases,start] GC(94) Summary Phase
[82.447s][info][gc,phases      ] GC(94) Summary Phase 0.025ms
[82.447s][info][gc,phases,start] GC(94) Forward
[82.507s][info][gc,phases      ] GC(94) Forward 59.604ms
[82.507s][info][gc,phases,start] GC(94) Adjust Pointers
[82.857s][info][gc,phases      ] GC(94) Adjust Pointers 350.490ms
[82.858s][info][gc,phases,start] GC(94) Compaction Phase
[83.053s][info][gc,phases      ] GC(94) Compaction Phase 195.308ms
[83.053s][info][gc,phases,start] GC(94) Post Compact
[83.055s][info][gc,phases      ] GC(94) Post Compact 2.586ms
[83.056s][info][gc,heap        ] GC(94) PSYoungGen: 294400K(313344K)->274554K(313856K) Eden: 294400K(294400K)->274554K(294400K) From: 0K(18944K)->0K(19456K)
[83.056s][info][gc,heap        ] GC(94) ParOldGen: 667527K(667648K)->667527K(667648K)
[83.056s][info][gc,metaspace   ] GC(94) Metaspace: 8491K(8640K)->8491K(8640K) NonClass: 7482K(7552K)->7482K(7552K) Class: 1008K(1088K)->1008K(1088K)
[83.056s][info][gc             ] GC(94) Pause Full (Allocation Failure) 939M->920M(958M) 1400.736ms
[83.056s][info][gc,cpu         ] GC(94) User=2.78s Sys=0.00s Real=1.40s
[83.068s][info][gc,start       ] GC(95) Pause Full (Allocation Failure)
[83.068s][info][gc,phases,start] GC(95) Marking Phase
[83.865s][info][gc,phases      ] GC(95) Marking Phase 797.242ms
[83.865s][info][gc,phases,start] GC(95) Summary Phase
[83.865s][info][gc,phases      ] GC(95) Summary Phase 0.026ms
[83.865s][info][gc,phases,start] GC(95) Forward
[83.925s][info][gc,phases      ] GC(95) Forward 59.910ms
[83.925s][info][gc,phases,start] GC(95) Adjust Pointers
[84.271s][info][gc,phases      ] GC(95) Adjust Pointers 345.902ms
[84.271s][info][gc,phases,start] GC(95) Compaction Phase
[84.465s][info][gc,phases      ] GC(95) Compaction Phase 194.277ms
[84.465s][info][gc,phases,start] GC(95) Post Compact
[84.468s][info][gc,phases      ] GC(95) Post Compact 2.577ms
[84.468s][info][gc,heap        ] GC(95) PSYoungGen: 294400K(313856K)->274548K(313344K) Eden: 294400K(294400K)->274548K(294400K) From: 0K(19456K)->0K(18944K)
[84.468s][info][gc,heap        ] GC(95) ParOldGen: 667527K(667648K)->667527K(667648K)
[84.468s][info][gc,metaspace   ] GC(95) Metaspace: 8491K(8640K)->8491K(8640K) NonClass: 7482K(7552K)->7482K(7552K) Class: 1008K(1088K)->1008K(1088K)
[84.468s][info][gc             ] GC(95) Pause Full (Allocation Failure) 939M->919M(958M) 1400.309ms
[84.468s][info][gc,cpu         ] GC(95) User=2.77s Sys=0.00s Real=1.40s
[84.489s][info][gc,start       ] GC(96) Pause Full (Allocation Failure)
[84.489s][info][gc,phases,start] GC(96) Marking Phase
[85.285s][info][gc,phases      ] GC(96) Marking Phase 796.662ms
[85.285s][info][gc,phases,start] GC(96) Summary Phase
[85.285s][info][gc,phases      ] GC(96) Summary Phase 0.024ms
[85.285s][info][gc,phases,start] GC(96) Forward
[85.345s][info][gc,phases      ] GC(96) Forward 59.757ms
[85.345s][info][gc,phases,start] GC(96) Adjust Pointers
[85.693s][info][gc,phases      ] GC(96) Adjust Pointers 347.547ms
[85.693s][info][gc,phases,start] GC(96) Compaction Phase
[85.888s][info][gc,phases      ] GC(96) Compaction Phase 195.695ms
[85.889s][info][gc,phases,start] GC(96) Post Compact
[85.891s][info][gc,phases      ] GC(96) Post Compact 2.620ms
[85.891s][info][gc,heap        ] GC(96) PSYoungGen: 294400K(313344K)->276454K(313856K) Eden: 294400K(294400K)->276454K(294400K) From: 0K(18944K)->0K(19456K)
[85.891s][info][gc,heap        ] GC(96) ParOldGen: 667527K(667648K)->667527K(667648K)
[85.891s][info][gc,metaspace   ] GC(96) Metaspace: 8491K(8640K)->8491K(8640K) NonClass: 7482K(7552K)->7482K(7552K) Class: 1008K(1088K)->1008K(1088K)
[85.891s][info][gc             ] GC(96) Pause Full (Allocation Failure) 939M->921M(958M) 1402.657ms
[85.891s][info][gc,cpu         ] GC(96) User=2.78s Sys=0.01s Real=1.40s
[85.905s][info][gc,start       ] GC(97) Pause Full (Allocation Failure)
[85.905s][info][gc,phases,start] GC(97) Marking Phase
[86.698s][info][gc,phases      ] GC(97) Marking Phase 793.718ms
[86.698s][info][gc,phases,start] GC(97) Summary Phase
[86.699s][info][gc,phases      ] GC(97) Summary Phase 0.024ms
[86.699s][info][gc,phases,start] GC(97) Forward
[86.759s][info][gc,phases      ] GC(97) Forward 60.282ms
[86.759s][info][gc,phases,start] GC(97) Adjust Pointers
[87.109s][info][gc,phases      ] GC(97) Adjust Pointers 350.602ms
[87.110s][info][gc,phases,start] GC(97) Compaction Phase
[87.306s][info][gc,phases      ] GC(97) Compaction Phase 196.394ms
[87.306s][info][gc,phases,start] GC(97) Post Compact
[87.309s][info][gc,phases      ] GC(97) Post Compact 2.597ms
[87.309s][info][gc,heap        ] GC(97) PSYoungGen: 294400K(313856K)->277593K(313344K) Eden: 294400K(294400K)->277593K(294400K) From: 0K(19456K)->0K(18944K)
[87.309s][info][gc,heap        ] GC(97) ParOldGen: 667527K(667648K)->667527K(667648K)
[87.309s][info][gc,metaspace   ] GC(97) Metaspace: 8491K(8640K)->8491K(8640K) NonClass: 7482K(7552K)->7482K(7552K) Class: 1008K(1088K)->1008K(1088K)
[87.309s][info][gc             ] GC(97) Pause Full (Allocation Failure) 939M->922M(958M) 1403.970ms
[87.309s][info][gc,cpu         ] GC(97) User=2.79s Sys=0.00s Real=1.40s
[87.323s][info][gc,start       ] GC(98) Pause Full (Allocation Failure)
[87.323s][info][gc,phases,start] GC(98) Marking Phase
[88.120s][info][gc,phases      ] GC(98) Marking Phase 797.161ms
[88.120s][info][gc,phases,start] GC(98) Summary Phase
[88.120s][info][gc,phases      ] GC(98) Summary Phase 0.024ms
[88.120s][info][gc,phases,start] GC(98) Forward
[88.180s][info][gc,phases      ] GC(98) Forward 59.638ms
[88.180s][info][gc,phases,start] GC(98) Adjust Pointers
[88.531s][info][gc,phases      ] GC(98) Adjust Pointers 350.943ms
[88.531s][info][gc,phases,start] GC(98) Compaction Phase
[88.728s][info][gc,phases      ] GC(98) Compaction Phase 196.518ms
[88.728s][info][gc,phases,start] GC(98) Post Compact
[88.730s][info][gc,phases      ] GC(98) Post Compact 2.620ms
[88.730s][info][gc,heap        ] GC(98) PSYoungGen: 294400K(313344K)->277944K(313856K) Eden: 294400K(294400K)->277944K(294400K) From: 0K(18944K)->0K(19456K)
[88.730s][info][gc,heap        ] GC(98) ParOldGen: 667527K(667648K)->667527K(667648K)
[88.730s][info][gc,metaspace   ] GC(98) Metaspace: 8491K(8640K)->8491K(8640K) NonClass: 7482K(7552K)->7482K(7552K) Class: 1008K(1088K)->1008K(1088K)
[88.730s][info][gc             ] GC(98) Pause Full (Allocation Failure) 939M->923M(958M) 1407.261ms
[88.730s][info][gc,cpu         ] GC(98) User=2.79s Sys=0.00s Real=1.41s
[88.746s][info][gc,start       ] GC(99) Pause Full (Allocation Failure)
[88.746s][info][gc,phases,start] GC(99) Marking Phase
[89.546s][info][gc,phases      ] GC(99) Marking Phase 800.065ms
[89.546s][info][gc,phases,start] GC(99) Summary Phase
[89.546s][info][gc,phases      ] GC(99) Summary Phase 0.025ms
[89.546s][info][gc,phases,start] GC(99) Forward
[89.606s][info][gc,phases      ] GC(99) Forward 60.203ms
[89.606s][info][gc,phases,start] GC(99) Adjust Pointers
[89.955s][info][gc,phases      ] GC(99) Adjust Pointers 348.733ms
[89.955s][info][gc,phases,start] GC(99) Compaction Phase
[90.151s][info][gc,phases      ] GC(99) Compaction Phase 196.148ms
[90.151s][info][gc,phases,start] GC(99) Post Compact
[90.154s][info][gc,phases      ] GC(99) Post Compact 2.636ms
[90.154s][info][gc,heap        ] GC(99) PSYoungGen: 294400K(313856K)->279504K(313344K) Eden: 294400K(294400K)->279504K(294400K) From: 0K(19456K)->0K(18944K)
[90.154s][info][gc,heap        ] GC(99) ParOldGen: 667527K(667648K)->667527K(667648K)
[90.154s][info][gc,metaspace   ] GC(99) Metaspace: 8491K(8640K)->8491K(8640K) NonClass: 7482K(7552K)->7482K(7552K) Class: 1008K(1088K)->1008K(1088K)
[90.154s][info][gc             ] GC(99) Pause Full (Allocation Failure) 939M->924M(958M) 1408.162ms
[90.154s][info][gc,cpu         ] GC(99) User=2.79s Sys=0.00s Real=1.40s
[90.163s][info][gc,start       ] GC(100) Pause Full (Allocation Failure)
[90.163s][info][gc,phases,start] GC(100) Marking Phase
[90.965s][info][gc,phases      ] GC(100) Marking Phase 801.676ms
[90.965s][info][gc,phases,start] GC(100) Summary Phase
[90.965s][info][gc,phases      ] GC(100) Summary Phase 0.024ms
[90.965s][info][gc,phases,start] GC(100) Forward
[91.024s][info][gc,phases      ] GC(100) Forward 59.737ms
[91.024s][info][gc,phases,start] GC(100) Adjust Pointers
[91.374s][info][gc,phases      ] GC(100) Adjust Pointers 350.035ms
[91.374s][info][gc,phases,start] GC(100) Compaction Phase
[91.570s][info][gc,phases      ] GC(100) Compaction Phase 195.968ms
[91.571s][info][gc,phases,start] GC(100) Post Compact
[91.573s][info][gc,phases      ] GC(100) Post Compact 2.577ms
[91.573s][info][gc,heap        ] GC(100) PSYoungGen: 294400K(313344K)->279935K(313856K) Eden: 294400K(294400K)->279935K(294400K) From: 0K(18944K)->0K(19456K)
[91.573s][info][gc,heap        ] GC(100) ParOldGen: 667527K(667648K)->667527K(667648K)
[91.573s][info][gc,metaspace   ] GC(100) Metaspace: 8491K(8640K)->8491K(8640K) NonClass: 7482K(7552K)->7482K(7552K) Class: 1008K(1088K)->1008K(1088K)
[91.573s][info][gc             ] GC(100) Pause Full (Allocation Failure) 939M->925M(958M) 1410.341ms
[91.573s][info][gc,cpu         ] GC(100) User=2.80s Sys=0.00s Real=1.41s
[91.586s][info][gc,start       ] GC(101) Pause Full (Allocation Failure)
[91.586s][info][gc,phases,start] GC(101) Marking Phase
[92.385s][info][gc,phases      ] GC(101) Marking Phase 798.476ms
[92.385s][info][gc,phases,start] GC(101) Summary Phase
[92.385s][info][gc,phases      ] GC(101) Summary Phase 0.025ms
[92.385s][info][gc,phases,start] GC(101) Forward
[92.445s][info][gc,phases      ] GC(101) Forward 60.170ms
[92.445s][info][gc,phases,start] GC(101) Adjust Pointers
[92.800s][info][gc,phases      ] GC(101) Adjust Pointers 354.679ms
[92.800s][info][gc,phases,start] GC(101) Compaction Phase
[92.998s][info][gc,phases      ] GC(101) Compaction Phase 198.580ms
[92.998s][info][gc,phases,start] GC(101) Post Compact
[93.001s][info][gc,phases      ] GC(101) Post Compact 2.604ms
[93.001s][info][gc,heap        ] GC(101) PSYoungGen: 294400K(313856K)->279933K(313344K) Eden: 294400K(294400K)->279933K(294400K) From: 0K(19456K)->0K(18944K)
[93.001s][info][gc,heap        ] GC(101) ParOldGen: 667527K(667648K)->667527K(667648K)
[93.001s][info][gc,metaspace   ] GC(101) Metaspace: 8491K(8640K)->8491K(8640K) NonClass: 7482K(7552K)->7482K(7552K) Class: 1008K(1088K)->1008K(1088K)
[93.001s][info][gc             ] GC(101) Pause Full (Allocation Failure) 939M->925M(958M) 1414.893ms
[93.001s][info][gc,cpu         ] GC(101) User=2.80s Sys=0.00s Real=1.41s
[93.016s][info][gc,start       ] GC(102) Pause Full (Allocation Failure)
[93.016s][info][gc,phases,start] GC(102) Marking Phase
[93.821s][info][gc,phases      ] GC(102) Marking Phase 805.749ms
[93.821s][info][gc,phases,start] GC(102) Summary Phase
[93.821s][info][gc,phases      ] GC(102) Summary Phase 0.036ms
[93.821s][info][gc,phases,start] GC(102) Forward
[93.882s][info][gc,phases      ] GC(102) Forward 60.107ms
[93.882s][info][gc,phases,start] GC(102) Adjust Pointers
[94.230s][info][gc,phases      ] GC(102) Adjust Pointers 348.622ms
[94.230s][info][gc,phases,start] GC(102) Compaction Phase
[94.428s][info][gc,phases      ] GC(102) Compaction Phase 197.241ms
[94.428s][info][gc,phases,start] GC(102) Post Compact
[94.430s][info][gc,phases      ] GC(102) Post Compact 2.575ms
[94.430s][info][gc,heap        ] GC(102) PSYoungGen: 294400K(313344K)->280655K(313856K) Eden: 294400K(294400K)->280655K(294400K) From: 0K(18944K)->0K(19456K)
[94.430s][info][gc,heap        ] GC(102) ParOldGen: 667527K(667648K)->667527K(667648K)
[94.430s][info][gc,metaspace   ] GC(102) Metaspace: 8491K(8640K)->8491K(8640K) NonClass: 7482K(7552K)->7482K(7552K) Class: 1008K(1088K)->1008K(1088K)
[94.430s][info][gc             ] GC(102) Pause Full (Allocation Failure) 939M->925M(958M) 1414.700ms
[94.430s][info][gc,cpu         ] GC(102) User=2.80s Sys=0.00s Real=1.41s
[94.446s][info][gc,start       ] GC(103) Pause Full (Allocation Failure)
[94.446s][info][gc,phases,start] GC(103) Marking Phase
[95.252s][info][gc,phases      ] GC(103) Marking Phase 805.611ms
[95.252s][info][gc,phases,start] GC(103) Summary Phase
[95.252s][info][gc,phases      ] GC(103) Summary Phase 0.024ms
[95.252s][info][gc,phases,start] GC(103) Forward
[95.312s][info][gc,phases      ] GC(103) Forward 59.864ms
[95.312s][info][gc,phases,start] GC(103) Adjust Pointers
[95.663s][info][gc,phases      ] GC(103) Adjust Pointers 351.529ms
[95.663s][info][gc,phases,start] GC(103) Compaction Phase
[95.861s][info][gc,phases      ] GC(103) Compaction Phase 197.388ms
[95.861s][info][gc,phases,start] GC(103) Post Compact
[95.863s][info][gc,phases      ] GC(103) Post Compact 2.623ms
[95.863s][info][gc,heap        ] GC(103) PSYoungGen: 294400K(313856K)->281888K(313344K) Eden: 294400K(294400K)->281888K(294400K) From: 0K(19456K)->0K(18944K)
[95.863s][info][gc,heap        ] GC(103) ParOldGen: 667527K(667648K)->667527K(667648K)
[95.863s][info][gc,metaspace   ] GC(103) Metaspace: 8491K(8640K)->8491K(8640K) NonClass: 7482K(7552K)->7482K(7552K) Class: 1008K(1088K)->1008K(1088K)
[95.863s][info][gc             ] GC(103) Pause Full (Allocation Failure) 939M->927M(958M) 1417.436ms
[95.863s][info][gc,cpu         ] GC(103) User=2.81s Sys=0.00s Real=1.41s
[95.875s][info][gc,start       ] GC(104) Pause Full (Allocation Failure)
[95.875s][info][gc,phases,start] GC(104) Marking Phase
[96.687s][info][gc,phases      ] GC(104) Marking Phase 812.078ms
[96.687s][info][gc,phases,start] GC(104) Summary Phase
[96.687s][info][gc,phases      ] GC(104) Summary Phase 0.025ms
[96.687s][info][gc,phases,start] GC(104) Forward
[96.748s][info][gc,phases      ] GC(104) Forward 60.572ms
[96.748s][info][gc,phases,start] GC(104) Adjust Pointers
[97.097s][info][gc,phases      ] GC(104) Adjust Pointers 348.812ms
[97.097s][info][gc,phases,start] GC(104) Compaction Phase
[97.294s][info][gc,phases      ] GC(104) Compaction Phase 197.288ms
[97.294s][info][gc,phases,start] GC(104) Post Compact
[97.297s][info][gc,phases      ] GC(104) Post Compact 2.608ms
[97.297s][info][gc,heap        ] GC(104) PSYoungGen: 294400K(313344K)->282763K(313856K) Eden: 294400K(294400K)->282763K(294400K) From: 0K(18944K)->0K(19456K)
[97.297s][info][gc,heap        ] GC(104) ParOldGen: 667527K(667648K)->667527K(667648K)
[97.297s][info][gc,metaspace   ] GC(104) Metaspace: 8491K(8640K)->8491K(8640K) NonClass: 7482K(7552K)->7482K(7552K) Class: 1008K(1088K)->1008K(1088K)
[97.297s][info][gc             ] GC(104) Pause Full (Allocation Failure) 939M->928M(958M) 1421.723ms
[97.297s][info][gc,cpu         ] GC(104) User=2.82s Sys=0.00s Real=1.42s
[97.308s][info][gc,start       ] GC(105) Pause Full (Allocation Failure)
[97.308s][info][gc,phases,start] GC(105) Marking Phase
[98.115s][info][gc,phases      ] GC(105) Marking Phase 807.011ms
[98.115s][info][gc,phases,start] GC(105) Summary Phase
[98.115s][info][gc,phases      ] GC(105) Summary Phase 0.025ms
[98.115s][info][gc,phases,start] GC(105) Forward
[98.176s][info][gc,phases      ] GC(105) Forward 60.510ms
[98.176s][info][gc,phases,start] GC(105) Adjust Pointers
[98.530s][info][gc,phases      ] GC(105) Adjust Pointers 354.072ms
[98.530s][info][gc,phases,start] GC(105) Compaction Phase
[98.728s][info][gc,phases      ] GC(105) Compaction Phase 197.722ms
[98.728s][info][gc,phases,start] GC(105) Post Compact
[98.730s][info][gc,phases      ] GC(105) Post Compact 2.634ms
[98.730s][info][gc,heap        ] GC(105) PSYoungGen: 294400K(313856K)->283947K(313344K) Eden: 294400K(294400K)->283947K(294400K) From: 0K(19456K)->0K(18944K)
[98.730s][info][gc,heap        ] GC(105) ParOldGen: 667527K(667648K)->667527K(667648K)
[98.730s][info][gc,metaspace   ] GC(105) Metaspace: 8491K(8640K)->8491K(8640K) NonClass: 7482K(7552K)->7482K(7552K) Class: 1008K(1088K)->1008K(1088K)
[98.730s][info][gc             ] GC(105) Pause Full (Allocation Failure) 939M->929M(958M) 1422.317ms
[98.730s][info][gc,cpu         ] GC(105) User=2.82s Sys=0.01s Real=1.42s
[98.737s][info][gc,start       ] GC(106) Pause Full (Allocation Failure)
[98.737s][info][gc,phases,start] GC(106) Marking Phase
[99.537s][info][gc,phases      ] GC(106) Marking Phase 800.607ms
[99.537s][info][gc,phases,start] GC(106) Summary Phase
[99.537s][info][gc,phases      ] GC(106) Summary Phase 0.026ms
[99.537s][info][gc,phases,start] GC(106) Forward
[99.597s][info][gc,phases      ] GC(106) Forward 60.000ms
[99.597s][info][gc,phases,start] GC(106) Adjust Pointers
[99.946s][info][gc,phases      ] GC(106) Adjust Pointers 348.947ms
[99.946s][info][gc,phases,start] GC(106) Compaction Phase
[100.143s][info][gc,phases      ] GC(106) Compaction Phase 196.501ms
[100.143s][info][gc,phases,start] GC(106) Post Compact
[100.146s][info][gc,phases      ] GC(106) Post Compact 2.594ms
[100.146s][info][gc,heap        ] GC(106) PSYoungGen: 294400K(313344K)->284178K(313856K) Eden: 294400K(294400K)->284178K(294400K) From: 0K(18944K)->0K(19456K)
[100.146s][info][gc,heap        ] GC(106) ParOldGen: 667527K(667648K)->667527K(667648K)
[100.146s][info][gc,metaspace   ] GC(106) Metaspace: 8491K(8640K)->8491K(8640K) NonClass: 7482K(7552K)->7482K(7552K) Class: 1008K(1088K)->1008K(1088K)
[100.146s][info][gc             ] GC(106) Pause Full (Allocation Failure) 939M->929M(958M) 1409.050ms
[100.146s][info][gc,cpu         ] GC(106) User=2.79s Sys=0.00s Real=1.41s
[100.154s][info][gc,start       ] GC(107) Pause Full (Allocation Failure)
[100.154s][info][gc,phases,start] GC(107) Marking Phase
[100.954s][info][gc,phases      ] GC(107) Marking Phase 799.815ms
[100.954s][info][gc,phases,start] GC(107) Summary Phase
[100.954s][info][gc,phases      ] GC(107) Summary Phase 0.024ms
[100.954s][info][gc,phases,start] GC(107) Forward
[101.014s][info][gc,phases      ] GC(107) Forward 59.998ms
[101.014s][info][gc,phases,start] GC(107) Adjust Pointers
[101.362s][info][gc,phases      ] GC(107) Adjust Pointers 348.165ms
[101.362s][info][gc,phases,start] GC(107) Compaction Phase
[101.559s][info][gc,phases      ] GC(107) Compaction Phase 197.121ms
[101.560s][info][gc,phases,start] GC(107) Post Compact
[101.562s][info][gc,phases      ] GC(107) Post Compact 2.611ms
[101.562s][info][gc,heap        ] GC(107) PSYoungGen: 294400K(313856K)->284172K(313344K) Eden: 294400K(294400K)->284172K(294400K) From: 0K(19456K)->0K(18944K)
[101.562s][info][gc,heap        ] GC(107) ParOldGen: 667527K(667648K)->667527K(667648K)
[101.562s][info][gc,metaspace   ] GC(107) Metaspace: 8491K(8640K)->8491K(8640K) NonClass: 7482K(7552K)->7482K(7552K) Class: 1008K(1088K)->1008K(1088K)
[101.562s][info][gc             ] GC(107) Pause Full (Allocation Failure) 939M->929M(958M) 1408.072ms
[101.562s][info][gc,cpu         ] GC(107) User=2.79s Sys=0.00s Real=1.41s
[101.572s][info][gc,start       ] GC(108) Pause Full (Allocation Failure)
[101.572s][info][gc,phases,start] GC(108) Marking Phase
[102.370s][info][gc,phases      ] GC(108) Marking Phase 798.338ms
[102.370s][info][gc,phases,start] GC(108) Summary Phase
[102.370s][info][gc,phases      ] GC(108) Summary Phase 0.025ms
[102.370s][info][gc,phases,start] GC(108) Forward
[102.430s][info][gc,phases      ] GC(108) Forward 59.956ms
[102.430s][info][gc,phases,start] GC(108) Adjust Pointers
[102.783s][info][gc,phases      ] GC(108) Adjust Pointers 352.181ms
[102.783s][info][gc,phases,start] GC(108) Compaction Phase
[102.981s][info][gc,phases      ] GC(108) Compaction Phase 198.208ms
[102.981s][info][gc,phases,start] GC(108) Post Compact
[102.983s][info][gc,phases      ] GC(108) Post Compact 2.610ms
[102.984s][info][gc,heap        ] GC(108) PSYoungGen: 294400K(313344K)->284890K(313856K) Eden: 294400K(294400K)->284890K(294400K) From: 0K(18944K)->0K(19456K)
[102.984s][info][gc,heap        ] GC(108) ParOldGen: 667527K(667648K)->667527K(667648K)
[102.984s][info][gc,metaspace   ] GC(108) Metaspace: 8491K(8640K)->8491K(8640K) NonClass: 7482K(7552K)->7482K(7552K) Class: 1008K(1088K)->1008K(1088K)
[102.984s][info][gc             ] GC(108) Pause Full (Allocation Failure) 939M->930M(958M) 1411.664ms
[102.984s][info][gc,cpu         ] GC(108) User=2.79s Sys=0.00s Real=1.41s
[102.992s][info][gc,start       ] GC(109) Pause Full (Allocation Failure)
[102.993s][info][gc,phases,start] GC(109) Marking Phase
[103.794s][info][gc,phases      ] GC(109) Marking Phase 801.453ms
[103.794s][info][gc,phases,start] GC(109) Summary Phase
[103.794s][info][gc,phases      ] GC(109) Summary Phase 0.026ms
[103.794s][info][gc,phases,start] GC(109) Forward
[103.854s][info][gc,phases      ] GC(109) Forward 60.110ms
[103.854s][info][gc,phases,start] GC(109) Adjust Pointers
[104.208s][info][gc,phases      ] GC(109) Adjust Pointers 353.582ms
[104.208s][info][gc,phases,start] GC(109) Compaction Phase
[104.406s][info][gc,phases      ] GC(109) Compaction Phase 197.783ms
[104.406s][info][gc,phases,start] GC(109) Post Compact
[104.408s][info][gc,phases      ] GC(109) Post Compact 2.612ms
[104.408s][info][gc,heap        ] GC(109) PSYoungGen: 294400K(313856K)->285772K(313344K) Eden: 294400K(294400K)->285772K(294400K) From: 0K(19456K)->0K(18944K)
[104.408s][info][gc,heap        ] GC(109) ParOldGen: 667527K(667648K)->667527K(667648K)
[104.408s][info][gc,metaspace   ] GC(109) Metaspace: 8491K(8640K)->8491K(8640K) NonClass: 7482K(7552K)->7482K(7552K) Class: 1008K(1088K)->1008K(1088K)
[104.408s][info][gc             ] GC(109) Pause Full (Allocation Failure) 939M->930M(958M) 1415.951ms
[104.408s][info][gc,cpu         ] GC(109) User=2.81s Sys=0.00s Real=1.42s
[104.417s][info][gc,start       ] GC(110) Pause Full (Allocation Failure)
[104.417s][info][gc,phases,start] GC(110) Marking Phase
[105.226s][info][gc,phases      ] GC(110) Marking Phase 808.630ms
[105.226s][info][gc,phases,start] GC(110) Summary Phase
[105.226s][info][gc,phases      ] GC(110) Summary Phase 0.025ms
[105.226s][info][gc,phases,start] GC(110) Forward
[105.286s][info][gc,phases      ] GC(110) Forward 59.900ms
[105.286s][info][gc,phases,start] GC(110) Adjust Pointers
[105.635s][info][gc,phases      ] GC(110) Adjust Pointers 349.321ms
[105.635s][info][gc,phases,start] GC(110) Compaction Phase
[105.833s][info][gc,phases      ] GC(110) Compaction Phase 197.904ms
[105.833s][info][gc,phases,start] GC(110) Post Compact
[105.836s][info][gc,phases      ] GC(110) Post Compact 2.633ms
[105.836s][info][gc,heap        ] GC(110) PSYoungGen: 294400K(313344K)->286753K(313856K) Eden: 294400K(294400K)->286753K(294400K) From: 0K(18944K)->0K(19456K)
[105.836s][info][gc,heap        ] GC(110) ParOldGen: 667527K(667648K)->667527K(667648K)
[105.836s][info][gc,metaspace   ] GC(110) Metaspace: 8491K(8640K)->8491K(8640K) NonClass: 7482K(7552K)->7482K(7552K) Class: 1008K(1088K)->1008K(1088K)
[105.836s][info][gc             ] GC(110) Pause Full (Allocation Failure) 939M->931M(958M) 1418.827ms
[105.836s][info][gc,cpu         ] GC(110) User=2.81s Sys=0.00s Real=1.42s
[105.839s][info][gc,start       ] GC(111) Pause Full (Allocation Failure)
[105.839s][info][gc,phases,start] GC(111) Marking Phase
[106.659s][info][gc,phases      ] GC(111) Marking Phase 819.946ms
[106.659s][info][gc,phases,start] GC(111) Summary Phase
[106.659s][info][gc,phases      ] GC(111) Summary Phase 0.026ms
[106.659s][info][gc,phases,start] GC(111) Forward
[106.720s][info][gc,phases      ] GC(111) Forward 60.649ms
[106.720s][info][gc,phases,start] GC(111) Adjust Pointers
[107.081s][info][gc,phases      ] GC(111) Adjust Pointers 360.420ms
[107.081s][info][gc,phases,start] GC(111) Compaction Phase
[107.278s][info][gc,phases      ] GC(111) Compaction Phase 196.955ms
[107.278s][info][gc,phases,start] GC(111) Post Compact
[107.280s][info][gc,phases      ] GC(111) Post Compact 2.592ms
[107.280s][info][gc,heap        ] GC(111) PSYoungGen: 294400K(313856K)->286609K(313344K) Eden: 294400K(294400K)->286609K(294400K) From: 0K(19456K)->0K(18944K)
[107.280s][info][gc,heap        ] GC(111) ParOldGen: 667527K(667648K)->667527K(667648K)
[107.280s][info][gc,metaspace   ] GC(111) Metaspace: 8491K(8640K)->8491K(8640K) NonClass: 7482K(7552K)->7482K(7552K) Class: 1008K(1088K)->1008K(1088K)
[107.280s][info][gc             ] GC(111) Pause Full (Allocation Failure) 939M->931M(958M) 1440.935ms
[107.280s][info][gc,cpu         ] GC(111) User=2.85s Sys=0.01s Real=1.44s
[107.286s][info][gc,start       ] GC(112) Pause Full (Allocation Failure)
[107.286s][info][gc,phases,start] GC(112) Marking Phase
[108.093s][info][gc,phases      ] GC(112) Marking Phase 806.701ms
[108.093s][info][gc,phases,start] GC(112) Summary Phase
[108.093s][info][gc,phases      ] GC(112) Summary Phase 0.024ms
[108.093s][info][gc,phases,start] GC(112) Forward
[108.153s][info][gc,phases      ] GC(112) Forward 59.910ms
[108.153s][info][gc,phases,start] GC(112) Adjust Pointers
[108.502s][info][gc,phases      ] GC(112) Adjust Pointers 348.691ms
[108.502s][info][gc,phases,start] GC(112) Compaction Phase
[108.709s][info][gc,phases      ] GC(112) Compaction Phase 206.625ms
[108.709s][info][gc,phases,start] GC(112) Post Compact
[108.711s][info][gc,phases      ] GC(112) Post Compact 2.655ms
[108.711s][info][gc,heap        ] GC(112) PSYoungGen: 294400K(313344K)->286307K(313856K) Eden: 294400K(294400K)->286307K(294400K) From: 0K(18944K)->0K(19456K)
[108.711s][info][gc,heap        ] GC(112) ParOldGen: 667527K(667648K)->667527K(667648K)
[108.711s][info][gc,metaspace   ] GC(112) Metaspace: 8491K(8640K)->8491K(8640K) NonClass: 7482K(7552K)->7482K(7552K) Class: 1008K(1088K)->1008K(1088K)
[108.711s][info][gc             ] GC(112) Pause Full (Allocation Failure) 939M->931M(958M) 1424.995ms
[108.711s][info][gc,cpu         ] GC(112) User=2.82s Sys=0.00s Real=1.42s
[108.720s][info][gc,start       ] GC(113) Pause Full (Allocation Failure)
[108.720s][info][gc,phases,start] GC(113) Marking Phase
[109.524s][info][gc,phases      ] GC(113) Marking Phase 803.457ms
[109.524s][info][gc,phases,start] GC(113) Summary Phase
[109.524s][info][gc,phases      ] GC(113) Summary Phase 0.026ms
[109.524s][info][gc,phases,start] GC(113) Forward
[109.584s][info][gc,phases      ] GC(113) Forward 60.108ms
[109.584s][info][gc,phases,start] GC(113) Adjust Pointers
[109.938s][info][gc,phases      ] GC(113) Adjust Pointers 354.280ms
[109.938s][info][gc,phases,start] GC(113) Compaction Phase
[110.135s][info][gc,phases      ] GC(113) Compaction Phase 196.353ms
[110.135s][info][gc,phases,start] GC(113) Post Compact
[110.137s][info][gc,phases      ] GC(113) Post Compact 2.629ms
[110.137s][info][gc,heap        ] GC(113) PSYoungGen: 294400K(313856K)->286967K(313344K) Eden: 294400K(294400K)->286967K(294400K) From: 0K(19456K)->0K(18944K)
[110.137s][info][gc,heap        ] GC(113) ParOldGen: 667527K(667648K)->667527K(667648K)
[110.137s][info][gc,metaspace   ] GC(113) Metaspace: 8491K(8640K)->8491K(8640K) NonClass: 7482K(7552K)->7482K(7552K) Class: 1008K(1088K)->1008K(1088K)
[110.137s][info][gc             ] GC(113) Pause Full (Allocation Failure) 939M->932M(958M) 1417.193ms
[110.137s][info][gc,cpu         ] GC(113) User=2.81s Sys=0.00s Real=1.42s
[110.144s][info][gc,start       ] GC(114) Pause Full (Allocation Failure)
[110.144s][info][gc,phases,start] GC(114) Marking Phase
[110.951s][info][gc,phases      ] GC(114) Marking Phase 806.673ms
[110.951s][info][gc,phases,start] GC(114) Summary Phase
[110.951s][info][gc,phases      ] GC(114) Summary Phase 0.025ms
[110.951s][info][gc,phases,start] GC(114) Forward
[111.012s][info][gc,phases      ] GC(114) Forward 60.880ms
[111.012s][info][gc,phases,start] GC(114) Adjust Pointers
[111.363s][info][gc,phases      ] GC(114) Adjust Pointers 351.266ms
[111.363s][info][gc,phases,start] GC(114) Compaction Phase
[111.561s][info][gc,phases      ] GC(114) Compaction Phase 197.110ms
[111.561s][info][gc,phases,start] GC(114) Post Compact
[111.563s][info][gc,phases      ] GC(114) Post Compact 2.588ms
[111.563s][info][gc,heap        ] GC(114) PSYoungGen: 294400K(313344K)->287642K(313856K) Eden: 294400K(294400K)->287642K(294400K) From: 0K(18944K)->0K(19456K)
[111.563s][info][gc,heap        ] GC(114) ParOldGen: 667527K(667648K)->667527K(667648K)
[111.563s][info][gc,metaspace   ] GC(114) Metaspace: 8491K(8640K)->8491K(8640K) NonClass: 7482K(7552K)->7482K(7552K) Class: 1008K(1088K)->1008K(1088K)
[111.563s][info][gc             ] GC(114) Pause Full (Allocation Failure) 939M->932M(958M) 1418.899ms
[111.563s][info][gc,cpu         ] GC(114) User=2.82s Sys=0.00s Real=1.42s
[111.570s][info][gc,start       ] GC(115) Pause Full (Allocation Failure)
[111.570s][info][gc,phases,start] GC(115) Marking Phase
[112.372s][info][gc,phases      ] GC(115) Marking Phase 802.412ms
[112.372s][info][gc,phases,start] GC(115) Summary Phase
[112.372s][info][gc,phases      ] GC(115) Summary Phase 0.025ms
[112.372s][info][gc,phases,start] GC(115) Forward
[112.432s][info][gc,phases      ] GC(115) Forward 59.889ms
[112.432s][info][gc,phases,start] GC(115) Adjust Pointers
[112.785s][info][gc,phases      ] GC(115) Adjust Pointers 352.454ms
[112.785s][info][gc,phases,start] GC(115) Compaction Phase
[112.983s][info][gc,phases      ] GC(115) Compaction Phase 198.075ms
[112.983s][info][gc,phases,start] GC(115) Post Compact
[112.985s][info][gc,phases      ] GC(115) Post Compact 2.607ms
[112.985s][info][gc,heap        ] GC(115) PSYoungGen: 294400K(313856K)->288250K(313344K) Eden: 294400K(294400K)->288250K(294400K) From: 0K(19456K)->0K(18944K)
[112.985s][info][gc,heap        ] GC(115) ParOldGen: 667527K(667648K)->667527K(667648K)
[112.985s][info][gc,metaspace   ] GC(115) Metaspace: 8491K(8640K)->8491K(8640K) NonClass: 7482K(7552K)->7482K(7552K) Class: 1008K(1088K)->1008K(1088K)
[112.985s][info][gc             ] GC(115) Pause Full (Allocation Failure) 939M->933M(958M) 1415.793ms
[112.985s][info][gc,cpu         ] GC(115) User=2.81s Sys=0.00s Real=1.42s
[112.992s][info][gc,start       ] GC(116) Pause Full (Allocation Failure)
[112.992s][info][gc,phases,start] GC(116) Marking Phase
[113.805s][info][gc,phases      ] GC(116) Marking Phase 812.971ms
[113.805s][info][gc,phases,start] GC(116) Summary Phase
[113.805s][info][gc,phases      ] GC(116) Summary Phase 0.025ms
[113.805s][info][gc,phases,start] GC(116) Forward
[113.867s][info][gc,phases      ] GC(116) Forward 61.602ms
[113.867s][info][gc,phases,start] GC(116) Adjust Pointers
[114.217s][info][gc,phases      ] GC(116) Adjust Pointers 350.264ms
[114.217s][info][gc,phases,start] GC(116) Compaction Phase
[114.416s][info][gc,phases      ] GC(116) Compaction Phase 199.262ms
[114.416s][info][gc,phases,start] GC(116) Post Compact
[114.419s][info][gc,phases      ] GC(116) Post Compact 2.595ms
[114.419s][info][gc,heap        ] GC(116) PSYoungGen: 294400K(313344K)->288972K(313856K) Eden: 294400K(294400K)->288972K(294400K) From: 0K(18944K)->0K(19456K)
[114.419s][info][gc,heap        ] GC(116) ParOldGen: 667527K(667648K)->667527K(667648K)
[114.419s][info][gc,metaspace   ] GC(116) Metaspace: 8491K(8640K)->8491K(8640K) NonClass: 7482K(7552K)->7482K(7552K) Class: 1008K(1088K)->1008K(1088K)
[114.419s][info][gc             ] GC(116) Pause Full (Allocation Failure) 939M->934M(958M) 1427.096ms
[114.419s][info][gc,cpu         ] GC(116) User=2.82s Sys=0.00s Real=1.43s
[114.422s][info][gc,start       ] GC(117) Pause Full (Allocation Failure)
[114.423s][info][gc,phases,start] GC(117) Marking Phase
[115.228s][info][gc,phases      ] GC(117) Marking Phase 804.985ms
[115.228s][info][gc,phases,start] GC(117) Summary Phase
[115.228s][info][gc,phases      ] GC(117) Summary Phase 0.024ms
[115.228s][info][gc,phases,start] GC(117) Forward
[115.287s][info][gc,phases      ] GC(117) Forward 59.744ms
[115.287s][info][gc,phases,start] GC(117) Adjust Pointers
[115.642s][info][gc,phases      ] GC(117) Adjust Pointers 354.597ms
[115.642s][info][gc,phases,start] GC(117) Compaction Phase
[115.840s][info][gc,phases      ] GC(117) Compaction Phase 197.658ms
[115.840s][info][gc,phases,start] GC(117) Post Compact
[115.842s][info][gc,phases      ] GC(117) Post Compact 2.633ms
[115.842s][info][gc,heap        ] GC(117) PSYoungGen: 294400K(313856K)->289075K(313344K) Eden: 294400K(294400K)->289075K(294400K) From: 0K(19456K)->0K(18944K)
[115.842s][info][gc,heap        ] GC(117) ParOldGen: 667527K(667648K)->667527K(667648K)
[115.842s][info][gc,metaspace   ] GC(117) Metaspace: 8491K(8640K)->8491K(8640K) NonClass: 7482K(7552K)->7482K(7552K) Class: 1008K(1088K)->1008K(1088K)
[115.842s][info][gc             ] GC(117) Pause Full (Allocation Failure) 939M->934M(958M) 1420.008ms
[115.843s][info][gc,cpu         ] GC(117) User=2.81s Sys=0.00s Real=1.42s
[115.844s][info][gc,start       ] GC(118) Pause Full (Allocation Failure)
[115.844s][info][gc,phases,start] GC(118) Marking Phase
[116.647s][info][gc,phases      ] GC(118) Marking Phase 802.615ms
[116.647s][info][gc,phases,start] GC(118) Summary Phase
[116.647s][info][gc,phases      ] GC(118) Summary Phase 0.025ms
[116.647s][info][gc,phases,start] GC(118) Forward
[116.707s][info][gc,phases      ] GC(118) Forward 60.244ms
[116.707s][info][gc,phases,start] GC(118) Adjust Pointers
[117.059s][info][gc,phases      ] GC(118) Adjust Pointers 351.892ms
[117.059s][info][gc,phases,start] GC(118) Compaction Phase
[117.256s][info][gc,phases      ] GC(118) Compaction Phase 197.025ms
[117.256s][info][gc,phases,start] GC(118) Post Compact
[117.259s][info][gc,phases      ] GC(118) Post Compact 2.579ms
[117.259s][info][gc,heap        ] GC(118) PSYoungGen: 294400K(313344K)->288962K(313856K) Eden: 294400K(294400K)->288962K(294400K) From: 0K(18944K)->0K(19456K)
[117.259s][info][gc,heap        ] GC(118) ParOldGen: 667527K(667648K)->667527K(667648K)
[117.259s][info][gc,metaspace   ] GC(118) Metaspace: 8491K(8640K)->8491K(8640K) NonClass: 7482K(7552K)->7482K(7552K) Class: 1008K(1088K)->1008K(1088K)
[117.259s][info][gc             ] GC(118) Pause Full (Allocation Failure) 939M->934M(958M) 1414.714ms
[117.259s][info][gc,cpu         ] GC(118) User=2.81s Sys=0.01s Real=1.42s
[117.264s][info][gc,start       ] GC(119) Pause Full (Allocation Failure)
[117.264s][info][gc,phases,start] GC(119) Marking Phase
[118.074s][info][gc,phases      ] GC(119) Marking Phase 810.481ms
[118.074s][info][gc,phases,start] GC(119) Summary Phase
[118.075s][info][gc,phases      ] GC(119) Summary Phase 0.025ms
[118.075s][info][gc,phases,start] GC(119) Forward
[118.134s][info][gc,phases      ] GC(119) Forward 59.708ms
[118.134s][info][gc,phases,start] GC(119) Adjust Pointers
[118.489s][info][gc,phases      ] GC(119) Adjust Pointers 355.119ms
[118.489s][info][gc,phases,start] GC(119) Compaction Phase
[118.687s][info][gc,phases      ] GC(119) Compaction Phase 197.628ms
[118.687s][info][gc,phases,start] GC(119) Post Compact
[118.690s][info][gc,phases      ] GC(119) Post Compact 2.677ms
[118.690s][info][gc,heap        ] GC(119) PSYoungGen: 294400K(313856K)->288671K(313344K) Eden: 294400K(294400K)->288671K(294400K) From: 0K(19456K)->0K(18944K)
[118.690s][info][gc,heap        ] GC(119) ParOldGen: 667527K(667648K)->667527K(667648K)
[118.690s][info][gc,metaspace   ] GC(119) Metaspace: 8491K(8640K)->8491K(8640K) NonClass: 7482K(7552K)->7482K(7552K) Class: 1008K(1088K)->1008K(1088K)
[118.690s][info][gc             ] GC(119) Pause Full (Allocation Failure) 939M->933M(958M) 1425.987ms
[118.690s][info][gc,cpu         ] GC(119) User=2.83s Sys=0.00s Real=1.43s
[118.697s][info][gc,start       ] GC(120) Pause Full (Allocation Failure)
[118.697s][info][gc,phases,start] GC(120) Marking Phase
[119.499s][info][gc,phases      ] GC(120) Marking Phase 802.454ms
[119.499s][info][gc,phases,start] GC(120) Summary Phase
[119.499s][info][gc,phases      ] GC(120) Summary Phase 0.024ms
[119.499s][info][gc,phases,start] GC(120) Forward
[119.559s][info][gc,phases      ] GC(120) Forward 59.952ms
[119.559s][info][gc,phases,start] GC(120) Adjust Pointers
[119.913s][info][gc,phases      ] GC(120) Adjust Pointers 353.390ms
[119.913s][info][gc,phases,start] GC(120) Compaction Phase
[120.110s][info][gc,phases      ] GC(120) Compaction Phase 196.868ms
[120.110s][info][gc,phases,start] GC(120) Post Compact
[120.112s][info][gc,phases      ] GC(120) Post Compact 2.579ms
[120.112s][info][gc,heap        ] GC(120) PSYoungGen: 294400K(313344K)->289144K(313856K) Eden: 294400K(294400K)->289144K(294400K) From: 0K(18944K)->0K(19456K)
[120.112s][info][gc,heap        ] GC(120) ParOldGen: 667527K(667648K)->667527K(667648K)
[120.112s][info][gc,metaspace   ] GC(120) Metaspace: 8491K(8640K)->8491K(8640K) NonClass: 7482K(7552K)->7482K(7552K) Class: 1008K(1088K)->1008K(1088K)
[120.112s][info][gc             ] GC(120) Pause Full (Allocation Failure) 939M->934M(958M) 1415.615ms
[120.112s][info][gc,cpu         ] GC(120) User=2.81s Sys=0.00s Real=1.41s
[120.117s][info][gc,start       ] GC(121) Pause Full (Allocation Failure)
[120.118s][info][gc,phases,start] GC(121) Marking Phase
[120.924s][info][gc,phases      ] GC(121) Marking Phase 806.873ms
[120.924s][info][gc,phases,start] GC(121) Summary Phase
[120.924s][info][gc,phases      ] GC(121) Summary Phase 0.025ms
[120.924s][info][gc,phases,start] GC(121) Forward
[120.984s][info][gc,phases      ] GC(121) Forward 59.827ms
[120.984s][info][gc,phases,start] GC(121) Adjust Pointers
[121.334s][info][gc,phases      ] GC(121) Adjust Pointers 349.284ms
[121.334s][info][gc,phases,start] GC(121) Compaction Phase
[121.531s][info][gc,phases      ] GC(121) Compaction Phase 196.989ms
[121.531s][info][gc,phases,start] GC(121) Post Compact
[121.533s][info][gc,phases      ] GC(121) Post Compact 2.639ms
[121.533s][info][gc,heap        ] GC(121) PSYoungGen: 294400K(313856K)->289627K(313344K) Eden: 294400K(294400K)->289627K(294400K) From: 0K(19456K)->0K(18944K)
[121.533s][info][gc,heap        ] GC(121) ParOldGen: 667527K(667648K)->667527K(667648K)
[121.533s][info][gc,metaspace   ] GC(121) Metaspace: 8491K(8640K)->8491K(8640K) NonClass: 7482K(7552K)->7482K(7552K) Class: 1008K(1088K)->1008K(1088K)
[121.533s][info][gc             ] GC(121) Pause Full (Allocation Failure) 939M->934M(958M) 1415.974ms
[121.533s][info][gc,cpu         ] GC(121) User=2.81s Sys=0.00s Real=1.41s
[121.537s][info][gc,start       ] GC(122) Pause Full (Allocation Failure)
[121.537s][info][gc,phases,start] GC(122) Marking Phase
[122.352s][info][gc,phases      ] GC(122) Marking Phase 814.283ms
[122.352s][info][gc,phases,start] GC(122) Summary Phase
[122.352s][info][gc,phases      ] GC(122) Summary Phase 0.026ms
[122.352s][info][gc,phases,start] GC(122) Forward
[122.416s][info][gc,phases      ] GC(122) Forward 63.989ms
[122.416s][info][gc,phases,start] GC(122) Adjust Pointers
[122.770s][info][gc,phases      ] GC(122) Adjust Pointers 354.132ms
[122.770s][info][gc,phases,start] GC(122) Compaction Phase
[122.978s][info][gc,phases      ] GC(122) Compaction Phase 207.658ms
[122.978s][info][gc,phases,start] GC(122) Post Compact
[122.980s][info][gc,phases      ] GC(122) Post Compact 2.604ms
[122.980s][info][gc,heap        ] GC(122) PSYoungGen: 294400K(313344K)->289990K(313856K) Eden: 294400K(294400K)->289990K(294400K) From: 0K(18944K)->0K(19456K)
[122.980s][info][gc,heap        ] GC(122) ParOldGen: 667527K(667648K)->667527K(667648K)
[122.980s][info][gc,metaspace   ] GC(122) Metaspace: 8491K(8640K)->8491K(8640K) NonClass: 7482K(7552K)->7482K(7552K) Class: 1008K(1088K)->1008K(1088K)
[122.980s][info][gc             ] GC(122) Pause Full (Allocation Failure) 939M->935M(958M) 1443.050ms
[122.981s][info][gc,cpu         ] GC(122) User=2.86s Sys=0.00s Real=1.44s
[122.985s][info][gc,start       ] GC(123) Pause Full (Allocation Failure)
[122.985s][info][gc,phases,start] GC(123) Marking Phase
[123.797s][info][gc,phases      ] GC(123) Marking Phase 812.617ms
[123.797s][info][gc,phases,start] GC(123) Summary Phase
[123.797s][info][gc,phases      ] GC(123) Summary Phase 0.027ms
[123.797s][info][gc,phases,start] GC(123) Forward
[123.858s][info][gc,phases      ] GC(123) Forward 60.364ms
[123.858s][info][gc,phases,start] GC(123) Adjust Pointers
[124.207s][info][gc,phases      ] GC(123) Adjust Pointers 349.062ms
[124.207s][info][gc,phases,start] GC(123) Compaction Phase
[124.404s][info][gc,phases      ] GC(123) Compaction Phase 197.466ms
[124.405s][info][gc,phases,start] GC(123) Post Compact
[124.407s][info][gc,phases      ] GC(123) Post Compact 2.574ms
[124.407s][info][gc,heap        ] GC(123) PSYoungGen: 294400K(313856K)->290390K(313344K) Eden: 294400K(294400K)->290390K(294400K) From: 0K(19456K)->0K(18944K)
[124.407s][info][gc,heap        ] GC(123) ParOldGen: 667527K(667648K)->667527K(667648K)
[124.407s][info][gc,metaspace   ] GC(123) Metaspace: 8491K(8640K)->8491K(8640K) NonClass: 7482K(7552K)->7482K(7552K) Class: 1008K(1088K)->1008K(1088K)
[124.407s][info][gc             ] GC(123) Pause Full (Allocation Failure) 939M->935M(958M) 1422.450ms
[124.407s][info][gc,cpu         ] GC(123) User=2.82s Sys=0.00s Real=1.42s
[124.411s][info][gc,start       ] GC(124) Pause Full (Allocation Failure)
[124.411s][info][gc,phases,start] GC(124) Marking Phase
[125.214s][info][gc,phases      ] GC(124) Marking Phase 802.331ms
[125.214s][info][gc,phases,start] GC(124) Summary Phase
[125.214s][info][gc,phases      ] GC(124) Summary Phase 0.024ms
[125.214s][info][gc,phases,start] GC(124) Forward
[125.275s][info][gc,phases      ] GC(124) Forward 60.857ms
[125.275s][info][gc,phases,start] GC(124) Adjust Pointers
[125.624s][info][gc,phases      ] GC(124) Adjust Pointers 349.201ms
[125.624s][info][gc,phases,start] GC(124) Compaction Phase
[125.823s][info][gc,phases      ] GC(124) Compaction Phase 198.521ms
[125.823s][info][gc,phases,start] GC(124) Post Compact
[125.825s][info][gc,phases      ] GC(124) Post Compact 2.596ms
[125.825s][info][gc,heap        ] GC(124) PSYoungGen: 294400K(313344K)->290777K(313856K) Eden: 294400K(294400K)->290777K(294400K) From: 0K(18944K)->0K(19456K)
[125.825s][info][gc,heap        ] GC(124) ParOldGen: 667527K(667648K)->667527K(667648K)
[125.825s][info][gc,metaspace   ] GC(124) Metaspace: 8491K(8640K)->8491K(8640K) NonClass: 7482K(7552K)->7482K(7552K) Class: 1008K(1088K)->1008K(1088K)
[125.825s][info][gc             ] GC(124) Pause Full (Allocation Failure) 939M->935M(958M) 1413.877ms
[125.825s][info][gc,cpu         ] GC(124) User=2.80s Sys=0.00s Real=1.42s
[125.829s][info][gc,start       ] GC(125) Pause Full (Allocation Failure)
[125.829s][info][gc,phases,start] GC(125) Marking Phase
[126.650s][info][gc,phases      ] GC(125) Marking Phase 820.681ms
[126.650s][info][gc,phases,start] GC(125) Summary Phase
[126.650s][info][gc,phases      ] GC(125) Summary Phase 0.024ms
[126.650s][info][gc,phases,start] GC(125) Forward
[126.711s][info][gc,phases      ] GC(125) Forward 61.114ms
[126.711s][info][gc,phases,start] GC(125) Adjust Pointers
[127.072s][info][gc,phases      ] GC(125) Adjust Pointers 360.909ms
[127.072s][info][gc,phases,start] GC(125) Compaction Phase
[127.274s][info][gc,phases      ] GC(125) Compaction Phase 201.442ms
[127.274s][info][gc,phases,start] GC(125) Post Compact
[127.276s][info][gc,phases      ] GC(125) Post Compact 2.589ms
[127.276s][info][gc,heap        ] GC(125) PSYoungGen: 294400K(313856K)->291197K(313344K) Eden: 294400K(294400K)->291197K(294400K) From: 0K(19456K)->0K(18944K)
[127.276s][info][gc,heap        ] GC(125) ParOldGen: 667527K(667648K)->667527K(667648K)
[127.276s][info][gc,metaspace   ] GC(125) Metaspace: 8491K(8640K)->8491K(8640K) NonClass: 7482K(7552K)->7482K(7552K) Class: 1008K(1088K)->1008K(1088K)
[127.276s][info][gc             ] GC(125) Pause Full (Allocation Failure) 939M->936M(958M) 1447.097ms
[127.276s][info][gc,cpu         ] GC(125) User=2.87s Sys=0.00s Real=1.45s
[127.280s][info][gc,start       ] GC(126) Pause Full (Allocation Failure)
[127.280s][info][gc,phases,start] GC(126) Marking Phase
[128.090s][info][gc,phases      ] GC(126) Marking Phase 810.621ms
[128.090s][info][gc,phases,start] GC(126) Summary Phase
[128.090s][info][gc,phases      ] GC(126) Summary Phase 0.025ms
[128.090s][info][gc,phases,start] GC(126) Forward
[128.150s][info][gc,phases      ] GC(126) Forward 59.960ms
[128.150s][info][gc,phases,start] GC(126) Adjust Pointers
[128.505s][info][gc,phases      ] GC(126) Adjust Pointers 354.140ms
[128.505s][info][gc,phases,start] GC(126) Compaction Phase
[128.703s][info][gc,phases      ] GC(126) Compaction Phase 198.404ms
[128.703s][info][gc,phases,start] GC(126) Post Compact
[128.706s][info][gc,phases      ] GC(126) Post Compact 2.684ms
[128.706s][info][gc,heap        ] GC(126) PSYoungGen: 294400K(313344K)->291550K(313856K) Eden: 294400K(294400K)->291550K(294400K) From: 0K(18944K)->0K(19456K)
[128.706s][info][gc,heap        ] GC(126) ParOldGen: 667527K(667648K)->667527K(667648K)
[128.706s][info][gc,metaspace   ] GC(126) Metaspace: 8491K(8640K)->8491K(8640K) NonClass: 7482K(7552K)->7482K(7552K) Class: 1008K(1088K)->1008K(1088K)
[128.706s][info][gc             ] GC(126) Pause Full (Allocation Failure) 939M->936M(958M) 1426.181ms
[128.706s][info][gc,cpu         ] GC(126) User=2.83s Sys=0.01s Real=1.43s
[128.708s][info][gc,start       ] GC(127) Pause Full (Allocation Failure)
[128.708s][info][gc,phases,start] GC(127) Marking Phase
[129.515s][info][gc,phases      ] GC(127) Marking Phase 807.087ms
[129.515s][info][gc,phases,start] GC(127) Summary Phase
[129.515s][info][gc,phases      ] GC(127) Summary Phase 0.024ms
[129.515s][info][gc,phases,start] GC(127) Forward
[129.575s][info][gc,phases      ] GC(127) Forward 59.972ms
[129.575s][info][gc,phases,start] GC(127) Adjust Pointers
[129.926s][info][gc,phases      ] GC(127) Adjust Pointers 351.334ms
[129.926s][info][gc,phases,start] GC(127) Compaction Phase
[130.124s][info][gc,phases      ] GC(127) Compaction Phase 197.592ms
[130.124s][info][gc,phases,start] GC(127) Post Compact
[130.126s][info][gc,phases      ] GC(127) Post Compact 2.591ms
[130.126s][info][gc,heap        ] GC(127) PSYoungGen: 294400K(313856K)->291532K(313344K) Eden: 294400K(294400K)->291532K(294400K) From: 0K(19456K)->0K(18944K)
[130.126s][info][gc,heap        ] GC(127) ParOldGen: 667527K(667648K)->667527K(667648K)
[130.126s][info][gc,metaspace   ] GC(127) Metaspace: 8491K(8640K)->8491K(8640K) NonClass: 7482K(7552K)->7482K(7552K) Class: 1008K(1088K)->1008K(1088K)
[130.127s][info][gc             ] GC(127) Pause Full (Allocation Failure) 939M->936M(958M) 1418.974ms
[130.127s][info][gc,cpu         ] GC(127) User=2.81s Sys=0.00s Real=1.42s
[130.128s][info][gc,start       ] GC(128) Pause Full (Allocation Failure)
[130.128s][info][gc,phases,start] GC(128) Marking Phase
[130.948s][info][gc,phases      ] GC(128) Marking Phase 819.987ms
[130.948s][info][gc,phases,start] GC(128) Summary Phase
[130.948s][info][gc,phases      ] GC(128) Summary Phase 0.025ms
[130.948s][info][gc,phases,start] GC(128) Forward
[131.008s][info][gc,phases      ] GC(128) Forward 59.783ms
[131.008s][info][gc,phases,start] GC(128) Adjust Pointers
[131.360s][info][gc,phases      ] GC(128) Adjust Pointers 351.945ms
[131.360s][info][gc,phases,start] GC(128) Compaction Phase
[131.558s][info][gc,phases      ] GC(128) Compaction Phase 197.887ms
[131.558s][info][gc,phases,start] GC(128) Post Compact
[131.560s][info][gc,phases      ] GC(128) Post Compact 2.586ms
[131.560s][info][gc,heap        ] GC(128) PSYoungGen: 294400K(313344K)->291475K(313856K) Eden: 294400K(294400K)->291475K(294400K) From: 0K(18944K)->0K(19456K)
[131.560s][info][gc,heap        ] GC(128) ParOldGen: 667527K(667648K)->667527K(667648K)
[131.560s][info][gc,metaspace   ] GC(128) Metaspace: 8491K(8640K)->8491K(8640K) NonClass: 7482K(7552K)->7482K(7552K) Class: 1008K(1088K)->1008K(1088K)
[131.560s][info][gc             ] GC(128) Pause Full (Allocation Failure) 939M->936M(958M) 1432.558ms
[131.560s][info][gc,cpu         ] GC(128) User=2.83s Sys=0.00s Real=1.43s
[131.561s][info][gc,start       ] GC(129) Pause Full (Allocation Failure)
[131.561s][info][gc,phases,start] GC(129) Marking Phase
[132.364s][info][gc,phases      ] GC(129) Marking Phase 802.729ms
[132.364s][info][gc,phases,start] GC(129) Summary Phase
[132.364s][info][gc,phases      ] GC(129) Summary Phase 0.025ms
[132.364s][info][gc,phases,start] GC(129) Forward
[132.424s][info][gc,phases      ] GC(129) Forward 60.190ms
[132.424s][info][gc,phases,start] GC(129) Adjust Pointers
[132.777s][info][gc,phases      ] GC(129) Adjust Pointers 352.427ms
[132.777s][info][gc,phases,start] GC(129) Compaction Phase
[132.976s][info][gc,phases      ] GC(129) Compaction Phase 198.668ms
[132.976s][info][gc,phases,start] GC(129) Post Compact
[132.978s][info][gc,phases      ] GC(129) Post Compact 2.651ms
[132.978s][info][gc,heap        ] GC(129) PSYoungGen: 294400K(313856K)->291416K(313344K) Eden: 294400K(294400K)->291416K(294400K) From: 0K(19456K)->0K(18944K)
[132.978s][info][gc,heap        ] GC(129) ParOldGen: 667527K(667648K)->667527K(667648K)
[132.978s][info][gc,metaspace   ] GC(129) Metaspace: 8491K(8640K)->8491K(8640K) NonClass: 7482K(7552K)->7482K(7552K) Class: 1008K(1088K)->1008K(1088K)
[132.978s][info][gc             ] GC(129) Pause Full (Allocation Failure) 939M->936M(958M) 1417.036ms
[132.978s][info][gc,cpu         ] GC(129) User=2.80s Sys=0.00s Real=1.42s
[132.980s][info][gc,start       ] GC(130) Pause Full (Allocation Failure)
[132.980s][info][gc,phases,start] GC(130) Marking Phase
[133.786s][info][gc,phases      ] GC(130) Marking Phase 806.843ms
[133.786s][info][gc,phases,start] GC(130) Summary Phase
[133.787s][info][gc,phases      ] GC(130) Summary Phase 0.026ms
[133.787s][info][gc,phases,start] GC(130) Forward
[133.846s][info][gc,phases      ] GC(130) Forward 59.793ms
[133.846s][info][gc,phases,start] GC(130) Adjust Pointers
[134.199s][info][gc,phases      ] GC(130) Adjust Pointers 352.468ms
[134.199s][info][gc,phases,start] GC(130) Compaction Phase
[134.398s][info][gc,phases      ] GC(130) Compaction Phase 199.200ms
[134.398s][info][gc,phases,start] GC(130) Post Compact
[134.401s][info][gc,phases      ] GC(130) Post Compact 2.624ms
[134.401s][info][gc,heap        ] GC(130) PSYoungGen: 294400K(313344K)->291355K(313856K) Eden: 294400K(294400K)->291355K(294400K) From: 0K(18944K)->0K(19456K)
[134.401s][info][gc,heap        ] GC(130) ParOldGen: 667527K(667648K)->667527K(667648K)
[134.401s][info][gc,metaspace   ] GC(130) Metaspace: 8491K(8640K)->8491K(8640K) NonClass: 7482K(7552K)->7482K(7552K) Class: 1008K(1088K)->1008K(1088K)
[134.401s][info][gc             ] GC(130) Pause Full (Allocation Failure) 939M->936M(958M) 1421.359ms
[134.401s][info][gc,cpu         ] GC(130) User=2.82s Sys=0.00s Real=1.42s
[134.404s][info][gc,start       ] GC(131) Pause Full (Allocation Failure)
[134.404s][info][gc,phases,start] GC(131) Marking Phase
[135.210s][info][gc,phases      ] GC(131) Marking Phase 805.774ms
[135.210s][info][gc,phases,start] GC(131) Summary Phase
[135.210s][info][gc,phases      ] GC(131) Summary Phase 0.026ms
[135.210s][info][gc,phases,start] GC(131) Forward
[135.271s][info][gc,phases      ] GC(131) Forward 60.954ms
[135.271s][info][gc,phases,start] GC(131) Adjust Pointers
[135.622s][info][gc,phases      ] GC(131) Adjust Pointers 351.011ms
[135.622s][info][gc,phases,start] GC(131) Compaction Phase
[135.821s][info][gc,phases      ] GC(131) Compaction Phase 198.821ms
[135.821s][info][gc,phases,start] GC(131) Post Compact
[135.823s][info][gc,phases      ] GC(131) Post Compact 2.592ms
[135.823s][info][gc,heap        ] GC(131) PSYoungGen: 294400K(313856K)->290871K(313344K) Eden: 294400K(294400K)->290871K(294400K) From: 0K(19456K)->0K(18944K)
[135.823s][info][gc,heap        ] GC(131) ParOldGen: 667527K(667648K)->667527K(667648K)
[135.823s][info][gc,metaspace   ] GC(131) Metaspace: 8491K(8640K)->8491K(8640K) NonClass: 7482K(7552K)->7482K(7552K) Class: 1008K(1088K)->1008K(1088K)
[135.823s][info][gc             ] GC(131) Pause Full (Allocation Failure) 939M->935M(958M) 1419.527ms
[135.823s][info][gc,cpu         ] GC(131) User=2.82s Sys=0.00s Real=1.42s
[135.827s][info][gc,start       ] GC(132) Pause Full (Allocation Failure)
[135.827s][info][gc,phases,start] GC(132) Marking Phase
[136.639s][info][gc,phases      ] GC(132) Marking Phase 811.762ms
[136.639s][info][gc,phases,start] GC(132) Summary Phase
[136.639s][info][gc,phases      ] GC(132) Summary Phase 0.025ms
[136.639s][info][gc,phases,start] GC(132) Forward
[136.700s][info][gc,phases      ] GC(132) Forward 60.701ms
[136.700s][info][gc,phases,start] GC(132) Adjust Pointers
[137.053s][info][gc,phases      ] GC(132) Adjust Pointers 353.000ms
[137.053s][info][gc,phases,start] GC(132) Compaction Phase
[137.251s][info][gc,phases      ] GC(132) Compaction Phase 198.475ms
[137.252s][info][gc,phases,start] GC(132) Post Compact
[137.254s][info][gc,phases      ] GC(132) Post Compact 2.644ms
[137.254s][info][gc,heap        ] GC(132) PSYoungGen: 294400K(313344K)->291035K(313856K) Eden: 294400K(294400K)->291035K(294400K) From: 0K(18944K)->0K(19456K)
[137.254s][info][gc,heap        ] GC(132) ParOldGen: 667527K(667648K)->667527K(667648K)
[137.254s][info][gc,metaspace   ] GC(132) Metaspace: 8491K(8640K)->8491K(8640K) NonClass: 7482K(7552K)->7482K(7552K) Class: 1008K(1088K)->1008K(1088K)
[137.254s][info][gc             ] GC(132) Pause Full (Allocation Failure) 939M->936M(958M) 1426.954ms
[137.254s][info][gc,cpu         ] GC(132) User=2.83s Sys=0.00s Real=1.42s
[137.258s][info][gc,start       ] GC(133) Pause Full (Allocation Failure)
[137.258s][info][gc,phases,start] GC(133) Marking Phase
[138.071s][info][gc,phases      ] GC(133) Marking Phase 813.343ms
[138.071s][info][gc,phases,start] GC(133) Summary Phase
[138.071s][info][gc,phases      ] GC(133) Summary Phase 0.024ms
[138.071s][info][gc,phases,start] GC(133) Forward
[138.131s][info][gc,phases      ] GC(133) Forward 59.998ms
[138.131s][info][gc,phases,start] GC(133) Adjust Pointers
[138.487s][info][gc,phases      ] GC(133) Adjust Pointers 355.440ms
[138.487s][info][gc,phases,start] GC(133) Compaction Phase
[138.695s][info][gc,phases      ] GC(133) Compaction Phase 207.872ms
[138.695s][info][gc,phases,start] GC(133) Post Compact
[138.698s][info][gc,phases      ] GC(133) Post Compact 2.651ms
[138.698s][info][gc,heap        ] GC(133) PSYoungGen: 294400K(313856K)->291176K(313344K) Eden: 294400K(294400K)->291176K(294400K) From: 0K(19456K)->0K(18944K)
[138.698s][info][gc,heap        ] GC(133) ParOldGen: 667527K(667648K)->667527K(667648K)
[138.698s][info][gc,metaspace   ] GC(133) Metaspace: 8491K(8640K)->8491K(8640K) NonClass: 7482K(7552K)->7482K(7552K) Class: 1008K(1088K)->1008K(1088K)
[138.698s][info][gc             ] GC(133) Pause Full (Allocation Failure) 939M->936M(958M) 1439.701ms
[138.698s][info][gc,cpu         ] GC(133) User=2.85s Sys=0.00s Real=1.44s
[138.701s][info][gc,start       ] GC(134) Pause Full (Allocation Failure)
[138.701s][info][gc,phases,start] GC(134) Marking Phase
[139.519s][info][gc,phases      ] GC(134) Marking Phase 817.814ms
[139.519s][info][gc,phases,start] GC(134) Summary Phase
[139.519s][info][gc,phases      ] GC(134) Summary Phase 0.025ms
[139.519s][info][gc,phases,start] GC(134) Forward
[139.579s][info][gc,phases      ] GC(134) Forward 60.010ms
[139.579s][info][gc,phases,start] GC(134) Adjust Pointers
[139.932s][info][gc,phases      ] GC(134) Adjust Pointers 352.657ms
[139.932s][info][gc,phases,start] GC(134) Compaction Phase
[140.129s][info][gc,phases      ] GC(134) Compaction Phase 197.041ms
[140.129s][info][gc,phases,start] GC(134) Post Compact
[140.132s][info][gc,phases      ] GC(134) Post Compact 2.596ms
[140.132s][info][gc,heap        ] GC(134) PSYoungGen: 294400K(313344K)->291302K(313856K) Eden: 294400K(294400K)->291302K(294400K) From: 0K(18944K)->0K(19456K)
[140.132s][info][gc,heap        ] GC(134) ParOldGen: 667527K(667648K)->667527K(667648K)
[140.132s][info][gc,metaspace   ] GC(134) Metaspace: 8491K(8640K)->8491K(8640K) NonClass: 7482K(7552K)->7482K(7552K) Class: 1008K(1088K)->1008K(1088K)
[140.132s][info][gc             ] GC(134) Pause Full (Allocation Failure) 939M->936M(958M) 1430.469ms
[140.132s][info][gc,cpu         ] GC(134) User=2.84s Sys=0.00s Real=1.43s
[140.135s][info][gc,start       ] GC(135) Pause Full (Allocation Failure)
[140.135s][info][gc,phases,start] GC(135) Marking Phase
[140.942s][info][gc,phases      ] GC(135) Marking Phase 806.754ms
[140.942s][info][gc,phases,start] GC(135) Summary Phase
[140.942s][info][gc,phases      ] GC(135) Summary Phase 0.024ms
[140.942s][info][gc,phases,start] GC(135) Forward
[141.002s][info][gc,phases      ] GC(135) Forward 60.073ms
[141.002s][info][gc,phases,start] GC(135) Adjust Pointers
[141.353s][info][gc,phases      ] GC(135) Adjust Pointers 350.563ms
[141.353s][info][gc,phases,start] GC(135) Compaction Phase
[141.551s][info][gc,phases      ] GC(135) Compaction Phase 197.904ms
[141.551s][info][gc,phases,start] GC(135) Post Compact
[141.553s][info][gc,phases      ] GC(135) Post Compact 2.578ms
[141.553s][info][gc,heap        ] GC(135) PSYoungGen: 294400K(313856K)->291423K(313344K) Eden: 294400K(294400K)->291423K(294400K) From: 0K(19456K)->0K(18944K)
[141.553s][info][gc,heap        ] GC(135) ParOldGen: 667527K(667648K)->667527K(667648K)
[141.553s][info][gc,metaspace   ] GC(135) Metaspace: 8491K(8640K)->8491K(8640K) NonClass: 7482K(7552K)->7482K(7552K) Class: 1008K(1088K)->1008K(1088K)
[141.553s][info][gc             ] GC(135) Pause Full (Allocation Failure) 939M->936M(958M) 1418.244ms
[141.553s][info][gc,cpu         ] GC(135) User=2.82s Sys=0.00s Real=1.41s
[141.557s][info][gc,start       ] GC(136) Pause Full (Allocation Failure)
[141.557s][info][gc,phases,start] GC(136) Marking Phase
[142.368s][info][gc,phases      ] GC(136) Marking Phase 810.919ms
[142.368s][info][gc,phases,start] GC(136) Summary Phase
[142.368s][info][gc,phases      ] GC(136) Summary Phase 0.024ms
[142.368s][info][gc,phases,start] GC(136) Forward
[142.428s][info][gc,phases      ] GC(136) Forward 59.890ms
[142.428s][info][gc,phases,start] GC(136) Adjust Pointers
[142.781s][info][gc,phases      ] GC(136) Adjust Pointers 352.869ms
[142.781s][info][gc,phases,start] GC(136) Compaction Phase
[142.980s][info][gc,phases      ] GC(136) Compaction Phase 199.020ms
[142.980s][info][gc,phases,start] GC(136) Post Compact
[142.983s][info][gc,phases      ] GC(136) Post Compact 2.602ms
[142.983s][info][gc,heap        ] GC(136) PSYoungGen: 294400K(313344K)->291645K(313856K) Eden: 294400K(294400K)->291645K(294400K) From: 0K(18944K)->0K(19456K)
[142.983s][info][gc,heap        ] GC(136) ParOldGen: 667527K(667648K)->667527K(667648K)
[142.983s][info][gc,metaspace   ] GC(136) Metaspace: 8491K(8640K)->8491K(8640K) NonClass: 7482K(7552K)->7482K(7552K) Class: 1008K(1088K)->1008K(1088K)
[142.983s][info][gc             ] GC(136) Pause Full (Allocation Failure) 939M->936M(958M) 1425.682ms
[142.983s][info][gc,cpu         ] GC(136) User=2.83s Sys=0.00s Real=1.42s
[142.986s][info][gc,start       ] GC(137) Pause Full (Allocation Failure)
[142.986s][info][gc,phases,start] GC(137) Marking Phase
[143.796s][info][gc,phases      ] GC(137) Marking Phase 809.604ms
[143.796s][info][gc,phases,start] GC(137) Summary Phase
[143.796s][info][gc,phases      ] GC(137) Summary Phase 0.025ms
[143.796s][info][gc,phases,start] GC(137) Forward
[143.856s][info][gc,phases      ] GC(137) Forward 60.063ms
[143.856s][info][gc,phases,start] GC(137) Adjust Pointers
[144.206s][info][gc,phases      ] GC(137) Adjust Pointers 349.873ms
[144.206s][info][gc,phases,start] GC(137) Compaction Phase
[144.405s][info][gc,phases      ] GC(137) Compaction Phase 198.981ms
[144.405s][info][gc,phases,start] GC(137) Post Compact
[144.407s][info][gc,phases      ] GC(137) Post Compact 2.588ms
[144.407s][info][gc,heap        ] GC(137) PSYoungGen: 294400K(313856K)->291801K(313344K) Eden: 294400K(294400K)->291801K(294400K) From: 0K(19456K)->0K(18944K)
[144.407s][info][gc,heap        ] GC(137) ParOldGen: 667527K(667648K)->667527K(667648K)
[144.407s][info][gc,metaspace   ] GC(137) Metaspace: 8491K(8640K)->8491K(8640K) NonClass: 7482K(7552K)->7482K(7552K) Class: 1008K(1088K)->1008K(1088K)
[144.407s][info][gc             ] GC(137) Pause Full (Allocation Failure) 939M->936M(958M) 1421.473ms
[144.407s][info][gc,cpu         ] GC(137) User=2.82s Sys=0.00s Real=1.42s
[144.410s][info][gc,start       ] GC(138) Pause Full (Allocation Failure)
[144.410s][info][gc,phases,start] GC(138) Marking Phase
[145.224s][info][gc,phases      ] GC(138) Marking Phase 813.506ms
[145.224s][info][gc,phases,start] GC(138) Summary Phase
[145.224s][info][gc,phases      ] GC(138) Summary Phase 0.027ms
[145.224s][info][gc,phases,start] GC(138) Forward
[145.441s][info][gc,phases      ] GC(138) Forward 217.563ms
[145.442s][info][gc,phases,start] GC(138) Adjust Pointers
[145.872s][info][gc,phases      ] GC(138) Adjust Pointers 430.286ms
[145.872s][info][gc,phases,start] GC(138) Compaction Phase
[146.140s][info][gc,phases      ] GC(138) Compaction Phase 268.042ms
[146.140s][info][gc,phases,start] GC(138) Post Compact
[146.143s][info][gc,phases      ] GC(138) Post Compact 2.606ms
[146.143s][info][gc,heap        ] GC(138) PSYoungGen: 294400K(313344K)->291853K(313856K) Eden: 294400K(294400K)->291853K(294400K) From: 0K(18944K)->0K(19456K)
[146.143s][info][gc,heap        ] GC(138) ParOldGen: 667527K(667648K)->667519K(667648K)
[146.143s][info][gc,metaspace   ] GC(138) Metaspace: 8491K(8640K)->8491K(8640K) NonClass: 7482K(7552K)->7482K(7552K) Class: 1008K(1088K)->1008K(1088K)
[146.143s][info][gc             ] GC(138) Pause Full (Allocation Failure) 939M->936M(958M) 1732.413ms
[146.143s][info][gc,cpu         ] GC(138) User=3.43s Sys=0.00s Real=1.73s
[146.154s][info][gc,start       ] GC(139) Pause Full (Allocation Failure)
[146.154s][info][gc,phases,start] GC(139) Marking Phase
[146.982s][info][gc,phases      ] GC(139) Marking Phase 827.621ms
[146.982s][info][gc,phases,start] GC(139) Summary Phase
[146.982s][info][gc,phases      ] GC(139) Summary Phase 0.029ms
[146.982s][info][gc,phases,start] GC(139) Forward
[147.210s][info][gc,phases      ] GC(139) Forward 227.351ms
[147.210s][info][gc,phases,start] GC(139) Adjust Pointers
[147.646s][info][gc,phases      ] GC(139) Adjust Pointers 436.493ms
[147.646s][info][gc,phases,start] GC(139) Compaction Phase
[147.914s][info][gc,phases      ] GC(139) Compaction Phase 268.075ms
[147.914s][info][gc,phases,start] GC(139) Post Compact
[147.917s][info][metaspace      ] ChkMgr @0x00007ff33003f090 (non-class-space): : reclaiming memory...
[147.917s][info][metaspace      ] ChkMgr @0x00007ff33003f090 (non-class-space): nothing reclaimed.
[147.917s][info][metaspace      ] ChkMgr @0x00007ff33003eea0 (class-space): : reclaiming memory...
[147.917s][info][metaspace      ] ChkMgr @0x00007ff33003eea0 (class-space): nothing reclaimed.
[147.917s][info][gc,phases      ] GC(139) Post Compact 2.646ms
[147.917s][info][gc,heap        ] GC(139) PSYoungGen: 294400K(313856K)->291881K(313344K) Eden: 294400K(294400K)->291881K(294400K) From: 0K(19456K)->0K(18944K)
[147.917s][info][gc,heap        ] GC(139) ParOldGen: 667519K(667648K)->667484K(667648K)
[147.917s][info][gc,metaspace   ] GC(139) Metaspace: 8569K(8704K)->8563K(8704K) NonClass: 7543K(7616K)->7538K(7616K) Class: 1025K(1088K)->1025K(1088K)
[147.917s][info][gc             ] GC(139) Pause Full (Allocation Failure) 939M->936M(958M) 1762.622ms
[147.917s][info][gc,cpu         ] GC(139) User=3.48s Sys=0.00s Real=1.76s
[147.918s][info][gc,heap,exit   ] Heap
[147.918s][info][gc,heap,exit   ]  PSYoungGen      total 313344K, used 294400K [0x00000000eba00000, 0x00000000fff80000, 0x0000000100000000)
[147.918s][info][gc,heap,exit   ]   eden space 294400K, 100% used [0x00000000eba00000,0x00000000fd980000,0x00000000fd980000)
[147.918s][info][gc,heap,exit   ]   from space 18944K, 0% used [0x00000000fec80000,0x00000000fec80000,0x00000000fff00000)
[147.918s][info][gc,heap,exit   ]   to   space 19456K, 0% used [0x00000000fd980000,0x00000000fd980000,0x00000000fec80000)
[147.918s][info][gc,heap,exit   ]  ParOldGen       total 667648K, used 667484K [0x00000000c2e00000, 0x00000000eba00000, 0x00000000eba00000)
[147.918s][info][gc,heap,exit   ]   object space 667648K, 99% used [0x00000000c2e00000,0x00000000eb9d7240,0x00000000eba00000)
[147.918s][info][gc,heap,exit   ]  Metaspace       used 8563K, committed 8704K, reserved 1114112K
[147.918s][info][gc,heap,exit   ]   class space    used 1025K, committed 1088K, reserved 1048576K
