[0.002s][info][metaspace]  - commit_granule_bytes: 65536.
[0.003s][info][metaspace]  - commit_granule_words: 8192.
[0.003s][info][metaspace]  - virtual_space_node_default_size: 8388608.
[0.003s][info][metaspace]  - enlarge_chunks_in_place: 1.
[0.005s][info][gc,init  ] CardTable entry size: 512
[0.005s][info][gc       ] Using Parallel
[0.006s][info][gc,init  ] Version: 24-internal-adhoc.root.jdk (release)
[0.006s][info][gc,init  ] CPUs: 2 total, 2 available
[0.006s][info][gc,init  ] Memory: 3908M
[0.006s][info][gc,init  ] Large Page Support: Disabled
[0.006s][info][gc,init  ] NUMA Support: Disabled
[0.006s][info][gc,init  ] Compressed Oops: Enabled (32-bit)
[0.006s][info][gc,init  ] Alignments: Space 512K, Generation 512K, Heap 2M
[0.006s][info][gc,init  ] Heap Min Capacity: 256M
[0.006s][info][gc,init  ] Heap Initial Capacity: 256M
[0.006s][info][gc,init  ] Heap Max Capacity: 978M
[0.006s][info][gc,init  ] Pre-touch: Disabled
[0.006s][info][gc,init  ] Parallel Workers: 2
[0.024s][info][gc,metaspace] CDS archive(s) mapped at: [0x00007f720a000000-0x00007f720ae7b000-0x00007f720ae7b000), size 15183872, SharedBaseAddress: 0x00007f720a000000, ArchiveRelocationMode: 1.
[0.024s][info][gc,metaspace] Compressed class space mapped at: 0x00007f720b000000-0x00007f724b000000, reserved size: 1073741824
[0.024s][info][gc,metaspace] UseCompressedClassPointers 1, UseCompactObjectHeaders 1
[0.024s][info][gc,metaspace] Narrow klass pointer bits 22, Max shift 10
[0.024s][info][gc,metaspace] Narrow klass base: 0x00007f720a000000, Narrow klass shift: 10
[0.024s][info][gc,metaspace] Encoding Range: [0x00007f720a000000 - 0x00007f730a000000), (4294967296 bytes)
[0.024s][info][gc,metaspace] Klass Range:    [0x00007f720a000000 - 0x00007f724b000000), (1090519040 bytes)
[0.024s][info][gc,metaspace] Klass ID Range:  [1 - 1064960) (1064959)
[0.865s][info][gc,start    ] GC(0) Pause Young (Allocation Failure)
[0.874s][info][gc,heap     ] GC(0) PSYoungGen: 65536K(76288K)->3169K(76288K) Eden: 65536K(65536K)->0K(65536K) From: 0K(10752K)->3169K(10752K)
[0.874s][info][gc,heap     ] GC(0) ParOldGen: 1088K(175104K)->1096K(175104K)
[0.874s][info][gc,metaspace] GC(0) Metaspace: 6321K(6528K)->6321K(6528K) NonClass: 5455K(5568K)->5455K(5568K) Class: 865K(960K)->865K(960K)
[0.874s][info][gc          ] GC(0) Pause Young (Allocation Failure) 65M->4M(245M) 8.692ms
[0.874s][info][gc,cpu      ] GC(0) User=0.02s Sys=0.01s Real=0.01s
[1.269s][info][gc,start    ] GC(1) Pause Young (Allocation Failure)
[1.274s][info][gc,heap     ] GC(1) PSYoungGen: 68705K(76288K)->3215K(76288K) Eden: 65536K(65536K)->0K(65536K) From: 3169K(10752K)->3215K(10752K)
[1.274s][info][gc,heap     ] GC(1) ParOldGen: 1096K(175104K)->1176K(175104K)
[1.274s][info][gc,metaspace] GC(1) Metaspace: 6733K(6912K)->6733K(6912K) NonClass: 5798K(5888K)->5798K(5888K) Class: 935K(1024K)->935K(1024K)
[1.274s][info][gc          ] GC(1) Pause Young (Allocation Failure) 68M->4M(245M) 4.976ms
[1.274s][info][gc,cpu      ] GC(1) User=0.01s Sys=0.00s Real=0.01s
[1.554s][info][gc,start    ] GC(2) Pause Young (Allocation Failure)
[1.563s][info][gc,heap     ] GC(2) PSYoungGen: 68708K(76288K)->3339K(76288K) Eden: 65492K(65536K)->0K(65536K) From: 3215K(10752K)->3339K(10752K)
[1.563s][info][gc,heap     ] GC(2) ParOldGen: 1176K(175104K)->1184K(175104K)
[1.563s][info][gc,metaspace] GC(2) Metaspace: 7422K(7616K)->7422K(7616K) NonClass: 6283K(6400K)->6283K(6400K) Class: 1139K(1216K)->1139K(1216K)
[1.563s][info][gc          ] GC(2) Pause Young (Allocation Failure) 68M->4M(245M) 9.082ms
[1.563s][info][gc,cpu      ] GC(2) User=0.02s Sys=0.00s Real=0.01s
[1.852s][info][gc,start    ] GC(3) Pause Young (Allocation Failure)
[1.859s][info][gc,heap     ] GC(3) PSYoungGen: 68857K(76288K)->3447K(141824K) Eden: 65518K(65536K)->0K(131072K) From: 3339K(10752K)->3447K(10752K)
[1.859s][info][gc,heap     ] GC(3) ParOldGen: 1184K(175104K)->1184K(175104K)
[1.859s][info][gc,metaspace] GC(3) Metaspace: 7741K(7872K)->7741K(7872K) NonClass: 6535K(6592K)->6535K(6592K) Class: 1206K(1280K)->1206K(1280K)
[1.859s][info][gc          ] GC(3) Pause Young (Allocation Failure) 68M->4M(309M) 7.619ms
[1.859s][info][gc,cpu      ] GC(3) User=0.02s Sys=0.01s Real=0.00s
[2.373s][info][gc,start    ] GC(4) Pause Young (Allocation Failure)
[2.383s][info][gc,heap     ] GC(4) PSYoungGen: 134519K(141824K)->3383K(141824K) Eden: 131072K(131072K)->0K(131072K) From: 3447K(10752K)->3383K(10752K)
[2.383s][info][gc,heap     ] GC(4) ParOldGen: 1184K(175104K)->1192K(175104K)
[2.383s][info][gc,metaspace] GC(4) Metaspace: 8107K(8256K)->8107K(8256K) NonClass: 6771K(6848K)->6771K(6848K) Class: 1335K(1408K)->1335K(1408K)
[2.383s][info][gc          ] GC(4) Pause Young (Allocation Failure) 132M->4M(309M) 9.713ms
[2.383s][info][gc,cpu      ] GC(4) User=0.01s Sys=0.00s Real=0.01s
[3.088s][info][gc,start    ] GC(5) Pause Young (Allocation Failure)
[3.156s][info][gc,heap     ] GC(5) PSYoungGen: 134455K(141824K)->3575K(243712K) Eden: 131072K(131072K)->0K(240128K) From: 3383K(10752K)->3575K(3584K)
[3.156s][info][gc,heap     ] GC(5) ParOldGen: 1192K(175104K)->39808K(175104K)
[3.156s][info][gc,metaspace] GC(5) Metaspace: 10572K(10752K)->10572K(10752K) NonClass: 8818K(8960K)->8818K(8960K) Class: 1754K(1792K)->1754K(1792K)
[3.156s][info][gc          ] GC(5) Pause Young (Allocation Failure) 132M->42M(409M) 67.477ms
[3.156s][info][gc,cpu      ] GC(5) User=0.11s Sys=0.03s Real=0.07s
[4.562s][info][gc,start    ] GC(6) Pause Young (Allocation Failure)
[4.698s][info][gc,heap     ] GC(6) PSYoungGen: 243703K(243712K)->25584K(265728K) Eden: 240128K(240128K)->0K(240128K) From: 3575K(3584K)->25584K(25600K)
[4.698s][info][gc,heap     ] GC(6) ParOldGen: 39808K(175104K)->104116K(175104K)
[4.698s][info][gc,metaspace] GC(6) Metaspace: 15371K(15552K)->15371K(15552K) NonClass: 12894K(12992K)->12894K(12992K) Class: 2476K(2560K)->2476K(2560K)
[4.698s][info][gc          ] GC(6) Pause Young (Allocation Failure) 276M->126M(430M) 136.134ms
[4.698s][info][gc,cpu      ] GC(6) User=0.19s Sys=0.08s Real=0.13s
[5.987s][info][gc,start    ] GC(7) Pause Young (Allocation Failure)
[6.148s][info][gc,heap     ] GC(7) PSYoungGen: 265712K(265728K)->63456K(217088K) Eden: 240128K(240128K)->0K(153600K) From: 25584K(25600K)->63456K(63488K)
[6.148s][info][gc,heap     ] GC(7) ParOldGen: 104116K(175104K)->133356K(175104K)
[6.148s][info][gc,metaspace] GC(7) Metaspace: 16614K(16768K)->16614K(16768K) NonClass: 14034K(14144K)->14034K(14144K) Class: 2580K(2624K)->2580K(2624K)
[6.148s][info][gc          ] GC(7) Pause Young (Allocation Failure) 361M->192M(383M) 161.176ms
[6.148s][info][gc,cpu      ] GC(7) User=0.26s Sys=0.06s Real=0.16s
[6.539s][info][gc,start    ] GC(8) Pause Young (Allocation Failure)
[6.737s][info][gc,heap     ] GC(8) PSYoungGen: 217056K(217088K)->80919K(235008K) Eden: 153600K(153600K)->0K(153600K) From: 63456K(63488K)->80919K(81408K)
[6.737s][info][gc,heap     ] GC(8) ParOldGen: 133356K(175104K)->133841K(175104K)
[6.737s][info][gc,metaspace] GC(8) Metaspace: 16666K(16832K)->16666K(16832K) NonClass: 14085K(14208K)->14085K(14208K) Class: 2581K(2624K)->2581K(2624K)
[6.737s][info][gc          ] GC(8) Pause Young (Allocation Failure) 342M->209M(400M) 198.501ms
[6.737s][info][gc,cpu      ] GC(8) User=0.39s Sys=0.01s Real=0.20s
[7.000s][info][gc,start    ] GC(9) Pause Young (Allocation Failure)
[7.157s][info][gc,heap     ] GC(9) PSYoungGen: 234519K(235008K)->28247K(235520K) Eden: 153600K(153600K)->0K(136704K) From: 80919K(81408K)->28247K(98816K)
[7.157s][info][gc,heap     ] GC(9) ParOldGen: 133841K(175104K)->196982K(197120K)
[7.157s][info][gc,metaspace] GC(9) Metaspace: 16692K(16832K)->16692K(16832K) NonClass: 14111K(14208K)->14111K(14208K) Class: 2581K(2624K)->2581K(2624K)
[7.157s][info][gc          ] GC(9) Pause Young (Allocation Failure) 359M->219M(422M) 157.434ms
[7.157s][info][gc,cpu      ] GC(9) User=0.26s Sys=0.05s Real=0.16s
[7.426s][info][gc,start    ] GC(10) Pause Young (Allocation Failure)
[7.504s][info][gc,heap     ] GC(10) PSYoungGen: 164951K(235520K)->2496K(139264K) Eden: 136704K(136704K)->0K(136704K) From: 28247K(98816K)->2496K(2560K)
[7.504s][info][gc,heap     ] GC(10) ParOldGen: 196982K(197120K)->225235K(225280K)
[7.504s][info][gc,metaspace] GC(10) Metaspace: 16732K(16896K)->16732K(16896K) NonClass: 14151K(14272K)->14151K(14272K) Class: 2581K(2624K)->2581K(2624K)
[7.504s][info][gc          ] GC(10) Pause Young (Allocation Failure) 353M->222M(356M) 78.490ms
[7.504s][info][gc,cpu      ] GC(10) User=0.13s Sys=0.03s Real=0.08s
[7.776s][info][gc,start    ] GC(11) Pause Young (Allocation Failure)
[7.790s][info][gc,heap     ] GC(11) PSYoungGen: 139200K(139264K)->736K(235008K) Eden: 136704K(136704K)->0K(137728K) From: 2496K(2560K)->736K(97280K)
[7.790s][info][gc,heap     ] GC(11) ParOldGen: 225235K(225280K)->227707K(227840K)
[7.790s][info][gc,metaspace] GC(11) Metaspace: 16827K(16960K)->16827K(16960K) NonClass: 14245K(14336K)->14245K(14336K) Class: 2582K(2624K)->2582K(2624K)
[7.790s][info][gc          ] GC(11) Pause Young (Allocation Failure) 355M->223M(452M) 13.638ms
[7.790s][info][gc,cpu      ] GC(11) User=0.02s Sys=0.00s Real=0.01s
[8.019s][info][gc,start    ] GC(12) Pause Young (Allocation Failure)
[8.027s][info][gc,heap     ] GC(12) PSYoungGen: 138464K(235008K)->2208K(233984K) Eden: 137728K(137728K)->0K(137728K) From: 736K(97280K)->2208K(96256K)
[8.027s][info][gc,heap     ] GC(12) ParOldGen: 227707K(227840K)->228419K(228864K)
[8.027s][info][gc,metaspace] GC(12) Metaspace: 16854K(17024K)->16854K(17024K) NonClass: 14272K(14400K)->14272K(14400K) Class: 2582K(2624K)->2582K(2624K)
[8.027s][info][gc          ] GC(12) Pause Young (Allocation Failure) 357M->225M(452M) 8.657ms
[8.027s][info][gc,cpu      ] GC(12) User=0.01s Sys=0.00s Real=0.01s
[8.402s][info][gc,start    ] GC(13) Pause Young (Allocation Failure)
[8.411s][info][gc,heap     ] GC(13) PSYoungGen: 139936K(233984K)->1760K(235008K) Eden: 137728K(137728K)->0K(142848K) From: 2208K(96256K)->1760K(92160K)
[8.411s][info][gc,heap     ] GC(13) ParOldGen: 228419K(228864K)->230603K(230912K)
[8.411s][info][gc,metaspace] GC(13) Metaspace: 16883K(17088K)->16883K(17088K) NonClass: 14300K(14464K)->14300K(14464K) Class: 2583K(2624K)->2583K(2624K)
[8.411s][info][gc          ] GC(13) Pause Young (Allocation Failure) 359M->226M(455M) 8.460ms
[8.411s][info][gc,cpu      ] GC(13) User=0.01s Sys=0.00s Real=0.01s
[8.760s][info][gc,start    ] GC(14) Pause Young (Allocation Failure)
[8.780s][info][gc,heap     ] GC(14) PSYoungGen: 144608K(235008K)->15904K(233984K) Eden: 142848K(142848K)->0K(142848K) From: 1760K(92160K)->15904K(91136K)
[8.780s][info][gc,heap     ] GC(14) ParOldGen: 230603K(230912K)->232355K(232448K)
[8.780s][info][gc,metaspace] GC(14) Metaspace: 16949K(17088K)->16949K(17088K) NonClass: 14365K(14464K)->14365K(14464K) Class: 2583K(2624K)->2583K(2624K)
[8.780s][info][gc          ] GC(14) Pause Young (Allocation Failure) 366M->242M(455M) 19.956ms
[8.780s][info][gc,cpu      ] GC(14) User=0.04s Sys=0.00s Real=0.02s
[9.308s][info][gc,start    ] GC(15) Pause Young (Allocation Failure)
[9.373s][info][gc,heap     ] GC(15) PSYoungGen: 158752K(233984K)->45603K(233984K) Eden: 142848K(142848K)->0K(148480K) From: 15904K(91136K)->45603K(85504K)
[9.373s][info][gc,heap     ] GC(15) ParOldGen: 232355K(232448K)->248267K(248320K)
[9.373s][info][gc,metaspace] GC(15) Metaspace: 16982K(17216K)->16982K(17216K) NonClass: 14395K(14528K)->14395K(14528K) Class: 2587K(2688K)->2587K(2688K)
[9.373s][info][gc          ] GC(15) Pause Young (Allocation Failure) 381M->286M(471M) 64.840ms
[9.373s][info][gc,cpu      ] GC(15) User=0.11s Sys=0.02s Real=0.07s
[9.619s][info][gc,start    ] GC(16) Pause Young (Allocation Failure)
[9.695s][info][gc,heap     ] GC(16) PSYoungGen: 194083K(233984K)->14016K(236032K) Eden: 148480K(148480K)->0K(148480K) From: 45603K(85504K)->14016K(87552K)
[9.695s][info][gc,heap     ] GC(16) ParOldGen: 248267K(248320K)->294065K(294400K)
[9.695s][info][gc,metaspace] GC(16) Metaspace: 16989K(17216K)->16989K(17216K) NonClass: 14401K(14528K)->14401K(14528K) Class: 2588K(2688K)->2588K(2688K)
[9.695s][info][gc          ] GC(16) Pause Young (Allocation Failure) 431M->300M(518M) 76.405ms
[9.695s][info][gc,cpu      ] GC(16) User=0.11s Sys=0.03s Real=0.08s
[9.981s][info][gc,start    ] GC(17) Pause Young (Allocation Failure)
[10.018s][info][gc,heap     ] GC(17) PSYoungGen: 162496K(236032K)->2528K(243200K) Eden: 148480K(148480K)->0K(162816K) From: 14016K(87552K)->2528K(80384K)
[10.018s][info][gc,heap     ] GC(17) ParOldGen: 294065K(294400K)->308081K(308224K)
[10.018s][info][gc,metaspace] GC(17) Metaspace: 16993K(17216K)->16993K(17216K) NonClass: 14403K(14528K)->14403K(14528K) Class: 2589K(2688K)->2589K(2688K)
[10.018s][info][gc          ] GC(17) Pause Young (Allocation Failure) 445M->303M(538M) 36.842ms
[10.018s][info][gc,cpu      ] GC(17) User=0.06s Sys=0.02s Real=0.03s
[10.744s][info][gc,start    ] GC(18) Pause Young (Allocation Failure)
[10.754s][info][gc,heap     ] GC(18) PSYoungGen: 165344K(243200K)->736K(243712K) Eden: 162816K(162816K)->0K(162816K) From: 2528K(80384K)->736K(80896K)
[10.754s][info][gc,heap     ] GC(18) ParOldGen: 308081K(308224K)->310393K(310784K)
[10.754s][info][gc,metaspace] GC(18) Metaspace: 17006K(17216K)->17006K(17216K) NonClass: 14417K(14528K)->14417K(14528K) Class: 2589K(2688K)->2589K(2688K)
[10.754s][info][gc          ] GC(18) Pause Young (Allocation Failure) 462M->303M(541M) 9.590ms
[10.754s][info][gc,cpu      ] GC(18) User=0.02s Sys=0.00s Real=0.01s
[11.242s][info][gc,start    ] GC(19) Pause Young (Allocation Failure)
[11.276s][info][gc,heap     ] GC(19) PSYoungGen: 163552K(243712K)->33168K(251392K) Eden: 162816K(162816K)->0K(173056K) From: 736K(80896K)->33168K(78336K)
[11.276s][info][gc,heap     ] GC(19) ParOldGen: 310393K(310784K)->310925K(311296K)
[11.276s][info][gc,metaspace] GC(19) Metaspace: 17009K(17216K)->17009K(17216K) NonClass: 14420K(14528K)->14420K(14528K) Class: 2589K(2688K)->2589K(2688K)
[11.276s][info][gc          ] GC(19) Pause Young (Allocation Failure) 462M->336M(549M) 33.582ms
[11.276s][info][gc,cpu      ] GC(19) User=0.07s Sys=0.00s Real=0.03s
[11.709s][info][gc,start    ] GC(20) Pause Young (Allocation Failure)
[11.805s][info][gc,heap     ] GC(20) PSYoungGen: 206224K(251392K)->44064K(250880K) Eden: 173056K(173056K)->0K(173056K) From: 33168K(78336K)->44064K(77824K)
[11.805s][info][gc,heap     ] GC(20) ParOldGen: 310925K(311296K)->344149K(344576K)
[11.805s][info][gc,metaspace] GC(20) Metaspace: 17010K(17216K)->17010K(17216K) NonClass: 14421K(14528K)->14421K(14528K) Class: 2589K(2688K)->2589K(2688K)
[11.805s][info][gc          ] GC(20) Pause Young (Allocation Failure) 505M->379M(581M) 96.639ms
[11.805s][info][gc,cpu      ] GC(20) User=0.17s Sys=0.02s Real=0.10s
[12.074s][info][gc,start    ] GC(21) Pause Young (Allocation Failure)
[12.154s][info][gc,heap     ] GC(21) PSYoungGen: 217120K(250880K)->4384K(253440K) Eden: 173056K(173056K)->0K(174592K) From: 44064K(77824K)->4384K(78848K)
[12.154s][info][gc,heap     ] GC(21) ParOldGen: 344149K(344576K)->388401K(388608K)
[12.154s][info][gc,metaspace] GC(21) Metaspace: 17017K(17216K)->17017K(17216K) NonClass: 14428K(14528K)->14428K(14528K) Class: 2589K(2688K)->2589K(2688K)
[12.154s][info][gc          ] GC(21) Pause Young (Allocation Failure) 548M->383M(627M) 79.541ms
[12.154s][info][gc,cpu      ] GC(21) User=0.13s Sys=0.03s Real=0.08s
[12.571s][info][gc,start    ] GC(22) Pause Young (Allocation Failure)
[12.636s][info][gc,heap     ] GC(22) PSYoungGen: 178976K(253440K)->58208K(232960K) Eden: 174592K(174592K)->0K(174592K) From: 4384K(78848K)->58208K(58368K)
[12.636s][info][gc,heap     ] GC(22) ParOldGen: 388401K(388608K)->392753K(393216K)
[12.636s][info][gc,metaspace] GC(22) Metaspace: 17021K(17216K)->17021K(17216K) NonClass: 14432K(14528K)->14432K(14528K) Class: 2589K(2688K)->2589K(2688K)
[12.636s][info][gc          ] GC(22) Pause Young (Allocation Failure) 554M->440M(611M) 64.863ms
[12.636s][info][gc,cpu      ] GC(22) User=0.12s Sys=0.00s Real=0.06s
[13.085s][info][gc,start    ] GC(23) Pause Young (Allocation Failure)
[13.219s][info][gc,heap     ] GC(23) PSYoungGen: 232800K(232960K)->51072K(240640K) Eden: 174592K(174592K)->0K(154624K) From: 58208K(58368K)->51072K(86016K)
[13.219s][info][gc,heap     ] GC(23) ParOldGen: 392753K(393216K)->451161K(451584K)
[13.219s][info][gc,metaspace] GC(23) Metaspace: 17031K(17216K)->17031K(17216K) NonClass: 14441K(14528K)->14441K(14528K) Class: 2589K(2688K)->2589K(2688K)
[13.219s][info][gc          ] GC(23) Pause Young (Allocation Failure) 610M->490M(676M) 134.152ms
[13.219s][info][gc,cpu      ] GC(23) User=0.21s Sys=0.06s Real=0.13s
[13.595s][info][gc,start    ] GC(24) Pause Young (Allocation Failure)
[13.708s][info][gc,heap     ] GC(24) PSYoungGen: 205696K(240640K)->42275K(244224K) Eden: 154624K(154624K)->0K(154624K) From: 51072K(86016K)->42275K(89600K)
[13.708s][info][gc,heap     ] GC(24) ParOldGen: 451161K(451584K)->502409K(502784K)
[13.708s][info][gc,metaspace] GC(24) Metaspace: 17040K(17216K)->17040K(17216K) NonClass: 14451K(14528K)->14451K(14528K) Class: 2589K(2688K)->2589K(2688K)
[13.708s][info][gc          ] GC(24) Pause Young (Allocation Failure) 641M->531M(729M) 112.802ms
[13.708s][info][gc,cpu      ] GC(24) User=0.19s Sys=0.03s Real=0.11s
[13.907s][info][gc,start    ] GC(25) Pause Young (Allocation Failure)
[13.993s][info][gc,heap     ] GC(25) PSYoungGen: 196899K(244224K)->19536K(234496K) Eden: 154624K(154624K)->0K(155136K) From: 42275K(89600K)->19536K(79360K)
[13.993s][info][gc,heap     ] GC(25) ParOldGen: 502409K(502784K)->544831K(545280K)
[13.993s][info][gc,metaspace] GC(25) Metaspace: 17068K(17280K)->17068K(17280K) NonClass: 14474K(14592K)->14474K(14592K) Class: 2594K(2688K)->2594K(2688K)
[13.993s][info][gc          ] GC(25) Pause Young (Allocation Failure) 682M->551M(761M) 85.628ms
[13.993s][info][gc,cpu      ] GC(25) User=0.14s Sys=0.02s Real=0.09s
[14.213s][info][gc,start    ] GC(26) Pause Young (Allocation Failure)
[14.253s][info][gc,heap     ] GC(26) PSYoungGen: 174672K(234496K)->13012K(239616K) Eden: 155136K(155136K)->0K(155136K) From: 19536K(79360K)->13012K(84480K)
[14.253s][info][gc,heap     ] GC(26) ParOldGen: 544831K(545280K)->561252K(561664K)
[14.253s][info][gc,metaspace] GC(26) Metaspace: 17119K(17344K)->17119K(17344K) NonClass: 14517K(14656K)->14517K(14656K) Class: 2601K(2688K)->2601K(2688K)
[14.253s][info][gc          ] GC(26) Pause Young (Allocation Failure) 702M->560M(782M) 40.208ms
[14.253s][info][gc,cpu      ] GC(26) User=0.06s Sys=0.01s Real=0.04s
[14.534s][info][gc,start    ] GC(27) Pause Young (Allocation Failure)
[14.592s][info][gc,heap     ] GC(27) PSYoungGen: 168148K(239616K)->31680K(240128K) Eden: 155136K(155136K)->0K(167936K) From: 13012K(84480K)->31680K(72192K)
[14.592s][info][gc,heap     ] GC(27) ParOldGen: 561252K(561664K)->574265K(574464K)
[14.592s][info][gc,metaspace] GC(27) Metaspace: 17147K(17344K)->17147K(17344K) NonClass: 14543K(14656K)->14543K(14656K) Class: 2604K(2688K)->2604K(2688K)
[14.592s][info][gc          ] GC(27) Pause Young (Allocation Failure) 712M->591M(795M) 58.404ms
[14.592s][info][gc,cpu      ] GC(27) User=0.11s Sys=0.02s Real=0.06s
[14.994s][info][gc,start    ] GC(28) Pause Young (Allocation Failure)
[15.062s][info][gc,heap     ] GC(28) PSYoungGen: 199616K(240128K)->41040K(245760K) Eden: 167936K(167936K)->0K(167936K) From: 31680K(72192K)->41040K(77824K)
[15.062s][info][gc,heap     ] GC(28) ParOldGen: 574265K(574464K)->606217K(606720K)
[15.062s][info][gc,metaspace] GC(28) Metaspace: 17153K(17344K)->17153K(17344K) NonClass: 14549K(14656K)->14549K(14656K) Class: 2604K(2688K)->2604K(2688K)
[15.062s][info][gc          ] GC(28) Pause Young (Allocation Failure) 755M->632M(832M) 68.454ms
[15.062s][info][gc,cpu      ] GC(28) User=0.10s Sys=0.03s Real=0.07s
[15.335s][info][gc,start    ] GC(29) Pause Full (Allocation Failure)
[15.335s][info][gc,phases,start] GC(29) Marking Phase
[15.474s][info][gc,phases      ] GC(29) Marking Phase 138.677ms
[15.474s][info][gc,phases,start] GC(29) Summary Phase
[15.474s][info][gc,phases      ] GC(29) Summary Phase 0.029ms
[15.474s][info][gc,phases,start] GC(29) Forward
[15.534s][info][gc,phases      ] GC(29) Forward 60.315ms
[15.534s][info][gc,phases,start] GC(29) Adjust Pointers
[15.628s][info][gc,phases      ] GC(29) Adjust Pointers 93.432ms
[15.628s][info][gc,phases,start] GC(29) Compaction Phase
[15.687s][info][gc,phases      ] GC(29) Compaction Phase 58.917ms
[15.690s][info][gc,phases,start] GC(29) Post Compact
[15.701s][info][gc,phases      ] GC(29) Post Compact 10.978ms
[15.719s][info][gc,heap        ] GC(29) PSYoungGen: 208976K(245760K)->0K(256000K) Eden: 167936K(167936K)->0K(178176K) From: 41040K(77824K)->0K(77824K)
[15.719s][info][gc,heap        ] GC(29) ParOldGen: 606217K(606720K)->195041K(339456K)
[15.719s][info][gc,metaspace   ] GC(29) Metaspace: 17154K(17344K)->17154K(17344K) NonClass: 14550K(14656K)->14550K(14656K) Class: 2604K(2688K)->2604K(2688K)
[15.719s][info][gc             ] GC(29) Pause Full (Allocation Failure) 796M->190M(581M) 384.375ms
[15.719s][info][gc,cpu         ] GC(29) User=0.62s Sys=0.04s Real=0.38s
[15.996s][info][gc,start       ] GC(30) Pause Young (Allocation Failure)
[16.057s][info][gc,heap        ] GC(30) PSYoungGen: 178176K(256000K)->69408K(247808K) Eden: 178176K(178176K)->0K(178176K) From: 0K(77824K)->69408K(69632K)
[16.057s][info][gc,heap        ] GC(30) ParOldGen: 195041K(339456K)->195049K(339456K)
[16.057s][info][gc,metaspace   ] GC(30) Metaspace: 17154K(17344K)->17154K(17344K) NonClass: 14550K(14656K)->14550K(14656K) Class: 2604K(2688K)->2604K(2688K)
[16.057s][info][gc             ] GC(30) Pause Young (Allocation Failure) 364M->258M(573M) 60.948ms
[16.057s][info][gc,cpu         ] GC(30) User=0.12s Sys=0.00s Real=0.06s
[16.386s][info][gc,start       ] GC(31) Pause Young (Allocation Failure)
[16.533s][info][gc,heap        ] GC(31) PSYoungGen: 247584K(247808K)->45828K(244736K) Eden: 178176K(178176K)->0K(158720K) From: 69408K(69632K)->45828K(86016K)
[16.533s][info][gc,heap        ] GC(31) ParOldGen: 195049K(339456K)->265049K(339456K)
[16.533s][info][gc,metaspace   ] GC(31) Metaspace: 17157K(17344K)->17157K(17344K) NonClass: 14551K(14656K)->14551K(14656K) Class: 2606K(2688K)->2606K(2688K)
[16.533s][info][gc             ] GC(31) Pause Young (Allocation Failure) 432M->303M(570M) 147.249ms
[16.533s][info][gc,cpu         ] GC(31) User=0.28s Sys=0.00s Real=0.15s
[16.760s][info][gc,start       ] GC(32) Pause Young (Allocation Failure)
[16.835s][info][gc,heap        ] GC(32) PSYoungGen: 204548K(244736K)->20480K(179200K) Eden: 158720K(158720K)->0K(158720K) From: 45828K(86016K)->20480K(20480K)
[16.835s][info][gc,heap        ] GC(32) ParOldGen: 265049K(339456K)->311049K(339456K)
[16.835s][info][gc,metaspace   ] GC(32) Metaspace: 17158K(17344K)->17158K(17344K) NonClass: 14552K(14656K)->14552K(14656K) Class: 2606K(2688K)->2606K(2688K)
[16.835s][info][gc             ] GC(32) Pause Young (Allocation Failure) 458M->323M(506M) 75.224ms
[16.836s][info][gc,cpu         ] GC(32) User=0.15s Sys=0.00s Real=0.07s
[17.043s][info][gc,start       ] GC(33) Pause Young (Allocation Failure)
[17.103s][info][gc,heap        ] GC(33) PSYoungGen: 179200K(179200K)->20289K(247808K) Eden: 158720K(158720K)->0K(163328K) From: 20480K(20480K)->20289K(84480K)
[17.103s][info][gc,heap        ] GC(33) ParOldGen: 311049K(339456K)->331569K(339456K)
[17.103s][info][gc,metaspace   ] GC(33) Metaspace: 17158K(17344K)->17158K(17344K) NonClass: 14552K(14656K)->14552K(14656K) Class: 2606K(2688K)->2606K(2688K)
[17.104s][info][gc             ] GC(33) Pause Young (Allocation Failure) 478M->343M(573M) 60.451ms
[17.104s][info][gc,cpu         ] GC(33) User=0.12s Sys=0.00s Real=0.06s
[17.315s][info][gc,start       ] GC(34) Pause Young (Allocation Failure)
[17.376s][info][gc,heap        ] GC(34) PSYoungGen: 183617K(247808K)->21248K(244736K) Eden: 163328K(163328K)->0K(163328K) From: 20289K(84480K)->21248K(81408K)
[17.376s][info][gc,heap        ] GC(34) ParOldGen: 331569K(339456K)->351846K(352256K)
[17.376s][info][gc,metaspace   ] GC(34) Metaspace: 17161K(17344K)->17161K(17344K) NonClass: 14555K(14656K)->14555K(14656K) Class: 2606K(2688K)->2606K(2688K)
[17.376s][info][gc             ] GC(34) Pause Young (Allocation Failure) 503M->364M(583M) 60.804ms
[17.376s][info][gc,cpu         ] GC(34) User=0.11s Sys=0.00s Real=0.06s
[17.544s][info][gc,start       ] GC(35) Pause Young (Allocation Failure)
[17.595s][info][gc,heap        ] GC(35) PSYoungGen: 184576K(244736K)->14400K(248320K) Eden: 163328K(163328K)->0K(169984K) From: 21248K(81408K)->14400K(78336K)
[17.595s][info][gc,heap        ] GC(35) ParOldGen: 351846K(352256K)->373102K(373248K)
[17.595s][info][gc,metaspace   ] GC(35) Metaspace: 17171K(17344K)->17171K(17344K) NonClass: 14559K(14656K)->14559K(14656K) Class: 2612K(2688K)->2612K(2688K)
[17.595s][info][gc             ] GC(35) Pause Young (Allocation Failure) 523M->378M(607M) 51.182ms
[17.595s][info][gc,cpu         ] GC(35) User=0.08s Sys=0.03s Real=0.05s
[17.815s][info][gc,start       ] GC(36) Pause Young (Allocation Failure)
[17.852s][info][gc,heap        ] GC(36) PSYoungGen: 184384K(248320K)->8160K(246272K) Eden: 169984K(169984K)->0K(169984K) From: 14400K(78336K)->8160K(76288K)
[17.852s][info][gc,heap        ] GC(36) ParOldGen: 373102K(373248K)->387542K(387584K)
[17.853s][info][gc,metaspace   ] GC(36) Metaspace: 17172K(17344K)->17172K(17344K) NonClass: 14560K(14656K)->14560K(14656K) Class: 2612K(2688K)->2612K(2688K)
[17.853s][info][gc             ] GC(36) Pause Young (Allocation Failure) 544M->386M(619M) 37.200ms
[17.853s][info][gc,cpu         ] GC(36) User=0.06s Sys=0.00s Real=0.04s
[18.038s][info][gc,start       ] GC(37) Pause Young (Allocation Failure)
[18.089s][info][gc,heap        ] GC(37) PSYoungGen: 178144K(246272K)->17600K(254464K) Eden: 169984K(169984K)->0K(182272K) From: 8160K(76288K)->17600K(72192K)
[18.089s][info][gc,heap        ] GC(37) ParOldGen: 387542K(387584K)->395694K(395776K)
[18.089s][info][gc,metaspace   ] GC(37) Metaspace: 17174K(17344K)->17174K(17344K) NonClass: 14562K(14656K)->14562K(14656K) Class: 2612K(2688K)->2612K(2688K)
[18.089s][info][gc             ] GC(37) Pause Young (Allocation Failure) 552M->403M(635M) 50.920ms
[18.089s][info][gc,cpu         ] GC(37) User=0.08s Sys=0.00s Real=0.05s
[18.544s][info][gc,start       ] GC(38) Pause Young (Allocation Failure)
[18.595s][info][gc,heap        ] GC(38) PSYoungGen: 199872K(254464K)->21344K(253952K) Eden: 182272K(182272K)->0K(182272K) From: 17600K(72192K)->21344K(71680K)
[18.595s][info][gc,heap        ] GC(38) ParOldGen: 395694K(395776K)->413292K(413696K)
[18.595s][info][gc,metaspace   ] GC(38) Metaspace: 17175K(17408K)->17175K(17408K) NonClass: 14563K(14720K)->14563K(14720K) Class: 2612K(2688K)->2612K(2688K)
[18.595s][info][gc             ] GC(38) Pause Young (Allocation Failure) 581M->424M(652M) 51.974ms
[18.596s][info][gc,cpu         ] GC(38) User=0.08s Sys=0.02s Real=0.05s
[19.506s][info][gc,start       ] GC(39) Pause Young (Allocation Failure)
[19.559s][info][gc,heap        ] GC(39) PSYoungGen: 203616K(253952K)->224K(258048K) Eden: 182272K(182272K)->0K(189952K) From: 21344K(71680K)->224K(68096K)
[19.559s][info][gc,heap        ] GC(39) ParOldGen: 413292K(413696K)->434634K(434688K)
[19.559s][info][gc,metaspace   ] GC(39) Metaspace: 17204K(17408K)->17204K(17408K) NonClass: 14592K(14720K)->14592K(14720K) Class: 2612K(2688K)->2612K(2688K)
[19.559s][info][gc             ] GC(39) Pause Young (Allocation Failure) 602M->424M(676M) 53.207ms
[19.559s][info][gc,cpu         ] GC(39) User=0.10s Sys=0.01s Real=0.05s
[20.088s][info][gc,start       ] GC(40) Pause Young (Allocation Failure)
[20.091s][info][gc,heap        ] GC(40) PSYoungGen: 190176K(258048K)->64K(258048K) Eden: 189952K(189952K)->0K(189952K) From: 224K(68096K)->64K(68096K)
[20.091s][info][gc,heap        ] GC(40) ParOldGen: 434634K(434688K)->434834K(435200K)
[20.091s][info][gc,metaspace   ] GC(40) Metaspace: 17204K(17408K)->17204K(17408K) NonClass: 14592K(14720K)->14592K(14720K) Class: 2612K(2688K)->2612K(2688K)
[20.091s][info][gc             ] GC(40) Pause Young (Allocation Failure) 610M->424M(677M) 2.482ms
[20.091s][info][gc,cpu         ] GC(40) User=0.01s Sys=0.00s Real=0.01s
[20.623s][info][gc,start       ] GC(41) Pause Young (Allocation Failure)
[20.626s][info][gc,heap        ] GC(41) PSYoungGen: 190016K(258048K)->64K(264704K) Eden: 189952K(189952K)->0K(198656K) From: 64K(68096K)->64K(66048K)
[20.627s][info][gc,heap        ] GC(41) ParOldGen: 434834K(435200K)->434850K(435200K)
[20.627s][info][gc,metaspace   ] GC(41) Metaspace: 17205K(17408K)->17205K(17408K) NonClass: 14593K(14720K)->14593K(14720K) Class: 2612K(2688K)->2612K(2688K)
[20.627s][info][gc             ] GC(41) Pause Young (Allocation Failure) 610M->424M(683M) 3.740ms
[20.627s][info][gc,cpu         ] GC(41) User=0.01s Sys=0.00s Real=0.00s
[21.125s][info][gc,start       ] GC(42) Pause Young (Allocation Failure)
[21.160s][info][gc,heap        ] GC(42) PSYoungGen: 198720K(264704K)->22534K(264704K) Eden: 198656K(198656K)->0K(198656K) From: 64K(66048K)->22534K(66048K)
[21.161s][info][gc,heap        ] GC(42) ParOldGen: 434850K(435200K)->434890K(435200K)
[21.161s][info][gc,metaspace   ] GC(42) Metaspace: 17213K(17408K)->17213K(17408K) NonClass: 14601K(14720K)->14601K(14720K) Class: 2612K(2688K)->2612K(2688K)
[21.161s][info][gc             ] GC(42) Pause Young (Allocation Failure) 618M->446M(683M) 35.073ms
[21.161s][info][gc,cpu         ] GC(42) User=0.07s Sys=0.00s Real=0.04s
[21.487s][info][gc,start       ] GC(43) Pause Young (Allocation Failure)
[21.570s][info][gc,heap        ] GC(43) PSYoungGen: 221190K(264704K)->62960K(228864K) Eden: 198656K(198656K)->0K(165888K) From: 22534K(66048K)->62960K(62976K)
[21.570s][info][gc,heap        ] GC(43) ParOldGen: 434890K(435200K)->459520K(459776K)
[21.570s][info][gc,metaspace   ] GC(43) Metaspace: 17224K(17408K)->17224K(17408K) NonClass: 14611K(14720K)->14611K(14720K) Class: 2613K(2688K)->2613K(2688K)
[21.570s][info][gc             ] GC(43) Pause Young (Allocation Failure) 640M->510M(672M) 83.277ms
[21.570s][info][gc,cpu         ] GC(43) User=0.14s Sys=0.03s Real=0.09s
[21.810s][info][gc,start       ] GC(44) Pause Young (Allocation Failure)
[21.895s][info][gc,heap        ] GC(44) PSYoungGen: 228848K(228864K)->11120K(249856K) Eden: 165888K(165888K)->0K(165888K) From: 62960K(62976K)->11120K(83968K)
[21.895s][info][gc,heap        ] GC(44) ParOldGen: 459520K(459776K)->523155K(523264K)
[21.895s][info][gc,metaspace   ] GC(44) Metaspace: 17236K(17408K)->17236K(17408K) NonClass: 14623K(14720K)->14623K(14720K) Class: 2613K(2688K)->2613K(2688K)
[21.896s][info][gc             ] GC(44) Pause Young (Allocation Failure) 672M->521M(755M) 85.572ms
[21.896s][info][gc,cpu         ] GC(44) User=0.11s Sys=0.06s Real=0.08s
[22.138s][info][gc,start       ] GC(45) Pause Young (Allocation Failure)
[22.212s][info][gc,heap        ] GC(45) PSYoungGen: 177008K(249856K)->41516K(248320K) Eden: 165888K(165888K)->0K(169472K) From: 11120K(83968K)->41516K(78848K)
[22.212s][info][gc,heap        ] GC(45) ParOldGen: 523155K(523264K)->534323K(534528K)
[22.212s][info][gc,metaspace   ] GC(45) Metaspace: 17239K(17408K)->17239K(17408K) NonClass: 14625K(14720K)->14625K(14720K) Class: 2613K(2688K)->2613K(2688K)
[22.212s][info][gc             ] GC(45) Pause Young (Allocation Failure) 683M->562M(764M) 73.612ms
[22.212s][info][gc,cpu         ] GC(45) User=0.13s Sys=0.01s Real=0.08s
[22.364s][info][gc,start       ] GC(46) Pause Young (Allocation Failure)
[22.433s][info][gc,heap        ] GC(46) PSYoungGen: 210988K(248320K)->3392K(250880K) Eden: 169472K(169472K)->0K(169472K) From: 41516K(78848K)->3392K(81408K)
[22.433s][info][gc,heap        ] GC(46) ParOldGen: 534323K(534528K)->576078K(576512K)
[22.433s][info][gc,metaspace   ] GC(46) Metaspace: 17239K(17408K)->17239K(17408K) NonClass: 14625K(14720K)->14625K(14720K) Class: 2613K(2688K)->2613K(2688K)
[22.433s][info][gc             ] GC(46) Pause Young (Allocation Failure) 727M->565M(808M) 68.797ms
[22.433s][info][gc,cpu         ] GC(46) User=0.10s Sys=0.03s Real=0.07s
[22.716s][info][gc,start       ] GC(47) Pause Young (Allocation Failure)
[22.771s][info][gc,heap        ] GC(47) PSYoungGen: 172864K(250880K)->36832K(249344K) Eden: 169472K(169472K)->0K(172544K) From: 3392K(81408K)->36832K(76800K)
[22.771s][info][gc,heap        ] GC(47) ParOldGen: 576078K(576512K)->579430K(579584K)
[22.771s][info][gc,metaspace   ] GC(47) Metaspace: 17239K(17408K)->17239K(17408K) NonClass: 14625K(14720K)->14625K(14720K) Class: 2613K(2688K)->2613K(2688K)
[22.771s][info][gc             ] GC(47) Pause Young (Allocation Failure) 731M->601M(809M) 54.814ms
[22.771s][info][gc,cpu         ] GC(47) User=0.11s Sys=0.00s Real=0.06s
[22.949s][info][gc,start       ] GC(48) Pause Young (Allocation Failure)
[23.034s][info][gc,heap        ] GC(48) PSYoungGen: 209376K(249344K)->21088K(251392K) Eden: 172544K(172544K)->0K(172544K) From: 36832K(76800K)->21088K(78848K)
[23.034s][info][gc,heap        ] GC(48) ParOldGen: 579430K(579584K)->616318K(616448K)
[23.034s][info][gc,metaspace   ] GC(48) Metaspace: 17243K(17408K)->17243K(17408K) NonClass: 14630K(14720K)->14630K(14720K) Class: 2613K(2688K)->2613K(2688K)
[23.034s][info][gc             ] GC(48) Pause Young (Allocation Failure) 770M->622M(847M) 85.139ms
[23.034s][info][gc,cpu         ] GC(48) User=0.15s Sys=0.02s Real=0.09s
[23.182s][info][gc,start       ] GC(49) Pause Full (Allocation Failure)
[23.182s][info][gc,phases,start] GC(49) Marking Phase
[23.447s][info][gc,phases      ] GC(49) Marking Phase 265.374ms
[23.447s][info][gc,phases,start] GC(49) Summary Phase
[23.447s][info][gc,phases      ] GC(49) Summary Phase 0.029ms
[23.447s][info][gc,phases,start] GC(49) Forward
[23.545s][info][gc,phases      ] GC(49) Forward 97.946ms
[23.545s][info][gc,phases,start] GC(49) Adjust Pointers
[23.760s][info][gc,phases      ] GC(49) Adjust Pointers 214.742ms
[23.760s][info][gc,phases,start] GC(49) Compaction Phase
[23.889s][info][gc,phases      ] GC(49) Compaction Phase 129.002ms
[23.897s][info][gc,phases,start] GC(49) Post Compact
[23.900s][info][gc,phases      ] GC(49) Post Compact 2.653ms
[23.906s][info][gc,heap        ] GC(49) PSYoungGen: 193632K(251392K)->0K(252416K) Eden: 172544K(172544K)->0K(178176K) From: 21088K(78848K)->0K(74240K)
[23.906s][info][gc,heap        ] GC(49) ParOldGen: 616318K(616448K)->373101K(531968K)
[23.906s][info][gc,metaspace   ] GC(49) Metaspace: 17261K(17408K)->17261K(17408K) NonClass: 14648K(14720K)->14648K(14720K) Class: 2613K(2688K)->2613K(2688K)
[23.906s][info][gc             ] GC(49) Pause Full (Allocation Failure) 790M->364M(766M) 724.120ms
[23.906s][info][gc,cpu         ] GC(49) User=1.35s Sys=0.01s Real=0.72s
[24.111s][info][gc,start       ] GC(50) Pause Young (Allocation Failure)
[24.129s][info][gc,heap        ] GC(50) PSYoungGen: 178176K(252416K)->10848K(252416K) Eden: 178176K(178176K)->0K(178176K) From: 0K(74240K)->10848K(74240K)
[24.129s][info][gc,heap        ] GC(50) ParOldGen: 373101K(531968K)->373101K(531968K)
[24.129s][info][gc,metaspace   ] GC(50) Metaspace: 17263K(17408K)->17263K(17408K) NonClass: 14650K(14720K)->14650K(14720K) Class: 2613K(2688K)->2613K(2688K)
[24.129s][info][gc             ] GC(50) Pause Young (Allocation Failure) 538M->374M(766M) 17.314ms
[24.129s][info][gc,cpu         ] GC(50) User=0.04s Sys=0.00s Real=0.01s
[24.434s][info][gc,start       ] GC(51) Pause Young (Allocation Failure)
[24.488s][info][gc,heap        ] GC(51) PSYoungGen: 189024K(252416K)->20480K(253952K) Eden: 178176K(178176K)->0K(187904K) From: 10848K(74240K)->20480K(66048K)
[24.488s][info][gc,heap        ] GC(51) ParOldGen: 373101K(531968K)->383957K(531968K)
[24.489s][info][gc,metaspace   ] GC(51) Metaspace: 17275K(17472K)->17275K(17472K) NonClass: 14662K(14784K)->14662K(14784K) Class: 2613K(2688K)->2613K(2688K)
[24.489s][info][gc             ] GC(51) Pause Young (Allocation Failure) 548M->394M(767M) 55.004ms
[24.489s][info][gc,cpu         ] GC(51) User=0.11s Sys=0.00s Real=0.05s
[25.072s][info][gc,start       ] GC(52) Pause Young (Allocation Failure)
[25.111s][info][gc,heap        ] GC(52) PSYoungGen: 208384K(253952K)->14608K(255488K) Eden: 187904K(187904K)->0K(187904K) From: 20480K(66048K)->14608K(67584K)
[25.112s][info][gc,heap        ] GC(52) ParOldGen: 383957K(531968K)->404439K(531968K)
[25.112s][info][gc,metaspace   ] GC(52) Metaspace: 17284K(17472K)->17284K(17472K) NonClass: 14671K(14784K)->14671K(14784K) Class: 2613K(2688K)->2613K(2688K)
[25.112s][info][gc             ] GC(52) Pause Young (Allocation Failure) 578M->409M(769M) 39.646ms
[25.112s][info][gc,cpu         ] GC(52) User=0.08s Sys=0.00s Real=0.04s
[25.529s][info][gc,start       ] GC(53) Pause Young (Allocation Failure)
[25.553s][info][gc,heap        ] GC(53) PSYoungGen: 202512K(255488K)->10304K(263680K) Eden: 187904K(187904K)->0K(201728K) From: 14608K(67584K)->10304K(61952K)
[25.553s][info][gc,heap        ] GC(53) ParOldGen: 404439K(531968K)->419108K(531968K)
[25.553s][info][gc,metaspace   ] GC(53) Metaspace: 17298K(17472K)->17298K(17472K) NonClass: 14684K(14784K)->14684K(14784K) Class: 2614K(2688K)->2614K(2688K)
[25.553s][info][gc             ] GC(53) Pause Young (Allocation Failure) 592M->419M(777M) 24.402ms
[25.553s][info][gc,cpu         ] GC(53) User=0.05s Sys=0.00s Real=0.03s
[25.814s][info][gc,start       ] GC(54) Pause Young (Allocation Failure)
[25.912s][info][gc,heap        ] GC(54) PSYoungGen: 212032K(263680K)->62448K(264192K) Eden: 201728K(201728K)->0K(201728K) From: 10304K(61952K)->62448K(62464K)
[25.912s][info][gc,heap        ] GC(54) ParOldGen: 419108K(531968K)->434965K(531968K)
[25.912s][info][gc,metaspace   ] GC(54) Metaspace: 17317K(17536K)->17317K(17536K) NonClass: 14703K(14848K)->14703K(14848K) Class: 2614K(2688K)->2614K(2688K)
[25.912s][info][gc             ] GC(54) Pause Young (Allocation Failure) 616M->485M(777M) 98.333ms
[25.912s][info][gc,cpu         ] GC(54) User=0.20s Sys=0.00s Real=0.10s
[26.519s][info][gc,start       ] GC(55) Pause Young (Allocation Failure)
[26.572s][info][gc,heap        ] GC(55) PSYoungGen: 264176K(264192K)->8576K(248832K) Eden: 201728K(201728K)->0K(179200K) From: 62448K(62464K)->8576K(69632K)
[26.572s][info][gc,heap        ] GC(55) ParOldGen: 434965K(531968K)->498181K(531968K)
[26.572s][info][gc,metaspace   ] GC(55) Metaspace: 17320K(17536K)->17320K(17536K) NonClass: 14706K(14848K)->14706K(14848K) Class: 2614K(2688K)->2614K(2688K)
[26.572s][info][gc             ] GC(55) Pause Young (Allocation Failure) 682M->494M(762M) 52.312ms
[26.572s][info][gc,cpu         ] GC(55) User=0.10s Sys=0.00s Real=0.06s
[27.072s][info][gc,start       ] GC(56) Pause Young (Allocation Failure)
[27.154s][info][gc,heap        ] GC(56) PSYoungGen: 187776K(248832K)->30143K(256512K) Eden: 179200K(179200K)->0K(179200K) From: 8576K(69632K)->30143K(77312K)
[27.155s][info][gc,heap        ] GC(56) ParOldGen: 498181K(531968K)->506789K(531968K)
[27.155s][info][gc,metaspace   ] GC(56) Metaspace: 17321K(17536K)->17321K(17536K) NonClass: 14707K(14848K)->14707K(14848K) Class: 2614K(2688K)->2614K(2688K)
[27.155s][info][gc             ] GC(56) Pause Young (Allocation Failure) 669M->524M(770M) 82.341ms
[27.155s][info][gc,cpu         ] GC(56) User=0.17s Sys=0.00s Real=0.08s
[27.509s][info][gc,start       ] GC(57) Pause Young (Allocation Failure)
[27.592s][info][gc,heap        ] GC(57) PSYoungGen: 209343K(256512K)->26976K(244736K) Eden: 179200K(179200K)->0K(182784K) From: 30143K(77312K)->26976K(61952K)
[27.592s][info][gc,heap        ] GC(57) ParOldGen: 506789K(531968K)->536971K(537088K)
[27.592s][info][gc,metaspace   ] GC(57) Metaspace: 17321K(17536K)->17321K(17536K) NonClass: 14707K(14848K)->14707K(14848K) Class: 2614K(2688K)->2614K(2688K)
[27.592s][info][gc             ] GC(57) Pause Young (Allocation Failure) 699M->550M(763M) 83.368ms
[27.592s][info][gc,cpu         ] GC(57) User=0.15s Sys=0.00s Real=0.09s
[27.796s][info][gc,start       ] GC(58) Pause Young (Allocation Failure)
[27.846s][info][gc,heap        ] GC(58) PSYoungGen: 209760K(244736K)->5472K(252416K) Eden: 182784K(182784K)->0K(182784K) From: 26976K(61952K)->5472K(69632K)
[27.846s][info][gc,heap        ] GC(58) ParOldGen: 536971K(537088K)->563995K(564224K)
[27.846s][info][gc,metaspace   ] GC(58) Metaspace: 17321K(17536K)->17321K(17536K) NonClass: 14707K(14848K)->14707K(14848K) Class: 2614K(2688K)->2614K(2688K)
[27.846s][info][gc             ] GC(58) Pause Young (Allocation Failure) 729M->556M(797M) 50.244ms
[27.846s][info][gc,cpu         ] GC(58) User=0.07s Sys=0.03s Real=0.05s
[28.021s][info][gc,start       ] GC(59) Pause Young (Allocation Failure)
[28.063s][info][gc,heap        ] GC(59) PSYoungGen: 188256K(252416K)->30354K(259072K) Eden: 182784K(182784K)->0K(195584K) From: 5472K(69632K)->30354K(63488K)
[28.063s][info][gc,heap        ] GC(59) ParOldGen: 563995K(564224K)->569459K(569856K)
[28.063s][info][gc,metaspace   ] GC(59) Metaspace: 17327K(17536K)->17327K(17536K) NonClass: 14713K(14848K)->14713K(14848K) Class: 2614K(2688K)->2614K(2688K)
[28.063s][info][gc             ] GC(59) Pause Young (Allocation Failure) 734M->585M(809M) 42.616ms
[28.063s][info][gc,cpu         ] GC(59) User=0.07s Sys=0.00s Real=0.04s
[28.295s][info][gc,start       ] GC(60) Pause Young (Allocation Failure)
[28.401s][info][gc,heap        ] GC(60) PSYoungGen: 225938K(259072K)->55536K(251392K) Eden: 195584K(195584K)->0K(195584K) From: 30354K(63488K)->55536K(55808K)
[28.401s][info][gc,heap        ] GC(60) ParOldGen: 569459K(569856K)->600145K(600576K)
[28.401s][info][gc,metaspace   ] GC(60) Metaspace: 17327K(17536K)->17327K(17536K) NonClass: 14713K(14848K)->14713K(14848K) Class: 2614K(2688K)->2614K(2688K)
[28.401s][info][gc             ] GC(60) Pause Young (Allocation Failure) 776M->640M(832M) 106.227ms
[28.401s][info][gc,cpu         ] GC(60) User=0.18s Sys=0.03s Real=0.11s
[28.739s][info][gc,start       ] GC(61) Pause Young (Allocation Failure)
[28.836s][info][gc,heap        ] GC(61) PSYoungGen: 251120K(251392K)->21072K(263168K) Eden: 195584K(195584K)->0K(188928K) From: 55536K(55808K)->21072K(74240K)
[28.836s][info][gc,heap        ] GC(61) ParOldGen: 600145K(600576K)->656225K(656384K)
[28.836s][info][gc,metaspace   ] GC(61) Metaspace: 17329K(17536K)->17329K(17536K) NonClass: 14715K(14848K)->14715K(14848K) Class: 2614K(2688K)->2614K(2688K)
[28.836s][info][gc             ] GC(61) Pause Young (Allocation Failure) 831M->661M(898M) 96.904ms
[28.836s][info][gc,cpu         ] GC(61) User=0.14s Sys=0.05s Real=0.10s
[29.258s][info][gc,start       ] GC(62) Pause Full (Allocation Failure)
[29.259s][info][gc,phases,start] GC(62) Marking Phase
[29.631s][info][gc,phases      ] GC(62) Marking Phase 372.283ms
[29.631s][info][gc,phases,start] GC(62) Summary Phase
[29.631s][info][gc,phases      ] GC(62) Summary Phase 0.034ms
[29.631s][info][gc,phases,start] GC(62) Forward
[29.777s][info][gc,phases      ] GC(62) Forward 146.061ms
[29.777s][info][gc,phases,start] GC(62) Adjust Pointers
[30.065s][info][gc,phases      ] GC(62) Adjust Pointers 288.179ms
[30.065s][info][gc,phases,start] GC(62) Compaction Phase
[30.244s][info][gc,phases      ] GC(62) Compaction Phase 178.906ms
[30.257s][info][gc,phases,start] GC(62) Post Compact
[30.260s][info][gc,phases      ] GC(62) Post Compact 2.642ms
[30.260s][info][gc,heap        ] GC(62) PSYoungGen: 210000K(263168K)->0K(259584K) Eden: 188928K(188928K)->0K(188928K) From: 21072K(74240K)->0K(70656K)
[30.260s][info][gc,heap        ] GC(62) ParOldGen: 656225K(656384K)->512859K(667648K)
[30.260s][info][gc,metaspace   ] GC(62) Metaspace: 17336K(17536K)->17336K(17536K) NonClass: 14722K(14848K)->14722K(14848K) Class: 2614K(2688K)->2614K(2688K)
[30.260s][info][gc             ] GC(62) Pause Full (Allocation Failure) 845M->500M(905M) 1001.346ms
[30.260s][info][gc,cpu         ] GC(62) User=1.88s Sys=0.01s Real=1.00s
[30.470s][info][gc,start       ] GC(63) Pause Young (Allocation Failure)
[30.491s][info][gc,heap        ] GC(63) PSYoungGen: 188928K(259584K)->4576K(260096K) Eden: 188928K(188928K)->0K(189440K) From: 0K(70656K)->4576K(70656K)
[30.491s][info][gc,heap        ] GC(63) ParOldGen: 512859K(667648K)->512859K(667648K)
[30.492s][info][gc,metaspace   ] GC(63) Metaspace: 17336K(17536K)->17336K(17536K) NonClass: 14722K(14848K)->14722K(14848K) Class: 2614K(2688K)->2614K(2688K)
[30.492s][info][gc             ] GC(63) Pause Young (Allocation Failure) 685M->505M(906M) 21.432ms
[30.492s][info][gc,cpu         ] GC(63) User=0.04s Sys=0.00s Real=0.02s
[30.865s][info][gc,start       ] GC(64) Pause Young (Allocation Failure)
[30.881s][info][gc,heap        ] GC(64) PSYoungGen: 194016K(260096K)->4032K(259584K) Eden: 189440K(189440K)->0K(189440K) From: 4576K(70656K)->4032K(70144K)
[30.881s][info][gc,heap        ] GC(64) ParOldGen: 512859K(667648K)->517395K(667648K)
[30.881s][info][gc,metaspace   ] GC(64) Metaspace: 17342K(17536K)->17342K(17536K) NonClass: 14728K(14848K)->14728K(14848K) Class: 2614K(2688K)->2614K(2688K)
[30.881s][info][gc             ] GC(64) Pause Young (Allocation Failure) 690M->509M(905M) 16.064ms
[30.881s][info][gc,cpu         ] GC(64) User=0.03s Sys=0.00s Real=0.02s
[31.299s][info][gc,start       ] GC(65) Pause Young (Allocation Failure)
[31.334s][info][gc,heap        ] GC(65) PSYoungGen: 193472K(259584K)->26672K(259072K) Eden: 189440K(189440K)->0K(194560K) From: 4032K(70144K)->26672K(64512K)
[31.334s][info][gc,heap        ] GC(65) ParOldGen: 517395K(667648K)->521435K(667648K)
[31.334s][info][gc,metaspace   ] GC(65) Metaspace: 17342K(17536K)->17342K(17536K) NonClass: 14728K(14848K)->14728K(14848K) Class: 2614K(2688K)->2614K(2688K)
[31.334s][info][gc             ] GC(65) Pause Young (Allocation Failure) 694M->535M(905M) 35.101ms
[31.334s][info][gc,cpu         ] GC(65) User=0.07s Sys=0.00s Real=0.04s
[31.890s][info][gc,start       ] GC(66) Pause Young (Allocation Failure)
[31.918s][info][gc,heap        ] GC(66) PSYoungGen: 221232K(259072K)->64K(260608K) Eden: 194560K(194560K)->0K(194560K) From: 26672K(64512K)->64K(66048K)
[31.918s][info][gc,heap        ] GC(66) ParOldGen: 521435K(667648K)->548131K(667648K)
[31.919s][info][gc,metaspace   ] GC(66) Metaspace: 17345K(17536K)->17345K(17536K) NonClass: 14729K(14848K)->14729K(14848K) Class: 2615K(2688K)->2615K(2688K)
[31.919s][info][gc             ] GC(66) Pause Young (Allocation Failure) 725M->535M(906M) 28.337ms
[31.919s][info][gc,cpu         ] GC(66) User=0.05s Sys=0.00s Real=0.02s
[32.446s][info][gc,start       ] GC(67) Pause Young (Allocation Failure)
[32.448s][info][gc,heap        ] GC(67) PSYoungGen: 194624K(260608K)->64K(265216K) Eden: 194560K(194560K)->0K(202240K) From: 64K(66048K)->64K(62976K)
[32.448s][info][gc,heap        ] GC(67) ParOldGen: 548131K(667648K)->548171K(667648K)
[32.448s][info][gc,metaspace   ] GC(67) Metaspace: 17345K(17536K)->17345K(17536K) NonClass: 14729K(14848K)->14729K(14848K) Class: 2615K(2688K)->2615K(2688K)
[32.448s][info][gc             ] GC(67) Pause Young (Allocation Failure) 725M->535M(911M) 2.172ms
[32.448s][info][gc,cpu         ] GC(67) User=0.00s Sys=0.00s Real=0.00s
[32.950s][info][gc,start       ] GC(68) Pause Young (Allocation Failure)
[32.952s][info][gc,heap        ] GC(68) PSYoungGen: 202304K(265216K)->64K(266752K) Eden: 202240K(202240K)->0K(202240K) From: 64K(62976K)->64K(64512K)
[32.952s][info][gc,heap        ] GC(68) ParOldGen: 548171K(667648K)->548171K(667648K)
[32.952s][info][gc,metaspace   ] GC(68) Metaspace: 17345K(17536K)->17345K(17536K) NonClass: 14730K(14848K)->14730K(14848K) Class: 2615K(2688K)->2615K(2688K)
[32.952s][info][gc             ] GC(68) Pause Young (Allocation Failure) 732M->535M(912M) 2.275ms
[32.952s][info][gc,cpu         ] GC(68) User=0.01s Sys=0.00s Real=0.01s
[33.553s][info][gc,start       ] GC(69) Pause Young (Allocation Failure)
[33.565s][info][gc,heap        ] GC(69) PSYoungGen: 202304K(266752K)->448K(266240K) Eden: 202240K(202240K)->0K(206336K) From: 64K(64512K)->448K(59904K)
[33.565s][info][gc,heap        ] GC(69) ParOldGen: 548171K(667648K)->548171K(667648K)
[33.565s][info][gc,metaspace   ] GC(69) Metaspace: 17345K(17536K)->17345K(17536K) NonClass: 14730K(14848K)->14730K(14848K) Class: 2615K(2688K)->2615K(2688K)
[33.565s][info][gc             ] GC(69) Pause Young (Allocation Failure) 732M->535M(912M) 11.951ms
[33.565s][info][gc,cpu         ] GC(69) User=0.03s Sys=0.00s Real=0.01s
[33.902s][info][gc,start       ] GC(70) Pause Young (Allocation Failure)
[33.954s][info][gc,heap        ] GC(70) PSYoungGen: 206784K(266240K)->47344K(253952K) Eden: 206336K(206336K)->0K(206336K) From: 448K(59904K)->47344K(47616K)
[33.954s][info][gc,heap        ] GC(70) ParOldGen: 548171K(667648K)->548171K(667648K)
[33.954s][info][gc,metaspace   ] GC(70) Metaspace: 17346K(17536K)->17346K(17536K) NonClass: 14730K(14848K)->14730K(14848K) Class: 2615K(2688K)->2615K(2688K)
[33.954s][info][gc             ] GC(70) Pause Young (Allocation Failure) 737M->581M(900M) 52.170ms
[33.954s][info][gc,cpu         ] GC(70) User=0.09s Sys=0.00s Real=0.05s
[34.368s][info][gc,start       ] GC(71) Pause Young (Allocation Failure)
[34.426s][info][gc,heap        ] GC(71) PSYoungGen: 253680K(253952K)->68576K(232448K) Eden: 206336K(206336K)->0K(163840K) From: 47344K(47616K)->68576K(68608K)
[34.426s][info][gc,heap        ] GC(71) ParOldGen: 548171K(667648K)->555907K(667648K)
[34.426s][info][gc,metaspace   ] GC(71) Metaspace: 17346K(17536K)->17346K(17536K) NonClass: 14731K(14848K)->14731K(14848K) Class: 2615K(2688K)->2615K(2688K)
[34.426s][info][gc             ] GC(71) Pause Young (Allocation Failure) 783M->609M(879M) 57.973ms
[34.426s][info][gc,cpu         ] GC(71) User=0.11s Sys=0.00s Real=0.06s
[34.827s][info][gc,start       ] GC(72) Pause Young (Allocation Failure)
[34.932s][info][gc,heap        ] GC(72) PSYoungGen: 232416K(232448K)->84960K(248832K) Eden: 163840K(163840K)->0K(163840K) From: 68576K(68608K)->84960K(84992K)
[34.932s][info][gc,heap        ] GC(72) ParOldGen: 555907K(667648K)->572323K(667648K)
[34.932s][info][gc,metaspace   ] GC(72) Metaspace: 17348K(17536K)->17348K(17536K) NonClass: 14732K(14848K)->14732K(14848K) Class: 2615K(2688K)->2615K(2688K)
[34.932s][info][gc             ] GC(72) Pause Young (Allocation Failure) 769M->641M(895M) 104.670ms
[34.932s][info][gc,cpu         ] GC(72) User=0.21s Sys=0.00s Real=0.11s
[35.139s][info][gc,start       ] GC(73) Pause Young (Allocation Failure)
[35.255s][info][gc,heap        ] GC(73) PSYoungGen: 248800K(248832K)->71627K(196608K) Eden: 163840K(163840K)->0K(111616K) From: 84960K(84992K)->71627K(84992K)
[35.255s][info][gc,heap        ] GC(73) ParOldGen: 572323K(667648K)->613100K(667648K)
[35.255s][info][gc,metaspace   ] GC(73) Metaspace: 17349K(17536K)->17349K(17536K) NonClass: 14734K(14848K)->14734K(14848K) Class: 2615K(2688K)->2615K(2688K)
[35.255s][info][gc             ] GC(73) Pause Young (Allocation Failure) 801M->668M(844M) 116.102ms
[35.255s][info][gc,cpu         ] GC(73) User=0.23s Sys=0.00s Real=0.12s
[35.357s][info][gc,start       ] GC(74) Pause Full (Allocation Failure)
[35.357s][info][gc,phases,start] GC(74) Marking Phase
[35.601s][info][gc,phases      ] GC(74) Marking Phase 244.041ms
[35.601s][info][gc,phases,start] GC(74) Summary Phase
[35.601s][info][gc,phases      ] GC(74) Summary Phase 0.027ms
[35.601s][info][gc,phases,start] GC(74) Forward
[35.675s][info][gc,phases      ] GC(74) Forward 74.120ms
[35.675s][info][gc,phases,start] GC(74) Adjust Pointers
[35.862s][info][gc,phases      ] GC(74) Adjust Pointers 186.805ms
[35.862s][info][gc,phases,start] GC(74) Compaction Phase
[35.963s][info][gc,phases      ] GC(74) Compaction Phase 101.017ms
[35.971s][info][gc,phases,start] GC(74) Post Compact
[35.973s][info][gc,phases      ] GC(74) Post Compact 2.298ms
[35.983s][info][gc,heap        ] GC(74) PSYoungGen: 183243K(196608K)->0K(222720K) Eden: 111616K(111616K)->0K(111616K) From: 71627K(84992K)->0K(111104K)
[35.983s][info][gc,heap        ] GC(74) ParOldGen: 613100K(667648K)->350237K(533504K)
[35.983s][info][gc,metaspace   ] GC(74) Metaspace: 17363K(17600K)->17363K(17600K) NonClass: 14745K(14848K)->14745K(14848K) Class: 2617K(2752K)->2617K(2752K)
[35.983s][info][gc             ] GC(74) Pause Full (Allocation Failure) 777M->342M(738M) 626.136ms
[35.983s][info][gc,cpu         ] GC(74) User=1.18s Sys=0.01s Real=0.63s
[36.111s][info][gc,start       ] GC(75) Pause Young (Allocation Failure)
[36.125s][info][gc,heap        ] GC(75) PSYoungGen: 111616K(222720K)->6560K(222720K) Eden: 111616K(111616K)->0K(111616K) From: 0K(111104K)->6560K(111104K)
[36.125s][info][gc,heap        ] GC(75) ParOldGen: 350237K(533504K)->350237K(533504K)
[36.125s][info][gc,metaspace   ] GC(75) Metaspace: 17364K(17600K)->17364K(17600K) NonClass: 14747K(14848K)->14747K(14848K) Class: 2617K(2752K)->2617K(2752K)
[36.125s][info][gc             ] GC(75) Pause Young (Allocation Failure) 451M->348M(738M) 13.828ms
[36.125s][info][gc,cpu         ] GC(75) User=0.02s Sys=0.00s Real=0.01s
[36.258s][info][gc,start       ] GC(76) Pause Young (Allocation Failure)
[36.282s][info][gc,heap        ] GC(76) PSYoungGen: 118176K(222720K)->7840K(119808K) Eden: 111616K(111616K)->0K(111616K) From: 6560K(111104K)->7840K(8192K)
[36.282s][info][gc,heap        ] GC(76) ParOldGen: 350237K(533504K)->356813K(533504K)
[36.282s][info][gc,metaspace   ] GC(76) Metaspace: 17368K(17600K)->17368K(17600K) NonClass: 14751K(14848K)->14751K(14848K) Class: 2617K(2752K)->2617K(2752K)
[36.282s][info][gc             ] GC(76) Pause Young (Allocation Failure) 457M->356M(638M) 24.164ms
[36.282s][info][gc,cpu         ] GC(76) User=0.04s Sys=0.00s Real=0.03s
[36.412s][info][gc,start       ] GC(77) Pause Young (Allocation Failure)
[36.426s][info][gc,heap        ] GC(77) PSYoungGen: 119456K(119808K)->4128K(222720K) Eden: 111616K(111616K)->0K(114688K) From: 7840K(8192K)->4128K(108032K)
[36.426s][info][gc,heap        ] GC(77) ParOldGen: 356813K(533504K)->364629K(533504K)
[36.426s][info][gc,metaspace   ] GC(77) Metaspace: 17392K(17600K)->17392K(17600K) NonClass: 14773K(14848K)->14773K(14848K) Class: 2619K(2752K)->2619K(2752K)
[36.426s][info][gc             ] GC(77) Pause Young (Allocation Failure) 465M->360M(738M) 13.663ms
[36.426s][info][gc,cpu         ] GC(77) User=0.02s Sys=0.00s Real=0.01s
[36.595s][info][gc,start       ] GC(78) Pause Young (Allocation Failure)
[36.625s][info][gc,heap        ] GC(78) PSYoungGen: 118816K(222720K)->28992K(143872K) Eden: 114688K(114688K)->0K(114688K) From: 4128K(108032K)->28992K(29184K)
[36.625s][info][gc,heap        ] GC(78) ParOldGen: 364629K(533504K)->368757K(533504K)
[36.625s][info][gc,metaspace   ] GC(78) Metaspace: 17394K(17600K)->17394K(17600K) NonClass: 14775K(14848K)->14775K(14848K) Class: 2619K(2752K)->2619K(2752K)
[36.625s][info][gc             ] GC(78) Pause Young (Allocation Failure) 472M->388M(661M) 29.718ms
[36.625s][info][gc,cpu         ] GC(78) User=0.05s Sys=0.01s Real=0.03s
[36.827s][info][gc,start       ] GC(79) Pause Young (Allocation Failure)
[36.871s][info][gc,heap        ] GC(79) PSYoungGen: 143680K(143872K)->15552K(221696K) Eden: 114688K(114688K)->0K(125952K) From: 28992K(29184K)->15552K(95744K)
[36.871s][info][gc,heap        ] GC(79) ParOldGen: 368757K(533504K)->397957K(533504K)
[36.871s][info][gc,metaspace   ] GC(79) Metaspace: 17426K(17664K)->17426K(17664K) NonClass: 14801K(14912K)->14801K(14912K) Class: 2625K(2752K)->2625K(2752K)
[36.871s][info][gc             ] GC(79) Pause Young (Allocation Failure) 500M->403M(737M) 44.004ms
[36.871s][info][gc,cpu         ] GC(79) User=0.09s Sys=0.00s Real=0.05s
[37.052s][info][gc,start       ] GC(80) Pause Young (Allocation Failure)
[37.091s][info][gc,heap        ] GC(80) PSYoungGen: 141504K(221696K)->17184K(218624K) Eden: 125952K(125952K)->0K(125952K) From: 15552K(95744K)->17184K(92672K)
[37.091s][info][gc,heap        ] GC(80) ParOldGen: 397957K(533504K)->413526K(533504K)
[37.091s][info][gc,metaspace   ] GC(80) Metaspace: 17430K(17664K)->17430K(17664K) NonClass: 14805K(14912K)->14805K(14912K) Class: 2625K(2752K)->2625K(2752K)
[37.091s][info][gc             ] GC(80) Pause Young (Allocation Failure) 526M->420M(734M) 38.826ms
[37.091s][info][gc,cpu         ] GC(80) User=0.08s Sys=0.00s Real=0.04s
[37.470s][info][gc,start       ] GC(81) Pause Young (Allocation Failure)
[37.509s][info][gc,heap        ] GC(81) PSYoungGen: 143136K(218624K)->3776K(223744K) Eden: 125952K(125952K)->0K(141312K) From: 17184K(92672K)->3776K(82432K)
[37.509s][info][gc,heap        ] GC(81) ParOldGen: 413526K(533504K)->430726K(533504K)
[37.509s][info][gc,metaspace   ] GC(81) Metaspace: 17456K(17728K)->17456K(17728K) NonClass: 14830K(14976K)->14830K(14976K) Class: 2625K(2752K)->2625K(2752K)
[37.509s][info][gc             ] GC(81) Pause Young (Allocation Failure) 543M->424M(739M) 38.920ms
[37.509s][info][gc,cpu         ] GC(81) User=0.07s Sys=0.00s Real=0.03s
[37.881s][info][gc,start       ] GC(82) Pause Young (Allocation Failure)
[37.895s][info][gc,heap        ] GC(82) PSYoungGen: 145088K(223744K)->8416K(226816K) Eden: 141312K(141312K)->0K(141312K) From: 3776K(82432K)->8416K(85504K)
[37.895s][info][gc,heap        ] GC(82) ParOldGen: 430726K(533504K)->434478K(533504K)
[37.895s][info][gc,metaspace   ] GC(82) Metaspace: 17460K(17728K)->17460K(17728K) NonClass: 14834K(14976K)->14834K(14976K) Class: 2625K(2752K)->2625K(2752K)
[37.895s][info][gc             ] GC(82) Pause Young (Allocation Failure) 562M->432M(742M) 13.991ms
[37.895s][info][gc,cpu         ] GC(82) User=0.03s Sys=0.00s Real=0.01s
[38.215s][info][gc,start       ] GC(83) Pause Young (Allocation Failure)
[38.233s][info][gc,heap        ] GC(83) PSYoungGen: 149728K(226816K)->10224K(228864K) Eden: 141312K(141312K)->0K(156160K) From: 8416K(85504K)->10224K(72704K)
[38.233s][info][gc,heap        ] GC(83) ParOldGen: 434478K(533504K)->442918K(533504K)
[38.233s][info][gc,metaspace   ] GC(83) Metaspace: 17470K(17728K)->17470K(17728K) NonClass: 14845K(14976K)->14845K(14976K) Class: 2625K(2752K)->2625K(2752K)
[38.233s][info][gc             ] GC(83) Pause Young (Allocation Failure) 570M->442M(744M) 17.958ms
[38.233s][info][gc,cpu         ] GC(83) User=0.03s Sys=0.00s Real=0.02s
[38.437s][info][gc,start       ] GC(84) Pause Young (Allocation Failure)
[38.488s][info][gc,heap        ] GC(84) PSYoungGen: 166384K(228864K)->53824K(233984K) Eden: 156160K(156160K)->0K(156160K) From: 10224K(72704K)->53824K(77824K)
[38.488s][info][gc,heap        ] GC(84) ParOldGen: 442918K(533504K)->453142K(533504K)
[38.488s][info][gc,metaspace   ] GC(84) Metaspace: 17471K(17728K)->17471K(17728K) NonClass: 14846K(14976K)->14846K(14976K) Class: 2625K(2752K)->2625K(2752K)
[38.488s][info][gc             ] GC(84) Pause Young (Allocation Failure) 595M->495M(749M) 50.904ms
[38.488s][info][gc,cpu         ] GC(84) User=0.10s Sys=0.00s Real=0.05s
[38.874s][info][gc,start       ] GC(85) Pause Young (Allocation Failure)
[38.920s][info][gc,heap        ] GC(85) PSYoungGen: 209984K(233984K)->18048K(250880K) Eden: 156160K(156160K)->0K(169984K) From: 53824K(77824K)->18048K(80896K)
[38.920s][info][gc,heap        ] GC(85) ParOldGen: 453142K(533504K)->507638K(533504K)
[38.920s][info][gc,metaspace   ] GC(85) Metaspace: 17471K(17728K)->17471K(17728K) NonClass: 14846K(14976K)->14846K(14976K) Class: 2625K(2752K)->2625K(2752K)
[38.920s][info][gc             ] GC(85) Pause Young (Allocation Failure) 647M->513M(766M) 46.548ms
[38.920s][info][gc,cpu         ] GC(85) User=0.09s Sys=0.00s Real=0.05s
[39.203s][info][gc,start       ] GC(86) Pause Young (Allocation Failure)
[39.264s][info][gc,heap        ] GC(86) PSYoungGen: 188032K(250880K)->31840K(249344K) Eden: 169984K(169984K)->0K(169984K) From: 18048K(80896K)->31840K(79360K)
[39.264s][info][gc,heap        ] GC(86) ParOldGen: 507638K(533504K)->525822K(533504K)
[39.264s][info][gc,metaspace   ] GC(86) Metaspace: 17473K(17728K)->17473K(17728K) NonClass: 14848K(14976K)->14848K(14976K) Class: 2625K(2752K)->2625K(2752K)
[39.264s][info][gc             ] GC(86) Pause Young (Allocation Failure) 679M->544M(764M) 61.821ms
[39.264s][info][gc,cpu         ] GC(86) User=0.12s Sys=0.00s Real=0.06s
[39.477s][info][gc,start       ] GC(87) Pause Young (Allocation Failure)
[39.566s][info][gc,heap        ] GC(87) PSYoungGen: 201824K(249344K)->25728K(249344K) Eden: 169984K(169984K)->0K(177664K) From: 31840K(79360K)->25728K(71680K)
[39.566s][info][gc,heap        ] GC(87) ParOldGen: 525822K(533504K)->557694K(558080K)
[39.566s][info][gc,metaspace   ] GC(87) Metaspace: 17473K(17728K)->17473K(17728K) NonClass: 14848K(14976K)->14848K(14976K) Class: 2625K(2752K)->2625K(2752K)
[39.566s][info][gc             ] GC(87) Pause Young (Allocation Failure) 710M->569M(788M) 88.498ms
[39.566s][info][gc,cpu         ] GC(87) User=0.15s Sys=0.01s Real=0.09s
[39.745s][info][gc,start       ] GC(88) Pause Young (Allocation Failure)
[39.788s][info][gc,heap        ] GC(88) PSYoungGen: 203392K(249344K)->704K(249856K) Eden: 177664K(177664K)->0K(177664K) From: 25728K(71680K)->704K(72192K)
[39.788s][info][gc,heap        ] GC(88) ParOldGen: 557694K(558080K)->583454K(583680K)
[39.788s][info][gc,metaspace   ] GC(88) Metaspace: 17473K(17728K)->17473K(17728K) NonClass: 14848K(14976K)->14848K(14976K) Class: 2625K(2752K)->2625K(2752K)
[39.788s][info][gc             ] GC(88) Pause Young (Allocation Failure) 743M->570M(814M) 43.615ms
[39.788s][info][gc,cpu         ] GC(88) User=0.07s Sys=0.02s Real=0.04s
[40.001s][info][gc,start       ] GC(89) Pause Young (Allocation Failure)
[40.014s][info][gc,heap        ] GC(89) PSYoungGen: 178368K(249856K)->4160K(257536K) Eden: 177664K(177664K)->0K(189952K) From: 704K(72192K)->4160K(67584K)
[40.014s][info][gc,heap        ] GC(89) ParOldGen: 583454K(583680K)->584126K(584192K)
[40.014s][info][gc,metaspace   ] GC(89) Metaspace: 17473K(17728K)->17473K(17728K) NonClass: 14848K(14976K)->14848K(14976K) Class: 2625K(2752K)->2625K(2752K)
[40.014s][info][gc             ] GC(89) Pause Young (Allocation Failure) 743M->574M(822M) 12.582ms
[40.014s][info][gc,cpu         ] GC(89) User=0.02s Sys=0.00s Real=0.01s
[40.390s][info][gc,start       ] GC(90) Pause Young (Allocation Failure)
[40.427s][info][gc,heap        ] GC(90) PSYoungGen: 194112K(257536K)->26832K(259584K) Eden: 189952K(189952K)->0K(189952K) From: 4160K(67584K)->26832K(69632K)
[40.427s][info][gc,heap        ] GC(90) ParOldGen: 584126K(584192K)->588262K(588288K)
[40.427s][info][gc,metaspace   ] GC(90) Metaspace: 17473K(17728K)->17473K(17728K) NonClass: 14848K(14976K)->14848K(14976K) Class: 2625K(2752K)->2625K(2752K)
[40.427s][info][gc             ] GC(90) Pause Young (Allocation Failure) 759M->600M(828M) 37.400ms
[40.427s][info][gc,cpu         ] GC(90) User=0.07s Sys=0.00s Real=0.04s
[40.974s][info][gc,start       ] GC(91) Pause Young (Allocation Failure)
[41.024s][info][gc,heap        ] GC(91) PSYoungGen: 216784K(259584K)->64K(262656K) Eden: 189952K(189952K)->0K(197120K) From: 26832K(69632K)->64K(65536K)
[41.024s][info][gc,heap        ] GC(91) ParOldGen: 588262K(588288K)->615135K(615424K)
[41.024s][info][gc,metaspace   ] GC(91) Metaspace: 17473K(17728K)->17473K(17728K) NonClass: 14848K(14976K)->14848K(14976K) Class: 2625K(2752K)->2625K(2752K)
[41.024s][info][gc             ] GC(91) Pause Young (Allocation Failure) 786M->600M(857M) 50.004ms
[41.024s][info][gc,cpu         ] GC(91) User=0.08s Sys=0.02s Real=0.05s
[41.402s][info][gc,start       ] GC(92) Pause Young (Allocation Failure)
[41.436s][info][gc,heap        ] GC(92) PSYoungGen: 197184K(262656K)->32288K(263168K) Eden: 197120K(197120K)->0K(197120K) From: 64K(65536K)->32288K(66048K)
[41.436s][info][gc,heap        ] GC(92) ParOldGen: 615135K(615424K)->615183K(615424K)
[41.436s][info][gc,metaspace   ] GC(92) Metaspace: 17473K(17728K)->17473K(17728K) NonClass: 14848K(14976K)->14848K(14976K) Class: 2625K(2752K)->2625K(2752K)
[41.436s][info][gc             ] GC(92) Pause Young (Allocation Failure) 793M->632M(858M) 34.432ms
[41.436s][info][gc,cpu         ] GC(92) User=0.06s Sys=0.00s Real=0.03s
[41.828s][info][gc,start       ] GC(93) Pause Young (Allocation Failure)
[41.894s][info][gc,heap        ] GC(93) PSYoungGen: 229408K(263168K)->19104K(259072K) Eden: 197120K(197120K)->0K(201216K) From: 32288K(66048K)->19104K(57856K)
[41.894s][info][gc,heap        ] GC(93) ParOldGen: 615183K(615424K)->647847K(648192K)
[41.894s][info][gc,metaspace   ] GC(93) Metaspace: 17474K(17728K)->17474K(17728K) NonClass: 14849K(14976K)->14849K(14976K) Class: 2625K(2752K)->2625K(2752K)
[41.894s][info][gc             ] GC(93) Pause Young (Allocation Failure) 824M->651M(886M) 65.882ms
[41.894s][info][gc,cpu         ] GC(93) User=0.10s Sys=0.03s Real=0.07s
[42.196s][info][gc,start       ] GC(94) Pause Full (Allocation Failure)
[42.196s][info][gc,phases,start] GC(94) Marking Phase
[42.509s][info][gc,phases      ] GC(94) Marking Phase 312.531ms
[42.509s][info][gc,phases,start] GC(94) Summary Phase
[42.509s][info][gc,phases      ] GC(94) Summary Phase 0.044ms
[42.509s][info][gc,phases,start] GC(94) Forward
[42.630s][info][gc,phases      ] GC(94) Forward 120.632ms
[42.630s][info][gc,phases,start] GC(94) Adjust Pointers
[42.870s][info][gc,phases      ] GC(94) Adjust Pointers 239.984ms
[42.870s][info][gc,phases,start] GC(94) Compaction Phase
[43.026s][info][gc,phases      ] GC(94) Compaction Phase 156.029ms
[43.035s][info][gc,phases,start] GC(94) Post Compact
[43.037s][info][gc,phases      ] GC(94) Post Compact 2.575ms
[43.038s][info][gc,heap        ] GC(94) PSYoungGen: 220320K(259072K)->0K(263168K) Eden: 201216K(201216K)->0K(201216K) From: 19104K(57856K)->0K(61952K)
[43.038s][info][gc,heap        ] GC(94) ParOldGen: 647847K(648192K)->440267K(643072K)
[43.038s][info][gc,metaspace   ] GC(94) Metaspace: 17474K(17728K)->17474K(17728K) NonClass: 14849K(14976K)->14849K(14976K) Class: 2625K(2752K)->2625K(2752K)
[43.038s][info][gc             ] GC(94) Pause Full (Allocation Failure) 847M->429M(885M) 841.496ms
[43.038s][info][gc,cpu         ] GC(94) User=1.59s Sys=0.00s Real=0.84s
[43.257s][info][gc,start       ] GC(95) Pause Young (Allocation Failure)
[43.271s][info][gc,heap        ] GC(95) PSYoungGen: 201216K(263168K)->10976K(266752K) Eden: 201216K(201216K)->0K(209920K) From: 0K(61952K)->10976K(56832K)
[43.272s][info][gc,heap        ] GC(95) ParOldGen: 440267K(643072K)->440267K(643072K)
[43.272s][info][gc,metaspace   ] GC(95) Metaspace: 17474K(17728K)->17474K(17728K) NonClass: 14849K(14976K)->14849K(14976K) Class: 2625K(2752K)->2625K(2752K)
[43.272s][info][gc             ] GC(95) Pause Young (Allocation Failure) 626M->440M(888M) 14.575ms
[43.272s][info][gc,cpu         ] GC(95) User=0.03s Sys=0.00s Real=0.02s
[43.714s][info][gc,start       ] GC(96) Pause Young (Allocation Failure)
[43.741s][info][gc,heap        ] GC(96) PSYoungGen: 220896K(266752K)->14592K(269312K) Eden: 209920K(209920K)->0K(209920K) From: 10976K(56832K)->14592K(59392K)
[43.741s][info][gc,heap        ] GC(96) ParOldGen: 440267K(643072K)->451243K(643072K)
[43.741s][info][gc,metaspace   ] GC(96) Metaspace: 17475K(17728K)->17475K(17728K) NonClass: 14850K(14976K)->14850K(14976K) Class: 2625K(2752K)->2625K(2752K)
[43.741s][info][gc             ] GC(96) Pause Young (Allocation Failure) 645M->454M(891M) 27.253ms
[43.741s][info][gc,cpu         ] GC(96) User=0.05s Sys=0.00s Real=0.03s
[44.281s][info][gc,start       ] GC(97) Pause Young (Allocation Failure)
[44.297s][info][gc,heap        ] GC(97) PSYoungGen: 224512K(269312K)->14560K(268800K) Eden: 209920K(209920K)->0K(218112K) From: 14592K(59392K)->14560K(50688K)
[44.297s][info][gc,heap        ] GC(97) ParOldGen: 451243K(643072K)->451243K(643072K)
[44.297s][info][gc,metaspace   ] GC(97) Metaspace: 17475K(17728K)->17475K(17728K) NonClass: 14850K(14976K)->14850K(14976K) Class: 2625K(2752K)->2625K(2752K)
[44.297s][info][gc             ] GC(97) Pause Young (Allocation Failure) 659M->454M(890M) 16.061ms
[44.297s][info][gc,cpu         ] GC(97) User=0.03s Sys=0.00s Real=0.01s
[44.781s][info][gc,start       ] GC(98) Pause Young (Allocation Failure)
[44.814s][info][gc,heap        ] GC(98) PSYoungGen: 232672K(268800K)->18633K(271360K) Eden: 218112K(218112K)->0K(218112K) From: 14560K(50688K)->18633K(53248K)
[44.814s][info][gc,heap        ] GC(98) ParOldGen: 451243K(643072K)->451243K(643072K)
[44.814s][info][gc,metaspace   ] GC(98) Metaspace: 17476K(17728K)->17476K(17728K) NonClass: 14850K(14976K)->14850K(14976K) Class: 2625K(2752K)->2625K(2752K)
[44.814s][info][gc             ] GC(98) Pause Young (Allocation Failure) 667M->458M(893M) 32.385ms
[44.814s][info][gc,cpu         ] GC(98) User=0.06s Sys=0.00s Real=0.03s
[45.016s][info][gc,start       ] GC(99) Pause Young (Allocation Failure)
[45.109s][info][gc,heap        ] GC(99) PSYoungGen: 236745K(271360K)->49632K(224768K) Eden: 218112K(218112K)->0K(175104K) From: 18633K(53248K)->49632K(49664K)
[45.109s][info][gc,heap        ] GC(99) ParOldGen: 451243K(643072K)->508172K(643072K)
[45.109s][info][gc,metaspace   ] GC(99) Metaspace: 17482K(17728K)->17482K(17728K) NonClass: 14857K(14976K)->14857K(14976K) Class: 2625K(2752K)->2625K(2752K)
[45.109s][info][gc             ] GC(99) Pause Young (Allocation Failure) 671M->544M(847M) 93.100ms
[45.109s][info][gc,cpu         ] GC(99) User=0.18s Sys=0.00s Real=0.09s
[45.275s][info][gc,start       ] GC(100) Pause Young (Allocation Failure)
[45.364s][info][gc,heap        ] GC(100) PSYoungGen: 224736K(224768K)->79328K(254464K) Eden: 175104K(175104K)->0K(175104K) From: 49632K(49664K)->79328K(79360K)
[45.364s][info][gc,heap        ] GC(100) ParOldGen: 508172K(643072K)->526162K(643072K)
[45.364s][info][gc,metaspace   ] GC(100) Metaspace: 17492K(17728K)->17492K(17728K) NonClass: 14866K(14976K)->14866K(14976K) Class: 2625K(2752K)->2625K(2752K)
[45.364s][info][gc             ] GC(100) Pause Young (Allocation Failure) 715M->591M(876M) 88.568ms
[45.364s][info][gc,cpu         ] GC(100) User=0.17s Sys=0.00s Real=0.09s
[45.636s][info][gc,start       ] GC(101) Pause Young (Allocation Failure)
[45.730s][info][gc,heap        ] GC(101) PSYoungGen: 254432K(254464K)->49664K(214528K) Eden: 175104K(175104K)->0K(135168K) From: 79328K(79360K)->49664K(79360K)
[45.730s][info][gc,heap        ] GC(101) ParOldGen: 526162K(643072K)->561541K(643072K)
[45.730s][info][gc,metaspace   ] GC(101) Metaspace: 17495K(17728K)->17495K(17728K) NonClass: 14869K(14976K)->14869K(14976K) Class: 2625K(2752K)->2625K(2752K)
[45.730s][info][gc             ] GC(101) Pause Young (Allocation Failure) 762M->596M(837M) 93.304ms
[45.730s][info][gc,cpu         ] GC(101) User=0.18s Sys=0.00s Real=0.09s
[45.990s][info][gc,start       ] GC(102) Pause Young (Allocation Failure)
[46.086s][info][gc,heap        ] GC(102) PSYoungGen: 184832K(214528K)->33312K(234496K) Eden: 135168K(135168K)->0K(135168K) From: 49664K(79360K)->33312K(99328K)
[46.086s][info][gc,heap        ] GC(102) ParOldGen: 561541K(643072K)->611532K(643072K)
[46.086s][info][gc,metaspace   ] GC(102) Metaspace: 17495K(17728K)->17495K(17728K) NonClass: 14870K(14976K)->14870K(14976K) Class: 2625K(2752K)->2625K(2752K)
[46.086s][info][gc             ] GC(102) Pause Young (Allocation Failure) 728M->629M(857M) 96.078ms
[46.086s][info][gc,cpu         ] GC(102) User=0.19s Sys=0.00s Real=0.09s
[46.284s][info][gc,start       ] GC(103) Pause Full (Allocation Failure)
[46.284s][info][gc,phases,start] GC(103) Marking Phase
[46.608s][info][gc,phases      ] GC(103) Marking Phase 324.023ms
[46.608s][info][gc,phases,start] GC(103) Summary Phase
[46.608s][info][gc,phases      ] GC(103) Summary Phase 0.027ms
[46.608s][info][gc,phases,start] GC(103) Forward
[46.739s][info][gc,phases      ] GC(103) Forward 130.428ms
[46.739s][info][gc,phases,start] GC(103) Adjust Pointers
[47.005s][info][gc,phases      ] GC(103) Adjust Pointers 266.114ms
[47.005s][info][gc,phases,start] GC(103) Compaction Phase
[47.149s][info][gc,phases      ] GC(103) Compaction Phase 143.817ms
[47.163s][info][gc,phases,start] GC(103) Post Compact
[47.166s][info][gc,phases      ] GC(103) Post Compact 2.395ms
[47.166s][info][gc,heap        ] GC(103) PSYoungGen: 168480K(234496K)->0K(228352K) Eden: 135168K(135168K)->0K(141312K) From: 33312K(99328K)->0K(87040K)
[47.166s][info][gc,heap        ] GC(103) ParOldGen: 611532K(643072K)->478801K(667648K)
[47.166s][info][gc,metaspace   ] GC(103) Metaspace: 17496K(17728K)->17496K(17728K) NonClass: 14870K(14976K)->14870K(14976K) Class: 2625K(2752K)->2625K(2752K)
[47.166s][info][gc             ] GC(103) Pause Full (Allocation Failure) 761M->467M(875M) 882.316ms
[47.166s][info][gc,cpu         ] GC(103) User=1.65s Sys=0.00s Real=0.88s
[47.367s][info][gc,start       ] GC(104) Pause Young (Allocation Failure)
[47.369s][info][gc,heap        ] GC(104) PSYoungGen: 141312K(228352K)->64K(234496K) Eden: 141312K(141312K)->0K(141312K) From: 0K(87040K)->64K(93184K)
[47.369s][info][gc,heap        ] GC(104) ParOldGen: 478801K(667648K)->478801K(667648K)
[47.369s][info][gc,metaspace   ] GC(104) Metaspace: 17496K(17728K)->17496K(17728K) NonClass: 14870K(14976K)->14870K(14976K) Class: 2625K(2752K)->2625K(2752K)
[47.369s][info][gc             ] GC(104) Pause Young (Allocation Failure) 605M->467M(881M) 1.696ms
[47.369s][info][gc,cpu         ] GC(104) User=0.00s Sys=0.00s Real=0.00s
[47.578s][info][gc,start       ] GC(105) Pause Young (Allocation Failure)
[47.580s][info][gc,heap        ] GC(105) PSYoungGen: 141376K(234496K)->64K(239104K) Eden: 141312K(141312K)->0K(146944K) From: 64K(93184K)->64K(92160K)
[47.580s][info][gc,heap        ] GC(105) ParOldGen: 478801K(667648K)->478817K(667648K)
[47.580s][info][gc,metaspace   ] GC(105) Metaspace: 17496K(17728K)->17496K(17728K) NonClass: 14870K(14976K)->14870K(14976K) Class: 2625K(2752K)->2625K(2752K)
[47.580s][info][gc             ] GC(105) Pause Young (Allocation Failure) 605M->467M(885M) 1.733ms
[47.580s][info][gc,cpu         ] GC(105) User=0.00s Sys=0.01s Real=0.00s
[47.788s][info][gc,start       ] GC(106) Pause Young (Allocation Failure)
[47.790s][info][gc,heap        ] GC(106) PSYoungGen: 147008K(239104K)->64K(239616K) Eden: 146944K(146944K)->0K(146944K) From: 64K(92160K)->64K(92672K)
[47.790s][info][gc,heap        ] GC(106) ParOldGen: 478817K(667648K)->478817K(667648K)
[47.790s][info][gc,metaspace   ] GC(106) Metaspace: 17496K(17728K)->17496K(17728K) NonClass: 14870K(14976K)->14870K(14976K) Class: 2625K(2752K)->2625K(2752K)
[47.790s][info][gc             ] GC(106) Pause Young (Allocation Failure) 611M->467M(886M) 1.775ms
[47.790s][info][gc,cpu         ] GC(106) User=0.00s Sys=0.00s Real=0.01s
[47.999s][info][gc,start       ] GC(107) Pause Young (Allocation Failure)
[48.000s][info][gc,heap        ] GC(107) PSYoungGen: 147008K(239616K)->64K(238080K) Eden: 146944K(146944K)->0K(150016K) From: 64K(92672K)->64K(88064K)
[48.000s][info][gc,heap        ] GC(107) ParOldGen: 478817K(667648K)->478817K(667648K)
[48.000s][info][gc,metaspace   ] GC(107) Metaspace: 17496K(17728K)->17496K(17728K) NonClass: 14870K(14976K)->14870K(14976K) Class: 2625K(2752K)->2625K(2752K)
[48.000s][info][gc             ] GC(107) Pause Young (Allocation Failure) 611M->467M(884M) 1.672ms
[48.000s][info][gc,cpu         ] GC(107) User=0.00s Sys=0.00s Real=0.01s
[48.206s][info][gc,start       ] GC(108) Pause Young (Allocation Failure)
[48.208s][info][gc,heap        ] GC(108) PSYoungGen: 150080K(238080K)->64K(239104K) Eden: 150016K(150016K)->0K(150016K) From: 64K(88064K)->64K(89088K)
[48.208s][info][gc,heap        ] GC(108) ParOldGen: 478817K(667648K)->478817K(667648K)
[48.208s][info][gc,metaspace   ] GC(108) Metaspace: 17496K(17728K)->17496K(17728K) NonClass: 14870K(14976K)->14870K(14976K) Class: 2625K(2752K)->2625K(2752K)
[48.208s][info][gc             ] GC(108) Pause Young (Allocation Failure) 614M->467M(885M) 1.678ms
[48.208s][info][gc,cpu         ] GC(108) User=0.00s Sys=0.00s Real=0.00s
[48.414s][info][gc,start       ] GC(109) Pause Young (Allocation Failure)
[48.416s][info][gc,heap        ] GC(109) PSYoungGen: 150080K(239104K)->64K(240128K) Eden: 150016K(150016K)->0K(158208K) From: 64K(89088K)->64K(81920K)
[48.416s][info][gc,heap        ] GC(109) ParOldGen: 478817K(667648K)->478817K(667648K)
[48.416s][info][gc,metaspace   ] GC(109) Metaspace: 17497K(17728K)->17497K(17728K) NonClass: 14872K(14976K)->14872K(14976K) Class: 2625K(2752K)->2625K(2752K)
[48.416s][info][gc             ] GC(109) Pause Young (Allocation Failure) 614M->467M(886M) 1.889ms
[48.416s][info][gc,cpu         ] GC(109) User=0.00s Sys=0.00s Real=0.00s
[48.633s][info][gc,start       ] GC(110) Pause Young (Allocation Failure)
[48.634s][info][gc,heap        ] GC(110) PSYoungGen: 158272K(240128K)->64K(241664K) Eden: 158208K(158208K)->0K(158208K) From: 64K(81920K)->64K(83456K)
[48.634s][info][gc,heap        ] GC(110) ParOldGen: 478817K(667648K)->478817K(667648K)
[48.634s][info][gc,metaspace   ] GC(110) Metaspace: 17497K(17728K)->17497K(17728K) NonClass: 14872K(14976K)->14872K(14976K) Class: 2625K(2752K)->2625K(2752K)
[48.634s][info][gc             ] GC(110) Pause Young (Allocation Failure) 622M->467M(888M) 1.697ms
[48.634s][info][gc,cpu         ] GC(110) User=0.01s Sys=0.00s Real=0.00s
[48.833s][info][gc,start       ] GC(111) Pause Young (Allocation Failure)
[48.848s][info][gc,heap        ] GC(111) PSYoungGen: 158272K(241664K)->11712K(236544K) Eden: 158208K(158208K)->0K(166400K) From: 64K(83456K)->11712K(70144K)
[48.848s][info][gc,heap        ] GC(111) ParOldGen: 478817K(667648K)->478817K(667648K)
[48.848s][info][gc,metaspace   ] GC(111) Metaspace: 17497K(17728K)->17497K(17728K) NonClass: 14872K(14976K)->14872K(14976K) Class: 2625K(2752K)->2625K(2752K)
[48.848s][info][gc             ] GC(111) Pause Young (Allocation Failure) 622M->479M(883M) 15.206ms
[48.848s][info][gc,cpu         ] GC(111) User=0.03s Sys=0.00s Real=0.01s
[49.003s][info][gc,start       ] GC(112) Pause Young (Allocation Failure)
[49.055s][info][gc,heap        ] GC(112) PSYoungGen: 178112K(236544K)->49408K(241152K) Eden: 166400K(166400K)->0K(166400K) From: 11712K(70144K)->49408K(74752K)
[49.055s][info][gc,heap        ] GC(112) ParOldGen: 478817K(667648K)->478817K(667648K)
[49.055s][info][gc,metaspace   ] GC(112) Metaspace: 17498K(17728K)->17498K(17728K) NonClass: 14873K(14976K)->14873K(14976K) Class: 2625K(2752K)->2625K(2752K)
[49.055s][info][gc             ] GC(112) Pause Young (Allocation Failure) 641M->515M(887M) 51.959ms
[49.055s][info][gc,cpu         ] GC(112) User=0.10s Sys=0.00s Real=0.05s
[49.176s][info][gc,start       ] GC(113) Pause Young (Allocation Failure)
[49.244s][info][gc,heap        ] GC(113) PSYoungGen: 215808K(241152K)->66816K(229888K) Eden: 166400K(166400K)->0K(148480K) From: 49408K(74752K)->66816K(81408K)
[49.244s][info][gc,heap        ] GC(113) ParOldGen: 478817K(667648K)->478817K(667648K)
[49.244s][info][gc,metaspace   ] GC(113) Metaspace: 17498K(17728K)->17498K(17728K) NonClass: 14873K(14976K)->14873K(14976K) Class: 2625K(2752K)->2625K(2752K)
[49.244s][info][gc             ] GC(113) Pause Young (Allocation Failure) 678M->532M(876M) 68.013ms
[49.244s][info][gc,cpu         ] GC(113) User=0.13s Sys=0.00s Real=0.07s
[49.332s][info][gc,start       ] GC(114) Pause Young (Allocation Failure)
[49.403s][info][gc,heap        ] GC(114) PSYoungGen: 215296K(229888K)->71840K(220672K) Eden: 148480K(148480K)->0K(148480K) From: 66816K(81408K)->71840K(72192K)
[49.403s][info][gc,heap        ] GC(114) ParOldGen: 478817K(667648K)->478817K(667648K)
[49.403s][info][gc,metaspace   ] GC(114) Metaspace: 17498K(17728K)->17498K(17728K) NonClass: 14873K(14976K)->14873K(14976K) Class: 2625K(2752K)->2625K(2752K)
[49.403s][info][gc             ] GC(114) Pause Young (Allocation Failure) 677M->537M(867M) 70.658ms
[49.403s][info][gc,cpu         ] GC(114) User=0.14s Sys=0.00s Real=0.07s
[49.527s][info][gc,start       ] GC(115) Pause Young (Allocation Failure)
[49.603s][info][gc,heap        ] GC(115) PSYoungGen: 220320K(220672K)->76416K(215040K) Eden: 148480K(148480K)->0K(111616K) From: 71840K(72192K)->76416K(103424K)
[49.603s][info][gc,heap        ] GC(115) ParOldGen: 478817K(667648K)->478817K(667648K)
[49.603s][info][gc,metaspace   ] GC(115) Metaspace: 17500K(17728K)->17500K(17728K) NonClass: 14875K(14976K)->14875K(14976K) Class: 2625K(2752K)->2625K(2752K)
[49.603s][info][gc             ] GC(115) Pause Young (Allocation Failure) 682M->542M(862M) 75.748ms
[49.603s][info][gc,cpu         ] GC(115) User=0.15s Sys=0.00s Real=0.08s
[49.691s][info][gc,start       ] GC(116) Pause Young (Allocation Failure)
[49.769s][info][gc,heap        ] GC(116) PSYoungGen: 188032K(215040K)->68128K(222720K) Eden: 111616K(111616K)->0K(111616K) From: 76416K(103424K)->68128K(111104K)
[49.769s][info][gc,heap        ] GC(116) ParOldGen: 478817K(667648K)->490521K(667648K)
[49.769s][info][gc,metaspace   ] GC(116) Metaspace: 17515K(17728K)->17515K(17728K) NonClass: 14890K(14976K)->14890K(14976K) Class: 2625K(2752K)->2625K(2752K)
[49.769s][info][gc             ] GC(116) Pause Young (Allocation Failure) 651M->545M(869M) 77.733ms
[49.769s][info][gc,cpu         ] GC(116) User=0.15s Sys=0.00s Real=0.07s
[49.835s][info][gc,start       ] GC(117) Pause Young (Allocation Failure)
[49.905s][info][gc,heap        ] GC(117) PSYoungGen: 179744K(222720K)->13120K(222720K) Eden: 111616K(111616K)->0K(111616K) From: 68128K(111104K)->13120K(111104K)
[49.905s][info][gc,heap        ] GC(117) ParOldGen: 490521K(667648K)->545753K(667648K)
[49.905s][info][gc,metaspace   ] GC(117) Metaspace: 17516K(17728K)->17516K(17728K) NonClass: 14890K(14976K)->14890K(14976K) Class: 2625K(2752K)->2625K(2752K)
[49.905s][info][gc             ] GC(117) Pause Young (Allocation Failure) 654M->545M(869M) 69.949ms
[49.905s][info][gc,cpu         ] GC(117) User=0.14s Sys=0.00s Real=0.07s
[49.985s][info][gc,start       ] GC(118) Pause Young (Allocation Failure)
[50.010s][info][gc,heap        ] GC(118) PSYoungGen: 124736K(222720K)->11744K(123392K) Eden: 111616K(111616K)->0K(111616K) From: 13120K(111104K)->11744K(11776K)
[50.010s][info][gc,heap        ] GC(118) ParOldGen: 545753K(667648K)->555401K(667648K)
[50.010s][info][gc,metaspace   ] GC(118) Metaspace: 17516K(17728K)->17516K(17728K) NonClass: 14890K(14976K)->14890K(14976K) Class: 2625K(2752K)->2625K(2752K)
[50.010s][info][gc             ] GC(118) Pause Young (Allocation Failure) 654M->553M(772M) 24.846ms
[50.010s][info][gc,cpu         ] GC(118) User=0.04s Sys=0.00s Real=0.02s
[50.136s][info][gc,start       ] GC(119) Pause Young (Allocation Failure)
[50.173s][info][gc,heap        ] GC(119) PSYoungGen: 123360K(123392K)->32272K(229376K) Eden: 111616K(111616K)->0K(119296K) From: 11744K(11776K)->32272K(110080K)
[50.173s][info][gc,heap        ] GC(119) ParOldGen: 555401K(667648K)->558881K(667648K)
[50.173s][info][gc,metaspace   ] GC(119) Metaspace: 17516K(17728K)->17516K(17728K) NonClass: 14890K(14976K)->14890K(14976K) Class: 2625K(2752K)->2625K(2752K)
[50.173s][info][gc             ] GC(119) Pause Young (Allocation Failure) 662M->577M(876M) 37.256ms
[50.173s][info][gc,cpu         ] GC(119) User=0.08s Sys=0.00s Real=0.04s
[50.305s][info][gc,start       ] GC(120) Pause Young (Allocation Failure)
[50.361s][info][gc,heap        ] GC(120) PSYoungGen: 151568K(229376K)->14656K(134144K) Eden: 119296K(119296K)->0K(119296K) From: 32272K(110080K)->14656K(14848K)
[50.361s][info][gc,heap        ] GC(120) ParOldGen: 558881K(667648K)->591146K(667648K)
[50.361s][info][gc,metaspace   ] GC(120) Metaspace: 17516K(17728K)->17516K(17728K) NonClass: 14890K(14976K)->14890K(14976K) Class: 2625K(2752K)->2625K(2752K)
[50.361s][info][gc             ] GC(120) Pause Young (Allocation Failure) 693M->591M(783M) 56.408ms
[50.361s][info][gc,cpu         ] GC(120) User=0.11s Sys=0.00s Real=0.06s
[50.936s][info][gc,start       ] GC(121) Pause Young (Allocation Failure)
[50.969s][info][gc,heap        ] GC(121) PSYoungGen: 133952K(134144K)->192K(221696K) Eden: 119296K(119296K)->0K(122880K) From: 14656K(14848K)->192K(98816K)
[50.969s][info][gc,heap        ] GC(121) ParOldGen: 591146K(667648K)->605778K(667648K)
[50.969s][info][gc,metaspace   ] GC(121) Metaspace: 17520K(17728K)->17520K(17728K) NonClass: 14894K(14976K)->14894K(14976K) Class: 2625K(2752K)->2625K(2752K)
[50.969s][info][gc             ] GC(121) Pause Young (Allocation Failure) 708M->591M(868M) 33.391ms
[50.969s][info][gc,cpu         ] GC(121) User=0.07s Sys=0.00s Real=0.03s
[51.404s][info][gc,start       ] GC(122) Pause Young (Allocation Failure)
[51.409s][info][gc,heap        ] GC(122) PSYoungGen: 123072K(221696K)->96K(220160K) Eden: 122880K(122880K)->0K(122880K) From: 192K(98816K)->96K(97280K)
[51.409s][info][gc,heap        ] GC(122) ParOldGen: 605778K(667648K)->605882K(667648K)
[51.409s][info][gc,metaspace   ] GC(122) Metaspace: 17520K(17728K)->17520K(17728K) NonClass: 14895K(14976K)->14895K(14976K) Class: 2625K(2752K)->2625K(2752K)
[51.409s][info][gc             ] GC(122) Pause Young (Allocation Failure) 711M->591M(867M) 5.277ms
[51.409s][info][gc,cpu         ] GC(122) User=0.01s Sys=0.00s Real=0.00s
[51.712s][info][gc,start       ] GC(123) Pause Young (Allocation Failure)
[51.717s][info][gc,heap        ] GC(123) PSYoungGen: 122976K(220160K)->64K(224256K) Eden: 122880K(122880K)->0K(136192K) From: 96K(97280K)->64K(88064K)
[51.717s][info][gc,heap        ] GC(123) ParOldGen: 605882K(667648K)->605946K(667648K)
[51.717s][info][gc,metaspace   ] GC(123) Metaspace: 17520K(17728K)->17520K(17728K) NonClass: 14895K(14976K)->14895K(14976K) Class: 2625K(2752K)->2625K(2752K)
[51.717s][info][gc             ] GC(123) Pause Young (Allocation Failure) 711M->591M(871M) 4.872ms
[51.717s][info][gc,cpu         ] GC(123) User=0.01s Sys=0.00s Real=0.00s
[52.047s][info][gc,start       ] GC(124) Pause Young (Allocation Failure)
[52.051s][info][gc,heap        ] GC(124) PSYoungGen: 136256K(224256K)->64K(228352K) Eden: 136192K(136192K)->0K(136192K) From: 64K(88064K)->64K(92160K)
[52.051s][info][gc,heap        ] GC(124) ParOldGen: 605946K(667648K)->605962K(667648K)
[52.051s][info][gc,metaspace   ] GC(124) Metaspace: 17520K(17728K)->17520K(17728K) NonClass: 14895K(14976K)->14895K(14976K) Class: 2625K(2752K)->2625K(2752K)
[52.051s][info][gc             ] GC(124) Pause Young (Allocation Failure) 724M->591M(875M) 3.833ms
[52.051s][info][gc,cpu         ] GC(124) User=0.00s Sys=0.00s Real=0.01s
[52.385s][info][gc,start       ] GC(125) Pause Young (Allocation Failure)
[52.387s][info][gc,heap        ] GC(125) PSYoungGen: 136256K(228352K)->64K(227840K) Eden: 136192K(136192K)->0K(147456K) From: 64K(92160K)->64K(80384K)
[52.387s][info][gc,heap        ] GC(125) ParOldGen: 605962K(667648K)->605962K(667648K)
[52.387s][info][gc,metaspace   ] GC(125) Metaspace: 17520K(17728K)->17520K(17728K) NonClass: 14895K(14976K)->14895K(14976K) Class: 2625K(2752K)->2625K(2752K)
[52.387s][info][gc             ] GC(125) Pause Young (Allocation Failure) 724M->591M(874M) 2.191ms
[52.387s][info][gc,cpu         ] GC(125) User=0.00s Sys=0.00s Real=0.00s
[52.745s][info][gc,start       ] GC(126) Pause Young (Allocation Failure)
[52.747s][info][gc,heap        ] GC(126) PSYoungGen: 147520K(227840K)->64K(232960K) Eden: 147456K(147456K)->0K(147456K) From: 64K(80384K)->64K(85504K)
[52.747s][info][gc,heap        ] GC(126) ParOldGen: 605962K(667648K)->605962K(667648K)
[52.747s][info][gc,metaspace   ] GC(126) Metaspace: 17521K(17728K)->17521K(17728K) NonClass: 14896K(14976K)->14896K(14976K) Class: 2625K(2752K)->2625K(2752K)
[52.747s][info][gc             ] GC(126) Pause Young (Allocation Failure) 735M->591M(879M) 2.066ms
[52.747s][info][gc,cpu         ] GC(126) User=0.00s Sys=0.00s Real=0.00s
[53.138s][info][gc,start       ] GC(127) Pause Young (Allocation Failure)
[53.141s][info][gc,heap        ] GC(127) PSYoungGen: 147520K(232960K)->192K(229376K) Eden: 147456K(147456K)->0K(156160K) From: 64K(85504K)->192K(73216K)
[53.141s][info][gc,heap        ] GC(127) ParOldGen: 605962K(667648K)->605962K(667648K)
[53.141s][info][gc,metaspace   ] GC(127) Metaspace: 17521K(17728K)->17521K(17728K) NonClass: 14896K(14976K)->14896K(14976K) Class: 2625K(2752K)->2625K(2752K)
[53.141s][info][gc             ] GC(127) Pause Young (Allocation Failure) 735M->591M(876M) 2.984ms
[53.141s][info][gc,cpu         ] GC(127) User=0.01s Sys=0.00s Real=0.01s
[53.532s][info][gc,start       ] GC(128) Pause Young (Allocation Failure)
[53.544s][info][gc,heap        ] GC(128) PSYoungGen: 156352K(229376K)->11888K(234496K) Eden: 156160K(156160K)->0K(156160K) From: 192K(73216K)->11888K(78336K)
[53.544s][info][gc,heap        ] GC(128) ParOldGen: 605962K(667648K)->605962K(667648K)
[53.544s][info][gc,metaspace   ] GC(128) Metaspace: 17524K(17728K)->17524K(17728K) NonClass: 14899K(14976K)->14899K(14976K) Class: 2625K(2752K)->2625K(2752K)
[53.544s][info][gc             ] GC(128) Pause Young (Allocation Failure) 744M->603M(881M) 11.713ms
[53.544s][info][gc,cpu         ] GC(128) User=0.02s Sys=0.00s Real=0.01s
[53.679s][info][gc,start       ] GC(129) Pause Young (Allocation Failure)
[53.722s][info][gc,heap        ] GC(129) PSYoungGen: 168048K(234496K)->58320K(225792K) Eden: 156160K(156160K)->0K(153600K) From: 11888K(78336K)->58320K(72192K)
[53.722s][info][gc,heap        ] GC(129) ParOldGen: 605962K(667648K)->605962K(667648K)
[53.722s][info][gc,metaspace   ] GC(129) Metaspace: 17524K(17728K)->17524K(17728K) NonClass: 14899K(14976K)->14899K(14976K) Class: 2625K(2752K)->2625K(2752K)
[53.722s][info][gc             ] GC(129) Pause Young (Allocation Failure) 755M->648M(872M) 43.194ms
[53.722s][info][gc,cpu         ] GC(129) User=0.08s Sys=0.00s Real=0.05s
[53.914s][info][gc,start       ] GC(130) Pause Young (Allocation Failure)
[53.994s][info][gc,heap        ] GC(130) PSYoungGen: 211920K(225792K)->82928K(236544K) Eden: 153600K(153600K)->0K(153600K) From: 58320K(72192K)->82928K(82944K)
[53.994s][info][gc,heap        ] GC(130) ParOldGen: 605962K(667648K)->641155K(667648K)
[53.994s][info][gc,metaspace   ] GC(130) Metaspace: 17526K(17728K)->17526K(17728K) NonClass: 14901K(14976K)->14901K(14976K) Class: 2625K(2752K)->2625K(2752K)
[53.994s][info][gc             ] GC(130) Pause Young (Allocation Failure) 798M->707M(883M) 80.421ms
[53.994s][info][gc,cpu         ] GC(130) User=0.16s Sys=0.00s Real=0.08s
[54.158s][info][gc,start       ] GC(131) Pause Full (Allocation Failure)
[54.158s][info][gc,phases,start] GC(131) Marking Phase
[54.504s][info][gc,phases      ] GC(131) Marking Phase 345.420ms
[54.504s][info][gc,phases,start] GC(131) Summary Phase
[54.504s][info][gc,phases      ] GC(131) Summary Phase 0.030ms
[54.504s][info][gc,phases,start] GC(131) Forward
[54.649s][info][gc,phases      ] GC(131) Forward 145.424ms
[54.650s][info][gc,phases,start] GC(131) Adjust Pointers
[54.910s][info][gc,phases      ] GC(131) Adjust Pointers 260.363ms
[54.910s][info][gc,phases,start] GC(131) Compaction Phase
[55.087s][info][gc,phases      ] GC(131) Compaction Phase 176.727ms
[55.093s][info][gc,phases,start] GC(131) Post Compact
[55.095s][info][gc,phases      ] GC(131) Post Compact 2.603ms
[55.095s][info][gc,heap        ] GC(131) PSYoungGen: 236528K(236544K)->0K(208896K) Eden: 153600K(153600K)->0K(111616K) From: 82928K(82944K)->0K(97280K)
[55.095s][info][gc,heap        ] GC(131) ParOldGen: 641155K(667648K)->508540K(667648K)
[55.095s][info][gc,metaspace   ] GC(131) Metaspace: 17528K(17728K)->17528K(17728K) NonClass: 14903K(14976K)->14903K(14976K) Class: 2625K(2752K)->2625K(2752K)
[55.095s][info][gc             ] GC(131) Pause Full (Allocation Failure) 857M->496M(856M) 936.857ms
[55.095s][info][gc,cpu         ] GC(131) User=1.74s Sys=0.00s Real=0.94s
[55.291s][info][gc,start       ] GC(132) Pause Young (Allocation Failure)
[55.304s][info][gc,heap        ] GC(132) PSYoungGen: 111616K(208896K)->1184K(222720K) Eden: 111616K(111616K)->0K(111616K) From: 0K(97280K)->1184K(111104K)
[55.304s][info][gc,heap        ] GC(132) ParOldGen: 508540K(667648K)->508540K(667648K)
[55.304s][info][gc,metaspace   ] GC(132) Metaspace: 17530K(17728K)->17530K(17728K) NonClass: 14905K(14976K)->14905K(14976K) Class: 2625K(2752K)->2625K(2752K)
[55.304s][info][gc             ] GC(132) Pause Young (Allocation Failure) 605M->497M(869M) 12.959ms
[55.304s][info][gc,cpu         ] GC(132) User=0.02s Sys=0.00s Real=0.01s
[55.520s][info][gc,start       ] GC(133) Pause Young (Allocation Failure)
[55.554s][info][gc,heap        ] GC(133) PSYoungGen: 112800K(222720K)->17920K(206848K) Eden: 111616K(111616K)->0K(113152K) From: 1184K(111104K)->17920K(93696K)
[55.554s][info][gc,heap        ] GC(133) ParOldGen: 508540K(667648K)->508540K(667648K)
[55.554s][info][gc,metaspace   ] GC(133) Metaspace: 17531K(17728K)->17531K(17728K) NonClass: 14906K(14976K)->14906K(14976K) Class: 2625K(2752K)->2625K(2752K)
[55.554s][info][gc             ] GC(133) Pause Young (Allocation Failure) 606M->514M(854M) 34.416ms
[55.554s][info][gc,cpu         ] GC(133) User=0.07s Sys=0.00s Real=0.04s
[55.728s][info][gc,start       ] GC(134) Pause Young (Allocation Failure)
[55.772s][info][gc,heap        ] GC(134) PSYoungGen: 131072K(206848K)->18048K(215552K) Eden: 113152K(113152K)->0K(113152K) From: 17920K(93696K)->18048K(102400K)
[55.772s][info][gc,heap        ] GC(134) ParOldGen: 508540K(667648K)->508540K(667648K)
[55.772s][info][gc,metaspace   ] GC(134) Metaspace: 17531K(17728K)->17531K(17728K) NonClass: 14906K(14976K)->14906K(14976K) Class: 2625K(2752K)->2625K(2752K)
[55.772s][info][gc             ] GC(134) Pause Young (Allocation Failure) 624M->514M(862M) 44.505ms
[55.772s][info][gc,cpu         ] GC(134) User=0.09s Sys=0.00s Real=0.05s
[55.940s][info][gc,start       ] GC(135) Pause Young (Allocation Failure)
[55.972s][info][gc,heap        ] GC(135) PSYoungGen: 131200K(215552K)->18144K(209408K) Eden: 113152K(113152K)->0K(125440K) From: 18048K(102400K)->18144K(83968K)
[55.972s][info][gc,heap        ] GC(135) ParOldGen: 508540K(667648K)->508540K(667648K)
[55.972s][info][gc,metaspace   ] GC(135) Metaspace: 17531K(17728K)->17531K(17728K) NonClass: 14906K(14976K)->14906K(14976K) Class: 2625K(2752K)->2625K(2752K)
[55.972s][info][gc             ] GC(135) Pause Young (Allocation Failure) 624M->514M(856M) 32.064ms
[55.972s][info][gc,cpu         ] GC(135) User=0.05s Sys=0.00s Real=0.03s
[56.110s][info][gc,start       ] GC(136) Pause Young (Allocation Failure)
[56.141s][info][gc,heap        ] GC(136) PSYoungGen: 143584K(209408K)->18208K(215552K) Eden: 125440K(125440K)->0K(125440K) From: 18144K(83968K)->18208K(90112K)
[56.141s][info][gc,heap        ] GC(136) ParOldGen: 508540K(667648K)->508540K(667648K)
[56.141s][info][gc,metaspace   ] GC(136) Metaspace: 17531K(17728K)->17531K(17728K) NonClass: 14906K(14976K)->14906K(14976K) Class: 2625K(2752K)->2625K(2752K)
[56.141s][info][gc             ] GC(136) Pause Young (Allocation Failure) 636M->514M(862M) 30.478ms
[56.141s][info][gc,cpu         ] GC(136) User=0.06s Sys=0.00s Real=0.03s
[56.279s][info][gc,start       ] GC(137) Pause Young (Allocation Failure)
[56.309s][info][gc,heap        ] GC(137) PSYoungGen: 143648K(215552K)->17120K(214528K) Eden: 125440K(125440K)->0K(139776K) From: 18208K(90112K)->17120K(74752K)
[56.309s][info][gc,heap        ] GC(137) ParOldGen: 508540K(667648K)->509708K(667648K)
[56.309s][info][gc,metaspace   ] GC(137) Metaspace: 17531K(17728K)->17531K(17728K) NonClass: 14906K(14976K)->14906K(14976K) Class: 2625K(2752K)->2625K(2752K)
[56.309s][info][gc             ] GC(137) Pause Young (Allocation Failure) 636M->514M(861M) 30.513ms
[56.309s][info][gc,cpu         ] GC(137) User=0.06s Sys=0.00s Real=0.03s
[56.459s][info][gc,start       ] GC(138) Pause Young (Allocation Failure)
[56.484s][info][gc,heap        ] GC(138) PSYoungGen: 156896K(214528K)->416K(219136K) Eden: 139776K(139776K)->0K(139776K) From: 17120K(74752K)->416K(79360K)
[56.484s][info][gc,heap        ] GC(138) ParOldGen: 509708K(667648K)->526596K(667648K)
[56.484s][info][gc,metaspace   ] GC(138) Metaspace: 17531K(17728K)->17531K(17728K) NonClass: 14906K(14976K)->14906K(14976K) Class: 2625K(2752K)->2625K(2752K)
[56.484s][info][gc             ] GC(138) Pause Young (Allocation Failure) 650M->514M(866M) 25.478ms
[56.484s][info][gc,cpu         ] GC(138) User=0.04s Sys=0.00s Real=0.03s
[56.634s][info][gc,start       ] GC(139) Pause Young (Allocation Failure)
[56.636s][info][gc,heap        ] GC(139) PSYoungGen: 140192K(219136K)->320K(224768K) Eden: 139776K(139776K)->0K(153600K) From: 416K(79360K)->320K(71168K)
[56.636s][info][gc,heap        ] GC(139) ParOldGen: 526596K(667648K)->526788K(667648K)
[56.636s][info][gc,metaspace   ] GC(139) Metaspace: 17531K(17728K)->17531K(17728K) NonClass: 14906K(14976K)->14906K(14976K) Class: 2625K(2752K)->2625K(2752K)
[56.636s][info][gc             ] GC(139) Pause Young (Allocation Failure) 651M->514M(871M) 2.644ms
[56.636s][info][gc,cpu         ] GC(139) User=0.01s Sys=0.00s Real=0.00s
[56.815s][info][gc,start       ] GC(140) Pause Young (Allocation Failure)
[56.824s][info][gc,heap        ] GC(140) PSYoungGen: 153920K(224768K)->3424K(228864K) Eden: 153600K(153600K)->0K(153600K) From: 320K(71168K)->3424K(75264K)
[56.824s][info][gc,heap        ] GC(140) ParOldGen: 526788K(667648K)->526876K(667648K)
[56.824s][info][gc,metaspace   ] GC(140) Metaspace: 17531K(17728K)->17531K(17728K) NonClass: 14906K(14976K)->14906K(14976K) Class: 2625K(2752K)->2625K(2752K)
[56.824s][info][gc             ] GC(140) Pause Young (Allocation Failure) 664M->517M(875M) 8.919ms
[56.824s][info][gc,cpu         ] GC(140) User=0.02s Sys=0.00s Real=0.01s
[57.122s][info][gc,start       ] GC(141) Pause Young (Allocation Failure)
[57.161s][info][gc,heap        ] GC(141) PSYoungGen: 157024K(228864K)->19416K(231424K) Eden: 153600K(153600K)->0K(167936K) From: 3424K(75264K)->19416K(63488K)
[57.161s][info][gc,heap        ] GC(141) ParOldGen: 526876K(667648K)->526876K(667648K)
[57.161s][info][gc,metaspace   ] GC(141) Metaspace: 17531K(17728K)->17531K(17728K) NonClass: 14906K(14976K)->14906K(14976K) Class: 2625K(2752K)->2625K(2752K)
[57.161s][info][gc             ] GC(141) Pause Young (Allocation Failure) 667M->533M(878M) 39.320ms
[57.161s][info][gc,cpu         ] GC(141) User=0.08s Sys=0.00s Real=0.04s
[57.384s][info][gc,start       ] GC(142) Pause Young (Allocation Failure)
[57.419s][info][gc,heap        ] GC(142) PSYoungGen: 187352K(231424K)->19490K(235520K) Eden: 167936K(167936K)->0K(167936K) From: 19416K(63488K)->19490K(67584K)
[57.419s][info][gc,heap        ] GC(142) ParOldGen: 526876K(667648K)->526876K(667648K)
[57.419s][info][gc,metaspace   ] GC(142) Metaspace: 17531K(17728K)->17531K(17728K) NonClass: 14906K(14976K)->14906K(14976K) Class: 2625K(2752K)->2625K(2752K)
[57.419s][info][gc             ] GC(142) Pause Young (Allocation Failure) 697M->533M(882M) 34.572ms
[57.419s][info][gc,cpu         ] GC(142) User=0.07s Sys=0.00s Real=0.03s
[57.646s][info][gc,start       ] GC(143) Pause Young (Allocation Failure)
[57.680s][info][gc,heap        ] GC(143) PSYoungGen: 187426K(235520K)->19480K(239616K) Eden: 167936K(167936K)->0K(184320K) From: 19490K(67584K)->19480K(55296K)
[57.680s][info][gc,heap        ] GC(143) ParOldGen: 526876K(667648K)->526876K(667648K)
[57.680s][info][gc,metaspace   ] GC(143) Metaspace: 17531K(17728K)->17531K(17728K) NonClass: 14906K(14976K)->14906K(14976K) Class: 2625K(2752K)->2625K(2752K)
[57.680s][info][gc             ] GC(143) Pause Young (Allocation Failure) 697M->533M(886M) 33.783ms
[57.680s][info][gc,cpu         ] GC(143) User=0.07s Sys=0.00s Real=0.04s
[57.920s][info][gc,start       ] GC(144) Pause Young (Allocation Failure)
[57.953s][info][gc,heap        ] GC(144) PSYoungGen: 203800K(239616K)->19352K(243712K) Eden: 184320K(184320K)->0K(184320K) From: 19480K(55296K)->19352K(59392K)
[57.953s][info][gc,heap        ] GC(144) ParOldGen: 526876K(667648K)->527004K(667648K)
[57.953s][info][gc,metaspace   ] GC(144) Metaspace: 17531K(17728K)->17531K(17728K) NonClass: 14906K(14976K)->14906K(14976K) Class: 2625K(2752K)->2625K(2752K)
[57.953s][info][gc             ] GC(144) Pause Young (Allocation Failure) 713M->533M(890M) 33.272ms
[57.953s][info][gc,cpu         ] GC(144) User=0.07s Sys=0.00s Real=0.04s
[58.148s][info][gc,start       ] GC(145) Pause Young (Allocation Failure)
[58.210s][info][gc,heap        ] GC(145) PSYoungGen: 203672K(243712K)->41634K(252928K) Eden: 184320K(184320K)->0K(197120K) From: 19352K(59392K)->41634K(55808K)
[58.210s][info][gc,heap        ] GC(145) ParOldGen: 527004K(667648K)->527100K(667648K)
[58.210s][info][gc,metaspace   ] GC(145) Metaspace: 17531K(17728K)->17531K(17728K) NonClass: 14906K(14976K)->14906K(14976K) Class: 2625K(2752K)->2625K(2752K)
[58.210s][info][gc             ] GC(145) Pause Young (Allocation Failure) 713M->555M(899M) 61.602ms
[58.210s][info][gc,cpu         ] GC(145) User=0.12s Sys=0.00s Real=0.06s
[58.375s][info][gc,start       ] GC(146) Pause Young (Allocation Failure)
[58.446s][info][gc,heap        ] GC(146) PSYoungGen: 238754K(252928K)->35776K(258048K) Eden: 197120K(197120K)->0K(197120K) From: 41634K(55808K)->35776K(60928K)
[58.446s][info][gc,heap        ] GC(146) ParOldGen: 527100K(667648K)->546332K(667648K)
[58.446s][info][gc,metaspace   ] GC(146) Metaspace: 17533K(17728K)->17533K(17728K) NonClass: 14908K(14976K)->14908K(14976K) Class: 2625K(2752K)->2625K(2752K)
[58.446s][info][gc             ] GC(146) Pause Young (Allocation Failure) 747M->568M(904M) 70.966ms
[58.446s][info][gc,cpu         ] GC(146) User=0.14s Sys=0.00s Real=0.07s
[58.641s][info][gc,start       ] GC(147) Pause Young (Allocation Failure)
[58.686s][info][gc,heap        ] GC(147) PSYoungGen: 232896K(258048K)->40192K(265728K) Eden: 197120K(197120K)->0K(202752K) From: 35776K(60928K)->40192K(62976K)
[58.686s][info][gc,heap        ] GC(147) ParOldGen: 546332K(667648K)->546388K(667648K)
[58.686s][info][gc,metaspace   ] GC(147) Metaspace: 17533K(17728K)->17533K(17728K) NonClass: 14908K(14976K)->14908K(14976K) Class: 2625K(2752K)->2625K(2752K)
[58.686s][info][gc             ] GC(147) Pause Young (Allocation Failure) 760M->572M(911M) 44.905ms
[58.686s][info][gc,cpu         ] GC(147) User=0.08s Sys=0.01s Real=0.04s
[58.866s][info][gc,start       ] GC(148) Pause Young (Allocation Failure)
[58.915s][info][gc,heap        ] GC(148) PSYoungGen: 242944K(265728K)->23008K(225792K) Eden: 202752K(202752K)->0K(202752K) From: 40192K(62976K)->23008K(23040K)
[58.915s][info][gc,heap        ] GC(148) ParOldGen: 546388K(667648K)->568804K(667648K)
[58.915s][info][gc,metaspace   ] GC(148) Metaspace: 17533K(17728K)->17533K(17728K) NonClass: 14908K(14976K)->14908K(14976K) Class: 2625K(2752K)->2625K(2752K)
[58.915s][info][gc             ] GC(148) Pause Young (Allocation Failure) 770M->577M(872M) 48.843ms
[58.915s][info][gc,cpu         ] GC(148) User=0.09s Sys=0.00s Real=0.05s
[59.092s][info][gc,start       ] GC(149) Pause Young (Allocation Failure)
[59.164s][info][gc,heap        ] GC(149) PSYoungGen: 225760K(225792K)->49744K(260096K) Eden: 202752K(202752K)->0K(198656K) From: 23008K(23040K)->49744K(61440K)
[59.164s][info][gc,heap        ] GC(149) ParOldGen: 568804K(667648K)->586668K(667648K)
[59.164s][info][gc,metaspace   ] GC(149) Metaspace: 17533K(17728K)->17533K(17728K) NonClass: 14908K(14976K)->14908K(14976K) Class: 2625K(2752K)->2625K(2752K)
[59.164s][info][gc             ] GC(149) Pause Young (Allocation Failure) 775M->621M(906M) 72.213ms
[59.164s][info][gc,cpu         ] GC(149) User=0.14s Sys=0.01s Real=0.07s
[59.399s][info][gc,start       ] GC(150) Pause Young (Allocation Failure)
[59.466s][info][gc,heap        ] GC(150) PSYoungGen: 248400K(260096K)->15552K(266240K) Eden: 198656K(198656K)->0K(198656K) From: 49744K(61440K)->15552K(67584K)
[59.466s][info][gc,heap        ] GC(150) ParOldGen: 586668K(667648K)->636453K(667648K)
[59.466s][info][gc,metaspace   ] GC(150) Metaspace: 17535K(17728K)->17535K(17728K) NonClass: 14909K(14976K)->14909K(14976K) Class: 2625K(2752K)->2625K(2752K)
[59.466s][info][gc             ] GC(150) Pause Young (Allocation Failure) 815M->636M(912M) 67.311ms
[59.466s][info][gc,cpu         ] GC(150) User=0.13s Sys=0.00s Real=0.07s
[59.716s][info][gc,start       ] GC(151) Pause Full (Allocation Failure)
[59.716s][info][gc,phases,start] GC(151) Marking Phase
[59.962s][info][gc,phases      ] GC(151) Marking Phase 245.943ms
[59.962s][info][gc,phases,start] GC(151) Summary Phase
[59.962s][info][gc,phases      ] GC(151) Summary Phase 0.026ms
[59.962s][info][gc,phases,start] GC(151) Forward
[60.087s][info][gc,phases      ] GC(151) Forward 125.386ms
[60.087s][info][gc,phases,start] GC(151) Adjust Pointers
[60.281s][info][gc,phases      ] GC(151) Adjust Pointers 193.777ms
[60.281s][info][gc,phases,start] GC(151) Compaction Phase
[60.389s][info][gc,phases      ] GC(151) Compaction Phase 107.924ms
[60.401s][info][gc,phases,start] GC(151) Post Compact
[60.403s][info][gc,phases      ] GC(151) Post Compact 2.507ms
[60.405s][info][gc,heap        ] GC(151) PSYoungGen: 214208K(266240K)->0K(263680K) Eden: 198656K(198656K)->0K(201216K) From: 15552K(67584K)->0K(62464K)
[60.405s][info][gc,heap        ] GC(151) ParOldGen: 636453K(667648K)->352270K(622080K)
[60.405s][info][gc,metaspace   ] GC(151) Metaspace: 17536K(17728K)->17536K(17728K) NonClass: 14910K(14976K)->14910K(14976K) Class: 2625K(2752K)->2625K(2752K)
[60.405s][info][gc             ] GC(151) Pause Full (Allocation Failure) 830M->344M(865M) 689.039ms
[60.405s][info][gc,cpu         ] GC(151) User=1.22s Sys=0.00s Real=0.69s
[60.583s][info][gc,start       ] GC(152) Pause Young (Allocation Failure)
[60.585s][info][gc,heap        ] GC(152) PSYoungGen: 201216K(263680K)->128K(266240K) Eden: 201216K(201216K)->0K(201216K) From: 0K(62464K)->128K(65024K)
[60.585s][info][gc,heap        ] GC(152) ParOldGen: 352270K(622080K)->352270K(622080K)
[60.585s][info][gc,metaspace   ] GC(152) Metaspace: 17536K(17728K)->17536K(17728K) NonClass: 14910K(14976K)->14910K(14976K) Class: 2625K(2752K)->2625K(2752K)
[60.585s][info][gc             ] GC(152) Pause Young (Allocation Failure) 540M->344M(867M) 1.958ms
[60.585s][info][gc,cpu         ] GC(152) User=0.00s Sys=0.00s Real=0.00s
[60.923s][info][gc,start       ] GC(153) Pause Young (Allocation Failure)
[60.941s][info][gc,heap        ] GC(153) PSYoungGen: 201344K(266240K)->15360K(263168K) Eden: 201216K(201216K)->0K(203264K) From: 128K(65024K)->15360K(59904K)
[60.941s][info][gc,heap        ] GC(153) ParOldGen: 352270K(622080K)->352382K(622080K)
[60.941s][info][gc,metaspace   ] GC(153) Metaspace: 17541K(17728K)->17541K(17728K) NonClass: 14915K(14976K)->14915K(14976K) Class: 2625K(2752K)->2625K(2752K)
[60.941s][info][gc             ] GC(153) Pause Young (Allocation Failure) 540M->359M(864M) 17.508ms
[60.941s][info][gc,cpu         ] GC(153) User=0.04s Sys=0.00s Real=0.02s
[61.525s][info][gc,start       ] GC(154) Pause Young (Allocation Failure)
[61.542s][info][gc,heap        ] GC(154) PSYoungGen: 218624K(263168K)->272K(265728K) Eden: 203264K(203264K)->0K(203264K) From: 15360K(59904K)->272K(62464K)
[61.542s][info][gc,heap        ] GC(154) ParOldGen: 352382K(622080K)->367734K(622080K)
[61.542s][info][gc,metaspace   ] GC(154) Metaspace: 17541K(17728K)->17541K(17728K) NonClass: 14916K(14976K)->14916K(14976K) Class: 2625K(2752K)->2625K(2752K)
[61.542s][info][gc             ] GC(154) Pause Young (Allocation Failure) 557M->359M(867M) 17.315ms
[61.542s][info][gc,cpu         ] GC(154) User=0.03s Sys=0.00s Real=0.02s
[62.049s][info][gc,start       ] GC(155) Pause Young (Allocation Failure)
[62.053s][info][gc,heap        ] GC(155) PSYoungGen: 203536K(265728K)->288K(268800K) Eden: 203264K(203264K)->0K(209408K) From: 272K(62464K)->288K(59392K)
[62.053s][info][gc,heap        ] GC(155) ParOldGen: 367734K(622080K)->367734K(622080K)
[62.053s][info][gc,metaspace   ] GC(155) Metaspace: 17545K(17792K)->17545K(17792K) NonClass: 14920K(15040K)->14920K(15040K) Class: 2625K(2752K)->2625K(2752K)
[62.053s][info][gc             ] GC(155) Pause Young (Allocation Failure) 557M->359M(870M) 4.250ms
[62.053s][info][gc,cpu         ] GC(155) User=0.01s Sys=0.00s Real=0.01s
[62.551s][info][gc,start       ] GC(156) Pause Young (Allocation Failure)
[62.566s][info][gc,heap        ] GC(156) PSYoungGen: 209696K(268800K)->5536K(270336K) Eden: 209408K(209408K)->0K(209408K) From: 288K(59392K)->5536K(60928K)
[62.566s][info][gc,heap        ] GC(156) ParOldGen: 367734K(622080K)->367734K(622080K)
[62.566s][info][gc,metaspace   ] GC(156) Metaspace: 17546K(17792K)->17546K(17792K) NonClass: 14921K(15040K)->14921K(15040K) Class: 2625K(2752K)->2625K(2752K)
[62.566s][info][gc             ] GC(156) Pause Young (Allocation Failure) 563M->364M(871M) 14.531ms
[62.566s][info][gc,cpu         ] GC(156) User=0.03s Sys=0.00s Real=0.01s
[62.880s][info][gc,start       ] GC(157) Pause Young (Allocation Failure)
[62.940s][info][gc,heap        ] GC(157) PSYoungGen: 214944K(270336K)->58864K(245248K) Eden: 209408K(209408K)->0K(186368K) From: 5536K(60928K)->58864K(58880K)
[62.940s][info][gc,heap        ] GC(157) ParOldGen: 367734K(622080K)->376894K(622080K)
[62.940s][info][gc,metaspace   ] GC(157) Metaspace: 17547K(17792K)->17547K(17792K) NonClass: 14922K(15040K)->14922K(15040K) Class: 2625K(2752K)->2625K(2752K)
[62.940s][info][gc             ] GC(157) Pause Young (Allocation Failure) 569M->425M(847M) 59.776ms
[62.940s][info][gc,cpu         ] GC(157) User=0.10s Sys=0.01s Real=0.06s
[63.137s][info][gc,start       ] GC(158) Pause Young (Allocation Failure)
[63.230s][info][gc,heap        ] GC(158) PSYoungGen: 245232K(245248K)->73712K(260096K) Eden: 186368K(186368K)->0K(186368K) From: 58864K(58880K)->73712K(73728K)
[63.231s][info][gc,heap        ] GC(158) ParOldGen: 376894K(622080K)->430967K(622080K)
[63.231s][info][gc,metaspace   ] GC(158) Metaspace: 17552K(17792K)->17552K(17792K) NonClass: 14927K(15040K)->14927K(15040K) Class: 2625K(2752K)->2625K(2752K)
[63.231s][info][gc             ] GC(158) Pause Young (Allocation Failure) 607M->492M(861M) 93.909ms
[63.231s][info][gc,cpu         ] GC(158) User=0.19s Sys=0.00s Real=0.10s
[63.618s][info][gc,start       ] GC(159) Pause Young (Allocation Failure)
[63.737s][info][gc,heap        ] GC(159) PSYoungGen: 260080K(260096K)->68181K(185344K) Eden: 186368K(186368K)->0K(111616K) From: 73712K(73728K)->68181K(73728K)
[63.737s][info][gc,heap        ] GC(159) ParOldGen: 430967K(622080K)->490207K(622080K)
[63.737s][info][gc,metaspace   ] GC(159) Metaspace: 17552K(17792K)->17552K(17792K) NonClass: 14927K(15040K)->14927K(15040K) Class: 2625K(2752K)->2625K(2752K)
[63.737s][info][gc             ] GC(159) Pause Young (Allocation Failure) 674M->545M(788M) 119.002ms
[63.737s][info][gc,cpu         ] GC(159) User=0.24s Sys=0.00s Real=0.12s
[63.907s][info][gc,start       ] GC(160) Pause Young (Allocation Failure)
[63.981s][info][gc,heap        ] GC(160) PSYoungGen: 179797K(185344K)->15584K(222720K) Eden: 111616K(111616K)->0K(111616K) From: 68181K(73728K)->15584K(111104K)
[63.981s][info][gc,heap        ] GC(160) ParOldGen: 490207K(622080K)->559042K(622080K)
[63.981s][info][gc,metaspace   ] GC(160) Metaspace: 17552K(17792K)->17552K(17792K) NonClass: 14927K(15040K)->14927K(15040K) Class: 2625K(2752K)->2625K(2752K)
[63.981s][info][gc             ] GC(160) Pause Young (Allocation Failure) 654M->561M(825M) 74.582ms
[63.981s][info][gc,cpu         ] GC(160) User=0.15s Sys=0.00s Real=0.08s
[64.147s][info][gc,start       ] GC(161) Pause Young (Allocation Failure)
[64.196s][info][gc,heap        ] GC(161) PSYoungGen: 127200K(222720K)->10368K(214528K) Eden: 111616K(111616K)->0K(113664K) From: 15584K(111104K)->10368K(100864K)
[64.196s][info][gc,heap        ] GC(161) ParOldGen: 559042K(622080K)->574734K(622080K)
[64.196s][info][gc,metaspace   ] GC(161) Metaspace: 17552K(17792K)->17552K(17792K) NonClass: 14927K(15040K)->14927K(15040K) Class: 2625K(2752K)->2625K(2752K)
[64.196s][info][gc             ] GC(161) Pause Young (Allocation Failure) 670M->571M(817M) 48.968ms
[64.196s][info][gc,cpu         ] GC(161) User=0.09s Sys=0.00s Real=0.05s
[64.388s][info][gc,start       ] GC(162) Pause Young (Allocation Failure)
[64.456s][info][gc,heap        ] GC(162) PSYoungGen: 123788K(214528K)->23886K(219648K) Eden: 113420K(113664K)->0K(113664K) From: 10368K(100864K)->23886K(105984K)
[64.457s][info][gc,heap        ] GC(162) ParOldGen: 574734K(622080K)->584590K(622080K)
[64.457s][info][gc,metaspace   ] GC(162) Metaspace: 17553K(17792K)->17553K(17792K) NonClass: 14928K(15040K)->14928K(15040K) Class: 2625K(2752K)->2625K(2752K)
[64.457s][info][gc             ] GC(162) Pause Young (Allocation Failure) 682M->594M(822M) 68.709ms
[64.457s][info][gc,cpu         ] GC(162) User=0.14s Sys=0.01s Real=0.07s
[64.625s][info][gc,start       ] GC(163) Pause Young (Allocation Failure)
[64.679s][info][gc,heap        ] GC(163) PSYoungGen: 137550K(219648K)->8256K(222720K) Eden: 113664K(113664K)->0K(128000K) From: 23886K(105984K)->8256K(94720K)
[64.679s][info][gc,heap        ] GC(163) ParOldGen: 584590K(622080K)->607465K(622080K)
[64.679s][info][gc,metaspace   ] GC(163) Metaspace: 17553K(17792K)->17553K(17792K) NonClass: 14928K(15040K)->14928K(15040K) Class: 2625K(2752K)->2625K(2752K)
[64.679s][info][gc             ] GC(163) Pause Young (Allocation Failure) 705M->601M(825M) 53.353ms
[64.679s][info][gc,cpu         ] GC(163) User=0.11s Sys=0.00s Real=0.05s
[64.862s][info][gc,start       ] GC(164) Pause Full (Allocation Failure)
[64.862s][info][gc,phases,start] GC(164) Marking Phase
[65.156s][info][gc,phases      ] GC(164) Marking Phase 293.887ms
[65.156s][info][gc,phases,start] GC(164) Summary Phase
[65.156s][info][gc,phases      ] GC(164) Summary Phase 0.025ms
[65.156s][info][gc,phases,start] GC(164) Forward
[65.272s][info][gc,phases      ] GC(164) Forward 115.528ms
[65.272s][info][gc,phases,start] GC(164) Adjust Pointers
[65.531s][info][gc,phases      ] GC(164) Adjust Pointers 259.474ms
[65.531s][info][gc,phases,start] GC(164) Compaction Phase
[65.674s][info][gc,phases      ] GC(164) Compaction Phase 142.312ms
[65.689s][info][gc,phases,start] GC(164) Post Compact
[65.691s][info][gc,phases      ] GC(164) Post Compact 2.235ms
[65.691s][info][gc,heap        ] GC(164) PSYoungGen: 136256K(222720K)->0K(224768K) Eden: 128000K(128000K)->0K(128000K) From: 8256K(94720K)->0K(96768K)
[65.691s][info][gc,heap        ] GC(164) ParOldGen: 607465K(622080K)->455114K(667648K)
[65.691s][info][gc,metaspace   ] GC(164) Metaspace: 17553K(17792K)->17553K(17792K) NonClass: 14928K(15040K)->14928K(15040K) Class: 2625K(2752K)->2625K(2752K)
[65.691s][info][gc             ] GC(164) Pause Full (Allocation Failure) 726M->444M(871M) 829.189ms
[65.691s][info][gc,cpu         ] GC(164) User=1.56s Sys=0.00s Real=0.83s
[65.876s][info][gc,start       ] GC(165) Pause Young (Allocation Failure)
[65.877s][info][gc,heap        ] GC(165) PSYoungGen: 128000K(224768K)->64K(232960K) Eden: 128000K(128000K)->0K(140288K) From: 0K(96768K)->64K(92672K)
[65.877s][info][gc,heap        ] GC(165) ParOldGen: 455114K(667648K)->455114K(667648K)
[65.877s][info][gc,metaspace   ] GC(165) Metaspace: 17553K(17792K)->17553K(17792K) NonClass: 14928K(15040K)->14928K(15040K) Class: 2625K(2752K)->2625K(2752K)
[65.877s][info][gc             ] GC(165) Pause Young (Allocation Failure) 569M->444M(879M) 1.632ms
[65.878s][info][gc,cpu         ] GC(165) User=0.00s Sys=0.00s Real=0.00s
[66.073s][info][gc,start       ] GC(166) Pause Young (Allocation Failure)
[66.074s][info][gc,heap        ] GC(166) PSYoungGen: 140352K(232960K)->64K(235008K) Eden: 140288K(140288K)->0K(140288K) From: 64K(92672K)->64K(94720K)
[66.075s][info][gc,heap        ] GC(166) ParOldGen: 455114K(667648K)->455122K(667648K)
[66.075s][info][gc,metaspace   ] GC(166) Metaspace: 17553K(17792K)->17553K(17792K) NonClass: 14928K(15040K)->14928K(15040K) Class: 2625K(2752K)->2625K(2752K)
[66.075s][info][gc             ] GC(166) Pause Young (Allocation Failure) 581M->444M(881M) 1.672ms
[66.075s][info][gc,cpu         ] GC(166) User=0.00s Sys=0.00s Real=0.00s
[66.267s][info][gc,start       ] GC(167) Pause Young (Allocation Failure)
[66.269s][info][gc,heap        ] GC(167) PSYoungGen: 140352K(235008K)->64K(233472K) Eden: 140288K(140288K)->0K(146944K) From: 64K(94720K)->64K(86528K)
[66.269s][info][gc,heap        ] GC(167) ParOldGen: 455122K(667648K)->455122K(667648K)
[66.269s][info][gc,metaspace   ] GC(167) Metaspace: 17553K(17792K)->17553K(17792K) NonClass: 14928K(15040K)->14928K(15040K) Class: 2625K(2752K)->2625K(2752K)
[66.269s][info][gc             ] GC(167) Pause Young (Allocation Failure) 581M->444M(880M) 1.615ms
[66.269s][info][gc,cpu         ] GC(167) User=0.01s Sys=0.00s Real=0.00s
[66.471s][info][gc,start       ] GC(168) Pause Young (Allocation Failure)
[66.473s][info][gc,heap        ] GC(168) PSYoungGen: 147008K(233472K)->64K(236032K) Eden: 146944K(146944K)->0K(146944K) From: 64K(86528K)->64K(89088K)
[66.473s][info][gc,heap        ] GC(168) ParOldGen: 455122K(667648K)->455122K(667648K)
[66.473s][info][gc,metaspace   ] GC(168) Metaspace: 17553K(17792K)->17553K(17792K) NonClass: 14928K(15040K)->14928K(15040K) Class: 2625K(2752K)->2625K(2752K)
[66.473s][info][gc             ] GC(168) Pause Young (Allocation Failure) 588M->444M(882M) 1.591ms
[66.473s][info][gc,cpu         ] GC(168) User=0.00s Sys=0.00s Real=0.00s
[66.672s][info][gc,start       ] GC(169) Pause Young (Allocation Failure)
[66.674s][info][gc,heap        ] GC(169) PSYoungGen: 147008K(236032K)->64K(233472K) Eden: 146944K(146944K)->0K(156160K) From: 64K(89088K)->64K(77312K)
[66.674s][info][gc,heap        ] GC(169) ParOldGen: 455122K(667648K)->455122K(667648K)
[66.674s][info][gc,metaspace   ] GC(169) Metaspace: 17553K(17792K)->17553K(17792K) NonClass: 14928K(15040K)->14928K(15040K) Class: 2625K(2752K)->2625K(2752K)
[66.674s][info][gc             ] GC(169) Pause Young (Allocation Failure) 588M->444M(880M) 1.641ms
[66.674s][info][gc,cpu         ] GC(169) User=0.00s Sys=0.00s Real=0.00s
[66.867s][info][gc,start       ] GC(170) Pause Young (Allocation Failure)
[66.881s][info][gc,heap        ] GC(170) PSYoungGen: 156224K(233472K)->10720K(238592K) Eden: 156160K(156160K)->0K(156160K) From: 64K(77312K)->10720K(82432K)
[66.881s][info][gc,heap        ] GC(170) ParOldGen: 455122K(667648K)->455122K(667648K)
[66.881s][info][gc,metaspace   ] GC(170) Metaspace: 17554K(17792K)->17554K(17792K) NonClass: 14929K(15040K)->14929K(15040K) Class: 2625K(2752K)->2625K(2752K)
[66.881s][info][gc             ] GC(170) Pause Young (Allocation Failure) 597M->454M(885M) 13.393ms
[66.881s][info][gc,cpu         ] GC(170) User=0.03s Sys=0.00s Real=0.02s
[67.027s][info][gc,start       ] GC(171) Pause Young (Allocation Failure)
[67.057s][info][gc,heap        ] GC(171) PSYoungGen: 166880K(238592K)->28736K(244224K) Eden: 156160K(156160K)->0K(167424K) From: 10720K(82432K)->28736K(76800K)
[67.057s][info][gc,heap        ] GC(171) ParOldGen: 455122K(667648K)->455122K(667648K)
[67.057s][info][gc,metaspace   ] GC(171) Metaspace: 17554K(17792K)->17554K(17792K) NonClass: 14929K(15040K)->14929K(15040K) Class: 2625K(2752K)->2625K(2752K)
[67.057s][info][gc             ] GC(171) Pause Young (Allocation Failure) 607M->472M(890M) 30.056ms
[67.057s][info][gc,cpu         ] GC(171) User=0.06s Sys=0.00s Real=0.03s
[67.202s][info][gc,start       ] GC(172) Pause Young (Allocation Failure)
[67.233s][info][gc,heap        ] GC(172) PSYoungGen: 196160K(244224K)->31424K(242688K) Eden: 167424K(167424K)->0K(167424K) From: 28736K(76800K)->31424K(75264K)
[67.234s][info][gc,heap        ] GC(172) ParOldGen: 455122K(667648K)->455122K(667648K)
[67.234s][info][gc,metaspace   ] GC(172) Metaspace: 17554K(17792K)->17554K(17792K) NonClass: 14929K(15040K)->14929K(15040K) Class: 2625K(2752K)->2625K(2752K)
[67.234s][info][gc             ] GC(172) Pause Young (Allocation Failure) 636M->475M(889M) 31.193ms
[67.234s][info][gc,cpu         ] GC(172) User=0.06s Sys=0.00s Real=0.03s
[67.418s][info][gc,start       ] GC(173) Pause Young (Allocation Failure)
[67.451s][info][gc,heap        ] GC(173) PSYoungGen: 198848K(242688K)->32800K(257024K) Eden: 167424K(167424K)->0K(182272K) From: 31424K(75264K)->32800K(74752K)
[67.451s][info][gc,heap        ] GC(173) ParOldGen: 455122K(667648K)->455122K(667648K)
[67.451s][info][gc,metaspace   ] GC(173) Metaspace: 17554K(17792K)->17554K(17792K) NonClass: 14929K(15040K)->14929K(15040K) Class: 2625K(2752K)->2625K(2752K)
[67.451s][info][gc             ] GC(173) Pause Young (Allocation Failure) 638M->476M(903M) 32.663ms
[67.451s][info][gc,cpu         ] GC(173) User=0.07s Sys=0.01s Real=0.04s
[67.691s][info][gc,start       ] GC(174) Pause Young (Allocation Failure)
[67.731s][info][gc,heap        ] GC(174) PSYoungGen: 215072K(257024K)->40928K(256512K) Eden: 182272K(182272K)->0K(182272K) From: 32800K(74752K)->40928K(74240K)
[67.731s][info][gc,heap        ] GC(174) ParOldGen: 455122K(667648K)->455122K(667648K)
[67.731s][info][gc,metaspace   ] GC(174) Metaspace: 17554K(17792K)->17554K(17792K) NonClass: 14929K(15040K)->14929K(15040K) Class: 2625K(2752K)->2625K(2752K)
[67.731s][info][gc             ] GC(174) Pause Young (Allocation Failure) 654M->484M(902M) 40.277ms
[67.731s][info][gc,cpu         ] GC(174) User=0.08s Sys=0.00s Real=0.04s
[68.115s][info][gc,start       ] GC(175) Pause Young (Allocation Failure)
[68.155s][info][gc,heap        ] GC(175) PSYoungGen: 223200K(256512K)->41056K(253952K) Eden: 182272K(182272K)->0K(177152K) From: 40928K(74240K)->41056K(76800K)
[68.155s][info][gc,heap        ] GC(175) ParOldGen: 455122K(667648K)->455130K(667648K)
[68.155s][info][gc,metaspace   ] GC(175) Metaspace: 17554K(17792K)->17554K(17792K) NonClass: 14929K(15040K)->14929K(15040K) Class: 2625K(2752K)->2625K(2752K)
[68.155s][info][gc             ] GC(175) Pause Young (Allocation Failure) 662M->484M(900M) 39.922ms
[68.155s][info][gc,cpu         ] GC(175) User=0.08s Sys=0.00s Real=0.04s
[68.456s][info][gc,start       ] GC(176) Pause Young (Allocation Failure)
[68.496s][info][gc,heap        ] GC(176) PSYoungGen: 218208K(253952K)->41088K(218624K) Eden: 177152K(177152K)->0K(177152K) From: 41056K(76800K)->41088K(41472K)
[68.496s][info][gc,heap        ] GC(176) ParOldGen: 455130K(667648K)->455130K(667648K)
[68.496s][info][gc,metaspace   ] GC(176) Metaspace: 17554K(17792K)->17554K(17792K) NonClass: 14929K(15040K)->14929K(15040K) Class: 2625K(2752K)->2625K(2752K)
[68.496s][info][gc             ] GC(176) Pause Young (Allocation Failure) 657M->484M(865M) 39.995ms
[68.496s][info][gc,cpu         ] GC(176) User=0.08s Sys=0.00s Real=0.04s
[68.778s][info][gc,start       ] GC(177) Pause Young (Allocation Failure)
[68.829s][info][gc,heap        ] GC(177) PSYoungGen: 218240K(218624K)->54144K(244736K) Eden: 177152K(177152K)->0K(165888K) From: 41088K(41472K)->54144K(78848K)
[68.829s][info][gc,heap        ] GC(177) ParOldGen: 455130K(667648K)->455130K(667648K)
[68.829s][info][gc,metaspace   ] GC(177) Metaspace: 17554K(17792K)->17554K(17792K) NonClass: 14929K(15040K)->14929K(15040K) Class: 2625K(2752K)->2625K(2752K)
[68.829s][info][gc             ] GC(177) Pause Young (Allocation Failure) 657M->497M(891M) 51.570ms
[68.829s][info][gc,cpu         ] GC(177) User=0.11s Sys=0.00s Real=0.05s
[69.083s][info][gc,start       ] GC(178) Pause Young (Allocation Failure)
[69.134s][info][gc,heap        ] GC(178) PSYoungGen: 220032K(244736K)->55168K(221184K) Eden: 165888K(165888K)->0K(165888K) From: 54144K(78848K)->55168K(55296K)
[69.134s][info][gc,heap        ] GC(178) ParOldGen: 455130K(667648K)->455130K(667648K)
[69.134s][info][gc,metaspace   ] GC(178) Metaspace: 17554K(17792K)->17554K(17792K) NonClass: 14929K(15040K)->14929K(15040K) Class: 2625K(2752K)->2625K(2752K)
[69.134s][info][gc             ] GC(178) Pause Young (Allocation Failure) 659M->498M(868M) 51.556ms
[69.135s][info][gc,cpu         ] GC(178) User=0.10s Sys=0.00s Real=0.05s
[69.313s][info][gc,start       ] GC(179) Pause Young (Allocation Failure)
[69.410s][info][gc,heap        ] GC(179) PSYoungGen: 221056K(221184K)->88560K(200192K) Eden: 165888K(165888K)->0K(111616K) From: 55168K(55296K)->88560K(88576K)
[69.410s][info][gc,heap        ] GC(179) ParOldGen: 455130K(667648K)->474566K(667648K)
[69.410s][info][gc,metaspace   ] GC(179) Metaspace: 17563K(17792K)->17563K(17792K) NonClass: 14938K(15040K)->14938K(15040K) Class: 2625K(2752K)->2625K(2752K)
[69.410s][info][gc             ] GC(179) Pause Young (Allocation Failure) 660M->549M(847M) 97.147ms
[69.410s][info][gc,cpu         ] GC(179) User=0.18s Sys=0.01s Real=0.10s
[69.721s][info][gc,start       ] GC(180) Pause Young (Allocation Failure)
[69.807s][info][gc,heap        ] GC(180) PSYoungGen: 200176K(200192K)->62832K(222720K) Eden: 111616K(111616K)->0K(111616K) From: 88560K(88576K)->62832K(111104K)
[69.807s][info][gc,heap        ] GC(180) ParOldGen: 474566K(667648K)->503342K(667648K)
[69.807s][info][gc,metaspace   ] GC(180) Metaspace: 17587K(17856K)->17587K(17856K) NonClass: 14957K(15104K)->14957K(15104K) Class: 2630K(2752K)->2630K(2752K)
[69.807s][info][gc             ] GC(180) Pause Young (Allocation Failure) 658M->552M(869M) 86.050ms
[69.807s][info][gc,cpu         ] GC(180) User=0.17s Sys=0.00s Real=0.08s
[69.987s][info][gc,start       ] GC(181) Pause Young (Allocation Failure)
[70.065s][info][gc,heap        ] GC(181) PSYoungGen: 174448K(222720K)->69728K(222720K) Eden: 111616K(111616K)->0K(111616K) From: 62832K(111104K)->69728K(111104K)
[70.065s][info][gc,heap        ] GC(181) ParOldGen: 503342K(667648K)->507446K(667648K)
[70.065s][info][gc,metaspace   ] GC(181) Metaspace: 17587K(17856K)->17587K(17856K) NonClass: 14957K(15104K)->14957K(15104K) Class: 2630K(2752K)->2630K(2752K)
[70.065s][info][gc             ] GC(181) Pause Young (Allocation Failure) 661M->563M(869M) 77.667ms
[70.065s][info][gc,cpu         ] GC(181) User=0.16s Sys=0.00s Real=0.08s
[70.221s][info][gc,start       ] GC(182) Pause Young (Allocation Failure)
[70.299s][info][gc,heap        ] GC(182) PSYoungGen: 181344K(222720K)->61504K(222720K) Eden: 111616K(111616K)->0K(111616K) From: 69728K(111104K)->61504K(111104K)
[70.299s][info][gc,heap        ] GC(182) ParOldGen: 507446K(667648K)->515707K(667648K)
[70.299s][info][gc,metaspace   ] GC(182) Metaspace: 17587K(17856K)->17587K(17856K) NonClass: 14957K(15104K)->14957K(15104K) Class: 2630K(2752K)->2630K(2752K)
[70.299s][info][gc             ] GC(182) Pause Young (Allocation Failure) 672M->563M(869M) 77.579ms
[70.299s][info][gc,cpu         ] GC(182) User=0.15s Sys=0.00s Real=0.07s
[70.455s][info][gc,start       ] GC(183) Pause Young (Allocation Failure)
[70.529s][info][gc,heap        ] GC(183) PSYoungGen: 173120K(222720K)->48416K(219648K) Eden: 111616K(111616K)->0K(111616K) From: 61504K(111104K)->48416K(108032K)
[70.530s][info][gc,heap        ] GC(183) ParOldGen: 515707K(667648K)->528827K(667648K)
[70.530s][info][gc,metaspace   ] GC(183) Metaspace: 17587K(17856K)->17587K(17856K) NonClass: 14957K(15104K)->14957K(15104K) Class: 2630K(2752K)->2630K(2752K)
[70.530s][info][gc             ] GC(183) Pause Young (Allocation Failure) 672M->563M(866M) 74.701ms
[70.530s][info][gc,cpu         ] GC(183) User=0.15s Sys=0.00s Real=0.07s
[70.687s][info][gc,start       ] GC(184) Pause Young (Allocation Failure)
[70.736s][info][gc,heap        ] GC(184) PSYoungGen: 160032K(219648K)->13952K(221184K) Eden: 111616K(111616K)->0K(111616K) From: 48416K(108032K)->13952K(109568K)
[70.736s][info][gc,heap        ] GC(184) ParOldGen: 528827K(667648K)->563654K(667648K)
[70.736s][info][gc,metaspace   ] GC(184) Metaspace: 17587K(17856K)->17587K(17856K) NonClass: 14957K(15104K)->14957K(15104K) Class: 2630K(2752K)->2630K(2752K)
[70.736s][info][gc             ] GC(184) Pause Young (Allocation Failure) 672M->564M(868M) 49.176ms
[70.736s][info][gc,cpu         ] GC(184) User=0.10s Sys=0.00s Real=0.05s
[70.893s][info][gc,start       ] GC(185) Pause Young (Allocation Failure)
[70.917s][info][gc,heap        ] GC(185) PSYoungGen: 125568K(221184K)->32K(223232K) Eden: 111616K(111616K)->0K(114688K) From: 13952K(109568K)->32K(108544K)
[70.917s][info][gc,heap        ] GC(185) ParOldGen: 563654K(667648K)->577623K(667648K)
[70.917s][info][gc,metaspace   ] GC(185) Metaspace: 17587K(17856K)->17587K(17856K) NonClass: 14957K(15104K)->14957K(15104K) Class: 2630K(2752K)->2630K(2752K)
[70.917s][info][gc             ] GC(185) Pause Young (Allocation Failure) 673M->564M(870M) 23.998ms
[70.918s][info][gc,cpu         ] GC(185) User=0.05s Sys=0.00s Real=0.02s
[71.076s][info][gc,start       ] GC(186) Pause Young (Allocation Failure)
[71.078s][info][gc,heap        ] GC(186) PSYoungGen: 114720K(223232K)->64K(224256K) Eden: 114688K(114688K)->0K(114688K) From: 32K(108544K)->64K(109568K)
[71.078s][info][gc,heap        ] GC(186) ParOldGen: 577623K(667648K)->577623K(667648K)
[71.078s][info][gc,metaspace   ] GC(186) Metaspace: 17587K(17856K)->17587K(17856K) NonClass: 14957K(15104K)->14957K(15104K) Class: 2630K(2752K)->2630K(2752K)
[71.078s][info][gc             ] GC(186) Pause Young (Allocation Failure) 676M->564M(871M) 1.896ms
[71.078s][info][gc,cpu         ] GC(186) User=0.00s Sys=0.00s Real=0.00s
[71.230s][info][gc,start       ] GC(187) Pause Young (Allocation Failure)
[71.232s][info][gc,heap        ] GC(187) PSYoungGen: 114752K(224256K)->64K(220672K) Eden: 114688K(114688K)->0K(115200K) From: 64K(109568K)->64K(105472K)
[71.232s][info][gc,heap        ] GC(187) ParOldGen: 577623K(667648K)->577623K(667648K)
[71.232s][info][gc,metaspace   ] GC(187) Metaspace: 17587K(17856K)->17587K(17856K) NonClass: 14957K(15104K)->14957K(15104K) Class: 2630K(2752K)->2630K(2752K)
[71.232s][info][gc             ] GC(187) Pause Young (Allocation Failure) 676M->564M(867M) 1.980ms
[71.232s][info][gc,cpu         ] GC(187) User=0.00s Sys=0.00s Real=0.00s
[71.393s][info][gc,start       ] GC(188) Pause Young (Allocation Failure)
[71.394s][info][gc,heap        ] GC(188) PSYoungGen: 115264K(220672K)->64K(222720K) Eden: 115200K(115200K)->0K(115200K) From: 64K(105472K)->64K(107520K)
[71.394s][info][gc,heap        ] GC(188) ParOldGen: 577623K(667648K)->577623K(667648K)
[71.394s][info][gc,metaspace   ] GC(188) Metaspace: 17587K(17856K)->17587K(17856K) NonClass: 14957K(15104K)->14957K(15104K) Class: 2630K(2752K)->2630K(2752K)
[71.394s][info][gc             ] GC(188) Pause Young (Allocation Failure) 676M->564M(869M) 1.916ms
[71.394s][info][gc,cpu         ] GC(188) User=0.00s Sys=0.00s Real=0.00s
[71.567s][info][gc,start       ] GC(189) Pause Young (Allocation Failure)
[71.582s][info][gc,heap        ] GC(189) PSYoungGen: 115264K(222720K)->11488K(217600K) Eden: 115200K(115200K)->0K(121344K) From: 64K(107520K)->11488K(96256K)
[71.582s][info][gc,heap        ] GC(189) ParOldGen: 577623K(667648K)->577623K(667648K)
[71.582s][info][gc,metaspace   ] GC(189) Metaspace: 17587K(17856K)->17587K(17856K) NonClass: 14957K(15104K)->14957K(15104K) Class: 2630K(2752K)->2630K(2752K)
[71.582s][info][gc             ] GC(189) Pause Young (Allocation Failure) 676M->575M(864M) 15.432ms
[71.582s][info][gc,cpu         ] GC(189) User=0.03s Sys=0.00s Real=0.02s
[71.676s][info][gc,start       ] GC(190) Pause Young (Allocation Failure)
[71.724s][info][gc,heap        ] GC(190) PSYoungGen: 132832K(217600K)->43584K(221696K) Eden: 121344K(121344K)->0K(121344K) From: 11488K(96256K)->43584K(100352K)
[71.725s][info][gc,heap        ] GC(190) ParOldGen: 577623K(667648K)->577623K(667648K)
[71.725s][info][gc,metaspace   ] GC(190) Metaspace: 17587K(17856K)->17587K(17856K) NonClass: 14957K(15104K)->14957K(15104K) Class: 2630K(2752K)->2630K(2752K)
[71.725s][info][gc             ] GC(190) Pause Young (Allocation Failure) 693M->606M(868M) 48.365ms
[71.725s][info][gc,cpu         ] GC(190) User=0.09s Sys=0.00s Real=0.05s
[71.804s][info][gc,start       ] GC(191) Pause Young (Allocation Failure)
[71.862s][info][gc,heap        ] GC(191) PSYoungGen: 164928K(221696K)->56800K(227328K) Eden: 121344K(121344K)->0K(128000K) From: 43584K(100352K)->56800K(99328K)
[71.862s][info][gc,heap        ] GC(191) ParOldGen: 577623K(667648K)->577623K(667648K)
[71.862s][info][gc,metaspace   ] GC(191) Metaspace: 17587K(17856K)->17587K(17856K) NonClass: 14957K(15104K)->14957K(15104K) Class: 2630K(2752K)->2630K(2752K)
[71.862s][info][gc             ] GC(191) Pause Young (Allocation Failure) 725M->619M(874M) 57.799ms
[71.862s][info][gc,cpu         ] GC(191) User=0.11s Sys=0.00s Real=0.06s
[71.974s][info][gc,start       ] GC(192) Pause Young (Allocation Failure)
[72.047s][info][gc,heap        ] GC(192) PSYoungGen: 184800K(227328K)->27008K(155136K) Eden: 128000K(128000K)->0K(128000K) From: 56800K(99328K)->27008K(27136K)
[72.047s][info][gc,heap        ] GC(192) ParOldGen: 577623K(667648K)->621279K(667648K)
[72.047s][info][gc,metaspace   ] GC(192) Metaspace: 17587K(17856K)->17587K(17856K) NonClass: 14957K(15104K)->14957K(15104K) Class: 2630K(2752K)->2630K(2752K)
[72.047s][info][gc             ] GC(192) Pause Young (Allocation Failure) 744M->633M(803M) 72.693ms
[72.047s][info][gc,cpu         ] GC(192) User=0.14s Sys=0.00s Real=0.07s
[72.143s][info][gc,start       ] GC(193) Pause Full (Allocation Failure)
[72.143s][info][gc,phases,start] GC(193) Marking Phase
[72.515s][info][gc,phases      ] GC(193) Marking Phase 372.597ms
[72.515s][info][gc,phases,start] GC(193) Summary Phase
[72.515s][info][gc,phases      ] GC(193) Summary Phase 0.026ms
[72.515s][info][gc,phases,start] GC(193) Forward
[72.573s][info][gc,phases      ] GC(193) Forward 57.229ms
[72.573s][info][gc,phases,start] GC(193) Adjust Pointers
[72.849s][info][gc,phases      ] GC(193) Adjust Pointers 276.663ms
[72.849s][info][gc,phases,start] GC(193) Compaction Phase
[72.991s][info][gc,phases      ] GC(193) Compaction Phase 141.367ms
[72.993s][info][gc,phases,start] GC(193) Post Compact
[72.996s][info][gc,phases      ] GC(193) Post Compact 2.285ms
[72.996s][info][gc,heap        ] GC(193) PSYoungGen: 155008K(155136K)->0K(227840K) Eden: 128000K(128000K)->0K(131584K) From: 27008K(27136K)->0K(96256K)
[72.996s][info][gc,heap        ] GC(193) ParOldGen: 621279K(667648K)->542086K(667648K)
[72.996s][info][gc,metaspace   ] GC(193) Metaspace: 17587K(17856K)->17587K(17856K) NonClass: 14957K(15104K)->14957K(15104K) Class: 2630K(2752K)->2630K(2752K)
[72.996s][info][gc             ] GC(193) Pause Full (Allocation Failure) 758M->529M(874M) 853.136ms
[72.996s][info][gc,cpu         ] GC(193) User=1.65s Sys=0.00s Real=0.85s
[73.103s][info][gc,start       ] GC(194) Pause Young (Allocation Failure)
[73.120s][info][gc,heap        ] GC(194) PSYoungGen: 131584K(227840K)->12256K(227840K) Eden: 131584K(131584K)->0K(131584K) From: 0K(96256K)->12256K(96256K)
[73.120s][info][gc,heap        ] GC(194) ParOldGen: 542086K(667648K)->542086K(667648K)
[73.120s][info][gc,metaspace   ] GC(194) Metaspace: 17587K(17856K)->17587K(17856K) NonClass: 14957K(15104K)->14957K(15104K) Class: 2630K(2752K)->2630K(2752K)
[73.120s][info][gc             ] GC(194) Pause Young (Allocation Failure) 657M->541M(874M) 16.471ms
[73.120s][info][gc,cpu         ] GC(194) User=0.03s Sys=0.00s Real=0.01s
[73.218s][info][gc,start       ] GC(195) Pause Young (Allocation Failure)
[73.240s][info][gc,heap        ] GC(195) PSYoungGen: 143840K(227840K)->6688K(235008K) Eden: 131584K(131584K)->0K(143872K) From: 12256K(96256K)->6688K(91136K)
[73.240s][info][gc,heap        ] GC(195) ParOldGen: 542086K(667648K)->554358K(667648K)
[73.240s][info][gc,metaspace   ] GC(195) Metaspace: 17611K(17856K)->17611K(17856K) NonClass: 14979K(15104K)->14979K(15104K) Class: 2631K(2752K)->2631K(2752K)
[73.240s][info][gc             ] GC(195) Pause Young (Allocation Failure) 669M->547M(881M) 21.965ms
[73.240s][info][gc,cpu         ] GC(195) User=0.04s Sys=0.00s Real=0.03s
[73.393s][info][gc,start       ] GC(196) Pause Young (Allocation Failure)
[73.412s][info][gc,heap        ] GC(196) PSYoungGen: 150560K(235008K)->7520K(233984K) Eden: 143872K(143872K)->0K(143872K) From: 6688K(91136K)->7520K(90112K)
[73.412s][info][gc,heap        ] GC(196) ParOldGen: 554358K(667648K)->561035K(667648K)
[73.412s][info][gc,metaspace   ] GC(196) Metaspace: 17611K(17856K)->17611K(17856K) NonClass: 14979K(15104K)->14979K(15104K) Class: 2631K(2752K)->2631K(2752K)
[73.412s][info][gc             ] GC(196) Pause Young (Allocation Failure) 688M->555M(880M) 19.142ms
[73.412s][info][gc,cpu         ] GC(196) User=0.04s Sys=0.00s Real=0.02s
[73.606s][info][gc,start       ] GC(197) Pause Young (Allocation Failure)
[73.623s][info][gc,heap        ] GC(197) PSYoungGen: 151392K(233984K)->1280K(241664K) Eden: 143872K(143872K)->0K(154624K) From: 7520K(90112K)->1280K(87040K)
[73.623s][info][gc,heap        ] GC(197) ParOldGen: 561035K(667648K)->568531K(667648K)
[73.623s][info][gc,metaspace   ] GC(197) Metaspace: 17611K(17856K)->17611K(17856K) NonClass: 14980K(15104K)->14980K(15104K) Class: 2631K(2752K)->2631K(2752K)
[73.623s][info][gc             ] GC(197) Pause Young (Allocation Failure) 695M->556M(888M) 17.664ms
[73.623s][info][gc,cpu         ] GC(197) User=0.03s Sys=0.00s Real=0.02s
[73.840s][info][gc,start       ] GC(198) Pause Young (Allocation Failure)
[73.852s][info][gc,heap        ] GC(198) PSYoungGen: 155904K(241664K)->3424K(239616K) Eden: 154624K(154624K)->0K(154624K) From: 1280K(87040K)->3424K(84992K)
[73.852s][info][gc,heap        ] GC(198) ParOldGen: 568531K(667648K)->569779K(667648K)
[73.852s][info][gc,metaspace   ] GC(198) Metaspace: 17612K(17856K)->17612K(17856K) NonClass: 14981K(15104K)->14981K(15104K) Class: 2631K(2752K)->2631K(2752K)
[73.852s][info][gc             ] GC(198) Pause Young (Allocation Failure) 707M->559M(886M) 11.775ms
[73.852s][info][gc,cpu         ] GC(198) User=0.03s Sys=0.00s Real=0.01s
[74.052s][info][gc,start       ] GC(199) Pause Young (Allocation Failure)
[74.062s][info][gc,heap        ] GC(199) PSYoungGen: 158048K(239616K)->352K(246272K) Eden: 154624K(154624K)->0K(164352K) From: 3424K(84992K)->352K(81920K)
[74.062s][info][gc,heap        ] GC(199) ParOldGen: 569779K(667648K)->573208K(667648K)
[74.062s][info][gc,metaspace   ] GC(199) Metaspace: 17612K(17856K)->17612K(17856K) NonClass: 14981K(15104K)->14981K(15104K) Class: 2631K(2752K)->2631K(2752K)
[74.062s][info][gc             ] GC(199) Pause Young (Allocation Failure) 710M->560M(892M) 10.112ms
[74.062s][info][gc,cpu         ] GC(199) User=0.02s Sys=0.00s Real=0.01s
[74.375s][info][gc,start       ] GC(200) Pause Young (Allocation Failure)
[74.394s][info][gc,heap        ] GC(200) PSYoungGen: 164704K(246272K)->15824K(243712K) Eden: 164352K(164352K)->0K(164352K) From: 352K(81920K)->15824K(79360K)
[74.394s][info][gc,heap        ] GC(200) ParOldGen: 573208K(667648K)->573208K(667648K)
[74.394s][info][gc,metaspace   ] GC(200) Metaspace: 17612K(17856K)->17612K(17856K) NonClass: 14981K(15104K)->14981K(15104K) Class: 2631K(2752K)->2631K(2752K)
[74.394s][info][gc             ] GC(200) Pause Young (Allocation Failure) 720M->575M(890M) 18.761ms
[74.394s][info][gc,cpu         ] GC(200) User=0.04s Sys=0.00s Real=0.02s
[74.726s][info][gc,start       ] GC(201) Pause Young (Allocation Failure)
[74.773s][info][gc,heap        ] GC(201) PSYoungGen: 180176K(243712K)->50256K(240128K) Eden: 164352K(164352K)->0K(166400K) From: 15824K(79360K)->50256K(73728K)
[74.773s][info][gc,heap        ] GC(201) ParOldGen: 573208K(667648K)->573208K(667648K)
[74.773s][info][gc,metaspace   ] GC(201) Metaspace: 17616K(17856K)->17616K(17856K) NonClass: 14983K(15104K)->14983K(15104K) Class: 2633K(2752K)->2633K(2752K)
[74.774s][info][gc             ] GC(201) Pause Young (Allocation Failure) 735M->608M(886M) 47.204ms
[74.774s][info][gc,cpu         ] GC(201) User=0.10s Sys=0.00s Real=0.05s
[74.970s][info][gc,start       ] GC(202) Pause Young (Allocation Failure)
[75.064s][info][gc,heap        ] GC(202) PSYoungGen: 216656K(240128K)->79864K(246272K) Eden: 166400K(166400K)->0K(166400K) From: 50256K(73728K)->79864K(79872K)
[75.064s][info][gc,heap        ] GC(202) ParOldGen: 573208K(667648K)->591992K(667648K)
[75.064s][info][gc,metaspace   ] GC(202) Metaspace: 17637K(17856K)->17637K(17856K) NonClass: 15002K(15104K)->15002K(15104K) Class: 2635K(2752K)->2635K(2752K)
[75.064s][info][gc             ] GC(202) Pause Young (Allocation Failure) 771M->656M(892M) 94.347ms
[75.064s][info][gc,cpu         ] GC(202) User=0.19s Sys=0.00s Real=0.09s
[75.557s][info][gc,start       ] GC(203) Pause Young (Allocation Failure)
[75.633s][info][gc,heap        ] GC(203) PSYoungGen: 246264K(246272K)->68400K(201216K) Eden: 166400K(166400K)->0K(113664K) From: 79864K(79872K)->68400K(87552K)
[75.633s][info][gc,heap        ] GC(203) ParOldGen: 591992K(667648K)->607784K(667648K)
[75.633s][info][gc,metaspace   ] GC(203) Metaspace: 17643K(17856K)->17643K(17856K) NonClass: 15008K(15104K)->15008K(15104K) Class: 2635K(2752K)->2635K(2752K)
[75.633s][info][gc             ] GC(203) Pause Young (Allocation Failure) 818M->660M(848M) 76.530ms
[75.633s][info][gc,cpu         ] GC(203) User=0.15s Sys=0.00s Real=0.08s
[75.856s][info][gc,start       ] GC(204) Pause Young (Allocation Failure)
[75.941s][info][gc,promotion   ] GC(204) Promotion failed
[75.942s][info][gc,heap        ] GC(204) PSYoungGen: 182064K(201216K)->182064K(201216K) Eden: 113664K(113664K)->113664K(113664K) From: 68400K(87552K)->68400K(87552K)
[75.942s][info][gc,heap        ] GC(204) ParOldGen: 607784K(667648K)->667644K(667648K)
[75.942s][info][gc,metaspace   ] GC(204) Metaspace: 17643K(17856K)->17643K(17856K) NonClass: 15008K(15104K)->15008K(15104K) Class: 2635K(2752K)->2635K(2752K)
[75.942s][info][gc             ] GC(204) Pause Young (Allocation Failure) 771M->829M(848M) 85.463ms
[75.942s][info][gc,cpu         ] GC(204) User=0.14s Sys=0.03s Real=0.09s
[75.942s][info][gc,start       ] GC(205) Pause Full (Allocation Failure)
[75.942s][info][gc,phases,start] GC(205) Marking Phase
[76.419s][info][gc,phases      ] GC(205) Marking Phase 477.797ms
[76.420s][info][gc,phases,start] GC(205) Summary Phase
[76.420s][info][gc,phases      ] GC(205) Summary Phase 0.025ms
[76.420s][info][gc,phases,start] GC(205) Forward
[76.442s][info][gc,phases      ] GC(205) Forward 22.303ms
[76.442s][info][gc,phases,start] GC(205) Adjust Pointers
[76.765s][info][gc,phases      ] GC(205) Adjust Pointers 322.817ms
[76.765s][info][gc,phases,start] GC(205) Compaction Phase
[76.917s][info][gc,phases      ] GC(205) Compaction Phase 152.268ms
[76.917s][info][gc,phases,start] GC(205) Post Compact
[76.920s][info][gc,phases      ] GC(205) Post Compact 2.510ms
[76.920s][info][gc,heap        ] GC(205) PSYoungGen: 182064K(201216K)->8595K(201216K) Eden: 113664K(113664K)->0K(113664K) From: 68400K(87552K)->8595K(87552K)
[76.920s][info][gc,heap        ] GC(205) ParOldGen: 667644K(667648K)->667444K(667648K)
[76.920s][info][gc,metaspace   ] GC(205) Metaspace: 17643K(17856K)->17643K(17856K) NonClass: 15008K(15104K)->15008K(15104K) Class: 2635K(2752K)->2635K(2752K)
[76.920s][info][gc             ] GC(205) Pause Full (Allocation Failure) 829M->660M(848M) 978.137ms
[76.920s][info][gc,cpu         ] GC(205) User=1.92s Sys=0.00s Real=0.97s
[77.138s][info][gc,start       ] GC(206) Pause Full (Allocation Failure)
[77.139s][info][gc,phases,start] GC(206) Marking Phase
[77.615s][info][gc,phases      ] GC(206) Marking Phase 476.838ms
[77.615s][info][gc,phases,start] GC(206) Summary Phase
[77.615s][info][gc,phases      ] GC(206) Summary Phase 0.027ms
[77.615s][info][gc,phases,start] GC(206) Forward
[77.618s][info][gc,phases      ] GC(206) Forward 2.221ms
[77.618s][info][gc,phases,start] GC(206) Adjust Pointers
[77.940s][info][gc,phases      ] GC(206) Adjust Pointers 322.379ms
[77.940s][info][gc,phases,start] GC(206) Compaction Phase
[78.086s][info][gc,phases      ] GC(206) Compaction Phase 145.983ms
[78.086s][info][gc,phases,start] GC(206) Post Compact
[78.089s][info][gc,phases      ] GC(206) Post Compact 2.290ms
[78.089s][info][gc,heap        ] GC(206) PSYoungGen: 122259K(201216K)->8677K(223744K) Eden: 113664K(113664K)->8677K(113664K) From: 8595K(87552K)->0K(110080K)
[78.089s][info][gc,heap        ] GC(206) ParOldGen: 667444K(667648K)->667640K(667648K)
[78.089s][info][gc,metaspace   ] GC(206) Metaspace: 17643K(17856K)->17643K(17856K) NonClass: 15008K(15104K)->15008K(15104K) Class: 2635K(2752K)->2635K(2752K)
[78.089s][info][gc             ] GC(206) Pause Full (Allocation Failure) 771M->660M(870M) 950.140ms
[78.089s][info][gc,cpu         ] GC(206) User=1.86s Sys=0.01s Real=0.95s
[78.282s][info][gc,start       ] GC(207) Pause Full (Allocation Failure)
[78.282s][info][gc,phases,start] GC(207) Marking Phase
[78.752s][info][gc,phases      ] GC(207) Marking Phase 469.738ms
[78.752s][info][gc,phases,start] GC(207) Summary Phase
[78.752s][info][gc,phases      ] GC(207) Summary Phase 0.026ms
[78.752s][info][gc,phases,start] GC(207) Forward
[78.772s][info][gc,phases      ] GC(207) Forward 20.096ms
[78.772s][info][gc,phases,start] GC(207) Adjust Pointers
[79.094s][info][gc,phases      ] GC(207) Adjust Pointers 321.761ms
[79.094s][info][gc,phases,start] GC(207) Compaction Phase
[79.236s][info][gc,phases      ] GC(207) Compaction Phase 141.558ms
[79.236s][info][gc,phases,start] GC(207) Post Compact
[79.238s][info][gc,phases      ] GC(207) Post Compact 2.239ms
[79.238s][info][gc,heap        ] GC(207) PSYoungGen: 113664K(223744K)->8965K(201216K) Eden: 113664K(113664K)->8965K(113664K) From: 0K(110080K)->0K(87552K)
[79.238s][info][gc,heap        ] GC(207) ParOldGen: 667640K(667648K)->667588K(667648K)
[79.238s][info][gc,metaspace   ] GC(207) Metaspace: 17643K(17856K)->17643K(17856K) NonClass: 15008K(15104K)->15008K(15104K) Class: 2635K(2752K)->2635K(2752K)
[79.238s][info][gc             ] GC(207) Pause Full (Allocation Failure) 762M->660M(848M) 955.860ms
[79.238s][info][gc,cpu         ] GC(207) User=1.87s Sys=0.00s Real=0.95s
[79.434s][info][gc,start       ] GC(208) Pause Full (Allocation Failure)
[79.434s][info][gc,phases,start] GC(208) Marking Phase
[79.912s][info][gc,phases      ] GC(208) Marking Phase 477.550ms
[79.912s][info][gc,phases,start] GC(208) Summary Phase
[79.912s][info][gc,phases      ] GC(208) Summary Phase 0.025ms
[79.912s][info][gc,phases,start] GC(208) Forward
[79.917s][info][gc,phases      ] GC(208) Forward 5.021ms
[79.917s][info][gc,phases,start] GC(208) Adjust Pointers
[80.243s][info][gc,phases      ] GC(208) Adjust Pointers 326.306ms
[80.243s][info][gc,phases,start] GC(208) Compaction Phase
[80.389s][info][gc,phases      ] GC(208) Compaction Phase 145.836ms
[80.389s][info][gc,phases,start] GC(208) Post Compact
[80.391s][info][gc,phases      ] GC(208) Post Compact 2.210ms
[80.391s][info][gc,heap        ] GC(208) PSYoungGen: 113664K(201216K)->10311K(223744K) Eden: 113664K(113664K)->10311K(113664K) From: 0K(87552K)->0K(110080K)
[80.391s][info][gc,heap        ] GC(208) ParOldGen: 667588K(667648K)->667586K(667648K)
[80.391s][info][gc,metaspace   ] GC(208) Metaspace: 17644K(17856K)->17644K(17856K) NonClass: 15009K(15104K)->15009K(15104K) Class: 2635K(2752K)->2635K(2752K)
[80.391s][info][gc             ] GC(208) Pause Full (Allocation Failure) 762M->662M(870M) 957.370ms
[80.391s][info][gc,cpu         ] GC(208) User=1.88s Sys=0.00s Real=0.96s
[80.495s][info][gc,start       ] GC(209) Pause Full (Allocation Failure)
[80.495s][info][gc,phases,start] GC(209) Marking Phase
[80.979s][info][gc,phases      ] GC(209) Marking Phase 483.439ms
[80.979s][info][gc,phases,start] GC(209) Summary Phase
[80.979s][info][gc,phases      ] GC(209) Summary Phase 0.024ms
[80.979s][info][gc,phases,start] GC(209) Forward
[80.984s][info][gc,phases      ] GC(209) Forward 5.111ms
[80.984s][info][gc,phases,start] GC(209) Adjust Pointers
[81.309s][info][gc,phases      ] GC(209) Adjust Pointers 324.804ms
[81.309s][info][gc,phases,start] GC(209) Compaction Phase
[81.456s][info][gc,phases      ] GC(209) Compaction Phase 146.852ms
[81.456s][info][gc,phases,start] GC(209) Post Compact
[81.458s][info][gc,phases      ] GC(209) Post Compact 2.214ms
[81.458s][info][gc,heap        ] GC(209) PSYoungGen: 113664K(223744K)->10985K(201216K) Eden: 113664K(113664K)->10985K(113664K) From: 0K(110080K)->0K(87552K)
[81.458s][info][gc,heap        ] GC(209) ParOldGen: 667586K(667648K)->667586K(667648K)
[81.458s][info][gc,metaspace   ] GC(209) Metaspace: 17645K(17856K)->17645K(17856K) NonClass: 15010K(15104K)->15010K(15104K) Class: 2635K(2752K)->2635K(2752K)
[81.458s][info][gc             ] GC(209) Pause Full (Allocation Failure) 762M->662M(848M) 962.808ms
[81.458s][info][gc,cpu         ] GC(209) User=1.89s Sys=0.01s Real=0.96s
[81.689s][info][gc,start       ] GC(210) Pause Full (Allocation Failure)
[81.689s][info][gc,phases,start] GC(210) Marking Phase
[82.169s][info][gc,phases      ] GC(210) Marking Phase 480.463ms
[82.169s][info][gc,phases,start] GC(210) Summary Phase
[82.169s][info][gc,phases      ] GC(210) Summary Phase 0.025ms
[82.169s][info][gc,phases,start] GC(210) Forward
[82.196s][info][gc,phases      ] GC(210) Forward 26.903ms
[82.196s][info][gc,phases,start] GC(210) Adjust Pointers
[82.530s][info][gc,phases      ] GC(210) Adjust Pointers 333.852ms
[82.530s][info][gc,phases,start] GC(210) Compaction Phase
[82.682s][info][gc,phases      ] GC(210) Compaction Phase 152.164ms
[82.682s][info][gc,phases,start] GC(210) Post Compact
[82.685s][info][gc,phases      ] GC(210) Post Compact 2.670ms
[82.685s][info][gc,heap        ] GC(210) PSYoungGen: 113664K(201216K)->12241K(223744K) Eden: 113664K(113664K)->12241K(113664K) From: 0K(87552K)->0K(110080K)
[82.685s][info][gc,heap        ] GC(210) ParOldGen: 667586K(667648K)->667455K(667648K)
[82.685s][info][gc,metaspace   ] GC(210) Metaspace: 17648K(17920K)->17648K(17920K) NonClass: 15013K(15168K)->15013K(15168K) Class: 2635K(2752K)->2635K(2752K)
[82.685s][info][gc             ] GC(210) Pause Full (Allocation Failure) 762M->663M(870M) 996.635ms
[82.685s][info][gc,cpu         ] GC(210) User=1.95s Sys=0.00s Real=1.00s
[82.940s][info][gc,start       ] GC(211) Pause Full (Allocation Failure)
[82.940s][info][gc,phases,start] GC(211) Marking Phase
[83.418s][info][gc,phases      ] GC(211) Marking Phase 477.465ms
[83.418s][info][gc,phases,start] GC(211) Summary Phase
[83.418s][info][gc,phases      ] GC(211) Summary Phase 0.026ms
[83.418s][info][gc,phases,start] GC(211) Forward
[83.424s][info][gc,phases      ] GC(211) Forward 6.748ms
[83.424s][info][gc,phases,start] GC(211) Adjust Pointers
[83.746s][info][gc,phases      ] GC(211) Adjust Pointers 321.532ms
[83.746s][info][gc,phases,start] GC(211) Compaction Phase
[83.894s][info][gc,phases      ] GC(211) Compaction Phase 147.679ms
[83.894s][info][gc,phases,start] GC(211) Post Compact
[83.896s][info][gc,phases      ] GC(211) Post Compact 2.248ms
[83.896s][info][gc,heap        ] GC(211) PSYoungGen: 113664K(223744K)->12940K(201216K) Eden: 113664K(113664K)->12940K(113664K) From: 0K(110080K)->0K(87552K)
[83.896s][info][gc,heap        ] GC(211) ParOldGen: 667455K(667648K)->667455K(667648K)
[83.896s][info][gc,metaspace   ] GC(211) Metaspace: 17658K(17920K)->17658K(17920K) NonClass: 15023K(15168K)->15023K(15168K) Class: 2635K(2752K)->2635K(2752K)
[83.896s][info][gc             ] GC(211) Pause Full (Allocation Failure) 762M->664M(848M) 956.110ms
[83.896s][info][gc,cpu         ] GC(211) User=1.88s Sys=0.00s Real=0.95s
[84.171s][info][gc,start       ] GC(212) Pause Full (Allocation Failure)
[84.171s][info][gc,phases,start] GC(212) Marking Phase
[84.662s][info][gc,phases      ] GC(212) Marking Phase 491.183ms
[84.662s][info][gc,phases,start] GC(212) Summary Phase
[84.662s][info][gc,phases      ] GC(212) Summary Phase 0.025ms
[84.662s][info][gc,phases,start] GC(212) Forward
[84.697s][info][gc,phases      ] GC(212) Forward 34.737ms
[84.697s][info][gc,phases,start] GC(212) Adjust Pointers
[85.039s][info][gc,phases      ] GC(212) Adjust Pointers 342.248ms
[85.039s][info][gc,phases,start] GC(212) Compaction Phase
[85.189s][info][gc,phases      ] GC(212) Compaction Phase 149.367ms
[85.191s][info][gc,phases,start] GC(212) Post Compact
[85.193s][info][gc,phases      ] GC(212) Post Compact 2.259ms
[85.193s][info][gc,heap        ] GC(212) PSYoungGen: 113664K(201216K)->27522K(223744K) Eden: 113664K(113664K)->27522K(113664K) From: 0K(87552K)->0K(110080K)
[85.193s][info][gc,heap        ] GC(212) ParOldGen: 667455K(667648K)->667400K(667648K)
[85.193s][info][gc,metaspace   ] GC(212) Metaspace: 17674K(17920K)->17674K(17920K) NonClass: 15033K(15168K)->15033K(15168K) Class: 2640K(2752K)->2640K(2752K)
[85.193s][info][gc             ] GC(212) Pause Full (Allocation Failure) 762M->678M(870M) 1022.453ms
[85.193s][info][gc,cpu         ] GC(212) User=2.01s Sys=0.00s Real=1.02s
[85.335s][info][gc,start       ] GC(213) Pause Full (Allocation Failure)
[85.335s][info][gc,phases,start] GC(213) Marking Phase
[85.830s][info][gc,phases      ] GC(213) Marking Phase 494.992ms
[85.830s][info][gc,phases,start] GC(213) Summary Phase
[85.830s][info][gc,phases      ] GC(213) Summary Phase 0.026ms
[85.830s][info][gc,phases,start] GC(213) Forward
[85.992s][info][gc,phases      ] GC(213) Forward 162.220ms
[85.992s][info][gc,phases,start] GC(213) Adjust Pointers
[86.396s][info][gc,phases      ] GC(213) Adjust Pointers 403.856ms
[86.396s][info][gc,phases,start] GC(213) Compaction Phase
[86.623s][info][gc,phases      ] GC(213) Compaction Phase 226.559ms
[86.640s][info][gc,phases,start] GC(213) Post Compact
[86.642s][info][gc,phases      ] GC(213) Post Compact 2.307ms
[86.642s][info][gc,heap        ] GC(213) PSYoungGen: 113664K(223744K)->406K(201216K) Eden: 113664K(113664K)->406K(113664K) From: 0K(110080K)->0K(87552K)
[86.642s][info][gc,heap        ] GC(213) ParOldGen: 667400K(667648K)->667399K(667648K)
[86.642s][info][gc,metaspace   ] GC(213) Metaspace: 17674K(17920K)->17674K(17920K) NonClass: 15033K(15168K)->15033K(15168K) Class: 2640K(2752K)->2640K(2752K)
[86.642s][info][gc             ] GC(213) Pause Full (Allocation Failure) 762M->652M(848M) 1307.835ms
[86.642s][info][gc,cpu         ] GC(213) User=2.54s Sys=0.01s Real=1.31s
[86.821s][info][gc,start       ] GC(214) Pause Full (Allocation Failure)
[86.821s][info][gc,phases,start] GC(214) Marking Phase
[87.332s][info][gc,phases      ] GC(214) Marking Phase 510.688ms
[87.332s][info][gc,phases,start] GC(214) Summary Phase
[87.332s][info][gc,phases      ] GC(214) Summary Phase 0.023ms
[87.332s][info][gc,phases,start] GC(214) Forward
[87.348s][info][gc,phases      ] GC(214) Forward 16.582ms
[87.349s][info][gc,phases,start] GC(214) Adjust Pointers
[87.699s][info][gc,phases      ] GC(214) Adjust Pointers 349.947ms
[87.699s][info][gc,phases,start] GC(214) Compaction Phase
[87.850s][info][gc,phases      ] GC(214) Compaction Phase 151.470ms
[87.850s][info][gc,phases,start] GC(214) Post Compact
[87.852s][info][gc,phases      ] GC(214) Post Compact 2.232ms
[87.852s][info][gc,heap        ] GC(214) PSYoungGen: 113664K(201216K)->17918K(223744K) Eden: 113664K(113664K)->17918K(113664K) From: 0K(87552K)->0K(110080K)
[87.852s][info][gc,heap        ] GC(214) ParOldGen: 667399K(667648K)->667397K(667648K)
[87.852s][info][gc,metaspace   ] GC(214) Metaspace: 17674K(17920K)->17674K(17920K) NonClass: 15034K(15168K)->15034K(15168K) Class: 2640K(2752K)->2640K(2752K)
[87.852s][info][gc             ] GC(214) Pause Full (Allocation Failure) 762M->669M(870M) 1031.395ms
[87.852s][info][gc,cpu         ] GC(214) User=2.03s Sys=0.00s Real=1.03s
[88.019s][info][gc,start       ] GC(215) Pause Full (Allocation Failure)
[88.019s][info][gc,phases,start] GC(215) Marking Phase
[88.421s][info][gc,phases      ] GC(215) Marking Phase 401.556ms
[88.421s][info][gc,phases,start] GC(215) Summary Phase
[88.421s][info][gc,phases      ] GC(215) Summary Phase 0.026ms
[88.421s][info][gc,phases,start] GC(215) Forward
[88.572s][info][gc,phases      ] GC(215) Forward 151.543ms
[88.572s][info][gc,phases,start] GC(215) Adjust Pointers
[88.885s][info][gc,phases      ] GC(215) Adjust Pointers 312.905ms
[88.885s][info][gc,phases,start] GC(215) Compaction Phase
[89.079s][info][gc,phases      ] GC(215) Compaction Phase 193.429ms
[89.090s][info][gc,phases,start] GC(215) Post Compact
[89.092s][info][gc,phases      ] GC(215) Post Compact 2.269ms
[89.092s][info][gc,heap        ] GC(215) PSYoungGen: 113664K(223744K)->0K(201216K) Eden: 113664K(113664K)->0K(113664K) From: 0K(110080K)->0K(87552K)
[89.092s][info][gc,heap        ] GC(215) ParOldGen: 667397K(667648K)->565687K(667648K)
[89.092s][info][gc,metaspace   ] GC(215) Metaspace: 17681K(17920K)->17681K(17920K) NonClass: 15041K(15168K)->15041K(15168K) Class: 2640K(2752K)->2640K(2752K)
[89.092s][info][gc             ] GC(215) Pause Full (Allocation Failure) 762M->552M(848M) 1073.606ms
[89.093s][info][gc,cpu         ] GC(215) User=2.04s Sys=0.01s Real=1.08s
[89.232s][info][gc,start       ] GC(216) Pause Young (Allocation Failure)
[89.239s][info][gc,heap        ] GC(216) PSYoungGen: 113664K(201216K)->2432K(223744K) Eden: 113664K(113664K)->0K(113664K) From: 0K(87552K)->2432K(110080K)
[89.239s][info][gc,heap        ] GC(216) ParOldGen: 565687K(667648K)->565687K(667648K)
[89.239s][info][gc,metaspace   ] GC(216) Metaspace: 17684K(17920K)->17684K(17920K) NonClass: 15043K(15168K)->15043K(15168K) Class: 2640K(2752K)->2640K(2752K)
[89.239s][info][gc             ] GC(216) Pause Young (Allocation Failure) 663M->554M(870M) 7.065ms
[89.239s][info][gc,cpu         ] GC(216) User=0.02s Sys=0.00s Real=0.00s
[89.431s][info][gc,start       ] GC(217) Pause Young (Allocation Failure)
[89.443s][info][gc,heap        ] GC(217) PSYoungGen: 116096K(223744K)->5184K(215552K) Eden: 113664K(113664K)->0K(116224K) From: 2432K(110080K)->5184K(99328K)
[89.443s][info][gc,heap        ] GC(217) ParOldGen: 565687K(667648K)->565687K(667648K)
[89.443s][info][gc,metaspace   ] GC(217) Metaspace: 17686K(17920K)->17686K(17920K) NonClass: 15045K(15168K)->15045K(15168K) Class: 2640K(2752K)->2640K(2752K)
[89.443s][info][gc             ] GC(217) Pause Young (Allocation Failure) 665M->557M(862M) 11.239ms
[89.443s][info][gc,cpu         ] GC(217) User=0.02s Sys=0.00s Real=0.01s
[89.565s][info][gc,start       ] GC(218) Pause Young (Allocation Failure)
[89.573s][info][gc,heap        ] GC(218) PSYoungGen: 121408K(215552K)->5504K(121856K) Eden: 116224K(116224K)->0K(116224K) From: 5184K(99328K)->5504K(5632K)
[89.573s][info][gc,heap        ] GC(218) ParOldGen: 565687K(667648K)->565687K(667648K)
[89.573s][info][gc,metaspace   ] GC(218) Metaspace: 17689K(17920K)->17689K(17920K) NonClass: 15049K(15168K)->15049K(15168K) Class: 2640K(2752K)->2640K(2752K)
[89.573s][info][gc             ] GC(218) Pause Young (Allocation Failure) 670M->557M(771M) 8.076ms
[89.573s][info][gc,cpu         ] GC(218) User=0.02s Sys=0.00s Real=0.01s
[89.641s][info][gc,start       ] GC(219) Pause Young (Allocation Failure)
[89.668s][info][gc,heap        ] GC(219) PSYoungGen: 121728K(121856K)->24512K(206336K) Eden: 116224K(116224K)->0K(120320K) From: 5504K(5632K)->24512K(86016K)
[89.668s][info][gc,heap        ] GC(219) ParOldGen: 565687K(667648K)->565687K(667648K)
[89.668s][info][gc,metaspace   ] GC(219) Metaspace: 17689K(17920K)->17689K(17920K) NonClass: 15049K(15168K)->15049K(15168K) Class: 2640K(2752K)->2640K(2752K)
[89.668s][info][gc             ] GC(219) Pause Young (Allocation Failure) 671M->576M(853M) 27.103ms
[89.668s][info][gc,cpu         ] GC(219) User=0.05s Sys=0.00s Real=0.02s
[89.751s][info][gc,start       ] GC(220) Pause Young (Allocation Failure)
[89.785s][info][gc,heap        ] GC(220) PSYoungGen: 144832K(206336K)->26752K(147456K) Eden: 120320K(120320K)->0K(120320K) From: 24512K(86016K)->26752K(27136K)
[89.785s][info][gc,heap        ] GC(220) ParOldGen: 565687K(667648K)->565687K(667648K)
[89.785s][info][gc,metaspace   ] GC(220) Metaspace: 17689K(17920K)->17689K(17920K) NonClass: 15049K(15168K)->15049K(15168K) Class: 2640K(2752K)->2640K(2752K)
[89.785s][info][gc             ] GC(220) Pause Young (Allocation Failure) 693M->578M(796M) 34.296ms
[89.785s][info][gc,cpu         ] GC(220) User=0.06s Sys=0.00s Real=0.03s
[89.940s][info][gc,start       ] GC(221) Pause Young (Allocation Failure)
[89.973s][info][gc,heap        ] GC(221) PSYoungGen: 147072K(147456K)->31648K(204288K) Eden: 120320K(120320K)->0K(124928K) From: 26752K(27136K)->31648K(79360K)
[89.973s][info][gc,heap        ] GC(221) ParOldGen: 565687K(667648K)->565687K(667648K)
[89.973s][info][gc,metaspace   ] GC(221) Metaspace: 17699K(17920K)->17699K(17920K) NonClass: 15053K(15168K)->15053K(15168K) Class: 2645K(2752K)->2645K(2752K)
[89.973s][info][gc             ] GC(221) Pause Young (Allocation Failure) 696M->583M(851M) 33.400ms
[89.973s][info][gc,cpu         ] GC(221) User=0.06s Sys=0.00s Real=0.04s
[90.133s][info][gc,start       ] GC(222) Pause Young (Allocation Failure)
[90.174s][info][gc,heap        ] GC(222) PSYoungGen: 156576K(204288K)->34160K(207872K) Eden: 124928K(124928K)->0K(124928K) From: 31648K(79360K)->34160K(82944K)
[90.174s][info][gc,heap        ] GC(222) ParOldGen: 565687K(667648K)->565687K(667648K)
[90.174s][info][gc,metaspace   ] GC(222) Metaspace: 17699K(17920K)->17699K(17920K) NonClass: 15053K(15168K)->15053K(15168K) Class: 2645K(2752K)->2645K(2752K)
[90.174s][info][gc             ] GC(222) Pause Young (Allocation Failure) 705M->585M(855M) 40.869ms
[90.174s][info][gc,cpu         ] GC(222) User=0.08s Sys=0.00s Real=0.04s
[90.294s][info][gc,start       ] GC(223) Pause Young (Allocation Failure)
[90.333s][info][gc,heap        ] GC(223) PSYoungGen: 159088K(207872K)->34224K(205312K) Eden: 124928K(124928K)->0K(130048K) From: 34160K(82944K)->34224K(75264K)
[90.333s][info][gc,heap        ] GC(223) ParOldGen: 565687K(667648K)->565687K(667648K)
[90.333s][info][gc,metaspace   ] GC(223) Metaspace: 17702K(17920K)->17702K(17920K) NonClass: 15056K(15168K)->15056K(15168K) Class: 2645K(2752K)->2645K(2752K)
[90.333s][info][gc             ] GC(223) Pause Young (Allocation Failure) 707M->585M(852M) 38.991ms
[90.333s][info][gc,cpu         ] GC(223) User=0.08s Sys=0.00s Real=0.04s
[90.865s][info][gc,start       ] GC(224) Pause Young (Allocation Failure)
[90.900s][info][gc,heap        ] GC(224) PSYoungGen: 164272K(205312K)->34772K(207872K) Eden: 130048K(130048K)->0K(130048K) From: 34224K(75264K)->34772K(77824K)
[90.900s][info][gc,heap        ] GC(224) ParOldGen: 565687K(667648K)->565687K(667648K)
[90.900s][info][gc,metaspace   ] GC(224) Metaspace: 17728K(17920K)->17728K(17920K) NonClass: 15082K(15168K)->15082K(15168K) Class: 2645K(2752K)->2645K(2752K)
[90.900s][info][gc             ] GC(224) Pause Young (Allocation Failure) 712M->586M(855M) 35.886ms
[90.900s][info][gc,cpu         ] GC(224) User=0.07s Sys=0.00s Real=0.04s
[92.613s][info][gc,start       ] GC(225) Pause Young (Allocation Failure)
[92.649s][info][gc,heap        ] GC(225) PSYoungGen: 164820K(207872K)->34861K(204800K) Eden: 130048K(130048K)->0K(134144K) From: 34772K(77824K)->34861K(70656K)
[92.650s][info][gc,heap        ] GC(225) ParOldGen: 565687K(667648K)->565687K(667648K)
[92.650s][info][gc,metaspace   ] GC(225) Metaspace: 17732K(17920K)->17732K(17920K) NonClass: 15086K(15168K)->15086K(15168K) Class: 2645K(2752K)->2645K(2752K)
[92.650s][info][gc             ] GC(225) Pause Young (Allocation Failure) 713M->586M(852M) 36.889ms
[92.650s][info][gc,cpu         ] GC(225) User=0.07s Sys=0.00s Real=0.03s
[93.234s][info][gc,start       ] GC(226) Pause Young (Allocation Failure)
[93.272s][info][gc,heap        ] GC(226) PSYoungGen: 169005K(204800K)->36045K(207360K) Eden: 134144K(134144K)->0K(134144K) From: 34861K(70656K)->36045K(73216K)
[93.272s][info][gc,heap        ] GC(226) ParOldGen: 565687K(667648K)->565687K(667648K)
[93.272s][info][gc,metaspace   ] GC(226) Metaspace: 17746K(17984K)->17746K(17984K) NonClass: 15098K(15232K)->15098K(15232K) Class: 2647K(2752K)->2647K(2752K)
[93.272s][info][gc             ] GC(226) Pause Young (Allocation Failure) 717M->587M(854M) 37.722ms
[93.272s][info][gc,cpu         ] GC(226) User=0.07s Sys=0.00s Real=0.04s
[94.099s][info][gc,start       ] GC(227) Pause Young (Allocation Failure)
[94.141s][info][gc,heap        ] GC(227) PSYoungGen: 170104K(207360K)->36789K(204800K) Eden: 134058K(134144K)->0K(137216K) From: 36045K(73216K)->36789K(67584K)
[94.141s][info][gc,heap        ] GC(227) ParOldGen: 565687K(667648K)->565695K(667648K)
[94.141s][info][gc,metaspace   ] GC(227) Metaspace: 17927K(18112K)->17927K(18112K) NonClass: 15266K(15360K)->15266K(15360K) Class: 2661K(2752K)->2661K(2752K)
[94.141s][info][gc             ] GC(227) Pause Young (Allocation Failure) 718M->588M(852M) 41.969ms
[94.141s][info][gc,cpu         ] GC(227) User=0.08s Sys=0.00s Real=0.05s
[94.487s][info][gc,start       ] GC(228) Pause Young (Allocation Failure)
[94.530s][info][gc,heap        ] GC(228) PSYoungGen: 173909K(204800K)->37236K(206848K) Eden: 137120K(137216K)->0K(137216K) From: 36789K(67584K)->37236K(69632K)
[94.530s][info][gc,heap        ] GC(228) ParOldGen: 565695K(667648K)->565703K(667648K)
[94.530s][info][gc,metaspace   ] GC(228) Metaspace: 17978K(18176K)->17978K(18176K) NonClass: 15314K(15424K)->15314K(15424K) Class: 2663K(2752K)->2663K(2752K)
[94.530s][info][gc             ] GC(228) Pause Young (Allocation Failure) 722M->588M(854M) 43.179ms
[94.530s][info][gc,cpu         ] GC(228) User=0.08s Sys=0.00s Real=0.05s
[94.888s][info][gc,start       ] GC(229) Pause Young (Allocation Failure)
[94.927s][info][gc,heap        ] GC(229) PSYoungGen: 174452K(206848K)->37041K(205824K) Eden: 137216K(137216K)->0K(140288K) From: 37236K(69632K)->37041K(65536K)
[94.927s][info][gc,heap        ] GC(229) ParOldGen: 565703K(667648K)->565711K(667648K)
[94.927s][info][gc,metaspace   ] GC(229) Metaspace: 18008K(18240K)->18008K(18240K) NonClass: 15345K(15488K)->15345K(15488K) Class: 2663K(2752K)->2663K(2752K)
[94.927s][info][gc             ] GC(229) Pause Young (Allocation Failure) 722M->588M(853M) 39.142ms
[94.927s][info][gc,cpu         ] GC(229) User=0.08s Sys=0.00s Real=0.04s
[95.155s][info][gc,start       ] GC(230) Pause Young (Allocation Failure)
[95.236s][info][gc,heap        ] GC(230) PSYoungGen: 177329K(205824K)->67060K(207360K) Eden: 140288K(140288K)->0K(140288K) From: 37041K(65536K)->67060K(67072K)
[95.236s][info][gc,heap        ] GC(230) ParOldGen: 565711K(667648K)->584591K(667648K)
[95.236s][info][gc,metaspace   ] GC(230) Metaspace: 18107K(18304K)->18107K(18304K) NonClass: 15444K(15552K)->15444K(15552K) Class: 2663K(2752K)->2663K(2752K)
[95.236s][info][gc             ] GC(230) Pause Young (Allocation Failure) 725M->636M(854M) 81.148ms
[95.236s][info][gc,cpu         ] GC(230) User=0.16s Sys=0.00s Real=0.08s
[95.332s][info][gc,start       ] GC(231) Pause Young (Allocation Failure)
[95.456s][info][gc,heap        ] GC(231) PSYoungGen: 207348K(207360K)->83453K(200192K) Eden: 140288K(140288K)->0K(116736K) From: 67060K(67072K)->83453K(83456K)
[95.456s][info][gc,heap        ] GC(231) ParOldGen: 584591K(667648K)->618839K(667648K)
[95.456s][info][gc,metaspace   ] GC(231) Metaspace: 18107K(18304K)->18107K(18304K) NonClass: 15444K(15552K)->15444K(15552K) Class: 2663K(2752K)->2663K(2752K)
[95.456s][info][gc             ] GC(231) Pause Young (Allocation Failure) 773M->685M(847M) 123.762ms
[95.456s][info][gc,cpu         ] GC(231) User=0.22s Sys=0.02s Real=0.12s
[95.623s][info][gc,start       ] GC(232) Pause Young (Allocation Failure)
[95.737s][info][gc,heap        ] GC(232) PSYoungGen: 200189K(200192K)->101453K(218624K) Eden: 116736K(116736K)->0K(116736K) From: 83453K(83456K)->101453K(101888K)
[95.737s][info][gc,heap        ] GC(232) ParOldGen: 618839K(667648K)->638263K(667648K)
[95.737s][info][gc,metaspace   ] GC(232) Metaspace: 18107K(18304K)->18107K(18304K) NonClass: 15444K(15552K)->15444K(15552K) Class: 2663K(2752K)->2663K(2752K)
[95.737s][info][gc             ] GC(232) Pause Young (Allocation Failure) 799M->722M(865M) 114.086ms
[95.737s][info][gc,cpu         ] GC(232) User=0.23s Sys=0.00s Real=0.11s
[95.984s][info][gc,start       ] GC(233) Pause Full (Allocation Failure)
[95.984s][info][gc,phases,start] GC(233) Marking Phase
[96.113s][info][gc,phases      ] GC(233) Marking Phase 129.256ms
[96.113s][info][gc,phases,start] GC(233) Summary Phase
[96.113s][info][gc,phases      ] GC(233) Summary Phase 0.036ms
[96.113s][info][gc,phases,start] GC(233) Forward
[96.159s][info][gc,phases      ] GC(233) Forward 45.777ms
[96.159s][info][gc,phases,start] GC(233) Adjust Pointers
[96.248s][info][gc,phases      ] GC(233) Adjust Pointers 88.662ms
[96.248s][info][gc,phases,start] GC(233) Compaction Phase
[96.313s][info][gc,phases      ] GC(233) Compaction Phase 65.120ms
[96.315s][info][gc,phases,start] GC(233) Post Compact
[96.317s][info][gc,phases      ] GC(233) Post Compact 2.479ms
[96.331s][info][gc,heap        ] GC(233) PSYoungGen: 218189K(218624K)->0K(222720K) Eden: 116736K(116736K)->0K(111616K) From: 101453K(101888K)->0K(111104K)
[96.331s][info][gc,heap        ] GC(233) ParOldGen: 638263K(667648K)->214508K(501760K)
[96.331s][info][gc,metaspace   ] GC(233) Metaspace: 18109K(18304K)->18109K(18304K) NonClass: 15446K(15552K)->15446K(15552K) Class: 2663K(2752K)->2663K(2752K)
[96.331s][info][gc             ] GC(233) Pause Full (Allocation Failure) 836M->209M(707M) 346.946ms
[96.331s][info][gc,cpu         ] GC(233) User=0.62s Sys=0.02s Real=0.35s
[96.519s][info][gc,start       ] GC(234) Pause Young (Allocation Failure)
[96.539s][info][gc,heap        ] GC(234) PSYoungGen: 111616K(222720K)->6500K(222720K) Eden: 111616K(111616K)->0K(111616K) From: 0K(111104K)->6500K(111104K)
[96.539s][info][gc,heap        ] GC(234) ParOldGen: 214508K(501760K)->214508K(501760K)
[96.539s][info][gc,metaspace   ] GC(234) Metaspace: 18144K(18368K)->18144K(18368K) NonClass: 15481K(15616K)->15481K(15616K) Class: 2663K(2752K)->2663K(2752K)
[96.539s][info][gc             ] GC(234) Pause Young (Allocation Failure) 318M->215M(707M) 19.720ms
[96.539s][info][gc,cpu         ] GC(234) User=0.04s Sys=0.00s Real=0.02s
[96.745s][info][gc,start       ] GC(235) Pause Young (Allocation Failure)
[96.793s][info][gc,heap        ] GC(235) PSYoungGen: 118116K(222720K)->27579K(222720K) Eden: 111616K(111616K)->0K(111616K) From: 6500K(111104K)->27579K(111104K)
[96.793s][info][gc,heap        ] GC(235) ParOldGen: 214508K(501760K)->214508K(501760K)
[96.793s][info][gc,metaspace   ] GC(235) Metaspace: 18145K(18368K)->18145K(18368K) NonClass: 15482K(15616K)->15482K(15616K) Class: 2663K(2752K)->2663K(2752K)
[96.793s][info][gc             ] GC(235) Pause Young (Allocation Failure) 324M->236M(707M) 47.427ms
[96.793s][info][gc,cpu         ] GC(235) User=0.09s Sys=0.00s Real=0.05s
[96.944s][info][gc,start       ] GC(236) Pause Young (Allocation Failure)
[97.002s][info][gc,heap        ] GC(236) PSYoungGen: 139195K(222720K)->39186K(222720K) Eden: 111616K(111616K)->0K(111616K) From: 27579K(111104K)->39186K(111104K)
[97.002s][info][gc,heap        ] GC(236) ParOldGen: 214508K(501760K)->214508K(501760K)
[97.002s][info][gc,metaspace   ] GC(236) Metaspace: 18146K(18368K)->18146K(18368K) NonClass: 15483K(15616K)->15483K(15616K) Class: 2663K(2752K)->2663K(2752K)
[97.002s][info][gc             ] GC(236) Pause Young (Allocation Failure) 345M->247M(707M) 57.512ms
[97.002s][info][gc,cpu         ] GC(236) User=0.12s Sys=0.00s Real=0.06s
[97.116s][info][gc,start       ] GC(237) Pause Young (Allocation Failure)
[97.182s][info][gc,heap        ] GC(237) PSYoungGen: 150802K(222720K)->48530K(215552K) Eden: 111616K(111616K)->0K(111616K) From: 39186K(111104K)->48530K(103936K)
[97.182s][info][gc,heap        ] GC(237) ParOldGen: 214508K(501760K)->214516K(501760K)
[97.182s][info][gc,metaspace   ] GC(237) Metaspace: 18146K(18368K)->18146K(18368K) NonClass: 15483K(15616K)->15483K(15616K) Class: 2663K(2752K)->2663K(2752K)
[97.182s][info][gc             ] GC(237) Pause Young (Allocation Failure) 356M->256M(700M) 66.468ms
[97.182s][info][gc,cpu         ] GC(237) User=0.13s Sys=0.00s Real=0.07s
[97.291s][info][gc,start       ] GC(238) Pause Young (Allocation Failure)
[97.359s][info][gc,heap        ] GC(238) PSYoungGen: 160146K(215552K)->49074K(219136K) Eden: 111616K(111616K)->0K(111616K) From: 48530K(103936K)->49074K(107520K)
[97.359s][info][gc,heap        ] GC(238) ParOldGen: 214516K(501760K)->214516K(501760K)
[97.359s][info][gc,metaspace   ] GC(238) Metaspace: 18146K(18368K)->18146K(18368K) NonClass: 15483K(15616K)->15483K(15616K) Class: 2663K(2752K)->2663K(2752K)
[97.359s][info][gc             ] GC(238) Pause Young (Allocation Failure) 365M->257M(704M) 67.654ms
[97.359s][info][gc,cpu         ] GC(238) User=0.13s Sys=0.00s Real=0.06s
[97.470s][info][gc,start       ] GC(239) Pause Young (Allocation Failure)
[97.537s][info][gc,heap        ] GC(239) PSYoungGen: 160690K(219136K)->49266K(214016K) Eden: 111616K(111616K)->0K(119296K) From: 49074K(107520K)->49266K(94720K)
[97.537s][info][gc,heap        ] GC(239) ParOldGen: 214516K(501760K)->214516K(501760K)
[97.537s][info][gc,metaspace   ] GC(239) Metaspace: 18146K(18368K)->18146K(18368K) NonClass: 15483K(15616K)->15483K(15616K) Class: 2663K(2752K)->2663K(2752K)
[97.537s][info][gc             ] GC(239) Pause Young (Allocation Failure) 366M->257M(699M) 67.205ms
[97.537s][info][gc,cpu         ] GC(239) User=0.14s Sys=0.00s Real=0.06s
[97.626s][info][gc,start       ] GC(240) Pause Young (Allocation Failure)
[97.720s][info][gc,heap        ] GC(240) PSYoungGen: 168562K(214016K)->79218K(218112K) Eden: 119296K(119296K)->0K(119296K) From: 49266K(94720K)->79218K(98816K)
[97.720s][info][gc,heap        ] GC(240) ParOldGen: 214516K(501760K)->214516K(501760K)
[97.720s][info][gc,metaspace   ] GC(240) Metaspace: 18146K(18368K)->18146K(18368K) NonClass: 15483K(15616K)->15483K(15616K) Class: 2663K(2752K)->2663K(2752K)
[97.720s][info][gc             ] GC(240) Pause Young (Allocation Failure) 374M->286M(703M) 93.833ms
[97.720s][info][gc,cpu         ] GC(240) User=0.19s Sys=0.00s Real=0.10s
[97.779s][info][gc,start       ] GC(241) Pause Young (Allocation Failure)
[97.906s][info][gc,heap        ] GC(241) PSYoungGen: 198514K(218112K)->105954K(217600K) Eden: 119296K(119296K)->0K(111616K) From: 79218K(98816K)->105954K(105984K)
[97.906s][info][gc,heap        ] GC(241) ParOldGen: 214516K(501760K)->216404K(501760K)
[97.906s][info][gc,metaspace   ] GC(241) Metaspace: 18146K(18368K)->18146K(18368K) NonClass: 15483K(15616K)->15483K(15616K) Class: 2663K(2752K)->2663K(2752K)
[97.906s][info][gc             ] GC(241) Pause Young (Allocation Failure) 403M->314M(702M) 126.852ms
[97.906s][info][gc,cpu         ] GC(241) User=0.24s Sys=0.01s Real=0.13s
[98.112s][info][gc,start       ] GC(242) Pause Young (Allocation Failure)
[98.233s][info][gc,heap        ] GC(242) PSYoungGen: 217570K(217600K)->111079K(222720K) Eden: 111616K(111616K)->0K(111616K) From: 105954K(105984K)->111079K(111104K)
[98.233s][info][gc,heap        ] GC(242) ParOldGen: 216404K(501760K)->221395K(501760K)
[98.233s][info][gc,metaspace   ] GC(242) Metaspace: 18146K(18368K)->18146K(18368K) NonClass: 15483K(15616K)->15483K(15616K) Class: 2663K(2752K)->2663K(2752K)
[98.233s][info][gc             ] GC(242) Pause Young (Allocation Failure) 423M->324M(707M) 121.194ms
[98.233s][info][gc,cpu         ] GC(242) User=0.24s Sys=0.00s Real=0.12s
[98.312s][info][gc,start       ] GC(243) Pause Young (Allocation Failure)
[98.434s][info][gc,heap        ] GC(243) PSYoungGen: 222695K(222720K)->111079K(222720K) Eden: 111616K(111616K)->0K(111616K) From: 111079K(111104K)->111079K(111104K)
[98.434s][info][gc,heap        ] GC(243) ParOldGen: 221395K(501760K)->228907K(501760K)
[98.434s][info][gc,metaspace   ] GC(243) Metaspace: 18146K(18368K)->18146K(18368K) NonClass: 15483K(15616K)->15483K(15616K) Class: 2663K(2752K)->2663K(2752K)
[98.434s][info][gc             ] GC(243) Pause Young (Allocation Failure) 433M->332M(707M) 122.725ms
[98.434s][info][gc,cpu         ] GC(243) User=0.25s Sys=0.00s Real=0.12s
[98.514s][info][gc,start       ] GC(244) Pause Young (Allocation Failure)
[98.630s][info][gc,heap        ] GC(244) PSYoungGen: 222695K(222720K)->108359K(222720K) Eden: 111616K(111616K)->0K(111616K) From: 111079K(111104K)->108359K(111104K)
[98.630s][info][gc,heap        ] GC(244) ParOldGen: 228907K(501760K)->234467K(501760K)
[98.630s][info][gc,metaspace   ] GC(244) Metaspace: 18146K(18368K)->18146K(18368K) NonClass: 15483K(15616K)->15483K(15616K) Class: 2663K(2752K)->2663K(2752K)
[98.630s][info][gc             ] GC(244) Pause Young (Allocation Failure) 441M->334M(707M) 116.529ms
[98.630s][info][gc,cpu         ] GC(244) User=0.23s Sys=0.01s Real=0.12s
[98.779s][info][gc,start       ] GC(245) Pause Young (Allocation Failure)
[98.884s][info][gc,heap        ] GC(245) PSYoungGen: 219975K(222720K)->87671K(222720K) Eden: 111616K(111616K)->0K(111616K) From: 108359K(111104K)->87671K(111104K)
[98.884s][info][gc,heap        ] GC(245) ParOldGen: 234467K(501760K)->256563K(501760K)
[98.884s][info][gc,metaspace   ] GC(245) Metaspace: 18146K(18368K)->18146K(18368K) NonClass: 15483K(15616K)->15483K(15616K) Class: 2663K(2752K)->2663K(2752K)
[98.884s][info][gc             ] GC(245) Pause Young (Allocation Failure) 443M->336M(707M) 104.369ms
[98.884s][info][gc,cpu         ] GC(245) User=0.21s Sys=0.00s Real=0.11s
[99.258s][info][gc,start       ] GC(246) Pause Young (Allocation Failure)
[99.345s][info][gc,heap        ] GC(246) PSYoungGen: 199287K(222720K)->81063K(222720K) Eden: 111616K(111616K)->0K(111616K) From: 87671K(111104K)->81063K(111104K)
[99.345s][info][gc,heap        ] GC(246) ParOldGen: 256563K(501760K)->264475K(501760K)
[99.346s][info][gc,metaspace   ] GC(246) Metaspace: 18147K(18368K)->18147K(18368K) NonClass: 15484K(15616K)->15484K(15616K) Class: 2663K(2752K)->2663K(2752K)
[99.346s][info][gc             ] GC(246) Pause Young (Allocation Failure) 445M->337M(707M) 87.754ms
[99.346s][info][gc,cpu         ] GC(246) User=0.18s Sys=0.00s Real=0.09s
[99.591s][info][gc,start       ] GC(247) Pause Young (Allocation Failure)
[99.669s][info][gc,heap        ] GC(247) PSYoungGen: 192679K(222720K)->54647K(222720K) Eden: 111616K(111616K)->0K(111616K) From: 81063K(111104K)->54647K(111104K)
[99.669s][info][gc,heap        ] GC(247) ParOldGen: 264475K(501760K)->294347K(501760K)
[99.669s][info][gc,metaspace   ] GC(247) Metaspace: 18147K(18368K)->18147K(18368K) NonClass: 15484K(15616K)->15484K(15616K) Class: 2663K(2752K)->2663K(2752K)
[99.669s][info][gc             ] GC(247) Pause Young (Allocation Failure) 446M->340M(707M) 78.016ms
[99.669s][info][gc,cpu         ] GC(247) User=0.15s Sys=0.00s Real=0.07s
[99.790s][info][gc,start       ] GC(248) Pause Young (Allocation Failure)
[99.885s][info][gc,heap        ] GC(248) PSYoungGen: 166263K(222720K)->63248K(222720K) Eden: 111616K(111616K)->0K(111616K) From: 54647K(111104K)->63248K(111104K)
[99.885s][info][gc,heap        ] GC(248) ParOldGen: 294347K(501760K)->333234K(501760K)
[99.885s][info][gc,metaspace   ] GC(248) Metaspace: 18147K(18368K)->18147K(18368K) NonClass: 15484K(15616K)->15484K(15616K) Class: 2663K(2752K)->2663K(2752K)
[99.885s][info][gc             ] GC(248) Pause Young (Allocation Failure) 449M->387M(707M) 95.222ms
[99.885s][info][gc,cpu         ] GC(248) User=0.19s Sys=0.00s Real=0.09s
[100.113s][info][gc,start       ] GC(249) Pause Young (Allocation Failure)
[100.194s][info][gc,heap        ] GC(249) PSYoungGen: 174864K(222720K)->76512K(222720K) Eden: 111616K(111616K)->0K(111616K) From: 63248K(111104K)->76512K(111104K)
[100.194s][info][gc,heap        ] GC(249) ParOldGen: 333234K(501760K)->343266K(501760K)
[100.194s][info][gc,metaspace   ] GC(249) Metaspace: 18148K(18368K)->18148K(18368K) NonClass: 15484K(15616K)->15484K(15616K) Class: 2663K(2752K)->2663K(2752K)
[100.194s][info][gc             ] GC(249) Pause Young (Allocation Failure) 496M->409M(707M) 80.671ms
[100.194s][info][gc,cpu         ] GC(249) User=0.16s Sys=0.00s Real=0.08s
[100.332s][info][gc,start       ] GC(250) Pause Young (Allocation Failure)
[100.406s][info][gc,heap        ] GC(250) PSYoungGen: 188128K(222720K)->81008K(222720K) Eden: 111616K(111616K)->0K(111616K) From: 76512K(111104K)->81008K(111104K)
[100.407s][info][gc,heap        ] GC(250) ParOldGen: 343266K(501760K)->345818K(501760K)
[100.407s][info][gc,metaspace   ] GC(250) Metaspace: 18148K(18368K)->18148K(18368K) NonClass: 15484K(15616K)->15484K(15616K) Class: 2663K(2752K)->2663K(2752K)
[100.407s][info][gc             ] GC(250) Pause Young (Allocation Failure) 518M->416M(707M) 74.350ms
[100.407s][info][gc,cpu         ] GC(250) User=0.14s Sys=0.00s Real=0.07s
[100.523s][info][gc,start       ] GC(251) Pause Young (Allocation Failure)
[100.596s][info][gc,heap        ] GC(251) PSYoungGen: 192624K(222720K)->31136K(222720K) Eden: 111616K(111616K)->0K(111616K) From: 81008K(111104K)->31136K(111104K)
[100.597s][info][gc,heap        ] GC(251) ParOldGen: 345818K(501760K)->396764K(501760K)
[100.597s][info][gc,metaspace   ] GC(251) Metaspace: 18148K(18368K)->18148K(18368K) NonClass: 15485K(15616K)->15485K(15616K) Class: 2663K(2752K)->2663K(2752K)
[100.597s][info][gc             ] GC(251) Pause Young (Allocation Failure) 525M->417M(707M) 73.680ms
[100.597s][info][gc,cpu         ] GC(251) User=0.14s Sys=0.00s Real=0.07s
[100.792s][info][gc,start       ] GC(252) Pause Young (Allocation Failure)
[100.828s][info][gc,heap        ] GC(252) PSYoungGen: 142752K(222720K)->2112K(222720K) Eden: 111616K(111616K)->0K(111616K) From: 31136K(111104K)->2112K(111104K)
[100.828s][info][gc,heap        ] GC(252) ParOldGen: 396764K(501760K)->427216K(501760K)
[100.828s][info][gc,metaspace   ] GC(252) Metaspace: 18148K(18368K)->18148K(18368K) NonClass: 15485K(15616K)->15485K(15616K) Class: 2663K(2752K)->2663K(2752K)
[100.828s][info][gc             ] GC(252) Pause Young (Allocation Failure) 526M->419M(707M) 36.154ms
[100.828s][info][gc,cpu         ] GC(252) User=0.07s Sys=0.00s Real=0.03s
[101.153s][info][gc,start       ] GC(253) Pause Young (Allocation Failure)
[101.158s][info][gc,heap        ] GC(253) PSYoungGen: 113728K(222720K)->160K(222720K) Eden: 111616K(111616K)->0K(111616K) From: 2112K(111104K)->160K(111104K)
[101.158s][info][gc,heap        ] GC(253) ParOldGen: 427216K(501760K)->429296K(501760K)
[101.158s][info][gc,metaspace   ] GC(253) Metaspace: 18148K(18368K)->18148K(18368K) NonClass: 15485K(15616K)->15485K(15616K) Class: 2663K(2752K)->2663K(2752K)
[101.158s][info][gc             ] GC(253) Pause Young (Allocation Failure) 528M->419M(707M) 4.960ms
[101.158s][info][gc,cpu         ] GC(253) User=0.01s Sys=0.00s Real=0.00s
[101.335s][info][gc,start       ] GC(254) Pause Young (Allocation Failure)
[101.388s][info][gc,heap        ] GC(254) PSYoungGen: 111776K(222720K)->44448K(222720K) Eden: 111616K(111616K)->0K(111616K) From: 160K(111104K)->44448K(111104K)
[101.388s][info][gc,heap        ] GC(254) ParOldGen: 429296K(501760K)->429448K(501760K)
[101.388s][info][gc,metaspace   ] GC(254) Metaspace: 18148K(18368K)->18148K(18368K) NonClass: 15485K(15616K)->15485K(15616K) Class: 2663K(2752K)->2663K(2752K)
[101.388s][info][gc             ] GC(254) Pause Young (Allocation Failure) 528M->462M(707M) 53.668ms
[101.388s][info][gc,cpu         ] GC(254) User=0.11s Sys=0.00s Real=0.05s
[101.463s][info][gc,start       ] GC(255) Pause Young (Allocation Failure)
[101.574s][info][gc,heap        ] GC(255) PSYoungGen: 156064K(222720K)->76616K(222720K) Eden: 111616K(111616K)->0K(111616K) From: 44448K(111104K)->76616K(111104K)
[101.574s][info][gc,heap        ] GC(255) ParOldGen: 429448K(501760K)->473984K(501760K)
[101.574s][info][gc,metaspace   ] GC(255) Metaspace: 18148K(18368K)->18148K(18368K) NonClass: 15485K(15616K)->15485K(15616K) Class: 2663K(2752K)->2663K(2752K)
[101.574s][info][gc             ] GC(255) Pause Young (Allocation Failure) 571M->537M(707M) 111.164ms
[101.574s][info][gc,cpu         ] GC(255) User=0.22s Sys=0.00s Real=0.11s
[101.697s][info][gc,start       ] GC(256) Pause Young (Allocation Failure)
[101.826s][info][gc,heap        ] GC(256) PSYoungGen: 188232K(222720K)->39448K(222720K) Eden: 111616K(111616K)->0K(111616K) From: 76616K(111104K)->39448K(111104K)
[101.826s][info][gc,heap        ] GC(256) ParOldGen: 473984K(501760K)->550836K(550912K)
[101.826s][info][gc,metaspace   ] GC(256) Metaspace: 18148K(18368K)->18148K(18368K) NonClass: 15485K(15616K)->15485K(15616K) Class: 2663K(2752K)->2663K(2752K)
[101.826s][info][gc             ] GC(256) Pause Young (Allocation Failure) 646M->576M(755M) 129.709ms
[101.826s][info][gc,cpu         ] GC(256) User=0.22s Sys=0.04s Real=0.13s
[101.929s][info][gc,start       ] GC(257) Pause Young (Allocation Failure)
[101.993s][info][gc,heap        ] GC(257) PSYoungGen: 151064K(222720K)->8148K(222720K) Eden: 111615K(111616K)->0K(111616K) From: 39448K(111104K)->8148K(111104K)
[101.994s][info][gc,heap        ] GC(257) ParOldGen: 550836K(550912K)->590359K(590848K)
[101.994s][info][gc,metaspace   ] GC(257) Metaspace: 18152K(18368K)->18152K(18368K) NonClass: 15489K(15616K)->15489K(15616K) Class: 2663K(2752K)->2663K(2752K)
[101.994s][info][gc             ] GC(257) Pause Young (Allocation Failure) 685M->584M(794M) 64.885ms
[101.994s][info][gc,cpu         ] GC(257) User=0.10s Sys=0.02s Real=0.07s
[102.065s][info][gc,start       ] GC(258) Pause Full (Allocation Failure)
[102.065s][info][gc,phases,start] GC(258) Marking Phase
[102.125s][info][gc,phases      ] GC(258) Marking Phase 60.153ms
[102.125s][info][gc,phases,start] GC(258) Summary Phase
[102.125s][info][gc,phases      ] GC(258) Summary Phase 0.027ms
[102.125s][info][gc,phases,start] GC(258) Forward
[102.144s][info][gc,phases      ] GC(258) Forward 18.181ms
[102.144s][info][gc,phases,start] GC(258) Adjust Pointers
[102.186s][info][gc,phases      ] GC(258) Adjust Pointers 42.128ms
[102.186s][info][gc,phases,start] GC(258) Compaction Phase
[102.210s][info][gc,phases      ] GC(258) Compaction Phase 24.063ms
[102.212s][info][gc,phases,start] GC(258) Post Compact
[102.215s][info][gc,phases      ] GC(258) Post Compact 2.148ms
[102.228s][info][gc,heap        ] GC(258) PSYoungGen: 119764K(222720K)->0K(222720K) Eden: 111616K(111616K)->0K(111616K) From: 8148K(111104K)->0K(111104K)
[102.228s][info][gc,heap        ] GC(258) ParOldGen: 590359K(590848K)->96420K(421888K)
[102.228s][info][gc,metaspace   ] GC(258) Metaspace: 18152K(18368K)->18152K(18368K) NonClass: 15489K(15616K)->15489K(15616K) Class: 2663K(2752K)->2663K(2752K)
[102.228s][info][gc             ] GC(258) Pause Full (Allocation Failure) 693M->94M(629M) 163.259ms
[102.228s][info][gc,cpu         ] GC(258) User=0.27s Sys=0.02s Real=0.16s
[102.319s][info][gc,start       ] GC(259) Pause Young (Allocation Failure)
[102.329s][info][gc,heap        ] GC(259) PSYoungGen: 111616K(222720K)->9680K(222720K) Eden: 111616K(111616K)->0K(111616K) From: 0K(111104K)->9680K(111104K)
[102.329s][info][gc,heap        ] GC(259) ParOldGen: 96420K(421888K)->96420K(421888K)
[102.329s][info][gc,metaspace   ] GC(259) Metaspace: 18152K(18368K)->18152K(18368K) NonClass: 15489K(15616K)->15489K(15616K) Class: 2663K(2752K)->2663K(2752K)
[102.329s][info][gc             ] GC(259) Pause Young (Allocation Failure) 203M->103M(629M) 9.448ms
[102.329s][info][gc,cpu         ] GC(259) User=0.02s Sys=0.00s Real=0.01s
[102.454s][info][gc,start       ] GC(260) Pause Young (Allocation Failure)
[102.481s][info][gc,heap        ] GC(260) PSYoungGen: 121296K(222720K)->19952K(222720K) Eden: 111616K(111616K)->0K(111616K) From: 9680K(111104K)->19952K(111104K)
[102.481s][info][gc,heap        ] GC(260) ParOldGen: 96420K(421888K)->106140K(421888K)
[102.481s][info][gc,metaspace   ] GC(260) Metaspace: 18152K(18368K)->18152K(18368K) NonClass: 15489K(15616K)->15489K(15616K) Class: 2663K(2752K)->2663K(2752K)
[102.481s][info][gc             ] GC(260) Pause Young (Allocation Failure) 212M->123M(629M) 27.324ms
[102.481s][info][gc,cpu         ] GC(260) User=0.05s Sys=0.00s Real=0.03s
[102.590s][info][gc,start       ] GC(261) Pause Young (Allocation Failure)
[102.628s][info][gc,heap        ] GC(261) PSYoungGen: 131568K(222720K)->37024K(222720K) Eden: 111616K(111616K)->0K(111616K) From: 19952K(111104K)->37024K(111104K)
[102.628s][info][gc,heap        ] GC(261) ParOldGen: 106140K(421888K)->126276K(421888K)
[102.628s][info][gc,metaspace   ] GC(261) Metaspace: 18153K(18368K)->18153K(18368K) NonClass: 15490K(15616K)->15490K(15616K) Class: 2663K(2752K)->2663K(2752K)
[102.629s][info][gc             ] GC(261) Pause Young (Allocation Failure) 232M->159M(629M) 38.465ms
[102.629s][info][gc,cpu         ] GC(261) User=0.07s Sys=0.00s Real=0.03s
[102.798s][info][gc,start       ] GC(262) Pause Young (Allocation Failure)
[102.832s][info][gc,heap        ] GC(262) PSYoungGen: 148640K(222720K)->12480K(222720K) Eden: 111616K(111616K)->0K(111616K) From: 37024K(111104K)->12480K(111104K)
[102.832s][info][gc,heap        ] GC(262) ParOldGen: 126276K(421888K)->163716K(421888K)
[102.832s][info][gc,metaspace   ] GC(262) Metaspace: 18158K(18368K)->18158K(18368K) NonClass: 15495K(15616K)->15495K(15616K) Class: 2663K(2752K)->2663K(2752K)
[102.832s][info][gc             ] GC(262) Pause Young (Allocation Failure) 268M->172M(629M) 33.312ms
[102.832s][info][gc,cpu         ] GC(262) User=0.06s Sys=0.00s Real=0.04s
[102.951s][info][gc,start       ] GC(263) Pause Young (Allocation Failure)
[102.977s][info][gc,heap        ] GC(263) PSYoungGen: 124096K(222720K)->8608K(222720K) Eden: 111616K(111616K)->0K(111616K) From: 12480K(111104K)->8608K(111104K)
[102.977s][info][gc,heap        ] GC(263) ParOldGen: 163716K(421888K)->176292K(421888K)
[102.977s][info][gc,metaspace   ] GC(263) Metaspace: 18158K(18368K)->18158K(18368K) NonClass: 15495K(15616K)->15495K(15616K) Class: 2663K(2752K)->2663K(2752K)
[102.977s][info][gc             ] GC(263) Pause Young (Allocation Failure) 281M->180M(629M) 26.596ms
[102.977s][info][gc,cpu         ] GC(263) User=0.06s Sys=0.00s Real=0.02s
[103.072s][info][gc,start       ] GC(264) Pause Young (Allocation Failure)
[103.153s][info][gc,heap        ] GC(264) PSYoungGen: 120224K(222720K)->67041K(222720K) Eden: 111616K(111616K)->0K(111616K) From: 8608K(111104K)->67041K(111104K)
[103.153s][info][gc,heap        ] GC(264) ParOldGen: 176292K(421888K)->184900K(421888K)
[103.153s][info][gc,metaspace   ] GC(264) Metaspace: 18159K(18368K)->18159K(18368K) NonClass: 15496K(15616K)->15496K(15616K) Class: 2663K(2752K)->2663K(2752K)
[103.153s][info][gc             ] GC(264) Pause Young (Allocation Failure) 289M->246M(629M) 81.069ms
[103.153s][info][gc,cpu         ] GC(264) User=0.16s Sys=0.00s Real=0.08s
[103.217s][info][gc,start       ] GC(265) Pause Young (Allocation Failure)
[103.315s][info][gc,heap        ] GC(265) PSYoungGen: 178657K(222720K)->41344K(220672K) Eden: 111616K(111616K)->0K(111616K) From: 67041K(111104K)->41344K(109056K)
[103.316s][info][gc,heap        ] GC(265) ParOldGen: 184900K(421888K)->252201K(421888K)
[103.316s][info][gc,metaspace   ] GC(265) Metaspace: 18159K(18368K)->18159K(18368K) NonClass: 15496K(15616K)->15496K(15616K) Class: 2663K(2752K)->2663K(2752K)
[103.316s][info][gc             ] GC(265) Pause Young (Allocation Failure) 355M->286M(627M) 99.025ms
[103.316s][info][gc,cpu         ] GC(265) User=0.20s Sys=0.00s Real=0.10s
[103.443s][info][gc,start       ] GC(266) Pause Young (Allocation Failure)
[103.496s][info][gc,heap        ] GC(266) PSYoungGen: 152960K(220672K)->72864K(221696K) Eden: 111616K(111616K)->0K(111616K) From: 41344K(109056K)->72864K(110080K)
[103.496s][info][gc,heap        ] GC(266) ParOldGen: 252201K(421888K)->252201K(421888K)
[103.496s][info][gc,metaspace   ] GC(266) Metaspace: 18159K(18368K)->18159K(18368K) NonClass: 15496K(15616K)->15496K(15616K) Class: 2663K(2752K)->2663K(2752K)
[103.496s][info][gc             ] GC(266) Pause Young (Allocation Failure) 395M->317M(628M) 52.302ms
[103.496s][info][gc,cpu         ] GC(266) User=0.10s Sys=0.00s Real=0.05s
[103.569s][info][gc,start       ] GC(267) Pause Young (Allocation Failure)
[103.631s][info][gc,heap        ] GC(267) PSYoungGen: 184480K(221696K)->9664K(222720K) Eden: 111616K(111616K)->0K(111616K) From: 72864K(110080K)->9664K(111104K)
[103.631s][info][gc,heap        ] GC(267) ParOldGen: 252201K(421888K)->325681K(421888K)
[103.631s][info][gc,metaspace   ] GC(267) Metaspace: 18159K(18368K)->18159K(18368K) NonClass: 15496K(15616K)->15496K(15616K) Class: 2663K(2752K)->2663K(2752K)
[103.631s][info][gc             ] GC(267) Pause Young (Allocation Failure) 426M->327M(629M) 62.482ms
[103.631s][info][gc,cpu         ] GC(267) User=0.12s Sys=0.00s Real=0.07s
[103.723s][info][gc,start       ] GC(268) Pause Young (Allocation Failure)
[103.757s][info][gc,heap        ] GC(268) PSYoungGen: 121280K(222720K)->12160K(222720K) Eden: 111616K(111616K)->0K(111616K) From: 9664K(111104K)->12160K(111104K)
[103.757s][info][gc,heap        ] GC(268) ParOldGen: 325681K(421888K)->335313K(421888K)
[103.757s][info][gc,metaspace   ] GC(268) Metaspace: 18159K(18368K)->18159K(18368K) NonClass: 15496K(15616K)->15496K(15616K) Class: 2663K(2752K)->2663K(2752K)
[103.757s][info][gc             ] GC(268) Pause Young (Allocation Failure) 436M->339M(629M) 33.820ms
[103.757s][info][gc,cpu         ] GC(268) User=0.07s Sys=0.00s Real=0.03s
[103.839s][info][gc,start       ] GC(269) Pause Young (Allocation Failure)
[103.879s][info][gc,heap        ] GC(269) PSYoungGen: 123776K(222720K)->29537K(210432K) Eden: 111616K(111616K)->0K(111616K) From: 12160K(111104K)->29537K(98816K)
[103.879s][info][gc,heap        ] GC(269) ParOldGen: 335313K(421888K)->335313K(421888K)
[103.879s][info][gc,metaspace   ] GC(269) Metaspace: 18159K(18368K)->18159K(18368K) NonClass: 15496K(15616K)->15496K(15616K) Class: 2663K(2752K)->2663K(2752K)
[103.879s][info][gc             ] GC(269) Pause Young (Allocation Failure) 448M->356M(617M) 40.590ms
[103.880s][info][gc,cpu         ] GC(269) User=0.08s Sys=0.00s Real=0.04s
[103.976s][info][gc,start       ] GC(270) Pause Young (Allocation Failure)
[104.029s][info][gc,heap        ] GC(270) PSYoungGen: 141153K(210432K)->39585K(216576K) Eden: 111616K(111616K)->0K(111616K) From: 29537K(98816K)->39585K(104960K)
[104.029s][info][gc,heap        ] GC(270) ParOldGen: 335313K(421888K)->335313K(421888K)
[104.029s][info][gc,metaspace   ] GC(270) Metaspace: 18159K(18368K)->18159K(18368K) NonClass: 15496K(15616K)->15496K(15616K) Class: 2663K(2752K)->2663K(2752K)
[104.029s][info][gc             ] GC(270) Pause Young (Allocation Failure) 465M->366M(623M) 53.386ms
[104.029s][info][gc,cpu         ] GC(270) User=0.10s Sys=0.00s Real=0.05s
[104.117s][info][gc,start       ] GC(271) Pause Young (Allocation Failure)
[104.183s][info][gc,heap        ] GC(271) PSYoungGen: 151201K(216576K)->53505K(220672K) Eden: 111616K(111616K)->0K(121344K) From: 39585K(104960K)->53505K(99328K)
[104.183s][info][gc,heap        ] GC(271) ParOldGen: 335313K(421888K)->335313K(421888K)
[104.183s][info][gc,metaspace   ] GC(271) Metaspace: 18164K(18368K)->18164K(18368K) NonClass: 15501K(15616K)->15501K(15616K) Class: 2663K(2752K)->2663K(2752K)
[104.183s][info][gc             ] GC(271) Pause Young (Allocation Failure) 475M->379M(627M) 66.125ms
[104.183s][info][gc,cpu         ] GC(271) User=0.13s Sys=0.00s Real=0.07s
[104.286s][info][gc,start       ] GC(272) Pause Young (Allocation Failure)
[104.362s][info][gc,heap        ] GC(272) PSYoungGen: 174849K(220672K)->64737K(220672K) Eden: 121344K(121344K)->0K(121344K) From: 53505K(99328K)->64737K(99328K)
[104.362s][info][gc,heap        ] GC(272) ParOldGen: 335313K(421888K)->335313K(421888K)
[104.362s][info][gc,metaspace   ] GC(272) Metaspace: 18164K(18368K)->18164K(18368K) NonClass: 15501K(15616K)->15501K(15616K) Class: 2663K(2752K)->2663K(2752K)
[104.362s][info][gc             ] GC(272) Pause Young (Allocation Failure) 498M->390M(627M) 75.687ms
[104.362s][info][gc,cpu         ] GC(272) User=0.15s Sys=0.00s Real=0.08s
[104.443s][info][gc,start       ] GC(273) Pause Young (Allocation Failure)
[104.527s][info][gc,heap        ] GC(273) PSYoungGen: 186081K(220672K)->72961K(219648K) Eden: 121344K(121344K)->0K(116736K) From: 64737K(99328K)->72961K(102912K)
[104.527s][info][gc,heap        ] GC(273) ParOldGen: 335313K(421888K)->335313K(421888K)
[104.527s][info][gc,metaspace   ] GC(273) Metaspace: 18164K(18368K)->18164K(18368K) NonClass: 15501K(15616K)->15501K(15616K) Class: 2663K(2752K)->2663K(2752K)
[104.527s][info][gc             ] GC(273) Pause Young (Allocation Failure) 509M->398M(626M) 83.977ms
[104.527s][info][gc,cpu         ] GC(273) User=0.17s Sys=0.00s Real=0.08s
[104.647s][info][gc,start       ] GC(274) Pause Young (Allocation Failure)
[104.762s][info][gc,heap        ] GC(274) PSYoungGen: 189697K(219648K)->81697K(198656K) Eden: 116736K(116736K)->0K(116736K) From: 72961K(102912K)->81697K(81920K)
[104.762s][info][gc,heap        ] GC(274) ParOldGen: 335313K(421888K)->335313K(421888K)
[104.762s][info][gc,metaspace   ] GC(274) Metaspace: 18169K(18368K)->18169K(18368K) NonClass: 15506K(15616K)->15506K(15616K) Class: 2663K(2752K)->2663K(2752K)
[104.762s][info][gc             ] GC(274) Pause Young (Allocation Failure) 512M->407M(606M) 115.395ms
[104.762s][info][gc,cpu         ] GC(274) User=0.23s Sys=0.00s Real=0.12s
[104.899s][info][gc,start       ] GC(275) Pause Young (Allocation Failure)
[105.001s][info][gc,heap        ] GC(275) PSYoungGen: 198433K(198656K)->60928K(222720K) Eden: 116736K(116736K)->0K(111616K) From: 81697K(81920K)->60928K(111104K)
[105.001s][info][gc,heap        ] GC(275) ParOldGen: 335313K(421888K)->364862K(421888K)
[105.001s][info][gc,metaspace   ] GC(275) Metaspace: 18170K(18368K)->18170K(18368K) NonClass: 15507K(15616K)->15507K(15616K) Class: 2663K(2752K)->2663K(2752K)
[105.001s][info][gc             ] GC(275) Pause Young (Allocation Failure) 521M->415M(629M) 101.946ms
[105.001s][info][gc,cpu         ] GC(275) User=0.20s Sys=0.00s Real=0.11s
[105.196s][info][gc,start       ] GC(276) Pause Young (Allocation Failure)
[105.271s][info][gc,heap        ] GC(276) PSYoungGen: 172544K(222720K)->53184K(164864K) Eden: 111616K(111616K)->0K(111616K) From: 60928K(111104K)->53184K(53248K)
[105.271s][info][gc,heap        ] GC(276) ParOldGen: 364862K(421888K)->388894K(421888K)
[105.271s][info][gc,metaspace   ] GC(276) Metaspace: 18171K(18368K)->18171K(18368K) NonClass: 15508K(15616K)->15508K(15616K) Class: 2663K(2752K)->2663K(2752K)
[105.271s][info][gc             ] GC(276) Pause Young (Allocation Failure) 524M->431M(573M) 74.655ms
[105.271s][info][gc,cpu         ] GC(276) User=0.15s Sys=0.00s Real=0.08s
[105.559s][info][gc,start       ] GC(277) Pause Young (Allocation Failure)
[105.617s][info][gc,heap        ] GC(277) PSYoungGen: 164800K(164864K)->58304K(223232K) Eden: 111616K(111616K)->0K(114176K) From: 53184K(53248K)->58304K(109056K)
[105.617s][info][gc,heap        ] GC(277) ParOldGen: 388894K(421888K)->388894K(421888K)
[105.617s][info][gc,metaspace   ] GC(277) Metaspace: 18179K(18368K)->18179K(18368K) NonClass: 15515K(15616K)->15515K(15616K) Class: 2663K(2752K)->2663K(2752K)
[105.617s][info][gc             ] GC(277) Pause Young (Allocation Failure) 540M->436M(630M) 57.882ms
[105.617s][info][gc,cpu         ] GC(277) User=0.11s Sys=0.00s Real=0.06s
[105.930s][info][gc,start       ] GC(278) Pause Young (Allocation Failure)
[105.986s][info][gc,heap        ] GC(278) PSYoungGen: 172480K(223232K)->58400K(220672K) Eden: 114176K(114176K)->0K(114176K) From: 58304K(109056K)->58400K(106496K)
[105.986s][info][gc,heap        ] GC(278) ParOldGen: 388894K(421888K)->388902K(421888K)
[105.986s][info][gc,metaspace   ] GC(278) Metaspace: 18189K(18368K)->18189K(18368K) NonClass: 15526K(15616K)->15526K(15616K) Class: 2663K(2752K)->2663K(2752K)
[105.986s][info][gc             ] GC(278) Pause Young (Allocation Failure) 548M->436M(627M) 56.796ms
[105.986s][info][gc,cpu         ] GC(278) User=0.12s Sys=0.00s Real=0.06s
[106.283s][info][gc,start       ] GC(279) Pause Young (Allocation Failure)
[106.348s][info][gc,heap        ] GC(279) PSYoungGen: 172576K(220672K)->58400K(224256K) Eden: 114176K(114176K)->0K(120832K) From: 58400K(106496K)->58400K(103424K)
[106.348s][info][gc,heap        ] GC(279) ParOldGen: 388902K(421888K)->388902K(421888K)
[106.348s][info][gc,metaspace   ] GC(279) Metaspace: 18189K(18368K)->18189K(18368K) NonClass: 15526K(15616K)->15526K(15616K) Class: 2663K(2752K)->2663K(2752K)
[106.348s][info][gc             ] GC(279) Pause Young (Allocation Failure) 548M->436M(631M) 65.109ms
[106.348s][info][gc,cpu         ] GC(279) User=0.13s Sys=0.00s Real=0.06s
[106.606s][info][gc,start       ] GC(280) Pause Young (Allocation Failure)
[106.663s][info][gc,heap        ] GC(280) PSYoungGen: 179232K(224256K)->58400K(222208K) Eden: 120832K(120832K)->0K(120832K) From: 58400K(103424K)->58400K(101376K)
[106.663s][info][gc,heap        ] GC(280) ParOldGen: 388902K(421888K)->388902K(421888K)
[106.663s][info][gc,metaspace   ] GC(280) Metaspace: 18190K(18368K)->18190K(18368K) NonClass: 15527K(15616K)->15527K(15616K) Class: 2663K(2752K)->2663K(2752K)
[106.663s][info][gc             ] GC(280) Pause Young (Allocation Failure) 554M->436M(629M) 57.124ms
[106.663s][info][gc,cpu         ] GC(280) User=0.12s Sys=0.00s Real=0.06s
[106.952s][info][gc,start       ] GC(281) Pause Young (Allocation Failure)
[107.023s][info][gc,heap        ] GC(281) PSYoungGen: 179232K(222208K)->58464K(222720K) Eden: 120832K(120832K)->0K(129024K) From: 58400K(101376K)->58464K(93696K)
[107.023s][info][gc,heap        ] GC(281) ParOldGen: 388902K(421888K)->388902K(421888K)
[107.023s][info][gc,metaspace   ] GC(281) Metaspace: 18193K(18368K)->18193K(18368K) NonClass: 15530K(15616K)->15530K(15616K) Class: 2663K(2752K)->2663K(2752K)
[107.023s][info][gc             ] GC(281) Pause Young (Allocation Failure) 554M->436M(629M) 70.769ms
[107.023s][info][gc,cpu         ] GC(281) User=0.14s Sys=0.00s Real=0.07s
[107.228s][info][gc,start       ] GC(282) Pause Young (Allocation Failure)
[107.299s][info][gc,heap        ] GC(282) PSYoungGen: 187488K(222720K)->72166K(225280K) Eden: 129024K(129024K)->0K(129024K) From: 58464K(93696K)->72166K(96256K)
[107.299s][info][gc,heap        ] GC(282) ParOldGen: 388902K(421888K)->388902K(421888K)
[107.299s][info][gc,metaspace   ] GC(282) Metaspace: 18194K(18368K)->18194K(18368K) NonClass: 15531K(15616K)->15531K(15616K) Class: 2663K(2752K)->2663K(2752K)
[107.299s][info][gc             ] GC(282) Pause Young (Allocation Failure) 562M->450M(632M) 71.237ms
[107.299s][info][gc,cpu         ] GC(282) User=0.14s Sys=0.00s Real=0.07s
[107.376s][info][gc,start       ] GC(283) Pause Young (Allocation Failure)
[107.497s][info][gc,heap        ] GC(283) PSYoungGen: 201190K(225280K)->98790K(210432K) Eden: 129024K(129024K)->0K(111616K) From: 72166K(96256K)->98790K(98816K)
[107.497s][info][gc,heap        ] GC(283) ParOldGen: 388902K(421888K)->410870K(421888K)
[107.497s][info][gc,metaspace   ] GC(283) Metaspace: 18194K(18368K)->18194K(18368K) NonClass: 15531K(15616K)->15531K(15616K) Class: 2663K(2752K)->2663K(2752K)
[107.497s][info][gc             ] GC(283) Pause Young (Allocation Failure) 576M->497M(617M) 121.186ms
[107.497s][info][gc,cpu         ] GC(283) User=0.23s Sys=0.01s Real=0.12s
[107.679s][info][gc,start       ] GC(284) Pause Young (Allocation Failure)
[107.790s][info][gc,heap        ] GC(284) PSYoungGen: 210406K(210432K)->92742K(222720K) Eden: 111616K(111616K)->0K(111616K) From: 98790K(98816K)->92742K(111104K)
[107.790s][info][gc,heap        ] GC(284) ParOldGen: 410870K(421888K)->430342K(430592K)
[107.790s][info][gc,metaspace   ] GC(284) Metaspace: 18194K(18368K)->18194K(18368K) NonClass: 15531K(15616K)->15531K(15616K) Class: 2663K(2752K)->2663K(2752K)
[107.790s][info][gc             ] GC(284) Pause Young (Allocation Failure) 606M->510M(638M) 111.029ms
[107.790s][info][gc,cpu         ] GC(284) User=0.21s Sys=0.01s Real=0.12s
[107.926s][info][gc,start       ] GC(285) Pause Young (Allocation Failure)
[108.029s][info][gc,heap        ] GC(285) PSYoungGen: 204358K(222720K)->81654K(222720K) Eden: 111616K(111616K)->0K(111616K) From: 92742K(111104K)->81654K(111104K)
[108.029s][info][gc,heap        ] GC(285) ParOldGen: 430342K(430592K)->447868K(448000K)
[108.029s][info][gc,metaspace   ] GC(285) Metaspace: 18195K(18368K)->18195K(18368K) NonClass: 15531K(15616K)->15531K(15616K) Class: 2663K(2752K)->2663K(2752K)
[108.029s][info][gc             ] GC(285) Pause Young (Allocation Failure) 619M->517M(655M) 102.482ms
[108.029s][info][gc,cpu         ] GC(285) User=0.18s Sys=0.01s Real=0.10s
[108.187s][info][gc,start       ] GC(286) Pause Young (Allocation Failure)
[108.311s][info][gc,heap        ] GC(286) PSYoungGen: 193270K(222720K)->82755K(222720K) Eden: 111616K(111616K)->0K(111616K) From: 81654K(111104K)->82755K(111104K)
[108.311s][info][gc,heap        ] GC(286) ParOldGen: 447868K(448000K)->469289K(469504K)
[108.311s][info][gc,metaspace   ] GC(286) Metaspace: 18199K(18368K)->18199K(18368K) NonClass: 15536K(15616K)->15536K(15616K) Class: 2663K(2752K)->2663K(2752K)
[108.311s][info][gc             ] GC(286) Pause Young (Allocation Failure) 626M->539M(676M) 123.717ms
[108.311s][info][gc,cpu         ] GC(286) User=0.23s Sys=0.01s Real=0.13s
[108.403s][info][gc,start       ] GC(287) Pause Young (Allocation Failure)
[108.506s][info][gc,heap        ] GC(287) PSYoungGen: 194371K(222720K)->103539K(222720K) Eden: 111616K(111616K)->0K(111616K) From: 82755K(111104K)->103539K(111104K)
[108.506s][info][gc,heap        ] GC(287) ParOldGen: 469289K(469504K)->469401K(469504K)
[108.506s][info][gc,metaspace   ] GC(287) Metaspace: 18199K(18368K)->18199K(18368K) NonClass: 15536K(15616K)->15536K(15616K) Class: 2663K(2752K)->2663K(2752K)
[108.506s][info][gc             ] GC(287) Pause Young (Allocation Failure) 648M->559M(676M) 102.882ms
[108.506s][info][gc,cpu         ] GC(287) User=0.20s Sys=0.00s Real=0.10s
[108.576s][info][gc,start       ] GC(288) Pause Young (Allocation Failure)
[108.723s][info][gc,heap        ] GC(288) PSYoungGen: 215155K(222720K)->111088K(222720K) Eden: 111616K(111616K)->0K(111616K) From: 103539K(111104K)->111088K(111104K)
[108.723s][info][gc,heap        ] GC(288) ParOldGen: 469401K(469504K)->497149K(497152K)
[108.723s][info][gc,metaspace   ] GC(288) Metaspace: 18199K(18368K)->18199K(18368K) NonClass: 15536K(15616K)->15536K(15616K) Class: 2663K(2752K)->2663K(2752K)
[108.723s][info][gc             ] GC(288) Pause Young (Allocation Failure) 668M->593M(703M) 147.514ms
[108.723s][info][gc,cpu         ] GC(288) User=0.27s Sys=0.02s Real=0.15s
[108.815s][info][gc,start       ] GC(289) Pause Young (Allocation Failure)
[108.962s][info][gc,heap        ] GC(289) PSYoungGen: 222704K(222720K)->89174K(222720K) Eden: 111616K(111616K)->0K(111616K) From: 111088K(111104K)->89174K(111104K)
[108.962s][info][gc,heap        ] GC(289) ParOldGen: 497149K(497152K)->535630K(536064K)
[108.962s][info][gc,metaspace   ] GC(289) Metaspace: 18199K(18368K)->18199K(18368K) NonClass: 15536K(15616K)->15536K(15616K) Class: 2663K(2752K)->2663K(2752K)
[108.962s][info][gc             ] GC(289) Pause Young (Allocation Failure) 702M->610M(741M) 147.198ms
[108.962s][info][gc,cpu         ] GC(289) User=0.26s Sys=0.03s Real=0.15s
[109.012s][info][gc,start       ] GC(290) Pause Young (Allocation Failure)
[109.113s][info][gc,heap        ] GC(290) PSYoungGen: 200790K(222720K)->72476K(222720K) Eden: 111616K(111616K)->0K(111616K) From: 89174K(111104K)->72476K(111104K)
[109.113s][info][gc,heap        ] GC(290) ParOldGen: 535630K(536064K)->553154K(553472K)
[109.113s][info][gc,metaspace   ] GC(290) Metaspace: 18199K(18368K)->18199K(18368K) NonClass: 15536K(15616K)->15536K(15616K) Class: 2663K(2752K)->2663K(2752K)
[109.113s][info][gc             ] GC(290) Pause Young (Allocation Failure) 719M->610M(758M) 100.941ms
[109.113s][info][gc,cpu         ] GC(290) User=0.19s Sys=0.01s Real=0.10s
[109.177s][info][gc,start       ] GC(291) Pause Young (Allocation Failure)
[109.265s][info][gc,heap        ] GC(291) PSYoungGen: 184092K(222720K)->42720K(222720K) Eden: 111616K(111616K)->0K(111616K) From: 72476K(111104K)->42720K(111104K)
[109.265s][info][gc,heap        ] GC(291) ParOldGen: 553154K(553472K)->583982K(584192K)
[109.265s][info][gc,metaspace   ] GC(291) Metaspace: 18199K(18368K)->18199K(18368K) NonClass: 15536K(15616K)->15536K(15616K) Class: 2663K(2752K)->2663K(2752K)
[109.265s][info][gc             ] GC(291) Pause Young (Allocation Failure) 719M->612M(788M) 88.787ms
[109.265s][info][gc,cpu         ] GC(291) User=0.16s Sys=0.02s Real=0.09s
[109.366s][info][gc,start       ] GC(292) Pause Young (Allocation Failure)
[109.439s][info][gc,heap        ] GC(292) PSYoungGen: 154336K(222720K)->8800K(222720K) Eden: 111616K(111616K)->0K(111616K) From: 42720K(111104K)->8800K(111104K)
[109.439s][info][gc,heap        ] GC(292) ParOldGen: 583982K(584192K)->625286K(625664K)
[109.439s][info][gc,metaspace   ] GC(292) Metaspace: 18199K(18368K)->18199K(18368K) NonClass: 15536K(15616K)->15536K(15616K) Class: 2663K(2752K)->2663K(2752K)
[109.439s][info][gc             ] GC(292) Pause Young (Allocation Failure) 721M->619M(828M) 73.301ms
[109.439s][info][gc,cpu         ] GC(292) User=0.11s Sys=0.03s Real=0.07s
[109.527s][info][gc,start       ] GC(293) Pause Full (Allocation Failure)
[109.527s][info][gc,phases,start] GC(293) Marking Phase
[109.787s][info][gc,phases      ] GC(293) Marking Phase 260.291ms
[109.787s][info][gc,phases,start] GC(293) Summary Phase
[109.787s][info][gc,phases      ] GC(293) Summary Phase 0.029ms
[109.787s][info][gc,phases,start] GC(293) Forward
[109.879s][info][gc,phases      ] GC(293) Forward 91.705ms
[109.879s][info][gc,phases,start] GC(293) Adjust Pointers
[110.090s][info][gc,phases      ] GC(293) Adjust Pointers 210.389ms
[110.090s][info][gc,phases,start] GC(293) Compaction Phase
[110.210s][info][gc,phases      ] GC(293) Compaction Phase 120.845ms
[110.219s][info][gc,phases,start] GC(293) Post Compact
[110.221s][info][gc,phases      ] GC(293) Post Compact 2.210ms
[110.221s][info][gc,heap        ] GC(293) PSYoungGen: 120416K(222720K)->0K(222720K) Eden: 111616K(111616K)->0K(111616K) From: 8800K(111104K)->0K(111104K)
[110.221s][info][gc,heap        ] GC(293) ParOldGen: 625286K(625664K)->372311K(667648K)
[110.221s][info][gc,metaspace   ] GC(293) Metaspace: 18199K(18368K)->18199K(18368K) NonClass: 15536K(15616K)->15536K(15616K) Class: 2663K(2752K)->2663K(2752K)
[110.221s][info][gc             ] GC(293) Pause Full (Allocation Failure) 728M->363M(869M) 694.413ms
[110.221s][info][gc,cpu         ] GC(293) User=1.31s Sys=0.01s Real=0.70s
[110.317s][info][gc,start       ] GC(294) Pause Young (Allocation Failure)
[110.326s][info][gc,heap        ] GC(294) PSYoungGen: 111616K(222720K)->6080K(222720K) Eden: 111616K(111616K)->0K(111616K) From: 0K(111104K)->6080K(111104K)
[110.326s][info][gc,heap        ] GC(294) ParOldGen: 372311K(667648K)->372311K(667648K)
[110.326s][info][gc,metaspace   ] GC(294) Metaspace: 18214K(18432K)->18214K(18432K) NonClass: 15551K(15680K)->15551K(15680K) Class: 2663K(2752K)->2663K(2752K)
[110.326s][info][gc             ] GC(294) Pause Young (Allocation Failure) 472M->369M(869M) 8.635ms
[110.326s][info][gc,cpu         ] GC(294) User=0.02s Sys=0.00s Real=0.01s
[110.426s][info][gc,start       ] GC(295) Pause Young (Allocation Failure)
[110.445s][info][gc,heap        ] GC(295) PSYoungGen: 117696K(222720K)->9952K(222720K) Eden: 111616K(111616K)->0K(111616K) From: 6080K(111104K)->9952K(111104K)
[110.445s][info][gc,heap        ] GC(295) ParOldGen: 372311K(667648K)->378367K(667648K)
[110.445s][info][gc,metaspace   ] GC(295) Metaspace: 18217K(18432K)->18217K(18432K) NonClass: 15554K(15680K)->15554K(15680K) Class: 2663K(2752K)->2663K(2752K)
[110.445s][info][gc             ] GC(295) Pause Young (Allocation Failure) 478M->379M(869M) 19.026ms
[110.445s][info][gc,cpu         ] GC(295) User=0.03s Sys=0.00s Real=0.02s
[110.533s][info][gc,start       ] GC(296) Pause Young (Allocation Failure)
[110.564s][info][gc,heap        ] GC(296) PSYoungGen: 121568K(222720K)->18656K(222720K) Eden: 111616K(111616K)->0K(111616K) From: 9952K(111104K)->18656K(111104K)
[110.564s][info][gc,heap        ] GC(296) ParOldGen: 378367K(667648K)->388325K(667648K)
[110.564s][info][gc,metaspace   ] GC(296) Metaspace: 18222K(18432K)->18222K(18432K) NonClass: 15559K(15680K)->15559K(15680K) Class: 2663K(2752K)->2663K(2752K)
[110.564s][info][gc             ] GC(296) Pause Young (Allocation Failure) 488M->397M(869M) 31.071ms
[110.564s][info][gc,cpu         ] GC(296) User=0.06s Sys=0.00s Real=0.03s
[110.904s][info][gc,start       ] GC(297) Pause Young (Allocation Failure)
[110.927s][info][gc,heap        ] GC(297) PSYoungGen: 130272K(222720K)->3264K(222720K) Eden: 111616K(111616K)->0K(111616K) From: 18656K(111104K)->3264K(111104K)
[110.927s][info][gc,heap        ] GC(297) ParOldGen: 388325K(667648K)->406965K(667648K)
[110.927s][info][gc,metaspace   ] GC(297) Metaspace: 18225K(18432K)->18225K(18432K) NonClass: 15562K(15680K)->15562K(15680K) Class: 2663K(2752K)->2663K(2752K)
[110.927s][info][gc             ] GC(297) Pause Young (Allocation Failure) 506M->400M(869M) 23.879ms
[110.927s][info][gc,cpu         ] GC(297) User=0.05s Sys=0.00s Real=0.02s
[111.139s][info][gc,start       ] GC(298) Pause Young (Allocation Failure)
[111.151s][info][gc,heap        ] GC(298) PSYoungGen: 114880K(222720K)->3360K(222720K) Eden: 111616K(111616K)->0K(111616K) From: 3264K(111104K)->3360K(111104K)
[111.151s][info][gc,heap        ] GC(298) ParOldGen: 406965K(667648K)->410226K(667648K)
[111.151s][info][gc,metaspace   ] GC(298) Metaspace: 18225K(18432K)->18225K(18432K) NonClass: 15562K(15680K)->15562K(15680K) Class: 2663K(2752K)->2663K(2752K)
[111.151s][info][gc             ] GC(298) Pause Young (Allocation Failure) 509M->403M(869M) 11.783ms
[111.151s][info][gc,cpu         ] GC(298) User=0.02s Sys=0.00s Real=0.02s
[111.307s][info][gc,start       ] GC(299) Pause Young (Allocation Failure)
[111.325s][info][gc,heap        ] GC(299) PSYoungGen: 114976K(222720K)->15712K(222720K) Eden: 111616K(111616K)->0K(111616K) From: 3360K(111104K)->15712K(111104K)
[111.325s][info][gc,heap        ] GC(299) ParOldGen: 410226K(667648K)->413570K(667648K)
[111.325s][info][gc,metaspace   ] GC(299) Metaspace: 18226K(18432K)->18226K(18432K) NonClass: 15563K(15680K)->15563K(15680K) Class: 2663K(2752K)->2663K(2752K)
[111.325s][info][gc             ] GC(299) Pause Young (Allocation Failure) 512M->419M(869M) 18.329ms
[111.325s][info][gc,cpu         ] GC(299) User=0.04s Sys=0.00s Real=0.02s
[111.489s][info][gc,start       ] GC(300) Pause Young (Allocation Failure)
[111.508s][info][gc,heap        ] GC(300) PSYoungGen: 127328K(222720K)->4160K(222720K) Eden: 111616K(111616K)->0K(111616K) From: 15712K(111104K)->4160K(111104K)
[111.508s][info][gc,heap        ] GC(300) ParOldGen: 413570K(667648K)->429322K(667648K)
[111.508s][info][gc,metaspace   ] GC(300) Metaspace: 18227K(18432K)->18227K(18432K) NonClass: 15563K(15680K)->15563K(15680K) Class: 2663K(2752K)->2663K(2752K)
[111.508s][info][gc             ] GC(300) Pause Young (Allocation Failure) 528M->423M(869M) 19.225ms
[111.508s][info][gc,cpu         ] GC(300) User=0.04s Sys=0.00s Real=0.02s
[111.574s][info][gc,start       ] GC(301) Pause Young (Allocation Failure)
[111.607s][info][gc,heap        ] GC(301) PSYoungGen: 115776K(222720K)->39584K(222720K) Eden: 111616K(111616K)->0K(111616K) From: 4160K(111104K)->39584K(111104K)
[111.607s][info][gc,heap        ] GC(301) ParOldGen: 429322K(667648K)->433474K(667648K)
[111.607s][info][gc,metaspace   ] GC(301) Metaspace: 18227K(18432K)->18227K(18432K) NonClass: 15563K(15680K)->15563K(15680K) Class: 2663K(2752K)->2663K(2752K)
[111.607s][info][gc             ] GC(301) Pause Young (Allocation Failure) 532M->461M(869M) 33.160ms
[111.607s][info][gc,cpu         ] GC(301) User=0.06s Sys=0.00s Real=0.03s
[111.767s][info][gc,start       ] GC(302) Pause Young (Allocation Failure)
[111.814s][info][gc,heap        ] GC(302) PSYoungGen: 151200K(222720K)->33088K(222720K) Eden: 111616K(111616K)->0K(111616K) From: 39584K(111104K)->33088K(111104K)
[111.814s][info][gc,heap        ] GC(302) ParOldGen: 433474K(667648K)->473554K(667648K)
[111.814s][info][gc,metaspace   ] GC(302) Metaspace: 18227K(18432K)->18227K(18432K) NonClass: 15563K(15680K)->15563K(15680K) Class: 2663K(2752K)->2663K(2752K)
[111.814s][info][gc             ] GC(302) Pause Young (Allocation Failure) 570M->494M(869M) 47.066ms
[111.814s][info][gc,cpu         ] GC(302) User=0.10s Sys=0.00s Real=0.05s
[111.949s][info][gc,start       ] GC(303) Pause Young (Allocation Failure)
[111.977s][info][gc,heap        ] GC(303) PSYoungGen: 144704K(222720K)->3008K(222720K) Eden: 111616K(111616K)->0K(111616K) From: 33088K(111104K)->3008K(111104K)
[111.977s][info][gc,heap        ] GC(303) ParOldGen: 473554K(667648K)->506982K(667648K)
[111.977s][info][gc,metaspace   ] GC(303) Metaspace: 18227K(18432K)->18227K(18432K) NonClass: 15563K(15680K)->15563K(15680K) Class: 2663K(2752K)->2663K(2752K)
[111.977s][info][gc             ] GC(303) Pause Young (Allocation Failure) 603M->498M(869M) 27.883ms
[111.977s][info][gc,cpu         ] GC(303) User=0.06s Sys=0.00s Real=0.03s
[112.155s][info][gc,start       ] GC(304) Pause Young (Allocation Failure)
[112.205s][info][gc,heap        ] GC(304) PSYoungGen: 114624K(222720K)->28936K(140800K) Eden: 111616K(111616K)->0K(111616K) From: 3008K(111104K)->28936K(29184K)
[112.205s][info][gc,heap        ] GC(304) ParOldGen: 506982K(667648K)->509974K(667648K)
[112.205s][info][gc,metaspace   ] GC(304) Metaspace: 18227K(18432K)->18227K(18432K) NonClass: 15563K(15680K)->15563K(15680K) Class: 2663K(2752K)->2663K(2752K)
[112.205s][info][gc             ] GC(304) Pause Young (Allocation Failure) 607M->526M(789M) 49.413ms
[112.205s][info][gc,cpu         ] GC(304) User=0.10s Sys=0.00s Real=0.05s
[112.338s][info][gc,start       ] GC(305) Pause Young (Allocation Failure)
[112.395s][info][gc,heap        ] GC(305) PSYoungGen: 140552K(140800K)->45439K(223232K) Eden: 111616K(111616K)->0K(114688K) From: 28936K(29184K)->45439K(108544K)
[112.395s][info][gc,heap        ] GC(305) ParOldGen: 509974K(667648K)->509974K(667648K)
[112.395s][info][gc,metaspace   ] GC(305) Metaspace: 18227K(18432K)->18227K(18432K) NonClass: 15563K(15680K)->15563K(15680K) Class: 2663K(2752K)->2663K(2752K)
[112.395s][info][gc             ] GC(305) Pause Young (Allocation Failure) 635M->542M(870M) 56.876ms
[112.395s][info][gc,cpu         ] GC(305) User=0.12s Sys=0.00s Real=0.06s
[112.514s][info][gc,start       ] GC(306) Pause Young (Allocation Failure)
[112.583s][info][gc,heap        ] GC(306) PSYoungGen: 160127K(223232K)->56872K(220160K) Eden: 114688K(114688K)->0K(114688K) From: 45439K(108544K)->56872K(105472K)
[112.583s][info][gc,heap        ] GC(306) ParOldGen: 509974K(667648K)->509974K(667648K)
[112.583s][info][gc,metaspace   ] GC(306) Metaspace: 18227K(18432K)->18227K(18432K) NonClass: 15564K(15680K)->15564K(15680K) Class: 2663K(2752K)->2663K(2752K)
[112.583s][info][gc             ] GC(306) Pause Young (Allocation Failure) 654M->553M(867M) 68.512ms
[112.583s][info][gc,cpu         ] GC(306) User=0.14s Sys=0.00s Real=0.07s
[112.691s][info][gc,start       ] GC(307) Pause Young (Allocation Failure)
[112.760s][info][gc,heap        ] GC(307) PSYoungGen: 171560K(220160K)->57503K(225792K) Eden: 114688K(114688K)->0K(118784K) From: 56872K(105472K)->57503K(107008K)
[112.760s][info][gc,heap        ] GC(307) ParOldGen: 509974K(667648K)->509974K(667648K)
[112.760s][info][gc,metaspace   ] GC(307) Metaspace: 18227K(18432K)->18227K(18432K) NonClass: 15564K(15680K)->15564K(15680K) Class: 2663K(2752K)->2663K(2752K)
[112.760s][info][gc             ] GC(307) Pause Young (Allocation Failure) 665M->554M(872M) 69.400ms
[112.760s][info][gc,cpu         ] GC(307) User=0.14s Sys=0.00s Real=0.07s
[112.910s][info][gc,start       ] GC(308) Pause Young (Allocation Failure)
[112.991s][info][gc,heap        ] GC(308) PSYoungGen: 176287K(225792K)->61544K(180736K) Eden: 118784K(118784K)->0K(118784K) From: 57503K(107008K)->61544K(61952K)
[112.991s][info][gc,heap        ] GC(308) ParOldGen: 509974K(667648K)->509974K(667648K)
[112.991s][info][gc,metaspace   ] GC(308) Metaspace: 18227K(18432K)->18227K(18432K) NonClass: 15564K(15680K)->15564K(15680K) Class: 2663K(2752K)->2663K(2752K)
[112.991s][info][gc             ] GC(308) Pause Young (Allocation Failure) 670M->558M(828M) 81.181ms
[112.991s][info][gc,cpu         ] GC(308) User=0.16s Sys=0.00s Real=0.09s
[113.150s][info][gc,start       ] GC(309) Pause Young (Allocation Failure)
[113.231s][info][gc,heap        ] GC(309) PSYoungGen: 180328K(180736K)->69832K(220672K) Eden: 118784K(118784K)->0K(111616K) From: 61544K(61952K)->69832K(109056K)
[113.231s][info][gc,heap        ] GC(309) ParOldGen: 509974K(667648K)->509974K(667648K)
[113.231s][info][gc,metaspace   ] GC(309) Metaspace: 18227K(18432K)->18227K(18432K) NonClass: 15564K(15680K)->15564K(15680K) Class: 2663K(2752K)->2663K(2752K)
[113.231s][info][gc             ] GC(309) Pause Young (Allocation Failure) 674M->566M(867M) 80.863ms
[113.231s][info][gc,cpu         ] GC(309) User=0.16s Sys=0.00s Real=0.08s
[113.384s][info][gc,start       ] GC(310) Pause Young (Allocation Failure)
[113.483s][info][gc,heap        ] GC(310) PSYoungGen: 181448K(220672K)->45858K(157696K) Eden: 111616K(111616K)->0K(111616K) From: 69832K(109056K)->45858K(46080K)
[113.483s][info][gc,heap        ] GC(310) ParOldGen: 509974K(667648K)->555501K(667648K)
[113.483s][info][gc,metaspace   ] GC(310) Metaspace: 18227K(18432K)->18227K(18432K) NonClass: 15564K(15680K)->15564K(15680K) Class: 2663K(2752K)->2663K(2752K)
[113.483s][info][gc             ] GC(310) Pause Young (Allocation Failure) 675M->587M(806M) 99.239ms
[113.483s][info][gc,cpu         ] GC(310) User=0.20s Sys=0.00s Real=0.10s
[113.527s][info][gc,start       ] GC(311) Pause Young (Allocation Failure)
[113.600s][info][gc,heap        ] GC(311) PSYoungGen: 157474K(157696K)->86898K(216576K) Eden: 111616K(111616K)->0K(109568K) From: 45858K(46080K)->86898K(107008K)
[113.600s][info][gc,heap        ] GC(311) ParOldGen: 555501K(667648K)->555501K(667648K)
[113.600s][info][gc,metaspace   ] GC(311) Metaspace: 18227K(18432K)->18227K(18432K) NonClass: 15564K(15680K)->15564K(15680K) Class: 2663K(2752K)->2663K(2752K)
[113.600s][info][gc             ] GC(311) Pause Young (Allocation Failure) 696M->627M(863M) 73.173ms
[113.600s][info][gc,cpu         ] GC(311) User=0.15s Sys=0.00s Real=0.07s
[113.730s][info][gc,start       ] GC(312) Pause Young (Allocation Failure)
[113.824s][info][gc,heap        ] GC(312) PSYoungGen: 196466K(216576K)->108082K(220672K) Eden: 109568K(109568K)->0K(109568K) From: 86898K(107008K)->108082K(111104K)
[113.825s][info][gc,heap        ] GC(312) ParOldGen: 555501K(667648K)->567581K(667648K)
[113.825s][info][gc,metaspace   ] GC(312) Metaspace: 18227K(18432K)->18227K(18432K) NonClass: 15564K(15680K)->15564K(15680K) Class: 2663K(2752K)->2663K(2752K)
[113.825s][info][gc             ] GC(312) Pause Young (Allocation Failure) 734M->659M(867M) 94.336ms
[113.825s][info][gc,cpu         ] GC(312) User=0.18s Sys=0.00s Real=0.09s
[114.024s][info][gc,start       ] GC(313) Pause Young (Allocation Failure)
[114.107s][info][gc,heap        ] GC(313) PSYoungGen: 217650K(220672K)->99282K(222720K) Eden: 109568K(109568K)->0K(111616K) From: 108082K(111104K)->99282K(111104K)
[114.107s][info][gc,heap        ] GC(313) ParOldGen: 567581K(667648K)->579941K(667648K)
[114.107s][info][gc,metaspace   ] GC(313) Metaspace: 18227K(18432K)->18227K(18432K) NonClass: 15564K(15680K)->15564K(15680K) Class: 2663K(2752K)->2663K(2752K)
[114.107s][info][gc             ] GC(313) Pause Young (Allocation Failure) 766M->663M(869M) 83.321ms
[114.107s][info][gc,cpu         ] GC(313) User=0.17s Sys=0.00s Real=0.08s
[114.276s][info][gc,start       ] GC(314) Pause Young (Allocation Failure)
[114.399s][info][gc,heap        ] GC(314) PSYoungGen: 210898K(222720K)->68960K(222720K) Eden: 111616K(111616K)->0K(111616K) From: 99282K(111104K)->68960K(111104K)
[114.399s][info][gc,heap        ] GC(314) ParOldGen: 579941K(667648K)->643011K(667648K)
[114.399s][info][gc,metaspace   ] GC(314) Metaspace: 18227K(18432K)->18227K(18432K) NonClass: 15564K(15680K)->15564K(15680K) Class: 2663K(2752K)->2663K(2752K)
[114.399s][info][gc             ] GC(314) Pause Young (Allocation Failure) 772M->695M(869M) 123.252ms
[114.399s][info][gc,cpu         ] GC(314) User=0.23s Sys=0.01s Real=0.12s
[114.559s][info][gc,start       ] GC(315) Pause Full (Allocation Failure)
[114.559s][info][gc,phases,start] GC(315) Marking Phase
[114.927s][info][gc,phases      ] GC(315) Marking Phase 368.750ms
[114.928s][info][gc,phases,start] GC(315) Summary Phase
[114.928s][info][gc,phases      ] GC(315) Summary Phase 0.030ms
[114.928s][info][gc,phases,start] GC(315) Forward
[115.066s][info][gc,phases      ] GC(315) Forward 138.215ms
[115.066s][info][gc,phases,start] GC(315) Adjust Pointers
[115.352s][info][gc,phases      ] GC(315) Adjust Pointers 286.596ms
[115.353s][info][gc,phases,start] GC(315) Compaction Phase
[115.530s][info][gc,phases      ] GC(315) Compaction Phase 177.052ms
[115.540s][info][gc,phases,start] GC(315) Post Compact
[115.543s][info][gc,phases      ] GC(315) Post Compact 2.412ms
[115.543s][info][gc,heap        ] GC(315) PSYoungGen: 180576K(222720K)->0K(222720K) Eden: 111616K(111616K)->0K(111616K) From: 68960K(111104K)->0K(111104K)
[115.543s][info][gc,heap        ] GC(315) ParOldGen: 643011K(667648K)->515856K(667648K)
[115.543s][info][gc,metaspace   ] GC(315) Metaspace: 18229K(18432K)->18229K(18432K) NonClass: 15566K(15680K)->15566K(15680K) Class: 2663K(2752K)->2663K(2752K)
[115.543s][info][gc             ] GC(315) Pause Full (Allocation Failure) 804M->503M(869M) 984.125ms
[115.543s][info][gc,cpu         ] GC(315) User=1.87s Sys=0.00s Real=0.99s
[115.655s][info][gc,start       ] GC(316) Pause Young (Allocation Failure)
[115.663s][info][gc,heap        ] GC(316) PSYoungGen: 111616K(222720K)->4000K(222720K) Eden: 111616K(111616K)->0K(111616K) From: 0K(111104K)->4000K(111104K)
[115.663s][info][gc,heap        ] GC(316) ParOldGen: 515856K(667648K)->515856K(667648K)
[115.663s][info][gc,metaspace   ] GC(316) Metaspace: 18229K(18432K)->18229K(18432K) NonClass: 15566K(15680K)->15566K(15680K) Class: 2663K(2752K)->2663K(2752K)
[115.663s][info][gc             ] GC(316) Pause Young (Allocation Failure) 612M->507M(869M) 8.024ms
[115.663s][info][gc,cpu         ] GC(316) User=0.02s Sys=0.00s Real=0.01s
[115.790s][info][gc,start       ] GC(317) Pause Young (Allocation Failure)
[115.800s][info][gc,heap        ] GC(317) PSYoungGen: 115616K(222720K)->608K(222720K) Eden: 111616K(111616K)->0K(111616K) From: 4000K(111104K)->608K(111104K)
[115.801s][info][gc,heap        ] GC(317) ParOldGen: 515856K(667648K)->519824K(667648K)
[115.801s][info][gc,metaspace   ] GC(317) Metaspace: 18229K(18432K)->18229K(18432K) NonClass: 15566K(15680K)->15566K(15680K) Class: 2663K(2752K)->2663K(2752K)
[115.801s][info][gc             ] GC(317) Pause Young (Allocation Failure) 616M->508M(869M) 10.606ms
[115.801s][info][gc,cpu         ] GC(317) User=0.02s Sys=0.00s Real=0.01s
[115.928s][info][gc,start       ] GC(318) Pause Young (Allocation Failure)
[115.940s][info][gc,heap        ] GC(318) PSYoungGen: 112224K(222720K)->4064K(222720K) Eden: 111616K(111616K)->0K(111616K) From: 608K(111104K)->4064K(111104K)
[115.940s][info][gc,heap        ] GC(318) ParOldGen: 519824K(667648K)->520408K(667648K)
[115.940s][info][gc,metaspace   ] GC(318) Metaspace: 18230K(18432K)->18230K(18432K) NonClass: 15567K(15680K)->15567K(15680K) Class: 2663K(2752K)->2663K(2752K)
[115.940s][info][gc             ] GC(318) Pause Young (Allocation Failure) 617M->512M(869M) 11.211ms
[115.940s][info][gc,cpu         ] GC(318) User=0.02s Sys=0.00s Real=0.01s
[116.089s][info][gc,start       ] GC(319) Pause Young (Allocation Failure)
[116.105s][info][gc,heap        ] GC(319) PSYoungGen: 115680K(222720K)->9152K(222720K) Eden: 111616K(111616K)->0K(111616K) From: 4064K(111104K)->9152K(111104K)
[116.105s][info][gc,heap        ] GC(319) ParOldGen: 520408K(667648K)->524440K(667648K)
[116.105s][info][gc,metaspace   ] GC(319) Metaspace: 18230K(18432K)->18230K(18432K) NonClass: 15567K(15680K)->15567K(15680K) Class: 2663K(2752K)->2663K(2752K)
[116.105s][info][gc             ] GC(319) Pause Young (Allocation Failure) 621M->521M(869M) 15.514ms
[116.105s][info][gc,cpu         ] GC(319) User=0.03s Sys=0.00s Real=0.02s
[116.281s][info][gc,start       ] GC(320) Pause Young (Allocation Failure)
[116.307s][info][gc,heap        ] GC(320) PSYoungGen: 120768K(222720K)->15472K(222720K) Eden: 111616K(111616K)->0K(111616K) From: 9152K(111104K)->15472K(111104K)
[116.307s][info][gc,heap        ] GC(320) ParOldGen: 524440K(667648K)->533592K(667648K)
[116.307s][info][gc,metaspace   ] GC(320) Metaspace: 18230K(18432K)->18230K(18432K) NonClass: 15567K(15680K)->15567K(15680K) Class: 2663K(2752K)->2663K(2752K)
[116.307s][info][gc             ] GC(320) Pause Young (Allocation Failure) 630M->536M(869M) 26.455ms
[116.307s][info][gc,cpu         ] GC(320) User=0.05s Sys=0.00s Real=0.02s
[116.625s][info][gc,start       ] GC(321) Pause Young (Allocation Failure)
[116.645s][info][gc,heap        ] GC(321) PSYoungGen: 127088K(222720K)->2144K(222720K) Eden: 111616K(111616K)->0K(111616K) From: 15472K(111104K)->2144K(111104K)
[116.645s][info][gc,heap        ] GC(321) ParOldGen: 533592K(667648K)->549057K(667648K)
[116.645s][info][gc,metaspace   ] GC(321) Metaspace: 18231K(18432K)->18231K(18432K) NonClass: 15568K(15680K)->15568K(15680K) Class: 2663K(2752K)->2663K(2752K)
[116.645s][info][gc             ] GC(321) Pause Young (Allocation Failure) 645M->538M(869M) 20.700ms
[116.645s][info][gc,cpu         ] GC(321) User=0.05s Sys=0.00s Real=0.02s
[116.913s][info][gc,start       ] GC(322) Pause Young (Allocation Failure)
[116.917s][info][gc,heap        ] GC(322) PSYoungGen: 113760K(222720K)->64K(222720K) Eden: 111616K(111616K)->0K(111616K) From: 2144K(111104K)->64K(111104K)
[116.917s][info][gc,heap        ] GC(322) ParOldGen: 549057K(667648K)->551185K(667648K)
[116.917s][info][gc,metaspace   ] GC(322) Metaspace: 18231K(18432K)->18231K(18432K) NonClass: 15568K(15680K)->15568K(15680K) Class: 2663K(2752K)->2663K(2752K)
[116.917s][info][gc             ] GC(322) Pause Young (Allocation Failure) 647M->538M(869M) 4.105ms
[116.917s][info][gc,cpu         ] GC(322) User=0.00s Sys=0.00s Real=0.00s
[117.210s][info][gc,start       ] GC(323) Pause Young (Allocation Failure)
[117.212s][info][gc,heap        ] GC(323) PSYoungGen: 111680K(222720K)->64K(222720K) Eden: 111616K(111616K)->0K(111616K) From: 64K(111104K)->64K(111104K)
[117.212s][info][gc,heap        ] GC(323) ParOldGen: 551185K(667648K)->551201K(667648K)
[117.212s][info][gc,metaspace   ] GC(323) Metaspace: 18231K(18432K)->18231K(18432K) NonClass: 15568K(15680K)->15568K(15680K) Class: 2663K(2752K)->2663K(2752K)
[117.212s][info][gc             ] GC(323) Pause Young (Allocation Failure) 647M->538M(869M) 1.981ms
[117.212s][info][gc,cpu         ] GC(323) User=0.00s Sys=0.00s Real=0.00s
[117.459s][info][gc,start       ] GC(324) Pause Young (Allocation Failure)
[117.461s][info][gc,heap        ] GC(324) PSYoungGen: 111680K(222720K)->64K(222720K) Eden: 111616K(111616K)->0K(111616K) From: 64K(111104K)->64K(111104K)
[117.461s][info][gc,heap        ] GC(324) ParOldGen: 551201K(667648K)->551217K(667648K)
[117.461s][info][gc,metaspace   ] GC(324) Metaspace: 18236K(18432K)->18236K(18432K) NonClass: 15572K(15680K)->15572K(15680K) Class: 2663K(2752K)->2663K(2752K)
[117.461s][info][gc             ] GC(324) Pause Young (Allocation Failure) 647M->538M(869M) 2.113ms
[117.461s][info][gc,cpu         ] GC(324) User=0.00s Sys=0.00s Real=0.01s
[117.722s][info][gc,start       ] GC(325) Pause Young (Allocation Failure)
[117.733s][info][gc,heap        ] GC(325) PSYoungGen: 111680K(222720K)->64K(220672K) Eden: 111616K(111616K)->0K(111616K) From: 64K(111104K)->64K(109056K)
[117.733s][info][gc,heap        ] GC(325) ParOldGen: 551217K(667648K)->551225K(667648K)
[117.733s][info][gc,metaspace   ] GC(325) Metaspace: 18236K(18432K)->18236K(18432K) NonClass: 15572K(15680K)->15572K(15680K) Class: 2663K(2752K)->2663K(2752K)
[117.733s][info][gc             ] GC(325) Pause Young (Allocation Failure) 647M->538M(867M) 10.898ms
[117.733s][info][gc,cpu         ] GC(325) User=0.02s Sys=0.00s Real=0.01s
[117.954s][info][gc,start       ] GC(326) Pause Young (Allocation Failure)
[117.956s][info][gc,heap        ] GC(326) PSYoungGen: 111680K(220672K)->352K(112128K) Eden: 111616K(111616K)->0K(111616K) From: 64K(109056K)->352K(512K)
[117.956s][info][gc,heap        ] GC(326) ParOldGen: 551225K(667648K)->551225K(667648K)
[117.956s][info][gc,metaspace   ] GC(326) Metaspace: 18236K(18432K)->18236K(18432K) NonClass: 15572K(15680K)->15572K(15680K) Class: 2663K(2752K)->2663K(2752K)
[117.956s][info][gc             ] GC(326) Pause Young (Allocation Failure) 647M->538M(761M) 2.578ms
[117.956s][info][gc,cpu         ] GC(326) User=0.00s Sys=0.00s Real=0.00s
[118.106s][info][gc,start       ] GC(327) Pause Young (Allocation Failure)
[118.130s][info][gc,heap        ] GC(327) PSYoungGen: 111968K(112128K)->30768K(212992K) Eden: 111616K(111616K)->0K(115712K) From: 352K(512K)->30768K(97280K)
[118.130s][info][gc,heap        ] GC(327) ParOldGen: 551225K(667648K)->551225K(667648K)
[118.130s][info][gc,metaspace   ] GC(327) Metaspace: 18236K(18432K)->18236K(18432K) NonClass: 15573K(15680K)->15573K(15680K) Class: 2663K(2752K)->2663K(2752K)
[118.130s][info][gc             ] GC(327) Pause Young (Allocation Failure) 647M->568M(860M) 23.588ms
[118.130s][info][gc,cpu         ] GC(327) User=0.04s Sys=0.00s Real=0.02s
[118.219s][info][gc,start       ] GC(328) Pause Young (Allocation Failure)
[118.268s][info][gc,heap        ] GC(328) PSYoungGen: 146480K(212992K)->72592K(216576K) Eden: 115712K(115712K)->0K(115712K) From: 30768K(97280K)->72592K(100864K)
[118.268s][info][gc,heap        ] GC(328) ParOldGen: 551225K(667648K)->551225K(667648K)
[118.268s][info][gc,metaspace   ] GC(328) Metaspace: 18236K(18432K)->18236K(18432K) NonClass: 15573K(15680K)->15573K(15680K) Class: 2663K(2752K)->2663K(2752K)
[118.268s][info][gc             ] GC(328) Pause Young (Allocation Failure) 681M->609M(863M) 49.038ms
[118.268s][info][gc,cpu         ] GC(328) User=0.09s Sys=0.01s Real=0.05s
[118.504s][info][gc,start       ] GC(329) Pause Young (Allocation Failure)
[118.550s][info][gc,heap        ] GC(329) PSYoungGen: 188304K(216576K)->75600K(222720K) Eden: 115712K(115712K)->0K(111616K) From: 72592K(100864K)->75600K(111104K)
[118.550s][info][gc,heap        ] GC(329) ParOldGen: 551225K(667648K)->551545K(667648K)
[118.550s][info][gc,metaspace   ] GC(329) Metaspace: 18236K(18432K)->18236K(18432K) NonClass: 15573K(15680K)->15573K(15680K) Class: 2663K(2752K)->2663K(2752K)
[118.550s][info][gc             ] GC(329) Pause Young (Allocation Failure) 722M->612M(869M) 46.847ms
[118.550s][info][gc,cpu         ] GC(329) User=0.09s Sys=0.00s Real=0.05s
[118.733s][info][gc,start       ] GC(330) Pause Young (Allocation Failure)
[118.823s][info][gc,heap        ] GC(330) PSYoungGen: 187216K(222720K)->29984K(222720K) Eden: 111616K(111616K)->0K(111616K) From: 75600K(111104K)->29984K(111104K)
[118.823s][info][gc,heap        ] GC(330) ParOldGen: 551545K(667648K)->624689K(667648K)
[118.823s][info][gc,metaspace   ] GC(330) Metaspace: 18236K(18432K)->18236K(18432K) NonClass: 15573K(15680K)->15573K(15680K) Class: 2663K(2752K)->2663K(2752K)
[118.823s][info][gc             ] GC(330) Pause Young (Allocation Failure) 721M->639M(869M) 90.253ms
[118.823s][info][gc,cpu         ] GC(330) User=0.18s Sys=0.00s Real=0.09s
[118.957s][info][gc,start       ] GC(331) Pause Full (Allocation Failure)
[118.957s][info][gc,phases,start] GC(331) Marking Phase
[119.423s][info][gc,phases      ] GC(331) Marking Phase 466.462ms
[119.424s][info][gc,phases,start] GC(331) Summary Phase
[119.424s][info][gc,phases      ] GC(331) Summary Phase 0.028ms
[119.424s][info][gc,phases,start] GC(331) Forward
[119.531s][info][gc,phases      ] GC(331) Forward 106.991ms
[119.531s][info][gc,phases,start] GC(331) Adjust Pointers
[119.884s][info][gc,phases      ] GC(331) Adjust Pointers 353.180ms
[119.884s][info][gc,phases,start] GC(331) Compaction Phase
[120.079s][info][gc,phases      ] GC(331) Compaction Phase 195.190ms
[120.088s][info][gc,phases,start] GC(331) Post Compact
[120.090s][info][gc,phases      ] GC(331) Post Compact 2.279ms
[120.090s][info][gc,heap        ] GC(331) PSYoungGen: 141600K(222720K)->0K(222720K) Eden: 111616K(111616K)->0K(111616K) From: 29984K(111104K)->0K(111104K)
[120.090s][info][gc,heap        ] GC(331) ParOldGen: 624689K(667648K)->650165K(667648K)
[120.090s][info][gc,metaspace   ] GC(331) Metaspace: 18236K(18432K)->18236K(18432K) NonClass: 15573K(15680K)->15573K(15680K) Class: 2663K(2752K)->2663K(2752K)
[120.091s][info][gc             ] GC(331) Pause Full (Allocation Failure) 748M->634M(869M) 1133.639ms
[120.091s][info][gc,cpu         ] GC(331) User=2.21s Sys=0.00s Real=1.14s
[120.210s][info][gc,start       ] GC(332) Pause Full (Allocation Failure)
[120.210s][info][gc,phases,start] GC(332) Marking Phase
[120.709s][info][gc,phases      ] GC(332) Marking Phase 499.720ms
[120.710s][info][gc,phases,start] GC(332) Summary Phase
[120.710s][info][gc,phases      ] GC(332) Summary Phase 0.026ms
[120.710s][info][gc,phases,start] GC(332) Forward
[120.716s][info][gc,phases      ] GC(332) Forward 6.405ms
[120.716s][info][gc,phases,start] GC(332) Adjust Pointers
[121.034s][info][gc,phases      ] GC(332) Adjust Pointers 317.545ms
[121.034s][info][gc,phases,start] GC(332) Compaction Phase
[121.178s][info][gc,phases      ] GC(332) Compaction Phase 144.436ms
[121.178s][info][gc,phases,start] GC(332) Post Compact
[121.180s][info][gc,phases      ] GC(332) Post Compact 2.158ms
[121.180s][info][gc,heap        ] GC(332) PSYoungGen: 111616K(222720K)->0K(222720K) Eden: 111616K(111616K)->0K(111616K) From: 0K(111104K)->0K(111104K)
[121.180s][info][gc,heap        ] GC(332) ParOldGen: 650165K(667648K)->664484K(667648K)
[121.180s][info][gc,metaspace   ] GC(332) Metaspace: 18236K(18432K)->18236K(18432K) NonClass: 15573K(15680K)->15573K(15680K) Class: 2663K(2752K)->2663K(2752K)
[121.180s][info][gc             ] GC(332) Pause Full (Allocation Failure) 743M->648M(869M) 970.733ms
[121.180s][info][gc,cpu         ] GC(332) User=1.90s Sys=0.01s Real=0.98s
[121.276s][info][gc,start       ] GC(333) Pause Full (Allocation Failure)
[121.276s][info][gc,phases,start] GC(333) Marking Phase
[121.776s][info][gc,phases      ] GC(333) Marking Phase 500.398ms
[121.776s][info][gc,phases,start] GC(333) Summary Phase
[121.776s][info][gc,phases      ] GC(333) Summary Phase 0.042ms
[121.776s][info][gc,phases,start] GC(333) Forward
[121.777s][info][gc,phases      ] GC(333) Forward 0.703ms
[121.777s][info][gc,phases,start] GC(333) Adjust Pointers
[122.105s][info][gc,phases      ] GC(333) Adjust Pointers 327.785ms
[122.105s][info][gc,phases,start] GC(333) Compaction Phase
[122.247s][info][gc,phases      ] GC(333) Compaction Phase 142.625ms
[122.248s][info][gc,phases,start] GC(333) Post Compact
[122.250s][info][gc,phases      ] GC(333) Post Compact 2.204ms
[122.250s][info][gc,heap        ] GC(333) PSYoungGen: 111616K(222720K)->0K(222720K) Eden: 111616K(111616K)->0K(111616K) From: 0K(111104K)->0K(111104K)
[122.250s][info][gc,heap        ] GC(333) ParOldGen: 664484K(667648K)->664888K(667648K)
[122.250s][info][gc,metaspace   ] GC(333) Metaspace: 18236K(18432K)->18236K(18432K) NonClass: 15573K(15680K)->15573K(15680K) Class: 2663K(2752K)->2663K(2752K)
[122.250s][info][gc             ] GC(333) Pause Full (Allocation Failure) 757M->649M(869M) 974.197ms
[122.250s][info][gc,cpu         ] GC(333) User=1.90s Sys=0.00s Real=0.97s
[122.376s][info][gc,start       ] GC(334) Pause Full (Allocation Failure)
[122.376s][info][gc,phases,start] GC(334) Marking Phase
[122.734s][info][gc,phases      ] GC(334) Marking Phase 358.696ms
[122.734s][info][gc,phases,start] GC(334) Summary Phase
[122.734s][info][gc,phases      ] GC(334) Summary Phase 0.025ms
[122.734s][info][gc,phases,start] GC(334) Forward
[122.873s][info][gc,phases      ] GC(334) Forward 138.289ms
[122.873s][info][gc,phases,start] GC(334) Adjust Pointers
[123.158s][info][gc,phases      ] GC(334) Adjust Pointers 284.685ms
[123.158s][info][gc,phases,start] GC(334) Compaction Phase
[123.309s][info][gc,phases      ] GC(334) Compaction Phase 151.865ms
[123.320s][info][gc,phases,start] GC(334) Post Compact
[123.323s][info][gc,phases      ] GC(334) Post Compact 2.249ms
[123.323s][info][gc,heap        ] GC(334) PSYoungGen: 111616K(222720K)->0K(222720K) Eden: 111616K(111616K)->0K(111616K) From: 0K(111104K)->0K(111104K)
[123.323s][info][gc,heap        ] GC(334) ParOldGen: 664888K(667648K)->512509K(667648K)
[123.323s][info][gc,metaspace   ] GC(334) Metaspace: 18236K(18432K)->18236K(18432K) NonClass: 15573K(15680K)->15573K(15680K) Class: 2663K(2752K)->2663K(2752K)
[123.323s][info][gc             ] GC(334) Pause Full (Allocation Failure) 758M->500M(869M) 947.091ms
[123.323s][info][gc,cpu         ] GC(334) User=1.78s Sys=0.00s Real=0.95s
[123.465s][info][gc,start       ] GC(335) Pause Young (Allocation Failure)
[123.475s][info][gc,heap        ] GC(335) PSYoungGen: 111616K(222720K)->2336K(219648K) Eden: 111616K(111616K)->0K(111616K) From: 0K(111104K)->2336K(108032K)
[123.475s][info][gc,heap        ] GC(335) ParOldGen: 512509K(667648K)->512509K(667648K)
[123.475s][info][gc,metaspace   ] GC(335) Metaspace: 18236K(18432K)->18236K(18432K) NonClass: 15573K(15680K)->15573K(15680K) Class: 2663K(2752K)->2663K(2752K)
[123.475s][info][gc             ] GC(335) Pause Young (Allocation Failure) 609M->502M(866M) 9.556ms
[123.475s][info][gc,cpu         ] GC(335) User=0.02s Sys=0.00s Real=0.01s
[123.651s][info][gc,start       ] GC(336) Pause Young (Allocation Failure)
[123.666s][info][gc,heap        ] GC(336) PSYoungGen: 113952K(219648K)->12747K(124416K) Eden: 111616K(111616K)->0K(111616K) From: 2336K(108032K)->12747K(12800K)
[123.666s][info][gc,heap        ] GC(336) ParOldGen: 512509K(667648K)->512509K(667648K)
[123.666s][info][gc,metaspace   ] GC(336) Metaspace: 18236K(18432K)->18236K(18432K) NonClass: 15573K(15680K)->15573K(15680K) Class: 2663K(2752K)->2663K(2752K)
[123.666s][info][gc             ] GC(336) Pause Young (Allocation Failure) 611M->512M(773M) 14.256ms
[123.666s][info][gc,cpu         ] GC(336) User=0.02s Sys=0.00s Real=0.01s
[123.789s][info][gc,start       ] GC(337) Pause Young (Allocation Failure)
[123.826s][info][gc,heap        ] GC(337) PSYoungGen: 124363K(124416K)->36635K(212480K) Eden: 111616K(111616K)->0K(116224K) From: 12747K(12800K)->36635K(96256K)
[123.826s][info][gc,heap        ] GC(337) ParOldGen: 512509K(667648K)->512509K(667648K)
[123.826s][info][gc,metaspace   ] GC(337) Metaspace: 18245K(18432K)->18245K(18432K) NonClass: 15582K(15680K)->15582K(15680K) Class: 2663K(2752K)->2663K(2752K)
[123.826s][info][gc             ] GC(337) Pause Young (Allocation Failure) 621M->536M(859M) 37.284ms
[123.826s][info][gc,cpu         ] GC(337) User=0.07s Sys=0.00s Real=0.04s
[123.997s][info][gc,start       ] GC(338) Pause Young (Allocation Failure)
[124.044s][info][gc,heap        ] GC(338) PSYoungGen: 152859K(212480K)->48891K(216064K) Eden: 116224K(116224K)->0K(116224K) From: 36635K(96256K)->48891K(99840K)
[124.044s][info][gc,heap        ] GC(338) ParOldGen: 512509K(667648K)->512509K(667648K)
[124.044s][info][gc,metaspace   ] GC(338) Metaspace: 18245K(18432K)->18245K(18432K) NonClass: 15582K(15680K)->15582K(15680K) Class: 2663K(2752K)->2663K(2752K)
[124.044s][info][gc             ] GC(338) Pause Young (Allocation Failure) 649M->548M(863M) 47.217ms
[124.044s][info][gc,cpu         ] GC(338) User=0.09s Sys=0.00s Real=0.05s
[124.227s][info][gc,start       ] GC(339) Pause Young (Allocation Failure)
[124.278s][info][gc,heap        ] GC(339) PSYoungGen: 165115K(216064K)->57547K(218112K) Eden: 116224K(116224K)->0K(117760K) From: 48891K(99840K)->57547K(100352K)
[124.278s][info][gc,heap        ] GC(339) ParOldGen: 512509K(667648K)->512509K(667648K)
[124.278s][info][gc,metaspace   ] GC(339) Metaspace: 18246K(18432K)->18246K(18432K) NonClass: 15583K(15680K)->15583K(15680K) Class: 2663K(2752K)->2663K(2752K)
[124.278s][info][gc             ] GC(339) Pause Young (Allocation Failure) 661M->556M(865M) 51.606ms
[124.278s][info][gc,cpu         ] GC(339) User=0.11s Sys=0.00s Real=0.05s
[124.418s][info][gc,start       ] GC(340) Pause Young (Allocation Failure)
[124.477s][info][gc,heap        ] GC(340) PSYoungGen: 175307K(218112K)->63211K(221696K) Eden: 117760K(117760K)->0K(117760K) From: 57547K(100352K)->63211K(103936K)
[124.477s][info][gc,heap        ] GC(340) ParOldGen: 512509K(667648K)->512509K(667648K)
[124.477s][info][gc,metaspace   ] GC(340) Metaspace: 18246K(18432K)->18246K(18432K) NonClass: 15583K(15680K)->15583K(15680K) Class: 2663K(2752K)->2663K(2752K)
[124.477s][info][gc             ] GC(340) Pause Young (Allocation Failure) 671M->562M(868M) 58.559ms
[124.477s][info][gc,cpu         ] GC(340) User=0.12s Sys=0.00s Real=0.06s
[124.603s][info][gc,start       ] GC(341) Pause Young (Allocation Failure)
[124.668s][info][gc,heap        ] GC(341) PSYoungGen: 180971K(221696K)->67500K(219648K) Eden: 117760K(117760K)->0K(111616K) From: 63211K(103936K)->67500K(108032K)
[124.668s][info][gc,heap        ] GC(341) ParOldGen: 512509K(667648K)->512509K(667648K)
[124.668s][info][gc,metaspace   ] GC(341) Metaspace: 18247K(18432K)->18247K(18432K) NonClass: 15584K(15680K)->15584K(15680K) Class: 2663K(2752K)->2663K(2752K)
[124.668s][info][gc             ] GC(341) Pause Young (Allocation Failure) 677M->566M(866M) 65.128ms
[124.668s][info][gc,cpu         ] GC(341) User=0.13s Sys=0.00s Real=0.06s
[124.930s][info][gc,start       ] GC(342) Pause Young (Allocation Failure)
[124.996s][info][gc,heap        ] GC(342) PSYoungGen: 179116K(219648K)->57840K(222720K) Eden: 111616K(111616K)->0K(111616K) From: 67500K(108032K)->57840K(111104K)
[124.996s][info][gc,heap        ] GC(342) ParOldGen: 512509K(667648K)->525249K(667648K)
[124.996s][info][gc,metaspace   ] GC(342) Metaspace: 18251K(18432K)->18251K(18432K) NonClass: 15588K(15680K)->15588K(15680K) Class: 2663K(2752K)->2663K(2752K)
[124.996s][info][gc             ] GC(342) Pause Young (Allocation Failure) 675M->569M(869M) 66.198ms
[124.996s][info][gc,cpu         ] GC(342) User=0.13s Sys=0.00s Real=0.07s
[125.197s][info][gc,start       ] GC(343) Pause Young (Allocation Failure)
[125.253s][info][gc,heap        ] GC(343) PSYoungGen: 169456K(222720K)->38336K(211456K) Eden: 111616K(111616K)->0K(111616K) From: 57840K(111104K)->38336K(99840K)
[125.253s][info][gc,heap        ] GC(343) ParOldGen: 525249K(667648K)->546234K(667648K)
[125.253s][info][gc,metaspace   ] GC(343) Metaspace: 18251K(18432K)->18251K(18432K) NonClass: 15588K(15680K)->15588K(15680K) Class: 2663K(2752K)->2663K(2752K)
[125.253s][info][gc             ] GC(343) Pause Young (Allocation Failure) 678M->570M(858M) 55.849ms
[125.253s][info][gc,cpu         ] GC(343) User=0.11s Sys=0.00s Real=0.06s
[125.374s][info][gc,start       ] GC(344) Pause Young (Allocation Failure)
[125.422s][info][gc,heap        ] GC(344) PSYoungGen: 149952K(211456K)->52592K(217088K) Eden: 111616K(111616K)->0K(111616K) From: 38336K(99840K)->52592K(105472K)
[125.422s][info][gc,heap        ] GC(344) ParOldGen: 546234K(667648K)->546234K(667648K)
[125.422s][info][gc,metaspace   ] GC(344) Metaspace: 18252K(18432K)->18252K(18432K) NonClass: 15589K(15680K)->15589K(15680K) Class: 2663K(2752K)->2663K(2752K)
[125.422s][info][gc             ] GC(344) Pause Young (Allocation Failure) 679M->584M(864M) 48.558ms
[125.422s][info][gc,cpu         ] GC(344) User=0.10s Sys=0.00s Real=0.05s
[125.557s][info][gc,start       ] GC(345) Pause Young (Allocation Failure)
[125.583s][info][gc,heap        ] GC(345) PSYoungGen: 164208K(217088K)->32480K(211968K) Eden: 111616K(111616K)->0K(117760K) From: 52592K(105472K)->32480K(94208K)
[125.583s][info][gc,heap        ] GC(345) ParOldGen: 546234K(667648K)->546234K(667648K)
[125.583s][info][gc,metaspace   ] GC(345) Metaspace: 18254K(18432K)->18254K(18432K) NonClass: 15591K(15680K)->15591K(15680K) Class: 2663K(2752K)->2663K(2752K)
[125.583s][info][gc             ] GC(345) Pause Young (Allocation Failure) 693M->565M(859M) 25.933ms
[125.583s][info][gc,cpu         ] GC(345) User=0.05s Sys=0.00s Real=0.03s
[125.673s][info][gc,start       ] GC(346) Pause Young (Allocation Failure)
[125.735s][info][gc,heap        ] GC(346) PSYoungGen: 150240K(211968K)->73120K(216576K) Eden: 117760K(117760K)->0K(117760K) From: 32480K(94208K)->73120K(98816K)
[125.735s][info][gc,heap        ] GC(346) ParOldGen: 546234K(667648K)->546234K(667648K)
[125.735s][info][gc,metaspace   ] GC(346) Metaspace: 18254K(18432K)->18254K(18432K) NonClass: 15591K(15680K)->15591K(15680K) Class: 2663K(2752K)->2663K(2752K)
[125.735s][info][gc             ] GC(346) Pause Young (Allocation Failure) 680M->604M(863M) 62.473ms
[125.735s][info][gc,cpu         ] GC(346) User=0.10s Sys=0.01s Real=0.06s
[125.930s][info][gc,start       ] GC(347) Pause Young (Allocation Failure)
[125.990s][info][gc,heap        ] GC(347) PSYoungGen: 190880K(216576K)->89168K(216576K) Eden: 117760K(117760K)->0K(111616K) From: 73120K(98816K)->89168K(104960K)
[125.990s][info][gc,heap        ] GC(347) ParOldGen: 546234K(667648K)->546234K(667648K)
[125.990s][info][gc,metaspace   ] GC(347) Metaspace: 18254K(18432K)->18254K(18432K) NonClass: 15591K(15680K)->15591K(15680K) Class: 2663K(2752K)->2663K(2752K)
[125.990s][info][gc             ] GC(347) Pause Young (Allocation Failure) 719M->620M(863M) 60.240ms
[125.990s][info][gc,cpu         ] GC(347) User=0.12s Sys=0.00s Real=0.06s
[126.136s][info][gc,start       ] GC(348) Pause Young (Allocation Failure)
[126.197s][info][gc,heap        ] GC(348) PSYoungGen: 200784K(216576K)->83008K(222720K) Eden: 111616K(111616K)->0K(111616K) From: 89168K(104960K)->83008K(111104K)
[126.197s][info][gc,heap        ] GC(348) ParOldGen: 546234K(667648K)->546322K(667648K)
[126.197s][info][gc,metaspace   ] GC(348) Metaspace: 18254K(18432K)->18254K(18432K) NonClass: 15591K(15680K)->15591K(15680K) Class: 2663K(2752K)->2663K(2752K)
[126.197s][info][gc             ] GC(348) Pause Young (Allocation Failure) 729M->614M(869M) 60.587ms
[126.197s][info][gc,cpu         ] GC(348) User=0.12s Sys=0.00s Real=0.06s
[126.336s][info][gc,start       ] GC(349) Pause Young (Allocation Failure)
[126.439s][info][gc,heap        ] GC(349) PSYoungGen: 194624K(222720K)->110560K(222720K) Eden: 111616K(111616K)->0K(111616K) From: 83008K(111104K)->110560K(111104K)
[126.439s][info][gc,heap        ] GC(349) ParOldGen: 546322K(667648K)->546514K(667648K)
[126.439s][info][gc,metaspace   ] GC(349) Metaspace: 18254K(18432K)->18254K(18432K) NonClass: 15591K(15680K)->15591K(15680K) Class: 2663K(2752K)->2663K(2752K)
[126.439s][info][gc             ] GC(349) Pause Young (Allocation Failure) 723M->641M(869M) 103.316ms
[126.439s][info][gc,cpu         ] GC(349) User=0.19s Sys=0.01s Real=0.10s
[126.576s][info][gc,start       ] GC(350) Pause Young (Allocation Failure)
[126.694s][info][gc,heap        ] GC(350) PSYoungGen: 222176K(222720K)->111072K(222720K) Eden: 111616K(111616K)->0K(111616K) From: 110560K(111104K)->111072K(111104K)
[126.694s][info][gc,heap        ] GC(350) ParOldGen: 546514K(667648K)->563135K(667648K)
[126.694s][info][gc,metaspace   ] GC(350) Metaspace: 18254K(18432K)->18254K(18432K) NonClass: 15591K(15680K)->15591K(15680K) Class: 2663K(2752K)->2663K(2752K)
[126.694s][info][gc             ] GC(350) Pause Young (Allocation Failure) 750M->658M(869M) 117.959ms
[126.694s][info][gc,cpu         ] GC(350) User=0.23s Sys=0.00s Real=0.12s
[126.780s][info][gc,start       ] GC(351) Pause Young (Allocation Failure)
[126.895s][info][gc,heap        ] GC(351) PSYoungGen: 222688K(222720K)->57376K(222720K) Eden: 111616K(111616K)->0K(111616K) From: 111072K(111104K)->57376K(111104K)
[126.896s][info][gc,heap        ] GC(351) ParOldGen: 563135K(667648K)->621719K(667648K)
[126.896s][info][gc,metaspace   ] GC(351) Metaspace: 18254K(18432K)->18254K(18432K) NonClass: 15591K(15680K)->15591K(15680K) Class: 2663K(2752K)->2663K(2752K)
[126.896s][info][gc             ] GC(351) Pause Young (Allocation Failure) 767M->663M(869M) 115.135ms
[126.896s][info][gc,cpu         ] GC(351) User=0.23s Sys=0.00s Real=0.11s
[127.023s][info][gc,start       ] GC(352) Pause Full (Allocation Failure)
[127.023s][info][gc,phases,start] GC(352) Marking Phase
[127.386s][info][gc,phases      ] GC(352) Marking Phase 363.253ms
[127.386s][info][gc,phases,start] GC(352) Summary Phase
[127.386s][info][gc,phases      ] GC(352) Summary Phase 0.030ms
[127.386s][info][gc,phases,start] GC(352) Forward
[127.494s][info][gc,phases      ] GC(352) Forward 107.482ms
[127.494s][info][gc,phases,start] GC(352) Adjust Pointers
[127.757s][info][gc,phases      ] GC(352) Adjust Pointers 262.872ms
[127.757s][info][gc,phases,start] GC(352) Compaction Phase
[127.903s][info][gc,phases      ] GC(352) Compaction Phase 146.194ms
[127.912s][info][gc,phases,start] GC(352) Post Compact
[127.914s][info][gc,phases      ] GC(352) Post Compact 2.348ms
[127.914s][info][gc,heap        ] GC(352) PSYoungGen: 168992K(222720K)->0K(222720K) Eden: 111616K(111616K)->0K(111616K) From: 57376K(111104K)->0K(111104K)
[127.914s][info][gc,heap        ] GC(352) ParOldGen: 621719K(667648K)->511678K(667648K)
[127.914s][info][gc,metaspace   ] GC(352) Metaspace: 18254K(18432K)->18254K(18432K) NonClass: 15591K(15680K)->15591K(15680K) Class: 2663K(2752K)->2663K(2752K)
[127.914s][info][gc             ] GC(352) Pause Full (Allocation Failure) 772M->499M(869M) 891.532ms
[127.914s][info][gc,cpu         ] GC(352) User=1.68s Sys=0.01s Real=0.89s
[128.040s][info][gc,start       ] GC(353) Pause Young (Allocation Failure)
[128.049s][info][gc,heap        ] GC(353) PSYoungGen: 111616K(222720K)->3968K(222720K) Eden: 111616K(111616K)->0K(111616K) From: 0K(111104K)->3968K(111104K)
[128.049s][info][gc,heap        ] GC(353) ParOldGen: 511678K(667648K)->511678K(667648K)
[128.049s][info][gc,metaspace   ] GC(353) Metaspace: 18254K(18432K)->18254K(18432K) NonClass: 15591K(15680K)->15591K(15680K) Class: 2663K(2752K)->2663K(2752K)
[128.049s][info][gc             ] GC(353) Pause Young (Allocation Failure) 608M->503M(869M) 9.296ms
[128.049s][info][gc,cpu         ] GC(353) User=0.02s Sys=0.00s Real=0.01s
[128.191s][info][gc,start       ] GC(354) Pause Young (Allocation Failure)
[128.206s][info][gc,heap        ] GC(354) PSYoungGen: 115584K(222720K)->13184K(222720K) Eden: 111616K(111616K)->0K(111616K) From: 3968K(111104K)->13184K(111104K)
[128.206s][info][gc,heap        ] GC(354) ParOldGen: 511678K(667648K)->511678K(667648K)
[128.206s][info][gc,metaspace   ] GC(354) Metaspace: 18254K(18432K)->18254K(18432K) NonClass: 15591K(15680K)->15591K(15680K) Class: 2663K(2752K)->2663K(2752K)
[128.206s][info][gc             ] GC(354) Pause Young (Allocation Failure) 612M->512M(869M) 15.628ms
[128.206s][info][gc,cpu         ] GC(354) User=0.03s Sys=0.00s Real=0.01s
[128.378s][info][gc,start       ] GC(355) Pause Young (Allocation Failure)
[128.421s][info][gc,heap        ] GC(355) PSYoungGen: 124800K(222720K)->26848K(222720K) Eden: 111616K(111616K)->0K(111616K) From: 13184K(111104K)->26848K(111104K)
[128.421s][info][gc,heap        ] GC(355) ParOldGen: 511678K(667648K)->515646K(667648K)
[128.421s][info][gc,metaspace   ] GC(355) Metaspace: 18254K(18432K)->18254K(18432K) NonClass: 15591K(15680K)->15591K(15680K) Class: 2663K(2752K)->2663K(2752K)
[128.421s][info][gc             ] GC(355) Pause Young (Allocation Failure) 621M->529M(869M) 42.829ms
[128.421s][info][gc,cpu         ] GC(355) User=0.09s Sys=0.00s Real=0.05s
[128.736s][info][gc,start       ] GC(356) Pause Young (Allocation Failure)
[128.768s][info][gc,heap        ] GC(356) PSYoungGen: 138464K(222720K)->3664K(222720K) Eden: 111616K(111616K)->0K(111616K) From: 26848K(111104K)->3664K(111104K)
[128.768s][info][gc,heap        ] GC(356) ParOldGen: 515646K(667648K)->542526K(667648K)
[128.768s][info][gc,metaspace   ] GC(356) Metaspace: 18254K(18432K)->18254K(18432K) NonClass: 15591K(15680K)->15591K(15680K) Class: 2663K(2752K)->2663K(2752K)
[128.768s][info][gc             ] GC(356) Pause Young (Allocation Failure) 638M->533M(869M) 31.110ms
[128.768s][info][gc,cpu         ] GC(356) User=0.06s Sys=0.00s Real=0.03s
[128.876s][info][gc,start       ] GC(357) Pause Young (Allocation Failure)
[128.905s][info][gc,heap        ] GC(357) PSYoungGen: 115280K(222720K)->36320K(222720K) Eden: 111616K(111616K)->0K(111616K) From: 3664K(111104K)->36320K(111104K)
[128.905s][info][gc,heap        ] GC(357) ParOldGen: 542526K(667648K)->546183K(667648K)
[128.905s][info][gc,metaspace   ] GC(357) Metaspace: 18259K(18432K)->18259K(18432K) NonClass: 15596K(15680K)->15596K(15680K) Class: 2663K(2752K)->2663K(2752K)
[128.906s][info][gc             ] GC(357) Pause Young (Allocation Failure) 642M->568M(869M) 29.684ms
[128.906s][info][gc,cpu         ] GC(357) User=0.06s Sys=0.00s Real=0.03s
[129.037s][info][gc,start       ] GC(358) Pause Young (Allocation Failure)
[129.074s][info][gc,heap        ] GC(358) PSYoungGen: 147936K(222720K)->7808K(222720K) Eden: 111616K(111616K)->0K(111616K) From: 36320K(111104K)->7808K(111104K)
[129.074s][info][gc,heap        ] GC(358) ParOldGen: 546183K(667648K)->582915K(667648K)
[129.074s][info][gc,metaspace   ] GC(358) Metaspace: 18261K(18432K)->18261K(18432K) NonClass: 15598K(15680K)->15598K(15680K) Class: 2663K(2752K)->2663K(2752K)
[129.074s][info][gc             ] GC(358) Pause Young (Allocation Failure) 677M->576M(869M) 37.307ms
[129.074s][info][gc,cpu         ] GC(358) User=0.07s Sys=0.00s Real=0.04s
[129.261s][info][gc,start       ] GC(359) Pause Young (Allocation Failure)
[129.279s][info][gc,heap        ] GC(359) PSYoungGen: 119424K(222720K)->3584K(222720K) Eden: 111616K(111616K)->0K(111616K) From: 7808K(111104K)->3584K(111104K)
[129.279s][info][gc,heap        ] GC(359) ParOldGen: 582915K(667648K)->590739K(667648K)
[129.279s][info][gc,metaspace   ] GC(359) Metaspace: 18261K(18432K)->18261K(18432K) NonClass: 15598K(15680K)->15598K(15680K) Class: 2663K(2752K)->2663K(2752K)
[129.279s][info][gc             ] GC(359) Pause Young (Allocation Failure) 685M->580M(869M) 18.075ms
[129.279s][info][gc,cpu         ] GC(359) User=0.03s Sys=0.00s Real=0.01s
[129.437s][info][gc,start       ] GC(360) Pause Young (Allocation Failure)
[129.456s][info][gc,heap        ] GC(360) PSYoungGen: 115200K(222720K)->11840K(222720K) Eden: 111616K(111616K)->0K(111616K) From: 3584K(111104K)->11840K(111104K)
[129.456s][info][gc,heap        ] GC(360) ParOldGen: 590739K(667648K)->594307K(667648K)
[129.456s][info][gc,metaspace   ] GC(360) Metaspace: 18261K(18432K)->18261K(18432K) NonClass: 15598K(15680K)->15598K(15680K) Class: 2663K(2752K)->2663K(2752K)
[129.456s][info][gc             ] GC(360) Pause Young (Allocation Failure) 689M->591M(869M) 19.703ms
[129.456s][info][gc,cpu         ] GC(360) User=0.04s Sys=0.00s Real=0.02s
[129.562s][info][gc,start       ] GC(361) Pause Young (Allocation Failure)
[129.585s][info][gc,heap        ] GC(361) PSYoungGen: 123456K(222720K)->9120K(222720K) Eden: 111616K(111616K)->0K(111616K) From: 11840K(111104K)->9120K(111104K)
[129.585s][info][gc,heap        ] GC(361) ParOldGen: 594307K(667648K)->606147K(667648K)
[129.585s][info][gc,metaspace   ] GC(361) Metaspace: 18261K(18432K)->18261K(18432K) NonClass: 15598K(15680K)->15598K(15680K) Class: 2663K(2752K)->2663K(2752K)
[129.585s][info][gc             ] GC(361) Pause Young (Allocation Failure) 700M->600M(869M) 22.441ms
[129.585s][info][gc,cpu         ] GC(361) User=0.04s Sys=0.00s Real=0.02s
[129.711s][info][gc,start       ] GC(362) Pause Young (Allocation Failure)
[129.727s][info][gc,heap        ] GC(362) PSYoungGen: 120736K(222720K)->2784K(222720K) Eden: 111616K(111616K)->0K(111616K) From: 9120K(111104K)->2784K(111104K)
[129.727s][info][gc,heap        ] GC(362) ParOldGen: 606147K(667648K)->615235K(667648K)
[129.727s][info][gc,metaspace   ] GC(362) Metaspace: 18261K(18432K)->18261K(18432K) NonClass: 15598K(15680K)->15598K(15680K) Class: 2663K(2752K)->2663K(2752K)
[129.727s][info][gc             ] GC(362) Pause Young (Allocation Failure) 709M->603M(869M) 15.557ms
[129.727s][info][gc,cpu         ] GC(362) User=0.03s Sys=0.00s Real=0.01s
[129.865s][info][gc,start       ] GC(363) Pause Young (Allocation Failure)
[129.881s][info][gc,heap        ] GC(363) PSYoungGen: 114400K(222720K)->11424K(221696K) Eden: 111616K(111616K)->0K(111616K) From: 2784K(111104K)->11424K(110080K)
[129.881s][info][gc,heap        ] GC(363) ParOldGen: 615235K(667648K)->618019K(667648K)
[129.881s][info][gc,metaspace   ] GC(363) Metaspace: 18261K(18432K)->18261K(18432K) NonClass: 15598K(15680K)->15598K(15680K) Class: 2663K(2752K)->2663K(2752K)
[129.881s][info][gc             ] GC(363) Pause Young (Allocation Failure) 712M->614M(868M) 15.864ms
[129.881s][info][gc,cpu         ] GC(363) User=0.03s Sys=0.01s Real=0.02s
[130.141s][info][gc,start       ] GC(364) Pause Young (Allocation Failure)
[130.158s][info][gc,heap        ] GC(364) PSYoungGen: 123040K(221696K)->14560K(126464K) Eden: 111616K(111616K)->0K(111616K) From: 11424K(110080K)->14560K(14848K)
[130.158s][info][gc,heap        ] GC(364) ParOldGen: 618019K(667648K)->618019K(667648K)
[130.158s][info][gc,metaspace   ] GC(364) Metaspace: 18261K(18432K)->18261K(18432K) NonClass: 15598K(15680K)->15598K(15680K) Class: 2663K(2752K)->2663K(2752K)
[130.158s][info][gc             ] GC(364) Pause Young (Allocation Failure) 723M->617M(775M) 17.368ms
[130.158s][info][gc,cpu         ] GC(364) User=0.03s Sys=0.00s Real=0.01s
[130.413s][info][gc,start       ] GC(365) Pause Young (Allocation Failure)
[130.430s][info][gc,heap        ] GC(365) PSYoungGen: 126176K(126464K)->14560K(211456K) Eden: 111616K(111616K)->0K(115712K) From: 14560K(14848K)->14560K(95744K)
[130.430s][info][gc,heap        ] GC(365) ParOldGen: 618019K(667648K)->618019K(667648K)
[130.430s][info][gc,metaspace   ] GC(365) Metaspace: 18262K(18432K)->18262K(18432K) NonClass: 15599K(15680K)->15599K(15680K) Class: 2663K(2752K)->2663K(2752K)
[130.430s][info][gc             ] GC(365) Pause Young (Allocation Failure) 726M->617M(858M) 16.608ms
[130.430s][info][gc,cpu         ] GC(365) User=0.03s Sys=0.00s Real=0.02s
[130.674s][info][gc,start       ] GC(366) Pause Young (Allocation Failure)
[130.691s][info][gc,heap        ] GC(366) PSYoungGen: 130272K(211456K)->14592K(130560K) Eden: 115712K(115712K)->0K(115712K) From: 14560K(95744K)->14592K(14848K)
[130.691s][info][gc,heap        ] GC(366) ParOldGen: 618019K(667648K)->618019K(667648K)
[130.691s][info][gc,metaspace   ] GC(366) Metaspace: 18262K(18432K)->18262K(18432K) NonClass: 15599K(15680K)->15599K(15680K) Class: 2663K(2752K)->2663K(2752K)
[130.691s][info][gc             ] GC(366) Pause Young (Allocation Failure) 730M->617M(779M) 17.005ms
[130.691s][info][gc,cpu         ] GC(366) User=0.03s Sys=0.00s Real=0.02s
[130.935s][info][gc,start       ] GC(367) Pause Young (Allocation Failure)
[130.958s][info][gc,heap        ] GC(367) PSYoungGen: 130304K(130560K)->14624K(202240K) Eden: 115712K(115712K)->0K(119296K) From: 14592K(14848K)->14624K(82944K)
[130.958s][info][gc,heap        ] GC(367) ParOldGen: 618019K(667648K)->618019K(667648K)
[130.958s][info][gc,metaspace   ] GC(367) Metaspace: 18262K(18432K)->18262K(18432K) NonClass: 15599K(15680K)->15599K(15680K) Class: 2663K(2752K)->2663K(2752K)
[130.958s][info][gc             ] GC(367) Pause Young (Allocation Failure) 730M->617M(849M) 23.081ms
[130.958s][info][gc,cpu         ] GC(367) User=0.04s Sys=0.00s Real=0.02s
[131.076s][info][gc,start       ] GC(368) Pause Young (Allocation Failure)
[131.111s][info][gc,heap        ] GC(368) PSYoungGen: 133920K(202240K)->43696K(207360K) Eden: 119296K(119296K)->0K(119296K) From: 14624K(82944K)->43696K(88064K)
[131.111s][info][gc,heap        ] GC(368) ParOldGen: 618019K(667648K)->618019K(667648K)
[131.111s][info][gc,metaspace   ] GC(368) Metaspace: 18262K(18432K)->18262K(18432K) NonClass: 15599K(15680K)->15599K(15680K) Class: 2663K(2752K)->2663K(2752K)
[131.111s][info][gc             ] GC(368) Pause Young (Allocation Failure) 734M->646M(854M) 35.696ms
[131.111s][info][gc,cpu         ] GC(368) User=0.07s Sys=0.00s Real=0.04s
[131.210s][info][gc,start       ] GC(369) Pause Young (Allocation Failure)
[131.271s][info][gc,heap        ] GC(369) PSYoungGen: 162992K(207360K)->82784K(198144K) Eden: 119296K(119296K)->0K(109056K) From: 43696K(88064K)->82784K(89088K)
[131.271s][info][gc,heap        ] GC(369) ParOldGen: 618019K(667648K)->618019K(667648K)
[131.271s][info][gc,metaspace   ] GC(369) Metaspace: 18262K(18432K)->18262K(18432K) NonClass: 15599K(15680K)->15599K(15680K) Class: 2663K(2752K)->2663K(2752K)
[131.271s][info][gc             ] GC(369) Pause Young (Allocation Failure) 762M->684M(845M) 60.245ms
[131.271s][info][gc,cpu         ] GC(369) User=0.12s Sys=0.00s Real=0.06s
[131.418s][info][gc,start       ] GC(370) Pause Young (Allocation Failure)
[131.485s][info][gc,heap        ] GC(370) PSYoungGen: 191840K(198144K)->85488K(212992K) Eden: 109056K(109056K)->0K(109056K) From: 82784K(89088K)->85488K(103936K)
[131.485s][info][gc,heap        ] GC(370) ParOldGen: 618019K(667648K)->618019K(667648K)
[131.485s][info][gc,metaspace   ] GC(370) Metaspace: 18265K(18432K)->18265K(18432K) NonClass: 15602K(15680K)->15602K(15680K) Class: 2663K(2752K)->2663K(2752K)
[131.485s][info][gc             ] GC(370) Pause Young (Allocation Failure) 790M->687M(860M) 67.597ms
[131.485s][info][gc,cpu         ] GC(370) User=0.14s Sys=0.00s Real=0.07s
[131.657s][info][gc,start       ] GC(371) Pause Young (Allocation Failure)
[131.753s][info][gc,heap        ] GC(371) PSYoungGen: 194544K(212992K)->88528K(222720K) Eden: 109056K(109056K)->0K(111616K) From: 85488K(103936K)->88528K(111104K)
[131.753s][info][gc,heap        ] GC(371) ParOldGen: 618019K(667648K)->632566K(667648K)
[131.753s][info][gc,metaspace   ] GC(371) Metaspace: 18265K(18432K)->18265K(18432K) NonClass: 15602K(15680K)->15602K(15680K) Class: 2663K(2752K)->2663K(2752K)
[131.753s][info][gc             ] GC(371) Pause Young (Allocation Failure) 793M->704M(869M) 95.629ms
[131.753s][info][gc,cpu         ] GC(371) User=0.17s Sys=0.02s Real=0.10s
[131.932s][info][gc,start       ] GC(372) Pause Full (Allocation Failure)
[131.932s][info][gc,phases,start] GC(372) Marking Phase
[132.207s][info][gc,phases      ] GC(372) Marking Phase 274.649ms
[132.207s][info][gc,phases,start] GC(372) Summary Phase
[132.207s][info][gc,phases      ] GC(372) Summary Phase 0.028ms
[132.207s][info][gc,phases,start] GC(372) Forward
[132.344s][info][gc,phases      ] GC(372) Forward 137.148ms
[132.344s][info][gc,phases,start] GC(372) Adjust Pointers
[132.550s][info][gc,phases      ] GC(372) Adjust Pointers 205.631ms
[132.550s][info][gc,phases,start] GC(372) Compaction Phase
[132.673s][info][gc,phases      ] GC(372) Compaction Phase 123.215ms
[132.685s][info][gc,phases,start] GC(372) Post Compact
[132.687s][info][gc,phases      ] GC(372) Post Compact 2.400ms
[132.687s][info][gc,heap        ] GC(372) PSYoungGen: 200144K(222720K)->0K(222720K) Eden: 111616K(111616K)->0K(111616K) From: 88528K(111104K)->0K(111104K)
[132.687s][info][gc,heap        ] GC(372) ParOldGen: 632566K(667648K)->397544K(667648K)
[132.687s][info][gc,metaspace   ] GC(372) Metaspace: 18271K(18432K)->18271K(18432K) NonClass: 15608K(15680K)->15608K(15680K) Class: 2663K(2752K)->2663K(2752K)
[132.687s][info][gc             ] GC(372) Pause Full (Allocation Failure) 813M->388M(869M) 755.289ms
[132.687s][info][gc,cpu         ] GC(372) User=1.35s Sys=0.00s Real=0.75s
[132.749s][info][gc,start       ] GC(373) Pause Young (Allocation Failure)
[132.775s][info][gc,heap        ] GC(373) PSYoungGen: 111616K(222720K)->37152K(222720K) Eden: 111616K(111616K)->0K(111616K) From: 0K(111104K)->37152K(111104K)
[132.776s][info][gc,heap        ] GC(373) ParOldGen: 397544K(667648K)->397544K(667648K)
[132.776s][info][gc,metaspace   ] GC(373) Metaspace: 18271K(18432K)->18271K(18432K) NonClass: 15608K(15680K)->15608K(15680K) Class: 2663K(2752K)->2663K(2752K)
[132.776s][info][gc             ] GC(373) Pause Young (Allocation Failure) 497M->424M(869M) 26.143ms
[132.776s][info][gc,cpu         ] GC(373) User=0.06s Sys=0.00s Real=0.03s
[132.889s][info][gc,start       ] GC(374) Pause Young (Allocation Failure)
[132.931s][info][gc,heap        ] GC(374) PSYoungGen: 148768K(222720K)->65184K(222720K) Eden: 111616K(111616K)->0K(111616K) From: 37152K(111104K)->65184K(111104K)
[132.931s][info][gc,heap        ] GC(374) ParOldGen: 397544K(667648K)->397544K(667648K)
[132.931s][info][gc,metaspace   ] GC(374) Metaspace: 18271K(18432K)->18271K(18432K) NonClass: 15608K(15680K)->15608K(15680K) Class: 2663K(2752K)->2663K(2752K)
[132.931s][info][gc             ] GC(374) Pause Young (Allocation Failure) 533M->451M(869M) 41.932ms
[132.931s][info][gc,cpu         ] GC(374) User=0.08s Sys=0.00s Real=0.05s
[133.043s][info][gc,start       ] GC(375) Pause Young (Allocation Failure)
[133.084s][info][gc,heap        ] GC(375) PSYoungGen: 176800K(222720K)->67328K(222720K) Eden: 111616K(111616K)->0K(111616K) From: 65184K(111104K)->67328K(111104K)
[133.084s][info][gc,heap        ] GC(375) ParOldGen: 397544K(667648K)->397544K(667648K)
[133.084s][info][gc,metaspace   ] GC(375) Metaspace: 18271K(18432K)->18271K(18432K) NonClass: 15608K(15680K)->15608K(15680K) Class: 2663K(2752K)->2663K(2752K)
[133.084s][info][gc             ] GC(375) Pause Young (Allocation Failure) 560M->453M(869M) 40.953ms
[133.084s][info][gc,cpu         ] GC(375) User=0.08s Sys=0.00s Real=0.04s
[133.232s][info][gc,start       ] GC(376) Pause Young (Allocation Failure)
[133.292s][info][gc,heap        ] GC(376) PSYoungGen: 178944K(222720K)->39360K(222720K) Eden: 111616K(111616K)->0K(111616K) From: 67328K(111104K)->39360K(111104K)
[133.292s][info][gc,heap        ] GC(376) ParOldGen: 397544K(667648K)->435072K(667648K)
[133.292s][info][gc,metaspace   ] GC(376) Metaspace: 18271K(18432K)->18271K(18432K) NonClass: 15608K(15680K)->15608K(15680K) Class: 2663K(2752K)->2663K(2752K)
[133.292s][info][gc             ] GC(376) Pause Young (Allocation Failure) 562M->463M(869M) 59.747ms
[133.292s][info][gc,cpu         ] GC(376) User=0.12s Sys=0.00s Real=0.06s
[133.438s][info][gc,start       ] GC(377) Pause Young (Allocation Failure)
[133.489s][info][gc,heap        ] GC(377) PSYoungGen: 150976K(222720K)->17760K(222720K) Eden: 111616K(111616K)->0K(111616K) From: 39360K(111104K)->17760K(111104K)
[133.489s][info][gc,heap        ] GC(377) ParOldGen: 435072K(667648K)->465591K(667648K)
[133.489s][info][gc,metaspace   ] GC(377) Metaspace: 18271K(18432K)->18271K(18432K) NonClass: 15608K(15680K)->15608K(15680K) Class: 2663K(2752K)->2663K(2752K)
[133.489s][info][gc             ] GC(377) Pause Young (Allocation Failure) 572M->472M(869M) 51.591ms
[133.489s][info][gc,cpu         ] GC(377) User=0.10s Sys=0.00s Real=0.05s
[133.644s][info][gc,start       ] GC(378) Pause Young (Allocation Failure)
[133.673s][info][gc,heap        ] GC(378) PSYoungGen: 129376K(222720K)->64K(222720K) Eden: 111616K(111616K)->0K(111616K) From: 17760K(111104K)->64K(111104K)
[133.673s][info][gc,heap        ] GC(378) ParOldGen: 465591K(667648K)->483351K(667648K)
[133.673s][info][gc,metaspace   ] GC(378) Metaspace: 18271K(18432K)->18271K(18432K) NonClass: 15608K(15680K)->15608K(15680K) Class: 2663K(2752K)->2663K(2752K)
[133.673s][info][gc             ] GC(378) Pause Young (Allocation Failure) 581M->472M(869M) 29.699ms
[133.673s][info][gc,cpu         ] GC(378) User=0.06s Sys=0.00s Real=0.03s
[133.826s][info][gc,start       ] GC(379) Pause Young (Allocation Failure)
[133.828s][info][gc,heap        ] GC(379) PSYoungGen: 111680K(222720K)->64K(222720K) Eden: 111616K(111616K)->0K(111616K) From: 64K(111104K)->64K(111104K)
[133.828s][info][gc,heap        ] GC(379) ParOldGen: 483351K(667648K)->483351K(667648K)
[133.828s][info][gc,metaspace   ] GC(379) Metaspace: 18271K(18432K)->18271K(18432K) NonClass: 15608K(15680K)->15608K(15680K) Class: 2663K(2752K)->2663K(2752K)
[133.828s][info][gc             ] GC(379) Pause Young (Allocation Failure) 581M->472M(869M) 1.705ms
[133.828s][info][gc,cpu         ] GC(379) User=0.01s Sys=0.00s Real=0.00s
[133.979s][info][gc,start       ] GC(380) Pause Young (Allocation Failure)
[133.981s][info][gc,heap        ] GC(380) PSYoungGen: 111680K(222720K)->64K(112128K) Eden: 111616K(111616K)->0K(111616K) From: 64K(111104K)->64K(512K)
[133.981s][info][gc,heap        ] GC(380) ParOldGen: 483351K(667648K)->483351K(667648K)
[133.981s][info][gc,metaspace   ] GC(380) Metaspace: 18271K(18432K)->18271K(18432K) NonClass: 15608K(15680K)->15608K(15680K) Class: 2663K(2752K)->2663K(2752K)
[133.981s][info][gc             ] GC(380) Pause Young (Allocation Failure) 581M->472M(761M) 1.650ms
[133.981s][info][gc,cpu         ] GC(380) User=0.00s Sys=0.00s Real=0.01s
[134.132s][info][gc,start       ] GC(381) Pause Young (Allocation Failure)
[134.134s][info][gc,heap        ] GC(381) PSYoungGen: 111680K(112128K)->64K(224256K) Eden: 111616K(111616K)->0K(114176K) From: 64K(512K)->64K(110080K)
[134.134s][info][gc,heap        ] GC(381) ParOldGen: 483351K(667648K)->483351K(667648K)
[134.134s][info][gc,metaspace   ] GC(381) Metaspace: 18271K(18432K)->18271K(18432K) NonClass: 15608K(15680K)->15608K(15680K) Class: 2663K(2752K)->2663K(2752K)
[134.134s][info][gc             ] GC(381) Pause Young (Allocation Failure) 581M->472M(871M) 1.675ms
[134.134s][info][gc,cpu         ] GC(381) User=0.00s Sys=0.00s Real=0.00s
[134.289s][info][gc,start       ] GC(382) Pause Young (Allocation Failure)
[134.291s][info][gc,heap        ] GC(382) PSYoungGen: 114240K(224256K)->64K(114688K) Eden: 114176K(114176K)->0K(114176K) From: 64K(110080K)->64K(512K)
[134.291s][info][gc,heap        ] GC(382) ParOldGen: 483351K(667648K)->483351K(667648K)
[134.291s][info][gc,metaspace   ] GC(382) Metaspace: 18271K(18432K)->18271K(18432K) NonClass: 15608K(15680K)->15608K(15680K) Class: 2663K(2752K)->2663K(2752K)
[134.291s][info][gc             ] GC(382) Pause Young (Allocation Failure) 583M->472M(764M) 1.744ms
[134.291s][info][gc,cpu         ] GC(382) User=0.01s Sys=0.00s Real=0.01s
[134.446s][info][gc,start       ] GC(383) Pause Young (Allocation Failure)
[134.448s][info][gc,heap        ] GC(383) PSYoungGen: 114240K(114688K)->64K(215552K) Eden: 114176K(114176K)->0K(117248K) From: 64K(512K)->64K(98304K)
[134.448s][info][gc,heap        ] GC(383) ParOldGen: 483351K(667648K)->483351K(667648K)
[134.448s][info][gc,metaspace   ] GC(383) Metaspace: 18271K(18432K)->18271K(18432K) NonClass: 15608K(15680K)->15608K(15680K) Class: 2663K(2752K)->2663K(2752K)
[134.448s][info][gc             ] GC(383) Pause Young (Allocation Failure) 583M->472M(862M) 1.688ms
[134.448s][info][gc,cpu         ] GC(383) User=0.01s Sys=0.00s Real=0.00s
[134.605s][info][gc,start       ] GC(384) Pause Young (Allocation Failure)
[134.607s][info][gc,heap        ] GC(384) PSYoungGen: 117312K(215552K)->64K(117760K) Eden: 117248K(117248K)->0K(117248K) From: 64K(98304K)->64K(512K)
[134.607s][info][gc,heap        ] GC(384) ParOldGen: 483351K(667648K)->483351K(667648K)
[134.607s][info][gc,metaspace   ] GC(384) Metaspace: 18271K(18432K)->18271K(18432K) NonClass: 15608K(15680K)->15608K(15680K) Class: 2663K(2752K)->2663K(2752K)
[134.607s][info][gc             ] GC(384) Pause Young (Allocation Failure) 586M->472M(767M) 1.649ms
[134.607s][info][gc,cpu         ] GC(384) User=0.00s Sys=0.00s Real=0.00s
[134.733s][info][gc,start       ] GC(385) Pause Young (Allocation Failure)
[134.752s][info][gc,heap        ] GC(385) PSYoungGen: 117312K(117760K)->15552K(204800K) Eden: 117248K(117248K)->0K(120832K) From: 64K(512K)->15552K(83968K)
[134.752s][info][gc,heap        ] GC(385) ParOldGen: 483351K(667648K)->483351K(667648K)
[134.752s][info][gc,metaspace   ] GC(385) Metaspace: 18271K(18432K)->18271K(18432K) NonClass: 15608K(15680K)->15608K(15680K) Class: 2663K(2752K)->2663K(2752K)
[134.752s][info][gc             ] GC(385) Pause Young (Allocation Failure) 586M->487M(852M) 19.193ms
[134.752s][info][gc,cpu         ] GC(385) User=0.04s Sys=0.00s Real=0.02s
[134.881s][info][gc,start       ] GC(386) Pause Young (Allocation Failure)
[134.913s][info][gc,heap        ] GC(386) PSYoungGen: 136384K(204800K)->31360K(210944K) Eden: 120832K(120832K)->0K(120832K) From: 15552K(83968K)->31360K(90112K)
[134.913s][info][gc,heap        ] GC(386) ParOldGen: 483351K(667648K)->483351K(667648K)
[134.913s][info][gc,metaspace   ] GC(386) Metaspace: 18271K(18432K)->18271K(18432K) NonClass: 15608K(15680K)->15608K(15680K) Class: 2663K(2752K)->2663K(2752K)
[134.913s][info][gc             ] GC(386) Pause Young (Allocation Failure) 605M->502M(858M) 32.704ms
[134.913s][info][gc,cpu         ] GC(386) User=0.07s Sys=0.00s Real=0.03s
[134.996s][info][gc,start       ] GC(387) Pause Young (Allocation Failure)
[135.032s][info][gc,heap        ] GC(387) PSYoungGen: 152192K(210944K)->35392K(213504K) Eden: 120832K(120832K)->0K(126976K) From: 31360K(90112K)->35392K(86528K)
[135.032s][info][gc,heap        ] GC(387) ParOldGen: 483351K(667648K)->483351K(667648K)
[135.032s][info][gc,metaspace   ] GC(387) Metaspace: 18271K(18432K)->18271K(18432K) NonClass: 15608K(15680K)->15608K(15680K) Class: 2663K(2752K)->2663K(2752K)
[135.032s][info][gc             ] GC(387) Pause Young (Allocation Failure) 620M->506M(860M) 35.703ms
[135.032s][info][gc,cpu         ] GC(387) User=0.07s Sys=0.00s Real=0.04s
[135.157s][info][gc,start       ] GC(388) Pause Young (Allocation Failure)
[135.193s][info][gc,heap        ] GC(388) PSYoungGen: 162368K(213504K)->36512K(212992K) Eden: 126976K(126976K)->0K(126976K) From: 35392K(86528K)->36512K(86016K)
[135.193s][info][gc,heap        ] GC(388) ParOldGen: 483351K(667648K)->483351K(667648K)
[135.193s][info][gc,metaspace   ] GC(388) Metaspace: 18271K(18432K)->18271K(18432K) NonClass: 15608K(15680K)->15608K(15680K) Class: 2663K(2752K)->2663K(2752K)
[135.193s][info][gc             ] GC(388) Pause Young (Allocation Failure) 630M->507M(860M) 36.909ms
[135.193s][info][gc,cpu         ] GC(388) User=0.07s Sys=0.00s Real=0.04s
[135.314s][info][gc,start       ] GC(389) Pause Young (Allocation Failure)
[135.354s][info][gc,heap        ] GC(389) PSYoungGen: 163488K(212992K)->39904K(219136K) Eden: 126976K(126976K)->0K(134144K) From: 36512K(86016K)->39904K(84992K)
[135.354s][info][gc,heap        ] GC(389) ParOldGen: 483351K(667648K)->483351K(667648K)
[135.354s][info][gc,metaspace   ] GC(389) Metaspace: 18273K(18432K)->18273K(18432K) NonClass: 15610K(15680K)->15610K(15680K) Class: 2663K(2752K)->2663K(2752K)
[135.354s][info][gc             ] GC(389) Pause Young (Allocation Failure) 631M->510M(866M) 39.918ms
[135.354s][info][gc,cpu         ] GC(389) User=0.08s Sys=0.00s Real=0.04s
[135.476s][info][gc,start       ] GC(390) Pause Young (Allocation Failure)
[135.517s][info][gc,heap        ] GC(390) PSYoungGen: 174048K(219136K)->39936K(219136K) Eden: 134144K(134144K)->0K(134144K) From: 39904K(84992K)->39936K(84992K)
[135.517s][info][gc,heap        ] GC(390) ParOldGen: 483351K(667648K)->483351K(667648K)
[135.517s][info][gc,metaspace   ] GC(390) Metaspace: 18273K(18432K)->18273K(18432K) NonClass: 15610K(15680K)->15610K(15680K) Class: 2663K(2752K)->2663K(2752K)
[135.517s][info][gc             ] GC(390) Pause Young (Allocation Failure) 641M->511M(866M) 41.022ms
[135.517s][info][gc,cpu         ] GC(390) User=0.08s Sys=0.00s Real=0.04s
[135.649s][info][gc,start       ] GC(391) Pause Young (Allocation Failure)
[135.723s][info][gc,heap        ] GC(391) PSYoungGen: 174080K(219136K)->71648K(216576K) Eden: 134144K(134144K)->0K(132096K) From: 39936K(84992K)->71648K(84480K)
[135.723s][info][gc,heap        ] GC(391) ParOldGen: 483351K(667648K)->483351K(667648K)
[135.723s][info][gc,metaspace   ] GC(391) Metaspace: 18273K(18432K)->18273K(18432K) NonClass: 15610K(15680K)->15610K(15680K) Class: 2663K(2752K)->2663K(2752K)
[135.723s][info][gc             ] GC(391) Pause Young (Allocation Failure) 642M->541M(863M) 73.778ms
[135.723s][info][gc,cpu         ] GC(391) User=0.14s Sys=0.00s Real=0.08s
[135.830s][info][gc,start       ] GC(392) Pause Young (Allocation Failure)
[135.923s][info][gc,heap        ] GC(392) PSYoungGen: 203744K(216576K)->94784K(227328K) Eden: 132096K(132096K)->0K(132096K) From: 71648K(84480K)->94784K(95232K)
[135.923s][info][gc,heap        ] GC(392) ParOldGen: 483351K(667648K)->483351K(667648K)
[135.923s][info][gc,metaspace   ] GC(392) Metaspace: 18273K(18432K)->18273K(18432K) NonClass: 15610K(15680K)->15610K(15680K) Class: 2663K(2752K)->2663K(2752K)
[135.923s][info][gc             ] GC(392) Pause Young (Allocation Failure) 670M->564M(874M) 92.748ms
[135.923s][info][gc,cpu         ] GC(392) User=0.18s Sys=0.01s Real=0.09s
[136.038s][info][gc,start       ] GC(393) Pause Young (Allocation Failure)
[136.160s][info][gc,heap        ] GC(393) PSYoungGen: 226880K(227328K)->99776K(218112K) Eden: 132096K(132096K)->0K(111616K) From: 94784K(95232K)->99776K(106496K)
[136.160s][info][gc,heap        ] GC(393) ParOldGen: 483351K(667648K)->483351K(667648K)
[136.160s][info][gc,metaspace   ] GC(393) Metaspace: 18273K(18432K)->18273K(18432K) NonClass: 15610K(15680K)->15610K(15680K) Class: 2663K(2752K)->2663K(2752K)
[136.160s][info][gc             ] GC(393) Pause Young (Allocation Failure) 693M->569M(865M) 121.634ms
[136.160s][info][gc,cpu         ] GC(393) User=0.22s Sys=0.02s Real=0.12s
[136.359s][info][gc,start       ] GC(394) Pause Young (Allocation Failure)
[136.457s][info][gc,heap        ] GC(394) PSYoungGen: 211392K(218112K)->103216K(222720K) Eden: 111616K(111616K)->0K(111616K) From: 99776K(106496K)->103216K(111104K)
[136.457s][info][gc,heap        ] GC(394) ParOldGen: 483351K(667648K)->483351K(667648K)
[136.457s][info][gc,metaspace   ] GC(394) Metaspace: 18275K(18432K)->18275K(18432K) NonClass: 15612K(15680K)->15612K(15680K) Class: 2663K(2752K)->2663K(2752K)
[136.457s][info][gc             ] GC(394) Pause Young (Allocation Failure) 678M->572M(869M) 98.237ms
[136.457s][info][gc,cpu         ] GC(394) User=0.19s Sys=0.00s Real=0.10s
[136.567s][info][gc,start       ] GC(395) Pause Young (Allocation Failure)
[136.665s][info][gc,heap        ] GC(395) PSYoungGen: 214832K(222720K)->87760K(222720K) Eden: 111616K(111616K)->0K(111616K) From: 103216K(111104K)->87760K(111104K)
[136.665s][info][gc,heap        ] GC(395) ParOldGen: 483351K(667648K)->498919K(667648K)
[136.665s][info][gc,metaspace   ] GC(395) Metaspace: 18275K(18432K)->18275K(18432K) NonClass: 15612K(15680K)->15612K(15680K) Class: 2663K(2752K)->2663K(2752K)
[136.665s][info][gc             ] GC(395) Pause Young (Allocation Failure) 681M->572M(869M) 97.998ms
[136.665s][info][gc,cpu         ] GC(395) User=0.19s Sys=0.00s Real=0.10s
[136.842s][info][gc,start       ] GC(396) Pause Young (Allocation Failure)
[136.937s][info][gc,heap        ] GC(396) PSYoungGen: 199376K(222720K)->79056K(222720K) Eden: 111616K(111616K)->0K(111616K) From: 87760K(111104K)->79056K(111104K)
[136.937s][info][gc,heap        ] GC(396) ParOldGen: 498919K(667648K)->518799K(667648K)
[136.937s][info][gc,metaspace   ] GC(396) Metaspace: 18275K(18432K)->18275K(18432K) NonClass: 15612K(15680K)->15612K(15680K) Class: 2663K(2752K)->2663K(2752K)
[136.937s][info][gc             ] GC(396) Pause Young (Allocation Failure) 681M->583M(869M) 94.685ms
[136.937s][info][gc,cpu         ] GC(396) User=0.19s Sys=0.00s Real=0.09s
[137.106s][info][gc,start       ] GC(397) Pause Young (Allocation Failure)
[137.196s][info][gc,heap        ] GC(397) PSYoungGen: 190672K(222720K)->86896K(222720K) Eden: 111616K(111616K)->0K(111616K) From: 79056K(111104K)->86896K(111104K)
[137.196s][info][gc,heap        ] GC(397) ParOldGen: 518799K(667648K)->523343K(667648K)
[137.196s][info][gc,metaspace   ] GC(397) Metaspace: 18275K(18432K)->18275K(18432K) NonClass: 15612K(15680K)->15612K(15680K) Class: 2663K(2752K)->2663K(2752K)
[137.196s][info][gc             ] GC(397) Pause Young (Allocation Failure) 692M->595M(869M) 89.465ms
[137.196s][info][gc,cpu         ] GC(397) User=0.17s Sys=0.00s Real=0.09s
[137.557s][info][gc,start       ] GC(398) Pause Young (Allocation Failure)
[137.640s][info][gc,heap        ] GC(398) PSYoungGen: 198512K(222720K)->55232K(222720K) Eden: 111616K(111616K)->0K(111616K) From: 86896K(111104K)->55232K(111104K)
[137.640s][info][gc,heap        ] GC(398) ParOldGen: 523343K(667648K)->555160K(667648K)
[137.640s][info][gc,metaspace   ] GC(398) Metaspace: 18275K(18432K)->18275K(18432K) NonClass: 15612K(15680K)->15612K(15680K) Class: 2663K(2752K)->2663K(2752K)
[137.640s][info][gc             ] GC(398) Pause Young (Allocation Failure) 704M->596M(869M) 82.946ms
[137.640s][info][gc,cpu         ] GC(398) User=0.16s Sys=0.00s Real=0.09s
[137.927s][info][gc,start       ] GC(399) Pause Young (Allocation Failure)
[137.982s][info][gc,heap        ] GC(399) PSYoungGen: 166848K(222720K)->27088K(222720K) Eden: 111616K(111616K)->0K(111616K) From: 55232K(111104K)->27088K(111104K)
[137.982s][info][gc,heap        ] GC(399) ParOldGen: 555160K(667648K)->583352K(667648K)
[137.982s][info][gc,metaspace   ] GC(399) Metaspace: 18275K(18432K)->18275K(18432K) NonClass: 15612K(15680K)->15612K(15680K) Class: 2663K(2752K)->2663K(2752K)
[137.982s][info][gc             ] GC(399) Pause Young (Allocation Failure) 705M->596M(869M) 55.001ms
[137.982s][info][gc,cpu         ] GC(399) User=0.11s Sys=0.00s Real=0.06s
[138.254s][info][gc,start       ] GC(400) Pause Young (Allocation Failure)
[138.282s][info][gc,heap        ] GC(400) PSYoungGen: 138704K(222720K)->23584K(222720K) Eden: 111616K(111616K)->0K(111616K) From: 27088K(111104K)->23584K(111104K)
[138.282s][info][gc,heap        ] GC(400) ParOldGen: 583352K(667648K)->586888K(667648K)
[138.282s][info][gc,metaspace   ] GC(400) Metaspace: 18275K(18432K)->18275K(18432K) NonClass: 15612K(15680K)->15612K(15680K) Class: 2663K(2752K)->2663K(2752K)
[138.282s][info][gc             ] GC(400) Pause Young (Allocation Failure) 705M->596M(869M) 28.446ms
[138.282s][info][gc,cpu         ] GC(400) User=0.05s Sys=0.00s Real=0.03s
[138.547s][info][gc,start       ] GC(401) Pause Young (Allocation Failure)
[138.572s][info][gc,heap        ] GC(401) PSYoungGen: 135200K(222720K)->128K(222720K) Eden: 111616K(111616K)->0K(111616K) From: 23584K(111104K)->128K(111104K)
[138.572s][info][gc,heap        ] GC(401) ParOldGen: 586888K(667648K)->610408K(667648K)
[138.572s][info][gc,metaspace   ] GC(401) Metaspace: 18275K(18432K)->18275K(18432K) NonClass: 15612K(15680K)->15612K(15680K) Class: 2663K(2752K)->2663K(2752K)
[138.572s][info][gc             ] GC(401) Pause Young (Allocation Failure) 705M->596M(869M) 25.230ms
[138.572s][info][gc,cpu         ] GC(401) User=0.05s Sys=0.00s Real=0.03s
[138.834s][info][gc,start       ] GC(402) Pause Young (Allocation Failure)
[138.836s][info][gc,heap        ] GC(402) PSYoungGen: 111744K(222720K)->64K(222720K) Eden: 111616K(111616K)->0K(111616K) From: 128K(111104K)->64K(111104K)
[138.836s][info][gc,heap        ] GC(402) ParOldGen: 610408K(667648K)->610496K(667648K)
[138.836s][info][gc,metaspace   ] GC(402) Metaspace: 18275K(18432K)->18275K(18432K) NonClass: 15612K(15680K)->15612K(15680K) Class: 2663K(2752K)->2663K(2752K)
[138.836s][info][gc             ] GC(402) Pause Young (Allocation Failure) 705M->596M(869M) 2.118ms
[138.836s][info][gc,cpu         ] GC(402) User=0.00s Sys=0.00s Real=0.00s
[139.083s][info][gc,start       ] GC(403) Pause Young (Allocation Failure)
[139.085s][info][gc,heap        ] GC(403) PSYoungGen: 111680K(222720K)->64K(222720K) Eden: 111616K(111616K)->0K(111616K) From: 64K(111104K)->64K(111104K)
[139.085s][info][gc,heap        ] GC(403) ParOldGen: 610496K(667648K)->610512K(667648K)
[139.085s][info][gc,metaspace   ] GC(403) Metaspace: 18275K(18432K)->18275K(18432K) NonClass: 15612K(15680K)->15612K(15680K) Class: 2663K(2752K)->2663K(2752K)
[139.085s][info][gc             ] GC(403) Pause Young (Allocation Failure) 705M->596M(869M) 2.162ms
[139.085s][info][gc,cpu         ] GC(403) User=0.01s Sys=0.00s Real=0.00s
[139.392s][info][gc,start       ] GC(404) Pause Young (Allocation Failure)
[139.394s][info][gc,heap        ] GC(404) PSYoungGen: 111680K(222720K)->192K(222720K) Eden: 111616K(111616K)->0K(111616K) From: 64K(111104K)->192K(111104K)
[139.394s][info][gc,heap        ] GC(404) ParOldGen: 610512K(667648K)->610528K(667648K)
[139.394s][info][gc,metaspace   ] GC(404) Metaspace: 18275K(18432K)->18275K(18432K) NonClass: 15612K(15680K)->15612K(15680K) Class: 2663K(2752K)->2663K(2752K)
[139.394s][info][gc             ] GC(404) Pause Young (Allocation Failure) 705M->596M(869M) 2.268ms
[139.394s][info][gc,cpu         ] GC(404) User=0.00s Sys=0.00s Real=0.00s
[139.605s][info][gc,start       ] GC(405) Pause Young (Allocation Failure)
[139.614s][info][gc,heap        ] GC(405) PSYoungGen: 111808K(222720K)->10048K(222720K) Eden: 111616K(111616K)->0K(111616K) From: 192K(111104K)->10048K(111104K)
[139.614s][info][gc,heap        ] GC(405) ParOldGen: 610528K(667648K)->610680K(667648K)
[139.614s][info][gc,metaspace   ] GC(405) Metaspace: 18275K(18432K)->18275K(18432K) NonClass: 15612K(15680K)->15612K(15680K) Class: 2663K(2752K)->2663K(2752K)
[139.614s][info][gc             ] GC(405) Pause Young (Allocation Failure) 705M->606M(869M) 9.475ms
[139.614s][info][gc,cpu         ] GC(405) User=0.02s Sys=0.00s Real=0.01s
[139.730s][info][gc,start       ] GC(406) Pause Young (Allocation Failure)
[139.774s][info][gc,heap        ] GC(406) PSYoungGen: 121664K(222720K)->36032K(222720K) Eden: 111616K(111616K)->0K(111616K) From: 10048K(111104K)->36032K(111104K)
[139.774s][info][gc,heap        ] GC(406) ParOldGen: 610680K(667648K)->620809K(667648K)
[139.774s][info][gc,metaspace   ] GC(406) Metaspace: 18275K(18432K)->18275K(18432K) NonClass: 15612K(15680K)->15612K(15680K) Class: 2663K(2752K)->2663K(2752K)
[139.774s][info][gc             ] GC(406) Pause Young (Allocation Failure) 715M->641M(869M) 44.124ms
[139.774s][info][gc,cpu         ] GC(406) User=0.08s Sys=0.00s Real=0.05s
[139.964s][info][gc,start       ] GC(407) Pause Young (Allocation Failure)
[140.006s][info][gc,heap        ] GC(407) PSYoungGen: 147648K(222720K)->26016K(219648K) Eden: 111616K(111616K)->0K(111616K) From: 36032K(111104K)->26016K(108032K)
[140.006s][info][gc,heap        ] GC(407) ParOldGen: 620809K(667648K)->657209K(667648K)
[140.006s][info][gc,metaspace   ] GC(407) Metaspace: 18275K(18432K)->18275K(18432K) NonClass: 15612K(15680K)->15612K(15680K) Class: 2663K(2752K)->2663K(2752K)
[140.006s][info][gc             ] GC(407) Pause Young (Allocation Failure) 750M->667M(866M) 41.663ms
[140.006s][info][gc,cpu         ] GC(407) User=0.08s Sys=0.00s Real=0.04s
[140.123s][info][gc,start       ] GC(408) Pause Full (Allocation Failure)
[140.123s][info][gc,phases,start] GC(408) Marking Phase
[140.420s][info][gc,phases      ] GC(408) Marking Phase 296.866ms
[140.420s][info][gc,phases,start] GC(408) Summary Phase
[140.420s][info][gc,phases      ] GC(408) Summary Phase 0.029ms
[140.420s][info][gc,phases,start] GC(408) Forward
[140.560s][info][gc,phases      ] GC(408) Forward 139.683ms
[140.560s][info][gc,phases,start] GC(408) Adjust Pointers
[140.786s][info][gc,phases      ] GC(408) Adjust Pointers 226.571ms
[140.787s][info][gc,phases,start] GC(408) Compaction Phase
[140.929s][info][gc,phases      ] GC(408) Compaction Phase 142.149ms
[140.937s][info][gc,phases,start] GC(408) Post Compact
[140.939s][info][gc,phases      ] GC(408) Post Compact 2.353ms
[140.939s][info][gc,heap        ] GC(408) PSYoungGen: 137632K(219648K)->0K(221184K) Eden: 111616K(111616K)->0K(111616K) From: 26016K(108032K)->0K(109568K)
[140.939s][info][gc,heap        ] GC(408) ParOldGen: 657209K(667648K)->432529K(667648K)
[140.939s][info][gc,metaspace   ] GC(408) Metaspace: 18275K(18432K)->18275K(18432K) NonClass: 15612K(15680K)->15612K(15680K) Class: 2663K(2752K)->2663K(2752K)
[140.939s][info][gc             ] GC(408) Pause Full (Allocation Failure) 776M->422M(868M) 816.050ms
[140.939s][info][gc,cpu         ] GC(408) User=1.49s Sys=0.01s Real=0.81s
[141.109s][info][gc,start       ] GC(409) Pause Young (Allocation Failure)
[141.141s][info][gc,heap        ] GC(409) PSYoungGen: 111616K(221184K)->18934K(212992K) Eden: 111616K(111616K)->0K(114688K) From: 0K(109568K)->18934K(98304K)
[141.141s][info][gc,heap        ] GC(409) ParOldGen: 432529K(667648K)->432529K(667648K)
[141.141s][info][gc,metaspace   ] GC(409) Metaspace: 18275K(18432K)->18275K(18432K) NonClass: 15612K(15680K)->15612K(15680K) Class: 2663K(2752K)->2663K(2752K)
[141.141s][info][gc             ] GC(409) Pause Young (Allocation Failure) 531M->440M(860M) 32.388ms
[141.141s][info][gc,cpu         ] GC(409) User=0.07s Sys=0.00s Real=0.04s
[141.260s][info][gc,start       ] GC(410) Pause Young (Allocation Failure)
[141.307s][info][gc,heap        ] GC(410) PSYoungGen: 133622K(212992K)->45830K(218624K) Eden: 114688K(114688K)->0K(114688K) From: 18934K(98304K)->45830K(103936K)
[141.307s][info][gc,heap        ] GC(410) ParOldGen: 432529K(667648K)->432529K(667648K)
[141.307s][info][gc,metaspace   ] GC(410) Metaspace: 18275K(18432K)->18275K(18432K) NonClass: 15612K(15680K)->15612K(15680K) Class: 2663K(2752K)->2663K(2752K)
[141.307s][info][gc             ] GC(410) Pause Young (Allocation Failure) 552M->467M(865M) 47.317ms
[141.307s][info][gc,cpu         ] GC(410) User=0.09s Sys=0.00s Real=0.05s
[141.368s][info][gc,start       ] GC(411) Pause Young (Allocation Failure)
[141.440s][info][gc,heap        ] GC(411) PSYoungGen: 160518K(218624K)->84096K(214016K) Eden: 114688K(114688K)->0K(111616K) From: 45830K(103936K)->84096K(102400K)
[141.440s][info][gc,heap        ] GC(411) ParOldGen: 432529K(667648K)->432529K(667648K)
[141.440s][info][gc,metaspace   ] GC(411) Metaspace: 18275K(18432K)->18275K(18432K) NonClass: 15612K(15680K)->15612K(15680K) Class: 2663K(2752K)->2663K(2752K)
[141.440s][info][gc             ] GC(411) Pause Young (Allocation Failure) 579M->504M(861M) 71.433ms
[141.440s][info][gc,cpu         ] GC(411) User=0.15s Sys=0.00s Real=0.07s
[141.580s][info][gc,start       ] GC(412) Pause Young (Allocation Failure)
[141.653s][info][gc,heap        ] GC(412) PSYoungGen: 195712K(214016K)->77328K(222720K) Eden: 111616K(111616K)->0K(111616K) From: 84096K(102400K)->77328K(111104K)
[141.653s][info][gc,heap        ] GC(412) ParOldGen: 432529K(667648K)->451488K(667648K)
[141.653s][info][gc,metaspace   ] GC(412) Metaspace: 18275K(18432K)->18275K(18432K) NonClass: 15612K(15680K)->15612K(15680K) Class: 2663K(2752K)->2663K(2752K)
[141.653s][info][gc             ] GC(412) Pause Young (Allocation Failure) 613M->516M(869M) 72.777ms
[141.653s][info][gc,cpu         ] GC(412) User=0.15s Sys=0.00s Real=0.07s
[141.835s][info][gc,start       ] GC(413) Pause Young (Allocation Failure)
[141.893s][info][gc,heap        ] GC(413) PSYoungGen: 188944K(222720K)->12224K(222720K) Eden: 111616K(111616K)->0K(111616K) From: 77328K(111104K)->12224K(111104K)
[141.893s][info][gc,heap        ] GC(413) ParOldGen: 451488K(667648K)->517191K(667648K)
[141.893s][info][gc,metaspace   ] GC(413) Metaspace: 18275K(18432K)->18275K(18432K) NonClass: 15612K(15680K)->15612K(15680K) Class: 2663K(2752K)->2663K(2752K)
[141.893s][info][gc             ] GC(413) Pause Young (Allocation Failure) 625M->517M(869M) 58.789ms
[141.893s][info][gc,cpu         ] GC(413) User=0.11s Sys=0.00s Real=0.06s
[142.045s][info][gc,start       ] GC(414) Pause Young (Allocation Failure)
[142.056s][info][gc,heap        ] GC(414) PSYoungGen: 123840K(222720K)->128K(222720K) Eden: 111616K(111616K)->0K(111616K) From: 12224K(111104K)->128K(111104K)
[142.056s][info][gc,heap        ] GC(414) ParOldGen: 517191K(667648K)->529543K(667648K)
[142.056s][info][gc,metaspace   ] GC(414) Metaspace: 18275K(18432K)->18275K(18432K) NonClass: 15612K(15680K)->15612K(15680K) Class: 2663K(2752K)->2663K(2752K)
[142.056s][info][gc             ] GC(414) Pause Young (Allocation Failure) 626M->517M(869M) 11.150ms
[142.056s][info][gc,cpu         ] GC(414) User=0.02s Sys=0.00s Real=0.01s
[142.177s][info][gc,start       ] GC(415) Pause Young (Allocation Failure)
[142.179s][info][gc,heap        ] GC(415) PSYoungGen: 111744K(222720K)->160K(222720K) Eden: 111616K(111616K)->0K(111616K) From: 128K(111104K)->160K(111104K)
[142.179s][info][gc,heap        ] GC(415) ParOldGen: 529543K(667648K)->529655K(667648K)
[142.179s][info][gc,metaspace   ] GC(415) Metaspace: 18275K(18432K)->18275K(18432K) NonClass: 15612K(15680K)->15612K(15680K) Class: 2663K(2752K)->2663K(2752K)
[142.179s][info][gc             ] GC(415) Pause Young (Allocation Failure) 626M->517M(869M) 2.317ms
[142.179s][info][gc,cpu         ] GC(415) User=0.00s Sys=0.00s Real=0.00s
[142.298s][info][gc,start       ] GC(416) Pause Young (Allocation Failure)
[142.300s][info][gc,heap        ] GC(416) PSYoungGen: 111776K(222720K)->128K(222720K) Eden: 111616K(111616K)->0K(111616K) From: 160K(111104K)->128K(111104K)
[142.300s][info][gc,heap        ] GC(416) ParOldGen: 529655K(667648K)->529783K(667648K)
[142.300s][info][gc,metaspace   ] GC(416) Metaspace: 18275K(18432K)->18275K(18432K) NonClass: 15612K(15680K)->15612K(15680K) Class: 2663K(2752K)->2663K(2752K)
[142.300s][info][gc             ] GC(416) Pause Young (Allocation Failure) 626M->517M(869M) 2.256ms
[142.300s][info][gc,cpu         ] GC(416) User=0.00s Sys=0.00s Real=0.00s
[142.429s][info][gc,start       ] GC(417) Pause Young (Allocation Failure)
[142.431s][info][gc,heap        ] GC(417) PSYoungGen: 111744K(222720K)->128K(216576K) Eden: 111616K(111616K)->0K(111616K) From: 128K(111104K)->128K(104960K)
[142.431s][info][gc,heap        ] GC(417) ParOldGen: 529783K(667648K)->529863K(667648K)
[142.431s][info][gc,metaspace   ] GC(417) Metaspace: 18275K(18432K)->18275K(18432K) NonClass: 15612K(15680K)->15612K(15680K) Class: 2663K(2752K)->2663K(2752K)
[142.431s][info][gc             ] GC(417) Pause Young (Allocation Failure) 626M->517M(863M) 2.238ms
[142.431s][info][gc,cpu         ] GC(417) User=0.00s Sys=0.00s Real=0.01s
[142.551s][info][gc,start       ] GC(418) Pause Young (Allocation Failure)
[142.553s][info][gc,heap        ] GC(418) PSYoungGen: 111744K(216576K)->192K(219648K) Eden: 111616K(111616K)->0K(111616K) From: 128K(104960K)->192K(108032K)
[142.553s][info][gc,heap        ] GC(418) ParOldGen: 529863K(667648K)->529863K(667648K)
[142.553s][info][gc,metaspace   ] GC(418) Metaspace: 18275K(18432K)->18275K(18432K) NonClass: 15612K(15680K)->15612K(15680K) Class: 2663K(2752K)->2663K(2752K)
[142.553s][info][gc             ] GC(418) Pause Young (Allocation Failure) 626M->517M(866M) 2.388ms
[142.553s][info][gc,cpu         ] GC(418) User=0.00s Sys=0.00s Real=0.00s
[142.672s][info][gc,start       ] GC(419) Pause Young (Allocation Failure)
[142.675s][info][gc,heap        ] GC(419) PSYoungGen: 111808K(219648K)->288K(209920K) Eden: 111616K(111616K)->0K(115200K) From: 192K(108032K)->288K(94720K)
[142.675s][info][gc,heap        ] GC(419) ParOldGen: 529863K(667648K)->529863K(667648K)
[142.675s][info][gc,metaspace   ] GC(419) Metaspace: 18275K(18432K)->18275K(18432K) NonClass: 15612K(15680K)->15612K(15680K) Class: 2663K(2752K)->2663K(2752K)
[142.675s][info][gc             ] GC(419) Pause Young (Allocation Failure) 626M->517M(857M) 3.010ms
[142.675s][info][gc,cpu         ] GC(419) User=0.00s Sys=0.00s Real=0.00s
[142.799s][info][gc,start       ] GC(420) Pause Young (Allocation Failure)
[142.802s][info][gc,heap        ] GC(420) PSYoungGen: 115488K(209920K)->352K(115712K) Eden: 115200K(115200K)->0K(115200K) From: 288K(94720K)->352K(512K)
[142.802s][info][gc,heap        ] GC(420) ParOldGen: 529863K(667648K)->529863K(667648K)
[142.802s][info][gc,metaspace   ] GC(420) Metaspace: 18275K(18432K)->18275K(18432K) NonClass: 15612K(15680K)->15612K(15680K) Class: 2663K(2752K)->2663K(2752K)
[142.802s][info][gc             ] GC(420) Pause Young (Allocation Failure) 630M->517M(765M) 3.064ms
[142.802s][info][gc,cpu         ] GC(420) User=0.00s Sys=0.00s Real=0.01s
[142.951s][info][gc,start       ] GC(421) Pause Young (Allocation Failure)
[142.959s][info][gc,heap        ] GC(421) PSYoungGen: 115552K(115712K)->2944K(203264K) Eden: 115200K(115200K)->0K(118272K) From: 352K(512K)->2944K(84992K)
[142.959s][info][gc,heap        ] GC(421) ParOldGen: 529863K(667648K)->529863K(667648K)
[142.959s][info][gc,metaspace   ] GC(421) Metaspace: 18275K(18432K)->18275K(18432K) NonClass: 15612K(15680K)->15612K(15680K) Class: 2663K(2752K)->2663K(2752K)
[142.959s][info][gc             ] GC(421) Pause Young (Allocation Failure) 630M->520M(850M) 8.599ms
[142.959s][info][gc,cpu         ] GC(421) User=0.02s Sys=0.00s Real=0.00s
[143.118s][info][gc,start       ] GC(422) Pause Young (Allocation Failure)
[143.147s][info][gc,heap        ] GC(422) PSYoungGen: 121216K(203264K)->12523K(131072K) Eden: 118272K(118272K)->0K(118272K) From: 2944K(84992K)->12523K(12800K)
[143.147s][info][gc,heap        ] GC(422) ParOldGen: 529863K(667648K)->529863K(667648K)
[143.147s][info][gc,metaspace   ] GC(422) Metaspace: 18275K(18432K)->18275K(18432K) NonClass: 15612K(15680K)->15612K(15680K) Class: 2663K(2752K)->2663K(2752K)
[143.147s][info][gc             ] GC(422) Pause Young (Allocation Failure) 635M->529M(780M) 29.539ms
[143.147s][info][gc,cpu         ] GC(422) User=0.06s Sys=0.00s Real=0.03s
[143.303s][info][gc,start       ] GC(423) Pause Young (Allocation Failure)
[143.338s][info][gc,heap        ] GC(423) PSYoungGen: 130795K(131072K)->19275K(197120K) Eden: 118272K(118272K)->0K(123904K) From: 12523K(12800K)->19275K(73216K)
[143.338s][info][gc,heap        ] GC(423) ParOldGen: 529863K(667648K)->529863K(667648K)
[143.338s][info][gc,metaspace   ] GC(423) Metaspace: 18275K(18432K)->18275K(18432K) NonClass: 15612K(15680K)->15612K(15680K) Class: 2663K(2752K)->2663K(2752K)
[143.338s][info][gc             ] GC(423) Pause Young (Allocation Failure) 645M->536M(844M) 35.686ms
[143.338s][info][gc,cpu         ] GC(423) User=0.07s Sys=0.00s Real=0.03s
[143.508s][info][gc,start       ] GC(424) Pause Young (Allocation Failure)
[143.542s][info][gc,heap        ] GC(424) PSYoungGen: 143179K(197120K)->19275K(201728K) Eden: 123904K(123904K)->0K(123904K) From: 19275K(73216K)->19275K(77824K)
[143.542s][info][gc,heap        ] GC(424) ParOldGen: 529863K(667648K)->529863K(667648K)
[143.542s][info][gc,metaspace   ] GC(424) Metaspace: 18275K(18432K)->18275K(18432K) NonClass: 15612K(15680K)->15612K(15680K) Class: 2663K(2752K)->2663K(2752K)
[143.542s][info][gc             ] GC(424) Pause Young (Allocation Failure) 657M->536M(849M) 34.075ms
[143.542s][info][gc,cpu         ] GC(424) User=0.07s Sys=0.00s Real=0.04s
[143.694s][info][gc,start       ] GC(425) Pause Young (Allocation Failure)
[143.739s][info][gc,heap        ] GC(425) PSYoungGen: 143179K(201728K)->29547K(203776K) Eden: 123904K(123904K)->0K(131072K) From: 19275K(77824K)->29547K(72704K)
[143.739s][info][gc,heap        ] GC(425) ParOldGen: 529863K(667648K)->529863K(667648K)
[143.739s][info][gc,metaspace   ] GC(425) Metaspace: 18275K(18432K)->18275K(18432K) NonClass: 15612K(15680K)->15612K(15680K) Class: 2663K(2752K)->2663K(2752K)
[143.739s][info][gc             ] GC(425) Pause Young (Allocation Failure) 657M->546M(851M) 45.609ms
[143.739s][info][gc,cpu         ] GC(425) User=0.09s Sys=0.00s Real=0.04s
[143.870s][info][gc,start       ] GC(426) Pause Young (Allocation Failure)
[143.934s][info][gc,heap        ] GC(426) PSYoungGen: 160619K(203776K)->47115K(203264K) Eden: 131072K(131072K)->0K(131072K) From: 29547K(72704K)->47115K(72192K)
[143.934s][info][gc,heap        ] GC(426) ParOldGen: 529863K(667648K)->529863K(667648K)
[143.934s][info][gc,metaspace   ] GC(426) Metaspace: 18275K(18432K)->18275K(18432K) NonClass: 15612K(15680K)->15612K(15680K) Class: 2663K(2752K)->2663K(2752K)
[143.934s][info][gc             ] GC(426) Pause Young (Allocation Failure) 674M->563M(850M) 63.404ms
[143.934s][info][gc,cpu         ] GC(426) User=0.13s Sys=0.00s Real=0.06s
[144.054s][info][gc,start       ] GC(427) Pause Young (Allocation Failure)
[144.124s][info][gc,heap        ] GC(427) PSYoungGen: 178187K(203264K)->54603K(211456K) Eden: 131072K(131072K)->0K(134144K) From: 47115K(72192K)->54603K(77312K)
[144.124s][info][gc,heap        ] GC(427) ParOldGen: 529863K(667648K)->529863K(667648K)
[144.124s][info][gc,metaspace   ] GC(427) Metaspace: 18275K(18432K)->18275K(18432K) NonClass: 15612K(15680K)->15612K(15680K) Class: 2663K(2752K)->2663K(2752K)
[144.124s][info][gc             ] GC(427) Pause Young (Allocation Failure) 691M->570M(858M) 69.733ms
[144.124s][info][gc,cpu         ] GC(427) User=0.13s Sys=0.00s Real=0.07s
[144.242s][info][gc,start       ] GC(428) Pause Young (Allocation Failure)
[144.312s][info][gc,heap        ] GC(428) PSYoungGen: 188747K(211456K)->55979K(218112K) Eden: 134144K(134144K)->0K(134144K) From: 54603K(77312K)->55979K(83968K)
[144.313s][info][gc,heap        ] GC(428) ParOldGen: 529863K(667648K)->529863K(667648K)
[144.313s][info][gc,metaspace   ] GC(428) Metaspace: 18275K(18432K)->18275K(18432K) NonClass: 15612K(15680K)->15612K(15680K) Class: 2663K(2752K)->2663K(2752K)
[144.313s][info][gc             ] GC(428) Pause Young (Allocation Failure) 701M->572M(865M) 70.818ms
[144.313s][info][gc,cpu         ] GC(428) User=0.14s Sys=0.00s Real=0.07s
[144.456s][info][gc,start       ] GC(429) Pause Young (Allocation Failure)
[144.543s][info][gc,heap        ] GC(429) PSYoungGen: 190123K(218112K)->59435K(229888K) Eden: 134144K(134144K)->0K(140288K) From: 55979K(83968K)->59435K(89600K)
[144.543s][info][gc,heap        ] GC(429) ParOldGen: 529863K(667648K)->529863K(667648K)
[144.543s][info][gc,metaspace   ] GC(429) Metaspace: 18275K(18432K)->18275K(18432K) NonClass: 15612K(15680K)->15612K(15680K) Class: 2663K(2752K)->2663K(2752K)
[144.543s][info][gc             ] GC(429) Pause Young (Allocation Failure) 703M->575M(876M) 87.008ms
[144.543s][info][gc,cpu         ] GC(429) User=0.16s Sys=0.01s Real=0.09s
[144.659s][info][gc,start       ] GC(430) Pause Young (Allocation Failure)
[144.736s][info][gc,heap        ] GC(430) PSYoungGen: 199723K(229888K)->59499K(200192K) Eden: 140288K(140288K)->0K(140288K) From: 59435K(89600K)->59499K(59904K)
[144.736s][info][gc,heap        ] GC(430) ParOldGen: 529863K(667648K)->529863K(667648K)
[144.736s][info][gc,metaspace   ] GC(430) Metaspace: 18275K(18432K)->18275K(18432K) NonClass: 15612K(15680K)->15612K(15680K) Class: 2663K(2752K)->2663K(2752K)
[144.736s][info][gc             ] GC(430) Pause Young (Allocation Failure) 712M->575M(847M) 77.750ms
[144.736s][info][gc,cpu         ] GC(430) User=0.15s Sys=0.00s Real=0.08s
[144.913s][info][gc,start       ] GC(431) Pause Young (Allocation Failure)
[144.999s][info][gc,heap        ] GC(431) PSYoungGen: 199787K(200192K)->69228K(221184K) Eden: 140288K(140288K)->0K(121856K) From: 59499K(59904K)->69228K(99328K)
[144.999s][info][gc,heap        ] GC(431) ParOldGen: 529863K(667648K)->529943K(667648K)
[144.999s][info][gc,metaspace   ] GC(431) Metaspace: 18275K(18432K)->18275K(18432K) NonClass: 15612K(15680K)->15612K(15680K) Class: 2663K(2752K)->2663K(2752K)
[144.999s][info][gc             ] GC(431) Pause Young (Allocation Failure) 712M->585M(868M) 86.725ms
[144.999s][info][gc,cpu         ] GC(431) User=0.17s Sys=0.01s Real=0.08s
[145.110s][info][gc,start       ] GC(432) Pause Young (Allocation Failure)
[145.205s][info][gc,heap        ] GC(432) PSYoungGen: 191084K(221184K)->82859K(204800K) Eden: 121856K(121856K)->0K(121856K) From: 69228K(99328K)->82859K(82944K)
[145.205s][info][gc,heap        ] GC(432) ParOldGen: 529943K(667648K)->530055K(667648K)
[145.205s][info][gc,metaspace   ] GC(432) Metaspace: 18275K(18432K)->18275K(18432K) NonClass: 15612K(15680K)->15612K(15680K) Class: 2663K(2752K)->2663K(2752K)
[145.205s][info][gc             ] GC(432) Pause Young (Allocation Failure) 704M->598M(852M) 94.769ms
[145.205s][info][gc,cpu         ] GC(432) User=0.19s Sys=0.00s Real=0.09s
[145.381s][info][gc,start       ] GC(433) Pause Young (Allocation Failure)
[145.504s][info][gc,heap        ] GC(433) PSYoungGen: 204715K(204800K)->102700K(222720K) Eden: 121856K(121856K)->0K(111616K) From: 82859K(82944K)->102700K(111104K)
[145.504s][info][gc,heap        ] GC(433) ParOldGen: 530055K(667648K)->530207K(667648K)
[145.504s][info][gc,metaspace   ] GC(433) Metaspace: 18275K(18432K)->18275K(18432K) NonClass: 15612K(15680K)->15612K(15680K) Class: 2663K(2752K)->2663K(2752K)
[145.504s][info][gc             ] GC(433) Pause Young (Allocation Failure) 717M->618M(869M) 123.728ms
[145.504s][info][gc,cpu         ] GC(433) User=0.23s Sys=0.01s Real=0.12s
[145.680s][info][gc,start       ] GC(434) Pause Young (Allocation Failure)
[145.813s][info][gc,heap        ] GC(434) PSYoungGen: 214316K(222720K)->111088K(222720K) Eden: 111616K(111616K)->0K(111616K) From: 102700K(111104K)->111088K(111104K)
[145.813s][info][gc,heap        ] GC(434) ParOldGen: 530207K(667648K)->542819K(667648K)
[145.813s][info][gc,metaspace   ] GC(434) Metaspace: 18275K(18432K)->18275K(18432K) NonClass: 15612K(15680K)->15612K(15680K) Class: 2663K(2752K)->2663K(2752K)
[145.813s][info][gc             ] GC(434) Pause Young (Allocation Failure) 727M->638M(869M) 133.371ms
[145.813s][info][gc,cpu         ] GC(434) User=0.26s Sys=0.00s Real=0.14s
[145.901s][info][gc,start       ] GC(435) Pause Young (Allocation Failure)
[146.027s][info][gc,heap        ] GC(435) PSYoungGen: 222704K(222720K)->105488K(222720K) Eden: 111616K(111616K)->0K(111616K) From: 111088K(111104K)->105488K(111104K)
[146.027s][info][gc,heap        ] GC(435) ParOldGen: 542819K(667648K)->549179K(667648K)
[146.027s][info][gc,metaspace   ] GC(435) Metaspace: 18275K(18432K)->18275K(18432K) NonClass: 15612K(15680K)->15612K(15680K) Class: 2663K(2752K)->2663K(2752K)
[146.027s][info][gc             ] GC(435) Pause Young (Allocation Failure) 747M->639M(869M) 126.753ms
[146.028s][info][gc,cpu         ] GC(435) User=0.24s Sys=0.01s Real=0.12s
[146.156s][info][gc,start       ] GC(436) Pause Young (Allocation Failure)
[146.257s][info][gc,heap        ] GC(436) PSYoungGen: 217104K(222720K)->79456K(222720K) Eden: 111616K(111616K)->0K(111616K) From: 105488K(111104K)->79456K(111104K)
[146.257s][info][gc,heap        ] GC(436) ParOldGen: 549179K(667648K)->577075K(667648K)
[146.257s][info][gc,metaspace   ] GC(436) Metaspace: 18275K(18432K)->18275K(18432K) NonClass: 15612K(15680K)->15612K(15680K) Class: 2663K(2752K)->2663K(2752K)
[146.257s][info][gc             ] GC(436) Pause Young (Allocation Failure) 748M->641M(869M) 101.983ms
[146.258s][info][gc,cpu         ] GC(436) User=0.20s Sys=0.00s Real=0.10s
[146.390s][info][gc,start       ] GC(437) Pause Young (Allocation Failure)
[146.472s][info][gc,heap        ] GC(437) PSYoungGen: 191072K(222720K)->74832K(222720K) Eden: 111616K(111616K)->0K(111616K) From: 79456K(111104K)->74832K(111104K)
[146.472s][info][gc,heap        ] GC(437) ParOldGen: 577075K(667648K)->585995K(667648K)
[146.472s][info][gc,metaspace   ] GC(437) Metaspace: 18275K(18432K)->18275K(18432K) NonClass: 15612K(15680K)->15612K(15680K) Class: 2663K(2752K)->2663K(2752K)
[146.472s][info][gc             ] GC(437) Pause Young (Allocation Failure) 750M->645M(869M) 82.495ms
[146.472s][info][gc,cpu         ] GC(437) User=0.17s Sys=0.00s Real=0.08s
[146.580s][info][gc,start       ] GC(438) Pause Young (Allocation Failure)
[146.653s][info][gc,heap        ] GC(438) PSYoungGen: 186448K(222720K)->71344K(222720K) Eden: 111616K(111616K)->0K(111616K) From: 74832K(111104K)->71344K(111104K)
[146.653s][info][gc,heap        ] GC(438) ParOldGen: 585995K(667648K)->589531K(667648K)
[146.653s][info][gc,metaspace   ] GC(438) Metaspace: 18275K(18432K)->18275K(18432K) NonClass: 15612K(15680K)->15612K(15680K) Class: 2663K(2752K)->2663K(2752K)
[146.653s][info][gc             ] GC(438) Pause Young (Allocation Failure) 754M->645M(869M) 72.602ms
[146.653s][info][gc,cpu         ] GC(438) User=0.14s Sys=0.00s Real=0.07s
[146.765s][info][gc,start       ] GC(439) Pause Young (Allocation Failure)
[146.838s][info][gc,heap        ] GC(439) PSYoungGen: 182960K(222720K)->50176K(222720K) Eden: 111616K(111616K)->0K(111616K) From: 71344K(111104K)->50176K(111104K)
[146.838s][info][gc,heap        ] GC(439) ParOldGen: 589531K(667648K)->613108K(667648K)
[146.838s][info][gc,metaspace   ] GC(439) Metaspace: 18275K(18432K)->18275K(18432K) NonClass: 15612K(15680K)->15612K(15680K) Class: 2663K(2752K)->2663K(2752K)
[146.838s][info][gc             ] GC(439) Pause Young (Allocation Failure) 754M->647M(869M) 72.710ms
[146.838s][info][gc,cpu         ] GC(439) User=0.14s Sys=0.00s Real=0.07s
[146.991s][info][gc,start       ] GC(440) Pause Young (Allocation Failure)
[147.051s][info][gc,heap        ] GC(440) PSYoungGen: 161792K(222720K)->20224K(222720K) Eden: 111616K(111616K)->0K(111616K) From: 50176K(111104K)->20224K(111104K)
[147.051s][info][gc,heap        ] GC(440) ParOldGen: 613108K(667648K)->654196K(667648K)
[147.051s][info][gc,metaspace   ] GC(440) Metaspace: 18275K(18432K)->18275K(18432K) NonClass: 15612K(15680K)->15612K(15680K) Class: 2663K(2752K)->2663K(2752K)
[147.051s][info][gc             ] GC(440) Pause Young (Allocation Failure) 756M->658M(869M) 60.215ms
[147.051s][info][gc,cpu         ] GC(440) User=0.12s Sys=0.00s Real=0.06s
[147.282s][info][gc,start       ] GC(441) Pause Full (Allocation Failure)
[147.282s][info][gc,phases,start] GC(441) Marking Phase
[147.541s][info][gc,phases      ] GC(441) Marking Phase 258.841ms
[147.541s][info][gc,phases,start] GC(441) Summary Phase
[147.541s][info][gc,phases      ] GC(441) Summary Phase 0.029ms
[147.541s][info][gc,phases,start] GC(441) Forward
[147.676s][info][gc,phases      ] GC(441) Forward 134.804ms
[147.676s][info][gc,phases,start] GC(441) Adjust Pointers
[147.874s][info][gc,phases      ] GC(441) Adjust Pointers 198.184ms
[147.874s][info][gc,phases,start] GC(441) Compaction Phase
[147.992s][info][gc,phases      ] GC(441) Compaction Phase 118.033ms
[148.003s][info][gc,phases,start] GC(441) Post Compact
[148.006s][info][gc,phases      ] GC(441) Post Compact 2.218ms
[148.006s][info][gc,heap        ] GC(441) PSYoungGen: 131840K(222720K)->0K(222720K) Eden: 111616K(111616K)->0K(111616K) From: 20224K(111104K)->0K(111104K)
[148.006s][info][gc,heap        ] GC(441) ParOldGen: 654196K(667648K)->369332K(663552K)
[148.006s][info][gc,metaspace   ] GC(441) Metaspace: 18275K(18432K)->18275K(18432K) NonClass: 15612K(15680K)->15612K(15680K) Class: 2663K(2752K)->2663K(2752K)
[148.006s][info][gc             ] GC(441) Pause Full (Allocation Failure) 767M->360M(865M) 724.322ms
[148.006s][info][gc,cpu         ] GC(441) User=1.27s Sys=0.00s Real=0.72s
[148.336s][info][gc,start       ] GC(442) Pause Young (Allocation Failure)
[148.338s][info][gc,heap        ] GC(442) PSYoungGen: 111616K(222720K)->192K(222720K) Eden: 111616K(111616K)->0K(111616K) From: 0K(111104K)->192K(111104K)
[148.338s][info][gc,heap        ] GC(442) ParOldGen: 369332K(663552K)->369332K(663552K)
[148.338s][info][gc,metaspace   ] GC(442) Metaspace: 18275K(18432K)->18275K(18432K) NonClass: 15612K(15680K)->15612K(15680K) Class: 2663K(2752K)->2663K(2752K)
[148.338s][info][gc             ] GC(442) Pause Young (Allocation Failure) 469M->360M(865M) 1.970ms
[148.338s][info][gc,cpu         ] GC(442) User=0.00s Sys=0.00s Real=0.00s
[148.611s][info][gc,start       ] GC(443) Pause Young (Allocation Failure)
[148.613s][info][gc,heap        ] GC(443) PSYoungGen: 111808K(222720K)->304K(222720K) Eden: 111616K(111616K)->0K(111616K) From: 192K(111104K)->304K(111104K)
[148.613s][info][gc,heap        ] GC(443) ParOldGen: 369332K(663552K)->369332K(663552K)
[148.613s][info][gc,metaspace   ] GC(443) Metaspace: 18275K(18432K)->18275K(18432K) NonClass: 15612K(15680K)->15612K(15680K) Class: 2663K(2752K)->2663K(2752K)
[148.613s][info][gc             ] GC(443) Pause Young (Allocation Failure) 469M->360M(865M) 2.053ms
[148.613s][info][gc,cpu         ] GC(443) User=0.01s Sys=0.00s Real=0.00s
[148.848s][info][gc,start       ] GC(444) Pause Young (Allocation Failure)
[148.850s][info][gc,heap        ] GC(444) PSYoungGen: 111920K(222720K)->288K(222720K) Eden: 111616K(111616K)->0K(111616K) From: 304K(111104K)->288K(111104K)
[148.850s][info][gc,heap        ] GC(444) ParOldGen: 369332K(663552K)->369332K(663552K)
[148.850s][info][gc,metaspace   ] GC(444) Metaspace: 18275K(18432K)->18275K(18432K) NonClass: 15612K(15680K)->15612K(15680K) Class: 2663K(2752K)->2663K(2752K)
[148.851s][info][gc             ] GC(444) Pause Young (Allocation Failure) 469M->360M(865M) 2.053ms
[148.851s][info][gc,cpu         ] GC(444) User=0.01s Sys=0.00s Real=0.01s
[149.078s][info][gc,start       ] GC(445) Pause Young (Allocation Failure)
[149.081s][info][gc,heap        ] GC(445) PSYoungGen: 111904K(222720K)->64K(222720K) Eden: 111616K(111616K)->0K(111616K) From: 288K(111104K)->64K(111104K)
[149.081s][info][gc,heap        ] GC(445) ParOldGen: 369332K(663552K)->369557K(663552K)
[149.081s][info][gc,metaspace   ] GC(445) Metaspace: 18275K(18432K)->18275K(18432K) NonClass: 15612K(15680K)->15612K(15680K) Class: 2663K(2752K)->2663K(2752K)
[149.081s][info][gc             ] GC(445) Pause Young (Allocation Failure) 469M->360M(865M) 2.669ms
[149.081s][info][gc,cpu         ] GC(445) User=0.00s Sys=0.00s Real=0.01s
[149.389s][info][gc,start       ] GC(446) Pause Young (Allocation Failure)
[149.393s][info][gc,heap        ] GC(446) PSYoungGen: 111680K(222720K)->1440K(222720K) Eden: 111616K(111616K)->0K(111616K) From: 64K(111104K)->1440K(111104K)
[149.393s][info][gc,heap        ] GC(446) ParOldGen: 369557K(663552K)->369605K(663552K)
[149.393s][info][gc,metaspace   ] GC(446) Metaspace: 18275K(18432K)->18275K(18432K) NonClass: 15612K(15680K)->15612K(15680K) Class: 2663K(2752K)->2663K(2752K)
[149.393s][info][gc             ] GC(446) Pause Young (Allocation Failure) 469M->362M(865M) 3.757ms
[149.393s][info][gc,cpu         ] GC(446) User=0.01s Sys=0.00s Real=0.01s
[149.568s][info][gc,start       ] GC(447) Pause Young (Allocation Failure)
[149.580s][info][gc,heap        ] GC(447) PSYoungGen: 113056K(222720K)->11584K(222720K) Eden: 111616K(111616K)->0K(111616K) From: 1440K(111104K)->11584K(111104K)
[149.580s][info][gc,heap        ] GC(447) ParOldGen: 369605K(663552K)->371045K(663552K)
[149.580s][info][gc,metaspace   ] GC(447) Metaspace: 18277K(18432K)->18277K(18432K) NonClass: 15614K(15680K)->15614K(15680K) Class: 2663K(2752K)->2663K(2752K)
[149.580s][info][gc             ] GC(447) Pause Young (Allocation Failure) 471M->373M(865M) 12.422ms
[149.580s][info][gc,cpu         ] GC(447) User=0.02s Sys=0.00s Real=0.02s
[149.666s][info][gc,start       ] GC(448) Pause Young (Allocation Failure)
[149.713s][info][gc,heap        ] GC(448) PSYoungGen: 123200K(222720K)->48341K(222720K) Eden: 111616K(111616K)->0K(111616K) From: 11584K(111104K)->48341K(111104K)
[149.713s][info][gc,heap        ] GC(448) ParOldGen: 371045K(663552K)->382637K(663552K)
[149.713s][info][gc,metaspace   ] GC(448) Metaspace: 18277K(18432K)->18277K(18432K) NonClass: 15614K(15680K)->15614K(15680K) Class: 2663K(2752K)->2663K(2752K)
[149.713s][info][gc             ] GC(448) Pause Young (Allocation Failure) 482M->420M(865M) 46.403ms
[149.713s][info][gc,cpu         ] GC(448) User=0.09s Sys=0.00s Real=0.05s
[149.763s][info][gc,start       ] GC(449) Pause Young (Allocation Failure)
[149.830s][info][gc,heap        ] GC(449) PSYoungGen: 159957K(222720K)->46912K(222720K) Eden: 111616K(111616K)->0K(111616K) From: 48341K(111104K)->46912K(111104K)
[149.830s][info][gc,heap        ] GC(449) ParOldGen: 382637K(663552K)->431532K(663552K)
[149.830s][info][gc,metaspace   ] GC(449) Metaspace: 18277K(18432K)->18277K(18432K) NonClass: 15614K(15680K)->15614K(15680K) Class: 2663K(2752K)->2663K(2752K)
[149.830s][info][gc             ] GC(449) Pause Young (Allocation Failure) 529M->467M(865M) 67.450ms
[149.830s][info][gc,cpu         ] GC(449) User=0.13s Sys=0.00s Real=0.07s
[149.913s][info][gc,start       ] GC(450) Pause Young (Allocation Failure)
[149.976s][info][gc,heap        ] GC(450) PSYoungGen: 158528K(222720K)->46560K(222720K) Eden: 111616K(111616K)->0K(111616K) From: 46912K(111104K)->46560K(111104K)
[149.976s][info][gc,heap        ] GC(450) ParOldGen: 431532K(663552K)->479060K(663552K)
[149.976s][info][gc,metaspace   ] GC(450) Metaspace: 18277K(18432K)->18277K(18432K) NonClass: 15614K(15680K)->15614K(15680K) Class: 2663K(2752K)->2663K(2752K)
[149.976s][info][gc             ] GC(450) Pause Young (Allocation Failure) 576M->513M(865M) 63.641ms
[149.976s][info][gc,cpu         ] GC(450) User=0.13s Sys=0.00s Real=0.06s
[150.054s][info][gc,start       ] GC(451) Pause Young (Allocation Failure)
[150.131s][info][gc,heap        ] GC(451) PSYoungGen: 158176K(222720K)->43520K(221696K) Eden: 111616K(111616K)->0K(111616K) From: 46560K(111104K)->43520K(110080K)
[150.131s][info][gc,heap        ] GC(451) ParOldGen: 479060K(663552K)->526104K(663552K)
[150.131s][info][gc,metaspace   ] GC(451) Metaspace: 18277K(18432K)->18277K(18432K) NonClass: 15614K(15680K)->15614K(15680K) Class: 2663K(2752K)->2663K(2752K)
[150.131s][info][gc             ] GC(451) Pause Young (Allocation Failure) 622M->556M(864M) 77.108ms
[150.131s][info][gc,cpu         ] GC(451) User=0.15s Sys=0.00s Real=0.08s
[150.368s][info][gc,start       ] GC(452) Pause Young (Allocation Failure)
[150.430s][info][gc,heap        ] GC(452) PSYoungGen: 155136K(221696K)->14976K(126976K) Eden: 111616K(111616K)->0K(111616K) From: 43520K(110080K)->14976K(15360K)
[150.430s][info][gc,heap        ] GC(452) ParOldGen: 526104K(663552K)->570188K(663552K)
[150.430s][info][gc,metaspace   ] GC(452) Metaspace: 18277K(18432K)->18277K(18432K) NonClass: 15614K(15680K)->15614K(15680K) Class: 2663K(2752K)->2663K(2752K)
[150.430s][info][gc             ] GC(452) Pause Young (Allocation Failure) 665M->571M(772M) 61.971ms
[150.430s][info][gc,cpu         ] GC(452) User=0.13s Sys=0.00s Real=0.07s
[150.644s][info][gc,start       ] GC(453) Pause Young (Allocation Failure)
[150.677s][info][gc,heap        ] GC(453) PSYoungGen: 126592K(126976K)->1440K(221184K) Eden: 111616K(111616K)->0K(114176K) From: 14976K(15360K)->1440K(107008K)
[150.677s][info][gc,heap        ] GC(453) ParOldGen: 570188K(663552K)->585164K(663552K)
[150.677s][info][gc,metaspace   ] GC(453) Metaspace: 18277K(18432K)->18277K(18432K) NonClass: 15614K(15680K)->15614K(15680K) Class: 2663K(2752K)->2663K(2752K)
[150.677s][info][gc             ] GC(453) Pause Young (Allocation Failure) 680M->572M(864M) 33.114ms
[150.677s][info][gc,cpu         ] GC(453) User=0.07s Sys=0.00s Real=0.03s
[150.785s][info][gc,start       ] GC(454) Pause Young (Allocation Failure)
[150.801s][info][gc,heap        ] GC(454) PSYoungGen: 115616K(221184K)->3520K(220160K) Eden: 114176K(114176K)->0K(114176K) From: 1440K(107008K)->3520K(105984K)
[150.801s][info][gc,heap        ] GC(454) ParOldGen: 585164K(663552K)->586596K(663552K)
[150.801s][info][gc,metaspace   ] GC(454) Metaspace: 18277K(18432K)->18277K(18432K) NonClass: 15614K(15680K)->15614K(15680K) Class: 2663K(2752K)->2663K(2752K)
[150.801s][info][gc             ] GC(454) Pause Young (Allocation Failure) 684M->576M(863M) 16.108ms
[150.801s][info][gc,cpu         ] GC(454) User=0.03s Sys=0.00s Real=0.02s
[150.932s][info][gc,start       ] GC(455) Pause Young (Allocation Failure)
[150.963s][info][gc,heap        ] GC(455) PSYoungGen: 117696K(220160K)->10126K(222720K) Eden: 114176K(114176K)->0K(124416K) From: 3520K(105984K)->10126K(98304K)
[150.963s][info][gc,heap        ] GC(455) ParOldGen: 586596K(663552K)->586596K(663552K)
[150.963s][info][gc,metaspace   ] GC(455) Metaspace: 18277K(18432K)->18277K(18432K) NonClass: 15614K(15680K)->15614K(15680K) Class: 2663K(2752K)->2663K(2752K)
[150.963s][info][gc             ] GC(455) Pause Young (Allocation Failure) 687M->582M(865M) 31.241ms
[150.963s][info][gc,cpu         ] GC(455) User=0.06s Sys=0.00s Real=0.03s
[151.141s][info][gc,start       ] GC(456) Pause Young (Allocation Failure)
[151.199s][info][gc,heap        ] GC(456) PSYoungGen: 134542K(222720K)->30670K(223232K) Eden: 124416K(124416K)->0K(124416K) From: 10126K(98304K)->30670K(98816K)
[151.199s][info][gc,heap        ] GC(456) ParOldGen: 586596K(663552K)->586596K(663552K)
[151.199s][info][gc,metaspace   ] GC(456) Metaspace: 18277K(18432K)->18277K(18432K) NonClass: 15614K(15680K)->15614K(15680K) Class: 2663K(2752K)->2663K(2752K)
[151.199s][info][gc             ] GC(456) Pause Young (Allocation Failure) 704M->602M(866M) 57.635ms
[151.199s][info][gc,cpu         ] GC(456) User=0.11s Sys=0.00s Real=0.05s
[151.389s][info][gc,start       ] GC(457) Pause Young (Allocation Failure)
[151.447s][info][gc,heap        ] GC(457) PSYoungGen: 155086K(223232K)->30670K(217600K) Eden: 124416K(124416K)->0K(135680K) From: 30670K(98816K)->30670K(81920K)
[151.447s][info][gc,heap        ] GC(457) ParOldGen: 586596K(663552K)->586596K(663552K)
[151.447s][info][gc,metaspace   ] GC(457) Metaspace: 18277K(18432K)->18277K(18432K) NonClass: 15614K(15680K)->15614K(15680K) Class: 2663K(2752K)->2663K(2752K)
[151.447s][info][gc             ] GC(457) Pause Young (Allocation Failure) 724M->602M(860M) 58.187ms
[151.447s][info][gc,cpu         ] GC(457) User=0.11s Sys=0.00s Real=0.06s
[151.645s][info][gc,start       ] GC(458) Pause Young (Allocation Failure)
[151.703s][info][gc,heap        ] GC(458) PSYoungGen: 166350K(217600K)->30670K(223232K) Eden: 135680K(135680K)->0K(135680K) From: 30670K(81920K)->30670K(87552K)
[151.703s][info][gc,heap        ] GC(458) ParOldGen: 586596K(663552K)->586596K(663552K)
[151.703s][info][gc,metaspace   ] GC(458) Metaspace: 18277K(18432K)->18277K(18432K) NonClass: 15614K(15680K)->15614K(15680K) Class: 2663K(2752K)->2663K(2752K)
[151.703s][info][gc             ] GC(458) Pause Young (Allocation Failure) 735M->602M(866M) 57.522ms
[151.703s][info][gc,cpu         ] GC(458) User=0.11s Sys=0.00s Real=0.06s
[151.906s][info][gc,start       ] GC(459) Pause Young (Allocation Failure)
[151.964s][info][gc,heap        ] GC(459) PSYoungGen: 166350K(223232K)->30679K(221696K) Eden: 135680K(135680K)->0K(147968K) From: 30670K(87552K)->30679K(73728K)
[151.964s][info][gc,heap        ] GC(459) ParOldGen: 586596K(663552K)->586596K(663552K)
[151.964s][info][gc,metaspace   ] GC(459) Metaspace: 18277K(18432K)->18277K(18432K) NonClass: 15614K(15680K)->15614K(15680K) Class: 2663K(2752K)->2663K(2752K)
[151.964s][info][gc             ] GC(459) Pause Young (Allocation Failure) 735M->602M(864M) 58.366ms
[151.964s][info][gc,cpu         ] GC(459) User=0.12s Sys=0.00s Real=0.06s
[152.186s][info][gc,start       ] GC(460) Pause Young (Allocation Failure)
[152.245s][info][gc,heap        ] GC(460) PSYoungGen: 178647K(221696K)->30670K(226304K) Eden: 147968K(147968K)->0K(147968K) From: 30679K(73728K)->30670K(78336K)
[152.245s][info][gc,heap        ] GC(460) ParOldGen: 586596K(663552K)->586596K(663552K)
[152.245s][info][gc,metaspace   ] GC(460) Metaspace: 18277K(18432K)->18277K(18432K) NonClass: 15614K(15680K)->15614K(15680K) Class: 2663K(2752K)->2663K(2752K)
[152.245s][info][gc             ] GC(460) Pause Young (Allocation Failure) 747M->602M(869M) 58.850ms
[152.245s][info][gc,cpu         ] GC(460) User=0.11s Sys=0.00s Real=0.06s
[152.444s][info][gc,start       ] GC(461) Pause Young (Allocation Failure)
[152.513s][info][gc,heap        ] GC(461) PSYoungGen: 178638K(226304K)->40462K(235520K) Eden: 147968K(147968K)->0K(161280K) From: 30670K(78336K)->40462K(74240K)
[152.513s][info][gc,heap        ] GC(461) ParOldGen: 586596K(663552K)->586596K(663552K)
[152.513s][info][gc,metaspace   ] GC(461) Metaspace: 18277K(18432K)->18277K(18432K) NonClass: 15614K(15680K)->15614K(15680K) Class: 2663K(2752K)->2663K(2752K)
[152.513s][info][gc             ] GC(461) Pause Young (Allocation Failure) 747M->612M(878M) 68.851ms
[152.513s][info][gc,cpu         ] GC(461) User=0.13s Sys=0.01s Real=0.07s
[152.670s][info][gc,start       ] GC(462) Pause Young (Allocation Failure)
[152.756s][info][gc,heap        ] GC(462) PSYoungGen: 201742K(235520K)->59182K(235520K) Eden: 161280K(161280K)->0K(161280K) From: 40462K(74240K)->59182K(74240K)
[152.756s][info][gc,heap        ] GC(462) ParOldGen: 586596K(663552K)->586596K(663552K)
[152.756s][info][gc,metaspace   ] GC(462) Metaspace: 18277K(18432K)->18277K(18432K) NonClass: 15614K(15680K)->15614K(15680K) Class: 2663K(2752K)->2663K(2752K)
[152.756s][info][gc             ] GC(462) Pause Young (Allocation Failure) 769M->630M(878M) 86.260ms
[152.756s][info][gc,cpu         ] GC(462) User=0.17s Sys=0.00s Real=0.08s
[152.897s][info][gc,start       ] GC(463) Pause Young (Allocation Failure)
[152.992s][info][gc,heap        ] GC(463) PSYoungGen: 220462K(235520K)->62062K(240640K) Eden: 161280K(161280K)->0K(159744K) From: 59182K(74240K)->62062K(80896K)
[152.992s][info][gc,heap        ] GC(463) ParOldGen: 586596K(663552K)->586596K(663552K)
[152.992s][info][gc,metaspace   ] GC(463) Metaspace: 18277K(18432K)->18277K(18432K) NonClass: 15614K(15680K)->15614K(15680K) Class: 2663K(2752K)->2663K(2752K)
[152.992s][info][gc             ] GC(463) Pause Young (Allocation Failure) 788M->633M(883M) 94.660ms
[152.992s][info][gc,cpu         ] GC(463) User=0.18s Sys=0.00s Real=0.10s
[153.152s][info][gc,start       ] GC(464) Pause Young (Allocation Failure)
[153.240s][info][gc,heap        ] GC(464) PSYoungGen: 221806K(240640K)->59959K(220160K) Eden: 159744K(159744K)->0K(159744K) From: 62062K(80896K)->59959K(60416K)
[153.240s][info][gc,heap        ] GC(464) ParOldGen: 586596K(663552K)->590076K(663552K)
[153.240s][info][gc,metaspace   ] GC(464) Metaspace: 18277K(18432K)->18277K(18432K) NonClass: 15614K(15680K)->15614K(15680K) Class: 2663K(2752K)->2663K(2752K)
[153.240s][info][gc             ] GC(464) Pause Young (Allocation Failure) 789M->634M(863M) 87.722ms
[153.240s][info][gc,cpu         ] GC(464) User=0.17s Sys=0.00s Real=0.08s
[153.437s][info][gc,start       ] GC(465) Pause Young (Allocation Failure)
[153.524s][info][gc,heap        ] GC(465) PSYoungGen: 219703K(220160K)->61984K(236032K) Eden: 159744K(159744K)->0K(145408K) From: 59959K(60416K)->61984K(90624K)
[153.524s][info][gc,heap        ] GC(465) ParOldGen: 590076K(663552K)->596191K(663552K)
[153.524s][info][gc,metaspace   ] GC(465) Metaspace: 18277K(18432K)->18277K(18432K) NonClass: 15614K(15680K)->15614K(15680K) Class: 2663K(2752K)->2663K(2752K)
[153.524s][info][gc             ] GC(465) Pause Young (Allocation Failure) 790M->642M(878M) 87.428ms
[153.524s][info][gc,cpu         ] GC(465) User=0.18s Sys=0.00s Real=0.09s
[153.831s][info][gc,start       ] GC(466) Pause Young (Allocation Failure)
[153.900s][info][gc,heap        ] GC(466) PSYoungGen: 207392K(236032K)->40960K(186368K) Eden: 145408K(145408K)->0K(145408K) From: 61984K(90624K)->40960K(40960K)
[153.900s][info][gc,heap        ] GC(466) ParOldGen: 596191K(663552K)->617311K(663552K)
[153.900s][info][gc,metaspace   ] GC(466) Metaspace: 18277K(18432K)->18277K(18432K) NonClass: 15614K(15680K)->15614K(15680K) Class: 2663K(2752K)->2663K(2752K)
[153.900s][info][gc             ] GC(466) Pause Young (Allocation Failure) 784M->642M(830M) 69.022ms
[153.901s][info][gc,cpu         ] GC(466) User=0.13s Sys=0.00s Real=0.07s
[154.189s][info][gc,start       ] GC(467) Pause Young (Allocation Failure)
[154.231s][info][gc,heap        ] GC(467) PSYoungGen: 186368K(186368K)->41088K(242688K) Eden: 145408K(145408K)->0K(153600K) From: 40960K(40960K)->41088K(89088K)
[154.231s][info][gc,heap        ] GC(467) ParOldGen: 617311K(663552K)->617311K(663552K)
[154.231s][info][gc,metaspace   ] GC(467) Metaspace: 18277K(18432K)->18277K(18432K) NonClass: 15614K(15680K)->15614K(15680K) Class: 2663K(2752K)->2663K(2752K)
[154.231s][info][gc             ] GC(467) Pause Young (Allocation Failure) 784M->642M(885M) 41.240ms
[154.231s][info][gc,cpu         ] GC(467) User=0.08s Sys=0.01s Real=0.05s
[154.505s][info][gc,start       ] GC(468) Pause Young (Allocation Failure)
[154.546s][info][gc,heap        ] GC(468) PSYoungGen: 194688K(242688K)->41088K(238080K) Eden: 153600K(153600K)->0K(153600K) From: 41088K(89088K)->41088K(84480K)
[154.546s][info][gc,heap        ] GC(468) ParOldGen: 617311K(663552K)->617311K(663552K)
[154.546s][info][gc,metaspace   ] GC(468) Metaspace: 18277K(18432K)->18277K(18432K) NonClass: 15614K(15680K)->15614K(15680K) Class: 2663K(2752K)->2663K(2752K)
[154.546s][info][gc             ] GC(468) Pause Young (Allocation Failure) 792M->642M(880M) 40.557ms
[154.546s][info][gc,cpu         ] GC(468) User=0.08s Sys=0.00s Real=0.04s
[154.764s][info][gc,start       ] GC(469) Pause Young (Allocation Failure)
[154.816s][info][gc,heap        ] GC(469) PSYoungGen: 194688K(238080K)->54144K(239616K) Eden: 153600K(153600K)->0K(159232K) From: 41088K(84480K)->54144K(80384K)
[154.816s][info][gc,heap        ] GC(469) ParOldGen: 617311K(663552K)->617311K(663552K)
[154.816s][info][gc,metaspace   ] GC(469) Metaspace: 18277K(18432K)->18277K(18432K) NonClass: 15614K(15680K)->15614K(15680K) Class: 2663K(2752K)->2663K(2752K)
[154.816s][info][gc             ] GC(469) Pause Young (Allocation Failure) 792M->655M(882M) 52.144ms
[154.816s][info][gc,cpu         ] GC(469) User=0.10s Sys=0.00s Real=0.05s
[155.001s][info][gc,start       ] GC(470) Pause Young (Allocation Failure)
[155.057s][info][gc,heap        ] GC(470) PSYoungGen: 213376K(239616K)->61696K(240640K) Eden: 159232K(159232K)->0K(159232K) From: 54144K(80384K)->61696K(81408K)
[155.057s][info][gc,heap        ] GC(470) ParOldGen: 617311K(663552K)->617311K(663552K)
[155.057s][info][gc,metaspace   ] GC(470) Metaspace: 18277K(18432K)->18277K(18432K) NonClass: 15614K(15680K)->15614K(15680K) Class: 2663K(2752K)->2663K(2752K)
[155.057s][info][gc             ] GC(470) Pause Young (Allocation Failure) 811M->663M(883M) 56.098ms
[155.057s][info][gc,cpu         ] GC(470) User=0.11s Sys=0.00s Real=0.05s
[155.187s][info][gc,start       ] GC(471) Pause Young (Allocation Failure)
[155.296s][info][gc,heap        ] GC(471) PSYoungGen: 220928K(240640K)->84960K(209920K) Eden: 159232K(159232K)->0K(124928K) From: 61696K(81408K)->84960K(84992K)
[155.296s][info][gc,heap        ] GC(471) ParOldGen: 617311K(663552K)->640383K(663552K)
[155.296s][info][gc,metaspace   ] GC(471) Metaspace: 18277K(18432K)->18277K(18432K) NonClass: 15614K(15680K)->15614K(15680K) Class: 2663K(2752K)->2663K(2752K)
[155.296s][info][gc             ] GC(471) Pause Young (Allocation Failure) 818M->708M(853M) 109.172ms
[155.296s][info][gc,cpu         ] GC(471) User=0.21s Sys=0.01s Real=0.11s
[155.500s][info][gc,start       ] GC(472) Pause Full (Allocation Failure)
[155.500s][info][gc,phases,start] GC(472) Marking Phase
[155.788s][info][gc,phases      ] GC(472) Marking Phase 288.089ms
[155.788s][info][gc,phases,start] GC(472) Summary Phase
[155.788s][info][gc,phases      ] GC(472) Summary Phase 0.030ms
[155.788s][info][gc,phases,start] GC(472) Forward
[155.890s][info][gc,phases      ] GC(472) Forward 101.776ms
[155.890s][info][gc,phases,start] GC(472) Adjust Pointers
[156.134s][info][gc,phases      ] GC(472) Adjust Pointers 243.658ms
[156.134s][info][gc,phases,start] GC(472) Compaction Phase
[156.274s][info][gc,phases      ] GC(472) Compaction Phase 139.749ms
[156.289s][info][gc,phases,start] GC(472) Post Compact
[156.291s][info][gc,phases      ] GC(472) Post Compact 2.491ms
[156.291s][info][gc,heap        ] GC(472) PSYoungGen: 209888K(209920K)->0K(229376K) Eden: 124928K(124928K)->0K(124928K) From: 84960K(84992K)->0K(104448K)
[156.291s][info][gc,heap        ] GC(472) ParOldGen: 640383K(663552K)->453213K(667648K)
[156.291s][info][gc,metaspace   ] GC(472) Metaspace: 18278K(18432K)->18278K(18432K) NonClass: 15615K(15680K)->15615K(15680K) Class: 2663K(2752K)->2663K(2752K)
[156.291s][info][gc             ] GC(472) Pause Full (Allocation Failure) 830M->442M(876M) 791.289ms
[156.291s][info][gc,cpu         ] GC(472) User=1.50s Sys=0.00s Real=0.79s
[156.451s][info][gc,start       ] GC(473) Pause Young (Allocation Failure)
[156.453s][info][gc,heap        ] GC(473) PSYoungGen: 124928K(229376K)->128K(223232K) Eden: 124928K(124928K)->0K(118784K) From: 0K(104448K)->128K(104448K)
[156.453s][info][gc,heap        ] GC(473) ParOldGen: 453213K(667648K)->453213K(667648K)
[156.453s][info][gc,metaspace   ] GC(473) Metaspace: 18278K(18432K)->18278K(18432K) NonClass: 15615K(15680K)->15615K(15680K) Class: 2663K(2752K)->2663K(2752K)
[156.453s][info][gc             ] GC(473) Pause Young (Allocation Failure) 564M->442M(870M) 1.952ms
[156.453s][info][gc,cpu         ] GC(473) User=0.00s Sys=0.00s Real=0.00s
[156.604s][info][gc,start       ] GC(474) Pause Young (Allocation Failure)
[156.605s][info][gc,heap        ] GC(474) PSYoungGen: 118912K(223232K)->128K(119296K) Eden: 118784K(118784K)->0K(118784K) From: 128K(104448K)->128K(512K)
[156.605s][info][gc,heap        ] GC(474) ParOldGen: 453213K(667648K)->453213K(667648K)
[156.605s][info][gc,metaspace   ] GC(474) Metaspace: 18278K(18432K)->18278K(18432K) NonClass: 15615K(15680K)->15615K(15680K) Class: 2663K(2752K)->2663K(2752K)
[156.605s][info][gc             ] GC(474) Pause Young (Allocation Failure) 558M->442M(768M) 1.681ms
[156.605s][info][gc,cpu         ] GC(474) User=0.00s Sys=0.00s Real=0.00s
[156.756s][info][gc,start       ] GC(475) Pause Young (Allocation Failure)
[156.758s][info][gc,heap        ] GC(475) PSYoungGen: 118912K(119296K)->128K(224768K) Eden: 118784K(118784K)->0K(115712K) From: 128K(512K)->128K(109056K)
[156.758s][info][gc,heap        ] GC(475) ParOldGen: 453213K(667648K)->453213K(667648K)
[156.758s][info][gc,metaspace   ] GC(475) Metaspace: 18278K(18432K)->18278K(18432K) NonClass: 15615K(15680K)->15615K(15680K) Class: 2663K(2752K)->2663K(2752K)
[156.758s][info][gc             ] GC(475) Pause Young (Allocation Failure) 558M->442M(871M) 1.672ms
[156.758s][info][gc,cpu         ] GC(475) User=0.01s Sys=0.00s Real=0.00s
[156.904s][info][gc,start       ] GC(476) Pause Young (Allocation Failure)
[156.906s][info][gc,heap        ] GC(476) PSYoungGen: 115840K(224768K)->128K(116224K) Eden: 115712K(115712K)->0K(115712K) From: 128K(109056K)->128K(512K)
[156.906s][info][gc,heap        ] GC(476) ParOldGen: 453213K(667648K)->453213K(667648K)
[156.906s][info][gc,metaspace   ] GC(476) Metaspace: 18278K(18432K)->18278K(18432K) NonClass: 15615K(15680K)->15615K(15680K) Class: 2663K(2752K)->2663K(2752K)
[156.906s][info][gc             ] GC(476) Pause Young (Allocation Failure) 555M->442M(765M) 1.929ms
[156.906s][info][gc,cpu         ] GC(476) User=0.00s Sys=0.00s Real=0.00s
[157.059s][info][gc,start       ] GC(477) Pause Young (Allocation Failure)
[157.061s][info][gc,heap        ] GC(477) PSYoungGen: 115840K(116224K)->128K(225280K) Eden: 115712K(115712K)->0K(117248K) From: 128K(512K)->128K(108032K)
[157.061s][info][gc,heap        ] GC(477) ParOldGen: 453213K(667648K)->453213K(667648K)
[157.061s][info][gc,metaspace   ] GC(477) Metaspace: 18278K(18432K)->18278K(18432K) NonClass: 15615K(15680K)->15615K(15680K) Class: 2663K(2752K)->2663K(2752K)
[157.061s][info][gc             ] GC(477) Pause Young (Allocation Failure) 555M->442M(872M) 1.750ms
[157.061s][info][gc,cpu         ] GC(477) User=0.01s Sys=0.00s Real=0.01s
[157.209s][info][gc,start       ] GC(478) Pause Young (Allocation Failure)
[157.211s][info][gc,heap        ] GC(478) PSYoungGen: 117376K(225280K)->128K(117760K) Eden: 117248K(117248K)->0K(117248K) From: 128K(108032K)->128K(512K)
[157.211s][info][gc,heap        ] GC(478) ParOldGen: 453213K(667648K)->453213K(667648K)
[157.211s][info][gc,metaspace   ] GC(478) Metaspace: 18278K(18432K)->18278K(18432K) NonClass: 15615K(15680K)->15615K(15680K) Class: 2663K(2752K)->2663K(2752K)
[157.211s][info][gc             ] GC(478) Pause Young (Allocation Failure) 557M->442M(767M) 2.124ms
[157.211s][info][gc,cpu         ] GC(478) User=0.00s Sys=0.00s Real=0.01s
[157.360s][info][gc,start       ] GC(479) Pause Young (Allocation Failure)
[157.362s][info][gc,heap        ] GC(479) PSYoungGen: 117376K(117760K)->128K(221184K) Eden: 117248K(117248K)->0K(121344K) From: 128K(512K)->128K(99840K)
[157.362s][info][gc,heap        ] GC(479) ParOldGen: 453213K(667648K)->453213K(667648K)
[157.362s][info][gc,metaspace   ] GC(479) Metaspace: 18278K(18432K)->18278K(18432K) NonClass: 15615K(15680K)->15615K(15680K) Class: 2663K(2752K)->2663K(2752K)
[157.362s][info][gc             ] GC(479) Pause Young (Allocation Failure) 557M->442M(868M) 2.023ms
[157.362s][info][gc,cpu         ] GC(479) User=0.00s Sys=0.00s Real=0.00s
[157.490s][info][gc,start       ] GC(480) Pause Young (Allocation Failure)
[157.506s][info][gc,heap        ] GC(480) PSYoungGen: 121472K(221184K)->13152K(134656K) Eden: 121344K(121344K)->0K(121344K) From: 128K(99840K)->13152K(13312K)
[157.506s][info][gc,heap        ] GC(480) ParOldGen: 453213K(667648K)->453213K(667648K)
[157.506s][info][gc,metaspace   ] GC(480) Metaspace: 18278K(18432K)->18278K(18432K) NonClass: 15615K(15680K)->15615K(15680K) Class: 2663K(2752K)->2663K(2752K)
[157.506s][info][gc             ] GC(480) Pause Young (Allocation Failure) 561M->455M(783M) 16.037ms
[157.506s][info][gc,cpu         ] GC(480) User=0.03s Sys=0.00s Real=0.02s
[157.614s][info][gc,start       ] GC(481) Pause Young (Allocation Failure)
[157.641s][info][gc,heap        ] GC(481) PSYoungGen: 134496K(134656K)->25312K(212992K) Eden: 121344K(121344K)->0K(128512K) From: 13152K(13312K)->25312K(84480K)
[157.641s][info][gc,heap        ] GC(481) ParOldGen: 453213K(667648K)->453213K(667648K)
[157.641s][info][gc,metaspace   ] GC(481) Metaspace: 18278K(18432K)->18278K(18432K) NonClass: 15615K(15680K)->15615K(15680K) Class: 2663K(2752K)->2663K(2752K)
[157.641s][info][gc             ] GC(481) Pause Young (Allocation Failure) 573M->467M(860M) 26.849ms
[157.641s][info][gc,cpu         ] GC(481) User=0.05s Sys=0.00s Real=0.03s
[157.746s][info][gc,start       ] GC(482) Pause Young (Allocation Failure)
[157.774s][info][gc,heap        ] GC(482) PSYoungGen: 153824K(212992K)->27072K(217088K) Eden: 128512K(128512K)->0K(128512K) From: 25312K(84480K)->27072K(88576K)
[157.774s][info][gc,heap        ] GC(482) ParOldGen: 453213K(667648K)->453213K(667648K)
[157.774s][info][gc,metaspace   ] GC(482) Metaspace: 18278K(18432K)->18278K(18432K) NonClass: 15615K(15680K)->15615K(15680K) Class: 2663K(2752K)->2663K(2752K)
[157.774s][info][gc             ] GC(482) Pause Young (Allocation Failure) 592M->469M(864M) 27.571ms
[157.774s][info][gc,cpu         ] GC(482) User=0.05s Sys=0.00s Real=0.03s
[157.884s][info][gc,start       ] GC(483) Pause Young (Allocation Failure)
[157.914s][info][gc,heap        ] GC(483) PSYoungGen: 155584K(217088K)->29728K(215552K) Eden: 128512K(128512K)->0K(138240K) From: 27072K(88576K)->29728K(77312K)
[157.914s][info][gc,heap        ] GC(483) ParOldGen: 453213K(667648K)->453213K(667648K)
[157.914s][info][gc,metaspace   ] GC(483) Metaspace: 18278K(18432K)->18278K(18432K) NonClass: 15615K(15680K)->15615K(15680K) Class: 2663K(2752K)->2663K(2752K)
[157.914s][info][gc             ] GC(483) Pause Young (Allocation Failure) 594M->471M(862M) 30.264ms
[157.914s][info][gc,cpu         ] GC(483) User=0.06s Sys=0.00s Real=0.03s
[158.048s][info][gc,start       ] GC(484) Pause Young (Allocation Failure)
[158.080s][info][gc,heap        ] GC(484) PSYoungGen: 167968K(215552K)->33184K(218112K) Eden: 138240K(138240K)->0K(138240K) From: 29728K(77312K)->33184K(79872K)
[158.080s][info][gc,heap        ] GC(484) ParOldGen: 453213K(667648K)->453213K(667648K)
[158.080s][info][gc,metaspace   ] GC(484) Metaspace: 18278K(18432K)->18278K(18432K) NonClass: 15615K(15680K)->15615K(15680K) Class: 2663K(2752K)->2663K(2752K)
[158.080s][info][gc             ] GC(484) Pause Young (Allocation Failure) 606M->474M(865M) 32.584ms
[158.080s][info][gc,cpu         ] GC(484) User=0.07s Sys=0.00s Real=0.04s
[158.208s][info][gc,start       ] GC(485) Pause Young (Allocation Failure)
[158.266s][info][gc,heap        ] GC(485) PSYoungGen: 171424K(218112K)->55776K(220672K) Eden: 138240K(138240K)->0K(143360K) From: 33184K(79872K)->55776K(77312K)
[158.266s][info][gc,heap        ] GC(485) ParOldGen: 453213K(667648K)->453213K(667648K)
[158.266s][info][gc,metaspace   ] GC(485) Metaspace: 18278K(18432K)->18278K(18432K) NonClass: 15615K(15680K)->15615K(15680K) Class: 2663K(2752K)->2663K(2752K)
[158.266s][info][gc             ] GC(485) Pause Young (Allocation Failure) 609M->497M(867M) 57.595ms
[158.266s][info][gc,cpu         ] GC(485) User=0.12s Sys=0.00s Real=0.06s
[158.448s][info][gc,start       ] GC(486) Pause Young (Allocation Failure)
[158.529s][info][gc,heap        ] GC(486) PSYoungGen: 199136K(220672K)->82560K(226816K) Eden: 143360K(143360K)->0K(143360K) From: 55776K(77312K)->82560K(83456K)
[158.529s][info][gc,heap        ] GC(486) ParOldGen: 453213K(667648K)->453213K(667648K)
[158.529s][info][gc,metaspace   ] GC(486) Metaspace: 18279K(18432K)->18279K(18432K) NonClass: 15616K(15680K)->15616K(15680K) Class: 2663K(2752K)->2663K(2752K)
[158.529s][info][gc             ] GC(486) Pause Young (Allocation Failure) 637M->523M(873M) 80.763ms
[158.529s][info][gc,cpu         ] GC(486) User=0.16s Sys=0.00s Real=0.08s
[158.713s][info][gc,start       ] GC(487) Pause Young (Allocation Failure)
[158.825s][info][gc,heap        ] GC(487) PSYoungGen: 225920K(226816K)->98304K(209920K) Eden: 143360K(143360K)->0K(111616K) From: 82560K(83456K)->98304K(98304K)
[158.825s][info][gc,heap        ] GC(487) ParOldGen: 453213K(667648K)->456827K(667648K)
[158.825s][info][gc,metaspace   ] GC(487) Metaspace: 18279K(18432K)->18279K(18432K) NonClass: 15616K(15680K)->15616K(15680K) Class: 2663K(2752K)->2663K(2752K)
[158.825s][info][gc             ] GC(487) Pause Young (Allocation Failure) 663M->542M(857M) 112.292ms
[158.825s][info][gc,cpu         ] GC(487) User=0.19s Sys=0.03s Real=0.11s
[158.912s][info][gc,start       ] GC(488) Pause Young (Allocation Failure)
[159.016s][info][gc,heap        ] GC(488) PSYoungGen: 209920K(209920K)->109984K(222720K) Eden: 111616K(111616K)->0K(111616K) From: 98304K(98304K)->109984K(111104K)
[159.016s][info][gc,heap        ] GC(488) ParOldGen: 456827K(667648K)->456931K(667648K)
[159.016s][info][gc,metaspace   ] GC(488) Metaspace: 18279K(18432K)->18279K(18432K) NonClass: 15616K(15680K)->15616K(15680K) Class: 2663K(2752K)->2663K(2752K)
[159.016s][info][gc             ] GC(488) Pause Young (Allocation Failure) 651M->553M(869M) 103.970ms
[159.016s][info][gc,cpu         ] GC(488) User=0.20s Sys=0.00s Real=0.10s
[159.112s][info][gc,start       ] GC(489) Pause Young (Allocation Failure)
[159.219s][info][gc,heap        ] GC(489) PSYoungGen: 221600K(222720K)->111104K(222720K) Eden: 111616K(111616K)->0K(111616K) From: 109984K(111104K)->111104K(111104K)
[159.219s][info][gc,heap        ] GC(489) ParOldGen: 456931K(667648K)->458915K(667648K)
[159.219s][info][gc,metaspace   ] GC(489) Metaspace: 18279K(18432K)->18279K(18432K) NonClass: 15616K(15680K)->15616K(15680K) Class: 2663K(2752K)->2663K(2752K)
[159.219s][info][gc             ] GC(489) Pause Young (Allocation Failure) 662M->556M(869M) 106.683ms
[159.219s][info][gc,cpu         ] GC(489) User=0.21s Sys=0.01s Real=0.10s
[159.335s][info][gc,start       ] GC(490) Pause Young (Allocation Failure)
[159.438s][info][gc,heap        ] GC(490) PSYoungGen: 222720K(222720K)->111104K(222720K) Eden: 111616K(111616K)->0K(111616K) From: 111104K(111104K)->111104K(111104K)
[159.439s][info][gc,heap        ] GC(490) ParOldGen: 458915K(667648K)->458939K(667648K)
[159.439s][info][gc,metaspace   ] GC(490) Metaspace: 18279K(18432K)->18279K(18432K) NonClass: 15616K(15680K)->15616K(15680K) Class: 2663K(2752K)->2663K(2752K)
[159.439s][info][gc             ] GC(490) Pause Young (Allocation Failure) 665M->556M(869M) 103.913ms
[159.439s][info][gc,cpu         ] GC(490) User=0.21s Sys=0.00s Real=0.10s
[159.564s][info][gc,start       ] GC(491) Pause Young (Allocation Failure)
[159.669s][info][gc,heap        ] GC(491) PSYoungGen: 222720K(222720K)->100672K(222720K) Eden: 111616K(111616K)->0K(111616K) From: 111104K(111104K)->100672K(111104K)
[159.669s][info][gc,heap        ] GC(491) ParOldGen: 458939K(667648K)->470747K(667648K)
[159.669s][info][gc,metaspace   ] GC(491) Metaspace: 18279K(18432K)->18279K(18432K) NonClass: 15616K(15680K)->15616K(15680K) Class: 2663K(2752K)->2663K(2752K)
[159.669s][info][gc             ] GC(491) Pause Young (Allocation Failure) 665M->558M(869M) 105.160ms
[159.669s][info][gc,cpu         ] GC(491) User=0.21s Sys=0.00s Real=0.10s
[159.782s][info][gc,start       ] GC(492) Pause Young (Allocation Failure)
[159.890s][info][gc,heap        ] GC(492) PSYoungGen: 212288K(222720K)->103136K(222720K) Eden: 111616K(111616K)->0K(111616K) From: 100672K(111104K)->103136K(111104K)
[159.890s][info][gc,heap        ] GC(492) ParOldGen: 470747K(667648K)->482571K(667648K)
[159.890s][info][gc,metaspace   ] GC(492) Metaspace: 18279K(18432K)->18279K(18432K) NonClass: 15616K(15680K)->15616K(15680K) Class: 2663K(2752K)->2663K(2752K)
[159.890s][info][gc             ] GC(492) Pause Young (Allocation Failure) 667M->571M(869M) 108.304ms
[159.890s][info][gc,cpu         ] GC(492) User=0.21s Sys=0.00s Real=0.11s
[159.981s][info][gc,start       ] GC(493) Pause Young (Allocation Failure)
[160.087s][info][gc,heap        ] GC(493) PSYoungGen: 214752K(222720K)->102064K(222720K) Eden: 111616K(111616K)->0K(111616K) From: 103136K(111104K)->102064K(111104K)
[160.087s][info][gc,heap        ] GC(493) ParOldGen: 482571K(667648K)->487667K(667648K)
[160.087s][info][gc,metaspace   ] GC(493) Metaspace: 18280K(18432K)->18280K(18432K) NonClass: 15617K(15680K)->15617K(15680K) Class: 2663K(2752K)->2663K(2752K)
[160.087s][info][gc             ] GC(493) Pause Young (Allocation Failure) 680M->575M(869M) 105.560ms
[160.087s][info][gc,cpu         ] GC(493) User=0.21s Sys=0.00s Real=0.10s
[160.181s][info][gc,start       ] GC(494) Pause Young (Allocation Failure)
[160.297s][info][gc,heap        ] GC(494) PSYoungGen: 213680K(222720K)->80752K(222720K) Eden: 111616K(111616K)->0K(111616K) From: 102064K(111104K)->80752K(111104K)
[160.297s][info][gc,heap        ] GC(494) ParOldGen: 487667K(667648K)->536363K(667648K)
[160.297s][info][gc,metaspace   ] GC(494) Metaspace: 18281K(18432K)->18281K(18432K) NonClass: 15618K(15680K)->15618K(15680K) Class: 2663K(2752K)->2663K(2752K)
[160.297s][info][gc             ] GC(494) Pause Young (Allocation Failure) 684M->602M(869M) 116.254ms
[160.297s][info][gc,cpu         ] GC(494) User=0.23s Sys=0.00s Real=0.11s
[160.406s][info][gc,start       ] GC(495) Pause Young (Allocation Failure)
[160.497s][info][gc,heap        ] GC(495) PSYoungGen: 192368K(222720K)->80128K(222720K) Eden: 111616K(111616K)->0K(111616K) From: 80752K(111104K)->80128K(111104K)
[160.497s][info][gc,heap        ] GC(495) ParOldGen: 536363K(667648K)->567155K(667648K)
[160.497s][info][gc,metaspace   ] GC(495) Metaspace: 18284K(18432K)->18284K(18432K) NonClass: 15621K(15680K)->15621K(15680K) Class: 2663K(2752K)->2663K(2752K)
[160.497s][info][gc             ] GC(495) Pause Young (Allocation Failure) 711M->632M(869M) 91.215ms
[160.497s][info][gc,cpu         ] GC(495) User=0.18s Sys=0.00s Real=0.09s
[160.626s][info][gc,start       ] GC(496) Pause Young (Allocation Failure)
[160.699s][info][gc,heap        ] GC(496) PSYoungGen: 191744K(222720K)->96960K(222720K) Eden: 111616K(111616K)->0K(111616K) From: 80128K(111104K)->96960K(111104K)
[160.699s][info][gc,heap        ] GC(496) ParOldGen: 567155K(667648K)->570323K(667648K)
[160.699s][info][gc,metaspace   ] GC(496) Metaspace: 18286K(18432K)->18286K(18432K) NonClass: 15623K(15680K)->15623K(15680K) Class: 2663K(2752K)->2663K(2752K)
[160.699s][info][gc             ] GC(496) Pause Young (Allocation Failure) 741M->651M(869M) 72.698ms
[160.699s][info][gc,cpu         ] GC(496) User=0.14s Sys=0.00s Real=0.07s
[160.868s][info][gc,start       ] GC(497) Pause Young (Allocation Failure)
[160.939s][info][gc,heap        ] GC(497) PSYoungGen: 208576K(222720K)->82568K(222720K) Eden: 111616K(111616K)->0K(111616K) From: 96960K(111104K)->82568K(111104K)
[160.939s][info][gc,heap        ] GC(497) ParOldGen: 570323K(667648K)->585947K(667648K)
[160.939s][info][gc,metaspace   ] GC(497) Metaspace: 18286K(18432K)->18286K(18432K) NonClass: 15623K(15680K)->15623K(15680K) Class: 2663K(2752K)->2663K(2752K)
[160.939s][info][gc             ] GC(497) Pause Young (Allocation Failure) 760M->652M(869M) 70.817ms
[160.939s][info][gc,cpu         ] GC(497) User=0.14s Sys=0.00s Real=0.07s
[161.072s][info][gc,start       ] GC(498) Pause Young (Allocation Failure)
[161.131s][info][gc,heap        ] GC(498) PSYoungGen: 194184K(222720K)->55296K(222720K) Eden: 111616K(111616K)->0K(111616K) From: 82568K(111104K)->55296K(111104K)
[161.131s][info][gc,heap        ] GC(498) ParOldGen: 585947K(667648K)->617558K(667648K)
[161.131s][info][gc,metaspace   ] GC(498) Metaspace: 18286K(18432K)->18286K(18432K) NonClass: 15623K(15680K)->15623K(15680K) Class: 2663K(2752K)->2663K(2752K)
[161.131s][info][gc             ] GC(498) Pause Young (Allocation Failure) 761M->657M(869M) 59.366ms
[161.132s][info][gc,cpu         ] GC(498) User=0.12s Sys=0.00s Real=0.06s
[161.207s][info][gc,start       ] GC(499) Pause Young (Allocation Failure)
[161.258s][info][gc,promotion   ] GC(499) Promotion failed
[161.258s][info][gc,heap        ] GC(499) PSYoungGen: 166912K(222720K)->166912K(222720K) Eden: 111616K(111616K)->111616K(111616K) From: 55296K(111104K)->55296K(111104K)
[161.258s][info][gc,heap        ] GC(499) ParOldGen: 617558K(667648K)->667646K(667648K)
[161.258s][info][gc,metaspace   ] GC(499) Metaspace: 18286K(18432K)->18286K(18432K) NonClass: 15623K(15680K)->15623K(15680K) Class: 2663K(2752K)->2663K(2752K)
[161.258s][info][gc             ] GC(499) Pause Young (Allocation Failure) 766M->814M(869M) 50.754ms
[161.258s][info][gc,cpu         ] GC(499) User=0.10s Sys=0.00s Real=0.05s
[161.258s][info][gc,start       ] GC(500) Pause Full (Allocation Failure)
[161.258s][info][gc,phases,start] GC(500) Marking Phase
[161.728s][info][gc,phases      ] GC(500) Marking Phase 470.050ms
[161.728s][info][gc,phases,start] GC(500) Summary Phase
[161.728s][info][gc,phases      ] GC(500) Summary Phase 0.025ms
[161.728s][info][gc,phases,start] GC(500) Forward
[161.779s][info][gc,phases      ] GC(500) Forward 50.859ms
[161.779s][info][gc,phases,start] GC(500) Adjust Pointers
[162.100s][info][gc,phases      ] GC(500) Adjust Pointers 320.919ms
[162.100s][info][gc,phases,start] GC(500) Compaction Phase
[162.263s][info][gc,phases      ] GC(500) Compaction Phase 163.430ms
[162.263s][info][gc,phases,start] GC(500) Post Compact
[162.266s][info][gc,phases      ] GC(500) Post Compact 2.373ms
[162.266s][info][gc,heap        ] GC(500) PSYoungGen: 166912K(222720K)->9873K(222720K) Eden: 111616K(111616K)->0K(111616K) From: 55296K(111104K)->9873K(111104K)
[162.266s][info][gc,heap        ] GC(500) ParOldGen: 667646K(667648K)->667298K(667648K)
[162.266s][info][gc,metaspace   ] GC(500) Metaspace: 18286K(18432K)->18286K(18432K) NonClass: 15623K(15680K)->15623K(15680K) Class: 2663K(2752K)->2663K(2752K)
[162.266s][info][gc             ] GC(500) Pause Full (Allocation Failure) 814M->661M(869M) 1008.038ms
[162.266s][info][gc,cpu         ] GC(500) User=1.96s Sys=0.00s Real=1.01s
[162.423s][info][gc,start       ] GC(501) Pause Full (Allocation Failure)
[162.423s][info][gc,phases,start] GC(501) Marking Phase
[162.888s][info][gc,phases      ] GC(501) Marking Phase 465.008ms
[162.888s][info][gc,phases,start] GC(501) Summary Phase
[162.888s][info][gc,phases      ] GC(501) Summary Phase 0.027ms
[162.888s][info][gc,phases,start] GC(501) Forward
[162.891s][info][gc,phases      ] GC(501) Forward 3.082ms
[162.891s][info][gc,phases,start] GC(501) Adjust Pointers
[163.203s][info][gc,phases      ] GC(501) Adjust Pointers 311.098ms
[163.203s][info][gc,phases,start] GC(501) Compaction Phase
[163.344s][info][gc,phases      ] GC(501) Compaction Phase 141.577ms
[163.344s][info][gc,phases,start] GC(501) Post Compact
[163.346s][info][gc,phases      ] GC(501) Post Compact 2.257ms
[163.347s][info][gc,heap        ] GC(501) PSYoungGen: 121489K(222720K)->9867K(222720K) Eden: 111616K(111616K)->0K(111616K) From: 9873K(111104K)->9867K(111104K)
[163.347s][info][gc,heap        ] GC(501) ParOldGen: 667298K(667648K)->667585K(667648K)
[163.347s][info][gc,metaspace   ] GC(501) Metaspace: 18286K(18432K)->18286K(18432K) NonClass: 15623K(15680K)->15623K(15680K) Class: 2663K(2752K)->2663K(2752K)
[163.347s][info][gc             ] GC(501) Pause Full (Allocation Failure) 770M->661M(869M) 923.486ms
[163.347s][info][gc,cpu         ] GC(501) User=1.82s Sys=0.00s Real=0.92s
[163.485s][info][gc,start       ] GC(502) Pause Full (Allocation Failure)
[163.485s][info][gc,phases,start] GC(502) Marking Phase
[163.950s][info][gc,phases      ] GC(502) Marking Phase 465.515ms
[163.950s][info][gc,phases,start] GC(502) Summary Phase
[163.950s][info][gc,phases      ] GC(502) Summary Phase 0.026ms
[163.950s][info][gc,phases,start] GC(502) Forward
[163.954s][info][gc,phases      ] GC(502) Forward 3.562ms
[163.954s][info][gc,phases,start] GC(502) Adjust Pointers
[164.266s][info][gc,phases      ] GC(502) Adjust Pointers 311.942ms
[164.266s][info][gc,phases,start] GC(502) Compaction Phase
[164.408s][info][gc,phases      ] GC(502) Compaction Phase 142.612ms
[164.409s][info][gc,phases,start] GC(502) Post Compact
[164.411s][info][gc,phases      ] GC(502) Post Compact 2.271ms
[164.411s][info][gc,heap        ] GC(502) PSYoungGen: 121483K(222720K)->10390K(222720K) Eden: 111616K(111616K)->10390K(111616K) From: 9867K(111104K)->0K(111104K)
[164.411s][info][gc,heap        ] GC(502) ParOldGen: 667585K(667648K)->667646K(667648K)
[164.411s][info][gc,metaspace   ] GC(502) Metaspace: 18286K(18432K)->18286K(18432K) NonClass: 15623K(15680K)->15623K(15680K) Class: 2663K(2752K)->2663K(2752K)
[164.411s][info][gc             ] GC(502) Pause Full (Allocation Failure) 770M->662M(869M) 926.389ms
[164.411s][info][gc,cpu         ] GC(502) User=1.81s Sys=0.00s Real=0.93s
[164.508s][info][gc,start       ] GC(503) Pause Full (Allocation Failure)
[164.508s][info][gc,phases,start] GC(503) Marking Phase
[164.983s][info][gc,phases      ] GC(503) Marking Phase 474.869ms
[164.983s][info][gc,phases,start] GC(503) Summary Phase
[164.983s][info][gc,phases      ] GC(503) Summary Phase 0.026ms
[164.983s][info][gc,phases,start] GC(503) Forward
[164.990s][info][gc,phases      ] GC(503) Forward 6.744ms
[164.990s][info][gc,phases,start] GC(503) Adjust Pointers
[165.309s][info][gc,phases      ] GC(503) Adjust Pointers 318.522ms
[165.309s][info][gc,phases,start] GC(503) Compaction Phase
[165.453s][info][gc,phases      ] GC(503) Compaction Phase 144.244ms
[165.453s][info][gc,phases,start] GC(503) Post Compact
[165.455s][info][gc,phases      ] GC(503) Post Compact 2.242ms
[165.455s][info][gc,heap        ] GC(503) PSYoungGen: 111616K(222720K)->11506K(222720K) Eden: 111616K(111616K)->11506K(111616K) From: 0K(111104K)->0K(111104K)
[165.455s][info][gc,heap        ] GC(503) ParOldGen: 667646K(667648K)->667646K(667648K)
[165.455s][info][gc,metaspace   ] GC(503) Metaspace: 18286K(18432K)->18286K(18432K) NonClass: 15623K(15680K)->15623K(15680K) Class: 2663K(2752K)->2663K(2752K)
[165.455s][info][gc             ] GC(503) Pause Full (Allocation Failure) 760M->663M(869M) 947.087ms
[165.455s][info][gc,cpu         ] GC(503) User=1.85s Sys=0.01s Real=0.95s
[165.569s][info][gc,start       ] GC(504) Pause Full (Allocation Failure)
[165.569s][info][gc,phases,start] GC(504) Marking Phase
[166.048s][info][gc,phases      ] GC(504) Marking Phase 479.458ms
[166.048s][info][gc,phases,start] GC(504) Summary Phase
[166.048s][info][gc,phases      ] GC(504) Summary Phase 0.025ms
[166.048s][info][gc,phases,start] GC(504) Forward
[166.055s][info][gc,phases      ] GC(504) Forward 6.902ms
[166.055s][info][gc,phases,start] GC(504) Adjust Pointers
[166.384s][info][gc,phases      ] GC(504) Adjust Pointers 328.236ms
[166.384s][info][gc,phases,start] GC(504) Compaction Phase
[166.530s][info][gc,phases      ] GC(504) Compaction Phase 146.482ms
[166.530s][info][gc,phases,start] GC(504) Post Compact
[166.532s][info][gc,phases      ] GC(504) Post Compact 2.225ms
[166.532s][info][gc,heap        ] GC(504) PSYoungGen: 111616K(222720K)->12617K(222720K) Eden: 111616K(111616K)->12617K(111616K) From: 0K(111104K)->0K(111104K)
[166.532s][info][gc,heap        ] GC(504) ParOldGen: 667646K(667648K)->667646K(667648K)
[166.532s][info][gc,metaspace   ] GC(504) Metaspace: 18288K(18432K)->18288K(18432K) NonClass: 15625K(15680K)->15625K(15680K) Class: 2663K(2752K)->2663K(2752K)
[166.533s][info][gc             ] GC(504) Pause Full (Allocation Failure) 760M->664M(869M) 963.676ms
[166.533s][info][gc,cpu         ] GC(504) User=1.89s Sys=0.00s Real=0.97s
[166.798s][info][gc,start       ] GC(505) Pause Full (Allocation Failure)
[166.798s][info][gc,phases,start] GC(505) Marking Phase
[167.297s][info][gc,phases      ] GC(505) Marking Phase 498.583ms
[167.297s][info][gc,phases,start] GC(505) Summary Phase
[167.297s][info][gc,phases      ] GC(505) Summary Phase 0.028ms
[167.297s][info][gc,phases,start] GC(505) Forward
[167.365s][info][gc,phases      ] GC(505) Forward 68.639ms
[167.365s][info][gc,phases,start] GC(505) Adjust Pointers
[167.709s][info][gc,phases      ] GC(505) Adjust Pointers 343.918ms
[167.709s][info][gc,phases,start] GC(505) Compaction Phase
[167.874s][info][gc,phases      ] GC(505) Compaction Phase 164.587ms
[167.879s][info][gc,phases,start] GC(505) Post Compact
[167.881s][info][gc,phases      ] GC(505) Post Compact 2.273ms
[167.881s][info][gc,heap        ] GC(505) PSYoungGen: 111616K(222720K)->27247K(222720K) Eden: 111616K(111616K)->27247K(111616K) From: 0K(111104K)->0K(111104K)
[167.881s][info][gc,heap        ] GC(505) ParOldGen: 667646K(667648K)->667565K(667648K)
[167.881s][info][gc,metaspace   ] GC(505) Metaspace: 18292K(18496K)->18292K(18496K) NonClass: 15629K(15744K)->15629K(15744K) Class: 2663K(2752K)->2663K(2752K)
[167.881s][info][gc             ] GC(505) Pause Full (Allocation Failure) 760M->678M(869M) 1083.061ms
[167.881s][info][gc,cpu         ] GC(505) User=2.09s Sys=0.00s Real=1.09s
[167.990s][info][gc,start       ] GC(506) Pause Full (Allocation Failure)
[167.990s][info][gc,phases,start] GC(506) Marking Phase
[168.496s][info][gc,phases      ] GC(506) Marking Phase 505.913ms
[168.496s][info][gc,phases,start] GC(506) Summary Phase
[168.496s][info][gc,phases      ] GC(506) Summary Phase 0.028ms
[168.496s][info][gc,phases,start] GC(506) Forward
[168.655s][info][gc,phases      ] GC(506) Forward 159.083ms
[168.656s][info][gc,phases,start] GC(506) Adjust Pointers
[169.055s][info][gc,phases      ] GC(506) Adjust Pointers 398.957ms
[169.055s][info][gc,phases,start] GC(506) Compaction Phase
[169.310s][info][gc,phases      ] GC(506) Compaction Phase 255.670ms
[169.326s][info][gc,phases,start] GC(506) Post Compact
[169.328s][info][gc,phases      ] GC(506) Post Compact 2.238ms
[169.328s][info][gc,heap        ] GC(506) PSYoungGen: 111616K(222720K)->6154K(222720K) Eden: 111616K(111616K)->6154K(111616K) From: 0K(111104K)->0K(111104K)
[169.328s][info][gc,heap        ] GC(506) ParOldGen: 667565K(667648K)->667436K(667648K)
[169.328s][info][gc,metaspace   ] GC(506) Metaspace: 18292K(18496K)->18292K(18496K) NonClass: 15629K(15744K)->15629K(15744K) Class: 2663K(2752K)->2663K(2752K)
[169.328s][info][gc             ] GC(506) Pause Full (Allocation Failure) 760M->657M(869M) 1337.947ms
[169.328s][info][gc,cpu         ] GC(506) User=2.61s Sys=0.01s Real=1.33s
[169.452s][info][gc,start       ] GC(507) Pause Full (Allocation Failure)
[169.452s][info][gc,phases,start] GC(507) Marking Phase
[169.977s][info][gc,phases      ] GC(507) Marking Phase 525.193ms
[169.977s][info][gc,phases,start] GC(507) Summary Phase
[169.977s][info][gc,phases      ] GC(507) Summary Phase 0.025ms
[169.977s][info][gc,phases,start] GC(507) Forward
[169.990s][info][gc,phases      ] GC(507) Forward 13.139ms
[169.990s][info][gc,phases,start] GC(507) Adjust Pointers
[170.340s][info][gc,phases      ] GC(507) Adjust Pointers 349.187ms
[170.340s][info][gc,phases,start] GC(507) Compaction Phase
[170.493s][info][gc,phases      ] GC(507) Compaction Phase 152.977ms
[170.493s][info][gc,phases,start] GC(507) Post Compact
[170.495s][info][gc,phases      ] GC(507) Post Compact 2.199ms
[170.495s][info][gc,heap        ] GC(507) PSYoungGen: 111616K(222720K)->25423K(222720K) Eden: 111616K(111616K)->25423K(111616K) From: 0K(111104K)->0K(111104K)
[170.495s][info][gc,heap        ] GC(507) ParOldGen: 667436K(667648K)->667399K(667648K)
[170.495s][info][gc,metaspace   ] GC(507) Metaspace: 18295K(18496K)->18295K(18496K) NonClass: 15632K(15744K)->15632K(15744K) Class: 2663K(2752K)->2663K(2752K)
[170.495s][info][gc             ] GC(507) Pause Full (Allocation Failure) 760M->676M(869M) 1043.156ms
[170.495s][info][gc,cpu         ] GC(507) User=2.05s Sys=0.00s Real=1.04s
[170.600s][info][gc,start       ] GC(508) Pause Full (Allocation Failure)
[170.600s][info][gc,phases,start] GC(508) Marking Phase
[171.129s][info][gc,phases      ] GC(508) Marking Phase 529.342ms
[171.129s][info][gc,phases,start] GC(508) Summary Phase
[171.129s][info][gc,phases      ] GC(508) Summary Phase 0.026ms
[171.129s][info][gc,phases,start] GC(508) Forward
[171.212s][info][gc,phases      ] GC(508) Forward 82.792ms
[171.212s][info][gc,phases,start] GC(508) Adjust Pointers
[171.576s][info][gc,phases      ] GC(508) Adjust Pointers 363.537ms
[171.576s][info][gc,phases,start] GC(508) Compaction Phase
[171.745s][info][gc,phases      ] GC(508) Compaction Phase 169.777ms
[171.750s][info][gc,phases,start] GC(508) Post Compact
[171.753s][info][gc,phases      ] GC(508) Post Compact 2.231ms
[171.753s][info][gc,heap        ] GC(508) PSYoungGen: 111616K(222720K)->29359K(222720K) Eden: 111616K(111616K)->29359K(111616K) From: 0K(111104K)->0K(111104K)
[171.753s][info][gc,heap        ] GC(508) ParOldGen: 667399K(667648K)->667350K(667648K)
[171.753s][info][gc,metaspace   ] GC(508) Metaspace: 18297K(18496K)->18297K(18496K) NonClass: 15634K(15744K)->15634K(15744K) Class: 2663K(2752K)->2663K(2752K)
[171.753s][info][gc             ] GC(508) Pause Full (Allocation Failure) 760M->680M(869M) 1153.134ms
[171.753s][info][gc,cpu         ] GC(508) User=2.24s Sys=0.00s Real=1.16s
[171.857s][info][gc,start       ] GC(509) Pause Full (Allocation Failure)
[171.857s][info][gc,phases,start] GC(509) Marking Phase
[172.386s][info][gc,phases      ] GC(509) Marking Phase 528.986ms
[172.386s][info][gc,phases,start] GC(509) Summary Phase
[172.386s][info][gc,phases      ] GC(509) Summary Phase 0.027ms
[172.386s][info][gc,phases,start] GC(509) Forward
[172.508s][info][gc,phases      ] GC(509) Forward 121.544ms
[172.508s][info][gc,phases,start] GC(509) Adjust Pointers
[172.903s][info][gc,phases      ] GC(509) Adjust Pointers 394.876ms
[172.903s][info][gc,phases,start] GC(509) Compaction Phase
[173.079s][info][gc,phases      ] GC(509) Compaction Phase 175.447ms
[173.094s][info][gc,phases,start] GC(509) Post Compact
[173.096s][info][gc,phases      ] GC(509) Post Compact 2.325ms
[173.096s][info][gc,heap        ] GC(509) PSYoungGen: 111616K(222720K)->31701K(222720K) Eden: 111616K(111616K)->31701K(111616K) From: 0K(111104K)->0K(111104K)
[173.096s][info][gc,heap        ] GC(509) ParOldGen: 667350K(667648K)->667350K(667648K)
[173.096s][info][gc,metaspace   ] GC(509) Metaspace: 18300K(18560K)->18300K(18560K) NonClass: 15637K(15808K)->15637K(15808K) Class: 2663K(2752K)->2663K(2752K)
[173.096s][info][gc             ] GC(509) Pause Full (Allocation Failure) 760M->682M(869M) 1238.935ms
[173.096s][info][gc,cpu         ] GC(509) User=2.41s Sys=0.01s Real=1.24s
[173.197s][info][gc,start       ] GC(510) Pause Full (Allocation Failure)
[173.197s][info][gc,phases,start] GC(510) Marking Phase
[173.726s][info][gc,phases      ] GC(510) Marking Phase 528.737ms
[173.726s][info][gc,phases,start] GC(510) Summary Phase
[173.726s][info][gc,phases      ] GC(510) Summary Phase 0.025ms
[173.726s][info][gc,phases,start] GC(510) Forward
[173.744s][info][gc,phases      ] GC(510) Forward 17.630ms
[173.744s][info][gc,phases,start] GC(510) Adjust Pointers
[174.100s][info][gc,phases      ] GC(510) Adjust Pointers 355.685ms
[174.100s][info][gc,phases,start] GC(510) Compaction Phase
[174.254s][info][gc,phases      ] GC(510) Compaction Phase 154.610ms
[174.254s][info][gc,phases,start] GC(510) Post Compact
[174.257s][info][gc,phases      ] GC(510) Post Compact 2.263ms
[174.257s][info][gc,heap        ] GC(510) PSYoungGen: 111616K(222720K)->33356K(222720K) Eden: 111616K(111616K)->33356K(111616K) From: 0K(111104K)->0K(111104K)
[174.257s][info][gc,heap        ] GC(510) ParOldGen: 667350K(667648K)->667350K(667648K)
[174.257s][info][gc,metaspace   ] GC(510) Metaspace: 18303K(18560K)->18303K(18560K) NonClass: 15640K(15808K)->15640K(15808K) Class: 2663K(2752K)->2663K(2752K)
[174.257s][info][gc             ] GC(510) Pause Full (Allocation Failure) 760M->684M(869M) 1059.426ms
[174.257s][info][gc,cpu         ] GC(510) User=2.07s Sys=0.00s Real=1.06s
[174.363s][info][gc,start       ] GC(511) Pause Full (Allocation Failure)
[174.363s][info][gc,phases,start] GC(511) Marking Phase
[174.913s][info][gc,phases      ] GC(511) Marking Phase 549.454ms
[174.913s][info][gc,phases,start] GC(511) Summary Phase
[174.913s][info][gc,phases      ] GC(511) Summary Phase 0.026ms
[174.913s][info][gc,phases,start] GC(511) Forward
[174.931s][info][gc,phases      ] GC(511) Forward 18.588ms
[174.931s][info][gc,phases,start] GC(511) Adjust Pointers
[175.296s][info][gc,phases      ] GC(511) Adjust Pointers 365.060ms
[175.297s][info][gc,phases,start] GC(511) Compaction Phase
[175.452s][info][gc,phases      ] GC(511) Compaction Phase 155.721ms
[175.452s][info][gc,phases,start] GC(511) Post Compact
[175.455s][info][gc,phases      ] GC(511) Post Compact 2.206ms
[175.455s][info][gc,heap        ] GC(511) PSYoungGen: 111616K(222720K)->34699K(222720K) Eden: 111616K(111616K)->34699K(111616K) From: 0K(111104K)->0K(111104K)
[175.455s][info][gc,heap        ] GC(511) ParOldGen: 667350K(667648K)->667350K(667648K)
[175.455s][info][gc,metaspace   ] GC(511) Metaspace: 18305K(18560K)->18305K(18560K) NonClass: 15642K(15808K)->15642K(15808K) Class: 2663K(2752K)->2663K(2752K)
[175.455s][info][gc             ] GC(511) Pause Full (Allocation Failure) 760M->685M(869M) 1091.511ms
[175.455s][info][gc,cpu         ] GC(511) User=2.13s Sys=0.00s Real=1.09s
[175.523s][info][gc,start       ] GC(512) Pause Full (Allocation Failure)
[175.523s][info][gc,phases,start] GC(512) Marking Phase
[176.076s][info][gc,phases      ] GC(512) Marking Phase 552.688ms
[176.076s][info][gc,phases,start] GC(512) Summary Phase
[176.076s][info][gc,phases      ] GC(512) Summary Phase 0.026ms
[176.076s][info][gc,phases,start] GC(512) Forward
[176.239s][info][gc,phases      ] GC(512) Forward 163.434ms
[176.239s][info][gc,phases,start] GC(512) Adjust Pointers
[176.651s][info][gc,phases      ] GC(512) Adjust Pointers 411.757ms
[176.651s][info][gc,phases,start] GC(512) Compaction Phase
[176.838s][info][gc,phases      ] GC(512) Compaction Phase 186.561ms
[176.855s][info][gc,phases,start] GC(512) Post Compact
[176.857s][info][gc,phases      ] GC(512) Post Compact 2.271ms
[176.857s][info][gc,heap        ] GC(512) PSYoungGen: 111616K(222720K)->34776K(222720K) Eden: 111616K(111616K)->34776K(111616K) From: 0K(111104K)->0K(111104K)
[176.857s][info][gc,heap        ] GC(512) ParOldGen: 667350K(667648K)->667349K(667648K)
[176.857s][info][gc,metaspace   ] GC(512) Metaspace: 18305K(18560K)->18305K(18560K) NonClass: 15642K(15808K)->15642K(15808K) Class: 2663K(2752K)->2663K(2752K)
[176.857s][info][gc             ] GC(512) Pause Full (Allocation Failure) 760M->685M(869M) 1334.303ms
[176.857s][info][gc,cpu         ] GC(512) User=2.62s Sys=0.00s Real=1.33s
[176.901s][info][gc,start       ] GC(513) Pause Full (Allocation Failure)
[176.902s][info][gc,phases,start] GC(513) Marking Phase
[177.434s][info][gc,phases      ] GC(513) Marking Phase 532.871ms
[177.434s][info][gc,phases,start] GC(513) Summary Phase
[177.434s][info][gc,phases      ] GC(513) Summary Phase 0.024ms
[177.434s][info][gc,phases,start] GC(513) Forward
[177.453s][info][gc,phases      ] GC(513) Forward 18.558ms
[177.453s][info][gc,phases,start] GC(513) Adjust Pointers
[177.805s][info][gc,phases      ] GC(513) Adjust Pointers 351.862ms
[177.805s][info][gc,phases,start] GC(513) Compaction Phase
[177.960s][info][gc,phases      ] GC(513) Compaction Phase 155.218ms
[177.960s][info][gc,phases,start] GC(513) Post Compact
[177.963s][info][gc,phases      ] GC(513) Post Compact 2.248ms
[177.963s][info][gc,heap        ] GC(513) PSYoungGen: 111616K(222720K)->34726K(222720K) Eden: 111616K(111616K)->34726K(111616K) From: 0K(111104K)->0K(111104K)
[177.963s][info][gc,heap        ] GC(513) ParOldGen: 667349K(667648K)->667349K(667648K)
[177.963s][info][gc,metaspace   ] GC(513) Metaspace: 18305K(18560K)->18305K(18560K) NonClass: 15642K(15808K)->15642K(15808K) Class: 2663K(2752K)->2663K(2752K)
[177.963s][info][gc             ] GC(513) Pause Full (Allocation Failure) 760M->685M(869M) 1061.180ms
[177.963s][info][gc,cpu         ] GC(513) User=2.07s Sys=0.00s Real=1.06s
[178.018s][info][gc,start       ] GC(514) Pause Full (Allocation Failure)
[178.018s][info][gc,phases,start] GC(514) Marking Phase
[178.554s][info][gc,phases      ] GC(514) Marking Phase 536.476ms
[178.554s][info][gc,phases,start] GC(514) Summary Phase
[178.554s][info][gc,phases      ] GC(514) Summary Phase 0.026ms
[178.554s][info][gc,phases,start] GC(514) Forward
[178.573s][info][gc,phases      ] GC(514) Forward 18.681ms
[178.573s][info][gc,phases,start] GC(514) Adjust Pointers
[178.925s][info][gc,phases      ] GC(514) Adjust Pointers 351.913ms
[178.925s][info][gc,phases,start] GC(514) Compaction Phase
[179.078s][info][gc,phases      ] GC(514) Compaction Phase 153.100ms
[179.078s][info][gc,phases,start] GC(514) Post Compact
[179.081s][info][gc,phases      ] GC(514) Post Compact 2.222ms
[179.081s][info][gc,heap        ] GC(514) PSYoungGen: 111616K(222720K)->34780K(222720K) Eden: 111616K(111616K)->34780K(111616K) From: 0K(111104K)->0K(111104K)
[179.081s][info][gc,heap        ] GC(514) ParOldGen: 667349K(667648K)->667349K(667648K)
[179.081s][info][gc,metaspace   ] GC(514) Metaspace: 18305K(18560K)->18305K(18560K) NonClass: 15642K(15808K)->15642K(15808K) Class: 2663K(2752K)->2663K(2752K)
[179.081s][info][gc             ] GC(514) Pause Full (Allocation Failure) 760M->685M(869M) 1062.869ms
[179.081s][info][gc,cpu         ] GC(514) User=2.07s Sys=0.01s Real=1.07s
[179.244s][info][gc,start       ] GC(515) Pause Full (Allocation Failure)
[179.244s][info][gc,phases,start] GC(515) Marking Phase
[179.777s][info][gc,phases      ] GC(515) Marking Phase 533.188ms
[179.777s][info][gc,phases,start] GC(515) Summary Phase
[179.777s][info][gc,phases      ] GC(515) Summary Phase 0.022ms
[179.777s][info][gc,phases,start] GC(515) Forward
[179.798s][info][gc,phases      ] GC(515) Forward 20.546ms
[179.798s][info][gc,phases,start] GC(515) Adjust Pointers
[180.152s][info][gc,phases      ] GC(515) Adjust Pointers 354.766ms
[180.152s][info][gc,phases,start] GC(515) Compaction Phase
[180.316s][info][gc,phases      ] GC(515) Compaction Phase 163.544ms
[180.316s][info][gc,phases,start] GC(515) Post Compact
[180.318s][info][gc,phases      ] GC(515) Post Compact 2.218ms
[180.318s][info][gc,heap        ] GC(515) PSYoungGen: 111616K(222720K)->40171K(222720K) Eden: 111616K(111616K)->40171K(111616K) From: 0K(111104K)->0K(111104K)
[180.318s][info][gc,heap        ] GC(515) ParOldGen: 667349K(667648K)->667349K(667648K)
[180.318s][info][gc,metaspace   ] GC(515) Metaspace: 18305K(18560K)->18305K(18560K) NonClass: 15642K(15808K)->15642K(15808K) Class: 2663K(2752K)->2663K(2752K)
[180.318s][info][gc             ] GC(515) Pause Full (Allocation Failure) 760M->690M(869M) 1074.679ms
[180.318s][info][gc,cpu         ] GC(515) User=2.09s Sys=0.00s Real=1.07s
[180.399s][info][gc,start       ] GC(516) Pause Full (Allocation Failure)
[180.399s][info][gc,phases,start] GC(516) Marking Phase
[180.939s][info][gc,phases      ] GC(516) Marking Phase 539.916ms
[180.939s][info][gc,phases,start] GC(516) Summary Phase
[180.939s][info][gc,phases      ] GC(516) Summary Phase 0.022ms
[180.939s][info][gc,phases,start] GC(516) Forward
[180.961s][info][gc,phases      ] GC(516) Forward 21.661ms
[180.961s][info][gc,phases,start] GC(516) Adjust Pointers
[181.318s][info][gc,phases      ] GC(516) Adjust Pointers 357.630ms
[181.319s][info][gc,phases,start] GC(516) Compaction Phase
[181.473s][info][gc,phases      ] GC(516) Compaction Phase 154.224ms
[181.473s][info][gc,phases,start] GC(516) Post Compact
[181.475s][info][gc,phases      ] GC(516) Post Compact 2.231ms
[181.475s][info][gc,heap        ] GC(516) PSYoungGen: 111616K(222720K)->42161K(222720K) Eden: 111616K(111616K)->42161K(111616K) From: 0K(111104K)->0K(111104K)
[181.475s][info][gc,heap        ] GC(516) ParOldGen: 667349K(667648K)->667349K(667648K)
[181.475s][info][gc,metaspace   ] GC(516) Metaspace: 18309K(18560K)->18309K(18560K) NonClass: 15646K(15808K)->15646K(15808K) Class: 2663K(2752K)->2663K(2752K)
[181.475s][info][gc             ] GC(516) Pause Full (Allocation Failure) 760M->692M(869M) 1076.096ms
[181.475s][info][gc,cpu         ] GC(516) User=2.10s Sys=0.00s Real=1.08s
[181.546s][info][gc,start       ] GC(517) Pause Full (Allocation Failure)
[181.546s][info][gc,phases,start] GC(517) Marking Phase
[182.090s][info][gc,phases      ] GC(517) Marking Phase 544.268ms
[182.090s][info][gc,phases,start] GC(517) Summary Phase
[182.090s][info][gc,phases      ] GC(517) Summary Phase 0.025ms
[182.090s][info][gc,phases,start] GC(517) Forward
[182.113s][info][gc,phases      ] GC(517) Forward 22.435ms
[182.113s][info][gc,phases,start] GC(517) Adjust Pointers
[182.479s][info][gc,phases      ] GC(517) Adjust Pointers 366.387ms
[182.479s][info][gc,phases,start] GC(517) Compaction Phase
[182.637s][info][gc,phases      ] GC(517) Compaction Phase 157.230ms
[182.637s][info][gc,phases,start] GC(517) Post Compact
[182.639s][info][gc,phases      ] GC(517) Post Compact 2.213ms
[182.639s][info][gc,heap        ] GC(517) PSYoungGen: 111616K(222720K)->42236K(222720K) Eden: 111616K(111616K)->42236K(111616K) From: 0K(111104K)->0K(111104K)
[182.639s][info][gc,heap        ] GC(517) ParOldGen: 667349K(667648K)->667349K(667648K)
[182.639s][info][gc,metaspace   ] GC(517) Metaspace: 18309K(18560K)->18309K(18560K) NonClass: 15646K(15808K)->15646K(15808K) Class: 2663K(2752K)->2663K(2752K)
[182.639s][info][gc             ] GC(517) Pause Full (Allocation Failure) 760M->692M(869M) 1092.986ms
[182.639s][info][gc,cpu         ] GC(517) User=2.12s Sys=0.00s Real=1.09s
[182.780s][info][gc,start       ] GC(518) Pause Full (Allocation Failure)
[182.780s][info][gc,phases,start] GC(518) Marking Phase
[183.328s][info][gc,phases      ] GC(518) Marking Phase 548.303ms
[183.328s][info][gc,phases,start] GC(518) Summary Phase
[183.328s][info][gc,phases      ] GC(518) Summary Phase 0.023ms
[183.328s][info][gc,phases,start] GC(518) Forward
[183.350s][info][gc,phases      ] GC(518) Forward 21.690ms
[183.350s][info][gc,phases,start] GC(518) Adjust Pointers
[183.700s][info][gc,phases      ] GC(518) Adjust Pointers 350.415ms
[183.700s][info][gc,phases,start] GC(518) Compaction Phase
[183.852s][info][gc,phases      ] GC(518) Compaction Phase 151.617ms
[183.852s][info][gc,phases,start] GC(518) Post Compact
[183.854s][info][gc,phases      ] GC(518) Post Compact 2.208ms
[183.854s][info][gc,heap        ] GC(518) PSYoungGen: 111616K(222720K)->42256K(222720K) Eden: 111616K(111616K)->42256K(111616K) From: 0K(111104K)->0K(111104K)
[183.854s][info][gc,heap        ] GC(518) ParOldGen: 667349K(667648K)->667349K(667648K)
[183.854s][info][gc,metaspace   ] GC(518) Metaspace: 18309K(18560K)->18309K(18560K) NonClass: 15646K(15808K)->15646K(15808K) Class: 2663K(2752K)->2663K(2752K)
[183.854s][info][gc             ] GC(518) Pause Full (Allocation Failure) 760M->692M(869M) 1074.747ms
[183.854s][info][gc,cpu         ] GC(518) User=2.10s Sys=0.00s Real=1.08s
[184.132s][info][gc,start       ] GC(519) Pause Full (Allocation Failure)
[184.132s][info][gc,phases,start] GC(519) Marking Phase
[184.546s][info][gc,phases      ] GC(519) Marking Phase 413.217ms
[184.546s][info][gc,phases,start] GC(519) Summary Phase
[184.546s][info][gc,phases      ] GC(519) Summary Phase 0.025ms
[184.546s][info][gc,phases,start] GC(519) Forward
[184.687s][info][gc,phases      ] GC(519) Forward 141.772ms
[184.687s][info][gc,phases,start] GC(519) Adjust Pointers
[185.001s][info][gc,phases      ] GC(519) Adjust Pointers 313.231ms
[185.001s][info][gc,phases,start] GC(519) Compaction Phase
[185.184s][info][gc,phases      ] GC(519) Compaction Phase 183.553ms
[185.196s][info][gc,phases,start] GC(519) Post Compact
[185.198s][info][gc,phases      ] GC(519) Post Compact 2.247ms
[185.198s][info][gc,heap        ] GC(519) PSYoungGen: 111616K(222720K)->0K(222720K) Eden: 111616K(111616K)->0K(111616K) From: 0K(111104K)->0K(111104K)
[185.198s][info][gc,heap        ] GC(519) ParOldGen: 667349K(667648K)->578924K(667648K)
[185.198s][info][gc,metaspace   ] GC(519) Metaspace: 18313K(18560K)->18313K(18560K) NonClass: 15650K(15808K)->15650K(15808K) Class: 2663K(2752K)->2663K(2752K)
[185.198s][info][gc             ] GC(519) Pause Full (Allocation Failure) 760M->565M(869M) 1065.695ms
[185.198s][info][gc,cpu         ] GC(519) User=2.04s Sys=0.00s Real=1.06s
[185.471s][info][gc,start       ] GC(520) Pause Young (Allocation Failure)
[185.473s][info][gc,heap        ] GC(520) PSYoungGen: 111616K(222720K)->160K(222720K) Eden: 111616K(111616K)->0K(111616K) From: 0K(111104K)->160K(111104K)
[185.473s][info][gc,heap        ] GC(520) ParOldGen: 578924K(667648K)->578924K(667648K)
[185.473s][info][gc,metaspace   ] GC(520) Metaspace: 18315K(18560K)->18315K(18560K) NonClass: 15652K(15808K)->15652K(15808K) Class: 2663K(2752K)->2663K(2752K)
[185.473s][info][gc             ] GC(520) Pause Young (Allocation Failure) 674M->565M(869M) 1.978ms
[185.473s][info][gc,cpu         ] GC(520) User=0.00s Sys=0.00s Real=0.00s
[185.717s][info][gc,start       ] GC(521) Pause Young (Allocation Failure)
[185.739s][info][gc,heap        ] GC(521) PSYoungGen: 111776K(222720K)->21376K(222720K) Eden: 111616K(111616K)->0K(111616K) From: 160K(111104K)->21376K(111104K)
[185.739s][info][gc,heap        ] GC(521) ParOldGen: 578924K(667648K)->578924K(667648K)
[185.739s][info][gc,metaspace   ] GC(521) Metaspace: 18315K(18560K)->18315K(18560K) NonClass: 15652K(15808K)->15652K(15808K) Class: 2663K(2752K)->2663K(2752K)
[185.739s][info][gc             ] GC(521) Pause Young (Allocation Failure) 674M->586M(869M) 22.821ms
[185.739s][info][gc,cpu         ] GC(521) User=0.05s Sys=0.00s Real=0.02s
[185.951s][info][gc,start       ] GC(522) Pause Young (Allocation Failure)
[185.975s][info][gc,heap        ] GC(522) PSYoungGen: 132992K(222720K)->64K(222720K) Eden: 111616K(111616K)->0K(111616K) From: 21376K(111104K)->64K(111104K)
[185.975s][info][gc,heap        ] GC(522) ParOldGen: 578924K(667648K)->600372K(667648K)
[185.975s][info][gc,metaspace   ] GC(522) Metaspace: 18315K(18560K)->18315K(18560K) NonClass: 15652K(15808K)->15652K(15808K) Class: 2663K(2752K)->2663K(2752K)
[185.975s][info][gc             ] GC(522) Pause Young (Allocation Failure) 695M->586M(869M) 23.369ms
[185.975s][info][gc,cpu         ] GC(522) User=0.05s Sys=0.00s Real=0.02s
[186.183s][info][gc,start       ] GC(523) Pause Young (Allocation Failure)
[186.185s][info][gc,heap        ] GC(523) PSYoungGen: 111680K(222720K)->64K(222720K) Eden: 111616K(111616K)->0K(111616K) From: 64K(111104K)->64K(111104K)
[186.185s][info][gc,heap        ] GC(523) ParOldGen: 600372K(667648K)->600372K(667648K)
[186.185s][info][gc,metaspace   ] GC(523) Metaspace: 18315K(18560K)->18315K(18560K) NonClass: 15652K(15808K)->15652K(15808K) Class: 2663K(2752K)->2663K(2752K)
[186.185s][info][gc             ] GC(523) Pause Young (Allocation Failure) 695M->586M(869M) 1.769ms
[186.185s][info][gc,cpu         ] GC(523) User=0.00s Sys=0.00s Real=0.00s
[186.961s][info][gc,start       ] GC(524) Pause Young (Allocation Failure)
[186.964s][info][gc,heap        ] GC(524) PSYoungGen: 111680K(222720K)->452K(222720K) Eden: 111616K(111616K)->0K(111616K) From: 64K(111104K)->452K(111104K)
[186.964s][info][gc,heap        ] GC(524) ParOldGen: 600372K(667648K)->600380K(667648K)
[186.964s][info][gc,metaspace   ] GC(524) Metaspace: 18315K(18560K)->18315K(18560K) NonClass: 15652K(15808K)->15652K(15808K) Class: 2663K(2752K)->2663K(2752K)
[186.964s][info][gc             ] GC(524) Pause Young (Allocation Failure) 695M->586M(869M) 2.754ms
[186.964s][info][gc,cpu         ] GC(524) User=0.00s Sys=0.00s Real=0.00s
[187.485s][info][gc,start       ] GC(525) Pause Young (Allocation Failure)
[187.488s][info][gc,heap        ] GC(525) PSYoungGen: 112068K(222720K)->448K(222720K) Eden: 111616K(111616K)->0K(111616K) From: 452K(111104K)->448K(111104K)
[187.488s][info][gc,heap        ] GC(525) ParOldGen: 600380K(667648K)->600833K(667648K)
[187.488s][info][gc,metaspace   ] GC(525) Metaspace: 18316K(18560K)->18316K(18560K) NonClass: 15652K(15808K)->15652K(15808K) Class: 2663K(2752K)->2663K(2752K)
[187.488s][info][gc             ] GC(525) Pause Young (Allocation Failure) 695M->587M(869M) 3.740ms
[187.488s][info][gc,cpu         ] GC(525) User=0.00s Sys=0.00s Real=0.00s
[188.132s][info][gc,start       ] GC(526) Pause Young (Allocation Failure)
[188.136s][info][gc,heap        ] GC(526) PSYoungGen: 111870K(222720K)->1461K(222720K) Eden: 111422K(111616K)->0K(111616K) From: 448K(111104K)->1461K(111104K)
[188.136s][info][gc,heap        ] GC(526) ParOldGen: 600833K(667648K)->601281K(667648K)
[188.136s][info][gc,metaspace   ] GC(526) Metaspace: 18334K(18560K)->18334K(18560K) NonClass: 15670K(15808K)->15670K(15808K) Class: 2663K(2752K)->2663K(2752K)
[188.136s][info][gc             ] GC(526) Pause Young (Allocation Failure) 695M->588M(869M) 4.333ms
[188.136s][info][gc,cpu         ] GC(526) User=0.01s Sys=0.00s Real=0.00s
[188.406s][info][gc,start       ] GC(527) Pause Young (Allocation Failure)
[188.410s][info][gc,heap        ] GC(527) PSYoungGen: 113077K(222720K)->970K(222720K) Eden: 111616K(111616K)->0K(111616K) From: 1461K(111104K)->970K(111104K)
[188.410s][info][gc,heap        ] GC(527) ParOldGen: 601281K(667648K)->602361K(667648K)
[188.410s][info][gc,metaspace   ] GC(527) Metaspace: 18347K(18560K)->18347K(18560K) NonClass: 15684K(15808K)->15684K(15808K) Class: 2663K(2752K)->2663K(2752K)
[188.410s][info][gc             ] GC(527) Pause Young (Allocation Failure) 697M->589M(869M) 3.650ms
[188.410s][info][gc,cpu         ] GC(527) User=0.00s Sys=0.00s Real=0.00s
[188.675s][info][gc,start       ] GC(528) Pause Young (Allocation Failure)
[188.677s][info][gc,heap        ] GC(528) PSYoungGen: 112586K(222720K)->467K(222720K) Eden: 111616K(111616K)->0K(111616K) From: 970K(111104K)->467K(111104K)
[188.677s][info][gc,heap        ] GC(528) ParOldGen: 602361K(667648K)->602481K(667648K)
[188.677s][info][gc,metaspace   ] GC(528) Metaspace: 18428K(18624K)->18428K(18624K) NonClass: 15765K(15872K)->15765K(15872K) Class: 2663K(2752K)->2663K(2752K)
[188.677s][info][gc             ] GC(528) Pause Young (Allocation Failure) 698M->588M(869M) 2.210ms
[188.677s][info][gc,cpu         ] GC(528) User=0.00s Sys=0.00s Real=0.00s
[188.933s][info][gc,start       ] GC(529) Pause Young (Allocation Failure)
[188.936s][info][gc,heap        ] GC(529) PSYoungGen: 112083K(222720K)->468K(222720K) Eden: 111616K(111616K)->0K(111616K) From: 467K(111104K)->468K(111104K)
[188.936s][info][gc,heap        ] GC(529) ParOldGen: 602481K(667648K)->602625K(667648K)
[188.936s][info][gc,metaspace   ] GC(529) Metaspace: 18432K(18624K)->18432K(18624K) NonClass: 15769K(15872K)->15769K(15872K) Class: 2663K(2752K)->2663K(2752K)
[188.936s][info][gc             ] GC(529) Pause Young (Allocation Failure) 697M->588M(869M) 2.185ms
[188.936s][info][gc,cpu         ] GC(529) User=0.00s Sys=0.00s Real=0.00s
[189.070s][info][gc,start       ] GC(530) Pause Young (Allocation Failure)
[189.105s][info][gc,heap        ] GC(530) PSYoungGen: 112084K(222720K)->40288K(222720K) Eden: 111616K(111616K)->0K(111616K) From: 468K(111104K)->40288K(111104K)
[189.105s][info][gc,heap        ] GC(530) ParOldGen: 602625K(667648K)->602745K(667648K)
[189.105s][info][gc,metaspace   ] GC(530) Metaspace: 18451K(18624K)->18451K(18624K) NonClass: 15788K(15872K)->15788K(15872K) Class: 2663K(2752K)->2663K(2752K)
[189.105s][info][gc             ] GC(530) Pause Young (Allocation Failure) 697M->627M(869M) 34.634ms
[189.105s][info][gc,cpu         ] GC(530) User=0.07s Sys=0.00s Real=0.03s
[189.215s][info][gc,start       ] GC(531) Pause Young (Allocation Failure)
[189.274s][info][gc,heap        ] GC(531) PSYoungGen: 151904K(222720K)->34752K(222720K) Eden: 111616K(111616K)->0K(111616K) From: 40288K(111104K)->34752K(111104K)
[189.274s][info][gc,heap        ] GC(531) ParOldGen: 602745K(667648K)->643257K(667648K)
[189.274s][info][gc,metaspace   ] GC(531) Metaspace: 18483K(18688K)->18483K(18688K) NonClass: 15819K(15936K)->15819K(15936K) Class: 2663K(2752K)->2663K(2752K)
[189.275s][info][gc             ] GC(531) Pause Young (Allocation Failure) 736M->662M(869M) 59.466ms
[189.275s][info][gc,cpu         ] GC(531) User=0.12s Sys=0.00s Real=0.06s
[189.390s][info][gc,start       ] GC(532) Pause Full (Allocation Failure)
[189.390s][info][gc,phases,start] GC(532) Marking Phase
[189.490s][info][gc,phases      ] GC(532) Marking Phase 99.638ms
[189.490s][info][gc,phases,start] GC(532) Summary Phase
[189.490s][info][gc,phases      ] GC(532) Summary Phase 0.025ms
[189.490s][info][gc,phases,start] GC(532) Forward
[189.523s][info][gc,phases      ] GC(532) Forward 32.948ms
[189.523s][info][gc,phases,start] GC(532) Adjust Pointers
[189.586s][info][gc,phases      ] GC(532) Adjust Pointers 62.975ms
[189.586s][info][gc,phases,start] GC(532) Compaction Phase
[189.630s][info][gc,phases      ] GC(532) Compaction Phase 43.983ms
[189.630s][info][gc,phases,start] GC(532) Post Compact
[189.633s][info][gc,phases      ] GC(532) Post Compact 2.428ms
[189.651s][info][gc,heap        ] GC(532) PSYoungGen: 146368K(222720K)->0K(222720K) Eden: 111616K(111616K)->0K(111616K) From: 34752K(111104K)->0K(111104K)
[189.651s][info][gc,heap        ] GC(532) ParOldGen: 643257K(667648K)->160807K(450560K)
[189.651s][info][gc,metaspace   ] GC(532) Metaspace: 18483K(18688K)->18483K(18688K) NonClass: 15819K(15936K)->15819K(15936K) Class: 2663K(2752K)->2663K(2752K)
[189.651s][info][gc             ] GC(532) Pause Full (Allocation Failure) 771M->157M(657M) 261.638ms
[189.651s][info][gc,cpu         ] GC(532) User=0.44s Sys=0.02s Real=0.27s
[189.909s][info][gc,start       ] GC(533) Pause Young (Allocation Failure)
[189.943s][info][gc,heap        ] GC(533) PSYoungGen: 111616K(222720K)->39232K(222720K) Eden: 111616K(111616K)->0K(111616K) From: 0K(111104K)->39232K(111104K)
[189.943s][info][gc,heap        ] GC(533) ParOldGen: 160807K(450560K)->160807K(450560K)
[189.943s][info][gc,metaspace   ] GC(533) Metaspace: 18483K(18688K)->18483K(18688K) NonClass: 15819K(15936K)->15819K(15936K) Class: 2663K(2752K)->2663K(2752K)
[189.943s][info][gc             ] GC(533) Pause Young (Allocation Failure) 266M->195M(657M) 34.120ms
[189.943s][info][gc,cpu         ] GC(533) User=0.06s Sys=0.00s Real=0.04s
[190.136s][info][gc,start       ] GC(534) Pause Young (Allocation Failure)
[190.204s][info][gc,heap        ] GC(534) PSYoungGen: 150848K(222720K)->19895K(131584K) Eden: 111616K(111616K)->0K(111616K) From: 39232K(111104K)->19895K(19968K)
[190.204s][info][gc,heap        ] GC(534) ParOldGen: 160807K(450560K)->200285K(450560K)
[190.204s][info][gc,metaspace   ] GC(534) Metaspace: 18504K(18688K)->18504K(18688K) NonClass: 15841K(15936K)->15841K(15936K) Class: 2663K(2752K)->2663K(2752K)
[190.204s][info][gc             ] GC(534) Pause Young (Allocation Failure) 304M->215M(568M) 68.167ms
[190.204s][info][gc,cpu         ] GC(534) User=0.13s Sys=0.01s Real=0.07s
[190.351s][info][gc,start       ] GC(535) Pause Young (Allocation Failure)
[190.416s][info][gc,heap        ] GC(535) PSYoungGen: 131511K(131584K)->32723K(215552K) Eden: 111616K(111616K)->0K(116736K) From: 19895K(19968K)->32723K(98816K)
[190.416s][info][gc,heap        ] GC(535) ParOldGen: 200285K(450560K)->200285K(450560K)
[190.416s][info][gc,metaspace   ] GC(535) Metaspace: 18520K(18688K)->18520K(18688K) NonClass: 15857K(15936K)->15857K(15936K) Class: 2663K(2752K)->2663K(2752K)
[190.416s][info][gc             ] GC(535) Pause Young (Allocation Failure) 324M->227M(650M) 65.456ms
[190.416s][info][gc,cpu         ] GC(535) User=0.13s Sys=0.00s Real=0.06s
[190.601s][info][gc,start       ] GC(536) Pause Young (Allocation Failure)
[190.685s][info][gc,heap        ] GC(536) PSYoungGen: 149459K(215552K)->53075K(216576K) Eden: 116736K(116736K)->0K(116736K) From: 32723K(98816K)->53075K(99840K)
[190.685s][info][gc,heap        ] GC(536) ParOldGen: 200285K(450560K)->200285K(450560K)
[190.685s][info][gc,metaspace   ] GC(536) Metaspace: 18521K(18688K)->18521K(18688K) NonClass: 15858K(15936K)->15858K(15936K) Class: 2663K(2752K)->2663K(2752K)
[190.685s][info][gc             ] GC(536) Pause Young (Allocation Failure) 341M->247M(651M) 84.572ms
[190.685s][info][gc,cpu         ] GC(536) User=0.17s Sys=0.00s Real=0.08s
[190.828s][info][gc,start       ] GC(537) Pause Young (Allocation Failure)
[190.913s][info][gc,heap        ] GC(537) PSYoungGen: 169811K(216576K)->57267K(221696K) Eden: 116736K(116736K)->0K(120320K) From: 53075K(99840K)->57267K(101376K)
[190.913s][info][gc,heap        ] GC(537) ParOldGen: 200285K(450560K)->200285K(450560K)
[190.913s][info][gc,metaspace   ] GC(537) Metaspace: 18521K(18688K)->18521K(18688K) NonClass: 15858K(15936K)->15858K(15936K) Class: 2663K(2752K)->2663K(2752K)
[190.913s][info][gc             ] GC(537) Pause Young (Allocation Failure) 361M->251M(656M) 85.310ms
[190.913s][info][gc,cpu         ] GC(537) User=0.17s Sys=0.00s Real=0.09s
[191.017s][info][gc,start       ] GC(538) Pause Young (Allocation Failure)
[191.111s][info][gc,heap        ] GC(538) PSYoungGen: 177587K(221696K)->64115K(224256K) Eden: 120320K(120320K)->0K(120320K) From: 57267K(101376K)->64115K(103936K)
[191.111s][info][gc,heap        ] GC(538) ParOldGen: 200285K(450560K)->200285K(450560K)
[191.111s][info][gc,metaspace   ] GC(538) Metaspace: 18522K(18688K)->18522K(18688K) NonClass: 15859K(15936K)->15859K(15936K) Class: 2663K(2752K)->2663K(2752K)
[191.111s][info][gc             ] GC(538) Pause Young (Allocation Failure) 369M->258M(659M) 93.886ms
[191.111s][info][gc,cpu         ] GC(538) User=0.18s Sys=0.00s Real=0.10s
[191.225s][info][gc,start       ] GC(539) Pause Young (Allocation Failure)
[191.315s][info][gc,heap        ] GC(539) PSYoungGen: 184435K(224256K)->64371K(219648K) Eden: 120320K(120320K)->0K(111616K) From: 64115K(103936K)->64371K(108032K)
[191.315s][info][gc,heap        ] GC(539) ParOldGen: 200285K(450560K)->200285K(450560K)
[191.315s][info][gc,metaspace   ] GC(539) Metaspace: 18522K(18688K)->18522K(18688K) NonClass: 15859K(15936K)->15859K(15936K) Class: 2663K(2752K)->2663K(2752K)
[191.315s][info][gc             ] GC(539) Pause Young (Allocation Failure) 375M->258M(654M) 90.411ms
[191.315s][info][gc,cpu         ] GC(539) User=0.18s Sys=0.00s Real=0.09s
[191.388s][info][gc,start       ] GC(540) Pause Young (Allocation Failure)
[191.507s][info][gc,heap        ] GC(540) PSYoungGen: 175987K(219648K)->92185K(222720K) Eden: 111616K(111616K)->0K(111616K) From: 64371K(108032K)->92185K(111104K)
[191.507s][info][gc,heap        ] GC(540) ParOldGen: 200285K(450560K)->200285K(450560K)
[191.507s][info][gc,metaspace   ] GC(540) Metaspace: 18522K(18688K)->18522K(18688K) NonClass: 15859K(15936K)->15859K(15936K) Class: 2663K(2752K)->2663K(2752K)
[191.507s][info][gc             ] GC(540) Pause Young (Allocation Failure) 367M->285M(657M) 118.651ms
[191.507s][info][gc,cpu         ] GC(540) User=0.24s Sys=0.00s Real=0.12s
[191.574s][info][gc,start       ] GC(541) Pause Young (Allocation Failure)
[191.710s][info][gc,heap        ] GC(541) PSYoungGen: 203801K(222720K)->90800K(222720K) Eden: 111616K(111616K)->0K(111616K) From: 92185K(111104K)->90800K(111104K)
[191.710s][info][gc,heap        ] GC(541) ParOldGen: 200285K(450560K)->232510K(450560K)
[191.710s][info][gc,metaspace   ] GC(541) Metaspace: 18522K(18688K)->18522K(18688K) NonClass: 15859K(15936K)->15859K(15936K) Class: 2663K(2752K)->2663K(2752K)
[191.710s][info][gc             ] GC(541) Pause Young (Allocation Failure) 394M->315M(657M) 136.374ms
[191.710s][info][gc,cpu         ] GC(541) User=0.27s Sys=0.00s Real=0.14s
[191.850s][info][gc,start       ] GC(542) Pause Young (Allocation Failure)
[191.948s][info][gc,heap        ] GC(542) PSYoungGen: 202416K(222720K)->75315K(222720K) Eden: 111616K(111616K)->0K(111616K) From: 90800K(111104K)->75315K(111104K)
[191.948s][info][gc,heap        ] GC(542) ParOldGen: 232510K(450560K)->257643K(450560K)
[191.948s][info][gc,metaspace   ] GC(542) Metaspace: 18522K(18688K)->18522K(18688K) NonClass: 15859K(15936K)->15859K(15936K) Class: 2663K(2752K)->2663K(2752K)
[191.948s][info][gc             ] GC(542) Pause Young (Allocation Failure) 424M->325M(657M) 98.082ms
[191.948s][info][gc,cpu         ] GC(542) User=0.19s Sys=0.00s Real=0.10s
[192.048s][info][gc,start       ] GC(543) Pause Young (Allocation Failure)
[192.122s][info][gc,heap        ] GC(543) PSYoungGen: 186931K(222720K)->74227K(222720K) Eden: 111616K(111616K)->0K(111616K) From: 75315K(111104K)->74227K(111104K)
[192.122s][info][gc,heap        ] GC(543) ParOldGen: 257643K(450560K)->264811K(450560K)
[192.122s][info][gc,metaspace   ] GC(543) Metaspace: 18522K(18688K)->18522K(18688K) NonClass: 15859K(15936K)->15859K(15936K) Class: 2663K(2752K)->2663K(2752K)
[192.122s][info][gc             ] GC(543) Pause Young (Allocation Failure) 434M->331M(657M) 74.063ms
[192.122s][info][gc,cpu         ] GC(543) User=0.15s Sys=0.00s Real=0.08s
[192.211s][info][gc,start       ] GC(544) Pause Young (Allocation Failure)
[192.283s][info][gc,heap        ] GC(544) PSYoungGen: 185843K(222720K)->18019K(222720K) Eden: 111616K(111616K)->0K(111616K) From: 74227K(111104K)->18019K(111104K)
[192.283s][info][gc,heap        ] GC(544) ParOldGen: 264811K(450560K)->323706K(450560K)
[192.283s][info][gc,metaspace   ] GC(544) Metaspace: 18522K(18688K)->18522K(18688K) NonClass: 15859K(15936K)->15859K(15936K) Class: 2663K(2752K)->2663K(2752K)
[192.284s][info][gc             ] GC(544) Pause Young (Allocation Failure) 440M->333M(657M) 72.971ms
[192.284s][info][gc,cpu         ] GC(544) User=0.14s Sys=0.00s Real=0.07s
[192.356s][info][gc,start       ] GC(545) Pause Young (Allocation Failure)
[192.384s][info][gc,heap        ] GC(545) PSYoungGen: 129635K(222720K)->5600K(222720K) Eden: 111616K(111616K)->0K(111616K) From: 18019K(111104K)->5600K(111104K)
[192.384s][info][gc,heap        ] GC(545) ParOldGen: 323706K(450560K)->339393K(450560K)
[192.384s][info][gc,metaspace   ] GC(545) Metaspace: 18522K(18688K)->18522K(18688K) NonClass: 15859K(15936K)->15859K(15936K) Class: 2663K(2752K)->2663K(2752K)
[192.384s][info][gc             ] GC(545) Pause Young (Allocation Failure) 442M->336M(657M) 28.228ms
[192.384s][info][gc,cpu         ] GC(545) User=0.06s Sys=0.00s Real=0.03s
[192.586s][info][gc,start       ] GC(546) Pause Young (Allocation Failure)
[192.595s][info][gc,heap        ] GC(546) PSYoungGen: 117216K(222720K)->1600K(222720K) Eden: 111616K(111616K)->0K(111616K) From: 5600K(111104K)->1600K(111104K)
[192.595s][info][gc,heap        ] GC(546) ParOldGen: 339393K(450560K)->344969K(450560K)
[192.595s][info][gc,metaspace   ] GC(546) Metaspace: 18522K(18688K)->18522K(18688K) NonClass: 15859K(15936K)->15859K(15936K) Class: 2663K(2752K)->2663K(2752K)
[192.595s][info][gc             ] GC(546) Pause Young (Allocation Failure) 445M->338M(657M) 9.185ms
[192.595s][info][gc,cpu         ] GC(546) User=0.02s Sys=0.00s Real=0.01s
[192.868s][info][gc,start       ] GC(547) Pause Young (Allocation Failure)
[192.888s][info][gc,heap        ] GC(547) PSYoungGen: 113216K(222720K)->17696K(222720K) Eden: 111616K(111616K)->0K(111616K) From: 1600K(111104K)->17696K(111104K)
[192.888s][info][gc,heap        ] GC(547) ParOldGen: 344969K(450560K)->346545K(450560K)
[192.888s][info][gc,metaspace   ] GC(547) Metaspace: 18522K(18688K)->18522K(18688K) NonClass: 15859K(15936K)->15859K(15936K) Class: 2663K(2752K)->2663K(2752K)
[192.888s][info][gc             ] GC(547) Pause Young (Allocation Failure) 447M->355M(657M) 19.915ms
[192.888s][info][gc,cpu         ] GC(547) User=0.04s Sys=0.00s Real=0.02s
[193.001s][info][gc,start       ] GC(548) Pause Young (Allocation Failure)
[193.053s][info][gc,heap        ] GC(548) PSYoungGen: 129312K(222720K)->41616K(222720K) Eden: 111616K(111616K)->0K(111616K) From: 17696K(111104K)->41616K(111104K)
[193.053s][info][gc,heap        ] GC(548) ParOldGen: 346545K(450560K)->364240K(450560K)
[193.053s][info][gc,metaspace   ] GC(548) Metaspace: 18523K(18688K)->18523K(18688K) NonClass: 15860K(15936K)->15860K(15936K) Class: 2663K(2752K)->2663K(2752K)
[193.053s][info][gc             ] GC(548) Pause Young (Allocation Failure) 464M->396M(657M) 51.707ms
[193.053s][info][gc,cpu         ] GC(548) User=0.10s Sys=0.00s Real=0.05s
[193.215s][info][gc,start       ] GC(549) Pause Young (Allocation Failure)
[193.268s][info][gc,heap        ] GC(549) PSYoungGen: 153232K(222720K)->18880K(222720K) Eden: 111616K(111616K)->0K(111616K) From: 41616K(111104K)->18880K(111104K)
[193.268s][info][gc,heap        ] GC(549) ParOldGen: 364240K(450560K)->406129K(450560K)
[193.268s][info][gc,metaspace   ] GC(549) Metaspace: 18524K(18688K)->18524K(18688K) NonClass: 15860K(15936K)->15860K(15936K) Class: 2663K(2752K)->2663K(2752K)
[193.268s][info][gc             ] GC(549) Pause Young (Allocation Failure) 505M->415M(657M) 53.230ms
[193.268s][info][gc,cpu         ] GC(549) User=0.11s Sys=0.00s Real=0.05s
[193.373s][info][gc,start       ] GC(550) Pause Young (Allocation Failure)
[193.401s][info][gc,heap        ] GC(550) PSYoungGen: 130496K(222720K)->3808K(222720K) Eden: 111616K(111616K)->0K(111616K) From: 18880K(111104K)->3808K(111104K)
[193.401s][info][gc,heap        ] GC(550) ParOldGen: 406129K(450560K)->425049K(450560K)
[193.401s][info][gc,metaspace   ] GC(550) Metaspace: 18524K(18688K)->18524K(18688K) NonClass: 15860K(15936K)->15860K(15936K) Class: 2663K(2752K)->2663K(2752K)
[193.401s][info][gc             ] GC(550) Pause Young (Allocation Failure) 524M->418M(657M) 27.814ms
[193.401s][info][gc,cpu         ] GC(550) User=0.05s Sys=0.00s Real=0.03s
[193.521s][info][gc,start       ] GC(551) Pause Young (Allocation Failure)
[193.527s][info][gc,heap        ] GC(551) PSYoungGen: 115424K(222720K)->1184K(219648K) Eden: 111616K(111616K)->0K(111616K) From: 3808K(111104K)->1184K(108032K)
[193.527s][info][gc,heap        ] GC(551) ParOldGen: 425049K(450560K)->428838K(450560K)
[193.527s][info][gc,metaspace   ] GC(551) Metaspace: 18524K(18688K)->18524K(18688K) NonClass: 15860K(15936K)->15860K(15936K) Class: 2663K(2752K)->2663K(2752K)
[193.527s][info][gc             ] GC(551) Pause Young (Allocation Failure) 527M->419M(654M) 6.773ms
[193.527s][info][gc,cpu         ] GC(551) User=0.01s Sys=0.00s Real=0.00s
[193.714s][info][gc,start       ] GC(552) Pause Young (Allocation Failure)
[193.717s][info][gc,heap        ] GC(552) PSYoungGen: 112800K(219648K)->1408K(221184K) Eden: 111616K(111616K)->0K(111616K) From: 1184K(108032K)->1408K(109568K)
[193.717s][info][gc,heap        ] GC(552) ParOldGen: 428838K(450560K)->428838K(450560K)
[193.717s][info][gc,metaspace   ] GC(552) Metaspace: 18524K(18688K)->18524K(18688K) NonClass: 15860K(15936K)->15860K(15936K) Class: 2663K(2752K)->2663K(2752K)
[193.718s][info][gc             ] GC(552) Pause Young (Allocation Failure) 528M->420M(656M) 3.718ms
[193.718s][info][gc,cpu         ] GC(552) User=0.01s Sys=0.00s Real=0.00s
[193.934s][info][gc,start       ] GC(553) Pause Young (Allocation Failure)
[193.938s][info][gc,heap        ] GC(553) PSYoungGen: 113024K(221184K)->1824K(214016K) Eden: 111616K(111616K)->0K(115200K) From: 1408K(109568K)->1824K(98816K)
[193.938s][info][gc,heap        ] GC(553) ParOldGen: 428838K(450560K)->428838K(450560K)
[193.938s][info][gc,metaspace   ] GC(553) Metaspace: 18524K(18688K)->18524K(18688K) NonClass: 15860K(15936K)->15860K(15936K) Class: 2663K(2752K)->2663K(2752K)
[193.938s][info][gc             ] GC(553) Pause Young (Allocation Failure) 529M->420M(649M) 4.508ms
[193.938s][info][gc,cpu         ] GC(553) User=0.00s Sys=0.00s Real=0.00s
[194.064s][info][gc,start       ] GC(554) Pause Young (Allocation Failure)
[194.109s][info][gc,heap        ] GC(554) PSYoungGen: 117024K(214016K)->49032K(218624K) Eden: 115200K(115200K)->0K(115200K) From: 1824K(98816K)->49032K(103424K)
[194.109s][info][gc,heap        ] GC(554) ParOldGen: 428838K(450560K)->428838K(450560K)
[194.109s][info][gc,metaspace   ] GC(554) Metaspace: 18524K(18688K)->18524K(18688K) NonClass: 15860K(15936K)->15860K(15936K) Class: 2663K(2752K)->2663K(2752K)
[194.109s][info][gc             ] GC(554) Pause Young (Allocation Failure) 533M->466M(653M) 45.355ms
[194.109s][info][gc,cpu         ] GC(554) User=0.09s Sys=0.00s Real=0.04s
[194.284s][info][gc,start       ] GC(555) Pause Young (Allocation Failure)
[194.356s][info][gc,heap        ] GC(555) PSYoungGen: 164232K(218624K)->77512K(216064K) Eden: 115200K(115200K)->0K(111616K) From: 49032K(103424K)->77512K(104448K)
[194.356s][info][gc,heap        ] GC(555) ParOldGen: 428838K(450560K)->428838K(450560K)
[194.356s][info][gc,metaspace   ] GC(555) Metaspace: 18524K(18688K)->18524K(18688K) NonClass: 15860K(15936K)->15860K(15936K) Class: 2663K(2752K)->2663K(2752K)
[194.356s][info][gc             ] GC(555) Pause Young (Allocation Failure) 579M->494M(651M) 71.884ms
[194.356s][info][gc,cpu         ] GC(555) User=0.14s Sys=0.00s Real=0.07s
[194.464s][info][gc,start       ] GC(556) Pause Young (Allocation Failure)
[194.532s][info][gc,heap        ] GC(556) PSYoungGen: 189128K(216064K)->76568K(222720K) Eden: 111616K(111616K)->0K(111616K) From: 77512K(104448K)->76568K(111104K)
[194.532s][info][gc,heap        ] GC(556) ParOldGen: 428838K(450560K)->430230K(450560K)
[194.532s][info][gc,metaspace   ] GC(556) Metaspace: 18524K(18688K)->18524K(18688K) NonClass: 15860K(15936K)->15860K(15936K) Class: 2663K(2752K)->2663K(2752K)
[194.532s][info][gc             ] GC(556) Pause Young (Allocation Failure) 603M->494M(657M) 67.306ms
[194.532s][info][gc,cpu         ] GC(556) User=0.13s Sys=0.00s Real=0.07s
[194.648s][info][gc,start       ] GC(557) Pause Young (Allocation Failure)
[194.728s][info][gc,heap        ] GC(557) PSYoungGen: 188184K(222720K)->29496K(222720K) Eden: 111616K(111616K)->0K(111616K) From: 76568K(111104K)->29496K(111104K)
[194.728s][info][gc,heap        ] GC(557) ParOldGen: 430230K(450560K)->477975K(478208K)
[194.728s][info][gc,metaspace   ] GC(557) Metaspace: 18524K(18688K)->18524K(18688K) NonClass: 15860K(15936K)->15860K(15936K) Class: 2663K(2752K)->2663K(2752K)
[194.728s][info][gc             ] GC(557) Pause Young (Allocation Failure) 603M->495M(684M) 79.954ms
[194.728s][info][gc,cpu         ] GC(557) User=0.14s Sys=0.02s Real=0.08s
[194.855s][info][gc,start       ] GC(558) Pause Young (Allocation Failure)
[194.963s][info][gc,heap        ] GC(558) PSYoungGen: 141112K(222720K)->73632K(222720K) Eden: 111616K(111616K)->0K(111616K) From: 29496K(111104K)->73632K(111104K)
[194.963s][info][gc,heap        ] GC(558) ParOldGen: 477975K(478208K)->507099K(507392K)
[194.963s][info][gc,metaspace   ] GC(558) Metaspace: 18524K(18688K)->18524K(18688K) NonClass: 15860K(15936K)->15860K(15936K) Class: 2663K(2752K)->2663K(2752K)
[194.963s][info][gc             ] GC(558) Pause Young (Allocation Failure) 604M->567M(713M) 108.034ms
[194.963s][info][gc,cpu         ] GC(558) User=0.19s Sys=0.02s Real=0.11s
[195.122s][info][gc,start       ] GC(559) Pause Young (Allocation Failure)
[195.244s][info][gc,heap        ] GC(559) PSYoungGen: 185248K(222720K)->17072K(222720K) Eden: 111616K(111616K)->0K(111616K) From: 73632K(111104K)->17072K(111104K)
[195.244s][info][gc,heap        ] GC(559) ParOldGen: 507099K(507392K)->580979K(581120K)
[195.244s][info][gc,metaspace   ] GC(559) Metaspace: 18524K(18688K)->18524K(18688K) NonClass: 15860K(15936K)->15860K(15936K) Class: 2663K(2752K)->2663K(2752K)
[195.244s][info][gc             ] GC(559) Pause Young (Allocation Failure) 676M->584M(785M) 121.775ms
[195.244s][info][gc,cpu         ] GC(559) User=0.18s Sys=0.06s Real=0.12s
[195.377s][info][gc,start       ] GC(560) Pause Young (Allocation Failure)
[195.412s][info][gc,heap        ] GC(560) PSYoungGen: 128688K(222720K)->10628K(222720K) Eden: 111616K(111616K)->0K(111616K) From: 17072K(111104K)->10628K(111104K)
[195.412s][info][gc,heap        ] GC(560) ParOldGen: 580979K(581120K)->598062K(598528K)
[195.412s][info][gc,metaspace   ] GC(560) Metaspace: 18524K(18688K)->18524K(18688K) NonClass: 15861K(15936K)->15861K(15936K) Class: 2663K(2752K)->2663K(2752K)
[195.413s][info][gc             ] GC(560) Pause Young (Allocation Failure) 693M->594M(802M) 35.836ms
[195.413s][info][gc,cpu         ] GC(560) User=0.06s Sys=0.01s Real=0.04s
[195.484s][info][gc,start       ] GC(561) Pause Full (Allocation Failure)
[195.484s][info][gc,phases,start] GC(561) Marking Phase
[195.596s][info][gc,phases      ] GC(561) Marking Phase 111.439ms
[195.596s][info][gc,phases,start] GC(561) Summary Phase
[195.596s][info][gc,phases      ] GC(561) Summary Phase 0.025ms
[195.596s][info][gc,phases,start] GC(561) Forward
[195.628s][info][gc,phases      ] GC(561) Forward 31.995ms
[195.628s][info][gc,phases,start] GC(561) Adjust Pointers
[195.700s][info][gc,phases      ] GC(561) Adjust Pointers 72.329ms
[195.700s][info][gc,phases,start] GC(561) Compaction Phase
[195.746s][info][gc,phases      ] GC(561) Compaction Phase 45.460ms
[195.748s][info][gc,phases,start] GC(561) Post Compact
[195.751s][info][gc,phases      ] GC(561) Post Compact 2.118ms
[195.759s][info][gc,heap        ] GC(561) PSYoungGen: 122244K(222720K)->0K(222720K) Eden: 111616K(111616K)->0K(111616K) From: 10628K(111104K)->0K(111104K)
[195.759s][info][gc,heap        ] GC(561) ParOldGen: 598062K(598528K)->155901K(474112K)
[195.759s][info][gc,metaspace   ] GC(561) Metaspace: 18524K(18688K)->18524K(18688K) NonClass: 15861K(15936K)->15861K(15936K) Class: 2663K(2752K)->2663K(2752K)
[195.759s][info][gc             ] GC(561) Pause Full (Allocation Failure) 703M->152M(680M) 275.124ms
[195.759s][info][gc,cpu         ] GC(561) User=0.49s Sys=0.01s Real=0.27s
[195.821s][info][gc,start       ] GC(562) Pause Young (Allocation Failure)
[195.844s][info][gc,heap        ] GC(562) PSYoungGen: 111616K(222720K)->32320K(144384K) Eden: 111616K(111616K)->0K(111616K) From: 0K(111104K)->32320K(32768K)
[195.844s][info][gc,heap        ] GC(562) ParOldGen: 155901K(474112K)->155901K(474112K)
[195.844s][info][gc,metaspace   ] GC(562) Metaspace: 18524K(18688K)->18524K(18688K) NonClass: 15861K(15936K)->15861K(15936K) Class: 2663K(2752K)->2663K(2752K)
[195.844s][info][gc             ] GC(562) Pause Young (Allocation Failure) 261M->183M(604M) 22.775ms
[195.844s][info][gc,cpu         ] GC(562) User=0.04s Sys=0.00s Real=0.02s
[195.900s][info][gc,start       ] GC(563) Pause Young (Allocation Failure)
[195.955s][info][gc,heap        ] GC(563) PSYoungGen: 143936K(144384K)->75280K(214528K) Eden: 111616K(111616K)->0K(107520K) From: 32320K(32768K)->75280K(107008K)
[195.955s][info][gc,heap        ] GC(563) ParOldGen: 155901K(474112K)->155901K(474112K)
[195.955s][info][gc,metaspace   ] GC(563) Metaspace: 18525K(18688K)->18525K(18688K) NonClass: 15862K(15936K)->15862K(15936K) Class: 2663K(2752K)->2663K(2752K)
[195.955s][info][gc             ] GC(563) Pause Young (Allocation Failure) 292M->225M(672M) 55.106ms
[195.955s][info][gc,cpu         ] GC(563) User=0.11s Sys=0.00s Real=0.05s
[196.019s][info][gc,start       ] GC(564) Pause Young (Allocation Failure)
[196.092s][info][gc,heap        ] GC(564) PSYoungGen: 182800K(214528K)->42464K(218624K) Eden: 107520K(107520K)->0K(107520K) From: 75280K(107008K)->42464K(111104K)
[196.092s][info][gc,heap        ] GC(564) ParOldGen: 155901K(474112K)->232062K(474112K)
[196.092s][info][gc,metaspace   ] GC(564) Metaspace: 18525K(18688K)->18525K(18688K) NonClass: 15862K(15936K)->15862K(15936K) Class: 2663K(2752K)->2663K(2752K)
[196.092s][info][gc             ] GC(564) Pause Young (Allocation Failure) 330M->268M(676M) 72.873ms
[196.092s][info][gc,cpu         ] GC(564) User=0.15s Sys=0.00s Real=0.08s
[196.187s][info][gc,start       ] GC(565) Pause Young (Allocation Failure)
[196.228s][info][gc,heap        ] GC(565) PSYoungGen: 149984K(218624K)->60736K(222720K) Eden: 107520K(107520K)->0K(114176K) From: 42464K(111104K)->60736K(108544K)
[196.228s][info][gc,heap        ] GC(565) ParOldGen: 232062K(474112K)->232062K(474112K)
[196.228s][info][gc,metaspace   ] GC(565) Metaspace: 18528K(18688K)->18528K(18688K) NonClass: 15865K(15936K)->15865K(15936K) Class: 2663K(2752K)->2663K(2752K)
[196.228s][info][gc             ] GC(565) Pause Young (Allocation Failure) 373M->285M(680M) 41.438ms
[196.228s][info][gc,cpu         ] GC(565) User=0.08s Sys=0.00s Real=0.04s
[196.316s][info][gc,start       ] GC(566) Pause Young (Allocation Failure)
[196.364s][info][gc,heap        ] GC(566) PSYoungGen: 174912K(222720K)->63456K(177664K) Eden: 114176K(114176K)->0K(114176K) From: 60736K(108544K)->63456K(63488K)
[196.364s][info][gc,heap        ] GC(566) ParOldGen: 232062K(474112K)->232062K(474112K)
[196.364s][info][gc,metaspace   ] GC(566) Metaspace: 18528K(18688K)->18528K(18688K) NonClass: 15865K(15936K)->15865K(15936K) Class: 2663K(2752K)->2663K(2752K)
[196.364s][info][gc             ] GC(566) Pause Young (Allocation Failure) 397M->288M(636M) 48.021ms
[196.364s][info][gc,cpu         ] GC(566) User=0.10s Sys=0.00s Real=0.05s
[196.480s][info][gc,start       ] GC(567) Pause Young (Allocation Failure)
[196.550s][info][gc,heap        ] GC(567) PSYoungGen: 177632K(177664K)->81335K(222720K) Eden: 114176K(114176K)->0K(111616K) From: 63456K(63488K)->81335K(111104K)
[196.550s][info][gc,heap        ] GC(567) ParOldGen: 232062K(474112K)->232062K(474112K)
[196.550s][info][gc,metaspace   ] GC(567) Metaspace: 18529K(18688K)->18529K(18688K) NonClass: 15866K(15936K)->15866K(15936K) Class: 2663K(2752K)->2663K(2752K)
[196.550s][info][gc             ] GC(567) Pause Young (Allocation Failure) 400M->306M(680M) 69.962ms
[196.550s][info][gc,cpu         ] GC(567) User=0.13s Sys=0.00s Real=0.07s
[196.663s][info][gc,start       ] GC(568) Pause Young (Allocation Failure)
[196.778s][info][gc,heap        ] GC(568) PSYoungGen: 192951K(222720K)->52963K(222720K) Eden: 111616K(111616K)->0K(111616K) From: 81335K(111104K)->52963K(111104K)
[196.778s][info][gc,heap        ] GC(568) ParOldGen: 232062K(474112K)->293438K(474112K)
[196.778s][info][gc,metaspace   ] GC(568) Metaspace: 18529K(18688K)->18529K(18688K) NonClass: 15866K(15936K)->15866K(15936K) Class: 2663K(2752K)->2663K(2752K)
[196.778s][info][gc             ] GC(568) Pause Young (Allocation Failure) 415M->338M(680M) 115.301ms
[196.778s][info][gc,cpu         ] GC(568) User=0.23s Sys=0.00s Real=0.11s
[196.871s][info][gc,start       ] GC(569) Pause Young (Allocation Failure)
[196.971s][info][gc,heap        ] GC(569) PSYoungGen: 164579K(222720K)->58689K(221696K) Eden: 111616K(111616K)->0K(111616K) From: 52963K(111104K)->58689K(110080K)
[196.971s][info][gc,heap        ] GC(569) ParOldGen: 293438K(474112K)->313996K(474112K)
[196.971s][info][gc,metaspace   ] GC(569) Metaspace: 18529K(18688K)->18529K(18688K) NonClass: 15866K(15936K)->15866K(15936K) Class: 2663K(2752K)->2663K(2752K)
[196.971s][info][gc             ] GC(569) Pause Young (Allocation Failure) 447M->363M(679M) 99.265ms
[196.971s][info][gc,cpu         ] GC(569) User=0.20s Sys=0.00s Real=0.10s
[197.046s][info][gc,start       ] GC(570) Pause Young (Allocation Failure)
[197.122s][info][gc,heap        ] GC(570) PSYoungGen: 170305K(221696K)->71009K(222208K) Eden: 111616K(111616K)->0K(111616K) From: 58689K(110080K)->71009K(110592K)
[197.122s][info][gc,heap        ] GC(570) ParOldGen: 313996K(474112K)->313996K(474112K)
[197.122s][info][gc,metaspace   ] GC(570) Metaspace: 18529K(18688K)->18529K(18688K) NonClass: 15866K(15936K)->15866K(15936K) Class: 2663K(2752K)->2663K(2752K)
[197.122s][info][gc             ] GC(570) Pause Young (Allocation Failure) 472M->375M(680M) 76.399ms
[197.122s][info][gc,cpu         ] GC(570) User=0.15s Sys=0.00s Real=0.08s
[197.199s][info][gc,start       ] GC(571) Pause Young (Allocation Failure)
[197.286s][info][gc,heap        ] GC(571) PSYoungGen: 182625K(222208K)->22752K(222720K) Eden: 111616K(111616K)->0K(111616K) From: 71009K(110592K)->22752K(111104K)
[197.286s][info][gc,heap        ] GC(571) ParOldGen: 313996K(474112K)->372777K(474112K)
[197.287s][info][gc,metaspace   ] GC(571) Metaspace: 18529K(18688K)->18529K(18688K) NonClass: 15866K(15936K)->15866K(15936K) Class: 2663K(2752K)->2663K(2752K)
[197.287s][info][gc             ] GC(571) Pause Young (Allocation Failure) 484M->386M(680M) 87.143ms
[197.287s][info][gc,cpu         ] GC(571) User=0.18s Sys=0.00s Real=0.09s
[197.347s][info][gc,start       ] GC(572) Pause Young (Allocation Failure)
[197.376s][info][gc,heap        ] GC(572) PSYoungGen: 134368K(222720K)->928K(222720K) Eden: 111616K(111616K)->0K(111616K) From: 22752K(111104K)->928K(111104K)
[197.376s][info][gc,heap        ] GC(572) ParOldGen: 372777K(474112K)->395545K(474112K)
[197.376s][info][gc,metaspace   ] GC(572) Metaspace: 18531K(18688K)->18531K(18688K) NonClass: 15868K(15936K)->15868K(15936K) Class: 2663K(2752K)->2663K(2752K)
[197.376s][info][gc             ] GC(572) Pause Young (Allocation Failure) 495M->387M(680M) 28.504ms
[197.376s][info][gc,cpu         ] GC(572) User=0.05s Sys=0.00s Real=0.03s
[197.460s][info][gc,start       ] GC(573) Pause Young (Allocation Failure)
[197.472s][info][gc,heap        ] GC(573) PSYoungGen: 112544K(222720K)->3552K(222720K) Eden: 111616K(111616K)->0K(111616K) From: 928K(111104K)->3552K(111104K)
[197.472s][info][gc,heap        ] GC(573) ParOldGen: 395545K(474112K)->396449K(474112K)
[197.472s][info][gc,metaspace   ] GC(573) Metaspace: 18531K(18688K)->18531K(18688K) NonClass: 15868K(15936K)->15868K(15936K) Class: 2663K(2752K)->2663K(2752K)
[197.472s][info][gc             ] GC(573) Pause Young (Allocation Failure) 496M->390M(680M) 12.529ms
[197.472s][info][gc,cpu         ] GC(573) User=0.02s Sys=0.00s Real=0.02s
[197.547s][info][gc,start       ] GC(574) Pause Young (Allocation Failure)
[197.559s][info][gc,heap        ] GC(574) PSYoungGen: 115168K(222720K)->2240K(222720K) Eden: 111616K(111616K)->0K(111616K) From: 3552K(111104K)->2240K(111104K)
[197.559s][info][gc,heap        ] GC(574) ParOldGen: 396449K(474112K)->399977K(474112K)
[197.559s][info][gc,metaspace   ] GC(574) Metaspace: 18531K(18688K)->18531K(18688K) NonClass: 15868K(15936K)->15868K(15936K) Class: 2663K(2752K)->2663K(2752K)
[197.559s][info][gc             ] GC(574) Pause Young (Allocation Failure) 499M->392M(680M) 11.522ms
[197.559s][info][gc,cpu         ] GC(574) User=0.02s Sys=0.00s Real=0.01s
[197.653s][info][gc,start       ] GC(575) Pause Young (Allocation Failure)
[197.666s][info][gc,heap        ] GC(575) PSYoungGen: 113856K(222720K)->8256K(218624K) Eden: 111616K(111616K)->0K(111616K) From: 2240K(111104K)->8256K(107008K)
[197.666s][info][gc,heap        ] GC(575) ParOldGen: 399977K(474112K)->402193K(474112K)
[197.666s][info][gc,metaspace   ] GC(575) Metaspace: 18531K(18688K)->18531K(18688K) NonClass: 15868K(15936K)->15868K(15936K) Class: 2663K(2752K)->2663K(2752K)
[197.666s][info][gc             ] GC(575) Pause Young (Allocation Failure) 501M->400M(676M) 12.559ms
[197.666s][info][gc,cpu         ] GC(575) User=0.03s Sys=0.00s Real=0.01s
[197.759s][info][gc,start       ] GC(576) Pause Young (Allocation Failure)
[197.791s][info][gc,heap        ] GC(576) PSYoungGen: 119872K(218624K)->29312K(141312K) Eden: 111616K(111616K)->0K(111616K) From: 8256K(107008K)->29312K(29696K)
[197.791s][info][gc,heap        ] GC(576) ParOldGen: 402193K(474112K)->402193K(474112K)
[197.791s][info][gc,metaspace   ] GC(576) Metaspace: 18531K(18688K)->18531K(18688K) NonClass: 15868K(15936K)->15868K(15936K) Class: 2663K(2752K)->2663K(2752K)
[197.791s][info][gc             ] GC(576) Pause Young (Allocation Failure) 509M->421M(601M) 31.180ms
[197.791s][info][gc,cpu         ] GC(576) User=0.06s Sys=0.00s Real=0.04s
[197.976s][info][gc,start       ] GC(577) Pause Young (Allocation Failure)
[198.020s][info][gc,heap        ] GC(577) PSYoungGen: 140928K(141312K)->43680K(216064K) Eden: 111616K(111616K)->0K(118784K) From: 29312K(29696K)->43680K(97280K)
[198.020s][info][gc,heap        ] GC(577) ParOldGen: 402193K(474112K)->402193K(474112K)
[198.020s][info][gc,metaspace   ] GC(577) Metaspace: 18531K(18688K)->18531K(18688K) NonClass: 15868K(15936K)->15868K(15936K) Class: 2663K(2752K)->2663K(2752K)
[198.020s][info][gc             ] GC(577) Pause Young (Allocation Failure) 530M->435M(674M) 44.555ms
[198.020s][info][gc,cpu         ] GC(577) User=0.09s Sys=0.00s Real=0.05s
[198.440s][info][gc,start       ] GC(578) Pause Young (Allocation Failure)
[198.486s][info][gc,heap        ] GC(578) PSYoungGen: 162464K(216064K)->43808K(218112K) Eden: 118784K(118784K)->0K(118784K) From: 43680K(97280K)->43808K(99328K)
[198.486s][info][gc,heap        ] GC(578) ParOldGen: 402193K(474112K)->402193K(474112K)
[198.486s][info][gc,metaspace   ] GC(578) Metaspace: 18531K(18688K)->18531K(18688K) NonClass: 15868K(15936K)->15868K(15936K) Class: 2663K(2752K)->2663K(2752K)
[198.486s][info][gc             ] GC(578) Pause Young (Allocation Failure) 551M->435M(676M) 46.055ms
[198.486s][info][gc,cpu         ] GC(578) User=0.09s Sys=0.00s Real=0.05s
[198.805s][info][gc,start       ] GC(579) Pause Young (Allocation Failure)
[198.848s][info][gc,heap        ] GC(579) PSYoungGen: 162592K(218112K)->43872K(215552K) Eden: 118784K(118784K)->0K(125440K) From: 43808K(99328K)->43872K(90112K)
[198.848s][info][gc,heap        ] GC(579) ParOldGen: 402193K(474112K)->402193K(474112K)
[198.848s][info][gc,metaspace   ] GC(579) Metaspace: 18535K(18688K)->18535K(18688K) NonClass: 15871K(15936K)->15871K(15936K) Class: 2663K(2752K)->2663K(2752K)
[198.848s][info][gc             ] GC(579) Pause Young (Allocation Failure) 551M->435M(673M) 42.888ms
[198.848s][info][gc,cpu         ] GC(579) User=0.08s Sys=0.00s Real=0.04s
[199.121s][info][gc,start       ] GC(580) Pause Young (Allocation Failure)
[199.171s][info][gc,heap        ] GC(580) PSYoungGen: 169312K(215552K)->43872K(219136K) Eden: 125440K(125440K)->0K(125440K) From: 43872K(90112K)->43872K(93696K)
[199.171s][info][gc,heap        ] GC(580) ParOldGen: 402193K(474112K)->402193K(474112K)
[199.171s][info][gc,metaspace   ] GC(580) Metaspace: 18535K(18688K)->18535K(18688K) NonClass: 15871K(15936K)->15871K(15936K) Class: 2663K(2752K)->2663K(2752K)
[199.171s][info][gc             ] GC(580) Pause Young (Allocation Failure) 558M->435M(677M) 49.753ms
[199.171s][info][gc,cpu         ] GC(580) User=0.09s Sys=0.00s Real=0.05s
[199.439s][info][gc,start       ] GC(581) Pause Young (Allocation Failure)
[199.490s][info][gc,heap        ] GC(581) PSYoungGen: 169312K(219136K)->43872K(217088K) Eden: 125440K(125440K)->0K(132096K) From: 43872K(93696K)->43872K(84992K)
[199.490s][info][gc,heap        ] GC(581) ParOldGen: 402193K(474112K)->402193K(474112K)
[199.490s][info][gc,metaspace   ] GC(581) Metaspace: 18535K(18688K)->18535K(18688K) NonClass: 15871K(15936K)->15871K(15936K) Class: 2663K(2752K)->2663K(2752K)
[199.490s][info][gc             ] GC(581) Pause Young (Allocation Failure) 558M->435M(675M) 50.229ms
[199.490s][info][gc,cpu         ] GC(581) User=0.10s Sys=0.00s Real=0.05s
[199.792s][info][gc,start       ] GC(582) Pause Young (Allocation Failure)
[199.851s][info][gc,heap        ] GC(582) PSYoungGen: 175968K(217088K)->43904K(220160K) Eden: 132096K(132096K)->0K(132096K) From: 43872K(84992K)->43904K(88064K)
[199.851s][info][gc,heap        ] GC(582) ParOldGen: 402193K(474112K)->402193K(474112K)
[199.851s][info][gc,metaspace   ] GC(582) Metaspace: 18535K(18688K)->18535K(18688K) NonClass: 15871K(15936K)->15871K(15936K) Class: 2663K(2752K)->2663K(2752K)
[199.851s][info][gc             ] GC(582) Pause Young (Allocation Failure) 564M->435M(678M) 59.529ms
[199.851s][info][gc,cpu         ] GC(582) User=0.11s Sys=0.00s Real=0.06s
[200.034s][info][gc,start       ] GC(583) Pause Young (Allocation Failure)
[200.096s][info][gc,heap        ] GC(583) PSYoungGen: 176000K(220160K)->66710K(218112K) Eden: 132096K(132096K)->0K(132608K) From: 43904K(88064K)->66710K(85504K)
[200.096s][info][gc,heap        ] GC(583) ParOldGen: 402193K(474112K)->402193K(474112K)
[200.096s][info][gc,metaspace   ] GC(583) Metaspace: 18535K(18688K)->18535K(18688K) NonClass: 15871K(15936K)->15871K(15936K) Class: 2663K(2752K)->2663K(2752K)
[200.096s][info][gc             ] GC(583) Pause Young (Allocation Failure) 564M->457M(676M) 62.665ms
[200.097s][info][gc,cpu         ] GC(583) User=0.12s Sys=0.00s Real=0.06s
[200.158s][info][gc,start       ] GC(584) Pause Young (Allocation Failure)
[200.253s][info][gc,heap        ] GC(584) PSYoungGen: 199318K(218112K)->91638K(224256K) Eden: 132608K(132608K)->0K(132608K) From: 66710K(85504K)->91638K(91648K)
[200.253s][info][gc,heap        ] GC(584) ParOldGen: 402193K(474112K)->425633K(474112K)
[200.253s][info][gc,metaspace   ] GC(584) Metaspace: 18535K(18688K)->18535K(18688K) NonClass: 15871K(15936K)->15871K(15936K) Class: 2663K(2752K)->2663K(2752K)
[200.253s][info][gc             ] GC(584) Pause Young (Allocation Failure) 587M->505M(682M) 95.297ms
[200.253s][info][gc,cpu         ] GC(584) User=0.19s Sys=0.00s Real=0.10s
[200.412s][info][gc,start       ] GC(585) Pause Young (Allocation Failure)
[200.508s][info][gc,heap        ] GC(585) PSYoungGen: 224246K(224256K)->81862K(221184K) Eden: 132608K(132608K)->0K(111616K) From: 91638K(91648K)->81862K(109568K)
[200.508s][info][gc,heap        ] GC(585) ParOldGen: 425633K(474112K)->454983K(474112K)
[200.508s][info][gc,metaspace   ] GC(585) Metaspace: 18537K(18688K)->18537K(18688K) NonClass: 15874K(15936K)->15874K(15936K) Class: 2663K(2752K)->2663K(2752K)
[200.508s][info][gc             ] GC(585) Pause Young (Allocation Failure) 634M->524M(679M) 95.852ms
[200.508s][info][gc,cpu         ] GC(585) User=0.19s Sys=0.00s Real=0.09s
[200.572s][info][gc,start       ] GC(586) Pause Young (Allocation Failure)
[200.649s][info][gc,heap        ] GC(586) PSYoungGen: 193478K(221184K)->83142K(222720K) Eden: 111616K(111616K)->0K(111616K) From: 81862K(109568K)->83142K(111104K)
[200.649s][info][gc,heap        ] GC(586) ParOldGen: 454983K(474112K)->469492K(474112K)
[200.649s][info][gc,metaspace   ] GC(586) Metaspace: 18537K(18688K)->18537K(18688K) NonClass: 15874K(15936K)->15874K(15936K) Class: 2663K(2752K)->2663K(2752K)
[200.649s][info][gc             ] GC(586) Pause Young (Allocation Failure) 633M->539M(680M) 77.014ms
[200.649s][info][gc,cpu         ] GC(586) User=0.16s Sys=0.00s Real=0.07s
[200.745s][info][gc,start       ] GC(587) Pause Young (Allocation Failure)
[200.836s][info][gc,heap        ] GC(587) PSYoungGen: 194758K(222720K)->104220K(222720K) Eden: 111616K(111616K)->0K(111616K) From: 83142K(111104K)->104220K(111104K)
[200.836s][info][gc,heap        ] GC(587) ParOldGen: 469492K(474112K)->469556K(474112K)
[200.836s][info][gc,metaspace   ] GC(587) Metaspace: 18537K(18688K)->18537K(18688K) NonClass: 15874K(15936K)->15874K(15936K) Class: 2663K(2752K)->2663K(2752K)
[200.836s][info][gc             ] GC(587) Pause Young (Allocation Failure) 648M->560M(680M) 90.498ms
[200.836s][info][gc,cpu         ] GC(587) User=0.16s Sys=0.02s Real=0.09s
[200.915s][info][gc,start       ] GC(588) Pause Young (Allocation Failure)
[201.027s][info][gc,heap        ] GC(588) PSYoungGen: 215836K(222720K)->111088K(222720K) Eden: 111616K(111616K)->0K(111616K) From: 104220K(111104K)->111088K(111104K)
[201.027s][info][gc,heap        ] GC(588) ParOldGen: 469556K(474112K)->478070K(478208K)
[201.027s][info][gc,metaspace   ] GC(588) Metaspace: 18537K(18688K)->18537K(18688K) NonClass: 15874K(15936K)->15874K(15936K) Class: 2663K(2752K)->2663K(2752K)
[201.027s][info][gc             ] GC(588) Pause Young (Allocation Failure) 669M->575M(684M) 112.202ms
[201.027s][info][gc,cpu         ] GC(588) User=0.22s Sys=0.00s Real=0.11s
[201.104s][info][gc,start       ] GC(589) Pause Young (Allocation Failure)
[201.229s][info][gc,heap        ] GC(589) PSYoungGen: 222704K(222720K)->68966K(222720K) Eden: 111616K(111616K)->0K(111616K) From: 111088K(111104K)->68966K(111104K)
[201.229s][info][gc,heap        ] GC(589) ParOldGen: 478070K(478208K)->521862K(522240K)
[201.229s][info][gc,metaspace   ] GC(589) Metaspace: 18537K(18688K)->18537K(18688K) NonClass: 15874K(15936K)->15874K(15936K) Class: 2663K(2752K)->2663K(2752K)
[201.229s][info][gc             ] GC(589) Pause Young (Allocation Failure) 684M->576M(727M) 124.881ms
[201.229s][info][gc,cpu         ] GC(589) User=0.21s Sys=0.03s Real=0.12s
[201.327s][info][gc,start       ] GC(590) Pause Young (Allocation Failure)
[201.431s][info][gc,heap        ] GC(590) PSYoungGen: 180582K(222720K)->65750K(222720K) Eden: 111616K(111616K)->0K(111616K) From: 68966K(111104K)->65750K(111104K)
[201.431s][info][gc,heap        ] GC(590) ParOldGen: 521862K(522240K)->545522K(545792K)
[201.431s][info][gc,metaspace   ] GC(590) Metaspace: 18537K(18688K)->18537K(18688K) NonClass: 15874K(15936K)->15874K(15936K) Class: 2663K(2752K)->2663K(2752K)
[201.431s][info][gc             ] GC(590) Pause Young (Allocation Failure) 685M->596M(750M) 104.094ms
[201.431s][info][gc,cpu         ] GC(590) User=0.19s Sys=0.02s Real=0.11s
[201.525s][info][gc,start       ] GC(591) Pause Young (Allocation Failure)
[201.639s][info][gc,heap        ] GC(591) PSYoungGen: 177366K(222720K)->54272K(222720K) Eden: 111616K(111616K)->0K(111616K) From: 65750K(111104K)->54272K(111104K)
[201.639s][info][gc,heap        ] GC(591) ParOldGen: 545522K(545792K)->578680K(579072K)
[201.639s][info][gc,metaspace   ] GC(591) Metaspace: 18537K(18688K)->18537K(18688K) NonClass: 15874K(15936K)->15874K(15936K) Class: 2663K(2752K)->2663K(2752K)
[201.639s][info][gc             ] GC(591) Pause Young (Allocation Failure) 705M->618M(783M) 114.420ms
[201.639s][info][gc,cpu         ] GC(591) User=0.20s Sys=0.02s Real=0.11s
[201.706s][info][gc,start       ] GC(592) Pause Young (Allocation Failure)
[201.786s][info][gc,heap        ] GC(592) PSYoungGen: 165888K(222720K)->25888K(222720K) Eden: 111616K(111616K)->0K(111616K) From: 54272K(111104K)->25888K(111104K)
[201.787s][info][gc,heap        ] GC(592) ParOldGen: 578680K(579072K)->611528K(611840K)
[201.787s][info][gc,metaspace   ] GC(592) Metaspace: 18537K(18688K)->18537K(18688K) NonClass: 15874K(15936K)->15874K(15936K) Class: 2663K(2752K)->2663K(2752K)
[201.787s][info][gc             ] GC(592) Pause Young (Allocation Failure) 727M->622M(815M) 80.393ms
[201.787s][info][gc,cpu         ] GC(592) User=0.14s Sys=0.02s Real=0.08s
[201.851s][info][gc,start       ] GC(593) Pause Full (Allocation Failure)
[201.851s][info][gc,phases,start] GC(593) Marking Phase
[202.110s][info][gc,phases      ] GC(593) Marking Phase 258.965ms
[202.110s][info][gc,phases,start] GC(593) Summary Phase
[202.110s][info][gc,phases      ] GC(593) Summary Phase 0.025ms
[202.110s][info][gc,phases,start] GC(593) Forward
[202.207s][info][gc,phases      ] GC(593) Forward 97.583ms
[202.208s][info][gc,phases,start] GC(593) Adjust Pointers
[202.415s][info][gc,phases      ] GC(593) Adjust Pointers 207.428ms
[202.415s][info][gc,phases,start] GC(593) Compaction Phase
[202.544s][info][gc,phases      ] GC(593) Compaction Phase 128.683ms
[202.552s][info][gc,phases,start] GC(593) Post Compact
[202.555s][info][gc,phases      ] GC(593) Post Compact 2.202ms
[202.555s][info][gc,heap        ] GC(593) PSYoungGen: 137504K(222720K)->0K(222720K) Eden: 111616K(111616K)->0K(111616K) From: 25888K(111104K)->0K(111104K)
[202.555s][info][gc,heap        ] GC(593) ParOldGen: 611528K(611840K)->375569K(667648K)
[202.555s][info][gc,metaspace   ] GC(593) Metaspace: 18537K(18688K)->18537K(18688K) NonClass: 15874K(15936K)->15874K(15936K) Class: 2663K(2752K)->2663K(2752K)
[202.555s][info][gc             ] GC(593) Pause Full (Allocation Failure) 731M->366M(869M) 703.976ms
[202.555s][info][gc,cpu         ] GC(593) User=1.32s Sys=0.01s Real=0.70s
[202.641s][info][gc,start       ] GC(594) Pause Young (Allocation Failure)
[202.653s][info][gc,heap        ] GC(594) PSYoungGen: 111616K(222720K)->7520K(222720K) Eden: 111616K(111616K)->0K(111616K) From: 0K(111104K)->7520K(111104K)
[202.653s][info][gc,heap        ] GC(594) ParOldGen: 375569K(667648K)->375569K(667648K)
[202.653s][info][gc,metaspace   ] GC(594) Metaspace: 18537K(18688K)->18537K(18688K) NonClass: 15874K(15936K)->15874K(15936K) Class: 2663K(2752K)->2663K(2752K)
[202.654s][info][gc             ] GC(594) Pause Young (Allocation Failure) 475M->374M(869M) 12.396ms
[202.654s][info][gc,cpu         ] GC(594) User=0.02s Sys=0.00s Real=0.01s
[202.779s][info][gc,start       ] GC(595) Pause Young (Allocation Failure)
[202.796s][info][gc,heap        ] GC(595) PSYoungGen: 119136K(222720K)->3584K(222720K) Eden: 111616K(111616K)->0K(111616K) From: 7520K(111104K)->3584K(111104K)
[202.796s][info][gc,heap        ] GC(595) ParOldGen: 375569K(667648K)->383105K(667648K)
[202.796s][info][gc,metaspace   ] GC(595) Metaspace: 18537K(18688K)->18537K(18688K) NonClass: 15874K(15936K)->15874K(15936K) Class: 2663K(2752K)->2663K(2752K)
[202.796s][info][gc             ] GC(595) Pause Young (Allocation Failure) 483M->377M(869M) 16.809ms
[202.796s][info][gc,cpu         ] GC(595) User=0.03s Sys=0.00s Real=0.02s
[202.949s][info][gc,start       ] GC(596) Pause Young (Allocation Failure)
[202.962s][info][gc,heap        ] GC(596) PSYoungGen: 115200K(222720K)->7488K(222720K) Eden: 111616K(111616K)->0K(111616K) From: 3584K(111104K)->7488K(111104K)
[202.962s][info][gc,heap        ] GC(596) ParOldGen: 383105K(667648K)->386681K(667648K)
[202.962s][info][gc,metaspace   ] GC(596) Metaspace: 18537K(18688K)->18537K(18688K) NonClass: 15874K(15936K)->15874K(15936K) Class: 2663K(2752K)->2663K(2752K)
[202.962s][info][gc             ] GC(596) Pause Young (Allocation Failure) 486M->384M(869M) 12.863ms
[202.962s][info][gc,cpu         ] GC(596) User=0.02s Sys=0.00s Real=0.02s
[203.079s][info][gc,start       ] GC(597) Pause Young (Allocation Failure)
[203.102s][info][gc,heap        ] GC(597) PSYoungGen: 119104K(222720K)->15040K(222720K) Eden: 111616K(111616K)->0K(111616K) From: 7488K(111104K)->15040K(111104K)
[203.102s][info][gc,heap        ] GC(597) ParOldGen: 386681K(667648K)->394153K(667648K)
[203.102s][info][gc,metaspace   ] GC(597) Metaspace: 18537K(18688K)->18537K(18688K) NonClass: 15874K(15936K)->15874K(15936K) Class: 2663K(2752K)->2663K(2752K)
[203.102s][info][gc             ] GC(597) Pause Young (Allocation Failure) 493M->399M(869M) 23.140ms
[203.102s][info][gc,cpu         ] GC(597) User=0.05s Sys=0.00s Real=0.03s
[203.292s][info][gc,start       ] GC(598) Pause Young (Allocation Failure)
[203.325s][info][gc,heap        ] GC(598) PSYoungGen: 126656K(222720K)->14736K(222720K) Eden: 111616K(111616K)->0K(111616K) From: 15040K(111104K)->14736K(111104K)
[203.325s][info][gc,heap        ] GC(598) ParOldGen: 394153K(667648K)->409207K(667648K)
[203.325s][info][gc,metaspace   ] GC(598) Metaspace: 18537K(18688K)->18537K(18688K) NonClass: 15874K(15936K)->15874K(15936K) Class: 2663K(2752K)->2663K(2752K)
[203.325s][info][gc             ] GC(598) Pause Young (Allocation Failure) 508M->414M(869M) 32.973ms
[203.325s][info][gc,cpu         ] GC(598) User=0.07s Sys=0.00s Real=0.03s
[203.495s][info][gc,start       ] GC(599) Pause Young (Allocation Failure)
[203.516s][info][gc,heap        ] GC(599) PSYoungGen: 126352K(222720K)->7904K(222720K) Eden: 111616K(111616K)->0K(111616K) From: 14736K(111104K)->7904K(111104K)
[203.516s][info][gc,heap        ] GC(599) ParOldGen: 409207K(667648K)->423983K(667648K)
[203.516s][info][gc,metaspace   ] GC(599) Metaspace: 18537K(18688K)->18537K(18688K) NonClass: 15874K(15936K)->15874K(15936K) Class: 2663K(2752K)->2663K(2752K)
[203.516s][info][gc             ] GC(599) Pause Young (Allocation Failure) 523M->421M(869M) 21.264ms
[203.516s][info][gc,cpu         ] GC(599) User=0.04s Sys=0.00s Real=0.02s
[203.620s][info][gc,start       ] GC(600) Pause Young (Allocation Failure)
[203.648s][info][gc,heap        ] GC(600) PSYoungGen: 119520K(222720K)->27648K(222720K) Eden: 111616K(111616K)->0K(111616K) From: 7904K(111104K)->27648K(111104K)
[203.648s][info][gc,heap        ] GC(600) ParOldGen: 423983K(667648K)->431871K(667648K)
[203.648s][info][gc,metaspace   ] GC(600) Metaspace: 18537K(18688K)->18537K(18688K) NonClass: 15874K(15936K)->15874K(15936K) Class: 2663K(2752K)->2663K(2752K)
[203.648s][info][gc             ] GC(600) Pause Young (Allocation Failure) 530M->448M(869M) 28.291ms
[203.648s][info][gc,cpu         ] GC(600) User=0.06s Sys=0.00s Real=0.03s
[203.706s][info][gc,start       ] GC(601) Pause Young (Allocation Failure)
[203.750s][info][gc,heap        ] GC(601) PSYoungGen: 139264K(222720K)->40720K(219648K) Eden: 111616K(111616K)->0K(111616K) From: 27648K(111104K)->40720K(108032K)
[203.750s][info][gc,heap        ] GC(601) ParOldGen: 431871K(667648K)->459799K(667648K)
[203.750s][info][gc,metaspace   ] GC(601) Metaspace: 18537K(18688K)->18537K(18688K) NonClass: 15874K(15936K)->15874K(15936K) Class: 2663K(2752K)->2663K(2752K)
[203.750s][info][gc             ] GC(601) Pause Young (Allocation Failure) 557M->488M(866M) 44.647ms
[203.750s][info][gc,cpu         ] GC(601) User=0.09s Sys=0.00s Real=0.05s
[203.953s][info][gc,start       ] GC(602) Pause Young (Allocation Failure)
[203.985s][info][gc,heap        ] GC(602) PSYoungGen: 152336K(219648K)->47792K(221184K) Eden: 111616K(111616K)->0K(111616K) From: 40720K(108032K)->47792K(109568K)
[203.985s][info][gc,heap        ] GC(602) ParOldGen: 459799K(667648K)->459799K(667648K)
[203.985s][info][gc,metaspace   ] GC(602) Metaspace: 18537K(18688K)->18537K(18688K) NonClass: 15874K(15936K)->15874K(15936K) Class: 2663K(2752K)->2663K(2752K)
[203.985s][info][gc             ] GC(602) Pause Young (Allocation Failure) 597M->495M(868M) 31.640ms
[203.985s][info][gc,cpu         ] GC(602) User=0.07s Sys=0.00s Real=0.03s
[204.155s][info][gc,start       ] GC(603) Pause Young (Allocation Failure)
[204.217s][info][gc,heap        ] GC(603) PSYoungGen: 159408K(221184K)->66217K(219136K) Eden: 111616K(111616K)->0K(112640K) From: 47792K(109568K)->66217K(106496K)
[204.217s][info][gc,heap        ] GC(603) ParOldGen: 459799K(667648K)->459799K(667648K)
[204.217s][info][gc,metaspace   ] GC(603) Metaspace: 18537K(18688K)->18537K(18688K) NonClass: 15874K(15936K)->15874K(15936K) Class: 2663K(2752K)->2663K(2752K)
[204.217s][info][gc             ] GC(603) Pause Young (Allocation Failure) 604M->513M(866M) 62.671ms
[204.217s][info][gc,cpu         ] GC(603) User=0.13s Sys=0.00s Real=0.06s
[204.340s][info][gc,start       ] GC(604) Pause Young (Allocation Failure)
[204.424s][info][gc,heap        ] GC(604) PSYoungGen: 178857K(219136K)->89519K(222720K) Eden: 112640K(112640K)->0K(112640K) From: 66217K(106496K)->89519K(110080K)
[204.424s][info][gc,heap        ] GC(604) ParOldGen: 459799K(667648K)->459799K(667648K)
[204.424s][info][gc,metaspace   ] GC(604) Metaspace: 18537K(18688K)->18537K(18688K) NonClass: 15874K(15936K)->15874K(15936K) Class: 2663K(2752K)->2663K(2752K)
[204.424s][info][gc             ] GC(604) Pause Young (Allocation Failure) 623M->536M(869M) 83.675ms
[204.424s][info][gc,cpu         ] GC(604) User=0.17s Sys=0.00s Real=0.08s
[204.564s][info][gc,start       ] GC(605) Pause Young (Allocation Failure)
[204.667s][info][gc,heap        ] GC(605) PSYoungGen: 202159K(222720K)->57695K(222720K) Eden: 112640K(112640K)->0K(111616K) From: 89519K(110080K)->57695K(111104K)
[204.667s][info][gc,heap        ] GC(605) ParOldGen: 459799K(667648K)->508039K(667648K)
[204.667s][info][gc,metaspace   ] GC(605) Metaspace: 18537K(18688K)->18537K(18688K) NonClass: 15874K(15936K)->15874K(15936K) Class: 2663K(2752K)->2663K(2752K)
[204.667s][info][gc             ] GC(605) Pause Young (Allocation Failure) 646M->552M(869M) 103.120ms
[204.667s][info][gc,cpu         ] GC(605) User=0.20s Sys=0.00s Real=0.10s
[204.756s][info][gc,start       ] GC(606) Pause Young (Allocation Failure)
[204.827s][info][gc,heap        ] GC(606) PSYoungGen: 169311K(222720K)->16160K(222720K) Eden: 111616K(111616K)->0K(111616K) From: 57695K(111104K)->16160K(111104K)
[204.827s][info][gc,heap        ] GC(606) ParOldGen: 508039K(667648K)->549886K(667648K)
[204.827s][info][gc,metaspace   ] GC(606) Metaspace: 18537K(18688K)->18537K(18688K) NonClass: 15874K(15936K)->15874K(15936K) Class: 2663K(2752K)->2663K(2752K)
[204.827s][info][gc             ] GC(606) Pause Young (Allocation Failure) 661M->552M(869M) 70.917ms
[204.827s][info][gc,cpu         ] GC(606) User=0.14s Sys=0.00s Real=0.07s
[204.954s][info][gc,start       ] GC(607) Pause Young (Allocation Failure)
[204.977s][info][gc,heap        ] GC(607) PSYoungGen: 127776K(222720K)->640K(222720K) Eden: 111616K(111616K)->0K(111616K) From: 16160K(111104K)->640K(111104K)
[204.977s][info][gc,heap        ] GC(607) ParOldGen: 549886K(667648K)->566054K(667648K)
[204.977s][info][gc,metaspace   ] GC(607) Metaspace: 18537K(18688K)->18537K(18688K) NonClass: 15874K(15936K)->15874K(15936K) Class: 2663K(2752K)->2663K(2752K)
[204.977s][info][gc             ] GC(607) Pause Young (Allocation Failure) 661M->553M(869M) 22.429ms
[204.977s][info][gc,cpu         ] GC(607) User=0.04s Sys=0.00s Real=0.02s
[205.108s][info][gc,start       ] GC(608) Pause Young (Allocation Failure)
[205.117s][info][gc,heap        ] GC(608) PSYoungGen: 112256K(222720K)->3872K(222720K) Eden: 111616K(111616K)->0K(111616K) From: 640K(111104K)->3872K(111104K)
[205.117s][info][gc,heap        ] GC(608) ParOldGen: 566054K(667648K)->566670K(667648K)
[205.117s][info][gc,metaspace   ] GC(608) Metaspace: 18537K(18688K)->18537K(18688K) NonClass: 15874K(15936K)->15874K(15936K) Class: 2663K(2752K)->2663K(2752K)
[205.117s][info][gc             ] GC(608) Pause Young (Allocation Failure) 662M->557M(869M) 8.803ms
[205.117s][info][gc,cpu         ] GC(608) User=0.02s Sys=0.00s Real=0.01s
[205.295s][info][gc,start       ] GC(609) Pause Young (Allocation Failure)
[205.311s][info][gc,heap        ] GC(609) PSYoungGen: 115488K(222720K)->9728K(222720K) Eden: 111616K(111616K)->0K(111616K) From: 3872K(111104K)->9728K(111104K)
[205.311s][info][gc,heap        ] GC(609) ParOldGen: 566670K(667648K)->570542K(667648K)
[205.311s][info][gc,metaspace   ] GC(609) Metaspace: 18537K(18688K)->18537K(18688K) NonClass: 15874K(15936K)->15874K(15936K) Class: 2663K(2752K)->2663K(2752K)
[205.311s][info][gc             ] GC(609) Pause Young (Allocation Failure) 666M->566M(869M) 16.340ms
[205.311s][info][gc,cpu         ] GC(609) User=0.04s Sys=0.00s Real=0.02s
[205.491s][info][gc,start       ] GC(610) Pause Young (Allocation Failure)
[205.531s][info][gc,heap        ] GC(610) PSYoungGen: 121344K(222720K)->26720K(138752K) Eden: 111616K(111616K)->0K(111616K) From: 9728K(111104K)->26720K(27136K)
[205.531s][info][gc,heap        ] GC(610) ParOldGen: 570542K(667648K)->570542K(667648K)
[205.531s][info][gc,metaspace   ] GC(610) Metaspace: 18537K(18688K)->18537K(18688K) NonClass: 15874K(15936K)->15874K(15936K) Class: 2663K(2752K)->2663K(2752K)
[205.531s][info][gc             ] GC(610) Pause Young (Allocation Failure) 675M->583M(787M) 39.925ms
[205.531s][info][gc,cpu         ] GC(610) User=0.08s Sys=0.00s Real=0.04s
[205.786s][info][gc,start       ] GC(611) Pause Young (Allocation Failure)
[205.827s][info][gc,heap        ] GC(611) PSYoungGen: 138336K(138752K)->45506K(218112K) Eden: 111616K(111616K)->0K(113664K) From: 26720K(27136K)->45506K(104448K)
[205.827s][info][gc,heap        ] GC(611) ParOldGen: 570542K(667648K)->570542K(667648K)
[205.827s][info][gc,metaspace   ] GC(611) Metaspace: 18537K(18688K)->18537K(18688K) NonClass: 15874K(15936K)->15874K(15936K) Class: 2663K(2752K)->2663K(2752K)
[205.827s][info][gc             ] GC(611) Pause Young (Allocation Failure) 692M->601M(865M) 41.603ms
[205.827s][info][gc,cpu         ] GC(611) User=0.08s Sys=0.00s Real=0.04s
[205.906s][info][gc,start       ] GC(612) Pause Young (Allocation Failure)
[205.977s][info][gc,heap        ] GC(612) PSYoungGen: 159170K(218112K)->87986K(216064K) Eden: 113664K(113664K)->0K(113664K) From: 45506K(104448K)->87986K(102400K)
[205.977s][info][gc,heap        ] GC(612) ParOldGen: 570542K(667648K)->570542K(667648K)
[205.977s][info][gc,metaspace   ] GC(612) Metaspace: 18537K(18688K)->18537K(18688K) NonClass: 15874K(15936K)->15874K(15936K) Class: 2663K(2752K)->2663K(2752K)
[205.977s][info][gc             ] GC(612) Pause Young (Allocation Failure) 712M->643M(863M) 70.461ms
[205.977s][info][gc,cpu         ] GC(612) User=0.14s Sys=0.00s Real=0.07s
[206.170s][info][gc,start       ] GC(613) Pause Young (Allocation Failure)
[206.247s][info][gc,heap        ] GC(613) PSYoungGen: 201650K(216064K)->78866K(222720K) Eden: 113664K(113664K)->0K(111616K) From: 87986K(102400K)->78866K(111104K)
[206.247s][info][gc,heap        ] GC(613) ParOldGen: 570542K(667648K)->597278K(667648K)
[206.247s][info][gc,metaspace   ] GC(613) Metaspace: 18537K(18688K)->18537K(18688K) NonClass: 15874K(15936K)->15874K(15936K) Class: 2663K(2752K)->2663K(2752K)
[206.247s][info][gc             ] GC(613) Pause Young (Allocation Failure) 754M->660M(869M) 77.771ms
[206.247s][info][gc,cpu         ] GC(613) User=0.15s Sys=0.00s Real=0.08s
[206.429s][info][gc,start       ] GC(614) Pause Young (Allocation Failure)
[206.522s][info][gc,heap        ] GC(614) PSYoungGen: 190482K(222720K)->27360K(222720K) Eden: 111616K(111616K)->0K(111616K) From: 78866K(111104K)->27360K(111104K)
[206.522s][info][gc,heap        ] GC(614) ParOldGen: 597278K(667648K)->659284K(667648K)
[206.522s][info][gc,metaspace   ] GC(614) Metaspace: 18537K(18688K)->18537K(18688K) NonClass: 15874K(15936K)->15874K(15936K) Class: 2663K(2752K)->2663K(2752K)
[206.522s][info][gc             ] GC(614) Pause Young (Allocation Failure) 769M->670M(869M) 93.613ms
[206.522s][info][gc,cpu         ] GC(614) User=0.15s Sys=0.03s Real=0.10s
[206.669s][info][gc,start       ] GC(615) Pause Full (Allocation Failure)
[206.669s][info][gc,phases,start] GC(615) Marking Phase
[207.025s][info][gc,phases      ] GC(615) Marking Phase 355.951ms
[207.025s][info][gc,phases,start] GC(615) Summary Phase
[207.025s][info][gc,phases      ] GC(615) Summary Phase 0.027ms
[207.025s][info][gc,phases,start] GC(615) Forward
[207.163s][info][gc,phases      ] GC(615) Forward 138.385ms
[207.163s][info][gc,phases,start] GC(615) Adjust Pointers
[207.442s][info][gc,phases      ] GC(615) Adjust Pointers 278.546ms
[207.442s][info][gc,phases,start] GC(615) Compaction Phase
[207.610s][info][gc,phases      ] GC(615) Compaction Phase 168.192ms
[207.622s][info][gc,phases,start] GC(615) Post Compact
[207.624s][info][gc,phases      ] GC(615) Post Compact 2.334ms
[207.624s][info][gc,heap        ] GC(615) PSYoungGen: 138976K(222720K)->0K(222720K) Eden: 111616K(111616K)->0K(111616K) From: 27360K(111104K)->0K(111104K)
[207.624s][info][gc,heap        ] GC(615) ParOldGen: 659284K(667648K)->500088K(667648K)
[207.624s][info][gc,metaspace   ] GC(615) Metaspace: 18537K(18688K)->18537K(18688K) NonClass: 15874K(15936K)->15874K(15936K) Class: 2663K(2752K)->2663K(2752K)
[207.624s][info][gc             ] GC(615) Pause Full (Allocation Failure) 779M->488M(869M) 955.566ms
[207.624s][info][gc,cpu         ] GC(615) User=1.80s Sys=0.00s Real=0.96s
[207.763s][info][gc,start       ] GC(616) Pause Young (Allocation Failure)
[207.783s][info][gc,heap        ] GC(616) PSYoungGen: 111616K(222720K)->16512K(222720K) Eden: 111616K(111616K)->0K(111616K) From: 0K(111104K)->16512K(111104K)
[207.783s][info][gc,heap        ] GC(616) ParOldGen: 500088K(667648K)->500088K(667648K)
[207.783s][info][gc,metaspace   ] GC(616) Metaspace: 18537K(18688K)->18537K(18688K) NonClass: 15874K(15936K)->15874K(15936K) Class: 2663K(2752K)->2663K(2752K)
[207.783s][info][gc             ] GC(616) Pause Young (Allocation Failure) 597M->504M(869M) 20.026ms
[207.784s][info][gc,cpu         ] GC(616) User=0.04s Sys=0.00s Real=0.02s
[207.866s][info][gc,start       ] GC(617) Pause Young (Allocation Failure)
[207.888s][info][gc,heap        ] GC(617) PSYoungGen: 128128K(222720K)->3392K(222720K) Eden: 111616K(111616K)->0K(111616K) From: 16512K(111104K)->3392K(111104K)
[207.888s][info][gc,heap        ] GC(617) ParOldGen: 500088K(667648K)->516592K(667648K)
[207.888s][info][gc,metaspace   ] GC(617) Metaspace: 18537K(18688K)->18537K(18688K) NonClass: 15874K(15936K)->15874K(15936K) Class: 2663K(2752K)->2663K(2752K)
[207.888s][info][gc             ] GC(617) Pause Young (Allocation Failure) 613M->507M(869M) 21.527ms
[207.888s][info][gc,cpu         ] GC(617) User=0.05s Sys=0.00s Real=0.02s
[208.019s][info][gc,start       ] GC(618) Pause Young (Allocation Failure)
[208.029s][info][gc,heap        ] GC(618) PSYoungGen: 115008K(222720K)->640K(222720K) Eden: 111616K(111616K)->0K(111616K) From: 3392K(111104K)->640K(111104K)
[208.029s][info][gc,heap        ] GC(618) ParOldGen: 516592K(667648K)->519976K(667648K)
[208.029s][info][gc,metaspace   ] GC(618) Metaspace: 18537K(18688K)->18537K(18688K) NonClass: 15874K(15936K)->15874K(15936K) Class: 2663K(2752K)->2663K(2752K)
[208.029s][info][gc             ] GC(618) Pause Young (Allocation Failure) 616M->508M(869M) 10.084ms
[208.029s][info][gc,cpu         ] GC(618) User=0.02s Sys=0.00s Real=0.01s
[208.152s][info][gc,start       ] GC(619) Pause Young (Allocation Failure)
[208.161s][info][gc,heap        ] GC(619) PSYoungGen: 112256K(222720K)->4512K(215552K) Eden: 111616K(111616K)->0K(111616K) From: 640K(111104K)->4512K(103936K)
[208.161s][info][gc,heap        ] GC(619) ParOldGen: 519976K(667648K)->519976K(667648K)
[208.161s][info][gc,metaspace   ] GC(619) Metaspace: 18537K(18688K)->18537K(18688K) NonClass: 15874K(15936K)->15874K(15936K) Class: 2663K(2752K)->2663K(2752K)
[208.161s][info][gc             ] GC(619) Pause Young (Allocation Failure) 617M->512M(862M) 9.335ms
[208.161s][info][gc,cpu         ] GC(619) User=0.02s Sys=0.00s Real=0.01s
[208.319s][info][gc,start       ] GC(620) Pause Young (Allocation Failure)
[208.334s][info][gc,heap        ] GC(620) PSYoungGen: 116128K(215552K)->13792K(219136K) Eden: 111616K(111616K)->0K(111616K) From: 4512K(103936K)->13792K(107520K)
[208.334s][info][gc,heap        ] GC(620) ParOldGen: 519976K(667648K)->519976K(667648K)
[208.334s][info][gc,metaspace   ] GC(620) Metaspace: 18537K(18688K)->18537K(18688K) NonClass: 15874K(15936K)->15874K(15936K) Class: 2663K(2752K)->2663K(2752K)
[208.334s][info][gc             ] GC(620) Pause Young (Allocation Failure) 621M->521M(866M) 15.669ms
[208.334s][info][gc,cpu         ] GC(620) User=0.03s Sys=0.00s Real=0.02s
[208.512s][info][gc,start       ] GC(621) Pause Young (Allocation Failure)
[208.546s][info][gc,heap        ] GC(621) PSYoungGen: 125408K(219136K)->31168K(208384K) Eden: 111616K(111616K)->0K(118272K) From: 13792K(107520K)->31168K(90112K)
[208.546s][info][gc,heap        ] GC(621) ParOldGen: 519976K(667648K)->519976K(667648K)
[208.546s][info][gc,metaspace   ] GC(621) Metaspace: 18537K(18688K)->18537K(18688K) NonClass: 15874K(15936K)->15874K(15936K) Class: 2663K(2752K)->2663K(2752K)
[208.546s][info][gc             ] GC(621) Pause Young (Allocation Failure) 630M->538M(855M) 34.209ms
[208.546s][info][gc,cpu         ] GC(621) User=0.07s Sys=0.00s Real=0.03s
[208.920s][info][gc,start       ] GC(622) Pause Young (Allocation Failure)
[208.952s][info][gc,heap        ] GC(622) PSYoungGen: 149440K(208384K)->31152K(214528K) Eden: 118272K(118272K)->0K(118272K) From: 31168K(90112K)->31152K(96256K)
[208.952s][info][gc,heap        ] GC(622) ParOldGen: 519976K(667648K)->519976K(667648K)
[208.952s][info][gc,metaspace   ] GC(622) Metaspace: 18537K(18688K)->18537K(18688K) NonClass: 15874K(15936K)->15874K(15936K) Class: 2663K(2752K)->2663K(2752K)
[208.952s][info][gc             ] GC(622) Pause Young (Allocation Failure) 653M->538M(861M) 32.035ms
[208.952s][info][gc,cpu         ] GC(622) User=0.06s Sys=0.01s Real=0.03s
[209.246s][info][gc,start       ] GC(623) Pause Young (Allocation Failure)
[209.281s][info][gc,heap        ] GC(623) PSYoungGen: 149424K(214528K)->31184K(204288K) Eden: 118272K(118272K)->0K(124416K) From: 31152K(96256K)->31184K(79872K)
[209.281s][info][gc,heap        ] GC(623) ParOldGen: 519976K(667648K)->519976K(667648K)
[209.281s][info][gc,metaspace   ] GC(623) Metaspace: 18537K(18688K)->18537K(18688K) NonClass: 15874K(15936K)->15874K(15936K) Class: 2663K(2752K)->2663K(2752K)
[209.281s][info][gc             ] GC(623) Pause Young (Allocation Failure) 653M->538M(851M) 35.083ms
[209.281s][info][gc,cpu         ] GC(623) User=0.06s Sys=0.00s Real=0.04s
[209.576s][info][gc,start       ] GC(624) Pause Young (Allocation Failure)
[209.608s][info][gc,heap        ] GC(624) PSYoungGen: 155600K(204288K)->31184K(209920K) Eden: 124416K(124416K)->0K(124416K) From: 31184K(79872K)->31184K(85504K)
[209.608s][info][gc,heap        ] GC(624) ParOldGen: 519976K(667648K)->519976K(667648K)
[209.608s][info][gc,metaspace   ] GC(624) Metaspace: 18537K(18688K)->18537K(18688K) NonClass: 15874K(15936K)->15874K(15936K) Class: 2663K(2752K)->2663K(2752K)
[209.608s][info][gc             ] GC(624) Pause Young (Allocation Failure) 659M->538M(857M) 32.210ms
[209.608s][info][gc,cpu         ] GC(624) User=0.06s Sys=0.00s Real=0.03s
[209.882s][info][gc,start       ] GC(625) Pause Young (Allocation Failure)
[209.924s][info][gc,heap        ] GC(625) PSYoungGen: 155600K(209920K)->31504K(204288K) Eden: 124416K(124416K)->0K(131072K) From: 31184K(85504K)->31504K(73216K)
[209.924s][info][gc,heap        ] GC(625) ParOldGen: 519976K(667648K)->519976K(667648K)
[209.924s][info][gc,metaspace   ] GC(625) Metaspace: 18537K(18688K)->18537K(18688K) NonClass: 15874K(15936K)->15874K(15936K) Class: 2663K(2752K)->2663K(2752K)
[209.924s][info][gc             ] GC(625) Pause Young (Allocation Failure) 659M->538M(851M) 42.114ms
[209.924s][info][gc,cpu         ] GC(625) User=0.08s Sys=0.00s Real=0.04s
[210.107s][info][gc,start       ] GC(626) Pause Young (Allocation Failure)
[210.159s][info][gc,heap        ] GC(626) PSYoungGen: 162576K(204288K)->60032K(207872K) Eden: 131072K(131072K)->0K(131072K) From: 31504K(73216K)->60032K(76800K)
[210.159s][info][gc,heap        ] GC(626) ParOldGen: 519976K(667648K)->519976K(667648K)
[210.159s][info][gc,metaspace   ] GC(626) Metaspace: 18537K(18688K)->18537K(18688K) NonClass: 15874K(15936K)->15874K(15936K) Class: 2663K(2752K)->2663K(2752K)
[210.159s][info][gc             ] GC(626) Pause Young (Allocation Failure) 666M->566M(855M) 51.400ms
[210.159s][info][gc,cpu         ] GC(626) User=0.10s Sys=0.00s Real=0.05s
[210.277s][info][gc,start       ] GC(627) Pause Young (Allocation Failure)
[210.370s][info][gc,heap        ] GC(627) PSYoungGen: 191104K(207872K)->83424K(200704K) Eden: 131072K(131072K)->0K(117248K) From: 60032K(76800K)->83424K(83456K)
[210.370s][info][gc,heap        ] GC(627) ParOldGen: 519976K(667648K)->540536K(667648K)
[210.370s][info][gc,metaspace   ] GC(627) Metaspace: 18537K(18688K)->18537K(18688K) NonClass: 15874K(15936K)->15874K(15936K) Class: 2663K(2752K)->2663K(2752K)
[210.370s][info][gc             ] GC(627) Pause Young (Allocation Failure) 694M->609M(848M) 93.163ms
[210.370s][info][gc,cpu         ] GC(627) User=0.18s Sys=0.02s Real=0.09s
[210.583s][info][gc,start       ] GC(628) Pause Young (Allocation Failure)
[210.653s][info][gc,heap        ] GC(628) PSYoungGen: 200672K(200704K)->82160K(222208K) Eden: 117248K(117248K)->0K(117248K) From: 83424K(83456K)->82160K(104960K)
[210.654s][info][gc,heap        ] GC(628) ParOldGen: 540536K(667648K)->545024K(667648K)
[210.654s][info][gc,metaspace   ] GC(628) Metaspace: 18537K(18688K)->18537K(18688K) NonClass: 15874K(15936K)->15874K(15936K) Class: 2663K(2752K)->2663K(2752K)
[210.654s][info][gc             ] GC(628) Pause Young (Allocation Failure) 723M->612M(869M) 70.699ms
[210.654s][info][gc,cpu         ] GC(628) User=0.14s Sys=0.00s Real=0.07s
[210.841s][info][gc,start       ] GC(629) Pause Young (Allocation Failure)
[210.947s][info][gc,heap        ] GC(629) PSYoungGen: 199408K(222208K)->78032K(222720K) Eden: 117248K(117248K)->0K(111616K) From: 82160K(104960K)->78032K(111104K)
[210.947s][info][gc,heap        ] GC(629) ParOldGen: 545024K(667648K)->571729K(667648K)
[210.947s][info][gc,metaspace   ] GC(629) Metaspace: 18537K(18688K)->18537K(18688K) NonClass: 15874K(15936K)->15874K(15936K) Class: 2663K(2752K)->2663K(2752K)
[210.947s][info][gc             ] GC(629) Pause Young (Allocation Failure) 726M->634M(869M) 105.923ms
[210.947s][info][gc,cpu         ] GC(629) User=0.21s Sys=0.00s Real=0.10s
[211.075s][info][gc,start       ] GC(630) Pause Young (Allocation Failure)
[211.172s][info][gc,heap        ] GC(630) PSYoungGen: 189648K(222720K)->98656K(222720K) Eden: 111616K(111616K)->0K(111616K) From: 78032K(111104K)->98656K(111104K)
[211.172s][info][gc,heap        ] GC(630) ParOldGen: 571729K(667648K)->571761K(667648K)
[211.172s][info][gc,metaspace   ] GC(630) Metaspace: 18537K(18688K)->18537K(18688K) NonClass: 15874K(15936K)->15874K(15936K) Class: 2663K(2752K)->2663K(2752K)
[211.172s][info][gc             ] GC(630) Pause Young (Allocation Failure) 743M->654M(869M) 97.730ms
[211.172s][info][gc,cpu         ] GC(630) User=0.19s Sys=0.00s Real=0.10s
[211.309s][info][gc,start       ] GC(631) Pause Young (Allocation Failure)
[211.439s][info][gc,heap        ] GC(631) PSYoungGen: 210272K(222720K)->111088K(222720K) Eden: 111616K(111616K)->0K(111616K) From: 98656K(111104K)->111088K(111104K)
[211.440s][info][gc,heap        ] GC(631) ParOldGen: 571761K(667648K)->573521K(667648K)
[211.440s][info][gc,metaspace   ] GC(631) Metaspace: 18537K(18688K)->18537K(18688K) NonClass: 15874K(15936K)->15874K(15936K) Class: 2663K(2752K)->2663K(2752K)
[211.440s][info][gc             ] GC(631) Pause Young (Allocation Failure) 763M->668M(869M) 130.995ms
[211.440s][info][gc,cpu         ] GC(631) User=0.25s Sys=0.01s Real=0.13s
[211.540s][info][gc,start       ] GC(632) Pause Young (Allocation Failure)
[211.650s][info][gc,heap        ] GC(632) PSYoungGen: 222704K(222720K)->59840K(222720K) Eden: 111616K(111616K)->0K(111616K) From: 111088K(111104K)->59840K(111104K)
[211.650s][info][gc,heap        ] GC(632) ParOldGen: 573521K(667648K)->626121K(667648K)
[211.650s][info][gc,metaspace   ] GC(632) Metaspace: 18537K(18688K)->18537K(18688K) NonClass: 15874K(15936K)->15874K(15936K) Class: 2663K(2752K)->2663K(2752K)
[211.650s][info][gc             ] GC(632) Pause Young (Allocation Failure) 777M->669M(869M) 109.494ms
[211.650s][info][gc,cpu         ] GC(632) User=0.22s Sys=0.00s Real=0.10s
[211.771s][info][gc,start       ] GC(633) Pause Full (Allocation Failure)
[211.771s][info][gc,phases,start] GC(633) Marking Phase
[212.250s][info][gc,phases      ] GC(633) Marking Phase 479.063ms
[212.250s][info][gc,phases,start] GC(633) Summary Phase
[212.250s][info][gc,phases      ] GC(633) Summary Phase 0.038ms
[212.250s][info][gc,phases,start] GC(633) Forward
[212.357s][info][gc,phases      ] GC(633) Forward 106.581ms
[212.357s][info][gc,phases,start] GC(633) Adjust Pointers
[212.709s][info][gc,phases      ] GC(633) Adjust Pointers 352.243ms
[212.709s][info][gc,phases,start] GC(633) Compaction Phase
[212.928s][info][gc,phases      ] GC(633) Compaction Phase 219.256ms
[212.938s][info][gc,phases,start] GC(633) Post Compact
[212.940s][info][gc,phases      ] GC(633) Post Compact 2.301ms
[212.940s][info][gc,heap        ] GC(633) PSYoungGen: 171456K(222720K)->0K(222720K) Eden: 111616K(111616K)->0K(111616K) From: 59840K(111104K)->0K(111104K)
[212.940s][info][gc,heap        ] GC(633) ParOldGen: 626121K(667648K)->665121K(667648K)
[212.940s][info][gc,metaspace   ] GC(633) Metaspace: 18537K(18688K)->18537K(18688K) NonClass: 15874K(15936K)->15874K(15936K) Class: 2663K(2752K)->2663K(2752K)
[212.940s][info][gc             ] GC(633) Pause Full (Allocation Failure) 778M->649M(869M) 1169.598ms
[212.940s][info][gc,cpu         ] GC(633) User=2.28s Sys=0.01s Real=1.17s
[213.075s][info][gc,start       ] GC(634) Pause Full (Allocation Failure)
[213.075s][info][gc,phases,start] GC(634) Marking Phase
[213.557s][info][gc,phases      ] GC(634) Marking Phase 482.445ms
[213.557s][info][gc,phases,start] GC(634) Summary Phase
[213.557s][info][gc,phases      ] GC(634) Summary Phase 0.033ms
[213.557s][info][gc,phases,start] GC(634) Forward
[213.560s][info][gc,phases      ] GC(634) Forward 3.064ms
[213.560s][info][gc,phases,start] GC(634) Adjust Pointers
[213.879s][info][gc,phases      ] GC(634) Adjust Pointers 318.850ms
[213.879s][info][gc,phases,start] GC(634) Compaction Phase
[214.024s][info][gc,phases      ] GC(634) Compaction Phase 144.785ms
[214.024s][info][gc,phases,start] GC(634) Post Compact
[214.026s][info][gc,phases      ] GC(634) Post Compact 2.231ms
[214.026s][info][gc,heap        ] GC(634) PSYoungGen: 111616K(222720K)->1546K(222720K) Eden: 111616K(111616K)->1546K(111616K) From: 0K(111104K)->0K(111104K)
[214.026s][info][gc,heap        ] GC(634) ParOldGen: 665121K(667648K)->667449K(667648K)
[214.026s][info][gc,metaspace   ] GC(634) Metaspace: 18537K(18688K)->18537K(18688K) NonClass: 15874K(15936K)->15874K(15936K) Class: 2663K(2752K)->2663K(2752K)
[214.026s][info][gc             ] GC(634) Pause Full (Allocation Failure) 758M->653M(869M) 951.811ms
[214.026s][info][gc,cpu         ] GC(634) User=1.87s Sys=0.00s Real=0.95s
[214.245s][info][gc,start       ] GC(635) Pause Full (Allocation Failure)
[214.245s][info][gc,phases,start] GC(635) Marking Phase
[214.625s][info][gc,phases      ] GC(635) Marking Phase 379.780ms
[214.625s][info][gc,phases,start] GC(635) Summary Phase
[214.625s][info][gc,phases      ] GC(635) Summary Phase 0.027ms
[214.625s][info][gc,phases,start] GC(635) Forward
[214.762s][info][gc,phases      ] GC(635) Forward 136.459ms
[214.762s][info][gc,phases,start] GC(635) Adjust Pointers
[215.047s][info][gc,phases      ] GC(635) Adjust Pointers 285.217ms
[215.047s][info][gc,phases,start] GC(635) Compaction Phase
[215.226s][info][gc,phases      ] GC(635) Compaction Phase 178.561ms
[215.237s][info][gc,phases,start] GC(635) Post Compact
[215.239s][info][gc,phases      ] GC(635) Post Compact 2.277ms
[215.240s][info][gc,heap        ] GC(635) PSYoungGen: 111616K(222720K)->0K(222720K) Eden: 111616K(111616K)->0K(111616K) From: 0K(111104K)->0K(111104K)
[215.240s][info][gc,heap        ] GC(635) ParOldGen: 667449K(667648K)->524745K(667648K)
[215.240s][info][gc,metaspace   ] GC(635) Metaspace: 18537K(18688K)->18537K(18688K) NonClass: 15874K(15936K)->15874K(15936K) Class: 2663K(2752K)->2663K(2752K)
[215.240s][info][gc             ] GC(635) Pause Full (Allocation Failure) 760M->512M(869M) 994.220ms
[215.240s][info][gc,cpu         ] GC(635) User=1.89s Sys=0.01s Real=0.99s
[215.338s][info][gc,start       ] GC(636) Pause Young (Allocation Failure)
[215.359s][info][gc,heap        ] GC(636) PSYoungGen: 111616K(222720K)->16992K(222720K) Eden: 111616K(111616K)->0K(111616K) From: 0K(111104K)->16992K(111104K)
[215.359s][info][gc,heap        ] GC(636) ParOldGen: 524745K(667648K)->524745K(667648K)
[215.359s][info][gc,metaspace   ] GC(636) Metaspace: 18537K(18688K)->18537K(18688K) NonClass: 15874K(15936K)->15874K(15936K) Class: 2663K(2752K)->2663K(2752K)
[215.359s][info][gc             ] GC(636) Pause Young (Allocation Failure) 621M->529M(869M) 20.441ms
[215.359s][info][gc,cpu         ] GC(636) User=0.04s Sys=0.00s Real=0.02s
[215.574s][info][gc,start       ] GC(637) Pause Young (Allocation Failure)
[215.603s][info][gc,heap        ] GC(637) PSYoungGen: 128608K(222720K)->29451K(222720K) Eden: 111616K(111616K)->0K(111616K) From: 16992K(111104K)->29451K(111104K)
[215.603s][info][gc,heap        ] GC(637) ParOldGen: 524745K(667648K)->524745K(667648K)
[215.603s][info][gc,metaspace   ] GC(637) Metaspace: 18538K(18688K)->18538K(18688K) NonClass: 15874K(15936K)->15874K(15936K) Class: 2663K(2752K)->2663K(2752K)
[215.603s][info][gc             ] GC(637) Pause Young (Allocation Failure) 638M->541M(869M) 28.988ms
[215.603s][info][gc,cpu         ] GC(637) User=0.06s Sys=0.00s Real=0.03s
[215.766s][info][gc,start       ] GC(638) Pause Young (Allocation Failure)
[215.792s][info][gc,heap        ] GC(638) PSYoungGen: 141067K(222720K)->8923K(222720K) Eden: 111616K(111616K)->0K(111616K) From: 29451K(111104K)->8923K(111104K)
[215.792s][info][gc,heap        ] GC(638) ParOldGen: 524745K(667648K)->541769K(667648K)
[215.792s][info][gc,metaspace   ] GC(638) Metaspace: 18538K(18688K)->18538K(18688K) NonClass: 15874K(15936K)->15874K(15936K) Class: 2663K(2752K)->2663K(2752K)
[215.792s][info][gc             ] GC(638) Pause Young (Allocation Failure) 650M->537M(869M) 26.512ms
[215.792s][info][gc,cpu         ] GC(638) User=0.06s Sys=0.00s Real=0.03s
[215.914s][info][gc,start       ] GC(639) Pause Young (Allocation Failure)
[215.939s][info][gc,heap        ] GC(639) PSYoungGen: 120539K(222720K)->19936K(222720K) Eden: 111616K(111616K)->0K(111616K) From: 8923K(111104K)->19936K(111104K)
[215.939s][info][gc,heap        ] GC(639) ParOldGen: 541769K(667648K)->550701K(667648K)
[215.939s][info][gc,metaspace   ] GC(639) Metaspace: 18543K(18752K)->18543K(18752K) NonClass: 15879K(16000K)->15879K(16000K) Class: 2663K(2752K)->2663K(2752K)
[215.939s][info][gc             ] GC(639) Pause Young (Allocation Failure) 646M->557M(869M) 24.626ms
[215.939s][info][gc,cpu         ] GC(639) User=0.05s Sys=0.00s Real=0.02s
[216.059s][info][gc,start       ] GC(640) Pause Young (Allocation Failure)
[216.090s][info][gc,heap        ] GC(640) PSYoungGen: 131552K(222720K)->13984K(222720K) Eden: 111616K(111616K)->0K(111616K) From: 19936K(111104K)->13984K(111104K)
[216.090s][info][gc,heap        ] GC(640) ParOldGen: 550701K(667648K)->570589K(667648K)
[216.090s][info][gc,metaspace   ] GC(640) Metaspace: 18543K(18752K)->18543K(18752K) NonClass: 15879K(16000K)->15879K(16000K) Class: 2663K(2752K)->2663K(2752K)
[216.091s][info][gc             ] GC(640) Pause Young (Allocation Failure) 666M->570M(869M) 31.972ms
[216.091s][info][gc,cpu         ] GC(640) User=0.07s Sys=0.00s Real=0.04s
[216.214s][info][gc,start       ] GC(641) Pause Young (Allocation Failure)
[216.236s][info][gc,heap        ] GC(641) PSYoungGen: 125600K(222720K)->3680K(222720K) Eden: 111616K(111616K)->0K(111616K) From: 13984K(111104K)->3680K(111104K)
[216.236s][info][gc,heap        ] GC(641) ParOldGen: 570589K(667648K)->584565K(667648K)
[216.236s][info][gc,metaspace   ] GC(641) Metaspace: 18544K(18752K)->18544K(18752K) NonClass: 15881K(16000K)->15881K(16000K) Class: 2663K(2752K)->2663K(2752K)
[216.236s][info][gc             ] GC(641) Pause Young (Allocation Failure) 679M->574M(869M) 22.341ms
[216.236s][info][gc,cpu         ] GC(641) User=0.04s Sys=0.00s Real=0.02s
[216.507s][info][gc,start       ] GC(642) Pause Young (Allocation Failure)
[216.514s][info][gc,heap        ] GC(642) PSYoungGen: 115296K(222720K)->992K(222720K) Eden: 111616K(111616K)->0K(111616K) From: 3680K(111104K)->992K(111104K)
[216.514s][info][gc,heap        ] GC(642) ParOldGen: 584565K(667648K)->588221K(667648K)
[216.514s][info][gc,metaspace   ] GC(642) Metaspace: 18547K(18752K)->18547K(18752K) NonClass: 15884K(16000K)->15884K(16000K) Class: 2663K(2752K)->2663K(2752K)
[216.514s][info][gc             ] GC(642) Pause Young (Allocation Failure) 683M->575M(869M) 7.556ms
[216.514s][info][gc,cpu         ] GC(642) User=0.02s Sys=0.00s Real=0.01s
[216.693s][info][gc,start       ] GC(643) Pause Young (Allocation Failure)
[216.702s][info][gc,heap        ] GC(643) PSYoungGen: 112608K(222720K)->8224K(222720K) Eden: 111616K(111616K)->0K(111616K) From: 992K(111104K)->8224K(111104K)
[216.702s][info][gc,heap        ] GC(643) ParOldGen: 588221K(667648K)->589181K(667648K)
[216.702s][info][gc,metaspace   ] GC(643) Metaspace: 18549K(18752K)->18549K(18752K) NonClass: 15886K(16000K)->15886K(16000K) Class: 2663K(2752K)->2663K(2752K)
[216.702s][info][gc             ] GC(643) Pause Young (Allocation Failure) 684M->583M(869M) 8.934ms
[216.702s][info][gc,cpu         ] GC(643) User=0.02s Sys=0.00s Real=0.01s
[216.832s][info][gc,start       ] GC(644) Pause Young (Allocation Failure)
[216.847s][info][gc,heap        ] GC(644) PSYoungGen: 119840K(222720K)->7520K(222720K) Eden: 111616K(111616K)->0K(111616K) From: 8224K(111104K)->7520K(111104K)
[216.847s][info][gc,heap        ] GC(644) ParOldGen: 589181K(667648K)->597450K(667648K)
[216.847s][info][gc,metaspace   ] GC(644) Metaspace: 18549K(18752K)->18549K(18752K) NonClass: 15886K(16000K)->15886K(16000K) Class: 2663K(2752K)->2663K(2752K)
[216.847s][info][gc             ] GC(644) Pause Young (Allocation Failure) 692M->590M(869M) 15.649ms
[216.847s][info][gc,cpu         ] GC(644) User=0.03s Sys=0.00s Real=0.01s
[216.952s][info][gc,start       ] GC(645) Pause Young (Allocation Failure)
[216.981s][info][gc,heap        ] GC(645) PSYoungGen: 119136K(222720K)->27456K(209408K) Eden: 111616K(111616K)->0K(111616K) From: 7520K(111104K)->27456K(97792K)
[216.981s][info][gc,heap        ] GC(645) ParOldGen: 597450K(667648K)->604970K(667648K)
[216.981s][info][gc,metaspace   ] GC(645) Metaspace: 18549K(18752K)->18549K(18752K) NonClass: 15886K(16000K)->15886K(16000K) Class: 2663K(2752K)->2663K(2752K)
[216.981s][info][gc             ] GC(645) Pause Young (Allocation Failure) 699M->617M(856M) 29.150ms
[216.981s][info][gc,cpu         ] GC(645) User=0.06s Sys=0.00s Real=0.03s
[217.053s][info][gc,start       ] GC(646) Pause Young (Allocation Failure)
[217.097s][info][gc,heap        ] GC(646) PSYoungGen: 139072K(209408K)->67296K(216064K) Eden: 111616K(111616K)->0K(111616K) From: 27456K(97792K)->67296K(104448K)
[217.097s][info][gc,heap        ] GC(646) ParOldGen: 604970K(667648K)->604970K(667648K)
[217.097s][info][gc,metaspace   ] GC(646) Metaspace: 18549K(18752K)->18549K(18752K) NonClass: 15886K(16000K)->15886K(16000K) Class: 2663K(2752K)->2663K(2752K)
[217.097s][info][gc             ] GC(646) Pause Young (Allocation Failure) 726M->656M(863M) 44.141ms
[217.097s][info][gc,cpu         ] GC(646) User=0.09s Sys=0.00s Real=0.04s
[217.299s][info][gc,start       ] GC(647) Pause Young (Allocation Failure)
[217.345s][info][gc,heap        ] GC(647) PSYoungGen: 178912K(216064K)->75040K(222720K) Eden: 111616K(111616K)->0K(111616K) From: 67296K(104448K)->75040K(111104K)
[217.345s][info][gc,heap        ] GC(647) ParOldGen: 604970K(667648K)->604970K(667648K)
[217.345s][info][gc,metaspace   ] GC(647) Metaspace: 18549K(18752K)->18549K(18752K) NonClass: 15886K(16000K)->15886K(16000K) Class: 2663K(2752K)->2663K(2752K)
[217.345s][info][gc             ] GC(647) Pause Young (Allocation Failure) 765M->664M(869M) 46.082ms
[217.345s][info][gc,cpu         ] GC(647) User=0.09s Sys=0.00s Real=0.05s
[217.513s][info][gc,start       ] GC(648) Pause Young (Allocation Failure)
[217.596s][info][gc,promotion   ] GC(648) Promotion failed
[217.596s][info][gc,heap        ] GC(648) PSYoungGen: 186656K(222720K)->186656K(222720K) Eden: 111616K(111616K)->111616K(111616K) From: 75040K(111104K)->75040K(111104K)
[217.596s][info][gc,heap        ] GC(648) ParOldGen: 604970K(667648K)->667643K(667648K)
[217.596s][info][gc,metaspace   ] GC(648) Metaspace: 18549K(18752K)->18549K(18752K) NonClass: 15886K(16000K)->15886K(16000K) Class: 2663K(2752K)->2663K(2752K)
[217.596s][info][gc             ] GC(648) Pause Young (Allocation Failure) 773M->834M(869M) 82.814ms
[217.596s][info][gc,cpu         ] GC(648) User=0.16s Sys=0.00s Real=0.08s
[217.596s][info][gc,start       ] GC(649) Pause Full (Allocation Failure)
[217.596s][info][gc,phases,start] GC(649) Marking Phase
[217.924s][info][gc,phases      ] GC(649) Marking Phase 327.623ms
[217.924s][info][gc,phases,start] GC(649) Summary Phase
[217.924s][info][gc,phases      ] GC(649) Summary Phase 0.027ms
[217.924s][info][gc,phases,start] GC(649) Forward
[218.004s][info][gc,phases      ] GC(649) Forward 80.375ms
[218.004s][info][gc,phases,start] GC(649) Adjust Pointers
[218.254s][info][gc,phases      ] GC(649) Adjust Pointers 249.479ms
[218.254s][info][gc,phases,start] GC(649) Compaction Phase
[218.383s][info][gc,phases      ] GC(649) Compaction Phase 129.594ms
[218.390s][info][gc,phases,start] GC(649) Post Compact
[218.392s][info][gc,phases      ] GC(649) Post Compact 2.551ms
[218.392s][info][gc,heap        ] GC(649) PSYoungGen: 186656K(222720K)->0K(222720K) Eden: 111616K(111616K)->0K(111616K) From: 75040K(111104K)->0K(111104K)
[218.392s][info][gc,heap        ] GC(649) ParOldGen: 667643K(667648K)->471969K(667648K)
[218.392s][info][gc,metaspace   ] GC(649) Metaspace: 18549K(18752K)->18549K(18752K) NonClass: 15886K(16000K)->15886K(16000K) Class: 2663K(2752K)->2663K(2752K)
[218.392s][info][gc             ] GC(649) Pause Full (Allocation Failure) 834M->460M(869M) 796.325ms
[218.392s][info][gc,cpu         ] GC(649) User=1.51s Sys=0.01s Real=0.80s
[218.519s][info][gc,start       ] GC(650) Pause Young (Allocation Failure)
[218.545s][info][gc,heap        ] GC(650) PSYoungGen: 111616K(222720K)->22464K(222720K) Eden: 111616K(111616K)->0K(111616K) From: 0K(111104K)->22464K(111104K)
[218.545s][info][gc,heap        ] GC(650) ParOldGen: 471969K(667648K)->471969K(667648K)
[218.545s][info][gc,metaspace   ] GC(650) Metaspace: 18549K(18752K)->18549K(18752K) NonClass: 15886K(16000K)->15886K(16000K) Class: 2663K(2752K)->2663K(2752K)
[218.545s][info][gc             ] GC(650) Pause Young (Allocation Failure) 569M->482M(869M) 25.805ms
[218.545s][info][gc,cpu         ] GC(650) User=0.06s Sys=0.00s Real=0.03s
[218.683s][info][gc,start       ] GC(651) Pause Young (Allocation Failure)
[218.723s][info][gc,heap        ] GC(651) PSYoungGen: 134080K(222720K)->16320K(128000K) Eden: 111616K(111616K)->0K(111616K) From: 22464K(111104K)->16320K(16384K)
[218.723s][info][gc,heap        ] GC(651) ParOldGen: 471969K(667648K)->494441K(667648K)
[218.723s][info][gc,metaspace   ] GC(651) Metaspace: 18549K(18752K)->18549K(18752K) NonClass: 15886K(16000K)->15886K(16000K) Class: 2663K(2752K)->2663K(2752K)
[218.723s][info][gc             ] GC(651) Pause Young (Allocation Failure) 591M->498M(777M) 39.922ms
[218.723s][info][gc,cpu         ] GC(651) User=0.08s Sys=0.00s Real=0.04s
[218.812s][info][gc,start       ] GC(652) Pause Young (Allocation Failure)
[218.829s][info][gc,heap        ] GC(652) PSYoungGen: 127936K(128000K)->16512K(222720K) Eden: 111616K(111616K)->0K(116224K) From: 16320K(16384K)->16512K(106496K)
[218.829s][info][gc,heap        ] GC(652) ParOldGen: 494441K(667648K)->494441K(667648K)
[218.829s][info][gc,metaspace   ] GC(652) Metaspace: 18549K(18752K)->18549K(18752K) NonClass: 15886K(16000K)->15886K(16000K) Class: 2663K(2752K)->2663K(2752K)
[218.829s][info][gc             ] GC(652) Pause Young (Allocation Failure) 607M->498M(869M) 17.215ms
[218.829s][info][gc,cpu         ] GC(652) User=0.03s Sys=0.00s Real=0.01s
[218.960s][info][gc,start       ] GC(653) Pause Young (Allocation Failure)
[218.982s][info][gc,heap        ] GC(653) PSYoungGen: 132736K(222720K)->17152K(220672K) Eden: 116224K(116224K)->0K(116224K) From: 16512K(106496K)->17152K(104448K)
[218.982s][info][gc,heap        ] GC(653) ParOldGen: 494441K(667648K)->494441K(667648K)
[218.982s][info][gc,metaspace   ] GC(653) Metaspace: 18549K(18752K)->18549K(18752K) NonClass: 15886K(16000K)->15886K(16000K) Class: 2663K(2752K)->2663K(2752K)
[218.982s][info][gc             ] GC(653) Pause Young (Allocation Failure) 612M->499M(867M) 21.378ms
[218.982s][info][gc,cpu         ] GC(653) User=0.05s Sys=0.00s Real=0.02s
[219.109s][info][gc,start       ] GC(654) Pause Young (Allocation Failure)
[219.133s][info][gc,heap        ] GC(654) PSYoungGen: 133376K(220672K)->21120K(210432K) Eden: 116224K(116224K)->0K(122368K) From: 17152K(104448K)->21120K(88064K)
[219.133s][info][gc,heap        ] GC(654) ParOldGen: 494441K(667648K)->494441K(667648K)
[219.133s][info][gc,metaspace   ] GC(654) Metaspace: 18549K(18752K)->18549K(18752K) NonClass: 15886K(16000K)->15886K(16000K) Class: 2663K(2752K)->2663K(2752K)
[219.133s][info][gc             ] GC(654) Pause Young (Allocation Failure) 613M->503M(857M) 23.638ms
[219.133s][info][gc,cpu         ] GC(654) User=0.05s Sys=0.00s Real=0.03s
[219.359s][info][gc,start       ] GC(655) Pause Young (Allocation Failure)
[219.401s][info][gc,heap        ] GC(655) PSYoungGen: 143488K(210432K)->32288K(216576K) Eden: 122368K(122368K)->0K(122368K) From: 21120K(88064K)->32288K(94208K)
[219.401s][info][gc,heap        ] GC(655) ParOldGen: 494441K(667648K)->494441K(667648K)
[219.401s][info][gc,metaspace   ] GC(655) Metaspace: 18549K(18752K)->18549K(18752K) NonClass: 15886K(16000K)->15886K(16000K) Class: 2663K(2752K)->2663K(2752K)
[219.401s][info][gc             ] GC(655) Pause Young (Allocation Failure) 622M->514M(863M) 41.634ms
[219.401s][info][gc,cpu         ] GC(655) User=0.09s Sys=0.00s Real=0.05s
[219.578s][info][gc,start       ] GC(656) Pause Young (Allocation Failure)
[219.627s][info][gc,heap        ] GC(656) PSYoungGen: 154656K(216576K)->48240K(217600K) Eden: 122368K(122368K)->0K(128512K) From: 32288K(94208K)->48240K(89088K)
[219.627s][info][gc,heap        ] GC(656) ParOldGen: 494441K(667648K)->494441K(667648K)
[219.627s][info][gc,metaspace   ] GC(656) Metaspace: 18549K(18752K)->18549K(18752K) NonClass: 15886K(16000K)->15886K(16000K) Class: 2663K(2752K)->2663K(2752K)
[219.627s][info][gc             ] GC(656) Pause Young (Allocation Failure) 633M->529M(864M) 48.598ms
[219.627s][info][gc,cpu         ] GC(656) User=0.10s Sys=0.00s Real=0.05s
[219.850s][info][gc,start       ] GC(657) Pause Young (Allocation Failure)
[219.921s][info][gc,heap        ] GC(657) PSYoungGen: 176752K(217600K)->83792K(218112K) Eden: 128512K(128512K)->0K(128512K) From: 48240K(89088K)->83792K(89600K)
[219.921s][info][gc,heap        ] GC(657) ParOldGen: 494441K(667648K)->494441K(667648K)
[219.921s][info][gc,metaspace   ] GC(657) Metaspace: 18549K(18752K)->18549K(18752K) NonClass: 15886K(16000K)->15886K(16000K) Class: 2663K(2752K)->2663K(2752K)
[219.921s][info][gc             ] GC(657) Pause Young (Allocation Failure) 655M->564M(865M) 71.456ms
[219.921s][info][gc,cpu         ] GC(657) User=0.14s Sys=0.00s Real=0.07s
[220.103s][info][gc,start       ] GC(658) Pause Young (Allocation Failure)
[220.191s][info][gc,heap        ] GC(658) PSYoungGen: 212304K(218112K)->93264K(215040K) Eden: 128512K(128512K)->0K(111616K) From: 83792K(89600K)->93264K(103424K)
[220.191s][info][gc,heap        ] GC(658) ParOldGen: 494441K(667648K)->494441K(667648K)
[220.191s][info][gc,metaspace   ] GC(658) Metaspace: 18550K(18752K)->18550K(18752K) NonClass: 15887K(16000K)->15887K(16000K) Class: 2663K(2752K)->2663K(2752K)
[220.191s][info][gc             ] GC(658) Pause Young (Allocation Failure) 690M->573M(862M) 88.253ms
[220.191s][info][gc,cpu         ] GC(658) User=0.16s Sys=0.02s Real=0.09s
[220.373s][info][gc,start       ] GC(659) Pause Young (Allocation Failure)
[220.464s][info][gc,heap        ] GC(659) PSYoungGen: 204880K(215040K)->82704K(222720K) Eden: 111616K(111616K)->0K(111616K) From: 93264K(103424K)->82704K(111104K)
[220.464s][info][gc,heap        ] GC(659) ParOldGen: 494441K(667648K)->510969K(667648K)
[220.464s][info][gc,metaspace   ] GC(659) Metaspace: 18550K(18752K)->18550K(18752K) NonClass: 15887K(16000K)->15887K(16000K) Class: 2663K(2752K)->2663K(2752K)
[220.464s][info][gc             ] GC(659) Pause Young (Allocation Failure) 682M->579M(869M) 91.252ms
[220.464s][info][gc,cpu         ] GC(659) User=0.18s Sys=0.00s Real=0.09s
[220.642s][info][gc,start       ] GC(660) Pause Young (Allocation Failure)
[220.728s][info][gc,heap        ] GC(660) PSYoungGen: 194320K(222720K)->88544K(222720K) Eden: 111616K(111616K)->0K(111616K) From: 82704K(111104K)->88544K(111104K)
[220.728s][info][gc,heap        ] GC(660) ParOldGen: 510969K(667648K)->515569K(667648K)
[220.728s][info][gc,metaspace   ] GC(660) Metaspace: 18550K(18752K)->18550K(18752K) NonClass: 15887K(16000K)->15887K(16000K) Class: 2663K(2752K)->2663K(2752K)
[220.728s][info][gc             ] GC(660) Pause Young (Allocation Failure) 688M->589M(869M) 85.792ms
[220.728s][info][gc,cpu         ] GC(660) User=0.17s Sys=0.00s Real=0.08s
[220.838s][info][gc,start       ] GC(661) Pause Young (Allocation Failure)
[220.926s][info][gc,heap        ] GC(661) PSYoungGen: 200160K(222720K)->71808K(222720K) Eden: 111616K(111616K)->0K(111616K) From: 88544K(111104K)->71808K(111104K)
[220.926s][info][gc,heap        ] GC(661) ParOldGen: 515569K(667648K)->542753K(667648K)
[220.926s][info][gc,metaspace   ] GC(661) Metaspace: 18550K(18752K)->18550K(18752K) NonClass: 15887K(16000K)->15887K(16000K) Class: 2663K(2752K)->2663K(2752K)
[220.926s][info][gc             ] GC(661) Pause Young (Allocation Failure) 698M->600M(869M) 88.016ms
[220.926s][info][gc,cpu         ] GC(661) User=0.18s Sys=0.00s Real=0.09s
[221.051s][info][gc,start       ] GC(662) Pause Young (Allocation Failure)
[221.118s][info][gc,heap        ] GC(662) PSYoungGen: 183424K(222720K)->30080K(222720K) Eden: 111616K(111616K)->0K(111616K) From: 71808K(111104K)->30080K(111104K)
[221.118s][info][gc,heap        ] GC(662) ParOldGen: 542753K(667648K)->587649K(667648K)
[221.118s][info][gc,metaspace   ] GC(662) Metaspace: 18550K(18752K)->18550K(18752K) NonClass: 15887K(16000K)->15887K(16000K) Class: 2663K(2752K)->2663K(2752K)
[221.119s][info][gc             ] GC(662) Pause Young (Allocation Failure) 709M->603M(869M) 67.781ms
[221.119s][info][gc,cpu         ] GC(662) User=0.14s Sys=0.00s Real=0.06s
[221.260s][info][gc,start       ] GC(663) Pause Young (Allocation Failure)
[221.303s][info][gc,heap        ] GC(663) PSYoungGen: 141696K(222720K)->22848K(222720K) Eden: 111616K(111616K)->0K(111616K) From: 30080K(111104K)->22848K(111104K)
[221.303s][info][gc,heap        ] GC(663) ParOldGen: 587649K(667648K)->604513K(667648K)
[221.303s][info][gc,metaspace   ] GC(663) Metaspace: 18550K(18752K)->18550K(18752K) NonClass: 15887K(16000K)->15887K(16000K) Class: 2663K(2752K)->2663K(2752K)
[221.303s][info][gc             ] GC(663) Pause Young (Allocation Failure) 712M->612M(869M) 42.644ms
[221.303s][info][gc,cpu         ] GC(663) User=0.08s Sys=0.00s Real=0.04s
[221.554s][info][gc,start       ] GC(664) Pause Young (Allocation Failure)
[221.584s][info][gc,heap        ] GC(664) PSYoungGen: 134464K(222720K)->14624K(222720K) Eden: 111616K(111616K)->0K(111616K) From: 22848K(111104K)->14624K(111104K)
[221.584s][info][gc,heap        ] GC(664) ParOldGen: 604513K(667648K)->617777K(667648K)
[221.584s][info][gc,metaspace   ] GC(664) Metaspace: 18550K(18752K)->18550K(18752K) NonClass: 15887K(16000K)->15887K(16000K) Class: 2663K(2752K)->2663K(2752K)
[221.584s][info][gc             ] GC(664) Pause Young (Allocation Failure) 721M->617M(869M) 29.350ms
[221.584s][info][gc,cpu         ] GC(664) User=0.06s Sys=0.00s Real=0.03s
[221.825s][info][gc,start       ] GC(665) Pause Young (Allocation Failure)
[221.841s][info][gc,heap        ] GC(665) PSYoungGen: 126240K(222720K)->64K(222720K) Eden: 111616K(111616K)->0K(111616K) From: 14624K(111104K)->64K(111104K)
[221.841s][info][gc,heap        ] GC(665) ParOldGen: 617777K(667648K)->632316K(667648K)
[221.841s][info][gc,metaspace   ] GC(665) Metaspace: 18550K(18752K)->18550K(18752K) NonClass: 15887K(16000K)->15887K(16000K) Class: 2663K(2752K)->2663K(2752K)
[221.841s][info][gc             ] GC(665) Pause Young (Allocation Failure) 726M->617M(869M) 16.411ms
[221.841s][info][gc,cpu         ] GC(665) User=0.03s Sys=0.00s Real=0.02s
[222.068s][info][gc,start       ] GC(666) Pause Full (Allocation Failure)
[222.068s][info][gc,phases,start] GC(666) Marking Phase
[222.403s][info][gc,phases      ] GC(666) Marking Phase 335.130ms
[222.404s][info][gc,phases,start] GC(666) Summary Phase
[222.404s][info][gc,phases      ] GC(666) Summary Phase 0.024ms
[222.404s][info][gc,phases,start] GC(666) Forward
[222.535s][info][gc,phases      ] GC(666) Forward 131.417ms
[222.535s][info][gc,phases,start] GC(666) Adjust Pointers
[222.787s][info][gc,phases      ] GC(666) Adjust Pointers 251.835ms
[222.787s][info][gc,phases,start] GC(666) Compaction Phase
[222.939s][info][gc,phases      ] GC(666) Compaction Phase 152.105ms
[222.948s][info][gc,phases,start] GC(666) Post Compact
[222.951s][info][gc,phases      ] GC(666) Post Compact 2.180ms
[222.951s][info][gc,heap        ] GC(666) PSYoungGen: 111680K(222720K)->0K(222720K) Eden: 111616K(111616K)->0K(111616K) From: 64K(111104K)->0K(111104K)
[222.951s][info][gc,heap        ] GC(666) ParOldGen: 632316K(667648K)->468910K(667648K)
[222.951s][info][gc,metaspace   ] GC(666) Metaspace: 18550K(18752K)->18550K(18752K) NonClass: 15887K(16000K)->15887K(16000K) Class: 2663K(2752K)->2663K(2752K)
[222.951s][info][gc             ] GC(666) Pause Full (Allocation Failure) 726M->457M(869M) 882.454ms
[222.951s][info][gc,cpu         ] GC(666) User=1.65s Sys=0.01s Real=0.89s
[223.201s][info][gc,start       ] GC(667) Pause Young (Allocation Failure)
[223.207s][info][gc,heap        ] GC(667) PSYoungGen: 111616K(222720K)->64K(222720K) Eden: 111616K(111616K)->0K(111616K) From: 0K(111104K)->64K(111104K)
[223.208s][info][gc,heap        ] GC(667) ParOldGen: 468910K(667648K)->468910K(667648K)
[223.208s][info][gc,metaspace   ] GC(667) Metaspace: 18550K(18752K)->18550K(18752K) NonClass: 15887K(16000K)->15887K(16000K) Class: 2663K(2752K)->2663K(2752K)
[223.208s][info][gc             ] GC(667) Pause Young (Allocation Failure) 566M->457M(869M) 6.678ms
[223.208s][info][gc,cpu         ] GC(667) User=0.02s Sys=0.00s Real=0.00s
[223.329s][info][gc,start       ] GC(668) Pause Young (Allocation Failure)
[223.347s][info][gc,heap        ] GC(668) PSYoungGen: 111680K(222720K)->24752K(222720K) Eden: 111616K(111616K)->0K(111616K) From: 64K(111104K)->24752K(111104K)
[223.347s][info][gc,heap        ] GC(668) ParOldGen: 468910K(667648K)->468950K(667648K)
[223.347s][info][gc,metaspace   ] GC(668) Metaspace: 18561K(18752K)->18561K(18752K) NonClass: 15898K(16000K)->15898K(16000K) Class: 2663K(2752K)->2663K(2752K)
[223.347s][info][gc             ] GC(668) Pause Young (Allocation Failure) 566M->482M(869M) 18.502ms
[223.347s][info][gc,cpu         ] GC(668) User=0.03s Sys=0.00s Real=0.02s
[223.406s][info][gc,start       ] GC(669) Pause Young (Allocation Failure)
[223.448s][info][gc,heap        ] GC(669) PSYoungGen: 136368K(222720K)->40128K(152064K) Eden: 111616K(111616K)->0K(111616K) From: 24752K(111104K)->40128K(40448K)
[223.448s][info][gc,heap        ] GC(669) ParOldGen: 468950K(667648K)->493953K(667648K)
[223.448s][info][gc,metaspace   ] GC(669) Metaspace: 18561K(18752K)->18561K(18752K) NonClass: 15898K(16000K)->15898K(16000K) Class: 2663K(2752K)->2663K(2752K)
[223.448s][info][gc             ] GC(669) Pause Young (Allocation Failure) 591M->521M(800M) 42.777ms
[223.448s][info][gc,cpu         ] GC(669) User=0.08s Sys=0.00s Real=0.04s
[223.622s][info][gc,start       ] GC(670) Pause Young (Allocation Failure)
[223.653s][info][gc,heap        ] GC(670) PSYoungGen: 151744K(152064K)->45696K(223232K) Eden: 111616K(111616K)->0K(114688K) From: 40128K(40448K)->45696K(108544K)
[223.653s][info][gc,heap        ] GC(670) ParOldGen: 493953K(667648K)->493953K(667648K)
[223.653s][info][gc,metaspace   ] GC(670) Metaspace: 18561K(18752K)->18561K(18752K) NonClass: 15898K(16000K)->15898K(16000K) Class: 2663K(2752K)->2663K(2752K)
[223.653s][info][gc             ] GC(670) Pause Young (Allocation Failure) 630M->527M(870M) 30.450ms
[223.653s][info][gc,cpu         ] GC(670) User=0.06s Sys=0.00s Real=0.03s
[223.818s][info][gc,start       ] GC(671) Pause Young (Allocation Failure)
[223.882s][info][gc,heap        ] GC(671) PSYoungGen: 160384K(223232K)->59968K(220160K) Eden: 114688K(114688K)->0K(114688K) From: 45696K(108544K)->59968K(105472K)
[223.882s][info][gc,heap        ] GC(671) ParOldGen: 493953K(667648K)->493953K(667648K)
[223.882s][info][gc,metaspace   ] GC(671) Metaspace: 18562K(18752K)->18562K(18752K) NonClass: 15899K(16000K)->15899K(16000K) Class: 2663K(2752K)->2663K(2752K)
[223.883s][info][gc             ] GC(671) Pause Young (Allocation Failure) 639M->540M(867M) 64.356ms
[223.883s][info][gc,cpu         ] GC(671) User=0.12s Sys=0.00s Real=0.07s
[224.041s][info][gc,start       ] GC(672) Pause Young (Allocation Failure)
[224.100s][info][gc,heap        ] GC(672) PSYoungGen: 174656K(220160K)->64032K(221696K) Eden: 114688K(114688K)->0K(114688K) From: 59968K(105472K)->64032K(107008K)
[224.100s][info][gc,heap        ] GC(672) ParOldGen: 493953K(667648K)->493953K(667648K)
[224.100s][info][gc,metaspace   ] GC(672) Metaspace: 18562K(18752K)->18562K(18752K) NonClass: 15899K(16000K)->15899K(16000K) Class: 2663K(2752K)->2663K(2752K)
[224.100s][info][gc             ] GC(672) Pause Young (Allocation Failure) 652M->544M(868M) 59.367ms
[224.100s][info][gc,cpu         ] GC(672) User=0.12s Sys=0.00s Real=0.06s
[224.229s][info][gc,start       ] GC(673) Pause Young (Allocation Failure)
[224.304s][info][gc,heap        ] GC(673) PSYoungGen: 178720K(221696K)->87497K(202240K) Eden: 114688K(114688K)->0K(114688K) From: 64032K(107008K)->87497K(87552K)
[224.304s][info][gc,heap        ] GC(673) ParOldGen: 493953K(667648K)->493953K(667648K)
[224.304s][info][gc,metaspace   ] GC(673) Metaspace: 18564K(18752K)->18564K(18752K) NonClass: 15900K(16000K)->15900K(16000K) Class: 2663K(2752K)->2663K(2752K)
[224.304s][info][gc             ] GC(673) Pause Young (Allocation Failure) 656M->567M(849M) 74.773ms
[224.304s][info][gc,cpu         ] GC(673) User=0.15s Sys=0.00s Real=0.08s
[224.362s][info][gc,start       ] GC(674) Pause Young (Allocation Failure)
[224.462s][info][gc,heap        ] GC(674) PSYoungGen: 202185K(202240K)->80601K(222720K) Eden: 114688K(114688K)->0K(111616K) From: 87497K(87552K)->80601K(111104K)
[224.462s][info][gc,heap        ] GC(674) ParOldGen: 493953K(667648K)->540080K(667648K)
[224.462s][info][gc,metaspace   ] GC(674) Metaspace: 18564K(18752K)->18564K(18752K) NonClass: 15900K(16000K)->15900K(16000K) Class: 2663K(2752K)->2663K(2752K)
[224.462s][info][gc             ] GC(674) Pause Young (Allocation Failure) 679M->606M(869M) 100.894ms
[224.462s][info][gc,cpu         ] GC(674) User=0.20s Sys=0.00s Real=0.10s
[224.622s][info][gc,start       ] GC(675) Pause Young (Allocation Failure)
[224.691s][info][gc,heap        ] GC(675) PSYoungGen: 192217K(222720K)->70137K(222720K) Eden: 111616K(111616K)->0K(111616K) From: 80601K(111104K)->70137K(111104K)
[224.691s][info][gc,heap        ] GC(675) ParOldGen: 540080K(667648K)->558496K(667648K)
[224.691s][info][gc,metaspace   ] GC(675) Metaspace: 18565K(18752K)->18565K(18752K) NonClass: 15902K(16000K)->15902K(16000K) Class: 2663K(2752K)->2663K(2752K)
[224.691s][info][gc             ] GC(675) Pause Young (Allocation Failure) 715M->613M(869M) 69.272ms
[224.691s][info][gc,cpu         ] GC(675) User=0.14s Sys=0.00s Real=0.07s
[224.792s][info][gc,start       ] GC(676) Pause Young (Allocation Failure)
[224.839s][info][gc,heap        ] GC(676) PSYoungGen: 181753K(222720K)->9856K(222720K) Eden: 111616K(111616K)->0K(111616K) From: 70137K(111104K)->9856K(111104K)
[224.839s][info][gc,heap        ] GC(676) ParOldGen: 558496K(667648K)->621417K(667648K)
[224.839s][info][gc,metaspace   ] GC(676) Metaspace: 18567K(18752K)->18567K(18752K) NonClass: 15904K(16000K)->15904K(16000K) Class: 2663K(2752K)->2663K(2752K)
[224.839s][info][gc             ] GC(676) Pause Young (Allocation Failure) 722M->616M(869M) 46.885ms
[224.839s][info][gc,cpu         ] GC(676) User=0.09s Sys=0.00s Real=0.04s
[224.987s][info][gc,start       ] GC(677) Pause Full (Allocation Failure)
[224.987s][info][gc,phases,start] GC(677) Marking Phase
[225.308s][info][gc,phases      ] GC(677) Marking Phase 321.485ms
[225.308s][info][gc,phases,start] GC(677) Summary Phase
[225.308s][info][gc,phases      ] GC(677) Summary Phase 0.026ms
[225.308s][info][gc,phases,start] GC(677) Forward
[225.429s][info][gc,phases      ] GC(677) Forward 121.004ms
[225.429s][info][gc,phases,start] GC(677) Adjust Pointers
[225.690s][info][gc,phases      ] GC(677) Adjust Pointers 260.703ms
[225.690s][info][gc,phases,start] GC(677) Compaction Phase
[225.826s][info][gc,phases      ] GC(677) Compaction Phase 136.152ms
[225.841s][info][gc,phases,start] GC(677) Post Compact
[225.843s][info][gc,phases      ] GC(677) Post Compact 2.162ms
[225.843s][info][gc,heap        ] GC(677) PSYoungGen: 121472K(222720K)->0K(222720K) Eden: 111616K(111616K)->0K(111616K) From: 9856K(111104K)->0K(111104K)
[225.843s][info][gc,heap        ] GC(677) ParOldGen: 621417K(667648K)->482397K(667648K)
[225.843s][info][gc,metaspace   ] GC(677) Metaspace: 18567K(18752K)->18567K(18752K) NonClass: 15904K(16000K)->15904K(16000K) Class: 2663K(2752K)->2663K(2752K)
[225.843s][info][gc             ] GC(677) Pause Full (Allocation Failure) 725M->471M(869M) 856.737ms
[225.843s][info][gc,cpu         ] GC(677) User=1.61s Sys=0.00s Real=0.86s
[225.981s][info][gc,start       ] GC(678) Pause Young (Allocation Failure)
[225.982s][info][gc,heap        ] GC(678) PSYoungGen: 111616K(222720K)->64K(222720K) Eden: 111616K(111616K)->0K(111616K) From: 0K(111104K)->64K(111104K)
[225.982s][info][gc,heap        ] GC(678) ParOldGen: 482397K(667648K)->482397K(667648K)
[225.982s][info][gc,metaspace   ] GC(678) Metaspace: 18567K(18752K)->18567K(18752K) NonClass: 15904K(16000K)->15904K(16000K) Class: 2663K(2752K)->2663K(2752K)
[225.982s][info][gc             ] GC(678) Pause Young (Allocation Failure) 580M->471M(869M) 1.607ms
[225.982s][info][gc,cpu         ] GC(678) User=0.00s Sys=0.00s Real=0.00s
[226.117s][info][gc,start       ] GC(679) Pause Young (Allocation Failure)
[226.118s][info][gc,heap        ] GC(679) PSYoungGen: 111680K(222720K)->64K(222720K) Eden: 111616K(111616K)->0K(111616K) From: 64K(111104K)->64K(111104K)
[226.118s][info][gc,heap        ] GC(679) ParOldGen: 482397K(667648K)->482405K(667648K)
[226.118s][info][gc,metaspace   ] GC(679) Metaspace: 18567K(18752K)->18567K(18752K) NonClass: 15904K(16000K)->15904K(16000K) Class: 2663K(2752K)->2663K(2752K)
[226.118s][info][gc             ] GC(679) Pause Young (Allocation Failure) 580M->471M(869M) 1.613ms
[226.118s][info][gc,cpu         ] GC(679) User=0.00s Sys=0.00s Real=0.00s
[226.254s][info][gc,start       ] GC(680) Pause Young (Allocation Failure)
[226.255s][info][gc,heap        ] GC(680) PSYoungGen: 111680K(222720K)->64K(222720K) Eden: 111616K(111616K)->0K(111616K) From: 64K(111104K)->64K(111104K)
[226.255s][info][gc,heap        ] GC(680) ParOldGen: 482405K(667648K)->482405K(667648K)
[226.255s][info][gc,metaspace   ] GC(680) Metaspace: 18567K(18752K)->18567K(18752K) NonClass: 15904K(16000K)->15904K(16000K) Class: 2663K(2752K)->2663K(2752K)
[226.255s][info][gc             ] GC(680) Pause Young (Allocation Failure) 580M->471M(869M) 1.603ms
[226.255s][info][gc,cpu         ] GC(680) User=0.00s Sys=0.00s Real=0.00s
[226.396s][info][gc,start       ] GC(681) Pause Young (Allocation Failure)
[226.397s][info][gc,heap        ] GC(681) PSYoungGen: 111680K(222720K)->64K(222720K) Eden: 111616K(111616K)->0K(111616K) From: 64K(111104K)->64K(111104K)
[226.397s][info][gc,heap        ] GC(681) ParOldGen: 482405K(667648K)->482405K(667648K)
[226.397s][info][gc,metaspace   ] GC(681) Metaspace: 18567K(18752K)->18567K(18752K) NonClass: 15904K(16000K)->15904K(16000K) Class: 2663K(2752K)->2663K(2752K)
[226.397s][info][gc             ] GC(681) Pause Young (Allocation Failure) 580M->471M(869M) 1.577ms
[226.397s][info][gc,cpu         ] GC(681) User=0.00s Sys=0.00s Real=0.00s
[226.532s][info][gc,start       ] GC(682) Pause Young (Allocation Failure)
[226.534s][info][gc,heap        ] GC(682) PSYoungGen: 111680K(222720K)->64K(222720K) Eden: 111616K(111616K)->0K(111616K) From: 64K(111104K)->64K(111104K)
[226.534s][info][gc,heap        ] GC(682) ParOldGen: 482405K(667648K)->482405K(667648K)
[226.534s][info][gc,metaspace   ] GC(682) Metaspace: 18567K(18752K)->18567K(18752K) NonClass: 15904K(16000K)->15904K(16000K) Class: 2663K(2752K)->2663K(2752K)
[226.534s][info][gc             ] GC(682) Pause Young (Allocation Failure) 580M->471M(869M) 1.611ms
[226.534s][info][gc,cpu         ] GC(682) User=0.00s Sys=0.00s Real=0.00s
[226.669s][info][gc,start       ] GC(683) Pause Young (Allocation Failure)
[226.670s][info][gc,heap        ] GC(683) PSYoungGen: 111680K(222720K)->64K(222720K) Eden: 111616K(111616K)->0K(111616K) From: 64K(111104K)->64K(111104K)
[226.670s][info][gc,heap        ] GC(683) ParOldGen: 482405K(667648K)->482405K(667648K)
[226.670s][info][gc,metaspace   ] GC(683) Metaspace: 18567K(18752K)->18567K(18752K) NonClass: 15904K(16000K)->15904K(16000K) Class: 2663K(2752K)->2663K(2752K)
[226.670s][info][gc             ] GC(683) Pause Young (Allocation Failure) 580M->471M(869M) 1.578ms
[226.670s][info][gc,cpu         ] GC(683) User=0.00s Sys=0.00s Real=0.01s
[226.805s][info][gc,start       ] GC(684) Pause Young (Allocation Failure)
[226.807s][info][gc,heap        ] GC(684) PSYoungGen: 111680K(222720K)->64K(215552K) Eden: 111616K(111616K)->0K(111616K) From: 64K(111104K)->64K(103936K)
[226.807s][info][gc,heap        ] GC(684) ParOldGen: 482405K(667648K)->482405K(667648K)
[226.807s][info][gc,metaspace   ] GC(684) Metaspace: 18567K(18752K)->18567K(18752K) NonClass: 15904K(16000K)->15904K(16000K) Class: 2663K(2752K)->2663K(2752K)
[226.807s][info][gc             ] GC(684) Pause Young (Allocation Failure) 580M->471M(862M) 1.726ms
[226.807s][info][gc,cpu         ] GC(684) User=0.01s Sys=0.00s Real=0.00s
[226.935s][info][gc,start       ] GC(685) Pause Young (Allocation Failure)
[226.942s][info][gc,heap        ] GC(685) PSYoungGen: 111680K(215552K)->4608K(116224K) Eden: 111616K(111616K)->0K(111616K) From: 64K(103936K)->4608K(4608K)
[226.942s][info][gc,heap        ] GC(685) ParOldGen: 482405K(667648K)->482405K(667648K)
[226.942s][info][gc,metaspace   ] GC(685) Metaspace: 18567K(18752K)->18567K(18752K) NonClass: 15904K(16000K)->15904K(16000K) Class: 2663K(2752K)->2663K(2752K)
[226.942s][info][gc             ] GC(685) Pause Young (Allocation Failure) 580M->475M(765M) 6.934ms
[226.942s][info][gc,cpu         ] GC(685) User=0.01s Sys=0.00s Real=0.01s
[227.039s][info][gc,start       ] GC(686) Pause Young (Allocation Failure)
[227.063s][info][gc,heap        ] GC(686) PSYoungGen: 116224K(116224K)->21216K(204288K) Eden: 111616K(111616K)->0K(116224K) From: 4608K(4608K)->21216K(88064K)
[227.063s][info][gc,heap        ] GC(686) ParOldGen: 482405K(667648K)->482405K(667648K)
[227.063s][info][gc,metaspace   ] GC(686) Metaspace: 18567K(18752K)->18567K(18752K) NonClass: 15904K(16000K)->15904K(16000K) Class: 2663K(2752K)->2663K(2752K)
[227.063s][info][gc             ] GC(686) Pause Young (Allocation Failure) 584M->491M(851M) 24.350ms
[227.063s][info][gc,cpu         ] GC(686) User=0.05s Sys=0.01s Real=0.03s
[227.177s][info][gc,start       ] GC(687) Pause Young (Allocation Failure)
[227.211s][info][gc,heap        ] GC(687) PSYoungGen: 137440K(204288K)->33632K(210432K) Eden: 116224K(116224K)->0K(116224K) From: 21216K(88064K)->33632K(94208K)
[227.211s][info][gc,heap        ] GC(687) ParOldGen: 482405K(667648K)->482405K(667648K)
[227.211s][info][gc,metaspace   ] GC(687) Metaspace: 18567K(18752K)->18567K(18752K) NonClass: 15904K(16000K)->15904K(16000K) Class: 2663K(2752K)->2663K(2752K)
[227.211s][info][gc             ] GC(687) Pause Young (Allocation Failure) 605M->503M(857M) 33.844ms
[227.211s][info][gc,cpu         ] GC(687) User=0.06s Sys=0.00s Real=0.04s
[227.286s][info][gc,start       ] GC(688) Pause Young (Allocation Failure)
[227.321s][info][gc,heap        ] GC(688) PSYoungGen: 149856K(210432K)->35360K(212992K) Eden: 116224K(116224K)->0K(123904K) From: 33632K(94208K)->35360K(89088K)
[227.321s][info][gc,heap        ] GC(688) ParOldGen: 482405K(667648K)->482405K(667648K)
[227.321s][info][gc,metaspace   ] GC(688) Metaspace: 18567K(18752K)->18567K(18752K) NonClass: 15904K(16000K)->15904K(16000K) Class: 2663K(2752K)->2663K(2752K)
[227.321s][info][gc             ] GC(688) Pause Young (Allocation Failure) 617M->505M(860M) 35.260ms
[227.321s][info][gc,cpu         ] GC(688) User=0.07s Sys=0.00s Real=0.04s
[227.433s][info][gc,start       ] GC(689) Pause Young (Allocation Failure)
[227.469s][info][gc,heap        ] GC(689) PSYoungGen: 159264K(212992K)->36544K(213504K) Eden: 123904K(123904K)->0K(123904K) From: 35360K(89088K)->36544K(89600K)
[227.469s][info][gc,heap        ] GC(689) ParOldGen: 482405K(667648K)->482405K(667648K)
[227.469s][info][gc,metaspace   ] GC(689) Metaspace: 18567K(18752K)->18567K(18752K) NonClass: 15904K(16000K)->15904K(16000K) Class: 2663K(2752K)->2663K(2752K)
[227.469s][info][gc             ] GC(689) Pause Young (Allocation Failure) 626M->506M(860M) 36.009ms
[227.469s][info][gc,cpu         ] GC(689) User=0.07s Sys=0.00s Real=0.03s
[227.569s][info][gc,start       ] GC(690) Pause Young (Allocation Failure)
[227.619s][info][gc,heap        ] GC(690) PSYoungGen: 160448K(213504K)->50080K(217088K) Eden: 123904K(123904K)->0K(129536K) From: 36544K(89600K)->50080K(87552K)
[227.619s][info][gc,heap        ] GC(690) ParOldGen: 482405K(667648K)->482405K(667648K)
[227.619s][info][gc,metaspace   ] GC(690) Metaspace: 18567K(18752K)->18567K(18752K) NonClass: 15904K(16000K)->15904K(16000K) Class: 2663K(2752K)->2663K(2752K)
[227.619s][info][gc             ] GC(690) Pause Young (Allocation Failure) 627M->520M(864M) 49.791ms
[227.619s][info][gc,cpu         ] GC(690) User=0.10s Sys=0.00s Real=0.05s
[227.702s][info][gc,start       ] GC(691) Pause Young (Allocation Failure)
[227.765s][info][gc,heap        ] GC(691) PSYoungGen: 179616K(217088K)->61824K(220160K) Eden: 129536K(129536K)->0K(129536K) From: 50080K(87552K)->61824K(90624K)
[227.765s][info][gc,heap        ] GC(691) ParOldGen: 482405K(667648K)->482405K(667648K)
[227.765s][info][gc,metaspace   ] GC(691) Metaspace: 18567K(18752K)->18567K(18752K) NonClass: 15904K(16000K)->15904K(16000K) Class: 2663K(2752K)->2663K(2752K)
[227.765s][info][gc             ] GC(691) Pause Young (Allocation Failure) 646M->531M(867M) 62.481ms
[227.765s][info][gc,cpu         ] GC(691) User=0.12s Sys=0.00s Real=0.06s
[227.869s][info][gc,start       ] GC(692) Pause Young (Allocation Failure)
[227.957s][info][gc,heap        ] GC(692) PSYoungGen: 191360K(220160K)->83136K(210944K) Eden: 129536K(129536K)->0K(113664K) From: 61824K(90624K)->83136K(97280K)
[227.957s][info][gc,heap        ] GC(692) ParOldGen: 482405K(667648K)->482405K(667648K)
[227.957s][info][gc,metaspace   ] GC(692) Metaspace: 18567K(18752K)->18567K(18752K) NonClass: 15904K(16000K)->15904K(16000K) Class: 2663K(2752K)->2663K(2752K)
[227.957s][info][gc             ] GC(692) Pause Young (Allocation Failure) 657M->552M(858M) 88.073ms
[227.957s][info][gc,cpu         ] GC(692) User=0.15s Sys=0.01s Real=0.09s
[228.039s][info][gc,start       ] GC(693) Pause Young (Allocation Failure)
[228.122s][info][gc,heap        ] GC(693) PSYoungGen: 196800K(210944K)->87632K(201728K) Eden: 113664K(113664K)->0K(113664K) From: 83136K(97280K)->87632K(88064K)
[228.122s][info][gc,heap        ] GC(693) ParOldGen: 482405K(667648K)->482405K(667648K)
[228.122s][info][gc,metaspace   ] GC(693) Metaspace: 18567K(18752K)->18567K(18752K) NonClass: 15904K(16000K)->15904K(16000K) Class: 2663K(2752K)->2663K(2752K)
[228.122s][info][gc             ] GC(693) Pause Young (Allocation Failure) 663M->556M(849M) 83.033ms
[228.122s][info][gc,cpu         ] GC(693) User=0.17s Sys=0.00s Real=0.09s
[228.199s][info][gc,start       ] GC(694) Pause Young (Allocation Failure)
[228.296s][info][gc,heap        ] GC(694) PSYoungGen: 201296K(201728K)->95216K(222720K) Eden: 113664K(113664K)->0K(111616K) From: 87632K(88064K)->95216K(111104K)
[228.296s][info][gc,heap        ] GC(694) ParOldGen: 482405K(667648K)->486981K(667648K)
[228.296s][info][gc,metaspace   ] GC(694) Metaspace: 18567K(18752K)->18567K(18752K) NonClass: 15904K(16000K)->15904K(16000K) Class: 2663K(2752K)->2663K(2752K)
[228.296s][info][gc             ] GC(694) Pause Young (Allocation Failure) 667M->568M(869M) 96.746ms
[228.296s][info][gc,cpu         ] GC(694) User=0.19s Sys=0.00s Real=0.10s
[228.420s][info][gc,start       ] GC(695) Pause Young (Allocation Failure)
[228.515s][info][gc,heap        ] GC(695) PSYoungGen: 206832K(222720K)->69664K(222720K) Eden: 111616K(111616K)->0K(111616K) From: 95216K(111104K)->69664K(111104K)
[228.515s][info][gc,heap        ] GC(695) ParOldGen: 486981K(667648K)->516061K(667648K)
[228.515s][info][gc,metaspace   ] GC(695) Metaspace: 18567K(18752K)->18567K(18752K) NonClass: 15904K(16000K)->15904K(16000K) Class: 2663K(2752K)->2663K(2752K)
[228.515s][info][gc             ] GC(695) Pause Young (Allocation Failure) 677M->571M(869M) 94.534ms
[228.515s][info][gc,cpu         ] GC(695) User=0.19s Sys=0.01s Real=0.09s
[228.665s][info][gc,start       ] GC(696) Pause Young (Allocation Failure)
[228.733s][info][gc,heap        ] GC(696) PSYoungGen: 181280K(222720K)->67776K(222720K) Eden: 111616K(111616K)->0K(111616K) From: 69664K(111104K)->67776K(111104K)
[228.733s][info][gc,heap        ] GC(696) ParOldGen: 516061K(667648K)->518989K(667648K)
[228.733s][info][gc,metaspace   ] GC(696) Metaspace: 18569K(18752K)->18569K(18752K) NonClass: 15906K(16000K)->15906K(16000K) Class: 2663K(2752K)->2663K(2752K)
[228.733s][info][gc             ] GC(696) Pause Young (Allocation Failure) 680M->573M(869M) 68.348ms
[228.733s][info][gc,cpu         ] GC(696) User=0.14s Sys=0.00s Real=0.07s
[228.885s][info][gc,start       ] GC(697) Pause Young (Allocation Failure)
[228.970s][info][gc,heap        ] GC(697) PSYoungGen: 179392K(222720K)->62960K(222720K) Eden: 111616K(111616K)->0K(111616K) From: 67776K(111104K)->62960K(111104K)
[228.971s][info][gc,heap        ] GC(697) ParOldGen: 518989K(667648K)->544325K(667648K)
[228.971s][info][gc,metaspace   ] GC(697) Metaspace: 18569K(18752K)->18569K(18752K) NonClass: 15906K(16000K)->15906K(16000K) Class: 2663K(2752K)->2663K(2752K)
[228.971s][info][gc             ] GC(697) Pause Young (Allocation Failure) 682M->593M(869M) 85.202ms
[228.971s][info][gc,cpu         ] GC(697) User=0.17s Sys=0.00s Real=0.09s
[229.264s][info][gc,start       ] GC(698) Pause Young (Allocation Failure)
[229.328s][info][gc,heap        ] GC(698) PSYoungGen: 174576K(222720K)->39216K(222720K) Eden: 111616K(111616K)->0K(111616K) From: 62960K(111104K)->39216K(111104K)
[229.328s][info][gc,heap        ] GC(698) ParOldGen: 544325K(667648K)->570222K(667648K)
[229.328s][info][gc,metaspace   ] GC(698) Metaspace: 18570K(18752K)->18570K(18752K) NonClass: 15907K(16000K)->15907K(16000K) Class: 2663K(2752K)->2663K(2752K)
[229.328s][info][gc             ] GC(698) Pause Young (Allocation Failure) 702M->595M(869M) 64.399ms
[229.328s][info][gc,cpu         ] GC(698) User=0.13s Sys=0.00s Real=0.06s
[229.612s][info][gc,start       ] GC(699) Pause Young (Allocation Failure)
[229.652s][info][gc,heap        ] GC(699) PSYoungGen: 150832K(222720K)->23664K(222720K) Eden: 111616K(111616K)->0K(111616K) From: 39216K(111104K)->23664K(111104K)
[229.652s][info][gc,heap        ] GC(699) ParOldGen: 570222K(667648K)->585854K(667648K)
[229.652s][info][gc,metaspace   ] GC(699) Metaspace: 18570K(18752K)->18570K(18752K) NonClass: 15907K(16000K)->15907K(16000K) Class: 2663K(2752K)->2663K(2752K)
[229.652s][info][gc             ] GC(699) Pause Young (Allocation Failure) 704M->595M(869M) 40.022ms
[229.652s][info][gc,cpu         ] GC(699) User=0.08s Sys=0.00s Real=0.04s
[229.932s][info][gc,start       ] GC(700) Pause Young (Allocation Failure)
[229.958s][info][gc,heap        ] GC(700) PSYoungGen: 135280K(222720K)->2176K(222720K) Eden: 111616K(111616K)->0K(111616K) From: 23664K(111104K)->2176K(111104K)
[229.958s][info][gc,heap        ] GC(700) ParOldGen: 585854K(667648K)->607367K(667648K)
[229.958s][info][gc,metaspace   ] GC(700) Metaspace: 18570K(18752K)->18570K(18752K) NonClass: 15907K(16000K)->15907K(16000K) Class: 2663K(2752K)->2663K(2752K)
[229.958s][info][gc             ] GC(700) Pause Young (Allocation Failure) 704M->595M(869M) 25.539ms
[229.958s][info][gc,cpu         ] GC(700) User=0.05s Sys=0.00s Real=0.02s
[230.205s][info][gc,start       ] GC(701) Pause Young (Allocation Failure)
[230.209s][info][gc,heap        ] GC(701) PSYoungGen: 113792K(222720K)->64K(222720K) Eden: 111616K(111616K)->0K(111616K) From: 2176K(111104K)->64K(111104K)
[230.209s][info][gc,heap        ] GC(701) ParOldGen: 607367K(667648K)->609527K(667648K)
[230.209s][info][gc,metaspace   ] GC(701) Metaspace: 18570K(18752K)->18570K(18752K) NonClass: 15907K(16000K)->15907K(16000K) Class: 2663K(2752K)->2663K(2752K)
[230.209s][info][gc             ] GC(701) Pause Young (Allocation Failure) 704M->595M(869M) 4.348ms
[230.209s][info][gc,cpu         ] GC(701) User=0.01s Sys=0.00s Real=0.00s
[230.453s][info][gc,start       ] GC(702) Pause Young (Allocation Failure)
[230.455s][info][gc,heap        ] GC(702) PSYoungGen: 111680K(222720K)->64K(222720K) Eden: 111616K(111616K)->0K(111616K) From: 64K(111104K)->64K(111104K)
[230.455s][info][gc,heap        ] GC(702) ParOldGen: 609527K(667648K)->609559K(667648K)
[230.455s][info][gc,metaspace   ] GC(702) Metaspace: 18570K(18752K)->18570K(18752K) NonClass: 15907K(16000K)->15907K(16000K) Class: 2663K(2752K)->2663K(2752K)
[230.455s][info][gc             ] GC(702) Pause Young (Allocation Failure) 704M->595M(869M) 2.051ms
[230.455s][info][gc,cpu         ] GC(702) User=0.01s Sys=0.00s Real=0.00s
[230.699s][info][gc,start       ] GC(703) Pause Young (Allocation Failure)
[230.700s][info][gc,heap        ] GC(703) PSYoungGen: 111680K(222720K)->64K(222720K) Eden: 111616K(111616K)->0K(111616K) From: 64K(111104K)->64K(111104K)
[230.701s][info][gc,heap        ] GC(703) ParOldGen: 609559K(667648K)->609575K(667648K)
[230.701s][info][gc,metaspace   ] GC(703) Metaspace: 18570K(18752K)->18570K(18752K) NonClass: 15907K(16000K)->15907K(16000K) Class: 2663K(2752K)->2663K(2752K)
[230.701s][info][gc             ] GC(703) Pause Young (Allocation Failure) 704M->595M(869M) 1.888ms
[230.701s][info][gc,cpu         ] GC(703) User=0.00s Sys=0.00s Real=0.01s
[230.938s][info][gc,start       ] GC(704) Pause Young (Allocation Failure)
[230.940s][info][gc,heap        ] GC(704) PSYoungGen: 111680K(222720K)->64K(222720K) Eden: 111616K(111616K)->0K(111616K) From: 64K(111104K)->64K(111104K)
[230.940s][info][gc,heap        ] GC(704) ParOldGen: 609575K(667648K)->609591K(667648K)
[230.940s][info][gc,metaspace   ] GC(704) Metaspace: 18570K(18752K)->18570K(18752K) NonClass: 15907K(16000K)->15907K(16000K) Class: 2663K(2752K)->2663K(2752K)
[230.940s][info][gc             ] GC(704) Pause Young (Allocation Failure) 704M->595M(869M) 1.955ms
[230.940s][info][gc,cpu         ] GC(704) User=0.00s Sys=0.00s Real=0.01s
[231.214s][info][gc,start       ] GC(705) Pause Young (Allocation Failure)
[231.216s][info][gc,heap        ] GC(705) PSYoungGen: 111680K(222720K)->192K(112128K) Eden: 111616K(111616K)->0K(111616K) From: 64K(111104K)->192K(512K)
[231.216s][info][gc,heap        ] GC(705) ParOldGen: 609591K(667648K)->609607K(667648K)
[231.216s][info][gc,metaspace   ] GC(705) Metaspace: 18570K(18752K)->18570K(18752K) NonClass: 15907K(16000K)->15907K(16000K) Class: 2663K(2752K)->2663K(2752K)
[231.216s][info][gc             ] GC(705) Pause Young (Allocation Failure) 704M->595M(761M) 2.303ms
[231.216s][info][gc,cpu         ] GC(705) User=0.01s Sys=0.00s Real=0.00s
[231.402s][info][gc,start       ] GC(706) Pause Young (Allocation Failure)
[231.406s][info][gc,heap        ] GC(706) PSYoungGen: 111808K(112128K)->2208K(218624K) Eden: 111616K(111616K)->0K(114688K) From: 192K(512K)->2208K(103936K)
[231.406s][info][gc,heap        ] GC(706) ParOldGen: 609607K(667648K)->609607K(667648K)
[231.406s][info][gc,metaspace   ] GC(706) Metaspace: 18570K(18752K)->18570K(18752K) NonClass: 15907K(16000K)->15907K(16000K) Class: 2663K(2752K)->2663K(2752K)
[231.406s][info][gc             ] GC(706) Pause Young (Allocation Failure) 704M->597M(865M) 4.347ms
[231.406s][info][gc,cpu         ] GC(706) User=0.00s Sys=0.00s Real=0.00s
[231.535s][info][gc,start       ] GC(707) Pause Young (Allocation Failure)
[231.563s][info][gc,heap        ] GC(707) PSYoungGen: 116896K(218624K)->37024K(220160K) Eden: 114688K(114688K)->0K(114688K) From: 2208K(103936K)->37024K(105472K)
[231.563s][info][gc,heap        ] GC(707) ParOldGen: 609607K(667648K)->609607K(667648K)
[231.563s][info][gc,metaspace   ] GC(707) Metaspace: 18570K(18752K)->18570K(18752K) NonClass: 15907K(16000K)->15907K(16000K) Class: 2663K(2752K)->2663K(2752K)
[231.563s][info][gc             ] GC(707) Pause Young (Allocation Failure) 709M->631M(867M) 27.889ms
[231.563s][info][gc,cpu         ] GC(707) User=0.05s Sys=0.00s Real=0.03s
[231.694s][info][gc,start       ] GC(708) Pause Young (Allocation Failure)
[231.741s][info][gc,heap        ] GC(708) PSYoungGen: 151712K(220160K)->71536K(212992K) Eden: 114688K(114688K)->0K(110592K) From: 37024K(105472K)->71536K(102400K)
[231.741s][info][gc,heap        ] GC(708) ParOldGen: 609607K(667648K)->609607K(667648K)
[231.741s][info][gc,metaspace   ] GC(708) Metaspace: 18570K(18752K)->18570K(18752K) NonClass: 15907K(16000K)->15907K(16000K) Class: 2663K(2752K)->2663K(2752K)
[231.741s][info][gc             ] GC(708) Pause Young (Allocation Failure) 743M->665M(860M) 47.900ms
[231.741s][info][gc,cpu         ] GC(708) User=0.10s Sys=0.00s Real=0.05s
[231.841s][info][gc,start       ] GC(709) Pause Young (Allocation Failure)
[231.888s][info][gc,heap        ] GC(709) PSYoungGen: 182128K(212992K)->73424K(221696K) Eden: 110592K(110592K)->0K(110592K) From: 71536K(102400K)->73424K(111104K)
[231.888s][info][gc,heap        ] GC(709) ParOldGen: 609607K(667648K)->611791K(667648K)
[231.888s][info][gc,metaspace   ] GC(709) Metaspace: 18570K(18752K)->18570K(18752K) NonClass: 15907K(16000K)->15907K(16000K) Class: 2663K(2752K)->2663K(2752K)
[231.888s][info][gc             ] GC(709) Pause Young (Allocation Failure) 773M->669M(868M) 47.901ms
[231.888s][info][gc,cpu         ] GC(709) User=0.10s Sys=0.00s Real=0.04s
[231.997s][info][gc,start       ] GC(710) Pause Young (Allocation Failure)
[232.063s][info][gc,promotion   ] GC(710) Promotion failed
[232.063s][info][gc,heap        ] GC(710) PSYoungGen: 184016K(221696K)->184016K(221696K) Eden: 110592K(110592K)->110592K(110592K) From: 73424K(111104K)->73424K(111104K)
[232.063s][info][gc,heap        ] GC(710) ParOldGen: 611791K(667648K)->667646K(667648K)
[232.063s][info][gc,metaspace   ] GC(710) Metaspace: 18573K(18752K)->18573K(18752K) NonClass: 15910K(16000K)->15910K(16000K) Class: 2663K(2752K)->2663K(2752K)
[232.063s][info][gc             ] GC(710) Pause Young (Allocation Failure) 777M->831M(868M) 65.544ms
[232.063s][info][gc,cpu         ] GC(710) User=0.13s Sys=0.00s Real=0.07s
[232.063s][info][gc,start       ] GC(711) Pause Full (Allocation Failure)
[232.063s][info][gc,phases,start] GC(711) Marking Phase
[232.260s][info][gc,phases      ] GC(711) Marking Phase 197.045ms
[232.260s][info][gc,phases,start] GC(711) Summary Phase
[232.260s][info][gc,phases      ] GC(711) Summary Phase 0.025ms
[232.260s][info][gc,phases,start] GC(711) Forward
[232.358s][info][gc,phases      ] GC(711) Forward 98.165ms
[232.358s][info][gc,phases,start] GC(711) Adjust Pointers
[232.494s][info][gc,phases      ] GC(711) Adjust Pointers 136.192ms
[232.494s][info][gc,phases,start] GC(711) Compaction Phase
[232.569s][info][gc,phases      ] GC(711) Compaction Phase 74.432ms
[232.575s][info][gc,phases,start] GC(711) Post Compact
[232.577s][info][gc,phases      ] GC(711) Post Compact 2.504ms
[232.584s][info][gc,heap        ] GC(711) PSYoungGen: 184016K(221696K)->0K(222720K) Eden: 110592K(110592K)->0K(111616K) From: 73424K(111104K)->0K(111104K)
[232.584s][info][gc,heap        ] GC(711) ParOldGen: 667646K(667648K)->301423K(583680K)
[232.584s][info][gc,metaspace   ] GC(711) Metaspace: 18573K(18752K)->18573K(18752K) NonClass: 15910K(16000K)->15910K(16000K) Class: 2663K(2752K)->2663K(2752K)
[232.584s][info][gc             ] GC(711) Pause Full (Allocation Failure) 831M->294M(787M) 520.825ms
[232.584s][info][gc,cpu         ] GC(711) User=0.90s Sys=0.01s Real=0.52s
[232.642s][info][gc,start       ] GC(712) Pause Young (Allocation Failure)
[232.686s][info][gc,heap        ] GC(712) PSYoungGen: 111616K(222720K)->51350K(222720K) Eden: 111616K(111616K)->0K(111616K) From: 0K(111104K)->51350K(111104K)
[232.686s][info][gc,heap        ] GC(712) ParOldGen: 301423K(583680K)->301423K(583680K)
[232.686s][info][gc,metaspace   ] GC(712) Metaspace: 18573K(18752K)->18573K(18752K) NonClass: 15910K(16000K)->15910K(16000K) Class: 2663K(2752K)->2663K(2752K)
[232.687s][info][gc             ] GC(712) Pause Young (Allocation Failure) 403M->344M(787M) 44.103ms
[232.687s][info][gc,cpu         ] GC(712) User=0.09s Sys=0.00s Real=0.04s
[232.802s][info][gc,start       ] GC(713) Pause Young (Allocation Failure)
[232.860s][info][gc,heap        ] GC(713) PSYoungGen: 162966K(222720K)->23360K(222720K) Eden: 111616K(111616K)->0K(111616K) From: 51350K(111104K)->23360K(111104K)
[232.860s][info][gc,heap        ] GC(713) ParOldGen: 301423K(583680K)->353092K(583680K)
[232.860s][info][gc,metaspace   ] GC(713) Metaspace: 18574K(18752K)->18574K(18752K) NonClass: 15911K(16000K)->15911K(16000K) Class: 2663K(2752K)->2663K(2752K)
[232.860s][info][gc             ] GC(713) Pause Young (Allocation Failure) 453M->367M(787M) 58.114ms
[232.860s][info][gc,cpu         ] GC(713) User=0.11s Sys=0.00s Real=0.05s
[232.976s][info][gc,start       ] GC(714) Pause Young (Allocation Failure)
[232.996s][info][gc,heap        ] GC(714) PSYoungGen: 134976K(222720K)->128K(112128K) Eden: 111616K(111616K)->0K(111616K) From: 23360K(111104K)->128K(512K)
[232.996s][info][gc,heap        ] GC(714) ParOldGen: 353092K(583680K)->376652K(583680K)
[232.996s][info][gc,metaspace   ] GC(714) Metaspace: 18574K(18752K)->18574K(18752K) NonClass: 15911K(16000K)->15911K(16000K) Class: 2663K(2752K)->2663K(2752K)
[232.996s][info][gc             ] GC(714) Pause Young (Allocation Failure) 476M->367M(679M) 20.178ms
[232.996s][info][gc,cpu         ] GC(714) User=0.04s Sys=0.00s Real=0.02s
[233.109s][info][gc,start       ] GC(715) Pause Young (Allocation Failure)
[233.110s][info][gc,heap        ] GC(715) PSYoungGen: 111744K(112128K)->160K(224256K) Eden: 111616K(111616K)->0K(114176K) From: 128K(512K)->160K(110080K)
[233.110s][info][gc,heap        ] GC(715) ParOldGen: 376652K(583680K)->376652K(583680K)
[233.110s][info][gc,metaspace   ] GC(715) Metaspace: 18574K(18752K)->18574K(18752K) NonClass: 15911K(16000K)->15911K(16000K) Class: 2663K(2752K)->2663K(2752K)
[233.110s][info][gc             ] GC(715) Pause Young (Allocation Failure) 476M->367M(789M) 1.790ms
[233.110s][info][gc,cpu         ] GC(715) User=0.01s Sys=0.00s Real=0.01s
[233.223s][info][gc,start       ] GC(716) Pause Young (Allocation Failure)
[233.225s][info][gc,heap        ] GC(716) PSYoungGen: 114336K(224256K)->288K(114688K) Eden: 114176K(114176K)->0K(114176K) From: 160K(110080K)->288K(512K)
[233.225s][info][gc,heap        ] GC(716) ParOldGen: 376652K(583680K)->376652K(583680K)
[233.225s][info][gc,metaspace   ] GC(716) Metaspace: 18574K(18752K)->18574K(18752K) NonClass: 15911K(16000K)->15911K(16000K) Class: 2663K(2752K)->2663K(2752K)
[233.225s][info][gc             ] GC(716) Pause Young (Allocation Failure) 479M->368M(682M) 2.002ms
[233.225s][info][gc,cpu         ] GC(716) User=0.00s Sys=0.00s Real=0.00s
[233.339s][info][gc,start       ] GC(717) Pause Young (Allocation Failure)
[233.341s][info][gc,heap        ] GC(717) PSYoungGen: 114464K(114688K)->416K(220160K) Eden: 114176K(114176K)->0K(119808K) From: 288K(512K)->416K(100352K)
[233.341s][info][gc,heap        ] GC(717) ParOldGen: 376652K(583680K)->376652K(583680K)
[233.341s][info][gc,metaspace   ] GC(717) Metaspace: 18574K(18752K)->18574K(18752K) NonClass: 15911K(16000K)->15911K(16000K) Class: 2663K(2752K)->2663K(2752K)
[233.341s][info][gc             ] GC(717) Pause Young (Allocation Failure) 479M->368M(785M) 1.988ms
[233.341s][info][gc,cpu         ] GC(717) User=0.00s Sys=0.00s Real=0.01s
[233.460s][info][gc,start       ] GC(718) Pause Young (Allocation Failure)
[233.463s][info][gc,heap        ] GC(718) PSYoungGen: 120224K(220160K)->448K(220160K) Eden: 119808K(119808K)->0K(119808K) From: 416K(100352K)->448K(100352K)
[233.463s][info][gc,heap        ] GC(718) ParOldGen: 376652K(583680K)->376652K(583680K)
[233.463s][info][gc,metaspace   ] GC(718) Metaspace: 18574K(18752K)->18574K(18752K) NonClass: 15911K(16000K)->15911K(16000K) Class: 2663K(2752K)->2663K(2752K)
[233.463s][info][gc             ] GC(718) Pause Young (Allocation Failure) 485M->368M(785M) 2.357ms
[233.463s][info][gc,cpu         ] GC(718) User=0.00s Sys=0.00s Real=0.00s
[233.583s][info][gc,start       ] GC(719) Pause Young (Allocation Failure)
[233.587s][info][gc,heap        ] GC(719) PSYoungGen: 120256K(220160K)->544K(210944K) Eden: 119808K(119808K)->0K(123904K) From: 448K(100352K)->544K(87040K)
[233.587s][info][gc,heap        ] GC(719) ParOldGen: 376652K(583680K)->376652K(583680K)
[233.587s][info][gc,metaspace   ] GC(719) Metaspace: 18574K(18752K)->18574K(18752K) NonClass: 15911K(16000K)->15911K(16000K) Class: 2663K(2752K)->2663K(2752K)
[233.587s][info][gc             ] GC(719) Pause Young (Allocation Failure) 485M->368M(776M) 3.177ms
[233.587s][info][gc,cpu         ] GC(719) User=0.01s Sys=0.00s Real=0.00s
[233.708s][info][gc,start       ] GC(720) Pause Young (Allocation Failure)
[233.710s][info][gc,heap        ] GC(720) PSYoungGen: 124448K(210944K)->640K(124928K) Eden: 123904K(123904K)->0K(123904K) From: 544K(87040K)->640K(1024K)
[233.710s][info][gc,heap        ] GC(720) ParOldGen: 376652K(583680K)->376652K(583680K)
[233.710s][info][gc,metaspace   ] GC(720) Metaspace: 18574K(18752K)->18574K(18752K) NonClass: 15911K(16000K)->15911K(16000K) Class: 2663K(2752K)->2663K(2752K)
[233.710s][info][gc             ] GC(720) Pause Young (Allocation Failure) 489M->368M(692M) 2.646ms
[233.710s][info][gc,cpu         ] GC(720) User=0.00s Sys=0.00s Real=0.01s
[233.838s][info][gc,start       ] GC(721) Pause Young (Allocation Failure)
[233.841s][info][gc,heap        ] GC(721) PSYoungGen: 124544K(124928K)->704K(205312K) Eden: 123904K(123904K)->0K(126976K) From: 640K(1024K)->704K(78336K)
[233.841s][info][gc,heap        ] GC(721) ParOldGen: 376652K(583680K)->376652K(583680K)
[233.841s][info][gc,metaspace   ] GC(721) Metaspace: 18574K(18752K)->18574K(18752K) NonClass: 15911K(16000K)->15911K(16000K) Class: 2663K(2752K)->2663K(2752K)
[233.841s][info][gc             ] GC(721) Pause Young (Allocation Failure) 489M->368M(770M) 3.147ms
[233.841s][info][gc,cpu         ] GC(721) User=0.01s Sys=0.00s Real=0.01s
[233.983s][info][gc,start       ] GC(722) Pause Young (Allocation Failure)
[233.990s][info][gc,heap        ] GC(722) PSYoungGen: 127680K(205312K)->2752K(130048K) Eden: 126976K(126976K)->0K(126976K) From: 704K(78336K)->2752K(3072K)
[233.990s][info][gc,heap        ] GC(722) ParOldGen: 376652K(583680K)->376652K(583680K)
[233.990s][info][gc,metaspace   ] GC(722) Metaspace: 18574K(18752K)->18574K(18752K) NonClass: 15911K(16000K)->15911K(16000K) Class: 2663K(2752K)->2663K(2752K)
[233.990s][info][gc             ] GC(722) Pause Young (Allocation Failure) 492M->370M(697M) 7.066ms
[233.990s][info][gc,cpu         ] GC(722) User=0.01s Sys=0.01s Real=0.01s
[234.127s][info][gc,start       ] GC(723) Pause Young (Allocation Failure)
[234.155s][info][gc,heap        ] GC(723) PSYoungGen: 129728K(130048K)->12139K(200192K) Eden: 126976K(126976K)->0K(132096K) From: 2752K(3072K)->12139K(68096K)
[234.155s][info][gc,heap        ] GC(723) ParOldGen: 376652K(583680K)->376652K(583680K)
[234.155s][info][gc,metaspace   ] GC(723) Metaspace: 18577K(18752K)->18577K(18752K) NonClass: 15914K(16000K)->15914K(16000K) Class: 2663K(2752K)->2663K(2752K)
[234.155s][info][gc             ] GC(723) Pause Young (Allocation Failure) 494M->379M(765M) 28.094ms
[234.155s][info][gc,cpu         ] GC(723) User=0.05s Sys=0.00s Real=0.03s
[234.319s][info][gc,start       ] GC(724) Pause Young (Allocation Failure)
[234.352s][info][gc,heap        ] GC(724) PSYoungGen: 144235K(200192K)->19691K(204800K) Eden: 132096K(132096K)->0K(132096K) From: 12139K(68096K)->19691K(72704K)
[234.352s][info][gc,heap        ] GC(724) ParOldGen: 376652K(583680K)->376652K(583680K)
[234.352s][info][gc,metaspace   ] GC(724) Metaspace: 18577K(18752K)->18577K(18752K) NonClass: 15914K(16000K)->15914K(16000K) Class: 2663K(2752K)->2663K(2752K)
[234.352s][info][gc             ] GC(724) Pause Young (Allocation Failure) 508M->387M(770M) 32.552ms
[234.352s][info][gc,cpu         ] GC(724) User=0.06s Sys=0.00s Real=0.04s
[234.520s][info][gc,start       ] GC(725) Pause Young (Allocation Failure)
[234.553s][info][gc,heap        ] GC(725) PSYoungGen: 151787K(204800K)->19659K(202752K) Eden: 132096K(132096K)->0K(139776K) From: 19691K(72704K)->19659K(62976K)
[234.553s][info][gc,heap        ] GC(725) ParOldGen: 376652K(583680K)->376652K(583680K)
[234.553s][info][gc,metaspace   ] GC(725) Metaspace: 18577K(18752K)->18577K(18752K) NonClass: 15914K(16000K)->15914K(16000K) Class: 2663K(2752K)->2663K(2752K)
[234.553s][info][gc             ] GC(725) Pause Young (Allocation Failure) 516M->387M(768M) 33.678ms
[234.553s][info][gc,cpu         ] GC(725) User=0.06s Sys=0.00s Real=0.04s
[234.729s][info][gc,start       ] GC(726) Pause Young (Allocation Failure)
[234.761s][info][gc,heap        ] GC(726) PSYoungGen: 159435K(202752K)->19691K(205312K) Eden: 139776K(139776K)->0K(139776K) From: 19659K(62976K)->19691K(65536K)
[234.761s][info][gc,heap        ] GC(726) ParOldGen: 376652K(583680K)->376652K(583680K)
[234.761s][info][gc,metaspace   ] GC(726) Metaspace: 18577K(18752K)->18577K(18752K) NonClass: 15914K(16000K)->15914K(16000K) Class: 2663K(2752K)->2663K(2752K)
[234.761s][info][gc             ] GC(726) Pause Young (Allocation Failure) 523M->387M(770M) 31.943ms
[234.761s][info][gc,cpu         ] GC(726) User=0.06s Sys=0.00s Real=0.04s
[234.889s][info][gc,start       ] GC(727) Pause Young (Allocation Failure)
[234.944s][info][gc,heap        ] GC(727) PSYoungGen: 159467K(205312K)->41675K(205312K) Eden: 139776K(139776K)->0K(142848K) From: 19691K(65536K)->41675K(62464K)
[234.944s][info][gc,heap        ] GC(727) ParOldGen: 376652K(583680K)->376652K(583680K)
[234.944s][info][gc,metaspace   ] GC(727) Metaspace: 18577K(18752K)->18577K(18752K) NonClass: 15914K(16000K)->15914K(16000K) Class: 2663K(2752K)->2663K(2752K)
[234.944s][info][gc             ] GC(727) Pause Young (Allocation Failure) 523M->408M(770M) 55.317ms
[234.944s][info][gc,cpu         ] GC(727) User=0.11s Sys=0.00s Real=0.06s
[235.078s][info][gc,start       ] GC(728) Pause Young (Allocation Failure)
[235.144s][info][gc,heap        ] GC(728) PSYoungGen: 184523K(205312K)->54987K(210432K) Eden: 142848K(142848K)->0K(142848K) From: 41675K(62464K)->54987K(67584K)
[235.145s][info][gc,heap        ] GC(728) ParOldGen: 376652K(583680K)->376652K(583680K)
[235.145s][info][gc,metaspace   ] GC(728) Metaspace: 18577K(18752K)->18577K(18752K) NonClass: 15914K(16000K)->15914K(16000K) Class: 2663K(2752K)->2663K(2752K)
[235.145s][info][gc             ] GC(728) Pause Young (Allocation Failure) 548M->421M(775M) 66.169ms
[235.145s][info][gc,cpu         ] GC(728) User=0.13s Sys=0.00s Real=0.07s
[235.256s][info][gc,start       ] GC(729) Pause Young (Allocation Failure)
[235.330s][info][gc,heap        ] GC(729) PSYoungGen: 197835K(210432K)->56331K(223744K) Eden: 142848K(142848K)->0K(147456K) From: 54987K(67584K)->56331K(76288K)
[235.330s][info][gc,heap        ] GC(729) ParOldGen: 376652K(583680K)->376724K(583680K)
[235.330s][info][gc,metaspace   ] GC(729) Metaspace: 18577K(18752K)->18577K(18752K) NonClass: 15914K(16000K)->15914K(16000K) Class: 2663K(2752K)->2663K(2752K)
[235.330s][info][gc             ] GC(729) Pause Young (Allocation Failure) 561M->422M(788M) 74.643ms
[235.330s][info][gc,cpu         ] GC(729) User=0.14s Sys=0.02s Real=0.08s
[235.473s][info][gc,start       ] GC(730) Pause Young (Allocation Failure)
[235.543s][info][gc,heap        ] GC(730) PSYoungGen: 203787K(223744K)->59691K(230912K) Eden: 147456K(147456K)->0K(147456K) From: 56331K(76288K)->59691K(83456K)
[235.543s][info][gc,heap        ] GC(730) ParOldGen: 376724K(583680K)->376804K(583680K)
[235.543s][info][gc,metaspace   ] GC(730) Metaspace: 18577K(18752K)->18577K(18752K) NonClass: 15914K(16000K)->15914K(16000K) Class: 2663K(2752K)->2663K(2752K)
[235.543s][info][gc             ] GC(730) Pause Young (Allocation Failure) 566M->426M(795M) 69.996ms
[235.543s][info][gc,cpu         ] GC(730) User=0.14s Sys=0.00s Real=0.07s
[235.657s][info][gc,start       ] GC(731) Pause Young (Allocation Failure)
[235.734s][info][gc,heap        ] GC(731) PSYoungGen: 207147K(230912K)->59659K(232960K) Eden: 147456K(147456K)->0K(142336K) From: 59691K(83456K)->59659K(90624K)
[235.734s][info][gc,heap        ] GC(731) ParOldGen: 376804K(583680K)->376924K(583680K)
[235.734s][info][gc,metaspace   ] GC(731) Metaspace: 18577K(18752K)->18577K(18752K) NonClass: 15914K(16000K)->15914K(16000K) Class: 2663K(2752K)->2663K(2752K)
[235.734s][info][gc             ] GC(731) Pause Young (Allocation Failure) 570M->426M(797M) 77.395ms
[235.734s][info][gc,cpu         ] GC(731) User=0.15s Sys=0.00s Real=0.08s
[235.906s][info][gc,start       ] GC(732) Pause Young (Allocation Failure)
[235.984s][info][gc,heap        ] GC(732) PSYoungGen: 201995K(232960K)->69628K(211968K) Eden: 142336K(142336K)->0K(142336K) From: 59659K(90624K)->69628K(69632K)
[235.984s][info][gc,heap        ] GC(732) ParOldGen: 376924K(583680K)->377028K(583680K)
[235.984s][info][gc,metaspace   ] GC(732) Metaspace: 18577K(18752K)->18577K(18752K) NonClass: 15914K(16000K)->15914K(16000K) Class: 2663K(2752K)->2663K(2752K)
[235.984s][info][gc             ] GC(732) Pause Young (Allocation Failure) 565M->436M(777M) 77.808ms
[235.984s][info][gc,cpu         ] GC(732) User=0.16s Sys=0.00s Real=0.08s
[236.095s][info][gc,start       ] GC(733) Pause Young (Allocation Failure)
[236.212s][info][gc,heap        ] GC(733) PSYoungGen: 211964K(211968K)->95580K(215040K) Eden: 142336K(142336K)->0K(111616K) From: 69628K(69632K)->95580K(103424K)
[236.212s][info][gc,heap        ] GC(733) ParOldGen: 377028K(583680K)->377116K(583680K)
[236.212s][info][gc,metaspace   ] GC(733) Metaspace: 18577K(18752K)->18577K(18752K) NonClass: 15914K(16000K)->15914K(16000K) Class: 2663K(2752K)->2663K(2752K)
[236.212s][info][gc             ] GC(733) Pause Young (Allocation Failure) 575M->461M(780M) 116.205ms
[236.212s][info][gc,cpu         ] GC(733) User=0.21s Sys=0.02s Real=0.12s
[236.349s][info][gc,start       ] GC(734) Pause Young (Allocation Failure)
[236.473s][info][gc,heap        ] GC(734) PSYoungGen: 207196K(215040K)->111100K(222720K) Eden: 111616K(111616K)->0K(111616K) From: 95580K(103424K)->111100K(111104K)
[236.473s][info][gc,heap        ] GC(734) ParOldGen: 377116K(583680K)->382884K(583680K)
[236.473s][info][gc,metaspace   ] GC(734) Metaspace: 18577K(18752K)->18577K(18752K) NonClass: 15914K(16000K)->15914K(16000K) Class: 2663K(2752K)->2663K(2752K)
[236.473s][info][gc             ] GC(734) Pause Young (Allocation Failure) 570M->482M(787M) 124.234ms
[236.473s][info][gc,cpu         ] GC(734) User=0.24s Sys=0.00s Real=0.13s
[236.609s][info][gc,start       ] GC(735) Pause Young (Allocation Failure)
[236.737s][info][gc,heap        ] GC(735) PSYoungGen: 222716K(222720K)->111100K(222720K) Eden: 111616K(111616K)->0K(111616K) From: 111100K(111104K)->111100K(111104K)
[236.737s][info][gc,heap        ] GC(735) ParOldGen: 382884K(583680K)->390148K(583680K)
[236.737s][info][gc,metaspace   ] GC(735) Metaspace: 18577K(18752K)->18577K(18752K) NonClass: 15914K(16000K)->15914K(16000K) Class: 2663K(2752K)->2663K(2752K)
[236.737s][info][gc             ] GC(735) Pause Young (Allocation Failure) 591M->489M(787M) 128.685ms
[236.737s][info][gc,cpu         ] GC(735) User=0.25s Sys=0.00s Real=0.13s
[236.861s][info][gc,start       ] GC(736) Pause Young (Allocation Failure)
[236.981s][info][gc,heap        ] GC(736) PSYoungGen: 222716K(222720K)->96288K(222720K) Eden: 111616K(111616K)->0K(111616K) From: 111100K(111104K)->96288K(111104K)
[236.981s][info][gc,heap        ] GC(736) ParOldGen: 390148K(583680K)->405972K(583680K)
[236.981s][info][gc,metaspace   ] GC(736) Metaspace: 18577K(18752K)->18577K(18752K) NonClass: 15914K(16000K)->15914K(16000K) Class: 2663K(2752K)->2663K(2752K)
[236.981s][info][gc             ] GC(736) Pause Young (Allocation Failure) 598M->490M(787M) 119.603ms
[236.981s][info][gc,cpu         ] GC(736) User=0.24s Sys=0.00s Real=0.12s
[237.106s][info][gc,start       ] GC(737) Pause Young (Allocation Failure)
[237.201s][info][gc,heap        ] GC(737) PSYoungGen: 207904K(222720K)->101936K(222720K) Eden: 111616K(111616K)->0K(111616K) From: 96288K(111104K)->101936K(111104K)
[237.201s][info][gc,heap        ] GC(737) ParOldGen: 405972K(583680K)->405972K(583680K)
[237.201s][info][gc,metaspace   ] GC(737) Metaspace: 18577K(18752K)->18577K(18752K) NonClass: 15914K(16000K)->15914K(16000K) Class: 2663K(2752K)->2663K(2752K)
[237.201s][info][gc             ] GC(737) Pause Young (Allocation Failure) 599M->496M(787M) 95.257ms
[237.201s][info][gc,cpu         ] GC(737) User=0.19s Sys=0.00s Real=0.10s
[237.321s][info][gc,start       ] GC(738) Pause Young (Allocation Failure)
[237.417s][info][gc,heap        ] GC(738) PSYoungGen: 213552K(222720K)->71984K(222720K) Eden: 111616K(111616K)->0K(111616K) From: 101936K(111104K)->71984K(111104K)
[237.417s][info][gc,heap        ] GC(738) ParOldGen: 405972K(583680K)->436060K(583680K)
[237.417s][info][gc,metaspace   ] GC(738) Metaspace: 18579K(18752K)->18579K(18752K) NonClass: 15916K(16000K)->15916K(16000K) Class: 2663K(2752K)->2663K(2752K)
[237.417s][info][gc             ] GC(738) Pause Young (Allocation Failure) 605M->496M(787M) 95.783ms
[237.417s][info][gc,cpu         ] GC(738) User=0.19s Sys=0.00s Real=0.09s
[237.490s][info][gc,start       ] GC(739) Pause Young (Allocation Failure)
[237.558s][info][gc,heap        ] GC(739) PSYoungGen: 183600K(222720K)->67856K(222720K) Eden: 111616K(111616K)->0K(111616K) From: 71984K(111104K)->67856K(111104K)
[237.558s][info][gc,heap        ] GC(739) ParOldGen: 436060K(583680K)->440236K(583680K)
[237.558s][info][gc,metaspace   ] GC(739) Metaspace: 18579K(18752K)->18579K(18752K) NonClass: 15916K(16000K)->15916K(16000K) Class: 2663K(2752K)->2663K(2752K)
[237.558s][info][gc             ] GC(739) Pause Young (Allocation Failure) 605M->496M(787M) 68.373ms
[237.558s][info][gc,cpu         ] GC(739) User=0.13s Sys=0.00s Real=0.07s
[237.731s][info][gc,start       ] GC(740) Pause Young (Allocation Failure)
[237.804s][info][gc,heap        ] GC(740) PSYoungGen: 179472K(222720K)->68416K(222720K) Eden: 111616K(111616K)->0K(111616K) From: 67856K(111104K)->68416K(111104K)
[237.804s][info][gc,heap        ] GC(740) ParOldGen: 440236K(583680K)->449148K(583680K)
[237.804s][info][gc,metaspace   ] GC(740) Metaspace: 18579K(18752K)->18579K(18752K) NonClass: 15916K(16000K)->15916K(16000K) Class: 2663K(2752K)->2663K(2752K)
[237.804s][info][gc             ] GC(740) Pause Young (Allocation Failure) 605M->505M(787M) 72.983ms
[237.804s][info][gc,cpu         ] GC(740) User=0.15s Sys=0.01s Real=0.07s
[237.972s][info][gc,start       ] GC(741) Pause Young (Allocation Failure)
[238.044s][info][gc,heap        ] GC(741) PSYoungGen: 180032K(222720K)->29312K(222720K) Eden: 111616K(111616K)->0K(111616K) From: 68416K(111104K)->29312K(111104K)
[238.044s][info][gc,heap        ] GC(741) ParOldGen: 449148K(583680K)->494268K(583680K)
[238.044s][info][gc,metaspace   ] GC(741) Metaspace: 18579K(18752K)->18579K(18752K) NonClass: 15916K(16000K)->15916K(16000K) Class: 2663K(2752K)->2663K(2752K)
[238.044s][info][gc             ] GC(741) Pause Young (Allocation Failure) 614M->511M(787M) 72.113ms
[238.044s][info][gc,cpu         ] GC(741) User=0.14s Sys=0.00s Real=0.07s
[238.397s][info][gc,start       ] GC(742) Pause Young (Allocation Failure)
[238.428s][info][gc,heap        ] GC(742) PSYoungGen: 140928K(222720K)->21216K(222720K) Eden: 111616K(111616K)->0K(111616K) From: 29312K(111104K)->21216K(111104K)
[238.428s][info][gc,heap        ] GC(742) ParOldGen: 494268K(583680K)->502420K(583680K)
[238.428s][info][gc,metaspace   ] GC(742) Metaspace: 18579K(18752K)->18579K(18752K) NonClass: 15916K(16000K)->15916K(16000K) Class: 2663K(2752K)->2663K(2752K)
[238.428s][info][gc             ] GC(742) Pause Young (Allocation Failure) 620M->511M(787M) 30.756ms
[238.428s][info][gc,cpu         ] GC(742) User=0.06s Sys=0.00s Real=0.03s
[238.676s][info][gc,start       ] GC(743) Pause Young (Allocation Failure)
[238.699s][info][gc,heap        ] GC(743) PSYoungGen: 132832K(222720K)->15584K(222720K) Eden: 111616K(111616K)->0K(111616K) From: 21216K(111104K)->15584K(111104K)
[238.699s][info][gc,heap        ] GC(743) ParOldGen: 502420K(583680K)->508212K(583680K)
[238.699s][info][gc,metaspace   ] GC(743) Metaspace: 18579K(18752K)->18579K(18752K) NonClass: 15916K(16000K)->15916K(16000K) Class: 2663K(2752K)->2663K(2752K)
[238.699s][info][gc             ] GC(743) Pause Young (Allocation Failure) 620M->511M(787M) 22.706ms
[238.699s][info][gc,cpu         ] GC(743) User=0.04s Sys=0.00s Real=0.02s
[238.953s][info][gc,start       ] GC(744) Pause Young (Allocation Failure)
[238.970s][info][gc,heap        ] GC(744) PSYoungGen: 127200K(222720K)->6208K(222720K) Eden: 111616K(111616K)->0K(111616K) From: 15584K(111104K)->6208K(111104K)
[238.970s][info][gc,heap        ] GC(744) ParOldGen: 508212K(583680K)->517652K(583680K)
[238.970s][info][gc,metaspace   ] GC(744) Metaspace: 18579K(18752K)->18579K(18752K) NonClass: 15916K(16000K)->15916K(16000K) Class: 2663K(2752K)->2663K(2752K)
[238.970s][info][gc             ] GC(744) Pause Young (Allocation Failure) 620M->511M(787M) 16.678ms
[238.970s][info][gc,cpu         ] GC(744) User=0.03s Sys=0.00s Real=0.02s
[239.174s][info][gc,start       ] GC(745) Pause Young (Allocation Failure)
[239.183s][info][gc,heap        ] GC(745) PSYoungGen: 117824K(222720K)->240K(222720K) Eden: 111616K(111616K)->0K(111616K) From: 6208K(111104K)->240K(111104K)
[239.183s][info][gc,heap        ] GC(745) ParOldGen: 517652K(583680K)->523644K(583680K)
[239.183s][info][gc,metaspace   ] GC(745) Metaspace: 18579K(18752K)->18579K(18752K) NonClass: 15916K(16000K)->15916K(16000K) Class: 2663K(2752K)->2663K(2752K)
[239.183s][info][gc             ] GC(745) Pause Young (Allocation Failure) 620M->511M(787M) 8.505ms
[239.183s][info][gc,cpu         ] GC(745) User=0.02s Sys=0.00s Real=0.01s
[239.446s][info][gc,start       ] GC(746) Pause Young (Allocation Failure)
[239.449s][info][gc,heap        ] GC(746) PSYoungGen: 111856K(222720K)->96K(222720K) Eden: 111616K(111616K)->0K(111616K) From: 240K(111104K)->96K(111104K)
[239.449s][info][gc,heap        ] GC(746) ParOldGen: 523644K(583680K)->523853K(583680K)
[239.449s][info][gc,metaspace   ] GC(746) Metaspace: 18579K(18752K)->18579K(18752K) NonClass: 15916K(16000K)->15916K(16000K) Class: 2663K(2752K)->2663K(2752K)
[239.449s][info][gc             ] GC(746) Pause Young (Allocation Failure) 620M->511M(787M) 2.833ms
[239.449s][info][gc,cpu         ] GC(746) User=0.01s Sys=0.00s Real=0.00s
[239.678s][info][gc,start       ] GC(747) Pause Young (Allocation Failure)
[239.690s][info][gc,heap        ] GC(747) PSYoungGen: 111712K(222720K)->11856K(222720K) Eden: 111616K(111616K)->0K(111616K) From: 96K(111104K)->11856K(111104K)
[239.690s][info][gc,heap        ] GC(747) ParOldGen: 523853K(583680K)->523933K(583680K)
[239.690s][info][gc,metaspace   ] GC(747) Metaspace: 18586K(18752K)->18586K(18752K) NonClass: 15923K(16000K)->15923K(16000K) Class: 2663K(2752K)->2663K(2752K)
[239.690s][info][gc             ] GC(747) Pause Young (Allocation Failure) 620M->523M(787M) 11.900ms
[239.690s][info][gc,cpu         ] GC(747) User=0.02s Sys=0.00s Real=0.02s
[239.749s][info][gc,start       ] GC(748) Pause Young (Allocation Failure)
[239.788s][info][gc,heap        ] GC(748) PSYoungGen: 123472K(222720K)->39072K(222720K) Eden: 111616K(111616K)->0K(111616K) From: 11856K(111104K)->39072K(111104K)
[239.788s][info][gc,heap        ] GC(748) ParOldGen: 523933K(583680K)->535869K(583680K)
[239.788s][info][gc,metaspace   ] GC(748) Metaspace: 18586K(18752K)->18586K(18752K) NonClass: 15923K(16000K)->15923K(16000K) Class: 2663K(2752K)->2663K(2752K)
[239.788s][info][gc             ] GC(748) Pause Young (Allocation Failure) 632M->561M(787M) 38.532ms
[239.788s][info][gc,cpu         ] GC(748) User=0.08s Sys=0.00s Real=0.04s
[239.843s][info][gc,start       ] GC(749) Pause Young (Allocation Failure)
[239.895s][info][gc,heap        ] GC(749) PSYoungGen: 150688K(222720K)->40384K(222720K) Eden: 111616K(111616K)->0K(111616K) From: 39072K(111104K)->40384K(111104K)
[239.895s][info][gc,heap        ] GC(749) ParOldGen: 535869K(583680K)->575381K(583680K)
[239.895s][info][gc,metaspace   ] GC(749) Metaspace: 18586K(18752K)->18586K(18752K) NonClass: 15923K(16000K)->15923K(16000K) Class: 2663K(2752K)->2663K(2752K)
[239.895s][info][gc             ] GC(749) Pause Young (Allocation Failure) 670M->601M(787M) 51.901ms
[239.895s][info][gc,cpu         ] GC(749) User=0.10s Sys=0.00s Real=0.05s
[239.959s][info][gc,start       ] GC(750) Pause Young (Allocation Failure)
[240.029s][info][gc,heap        ] GC(750) PSYoungGen: 152000K(222720K)->41248K(153088K) Eden: 111616K(111616K)->0K(111616K) From: 40384K(111104K)->41248K(41472K)
[240.029s][info][gc,heap        ] GC(750) ParOldGen: 575381K(583680K)->616165K(616448K)
[240.029s][info][gc,metaspace   ] GC(750) Metaspace: 18586K(18752K)->18586K(18752K) NonClass: 15923K(16000K)->15923K(16000K) Class: 2663K(2752K)->2663K(2752K)
[240.029s][info][gc             ] GC(750) Pause Young (Allocation Failure) 710M->642M(751M) 70.126ms
[240.029s][info][gc,cpu         ] GC(750) User=0.12s Sys=0.03s Real=0.07s
[240.121s][info][gc,start       ] GC(751) Pause Young (Allocation Failure)
[240.202s][info][gc,heap        ] GC(751) PSYoungGen: 152864K(153088K)->47909K(223744K) Eden: 111616K(111616K)->0K(114688K) From: 41248K(41472K)->47909K(109056K)
[240.202s][info][gc,heap        ] GC(751) ParOldGen: 616165K(616448K)->657941K(658432K)
[240.202s][info][gc,metaspace   ] GC(751) Metaspace: 18586K(18752K)->18586K(18752K) NonClass: 15923K(16000K)->15923K(16000K) Class: 2663K(2752K)->2663K(2752K)
[240.202s][info][gc             ] GC(751) Pause Young (Allocation Failure) 751M->689M(861M) 80.924ms
[240.202s][info][gc,cpu         ] GC(751) User=0.13s Sys=0.03s Real=0.08s
[240.430s][info][gc,start       ] GC(752) Pause Full (Allocation Failure)
[240.430s][info][gc,phases,start] GC(752) Marking Phase
[240.683s][info][gc,phases      ] GC(752) Marking Phase 252.855ms
[240.683s][info][gc,phases,start] GC(752) Summary Phase
[240.683s][info][gc,phases      ] GC(752) Summary Phase 0.027ms
[240.683s][info][gc,phases,start] GC(752) Forward
[240.791s][info][gc,phases      ] GC(752) Forward 108.691ms
[240.791s][info][gc,phases,start] GC(752) Adjust Pointers
[240.981s][info][gc,phases      ] GC(752) Adjust Pointers 189.567ms
[240.981s][info][gc,phases,start] GC(752) Compaction Phase
[241.107s][info][gc,phases      ] GC(752) Compaction Phase 125.863ms
[241.112s][info][gc,phases,start] GC(752) Post Compact
[241.114s][info][gc,phases      ] GC(752) Post Compact 2.350ms
[241.114s][info][gc,heap        ] GC(752) PSYoungGen: 162597K(223744K)->0K(220672K) Eden: 114688K(114688K)->0K(114688K) From: 47909K(109056K)->0K(105984K)
[241.114s][info][gc,heap        ] GC(752) ParOldGen: 657941K(658432K)->415511K(667648K)
[241.114s][info][gc,metaspace   ] GC(752) Metaspace: 18588K(18752K)->18588K(18752K) NonClass: 15925K(16000K)->15925K(16000K) Class: 2663K(2752K)->2663K(2752K)
[241.114s][info][gc             ] GC(752) Pause Full (Allocation Failure) 801M->405M(867M) 684.551ms
[241.114s][info][gc,cpu         ] GC(752) User=1.27s Sys=0.00s Real=0.69s
[241.290s][info][gc,start       ] GC(753) Pause Young (Allocation Failure)
[241.315s][info][gc,heap        ] GC(753) PSYoungGen: 114688K(220672K)->14048K(225280K) Eden: 114688K(114688K)->0K(121344K) From: 0K(105984K)->14048K(103936K)
[241.315s][info][gc,heap        ] GC(753) ParOldGen: 415511K(667648K)->415511K(667648K)
[241.315s][info][gc,metaspace   ] GC(753) Metaspace: 18588K(18752K)->18588K(18752K) NonClass: 15925K(16000K)->15925K(16000K) Class: 2663K(2752K)->2663K(2752K)
[241.315s][info][gc             ] GC(753) Pause Young (Allocation Failure) 517M->419M(872M) 24.612ms
[241.315s][info][gc,cpu         ] GC(753) User=0.04s Sys=0.00s Real=0.02s
[241.427s][info][gc,start       ] GC(754) Pause Young (Allocation Failure)
[241.461s][info][gc,heap        ] GC(754) PSYoungGen: 135392K(225280K)->2400K(224768K) Eden: 121344K(121344K)->0K(121344K) From: 14048K(103936K)->2400K(103424K)
[241.461s][info][gc,heap        ] GC(754) ParOldGen: 415511K(667648K)->429559K(667648K)
[241.461s][info][gc,metaspace   ] GC(754) Metaspace: 18588K(18752K)->18588K(18752K) NonClass: 15925K(16000K)->15925K(16000K) Class: 2663K(2752K)->2663K(2752K)
[241.461s][info][gc             ] GC(754) Pause Young (Allocation Failure) 537M->421M(871M) 34.076ms
[241.461s][info][gc,cpu         ] GC(754) User=0.06s Sys=0.00s Real=0.04s
[241.620s][info][gc,start       ] GC(755) Pause Young (Allocation Failure)
[241.668s][info][gc,heap        ] GC(755) PSYoungGen: 123744K(224768K)->22221K(221696K) Eden: 121344K(121344K)->0K(128000K) From: 2400K(103424K)->22221K(93696K)
[241.668s][info][gc,heap        ] GC(755) ParOldGen: 429559K(667648K)->431935K(667648K)
[241.668s][info][gc,metaspace   ] GC(755) Metaspace: 18588K(18752K)->18588K(18752K) NonClass: 15925K(16000K)->15925K(16000K) Class: 2663K(2752K)->2663K(2752K)
[241.668s][info][gc             ] GC(755) Pause Young (Allocation Failure) 540M->443M(868M) 48.056ms
[241.668s][info][gc,cpu         ] GC(755) User=0.09s Sys=0.00s Real=0.04s
[241.843s][info][gc,start       ] GC(756) Pause Young (Allocation Failure)
[241.891s][info][gc,heap        ] GC(756) PSYoungGen: 150221K(221696K)->5312K(225280K) Eden: 128000K(128000K)->0K(128000K) From: 22221K(93696K)->5312K(97280K)
[241.891s][info][gc,heap        ] GC(756) ParOldGen: 431935K(667648K)->454168K(667648K)
[241.891s][info][gc,metaspace   ] GC(756) Metaspace: 18588K(18752K)->18588K(18752K) NonClass: 15925K(16000K)->15925K(16000K) Class: 2663K(2752K)->2663K(2752K)
[241.891s][info][gc             ] GC(756) Pause Young (Allocation Failure) 568M->448M(872M) 48.164ms
[241.892s][info][gc,cpu         ] GC(756) User=0.10s Sys=0.00s Real=0.05s
[242.066s][info][gc,start       ] GC(757) Pause Young (Allocation Failure)
[242.076s][info][gc,heap        ] GC(757) PSYoungGen: 133312K(225280K)->64K(230912K) Eden: 128000K(128000K)->0K(139776K) From: 5312K(97280K)->64K(91136K)
[242.076s][info][gc,heap        ] GC(757) ParOldGen: 454168K(667648K)->459488K(667648K)
[242.076s][info][gc,metaspace   ] GC(757) Metaspace: 18588K(18752K)->18588K(18752K) NonClass: 15925K(16000K)->15925K(16000K) Class: 2663K(2752K)->2663K(2752K)
[242.076s][info][gc             ] GC(757) Pause Young (Allocation Failure) 573M->448M(877M) 10.461ms
[242.076s][info][gc,cpu         ] GC(757) User=0.02s Sys=0.00s Real=0.01s
[242.263s][info][gc,start       ] GC(758) Pause Young (Allocation Failure)
[242.264s][info][gc,heap        ] GC(758) PSYoungGen: 139840K(230912K)->64K(233472K) Eden: 139776K(139776K)->0K(139776K) From: 64K(91136K)->64K(93696K)
[242.264s][info][gc,heap        ] GC(758) ParOldGen: 459488K(667648K)->459488K(667648K)
[242.264s][info][gc,metaspace   ] GC(758) Metaspace: 18588K(18752K)->18588K(18752K) NonClass: 15925K(16000K)->15925K(16000K) Class: 2663K(2752K)->2663K(2752K)
[242.264s][info][gc             ] GC(758) Pause Young (Allocation Failure) 585M->448M(880M) 1.625ms
[242.264s][info][gc,cpu         ] GC(758) User=0.01s Sys=0.00s Real=0.00s
[242.450s][info][gc,start       ] GC(759) Pause Young (Allocation Failure)
[242.451s][info][gc,heap        ] GC(759) PSYoungGen: 139840K(233472K)->64K(233472K) Eden: 139776K(139776K)->0K(148480K) From: 64K(93696K)->64K(84992K)
[242.451s][info][gc,heap        ] GC(759) ParOldGen: 459488K(667648K)->459488K(667648K)
[242.451s][info][gc,metaspace   ] GC(759) Metaspace: 18588K(18752K)->18588K(18752K) NonClass: 15925K(16000K)->15925K(16000K) Class: 2663K(2752K)->2663K(2752K)
[242.451s][info][gc             ] GC(759) Pause Young (Allocation Failure) 585M->448M(880M) 1.680ms
[242.451s][info][gc,cpu         ] GC(759) User=0.01s Sys=0.00s Real=0.01s
[242.649s][info][gc,start       ] GC(760) Pause Young (Allocation Failure)
[242.651s][info][gc,heap        ] GC(760) PSYoungGen: 148544K(233472K)->64K(237056K) Eden: 148480K(148480K)->0K(148480K) From: 64K(84992K)->64K(88576K)
[242.651s][info][gc,heap        ] GC(760) ParOldGen: 459488K(667648K)->459488K(667648K)
[242.651s][info][gc,metaspace   ] GC(760) Metaspace: 18588K(18752K)->18588K(18752K) NonClass: 15925K(16000K)->15925K(16000K) Class: 2663K(2752K)->2663K(2752K)
[242.651s][info][gc             ] GC(760) Pause Young (Allocation Failure) 593M->448M(883M) 1.568ms
[242.651s][info][gc,cpu         ] GC(760) User=0.00s Sys=0.00s Real=0.01s
[242.848s][info][gc,start       ] GC(761) Pause Young (Allocation Failure)
[242.850s][info][gc,heap        ] GC(761) PSYoungGen: 148544K(237056K)->64K(232960K) Eden: 148480K(148480K)->0K(155136K) From: 64K(88576K)->64K(77824K)
[242.850s][info][gc,heap        ] GC(761) ParOldGen: 459488K(667648K)->459488K(667648K)
[242.850s][info][gc,metaspace   ] GC(761) Metaspace: 18588K(18752K)->18588K(18752K) NonClass: 15925K(16000K)->15925K(16000K) Class: 2663K(2752K)->2663K(2752K)
[242.850s][info][gc             ] GC(761) Pause Young (Allocation Failure) 593M->448M(879M) 1.813ms
[242.850s][info][gc,cpu         ] GC(761) User=0.00s Sys=0.00s Real=0.01s
[242.997s][info][gc,start       ] GC(762) Pause Young (Allocation Failure)
[243.025s][info][gc,heap        ] GC(762) PSYoungGen: 155200K(232960K)->23808K(237568K) Eden: 155136K(155136K)->0K(155136K) From: 64K(77824K)->23808K(82432K)
[243.025s][info][gc,heap        ] GC(762) ParOldGen: 459488K(667648K)->459488K(667648K)
[243.025s][info][gc,metaspace   ] GC(762) Metaspace: 18588K(18752K)->18588K(18752K) NonClass: 15925K(16000K)->15925K(16000K) Class: 2663K(2752K)->2663K(2752K)
[243.025s][info][gc             ] GC(762) Pause Young (Allocation Failure) 600M->471M(884M) 27.825ms
[243.025s][info][gc,cpu         ] GC(762) User=0.05s Sys=0.00s Real=0.03s
[243.156s][info][gc,start       ] GC(763) Pause Young (Allocation Failure)
[243.187s][info][gc,heap        ] GC(763) PSYoungGen: 178944K(237568K)->31040K(242176K) Eden: 155136K(155136K)->0K(165376K) From: 23808K(82432K)->31040K(76800K)
[243.187s][info][gc,heap        ] GC(763) ParOldGen: 459488K(667648K)->459488K(667648K)
[243.187s][info][gc,metaspace   ] GC(763) Metaspace: 18588K(18752K)->18588K(18752K) NonClass: 15925K(16000K)->15925K(16000K) Class: 2663K(2752K)->2663K(2752K)
[243.187s][info][gc             ] GC(763) Pause Young (Allocation Failure) 623M->479M(888M) 31.404ms
[243.187s][info][gc,cpu         ] GC(763) User=0.06s Sys=0.00s Real=0.03s
[243.337s][info][gc,start       ] GC(764) Pause Young (Allocation Failure)
[243.369s][info][gc,heap        ] GC(764) PSYoungGen: 196416K(242176K)->32832K(242176K) Eden: 165376K(165376K)->0K(165376K) From: 31040K(76800K)->32832K(76800K)
[243.370s][info][gc,heap        ] GC(764) ParOldGen: 459488K(667648K)->459488K(667648K)
[243.370s][info][gc,metaspace   ] GC(764) Metaspace: 18588K(18752K)->18588K(18752K) NonClass: 15925K(16000K)->15925K(16000K) Class: 2663K(2752K)->2663K(2752K)
[243.370s][info][gc             ] GC(764) Pause Young (Allocation Failure) 640M->480M(888M) 32.180ms
[243.370s][info][gc,cpu         ] GC(764) User=0.07s Sys=0.00s Real=0.03s
[243.540s][info][gc,start       ] GC(765) Pause Young (Allocation Failure)
[243.579s][info][gc,heap        ] GC(765) PSYoungGen: 198208K(242176K)->40416K(251392K) Eden: 165376K(165376K)->0K(175104K) From: 32832K(76800K)->40416K(76288K)
[243.579s][info][gc,heap        ] GC(765) ParOldGen: 459488K(667648K)->459488K(667648K)
[243.579s][info][gc,metaspace   ] GC(765) Metaspace: 18591K(18752K)->18591K(18752K) NonClass: 15928K(16000K)->15928K(16000K) Class: 2663K(2752K)->2663K(2752K)
[243.579s][info][gc             ] GC(765) Pause Young (Allocation Failure) 642M->488M(897M) 38.784ms
[243.579s][info][gc,cpu         ] GC(765) User=0.08s Sys=0.00s Real=0.03s
[243.897s][info][gc,start       ] GC(766) Pause Young (Allocation Failure)
[243.936s][info][gc,heap        ] GC(766) PSYoungGen: 215520K(251392K)->40960K(253440K) Eden: 175104K(175104K)->0K(175104K) From: 40416K(76288K)->40960K(78336K)
[243.936s][info][gc,heap        ] GC(766) ParOldGen: 459488K(667648K)->459488K(667648K)
[243.936s][info][gc,metaspace   ] GC(766) Metaspace: 18591K(18752K)->18591K(18752K) NonClass: 15928K(16000K)->15928K(16000K) Class: 2663K(2752K)->2663K(2752K)
[243.936s][info][gc             ] GC(766) Pause Young (Allocation Failure) 659M->488M(899M) 39.128ms
[243.936s][info][gc,cpu         ] GC(766) User=0.08s Sys=0.00s Real=0.04s
[244.238s][info][gc,start       ] GC(767) Pause Young (Allocation Failure)
[244.278s][info][gc,heap        ] GC(767) PSYoungGen: 216064K(253440K)->41088K(253440K) Eden: 175104K(175104K)->0K(174080K) From: 40960K(78336K)->41088K(79360K)
[244.278s][info][gc,heap        ] GC(767) ParOldGen: 459488K(667648K)->459488K(667648K)
[244.278s][info][gc,metaspace   ] GC(767) Metaspace: 18591K(18752K)->18591K(18752K) NonClass: 15928K(16000K)->15928K(16000K) Class: 2663K(2752K)->2663K(2752K)
[244.278s][info][gc             ] GC(767) Pause Young (Allocation Failure) 659M->488M(899M) 39.711ms
[244.278s][info][gc,cpu         ] GC(767) User=0.08s Sys=0.00s Real=0.04s
[244.598s][info][gc,start       ] GC(768) Pause Young (Allocation Failure)
[244.637s][info][gc,heap        ] GC(768) PSYoungGen: 215168K(253440K)->41088K(215552K) Eden: 174080K(174080K)->0K(174080K) From: 41088K(79360K)->41088K(41472K)
[244.637s][info][gc,heap        ] GC(768) ParOldGen: 459488K(667648K)->459488K(667648K)
[244.637s][info][gc,metaspace   ] GC(768) Metaspace: 18591K(18752K)->18591K(18752K) NonClass: 15928K(16000K)->15928K(16000K) Class: 2663K(2752K)->2663K(2752K)
[244.637s][info][gc             ] GC(768) Pause Young (Allocation Failure) 658M->488M(862M) 39.607ms
[244.637s][info][gc,cpu         ] GC(768) User=0.07s Sys=0.00s Real=0.04s
[244.840s][info][gc,start       ] GC(769) Pause Young (Allocation Failure)
[244.891s][info][gc,heap        ] GC(769) PSYoungGen: 215168K(215552K)->54144K(244224K) Eden: 174080K(174080K)->0K(163840K) From: 41088K(41472K)->54144K(80384K)
[244.891s][info][gc,heap        ] GC(769) ParOldGen: 459488K(667648K)->459488K(667648K)
[244.891s][info][gc,metaspace   ] GC(769) Metaspace: 18591K(18752K)->18591K(18752K) NonClass: 15928K(16000K)->15928K(16000K) Class: 2663K(2752K)->2663K(2752K)
[244.891s][info][gc             ] GC(769) Pause Young (Allocation Failure) 658M->501M(890M) 51.246ms
[244.891s][info][gc,cpu         ] GC(769) User=0.10s Sys=0.00s Real=0.05s
[245.043s][info][gc,start       ] GC(770) Pause Young (Allocation Failure)
[245.119s][info][gc,heap        ] GC(770) PSYoungGen: 217984K(244224K)->84976K(248832K) Eden: 163840K(163840K)->0K(163840K) From: 54144K(80384K)->84976K(84992K)
[245.119s][info][gc,heap        ] GC(770) ParOldGen: 459488K(667648K)->462672K(667648K)
[245.120s][info][gc,metaspace   ] GC(770) Metaspace: 18591K(18752K)->18591K(18752K) NonClass: 15928K(16000K)->15928K(16000K) Class: 2663K(2752K)->2663K(2752K)
[245.120s][info][gc             ] GC(770) Pause Young (Allocation Failure) 661M->534M(895M) 76.901ms
[245.120s][info][gc,cpu         ] GC(770) User=0.15s Sys=0.00s Real=0.07s
[245.352s][info][gc,start       ] GC(771) Pause Young (Allocation Failure)
[245.458s][info][gc,heap        ] GC(771) PSYoungGen: 248816K(248832K)->84960K(196608K) Eden: 163840K(163840K)->0K(111616K) From: 84976K(84992K)->84960K(84992K)
[245.458s][info][gc,heap        ] GC(771) ParOldGen: 462672K(667648K)->484656K(667648K)
[245.458s][info][gc,metaspace   ] GC(771) Metaspace: 18602K(18752K)->18602K(18752K) NonClass: 15939K(16000K)->15939K(16000K) Class: 2663K(2752K)->2663K(2752K)
[245.458s][info][gc             ] GC(771) Pause Young (Allocation Failure) 694M->556M(844M) 105.599ms
[245.458s][info][gc,cpu         ] GC(771) User=0.20s Sys=0.01s Real=0.10s
[245.607s][info][gc,start       ] GC(772) Pause Young (Allocation Failure)
[245.704s][info][gc,heap        ] GC(772) PSYoungGen: 196576K(196608K)->96048K(222720K) Eden: 111616K(111616K)->0K(111616K) From: 84960K(84992K)->96048K(111104K)
[245.704s][info][gc,heap        ] GC(772) ParOldGen: 484656K(667648K)->484656K(667648K)
[245.704s][info][gc,metaspace   ] GC(772) Metaspace: 18602K(18752K)->18602K(18752K) NonClass: 15939K(16000K)->15939K(16000K) Class: 2663K(2752K)->2663K(2752K)
[245.704s][info][gc             ] GC(772) Pause Young (Allocation Failure) 665M->567M(869M) 96.286ms
[245.704s][info][gc,cpu         ] GC(772) User=0.19s Sys=0.00s Real=0.10s
[245.860s][info][gc,start       ] GC(773) Pause Young (Allocation Failure)
[245.957s][info][gc,heap        ] GC(773) PSYoungGen: 207664K(222720K)->72240K(222720K) Eden: 111616K(111616K)->0K(111616K) From: 96048K(111104K)->72240K(111104K)
[245.957s][info][gc,heap        ] GC(773) ParOldGen: 484656K(667648K)->508504K(667648K)
[245.957s][info][gc,metaspace   ] GC(773) Metaspace: 18602K(18752K)->18602K(18752K) NonClass: 15939K(16000K)->15939K(16000K) Class: 2663K(2752K)->2663K(2752K)
[245.957s][info][gc             ] GC(773) Pause Young (Allocation Failure) 676M->567M(869M) 97.224ms
[245.957s][info][gc,cpu         ] GC(773) User=0.19s Sys=0.00s Real=0.10s
[246.107s][info][gc,start       ] GC(774) Pause Young (Allocation Failure)
[246.185s][info][gc,heap        ] GC(774) PSYoungGen: 183856K(222720K)->63216K(222720K) Eden: 111616K(111616K)->0K(111616K) From: 72240K(111104K)->63216K(111104K)
[246.185s][info][gc,heap        ] GC(774) ParOldGen: 508504K(667648K)->517536K(667648K)
[246.185s][info][gc,metaspace   ] GC(774) Metaspace: 18602K(18752K)->18602K(18752K) NonClass: 15939K(16000K)->15939K(16000K) Class: 2663K(2752K)->2663K(2752K)
[246.185s][info][gc             ] GC(774) Pause Young (Allocation Failure) 676M->567M(869M) 77.555ms
[246.185s][info][gc,cpu         ] GC(774) User=0.15s Sys=0.00s Real=0.08s
[246.336s][info][gc,start       ] GC(775) Pause Young (Allocation Failure)
[246.404s][info][gc,heap        ] GC(775) PSYoungGen: 174832K(222720K)->55120K(222720K) Eden: 111616K(111616K)->0K(111616K) From: 63216K(111104K)->55120K(111104K)
[246.404s][info][gc,heap        ] GC(775) ParOldGen: 517536K(667648K)->525672K(667648K)
[246.404s][info][gc,metaspace   ] GC(775) Metaspace: 18602K(18752K)->18602K(18752K) NonClass: 15939K(16000K)->15939K(16000K) Class: 2663K(2752K)->2663K(2752K)
[246.404s][info][gc             ] GC(775) Pause Young (Allocation Failure) 676M->567M(869M) 68.055ms
[246.404s][info][gc,cpu         ] GC(775) User=0.14s Sys=0.00s Real=0.07s
[246.555s][info][gc,start       ] GC(776) Pause Young (Allocation Failure)
[246.616s][info][gc,heap        ] GC(776) PSYoungGen: 166736K(222720K)->54960K(222720K) Eden: 111616K(111616K)->0K(111616K) From: 55120K(111104K)->54960K(111104K)
[246.616s][info][gc,heap        ] GC(776) ParOldGen: 525672K(667648K)->525838K(667648K)
[246.616s][info][gc,metaspace   ] GC(776) Metaspace: 18602K(18752K)->18602K(18752K) NonClass: 15939K(16000K)->15939K(16000K) Class: 2663K(2752K)->2663K(2752K)
[246.616s][info][gc             ] GC(776) Pause Young (Allocation Failure) 676M->567M(869M) 60.703ms
[246.616s][info][gc,cpu         ] GC(776) User=0.12s Sys=0.00s Real=0.06s
[246.768s][info][gc,start       ] GC(777) Pause Young (Allocation Failure)
[246.828s][info][gc,heap        ] GC(777) PSYoungGen: 166576K(222720K)->25440K(222720K) Eden: 111616K(111616K)->0K(111616K) From: 54960K(111104K)->25440K(111104K)
[246.828s][info][gc,heap        ] GC(777) ParOldGen: 525838K(667648K)->555569K(667648K)
[246.828s][info][gc,metaspace   ] GC(777) Metaspace: 18602K(18752K)->18602K(18752K) NonClass: 15939K(16000K)->15939K(16000K) Class: 2663K(2752K)->2663K(2752K)
[246.828s][info][gc             ] GC(777) Pause Young (Allocation Failure) 676M->567M(869M) 59.999ms
[246.828s][info][gc,cpu         ] GC(777) User=0.12s Sys=0.00s Real=0.06s
[246.978s][info][gc,start       ] GC(778) Pause Young (Allocation Failure)
[247.007s][info][gc,heap        ] GC(778) PSYoungGen: 137056K(222720K)->32K(222720K) Eden: 111616K(111616K)->0K(111616K) From: 25440K(111104K)->32K(111104K)
[247.007s][info][gc,heap        ] GC(778) ParOldGen: 555569K(667648K)->581085K(667648K)
[247.008s][info][gc,metaspace   ] GC(778) Metaspace: 18602K(18752K)->18602K(18752K) NonClass: 15939K(16000K)->15939K(16000K) Class: 2663K(2752K)->2663K(2752K)
[247.008s][info][gc             ] GC(778) Pause Young (Allocation Failure) 676M->567M(869M) 29.489ms
[247.008s][info][gc,cpu         ] GC(778) User=0.05s Sys=0.00s Real=0.03s
[247.155s][info][gc,start       ] GC(779) Pause Young (Allocation Failure)
[247.157s][info][gc,heap        ] GC(779) PSYoungGen: 111648K(222720K)->64K(222720K) Eden: 111616K(111616K)->0K(111616K) From: 32K(111104K)->64K(111104K)
[247.157s][info][gc,heap        ] GC(779) ParOldGen: 581085K(667648K)->581085K(667648K)
[247.157s][info][gc,metaspace   ] GC(779) Metaspace: 18602K(18752K)->18602K(18752K) NonClass: 15939K(16000K)->15939K(16000K) Class: 2663K(2752K)->2663K(2752K)
[247.157s][info][gc             ] GC(779) Pause Young (Allocation Failure) 676M->567M(869M) 1.837ms
[247.157s][info][gc,cpu         ] GC(779) User=0.00s Sys=0.00s Real=0.00s
[247.281s][info][gc,start       ] GC(780) Pause Young (Allocation Failure)
[247.293s][info][gc,heap        ] GC(780) PSYoungGen: 111680K(222720K)->9888K(222720K) Eden: 111616K(111616K)->0K(111616K) From: 64K(111104K)->9888K(111104K)
[247.293s][info][gc,heap        ] GC(780) ParOldGen: 581085K(667648K)->581085K(667648K)
[247.293s][info][gc,metaspace   ] GC(780) Metaspace: 18602K(18752K)->18602K(18752K) NonClass: 15939K(16000K)->15939K(16000K) Class: 2663K(2752K)->2663K(2752K)
[247.293s][info][gc             ] GC(780) Pause Young (Allocation Failure) 676M->577M(869M) 12.813ms
[247.293s][info][gc,cpu         ] GC(780) User=0.02s Sys=0.00s Real=0.01s
[247.410s][info][gc,start       ] GC(781) Pause Young (Allocation Failure)
[247.432s][info][gc,heap        ] GC(781) PSYoungGen: 121504K(222720K)->21792K(219648K) Eden: 111616K(111616K)->0K(111616K) From: 9888K(111104K)->21792K(108032K)
[247.432s][info][gc,heap        ] GC(781) ParOldGen: 581085K(667648K)->581085K(667648K)
[247.432s][info][gc,metaspace   ] GC(781) Metaspace: 18604K(18752K)->18604K(18752K) NonClass: 15941K(16000K)->15941K(16000K) Class: 2663K(2752K)->2663K(2752K)
[247.432s][info][gc             ] GC(781) Pause Young (Allocation Failure) 686M->588M(866M) 22.704ms
[247.432s][info][gc,cpu         ] GC(781) User=0.05s Sys=0.00s Real=0.03s
[247.513s][info][gc,start       ] GC(782) Pause Young (Allocation Failure)
[247.540s][info][gc,heap        ] GC(782) PSYoungGen: 133408K(219648K)->26368K(138240K) Eden: 111616K(111616K)->0K(111616K) From: 21792K(108032K)->26368K(26624K)
[247.540s][info][gc,heap        ] GC(782) ParOldGen: 581085K(667648K)->581085K(667648K)
[247.540s][info][gc,metaspace   ] GC(782) Metaspace: 18604K(18752K)->18604K(18752K) NonClass: 15941K(16000K)->15941K(16000K) Class: 2663K(2752K)->2663K(2752K)
[247.540s][info][gc             ] GC(782) Pause Young (Allocation Failure) 697M->593M(787M) 27.085ms
[247.540s][info][gc,cpu         ] GC(782) User=0.05s Sys=0.00s Real=0.03s
[247.641s][info][gc,start       ] GC(783) Pause Young (Allocation Failure)
[247.668s][info][gc,heap        ] GC(783) PSYoungGen: 137984K(138240K)->27200K(220160K) Eden: 111616K(111616K)->0K(121856K) From: 26368K(26624K)->27200K(98304K)
[247.668s][info][gc,heap        ] GC(783) ParOldGen: 581085K(667648K)->581085K(667648K)
[247.668s][info][gc,metaspace   ] GC(783) Metaspace: 18604K(18752K)->18604K(18752K) NonClass: 15941K(16000K)->15941K(16000K) Class: 2663K(2752K)->2663K(2752K)
[247.668s][info][gc             ] GC(783) Pause Young (Allocation Failure) 702M->594M(867M) 27.459ms
[247.668s][info][gc,cpu         ] GC(783) User=0.05s Sys=0.00s Real=0.02s
[247.779s][info][gc,start       ] GC(784) Pause Young (Allocation Failure)
[247.808s][info][gc,heap        ] GC(784) PSYoungGen: 149056K(220160K)->29600K(220160K) Eden: 121856K(121856K)->0K(121856K) From: 27200K(98304K)->29600K(98304K)
[247.808s][info][gc,heap        ] GC(784) ParOldGen: 581085K(667648K)->581085K(667648K)
[247.808s][info][gc,metaspace   ] GC(784) Metaspace: 18606K(18752K)->18606K(18752K) NonClass: 15943K(16000K)->15943K(16000K) Class: 2663K(2752K)->2663K(2752K)
[247.808s][info][gc             ] GC(784) Pause Young (Allocation Failure) 713M->596M(867M) 29.703ms
[247.808s][info][gc,cpu         ] GC(784) User=0.06s Sys=0.00s Real=0.03s
[247.899s][info][gc,start       ] GC(785) Pause Young (Allocation Failure)
[247.955s][info][gc,heap        ] GC(785) PSYoungGen: 151456K(220160K)->54784K(223744K) Eden: 121856K(121856K)->0K(131072K) From: 29600K(98304K)->54784K(92672K)
[247.955s][info][gc,heap        ] GC(785) ParOldGen: 581085K(667648K)->581085K(667648K)
[247.955s][info][gc,metaspace   ] GC(785) Metaspace: 18609K(18752K)->18609K(18752K) NonClass: 15946K(16000K)->15946K(16000K) Class: 2663K(2752K)->2663K(2752K)
[247.955s][info][gc             ] GC(785) Pause Young (Allocation Failure) 715M->620M(870M) 55.979ms
[247.955s][info][gc,cpu         ] GC(785) User=0.11s Sys=0.00s Real=0.06s
[248.057s][info][gc,start       ] GC(786) Pause Young (Allocation Failure)
[248.131s][info][gc,heap        ] GC(786) PSYoungGen: 185856K(223744K)->75520K(225792K) Eden: 131072K(131072K)->0K(131072K) From: 54784K(92672K)->75520K(94720K)
[248.131s][info][gc,heap        ] GC(786) ParOldGen: 581085K(667648K)->581085K(667648K)
[248.131s][info][gc,metaspace   ] GC(786) Metaspace: 18609K(18752K)->18609K(18752K) NonClass: 15946K(16000K)->15946K(16000K) Class: 2663K(2752K)->2663K(2752K)
[248.131s][info][gc             ] GC(786) Pause Young (Allocation Failure) 748M->641M(872M) 73.702ms
[248.131s][info][gc,cpu         ] GC(786) User=0.14s Sys=0.00s Real=0.08s
[248.301s][info][gc,start       ] GC(787) Pause Young (Allocation Failure)
[248.402s][info][gc,heap        ] GC(787) PSYoungGen: 206592K(225792K)->78272K(215040K) Eden: 131072K(131072K)->0K(111616K) From: 75520K(94720K)->78272K(103424K)
[248.402s][info][gc,heap        ] GC(787) ParOldGen: 581085K(667648K)->602893K(667648K)
[248.402s][info][gc,metaspace   ] GC(787) Metaspace: 18613K(18816K)->18613K(18816K) NonClass: 15950K(16064K)->15950K(16064K) Class: 2663K(2752K)->2663K(2752K)
[248.402s][info][gc             ] GC(787) Pause Young (Allocation Failure) 769M->665M(862M) 101.003ms
[248.402s][info][gc,cpu         ] GC(787) User=0.20s Sys=0.00s Real=0.10s
[248.533s][info][gc,start       ] GC(788) Pause Young (Allocation Failure)
[248.622s][info][gc,heap        ] GC(788) PSYoungGen: 189888K(215040K)->85376K(222720K) Eden: 111616K(111616K)->0K(111616K) From: 78272K(103424K)->85376K(111104K)
[248.622s][info][gc,heap        ] GC(788) ParOldGen: 602893K(667648K)->608325K(667648K)
[248.622s][info][gc,metaspace   ] GC(788) Metaspace: 18616K(18816K)->18616K(18816K) NonClass: 15953K(16064K)->15953K(16064K) Class: 2663K(2752K)->2663K(2752K)
[248.622s][info][gc             ] GC(788) Pause Young (Allocation Failure) 774M->677M(869M) 89.784ms
[248.623s][info][gc,cpu         ] GC(788) User=0.18s Sys=0.00s Real=0.09s
[248.703s][info][gc,start       ] GC(789) Pause Young (Allocation Failure)
[248.790s][info][gc,heap        ] GC(789) PSYoungGen: 196992K(222720K)->61856K(222720K) Eden: 111616K(111616K)->0K(111616K) From: 85376K(111104K)->61856K(111104K)
[248.790s][info][gc,heap        ] GC(789) ParOldGen: 608325K(667648K)->635949K(667648K)
[248.790s][info][gc,metaspace   ] GC(789) Metaspace: 18616K(18816K)->18616K(18816K) NonClass: 15953K(16064K)->15953K(16064K) Class: 2663K(2752K)->2663K(2752K)
[248.790s][info][gc             ] GC(789) Pause Young (Allocation Failure) 786M->681M(869M) 87.059ms
[248.790s][info][gc,cpu         ] GC(789) User=0.17s Sys=0.00s Real=0.09s
[248.917s][info][gc,start       ] GC(790) Pause Full (Allocation Failure)
[248.918s][info][gc,phases,start] GC(790) Marking Phase
[249.320s][info][gc,phases      ] GC(790) Marking Phase 402.148ms
[249.320s][info][gc,phases,start] GC(790) Summary Phase
[249.320s][info][gc,phases      ] GC(790) Summary Phase 0.025ms
[249.320s][info][gc,phases,start] GC(790) Forward
[249.385s][info][gc,phases      ] GC(790) Forward 64.759ms
[249.385s][info][gc,phases,start] GC(790) Adjust Pointers
[249.676s][info][gc,phases      ] GC(790) Adjust Pointers 291.636ms
[249.676s][info][gc,phases,start] GC(790) Compaction Phase
[249.823s][info][gc,phases      ] GC(790) Compaction Phase 147.090ms
[249.826s][info][gc,phases,start] GC(790) Post Compact
[249.829s][info][gc,phases      ] GC(790) Post Compact 2.367ms
[249.829s][info][gc,heap        ] GC(790) PSYoungGen: 173472K(222720K)->0K(222720K) Eden: 111616K(111616K)->0K(111616K) From: 61856K(111104K)->0K(111104K)
[249.829s][info][gc,heap        ] GC(790) ParOldGen: 635949K(667648K)->570181K(667648K)
[249.829s][info][gc,metaspace   ] GC(790) Metaspace: 18624K(18816K)->18624K(18816K) NonClass: 15961K(16064K)->15961K(16064K) Class: 2663K(2752K)->2663K(2752K)
[249.829s][info][gc             ] GC(790) Pause Full (Allocation Failure) 790M->556M(869M) 911.311ms
[249.829s][info][gc,cpu         ] GC(790) User=1.77s Sys=0.00s Real=0.91s
[249.953s][info][gc,start       ] GC(791) Pause Young (Allocation Failure)
[249.962s][info][gc,heap        ] GC(791) PSYoungGen: 111616K(222720K)->1344K(222720K) Eden: 111616K(111616K)->0K(111616K) From: 0K(111104K)->1344K(111104K)
[249.962s][info][gc,heap        ] GC(791) ParOldGen: 570181K(667648K)->570181K(667648K)
[249.962s][info][gc,metaspace   ] GC(791) Metaspace: 18633K(18816K)->18633K(18816K) NonClass: 15970K(16064K)->15970K(16064K) Class: 2663K(2752K)->2663K(2752K)
[249.962s][info][gc             ] GC(791) Pause Young (Allocation Failure) 665M->558M(869M) 8.478ms
[249.962s][info][gc,cpu         ] GC(791) User=0.01s Sys=0.00s Real=0.01s
[250.089s][info][gc,start       ] GC(792) Pause Young (Allocation Failure)
[250.101s][info][gc,heap        ] GC(792) PSYoungGen: 112960K(222720K)->4480K(222720K) Eden: 111616K(111616K)->0K(111616K) From: 1344K(111104K)->4480K(111104K)
[250.101s][info][gc,heap        ] GC(792) ParOldGen: 570181K(667648K)->570181K(667648K)
[250.101s][info][gc,metaspace   ] GC(792) Metaspace: 18639K(18816K)->18639K(18816K) NonClass: 15975K(16064K)->15975K(16064K) Class: 2663K(2752K)->2663K(2752K)
[250.101s][info][gc             ] GC(792) Pause Young (Allocation Failure) 667M->561M(869M) 12.435ms
[250.101s][info][gc,cpu         ] GC(792) User=0.02s Sys=0.00s Real=0.02s
[250.212s][info][gc,start       ] GC(793) Pause Young (Allocation Failure)
[250.220s][info][gc,heap        ] GC(793) PSYoungGen: 116096K(222720K)->160K(222720K) Eden: 111616K(111616K)->0K(111616K) From: 4480K(111104K)->160K(111104K)
[250.220s][info][gc,heap        ] GC(793) ParOldGen: 570181K(667648K)->574645K(667648K)
[250.220s][info][gc,metaspace   ] GC(793) Metaspace: 18639K(18816K)->18639K(18816K) NonClass: 15976K(16064K)->15976K(16064K) Class: 2663K(2752K)->2663K(2752K)
[250.220s][info][gc             ] GC(793) Pause Young (Allocation Failure) 670M->561M(869M) 7.678ms
[250.220s][info][gc,cpu         ] GC(793) User=0.01s Sys=0.00s Real=0.00s
[250.343s][info][gc,start       ] GC(794) Pause Young (Allocation Failure)
[250.356s][info][gc,heap        ] GC(794) PSYoungGen: 111776K(222720K)->11072K(222720K) Eden: 111616K(111616K)->0K(111616K) From: 160K(111104K)->11072K(111104K)
[250.356s][info][gc,heap        ] GC(794) ParOldGen: 574645K(667648K)->574773K(667648K)
[250.356s][info][gc,metaspace   ] GC(794) Metaspace: 18640K(18816K)->18640K(18816K) NonClass: 15977K(16064K)->15977K(16064K) Class: 2663K(2752K)->2663K(2752K)
[250.356s][info][gc             ] GC(794) Pause Young (Allocation Failure) 670M->572M(869M) 12.769ms
[250.356s][info][gc,cpu         ] GC(794) User=0.02s Sys=0.00s Real=0.01s
[250.468s][info][gc,start       ] GC(795) Pause Young (Allocation Failure)
[250.508s][info][gc,heap        ] GC(795) PSYoungGen: 122688K(222720K)->32736K(212480K) Eden: 111616K(111616K)->0K(111616K) From: 11072K(111104K)->32736K(100864K)
[250.508s][info][gc,heap        ] GC(795) ParOldGen: 574773K(667648K)->585853K(667648K)
[250.508s][info][gc,metaspace   ] GC(795) Metaspace: 18642K(18816K)->18642K(18816K) NonClass: 15979K(16064K)->15979K(16064K) Class: 2663K(2752K)->2663K(2752K)
[250.508s][info][gc             ] GC(795) Pause Young (Allocation Failure) 681M->604M(859M) 39.752ms
[250.508s][info][gc,cpu         ] GC(795) User=0.08s Sys=0.00s Real=0.04s
[250.572s][info][gc,start       ] GC(796) Pause Young (Allocation Failure)
[250.623s][info][gc,heap        ] GC(796) PSYoungGen: 144352K(212480K)->65696K(217600K) Eden: 111616K(111616K)->0K(111616K) From: 32736K(100864K)->65696K(105984K)
[250.623s][info][gc,heap        ] GC(796) ParOldGen: 585853K(667648K)->585853K(667648K)
[250.623s][info][gc,metaspace   ] GC(796) Metaspace: 18642K(18816K)->18642K(18816K) NonClass: 15979K(16064K)->15979K(16064K) Class: 2663K(2752K)->2663K(2752K)
[250.624s][info][gc             ] GC(796) Pause Young (Allocation Failure) 713M->636M(864M) 51.708ms
[250.624s][info][gc,cpu         ] GC(796) User=0.10s Sys=0.00s Real=0.05s
[250.805s][info][gc,start       ] GC(797) Pause Young (Allocation Failure)
[250.865s][info][gc,heap        ] GC(797) PSYoungGen: 177312K(217600K)->16760K(224256K) Eden: 111616K(111616K)->0K(116224K) From: 65696K(105984K)->16760K(108032K)
[250.865s][info][gc,heap        ] GC(797) ParOldGen: 585853K(667648K)->652112K(667648K)
[250.865s][info][gc,metaspace   ] GC(797) Metaspace: 18642K(18816K)->18642K(18816K) NonClass: 15979K(16064K)->15979K(16064K) Class: 2663K(2752K)->2663K(2752K)
[250.865s][info][gc             ] GC(797) Pause Young (Allocation Failure) 745M->653M(871M) 60.078ms
[250.865s][info][gc,cpu         ] GC(797) User=0.12s Sys=0.00s Real=0.06s
[251.010s][info][gc,start       ] GC(798) Pause Full (Allocation Failure)
[251.010s][info][gc,phases,start] GC(798) Marking Phase
[251.478s][info][gc,phases      ] GC(798) Marking Phase 468.335ms
[251.478s][info][gc,phases,start] GC(798) Summary Phase
[251.478s][info][gc,phases      ] GC(798) Summary Phase 0.026ms
[251.478s][info][gc,phases,start] GC(798) Forward
[251.491s][info][gc,phases      ] GC(798) Forward 12.809ms
[251.491s][info][gc,phases,start] GC(798) Adjust Pointers
[251.809s][info][gc,phases      ] GC(798) Adjust Pointers 318.250ms
[251.809s][info][gc,phases,start] GC(798) Compaction Phase
[251.953s][info][gc,phases      ] GC(798) Compaction Phase 144.045ms
[251.953s][info][gc,phases,start] GC(798) Post Compact
[251.956s][info][gc,phases      ] GC(798) Post Compact 2.237ms
[251.956s][info][gc,heap        ] GC(798) PSYoungGen: 132984K(224256K)->3916K(224256K) Eden: 116224K(116224K)->0K(116224K) From: 16760K(108032K)->3916K(108032K)
[251.956s][info][gc,heap        ] GC(798) ParOldGen: 652112K(667648K)->667282K(667648K)
[251.956s][info][gc,metaspace   ] GC(798) Metaspace: 18642K(18816K)->18642K(18816K) NonClass: 15979K(16064K)->15979K(16064K) Class: 2663K(2752K)->2663K(2752K)
[251.956s][info][gc             ] GC(798) Pause Full (Allocation Failure) 766M->655M(871M) 946.179ms
[251.956s][info][gc,cpu         ] GC(798) User=1.85s Sys=0.00s Real=0.95s
[252.037s][info][gc,start       ] GC(799) Pause Full (Allocation Failure)
[252.037s][info][gc,phases,start] GC(799) Marking Phase
[252.514s][info][gc,phases      ] GC(799) Marking Phase 476.655ms
[252.514s][info][gc,phases,start] GC(799) Summary Phase
[252.514s][info][gc,phases      ] GC(799) Summary Phase 0.024ms
[252.514s][info][gc,phases,start] GC(799) Forward
[252.518s][info][gc,phases      ] GC(799) Forward 4.457ms
[252.518s][info][gc,phases,start] GC(799) Adjust Pointers
[252.838s][info][gc,phases      ] GC(799) Adjust Pointers 319.397ms
[252.838s][info][gc,phases,start] GC(799) Compaction Phase
[252.982s][info][gc,phases      ] GC(799) Compaction Phase 144.350ms
[252.982s][info][gc,phases,start] GC(799) Post Compact
[252.984s][info][gc,phases      ] GC(799) Post Compact 2.236ms
[252.984s][info][gc,heap        ] GC(799) PSYoungGen: 120140K(224256K)->9715K(223232K) Eden: 116224K(116224K)->9715K(116224K) From: 3916K(108032K)->0K(107008K)
[252.984s][info][gc,heap        ] GC(799) ParOldGen: 667282K(667648K)->667568K(667648K)
[252.984s][info][gc,metaspace   ] GC(799) Metaspace: 18642K(18816K)->18642K(18816K) NonClass: 15979K(16064K)->15979K(16064K) Class: 2663K(2752K)->2663K(2752K)
[252.984s][info][gc             ] GC(799) Pause Full (Allocation Failure) 768M->661M(870M) 947.534ms
[252.984s][info][gc,cpu         ] GC(799) User=1.86s Sys=0.00s Real=0.95s
[253.123s][info][gc,start       ] GC(800) Pause Full (Allocation Failure)
[253.123s][info][gc,phases,start] GC(800) Marking Phase
[253.597s][info][gc,phases      ] GC(800) Marking Phase 474.708ms
[253.597s][info][gc,phases,start] GC(800) Summary Phase
[253.597s][info][gc,phases      ] GC(800) Summary Phase 0.025ms
[253.597s][info][gc,phases,start] GC(800) Forward
[253.602s][info][gc,phases      ] GC(800) Forward 4.821ms
[253.602s][info][gc,phases,start] GC(800) Adjust Pointers
[253.923s][info][gc,phases      ] GC(800) Adjust Pointers 320.516ms
[253.923s][info][gc,phases,start] GC(800) Compaction Phase
[254.068s][info][gc,phases      ] GC(800) Compaction Phase 144.924ms
[254.068s][info][gc,phases,start] GC(800) Post Compact
[254.070s][info][gc,phases      ] GC(800) Post Compact 2.234ms
[254.070s][info][gc,heap        ] GC(800) PSYoungGen: 116224K(223232K)->9945K(224256K) Eden: 116224K(116224K)->9945K(116224K) From: 0K(107008K)->0K(108032K)
[254.070s][info][gc,heap        ] GC(800) ParOldGen: 667568K(667648K)->667568K(667648K)
[254.070s][info][gc,metaspace   ] GC(800) Metaspace: 18642K(18816K)->18642K(18816K) NonClass: 15979K(16064K)->15979K(16064K) Class: 2663K(2752K)->2663K(2752K)
[254.070s][info][gc             ] GC(800) Pause Full (Allocation Failure) 765M->661M(871M) 947.631ms
[254.070s][info][gc,cpu         ] GC(800) User=1.85s Sys=0.01s Real=0.95s
[254.206s][info][gc,start       ] GC(801) Pause Full (Allocation Failure)
[254.206s][info][gc,phases,start] GC(801) Marking Phase
[254.680s][info][gc,phases      ] GC(801) Marking Phase 473.317ms
[254.680s][info][gc,phases,start] GC(801) Summary Phase
[254.680s][info][gc,phases      ] GC(801) Summary Phase 0.026ms
[254.680s][info][gc,phases,start] GC(801) Forward
[254.687s][info][gc,phases      ] GC(801) Forward 7.707ms
[254.688s][info][gc,phases,start] GC(801) Adjust Pointers
[255.009s][info][gc,phases      ] GC(801) Adjust Pointers 321.145ms
[255.009s][info][gc,phases,start] GC(801) Compaction Phase
[255.151s][info][gc,phases      ] GC(801) Compaction Phase 141.986ms
[255.151s][info][gc,phases,start] GC(801) Post Compact
[255.153s][info][gc,phases      ] GC(801) Post Compact 2.251ms
[255.153s][info][gc,heap        ] GC(801) PSYoungGen: 116224K(224256K)->10215K(223232K) Eden: 116224K(116224K)->10215K(116224K) From: 0K(108032K)->0K(107008K)
[255.153s][info][gc,heap        ] GC(801) ParOldGen: 667568K(667648K)->667566K(667648K)
[255.153s][info][gc,metaspace   ] GC(801) Metaspace: 18642K(18816K)->18642K(18816K) NonClass: 15979K(16064K)->15979K(16064K) Class: 2663K(2752K)->2663K(2752K)
[255.153s][info][gc             ] GC(801) Pause Full (Allocation Failure) 765M->661M(870M) 946.846ms
[255.153s][info][gc,cpu         ] GC(801) User=1.86s Sys=0.00s Real=0.95s
[255.305s][info][gc,start       ] GC(802) Pause Full (Allocation Failure)
[255.305s][info][gc,phases,start] GC(802) Marking Phase
[255.777s][info][gc,phases      ] GC(802) Marking Phase 472.306ms
[255.778s][info][gc,phases,start] GC(802) Summary Phase
[255.778s][info][gc,phases      ] GC(802) Summary Phase 0.024ms
[255.778s][info][gc,phases,start] GC(802) Forward
[255.783s][info][gc,phases      ] GC(802) Forward 5.356ms
[255.783s][info][gc,phases,start] GC(802) Adjust Pointers
[256.102s][info][gc,phases      ] GC(802) Adjust Pointers 319.038ms
[256.102s][info][gc,phases,start] GC(802) Compaction Phase
[256.247s][info][gc,phases      ] GC(802) Compaction Phase 144.685ms
[256.247s][info][gc,phases,start] GC(802) Post Compact
[256.249s][info][gc,phases      ] GC(802) Post Compact 2.261ms
[256.249s][info][gc,heap        ] GC(802) PSYoungGen: 116224K(223232K)->11293K(224256K) Eden: 116224K(116224K)->11293K(116224K) From: 0K(107008K)->0K(108032K)
[256.249s][info][gc,heap        ] GC(802) ParOldGen: 667566K(667648K)->667566K(667648K)
[256.249s][info][gc,metaspace   ] GC(802) Metaspace: 18642K(18816K)->18642K(18816K) NonClass: 15979K(16064K)->15979K(16064K) Class: 2663K(2752K)->2663K(2752K)
[256.249s][info][gc             ] GC(802) Pause Full (Allocation Failure) 765M->662M(871M) 944.093ms
[256.249s][info][gc,cpu         ] GC(802) User=1.85s Sys=0.00s Real=0.94s
[256.345s][info][gc,start       ] GC(803) Pause Full (Allocation Failure)
[256.346s][info][gc,phases,start] GC(803) Marking Phase
[256.822s][info][gc,phases      ] GC(803) Marking Phase 476.722ms
[256.822s][info][gc,phases,start] GC(803) Summary Phase
[256.822s][info][gc,phases      ] GC(803) Summary Phase 0.026ms
[256.822s][info][gc,phases,start] GC(803) Forward
[256.828s][info][gc,phases      ] GC(803) Forward 5.977ms
[256.828s][info][gc,phases,start] GC(803) Adjust Pointers
[257.147s][info][gc,phases      ] GC(803) Adjust Pointers 318.349ms
[257.147s][info][gc,phases,start] GC(803) Compaction Phase
[257.290s][info][gc,phases      ] GC(803) Compaction Phase 143.715ms
[257.291s][info][gc,phases,start] GC(803) Post Compact
[257.293s][info][gc,phases      ] GC(803) Post Compact 2.218ms
[257.293s][info][gc,heap        ] GC(803) PSYoungGen: 116224K(224256K)->12085K(223232K) Eden: 116224K(116224K)->12085K(116224K) From: 0K(108032K)->0K(107008K)
[257.293s][info][gc,heap        ] GC(803) ParOldGen: 667566K(667648K)->667566K(667648K)
[257.293s][info][gc,metaspace   ] GC(803) Metaspace: 18642K(18816K)->18642K(18816K) NonClass: 15979K(16064K)->15979K(16064K) Class: 2663K(2752K)->2663K(2752K)
[257.293s][info][gc             ] GC(803) Pause Full (Allocation Failure) 765M->663M(870M) 947.397ms
[257.293s][info][gc,cpu         ] GC(803) User=1.86s Sys=0.00s Real=0.95s
[257.484s][info][gc,start       ] GC(804) Pause Full (Allocation Failure)
[257.485s][info][gc,phases,start] GC(804) Marking Phase
[257.969s][info][gc,phases      ] GC(804) Marking Phase 484.365ms
[257.969s][info][gc,phases,start] GC(804) Summary Phase
[257.969s][info][gc,phases      ] GC(804) Summary Phase 0.027ms
[257.969s][info][gc,phases,start] GC(804) Forward
[258.128s][info][gc,phases      ] GC(804) Forward 158.602ms
[258.128s][info][gc,phases,start] GC(804) Adjust Pointers
[258.505s][info][gc,phases      ] GC(804) Adjust Pointers 377.256ms
[258.505s][info][gc,phases,start] GC(804) Compaction Phase
[258.759s][info][gc,phases      ] GC(804) Compaction Phase 253.924ms
[258.775s][info][gc,phases,start] GC(804) Post Compact
[258.777s][info][gc,phases      ] GC(804) Post Compact 2.269ms
[258.777s][info][gc,heap        ] GC(804) PSYoungGen: 116224K(223232K)->0K(224256K) Eden: 116224K(116224K)->0K(116224K) From: 0K(107008K)->0K(108032K)
[258.777s][info][gc,heap        ] GC(804) ParOldGen: 667566K(667648K)->653469K(667648K)
[258.777s][info][gc,metaspace   ] GC(804) Metaspace: 18642K(18816K)->18642K(18816K) NonClass: 15979K(16064K)->15979K(16064K) Class: 2663K(2752K)->2663K(2752K)
[258.777s][info][gc             ] GC(804) Pause Full (Allocation Failure) 765M->638M(871M) 1292.823ms
[258.777s][info][gc,cpu         ] GC(804) User=2.51s Sys=0.00s Real=1.29s
[258.984s][info][gc,start       ] GC(805) Pause Full (Allocation Failure)
[258.984s][info][gc,phases,start] GC(805) Marking Phase
[259.478s][info][gc,phases      ] GC(805) Marking Phase 494.282ms
[259.479s][info][gc,phases,start] GC(805) Summary Phase
[259.479s][info][gc,phases      ] GC(805) Summary Phase 0.023ms
[259.479s][info][gc,phases,start] GC(805) Forward
[259.483s][info][gc,phases      ] GC(805) Forward 4.717ms
[259.483s][info][gc,phases,start] GC(805) Adjust Pointers
[259.819s][info][gc,phases      ] GC(805) Adjust Pointers 335.750ms
[259.819s][info][gc,phases,start] GC(805) Compaction Phase
[259.965s][info][gc,phases      ] GC(805) Compaction Phase 145.760ms
[259.965s][info][gc,phases,start] GC(805) Post Compact
[259.967s][info][gc,phases      ] GC(805) Post Compact 2.211ms
[259.967s][info][gc,heap        ] GC(805) PSYoungGen: 116224K(224256K)->0K(223232K) Eden: 116224K(116224K)->0K(116224K) From: 0K(108032K)->0K(107008K)
[259.967s][info][gc,heap        ] GC(805) ParOldGen: 653469K(667648K)->666800K(667648K)
[259.967s][info][gc,metaspace   ] GC(805) Metaspace: 18642K(18816K)->18642K(18816K) NonClass: 15979K(16064K)->15979K(16064K) Class: 2663K(2752K)->2663K(2752K)
[259.967s][info][gc             ] GC(805) Pause Full (Allocation Failure) 751M->651M(870M) 983.137ms
[259.967s][info][gc,cpu         ] GC(805) User=1.93s Sys=0.00s Real=0.98s
[260.108s][info][gc,start       ] GC(806) Pause Full (Allocation Failure)
[260.108s][info][gc,phases,start] GC(806) Marking Phase
[260.625s][info][gc,phases      ] GC(806) Marking Phase 516.693ms
[260.625s][info][gc,phases,start] GC(806) Summary Phase
[260.625s][info][gc,phases      ] GC(806) Summary Phase 0.023ms
[260.625s][info][gc,phases,start] GC(806) Forward
[260.645s][info][gc,phases      ] GC(806) Forward 20.118ms
[260.645s][info][gc,phases,start] GC(806) Adjust Pointers
[260.993s][info][gc,phases      ] GC(806) Adjust Pointers 348.152ms
[260.993s][info][gc,phases,start] GC(806) Compaction Phase
[261.148s][info][gc,phases      ] GC(806) Compaction Phase 154.429ms
[261.149s][info][gc,phases,start] GC(806) Post Compact
[261.151s][info][gc,phases      ] GC(806) Post Compact 2.270ms
[261.151s][info][gc,heap        ] GC(806) PSYoungGen: 116224K(223232K)->18421K(223232K) Eden: 116224K(116224K)->18421K(116224K) From: 0K(107008K)->0K(107008K)
[261.151s][info][gc,heap        ] GC(806) ParOldGen: 666800K(667648K)->667496K(667648K)
[261.151s][info][gc,metaspace   ] GC(806) Metaspace: 18646K(18816K)->18646K(18816K) NonClass: 15983K(16064K)->15983K(16064K) Class: 2663K(2752K)->2663K(2752K)
[261.151s][info][gc             ] GC(806) Pause Full (Allocation Failure) 764M->669M(870M) 1043.260ms
[261.151s][info][gc,cpu         ] GC(806) User=2.05s Sys=0.00s Real=1.05s
[261.273s][info][gc,start       ] GC(807) Pause Full (Allocation Failure)
[261.273s][info][gc,phases,start] GC(807) Marking Phase
[261.793s][info][gc,phases      ] GC(807) Marking Phase 519.958ms
[261.793s][info][gc,phases,start] GC(807) Summary Phase
[261.793s][info][gc,phases      ] GC(807) Summary Phase 0.023ms
[261.793s][info][gc,phases,start] GC(807) Forward
[261.838s][info][gc,phases      ] GC(807) Forward 44.508ms
[261.838s][info][gc,phases,start] GC(807) Adjust Pointers
[262.205s][info][gc,phases      ] GC(807) Adjust Pointers 366.899ms
[262.205s][info][gc,phases,start] GC(807) Compaction Phase
[262.365s][info][gc,phases      ] GC(807) Compaction Phase 159.891ms
[262.367s][info][gc,phases,start] GC(807) Post Compact
[262.370s][info][gc,phases      ] GC(807) Post Compact 2.275ms
[262.370s][info][gc,heap        ] GC(807) PSYoungGen: 116224K(223232K)->29518K(223232K) Eden: 116224K(116224K)->29518K(116224K) From: 0K(107008K)->0K(107008K)
[262.370s][info][gc,heap        ] GC(807) ParOldGen: 667496K(667648K)->667496K(667648K)
[262.370s][info][gc,metaspace   ] GC(807) Metaspace: 18646K(18816K)->18646K(18816K) NonClass: 15983K(16064K)->15983K(16064K) Class: 2663K(2752K)->2663K(2752K)
[262.370s][info][gc             ] GC(807) Pause Full (Allocation Failure) 765M->680M(870M) 1096.662ms
[262.370s][info][gc,cpu         ] GC(807) User=2.14s Sys=0.00s Real=1.09s
[262.463s][info][gc,start       ] GC(808) Pause Full (Allocation Failure)
[262.463s][info][gc,phases,start] GC(808) Marking Phase
[262.984s][info][gc,phases      ] GC(808) Marking Phase 520.685ms
[262.984s][info][gc,phases,start] GC(808) Summary Phase
[262.984s][info][gc,phases      ] GC(808) Summary Phase 0.025ms
[262.984s][info][gc,phases,start] GC(808) Forward
[263.106s][info][gc,phases      ] GC(808) Forward 122.161ms
[263.106s][info][gc,phases,start] GC(808) Adjust Pointers
[263.493s][info][gc,phases      ] GC(808) Adjust Pointers 387.266ms
[263.493s][info][gc,phases,start] GC(808) Compaction Phase
[263.666s][info][gc,phases      ] GC(808) Compaction Phase 172.458ms
[263.681s][info][gc,phases,start] GC(808) Post Compact
[263.683s][info][gc,phases      ] GC(808) Post Compact 2.257ms
[263.683s][info][gc,heap        ] GC(808) PSYoungGen: 116224K(223232K)->31871K(223232K) Eden: 116224K(116224K)->31871K(116224K) From: 0K(107008K)->0K(107008K)
[263.683s][info][gc,heap        ] GC(808) ParOldGen: 667496K(667648K)->667496K(667648K)
[263.683s][info][gc,metaspace   ] GC(808) Metaspace: 18646K(18816K)->18646K(18816K) NonClass: 15983K(16064K)->15983K(16064K) Class: 2663K(2752K)->2663K(2752K)
[263.683s][info][gc             ] GC(808) Pause Full (Allocation Failure) 765M->682M(870M) 1220.493ms
[263.683s][info][gc,cpu         ] GC(808) User=2.38s Sys=0.01s Real=1.22s
[263.782s][info][gc,start       ] GC(809) Pause Full (Allocation Failure)
[263.782s][info][gc,phases,start] GC(809) Marking Phase
[264.299s][info][gc,phases      ] GC(809) Marking Phase 516.916ms
[264.299s][info][gc,phases,start] GC(809) Summary Phase
[264.299s][info][gc,phases      ] GC(809) Summary Phase 0.022ms
[264.299s][info][gc,phases,start] GC(809) Forward
[264.315s][info][gc,phases      ] GC(809) Forward 16.695ms
[264.315s][info][gc,phases,start] GC(809) Adjust Pointers
[264.661s][info][gc,phases      ] GC(809) Adjust Pointers 345.438ms
[264.661s][info][gc,phases,start] GC(809) Compaction Phase
[264.810s][info][gc,phases      ] GC(809) Compaction Phase 149.460ms
[264.811s][info][gc,phases,start] GC(809) Post Compact
[264.813s][info][gc,phases      ] GC(809) Post Compact 2.201ms
[264.813s][info][gc,heap        ] GC(809) PSYoungGen: 116224K(223232K)->32196K(223232K) Eden: 116224K(116224K)->32196K(116224K) From: 0K(107008K)->0K(107008K)
[264.813s][info][gc,heap        ] GC(809) ParOldGen: 667496K(667648K)->667496K(667648K)
[264.813s][info][gc,metaspace   ] GC(809) Metaspace: 18646K(18816K)->18646K(18816K) NonClass: 15983K(16064K)->15983K(16064K) Class: 2663K(2752K)->2663K(2752K)
[264.813s][info][gc             ] GC(809) Pause Full (Allocation Failure) 765M->683M(870M) 1031.126ms
[264.813s][info][gc,cpu         ] GC(809) User=2.01s Sys=0.00s Real=1.03s
[264.930s][info][gc,start       ] GC(810) Pause Full (Allocation Failure)
[264.930s][info][gc,phases,start] GC(810) Marking Phase
[265.459s][info][gc,phases      ] GC(810) Marking Phase 528.105ms
[265.459s][info][gc,phases,start] GC(810) Summary Phase
[265.459s][info][gc,phases      ] GC(810) Summary Phase 0.022ms
[265.459s][info][gc,phases,start] GC(810) Forward
[265.478s][info][gc,phases      ] GC(810) Forward 18.965ms
[265.478s][info][gc,phases,start] GC(810) Adjust Pointers
[265.829s][info][gc,phases      ] GC(810) Adjust Pointers 351.222ms
[265.829s][info][gc,phases,start] GC(810) Compaction Phase
[265.982s][info][gc,phases      ] GC(810) Compaction Phase 152.762ms
[265.982s][info][gc,phases,start] GC(810) Post Compact
[265.984s][info][gc,phases      ] GC(810) Post Compact 2.324ms
[265.984s][info][gc,heap        ] GC(810) PSYoungGen: 116224K(223232K)->34937K(223232K) Eden: 116224K(116224K)->34937K(116224K) From: 0K(107008K)->0K(107008K)
[265.984s][info][gc,heap        ] GC(810) ParOldGen: 667496K(667648K)->667496K(667648K)
[265.984s][info][gc,metaspace   ] GC(810) Metaspace: 18651K(18816K)->18651K(18816K) NonClass: 15987K(16064K)->15987K(16064K) Class: 2663K(2752K)->2663K(2752K)
[265.984s][info][gc             ] GC(810) Pause Full (Allocation Failure) 765M->685M(870M) 1053.819ms
[265.984s][info][gc,cpu         ] GC(810) User=2.05s Sys=0.00s Real=1.05s
[266.041s][info][gc,start       ] GC(811) Pause Full (Allocation Failure)
[266.041s][info][gc,phases,start] GC(811) Marking Phase
[266.567s][info][gc,phases      ] GC(811) Marking Phase 525.953ms
[266.567s][info][gc,phases,start] GC(811) Summary Phase
[266.567s][info][gc,phases      ] GC(811) Summary Phase 0.025ms
[266.567s][info][gc,phases,start] GC(811) Forward
[266.717s][info][gc,phases      ] GC(811) Forward 149.945ms
[266.717s][info][gc,phases,start] GC(811) Adjust Pointers
[267.123s][info][gc,phases      ] GC(811) Adjust Pointers 405.489ms
[267.123s][info][gc,phases,start] GC(811) Compaction Phase
[267.305s][info][gc,phases      ] GC(811) Compaction Phase 182.559ms
[267.322s][info][gc,phases,start] GC(811) Post Compact
[267.325s][info][gc,phases      ] GC(811) Post Compact 2.273ms
[267.325s][info][gc,heap        ] GC(811) PSYoungGen: 116224K(223232K)->34900K(223232K) Eden: 116224K(116224K)->34900K(116224K) From: 0K(107008K)->0K(107008K)
[267.325s][info][gc,heap        ] GC(811) ParOldGen: 667496K(667648K)->667496K(667648K)
[267.325s][info][gc,metaspace   ] GC(811) Metaspace: 18651K(18816K)->18651K(18816K) NonClass: 15987K(16064K)->15987K(16064K) Class: 2663K(2752K)->2663K(2752K)
[267.325s][info][gc             ] GC(811) Pause Full (Allocation Failure) 765M->685M(870M) 1283.550ms
[267.325s][info][gc,cpu         ] GC(811) User=2.51s Sys=0.01s Real=1.28s
[267.377s][info][gc,start       ] GC(812) Pause Full (Allocation Failure)
[267.377s][info][gc,phases,start] GC(812) Marking Phase
[267.902s][info][gc,phases      ] GC(812) Marking Phase 524.378ms
[267.902s][info][gc,phases,start] GC(812) Summary Phase
[267.902s][info][gc,phases      ] GC(812) Summary Phase 0.022ms
[267.902s][info][gc,phases,start] GC(812) Forward
[267.920s][info][gc,phases      ] GC(812) Forward 18.258ms
[267.920s][info][gc,phases,start] GC(812) Adjust Pointers
[268.271s][info][gc,phases      ] GC(812) Adjust Pointers 350.890ms
[268.271s][info][gc,phases,start] GC(812) Compaction Phase
[268.423s][info][gc,phases      ] GC(812) Compaction Phase 152.508ms
[268.423s][info][gc,phases,start] GC(812) Post Compact
[268.426s][info][gc,phases      ] GC(812) Post Compact 2.302ms
[268.426s][info][gc,heap        ] GC(812) PSYoungGen: 116224K(223232K)->34876K(223232K) Eden: 116224K(116224K)->34876K(116224K) From: 0K(107008K)->0K(107008K)
[268.426s][info][gc,heap        ] GC(812) ParOldGen: 667496K(667648K)->667496K(667648K)
[268.426s][info][gc,metaspace   ] GC(812) Metaspace: 18651K(18816K)->18651K(18816K) NonClass: 15987K(16064K)->15987K(16064K) Class: 2663K(2752K)->2663K(2752K)
[268.426s][info][gc             ] GC(812) Pause Full (Allocation Failure) 765M->685M(870M) 1048.757ms
[268.426s][info][gc,cpu         ] GC(812) User=2.05s Sys=0.00s Real=1.05s
[268.501s][info][gc,start       ] GC(813) Pause Full (Allocation Failure)
[268.501s][info][gc,phases,start] GC(813) Marking Phase
[269.029s][info][gc,phases      ] GC(813) Marking Phase 528.073ms
[269.029s][info][gc,phases,start] GC(813) Summary Phase
[269.029s][info][gc,phases      ] GC(813) Summary Phase 0.022ms
[269.029s][info][gc,phases,start] GC(813) Forward
[269.050s][info][gc,phases      ] GC(813) Forward 20.764ms
[269.050s][info][gc,phases,start] GC(813) Adjust Pointers
[269.399s][info][gc,phases      ] GC(813) Adjust Pointers 348.869ms
[269.399s][info][gc,phases,start] GC(813) Compaction Phase
[269.550s][info][gc,phases      ] GC(813) Compaction Phase 151.022ms
[269.550s][info][gc,phases,start] GC(813) Post Compact
[269.552s][info][gc,phases      ] GC(813) Post Compact 2.243ms
[269.553s][info][gc,heap        ] GC(813) PSYoungGen: 116224K(223232K)->34939K(223232K) Eden: 116224K(116224K)->34939K(116224K) From: 0K(107008K)->0K(107008K)
[269.553s][info][gc,heap        ] GC(813) ParOldGen: 667496K(667648K)->667496K(667648K)
[269.553s][info][gc,metaspace   ] GC(813) Metaspace: 18651K(18816K)->18651K(18816K) NonClass: 15987K(16064K)->15987K(16064K) Class: 2663K(2752K)->2663K(2752K)
[269.553s][info][gc             ] GC(813) Pause Full (Allocation Failure) 765M->685M(870M) 1051.388ms
[269.553s][info][gc,cpu         ] GC(813) User=2.05s Sys=0.00s Real=1.05s
[269.701s][info][gc,start       ] GC(814) Pause Full (Allocation Failure)
[269.701s][info][gc,phases,start] GC(814) Marking Phase
[270.238s][info][gc,phases      ] GC(814) Marking Phase 536.735ms
[270.238s][info][gc,phases,start] GC(814) Summary Phase
[270.238s][info][gc,phases      ] GC(814) Summary Phase 0.023ms
[270.238s][info][gc,phases,start] GC(814) Forward
[270.260s][info][gc,phases      ] GC(814) Forward 22.360ms
[270.260s][info][gc,phases,start] GC(814) Adjust Pointers
[270.615s][info][gc,phases      ] GC(814) Adjust Pointers 355.109ms
[270.615s][info][gc,phases,start] GC(814) Compaction Phase
[270.775s][info][gc,phases      ] GC(814) Compaction Phase 159.522ms
[270.775s][info][gc,phases,start] GC(814) Post Compact
[270.777s][info][gc,phases      ] GC(814) Post Compact 2.255ms
[270.777s][info][gc,heap        ] GC(814) PSYoungGen: 116224K(223232K)->41139K(223232K) Eden: 116224K(116224K)->41139K(116224K) From: 0K(107008K)->0K(107008K)
[270.777s][info][gc,heap        ] GC(814) ParOldGen: 667496K(667648K)->667496K(667648K)
[270.777s][info][gc,metaspace   ] GC(814) Metaspace: 18653K(18816K)->18653K(18816K) NonClass: 15990K(16064K)->15990K(16064K) Class: 2663K(2752K)->2663K(2752K)
[270.777s][info][gc             ] GC(814) Pause Full (Allocation Failure) 765M->692M(870M) 1076.433ms
[270.777s][info][gc,cpu         ] GC(814) User=2.09s Sys=0.00s Real=1.07s
[270.849s][info][gc,start       ] GC(815) Pause Full (Allocation Failure)
[270.849s][info][gc,phases,start] GC(815) Marking Phase
[271.390s][info][gc,phases      ] GC(815) Marking Phase 541.098ms
[271.390s][info][gc,phases,start] GC(815) Summary Phase
[271.390s][info][gc,phases      ] GC(815) Summary Phase 0.023ms
[271.390s][info][gc,phases,start] GC(815) Forward
[271.412s][info][gc,phases      ] GC(815) Forward 22.096ms
[271.412s][info][gc,phases,start] GC(815) Adjust Pointers
[271.769s][info][gc,phases      ] GC(815) Adjust Pointers 357.154ms
[271.769s][info][gc,phases,start] GC(815) Compaction Phase
[271.924s][info][gc,phases      ] GC(815) Compaction Phase 154.614ms
[271.924s][info][gc,phases,start] GC(815) Post Compact
[271.926s][info][gc,phases      ] GC(815) Post Compact 2.281ms
[271.926s][info][gc,heap        ] GC(815) PSYoungGen: 116224K(223232K)->42342K(223232K) Eden: 116224K(116224K)->42342K(116224K) From: 0K(107008K)->0K(107008K)
[271.926s][info][gc,heap        ] GC(815) ParOldGen: 667496K(667648K)->667496K(667648K)
[271.926s][info][gc,metaspace   ] GC(815) Metaspace: 18653K(18816K)->18653K(18816K) NonClass: 15990K(16064K)->15990K(16064K) Class: 2663K(2752K)->2663K(2752K)
[271.926s][info][gc             ] GC(815) Pause Full (Allocation Failure) 765M->693M(870M) 1077.642ms
[271.926s][info][gc,cpu         ] GC(815) User=2.10s Sys=0.00s Real=1.08s
[272.027s][info][gc,start       ] GC(816) Pause Full (Allocation Failure)
[272.027s][info][gc,phases,start] GC(816) Marking Phase
[272.564s][info][gc,phases      ] GC(816) Marking Phase 537.133ms
[272.564s][info][gc,phases,start] GC(816) Summary Phase
[272.564s][info][gc,phases      ] GC(816) Summary Phase 0.023ms
[272.564s][info][gc,phases,start] GC(816) Forward
[272.586s][info][gc,phases      ] GC(816) Forward 21.588ms
[272.586s][info][gc,phases,start] GC(816) Adjust Pointers
[272.941s][info][gc,phases      ] GC(816) Adjust Pointers 354.818ms
[272.941s][info][gc,phases,start] GC(816) Compaction Phase
[273.097s][info][gc,phases      ] GC(816) Compaction Phase 155.915ms
[273.097s][info][gc,phases,start] GC(816) Post Compact
[273.099s][info][gc,phases      ] GC(816) Post Compact 2.236ms
[273.099s][info][gc,heap        ] GC(816) PSYoungGen: 116224K(223232K)->42397K(223232K) Eden: 116224K(116224K)->42397K(116224K) From: 0K(107008K)->0K(107008K)
[273.099s][info][gc,heap        ] GC(816) ParOldGen: 667496K(667648K)->667496K(667648K)
[273.099s][info][gc,metaspace   ] GC(816) Metaspace: 18653K(18816K)->18653K(18816K) NonClass: 15990K(16064K)->15990K(16064K) Class: 2663K(2752K)->2663K(2752K)
[273.099s][info][gc             ] GC(816) Pause Full (Allocation Failure) 765M->693M(870M) 1072.154ms
[273.099s][info][gc,cpu         ] GC(816) User=2.08s Sys=0.00s Real=1.07s
[273.315s][info][gc,start       ] GC(817) Pause Full (Allocation Failure)
[273.316s][info][gc,phases,start] GC(817) Marking Phase
[273.734s][info][gc,phases      ] GC(817) Marking Phase 418.885ms
[273.734s][info][gc,phases,start] GC(817) Summary Phase
[273.734s][info][gc,phases      ] GC(817) Summary Phase 0.025ms
[273.734s][info][gc,phases,start] GC(817) Forward
[273.879s][info][gc,phases      ] GC(817) Forward 144.315ms
[273.879s][info][gc,phases,start] GC(817) Adjust Pointers
[274.200s][info][gc,phases      ] GC(817) Adjust Pointers 321.542ms
[274.200s][info][gc,phases,start] GC(817) Compaction Phase
[274.343s][info][gc,phases      ] GC(817) Compaction Phase 142.997ms
[274.355s][info][gc,phases,start] GC(817) Post Compact
[274.357s][info][gc,phases      ] GC(817) Post Compact 2.293ms
[274.357s][info][gc,heap        ] GC(817) PSYoungGen: 116224K(223232K)->0K(223232K) Eden: 116224K(116224K)->0K(116224K) From: 0K(107008K)->0K(107008K)
[274.357s][info][gc,heap        ] GC(817) ParOldGen: 667496K(667648K)->578860K(667648K)
[274.357s][info][gc,metaspace   ] GC(817) Metaspace: 18654K(18816K)->18654K(18816K) NonClass: 15991K(16064K)->15991K(16064K) Class: 2663K(2752K)->2663K(2752K)
[274.357s][info][gc             ] GC(817) Pause Full (Allocation Failure) 765M->565M(870M) 1042.027ms
[274.357s][info][gc,cpu         ] GC(817) User=1.99s Sys=0.01s Real=1.04s
[274.698s][info][gc,start       ] GC(818) Pause Young (Allocation Failure)
[274.700s][info][gc,heap        ] GC(818) PSYoungGen: 116224K(223232K)->192K(223744K) Eden: 116224K(116224K)->0K(119808K) From: 0K(107008K)->192K(103936K)
[274.700s][info][gc,heap        ] GC(818) ParOldGen: 578860K(667648K)->578860K(667648K)
[274.700s][info][gc,metaspace   ] GC(818) Metaspace: 18657K(18816K)->18657K(18816K) NonClass: 15994K(16064K)->15994K(16064K) Class: 2663K(2752K)->2663K(2752K)
[274.700s][info][gc             ] GC(818) Pause Young (Allocation Failure) 678M->565M(870M) 2.379ms
[274.700s][info][gc,cpu         ] GC(818) User=0.00s Sys=0.00s Real=0.01s
[275.007s][info][gc,start       ] GC(819) Pause Young (Allocation Failure)
[275.030s][info][gc,heap        ] GC(819) PSYoungGen: 120000K(223744K)->21472K(141312K) Eden: 119808K(119808K)->0K(119808K) From: 192K(103936K)->21472K(21504K)
[275.030s][info][gc,heap        ] GC(819) ParOldGen: 578860K(667648K)->578860K(667648K)
[275.030s][info][gc,metaspace   ] GC(819) Metaspace: 18657K(18816K)->18657K(18816K) NonClass: 15994K(16064K)->15994K(16064K) Class: 2663K(2752K)->2663K(2752K)
[275.030s][info][gc             ] GC(819) Pause Young (Allocation Failure) 682M->586M(790M) 22.876ms
[275.030s][info][gc,cpu         ] GC(819) User=0.04s Sys=0.00s Real=0.02s
[275.261s][info][gc,start       ] GC(820) Pause Young (Allocation Failure)
[275.288s][info][gc,heap        ] GC(820) PSYoungGen: 141280K(141312K)->21504K(212480K) Eden: 119808K(119808K)->0K(123392K) From: 21472K(21504K)->21504K(89088K)
[275.288s][info][gc,heap        ] GC(820) ParOldGen: 578860K(667648K)->578860K(667648K)
[275.288s][info][gc,metaspace   ] GC(820) Metaspace: 18657K(18816K)->18657K(18816K) NonClass: 15994K(16064K)->15994K(16064K) Class: 2663K(2752K)->2663K(2752K)
[275.288s][info][gc             ] GC(820) Pause Young (Allocation Failure) 703M->586M(859M) 27.321ms
[275.288s][info][gc,cpu         ] GC(820) User=0.05s Sys=0.00s Real=0.02s
[275.517s][info][gc,start       ] GC(821) Pause Young (Allocation Failure)
[275.544s][info][gc,heap        ] GC(821) PSYoungGen: 144896K(212480K)->21464K(144896K) Eden: 123392K(123392K)->0K(123392K) From: 21504K(89088K)->21464K(21504K)
[275.544s][info][gc,heap        ] GC(821) ParOldGen: 578860K(667648K)->578860K(667648K)
[275.544s][info][gc,metaspace   ] GC(821) Metaspace: 18657K(18816K)->18657K(18816K) NonClass: 15994K(16064K)->15994K(16064K) Class: 2663K(2752K)->2663K(2752K)
[275.544s][info][gc             ] GC(821) Pause Young (Allocation Failure) 706M->586M(793M) 26.376ms
[275.544s][info][gc,cpu         ] GC(821) User=0.05s Sys=0.00s Real=0.03s
[276.434s][info][gc,start       ] GC(822) Pause Young (Allocation Failure)
[276.458s][info][gc,heap        ] GC(822) PSYoungGen: 144856K(144896K)->21917K(205312K) Eden: 123392K(123392K)->0K(126464K) From: 21464K(21504K)->21917K(78848K)
[276.458s][info][gc,heap        ] GC(822) ParOldGen: 578860K(667648K)->578860K(667648K)
[276.458s][info][gc,metaspace   ] GC(822) Metaspace: 18665K(18816K)->18665K(18816K) NonClass: 16002K(16064K)->16002K(16064K) Class: 2663K(2752K)->2663K(2752K)
[276.458s][info][gc             ] GC(822) Pause Young (Allocation Failure) 706M->586M(852M) 24.650ms
[276.459s][info][gc,cpu         ] GC(822) User=0.05s Sys=0.00s Real=0.02s
[277.030s][info][gc,start       ] GC(823) Pause Young (Allocation Failure)
[277.056s][info][gc,heap        ] GC(823) PSYoungGen: 148381K(205312K)->22429K(148992K) Eden: 126464K(126464K)->0K(126464K) From: 21917K(78848K)->22429K(22528K)
[277.056s][info][gc,heap        ] GC(823) ParOldGen: 578860K(667648K)->578860K(667648K)
[277.057s][info][gc,metaspace   ] GC(823) Metaspace: 18668K(18816K)->18668K(18816K) NonClass: 16005K(16064K)->16005K(16064K) Class: 2663K(2752K)->2663K(2752K)
[277.057s][info][gc             ] GC(823) Pause Young (Allocation Failure) 710M->587M(797M) 26.867ms
[277.057s][info][gc,cpu         ] GC(823) User=0.05s Sys=0.00s Real=0.03s
[277.686s][info][gc,start       ] GC(824) Pause Young (Allocation Failure)
[277.712s][info][gc,heap        ] GC(824) PSYoungGen: 148858K(148992K)->23795K(199680K) Eden: 126428K(126464K)->0K(129024K) From: 22429K(22528K)->23795K(70656K)
[277.712s][info][gc,heap        ] GC(824) ParOldGen: 578860K(667648K)->578868K(667648K)
[277.712s][info][gc,metaspace   ] GC(824) Metaspace: 18684K(18880K)->18684K(18880K) NonClass: 16021K(16128K)->16021K(16128K) Class: 2663K(2752K)->2663K(2752K)
[277.712s][info][gc             ] GC(824) Pause Young (Allocation Failure) 710M->588M(847M) 25.966ms
[277.712s][info][gc,cpu         ] GC(824) User=0.05s Sys=0.00s Real=0.03s
[278.014s][info][gc,start       ] GC(825) Pause Young (Allocation Failure)
[278.044s][info][gc,heap        ] GC(825) PSYoungGen: 152793K(199680K)->23954K(153088K) Eden: 128997K(129024K)->0K(129024K) From: 23795K(70656K)->23954K(24064K)
[278.044s][info][gc,heap        ] GC(825) ParOldGen: 578868K(667648K)->578876K(667648K)
[278.044s][info][gc,metaspace   ] GC(825) Metaspace: 18692K(18944K)->18692K(18944K) NonClass: 16029K(16192K)->16029K(16192K) Class: 2663K(2752K)->2663K(2752K)
[278.044s][info][gc             ] GC(825) Pause Young (Allocation Failure) 714M->588M(801M) 29.777ms
[278.044s][info][gc,cpu         ] GC(825) User=0.06s Sys=0.00s Real=0.03s
[278.336s][info][gc,start       ] GC(826) Pause Young (Allocation Failure)
[278.362s][info][gc,heap        ] GC(826) PSYoungGen: 152978K(153088K)->24066K(194560K) Eden: 129024K(129024K)->0K(131584K) From: 23954K(24064K)->24066K(62976K)
[278.362s][info][gc,heap        ] GC(826) ParOldGen: 578876K(667648K)->578884K(667648K)
[278.362s][info][gc,metaspace   ] GC(826) Metaspace: 18696K(18944K)->18696K(18944K) NonClass: 16032K(16192K)->16032K(16192K) Class: 2664K(2752K)->2664K(2752K)
[278.362s][info][gc             ] GC(826) Pause Young (Allocation Failure) 714M->588M(842M) 26.152ms
[278.362s][info][gc,cpu         ] GC(826) User=0.05s Sys=0.01s Real=0.03s
[278.583s][info][gc,start       ] GC(827) Pause Young (Allocation Failure)
[278.635s][info][gc,heap        ] GC(827) PSYoungGen: 155650K(194560K)->54893K(198656K) Eden: 131584K(131584K)->0K(131584K) From: 24066K(62976K)->54893K(67072K)
[278.635s][info][gc,heap        ] GC(827) ParOldGen: 578884K(667648K)->578884K(667648K)
[278.635s][info][gc,metaspace   ] GC(827) Metaspace: 18707K(18944K)->18707K(18944K) NonClass: 16043K(16192K)->16043K(16192K) Class: 2664K(2752K)->2664K(2752K)
[278.635s][info][gc             ] GC(827) Pause Young (Allocation Failure) 717M->618M(846M) 52.142ms
[278.635s][info][gc,cpu         ] GC(827) User=0.10s Sys=0.00s Real=0.05s
[278.717s][info][gc,start       ] GC(828) Pause Young (Allocation Failure)
[278.811s][info][gc,heap        ] GC(828) PSYoungGen: 186477K(198656K)->73725K(187904K) Eden: 131584K(131584K)->0K(114176K) From: 54893K(67072K)->73725K(73728K)
[278.811s][info][gc,heap        ] GC(828) ParOldGen: 578884K(667648K)->601532K(667648K)
[278.811s][info][gc,metaspace   ] GC(828) Metaspace: 18707K(18944K)->18707K(18944K) NonClass: 16043K(16192K)->16043K(16192K) Class: 2664K(2752K)->2664K(2752K)
[278.811s][info][gc             ] GC(828) Pause Young (Allocation Failure) 747M->659M(835M) 94.274ms
[278.811s][info][gc,cpu         ] GC(828) User=0.18s Sys=0.01s Real=0.10s
[278.895s][info][gc,start       ] GC(829) Pause Young (Allocation Failure)
[278.998s][info][gc,heap        ] GC(829) PSYoungGen: 187901K(187904K)->94196K(208384K) Eden: 114176K(114176K)->0K(114176K) From: 73725K(73728K)->94196K(94208K)
[278.998s][info][gc,heap        ] GC(829) ParOldGen: 601532K(667648K)->625014K(667648K)
[278.998s][info][gc,metaspace   ] GC(829) Metaspace: 18707K(18944K)->18707K(18944K) NonClass: 16043K(16192K)->16043K(16192K) Class: 2664K(2752K)->2664K(2752K)
[278.998s][info][gc             ] GC(829) Pause Young (Allocation Failure) 770M->702M(855M) 102.720ms
[278.998s][info][gc,cpu         ] GC(829) User=0.20s Sys=0.00s Real=0.10s
[279.140s][info][gc,start       ] GC(830) Pause Full (Allocation Failure)
[279.140s][info][gc,phases,start] GC(830) Marking Phase
[279.261s][info][gc,phases      ] GC(830) Marking Phase 120.490ms
[279.261s][info][gc,phases,start] GC(830) Summary Phase
[279.261s][info][gc,phases      ] GC(830) Summary Phase 0.024ms
[279.261s][info][gc,phases,start] GC(830) Forward
[279.298s][info][gc,phases      ] GC(830) Forward 36.943ms
[279.298s][info][gc,phases,start] GC(830) Adjust Pointers
[279.378s][info][gc,phases      ] GC(830) Adjust Pointers 80.031ms
[279.378s][info][gc,phases,start] GC(830) Compaction Phase
[279.434s][info][gc,phases      ] GC(830) Compaction Phase 55.983ms
[279.435s][info][gc,phases,start] GC(830) Post Compact
[279.437s][info][gc,phases      ] GC(830) Post Compact 2.383ms
[279.451s][info][gc,heap        ] GC(830) PSYoungGen: 208372K(208384K)->0K(222720K) Eden: 114176K(114176K)->0K(111616K) From: 94196K(94208K)->0K(111104K)
[279.451s][info][gc,heap        ] GC(830) ParOldGen: 625014K(667648K)->202580K(494592K)
[279.451s][info][gc,metaspace   ] GC(830) Metaspace: 18712K(18944K)->18712K(18944K) NonClass: 16048K(16192K)->16048K(16192K) Class: 2664K(2752K)->2664K(2752K)
[279.451s][info][gc             ] GC(830) Pause Full (Allocation Failure) 813M->197M(700M) 310.813ms
[279.451s][info][gc,cpu         ] GC(830) User=0.56s Sys=0.01s Real=0.31s
[279.601s][info][gc,start       ] GC(831) Pause Young (Allocation Failure)
[279.631s][info][gc,heap        ] GC(831) PSYoungGen: 111616K(222720K)->16215K(222720K) Eden: 111616K(111616K)->0K(111616K) From: 0K(111104K)->16215K(111104K)
[279.631s][info][gc,heap        ] GC(831) ParOldGen: 202580K(494592K)->202580K(494592K)
[279.631s][info][gc,metaspace   ] GC(831) Metaspace: 18712K(18944K)->18712K(18944K) NonClass: 16048K(16192K)->16048K(16192K) Class: 2664K(2752K)->2664K(2752K)
[279.631s][info][gc             ] GC(831) Pause Young (Allocation Failure) 306M->213M(700M) 29.945ms
[279.631s][info][gc,cpu         ] GC(831) User=0.06s Sys=0.00s Real=0.03s
[279.795s][info][gc,start       ] GC(832) Pause Young (Allocation Failure)
[279.846s][info][gc,heap        ] GC(832) PSYoungGen: 127831K(222720K)->28819K(221696K) Eden: 111616K(111616K)->0K(111616K) From: 16215K(111104K)->28819K(110080K)
[279.846s][info][gc,heap        ] GC(832) ParOldGen: 202580K(494592K)->202588K(494592K)
[279.846s][info][gc,metaspace   ] GC(832) Metaspace: 18722K(18944K)->18722K(18944K) NonClass: 16058K(16192K)->16058K(16192K) Class: 2664K(2752K)->2664K(2752K)
[279.846s][info][gc             ] GC(832) Pause Young (Allocation Failure) 322M->225M(699M) 51.867ms
[279.846s][info][gc,cpu         ] GC(832) User=0.11s Sys=0.00s Real=0.05s
[280.052s][info][gc,start       ] GC(833) Pause Young (Allocation Failure)
[280.156s][info][gc,heap        ] GC(833) PSYoungGen: 140435K(221696K)->50345K(162304K) Eden: 111616K(111616K)->0K(111616K) From: 28819K(110080K)->50345K(50688K)
[280.156s][info][gc,heap        ] GC(833) ParOldGen: 202588K(494592K)->202588K(494592K)
[280.156s][info][gc,metaspace   ] GC(833) Metaspace: 18722K(18944K)->18722K(18944K) NonClass: 16058K(16192K)->16058K(16192K) Class: 2664K(2752K)->2664K(2752K)
[280.156s][info][gc             ] GC(833) Pause Young (Allocation Failure) 334M->247M(641M) 104.353ms
[280.156s][info][gc,cpu         ] GC(833) User=0.20s Sys=0.00s Real=0.10s
[280.321s][info][gc,start       ] GC(834) Pause Young (Allocation Failure)
[280.402s][info][gc,heap        ] GC(834) PSYoungGen: 161961K(162304K)->56489K(220672K) Eden: 111616K(111616K)->0K(113664K) From: 50345K(50688K)->56489K(107008K)
[280.402s][info][gc,heap        ] GC(834) ParOldGen: 202588K(494592K)->202588K(494592K)
[280.402s][info][gc,metaspace   ] GC(834) Metaspace: 18722K(18944K)->18722K(18944K) NonClass: 16058K(16192K)->16058K(16192K) Class: 2664K(2752K)->2664K(2752K)
[280.402s][info][gc             ] GC(834) Pause Young (Allocation Failure) 356M->253M(698M) 81.721ms
[280.402s][info][gc,cpu         ] GC(834) User=0.17s Sys=0.00s Real=0.08s
[280.519s][info][gc,start       ] GC(835) Pause Young (Allocation Failure)
[280.604s][info][gc,heap        ] GC(835) PSYoungGen: 170153K(220672K)->61321K(220160K) Eden: 113664K(113664K)->0K(113664K) From: 56489K(107008K)->61321K(106496K)
[280.604s][info][gc,heap        ] GC(835) ParOldGen: 202588K(494592K)->202588K(494592K)
[280.604s][info][gc,metaspace   ] GC(835) Metaspace: 18722K(18944K)->18722K(18944K) NonClass: 16058K(16192K)->16058K(16192K) Class: 2664K(2752K)->2664K(2752K)
[280.604s][info][gc             ] GC(835) Pause Young (Allocation Failure) 364M->257M(698M) 85.189ms
[280.604s][info][gc,cpu         ] GC(835) User=0.17s Sys=0.00s Real=0.09s
[280.722s][info][gc,start       ] GC(836) Pause Young (Allocation Failure)
[280.813s][info][gc,heap        ] GC(836) PSYoungGen: 174985K(220160K)->61353K(226816K) Eden: 113664K(113664K)->0K(119808K) From: 61321K(106496K)->61353K(107008K)
[280.813s][info][gc,heap        ] GC(836) ParOldGen: 202588K(494592K)->202588K(494592K)
[280.813s][info][gc,metaspace   ] GC(836) Metaspace: 18722K(18944K)->18722K(18944K) NonClass: 16058K(16192K)->16058K(16192K) Class: 2664K(2752K)->2664K(2752K)
[280.813s][info][gc             ] GC(836) Pause Young (Allocation Failure) 368M->257M(704M) 90.721ms
[280.813s][info][gc,cpu         ] GC(836) User=0.17s Sys=0.01s Real=0.09s
[280.939s][info][gc,start       ] GC(837) Pause Young (Allocation Failure)
[281.026s][info][gc,heap        ] GC(837) PSYoungGen: 181161K(226816K)->63465K(226816K) Eden: 119808K(119808K)->0K(119808K) From: 61353K(107008K)->63465K(107008K)
[281.026s][info][gc,heap        ] GC(837) ParOldGen: 202588K(494592K)->202588K(494592K)
[281.026s][info][gc,metaspace   ] GC(837) Metaspace: 18722K(18944K)->18722K(18944K) NonClass: 16058K(16192K)->16058K(16192K) Class: 2664K(2752K)->2664K(2752K)
[281.026s][info][gc             ] GC(837) Pause Young (Allocation Failure) 374M->259M(704M) 87.248ms
[281.026s][info][gc,cpu         ] GC(837) User=0.18s Sys=0.00s Real=0.09s
[281.136s][info][gc,start       ] GC(838) Pause Young (Allocation Failure)
[281.252s][info][gc,heap        ] GC(838) PSYoungGen: 183273K(226816K)->84051K(218624K) Eden: 119808K(119808K)->0K(111616K) From: 63465K(107008K)->84051K(107008K)
[281.252s][info][gc,heap        ] GC(838) ParOldGen: 202588K(494592K)->202588K(494592K)
[281.252s][info][gc,metaspace   ] GC(838) Metaspace: 18722K(18944K)->18722K(18944K) NonClass: 16058K(16192K)->16058K(16192K) Class: 2664K(2752K)->2664K(2752K)
[281.252s][info][gc             ] GC(838) Pause Young (Allocation Failure) 376M->279M(696M) 116.026ms
[281.252s][info][gc,cpu         ] GC(838) User=0.21s Sys=0.02s Real=0.12s
[281.318s][info][gc,start       ] GC(839) Pause Young (Allocation Failure)
[281.468s][info][gc,heap        ] GC(839) PSYoungGen: 195667K(218624K)->111075K(222720K) Eden: 111616K(111616K)->0K(111616K) From: 84051K(107008K)->111075K(111104K)
[281.469s][info][gc,heap        ] GC(839) ParOldGen: 202588K(494592K)->211252K(494592K)
[281.469s][info][gc,metaspace   ] GC(839) Metaspace: 18722K(18944K)->18722K(18944K) NonClass: 16058K(16192K)->16058K(16192K) Class: 2664K(2752K)->2664K(2752K)
[281.469s][info][gc             ] GC(839) Pause Young (Allocation Failure) 388M->314M(700M) 150.483ms
[281.469s][info][gc,cpu         ] GC(839) User=0.29s Sys=0.00s Real=0.15s
[281.596s][info][gc,start       ] GC(840) Pause Young (Allocation Failure)
[281.754s][info][gc,heap        ] GC(840) PSYoungGen: 222691K(222720K)->111077K(222720K) Eden: 111616K(111616K)->0K(111616K) From: 111075K(111104K)->111077K(111104K)
[281.754s][info][gc,heap        ] GC(840) ParOldGen: 211252K(494592K)->224652K(494592K)
[281.754s][info][gc,metaspace   ] GC(840) Metaspace: 18722K(18944K)->18722K(18944K) NonClass: 16058K(16192K)->16058K(16192K) Class: 2664K(2752K)->2664K(2752K)
[281.754s][info][gc             ] GC(840) Pause Young (Allocation Failure) 423M->327M(700M) 157.405ms
[281.754s][info][gc,cpu         ] GC(840) User=0.30s Sys=0.01s Real=0.16s
[281.847s][info][gc,start       ] GC(841) Pause Young (Allocation Failure)
[281.983s][info][gc,heap        ] GC(841) PSYoungGen: 222693K(222720K)->111081K(222720K) Eden: 111616K(111616K)->0K(111616K) From: 111077K(111104K)->111081K(111104K)
[281.983s][info][gc,heap        ] GC(841) ParOldGen: 224652K(494592K)->231895K(494592K)
[281.983s][info][gc,metaspace   ] GC(841) Metaspace: 18722K(18944K)->18722K(18944K) NonClass: 16058K(16192K)->16058K(16192K) Class: 2664K(2752K)->2664K(2752K)
[281.983s][info][gc             ] GC(841) Pause Young (Allocation Failure) 436M->334M(700M) 136.129ms
[281.983s][info][gc,cpu         ] GC(841) User=0.27s Sys=0.00s Real=0.14s
[282.098s][info][gc,start       ] GC(842) Pause Young (Allocation Failure)
[282.223s][info][gc,heap        ] GC(842) PSYoungGen: 222697K(222720K)->93543K(222720K) Eden: 111616K(111616K)->0K(111616K) From: 111081K(111104K)->93543K(111104K)
[282.223s][info][gc,heap        ] GC(842) ParOldGen: 231895K(494592K)->250353K(494592K)
[282.223s][info][gc,metaspace   ] GC(842) Metaspace: 18722K(18944K)->18722K(18944K) NonClass: 16058K(16192K)->16058K(16192K) Class: 2664K(2752K)->2664K(2752K)
[282.223s][info][gc             ] GC(842) Pause Young (Allocation Failure) 443M->335M(700M) 125.358ms
[282.224s][info][gc,cpu         ] GC(842) User=0.25s Sys=0.00s Real=0.13s
[282.512s][info][gc,start       ] GC(843) Pause Young (Allocation Failure)
[282.612s][info][gc,heap        ] GC(843) PSYoungGen: 205159K(222720K)->67799K(222720K) Eden: 111616K(111616K)->0K(111616K) From: 93543K(111104K)->67799K(111104K)
[282.612s][info][gc,heap        ] GC(843) ParOldGen: 250353K(494592K)->277785K(494592K)
[282.612s][info][gc,metaspace   ] GC(843) Metaspace: 18723K(18944K)->18723K(18944K) NonClass: 16059K(16192K)->16059K(16192K) Class: 2664K(2752K)->2664K(2752K)
[282.612s][info][gc             ] GC(843) Pause Young (Allocation Failure) 444M->337M(700M) 99.792ms
[282.612s][info][gc,cpu         ] GC(843) User=0.20s Sys=0.00s Real=0.10s
[282.873s][info][gc,start       ] GC(844) Pause Young (Allocation Failure)
[282.941s][info][gc,heap        ] GC(844) PSYoungGen: 179415K(222720K)->63047K(222720K) Eden: 111616K(111616K)->0K(111616K) From: 67799K(111104K)->63047K(111104K)
[282.941s][info][gc,heap        ] GC(844) ParOldGen: 277785K(494592K)->282718K(494592K)
[282.941s][info][gc,metaspace   ] GC(844) Metaspace: 18723K(18944K)->18723K(18944K) NonClass: 16059K(16192K)->16059K(16192K) Class: 2664K(2752K)->2664K(2752K)
[282.941s][info][gc             ] GC(844) Pause Young (Allocation Failure) 446M->337M(700M) 67.934ms
[282.941s][info][gc,cpu         ] GC(844) User=0.13s Sys=0.00s Real=0.07s
[283.148s][info][gc,start       ] GC(845) Pause Young (Allocation Failure)
[283.238s][info][gc,heap        ] GC(845) PSYoungGen: 174663K(222720K)->79447K(222720K) Eden: 111616K(111616K)->0K(111616K) From: 63047K(111104K)->79447K(111104K)
[283.238s][info][gc,heap        ] GC(845) ParOldGen: 282718K(494592K)->295811K(494592K)
[283.238s][info][gc,metaspace   ] GC(845) Metaspace: 18723K(18944K)->18723K(18944K) NonClass: 16059K(16192K)->16059K(16192K) Class: 2664K(2752K)->2664K(2752K)
[283.238s][info][gc             ] GC(845) Pause Young (Allocation Failure) 446M->366M(700M) 89.659ms
[283.238s][info][gc,cpu         ] GC(845) User=0.18s Sys=0.00s Real=0.09s
[283.356s][info][gc,start       ] GC(846) Pause Young (Allocation Failure)
[283.465s][info][gc,heap        ] GC(846) PSYoungGen: 191063K(222720K)->76352K(222720K) Eden: 111616K(111616K)->0K(111616K) From: 79447K(111104K)->76352K(111104K)
[283.465s][info][gc,heap        ] GC(846) ParOldGen: 295811K(494592K)->336101K(494592K)
[283.465s][info][gc,metaspace   ] GC(846) Metaspace: 18724K(18944K)->18724K(18944K) NonClass: 16060K(16192K)->16060K(16192K) Class: 2664K(2752K)->2664K(2752K)
[283.465s][info][gc             ] GC(846) Pause Young (Allocation Failure) 475M->402M(700M) 109.405ms
[283.465s][info][gc,cpu         ] GC(846) User=0.22s Sys=0.00s Real=0.11s
[283.597s][info][gc,start       ] GC(847) Pause Young (Allocation Failure)
[283.674s][info][gc,heap        ] GC(847) PSYoungGen: 187968K(222720K)->80160K(222720K) Eden: 111616K(111616K)->0K(111616K) From: 76352K(111104K)->80160K(111104K)
[283.674s][info][gc,heap        ] GC(847) ParOldGen: 336101K(494592K)->344213K(494592K)
[283.674s][info][gc,metaspace   ] GC(847) Metaspace: 18724K(18944K)->18724K(18944K) NonClass: 16060K(16192K)->16060K(16192K) Class: 2664K(2752K)->2664K(2752K)
[283.674s][info][gc             ] GC(847) Pause Young (Allocation Failure) 511M->414M(700M) 77.435ms
[283.674s][info][gc,cpu         ] GC(847) User=0.15s Sys=0.00s Real=0.08s
[283.788s][info][gc,start       ] GC(848) Pause Young (Allocation Failure)
[283.863s][info][gc,heap        ] GC(848) PSYoungGen: 191776K(222720K)->81696K(222720K) Eden: 111616K(111616K)->0K(111616K) From: 80160K(111104K)->81696K(111104K)
[283.863s][info][gc,heap        ] GC(848) ParOldGen: 344213K(494592K)->346021K(494592K)
[283.863s][info][gc,metaspace   ] GC(848) Metaspace: 18724K(18944K)->18724K(18944K) NonClass: 16060K(16192K)->16060K(16192K) Class: 2664K(2752K)->2664K(2752K)
[283.863s][info][gc             ] GC(848) Pause Young (Allocation Failure) 523M->417M(700M) 75.222ms
[283.863s][info][gc,cpu         ] GC(848) User=0.15s Sys=0.00s Real=0.08s
[283.980s][info][gc,start       ] GC(849) Pause Young (Allocation Failure)
[284.056s][info][gc,heap        ] GC(849) PSYoungGen: 193312K(222720K)->16256K(222720K) Eden: 111616K(111616K)->0K(111616K) From: 81696K(111104K)->16256K(111104K)
[284.056s][info][gc,heap        ] GC(849) ParOldGen: 346021K(494592K)->412663K(494592K)
[284.056s][info][gc,metaspace   ] GC(849) Metaspace: 18724K(18944K)->18724K(18944K) NonClass: 16060K(16192K)->16060K(16192K) Class: 2664K(2752K)->2664K(2752K)
[284.056s][info][gc             ] GC(849) Pause Young (Allocation Failure) 526M->418M(700M) 75.776ms
[284.056s][info][gc,cpu         ] GC(849) User=0.15s Sys=0.00s Real=0.07s
[284.326s][info][gc,start       ] GC(850) Pause Young (Allocation Failure)
[284.352s][info][gc,heap        ] GC(850) PSYoungGen: 127872K(222720K)->1440K(222720K) Eden: 111616K(111616K)->0K(111616K) From: 16256K(111104K)->1440K(111104K)
[284.352s][info][gc,heap        ] GC(850) ParOldGen: 412663K(494592K)->428119K(494592K)
[284.353s][info][gc,metaspace   ] GC(850) Metaspace: 18724K(18944K)->18724K(18944K) NonClass: 16060K(16192K)->16060K(16192K) Class: 2664K(2752K)->2664K(2752K)
[284.353s][info][gc             ] GC(850) Pause Young (Allocation Failure) 527M->419M(700M) 26.485ms
[284.353s][info][gc,cpu         ] GC(850) User=0.06s Sys=0.00s Real=0.03s
[284.596s][info][gc,start       ] GC(851) Pause Young (Allocation Failure)
[284.611s][info][gc,heap        ] GC(851) PSYoungGen: 113056K(222720K)->12448K(222720K) Eden: 111616K(111616K)->0K(111616K) From: 1440K(111104K)->12448K(111104K)
[284.611s][info][gc,heap        ] GC(851) ParOldGen: 428119K(494592K)->429519K(494592K)
[284.611s][info][gc,metaspace   ] GC(851) Metaspace: 18724K(18944K)->18724K(18944K) NonClass: 16060K(16192K)->16060K(16192K) Class: 2664K(2752K)->2664K(2752K)
[284.611s][info][gc             ] GC(851) Pause Young (Allocation Failure) 528M->431M(700M) 15.538ms
[284.611s][info][gc,cpu         ] GC(851) User=0.03s Sys=0.00s Real=0.02s
[284.713s][info][gc,start       ] GC(852) Pause Young (Allocation Failure)
[284.807s][info][gc,heap        ] GC(852) PSYoungGen: 124064K(222720K)->86720K(222720K) Eden: 111616K(111616K)->0K(111616K) From: 12448K(111104K)->86720K(111104K)
[284.807s][info][gc,heap        ] GC(852) ParOldGen: 429519K(494592K)->441983K(494592K)
[284.807s][info][gc,metaspace   ] GC(852) Metaspace: 18724K(18944K)->18724K(18944K) NonClass: 16060K(16192K)->16060K(16192K) Class: 2664K(2752K)->2664K(2752K)
[284.807s][info][gc             ] GC(852) Pause Young (Allocation Failure) 540M->516M(700M) 93.500ms
[284.807s][info][gc,cpu         ] GC(852) User=0.18s Sys=0.00s Real=0.09s
[284.900s][info][gc,start       ] GC(853) Pause Young (Allocation Failure)
[285.043s][info][gc,heap        ] GC(853) PSYoungGen: 198336K(222720K)->48595K(222720K) Eden: 111616K(111616K)->0K(111616K) From: 86720K(111104K)->48595K(111104K)
[285.044s][info][gc,heap        ] GC(853) ParOldGen: 441983K(494592K)->528951K(529408K)
[285.044s][info][gc,metaspace   ] GC(853) Metaspace: 18725K(18944K)->18725K(18944K) NonClass: 16061K(16192K)->16061K(16192K) Class: 2664K(2752K)->2664K(2752K)
[285.044s][info][gc             ] GC(853) Pause Young (Allocation Failure) 625M->564M(734M) 143.592ms
[285.044s][info][gc,cpu         ] GC(853) User=0.25s Sys=0.03s Real=0.14s
[285.190s][info][gc,start       ] GC(854) Pause Young (Allocation Failure)
[285.281s][info][gc,heap        ] GC(854) PSYoungGen: 160211K(222720K)->23432K(222720K) Eden: 111616K(111616K)->0K(111616K) From: 48595K(111104K)->23432K(111104K)
[285.281s][info][gc,heap        ] GC(854) ParOldGen: 528951K(529408K)->577717K(578048K)
[285.281s][info][gc,metaspace   ] GC(854) Metaspace: 18731K(18944K)->18731K(18944K) NonClass: 16067K(16192K)->16067K(16192K) Class: 2664K(2752K)->2664K(2752K)
[285.281s][info][gc             ] GC(854) Pause Young (Allocation Failure) 673M->587M(782M) 90.734ms
[285.281s][info][gc,cpu         ] GC(854) User=0.15s Sys=0.03s Real=0.09s
[285.361s][info][gc,start       ] GC(855) Pause Young (Allocation Failure)
[285.402s][info][gc,heap        ] GC(855) PSYoungGen: 135048K(222720K)->5456K(222720K) Eden: 111616K(111616K)->0K(111616K) From: 23432K(111104K)->5456K(111104K)
[285.402s][info][gc,heap        ] GC(855) ParOldGen: 577717K(578048K)->599890K(600064K)
[285.402s][info][gc,metaspace   ] GC(855) Metaspace: 18731K(18944K)->18731K(18944K) NonClass: 16067K(16192K)->16067K(16192K) Class: 2664K(2752K)->2664K(2752K)
[285.402s][info][gc             ] GC(855) Pause Young (Allocation Failure) 696M->591M(803M) 41.215ms
[285.402s][info][gc,cpu         ] GC(855) User=0.07s Sys=0.01s Real=0.04s
[285.467s][info][gc,start       ] GC(856) Pause Full (Allocation Failure)
[285.467s][info][gc,phases,start] GC(856) Marking Phase
[285.536s][info][gc,phases      ] GC(856) Marking Phase 68.620ms
[285.536s][info][gc,phases,start] GC(856) Summary Phase
[285.536s][info][gc,phases      ] GC(856) Summary Phase 0.025ms
[285.536s][info][gc,phases,start] GC(856) Forward
[285.557s][info][gc,phases      ] GC(856) Forward 21.650ms
[285.557s][info][gc,phases,start] GC(856) Adjust Pointers
[285.605s][info][gc,phases      ] GC(856) Adjust Pointers 47.717ms
[285.605s][info][gc,phases,start] GC(856) Compaction Phase
[285.631s][info][gc,phases      ] GC(856) Compaction Phase 25.747ms
[285.634s][info][gc,phases,start] GC(856) Post Compact
[285.636s][info][gc,phases      ] GC(856) Post Compact 2.180ms
[285.650s][info][gc,heap        ] GC(856) PSYoungGen: 117072K(222720K)->0K(222720K) Eden: 111616K(111616K)->0K(111616K) From: 5456K(111104K)->0K(111104K)
[285.650s][info][gc,heap        ] GC(856) ParOldGen: 599890K(600064K)->104753K(425472K)
[285.650s][info][gc,metaspace   ] GC(856) Metaspace: 18731K(18944K)->18731K(18944K) NonClass: 16067K(16192K)->16067K(16192K) Class: 2664K(2752K)->2664K(2752K)
[285.650s][info][gc             ] GC(856) Pause Full (Allocation Failure) 700M->102M(633M) 183.238ms
[285.650s][info][gc,cpu         ] GC(856) User=0.29s Sys=0.02s Real=0.19s
[285.740s][info][gc,start       ] GC(857) Pause Young (Allocation Failure)
[285.754s][info][gc,heap        ] GC(857) PSYoungGen: 111616K(222720K)->17520K(222720K) Eden: 111616K(111616K)->0K(111616K) From: 0K(111104K)->17520K(111104K)
[285.754s][info][gc,heap        ] GC(857) ParOldGen: 104753K(425472K)->104753K(425472K)
[285.754s][info][gc,metaspace   ] GC(857) Metaspace: 18732K(18944K)->18732K(18944K) NonClass: 16067K(16192K)->16067K(16192K) Class: 2664K(2752K)->2664K(2752K)
[285.754s][info][gc             ] GC(857) Pause Young (Allocation Failure) 211M->119M(633M) 13.377ms
[285.754s][info][gc,cpu         ] GC(857) User=0.03s Sys=0.00s Real=0.01s
[285.802s][info][gc,start       ] GC(858) Pause Young (Allocation Failure)
[285.836s][info][gc,heap        ] GC(858) PSYoungGen: 129136K(222720K)->32864K(222720K) Eden: 111616K(111616K)->0K(111616K) From: 17520K(111104K)->32864K(111104K)
[285.836s][info][gc,heap        ] GC(858) ParOldGen: 104753K(425472K)->122409K(425472K)
[285.836s][info][gc,metaspace   ] GC(858) Metaspace: 18732K(18944K)->18732K(18944K) NonClass: 16067K(16192K)->16067K(16192K) Class: 2664K(2752K)->2664K(2752K)
[285.836s][info][gc             ] GC(858) Pause Young (Allocation Failure) 228M->151M(633M) 34.141ms
[285.836s][info][gc,cpu         ] GC(858) User=0.07s Sys=0.00s Real=0.03s
[286.005s][info][gc,start       ] GC(859) Pause Young (Allocation Failure)
[286.041s][info][gc,heap        ] GC(859) PSYoungGen: 144480K(222720K)->19360K(222720K) Eden: 111616K(111616K)->0K(111616K) From: 32864K(111104K)->19360K(111104K)
[286.041s][info][gc,heap        ] GC(859) ParOldGen: 122409K(425472K)->155617K(425472K)
[286.041s][info][gc,metaspace   ] GC(859) Metaspace: 18732K(18944K)->18732K(18944K) NonClass: 16067K(16192K)->16067K(16192K) Class: 2664K(2752K)->2664K(2752K)
[286.041s][info][gc             ] GC(859) Pause Young (Allocation Failure) 260M->170M(633M) 36.174ms
[286.041s][info][gc,cpu         ] GC(859) User=0.08s Sys=0.00s Real=0.04s
[286.151s][info][gc,start       ] GC(860) Pause Young (Allocation Failure)
[286.174s][info][gc,heap        ] GC(860) PSYoungGen: 130976K(222720K)->1984K(222720K) Eden: 111616K(111616K)->0K(111616K) From: 19360K(111104K)->1984K(111104K)
[286.174s][info][gc,heap        ] GC(860) ParOldGen: 155617K(425472K)->175169K(425472K)
[286.174s][info][gc,metaspace   ] GC(860) Metaspace: 18732K(18944K)->18732K(18944K) NonClass: 16067K(16192K)->16067K(16192K) Class: 2664K(2752K)->2664K(2752K)
[286.174s][info][gc             ] GC(860) Pause Young (Allocation Failure) 279M->173M(633M) 22.709ms
[286.174s][info][gc,cpu         ] GC(860) User=0.04s Sys=0.00s Real=0.02s
[286.350s][info][gc,start       ] GC(861) Pause Young (Allocation Failure)
[286.391s][info][gc,heap        ] GC(861) PSYoungGen: 113600K(222720K)->26401K(222720K) Eden: 111616K(111616K)->0K(111616K) From: 1984K(111104K)->26401K(111104K)
[286.391s][info][gc,heap        ] GC(861) ParOldGen: 175169K(425472K)->177129K(425472K)
[286.391s][info][gc,metaspace   ] GC(861) Metaspace: 18732K(18944K)->18732K(18944K) NonClass: 16067K(16192K)->16067K(16192K) Class: 2664K(2752K)->2664K(2752K)
[286.391s][info][gc             ] GC(861) Pause Young (Allocation Failure) 282M->198M(633M) 41.076ms
[286.392s][info][gc,cpu         ] GC(861) User=0.08s Sys=0.00s Real=0.04s
[286.484s][info][gc,start       ] GC(862) Pause Young (Allocation Failure)
[286.571s][info][gc,heap        ] GC(862) PSYoungGen: 138017K(222720K)->55072K(222720K) Eden: 111616K(111616K)->0K(111616K) From: 26401K(111104K)->55072K(111104K)
[286.571s][info][gc,heap        ] GC(862) ParOldGen: 177129K(425472K)->203542K(425472K)
[286.571s][info][gc,metaspace   ] GC(862) Metaspace: 18732K(18944K)->18732K(18944K) NonClass: 16067K(16192K)->16067K(16192K) Class: 2664K(2752K)->2664K(2752K)
[286.571s][info][gc             ] GC(862) Pause Young (Allocation Failure) 307M->252M(633M) 87.214ms
[286.571s][info][gc,cpu         ] GC(862) User=0.18s Sys=0.00s Real=0.09s
[286.649s][info][gc,start       ] GC(863) Pause Young (Allocation Failure)
[286.734s][info][gc,heap        ] GC(863) PSYoungGen: 166688K(222720K)->35520K(147456K) Eden: 111616K(111616K)->0K(111616K) From: 55072K(111104K)->35520K(35840K)
[286.734s][info][gc,heap        ] GC(863) ParOldGen: 203542K(425472K)->258758K(425472K)
[286.734s][info][gc,metaspace   ] GC(863) Metaspace: 18732K(18944K)->18732K(18944K) NonClass: 16067K(16192K)->16067K(16192K) Class: 2664K(2752K)->2664K(2752K)
[286.734s][info][gc             ] GC(863) Pause Young (Allocation Failure) 361M->287M(559M) 84.549ms
[286.734s][info][gc,cpu         ] GC(863) User=0.17s Sys=0.00s Real=0.09s
[286.783s][info][gc,start       ] GC(864) Pause Young (Allocation Failure)
[286.836s][info][gc,heap        ] GC(864) PSYoungGen: 147136K(147456K)->72016K(215552K) Eden: 111616K(111616K)->0K(108032K) From: 35520K(35840K)->72016K(107520K)
[286.836s][info][gc,heap        ] GC(864) ParOldGen: 258758K(425472K)->258758K(425472K)
[286.836s][info][gc,metaspace   ] GC(864) Metaspace: 18732K(18944K)->18732K(18944K) NonClass: 16067K(16192K)->16067K(16192K) Class: 2664K(2752K)->2664K(2752K)
[286.836s][info][gc             ] GC(864) Pause Young (Allocation Failure) 396M->323M(626M) 53.524ms
[286.836s][info][gc,cpu         ] GC(864) User=0.11s Sys=0.00s Real=0.05s
[286.911s][info][gc,start       ] GC(865) Pause Young (Allocation Failure)
[286.971s][info][gc,heap        ] GC(865) PSYoungGen: 180048K(215552K)->12416K(219136K) Eden: 108032K(108032K)->0K(108032K) From: 72016K(107520K)->12416K(111104K)
[286.972s][info][gc,heap        ] GC(865) ParOldGen: 258758K(425472K)->331470K(425472K)
[286.972s][info][gc,metaspace   ] GC(865) Metaspace: 18732K(18944K)->18732K(18944K) NonClass: 16067K(16192K)->16067K(16192K) Class: 2664K(2752K)->2664K(2752K)
[286.972s][info][gc             ] GC(865) Pause Young (Allocation Failure) 428M->335M(629M) 60.495ms
[286.972s][info][gc,cpu         ] GC(865) User=0.12s Sys=0.01s Real=0.06s
[287.063s][info][gc,start       ] GC(866) Pause Young (Allocation Failure)
[287.080s][info][gc,heap        ] GC(866) PSYoungGen: 120448K(219136K)->14336K(217088K) Eden: 108032K(108032K)->0K(112128K) From: 12416K(111104K)->14336K(104960K)
[287.080s][info][gc,heap        ] GC(866) ParOldGen: 331470K(425472K)->331470K(425472K)
[287.080s][info][gc,metaspace   ] GC(866) Metaspace: 18732K(18944K)->18732K(18944K) NonClass: 16067K(16192K)->16067K(16192K) Class: 2664K(2752K)->2664K(2752K)
[287.080s][info][gc             ] GC(866) Pause Young (Allocation Failure) 441M->337M(627M) 17.703ms
[287.080s][info][gc,cpu         ] GC(866) User=0.03s Sys=0.00s Real=0.02s
[287.155s][info][gc,start       ] GC(867) Pause Young (Allocation Failure)
[287.181s][info][gc,heap        ] GC(867) PSYoungGen: 126464K(217088K)->18976K(220160K) Eden: 112128K(112128K)->0K(112128K) From: 14336K(104960K)->18976K(108032K)
[287.181s][info][gc,heap        ] GC(867) ParOldGen: 331470K(425472K)->331470K(425472K)
[287.181s][info][gc,metaspace   ] GC(867) Metaspace: 18732K(18944K)->18732K(18944K) NonClass: 16067K(16192K)->16067K(16192K) Class: 2664K(2752K)->2664K(2752K)
[287.181s][info][gc             ] GC(867) Pause Young (Allocation Failure) 447M->342M(630M) 25.965ms
[287.181s][info][gc,cpu         ] GC(867) User=0.05s Sys=0.00s Real=0.03s
[287.297s][info][gc,start       ] GC(868) Pause Young (Allocation Failure)
[287.344s][info][gc,heap        ] GC(868) PSYoungGen: 131104K(220160K)->35393K(211456K) Eden: 112128K(112128K)->0K(120832K) From: 18976K(108032K)->35393K(90624K)
[287.344s][info][gc,heap        ] GC(868) ParOldGen: 331470K(425472K)->331470K(425472K)
[287.344s][info][gc,metaspace   ] GC(868) Metaspace: 18732K(18944K)->18732K(18944K) NonClass: 16068K(16192K)->16068K(16192K) Class: 2664K(2752K)->2664K(2752K)
[287.344s][info][gc             ] GC(868) Pause Young (Allocation Failure) 451M->358M(622M) 47.730ms
[287.344s][info][gc,cpu         ] GC(868) User=0.09s Sys=0.00s Real=0.05s
[287.475s][info][gc,start       ] GC(869) Pause Young (Allocation Failure)
[287.543s][info][gc,heap        ] GC(869) PSYoungGen: 156225K(211456K)->57601K(218112K) Eden: 120832K(120832K)->0K(120832K) From: 35393K(90624K)->57601K(97280K)
[287.543s][info][gc,heap        ] GC(869) ParOldGen: 331470K(425472K)->331470K(425472K)
[287.543s][info][gc,metaspace   ] GC(869) Metaspace: 18734K(18944K)->18734K(18944K) NonClass: 16070K(16192K)->16070K(16192K) Class: 2664K(2752K)->2664K(2752K)
[287.543s][info][gc             ] GC(869) Pause Young (Allocation Failure) 476M->379M(628M) 68.037ms
[287.543s][info][gc,cpu         ] GC(869) User=0.13s Sys=0.00s Real=0.07s
[287.637s][info][gc,start       ] GC(870) Pause Young (Allocation Failure)
[287.734s][info][gc,heap        ] GC(870) PSYoungGen: 178433K(218112K)->85601K(210944K) Eden: 120832K(120832K)->0K(111616K) From: 57601K(97280K)->85601K(99328K)
[287.734s][info][gc,heap        ] GC(870) ParOldGen: 331470K(425472K)->331470K(425472K)
[287.734s][info][gc,metaspace   ] GC(870) Metaspace: 18734K(18944K)->18734K(18944K) NonClass: 16070K(16192K)->16070K(16192K) Class: 2664K(2752K)->2664K(2752K)
[287.734s][info][gc             ] GC(870) Pause Young (Allocation Failure) 497M->407M(621M) 96.717ms
[287.734s][info][gc,cpu         ] GC(870) User=0.19s Sys=0.00s Real=0.10s
[287.854s][info][gc,start       ] GC(871) Pause Young (Allocation Failure)
[287.954s][info][gc,heap        ] GC(871) PSYoungGen: 197217K(210944K)->89217K(222720K) Eden: 111616K(111616K)->0K(111616K) From: 85601K(99328K)->89217K(111104K)
[287.954s][info][gc,heap        ] GC(871) ParOldGen: 331470K(425472K)->331470K(425472K)
[287.954s][info][gc,metaspace   ] GC(871) Metaspace: 18734K(18944K)->18734K(18944K) NonClass: 16070K(16192K)->16070K(16192K) Class: 2664K(2752K)->2664K(2752K)
[287.954s][info][gc             ] GC(871) Pause Young (Allocation Failure) 516M->410M(633M) 99.784ms
[287.954s][info][gc,cpu         ] GC(871) User=0.20s Sys=0.00s Real=0.10s
[288.115s][info][gc,start       ] GC(872) Pause Young (Allocation Failure)
[288.214s][info][gc,heap        ] GC(872) PSYoungGen: 200833K(222720K)->75681K(222720K) Eden: 111616K(111616K)->0K(111616K) From: 89217K(111104K)->75681K(111104K)
[288.214s][info][gc,heap        ] GC(872) ParOldGen: 331470K(425472K)->345910K(425472K)
[288.214s][info][gc,metaspace   ] GC(872) Metaspace: 18734K(18944K)->18734K(18944K) NonClass: 16070K(16192K)->16070K(16192K) Class: 2664K(2752K)->2664K(2752K)
[288.214s][info][gc             ] GC(872) Pause Young (Allocation Failure) 519M->411M(633M) 99.732ms
[288.214s][info][gc,cpu         ] GC(872) User=0.20s Sys=0.00s Real=0.10s
[288.347s][info][gc,start       ] GC(873) Pause Young (Allocation Failure)
[288.437s][info][gc,heap        ] GC(873) PSYoungGen: 187297K(222720K)->57792K(222720K) Eden: 111616K(111616K)->0K(111616K) From: 75681K(111104K)->57792K(111104K)
[288.437s][info][gc,heap        ] GC(873) ParOldGen: 345910K(425472K)->367019K(425472K)
[288.437s][info][gc,metaspace   ] GC(873) Metaspace: 18734K(18944K)->18734K(18944K) NonClass: 16070K(16192K)->16070K(16192K) Class: 2664K(2752K)->2664K(2752K)
[288.437s][info][gc             ] GC(873) Pause Young (Allocation Failure) 520M->414M(633M) 90.616ms
[288.437s][info][gc,cpu         ] GC(873) User=0.18s Sys=0.00s Real=0.09s
[288.605s][info][gc,start       ] GC(874) Pause Young (Allocation Failure)
[288.677s][info][gc,heap        ] GC(874) PSYoungGen: 169408K(222720K)->21312K(222720K) Eden: 111616K(111616K)->0K(111616K) From: 57792K(111104K)->21312K(111104K)
[288.677s][info][gc,heap        ] GC(874) ParOldGen: 367019K(425472K)->417305K(425472K)
[288.677s][info][gc,metaspace   ] GC(874) Metaspace: 18734K(18944K)->18734K(18944K) NonClass: 16070K(16192K)->16070K(16192K) Class: 2664K(2752K)->2664K(2752K)
[288.677s][info][gc             ] GC(874) Pause Young (Allocation Failure) 523M->428M(633M) 71.973ms
[288.677s][info][gc,cpu         ] GC(874) User=0.14s Sys=0.00s Real=0.07s
[288.929s][info][gc,start       ] GC(875) Pause Young (Allocation Failure)
[288.961s][info][gc,heap        ] GC(875) PSYoungGen: 132928K(222720K)->24544K(222720K) Eden: 111616K(111616K)->0K(111616K) From: 21312K(111104K)->24544K(111104K)
[288.961s][info][gc,heap        ] GC(875) ParOldGen: 417305K(425472K)->421697K(425472K)
[288.961s][info][gc,metaspace   ] GC(875) Metaspace: 18734K(18944K)->18734K(18944K) NonClass: 16070K(16192K)->16070K(16192K) Class: 2664K(2752K)->2664K(2752K)
[288.961s][info][gc             ] GC(875) Pause Young (Allocation Failure) 537M->435M(633M) 31.722ms
[288.961s][info][gc,cpu         ] GC(875) User=0.06s Sys=0.00s Real=0.04s
[289.249s][info][gc,start       ] GC(876) Pause Young (Allocation Failure)
[289.281s][info][gc,heap        ] GC(876) PSYoungGen: 136160K(222720K)->7680K(222720K) Eden: 111616K(111616K)->0K(111616K) From: 24544K(111104K)->7680K(111104K)
[289.281s][info][gc,heap        ] GC(876) ParOldGen: 421697K(425472K)->438639K(438784K)
[289.281s][info][gc,metaspace   ] GC(876) Metaspace: 18734K(18944K)->18734K(18944K) NonClass: 16070K(16192K)->16070K(16192K) Class: 2664K(2752K)->2664K(2752K)
[289.281s][info][gc             ] GC(876) Pause Young (Allocation Failure) 544M->435M(646M) 32.591ms
[289.281s][info][gc,cpu         ] GC(876) User=0.06s Sys=0.01s Real=0.04s
[289.571s][info][gc,start       ] GC(877) Pause Young (Allocation Failure)
[289.584s][info][gc,heap        ] GC(877) PSYoungGen: 119296K(222720K)->64K(222720K) Eden: 111616K(111616K)->0K(111616K) From: 7680K(111104K)->64K(111104K)
[289.584s][info][gc,heap        ] GC(877) ParOldGen: 438639K(438784K)->446335K(446464K)
[289.584s][info][gc,metaspace   ] GC(877) Metaspace: 18734K(18944K)->18734K(18944K) NonClass: 16070K(16192K)->16070K(16192K) Class: 2664K(2752K)->2664K(2752K)
[289.584s][info][gc             ] GC(877) Pause Young (Allocation Failure) 544M->435M(653M) 13.318ms
[289.584s][info][gc,cpu         ] GC(877) User=0.02s Sys=0.01s Real=0.01s
[289.837s][info][gc,start       ] GC(878) Pause Young (Allocation Failure)
[289.842s][info][gc,heap        ] GC(878) PSYoungGen: 111680K(222720K)->64K(222720K) Eden: 111616K(111616K)->0K(111616K) From: 64K(111104K)->64K(111104K)
[289.842s][info][gc,heap        ] GC(878) ParOldGen: 446335K(446464K)->446359K(446464K)
[289.842s][info][gc,metaspace   ] GC(878) Metaspace: 18734K(18944K)->18734K(18944K) NonClass: 16070K(16192K)->16070K(16192K) Class: 2664K(2752K)->2664K(2752K)
[289.842s][info][gc             ] GC(878) Pause Young (Allocation Failure) 544M->435M(653M) 5.836ms
[289.842s][info][gc,cpu         ] GC(878) User=0.01s Sys=0.00s Real=0.01s
[290.084s][info][gc,start       ] GC(879) Pause Young (Allocation Failure)
[290.094s][info][gc,heap        ] GC(879) PSYoungGen: 111680K(222720K)->4544K(116224K) Eden: 111616K(111616K)->0K(111616K) From: 64K(111104K)->4544K(4608K)
[290.094s][info][gc,heap        ] GC(879) ParOldGen: 446359K(446464K)->446375K(446464K)
[290.094s][info][gc,metaspace   ] GC(879) Metaspace: 18734K(18944K)->18734K(18944K) NonClass: 16070K(16192K)->16070K(16192K) Class: 2664K(2752K)->2664K(2752K)
[290.094s][info][gc             ] GC(879) Pause Young (Allocation Failure) 544M->440M(549M) 10.153ms
[290.094s][info][gc,cpu         ] GC(879) User=0.02s Sys=0.00s Real=0.01s
[290.218s][info][gc,start       ] GC(880) Pause Young (Allocation Failure)
[290.243s][info][gc,heap        ] GC(880) PSYoungGen: 116160K(116224K)->33126K(217600K) Eden: 111616K(111616K)->0K(116736K) From: 4544K(4608K)->33126K(100864K)
[290.243s][info][gc,heap        ] GC(880) ParOldGen: 446375K(446464K)->446375K(446464K)
[290.243s][info][gc,metaspace   ] GC(880) Metaspace: 18734K(18944K)->18734K(18944K) NonClass: 16070K(16192K)->16070K(16192K) Class: 2664K(2752K)->2664K(2752K)
[290.243s][info][gc             ] GC(880) Pause Young (Allocation Failure) 549M->468M(648M) 25.538ms
[290.244s][info][gc,cpu         ] GC(880) User=0.05s Sys=0.00s Real=0.03s
[290.317s][info][gc,start       ] GC(881) Pause Young (Allocation Failure)
[290.368s][info][gc,heap        ] GC(881) PSYoungGen: 149862K(217600K)->73334K(219648K) Eden: 116736K(116736K)->0K(116736K) From: 33126K(100864K)->73334K(102912K)
[290.368s][info][gc,heap        ] GC(881) ParOldGen: 446375K(446464K)->446375K(446464K)
[290.368s][info][gc,metaspace   ] GC(881) Metaspace: 18734K(18944K)->18734K(18944K) NonClass: 16070K(16192K)->16070K(16192K) Class: 2664K(2752K)->2664K(2752K)
[290.368s][info][gc             ] GC(881) Pause Young (Allocation Failure) 582M->507M(650M) 50.315ms
[290.368s][info][gc,cpu         ] GC(881) User=0.10s Sys=0.00s Real=0.05s
[290.548s][info][gc,start       ] GC(882) Pause Young (Allocation Failure)
[290.619s][info][gc,heap        ] GC(882) PSYoungGen: 190070K(219648K)->42976K(226816K) Eden: 116736K(116736K)->0K(115712K) From: 73334K(102912K)->42976K(111104K)
[290.619s][info][gc,heap        ] GC(882) ParOldGen: 446375K(446464K)->479840K(480256K)
[290.619s][info][gc,metaspace   ] GC(882) Metaspace: 18734K(18944K)->18734K(18944K) NonClass: 16070K(16192K)->16070K(16192K) Class: 2664K(2752K)->2664K(2752K)
[290.619s][info][gc             ] GC(882) Pause Young (Allocation Failure) 621M->510M(690M) 70.588ms
[290.619s][info][gc,cpu         ] GC(882) User=0.12s Sys=0.03s Real=0.07s
[290.795s][info][gc,start       ] GC(883) Pause Young (Allocation Failure)
[290.862s][info][gc,heap        ] GC(883) PSYoungGen: 158688K(226816K)->61173K(222720K) Eden: 115712K(115712K)->0K(115712K) From: 42976K(111104K)->61173K(107008K)
[290.862s][info][gc,heap        ] GC(883) ParOldGen: 479840K(480256K)->479840K(480256K)
[290.862s][info][gc,metaspace   ] GC(883) Metaspace: 18734K(18944K)->18734K(18944K) NonClass: 16070K(16192K)->16070K(16192K) Class: 2664K(2752K)->2664K(2752K)
[290.862s][info][gc             ] GC(883) Pause Young (Allocation Failure) 623M->528M(686M) 66.259ms
[290.862s][info][gc,cpu         ] GC(883) User=0.13s Sys=0.00s Real=0.07s
[291.008s][info][gc,start       ] GC(884) Pause Young (Allocation Failure)
[291.084s][info][gc,heap        ] GC(884) PSYoungGen: 176885K(222720K)->76437K(220672K) Eden: 115712K(115712K)->0K(111616K) From: 61173K(107008K)->76437K(109056K)
[291.084s][info][gc,heap        ] GC(884) ParOldGen: 479840K(480256K)->479840K(480256K)
[291.084s][info][gc,metaspace   ] GC(884) Metaspace: 18734K(18944K)->18734K(18944K) NonClass: 16070K(16192K)->16070K(16192K) Class: 2664K(2752K)->2664K(2752K)
[291.084s][info][gc             ] GC(884) Pause Young (Allocation Failure) 641M->543M(684M) 75.616ms
[291.084s][info][gc,cpu         ] GC(884) User=0.15s Sys=0.00s Real=0.08s
[291.164s][info][gc,start       ] GC(885) Pause Young (Allocation Failure)
[291.285s][info][gc,heap        ] GC(885) PSYoungGen: 188053K(220672K)->55052K(222720K) Eden: 111616K(111616K)->0K(111616K) From: 76437K(109056K)->55052K(111104K)
[291.285s][info][gc,heap        ] GC(885) ParOldGen: 479840K(480256K)->523236K(523264K)
[291.285s][info][gc,metaspace   ] GC(885) Metaspace: 18734K(18944K)->18734K(18944K) NonClass: 16070K(16192K)->16070K(16192K) Class: 2664K(2752K)->2664K(2752K)
[291.285s][info][gc             ] GC(885) Pause Young (Allocation Failure) 652M->564M(728M) 121.561ms
[291.285s][info][gc,cpu         ] GC(885) User=0.20s Sys=0.04s Real=0.12s
[291.375s][info][gc,start       ] GC(886) Pause Young (Allocation Failure)
[291.480s][info][gc,heap        ] GC(886) PSYoungGen: 166668K(222720K)->51104K(218624K) Eden: 111616K(111616K)->0K(111616K) From: 55052K(111104K)->51104K(107008K)
[291.480s][info][gc,heap        ] GC(886) ParOldGen: 523236K(523264K)->556755K(557056K)
[291.480s][info][gc,metaspace   ] GC(886) Metaspace: 18735K(18944K)->18735K(18944K) NonClass: 16071K(16192K)->16071K(16192K) Class: 2664K(2752K)->2664K(2752K)
[291.480s][info][gc             ] GC(886) Pause Young (Allocation Failure) 673M->593M(757M) 104.756ms
[291.480s][info][gc,cpu         ] GC(886) User=0.19s Sys=0.02s Real=0.10s
[291.554s][info][gc,start       ] GC(887) Pause Young (Allocation Failure)
[291.610s][info][gc,heap        ] GC(887) PSYoungGen: 162720K(218624K)->67408K(220672K) Eden: 111616K(111616K)->0K(111616K) From: 51104K(107008K)->67408K(109056K)
[291.610s][info][gc,heap        ] GC(887) ParOldGen: 556755K(557056K)->556755K(557056K)
[291.610s][info][gc,metaspace   ] GC(887) Metaspace: 18735K(18944K)->18735K(18944K) NonClass: 16071K(16192K)->16071K(16192K) Class: 2664K(2752K)->2664K(2752K)
[291.610s][info][gc             ] GC(887) Pause Young (Allocation Failure) 702M->609M(759M) 55.648ms
[291.610s][info][gc,cpu         ] GC(887) User=0.11s Sys=0.00s Real=0.05s
[291.673s][info][gc,start       ] GC(888) Pause Young (Allocation Failure)
[291.729s][info][gc,heap        ] GC(888) PSYoungGen: 179024K(220672K)->68176K(222720K) Eden: 111616K(111616K)->0K(111616K) From: 67408K(109056K)->68176K(111104K)
[291.729s][info][gc,heap        ] GC(888) ParOldGen: 556755K(557056K)->556755K(557056K)
[291.729s][info][gc,metaspace   ] GC(888) Metaspace: 18735K(18944K)->18735K(18944K) NonClass: 16071K(16192K)->16071K(16192K) Class: 2664K(2752K)->2664K(2752K)
[291.729s][info][gc             ] GC(888) Pause Young (Allocation Failure) 718M->610M(761M) 56.513ms
[291.729s][info][gc,cpu         ] GC(888) User=0.11s Sys=0.00s Real=0.05s
[291.797s][info][gc,start       ] GC(889) Pause Young (Allocation Failure)
[291.883s][info][gc,heap        ] GC(889) PSYoungGen: 179792K(222720K)->17568K(222720K) Eden: 111616K(111616K)->0K(111616K) From: 68176K(111104K)->17568K(111104K)
[291.883s][info][gc,heap        ] GC(889) ParOldGen: 556755K(557056K)->608139K(608256K)
[291.883s][info][gc,metaspace   ] GC(889) Metaspace: 18735K(18944K)->18735K(18944K) NonClass: 16071K(16192K)->16071K(16192K) Class: 2664K(2752K)->2664K(2752K)
[291.883s][info][gc             ] GC(889) Pause Young (Allocation Failure) 719M->611M(811M) 85.844ms
[291.883s][info][gc,cpu         ] GC(889) User=0.12s Sys=0.05s Real=0.09s
[291.968s][info][gc,start       ] GC(890) Pause Full (Allocation Failure)
[291.968s][info][gc,phases,start] GC(890) Marking Phase
[292.224s][info][gc,phases      ] GC(890) Marking Phase 256.772ms
[292.224s][info][gc,phases,start] GC(890) Summary Phase
[292.225s][info][gc,phases      ] GC(890) Summary Phase 0.031ms
[292.225s][info][gc,phases,start] GC(890) Forward
[292.308s][info][gc,phases      ] GC(890) Forward 83.105ms
[292.308s][info][gc,phases,start] GC(890) Adjust Pointers
[292.506s][info][gc,phases      ] GC(890) Adjust Pointers 198.340ms
[292.506s][info][gc,phases,start] GC(890) Compaction Phase
[292.618s][info][gc,phases      ] GC(890) Compaction Phase 112.189ms
[292.625s][info][gc,phases,start] GC(890) Post Compact
[292.627s][info][gc,phases      ] GC(890) Post Compact 2.167ms
[292.627s][info][gc,heap        ] GC(890) PSYoungGen: 129184K(222720K)->0K(222720K) Eden: 111616K(111616K)->0K(111616K) From: 17568K(111104K)->0K(111104K)
[292.627s][info][gc,heap        ] GC(890) ParOldGen: 608139K(608256K)->355759K(667648K)
[292.627s][info][gc,metaspace   ] GC(890) Metaspace: 18735K(18944K)->18735K(18944K) NonClass: 16071K(16192K)->16071K(16192K) Class: 2664K(2752K)->2664K(2752K)
[292.627s][info][gc             ] GC(890) Pause Full (Allocation Failure) 720M->347M(869M) 659.715ms
[292.627s][info][gc,cpu         ] GC(890) User=1.26s Sys=0.00s Real=0.66s
[292.721s][info][gc,start       ] GC(891) Pause Young (Allocation Failure)
[292.739s][info][gc,heap        ] GC(891) PSYoungGen: 111616K(222720K)->14208K(125952K) Eden: 111616K(111616K)->0K(111616K) From: 0K(111104K)->14208K(14336K)
[292.739s][info][gc,heap        ] GC(891) ParOldGen: 355759K(667648K)->355759K(667648K)
[292.739s][info][gc,metaspace   ] GC(891) Metaspace: 18735K(18944K)->18735K(18944K) NonClass: 16071K(16192K)->16071K(16192K) Class: 2664K(2752K)->2664K(2752K)
[292.739s][info][gc             ] GC(891) Pause Young (Allocation Failure) 456M->361M(775M) 18.505ms
[292.739s][info][gc,cpu         ] GC(891) User=0.03s Sys=0.00s Real=0.01s
[292.830s][info][gc,start       ] GC(892) Pause Young (Allocation Failure)
[292.862s][info][gc,heap        ] GC(892) PSYoungGen: 125824K(125952K)->28768K(226816K) Eden: 111616K(111616K)->0K(116224K) From: 14208K(14336K)->28768K(110592K)
[292.862s][info][gc,heap        ] GC(892) ParOldGen: 355759K(667648K)->355759K(667648K)
[292.862s][info][gc,metaspace   ] GC(892) Metaspace: 18735K(18944K)->18735K(18944K) NonClass: 16071K(16192K)->16071K(16192K) Class: 2664K(2752K)->2664K(2752K)
[292.862s][info][gc             ] GC(892) Pause Young (Allocation Failure) 470M->375M(873M) 31.722ms
[292.862s][info][gc,cpu         ] GC(892) User=0.06s Sys=0.00s Real=0.03s
[292.962s][info][gc,start       ] GC(893) Pause Young (Allocation Failure)
[293.004s][info][gc,heap        ] GC(893) PSYoungGen: 144992K(226816K)->38368K(154624K) Eden: 116224K(116224K)->0K(116224K) From: 28768K(110592K)->38368K(38400K)
[293.004s][info][gc,heap        ] GC(893) ParOldGen: 355759K(667648K)->355759K(667648K)
[293.004s][info][gc,metaspace   ] GC(893) Metaspace: 18735K(18944K)->18735K(18944K) NonClass: 16071K(16192K)->16071K(16192K) Class: 2664K(2752K)->2664K(2752K)
[293.004s][info][gc             ] GC(893) Pause Young (Allocation Failure) 489M->384M(803M) 41.425ms
[293.004s][info][gc,cpu         ] GC(893) User=0.09s Sys=0.00s Real=0.04s
[293.111s][info][gc,start       ] GC(894) Pause Young (Allocation Failure)
[293.168s][info][gc,heap        ] GC(894) PSYoungGen: 154592K(154624K)->53472K(219136K) Eden: 116224K(116224K)->0K(118784K) From: 38368K(38400K)->53472K(100352K)
[293.168s][info][gc,heap        ] GC(894) ParOldGen: 355759K(667648K)->355759K(667648K)
[293.168s][info][gc,metaspace   ] GC(894) Metaspace: 18735K(18944K)->18735K(18944K) NonClass: 16071K(16192K)->16071K(16192K) Class: 2664K(2752K)->2664K(2752K)
[293.168s][info][gc             ] GC(894) Pause Young (Allocation Failure) 498M->399M(866M) 57.275ms
[293.168s][info][gc,cpu         ] GC(894) User=0.11s Sys=0.00s Real=0.05s
[293.551s][info][gc,start       ] GC(895) Pause Young (Allocation Failure)
[293.606s][info][gc,heap        ] GC(895) PSYoungGen: 172256K(219136K)->53536K(217600K) Eden: 118784K(118784K)->0K(118784K) From: 53472K(100352K)->53536K(98816K)
[293.606s][info][gc,heap        ] GC(895) ParOldGen: 355759K(667648K)->355759K(667648K)
[293.606s][info][gc,metaspace   ] GC(895) Metaspace: 18735K(18944K)->18735K(18944K) NonClass: 16071K(16192K)->16071K(16192K) Class: 2664K(2752K)->2664K(2752K)
[293.606s][info][gc             ] GC(895) Pause Young (Allocation Failure) 515M->399M(864M) 55.261ms
[293.606s][info][gc,cpu         ] GC(895) User=0.11s Sys=0.00s Real=0.05s
[293.838s][info][gc,start       ] GC(896) Pause Young (Allocation Failure)
[293.905s][info][gc,heap        ] GC(896) PSYoungGen: 172320K(217600K)->63248K(223744K) Eden: 118784K(118784K)->0K(126464K) From: 53536K(98816K)->63248K(97280K)
[293.905s][info][gc,heap        ] GC(896) ParOldGen: 355759K(667648K)->355759K(667648K)
[293.905s][info][gc,metaspace   ] GC(896) Metaspace: 18744K(18944K)->18744K(18944K) NonClass: 16080K(16192K)->16080K(16192K) Class: 2664K(2752K)->2664K(2752K)
[293.905s][info][gc             ] GC(896) Pause Young (Allocation Failure) 515M->409M(870M) 67.528ms
[293.905s][info][gc,cpu         ] GC(896) User=0.13s Sys=0.00s Real=0.07s
[294.060s][info][gc,start       ] GC(897) Pause Young (Allocation Failure)
[294.132s][info][gc,heap        ] GC(897) PSYoungGen: 189712K(223744K)->73424K(225792K) Eden: 126464K(126464K)->0K(126464K) From: 63248K(97280K)->73424K(99328K)
[294.132s][info][gc,heap        ] GC(897) ParOldGen: 355759K(667648K)->355759K(667648K)
[294.132s][info][gc,metaspace   ] GC(897) Metaspace: 18747K(18944K)->18747K(18944K) NonClass: 16083K(16192K)->16083K(16192K) Class: 2664K(2752K)->2664K(2752K)
[294.133s][info][gc             ] GC(897) Pause Young (Allocation Failure) 532M->419M(872M) 72.228ms
[294.133s][info][gc,cpu         ] GC(897) User=0.14s Sys=0.00s Real=0.07s
[294.284s][info][gc,start       ] GC(898) Pause Young (Allocation Failure)
[294.378s][info][gc,heap        ] GC(898) PSYoungGen: 199888K(225792K)->97408K(216064K) Eden: 126464K(126464K)->0K(111616K) From: 73424K(99328K)->97408K(104448K)
[294.378s][info][gc,heap        ] GC(898) ParOldGen: 355759K(667648K)->355759K(667648K)
[294.378s][info][gc,metaspace   ] GC(898) Metaspace: 18751K(18944K)->18751K(18944K) NonClass: 16087K(16192K)->16087K(16192K) Class: 2664K(2752K)->2664K(2752K)
[294.378s][info][gc             ] GC(898) Pause Young (Allocation Failure) 542M->442M(863M) 94.141ms
[294.378s][info][gc,cpu         ] GC(898) User=0.18s Sys=0.00s Real=0.09s
[294.438s][info][gc,start       ] GC(899) Pause Young (Allocation Failure)
[294.558s][info][gc,heap        ] GC(899) PSYoungGen: 209024K(216064K)->111072K(222720K) Eden: 111616K(111616K)->0K(111616K) From: 97408K(104448K)->111072K(111104K)
[294.558s][info][gc,heap        ] GC(899) ParOldGen: 355759K(667648K)->383103K(667648K)
[294.558s][info][gc,metaspace   ] GC(899) Metaspace: 18751K(18944K)->18751K(18944K) NonClass: 16087K(16192K)->16087K(16192K) Class: 2664K(2752K)->2664K(2752K)
[294.558s][info][gc             ] GC(899) Pause Young (Allocation Failure) 551M->482M(869M) 120.132ms
[294.558s][info][gc,cpu         ] GC(899) User=0.24s Sys=0.00s Real=0.12s
[294.757s][info][gc,start       ] GC(900) Pause Young (Allocation Failure)
[294.859s][info][gc,heap        ] GC(900) PSYoungGen: 222688K(222720K)->99520K(222720K) Eden: 111616K(111616K)->0K(111616K) From: 111072K(111104K)->99520K(111104K)
[294.859s][info][gc,heap        ] GC(900) ParOldGen: 383103K(667648K)->407282K(667648K)
[294.859s][info][gc,metaspace   ] GC(900) Metaspace: 18751K(18944K)->18751K(18944K) NonClass: 16087K(16192K)->16087K(16192K) Class: 2664K(2752K)->2664K(2752K)
[294.859s][info][gc             ] GC(900) Pause Young (Allocation Failure) 591M->494M(869M) 101.411ms
[294.859s][info][gc,cpu         ] GC(900) User=0.21s Sys=0.00s Real=0.10s
[295.013s][info][gc,start       ] GC(901) Pause Young (Allocation Failure)
[295.111s][info][gc,heap        ] GC(901) PSYoungGen: 211136K(222720K)->95807K(222720K) Eden: 111616K(111616K)->0K(111616K) From: 99520K(111104K)->95807K(111104K)
[295.111s][info][gc,heap        ] GC(901) ParOldGen: 407282K(667648K)->422483K(667648K)
[295.111s][info][gc,metaspace   ] GC(901) Metaspace: 18751K(18944K)->18751K(18944K) NonClass: 16087K(16192K)->16087K(16192K) Class: 2664K(2752K)->2664K(2752K)
[295.111s][info][gc             ] GC(901) Pause Young (Allocation Failure) 603M->506M(869M) 98.160ms
[295.111s][info][gc,cpu         ] GC(901) User=0.20s Sys=0.00s Real=0.10s
[295.252s][info][gc,start       ] GC(902) Pause Young (Allocation Failure)
[295.367s][info][gc,heap        ] GC(902) PSYoungGen: 207423K(222720K)->102306K(222720K) Eden: 111616K(111616K)->0K(111616K) From: 95807K(111104K)->102306K(111104K)
[295.367s][info][gc,heap        ] GC(902) ParOldGen: 422483K(667648K)->442508K(667648K)
[295.367s][info][gc,metaspace   ] GC(902) Metaspace: 18751K(18944K)->18751K(18944K) NonClass: 16087K(16192K)->16087K(16192K) Class: 2664K(2752K)->2664K(2752K)
[295.367s][info][gc             ] GC(902) Pause Young (Allocation Failure) 615M->532M(869M) 114.903ms
[295.367s][info][gc,cpu         ] GC(902) User=0.22s Sys=0.00s Real=0.11s
[295.508s][info][gc,start       ] GC(903) Pause Young (Allocation Failure)
[295.622s][info][gc,heap        ] GC(903) PSYoungGen: 213922K(222720K)->66962K(222720K) Eden: 111616K(111616K)->0K(111616K) From: 102306K(111104K)->66962K(111104K)
[295.622s][info][gc,heap        ] GC(903) ParOldGen: 442508K(667648K)->494980K(667648K)
[295.622s][info][gc,metaspace   ] GC(903) Metaspace: 18755K(18944K)->18755K(18944K) NonClass: 16091K(16192K)->16091K(16192K) Class: 2664K(2752K)->2664K(2752K)
[295.622s][info][gc             ] GC(903) Pause Young (Allocation Failure) 641M->548M(869M) 114.273ms
[295.622s][info][gc,cpu         ] GC(903) User=0.23s Sys=0.00s Real=0.12s
[295.707s][info][gc,start       ] GC(904) Pause Young (Allocation Failure)
[295.789s][info][gc,heap        ] GC(904) PSYoungGen: 178578K(222720K)->47392K(222720K) Eden: 111616K(111616K)->0K(111616K) From: 66962K(111104K)->47392K(111104K)
[295.789s][info][gc,heap        ] GC(904) ParOldGen: 494980K(667648K)->518627K(667648K)
[295.789s][info][gc,metaspace   ] GC(904) Metaspace: 18755K(18944K)->18755K(18944K) NonClass: 16091K(16192K)->16091K(16192K) Class: 2664K(2752K)->2664K(2752K)
[295.789s][info][gc             ] GC(904) Pause Young (Allocation Failure) 657M->552M(869M) 82.383ms
[295.789s][info][gc,cpu         ] GC(904) User=0.16s Sys=0.00s Real=0.08s
[295.926s][info][gc,start       ] GC(905) Pause Young (Allocation Failure)
[295.987s][info][gc,heap        ] GC(905) PSYoungGen: 159008K(222720K)->4704K(222720K) Eden: 111616K(111616K)->0K(111616K) From: 47392K(111104K)->4704K(111104K)
[295.987s][info][gc,heap        ] GC(905) ParOldGen: 518627K(667648K)->562115K(667648K)
[295.987s][info][gc,metaspace   ] GC(905) Metaspace: 18755K(18944K)->18755K(18944K) NonClass: 16091K(16192K)->16091K(16192K) Class: 2664K(2752K)->2664K(2752K)
[295.987s][info][gc             ] GC(905) Pause Young (Allocation Failure) 661M->553M(869M) 61.047ms
[295.987s][info][gc,cpu         ] GC(905) User=0.12s Sys=0.00s Real=0.06s
[296.144s][info][gc,start       ] GC(906) Pause Young (Allocation Failure)
[296.166s][info][gc,heap        ] GC(906) PSYoungGen: 116320K(222720K)->3904K(222720K) Eden: 111616K(111616K)->0K(111616K) From: 4704K(111104K)->3904K(111104K)
[296.166s][info][gc,heap        ] GC(906) ParOldGen: 562115K(667648K)->566803K(667648K)
[296.166s][info][gc,metaspace   ] GC(906) Metaspace: 18755K(18944K)->18755K(18944K) NonClass: 16091K(16192K)->16091K(16192K) Class: 2664K(2752K)->2664K(2752K)
[296.166s][info][gc             ] GC(906) Pause Young (Allocation Failure) 662M->557M(869M) 21.796ms
[296.166s][info][gc,cpu         ] GC(906) User=0.04s Sys=0.00s Real=0.02s
[296.303s][info][gc,start       ] GC(907) Pause Young (Allocation Failure)
[296.323s][info][gc,heap        ] GC(907) PSYoungGen: 115520K(222720K)->13920K(222720K) Eden: 111616K(111616K)->0K(111616K) From: 3904K(111104K)->13920K(111104K)
[296.323s][info][gc,heap        ] GC(907) ParOldGen: 566803K(667648K)->570707K(667648K)
[296.323s][info][gc,metaspace   ] GC(907) Metaspace: 18755K(18944K)->18755K(18944K) NonClass: 16091K(16192K)->16091K(16192K) Class: 2664K(2752K)->2664K(2752K)
[296.323s][info][gc             ] GC(907) Pause Young (Allocation Failure) 666M->570M(869M) 19.903ms
[296.323s][info][gc,cpu         ] GC(907) User=0.04s Sys=0.00s Real=0.02s
[296.438s][info][gc,start       ] GC(908) Pause Young (Allocation Failure)
[296.479s][info][gc,heap        ] GC(908) PSYoungGen: 125536K(222720K)->36370K(222720K) Eden: 111616K(111616K)->0K(111616K) From: 13920K(111104K)->36370K(111104K)
[296.479s][info][gc,heap        ] GC(908) ParOldGen: 570707K(667648K)->584667K(667648K)
[296.479s][info][gc,metaspace   ] GC(908) Metaspace: 18761K(18944K)->18761K(18944K) NonClass: 16097K(16192K)->16097K(16192K) Class: 2664K(2752K)->2664K(2752K)
[296.479s][info][gc             ] GC(908) Pause Young (Allocation Failure) 679M->606M(869M) 40.735ms
[296.479s][info][gc,cpu         ] GC(908) User=0.08s Sys=0.00s Real=0.04s
[296.523s][info][gc,start       ] GC(909) Pause Young (Allocation Failure)
[296.584s][info][gc,heap        ] GC(909) PSYoungGen: 147986K(222720K)->41136K(222720K) Eden: 111616K(111616K)->0K(111616K) From: 36370K(111104K)->41136K(111104K)
[296.584s][info][gc,heap        ] GC(909) ParOldGen: 584667K(667648K)->621464K(667648K)
[296.584s][info][gc,metaspace   ] GC(909) Metaspace: 18761K(18944K)->18761K(18944K) NonClass: 16097K(16192K)->16097K(16192K) Class: 2664K(2752K)->2664K(2752K)
[296.584s][info][gc             ] GC(909) Pause Young (Allocation Failure) 715M->647M(869M) 60.888ms
[296.584s][info][gc,cpu         ] GC(909) User=0.11s Sys=0.01s Real=0.06s
[296.775s][info][gc,start       ] GC(910) Pause Full (Allocation Failure)
[296.775s][info][gc,phases,start] GC(910) Marking Phase
[297.099s][info][gc,phases      ] GC(910) Marking Phase 324.289ms
[297.099s][info][gc,phases,start] GC(910) Summary Phase
[297.099s][info][gc,phases      ] GC(910) Summary Phase 0.027ms
[297.099s][info][gc,phases,start] GC(910) Forward
[297.213s][info][gc,phases      ] GC(910) Forward 113.255ms
[297.213s][info][gc,phases,start] GC(910) Adjust Pointers
[297.458s][info][gc,phases      ] GC(910) Adjust Pointers 245.590ms
[297.458s][info][gc,phases,start] GC(910) Compaction Phase
[297.612s][info][gc,phases      ] GC(910) Compaction Phase 154.043ms
[297.619s][info][gc,phases,start] GC(910) Post Compact
[297.621s][info][gc,phases      ] GC(910) Post Compact 2.234ms
[297.621s][info][gc,heap        ] GC(910) PSYoungGen: 152752K(222720K)->0K(222720K) Eden: 111616K(111616K)->0K(111616K) From: 41136K(111104K)->0K(111104K)
[297.621s][info][gc,heap        ] GC(910) ParOldGen: 621464K(667648K)->461667K(667648K)
[297.621s][info][gc,metaspace   ] GC(910) Metaspace: 18761K(18944K)->18761K(18944K) NonClass: 16097K(16192K)->16097K(16192K) Class: 2664K(2752K)->2664K(2752K)
[297.621s][info][gc             ] GC(910) Pause Full (Allocation Failure) 756M->450M(869M) 846.433ms
[297.621s][info][gc,cpu         ] GC(910) User=1.62s Sys=0.00s Real=0.85s
[297.823s][info][gc,start       ] GC(911) Pause Young (Allocation Failure)
[297.862s][info][gc,heap        ] GC(911) PSYoungGen: 111616K(222720K)->20576K(222720K) Eden: 111616K(111616K)->0K(111616K) From: 0K(111104K)->20576K(111104K)
[297.862s][info][gc,heap        ] GC(911) ParOldGen: 461667K(667648K)->461667K(667648K)
[297.862s][info][gc,metaspace   ] GC(911) Metaspace: 18761K(18944K)->18761K(18944K) NonClass: 16097K(16192K)->16097K(16192K) Class: 2664K(2752K)->2664K(2752K)
[297.862s][info][gc             ] GC(911) Pause Young (Allocation Failure) 559M->470M(869M) 38.869ms
[297.862s][info][gc,cpu         ] GC(911) User=0.08s Sys=0.00s Real=0.04s
[297.979s][info][gc,start       ] GC(912) Pause Young (Allocation Failure)
[298.034s][info][gc,heap        ] GC(912) PSYoungGen: 132192K(222720K)->23456K(222720K) Eden: 111616K(111616K)->0K(111616K) From: 20576K(111104K)->23456K(111104K)
[298.034s][info][gc,heap        ] GC(912) ParOldGen: 461667K(667648K)->482275K(667648K)
[298.034s][info][gc,metaspace   ] GC(912) Metaspace: 18761K(18944K)->18761K(18944K) NonClass: 16097K(16192K)->16097K(16192K) Class: 2664K(2752K)->2664K(2752K)
[298.034s][info][gc             ] GC(912) Pause Young (Allocation Failure) 579M->493M(869M) 55.710ms
[298.035s][info][gc,cpu         ] GC(912) User=0.11s Sys=0.00s Real=0.06s
[298.167s][info][gc,start       ] GC(913) Pause Young (Allocation Failure)
[298.205s][info][gc,heap        ] GC(913) PSYoungGen: 135072K(222720K)->14368K(222720K) Eden: 111616K(111616K)->0K(111616K) From: 23456K(111104K)->14368K(111104K)
[298.205s][info][gc,heap        ] GC(913) ParOldGen: 482275K(667648K)->505563K(667648K)
[298.205s][info][gc,metaspace   ] GC(913) Metaspace: 18761K(18944K)->18761K(18944K) NonClass: 16097K(16192K)->16097K(16192K) Class: 2664K(2752K)->2664K(2752K)
[298.205s][info][gc             ] GC(913) Pause Young (Allocation Failure) 602M->507M(869M) 38.413ms
[298.205s][info][gc,cpu         ] GC(913) User=0.08s Sys=0.00s Real=0.04s
[298.302s][info][gc,start       ] GC(914) Pause Young (Allocation Failure)
[298.320s][info][gc,heap        ] GC(914) PSYoungGen: 125984K(222720K)->704K(222720K) Eden: 111616K(111616K)->0K(111616K) From: 14368K(111104K)->704K(111104K)
[298.320s][info][gc,heap        ] GC(914) ParOldGen: 505563K(667648K)->519931K(667648K)
[298.320s][info][gc,metaspace   ] GC(914) Metaspace: 18761K(18944K)->18761K(18944K) NonClass: 16097K(16192K)->16097K(16192K) Class: 2664K(2752K)->2664K(2752K)
[298.320s][info][gc             ] GC(914) Pause Young (Allocation Failure) 616M->508M(869M) 17.398ms
[298.320s][info][gc,cpu         ] GC(914) User=0.03s Sys=0.00s Real=0.01s
[298.451s][info][gc,start       ] GC(915) Pause Young (Allocation Failure)
[298.457s][info][gc,heap        ] GC(915) PSYoungGen: 112320K(222720K)->192K(222720K) Eden: 111616K(111616K)->0K(111616K) From: 704K(111104K)->192K(111104K)
[298.457s][info][gc,heap        ] GC(915) ParOldGen: 519931K(667648K)->520587K(667648K)
[298.457s][info][gc,metaspace   ] GC(915) Metaspace: 18761K(18944K)->18761K(18944K) NonClass: 16097K(16192K)->16097K(16192K) Class: 2664K(2752K)->2664K(2752K)
[298.457s][info][gc             ] GC(915) Pause Young (Allocation Failure) 617M->508M(869M) 6.841ms
[298.457s][info][gc,cpu         ] GC(915) User=0.02s Sys=0.00s Real=0.00s
[298.586s][info][gc,start       ] GC(916) Pause Young (Allocation Failure)
[298.593s][info][gc,heap        ] GC(916) PSYoungGen: 111808K(222720K)->3872K(222720K) Eden: 111616K(111616K)->0K(111616K) From: 192K(111104K)->3872K(111104K)
[298.593s][info][gc,heap        ] GC(916) ParOldGen: 520587K(667648K)->520763K(667648K)
[298.593s][info][gc,metaspace   ] GC(916) Metaspace: 18761K(18944K)->18761K(18944K) NonClass: 16097K(16192K)->16097K(16192K) Class: 2664K(2752K)->2664K(2752K)
[298.593s][info][gc             ] GC(916) Pause Young (Allocation Failure) 617M->512M(869M) 7.218ms
[298.593s][info][gc,cpu         ] GC(916) User=0.01s Sys=0.00s Real=0.01s
[298.803s][info][gc,start       ] GC(917) Pause Young (Allocation Failure)
[298.819s][info][gc,heap        ] GC(917) PSYoungGen: 115488K(222720K)->9952K(222720K) Eden: 111616K(111616K)->0K(111616K) From: 3872K(111104K)->9952K(111104K)
[298.819s][info][gc,heap        ] GC(917) ParOldGen: 520763K(667648K)->524635K(667648K)
[298.819s][info][gc,metaspace   ] GC(917) Metaspace: 18761K(18944K)->18761K(18944K) NonClass: 16097K(16192K)->16097K(16192K) Class: 2664K(2752K)->2664K(2752K)
[298.819s][info][gc             ] GC(917) Pause Young (Allocation Failure) 621M->522M(869M) 15.548ms
[298.819s][info][gc,cpu         ] GC(917) User=0.03s Sys=0.00s Real=0.01s
[298.972s][info][gc,start       ] GC(918) Pause Young (Allocation Failure)
[299.002s][info][gc,heap        ] GC(918) PSYoungGen: 121568K(222720K)->26704K(206336K) Eden: 111616K(111616K)->0K(111616K) From: 9952K(111104K)->26704K(94720K)
[299.002s][info][gc,heap        ] GC(918) ParOldGen: 524635K(667648K)->524635K(667648K)
[299.002s][info][gc,metaspace   ] GC(918) Metaspace: 18761K(18944K)->18761K(18944K) NonClass: 16097K(16192K)->16097K(16192K) Class: 2664K(2752K)->2664K(2752K)
[299.002s][info][gc             ] GC(918) Pause Young (Allocation Failure) 631M->538M(853M) 29.773ms
[299.002s][info][gc,cpu         ] GC(918) User=0.05s Sys=0.00s Real=0.03s
[299.346s][info][gc,start       ] GC(919) Pause Young (Allocation Failure)
[299.373s][info][gc,heap        ] GC(919) PSYoungGen: 138320K(206336K)->26784K(138752K) Eden: 111616K(111616K)->0K(111616K) From: 26704K(94720K)->26784K(27136K)
[299.373s][info][gc,heap        ] GC(919) ParOldGen: 524635K(667648K)->524635K(667648K)
[299.373s][info][gc,metaspace   ] GC(919) Metaspace: 18761K(18944K)->18761K(18944K) NonClass: 16097K(16192K)->16097K(16192K) Class: 2664K(2752K)->2664K(2752K)
[299.373s][info][gc             ] GC(919) Pause Young (Allocation Failure) 647M->538M(787M) 27.560ms
[299.373s][info][gc,cpu         ] GC(919) User=0.06s Sys=0.00s Real=0.03s
[299.633s][info][gc,start       ] GC(920) Pause Young (Allocation Failure)
[299.663s][info][gc,heap        ] GC(920) PSYoungGen: 138400K(138752K)->26720K(201216K) Eden: 111616K(111616K)->0K(117760K) From: 26784K(27136K)->26720K(83456K)
[299.663s][info][gc,heap        ] GC(920) ParOldGen: 524635K(667648K)->524635K(667648K)
[299.663s][info][gc,metaspace   ] GC(920) Metaspace: 18761K(18944K)->18761K(18944K) NonClass: 16097K(16192K)->16097K(16192K) Class: 2664K(2752K)->2664K(2752K)
[299.663s][info][gc             ] GC(920) Pause Young (Allocation Failure) 647M->538M(848M) 30.070ms
[299.663s][info][gc,cpu         ] GC(920) User=0.06s Sys=0.00s Real=0.03s
[299.941s][info][gc,start       ] GC(921) Pause Young (Allocation Failure)
[299.969s][info][gc,heap        ] GC(921) PSYoungGen: 144480K(201216K)->26736K(144896K) Eden: 117760K(117760K)->0K(117760K) From: 26720K(83456K)->26736K(27136K)
[299.969s][info][gc,heap        ] GC(921) ParOldGen: 524635K(667648K)->524635K(667648K)
[299.969s][info][gc,metaspace   ] GC(921) Metaspace: 18761K(18944K)->18761K(18944K) NonClass: 16097K(16192K)->16097K(16192K) Class: 2664K(2752K)->2664K(2752K)
[299.969s][info][gc             ] GC(921) Pause Young (Allocation Failure) 653M->538M(793M) 28.056ms
[299.969s][info][gc,cpu         ] GC(921) User=0.05s Sys=0.00s Real=0.02s
[300.220s][info][gc,start       ] GC(922) Pause Young (Allocation Failure)
[300.248s][info][gc,heap        ] GC(922) PSYoungGen: 144496K(144896K)->26720K(196608K) Eden: 117760K(117760K)->0K(123392K) From: 26736K(27136K)->26720K(73216K)
[300.248s][info][gc,heap        ] GC(922) ParOldGen: 524635K(667648K)->524635K(667648K)
[300.248s][info][gc,metaspace   ] GC(922) Metaspace: 18761K(18944K)->18761K(18944K) NonClass: 16097K(16192K)->16097K(16192K) Class: 2664K(2752K)->2664K(2752K)
[300.248s][info][gc             ] GC(922) Pause Young (Allocation Failure) 653M->538M(844M) 27.716ms
[300.248s][info][gc,cpu         ] GC(922) User=0.06s Sys=0.01s Real=0.02s
[300.573s][info][gc,start       ] GC(923) Pause Young (Allocation Failure)
[300.611s][info][gc,heap        ] GC(923) PSYoungGen: 150112K(196608K)->26736K(201728K) Eden: 123392K(123392K)->0K(123392K) From: 26720K(73216K)->26736K(78336K)
[300.611s][info][gc,heap        ] GC(923) ParOldGen: 524635K(667648K)->524635K(667648K)
[300.611s][info][gc,metaspace   ] GC(923) Metaspace: 18761K(18944K)->18761K(18944K) NonClass: 16097K(16192K)->16097K(16192K) Class: 2664K(2752K)->2664K(2752K)
[300.611s][info][gc             ] GC(923) Pause Young (Allocation Failure) 658M->538M(849M) 37.975ms
[300.611s][info][gc,cpu         ] GC(923) User=0.07s Sys=0.00s Real=0.04s
[300.812s][info][gc,start       ] GC(924) Pause Young (Allocation Failure)
[300.849s][info][gc,heap        ] GC(924) PSYoungGen: 150128K(201728K)->41088K(203264K) Eden: 123392K(123392K)->0K(129536K) From: 26736K(78336K)->41088K(73728K)
[300.849s][info][gc,heap        ] GC(924) ParOldGen: 524635K(667648K)->524635K(667648K)
[300.849s][info][gc,metaspace   ] GC(924) Metaspace: 18761K(18944K)->18761K(18944K) NonClass: 16097K(16192K)->16097K(16192K) Class: 2664K(2752K)->2664K(2752K)
[300.849s][info][gc             ] GC(924) Pause Young (Allocation Failure) 658M->552M(850M) 36.522ms
[300.849s][info][gc,cpu         ] GC(924) User=0.07s Sys=0.00s Real=0.03s
[300.916s][info][gc,start       ] GC(925) Pause Young (Allocation Failure)
[300.990s][info][gc,heap        ] GC(925) PSYoungGen: 170624K(203264K)->73696K(203264K) Eden: 129536K(129536K)->0K(129536K) From: 41088K(73728K)->73696K(73728K)
[300.990s][info][gc,heap        ] GC(925) ParOldGen: 524635K(667648K)->539227K(667648K)
[300.990s][info][gc,metaspace   ] GC(925) Metaspace: 18761K(18944K)->18761K(18944K) NonClass: 16097K(16192K)->16097K(16192K) Class: 2664K(2752K)->2664K(2752K)
[300.990s][info][gc             ] GC(925) Pause Young (Allocation Failure) 678M->598M(850M) 74.012ms
[300.990s][info][gc,cpu         ] GC(925) User=0.15s Sys=0.00s Real=0.08s
[301.201s][info][gc,start       ] GC(926) Pause Young (Allocation Failure)
[301.279s][info][gc,heap        ] GC(926) PSYoungGen: 203232K(203264K)->60864K(226816K) Eden: 129536K(129536K)->0K(135680K) From: 73696K(73728K)->60864K(91136K)
[301.279s][info][gc,heap        ] GC(926) ParOldGen: 539227K(667648K)->565923K(667648K)
[301.279s][info][gc,metaspace   ] GC(926) Metaspace: 18761K(18944K)->18761K(18944K) NonClass: 16097K(16192K)->16097K(16192K) Class: 2664K(2752K)->2664K(2752K)
[301.279s][info][gc             ] GC(926) Pause Young (Allocation Failure) 725M->612M(873M) 77.756ms
[301.279s][info][gc,cpu         ] GC(926) User=0.14s Sys=0.01s Real=0.07s
[301.477s][info][gc,start       ] GC(927) Pause Young (Allocation Failure)
[301.554s][info][gc,heap        ] GC(927) PSYoungGen: 196544K(226816K)->82592K(218624K) Eden: 135680K(135680K)->0K(135680K) From: 60864K(91136K)->82592K(82944K)
[301.554s][info][gc,heap        ] GC(927) ParOldGen: 565923K(667648K)->565923K(667648K)
[301.554s][info][gc,metaspace   ] GC(927) Metaspace: 18761K(18944K)->18761K(18944K) NonClass: 16097K(16192K)->16097K(16192K) Class: 2664K(2752K)->2664K(2752K)
[301.554s][info][gc             ] GC(927) Pause Young (Allocation Failure) 744M->633M(865M) 77.013ms
[301.554s][info][gc,cpu         ] GC(927) User=0.16s Sys=0.00s Real=0.08s
[301.704s][info][gc,start       ] GC(928) Pause Young (Allocation Failure)
[301.824s][info][gc,heap        ] GC(928) PSYoungGen: 218272K(218624K)->104752K(217600K) Eden: 135680K(135680K)->0K(111616K) From: 82592K(82944K)->104752K(105984K)
[301.824s][info][gc,heap        ] GC(928) ParOldGen: 565923K(667648K)->565923K(667648K)
[301.824s][info][gc,metaspace   ] GC(928) Metaspace: 18761K(18944K)->18761K(18944K) NonClass: 16097K(16192K)->16097K(16192K) Class: 2664K(2752K)->2664K(2752K)
[301.824s][info][gc             ] GC(928) Pause Young (Allocation Failure) 765M->654M(864M) 119.903ms
[301.824s][info][gc,cpu         ] GC(928) User=0.22s Sys=0.02s Real=0.12s
[301.944s][info][gc,start       ] GC(929) Pause Young (Allocation Failure)
[302.064s][info][gc,heap        ] GC(929) PSYoungGen: 216368K(217600K)->111088K(222720K) Eden: 111616K(111616K)->0K(111616K) From: 104752K(105984K)->111088K(111104K)
[302.064s][info][gc,heap        ] GC(929) ParOldGen: 565923K(667648K)->573659K(667648K)
[302.064s][info][gc,metaspace   ] GC(929) Metaspace: 18761K(18944K)->18761K(18944K) NonClass: 16097K(16192K)->16097K(16192K) Class: 2664K(2752K)->2664K(2752K)
[302.064s][info][gc             ] GC(929) Pause Young (Allocation Failure) 763M->668M(869M) 120.201ms
[302.064s][info][gc,cpu         ] GC(929) User=0.24s Sys=0.00s Real=0.12s
[302.174s][info][gc,start       ] GC(930) Pause Young (Allocation Failure)
[302.305s][info][gc,heap        ] GC(930) PSYoungGen: 222704K(222720K)->110672K(222720K) Eden: 111616K(111616K)->0K(111616K) From: 111088K(111104K)->110672K(111104K)
[302.305s][info][gc,heap        ] GC(930) ParOldGen: 573659K(667648K)->574707K(667648K)
[302.305s][info][gc,metaspace   ] GC(930) Metaspace: 18761K(18944K)->18761K(18944K) NonClass: 16097K(16192K)->16097K(16192K) Class: 2664K(2752K)->2664K(2752K)
[302.305s][info][gc             ] GC(930) Pause Young (Allocation Failure) 777M->669M(869M) 131.067ms
[302.305s][info][gc,cpu         ] GC(930) User=0.26s Sys=0.00s Real=0.13s
[302.455s][info][gc,start       ] GC(931) Pause Young (Allocation Failure)
[302.573s][info][gc,heap        ] GC(931) PSYoungGen: 222288K(222720K)->100384K(222720K) Eden: 111616K(111616K)->0K(111616K) From: 110672K(111104K)->100384K(111104K)
[302.573s][info][gc,heap        ] GC(931) ParOldGen: 574707K(667648K)->589268K(667648K)
[302.573s][info][gc,metaspace   ] GC(931) Metaspace: 18761K(18944K)->18761K(18944K) NonClass: 16097K(16192K)->16097K(16192K) Class: 2664K(2752K)->2664K(2752K)
[302.573s][info][gc             ] GC(931) Pause Young (Allocation Failure) 778M->673M(869M) 118.041ms
[302.573s][info][gc,cpu         ] GC(931) User=0.24s Sys=0.00s Real=0.12s
[302.701s][info][gc,start       ] GC(932) Pause Young (Allocation Failure)
[302.807s][info][gc,heap        ] GC(932) PSYoungGen: 212000K(222720K)->54240K(222720K) Eden: 111616K(111616K)->0K(111616K) From: 100384K(111104K)->54240K(111104K)
[302.807s][info][gc,heap        ] GC(932) ParOldGen: 589268K(667648K)->636124K(667648K)
[302.807s][info][gc,metaspace   ] GC(932) Metaspace: 18761K(18944K)->18761K(18944K) NonClass: 16097K(16192K)->16097K(16192K) Class: 2664K(2752K)->2664K(2752K)
[302.807s][info][gc             ] GC(932) Pause Young (Allocation Failure) 782M->674M(869M) 106.548ms
[302.807s][info][gc,cpu         ] GC(932) User=0.20s Sys=0.01s Real=0.10s
[302.990s][info][gc,start       ] GC(933) Pause Full (Allocation Failure)
[302.990s][info][gc,phases,start] GC(933) Marking Phase
[303.258s][info][gc,phases      ] GC(933) Marking Phase 268.380ms
[303.258s][info][gc,phases,start] GC(933) Summary Phase
[303.258s][info][gc,phases      ] GC(933) Summary Phase 0.028ms
[303.258s][info][gc,phases,start] GC(933) Forward
[303.332s][info][gc,phases      ] GC(933) Forward 73.809ms
[303.332s][info][gc,phases,start] GC(933) Adjust Pointers
[303.532s][info][gc,phases      ] GC(933) Adjust Pointers 199.891ms
[303.532s][info][gc,phases,start] GC(933) Compaction Phase
[303.651s][info][gc,phases      ] GC(933) Compaction Phase 119.284ms
[303.657s][info][gc,phases,start] GC(933) Post Compact
[303.660s][info][gc,phases      ] GC(933) Post Compact 2.292ms
[303.660s][info][gc,heap        ] GC(933) PSYoungGen: 165856K(222720K)->0K(222720K) Eden: 111616K(111616K)->0K(111616K) From: 54240K(111104K)->0K(111104K)
[303.660s][info][gc,heap        ] GC(933) ParOldGen: 636124K(667648K)->371121K(667648K)
[303.660s][info][gc,metaspace   ] GC(933) Metaspace: 18761K(18944K)->18761K(18944K) NonClass: 16097K(16192K)->16097K(16192K) Class: 2664K(2752K)->2664K(2752K)
[303.660s][info][gc             ] GC(933) Pause Full (Allocation Failure) 783M->362M(869M) 670.255ms
[303.660s][info][gc,cpu         ] GC(933) User=1.30s Sys=0.00s Real=0.67s
[303.734s][info][gc,start       ] GC(934) Pause Young (Allocation Failure)
[303.759s][info][gc,heap        ] GC(934) PSYoungGen: 111616K(222720K)->21088K(222720K) Eden: 111616K(111616K)->0K(111616K) From: 0K(111104K)->21088K(111104K)
[303.759s][info][gc,heap        ] GC(934) ParOldGen: 371121K(667648K)->371121K(667648K)
[303.759s][info][gc,metaspace   ] GC(934) Metaspace: 18761K(18944K)->18761K(18944K) NonClass: 16097K(16192K)->16097K(16192K) Class: 2664K(2752K)->2664K(2752K)
[303.759s][info][gc             ] GC(934) Pause Young (Allocation Failure) 471M->383M(869M) 24.917ms
[303.759s][info][gc,cpu         ] GC(934) User=0.05s Sys=0.00s Real=0.02s
[303.905s][info][gc,start       ] GC(935) Pause Young (Allocation Failure)
[303.933s][info][gc,heap        ] GC(935) PSYoungGen: 132704K(222720K)->27040K(222720K) Eden: 111616K(111616K)->0K(111616K) From: 21088K(111104K)->27040K(111104K)
[303.933s][info][gc,heap        ] GC(935) ParOldGen: 371121K(667648K)->371121K(667648K)
[303.933s][info][gc,metaspace   ] GC(935) Metaspace: 18761K(18944K)->18761K(18944K) NonClass: 16097K(16192K)->16097K(16192K) Class: 2664K(2752K)->2664K(2752K)
[303.933s][info][gc             ] GC(935) Pause Young (Allocation Failure) 492M->388M(869M) 27.621ms
[303.933s][info][gc,cpu         ] GC(935) User=0.05s Sys=0.00s Real=0.03s
[304.070s][info][gc,start       ] GC(936) Pause Young (Allocation Failure)
[304.112s][info][gc,heap        ] GC(936) PSYoungGen: 138656K(222720K)->47184K(222720K) Eden: 111616K(111616K)->0K(111616K) From: 27040K(111104K)->47184K(111104K)
[304.112s][info][gc,heap        ] GC(936) ParOldGen: 371121K(667648K)->371121K(667648K)
[304.112s][info][gc,metaspace   ] GC(936) Metaspace: 18763K(18944K)->18763K(18944K) NonClass: 16099K(16192K)->16099K(16192K) Class: 2664K(2752K)->2664K(2752K)
[304.112s][info][gc             ] GC(936) Pause Young (Allocation Failure) 497M->408M(869M) 42.271ms
[304.112s][info][gc,cpu         ] GC(936) User=0.09s Sys=0.00s Real=0.04s
[304.253s][info][gc,start       ] GC(937) Pause Young (Allocation Failure)
[304.306s][info][gc,heap        ] GC(937) PSYoungGen: 158800K(222720K)->33184K(222720K) Eden: 111616K(111616K)->0K(111616K) From: 47184K(111104K)->33184K(111104K)
[304.306s][info][gc,heap        ] GC(937) ParOldGen: 371121K(667648K)->393737K(667648K)
[304.306s][info][gc,metaspace   ] GC(937) Metaspace: 18763K(18944K)->18763K(18944K) NonClass: 16099K(16192K)->16099K(16192K) Class: 2664K(2752K)->2664K(2752K)
[304.306s][info][gc             ] GC(937) Pause Young (Allocation Failure) 517M->416M(869M) 52.856ms
[304.306s][info][gc,cpu         ] GC(937) User=0.10s Sys=0.00s Real=0.05s
[304.456s][info][gc,start       ] GC(938) Pause Young (Allocation Failure)
[304.490s][info][gc,heap        ] GC(938) PSYoungGen: 144800K(222720K)->3712K(222720K) Eden: 111616K(111616K)->0K(111616K) From: 33184K(111104K)->3712K(111104K)
[304.490s][info][gc,heap        ] GC(938) ParOldGen: 393737K(667648K)->427034K(667648K)
[304.490s][info][gc,metaspace   ] GC(938) Metaspace: 18763K(18944K)->18763K(18944K) NonClass: 16099K(16192K)->16099K(16192K) Class: 2664K(2752K)->2664K(2752K)
[304.490s][info][gc             ] GC(938) Pause Young (Allocation Failure) 525M->420M(869M) 34.722ms
[304.490s][info][gc,cpu         ] GC(938) User=0.07s Sys=0.00s Real=0.04s
[304.754s][info][gc,start       ] GC(939) Pause Young (Allocation Failure)
[304.761s][info][gc,heap        ] GC(939) PSYoungGen: 115328K(222720K)->512K(222720K) Eden: 111616K(111616K)->0K(111616K) From: 3712K(111104K)->512K(111104K)
[304.761s][info][gc,heap        ] GC(939) ParOldGen: 427034K(667648K)->430714K(667648K)
[304.761s][info][gc,metaspace   ] GC(939) Metaspace: 18763K(18944K)->18763K(18944K) NonClass: 16099K(16192K)->16099K(16192K) Class: 2664K(2752K)->2664K(2752K)
[304.761s][info][gc             ] GC(939) Pause Young (Allocation Failure) 529M->421M(869M) 6.415ms
[304.761s][info][gc,cpu         ] GC(939) User=0.01s Sys=0.00s Real=0.01s
[304.897s][info][gc,start       ] GC(940) Pause Young (Allocation Failure)
[304.911s][info][gc,heap        ] GC(940) PSYoungGen: 112128K(222720K)->13168K(222720K) Eden: 111616K(111616K)->0K(111616K) From: 512K(111104K)->13168K(111104K)
[304.911s][info][gc,heap        ] GC(940) ParOldGen: 430714K(667648K)->431202K(667648K)
[304.911s][info][gc,metaspace   ] GC(940) Metaspace: 18763K(18944K)->18763K(18944K) NonClass: 16099K(16192K)->16099K(16192K) Class: 2664K(2752K)->2664K(2752K)
[304.911s][info][gc             ] GC(940) Pause Young (Allocation Failure) 530M->433M(869M) 14.231ms
[304.911s][info][gc,cpu         ] GC(940) User=0.03s Sys=0.00s Real=0.02s
[305.071s][info][gc,start       ] GC(941) Pause Young (Allocation Failure)
[305.089s][info][gc,heap        ] GC(941) PSYoungGen: 124784K(222720K)->6016K(222720K) Eden: 111616K(111616K)->0K(111616K) From: 13168K(111104K)->6016K(111104K)
[305.089s][info][gc,heap        ] GC(941) ParOldGen: 431202K(667648K)->444402K(667648K)
[305.089s][info][gc,metaspace   ] GC(941) Metaspace: 18763K(18944K)->18763K(18944K) NonClass: 16099K(16192K)->16099K(16192K) Class: 2664K(2752K)->2664K(2752K)
[305.089s][info][gc             ] GC(941) Pause Young (Allocation Failure) 542M->439M(869M) 17.627ms
[305.089s][info][gc,cpu         ] GC(941) User=0.03s Sys=0.00s Real=0.01s
[305.150s][info][gc,start       ] GC(942) Pause Young (Allocation Failure)
[305.184s][info][gc,heap        ] GC(942) PSYoungGen: 117632K(222720K)->41184K(222720K) Eden: 111616K(111616K)->0K(111616K) From: 6016K(111104K)->41184K(111104K)
[305.184s][info][gc,heap        ] GC(942) ParOldGen: 444402K(667648K)->450434K(667648K)
[305.184s][info][gc,metaspace   ] GC(942) Metaspace: 18763K(18944K)->18763K(18944K) NonClass: 16099K(16192K)->16099K(16192K) Class: 2664K(2752K)->2664K(2752K)
[305.184s][info][gc             ] GC(942) Pause Young (Allocation Failure) 548M->480M(869M) 34.043ms
[305.184s][info][gc,cpu         ] GC(942) User=0.07s Sys=0.00s Real=0.04s
[305.345s][info][gc,start       ] GC(943) Pause Young (Allocation Failure)
[305.389s][info][gc,heap        ] GC(943) PSYoungGen: 152800K(222720K)->28384K(222720K) Eden: 111616K(111616K)->0K(111616K) From: 41184K(111104K)->28384K(111104K)
[305.389s][info][gc,heap        ] GC(943) ParOldGen: 450434K(667648K)->492122K(667648K)
[305.389s][info][gc,metaspace   ] GC(943) Metaspace: 18763K(18944K)->18763K(18944K) NonClass: 16099K(16192K)->16099K(16192K) Class: 2664K(2752K)->2664K(2752K)
[305.389s][info][gc             ] GC(943) Pause Young (Allocation Failure) 589M->508M(869M) 44.024ms
[305.389s][info][gc,cpu         ] GC(943) User=0.09s Sys=0.00s Real=0.04s
[305.507s][info][gc,start       ] GC(944) Pause Young (Allocation Failure)
[305.535s][info][gc,heap        ] GC(944) PSYoungGen: 140000K(222720K)->2880K(222720K) Eden: 111616K(111616K)->0K(111616K) From: 28384K(111104K)->2880K(111104K)
[305.535s][info][gc,heap        ] GC(944) ParOldGen: 492122K(667648K)->520818K(667648K)
[305.535s][info][gc,metaspace   ] GC(944) Metaspace: 18763K(18944K)->18763K(18944K) NonClass: 16099K(16192K)->16099K(16192K) Class: 2664K(2752K)->2664K(2752K)
[305.535s][info][gc             ] GC(944) Pause Young (Allocation Failure) 617M->511M(869M) 27.706ms
[305.535s][info][gc,cpu         ] GC(944) User=0.05s Sys=0.00s Real=0.03s
[305.704s][info][gc,start       ] GC(945) Pause Young (Allocation Failure)
[305.755s][info][gc,heap        ] GC(945) PSYoungGen: 114496K(222720K)->33056K(144896K) Eden: 111616K(111616K)->0K(111616K) From: 2880K(111104K)->33056K(33280K)
[305.755s][info][gc,heap        ] GC(945) ParOldGen: 520818K(667648K)->520818K(667648K)
[305.755s][info][gc,metaspace   ] GC(945) Metaspace: 18763K(18944K)->18763K(18944K) NonClass: 16099K(16192K)->16099K(16192K) Class: 2664K(2752K)->2664K(2752K)
[305.755s][info][gc             ] GC(945) Pause Young (Allocation Failure) 620M->540M(793M) 50.397ms
[305.755s][info][gc,cpu         ] GC(945) User=0.10s Sys=0.00s Real=0.05s
[305.884s][info][gc,start       ] GC(946) Pause Young (Allocation Failure)
[305.950s][info][gc,heap        ] GC(946) PSYoungGen: 144672K(144896K)->53248K(214528K) Eden: 111616K(111616K)->0K(111104K) From: 33056K(33280K)->53248K(103424K)
[305.950s][info][gc,heap        ] GC(946) ParOldGen: 520818K(667648K)->520818K(667648K)
[305.950s][info][gc,metaspace   ] GC(946) Metaspace: 18763K(18944K)->18763K(18944K) NonClass: 16099K(16192K)->16099K(16192K) Class: 2664K(2752K)->2664K(2752K)
[305.950s][info][gc             ] GC(946) Pause Young (Allocation Failure) 649M->560M(861M) 65.397ms
[305.950s][info][gc,cpu         ] GC(946) User=0.13s Sys=0.00s Real=0.06s
[306.069s][info][gc,start       ] GC(947) Pause Young (Allocation Failure)
[306.141s][info][gc,heap        ] GC(947) PSYoungGen: 164352K(214528K)->58848K(215040K) Eden: 111104K(111104K)->0K(111104K) From: 53248K(103424K)->58848K(103936K)
[306.142s][info][gc,heap        ] GC(947) ParOldGen: 520818K(667648K)->520818K(667648K)
[306.142s][info][gc,metaspace   ] GC(947) Metaspace: 18763K(18944K)->18763K(18944K) NonClass: 16099K(16192K)->16099K(16192K) Class: 2664K(2752K)->2664K(2752K)
[306.142s][info][gc             ] GC(947) Pause Young (Allocation Failure) 669M->566M(862M) 72.360ms
[306.142s][info][gc,cpu         ] GC(947) User=0.15s Sys=0.00s Real=0.08s
[306.252s][info][gc,start       ] GC(948) Pause Young (Allocation Failure)
[306.324s][info][gc,heap        ] GC(948) PSYoungGen: 169952K(215040K)->56576K(227840K) Eden: 111104K(111104K)->0K(121856K) From: 58848K(103936K)->56576K(105984K)
[306.324s][info][gc,heap        ] GC(948) ParOldGen: 520818K(667648K)->523690K(667648K)
[306.324s][info][gc,metaspace   ] GC(948) Metaspace: 18763K(18944K)->18763K(18944K) NonClass: 16099K(16192K)->16099K(16192K) Class: 2664K(2752K)->2664K(2752K)
[306.324s][info][gc             ] GC(948) Pause Young (Allocation Failure) 674M->566M(874M) 71.829ms
[306.324s][info][gc,cpu         ] GC(948) User=0.14s Sys=0.00s Real=0.07s
[306.465s][info][gc,start       ] GC(949) Pause Young (Allocation Failure)
[306.536s][info][gc,heap        ] GC(949) PSYoungGen: 178432K(227840K)->30528K(152576K) Eden: 121856K(121856K)->0K(121856K) From: 56576K(105984K)->30528K(30720K)
[306.536s][info][gc,heap        ] GC(949) ParOldGen: 523690K(667648K)->553946K(667648K)
[306.536s][info][gc,metaspace   ] GC(949) Metaspace: 18763K(18944K)->18763K(18944K) NonClass: 16099K(16192K)->16099K(16192K) Class: 2664K(2752K)->2664K(2752K)
[306.536s][info][gc             ] GC(949) Pause Young (Allocation Failure) 685M->570M(801M) 71.412ms
[306.536s][info][gc,cpu         ] GC(949) User=0.14s Sys=0.00s Real=0.07s
[306.688s][info][gc,start       ] GC(950) Pause Young (Allocation Failure)
[306.729s][info][gc,heap        ] GC(950) PSYoungGen: 152383K(152576K)->19552K(225792K) Eden: 121855K(121856K)->0K(124928K) From: 30528K(30720K)->19552K(100864K)
[306.729s][info][gc,heap        ] GC(950) ParOldGen: 553946K(667648K)->574154K(667648K)
[306.729s][info][gc,metaspace   ] GC(950) Metaspace: 18763K(18944K)->18763K(18944K) NonClass: 16099K(16192K)->16099K(16192K) Class: 2664K(2752K)->2664K(2752K)
[306.729s][info][gc             ] GC(950) Pause Young (Allocation Failure) 689M->579M(872M) 40.174ms
[306.729s][info][gc,cpu         ] GC(950) User=0.08s Sys=0.00s Real=0.04s
[306.903s][info][gc,start       ] GC(951) Pause Young (Allocation Failure)
[306.942s][info][gc,heap        ] GC(951) PSYoungGen: 144480K(225792K)->31504K(222720K) Eden: 124928K(124928K)->0K(124928K) From: 19552K(100864K)->31504K(97792K)
[306.942s][info][gc,heap        ] GC(951) ParOldGen: 574154K(667648K)->579778K(667648K)
[306.942s][info][gc,metaspace   ] GC(951) Metaspace: 18763K(18944K)->18763K(18944K) NonClass: 16099K(16192K)->16099K(16192K) Class: 2664K(2752K)->2664K(2752K)
[306.942s][info][gc             ] GC(951) Pause Young (Allocation Failure) 701M->596M(869M) 38.891ms
[306.942s][info][gc,cpu         ] GC(951) User=0.07s Sys=0.00s Real=0.04s
[307.354s][info][gc,start       ] GC(952) Pause Young (Allocation Failure)
[307.398s][info][gc,heap        ] GC(952) PSYoungGen: 156432K(222720K)->31616K(218624K) Eden: 124928K(124928K)->0K(135680K) From: 31504K(97792K)->31616K(82944K)
[307.398s][info][gc,heap        ] GC(952) ParOldGen: 579778K(667648K)->579778K(667648K)
[307.398s][info][gc,metaspace   ] GC(952) Metaspace: 18763K(18944K)->18763K(18944K) NonClass: 16099K(16192K)->16099K(16192K) Class: 2664K(2752K)->2664K(2752K)
[307.398s][info][gc             ] GC(952) Pause Young (Allocation Failure) 718M->597M(865M) 43.913ms
[307.398s][info][gc,cpu         ] GC(952) User=0.09s Sys=0.00s Real=0.04s
[307.614s][info][gc,start       ] GC(953) Pause Young (Allocation Failure)
[307.657s][info][gc,heap        ] GC(953) PSYoungGen: 167296K(218624K)->46096K(223232K) Eden: 135680K(135680K)->0K(135680K) From: 31616K(82944K)->46096K(87552K)
[307.657s][info][gc,heap        ] GC(953) ParOldGen: 579778K(667648K)->579778K(667648K)
[307.657s][info][gc,metaspace   ] GC(953) Metaspace: 18763K(18944K)->18763K(18944K) NonClass: 16099K(16192K)->16099K(16192K) Class: 2664K(2752K)->2664K(2752K)
[307.658s][info][gc             ] GC(953) Pause Young (Allocation Failure) 729M->611M(870M) 44.008ms
[307.658s][info][gc,cpu         ] GC(953) User=0.09s Sys=0.00s Real=0.04s
[307.801s][info][gc,start       ] GC(954) Pause Young (Allocation Failure)
[307.861s][info][gc,heap        ] GC(954) PSYoungGen: 181776K(223232K)->72800K(225280K) Eden: 135680K(135680K)->0K(138752K) From: 46096K(87552K)->72800K(86528K)
[307.861s][info][gc,heap        ] GC(954) ParOldGen: 579778K(667648K)->579778K(667648K)
[307.861s][info][gc,metaspace   ] GC(954) Metaspace: 18763K(18944K)->18763K(18944K) NonClass: 16099K(16192K)->16099K(16192K) Class: 2664K(2752K)->2664K(2752K)
[307.861s][info][gc             ] GC(954) Pause Young (Allocation Failure) 743M->637M(872M) 60.809ms
[307.861s][info][gc,cpu         ] GC(954) User=0.13s Sys=0.00s Real=0.06s
[308.074s][info][gc,start       ] GC(955) Pause Young (Allocation Failure)
[308.149s][info][gc,heap        ] GC(955) PSYoungGen: 211552K(225280K)->82848K(221696K) Eden: 138752K(138752K)->0K(138752K) From: 72800K(86528K)->82848K(82944K)
[308.149s][info][gc,heap        ] GC(955) ParOldGen: 579778K(667648K)->579778K(667648K)
[308.149s][info][gc,metaspace   ] GC(955) Metaspace: 18763K(18944K)->18763K(18944K) NonClass: 16099K(16192K)->16099K(16192K) Class: 2664K(2752K)->2664K(2752K)
[308.149s][info][gc             ] GC(955) Pause Young (Allocation Failure) 772M->647M(868M) 75.097ms
[308.149s][info][gc,cpu         ] GC(955) User=0.15s Sys=0.00s Real=0.07s
[308.358s][info][gc,start       ] GC(956) Pause Young (Allocation Failure)
[308.449s][info][gc,heap        ] GC(956) PSYoungGen: 221600K(221696K)->92800K(216576K) Eden: 138752K(138752K)->0K(111616K) From: 82848K(82944K)->92800K(104960K)
[308.449s][info][gc,heap        ] GC(956) ParOldGen: 579778K(667648K)->579778K(667648K)
[308.449s][info][gc,metaspace   ] GC(956) Metaspace: 18763K(18944K)->18763K(18944K) NonClass: 16099K(16192K)->16099K(16192K) Class: 2664K(2752K)->2664K(2752K)
[308.449s][info][gc             ] GC(956) Pause Young (Allocation Failure) 782M->656M(863M) 90.781ms
[308.449s][info][gc,cpu         ] GC(956) User=0.17s Sys=0.00s Real=0.09s
[308.564s][info][gc,start       ] GC(957) Pause Young (Allocation Failure)
[308.662s][info][gc,heap        ] GC(957) PSYoungGen: 204416K(216576K)->98912K(222720K) Eden: 111616K(111616K)->0K(111616K) From: 92800K(104960K)->98912K(111104K)
[308.662s][info][gc,heap        ] GC(957) ParOldGen: 579778K(667648K)->584514K(667648K)
[308.662s][info][gc,metaspace   ] GC(957) Metaspace: 18763K(18944K)->18763K(18944K) NonClass: 16099K(16192K)->16099K(16192K) Class: 2664K(2752K)->2664K(2752K)
[308.662s][info][gc             ] GC(957) Pause Young (Allocation Failure) 765M->667M(869M) 98.672ms
[308.662s][info][gc,cpu         ] GC(957) User=0.20s Sys=0.00s Real=0.10s
[308.785s][info][gc,start       ] GC(958) Pause Young (Allocation Failure)
[308.878s][info][gc,heap        ] GC(958) PSYoungGen: 210528K(222720K)->75040K(222720K) Eden: 111616K(111616K)->0K(111616K) From: 98912K(111104K)->75040K(111104K)
[308.878s][info][gc,heap        ] GC(958) ParOldGen: 584514K(667648K)->611315K(667648K)
[308.878s][info][gc,metaspace   ] GC(958) Metaspace: 18763K(18944K)->18763K(18944K) NonClass: 16099K(16192K)->16099K(16192K) Class: 2664K(2752K)->2664K(2752K)
[308.878s][info][gc             ] GC(958) Pause Young (Allocation Failure) 776M->670M(869M) 93.135ms
[308.878s][info][gc,cpu         ] GC(958) User=0.19s Sys=0.00s Real=0.09s
[309.024s][info][gc,start       ] GC(959) Pause Young (Allocation Failure)
[309.100s][info][gc,heap        ] GC(959) PSYoungGen: 186656K(222720K)->70464K(222720K) Eden: 111616K(111616K)->0K(111616K) From: 75040K(111104K)->70464K(111104K)
[309.100s][info][gc,heap        ] GC(959) ParOldGen: 611315K(667648K)->626059K(667648K)
[309.100s][info][gc,metaspace   ] GC(959) Metaspace: 18763K(18944K)->18763K(18944K) NonClass: 16099K(16192K)->16099K(16192K) Class: 2664K(2752K)->2664K(2752K)
[309.100s][info][gc             ] GC(959) Pause Young (Allocation Failure) 779M->680M(869M) 76.578ms
[309.100s][info][gc,cpu         ] GC(959) User=0.15s Sys=0.00s Real=0.08s
[309.354s][info][gc,start       ] GC(960) Pause Full (Allocation Failure)
[309.354s][info][gc,phases,start] GC(960) Marking Phase
[309.692s][info][gc,phases      ] GC(960) Marking Phase 338.046ms
[309.692s][info][gc,phases,start] GC(960) Summary Phase
[309.692s][info][gc,phases      ] GC(960) Summary Phase 0.051ms
[309.692s][info][gc,phases,start] GC(960) Forward
[309.815s][info][gc,phases      ] GC(960) Forward 122.219ms
[309.815s][info][gc,phases,start] GC(960) Adjust Pointers
[310.079s][info][gc,phases      ] GC(960) Adjust Pointers 264.311ms
[310.079s][info][gc,phases,start] GC(960) Compaction Phase
[310.240s][info][gc,phases      ] GC(960) Compaction Phase 160.819ms
[310.248s][info][gc,phases,start] GC(960) Post Compact
[310.250s][info][gc,phases      ] GC(960) Post Compact 2.406ms
[310.250s][info][gc,heap        ] GC(960) PSYoungGen: 182080K(222720K)->0K(222720K) Eden: 111616K(111616K)->0K(111616K) From: 70464K(111104K)->0K(111104K)
[310.250s][info][gc,heap        ] GC(960) ParOldGen: 626059K(667648K)->468739K(667648K)
[310.250s][info][gc,metaspace   ] GC(960) Metaspace: 18763K(18944K)->18763K(18944K) NonClass: 16099K(16192K)->16099K(16192K) Class: 2664K(2752K)->2664K(2752K)
[310.250s][info][gc             ] GC(960) Pause Full (Allocation Failure) 789M->457M(869M) 896.237ms
[310.250s][info][gc,cpu         ] GC(960) User=1.69s Sys=0.00s Real=0.90s
[310.514s][info][gc,start       ] GC(961) Pause Young (Allocation Failure)
[310.515s][info][gc,heap        ] GC(961) PSYoungGen: 111616K(222720K)->64K(222720K) Eden: 111616K(111616K)->0K(111616K) From: 0K(111104K)->64K(111104K)
[310.515s][info][gc,heap        ] GC(961) ParOldGen: 468739K(667648K)->468739K(667648K)
[310.515s][info][gc,metaspace   ] GC(961) Metaspace: 18763K(18944K)->18763K(18944K) NonClass: 16099K(16192K)->16099K(16192K) Class: 2664K(2752K)->2664K(2752K)
[310.515s][info][gc             ] GC(961) Pause Young (Allocation Failure) 566M->457M(869M) 1.935ms
[310.515s][info][gc,cpu         ] GC(961) User=0.01s Sys=0.00s Real=0.00s
[310.750s][info][gc,start       ] GC(962) Pause Young (Allocation Failure)
[310.751s][info][gc,heap        ] GC(962) PSYoungGen: 111680K(222720K)->96K(222720K) Eden: 111616K(111616K)->0K(111616K) From: 64K(111104K)->96K(111104K)
[310.751s][info][gc,heap        ] GC(962) ParOldGen: 468739K(667648K)->468739K(667648K)
[310.751s][info][gc,metaspace   ] GC(962) Metaspace: 18763K(18944K)->18763K(18944K) NonClass: 16099K(16192K)->16099K(16192K) Class: 2664K(2752K)->2664K(2752K)
[310.751s][info][gc             ] GC(962) Pause Young (Allocation Failure) 566M->457M(869M) 1.649ms
[310.751s][info][gc,cpu         ] GC(962) User=0.00s Sys=0.00s Real=0.01s
[310.974s][info][gc,start       ] GC(963) Pause Young (Allocation Failure)
[310.980s][info][gc,heap        ] GC(963) PSYoungGen: 111712K(222720K)->96K(222720K) Eden: 111616K(111616K)->0K(111616K) From: 96K(111104K)->96K(111104K)
[310.980s][info][gc,heap        ] GC(963) ParOldGen: 468739K(667648K)->468739K(667648K)
[310.980s][info][gc,metaspace   ] GC(963) Metaspace: 18763K(18944K)->18763K(18944K) NonClass: 16099K(16192K)->16099K(16192K) Class: 2664K(2752K)->2664K(2752K)
[310.980s][info][gc             ] GC(963) Pause Young (Allocation Failure) 566M->457M(869M) 6.740ms
[310.980s][info][gc,cpu         ] GC(963) User=0.01s Sys=0.00s Real=0.01s
[311.139s][info][gc,start       ] GC(964) Pause Young (Allocation Failure)
[311.162s][info][gc,heap        ] GC(964) PSYoungGen: 111712K(222720K)->18432K(222720K) Eden: 111616K(111616K)->0K(111616K) From: 96K(111104K)->18432K(111104K)
[311.162s][info][gc,heap        ] GC(964) ParOldGen: 468739K(667648K)->468782K(667648K)
[311.162s][info][gc,metaspace   ] GC(964) Metaspace: 18763K(18944K)->18763K(18944K) NonClass: 16099K(16192K)->16099K(16192K) Class: 2664K(2752K)->2664K(2752K)
[311.162s][info][gc             ] GC(964) Pause Young (Allocation Failure) 566M->475M(869M) 23.097ms
[311.162s][info][gc,cpu         ] GC(964) User=0.05s Sys=0.00s Real=0.03s
[311.221s][info][gc,start       ] GC(965) Pause Young (Allocation Failure)
[311.262s][info][gc,heap        ] GC(965) PSYoungGen: 130048K(222720K)->40736K(222720K) Eden: 111616K(111616K)->0K(111616K) From: 18432K(111104K)->40736K(111104K)
[311.262s][info][gc,heap        ] GC(965) ParOldGen: 468782K(667648K)->487401K(667648K)
[311.262s][info][gc,metaspace   ] GC(965) Metaspace: 18763K(18944K)->18763K(18944K) NonClass: 16099K(16192K)->16099K(16192K) Class: 2664K(2752K)->2664K(2752K)
[311.262s][info][gc             ] GC(965) Pause Young (Allocation Failure) 584M->515M(869M) 40.713ms
[311.262s][info][gc,cpu         ] GC(965) User=0.08s Sys=0.00s Real=0.04s
[311.418s][info][gc,start       ] GC(966) Pause Young (Allocation Failure)
[311.453s][info][gc,heap        ] GC(966) PSYoungGen: 152352K(222720K)->11104K(222720K) Eden: 111616K(111616K)->0K(111616K) From: 40736K(111104K)->11104K(111104K)
[311.453s][info][gc,heap        ] GC(966) ParOldGen: 487401K(667648K)->528592K(667648K)
[311.453s][info][gc,metaspace   ] GC(966) Metaspace: 18763K(18944K)->18763K(18944K) NonClass: 16099K(16192K)->16099K(16192K) Class: 2664K(2752K)->2664K(2752K)
[311.453s][info][gc             ] GC(966) Pause Young (Allocation Failure) 624M->527M(869M) 34.657ms
[311.453s][info][gc,cpu         ] GC(966) User=0.06s Sys=0.00s Real=0.04s
[311.547s][info][gc,start       ] GC(967) Pause Young (Allocation Failure)
[311.572s][info][gc,heap        ] GC(967) PSYoungGen: 122720K(222720K)->14281K(125952K) Eden: 111616K(111616K)->0K(111616K) From: 11104K(111104K)->14281K(14336K)
[311.572s][info][gc,heap        ] GC(967) ParOldGen: 528592K(667648K)->539776K(667648K)
[311.572s][info][gc,metaspace   ] GC(967) Metaspace: 18763K(18944K)->18763K(18944K) NonClass: 16099K(16192K)->16099K(16192K) Class: 2664K(2752K)->2664K(2752K)
[311.572s][info][gc             ] GC(967) Pause Young (Allocation Failure) 636M->541M(775M) 24.867ms
[311.572s][info][gc,cpu         ] GC(967) User=0.05s Sys=0.00s Real=0.03s
[311.629s][info][gc,start       ] GC(968) Pause Young (Allocation Failure)
[311.673s][info][gc,heap        ] GC(968) PSYoungGen: 125897K(125952K)->53785K(222720K) Eden: 111616K(111616K)->0K(112128K) From: 14281K(14336K)->53785K(110592K)
[311.673s][info][gc,heap        ] GC(968) ParOldGen: 539776K(667648K)->539776K(667648K)
[311.673s][info][gc,metaspace   ] GC(968) Metaspace: 18764K(18944K)->18764K(18944K) NonClass: 16100K(16192K)->16100K(16192K) Class: 2664K(2752K)->2664K(2752K)
[311.674s][info][gc             ] GC(968) Pause Young (Allocation Failure) 650M->579M(869M) 44.777ms
[311.674s][info][gc,cpu         ] GC(968) User=0.09s Sys=0.00s Real=0.05s
[311.821s][info][gc,start       ] GC(969) Pause Young (Allocation Failure)
[311.892s][info][gc,heap        ] GC(969) PSYoungGen: 165913K(222720K)->73728K(222208K) Eden: 112128K(112128K)->0K(112128K) From: 53785K(110592K)->73728K(110080K)
[311.892s][info][gc,heap        ] GC(969) ParOldGen: 539776K(667648K)->554194K(667648K)
[311.892s][info][gc,metaspace   ] GC(969) Metaspace: 18764K(18944K)->18764K(18944K) NonClass: 16100K(16192K)->16100K(16192K) Class: 2664K(2752K)->2664K(2752K)
[311.892s][info][gc             ] GC(969) Pause Young (Allocation Failure) 689M->613M(869M) 70.889ms
[311.892s][info][gc,cpu         ] GC(969) User=0.14s Sys=0.00s Real=0.07s
[311.975s][info][gc,start       ] GC(970) Pause Young (Allocation Failure)
[312.039s][info][gc,heap        ] GC(970) PSYoungGen: 185856K(222208K)->2080K(222720K) Eden: 112128K(112128K)->0K(111616K) From: 73728K(110080K)->2080K(111104K)
[312.039s][info][gc,heap        ] GC(970) ParOldGen: 554194K(667648K)->628577K(667648K)
[312.039s][info][gc,metaspace   ] GC(970) Metaspace: 18764K(18944K)->18764K(18944K) NonClass: 16100K(16192K)->16100K(16192K) Class: 2664K(2752K)->2664K(2752K)
[312.039s][info][gc             ] GC(970) Pause Young (Allocation Failure) 722M->615M(869M) 64.406ms
[312.039s][info][gc,cpu         ] GC(970) User=0.12s Sys=0.00s Real=0.06s
[312.187s][info][gc,start       ] GC(971) Pause Full (Allocation Failure)
[312.187s][info][gc,phases,start] GC(971) Marking Phase
[312.511s][info][gc,phases      ] GC(971) Marking Phase 323.914ms
[312.511s][info][gc,phases,start] GC(971) Summary Phase
[312.511s][info][gc,phases      ] GC(971) Summary Phase 0.026ms
[312.511s][info][gc,phases,start] GC(971) Forward
[312.637s][info][gc,phases      ] GC(971) Forward 126.368ms
[312.637s][info][gc,phases,start] GC(971) Adjust Pointers
[312.896s][info][gc,phases      ] GC(971) Adjust Pointers 258.206ms
[312.896s][info][gc,phases,start] GC(971) Compaction Phase
[313.057s][info][gc,phases      ] GC(971) Compaction Phase 161.167ms
[313.072s][info][gc,phases,start] GC(971) Post Compact
[313.074s][info][gc,phases      ] GC(971) Post Compact 2.217ms
[313.074s][info][gc,heap        ] GC(971) PSYoungGen: 113696K(222720K)->0K(222720K) Eden: 111616K(111616K)->0K(111616K) From: 2080K(111104K)->0K(111104K)
[313.074s][info][gc,heap        ] GC(971) ParOldGen: 628577K(667648K)->481910K(667648K)
[313.074s][info][gc,metaspace   ] GC(971) Metaspace: 18764K(18944K)->18764K(18944K) NonClass: 16100K(16192K)->16100K(16192K) Class: 2664K(2752K)->2664K(2752K)
[313.074s][info][gc             ] GC(971) Pause Full (Allocation Failure) 724M->470M(869M) 887.137ms
[313.074s][info][gc,cpu         ] GC(971) User=1.65s Sys=0.00s Real=0.89s
[313.211s][info][gc,start       ] GC(972) Pause Young (Allocation Failure)
[313.213s][info][gc,heap        ] GC(972) PSYoungGen: 111616K(222720K)->448K(222720K) Eden: 111616K(111616K)->0K(111616K) From: 0K(111104K)->448K(111104K)
[313.213s][info][gc,heap        ] GC(972) ParOldGen: 481910K(667648K)->481910K(667648K)
[313.213s][info][gc,metaspace   ] GC(972) Metaspace: 18764K(18944K)->18764K(18944K) NonClass: 16100K(16192K)->16100K(16192K) Class: 2664K(2752K)->2664K(2752K)
[313.213s][info][gc             ] GC(972) Pause Young (Allocation Failure) 579M->471M(869M) 2.132ms
[313.213s][info][gc,cpu         ] GC(972) User=0.00s Sys=0.00s Real=0.00s
[313.350s][info][gc,start       ] GC(973) Pause Young (Allocation Failure)
[313.352s][info][gc,heap        ] GC(973) PSYoungGen: 112064K(222720K)->64K(222720K) Eden: 111616K(111616K)->0K(111616K) From: 448K(111104K)->64K(111104K)
[313.352s][info][gc,heap        ] GC(973) ParOldGen: 481910K(667648K)->482342K(667648K)
[313.352s][info][gc,metaspace   ] GC(973) Metaspace: 18764K(18944K)->18764K(18944K) NonClass: 16100K(16192K)->16100K(16192K) Class: 2664K(2752K)->2664K(2752K)
[313.352s][info][gc             ] GC(973) Pause Young (Allocation Failure) 580M->471M(869M) 2.120ms
[313.352s][info][gc,cpu         ] GC(973) User=0.00s Sys=0.00s Real=0.00s
[313.488s][info][gc,start       ] GC(974) Pause Young (Allocation Failure)
[313.489s][info][gc,heap        ] GC(974) PSYoungGen: 111680K(222720K)->64K(216576K) Eden: 111616K(111616K)->0K(111616K) From: 64K(111104K)->64K(104960K)
[313.489s][info][gc,heap        ] GC(974) ParOldGen: 482342K(667648K)->482342K(667648K)
[313.489s][info][gc,metaspace   ] GC(974) Metaspace: 18764K(18944K)->18764K(18944K) NonClass: 16100K(16192K)->16100K(16192K) Class: 2664K(2752K)->2664K(2752K)
[313.489s][info][gc             ] GC(974) Pause Young (Allocation Failure) 580M->471M(863M) 1.688ms
[313.489s][info][gc,cpu         ] GC(974) User=0.01s Sys=0.00s Real=0.00s
[313.624s][info][gc,start       ] GC(975) Pause Young (Allocation Failure)
[313.626s][info][gc,heap        ] GC(975) PSYoungGen: 111680K(216576K)->64K(219648K) Eden: 111616K(111616K)->0K(111616K) From: 64K(104960K)->64K(108032K)
[313.626s][info][gc,heap        ] GC(975) ParOldGen: 482342K(667648K)->482342K(667648K)
[313.626s][info][gc,metaspace   ] GC(975) Metaspace: 18764K(18944K)->18764K(18944K) NonClass: 16100K(16192K)->16100K(16192K) Class: 2664K(2752K)->2664K(2752K)
[313.626s][info][gc             ] GC(975) Pause Young (Allocation Failure) 580M->471M(866M) 1.667ms
[313.626s][info][gc,cpu         ] GC(975) User=0.01s Sys=0.00s Real=0.00s
[313.760s][info][gc,start       ] GC(976) Pause Young (Allocation Failure)
[313.762s][info][gc,heap        ] GC(976) PSYoungGen: 111680K(219648K)->64K(213504K) Eden: 111616K(111616K)->0K(117248K) From: 64K(108032K)->64K(96256K)
[313.762s][info][gc,heap        ] GC(976) ParOldGen: 482342K(667648K)->482342K(667648K)
[313.762s][info][gc,metaspace   ] GC(976) Metaspace: 18764K(18944K)->18764K(18944K) NonClass: 16100K(16192K)->16100K(16192K) Class: 2664K(2752K)->2664K(2752K)
[313.762s][info][gc             ] GC(976) Pause Young (Allocation Failure) 580M->471M(860M) 1.847ms
[313.762s][info][gc,cpu         ] GC(976) User=0.01s Sys=0.00s Real=0.01s
[313.905s][info][gc,start       ] GC(977) Pause Young (Allocation Failure)
[313.907s][info][gc,heap        ] GC(977) PSYoungGen: 117312K(213504K)->64K(218112K) Eden: 117248K(117248K)->0K(117248K) From: 64K(96256K)->64K(100864K)
[313.907s][info][gc,heap        ] GC(977) ParOldGen: 482342K(667648K)->482342K(667648K)
[313.907s][info][gc,metaspace   ] GC(977) Metaspace: 18764K(18944K)->18764K(18944K) NonClass: 16100K(16192K)->16100K(16192K) Class: 2664K(2752K)->2664K(2752K)
[313.907s][info][gc             ] GC(977) Pause Young (Allocation Failure) 585M->471M(865M) 1.963ms
[313.907s][info][gc,cpu         ] GC(977) User=0.00s Sys=0.00s Real=0.00s
[314.050s][info][gc,start       ] GC(978) Pause Young (Allocation Failure)
[314.054s][info][gc,heap        ] GC(978) PSYoungGen: 117312K(218112K)->32K(208896K) Eden: 117248K(117248K)->0K(121344K) From: 64K(100864K)->32K(87552K)
[314.054s][info][gc,heap        ] GC(978) ParOldGen: 482342K(667648K)->482342K(667648K)
[314.054s][info][gc,metaspace   ] GC(978) Metaspace: 18764K(18944K)->18764K(18944K) NonClass: 16100K(16192K)->16100K(16192K) Class: 2664K(2752K)->2664K(2752K)
[314.054s][info][gc             ] GC(978) Pause Young (Allocation Failure) 585M->471M(856M) 4.322ms
[314.054s][info][gc,cpu         ] GC(978) User=0.00s Sys=0.00s Real=0.01s
[314.203s][info][gc,start       ] GC(979) Pause Young (Allocation Failure)
[314.205s][info][gc,heap        ] GC(979) PSYoungGen: 121376K(208896K)->64K(121856K) Eden: 121344K(121344K)->0K(121344K) From: 32K(87552K)->64K(512K)
[314.205s][info][gc,heap        ] GC(979) ParOldGen: 482342K(667648K)->482342K(667648K)
[314.205s][info][gc,metaspace   ] GC(979) Metaspace: 18764K(18944K)->18764K(18944K) NonClass: 16100K(16192K)->16100K(16192K) Class: 2664K(2752K)->2664K(2752K)
[314.205s][info][gc             ] GC(979) Pause Young (Allocation Failure) 589M->471M(771M) 2.045ms
[314.205s][info][gc,cpu         ] GC(979) User=0.00s Sys=0.00s Real=0.00s
[314.352s][info][gc,start       ] GC(980) Pause Young (Allocation Failure)
[314.354s][info][gc,heap        ] GC(980) PSYoungGen: 121408K(121856K)->64K(202240K) Eden: 121344K(121344K)->0K(124416K) From: 64K(512K)->64K(77824K)
[314.354s][info][gc,heap        ] GC(980) ParOldGen: 482342K(667648K)->482342K(667648K)
[314.354s][info][gc,metaspace   ] GC(980) Metaspace: 18764K(18944K)->18764K(18944K) NonClass: 16100K(16192K)->16100K(16192K) Class: 2664K(2752K)->2664K(2752K)
[314.354s][info][gc             ] GC(980) Pause Young (Allocation Failure) 589M->471M(849M) 2.760ms
[314.354s][info][gc,cpu         ] GC(980) User=0.00s Sys=0.01s Real=0.00s
[314.505s][info][gc,start       ] GC(981) Pause Young (Allocation Failure)
[314.507s][info][gc,heap        ] GC(981) PSYoungGen: 124480K(202240K)->64K(124928K) Eden: 124416K(124416K)->0K(124416K) From: 64K(77824K)->64K(512K)
[314.507s][info][gc,heap        ] GC(981) ParOldGen: 482342K(667648K)->482342K(667648K)
[314.507s][info][gc,metaspace   ] GC(981) Metaspace: 18764K(18944K)->18764K(18944K) NonClass: 16100K(16192K)->16100K(16192K) Class: 2664K(2752K)->2664K(2752K)
[314.507s][info][gc             ] GC(981) Pause Young (Allocation Failure) 592M->471M(774M) 2.032ms
[314.507s][info][gc,cpu         ] GC(981) User=0.01s Sys=0.00s Real=0.00s
[314.630s][info][gc,start       ] GC(982) Pause Young (Allocation Failure)
[314.649s][info][gc,heap        ] GC(982) PSYoungGen: 124480K(124928K)->15584K(198656K) Eden: 124416K(124416K)->0K(129024K) From: 64K(512K)->15584K(69632K)
[314.649s][info][gc,heap        ] GC(982) ParOldGen: 482342K(667648K)->482342K(667648K)
[314.649s][info][gc,metaspace   ] GC(982) Metaspace: 18764K(18944K)->18764K(18944K) NonClass: 16100K(16192K)->16100K(16192K) Class: 2664K(2752K)->2664K(2752K)
[314.649s][info][gc             ] GC(982) Pause Young (Allocation Failure) 592M->486M(846M) 18.992ms
[314.649s][info][gc,cpu         ] GC(982) User=0.03s Sys=0.00s Real=0.01s
[314.762s][info][gc,start       ] GC(983) Pause Young (Allocation Failure)
[314.806s][info][gc,heap        ] GC(983) PSYoungGen: 144608K(198656K)->42560K(202240K) Eden: 129024K(129024K)->0K(129024K) From: 15584K(69632K)->42560K(73216K)
[314.806s][info][gc,heap        ] GC(983) ParOldGen: 482342K(667648K)->482342K(667648K)
[314.806s][info][gc,metaspace   ] GC(983) Metaspace: 18764K(18944K)->18764K(18944K) NonClass: 16100K(16192K)->16100K(16192K) Class: 2664K(2752K)->2664K(2752K)
[314.806s][info][gc             ] GC(983) Pause Young (Allocation Failure) 612M->512M(849M) 44.287ms
[314.806s][info][gc,cpu         ] GC(983) User=0.09s Sys=0.00s Real=0.04s
[314.891s][info][gc,start       ] GC(984) Pause Young (Allocation Failure)
[314.948s][info][gc,heap        ] GC(984) PSYoungGen: 171584K(202240K)->57056K(205312K) Eden: 129024K(129024K)->0K(127488K) From: 42560K(73216K)->57056K(77824K)
[314.948s][info][gc,heap        ] GC(984) ParOldGen: 482342K(667648K)->482342K(667648K)
[314.948s][info][gc,metaspace   ] GC(984) Metaspace: 18764K(18944K)->18764K(18944K) NonClass: 16100K(16192K)->16100K(16192K) Class: 2664K(2752K)->2664K(2752K)
[314.948s][info][gc             ] GC(984) Pause Young (Allocation Failure) 638M->526M(852M) 56.896ms
[314.948s][info][gc,cpu         ] GC(984) User=0.11s Sys=0.00s Real=0.05s
[315.041s][info][gc,start       ] GC(985) Pause Young (Allocation Failure)
[315.110s][info][gc,heap        ] GC(985) PSYoungGen: 184544K(205312K)->70176K(214528K) Eden: 127488K(127488K)->0K(127488K) From: 57056K(77824K)->70176K(87040K)
[315.110s][info][gc,heap        ] GC(985) ParOldGen: 482342K(667648K)->482342K(667648K)
[315.110s][info][gc,metaspace   ] GC(985) Metaspace: 18764K(18944K)->18764K(18944K) NonClass: 16100K(16192K)->16100K(16192K) Class: 2664K(2752K)->2664K(2752K)
[315.110s][info][gc             ] GC(985) Pause Young (Allocation Failure) 651M->539M(861M) 69.411ms
[315.110s][info][gc,cpu         ] GC(985) User=0.14s Sys=0.00s Real=0.07s
[315.179s][info][gc,start       ] GC(986) Pause Young (Allocation Failure)
[315.263s][info][gc,heap        ] GC(986) PSYoungGen: 197664K(214528K)->71968K(214528K) Eden: 127488K(127488K)->0K(115712K) From: 70176K(87040K)->71968K(98816K)
[315.263s][info][gc,heap        ] GC(986) ParOldGen: 482342K(667648K)->482342K(667648K)
[315.263s][info][gc,metaspace   ] GC(986) Metaspace: 18764K(18944K)->18764K(18944K) NonClass: 16100K(16192K)->16100K(16192K) Class: 2664K(2752K)->2664K(2752K)
[315.263s][info][gc             ] GC(986) Pause Young (Allocation Failure) 664M->541M(861M) 83.468ms
[315.263s][info][gc,cpu         ] GC(986) User=0.14s Sys=0.02s Real=0.09s
[315.350s][info][gc,start       ] GC(987) Pause Young (Allocation Failure)
[315.423s][info][gc,heap        ] GC(987) PSYoungGen: 187680K(214528K)->76320K(192512K) Eden: 115712K(115712K)->0K(115712K) From: 71968K(98816K)->76320K(76800K)
[315.423s][info][gc,heap        ] GC(987) ParOldGen: 482342K(667648K)->482342K(667648K)
[315.423s][info][gc,metaspace   ] GC(987) Metaspace: 18764K(18944K)->18764K(18944K) NonClass: 16100K(16192K)->16100K(16192K) Class: 2664K(2752K)->2664K(2752K)
[315.423s][info][gc             ] GC(987) Pause Young (Allocation Failure) 654M->545M(840M) 73.789ms
[315.423s][info][gc,cpu         ] GC(987) User=0.15s Sys=0.00s Real=0.08s
[315.499s][info][gc,start       ] GC(988) Pause Young (Allocation Failure)
[315.576s][info][gc,heap        ] GC(988) PSYoungGen: 192032K(192512K)->78016K(222720K) Eden: 115712K(115712K)->0K(111616K) From: 76320K(76800K)->78016K(111104K)
[315.576s][info][gc,heap        ] GC(988) ParOldGen: 482342K(667648K)->482342K(667648K)
[315.576s][info][gc,metaspace   ] GC(988) Metaspace: 18764K(18944K)->18764K(18944K) NonClass: 16100K(16192K)->16100K(16192K) Class: 2664K(2752K)->2664K(2752K)
[315.576s][info][gc             ] GC(988) Pause Young (Allocation Failure) 658M->547M(869M) 77.219ms
[315.576s][info][gc,cpu         ] GC(988) User=0.15s Sys=0.00s Real=0.08s
[315.656s][info][gc,start       ] GC(989) Pause Young (Allocation Failure)
[315.738s][info][gc,heap        ] GC(989) PSYoungGen: 189632K(222720K)->85760K(222720K) Eden: 111616K(111616K)->0K(111616K) From: 78016K(111104K)->85760K(111104K)
[315.738s][info][gc,heap        ] GC(989) ParOldGen: 482342K(667648K)->482342K(667648K)
[315.738s][info][gc,metaspace   ] GC(989) Metaspace: 18764K(18944K)->18764K(18944K) NonClass: 16100K(16192K)->16100K(16192K) Class: 2664K(2752K)->2664K(2752K)
[315.738s][info][gc             ] GC(989) Pause Young (Allocation Failure) 656M->554M(869M) 82.101ms
[315.738s][info][gc,cpu         ] GC(989) User=0.16s Sys=0.00s Real=0.08s
[315.837s][info][gc,start       ] GC(990) Pause Young (Allocation Failure)
[315.925s][info][gc,heap        ] GC(990) PSYoungGen: 197376K(222720K)->89808K(222720K) Eden: 111616K(111616K)->0K(111616K) From: 85760K(111104K)->89808K(111104K)
[315.925s][info][gc,heap        ] GC(990) ParOldGen: 482342K(667648K)->482342K(667648K)
[315.925s][info][gc,metaspace   ] GC(990) Metaspace: 18764K(18944K)->18764K(18944K) NonClass: 16100K(16192K)->16100K(16192K) Class: 2664K(2752K)->2664K(2752K)
[315.925s][info][gc             ] GC(990) Pause Young (Allocation Failure) 663M->558M(869M) 87.726ms
[315.925s][info][gc,cpu         ] GC(990) User=0.17s Sys=0.01s Real=0.09s
[316.001s][info][gc,start       ] GC(991) Pause Young (Allocation Failure)
[316.107s][info][gc,heap        ] GC(991) PSYoungGen: 201424K(222720K)->96144K(222720K) Eden: 111616K(111616K)->0K(111616K) From: 89808K(111104K)->96144K(111104K)
[316.107s][info][gc,heap        ] GC(991) ParOldGen: 482342K(667648K)->497910K(667648K)
[316.107s][info][gc,metaspace   ] GC(991) Metaspace: 18764K(18944K)->18764K(18944K) NonClass: 16100K(16192K)->16100K(16192K) Class: 2664K(2752K)->2664K(2752K)
[316.107s][info][gc             ] GC(991) Pause Young (Allocation Failure) 667M->580M(869M) 105.583ms
[316.107s][info][gc,cpu         ] GC(991) User=0.21s Sys=0.00s Real=0.10s
[316.247s][info][gc,start       ] GC(992) Pause Young (Allocation Failure)
[316.359s][info][gc,heap        ] GC(992) PSYoungGen: 207760K(222720K)->69648K(222720K) Eden: 111616K(111616K)->0K(111616K) From: 96144K(111104K)->69648K(111104K)
[316.359s][info][gc,heap        ] GC(992) ParOldGen: 497910K(667648K)->539510K(667648K)
[316.359s][info][gc,metaspace   ] GC(992) Metaspace: 18764K(18944K)->18764K(18944K) NonClass: 16100K(16192K)->16100K(16192K) Class: 2664K(2752K)->2664K(2752K)
[316.359s][info][gc             ] GC(992) Pause Young (Allocation Failure) 689M->594M(869M) 111.814ms
[316.359s][info][gc,cpu         ] GC(992) User=0.22s Sys=0.00s Real=0.11s
[316.786s][info][gc,start       ] GC(993) Pause Young (Allocation Failure)
[316.853s][info][gc,heap        ] GC(993) PSYoungGen: 181264K(222720K)->54928K(222720K) Eden: 111616K(111616K)->0K(111616K) From: 69648K(111104K)->54928K(111104K)
[316.853s][info][gc,heap        ] GC(993) ParOldGen: 539510K(667648K)->554438K(667648K)
[316.853s][info][gc,metaspace   ] GC(993) Metaspace: 18764K(18944K)->18764K(18944K) NonClass: 16100K(16192K)->16100K(16192K) Class: 2664K(2752K)->2664K(2752K)
[316.853s][info][gc             ] GC(993) Pause Young (Allocation Failure) 703M->595M(869M) 66.848ms
[316.853s][info][gc,cpu         ] GC(993) User=0.13s Sys=0.00s Real=0.07s
[317.139s][info][gc,start       ] GC(994) Pause Young (Allocation Failure)
[317.193s][info][gc,heap        ] GC(994) PSYoungGen: 166544K(222720K)->48864K(222720K) Eden: 111616K(111616K)->0K(111616K) From: 54928K(111104K)->48864K(111104K)
[317.193s][info][gc,heap        ] GC(994) ParOldGen: 554438K(667648K)->560510K(667648K)
[317.193s][info][gc,metaspace   ] GC(994) Metaspace: 18764K(18944K)->18764K(18944K) NonClass: 16100K(16192K)->16100K(16192K) Class: 2664K(2752K)->2664K(2752K)
[317.193s][info][gc             ] GC(994) Pause Young (Allocation Failure) 704M->595M(869M) 54.584ms
[317.193s][info][gc,cpu         ] GC(994) User=0.11s Sys=0.00s Real=0.06s
[317.448s][info][gc,start       ] GC(995) Pause Young (Allocation Failure)
[317.496s][info][gc,heap        ] GC(995) PSYoungGen: 160480K(222720K)->37072K(222720K) Eden: 111616K(111616K)->0K(111616K) From: 48864K(111104K)->37072K(111104K)
[317.496s][info][gc,heap        ] GC(995) ParOldGen: 560510K(667648K)->572351K(667648K)
[317.496s][info][gc,metaspace   ] GC(995) Metaspace: 18764K(18944K)->18764K(18944K) NonClass: 16100K(16192K)->16100K(16192K) Class: 2664K(2752K)->2664K(2752K)
[317.496s][info][gc             ] GC(995) Pause Young (Allocation Failure) 704M->595M(869M) 48.003ms
[317.496s][info][gc,cpu         ] GC(995) User=0.10s Sys=0.00s Real=0.05s
[317.745s][info][gc,start       ] GC(996) Pause Young (Allocation Failure)
[317.784s][info][gc,heap        ] GC(996) PSYoungGen: 148688K(222720K)->192K(222720K) Eden: 111616K(111616K)->0K(111616K) From: 37072K(111104K)->192K(111104K)
[317.784s][info][gc,heap        ] GC(996) ParOldGen: 572351K(667648K)->609311K(667648K)
[317.784s][info][gc,metaspace   ] GC(996) Metaspace: 18764K(18944K)->18764K(18944K) NonClass: 16100K(16192K)->16100K(16192K) Class: 2664K(2752K)->2664K(2752K)
[317.784s][info][gc             ] GC(996) Pause Young (Allocation Failure) 704M->595M(869M) 38.851ms
[317.784s][info][gc,cpu         ] GC(996) User=0.08s Sys=0.00s Real=0.04s
[318.032s][info][gc,start       ] GC(997) Pause Young (Allocation Failure)
[318.034s][info][gc,heap        ] GC(997) PSYoungGen: 111808K(222720K)->64K(222720K) Eden: 111616K(111616K)->0K(111616K) From: 192K(111104K)->64K(111104K)
[318.034s][info][gc,heap        ] GC(997) ParOldGen: 609311K(667648K)->609471K(667648K)
[318.034s][info][gc,metaspace   ] GC(997) Metaspace: 18764K(18944K)->18764K(18944K) NonClass: 16100K(16192K)->16100K(16192K) Class: 2664K(2752K)->2664K(2752K)
[318.034s][info][gc             ] GC(997) Pause Young (Allocation Failure) 704M->595M(869M) 2.303ms
[318.034s][info][gc,cpu         ] GC(997) User=0.00s Sys=0.00s Real=0.00s
[318.283s][info][gc,start       ] GC(998) Pause Young (Allocation Failure)
[318.285s][info][gc,heap        ] GC(998) PSYoungGen: 111680K(222720K)->64K(222720K) Eden: 111616K(111616K)->0K(111616K) From: 64K(111104K)->64K(111104K)
[318.285s][info][gc,heap        ] GC(998) ParOldGen: 609471K(667648K)->609487K(667648K)
[318.285s][info][gc,metaspace   ] GC(998) Metaspace: 18764K(18944K)->18764K(18944K) NonClass: 16100K(16192K)->16100K(16192K) Class: 2664K(2752K)->2664K(2752K)
[318.285s][info][gc             ] GC(998) Pause Young (Allocation Failure) 704M->595M(869M) 2.054ms
[318.285s][info][gc,cpu         ] GC(998) User=0.00s Sys=0.00s Real=0.00s
[318.531s][info][gc,start       ] GC(999) Pause Young (Allocation Failure)
[318.533s][info][gc,heap        ] GC(999) PSYoungGen: 111680K(222720K)->64K(222720K) Eden: 111616K(111616K)->0K(111616K) From: 64K(111104K)->64K(111104K)
[318.533s][info][gc,heap        ] GC(999) ParOldGen: 609487K(667648K)->609503K(667648K)
[318.533s][info][gc,metaspace   ] GC(999) Metaspace: 18764K(18944K)->18764K(18944K) NonClass: 16100K(16192K)->16100K(16192K) Class: 2664K(2752K)->2664K(2752K)
[318.533s][info][gc             ] GC(999) Pause Young (Allocation Failure) 704M->595M(869M) 1.922ms
[318.533s][info][gc,cpu         ] GC(999) User=0.00s Sys=0.00s Real=0.00s
[318.798s][info][gc,start       ] GC(1000) Pause Young (Allocation Failure)
[318.800s][info][gc,heap        ] GC(1000) PSYoungGen: 111680K(222720K)->64K(222720K) Eden: 111616K(111616K)->0K(111616K) From: 64K(111104K)->64K(111104K)
[318.800s][info][gc,heap        ] GC(1000) ParOldGen: 609503K(667648K)->609519K(667648K)
[318.800s][info][gc,metaspace   ] GC(1000) Metaspace: 18764K(18944K)->18764K(18944K) NonClass: 16100K(16192K)->16100K(16192K) Class: 2664K(2752K)->2664K(2752K)
[318.800s][info][gc             ] GC(1000) Pause Young (Allocation Failure) 704M->595M(869M) 2.093ms
[318.800s][info][gc,cpu         ] GC(1000) User=0.00s Sys=0.00s Real=0.00s
[319.012s][info][gc,start       ] GC(1001) Pause Young (Allocation Failure)
[319.016s][info][gc,heap        ] GC(1001) PSYoungGen: 111680K(222720K)->2176K(222720K) Eden: 111616K(111616K)->0K(111616K) From: 64K(111104K)->2176K(111104K)
[319.016s][info][gc,heap        ] GC(1001) ParOldGen: 609519K(667648K)->609535K(667648K)
[319.016s][info][gc,metaspace   ] GC(1001) Metaspace: 18764K(18944K)->18764K(18944K) NonClass: 16100K(16192K)->16100K(16192K) Class: 2664K(2752K)->2664K(2752K)
[319.017s][info][gc             ] GC(1001) Pause Young (Allocation Failure) 704M->597M(869M) 4.367ms
[319.017s][info][gc,cpu         ] GC(1001) User=0.01s Sys=0.00s Real=0.00s
[319.154s][info][gc,start       ] GC(1002) Pause Young (Allocation Failure)
[319.178s][info][gc,heap        ] GC(1002) PSYoungGen: 113792K(222720K)->29360K(217600K) Eden: 111616K(111616K)->0K(111616K) From: 2176K(111104K)->29360K(105984K)
[319.178s][info][gc,heap        ] GC(1002) ParOldGen: 609535K(667648K)->611719K(667648K)
[319.178s][info][gc,metaspace   ] GC(1002) Metaspace: 18764K(18944K)->18764K(18944K) NonClass: 16100K(16192K)->16100K(16192K) Class: 2664K(2752K)->2664K(2752K)
[319.178s][info][gc             ] GC(1002) Pause Young (Allocation Failure) 706M->626M(864M) 23.985ms
[319.178s][info][gc,cpu         ] GC(1002) User=0.05s Sys=0.00s Real=0.02s
[319.252s][info][gc,start       ] GC(1003) Pause Young (Allocation Failure)
[319.297s][info][gc,heap        ] GC(1003) PSYoungGen: 140976K(217600K)->68480K(220160K) Eden: 111616K(111616K)->0K(111616K) From: 29360K(105984K)->68480K(108544K)
[319.297s][info][gc,heap        ] GC(1003) ParOldGen: 611719K(667648K)->611719K(667648K)
[319.297s][info][gc,metaspace   ] GC(1003) Metaspace: 18764K(18944K)->18764K(18944K) NonClass: 16100K(16192K)->16100K(16192K) Class: 2664K(2752K)->2664K(2752K)
[319.297s][info][gc             ] GC(1003) Pause Young (Allocation Failure) 735M->664M(867M) 44.723ms
[319.297s][info][gc,cpu         ] GC(1003) User=0.09s Sys=0.00s Real=0.04s
[319.453s][info][gc,start       ] GC(1004) Pause Young (Allocation Failure)
[319.518s][info][gc,promotion   ] GC(1004) Promotion failed
[319.518s][info][gc,heap        ] GC(1004) PSYoungGen: 180096K(220160K)->180096K(220160K) Eden: 111616K(111616K)->111616K(111616K) From: 68480K(108544K)->68480K(108544K)
[319.518s][info][gc,heap        ] GC(1004) ParOldGen: 611719K(667648K)->667647K(667648K)
[319.518s][info][gc,metaspace   ] GC(1004) Metaspace: 18764K(18944K)->18764K(18944K) NonClass: 16100K(16192K)->16100K(16192K) Class: 2664K(2752K)->2664K(2752K)
[319.518s][info][gc             ] GC(1004) Pause Young (Allocation Failure) 773M->827M(867M) 64.772ms
[319.518s][info][gc,cpu         ] GC(1004) User=0.10s Sys=0.03s Real=0.06s
[319.518s][info][gc,start       ] GC(1005) Pause Full (Allocation Failure)
[319.518s][info][gc,phases,start] GC(1005) Marking Phase
[319.817s][info][gc,phases      ] GC(1005) Marking Phase 299.108ms
[319.817s][info][gc,phases,start] GC(1005) Summary Phase
[319.817s][info][gc,phases      ] GC(1005) Summary Phase 0.026ms
[319.817s][info][gc,phases,start] GC(1005) Forward
[319.957s][info][gc,phases      ] GC(1005) Forward 139.275ms
[319.957s][info][gc,phases,start] GC(1005) Adjust Pointers
[320.175s][info][gc,phases      ] GC(1005) Adjust Pointers 217.992ms
[320.175s][info][gc,phases,start] GC(1005) Compaction Phase
[320.312s][info][gc,phases      ] GC(1005) Compaction Phase 137.580ms
[320.319s][info][gc,phases,start] GC(1005) Post Compact
[320.322s][info][gc,phases      ] GC(1005) Post Compact 2.463ms
[320.322s][info][gc,heap        ] GC(1005) PSYoungGen: 180096K(220160K)->0K(222720K) Eden: 111616K(111616K)->0K(111616K) From: 68480K(108544K)->0K(111104K)
[320.322s][info][gc,heap        ] GC(1005) ParOldGen: 667647K(667648K)->433367K(667648K)
[320.322s][info][gc,metaspace   ] GC(1005) Metaspace: 18764K(18944K)->18764K(18944K) NonClass: 16100K(16192K)->16100K(16192K) Class: 2664K(2752K)->2664K(2752K)
[320.322s][info][gc             ] GC(1005) Pause Full (Allocation Failure) 827M->423M(869M) 803.497ms
[320.322s][info][gc,cpu         ] GC(1005) User=1.46s Sys=0.00s Real=0.81s
[320.368s][info][gc,start       ] GC(1006) Pause Young (Allocation Failure)
[320.390s][info][gc,heap        ] GC(1006) PSYoungGen: 111616K(222720K)->28592K(140288K) Eden: 111616K(111616K)->0K(111616K) From: 0K(111104K)->28592K(28672K)
[320.390s][info][gc,heap        ] GC(1006) ParOldGen: 433367K(667648K)->433367K(667648K)
[320.390s][info][gc,metaspace   ] GC(1006) Metaspace: 18764K(18944K)->18764K(18944K) NonClass: 16100K(16192K)->16100K(16192K) Class: 2664K(2752K)->2664K(2752K)
[320.390s][info][gc             ] GC(1006) Pause Young (Allocation Failure) 532M->451M(789M) 22.078ms
[320.390s][info][gc,cpu         ] GC(1006) User=0.04s Sys=0.00s Real=0.02s
[320.451s][info][gc,start       ] GC(1007) Pause Young (Allocation Failure)
[320.504s][info][gc,heap        ] GC(1007) PSYoungGen: 140208K(140288K)->67632K(215552K) Eden: 111616K(111616K)->0K(108032K) From: 28592K(28672K)->67632K(107520K)
[320.504s][info][gc,heap        ] GC(1007) ParOldGen: 433367K(667648K)->433367K(667648K)
[320.504s][info][gc,metaspace   ] GC(1007) Metaspace: 18764K(18944K)->18764K(18944K) NonClass: 16100K(16192K)->16100K(16192K) Class: 2664K(2752K)->2664K(2752K)
[320.504s][info][gc             ] GC(1007) Pause Young (Allocation Failure) 560M->489M(862M) 52.948ms
[320.504s][info][gc,cpu         ] GC(1007) User=0.11s Sys=0.00s Real=0.05s
[320.631s][info][gc,start       ] GC(1008) Pause Young (Allocation Failure)
[320.705s][info][gc,heap        ] GC(1008) PSYoungGen: 175664K(215552K)->27798K(219136K) Eden: 108032K(108032K)->0K(108032K) From: 67632K(107520K)->27798K(111104K)
[320.705s][info][gc,heap        ] GC(1008) ParOldGen: 433367K(667648K)->501531K(667648K)
[320.705s][info][gc,metaspace   ] GC(1008) Metaspace: 18764K(18944K)->18764K(18944K) NonClass: 16100K(16192K)->16100K(16192K) Class: 2664K(2752K)->2664K(2752K)
[320.705s][info][gc             ] GC(1008) Pause Young (Allocation Failure) 594M->516M(866M) 74.410ms
[320.705s][info][gc,cpu         ] GC(1008) User=0.15s Sys=0.00s Real=0.07s
[320.819s][info][gc,start       ] GC(1009) Pause Young (Allocation Failure)
[320.850s][info][gc,heap        ] GC(1009) PSYoungGen: 135830K(219136K)->128K(220160K) Eden: 108032K(108032K)->0K(115712K) From: 27798K(111104K)->128K(104448K)
[320.850s][info][gc,heap        ] GC(1009) ParOldGen: 501531K(667648K)->529454K(667648K)
[320.850s][info][gc,metaspace   ] GC(1009) Metaspace: 18764K(18944K)->18764K(18944K) NonClass: 16100K(16192K)->16100K(16192K) Class: 2664K(2752K)->2664K(2752K)
[320.851s][info][gc             ] GC(1009) Pause Young (Allocation Failure) 622M->517M(867M) 31.212ms
[320.851s][info][gc,cpu         ] GC(1009) User=0.06s Sys=0.00s Real=0.04s
[320.970s][info][gc,start       ] GC(1010) Pause Young (Allocation Failure)
[320.972s][info][gc,heap        ] GC(1010) PSYoungGen: 115840K(220160K)->128K(221184K) Eden: 115712K(115712K)->0K(115712K) From: 128K(104448K)->128K(105472K)
[320.972s][info][gc,heap        ] GC(1010) ParOldGen: 529454K(667648K)->529526K(667648K)
[320.972s][info][gc,metaspace   ] GC(1010) Metaspace: 18764K(18944K)->18764K(18944K) NonClass: 16100K(16192K)->16100K(16192K) Class: 2664K(2752K)->2664K(2752K)
[320.972s][info][gc             ] GC(1010) Pause Young (Allocation Failure) 630M->517M(868M) 2.180ms
[320.972s][info][gc,cpu         ] GC(1010) User=0.00s Sys=0.00s Real=0.01s
[321.087s][info][gc,start       ] GC(1011) Pause Young (Allocation Failure)
[321.090s][info][gc,heap        ] GC(1011) PSYoungGen: 115840K(221184K)->256K(224256K) Eden: 115712K(115712K)->0K(124928K) From: 128K(105472K)->256K(99328K)
[321.090s][info][gc,heap        ] GC(1011) ParOldGen: 529526K(667648K)->529526K(667648K)
[321.090s][info][gc,metaspace   ] GC(1011) Metaspace: 18764K(18944K)->18764K(18944K) NonClass: 16100K(16192K)->16100K(16192K) Class: 2664K(2752K)->2664K(2752K)
[321.090s][info][gc             ] GC(1011) Pause Young (Allocation Failure) 630M->517M(871M) 2.291ms
[321.090s][info][gc,cpu         ] GC(1011) User=0.01s Sys=0.00s Real=0.00s
[321.218s][info][gc,start       ] GC(1012) Pause Young (Allocation Failure)
[321.220s][info][gc,heap        ] GC(1012) PSYoungGen: 125184K(224256K)->352K(225792K) Eden: 124928K(124928K)->0K(124928K) From: 256K(99328K)->352K(100864K)
[321.220s][info][gc,heap        ] GC(1012) ParOldGen: 529526K(667648K)->529526K(667648K)
[321.220s][info][gc,metaspace   ] GC(1012) Metaspace: 18764K(18944K)->18764K(18944K) NonClass: 16100K(16192K)->16100K(16192K) Class: 2664K(2752K)->2664K(2752K)
[321.220s][info][gc             ] GC(1012) Pause Young (Allocation Failure) 639M->517M(872M) 2.329ms
[321.220s][info][gc,cpu         ] GC(1012) User=0.01s Sys=0.00s Real=0.01s
[321.347s][info][gc,start       ] GC(1013) Pause Young (Allocation Failure)
[321.349s][info][gc,heap        ] GC(1013) PSYoungGen: 125280K(225792K)->416K(220672K) Eden: 124928K(124928K)->0K(132096K) From: 352K(100864K)->416K(88576K)
[321.350s][info][gc,heap        ] GC(1013) ParOldGen: 529526K(667648K)->529526K(667648K)
[321.350s][info][gc,metaspace   ] GC(1013) Metaspace: 18764K(18944K)->18764K(18944K) NonClass: 16100K(16192K)->16100K(16192K) Class: 2664K(2752K)->2664K(2752K)
[321.350s][info][gc             ] GC(1013) Pause Young (Allocation Failure) 639M->517M(867M) 2.498ms
[321.350s][info][gc,cpu         ] GC(1013) User=0.00s Sys=0.00s Real=0.00s
[321.482s][info][gc,start       ] GC(1014) Pause Young (Allocation Failure)
[321.484s][info][gc,heap        ] GC(1014) PSYoungGen: 132512K(220672K)->512K(225792K) Eden: 132096K(132096K)->0K(132096K) From: 416K(88576K)->512K(93696K)
[321.484s][info][gc,heap        ] GC(1014) ParOldGen: 529526K(667648K)->529526K(667648K)
[321.484s][info][gc,metaspace   ] GC(1014) Metaspace: 18764K(18944K)->18764K(18944K) NonClass: 16100K(16192K)->16100K(16192K) Class: 2664K(2752K)->2664K(2752K)
[321.484s][info][gc             ] GC(1014) Pause Young (Allocation Failure) 646M->517M(872M) 2.716ms
[321.484s][info][gc,cpu         ] GC(1014) User=0.01s Sys=0.00s Real=0.00s
[321.618s][info][gc,start       ] GC(1015) Pause Young (Allocation Failure)
[321.621s][info][gc,heap        ] GC(1015) PSYoungGen: 132608K(225792K)->608K(218624K) Eden: 132096K(132096K)->0K(137728K) From: 512K(93696K)->608K(80896K)
[321.621s][info][gc,heap        ] GC(1015) ParOldGen: 529526K(667648K)->529526K(667648K)
[321.621s][info][gc,metaspace   ] GC(1015) Metaspace: 18764K(18944K)->18764K(18944K) NonClass: 16100K(16192K)->16100K(16192K) Class: 2664K(2752K)->2664K(2752K)
[321.621s][info][gc             ] GC(1015) Pause Young (Allocation Failure) 646M->517M(865M) 2.875ms
[321.621s][info][gc,cpu         ] GC(1015) User=0.01s Sys=0.00s Real=0.01s
[321.769s][info][gc,start       ] GC(1016) Pause Young (Allocation Failure)
[321.772s][info][gc,heap        ] GC(1016) PSYoungGen: 138336K(218624K)->736K(223744K) Eden: 137728K(137728K)->0K(137728K) From: 608K(80896K)->736K(86016K)
[321.772s][info][gc,heap        ] GC(1016) ParOldGen: 529526K(667648K)->529526K(667648K)
[321.772s][info][gc,metaspace   ] GC(1016) Metaspace: 18764K(18944K)->18764K(18944K) NonClass: 16100K(16192K)->16100K(16192K) Class: 2664K(2752K)->2664K(2752K)
[321.772s][info][gc             ] GC(1016) Pause Young (Allocation Failure) 652M->517M(870M) 3.156ms
[321.772s][info][gc,cpu         ] GC(1016) User=0.01s Sys=0.00s Real=0.01s
[321.904s][info][gc,start       ] GC(1017) Pause Young (Allocation Failure)
[321.920s][info][gc,heap        ] GC(1017) PSYoungGen: 138464K(223744K)->4128K(216576K) Eden: 137728K(137728K)->0K(143872K) From: 736K(86016K)->4128K(72704K)
[321.920s][info][gc,heap        ] GC(1017) ParOldGen: 529526K(667648K)->529526K(667648K)
[321.920s][info][gc,metaspace   ] GC(1017) Metaspace: 18764K(18944K)->18764K(18944K) NonClass: 16100K(16192K)->16100K(16192K) Class: 2664K(2752K)->2664K(2752K)
[321.920s][info][gc             ] GC(1017) Pause Young (Allocation Failure) 652M->521M(863M) 16.376ms
[321.920s][info][gc,cpu         ] GC(1017) User=0.03s Sys=0.00s Real=0.02s
[322.103s][info][gc,start       ] GC(1018) Pause Young (Allocation Failure)
[322.136s][info][gc,heap        ] GC(1018) PSYoungGen: 148000K(216576K)->19563K(220672K) Eden: 143872K(143872K)->0K(143872K) From: 4128K(72704K)->19563K(76800K)
[322.136s][info][gc,heap        ] GC(1018) ParOldGen: 529526K(667648K)->529526K(667648K)
[322.136s][info][gc,metaspace   ] GC(1018) Metaspace: 18764K(18944K)->18764K(18944K) NonClass: 16100K(16192K)->16100K(16192K) Class: 2664K(2752K)->2664K(2752K)
[322.136s][info][gc             ] GC(1018) Pause Young (Allocation Failure) 661M->536M(867M) 33.606ms
[322.136s][info][gc,cpu         ] GC(1018) User=0.07s Sys=0.00s Real=0.03s
[322.318s][info][gc,start       ] GC(1019) Pause Young (Allocation Failure)
[322.351s][info][gc,heap        ] GC(1019) PSYoungGen: 163435K(220672K)->19563K(218624K) Eden: 143872K(143872K)->0K(153088K) From: 19563K(76800K)->19563K(65536K)
[322.351s][info][gc,heap        ] GC(1019) ParOldGen: 529526K(667648K)->529526K(667648K)
[322.351s][info][gc,metaspace   ] GC(1019) Metaspace: 18764K(18944K)->18764K(18944K) NonClass: 16100K(16192K)->16100K(16192K) Class: 2664K(2752K)->2664K(2752K)
[322.351s][info][gc             ] GC(1019) Pause Young (Allocation Failure) 676M->536M(865M) 32.797ms
[322.351s][info][gc,cpu         ] GC(1019) User=0.06s Sys=0.00s Real=0.04s
[322.543s][info][gc,start       ] GC(1020) Pause Young (Allocation Failure)
[322.575s][info][gc,heap        ] GC(1020) PSYoungGen: 172651K(218624K)->19595K(221696K) Eden: 153088K(153088K)->0K(153088K) From: 19563K(65536K)->19595K(68608K)
[322.576s][info][gc,heap        ] GC(1020) ParOldGen: 529526K(667648K)->529526K(667648K)
[322.576s][info][gc,metaspace   ] GC(1020) Metaspace: 18764K(18944K)->18764K(18944K) NonClass: 16100K(16192K)->16100K(16192K) Class: 2664K(2752K)->2664K(2752K)
[322.576s][info][gc             ] GC(1020) Pause Young (Allocation Failure) 685M->536M(868M) 32.854ms
[322.576s][info][gc,cpu         ] GC(1020) User=0.07s Sys=0.00s Real=0.03s
[322.744s][info][gc,start       ] GC(1021) Pause Young (Allocation Failure)
[322.792s][info][gc,heap        ] GC(1021) PSYoungGen: 172683K(221696K)->33579K(226304K) Eden: 153088K(153088K)->0K(161280K) From: 19595K(68608K)->33579K(65024K)
[322.792s][info][gc,heap        ] GC(1021) ParOldGen: 529526K(667648K)->529526K(667648K)
[322.792s][info][gc,metaspace   ] GC(1021) Metaspace: 18764K(18944K)->18764K(18944K) NonClass: 16100K(16192K)->16100K(16192K) Class: 2664K(2752K)->2664K(2752K)
[322.792s][info][gc             ] GC(1021) Pause Young (Allocation Failure) 685M->549M(873M) 47.953ms
[322.792s][info][gc,cpu         ] GC(1021) User=0.10s Sys=0.01s Real=0.05s
[322.950s][info][gc,start       ] GC(1022) Pause Young (Allocation Failure)
[323.017s][info][gc,heap        ] GC(1022) PSYoungGen: 194859K(226304K)->53931K(228352K) Eden: 161280K(161280K)->0K(161280K) From: 33579K(65024K)->53931K(67072K)
[323.017s][info][gc,heap        ] GC(1022) ParOldGen: 529526K(667648K)->529526K(667648K)
[323.017s][info][gc,metaspace   ] GC(1022) Metaspace: 18764K(18944K)->18764K(18944K) NonClass: 16100K(16192K)->16100K(16192K) Class: 2664K(2752K)->2664K(2752K)
[323.017s][info][gc             ] GC(1022) Pause Young (Allocation Failure) 707M->569M(875M) 67.069ms
[323.017s][info][gc,cpu         ] GC(1022) User=0.13s Sys=0.00s Real=0.07s
[323.140s][info][gc,start       ] GC(1023) Pause Young (Allocation Failure)
[323.216s][info][gc,heap        ] GC(1023) PSYoungGen: 215211K(228352K)->56299K(243200K) Eden: 161280K(161280K)->0K(167936K) From: 53931K(67072K)->56299K(75264K)
[323.216s][info][gc,heap        ] GC(1023) ParOldGen: 529526K(667648K)->529526K(667648K)
[323.216s][info][gc,metaspace   ] GC(1023) Metaspace: 18764K(18944K)->18764K(18944K) NonClass: 16100K(16192K)->16100K(16192K) Class: 2664K(2752K)->2664K(2752K)
[323.216s][info][gc             ] GC(1023) Pause Young (Allocation Failure) 727M->572M(889M) 75.472ms
[323.216s][info][gc,cpu         ] GC(1023) User=0.14s Sys=0.01s Real=0.07s
[323.374s][info][gc,start       ] GC(1024) Pause Young (Allocation Failure)
[323.444s][info][gc,heap        ] GC(1024) PSYoungGen: 224235K(243200K)->59659K(227840K) Eden: 167936K(167936K)->0K(167936K) From: 56299K(75264K)->59659K(59904K)
[323.444s][info][gc,heap        ] GC(1024) ParOldGen: 529526K(667648K)->529622K(667648K)
[323.444s][info][gc,metaspace   ] GC(1024) Metaspace: 18764K(18944K)->18764K(18944K) NonClass: 16100K(16192K)->16100K(16192K) Class: 2664K(2752K)->2664K(2752K)
[323.444s][info][gc             ] GC(1024) Pause Young (Allocation Failure) 736M->575M(874M) 70.058ms
[323.444s][info][gc,cpu         ] GC(1024) User=0.13s Sys=0.00s Real=0.07s
[323.604s][info][gc,start       ] GC(1025) Pause Young (Allocation Failure)
[323.679s][info][gc,heap        ] GC(1025) PSYoungGen: 227595K(227840K)->59595K(232448K) Eden: 167936K(167936K)->0K(142336K) From: 59659K(59904K)->59595K(90112K)
[323.679s][info][gc,heap        ] GC(1025) ParOldGen: 529622K(667648K)->529750K(667648K)
[323.679s][info][gc,metaspace   ] GC(1025) Metaspace: 18764K(18944K)->18764K(18944K) NonClass: 16100K(16192K)->16100K(16192K) Class: 2664K(2752K)->2664K(2752K)
[323.680s][info][gc             ] GC(1025) Pause Young (Allocation Failure) 739M->575M(879M) 75.455ms
[323.680s][info][gc,cpu         ] GC(1025) User=0.15s Sys=0.00s Real=0.07s
[323.864s][info][gc,start       ] GC(1026) Pause Young (Allocation Failure)
[323.955s][info][gc,heap        ] GC(1026) PSYoungGen: 201931K(232448K)->82956K(225792K) Eden: 142336K(142336K)->0K(142336K) From: 59595K(90112K)->82956K(83456K)
[323.955s][info][gc,heap        ] GC(1026) ParOldGen: 529750K(667648K)->529926K(667648K)
[323.955s][info][gc,metaspace   ] GC(1026) Metaspace: 18764K(18944K)->18764K(18944K) NonClass: 16100K(16192K)->16100K(16192K) Class: 2664K(2752K)->2664K(2752K)
[323.955s][info][gc             ] GC(1026) Pause Young (Allocation Failure) 714M->598M(872M) 90.971ms
[323.955s][info][gc,cpu         ] GC(1026) User=0.18s Sys=0.00s Real=0.09s
[324.106s][info][gc,start       ] GC(1027) Pause Young (Allocation Failure)
[324.230s][info][gc,heap        ] GC(1027) PSYoungGen: 225292K(225792K)->104668K(219648K) Eden: 142336K(142336K)->0K(111616K) From: 82956K(83456K)->104668K(108032K)
[324.230s][info][gc,heap        ] GC(1027) ParOldGen: 529926K(667648K)->530142K(667648K)
[324.230s][info][gc,metaspace   ] GC(1027) Metaspace: 18764K(18944K)->18764K(18944K) NonClass: 16100K(16192K)->16100K(16192K) Class: 2664K(2752K)->2664K(2752K)
[324.230s][info][gc             ] GC(1027) Pause Young (Allocation Failure) 737M->619M(866M) 124.272ms
[324.230s][info][gc,cpu         ] GC(1027) User=0.22s Sys=0.03s Real=0.13s
[324.415s][info][gc,start       ] GC(1028) Pause Young (Allocation Failure)
[324.544s][info][gc,heap        ] GC(1028) PSYoungGen: 216284K(219648K)->111084K(222720K) Eden: 111616K(111616K)->0K(111616K) From: 104668K(108032K)->111084K(111104K)
[324.544s][info][gc,heap        ] GC(1028) ParOldGen: 530142K(667648K)->542822K(667648K)
[324.544s][info][gc,metaspace   ] GC(1028) Metaspace: 18764K(18944K)->18764K(18944K) NonClass: 16100K(16192K)->16100K(16192K) Class: 2664K(2752K)->2664K(2752K)
[324.544s][info][gc             ] GC(1028) Pause Young (Allocation Failure) 728M->638M(869M) 129.540ms
[324.544s][info][gc,cpu         ] GC(1028) User=0.26s Sys=0.00s Real=0.13s
[324.639s][info][gc,start       ] GC(1029) Pause Young (Allocation Failure)
[324.757s][info][gc,heap        ] GC(1029) PSYoungGen: 222700K(222720K)->96336K(222720K) Eden: 111616K(111616K)->0K(111616K) From: 111084K(111104K)->96336K(111104K)
[324.757s][info][gc,heap        ] GC(1029) ParOldGen: 542822K(667648K)->558289K(667648K)
[324.757s][info][gc,metaspace   ] GC(1029) Metaspace: 18764K(18944K)->18764K(18944K) NonClass: 16100K(16192K)->16100K(16192K) Class: 2664K(2752K)->2664K(2752K)
[324.757s][info][gc             ] GC(1029) Pause Young (Allocation Failure) 747M->639M(869M) 118.667ms
[324.758s][info][gc,cpu         ] GC(1029) User=0.23s Sys=0.00s Real=0.12s
[324.876s][info][gc,start       ] GC(1030) Pause Young (Allocation Failure)
[324.969s][info][gc,heap        ] GC(1030) PSYoungGen: 207952K(222720K)->85808K(222720K) Eden: 111616K(111616K)->0K(111616K) From: 96336K(111104K)->85808K(111104K)
[324.969s][info][gc,heap        ] GC(1030) ParOldGen: 558289K(667648K)->570681K(667648K)
[324.969s][info][gc,metaspace   ] GC(1030) Metaspace: 18764K(18944K)->18764K(18944K) NonClass: 16100K(16192K)->16100K(16192K) Class: 2664K(2752K)->2664K(2752K)
[324.969s][info][gc             ] GC(1030) Pause Young (Allocation Failure) 748M->641M(869M) 92.605ms
[324.969s][info][gc,cpu         ] GC(1030) User=0.18s Sys=0.00s Real=0.09s
[325.093s][info][gc,start       ] GC(1031) Pause Young (Allocation Failure)
[325.179s][info][gc,heap        ] GC(1031) PSYoungGen: 197424K(222720K)->71072K(222720K) Eden: 111616K(111616K)->0K(111616K) From: 85808K(111104K)->71072K(111104K)
[325.179s][info][gc,heap        ] GC(1031) ParOldGen: 570681K(667648K)->589737K(667648K)
[325.179s][info][gc,metaspace   ] GC(1031) Metaspace: 18764K(18944K)->18764K(18944K) NonClass: 16100K(16192K)->16100K(16192K) Class: 2664K(2752K)->2664K(2752K)
[325.179s][info][gc             ] GC(1031) Pause Young (Allocation Failure) 750M->645M(869M) 85.550ms
[325.179s][info][gc,cpu         ] GC(1031) User=0.17s Sys=0.00s Real=0.08s
[325.282s][info][gc,start       ] GC(1032) Pause Young (Allocation Failure)
[325.350s][info][gc,heap        ] GC(1032) PSYoungGen: 182688K(222720K)->68032K(222720K) Eden: 111616K(111616K)->0K(111616K) From: 71072K(111104K)->68032K(111104K)
[325.350s][info][gc,heap        ] GC(1032) ParOldGen: 589737K(667648K)->592785K(667648K)
[325.350s][info][gc,metaspace   ] GC(1032) Metaspace: 18764K(18944K)->18764K(18944K) NonClass: 16100K(16192K)->16100K(16192K) Class: 2664K(2752K)->2664K(2752K)
[325.350s][info][gc             ] GC(1032) Pause Young (Allocation Failure) 754M->645M(869M) 67.540ms
[325.350s][info][gc,cpu         ] GC(1032) User=0.13s Sys=0.00s Real=0.06s
[325.463s][info][gc,start       ] GC(1033) Pause Young (Allocation Failure)
[325.535s][info][gc,heap        ] GC(1033) PSYoungGen: 179648K(222720K)->32416K(222720K) Eden: 111616K(111616K)->0K(111616K) From: 68032K(111104K)->32416K(111104K)
[325.535s][info][gc,heap        ] GC(1033) ParOldGen: 592785K(667648K)->635026K(667648K)
[325.535s][info][gc,metaspace   ] GC(1033) Metaspace: 18764K(18944K)->18764K(18944K) NonClass: 16100K(16192K)->16100K(16192K) Class: 2664K(2752K)->2664K(2752K)
[325.535s][info][gc             ] GC(1033) Pause Young (Allocation Failure) 754M->651M(869M) 71.570ms
[325.535s][info][gc,cpu         ] GC(1033) User=0.14s Sys=0.00s Real=0.07s
[325.673s][info][gc,start       ] GC(1034) Pause Full (Allocation Failure)
[325.673s][info][gc,phases,start] GC(1034) Marking Phase
[325.932s][info][gc,phases      ] GC(1034) Marking Phase 258.742ms
[325.932s][info][gc,phases,start] GC(1034) Summary Phase
[325.932s][info][gc,phases      ] GC(1034) Summary Phase 0.044ms
[325.932s][info][gc,phases,start] GC(1034) Forward
[326.058s][info][gc,phases      ] GC(1034) Forward 126.139ms
[326.058s][info][gc,phases,start] GC(1034) Adjust Pointers
[326.256s][info][gc,phases      ] GC(1034) Adjust Pointers 197.879ms
[326.256s][info][gc,phases,start] GC(1034) Compaction Phase
[326.381s][info][gc,phases      ] GC(1034) Compaction Phase 125.007ms
[326.393s][info][gc,phases,start] GC(1034) Post Compact
[326.396s][info][gc,phases      ] GC(1034) Post Compact 2.222ms
[326.396s][info][gc,heap        ] GC(1034) PSYoungGen: 144032K(222720K)->0K(222720K) Eden: 111616K(111616K)->0K(111616K) From: 32416K(111104K)->0K(111104K)
[326.396s][info][gc,heap        ] GC(1034) ParOldGen: 635026K(667648K)->369339K(663040K)
[326.396s][info][gc,metaspace   ] GC(1034) Metaspace: 18764K(18944K)->18764K(18944K) NonClass: 16100K(16192K)->16100K(16192K) Class: 2664K(2752K)->2664K(2752K)
[326.396s][info][gc             ] GC(1034) Pause Full (Allocation Failure) 760M->360M(865M) 722.760ms
[326.396s][info][gc,cpu         ] GC(1034) User=1.29s Sys=0.00s Real=0.72s
[326.675s][info][gc,start       ] GC(1035) Pause Young (Allocation Failure)
[326.677s][info][gc,heap        ] GC(1035) PSYoungGen: 111616K(222720K)->64K(222720K) Eden: 111616K(111616K)->0K(111616K) From: 0K(111104K)->64K(111104K)
[326.677s][info][gc,heap        ] GC(1035) ParOldGen: 369339K(663040K)->369339K(663040K)
[326.677s][info][gc,metaspace   ] GC(1035) Metaspace: 18764K(18944K)->18764K(18944K) NonClass: 16100K(16192K)->16100K(16192K) Class: 2664K(2752K)->2664K(2752K)
[326.677s][info][gc             ] GC(1035) Pause Young (Allocation Failure) 469M->360M(865M) 2.087ms
[326.677s][info][gc,cpu         ] GC(1035) User=0.00s Sys=0.00s Real=0.00s
[326.953s][info][gc,start       ] GC(1036) Pause Young (Allocation Failure)
[326.955s][info][gc,heap        ] GC(1036) PSYoungGen: 111680K(222720K)->176K(222720K) Eden: 111616K(111616K)->0K(111616K) From: 64K(111104K)->176K(111104K)
[326.955s][info][gc,heap        ] GC(1036) ParOldGen: 369339K(663040K)->369339K(663040K)
[326.955s][info][gc,metaspace   ] GC(1036) Metaspace: 18764K(18944K)->18764K(18944K) NonClass: 16100K(16192K)->16100K(16192K) Class: 2664K(2752K)->2664K(2752K)
[326.955s][info][gc             ] GC(1036) Pause Young (Allocation Failure) 469M->360M(865M) 1.867ms
[326.955s][info][gc,cpu         ] GC(1036) User=0.00s Sys=0.00s Real=0.00s
[327.196s][info][gc,start       ] GC(1037) Pause Young (Allocation Failure)
[327.198s][info][gc,heap        ] GC(1037) PSYoungGen: 111792K(222720K)->400K(222720K) Eden: 111616K(111616K)->0K(111616K) From: 176K(111104K)->400K(111104K)
[327.198s][info][gc,heap        ] GC(1037) ParOldGen: 369339K(663040K)->369339K(663040K)
[327.198s][info][gc,metaspace   ] GC(1037) Metaspace: 18764K(18944K)->18764K(18944K) NonClass: 16100K(16192K)->16100K(16192K) Class: 2664K(2752K)->2664K(2752K)
[327.198s][info][gc             ] GC(1037) Pause Young (Allocation Failure) 469M->361M(865M) 2.229ms
[327.198s][info][gc,cpu         ] GC(1037) User=0.00s Sys=0.00s Real=0.00s
[327.430s][info][gc,start       ] GC(1038) Pause Young (Allocation Failure)
[327.432s][info][gc,heap        ] GC(1038) PSYoungGen: 112016K(222720K)->512K(222720K) Eden: 111616K(111616K)->0K(111616K) From: 400K(111104K)->512K(111104K)
[327.432s][info][gc,heap        ] GC(1038) ParOldGen: 369339K(663040K)->369492K(663040K)
[327.432s][info][gc,metaspace   ] GC(1038) Metaspace: 18764K(18944K)->18764K(18944K) NonClass: 16100K(16192K)->16100K(16192K) Class: 2664K(2752K)->2664K(2752K)
[327.432s][info][gc             ] GC(1038) Pause Young (Allocation Failure) 470M->361M(865M) 2.449ms
[327.432s][info][gc,cpu         ] GC(1038) User=0.01s Sys=0.00s Real=0.01s
[327.675s][info][gc,start       ] GC(1039) Pause Young (Allocation Failure)
[327.677s][info][gc,heap        ] GC(1039) PSYoungGen: 112128K(222720K)->64K(222720K) Eden: 111616K(111616K)->0K(111616K) From: 512K(111104K)->64K(111104K)
[327.677s][info][gc,heap        ] GC(1039) ParOldGen: 369492K(663040K)->369604K(663040K)
[327.677s][info][gc,metaspace   ] GC(1039) Metaspace: 18764K(18944K)->18764K(18944K) NonClass: 16100K(16192K)->16100K(16192K) Class: 2664K(2752K)->2664K(2752K)
[327.677s][info][gc             ] GC(1039) Pause Young (Allocation Failure) 470M->361M(865M) 2.235ms
[327.677s][info][gc,cpu         ] GC(1039) User=0.00s Sys=0.00s Real=0.00s
[327.914s][info][gc,start       ] GC(1040) Pause Young (Allocation Failure)
[327.921s][info][gc,heap        ] GC(1040) PSYoungGen: 111680K(222720K)->5280K(222720K) Eden: 111616K(111616K)->0K(111616K) From: 64K(111104K)->5280K(111104K)
[327.921s][info][gc,heap        ] GC(1040) ParOldGen: 369604K(663040K)->369628K(663040K)
[327.921s][info][gc,metaspace   ] GC(1040) Metaspace: 18764K(18944K)->18764K(18944K) NonClass: 16100K(16192K)->16100K(16192K) Class: 2664K(2752K)->2664K(2752K)
[327.921s][info][gc             ] GC(1040) Pause Young (Allocation Failure) 470M->366M(865M) 6.788ms
[327.921s][info][gc,cpu         ] GC(1040) User=0.02s Sys=0.00s Real=0.01s
[328.065s][info][gc,start       ] GC(1041) Pause Young (Allocation Failure)
[328.092s][info][gc,heap        ] GC(1041) PSYoungGen: 116896K(222720K)->27856K(222720K) Eden: 111616K(111616K)->0K(111616K) From: 5280K(111104K)->27856K(111104K)
[328.092s][info][gc,heap        ] GC(1041) ParOldGen: 369628K(663040K)->374900K(663040K)
[328.092s][info][gc,metaspace   ] GC(1041) Metaspace: 18764K(18944K)->18764K(18944K) NonClass: 16100K(16192K)->16100K(16192K) Class: 2664K(2752K)->2664K(2752K)
[328.092s][info][gc             ] GC(1041) Pause Young (Allocation Failure) 475M->393M(865M) 26.685ms
[328.092s][info][gc,cpu         ] GC(1041) User=0.05s Sys=0.00s Real=0.03s
[328.148s][info][gc,start       ] GC(1042) Pause Young (Allocation Failure)
[328.193s][info][gc,heap        ] GC(1042) PSYoungGen: 139472K(222720K)->39616K(222720K) Eden: 111616K(111616K)->0K(111616K) From: 27856K(111104K)->39616K(111104K)
[328.194s][info][gc,heap        ] GC(1042) ParOldGen: 374900K(663040K)->403076K(663040K)
[328.194s][info][gc,metaspace   ] GC(1042) Metaspace: 18764K(18944K)->18764K(18944K) NonClass: 16100K(16192K)->16100K(16192K) Class: 2664K(2752K)->2664K(2752K)
[328.194s][info][gc             ] GC(1042) Pause Young (Allocation Failure) 502M->432M(865M) 45.482ms
[328.194s][info][gc,cpu         ] GC(1042) User=0.09s Sys=0.00s Real=0.05s
[328.253s][info][gc,start       ] GC(1043) Pause Young (Allocation Failure)
[328.303s][info][gc,heap        ] GC(1043) PSYoungGen: 151232K(222720K)->38176K(218624K) Eden: 111616K(111616K)->0K(111616K) From: 39616K(111104K)->38176K(107008K)
[328.303s][info][gc,heap        ] GC(1043) ParOldGen: 403076K(663040K)->443092K(663040K)
[328.303s][info][gc,metaspace   ] GC(1043) Metaspace: 18764K(18944K)->18764K(18944K) NonClass: 16100K(16192K)->16100K(16192K) Class: 2664K(2752K)->2664K(2752K)
[328.303s][info][gc             ] GC(1043) Pause Young (Allocation Failure) 541M->469M(861M) 50.640ms
[328.303s][info][gc,cpu         ] GC(1043) User=0.10s Sys=0.00s Real=0.05s
[328.393s][info][gc,start       ] GC(1044) Pause Young (Allocation Failure)
[328.451s][info][gc,heap        ] GC(1044) PSYoungGen: 149792K(218624K)->47094K(220672K) Eden: 111616K(111616K)->0K(111616K) From: 38176K(107008K)->47094K(109056K)
[328.451s][info][gc,heap        ] GC(1044) ParOldGen: 443092K(663040K)->481721K(663040K)
[328.451s][info][gc,metaspace   ] GC(1044) Metaspace: 18764K(18944K)->18764K(18944K) NonClass: 16100K(16192K)->16100K(16192K) Class: 2664K(2752K)->2664K(2752K)
[328.451s][info][gc             ] GC(1044) Pause Young (Allocation Failure) 578M->516M(863M) 58.341ms
[328.451s][info][gc,cpu         ] GC(1044) User=0.12s Sys=0.01s Real=0.06s
[328.581s][info][gc,start       ] GC(1045) Pause Young (Allocation Failure)
[328.643s][info][gc,heap        ] GC(1045) PSYoungGen: 158710K(220672K)->41408K(216064K) Eden: 111616K(111616K)->0K(118272K) From: 47094K(109056K)->41408K(97792K)
[328.643s][info][gc,heap        ] GC(1045) ParOldGen: 481721K(663040K)->529340K(663040K)
[328.643s][info][gc,metaspace   ] GC(1045) Metaspace: 18764K(18944K)->18764K(18944K) NonClass: 16100K(16192K)->16100K(16192K) Class: 2664K(2752K)->2664K(2752K)
[328.643s][info][gc             ] GC(1045) Pause Young (Allocation Failure) 625M->557M(858M) 62.061ms
[328.643s][info][gc,cpu         ] GC(1045) User=0.13s Sys=0.00s Real=0.06s
[328.868s][info][gc,start       ] GC(1046) Pause Young (Allocation Failure)
[328.925s][info][gc,heap        ] GC(1046) PSYoungGen: 159680K(216064K)->14784K(220160K) Eden: 118272K(118272K)->0K(118272K) From: 41408K(97792K)->14784K(101888K)
[328.925s][info][gc,heap        ] GC(1046) ParOldGen: 529340K(663040K)->571228K(663040K)
[328.925s][info][gc,metaspace   ] GC(1046) Metaspace: 18764K(18944K)->18764K(18944K) NonClass: 16100K(16192K)->16100K(16192K) Class: 2664K(2752K)->2664K(2752K)
[328.925s][info][gc             ] GC(1046) Pause Young (Allocation Failure) 672M->572M(862M) 57.764ms
[328.925s][info][gc,cpu         ] GC(1046) User=0.12s Sys=0.00s Real=0.06s
[329.029s][info][gc,start       ] GC(1047) Pause Young (Allocation Failure)
[329.066s][info][gc,heap        ] GC(1047) PSYoungGen: 133056K(220160K)->3872K(227328K) Eden: 118272K(118272K)->0K(132096K) From: 14784K(101888K)->3872K(95232K)
[329.066s][info][gc,heap        ] GC(1047) ParOldGen: 571228K(663040K)->586012K(663040K)
[329.066s][info][gc,metaspace   ] GC(1047) Metaspace: 18764K(18944K)->18764K(18944K) NonClass: 16100K(16192K)->16100K(16192K) Class: 2664K(2752K)->2664K(2752K)
[329.066s][info][gc             ] GC(1047) Pause Young (Allocation Failure) 687M->576M(869M) 36.734ms
[329.066s][info][gc,cpu         ] GC(1047) User=0.08s Sys=0.00s Real=0.04s
[329.214s][info][gc,start       ] GC(1048) Pause Young (Allocation Failure)
[329.246s][info][gc,heap        ] GC(1048) PSYoungGen: 135968K(227328K)->6263K(229376K) Eden: 132096K(132096K)->0K(132096K) From: 3872K(95232K)->6263K(97280K)
[329.246s][info][gc,heap        ] GC(1048) ParOldGen: 586012K(663040K)->589860K(663040K)
[329.246s][info][gc,metaspace   ] GC(1048) Metaspace: 18764K(18944K)->18764K(18944K) NonClass: 16100K(16192K)->16100K(16192K) Class: 2664K(2752K)->2664K(2752K)
[329.246s][info][gc             ] GC(1048) Pause Young (Allocation Failure) 705M->582M(871M) 31.334ms
[329.246s][info][gc,cpu         ] GC(1048) User=0.06s Sys=0.00s Real=0.03s
[329.429s][info][gc,start       ] GC(1049) Pause Young (Allocation Failure)
[329.480s][info][gc,heap        ] GC(1049) PSYoungGen: 138359K(229376K)->21632K(226304K) Eden: 132096K(132096K)->0K(142336K) From: 6263K(97280K)->21632K(83968K)
[329.481s][info][gc,heap        ] GC(1049) ParOldGen: 589860K(663040K)->595582K(663040K)
[329.481s][info][gc,metaspace   ] GC(1049) Metaspace: 18764K(18944K)->18764K(18944K) NonClass: 16100K(16192K)->16100K(16192K) Class: 2664K(2752K)->2664K(2752K)
[329.481s][info][gc             ] GC(1049) Pause Young (Allocation Failure) 711M->602M(868M) 51.249ms
[329.481s][info][gc,cpu         ] GC(1049) User=0.10s Sys=0.00s Real=0.06s
[329.678s][info][gc,start       ] GC(1050) Pause Young (Allocation Failure)
[329.710s][info][gc,heap        ] GC(1050) PSYoungGen: 163968K(226304K)->32K(230912K) Eden: 142336K(142336K)->0K(142336K) From: 21632K(83968K)->32K(88576K)
[329.710s][info][gc,heap        ] GC(1050) ParOldGen: 595582K(663040K)->617222K(663040K)
[329.710s][info][gc,metaspace   ] GC(1050) Metaspace: 18764K(18944K)->18764K(18944K) NonClass: 16100K(16192K)->16100K(16192K) Class: 2664K(2752K)->2664K(2752K)
[329.710s][info][gc             ] GC(1050) Pause Young (Allocation Failure) 741M->602M(873M) 32.055ms
[329.710s][info][gc,cpu         ] GC(1050) User=0.06s Sys=0.00s Real=0.03s
[329.909s][info][gc,start       ] GC(1051) Pause Full (Allocation Failure)
[329.909s][info][gc,phases,start] GC(1051) Marking Phase
[330.203s][info][gc,phases      ] GC(1051) Marking Phase 293.767ms
[330.203s][info][gc,phases,start] GC(1051) Summary Phase
[330.203s][info][gc,phases      ] GC(1051) Summary Phase 0.037ms
[330.203s][info][gc,phases,start] GC(1051) Forward
[330.316s][info][gc,phases      ] GC(1051) Forward 113.147ms
[330.316s][info][gc,phases,start] GC(1051) Adjust Pointers
[330.571s][info][gc,phases      ] GC(1051) Adjust Pointers 254.939ms
[330.571s][info][gc,phases,start] GC(1051) Compaction Phase
[330.718s][info][gc,phases      ] GC(1051) Compaction Phase 147.101ms
[330.734s][info][gc,phases,start] GC(1051) Post Compact
[330.736s][info][gc,phases      ] GC(1051) Post Compact 2.253ms
[330.736s][info][gc,heap        ] GC(1051) PSYoungGen: 142368K(230912K)->0K(244224K) Eden: 142336K(142336K)->0K(157184K) From: 32K(88576K)->0K(87040K)
[330.736s][info][gc,heap        ] GC(1051) ParOldGen: 617222K(663040K)->459069K(667648K)
[330.736s][info][gc,metaspace   ] GC(1051) Metaspace: 18764K(18944K)->18764K(18944K) NonClass: 16100K(16192K)->16100K(16192K) Class: 2664K(2752K)->2664K(2752K)
[330.736s][info][gc             ] GC(1051) Pause Full (Allocation Failure) 741M->448M(890M) 826.864ms
[330.736s][info][gc,cpu         ] GC(1051) User=1.55s Sys=0.01s Real=0.83s
[330.957s][info][gc,start       ] GC(1052) Pause Young (Allocation Failure)
[330.958s][info][gc,heap        ] GC(1052) PSYoungGen: 157184K(244224K)->64K(244224K) Eden: 157184K(157184K)->0K(157184K) From: 0K(87040K)->64K(87040K)
[330.958s][info][gc,heap        ] GC(1052) ParOldGen: 459069K(667648K)->459069K(667648K)
[330.958s][info][gc,metaspace   ] GC(1052) Metaspace: 18764K(18944K)->18764K(18944K) NonClass: 16100K(16192K)->16100K(16192K) Class: 2664K(2752K)->2664K(2752K)
[330.958s][info][gc             ] GC(1052) Pause Young (Allocation Failure) 601M->448M(890M) 1.624ms
[330.958s][info][gc,cpu         ] GC(1052) User=0.01s Sys=0.00s Real=0.00s
[331.171s][info][gc,start       ] GC(1053) Pause Young (Allocation Failure)
[331.172s][info][gc,heap        ] GC(1053) PSYoungGen: 157248K(244224K)->64K(243712K) Eden: 157184K(157184K)->0K(161792K) From: 64K(87040K)->64K(81920K)
[331.172s][info][gc,heap        ] GC(1053) ParOldGen: 459069K(667648K)->459069K(667648K)
[331.172s][info][gc,metaspace   ] GC(1053) Metaspace: 18764K(18944K)->18764K(18944K) NonClass: 16100K(16192K)->16100K(16192K) Class: 2664K(2752K)->2664K(2752K)
[331.172s][info][gc             ] GC(1053) Pause Young (Allocation Failure) 601M->448M(890M) 1.622ms
[331.173s][info][gc,cpu         ] GC(1053) User=0.00s Sys=0.00s Real=0.00s
[331.398s][info][gc,start       ] GC(1054) Pause Young (Allocation Failure)
[331.399s][info][gc,heap        ] GC(1054) PSYoungGen: 161856K(243712K)->64K(244224K) Eden: 161792K(161792K)->0K(161792K) From: 64K(81920K)->64K(82432K)
[331.400s][info][gc,heap        ] GC(1054) ParOldGen: 459069K(667648K)->459069K(667648K)
[331.400s][info][gc,metaspace   ] GC(1054) Metaspace: 18764K(18944K)->18764K(18944K) NonClass: 16100K(16192K)->16100K(16192K) Class: 2664K(2752K)->2664K(2752K)
[331.400s][info][gc             ] GC(1054) Pause Young (Allocation Failure) 606M->448M(890M) 1.610ms
[331.400s][info][gc,cpu         ] GC(1054) User=0.00s Sys=0.00s Real=0.00s
[331.559s][info][gc,start       ] GC(1055) Pause Young (Allocation Failure)
[331.585s][info][gc,heap        ] GC(1055) PSYoungGen: 161856K(244224K)->23808K(246784K) Eden: 161792K(161792K)->0K(172032K) From: 64K(82432K)->23808K(74752K)
[331.585s][info][gc,heap        ] GC(1055) ParOldGen: 459069K(667648K)->459069K(667648K)
[331.585s][info][gc,metaspace   ] GC(1055) Metaspace: 18764K(18944K)->18764K(18944K) NonClass: 16100K(16192K)->16100K(16192K) Class: 2664K(2752K)->2664K(2752K)
[331.585s][info][gc             ] GC(1055) Pause Young (Allocation Failure) 606M->471M(893M) 26.097ms
[331.585s][info][gc,cpu         ] GC(1055) User=0.05s Sys=0.00s Real=0.03s
[331.731s][info][gc,start       ] GC(1056) Pause Young (Allocation Failure)
[331.762s][info][gc,heap        ] GC(1056) PSYoungGen: 195840K(246784K)->31040K(247808K) Eden: 172032K(172032K)->0K(172032K) From: 23808K(74752K)->31040K(75776K)
[331.762s][info][gc,heap        ] GC(1056) ParOldGen: 459069K(667648K)->459069K(667648K)
[331.762s][info][gc,metaspace   ] GC(1056) Metaspace: 18764K(18944K)->18764K(18944K) NonClass: 16100K(16192K)->16100K(16192K) Class: 2664K(2752K)->2664K(2752K)
[331.762s][info][gc             ] GC(1056) Pause Young (Allocation Failure) 639M->478M(894M) 30.984ms
[331.762s][info][gc,cpu         ] GC(1056) User=0.06s Sys=0.00s Real=0.03s
[331.915s][info][gc,start       ] GC(1057) Pause Young (Allocation Failure)
[331.947s][info][gc,heap        ] GC(1057) PSYoungGen: 203072K(247808K)->32832K(257024K) Eden: 172032K(172032K)->0K(183296K) From: 31040K(75776K)->32832K(73728K)
[331.947s][info][gc,heap        ] GC(1057) ParOldGen: 459069K(667648K)->459069K(667648K)
[331.947s][info][gc,metaspace   ] GC(1057) Metaspace: 18764K(18944K)->18764K(18944K) NonClass: 16100K(16192K)->16100K(16192K) Class: 2664K(2752K)->2664K(2752K)
[331.947s][info][gc             ] GC(1057) Pause Young (Allocation Failure) 646M->480M(903M) 32.258ms
[331.948s][info][gc,cpu         ] GC(1057) User=0.07s Sys=0.00s Real=0.03s
[332.150s][info][gc,start       ] GC(1058) Pause Young (Allocation Failure)
[332.189s][info][gc,heap        ] GC(1058) PSYoungGen: 216128K(257024K)->40928K(257536K) Eden: 183296K(183296K)->0K(183296K) From: 32832K(73728K)->40928K(74240K)
[332.189s][info][gc,heap        ] GC(1058) ParOldGen: 459069K(667648K)->459069K(667648K)
[332.189s][info][gc,metaspace   ] GC(1058) Metaspace: 18764K(18944K)->18764K(18944K) NonClass: 16100K(16192K)->16100K(16192K) Class: 2664K(2752K)->2664K(2752K)
[332.189s][info][gc             ] GC(1058) Pause Young (Allocation Failure) 659M->488M(903M) 39.409ms
[332.189s][info][gc,cpu         ] GC(1058) User=0.08s Sys=0.00s Real=0.03s
[332.540s][info][gc,start       ] GC(1059) Pause Young (Allocation Failure)
[332.580s][info][gc,heap        ] GC(1059) PSYoungGen: 224224K(257536K)->41088K(254464K) Eden: 183296K(183296K)->0K(178176K) From: 40928K(74240K)->41088K(76288K)
[332.580s][info][gc,heap        ] GC(1059) ParOldGen: 459069K(667648K)->459069K(667648K)
[332.580s][info][gc,metaspace   ] GC(1059) Metaspace: 18764K(18944K)->18764K(18944K) NonClass: 16100K(16192K)->16100K(16192K) Class: 2664K(2752K)->2664K(2752K)
[332.580s][info][gc             ] GC(1059) Pause Young (Allocation Failure) 667M->488M(900M) 39.515ms
[332.580s][info][gc,cpu         ] GC(1059) User=0.07s Sys=0.00s Real=0.03s
[332.876s][info][gc,start       ] GC(1060) Pause Young (Allocation Failure)
[332.915s][info][gc,heap        ] GC(1060) PSYoungGen: 219264K(254464K)->41088K(219648K) Eden: 178176K(178176K)->0K(178176K) From: 41088K(76288K)->41088K(41472K)
[332.915s][info][gc,heap        ] GC(1060) ParOldGen: 459069K(667648K)->459069K(667648K)
[332.915s][info][gc,metaspace   ] GC(1060) Metaspace: 18764K(18944K)->18764K(18944K) NonClass: 16100K(16192K)->16100K(16192K) Class: 2664K(2752K)->2664K(2752K)
[332.915s][info][gc             ] GC(1060) Pause Young (Allocation Failure) 662M->488M(866M) 39.435ms
[332.915s][info][gc,cpu         ] GC(1060) User=0.08s Sys=0.00s Real=0.04s
[333.212s][info][gc,start       ] GC(1061) Pause Young (Allocation Failure)
[333.263s][info][gc,heap        ] GC(1061) PSYoungGen: 219264K(219648K)->54144K(245248K) Eden: 178176K(178176K)->0K(166912K) From: 41088K(41472K)->54144K(78336K)
[333.263s][info][gc,heap        ] GC(1061) ParOldGen: 459069K(667648K)->459069K(667648K)
[333.263s][info][gc,metaspace   ] GC(1061) Metaspace: 18764K(18944K)->18764K(18944K) NonClass: 16100K(16192K)->16100K(16192K) Class: 2664K(2752K)->2664K(2752K)
[333.263s][info][gc             ] GC(1061) Pause Young (Allocation Failure) 662M->501M(891M) 51.015ms
[333.263s][info][gc,cpu         ] GC(1061) User=0.10s Sys=0.00s Real=0.05s
[333.457s][info][gc,start       ] GC(1062) Pause Young (Allocation Failure)
[333.511s][info][gc,heap        ] GC(1062) PSYoungGen: 221056K(245248K)->54144K(221184K) Eden: 166912K(166912K)->0K(166912K) From: 54144K(78336K)->54144K(54272K)
[333.511s][info][gc,heap        ] GC(1062) ParOldGen: 459069K(667648K)->459069K(667648K)
[333.511s][info][gc,metaspace   ] GC(1062) Metaspace: 18764K(18944K)->18764K(18944K) NonClass: 16100K(16192K)->16100K(16192K) Class: 2664K(2752K)->2664K(2752K)
[333.511s][info][gc             ] GC(1062) Pause Young (Allocation Failure) 664M->501M(868M) 53.958ms
[333.511s][info][gc,cpu         ] GC(1062) User=0.10s Sys=0.00s Real=0.06s
[333.627s][info][gc,start       ] GC(1063) Pause Young (Allocation Failure)
[333.721s][info][gc,heap        ] GC(1063) PSYoungGen: 221056K(221184K)->87536K(202240K) Eden: 166912K(166912K)->0K(114688K) From: 54144K(54272K)->87536K(87552K)
[333.721s][info][gc,heap        ] GC(1063) ParOldGen: 459069K(667648K)->477893K(667648K)
[333.721s][info][gc,metaspace   ] GC(1063) Metaspace: 18764K(18944K)->18764K(18944K) NonClass: 16100K(16192K)->16100K(16192K) Class: 2664K(2752K)->2664K(2752K)
[333.721s][info][gc             ] GC(1063) Pause Young (Allocation Failure) 664M->552M(849M) 94.618ms
[333.721s][info][gc,cpu         ] GC(1063) User=0.17s Sys=0.02s Real=0.10s
[333.931s][info][gc,start       ] GC(1064) Pause Young (Allocation Failure)
[334.015s][info][gc,heap        ] GC(1064) PSYoungGen: 202224K(202240K)->91520K(206336K) Eden: 114688K(114688K)->0K(114688K) From: 87536K(87552K)->91520K(91648K)
[334.015s][info][gc,heap        ] GC(1064) ParOldGen: 477893K(667648K)->477901K(667648K)
[334.015s][info][gc,metaspace   ] GC(1064) Metaspace: 18764K(18944K)->18764K(18944K) NonClass: 16100K(16192K)->16100K(16192K) Class: 2664K(2752K)->2664K(2752K)
[334.015s][info][gc             ] GC(1064) Pause Young (Allocation Failure) 664M->556M(853M) 84.183ms
[334.015s][info][gc,cpu         ] GC(1064) User=0.17s Sys=0.00s Real=0.08s
[334.170s][info][gc,start       ] GC(1065) Pause Young (Allocation Failure)
[334.271s][info][gc,heap        ] GC(1065) PSYoungGen: 206208K(206336K)->78672K(222720K) Eden: 114688K(114688K)->0K(111616K) From: 91520K(91648K)->78672K(111104K)
[334.271s][info][gc,heap        ] GC(1065) ParOldGen: 477901K(667648K)->501741K(667648K)
[334.271s][info][gc,metaspace   ] GC(1065) Metaspace: 18764K(18944K)->18764K(18944K) NonClass: 16100K(16192K)->16100K(16192K) Class: 2664K(2752K)->2664K(2752K)
[334.271s][info][gc             ] GC(1065) Pause Young (Allocation Failure) 668M->566M(869M) 101.770ms
[334.271s][info][gc,cpu         ] GC(1065) User=0.20s Sys=0.00s Real=0.11s
[334.425s][info][gc,start       ] GC(1066) Pause Young (Allocation Failure)
[334.510s][info][gc,heap        ] GC(1066) PSYoungGen: 190288K(222720K)->69648K(222720K) Eden: 111616K(111616K)->0K(111616K) From: 78672K(111104K)->69648K(111104K)
[334.510s][info][gc,heap        ] GC(1066) ParOldGen: 501741K(667648K)->510765K(667648K)
[334.510s][info][gc,metaspace   ] GC(1066) Metaspace: 18764K(18944K)->18764K(18944K) NonClass: 16100K(16192K)->16100K(16192K) Class: 2664K(2752K)->2664K(2752K)
[334.510s][info][gc             ] GC(1066) Pause Young (Allocation Failure) 675M->566M(869M) 84.734ms
[334.510s][info][gc,cpu         ] GC(1066) User=0.17s Sys=0.00s Real=0.09s
[334.665s][info][gc,start       ] GC(1067) Pause Young (Allocation Failure)
[334.743s][info][gc,heap        ] GC(1067) PSYoungGen: 181264K(222720K)->61424K(222720K) Eden: 111616K(111616K)->0K(111616K) From: 69648K(111104K)->61424K(111104K)
[334.743s][info][gc,heap        ] GC(1067) ParOldGen: 510765K(667648K)->519011K(667648K)
[334.743s][info][gc,metaspace   ] GC(1067) Metaspace: 18764K(18944K)->18764K(18944K) NonClass: 16100K(16192K)->16100K(16192K) Class: 2664K(2752K)->2664K(2752K)
[334.743s][info][gc             ] GC(1067) Pause Young (Allocation Failure) 675M->566M(869M) 78.673ms
[334.743s][info][gc,cpu         ] GC(1067) User=0.15s Sys=0.00s Real=0.08s
[334.897s][info][gc,start       ] GC(1068) Pause Young (Allocation Failure)
[334.965s][info][gc,heap        ] GC(1068) PSYoungGen: 173040K(222720K)->48368K(222720K) Eden: 111616K(111616K)->0K(111616K) From: 61424K(111104K)->48368K(111104K)
[334.965s][info][gc,heap        ] GC(1068) ParOldGen: 519011K(667648K)->532147K(667648K)
[334.965s][info][gc,metaspace   ] GC(1068) Metaspace: 18764K(18944K)->18764K(18944K) NonClass: 16100K(16192K)->16100K(16192K) Class: 2664K(2752K)->2664K(2752K)
[334.965s][info][gc             ] GC(1068) Pause Young (Allocation Failure) 675M->566M(869M) 68.118ms
[334.965s][info][gc,cpu         ] GC(1068) User=0.13s Sys=0.00s Real=0.07s
[335.120s][info][gc,start       ] GC(1069) Pause Young (Allocation Failure)
[335.169s][info][gc,heap        ] GC(1069) PSYoungGen: 159984K(222720K)->14944K(222720K) Eden: 111616K(111616K)->0K(111616K) From: 48368K(111104K)->14944K(111104K)
[335.169s][info][gc,heap        ] GC(1069) ParOldGen: 532147K(667648K)->565990K(667648K)
[335.169s][info][gc,metaspace   ] GC(1069) Metaspace: 18764K(18944K)->18764K(18944K) NonClass: 16100K(16192K)->16100K(16192K) Class: 2664K(2752K)->2664K(2752K)
[335.169s][info][gc             ] GC(1069) Pause Young (Allocation Failure) 675M->567M(869M) 49.396ms
[335.169s][info][gc,cpu         ] GC(1069) User=0.10s Sys=0.00s Real=0.05s
[335.321s][info][gc,start       ] GC(1070) Pause Young (Allocation Failure)
[335.345s][info][gc,heap        ] GC(1070) PSYoungGen: 126560K(222720K)->32K(222720K) Eden: 111616K(111616K)->0K(111616K) From: 14944K(111104K)->32K(111104K)
[335.345s][info][gc,heap        ] GC(1070) ParOldGen: 565990K(667648K)->580919K(667648K)
[335.345s][info][gc,metaspace   ] GC(1070) Metaspace: 18764K(18944K)->18764K(18944K) NonClass: 16100K(16192K)->16100K(16192K) Class: 2664K(2752K)->2664K(2752K)
[335.345s][info][gc             ] GC(1070) Pause Young (Allocation Failure) 676M->567M(869M) 23.850ms
[335.345s][info][gc,cpu         ] GC(1070) User=0.05s Sys=0.00s Real=0.02s
[335.500s][info][gc,start       ] GC(1071) Pause Young (Allocation Failure)
[335.501s][info][gc,heap        ] GC(1071) PSYoungGen: 111648K(222720K)->64K(222720K) Eden: 111616K(111616K)->0K(111616K) From: 32K(111104K)->64K(111104K)
[335.501s][info][gc,heap        ] GC(1071) ParOldGen: 580919K(667648K)->580919K(667648K)
[335.501s][info][gc,metaspace   ] GC(1071) Metaspace: 18764K(18944K)->18764K(18944K) NonClass: 16100K(16192K)->16100K(16192K) Class: 2664K(2752K)->2664K(2752K)
[335.501s][info][gc             ] GC(1071) Pause Young (Allocation Failure) 676M->567M(869M) 1.847ms
[335.501s][info][gc,cpu         ] GC(1071) User=0.00s Sys=0.00s Real=0.01s
[335.648s][info][gc,start       ] GC(1072) Pause Young (Allocation Failure)
[335.650s][info][gc,heap        ] GC(1072) PSYoungGen: 111680K(222720K)->64K(222720K) Eden: 111616K(111616K)->0K(111616K) From: 64K(111104K)->64K(111104K)
[335.650s][info][gc,heap        ] GC(1072) ParOldGen: 580919K(667648K)->580919K(667648K)
[335.650s][info][gc,metaspace   ] GC(1072) Metaspace: 18764K(18944K)->18764K(18944K) NonClass: 16100K(16192K)->16100K(16192K) Class: 2664K(2752K)->2664K(2752K)
[335.650s][info][gc             ] GC(1072) Pause Young (Allocation Failure) 676M->567M(869M) 1.898ms
[335.650s][info][gc,cpu         ] GC(1072) User=0.00s Sys=0.00s Real=0.01s
[335.775s][info][gc,start       ] GC(1073) Pause Young (Allocation Failure)
[335.789s][info][gc,heap        ] GC(1073) PSYoungGen: 111680K(222720K)->11456K(222720K) Eden: 111616K(111616K)->0K(111616K) From: 64K(111104K)->11456K(111104K)
[335.789s][info][gc,heap        ] GC(1073) ParOldGen: 580919K(667648K)->580919K(667648K)
[335.789s][info][gc,metaspace   ] GC(1073) Metaspace: 18764K(18944K)->18764K(18944K) NonClass: 16100K(16192K)->16100K(16192K) Class: 2664K(2752K)->2664K(2752K)
[335.789s][info][gc             ] GC(1073) Pause Young (Allocation Failure) 676M->578M(869M) 14.612ms
[335.789s][info][gc,cpu         ] GC(1073) User=0.03s Sys=0.00s Real=0.01s
[335.906s][info][gc,start       ] GC(1074) Pause Young (Allocation Failure)
[335.931s][info][gc,heap        ] GC(1074) PSYoungGen: 123072K(222720K)->11616K(123392K) Eden: 111616K(111616K)->0K(111616K) From: 11456K(111104K)->11616K(11776K)
[335.931s][info][gc,heap        ] GC(1074) ParOldGen: 580919K(667648K)->592367K(667648K)
[335.931s][info][gc,metaspace   ] GC(1074) Metaspace: 18764K(18944K)->18764K(18944K) NonClass: 16100K(16192K)->16100K(16192K) Class: 2664K(2752K)->2664K(2752K)
[335.931s][info][gc             ] GC(1074) Pause Young (Allocation Failure) 687M->589M(772M) 24.963ms
[335.931s][info][gc,cpu         ] GC(1074) User=0.05s Sys=0.00s Real=0.03s
[336.014s][info][gc,start       ] GC(1075) Pause Young (Allocation Failure)
[336.031s][info][gc,heap        ] GC(1075) PSYoungGen: 123232K(123392K)->14944K(223232K) Eden: 111616K(111616K)->0K(116736K) From: 11616K(11776K)->14944K(106496K)
[336.031s][info][gc,heap        ] GC(1075) ParOldGen: 592367K(667648K)->592367K(667648K)
[336.031s][info][gc,metaspace   ] GC(1075) Metaspace: 18764K(18944K)->18764K(18944K) NonClass: 16100K(16192K)->16100K(16192K) Class: 2664K(2752K)->2664K(2752K)
[336.031s][info][gc             ] GC(1075) Pause Young (Allocation Failure) 698M->593M(870M) 16.860ms
[336.031s][info][gc,cpu         ] GC(1075) User=0.03s Sys=0.00s Real=0.02s
[336.140s][info][gc,start       ] GC(1076) Pause Young (Allocation Failure)
[336.161s][info][gc,heap        ] GC(1076) PSYoungGen: 131680K(223232K)->18048K(218624K) Eden: 116736K(116736K)->0K(116736K) From: 14944K(106496K)->18048K(101888K)
[336.161s][info][gc,heap        ] GC(1076) ParOldGen: 592367K(667648K)->592367K(667648K)
[336.161s][info][gc,metaspace   ] GC(1076) Metaspace: 18764K(18944K)->18764K(18944K) NonClass: 16100K(16192K)->16100K(16192K) Class: 2664K(2752K)->2664K(2752K)
[336.161s][info][gc             ] GC(1076) Pause Young (Allocation Failure) 707M->596M(865M) 20.953ms
[336.161s][info][gc,cpu         ] GC(1076) User=0.04s Sys=0.00s Real=0.02s
[336.252s][info][gc,start       ] GC(1077) Pause Young (Allocation Failure)
[336.293s][info][gc,heap        ] GC(1077) PSYoungGen: 134784K(218624K)->36384K(221184K) Eden: 116736K(116736K)->0K(128512K) From: 18048K(101888K)->36384K(92672K)
[336.293s][info][gc,heap        ] GC(1077) ParOldGen: 592367K(667648K)->592367K(667648K)
[336.293s][info][gc,metaspace   ] GC(1077) Metaspace: 18764K(18944K)->18764K(18944K) NonClass: 16100K(16192K)->16100K(16192K) Class: 2664K(2752K)->2664K(2752K)
[336.293s][info][gc             ] GC(1077) Pause Young (Allocation Failure) 710M->614M(868M) 41.094ms
[336.293s][info][gc,cpu         ] GC(1077) User=0.08s Sys=0.00s Real=0.04s
[336.388s][info][gc,start       ] GC(1078) Pause Young (Allocation Failure)
[336.438s][info][gc,heap        ] GC(1078) PSYoungGen: 164896K(221184K)->37344K(221696K) Eden: 128512K(128512K)->0K(128512K) From: 36384K(92672K)->37344K(93184K)
[336.438s][info][gc,heap        ] GC(1078) ParOldGen: 592367K(667648K)->603967K(667648K)
[336.438s][info][gc,metaspace   ] GC(1078) Metaspace: 18764K(18944K)->18764K(18944K) NonClass: 16100K(16192K)->16100K(16192K) Class: 2664K(2752K)->2664K(2752K)
[336.438s][info][gc             ] GC(1078) Pause Young (Allocation Failure) 739M->626M(868M) 50.360ms
[336.438s][info][gc,cpu         ] GC(1078) User=0.10s Sys=0.00s Real=0.05s
[336.526s][info][gc,start       ] GC(1079) Pause Young (Allocation Failure)
[336.588s][info][gc,heap        ] GC(1079) PSYoungGen: 165856K(221696K)->53024K(229376K) Eden: 128512K(128512K)->0K(139776K) From: 37344K(93184K)->53024K(89600K)
[336.588s][info][gc,heap        ] GC(1079) ParOldGen: 603967K(667648K)->610447K(667648K)
[336.588s][info][gc,metaspace   ] GC(1079) Metaspace: 18764K(18944K)->18764K(18944K) NonClass: 16100K(16192K)->16100K(16192K) Class: 2664K(2752K)->2664K(2752K)
[336.588s][info][gc             ] GC(1079) Pause Young (Allocation Failure) 751M->647M(876M) 61.777ms
[336.588s][info][gc,cpu         ] GC(1079) User=0.13s Sys=0.00s Real=0.06s
[336.792s][info][gc,start       ] GC(1080) Pause Young (Allocation Failure)
[336.869s][info][gc,heap        ] GC(1080) PSYoungGen: 192800K(229376K)->46304K(232448K) Eden: 139776K(139776K)->0K(139776K) From: 53024K(89600K)->46304K(92672K)
[336.869s][info][gc,heap        ] GC(1080) ParOldGen: 610447K(667648K)->641367K(667648K)
[336.869s][info][gc,metaspace   ] GC(1080) Metaspace: 18764K(18944K)->18764K(18944K) NonClass: 16100K(16192K)->16100K(16192K) Class: 2664K(2752K)->2664K(2752K)
[336.869s][info][gc             ] GC(1080) Pause Young (Allocation Failure) 784M->671M(879M) 76.404ms
[336.869s][info][gc,cpu         ] GC(1080) User=0.15s Sys=0.00s Real=0.07s
[336.973s][info][gc,start       ] GC(1081) Pause Full (Allocation Failure)
[336.973s][info][gc,phases,start] GC(1081) Marking Phase
[337.370s][info][gc,phases      ] GC(1081) Marking Phase 396.886ms
[337.370s][info][gc,phases,start] GC(1081) Summary Phase
[337.370s][info][gc,phases      ] GC(1081) Summary Phase 0.029ms
[337.370s][info][gc,phases,start] GC(1081) Forward
[337.437s][info][gc,phases      ] GC(1081) Forward 66.628ms
[337.437s][info][gc,phases,start] GC(1081) Adjust Pointers
[337.730s][info][gc,phases      ] GC(1081) Adjust Pointers 293.095ms
[337.730s][info][gc,phases,start] GC(1081) Compaction Phase
[337.882s][info][gc,phases      ] GC(1081) Compaction Phase 152.693ms
[337.887s][info][gc,phases,start] GC(1081) Post Compact
[337.889s][info][gc,phases      ] GC(1081) Post Compact 2.395ms
[337.889s][info][gc,heap        ] GC(1081) PSYoungGen: 186080K(232448K)->0K(240640K) Eden: 139776K(139776K)->0K(148992K) From: 46304K(92672K)->0K(91648K)
[337.889s][info][gc,heap        ] GC(1081) ParOldGen: 641367K(667648K)->568812K(667648K)
[337.889s][info][gc,metaspace   ] GC(1081) Metaspace: 18764K(18944K)->18764K(18944K) NonClass: 16100K(16192K)->16100K(16192K) Class: 2664K(2752K)->2664K(2752K)
[337.889s][info][gc             ] GC(1081) Pause Full (Allocation Failure) 808M->555M(887M) 916.252ms
[337.889s][info][gc,cpu         ] GC(1081) User=1.78s Sys=0.01s Real=0.91s
[338.054s][info][gc,start       ] GC(1082) Pause Young (Allocation Failure)
[338.064s][info][gc,heap        ] GC(1082) PSYoungGen: 148992K(240640K)->1408K(241152K) Eden: 148992K(148992K)->0K(148992K) From: 0K(91648K)->1408K(92160K)
[338.064s][info][gc,heap        ] GC(1082) ParOldGen: 568812K(667648K)->568812K(667648K)
[338.064s][info][gc,metaspace   ] GC(1082) Metaspace: 18764K(18944K)->18764K(18944K) NonClass: 16100K(16192K)->16100K(16192K) Class: 2664K(2752K)->2664K(2752K)
[338.064s][info][gc             ] GC(1082) Pause Young (Allocation Failure) 700M->556M(887M) 10.019ms
[338.064s][info][gc,cpu         ] GC(1082) User=0.02s Sys=0.00s Real=0.01s
[338.216s][info][gc,start       ] GC(1083) Pause Young (Allocation Failure)
[338.227s][info][gc,heap        ] GC(1083) PSYoungGen: 150400K(241152K)->1376K(238592K) Eden: 148992K(148992K)->0K(150016K) From: 1408K(92160K)->1376K(88576K)
[338.227s][info][gc,heap        ] GC(1083) ParOldGen: 568812K(667648K)->570194K(667648K)
[338.227s][info][gc,metaspace   ] GC(1083) Metaspace: 18764K(18944K)->18764K(18944K) NonClass: 16100K(16192K)->16100K(16192K) Class: 2664K(2752K)->2664K(2752K)
[338.227s][info][gc             ] GC(1083) Pause Young (Allocation Failure) 702M->558M(885M) 11.215ms
[338.227s][info][gc,cpu         ] GC(1083) User=0.02s Sys=0.00s Real=0.01s
[338.391s][info][gc,start       ] GC(1084) Pause Young (Allocation Failure)
[338.401s][info][gc,heap        ] GC(1084) PSYoungGen: 151392K(238592K)->3264K(240128K) Eden: 150016K(150016K)->0K(150016K) From: 1376K(88576K)->3264K(90112K)
[338.401s][info][gc,heap        ] GC(1084) ParOldGen: 570194K(667648K)->571418K(667648K)
[338.401s][info][gc,metaspace   ] GC(1084) Metaspace: 18764K(18944K)->18764K(18944K) NonClass: 16100K(16192K)->16100K(16192K) Class: 2664K(2752K)->2664K(2752K)
[338.401s][info][gc             ] GC(1084) Pause Young (Allocation Failure) 704M->561M(886M) 10.118ms
[338.401s][info][gc,cpu         ] GC(1084) User=0.02s Sys=0.00s Real=0.01s
[338.569s][info][gc,start       ] GC(1085) Pause Young (Allocation Failure)
[338.586s][info][gc,heap        ] GC(1085) PSYoungGen: 153280K(240128K)->14464K(235008K) Eden: 150016K(150016K)->0K(155648K) From: 3264K(90112K)->14464K(79360K)
[338.586s][info][gc,heap        ] GC(1085) ParOldGen: 571418K(667648K)->571418K(667648K)
[338.586s][info][gc,metaspace   ] GC(1085) Metaspace: 18767K(18944K)->18767K(18944K) NonClass: 16103K(16192K)->16103K(16192K) Class: 2664K(2752K)->2664K(2752K)
[338.586s][info][gc             ] GC(1085) Pause Young (Allocation Failure) 707M->572M(881M) 17.056ms
[338.586s][info][gc,cpu         ] GC(1085) User=0.04s Sys=0.00s Real=0.02s
[338.717s][info][gc,start       ] GC(1086) Pause Young (Allocation Failure)
[338.768s][info][gc,heap        ] GC(1086) PSYoungGen: 170112K(235008K)->57984K(239104K) Eden: 155648K(155648K)->0K(155648K) From: 14464K(79360K)->57984K(83456K)
[338.768s][info][gc,heap        ] GC(1086) ParOldGen: 571418K(667648K)->571418K(667648K)
[338.768s][info][gc,metaspace   ] GC(1086) Metaspace: 18767K(18944K)->18767K(18944K) NonClass: 16103K(16192K)->16103K(16192K) Class: 2664K(2752K)->2664K(2752K)
[338.768s][info][gc             ] GC(1086) Pause Young (Allocation Failure) 724M->614M(885M) 50.616ms
[338.768s][info][gc,cpu         ] GC(1086) User=0.10s Sys=0.00s Real=0.05s
[338.952s][info][gc,start       ] GC(1087) Pause Young (Allocation Failure)
[339.036s][info][gc,heap        ] GC(1087) PSYoungGen: 213632K(239104K)->90080K(204800K) Eden: 155648K(155648K)->0K(114688K) From: 57984K(83456K)->90080K(90112K)
[339.036s][info][gc,heap        ] GC(1087) ParOldGen: 571418K(667648K)->578058K(667648K)
[339.036s][info][gc,metaspace   ] GC(1087) Metaspace: 18767K(18944K)->18767K(18944K) NonClass: 16103K(16192K)->16103K(16192K) Class: 2664K(2752K)->2664K(2752K)
[339.036s][info][gc             ] GC(1087) Pause Young (Allocation Failure) 766M->652M(852M) 84.176ms
[339.036s][info][gc,cpu         ] GC(1087) User=0.15s Sys=0.02s Real=0.08s
[339.188s][info][gc,start       ] GC(1088) Pause Young (Allocation Failure)
[339.256s][info][gc,heap        ] GC(1088) PSYoungGen: 204768K(204800K)->40568K(224256K) Eden: 114688K(114688K)->0K(114688K) From: 90080K(90112K)->40568K(109568K)
[339.256s][info][gc,heap        ] GC(1088) ParOldGen: 578058K(667648K)->629837K(667648K)
[339.256s][info][gc,metaspace   ] GC(1088) Metaspace: 18767K(18944K)->18767K(18944K) NonClass: 16103K(16192K)->16103K(16192K) Class: 2664K(2752K)->2664K(2752K)
[339.256s][info][gc             ] GC(1088) Pause Young (Allocation Failure) 764M->654M(871M) 67.971ms
[339.256s][info][gc,cpu         ] GC(1088) User=0.13s Sys=0.00s Real=0.07s
[339.330s][info][gc,start       ] GC(1089) Pause Full (Allocation Failure)
[339.330s][info][gc,phases,start] GC(1089) Marking Phase
[339.798s][info][gc,phases      ] GC(1089) Marking Phase 467.366ms
[339.798s][info][gc,phases,start] GC(1089) Summary Phase
[339.798s][info][gc,phases      ] GC(1089) Summary Phase 0.025ms
[339.798s][info][gc,phases,start] GC(1089) Forward
[339.839s][info][gc,phases      ] GC(1089) Forward 41.064ms
[339.839s][info][gc,phases,start] GC(1089) Adjust Pointers
[340.161s][info][gc,phases      ] GC(1089) Adjust Pointers 322.210ms
[340.161s][info][gc,phases,start] GC(1089) Compaction Phase
[340.318s][info][gc,phases      ] GC(1089) Compaction Phase 156.521ms
[340.318s][info][gc,phases,start] GC(1089) Post Compact
[340.320s][info][gc,phases      ] GC(1089) Post Compact 2.213ms
[340.320s][info][gc,heap        ] GC(1089) PSYoungGen: 155256K(224256K)->9287K(224256K) Eden: 114688K(114688K)->0K(114688K) From: 40568K(109568K)->9287K(109568K)
[340.320s][info][gc,heap        ] GC(1089) ParOldGen: 629837K(667648K)->667430K(667648K)
[340.320s][info][gc,metaspace   ] GC(1089) Metaspace: 18767K(18944K)->18767K(18944K) NonClass: 16103K(16192K)->16103K(16192K) Class: 2664K(2752K)->2664K(2752K)
[340.320s][info][gc             ] GC(1089) Pause Full (Allocation Failure) 766M->660M(871M) 990.230ms
[340.320s][info][gc,cpu         ] GC(1089) User=1.93s Sys=0.01s Real=0.99s
[340.463s][info][gc,start       ] GC(1090) Pause Full (Allocation Failure)
[340.463s][info][gc,phases,start] GC(1090) Marking Phase
[340.942s][info][gc,phases      ] GC(1090) Marking Phase 479.437ms
[340.942s][info][gc,phases,start] GC(1090) Summary Phase
[340.942s][info][gc,phases      ] GC(1090) Summary Phase 0.026ms
[340.942s][info][gc,phases,start] GC(1090) Forward
[341.026s][info][gc,phases      ] GC(1090) Forward 83.359ms
[341.026s][info][gc,phases,start] GC(1090) Adjust Pointers
[341.365s][info][gc,phases      ] GC(1090) Adjust Pointers 339.487ms
[341.365s][info][gc,phases,start] GC(1090) Compaction Phase
[341.562s][info][gc,phases      ] GC(1090) Compaction Phase 196.361ms
[341.568s][info][gc,phases,start] GC(1090) Post Compact
[341.571s][info][metaspace      ] ChkMgr @0x00007f726803f180 (non-class-space): : reclaiming memory...
[341.571s][info][metaspace      ] ChkMgr @0x00007f726803f180 (non-class-space): nothing reclaimed.
[341.571s][info][metaspace      ] ChkMgr @0x00007f726803ef90 (class-space): : reclaiming memory...
[341.571s][info][metaspace      ] ChkMgr @0x00007f726803ef90 (class-space): nothing reclaimed.
[341.571s][info][gc,phases      ] GC(1090) Post Compact 2.337ms
[341.571s][info][gc,heap        ] GC(1090) PSYoungGen: 123975K(224256K)->9286K(224256K) Eden: 114688K(114688K)->0K(114688K) From: 9287K(109568K)->9286K(109568K)
[341.571s][info][gc,heap        ] GC(1090) ParOldGen: 667430K(667648K)->667623K(667648K)
[341.571s][info][gc,metaspace   ] GC(1090) Metaspace: 18767K(18944K)->18745K(18944K) NonClass: 16103K(16192K)->16081K(16192K) Class: 2664K(2752K)->2664K(2752K)
[341.571s][info][gc             ] GC(1090) Pause Full (Allocation Failure) 772M->661M(871M) 1108.016ms
[341.571s][info][gc,cpu         ] GC(1090) User=2.15s Sys=0.00s Real=1.11s
[341.713s][info][gc,start       ] GC(1091) Pause Full (Allocation Failure)
[341.713s][info][gc,phases,start] GC(1091) Marking Phase
[342.182s][info][gc,phases      ] GC(1091) Marking Phase 468.883ms
[342.182s][info][gc,phases,start] GC(1091) Summary Phase
[342.182s][info][gc,phases      ] GC(1091) Summary Phase 0.027ms
[342.182s][info][gc,phases,start] GC(1091) Forward
[342.185s][info][gc,phases      ] GC(1091) Forward 2.381ms
[342.185s][info][gc,phases,start] GC(1091) Adjust Pointers
[342.504s][info][gc,phases      ] GC(1091) Adjust Pointers 319.226ms
[342.504s][info][gc,phases,start] GC(1091) Compaction Phase
[342.649s][info][gc,phases      ] GC(1091) Compaction Phase 145.352ms
[342.649s][info][gc,phases,start] GC(1091) Post Compact
[342.652s][info][gc,phases      ] GC(1091) Post Compact 2.286ms
[342.652s][info][gc,heap        ] GC(1091) PSYoungGen: 123974K(224256K)->9515K(219136K) Eden: 114688K(114688K)->9515K(114688K) From: 9286K(109568K)->0K(104448K)
[342.652s][info][gc,heap        ] GC(1091) ParOldGen: 667623K(667648K)->667646K(667648K)
[342.652s][info][gc,metaspace   ] GC(1091) Metaspace: 18745K(18944K)->18745K(18944K) NonClass: 16081K(16192K)->16081K(16192K) Class: 2664K(2752K)->2664K(2752K)
[342.652s][info][gc             ] GC(1091) Pause Full (Allocation Failure) 773M->661M(866M) 938.592ms
[342.652s][info][gc,cpu         ] GC(1091) User=1.85s Sys=0.00s Real=0.94s
[342.814s][info][gc,start       ] GC(1092) Pause Full (Allocation Failure)
[342.814s][info][gc,phases,start] GC(1092) Marking Phase
[343.285s][info][gc,phases      ] GC(1092) Marking Phase 470.536ms
[343.285s][info][gc,phases,start] GC(1092) Summary Phase
[343.285s][info][gc,phases      ] GC(1092) Summary Phase 0.025ms
[343.285s][info][gc,phases,start] GC(1092) Forward
[343.289s][info][gc,phases      ] GC(1092) Forward 3.978ms
[343.289s][info][gc,phases,start] GC(1092) Adjust Pointers
[343.606s][info][gc,phases      ] GC(1092) Adjust Pointers 317.569ms
[343.606s][info][gc,phases,start] GC(1092) Compaction Phase
[343.750s][info][gc,phases      ] GC(1092) Compaction Phase 143.445ms
[343.750s][info][gc,phases,start] GC(1092) Post Compact
[343.752s][info][gc,phases      ] GC(1092) Post Compact 2.278ms
[343.752s][info][gc,heap        ] GC(1092) PSYoungGen: 114688K(219136K)->10497K(224256K) Eden: 114688K(114688K)->10497K(114688K) From: 0K(104448K)->0K(109568K)
[343.752s][info][gc,heap        ] GC(1092) ParOldGen: 667646K(667648K)->667646K(667648K)
[343.752s][info][gc,metaspace   ] GC(1092) Metaspace: 18745K(18944K)->18745K(18944K) NonClass: 16081K(16192K)->16081K(16192K) Class: 2664K(2752K)->2664K(2752K)
[343.752s][info][gc             ] GC(1092) Pause Full (Allocation Failure) 763M->662M(871M) 938.292ms
[343.752s][info][gc,cpu         ] GC(1092) User=1.83s Sys=0.00s Real=0.94s
[343.845s][info][gc,start       ] GC(1093) Pause Full (Allocation Failure)
[343.845s][info][gc,phases,start] GC(1093) Marking Phase
[344.316s][info][gc,phases      ] GC(1093) Marking Phase 470.721ms
[344.316s][info][gc,phases,start] GC(1093) Summary Phase
[344.316s][info][gc,phases      ] GC(1093) Summary Phase 0.025ms
[344.316s][info][gc,phases,start] GC(1093) Forward
[344.321s][info][gc,phases      ] GC(1093) Forward 5.435ms
[344.321s][info][gc,phases,start] GC(1093) Adjust Pointers
[344.640s][info][gc,phases      ] GC(1093) Adjust Pointers 319.053ms
[344.640s][info][gc,phases,start] GC(1093) Compaction Phase
[344.786s][info][gc,phases      ] GC(1093) Compaction Phase 146.069ms
[344.787s][info][gc,phases,start] GC(1093) Post Compact
[344.789s][info][gc,phases      ] GC(1093) Post Compact 2.224ms
[344.789s][info][gc,heap        ] GC(1093) PSYoungGen: 114688K(224256K)->11412K(219136K) Eden: 114688K(114688K)->11412K(114688K) From: 0K(109568K)->0K(104448K)
[344.789s][info][gc,heap        ] GC(1093) ParOldGen: 667646K(667648K)->667646K(667648K)
[344.789s][info][gc,metaspace   ] GC(1093) Metaspace: 18745K(18944K)->18745K(18944K) NonClass: 16081K(16192K)->16081K(16192K) Class: 2664K(2752K)->2664K(2752K)
[344.789s][info][gc             ] GC(1093) Pause Full (Allocation Failure) 763M->663M(866M) 943.946ms
[344.789s][info][gc,cpu         ] GC(1093) User=1.84s Sys=0.00s Real=0.94s
[344.953s][info][gc,start       ] GC(1094) Pause Full (Allocation Failure)
[344.953s][info][gc,phases,start] GC(1094) Marking Phase
[345.432s][info][gc,phases      ] GC(1094) Marking Phase 478.738ms
[345.432s][info][gc,phases,start] GC(1094) Summary Phase
[345.432s][info][gc,phases      ] GC(1094) Summary Phase 0.024ms
[345.432s][info][gc,phases,start] GC(1094) Forward
[345.438s][info][gc,phases      ] GC(1094) Forward 5.913ms
[345.438s][info][gc,phases,start] GC(1094) Adjust Pointers
[345.763s][info][gc,phases      ] GC(1094) Adjust Pointers 324.625ms
[345.763s][info][gc,phases,start] GC(1094) Compaction Phase
[345.910s][info][gc,phases      ] GC(1094) Compaction Phase 146.978ms
[345.910s][info][gc,phases,start] GC(1094) Post Compact
[345.912s][info][gc,phases      ] GC(1094) Post Compact 2.272ms
[345.912s][info][gc,heap        ] GC(1094) PSYoungGen: 114688K(219136K)->12532K(224256K) Eden: 114688K(114688K)->12532K(114688K) From: 0K(104448K)->0K(109568K)
[345.912s][info][gc,heap        ] GC(1094) ParOldGen: 667646K(667648K)->667646K(667648K)
[345.912s][info][gc,metaspace   ] GC(1094) Metaspace: 18749K(18944K)->18749K(18944K) NonClass: 16085K(16192K)->16085K(16192K) Class: 2664K(2752K)->2664K(2752K)
[345.912s][info][gc             ] GC(1094) Pause Full (Allocation Failure) 763M->664M(871M) 958.989ms
[345.912s][info][gc,cpu         ] GC(1094) User=1.87s Sys=0.01s Real=0.96s
[346.108s][info][gc,start       ] GC(1095) Pause Full (Allocation Failure)
[346.108s][info][gc,phases,start] GC(1095) Marking Phase
[346.604s][info][gc,phases      ] GC(1095) Marking Phase 495.209ms
[346.604s][info][gc,phases,start] GC(1095) Summary Phase
[346.604s][info][gc,phases      ] GC(1095) Summary Phase 0.026ms
[346.604s][info][gc,phases,start] GC(1095) Forward
[346.616s][info][gc,phases      ] GC(1095) Forward 12.539ms
[346.616s][info][gc,phases,start] GC(1095) Adjust Pointers
[346.948s][info][gc,phases      ] GC(1095) Adjust Pointers 331.184ms
[346.948s][info][gc,phases,start] GC(1095) Compaction Phase
[347.092s][info][gc,phases      ] GC(1095) Compaction Phase 144.143ms
[347.092s][info][gc,phases,start] GC(1095) Post Compact
[347.094s][info][gc,phases      ] GC(1095) Post Compact 2.244ms
[347.094s][info][gc,heap        ] GC(1095) PSYoungGen: 114688K(224256K)->27054K(219136K) Eden: 114688K(114688K)->27054K(114688K) From: 0K(109568K)->0K(104448K)
[347.094s][info][gc,heap        ] GC(1095) ParOldGen: 667646K(667648K)->667646K(667648K)
[347.094s][info][gc,metaspace   ] GC(1095) Metaspace: 18749K(18944K)->18749K(18944K) NonClass: 16085K(16192K)->16085K(16192K) Class: 2664K(2752K)->2664K(2752K)
[347.094s][info][gc             ] GC(1095) Pause Full (Allocation Failure) 763M->678M(866M) 985.804ms
[347.094s][info][gc,cpu         ] GC(1095) User=1.92s Sys=0.00s Real=0.99s
[347.215s][info][gc,start       ] GC(1096) Pause Full (Allocation Failure)
[347.215s][info][gc,phases,start] GC(1096) Marking Phase
[347.716s][info][gc,phases      ] GC(1096) Marking Phase 500.957ms
[347.716s][info][gc,phases,start] GC(1096) Summary Phase
[347.717s][info][gc,phases      ] GC(1096) Summary Phase 0.025ms
[347.717s][info][gc,phases,start] GC(1096) Forward
[347.876s][info][gc,phases      ] GC(1096) Forward 159.148ms
[347.876s][info][gc,phases,start] GC(1096) Adjust Pointers
[348.274s][info][gc,phases      ] GC(1096) Adjust Pointers 397.904ms
[348.274s][info][gc,phases,start] GC(1096) Compaction Phase
[348.461s][info][gc,phases      ] GC(1096) Compaction Phase 187.746ms
[348.478s][info][gc,phases,start] GC(1096) Post Compact
[348.480s][info][gc,phases      ] GC(1096) Post Compact 2.278ms
[348.480s][info][gc,heap        ] GC(1096) PSYoungGen: 114688K(219136K)->6822K(224256K) Eden: 114688K(114688K)->6822K(114688K) From: 0K(104448K)->0K(109568K)
[348.480s][info][gc,heap        ] GC(1096) ParOldGen: 667646K(667648K)->667572K(667648K)
[348.480s][info][gc,metaspace   ] GC(1096) Metaspace: 18749K(18944K)->18749K(18944K) NonClass: 16085K(16192K)->16085K(16192K) Class: 2664K(2752K)->2664K(2752K)
[348.480s][info][gc             ] GC(1096) Pause Full (Allocation Failure) 763M->658M(871M) 1264.684ms
[348.480s][info][gc,cpu         ] GC(1096) User=2.46s Sys=0.00s Real=1.27s
[348.630s][info][gc,start       ] GC(1097) Pause Full (Allocation Failure)
[348.630s][info][gc,phases,start] GC(1097) Marking Phase
[349.148s][info][gc,phases      ] GC(1097) Marking Phase 517.424ms
[349.148s][info][gc,phases,start] GC(1097) Summary Phase
[349.148s][info][gc,phases      ] GC(1097) Summary Phase 0.025ms
[349.148s][info][gc,phases,start] GC(1097) Forward
[349.190s][info][gc,phases      ] GC(1097) Forward 42.710ms
[349.190s][info][gc,phases,start] GC(1097) Adjust Pointers
[349.555s][info][gc,phases      ] GC(1097) Adjust Pointers 364.216ms
[349.555s][info][gc,phases,start] GC(1097) Compaction Phase
[349.717s][info][gc,phases      ] GC(1097) Compaction Phase 161.914ms
[349.720s][info][gc,phases,start] GC(1097) Post Compact
[349.722s][info][gc,phases      ] GC(1097) Post Compact 2.285ms
[349.722s][info][gc,heap        ] GC(1097) PSYoungGen: 114688K(224256K)->25810K(219136K) Eden: 114688K(114688K)->25810K(114688K) From: 0K(109568K)->0K(104448K)
[349.722s][info][gc,heap        ] GC(1097) ParOldGen: 667572K(667648K)->667572K(667648K)
[349.722s][info][gc,metaspace   ] GC(1097) Metaspace: 18749K(18944K)->18749K(18944K) NonClass: 16085K(16192K)->16085K(16192K) Class: 2664K(2752K)->2664K(2752K)
[349.722s][info][gc             ] GC(1097) Pause Full (Allocation Failure) 763M->677M(866M) 1091.908ms
[349.722s][info][gc,cpu         ] GC(1097) User=2.13s Sys=0.00s Real=1.09s
[349.803s][info][gc,start       ] GC(1098) Pause Full (Allocation Failure)
[349.803s][info][gc,phases,start] GC(1098) Marking Phase
[350.325s][info][gc,phases      ] GC(1098) Marking Phase 521.642ms
[350.325s][info][gc,phases,start] GC(1098) Summary Phase
[350.325s][info][gc,phases      ] GC(1098) Summary Phase 0.025ms
[350.325s][info][gc,phases,start] GC(1098) Forward
[350.444s][info][gc,phases      ] GC(1098) Forward 119.020ms
[350.444s][info][gc,phases,start] GC(1098) Adjust Pointers
[350.836s][info][gc,phases      ] GC(1098) Adjust Pointers 391.762ms
[350.836s][info][gc,phases,start] GC(1098) Compaction Phase
[351.010s][info][gc,phases      ] GC(1098) Compaction Phase 174.453ms
[351.026s][info][gc,phases,start] GC(1098) Post Compact
[351.028s][info][gc,phases      ] GC(1098) Post Compact 2.291ms
[351.028s][info][gc,heap        ] GC(1098) PSYoungGen: 114688K(219136K)->29113K(224256K) Eden: 114688K(114688K)->29113K(114688K) From: 0K(104448K)->0K(109568K)
[351.028s][info][gc,heap        ] GC(1098) ParOldGen: 667572K(667648K)->667571K(667648K)
[351.028s][info][gc,metaspace   ] GC(1098) Metaspace: 18749K(18944K)->18749K(18944K) NonClass: 16085K(16192K)->16085K(16192K) Class: 2664K(2752K)->2664K(2752K)
[351.028s][info][gc             ] GC(1098) Pause Full (Allocation Failure) 763M->680M(871M) 1224.976ms
[351.028s][info][gc,cpu         ] GC(1098) User=2.39s Sys=0.01s Real=1.22s
[351.133s][info][gc,start       ] GC(1099) Pause Full (Allocation Failure)
[351.133s][info][gc,phases,start] GC(1099) Marking Phase
[351.653s][info][gc,phases      ] GC(1099) Marking Phase 519.629ms
[351.653s][info][gc,phases,start] GC(1099) Summary Phase
[351.653s][info][gc,phases      ] GC(1099) Summary Phase 0.023ms
[351.653s][info][gc,phases,start] GC(1099) Forward
[351.669s][info][gc,phases      ] GC(1099) Forward 16.357ms
[351.669s][info][gc,phases,start] GC(1099) Adjust Pointers
[352.018s][info][gc,phases      ] GC(1099) Adjust Pointers 348.594ms
[352.018s][info][gc,phases,start] GC(1099) Compaction Phase
[352.171s][info][gc,phases      ] GC(1099) Compaction Phase 152.938ms
[352.171s][info][gc,phases,start] GC(1099) Post Compact
[352.173s][info][gc,phases      ] GC(1099) Post Compact 2.291ms
[352.173s][info][gc,heap        ] GC(1099) PSYoungGen: 114688K(224256K)->31329K(219136K) Eden: 114688K(114688K)->31329K(114688K) From: 0K(109568K)->0K(104448K)
[352.173s][info][gc,heap        ] GC(1099) ParOldGen: 667571K(667648K)->667571K(667648K)
[352.173s][info][gc,metaspace   ] GC(1099) Metaspace: 18749K(18944K)->18749K(18944K) NonClass: 16085K(16192K)->16085K(16192K) Class: 2664K(2752K)->2664K(2752K)
[352.173s][info][gc             ] GC(1099) Pause Full (Allocation Failure) 763M->682M(866M) 1040.263ms
[352.173s][info][gc,cpu         ] GC(1099) User=2.03s Sys=0.00s Real=1.04s
[352.295s][info][gc,start       ] GC(1100) Pause Full (Allocation Failure)
[352.295s][info][gc,phases,start] GC(1100) Marking Phase
[352.816s][info][gc,phases      ] GC(1100) Marking Phase 520.570ms
[352.816s][info][gc,phases,start] GC(1100) Summary Phase
[352.816s][info][gc,phases      ] GC(1100) Summary Phase 0.034ms
[352.816s][info][gc,phases,start] GC(1100) Forward
[352.833s][info][gc,phases      ] GC(1100) Forward 16.545ms
[352.833s][info][gc,phases,start] GC(1100) Adjust Pointers
[353.182s][info][gc,phases      ] GC(1100) Adjust Pointers 349.545ms
[353.182s][info][gc,phases,start] GC(1100) Compaction Phase
[353.334s][info][gc,phases      ] GC(1100) Compaction Phase 151.698ms
[353.334s][info][gc,phases,start] GC(1100) Post Compact
[353.336s][info][gc,phases      ] GC(1100) Post Compact 2.253ms
[353.336s][info][gc,heap        ] GC(1100) PSYoungGen: 114688K(219136K)->34300K(224256K) Eden: 114688K(114688K)->34300K(114688K) From: 0K(104448K)->0K(109568K)
[353.336s][info][gc,heap        ] GC(1100) ParOldGen: 667571K(667648K)->667571K(667648K)
[353.336s][info][gc,metaspace   ] GC(1100) Metaspace: 18750K(18944K)->18750K(18944K) NonClass: 16086K(16192K)->16086K(16192K) Class: 2664K(2752K)->2664K(2752K)
[353.336s][info][gc             ] GC(1100) Pause Full (Allocation Failure) 763M->685M(871M) 1041.072ms
[353.336s][info][gc,cpu         ] GC(1100) User=2.03s Sys=0.00s Real=1.04s
[353.411s][info][gc,start       ] GC(1101) Pause Full (Allocation Failure)
[353.411s][info][gc,phases,start] GC(1101) Marking Phase
[353.931s][info][gc,phases      ] GC(1101) Marking Phase 519.064ms
[353.931s][info][gc,phases,start] GC(1101) Summary Phase
[353.931s][info][gc,phases      ] GC(1101) Summary Phase 0.023ms
[353.931s][info][gc,phases,start] GC(1101) Forward
[353.949s][info][gc,phases      ] GC(1101) Forward 18.340ms
[353.949s][info][gc,phases,start] GC(1101) Adjust Pointers
[354.299s][info][gc,phases      ] GC(1101) Adjust Pointers 350.297ms
[354.299s][info][gc,phases,start] GC(1101) Compaction Phase
[354.451s][info][gc,phases      ] GC(1101) Compaction Phase 151.194ms
[354.451s][info][gc,phases,start] GC(1101) Post Compact
[354.453s][info][gc,phases      ] GC(1101) Post Compact 2.221ms
[354.453s][info][gc,heap        ] GC(1101) PSYoungGen: 114688K(224256K)->34330K(219136K) Eden: 114688K(114688K)->34330K(114688K) From: 0K(109568K)->0K(104448K)
[354.453s][info][gc,heap        ] GC(1101) ParOldGen: 667571K(667648K)->667571K(667648K)
[354.453s][info][gc,metaspace   ] GC(1101) Metaspace: 18750K(18944K)->18750K(18944K) NonClass: 16086K(16192K)->16086K(16192K) Class: 2664K(2752K)->2664K(2752K)
[354.453s][info][gc             ] GC(1101) Pause Full (Allocation Failure) 763M->685M(866M) 1041.564ms
[354.453s][info][gc,cpu         ] GC(1101) User=2.03s Sys=0.00s Real=1.04s
[354.508s][info][gc,start       ] GC(1102) Pause Full (Allocation Failure)
[354.508s][info][gc,phases,start] GC(1102) Marking Phase
[355.029s][info][gc,phases      ] GC(1102) Marking Phase 520.893ms
[355.029s][info][gc,phases,start] GC(1102) Summary Phase
[355.029s][info][gc,phases      ] GC(1102) Summary Phase 0.025ms
[355.029s][info][gc,phases,start] GC(1102) Forward
[355.180s][info][gc,phases      ] GC(1102) Forward 151.089ms
[355.180s][info][gc,phases,start] GC(1102) Adjust Pointers
[355.590s][info][gc,phases      ] GC(1102) Adjust Pointers 410.457ms
[355.591s][info][gc,phases,start] GC(1102) Compaction Phase
[355.773s][info][gc,phases      ] GC(1102) Compaction Phase 182.755ms
[355.791s][info][gc,phases,start] GC(1102) Post Compact
[355.793s][info][gc,phases      ] GC(1102) Post Compact 2.364ms
[355.793s][info][gc,heap        ] GC(1102) PSYoungGen: 114688K(219136K)->34332K(224256K) Eden: 114688K(114688K)->34332K(114688K) From: 0K(104448K)->0K(109568K)
[355.793s][info][gc,heap        ] GC(1102) ParOldGen: 667571K(667648K)->667571K(667648K)
[355.793s][info][gc,metaspace   ] GC(1102) Metaspace: 18750K(18944K)->18750K(18944K) NonClass: 16086K(16192K)->16086K(16192K) Class: 2664K(2752K)->2664K(2752K)
[355.793s][info][gc             ] GC(1102) Pause Full (Allocation Failure) 763M->685M(871M) 1285.317ms
[355.793s][info][gc,cpu         ] GC(1102) User=2.52s Sys=0.00s Real=1.29s
[355.843s][info][gc,start       ] GC(1103) Pause Full (Allocation Failure)
[355.843s][info][gc,phases,start] GC(1103) Marking Phase
[356.367s][info][gc,phases      ] GC(1103) Marking Phase 523.785ms
[356.367s][info][gc,phases,start] GC(1103) Summary Phase
[356.367s][info][gc,phases      ] GC(1103) Summary Phase 0.022ms
[356.367s][info][gc,phases,start] GC(1103) Forward
[356.385s][info][gc,phases      ] GC(1103) Forward 17.812ms
[356.385s][info][gc,phases,start] GC(1103) Adjust Pointers
[356.734s][info][gc,phases      ] GC(1103) Adjust Pointers 349.493ms
[356.734s][info][gc,phases,start] GC(1103) Compaction Phase
[356.885s][info][gc,phases      ] GC(1103) Compaction Phase 150.377ms
[356.885s][info][gc,phases,start] GC(1103) Post Compact
[356.887s][info][gc,phases      ] GC(1103) Post Compact 2.204ms
[356.887s][info][gc,heap        ] GC(1103) PSYoungGen: 114688K(224256K)->34331K(219136K) Eden: 114688K(114688K)->34331K(114688K) From: 0K(109568K)->0K(104448K)
[356.887s][info][gc,heap        ] GC(1103) ParOldGen: 667571K(667648K)->667571K(667648K)
[356.887s][info][gc,metaspace   ] GC(1103) Metaspace: 18750K(18944K)->18750K(18944K) NonClass: 16086K(16192K)->16086K(16192K) Class: 2664K(2752K)->2664K(2752K)
[356.887s][info][gc             ] GC(1103) Pause Full (Allocation Failure) 763M->685M(866M) 1044.072ms
[356.887s][info][gc,cpu         ] GC(1103) User=2.03s Sys=0.00s Real=1.04s
[356.986s][info][gc,start       ] GC(1104) Pause Full (Allocation Failure)
[356.986s][info][gc,phases,start] GC(1104) Marking Phase
[357.517s][info][gc,phases      ] GC(1104) Marking Phase 530.980ms
[357.517s][info][gc,phases,start] GC(1104) Summary Phase
[357.517s][info][gc,phases      ] GC(1104) Summary Phase 0.023ms
[357.517s][info][gc,phases,start] GC(1104) Forward
[357.535s][info][gc,phases      ] GC(1104) Forward 18.198ms
[357.535s][info][gc,phases,start] GC(1104) Adjust Pointers
[357.890s][info][gc,phases      ] GC(1104) Adjust Pointers 354.797ms
[357.890s][info][gc,phases,start] GC(1104) Compaction Phase
[358.043s][info][gc,phases      ] GC(1104) Compaction Phase 152.790ms
[358.043s][info][gc,phases,start] GC(1104) Post Compact
[358.045s][info][gc,phases      ] GC(1104) Post Compact 2.184ms
[358.045s][info][gc,heap        ] GC(1104) PSYoungGen: 114688K(219136K)->38940K(224256K) Eden: 114688K(114688K)->38940K(114688K) From: 0K(104448K)->0K(109568K)
[358.045s][info][gc,heap        ] GC(1104) ParOldGen: 667571K(667648K)->667571K(667648K)
[358.045s][info][gc,metaspace   ] GC(1104) Metaspace: 18750K(18944K)->18750K(18944K) NonClass: 16086K(16192K)->16086K(16192K) Class: 2664K(2752K)->2664K(2752K)
[358.045s][info][gc             ] GC(1104) Pause Full (Allocation Failure) 763M->689M(871M) 1059.408ms
[358.045s][info][gc,cpu         ] GC(1104) User=2.06s Sys=0.01s Real=1.06s
[358.162s][info][gc,start       ] GC(1105) Pause Full (Allocation Failure)
[358.162s][info][gc,phases,start] GC(1105) Marking Phase
[358.693s][info][gc,phases      ] GC(1105) Marking Phase 530.955ms
[358.693s][info][gc,phases,start] GC(1105) Summary Phase
[358.693s][info][gc,phases      ] GC(1105) Summary Phase 0.023ms
[358.693s][info][gc,phases,start] GC(1105) Forward
[358.716s][info][gc,phases      ] GC(1105) Forward 22.353ms
[358.716s][info][gc,phases,start] GC(1105) Adjust Pointers
[359.074s][info][gc,phases      ] GC(1105) Adjust Pointers 358.656ms
[359.074s][info][gc,phases,start] GC(1105) Compaction Phase
[359.238s][info][gc,phases      ] GC(1105) Compaction Phase 163.533ms
[359.238s][info][gc,phases,start] GC(1105) Post Compact
[359.240s][info][gc,phases      ] GC(1105) Post Compact 2.236ms
[359.240s][info][gc,heap        ] GC(1105) PSYoungGen: 114688K(224256K)->41238K(219136K) Eden: 114688K(114688K)->41238K(114688K) From: 0K(109568K)->0K(104448K)
[359.240s][info][gc,heap        ] GC(1105) ParOldGen: 667571K(667648K)->667571K(667648K)
[359.240s][info][gc,metaspace   ] GC(1105) Metaspace: 18750K(18944K)->18750K(18944K) NonClass: 16086K(16192K)->16086K(16192K) Class: 2664K(2752K)->2664K(2752K)
[359.240s][info][gc             ] GC(1105) Pause Full (Allocation Failure) 763M->692M(866M) 1078.152ms
[359.240s][info][gc,cpu         ] GC(1105) User=2.10s Sys=0.00s Real=1.08s
[359.310s][info][gc,start       ] GC(1106) Pause Full (Allocation Failure)
[359.310s][info][gc,phases,start] GC(1106) Marking Phase
[359.856s][info][gc,phases      ] GC(1106) Marking Phase 545.177ms
[359.856s][info][gc,phases,start] GC(1106) Summary Phase
[359.856s][info][gc,phases      ] GC(1106) Summary Phase 0.027ms
[359.856s][info][gc,phases,start] GC(1106) Forward
[360.020s][info][gc,phases      ] GC(1106) Forward 164.288ms
[360.020s][info][gc,phases,start] GC(1106) Adjust Pointers
[360.452s][info][gc,phases      ] GC(1106) Adjust Pointers 431.985ms
[360.452s][info][gc,phases,start] GC(1106) Compaction Phase
[360.641s][info][gc,phases      ] GC(1106) Compaction Phase 188.725ms
[360.658s][info][gc,phases,start] GC(1106) Post Compact
[360.660s][info][gc,phases      ] GC(1106) Post Compact 2.352ms
[360.660s][info][gc,heap        ] GC(1106) PSYoungGen: 114688K(219136K)->42362K(224256K) Eden: 114688K(114688K)->42362K(114688K) From: 0K(104448K)->0K(109568K)
[360.660s][info][gc,heap        ] GC(1106) ParOldGen: 667571K(667648K)->667570K(667648K)
[360.660s][info][gc,metaspace   ] GC(1106) Metaspace: 18750K(18944K)->18750K(18944K) NonClass: 16086K(16192K)->16086K(16192K) Class: 2664K(2752K)->2664K(2752K)
[360.660s][info][gc             ] GC(1106) Pause Full (Allocation Failure) 763M->693M(871M) 1349.958ms
[360.660s][info][gc,cpu         ] GC(1106) User=2.64s Sys=0.00s Real=1.35s
[360.763s][info][gc,start       ] GC(1107) Pause Full (Allocation Failure)
[360.763s][info][gc,phases,start] GC(1107) Marking Phase
[361.295s][info][gc,phases      ] GC(1107) Marking Phase 531.410ms
[361.295s][info][gc,phases,start] GC(1107) Summary Phase
[361.295s][info][gc,phases      ] GC(1107) Summary Phase 0.024ms
[361.295s][info][gc,phases,start] GC(1107) Forward
[361.317s][info][gc,phases      ] GC(1107) Forward 21.965ms
[361.317s][info][gc,phases,start] GC(1107) Adjust Pointers
[361.674s][info][gc,phases      ] GC(1107) Adjust Pointers 357.436ms
[361.674s][info][gc,phases,start] GC(1107) Compaction Phase
[361.827s][info][gc,phases      ] GC(1107) Compaction Phase 152.444ms
[361.827s][info][gc,phases,start] GC(1107) Post Compact
[361.829s][info][gc,phases      ] GC(1107) Post Compact 2.221ms
[361.829s][info][gc,heap        ] GC(1107) PSYoungGen: 114688K(224256K)->41868K(219136K) Eden: 114688K(114688K)->41868K(114688K) From: 0K(109568K)->0K(104448K)
[361.829s][info][gc,heap        ] GC(1107) ParOldGen: 667570K(667648K)->667570K(667648K)
[361.829s][info][gc,metaspace   ] GC(1107) Metaspace: 18750K(18944K)->18750K(18944K) NonClass: 16086K(16192K)->16086K(16192K) Class: 2664K(2752K)->2664K(2752K)
[361.829s][info][gc             ] GC(1107) Pause Full (Allocation Failure) 763M->692M(866M) 1065.925ms
[361.829s][info][gc,cpu         ] GC(1107) User=2.07s Sys=0.00s Real=1.06s
[362.111s][info][gc,start       ] GC(1108) Pause Full (Allocation Failure)
[362.111s][info][gc,phases,start] GC(1108) Marking Phase
[362.540s][info][gc,phases      ] GC(1108) Marking Phase 428.930ms
[362.540s][info][gc,phases,start] GC(1108) Summary Phase
[362.540s][info][gc,phases      ] GC(1108) Summary Phase 0.042ms
[362.540s][info][gc,phases,start] GC(1108) Forward
[362.690s][info][gc,phases      ] GC(1108) Forward 150.144ms
[362.690s][info][gc,phases,start] GC(1108) Adjust Pointers
[363.021s][info][gc,phases      ] GC(1108) Adjust Pointers 331.108ms
[363.021s][info][gc,phases,start] GC(1108) Compaction Phase
[363.176s][info][gc,phases      ] GC(1108) Compaction Phase 154.551ms
[363.187s][info][gc,phases,start] GC(1108) Post Compact
[363.190s][info][gc,phases      ] GC(1108) Post Compact 2.291ms
[363.190s][info][gc,heap        ] GC(1108) PSYoungGen: 114688K(219136K)->0K(224256K) Eden: 114688K(114688K)->0K(114688K) From: 0K(104448K)->0K(109568K)
[363.190s][info][gc,heap        ] GC(1108) ParOldGen: 667570K(667648K)->578380K(667648K)
[363.190s][info][gc,metaspace   ] GC(1108) Metaspace: 18750K(18944K)->18750K(18944K) NonClass: 16086K(16192K)->16086K(16192K) Class: 2664K(2752K)->2664K(2752K)
[363.190s][info][gc             ] GC(1108) Pause Full (Allocation Failure) 763M->564M(871M) 1079.019ms
[363.190s][info][gc,cpu         ] GC(1108) User=2.06s Sys=0.00s Real=1.07s
[363.481s][info][gc,start       ] GC(1109) Pause Young (Allocation Failure)
[363.483s][info][gc,heap        ] GC(1109) PSYoungGen: 114688K(224256K)->216K(220160K) Eden: 114688K(114688K)->0K(118784K) From: 0K(109568K)->216K(101376K)
[363.483s][info][gc,heap        ] GC(1109) ParOldGen: 578380K(667648K)->578380K(667648K)
[363.483s][info][gc,metaspace   ] GC(1109) Metaspace: 18750K(18944K)->18750K(18944K) NonClass: 16086K(16192K)->16086K(16192K) Class: 2664K(2752K)->2664K(2752K)
[363.483s][info][gc             ] GC(1109) Pause Young (Allocation Failure) 676M->565M(867M) 2.358ms
[363.483s][info][gc,cpu         ] GC(1109) User=0.00s Sys=0.00s Real=0.00s
[363.720s][info][gc,start       ] GC(1110) Pause Young (Allocation Failure)
[363.743s][info][gc,heap        ] GC(1110) PSYoungGen: 119000K(220160K)->21432K(140288K) Eden: 118784K(118784K)->0K(118784K) From: 216K(101376K)->21432K(21504K)
[363.743s][info][gc,heap        ] GC(1110) ParOldGen: 578380K(667648K)->578380K(667648K)
[363.743s][info][gc,metaspace   ] GC(1110) Metaspace: 18750K(18944K)->18750K(18944K) NonClass: 16086K(16192K)->16086K(16192K) Class: 2664K(2752K)->2664K(2752K)
[363.743s][info][gc             ] GC(1110) Pause Young (Allocation Failure) 681M->585M(789M) 22.729ms
[363.743s][info][gc,cpu         ] GC(1110) User=0.04s Sys=0.01s Real=0.02s
[363.961s][info][gc,start       ] GC(1111) Pause Young (Allocation Failure)
[363.988s][info][gc,heap        ] GC(1111) PSYoungGen: 140216K(140288K)->21400K(209408K) Eden: 118784K(118784K)->0K(122368K) From: 21432K(21504K)->21400K(87040K)
[363.988s][info][gc,heap        ] GC(1111) ParOldGen: 578380K(667648K)->578380K(667648K)
[363.988s][info][gc,metaspace   ] GC(1111) Metaspace: 18750K(18944K)->18750K(18944K) NonClass: 16086K(16192K)->16086K(16192K) Class: 2664K(2752K)->2664K(2752K)
[363.988s][info][gc             ] GC(1111) Pause Young (Allocation Failure) 701M->585M(856M) 26.885ms
[363.988s][info][gc,cpu         ] GC(1111) User=0.05s Sys=0.00s Real=0.02s
[364.216s][info][gc,start       ] GC(1112) Pause Young (Allocation Failure)
[364.240s][info][gc,heap        ] GC(1112) PSYoungGen: 143768K(209408K)->21432K(143872K) Eden: 122368K(122368K)->0K(122368K) From: 21400K(87040K)->21432K(21504K)
[364.240s][info][gc,heap        ] GC(1112) ParOldGen: 578380K(667648K)->578380K(667648K)
[364.240s][info][gc,metaspace   ] GC(1112) Metaspace: 18750K(18944K)->18750K(18944K) NonClass: 16086K(16192K)->16086K(16192K) Class: 2664K(2752K)->2664K(2752K)
[364.240s][info][gc             ] GC(1112) Pause Young (Allocation Failure) 705M->585M(792M) 24.418ms
[364.240s][info][gc,cpu         ] GC(1112) User=0.05s Sys=0.00s Real=0.03s
[365.147s][info][gc,start       ] GC(1113) Pause Young (Allocation Failure)
[365.171s][info][gc,heap        ] GC(1113) PSYoungGen: 143800K(143872K)->21885K(202240K) Eden: 122368K(122368K)->0K(124928K) From: 21432K(21504K)->21885K(77312K)
[365.171s][info][gc,heap        ] GC(1113) ParOldGen: 578380K(667648K)->578380K(667648K)
[365.171s][info][gc,metaspace   ] GC(1113) Metaspace: 18750K(18944K)->18750K(18944K) NonClass: 16086K(16192K)->16086K(16192K) Class: 2664K(2752K)->2664K(2752K)
[365.171s][info][gc             ] GC(1113) Pause Young (Allocation Failure) 705M->586M(849M) 24.426ms
[365.171s][info][gc,cpu         ] GC(1113) User=0.05s Sys=0.00s Real=0.03s
[365.673s][info][gc,start       ] GC(1114) Pause Young (Allocation Failure)
[365.700s][info][gc,heap        ] GC(1114) PSYoungGen: 146813K(202240K)->23037K(147968K) Eden: 124928K(124928K)->0K(124928K) From: 21885K(77312K)->23037K(23040K)
[365.700s][info][gc,heap        ] GC(1114) ParOldGen: 578380K(667648K)->578380K(667648K)
[365.700s][info][gc,metaspace   ] GC(1114) Metaspace: 18752K(18944K)->18752K(18944K) NonClass: 16088K(16192K)->16088K(16192K) Class: 2664K(2752K)->2664K(2752K)
[365.700s][info][gc             ] GC(1114) Pause Young (Allocation Failure) 708M->587M(796M) 27.364ms
[365.700s][info][gc,cpu         ] GC(1114) User=0.05s Sys=0.00s Real=0.03s
[366.309s][info][gc,start       ] GC(1115) Pause Young (Allocation Failure)
[366.334s][info][gc,heap        ] GC(1115) PSYoungGen: 147892K(147968K)->23733K(195584K) Eden: 124855K(124928K)->0K(126976K) From: 23037K(23040K)->23733K(68608K)
[366.334s][info][gc,heap        ] GC(1115) ParOldGen: 578380K(667648K)->578388K(667648K)
[366.334s][info][gc,metaspace   ] GC(1115) Metaspace: 18767K(18944K)->18767K(18944K) NonClass: 16103K(16192K)->16103K(16192K) Class: 2664K(2752K)->2664K(2752K)
[366.334s][info][gc             ] GC(1115) Pause Young (Allocation Failure) 709M->588M(843M) 25.009ms
[366.334s][info][gc,cpu         ] GC(1115) User=0.04s Sys=0.00s Real=0.03s
[366.624s][info][gc,start       ] GC(1116) Pause Young (Allocation Failure)
[366.652s][info][gc,heap        ] GC(1116) PSYoungGen: 150709K(195584K)->23825K(151040K) Eden: 126976K(126976K)->0K(126976K) From: 23733K(68608K)->23825K(24064K)
[366.652s][info][gc,heap        ] GC(1116) ParOldGen: 578388K(667648K)->578396K(667648K)
[366.652s][info][gc,metaspace   ] GC(1116) Metaspace: 18776K(18944K)->18776K(18944K) NonClass: 16112K(16192K)->16112K(16192K) Class: 2664K(2752K)->2664K(2752K)
[366.652s][info][gc             ] GC(1116) Pause Young (Allocation Failure) 712M->588M(799M) 27.588ms
[366.652s][info][gc,cpu         ] GC(1116) User=0.05s Sys=0.00s Real=0.03s
[366.928s][info][gc,start       ] GC(1117) Pause Young (Allocation Failure)
[366.953s][info][gc,heap        ] GC(1117) PSYoungGen: 150801K(151040K)->24006K(192000K) Eden: 126976K(126976K)->0K(129536K) From: 23825K(24064K)->24006K(62464K)
[366.953s][info][gc,heap        ] GC(1117) ParOldGen: 578396K(667648K)->578396K(667648K)
[366.953s][info][gc,metaspace   ] GC(1117) Metaspace: 18777K(18944K)->18777K(18944K) NonClass: 16113K(16192K)->16113K(16192K) Class: 2664K(2752K)->2664K(2752K)
[366.953s][info][gc             ] GC(1117) Pause Young (Allocation Failure) 712M->588M(839M) 25.055ms
[366.953s][info][gc,cpu         ] GC(1117) User=0.05s Sys=0.00s Real=0.03s
[367.109s][info][gc,start       ] GC(1118) Pause Young (Allocation Failure)
[367.166s][info][gc,heap        ] GC(1118) PSYoungGen: 153542K(192000K)->64141K(195584K) Eden: 129536K(129536K)->0K(129536K) From: 24006K(62464K)->64141K(66048K)
[367.166s][info][gc,heap        ] GC(1118) ParOldGen: 578396K(667648K)->578404K(667648K)
[367.166s][info][gc,metaspace   ] GC(1118) Metaspace: 18786K(18944K)->18786K(18944K) NonClass: 16121K(16192K)->16121K(16192K) Class: 2665K(2752K)->2665K(2752K)
[367.166s][info][gc             ] GC(1118) Pause Young (Allocation Failure) 714M->627M(843M) 57.019ms
[367.166s][info][gc,cpu         ] GC(1118) User=0.11s Sys=0.00s Real=0.06s
[367.291s][info][gc,start       ] GC(1119) Pause Young (Allocation Failure)
[367.382s][info][gc,heap        ] GC(1119) PSYoungGen: 193677K(195584K)->75773K(186880K) Eden: 129536K(129536K)->0K(111104K) From: 64141K(66048K)->75773K(75776K)
[367.382s][info][gc,heap        ] GC(1119) ParOldGen: 578404K(667648K)->603588K(667648K)
[367.382s][info][gc,metaspace   ] GC(1119) Metaspace: 18803K(19008K)->18803K(19008K) NonClass: 16138K(16256K)->16138K(16256K) Class: 2665K(2752K)->2665K(2752K)
[367.382s][info][gc             ] GC(1119) Pause Young (Allocation Failure) 753M->663M(834M) 90.496ms
[367.382s][info][gc,cpu         ] GC(1119) User=0.16s Sys=0.01s Real=0.09s
[367.499s][info][gc,start       ] GC(1120) Pause Young (Allocation Failure)
[367.598s][info][gc,heap        ] GC(1120) PSYoungGen: 186877K(186880K)->93892K(208896K) Eden: 111104K(111104K)->0K(111104K) From: 75773K(75776K)->93892K(97792K)
[367.598s][info][gc,heap        ] GC(1120) ParOldGen: 603588K(667648K)->625060K(667648K)
[367.598s][info][gc,metaspace   ] GC(1120) Metaspace: 18803K(19008K)->18803K(19008K) NonClass: 16138K(16256K)->16138K(16256K) Class: 2665K(2752K)->2665K(2752K)
[367.598s][info][gc             ] GC(1120) Pause Young (Allocation Failure) 771M->702M(856M) 99.014ms
[367.599s][info][gc,cpu         ] GC(1120) User=0.19s Sys=0.00s Real=0.10s
[367.805s][info][gc,start       ] GC(1121) Pause Young (Allocation Failure)
[367.932s][info][gc,heap        ] GC(1121) PSYoungGen: 204996K(208896K)->111092K(222720K) Eden: 111104K(111104K)->0K(111616K) From: 93892K(97792K)->111092K(111104K)
[367.932s][info][gc,heap        ] GC(1121) ParOldGen: 625060K(667648K)->651873K(667648K)
[367.932s][info][gc,metaspace   ] GC(1121) Metaspace: 18803K(19008K)->18803K(19008K) NonClass: 16138K(16256K)->16138K(16256K) Class: 2665K(2752K)->2665K(2752K)
[367.932s][info][gc             ] GC(1121) Pause Young (Allocation Failure) 810M->745M(869M) 127.210ms
[367.933s][info][gc,cpu         ] GC(1121) User=0.22s Sys=0.04s Real=0.13s
[368.054s][info][gc,start       ] GC(1122) Pause Full (Allocation Failure)
[368.054s][info][gc,phases,start] GC(1122) Marking Phase
[368.182s][info][gc,phases      ] GC(1122) Marking Phase 128.859ms
[368.183s][info][gc,phases,start] GC(1122) Summary Phase
[368.183s][info][gc,phases      ] GC(1122) Summary Phase 0.026ms
[368.183s][info][gc,phases,start] GC(1122) Forward
[368.223s][info][gc,phases      ] GC(1122) Forward 40.732ms
[368.223s][info][gc,phases,start] GC(1122) Adjust Pointers
[368.313s][info][gc,phases      ] GC(1122) Adjust Pointers 89.293ms
[368.313s][info][gc,phases,start] GC(1122) Compaction Phase
[368.370s][info][gc,phases      ] GC(1122) Compaction Phase 57.054ms
[368.373s][info][gc,phases,start] GC(1122) Post Compact
[368.375s][info][gc,phases      ] GC(1122) Post Compact 2.467ms
[368.387s][info][gc,heap        ] GC(1122) PSYoungGen: 222708K(222720K)->0K(222720K) Eden: 111616K(111616K)->0K(111616K) From: 111092K(111104K)->0K(111104K)
[368.387s][info][gc,heap        ] GC(1122) ParOldGen: 651873K(667648K)->217871K(509440K)
[368.387s][info][gc,metaspace   ] GC(1122) Metaspace: 18803K(19008K)->18803K(19008K) NonClass: 16138K(16256K)->16138K(16256K) Class: 2665K(2752K)->2665K(2752K)
[368.387s][info][gc             ] GC(1122) Pause Full (Allocation Failure) 854M->212M(715M) 333.923ms
[368.387s][info][gc,cpu         ] GC(1122) User=0.60s Sys=0.01s Real=0.33s
[368.548s][info][gc,start       ] GC(1123) Pause Young (Allocation Failure)
[368.574s][info][gc,heap        ] GC(1123) PSYoungGen: 111616K(222720K)->14770K(222720K) Eden: 111616K(111616K)->0K(111616K) From: 0K(111104K)->14770K(111104K)
[368.574s][info][gc,heap        ] GC(1123) ParOldGen: 217871K(509440K)->217871K(509440K)
[368.574s][info][gc,metaspace   ] GC(1123) Metaspace: 18814K(19008K)->18814K(19008K) NonClass: 16149K(16256K)->16149K(16256K) Class: 2665K(2752K)->2665K(2752K)
[368.574s][info][gc             ] GC(1123) Pause Young (Allocation Failure) 321M->227M(715M) 26.705ms
[368.574s][info][gc,cpu         ] GC(1123) User=0.05s Sys=0.00s Real=0.03s
[368.764s][info][gc,start       ] GC(1124) Pause Young (Allocation Failure)
[368.815s][info][gc,heap        ] GC(1124) PSYoungGen: 126386K(222720K)->34418K(222720K) Eden: 111616K(111616K)->0K(111616K) From: 14770K(111104K)->34418K(111104K)
[368.815s][info][gc,heap        ] GC(1124) ParOldGen: 217871K(509440K)->217871K(509440K)
[368.815s][info][gc,metaspace   ] GC(1124) Metaspace: 18814K(19008K)->18814K(19008K) NonClass: 16149K(16256K)->16149K(16256K) Class: 2665K(2752K)->2665K(2752K)
[368.815s][info][gc             ] GC(1124) Pause Young (Allocation Failure) 336M->246M(715M) 51.348ms
[368.815s][info][gc,cpu         ] GC(1124) User=0.10s Sys=0.00s Real=0.05s
[368.935s][info][gc,start       ] GC(1125) Pause Young (Allocation Failure)
[368.988s][info][gc,heap        ] GC(1125) PSYoungGen: 146034K(222720K)->37554K(222720K) Eden: 111616K(111616K)->0K(111616K) From: 34418K(111104K)->37554K(111104K)
[368.988s][info][gc,heap        ] GC(1125) ParOldGen: 217871K(509440K)->217871K(509440K)
[368.988s][info][gc,metaspace   ] GC(1125) Metaspace: 18814K(19008K)->18814K(19008K) NonClass: 16149K(16256K)->16149K(16256K) Class: 2665K(2752K)->2665K(2752K)
[368.988s][info][gc             ] GC(1125) Pause Young (Allocation Failure) 355M->249M(715M) 52.349ms
[368.988s][info][gc,cpu         ] GC(1125) User=0.10s Sys=0.00s Real=0.05s
[369.084s][info][gc,start       ] GC(1126) Pause Young (Allocation Failure)
[369.144s][info][gc,heap        ] GC(1126) PSYoungGen: 149170K(222720K)->45458K(222720K) Eden: 111616K(111616K)->0K(111616K) From: 37554K(111104K)->45458K(111104K)
[369.144s][info][gc,heap        ] GC(1126) ParOldGen: 217871K(509440K)->217871K(509440K)
[369.144s][info][gc,metaspace   ] GC(1126) Metaspace: 18814K(19008K)->18814K(19008K) NonClass: 16149K(16256K)->16149K(16256K) Class: 2665K(2752K)->2665K(2752K)
[369.144s][info][gc             ] GC(1126) Pause Young (Allocation Failure) 358M->257M(715M) 60.365ms
[369.144s][info][gc,cpu         ] GC(1126) User=0.12s Sys=0.00s Real=0.06s
[369.226s][info][gc,start       ] GC(1127) Pause Young (Allocation Failure)
[369.305s][info][gc,heap        ] GC(1127) PSYoungGen: 157074K(222720K)->51424K(222720K) Eden: 111616K(111616K)->0K(111616K) From: 45458K(111104K)->51424K(111104K)
[369.305s][info][gc,heap        ] GC(1127) ParOldGen: 217871K(509440K)->232108K(509440K)
[369.305s][info][gc,metaspace   ] GC(1127) Metaspace: 18814K(19008K)->18814K(19008K) NonClass: 16149K(16256K)->16149K(16256K) Class: 2665K(2752K)->2665K(2752K)
[369.305s][info][gc             ] GC(1127) Pause Young (Allocation Failure) 366M->276M(715M) 78.354ms
[369.305s][info][gc,cpu         ] GC(1127) User=0.16s Sys=0.00s Real=0.08s
[369.364s][info][gc,start       ] GC(1128) Pause Young (Allocation Failure)
[369.440s][info][gc,heap        ] GC(1128) PSYoungGen: 163040K(222720K)->57776K(169472K) Eden: 111616K(111616K)->0K(111616K) From: 51424K(111104K)->57776K(57856K)
[369.440s][info][gc,heap        ] GC(1128) ParOldGen: 232108K(509440K)->255481K(509440K)
[369.440s][info][gc,metaspace   ] GC(1128) Metaspace: 18814K(19008K)->18814K(19008K) NonClass: 16149K(16256K)->16149K(16256K) Class: 2665K(2752K)->2665K(2752K)
[369.440s][info][gc             ] GC(1128) Pause Young (Allocation Failure) 385M->305M(663M) 76.721ms
[369.440s][info][gc,cpu         ] GC(1128) User=0.15s Sys=0.00s Real=0.08s
[369.548s][info][gc,start       ] GC(1129) Pause Young (Allocation Failure)
[369.614s][info][gc,heap        ] GC(1129) PSYoungGen: 169392K(169472K)->74259K(219648K) Eden: 111616K(111616K)->0K(110080K) From: 57776K(57856K)->74259K(109568K)
[369.614s][info][gc,heap        ] GC(1129) ParOldGen: 255481K(509440K)->255481K(509440K)
[369.614s][info][gc,metaspace   ] GC(1129) Metaspace: 18814K(19008K)->18814K(19008K) NonClass: 16149K(16256K)->16149K(16256K) Class: 2665K(2752K)->2665K(2752K)
[369.614s][info][gc             ] GC(1129) Pause Young (Allocation Failure) 414M->322M(712M) 66.551ms
[369.614s][info][gc,cpu         ] GC(1129) User=0.13s Sys=0.00s Real=0.07s
[369.681s][info][gc,start       ] GC(1130) Pause Young (Allocation Failure)
[369.751s][info][gc,heap        ] GC(1130) PSYoungGen: 184339K(219648K)->51379K(161792K) Eden: 110080K(110080K)->0K(110080K) From: 74259K(109568K)->51379K(51712K)
[369.751s][info][gc,heap        ] GC(1130) ParOldGen: 255481K(509440K)->283649K(509440K)
[369.751s][info][gc,metaspace   ] GC(1130) Metaspace: 18814K(19008K)->18814K(19008K) NonClass: 16149K(16256K)->16149K(16256K) Class: 2665K(2752K)->2665K(2752K)
[369.751s][info][gc             ] GC(1130) Pause Young (Allocation Failure) 429M->327M(655M) 70.546ms
[369.751s][info][gc,cpu         ] GC(1130) User=0.14s Sys=0.00s Real=0.07s
[369.831s][info][gc,start       ] GC(1131) Pause Young (Allocation Failure)
[369.878s][info][gc,heap        ] GC(1131) PSYoungGen: 161459K(161792K)->54291K(222208K) Eden: 110080K(110080K)->0K(117760K) From: 51379K(51712K)->54291K(104448K)
[369.878s][info][gc,heap        ] GC(1131) ParOldGen: 283649K(509440K)->283649K(509440K)
[369.878s][info][gc,metaspace   ] GC(1131) Metaspace: 18816K(19008K)->18816K(19008K) NonClass: 16151K(16256K)->16151K(16256K) Class: 2665K(2752K)->2665K(2752K)
[369.878s][info][gc             ] GC(1131) Pause Young (Allocation Failure) 434M->330M(714M) 47.467ms
[369.878s][info][gc,cpu         ] GC(1131) User=0.09s Sys=0.00s Real=0.04s
[369.968s][info][gc,start       ] GC(1132) Pause Young (Allocation Failure)
[370.018s][info][gc,heap        ] GC(1132) PSYoungGen: 172051K(222208K)->55123K(220672K) Eden: 117760K(117760K)->0K(117760K) From: 54291K(104448K)->55123K(102912K)
[370.018s][info][gc,heap        ] GC(1132) ParOldGen: 283649K(509440K)->283649K(509440K)
[370.018s][info][gc,metaspace   ] GC(1132) Metaspace: 18816K(19008K)->18816K(19008K) NonClass: 16151K(16256K)->16151K(16256K) Class: 2665K(2752K)->2665K(2752K)
[370.018s][info][gc             ] GC(1132) Pause Young (Allocation Failure) 445M->330M(713M) 50.394ms
[370.018s][info][gc,cpu         ] GC(1132) User=0.10s Sys=0.00s Real=0.05s
[370.106s][info][gc,start       ] GC(1133) Pause Young (Allocation Failure)
[370.160s][info][gc,heap        ] GC(1133) PSYoungGen: 172883K(220672K)->59539K(223744K) Eden: 117760K(117760K)->0K(126976K) From: 55123K(102912K)->59539K(96768K)
[370.160s][info][gc,heap        ] GC(1133) ParOldGen: 283649K(509440K)->283649K(509440K)
[370.160s][info][gc,metaspace   ] GC(1133) Metaspace: 18822K(19008K)->18822K(19008K) NonClass: 16157K(16256K)->16157K(16256K) Class: 2665K(2752K)->2665K(2752K)
[370.160s][info][gc             ] GC(1133) Pause Young (Allocation Failure) 445M->335M(716M) 54.129ms
[370.160s][info][gc,cpu         ] GC(1133) User=0.11s Sys=0.00s Real=0.05s
[370.384s][info][gc,start       ] GC(1134) Pause Young (Allocation Failure)
[370.437s][info][gc,heap        ] GC(1134) PSYoungGen: 186515K(223744K)->61427K(224768K) Eden: 126976K(126976K)->0K(126976K) From: 59539K(96768K)->61427K(97792K)
[370.437s][info][gc,heap        ] GC(1134) ParOldGen: 283649K(509440K)->283649K(509440K)
[370.437s][info][gc,metaspace   ] GC(1134) Metaspace: 18822K(19008K)->18822K(19008K) NonClass: 16157K(16256K)->16157K(16256K) Class: 2665K(2752K)->2665K(2752K)
[370.437s][info][gc             ] GC(1134) Pause Young (Allocation Failure) 459M->336M(717M) 52.438ms
[370.437s][info][gc,cpu         ] GC(1134) User=0.10s Sys=0.00s Real=0.05s
[370.740s][info][gc,start       ] GC(1135) Pause Young (Allocation Failure)
[370.824s][info][gc,heap        ] GC(1135) PSYoungGen: 188403K(224768K)->90707K(218624K) Eden: 126976K(126976K)->0K(121856K) From: 61427K(97792K)->90707K(96768K)
[370.824s][info][gc,heap        ] GC(1135) ParOldGen: 283649K(509440K)->283649K(509440K)
[370.824s][info][gc,metaspace   ] GC(1135) Metaspace: 18822K(19008K)->18822K(19008K) NonClass: 16157K(16256K)->16157K(16256K) Class: 2665K(2752K)->2665K(2752K)
[370.824s][info][gc             ] GC(1135) Pause Young (Allocation Failure) 460M->365M(711M) 84.268ms
[370.824s][info][gc,cpu         ] GC(1135) User=0.17s Sys=0.00s Real=0.09s
[370.966s][info][gc,start       ] GC(1136) Pause Young (Allocation Failure)
[371.087s][info][gc,heap        ] GC(1136) PSYoungGen: 212563K(218624K)->105952K(227840K) Eden: 121856K(121856K)->0K(121856K) From: 90707K(96768K)->105952K(105984K)
[371.087s][info][gc,heap        ] GC(1136) ParOldGen: 283649K(509440K)->305480K(509440K)
[371.087s][info][gc,metaspace   ] GC(1136) Metaspace: 18822K(19008K)->18822K(19008K) NonClass: 16157K(16256K)->16157K(16256K) Class: 2665K(2752K)->2665K(2752K)
[371.087s][info][gc             ] GC(1136) Pause Young (Allocation Failure) 484M->401M(720M) 121.078ms
[371.087s][info][gc,cpu         ] GC(1136) User=0.24s Sys=0.01s Real=0.12s
[371.247s][info][gc,start       ] GC(1137) Pause Young (Allocation Failure)
[371.369s][info][gc,heap        ] GC(1137) PSYoungGen: 227808K(227840K)->78864K(217600K) Eden: 121856K(121856K)->0K(111616K) From: 105952K(105984K)->78864K(105984K)
[371.369s][info][gc,heap        ] GC(1137) ParOldGen: 305480K(509440K)->347753K(509440K)
[371.369s][info][gc,metaspace   ] GC(1137) Metaspace: 18822K(19008K)->18822K(19008K) NonClass: 16157K(16256K)->16157K(16256K) Class: 2665K(2752K)->2665K(2752K)
[371.369s][info][gc             ] GC(1137) Pause Young (Allocation Failure) 520M->416M(710M) 122.332ms
[371.369s][info][gc,cpu         ] GC(1137) User=0.24s Sys=0.00s Real=0.12s
[371.475s][info][gc,start       ] GC(1138) Pause Young (Allocation Failure)
[371.545s][info][gc,heap        ] GC(1138) PSYoungGen: 190480K(217600K)->73840K(222720K) Eden: 111616K(111616K)->0K(111616K) From: 78864K(105984K)->73840K(111104K)
[371.545s][info][gc,heap        ] GC(1138) ParOldGen: 347753K(509440K)->353601K(509440K)
[371.545s][info][gc,metaspace   ] GC(1138) Metaspace: 18822K(19008K)->18822K(19008K) NonClass: 16157K(16256K)->16157K(16256K) Class: 2665K(2752K)->2665K(2752K)
[371.545s][info][gc             ] GC(1138) Pause Young (Allocation Failure) 525M->417M(715M) 70.977ms
[371.546s][info][gc,cpu         ] GC(1138) User=0.14s Sys=0.00s Real=0.07s
[371.671s][info][gc,start       ] GC(1139) Pause Young (Allocation Failure)
[371.744s][info][gc,heap        ] GC(1139) PSYoungGen: 185456K(222720K)->72016K(222720K) Eden: 111616K(111616K)->0K(111616K) From: 73840K(111104K)->72016K(111104K)
[371.744s][info][gc,heap        ] GC(1139) ParOldGen: 353601K(509440K)->356841K(509440K)
[371.744s][info][gc,metaspace   ] GC(1139) Metaspace: 18822K(19008K)->18822K(19008K) NonClass: 16157K(16256K)->16157K(16256K) Class: 2665K(2752K)->2665K(2752K)
[371.744s][info][gc             ] GC(1139) Pause Young (Allocation Failure) 526M->418M(715M) 72.844ms
[371.744s][info][gc,cpu         ] GC(1139) User=0.14s Sys=0.00s Real=0.07s
[371.993s][info][gc,start       ] GC(1140) Pause Young (Allocation Failure)
[372.058s][info][gc,heap        ] GC(1140) PSYoungGen: 183632K(222720K)->49808K(222720K) Eden: 111616K(111616K)->0K(111616K) From: 72016K(111104K)->49808K(111104K)
[372.058s][info][gc,heap        ] GC(1140) ParOldGen: 356841K(509440K)->379113K(509440K)
[372.058s][info][gc,metaspace   ] GC(1140) Metaspace: 18822K(19008K)->18822K(19008K) NonClass: 16157K(16256K)->16157K(16256K) Class: 2665K(2752K)->2665K(2752K)
[372.058s][info][gc             ] GC(1140) Pause Young (Allocation Failure) 527M->418M(715M) 65.022ms
[372.058s][info][gc,cpu         ] GC(1140) User=0.13s Sys=0.00s Real=0.06s
[372.291s][info][gc,start       ] GC(1141) Pause Young (Allocation Failure)
[372.341s][info][gc,heap        ] GC(1141) PSYoungGen: 161424K(222720K)->6048K(222720K) Eden: 111616K(111616K)->0K(111616K) From: 49808K(111104K)->6048K(111104K)
[372.341s][info][gc,heap        ] GC(1141) ParOldGen: 379113K(509440K)->426932K(509440K)
[372.341s][info][gc,metaspace   ] GC(1141) Metaspace: 18822K(19008K)->18822K(19008K) NonClass: 16157K(16256K)->16157K(16256K) Class: 2665K(2752K)->2665K(2752K)
[372.341s][info][gc             ] GC(1141) Pause Young (Allocation Failure) 527M->422M(715M) 50.277ms
[372.341s][info][gc,cpu         ] GC(1141) User=0.10s Sys=0.00s Real=0.05s
[372.470s][info][gc,start       ] GC(1142) Pause Young (Allocation Failure)
[372.523s][info][gc,heap        ] GC(1142) PSYoungGen: 117664K(222720K)->55075K(222720K) Eden: 111616K(111616K)->0K(111616K) From: 6048K(111104K)->55075K(111104K)
[372.523s][info][gc,heap        ] GC(1142) ParOldGen: 426932K(509440K)->428964K(509440K)
[372.523s][info][gc,metaspace   ] GC(1142) Metaspace: 18822K(19008K)->18822K(19008K) NonClass: 16157K(16256K)->16157K(16256K) Class: 2665K(2752K)->2665K(2752K)
[372.523s][info][gc             ] GC(1142) Pause Young (Allocation Failure) 531M->472M(715M) 53.229ms
[372.523s][info][gc,cpu         ] GC(1142) User=0.10s Sys=0.00s Real=0.05s
[372.685s][info][gc,start       ] GC(1143) Pause Young (Allocation Failure)
[372.755s][info][gc,heap        ] GC(1143) PSYoungGen: 166691K(222720K)->72376K(222720K) Eden: 111616K(111616K)->0K(111616K) From: 55075K(111104K)->72376K(111104K)
[372.755s][info][gc,heap        ] GC(1143) ParOldGen: 428964K(509440K)->432972K(509440K)
[372.755s][info][gc,metaspace   ] GC(1143) Metaspace: 18822K(19008K)->18822K(19008K) NonClass: 16157K(16256K)->16157K(16256K) Class: 2665K(2752K)->2665K(2752K)
[372.755s][info][gc             ] GC(1143) Pause Young (Allocation Failure) 581M->493M(715M) 70.141ms
[372.755s][info][gc,cpu         ] GC(1143) User=0.14s Sys=0.00s Real=0.07s
[372.843s][info][gc,start       ] GC(1144) Pause Young (Allocation Failure)
[372.928s][info][gc,heap        ] GC(1144) PSYoungGen: 183992K(222720K)->18432K(222720K) Eden: 111616K(111616K)->0K(111616K) From: 72376K(111104K)->18432K(111104K)
[372.928s][info][gc,heap        ] GC(1144) ParOldGen: 432972K(509440K)->505632K(509440K)
[372.928s][info][gc,metaspace   ] GC(1144) Metaspace: 18822K(19008K)->18822K(19008K) NonClass: 16157K(16256K)->16157K(16256K) Class: 2665K(2752K)->2665K(2752K)
[372.928s][info][gc             ] GC(1144) Pause Young (Allocation Failure) 602M->511M(715M) 84.764ms
[372.928s][info][gc,cpu         ] GC(1144) User=0.17s Sys=0.00s Real=0.08s
[372.988s][info][gc,start       ] GC(1145) Pause Young (Allocation Failure)
[373.064s][info][gc,heap        ] GC(1145) PSYoungGen: 130048K(222720K)->55352K(222720K) Eden: 111616K(111616K)->0K(111616K) From: 18432K(111104K)->55352K(111104K)
[373.064s][info][gc,heap        ] GC(1145) ParOldGen: 505632K(509440K)->524096K(524288K)
[373.064s][info][gc,metaspace   ] GC(1145) Metaspace: 18822K(19008K)->18822K(19008K) NonClass: 16157K(16256K)->16157K(16256K) Class: 2665K(2752K)->2665K(2752K)
[373.064s][info][gc             ] GC(1145) Pause Young (Allocation Failure) 620M->565M(729M) 76.450ms
[373.064s][info][gc,cpu         ] GC(1145) User=0.14s Sys=0.01s Real=0.08s
[373.168s][info][gc,start       ] GC(1146) Pause Young (Allocation Failure)
[373.263s][info][gc,heap        ] GC(1146) PSYoungGen: 166968K(222720K)->17152K(222720K) Eden: 111616K(111616K)->0K(111616K) From: 55352K(111104K)->17152K(111104K)
[373.263s][info][gc,heap        ] GC(1146) ParOldGen: 524096K(524288K)->579600K(580096K)
[373.263s][info][gc,metaspace   ] GC(1146) Metaspace: 18822K(19008K)->18822K(19008K) NonClass: 16157K(16256K)->16157K(16256K) Class: 2665K(2752K)->2665K(2752K)
[373.263s][info][gc             ] GC(1146) Pause Young (Allocation Failure) 674M->582M(784M) 94.530ms
[373.263s][info][gc,cpu         ] GC(1146) User=0.14s Sys=0.05s Real=0.10s
[373.431s][info][gc,start       ] GC(1147) Pause Young (Allocation Failure)
[373.464s][info][gc,heap        ] GC(1147) PSYoungGen: 128768K(222720K)->8196K(222720K) Eden: 111616K(111616K)->0K(111616K) From: 17152K(111104K)->8196K(111104K)
[373.464s][info][gc,heap        ] GC(1147) ParOldGen: 579600K(580096K)->596792K(596992K)
[373.464s][info][gc,metaspace   ] GC(1147) Metaspace: 18823K(19008K)->18823K(19008K) NonClass: 16158K(16256K)->16158K(16256K) Class: 2665K(2752K)->2665K(2752K)
[373.464s][info][gc             ] GC(1147) Pause Young (Allocation Failure) 691M->590M(800M) 32.963ms
[373.464s][info][gc,cpu         ] GC(1147) User=0.06s Sys=0.01s Real=0.03s
[373.592s][info][gc,start       ] GC(1148) Pause Young (Allocation Failure)
[373.612s][info][gc,heap        ] GC(1148) PSYoungGen: 119812K(222720K)->10720K(222720K) Eden: 111616K(111616K)->0K(111616K) From: 8196K(111104K)->10720K(111104K)
[373.612s][info][gc,heap        ] GC(1148) ParOldGen: 596792K(596992K)->603663K(604160K)
[373.612s][info][gc,metaspace   ] GC(1148) Metaspace: 18823K(19008K)->18823K(19008K) NonClass: 16158K(16256K)->16158K(16256K) Class: 2665K(2752K)->2665K(2752K)
[373.613s][info][gc             ] GC(1148) Pause Young (Allocation Failure) 699M->599M(807M) 20.749ms
[373.613s][info][gc,cpu         ] GC(1148) User=0.04s Sys=0.01s Real=0.02s
[373.703s][info][gc,start       ] GC(1149) Pause Full (Allocation Failure)
[373.703s][info][gc,phases,start] GC(1149) Marking Phase
[373.784s][info][gc,phases      ] GC(1149) Marking Phase 80.724ms
[373.784s][info][gc,phases,start] GC(1149) Summary Phase
[373.784s][info][gc,phases      ] GC(1149) Summary Phase 0.026ms
[373.784s][info][gc,phases,start] GC(1149) Forward
[373.813s][info][gc,phases      ] GC(1149) Forward 28.931ms
[373.813s][info][gc,phases,start] GC(1149) Adjust Pointers
[373.871s][info][gc,phases      ] GC(1149) Adjust Pointers 57.634ms
[373.871s][info][gc,phases,start] GC(1149) Compaction Phase
[373.904s][info][gc,phases      ] GC(1149) Compaction Phase 32.821ms
[373.906s][info][gc,phases,start] GC(1149) Post Compact
[373.908s][info][gc,phases      ] GC(1149) Post Compact 2.134ms
[373.921s][info][gc,heap        ] GC(1149) PSYoungGen: 122336K(222720K)->0K(222720K) Eden: 111616K(111616K)->0K(111616K) From: 10720K(111104K)->0K(111104K)
[373.921s][info][gc,heap        ] GC(1149) ParOldGen: 603663K(604160K)->131419K(447488K)
[373.921s][info][gc,metaspace   ] GC(1149) Metaspace: 18823K(19008K)->18823K(19008K) NonClass: 16158K(16256K)->16158K(16256K) Class: 2665K(2752K)->2665K(2752K)
[373.921s][info][gc             ] GC(1149) Pause Full (Allocation Failure) 708M->128M(654M) 218.363ms
[373.922s][info][gc,cpu         ] GC(1149) User=0.37s Sys=0.01s Real=0.22s
[374.001s][info][gc,start       ] GC(1150) Pause Young (Allocation Failure)
[374.041s][info][gc,heap        ] GC(1150) PSYoungGen: 111616K(222720K)->50304K(162304K) Eden: 111616K(111616K)->0K(111616K) From: 0K(111104K)->50304K(50688K)
[374.041s][info][gc,heap        ] GC(1150) ParOldGen: 131419K(447488K)->131419K(447488K)
[374.041s][info][gc,metaspace   ] GC(1150) Metaspace: 18823K(19008K)->18823K(19008K) NonClass: 16158K(16256K)->16158K(16256K) Class: 2665K(2752K)->2665K(2752K)
[374.041s][info][gc             ] GC(1150) Pause Young (Allocation Failure) 237M->177M(595M) 39.839ms
[374.041s][info][gc,cpu         ] GC(1150) User=0.07s Sys=0.00s Real=0.04s
[374.136s][info][gc,start       ] GC(1151) Pause Young (Allocation Failure)
[374.214s][info][gc,heap        ] GC(1151) PSYoungGen: 161920K(162304K)->100544K(218624K) Eden: 111616K(111616K)->0K(109568K) From: 50304K(50688K)->100544K(109056K)
[374.214s][info][gc,heap        ] GC(1151) ParOldGen: 131419K(447488K)->131419K(447488K)
[374.214s][info][gc,metaspace   ] GC(1151) Metaspace: 18823K(19008K)->18823K(19008K) NonClass: 16158K(16256K)->16158K(16256K) Class: 2665K(2752K)->2665K(2752K)
[374.214s][info][gc             ] GC(1151) Pause Young (Allocation Failure) 286M->226M(650M) 78.344ms
[374.214s][info][gc,cpu         ] GC(1151) User=0.16s Sys=0.00s Real=0.08s
[374.259s][info][gc,start       ] GC(1152) Pause Young (Allocation Failure)
[374.361s][info][gc,heap        ] GC(1152) PSYoungGen: 210112K(218624K)->30496K(220672K) Eden: 109568K(109568K)->0K(109568K) From: 100544K(109056K)->30496K(111104K)
[374.361s][info][gc,heap        ] GC(1152) ParOldGen: 131419K(447488K)->232603K(447488K)
[374.361s][info][gc,metaspace   ] GC(1152) Metaspace: 18823K(19008K)->18823K(19008K) NonClass: 16158K(16256K)->16158K(16256K) Class: 2665K(2752K)->2665K(2752K)
[374.361s][info][gc             ] GC(1152) Pause Young (Allocation Failure) 333M->256M(652M) 102.573ms
[374.361s][info][gc,cpu         ] GC(1152) User=0.20s Sys=0.00s Real=0.11s
[374.433s][info][gc,start       ] GC(1153) Pause Young (Allocation Failure)
[374.473s][info][gc,heap        ] GC(1153) PSYoungGen: 140064K(220672K)->22848K(222720K) Eden: 109568K(109568K)->0K(111616K) From: 30496K(111104K)->22848K(111104K)
[374.473s][info][gc,heap        ] GC(1153) ParOldGen: 232603K(447488K)->263419K(447488K)
[374.473s][info][gc,metaspace   ] GC(1153) Metaspace: 18823K(19008K)->18823K(19008K) NonClass: 16158K(16256K)->16158K(16256K) Class: 2665K(2752K)->2665K(2752K)
[374.473s][info][gc             ] GC(1153) Pause Young (Allocation Failure) 363M->279M(654M) 39.313ms
[374.473s][info][gc,cpu         ] GC(1153) User=0.08s Sys=0.00s Real=0.04s
[374.595s][info][gc,start       ] GC(1154) Pause Young (Allocation Failure)
[374.646s][info][gc,heap        ] GC(1154) PSYoungGen: 134464K(222720K)->18785K(222720K) Eden: 111616K(111616K)->0K(111616K) From: 22848K(111104K)->18785K(111104K)
[374.646s][info][gc,heap        ] GC(1154) ParOldGen: 263419K(447488K)->286427K(447488K)
[374.646s][info][gc,metaspace   ] GC(1154) Metaspace: 18823K(19008K)->18823K(19008K) NonClass: 16158K(16256K)->16158K(16256K) Class: 2665K(2752K)->2665K(2752K)
[374.646s][info][gc             ] GC(1154) Pause Young (Allocation Failure) 388M->298M(654M) 50.755ms
[374.646s][info][gc,cpu         ] GC(1154) User=0.10s Sys=0.00s Real=0.05s
[374.745s][info][gc,start       ] GC(1155) Pause Young (Allocation Failure)
[374.794s][info][gc,heap        ] GC(1155) PSYoungGen: 130401K(222720K)->11353K(222720K) Eden: 111616K(111616K)->0K(111616K) From: 18785K(111104K)->11353K(111104K)
[374.794s][info][gc,heap        ] GC(1155) ParOldGen: 286427K(447488K)->305192K(447488K)
[374.794s][info][gc,metaspace   ] GC(1155) Metaspace: 18823K(19008K)->18823K(19008K) NonClass: 16158K(16256K)->16158K(16256K) Class: 2665K(2752K)->2665K(2752K)
[374.794s][info][gc             ] GC(1155) Pause Young (Allocation Failure) 407M->309M(654M) 49.911ms
[374.794s][info][gc,cpu         ] GC(1155) User=0.10s Sys=0.00s Real=0.05s
[374.908s][info][gc,start       ] GC(1156) Pause Young (Allocation Failure)
[374.963s][info][gc,heap        ] GC(1156) PSYoungGen: 122969K(222720K)->30529K(142336K) Eden: 111616K(111616K)->0K(111616K) From: 11353K(111104K)->30529K(30720K)
[374.963s][info][gc,heap        ] GC(1156) ParOldGen: 305192K(447488K)->316392K(447488K)
[374.963s][info][gc,metaspace   ] GC(1156) Metaspace: 18823K(19008K)->18823K(19008K) NonClass: 16158K(16256K)->16158K(16256K) Class: 2665K(2752K)->2665K(2752K)
[374.963s][info][gc             ] GC(1156) Pause Young (Allocation Failure) 418M->338M(576M) 54.127ms
[374.963s][info][gc,cpu         ] GC(1156) User=0.11s Sys=0.00s Real=0.06s
[375.052s][info][gc,start       ] GC(1157) Pause Young (Allocation Failure)
[375.110s][info][gc,heap        ] GC(1157) PSYoungGen: 142145K(142336K)->52449K(220672K) Eden: 111616K(111616K)->0K(113664K) From: 30529K(30720K)->52449K(107008K)
[375.110s][info][gc,heap        ] GC(1157) ParOldGen: 316392K(447488K)->316392K(447488K)
[375.110s][info][gc,metaspace   ] GC(1157) Metaspace: 18823K(19008K)->18823K(19008K) NonClass: 16158K(16256K)->16158K(16256K) Class: 2665K(2752K)->2665K(2752K)
[375.110s][info][gc             ] GC(1157) Pause Young (Allocation Failure) 447M->360M(652M) 57.946ms
[375.110s][info][gc,cpu         ] GC(1157) User=0.11s Sys=0.00s Real=0.06s
[375.178s][info][gc,start       ] GC(1158) Pause Young (Allocation Failure)
[375.244s][info][gc,heap        ] GC(1158) PSYoungGen: 166113K(220672K)->60033K(218624K) Eden: 113664K(113664K)->0K(113664K) From: 52449K(107008K)->60033K(104960K)
[375.244s][info][gc,heap        ] GC(1158) ParOldGen: 316392K(447488K)->316392K(447488K)
[375.244s][info][gc,metaspace   ] GC(1158) Metaspace: 18823K(19008K)->18823K(19008K) NonClass: 16158K(16256K)->16158K(16256K) Class: 2665K(2752K)->2665K(2752K)
[375.244s][info][gc             ] GC(1158) Pause Young (Allocation Failure) 471M->367M(650M) 65.977ms
[375.244s][info][gc,cpu         ] GC(1158) User=0.13s Sys=0.00s Real=0.07s
[375.336s][info][gc,start       ] GC(1159) Pause Young (Allocation Failure)
[375.414s][info][gc,heap        ] GC(1159) PSYoungGen: 173697K(218624K)->71489K(218624K) Eden: 113664K(113664K)->0K(112640K) From: 60033K(104960K)->71489K(105984K)
[375.414s][info][gc,heap        ] GC(1159) ParOldGen: 316392K(447488K)->316392K(447488K)
[375.414s][info][gc,metaspace   ] GC(1159) Metaspace: 18823K(19008K)->18823K(19008K) NonClass: 16158K(16256K)->16158K(16256K) Class: 2665K(2752K)->2665K(2752K)
[375.414s][info][gc             ] GC(1159) Pause Young (Allocation Failure) 478M->378M(650M) 77.987ms
[375.414s][info][gc,cpu         ] GC(1159) User=0.15s Sys=0.00s Real=0.08s
[375.476s][info][gc,start       ] GC(1160) Pause Young (Allocation Failure)
[375.556s][info][gc,heap        ] GC(1160) PSYoungGen: 184129K(218624K)->74849K(187904K) Eden: 112640K(112640K)->0K(112640K) From: 71489K(105984K)->74849K(75264K)
[375.556s][info][gc,heap        ] GC(1160) ParOldGen: 316392K(447488K)->316392K(447488K)
[375.556s][info][gc,metaspace   ] GC(1160) Metaspace: 18823K(19008K)->18823K(19008K) NonClass: 16158K(16256K)->16158K(16256K) Class: 2665K(2752K)->2665K(2752K)
[375.556s][info][gc             ] GC(1160) Pause Young (Allocation Failure) 488M->382M(620M) 80.127ms
[375.556s][info][gc,cpu         ] GC(1160) User=0.16s Sys=0.00s Real=0.08s
[375.642s][info][gc,start       ] GC(1161) Pause Young (Allocation Failure)
[375.726s][info][gc,heap        ] GC(1161) PSYoungGen: 187489K(187904K)->23392K(222720K) Eden: 112640K(112640K)->0K(111616K) From: 74849K(75264K)->23392K(111104K)
[375.726s][info][gc,heap        ] GC(1161) ParOldGen: 316392K(447488K)->368941K(447488K)
[375.726s][info][gc,metaspace   ] GC(1161) Metaspace: 18823K(19008K)->18823K(19008K) NonClass: 16158K(16256K)->16158K(16256K) Class: 2665K(2752K)->2665K(2752K)
[375.726s][info][gc             ] GC(1161) Pause Young (Allocation Failure) 492M->383M(654M) 83.828ms
[375.726s][info][gc,cpu         ] GC(1161) User=0.17s Sys=0.00s Real=0.08s
[375.824s][info][gc,start       ] GC(1162) Pause Young (Allocation Failure)
[375.861s][info][gc,heap        ] GC(1162) PSYoungGen: 135008K(222720K)->14464K(222720K) Eden: 111616K(111616K)->0K(111616K) From: 23392K(111104K)->14464K(111104K)
[375.861s][info][gc,heap        ] GC(1162) ParOldGen: 368941K(447488K)->388013K(447488K)
[375.861s][info][gc,metaspace   ] GC(1162) Metaspace: 18823K(19008K)->18823K(19008K) NonClass: 16158K(16256K)->16158K(16256K) Class: 2665K(2752K)->2665K(2752K)
[375.861s][info][gc             ] GC(1162) Pause Young (Allocation Failure) 492M->393M(654M) 37.277ms
[375.862s][info][gc,cpu         ] GC(1162) User=0.07s Sys=0.00s Real=0.04s
[375.949s][info][gc,start       ] GC(1163) Pause Young (Allocation Failure)
[375.974s][info][gc,heap        ] GC(1163) PSYoungGen: 126080K(222720K)->22816K(215552K) Eden: 111616K(111616K)->0K(111616K) From: 14464K(111104K)->22816K(103936K)
[375.974s][info][gc,heap        ] GC(1163) ParOldGen: 388013K(447488K)->388013K(447488K)
[375.974s][info][gc,metaspace   ] GC(1163) Metaspace: 18823K(19008K)->18823K(19008K) NonClass: 16158K(16256K)->16158K(16256K) Class: 2665K(2752K)->2665K(2752K)
[375.974s][info][gc             ] GC(1163) Pause Young (Allocation Failure) 502M->401M(647M) 24.310ms
[375.974s][info][gc,cpu         ] GC(1163) User=0.05s Sys=0.00s Real=0.03s
[376.111s][info][gc,start       ] GC(1164) Pause Young (Allocation Failure)
[376.153s][info][gc,heap        ] GC(1164) PSYoungGen: 134432K(215552K)->40224K(219136K) Eden: 111616K(111616K)->0K(111616K) From: 22816K(103936K)->40224K(107520K)
[376.153s][info][gc,heap        ] GC(1164) ParOldGen: 388013K(447488K)->388013K(447488K)
[376.153s][info][gc,metaspace   ] GC(1164) Metaspace: 18823K(19008K)->18823K(19008K) NonClass: 16158K(16256K)->16158K(16256K) Class: 2665K(2752K)->2665K(2752K)
[376.153s][info][gc             ] GC(1164) Pause Young (Allocation Failure) 510M->418M(651M) 42.453ms
[376.153s][info][gc,cpu         ] GC(1164) User=0.09s Sys=0.00s Real=0.04s
[376.470s][info][gc,start       ] GC(1165) Pause Young (Allocation Failure)
[376.523s][info][gc,heap        ] GC(1165) PSYoungGen: 151840K(219136K)->50208K(215552K) Eden: 111616K(111616K)->0K(119808K) From: 40224K(107520K)->50208K(95744K)
[376.524s][info][gc,heap        ] GC(1165) ParOldGen: 388013K(447488K)->388013K(447488K)
[376.524s][info][gc,metaspace   ] GC(1165) Metaspace: 18823K(19008K)->18823K(19008K) NonClass: 16158K(16256K)->16158K(16256K) Class: 2665K(2752K)->2665K(2752K)
[376.524s][info][gc             ] GC(1165) Pause Young (Allocation Failure) 527M->427M(647M) 53.348ms
[376.524s][info][gc,cpu         ] GC(1165) User=0.10s Sys=0.00s Real=0.05s
[376.864s][info][gc,start       ] GC(1166) Pause Young (Allocation Failure)
[376.914s][info][gc,heap        ] GC(1166) PSYoungGen: 170016K(215552K)->50304K(218624K) Eden: 119808K(119808K)->0K(119808K) From: 50208K(95744K)->50304K(98816K)
[376.914s][info][gc,heap        ] GC(1166) ParOldGen: 388013K(447488K)->388013K(447488K)
[376.914s][info][gc,metaspace   ] GC(1166) Metaspace: 18823K(19008K)->18823K(19008K) NonClass: 16158K(16256K)->16158K(16256K) Class: 2665K(2752K)->2665K(2752K)
[376.914s][info][gc             ] GC(1166) Pause Young (Allocation Failure) 544M->428M(650M) 50.638ms
[376.914s][info][gc,cpu         ] GC(1166) User=0.10s Sys=0.00s Real=0.05s
[377.236s][info][gc,start       ] GC(1167) Pause Young (Allocation Failure)
[377.287s][info][gc,heap        ] GC(1167) PSYoungGen: 170112K(218624K)->50336K(217088K) Eden: 119808K(119808K)->0K(126976K) From: 50304K(98816K)->50336K(90112K)
[377.288s][info][gc,heap        ] GC(1167) ParOldGen: 388013K(447488K)->388013K(447488K)
[377.288s][info][gc,metaspace   ] GC(1167) Metaspace: 18823K(19008K)->18823K(19008K) NonClass: 16158K(16256K)->16158K(16256K) Class: 2665K(2752K)->2665K(2752K)
[377.288s][info][gc             ] GC(1167) Pause Young (Allocation Failure) 545M->428M(649M) 52.008ms
[377.288s][info][gc,cpu         ] GC(1167) User=0.11s Sys=0.00s Real=0.05s
[377.605s][info][gc,start       ] GC(1168) Pause Young (Allocation Failure)
[377.661s][info][gc,heap        ] GC(1168) PSYoungGen: 177312K(217088K)->50304K(220672K) Eden: 126976K(126976K)->0K(126976K) From: 50336K(90112K)->50304K(93696K)
[377.661s][info][gc,heap        ] GC(1168) ParOldGen: 388013K(447488K)->388013K(447488K)
[377.661s][info][gc,metaspace   ] GC(1168) Metaspace: 18823K(19008K)->18823K(19008K) NonClass: 16158K(16256K)->16158K(16256K) Class: 2665K(2752K)->2665K(2752K)
[377.661s][info][gc             ] GC(1168) Pause Young (Allocation Failure) 552M->428M(652M) 55.556ms
[377.661s][info][gc,cpu         ] GC(1168) User=0.11s Sys=0.00s Real=0.06s
[377.942s][info][gc,start       ] GC(1169) Pause Young (Allocation Failure)
[377.997s][info][gc,heap        ] GC(1169) PSYoungGen: 177280K(220672K)->50336K(221184K) Eden: 126976K(126976K)->0K(134144K) From: 50304K(93696K)->50336K(87040K)
[377.997s][info][gc,heap        ] GC(1169) ParOldGen: 388013K(447488K)->388013K(447488K)
[377.997s][info][gc,metaspace   ] GC(1169) Metaspace: 18823K(19008K)->18823K(19008K) NonClass: 16158K(16256K)->16158K(16256K) Class: 2665K(2752K)->2665K(2752K)
[377.997s][info][gc             ] GC(1169) Pause Young (Allocation Failure) 552M->428M(653M) 55.297ms
[377.997s][info][gc,cpu         ] GC(1169) User=0.11s Sys=0.00s Real=0.05s
[378.338s][info][gc,start       ] GC(1170) Pause Young (Allocation Failure)
[378.409s][info][gc,heap        ] GC(1170) PSYoungGen: 184480K(221184K)->54880K(223232K) Eden: 134144K(134144K)->0K(134144K) From: 50336K(87040K)->54880K(89088K)
[378.409s][info][gc,heap        ] GC(1170) ParOldGen: 388013K(447488K)->388013K(447488K)
[378.409s][info][gc,metaspace   ] GC(1170) Metaspace: 18823K(19008K)->18823K(19008K) NonClass: 16158K(16256K)->16158K(16256K) Class: 2665K(2752K)->2665K(2752K)
[378.409s][info][gc             ] GC(1170) Pause Young (Allocation Failure) 559M->432M(655M) 71.629ms
[378.409s][info][gc,cpu         ] GC(1170) User=0.14s Sys=0.00s Real=0.07s
[378.558s][info][gc,start       ] GC(1171) Pause Young (Allocation Failure)
[378.635s][info][gc,heap        ] GC(1171) PSYoungGen: 189024K(223232K)->83942K(220672K) Eden: 134144K(134144K)->0K(132096K) From: 54880K(89088K)->83942K(88576K)
[378.636s][info][gc,heap        ] GC(1171) ParOldGen: 388013K(447488K)->388013K(447488K)
[378.636s][info][gc,metaspace   ] GC(1171) Metaspace: 18823K(19008K)->18823K(19008K) NonClass: 16158K(16256K)->16158K(16256K) Class: 2665K(2752K)->2665K(2752K)
[378.636s][info][gc             ] GC(1171) Pause Young (Allocation Failure) 563M->460M(652M) 77.574ms
[378.636s][info][gc,cpu         ] GC(1171) User=0.15s Sys=0.00s Real=0.08s
[378.696s][info][gc,start       ] GC(1172) Pause Young (Allocation Failure)
[378.812s][info][gc,heap        ] GC(1172) PSYoungGen: 216038K(220672K)->98294K(230400K) Eden: 132096K(132096K)->0K(132096K) From: 83942K(88576K)->98294K(98304K)
[378.812s][info][gc,heap        ] GC(1172) ParOldGen: 388013K(447488K)->421645K(447488K)
[378.812s][info][gc,metaspace   ] GC(1172) Metaspace: 18823K(19008K)->18823K(19008K) NonClass: 16158K(16256K)->16158K(16256K) Class: 2665K(2752K)->2665K(2752K)
[378.812s][info][gc             ] GC(1172) Pause Young (Allocation Failure) 589M->507M(662M) 116.460ms
[378.812s][info][gc,cpu         ] GC(1172) User=0.23s Sys=0.00s Real=0.12s
[378.940s][info][gc,start       ] GC(1173) Pause Young (Allocation Failure)
[379.074s][info][gc,heap        ] GC(1173) PSYoungGen: 230390K(230400K)->103408K(215040K) Eden: 132096K(132096K)->0K(111616K) From: 98294K(98304K)->103408K(103424K)
[379.074s][info][gc,heap        ] GC(1173) ParOldGen: 421645K(447488K)->453876K(454144K)
[379.074s][info][gc,metaspace   ] GC(1173) Metaspace: 18824K(19008K)->18824K(19008K) NonClass: 16159K(16256K)->16159K(16256K) Class: 2665K(2752K)->2665K(2752K)
[379.074s][info][gc             ] GC(1173) Pause Young (Allocation Failure) 636M->544M(653M) 134.356ms
[379.074s][info][gc,cpu         ] GC(1173) User=0.24s Sys=0.02s Real=0.14s
[379.160s][info][gc,start       ] GC(1174) Pause Young (Allocation Failure)
[379.278s][info][gc,heap        ] GC(1174) PSYoungGen: 215024K(215040K)->91344K(222720K) Eden: 111616K(111616K)->0K(111616K) From: 103408K(103424K)->91344K(111104K)
[379.278s][info][gc,heap        ] GC(1174) ParOldGen: 453876K(454144K)->472362K(472576K)
[379.278s][info][gc,metaspace   ] GC(1174) Metaspace: 18824K(19008K)->18824K(19008K) NonClass: 16159K(16256K)->16159K(16256K) Class: 2665K(2752K)->2665K(2752K)
[379.278s][info][gc             ] GC(1174) Pause Young (Allocation Failure) 653M->550M(679M) 117.582ms
[379.278s][info][gc,cpu         ] GC(1174) User=0.21s Sys=0.01s Real=0.11s
[379.346s][info][gc,start       ] GC(1175) Pause Young (Allocation Failure)
[379.449s][info][gc,heap        ] GC(1175) PSYoungGen: 202960K(222720K)->65088K(222720K) Eden: 111616K(111616K)->0K(111616K) From: 91344K(111104K)->65088K(111104K)
[379.449s][info][gc,heap        ] GC(1175) ParOldGen: 472362K(472576K)->499735K(500224K)
[379.449s][info][gc,metaspace   ] GC(1175) Metaspace: 18824K(19008K)->18824K(19008K) NonClass: 16159K(16256K)->16159K(16256K) Class: 2665K(2752K)->2665K(2752K)
[379.449s][info][gc             ] GC(1175) Pause Young (Allocation Failure) 659M->551M(706M) 103.621ms
[379.449s][info][gc,cpu         ] GC(1175) User=0.18s Sys=0.02s Real=0.10s
[379.530s][info][gc,start       ] GC(1176) Pause Young (Allocation Failure)
[379.610s][info][gc,heap        ] GC(1176) PSYoungGen: 176562K(222720K)->75516K(222720K) Eden: 111474K(111616K)->0K(111616K) From: 65088K(111104K)->75516K(111104K)
[379.610s][info][gc,heap        ] GC(1176) ParOldGen: 499735K(500224K)->499911K(500224K)
[379.610s][info][gc,metaspace   ] GC(1176) Metaspace: 18824K(19008K)->18824K(19008K) NonClass: 16159K(16256K)->16159K(16256K) Class: 2665K(2752K)->2665K(2752K)
[379.610s][info][gc             ] GC(1176) Pause Young (Allocation Failure) 660M->561M(706M) 80.140ms
[379.610s][info][gc,cpu         ] GC(1176) User=0.16s Sys=0.00s Real=0.08s
[379.734s][info][gc,start       ] GC(1177) Pause Young (Allocation Failure)
[379.834s][info][gc,heap        ] GC(1177) PSYoungGen: 187132K(222720K)->86293K(222720K) Eden: 111616K(111616K)->0K(111616K) From: 75516K(111104K)->86293K(111104K)
[379.834s][info][gc,heap        ] GC(1177) ParOldGen: 499911K(500224K)->499927K(500224K)
[379.834s][info][gc,metaspace   ] GC(1177) Metaspace: 18824K(19008K)->18824K(19008K) NonClass: 16159K(16256K)->16159K(16256K) Class: 2665K(2752K)->2665K(2752K)
[379.834s][info][gc             ] GC(1177) Pause Young (Allocation Failure) 670M->572M(706M) 99.905ms
[379.834s][info][gc,cpu         ] GC(1177) User=0.20s Sys=0.00s Real=0.10s
[379.926s][info][gc,start       ] GC(1178) Pause Young (Allocation Failure)
[380.061s][info][gc,heap        ] GC(1178) PSYoungGen: 197909K(222720K)->79180K(222720K) Eden: 111616K(111616K)->0K(111616K) From: 86293K(111104K)->79180K(111104K)
[380.061s][info][gc,heap        ] GC(1178) ParOldGen: 499927K(500224K)->530549K(530944K)
[380.061s][info][gc,metaspace   ] GC(1178) Metaspace: 18825K(19008K)->18825K(19008K) NonClass: 16159K(16256K)->16159K(16256K) Class: 2665K(2752K)->2665K(2752K)
[380.061s][info][gc             ] GC(1178) Pause Young (Allocation Failure) 681M->595M(736M) 135.668ms
[380.061s][info][gc,cpu         ] GC(1178) User=0.25s Sys=0.02s Real=0.14s
[380.141s][info][gc,start       ] GC(1179) Pause Young (Allocation Failure)
[380.256s][info][gc,heap        ] GC(1179) PSYoungGen: 190796K(222720K)->73685K(222720K) Eden: 111616K(111616K)->0K(111616K) From: 79180K(111104K)->73685K(111104K)
[380.256s][info][gc,heap        ] GC(1179) ParOldGen: 530549K(530944K)->546409K(546816K)
[380.256s][info][gc,metaspace   ] GC(1179) Metaspace: 18825K(19008K)->18825K(19008K) NonClass: 16159K(16256K)->16159K(16256K) Class: 2665K(2752K)->2665K(2752K)
[380.256s][info][gc             ] GC(1179) Pause Young (Allocation Failure) 704M->605M(751M) 115.249ms
[380.256s][info][gc,cpu         ] GC(1179) User=0.21s Sys=0.01s Real=0.11s
[380.347s][info][gc,start       ] GC(1180) Pause Young (Allocation Failure)
[380.453s][info][gc,heap        ] GC(1180) PSYoungGen: 185301K(222720K)->77132K(222720K) Eden: 111616K(111616K)->0K(111616K) From: 73685K(111104K)->77132K(111104K)
[380.453s][info][gc,heap        ] GC(1180) ParOldGen: 546409K(546816K)->553873K(553984K)
[380.453s][info][gc,metaspace   ] GC(1180) Metaspace: 18826K(19008K)->18826K(19008K) NonClass: 16161K(16256K)->16161K(16256K) Class: 2665K(2752K)->2665K(2752K)
[380.453s][info][gc             ] GC(1180) Pause Young (Allocation Failure) 714M->616M(758M) 105.873ms
[380.453s][info][gc,cpu         ] GC(1180) User=0.21s Sys=0.01s Real=0.11s
[380.517s][info][gc,start       ] GC(1181) Pause Young (Allocation Failure)
[380.634s][info][gc,heap        ] GC(1181) PSYoungGen: 188748K(222720K)->52672K(222720K) Eden: 111616K(111616K)->0K(111616K) From: 77132K(111104K)->52672K(111104K)
[380.634s][info][gc,heap        ] GC(1181) ParOldGen: 553873K(553984K)->586716K(586752K)
[380.634s][info][gc,metaspace   ] GC(1181) Metaspace: 18826K(19008K)->18826K(19008K) NonClass: 16161K(16256K)->16161K(16256K) Class: 2665K(2752K)->2665K(2752K)
[380.634s][info][gc             ] GC(1181) Pause Young (Allocation Failure) 725M->624M(790M) 117.416ms
[380.634s][info][gc,cpu         ] GC(1181) User=0.19s Sys=0.03s Real=0.12s
[380.773s][info][gc,start       ] GC(1182) Pause Young (Allocation Failure)
[380.843s][info][gc,heap        ] GC(1182) PSYoungGen: 164288K(222720K)->19712K(222720K) Eden: 111616K(111616K)->0K(111616K) From: 52672K(111104K)->19712K(111104K)
[380.843s][info][gc,heap        ] GC(1182) ParOldGen: 586716K(586752K)->620268K(620544K)
[380.843s][info][gc,metaspace   ] GC(1182) Metaspace: 18826K(19008K)->18826K(19008K) NonClass: 16161K(16256K)->16161K(16256K) Class: 2665K(2752K)->2665K(2752K)
[380.843s][info][gc             ] GC(1182) Pause Young (Allocation Failure) 733M->624M(823M) 70.030ms
[380.843s][info][gc,cpu         ] GC(1182) User=0.11s Sys=0.03s Real=0.07s
[380.971s][info][gc,start       ] GC(1183) Pause Full (Allocation Failure)
[380.971s][info][gc,phases,start] GC(1183) Marking Phase
[381.252s][info][gc,phases      ] GC(1183) Marking Phase 280.600ms
[381.252s][info][gc,phases,start] GC(1183) Summary Phase
[381.252s][info][gc,phases      ] GC(1183) Summary Phase 0.028ms
[381.252s][info][gc,phases,start] GC(1183) Forward
[381.349s][info][gc,phases      ] GC(1183) Forward 97.065ms
[381.349s][info][gc,phases,start] GC(1183) Adjust Pointers
[381.567s][info][gc,phases      ] GC(1183) Adjust Pointers 217.932ms
[381.567s][info][gc,phases,start] GC(1183) Compaction Phase
[381.699s][info][gc,phases      ] GC(1183) Compaction Phase 132.449ms
[381.708s][info][gc,phases,start] GC(1183) Post Compact
[381.710s][info][gc,phases      ] GC(1183) Post Compact 2.272ms
[381.710s][info][gc,heap        ] GC(1183) PSYoungGen: 131328K(222720K)->0K(222720K) Eden: 111616K(111616K)->0K(111616K) From: 19712K(111104K)->0K(111104K)
[381.710s][info][gc,heap        ] GC(1183) ParOldGen: 620268K(620544K)->387168K(667648K)
[381.710s][info][gc,metaspace   ] GC(1183) Metaspace: 18833K(19072K)->18833K(19072K) NonClass: 16168K(16320K)->16168K(16320K) Class: 2665K(2752K)->2665K(2752K)
[381.710s][info][gc             ] GC(1183) Pause Full (Allocation Failure) 733M->378M(869M) 739.428ms
[381.710s][info][gc,cpu         ] GC(1183) User=1.40s Sys=0.00s Real=0.74s
[381.882s][info][gc,start       ] GC(1184) Pause Young (Allocation Failure)
[381.892s][info][gc,heap        ] GC(1184) PSYoungGen: 111616K(222720K)->7968K(222720K) Eden: 111616K(111616K)->0K(111616K) From: 0K(111104K)->7968K(111104K)
[381.892s][info][gc,heap        ] GC(1184) ParOldGen: 387168K(667648K)->387168K(667648K)
[381.892s][info][gc,metaspace   ] GC(1184) Metaspace: 18845K(19072K)->18845K(19072K) NonClass: 16179K(16320K)->16179K(16320K) Class: 2665K(2752K)->2665K(2752K)
[381.892s][info][gc             ] GC(1184) Pause Young (Allocation Failure) 487M->385M(869M) 9.789ms
[381.892s][info][gc,cpu         ] GC(1184) User=0.02s Sys=0.00s Real=0.01s
[382.041s][info][gc,start       ] GC(1185) Pause Young (Allocation Failure)
[382.072s][info][gc,heap        ] GC(1185) PSYoungGen: 119584K(222720K)->17760K(222720K) Eden: 111616K(111616K)->0K(111616K) From: 7968K(111104K)->17760K(111104K)
[382.072s][info][gc,heap        ] GC(1185) ParOldGen: 387168K(667648K)->395134K(667648K)
[382.072s][info][gc,metaspace   ] GC(1185) Metaspace: 18845K(19072K)->18845K(19072K) NonClass: 16179K(16320K)->16179K(16320K) Class: 2665K(2752K)->2665K(2752K)
[382.072s][info][gc             ] GC(1185) Pause Young (Allocation Failure) 494M->403M(869M) 31.490ms
[382.072s][info][gc,cpu         ] GC(1185) User=0.06s Sys=0.01s Real=0.03s
[382.235s][info][gc,start       ] GC(1186) Pause Young (Allocation Failure)
[382.268s][info][gc,heap        ] GC(1186) PSYoungGen: 129376K(222720K)->15856K(222720K) Eden: 111616K(111616K)->0K(111616K) From: 17760K(111104K)->15856K(111104K)
[382.268s][info][gc,heap        ] GC(1186) ParOldGen: 395134K(667648K)->412886K(667648K)
[382.268s][info][gc,metaspace   ] GC(1186) Metaspace: 18845K(19072K)->18845K(19072K) NonClass: 16179K(16320K)->16179K(16320K) Class: 2665K(2752K)->2665K(2752K)
[382.268s][info][gc             ] GC(1186) Pause Young (Allocation Failure) 512M->418M(869M) 33.331ms
[382.268s][info][gc,cpu         ] GC(1186) User=0.06s Sys=0.00s Real=0.03s
[382.435s][info][gc,start       ] GC(1187) Pause Young (Allocation Failure)
[382.460s][info][gc,heap        ] GC(1187) PSYoungGen: 127472K(222720K)->13104K(222720K) Eden: 111616K(111616K)->0K(111616K) From: 15856K(111104K)->13104K(111104K)
[382.460s][info][gc,heap        ] GC(1187) ParOldGen: 412886K(667648K)->428786K(667648K)
[382.460s][info][gc,metaspace   ] GC(1187) Metaspace: 18846K(19072K)->18846K(19072K) NonClass: 16181K(16320K)->16181K(16320K) Class: 2665K(2752K)->2665K(2752K)
[382.460s][info][gc             ] GC(1187) Pause Young (Allocation Failure) 527M->431M(869M) 25.015ms
[382.460s][info][gc,cpu         ] GC(1187) User=0.05s Sys=0.00s Real=0.02s
[382.518s][info][gc,start       ] GC(1188) Pause Young (Allocation Failure)
[382.557s][info][gc,heap        ] GC(1188) PSYoungGen: 124720K(222720K)->40160K(222720K) Eden: 111616K(111616K)->0K(111616K) From: 13104K(111104K)->40160K(111104K)
[382.557s][info][gc,heap        ] GC(1188) ParOldGen: 428786K(667648K)->441987K(667648K)
[382.557s][info][gc,metaspace   ] GC(1188) Metaspace: 18846K(19072K)->18846K(19072K) NonClass: 16181K(16320K)->16181K(16320K) Class: 2665K(2752K)->2665K(2752K)
[382.557s][info][gc             ] GC(1188) Pause Young (Allocation Failure) 540M->470M(869M) 38.528ms
[382.557s][info][gc,cpu         ] GC(1188) User=0.07s Sys=0.00s Real=0.04s
[382.740s][info][gc,start       ] GC(1189) Pause Young (Allocation Failure)
[382.782s][info][gc,heap        ] GC(1189) PSYoungGen: 151776K(222720K)->24448K(222720K) Eden: 111616K(111616K)->0K(111616K) From: 40160K(111104K)->24448K(111104K)
[382.782s][info][gc,heap        ] GC(1189) ParOldGen: 441987K(667648K)->482619K(667648K)
[382.782s][info][gc,metaspace   ] GC(1189) Metaspace: 18847K(19072K)->18847K(19072K) NonClass: 16182K(16320K)->16182K(16320K) Class: 2665K(2752K)->2665K(2752K)
[382.782s][info][gc             ] GC(1189) Pause Young (Allocation Failure) 579M->495M(869M) 42.152ms
[382.782s][info][gc,cpu         ] GC(1189) User=0.08s Sys=0.00s Real=0.05s
[382.911s][info][gc,start       ] GC(1190) Pause Young (Allocation Failure)
[382.942s][info][gc,heap        ] GC(1190) PSYoungGen: 136064K(222720K)->2592K(222720K) Eden: 111616K(111616K)->0K(111616K) From: 24448K(111104K)->2592K(111104K)
[382.942s][info][gc,heap        ] GC(1190) ParOldGen: 482619K(667648K)->507295K(667648K)
[382.942s][info][gc,metaspace   ] GC(1190) Metaspace: 18847K(19072K)->18847K(19072K) NonClass: 16182K(16320K)->16182K(16320K) Class: 2665K(2752K)->2665K(2752K)
[382.942s][info][gc             ] GC(1190) Pause Young (Allocation Failure) 604M->497M(869M) 30.751ms
[382.942s][info][gc,cpu         ] GC(1190) User=0.06s Sys=0.00s Real=0.03s
[383.097s][info][gc,start       ] GC(1191) Pause Young (Allocation Failure)
[383.147s][info][gc,heap        ] GC(1191) PSYoungGen: 114208K(222720K)->32031K(221696K) Eden: 111616K(111616K)->0K(111616K) From: 2592K(111104K)->32031K(110080K)
[383.147s][info][gc,heap        ] GC(1191) ParOldGen: 507295K(667648K)->509895K(667648K)
[383.147s][info][gc,metaspace   ] GC(1191) Metaspace: 18847K(19072K)->18847K(19072K) NonClass: 16182K(16320K)->16182K(16320K) Class: 2665K(2752K)->2665K(2752K)
[383.147s][info][gc             ] GC(1191) Pause Young (Allocation Failure) 606M->529M(868M) 49.657ms
[383.147s][info][gc,cpu         ] GC(1191) User=0.10s Sys=0.00s Real=0.05s
[383.279s][info][gc,start       ] GC(1192) Pause Young (Allocation Failure)
[383.340s][info][gc,heap        ] GC(1192) PSYoungGen: 143647K(221696K)->52520K(164352K) Eden: 111616K(111616K)->0K(111616K) From: 32031K(110080K)->52520K(52736K)
[383.340s][info][gc,heap        ] GC(1192) ParOldGen: 509895K(667648K)->509895K(667648K)
[383.340s][info][gc,metaspace   ] GC(1192) Metaspace: 18847K(19072K)->18847K(19072K) NonClass: 16182K(16320K)->16182K(16320K) Class: 2665K(2752K)->2665K(2752K)
[383.340s][info][gc             ] GC(1192) Pause Young (Allocation Failure) 638M->549M(812M) 60.535ms
[383.340s][info][gc,cpu         ] GC(1192) User=0.12s Sys=0.00s Real=0.06s
[383.445s][info][gc,start       ] GC(1193) Pause Young (Allocation Failure)
[383.510s][info][gc,heap        ] GC(1193) PSYoungGen: 164136K(164352K)->56456K(222720K) Eden: 111616K(111616K)->0K(114176K) From: 52520K(52736K)->56456K(108544K)
[383.510s][info][gc,heap        ] GC(1193) ParOldGen: 509895K(667648K)->509895K(667648K)
[383.510s][info][gc,metaspace   ] GC(1193) Metaspace: 18847K(19072K)->18847K(19072K) NonClass: 16182K(16320K)->16182K(16320K) Class: 2665K(2752K)->2665K(2752K)
[383.510s][info][gc             ] GC(1193) Pause Young (Allocation Failure) 658M->553M(869M) 64.356ms
[383.510s][info][gc,cpu         ] GC(1193) User=0.13s Sys=0.00s Real=0.06s
[383.631s][info][gc,start       ] GC(1194) Pause Young (Allocation Failure)
[383.697s][info][gc,heap        ] GC(1194) PSYoungGen: 170632K(222720K)->57032K(221696K) Eden: 114176K(114176K)->0K(114176K) From: 56456K(108544K)->57032K(107520K)
[383.697s][info][gc,heap        ] GC(1194) ParOldGen: 509895K(667648K)->509895K(667648K)
[383.697s][info][gc,metaspace   ] GC(1194) Metaspace: 18847K(19072K)->18847K(19072K) NonClass: 16182K(16320K)->16182K(16320K) Class: 2665K(2752K)->2665K(2752K)
[383.697s][info][gc             ] GC(1194) Pause Young (Allocation Failure) 664M->553M(868M) 65.394ms
[383.697s][info][gc,cpu         ] GC(1194) User=0.13s Sys=0.00s Real=0.06s
[383.828s][info][gc,start       ] GC(1195) Pause Young (Allocation Failure)
[383.897s][info][gc,heap        ] GC(1195) PSYoungGen: 171208K(221696K)->61055K(224256K) Eden: 114176K(114176K)->0K(117760K) From: 57032K(107520K)->61055K(106496K)
[383.898s][info][gc,heap        ] GC(1195) ParOldGen: 509895K(667648K)->509895K(667648K)
[383.898s][info][gc,metaspace   ] GC(1195) Metaspace: 18847K(19072K)->18847K(19072K) NonClass: 16182K(16320K)->16182K(16320K) Class: 2665K(2752K)->2665K(2752K)
[383.898s][info][gc             ] GC(1195) Pause Young (Allocation Failure) 665M->557M(871M) 69.479ms
[383.898s][info][gc,cpu         ] GC(1195) User=0.14s Sys=0.00s Real=0.07s
[384.048s][info][gc,start       ] GC(1196) Pause Young (Allocation Failure)
[384.125s][info][gc,heap        ] GC(1196) PSYoungGen: 178815K(224256K)->70175K(224256K) Eden: 117760K(117760K)->0K(117760K) From: 61055K(106496K)->70175K(106496K)
[384.126s][info][gc,heap        ] GC(1196) ParOldGen: 509895K(667648K)->509895K(667648K)
[384.126s][info][gc,metaspace   ] GC(1196) Metaspace: 18847K(19072K)->18847K(19072K) NonClass: 16182K(16320K)->16182K(16320K) Class: 2665K(2752K)->2665K(2752K)
[384.126s][info][gc             ] GC(1196) Pause Young (Allocation Failure) 672M->566M(871M) 77.923ms
[384.126s][info][gc,cpu         ] GC(1196) User=0.15s Sys=0.00s Real=0.08s
[384.310s][info][gc,start       ] GC(1197) Pause Young (Allocation Failure)
[384.407s][info][gc,heap        ] GC(1197) PSYoungGen: 187935K(224256K)->87167K(221184K) Eden: 117760K(117760K)->0K(111616K) From: 70175K(106496K)->87167K(109568K)
[384.407s][info][gc,heap        ] GC(1197) ParOldGen: 509895K(667648K)->509895K(667648K)
[384.407s][info][gc,metaspace   ] GC(1197) Metaspace: 18847K(19072K)->18847K(19072K) NonClass: 16182K(16320K)->16182K(16320K) Class: 2665K(2752K)->2665K(2752K)
[384.407s][info][gc             ] GC(1197) Pause Young (Allocation Failure) 681M->583M(868M) 96.496ms
[384.407s][info][gc,cpu         ] GC(1197) User=0.19s Sys=0.00s Real=0.09s
[384.698s][info][gc,start       ] GC(1198) Pause Young (Allocation Failure)
[384.807s][info][gc,heap        ] GC(1198) PSYoungGen: 198783K(221184K)->40064K(222720K) Eden: 111616K(111616K)->0K(111616K) From: 87167K(109568K)->40064K(111104K)
[384.807s][info][gc,heap        ] GC(1198) ParOldGen: 509895K(667648K)->562509K(667648K)
[384.807s][info][gc,metaspace   ] GC(1198) Metaspace: 18847K(19072K)->18847K(19072K) NonClass: 16182K(16320K)->16182K(16320K) Class: 2665K(2752K)->2665K(2752K)
[384.807s][info][gc             ] GC(1198) Pause Young (Allocation Failure) 692M->588M(869M) 109.306ms
[384.807s][info][gc,cpu         ] GC(1198) User=0.21s Sys=0.00s Real=0.11s
[384.939s][info][gc,start       ] GC(1199) Pause Young (Allocation Failure)
[385.008s][info][gc,heap        ] GC(1199) PSYoungGen: 151680K(222720K)->72802K(222720K) Eden: 111616K(111616K)->0K(111616K) From: 40064K(111104K)->72802K(111104K)
[385.008s][info][gc,heap        ] GC(1199) ParOldGen: 562509K(667648K)->567037K(667648K)
[385.008s][info][gc,metaspace   ] GC(1199) Metaspace: 18847K(19072K)->18847K(19072K) NonClass: 16182K(16320K)->16182K(16320K) Class: 2665K(2752K)->2665K(2752K)
[385.008s][info][gc             ] GC(1199) Pause Young (Allocation Failure) 697M->624M(869M) 69.809ms
[385.008s][info][gc,cpu         ] GC(1199) User=0.14s Sys=0.00s Real=0.07s
[385.113s][info][gc,start       ] GC(1200) Pause Young (Allocation Failure)
[385.197s][info][gc,heap        ] GC(1200) PSYoungGen: 184418K(222720K)->95202K(222720K) Eden: 111616K(111616K)->0K(111616K) From: 72802K(111104K)->95202K(111104K)
[385.197s][info][gc,heap        ] GC(1200) ParOldGen: 567037K(667648K)->580205K(667648K)
[385.197s][info][gc,metaspace   ] GC(1200) Metaspace: 18847K(19072K)->18847K(19072K) NonClass: 16182K(16320K)->16182K(16320K) Class: 2665K(2752K)->2665K(2752K)
[385.197s][info][gc             ] GC(1200) Pause Young (Allocation Failure) 733M->659M(869M) 83.691ms
[385.197s][info][gc,cpu         ] GC(1200) User=0.17s Sys=0.00s Real=0.08s
[385.360s][info][gc,start       ] GC(1201) Pause Young (Allocation Failure)
[385.429s][info][gc,heap        ] GC(1201) PSYoungGen: 206818K(222720K)->75506K(222720K) Eden: 111616K(111616K)->0K(111616K) From: 95202K(111104K)->75506K(111104K)
[385.429s][info][gc,heap        ] GC(1201) ParOldGen: 580205K(667648K)->602622K(667648K)
[385.429s][info][gc,metaspace   ] GC(1201) Metaspace: 18847K(19072K)->18847K(19072K) NonClass: 16182K(16320K)->16182K(16320K) Class: 2665K(2752K)->2665K(2752K)
[385.429s][info][gc             ] GC(1201) Pause Young (Allocation Failure) 768M->662M(869M) 69.601ms
[385.429s][info][gc,cpu         ] GC(1201) User=0.14s Sys=0.00s Real=0.07s
[385.620s][info][gc,start       ] GC(1202) Pause Young (Allocation Failure)
[385.734s][info][gc,promotion   ] GC(1202) Promotion failed
[385.734s][info][gc,heap        ] GC(1202) PSYoungGen: 187122K(222720K)->187122K(222720K) Eden: 111616K(111616K)->111616K(111616K) From: 75506K(111104K)->75506K(111104K)
[385.734s][info][gc,heap        ] GC(1202) ParOldGen: 602622K(667648K)->667642K(667648K)
[385.734s][info][gc,metaspace   ] GC(1202) Metaspace: 18847K(19072K)->18847K(19072K) NonClass: 16182K(16320K)->16182K(16320K) Class: 2665K(2752K)->2665K(2752K)
[385.734s][info][gc             ] GC(1202) Pause Young (Allocation Failure) 771M->834M(869M) 113.957ms
[385.734s][info][gc,cpu         ] GC(1202) User=0.19s Sys=0.04s Real=0.12s
[385.734s][info][gc,start       ] GC(1203) Pause Full (Allocation Failure)
[385.734s][info][gc,phases,start] GC(1203) Marking Phase
[386.084s][info][gc,phases      ] GC(1203) Marking Phase 350.140ms
[386.084s][info][gc,phases,start] GC(1203) Summary Phase
[386.084s][info][gc,phases      ] GC(1203) Summary Phase 0.030ms
[386.084s][info][gc,phases,start] GC(1203) Forward
[386.224s][info][gc,phases      ] GC(1203) Forward 139.417ms
[386.224s][info][gc,phases,start] GC(1203) Adjust Pointers
[386.498s][info][gc,phases      ] GC(1203) Adjust Pointers 274.131ms
[386.498s][info][gc,phases,start] GC(1203) Compaction Phase
[386.667s][info][gc,phases      ] GC(1203) Compaction Phase 168.682ms
[386.680s][info][gc,phases,start] GC(1203) Post Compact
[386.683s][info][gc,phases      ] GC(1203) Post Compact 2.621ms
[386.683s][info][gc,heap        ] GC(1203) PSYoungGen: 187122K(222720K)->0K(222720K) Eden: 111616K(111616K)->0K(111616K) From: 75506K(111104K)->0K(111104K)
[386.683s][info][gc,heap        ] GC(1203) ParOldGen: 667642K(667648K)->489723K(667648K)
[386.683s][info][gc,metaspace   ] GC(1203) Metaspace: 18847K(19072K)->18847K(19072K) NonClass: 16182K(16320K)->16182K(16320K) Class: 2665K(2752K)->2665K(2752K)
[386.683s][info][gc             ] GC(1203) Pause Full (Allocation Failure) 834M->478M(869M) 948.744ms
[386.683s][info][gc,cpu         ] GC(1203) User=1.77s Sys=0.00s Real=0.95s
[386.826s][info][gc,start       ] GC(1204) Pause Young (Allocation Failure)
[386.846s][info][gc,heap        ] GC(1204) PSYoungGen: 111616K(222720K)->16064K(222720K) Eden: 111616K(111616K)->0K(111616K) From: 0K(111104K)->16064K(111104K)
[386.846s][info][gc,heap        ] GC(1204) ParOldGen: 489723K(667648K)->489723K(667648K)
[386.846s][info][gc,metaspace   ] GC(1204) Metaspace: 18847K(19072K)->18847K(19072K) NonClass: 16182K(16320K)->16182K(16320K) Class: 2665K(2752K)->2665K(2752K)
[386.846s][info][gc             ] GC(1204) Pause Young (Allocation Failure) 587M->493M(869M) 20.021ms
[386.846s][info][gc,cpu         ] GC(1204) User=0.04s Sys=0.00s Real=0.02s
[386.969s][info][gc,start       ] GC(1205) Pause Young (Allocation Failure)
[387.001s][info][gc,heap        ] GC(1205) PSYoungGen: 127680K(222720K)->14080K(222720K) Eden: 111616K(111616K)->0K(111616K) From: 16064K(111104K)->14080K(111104K)
[387.001s][info][gc,heap        ] GC(1205) ParOldGen: 489723K(667648K)->505803K(667648K)
[387.001s][info][gc,metaspace   ] GC(1205) Metaspace: 18847K(19072K)->18847K(19072K) NonClass: 16182K(16320K)->16182K(16320K) Class: 2665K(2752K)->2665K(2752K)
[387.001s][info][gc             ] GC(1205) Pause Young (Allocation Failure) 602M->507M(869M) 31.950ms
[387.001s][info][gc,cpu         ] GC(1205) User=0.06s Sys=0.00s Real=0.04s
[387.103s][info][gc,start       ] GC(1206) Pause Young (Allocation Failure)
[387.121s][info][gc,heap        ] GC(1206) PSYoungGen: 125696K(222720K)->672K(222720K) Eden: 111616K(111616K)->0K(111616K) From: 14080K(111104K)->672K(111104K)
[387.121s][info][gc,heap        ] GC(1206) ParOldGen: 505803K(667648K)->519915K(667648K)
[387.121s][info][gc,metaspace   ] GC(1206) Metaspace: 18847K(19072K)->18847K(19072K) NonClass: 16182K(16320K)->16182K(16320K) Class: 2665K(2752K)->2665K(2752K)
[387.121s][info][gc             ] GC(1206) Pause Young (Allocation Failure) 616M->508M(869M) 17.613ms
[387.121s][info][gc,cpu         ] GC(1206) User=0.04s Sys=0.00s Real=0.02s
[387.243s][info][gc,start       ] GC(1207) Pause Young (Allocation Failure)
[387.252s][info][gc,heap        ] GC(1207) PSYoungGen: 112288K(222720K)->1888K(222720K) Eden: 111616K(111616K)->0K(111616K) From: 672K(111104K)->1888K(111104K)
[387.252s][info][gc,heap        ] GC(1207) ParOldGen: 519915K(667648K)->520563K(667648K)
[387.252s][info][gc,metaspace   ] GC(1207) Metaspace: 18847K(19072K)->18847K(19072K) NonClass: 16182K(16320K)->16182K(16320K) Class: 2665K(2752K)->2665K(2752K)
[387.252s][info][gc             ] GC(1207) Pause Young (Allocation Failure) 617M->510M(869M) 8.420ms
[387.252s][info][gc,cpu         ] GC(1207) User=0.01s Sys=0.00s Real=0.01s
[387.390s][info][gc,start       ] GC(1208) Pause Young (Allocation Failure)
[387.397s][info][gc,heap        ] GC(1208) PSYoungGen: 113504K(222720K)->2176K(222720K) Eden: 111616K(111616K)->0K(111616K) From: 1888K(111104K)->2176K(111104K)
[387.397s][info][gc,heap        ] GC(1208) ParOldGen: 520563K(667648K)->522435K(667648K)
[387.397s][info][gc,metaspace   ] GC(1208) Metaspace: 18847K(19072K)->18847K(19072K) NonClass: 16182K(16320K)->16182K(16320K) Class: 2665K(2752K)->2665K(2752K)
[387.397s][info][gc             ] GC(1208) Pause Young (Allocation Failure) 619M->512M(869M) 6.702ms
[387.397s][info][gc,cpu         ] GC(1208) User=0.01s Sys=0.00s Real=0.00s
[387.600s][info][gc,start       ] GC(1209) Pause Young (Allocation Failure)
[387.615s][info][gc,heap        ] GC(1209) PSYoungGen: 113792K(222720K)->11856K(222720K) Eden: 111616K(111616K)->0K(111616K) From: 2176K(111104K)->11856K(111104K)
[387.615s][info][gc,heap        ] GC(1209) ParOldGen: 522435K(667648K)->524603K(667648K)
[387.615s][info][gc,metaspace   ] GC(1209) Metaspace: 18847K(19072K)->18847K(19072K) NonClass: 16182K(16320K)->16182K(16320K) Class: 2665K(2752K)->2665K(2752K)
[387.615s][info][gc             ] GC(1209) Pause Young (Allocation Failure) 621M->523M(869M) 15.389ms
[387.615s][info][gc,cpu         ] GC(1209) User=0.03s Sys=0.00s Real=0.02s
[387.780s][info][gc,start       ] GC(1210) Pause Young (Allocation Failure)
[387.809s][info][gc,heap        ] GC(1210) PSYoungGen: 123472K(222720K)->14880K(222720K) Eden: 111616K(111616K)->0K(111616K) From: 11856K(111104K)->14880K(111104K)
[387.809s][info][gc,heap        ] GC(1210) ParOldGen: 524603K(667648K)->536460K(667648K)
[387.809s][info][gc,metaspace   ] GC(1210) Metaspace: 18847K(19072K)->18847K(19072K) NonClass: 16182K(16320K)->16182K(16320K) Class: 2665K(2752K)->2665K(2752K)
[387.809s][info][gc             ] GC(1210) Pause Young (Allocation Failure) 632M->538M(869M) 28.823ms
[387.809s][info][gc,cpu         ] GC(1210) User=0.06s Sys=0.00s Real=0.02s
[388.141s][info][gc,start       ] GC(1211) Pause Young (Allocation Failure)
[388.158s][info][gc,heap        ] GC(1211) PSYoungGen: 126496K(222720K)->256K(222720K) Eden: 111616K(111616K)->0K(111616K) From: 14880K(111104K)->256K(111104K)
[388.158s][info][gc,heap        ] GC(1211) ParOldGen: 536460K(667648K)->551324K(667648K)
[388.158s][info][gc,metaspace   ] GC(1211) Metaspace: 18847K(19072K)->18847K(19072K) NonClass: 16182K(16320K)->16182K(16320K) Class: 2665K(2752K)->2665K(2752K)
[388.158s][info][gc             ] GC(1211) Pause Young (Allocation Failure) 647M->538M(869M) 17.005ms
[388.158s][info][gc,cpu         ] GC(1211) User=0.03s Sys=0.00s Real=0.01s
[388.398s][info][gc,start       ] GC(1212) Pause Young (Allocation Failure)
[388.400s][info][gc,heap        ] GC(1212) PSYoungGen: 111872K(222720K)->64K(218624K) Eden: 111616K(111616K)->0K(111616K) From: 256K(111104K)->64K(107008K)
[388.400s][info][gc,heap        ] GC(1212) ParOldGen: 551324K(667648K)->551356K(667648K)
[388.400s][info][gc,metaspace   ] GC(1212) Metaspace: 18847K(19072K)->18847K(19072K) NonClass: 16182K(16320K)->16182K(16320K) Class: 2665K(2752K)->2665K(2752K)
[388.401s][info][gc             ] GC(1212) Pause Young (Allocation Failure) 647M->538M(865M) 2.201ms
[388.401s][info][gc,cpu         ] GC(1212) User=0.00s Sys=0.00s Real=0.01s
[388.676s][info][gc,start       ] GC(1213) Pause Young (Allocation Failure)
[388.687s][info][gc,heap        ] GC(1213) PSYoungGen: 111680K(218624K)->64K(220672K) Eden: 111616K(111616K)->0K(111616K) From: 64K(107008K)->64K(109056K)
[388.687s][info][gc,heap        ] GC(1213) ParOldGen: 551356K(667648K)->551356K(667648K)
[388.687s][info][gc,metaspace   ] GC(1213) Metaspace: 18847K(19072K)->18847K(19072K) NonClass: 16182K(16320K)->16182K(16320K) Class: 2665K(2752K)->2665K(2752K)
[388.687s][info][gc             ] GC(1213) Pause Young (Allocation Failure) 647M->538M(867M) 11.078ms
[388.687s][info][gc,cpu         ] GC(1213) User=0.02s Sys=0.00s Real=0.01s
[388.893s][info][gc,start       ] GC(1214) Pause Young (Allocation Failure)
[388.901s][info][gc,heap        ] GC(1214) PSYoungGen: 111680K(220672K)->7008K(209408K) Eden: 111616K(111616K)->0K(115200K) From: 64K(109056K)->7008K(94208K)
[388.901s][info][gc,heap        ] GC(1214) ParOldGen: 551356K(667648K)->551356K(667648K)
[388.901s][info][gc,metaspace   ] GC(1214) Metaspace: 18847K(19072K)->18847K(19072K) NonClass: 16182K(16320K)->16182K(16320K) Class: 2665K(2752K)->2665K(2752K)
[388.901s][info][gc             ] GC(1214) Pause Young (Allocation Failure) 647M->545M(856M) 7.541ms
[388.901s][info][gc,cpu         ] GC(1214) User=0.01s Sys=0.01s Real=0.01s
[388.999s][info][gc,start       ] GC(1215) Pause Young (Allocation Failure)
[389.032s][info][gc,heap        ] GC(1215) PSYoungGen: 122208K(209408K)->45808K(215040K) Eden: 115200K(115200K)->0K(115200K) From: 7008K(94208K)->45808K(99840K)
[389.032s][info][gc,heap        ] GC(1215) ParOldGen: 551356K(667648K)->551356K(667648K)
[389.032s][info][gc,metaspace   ] GC(1215) Metaspace: 18847K(19072K)->18847K(19072K) NonClass: 16182K(16320K)->16182K(16320K) Class: 2665K(2752K)->2665K(2752K)
[389.032s][info][gc             ] GC(1215) Pause Young (Allocation Failure) 657M->583M(862M) 32.451ms
[389.032s][info][gc,cpu         ] GC(1215) User=0.06s Sys=0.00s Real=0.04s
[389.202s][info][gc,start       ] GC(1216) Pause Young (Allocation Failure)
[389.248s][info][gc,heap        ] GC(1216) PSYoungGen: 161008K(215040K)->73792K(211456K) Eden: 115200K(115200K)->0K(110592K) From: 45808K(99840K)->73792K(100864K)
[389.248s][info][gc,heap        ] GC(1216) ParOldGen: 551356K(667648K)->551356K(667648K)
[389.248s][info][gc,metaspace   ] GC(1216) Metaspace: 18847K(19072K)->18847K(19072K) NonClass: 16182K(16320K)->16182K(16320K) Class: 2665K(2752K)->2665K(2752K)
[389.248s][info][gc             ] GC(1216) Pause Young (Allocation Failure) 695M->610M(858M) 46.577ms
[389.248s][info][gc,cpu         ] GC(1216) User=0.09s Sys=0.00s Real=0.04s
[389.357s][info][gc,start       ] GC(1217) Pause Young (Allocation Failure)
[389.403s][info][gc,heap        ] GC(1217) PSYoungGen: 184384K(211456K)->76512K(221696K) Eden: 110592K(110592K)->0K(110592K) From: 73792K(100864K)->76512K(111104K)
[389.403s][info][gc,heap        ] GC(1217) ParOldGen: 551356K(667648K)->551396K(667648K)
[389.403s][info][gc,metaspace   ] GC(1217) Metaspace: 18847K(19072K)->18847K(19072K) NonClass: 16182K(16320K)->16182K(16320K) Class: 2665K(2752K)->2665K(2752K)
[389.403s][info][gc             ] GC(1217) Pause Young (Allocation Failure) 718M->613M(868M) 46.321ms
[389.403s][info][gc,cpu         ] GC(1217) User=0.09s Sys=0.00s Real=0.05s
[389.563s][info][gc,start       ] GC(1218) Pause Young (Allocation Failure)
[389.657s][info][gc,heap        ] GC(1218) PSYoungGen: 187104K(221696K)->61584K(222720K) Eden: 110592K(110592K)->0K(111616K) From: 76512K(111104K)->61584K(111104K)
[389.657s][info][gc,heap        ] GC(1218) ParOldGen: 551396K(667648K)->597708K(667648K)
[389.657s][info][gc,metaspace   ] GC(1218) Metaspace: 18847K(19072K)->18847K(19072K) NonClass: 16182K(16320K)->16182K(16320K) Class: 2665K(2752K)->2665K(2752K)
[389.657s][info][gc             ] GC(1218) Pause Young (Allocation Failure) 721M->643M(869M) 94.352ms
[389.657s][info][gc,cpu         ] GC(1218) User=0.19s Sys=0.00s Real=0.09s
[389.786s][info][gc,start       ] GC(1219) Pause Young (Allocation Failure)
[389.873s][info][gc,heap        ] GC(1219) PSYoungGen: 173200K(222720K)->52768K(222720K) Eden: 111616K(111616K)->0K(111616K) From: 61584K(111104K)->52768K(111104K)
[389.873s][info][gc,heap        ] GC(1219) ParOldGen: 597708K(667648K)->628757K(667648K)
[389.873s][info][gc,metaspace   ] GC(1219) Metaspace: 18847K(19072K)->18847K(19072K) NonClass: 16182K(16320K)->16182K(16320K) Class: 2665K(2752K)->2665K(2752K)
[389.873s][info][gc             ] GC(1219) Pause Young (Allocation Failure) 752M->665M(869M) 87.008ms
[389.873s][info][gc,cpu         ] GC(1219) User=0.17s Sys=0.00s Real=0.09s
[389.989s][info][gc,start       ] GC(1220) Pause Full (Allocation Failure)
[389.989s][info][gc,phases,start] GC(1220) Marking Phase
[390.460s][info][gc,phases      ] GC(1220) Marking Phase 471.067ms
[390.460s][info][gc,phases,start] GC(1220) Summary Phase
[390.460s][info][gc,phases      ] GC(1220) Summary Phase 0.026ms
[390.460s][info][gc,phases,start] GC(1220) Forward
[390.563s][info][gc,phases      ] GC(1220) Forward 103.091ms
[390.563s][info][gc,phases,start] GC(1220) Adjust Pointers
[390.917s][info][gc,phases      ] GC(1220) Adjust Pointers 353.984ms
[390.917s][info][gc,phases,start] GC(1220) Compaction Phase
[391.122s][info][gc,phases      ] GC(1220) Compaction Phase 204.573ms
[391.132s][info][gc,phases,start] GC(1220) Post Compact
[391.134s][info][gc,phases      ] GC(1220) Post Compact 2.332ms
[391.134s][info][gc,heap        ] GC(1220) PSYoungGen: 164384K(222720K)->0K(222720K) Eden: 111616K(111616K)->0K(111616K) From: 52768K(111104K)->0K(111104K)
[391.134s][info][gc,heap        ] GC(1220) ParOldGen: 628757K(667648K)->664204K(667648K)
[391.134s][info][gc,metaspace   ] GC(1220) Metaspace: 18847K(19072K)->18847K(19072K) NonClass: 16182K(16320K)->16182K(16320K) Class: 2665K(2752K)->2665K(2752K)
[391.134s][info][gc             ] GC(1220) Pause Full (Allocation Failure) 774M->648M(869M) 1145.540ms
[391.134s][info][gc,cpu         ] GC(1220) User=2.25s Sys=0.00s Real=1.15s
[391.247s][info][gc,start       ] GC(1221) Pause Full (Allocation Failure)
[391.247s][info][gc,phases,start] GC(1221) Marking Phase
[391.722s][info][gc,phases      ] GC(1221) Marking Phase 474.329ms
[391.722s][info][gc,phases,start] GC(1221) Summary Phase
[391.722s][info][gc,phases      ] GC(1221) Summary Phase 0.025ms
[391.722s][info][gc,phases,start] GC(1221) Forward
[391.722s][info][gc,phases      ] GC(1221) Forward 0.616ms
[391.722s][info][gc,phases,start] GC(1221) Adjust Pointers
[392.036s][info][gc,phases      ] GC(1221) Adjust Pointers 313.617ms
[392.036s][info][gc,phases,start] GC(1221) Compaction Phase
[392.176s][info][gc,phases      ] GC(1221) Compaction Phase 139.492ms
[392.176s][info][gc,phases,start] GC(1221) Post Compact
[392.178s][info][gc,phases      ] GC(1221) Post Compact 2.252ms
[392.178s][info][gc,heap        ] GC(1221) PSYoungGen: 111616K(222720K)->0K(222720K) Eden: 111616K(111616K)->0K(111616K) From: 0K(111104K)->0K(111104K)
[392.178s][info][gc,heap        ] GC(1221) ParOldGen: 664204K(667648K)->664812K(667648K)
[392.178s][info][gc,metaspace   ] GC(1221) Metaspace: 18847K(19072K)->18847K(19072K) NonClass: 16182K(16320K)->16182K(16320K) Class: 2665K(2752K)->2665K(2752K)
[392.178s][info][gc             ] GC(1221) Pause Full (Allocation Failure) 757M->649M(869M) 930.747ms
[392.178s][info][gc,cpu         ] GC(1221) User=1.82s Sys=0.01s Real=0.93s
[392.309s][info][gc,start       ] GC(1222) Pause Full (Allocation Failure)
[392.309s][info][gc,phases,start] GC(1222) Marking Phase
[392.781s][info][gc,phases      ] GC(1222) Marking Phase 472.307ms
[392.781s][info][gc,phases,start] GC(1222) Summary Phase
[392.781s][info][gc,phases      ] GC(1222) Summary Phase 0.024ms
[392.781s][info][gc,phases,start] GC(1222) Forward
[392.784s][info][gc,phases      ] GC(1222) Forward 3.137ms
[392.784s][info][gc,phases,start] GC(1222) Adjust Pointers
[393.100s][info][gc,phases      ] GC(1222) Adjust Pointers 315.027ms
[393.100s][info][gc,phases,start] GC(1222) Compaction Phase
[393.241s][info][gc,phases      ] GC(1222) Compaction Phase 141.496ms
[393.241s][info][gc,phases,start] GC(1222) Post Compact
[393.243s][info][gc,phases      ] GC(1222) Post Compact 2.175ms
[393.243s][info][gc,heap        ] GC(1222) PSYoungGen: 111616K(222720K)->1230K(222720K) Eden: 111616K(111616K)->1230K(111616K) From: 0K(111104K)->0K(111104K)
[393.243s][info][gc,heap        ] GC(1222) ParOldGen: 664812K(667648K)->667598K(667648K)
[393.243s][info][gc,metaspace   ] GC(1222) Metaspace: 18847K(19072K)->18847K(19072K) NonClass: 16182K(16320K)->16182K(16320K) Class: 2665K(2752K)->2665K(2752K)
[393.243s][info][gc             ] GC(1222) Pause Full (Allocation Failure) 758M->653M(869M) 934.593ms
[393.243s][info][gc,cpu         ] GC(1222) User=1.83s Sys=0.00s Real=0.94s
[393.388s][info][gc,start       ] GC(1223) Pause Full (Allocation Failure)
[393.388s][info][gc,phases,start] GC(1223) Marking Phase
[393.872s][info][gc,phases      ] GC(1223) Marking Phase 483.559ms
[393.872s][info][gc,phases,start] GC(1223) Summary Phase
[393.872s][info][gc,phases      ] GC(1223) Summary Phase 0.039ms
[393.872s][info][gc,phases,start] GC(1223) Forward
[393.875s][info][gc,phases      ] GC(1223) Forward 3.629ms
[393.875s][info][gc,phases,start] GC(1223) Adjust Pointers
[394.194s][info][gc,phases      ] GC(1223) Adjust Pointers 318.774ms
[394.194s][info][gc,phases,start] GC(1223) Compaction Phase
[394.336s][info][gc,phases      ] GC(1223) Compaction Phase 141.328ms
[394.336s][info][gc,phases,start] GC(1223) Post Compact
[394.338s][info][gc,phases      ] GC(1223) Post Compact 2.242ms
[394.338s][info][gc,heap        ] GC(1223) PSYoungGen: 111616K(222720K)->6279K(222720K) Eden: 111616K(111616K)->6279K(111616K) From: 0K(111104K)->0K(111104K)
[394.338s][info][gc,heap        ] GC(1223) ParOldGen: 667598K(667648K)->667598K(667648K)
[394.338s][info][gc,metaspace   ] GC(1223) Metaspace: 18847K(19072K)->18847K(19072K) NonClass: 16182K(16320K)->16182K(16320K) Class: 2665K(2752K)->2665K(2752K)
[394.338s][info][gc             ] GC(1223) Pause Full (Allocation Failure) 760M->658M(869M) 949.987ms
[394.338s][info][gc,cpu         ] GC(1223) User=1.86s Sys=0.00s Real=0.95s
[394.511s][info][gc,start       ] GC(1224) Pause Full (Allocation Failure)
[394.511s][info][gc,phases,start] GC(1224) Marking Phase
[395.002s][info][gc,phases      ] GC(1224) Marking Phase 491.595ms
[395.002s][info][gc,phases,start] GC(1224) Summary Phase
[395.002s][info][gc,phases      ] GC(1224) Summary Phase 0.025ms
[395.002s][info][gc,phases,start] GC(1224) Forward
[395.010s][info][gc,phases      ] GC(1224) Forward 7.154ms
[395.010s][info][gc,phases,start] GC(1224) Adjust Pointers
[395.335s][info][gc,phases      ] GC(1224) Adjust Pointers 325.751ms
[395.336s][info][gc,phases,start] GC(1224) Compaction Phase
[395.477s][info][gc,phases      ] GC(1224) Compaction Phase 141.096ms
[395.477s][info][gc,phases,start] GC(1224) Post Compact
[395.479s][info][gc,phases      ] GC(1224) Post Compact 2.220ms
[395.479s][info][gc,heap        ] GC(1224) PSYoungGen: 111616K(222720K)->18189K(222720K) Eden: 111616K(111616K)->18189K(111616K) From: 0K(111104K)->0K(111104K)
[395.479s][info][gc,heap        ] GC(1224) ParOldGen: 667598K(667648K)->667598K(667648K)
[395.479s][info][gc,metaspace   ] GC(1224) Metaspace: 18847K(19072K)->18847K(19072K) NonClass: 16182K(16320K)->16182K(16320K) Class: 2665K(2752K)->2665K(2752K)
[395.479s][info][gc             ] GC(1224) Pause Full (Allocation Failure) 760M->669M(869M) 968.268ms
[395.479s][info][gc,cpu         ] GC(1224) User=1.90s Sys=0.00s Real=0.96s
[395.642s][info][gc,start       ] GC(1225) Pause Full (Allocation Failure)
[395.642s][info][gc,phases,start] GC(1225) Marking Phase
[396.028s][info][gc,phases      ] GC(1225) Marking Phase 386.746ms
[396.029s][info][gc,phases,start] GC(1225) Summary Phase
[396.029s][info][gc,phases      ] GC(1225) Summary Phase 0.026ms
[396.029s][info][gc,phases,start] GC(1225) Forward
[396.165s][info][gc,phases      ] GC(1225) Forward 136.118ms
[396.165s][info][gc,phases,start] GC(1225) Adjust Pointers
[396.460s][info][gc,phases      ] GC(1225) Adjust Pointers 294.884ms
[396.460s][info][gc,phases,start] GC(1225) Compaction Phase
[396.661s][info][gc,phases      ] GC(1225) Compaction Phase 201.759ms
[396.674s][info][gc,phases,start] GC(1225) Post Compact
[396.676s][info][gc,phases      ] GC(1225) Post Compact 2.289ms
[396.676s][info][gc,heap        ] GC(1225) PSYoungGen: 111616K(222720K)->0K(222720K) Eden: 111616K(111616K)->0K(111616K) From: 0K(111104K)->0K(111104K)
[396.676s][info][gc,heap        ] GC(1225) ParOldGen: 667598K(667648K)->541429K(667648K)
[396.676s][info][gc,metaspace   ] GC(1225) Metaspace: 18847K(19072K)->18847K(19072K) NonClass: 16182K(16320K)->16182K(16320K) Class: 2665K(2752K)->2665K(2752K)
[396.676s][info][gc             ] GC(1225) Pause Full (Allocation Failure) 760M->528M(869M) 1034.418ms
[396.676s][info][gc,cpu         ] GC(1225) User=1.98s Sys=0.00s Real=1.03s
[396.996s][info][gc,start       ] GC(1226) Pause Young (Allocation Failure)
[397.000s][info][gc,heap        ] GC(1226) PSYoungGen: 111616K(222720K)->2779K(222720K) Eden: 111616K(111616K)->0K(111616K) From: 0K(111104K)->2779K(111104K)
[397.000s][info][gc,heap        ] GC(1226) ParOldGen: 541429K(667648K)->541429K(667648K)
[397.000s][info][gc,metaspace   ] GC(1226) Metaspace: 18848K(19072K)->18848K(19072K) NonClass: 16183K(16320K)->16183K(16320K) Class: 2665K(2752K)->2665K(2752K)
[397.000s][info][gc             ] GC(1226) Pause Young (Allocation Failure) 637M->531M(869M) 4.059ms
[397.000s][info][gc,cpu         ] GC(1226) User=0.01s Sys=0.00s Real=0.01s
[397.124s][info][gc,start       ] GC(1227) Pause Young (Allocation Failure)
[397.137s][info][gc,heap        ] GC(1227) PSYoungGen: 114395K(222720K)->10848K(222720K) Eden: 111616K(111616K)->0K(111616K) From: 2779K(111104K)->10848K(111104K)
[397.137s][info][gc,heap        ] GC(1227) ParOldGen: 541429K(667648K)->544000K(667648K)
[397.137s][info][gc,metaspace   ] GC(1227) Metaspace: 18849K(19072K)->18849K(19072K) NonClass: 16184K(16320K)->16184K(16320K) Class: 2665K(2752K)->2665K(2752K)
[397.137s][info][gc             ] GC(1227) Pause Young (Allocation Failure) 640M->541M(869M) 13.274ms
[397.137s][info][gc,cpu         ] GC(1227) User=0.03s Sys=0.00s Real=0.01s
[397.291s][info][gc,start       ] GC(1228) Pause Young (Allocation Failure)
[397.299s][info][gc,heap        ] GC(1228) PSYoungGen: 122464K(222720K)->4384K(220672K) Eden: 111616K(111616K)->0K(111616K) From: 10848K(111104K)->4384K(109056K)
[397.299s][info][gc,heap        ] GC(1228) ParOldGen: 544000K(667648K)->546144K(667648K)
[397.299s][info][gc,metaspace   ] GC(1228) Metaspace: 18853K(19072K)->18853K(19072K) NonClass: 16188K(16320K)->16188K(16320K) Class: 2665K(2752K)->2665K(2752K)
[397.299s][info][gc             ] GC(1228) Pause Young (Allocation Failure) 650M->537M(867M) 7.724ms
[397.299s][info][gc,cpu         ] GC(1228) User=0.01s Sys=0.00s Real=0.00s
[397.439s][info][gc,start       ] GC(1229) Pause Young (Allocation Failure)
[397.459s][info][gc,heap        ] GC(1229) PSYoungGen: 116000K(220672K)->24240K(136192K) Eden: 111616K(111616K)->0K(111616K) From: 4384K(109056K)->24240K(24576K)
[397.459s][info][gc,heap        ] GC(1229) ParOldGen: 546144K(667648K)->546144K(667648K)
[397.459s][info][gc,metaspace   ] GC(1229) Metaspace: 18853K(19072K)->18853K(19072K) NonClass: 16188K(16320K)->16188K(16320K) Class: 2665K(2752K)->2665K(2752K)
[397.459s][info][gc             ] GC(1229) Pause Young (Allocation Failure) 646M->557M(785M) 20.290ms
[397.459s][info][gc,cpu         ] GC(1229) User=0.04s Sys=0.00s Real=0.02s
[397.576s][info][gc,start       ] GC(1230) Pause Young (Allocation Failure)
[397.606s][info][gc,heap        ] GC(1230) PSYoungGen: 135856K(136192K)->32304K(207360K) Eden: 111616K(111616K)->0K(115712K) From: 24240K(24576K)->32304K(91648K)
[397.606s][info][gc,heap        ] GC(1230) ParOldGen: 546144K(667648K)->546144K(667648K)
[397.606s][info][gc,metaspace   ] GC(1230) Metaspace: 18853K(19072K)->18853K(19072K) NonClass: 16188K(16320K)->16188K(16320K) Class: 2665K(2752K)->2665K(2752K)
[397.606s][info][gc             ] GC(1230) Pause Young (Allocation Failure) 666M->564M(854M) 29.844ms
[397.606s][info][gc,cpu         ] GC(1230) User=0.06s Sys=0.00s Real=0.03s
[397.723s][info][gc,start       ] GC(1231) Pause Young (Allocation Failure)
[397.757s][info][gc,heap        ] GC(1231) PSYoungGen: 148016K(207360K)->35792K(212480K) Eden: 115712K(115712K)->0K(115712K) From: 32304K(91648K)->35792K(96768K)
[397.757s][info][gc,heap        ] GC(1231) ParOldGen: 546144K(667648K)->546144K(667648K)
[397.757s][info][gc,metaspace   ] GC(1231) Metaspace: 18853K(19072K)->18853K(19072K) NonClass: 16188K(16320K)->16188K(16320K) Class: 2665K(2752K)->2665K(2752K)
[397.757s][info][gc             ] GC(1231) Pause Young (Allocation Failure) 677M->568M(859M) 33.372ms
[397.757s][info][gc,cpu         ] GC(1231) User=0.07s Sys=0.00s Real=0.03s
[398.013s][info][gc,start       ] GC(1232) Pause Young (Allocation Failure)
[398.047s][info][gc,heap        ] GC(1232) PSYoungGen: 151504K(212480K)->36944K(204800K) Eden: 115712K(115712K)->0K(120320K) From: 35792K(96768K)->36944K(84480K)
[398.047s][info][gc,heap        ] GC(1232) ParOldGen: 546144K(667648K)->546144K(667648K)
[398.047s][info][gc,metaspace   ] GC(1232) Metaspace: 18853K(19072K)->18853K(19072K) NonClass: 16188K(16320K)->16188K(16320K) Class: 2665K(2752K)->2665K(2752K)
[398.047s][info][gc             ] GC(1232) Pause Young (Allocation Failure) 681M->569M(852M) 33.675ms
[398.047s][info][gc,cpu         ] GC(1232) User=0.06s Sys=0.00s Real=0.03s
[398.240s][info][gc,start       ] GC(1233) Pause Young (Allocation Failure)
[398.281s][info][gc,heap        ] GC(1233) PSYoungGen: 157264K(204800K)->46288K(208896K) Eden: 120320K(120320K)->0K(120320K) From: 36944K(84480K)->46288K(88576K)
[398.281s][info][gc,heap        ] GC(1233) ParOldGen: 546144K(667648K)->546144K(667648K)
[398.281s][info][gc,metaspace   ] GC(1233) Metaspace: 18853K(19072K)->18853K(19072K) NonClass: 16188K(16320K)->16188K(16320K) Class: 2665K(2752K)->2665K(2752K)
[398.281s][info][gc             ] GC(1233) Pause Young (Allocation Failure) 686M->578M(856M) 41.625ms
[398.281s][info][gc,cpu         ] GC(1233) User=0.08s Sys=0.00s Real=0.05s
[398.432s][info][gc,start       ] GC(1234) Pause Young (Allocation Failure)
[398.480s][info][gc,heap        ] GC(1234) PSYoungGen: 166608K(208896K)->52608K(211456K) Eden: 120320K(120320K)->0K(122880K) From: 46288K(88576K)->52608K(88576K)
[398.480s][info][gc,heap        ] GC(1234) ParOldGen: 546144K(667648K)->546144K(667648K)
[398.480s][info][gc,metaspace   ] GC(1234) Metaspace: 18853K(19072K)->18853K(19072K) NonClass: 16188K(16320K)->16188K(16320K) Class: 2665K(2752K)->2665K(2752K)
[398.480s][info][gc             ] GC(1234) Pause Young (Allocation Failure) 696M->584M(858M) 47.751ms
[398.480s][info][gc,cpu         ] GC(1234) User=0.10s Sys=0.00s Real=0.04s
[398.570s][info][gc,start       ] GC(1235) Pause Young (Allocation Failure)
[398.610s][info][gc,heap        ] GC(1235) PSYoungGen: 175488K(211456K)->53520K(213504K) Eden: 122880K(122880K)->0K(122880K) From: 52608K(88576K)->53520K(90624K)
[398.610s][info][gc,heap        ] GC(1235) ParOldGen: 546144K(667648K)->546144K(667648K)
[398.610s][info][gc,metaspace   ] GC(1235) Metaspace: 18853K(19072K)->18853K(19072K) NonClass: 16188K(16320K)->16188K(16320K) Class: 2665K(2752K)->2665K(2752K)
[398.610s][info][gc             ] GC(1235) Pause Young (Allocation Failure) 704M->585M(860M) 40.300ms
[398.610s][info][gc,cpu         ] GC(1235) User=0.08s Sys=0.00s Real=0.04s
[398.762s][info][gc,start       ] GC(1236) Pause Young (Allocation Failure)
[398.826s][info][gc,heap        ] GC(1236) PSYoungGen: 176400K(213504K)->87888K(207360K) Eden: 122880K(122880K)->0K(115200K) From: 53520K(90624K)->87888K(92160K)
[398.826s][info][gc,heap        ] GC(1236) ParOldGen: 546144K(667648K)->546144K(667648K)
[398.826s][info][gc,metaspace   ] GC(1236) Metaspace: 18853K(19072K)->18853K(19072K) NonClass: 16188K(16320K)->16188K(16320K) Class: 2665K(2752K)->2665K(2752K)
[398.826s][info][gc             ] GC(1236) Pause Young (Allocation Failure) 705M->619M(854M) 63.925ms
[398.826s][info][gc,cpu         ] GC(1236) User=0.12s Sys=0.01s Real=0.06s
[398.957s][info][gc,start       ] GC(1237) Pause Young (Allocation Failure)
[399.017s][info][gc,heap        ] GC(1237) PSYoungGen: 203088K(207360K)->90816K(220672K) Eden: 115200K(115200K)->0K(115200K) From: 87888K(92160K)->90816K(105472K)
[399.017s][info][gc,heap        ] GC(1237) ParOldGen: 546144K(667648K)->546144K(667648K)
[399.017s][info][gc,metaspace   ] GC(1237) Metaspace: 18853K(19072K)->18853K(19072K) NonClass: 16188K(16320K)->16188K(16320K) Class: 2665K(2752K)->2665K(2752K)
[399.017s][info][gc             ] GC(1237) Pause Young (Allocation Failure) 731M->622M(867M) 59.597ms
[399.017s][info][gc,cpu         ] GC(1237) User=0.12s Sys=0.00s Real=0.06s
[399.193s][info][gc,start       ] GC(1238) Pause Young (Allocation Failure)
[399.292s][info][gc,heap        ] GC(1238) PSYoungGen: 206016K(220672K)->106048K(222720K) Eden: 115200K(115200K)->0K(111616K) From: 90816K(105472K)->106048K(111104K)
[399.293s][info][gc,heap        ] GC(1238) ParOldGen: 546144K(667648K)->546248K(667648K)
[399.293s][info][gc,metaspace   ] GC(1238) Metaspace: 18853K(19072K)->18853K(19072K) NonClass: 16188K(16320K)->16188K(16320K) Class: 2665K(2752K)->2665K(2752K)
[399.293s][info][gc             ] GC(1238) Pause Young (Allocation Failure) 734M->637M(869M) 99.800ms
[399.293s][info][gc,cpu         ] GC(1238) User=0.18s Sys=0.01s Real=0.10s
[399.419s][info][gc,start       ] GC(1239) Pause Young (Allocation Failure)
[399.542s][info][gc,heap        ] GC(1239) PSYoungGen: 217664K(222720K)->111072K(222720K) Eden: 111616K(111616K)->0K(111616K) From: 106048K(111104K)->111072K(111104K)
[399.542s][info][gc,heap        ] GC(1239) ParOldGen: 546248K(667648K)->563040K(667648K)
[399.542s][info][gc,metaspace   ] GC(1239) Metaspace: 18853K(19072K)->18853K(19072K) NonClass: 16188K(16320K)->16188K(16320K) Class: 2665K(2752K)->2665K(2752K)
[399.542s][info][gc             ] GC(1239) Pause Young (Allocation Failure) 746M->658M(869M) 122.589ms
[399.542s][info][gc,cpu         ] GC(1239) User=0.24s Sys=0.00s Real=0.13s
[399.657s][info][gc,start       ] GC(1240) Pause Young (Allocation Failure)
[399.776s][info][gc,heap        ] GC(1240) PSYoungGen: 222688K(222720K)->111072K(222720K) Eden: 111615K(111616K)->0K(111616K) From: 111072K(111104K)->111072K(111104K)
[399.776s][info][gc,heap        ] GC(1240) ParOldGen: 563040K(667648K)->566997K(667648K)
[399.776s][info][gc,metaspace   ] GC(1240) Metaspace: 18853K(19072K)->18853K(19072K) NonClass: 16188K(16320K)->16188K(16320K) Class: 2665K(2752K)->2665K(2752K)
[399.776s][info][gc             ] GC(1240) Pause Young (Allocation Failure) 767M->662M(869M) 119.524ms
[399.776s][info][gc,cpu         ] GC(1240) User=0.24s Sys=0.01s Real=0.12s
[399.886s][info][gc,start       ] GC(1241) Pause Young (Allocation Failure)
[399.996s][info][gc,heap        ] GC(1241) PSYoungGen: 222688K(222720K)->73504K(222720K) Eden: 111616K(111616K)->0K(111616K) From: 111072K(111104K)->73504K(111104K)
[399.996s][info][gc,heap        ] GC(1241) ParOldGen: 566997K(667648K)->605741K(667648K)
[399.996s][info][gc,metaspace   ] GC(1241) Metaspace: 18853K(19072K)->18853K(19072K) NonClass: 16188K(16320K)->16188K(16320K) Class: 2665K(2752K)->2665K(2752K)
[399.996s][info][gc             ] GC(1241) Pause Young (Allocation Failure) 771M->663M(869M) 109.424ms
[399.996s][info][gc,cpu         ] GC(1241) User=0.21s Sys=0.00s Real=0.11s
[400.128s][info][gc,start       ] GC(1242) Pause Young (Allocation Failure)
[400.219s][info][gc,heap        ] GC(1242) PSYoungGen: 185120K(222720K)->40288K(222720K) Eden: 111616K(111616K)->0K(111616K) From: 73504K(111104K)->40288K(111104K)
[400.219s][info][gc,heap        ] GC(1242) ParOldGen: 605741K(667648K)->643414K(667648K)
[400.219s][info][gc,metaspace   ] GC(1242) Metaspace: 18853K(19072K)->18853K(19072K) NonClass: 16188K(16320K)->16188K(16320K) Class: 2665K(2752K)->2665K(2752K)
[400.219s][info][gc             ] GC(1242) Pause Young (Allocation Failure) 772M->667M(869M) 90.990ms
[400.219s][info][gc,cpu         ] GC(1242) User=0.18s Sys=0.00s Real=0.09s
[400.365s][info][gc,start       ] GC(1243) Pause Full (Allocation Failure)
[400.365s][info][gc,phases,start] GC(1243) Marking Phase
[400.613s][info][gc,phases      ] GC(1243) Marking Phase 247.301ms
[400.613s][info][gc,phases,start] GC(1243) Summary Phase
[400.613s][info][gc,phases      ] GC(1243) Summary Phase 0.025ms
[400.613s][info][gc,phases,start] GC(1243) Forward
[400.733s][info][gc,phases      ] GC(1243) Forward 120.172ms
[400.733s][info][gc,phases,start] GC(1243) Adjust Pointers
[400.919s][info][gc,phases      ] GC(1243) Adjust Pointers 185.806ms
[400.919s][info][gc,phases,start] GC(1243) Compaction Phase
[401.032s][info][gc,phases      ] GC(1243) Compaction Phase 113.141ms
[401.044s][info][gc,phases,start] GC(1243) Post Compact
[401.046s][info][gc,phases      ] GC(1243) Post Compact 2.274ms
[401.047s][info][gc,heap        ] GC(1243) PSYoungGen: 151904K(222720K)->0K(222720K) Eden: 111616K(111616K)->0K(111616K) From: 40288K(111104K)->0K(111104K)
[401.047s][info][gc,heap        ] GC(1243) ParOldGen: 643414K(667648K)->354332K(652288K)
[401.047s][info][gc,metaspace   ] GC(1243) Metaspace: 18853K(19072K)->18853K(19072K) NonClass: 16188K(16320K)->16188K(16320K) Class: 2665K(2752K)->2665K(2752K)
[401.047s][info][gc             ] GC(1243) Pause Full (Allocation Failure) 776M->346M(854M) 682.198ms
[401.047s][info][gc,cpu         ] GC(1243) User=1.21s Sys=0.00s Real=0.68s
[401.221s][info][gc,start       ] GC(1244) Pause Young (Allocation Failure)
[401.240s][info][gc,heap        ] GC(1244) PSYoungGen: 111616K(222720K)->19776K(222720K) Eden: 111616K(111616K)->0K(111616K) From: 0K(111104K)->19776K(111104K)
[401.240s][info][gc,heap        ] GC(1244) ParOldGen: 354332K(652288K)->354332K(652288K)
[401.240s][info][gc,metaspace   ] GC(1244) Metaspace: 18853K(19072K)->18853K(19072K) NonClass: 16188K(16320K)->16188K(16320K) Class: 2665K(2752K)->2665K(2752K)
[401.240s][info][gc             ] GC(1244) Pause Young (Allocation Failure) 455M->365M(854M) 18.845ms
[401.240s][info][gc,cpu         ] GC(1244) User=0.04s Sys=0.00s Real=0.02s
[401.283s][info][gc,start       ] GC(1245) Pause Young (Allocation Failure)
[401.332s][info][gc,heap        ] GC(1245) PSYoungGen: 131392K(222720K)->61536K(222720K) Eden: 111616K(111616K)->0K(111616K) From: 19776K(111104K)->61536K(111104K)
[401.332s][info][gc,heap        ] GC(1245) ParOldGen: 354332K(652288K)->354332K(652288K)
[401.332s][info][gc,metaspace   ] GC(1245) Metaspace: 18853K(19072K)->18853K(19072K) NonClass: 16188K(16320K)->16188K(16320K) Class: 2665K(2752K)->2665K(2752K)
[401.332s][info][gc             ] GC(1245) Pause Young (Allocation Failure) 474M->406M(854M) 48.954ms
[401.332s][info][gc,cpu         ] GC(1245) User=0.10s Sys=0.00s Real=0.05s
[401.472s][info][gc,start       ] GC(1246) Pause Young (Allocation Failure)
[401.524s][info][gc,heap        ] GC(1246) PSYoungGen: 173152K(222720K)->47136K(222720K) Eden: 111616K(111616K)->0K(111616K) From: 61536K(111104K)->47136K(111104K)
[401.524s][info][gc,heap        ] GC(1246) ParOldGen: 354332K(652288K)->374173K(652288K)
[401.524s][info][gc,metaspace   ] GC(1246) Metaspace: 18853K(19072K)->18853K(19072K) NonClass: 16188K(16320K)->16188K(16320K) Class: 2665K(2752K)->2665K(2752K)
[401.524s][info][gc             ] GC(1246) Pause Young (Allocation Failure) 515M->411M(854M) 52.469ms
[401.524s][info][gc,cpu         ] GC(1246) User=0.10s Sys=0.00s Real=0.05s
[401.751s][info][gc,start       ] GC(1247) Pause Young (Allocation Failure)
[401.803s][info][gc,heap        ] GC(1247) PSYoungGen: 158752K(222720K)->9728K(222720K) Eden: 111616K(111616K)->0K(111616K) From: 47136K(111104K)->9728K(111104K)
[401.803s][info][gc,heap        ] GC(1247) ParOldGen: 374173K(652288K)->421594K(652288K)
[401.803s][info][gc,metaspace   ] GC(1247) Metaspace: 18853K(19072K)->18853K(19072K) NonClass: 16188K(16320K)->16188K(16320K) Class: 2665K(2752K)->2665K(2752K)
[401.803s][info][gc             ] GC(1247) Pause Young (Allocation Failure) 520M->421M(854M) 51.988ms
[401.803s][info][gc,cpu         ] GC(1247) User=0.10s Sys=0.00s Real=0.05s
[401.945s][info][gc,start       ] GC(1248) Pause Young (Allocation Failure)
[401.972s][info][gc,heap        ] GC(1248) PSYoungGen: 121344K(222720K)->12960K(222720K) Eden: 111616K(111616K)->0K(111616K) From: 9728K(111104K)->12960K(111104K)
[401.972s][info][gc,heap        ] GC(1248) ParOldGen: 421594K(652288K)->431306K(652288K)
[401.972s][info][gc,metaspace   ] GC(1248) Metaspace: 18853K(19072K)->18853K(19072K) NonClass: 16188K(16320K)->16188K(16320K) Class: 2665K(2752K)->2665K(2752K)
[401.972s][info][gc             ] GC(1248) Pause Young (Allocation Failure) 530M->433M(854M) 27.135ms
[401.972s][info][gc,cpu         ] GC(1248) User=0.06s Sys=0.00s Real=0.03s
[402.077s][info][gc,start       ] GC(1249) Pause Young (Allocation Failure)
[402.099s][info][gc,heap        ] GC(1249) PSYoungGen: 124576K(222720K)->8192K(222720K) Eden: 111616K(111616K)->0K(111616K) From: 12960K(111104K)->8192K(111104K)
[402.099s][info][gc,heap        ] GC(1249) ParOldGen: 431306K(652288K)->444034K(652288K)
[402.099s][info][gc,metaspace   ] GC(1249) Metaspace: 18853K(19072K)->18853K(19072K) NonClass: 16188K(16320K)->16188K(16320K) Class: 2665K(2752K)->2665K(2752K)
[402.099s][info][gc             ] GC(1249) Pause Young (Allocation Failure) 542M->441M(854M) 21.696ms
[402.099s][info][gc,cpu         ] GC(1249) User=0.04s Sys=0.00s Real=0.02s
[402.233s][info][gc,start       ] GC(1250) Pause Young (Allocation Failure)
[402.248s][info][gc,heap        ] GC(1250) PSYoungGen: 119808K(222720K)->2880K(222720K) Eden: 111616K(111616K)->0K(111616K) From: 8192K(111104K)->2880K(111104K)
[402.248s][info][gc,heap        ] GC(1250) ParOldGen: 444034K(652288K)->452234K(652288K)
[402.248s][info][gc,metaspace   ] GC(1250) Metaspace: 18853K(19072K)->18853K(19072K) NonClass: 16188K(16320K)->16188K(16320K) Class: 2665K(2752K)->2665K(2752K)
[402.248s][info][gc             ] GC(1250) Pause Young (Allocation Failure) 550M->444M(854M) 14.452ms
[402.248s][info][gc,cpu         ] GC(1250) User=0.03s Sys=0.00s Real=0.01s
[402.394s][info][gc,start       ] GC(1251) Pause Young (Allocation Failure)
[402.414s][info][gc,heap        ] GC(1251) PSYoungGen: 114496K(222720K)->14528K(222720K) Eden: 111616K(111616K)->0K(111616K) From: 2880K(111104K)->14528K(111104K)
[402.414s][info][gc,heap        ] GC(1251) ParOldGen: 452234K(652288K)->455026K(652288K)
[402.414s][info][gc,metaspace   ] GC(1251) Metaspace: 18853K(19072K)->18853K(19072K) NonClass: 16188K(16320K)->16188K(16320K) Class: 2665K(2752K)->2665K(2752K)
[402.414s][info][gc             ] GC(1251) Pause Young (Allocation Failure) 553M->458M(854M) 19.327ms
[402.414s][info][gc,cpu         ] GC(1251) User=0.04s Sys=0.00s Real=0.02s
[402.683s][info][gc,start       ] GC(1252) Pause Young (Allocation Failure)
[402.699s][info][gc,heap        ] GC(1252) PSYoungGen: 126144K(222720K)->96K(222720K) Eden: 111616K(111616K)->0K(111616K) From: 14528K(111104K)->96K(111104K)
[402.699s][info][gc,heap        ] GC(1252) ParOldGen: 455026K(652288K)->469546K(652288K)
[402.699s][info][gc,metaspace   ] GC(1252) Metaspace: 18853K(19072K)->18853K(19072K) NonClass: 16188K(16320K)->16188K(16320K) Class: 2665K(2752K)->2665K(2752K)
[402.699s][info][gc             ] GC(1252) Pause Young (Allocation Failure) 567M->458M(854M) 15.968ms
[402.699s][info][gc,cpu         ] GC(1252) User=0.03s Sys=0.00s Real=0.01s
[402.932s][info][gc,start       ] GC(1253) Pause Young (Allocation Failure)
[402.934s][info][gc,heap        ] GC(1253) PSYoungGen: 111712K(222720K)->64K(222720K) Eden: 111616K(111616K)->0K(111616K) From: 96K(111104K)->64K(111104K)
[402.934s][info][gc,heap        ] GC(1253) ParOldGen: 469546K(652288K)->469607K(652288K)
[402.934s][info][gc,metaspace   ] GC(1253) Metaspace: 18853K(19072K)->18853K(19072K) NonClass: 16188K(16320K)->16188K(16320K) Class: 2665K(2752K)->2665K(2752K)
[402.934s][info][gc             ] GC(1253) Pause Young (Allocation Failure) 567M->458M(854M) 2.007ms
[402.934s][info][gc,cpu         ] GC(1253) User=0.00s Sys=0.00s Real=0.00s
[403.152s][info][gc,start       ] GC(1254) Pause Young (Allocation Failure)
[403.154s][info][gc,heap        ] GC(1254) PSYoungGen: 111680K(222720K)->64K(222720K) Eden: 111616K(111616K)->0K(111616K) From: 64K(111104K)->64K(111104K)
[403.154s][info][gc,heap        ] GC(1254) ParOldGen: 469607K(652288K)->469623K(652288K)
[403.154s][info][gc,metaspace   ] GC(1254) Metaspace: 18853K(19072K)->18853K(19072K) NonClass: 16188K(16320K)->16188K(16320K) Class: 2665K(2752K)->2665K(2752K)
[403.154s][info][gc             ] GC(1254) Pause Young (Allocation Failure) 567M->458M(854M) 1.680ms
[403.154s][info][gc,cpu         ] GC(1254) User=0.01s Sys=0.00s Real=0.00s
[403.379s][info][gc,start       ] GC(1255) Pause Young (Allocation Failure)
[403.386s][info][gc,heap        ] GC(1255) PSYoungGen: 111680K(222720K)->352K(222720K) Eden: 111616K(111616K)->0K(111616K) From: 64K(111104K)->352K(111104K)
[403.386s][info][gc,heap        ] GC(1255) ParOldGen: 469623K(652288K)->469639K(652288K)
[403.386s][info][gc,metaspace   ] GC(1255) Metaspace: 18853K(19072K)->18853K(19072K) NonClass: 16188K(16320K)->16188K(16320K) Class: 2665K(2752K)->2665K(2752K)
[403.386s][info][gc             ] GC(1255) Pause Young (Allocation Failure) 567M->458M(854M) 7.146ms
[403.386s][info][gc,cpu         ] GC(1255) User=0.02s Sys=0.00s Real=0.01s
[403.459s][info][gc,start       ] GC(1256) Pause Young (Allocation Failure)
[403.489s][info][gc,heap        ] GC(1256) PSYoungGen: 111968K(222720K)->40128K(221696K) Eden: 111616K(111616K)->0K(111616K) From: 352K(111104K)->40128K(110080K)
[403.489s][info][gc,heap        ] GC(1256) ParOldGen: 469639K(652288K)->469991K(652288K)
[403.489s][info][gc,metaspace   ] GC(1256) Metaspace: 18853K(19072K)->18853K(19072K) NonClass: 16188K(16320K)->16188K(16320K) Class: 2665K(2752K)->2665K(2752K)
[403.489s][info][gc             ] GC(1256) Pause Young (Allocation Failure) 567M->498M(853M) 30.530ms
[403.489s][info][gc,cpu         ] GC(1256) User=0.06s Sys=0.00s Real=0.03s
[403.648s][info][gc,start       ] GC(1257) Pause Young (Allocation Failure)
[403.691s][info][gc,heap        ] GC(1257) PSYoungGen: 151744K(221696K)->68864K(222208K) Eden: 111616K(111616K)->0K(111616K) From: 40128K(110080K)->68864K(110592K)
[403.691s][info][gc,heap        ] GC(1257) ParOldGen: 469991K(652288K)->469991K(652288K)
[403.691s][info][gc,metaspace   ] GC(1257) Metaspace: 18853K(19072K)->18853K(19072K) NonClass: 16188K(16320K)->16188K(16320K) Class: 2665K(2752K)->2665K(2752K)
[403.691s][info][gc             ] GC(1257) Pause Young (Allocation Failure) 607M->526M(854M) 43.533ms
[403.691s][info][gc,cpu         ] GC(1257) User=0.09s Sys=0.00s Real=0.05s
[403.783s][info][gc,start       ] GC(1258) Pause Young (Allocation Failure)
[403.829s][info][gc,heap        ] GC(1258) PSYoungGen: 180480K(222208K)->2336K(222720K) Eden: 111616K(111616K)->0K(111616K) From: 68864K(110592K)->2336K(111104K)
[403.829s][info][gc,heap        ] GC(1258) ParOldGen: 469991K(652288K)->539586K(652288K)
[403.829s][info][gc,metaspace   ] GC(1258) Metaspace: 18853K(19072K)->18853K(19072K) NonClass: 16188K(16320K)->16188K(16320K) Class: 2665K(2752K)->2665K(2752K)
[403.829s][info][gc             ] GC(1258) Pause Young (Allocation Failure) 635M->529M(854M) 45.989ms
[403.829s][info][gc,cpu         ] GC(1258) User=0.09s Sys=0.00s Real=0.04s
[404.018s][info][gc,start       ] GC(1259) Pause Young (Allocation Failure)
[404.054s][info][gc,heap        ] GC(1259) PSYoungGen: 113952K(222720K)->17056K(129024K) Eden: 111616K(111616K)->0K(111616K) From: 2336K(111104K)->17056K(17408K)
[404.054s][info][gc,heap        ] GC(1259) ParOldGen: 539586K(652288K)->541890K(652288K)
[404.054s][info][gc,metaspace   ] GC(1259) Metaspace: 18854K(19072K)->18854K(19072K) NonClass: 16189K(16320K)->16189K(16320K) Class: 2665K(2752K)->2665K(2752K)
[404.054s][info][gc             ] GC(1259) Pause Young (Allocation Failure) 638M->545M(763M) 35.846ms
[404.054s][info][gc,cpu         ] GC(1259) User=0.07s Sys=0.00s Real=0.04s
[404.231s][info][gc,start       ] GC(1260) Pause Young (Allocation Failure)
[404.258s][info][gc,heap        ] GC(1260) PSYoungGen: 128672K(129024K)->17056K(216064K) Eden: 111616K(111616K)->0K(116736K) From: 17056K(17408K)->17056K(99328K)
[404.258s][info][gc,heap        ] GC(1260) ParOldGen: 541890K(652288K)->541890K(652288K)
[404.258s][info][gc,metaspace   ] GC(1260) Metaspace: 18854K(19072K)->18854K(19072K) NonClass: 16189K(16320K)->16189K(16320K) Class: 2665K(2752K)->2665K(2752K)
[404.258s][info][gc             ] GC(1260) Pause Young (Allocation Failure) 654M->545M(848M) 27.625ms
[404.258s][info][gc,cpu         ] GC(1260) User=0.05s Sys=0.00s Real=0.02s
[404.460s][info][gc,start       ] GC(1261) Pause Young (Allocation Failure)
[404.497s][info][gc,heap        ] GC(1261) PSYoungGen: 133792K(216064K)->17056K(217600K) Eden: 116736K(116736K)->0K(116736K) From: 17056K(99328K)->17056K(100864K)
[404.497s][info][gc,heap        ] GC(1261) ParOldGen: 541890K(652288K)->541890K(652288K)
[404.497s][info][gc,metaspace   ] GC(1261) Metaspace: 18854K(19072K)->18854K(19072K) NonClass: 16189K(16320K)->16189K(16320K) Class: 2665K(2752K)->2665K(2752K)
[404.497s][info][gc             ] GC(1261) Pause Young (Allocation Failure) 659M->545M(849M) 37.346ms
[404.497s][info][gc,cpu         ] GC(1261) User=0.07s Sys=0.00s Real=0.03s
[404.670s][info][gc,start       ] GC(1262) Pause Young (Allocation Failure)
[404.698s][info][gc,heap        ] GC(1262) PSYoungGen: 133792K(217600K)->17344K(205312K) Eden: 116736K(116736K)->0K(121856K) From: 17056K(100864K)->17344K(83456K)
[404.698s][info][gc,heap        ] GC(1262) ParOldGen: 541890K(652288K)->541890K(652288K)
[404.698s][info][gc,metaspace   ] GC(1262) Metaspace: 18854K(19072K)->18854K(19072K) NonClass: 16189K(16320K)->16189K(16320K) Class: 2665K(2752K)->2665K(2752K)
[404.698s][info][gc             ] GC(1262) Pause Young (Allocation Failure) 659M->546M(837M) 28.328ms
[404.698s][info][gc,cpu         ] GC(1262) User=0.06s Sys=0.00s Real=0.03s
[404.832s][info][gc,start       ] GC(1263) Pause Young (Allocation Failure)
[404.876s][info][gc,heap        ] GC(1263) PSYoungGen: 139200K(205312K)->42281K(211456K) Eden: 121856K(121856K)->0K(121856K) From: 17344K(83456K)->42281K(89600K)
[404.876s][info][gc,heap        ] GC(1263) ParOldGen: 541890K(652288K)->541890K(652288K)
[404.876s][info][gc,metaspace   ] GC(1263) Metaspace: 18854K(19072K)->18854K(19072K) NonClass: 16189K(16320K)->16189K(16320K) Class: 2665K(2752K)->2665K(2752K)
[404.876s][info][gc             ] GC(1263) Pause Young (Allocation Failure) 665M->570M(843M) 44.193ms
[404.876s][info][gc,cpu         ] GC(1263) User=0.09s Sys=0.00s Real=0.04s
[404.937s][info][gc,start       ] GC(1264) Pause Young (Allocation Failure)
[405.007s][info][gc,heap        ] GC(1264) PSYoungGen: 164137K(211456K)->83305K(202752K) Eden: 121856K(121856K)->0K(113152K) From: 42281K(89600K)->83305K(89600K)
[405.007s][info][gc,heap        ] GC(1264) ParOldGen: 541890K(652288K)->541890K(652288K)
[405.007s][info][gc,metaspace   ] GC(1264) Metaspace: 18854K(19072K)->18854K(19072K) NonClass: 16189K(16320K)->16189K(16320K) Class: 2665K(2752K)->2665K(2752K)
[405.007s][info][gc             ] GC(1264) Pause Young (Allocation Failure) 689M->610M(835M) 70.783ms
[405.007s][info][gc,cpu         ] GC(1264) User=0.14s Sys=0.00s Real=0.07s
[405.174s][info][gc,start       ] GC(1265) Pause Young (Allocation Failure)
[405.241s][info][gc,heap        ] GC(1265) PSYoungGen: 196457K(202752K)->87673K(217600K) Eden: 113152K(113152K)->0K(113152K) From: 83305K(89600K)->87673K(104448K)
[405.241s][info][gc,heap        ] GC(1265) ParOldGen: 541890K(652288K)->541890K(652288K)
[405.241s][info][gc,metaspace   ] GC(1265) Metaspace: 18854K(19072K)->18854K(19072K) NonClass: 16189K(16320K)->16189K(16320K) Class: 2665K(2752K)->2665K(2752K)
[405.241s][info][gc             ] GC(1265) Pause Young (Allocation Failure) 721M->614M(849M) 67.558ms
[405.241s][info][gc,cpu         ] GC(1265) User=0.13s Sys=0.00s Real=0.07s
[405.352s][info][gc,start       ] GC(1266) Pause Young (Allocation Failure)
[405.423s][info][gc,heap        ] GC(1266) PSYoungGen: 200825K(217600K)->72377K(222720K) Eden: 113152K(113152K)->0K(111616K) From: 87673K(104448K)->72377K(111104K)
[405.423s][info][gc,heap        ] GC(1266) ParOldGen: 541890K(652288K)->558938K(652288K)
[405.423s][info][gc,metaspace   ] GC(1266) Metaspace: 18854K(19072K)->18854K(19072K) NonClass: 16189K(16320K)->16189K(16320K) Class: 2665K(2752K)->2665K(2752K)
[405.423s][info][gc             ] GC(1266) Pause Young (Allocation Failure) 725M->616M(854M) 71.111ms
[405.423s][info][gc,cpu         ] GC(1266) User=0.14s Sys=0.00s Real=0.07s
[405.570s][info][gc,start       ] GC(1267) Pause Young (Allocation Failure)
[405.645s][info][gc,heap        ] GC(1267) PSYoungGen: 183993K(222720K)->88713K(222720K) Eden: 111616K(111616K)->0K(111616K) From: 72377K(111104K)->88713K(111104K)
[405.645s][info][gc,heap        ] GC(1267) ParOldGen: 558938K(652288K)->559258K(652288K)
[405.645s][info][gc,metaspace   ] GC(1267) Metaspace: 18854K(19072K)->18854K(19072K) NonClass: 16189K(16320K)->16189K(16320K) Class: 2665K(2752K)->2665K(2752K)
[405.645s][info][gc             ] GC(1267) Pause Young (Allocation Failure) 725M->632M(854M) 74.283ms
[405.645s][info][gc,cpu         ] GC(1267) User=0.15s Sys=0.00s Real=0.07s
[405.797s][info][gc,start       ] GC(1268) Pause Young (Allocation Failure)
[405.874s][info][gc,heap        ] GC(1268) PSYoungGen: 200329K(222720K)->22816K(222720K) Eden: 111616K(111616K)->0K(111616K) From: 88713K(111104K)->22816K(111104K)
[405.874s][info][gc,heap        ] GC(1268) ParOldGen: 559258K(652288K)->625978K(652288K)
[405.874s][info][gc,metaspace   ] GC(1268) Metaspace: 18854K(19072K)->18854K(19072K) NonClass: 16189K(16320K)->16189K(16320K) Class: 2665K(2752K)->2665K(2752K)
[405.874s][info][gc             ] GC(1268) Pause Young (Allocation Failure) 741M->633M(854M) 77.293ms
[405.874s][info][gc,cpu         ] GC(1268) User=0.16s Sys=0.00s Real=0.08s
[406.026s][info][gc,start       ] GC(1269) Pause Full (Allocation Failure)
[406.026s][info][gc,phases,start] GC(1269) Marking Phase
[406.350s][info][gc,phases      ] GC(1269) Marking Phase 324.457ms
[406.350s][info][gc,phases,start] GC(1269) Summary Phase
[406.350s][info][gc,phases      ] GC(1269) Summary Phase 0.027ms
[406.350s][info][gc,phases,start] GC(1269) Forward
[406.476s][info][gc,phases      ] GC(1269) Forward 125.381ms
[406.476s][info][gc,phases,start] GC(1269) Adjust Pointers
[406.737s][info][gc,phases      ] GC(1269) Adjust Pointers 261.250ms
[406.737s][info][gc,phases,start] GC(1269) Compaction Phase
[406.895s][info][gc,phases      ] GC(1269) Compaction Phase 157.821ms
[406.909s][info][gc,phases,start] GC(1269) Post Compact
[406.912s][info][gc,phases      ] GC(1269) Post Compact 2.211ms
[406.912s][info][gc,heap        ] GC(1269) PSYoungGen: 134432K(222720K)->0K(222720K) Eden: 111616K(111616K)->0K(111616K) From: 22816K(111104K)->0K(111104K)
[406.912s][info][gc,heap        ] GC(1269) ParOldGen: 625978K(652288K)->481145K(667648K)
[406.912s][info][gc,metaspace   ] GC(1269) Metaspace: 18854K(19072K)->18854K(19072K) NonClass: 16189K(16320K)->16189K(16320K) Class: 2665K(2752K)->2665K(2752K)
[406.912s][info][gc             ] GC(1269) Pause Full (Allocation Failure) 742M->469M(869M) 885.886ms
[406.912s][info][gc,cpu         ] GC(1269) User=1.66s Sys=0.00s Real=0.89s
[407.064s][info][gc,start       ] GC(1270) Pause Young (Allocation Failure)
[407.065s][info][gc,heap        ] GC(1270) PSYoungGen: 111616K(222720K)->64K(222720K) Eden: 111616K(111616K)->0K(111616K) From: 0K(111104K)->64K(111104K)
[407.065s][info][gc,heap        ] GC(1270) ParOldGen: 481145K(667648K)->481145K(667648K)
[407.066s][info][gc,metaspace   ] GC(1270) Metaspace: 18854K(19072K)->18854K(19072K) NonClass: 16189K(16320K)->16189K(16320K) Class: 2665K(2752K)->2665K(2752K)
[407.066s][info][gc             ] GC(1270) Pause Young (Allocation Failure) 578M->469M(869M) 1.631ms
[407.066s][info][gc,cpu         ] GC(1270) User=0.01s Sys=0.00s Real=0.00s
[407.210s][info][gc,start       ] GC(1271) Pause Young (Allocation Failure)
[407.213s][info][gc,heap        ] GC(1271) PSYoungGen: 111680K(222720K)->2272K(222720K) Eden: 111616K(111616K)->0K(111616K) From: 64K(111104K)->2272K(111104K)
[407.214s][info][gc,heap        ] GC(1271) ParOldGen: 481145K(667648K)->481145K(667648K)
[407.214s][info][gc,metaspace   ] GC(1271) Metaspace: 18854K(19072K)->18854K(19072K) NonClass: 16189K(16320K)->16189K(16320K) Class: 2665K(2752K)->2665K(2752K)
[407.214s][info][gc             ] GC(1271) Pause Young (Allocation Failure) 578M->472M(869M) 3.930ms
[407.214s][info][gc,cpu         ] GC(1271) User=0.01s Sys=0.00s Real=0.01s
[407.324s][info][gc,start       ] GC(1272) Pause Young (Allocation Failure)
[407.348s][info][gc,heap        ] GC(1272) PSYoungGen: 113888K(222720K)->18880K(222720K) Eden: 111616K(111616K)->0K(111616K) From: 2272K(111104K)->18880K(111104K)
[407.348s][info][gc,heap        ] GC(1272) ParOldGen: 481145K(667648K)->483393K(667648K)
[407.348s][info][gc,metaspace   ] GC(1272) Metaspace: 18854K(19072K)->18854K(19072K) NonClass: 16189K(16320K)->16189K(16320K) Class: 2665K(2752K)->2665K(2752K)
[407.348s][info][gc             ] GC(1272) Pause Young (Allocation Failure) 581M->490M(869M) 24.205ms
[407.348s][info][gc,cpu         ] GC(1272) User=0.05s Sys=0.00s Real=0.02s
[407.466s][info][gc,start       ] GC(1273) Pause Young (Allocation Failure)
[407.499s][info][gc,heap        ] GC(1273) PSYoungGen: 130496K(222720K)->13216K(222720K) Eden: 111616K(111616K)->0K(111616K) From: 18880K(111104K)->13216K(111104K)
[407.499s][info][gc,heap        ] GC(1273) ParOldGen: 483393K(667648K)->502273K(667648K)
[407.499s][info][gc,metaspace   ] GC(1273) Metaspace: 18854K(19072K)->18854K(19072K) NonClass: 16189K(16320K)->16189K(16320K) Class: 2665K(2752K)->2665K(2752K)
[407.499s][info][gc             ] GC(1273) Pause Young (Allocation Failure) 599M->503M(869M) 32.888ms
[407.499s][info][gc,cpu         ] GC(1273) User=0.07s Sys=0.00s Real=0.03s
[407.573s][info][gc,start       ] GC(1274) Pause Young (Allocation Failure)
[407.589s][info][gc,heap        ] GC(1274) PSYoungGen: 124832K(222720K)->1120K(220672K) Eden: 111616K(111616K)->0K(111616K) From: 13216K(111104K)->1120K(109056K)
[407.589s][info][gc,heap        ] GC(1274) ParOldGen: 502273K(667648K)->515505K(667648K)
[407.589s][info][gc,metaspace   ] GC(1274) Metaspace: 18854K(19072K)->18854K(19072K) NonClass: 16189K(16320K)->16189K(16320K) Class: 2665K(2752K)->2665K(2752K)
[407.589s][info][gc             ] GC(1274) Pause Young (Allocation Failure) 612M->504M(867M) 15.529ms
[407.589s][info][gc,cpu         ] GC(1274) User=0.03s Sys=0.00s Real=0.01s
[407.694s][info][gc,start       ] GC(1275) Pause Young (Allocation Failure)
[407.701s][info][gc,heap        ] GC(1275) PSYoungGen: 112736K(220672K)->2272K(114176K) Eden: 111616K(111616K)->0K(111616K) From: 1120K(109056K)->2272K(2560K)
[407.701s][info][gc,heap        ] GC(1275) ParOldGen: 515505K(667648K)->515505K(667648K)
[407.701s][info][gc,metaspace   ] GC(1275) Metaspace: 18854K(19072K)->18854K(19072K) NonClass: 16189K(16320K)->16189K(16320K) Class: 2665K(2752K)->2665K(2752K)
[407.701s][info][gc             ] GC(1275) Pause Young (Allocation Failure) 613M->505M(763M) 7.556ms
[407.701s][info][gc,cpu         ] GC(1275) User=0.02s Sys=0.00s Real=0.01s
[407.804s][info][gc,start       ] GC(1276) Pause Young (Allocation Failure)
[407.814s][info][gc,heap        ] GC(1276) PSYoungGen: 113888K(114176K)->5600K(216064K) Eden: 111616K(111616K)->0K(116736K) From: 2272K(2560K)->5600K(99328K)
[407.814s][info][gc,heap        ] GC(1276) ParOldGen: 515505K(667648K)->515505K(667648K)
[407.814s][info][gc,metaspace   ] GC(1276) Metaspace: 18854K(19072K)->18854K(19072K) NonClass: 16189K(16320K)->16189K(16320K) Class: 2665K(2752K)->2665K(2752K)
[407.814s][info][gc             ] GC(1276) Pause Young (Allocation Failure) 614M->508M(863M) 10.567ms
[407.814s][info][gc,cpu         ] GC(1276) User=0.02s Sys=0.00s Real=0.01s
[407.907s][info][gc,start       ] GC(1277) Pause Young (Allocation Failure)
[407.915s][info][gc,heap        ] GC(1277) PSYoungGen: 122336K(216064K)->5664K(218624K) Eden: 116736K(116736K)->0K(116736K) From: 5600K(99328K)->5664K(101888K)
[407.915s][info][gc,heap        ] GC(1277) ParOldGen: 515505K(667648K)->515505K(667648K)
[407.915s][info][gc,metaspace   ] GC(1277) Metaspace: 18854K(19072K)->18854K(19072K) NonClass: 16189K(16320K)->16189K(16320K) Class: 2665K(2752K)->2665K(2752K)
[407.915s][info][gc             ] GC(1277) Pause Young (Allocation Failure) 622M->508M(865M) 8.021ms
[407.915s][info][gc,cpu         ] GC(1277) User=0.02s Sys=0.00s Real=0.01s
[408.043s][info][gc,start       ] GC(1278) Pause Young (Allocation Failure)
[408.059s][info][gc,heap        ] GC(1278) PSYoungGen: 122400K(218624K)->14336K(206848K) Eden: 116736K(116736K)->0K(121856K) From: 5664K(101888K)->14336K(84992K)
[408.060s][info][gc,heap        ] GC(1278) ParOldGen: 515505K(667648K)->515505K(667648K)
[408.060s][info][gc,metaspace   ] GC(1278) Metaspace: 18854K(19072K)->18854K(19072K) NonClass: 16189K(16320K)->16189K(16320K) Class: 2665K(2752K)->2665K(2752K)
[408.060s][info][gc             ] GC(1278) Pause Young (Allocation Failure) 622M->517M(854M) 16.114ms
[408.060s][info][gc,cpu         ] GC(1278) User=0.03s Sys=0.00s Real=0.01s
[408.172s][info][gc,start       ] GC(1279) Pause Young (Allocation Failure)
[408.202s][info][gc,heap        ] GC(1279) PSYoungGen: 136192K(206848K)->29040K(212992K) Eden: 121856K(121856K)->0K(121856K) From: 14336K(84992K)->29040K(91136K)
[408.202s][info][gc,heap        ] GC(1279) ParOldGen: 515505K(667648K)->515505K(667648K)
[408.202s][info][gc,metaspace   ] GC(1279) Metaspace: 18854K(19072K)->18854K(19072K) NonClass: 16189K(16320K)->16189K(16320K) Class: 2665K(2752K)->2665K(2752K)
[408.203s][info][gc             ] GC(1279) Pause Young (Allocation Failure) 636M->531M(860M) 30.837ms
[408.203s][info][gc,cpu         ] GC(1279) User=0.06s Sys=0.00s Real=0.03s
[408.458s][info][gc,start       ] GC(1280) Pause Young (Allocation Failure)
[408.488s][info][gc,heap        ] GC(1280) PSYoungGen: 150896K(212992K)->29072K(205824K) Eden: 121856K(121856K)->0K(127488K) From: 29040K(91136K)->29072K(78336K)
[408.488s][info][gc,heap        ] GC(1280) ParOldGen: 515505K(667648K)->515505K(667648K)
[408.488s][info][gc,metaspace   ] GC(1280) Metaspace: 18854K(19072K)->18854K(19072K) NonClass: 16189K(16320K)->16189K(16320K) Class: 2665K(2752K)->2665K(2752K)
[408.488s][info][gc             ] GC(1280) Pause Young (Allocation Failure) 650M->531M(853M) 29.635ms
[408.488s][info][gc,cpu         ] GC(1280) User=0.05s Sys=0.00s Real=0.03s
[408.681s][info][gc,start       ] GC(1281) Pause Young (Allocation Failure)
[408.724s][info][gc,heap        ] GC(1281) PSYoungGen: 156560K(205824K)->42768K(210432K) Eden: 127488K(127488K)->0K(127488K) From: 29072K(78336K)->42768K(82944K)
[408.724s][info][gc,heap        ] GC(1281) ParOldGen: 515505K(667648K)->515505K(667648K)
[408.724s][info][gc,metaspace   ] GC(1281) Metaspace: 18854K(19072K)->18854K(19072K) NonClass: 16189K(16320K)->16189K(16320K) Class: 2665K(2752K)->2665K(2752K)
[408.724s][info][gc             ] GC(1281) Pause Young (Allocation Failure) 656M->545M(857M) 43.487ms
[408.724s][info][gc,cpu         ] GC(1281) User=0.08s Sys=0.00s Real=0.04s
[408.882s][info][gc,start       ] GC(1282) Pause Young (Allocation Failure)
[408.949s][info][gc,heap        ] GC(1282) PSYoungGen: 170256K(210432K)->61920K(210432K) Eden: 127488K(127488K)->0K(125952K) From: 42768K(82944K)->61920K(84480K)
[408.949s][info][gc,heap        ] GC(1282) ParOldGen: 515505K(667648K)->515505K(667648K)
[408.949s][info][gc,metaspace   ] GC(1282) Metaspace: 18854K(19072K)->18854K(19072K) NonClass: 16189K(16320K)->16189K(16320K) Class: 2665K(2752K)->2665K(2752K)
[408.949s][info][gc             ] GC(1282) Pause Young (Allocation Failure) 669M->563M(857M) 67.264ms
[408.949s][info][gc,cpu         ] GC(1282) User=0.13s Sys=0.00s Real=0.06s
[409.058s][info][gc,start       ] GC(1283) Pause Young (Allocation Failure)
[409.122s][info][gc,heap        ] GC(1283) PSYoungGen: 187872K(210432K)->65584K(218112K) Eden: 125952K(125952K)->0K(125952K) From: 61920K(84480K)->65584K(92160K)
[409.122s][info][gc,heap        ] GC(1283) ParOldGen: 515505K(667648K)->515505K(667648K)
[409.122s][info][gc,metaspace   ] GC(1283) Metaspace: 18854K(19072K)->18854K(19072K) NonClass: 16189K(16320K)->16189K(16320K) Class: 2665K(2752K)->2665K(2752K)
[409.122s][info][gc             ] GC(1283) Pause Young (Allocation Failure) 686M->567M(865M) 63.601ms
[409.122s][info][gc,cpu         ] GC(1283) User=0.12s Sys=0.00s Real=0.07s
[409.263s][info][gc,start       ] GC(1284) Pause Young (Allocation Failure)
[409.346s][info][gc,heap        ] GC(1284) PSYoungGen: 191536K(218112K)->68992K(220672K) Eden: 125952K(125952K)->0K(120832K) From: 65584K(92160K)->68992K(99840K)
[409.346s][info][gc,heap        ] GC(1284) ParOldGen: 515505K(667648K)->515505K(667648K)
[409.346s][info][gc,metaspace   ] GC(1284) Metaspace: 18854K(19072K)->18854K(19072K) NonClass: 16189K(16320K)->16189K(16320K) Class: 2665K(2752K)->2665K(2752K)
[409.346s][info][gc             ] GC(1284) Pause Young (Allocation Failure) 690M->570M(867M) 83.587ms
[409.346s][info][gc,cpu         ] GC(1284) User=0.15s Sys=0.01s Real=0.08s
[409.473s][info][gc,start       ] GC(1285) Pause Young (Allocation Failure)
[409.546s][info][gc,heap        ] GC(1285) PSYoungGen: 189824K(220672K)->69088K(189952K) Eden: 120832K(120832K)->0K(120832K) From: 68992K(99840K)->69088K(69120K)
[409.546s][info][gc,heap        ] GC(1285) ParOldGen: 515505K(667648K)->515505K(667648K)
[409.546s][info][gc,metaspace   ] GC(1285) Metaspace: 18854K(19072K)->18854K(19072K) NonClass: 16189K(16320K)->16189K(16320K) Class: 2665K(2752K)->2665K(2752K)
[409.546s][info][gc             ] GC(1285) Pause Young (Allocation Failure) 688M->570M(837M) 73.249ms
[409.546s][info][gc,cpu         ] GC(1285) User=0.14s Sys=0.00s Real=0.07s
[409.707s][info][gc,start       ] GC(1286) Pause Young (Allocation Failure)
[409.781s][info][gc,heap        ] GC(1286) PSYoungGen: 189920K(189952K)->75664K(222720K) Eden: 120832K(120832K)->0K(111616K) From: 69088K(69120K)->75664K(111104K)
[409.781s][info][gc,heap        ] GC(1286) ParOldGen: 515505K(667648K)->517753K(667648K)
[409.781s][info][gc,metaspace   ] GC(1286) Metaspace: 18854K(19072K)->18854K(19072K) NonClass: 16189K(16320K)->16189K(16320K) Class: 2665K(2752K)->2665K(2752K)
[409.781s][info][gc             ] GC(1286) Pause Young (Allocation Failure) 688M->579M(869M) 74.147ms
[409.781s][info][gc,cpu         ] GC(1286) User=0.15s Sys=0.00s Real=0.08s
[409.911s][info][gc,start       ] GC(1287) Pause Young (Allocation Failure)
[409.998s][info][gc,heap        ] GC(1287) PSYoungGen: 187280K(222720K)->86896K(222720K) Eden: 111616K(111616K)->0K(111616K) From: 75664K(111104K)->86896K(111104K)
[409.998s][info][gc,heap        ] GC(1287) ParOldGen: 517753K(667648K)->521153K(667648K)
[409.998s][info][gc,metaspace   ] GC(1287) Metaspace: 18854K(19072K)->18854K(19072K) NonClass: 16189K(16320K)->16189K(16320K) Class: 2665K(2752K)->2665K(2752K)
[409.998s][info][gc             ] GC(1287) Pause Young (Allocation Failure) 688M->593M(869M) 86.584ms
[409.998s][info][gc,cpu         ] GC(1287) User=0.17s Sys=0.00s Real=0.08s
[410.340s][info][gc,start       ] GC(1288) Pause Young (Allocation Failure)
[410.422s][info][gc,heap        ] GC(1288) PSYoungGen: 198512K(222720K)->63520K(222720K) Eden: 111616K(111616K)->0K(111616K) From: 86896K(111104K)->63520K(111104K)
[410.423s][info][gc,heap        ] GC(1288) ParOldGen: 521153K(667648K)->544586K(667648K)
[410.423s][info][gc,metaspace   ] GC(1288) Metaspace: 18854K(19072K)->18854K(19072K) NonClass: 16189K(16320K)->16189K(16320K) Class: 2665K(2752K)->2665K(2752K)
[410.423s][info][gc             ] GC(1288) Pause Young (Allocation Failure) 702M->593M(869M) 82.320ms
[410.423s][info][gc,cpu         ] GC(1288) User=0.16s Sys=0.00s Real=0.08s
[410.684s][info][gc,start       ] GC(1289) Pause Young (Allocation Failure)
[410.743s][info][gc,heap        ] GC(1289) PSYoungGen: 175136K(222720K)->49936K(222720K) Eden: 111616K(111616K)->0K(111616K) From: 63520K(111104K)->49936K(111104K)
[410.743s][info][gc,heap        ] GC(1289) ParOldGen: 544586K(667648K)->558266K(667648K)
[410.743s][info][gc,metaspace   ] GC(1289) Metaspace: 18854K(19072K)->18854K(19072K) NonClass: 16189K(16320K)->16189K(16320K) Class: 2665K(2752K)->2665K(2752K)
[410.743s][info][gc             ] GC(1289) Pause Young (Allocation Failure) 702M->593M(869M) 59.825ms
[410.743s][info][gc,cpu         ] GC(1289) User=0.12s Sys=0.00s Real=0.06s
[411.014s][info][gc,start       ] GC(1290) Pause Young (Allocation Failure)
[411.063s][info][gc,heap        ] GC(1290) PSYoungGen: 161552K(222720K)->27136K(222720K) Eden: 111616K(111616K)->0K(111616K) From: 49936K(111104K)->27136K(111104K)
[411.063s][info][gc,heap        ] GC(1290) ParOldGen: 558266K(667648K)->581242K(667648K)
[411.063s][info][gc,metaspace   ] GC(1290) Metaspace: 18854K(19072K)->18854K(19072K) NonClass: 16189K(16320K)->16189K(16320K) Class: 2665K(2752K)->2665K(2752K)
[411.063s][info][gc             ] GC(1290) Pause Young (Allocation Failure) 702M->594M(869M) 48.779ms
[411.063s][info][gc,cpu         ] GC(1290) User=0.09s Sys=0.00s Real=0.05s
[411.330s][info][gc,start       ] GC(1291) Pause Young (Allocation Failure)
[411.358s][info][gc,heap        ] GC(1291) PSYoungGen: 138752K(222720K)->23536K(222720K) Eden: 111616K(111616K)->0K(111616K) From: 27136K(111104K)->23536K(111104K)
[411.358s][info][gc,heap        ] GC(1291) ParOldGen: 581242K(667648K)->584754K(667648K)
[411.358s][info][gc,metaspace   ] GC(1291) Metaspace: 18854K(19072K)->18854K(19072K) NonClass: 16189K(16320K)->16189K(16320K) Class: 2665K(2752K)->2665K(2752K)
[411.358s][info][gc             ] GC(1291) Pause Young (Allocation Failure) 703M->594M(869M) 27.606ms
[411.358s][info][gc,cpu         ] GC(1291) User=0.05s Sys=0.00s Real=0.02s
[411.579s][info][gc,start       ] GC(1292) Pause Young (Allocation Failure)
[411.606s][info][gc,heap        ] GC(1292) PSYoungGen: 135152K(222720K)->2304K(222720K) Eden: 111616K(111616K)->0K(111616K) From: 23536K(111104K)->2304K(111104K)
[411.606s][info][gc,heap        ] GC(1292) ParOldGen: 584754K(667648K)->608218K(667648K)
[411.606s][info][gc,metaspace   ] GC(1292) Metaspace: 18854K(19072K)->18854K(19072K) NonClass: 16189K(16320K)->16189K(16320K) Class: 2665K(2752K)->2665K(2752K)
[411.606s][info][gc             ] GC(1292) Pause Young (Allocation Failure) 703M->596M(869M) 26.890ms
[411.606s][info][gc,cpu         ] GC(1292) User=0.05s Sys=0.00s Real=0.03s
[411.731s][info][gc,start       ] GC(1293) Pause Young (Allocation Failure)
[411.755s][info][gc,heap        ] GC(1293) PSYoungGen: 113920K(222720K)->30800K(142848K) Eden: 111616K(111616K)->0K(111616K) From: 2304K(111104K)->30800K(31232K)
[411.755s][info][gc,heap        ] GC(1293) ParOldGen: 608218K(667648K)->608298K(667648K)
[411.755s][info][gc,metaspace   ] GC(1293) Metaspace: 18854K(19072K)->18854K(19072K) NonClass: 16189K(16320K)->16189K(16320K) Class: 2665K(2752K)->2665K(2752K)
[411.755s][info][gc             ] GC(1293) Pause Young (Allocation Failure) 705M->624M(791M) 23.501ms
[411.755s][info][gc,cpu         ] GC(1293) User=0.05s Sys=0.00s Real=0.02s
[411.822s][info][gc,start       ] GC(1294) Pause Young (Allocation Failure)
[411.868s][info][gc,heap        ] GC(1294) PSYoungGen: 142416K(142848K)->70496K(213504K) Eden: 111616K(111616K)->0K(107008K) From: 30800K(31232K)->70496K(106496K)
[411.868s][info][gc,heap        ] GC(1294) ParOldGen: 608298K(667648K)->608298K(667648K)
[411.868s][info][gc,metaspace   ] GC(1294) Metaspace: 18854K(19072K)->18854K(19072K) NonClass: 16189K(16320K)->16189K(16320K) Class: 2665K(2752K)->2665K(2752K)
[411.868s][info][gc             ] GC(1294) Pause Young (Allocation Failure) 733M->662M(860M) 46.558ms
[411.868s][info][gc,cpu         ] GC(1294) User=0.09s Sys=0.00s Real=0.04s
[412.041s][info][gc,start       ] GC(1295) Pause Young (Allocation Failure)
[412.086s][info][gc,heap        ] GC(1295) PSYoungGen: 177504K(213504K)->73104K(218112K) Eden: 107008K(107008K)->0K(107008K) From: 70496K(106496K)->73104K(111104K)
[412.087s][info][gc,heap        ] GC(1295) ParOldGen: 608298K(667648K)->608322K(667648K)
[412.087s][info][gc,metaspace   ] GC(1295) Metaspace: 18854K(19072K)->18854K(19072K) NonClass: 16189K(16320K)->16189K(16320K) Class: 2665K(2752K)->2665K(2752K)
[412.087s][info][gc             ] GC(1295) Pause Young (Allocation Failure) 767M->665M(865M) 45.331ms
[412.087s][info][gc,cpu         ] GC(1295) User=0.09s Sys=0.00s Real=0.04s
[412.254s][info][gc,start       ] GC(1296) Pause Young (Allocation Failure)
[412.329s][info][gc,heap        ] GC(1296) PSYoungGen: 180112K(218112K)->57782K(222720K) Eden: 107008K(107008K)->0K(111616K) From: 73104K(111104K)->57782K(111104K)
[412.329s][info][gc,heap        ] GC(1296) ParOldGen: 608322K(667648K)->639371K(667648K)
[412.329s][info][gc,metaspace   ] GC(1296) Metaspace: 18855K(19072K)->18855K(19072K) NonClass: 16190K(16320K)->16190K(16320K) Class: 2665K(2752K)->2665K(2752K)
[412.329s][info][gc             ] GC(1296) Pause Young (Allocation Failure) 769M->680M(869M) 75.227ms
[412.329s][info][gc,cpu         ] GC(1296) User=0.15s Sys=0.00s Real=0.07s
[412.527s][info][gc,start       ] GC(1297) Pause Full (Allocation Failure)
[412.527s][info][gc,phases,start] GC(1297) Marking Phase
[412.844s][info][gc,phases      ] GC(1297) Marking Phase 316.221ms
[412.844s][info][gc,phases,start] GC(1297) Summary Phase
[412.844s][info][gc,phases      ] GC(1297) Summary Phase 0.026ms
[412.844s][info][gc,phases,start] GC(1297) Forward
[412.923s][info][gc,phases      ] GC(1297) Forward 79.732ms
[412.923s][info][gc,phases,start] GC(1297) Adjust Pointers
[413.158s][info][gc,phases      ] GC(1297) Adjust Pointers 234.749ms
[413.158s][info][gc,phases,start] GC(1297) Compaction Phase
[413.270s][info][gc,phases      ] GC(1297) Compaction Phase 112.163ms
[413.278s][info][gc,phases,start] GC(1297) Post Compact
[413.280s][info][gc,phases      ] GC(1297) Post Compact 2.356ms
[413.280s][info][gc,heap        ] GC(1297) PSYoungGen: 169398K(222720K)->0K(222720K) Eden: 111616K(111616K)->0K(111616K) From: 57782K(111104K)->0K(111104K)
[413.280s][info][gc,heap        ] GC(1297) ParOldGen: 639371K(667648K)->458397K(667648K)
[413.280s][info][gc,metaspace   ] GC(1297) Metaspace: 18855K(19072K)->18855K(19072K) NonClass: 16190K(16320K)->16190K(16320K) Class: 2665K(2752K)->2665K(2752K)
[413.280s][info][gc             ] GC(1297) Pause Full (Allocation Failure) 789M->447M(869M) 752.938ms
[413.280s][info][gc,cpu         ] GC(1297) User=1.42s Sys=0.00s Real=0.76s
[413.462s][info][gc,start       ] GC(1298) Pause Young (Allocation Failure)
[413.464s][info][gc,heap        ] GC(1298) PSYoungGen: 111616K(222720K)->64K(222720K) Eden: 111616K(111616K)->0K(111616K) From: 0K(111104K)->64K(111104K)
[413.464s][info][gc,heap        ] GC(1298) ParOldGen: 458397K(667648K)->458397K(667648K)
[413.464s][info][gc,metaspace   ] GC(1298) Metaspace: 18855K(19072K)->18855K(19072K) NonClass: 16190K(16320K)->16190K(16320K) Class: 2665K(2752K)->2665K(2752K)
[413.464s][info][gc             ] GC(1298) Pause Young (Allocation Failure) 556M->447M(869M) 1.533ms
[413.464s][info][gc,cpu         ] GC(1298) User=0.00s Sys=0.00s Real=0.00s
[413.654s][info][gc,start       ] GC(1299) Pause Young (Allocation Failure)
[413.655s][info][gc,heap        ] GC(1299) PSYoungGen: 111680K(222720K)->64K(222720K) Eden: 111616K(111616K)->0K(111616K) From: 64K(111104K)->64K(111104K)
[413.655s][info][gc,heap        ] GC(1299) ParOldGen: 458397K(667648K)->458413K(667648K)
[413.655s][info][gc,metaspace   ] GC(1299) Metaspace: 18855K(19072K)->18855K(19072K) NonClass: 16190K(16320K)->16190K(16320K) Class: 2665K(2752K)->2665K(2752K)
[413.655s][info][gc             ] GC(1299) Pause Young (Allocation Failure) 556M->447M(869M) 1.682ms
[413.655s][info][gc,cpu         ] GC(1299) User=0.00s Sys=0.00s Real=0.00s
[413.841s][info][gc,start       ] GC(1300) Pause Young (Allocation Failure)
[413.842s][info][gc,heap        ] GC(1300) PSYoungGen: 111680K(222720K)->160K(222720K) Eden: 111616K(111616K)->0K(111616K) From: 64K(111104K)->160K(111104K)
[413.842s][info][gc,heap        ] GC(1300) ParOldGen: 458413K(667648K)->458429K(667648K)
[413.842s][info][gc,metaspace   ] GC(1300) Metaspace: 18855K(19072K)->18855K(19072K) NonClass: 16190K(16320K)->16190K(16320K) Class: 2665K(2752K)->2665K(2752K)
[413.842s][info][gc             ] GC(1300) Pause Young (Allocation Failure) 556M->447M(869M) 1.854ms
[413.842s][info][gc,cpu         ] GC(1300) User=0.01s Sys=0.00s Real=0.00s
[414.005s][info][gc,start       ] GC(1301) Pause Young (Allocation Failure)
[414.010s][info][gc,heap        ] GC(1301) PSYoungGen: 111776K(222720K)->4528K(116224K) Eden: 111616K(111616K)->0K(111616K) From: 160K(111104K)->4528K(4608K)
[414.010s][info][gc,heap        ] GC(1301) ParOldGen: 458429K(667648K)->458581K(667648K)
[414.010s][info][gc,metaspace   ] GC(1301) Metaspace: 18855K(19072K)->18855K(19072K) NonClass: 16190K(16320K)->16190K(16320K) Class: 2665K(2752K)->2665K(2752K)
[414.010s][info][gc             ] GC(1301) Pause Young (Allocation Failure) 556M->452M(765M) 5.395ms
[414.010s][info][gc,cpu         ] GC(1301) User=0.01s Sys=0.00s Real=0.01s
[414.066s][info][gc,start       ] GC(1302) Pause Young (Allocation Failure)
[414.095s][info][gc,heap        ] GC(1302) PSYoungGen: 116144K(116224K)->40512K(224256K) Eden: 111616K(111616K)->0K(116224K) From: 4528K(4608K)->40512K(108032K)
[414.095s][info][gc,heap        ] GC(1302) ParOldGen: 458581K(667648K)->458581K(667648K)
[414.095s][info][gc,metaspace   ] GC(1302) Metaspace: 18855K(19072K)->18855K(19072K) NonClass: 16190K(16320K)->16190K(16320K) Class: 2665K(2752K)->2665K(2752K)
[414.095s][info][gc             ] GC(1302) Pause Young (Allocation Failure) 561M->487M(871M) 29.284ms
[414.095s][info][gc,cpu         ] GC(1302) User=0.05s Sys=0.00s Real=0.03s
[414.158s][info][gc,start       ] GC(1303) Pause Young (Allocation Failure)
[414.208s][info][gc,heap        ] GC(1303) PSYoungGen: 156736K(224256K)->78608K(222208K) Eden: 116224K(116224K)->0K(116224K) From: 40512K(108032K)->78608K(105984K)
[414.208s][info][gc,heap        ] GC(1303) ParOldGen: 458581K(667648K)->458581K(667648K)
[414.208s][info][gc,metaspace   ] GC(1303) Metaspace: 18855K(19072K)->18855K(19072K) NonClass: 16190K(16320K)->16190K(16320K) Class: 2665K(2752K)->2665K(2752K)
[414.208s][info][gc             ] GC(1303) Pause Young (Allocation Failure) 600M->524M(869M) 50.495ms
[414.208s][info][gc,cpu         ] GC(1303) User=0.10s Sys=0.00s Real=0.05s
[414.362s][info][gc,start       ] GC(1304) Pause Young (Allocation Failure)
[414.408s][info][gc,heap        ] GC(1304) PSYoungGen: 194832K(222208K)->38912K(224768K) Eden: 116224K(116224K)->0K(113664K) From: 78608K(105984K)->38912K(111104K)
[414.408s][info][gc,heap        ] GC(1304) ParOldGen: 458581K(667648K)->499366K(667648K)
[414.408s][info][gc,metaspace   ] GC(1304) Metaspace: 18855K(19072K)->18855K(19072K) NonClass: 16190K(16320K)->16190K(16320K) Class: 2665K(2752K)->2665K(2752K)
[414.408s][info][gc             ] GC(1304) Pause Young (Allocation Failure) 638M->525M(871M) 46.371ms
[414.408s][info][gc,cpu         ] GC(1304) User=0.10s Sys=0.00s Real=0.04s
[414.528s][info][gc,start       ] GC(1305) Pause Young (Allocation Failure)
[414.552s][info][gc,heap        ] GC(1305) PSYoungGen: 152576K(224768K)->39008K(153088K) Eden: 113664K(113664K)->0K(113664K) From: 38912K(111104K)->39008K(39424K)
[414.552s][info][gc,heap        ] GC(1305) ParOldGen: 499366K(667648K)->499366K(667648K)
[414.552s][info][gc,metaspace   ] GC(1305) Metaspace: 18855K(19072K)->18855K(19072K) NonClass: 16190K(16320K)->16190K(16320K) Class: 2665K(2752K)->2665K(2752K)
[414.552s][info][gc             ] GC(1305) Pause Young (Allocation Failure) 636M->525M(801M) 23.425ms
[414.552s][info][gc,cpu         ] GC(1305) User=0.05s Sys=0.00s Real=0.03s
[414.671s][info][gc,start       ] GC(1306) Pause Young (Allocation Failure)
[414.695s][info][gc,heap        ] GC(1306) PSYoungGen: 152672K(153088K)->39104K(218624K) Eden: 113664K(113664K)->0K(119296K) From: 39008K(39424K)->39104K(99328K)
[414.695s][info][gc,heap        ] GC(1306) ParOldGen: 499366K(667648K)->499366K(667648K)
[414.695s][info][gc,metaspace   ] GC(1306) Metaspace: 18855K(19072K)->18855K(19072K) NonClass: 16190K(16320K)->16190K(16320K) Class: 2665K(2752K)->2665K(2752K)
[414.695s][info][gc             ] GC(1306) Pause Young (Allocation Failure) 636M->525M(865M) 23.744ms
[414.695s][info][gc,cpu         ] GC(1306) User=0.04s Sys=0.00s Real=0.02s
[414.820s][info][gc,start       ] GC(1307) Pause Young (Allocation Failure)
[414.844s][info][gc,heap        ] GC(1307) PSYoungGen: 158400K(218624K)->39200K(216064K) Eden: 119296K(119296K)->0K(119296K) From: 39104K(99328K)->39200K(96768K)
[414.844s][info][gc,heap        ] GC(1307) ParOldGen: 499366K(667648K)->499366K(667648K)
[414.844s][info][gc,metaspace   ] GC(1307) Metaspace: 18855K(19072K)->18855K(19072K) NonClass: 16190K(16320K)->16190K(16320K) Class: 2665K(2752K)->2665K(2752K)
[414.844s][info][gc             ] GC(1307) Pause Young (Allocation Failure) 642M->525M(863M) 24.613ms
[414.844s][info][gc,cpu         ] GC(1307) User=0.05s Sys=0.00s Real=0.03s
[414.969s][info][gc,start       ] GC(1308) Pause Young (Allocation Failure)
[414.994s][info][gc,heap        ] GC(1308) PSYoungGen: 158496K(216064K)->39264K(208896K) Eden: 119296K(119296K)->0K(127488K) From: 39200K(96768K)->39264K(81408K)
[414.994s][info][gc,heap        ] GC(1308) ParOldGen: 499366K(667648K)->499366K(667648K)
[414.994s][info][gc,metaspace   ] GC(1308) Metaspace: 18855K(19072K)->18855K(19072K) NonClass: 16190K(16320K)->16190K(16320K) Class: 2665K(2752K)->2665K(2752K)
[414.995s][info][gc             ] GC(1308) Pause Young (Allocation Failure) 642M->526M(856M) 25.170ms
[414.995s][info][gc,cpu         ] GC(1308) User=0.05s Sys=0.00s Real=0.03s
[415.129s][info][gc,start       ] GC(1309) Pause Young (Allocation Failure)
[415.154s][info][gc,heap        ] GC(1309) PSYoungGen: 166752K(208896K)->39360K(214016K) Eden: 127488K(127488K)->0K(127488K) From: 39264K(81408K)->39360K(86528K)
[415.154s][info][gc,heap        ] GC(1309) ParOldGen: 499366K(667648K)->499366K(667648K)
[415.154s][info][gc,metaspace   ] GC(1309) Metaspace: 18855K(19072K)->18855K(19072K) NonClass: 16190K(16320K)->16190K(16320K) Class: 2665K(2752K)->2665K(2752K)
[415.154s][info][gc             ] GC(1309) Pause Young (Allocation Failure) 650M->526M(861M) 24.637ms
[415.154s][info][gc,cpu         ] GC(1309) User=0.04s Sys=0.00s Real=0.03s
[415.269s][info][gc,start       ] GC(1310) Pause Young (Allocation Failure)
[415.306s][info][gc,heap        ] GC(1310) PSYoungGen: 166848K(214016K)->51264K(217600K) Eden: 127488K(127488K)->0K(135168K) From: 39360K(86528K)->51264K(82432K)
[415.306s][info][gc,heap        ] GC(1310) ParOldGen: 499366K(667648K)->499366K(667648K)
[415.306s][info][gc,metaspace   ] GC(1310) Metaspace: 18855K(19072K)->18855K(19072K) NonClass: 16190K(16320K)->16190K(16320K) Class: 2665K(2752K)->2665K(2752K)
[415.306s][info][gc             ] GC(1310) Pause Young (Allocation Failure) 650M->537M(864M) 36.941ms
[415.306s][info][gc,cpu         ] GC(1310) User=0.07s Sys=0.00s Real=0.04s
[415.414s][info][gc,start       ] GC(1311) Pause Young (Allocation Failure)
[415.469s][info][gc,heap        ] GC(1311) PSYoungGen: 186432K(217600K)->71136K(218112K) Eden: 135168K(135168K)->0K(135168K) From: 51264K(82432K)->71136K(82944K)
[415.469s][info][gc,heap        ] GC(1311) ParOldGen: 499366K(667648K)->499366K(667648K)
[415.469s][info][gc,metaspace   ] GC(1311) Metaspace: 18855K(19072K)->18855K(19072K) NonClass: 16190K(16320K)->16190K(16320K) Class: 2665K(2752K)->2665K(2752K)
[415.469s][info][gc             ] GC(1311) Pause Young (Allocation Failure) 669M->557M(865M) 55.107ms
[415.469s][info][gc,cpu         ] GC(1311) User=0.11s Sys=0.00s Real=0.05s
[415.570s][info][gc,start       ] GC(1312) Pause Young (Allocation Failure)
[415.633s][info][gc,heap        ] GC(1312) PSYoungGen: 206304K(218112K)->74912K(228864K) Eden: 135168K(135168K)->0K(138240K) From: 71136K(82944K)->74912K(90624K)
[415.633s][info][gc,heap        ] GC(1312) ParOldGen: 499366K(667648K)->499366K(667648K)
[415.633s][info][gc,metaspace   ] GC(1312) Metaspace: 18855K(19072K)->18855K(19072K) NonClass: 16190K(16320K)->16190K(16320K) Class: 2665K(2752K)->2665K(2752K)
[415.633s][info][gc             ] GC(1312) Pause Young (Allocation Failure) 689M->560M(875M) 62.915ms
[415.633s][info][gc,cpu         ] GC(1312) User=0.12s Sys=0.01s Real=0.06s
[415.749s][info][gc,start       ] GC(1313) Pause Young (Allocation Failure)
[415.809s][info][gc,heap        ] GC(1313) PSYoungGen: 213152K(228864K)->76416K(215040K) Eden: 138240K(138240K)->0K(138240K) From: 74912K(90624K)->76416K(76800K)
[415.809s][info][gc,heap        ] GC(1313) ParOldGen: 499366K(667648K)->499366K(667648K)
[415.809s][info][gc,metaspace   ] GC(1313) Metaspace: 18855K(19072K)->18855K(19072K) NonClass: 16190K(16320K)->16190K(16320K) Class: 2665K(2752K)->2665K(2752K)
[415.809s][info][gc             ] GC(1313) Pause Young (Allocation Failure) 695M->562M(862M) 60.058ms
[415.809s][info][gc,cpu         ] GC(1313) User=0.12s Sys=0.00s Real=0.06s
[415.913s][info][gc,start       ] GC(1314) Pause Young (Allocation Failure)
[415.985s][info][gc,heap        ] GC(1314) PSYoungGen: 214656K(215040K)->83168K(215552K) Eden: 138240K(138240K)->0K(111616K) From: 76416K(76800K)->83168K(103936K)
[415.985s][info][gc,heap        ] GC(1314) ParOldGen: 499366K(667648K)->499366K(667648K)
[415.985s][info][gc,metaspace   ] GC(1314) Metaspace: 18857K(19072K)->18857K(19072K) NonClass: 16191K(16320K)->16191K(16320K) Class: 2665K(2752K)->2665K(2752K)
[415.985s][info][gc             ] GC(1314) Pause Young (Allocation Failure) 697M->568M(862M) 72.212ms
[415.985s][info][gc,cpu         ] GC(1314) User=0.14s Sys=0.00s Real=0.07s
[416.090s][info][gc,start       ] GC(1315) Pause Young (Allocation Failure)
[416.184s][info][gc,heap        ] GC(1315) PSYoungGen: 194784K(215552K)->98731K(222720K) Eden: 111616K(111616K)->0K(111616K) From: 83168K(103936K)->98731K(111104K)
[416.184s][info][gc,heap        ] GC(1315) ParOldGen: 499366K(667648K)->499366K(667648K)
[416.184s][info][gc,metaspace   ] GC(1315) Metaspace: 18857K(19072K)->18857K(19072K) NonClass: 16191K(16320K)->16191K(16320K) Class: 2665K(2752K)->2665K(2752K)
[416.184s][info][gc             ] GC(1315) Pause Young (Allocation Failure) 677M->584M(869M) 93.818ms
[416.184s][info][gc,cpu         ] GC(1315) User=0.19s Sys=0.00s Real=0.09s
[416.283s][info][gc,start       ] GC(1316) Pause Young (Allocation Failure)
[416.388s][info][gc,heap        ] GC(1316) PSYoungGen: 210347K(222720K)->68139K(222720K) Eden: 111616K(111616K)->0K(111616K) From: 98731K(111104K)->68139K(111104K)
[416.388s][info][gc,heap        ] GC(1316) ParOldGen: 499366K(667648K)->538614K(667648K)
[416.388s][info][gc,metaspace   ] GC(1316) Metaspace: 18857K(19072K)->18857K(19072K) NonClass: 16192K(16320K)->16192K(16320K) Class: 2665K(2752K)->2665K(2752K)
[416.388s][info][gc             ] GC(1316) Pause Young (Allocation Failure) 693M->592M(869M) 104.487ms
[416.388s][info][gc,cpu         ] GC(1316) User=0.20s Sys=0.00s Real=0.10s
[416.512s][info][gc,start       ] GC(1317) Pause Young (Allocation Failure)
[416.597s][info][gc,heap        ] GC(1317) PSYoungGen: 179755K(222720K)->78220K(222720K) Eden: 111616K(111616K)->0K(111616K) From: 68139K(111104K)->78220K(111104K)
[416.597s][info][gc,heap        ] GC(1317) ParOldGen: 538614K(667648K)->538782K(667648K)
[416.597s][info][gc,metaspace   ] GC(1317) Metaspace: 18857K(19072K)->18857K(19072K) NonClass: 16192K(16320K)->16192K(16320K) Class: 2665K(2752K)->2665K(2752K)
[416.597s][info][gc             ] GC(1317) Pause Young (Allocation Failure) 701M->602M(869M) 85.425ms
[416.597s][info][gc,cpu         ] GC(1317) User=0.17s Sys=0.00s Real=0.08s
[416.733s][info][gc,start       ] GC(1318) Pause Young (Allocation Failure)
[416.828s][info][gc,heap        ] GC(1318) PSYoungGen: 189836K(222720K)->83020K(222720K) Eden: 111616K(111616K)->0K(111616K) From: 78220K(111104K)->83020K(111104K)
[416.828s][info][gc,heap        ] GC(1318) ParOldGen: 538782K(667648K)->538982K(667648K)
[416.828s][info][gc,metaspace   ] GC(1318) Metaspace: 18857K(19072K)->18857K(19072K) NonClass: 16192K(16320K)->16192K(16320K) Class: 2665K(2752K)->2665K(2752K)
[416.828s][info][gc             ] GC(1318) Pause Young (Allocation Failure) 711M->607M(869M) 95.657ms
[416.828s][info][gc,cpu         ] GC(1318) User=0.19s Sys=0.00s Real=0.09s
[417.061s][info][gc,start       ] GC(1319) Pause Young (Allocation Failure)
[417.151s][info][gc,heap        ] GC(1319) PSYoungGen: 194636K(222720K)->71068K(222720K) Eden: 111616K(111616K)->0K(111616K) From: 83020K(111104K)->71068K(111104K)
[417.151s][info][gc,heap        ] GC(1319) ParOldGen: 538982K(667648K)->550998K(667648K)
[417.151s][info][gc,metaspace   ] GC(1319) Metaspace: 18857K(19072K)->18857K(19072K) NonClass: 16192K(16320K)->16192K(16320K) Class: 2665K(2752K)->2665K(2752K)
[417.151s][info][gc             ] GC(1319) Pause Young (Allocation Failure) 716M->607M(869M) 90.663ms
[417.151s][info][gc,cpu         ] GC(1319) User=0.18s Sys=0.00s Real=0.09s
[417.326s][info][gc,start       ] GC(1320) Pause Young (Allocation Failure)
[417.407s][info][gc,heap        ] GC(1320) PSYoungGen: 182684K(222720K)->47420K(222720K) Eden: 111616K(111616K)->0K(111616K) From: 71068K(111104K)->47420K(111104K)
[417.407s][info][gc,heap        ] GC(1320) ParOldGen: 550998K(667648K)->574710K(667648K)
[417.407s][info][gc,metaspace   ] GC(1320) Metaspace: 18857K(19072K)->18857K(19072K) NonClass: 16192K(16320K)->16192K(16320K) Class: 2665K(2752K)->2665K(2752K)
[417.407s][info][gc             ] GC(1320) Pause Young (Allocation Failure) 716M->607M(869M) 80.975ms
[417.407s][info][gc,cpu         ] GC(1320) User=0.16s Sys=0.00s Real=0.08s
[417.611s][info][gc,start       ] GC(1321) Pause Young (Allocation Failure)
[417.670s][info][gc,heap        ] GC(1321) PSYoungGen: 159036K(222720K)->39228K(222720K) Eden: 111616K(111616K)->0K(111616K) From: 47420K(111104K)->39228K(111104K)
[417.670s][info][gc,heap        ] GC(1321) ParOldGen: 574710K(667648K)->583014K(667648K)
[417.670s][info][gc,metaspace   ] GC(1321) Metaspace: 18857K(19072K)->18857K(19072K) NonClass: 16192K(16320K)->16192K(16320K) Class: 2665K(2752K)->2665K(2752K)
[417.670s][info][gc             ] GC(1321) Pause Young (Allocation Failure) 716M->607M(869M) 58.915ms
[417.670s][info][gc,cpu         ] GC(1321) User=0.12s Sys=0.00s Real=0.06s
[417.854s][info][gc,start       ] GC(1322) Pause Young (Allocation Failure)
[417.902s][info][gc,heap        ] GC(1322) PSYoungGen: 150844K(222720K)->15376K(222720K) Eden: 111616K(111616K)->0K(111616K) From: 39228K(111104K)->15376K(111104K)
[417.902s][info][gc,heap        ] GC(1322) ParOldGen: 583014K(667648K)->606902K(667648K)
[417.902s][info][gc,metaspace   ] GC(1322) Metaspace: 18857K(19072K)->18857K(19072K) NonClass: 16192K(16320K)->16192K(16320K) Class: 2665K(2752K)->2665K(2752K)
[417.902s][info][gc             ] GC(1322) Pause Young (Allocation Failure) 716M->607M(869M) 47.458ms
[417.902s][info][gc,cpu         ] GC(1322) User=0.09s Sys=0.00s Real=0.05s
[418.077s][info][gc,start       ] GC(1323) Pause Young (Allocation Failure)
[418.094s][info][gc,heap        ] GC(1323) PSYoungGen: 126992K(222720K)->96K(222720K) Eden: 111616K(111616K)->0K(111616K) From: 15376K(111104K)->96K(111104K)
[418.094s][info][gc,heap        ] GC(1323) ParOldGen: 606902K(667648K)->622174K(667648K)
[418.094s][info][gc,metaspace   ] GC(1323) Metaspace: 18857K(19072K)->18857K(19072K) NonClass: 16192K(16320K)->16192K(16320K) Class: 2665K(2752K)->2665K(2752K)
[418.094s][info][gc             ] GC(1323) Pause Young (Allocation Failure) 716M->607M(869M) 16.860ms
[418.094s][info][gc,cpu         ] GC(1323) User=0.03s Sys=0.00s Real=0.02s
[418.232s][info][gc,start       ] GC(1324) Pause Young (Allocation Failure)
[418.254s][info][gc,heap        ] GC(1324) PSYoungGen: 111712K(222720K)->16832K(222720K) Eden: 111616K(111616K)->0K(111616K) From: 96K(111104K)->16832K(111104K)
[418.254s][info][gc,heap        ] GC(1324) ParOldGen: 622174K(667648K)->622214K(667648K)
[418.254s][info][gc,metaspace   ] GC(1324) Metaspace: 18857K(19072K)->18857K(19072K) NonClass: 16192K(16320K)->16192K(16320K) Class: 2665K(2752K)->2665K(2752K)
[418.254s][info][gc             ] GC(1324) Pause Young (Allocation Failure) 716M->624M(869M) 22.157ms
[418.254s][info][gc,cpu         ] GC(1324) User=0.04s Sys=0.00s Real=0.02s
[418.385s][info][gc,start       ] GC(1325) Pause Young (Allocation Failure)
[418.419s][info][gc,heap        ] GC(1325) PSYoungGen: 128448K(222720K)->33888K(222720K) Eden: 111616K(111616K)->0K(111616K) From: 16832K(111104K)->33888K(111104K)
[418.419s][info][gc,heap        ] GC(1325) ParOldGen: 622214K(667648K)->622270K(667648K)
[418.419s][info][gc,metaspace   ] GC(1325) Metaspace: 18857K(19072K)->18857K(19072K) NonClass: 16192K(16320K)->16192K(16320K) Class: 2665K(2752K)->2665K(2752K)
[418.419s][info][gc             ] GC(1325) Pause Young (Allocation Failure) 733M->640M(869M) 34.408ms
[418.419s][info][gc,cpu         ] GC(1325) User=0.07s Sys=0.00s Real=0.03s
[418.518s][info][gc,start       ] GC(1326) Pause Young (Allocation Failure)
[418.559s][info][gc,heap        ] GC(1326) PSYoungGen: 145504K(222720K)->24352K(221696K) Eden: 111616K(111616K)->0K(111616K) From: 33888K(111104K)->24352K(110080K)
[418.559s][info][gc,heap        ] GC(1326) ParOldGen: 622270K(667648K)->639046K(667648K)
[418.559s][info][gc,metaspace   ] GC(1326) Metaspace: 18857K(19072K)->18857K(19072K) NonClass: 16192K(16320K)->16192K(16320K) Class: 2665K(2752K)->2665K(2752K)
[418.559s][info][gc             ] GC(1326) Pause Young (Allocation Failure) 749M->647M(868M) 40.710ms
[418.559s][info][gc,cpu         ] GC(1326) User=0.08s Sys=0.00s Real=0.04s
[418.673s][info][gc,start       ] GC(1327) Pause Full (Allocation Failure)
[418.673s][info][gc,phases,start] GC(1327) Marking Phase
[418.912s][info][gc,phases      ] GC(1327) Marking Phase 238.946ms
[418.912s][info][gc,phases,start] GC(1327) Summary Phase
[418.912s][info][gc,phases      ] GC(1327) Summary Phase 0.025ms
[418.912s][info][gc,phases,start] GC(1327) Forward
[419.033s][info][gc,phases      ] GC(1327) Forward 120.744ms
[419.033s][info][gc,phases,start] GC(1327) Adjust Pointers
[419.218s][info][gc,phases      ] GC(1327) Adjust Pointers 184.249ms
[419.218s][info][gc,phases,start] GC(1327) Compaction Phase
[419.329s][info][gc,phases      ] GC(1327) Compaction Phase 110.933ms
[419.340s][info][gc,phases,start] GC(1327) Post Compact
[419.343s][info][gc,phases      ] GC(1327) Post Compact 2.231ms
[419.344s][info][gc,heap        ] GC(1327) PSYoungGen: 135968K(221696K)->0K(222208K) Eden: 111616K(111616K)->0K(111616K) From: 24352K(110080K)->0K(110592K)
[419.344s][info][gc,heap        ] GC(1327) ParOldGen: 639046K(667648K)->347431K(634880K)
[419.344s][info][gc,metaspace   ] GC(1327) Metaspace: 18857K(19072K)->18857K(19072K) NonClass: 16192K(16320K)->16192K(16320K) Class: 2665K(2752K)->2665K(2752K)
[419.344s][info][gc             ] GC(1327) Pause Full (Allocation Failure) 756M->339M(837M) 670.709ms
[419.344s][info][gc,cpu         ] GC(1327) User=1.18s Sys=0.01s Real=0.67s
[419.470s][info][gc,start       ] GC(1328) Pause Young (Allocation Failure)
[419.483s][info][gc,heap        ] GC(1328) PSYoungGen: 111616K(222208K)->6048K(222208K) Eden: 111616K(111616K)->0K(112640K) From: 0K(110592K)->6048K(109568K)
[419.483s][info][gc,heap        ] GC(1328) ParOldGen: 347431K(634880K)->347431K(634880K)
[419.483s][info][gc,metaspace   ] GC(1328) Metaspace: 18857K(19072K)->18857K(19072K) NonClass: 16192K(16320K)->16192K(16320K) Class: 2665K(2752K)->2665K(2752K)
[419.483s][info][gc             ] GC(1328) Pause Young (Allocation Failure) 448M->345M(837M) 13.578ms
[419.483s][info][gc,cpu         ] GC(1328) User=0.03s Sys=0.00s Real=0.02s
[419.608s][info][gc,start       ] GC(1329) Pause Young (Allocation Failure)
[419.616s][info][gc,heap        ] GC(1329) PSYoungGen: 118688K(222208K)->6112K(222720K) Eden: 112640K(112640K)->0K(112640K) From: 6048K(109568K)->6112K(110080K)
[419.616s][info][gc,heap        ] GC(1329) ParOldGen: 347431K(634880K)->347431K(634880K)
[419.616s][info][gc,metaspace   ] GC(1329) Metaspace: 18857K(19072K)->18857K(19072K) NonClass: 16192K(16320K)->16192K(16320K) Class: 2665K(2752K)->2665K(2752K)
[419.616s][info][gc             ] GC(1329) Pause Young (Allocation Failure) 455M->345M(837M) 8.173ms
[419.616s][info][gc,cpu         ] GC(1329) User=0.02s Sys=0.00s Real=0.01s
[419.686s][info][gc,start       ] GC(1330) Pause Young (Allocation Failure)
[419.695s][info][gc,heap        ] GC(1330) PSYoungGen: 118752K(222720K)->6080K(219136K) Eden: 112640K(112640K)->0K(114688K) From: 6112K(110080K)->6080K(104448K)
[419.695s][info][gc,heap        ] GC(1330) ParOldGen: 347431K(634880K)->347431K(634880K)
[419.695s][info][gc,metaspace   ] GC(1330) Metaspace: 18857K(19072K)->18857K(19072K) NonClass: 16192K(16320K)->16192K(16320K) Class: 2665K(2752K)->2665K(2752K)
[419.695s][info][gc             ] GC(1330) Pause Young (Allocation Failure) 455M->345M(834M) 9.168ms
[419.695s][info][gc,cpu         ] GC(1330) User=0.02s Sys=0.00s Real=0.01s
[419.865s][info][gc,start       ] GC(1331) Pause Young (Allocation Failure)
[419.882s][info][gc,heap        ] GC(1331) PSYoungGen: 120768K(219136K)->13760K(221184K) Eden: 114688K(114688K)->0K(114688K) From: 6080K(104448K)->13760K(106496K)
[419.882s][info][gc,heap        ] GC(1331) ParOldGen: 347431K(634880K)->347431K(634880K)
[419.882s][info][gc,metaspace   ] GC(1331) Metaspace: 18857K(19072K)->18857K(19072K) NonClass: 16192K(16320K)->16192K(16320K) Class: 2665K(2752K)->2665K(2752K)
[419.882s][info][gc             ] GC(1331) Pause Young (Allocation Failure) 457M->352M(836M) 17.099ms
[419.882s][info][gc,cpu         ] GC(1331) User=0.03s Sys=0.00s Real=0.02s
[420.034s][info][gc,start       ] GC(1332) Pause Young (Allocation Failure)
[420.057s][info][gc,heap        ] GC(1332) PSYoungGen: 128448K(221184K)->21440K(213504K) Eden: 114688K(114688K)->0K(121344K) From: 13760K(106496K)->21440K(92160K)
[420.057s][info][gc,heap        ] GC(1332) ParOldGen: 347431K(634880K)->347431K(634880K)
[420.057s][info][gc,metaspace   ] GC(1332) Metaspace: 18857K(19072K)->18857K(19072K) NonClass: 16192K(16320K)->16192K(16320K) Class: 2665K(2752K)->2665K(2752K)
[420.057s][info][gc             ] GC(1332) Pause Young (Allocation Failure) 464M->360M(828M) 22.237ms
[420.057s][info][gc,cpu         ] GC(1332) User=0.04s Sys=0.00s Real=0.02s
[420.412s][info][gc,start       ] GC(1333) Pause Young (Allocation Failure)
[420.436s][info][gc,heap        ] GC(1333) PSYoungGen: 142784K(213504K)->21728K(218624K) Eden: 121344K(121344K)->0K(121344K) From: 21440K(92160K)->21728K(97280K)
[420.436s][info][gc,heap        ] GC(1333) ParOldGen: 347431K(634880K)->347431K(634880K)
[420.436s][info][gc,metaspace   ] GC(1333) Metaspace: 18857K(19072K)->18857K(19072K) NonClass: 16192K(16320K)->16192K(16320K) Class: 2665K(2752K)->2665K(2752K)
[420.436s][info][gc             ] GC(1333) Pause Young (Allocation Failure) 478M->360M(833M) 23.512ms
[420.436s][info][gc,cpu         ] GC(1333) User=0.04s Sys=0.00s Real=0.02s
[420.684s][info][gc,start       ] GC(1334) Pause Young (Allocation Failure)
[420.711s][info][gc,heap        ] GC(1334) PSYoungGen: 143072K(218624K)->24064K(208384K) Eden: 121344K(121344K)->0K(127488K) From: 21728K(97280K)->24064K(80896K)
[420.711s][info][gc,heap        ] GC(1334) ParOldGen: 347431K(634880K)->347431K(634880K)
[420.711s][info][gc,metaspace   ] GC(1334) Metaspace: 18857K(19072K)->18857K(19072K) NonClass: 16192K(16320K)->16192K(16320K) Class: 2665K(2752K)->2665K(2752K)
[420.711s][info][gc             ] GC(1334) Pause Young (Allocation Failure) 479M->362M(823M) 26.315ms
[420.711s][info][gc,cpu         ] GC(1334) User=0.05s Sys=0.00s Real=0.03s
[420.789s][info][gc,start       ] GC(1335) Pause Young (Allocation Failure)
[420.850s][info][gc,heap        ] GC(1335) PSYoungGen: 151552K(208384K)->72976K(214016K) Eden: 127488K(127488K)->0K(127488K) From: 24064K(80896K)->72976K(86528K)
[420.850s][info][gc,heap        ] GC(1335) ParOldGen: 347431K(634880K)->347431K(634880K)
[420.850s][info][gc,metaspace   ] GC(1335) Metaspace: 18857K(19072K)->18857K(19072K) NonClass: 16192K(16320K)->16192K(16320K) Class: 2665K(2752K)->2665K(2752K)
[420.850s][info][gc             ] GC(1335) Pause Young (Allocation Failure) 487M->410M(829M) 61.043ms
[420.850s][info][gc,cpu         ] GC(1335) User=0.12s Sys=0.00s Real=0.07s
[420.915s][info][gc,start       ] GC(1336) Pause Young (Allocation Failure)
[421.014s][info][gc,heap        ] GC(1336) PSYoungGen: 200464K(214016K)->97248K(208896K) Eden: 127488K(127488K)->0K(111616K) From: 72976K(86528K)->97248K(97280K)
[421.014s][info][gc,heap        ] GC(1336) ParOldGen: 347431K(634880K)->367071K(634880K)
[421.014s][info][gc,metaspace   ] GC(1336) Metaspace: 18857K(19072K)->18857K(19072K) NonClass: 16192K(16320K)->16192K(16320K) Class: 2665K(2752K)->2665K(2752K)
[421.014s][info][gc             ] GC(1336) Pause Young (Allocation Failure) 535M->453M(824M) 98.817ms
[421.014s][info][gc,cpu         ] GC(1336) User=0.18s Sys=0.02s Real=0.10s
[421.130s][info][gc,start       ] GC(1337) Pause Young (Allocation Failure)
[421.231s][info][gc,heap        ] GC(1337) PSYoungGen: 208864K(208896K)->111072K(222720K) Eden: 111616K(111616K)->0K(111616K) From: 97248K(97280K)->111072K(111104K)
[421.231s][info][gc,heap        ] GC(1337) ParOldGen: 367071K(634880K)->392191K(634880K)
[421.231s][info][gc,metaspace   ] GC(1337) Metaspace: 18857K(19072K)->18857K(19072K) NonClass: 16192K(16320K)->16192K(16320K) Class: 2665K(2752K)->2665K(2752K)
[421.231s][info][gc             ] GC(1337) Pause Young (Allocation Failure) 562M->491M(837M) 100.330ms
[421.231s][info][gc,cpu         ] GC(1337) User=0.20s Sys=0.00s Real=0.10s
[421.577s][info][gc,start       ] GC(1338) Pause Young (Allocation Failure)
[421.677s][info][gc,heap        ] GC(1338) PSYoungGen: 222688K(222720K)->106528K(222720K) Eden: 111616K(111616K)->0K(111616K) From: 111072K(111104K)->106528K(111104K)
[421.677s][info][gc,heap        ] GC(1338) ParOldGen: 392191K(634880K)->398271K(634880K)
[421.677s][info][gc,metaspace   ] GC(1338) Metaspace: 18857K(19072K)->18857K(19072K) NonClass: 16192K(16320K)->16192K(16320K) Class: 2665K(2752K)->2665K(2752K)
[421.677s][info][gc             ] GC(1338) Pause Young (Allocation Failure) 600M->492M(837M) 100.343ms
[421.677s][info][gc,cpu         ] GC(1338) User=0.20s Sys=0.00s Real=0.10s
[421.818s][info][gc,start       ] GC(1339) Pause Young (Allocation Failure)
[421.916s][info][gc,heap        ] GC(1339) PSYoungGen: 218144K(222720K)->102944K(222720K) Eden: 111616K(111616K)->0K(111616K) From: 106528K(111104K)->102944K(111104K)
[421.916s][info][gc,heap        ] GC(1339) ParOldGen: 398271K(634880K)->405951K(634880K)
[421.916s][info][gc,metaspace   ] GC(1339) Metaspace: 18857K(19072K)->18857K(19072K) NonClass: 16192K(16320K)->16192K(16320K) Class: 2665K(2752K)->2665K(2752K)
[421.916s][info][gc             ] GC(1339) Pause Young (Allocation Failure) 601M->496M(837M) 97.946ms
[421.916s][info][gc,cpu         ] GC(1339) User=0.20s Sys=0.00s Real=0.10s
[422.016s][info][gc,start       ] GC(1340) Pause Young (Allocation Failure)
[422.112s][info][gc,heap        ] GC(1340) PSYoungGen: 214560K(222720K)->101056K(222720K) Eden: 111616K(111616K)->0K(111616K) From: 102944K(111104K)->101056K(111104K)
[422.112s][info][gc,heap        ] GC(1340) ParOldGen: 405951K(634880K)->413839K(634880K)
[422.112s][info][gc,metaspace   ] GC(1340) Metaspace: 18857K(19072K)->18857K(19072K) NonClass: 16192K(16320K)->16192K(16320K) Class: 2665K(2752K)->2665K(2752K)
[422.112s][info][gc             ] GC(1340) Pause Young (Allocation Failure) 605M->502M(837M) 95.488ms
[422.112s][info][gc,cpu         ] GC(1340) User=0.19s Sys=0.00s Real=0.10s
[422.249s][info][gc,start       ] GC(1341) Pause Young (Allocation Failure)
[422.407s][info][gc,heap        ] GC(1341) PSYoungGen: 212672K(222720K)->104067K(222720K) Eden: 111616K(111616K)->0K(111616K) From: 101056K(111104K)->104067K(111104K)
[422.407s][info][gc,heap        ] GC(1341) ParOldGen: 413839K(634880K)->465664K(634880K)
[422.407s][info][gc,metaspace   ] GC(1341) Metaspace: 18857K(19072K)->18857K(19072K) NonClass: 16192K(16320K)->16192K(16320K) Class: 2665K(2752K)->2665K(2752K)
[422.407s][info][gc             ] GC(1341) Pause Young (Allocation Failure) 611M->556M(837M) 158.484ms
[422.407s][info][gc,cpu         ] GC(1341) User=0.31s Sys=0.00s Real=0.16s
[422.499s][info][gc,start       ] GC(1342) Pause Young (Allocation Failure)
[422.632s][info][gc,heap        ] GC(1342) PSYoungGen: 215683K(222720K)->98265K(222720K) Eden: 111616K(111616K)->0K(111616K) From: 104067K(111104K)->98265K(111104K)
[422.632s][info][gc,heap        ] GC(1342) ParOldGen: 465664K(634880K)->504253K(634880K)
[422.632s][info][gc,metaspace   ] GC(1342) Metaspace: 18857K(19072K)->18857K(19072K) NonClass: 16192K(16320K)->16192K(16320K) Class: 2665K(2752K)->2665K(2752K)
[422.632s][info][gc             ] GC(1342) Pause Young (Allocation Failure) 665M->588M(837M) 133.377ms
[422.632s][info][gc,cpu         ] GC(1342) User=0.27s Sys=0.00s Real=0.14s
[422.776s][info][gc,start       ] GC(1343) Pause Young (Allocation Failure)
[422.886s][info][gc,heap        ] GC(1343) PSYoungGen: 209881K(222720K)->98857K(222720K) Eden: 111616K(111616K)->0K(111616K) From: 98265K(111104K)->98857K(111104K)
[422.886s][info][gc,heap        ] GC(1343) ParOldGen: 504253K(634880K)->509837K(634880K)
[422.886s][info][gc,metaspace   ] GC(1343) Metaspace: 18857K(19072K)->18857K(19072K) NonClass: 16192K(16320K)->16192K(16320K) Class: 2665K(2752K)->2665K(2752K)
[422.886s][info][gc             ] GC(1343) Pause Young (Allocation Failure) 697M->594M(837M) 110.213ms
[422.886s][info][gc,cpu         ] GC(1343) User=0.22s Sys=0.00s Real=0.11s
[423.039s][info][gc,start       ] GC(1344) Pause Young (Allocation Failure)
[423.158s][info][gc,heap        ] GC(1344) PSYoungGen: 210473K(222720K)->46368K(222720K) Eden: 111616K(111616K)->0K(111616K) From: 98857K(111104K)->46368K(111104K)
[423.158s][info][gc,heap        ] GC(1344) ParOldGen: 509837K(634880K)->570428K(634880K)
[423.158s][info][gc,metaspace   ] GC(1344) Metaspace: 18857K(19072K)->18857K(19072K) NonClass: 16192K(16320K)->16192K(16320K) Class: 2665K(2752K)->2665K(2752K)
[423.158s][info][gc             ] GC(1344) Pause Young (Allocation Failure) 703M->602M(837M) 119.144ms
[423.158s][info][gc,cpu         ] GC(1344) User=0.23s Sys=0.00s Real=0.12s
[423.318s][info][gc,start       ] GC(1345) Pause Young (Allocation Failure)
[423.363s][info][gc,heap        ] GC(1345) PSYoungGen: 157984K(222720K)->8032K(222720K) Eden: 111616K(111616K)->0K(111616K) From: 46368K(111104K)->8032K(111104K)
[423.363s][info][gc,heap        ] GC(1345) ParOldGen: 570428K(634880K)->608976K(634880K)
[423.363s][info][gc,metaspace   ] GC(1345) Metaspace: 18857K(19072K)->18857K(19072K) NonClass: 16192K(16320K)->16192K(16320K) Class: 2665K(2752K)->2665K(2752K)
[423.363s][info][gc             ] GC(1345) Pause Young (Allocation Failure) 711M->602M(837M) 45.767ms
[423.363s][info][gc,cpu         ] GC(1345) User=0.09s Sys=0.00s Real=0.05s
[423.520s][info][gc,start       ] GC(1346) Pause Full (Allocation Failure)
[423.520s][info][gc,phases,start] GC(1346) Marking Phase
[423.811s][info][gc,phases      ] GC(1346) Marking Phase 291.310ms
[423.811s][info][gc,phases,start] GC(1346) Summary Phase
[423.811s][info][gc,phases      ] GC(1346) Summary Phase 0.024ms
[423.811s][info][gc,phases,start] GC(1346) Forward
[423.924s][info][gc,phases      ] GC(1346) Forward 112.824ms
[423.924s][info][gc,phases,start] GC(1346) Adjust Pointers
[424.175s][info][gc,phases      ] GC(1346) Adjust Pointers 250.261ms
[424.175s][info][gc,phases,start] GC(1346) Compaction Phase
[424.316s][info][gc,phases      ] GC(1346) Compaction Phase 141.381ms
[424.331s][info][gc,phases,start] GC(1346) Post Compact
[424.333s][info][gc,phases      ] GC(1346) Post Compact 2.172ms
[424.333s][info][gc,heap        ] GC(1346) PSYoungGen: 119648K(222720K)->0K(222720K) Eden: 111616K(111616K)->0K(111616K) From: 8032K(111104K)->0K(111104K)
[424.333s][info][gc,heap        ] GC(1346) ParOldGen: 608976K(634880K)->457623K(667648K)
[424.333s][info][gc,metaspace   ] GC(1346) Metaspace: 18857K(19072K)->18857K(19072K) NonClass: 16192K(16320K)->16192K(16320K) Class: 2665K(2752K)->2665K(2752K)
[424.333s][info][gc             ] GC(1346) Pause Full (Allocation Failure) 711M->446M(869M) 813.429ms
[424.333s][info][gc,cpu         ] GC(1346) User=1.52s Sys=0.00s Real=0.81s
[424.492s][info][gc,start       ] GC(1347) Pause Young (Allocation Failure)
[424.493s][info][gc,heap        ] GC(1347) PSYoungGen: 111616K(222720K)->64K(222720K) Eden: 111616K(111616K)->0K(111616K) From: 0K(111104K)->64K(111104K)
[424.493s][info][gc,heap        ] GC(1347) ParOldGen: 457623K(667648K)->457623K(667648K)
[424.494s][info][gc,metaspace   ] GC(1347) Metaspace: 18857K(19072K)->18857K(19072K) NonClass: 16192K(16320K)->16192K(16320K) Class: 2665K(2752K)->2665K(2752K)
[424.494s][info][gc             ] GC(1347) Pause Young (Allocation Failure) 555M->446M(869M) 1.567ms
[424.494s][info][gc,cpu         ] GC(1347) User=0.00s Sys=0.00s Real=0.00s
[424.643s][info][gc,start       ] GC(1348) Pause Young (Allocation Failure)
[424.644s][info][gc,heap        ] GC(1348) PSYoungGen: 111680K(222720K)->64K(222720K) Eden: 111616K(111616K)->0K(111616K) From: 64K(111104K)->64K(111104K)
[424.644s][info][gc,heap        ] GC(1348) ParOldGen: 457623K(667648K)->457631K(667648K)
[424.644s][info][gc,metaspace   ] GC(1348) Metaspace: 18857K(19072K)->18857K(19072K) NonClass: 16192K(16320K)->16192K(16320K) Class: 2665K(2752K)->2665K(2752K)
[424.644s][info][gc             ] GC(1348) Pause Young (Allocation Failure) 555M->446M(869M) 1.568ms
[424.645s][info][gc,cpu         ] GC(1348) User=0.00s Sys=0.00s Real=0.00s
[424.794s][info][gc,start       ] GC(1349) Pause Young (Allocation Failure)
[424.795s][info][gc,heap        ] GC(1349) PSYoungGen: 111680K(222720K)->64K(222720K) Eden: 111616K(111616K)->0K(111616K) From: 64K(111104K)->64K(111104K)
[424.795s][info][gc,heap        ] GC(1349) ParOldGen: 457631K(667648K)->457631K(667648K)
[424.795s][info][gc,metaspace   ] GC(1349) Metaspace: 18857K(19072K)->18857K(19072K) NonClass: 16192K(16320K)->16192K(16320K) Class: 2665K(2752K)->2665K(2752K)
[424.795s][info][gc             ] GC(1349) Pause Young (Allocation Failure) 555M->446M(869M) 1.529ms
[424.795s][info][gc,cpu         ] GC(1349) User=0.00s Sys=0.01s Real=0.00s
[424.943s][info][gc,start       ] GC(1350) Pause Young (Allocation Failure)
[424.944s][info][gc,heap        ] GC(1350) PSYoungGen: 111680K(222720K)->64K(222720K) Eden: 111616K(111616K)->0K(111616K) From: 64K(111104K)->64K(111104K)
[424.944s][info][gc,heap        ] GC(1350) ParOldGen: 457631K(667648K)->457631K(667648K)
[424.944s][info][gc,metaspace   ] GC(1350) Metaspace: 18857K(19072K)->18857K(19072K) NonClass: 16192K(16320K)->16192K(16320K) Class: 2665K(2752K)->2665K(2752K)
[424.944s][info][gc             ] GC(1350) Pause Young (Allocation Failure) 555M->446M(869M) 1.555ms
[424.944s][info][gc,cpu         ] GC(1350) User=0.00s Sys=0.00s Real=0.00s
[425.092s][info][gc,start       ] GC(1351) Pause Young (Allocation Failure)
[425.094s][info][gc,heap        ] GC(1351) PSYoungGen: 111680K(222720K)->64K(222720K) Eden: 111616K(111616K)->0K(111616K) From: 64K(111104K)->64K(111104K)
[425.094s][info][gc,heap        ] GC(1351) ParOldGen: 457631K(667648K)->457631K(667648K)
[425.094s][info][gc,metaspace   ] GC(1351) Metaspace: 18857K(19072K)->18857K(19072K) NonClass: 16192K(16320K)->16192K(16320K) Class: 2665K(2752K)->2665K(2752K)
[425.094s][info][gc             ] GC(1351) Pause Young (Allocation Failure) 555M->446M(869M) 1.514ms
[425.094s][info][gc,cpu         ] GC(1351) User=0.00s Sys=0.00s Real=0.00s
[425.240s][info][gc,start       ] GC(1352) Pause Young (Allocation Failure)
[425.241s][info][gc,heap        ] GC(1352) PSYoungGen: 111680K(222720K)->64K(222720K) Eden: 111616K(111616K)->0K(111616K) From: 64K(111104K)->64K(111104K)
[425.241s][info][gc,heap        ] GC(1352) ParOldGen: 457631K(667648K)->457631K(667648K)
[425.241s][info][gc,metaspace   ] GC(1352) Metaspace: 18857K(19072K)->18857K(19072K) NonClass: 16192K(16320K)->16192K(16320K) Class: 2665K(2752K)->2665K(2752K)
[425.241s][info][gc             ] GC(1352) Pause Young (Allocation Failure) 555M->446M(869M) 1.568ms
[425.241s][info][gc,cpu         ] GC(1352) User=0.00s Sys=0.00s Real=0.01s
[425.390s][info][gc,start       ] GC(1353) Pause Young (Allocation Failure)
[425.391s][info][gc,heap        ] GC(1353) PSYoungGen: 111680K(222720K)->64K(222720K) Eden: 111616K(111616K)->0K(111616K) From: 64K(111104K)->64K(111104K)
[425.391s][info][gc,heap        ] GC(1353) ParOldGen: 457631K(667648K)->457631K(667648K)
[425.391s][info][gc,metaspace   ] GC(1353) Metaspace: 18857K(19072K)->18857K(19072K) NonClass: 16192K(16320K)->16192K(16320K) Class: 2665K(2752K)->2665K(2752K)
[425.391s][info][gc             ] GC(1353) Pause Young (Allocation Failure) 555M->446M(869M) 1.551ms
[425.391s][info][gc,cpu         ] GC(1353) User=0.00s Sys=0.00s Real=0.00s
[425.513s][info][gc,start       ] GC(1354) Pause Young (Allocation Failure)
[425.531s][info][gc,heap        ] GC(1354) PSYoungGen: 111680K(222720K)->15232K(222720K) Eden: 111616K(111616K)->0K(111616K) From: 64K(111104K)->15232K(111104K)
[425.531s][info][gc,heap        ] GC(1354) ParOldGen: 457631K(667648K)->457639K(667648K)
[425.531s][info][gc,metaspace   ] GC(1354) Metaspace: 18857K(19072K)->18857K(19072K) NonClass: 16192K(16320K)->16192K(16320K) Class: 2665K(2752K)->2665K(2752K)
[425.531s][info][gc             ] GC(1354) Pause Young (Allocation Failure) 555M->461M(869M) 17.536ms
[425.531s][info][gc,cpu         ] GC(1354) User=0.04s Sys=0.00s Real=0.02s
[425.639s][info][gc,start       ] GC(1355) Pause Young (Allocation Failure)
[425.667s][info][gc,heap        ] GC(1355) PSYoungGen: 126848K(222720K)->12448K(222720K) Eden: 111616K(111616K)->0K(111616K) From: 15232K(111104K)->12448K(111104K)
[425.667s][info][gc,heap        ] GC(1355) ParOldGen: 457639K(667648K)->472887K(667648K)
[425.667s][info][gc,metaspace   ] GC(1355) Metaspace: 18857K(19072K)->18857K(19072K) NonClass: 16192K(16320K)->16192K(16320K) Class: 2665K(2752K)->2665K(2752K)
[425.667s][info][gc             ] GC(1355) Pause Young (Allocation Failure) 570M->473M(869M) 28.317ms
[425.667s][info][gc,cpu         ] GC(1355) User=0.06s Sys=0.00s Real=0.03s
[425.754s][info][gc,start       ] GC(1356) Pause Young (Allocation Failure)
[425.772s][info][gc,heap        ] GC(1356) PSYoungGen: 124064K(222720K)->3424K(222720K) Eden: 111616K(111616K)->0K(111616K) From: 12448K(111104K)->3424K(111104K)
[425.772s][info][gc,heap        ] GC(1356) ParOldGen: 472887K(667648K)->485343K(667648K)
[425.772s][info][gc,metaspace   ] GC(1356) Metaspace: 18857K(19072K)->18857K(19072K) NonClass: 16192K(16320K)->16192K(16320K) Class: 2665K(2752K)->2665K(2752K)
[425.772s][info][gc             ] GC(1356) Pause Young (Allocation Failure) 582M->477M(869M) 18.668ms
[425.772s][info][gc,cpu         ] GC(1356) User=0.04s Sys=0.00s Real=0.02s
[425.873s][info][gc,start       ] GC(1357) Pause Young (Allocation Failure)
[425.883s][info][gc,heap        ] GC(1357) PSYoungGen: 115040K(222720K)->1824K(222720K) Eden: 111616K(111616K)->0K(111616K) From: 3424K(111104K)->1824K(111104K)
[425.883s][info][gc,heap        ] GC(1357) ParOldGen: 485343K(667648K)->488743K(667648K)
[425.883s][info][gc,metaspace   ] GC(1357) Metaspace: 18857K(19072K)->18857K(19072K) NonClass: 16192K(16320K)->16192K(16320K) Class: 2665K(2752K)->2665K(2752K)
[425.883s][info][gc             ] GC(1357) Pause Young (Allocation Failure) 586M->479M(869M) 10.194ms
[425.883s][info][gc,cpu         ] GC(1357) User=0.02s Sys=0.00s Real=0.01s
[425.991s][info][gc,start       ] GC(1358) Pause Young (Allocation Failure)
[425.995s][info][gc,heap        ] GC(1358) PSYoungGen: 113440K(222720K)->64K(222720K) Eden: 111616K(111616K)->0K(111616K) From: 1824K(111104K)->64K(111104K)
[425.995s][info][gc,heap        ] GC(1358) ParOldGen: 488743K(667648K)->490527K(667648K)
[425.995s][info][gc,metaspace   ] GC(1358) Metaspace: 18857K(19072K)->18857K(19072K) NonClass: 16192K(16320K)->16192K(16320K) Class: 2665K(2752K)->2665K(2752K)
[425.995s][info][gc             ] GC(1358) Pause Young (Allocation Failure) 588M->479M(869M) 3.931ms
[425.995s][info][gc,cpu         ] GC(1358) User=0.01s Sys=0.00s Real=0.00s
[426.109s][info][gc,start       ] GC(1359) Pause Young (Allocation Failure)
[426.118s][info][gc,heap        ] GC(1359) PSYoungGen: 111680K(222720K)->7936K(119808K) Eden: 111616K(111616K)->0K(111616K) From: 64K(111104K)->7936K(8192K)
[426.118s][info][gc,heap        ] GC(1359) ParOldGen: 490527K(667648K)->490543K(667648K)
[426.118s][info][gc,metaspace   ] GC(1359) Metaspace: 18857K(19072K)->18857K(19072K) NonClass: 16192K(16320K)->16192K(16320K) Class: 2665K(2752K)->2665K(2752K)
[426.118s][info][gc             ] GC(1359) Pause Young (Allocation Failure) 588M->486M(769M) 9.918ms
[426.118s][info][gc,cpu         ] GC(1359) User=0.02s Sys=0.00s Real=0.01s
[426.337s][info][gc,start       ] GC(1360) Pause Young (Allocation Failure)
[426.347s][info][gc,heap        ] GC(1360) PSYoungGen: 119552K(119808K)->8160K(214528K) Eden: 111616K(111616K)->0K(116736K) From: 7936K(8192K)->8160K(97792K)
[426.347s][info][gc,heap        ] GC(1360) ParOldGen: 490543K(667648K)->490543K(667648K)
[426.347s][info][gc,metaspace   ] GC(1360) Metaspace: 18857K(19072K)->18857K(19072K) NonClass: 16192K(16320K)->16192K(16320K) Class: 2665K(2752K)->2665K(2752K)
[426.347s][info][gc             ] GC(1360) Pause Young (Allocation Failure) 595M->487M(861M) 10.324ms
[426.347s][info][gc,cpu         ] GC(1360) User=0.02s Sys=0.00s Real=0.01s
[426.552s][info][gc,start       ] GC(1361) Pause Young (Allocation Failure)
[426.562s][info][gc,heap        ] GC(1361) PSYoungGen: 124896K(214528K)->8288K(125440K) Eden: 116736K(116736K)->0K(116736K) From: 8160K(97792K)->8288K(8704K)
[426.562s][info][gc,heap        ] GC(1361) ParOldGen: 490543K(667648K)->490543K(667648K)
[426.562s][info][gc,metaspace   ] GC(1361) Metaspace: 18857K(19072K)->18857K(19072K) NonClass: 16192K(16320K)->16192K(16320K) Class: 2665K(2752K)->2665K(2752K)
[426.562s][info][gc             ] GC(1361) Pause Young (Allocation Failure) 601M->487M(774M) 10.252ms
[426.562s][info][gc,cpu         ] GC(1361) User=0.02s Sys=0.00s Real=0.01s
[426.762s][info][gc,start       ] GC(1362) Pause Young (Allocation Failure)
[426.773s][info][gc,heap        ] GC(1362) PSYoungGen: 125024K(125440K)->8256K(201728K) Eden: 116736K(116736K)->0K(121344K) From: 8288K(8704K)->8256K(80384K)
[426.773s][info][gc,heap        ] GC(1362) ParOldGen: 490543K(667648K)->490543K(667648K)
[426.773s][info][gc,metaspace   ] GC(1362) Metaspace: 18857K(19072K)->18857K(19072K) NonClass: 16192K(16320K)->16192K(16320K) Class: 2665K(2752K)->2665K(2752K)
[426.773s][info][gc             ] GC(1362) Pause Young (Allocation Failure) 601M->487M(849M) 10.634ms
[426.773s][info][gc,cpu         ] GC(1362) User=0.02s Sys=0.00s Real=0.01s
[426.977s][info][gc,start       ] GC(1363) Pause Young (Allocation Failure)
[426.990s][info][gc,heap        ] GC(1363) PSYoungGen: 129600K(201728K)->8288K(130048K) Eden: 121344K(121344K)->0K(121344K) From: 8256K(80384K)->8288K(8704K)
[426.990s][info][gc,heap        ] GC(1363) ParOldGen: 490543K(667648K)->490543K(667648K)
[426.990s][info][gc,metaspace   ] GC(1363) Metaspace: 18857K(19072K)->18857K(19072K) NonClass: 16192K(16320K)->16192K(16320K) Class: 2665K(2752K)->2665K(2752K)
[426.990s][info][gc             ] GC(1363) Pause Young (Allocation Failure) 605M->487M(779M) 12.481ms
[426.990s][info][gc,cpu         ] GC(1363) User=0.03s Sys=0.00s Real=0.01s
[427.155s][info][gc,start       ] GC(1364) Pause Young (Allocation Failure)
[427.178s][info][gc,heap        ] GC(1364) PSYoungGen: 129632K(130048K)->21344K(200192K) Eden: 121344K(121344K)->0K(126976K) From: 8288K(8704K)->21344K(73216K)
[427.178s][info][gc,heap        ] GC(1364) ParOldGen: 490543K(667648K)->490543K(667648K)
[427.178s][info][gc,metaspace   ] GC(1364) Metaspace: 18857K(19072K)->18857K(19072K) NonClass: 16192K(16320K)->16192K(16320K) Class: 2665K(2752K)->2665K(2752K)
[427.178s][info][gc             ] GC(1364) Pause Young (Allocation Failure) 605M->499M(847M) 22.984ms
[427.178s][info][gc,cpu         ] GC(1364) User=0.04s Sys=0.01s Real=0.02s
[427.319s][info][gc,start       ] GC(1365) Pause Young (Allocation Failure)
[427.341s][info][gc,heap        ] GC(1365) PSYoungGen: 148320K(200192K)->21376K(203776K) Eden: 126976K(126976K)->0K(126976K) From: 21344K(73216K)->21376K(76800K)
[427.341s][info][gc,heap        ] GC(1365) ParOldGen: 490543K(667648K)->490543K(667648K)
[427.341s][info][gc,metaspace   ] GC(1365) Metaspace: 18857K(19072K)->18857K(19072K) NonClass: 16192K(16320K)->16192K(16320K) Class: 2665K(2752K)->2665K(2752K)
[427.341s][info][gc             ] GC(1365) Pause Young (Allocation Failure) 623M->499M(851M) 22.547ms
[427.341s][info][gc,cpu         ] GC(1365) User=0.04s Sys=0.00s Real=0.03s
[427.452s][info][gc,start       ] GC(1366) Pause Young (Allocation Failure)
[427.496s][info][gc,heap        ] GC(1366) PSYoungGen: 148352K(203776K)->53312K(198144K) Eden: 126976K(126976K)->0K(125440K) From: 21376K(76800K)->53312K(72704K)
[427.496s][info][gc,heap        ] GC(1366) ParOldGen: 490543K(667648K)->490543K(667648K)
[427.496s][info][gc,metaspace   ] GC(1366) Metaspace: 18857K(19072K)->18857K(19072K) NonClass: 16192K(16320K)->16192K(16320K) Class: 2665K(2752K)->2665K(2752K)
[427.497s][info][gc             ] GC(1366) Pause Young (Allocation Failure) 623M->531M(845M) 44.028ms
[427.497s][info][gc,cpu         ] GC(1366) User=0.09s Sys=0.00s Real=0.04s
[427.666s][info][gc,start       ] GC(1367) Pause Young (Allocation Failure)
[427.721s][info][gc,heap        ] GC(1367) PSYoungGen: 178752K(198144K)->75136K(206336K) Eden: 125440K(125440K)->0K(125440K) From: 53312K(72704K)->75136K(80896K)
[427.721s][info][gc,heap        ] GC(1367) ParOldGen: 490543K(667648K)->490543K(667648K)
[427.721s][info][gc,metaspace   ] GC(1367) Metaspace: 18857K(19072K)->18857K(19072K) NonClass: 16192K(16320K)->16192K(16320K) Class: 2665K(2752K)->2665K(2752K)
[427.721s][info][gc             ] GC(1367) Pause Young (Allocation Failure) 653M->552M(853M) 54.888ms
[427.721s][info][gc,cpu         ] GC(1367) User=0.11s Sys=0.00s Real=0.06s
[427.937s][info][gc,start       ] GC(1368) Pause Young (Allocation Failure)
[428.031s][info][gc,heap        ] GC(1368) PSYoungGen: 200576K(206336K)->88176K(206848K) Eden: 125440K(125440K)->0K(111616K) From: 75136K(80896K)->88176K(95232K)
[428.031s][info][gc,heap        ] GC(1368) ParOldGen: 490543K(667648K)->490543K(667648K)
[428.031s][info][gc,metaspace   ] GC(1368) Metaspace: 18857K(19072K)->18857K(19072K) NonClass: 16192K(16320K)->16192K(16320K) Class: 2665K(2752K)->2665K(2752K)
[428.031s][info][gc             ] GC(1368) Pause Young (Allocation Failure) 674M->565M(854M) 94.031ms
[428.031s][info][gc,cpu         ] GC(1368) User=0.17s Sys=0.02s Real=0.10s
[428.187s][info][gc,start       ] GC(1369) Pause Young (Allocation Failure)
[428.266s][info][gc,heap        ] GC(1369) PSYoungGen: 199792K(206848K)->88176K(222720K) Eden: 111616K(111616K)->0K(111616K) From: 88176K(95232K)->88176K(111104K)
[428.266s][info][gc,heap        ] GC(1369) ParOldGen: 490543K(667648K)->490543K(667648K)
[428.266s][info][gc,metaspace   ] GC(1369) Metaspace: 18857K(19072K)->18857K(19072K) NonClass: 16192K(16320K)->16192K(16320K) Class: 2665K(2752K)->2665K(2752K)
[428.266s][info][gc             ] GC(1369) Pause Young (Allocation Failure) 674M->565M(869M) 79.078ms
[428.266s][info][gc,cpu         ] GC(1369) User=0.15s Sys=0.00s Real=0.08s
[428.419s][info][gc,start       ] GC(1370) Pause Young (Allocation Failure)
[428.498s][info][gc,heap        ] GC(1370) PSYoungGen: 199792K(222720K)->80080K(222720K) Eden: 111616K(111616K)->0K(111616K) From: 88176K(111104K)->80080K(111104K)
[428.498s][info][gc,heap        ] GC(1370) ParOldGen: 490543K(667648K)->498671K(667648K)
[428.498s][info][gc,metaspace   ] GC(1370) Metaspace: 18857K(19072K)->18857K(19072K) NonClass: 16192K(16320K)->16192K(16320K) Class: 2665K(2752K)->2665K(2752K)
[428.498s][info][gc             ] GC(1370) Pause Young (Allocation Failure) 674M->565M(869M) 79.020ms
[428.498s][info][gc,cpu         ] GC(1370) User=0.15s Sys=0.00s Real=0.08s
[428.650s][info][gc,start       ] GC(1371) Pause Young (Allocation Failure)
[428.721s][info][gc,heap        ] GC(1371) PSYoungGen: 191696K(222720K)->79920K(222720K) Eden: 111616K(111616K)->0K(111616K) From: 80080K(111104K)->79920K(111104K)
[428.721s][info][gc,heap        ] GC(1371) ParOldGen: 498671K(667648K)->498829K(667648K)
[428.721s][info][gc,metaspace   ] GC(1371) Metaspace: 18857K(19072K)->18857K(19072K) NonClass: 16192K(16320K)->16192K(16320K) Class: 2665K(2752K)->2665K(2752K)
[428.721s][info][gc             ] GC(1371) Pause Young (Allocation Failure) 674M->565M(869M) 71.329ms
[428.721s][info][gc,cpu         ] GC(1371) User=0.14s Sys=0.00s Real=0.07s
[428.873s][info][gc,start       ] GC(1372) Pause Young (Allocation Failure)
[428.943s][info][gc,heap        ] GC(1372) PSYoungGen: 191536K(222720K)->66864K(222720K) Eden: 111616K(111616K)->0K(111616K) From: 79920K(111104K)->66864K(111104K)
[428.943s][info][gc,heap        ] GC(1372) ParOldGen: 498829K(667648K)->511941K(667648K)
[428.943s][info][gc,metaspace   ] GC(1372) Metaspace: 18857K(19072K)->18857K(19072K) NonClass: 16192K(16320K)->16192K(16320K) Class: 2665K(2752K)->2665K(2752K)
[428.944s][info][gc             ] GC(1372) Pause Young (Allocation Failure) 674M->565M(869M) 70.559ms
[428.944s][info][gc,cpu         ] GC(1372) User=0.14s Sys=0.00s Real=0.07s
[429.099s][info][gc,start       ] GC(1373) Pause Young (Allocation Failure)
[429.153s][info][gc,heap        ] GC(1373) PSYoungGen: 178480K(222720K)->34912K(222720K) Eden: 111616K(111616K)->0K(111616K) From: 66864K(111104K)->34912K(111104K)
[429.153s][info][gc,heap        ] GC(1373) ParOldGen: 511941K(667648K)->544304K(667648K)
[429.153s][info][gc,metaspace   ] GC(1373) Metaspace: 18857K(19072K)->18857K(19072K) NonClass: 16192K(16320K)->16192K(16320K) Class: 2665K(2752K)->2665K(2752K)
[429.153s][info][gc             ] GC(1373) Pause Young (Allocation Failure) 674M->565M(869M) 54.767ms
[429.153s][info][gc,cpu         ] GC(1373) User=0.11s Sys=0.00s Real=0.06s
[429.307s][info][gc,start       ] GC(1374) Pause Young (Allocation Failure)
[429.343s][info][gc,heap        ] GC(1374) PSYoungGen: 146528K(222720K)->32K(222720K) Eden: 111616K(111616K)->0K(111616K) From: 34912K(111104K)->32K(111104K)
[429.343s][info][gc,heap        ] GC(1374) ParOldGen: 544304K(667648K)->579364K(667648K)
[429.343s][info][gc,metaspace   ] GC(1374) Metaspace: 18857K(19072K)->18857K(19072K) NonClass: 16192K(16320K)->16192K(16320K) Class: 2665K(2752K)->2665K(2752K)
[429.343s][info][gc             ] GC(1374) Pause Young (Allocation Failure) 674M->565M(869M) 36.167ms
[429.343s][info][gc,cpu         ] GC(1374) User=0.07s Sys=0.00s Real=0.04s
[429.479s][info][gc,start       ] GC(1375) Pause Young (Allocation Failure)
[429.492s][info][gc,heap        ] GC(1375) PSYoungGen: 111648K(222720K)->9248K(222720K) Eden: 111616K(111616K)->0K(111616K) From: 32K(111104K)->9248K(111104K)
[429.492s][info][gc,heap        ] GC(1375) ParOldGen: 579364K(667648K)->579372K(667648K)
[429.492s][info][gc,metaspace   ] GC(1375) Metaspace: 18857K(19072K)->18857K(19072K) NonClass: 16192K(16320K)->16192K(16320K) Class: 2665K(2752K)->2665K(2752K)
[429.492s][info][gc             ] GC(1375) Pause Young (Allocation Failure) 674M->574M(869M) 13.302ms
[429.492s][info][gc,cpu         ] GC(1375) User=0.03s Sys=0.00s Real=0.02s
[429.600s][info][gc,start       ] GC(1376) Pause Young (Allocation Failure)
[429.628s][info][gc,heap        ] GC(1376) PSYoungGen: 120864K(222720K)->25920K(222720K) Eden: 111616K(111616K)->0K(111616K) From: 9248K(111104K)->25920K(111104K)
[429.628s][info][gc,heap        ] GC(1376) ParOldGen: 579372K(667648K)->579372K(667648K)
[429.628s][info][gc,metaspace   ] GC(1376) Metaspace: 18857K(19072K)->18857K(19072K) NonClass: 16192K(16320K)->16192K(16320K) Class: 2665K(2752K)->2665K(2752K)
[429.628s][info][gc             ] GC(1376) Pause Young (Allocation Failure) 683M->591M(869M) 28.027ms
[429.628s][info][gc,cpu         ] GC(1376) User=0.05s Sys=0.00s Real=0.02s
[429.706s][info][gc,start       ] GC(1377) Pause Young (Allocation Failure)
[429.760s][info][gc,heap        ] GC(1377) PSYoungGen: 137536K(222720K)->52352K(222720K) Eden: 111616K(111616K)->0K(111616K) From: 25920K(111104K)->52352K(111104K)
[429.760s][info][gc,heap        ] GC(1377) ParOldGen: 579372K(667648K)->579372K(667648K)
[429.760s][info][gc,metaspace   ] GC(1377) Metaspace: 18857K(19072K)->18857K(19072K) NonClass: 16192K(16320K)->16192K(16320K) Class: 2665K(2752K)->2665K(2752K)
[429.760s][info][gc             ] GC(1377) Pause Young (Allocation Failure) 700M->616M(869M) 54.156ms
[429.760s][info][gc,cpu         ] GC(1377) User=0.11s Sys=0.00s Real=0.06s
[429.848s][info][gc,start       ] GC(1378) Pause Young (Allocation Failure)
[429.923s][info][gc,heap        ] GC(1378) PSYoungGen: 163968K(222720K)->49664K(222720K) Eden: 111616K(111616K)->0K(111616K) From: 52352K(111104K)->49664K(111104K)
[429.923s][info][gc,heap        ] GC(1378) ParOldGen: 579372K(667648K)->605308K(667648K)
[429.923s][info][gc,metaspace   ] GC(1378) Metaspace: 18857K(19072K)->18857K(19072K) NonClass: 16192K(16320K)->16192K(16320K) Class: 2665K(2752K)->2665K(2752K)
[429.923s][info][gc             ] GC(1378) Pause Young (Allocation Failure) 725M->639M(869M) 74.953ms
[429.923s][info][gc,cpu         ] GC(1378) User=0.15s Sys=0.00s Real=0.08s
[430.001s][info][gc,start       ] GC(1379) Pause Young (Allocation Failure)
[430.073s][info][gc,heap        ] GC(1379) PSYoungGen: 161280K(222720K)->11360K(123392K) Eden: 111616K(111616K)->0K(111616K) From: 49664K(111104K)->11360K(11776K)
[430.073s][info][gc,heap        ] GC(1379) ParOldGen: 605308K(667648K)->655060K(667648K)
[430.073s][info][gc,metaspace   ] GC(1379) Metaspace: 18857K(19072K)->18857K(19072K) NonClass: 16192K(16320K)->16192K(16320K) Class: 2665K(2752K)->2665K(2752K)
[430.073s][info][gc             ] GC(1379) Pause Young (Allocation Failure) 748M->650M(772M) 72.808ms
[430.073s][info][gc,cpu         ] GC(1379) User=0.13s Sys=0.02s Real=0.07s
[430.155s][info][gc,start       ] GC(1380) Pause Full (Allocation Failure)
[430.155s][info][gc,phases,start] GC(1380) Marking Phase
[430.415s][info][gc,phases      ] GC(1380) Marking Phase 260.149ms
[430.415s][info][gc,phases,start] GC(1380) Summary Phase
[430.415s][info][gc,phases      ] GC(1380) Summary Phase 0.027ms
[430.415s][info][gc,phases,start] GC(1380) Forward
[430.503s][info][gc,phases      ] GC(1380) Forward 87.611ms
[430.503s][info][gc,phases,start] GC(1380) Adjust Pointers
[430.716s][info][gc,phases      ] GC(1380) Adjust Pointers 212.573ms
[430.716s][info][gc,phases,start] GC(1380) Compaction Phase
[430.836s][info][gc,phases      ] GC(1380) Compaction Phase 120.230ms
[430.847s][info][gc,phases,start] GC(1380) Post Compact
[430.849s][info][gc,phases      ] GC(1380) Post Compact 2.205ms
[430.849s][info][gc,heap        ] GC(1380) PSYoungGen: 122976K(123392K)->0K(221696K) Eden: 111616K(111616K)->0K(111616K) From: 11360K(11776K)->0K(110080K)
[430.849s][info][gc,heap        ] GC(1380) ParOldGen: 655060K(667648K)->388179K(667648K)
[430.849s][info][gc,metaspace   ] GC(1380) Metaspace: 18857K(19072K)->18857K(19072K) NonClass: 16192K(16320K)->16192K(16320K) Class: 2665K(2752K)->2665K(2752K)
[430.849s][info][gc             ] GC(1380) Pause Full (Allocation Failure) 759M->379M(868M) 693.962ms
[430.849s][info][gc,cpu         ] GC(1380) User=1.31s Sys=0.01s Real=0.69s
[430.906s][info][gc,start       ] GC(1381) Pause Young (Allocation Failure)
[430.915s][info][gc,heap        ] GC(1381) PSYoungGen: 111616K(221696K)->4896K(221696K) Eden: 111616K(111616K)->0K(111616K) From: 0K(110080K)->4896K(110080K)
[430.915s][info][gc,heap        ] GC(1381) ParOldGen: 388179K(667648K)->388179K(667648K)
[430.915s][info][gc,metaspace   ] GC(1381) Metaspace: 18857K(19072K)->18857K(19072K) NonClass: 16192K(16320K)->16192K(16320K) Class: 2665K(2752K)->2665K(2752K)
[430.915s][info][gc             ] GC(1381) Pause Young (Allocation Failure) 488M->383M(868M) 9.056ms
[430.915s][info][gc,cpu         ] GC(1381) User=0.01s Sys=0.00s Real=0.01s
[430.984s][info][gc,start       ] GC(1382) Pause Young (Allocation Failure)
[430.993s][info][gc,heap        ] GC(1382) PSYoungGen: 116512K(221696K)->2880K(220160K) Eden: 111616K(111616K)->0K(115200K) From: 4896K(110080K)->2880K(104960K)
[430.993s][info][gc,heap        ] GC(1382) ParOldGen: 388179K(667648K)->393059K(667648K)
[430.993s][info][gc,metaspace   ] GC(1382) Metaspace: 18857K(19072K)->18857K(19072K) NonClass: 16192K(16320K)->16192K(16320K) Class: 2665K(2752K)->2665K(2752K)
[430.993s][info][gc             ] GC(1382) Pause Young (Allocation Failure) 492M->386M(867M) 9.438ms
[430.993s][info][gc,cpu         ] GC(1382) User=0.02s Sys=0.00s Real=0.01s
[431.067s][info][gc,start       ] GC(1383) Pause Young (Allocation Failure)
[431.075s][info][gc,heap        ] GC(1383) PSYoungGen: 118080K(220160K)->160K(221184K) Eden: 115200K(115200K)->0K(115200K) From: 2880K(104960K)->160K(105984K)
[431.076s][info][gc,heap        ] GC(1383) ParOldGen: 393059K(667648K)->395939K(667648K)
[431.076s][info][gc,metaspace   ] GC(1383) Metaspace: 18857K(19072K)->18857K(19072K) NonClass: 16192K(16320K)->16192K(16320K) Class: 2665K(2752K)->2665K(2752K)
[431.076s][info][gc             ] GC(1383) Pause Young (Allocation Failure) 499M->386M(868M) 8.611ms
[431.076s][info][gc,cpu         ] GC(1383) User=0.02s Sys=0.00s Real=0.01s
[431.161s][info][gc,start       ] GC(1384) Pause Young (Allocation Failure)
[431.175s][info][gc,heap        ] GC(1384) PSYoungGen: 115360K(221184K)->9920K(219648K) Eden: 115200K(115200K)->0K(123904K) From: 160K(105984K)->9920K(95744K)
[431.175s][info][gc,heap        ] GC(1384) ParOldGen: 395939K(667648K)->395939K(667648K)
[431.175s][info][gc,metaspace   ] GC(1384) Metaspace: 18857K(19072K)->18857K(19072K) NonClass: 16192K(16320K)->16192K(16320K) Class: 2665K(2752K)->2665K(2752K)
[431.175s][info][gc             ] GC(1384) Pause Young (Allocation Failure) 499M->396M(866M) 14.084ms
[431.175s][info][gc,cpu         ] GC(1384) User=0.03s Sys=0.00s Real=0.01s
[431.284s][info][gc,start       ] GC(1385) Pause Young (Allocation Failure)
[431.302s][info][gc,heap        ] GC(1385) PSYoungGen: 133824K(219648K)->11200K(223232K) Eden: 123904K(123904K)->0K(123904K) From: 9920K(95744K)->11200K(99328K)
[431.302s][info][gc,heap        ] GC(1385) ParOldGen: 395939K(667648K)->395939K(667648K)
[431.302s][info][gc,metaspace   ] GC(1385) Metaspace: 18857K(19072K)->18857K(19072K) NonClass: 16192K(16320K)->16192K(16320K) Class: 2665K(2752K)->2665K(2752K)
[431.302s][info][gc             ] GC(1385) Pause Young (Allocation Failure) 517M->397M(870M) 18.053ms
[431.302s][info][gc,cpu         ] GC(1385) User=0.04s Sys=0.00s Real=0.02s
[431.459s][info][gc,start       ] GC(1386) Pause Young (Allocation Failure)
[431.478s][info][gc,heap        ] GC(1386) PSYoungGen: 135104K(223232K)->14496K(217088K) Eden: 123904K(123904K)->0K(134144K) From: 11200K(99328K)->14496K(82944K)
[431.478s][info][gc,heap        ] GC(1386) ParOldGen: 395939K(667648K)->395939K(667648K)
[431.478s][info][gc,metaspace   ] GC(1386) Metaspace: 18857K(19072K)->18857K(19072K) NonClass: 16192K(16320K)->16192K(16320K) Class: 2665K(2752K)->2665K(2752K)
[431.478s][info][gc             ] GC(1386) Pause Young (Allocation Failure) 518M->400M(864M) 18.862ms
[431.478s][info][gc,cpu         ] GC(1386) User=0.04s Sys=0.00s Real=0.02s
[431.634s][info][gc,start       ] GC(1387) Pause Young (Allocation Failure)
[431.651s][info][gc,heap        ] GC(1387) PSYoungGen: 148640K(217088K)->14688K(223232K) Eden: 134144K(134144K)->0K(134144K) From: 14496K(82944K)->14688K(89088K)
[431.651s][info][gc,heap        ] GC(1387) ParOldGen: 395939K(667648K)->395939K(667648K)
[431.651s][info][gc,metaspace   ] GC(1387) Metaspace: 18857K(19072K)->18857K(19072K) NonClass: 16192K(16320K)->16192K(16320K) Class: 2665K(2752K)->2665K(2752K)
[431.651s][info][gc             ] GC(1387) Pause Young (Allocation Failure) 531M->401M(870M) 16.585ms
[431.651s][info][gc,cpu         ] GC(1387) User=0.03s Sys=0.00s Real=0.02s
[431.829s][info][gc,start       ] GC(1388) Pause Young (Allocation Failure)
[431.859s][info][gc,heap        ] GC(1388) PSYoungGen: 148832K(223232K)->29824K(222208K) Eden: 134144K(134144K)->0K(144384K) From: 14688K(89088K)->29824K(77824K)
[431.859s][info][gc,heap        ] GC(1388) ParOldGen: 395939K(667648K)->395939K(667648K)
[431.859s][info][gc,metaspace   ] GC(1388) Metaspace: 18857K(19072K)->18857K(19072K) NonClass: 16192K(16320K)->16192K(16320K) Class: 2665K(2752K)->2665K(2752K)
[431.859s][info][gc             ] GC(1388) Pause Young (Allocation Failure) 532M->415M(869M) 30.599ms
[431.859s][info][gc,cpu         ] GC(1388) User=0.06s Sys=0.00s Real=0.03s
[432.213s][info][gc,start       ] GC(1389) Pause Young (Allocation Failure)
[432.257s][info][gc,heap        ] GC(1389) PSYoungGen: 174208K(222208K)->44504K(225280K) Eden: 144384K(144384K)->0K(144384K) From: 29824K(77824K)->44504K(80896K)
[432.257s][info][gc,heap        ] GC(1389) ParOldGen: 395939K(667648K)->395939K(667648K)
[432.257s][info][gc,metaspace   ] GC(1389) Metaspace: 18857K(19072K)->18857K(19072K) NonClass: 16192K(16320K)->16192K(16320K) Class: 2665K(2752K)->2665K(2752K)
[432.257s][info][gc             ] GC(1389) Pause Young (Allocation Failure) 556M->430M(872M) 43.676ms
[432.257s][info][gc,cpu         ] GC(1389) User=0.08s Sys=0.00s Real=0.04s
[432.345s][info][gc,start       ] GC(1390) Pause Young (Allocation Failure)
[432.414s][info][gc,heap        ] GC(1390) PSYoungGen: 188888K(225280K)->75488K(225280K) Eden: 144384K(144384K)->0K(142336K) From: 44504K(80896K)->75488K(82944K)
[432.414s][info][gc,heap        ] GC(1390) ParOldGen: 395939K(667648K)->395939K(667648K)
[432.414s][info][gc,metaspace   ] GC(1390) Metaspace: 18857K(19072K)->18857K(19072K) NonClass: 16192K(16320K)->16192K(16320K) Class: 2665K(2752K)->2665K(2752K)
[432.414s][info][gc             ] GC(1390) Pause Young (Allocation Failure) 571M->460M(872M) 69.402ms
[432.414s][info][gc,cpu         ] GC(1390) User=0.13s Sys=0.01s Real=0.07s
[432.558s][info][gc,start       ] GC(1391) Pause Young (Allocation Failure)
[432.653s][info][gc,heap        ] GC(1391) PSYoungGen: 217824K(225280K)->95712K(238080K) Eden: 142336K(142336K)->0K(142336K) From: 75488K(82944K)->95712K(95744K)
[432.653s][info][gc,heap        ] GC(1391) ParOldGen: 395939K(667648K)->417491K(667648K)
[432.653s][info][gc,metaspace   ] GC(1391) Metaspace: 18857K(19072K)->18857K(19072K) NonClass: 16192K(16320K)->16192K(16320K) Class: 2665K(2752K)->2665K(2752K)
[432.653s][info][gc             ] GC(1391) Pause Young (Allocation Failure) 599M->501M(884M) 94.843ms
[432.653s][info][gc,cpu         ] GC(1391) User=0.19s Sys=0.00s Real=0.10s
[432.831s][info][gc,start       ] GC(1392) Pause Young (Allocation Failure)
[432.927s][info][gc,heap        ] GC(1392) PSYoungGen: 238048K(238080K)->86040K(207360K) Eden: 142336K(142336K)->0K(111616K) From: 95712K(95744K)->86040K(95744K)
[432.927s][info][gc,heap        ] GC(1392) ParOldGen: 417491K(667648K)->427387K(667648K)
[432.927s][info][gc,metaspace   ] GC(1392) Metaspace: 18857K(19072K)->18857K(19072K) NonClass: 16192K(16320K)->16192K(16320K) Class: 2665K(2752K)->2665K(2752K)
[432.927s][info][gc             ] GC(1392) Pause Young (Allocation Failure) 640M->501M(854M) 95.489ms
[432.927s][info][gc,cpu         ] GC(1392) User=0.18s Sys=0.01s Real=0.09s
[433.115s][info][gc,start       ] GC(1393) Pause Young (Allocation Failure)
[433.192s][info][gc,heap        ] GC(1393) PSYoungGen: 197656K(207360K)->81784K(222720K) Eden: 111616K(111616K)->0K(111616K) From: 86040K(95744K)->81784K(111104K)
[433.192s][info][gc,heap        ] GC(1393) ParOldGen: 427387K(667648K)->431963K(667648K)
[433.192s][info][gc,metaspace   ] GC(1393) Metaspace: 18857K(19072K)->18857K(19072K) NonClass: 16192K(16320K)->16192K(16320K) Class: 2665K(2752K)->2665K(2752K)
[433.192s][info][gc             ] GC(1393) Pause Young (Allocation Failure) 610M->501M(869M) 76.843ms
[433.192s][info][gc,cpu         ] GC(1393) User=0.15s Sys=0.00s Real=0.08s
[433.373s][info][gc,start       ] GC(1394) Pause Young (Allocation Failure)
[433.448s][info][gc,heap        ] GC(1394) PSYoungGen: 193400K(222720K)->66784K(222720K) Eden: 111616K(111616K)->0K(111616K) From: 81784K(111104K)->66784K(111104K)
[433.448s][info][gc,heap        ] GC(1394) ParOldGen: 431963K(667648K)->447344K(667648K)
[433.448s][info][gc,metaspace   ] GC(1394) Metaspace: 18857K(19072K)->18857K(19072K) NonClass: 16192K(16320K)->16192K(16320K) Class: 2665K(2752K)->2665K(2752K)
[433.448s][info][gc             ] GC(1394) Pause Young (Allocation Failure) 610M->502M(869M) 75.661ms
[433.448s][info][gc,cpu         ] GC(1394) User=0.14s Sys=0.00s Real=0.07s
[433.586s][info][gc,start       ] GC(1395) Pause Young (Allocation Failure)
[433.645s][info][gc,heap        ] GC(1395) PSYoungGen: 178400K(222720K)->26432K(222720K) Eden: 111616K(111616K)->0K(111616K) From: 66784K(111104K)->26432K(111104K)
[433.645s][info][gc,heap        ] GC(1395) ParOldGen: 447344K(667648K)->488652K(667648K)
[433.645s][info][gc,metaspace   ] GC(1395) Metaspace: 18858K(19072K)->18858K(19072K) NonClass: 16193K(16320K)->16193K(16320K) Class: 2665K(2752K)->2665K(2752K)
[433.645s][info][gc             ] GC(1395) Pause Young (Allocation Failure) 611M->503M(869M) 59.154ms
[433.645s][info][gc,cpu         ] GC(1395) User=0.12s Sys=0.00s Real=0.06s
[433.746s][info][gc,start       ] GC(1396) Pause Young (Allocation Failure)
[433.772s][info][gc,heap        ] GC(1396) PSYoungGen: 138048K(222720K)->2336K(222720K) Eden: 111616K(111616K)->0K(111616K) From: 26432K(111104K)->2336K(111104K)
[433.772s][info][gc,heap        ] GC(1396) ParOldGen: 488652K(667648K)->513916K(667648K)
[433.772s][info][gc,metaspace   ] GC(1396) Metaspace: 18858K(19072K)->18858K(19072K) NonClass: 16193K(16320K)->16193K(16320K) Class: 2665K(2752K)->2665K(2752K)
[433.772s][info][gc             ] GC(1396) Pause Young (Allocation Failure) 612M->504M(869M) 26.037ms
[433.772s][info][gc,cpu         ] GC(1396) User=0.05s Sys=0.00s Real=0.03s
[433.872s][info][gc,start       ] GC(1397) Pause Young (Allocation Failure)
[433.880s][info][gc,heap        ] GC(1397) PSYoungGen: 113952K(222720K)->2857K(222720K) Eden: 111616K(111616K)->0K(111616K) From: 2336K(111104K)->2857K(111104K)
[433.880s][info][gc,heap        ] GC(1397) ParOldGen: 513916K(667648K)->514572K(667648K)
[433.880s][info][gc,metaspace   ] GC(1397) Metaspace: 18858K(19072K)->18858K(19072K) NonClass: 16193K(16320K)->16193K(16320K) Class: 2665K(2752K)->2665K(2752K)
[433.880s][info][gc             ] GC(1397) Pause Young (Allocation Failure) 613M->505M(869M) 8.331ms
[433.880s][info][gc,cpu         ] GC(1397) User=0.02s Sys=0.00s Real=0.01s
[434.157s][info][gc,start       ] GC(1398) Pause Young (Allocation Failure)
[434.189s][info][gc,heap        ] GC(1398) PSYoungGen: 114473K(222720K)->16074K(222720K) Eden: 111616K(111616K)->0K(111616K) From: 2857K(111104K)->16074K(111104K)
[434.189s][info][gc,heap        ] GC(1398) ParOldGen: 514572K(667648K)->516156K(667648K)
[434.189s][info][gc,metaspace   ] GC(1398) Metaspace: 18861K(19072K)->18861K(19072K) NonClass: 16196K(16320K)->16196K(16320K) Class: 2665K(2752K)->2665K(2752K)
[434.190s][info][gc             ] GC(1398) Pause Young (Allocation Failure) 614M->519M(869M) 32.897ms
[434.190s][info][gc,cpu         ] GC(1398) User=0.06s Sys=0.00s Real=0.03s
[434.343s][info][gc,start       ] GC(1399) Pause Young (Allocation Failure)
[434.389s][info][gc,heap        ] GC(1399) PSYoungGen: 127690K(222720K)->18560K(222720K) Eden: 111616K(111616K)->0K(111616K) From: 16074K(111104K)->18560K(111104K)
[434.389s][info][gc,heap        ] GC(1399) ParOldGen: 516156K(667648K)->532230K(667648K)
[434.389s][info][gc,metaspace   ] GC(1399) Metaspace: 18861K(19072K)->18861K(19072K) NonClass: 16196K(16320K)->16196K(16320K) Class: 2665K(2752K)->2665K(2752K)
[434.389s][info][gc             ] GC(1399) Pause Young (Allocation Failure) 628M->537M(869M) 45.846ms
[434.389s][info][gc,cpu         ] GC(1399) User=0.09s Sys=0.00s Real=0.04s
[434.519s][info][gc,start       ] GC(1400) Pause Young (Allocation Failure)
[434.552s][info][gc,heap        ] GC(1400) PSYoungGen: 130176K(222720K)->13504K(222720K) Eden: 111616K(111616K)->0K(111616K) From: 18560K(111104K)->13504K(111104K)
[434.552s][info][gc,heap        ] GC(1400) ParOldGen: 532230K(667648K)->550798K(667648K)
[434.552s][info][gc,metaspace   ] GC(1400) Metaspace: 18861K(19072K)->18861K(19072K) NonClass: 16196K(16320K)->16196K(16320K) Class: 2665K(2752K)->2665K(2752K)
[434.552s][info][gc             ] GC(1400) Pause Young (Allocation Failure) 646M->551M(869M) 32.964ms
[434.552s][info][gc,cpu         ] GC(1400) User=0.06s Sys=0.00s Real=0.04s
[434.652s][info][gc,start       ] GC(1401) Pause Young (Allocation Failure)
[434.673s][info][gc,heap        ] GC(1401) PSYoungGen: 125120K(222720K)->4704K(116736K) Eden: 111616K(111616K)->0K(111616K) From: 13504K(111104K)->4704K(5120K)
[434.673s][info][gc,heap        ] GC(1401) ParOldGen: 550798K(667648K)->564302K(667648K)
[434.673s][info][gc,metaspace   ] GC(1401) Metaspace: 18861K(19072K)->18861K(19072K) NonClass: 16196K(16320K)->16196K(16320K) Class: 2665K(2752K)->2665K(2752K)
[434.673s][info][gc             ] GC(1401) Pause Young (Allocation Failure) 660M->555M(766M) 20.382ms
[434.673s][info][gc,cpu         ] GC(1401) User=0.04s Sys=0.00s Real=0.02s
[434.808s][info][gc,start       ] GC(1402) Pause Young (Allocation Failure)
[434.820s][info][gc,heap        ] GC(1402) PSYoungGen: 116320K(116736K)->5824K(224768K) Eden: 111616K(111616K)->0K(115712K) From: 4704K(5120K)->5824K(109056K)
[434.820s][info][gc,heap        ] GC(1402) ParOldGen: 564302K(667648K)->564302K(667648K)
[434.820s][info][gc,metaspace   ] GC(1402) Metaspace: 18861K(19072K)->18861K(19072K) NonClass: 16196K(16320K)->16196K(16320K) Class: 2665K(2752K)->2665K(2752K)
[434.820s][info][gc             ] GC(1402) Pause Young (Allocation Failure) 664M->556M(871M) 11.999ms
[434.820s][info][gc,cpu         ] GC(1402) User=0.02s Sys=0.00s Real=0.01s
[434.948s][info][gc,start       ] GC(1403) Pause Young (Allocation Failure)
[434.962s][info][gc,heap        ] GC(1403) PSYoungGen: 121536K(224768K)->9024K(124928K) Eden: 115712K(115712K)->0K(115712K) From: 5824K(109056K)->9024K(9216K)
[434.962s][info][gc,heap        ] GC(1403) ParOldGen: 564302K(667648K)->564302K(667648K)
[434.962s][info][gc,metaspace   ] GC(1403) Metaspace: 18863K(19072K)->18863K(19072K) NonClass: 16198K(16320K)->16198K(16320K) Class: 2665K(2752K)->2665K(2752K)
[434.962s][info][gc             ] GC(1403) Pause Young (Allocation Failure) 669M->559M(774M) 13.841ms
[434.962s][info][gc,cpu         ] GC(1403) User=0.02s Sys=0.00s Real=0.02s
[435.037s][info][gc,start       ] GC(1404) Pause Young (Allocation Failure)
[435.048s][info][gc,heap        ] GC(1404) PSYoungGen: 124736K(124928K)->8480K(220672K) Eden: 115712K(115712K)->0K(124416K) From: 9024K(9216K)->8480K(96256K)
[435.048s][info][gc,heap        ] GC(1404) ParOldGen: 564302K(667648K)->564302K(667648K)
[435.048s][info][gc,metaspace   ] GC(1404) Metaspace: 18863K(19072K)->18863K(19072K) NonClass: 16198K(16320K)->16198K(16320K) Class: 2665K(2752K)->2665K(2752K)
[435.048s][info][gc             ] GC(1404) Pause Young (Allocation Failure) 672M->559M(867M) 11.263ms
[435.048s][info][gc,cpu         ] GC(1404) User=0.02s Sys=0.00s Real=0.01s
[435.160s][info][gc,start       ] GC(1405) Pause Young (Allocation Failure)
[435.172s][info][gc,heap        ] GC(1405) PSYoungGen: 132896K(220672K)->8576K(220160K) Eden: 124416K(124416K)->0K(124416K) From: 8480K(96256K)->8576K(95744K)
[435.172s][info][gc,heap        ] GC(1405) ParOldGen: 564302K(667648K)->564302K(667648K)
[435.172s][info][gc,metaspace   ] GC(1405) Metaspace: 18863K(19072K)->18863K(19072K) NonClass: 16198K(16320K)->16198K(16320K) Class: 2665K(2752K)->2665K(2752K)
[435.172s][info][gc             ] GC(1405) Pause Young (Allocation Failure) 680M->559M(867M) 11.459ms
[435.172s][info][gc,cpu         ] GC(1405) User=0.02s Sys=0.00s Real=0.01s
[435.369s][info][gc,start       ] GC(1406) Pause Young (Allocation Failure)
[435.388s][info][gc,heap        ] GC(1406) PSYoungGen: 132992K(220160K)->15936K(212480K) Eden: 124416K(124416K)->0K(133120K) From: 8576K(95744K)->15936K(79360K)
[435.389s][info][gc,heap        ] GC(1406) ParOldGen: 564302K(667648K)->564302K(667648K)
[435.389s][info][gc,metaspace   ] GC(1406) Metaspace: 18863K(19072K)->18863K(19072K) NonClass: 16198K(16320K)->16198K(16320K) Class: 2665K(2752K)->2665K(2752K)
[435.389s][info][gc             ] GC(1406) Pause Young (Allocation Failure) 680M->566M(859M) 19.566ms
[435.389s][info][gc,cpu         ] GC(1406) User=0.04s Sys=0.00s Real=0.02s
[435.702s][info][gc,start       ] GC(1407) Pause Young (Allocation Failure)
[435.721s][info][gc,heap        ] GC(1407) PSYoungGen: 149056K(212480K)->16080K(218624K) Eden: 133120K(133120K)->0K(133120K) From: 15936K(79360K)->16080K(85504K)
[435.721s][info][gc,heap        ] GC(1407) ParOldGen: 564302K(667648K)->564302K(667648K)
[435.721s][info][gc,metaspace   ] GC(1407) Metaspace: 18864K(19072K)->18864K(19072K) NonClass: 16199K(16320K)->16199K(16320K) Class: 2665K(2752K)->2665K(2752K)
[435.721s][info][gc             ] GC(1407) Pause Young (Allocation Failure) 696M->566M(865M) 19.057ms
[435.721s][info][gc,cpu         ] GC(1407) User=0.04s Sys=0.00s Real=0.02s
[435.949s][info][gc,start       ] GC(1408) Pause Young (Allocation Failure)
[435.989s][info][gc,heap        ] GC(1408) PSYoungGen: 149200K(218624K)->37424K(221696K) Eden: 133120K(133120K)->0K(141312K) From: 16080K(85504K)->37424K(80384K)
[435.989s][info][gc,heap        ] GC(1408) ParOldGen: 564302K(667648K)->564302K(667648K)
[435.989s][info][gc,metaspace   ] GC(1408) Metaspace: 18864K(19072K)->18864K(19072K) NonClass: 16199K(16320K)->16199K(16320K) Class: 2665K(2752K)->2665K(2752K)
[435.989s][info][gc             ] GC(1408) Pause Young (Allocation Failure) 696M->587M(868M) 39.701ms
[435.989s][info][gc,cpu         ] GC(1408) User=0.08s Sys=0.00s Real=0.04s
[436.166s][info][gc,start       ] GC(1409) Pause Young (Allocation Failure)
[436.206s][info][gc,heap        ] GC(1409) PSYoungGen: 178736K(221696K)->37456K(221696K) Eden: 141312K(141312K)->0K(141312K) From: 37424K(80384K)->37456K(80384K)
[436.206s][info][gc,heap        ] GC(1409) ParOldGen: 564302K(667648K)->564302K(667648K)
[436.206s][info][gc,metaspace   ] GC(1409) Metaspace: 18864K(19072K)->18864K(19072K) NonClass: 16199K(16320K)->16199K(16320K) Class: 2665K(2752K)->2665K(2752K)
[436.206s][info][gc             ] GC(1409) Pause Young (Allocation Failure) 725M->587M(868M) 40.911ms
[436.206s][info][gc,cpu         ] GC(1409) User=0.08s Sys=0.00s Real=0.04s
[436.454s][info][gc,start       ] GC(1410) Pause Young (Allocation Failure)
[436.493s][info][gc,heap        ] GC(1410) PSYoungGen: 178768K(221696K)->37512K(231424K) Eden: 141312K(141312K)->0K(152064K) From: 37456K(80384K)->37512K(79360K)
[436.493s][info][gc,heap        ] GC(1410) ParOldGen: 564302K(667648K)->564302K(667648K)
[436.493s][info][gc,metaspace   ] GC(1410) Metaspace: 18864K(19072K)->18864K(19072K) NonClass: 16199K(16320K)->16199K(16320K) Class: 2665K(2752K)->2665K(2752K)
[436.493s][info][gc             ] GC(1410) Pause Young (Allocation Failure) 725M->587M(878M) 39.291ms
[436.493s][info][gc,cpu         ] GC(1410) User=0.08s Sys=0.00s Real=0.04s
[437.886s][info][gc,start       ] GC(1411) Pause Young (Allocation Failure)
[437.925s][info][gc,heap        ] GC(1411) PSYoungGen: 189576K(231424K)->37917K(231424K) Eden: 152064K(152064K)->0K(152064K) From: 37512K(79360K)->37917K(79360K)
[437.925s][info][gc,heap        ] GC(1411) ParOldGen: 564302K(667648K)->564302K(667648K)
[437.925s][info][gc,metaspace   ] GC(1411) Metaspace: 18865K(19072K)->18865K(19072K) NonClass: 16200K(16320K)->16200K(16320K) Class: 2665K(2752K)->2665K(2752K)
[437.925s][info][gc             ] GC(1411) Pause Young (Allocation Failure) 736M->588M(878M) 39.149ms
[437.925s][info][gc,cpu         ] GC(1411) User=0.08s Sys=0.00s Real=0.04s
[438.656s][info][gc,start       ] GC(1412) Pause Young (Allocation Failure)
[438.713s][info][gc,heap        ] GC(1412) PSYoungGen: 189981K(231424K)->39357K(238592K) Eden: 152064K(152064K)->0K(161280K) From: 37917K(79360K)->39357K(77312K)
[438.713s][info][gc,heap        ] GC(1412) ParOldGen: 564302K(667648K)->564302K(667648K)
[438.713s][info][gc,metaspace   ] GC(1412) Metaspace: 18865K(19072K)->18865K(19072K) NonClass: 16200K(16320K)->16200K(16320K) Class: 2665K(2752K)->2665K(2752K)
[438.713s][info][gc             ] GC(1412) Pause Young (Allocation Failure) 736M->589M(885M) 57.156ms
[438.713s][info][gc,cpu         ] GC(1412) User=0.11s Sys=0.00s Real=0.06s
[439.214s][info][gc,start       ] GC(1413) Pause Young (Allocation Failure)
[439.254s][info][gc,heap        ] GC(1413) PSYoungGen: 200637K(238592K)->39987K(239616K) Eden: 161280K(161280K)->0K(161280K) From: 39357K(77312K)->39987K(78336K)
[439.254s][info][gc,heap        ] GC(1413) ParOldGen: 564302K(667648K)->564302K(667648K)
[439.254s][info][gc,metaspace   ] GC(1413) Metaspace: 18873K(19072K)->18873K(19072K) NonClass: 16208K(16320K)->16208K(16320K) Class: 2665K(2752K)->2665K(2752K)
[439.254s][info][gc             ] GC(1413) Pause Young (Allocation Failure) 747M->590M(886M) 40.428ms
[439.254s][info][gc,cpu         ] GC(1413) User=0.08s Sys=0.01s Real=0.04s
[439.605s][info][gc,start       ] GC(1414) Pause Young (Allocation Failure)
[439.645s][info][gc,heap        ] GC(1414) PSYoungGen: 201267K(239616K)->40150K(246784K) Eden: 161280K(161280K)->0K(170496K) From: 39987K(78336K)->40150K(76288K)
[439.645s][info][gc,heap        ] GC(1414) ParOldGen: 564302K(667648K)->564302K(667648K)
[439.645s][info][gc,metaspace   ] GC(1414) Metaspace: 18874K(19072K)->18874K(19072K) NonClass: 16209K(16320K)->16209K(16320K) Class: 2665K(2752K)->2665K(2752K)
[439.645s][info][gc             ] GC(1414) Pause Young (Allocation Failure) 747M->590M(893M) 40.344ms
[439.645s][info][gc,cpu         ] GC(1414) User=0.08s Sys=0.00s Real=0.04s
[439.872s][info][gc,start       ] GC(1415) Pause Young (Allocation Failure)
[439.955s][info][gc,heap        ] GC(1415) PSYoungGen: 210646K(246784K)->76772K(247296K) Eden: 170496K(170496K)->0K(170496K) From: 40150K(76288K)->76772K(76800K)
[439.955s][info][gc,heap        ] GC(1415) ParOldGen: 564302K(667648K)->578550K(667648K)
[439.955s][info][gc,metaspace   ] GC(1415) Metaspace: 18883K(19072K)->18883K(19072K) NonClass: 16218K(16320K)->16218K(16320K) Class: 2665K(2752K)->2665K(2752K)
[439.955s][info][gc             ] GC(1415) Pause Young (Allocation Failure) 756M->639M(893M) 82.998ms
[439.955s][info][gc,cpu         ] GC(1415) User=0.16s Sys=0.00s Real=0.08s
[440.072s][info][gc,start       ] GC(1416) Pause Young (Allocation Failure)
[440.203s][info][gc,heap        ] GC(1416) PSYoungGen: 247268K(247296K)->86525K(198144K) Eden: 170496K(170496K)->0K(111616K) From: 76772K(76800K)->86525K(86528K)
[440.203s][info][gc,heap        ] GC(1416) ParOldGen: 578550K(667648K)->622118K(667648K)
[440.203s][info][gc,metaspace   ] GC(1416) Metaspace: 18883K(19072K)->18883K(19072K) NonClass: 16218K(16320K)->16218K(16320K) Class: 2665K(2752K)->2665K(2752K)
[440.203s][info][gc             ] GC(1416) Pause Young (Allocation Failure) 806M->692M(845M) 130.982ms
[440.203s][info][gc,cpu         ] GC(1416) User=0.24s Sys=0.03s Real=0.13s
[440.304s][info][gc,start       ] GC(1417) Pause Full (Allocation Failure)
[440.304s][info][gc,phases,start] GC(1417) Marking Phase
[440.415s][info][gc,phases      ] GC(1417) Marking Phase 111.175ms
[440.415s][info][gc,phases,start] GC(1417) Summary Phase
[440.415s][info][gc,phases      ] GC(1417) Summary Phase 0.036ms
[440.415s][info][gc,phases,start] GC(1417) Forward
[440.460s][info][gc,phases      ] GC(1417) Forward 45.297ms
[440.460s][info][gc,phases,start] GC(1417) Adjust Pointers
[440.532s][info][gc,phases      ] GC(1417) Adjust Pointers 71.766ms
[440.532s][info][gc,phases,start] GC(1417) Compaction Phase
[440.578s][info][gc,phases      ] GC(1417) Compaction Phase 46.005ms
[440.579s][info][gc,phases,start] GC(1417) Post Compact
[440.581s][info][gc,phases      ] GC(1417) Post Compact 2.340ms
[440.595s][info][gc,heap        ] GC(1417) PSYoungGen: 198141K(198144K)->0K(222720K) Eden: 111616K(111616K)->0K(111616K) From: 86525K(86528K)->0K(111104K)
[440.595s][info][gc,heap        ] GC(1417) ParOldGen: 622118K(667648K)->188706K(482816K)
[440.595s][info][gc,metaspace   ] GC(1417) Metaspace: 18890K(19072K)->18890K(19072K) NonClass: 16225K(16320K)->16225K(16320K) Class: 2665K(2752K)->2665K(2752K)
[440.595s][info][gc             ] GC(1417) Pause Full (Allocation Failure) 801M->184M(689M) 291.241ms
[440.595s][info][gc,cpu         ] GC(1417) User=0.50s Sys=0.01s Real=0.29s
[440.764s][info][gc,start       ] GC(1418) Pause Young (Allocation Failure)
[440.799s][info][gc,heap        ] GC(1418) PSYoungGen: 111616K(222720K)->27351K(222720K) Eden: 111616K(111616K)->0K(111616K) From: 0K(111104K)->27351K(111104K)
[440.799s][info][gc,heap        ] GC(1418) ParOldGen: 188706K(482816K)->188706K(482816K)
[440.799s][info][gc,metaspace   ] GC(1418) Metaspace: 18890K(19072K)->18890K(19072K) NonClass: 16225K(16320K)->16225K(16320K) Class: 2665K(2752K)->2665K(2752K)
[440.799s][info][gc             ] GC(1418) Pause Young (Allocation Failure) 293M->210M(689M) 35.124ms
[440.799s][info][gc,cpu         ] GC(1418) User=0.07s Sys=0.00s Real=0.03s
[440.915s][info][gc,start       ] GC(1419) Pause Young (Allocation Failure)
[440.961s][info][gc,heap        ] GC(1419) PSYoungGen: 138967K(222720K)->31927K(222720K) Eden: 111616K(111616K)->0K(111616K) From: 27351K(111104K)->31927K(111104K)
[440.961s][info][gc,heap        ] GC(1419) ParOldGen: 188706K(482816K)->188706K(482816K)
[440.961s][info][gc,metaspace   ] GC(1419) Metaspace: 18898K(19072K)->18898K(19072K) NonClass: 16233K(16320K)->16233K(16320K) Class: 2665K(2752K)->2665K(2752K)
[440.961s][info][gc             ] GC(1419) Pause Young (Allocation Failure) 319M->215M(689M) 46.226ms
[440.961s][info][gc,cpu         ] GC(1419) User=0.09s Sys=0.00s Real=0.05s
[441.195s][info][gc,start       ] GC(1420) Pause Young (Allocation Failure)
[441.271s][info][gc,heap        ] GC(1420) PSYoungGen: 143543K(222720K)->57417K(222720K) Eden: 111616K(111616K)->0K(111616K) From: 31927K(111104K)->57417K(111104K)
[441.271s][info][gc,heap        ] GC(1420) ParOldGen: 188706K(482816K)->188706K(482816K)
[441.271s][info][gc,metaspace   ] GC(1420) Metaspace: 18898K(19072K)->18898K(19072K) NonClass: 16233K(16320K)->16233K(16320K) Class: 2665K(2752K)->2665K(2752K)
[441.271s][info][gc             ] GC(1420) Pause Young (Allocation Failure) 324M->240M(689M) 76.734ms
[441.271s][info][gc,cpu         ] GC(1420) User=0.16s Sys=0.00s Real=0.08s
[441.395s][info][gc,start       ] GC(1421) Pause Young (Allocation Failure)
[441.480s][info][gc,heap        ] GC(1421) PSYoungGen: 169033K(222720K)->64745K(222720K) Eden: 111616K(111616K)->0K(111616K) From: 57417K(111104K)->64745K(111104K)
[441.480s][info][gc,heap        ] GC(1421) ParOldGen: 188706K(482816K)->188706K(482816K)
[441.480s][info][gc,metaspace   ] GC(1421) Metaspace: 18898K(19072K)->18898K(19072K) NonClass: 16233K(16320K)->16233K(16320K) Class: 2665K(2752K)->2665K(2752K)
[441.480s][info][gc             ] GC(1421) Pause Young (Allocation Failure) 349M->247M(689M) 84.542ms
[441.480s][info][gc,cpu         ] GC(1421) User=0.17s Sys=0.00s Real=0.08s
[441.603s][info][gc,start       ] GC(1422) Pause Young (Allocation Failure)
[441.694s][info][gc,heap        ] GC(1422) PSYoungGen: 176361K(222720K)->72329K(222720K) Eden: 111616K(111616K)->0K(111616K) From: 64745K(111104K)->72329K(111104K)
[441.694s][info][gc,heap        ] GC(1422) ParOldGen: 188706K(482816K)->188706K(482816K)
[441.694s][info][gc,metaspace   ] GC(1422) Metaspace: 18898K(19072K)->18898K(19072K) NonClass: 16233K(16320K)->16233K(16320K) Class: 2665K(2752K)->2665K(2752K)
[441.694s][info][gc             ] GC(1422) Pause Young (Allocation Failure) 356M->254M(689M) 91.399ms
[441.694s][info][gc,cpu         ] GC(1422) User=0.18s Sys=0.00s Real=0.09s
[441.792s][info][gc,start       ] GC(1423) Pause Young (Allocation Failure)
[441.893s][info][gc,heap        ] GC(1423) PSYoungGen: 183945K(222720K)->83561K(222720K) Eden: 111616K(111616K)->0K(111616K) From: 72329K(111104K)->83561K(111104K)
[441.893s][info][gc,heap        ] GC(1423) ParOldGen: 188706K(482816K)->188706K(482816K)
[441.893s][info][gc,metaspace   ] GC(1423) Metaspace: 18898K(19072K)->18898K(19072K) NonClass: 16233K(16320K)->16233K(16320K) Class: 2665K(2752K)->2665K(2752K)
[441.893s][info][gc             ] GC(1423) Pause Young (Allocation Failure) 363M->265M(689M) 100.905ms
[441.893s][info][gc,cpu         ] GC(1423) User=0.20s Sys=0.00s Real=0.10s
[441.970s][info][gc,start       ] GC(1424) Pause Young (Allocation Failure)
[442.091s][info][gc,heap        ] GC(1424) PSYoungGen: 195177K(222720K)->106147K(222720K) Eden: 111616K(111616K)->0K(111616K) From: 83561K(111104K)->106147K(111104K)
[442.091s][info][gc,heap        ] GC(1424) ParOldGen: 188706K(482816K)->188706K(482816K)
[442.091s][info][gc,metaspace   ] GC(1424) Metaspace: 18898K(19072K)->18898K(19072K) NonClass: 16233K(16320K)->16233K(16320K) Class: 2665K(2752K)->2665K(2752K)
[442.091s][info][gc             ] GC(1424) Pause Young (Allocation Failure) 374M->287M(689M) 121.162ms
[442.091s][info][gc,cpu         ] GC(1424) User=0.24s Sys=0.00s Real=0.12s
[442.155s][info][gc,start       ] GC(1425) Pause Young (Allocation Failure)
[442.295s][info][gc,heap        ] GC(1425) PSYoungGen: 217763K(222720K)->99691K(222720K) Eden: 111616K(111616K)->0K(111616K) From: 106147K(111104K)->99691K(111104K)
[442.295s][info][gc,heap        ] GC(1425) ParOldGen: 188706K(482816K)->220730K(482816K)
[442.295s][info][gc,metaspace   ] GC(1425) Metaspace: 18898K(19072K)->18898K(19072K) NonClass: 16233K(16320K)->16233K(16320K) Class: 2665K(2752K)->2665K(2752K)
[442.295s][info][gc             ] GC(1425) Pause Young (Allocation Failure) 396M->312M(689M) 139.776ms
[442.295s][info][gc,cpu         ] GC(1425) User=0.28s Sys=0.00s Real=0.14s
[442.398s][info][gc,start       ] GC(1426) Pause Young (Allocation Failure)
[442.505s][info][gc,heap        ] GC(1426) PSYoungGen: 211307K(222720K)->78387K(222720K) Eden: 111616K(111616K)->0K(111616K) From: 99691K(111104K)->78387K(111104K)
[442.505s][info][gc,heap        ] GC(1426) ParOldGen: 220730K(482816K)->253644K(482816K)
[442.505s][info][gc,metaspace   ] GC(1426) Metaspace: 18898K(19072K)->18898K(19072K) NonClass: 16233K(16320K)->16233K(16320K) Class: 2665K(2752K)->2665K(2752K)
[442.505s][info][gc             ] GC(1426) Pause Young (Allocation Failure) 421M->324M(689M) 107.151ms
[442.505s][info][gc,cpu         ] GC(1426) User=0.21s Sys=0.00s Real=0.11s
[442.582s][info][gc,start       ] GC(1427) Pause Young (Allocation Failure)
[442.658s][info][gc,heap        ] GC(1427) PSYoungGen: 190003K(222720K)->65363K(222720K) Eden: 111616K(111616K)->0K(111616K) From: 78387K(111104K)->65363K(111104K)
[442.658s][info][gc,heap        ] GC(1427) ParOldGen: 253644K(482816K)->272468K(482816K)
[442.658s][info][gc,metaspace   ] GC(1427) Metaspace: 18898K(19072K)->18898K(19072K) NonClass: 16233K(16320K)->16233K(16320K) Class: 2665K(2752K)->2665K(2752K)
[442.658s][info][gc             ] GC(1427) Pause Young (Allocation Failure) 433M->329M(689M) 76.397ms
[442.658s][info][gc,cpu         ] GC(1427) User=0.15s Sys=0.01s Real=0.07s
[442.740s][info][gc,start       ] GC(1428) Pause Young (Allocation Failure)
[442.798s][info][gc,heap        ] GC(1428) PSYoungGen: 176979K(222720K)->18467K(222720K) Eden: 111616K(111616K)->0K(111616K) From: 65363K(111104K)->18467K(111104K)
[442.798s][info][gc,heap        ] GC(1428) ParOldGen: 272468K(482816K)->320814K(482816K)
[442.798s][info][gc,metaspace   ] GC(1428) Metaspace: 18898K(19072K)->18898K(19072K) NonClass: 16233K(16320K)->16233K(16320K) Class: 2665K(2752K)->2665K(2752K)
[442.798s][info][gc             ] GC(1428) Pause Young (Allocation Failure) 438M->331M(689M) 58.563ms
[442.798s][info][gc,cpu         ] GC(1428) User=0.11s Sys=0.00s Real=0.06s
[442.891s][info][gc,start       ] GC(1429) Pause Young (Allocation Failure)
[442.919s][info][gc,heap        ] GC(1429) PSYoungGen: 130083K(222720K)->3456K(222720K) Eden: 111616K(111616K)->0K(111616K) From: 18467K(111104K)->3456K(111104K)
[442.919s][info][gc,heap        ] GC(1429) ParOldGen: 320814K(482816K)->338162K(482816K)
[442.919s][info][gc,metaspace   ] GC(1429) Metaspace: 18898K(19072K)->18898K(19072K) NonClass: 16233K(16320K)->16233K(16320K) Class: 2665K(2752K)->2665K(2752K)
[442.919s][info][gc             ] GC(1429) Pause Young (Allocation Failure) 440M->333M(689M) 28.687ms
[442.919s][info][gc,cpu         ] GC(1429) User=0.05s Sys=0.00s Real=0.02s
[442.998s][info][gc,start       ] GC(1430) Pause Young (Allocation Failure)
[443.007s][info][gc,heap        ] GC(1430) PSYoungGen: 115072K(222720K)->3904K(222720K) Eden: 111616K(111616K)->0K(111616K) From: 3456K(111104K)->3904K(111104K)
[443.007s][info][gc,heap        ] GC(1430) ParOldGen: 338162K(482816K)->341570K(482816K)
[443.007s][info][gc,metaspace   ] GC(1430) Metaspace: 18898K(19072K)->18898K(19072K) NonClass: 16233K(16320K)->16233K(16320K) Class: 2665K(2752K)->2665K(2752K)
[443.007s][info][gc             ] GC(1430) Pause Young (Allocation Failure) 442M->337M(689M) 9.000ms
[443.007s][info][gc,cpu         ] GC(1430) User=0.02s Sys=0.00s Real=0.01s
[443.287s][info][gc,start       ] GC(1431) Pause Young (Allocation Failure)
[443.294s][info][gc,heap        ] GC(1431) PSYoungGen: 115520K(222720K)->320K(222720K) Eden: 111616K(111616K)->0K(111616K) From: 3904K(111104K)->320K(111104K)
[443.294s][info][gc,heap        ] GC(1431) ParOldGen: 341570K(482816K)->345450K(482816K)
[443.294s][info][gc,metaspace   ] GC(1431) Metaspace: 18898K(19072K)->18898K(19072K) NonClass: 16233K(16320K)->16233K(16320K) Class: 2665K(2752K)->2665K(2752K)
[443.294s][info][gc             ] GC(1431) Pause Young (Allocation Failure) 446M->337M(689M) 6.599ms
[443.294s][info][gc,cpu         ] GC(1431) User=0.01s Sys=0.00s Real=0.01s
[443.499s][info][gc,start       ] GC(1432) Pause Young (Allocation Failure)
[443.533s][info][gc,heap        ] GC(1432) PSYoungGen: 111936K(222720K)->36400K(222720K) Eden: 111616K(111616K)->0K(111616K) From: 320K(111104K)->36400K(111104K)
[443.533s][info][gc,heap        ] GC(1432) ParOldGen: 345450K(482816K)->345674K(482816K)
[443.533s][info][gc,metaspace   ] GC(1432) Metaspace: 18900K(19072K)->18900K(19072K) NonClass: 16235K(16320K)->16235K(16320K) Class: 2665K(2752K)->2665K(2752K)
[443.533s][info][gc             ] GC(1432) Pause Young (Allocation Failure) 446M->373M(689M) 34.252ms
[443.533s][info][gc,cpu         ] GC(1432) User=0.07s Sys=0.00s Real=0.04s
[443.680s][info][gc,start       ] GC(1433) Pause Young (Allocation Failure)
[443.741s][info][gc,heap        ] GC(1433) PSYoungGen: 148016K(222720K)->32320K(222720K) Eden: 111616K(111616K)->0K(111616K) From: 36400K(111104K)->32320K(111104K)
[443.741s][info][gc,heap        ] GC(1433) ParOldGen: 345674K(482816K)->382166K(482816K)
[443.741s][info][gc,metaspace   ] GC(1433) Metaspace: 18901K(19072K)->18901K(19072K) NonClass: 16236K(16320K)->16236K(16320K) Class: 2665K(2752K)->2665K(2752K)
[443.741s][info][gc             ] GC(1433) Pause Young (Allocation Failure) 482M->404M(689M) 61.292ms
[443.741s][info][gc,cpu         ] GC(1433) User=0.12s Sys=0.00s Real=0.06s
[443.856s][info][gc,start       ] GC(1434) Pause Young (Allocation Failure)
[443.896s][info][gc,heap        ] GC(1434) PSYoungGen: 143936K(222720K)->12704K(222720K) Eden: 111616K(111616K)->0K(111616K) From: 32320K(111104K)->12704K(111104K)
[443.897s][info][gc,heap        ] GC(1434) ParOldGen: 382166K(482816K)->414314K(482816K)
[443.897s][info][gc,metaspace   ] GC(1434) Metaspace: 18901K(19072K)->18901K(19072K) NonClass: 16236K(16320K)->16236K(16320K) Class: 2665K(2752K)->2665K(2752K)
[443.897s][info][gc             ] GC(1434) Pause Young (Allocation Failure) 513M->417M(689M) 41.012ms
[443.897s][info][gc,cpu         ] GC(1434) User=0.08s Sys=0.00s Real=0.04s
[444.004s][info][gc,start       ] GC(1435) Pause Young (Allocation Failure)
[444.021s][info][gc,heap        ] GC(1435) PSYoungGen: 124320K(222720K)->832K(222720K) Eden: 111616K(111616K)->0K(111616K) From: 12704K(111104K)->832K(111104K)
[444.021s][info][gc,heap        ] GC(1435) ParOldGen: 414314K(482816K)->427024K(482816K)
[444.021s][info][gc,metaspace   ] GC(1435) Metaspace: 18901K(19072K)->18901K(19072K) NonClass: 16236K(16320K)->16236K(16320K) Class: 2665K(2752K)->2665K(2752K)
[444.021s][info][gc             ] GC(1435) Pause Young (Allocation Failure) 526M->417M(689M) 16.533ms
[444.021s][info][gc,cpu         ] GC(1435) User=0.03s Sys=0.00s Real=0.02s
[444.158s][info][gc,start       ] GC(1436) Pause Young (Allocation Failure)
[444.162s][info][gc,heap        ] GC(1436) PSYoungGen: 112448K(222720K)->1440K(222720K) Eden: 111616K(111616K)->0K(111616K) From: 832K(111104K)->1440K(111104K)
[444.162s][info][gc,heap        ] GC(1436) ParOldGen: 427024K(482816K)->427816K(482816K)
[444.162s][info][gc,metaspace   ] GC(1436) Metaspace: 18902K(19072K)->18902K(19072K) NonClass: 16237K(16320K)->16237K(16320K) Class: 2665K(2752K)->2665K(2752K)
[444.162s][info][gc             ] GC(1436) Pause Young (Allocation Failure) 526M->419M(689M) 4.396ms
[444.162s][info][gc,cpu         ] GC(1436) User=0.00s Sys=0.00s Real=0.01s
[444.397s][info][gc,start       ] GC(1437) Pause Young (Allocation Failure)
[444.401s][info][gc,heap        ] GC(1437) PSYoungGen: 113056K(222720K)->192K(222720K) Eden: 111616K(111616K)->0K(111616K) From: 1440K(111104K)->192K(111104K)
[444.401s][info][gc,heap        ] GC(1437) ParOldGen: 427816K(482816K)->429056K(482816K)
[444.401s][info][gc,metaspace   ] GC(1437) Metaspace: 18903K(19072K)->18903K(19072K) NonClass: 16238K(16320K)->16238K(16320K) Class: 2665K(2752K)->2665K(2752K)
[444.401s][info][gc             ] GC(1437) Pause Young (Allocation Failure) 528M->419M(689M) 3.876ms
[444.401s][info][gc,cpu         ] GC(1437) User=0.01s Sys=0.00s Real=0.01s
[444.571s][info][gc,start       ] GC(1438) Pause Young (Allocation Failure)
[444.592s][info][gc,heap        ] GC(1438) PSYoungGen: 111808K(222720K)->18720K(211456K) Eden: 111616K(111616K)->0K(111616K) From: 192K(111104K)->18720K(99840K)
[444.592s][info][gc,heap        ] GC(1438) ParOldGen: 429056K(482816K)->429224K(482816K)
[444.592s][info][gc,metaspace   ] GC(1438) Metaspace: 18908K(19136K)->18908K(19136K) NonClass: 16242K(16384K)->16242K(16384K) Class: 2665K(2752K)->2665K(2752K)
[444.592s][info][gc             ] GC(1438) Pause Young (Allocation Failure) 528M->437M(678M) 21.363ms
[444.592s][info][gc,cpu         ] GC(1438) User=0.04s Sys=0.00s Real=0.02s
[444.719s][info][gc,start       ] GC(1439) Pause Young (Allocation Failure)
[444.776s][info][gc,heap        ] GC(1439) PSYoungGen: 130336K(211456K)->63587K(217088K) Eden: 111616K(111616K)->0K(111616K) From: 18720K(99840K)->63587K(105472K)
[444.776s][info][gc,heap        ] GC(1439) ParOldGen: 429224K(482816K)->429224K(482816K)
[444.776s][info][gc,metaspace   ] GC(1439) Metaspace: 18908K(19136K)->18908K(19136K) NonClass: 16242K(16384K)->16242K(16384K) Class: 2665K(2752K)->2665K(2752K)
[444.776s][info][gc             ] GC(1439) Pause Young (Allocation Failure) 546M->481M(683M) 56.820ms
[444.776s][info][gc,cpu         ] GC(1439) User=0.12s Sys=0.00s Real=0.06s
[444.935s][info][gc,start       ] GC(1440) Pause Young (Allocation Failure)
[445.002s][info][gc,heap        ] GC(1440) PSYoungGen: 175203K(217088K)->57704K(222208K) Eden: 111616K(111616K)->0K(111616K) From: 63587K(105472K)->57704K(110592K)
[445.002s][info][gc,heap        ] GC(1440) ParOldGen: 429224K(482816K)->447952K(482816K)
[445.002s][info][gc,metaspace   ] GC(1440) Metaspace: 18908K(19136K)->18908K(19136K) NonClass: 16243K(16384K)->16243K(16384K) Class: 2665K(2752K)->2665K(2752K)
[445.002s][info][gc             ] GC(1440) Pause Young (Allocation Failure) 590M->493M(688M) 66.496ms
[445.002s][info][gc,cpu         ] GC(1440) User=0.13s Sys=0.00s Real=0.07s
[445.097s][info][gc,start       ] GC(1441) Pause Young (Allocation Failure)
[445.158s][info][gc,heap        ] GC(1441) PSYoungGen: 169320K(222208K)->224K(222720K) Eden: 111616K(111616K)->0K(111616K) From: 57704K(110592K)->224K(111104K)
[445.158s][info][gc,heap        ] GC(1441) ParOldGen: 447952K(482816K)->505891K(506368K)
[445.158s][info][gc,metaspace   ] GC(1441) Metaspace: 18908K(19136K)->18908K(19136K) NonClass: 16243K(16384K)->16243K(16384K) Class: 2665K(2752K)->2665K(2752K)
[445.158s][info][gc             ] GC(1441) Pause Young (Allocation Failure) 602M->494M(712M) 60.969ms
[445.158s][info][gc,cpu         ] GC(1441) User=0.10s Sys=0.02s Real=0.06s
[445.260s][info][gc,start       ] GC(1442) Pause Young (Allocation Failure)
[445.289s][info][gc,heap        ] GC(1442) PSYoungGen: 111840K(222720K)->28864K(207360K) Eden: 111616K(111616K)->0K(112128K) From: 224K(111104K)->28864K(95232K)
[445.289s][info][gc,heap        ] GC(1442) ParOldGen: 505891K(506368K)->506075K(506368K)
[445.289s][info][gc,metaspace   ] GC(1442) Metaspace: 18909K(19136K)->18909K(19136K) NonClass: 16244K(16384K)->16244K(16384K) Class: 2665K(2752K)->2665K(2752K)
[445.289s][info][gc             ] GC(1442) Pause Young (Allocation Failure) 603M->522M(697M) 28.923ms
[445.289s][info][gc,cpu         ] GC(1442) User=0.06s Sys=0.00s Real=0.02s
[445.397s][info][gc,start       ] GC(1443) Pause Young (Allocation Failure)
[445.495s][info][gc,heap        ] GC(1443) PSYoungGen: 140992K(207360K)->61664K(215040K) Eden: 112128K(112128K)->0K(112128K) From: 28864K(95232K)->61664K(102912K)
[445.495s][info][gc,heap        ] GC(1443) ParOldGen: 506075K(506368K)->535051K(535552K)
[445.495s][info][gc,metaspace   ] GC(1443) Metaspace: 18909K(19136K)->18909K(19136K) NonClass: 16244K(16384K)->16244K(16384K) Class: 2665K(2752K)->2665K(2752K)
[445.495s][info][gc             ] GC(1443) Pause Young (Allocation Failure) 631M->582M(733M) 98.577ms
[445.495s][info][gc,cpu         ] GC(1443) User=0.18s Sys=0.02s Real=0.10s
[445.653s][info][gc,start       ] GC(1444) Pause Young (Allocation Failure)
[445.747s][info][gc,heap        ] GC(1444) PSYoungGen: 173792K(215040K)->4916K(228864K) Eden: 112128K(112128K)->0K(121856K) From: 61664K(102912K)->4916K(107008K)
[445.747s][info][gc,heap        ] GC(1444) ParOldGen: 535051K(535552K)->596915K(596992K)
[445.747s][info][gc,metaspace   ] GC(1444) Metaspace: 18911K(19136K)->18911K(19136K) NonClass: 16246K(16384K)->16246K(16384K) Class: 2665K(2752K)->2665K(2752K)
[445.747s][info][gc             ] GC(1444) Pause Young (Allocation Failure) 692M->587M(806M) 93.486ms
[445.747s][info][gc,cpu         ] GC(1444) User=0.14s Sys=0.04s Real=0.09s
[445.874s][info][gc,start       ] GC(1445) Pause Full (Allocation Failure)
[445.874s][info][gc,phases,start] GC(1445) Marking Phase
[445.946s][info][gc,phases      ] GC(1445) Marking Phase 71.532ms
[445.946s][info][gc,phases,start] GC(1445) Summary Phase
[445.946s][info][gc,phases      ] GC(1445) Summary Phase 0.027ms
[445.946s][info][gc,phases,start] GC(1445) Forward
[445.972s][info][gc,phases      ] GC(1445) Forward 26.661ms
[445.972s][info][gc,phases,start] GC(1445) Adjust Pointers
[446.024s][info][gc,phases      ] GC(1445) Adjust Pointers 51.657ms
[446.024s][info][gc,phases,start] GC(1445) Compaction Phase
[446.051s][info][gc,phases      ] GC(1445) Compaction Phase 26.741ms
[446.054s][info][gc,phases,start] GC(1445) Post Compact
[446.056s][info][gc,phases      ] GC(1445) Post Compact 2.110ms
[446.070s][info][gc,heap        ] GC(1445) PSYoungGen: 126772K(228864K)->0K(226816K) Eden: 121856K(121856K)->0K(121856K) From: 4916K(107008K)->0K(104960K)
[446.070s][info][gc,heap        ] GC(1445) ParOldGen: 596915K(596992K)->110768K(432128K)
[446.070s][info][gc,metaspace   ] GC(1445) Metaspace: 18911K(19136K)->18911K(19136K) NonClass: 16246K(16384K)->16246K(16384K) Class: 2665K(2752K)->2665K(2752K)
[446.070s][info][gc             ] GC(1445) Pause Full (Allocation Failure) 706M->108M(643M) 195.700ms
[446.070s][info][gc,cpu         ] GC(1445) User=0.32s Sys=0.02s Real=0.19s
[446.157s][info][gc,start       ] GC(1446) Pause Young (Allocation Failure)
[446.204s][info][gc,heap        ] GC(1446) PSYoungGen: 121856K(226816K)->54400K(225792K) Eden: 121856K(121856K)->0K(120832K) From: 0K(104960K)->54400K(104960K)
[446.204s][info][gc,heap        ] GC(1446) ParOldGen: 110768K(432128K)->110768K(432128K)
[446.204s][info][gc,metaspace   ] GC(1446) Metaspace: 18911K(19136K)->18911K(19136K) NonClass: 16246K(16384K)->16246K(16384K) Class: 2665K(2752K)->2665K(2752K)
[446.204s][info][gc             ] GC(1446) Pause Young (Allocation Failure) 227M->161M(642M) 46.887ms
[446.204s][info][gc,cpu         ] GC(1446) User=0.10s Sys=0.00s Real=0.05s
[446.240s][info][gc,start       ] GC(1447) Pause Young (Allocation Failure)
[446.321s][info][gc,heap        ] GC(1447) PSYoungGen: 175232K(225792K)->50176K(226816K) Eden: 120832K(120832K)->0K(120832K) From: 54400K(104960K)->50176K(105984K)
[446.321s][info][gc,heap        ] GC(1447) ParOldGen: 110768K(432128K)->165408K(432128K)
[446.321s][info][gc,metaspace   ] GC(1447) Metaspace: 18911K(19136K)->18911K(19136K) NonClass: 16246K(16384K)->16246K(16384K) Class: 2665K(2752K)->2665K(2752K)
[446.321s][info][gc             ] GC(1447) Pause Young (Allocation Failure) 279M->210M(643M) 80.975ms
[446.321s][info][gc,cpu         ] GC(1447) User=0.16s Sys=0.00s Real=0.09s
[446.356s][info][gc,start       ] GC(1448) Pause Young (Allocation Failure)
[446.417s][info][gc,heap        ] GC(1448) PSYoungGen: 171008K(226816K)->49632K(224768K) Eden: 120832K(120832K)->0K(122880K) From: 50176K(105984K)->49632K(101888K)
[446.417s][info][gc,heap        ] GC(1448) ParOldGen: 165408K(432128K)->216200K(432128K)
[446.417s][info][gc,metaspace   ] GC(1448) Metaspace: 18911K(19136K)->18911K(19136K) NonClass: 16246K(16384K)->16246K(16384K) Class: 2665K(2752K)->2665K(2752K)
[446.417s][info][gc             ] GC(1448) Pause Young (Allocation Failure) 328M->259M(641M) 61.681ms
[446.417s][info][gc,cpu         ] GC(1448) User=0.13s Sys=0.00s Real=0.06s
[446.566s][info][gc,start       ] GC(1449) Pause Young (Allocation Failure)
[446.619s][info][gc,heap        ] GC(1449) PSYoungGen: 172512K(224768K)->26240K(226304K) Eden: 122880K(122880K)->0K(122880K) From: 49632K(101888K)->26240K(103424K)
[446.619s][info][gc,heap        ] GC(1449) ParOldGen: 216200K(432128K)->266296K(432128K)
[446.619s][info][gc,metaspace   ] GC(1449) Metaspace: 18911K(19136K)->18911K(19136K) NonClass: 16246K(16384K)->16246K(16384K) Class: 2665K(2752K)->2665K(2752K)
[446.619s][info][gc             ] GC(1449) Pause Young (Allocation Failure) 379M->285M(643M) 53.491ms
[446.619s][info][gc,cpu         ] GC(1449) User=0.11s Sys=0.00s Real=0.05s
[446.680s][info][gc,start       ] GC(1450) Pause Young (Allocation Failure)
[446.707s][info][gc,heap        ] GC(1450) PSYoungGen: 149120K(226304K)->3136K(228352K) Eden: 122880K(122880K)->0K(129536K) From: 26240K(103424K)->3136K(98816K)
[446.707s][info][gc,heap        ] GC(1450) ParOldGen: 266296K(432128K)->292736K(432128K)
[446.707s][info][gc,metaspace   ] GC(1450) Metaspace: 18911K(19136K)->18911K(19136K) NonClass: 16246K(16384K)->16246K(16384K) Class: 2665K(2752K)->2665K(2752K)
[446.707s][info][gc             ] GC(1450) Pause Young (Allocation Failure) 405M->288M(645M) 27.638ms
[446.707s][info][gc,cpu         ] GC(1450) User=0.05s Sys=0.00s Real=0.03s
[446.869s][info][gc,start       ] GC(1451) Pause Young (Allocation Failure)
[446.934s][info][gc,heap        ] GC(1451) PSYoungGen: 132672K(228352K)->33923K(227328K) Eden: 129536K(129536K)->0K(129536K) From: 3136K(98816K)->33923K(97792K)
[446.934s][info][gc,heap        ] GC(1451) ParOldGen: 292736K(432128K)->295848K(432128K)
[446.934s][info][gc,metaspace   ] GC(1451) Metaspace: 18911K(19136K)->18911K(19136K) NonClass: 16246K(16384K)->16246K(16384K) Class: 2665K(2752K)->2665K(2752K)
[446.934s][info][gc             ] GC(1451) Pause Young (Allocation Failure) 415M->322M(644M) 65.790ms
[446.934s][info][gc,cpu         ] GC(1451) User=0.13s Sys=0.00s Real=0.07s
[447.060s][info][gc,start       ] GC(1452) Pause Young (Allocation Failure)
[447.138s][info][gc,heap        ] GC(1452) PSYoungGen: 163459K(227328K)->24992K(230912K) Eden: 129536K(129536K)->0K(142336K) From: 33923K(97792K)->24992K(88576K)
[447.138s][info][gc,heap        ] GC(1452) ParOldGen: 295848K(432128K)->329770K(432128K)
[447.138s][info][gc,metaspace   ] GC(1452) Metaspace: 18911K(19136K)->18911K(19136K) NonClass: 16246K(16384K)->16246K(16384K) Class: 2665K(2752K)->2665K(2752K)
[447.138s][info][gc             ] GC(1452) Pause Young (Allocation Failure) 448M->346M(647M) 77.500ms
[447.138s][info][gc,cpu         ] GC(1452) User=0.15s Sys=0.00s Real=0.07s
[447.250s][info][gc,start       ] GC(1453) Pause Young (Allocation Failure)
[447.307s][info][gc,heap        ] GC(1453) PSYoungGen: 167328K(230912K)->32896K(229376K) Eden: 142336K(142336K)->0K(142336K) From: 24992K(88576K)->32896K(87040K)
[447.307s][info][gc,heap        ] GC(1453) ParOldGen: 329770K(432128K)->354762K(432128K)
[447.307s][info][gc,metaspace   ] GC(1453) Metaspace: 18911K(19136K)->18911K(19136K) NonClass: 16246K(16384K)->16246K(16384K) Class: 2665K(2752K)->2665K(2752K)
[447.307s][info][gc             ] GC(1453) Pause Young (Allocation Failure) 485M->378M(646M) 57.758ms
[447.307s][info][gc,cpu         ] GC(1453) User=0.11s Sys=0.00s Real=0.06s
[447.389s][info][gc,start       ] GC(1454) Pause Young (Allocation Failure)
[447.429s][info][gc,heap        ] GC(1454) PSYoungGen: 175232K(229376K)->7104K(241664K) Eden: 142336K(142336K)->0K(159232K) From: 32896K(87040K)->7104K(82432K)
[447.429s][info][gc,heap        ] GC(1454) ParOldGen: 354762K(432128K)->387714K(432128K)
[447.429s][info][gc,metaspace   ] GC(1454) Metaspace: 18911K(19136K)->18911K(19136K) NonClass: 16246K(16384K)->16246K(16384K) Class: 2665K(2752K)->2665K(2752K)
[447.429s][info][gc             ] GC(1454) Pause Young (Allocation Failure) 517M->385M(658M) 40.676ms
[447.430s][info][gc,cpu         ] GC(1454) User=0.08s Sys=0.00s Real=0.04s
[447.533s][info][gc,start       ] GC(1455) Pause Young (Allocation Failure)
[447.550s][info][gc,heap        ] GC(1455) PSYoungGen: 166336K(241664K)->1568K(240640K) Eden: 159232K(159232K)->0K(159232K) From: 7104K(82432K)->1568K(81408K)
[447.550s][info][gc,heap        ] GC(1455) ParOldGen: 387714K(432128K)->394794K(432128K)
[447.550s][info][gc,metaspace   ] GC(1455) Metaspace: 18911K(19136K)->18911K(19136K) NonClass: 16246K(16384K)->16246K(16384K) Class: 2665K(2752K)->2665K(2752K)
[447.550s][info][gc             ] GC(1455) Pause Young (Allocation Failure) 541M->387M(657M) 17.353ms
[447.550s][info][gc,cpu         ] GC(1455) User=0.03s Sys=0.00s Real=0.01s
[447.671s][info][gc,start       ] GC(1456) Pause Young (Allocation Failure)
[447.688s][info][gc,heap        ] GC(1456) PSYoungGen: 160800K(240640K)->6432K(249856K) Eden: 159232K(159232K)->0K(171520K) From: 1568K(81408K)->6432K(78336K)
[447.688s][info][gc,heap        ] GC(1456) ParOldGen: 394794K(432128K)->396330K(432128K)
[447.688s][info][gc,metaspace   ] GC(1456) Metaspace: 18911K(19136K)->18911K(19136K) NonClass: 16246K(16384K)->16246K(16384K) Class: 2665K(2752K)->2665K(2752K)
[447.688s][info][gc             ] GC(1456) Pause Young (Allocation Failure) 542M->393M(666M) 17.509ms
[447.688s][info][gc,cpu         ] GC(1456) User=0.03s Sys=0.00s Real=0.01s
[447.832s][info][gc,start       ] GC(1457) Pause Young (Allocation Failure)
[447.854s][info][gc,heap        ] GC(1457) PSYoungGen: 177952K(249856K)->13984K(250368K) Eden: 171520K(171520K)->0K(171520K) From: 6432K(78336K)->13984K(78848K)
[447.854s][info][gc,heap        ] GC(1457) ParOldGen: 396330K(432128K)->402738K(432128K)
[447.854s][info][gc,metaspace   ] GC(1457) Metaspace: 18911K(19136K)->18911K(19136K) NonClass: 16246K(16384K)->16246K(16384K) Class: 2665K(2752K)->2665K(2752K)
[447.854s][info][gc             ] GC(1457) Pause Young (Allocation Failure) 560M->406M(666M) 22.053ms
[447.854s][info][gc,cpu         ] GC(1457) User=0.04s Sys=0.00s Real=0.02s
[448.012s][info][gc,start       ] GC(1458) Pause Young (Allocation Failure)
[448.057s][info][gc,heap        ] GC(1458) PSYoungGen: 185504K(250368K)->28736K(251904K) Eden: 171520K(171520K)->0K(179712K) From: 13984K(78848K)->28736K(72192K)
[448.057s][info][gc,heap        ] GC(1458) ParOldGen: 402738K(432128K)->416722K(432128K)
[448.057s][info][gc,metaspace   ] GC(1458) Metaspace: 18911K(19136K)->18911K(19136K) NonClass: 16246K(16384K)->16246K(16384K) Class: 2665K(2752K)->2665K(2752K)
[448.057s][info][gc             ] GC(1458) Pause Young (Allocation Failure) 574M->435M(668M) 44.450ms
[448.057s][info][gc,cpu         ] GC(1458) User=0.08s Sys=0.00s Real=0.04s
[448.630s][info][gc,start       ] GC(1459) Pause Young (Allocation Failure)
[448.666s][info][gc,heap        ] GC(1459) PSYoungGen: 208448K(251904K)->224K(251904K) Eden: 179712K(179712K)->0K(179712K) From: 28736K(72192K)->224K(72192K)
[448.666s][info][gc,heap        ] GC(1459) ParOldGen: 416722K(432128K)->445469K(445952K)
[448.667s][info][gc,metaspace   ] GC(1459) Metaspace: 18911K(19136K)->18911K(19136K) NonClass: 16246K(16384K)->16246K(16384K) Class: 2665K(2752K)->2665K(2752K)
[448.667s][info][gc             ] GC(1459) Pause Young (Allocation Failure) 610M->435M(681M) 36.302ms
[448.667s][info][gc,cpu         ] GC(1459) User=0.06s Sys=0.01s Real=0.03s
[449.096s][info][gc,start       ] GC(1460) Pause Young (Allocation Failure)
[449.098s][info][gc,heap        ] GC(1460) PSYoungGen: 179936K(251904K)->64K(260608K) Eden: 179712K(179712K)->0K(190464K) From: 224K(72192K)->64K(70144K)
[449.098s][info][gc,heap        ] GC(1460) ParOldGen: 445469K(445952K)->445677K(445952K)
[449.098s][info][gc,metaspace   ] GC(1460) Metaspace: 18912K(19136K)->18912K(19136K) NonClass: 16247K(16384K)->16247K(16384K) Class: 2665K(2752K)->2665K(2752K)
[449.098s][info][gc             ] GC(1460) Pause Young (Allocation Failure) 610M->435M(690M) 2.469ms
[449.098s][info][gc,cpu         ] GC(1460) User=0.00s Sys=0.00s Real=0.00s
[449.488s][info][gc,start       ] GC(1461) Pause Young (Allocation Failure)
[449.491s][info][gc,heap        ] GC(1461) PSYoungGen: 190528K(260608K)->64K(260608K) Eden: 190464K(190464K)->0K(190464K) From: 64K(70144K)->64K(70144K)
[449.491s][info][gc,heap        ] GC(1461) ParOldGen: 445677K(445952K)->445701K(445952K)
[449.491s][info][gc,metaspace   ] GC(1461) Metaspace: 18912K(19136K)->18912K(19136K) NonClass: 16247K(16384K)->16247K(16384K) Class: 2665K(2752K)->2665K(2752K)
[449.491s][info][gc             ] GC(1461) Pause Young (Allocation Failure) 621M->435M(690M) 2.198ms
[449.491s][info][gc,cpu         ] GC(1461) User=0.00s Sys=0.00s Real=0.01s
[449.873s][info][gc,start       ] GC(1462) Pause Young (Allocation Failure)
[449.898s][info][gc,heap        ] GC(1462) PSYoungGen: 190528K(260608K)->9088K(258560K) Eden: 190464K(190464K)->0K(195584K) From: 64K(70144K)->9088K(62976K)
[449.898s][info][gc,heap        ] GC(1462) ParOldGen: 445701K(445952K)->445701K(445952K)
[449.898s][info][gc,metaspace   ] GC(1462) Metaspace: 18912K(19136K)->18912K(19136K) NonClass: 16247K(16384K)->16247K(16384K) Class: 2665K(2752K)->2665K(2752K)
[449.898s][info][gc             ] GC(1462) Pause Young (Allocation Failure) 621M->444M(688M) 25.337ms
[449.898s][info][gc,cpu         ] GC(1462) User=0.05s Sys=0.00s Real=0.02s
[450.038s][info][gc,start       ] GC(1463) Pause Young (Allocation Failure)
[450.095s][info][gc,heap        ] GC(1463) PSYoungGen: 204672K(258560K)->64486K(260096K) Eden: 195584K(195584K)->0K(195584K) From: 9088K(62976K)->64486K(64512K)
[450.095s][info][gc,heap        ] GC(1463) ParOldGen: 445701K(445952K)->451349K(451584K)
[450.095s][info][gc,metaspace   ] GC(1463) Metaspace: 18912K(19136K)->18912K(19136K) NonClass: 16247K(16384K)->16247K(16384K) Class: 2665K(2752K)->2665K(2752K)
[450.095s][info][gc             ] GC(1463) Pause Young (Allocation Failure) 635M->503M(695M) 57.072ms
[450.095s][info][gc,cpu         ] GC(1463) User=0.11s Sys=0.00s Real=0.06s
[450.265s][info][gc,start       ] GC(1464) Pause Young (Allocation Failure)
[450.381s][info][gc,heap        ] GC(1464) PSYoungGen: 260070K(260096K)->73712K(188416K) Eden: 195584K(195584K)->0K(114688K) From: 64486K(64512K)->73712K(73728K)
[450.381s][info][gc,heap        ] GC(1464) ParOldGen: 451349K(451584K)->495560K(495616K)
[450.381s][info][gc,metaspace   ] GC(1464) Metaspace: 18912K(19136K)->18912K(19136K) NonClass: 16247K(16384K)->16247K(16384K) Class: 2665K(2752K)->2665K(2752K)
[450.381s][info][gc             ] GC(1464) Pause Young (Allocation Failure) 694M->555M(668M) 115.695ms
[450.381s][info][gc,cpu         ] GC(1464) User=0.19s Sys=0.05s Real=0.12s
[450.440s][info][gc,start       ] GC(1465) Pause Young (Allocation Failure)
[450.533s][info][gc,heap        ] GC(1465) PSYoungGen: 188400K(188416K)->1664K(224256K) Eden: 114688K(114688K)->0K(114688K) From: 73712K(73728K)->1664K(109568K)
[450.533s][info][gc,heap        ] GC(1465) ParOldGen: 495560K(495616K)->569958K(570368K)
[450.533s][info][gc,metaspace   ] GC(1465) Metaspace: 18912K(19136K)->18912K(19136K) NonClass: 16247K(16384K)->16247K(16384K) Class: 2665K(2752K)->2665K(2752K)
[450.533s][info][gc             ] GC(1465) Pause Young (Allocation Failure) 667M->558M(776M) 93.099ms
[450.533s][info][gc,cpu         ] GC(1465) User=0.12s Sys=0.06s Real=0.09s
[450.606s][info][gc,start       ] GC(1466) Pause Young (Allocation Failure)
[450.622s][info][gc,heap        ] GC(1466) PSYoungGen: 116352K(224256K)->1280K(215040K) Eden: 114688K(114688K)->0K(117760K) From: 1664K(109568K)->1280K(97280K)
[450.622s][info][gc,heap        ] GC(1466) ParOldGen: 569958K(570368K)->571590K(571904K)
[450.622s][info][gc,metaspace   ] GC(1466) Metaspace: 18912K(19136K)->18912K(19136K) NonClass: 16247K(16384K)->16247K(16384K) Class: 2665K(2752K)->2665K(2752K)
[450.622s][info][gc             ] GC(1466) Pause Young (Allocation Failure) 670M->559M(768M) 15.995ms
[450.622s][info][gc,cpu         ] GC(1466) User=0.03s Sys=0.00s Real=0.02s
[450.731s][info][gc,start       ] GC(1467) Pause Young (Allocation Failure)
[450.777s][info][gc,heap        ] GC(1467) PSYoungGen: 119040K(215040K)->26124K(221184K) Eden: 117760K(117760K)->0K(117760K) From: 1280K(97280K)->26124K(103424K)
[450.777s][info][gc,heap        ] GC(1467) ParOldGen: 571590K(571904K)->572854K(572928K)
[450.777s][info][gc,metaspace   ] GC(1467) Metaspace: 18912K(19136K)->18912K(19136K) NonClass: 16247K(16384K)->16247K(16384K) Class: 2665K(2752K)->2665K(2752K)
[450.777s][info][gc             ] GC(1467) Pause Young (Allocation Failure) 674M->584M(775M) 46.271ms
[450.777s][info][gc,cpu         ] GC(1467) User=0.09s Sys=0.00s Real=0.04s
[450.888s][info][gc,start       ] GC(1468) Pause Young (Allocation Failure)
[450.963s][info][gc,heap        ] GC(1468) PSYoungGen: 143884K(221184K)->23136K(218624K) Eden: 117760K(117760K)->0K(134144K) From: 26124K(103424K)->23136K(84480K)
[450.963s][info][gc,heap        ] GC(1468) ParOldGen: 572854K(572928K)->598969K(599040K)
[450.963s][info][gc,metaspace   ] GC(1468) Metaspace: 18912K(19136K)->18912K(19136K) NonClass: 16247K(16384K)->16247K(16384K) Class: 2665K(2752K)->2665K(2752K)
[450.963s][info][gc             ] GC(1468) Pause Young (Allocation Failure) 699M->607M(798M) 74.759ms
[450.963s][info][gc,cpu         ] GC(1468) User=0.12s Sys=0.02s Real=0.08s
[451.055s][info][gc,start       ] GC(1469) Pause Full (Allocation Failure)
[451.055s][info][gc,phases,start] GC(1469) Marking Phase
[451.305s][info][gc,phases      ] GC(1469) Marking Phase 249.456ms
[451.305s][info][gc,phases,start] GC(1469) Summary Phase
[451.305s][info][gc,phases      ] GC(1469) Summary Phase 0.028ms
[451.305s][info][gc,phases,start] GC(1469) Forward
[451.409s][info][gc,phases      ] GC(1469) Forward 103.742ms
[451.409s][info][gc,phases,start] GC(1469) Adjust Pointers
[451.613s][info][gc,phases      ] GC(1469) Adjust Pointers 204.212ms
[451.613s][info][gc,phases,start] GC(1469) Compaction Phase
[451.728s][info][gc,phases      ] GC(1469) Compaction Phase 115.308ms
[451.737s][info][gc,phases,start] GC(1469) Post Compact
[451.739s][info][gc,phases      ] GC(1469) Post Compact 2.219ms
[451.740s][info][gc,heap        ] GC(1469) PSYoungGen: 157280K(218624K)->0K(223744K) Eden: 134144K(134144K)->0K(134144K) From: 23136K(84480K)->0K(89600K)
[451.740s][info][gc,heap        ] GC(1469) ParOldGen: 598969K(599040K)->360068K(667648K)
[451.740s][info][gc,metaspace   ] GC(1469) Metaspace: 18912K(19136K)->18912K(19136K) NonClass: 16247K(16384K)->16247K(16384K) Class: 2665K(2752K)->2665K(2752K)
[451.740s][info][gc             ] GC(1469) Pause Full (Allocation Failure) 738M->351M(870M) 684.190ms
[451.740s][info][gc,cpu         ] GC(1469) User=1.28s Sys=0.00s Real=0.68s
[451.847s][info][gc,start       ] GC(1470) Pause Young (Allocation Failure)
[451.867s][info][gc,heap        ] GC(1470) PSYoungGen: 134144K(223744K)->13440K(230400K) Eden: 134144K(134144K)->0K(151552K) From: 0K(89600K)->13440K(78848K)
[451.867s][info][gc,heap        ] GC(1470) ParOldGen: 360068K(667648K)->360068K(667648K)
[451.867s][info][gc,metaspace   ] GC(1470) Metaspace: 18912K(19136K)->18912K(19136K) NonClass: 16247K(16384K)->16247K(16384K) Class: 2665K(2752K)->2665K(2752K)
[451.867s][info][gc             ] GC(1470) Pause Young (Allocation Failure) 482M->364M(877M) 19.124ms
[451.867s][info][gc,cpu         ] GC(1470) User=0.04s Sys=0.00s Real=0.02s
[451.966s][info][gc,start       ] GC(1471) Pause Young (Allocation Failure)
[451.990s][info][gc,heap        ] GC(1471) PSYoungGen: 164992K(230400K)->8800K(236544K) Eden: 151552K(151552K)->0K(151552K) From: 13440K(78848K)->8800K(84992K)
[451.990s][info][gc,heap        ] GC(1471) ParOldGen: 360068K(667648K)->373516K(667648K)
[451.990s][info][gc,metaspace   ] GC(1471) Metaspace: 18912K(19136K)->18912K(19136K) NonClass: 16247K(16384K)->16247K(16384K) Class: 2665K(2752K)->2665K(2752K)
[451.990s][info][gc             ] GC(1471) Pause Young (Allocation Failure) 512M->373M(883M) 24.274ms
[451.990s][info][gc,cpu         ] GC(1471) User=0.05s Sys=0.00s Real=0.03s
[452.159s][info][gc,start       ] GC(1472) Pause Young (Allocation Failure)
[452.176s][info][gc,heap        ] GC(1472) PSYoungGen: 160352K(236544K)->3392K(240640K) Eden: 151552K(151552K)->0K(166912K) From: 8800K(84992K)->3392K(73728K)
[452.176s][info][gc,heap        ] GC(1472) ParOldGen: 373516K(667648K)->382300K(667648K)
[452.176s][info][gc,metaspace   ] GC(1472) Metaspace: 18913K(19136K)->18913K(19136K) NonClass: 16248K(16384K)->16248K(16384K) Class: 2665K(2752K)->2665K(2752K)
[452.176s][info][gc             ] GC(1472) Pause Young (Allocation Failure) 521M->376M(887M) 17.034ms
[452.176s][info][gc,cpu         ] GC(1472) User=0.04s Sys=0.00s Real=0.02s
[452.360s][info][gc,start       ] GC(1473) Pause Young (Allocation Failure)
[452.376s][info][gc,heap        ] GC(1473) PSYoungGen: 170304K(240640K)->7488K(246272K) Eden: 166912K(166912K)->0K(166912K) From: 3392K(73728K)->7488K(79360K)
[452.376s][info][gc,heap        ] GC(1473) ParOldGen: 382300K(667648K)->385686K(667648K)
[452.376s][info][gc,metaspace   ] GC(1473) Metaspace: 18913K(19136K)->18913K(19136K) NonClass: 16248K(16384K)->16248K(16384K) Class: 2665K(2752K)->2665K(2752K)
[452.376s][info][gc             ] GC(1473) Pause Young (Allocation Failure) 539M->383M(892M) 16.340ms
[452.376s][info][gc,cpu         ] GC(1473) User=0.03s Sys=0.00s Real=0.01s
[452.541s][info][gc,start       ] GC(1474) Pause Young (Allocation Failure)
[452.580s][info][gc,heap        ] GC(1474) PSYoungGen: 174400K(246272K)->31168K(249344K) Eden: 166912K(166912K)->0K(178688K) From: 7488K(79360K)->31168K(70656K)
[452.580s][info][gc,heap        ] GC(1474) ParOldGen: 385686K(667648K)->393150K(667648K)
[452.580s][info][gc,metaspace   ] GC(1474) Metaspace: 18913K(19136K)->18913K(19136K) NonClass: 16248K(16384K)->16248K(16384K) Class: 2665K(2752K)->2665K(2752K)
[452.580s][info][gc             ] GC(1474) Pause Young (Allocation Failure) 546M->414M(895M) 38.729ms
[452.580s][info][gc,cpu         ] GC(1474) User=0.07s Sys=0.00s Real=0.03s
[452.785s][info][gc,start       ] GC(1475) Pause Young (Allocation Failure)
[452.837s][info][gc,heap        ] GC(1475) PSYoungGen: 209856K(249344K)->30720K(252928K) Eden: 178688K(178688K)->0K(178688K) From: 31168K(70656K)->30720K(74240K)
[452.837s][info][gc,heap        ] GC(1475) ParOldGen: 393150K(667648K)->424416K(667648K)
[452.837s][info][gc,metaspace   ] GC(1475) Metaspace: 18913K(19136K)->18913K(19136K) NonClass: 16248K(16384K)->16248K(16384K) Class: 2665K(2752K)->2665K(2752K)
[452.837s][info][gc             ] GC(1475) Pause Young (Allocation Failure) 588M->444M(899M) 51.918ms
[452.837s][info][gc,cpu         ] GC(1475) User=0.10s Sys=0.00s Real=0.05s
[453.070s][info][gc,start       ] GC(1476) Pause Young (Allocation Failure)
[453.127s][info][gc,heap        ] GC(1476) PSYoungGen: 209408K(252928K)->49648K(250880K) Eden: 178688K(178688K)->0K(178176K) From: 30720K(74240K)->49648K(72704K)
[453.127s][info][gc,heap        ] GC(1476) ParOldGen: 424416K(667648K)->455448K(667648K)
[453.127s][info][gc,metaspace   ] GC(1476) Metaspace: 18913K(19136K)->18913K(19136K) NonClass: 16248K(16384K)->16248K(16384K) Class: 2665K(2752K)->2665K(2752K)
[453.127s][info][gc             ] GC(1476) Pause Young (Allocation Failure) 618M->493M(897M) 56.989ms
[453.127s][info][gc,cpu         ] GC(1476) User=0.11s Sys=0.00s Real=0.06s
[453.360s][info][gc,start       ] GC(1477) Pause Young (Allocation Failure)
[453.434s][info][gc,heap        ] GC(1477) PSYoungGen: 227824K(250880K)->25919K(256000K) Eden: 178176K(178176K)->0K(178176K) From: 49648K(72704K)->25919K(77824K)
[453.434s][info][gc,heap        ] GC(1477) ParOldGen: 455448K(667648K)->505653K(667648K)
[453.434s][info][gc,metaspace   ] GC(1477) Metaspace: 18913K(19136K)->18913K(19136K) NonClass: 16248K(16384K)->16248K(16384K) Class: 2665K(2752K)->2665K(2752K)
[453.434s][info][gc             ] GC(1477) Pause Young (Allocation Failure) 667M->519M(902M) 73.477ms
[453.434s][info][gc,cpu         ] GC(1477) User=0.14s Sys=0.00s Real=0.07s
[453.651s][info][gc,start       ] GC(1478) Pause Young (Allocation Failure)
[453.719s][info][gc,heap        ] GC(1478) PSYoungGen: 204095K(256000K)->29344K(249344K) Eden: 178176K(178176K)->0K(182784K) From: 25919K(77824K)->29344K(66560K)
[453.719s][info][gc,heap        ] GC(1478) ParOldGen: 505653K(667648K)->531571K(667648K)
[453.719s][info][gc,metaspace   ] GC(1478) Metaspace: 18913K(19136K)->18913K(19136K) NonClass: 16248K(16384K)->16248K(16384K) Class: 2665K(2752K)->2665K(2752K)
[453.719s][info][gc             ] GC(1478) Pause Young (Allocation Failure) 693M->547M(895M) 68.054ms
[453.719s][info][gc,cpu         ] GC(1478) User=0.13s Sys=0.00s Real=0.06s
[453.883s][info][gc,start       ] GC(1479) Pause Young (Allocation Failure)
[453.920s][info][gc,heap        ] GC(1479) PSYoungGen: 212128K(249344K)->4544K(252928K) Eden: 182784K(182784K)->0K(182784K) From: 29344K(66560K)->4544K(70144K)
[453.920s][info][gc,heap        ] GC(1479) ParOldGen: 531571K(667648K)->560963K(667648K)
[453.920s][info][gc,metaspace   ] GC(1479) Metaspace: 18913K(19136K)->18913K(19136K) NonClass: 16248K(16384K)->16248K(16384K) Class: 2665K(2752K)->2665K(2752K)
[453.920s][info][gc             ] GC(1479) Pause Young (Allocation Failure) 726M->552M(899M) 36.711ms
[453.920s][info][gc,cpu         ] GC(1479) User=0.07s Sys=0.00s Real=0.04s
[454.128s][info][gc,start       ] GC(1480) Pause Young (Allocation Failure)
[454.144s][info][gc,heap        ] GC(1480) PSYoungGen: 187328K(252928K)->4032K(259584K) Eden: 182784K(182784K)->0K(194560K) From: 4544K(70144K)->4032K(65024K)
[454.144s][info][gc,heap        ] GC(1480) ParOldGen: 560963K(667648K)->565475K(667648K)
[454.144s][info][gc,metaspace   ] GC(1480) Metaspace: 18913K(19136K)->18913K(19136K) NonClass: 16248K(16384K)->16248K(16384K) Class: 2665K(2752K)->2665K(2752K)
[454.144s][info][gc             ] GC(1480) Pause Young (Allocation Failure) 730M->556M(905M) 16.031ms
[454.144s][info][gc,cpu         ] GC(1480) User=0.03s Sys=0.00s Real=0.02s
[454.418s][info][gc,start       ] GC(1481) Pause Young (Allocation Failure)
[454.451s][info][gc,heap        ] GC(1481) PSYoungGen: 198592K(259584K)->26704K(262144K) Eden: 194560K(194560K)->0K(194560K) From: 4032K(65024K)->26704K(67584K)
[454.451s][info][gc,heap        ] GC(1481) ParOldGen: 565475K(667648K)->569507K(667648K)
[454.451s][info][gc,metaspace   ] GC(1481) Metaspace: 18913K(19136K)->18913K(19136K) NonClass: 16248K(16384K)->16248K(16384K) Class: 2665K(2752K)->2665K(2752K)
[454.451s][info][gc             ] GC(1481) Pause Young (Allocation Failure) 746M->582M(908M) 32.581ms
[454.451s][info][gc,cpu         ] GC(1481) User=0.06s Sys=0.00s Real=0.04s
[454.914s][info][gc,start       ] GC(1482) Pause Young (Allocation Failure)
[454.964s][info][gc,heap        ] GC(1482) PSYoungGen: 221264K(262144K)->16530K(260096K) Eden: 194560K(194560K)->0K(201216K) From: 26704K(67584K)->16530K(58880K)
[454.964s][info][gc,heap        ] GC(1482) ParOldGen: 569507K(667648K)->596220K(667648K)
[454.964s][info][gc,metaspace   ] GC(1482) Metaspace: 18913K(19136K)->18913K(19136K) NonClass: 16248K(16384K)->16248K(16384K) Class: 2665K(2752K)->2665K(2752K)
[454.964s][info][gc             ] GC(1482) Pause Young (Allocation Failure) 772M->598M(906M) 50.481ms
[454.964s][info][gc,cpu         ] GC(1482) User=0.10s Sys=0.00s Real=0.05s
[455.160s][info][gc,start       ] GC(1483) Pause Young (Allocation Failure)
[455.222s][info][gc,heap        ] GC(1483) PSYoungGen: 217746K(260096K)->61664K(263168K) Eden: 201216K(201216K)->0K(201216K) From: 16530K(58880K)->61664K(61952K)
[455.222s][info][gc,heap        ] GC(1483) ParOldGen: 596220K(667648K)->612673K(667648K)
[455.222s][info][gc,metaspace   ] GC(1483) Metaspace: 18913K(19136K)->18913K(19136K) NonClass: 16248K(16384K)->16248K(16384K) Class: 2665K(2752K)->2665K(2752K)
[455.222s][info][gc             ] GC(1483) Pause Young (Allocation Failure) 794M->658M(909M) 62.280ms
[455.222s][info][gc,cpu         ] GC(1483) User=0.11s Sys=0.01s Real=0.07s
[455.493s][info][gc,start       ] GC(1484) Pause Full (Allocation Failure)
[455.493s][info][gc,phases,start] GC(1484) Marking Phase
[455.835s][info][gc,phases      ] GC(1484) Marking Phase 341.856ms
[455.835s][info][gc,phases,start] GC(1484) Summary Phase
[455.835s][info][gc,phases      ] GC(1484) Summary Phase 0.030ms
[455.835s][info][gc,phases,start] GC(1484) Forward
[455.987s][info][gc,phases      ] GC(1484) Forward 152.123ms
[455.988s][info][gc,phases,start] GC(1484) Adjust Pointers
[456.256s][info][gc,phases      ] GC(1484) Adjust Pointers 268.720ms
[456.256s][info][gc,phases,start] GC(1484) Compaction Phase
[456.411s][info][gc,phases      ] GC(1484) Compaction Phase 154.318ms
[456.421s][info][gc,phases,start] GC(1484) Post Compact
[456.424s][info][gc,phases      ] GC(1484) Post Compact 2.559ms
[456.424s][info][gc,heap        ] GC(1484) PSYoungGen: 262880K(263168K)->0K(259072K) Eden: 201216K(201216K)->0K(188416K) From: 61664K(61952K)->0K(70656K)
[456.424s][info][gc,heap        ] GC(1484) ParOldGen: 612673K(667648K)->455688K(667648K)
[456.424s][info][gc,metaspace   ] GC(1484) Metaspace: 18913K(19136K)->18913K(19136K) NonClass: 16248K(16384K)->16248K(16384K) Class: 2665K(2752K)->2665K(2752K)
[456.424s][info][gc             ] GC(1484) Pause Full (Allocation Failure) 855M->445M(905M) 930.787ms
[456.424s][info][gc,cpu         ] GC(1484) User=1.72s Sys=0.00s Real=0.93s
[456.641s][info][gc,start       ] GC(1485) Pause Young (Allocation Failure)
[456.673s][info][gc,heap        ] GC(1485) PSYoungGen: 188416K(259072K)->30848K(219648K) Eden: 188416K(188416K)->0K(188416K) From: 0K(70656K)->30848K(31232K)
[456.673s][info][gc,heap        ] GC(1485) ParOldGen: 455688K(667648K)->455688K(667648K)
[456.673s][info][gc,metaspace   ] GC(1485) Metaspace: 18913K(19136K)->18913K(19136K) NonClass: 16248K(16384K)->16248K(16384K) Class: 2665K(2752K)->2665K(2752K)
[456.673s][info][gc             ] GC(1485) Pause Young (Allocation Failure) 629M->475M(866M) 32.256ms
[456.673s][info][gc,cpu         ] GC(1485) User=0.07s Sys=0.00s Real=0.03s
[456.841s][info][gc,start       ] GC(1486) Pause Young (Allocation Failure)
[456.873s][info][gc,heap        ] GC(1486) PSYoungGen: 219264K(219648K)->31520K(263168K) Eden: 188416K(188416K)->0K(193024K) From: 30848K(31232K)->31520K(70144K)
[456.873s][info][gc,heap        ] GC(1486) ParOldGen: 455688K(667648K)->455688K(667648K)
[456.873s][info][gc,metaspace   ] GC(1486) Metaspace: 18913K(19136K)->18913K(19136K) NonClass: 16248K(16384K)->16248K(16384K) Class: 2665K(2752K)->2665K(2752K)
[456.873s][info][gc             ] GC(1486) Pause Young (Allocation Failure) 659M->475M(909M) 32.329ms
[456.873s][info][gc,cpu         ] GC(1486) User=0.06s Sys=0.00s Real=0.03s
[457.104s][info][gc,start       ] GC(1487) Pause Young (Allocation Failure)
[457.141s][info][gc,heap        ] GC(1487) PSYoungGen: 224544K(263168K)->35520K(260608K) Eden: 193024K(193024K)->0K(193024K) From: 31520K(70144K)->35520K(67584K)
[457.141s][info][gc,heap        ] GC(1487) ParOldGen: 455688K(667648K)->455688K(667648K)
[457.141s][info][gc,metaspace   ] GC(1487) Metaspace: 18913K(19136K)->18913K(19136K) NonClass: 16248K(16384K)->16248K(16384K) Class: 2665K(2752K)->2665K(2752K)
[457.141s][info][gc             ] GC(1487) Pause Young (Allocation Failure) 664M->479M(906M) 36.249ms
[457.141s][info][gc,cpu         ] GC(1487) User=0.07s Sys=0.00s Real=0.04s
[457.447s][info][gc,start       ] GC(1488) Pause Young (Allocation Failure)
[457.513s][info][gc,heap        ] GC(1488) PSYoungGen: 228544K(260608K)->62160K(249344K) Eden: 193024K(193024K)->0K(182272K) From: 35520K(67584K)->62160K(67072K)
[457.513s][info][gc,heap        ] GC(1488) ParOldGen: 455688K(667648K)->455688K(667648K)
[457.513s][info][gc,metaspace   ] GC(1488) Metaspace: 18913K(19136K)->18913K(19136K) NonClass: 16248K(16384K)->16248K(16384K) Class: 2665K(2752K)->2665K(2752K)
[457.513s][info][gc             ] GC(1488) Pause Young (Allocation Failure) 668M->505M(895M) 66.316ms
[457.513s][info][gc,cpu         ] GC(1488) User=0.12s Sys=0.01s Real=0.07s
[457.983s][info][gc,start       ] GC(1489) Pause Young (Allocation Failure)
[458.044s][info][gc,heap        ] GC(1489) PSYoungGen: 244432K(249344K)->31408K(258048K) Eden: 182272K(182272K)->0K(182272K) From: 62160K(67072K)->31408K(75776K)
[458.044s][info][gc,heap        ] GC(1489) ParOldGen: 455688K(667648K)->486576K(667648K)
[458.044s][info][gc,metaspace   ] GC(1489) Metaspace: 18913K(19136K)->18913K(19136K) NonClass: 16248K(16384K)->16248K(16384K) Class: 2665K(2752K)->2665K(2752K)
[458.044s][info][gc             ] GC(1489) Pause Young (Allocation Failure) 683M->505M(904M) 60.365ms
[458.044s][info][gc,cpu         ] GC(1489) User=0.12s Sys=0.00s Real=0.06s
[458.465s][info][gc,start       ] GC(1490) Pause Young (Allocation Failure)
[458.506s][info][gc,heap        ] GC(1490) PSYoungGen: 213680K(258048K)->31536K(246784K) Eden: 182272K(182272K)->0K(186368K) From: 31408K(75776K)->31536K(60416K)
[458.506s][info][gc,heap        ] GC(1490) ParOldGen: 486576K(667648K)->486576K(667648K)
[458.506s][info][gc,metaspace   ] GC(1490) Metaspace: 18913K(19136K)->18913K(19136K) NonClass: 16248K(16384K)->16248K(16384K) Class: 2665K(2752K)->2665K(2752K)
[458.506s][info][gc             ] GC(1490) Pause Young (Allocation Failure) 683M->505M(893M) 41.581ms
[458.506s][info][gc,cpu         ] GC(1490) User=0.08s Sys=0.00s Real=0.04s
[458.720s][info][gc,start       ] GC(1491) Pause Young (Allocation Failure)
[458.782s][info][gc,heap        ] GC(1491) PSYoungGen: 217904K(246784K)->68080K(254464K) Eden: 186368K(186368K)->0K(186368K) From: 31536K(60416K)->68080K(68096K)
[458.782s][info][gc,heap        ] GC(1491) ParOldGen: 486576K(667648K)->494432K(667648K)
[458.782s][info][gc,metaspace   ] GC(1491) Metaspace: 18913K(19136K)->18913K(19136K) NonClass: 16248K(16384K)->16248K(16384K) Class: 2665K(2752K)->2665K(2752K)
[458.782s][info][gc             ] GC(1491) Pause Young (Allocation Failure) 687M->549M(900M) 62.307ms
[458.782s][info][gc,cpu         ] GC(1491) User=0.13s Sys=0.00s Real=0.07s
[459.021s][info][gc,start       ] GC(1492) Pause Young (Allocation Failure)
[459.104s][info][gc,heap        ] GC(1492) PSYoungGen: 254448K(254464K)->79344K(213504K) Eden: 186368K(186368K)->0K(134144K) From: 68080K(68096K)->79344K(79360K)
[459.104s][info][gc,heap        ] GC(1492) ParOldGen: 494432K(667648K)->514264K(667648K)
[459.104s][info][gc,metaspace   ] GC(1492) Metaspace: 18914K(19136K)->18914K(19136K) NonClass: 16249K(16384K)->16249K(16384K) Class: 2665K(2752K)->2665K(2752K)
[459.104s][info][gc             ] GC(1492) Pause Young (Allocation Failure) 731M->579M(860M) 83.396ms
[459.104s][info][gc,cpu         ] GC(1492) User=0.16s Sys=0.00s Real=0.08s
[459.292s][info][gc,start       ] GC(1493) Pause Young (Allocation Failure)
[459.395s][info][gc,heap        ] GC(1493) PSYoungGen: 213488K(213504K)->77440K(211968K) Eden: 134144K(134144K)->0K(134144K) From: 79344K(79360K)->77440K(77824K)
[459.395s][info][gc,heap        ] GC(1493) ParOldGen: 514264K(667648K)->540985K(667648K)
[459.395s][info][gc,metaspace   ] GC(1493) Metaspace: 18914K(19136K)->18914K(19136K) NonClass: 16249K(16384K)->16249K(16384K) Class: 2665K(2752K)->2665K(2752K)
[459.395s][info][gc             ] GC(1493) Pause Young (Allocation Failure) 710M->603M(859M) 102.960ms
[459.395s][info][gc,cpu         ] GC(1493) User=0.21s Sys=0.00s Real=0.10s
[459.545s][info][gc,start       ] GC(1494) Pause Young (Allocation Failure)
[459.647s][info][gc,heap        ] GC(1494) PSYoungGen: 211584K(211968K)->81856K(219136K) Eden: 134144K(134144K)->0K(111616K) From: 77440K(77824K)->81856K(107520K)
[459.647s][info][gc,heap        ] GC(1494) ParOldGen: 540985K(667648K)->563873K(667648K)
[459.647s][info][gc,metaspace   ] GC(1494) Metaspace: 18914K(19136K)->18914K(19136K) NonClass: 16249K(16384K)->16249K(16384K) Class: 2665K(2752K)->2665K(2752K)
[459.647s][info][gc             ] GC(1494) Pause Young (Allocation Failure) 734M->630M(866M) 102.415ms
[459.648s][info][gc,cpu         ] GC(1494) User=0.21s Sys=0.00s Real=0.10s
[459.763s][info][gc,start       ] GC(1495) Pause Young (Allocation Failure)
[459.857s][info][gc,heap        ] GC(1495) PSYoungGen: 193472K(219136K)->33088K(222720K) Eden: 111616K(111616K)->0K(111616K) From: 81856K(107520K)->33088K(111104K)
[459.857s][info][gc,heap        ] GC(1495) ParOldGen: 563873K(667648K)->618946K(667648K)
[459.857s][info][gc,metaspace   ] GC(1495) Metaspace: 18914K(19136K)->18914K(19136K) NonClass: 16249K(16384K)->16249K(16384K) Class: 2665K(2752K)->2665K(2752K)
[459.857s][info][gc             ] GC(1495) Pause Young (Allocation Failure) 739M->636M(869M) 94.073ms
[459.857s][info][gc,cpu         ] GC(1495) User=0.18s Sys=0.01s Real=0.09s
[459.964s][info][gc,start       ] GC(1496) Pause Full (Allocation Failure)
[459.964s][info][gc,phases,start] GC(1496) Marking Phase
[460.435s][info][gc,phases      ] GC(1496) Marking Phase 471.209ms
[460.435s][info][gc,phases,start] GC(1496) Summary Phase
[460.435s][info][gc,phases      ] GC(1496) Summary Phase 0.024ms
[460.435s][info][gc,phases,start] GC(1496) Forward
[460.445s][info][gc,phases      ] GC(1496) Forward 9.726ms
[460.445s][info][gc,phases,start] GC(1496) Adjust Pointers
[460.758s][info][gc,phases      ] GC(1496) Adjust Pointers 313.112ms
[460.758s][info][gc,phases,start] GC(1496) Compaction Phase
[460.918s][info][gc,phases      ] GC(1496) Compaction Phase 159.530ms
[460.918s][info][gc,phases,start] GC(1496) Post Compact
[460.920s][info][gc,phases      ] GC(1496) Post Compact 2.201ms
[460.920s][info][gc,heap        ] GC(1496) PSYoungGen: 144704K(222720K)->0K(222720K) Eden: 111616K(111616K)->0K(111616K) From: 33088K(111104K)->0K(111104K)
[460.920s][info][gc,heap        ] GC(1496) ParOldGen: 618946K(667648K)->652560K(667648K)
[460.920s][info][gc,metaspace   ] GC(1496) Metaspace: 18914K(19136K)->18914K(19136K) NonClass: 16249K(16384K)->16249K(16384K) Class: 2665K(2752K)->2665K(2752K)
[460.920s][info][gc             ] GC(1496) Pause Full (Allocation Failure) 745M->637M(869M) 956.197ms
[460.920s][info][gc,cpu         ] GC(1496) User=1.87s Sys=0.01s Real=0.96s
[461.052s][info][gc,start       ] GC(1497) Pause Full (Allocation Failure)
[461.053s][info][gc,phases,start] GC(1497) Marking Phase
[461.523s][info][gc,phases      ] GC(1497) Marking Phase 470.948ms
[461.524s][info][gc,phases,start] GC(1497) Summary Phase
[461.524s][info][gc,phases      ] GC(1497) Summary Phase 0.024ms
[461.524s][info][gc,phases,start] GC(1497) Forward
[461.527s][info][gc,phases      ] GC(1497) Forward 3.099ms
[461.527s][info][gc,phases,start] GC(1497) Adjust Pointers
[461.843s][info][gc,phases      ] GC(1497) Adjust Pointers 315.792ms
[461.843s][info][gc,phases,start] GC(1497) Compaction Phase
[461.983s][info][gc,phases      ] GC(1497) Compaction Phase 140.324ms
[461.983s][info][gc,phases,start] GC(1497) Post Compact
[461.985s][info][gc,phases      ] GC(1497) Post Compact 2.155ms
[461.985s][info][gc,heap        ] GC(1497) PSYoungGen: 111616K(222720K)->0K(222720K) Eden: 111616K(111616K)->0K(111616K) From: 0K(111104K)->0K(111104K)
[461.985s][info][gc,heap        ] GC(1497) ParOldGen: 652560K(667648K)->656577K(667648K)
[461.985s][info][gc,metaspace   ] GC(1497) Metaspace: 18914K(19136K)->18914K(19136K) NonClass: 16249K(16384K)->16249K(16384K) Class: 2665K(2752K)->2665K(2752K)
[461.985s][info][gc             ] GC(1497) Pause Full (Allocation Failure) 746M->641M(869M) 932.733ms
[461.985s][info][gc,cpu         ] GC(1497) User=1.83s Sys=0.00s Real=0.93s
[462.129s][info][gc,start       ] GC(1498) Pause Full (Allocation Failure)
[462.129s][info][gc,phases,start] GC(1498) Marking Phase
[462.606s][info][gc,phases      ] GC(1498) Marking Phase 477.151ms
[462.606s][info][gc,phases,start] GC(1498) Summary Phase
[462.606s][info][gc,phases      ] GC(1498) Summary Phase 0.024ms
[462.606s][info][gc,phases,start] GC(1498) Forward
[462.607s][info][gc,phases      ] GC(1498) Forward 1.080ms
[462.607s][info][gc,phases,start] GC(1498) Adjust Pointers
[462.926s][info][gc,phases      ] GC(1498) Adjust Pointers 319.058ms
[462.926s][info][gc,phases,start] GC(1498) Compaction Phase
[463.068s][info][gc,phases      ] GC(1498) Compaction Phase 141.551ms
[463.068s][info][gc,phases,start] GC(1498) Post Compact
[463.070s][info][gc,phases      ] GC(1498) Post Compact 2.220ms
[463.070s][info][gc,heap        ] GC(1498) PSYoungGen: 111616K(222720K)->0K(222720K) Eden: 111616K(111616K)->0K(111616K) From: 0K(111104K)->0K(111104K)
[463.070s][info][gc,heap        ] GC(1498) ParOldGen: 656577K(667648K)->657603K(667648K)
[463.070s][info][gc,metaspace   ] GC(1498) Metaspace: 18914K(19136K)->18914K(19136K) NonClass: 16249K(16384K)->16249K(16384K) Class: 2665K(2752K)->2665K(2752K)
[463.070s][info][gc             ] GC(1498) Pause Full (Allocation Failure) 750M->642M(869M) 941.498ms
[463.070s][info][gc,cpu         ] GC(1498) User=1.85s Sys=0.00s Real=0.95s
[463.256s][info][gc,start       ] GC(1499) Pause Full (Allocation Failure)
[463.256s][info][gc,phases,start] GC(1499) Marking Phase
[463.749s][info][gc,phases      ] GC(1499) Marking Phase 493.122ms
[463.749s][info][gc,phases,start] GC(1499) Summary Phase
[463.749s][info][gc,phases      ] GC(1499) Summary Phase 0.026ms
[463.749s][info][gc,phases,start] GC(1499) Forward
[463.755s][info][gc,phases      ] GC(1499) Forward 5.980ms
[463.755s][info][gc,phases,start] GC(1499) Adjust Pointers
[464.079s][info][gc,phases      ] GC(1499) Adjust Pointers 323.587ms
[464.079s][info][gc,phases,start] GC(1499) Compaction Phase
[464.226s][info][gc,phases      ] GC(1499) Compaction Phase 147.538ms
[464.227s][info][gc,phases,start] GC(1499) Post Compact
[464.229s][info][gc,phases      ] GC(1499) Post Compact 2.161ms
[464.229s][info][gc,heap        ] GC(1499) PSYoungGen: 111616K(222720K)->5570K(222720K) Eden: 111616K(111616K)->5570K(111616K) From: 0K(111104K)->0K(111104K)
[464.229s][info][gc,heap        ] GC(1499) ParOldGen: 657603K(667648K)->667646K(667648K)
[464.229s][info][gc,metaspace   ] GC(1499) Metaspace: 18914K(19136K)->18914K(19136K) NonClass: 16249K(16384K)->16249K(16384K) Class: 2665K(2752K)->2665K(2752K)
[464.229s][info][gc             ] GC(1499) Pause Full (Allocation Failure) 751M->657M(869M) 972.841ms
[464.229s][info][gc,cpu         ] GC(1499) User=1.90s Sys=0.00s Real=0.97s
[464.413s][info][gc,start       ] GC(1500) Pause Full (Allocation Failure)
[464.413s][info][gc,phases,start] GC(1500) Marking Phase
[464.797s][info][gc,phases      ] GC(1500) Marking Phase 384.308ms
[464.797s][info][gc,phases,start] GC(1500) Summary Phase
[464.797s][info][gc,phases      ] GC(1500) Summary Phase 0.025ms
[464.797s][info][gc,phases,start] GC(1500) Forward
[464.932s][info][gc,phases      ] GC(1500) Forward 134.902ms
[464.932s][info][gc,phases,start] GC(1500) Adjust Pointers
[465.223s][info][gc,phases      ] GC(1500) Adjust Pointers 290.898ms
[465.223s][info][gc,phases,start] GC(1500) Compaction Phase
[465.401s][info][gc,phases      ] GC(1500) Compaction Phase 177.903ms
[465.413s][info][gc,phases,start] GC(1500) Post Compact
[465.415s][info][gc,phases      ] GC(1500) Post Compact 2.321ms
[465.415s][info][gc,heap        ] GC(1500) PSYoungGen: 111616K(222720K)->0K(222720K) Eden: 111616K(111616K)->0K(111616K) From: 0K(111104K)->0K(111104K)
[465.415s][info][gc,heap        ] GC(1500) ParOldGen: 667646K(667648K)->541067K(667648K)
[465.415s][info][gc,metaspace   ] GC(1500) Metaspace: 18914K(19136K)->18914K(19136K) NonClass: 16249K(16384K)->16249K(16384K) Class: 2665K(2752K)->2665K(2752K)
[465.415s][info][gc             ] GC(1500) Pause Full (Allocation Failure) 760M->528M(869M) 1002.542ms
[465.415s][info][gc,cpu         ] GC(1500) User=1.91s Sys=0.01s Real=1.00s
[465.685s][info][gc,start       ] GC(1501) Pause Young (Allocation Failure)
[465.692s][info][gc,heap        ] GC(1501) PSYoungGen: 111616K(222720K)->5531K(222720K) Eden: 111616K(111616K)->0K(111616K) From: 0K(111104K)->5531K(111104K)
[465.692s][info][gc,heap        ] GC(1501) ParOldGen: 541067K(667648K)->541067K(667648K)
[465.692s][info][gc,metaspace   ] GC(1501) Metaspace: 18926K(19136K)->18926K(19136K) NonClass: 16261K(16384K)->16261K(16384K) Class: 2665K(2752K)->2665K(2752K)
[465.692s][info][gc             ] GC(1501) Pause Young (Allocation Failure) 637M->533M(869M) 6.697ms
[465.692s][info][gc,cpu         ] GC(1501) User=0.02s Sys=0.00s Real=0.01s
[465.825s][info][gc,start       ] GC(1502) Pause Young (Allocation Failure)
[465.842s][info][gc,heap        ] GC(1502) PSYoungGen: 117147K(222720K)->11728K(220672K) Eden: 111616K(111616K)->0K(111616K) From: 5531K(111104K)->11728K(109056K)
[465.842s][info][gc,heap        ] GC(1502) ParOldGen: 541067K(667648K)->546591K(667648K)
[465.842s][info][gc,metaspace   ] GC(1502) Metaspace: 18928K(19136K)->18928K(19136K) NonClass: 16263K(16384K)->16263K(16384K) Class: 2665K(2752K)->2665K(2752K)
[465.842s][info][gc             ] GC(1502) Pause Young (Allocation Failure) 642M->545M(867M) 17.115ms
[465.842s][info][gc,cpu         ] GC(1502) User=0.03s Sys=0.00s Real=0.02s
[465.966s][info][gc,start       ] GC(1503) Pause Young (Allocation Failure)
[465.990s][info][gc,heap        ] GC(1503) PSYoungGen: 123344K(220672K)->23088K(135168K) Eden: 111616K(111616K)->0K(111616K) From: 11728K(109056K)->23088K(23552K)
[465.990s][info][gc,heap        ] GC(1503) ParOldGen: 546591K(667648K)->546591K(667648K)
[465.990s][info][gc,metaspace   ] GC(1503) Metaspace: 18928K(19136K)->18928K(19136K) NonClass: 16263K(16384K)->16263K(16384K) Class: 2665K(2752K)->2665K(2752K)
[465.990s][info][gc             ] GC(1503) Pause Young (Allocation Failure) 654M->556M(784M) 24.487ms
[465.990s][info][gc,cpu         ] GC(1503) User=0.05s Sys=0.00s Real=0.03s
[466.116s][info][gc,start       ] GC(1504) Pause Young (Allocation Failure)
[466.142s][info][gc,heap        ] GC(1504) PSYoungGen: 134704K(135168K)->29680K(214528K) Eden: 111616K(111616K)->0K(116736K) From: 23088K(23552K)->29680K(97792K)
[466.142s][info][gc,heap        ] GC(1504) ParOldGen: 546591K(667648K)->546591K(667648K)
[466.142s][info][gc,metaspace   ] GC(1504) Metaspace: 18928K(19136K)->18928K(19136K) NonClass: 16263K(16384K)->16263K(16384K) Class: 2665K(2752K)->2665K(2752K)
[466.142s][info][gc             ] GC(1504) Pause Young (Allocation Failure) 665M->562M(861M) 25.952ms
[466.142s][info][gc,cpu         ] GC(1504) User=0.05s Sys=0.00s Real=0.03s
[466.263s][info][gc,start       ] GC(1505) Pause Young (Allocation Failure)
[466.303s][info][gc,heap        ] GC(1505) PSYoungGen: 146416K(214528K)->43472K(217600K) Eden: 116736K(116736K)->0K(116736K) From: 29680K(97792K)->43472K(100864K)
[466.303s][info][gc,heap        ] GC(1505) ParOldGen: 546591K(667648K)->546591K(667648K)
[466.303s][info][gc,metaspace   ] GC(1505) Metaspace: 18928K(19136K)->18928K(19136K) NonClass: 16263K(16384K)->16263K(16384K) Class: 2665K(2752K)->2665K(2752K)
[466.303s][info][gc             ] GC(1505) Pause Young (Allocation Failure) 676M->576M(864M) 40.045ms
[466.303s][info][gc,cpu         ] GC(1505) User=0.08s Sys=0.00s Real=0.04s
[466.466s][info][gc,start       ] GC(1506) Pause Young (Allocation Failure)
[466.508s][info][gc,heap        ] GC(1506) PSYoungGen: 160208K(217600K)->46560K(214528K) Eden: 116736K(116736K)->0K(122880K) From: 43472K(100864K)->46560K(91648K)
[466.508s][info][gc,heap        ] GC(1506) ParOldGen: 546591K(667648K)->546591K(667648K)
[466.508s][info][gc,metaspace   ] GC(1506) Metaspace: 18928K(19136K)->18928K(19136K) NonClass: 16263K(16384K)->16263K(16384K) Class: 2665K(2752K)->2665K(2752K)
[466.508s][info][gc             ] GC(1506) Pause Young (Allocation Failure) 690M->579M(861M) 42.209ms
[466.508s][info][gc,cpu         ] GC(1506) User=0.08s Sys=0.00s Real=0.04s
[466.777s][info][gc,start       ] GC(1507) Pause Young (Allocation Failure)
[466.821s][info][gc,heap        ] GC(1507) PSYoungGen: 169440K(214528K)->47824K(217088K) Eden: 122880K(122880K)->0K(122880K) From: 46560K(91648K)->47824K(94208K)
[466.821s][info][gc,heap        ] GC(1507) ParOldGen: 546591K(667648K)->546591K(667648K)
[466.821s][info][gc,metaspace   ] GC(1507) Metaspace: 18929K(19136K)->18929K(19136K) NonClass: 16264K(16384K)->16264K(16384K) Class: 2665K(2752K)->2665K(2752K)
[466.821s][info][gc             ] GC(1507) Pause Young (Allocation Failure) 699M->580M(864M) 43.272ms
[466.821s][info][gc,cpu         ] GC(1507) User=0.09s Sys=0.00s Real=0.05s
[466.948s][info][gc,start       ] GC(1508) Pause Young (Allocation Failure)
[467.004s][info][gc,heap        ] GC(1508) PSYoungGen: 170704K(217088K)->62240K(217088K) Eden: 122880K(122880K)->0K(125440K) From: 47824K(94208K)->62240K(91648K)
[467.004s][info][gc,heap        ] GC(1508) ParOldGen: 546591K(667648K)->546591K(667648K)
[467.004s][info][gc,metaspace   ] GC(1508) Metaspace: 18929K(19136K)->18929K(19136K) NonClass: 16264K(16384K)->16264K(16384K) Class: 2665K(2752K)->2665K(2752K)
[467.004s][info][gc             ] GC(1508) Pause Young (Allocation Failure) 700M->594M(864M) 56.227ms
[467.004s][info][gc,cpu         ] GC(1508) User=0.11s Sys=0.00s Real=0.06s
[467.161s][info][gc,start       ] GC(1509) Pause Young (Allocation Failure)
[467.232s][info][gc,heap        ] GC(1509) PSYoungGen: 187680K(217088K)->81792K(220160K) Eden: 125440K(125440K)->0K(125440K) From: 62240K(91648K)->81792K(94720K)
[467.232s][info][gc,heap        ] GC(1509) ParOldGen: 546591K(667648K)->546591K(667648K)
[467.232s][info][gc,metaspace   ] GC(1509) Metaspace: 18929K(19136K)->18929K(19136K) NonClass: 16264K(16384K)->16264K(16384K) Class: 2665K(2752K)->2665K(2752K)
[467.232s][info][gc             ] GC(1509) Pause Young (Allocation Failure) 717M->613M(867M) 71.130ms
[467.232s][info][gc,cpu         ] GC(1509) User=0.15s Sys=0.00s Real=0.07s
[467.298s][info][gc,start       ] GC(1510) Pause Young (Allocation Failure)
[467.415s][info][gc,heap        ] GC(1510) PSYoungGen: 207232K(220160K)->104432K(216064K) Eden: 125440K(125440K)->0K(111616K) From: 81792K(94720K)->104432K(104448K)
[467.415s][info][gc,heap        ] GC(1510) ParOldGen: 546591K(667648K)->570239K(667648K)
[467.415s][info][gc,metaspace   ] GC(1510) Metaspace: 18929K(19136K)->18929K(19136K) NonClass: 16264K(16384K)->16264K(16384K) Class: 2665K(2752K)->2665K(2752K)
[467.415s][info][gc             ] GC(1510) Pause Young (Allocation Failure) 736M->658M(863M) 116.642ms
[467.415s][info][gc,cpu         ] GC(1510) User=0.22s Sys=0.01s Real=0.12s
[467.604s][info][gc,start       ] GC(1511) Pause Young (Allocation Failure)
[467.703s][info][gc,heap        ] GC(1511) PSYoungGen: 216048K(216064K)->96608K(222720K) Eden: 111616K(111616K)->0K(111616K) From: 104432K(104448K)->96608K(111104K)
[467.703s][info][gc,heap        ] GC(1511) ParOldGen: 570239K(667648K)->587608K(667648K)
[467.703s][info][gc,metaspace   ] GC(1511) Metaspace: 18929K(19136K)->18929K(19136K) NonClass: 16264K(16384K)->16264K(16384K) Class: 2665K(2752K)->2665K(2752K)
[467.703s][info][gc             ] GC(1511) Pause Young (Allocation Failure) 767M->668M(869M) 99.876ms
[467.703s][info][gc,cpu         ] GC(1511) User=0.20s Sys=0.00s Real=0.10s
[467.869s][info][gc,start       ] GC(1512) Pause Young (Allocation Failure)
[467.964s][info][gc,heap        ] GC(1512) PSYoungGen: 208224K(222720K)->71936K(222720K) Eden: 111616K(111616K)->0K(111616K) From: 96608K(111104K)->71936K(111104K)
[467.964s][info][gc,heap        ] GC(1512) ParOldGen: 587608K(667648K)->613944K(667648K)
[467.964s][info][gc,metaspace   ] GC(1512) Metaspace: 18929K(19136K)->18929K(19136K) NonClass: 16264K(16384K)->16264K(16384K) Class: 2665K(2752K)->2665K(2752K)
[467.964s][info][gc             ] GC(1512) Pause Young (Allocation Failure) 777M->669M(869M) 95.216ms
[467.964s][info][gc,cpu         ] GC(1512) User=0.19s Sys=0.00s Real=0.10s
[468.091s][info][gc,start       ] GC(1513) Pause Young (Allocation Failure)
[468.185s][info][gc,heap        ] GC(1513) PSYoungGen: 183552K(222720K)->91072K(222720K) Eden: 111616K(111616K)->0K(111616K) From: 71936K(111104K)->91072K(111104K)
[468.185s][info][gc,heap        ] GC(1513) ParOldGen: 613944K(667648K)->618308K(667648K)
[468.185s][info][gc,metaspace   ] GC(1513) Metaspace: 18929K(19136K)->18929K(19136K) NonClass: 16264K(16384K)->16264K(16384K) Class: 2665K(2752K)->2665K(2752K)
[468.185s][info][gc             ] GC(1513) Pause Young (Allocation Failure) 778M->692M(869M) 93.807ms
[468.185s][info][gc,cpu         ] GC(1513) User=0.18s Sys=0.00s Real=0.09s
[468.324s][info][gc,start       ] GC(1514) Pause Young (Allocation Failure)
[468.432s][info][gc,heap        ] GC(1514) PSYoungGen: 202688K(222720K)->89296K(222720K) Eden: 111616K(111616K)->0K(111616K) From: 91072K(111104K)->89296K(111104K)
[468.432s][info][gc,heap        ] GC(1514) ParOldGen: 618308K(667648K)->637692K(667648K)
[468.432s][info][gc,metaspace   ] GC(1514) Metaspace: 18929K(19136K)->18929K(19136K) NonClass: 16264K(16384K)->16264K(16384K) Class: 2665K(2752K)->2665K(2752K)
[468.432s][info][gc             ] GC(1514) Pause Young (Allocation Failure) 801M->709M(869M) 107.182ms
[468.432s][info][gc,cpu         ] GC(1514) User=0.21s Sys=0.00s Real=0.11s
[468.520s][info][gc,start       ] GC(1515) Pause Full (Allocation Failure)
[468.520s][info][gc,phases,start] GC(1515) Marking Phase
[468.878s][info][gc,phases      ] GC(1515) Marking Phase 358.001ms
[468.878s][info][gc,phases,start] GC(1515) Summary Phase
[468.878s][info][gc,phases      ] GC(1515) Summary Phase 0.027ms
[468.878s][info][gc,phases,start] GC(1515) Forward
[468.970s][info][gc,phases      ] GC(1515) Forward 92.231ms
[468.970s][info][gc,phases,start] GC(1515) Adjust Pointers
[469.230s][info][gc,phases      ] GC(1515) Adjust Pointers 259.678ms
[469.230s][info][gc,phases,start] GC(1515) Compaction Phase
[469.376s][info][gc,phases      ] GC(1515) Compaction Phase 146.435ms
[469.382s][info][gc,phases,start] GC(1515) Post Compact
[469.385s][info][gc,phases      ] GC(1515) Post Compact 2.453ms
[469.385s][info][gc,heap        ] GC(1515) PSYoungGen: 200912K(222720K)->0K(222720K) Eden: 111616K(111616K)->0K(111616K) From: 89296K(111104K)->0K(111104K)
[469.385s][info][gc,heap        ] GC(1515) ParOldGen: 637692K(667648K)->510643K(667648K)
[469.385s][info][gc,metaspace   ] GC(1515) Metaspace: 18929K(19136K)->18929K(19136K) NonClass: 16264K(16384K)->16264K(16384K) Class: 2665K(2752K)->2665K(2752K)
[469.385s][info][gc             ] GC(1515) Pause Full (Allocation Failure) 818M->498M(869M) 865.439ms
[469.385s][info][gc,cpu         ] GC(1515) User=1.64s Sys=0.00s Real=0.87s
[469.505s][info][gc,start       ] GC(1516) Pause Young (Allocation Failure)
[469.512s][info][gc,heap        ] GC(1516) PSYoungGen: 111616K(222720K)->672K(222720K) Eden: 111616K(111616K)->0K(111616K) From: 0K(111104K)->672K(111104K)
[469.512s][info][gc,heap        ] GC(1516) ParOldGen: 510643K(667648K)->510643K(667648K)
[469.512s][info][gc,metaspace   ] GC(1516) Metaspace: 18929K(19136K)->18929K(19136K) NonClass: 16264K(16384K)->16264K(16384K) Class: 2665K(2752K)->2665K(2752K)
[469.512s][info][gc             ] GC(1516) Pause Young (Allocation Failure) 607M->499M(869M) 7.396ms
[469.512s][info][gc,cpu         ] GC(1516) User=0.01s Sys=0.00s Real=0.01s
[469.637s][info][gc,start       ] GC(1517) Pause Young (Allocation Failure)
[469.647s][info][gc,heap        ] GC(1517) PSYoungGen: 112288K(222720K)->4640K(222720K) Eden: 111616K(111616K)->0K(111616K) From: 672K(111104K)->4640K(111104K)
[469.647s][info][gc,heap        ] GC(1517) ParOldGen: 510643K(667648K)->510643K(667648K)
[469.647s][info][gc,metaspace   ] GC(1517) Metaspace: 18929K(19136K)->18929K(19136K) NonClass: 16264K(16384K)->16264K(16384K) Class: 2665K(2752K)->2665K(2752K)
[469.647s][info][gc             ] GC(1517) Pause Young (Allocation Failure) 608M->503M(869M) 9.402ms
[469.647s][info][gc,cpu         ] GC(1517) User=0.02s Sys=0.00s Real=0.01s
[469.827s][info][gc,start       ] GC(1518) Pause Young (Allocation Failure)
[469.853s][info][gc,heap        ] GC(1518) PSYoungGen: 116256K(222720K)->13696K(222720K) Eden: 111616K(111616K)->0K(111616K) From: 4640K(111104K)->13696K(111104K)
[469.853s][info][gc,heap        ] GC(1518) ParOldGen: 510643K(667648K)->511291K(667648K)
[469.853s][info][gc,metaspace   ] GC(1518) Metaspace: 18929K(19136K)->18929K(19136K) NonClass: 16264K(16384K)->16264K(16384K) Class: 2665K(2752K)->2665K(2752K)
[469.853s][info][gc             ] GC(1518) Pause Young (Allocation Failure) 612M->512M(869M) 26.091ms
[469.853s][info][gc,cpu         ] GC(1518) User=0.05s Sys=0.00s Real=0.03s
[469.970s][info][gc,start       ] GC(1519) Pause Young (Allocation Failure)
[470.005s][info][gc,heap        ] GC(1519) PSYoungGen: 125312K(222720K)->17440K(222720K) Eden: 111616K(111616K)->0K(111616K) From: 13696K(111104K)->17440K(111104K)
[470.005s][info][gc,heap        ] GC(1519) ParOldGen: 511291K(667648K)->524963K(667648K)
[470.005s][info][gc,metaspace   ] GC(1519) Metaspace: 18929K(19136K)->18929K(19136K) NonClass: 16264K(16384K)->16264K(16384K) Class: 2665K(2752K)->2665K(2752K)
[470.005s][info][gc             ] GC(1519) Pause Young (Allocation Failure) 621M->529M(869M) 34.890ms
[470.005s][info][gc,cpu         ] GC(1519) User=0.07s Sys=0.00s Real=0.03s
[470.147s][info][gc,start       ] GC(1520) Pause Young (Allocation Failure)
[470.187s][info][gc,heap        ] GC(1520) PSYoungGen: 129056K(222720K)->31152K(222720K) Eden: 111616K(111616K)->0K(111616K) From: 17440K(111104K)->31152K(111104K)
[470.187s][info][gc,heap        ] GC(1520) ParOldGen: 524963K(667648K)->542436K(667648K)
[470.188s][info][gc,metaspace   ] GC(1520) Metaspace: 18929K(19136K)->18929K(19136K) NonClass: 16264K(16384K)->16264K(16384K) Class: 2665K(2752K)->2665K(2752K)
[470.188s][info][gc             ] GC(1520) Pause Young (Allocation Failure) 638M->560M(869M) 40.178ms
[470.188s][info][gc,cpu         ] GC(1520) User=0.08s Sys=0.00s Real=0.04s
[470.390s][info][gc,start       ] GC(1521) Pause Young (Allocation Failure)
[470.434s][info][gc,heap        ] GC(1521) PSYoungGen: 142768K(222720K)->18368K(222720K) Eden: 111616K(111616K)->0K(111616K) From: 31152K(111104K)->18368K(111104K)
[470.434s][info][gc,heap        ] GC(1521) ParOldGen: 542436K(667648K)->573908K(667648K)
[470.434s][info][gc,metaspace   ] GC(1521) Metaspace: 18929K(19136K)->18929K(19136K) NonClass: 16264K(16384K)->16264K(16384K) Class: 2665K(2752K)->2665K(2752K)
[470.434s][info][gc             ] GC(1521) Pause Young (Allocation Failure) 669M->578M(869M) 44.335ms
[470.434s][info][gc,cpu         ] GC(1521) User=0.08s Sys=0.00s Real=0.05s
[470.606s][info][gc,start       ] GC(1522) Pause Young (Allocation Failure)
[470.630s][info][gc,heap        ] GC(1522) PSYoungGen: 129984K(222720K)->1792K(222720K) Eden: 111616K(111616K)->0K(111616K) From: 18368K(111104K)->1792K(111104K)
[470.630s][info][gc,heap        ] GC(1522) ParOldGen: 573908K(667648K)->592332K(667648K)
[470.630s][info][gc,metaspace   ] GC(1522) Metaspace: 18929K(19136K)->18929K(19136K) NonClass: 16264K(16384K)->16264K(16384K) Class: 2665K(2752K)->2665K(2752K)
[470.630s][info][gc             ] GC(1522) Pause Young (Allocation Failure) 687M->580M(869M) 23.921ms
[470.630s][info][gc,cpu         ] GC(1522) User=0.04s Sys=0.00s Real=0.02s
[470.785s][info][gc,start       ] GC(1523) Pause Young (Allocation Failure)
[470.799s][info][gc,heap        ] GC(1523) PSYoungGen: 113408K(222720K)->10304K(222720K) Eden: 111616K(111616K)->0K(111616K) From: 1792K(111104K)->10304K(111104K)
[470.799s][info][gc,heap        ] GC(1523) ParOldGen: 592332K(667648K)->593900K(667648K)
[470.799s][info][gc,metaspace   ] GC(1523) Metaspace: 18929K(19136K)->18929K(19136K) NonClass: 16264K(16384K)->16264K(16384K) Class: 2665K(2752K)->2665K(2752K)
[470.799s][info][gc             ] GC(1523) Pause Young (Allocation Failure) 689M->590M(869M) 14.116ms
[470.799s][info][gc,cpu         ] GC(1523) User=0.03s Sys=0.00s Real=0.01s
[470.911s][info][gc,start       ] GC(1524) Pause Young (Allocation Failure)
[470.934s][info][gc,heap        ] GC(1524) PSYoungGen: 121920K(222720K)->10624K(222720K) Eden: 111616K(111616K)->0K(111616K) From: 10304K(111104K)->10624K(111104K)
[470.934s][info][gc,heap        ] GC(1524) ParOldGen: 593900K(667648K)->604180K(667648K)
[470.934s][info][gc,metaspace   ] GC(1524) Metaspace: 18929K(19136K)->18929K(19136K) NonClass: 16264K(16384K)->16264K(16384K) Class: 2665K(2752K)->2665K(2752K)
[470.934s][info][gc             ] GC(1524) Pause Young (Allocation Failure) 699M->600M(869M) 22.411ms
[470.934s][info][gc,cpu         ] GC(1524) User=0.04s Sys=0.00s Real=0.02s
[471.056s][info][gc,start       ] GC(1525) Pause Young (Allocation Failure)
[471.073s][info][gc,heap        ] GC(1525) PSYoungGen: 122240K(222720K)->2848K(222720K) Eden: 111616K(111616K)->0K(111616K) From: 10624K(111104K)->2848K(111104K)
[471.073s][info][gc,heap        ] GC(1525) ParOldGen: 604180K(667648K)->614804K(667648K)
[471.073s][info][gc,metaspace   ] GC(1525) Metaspace: 18929K(19136K)->18929K(19136K) NonClass: 16264K(16384K)->16264K(16384K) Class: 2665K(2752K)->2665K(2752K)
[471.073s][info][gc             ] GC(1525) Pause Young (Allocation Failure) 709M->603M(869M) 17.217ms
[471.073s][info][gc,cpu         ] GC(1525) User=0.03s Sys=0.00s Real=0.02s
[471.207s][info][gc,start       ] GC(1526) Pause Young (Allocation Failure)
[471.223s][info][gc,heap        ] GC(1526) PSYoungGen: 114464K(222720K)->10784K(219648K) Eden: 111616K(111616K)->0K(111616K) From: 2848K(111104K)->10784K(108032K)
[471.223s][info][gc,heap        ] GC(1526) ParOldGen: 614804K(667648K)->617620K(667648K)
[471.223s][info][gc,metaspace   ] GC(1526) Metaspace: 18929K(19136K)->18929K(19136K) NonClass: 16264K(16384K)->16264K(16384K) Class: 2665K(2752K)->2665K(2752K)
[471.223s][info][gc             ] GC(1526) Pause Young (Allocation Failure) 712M->613M(866M) 15.404ms
[471.223s][info][gc,cpu         ] GC(1526) User=0.03s Sys=0.00s Real=0.02s
[471.473s][info][gc,start       ] GC(1527) Pause Young (Allocation Failure)
[471.490s][info][gc,heap        ] GC(1527) PSYoungGen: 122400K(219648K)->14528K(126464K) Eden: 111616K(111616K)->0K(111616K) From: 10784K(108032K)->14528K(14848K)
[471.490s][info][gc,heap        ] GC(1527) ParOldGen: 617620K(667648K)->617620K(667648K)
[471.490s][info][gc,metaspace   ] GC(1527) Metaspace: 18933K(19136K)->18933K(19136K) NonClass: 16268K(16384K)->16268K(16384K) Class: 2665K(2752K)->2665K(2752K)
[471.490s][info][gc             ] GC(1527) Pause Young (Allocation Failure) 722M->617M(775M) 17.308ms
[471.490s][info][gc,cpu         ] GC(1527) User=0.03s Sys=0.00s Real=0.02s
[471.726s][info][gc,start       ] GC(1528) Pause Young (Allocation Failure)
[471.743s][info][gc,heap        ] GC(1528) PSYoungGen: 126144K(126464K)->14592K(207360K) Eden: 111616K(111616K)->0K(115712K) From: 14528K(14848K)->14592K(91648K)
[471.743s][info][gc,heap        ] GC(1528) ParOldGen: 617620K(667648K)->617620K(667648K)
[471.743s][info][gc,metaspace   ] GC(1528) Metaspace: 18933K(19136K)->18933K(19136K) NonClass: 16268K(16384K)->16268K(16384K) Class: 2665K(2752K)->2665K(2752K)
[471.743s][info][gc             ] GC(1528) Pause Young (Allocation Failure) 726M->617M(854M) 16.695ms
[471.743s][info][gc,cpu         ] GC(1528) User=0.03s Sys=0.00s Real=0.02s
[471.974s][info][gc,start       ] GC(1529) Pause Young (Allocation Failure)
[471.991s][info][gc,heap        ] GC(1529) PSYoungGen: 130304K(207360K)->14592K(130560K) Eden: 115712K(115712K)->0K(115712K) From: 14592K(91648K)->14592K(14848K)
[471.991s][info][gc,heap        ] GC(1529) ParOldGen: 617620K(667648K)->617620K(667648K)
[471.991s][info][gc,metaspace   ] GC(1529) Metaspace: 18933K(19136K)->18933K(19136K) NonClass: 16268K(16384K)->16268K(16384K) Class: 2665K(2752K)->2665K(2752K)
[471.991s][info][gc             ] GC(1529) Pause Young (Allocation Failure) 730M->617M(779M) 17.135ms
[471.991s][info][gc,cpu         ] GC(1529) User=0.04s Sys=0.00s Real=0.02s
[472.220s][info][gc,start       ] GC(1530) Pause Young (Allocation Failure)
[472.242s][info][gc,heap        ] GC(1530) PSYoungGen: 130304K(130560K)->14880K(201728K) Eden: 115712K(115712K)->0K(119296K) From: 14592K(14848K)->14880K(82432K)
[472.242s][info][gc,heap        ] GC(1530) ParOldGen: 617620K(667648K)->617620K(667648K)
[472.242s][info][gc,metaspace   ] GC(1530) Metaspace: 18933K(19136K)->18933K(19136K) NonClass: 16268K(16384K)->16268K(16384K) Class: 2665K(2752K)->2665K(2752K)
[472.242s][info][gc             ] GC(1530) Pause Young (Allocation Failure) 730M->617M(849M) 21.425ms
[472.242s][info][gc,cpu         ] GC(1530) User=0.04s Sys=0.00s Real=0.02s
[472.341s][info][gc,start       ] GC(1531) Pause Young (Allocation Failure)
[472.380s][info][gc,heap        ] GC(1531) PSYoungGen: 134176K(201728K)->50032K(206848K) Eden: 119296K(119296K)->0K(119296K) From: 14880K(82432K)->50032K(87552K)
[472.380s][info][gc,heap        ] GC(1531) ParOldGen: 617620K(667648K)->617620K(667648K)
[472.380s][info][gc,metaspace   ] GC(1531) Metaspace: 18933K(19136K)->18933K(19136K) NonClass: 16268K(16384K)->16268K(16384K) Class: 2665K(2752K)->2665K(2752K)
[472.380s][info][gc             ] GC(1531) Pause Young (Allocation Failure) 734M->652M(854M) 39.402ms
[472.380s][info][gc,cpu         ] GC(1531) User=0.08s Sys=0.00s Real=0.04s
[472.523s][info][gc,start       ] GC(1532) Pause Young (Allocation Failure)
[472.583s][info][gc,heap        ] GC(1532) PSYoungGen: 169328K(206848K)->83520K(200192K) Eden: 119296K(119296K)->0K(109568K) From: 50032K(87552K)->83520K(90624K)
[472.583s][info][gc,heap        ] GC(1532) ParOldGen: 617620K(667648K)->617620K(667648K)
[472.583s][info][gc,metaspace   ] GC(1532) Metaspace: 18933K(19136K)->18933K(19136K) NonClass: 16268K(16384K)->16268K(16384K) Class: 2665K(2752K)->2665K(2752K)
[472.583s][info][gc             ] GC(1532) Pause Young (Allocation Failure) 768M->684M(847M) 60.184ms
[472.583s][info][gc,cpu         ] GC(1532) User=0.12s Sys=0.01s Real=0.06s
[472.685s][info][gc,start       ] GC(1533) Pause Young (Allocation Failure)
[472.741s][info][gc,heap        ] GC(1533) PSYoungGen: 193088K(200192K)->85872K(215040K) Eden: 109568K(109568K)->0K(109568K) From: 83520K(90624K)->85872K(105472K)
[472.741s][info][gc,heap        ] GC(1533) ParOldGen: 617620K(667648K)->617620K(667648K)
[472.742s][info][gc,metaspace   ] GC(1533) Metaspace: 18933K(19136K)->18933K(19136K) NonClass: 16268K(16384K)->16268K(16384K) Class: 2665K(2752K)->2665K(2752K)
[472.742s][info][gc             ] GC(1533) Pause Young (Allocation Failure) 791M->687M(862M) 56.767ms
[472.742s][info][gc,cpu         ] GC(1533) User=0.11s Sys=0.00s Real=0.06s
[472.913s][info][gc,start       ] GC(1534) Pause Young (Allocation Failure)
[473.006s][info][gc,heap        ] GC(1534) PSYoungGen: 195440K(215040K)->88528K(222720K) Eden: 109568K(109568K)->0K(111616K) From: 85872K(105472K)->88528K(111104K)
[473.006s][info][gc,heap        ] GC(1534) ParOldGen: 617620K(667648K)->632159K(667648K)
[473.006s][info][gc,metaspace   ] GC(1534) Metaspace: 18933K(19136K)->18933K(19136K) NonClass: 16268K(16384K)->16268K(16384K) Class: 2665K(2752K)->2665K(2752K)
[473.006s][info][gc             ] GC(1534) Pause Young (Allocation Failure) 794M->703M(869M) 93.263ms
[473.006s][info][gc,cpu         ] GC(1534) User=0.18s Sys=0.00s Real=0.09s
[473.206s][info][gc,start       ] GC(1535) Pause Young (Allocation Failure)
[473.293s][info][gc,heap        ] GC(1535) PSYoungGen: 200144K(222720K)->88496K(222720K) Eden: 111616K(111616K)->0K(111616K) From: 88528K(111104K)->88496K(111104K)
[473.293s][info][gc,heap        ] GC(1535) ParOldGen: 632159K(667648K)->632202K(667648K)
[473.293s][info][gc,metaspace   ] GC(1535) Metaspace: 18933K(19136K)->18933K(19136K) NonClass: 16268K(16384K)->16268K(16384K) Class: 2665K(2752K)->2665K(2752K)
[473.293s][info][gc             ] GC(1535) Pause Young (Allocation Failure) 812M->703M(869M) 87.773ms
[473.293s][info][gc,cpu         ] GC(1535) User=0.17s Sys=0.00s Real=0.09s
[473.451s][info][gc,start       ] GC(1536) Pause Young (Allocation Failure)
[473.527s][info][gc,promotion   ] GC(1536) Promotion failed
[473.527s][info][gc,heap        ] GC(1536) PSYoungGen: 200112K(222720K)->200112K(222720K) Eden: 111616K(111616K)->111616K(111616K) From: 88496K(111104K)->88496K(111104K)
[473.527s][info][gc,heap        ] GC(1536) ParOldGen: 632202K(667648K)->667642K(667648K)
[473.527s][info][gc,metaspace   ] GC(1536) Metaspace: 18933K(19136K)->18933K(19136K) NonClass: 16268K(16384K)->16268K(16384K) Class: 2665K(2752K)->2665K(2752K)
[473.527s][info][gc             ] GC(1536) Pause Young (Allocation Failure) 812M->847M(869M) 76.610ms
[473.527s][info][gc,cpu         ] GC(1536) User=0.15s Sys=0.01s Real=0.07s
[473.527s][info][gc,start       ] GC(1537) Pause Full (Allocation Failure)
[473.527s][info][gc,phases,start] GC(1537) Marking Phase
[473.800s][info][gc,phases      ] GC(1537) Marking Phase 272.790ms
[473.800s][info][gc,phases,start] GC(1537) Summary Phase
[473.800s][info][gc,phases      ] GC(1537) Summary Phase 0.037ms
[473.800s][info][gc,phases,start] GC(1537) Forward
[473.946s][info][gc,phases      ] GC(1537) Forward 145.362ms
[473.946s][info][gc,phases,start] GC(1537) Adjust Pointers
[474.159s][info][gc,phases      ] GC(1537) Adjust Pointers 213.047ms
[474.159s][info][gc,phases,start] GC(1537) Compaction Phase
[474.270s][info][gc,phases      ] GC(1537) Compaction Phase 111.347ms
[474.283s][info][gc,phases,start] GC(1537) Post Compact
[474.286s][info][gc,phases      ] GC(1537) Post Compact 2.613ms
[474.286s][info][gc,heap        ] GC(1537) PSYoungGen: 200112K(222720K)->0K(222720K) Eden: 111616K(111616K)->0K(111616K) From: 88496K(111104K)->0K(111104K)
[474.286s][info][gc,heap        ] GC(1537) ParOldGen: 667642K(667648K)->393734K(667648K)
[474.286s][info][gc,metaspace   ] GC(1537) Metaspace: 18933K(19136K)->18933K(19136K) NonClass: 16268K(16384K)->16268K(16384K) Class: 2665K(2752K)->2665K(2752K)
[474.286s][info][gc             ] GC(1537) Pause Full (Allocation Failure) 847M->384M(869M) 758.441ms
[474.286s][info][gc,cpu         ] GC(1537) User=1.33s Sys=0.00s Real=0.76s
[474.412s][info][gc,start       ] GC(1538) Pause Young (Allocation Failure)
[474.429s][info][gc,heap        ] GC(1538) PSYoungGen: 111616K(222720K)->23721K(222720K) Eden: 111616K(111616K)->0K(111616K) From: 0K(111104K)->23721K(111104K)
[474.429s][info][gc,heap        ] GC(1538) ParOldGen: 393734K(667648K)->393734K(667648K)
[474.429s][info][gc,metaspace   ] GC(1538) Metaspace: 18933K(19136K)->18933K(19136K) NonClass: 16268K(16384K)->16268K(16384K) Class: 2665K(2752K)->2665K(2752K)
[474.429s][info][gc             ] GC(1538) Pause Young (Allocation Failure) 493M->407M(869M) 17.827ms
[474.429s][info][gc,cpu         ] GC(1538) User=0.03s Sys=0.00s Real=0.01s
[474.486s][info][gc,start       ] GC(1539) Pause Young (Allocation Failure)
[474.526s][info][gc,heap        ] GC(1539) PSYoungGen: 135337K(222720K)->60889K(222720K) Eden: 111616K(111616K)->0K(111616K) From: 23721K(111104K)->60889K(111104K)
[474.526s][info][gc,heap        ] GC(1539) ParOldGen: 393734K(667648K)->393734K(667648K)
[474.526s][info][gc,metaspace   ] GC(1539) Metaspace: 18933K(19136K)->18933K(19136K) NonClass: 16268K(16384K)->16268K(16384K) Class: 2665K(2752K)->2665K(2752K)
[474.526s][info][gc             ] GC(1539) Pause Young (Allocation Failure) 516M->443M(869M) 40.003ms
[474.526s][info][gc,cpu         ] GC(1539) User=0.07s Sys=0.00s Real=0.04s
[474.682s][info][gc,start       ] GC(1540) Pause Young (Allocation Failure)
[474.724s][info][gc,heap        ] GC(1540) PSYoungGen: 172505K(222720K)->70073K(222720K) Eden: 111616K(111616K)->0K(111616K) From: 60889K(111104K)->70073K(111104K)
[474.725s][info][gc,heap        ] GC(1540) ParOldGen: 393734K(667648K)->393734K(667648K)
[474.725s][info][gc,metaspace   ] GC(1540) Metaspace: 18933K(19136K)->18933K(19136K) NonClass: 16268K(16384K)->16268K(16384K) Class: 2665K(2752K)->2665K(2752K)
[474.725s][info][gc             ] GC(1540) Pause Young (Allocation Failure) 552M->452M(869M) 42.899ms
[474.725s][info][gc,cpu         ] GC(1540) User=0.09s Sys=0.00s Real=0.04s
[474.816s][info][gc,start       ] GC(1541) Pause Young (Allocation Failure)
[474.863s][info][gc,heap        ] GC(1541) PSYoungGen: 181689K(222720K)->11104K(222720K) Eden: 111616K(111616K)->0K(111616K) From: 70073K(111104K)->11104K(111104K)
[474.863s][info][gc,heap        ] GC(1541) ParOldGen: 393734K(667648K)->455335K(667648K)
[474.863s][info][gc,metaspace   ] GC(1541) Metaspace: 18933K(19136K)->18933K(19136K) NonClass: 16268K(16384K)->16268K(16384K) Class: 2665K(2752K)->2665K(2752K)
[474.863s][info][gc             ] GC(1541) Pause Young (Allocation Failure) 561M->455M(869M) 46.881ms
[474.863s][info][gc,cpu         ] GC(1541) User=0.09s Sys=0.00s Real=0.05s
[475.017s][info][gc,start       ] GC(1542) Pause Young (Allocation Failure)
[475.057s][info][gc,heap        ] GC(1542) PSYoungGen: 122720K(222720K)->16800K(222720K) Eden: 111616K(111616K)->0K(111616K) From: 11104K(111104K)->16800K(111104K)
[475.057s][info][gc,heap        ] GC(1542) ParOldGen: 455335K(667648K)->466487K(667648K)
[475.057s][info][gc,metaspace   ] GC(1542) Metaspace: 18933K(19136K)->18933K(19136K) NonClass: 16268K(16384K)->16268K(16384K) Class: 2665K(2752K)->2665K(2752K)
[475.057s][info][gc             ] GC(1542) Pause Young (Allocation Failure) 564M->471M(869M) 40.469ms
[475.057s][info][gc,cpu         ] GC(1542) User=0.08s Sys=0.00s Real=0.04s
[475.209s][info][gc,start       ] GC(1543) Pause Young (Allocation Failure)
[475.235s][info][gc,heap        ] GC(1543) PSYoungGen: 128416K(222720K)->64K(222720K) Eden: 111616K(111616K)->0K(111616K) From: 16800K(111104K)->64K(111104K)
[475.236s][info][gc,heap        ] GC(1543) ParOldGen: 466487K(667648K)->483303K(667648K)
[475.236s][info][gc,metaspace   ] GC(1543) Metaspace: 18933K(19136K)->18933K(19136K) NonClass: 16268K(16384K)->16268K(16384K) Class: 2665K(2752K)->2665K(2752K)
[475.236s][info][gc             ] GC(1543) Pause Young (Allocation Failure) 580M->472M(869M) 26.842ms
[475.236s][info][gc,cpu         ] GC(1543) User=0.05s Sys=0.00s Real=0.03s
[475.385s][info][gc,start       ] GC(1544) Pause Young (Allocation Failure)
[475.386s][info][gc,heap        ] GC(1544) PSYoungGen: 111680K(222720K)->64K(222720K) Eden: 111616K(111616K)->0K(111616K) From: 64K(111104K)->64K(111104K)
[475.386s][info][gc,heap        ] GC(1544) ParOldGen: 483303K(667648K)->483303K(667648K)
[475.386s][info][gc,metaspace   ] GC(1544) Metaspace: 18933K(19136K)->18933K(19136K) NonClass: 16268K(16384K)->16268K(16384K) Class: 2665K(2752K)->2665K(2752K)
[475.386s][info][gc             ] GC(1544) Pause Young (Allocation Failure) 581M->472M(869M) 1.604ms
[475.386s][info][gc,cpu         ] GC(1544) User=0.00s Sys=0.00s Real=0.00s
[475.534s][info][gc,start       ] GC(1545) Pause Young (Allocation Failure)
[475.535s][info][gc,heap        ] GC(1545) PSYoungGen: 111680K(222720K)->64K(222720K) Eden: 111616K(111616K)->0K(111616K) From: 64K(111104K)->64K(111104K)
[475.535s][info][gc,heap        ] GC(1545) ParOldGen: 483303K(667648K)->483303K(667648K)
[475.535s][info][gc,metaspace   ] GC(1545) Metaspace: 18933K(19136K)->18933K(19136K) NonClass: 16268K(16384K)->16268K(16384K) Class: 2665K(2752K)->2665K(2752K)
[475.535s][info][gc             ] GC(1545) Pause Young (Allocation Failure) 581M->472M(869M) 1.554ms
[475.535s][info][gc,cpu         ] GC(1545) User=0.01s Sys=0.00s Real=0.00s
[475.681s][info][gc,start       ] GC(1546) Pause Young (Allocation Failure)
[475.683s][info][gc,heap        ] GC(1546) PSYoungGen: 111680K(222720K)->64K(222720K) Eden: 111616K(111616K)->0K(111616K) From: 64K(111104K)->64K(111104K)
[475.683s][info][gc,heap        ] GC(1546) ParOldGen: 483303K(667648K)->483303K(667648K)
[475.683s][info][gc,metaspace   ] GC(1546) Metaspace: 18933K(19136K)->18933K(19136K) NonClass: 16268K(16384K)->16268K(16384K) Class: 2665K(2752K)->2665K(2752K)
[475.683s][info][gc             ] GC(1546) Pause Young (Allocation Failure) 581M->472M(869M) 1.593ms
[475.683s][info][gc,cpu         ] GC(1546) User=0.00s Sys=0.00s Real=0.00s
[475.827s][info][gc,start       ] GC(1547) Pause Young (Allocation Failure)
[475.829s][info][gc,heap        ] GC(1547) PSYoungGen: 111680K(222720K)->64K(222720K) Eden: 111616K(111616K)->0K(111616K) From: 64K(111104K)->64K(111104K)
[475.829s][info][gc,heap        ] GC(1547) ParOldGen: 483303K(667648K)->483303K(667648K)
[475.829s][info][gc,metaspace   ] GC(1547) Metaspace: 18933K(19136K)->18933K(19136K) NonClass: 16268K(16384K)->16268K(16384K) Class: 2665K(2752K)->2665K(2752K)
[475.829s][info][gc             ] GC(1547) Pause Young (Allocation Failure) 581M->472M(869M) 1.584ms
[475.829s][info][gc,cpu         ] GC(1547) User=0.00s Sys=0.00s Real=0.00s
[475.956s][info][gc,start       ] GC(1548) Pause Young (Allocation Failure)
[475.969s][info][gc,heap        ] GC(1548) PSYoungGen: 111680K(222720K)->10208K(121856K) Eden: 111616K(111616K)->0K(111616K) From: 64K(111104K)->10208K(10240K)
[475.969s][info][gc,heap        ] GC(1548) ParOldGen: 483303K(667648K)->483303K(667648K)
[475.969s][info][gc,metaspace   ] GC(1548) Metaspace: 18933K(19136K)->18933K(19136K) NonClass: 16268K(16384K)->16268K(16384K) Class: 2665K(2752K)->2665K(2752K)
[475.969s][info][gc             ] GC(1548) Pause Young (Allocation Failure) 581M->481M(771M) 12.529ms
[475.969s][info][gc,cpu         ] GC(1548) User=0.03s Sys=0.00s Real=0.01s
[476.075s][info][gc,start       ] GC(1549) Pause Young (Allocation Failure)
[476.099s][info][gc,heap        ] GC(1549) PSYoungGen: 121824K(121856K)->22016K(210432K) Eden: 111616K(111616K)->0K(116224K) From: 10208K(10240K)->22016K(94208K)
[476.099s][info][gc,heap        ] GC(1549) ParOldGen: 483303K(667648K)->483303K(667648K)
[476.099s][info][gc,metaspace   ] GC(1549) Metaspace: 18933K(19136K)->18933K(19136K) NonClass: 16268K(16384K)->16268K(16384K) Class: 2665K(2752K)->2665K(2752K)
[476.099s][info][gc             ] GC(1549) Pause Young (Allocation Failure) 590M->493M(857M) 23.726ms
[476.099s][info][gc,cpu         ] GC(1549) User=0.05s Sys=0.00s Real=0.02s
[476.205s][info][gc,start       ] GC(1550) Pause Young (Allocation Failure)
[476.240s][info][gc,heap        ] GC(1550) PSYoungGen: 138240K(210432K)->35040K(213504K) Eden: 116224K(116224K)->0K(116224K) From: 22016K(94208K)->35040K(97280K)
[476.240s][info][gc,heap        ] GC(1550) ParOldGen: 483303K(667648K)->483303K(667648K)
[476.240s][info][gc,metaspace   ] GC(1550) Metaspace: 18933K(19136K)->18933K(19136K) NonClass: 16268K(16384K)->16268K(16384K) Class: 2665K(2752K)->2665K(2752K)
[476.240s][info][gc             ] GC(1550) Pause Young (Allocation Failure) 606M->506M(860M) 35.289ms
[476.240s][info][gc,cpu         ] GC(1550) User=0.07s Sys=0.00s Real=0.04s
[476.324s][info][gc,start       ] GC(1551) Pause Young (Allocation Failure)
[476.360s][info][gc,heap        ] GC(1551) PSYoungGen: 151264K(213504K)->36448K(213504K) Eden: 116224K(116224K)->0K(123392K) From: 35040K(97280K)->36448K(90112K)
[476.360s][info][gc,heap        ] GC(1551) ParOldGen: 483303K(667648K)->483303K(667648K)
[476.360s][info][gc,metaspace   ] GC(1551) Metaspace: 18933K(19136K)->18933K(19136K) NonClass: 16268K(16384K)->16268K(16384K) Class: 2665K(2752K)->2665K(2752K)
[476.360s][info][gc             ] GC(1551) Pause Young (Allocation Failure) 619M->507M(860M) 35.920ms
[476.360s][info][gc,cpu         ] GC(1551) User=0.07s Sys=0.00s Real=0.04s
[476.473s][info][gc,start       ] GC(1552) Pause Young (Allocation Failure)
[476.509s][info][gc,heap        ] GC(1552) PSYoungGen: 159840K(213504K)->36512K(215040K) Eden: 123392K(123392K)->0K(123392K) From: 36448K(90112K)->36512K(91648K)
[476.509s][info][gc,heap        ] GC(1552) ParOldGen: 483303K(667648K)->483303K(667648K)
[476.509s][info][gc,metaspace   ] GC(1552) Metaspace: 18933K(19136K)->18933K(19136K) NonClass: 16268K(16384K)->16268K(16384K) Class: 2665K(2752K)->2665K(2752K)
[476.509s][info][gc             ] GC(1552) Pause Young (Allocation Failure) 628M->507M(862M) 36.673ms
[476.509s][info][gc,cpu         ] GC(1552) User=0.07s Sys=0.00s Real=0.03s
[476.625s][info][gc,start       ] GC(1553) Pause Young (Allocation Failure)
[476.664s][info][gc,heap        ] GC(1553) PSYoungGen: 159904K(215040K)->39936K(217600K) Eden: 123392K(123392K)->0K(131584K) From: 36512K(91648K)->39936K(86016K)
[476.664s][info][gc,heap        ] GC(1553) ParOldGen: 483303K(667648K)->483303K(667648K)
[476.664s][info][gc,metaspace   ] GC(1553) Metaspace: 18933K(19136K)->18933K(19136K) NonClass: 16268K(16384K)->16268K(16384K) Class: 2665K(2752K)->2665K(2752K)
[476.664s][info][gc             ] GC(1553) Pause Young (Allocation Failure) 628M->510M(864M) 38.788ms
[476.664s][info][gc,cpu         ] GC(1553) User=0.08s Sys=0.00s Real=0.04s
[476.772s][info][gc,start       ] GC(1554) Pause Young (Allocation Failure)
[476.818s][info][gc,heap        ] GC(1554) PSYoungGen: 171520K(217600K)->48128K(219136K) Eden: 131584K(131584K)->0K(131584K) From: 39936K(86016K)->48128K(87552K)
[476.818s][info][gc,heap        ] GC(1554) ParOldGen: 483303K(667648K)->483303K(667648K)
[476.818s][info][gc,metaspace   ] GC(1554) Metaspace: 18933K(19136K)->18933K(19136K) NonClass: 16268K(16384K)->16268K(16384K) Class: 2665K(2752K)->2665K(2752K)
[476.818s][info][gc             ] GC(1554) Pause Young (Allocation Failure) 639M->518M(866M) 46.098ms
[476.818s][info][gc,cpu         ] GC(1554) User=0.09s Sys=0.00s Real=0.04s
[476.955s][info][gc,start       ] GC(1555) Pause Young (Allocation Failure)
[477.014s][info][gc,heap        ] GC(1555) PSYoungGen: 179712K(219136K)->62992K(223744K) Eden: 131584K(131584K)->0K(134656K) From: 48128K(87552K)->62992K(89088K)
[477.014s][info][gc,heap        ] GC(1555) ParOldGen: 483303K(667648K)->483303K(667648K)
[477.014s][info][gc,metaspace   ] GC(1555) Metaspace: 18933K(19136K)->18933K(19136K) NonClass: 16268K(16384K)->16268K(16384K) Class: 2665K(2752K)->2665K(2752K)
[477.015s][info][gc             ] GC(1555) Pause Young (Allocation Failure) 647M->533M(870M) 59.047ms
[477.015s][info][gc,cpu         ] GC(1555) User=0.12s Sys=0.00s Real=0.06s
[477.190s][info][gc,start       ] GC(1556) Pause Young (Allocation Failure)
[477.261s][info][gc,heap        ] GC(1556) PSYoungGen: 197648K(223744K)->73648K(208384K) Eden: 134656K(134656K)->0K(134656K) From: 62992K(89088K)->73648K(73728K)
[477.261s][info][gc,heap        ] GC(1556) ParOldGen: 483303K(667648K)->483303K(667648K)
[477.261s][info][gc,metaspace   ] GC(1556) Metaspace: 18933K(19136K)->18933K(19136K) NonClass: 16268K(16384K)->16268K(16384K) Class: 2665K(2752K)->2665K(2752K)
[477.261s][info][gc             ] GC(1556) Pause Young (Allocation Failure) 664M->543M(855M) 71.430ms
[477.261s][info][gc,cpu         ] GC(1556) User=0.14s Sys=0.00s Real=0.07s
[477.463s][info][gc,start       ] GC(1557) Pause Young (Allocation Failure)
[477.567s][info][gc,heap        ] GC(1557) PSYoungGen: 208304K(208384K)->98384K(216064K) Eden: 134656K(134656K)->0K(111616K) From: 73648K(73728K)->98384K(104448K)
[477.567s][info][gc,heap        ] GC(1557) ParOldGen: 483303K(667648K)->483303K(667648K)
[477.567s][info][gc,metaspace   ] GC(1557) Metaspace: 18933K(19136K)->18933K(19136K) NonClass: 16268K(16384K)->16268K(16384K) Class: 2665K(2752K)->2665K(2752K)
[477.567s][info][gc             ] GC(1557) Pause Young (Allocation Failure) 675M->568M(863M) 104.423ms
[477.567s][info][gc,cpu         ] GC(1557) User=0.20s Sys=0.01s Real=0.10s
[477.654s][info][gc,start       ] GC(1558) Pause Young (Allocation Failure)
[477.748s][info][gc,heap        ] GC(1558) PSYoungGen: 210000K(216064K)->89712K(222720K) Eden: 111616K(111616K)->0K(111616K) From: 98384K(104448K)->89712K(111104K)
[477.748s][info][gc,heap        ] GC(1558) ParOldGen: 483303K(667648K)->493519K(667648K)
[477.748s][info][gc,metaspace   ] GC(1558) Metaspace: 18933K(19136K)->18933K(19136K) NonClass: 16268K(16384K)->16268K(16384K) Class: 2665K(2752K)->2665K(2752K)
[477.748s][info][gc             ] GC(1558) Pause Young (Allocation Failure) 677M->569M(869M) 93.565ms
[477.748s][info][gc,cpu         ] GC(1558) User=0.19s Sys=0.00s Real=0.09s
[477.878s][info][gc,start       ] GC(1559) Pause Young (Allocation Failure)
[477.965s][info][gc,heap        ] GC(1559) PSYoungGen: 201328K(222720K)->64944K(222720K) Eden: 111616K(111616K)->0K(111616K) From: 89712K(111104K)->64944K(111104K)
[477.965s][info][gc,heap        ] GC(1559) ParOldGen: 493519K(667648K)->518391K(667648K)
[477.965s][info][gc,metaspace   ] GC(1559) Metaspace: 18933K(19136K)->18933K(19136K) NonClass: 16268K(16384K)->16268K(16384K) Class: 2665K(2752K)->2665K(2752K)
[477.965s][info][gc             ] GC(1559) Pause Young (Allocation Failure) 678M->569M(869M) 87.176ms
[477.965s][info][gc,cpu         ] GC(1559) User=0.17s Sys=0.00s Real=0.09s
[478.098s][info][gc,start       ] GC(1560) Pause Young (Allocation Failure)
[478.165s][info][gc,heap        ] GC(1560) PSYoungGen: 176560K(222720K)->66864K(222720K) Eden: 111616K(111616K)->0K(111616K) From: 64944K(111104K)->66864K(111104K)
[478.165s][info][gc,heap        ] GC(1560) ParOldGen: 518391K(667648K)->519895K(667648K)
[478.165s][info][gc,metaspace   ] GC(1560) Metaspace: 18933K(19136K)->18933K(19136K) NonClass: 16268K(16384K)->16268K(16384K) Class: 2665K(2752K)->2665K(2752K)
[478.165s][info][gc             ] GC(1560) Pause Young (Allocation Failure) 678M->573M(869M) 67.159ms
[478.165s][info][gc,cpu         ] GC(1560) User=0.13s Sys=0.00s Real=0.07s
[478.290s][info][gc,start       ] GC(1561) Pause Young (Allocation Failure)
[478.364s][info][gc,heap        ] GC(1561) PSYoungGen: 178480K(222720K)->63472K(222720K) Eden: 111616K(111616K)->0K(111616K) From: 66864K(111104K)->63472K(111104K)
[478.364s][info][gc,heap        ] GC(1561) ParOldGen: 519895K(667648K)->531551K(667648K)
[478.364s][info][gc,metaspace   ] GC(1561) Metaspace: 18933K(19136K)->18933K(19136K) NonClass: 16268K(16384K)->16268K(16384K) Class: 2665K(2752K)->2665K(2752K)
[478.364s][info][gc             ] GC(1561) Pause Young (Allocation Failure) 682M->581M(869M) 73.540ms
[478.364s][info][gc,cpu         ] GC(1561) User=0.14s Sys=0.00s Real=0.07s
[478.505s][info][gc,start       ] GC(1562) Pause Young (Allocation Failure)
[478.581s][info][gc,heap        ] GC(1562) PSYoungGen: 175088K(222720K)->53168K(222720K) Eden: 111616K(111616K)->0K(111616K) From: 63472K(111104K)->53168K(111104K)
[478.581s][info][gc,heap        ] GC(1562) ParOldGen: 531551K(667648K)->557088K(667648K)
[478.581s][info][gc,metaspace   ] GC(1562) Metaspace: 18933K(19136K)->18933K(19136K) NonClass: 16268K(16384K)->16268K(16384K) Class: 2665K(2752K)->2665K(2752K)
[478.581s][info][gc             ] GC(1562) Pause Young (Allocation Failure) 690M->595M(869M) 75.884ms
[478.581s][info][gc,cpu         ] GC(1562) User=0.15s Sys=0.00s Real=0.08s
[478.868s][info][gc,start       ] GC(1563) Pause Young (Allocation Failure)
[478.921s][info][gc,heap        ] GC(1563) PSYoungGen: 164784K(222720K)->27008K(222720K) Eden: 111616K(111616K)->0K(111616K) From: 53168K(111104K)->27008K(111104K)
[478.921s][info][gc,heap        ] GC(1563) ParOldGen: 557088K(667648K)->583328K(667648K)
[478.921s][info][gc,metaspace   ] GC(1563) Metaspace: 18933K(19136K)->18933K(19136K) NonClass: 16268K(16384K)->16268K(16384K) Class: 2665K(2752K)->2665K(2752K)
[478.921s][info][gc             ] GC(1563) Pause Young (Allocation Failure) 704M->596M(869M) 53.356ms
[478.921s][info][gc,cpu         ] GC(1563) User=0.11s Sys=0.00s Real=0.06s
[479.197s][info][gc,start       ] GC(1564) Pause Young (Allocation Failure)
[479.225s][info][gc,heap        ] GC(1564) PSYoungGen: 138624K(222720K)->23488K(222720K) Eden: 111616K(111616K)->0K(111616K) From: 27008K(111104K)->23488K(111104K)
[479.225s][info][gc,heap        ] GC(1564) ParOldGen: 583328K(667648K)->586896K(667648K)
[479.225s][info][gc,metaspace   ] GC(1564) Metaspace: 18933K(19136K)->18933K(19136K) NonClass: 16268K(16384K)->16268K(16384K) Class: 2665K(2752K)->2665K(2752K)
[479.225s][info][gc             ] GC(1564) Pause Young (Allocation Failure) 705M->596M(869M) 27.917ms
[479.225s][info][gc,cpu         ] GC(1564) User=0.05s Sys=0.00s Real=0.03s
[479.508s][info][gc,start       ] GC(1565) Pause Young (Allocation Failure)
[479.533s][info][gc,heap        ] GC(1565) PSYoungGen: 135104K(222720K)->96K(222720K) Eden: 111616K(111616K)->0K(111616K) From: 23488K(111104K)->96K(111104K)
[479.533s][info][gc,heap        ] GC(1565) ParOldGen: 586896K(667648K)->610360K(667648K)
[479.533s][info][gc,metaspace   ] GC(1565) Metaspace: 18933K(19136K)->18933K(19136K) NonClass: 16268K(16384K)->16268K(16384K) Class: 2665K(2752K)->2665K(2752K)
[479.533s][info][gc             ] GC(1565) Pause Young (Allocation Failure) 705M->596M(869M) 25.086ms
[479.533s][info][gc,cpu         ] GC(1565) User=0.05s Sys=0.00s Real=0.03s
[479.780s][info][gc,start       ] GC(1566) Pause Young (Allocation Failure)
[479.782s][info][gc,heap        ] GC(1566) PSYoungGen: 111712K(222720K)->64K(222720K) Eden: 111616K(111616K)->0K(111616K) From: 96K(111104K)->64K(111104K)
[479.782s][info][gc,heap        ] GC(1566) ParOldGen: 610360K(667648K)->610416K(667648K)
[479.783s][info][gc,metaspace   ] GC(1566) Metaspace: 18933K(19136K)->18933K(19136K) NonClass: 16268K(16384K)->16268K(16384K) Class: 2665K(2752K)->2665K(2752K)
[479.783s][info][gc             ] GC(1566) Pause Young (Allocation Failure) 705M->596M(869M) 2.480ms
[479.783s][info][gc,cpu         ] GC(1566) User=0.01s Sys=0.00s Real=0.00s
[480.023s][info][gc,start       ] GC(1567) Pause Young (Allocation Failure)
[480.026s][info][gc,heap        ] GC(1567) PSYoungGen: 111680K(222720K)->64K(222720K) Eden: 111616K(111616K)->0K(111616K) From: 64K(111104K)->64K(111104K)
[480.026s][info][gc,heap        ] GC(1567) ParOldGen: 610416K(667648K)->610456K(667648K)
[480.026s][info][gc,metaspace   ] GC(1567) Metaspace: 18933K(19136K)->18933K(19136K) NonClass: 16268K(16384K)->16268K(16384K) Class: 2665K(2752K)->2665K(2752K)
[480.026s][info][gc             ] GC(1567) Pause Young (Allocation Failure) 705M->596M(869M) 2.263ms
[480.026s][info][gc,cpu         ] GC(1567) User=0.00s Sys=0.00s Real=0.00s
[480.297s][info][gc,start       ] GC(1568) Pause Young (Allocation Failure)
[480.299s][info][gc,heap        ] GC(1568) PSYoungGen: 111680K(222720K)->192K(222720K) Eden: 111616K(111616K)->0K(111616K) From: 64K(111104K)->192K(111104K)
[480.299s][info][gc,heap        ] GC(1568) ParOldGen: 610456K(667648K)->610472K(667648K)
[480.299s][info][gc,metaspace   ] GC(1568) Metaspace: 18933K(19136K)->18933K(19136K) NonClass: 16268K(16384K)->16268K(16384K) Class: 2665K(2752K)->2665K(2752K)
[480.299s][info][gc             ] GC(1568) Pause Young (Allocation Failure) 705M->596M(869M) 2.270ms
[480.299s][info][gc,cpu         ] GC(1568) User=0.00s Sys=0.00s Real=0.00s
[480.469s][info][gc,start       ] GC(1569) Pause Young (Allocation Failure)
[480.483s][info][gc,heap        ] GC(1569) PSYoungGen: 111808K(222720K)->16432K(212480K) Eden: 111616K(111616K)->0K(111616K) From: 192K(111104K)->16432K(100864K)
[480.483s][info][gc,heap        ] GC(1569) ParOldGen: 610472K(667648K)->610472K(667648K)
[480.483s][info][gc,metaspace   ] GC(1569) Metaspace: 18933K(19136K)->18933K(19136K) NonClass: 16268K(16384K)->16268K(16384K) Class: 2665K(2752K)->2665K(2752K)
[480.483s][info][gc             ] GC(1569) Pause Young (Allocation Failure) 705M->612M(859M) 13.929ms
[480.483s][info][gc,cpu         ] GC(1569) User=0.03s Sys=0.00s Real=0.02s
[480.543s][info][gc,start       ] GC(1570) Pause Young (Allocation Failure)
[480.584s][info][gc,heap        ] GC(1570) PSYoungGen: 128048K(212480K)->57008K(217600K) Eden: 111616K(111616K)->0K(111616K) From: 16432K(100864K)->57008K(105984K)
[480.584s][info][gc,heap        ] GC(1570) ParOldGen: 610472K(667648K)->610472K(667648K)
[480.584s][info][gc,metaspace   ] GC(1570) Metaspace: 18933K(19136K)->18933K(19136K) NonClass: 16268K(16384K)->16268K(16384K) Class: 2665K(2752K)->2665K(2752K)
[480.584s][info][gc             ] GC(1570) Pause Young (Allocation Failure) 721M->651M(864M) 40.543ms
[480.584s][info][gc,cpu         ] GC(1570) User=0.08s Sys=0.00s Real=0.04s
[480.758s][info][gc,start       ] GC(1571) Pause Young (Allocation Failure)
[480.805s][info][gc,heap        ] GC(1571) PSYoungGen: 168624K(217600K)->72656K(220160K) Eden: 111616K(111616K)->0K(111616K) From: 57008K(105984K)->72656K(108544K)
[480.805s][info][gc,heap        ] GC(1571) ParOldGen: 610472K(667648K)->610472K(667648K)
[480.805s][info][gc,metaspace   ] GC(1571) Metaspace: 18933K(19136K)->18933K(19136K) NonClass: 16268K(16384K)->16268K(16384K) Class: 2665K(2752K)->2665K(2752K)
[480.805s][info][gc             ] GC(1571) Pause Young (Allocation Failure) 760M->667M(867M) 46.767ms
[480.805s][info][gc,cpu         ] GC(1571) User=0.09s Sys=0.00s Real=0.05s
[480.935s][info][gc,start       ] GC(1572) Pause Young (Allocation Failure)
[480.984s][info][gc,heap        ] GC(1572) PSYoungGen: 184272K(220160K)->58176K(222720K) Eden: 111616K(111616K)->0K(111616K) From: 72656K(108544K)->58176K(111104K)
[480.985s][info][gc,heap        ] GC(1572) ParOldGen: 610472K(667648K)->627033K(667648K)
[480.985s][info][gc,metaspace   ] GC(1572) Metaspace: 18933K(19136K)->18933K(19136K) NonClass: 16268K(16384K)->16268K(16384K) Class: 2665K(2752K)->2665K(2752K)
[480.985s][info][gc             ] GC(1572) Pause Young (Allocation Failure) 776M->669M(869M) 49.088ms
[480.985s][info][gc,cpu         ] GC(1572) User=0.10s Sys=0.00s Real=0.05s
[481.159s][info][gc,start       ] GC(1573) Pause Young (Allocation Failure)
[481.232s][info][gc,promotion   ] GC(1573) Promotion failed
[481.232s][info][gc,heap        ] GC(1573) PSYoungGen: 169792K(222720K)->169792K(222720K) Eden: 111616K(111616K)->111616K(111616K) From: 58176K(111104K)->58176K(111104K)
[481.232s][info][gc,heap        ] GC(1573) ParOldGen: 627033K(667648K)->667641K(667648K)
[481.232s][info][gc,metaspace   ] GC(1573) Metaspace: 18933K(19136K)->18933K(19136K) NonClass: 16268K(16384K)->16268K(16384K) Class: 2665K(2752K)->2665K(2752K)
[481.232s][info][gc             ] GC(1573) Pause Young (Allocation Failure) 778M->817M(869M) 72.828ms
[481.232s][info][gc,cpu         ] GC(1573) User=0.14s Sys=0.00s Real=0.08s
[481.232s][info][gc,start       ] GC(1574) Pause Full (Allocation Failure)
[481.232s][info][gc,phases,start] GC(1574) Marking Phase
[481.556s][info][gc,phases      ] GC(1574) Marking Phase 323.790ms
[481.556s][info][gc,phases,start] GC(1574) Summary Phase
[481.556s][info][gc,phases      ] GC(1574) Summary Phase 0.051ms
[481.556s][info][gc,phases,start] GC(1574) Forward
[481.636s][info][gc,phases      ] GC(1574) Forward 79.449ms
[481.636s][info][gc,phases,start] GC(1574) Adjust Pointers
[481.872s][info][gc,phases      ] GC(1574) Adjust Pointers 236.630ms
[481.873s][info][gc,phases,start] GC(1574) Compaction Phase
[481.997s][info][gc,phases      ] GC(1574) Compaction Phase 124.567ms
[482.005s][info][gc,phases,start] GC(1574) Post Compact
[482.007s][info][gc,phases      ] GC(1574) Post Compact 2.480ms
[482.007s][info][gc,heap        ] GC(1574) PSYoungGen: 169792K(222720K)->0K(222720K) Eden: 111616K(111616K)->0K(111616K) From: 58176K(111104K)->0K(111104K)
[482.007s][info][gc,heap        ] GC(1574) ParOldGen: 667641K(667648K)->458750K(667648K)
[482.007s][info][gc,metaspace   ] GC(1574) Metaspace: 18933K(19136K)->18933K(19136K) NonClass: 16268K(16384K)->16268K(16384K) Class: 2665K(2752K)->2665K(2752K)
[482.007s][info][gc             ] GC(1574) Pause Full (Allocation Failure) 817M->447M(869M) 774.879ms
[482.007s][info][gc,cpu         ] GC(1574) User=1.46s Sys=0.00s Real=0.77s
[482.208s][info][gc,start       ] GC(1575) Pause Young (Allocation Failure)
[482.210s][info][gc,heap        ] GC(1575) PSYoungGen: 111616K(222720K)->64K(222720K) Eden: 111616K(111616K)->0K(111616K) From: 0K(111104K)->64K(111104K)
[482.210s][info][gc,heap        ] GC(1575) ParOldGen: 458750K(667648K)->458750K(667648K)
[482.210s][info][gc,metaspace   ] GC(1575) Metaspace: 18933K(19136K)->18933K(19136K) NonClass: 16268K(16384K)->16268K(16384K) Class: 2665K(2752K)->2665K(2752K)
[482.210s][info][gc             ] GC(1575) Pause Young (Allocation Failure) 556M->448M(869M) 1.774ms
[482.210s][info][gc,cpu         ] GC(1575) User=0.00s Sys=0.00s Real=0.01s
[482.392s][info][gc,start       ] GC(1576) Pause Young (Allocation Failure)
[482.394s][info][gc,heap        ] GC(1576) PSYoungGen: 111680K(222720K)->192K(222720K) Eden: 111616K(111616K)->0K(111616K) From: 64K(111104K)->192K(111104K)
[482.394s][info][gc,heap        ] GC(1576) ParOldGen: 458750K(667648K)->458766K(667648K)
[482.394s][info][gc,metaspace   ] GC(1576) Metaspace: 18933K(19136K)->18933K(19136K) NonClass: 16268K(16384K)->16268K(16384K) Class: 2665K(2752K)->2665K(2752K)
[482.394s][info][gc             ] GC(1576) Pause Young (Allocation Failure) 557M->448M(869M) 1.914ms
[482.394s][info][gc,cpu         ] GC(1576) User=0.00s Sys=0.00s Real=0.00s
[482.548s][info][gc,start       ] GC(1577) Pause Young (Allocation Failure)
[482.557s][info][gc,heap        ] GC(1577) PSYoungGen: 111808K(222720K)->9440K(121344K) Eden: 111616K(111616K)->0K(111616K) From: 192K(111104K)->9440K(9728K)
[482.557s][info][gc,heap        ] GC(1577) ParOldGen: 458766K(667648K)->458958K(667648K)
[482.557s][info][gc,metaspace   ] GC(1577) Metaspace: 18933K(19136K)->18933K(19136K) NonClass: 16268K(16384K)->16268K(16384K) Class: 2665K(2752K)->2665K(2752K)
[482.557s][info][gc             ] GC(1577) Pause Young (Allocation Failure) 557M->457M(770M) 8.674ms
[482.557s][info][gc,cpu         ] GC(1577) User=0.01s Sys=0.00s Real=0.01s
[482.613s][info][gc,start       ] GC(1578) Pause Young (Allocation Failure)
[482.645s][info][gc,heap        ] GC(1578) PSYoungGen: 121056K(121344K)->45536K(221184K) Eden: 111616K(111616K)->0K(113152K) From: 9440K(9728K)->45536K(108032K)
[482.645s][info][gc,heap        ] GC(1578) ParOldGen: 458958K(667648K)->458958K(667648K)
[482.645s][info][gc,metaspace   ] GC(1578) Metaspace: 18933K(19136K)->18933K(19136K) NonClass: 16268K(16384K)->16268K(16384K) Class: 2665K(2752K)->2665K(2752K)
[482.645s][info][gc             ] GC(1578) Pause Young (Allocation Failure) 566M->492M(868M) 32.399ms
[482.646s][info][gc,cpu         ] GC(1578) User=0.07s Sys=0.00s Real=0.03s
[482.758s][info][gc,start       ] GC(1579) Pause Young (Allocation Failure)
[482.809s][info][gc,heap        ] GC(1579) PSYoungGen: 158688K(221184K)->79312K(219648K) Eden: 113152K(113152K)->0K(113152K) From: 45536K(108032K)->79312K(106496K)
[482.809s][info][gc,heap        ] GC(1579) ParOldGen: 458958K(667648K)->458958K(667648K)
[482.809s][info][gc,metaspace   ] GC(1579) Metaspace: 18933K(19136K)->18933K(19136K) NonClass: 16268K(16384K)->16268K(16384K) Class: 2665K(2752K)->2665K(2752K)
[482.809s][info][gc             ] GC(1579) Pause Young (Allocation Failure) 603M->525M(866M) 51.229ms
[482.809s][info][gc,cpu         ] GC(1579) User=0.10s Sys=0.00s Real=0.05s
[482.932s][info][gc,start       ] GC(1580) Pause Young (Allocation Failure)
[482.979s][info][gc,heap        ] GC(1580) PSYoungGen: 192464K(219648K)->33856K(224768K) Eden: 113152K(113152K)->0K(113664K) From: 79312K(106496K)->33856K(111104K)
[482.979s][info][gc,heap        ] GC(1580) ParOldGen: 458958K(667648K)->504839K(667648K)
[482.979s][info][gc,metaspace   ] GC(1580) Metaspace: 18933K(19136K)->18933K(19136K) NonClass: 16268K(16384K)->16268K(16384K) Class: 2665K(2752K)->2665K(2752K)
[482.979s][info][gc             ] GC(1580) Pause Young (Allocation Failure) 636M->526M(871M) 46.832ms
[482.979s][info][gc,cpu         ] GC(1580) User=0.09s Sys=0.00s Real=0.04s
[483.099s][info][gc,start       ] GC(1581) Pause Young (Allocation Failure)
[483.121s][info][gc,heap        ] GC(1581) PSYoungGen: 147520K(224768K)->33920K(147968K) Eden: 113664K(113664K)->0K(113664K) From: 33856K(111104K)->33920K(34304K)
[483.121s][info][gc,heap        ] GC(1581) ParOldGen: 504839K(667648K)->504839K(667648K)
[483.121s][info][gc,metaspace   ] GC(1581) Metaspace: 18933K(19136K)->18933K(19136K) NonClass: 16268K(16384K)->16268K(16384K) Class: 2665K(2752K)->2665K(2752K)
[483.121s][info][gc             ] GC(1581) Pause Young (Allocation Failure) 637M->526M(796M) 22.125ms
[483.121s][info][gc,cpu         ] GC(1581) User=0.04s Sys=0.00s Real=0.03s
[483.240s][info][gc,start       ] GC(1582) Pause Young (Allocation Failure)
[483.262s][info][gc,heap        ] GC(1582) PSYoungGen: 147584K(147968K)->34048K(217600K) Eden: 113664K(113664K)->0K(119808K) From: 33920K(34304K)->34048K(97792K)
[483.262s][info][gc,heap        ] GC(1582) ParOldGen: 504839K(667648K)->504839K(667648K)
[483.262s][info][gc,metaspace   ] GC(1582) Metaspace: 18933K(19136K)->18933K(19136K) NonClass: 16268K(16384K)->16268K(16384K) Class: 2665K(2752K)->2665K(2752K)
[483.262s][info][gc             ] GC(1582) Pause Young (Allocation Failure) 637M->526M(864M) 22.845ms
[483.262s][info][gc,cpu         ] GC(1582) User=0.04s Sys=0.00s Real=0.03s
[483.387s][info][gc,start       ] GC(1583) Pause Young (Allocation Failure)
[483.414s][info][gc,heap        ] GC(1583) PSYoungGen: 153856K(217600K)->34144K(215552K) Eden: 119808K(119808K)->0K(119808K) From: 34048K(97792K)->34144K(95744K)
[483.414s][info][gc,heap        ] GC(1583) ParOldGen: 504839K(667648K)->504839K(667648K)
[483.414s][info][gc,metaspace   ] GC(1583) Metaspace: 18933K(19136K)->18933K(19136K) NonClass: 16268K(16384K)->16268K(16384K) Class: 2665K(2752K)->2665K(2752K)
[483.414s][info][gc             ] GC(1583) Pause Young (Allocation Failure) 643M->526M(862M) 26.770ms
[483.414s][info][gc,cpu         ] GC(1583) User=0.05s Sys=0.00s Real=0.03s
[483.540s][info][gc,start       ] GC(1584) Pause Young (Allocation Failure)
[483.564s][info][gc,heap        ] GC(1584) PSYoungGen: 153952K(215552K)->34208K(206848K) Eden: 119808K(119808K)->0K(128000K) From: 34144K(95744K)->34208K(78848K)
[483.564s][info][gc,heap        ] GC(1584) ParOldGen: 504839K(667648K)->504839K(667648K)
[483.564s][info][gc,metaspace   ] GC(1584) Metaspace: 18933K(19136K)->18933K(19136K) NonClass: 16268K(16384K)->16268K(16384K) Class: 2665K(2752K)->2665K(2752K)
[483.564s][info][gc             ] GC(1584) Pause Young (Allocation Failure) 643M->526M(854M) 23.583ms
[483.564s][info][gc,cpu         ] GC(1584) User=0.04s Sys=0.00s Real=0.02s
[483.698s][info][gc,start       ] GC(1585) Pause Young (Allocation Failure)
[483.722s][info][gc,heap        ] GC(1585) PSYoungGen: 162208K(206848K)->34304K(212480K) Eden: 128000K(128000K)->0K(128000K) From: 34208K(78848K)->34304K(84480K)
[483.722s][info][gc,heap        ] GC(1585) ParOldGen: 504839K(667648K)->504839K(667648K)
[483.722s][info][gc,metaspace   ] GC(1585) Metaspace: 18933K(19136K)->18933K(19136K) NonClass: 16268K(16384K)->16268K(16384K) Class: 2665K(2752K)->2665K(2752K)
[483.722s][info][gc             ] GC(1585) Pause Young (Allocation Failure) 651M->526M(859M) 23.594ms
[483.722s][info][gc,cpu         ] GC(1585) User=0.05s Sys=0.00s Real=0.03s
[483.852s][info][gc,start       ] GC(1586) Pause Young (Allocation Failure)
[483.877s][info][gc,heap        ] GC(1586) PSYoungGen: 162304K(212480K)->34400K(207872K) Eden: 128000K(128000K)->0K(136704K) From: 34304K(84480K)->34400K(71168K)
[483.877s][info][gc,heap        ] GC(1586) ParOldGen: 504839K(667648K)->504839K(667648K)
[483.877s][info][gc,metaspace   ] GC(1586) Metaspace: 18933K(19136K)->18933K(19136K) NonClass: 16268K(16384K)->16268K(16384K) Class: 2665K(2752K)->2665K(2752K)
[483.877s][info][gc             ] GC(1586) Pause Young (Allocation Failure) 651M->526M(855M) 24.523ms
[483.877s][info][gc,cpu         ] GC(1586) User=0.05s Sys=0.00s Real=0.02s
[484.018s][info][gc,start       ] GC(1587) Pause Young (Allocation Failure)
[484.041s][info][gc,heap        ] GC(1587) PSYoungGen: 171104K(207872K)->34464K(211968K) Eden: 136704K(136704K)->0K(136704K) From: 34400K(71168K)->34464K(75264K)
[484.041s][info][gc,heap        ] GC(1587) ParOldGen: 504839K(667648K)->504839K(667648K)
[484.041s][info][gc,metaspace   ] GC(1587) Metaspace: 18933K(19136K)->18933K(19136K) NonClass: 16268K(16384K)->16268K(16384K) Class: 2665K(2752K)->2665K(2752K)
[484.041s][info][gc             ] GC(1587) Pause Young (Allocation Failure) 660M->526M(859M) 23.382ms
[484.041s][info][gc,cpu         ] GC(1587) User=0.05s Sys=0.00s Real=0.03s
[484.184s][info][gc,start       ] GC(1588) Pause Young (Allocation Failure)
[484.221s][info][gc,heap        ] GC(1588) PSYoungGen: 171168K(211968K)->47136K(215552K) Eden: 136704K(136704K)->0K(144384K) From: 34464K(75264K)->47136K(71168K)
[484.222s][info][gc,heap        ] GC(1588) ParOldGen: 504839K(667648K)->504839K(667648K)
[484.222s][info][gc,metaspace   ] GC(1588) Metaspace: 18933K(19136K)->18933K(19136K) NonClass: 16268K(16384K)->16268K(16384K) Class: 2665K(2752K)->2665K(2752K)
[484.222s][info][gc             ] GC(1588) Pause Young (Allocation Failure) 660M->539M(862M) 37.892ms
[484.222s][info][gc,cpu         ] GC(1588) User=0.07s Sys=0.00s Real=0.04s
[484.346s][info][gc,start       ] GC(1589) Pause Young (Allocation Failure)
[484.413s][info][gc,heap        ] GC(1589) PSYoungGen: 191520K(215552K)->72171K(216576K) Eden: 144384K(144384K)->0K(144384K) From: 47136K(71168K)->72171K(72192K)
[484.413s][info][gc,heap        ] GC(1589) ParOldGen: 504839K(667648K)->504983K(667648K)
[484.413s][info][gc,metaspace   ] GC(1589) Metaspace: 18933K(19136K)->18933K(19136K) NonClass: 16268K(16384K)->16268K(16384K) Class: 2665K(2752K)->2665K(2752K)
[484.413s][info][gc             ] GC(1589) Pause Young (Allocation Failure) 680M->563M(863M) 67.210ms
[484.413s][info][gc,cpu         ] GC(1589) User=0.13s Sys=0.01s Real=0.07s
[484.534s][info][gc,start       ] GC(1590) Pause Young (Allocation Failure)
[484.627s][info][gc,heap        ] GC(1590) PSYoungGen: 216555K(216576K)->54955K(236032K) Eden: 144384K(144384K)->0K(154112K) From: 72171K(72192K)->54955K(81920K)
[484.627s][info][gc,heap        ] GC(1590) ParOldGen: 504983K(667648K)->539134K(667648K)
[484.627s][info][gc,metaspace   ] GC(1590) Metaspace: 18933K(19136K)->18933K(19136K) NonClass: 16268K(16384K)->16268K(16384K) Class: 2665K(2752K)->2665K(2752K)
[484.627s][info][gc             ] GC(1590) Pause Young (Allocation Failure) 704M->580M(882M) 93.353ms
[484.627s][info][gc,cpu         ] GC(1590) User=0.18s Sys=0.00s Real=0.09s
[484.766s][info][gc,start       ] GC(1591) Pause Young (Allocation Failure)
[484.833s][info][gc,heap        ] GC(1591) PSYoungGen: 209067K(236032K)->56299K(237568K) Eden: 154112K(154112K)->0K(154112K) From: 54955K(81920K)->56299K(83456K)
[484.833s][info][gc,heap        ] GC(1591) ParOldGen: 539134K(667648K)->539134K(667648K)
[484.833s][info][gc,metaspace   ] GC(1591) Metaspace: 18933K(19136K)->18933K(19136K) NonClass: 16268K(16384K)->16268K(16384K) Class: 2665K(2752K)->2665K(2752K)
[484.833s][info][gc             ] GC(1591) Pause Young (Allocation Failure) 730M->581M(884M) 67.571ms
[484.833s][info][gc,cpu         ] GC(1591) User=0.13s Sys=0.00s Real=0.07s
[484.976s][info][gc,start       ] GC(1592) Pause Young (Allocation Failure)
[485.054s][info][gc,heap        ] GC(1592) PSYoungGen: 210411K(237568K)->59723K(244736K) Eden: 154112K(154112K)->0K(159744K) From: 56299K(83456K)->59723K(84992K)
[485.054s][info][gc,heap        ] GC(1592) ParOldGen: 539134K(667648K)->539134K(667648K)
[485.055s][info][gc,metaspace   ] GC(1592) Metaspace: 18935K(19136K)->18935K(19136K) NonClass: 16270K(16384K)->16270K(16384K) Class: 2665K(2752K)->2665K(2752K)
[485.055s][info][gc             ] GC(1592) Pause Young (Allocation Failure) 731M->584M(891M) 78.451ms
[485.055s][info][gc,cpu         ] GC(1592) User=0.14s Sys=0.02s Real=0.08s
[485.194s][info][gc,start       ] GC(1593) Pause Young (Allocation Failure)
[485.272s][info][gc,heap        ] GC(1593) PSYoungGen: 219467K(244736K)->68011K(227840K) Eden: 159744K(159744K)->0K(159744K) From: 59723K(84992K)->68011K(68096K)
[485.272s][info][gc,heap        ] GC(1593) ParOldGen: 539134K(667648K)->539134K(667648K)
[485.272s][info][gc,metaspace   ] GC(1593) Metaspace: 18935K(19136K)->18935K(19136K) NonClass: 16270K(16384K)->16270K(16384K) Class: 2665K(2752K)->2665K(2752K)
[485.272s][info][gc             ] GC(1593) Pause Young (Allocation Failure) 740M->592M(874M) 77.794ms
[485.272s][info][gc,cpu         ] GC(1593) User=0.16s Sys=0.00s Real=0.08s
[485.433s][info][gc,start       ] GC(1594) Pause Young (Allocation Failure)
[485.533s][info][gc,heap        ] GC(1594) PSYoungGen: 227755K(227840K)->83243K(224768K) Eden: 159744K(159744K)->0K(133120K) From: 68011K(68096K)->83243K(91648K)
[485.533s][info][gc,heap        ] GC(1594) ParOldGen: 539134K(667648K)->539134K(667648K)
[485.533s][info][gc,metaspace   ] GC(1594) Metaspace: 18935K(19136K)->18935K(19136K) NonClass: 16270K(16384K)->16270K(16384K) Class: 2665K(2752K)->2665K(2752K)
[485.533s][info][gc             ] GC(1594) Pause Young (Allocation Failure) 748M->607M(871M) 100.219ms
[485.533s][info][gc,cpu         ] GC(1594) User=0.18s Sys=0.01s Real=0.10s
[485.797s][info][gc,start       ] GC(1595) Pause Young (Allocation Failure)
[485.888s][info][gc,heap        ] GC(1595) PSYoungGen: 216363K(224768K)->83196K(216576K) Eden: 133120K(133120K)->0K(133120K) From: 83243K(91648K)->83196K(83456K)
[485.888s][info][gc,heap        ] GC(1595) ParOldGen: 539134K(667648K)->539214K(667648K)
[485.888s][info][gc,metaspace   ] GC(1595) Metaspace: 18935K(19136K)->18935K(19136K) NonClass: 16270K(16384K)->16270K(16384K) Class: 2665K(2752K)->2665K(2752K)
[485.888s][info][gc             ] GC(1595) Pause Young (Allocation Failure) 737M->607M(863M) 91.346ms
[485.888s][info][gc,cpu         ] GC(1595) User=0.19s Sys=0.00s Real=0.09s
[486.111s][info][gc,start       ] GC(1596) Pause Young (Allocation Failure)
[486.202s][info][gc,heap        ] GC(1596) PSYoungGen: 216316K(216576K)->83211K(219136K) Eden: 133120K(133120K)->0K(111616K) From: 83196K(83456K)->83211K(107520K)
[486.202s][info][gc,heap        ] GC(1596) ParOldGen: 539214K(667648K)->539214K(667648K)
[486.202s][info][gc,metaspace   ] GC(1596) Metaspace: 18935K(19136K)->18935K(19136K) NonClass: 16270K(16384K)->16270K(16384K) Class: 2665K(2752K)->2665K(2752K)
[486.202s][info][gc             ] GC(1596) Pause Young (Allocation Failure) 737M->607M(866M) 91.014ms
[486.202s][info][gc,cpu         ] GC(1596) User=0.18s Sys=0.00s Real=0.09s
[486.390s][info][gc,start       ] GC(1597) Pause Young (Allocation Failure)
[486.487s][info][gc,heap        ] GC(1597) PSYoungGen: 194827K(219136K)->83083K(222720K) Eden: 111616K(111616K)->0K(111616K) From: 83211K(107520K)->83083K(111104K)
[486.487s][info][gc,heap        ] GC(1597) ParOldGen: 539214K(667648K)->539446K(667648K)
[486.487s][info][gc,metaspace   ] GC(1597) Metaspace: 18935K(19136K)->18935K(19136K) NonClass: 16270K(16384K)->16270K(16384K) Class: 2665K(2752K)->2665K(2752K)
[486.487s][info][gc             ] GC(1597) Pause Young (Allocation Failure) 716M->607M(869M) 96.375ms
[486.487s][info][gc,cpu         ] GC(1597) User=0.19s Sys=0.00s Real=0.09s
[486.627s][info][gc,start       ] GC(1598) Pause Young (Allocation Failure)
[486.739s][info][gc,heap        ] GC(1598) PSYoungGen: 194699K(222720K)->102283K(222720K) Eden: 111616K(111616K)->0K(111616K) From: 83083K(111104K)->102283K(111104K)
[486.739s][info][gc,heap        ] GC(1598) ParOldGen: 539446K(667648K)->539622K(667648K)
[486.739s][info][gc,metaspace   ] GC(1598) Metaspace: 18935K(19136K)->18935K(19136K) NonClass: 16270K(16384K)->16270K(16384K) Class: 2665K(2752K)->2665K(2752K)
[486.739s][info][gc             ] GC(1598) Pause Young (Allocation Failure) 716M->626M(869M) 111.868ms
[486.739s][info][gc,cpu         ] GC(1598) User=0.22s Sys=0.00s Real=0.11s
[486.876s][info][gc,start       ] GC(1599) Pause Young (Allocation Failure)
[487.013s][info][gc,heap        ] GC(1599) PSYoungGen: 213899K(222720K)->111104K(222720K) Eden: 111616K(111616K)->0K(111616K) From: 102283K(111104K)->111104K(111104K)
[487.013s][info][gc,heap        ] GC(1599) ParOldGen: 539622K(667648K)->545286K(667648K)
[487.013s][info][gc,metaspace   ] GC(1599) Metaspace: 18935K(19136K)->18935K(19136K) NonClass: 16270K(16384K)->16270K(16384K) Class: 2665K(2752K)->2665K(2752K)
[487.013s][info][gc             ] GC(1599) Pause Young (Allocation Failure) 735M->641M(869M) 137.057ms
[487.013s][info][gc,cpu         ] GC(1599) User=0.27s Sys=0.00s Real=0.14s
[487.102s][info][gc,start       ] GC(1600) Pause Young (Allocation Failure)
[487.222s][info][gc,heap        ] GC(1600) PSYoungGen: 222720K(222720K)->82704K(222720K) Eden: 111616K(111616K)->0K(111616K) From: 111104K(111104K)->82704K(111104K)
[487.222s][info][gc,heap        ] GC(1600) ParOldGen: 545286K(667648K)->581242K(667648K)
[487.222s][info][gc,metaspace   ] GC(1600) Metaspace: 18935K(19136K)->18935K(19136K) NonClass: 16270K(16384K)->16270K(16384K) Class: 2665K(2752K)->2665K(2752K)
[487.222s][info][gc             ] GC(1600) Pause Young (Allocation Failure) 750M->648M(869M) 120.053ms
[487.222s][info][gc,cpu         ] GC(1600) User=0.24s Sys=0.00s Real=0.12s
[487.344s][info][gc,start       ] GC(1601) Pause Young (Allocation Failure)
[487.430s][info][gc,heap        ] GC(1601) PSYoungGen: 194320K(222720K)->69712K(222720K) Eden: 111616K(111616K)->0K(111616K) From: 82704K(111104K)->69712K(111104K)
[487.430s][info][gc,heap        ] GC(1601) ParOldGen: 581242K(667648K)->595586K(667648K)
[487.430s][info][gc,metaspace   ] GC(1601) Metaspace: 18935K(19136K)->18935K(19136K) NonClass: 16270K(16384K)->16270K(16384K) Class: 2665K(2752K)->2665K(2752K)
[487.430s][info][gc             ] GC(1601) Pause Young (Allocation Failure) 757M->649M(869M) 85.559ms
[487.430s][info][gc,cpu         ] GC(1601) User=0.17s Sys=0.00s Real=0.08s
[487.560s][info][gc,start       ] GC(1602) Pause Young (Allocation Failure)
[487.634s][info][gc,heap        ] GC(1602) PSYoungGen: 181328K(222720K)->63008K(222720K) Eden: 111616K(111616K)->0K(111616K) From: 69712K(111104K)->63008K(111104K)
[487.634s][info][gc,heap        ] GC(1602) ParOldGen: 595586K(667648K)->607330K(667648K)
[487.634s][info][gc,metaspace   ] GC(1602) Metaspace: 18935K(19136K)->18935K(19136K) NonClass: 16270K(16384K)->16270K(16384K) Class: 2665K(2752K)->2665K(2752K)
[487.634s][info][gc             ] GC(1602) Pause Young (Allocation Failure) 758M->654M(869M) 73.449ms
[487.634s][info][gc,cpu         ] GC(1602) User=0.15s Sys=0.00s Real=0.07s
[487.749s][info][gc,start       ] GC(1603) Pause Young (Allocation Failure)
[487.811s][info][gc,heap        ] GC(1603) PSYoungGen: 174624K(222720K)->47808K(222720K) Eden: 111616K(111616K)->0K(111616K) From: 63008K(111104K)->47808K(111104K)
[487.811s][info][gc,heap        ] GC(1603) ParOldGen: 607330K(667648K)->622610K(667648K)
[487.811s][info][gc,metaspace   ] GC(1603) Metaspace: 18935K(19136K)->18935K(19136K) NonClass: 16270K(16384K)->16270K(16384K) Class: 2665K(2752K)->2665K(2752K)
[487.811s][info][gc             ] GC(1603) Pause Young (Allocation Failure) 763M->654M(869M) 61.874ms
[487.811s][info][gc,cpu         ] GC(1603) User=0.12s Sys=0.00s Real=0.07s
[487.882s][info][gc,start       ] GC(1604) Pause Young (Allocation Failure)
[487.928s][info][gc,heap        ] GC(1604) PSYoungGen: 159424K(222720K)->47744K(222720K) Eden: 111616K(111616K)->0K(111616K) From: 47808K(111104K)->47744K(111104K)
[487.928s][info][gc,heap        ] GC(1604) ParOldGen: 622610K(667648K)->622674K(667648K)
[487.928s][info][gc,metaspace   ] GC(1604) Metaspace: 18935K(19136K)->18935K(19136K) NonClass: 16270K(16384K)->16270K(16384K) Class: 2665K(2752K)->2665K(2752K)
[487.929s][info][gc             ] GC(1604) Pause Young (Allocation Failure) 763M->654M(869M) 46.925ms
[487.929s][info][gc,cpu         ] GC(1604) User=0.09s Sys=0.00s Real=0.04s
[488.104s][info][gc,start       ] GC(1605) Pause Young (Allocation Failure)
[488.159s][info][gc,heap        ] GC(1605) PSYoungGen: 159360K(222720K)->22496K(222720K) Eden: 111616K(111616K)->0K(111616K) From: 47744K(111104K)->22496K(111104K)
[488.159s][info][gc,heap        ] GC(1605) ParOldGen: 622674K(667648K)->656690K(667648K)
[488.159s][info][gc,metaspace   ] GC(1605) Metaspace: 18935K(19136K)->18935K(19136K) NonClass: 16270K(16384K)->16270K(16384K) Class: 2665K(2752K)->2665K(2752K)
[488.159s][info][gc             ] GC(1605) Pause Young (Allocation Failure) 763M->663M(869M) 55.765ms
[488.159s][info][gc,cpu         ] GC(1605) User=0.11s Sys=0.00s Real=0.05s
[488.327s][info][gc,start       ] GC(1606) Pause Full (Allocation Failure)
[488.328s][info][gc,phases,start] GC(1606) Marking Phase
[488.592s][info][gc,phases      ] GC(1606) Marking Phase 264.160ms
[488.592s][info][gc,phases,start] GC(1606) Summary Phase
[488.592s][info][gc,phases      ] GC(1606) Summary Phase 0.025ms
[488.592s][info][gc,phases,start] GC(1606) Forward
[488.721s][info][gc,phases      ] GC(1606) Forward 128.885ms
[488.721s][info][gc,phases,start] GC(1606) Adjust Pointers
[488.921s][info][gc,phases      ] GC(1606) Adjust Pointers 200.705ms
[488.922s][info][gc,phases,start] GC(1606) Compaction Phase
[489.042s][info][gc,phases      ] GC(1606) Compaction Phase 120.589ms
[489.054s][info][gc,phases,start] GC(1606) Post Compact
[489.056s][info][gc,phases      ] GC(1606) Post Compact 2.351ms
[489.057s][info][gc,heap        ] GC(1606) PSYoungGen: 134112K(222720K)->0K(222720K) Eden: 111616K(111616K)->0K(111616K) From: 22496K(111104K)->0K(111104K)
[489.057s][info][gc,heap        ] GC(1606) ParOldGen: 656690K(667648K)->369039K(660480K)
[489.057s][info][gc,metaspace   ] GC(1606) Metaspace: 18935K(19136K)->18935K(19136K) NonClass: 16270K(16384K)->16270K(16384K) Class: 2665K(2752K)->2665K(2752K)
[489.057s][info][gc             ] GC(1606) Pause Full (Allocation Failure) 772M->360M(862M) 729.738ms
[489.057s][info][gc,cpu         ] GC(1606) User=1.30s Sys=0.00s Real=0.73s
[489.405s][info][gc,start       ] GC(1607) Pause Young (Allocation Failure)
[489.407s][info][gc,heap        ] GC(1607) PSYoungGen: 111616K(222720K)->64K(222720K) Eden: 111616K(111616K)->0K(111616K) From: 0K(111104K)->64K(111104K)
[489.407s][info][gc,heap        ] GC(1607) ParOldGen: 369039K(660480K)->369039K(660480K)
[489.407s][info][gc,metaspace   ] GC(1607) Metaspace: 18936K(19136K)->18936K(19136K) NonClass: 16270K(16384K)->16270K(16384K) Class: 2665K(2752K)->2665K(2752K)
[489.407s][info][gc             ] GC(1607) Pause Young (Allocation Failure) 469M->360M(862M) 1.876ms
[489.407s][info][gc,cpu         ] GC(1607) User=0.00s Sys=0.00s Real=0.00s
[489.658s][info][gc,start       ] GC(1608) Pause Young (Allocation Failure)
[489.660s][info][gc,heap        ] GC(1608) PSYoungGen: 111680K(222720K)->272K(222720K) Eden: 111616K(111616K)->0K(111616K) From: 64K(111104K)->272K(111104K)
[489.660s][info][gc,heap        ] GC(1608) ParOldGen: 369039K(660480K)->369039K(660480K)
[489.660s][info][gc,metaspace   ] GC(1608) Metaspace: 18936K(19136K)->18936K(19136K) NonClass: 16270K(16384K)->16270K(16384K) Class: 2665K(2752K)->2665K(2752K)
[489.660s][info][gc             ] GC(1608) Pause Young (Allocation Failure) 469M->360M(862M) 2.377ms
[489.660s][info][gc,cpu         ] GC(1608) User=0.00s Sys=0.00s Real=0.01s
[489.944s][info][gc,start       ] GC(1609) Pause Young (Allocation Failure)
[489.947s][info][gc,heap        ] GC(1609) PSYoungGen: 111888K(222720K)->432K(222720K) Eden: 111616K(111616K)->0K(111616K) From: 272K(111104K)->432K(111104K)
[489.947s][info][gc,heap        ] GC(1609) ParOldGen: 369039K(660480K)->369039K(660480K)
[489.947s][info][gc,metaspace   ] GC(1609) Metaspace: 18936K(19136K)->18936K(19136K) NonClass: 16270K(16384K)->16270K(16384K) Class: 2665K(2752K)->2665K(2752K)
[489.947s][info][gc             ] GC(1609) Pause Young (Allocation Failure) 469M->360M(862M) 2.282ms
[489.947s][info][gc,cpu         ] GC(1609) User=0.00s Sys=0.00s Real=0.00s
[490.115s][info][gc,start       ] GC(1610) Pause Young (Allocation Failure)
[490.123s][info][gc,heap        ] GC(1610) PSYoungGen: 112048K(222720K)->7088K(222720K) Eden: 111616K(111616K)->0K(111616K) From: 432K(111104K)->7088K(111104K)
[490.123s][info][gc,heap        ] GC(1610) ParOldGen: 369039K(660480K)->369287K(660480K)
[490.123s][info][gc,metaspace   ] GC(1610) Metaspace: 18936K(19136K)->18936K(19136K) NonClass: 16270K(16384K)->16270K(16384K) Class: 2665K(2752K)->2665K(2752K)
[490.123s][info][gc             ] GC(1610) Pause Young (Allocation Failure) 469M->367M(862M) 8.308ms
[490.123s][info][gc,cpu         ] GC(1610) User=0.02s Sys=0.00s Real=0.01s
[490.205s][info][gc,start       ] GC(1611) Pause Young (Allocation Failure)
[490.242s][info][gc,heap        ] GC(1611) PSYoungGen: 118704K(222720K)->41760K(222720K) Eden: 111616K(111616K)->0K(111616K) From: 7088K(111104K)->41760K(111104K)
[490.242s][info][gc,heap        ] GC(1611) ParOldGen: 369287K(660480K)->376407K(660480K)
[490.242s][info][gc,metaspace   ] GC(1611) Metaspace: 18936K(19136K)->18936K(19136K) NonClass: 16270K(16384K)->16270K(16384K) Class: 2665K(2752K)->2665K(2752K)
[490.242s][info][gc             ] GC(1611) Pause Young (Allocation Failure) 476M->408M(862M) 37.518ms
[490.242s][info][gc,cpu         ] GC(1611) User=0.08s Sys=0.00s Real=0.04s
[490.306s][info][gc,start       ] GC(1612) Pause Young (Allocation Failure)
[490.360s][info][gc,heap        ] GC(1612) PSYoungGen: 153376K(222720K)->43392K(222720K) Eden: 111616K(111616K)->0K(111616K) From: 41760K(111104K)->43392K(111104K)
[490.360s][info][gc,heap        ] GC(1612) ParOldGen: 376407K(660480K)->418639K(660480K)
[490.360s][info][gc,metaspace   ] GC(1612) Metaspace: 18936K(19136K)->18936K(19136K) NonClass: 16270K(16384K)->16270K(16384K) Class: 2665K(2752K)->2665K(2752K)
[490.360s][info][gc             ] GC(1612) Pause Young (Allocation Failure) 517M->451M(862M) 54.101ms
[490.360s][info][gc,cpu         ] GC(1612) User=0.11s Sys=0.00s Real=0.06s
[490.445s][info][gc,start       ] GC(1613) Pause Young (Allocation Failure)
[490.500s][info][gc,heap        ] GC(1613) PSYoungGen: 155008K(222720K)->40896K(152576K) Eden: 111616K(111616K)->0K(111616K) From: 43392K(111104K)->40896K(40960K)
[490.500s][info][gc,heap        ] GC(1613) ParOldGen: 418639K(660480K)->462516K(660480K)
[490.500s][info][gc,metaspace   ] GC(1613) Metaspace: 18936K(19136K)->18936K(19136K) NonClass: 16270K(16384K)->16270K(16384K) Class: 2665K(2752K)->2665K(2752K)
[490.500s][info][gc             ] GC(1613) Pause Young (Allocation Failure) 560M->491M(794M) 54.470ms
[490.500s][info][gc,cpu         ] GC(1613) User=0.10s Sys=0.00s Real=0.05s
[490.812s][info][gc,start       ] GC(1614) Pause Young (Allocation Failure)
[490.853s][info][gc,heap        ] GC(1614) PSYoungGen: 152512K(152576K)->12821K(219136K) Eden: 111616K(111616K)->0K(113152K) From: 40896K(40960K)->12821K(105984K)
[490.853s][info][gc,heap        ] GC(1614) ParOldGen: 462516K(660480K)->503924K(660480K)
[490.853s][info][gc,metaspace   ] GC(1614) Metaspace: 18936K(19136K)->18936K(19136K) NonClass: 16270K(16384K)->16270K(16384K) Class: 2665K(2752K)->2665K(2752K)
[490.853s][info][gc             ] GC(1614) Pause Young (Allocation Failure) 600M->504M(859M) 40.314ms
[490.853s][info][gc,cpu         ] GC(1614) User=0.08s Sys=0.00s Real=0.04s
[490.922s][info][gc,start       ] GC(1615) Pause Young (Allocation Failure)
[490.971s][info][gc,heap        ] GC(1615) PSYoungGen: 125973K(219136K)->59238K(217600K) Eden: 113152K(113152K)->0K(113152K) From: 12821K(105984K)->59238K(104448K)
[490.971s][info][gc,heap        ] GC(1615) ParOldGen: 503924K(660480K)->503924K(660480K)
[490.971s][info][gc,metaspace   ] GC(1615) Metaspace: 18936K(19136K)->18936K(19136K) NonClass: 16270K(16384K)->16270K(16384K) Class: 2665K(2752K)->2665K(2752K)
[490.971s][info][gc             ] GC(1615) Pause Young (Allocation Failure) 615M->549M(857M) 49.381ms
[490.971s][info][gc,cpu         ] GC(1615) User=0.10s Sys=0.00s Real=0.05s
[491.096s][info][gc,start       ] GC(1616) Pause Young (Allocation Failure)
[491.152s][info][gc,heap        ] GC(1616) PSYoungGen: 172390K(217600K)->59232K(227328K) Eden: 113152K(113152K)->0K(121856K) From: 59238K(104448K)->59232K(105472K)
[491.152s][info][gc,heap        ] GC(1616) ParOldGen: 503924K(660480K)->516787K(660480K)
[491.152s][info][gc,metaspace   ] GC(1616) Metaspace: 18936K(19136K)->18936K(19136K) NonClass: 16270K(16384K)->16270K(16384K) Class: 2665K(2752K)->2665K(2752K)
[491.152s][info][gc             ] GC(1616) Pause Young (Allocation Failure) 660M->562M(867M) 56.231ms
[491.152s][info][gc,cpu         ] GC(1616) User=0.12s Sys=0.00s Real=0.06s
[491.265s][info][gc,start       ] GC(1617) Pause Young (Allocation Failure)
[491.350s][info][gc,heap        ] GC(1617) PSYoungGen: 181088K(227328K)->26240K(148480K) Eden: 121856K(121856K)->0K(121856K) From: 59232K(105472K)->26240K(26624K)
[491.350s][info][gc,heap        ] GC(1617) ParOldGen: 516787K(660480K)->563811K(660480K)
[491.350s][info][gc,metaspace   ] GC(1617) Metaspace: 18936K(19136K)->18936K(19136K) NonClass: 16270K(16384K)->16270K(16384K) Class: 2665K(2752K)->2665K(2752K)
[491.350s][info][gc             ] GC(1617) Pause Young (Allocation Failure) 681M->576M(790M) 84.654ms
[491.350s][info][gc,cpu         ] GC(1617) User=0.17s Sys=0.00s Real=0.08s
[491.531s][info][gc,start       ] GC(1618) Pause Young (Allocation Failure)
[491.625s][info][gc,heap        ] GC(1618) PSYoungGen: 148096K(148480K)->26724K(228352K) Eden: 121856K(121856K)->0K(125952K) From: 26240K(26624K)->26724K(102400K)
[491.625s][info][gc,heap        ] GC(1618) ParOldGen: 563811K(660480K)->590127K(660480K)
[491.625s][info][gc,metaspace   ] GC(1618) Metaspace: 18936K(19136K)->18936K(19136K) NonClass: 16270K(16384K)->16270K(16384K) Class: 2665K(2752K)->2665K(2752K)
[491.625s][info][gc             ] GC(1618) Pause Young (Allocation Failure) 695M->602M(868M) 93.933ms
[491.625s][info][gc,cpu         ] GC(1618) User=0.18s Sys=0.00s Real=0.09s
[491.807s][info][gc,start       ] GC(1619) Pause Young (Allocation Failure)
[491.851s][info][gc,heap        ] GC(1619) PSYoungGen: 152676K(228352K)->64K(224768K) Eden: 125952K(125952K)->0K(125952K) From: 26724K(102400K)->64K(98816K)
[491.851s][info][gc,heap        ] GC(1619) ParOldGen: 590127K(660480K)->616899K(660480K)
[491.851s][info][gc,metaspace   ] GC(1619) Metaspace: 18936K(19136K)->18936K(19136K) NonClass: 16270K(16384K)->16270K(16384K) Class: 2665K(2752K)->2665K(2752K)
[491.851s][info][gc             ] GC(1619) Pause Young (Allocation Failure) 725M->602M(864M) 44.197ms
[491.851s][info][gc,cpu         ] GC(1619) User=0.08s Sys=0.00s Real=0.05s
[492.032s][info][gc,start       ] GC(1620) Pause Full (Allocation Failure)
[492.032s][info][gc,phases,start] GC(1620) Marking Phase
[492.338s][info][gc,phases      ] GC(1620) Marking Phase 305.685ms
[492.338s][info][gc,phases,start] GC(1620) Summary Phase
[492.338s][info][gc,phases      ] GC(1620) Summary Phase 0.025ms
[492.338s][info][gc,phases,start] GC(1620) Forward
[492.452s][info][gc,phases      ] GC(1620) Forward 114.467ms
[492.452s][info][gc,phases,start] GC(1620) Adjust Pointers
[492.708s][info][gc,phases      ] GC(1620) Adjust Pointers 255.649ms
[492.708s][info][gc,phases,start] GC(1620) Compaction Phase
[492.842s][info][gc,phases      ] GC(1620) Compaction Phase 133.865ms
[492.858s][info][gc,phases,start] GC(1620) Post Compact
[492.860s][info][gc,phases      ] GC(1620) Post Compact 2.193ms
[492.860s][info][gc,heap        ] GC(1620) PSYoungGen: 126016K(224768K)->0K(231936K) Eden: 125952K(125952K)->0K(132608K) From: 64K(98816K)->0K(99328K)
[492.860s][info][gc,heap        ] GC(1620) ParOldGen: 616899K(660480K)->458549K(667648K)
[492.860s][info][gc,metaspace   ] GC(1620) Metaspace: 18936K(19136K)->18936K(19136K) NonClass: 16270K(16384K)->16270K(16384K) Class: 2665K(2752K)->2665K(2752K)
[492.860s][info][gc             ] GC(1620) Pause Full (Allocation Failure) 725M->447M(878M) 827.981ms
[492.860s][info][gc,cpu         ] GC(1620) User=1.55s Sys=0.00s Real=0.83s
[493.051s][info][gc,start       ] GC(1621) Pause Young (Allocation Failure)
[493.052s][info][gc,heap        ] GC(1621) PSYoungGen: 132608K(231936K)->64K(231936K) Eden: 132608K(132608K)->0K(132608K) From: 0K(99328K)->64K(99328K)
[493.052s][info][gc,heap        ] GC(1621) ParOldGen: 458549K(667648K)->458549K(667648K)
[493.052s][info][gc,metaspace   ] GC(1621) Metaspace: 18936K(19136K)->18936K(19136K) NonClass: 16270K(16384K)->16270K(16384K) Class: 2665K(2752K)->2665K(2752K)
[493.052s][info][gc             ] GC(1621) Pause Young (Allocation Failure) 577M->447M(878M) 1.621ms
[493.052s][info][gc,cpu         ] GC(1621) User=0.00s Sys=0.00s Real=0.00s
[493.237s][info][gc,start       ] GC(1622) Pause Young (Allocation Failure)
[493.239s][info][gc,heap        ] GC(1622) PSYoungGen: 132672K(231936K)->64K(232960K) Eden: 132608K(132608K)->0K(135680K) From: 64K(99328K)->64K(97280K)
[493.239s][info][gc,heap        ] GC(1622) ParOldGen: 458549K(667648K)->458549K(667648K)
[493.239s][info][gc,metaspace   ] GC(1622) Metaspace: 18936K(19136K)->18936K(19136K) NonClass: 16270K(16384K)->16270K(16384K) Class: 2665K(2752K)->2665K(2752K)
[493.239s][info][gc             ] GC(1622) Pause Young (Allocation Failure) 577M->447M(879M) 1.582ms
[493.239s][info][gc,cpu         ] GC(1622) User=0.00s Sys=0.00s Real=0.00s
[493.425s][info][gc,start       ] GC(1623) Pause Young (Allocation Failure)
[493.427s][info][gc,heap        ] GC(1623) PSYoungGen: 135744K(232960K)->64K(233472K) Eden: 135680K(135680K)->0K(135680K) From: 64K(97280K)->64K(97792K)
[493.427s][info][gc,heap        ] GC(1623) ParOldGen: 458549K(667648K)->458549K(667648K)
[493.427s][info][gc,metaspace   ] GC(1623) Metaspace: 18936K(19136K)->18936K(19136K) NonClass: 16270K(16384K)->16270K(16384K) Class: 2665K(2752K)->2665K(2752K)
[493.427s][info][gc             ] GC(1623) Pause Young (Allocation Failure) 580M->447M(880M) 1.687ms
[493.427s][info][gc,cpu         ] GC(1623) User=0.00s Sys=0.00s Real=0.00s
[493.620s][info][gc,start       ] GC(1624) Pause Young (Allocation Failure)
[493.621s][info][gc,heap        ] GC(1624) PSYoungGen: 135744K(233472K)->64K(232448K) Eden: 135680K(135680K)->0K(140288K) From: 64K(97792K)->64K(92160K)
[493.621s][info][gc,heap        ] GC(1624) ParOldGen: 458549K(667648K)->458549K(667648K)
[493.621s][info][gc,metaspace   ] GC(1624) Metaspace: 18936K(19136K)->18936K(19136K) NonClass: 16270K(16384K)->16270K(16384K) Class: 2665K(2752K)->2665K(2752K)
[493.621s][info][gc             ] GC(1624) Pause Young (Allocation Failure) 580M->447M(879M) 1.594ms
[493.621s][info][gc,cpu         ] GC(1624) User=0.01s Sys=0.00s Real=0.01s
[493.821s][info][gc,start       ] GC(1625) Pause Young (Allocation Failure)
[493.822s][info][gc,heap        ] GC(1625) PSYoungGen: 140352K(232448K)->64K(233472K) Eden: 140288K(140288K)->0K(140288K) From: 64K(92160K)->64K(93184K)
[493.822s][info][gc,heap        ] GC(1625) ParOldGen: 458549K(667648K)->458549K(667648K)
[493.822s][info][gc,metaspace   ] GC(1625) Metaspace: 18936K(19136K)->18936K(19136K) NonClass: 16270K(16384K)->16270K(16384K) Class: 2665K(2752K)->2665K(2752K)
[493.822s][info][gc             ] GC(1625) Pause Young (Allocation Failure) 584M->447M(880M) 1.585ms
[493.822s][info][gc,cpu         ] GC(1625) User=0.00s Sys=0.00s Real=0.00s
[494.002s][info][gc,start       ] GC(1626) Pause Young (Allocation Failure)
[494.015s][info][gc,heap        ] GC(1626) PSYoungGen: 140352K(233472K)->10592K(226304K) Eden: 140288K(140288K)->0K(146432K) From: 64K(93184K)->10592K(79872K)
[494.015s][info][gc,heap        ] GC(1626) ParOldGen: 458549K(667648K)->458549K(667648K)
[494.015s][info][gc,metaspace   ] GC(1626) Metaspace: 18936K(19136K)->18936K(19136K) NonClass: 16270K(16384K)->16270K(16384K) Class: 2665K(2752K)->2665K(2752K)
[494.015s][info][gc             ] GC(1626) Pause Young (Allocation Failure) 584M->458M(873M) 13.986ms
[494.016s][info][gc,cpu         ] GC(1626) User=0.03s Sys=0.00s Real=0.01s
[494.161s][info][gc,start       ] GC(1627) Pause Young (Allocation Failure)
[494.190s][info][gc,heap        ] GC(1627) PSYoungGen: 157024K(226304K)->27808K(231424K) Eden: 146432K(146432K)->0K(146432K) From: 10592K(79872K)->27808K(84992K)
[494.191s][info][gc,heap        ] GC(1627) ParOldGen: 458549K(667648K)->458549K(667648K)
[494.191s][info][gc,metaspace   ] GC(1627) Metaspace: 18936K(19136K)->18936K(19136K) NonClass: 16270K(16384K)->16270K(16384K) Class: 2665K(2752K)->2665K(2752K)
[494.191s][info][gc             ] GC(1627) Pause Young (Allocation Failure) 601M->474M(878M) 29.495ms
[494.191s][info][gc,cpu         ] GC(1627) User=0.06s Sys=0.00s Real=0.03s
[494.320s][info][gc,start       ] GC(1628) Pause Young (Allocation Failure)
[494.353s][info][gc,heap        ] GC(1628) PSYoungGen: 174240K(231424K)->31424K(233984K) Eden: 146432K(146432K)->0K(155648K) From: 27808K(84992K)->31424K(78336K)
[494.353s][info][gc,heap        ] GC(1628) ParOldGen: 458549K(667648K)->458549K(667648K)
[494.353s][info][gc,metaspace   ] GC(1628) Metaspace: 18936K(19136K)->18936K(19136K) NonClass: 16270K(16384K)->16270K(16384K) Class: 2665K(2752K)->2665K(2752K)
[494.353s][info][gc             ] GC(1628) Pause Young (Allocation Failure) 617M->478M(880M) 32.370ms
[494.353s][info][gc,cpu         ] GC(1628) User=0.06s Sys=0.00s Real=0.03s
[494.498s][info][gc,start       ] GC(1629) Pause Young (Allocation Failure)
[494.531s][info][gc,heap        ] GC(1629) PSYoungGen: 187072K(233984K)->32832K(235008K) Eden: 155648K(155648K)->0K(155648K) From: 31424K(78336K)->32832K(79360K)
[494.531s][info][gc,heap        ] GC(1629) ParOldGen: 458549K(667648K)->458549K(667648K)
[494.531s][info][gc,metaspace   ] GC(1629) Metaspace: 18936K(19136K)->18936K(19136K) NonClass: 16270K(16384K)->16270K(16384K) Class: 2665K(2752K)->2665K(2752K)
[494.531s][info][gc             ] GC(1629) Pause Young (Allocation Failure) 630M->479M(881M) 33.239ms
[494.531s][info][gc,cpu         ] GC(1629) User=0.06s Sys=0.00s Real=0.04s
[494.703s][info][gc,start       ] GC(1630) Pause Young (Allocation Failure)
[494.744s][info][gc,heap        ] GC(1630) PSYoungGen: 188480K(235008K)->40928K(243200K) Eden: 155648K(155648K)->0K(165376K) From: 32832K(79360K)->40928K(77824K)
[494.744s][info][gc,heap        ] GC(1630) ParOldGen: 458549K(667648K)->458549K(667648K)
[494.744s][info][gc,metaspace   ] GC(1630) Metaspace: 18936K(19136K)->18936K(19136K) NonClass: 16270K(16384K)->16270K(16384K) Class: 2665K(2752K)->2665K(2752K)
[494.744s][info][gc             ] GC(1630) Pause Young (Allocation Failure) 631M->487M(889M) 41.169ms
[494.744s][info][gc,cpu         ] GC(1630) User=0.08s Sys=0.00s Real=0.04s
[495.098s][info][gc,start       ] GC(1631) Pause Young (Allocation Failure)
[495.137s][info][gc,heap        ] GC(1631) PSYoungGen: 206304K(243200K)->40992K(244224K) Eden: 165376K(165376K)->0K(165376K) From: 40928K(77824K)->40992K(78848K)
[495.137s][info][gc,heap        ] GC(1631) ParOldGen: 458549K(667648K)->458549K(667648K)
[495.137s][info][gc,metaspace   ] GC(1631) Metaspace: 18936K(19136K)->18936K(19136K) NonClass: 16270K(16384K)->16270K(16384K) Class: 2665K(2752K)->2665K(2752K)
[495.137s][info][gc             ] GC(1631) Pause Young (Allocation Failure) 649M->487M(890M) 39.623ms
[495.137s][info][gc,cpu         ] GC(1631) User=0.08s Sys=0.00s Real=0.04s
[495.450s][info][gc,start       ] GC(1632) Pause Young (Allocation Failure)
[495.490s][info][gc,heap        ] GC(1632) PSYoungGen: 206368K(244224K)->41088K(253440K) Eden: 165376K(165376K)->0K(174080K) From: 40992K(78848K)->41088K(79360K)
[495.490s][info][gc,heap        ] GC(1632) ParOldGen: 458549K(667648K)->458549K(667648K)
[495.490s][info][gc,metaspace   ] GC(1632) Metaspace: 18936K(19136K)->18936K(19136K) NonClass: 16270K(16384K)->16270K(16384K) Class: 2665K(2752K)->2665K(2752K)
[495.490s][info][gc             ] GC(1632) Pause Young (Allocation Failure) 649M->487M(899M) 40.031ms
[495.490s][info][gc,cpu         ] GC(1632) User=0.08s Sys=0.00s Real=0.04s
[495.793s][info][gc,start       ] GC(1633) Pause Young (Allocation Failure)
[495.833s][info][gc,heap        ] GC(1633) PSYoungGen: 215168K(253440K)->41088K(253952K) Eden: 174080K(174080K)->0K(174080K) From: 41088K(79360K)->41088K(79872K)
[495.833s][info][gc,heap        ] GC(1633) ParOldGen: 458549K(667648K)->458549K(667648K)
[495.833s][info][gc,metaspace   ] GC(1633) Metaspace: 18936K(19136K)->18936K(19136K) NonClass: 16270K(16384K)->16270K(16384K) Class: 2665K(2752K)->2665K(2752K)
[495.833s][info][gc             ] GC(1633) Pause Young (Allocation Failure) 657M->487M(900M) 40.273ms
[495.833s][info][gc,cpu         ] GC(1633) User=0.08s Sys=0.00s Real=0.04s
[496.039s][info][gc,start       ] GC(1634) Pause Young (Allocation Failure)
[496.091s][info][gc,heap        ] GC(1634) PSYoungGen: 215168K(253952K)->54176K(245248K) Eden: 174080K(174080K)->0K(165888K) From: 41088K(79872K)->54176K(79360K)
[496.091s][info][gc,heap        ] GC(1634) ParOldGen: 458549K(667648K)->458549K(667648K)
[496.091s][info][gc,metaspace   ] GC(1634) Metaspace: 18936K(19136K)->18936K(19136K) NonClass: 16270K(16384K)->16270K(16384K) Class: 2665K(2752K)->2665K(2752K)
[496.091s][info][gc             ] GC(1634) Pause Young (Allocation Failure) 657M->500M(891M) 51.336ms
[496.091s][info][gc,cpu         ] GC(1634) User=0.10s Sys=0.00s Real=0.06s
[496.245s][info][gc,start       ] GC(1635) Pause Young (Allocation Failure)
[496.320s][info][gc,heap        ] GC(1635) PSYoungGen: 220064K(245248K)->83936K(249856K) Eden: 165888K(165888K)->0K(165888K) From: 54176K(79360K)->83936K(83968K)
[496.320s][info][gc,heap        ] GC(1635) ParOldGen: 458549K(667648K)->461853K(667648K)
[496.320s][info][gc,metaspace   ] GC(1635) Metaspace: 18936K(19136K)->18936K(19136K) NonClass: 16271K(16384K)->16271K(16384K) Class: 2665K(2752K)->2665K(2752K)
[496.320s][info][gc             ] GC(1635) Pause Young (Allocation Failure) 662M->532M(896M) 74.743ms
[496.320s][info][gc,cpu         ] GC(1635) User=0.14s Sys=0.01s Real=0.08s
[496.555s][info][gc,start       ] GC(1636) Pause Young (Allocation Failure)
[496.665s][info][gc,heap        ] GC(1636) PSYoungGen: 249824K(249856K)->83936K(195584K) Eden: 165888K(165888K)->0K(111616K) From: 83936K(83968K)->83936K(83968K)
[496.665s][info][gc,heap        ] GC(1636) ParOldGen: 461853K(667648K)->484757K(667648K)
[496.665s][info][gc,metaspace   ] GC(1636) Metaspace: 18938K(19136K)->18938K(19136K) NonClass: 16273K(16384K)->16273K(16384K) Class: 2665K(2752K)->2665K(2752K)
[496.665s][info][gc             ] GC(1636) Pause Young (Allocation Failure) 694M->555M(843M) 110.224ms
[496.665s][info][gc,cpu         ] GC(1636) User=0.20s Sys=0.01s Real=0.11s
[496.818s][info][gc,start       ] GC(1637) Pause Young (Allocation Failure)
[496.917s][info][gc,heap        ] GC(1637) PSYoungGen: 195552K(195584K)->94992K(222720K) Eden: 111616K(111616K)->0K(111616K) From: 83936K(83968K)->94992K(111104K)
[496.917s][info][gc,heap        ] GC(1637) ParOldGen: 484757K(667648K)->484757K(667648K)
[496.917s][info][gc,metaspace   ] GC(1637) Metaspace: 18938K(19136K)->18938K(19136K) NonClass: 16273K(16384K)->16273K(16384K) Class: 2665K(2752K)->2665K(2752K)
[496.917s][info][gc             ] GC(1637) Pause Young (Allocation Failure) 664M->566M(869M) 99.636ms
[496.917s][info][gc,cpu         ] GC(1637) User=0.19s Sys=0.00s Real=0.10s
[497.079s][info][gc,start       ] GC(1638) Pause Young (Allocation Failure)
[497.178s][info][gc,heap        ] GC(1638) PSYoungGen: 206608K(222720K)->84464K(222720K) Eden: 111616K(111616K)->0K(111616K) From: 94992K(111104K)->84464K(111104K)
[497.178s][info][gc,heap        ] GC(1638) ParOldGen: 484757K(667648K)->495325K(667648K)
[497.178s][info][gc,metaspace   ] GC(1638) Metaspace: 18938K(19136K)->18938K(19136K) NonClass: 16273K(16384K)->16273K(16384K) Class: 2665K(2752K)->2665K(2752K)
[497.178s][info][gc             ] GC(1638) Pause Young (Allocation Failure) 675M->566M(869M) 99.166ms
[497.178s][info][gc,cpu         ] GC(1638) User=0.20s Sys=0.00s Real=0.10s
[497.335s][info][gc,start       ] GC(1639) Pause Young (Allocation Failure)
[497.429s][info][gc,heap        ] GC(1639) PSYoungGen: 196080K(222720K)->63600K(222720K) Eden: 111616K(111616K)->0K(111616K) From: 84464K(111104K)->63600K(111104K)
[497.429s][info][gc,heap        ] GC(1639) ParOldGen: 495325K(667648K)->516229K(667648K)
[497.429s][info][gc,metaspace   ] GC(1639) Metaspace: 18938K(19136K)->18938K(19136K) NonClass: 16273K(16384K)->16273K(16384K) Class: 2665K(2752K)->2665K(2752K)
[497.429s][info][gc             ] GC(1639) Pause Young (Allocation Failure) 675M->566M(869M) 93.216ms
[497.429s][info][gc,cpu         ] GC(1639) User=0.19s Sys=0.00s Real=0.09s
[497.586s][info][gc,start       ] GC(1640) Pause Young (Allocation Failure)
[497.662s][info][gc,heap        ] GC(1640) PSYoungGen: 175216K(222720K)->54096K(222720K) Eden: 111616K(111616K)->0K(111616K) From: 63600K(111104K)->54096K(111104K)
[497.662s][info][gc,heap        ] GC(1640) ParOldGen: 516229K(667648K)->525749K(667648K)
[497.662s][info][gc,metaspace   ] GC(1640) Metaspace: 18938K(19136K)->18938K(19136K) NonClass: 16273K(16384K)->16273K(16384K) Class: 2665K(2752K)->2665K(2752K)
[497.662s][info][gc             ] GC(1640) Pause Young (Allocation Failure) 675M->566M(869M) 75.853ms
[497.662s][info][gc,cpu         ] GC(1640) User=0.15s Sys=0.00s Real=0.08s
[497.821s][info][gc,start       ] GC(1641) Pause Young (Allocation Failure)
[497.887s][info][gc,heap        ] GC(1641) PSYoungGen: 165712K(222720K)->53936K(222720K) Eden: 111616K(111616K)->0K(111616K) From: 54096K(111104K)->53936K(111104K)
[497.887s][info][gc,heap        ] GC(1641) ParOldGen: 525749K(667648K)->525915K(667648K)
[497.887s][info][gc,metaspace   ] GC(1641) Metaspace: 18938K(19136K)->18938K(19136K) NonClass: 16273K(16384K)->16273K(16384K) Class: 2665K(2752K)->2665K(2752K)
[497.887s][info][gc             ] GC(1641) Pause Young (Allocation Failure) 675M->566M(869M) 66.259ms
[497.887s][info][gc,cpu         ] GC(1641) User=0.13s Sys=0.00s Real=0.06s
[498.050s][info][gc,start       ] GC(1642) Pause Young (Allocation Failure)
[498.116s][info][gc,heap        ] GC(1642) PSYoungGen: 165552K(222720K)->40848K(222720K) Eden: 111616K(111616K)->0K(111616K) From: 53936K(111104K)->40848K(111104K)
[498.116s][info][gc,heap        ] GC(1642) ParOldGen: 525915K(667648K)->539027K(667648K)
[498.116s][info][gc,metaspace   ] GC(1642) Metaspace: 18938K(19136K)->18938K(19136K) NonClass: 16273K(16384K)->16273K(16384K) Class: 2665K(2752K)->2665K(2752K)
[498.116s][info][gc             ] GC(1642) Pause Young (Allocation Failure) 675M->566M(869M) 66.300ms
[498.116s][info][gc,cpu         ] GC(1642) User=0.13s Sys=0.00s Real=0.06s
[498.277s][info][gc,start       ] GC(1643) Pause Young (Allocation Failure)
[498.324s][info][gc,heap        ] GC(1643) PSYoungGen: 152464K(222720K)->11072K(222720K) Eden: 111616K(111616K)->0K(111616K) From: 40848K(111104K)->11072K(111104K)
[498.324s][info][gc,heap        ] GC(1643) ParOldGen: 539027K(667648K)->569046K(667648K)
[498.324s][info][gc,metaspace   ] GC(1643) Metaspace: 18938K(19136K)->18938K(19136K) NonClass: 16273K(16384K)->16273K(16384K) Class: 2665K(2752K)->2665K(2752K)
[498.324s][info][gc             ] GC(1643) Pause Young (Allocation Failure) 675M->566M(869M) 46.297ms
[498.324s][info][gc,cpu         ] GC(1643) User=0.10s Sys=0.00s Real=0.05s
[498.486s][info][gc,start       ] GC(1644) Pause Young (Allocation Failure)
[498.503s][info][gc,heap        ] GC(1644) PSYoungGen: 122688K(222720K)->64K(222720K) Eden: 111616K(111616K)->0K(111616K) From: 11072K(111104K)->64K(111104K)
[498.503s][info][gc,heap        ] GC(1644) ParOldGen: 569046K(667648K)->580086K(667648K)
[498.503s][info][gc,metaspace   ] GC(1644) Metaspace: 18938K(19136K)->18938K(19136K) NonClass: 16273K(16384K)->16273K(16384K) Class: 2665K(2752K)->2665K(2752K)
[498.503s][info][gc             ] GC(1644) Pause Young (Allocation Failure) 675M->566M(869M) 17.073ms
[498.503s][info][gc,cpu         ] GC(1644) User=0.03s Sys=0.00s Real=0.02s
[498.647s][info][gc,start       ] GC(1645) Pause Young (Allocation Failure)
[498.660s][info][gc,heap        ] GC(1645) PSYoungGen: 111680K(222720K)->8736K(222720K) Eden: 111616K(111616K)->0K(111616K) From: 64K(111104K)->8736K(111104K)
[498.660s][info][gc,heap        ] GC(1645) ParOldGen: 580086K(667648K)->580086K(667648K)
[498.660s][info][gc,metaspace   ] GC(1645) Metaspace: 18938K(19136K)->18938K(19136K) NonClass: 16273K(16384K)->16273K(16384K) Class: 2665K(2752K)->2665K(2752K)
[498.660s][info][gc             ] GC(1645) Pause Young (Allocation Failure) 675M->575M(869M) 12.390ms
[498.660s][info][gc,cpu         ] GC(1645) User=0.02s Sys=0.00s Real=0.01s
[498.763s][info][gc,start       ] GC(1646) Pause Young (Allocation Failure)
[498.798s][info][gc,heap        ] GC(1646) PSYoungGen: 120352K(222720K)->30752K(216576K) Eden: 111616K(111616K)->0K(111616K) From: 8736K(111104K)->30752K(104960K)
[498.798s][info][gc,heap        ] GC(1646) ParOldGen: 580086K(667648K)->580086K(667648K)
[498.798s][info][gc,metaspace   ] GC(1646) Metaspace: 18938K(19136K)->18938K(19136K) NonClass: 16273K(16384K)->16273K(16384K) Class: 2665K(2752K)->2665K(2752K)
[498.798s][info][gc             ] GC(1646) Pause Young (Allocation Failure) 684M->596M(863M) 35.062ms
[498.798s][info][gc,cpu         ] GC(1646) User=0.07s Sys=0.00s Real=0.03s
[498.880s][info][gc,start       ] GC(1647) Pause Young (Allocation Failure)
[498.930s][info][gc,heap        ] GC(1647) PSYoungGen: 142368K(216576K)->47808K(219648K) Eden: 111616K(111616K)->0K(111616K) From: 30752K(104960K)->47808K(108032K)
[498.930s][info][gc,heap        ] GC(1647) ParOldGen: 580086K(667648K)->580086K(667648K)
[498.930s][info][gc,metaspace   ] GC(1647) Metaspace: 18938K(19136K)->18938K(19136K) NonClass: 16273K(16384K)->16273K(16384K) Class: 2665K(2752K)->2665K(2752K)
[498.930s][info][gc             ] GC(1647) Pause Young (Allocation Failure) 705M->613M(866M) 49.741ms
[498.930s][info][gc,cpu         ] GC(1647) User=0.10s Sys=0.00s Real=0.04s
[499.005s][info][gc,start       ] GC(1648) Pause Young (Allocation Failure)
[499.069s][info][gc,heap        ] GC(1648) PSYoungGen: 159424K(219648K)->62112K(223232K) Eden: 111616K(111616K)->0K(118784K) From: 47808K(108032K)->62112K(104448K)
[499.069s][info][gc,heap        ] GC(1648) ParOldGen: 580086K(667648K)->580086K(667648K)
[499.069s][info][gc,metaspace   ] GC(1648) Metaspace: 18938K(19136K)->18938K(19136K) NonClass: 16273K(16384K)->16273K(16384K) Class: 2665K(2752K)->2665K(2752K)
[499.069s][info][gc             ] GC(1648) Pause Young (Allocation Failure) 722M->627M(870M) 64.737ms
[499.069s][info][gc,cpu         ] GC(1648) User=0.13s Sys=0.00s Real=0.06s
[499.158s][info][gc,start       ] GC(1649) Pause Young (Allocation Failure)
[499.234s][info][gc,heap        ] GC(1649) PSYoungGen: 180896K(223232K)->64384K(225280K) Eden: 118784K(118784K)->0K(118784K) From: 62112K(104448K)->64384K(106496K)
[499.234s][info][gc,heap        ] GC(1649) ParOldGen: 580086K(667648K)->588814K(667648K)
[499.234s][info][gc,metaspace   ] GC(1649) Metaspace: 18938K(19136K)->18938K(19136K) NonClass: 16273K(16384K)->16273K(16384K) Class: 2665K(2752K)->2665K(2752K)
[499.234s][info][gc             ] GC(1649) Pause Young (Allocation Failure) 743M->637M(872M) 76.073ms
[499.234s][info][gc,cpu         ] GC(1649) User=0.15s Sys=0.00s Real=0.08s
[499.331s][info][gc,start       ] GC(1650) Pause Young (Allocation Failure)
[499.413s][info][gc,heap        ] GC(1650) PSYoungGen: 183168K(225280K)->42336K(216576K) Eden: 118784K(118784K)->0K(119296K) From: 64384K(106496K)->42336K(97280K)
[499.413s][info][gc,heap        ] GC(1650) ParOldGen: 588814K(667648K)->627990K(667648K)
[499.413s][info][gc,metaspace   ] GC(1650) Metaspace: 18938K(19136K)->18938K(19136K) NonClass: 16273K(16384K)->16273K(16384K) Class: 2665K(2752K)->2665K(2752K)
[499.413s][info][gc             ] GC(1650) Pause Young (Allocation Failure) 753M->654M(863M) 81.957ms
[499.413s][info][gc,cpu         ] GC(1650) User=0.17s Sys=0.00s Real=0.08s
[499.505s][info][gc,start       ] GC(1651) Pause Full (Allocation Failure)
[499.505s][info][gc,phases,start] GC(1651) Marking Phase
[499.778s][info][gc,phases      ] GC(1651) Marking Phase 273.044ms
[499.778s][info][gc,phases,start] GC(1651) Summary Phase
[499.778s][info][gc,phases      ] GC(1651) Summary Phase 0.047ms
[499.778s][info][gc,phases,start] GC(1651) Forward
[499.869s][info][gc,phases      ] GC(1651) Forward 90.147ms
[499.869s][info][gc,phases,start] GC(1651) Adjust Pointers
[500.086s][info][gc,phases      ] GC(1651) Adjust Pointers 217.762ms
[500.086s][info][gc,phases,start] GC(1651) Compaction Phase
[500.208s][info][gc,phases      ] GC(1651) Compaction Phase 121.203ms
[500.218s][info][gc,phases,start] GC(1651) Post Compact
[500.220s][info][gc,phases      ] GC(1651) Post Compact 2.342ms
[500.220s][info][gc,heap        ] GC(1651) PSYoungGen: 161632K(216576K)->0K(221184K) Eden: 119296K(119296K)->0K(119296K) From: 42336K(97280K)->0K(101888K)
[500.220s][info][gc,heap        ] GC(1651) ParOldGen: 627990K(667648K)->392648K(667648K)
[500.220s][info][gc,metaspace   ] GC(1651) Metaspace: 18938K(19136K)->18938K(19136K) NonClass: 16273K(16384K)->16273K(16384K) Class: 2665K(2752K)->2665K(2752K)
[500.220s][info][gc             ] GC(1651) Pause Full (Allocation Failure) 771M->383M(868M) 715.219ms
[500.220s][info][gc,cpu         ] GC(1651) User=1.36s Sys=0.00s Real=0.72s
[500.286s][info][gc,start       ] GC(1652) Pause Young (Allocation Failure)
[500.299s][info][gc,heap        ] GC(1652) PSYoungGen: 119296K(221184K)->10080K(230912K) Eden: 119296K(119296K)->0K(129024K) From: 0K(101888K)->10080K(101888K)
[500.299s][info][gc,heap        ] GC(1652) ParOldGen: 392648K(667648K)->392648K(667648K)
[500.299s][info][gc,metaspace   ] GC(1652) Metaspace: 18938K(19136K)->18938K(19136K) NonClass: 16273K(16384K)->16273K(16384K) Class: 2665K(2752K)->2665K(2752K)
[500.299s][info][gc             ] GC(1652) Pause Young (Allocation Failure) 499M->393M(877M) 12.959ms
[500.299s][info][gc,cpu         ] GC(1652) User=0.02s Sys=0.00s Real=0.01s
[500.409s][info][gc,start       ] GC(1653) Pause Young (Allocation Failure)
[500.426s][info][gc,heap        ] GC(1653) PSYoungGen: 139104K(230912K)->2880K(231424K) Eden: 129024K(129024K)->0K(129024K) From: 10080K(101888K)->2880K(102400K)
[500.426s][info][gc,heap        ] GC(1653) ParOldGen: 392648K(667648K)->402732K(667648K)
[500.426s][info][gc,metaspace   ] GC(1653) Metaspace: 18938K(19136K)->18938K(19136K) NonClass: 16273K(16384K)->16273K(16384K) Class: 2665K(2752K)->2665K(2752K)
[500.426s][info][gc             ] GC(1653) Pause Young (Allocation Failure) 519M->396M(878M) 17.009ms
[500.426s][info][gc,cpu         ] GC(1653) User=0.03s Sys=0.00s Real=0.02s
[500.593s][info][gc,start       ] GC(1654) Pause Young (Allocation Failure)
[500.607s][info][gc,heap        ] GC(1654) PSYoungGen: 131904K(231424K)->1280K(230400K) Eden: 129024K(129024K)->0K(129024K) From: 2880K(102400K)->1280K(101376K)
[500.607s][info][gc,heap        ] GC(1654) ParOldGen: 402732K(667648K)->405564K(667648K)
[500.607s][info][gc,metaspace   ] GC(1654) Metaspace: 18938K(19136K)->18938K(19136K) NonClass: 16273K(16384K)->16273K(16384K) Class: 2665K(2752K)->2665K(2752K)
[500.607s][info][gc             ] GC(1654) Pause Young (Allocation Failure) 522M->397M(877M) 13.141ms
[500.607s][info][gc,cpu         ] GC(1654) User=0.02s Sys=0.00s Real=0.01s
[500.751s][info][gc,start       ] GC(1655) Pause Young (Allocation Failure)
[500.764s][info][gc,heap        ] GC(1655) PSYoungGen: 130304K(230400K)->4704K(230912K) Eden: 129024K(129024K)->0K(129024K) From: 1280K(101376K)->4704K(101888K)
[500.764s][info][gc,heap        ] GC(1655) ParOldGen: 405564K(667648K)->405564K(667648K)
[500.764s][info][gc,metaspace   ] GC(1655) Metaspace: 18938K(19136K)->18938K(19136K) NonClass: 16273K(16384K)->16273K(16384K) Class: 2665K(2752K)->2665K(2752K)
[500.764s][info][gc             ] GC(1655) Pause Young (Allocation Failure) 523M->400M(877M) 12.883ms
[500.764s][info][gc,cpu         ] GC(1655) User=0.03s Sys=0.00s Real=0.01s
[500.888s][info][gc,start       ] GC(1656) Pause Young (Allocation Failure)
[500.896s][info][gc,heap        ] GC(1656) PSYoungGen: 133728K(230912K)->4704K(227840K) Eden: 129024K(129024K)->0K(131584K) From: 4704K(101888K)->4704K(96256K)
[500.896s][info][gc,heap        ] GC(1656) ParOldGen: 405564K(667648K)->405564K(667648K)
[500.896s][info][gc,metaspace   ] GC(1656) Metaspace: 18939K(19136K)->18939K(19136K) NonClass: 16274K(16384K)->16274K(16384K) Class: 2665K(2752K)->2665K(2752K)
[500.896s][info][gc             ] GC(1656) Pause Young (Allocation Failure) 526M->400M(874M) 7.272ms
[500.896s][info][gc,cpu         ] GC(1656) User=0.02s Sys=0.00s Real=0.01s
[501.098s][info][gc,start       ] GC(1657) Pause Young (Allocation Failure)
[501.106s][info][gc,heap        ] GC(1657) PSYoungGen: 136288K(227840K)->4736K(229376K) Eden: 131584K(131584K)->0K(131584K) From: 4704K(96256K)->4736K(97792K)
[501.106s][info][gc,heap        ] GC(1657) ParOldGen: 405564K(667648K)->405564K(667648K)
[501.106s][info][gc,metaspace   ] GC(1657) Metaspace: 18940K(19136K)->18940K(19136K) NonClass: 16275K(16384K)->16275K(16384K) Class: 2665K(2752K)->2665K(2752K)
[501.106s][info][gc             ] GC(1657) Pause Young (Allocation Failure) 529M->400M(876M) 8.026ms
[501.106s][info][gc,cpu         ] GC(1657) User=0.01s Sys=0.00s Real=0.01s
[501.371s][info][gc,start       ] GC(1658) Pause Young (Allocation Failure)
[501.403s][info][gc,heap        ] GC(1658) PSYoungGen: 136320K(229376K)->27760K(224256K) Eden: 131584K(131584K)->0K(140800K) From: 4736K(97792K)->27760K(83456K)
[501.403s][info][gc,heap        ] GC(1658) ParOldGen: 405564K(667648K)->405564K(667648K)
[501.403s][info][gc,metaspace   ] GC(1658) Metaspace: 18940K(19136K)->18940K(19136K) NonClass: 16275K(16384K)->16275K(16384K) Class: 2665K(2752K)->2665K(2752K)
[501.403s][info][gc             ] GC(1658) Pause Young (Allocation Failure) 529M->423M(871M) 32.055ms
[501.403s][info][gc,cpu         ] GC(1658) User=0.06s Sys=0.00s Real=0.03s
[501.576s][info][gc,start       ] GC(1659) Pause Young (Allocation Failure)
[501.645s][info][gc,heap        ] GC(1659) PSYoungGen: 168560K(224256K)->73696K(229376K) Eden: 140800K(140800K)->0K(140800K) From: 27760K(83456K)->73696K(88576K)
[501.645s][info][gc,heap        ] GC(1659) ParOldGen: 405564K(667648K)->405564K(667648K)
[501.645s][info][gc,metaspace   ] GC(1659) Metaspace: 18942K(19136K)->18942K(19136K) NonClass: 16276K(16384K)->16276K(16384K) Class: 2665K(2752K)->2665K(2752K)
[501.645s][info][gc             ] GC(1659) Pause Young (Allocation Failure) 560M->468M(876M) 69.229ms
[501.646s][info][gc,cpu         ] GC(1659) User=0.14s Sys=0.00s Real=0.07s
[501.739s][info][gc,start       ] GC(1660) Pause Young (Allocation Failure)
[501.832s][info][gc,heap        ] GC(1660) PSYoungGen: 214496K(229376K)->99808K(211456K) Eden: 140800K(140800K)->0K(111616K) From: 73696K(88576K)->99808K(99840K)
[501.832s][info][gc,heap        ] GC(1660) ParOldGen: 405564K(667648K)->412548K(667648K)
[501.832s][info][gc,metaspace   ] GC(1660) Metaspace: 18942K(19136K)->18942K(19136K) NonClass: 16277K(16384K)->16277K(16384K) Class: 2665K(2752K)->2665K(2752K)
[501.832s][info][gc             ] GC(1660) Pause Young (Allocation Failure) 605M->500M(858M) 92.222ms
[501.832s][info][gc,cpu         ] GC(1660) User=0.17s Sys=0.01s Real=0.10s
[501.964s][info][gc,start       ] GC(1661) Pause Young (Allocation Failure)
[502.043s][info][gc,heap        ] GC(1661) PSYoungGen: 211424K(211456K)->95592K(222720K) Eden: 111616K(111616K)->0K(111616K) From: 99808K(99840K)->95592K(111104K)
[502.043s][info][gc,heap        ] GC(1661) ParOldGen: 412548K(667648K)->417226K(667648K)
[502.043s][info][gc,metaspace   ] GC(1661) Metaspace: 18942K(19136K)->18942K(19136K) NonClass: 16277K(16384K)->16277K(16384K) Class: 2665K(2752K)->2665K(2752K)
[502.043s][info][gc             ] GC(1661) Pause Young (Allocation Failure) 609M->500M(869M) 78.676ms
[502.043s][info][gc,cpu         ] GC(1661) User=0.16s Sys=0.00s Real=0.08s
[502.184s][info][gc,start       ] GC(1662) Pause Young (Allocation Failure)
[502.257s][info][gc,heap        ] GC(1662) PSYoungGen: 207208K(222720K)->95696K(222720K) Eden: 111616K(111616K)->0K(111616K) From: 95592K(111104K)->95696K(111104K)
[502.257s][info][gc,heap        ] GC(1662) ParOldGen: 417226K(667648K)->417274K(667648K)
[502.257s][info][gc,metaspace   ] GC(1662) Metaspace: 18942K(19136K)->18942K(19136K) NonClass: 16277K(16384K)->16277K(16384K) Class: 2665K(2752K)->2665K(2752K)
[502.257s][info][gc             ] GC(1662) Pause Young (Allocation Failure) 609M->500M(869M) 72.649ms
[502.257s][info][gc,cpu         ] GC(1662) User=0.14s Sys=0.00s Real=0.07s
[502.444s][info][gc,start       ] GC(1663) Pause Young (Allocation Failure)
[502.520s][info][gc,heap        ] GC(1663) PSYoungGen: 207312K(222720K)->33856K(222720K) Eden: 111616K(111616K)->0K(111616K) From: 95696K(111104K)->33856K(111104K)
[502.520s][info][gc,heap        ] GC(1663) ParOldGen: 417274K(667648K)->479878K(667648K)
[502.520s][info][gc,metaspace   ] GC(1663) Metaspace: 18942K(19136K)->18942K(19136K) NonClass: 16277K(16384K)->16277K(16384K) Class: 2665K(2752K)->2665K(2752K)
[502.520s][info][gc             ] GC(1663) Pause Young (Allocation Failure) 609M->501M(869M) 76.010ms
[502.520s][info][gc,cpu         ] GC(1663) User=0.15s Sys=0.00s Real=0.07s
[502.733s][info][gc,start       ] GC(1664) Pause Young (Allocation Failure)
[502.765s][info][gc,heap        ] GC(1664) PSYoungGen: 145472K(222720K)->832K(222720K) Eden: 111616K(111616K)->0K(111616K) From: 33856K(111104K)->832K(111104K)
[502.765s][info][gc,heap        ] GC(1664) ParOldGen: 479878K(667648K)->513478K(667648K)
[502.765s][info][gc,metaspace   ] GC(1664) Metaspace: 18942K(19136K)->18942K(19136K) NonClass: 16277K(16384K)->16277K(16384K) Class: 2665K(2752K)->2665K(2752K)
[502.765s][info][gc             ] GC(1664) Pause Young (Allocation Failure) 610M->502M(869M) 31.643ms
[502.765s][info][gc,cpu         ] GC(1664) User=0.06s Sys=0.00s Real=0.03s
[502.900s][info][gc,start       ] GC(1665) Pause Young (Allocation Failure)
[502.906s][info][gc,heap        ] GC(1665) PSYoungGen: 112448K(222720K)->1600K(222720K) Eden: 111616K(111616K)->0K(111616K) From: 832K(111104K)->1600K(111104K)
[502.906s][info][gc,heap        ] GC(1665) ParOldGen: 513478K(667648K)->513934K(667648K)
[502.906s][info][gc,metaspace   ] GC(1665) Metaspace: 18943K(19136K)->18943K(19136K) NonClass: 16278K(16384K)->16278K(16384K) Class: 2665K(2752K)->2665K(2752K)
[502.906s][info][gc             ] GC(1665) Pause Young (Allocation Failure) 611M->503M(869M) 6.603ms
[502.906s][info][gc,cpu         ] GC(1665) User=0.01s Sys=0.00s Real=0.01s
[503.004s][info][gc,start       ] GC(1666) Pause Young (Allocation Failure)
[503.011s][info][gc,heap        ] GC(1666) PSYoungGen: 113216K(222720K)->768K(222720K) Eden: 111616K(111616K)->0K(111616K) From: 1600K(111104K)->768K(111104K)
[503.011s][info][gc,heap        ] GC(1666) ParOldGen: 513934K(667648K)->515494K(667648K)
[503.011s][info][gc,metaspace   ] GC(1666) Metaspace: 18944K(19136K)->18944K(19136K) NonClass: 16279K(16384K)->16279K(16384K) Class: 2665K(2752K)->2665K(2752K)
[503.011s][info][gc             ] GC(1666) Pause Young (Allocation Failure) 612M->504M(869M) 6.918ms
[503.011s][info][gc,cpu         ] GC(1666) User=0.02s Sys=0.00s Real=0.01s
[503.187s][info][gc,start       ] GC(1667) Pause Young (Allocation Failure)
[503.202s][info][gc,heap        ] GC(1667) PSYoungGen: 112384K(222720K)->1257K(222720K) Eden: 111616K(111616K)->0K(111616K) From: 768K(111104K)->1257K(111104K)
[503.202s][info][gc,heap        ] GC(1667) ParOldGen: 515494K(667648K)->516206K(667648K)
[503.202s][info][gc,metaspace   ] GC(1667) Metaspace: 18944K(19136K)->18944K(19136K) NonClass: 16279K(16384K)->16279K(16384K) Class: 2665K(2752K)->2665K(2752K)
[503.202s][info][gc             ] GC(1667) Pause Young (Allocation Failure) 613M->505M(869M) 14.672ms
[503.202s][info][gc,cpu         ] GC(1667) User=0.02s Sys=0.00s Real=0.02s
[503.453s][info][gc,start       ] GC(1668) Pause Young (Allocation Failure)
[503.496s][info][gc,heap        ] GC(1668) PSYoungGen: 112873K(222720K)->22881K(222720K) Eden: 111616K(111616K)->0K(111616K) From: 1257K(111104K)->22881K(111104K)
[503.496s][info][gc,heap        ] GC(1668) ParOldGen: 516206K(667648K)->517423K(667648K)
[503.496s][info][gc,metaspace   ] GC(1668) Metaspace: 18944K(19136K)->18944K(19136K) NonClass: 16279K(16384K)->16279K(16384K) Class: 2665K(2752K)->2665K(2752K)
[503.496s][info][gc             ] GC(1668) Pause Young (Allocation Failure) 614M->527M(869M) 43.117ms
[503.496s][info][gc,cpu         ] GC(1668) User=0.09s Sys=0.00s Real=0.04s
[503.641s][info][gc,start       ] GC(1669) Pause Young (Allocation Failure)
[503.689s][info][gc,heap        ] GC(1669) PSYoungGen: 134497K(222720K)->15776K(222720K) Eden: 111616K(111616K)->0K(111616K) From: 22881K(111104K)->15776K(111104K)
[503.689s][info][gc,heap        ] GC(1669) ParOldGen: 517423K(667648K)->540324K(667648K)
[503.689s][info][gc,metaspace   ] GC(1669) Metaspace: 18944K(19136K)->18944K(19136K) NonClass: 16279K(16384K)->16279K(16384K) Class: 2665K(2752K)->2665K(2752K)
[503.689s][info][gc             ] GC(1669) Pause Young (Allocation Failure) 636M->543M(869M) 47.975ms
[503.689s][info][gc,cpu         ] GC(1669) User=0.10s Sys=0.00s Real=0.04s
[503.831s][info][gc,start       ] GC(1670) Pause Young (Allocation Failure)
[503.863s][info][gc,heap        ] GC(1670) PSYoungGen: 127392K(222720K)->11136K(215552K) Eden: 111616K(111616K)->0K(111616K) From: 15776K(111104K)->11136K(103936K)
[503.863s][info][gc,heap        ] GC(1670) ParOldGen: 540324K(667648K)->556116K(667648K)
[503.863s][info][gc,metaspace   ] GC(1670) Metaspace: 18944K(19136K)->18944K(19136K) NonClass: 16279K(16384K)->16279K(16384K) Class: 2665K(2752K)->2665K(2752K)
[503.863s][info][gc             ] GC(1670) Pause Young (Allocation Failure) 652M->553M(862M) 31.459ms
[503.863s][info][gc,cpu         ] GC(1670) User=0.06s Sys=0.00s Real=0.03s
[503.983s][info][gc,start       ] GC(1671) Pause Young (Allocation Failure)
[504.003s][info][gc,heap        ] GC(1671) PSYoungGen: 122752K(215552K)->13408K(219136K) Eden: 111616K(111616K)->0K(111616K) From: 11136K(103936K)->13408K(107520K)
[504.004s][info][gc,heap        ] GC(1671) ParOldGen: 556116K(667648K)->556116K(667648K)
[504.004s][info][gc,metaspace   ] GC(1671) Metaspace: 18945K(19136K)->18945K(19136K) NonClass: 16280K(16384K)->16280K(16384K) Class: 2665K(2752K)->2665K(2752K)
[504.004s][info][gc             ] GC(1671) Pause Young (Allocation Failure) 662M->556M(866M) 20.311ms
[504.004s][info][gc,cpu         ] GC(1671) User=0.04s Sys=0.00s Real=0.02s
[504.175s][info][gc,start       ] GC(1672) Pause Young (Allocation Failure)
[504.200s][info][gc,heap        ] GC(1672) PSYoungGen: 125024K(219136K)->16320K(210944K) Eden: 111616K(111616K)->0K(120832K) From: 13408K(107520K)->16320K(90112K)
[504.200s][info][gc,heap        ] GC(1672) ParOldGen: 556116K(667648K)->556116K(667648K)
[504.200s][info][gc,metaspace   ] GC(1672) Metaspace: 18947K(19136K)->18947K(19136K) NonClass: 16282K(16384K)->16282K(16384K) Class: 2665K(2752K)->2665K(2752K)
[504.200s][info][gc             ] GC(1672) Pause Young (Allocation Failure) 665M->559M(858M) 24.734ms
[504.200s][info][gc,cpu         ] GC(1672) User=0.05s Sys=0.00s Real=0.02s
[504.306s][info][gc,start       ] GC(1673) Pause Young (Allocation Failure)
[504.326s][info][gc,heap        ] GC(1673) PSYoungGen: 137152K(210944K)->16384K(217088K) Eden: 120832K(120832K)->0K(120832K) From: 16320K(90112K)->16384K(96256K)
[504.326s][info][gc,heap        ] GC(1673) ParOldGen: 556116K(667648K)->556116K(667648K)
[504.326s][info][gc,metaspace   ] GC(1673) Metaspace: 18947K(19136K)->18947K(19136K) NonClass: 16282K(16384K)->16282K(16384K) Class: 2665K(2752K)->2665K(2752K)
[504.326s][info][gc             ] GC(1673) Pause Young (Allocation Failure) 677M->559M(864M) 20.005ms
[504.326s][info][gc,cpu         ] GC(1673) User=0.04s Sys=0.00s Real=0.02s
[504.402s][info][gc,start       ] GC(1674) Pause Young (Allocation Failure)
[504.425s][info][gc,heap        ] GC(1674) PSYoungGen: 137216K(217088K)->16416K(212480K) Eden: 120832K(120832K)->0K(131584K) From: 16384K(96256K)->16416K(80896K)
[504.425s][info][gc,heap        ] GC(1674) ParOldGen: 556116K(667648K)->556116K(667648K)
[504.425s][info][gc,metaspace   ] GC(1674) Metaspace: 18947K(19136K)->18947K(19136K) NonClass: 16282K(16384K)->16282K(16384K) Class: 2665K(2752K)->2665K(2752K)
[504.425s][info][gc             ] GC(1674) Pause Young (Allocation Failure) 677M->559M(859M) 23.250ms
[504.425s][info][gc,cpu         ] GC(1674) User=0.04s Sys=0.00s Real=0.02s
[504.621s][info][gc,start       ] GC(1675) Pause Young (Allocation Failure)
[504.646s][info][gc,heap        ] GC(1675) PSYoungGen: 148000K(212480K)->21840K(217088K) Eden: 131584K(131584K)->0K(131584K) From: 16416K(80896K)->21840K(85504K)
[504.646s][info][gc,heap        ] GC(1675) ParOldGen: 556116K(667648K)->556116K(667648K)
[504.646s][info][gc,metaspace   ] GC(1675) Metaspace: 18947K(19136K)->18947K(19136K) NonClass: 16282K(16384K)->16282K(16384K) Class: 2665K(2752K)->2665K(2752K)
[504.646s][info][gc             ] GC(1675) Pause Young (Allocation Failure) 687M->564M(864M) 24.330ms
[504.646s][info][gc,cpu         ] GC(1675) User=0.05s Sys=0.00s Real=0.02s
[504.807s][info][gc,start       ] GC(1676) Pause Young (Allocation Failure)
[504.836s][info][gc,heap        ] GC(1676) PSYoungGen: 153424K(217088K)->23920K(210944K) Eden: 131584K(131584K)->0K(142336K) From: 21840K(85504K)->23920K(68608K)
[504.836s][info][gc,heap        ] GC(1676) ParOldGen: 556116K(667648K)->556116K(667648K)
[504.836s][info][gc,metaspace   ] GC(1676) Metaspace: 18947K(19136K)->18947K(19136K) NonClass: 16282K(16384K)->16282K(16384K) Class: 2665K(2752K)->2665K(2752K)
[504.836s][info][gc             ] GC(1676) Pause Young (Allocation Failure) 692M->566M(858M) 28.619ms
[504.836s][info][gc,cpu         ] GC(1676) User=0.06s Sys=0.00s Real=0.03s
[505.299s][info][gc,start       ] GC(1677) Pause Young (Allocation Failure)
[505.326s][info][gc,heap        ] GC(1677) PSYoungGen: 166256K(210944K)->24256K(216576K) Eden: 142336K(142336K)->0K(142336K) From: 23920K(68608K)->24256K(74240K)
[505.326s][info][gc,heap        ] GC(1677) ParOldGen: 556116K(667648K)->556116K(667648K)
[505.326s][info][gc,metaspace   ] GC(1677) Metaspace: 18949K(19136K)->18949K(19136K) NonClass: 16284K(16384K)->16284K(16384K) Class: 2665K(2752K)->2665K(2752K)
[505.326s][info][gc             ] GC(1677) Pause Young (Allocation Failure) 705M->566M(863M) 26.558ms
[505.326s][info][gc,cpu         ] GC(1677) User=0.05s Sys=0.00s Real=0.03s
[505.506s][info][gc,start       ] GC(1678) Pause Young (Allocation Failure)
[505.552s][info][gc,heap        ] GC(1678) PSYoungGen: 166592K(216576K)->45368K(218624K) Eden: 142336K(142336K)->0K(149504K) From: 24256K(74240K)->45368K(69120K)
[505.552s][info][gc,heap        ] GC(1678) ParOldGen: 556116K(667648K)->556116K(667648K)
[505.552s][info][gc,metaspace   ] GC(1678) Metaspace: 18949K(19136K)->18949K(19136K) NonClass: 16284K(16384K)->16284K(16384K) Class: 2665K(2752K)->2665K(2752K)
[505.552s][info][gc             ] GC(1678) Pause Young (Allocation Failure) 705M->587M(865M) 46.572ms
[505.552s][info][gc,cpu         ] GC(1678) User=0.09s Sys=0.00s Real=0.05s
[505.836s][info][gc,start       ] GC(1679) Pause Young (Allocation Failure)
[505.892s][info][gc,heap        ] GC(1679) PSYoungGen: 194872K(218624K)->45400K(222208K) Eden: 149504K(149504K)->0K(149504K) From: 45368K(69120K)->45400K(72704K)
[505.892s][info][gc,heap        ] GC(1679) ParOldGen: 556116K(667648K)->556116K(667648K)
[505.892s][info][gc,metaspace   ] GC(1679) Metaspace: 18949K(19136K)->18949K(19136K) NonClass: 16284K(16384K)->16284K(16384K) Class: 2665K(2752K)->2665K(2752K)
[505.892s][info][gc             ] GC(1679) Pause Young (Allocation Failure) 733M->587M(869M) 55.685ms
[505.892s][info][gc,cpu         ] GC(1679) User=0.12s Sys=0.00s Real=0.06s
[507.022s][info][gc,start       ] GC(1680) Pause Young (Allocation Failure)
[507.070s][info][gc,heap        ] GC(1680) PSYoungGen: 194904K(222208K)->45796K(235008K) Eden: 149504K(149504K)->0K(159744K) From: 45400K(72704K)->45796K(75264K)
[507.070s][info][gc,heap        ] GC(1680) ParOldGen: 556116K(667648K)->556116K(667648K)
[507.070s][info][gc,metaspace   ] GC(1680) Metaspace: 18949K(19136K)->18949K(19136K) NonClass: 16284K(16384K)->16284K(16384K) Class: 2665K(2752K)->2665K(2752K)
[507.070s][info][gc             ] GC(1680) Pause Young (Allocation Failure) 733M->587M(881M) 48.279ms
[507.070s][info][gc,cpu         ] GC(1680) User=0.10s Sys=0.00s Real=0.05s
[507.920s][info][gc,start       ] GC(1681) Pause Young (Allocation Failure)
[507.972s][info][gc,heap        ] GC(1681) PSYoungGen: 205540K(235008K)->46292K(237056K) Eden: 159744K(159744K)->0K(159744K) From: 45796K(75264K)->46292K(77312K)
[507.972s][info][gc,heap        ] GC(1681) ParOldGen: 556116K(667648K)->556116K(667648K)
[507.972s][info][gc,metaspace   ] GC(1681) Metaspace: 18951K(19136K)->18951K(19136K) NonClass: 16286K(16384K)->16286K(16384K) Class: 2665K(2752K)->2665K(2752K)
[507.972s][info][gc             ] GC(1681) Pause Young (Allocation Failure) 743M->588M(883M) 52.977ms
[507.972s][info][gc,cpu         ] GC(1681) User=0.10s Sys=0.00s Real=0.06s
[508.757s][info][gc,start       ] GC(1682) Pause Young (Allocation Failure)
[508.810s][info][gc,heap        ] GC(1682) PSYoungGen: 206026K(237056K)->47696K(247808K) Eden: 159733K(159744K)->0K(168960K) From: 46292K(77312K)->47696K(78848K)
[508.810s][info][gc,heap        ] GC(1682) ParOldGen: 556116K(667648K)->556116K(667648K)
[508.810s][info][gc,metaspace   ] GC(1682) Metaspace: 18956K(19136K)->18956K(19136K) NonClass: 16291K(16384K)->16291K(16384K) Class: 2665K(2752K)->2665K(2752K)
[508.810s][info][gc             ] GC(1682) Pause Young (Allocation Failure) 744M->589M(894M) 52.922ms
[508.810s][info][gc,cpu         ] GC(1682) User=0.10s Sys=0.00s Real=0.05s
[509.218s][info][gc,start       ] GC(1683) Pause Young (Allocation Failure)
[509.268s][info][gc,heap        ] GC(1683) PSYoungGen: 216656K(247808K)->48471K(249344K) Eden: 168960K(168960K)->0K(168960K) From: 47696K(78848K)->48471K(80384K)
[509.268s][info][gc,heap        ] GC(1683) ParOldGen: 556116K(667648K)->556116K(667648K)
[509.268s][info][gc,metaspace   ] GC(1683) Metaspace: 18957K(19136K)->18957K(19136K) NonClass: 16292K(16384K)->16292K(16384K) Class: 2665K(2752K)->2665K(2752K)
[509.268s][info][gc             ] GC(1683) Pause Young (Allocation Failure) 754M->590M(895M) 50.329ms
[509.268s][info][gc,cpu         ] GC(1683) User=0.09s Sys=0.00s Real=0.05s
[509.550s][info][gc,start       ] GC(1684) Pause Young (Allocation Failure)
[509.633s][info][gc,heap        ] GC(1684) PSYoungGen: 217431K(249344K)->73709K(232960K) Eden: 168960K(168960K)->0K(151552K) From: 48471K(80384K)->73709K(81408K)
[509.633s][info][gc,heap        ] GC(1684) ParOldGen: 556116K(667648K)->556116K(667648K)
[509.633s][info][gc,metaspace   ] GC(1684) Metaspace: 18960K(19136K)->18960K(19136K) NonClass: 16295K(16384K)->16295K(16384K) Class: 2665K(2752K)->2665K(2752K)
[509.633s][info][gc             ] GC(1684) Pause Young (Allocation Failure) 755M->615M(879M) 83.147ms
[509.633s][info][gc,cpu         ] GC(1684) User=0.14s Sys=0.02s Real=0.09s
[509.767s][info][gc,start       ] GC(1685) Pause Young (Allocation Failure)
[509.883s][info][gc,heap        ] GC(1685) PSYoungGen: 225261K(232960K)->91108K(242688K) Eden: 151552K(151552K)->0K(151552K) From: 73709K(81408K)->91108K(91136K)
[509.883s][info][gc,heap        ] GC(1685) ParOldGen: 556116K(667648K)->597692K(667648K)
[509.883s][info][gc,metaspace   ] GC(1685) Metaspace: 18960K(19136K)->18960K(19136K) NonClass: 16295K(16384K)->16295K(16384K) Class: 2665K(2752K)->2665K(2752K)
[509.883s][info][gc             ] GC(1685) Pause Young (Allocation Failure) 763M->672M(889M) 115.980ms
[509.883s][info][gc,cpu         ] GC(1685) User=0.23s Sys=0.00s Real=0.12s
[510.050s][info][gc,start       ] GC(1686) Pause Young (Allocation Failure)
[510.177s][info][gc,heap        ] GC(1686) PSYoungGen: 242660K(242688K)->91133K(202752K) Eden: 151552K(151552K)->0K(111616K) From: 91108K(91136K)->91133K(91136K)
[510.177s][info][gc,heap        ] GC(1686) ParOldGen: 597692K(667648K)->643028K(667648K)
[510.177s][info][gc,metaspace   ] GC(1686) Metaspace: 18960K(19136K)->18960K(19136K) NonClass: 16295K(16384K)->16295K(16384K) Class: 2665K(2752K)->2665K(2752K)
[510.177s][info][gc             ] GC(1686) Pause Young (Allocation Failure) 820M->716M(850M) 127.244ms
[510.177s][info][gc,cpu         ] GC(1686) User=0.25s Sys=0.01s Real=0.13s
[510.330s][info][gc,start       ] GC(1687) Pause Full (Allocation Failure)
[510.330s][info][gc,phases,start] GC(1687) Marking Phase
[510.461s][info][gc,phases      ] GC(1687) Marking Phase 131.087ms
[510.461s][info][gc,phases,start] GC(1687) Summary Phase
[510.461s][info][gc,phases      ] GC(1687) Summary Phase 0.026ms
[510.461s][info][gc,phases,start] GC(1687) Forward
[510.514s][info][gc,phases      ] GC(1687) Forward 52.627ms
[510.514s][info][gc,phases,start] GC(1687) Adjust Pointers
[510.604s][info][gc,phases      ] GC(1687) Adjust Pointers 89.944ms
[510.604s][info][gc,phases,start] GC(1687) Compaction Phase
[510.662s][info][gc,phases      ] GC(1687) Compaction Phase 58.194ms
[510.664s][info][gc,phases,start] GC(1687) Post Compact
[510.667s][info][gc,phases      ] GC(1687) Post Compact 2.410ms
[510.678s][info][gc,heap        ] GC(1687) PSYoungGen: 202749K(202752K)->0K(222720K) Eden: 111616K(111616K)->0K(111616K) From: 91133K(91136K)->0K(111104K)
[510.678s][info][gc,heap        ] GC(1687) ParOldGen: 643028K(667648K)->213411K(518144K)
[510.678s][info][gc,metaspace   ] GC(1687) Metaspace: 18960K(19136K)->18960K(19136K) NonClass: 16295K(16384K)->16295K(16384K) Class: 2665K(2752K)->2665K(2752K)
[510.678s][info][gc             ] GC(1687) Pause Full (Allocation Failure) 825M->208M(723M) 347.830ms
[510.678s][info][gc,cpu         ] GC(1687) User=0.61s Sys=0.01s Real=0.34s
[510.800s][info][gc,start       ] GC(1688) Pause Young (Allocation Failure)
[510.821s][info][gc,heap        ] GC(1688) PSYoungGen: 111616K(222720K)->6859K(222720K) Eden: 111616K(111616K)->0K(111616K) From: 0K(111104K)->6859K(111104K)
[510.821s][info][gc,heap        ] GC(1688) ParOldGen: 213411K(518144K)->213411K(518144K)
[510.821s][info][gc,metaspace   ] GC(1688) Metaspace: 18964K(19136K)->18964K(19136K) NonClass: 16298K(16384K)->16298K(16384K) Class: 2665K(2752K)->2665K(2752K)
[510.821s][info][gc             ] GC(1688) Pause Young (Allocation Failure) 317M->215M(723M) 21.449ms
[510.821s][info][gc,cpu         ] GC(1688) User=0.04s Sys=0.00s Real=0.03s
[510.989s][info][gc,start       ] GC(1689) Pause Young (Allocation Failure)
[511.038s][info][gc,heap        ] GC(1689) PSYoungGen: 118475K(222720K)->31186K(222720K) Eden: 111616K(111616K)->0K(111616K) From: 6859K(111104K)->31186K(111104K)
[511.038s][info][gc,heap        ] GC(1689) ParOldGen: 213411K(518144K)->213411K(518144K)
[511.038s][info][gc,metaspace   ] GC(1689) Metaspace: 18964K(19136K)->18964K(19136K) NonClass: 16298K(16384K)->16298K(16384K) Class: 2665K(2752K)->2665K(2752K)
[511.038s][info][gc             ] GC(1689) Pause Young (Allocation Failure) 324M->238M(723M) 49.233ms
[511.038s][info][gc,cpu         ] GC(1689) User=0.10s Sys=0.00s Real=0.05s
[511.140s][info][gc,start       ] GC(1690) Pause Young (Allocation Failure)
[511.196s][info][gc,heap        ] GC(1690) PSYoungGen: 142802K(222720K)->39707K(222720K) Eden: 111616K(111616K)->0K(111616K) From: 31186K(111104K)->39707K(111104K)
[511.196s][info][gc,heap        ] GC(1690) ParOldGen: 213411K(518144K)->213411K(518144K)
[511.196s][info][gc,metaspace   ] GC(1690) Metaspace: 18964K(19136K)->18964K(19136K) NonClass: 16298K(16384K)->16298K(16384K) Class: 2665K(2752K)->2665K(2752K)
[511.196s][info][gc             ] GC(1690) Pause Young (Allocation Failure) 347M->247M(723M) 55.612ms
[511.196s][info][gc,cpu         ] GC(1690) User=0.11s Sys=0.00s Real=0.05s
[511.310s][info][gc,start       ] GC(1691) Pause Young (Allocation Failure)
[511.374s][info][gc,heap        ] GC(1691) PSYoungGen: 151323K(222720K)->48530K(222720K) Eden: 111616K(111616K)->0K(111616K) From: 39707K(111104K)->48530K(111104K)
[511.374s][info][gc,heap        ] GC(1691) ParOldGen: 213411K(518144K)->213411K(518144K)
[511.374s][info][gc,metaspace   ] GC(1691) Metaspace: 18964K(19136K)->18964K(19136K) NonClass: 16298K(16384K)->16298K(16384K) Class: 2665K(2752K)->2665K(2752K)
[511.374s][info][gc             ] GC(1691) Pause Young (Allocation Failure) 356M->255M(723M) 64.697ms
[511.374s][info][gc,cpu         ] GC(1691) User=0.13s Sys=0.00s Real=0.07s
[511.496s][info][gc,start       ] GC(1692) Pause Young (Allocation Failure)
[511.561s][info][gc,heap        ] GC(1692) PSYoungGen: 160146K(222720K)->49906K(222720K) Eden: 111616K(111616K)->0K(111616K) From: 48530K(111104K)->49906K(111104K)
[511.561s][info][gc,heap        ] GC(1692) ParOldGen: 213411K(518144K)->213411K(518144K)
[511.561s][info][gc,metaspace   ] GC(1692) Metaspace: 18964K(19136K)->18964K(19136K) NonClass: 16298K(16384K)->16298K(16384K) Class: 2665K(2752K)->2665K(2752K)
[511.561s][info][gc             ] GC(1692) Pause Young (Allocation Failure) 364M->257M(723M) 64.940ms
[511.561s][info][gc,cpu         ] GC(1692) User=0.13s Sys=0.00s Real=0.07s
[511.663s][info][gc,start       ] GC(1693) Pause Young (Allocation Failure)
[511.728s][info][gc,heap        ] GC(1693) PSYoungGen: 161522K(222720K)->49979K(222720K) Eden: 111616K(111616K)->0K(111616K) From: 49906K(111104K)->49979K(111104K)
[511.728s][info][gc,heap        ] GC(1693) ParOldGen: 213411K(518144K)->213411K(518144K)
[511.728s][info][gc,metaspace   ] GC(1693) Metaspace: 18964K(19136K)->18964K(19136K) NonClass: 16298K(16384K)->16298K(16384K) Class: 2665K(2752K)->2665K(2752K)
[511.728s][info][gc             ] GC(1693) Pause Young (Allocation Failure) 366M->257M(723M) 64.953ms
[511.728s][info][gc,cpu         ] GC(1693) User=0.13s Sys=0.00s Real=0.06s
[511.819s][info][gc,start       ] GC(1694) Pause Young (Allocation Failure)
[511.905s][info][gc,heap        ] GC(1694) PSYoungGen: 161595K(222720K)->72210K(222720K) Eden: 111616K(111616K)->0K(111616K) From: 49979K(111104K)->72210K(111104K)
[511.905s][info][gc,heap        ] GC(1694) ParOldGen: 213411K(518144K)->213411K(518144K)
[511.905s][info][gc,metaspace   ] GC(1694) Metaspace: 18964K(19136K)->18964K(19136K) NonClass: 16298K(16384K)->16298K(16384K) Class: 2665K(2752K)->2665K(2752K)
[511.905s][info][gc             ] GC(1694) Pause Young (Allocation Failure) 366M->278M(723M) 85.790ms
[511.905s][info][gc,cpu         ] GC(1694) User=0.17s Sys=0.00s Real=0.09s
[511.961s][info][gc,start       ] GC(1695) Pause Young (Allocation Failure)
[512.067s][info][gc,heap        ] GC(1695) PSYoungGen: 183826K(222720K)->67088K(222720K) Eden: 111616K(111616K)->0K(111616K) From: 72210K(111104K)->67088K(111104K)
[512.067s][info][gc,heap        ] GC(1695) ParOldGen: 213411K(518144K)->244656K(518144K)
[512.067s][info][gc,metaspace   ] GC(1695) Metaspace: 18971K(19136K)->18971K(19136K) NonClass: 16306K(16384K)->16306K(16384K) Class: 2665K(2752K)->2665K(2752K)
[512.067s][info][gc             ] GC(1695) Pause Young (Allocation Failure) 387M->304M(723M) 105.480ms
[512.067s][info][gc,cpu         ] GC(1695) User=0.21s Sys=0.00s Real=0.10s
[512.188s][info][gc,start       ] GC(1696) Pause Young (Allocation Failure)
[512.265s][info][gc,heap        ] GC(1696) PSYoungGen: 178704K(222720K)->68115K(222720K) Eden: 111616K(111616K)->0K(111616K) From: 67088K(111104K)->68115K(111104K)
[512.265s][info][gc,heap        ] GC(1696) ParOldGen: 244656K(518144K)->262026K(518144K)
[512.265s][info][gc,metaspace   ] GC(1696) Metaspace: 18971K(19136K)->18971K(19136K) NonClass: 16306K(16384K)->16306K(16384K) Class: 2665K(2752K)->2665K(2752K)
[512.265s][info][gc             ] GC(1696) Pause Young (Allocation Failure) 413M->322M(723M) 76.731ms
[512.265s][info][gc,cpu         ] GC(1696) User=0.15s Sys=0.00s Real=0.08s
[512.360s][info][gc,start       ] GC(1697) Pause Young (Allocation Failure)
[512.429s][info][gc,heap        ] GC(1697) PSYoungGen: 179731K(222720K)->75827K(222720K) Eden: 111616K(111616K)->0K(111616K) From: 68115K(111104K)->75827K(111104K)
[512.429s][info][gc,heap        ] GC(1697) ParOldGen: 262026K(518144K)->263498K(518144K)
[512.429s][info][gc,metaspace   ] GC(1697) Metaspace: 18971K(19136K)->18971K(19136K) NonClass: 16306K(16384K)->16306K(16384K) Class: 2665K(2752K)->2665K(2752K)
[512.429s][info][gc             ] GC(1697) Pause Young (Allocation Failure) 431M->331M(723M) 68.937ms
[512.429s][info][gc,cpu         ] GC(1697) User=0.13s Sys=0.00s Real=0.06s
[512.490s][info][gc,start       ] GC(1698) Pause Young (Allocation Failure)
[512.560s][info][gc,heap        ] GC(1698) PSYoungGen: 187443K(222720K)->30307K(222720K) Eden: 111616K(111616K)->0K(111616K) From: 75827K(111104K)->30307K(111104K)
[512.560s][info][gc,heap        ] GC(1698) ParOldGen: 263498K(518144K)->312053K(518144K)
[512.560s][info][gc,metaspace   ] GC(1698) Metaspace: 18971K(19136K)->18971K(19136K) NonClass: 16306K(16384K)->16306K(16384K) Class: 2665K(2752K)->2665K(2752K)
[512.560s][info][gc             ] GC(1698) Pause Young (Allocation Failure) 440M->334M(723M) 70.158ms
[512.560s][info][gc,cpu         ] GC(1698) User=0.13s Sys=0.00s Real=0.07s
[512.674s][info][gc,start       ] GC(1699) Pause Young (Allocation Failure)
[512.710s][info][gc,heap        ] GC(1699) PSYoungGen: 141923K(222720K)->4096K(222720K) Eden: 111616K(111616K)->0K(111616K) From: 30307K(111104K)->4096K(111104K)
[512.710s][info][gc,heap        ] GC(1699) ParOldGen: 312053K(518144K)->339712K(518144K)
[512.710s][info][gc,metaspace   ] GC(1699) Metaspace: 18971K(19136K)->18971K(19136K) NonClass: 16306K(16384K)->16306K(16384K) Class: 2665K(2752K)->2665K(2752K)
[512.710s][info][gc             ] GC(1699) Pause Young (Allocation Failure) 443M->335M(723M) 35.329ms
[512.710s][info][gc,cpu         ] GC(1699) User=0.07s Sys=0.00s Real=0.03s
[512.969s][info][gc,start       ] GC(1700) Pause Young (Allocation Failure)
[512.978s][info][gc,heap        ] GC(1700) PSYoungGen: 115712K(222720K)->1696K(222720K) Eden: 111616K(111616K)->0K(111616K) From: 4096K(111104K)->1696K(111104K)
[512.978s][info][gc,heap        ] GC(1700) ParOldGen: 339712K(518144K)->343800K(518144K)
[512.978s][info][gc,metaspace   ] GC(1700) Metaspace: 18971K(19136K)->18971K(19136K) NonClass: 16306K(16384K)->16306K(16384K) Class: 2665K(2752K)->2665K(2752K)
[512.978s][info][gc             ] GC(1700) Pause Young (Allocation Failure) 444M->337M(723M) 8.494ms
[512.978s][info][gc,cpu         ] GC(1700) User=0.02s Sys=0.00s Real=0.01s
[513.206s][info][gc,start       ] GC(1701) Pause Young (Allocation Failure)
[513.217s][info][gc,heap        ] GC(1701) PSYoungGen: 113312K(222720K)->6624K(222720K) Eden: 111616K(111616K)->0K(111616K) From: 1696K(111104K)->6624K(111104K)
[513.217s][info][gc,heap        ] GC(1701) ParOldGen: 343800K(518144K)->345461K(518144K)
[513.217s][info][gc,metaspace   ] GC(1701) Metaspace: 18972K(19136K)->18972K(19136K) NonClass: 16307K(16384K)->16307K(16384K) Class: 2665K(2752K)->2665K(2752K)
[513.217s][info][gc             ] GC(1701) Pause Young (Allocation Failure) 446M->343M(723M) 11.040ms
[513.217s][info][gc,cpu         ] GC(1701) User=0.02s Sys=0.00s Real=0.01s
[513.338s][info][gc,start       ] GC(1702) Pause Young (Allocation Failure)
[513.383s][info][gc,heap        ] GC(1702) PSYoungGen: 118240K(222720K)->43664K(220672K) Eden: 111616K(111616K)->0K(111616K) From: 6624K(111104K)->43664K(109056K)
[513.383s][info][gc,heap        ] GC(1702) ParOldGen: 345461K(518144K)->351908K(518144K)
[513.383s][info][gc,metaspace   ] GC(1702) Metaspace: 18975K(19136K)->18975K(19136K) NonClass: 16310K(16384K)->16310K(16384K) Class: 2665K(2752K)->2665K(2752K)
[513.383s][info][gc             ] GC(1702) Pause Young (Allocation Failure) 452M->386M(721M) 45.288ms
[513.383s][info][gc,cpu         ] GC(1702) User=0.09s Sys=0.00s Real=0.05s
[513.556s][info][gc,start       ] GC(1703) Pause Young (Allocation Failure)
[513.623s][info][gc,heap        ] GC(1703) PSYoungGen: 155280K(220672K)->27424K(139264K) Eden: 111616K(111616K)->0K(111616K) From: 43664K(109056K)->27424K(27648K)
[513.623s][info][gc,heap        ] GC(1703) ParOldGen: 351908K(518144K)->395764K(518144K)
[513.623s][info][gc,metaspace   ] GC(1703) Metaspace: 18975K(19136K)->18975K(19136K) NonClass: 16310K(16384K)->16310K(16384K) Class: 2665K(2752K)->2665K(2752K)
[513.623s][info][gc             ] GC(1703) Pause Young (Allocation Failure) 495M->413M(642M) 66.456ms
[513.623s][info][gc,cpu         ] GC(1703) User=0.13s Sys=0.00s Real=0.07s
[513.726s][info][gc,start       ] GC(1704) Pause Young (Allocation Failure)
[513.760s][info][gc,heap        ] GC(1704) PSYoungGen: 139040K(139264K)->3840K(220672K) Eden: 111616K(111616K)->0K(115200K) From: 27424K(27648K)->3840K(105472K)
[513.760s][info][gc,heap        ] GC(1704) ParOldGen: 395764K(518144K)->423267K(518144K)
[513.760s][info][gc,metaspace   ] GC(1704) Metaspace: 18976K(19136K)->18976K(19136K) NonClass: 16311K(16384K)->16311K(16384K) Class: 2665K(2752K)->2665K(2752K)
[513.760s][info][gc             ] GC(1704) Pause Young (Allocation Failure) 522M->417M(721M) 33.925ms
[513.760s][info][gc,cpu         ] GC(1704) User=0.07s Sys=0.00s Real=0.04s
[513.855s][info][gc,start       ] GC(1705) Pause Young (Allocation Failure)
[513.862s][info][gc,heap        ] GC(1705) PSYoungGen: 119040K(220672K)->768K(220160K) Eden: 115200K(115200K)->0K(115200K) From: 3840K(105472K)->768K(104960K)
[513.862s][info][gc,heap        ] GC(1705) ParOldGen: 423267K(518144K)->426923K(518144K)
[513.862s][info][gc,metaspace   ] GC(1705) Metaspace: 18976K(19136K)->18976K(19136K) NonClass: 16311K(16384K)->16311K(16384K) Class: 2665K(2752K)->2665K(2752K)
[513.862s][info][gc             ] GC(1705) Pause Young (Allocation Failure) 529M->417M(721M) 7.172ms
[513.862s][info][gc,cpu         ] GC(1705) User=0.01s Sys=0.00s Real=0.01s
[514.079s][info][gc,start       ] GC(1706) Pause Young (Allocation Failure)
[514.084s][info][gc,heap        ] GC(1706) PSYoungGen: 115968K(220160K)->1760K(226304K) Eden: 115200K(115200K)->0K(124928K) From: 768K(104960K)->1760K(101376K)
[514.084s][info][gc,heap        ] GC(1706) ParOldGen: 426923K(518144K)->427699K(518144K)
[514.084s][info][gc,metaspace   ] GC(1706) Metaspace: 18976K(19136K)->18976K(19136K) NonClass: 16311K(16384K)->16311K(16384K) Class: 2665K(2752K)->2665K(2752K)
[514.084s][info][gc             ] GC(1706) Pause Young (Allocation Failure) 530M->419M(727M) 5.544ms
[514.084s][info][gc,cpu         ] GC(1706) User=0.01s Sys=0.00s Real=0.01s
[514.350s][info][gc,start       ] GC(1707) Pause Young (Allocation Failure)
[514.354s][info][gc,heap        ] GC(1707) PSYoungGen: 126688K(226304K)->1440K(226816K) Eden: 124928K(124928K)->0K(124928K) From: 1760K(101376K)->1440K(101888K)
[514.354s][info][gc,heap        ] GC(1707) ParOldGen: 427699K(518144K)->427699K(518144K)
[514.354s][info][gc,metaspace   ] GC(1707) Metaspace: 18976K(19136K)->18976K(19136K) NonClass: 16311K(16384K)->16311K(16384K) Class: 2665K(2752K)->2665K(2752K)
[514.354s][info][gc             ] GC(1707) Pause Young (Allocation Failure) 541M->419M(727M) 3.969ms
[514.354s][info][gc,cpu         ] GC(1707) User=0.01s Sys=0.00s Real=0.00s
[514.533s][info][gc,start       ] GC(1708) Pause Young (Allocation Failure)
[514.582s][info][gc,heap        ] GC(1708) PSYoungGen: 126368K(226816K)->48536K(228864K) Eden: 124928K(124928K)->0K(129536K) From: 1440K(101888K)->48536K(99328K)
[514.582s][info][gc,heap        ] GC(1708) ParOldGen: 427699K(518144K)->427699K(518144K)
[514.582s][info][gc,metaspace   ] GC(1708) Metaspace: 18977K(19136K)->18977K(19136K) NonClass: 16312K(16384K)->16312K(16384K) Class: 2665K(2752K)->2665K(2752K)
[514.582s][info][gc             ] GC(1708) Pause Young (Allocation Failure) 541M->465M(729M) 49.558ms
[514.582s][info][gc,cpu         ] GC(1708) User=0.10s Sys=0.00s Real=0.05s
[514.750s][info][gc,start       ] GC(1709) Pause Young (Allocation Failure)
[514.862s][info][gc,heap        ] GC(1709) PSYoungGen: 178072K(228864K)->100339K(229888K) Eden: 129536K(129536K)->0K(129536K) From: 48536K(99328K)->100339K(100352K)
[514.862s][info][gc,heap        ] GC(1709) ParOldGen: 427699K(518144K)->442536K(518144K)
[514.862s][info][gc,metaspace   ] GC(1709) Metaspace: 18977K(19136K)->18977K(19136K) NonClass: 16312K(16384K)->16312K(16384K) Class: 2665K(2752K)->2665K(2752K)
[514.862s][info][gc             ] GC(1709) Pause Young (Allocation Failure) 591M->530M(730M) 111.923ms
[514.862s][info][gc,cpu         ] GC(1709) User=0.22s Sys=0.00s Real=0.11s
[514.941s][info][gc,start       ] GC(1710) Pause Young (Allocation Failure)
[515.091s][info][gc,heap        ] GC(1710) PSYoungGen: 229875K(229888K)->103923K(215552K) Eden: 129536K(129536K)->0K(111616K) From: 100339K(100352K)->103923K(103936K)
[515.091s][info][gc,heap        ] GC(1710) ParOldGen: 442536K(518144K)->491701K(518144K)
[515.091s][info][gc,metaspace   ] GC(1710) Metaspace: 18977K(19136K)->18977K(19136K) NonClass: 16312K(16384K)->16312K(16384K) Class: 2665K(2752K)->2665K(2752K)
[515.091s][info][gc             ] GC(1710) Pause Young (Allocation Failure) 656M->581M(716M) 150.155ms
[515.091s][info][gc,cpu         ] GC(1710) User=0.30s Sys=0.00s Real=0.15s
[515.181s][info][gc,start       ] GC(1711) Pause Young (Allocation Failure)
[515.302s][info][gc,heap        ] GC(1711) PSYoungGen: 215539K(215552K)->22432K(222720K) Eden: 111616K(111616K)->0K(111616K) From: 103923K(103936K)->22432K(111104K)
[515.302s][info][gc,heap        ] GC(1711) ParOldGen: 491701K(518144K)->573784K(573952K)
[515.302s][info][gc,metaspace   ] GC(1711) Metaspace: 18977K(19136K)->18977K(19136K) NonClass: 16312K(16384K)->16312K(16384K) Class: 2665K(2752K)->2665K(2752K)
[515.302s][info][gc             ] GC(1711) Pause Young (Allocation Failure) 690M->582M(778M) 121.078ms
[515.302s][info][gc,cpu         ] GC(1711) User=0.20s Sys=0.05s Real=0.12s
[515.412s][info][gc,start       ] GC(1712) Pause Young (Allocation Failure)
[515.452s][info][gc,heap        ] GC(1712) PSYoungGen: 134048K(222720K)->6564K(222720K) Eden: 111616K(111616K)->0K(111616K) From: 22432K(111104K)->6564K(111104K)
[515.452s][info][gc,heap        ] GC(1712) ParOldGen: 573784K(573952K)->596256K(596480K)
[515.452s][info][gc,metaspace   ] GC(1712) Metaspace: 18980K(19136K)->18980K(19136K) NonClass: 16315K(16384K)->16315K(16384K) Class: 2665K(2752K)->2665K(2752K)
[515.452s][info][gc             ] GC(1712) Pause Young (Allocation Failure) 691M->588M(800M) 39.509ms
[515.452s][info][gc,cpu         ] GC(1712) User=0.05s Sys=0.02s Real=0.04s
[515.578s][info][gc,start       ] GC(1713) Pause Full (Allocation Failure)
[515.578s][info][gc,phases,start] GC(1713) Marking Phase
[515.646s][info][gc,phases      ] GC(1713) Marking Phase 68.142ms
[515.646s][info][gc,phases,start] GC(1713) Summary Phase
[515.646s][info][gc,phases      ] GC(1713) Summary Phase 0.027ms
[515.646s][info][gc,phases,start] GC(1713) Forward
[515.670s][info][gc,phases      ] GC(1713) Forward 23.949ms
[515.670s][info][gc,phases,start] GC(1713) Adjust Pointers
[515.724s][info][gc,phases      ] GC(1713) Adjust Pointers 54.360ms
[515.724s][info][gc,phases,start] GC(1713) Compaction Phase
[515.750s][info][gc,phases      ] GC(1713) Compaction Phase 25.950ms
[515.753s][info][gc,phases,start] GC(1713) Post Compact
[515.755s][info][gc,phases      ] GC(1713) Post Compact 2.079ms
[515.769s][info][gc,heap        ] GC(1713) PSYoungGen: 118180K(222720K)->0K(222720K) Eden: 111616K(111616K)->0K(111616K) From: 6564K(111104K)->0K(111104K)
[515.769s][info][gc,heap        ] GC(1713) ParOldGen: 596256K(596480K)->104714K(436736K)
[515.769s][info][gc,metaspace   ] GC(1713) Metaspace: 18982K(19136K)->18982K(19136K) NonClass: 16317K(16384K)->16317K(16384K) Class: 2665K(2752K)->2665K(2752K)
[515.769s][info][gc             ] GC(1713) Pause Full (Allocation Failure) 697M->102M(644M) 191.474ms
[515.769s][info][gc,cpu         ] GC(1713) User=0.31s Sys=0.01s Real=0.19s
[515.880s][info][gc,start       ] GC(1714) Pause Young (Allocation Failure)
[515.901s][info][gc,heap        ] GC(1714) PSYoungGen: 111616K(222720K)->28720K(222720K) Eden: 111616K(111616K)->0K(111616K) From: 0K(111104K)->28720K(111104K)
[515.901s][info][gc,heap        ] GC(1714) ParOldGen: 104714K(436736K)->104714K(436736K)
[515.901s][info][gc,metaspace   ] GC(1714) Metaspace: 18982K(19136K)->18982K(19136K) NonClass: 16317K(16384K)->16317K(16384K) Class: 2665K(2752K)->2665K(2752K)
[515.901s][info][gc             ] GC(1714) Pause Young (Allocation Failure) 211M->130M(644M) 21.010ms
[515.901s][info][gc,cpu         ] GC(1714) User=0.04s Sys=0.00s Real=0.03s
[515.978s][info][gc,start       ] GC(1715) Pause Young (Allocation Failure)
[516.024s][info][gc,heap        ] GC(1715) PSYoungGen: 140336K(222720K)->38752K(222720K) Eden: 111616K(111616K)->0K(111616K) From: 28720K(111104K)->38752K(111104K)
[516.024s][info][gc,heap        ] GC(1715) ParOldGen: 104714K(436736K)->133746K(436736K)
[516.024s][info][gc,metaspace   ] GC(1715) Metaspace: 18984K(19136K)->18984K(19136K) NonClass: 16319K(16384K)->16319K(16384K) Class: 2665K(2752K)->2665K(2752K)
[516.024s][info][gc             ] GC(1715) Pause Young (Allocation Failure) 239M->168M(644M) 45.220ms
[516.024s][info][gc,cpu         ] GC(1715) User=0.09s Sys=0.00s Real=0.05s
[516.182s][info][gc,start       ] GC(1716) Pause Young (Allocation Failure)
[516.212s][info][gc,heap        ] GC(1716) PSYoungGen: 150368K(222720K)->2720K(222720K) Eden: 111616K(111616K)->0K(111616K) From: 38752K(111104K)->2720K(111104K)
[516.212s][info][gc,heap        ] GC(1716) ParOldGen: 133746K(436736K)->172922K(436736K)
[516.212s][info][gc,metaspace   ] GC(1716) Metaspace: 18985K(19136K)->18985K(19136K) NonClass: 16319K(16384K)->16319K(16384K) Class: 2665K(2752K)->2665K(2752K)
[516.212s][info][gc             ] GC(1716) Pause Young (Allocation Failure) 277M->171M(644M) 29.397ms
[516.212s][info][gc,cpu         ] GC(1716) User=0.06s Sys=0.00s Real=0.03s
[516.326s][info][gc,start       ] GC(1717) Pause Young (Allocation Failure)
[516.371s][info][gc,heap        ] GC(1717) PSYoungGen: 114336K(222720K)->34433K(222720K) Eden: 111616K(111616K)->0K(111616K) From: 2720K(111104K)->34433K(111104K)
[516.371s][info][gc,heap        ] GC(1717) ParOldGen: 172922K(436736K)->175594K(436736K)
[516.371s][info][gc,metaspace   ] GC(1717) Metaspace: 18985K(19136K)->18985K(19136K) NonClass: 16319K(16384K)->16319K(16384K) Class: 2665K(2752K)->2665K(2752K)
[516.371s][info][gc             ] GC(1717) Pause Young (Allocation Failure) 280M->205M(644M) 44.751ms
[516.371s][info][gc,cpu         ] GC(1717) User=0.09s Sys=0.00s Real=0.05s
[516.471s][info][gc,start       ] GC(1718) Pause Young (Allocation Failure)
[516.558s][info][gc,heap        ] GC(1718) PSYoungGen: 146049K(222720K)->51488K(222720K) Eden: 111616K(111616K)->0K(111616K) From: 34433K(111104K)->51488K(111104K)
[516.558s][info][gc,heap        ] GC(1718) ParOldGen: 175594K(436736K)->209903K(436736K)
[516.558s][info][gc,metaspace   ] GC(1718) Metaspace: 18985K(19136K)->18985K(19136K) NonClass: 16319K(16384K)->16319K(16384K) Class: 2665K(2752K)->2665K(2752K)
[516.558s][info][gc             ] GC(1718) Pause Young (Allocation Failure) 314M->255M(644M) 87.450ms
[516.558s][info][gc,cpu         ] GC(1718) User=0.17s Sys=0.00s Real=0.08s
[516.609s][info][gc,start       ] GC(1719) Pause Young (Allocation Failure)
[516.692s][info][gc,heap        ] GC(1719) PSYoungGen: 163104K(222720K)->43456K(222720K) Eden: 111616K(111616K)->0K(111616K) From: 51488K(111104K)->43456K(111104K)
[516.692s][info][gc,heap        ] GC(1719) ParOldGen: 209903K(436736K)->261663K(436736K)
[516.692s][info][gc,metaspace   ] GC(1719) Metaspace: 18985K(19136K)->18985K(19136K) NonClass: 16319K(16384K)->16319K(16384K) Class: 2665K(2752K)->2665K(2752K)
[516.692s][info][gc             ] GC(1719) Pause Young (Allocation Failure) 364M->297M(644M) 82.127ms
[516.692s][info][gc,cpu         ] GC(1719) User=0.17s Sys=0.00s Real=0.09s
[516.802s][info][gc,start       ] GC(1720) Pause Young (Allocation Failure)
[516.858s][info][gc,heap        ] GC(1720) PSYoungGen: 155072K(222720K)->26208K(212480K) Eden: 111616K(111616K)->0K(111616K) From: 43456K(111104K)->26208K(100864K)
[516.858s][info][gc,heap        ] GC(1720) ParOldGen: 261663K(436736K)->305479K(436736K)
[516.858s][info][gc,metaspace   ] GC(1720) Metaspace: 18985K(19136K)->18985K(19136K) NonClass: 16319K(16384K)->16319K(16384K) Class: 2665K(2752K)->2665K(2752K)
[516.858s][info][gc             ] GC(1720) Pause Young (Allocation Failure) 406M->323M(634M) 55.318ms
[516.858s][info][gc,cpu         ] GC(1720) User=0.10s Sys=0.00s Real=0.05s
[516.938s][info][gc,start       ] GC(1721) Pause Young (Allocation Failure)
[516.974s][info][gc,heap        ] GC(1721) PSYoungGen: 137824K(212480K)->9824K(217600K) Eden: 111616K(111616K)->0K(111616K) From: 26208K(100864K)->9824K(105984K)
[516.974s][info][gc,heap        ] GC(1721) ParOldGen: 305479K(436736K)->331839K(436736K)
[516.974s][info][gc,metaspace   ] GC(1721) Metaspace: 18985K(19136K)->18985K(19136K) NonClass: 16319K(16384K)->16319K(16384K) Class: 2665K(2752K)->2665K(2752K)
[516.974s][info][gc             ] GC(1721) Pause Young (Allocation Failure) 432M->333M(639M) 35.830ms
[516.974s][info][gc,cpu         ] GC(1721) User=0.07s Sys=0.00s Real=0.04s
[517.033s][info][gc,start       ] GC(1722) Pause Young (Allocation Failure)
[517.054s][info][gc,heap        ] GC(1722) PSYoungGen: 121440K(217600K)->4512K(221696K) Eden: 111616K(111616K)->0K(123904K) From: 9824K(105984K)->4512K(97792K)
[517.054s][info][gc,heap        ] GC(1722) ParOldGen: 331839K(436736K)->341679K(436736K)
[517.054s][info][gc,metaspace   ] GC(1722) Metaspace: 18985K(19136K)->18985K(19136K) NonClass: 16319K(16384K)->16319K(16384K) Class: 2665K(2752K)->2665K(2752K)
[517.054s][info][gc             ] GC(1722) Pause Young (Allocation Failure) 442M->338M(643M) 20.966ms
[517.054s][info][gc,cpu         ] GC(1722) User=0.04s Sys=0.00s Real=0.02s
[517.171s][info][gc,start       ] GC(1723) Pause Young (Allocation Failure)
[517.210s][info][gc,heap        ] GC(1723) PSYoungGen: 128416K(221696K)->17121K(225792K) Eden: 123904K(123904K)->0K(123904K) From: 4512K(97792K)->17121K(101888K)
[517.210s][info][gc,heap        ] GC(1723) ParOldGen: 341679K(436736K)->346175K(436736K)
[517.210s][info][gc,metaspace   ] GC(1723) Metaspace: 18985K(19136K)->18985K(19136K) NonClass: 16319K(16384K)->16319K(16384K) Class: 2665K(2752K)->2665K(2752K)
[517.210s][info][gc             ] GC(1723) Pause Young (Allocation Failure) 459M->354M(647M) 38.994ms
[517.210s][info][gc,cpu         ] GC(1723) User=0.08s Sys=0.00s Real=0.03s
[517.316s][info][gc,start       ] GC(1724) Pause Young (Allocation Failure)
[517.360s][info][gc,heap        ] GC(1724) PSYoungGen: 141025K(225792K)->14560K(223744K) Eden: 123904K(123904K)->0K(134144K) From: 17121K(101888K)->14560K(89600K)
[517.360s][info][gc,heap        ] GC(1724) ParOldGen: 346175K(436736K)->363284K(436736K)
[517.360s][info][gc,metaspace   ] GC(1724) Metaspace: 18985K(19136K)->18985K(19136K) NonClass: 16319K(16384K)->16319K(16384K) Class: 2665K(2752K)->2665K(2752K)
[517.360s][info][gc             ] GC(1724) Pause Young (Allocation Failure) 475M->368M(645M) 43.996ms
[517.360s][info][gc,cpu         ] GC(1724) User=0.09s Sys=0.00s Real=0.04s
[517.463s][info][gc,start       ] GC(1725) Pause Young (Allocation Failure)
[517.496s][info][gc,heap        ] GC(1725) PSYoungGen: 148704K(223744K)->17472K(227840K) Eden: 134144K(134144K)->0K(134144K) From: 14560K(89600K)->17472K(93696K)
[517.496s][info][gc,heap        ] GC(1725) ParOldGen: 363284K(436736K)->377860K(436736K)
[517.496s][info][gc,metaspace   ] GC(1725) Metaspace: 18985K(19136K)->18985K(19136K) NonClass: 16319K(16384K)->16319K(16384K) Class: 2665K(2752K)->2665K(2752K)
[517.496s][info][gc             ] GC(1725) Pause Young (Allocation Failure) 499M->386M(649M) 33.262ms
[517.496s][info][gc,cpu         ] GC(1725) User=0.07s Sys=0.00s Real=0.03s
[517.597s][info][gc,start       ] GC(1726) Pause Young (Allocation Failure)
[517.628s][info][gc,heap        ] GC(1726) PSYoungGen: 151616K(227840K)->12576K(233472K) Eden: 134144K(134144K)->0K(151040K) From: 17472K(93696K)->12576K(82432K)
[517.628s][info][gc,heap        ] GC(1726) ParOldGen: 377860K(436736K)->395348K(436736K)
[517.628s][info][gc,metaspace   ] GC(1726) Metaspace: 18985K(19136K)->18985K(19136K) NonClass: 16319K(16384K)->16319K(16384K) Class: 2665K(2752K)->2665K(2752K)
[517.628s][info][gc             ] GC(1726) Pause Young (Allocation Failure) 517M->398M(654M) 31.082ms
[517.629s][info][gc,cpu         ] GC(1726) User=0.06s Sys=0.00s Real=0.03s
[517.747s][info][gc,start       ] GC(1727) Pause Young (Allocation Failure)
[517.778s][info][gc,heap        ] GC(1727) PSYoungGen: 163616K(233472K)->13184K(236544K) Eden: 151040K(151040K)->0K(151040K) From: 12576K(82432K)->13184K(85504K)
[517.778s][info][gc,heap        ] GC(1727) ParOldGen: 395348K(436736K)->407922K(436736K)
[517.778s][info][gc,metaspace   ] GC(1727) Metaspace: 18985K(19136K)->18985K(19136K) NonClass: 16319K(16384K)->16319K(16384K) Class: 2665K(2752K)->2665K(2752K)
[517.778s][info][gc             ] GC(1727) Pause Young (Allocation Failure) 545M->411M(657M) 31.225ms
[517.778s][info][gc,cpu         ] GC(1727) User=0.06s Sys=0.00s Real=0.03s
[517.996s][info][gc,start       ] GC(1728) Pause Young (Allocation Failure)
[518.018s][info][gc,heap        ] GC(1728) PSYoungGen: 164224K(236544K)->4192K(245248K) Eden: 151040K(151040K)->0K(166912K) From: 13184K(85504K)->4192K(78336K)
[518.018s][info][gc,heap        ] GC(1728) ParOldGen: 407922K(436736K)->421106K(436736K)
[518.018s][info][gc,metaspace   ] GC(1728) Metaspace: 18985K(19136K)->18985K(19136K) NonClass: 16319K(16384K)->16319K(16384K) Class: 2665K(2752K)->2665K(2752K)
[518.018s][info][gc             ] GC(1728) Pause Young (Allocation Failure) 558M->415M(666M) 22.074ms
[518.018s][info][gc,cpu         ] GC(1728) User=0.04s Sys=0.00s Real=0.02s
[518.261s][info][gc,start       ] GC(1729) Pause Young (Allocation Failure)
[518.288s][info][gc,heap        ] GC(1729) PSYoungGen: 171104K(245248K)->20352K(246272K) Eden: 166912K(166912K)->0K(166912K) From: 4192K(78336K)->20352K(79360K)
[518.288s][info][gc,heap        ] GC(1729) ParOldGen: 421106K(436736K)->425290K(436736K)
[518.288s][info][gc,metaspace   ] GC(1729) Metaspace: 18985K(19136K)->18985K(19136K) NonClass: 16319K(16384K)->16319K(16384K) Class: 2665K(2752K)->2665K(2752K)
[518.288s][info][gc             ] GC(1729) Pause Young (Allocation Failure) 578M->435M(667M) 27.099ms
[518.288s][info][gc,cpu         ] GC(1729) User=0.06s Sys=0.00s Real=0.02s
[518.752s][info][gc,start       ] GC(1730) Pause Young (Allocation Failure)
[518.779s][info][gc,heap        ] GC(1730) PSYoungGen: 187264K(246272K)->128K(251904K) Eden: 166912K(166912K)->0K(177664K) From: 20352K(79360K)->128K(74240K)
[518.779s][info][gc,heap        ] GC(1730) ParOldGen: 425290K(436736K)->445655K(445952K)
[518.779s][info][gc,metaspace   ] GC(1730) Metaspace: 18985K(19136K)->18985K(19136K) NonClass: 16319K(16384K)->16319K(16384K) Class: 2665K(2752K)->2665K(2752K)
[518.779s][info][gc             ] GC(1730) Pause Young (Allocation Failure) 598M->435M(681M) 26.645ms
[518.779s][info][gc,cpu         ] GC(1730) User=0.05s Sys=0.00s Real=0.02s
[519.181s][info][gc,start       ] GC(1731) Pause Young (Allocation Failure)
[519.183s][info][gc,heap        ] GC(1731) PSYoungGen: 177792K(251904K)->192K(250368K) Eden: 177664K(177664K)->0K(177664K) From: 128K(74240K)->192K(72704K)
[519.183s][info][gc,heap        ] GC(1731) ParOldGen: 445655K(445952K)->445775K(445952K)
[519.183s][info][gc,metaspace   ] GC(1731) Metaspace: 18985K(19136K)->18985K(19136K) NonClass: 16319K(16384K)->16319K(16384K) Class: 2665K(2752K)->2665K(2752K)
[519.183s][info][gc             ] GC(1731) Pause Young (Allocation Failure) 608M->435M(680M) 2.468ms
[519.183s][info][gc,cpu         ] GC(1731) User=0.00s Sys=0.00s Real=0.00s
[519.578s][info][gc,start       ] GC(1732) Pause Young (Allocation Failure)
[519.588s][info][gc,heap        ] GC(1732) PSYoungGen: 177856K(250368K)->800K(258560K) Eden: 177664K(177664K)->0K(189440K) From: 192K(72704K)->800K(69120K)
[519.588s][info][gc,heap        ] GC(1732) ParOldGen: 445775K(445952K)->445775K(445952K)
[519.588s][info][gc,metaspace   ] GC(1732) Metaspace: 18985K(19136K)->18985K(19136K) NonClass: 16319K(16384K)->16319K(16384K) Class: 2665K(2752K)->2665K(2752K)
[519.588s][info][gc             ] GC(1732) Pause Young (Allocation Failure) 609M->436M(688M) 10.371ms
[519.588s][info][gc,cpu         ] GC(1732) User=0.02s Sys=0.00s Real=0.01s
[519.781s][info][gc,start       ] GC(1733) Pause Young (Allocation Failure)
[519.821s][info][gc,heap        ] GC(1733) PSYoungGen: 190240K(258560K)->50854K(240640K) Eden: 189440K(189440K)->0K(189440K) From: 800K(69120K)->50854K(51200K)
[519.821s][info][gc,heap        ] GC(1733) ParOldGen: 445775K(445952K)->445775K(445952K)
[519.821s][info][gc,metaspace   ] GC(1733) Metaspace: 18985K(19136K)->18985K(19136K) NonClass: 16319K(16384K)->16319K(16384K) Class: 2665K(2752K)->2665K(2752K)
[519.821s][info][gc             ] GC(1733) Pause Young (Allocation Failure) 621M->484M(670M) 39.356ms
[519.821s][info][gc,cpu         ] GC(1733) User=0.08s Sys=0.00s Real=0.04s
[520.086s][info][gc,start       ] GC(1734) Pause Young (Allocation Failure)
[520.161s][info][gc,heap        ] GC(1734) PSYoungGen: 240294K(240640K)->76278K(223744K) Eden: 189440K(189440K)->0K(147456K) From: 50854K(51200K)->76278K(76288K)
[520.161s][info][gc,heap        ] GC(1734) ParOldGen: 445775K(445952K)->449791K(450048K)
[520.161s][info][gc,metaspace   ] GC(1734) Metaspace: 18985K(19136K)->18985K(19136K) NonClass: 16319K(16384K)->16319K(16384K) Class: 2665K(2752K)->2665K(2752K)
[520.161s][info][gc             ] GC(1734) Pause Young (Allocation Failure) 669M->513M(658M) 74.939ms
[520.161s][info][gc,cpu         ] GC(1734) User=0.14s Sys=0.01s Real=0.08s
[520.329s][info][gc,start       ] GC(1735) Pause Young (Allocation Failure)
[520.428s][info][gc,heap        ] GC(1735) PSYoungGen: 223734K(223744K)->93180K(240640K) Eden: 147456K(147456K)->0K(147456K) From: 76278K(76288K)->93180K(93184K)
[520.428s][info][gc,heap        ] GC(1735) ParOldGen: 449791K(450048K)->457855K(458240K)
[520.428s][info][gc,metaspace   ] GC(1735) Metaspace: 18985K(19136K)->18985K(19136K) NonClass: 16319K(16384K)->16319K(16384K) Class: 2665K(2752K)->2665K(2752K)
[520.428s][info][gc             ] GC(1735) Pause Young (Allocation Failure) 657M->538M(682M) 99.055ms
[520.428s][info][gc,cpu         ] GC(1735) User=0.19s Sys=0.01s Real=0.10s
[520.547s][info][gc,start       ] GC(1736) Pause Young (Allocation Failure)
[520.700s][info][gc,heap        ] GC(1736) PSYoungGen: 240636K(240640K)->51756K(204800K) Eden: 147456K(147456K)->0K(111616K) From: 93180K(93184K)->51756K(93184K)
[520.700s][info][gc,heap        ] GC(1736) ParOldGen: 457855K(458240K)->534137K(534528K)
[520.700s][info][gc,metaspace   ] GC(1736) Metaspace: 18985K(19136K)->18985K(19136K) NonClass: 16319K(16384K)->16319K(16384K) Class: 2665K(2752K)->2665K(2752K)
[520.700s][info][gc             ] GC(1736) Pause Young (Allocation Failure) 682M->572M(722M) 152.988ms
[520.700s][info][gc,cpu         ] GC(1736) User=0.23s Sys=0.07s Real=0.16s
[520.791s][info][gc,start       ] GC(1737) Pause Young (Allocation Failure)
[520.888s][info][gc,heap        ] GC(1737) PSYoungGen: 163372K(204800K)->19136K(222720K) Eden: 111616K(111616K)->0K(111616K) From: 51756K(93184K)->19136K(111104K)
[520.888s][info][gc,heap        ] GC(1737) ParOldGen: 534137K(534528K)->586247K(586752K)
[520.888s][info][gc,metaspace   ] GC(1737) Metaspace: 18985K(19136K)->18985K(19136K) NonClass: 16319K(16384K)->16319K(16384K) Class: 2665K(2752K)->2665K(2752K)
[520.888s][info][gc             ] GC(1737) Pause Young (Allocation Failure) 681M->591M(790M) 97.194ms
[520.888s][info][gc,cpu         ] GC(1737) User=0.15s Sys=0.04s Real=0.09s
[520.960s][info][gc,start       ] GC(1738) Pause Young (Allocation Failure)
[521.002s][info][gc,heap        ] GC(1738) PSYoungGen: 130752K(222720K)->8000K(213504K) Eden: 111616K(111616K)->0K(114688K) From: 19136K(111104K)->8000K(98816K)
[521.002s][info][gc,heap        ] GC(1738) ParOldGen: 586247K(586752K)->605375K(605696K)
[521.002s][info][gc,metaspace   ] GC(1738) Metaspace: 18985K(19136K)->18985K(19136K) NonClass: 16319K(16384K)->16319K(16384K) Class: 2665K(2752K)->2665K(2752K)
[521.002s][info][gc             ] GC(1738) Pause Young (Allocation Failure) 700M->598M(800M) 42.167ms
[521.002s][info][gc,cpu         ] GC(1738) User=0.07s Sys=0.02s Real=0.04s
[521.082s][info][gc,start       ] GC(1739) Pause Full (Allocation Failure)
[521.082s][info][gc,phases,start] GC(1739) Marking Phase
[521.339s][info][gc,phases      ] GC(1739) Marking Phase 257.193ms
[521.339s][info][gc,phases,start] GC(1739) Summary Phase
[521.339s][info][gc,phases      ] GC(1739) Summary Phase 0.031ms
[521.339s][info][gc,phases,start] GC(1739) Forward
[521.426s][info][gc,phases      ] GC(1739) Forward 86.289ms
[521.426s][info][gc,phases,start] GC(1739) Adjust Pointers
[521.627s][info][gc,phases      ] GC(1739) Adjust Pointers 200.740ms
[521.627s][info][gc,phases,start] GC(1739) Compaction Phase
[521.747s][info][gc,phases      ] GC(1739) Compaction Phase 120.275ms
[521.753s][info][gc,phases,start] GC(1739) Post Compact
[521.755s][info][gc,phases      ] GC(1739) Post Compact 2.172ms
[521.756s][info][gc,heap        ] GC(1739) PSYoungGen: 122688K(213504K)->0K(219648K) Eden: 114688K(114688K)->0K(114688K) From: 8000K(98816K)->0K(104960K)
[521.756s][info][gc,heap        ] GC(1739) ParOldGen: 605375K(605696K)->357139K(667648K)
[521.756s][info][gc,metaspace   ] GC(1739) Metaspace: 18985K(19136K)->18985K(19136K) NonClass: 16319K(16384K)->16319K(16384K) Class: 2665K(2752K)->2665K(2752K)
[521.756s][info][gc             ] GC(1739) Pause Full (Allocation Failure) 710M->348M(866M) 673.530ms
[521.756s][info][gc,cpu         ] GC(1739) User=1.27s Sys=0.00s Real=0.67s
[521.833s][info][gc,start       ] GC(1740) Pause Young (Allocation Failure)
[521.852s][info][gc,heap        ] GC(1740) PSYoungGen: 114688K(219648K)->12544K(220672K) Eden: 114688K(114688K)->0K(123904K) From: 0K(104960K)->12544K(96768K)
[521.853s][info][gc,heap        ] GC(1740) ParOldGen: 357139K(667648K)->357139K(667648K)
[521.853s][info][gc,metaspace   ] GC(1740) Metaspace: 18985K(19136K)->18985K(19136K) NonClass: 16319K(16384K)->16319K(16384K) Class: 2665K(2752K)->2665K(2752K)
[521.853s][info][gc             ] GC(1740) Pause Young (Allocation Failure) 460M->361M(867M) 19.529ms
[521.853s][info][gc,cpu         ] GC(1740) User=0.03s Sys=0.00s Real=0.02s
[521.951s][info][gc,start       ] GC(1741) Pause Young (Allocation Failure)
[521.987s][info][gc,heap        ] GC(1741) PSYoungGen: 136448K(220672K)->13984K(224768K) Eden: 123904K(123904K)->0K(123904K) From: 12544K(96768K)->13984K(100864K)
[521.987s][info][gc,heap        ] GC(1741) ParOldGen: 357139K(667648K)->369692K(667648K)
[521.987s][info][gc,metaspace   ] GC(1741) Metaspace: 18985K(19136K)->18985K(19136K) NonClass: 16319K(16384K)->16319K(16384K) Class: 2665K(2752K)->2665K(2752K)
[521.987s][info][gc             ] GC(1741) Pause Young (Allocation Failure) 482M->374M(871M) 35.484ms
[521.987s][info][gc,cpu         ] GC(1741) User=0.07s Sys=0.00s Real=0.03s
[522.069s][info][gc,start       ] GC(1742) Pause Young (Allocation Failure)
[522.093s][info][gc,heap        ] GC(1742) PSYoungGen: 137888K(224768K)->4608K(227328K) Eden: 123904K(123904K)->0K(136704K) From: 13984K(100864K)->4608K(90624K)
[522.093s][info][gc,heap        ] GC(1742) ParOldGen: 369692K(667648K)->383684K(667648K)
[522.093s][info][gc,metaspace   ] GC(1742) Metaspace: 18985K(19136K)->18985K(19136K) NonClass: 16319K(16384K)->16319K(16384K) Class: 2665K(2752K)->2665K(2752K)
[522.093s][info][gc             ] GC(1742) Pause Young (Allocation Failure) 495M->379M(874M) 24.336ms
[522.093s][info][gc,cpu         ] GC(1742) User=0.05s Sys=0.00s Real=0.03s
[522.202s][info][gc,start       ] GC(1743) Pause Young (Allocation Failure)
[522.213s][info][gc,heap        ] GC(1743) PSYoungGen: 141312K(227328K)->1984K(229888K) Eden: 136704K(136704K)->0K(136704K) From: 4608K(90624K)->1984K(93184K)
[522.213s][info][gc,heap        ] GC(1743) ParOldGen: 383684K(667648K)->388292K(667648K)
[522.213s][info][gc,metaspace   ] GC(1743) Metaspace: 18985K(19136K)->18985K(19136K) NonClass: 16319K(16384K)->16319K(16384K) Class: 2665K(2752K)->2665K(2752K)
[522.213s][info][gc             ] GC(1743) Pause Young (Allocation Failure) 512M->381M(876M) 11.225ms
[522.213s][info][gc,cpu         ] GC(1743) User=0.02s Sys=0.00s Real=0.01s
[522.396s][info][gc,start       ] GC(1744) Pause Young (Allocation Failure)
[522.421s][info][gc,heap        ] GC(1744) PSYoungGen: 138688K(229888K)->20832K(227328K) Eden: 136704K(136704K)->0K(150016K) From: 1984K(93184K)->20832K(77312K)
[522.421s][info][gc,heap        ] GC(1744) ParOldGen: 388292K(667648K)->390276K(667648K)
[522.421s][info][gc,metaspace   ] GC(1744) Metaspace: 18985K(19136K)->18985K(19136K) NonClass: 16319K(16384K)->16319K(16384K) Class: 2665K(2752K)->2665K(2752K)
[522.421s][info][gc             ] GC(1744) Pause Young (Allocation Failure) 514M->401M(874M) 25.271ms
[522.421s][info][gc,cpu         ] GC(1744) User=0.05s Sys=0.00s Real=0.03s
[522.740s][info][gc,start       ] GC(1745) Pause Young (Allocation Failure)
[522.773s][info][gc,heap        ] GC(1745) PSYoungGen: 170848K(227328K)->9184K(233984K) Eden: 150016K(150016K)->0K(150016K) From: 20832K(77312K)->9184K(83968K)
[522.773s][info][gc,heap        ] GC(1745) ParOldGen: 390276K(667648K)->411105K(667648K)
[522.773s][info][gc,metaspace   ] GC(1745) Metaspace: 18985K(19136K)->18985K(19136K) NonClass: 16319K(16384K)->16319K(16384K) Class: 2665K(2752K)->2665K(2752K)
[522.773s][info][gc             ] GC(1745) Pause Young (Allocation Failure) 547M->410M(880M) 32.634ms
[522.773s][info][gc,cpu         ] GC(1745) User=0.07s Sys=0.01s Real=0.03s
[523.038s][info][gc,start       ] GC(1746) Pause Young (Allocation Failure)
[523.069s][info][gc,heap        ] GC(1746) PSYoungGen: 159200K(233984K)->15808K(236032K) Eden: 150016K(150016K)->0K(166400K) From: 9184K(83968K)->15808K(69632K)
[523.069s][info][gc,heap        ] GC(1746) ParOldGen: 411105K(667648K)->420286K(667648K)
[523.069s][info][gc,metaspace   ] GC(1746) Metaspace: 18985K(19136K)->18985K(19136K) NonClass: 16319K(16384K)->16319K(16384K) Class: 2665K(2752K)->2665K(2752K)
[523.069s][info][gc             ] GC(1746) Pause Young (Allocation Failure) 556M->425M(882M) 30.951ms
[523.069s][info][gc,cpu         ] GC(1746) User=0.06s Sys=0.00s Real=0.03s
[523.272s][info][gc,start       ] GC(1747) Pause Young (Allocation Failure)
[523.304s][info][gc,heap        ] GC(1747) PSYoungGen: 182208K(236032K)->20784K(241664K) Eden: 166400K(166400K)->0K(166400K) From: 15808K(69632K)->20784K(75264K)
[523.304s][info][gc,heap        ] GC(1747) ParOldGen: 420286K(667648K)->436134K(667648K)
[523.304s][info][gc,metaspace   ] GC(1747) Metaspace: 18985K(19136K)->18985K(19136K) NonClass: 16319K(16384K)->16319K(16384K) Class: 2665K(2752K)->2665K(2752K)
[523.304s][info][gc             ] GC(1747) Pause Young (Allocation Failure) 588M->446M(888M) 31.624ms
[523.304s][info][gc,cpu         ] GC(1747) User=0.07s Sys=0.00s Real=0.03s
[523.428s][info][gc,start       ] GC(1748) Pause Young (Allocation Failure)
[523.484s][info][gc,heap        ] GC(1748) PSYoungGen: 187184K(241664K)->58976K(244736K) Eden: 166400K(166400K)->0K(174592K) From: 20784K(75264K)->58976K(70144K)
[523.484s][info][gc,heap        ] GC(1748) ParOldGen: 436134K(667648K)->457071K(667648K)
[523.484s][info][gc,metaspace   ] GC(1748) Metaspace: 18985K(19136K)->18985K(19136K) NonClass: 16319K(16384K)->16319K(16384K) Class: 2665K(2752K)->2665K(2752K)
[523.484s][info][gc             ] GC(1748) Pause Young (Allocation Failure) 608M->503M(891M) 56.152ms
[523.484s][info][gc,cpu         ] GC(1748) User=0.11s Sys=0.00s Real=0.06s
[523.731s][info][gc,start       ] GC(1749) Pause Young (Allocation Failure)
[523.781s][info][gc,heap        ] GC(1749) PSYoungGen: 233568K(244736K)->6888K(253952K) Eden: 174592K(174592K)->0K(174592K) From: 58976K(70144K)->6888K(79360K)
[523.781s][info][gc,heap        ] GC(1749) ParOldGen: 457071K(667648K)->516703K(667648K)
[523.781s][info][gc,metaspace   ] GC(1749) Metaspace: 18985K(19136K)->18985K(19136K) NonClass: 16319K(16384K)->16319K(16384K) Class: 2665K(2752K)->2665K(2752K)
[523.781s][info][gc             ] GC(1749) Pause Young (Allocation Failure) 674M->511M(900M) 49.260ms
[523.781s][info][gc,cpu         ] GC(1749) User=0.09s Sys=0.00s Real=0.05s
[523.996s][info][gc,start       ] GC(1750) Pause Young (Allocation Failure)
[524.055s][info][gc,heap        ] GC(1750) PSYoungGen: 181480K(253952K)->39456K(253952K) Eden: 174592K(174592K)->0K(177664K) From: 6888K(79360K)->39456K(76288K)
[524.055s][info][gc,heap        ] GC(1750) ParOldGen: 516703K(667648K)->523337K(667648K)
[524.055s][info][gc,metaspace   ] GC(1750) Metaspace: 18985K(19136K)->18985K(19136K) NonClass: 16319K(16384K)->16319K(16384K) Class: 2665K(2752K)->2665K(2752K)
[524.055s][info][gc             ] GC(1750) Pause Young (Allocation Failure) 681M->549M(900M) 59.452ms
[524.055s][info][gc,cpu         ] GC(1750) User=0.12s Sys=0.00s Real=0.06s
[524.221s][info][gc,start       ] GC(1751) Pause Young (Allocation Failure)
[524.280s][info][gc,heap        ] GC(1751) PSYoungGen: 217120K(253952K)->14272K(192000K) Eden: 177664K(177664K)->0K(177664K) From: 39456K(76288K)->14272K(14336K)
[524.280s][info][gc,heap        ] GC(1751) ParOldGen: 523337K(667648K)->562849K(667648K)
[524.280s][info][gc,metaspace   ] GC(1751) Metaspace: 18985K(19136K)->18985K(19136K) NonClass: 16319K(16384K)->16319K(16384K) Class: 2665K(2752K)->2665K(2752K)
[524.280s][info][gc             ] GC(1751) Pause Young (Allocation Failure) 723M->563M(839M) 59.427ms
[524.280s][info][gc,cpu         ] GC(1751) User=0.11s Sys=0.00s Real=0.06s
[524.477s][info][gc,start       ] GC(1752) Pause Young (Allocation Failure)
[524.503s][info][gc,heap        ] GC(1752) PSYoungGen: 191936K(192000K)->4512K(256000K) Eden: 177664K(177664K)->0K(181760K) From: 14272K(14336K)->4512K(74240K)
[524.503s][info][gc,heap        ] GC(1752) ParOldGen: 562849K(667648K)->577145K(667648K)
[524.503s][info][gc,metaspace   ] GC(1752) Metaspace: 18985K(19136K)->18985K(19136K) NonClass: 16319K(16384K)->16319K(16384K) Class: 2665K(2752K)->2665K(2752K)
[524.503s][info][gc             ] GC(1752) Pause Young (Allocation Failure) 737M->568M(902M) 25.792ms
[524.503s][info][gc,cpu         ] GC(1752) User=0.05s Sys=0.00s Real=0.03s
[524.800s][info][gc,start       ] GC(1753) Pause Young (Allocation Failure)
[524.826s][info][gc,heap        ] GC(1753) PSYoungGen: 186272K(256000K)->9904K(253952K) Eden: 181760K(181760K)->0K(181760K) From: 4512K(74240K)->9904K(72192K)
[524.826s][info][gc,heap        ] GC(1753) ParOldGen: 577145K(667648K)->581641K(667648K)
[524.826s][info][gc,metaspace   ] GC(1753) Metaspace: 18985K(19136K)->18985K(19136K) NonClass: 16319K(16384K)->16319K(16384K) Class: 2665K(2752K)->2665K(2752K)
[524.826s][info][gc             ] GC(1753) Pause Young (Allocation Failure) 745M->577M(900M) 26.646ms
[524.826s][info][gc,cpu         ] GC(1753) User=0.05s Sys=0.00s Real=0.03s
[525.014s][info][gc,start       ] GC(1754) Pause Young (Allocation Failure)
[525.071s][info][gc,heap        ] GC(1754) PSYoungGen: 191664K(253952K)->46418K(251392K) Eden: 181760K(181760K)->0K(182272K) From: 9904K(72192K)->46418K(69120K)
[525.071s][info][gc,heap        ] GC(1754) ParOldGen: 581641K(667648K)->591570K(667648K)
[525.071s][info][gc,metaspace   ] GC(1754) Metaspace: 18985K(19136K)->18985K(19136K) NonClass: 16319K(16384K)->16319K(16384K) Class: 2665K(2752K)->2665K(2752K)
[525.071s][info][gc             ] GC(1754) Pause Young (Allocation Failure) 755M->623M(897M) 56.987ms
[525.071s][info][gc,cpu         ] GC(1754) User=0.11s Sys=0.00s Real=0.06s
[525.342s][info][gc,start       ] GC(1755) Pause Young (Allocation Failure)
[525.431s][info][gc,heap        ] GC(1755) PSYoungGen: 228690K(251392K)->49856K(232448K) Eden: 182272K(182272K)->0K(182272K) From: 46418K(69120K)->49856K(50176K)
[525.431s][info][gc,heap        ] GC(1755) ParOldGen: 591570K(667648K)->638343K(667648K)
[525.431s][info][gc,metaspace   ] GC(1755) Metaspace: 18985K(19136K)->18985K(19136K) NonClass: 16319K(16384K)->16319K(16384K) Class: 2665K(2752K)->2665K(2752K)
[525.431s][info][gc             ] GC(1755) Pause Young (Allocation Failure) 801M->672M(879M) 89.272ms
[525.431s][info][gc,cpu         ] GC(1755) User=0.16s Sys=0.01s Real=0.09s
[525.676s][info][gc,start       ] GC(1756) Pause Full (Allocation Failure)
[525.676s][info][gc,phases,start] GC(1756) Marking Phase
[526.032s][info][gc,phases      ] GC(1756) Marking Phase 356.596ms
[526.032s][info][gc,phases,start] GC(1756) Summary Phase
[526.033s][info][gc,phases      ] GC(1756) Summary Phase 0.030ms
[526.033s][info][gc,phases,start] GC(1756) Forward
[526.175s][info][gc,phases      ] GC(1756) Forward 142.558ms
[526.175s][info][gc,phases,start] GC(1756) Adjust Pointers
[526.457s][info][gc,phases      ] GC(1756) Adjust Pointers 282.158ms
[526.457s][info][gc,phases,start] GC(1756) Compaction Phase
[526.621s][info][gc,phases      ] GC(1756) Compaction Phase 163.159ms
[526.631s][info][gc,phases,start] GC(1756) Post Compact
[526.634s][info][gc,phases      ] GC(1756) Post Compact 2.476ms
[526.634s][info][gc,heap        ] GC(1756) PSYoungGen: 232128K(232448K)->0K(254976K) Eden: 182272K(182272K)->0K(176128K) From: 49856K(50176K)->0K(78848K)
[526.634s][info][gc,heap        ] GC(1756) ParOldGen: 638343K(667648K)->493915K(667648K)
[526.634s][info][gc,metaspace   ] GC(1756) Metaspace: 18985K(19136K)->18985K(19136K) NonClass: 16319K(16384K)->16319K(16384K) Class: 2665K(2752K)->2665K(2752K)
[526.634s][info][gc             ] GC(1756) Pause Full (Allocation Failure) 850M->482M(901M) 958.287ms
[526.634s][info][gc,cpu         ] GC(1756) User=1.79s Sys=0.00s Real=0.96s
[526.845s][info][gc,start       ] GC(1757) Pause Young (Allocation Failure)
[526.874s][info][gc,heap        ] GC(1757) PSYoungGen: 176128K(254976K)->25856K(202240K) Eden: 176128K(176128K)->0K(176128K) From: 0K(78848K)->25856K(26112K)
[526.874s][info][gc,heap        ] GC(1757) ParOldGen: 493915K(667648K)->493915K(667648K)
[526.874s][info][gc,metaspace   ] GC(1757) Metaspace: 18985K(19136K)->18985K(19136K) NonClass: 16319K(16384K)->16319K(16384K) Class: 2665K(2752K)->2665K(2752K)
[526.874s][info][gc             ] GC(1757) Pause Young (Allocation Failure) 654M->507M(849M) 28.857ms
[526.874s][info][gc,cpu         ] GC(1757) User=0.06s Sys=0.00s Real=0.03s
[527.047s][info][gc,start       ] GC(1758) Pause Young (Allocation Failure)
[527.078s][info][gc,heap        ] GC(1758) PSYoungGen: 201984K(202240K)->864K(250368K) Eden: 176128K(176128K)->0K(176640K) From: 25856K(26112K)->864K(73728K)
[527.078s][info][gc,heap        ] GC(1758) ParOldGen: 493915K(667648K)->519803K(667648K)
[527.078s][info][gc,metaspace   ] GC(1758) Metaspace: 18985K(19136K)->18985K(19136K) NonClass: 16319K(16384K)->16319K(16384K) Class: 2665K(2752K)->2665K(2752K)
[527.078s][info][gc             ] GC(1758) Pause Young (Allocation Failure) 679M->508M(896M) 30.477ms
[527.078s][info][gc,cpu         ] GC(1758) User=0.06s Sys=0.00s Real=0.03s
[527.291s][info][gc,start       ] GC(1759) Pause Young (Allocation Failure)
[527.301s][info][gc,heap        ] GC(1759) PSYoungGen: 177504K(250368K)->3872K(249856K) Eden: 176640K(176640K)->0K(176640K) From: 864K(73728K)->3872K(73216K)
[527.302s][info][gc,heap        ] GC(1759) ParOldGen: 519803K(667648K)->520627K(667648K)
[527.302s][info][gc,metaspace   ] GC(1759) Metaspace: 18985K(19136K)->18985K(19136K) NonClass: 16319K(16384K)->16319K(16384K) Class: 2665K(2752K)->2665K(2752K)
[527.302s][info][gc             ] GC(1759) Pause Young (Allocation Failure) 680M->512M(896M) 10.214ms
[527.302s][info][gc,cpu         ] GC(1759) User=0.02s Sys=0.00s Real=0.01s
[527.564s][info][gc,start       ] GC(1760) Pause Young (Allocation Failure)
[527.597s][info][gc,heap        ] GC(1760) PSYoungGen: 180512K(249856K)->30528K(259072K) Eden: 176640K(176640K)->0K(188416K) From: 3872K(73216K)->30528K(70656K)
[527.597s][info][gc,heap        ] GC(1760) ParOldGen: 520627K(667648K)->520627K(667648K)
[527.597s][info][gc,metaspace   ] GC(1760) Metaspace: 18985K(19136K)->18985K(19136K) NonClass: 16319K(16384K)->16319K(16384K) Class: 2665K(2752K)->2665K(2752K)
[527.597s][info][gc             ] GC(1760) Pause Young (Allocation Failure) 684M->538M(905M) 32.735ms
[527.597s][info][gc,cpu         ] GC(1760) User=0.06s Sys=0.00s Real=0.03s
[528.084s][info][gc,start       ] GC(1761) Pause Young (Allocation Failure)
[528.114s][info][gc,heap        ] GC(1761) PSYoungGen: 218944K(259072K)->30560K(258048K) Eden: 188416K(188416K)->0K(188416K) From: 30528K(70656K)->30560K(69632K)
[528.114s][info][gc,heap        ] GC(1761) ParOldGen: 520627K(667648K)->520627K(667648K)
[528.114s][info][gc,metaspace   ] GC(1761) Metaspace: 18985K(19136K)->18985K(19136K) NonClass: 16319K(16384K)->16319K(16384K) Class: 2665K(2752K)->2665K(2752K)
[528.115s][info][gc             ] GC(1761) Pause Young (Allocation Failure) 722M->538M(904M) 30.295ms
[528.115s][info][gc,cpu         ] GC(1761) User=0.06s Sys=0.00s Real=0.03s
[528.556s][info][gc,start       ] GC(1762) Pause Young (Allocation Failure)
[528.587s][info][gc,heap        ] GC(1762) PSYoungGen: 218976K(258048K)->30592K(262656K) Eden: 188416K(188416K)->0K(195072K) From: 30560K(69632K)->30592K(67584K)
[528.587s][info][gc,heap        ] GC(1762) ParOldGen: 520627K(667648K)->520627K(667648K)
[528.587s][info][gc,metaspace   ] GC(1762) Metaspace: 18985K(19136K)->18985K(19136K) NonClass: 16319K(16384K)->16319K(16384K) Class: 2665K(2752K)->2665K(2752K)
[528.587s][info][gc             ] GC(1762) Pause Young (Allocation Failure) 722M->538M(908M) 31.371ms
[528.587s][info][gc,cpu         ] GC(1762) User=0.07s Sys=0.00s Real=0.03s
[529.042s][info][gc,start       ] GC(1763) Pause Young (Allocation Failure)
[529.094s][info][gc,heap        ] GC(1763) PSYoungGen: 225664K(262656K)->30832K(261632K) Eden: 195072K(195072K)->0K(195072K) From: 30592K(67584K)->30832K(66560K)
[529.094s][info][gc,heap        ] GC(1763) ParOldGen: 520627K(667648K)->520627K(667648K)
[529.094s][info][gc,metaspace   ] GC(1763) Metaspace: 18985K(19136K)->18985K(19136K) NonClass: 16319K(16384K)->16319K(16384K) Class: 2665K(2752K)->2665K(2752K)
[529.094s][info][gc             ] GC(1763) Pause Young (Allocation Failure) 728M->538M(907M) 51.897ms
[529.094s][info][gc,cpu         ] GC(1763) User=0.10s Sys=0.01s Real=0.05s
[529.316s][info][gc,start       ] GC(1764) Pause Young (Allocation Failure)
[529.388s][info][gc,heap        ] GC(1764) PSYoungGen: 225904K(261632K)->65008K(236032K) Eden: 195072K(195072K)->0K(171008K) From: 30832K(66560K)->65008K(65024K)
[529.389s][info][gc,heap        ] GC(1764) ParOldGen: 520627K(667648K)->535627K(667648K)
[529.389s][info][gc,metaspace   ] GC(1764) Metaspace: 18985K(19136K)->18985K(19136K) NonClass: 16320K(16384K)->16320K(16384K) Class: 2665K(2752K)->2665K(2752K)
[529.389s][info][gc             ] GC(1764) Pause Young (Allocation Failure) 729M->586M(882M) 72.598ms
[529.389s][info][gc,cpu         ] GC(1764) User=0.14s Sys=0.01s Real=0.07s
[529.624s][info][gc,start       ] GC(1765) Pause Young (Allocation Failure)
[529.702s][info][gc,heap        ] GC(1765) PSYoungGen: 236016K(236032K)->60720K(231936K) Eden: 171008K(171008K)->0K(171008K) From: 65008K(65024K)->60720K(60928K)
[529.702s][info][gc,heap        ] GC(1765) ParOldGen: 535627K(667648K)->566195K(667648K)
[529.702s][info][gc,metaspace   ] GC(1765) Metaspace: 18985K(19136K)->18985K(19136K) NonClass: 16320K(16384K)->16320K(16384K) Class: 2665K(2752K)->2665K(2752K)
[529.702s][info][gc             ] GC(1765) Pause Young (Allocation Failure) 753M->612M(878M) 77.283ms
[529.702s][info][gc,cpu         ] GC(1765) User=0.16s Sys=0.00s Real=0.08s
[529.945s][info][gc,start       ] GC(1766) Pause Young (Allocation Failure)
[530.041s][info][gc,heap        ] GC(1766) PSYoungGen: 231728K(231936K)->87520K(212480K) Eden: 171008K(171008K)->0K(124928K) From: 60720K(60928K)->87520K(87552K)
[530.041s][info][gc,heap        ] GC(1766) ParOldGen: 566195K(667648K)->572635K(667648K)
[530.041s][info][gc,metaspace   ] GC(1766) Metaspace: 18985K(19136K)->18985K(19136K) NonClass: 16320K(16384K)->16320K(16384K) Class: 2665K(2752K)->2665K(2752K)
[530.041s][info][gc             ] GC(1766) Pause Young (Allocation Failure) 779M->644M(859M) 96.474ms
[530.041s][info][gc,cpu         ] GC(1766) User=0.19s Sys=0.00s Real=0.10s
[530.201s][info][gc,start       ] GC(1767) Pause Young (Allocation Failure)
[530.312s][info][gc,heap        ] GC(1767) PSYoungGen: 212448K(212480K)->104432K(229376K) Eden: 124928K(124928K)->0K(124928K) From: 87520K(87552K)->104432K(104448K)
[530.312s][info][gc,heap        ] GC(1767) ParOldGen: 572635K(667648K)->576332K(667648K)
[530.312s][info][gc,metaspace   ] GC(1767) Metaspace: 18985K(19136K)->18985K(19136K) NonClass: 16320K(16384K)->16320K(16384K) Class: 2665K(2752K)->2665K(2752K)
[530.312s][info][gc             ] GC(1767) Pause Young (Allocation Failure) 766M->664M(876M) 110.644ms
[530.312s][info][gc,cpu         ] GC(1767) User=0.22s Sys=0.00s Real=0.11s
[530.413s][info][gc,start       ] GC(1768) Pause Young (Allocation Failure)
[530.526s][info][gc,heap        ] GC(1768) PSYoungGen: 229360K(229376K)->48384K(216064K) Eden: 124928K(124928K)->0K(111616K) From: 104432K(104448K)->48384K(104448K)
[530.526s][info][gc,heap        ] GC(1768) ParOldGen: 576332K(667648K)->636948K(667648K)
[530.526s][info][gc,metaspace   ] GC(1768) Metaspace: 18985K(19136K)->18985K(19136K) NonClass: 16320K(16384K)->16320K(16384K) Class: 2665K(2752K)->2665K(2752K)
[530.526s][info][gc             ] GC(1768) Pause Young (Allocation Failure) 786M->669M(863M) 112.638ms
[530.526s][info][gc,cpu         ] GC(1768) User=0.23s Sys=0.00s Real=0.11s
[530.655s][info][gc,start       ] GC(1769) Pause Full (Allocation Failure)
[530.655s][info][gc,phases,start] GC(1769) Marking Phase
[531.019s][info][gc,phases      ] GC(1769) Marking Phase 363.844ms
[531.019s][info][gc,phases,start] GC(1769) Summary Phase
[531.019s][info][gc,phases      ] GC(1769) Summary Phase 0.029ms
[531.019s][info][gc,phases,start] GC(1769) Forward
[531.155s][info][gc,phases      ] GC(1769) Forward 135.510ms
[531.155s][info][gc,phases,start] GC(1769) Adjust Pointers
[531.431s][info][gc,phases      ] GC(1769) Adjust Pointers 276.137ms
[531.431s][info][gc,phases,start] GC(1769) Compaction Phase
[531.601s][info][gc,phases      ] GC(1769) Compaction Phase 169.887ms
[531.613s][info][gc,phases,start] GC(1769) Post Compact
[531.615s][info][gc,phases      ] GC(1769) Post Compact 2.318ms
[531.615s][info][gc,heap        ] GC(1769) PSYoungGen: 160000K(216064K)->0K(222720K) Eden: 111616K(111616K)->0K(111616K) From: 48384K(104448K)->0K(111104K)
[531.615s][info][gc,heap        ] GC(1769) ParOldGen: 636948K(667648K)->510932K(667648K)
[531.615s][info][gc,metaspace   ] GC(1769) Metaspace: 18985K(19136K)->18985K(19136K) NonClass: 16320K(16384K)->16320K(16384K) Class: 2665K(2752K)->2665K(2752K)
[531.615s][info][gc             ] GC(1769) Pause Full (Allocation Failure) 778M->498M(869M) 960.035ms
[531.615s][info][gc,cpu         ] GC(1769) User=1.81s Sys=0.00s Real=0.96s
[531.744s][info][gc,start       ] GC(1770) Pause Young (Allocation Failure)
[531.757s][info][gc,heap        ] GC(1770) PSYoungGen: 111616K(222720K)->3904K(222720K) Eden: 111616K(111616K)->0K(111616K) From: 0K(111104K)->3904K(111104K)
[531.757s][info][gc,heap        ] GC(1770) ParOldGen: 510932K(667648K)->510932K(667648K)
[531.757s][info][gc,metaspace   ] GC(1770) Metaspace: 18985K(19136K)->18985K(19136K) NonClass: 16320K(16384K)->16320K(16384K) Class: 2665K(2752K)->2665K(2752K)
[531.757s][info][gc             ] GC(1770) Pause Young (Allocation Failure) 607M->502M(869M) 12.874ms
[531.757s][info][gc,cpu         ] GC(1770) User=0.03s Sys=0.00s Real=0.01s
[531.886s][info][gc,start       ] GC(1771) Pause Young (Allocation Failure)
[531.899s][info][gc,heap        ] GC(1771) PSYoungGen: 115520K(222720K)->6176K(222720K) Eden: 111616K(111616K)->0K(111616K) From: 3904K(111104K)->6176K(111104K)
[531.899s][info][gc,heap        ] GC(1771) ParOldGen: 510932K(667648K)->514828K(667648K)
[531.899s][info][gc,metaspace   ] GC(1771) Metaspace: 18985K(19136K)->18985K(19136K) NonClass: 16320K(16384K)->16320K(16384K) Class: 2665K(2752K)->2665K(2752K)
[531.899s][info][gc             ] GC(1771) Pause Young (Allocation Failure) 611M->508M(869M) 12.766ms
[531.899s][info][gc,cpu         ] GC(1771) User=0.03s Sys=0.00s Real=0.01s
[532.066s][info][gc,start       ] GC(1772) Pause Young (Allocation Failure)
[532.092s][info][gc,heap        ] GC(1772) PSYoungGen: 117792K(222720K)->19579K(222720K) Eden: 111616K(111616K)->0K(111616K) From: 6176K(111104K)->19579K(111104K)
[532.092s][info][gc,heap        ] GC(1772) ParOldGen: 514828K(667648K)->521004K(667648K)
[532.092s][info][gc,metaspace   ] GC(1772) Metaspace: 18986K(19136K)->18986K(19136K) NonClass: 16321K(16384K)->16321K(16384K) Class: 2665K(2752K)->2665K(2752K)
[532.092s][info][gc             ] GC(1772) Pause Young (Allocation Failure) 617M->527M(869M) 25.872ms
[532.092s][info][gc,cpu         ] GC(1772) User=0.05s Sys=0.00s Real=0.03s
[532.201s][info][gc,start       ] GC(1773) Pause Young (Allocation Failure)
[532.238s][info][gc,heap        ] GC(1773) PSYoungGen: 131195K(222720K)->14720K(126464K) Eden: 111616K(111616K)->0K(111616K) From: 19579K(111104K)->14720K(14848K)
[532.238s][info][gc,heap        ] GC(1773) ParOldGen: 521004K(667648K)->540648K(667648K)
[532.238s][info][gc,metaspace   ] GC(1773) Metaspace: 18986K(19136K)->18986K(19136K) NonClass: 16321K(16384K)->16321K(16384K) Class: 2665K(2752K)->2665K(2752K)
[532.238s][info][gc             ] GC(1773) Pause Young (Allocation Failure) 636M->542M(775M) 36.663ms
[532.238s][info][gc,cpu         ] GC(1773) User=0.07s Sys=0.00s Real=0.03s
[532.385s][info][gc,start       ] GC(1774) Pause Young (Allocation Failure)
[532.412s][info][gc,heap        ] GC(1774) PSYoungGen: 126336K(126464K)->12144K(222720K) Eden: 111616K(111616K)->0K(115200K) From: 14720K(14848K)->12144K(107520K)
[532.412s][info][gc,heap        ] GC(1774) ParOldGen: 540648K(667648K)->555368K(667648K)
[532.412s][info][gc,metaspace   ] GC(1774) Metaspace: 18991K(19136K)->18991K(19136K) NonClass: 16326K(16384K)->16326K(16384K) Class: 2665K(2752K)->2665K(2752K)
[532.412s][info][gc             ] GC(1774) Pause Young (Allocation Failure) 651M->554M(869M) 27.616ms
[532.412s][info][gc,cpu         ] GC(1774) User=0.06s Sys=0.00s Real=0.03s
[532.576s][info][gc,start       ] GC(1775) Pause Young (Allocation Failure)
[532.605s][info][gc,heap        ] GC(1775) PSYoungGen: 127344K(222720K)->21600K(219136K) Eden: 115200K(115200K)->0K(115200K) From: 12144K(107520K)->21600K(103936K)
[532.605s][info][gc,heap        ] GC(1775) ParOldGen: 555368K(667648K)->561688K(667648K)
[532.605s][info][gc,metaspace   ] GC(1775) Metaspace: 18992K(19136K)->18992K(19136K) NonClass: 16327K(16384K)->16327K(16384K) Class: 2665K(2752K)->2665K(2752K)
[532.605s][info][gc             ] GC(1775) Pause Young (Allocation Failure) 666M->569M(866M) 29.173ms
[532.605s][info][gc,cpu         ] GC(1775) User=0.06s Sys=0.00s Real=0.03s
[532.729s][info][gc,start       ] GC(1776) Pause Young (Allocation Failure)
[532.759s][info][gc,heap        ] GC(1776) PSYoungGen: 136800K(219136K)->7680K(223232K) Eden: 115200K(115200K)->0K(125440K) From: 21600K(103936K)->7680K(97792K)
[532.759s][info][gc,heap        ] GC(1776) ParOldGen: 561688K(667648K)->583376K(667648K)
[532.759s][info][gc,metaspace   ] GC(1776) Metaspace: 18992K(19136K)->18992K(19136K) NonClass: 16327K(16384K)->16327K(16384K) Class: 2665K(2752K)->2665K(2752K)
[532.759s][info][gc             ] GC(1776) Pause Young (Allocation Failure) 682M->577M(870M) 30.157ms
[532.759s][info][gc,cpu         ] GC(1776) User=0.06s Sys=0.00s Real=0.03s
[532.979s][info][gc,start       ] GC(1777) Pause Young (Allocation Failure)
[532.992s][info][gc,heap        ] GC(1777) PSYoungGen: 133120K(223232K)->3072K(221184K) Eden: 125440K(125440K)->0K(125440K) From: 7680K(97792K)->3072K(95744K)
[532.992s][info][gc,heap        ] GC(1777) ParOldGen: 583376K(667648K)->590848K(667648K)
[532.992s][info][gc,metaspace   ] GC(1777) Metaspace: 18992K(19136K)->18992K(19136K) NonClass: 16327K(16384K)->16327K(16384K) Class: 2665K(2752K)->2665K(2752K)
[532.992s][info][gc             ] GC(1777) Pause Young (Allocation Failure) 699M->580M(868M) 12.903ms
[532.992s][info][gc,cpu         ] GC(1777) User=0.02s Sys=0.00s Real=0.02s
[533.249s][info][gc,start       ] GC(1778) Pause Young (Allocation Failure)
[533.260s][info][gc,heap        ] GC(1778) PSYoungGen: 128512K(221184K)->7344K(222208K) Eden: 125440K(125440K)->0K(136704K) From: 3072K(95744K)->7344K(85504K)
[533.260s][info][gc,heap        ] GC(1778) ParOldGen: 590848K(667648K)->593920K(667648K)
[533.260s][info][gc,metaspace   ] GC(1778) Metaspace: 18992K(19136K)->18992K(19136K) NonClass: 16327K(16384K)->16327K(16384K) Class: 2665K(2752K)->2665K(2752K)
[533.260s][info][gc             ] GC(1778) Pause Young (Allocation Failure) 702M->587M(869M) 11.153ms
[533.261s][info][gc,cpu         ] GC(1778) User=0.02s Sys=0.00s Real=0.02s
[533.426s][info][gc,start       ] GC(1779) Pause Young (Allocation Failure)
[533.442s][info][gc,heap        ] GC(1779) PSYoungGen: 144048K(222208K)->15696K(226816K) Eden: 136704K(136704K)->0K(136704K) From: 7344K(85504K)->15696K(90112K)
[533.442s][info][gc,heap        ] GC(1779) ParOldGen: 593920K(667648K)->593920K(667648K)
[533.442s][info][gc,metaspace   ] GC(1779) Metaspace: 18992K(19136K)->18992K(19136K) NonClass: 16327K(16384K)->16327K(16384K) Class: 2665K(2752K)->2665K(2752K)
[533.442s][info][gc             ] GC(1779) Pause Young (Allocation Failure) 720M->595M(873M) 16.398ms
[533.442s][info][gc,cpu         ] GC(1779) User=0.03s Sys=0.00s Real=0.02s
[533.544s][info][gc,start       ] GC(1780) Pause Young (Allocation Failure)
[533.588s][info][gc,heap        ] GC(1780) PSYoungGen: 152400K(226816K)->58256K(226816K) Eden: 136704K(136704K)->0K(141824K) From: 15696K(90112K)->58256K(84992K)
[533.588s][info][gc,heap        ] GC(1780) ParOldGen: 593920K(667648K)->593920K(667648K)
[533.588s][info][gc,metaspace   ] GC(1780) Metaspace: 18992K(19136K)->18992K(19136K) NonClass: 16327K(16384K)->16327K(16384K) Class: 2665K(2752K)->2665K(2752K)
[533.588s][info][gc             ] GC(1780) Pause Young (Allocation Failure) 728M->636M(873M) 44.272ms
[533.588s][info][gc,cpu         ] GC(1780) User=0.08s Sys=0.00s Real=0.04s
[533.786s][info][gc,start       ] GC(1781) Pause Young (Allocation Failure)
[533.848s][info][gc,heap        ] GC(1781) PSYoungGen: 200080K(226816K)->82544K(224768K) Eden: 141824K(141824K)->0K(141824K) From: 58256K(84992K)->82544K(82944K)
[533.848s][info][gc,heap        ] GC(1781) ParOldGen: 593920K(667648K)->601309K(667648K)
[533.848s][info][gc,metaspace   ] GC(1781) Metaspace: 18992K(19136K)->18992K(19136K) NonClass: 16327K(16384K)->16327K(16384K) Class: 2665K(2752K)->2665K(2752K)
[533.848s][info][gc             ] GC(1781) Pause Young (Allocation Failure) 775M->667M(871M) 61.911ms
[533.848s][info][gc,cpu         ] GC(1781) User=0.13s Sys=0.00s Real=0.06s
[534.033s][info][gc,start       ] GC(1782) Pause Young (Allocation Failure)
[534.125s][info][gc,heap        ] GC(1782) PSYoungGen: 224368K(224768K)->48448K(229376K) Eden: 141824K(141824K)->0K(123392K) From: 82544K(82944K)->48448K(105984K)
[534.125s][info][gc,heap        ] GC(1782) ParOldGen: 601309K(667648K)->652773K(667648K)
[534.125s][info][gc,metaspace   ] GC(1782) Metaspace: 18992K(19136K)->18992K(19136K) NonClass: 16327K(16384K)->16327K(16384K) Class: 2665K(2752K)->2665K(2752K)
[534.125s][info][gc             ] GC(1782) Pause Young (Allocation Failure) 806M->684M(876M) 92.137ms
[534.125s][info][gc,cpu         ] GC(1782) User=0.17s Sys=0.01s Real=0.09s
[534.262s][info][gc,start       ] GC(1783) Pause Full (Allocation Failure)
[534.262s][info][gc,phases,start] GC(1783) Marking Phase
[534.616s][info][gc,phases      ] GC(1783) Marking Phase 353.402ms
[534.616s][info][gc,phases,start] GC(1783) Summary Phase
[534.616s][info][gc,phases      ] GC(1783) Summary Phase 0.040ms
[534.616s][info][gc,phases,start] GC(1783) Forward
[534.700s][info][gc,phases      ] GC(1783) Forward 84.474ms
[534.700s][info][gc,phases,start] GC(1783) Adjust Pointers
[534.965s][info][gc,phases      ] GC(1783) Adjust Pointers 264.658ms
[534.965s][info][gc,phases,start] GC(1783) Compaction Phase
[535.111s][info][gc,phases      ] GC(1783) Compaction Phase 145.435ms
[535.118s][info][gc,phases,start] GC(1783) Post Compact
[535.120s][info][gc,phases      ] GC(1783) Post Compact 2.432ms
[535.120s][info][gc,heap        ] GC(1783) PSYoungGen: 171840K(229376K)->0K(227840K) Eden: 123392K(123392K)->0K(123392K) From: 48448K(105984K)->0K(104448K)
[535.120s][info][gc,heap        ] GC(1783) ParOldGen: 652773K(667648K)->494919K(667648K)
[535.120s][info][gc,metaspace   ] GC(1783) Metaspace: 18992K(19136K)->18992K(19136K) NonClass: 16327K(16384K)->16327K(16384K) Class: 2665K(2752K)->2665K(2752K)
[535.120s][info][gc             ] GC(1783) Pause Full (Allocation Failure) 805M->483M(874M) 858.000ms
[535.120s][info][gc,cpu         ] GC(1783) User=1.64s Sys=0.00s Real=0.86s
[535.266s][info][gc,start       ] GC(1784) Pause Young (Allocation Failure)
[535.286s][info][gc,heap        ] GC(1784) PSYoungGen: 123392K(227840K)->15808K(222720K) Eden: 123392K(123392K)->0K(124928K) From: 0K(104448K)->15808K(97792K)
[535.286s][info][gc,heap        ] GC(1784) ParOldGen: 494919K(667648K)->494919K(667648K)
[535.286s][info][gc,metaspace   ] GC(1784) Metaspace: 18992K(19136K)->18992K(19136K) NonClass: 16327K(16384K)->16327K(16384K) Class: 2665K(2752K)->2665K(2752K)
[535.286s][info][gc             ] GC(1784) Pause Young (Allocation Failure) 603M->498M(869M) 20.199ms
[535.286s][info][gc,cpu         ] GC(1784) User=0.04s Sys=0.00s Real=0.02s
[535.400s][info][gc,start       ] GC(1785) Pause Young (Allocation Failure)
[535.420s][info][gc,heap        ] GC(1785) PSYoungGen: 140736K(222720K)->672K(225280K) Eden: 124928K(124928K)->0K(124928K) From: 15808K(97792K)->672K(100352K)
[535.420s][info][gc,heap        ] GC(1785) ParOldGen: 494919K(667648K)->510751K(667648K)
[535.420s][info][gc,metaspace   ] GC(1785) Metaspace: 18992K(19136K)->18992K(19136K) NonClass: 16327K(16384K)->16327K(16384K) Class: 2665K(2752K)->2665K(2752K)
[535.420s][info][gc             ] GC(1785) Pause Young (Allocation Failure) 620M->499M(872M) 20.180ms
[535.420s][info][gc,cpu         ] GC(1785) User=0.04s Sys=0.00s Real=0.02s
[535.570s][info][gc,start       ] GC(1786) Pause Young (Allocation Failure)
[535.581s][info][gc,heap        ] GC(1786) PSYoungGen: 125600K(225280K)->4768K(226304K) Eden: 124928K(124928K)->0K(134144K) From: 672K(100352K)->4768K(92160K)
[535.581s][info][gc,heap        ] GC(1786) ParOldGen: 510751K(667648K)->510751K(667648K)
[535.582s][info][gc,metaspace   ] GC(1786) Metaspace: 18992K(19136K)->18992K(19136K) NonClass: 16327K(16384K)->16327K(16384K) Class: 2665K(2752K)->2665K(2752K)
[535.582s][info][gc             ] GC(1786) Pause Young (Allocation Failure) 621M->503M(873M) 11.120ms
[535.582s][info][gc,cpu         ] GC(1786) User=0.02s Sys=0.00s Real=0.01s
[535.759s][info][gc,start       ] GC(1787) Pause Young (Allocation Failure)
[535.775s][info][gc,heap        ] GC(1787) PSYoungGen: 138912K(226304K)->13984K(230400K) Eden: 134144K(134144K)->0K(134144K) From: 4768K(92160K)->13984K(96256K)
[535.775s][info][gc,heap        ] GC(1787) ParOldGen: 510751K(667648K)->510751K(667648K)
[535.775s][info][gc,metaspace   ] GC(1787) Metaspace: 18992K(19136K)->18992K(19136K) NonClass: 16327K(16384K)->16327K(16384K) Class: 2665K(2752K)->2665K(2752K)
[535.775s][info][gc             ] GC(1787) Pause Young (Allocation Failure) 634M->512M(877M) 15.734ms
[535.775s][info][gc,cpu         ] GC(1787) User=0.03s Sys=0.00s Real=0.02s
[535.976s][info][gc,start       ] GC(1788) Pause Young (Allocation Failure)
[536.010s][info][gc,heap        ] GC(1788) PSYoungGen: 148128K(230400K)->32144K(229888K) Eden: 134144K(134144K)->0K(145920K) From: 13984K(96256K)->32144K(83968K)
[536.010s][info][gc,heap        ] GC(1788) ParOldGen: 510751K(667648K)->510751K(667648K)
[536.010s][info][gc,metaspace   ] GC(1788) Metaspace: 18992K(19136K)->18992K(19136K) NonClass: 16327K(16384K)->16327K(16384K) Class: 2665K(2752K)->2665K(2752K)
[536.010s][info][gc             ] GC(1788) Pause Young (Allocation Failure) 643M->530M(876M) 34.300ms
[536.010s][info][gc,cpu         ] GC(1788) User=0.06s Sys=0.00s Real=0.04s
[536.434s][info][gc,start       ] GC(1789) Pause Young (Allocation Failure)
[536.475s][info][gc,heap        ] GC(1789) PSYoungGen: 178064K(229888K)->31856K(233472K) Eden: 145920K(145920K)->0K(145920K) From: 32144K(83968K)->31856K(87552K)
[536.475s][info][gc,heap        ] GC(1789) ParOldGen: 510751K(667648K)->510751K(667648K)
[536.475s][info][gc,metaspace   ] GC(1789) Metaspace: 18992K(19136K)->18992K(19136K) NonClass: 16327K(16384K)->16327K(16384K) Class: 2665K(2752K)->2665K(2752K)
[536.475s][info][gc             ] GC(1789) Pause Young (Allocation Failure) 672M->529M(880M) 41.140ms
[536.475s][info][gc,cpu         ] GC(1789) User=0.08s Sys=0.01s Real=0.04s
[536.693s][info][gc,start       ] GC(1790) Pause Young (Allocation Failure)
[536.741s][info][gc,heap        ] GC(1790) PSYoungGen: 177776K(233472K)->55536K(236032K) Eden: 145920K(145920K)->0K(152576K) From: 31856K(87552K)->55536K(83456K)
[536.741s][info][gc,heap        ] GC(1790) ParOldGen: 510751K(667648K)->510751K(667648K)
[536.741s][info][gc,metaspace   ] GC(1790) Metaspace: 18998K(19136K)->18998K(19136K) NonClass: 16333K(16384K)->16333K(16384K) Class: 2665K(2752K)->2665K(2752K)
[536.741s][info][gc             ] GC(1790) Pause Young (Allocation Failure) 672M->553M(882M) 48.083ms
[536.741s][info][gc,cpu         ] GC(1790) User=0.09s Sys=0.00s Real=0.05s
[536.941s][info][gc,start       ] GC(1791) Pause Young (Allocation Failure)
[537.010s][info][gc,heap        ] GC(1791) PSYoungGen: 208112K(236032K)->77520K(230400K) Eden: 152576K(152576K)->0K(152576K) From: 55536K(83456K)->77520K(77824K)
[537.010s][info][gc,heap        ] GC(1791) ParOldGen: 510751K(667648K)->510751K(667648K)
[537.010s][info][gc,metaspace   ] GC(1791) Metaspace: 18998K(19136K)->18998K(19136K) NonClass: 16333K(16384K)->16333K(16384K) Class: 2665K(2752K)->2665K(2752K)
[537.010s][info][gc             ] GC(1791) Pause Young (Allocation Failure) 702M->574M(877M) 68.907ms
[537.010s][info][gc,cpu         ] GC(1791) User=0.14s Sys=0.00s Real=0.07s
[537.249s][info][gc,start       ] GC(1792) Pause Young (Allocation Failure)
[537.325s][info][gc,heap        ] GC(1792) PSYoungGen: 230096K(230400K)->82896K(211968K) Eden: 152576K(152576K)->0K(111616K) From: 77520K(77824K)->82896K(100352K)
[537.325s][info][gc,heap        ] GC(1792) ParOldGen: 510751K(667648K)->510751K(667648K)
[537.325s][info][gc,metaspace   ] GC(1792) Metaspace: 18998K(19136K)->18998K(19136K) NonClass: 16333K(16384K)->16333K(16384K) Class: 2665K(2752K)->2665K(2752K)
[537.325s][info][gc             ] GC(1792) Pause Young (Allocation Failure) 723M->579M(859M) 75.508ms
[537.325s][info][gc,cpu         ] GC(1792) User=0.15s Sys=0.00s Real=0.08s
[537.478s][info][gc,start       ] GC(1793) Pause Young (Allocation Failure)
[537.567s][info][gc,heap        ] GC(1793) PSYoungGen: 194512K(211968K)->93152K(222720K) Eden: 111616K(111616K)->0K(111616K) From: 82896K(100352K)->93152K(111104K)
[537.567s][info][gc,heap        ] GC(1793) ParOldGen: 510751K(667648K)->515535K(667648K)
[537.567s][info][gc,metaspace   ] GC(1793) Metaspace: 18998K(19136K)->18998K(19136K) NonClass: 16333K(16384K)->16333K(16384K) Class: 2665K(2752K)->2665K(2752K)
[537.567s][info][gc             ] GC(1793) Pause Young (Allocation Failure) 688M->594M(869M) 89.415ms
[537.567s][info][gc,cpu         ] GC(1793) User=0.17s Sys=0.00s Real=0.09s
[537.680s][info][gc,start       ] GC(1794) Pause Young (Allocation Failure)
[537.773s][info][gc,heap        ] GC(1794) PSYoungGen: 204768K(222720K)->72976K(222720K) Eden: 111616K(111616K)->0K(111616K) From: 93152K(111104K)->72976K(111104K)
[537.773s][info][gc,heap        ] GC(1794) ParOldGen: 515535K(667648K)->542415K(667648K)
[537.773s][info][gc,metaspace   ] GC(1794) Metaspace: 18998K(19136K)->18998K(19136K) NonClass: 16333K(16384K)->16333K(16384K) Class: 2665K(2752K)->2665K(2752K)
[537.773s][info][gc             ] GC(1794) Pause Young (Allocation Failure) 703M->600M(869M) 92.623ms
[537.773s][info][gc,cpu         ] GC(1794) User=0.18s Sys=0.00s Real=0.09s
[537.902s][info][gc,start       ] GC(1795) Pause Young (Allocation Failure)
[537.971s][info][gc,heap        ] GC(1795) PSYoungGen: 184592K(222720K)->51072K(222720K) Eden: 111616K(111616K)->0K(111616K) From: 72976K(111104K)->51072K(111104K)
[537.971s][info][gc,heap        ] GC(1795) ParOldGen: 542415K(667648K)->566599K(667648K)
[537.971s][info][gc,metaspace   ] GC(1795) Metaspace: 18998K(19136K)->18998K(19136K) NonClass: 16333K(16384K)->16333K(16384K) Class: 2665K(2752K)->2665K(2752K)
[537.971s][info][gc             ] GC(1795) Pause Young (Allocation Failure) 709M->603M(869M) 69.480ms
[537.971s][info][gc,cpu         ] GC(1795) User=0.13s Sys=0.00s Real=0.07s
[538.119s][info][gc,start       ] GC(1796) Pause Young (Allocation Failure)
[538.188s][info][gc,heap        ] GC(1796) PSYoungGen: 162688K(222720K)->38144K(222720K) Eden: 111616K(111616K)->0K(111616K) From: 51072K(111104K)->38144K(111104K)
[538.188s][info][gc,heap        ] GC(1796) ParOldGen: 566599K(667648K)->594151K(667648K)
[538.188s][info][gc,metaspace   ] GC(1796) Metaspace: 18998K(19136K)->18998K(19136K) NonClass: 16333K(16384K)->16333K(16384K) Class: 2665K(2752K)->2665K(2752K)
[538.188s][info][gc             ] GC(1796) Pause Young (Allocation Failure) 712M->617M(869M) 69.387ms
[538.188s][info][gc,cpu         ] GC(1796) User=0.13s Sys=0.00s Real=0.07s
[538.496s][info][gc,start       ] GC(1797) Pause Young (Allocation Failure)
[538.533s][info][gc,heap        ] GC(1797) PSYoungGen: 149760K(222720K)->16544K(222720K) Eden: 111616K(111616K)->0K(111616K) From: 38144K(111104K)->16544K(111104K)
[538.533s][info][gc,heap        ] GC(1797) ParOldGen: 594151K(667648K)->615863K(667648K)
[538.533s][info][gc,metaspace   ] GC(1797) Metaspace: 18998K(19136K)->18998K(19136K) NonClass: 16333K(16384K)->16333K(16384K) Class: 2665K(2752K)->2665K(2752K)
[538.533s][info][gc             ] GC(1797) Pause Young (Allocation Failure) 726M->617M(869M) 37.141ms
[538.534s][info][gc,cpu         ] GC(1797) User=0.08s Sys=0.00s Real=0.04s
[538.800s][info][gc,start       ] GC(1798) Pause Young (Allocation Failure)
[538.819s][info][gc,heap        ] GC(1798) PSYoungGen: 128160K(222720K)->96K(222720K) Eden: 111616K(111616K)->0K(111616K) From: 16544K(111104K)->96K(111104K)
[538.819s][info][gc,heap        ] GC(1798) ParOldGen: 615863K(667648K)->632367K(667648K)
[538.819s][info][gc,metaspace   ] GC(1798) Metaspace: 18998K(19136K)->18998K(19136K) NonClass: 16333K(16384K)->16333K(16384K) Class: 2665K(2752K)->2665K(2752K)
[538.819s][info][gc             ] GC(1798) Pause Young (Allocation Failure) 726M->617M(869M) 18.546ms
[538.819s][info][gc,cpu         ] GC(1798) User=0.03s Sys=0.00s Real=0.01s
[539.059s][info][gc,start       ] GC(1799) Pause Full (Allocation Failure)
[539.059s][info][gc,phases,start] GC(1799) Marking Phase
[539.402s][info][gc,phases      ] GC(1799) Marking Phase 343.024ms
[539.402s][info][gc,phases,start] GC(1799) Summary Phase
[539.402s][info][gc,phases      ] GC(1799) Summary Phase 0.025ms
[539.402s][info][gc,phases,start] GC(1799) Forward
[539.536s][info][gc,phases      ] GC(1799) Forward 133.990ms
[539.536s][info][gc,phases,start] GC(1799) Adjust Pointers
[539.795s][info][gc,phases      ] GC(1799) Adjust Pointers 259.131ms
[539.795s][info][gc,phases,start] GC(1799) Compaction Phase
[539.942s][info][gc,phases      ] GC(1799) Compaction Phase 146.598ms
[539.951s][info][gc,phases,start] GC(1799) Post Compact
[539.954s][info][gc,phases      ] GC(1799) Post Compact 2.198ms
[539.954s][info][gc,heap        ] GC(1799) PSYoungGen: 111712K(222720K)->0K(222720K) Eden: 111616K(111616K)->0K(111616K) From: 96K(111104K)->0K(111104K)
[539.954s][info][gc,heap        ] GC(1799) ParOldGen: 632367K(667648K)->468719K(667648K)
[539.954s][info][gc,metaspace   ] GC(1799) Metaspace: 18998K(19136K)->18998K(19136K) NonClass: 16333K(16384K)->16333K(16384K) Class: 2665K(2752K)->2665K(2752K)
[539.954s][info][gc             ] GC(1799) Pause Full (Allocation Failure) 726M->457M(869M) 894.752ms
[539.954s][info][gc,cpu         ] GC(1799) User=1.66s Sys=0.00s Real=0.90s
[540.227s][info][gc,start       ] GC(1800) Pause Young (Allocation Failure)
[540.242s][info][gc,heap        ] GC(1800) PSYoungGen: 111616K(222720K)->64K(222720K) Eden: 111616K(111616K)->0K(111616K) From: 0K(111104K)->64K(111104K)
[540.242s][info][gc,heap        ] GC(1800) ParOldGen: 468719K(667648K)->468719K(667648K)
[540.242s][info][gc,metaspace   ] GC(1800) Metaspace: 18998K(19136K)->18998K(19136K) NonClass: 16333K(16384K)->16333K(16384K) Class: 2665K(2752K)->2665K(2752K)
[540.242s][info][gc             ] GC(1800) Pause Young (Allocation Failure) 566M->457M(869M) 15.216ms
[540.242s][info][gc,cpu         ] GC(1800) User=0.03s Sys=0.00s Real=0.02s
[540.377s][info][gc,start       ] GC(1801) Pause Young (Allocation Failure)
[540.392s][info][gc,heap        ] GC(1801) PSYoungGen: 111680K(222720K)->20368K(132096K) Eden: 111616K(111616K)->0K(111616K) From: 64K(111104K)->20368K(20480K)
[540.393s][info][gc,heap        ] GC(1801) ParOldGen: 468719K(667648K)->468767K(667648K)
[540.393s][info][gc,metaspace   ] GC(1801) Metaspace: 18999K(19136K)->18999K(19136K) NonClass: 16334K(16384K)->16334K(16384K) Class: 2665K(2752K)->2665K(2752K)
[540.393s][info][gc             ] GC(1801) Pause Young (Allocation Failure) 566M->477M(781M) 15.701ms
[540.393s][info][gc,cpu         ] GC(1801) User=0.03s Sys=0.00s Real=0.02s
[540.452s][info][gc,start       ] GC(1802) Pause Young (Allocation Failure)
[540.491s][info][gc,heap        ] GC(1802) PSYoungGen: 131984K(132096K)->60016K(217600K) Eden: 111616K(111616K)->0K(109568K) From: 20368K(20480K)->60016K(108032K)
[540.491s][info][gc,heap        ] GC(1802) ParOldGen: 468767K(667648K)->468767K(667648K)
[540.491s][info][gc,metaspace   ] GC(1802) Metaspace: 18999K(19136K)->18999K(19136K) NonClass: 16334K(16384K)->16334K(16384K) Class: 2665K(2752K)->2665K(2752K)
[540.491s][info][gc             ] GC(1802) Pause Young (Allocation Failure) 586M->516M(864M) 39.360ms
[540.491s][info][gc,cpu         ] GC(1802) User=0.07s Sys=0.00s Real=0.04s
[540.637s][info][gc,start       ] GC(1803) Pause Young (Allocation Failure)
[540.696s][info][gc,heap        ] GC(1803) PSYoungGen: 169584K(217600K)->30585K(219648K) Eden: 109568K(109568K)->0K(109568K) From: 60016K(108032K)->30585K(110080K)
[540.696s][info][gc,heap        ] GC(1803) ParOldGen: 468767K(667648K)->529442K(667648K)
[540.696s][info][gc,metaspace   ] GC(1803) Metaspace: 19001K(19136K)->19001K(19136K) NonClass: 16336K(16384K)->16336K(16384K) Class: 2665K(2752K)->2665K(2752K)
[540.696s][info][gc             ] GC(1803) Pause Young (Allocation Failure) 623M->546M(866M) 59.761ms
[540.696s][info][gc,cpu         ] GC(1803) User=0.12s Sys=0.00s Real=0.06s
[540.738s][info][gc,start       ] GC(1804) Pause Young (Allocation Failure)
[540.781s][info][gc,heap        ] GC(1804) PSYoungGen: 140153K(219648K)->28864K(216576K) Eden: 109568K(109568K)->0K(119808K) From: 30585K(110080K)->28864K(96768K)
[540.781s][info][gc,heap        ] GC(1804) ParOldGen: 529442K(667648K)->560348K(667648K)
[540.781s][info][gc,metaspace   ] GC(1804) Metaspace: 19001K(19136K)->19001K(19136K) NonClass: 16336K(16384K)->16336K(16384K) Class: 2665K(2752K)->2665K(2752K)
[540.781s][info][gc             ] GC(1804) Pause Young (Allocation Failure) 653M->575M(863M) 42.982ms
[540.781s][info][gc,cpu         ] GC(1804) User=0.09s Sys=0.00s Real=0.05s
[540.895s][info][gc,start       ] GC(1805) Pause Young (Allocation Failure)
[540.940s][info][gc,heap        ] GC(1805) PSYoungGen: 148672K(216576K)->21920K(218112K) Eden: 119808K(119808K)->0K(119808K) From: 28864K(96768K)->21920K(98304K)
[540.940s][info][gc,heap        ] GC(1805) ParOldGen: 560348K(667648K)->589492K(667648K)
[540.940s][info][gc,metaspace   ] GC(1805) Metaspace: 19001K(19136K)->19001K(19136K) NonClass: 16336K(16384K)->16336K(16384K) Class: 2665K(2752K)->2665K(2752K)
[540.940s][info][gc             ] GC(1805) Pause Young (Allocation Failure) 692M->597M(865M) 45.020ms
[540.940s][info][gc,cpu         ] GC(1805) User=0.09s Sys=0.00s Real=0.05s
[541.043s][info][gc,start       ] GC(1806) Pause Young (Allocation Failure)
[541.091s][info][gc,heap        ] GC(1806) PSYoungGen: 141728K(218112K)->18848K(222720K) Eden: 119808K(119808K)->0K(135168K) From: 21920K(98304K)->18848K(87552K)
[541.091s][info][gc,heap        ] GC(1806) ParOldGen: 589492K(667648K)->611612K(667648K)
[541.091s][info][gc,metaspace   ] GC(1806) Metaspace: 19001K(19136K)->19001K(19136K) NonClass: 16336K(16384K)->16336K(16384K) Class: 2665K(2752K)->2665K(2752K)
[541.091s][info][gc             ] GC(1806) Pause Young (Allocation Failure) 714M->615M(869M) 47.963ms
[541.091s][info][gc,cpu         ] GC(1806) User=0.09s Sys=0.00s Real=0.05s
[541.264s][info][gc,start       ] GC(1807) Pause Full (Allocation Failure)
[541.264s][info][gc,phases,start] GC(1807) Marking Phase
[541.590s][info][gc,phases      ] GC(1807) Marking Phase 325.548ms
[541.590s][info][gc,phases,start] GC(1807) Summary Phase
[541.590s][info][gc,phases      ] GC(1807) Summary Phase 0.027ms
[541.590s][info][gc,phases,start] GC(1807) Forward
[541.721s][info][gc,phases      ] GC(1807) Forward 131.173ms
[541.721s][info][gc,phases,start] GC(1807) Adjust Pointers
[541.986s][info][gc,phases      ] GC(1807) Adjust Pointers 265.040ms
[541.986s][info][gc,phases,start] GC(1807) Compaction Phase
[542.131s][info][gc,phases      ] GC(1807) Compaction Phase 145.072ms
[542.146s][info][gc,phases,start] GC(1807) Post Compact
[542.148s][info][gc,phases      ] GC(1807) Post Compact 2.280ms
[542.148s][info][gc,heap        ] GC(1807) PSYoungGen: 154016K(222720K)->0K(225792K) Eden: 135168K(135168K)->0K(135168K) From: 18848K(87552K)->0K(90624K)
[542.148s][info][gc,heap        ] GC(1807) ParOldGen: 611612K(667648K)->482197K(667648K)
[542.148s][info][gc,metaspace   ] GC(1807) Metaspace: 19001K(19136K)->19001K(19136K) NonClass: 16336K(16384K)->16336K(16384K) Class: 2665K(2752K)->2665K(2752K)
[542.148s][info][gc             ] GC(1807) Pause Full (Allocation Failure) 747M->470M(872M) 884.595ms
[542.148s][info][gc,cpu         ] GC(1807) User=1.65s Sys=0.01s Real=0.88s
[542.325s][info][gc,start       ] GC(1808) Pause Young (Allocation Failure)
[542.327s][info][gc,heap        ] GC(1808) PSYoungGen: 135168K(225792K)->64K(237056K) Eden: 135168K(135168K)->0K(148480K) From: 0K(90624K)->64K(88576K)
[542.327s][info][gc,heap        ] GC(1808) ParOldGen: 482197K(667648K)->482197K(667648K)
[542.327s][info][gc,metaspace   ] GC(1808) Metaspace: 19001K(19136K)->19001K(19136K) NonClass: 16336K(16384K)->16336K(16384K) Class: 2665K(2752K)->2665K(2752K)
[542.327s][info][gc             ] GC(1808) Pause Young (Allocation Failure) 602M->470M(883M) 1.698ms
[542.327s][info][gc,cpu         ] GC(1808) User=0.01s Sys=0.00s Real=0.00s
[542.515s][info][gc,start       ] GC(1809) Pause Young (Allocation Failure)
[542.517s][info][gc,heap        ] GC(1809) PSYoungGen: 148544K(237056K)->64K(239104K) Eden: 148480K(148480K)->0K(148480K) From: 64K(88576K)->64K(90624K)
[542.517s][info][gc,heap        ] GC(1809) ParOldGen: 482197K(667648K)->482205K(667648K)
[542.517s][info][gc,metaspace   ] GC(1809) Metaspace: 19001K(19136K)->19001K(19136K) NonClass: 16336K(16384K)->16336K(16384K) Class: 2665K(2752K)->2665K(2752K)
[542.517s][info][gc             ] GC(1809) Pause Young (Allocation Failure) 615M->470M(885M) 1.711ms
[542.517s][info][gc,cpu         ] GC(1809) User=0.00s Sys=0.00s Real=0.00s
[542.704s][info][gc,start       ] GC(1810) Pause Young (Allocation Failure)
[542.706s][info][gc,heap        ] GC(1810) PSYoungGen: 148544K(239104K)->64K(238080K) Eden: 148480K(148480K)->0K(153600K) From: 64K(90624K)->64K(84480K)
[542.706s][info][gc,heap        ] GC(1810) ParOldGen: 482205K(667648K)->482205K(667648K)
[542.706s][info][gc,metaspace   ] GC(1810) Metaspace: 19001K(19136K)->19001K(19136K) NonClass: 16336K(16384K)->16336K(16384K) Class: 2665K(2752K)->2665K(2752K)
[542.706s][info][gc             ] GC(1810) Pause Young (Allocation Failure) 615M->470M(884M) 1.654ms
[542.706s][info][gc,cpu         ] GC(1810) User=0.00s Sys=0.00s Real=0.00s
[542.894s][info][gc,start       ] GC(1811) Pause Young (Allocation Failure)
[542.896s][info][gc,heap        ] GC(1811) PSYoungGen: 153664K(238080K)->64K(241152K) Eden: 153600K(153600K)->0K(153600K) From: 64K(84480K)->64K(87552K)
[542.896s][info][gc,heap        ] GC(1811) ParOldGen: 482205K(667648K)->482205K(667648K)
[542.896s][info][gc,metaspace   ] GC(1811) Metaspace: 19001K(19136K)->19001K(19136K) NonClass: 16336K(16384K)->16336K(16384K) Class: 2665K(2752K)->2665K(2752K)
[542.896s][info][gc             ] GC(1811) Pause Young (Allocation Failure) 620M->470M(887M) 1.637ms
[542.896s][info][gc,cpu         ] GC(1811) User=0.01s Sys=0.00s Real=0.00s
[543.091s][info][gc,start       ] GC(1812) Pause Young (Allocation Failure)
[543.093s][info][gc,heap        ] GC(1812) PSYoungGen: 153664K(241152K)->64K(240640K) Eden: 153600K(153600K)->0K(161280K) From: 64K(87552K)->64K(79360K)
[543.093s][info][gc,heap        ] GC(1812) ParOldGen: 482205K(667648K)->482205K(667648K)
[543.093s][info][gc,metaspace   ] GC(1812) Metaspace: 19001K(19136K)->19001K(19136K) NonClass: 16336K(16384K)->16336K(16384K) Class: 2665K(2752K)->2665K(2752K)
[543.093s][info][gc             ] GC(1812) Pause Young (Allocation Failure) 620M->470M(887M) 1.805ms
[543.093s][info][gc,cpu         ] GC(1812) User=0.01s Sys=0.00s Real=0.00s
[543.315s][info][gc,start       ] GC(1813) Pause Young (Allocation Failure)
[543.316s][info][gc,heap        ] GC(1813) PSYoungGen: 161344K(240640K)->64K(243712K) Eden: 161280K(161280K)->0K(161280K) From: 64K(79360K)->64K(82432K)
[543.316s][info][gc,heap        ] GC(1813) ParOldGen: 482205K(667648K)->482205K(667648K)
[543.316s][info][gc,metaspace   ] GC(1813) Metaspace: 19001K(19136K)->19001K(19136K) NonClass: 16336K(16384K)->16336K(16384K) Class: 2665K(2752K)->2665K(2752K)
[543.316s][info][gc             ] GC(1813) Pause Young (Allocation Failure) 628M->470M(890M) 1.791ms
[543.316s][info][gc,cpu         ] GC(1813) User=0.01s Sys=0.00s Real=0.00s
[543.530s][info][gc,start       ] GC(1814) Pause Young (Allocation Failure)
[543.532s][info][gc,heap        ] GC(1814) PSYoungGen: 161344K(243712K)->64K(239104K) Eden: 161280K(161280K)->0K(166912K) From: 64K(82432K)->64K(72192K)
[543.532s][info][gc,heap        ] GC(1814) ParOldGen: 482205K(667648K)->482205K(667648K)
[543.532s][info][gc,metaspace   ] GC(1814) Metaspace: 19001K(19136K)->19001K(19136K) NonClass: 16336K(16384K)->16336K(16384K) Class: 2665K(2752K)->2665K(2752K)
[543.532s][info][gc             ] GC(1814) Pause Young (Allocation Failure) 628M->470M(885M) 1.776ms
[543.532s][info][gc,cpu         ] GC(1814) User=0.00s Sys=0.00s Real=0.00s
[543.747s][info][gc,start       ] GC(1815) Pause Young (Allocation Failure)
[543.749s][info][gc,heap        ] GC(1815) PSYoungGen: 166976K(239104K)->64K(243200K) Eden: 166912K(166912K)->0K(166912K) From: 64K(72192K)->64K(76288K)
[543.749s][info][gc,heap        ] GC(1815) ParOldGen: 482205K(667648K)->482205K(667648K)
[543.749s][info][gc,metaspace   ] GC(1815) Metaspace: 19001K(19136K)->19001K(19136K) NonClass: 16336K(16384K)->16336K(16384K) Class: 2665K(2752K)->2665K(2752K)
[543.749s][info][gc             ] GC(1815) Pause Young (Allocation Failure) 633M->470M(889M) 1.668ms
[543.749s][info][gc,cpu         ] GC(1815) User=0.00s Sys=0.00s Real=0.00s
[543.909s][info][gc,start       ] GC(1816) Pause Young (Allocation Failure)
[543.943s][info][gc,heap        ] GC(1816) PSYoungGen: 166976K(243200K)->29888K(244224K) Eden: 166912K(166912K)->0K(171520K) From: 64K(76288K)->29888K(72704K)
[543.943s][info][gc,heap        ] GC(1816) ParOldGen: 482205K(667648K)->482205K(667648K)
[543.943s][info][gc,metaspace   ] GC(1816) Metaspace: 19001K(19136K)->19001K(19136K) NonClass: 16336K(16384K)->16336K(16384K) Class: 2665K(2752K)->2665K(2752K)
[543.943s][info][gc             ] GC(1816) Pause Young (Allocation Failure) 633M->500M(890M) 33.799ms
[543.943s][info][gc,cpu         ] GC(1816) User=0.07s Sys=0.00s Real=0.04s
[544.091s][info][gc,start       ] GC(1817) Pause Young (Allocation Failure)
[544.158s][info][gc,heap        ] GC(1817) PSYoungGen: 201408K(244224K)->66368K(244224K) Eden: 171520K(171520K)->0K(171520K) From: 29888K(72704K)->66368K(72704K)
[544.158s][info][gc,heap        ] GC(1817) ParOldGen: 482205K(667648K)->482205K(667648K)
[544.158s][info][gc,metaspace   ] GC(1817) Metaspace: 19001K(19136K)->19001K(19136K) NonClass: 16336K(16384K)->16336K(16384K) Class: 2665K(2752K)->2665K(2752K)
[544.158s][info][gc             ] GC(1817) Pause Young (Allocation Failure) 667M->535M(890M) 67.780ms
[544.158s][info][gc,cpu         ] GC(1817) User=0.14s Sys=0.00s Real=0.06s
[544.250s][info][gc,start       ] GC(1818) Pause Young (Allocation Failure)
[544.322s][info][gc,heap        ] GC(1818) PSYoungGen: 237888K(244224K)->71648K(223232K) Eden: 171520K(171520K)->0K(137216K) From: 66368K(72704K)->71648K(86016K)
[544.322s][info][gc,heap        ] GC(1818) ParOldGen: 482205K(667648K)->482205K(667648K)
[544.322s][info][gc,metaspace   ] GC(1818) Metaspace: 19001K(19136K)->19001K(19136K) NonClass: 16336K(16384K)->16336K(16384K) Class: 2665K(2752K)->2665K(2752K)
[544.322s][info][gc             ] GC(1818) Pause Young (Allocation Failure) 703M->540M(870M) 72.360ms
[544.322s][info][gc,cpu         ] GC(1818) User=0.14s Sys=0.01s Real=0.07s
[544.421s][info][gc,start       ] GC(1819) Pause Young (Allocation Failure)
[544.494s][info][gc,heap        ] GC(1819) PSYoungGen: 208864K(223232K)->73024K(210432K) Eden: 137216K(137216K)->0K(137216K) From: 71648K(86016K)->73024K(73216K)
[544.494s][info][gc,heap        ] GC(1819) ParOldGen: 482205K(667648K)->482205K(667648K)
[544.494s][info][gc,metaspace   ] GC(1819) Metaspace: 19001K(19136K)->19001K(19136K) NonClass: 16336K(16384K)->16336K(16384K) Class: 2665K(2752K)->2665K(2752K)
[544.494s][info][gc             ] GC(1819) Pause Young (Allocation Failure) 674M->542M(857M) 72.656ms
[544.494s][info][gc,cpu         ] GC(1819) User=0.14s Sys=0.00s Real=0.07s
[544.594s][info][gc,start       ] GC(1820) Pause Young (Allocation Failure)
[544.673s][info][gc,heap        ] GC(1820) PSYoungGen: 210240K(210432K)->79616K(220160K) Eden: 137216K(137216K)->0K(111616K) From: 73024K(73216K)->79616K(108544K)
[544.673s][info][gc,heap        ] GC(1820) ParOldGen: 482205K(667648K)->482205K(667648K)
[544.673s][info][gc,metaspace   ] GC(1820) Metaspace: 19001K(19136K)->19001K(19136K) NonClass: 16336K(16384K)->16336K(16384K) Class: 2665K(2752K)->2665K(2752K)
[544.673s][info][gc             ] GC(1820) Pause Young (Allocation Failure) 676M->548M(867M) 78.869ms
[544.673s][info][gc,cpu         ] GC(1820) User=0.16s Sys=0.00s Real=0.08s
[544.748s][info][gc,start       ] GC(1821) Pause Young (Allocation Failure)
[544.826s][info][gc,heap        ] GC(1821) PSYoungGen: 191232K(220160K)->79904K(222720K) Eden: 111616K(111616K)->0K(111616K) From: 79616K(108544K)->79904K(111104K)
[544.826s][info][gc,heap        ] GC(1821) ParOldGen: 482205K(667648K)->482205K(667648K)
[544.826s][info][gc,metaspace   ] GC(1821) Metaspace: 19001K(19136K)->19001K(19136K) NonClass: 16336K(16384K)->16336K(16384K) Class: 2665K(2752K)->2665K(2752K)
[544.826s][info][gc             ] GC(1821) Pause Young (Allocation Failure) 657M->548M(869M) 78.558ms
[544.826s][info][gc,cpu         ] GC(1821) User=0.16s Sys=0.00s Real=0.08s
[544.901s][info][gc,start       ] GC(1822) Pause Young (Allocation Failure)
[544.982s][info][gc,heap        ] GC(1822) PSYoungGen: 191520K(222720K)->83648K(222720K) Eden: 111616K(111616K)->0K(111616K) From: 79904K(111104K)->83648K(111104K)
[544.982s][info][gc,heap        ] GC(1822) ParOldGen: 482205K(667648K)->482205K(667648K)
[544.982s][info][gc,metaspace   ] GC(1822) Metaspace: 19001K(19136K)->19001K(19136K) NonClass: 16336K(16384K)->16336K(16384K) Class: 2665K(2752K)->2665K(2752K)
[544.982s][info][gc             ] GC(1822) Pause Young (Allocation Failure) 657M->552M(869M) 80.996ms
[544.982s][info][gc,cpu         ] GC(1822) User=0.16s Sys=0.00s Real=0.08s
[545.105s][info][gc,start       ] GC(1823) Pause Young (Allocation Failure)
[545.205s][info][gc,heap        ] GC(1823) PSYoungGen: 195264K(222720K)->72672K(222720K) Eden: 111616K(111616K)->0K(111616K) From: 83648K(111104K)->72672K(111104K)
[545.205s][info][gc,heap        ] GC(1823) ParOldGen: 482205K(667648K)->512117K(667648K)
[545.205s][info][gc,metaspace   ] GC(1823) Metaspace: 19001K(19136K)->19001K(19136K) NonClass: 16336K(16384K)->16336K(16384K) Class: 2665K(2752K)->2665K(2752K)
[545.205s][info][gc             ] GC(1823) Pause Young (Allocation Failure) 661M->571M(869M) 100.083ms
[545.205s][info][gc,cpu         ] GC(1823) User=0.20s Sys=0.00s Real=0.10s
[545.290s][info][gc,start       ] GC(1824) Pause Young (Allocation Failure)
[545.384s][info][gc,heap        ] GC(1824) PSYoungGen: 184288K(222720K)->53680K(222720K) Eden: 111616K(111616K)->0K(111616K) From: 72672K(111104K)->53680K(111104K)
[545.384s][info][gc,heap        ] GC(1824) ParOldGen: 512117K(667648K)->553957K(667648K)
[545.384s][info][gc,metaspace   ] GC(1824) Metaspace: 19001K(19136K)->19001K(19136K) NonClass: 16336K(16384K)->16336K(16384K) Class: 2665K(2752K)->2665K(2752K)
[545.384s][info][gc             ] GC(1824) Pause Young (Allocation Failure) 680M->593M(869M) 94.566ms
[545.384s][info][gc,cpu         ] GC(1824) User=0.19s Sys=0.00s Real=0.10s
[545.801s][info][gc,start       ] GC(1825) Pause Young (Allocation Failure)
[545.858s][info][gc,heap        ] GC(1825) PSYoungGen: 165296K(222720K)->47248K(222720K) Eden: 111616K(111616K)->0K(111616K) From: 53680K(111104K)->47248K(111104K)
[545.858s][info][gc,heap        ] GC(1825) ParOldGen: 553957K(667648K)->561973K(667648K)
[545.858s][info][gc,metaspace   ] GC(1825) Metaspace: 19001K(19136K)->19001K(19136K) NonClass: 16336K(16384K)->16336K(16384K) Class: 2665K(2752K)->2665K(2752K)
[545.858s][info][gc             ] GC(1825) Pause Young (Allocation Failure) 702M->594M(869M) 56.559ms
[545.858s][info][gc,cpu         ] GC(1825) User=0.12s Sys=0.00s Real=0.05s
[546.145s][info][gc,start       ] GC(1826) Pause Young (Allocation Failure)
[546.192s][info][gc,heap        ] GC(1826) PSYoungGen: 158864K(222720K)->43216K(222720K) Eden: 111616K(111616K)->0K(111616K) From: 47248K(111104K)->43216K(111104K)
[546.192s][info][gc,heap        ] GC(1826) ParOldGen: 561973K(667648K)->566037K(667648K)
[546.192s][info][gc,metaspace   ] GC(1826) Metaspace: 19001K(19136K)->19001K(19136K) NonClass: 16336K(16384K)->16336K(16384K) Class: 2665K(2752K)->2665K(2752K)
[546.192s][info][gc             ] GC(1826) Pause Young (Allocation Failure) 703M->594M(869M) 46.910ms
[546.192s][info][gc,cpu         ] GC(1826) User=0.09s Sys=0.00s Real=0.05s
[546.484s][info][gc,start       ] GC(1827) Pause Young (Allocation Failure)
[546.529s][info][gc,heap        ] GC(1827) PSYoungGen: 154832K(222720K)->1632K(222720K) Eden: 111616K(111616K)->0K(111616K) From: 43216K(111104K)->1632K(111104K)
[546.529s][info][gc,heap        ] GC(1827) ParOldGen: 566037K(667648K)->607718K(667648K)
[546.529s][info][gc,metaspace   ] GC(1827) Metaspace: 19001K(19136K)->19001K(19136K) NonClass: 16336K(16384K)->16336K(16384K) Class: 2665K(2752K)->2665K(2752K)
[546.529s][info][gc             ] GC(1827) Pause Young (Allocation Failure) 703M->595M(869M) 45.500ms
[546.529s][info][gc,cpu         ] GC(1827) User=0.09s Sys=0.00s Real=0.04s
[546.798s][info][gc,start       ] GC(1828) Pause Young (Allocation Failure)
[546.802s][info][gc,heap        ] GC(1828) PSYoungGen: 113248K(222720K)->64K(222720K) Eden: 111616K(111616K)->0K(111616K) From: 1632K(111104K)->64K(111104K)
[546.802s][info][gc,heap        ] GC(1828) ParOldGen: 607718K(667648K)->609302K(667648K)
[546.802s][info][gc,metaspace   ] GC(1828) Metaspace: 19001K(19136K)->19001K(19136K) NonClass: 16336K(16384K)->16336K(16384K) Class: 2665K(2752K)->2665K(2752K)
[546.802s][info][gc             ] GC(1828) Pause Young (Allocation Failure) 704M->595M(869M) 3.788ms
[546.802s][info][gc,cpu         ] GC(1828) User=0.01s Sys=0.00s Real=0.01s
[547.059s][info][gc,start       ] GC(1829) Pause Young (Allocation Failure)
[547.061s][info][gc,heap        ] GC(1829) PSYoungGen: 111680K(222720K)->64K(222720K) Eden: 111616K(111616K)->0K(111616K) From: 64K(111104K)->64K(111104K)
[547.061s][info][gc,heap        ] GC(1829) ParOldGen: 609302K(667648K)->609326K(667648K)
[547.061s][info][gc,metaspace   ] GC(1829) Metaspace: 19001K(19136K)->19001K(19136K) NonClass: 16336K(16384K)->16336K(16384K) Class: 2665K(2752K)->2665K(2752K)
[547.061s][info][gc             ] GC(1829) Pause Young (Allocation Failure) 704M->595M(869M) 2.197ms
[547.061s][info][gc,cpu         ] GC(1829) User=0.00s Sys=0.00s Real=0.01s
[547.321s][info][gc,start       ] GC(1830) Pause Young (Allocation Failure)
[547.323s][info][gc,heap        ] GC(1830) PSYoungGen: 111680K(222720K)->64K(222720K) Eden: 111616K(111616K)->0K(111616K) From: 64K(111104K)->64K(111104K)
[547.323s][info][gc,heap        ] GC(1830) ParOldGen: 609326K(667648K)->609342K(667648K)
[547.323s][info][gc,metaspace   ] GC(1830) Metaspace: 19001K(19136K)->19001K(19136K) NonClass: 16336K(16384K)->16336K(16384K) Class: 2665K(2752K)->2665K(2752K)
[547.323s][info][gc             ] GC(1830) Pause Young (Allocation Failure) 704M->595M(869M) 1.995ms
[547.323s][info][gc,cpu         ] GC(1830) User=0.00s Sys=0.00s Real=0.00s
[547.589s][info][gc,start       ] GC(1831) Pause Young (Allocation Failure)
[547.591s][info][gc,heap        ] GC(1831) PSYoungGen: 111680K(222720K)->64K(112128K) Eden: 111616K(111616K)->0K(111616K) From: 64K(111104K)->64K(512K)
[547.591s][info][gc,heap        ] GC(1831) ParOldGen: 609342K(667648K)->609358K(667648K)
[547.591s][info][gc,metaspace   ] GC(1831) Metaspace: 19001K(19136K)->19001K(19136K) NonClass: 16336K(16384K)->16336K(16384K) Class: 2665K(2752K)->2665K(2752K)
[547.591s][info][gc             ] GC(1831) Pause Young (Allocation Failure) 704M->595M(761M) 2.086ms
[547.591s][info][gc,cpu         ] GC(1831) User=0.01s Sys=0.00s Real=0.01s
[547.849s][info][gc,start       ] GC(1832) Pause Young (Allocation Failure)
[547.852s][info][gc,heap        ] GC(1832) PSYoungGen: 111680K(112128K)->576K(223232K) Eden: 111616K(111616K)->0K(114688K) From: 64K(512K)->576K(108544K)
[547.852s][info][gc,heap        ] GC(1832) ParOldGen: 609358K(667648K)->609358K(667648K)
[547.852s][info][gc,metaspace   ] GC(1832) Metaspace: 19001K(19136K)->19001K(19136K) NonClass: 16336K(16384K)->16336K(16384K) Class: 2665K(2752K)->2665K(2752K)
[547.852s][info][gc             ] GC(1832) Pause Young (Allocation Failure) 704M->595M(870M) 2.631ms
[547.852s][info][gc,cpu         ] GC(1832) User=0.00s Sys=0.00s Real=0.01s
[548.141s][info][gc,start       ] GC(1833) Pause Young (Allocation Failure)
[548.143s][info][gc,heap        ] GC(1833) PSYoungGen: 115264K(223232K)->192K(221184K) Eden: 114688K(114688K)->0K(114688K) From: 576K(108544K)->192K(106496K)
[548.143s][info][gc,heap        ] GC(1833) ParOldGen: 609358K(667648K)->609358K(667648K)
[548.143s][info][gc,metaspace   ] GC(1833) Metaspace: 19001K(19136K)->19001K(19136K) NonClass: 16336K(16384K)->16336K(16384K) Class: 2665K(2752K)->2665K(2752K)
[548.143s][info][gc             ] GC(1833) Pause Young (Allocation Failure) 707M->595M(868M) 2.505ms
[548.143s][info][gc,cpu         ] GC(1833) User=0.00s Sys=0.00s Real=0.00s
[548.368s][info][gc,start       ] GC(1834) Pause Young (Allocation Failure)
[548.373s][info][gc,heap        ] GC(1834) PSYoungGen: 114880K(221184K)->2464K(211968K) Eden: 114688K(114688K)->0K(118784K) From: 192K(106496K)->2464K(93184K)
[548.373s][info][gc,heap        ] GC(1834) ParOldGen: 609358K(667648K)->609358K(667648K)
[548.373s][info][gc,metaspace   ] GC(1834) Metaspace: 19001K(19136K)->19001K(19136K) NonClass: 16336K(16384K)->16336K(16384K) Class: 2665K(2752K)->2665K(2752K)
[548.373s][info][gc             ] GC(1834) Pause Young (Allocation Failure) 707M->597M(859M) 4.954ms
[548.373s][info][gc,cpu         ] GC(1834) User=0.01s Sys=0.00s Real=0.01s
[548.464s][info][gc,start       ] GC(1835) Pause Young (Allocation Failure)
[548.493s][info][gc,heap        ] GC(1835) PSYoungGen: 121248K(211968K)->38400K(216576K) Eden: 118784K(118784K)->0K(118784K) From: 2464K(93184K)->38400K(97792K)
[548.493s][info][gc,heap        ] GC(1835) ParOldGen: 609358K(667648K)->609358K(667648K)
[548.493s][info][gc,metaspace   ] GC(1835) Metaspace: 19001K(19136K)->19001K(19136K) NonClass: 16336K(16384K)->16336K(16384K) Class: 2665K(2752K)->2665K(2752K)
[548.493s][info][gc             ] GC(1835) Pause Young (Allocation Failure) 713M->632M(863M) 29.690ms
[548.493s][info][gc,cpu         ] GC(1835) User=0.06s Sys=0.00s Real=0.03s
[548.576s][info][gc,start       ] GC(1836) Pause Young (Allocation Failure)
[548.635s][info][gc,heap        ] GC(1836) PSYoungGen: 157184K(216576K)->85744K(208384K) Eden: 118784K(118784K)->0K(111616K) From: 38400K(97792K)->85744K(96768K)
[548.635s][info][gc,heap        ] GC(1836) ParOldGen: 609358K(667648K)->609358K(667648K)
[548.635s][info][gc,metaspace   ] GC(1836) Metaspace: 19001K(19136K)->19001K(19136K) NonClass: 16336K(16384K)->16336K(16384K) Class: 2665K(2752K)->2665K(2752K)
[548.635s][info][gc             ] GC(1836) Pause Young (Allocation Failure) 748M->678M(855M) 58.756ms
[548.635s][info][gc,cpu         ] GC(1836) User=0.11s Sys=0.00s Real=0.06s
[548.699s][info][gc,start       ] GC(1837) Pause Young (Allocation Failure)
[548.783s][info][gc,heap        ] GC(1837) PSYoungGen: 197360K(208384K)->111072K(222720K) Eden: 111616K(111616K)->0K(111616K) From: 85744K(96768K)->111072K(111104K)
[548.783s][info][gc,heap        ] GC(1837) ParOldGen: 609358K(667648K)->626052K(667648K)
[548.783s][info][gc,metaspace   ] GC(1837) Metaspace: 19001K(19136K)->19001K(19136K) NonClass: 16336K(16384K)->16336K(16384K) Class: 2665K(2752K)->2665K(2752K)
[548.783s][info][gc             ] GC(1837) Pause Young (Allocation Failure) 787M->719M(869M) 84.168ms
[548.783s][info][gc,cpu         ] GC(1837) User=0.16s Sys=0.00s Real=0.09s
[548.860s][info][gc,start       ] GC(1838) Pause Full (Allocation Failure)
[548.860s][info][gc,phases,start] GC(1838) Marking Phase
[549.204s][info][gc,phases      ] GC(1838) Marking Phase 343.632ms
[549.204s][info][gc,phases,start] GC(1838) Summary Phase
[549.204s][info][gc,phases      ] GC(1838) Summary Phase 0.027ms
[549.204s][info][gc,phases,start] GC(1838) Forward
[549.357s][info][gc,phases      ] GC(1838) Forward 153.609ms
[549.358s][info][gc,phases,start] GC(1838) Adjust Pointers
[549.611s][info][gc,phases      ] GC(1838) Adjust Pointers 252.999ms
[549.611s][info][gc,phases,start] GC(1838) Compaction Phase
[549.778s][info][gc,phases      ] GC(1838) Compaction Phase 167.731ms
[549.787s][info][gc,phases,start] GC(1838) Post Compact
[549.789s][info][gc,phases      ] GC(1838) Post Compact 2.463ms
[549.790s][info][gc,heap        ] GC(1838) PSYoungGen: 222688K(222720K)->0K(222720K) Eden: 111616K(111616K)->0K(111616K) From: 111072K(111104K)->0K(111104K)
[549.790s][info][gc,heap        ] GC(1838) ParOldGen: 626052K(667648K)->509847K(667648K)
[549.790s][info][gc,metaspace   ] GC(1838) Metaspace: 19002K(19136K)->19002K(19136K) NonClass: 16337K(16384K)->16337K(16384K) Class: 2665K(2752K)->2665K(2752K)
[549.790s][info][gc             ] GC(1838) Pause Full (Allocation Failure) 828M->497M(869M) 929.495ms
[549.790s][info][gc,cpu         ] GC(1838) User=1.71s Sys=0.00s Real=0.92s
[549.897s][info][gc,start       ] GC(1839) Pause Young (Allocation Failure)
[549.912s][info][gc,heap        ] GC(1839) PSYoungGen: 111616K(222720K)->1760K(222720K) Eden: 111616K(111616K)->0K(111616K) From: 0K(111104K)->1760K(111104K)
[549.912s][info][gc,heap        ] GC(1839) ParOldGen: 509847K(667648K)->509847K(667648K)
[549.912s][info][gc,metaspace   ] GC(1839) Metaspace: 19002K(19136K)->19002K(19136K) NonClass: 16337K(16384K)->16337K(16384K) Class: 2665K(2752K)->2665K(2752K)
[549.912s][info][gc             ] GC(1839) Pause Young (Allocation Failure) 606M->499M(869M) 14.343ms
[549.912s][info][gc,cpu         ] GC(1839) User=0.02s Sys=0.00s Real=0.02s
[550.026s][info][gc,start       ] GC(1840) Pause Young (Allocation Failure)
[550.056s][info][gc,heap        ] GC(1840) PSYoungGen: 113376K(222720K)->18528K(222720K) Eden: 111616K(111616K)->0K(111616K) From: 1760K(111104K)->18528K(111104K)
[550.056s][info][gc,heap        ] GC(1840) ParOldGen: 509847K(667648K)->509847K(667648K)
[550.056s][info][gc,metaspace   ] GC(1840) Metaspace: 19002K(19136K)->19002K(19136K) NonClass: 16337K(16384K)->16337K(16384K) Class: 2665K(2752K)->2665K(2752K)
[550.056s][info][gc             ] GC(1840) Pause Young (Allocation Failure) 608M->515M(869M) 29.998ms
[550.056s][info][gc,cpu         ] GC(1840) User=0.06s Sys=0.00s Real=0.03s
[550.174s][info][gc,start       ] GC(1841) Pause Young (Allocation Failure)
[550.205s][info][gc,heap        ] GC(1841) PSYoungGen: 130144K(222720K)->16864K(222720K) Eden: 111616K(111616K)->0K(111616K) From: 18528K(111104K)->16864K(111104K)
[550.205s][info][gc,heap        ] GC(1841) ParOldGen: 509847K(667648K)->511615K(667648K)
[550.205s][info][gc,metaspace   ] GC(1841) Metaspace: 19002K(19136K)->19002K(19136K) NonClass: 16337K(16384K)->16337K(16384K) Class: 2665K(2752K)->2665K(2752K)
[550.205s][info][gc             ] GC(1841) Pause Young (Allocation Failure) 624M->516M(869M) 31.164ms
[550.205s][info][gc,cpu         ] GC(1841) User=0.07s Sys=0.00s Real=0.03s
[550.324s][info][gc,start       ] GC(1842) Pause Young (Allocation Failure)
[550.350s][info][gc,heap        ] GC(1842) PSYoungGen: 128480K(222720K)->160K(222720K) Eden: 111616K(111616K)->0K(111616K) From: 16864K(111104K)->160K(111104K)
[550.350s][info][gc,heap        ] GC(1842) ParOldGen: 511615K(667648K)->528479K(667648K)
[550.350s][info][gc,metaspace   ] GC(1842) Metaspace: 19002K(19136K)->19002K(19136K) NonClass: 16337K(16384K)->16337K(16384K) Class: 2665K(2752K)->2665K(2752K)
[550.350s][info][gc             ] GC(1842) Pause Young (Allocation Failure) 625M->516M(869M) 25.943ms
[550.350s][info][gc,cpu         ] GC(1842) User=0.05s Sys=0.00s Real=0.03s
[550.470s][info][gc,start       ] GC(1843) Pause Young (Allocation Failure)
[550.472s][info][gc,heap        ] GC(1843) PSYoungGen: 111776K(222720K)->96K(222720K) Eden: 111616K(111616K)->0K(111616K) From: 160K(111104K)->96K(111104K)
[550.472s][info][gc,heap        ] GC(1843) ParOldGen: 528479K(667648K)->528599K(667648K)
[550.472s][info][gc,metaspace   ] GC(1843) Metaspace: 19002K(19136K)->19002K(19136K) NonClass: 16337K(16384K)->16337K(16384K) Class: 2665K(2752K)->2665K(2752K)
[550.472s][info][gc             ] GC(1843) Pause Young (Allocation Failure) 625M->516M(869M) 2.181ms
[550.472s][info][gc,cpu         ] GC(1843) User=0.00s Sys=0.00s Real=0.00s
[550.592s][info][gc,start       ] GC(1844) Pause Young (Allocation Failure)
[550.595s][info][gc,heap        ] GC(1844) PSYoungGen: 111712K(222720K)->128K(221696K) Eden: 111616K(111616K)->0K(111616K) From: 96K(111104K)->128K(110080K)
[550.595s][info][gc,heap        ] GC(1844) ParOldGen: 528599K(667648K)->528687K(667648K)
[550.595s][info][gc,metaspace   ] GC(1844) Metaspace: 19002K(19136K)->19002K(19136K) NonClass: 16337K(16384K)->16337K(16384K) Class: 2665K(2752K)->2665K(2752K)
[550.595s][info][gc             ] GC(1844) Pause Young (Allocation Failure) 625M->516M(868M) 2.217ms
[550.595s][info][gc,cpu         ] GC(1844) User=0.01s Sys=0.00s Real=0.00s
[550.714s][info][gc,start       ] GC(1845) Pause Young (Allocation Failure)
[550.716s][info][gc,heap        ] GC(1845) PSYoungGen: 111744K(221696K)->192K(112128K) Eden: 111616K(111616K)->0K(111616K) From: 128K(110080K)->192K(512K)
[550.716s][info][gc,heap        ] GC(1845) ParOldGen: 528687K(667648K)->528687K(667648K)
[550.716s][info][gc,metaspace   ] GC(1845) Metaspace: 19002K(19136K)->19002K(19136K) NonClass: 16337K(16384K)->16337K(16384K) Class: 2665K(2752K)->2665K(2752K)
[550.716s][info][gc             ] GC(1845) Pause Young (Allocation Failure) 625M->516M(761M) 2.271ms
[550.716s][info][gc,cpu         ] GC(1845) User=0.01s Sys=0.00s Real=0.00s
[550.835s][info][gc,start       ] GC(1846) Pause Young (Allocation Failure)
[550.837s][info][gc,heap        ] GC(1846) PSYoungGen: 111808K(112128K)->288K(218624K) Eden: 111616K(111616K)->0K(117760K) From: 192K(512K)->288K(100864K)
[550.837s][info][gc,heap        ] GC(1846) ParOldGen: 528687K(667648K)->528687K(667648K)
[550.837s][info][gc,metaspace   ] GC(1846) Metaspace: 19002K(19136K)->19002K(19136K) NonClass: 16337K(16384K)->16337K(16384K) Class: 2665K(2752K)->2665K(2752K)
[550.837s][info][gc             ] GC(1846) Pause Young (Allocation Failure) 625M->516M(865M) 2.381ms
[550.837s][info][gc,cpu         ] GC(1846) User=0.00s Sys=0.00s Real=0.00s
[550.961s][info][gc,start       ] GC(1847) Pause Young (Allocation Failure)
[550.963s][info][gc,heap        ] GC(1847) PSYoungGen: 118048K(218624K)->384K(218624K) Eden: 117760K(117760K)->0K(117760K) From: 288K(100864K)->384K(100864K)
[550.963s][info][gc,heap        ] GC(1847) ParOldGen: 528687K(667648K)->528687K(667648K)
[550.963s][info][gc,metaspace   ] GC(1847) Metaspace: 19002K(19136K)->19002K(19136K) NonClass: 16337K(16384K)->16337K(16384K) Class: 2665K(2752K)->2665K(2752K)
[550.963s][info][gc             ] GC(1847) Pause Young (Allocation Failure) 631M->516M(865M) 2.409ms
[550.963s][info][gc,cpu         ] GC(1847) User=0.00s Sys=0.00s Real=0.00s
[551.105s][info][gc,start       ] GC(1848) Pause Young (Allocation Failure)
[551.116s][info][gc,heap        ] GC(1848) PSYoungGen: 118144K(218624K)->3712K(207872K) Eden: 117760K(117760K)->0K(123392K) From: 384K(100864K)->3712K(84480K)
[551.116s][info][gc,heap        ] GC(1848) ParOldGen: 528687K(667648K)->528687K(667648K)
[551.116s][info][gc,metaspace   ] GC(1848) Metaspace: 19002K(19136K)->19002K(19136K) NonClass: 16337K(16384K)->16337K(16384K) Class: 2665K(2752K)->2665K(2752K)
[551.116s][info][gc             ] GC(1848) Pause Young (Allocation Failure) 631M->519M(855M) 11.695ms
[551.116s][info][gc,cpu         ] GC(1848) User=0.03s Sys=0.01s Real=0.01s
[551.271s][info][gc,start       ] GC(1849) Pause Young (Allocation Failure)
[551.309s][info][gc,heap        ] GC(1849) PSYoungGen: 127104K(207872K)->19320K(213504K) Eden: 123392K(123392K)->0K(123392K) From: 3712K(84480K)->19320K(90112K)
[551.309s][info][gc,heap        ] GC(1849) ParOldGen: 528687K(667648K)->528687K(667648K)
[551.309s][info][gc,metaspace   ] GC(1849) Metaspace: 19002K(19136K)->19002K(19136K) NonClass: 16337K(16384K)->16337K(16384K) Class: 2665K(2752K)->2665K(2752K)
[551.309s][info][gc             ] GC(1849) Pause Young (Allocation Failure) 640M->535M(860M) 37.774ms
[551.309s][info][gc,cpu         ] GC(1849) User=0.08s Sys=0.00s Real=0.03s
[551.468s][info][gc,start       ] GC(1850) Pause Young (Allocation Failure)
[551.502s][info][gc,heap        ] GC(1850) PSYoungGen: 142712K(213504K)->19330K(206336K) Eden: 123392K(123392K)->0K(132608K) From: 19320K(90112K)->19330K(73728K)
[551.502s][info][gc,heap        ] GC(1850) ParOldGen: 528687K(667648K)->528687K(667648K)
[551.502s][info][gc,metaspace   ] GC(1850) Metaspace: 19002K(19136K)->19002K(19136K) NonClass: 16337K(16384K)->16337K(16384K) Class: 2665K(2752K)->2665K(2752K)
[551.502s][info][gc             ] GC(1850) Pause Young (Allocation Failure) 655M->535M(853M) 33.508ms
[551.502s][info][gc,cpu         ] GC(1850) User=0.07s Sys=0.00s Real=0.04s
[551.675s][info][gc,start       ] GC(1851) Pause Young (Allocation Failure)
[551.709s][info][gc,heap        ] GC(1851) PSYoungGen: 151938K(206336K)->19320K(210944K) Eden: 132608K(132608K)->0K(132608K) From: 19330K(73728K)->19320K(78336K)
[551.709s][info][gc,heap        ] GC(1851) ParOldGen: 528687K(667648K)->528687K(667648K)
[551.709s][info][gc,metaspace   ] GC(1851) Metaspace: 19002K(19136K)->19002K(19136K) NonClass: 16337K(16384K)->16337K(16384K) Class: 2665K(2752K)->2665K(2752K)
[551.709s][info][gc             ] GC(1851) Pause Young (Allocation Failure) 664M->535M(858M) 34.043ms
[551.709s][info][gc,cpu         ] GC(1851) User=0.07s Sys=0.00s Real=0.03s
[551.886s][info][gc,start       ] GC(1852) Pause Young (Allocation Failure)
[551.921s][info][gc,heap        ] GC(1852) PSYoungGen: 151928K(210944K)->19298K(207872K) Eden: 132608K(132608K)->0K(143360K) From: 19320K(78336K)->19298K(64512K)
[551.921s][info][gc,heap        ] GC(1852) ParOldGen: 528687K(667648K)->528687K(667648K)
[551.921s][info][gc,metaspace   ] GC(1852) Metaspace: 19002K(19136K)->19002K(19136K) NonClass: 16337K(16384K)->16337K(16384K) Class: 2665K(2752K)->2665K(2752K)
[551.921s][info][gc             ] GC(1852) Pause Young (Allocation Failure) 664M->535M(855M) 35.147ms
[551.921s][info][gc,cpu         ] GC(1852) User=0.07s Sys=0.00s Real=0.04s
[552.111s][info][gc,start       ] GC(1853) Pause Young (Allocation Failure)
[552.145s][info][gc,heap        ] GC(1853) PSYoungGen: 162658K(207872K)->19320K(211968K) Eden: 143360K(143360K)->0K(143360K) From: 19298K(64512K)->19320K(68608K)
[552.145s][info][gc,heap        ] GC(1853) ParOldGen: 528687K(667648K)->528687K(667648K)
[552.145s][info][gc,metaspace   ] GC(1853) Metaspace: 19002K(19136K)->19002K(19136K) NonClass: 16337K(16384K)->16337K(16384K) Class: 2665K(2752K)->2665K(2752K)
[552.145s][info][gc             ] GC(1853) Pause Young (Allocation Failure) 675M->535M(859M) 34.019ms
[552.145s][info][gc,cpu         ] GC(1853) User=0.06s Sys=0.00s Real=0.03s
[552.316s][info][gc,start       ] GC(1854) Pause Young (Allocation Failure)
[552.363s][info][gc,heap        ] GC(1854) PSYoungGen: 162680K(211968K)->29752K(219648K) Eden: 143360K(143360K)->0K(155136K) From: 19320K(68608K)->29752K(64512K)
[552.363s][info][gc,heap        ] GC(1854) ParOldGen: 528687K(667648K)->528687K(667648K)
[552.363s][info][gc,metaspace   ] GC(1854) Metaspace: 19002K(19136K)->19002K(19136K) NonClass: 16337K(16384K)->16337K(16384K) Class: 2665K(2752K)->2665K(2752K)
[552.363s][info][gc             ] GC(1854) Pause Young (Allocation Failure) 675M->545M(866M) 46.737ms
[552.363s][info][gc,cpu         ] GC(1854) User=0.10s Sys=0.00s Real=0.05s
[552.521s][info][gc,start       ] GC(1855) Pause Young (Allocation Failure)
[552.589s][info][gc,heap        ] GC(1855) PSYoungGen: 184888K(219648K)->50946K(219648K) Eden: 155136K(155136K)->0K(155136K) From: 29752K(64512K)->50946K(64512K)
[552.589s][info][gc,heap        ] GC(1855) ParOldGen: 528687K(667648K)->528687K(667648K)
[552.589s][info][gc,metaspace   ] GC(1855) Metaspace: 19002K(19136K)->19002K(19136K) NonClass: 16337K(16384K)->16337K(16384K) Class: 2665K(2752K)->2665K(2752K)
[552.589s][info][gc             ] GC(1855) Pause Young (Allocation Failure) 696M->566M(866M) 68.127ms
[552.589s][info][gc,cpu         ] GC(1855) User=0.14s Sys=0.00s Real=0.06s
[552.712s][info][gc,start       ] GC(1856) Pause Young (Allocation Failure)
[552.791s][info][gc,heap        ] GC(1856) PSYoungGen: 206082K(219648K)->54946K(234496K) Eden: 155136K(155136K)->0K(162816K) From: 50946K(64512K)->54946K(71680K)
[552.791s][info][gc,heap        ] GC(1856) ParOldGen: 528687K(667648K)->528767K(667648K)
[552.791s][info][gc,metaspace   ] GC(1856) Metaspace: 19003K(19136K)->19003K(19136K) NonClass: 16337K(16384K)->16337K(16384K) Class: 2665K(2752K)->2665K(2752K)
[552.791s][info][gc             ] GC(1856) Pause Young (Allocation Failure) 717M->570M(881M) 78.841ms
[552.791s][info][gc,cpu         ] GC(1856) User=0.14s Sys=0.01s Real=0.08s
[552.944s][info][gc,start       ] GC(1857) Pause Young (Allocation Failure)
[553.014s][info][gc,heap        ] GC(1857) PSYoungGen: 217762K(234496K)->55874K(242176K) Eden: 162816K(162816K)->0K(162816K) From: 54946K(71680K)->55874K(79360K)
[553.014s][info][gc,heap        ] GC(1857) ParOldGen: 528767K(667648K)->528959K(667648K)
[553.014s][info][gc,metaspace   ] GC(1857) Metaspace: 19003K(19136K)->19003K(19136K) NonClass: 16337K(16384K)->16337K(16384K) Class: 2665K(2752K)->2665K(2752K)
[553.014s][info][gc             ] GC(1857) Pause Young (Allocation Failure) 729M->571M(888M) 69.450ms
[553.014s][info][gc,cpu         ] GC(1857) User=0.14s Sys=0.00s Real=0.07s
[553.148s][info][gc,start       ] GC(1858) Pause Young (Allocation Failure)
[553.244s][info][gc,heap        ] GC(1858) PSYoungGen: 218690K(242176K)->66978K(231424K) Eden: 162816K(162816K)->0K(146432K) From: 55874K(79360K)->66978K(84992K)
[553.244s][info][gc,heap        ] GC(1858) ParOldGen: 528959K(667648K)->532391K(667648K)
[553.244s][info][gc,metaspace   ] GC(1858) Metaspace: 19003K(19136K)->19003K(19136K) NonClass: 16337K(16384K)->16337K(16384K) Class: 2665K(2752K)->2665K(2752K)
[553.244s][info][gc             ] GC(1858) Pause Young (Allocation Failure) 730M->585M(878M) 95.765ms
[553.244s][info][gc,cpu         ] GC(1858) User=0.17s Sys=0.02s Real=0.10s
[553.357s][info][gc,start       ] GC(1859) Pause Young (Allocation Failure)
[553.456s][info][gc,heap        ] GC(1859) PSYoungGen: 213410K(231424K)->74656K(221184K) Eden: 146432K(146432K)->0K(146432K) From: 66978K(84992K)->74656K(74752K)
[553.456s][info][gc,heap        ] GC(1859) ParOldGen: 532391K(667648K)->548044K(667648K)
[553.456s][info][gc,metaspace   ] GC(1859) Metaspace: 19003K(19136K)->19003K(19136K) NonClass: 16337K(16384K)->16337K(16384K) Class: 2665K(2752K)->2665K(2752K)
[553.456s][info][gc             ] GC(1859) Pause Young (Allocation Failure) 728M->608M(868M) 99.356ms
[553.456s][info][gc,cpu         ] GC(1859) User=0.19s Sys=0.00s Real=0.10s
[553.590s][info][gc,start       ] GC(1860) Pause Young (Allocation Failure)
[553.697s][info][gc,heap        ] GC(1860) PSYoungGen: 221088K(221184K)->102800K(215040K) Eden: 146432K(146432K)->0K(111616K) From: 74656K(74752K)->102800K(103424K)
[553.697s][info][gc,heap        ] GC(1860) ParOldGen: 548044K(667648K)->548044K(667648K)
[553.697s][info][gc,metaspace   ] GC(1860) Metaspace: 19003K(19136K)->19003K(19136K) NonClass: 16337K(16384K)->16337K(16384K) Class: 2665K(2752K)->2665K(2752K)
[553.697s][info][gc             ] GC(1860) Pause Young (Allocation Failure) 751M->635M(862M) 106.708ms
[553.697s][info][gc,cpu         ] GC(1860) User=0.20s Sys=0.01s Real=0.10s
[553.767s][info][gc,start       ] GC(1861) Pause Young (Allocation Failure)
[553.868s][info][gc,heap        ] GC(1861) PSYoungGen: 214416K(215040K)->95008K(222720K) Eden: 111616K(111616K)->0K(111616K) From: 102800K(103424K)->95008K(111104K)
[553.868s][info][gc,heap        ] GC(1861) ParOldGen: 548044K(667648K)->558484K(667648K)
[553.868s][info][gc,metaspace   ] GC(1861) Metaspace: 19003K(19136K)->19003K(19136K) NonClass: 16337K(16384K)->16337K(16384K) Class: 2665K(2752K)->2665K(2752K)
[553.868s][info][gc             ] GC(1861) Pause Young (Allocation Failure) 744M->638M(869M) 101.468ms
[553.868s][info][gc,cpu         ] GC(1861) User=0.20s Sys=0.00s Real=0.10s
[554.007s][info][gc,start       ] GC(1862) Pause Young (Allocation Failure)
[554.101s][info][gc,heap        ] GC(1862) PSYoungGen: 206624K(222720K)->71584K(222720K) Eden: 111616K(111616K)->0K(111616K) From: 95008K(111104K)->71584K(111104K)
[554.101s][info][gc,heap        ] GC(1862) ParOldGen: 558484K(667648K)->583812K(667648K)
[554.101s][info][gc,metaspace   ] GC(1862) Metaspace: 19003K(19136K)->19003K(19136K) NonClass: 16337K(16384K)->16337K(16384K) Class: 2665K(2752K)->2665K(2752K)
[554.101s][info][gc             ] GC(1862) Pause Young (Allocation Failure) 747M->640M(869M) 93.735ms
[554.101s][info][gc,cpu         ] GC(1862) User=0.19s Sys=0.00s Real=0.10s
[554.257s][info][gc,start       ] GC(1863) Pause Young (Allocation Failure)
[554.331s][info][gc,heap        ] GC(1863) PSYoungGen: 183200K(222720K)->60176K(222720K) Eden: 111616K(111616K)->0K(111616K) From: 71584K(111104K)->60176K(111104K)
[554.331s][info][gc,heap        ] GC(1863) ParOldGen: 583812K(667648K)->599500K(667648K)
[554.331s][info][gc,metaspace   ] GC(1863) Metaspace: 19003K(19136K)->19003K(19136K) NonClass: 16337K(16384K)->16337K(16384K) Class: 2665K(2752K)->2665K(2752K)
[554.331s][info][gc             ] GC(1863) Pause Young (Allocation Failure) 749M->644M(869M) 73.917ms
[554.331s][info][gc,cpu         ] GC(1863) User=0.15s Sys=0.00s Real=0.08s
[554.426s][info][gc,start       ] GC(1864) Pause Young (Allocation Failure)
[554.488s][info][gc,heap        ] GC(1864) PSYoungGen: 171792K(222720K)->8736K(222720K) Eden: 111616K(111616K)->0K(111616K) From: 60176K(111104K)->8736K(111104K)
[554.488s][info][gc,heap        ] GC(1864) ParOldGen: 599500K(667648K)->651060K(667648K)
[554.488s][info][gc,metaspace   ] GC(1864) Metaspace: 19003K(19136K)->19003K(19136K) NonClass: 16337K(16384K)->16337K(16384K) Class: 2665K(2752K)->2665K(2752K)
[554.488s][info][gc             ] GC(1864) Pause Young (Allocation Failure) 753M->644M(869M) 61.923ms
[554.488s][info][gc,cpu         ] GC(1864) User=0.12s Sys=0.00s Real=0.06s
[554.608s][info][gc,start       ] GC(1865) Pause Full (Allocation Failure)
[554.608s][info][gc,phases,start] GC(1865) Marking Phase
[554.864s][info][gc,phases      ] GC(1865) Marking Phase 256.423ms
[554.864s][info][gc,phases,start] GC(1865) Summary Phase
[554.864s][info][gc,phases      ] GC(1865) Summary Phase 0.026ms
[554.864s][info][gc,phases,start] GC(1865) Forward
[555.000s][info][gc,phases      ] GC(1865) Forward 135.931ms
[555.000s][info][gc,phases,start] GC(1865) Adjust Pointers
[555.207s][info][gc,phases      ] GC(1865) Adjust Pointers 206.793ms
[555.207s][info][gc,phases,start] GC(1865) Compaction Phase
[555.335s][info][gc,phases      ] GC(1865) Compaction Phase 127.353ms
[555.347s][info][gc,phases,start] GC(1865) Post Compact
[555.349s][info][gc,phases      ] GC(1865) Post Compact 2.294ms
[555.351s][info][gc,heap        ] GC(1865) PSYoungGen: 120352K(222720K)->0K(222720K) Eden: 111616K(111616K)->0K(111616K) From: 8736K(111104K)->0K(111104K)
[555.351s][info][gc,heap        ] GC(1865) ParOldGen: 651060K(667648K)->326970K(636416K)
[555.351s][info][gc,metaspace   ] GC(1865) Metaspace: 19003K(19136K)->19003K(19136K) NonClass: 16337K(16384K)->16337K(16384K) Class: 2665K(2752K)->2665K(2752K)
[555.351s][info][gc             ] GC(1865) Pause Full (Allocation Failure) 753M->319M(839M) 742.838ms
[555.351s][info][gc,cpu         ] GC(1865) User=1.31s Sys=0.01s Real=0.75s
[555.505s][info][gc,start       ] GC(1866) Pause Young (Allocation Failure)
[555.515s][info][gc,heap        ] GC(1866) PSYoungGen: 111616K(222720K)->8896K(222720K) Eden: 111616K(111616K)->0K(111616K) From: 0K(111104K)->8896K(111104K)
[555.515s][info][gc,heap        ] GC(1866) ParOldGen: 326970K(636416K)->326970K(636416K)
[555.515s][info][gc,metaspace   ] GC(1866) Metaspace: 19003K(19136K)->19003K(19136K) NonClass: 16337K(16384K)->16337K(16384K) Class: 2665K(2752K)->2665K(2752K)
[555.515s][info][gc             ] GC(1866) Pause Young (Allocation Failure) 428M->327M(839M) 10.593ms
[555.515s][info][gc,cpu         ] GC(1866) User=0.02s Sys=0.00s Real=0.01s
[555.860s][info][gc,start       ] GC(1867) Pause Young (Allocation Failure)
[555.871s][info][gc,heap        ] GC(1867) PSYoungGen: 120512K(222720K)->8928K(222720K) Eden: 111616K(111616K)->0K(111616K) From: 8896K(111104K)->8928K(111104K)
[555.871s][info][gc,heap        ] GC(1867) ParOldGen: 326970K(636416K)->326970K(636416K)
[555.871s][info][gc,metaspace   ] GC(1867) Metaspace: 19003K(19136K)->19003K(19136K) NonClass: 16337K(16384K)->16337K(16384K) Class: 2665K(2752K)->2665K(2752K)
[555.871s][info][gc             ] GC(1867) Pause Young (Allocation Failure) 436M->328M(839M) 10.523ms
[555.871s][info][gc,cpu         ] GC(1867) User=0.02s Sys=0.00s Real=0.01s
[556.122s][info][gc,start       ] GC(1868) Pause Young (Allocation Failure)
[556.133s][info][gc,heap        ] GC(1868) PSYoungGen: 120544K(222720K)->192K(222720K) Eden: 111616K(111616K)->0K(111616K) From: 8928K(111104K)->192K(111104K)
[556.133s][info][gc,heap        ] GC(1868) ParOldGen: 326970K(636416K)->335858K(636416K)
[556.133s][info][gc,metaspace   ] GC(1868) Metaspace: 19003K(19136K)->19003K(19136K) NonClass: 16337K(16384K)->16337K(16384K) Class: 2665K(2752K)->2665K(2752K)
[556.133s][info][gc             ] GC(1868) Pause Young (Allocation Failure) 437M->328M(839M) 10.512ms
[556.133s][info][gc,cpu         ] GC(1868) User=0.02s Sys=0.00s Real=0.01s
[556.392s][info][gc,start       ] GC(1869) Pause Young (Allocation Failure)
[556.394s][info][gc,heap        ] GC(1869) PSYoungGen: 111808K(222720K)->96K(222720K) Eden: 111616K(111616K)->0K(111616K) From: 192K(111104K)->96K(111104K)
[556.394s][info][gc,heap        ] GC(1869) ParOldGen: 335858K(636416K)->336018K(636416K)
[556.394s][info][gc,metaspace   ] GC(1869) Metaspace: 19003K(19136K)->19003K(19136K) NonClass: 16337K(16384K)->16337K(16384K) Class: 2665K(2752K)->2665K(2752K)
[556.394s][info][gc             ] GC(1869) Pause Young (Allocation Failure) 437M->328M(839M) 1.967ms
[556.394s][info][gc,cpu         ] GC(1869) User=0.01s Sys=0.00s Real=0.00s
[556.618s][info][gc,start       ] GC(1870) Pause Young (Allocation Failure)
[556.620s][info][gc,heap        ] GC(1870) PSYoungGen: 111712K(222720K)->64K(222720K) Eden: 111616K(111616K)->0K(111616K) From: 96K(111104K)->64K(111104K)
[556.620s][info][gc,heap        ] GC(1870) ParOldGen: 336018K(636416K)->336082K(636416K)
[556.620s][info][gc,metaspace   ] GC(1870) Metaspace: 19003K(19136K)->19003K(19136K) NonClass: 16337K(16384K)->16337K(16384K) Class: 2665K(2752K)->2665K(2752K)
[556.620s][info][gc             ] GC(1870) Pause Young (Allocation Failure) 437M->328M(839M) 1.785ms
[556.620s][info][gc,cpu         ] GC(1870) User=0.00s Sys=0.00s Real=0.01s
[556.883s][info][gc,start       ] GC(1871) Pause Young (Allocation Failure)
[556.885s][info][gc,heap        ] GC(1871) PSYoungGen: 111680K(222720K)->64K(222720K) Eden: 111616K(111616K)->0K(111616K) From: 64K(111104K)->64K(111104K)
[556.885s][info][gc,heap        ] GC(1871) ParOldGen: 336082K(636416K)->336098K(636416K)
[556.885s][info][gc,metaspace   ] GC(1871) Metaspace: 19003K(19136K)->19003K(19136K) NonClass: 16337K(16384K)->16337K(16384K) Class: 2665K(2752K)->2665K(2752K)
[556.885s][info][gc             ] GC(1871) Pause Young (Allocation Failure) 437M->328M(839M) 1.711ms
[556.885s][info][gc,cpu         ] GC(1871) User=0.00s Sys=0.00s Real=0.00s
[557.097s][info][gc,start       ] GC(1872) Pause Young (Allocation Failure)
[557.104s][info][gc,heap        ] GC(1872) PSYoungGen: 111680K(222720K)->5280K(216576K) Eden: 111616K(111616K)->0K(111616K) From: 64K(111104K)->5280K(104960K)
[557.104s][info][gc,heap        ] GC(1872) ParOldGen: 336098K(636416K)->336122K(636416K)
[557.104s][info][gc,metaspace   ] GC(1872) Metaspace: 19003K(19136K)->19003K(19136K) NonClass: 16337K(16384K)->16337K(16384K) Class: 2665K(2752K)->2665K(2752K)
[557.104s][info][gc             ] GC(1872) Pause Young (Allocation Failure) 437M->333M(833M) 7.146ms
[557.104s][info][gc,cpu         ] GC(1872) User=0.01s Sys=0.00s Real=0.01s
[557.249s][info][gc,start       ] GC(1873) Pause Young (Allocation Failure)
[557.272s][info][gc,heap        ] GC(1873) PSYoungGen: 116896K(216576K)->28000K(219648K) Eden: 111616K(111616K)->0K(111616K) From: 5280K(104960K)->28000K(108032K)
[557.272s][info][gc,heap        ] GC(1873) ParOldGen: 336122K(636416K)->336122K(636416K)
[557.272s][info][gc,metaspace   ] GC(1873) Metaspace: 19006K(19200K)->19006K(19200K) NonClass: 16341K(16448K)->16341K(16448K) Class: 2665K(2752K)->2665K(2752K)
[557.272s][info][gc             ] GC(1873) Pause Young (Allocation Failure) 442M->355M(836M) 22.854ms
[557.272s][info][gc,cpu         ] GC(1873) User=0.04s Sys=0.00s Real=0.03s
[557.336s][info][gc,start       ] GC(1874) Pause Young (Allocation Failure)
[557.387s][info][gc,heap        ] GC(1874) PSYoungGen: 139616K(219648K)->71360K(209920K) Eden: 111616K(111616K)->0K(109056K) From: 28000K(108032K)->71360K(100864K)
[557.387s][info][gc,heap        ] GC(1874) ParOldGen: 336122K(636416K)->336122K(636416K)
[557.387s][info][gc,metaspace   ] GC(1874) Metaspace: 19006K(19200K)->19006K(19200K) NonClass: 16341K(16448K)->16341K(16448K) Class: 2665K(2752K)->2665K(2752K)
[557.387s][info][gc             ] GC(1874) Pause Young (Allocation Failure) 464M->397M(826M) 50.552ms
[557.387s][info][gc,cpu         ] GC(1874) User=0.10s Sys=0.00s Real=0.05s
[557.453s][info][gc,start       ] GC(1875) Pause Young (Allocation Failure)
[557.527s][info][gc,heap        ] GC(1875) PSYoungGen: 180416K(209920K)->110576K(219648K) Eden: 109056K(109056K)->0K(109056K) From: 71360K(100864K)->110576K(110592K)
[557.527s][info][gc,heap        ] GC(1875) ParOldGen: 336122K(636416K)->339266K(636416K)
[557.527s][info][gc,metaspace   ] GC(1875) Metaspace: 19006K(19200K)->19006K(19200K) NonClass: 16341K(16448K)->16341K(16448K) Class: 2665K(2752K)->2665K(2752K)
[557.527s][info][gc             ] GC(1875) Pause Young (Allocation Failure) 504M->439M(836M) 74.188ms
[557.527s][info][gc,cpu         ] GC(1875) User=0.15s Sys=0.00s Real=0.07s
[557.712s][info][gc,start       ] GC(1876) Pause Young (Allocation Failure)
[557.804s][info][gc,heap        ] GC(1876) PSYoungGen: 219632K(219648K)->108352K(222720K) Eden: 109056K(109056K)->0K(111616K) From: 110576K(110592K)->108352K(111104K)
[557.804s][info][gc,heap        ] GC(1876) ParOldGen: 339266K(636416K)->367491K(636416K)
[557.804s][info][gc,metaspace   ] GC(1876) Metaspace: 19016K(19200K)->19016K(19200K) NonClass: 16350K(16448K)->16350K(16448K) Class: 2665K(2752K)->2665K(2752K)
[557.804s][info][gc             ] GC(1876) Pause Young (Allocation Failure) 545M->464M(839M) 92.067ms
[557.804s][info][gc,cpu         ] GC(1876) User=0.18s Sys=0.01s Real=0.09s
[557.980s][info][gc,start       ] GC(1877) Pause Young (Allocation Failure)
[558.073s][info][gc,heap        ] GC(1877) PSYoungGen: 219968K(222720K)->59606K(222720K) Eden: 111616K(111616K)->0K(111616K) From: 108352K(111104K)->59606K(111104K)
[558.073s][info][gc,heap        ] GC(1877) ParOldGen: 367491K(636416K)->451064K(636416K)
[558.073s][info][gc,metaspace   ] GC(1877) Metaspace: 19018K(19200K)->19018K(19200K) NonClass: 16353K(16448K)->16353K(16448K) Class: 2665K(2752K)->2665K(2752K)
[558.073s][info][gc             ] GC(1877) Pause Young (Allocation Failure) 573M->498M(839M) 93.229ms
[558.073s][info][gc,cpu         ] GC(1877) User=0.19s Sys=0.00s Real=0.10s
[558.203s][info][gc,start       ] GC(1878) Pause Young (Allocation Failure)
[558.269s][info][gc,heap        ] GC(1878) PSYoungGen: 171222K(222720K)->28608K(222720K) Eden: 111616K(111616K)->0K(111616K) From: 59606K(111104K)->28608K(111104K)
[558.269s][info][gc,heap        ] GC(1878) ParOldGen: 451064K(636416K)->511250K(636416K)
[558.269s][info][gc,metaspace   ] GC(1878) Metaspace: 19023K(19200K)->19023K(19200K) NonClass: 16358K(16448K)->16358K(16448K) Class: 2665K(2752K)->2665K(2752K)
[558.269s][info][gc             ] GC(1878) Pause Young (Allocation Failure) 607M->527M(839M) 65.644ms
[558.269s][info][gc,cpu         ] GC(1878) User=0.12s Sys=0.00s Real=0.06s
[558.360s][info][gc,start       ] GC(1879) Pause Young (Allocation Failure)
[558.399s][info][gc,heap        ] GC(1879) PSYoungGen: 140224K(222720K)->4640K(222720K) Eden: 111616K(111616K)->0K(111616K) From: 28608K(111104K)->4640K(111104K)
[558.399s][info][gc,heap        ] GC(1879) ParOldGen: 511250K(636416K)->540174K(636416K)
[558.399s][info][gc,metaspace   ] GC(1879) Metaspace: 19031K(19200K)->19031K(19200K) NonClass: 16366K(16448K)->16366K(16448K) Class: 2665K(2752K)->2665K(2752K)
[558.399s][info][gc             ] GC(1879) Pause Young (Allocation Failure) 636M->532M(839M) 38.987ms
[558.399s][info][gc,cpu         ] GC(1879) User=0.08s Sys=0.00s Real=0.04s
[558.522s][info][gc,start       ] GC(1880) Pause Young (Allocation Failure)
[558.571s][info][gc,heap        ] GC(1880) PSYoungGen: 116256K(222720K)->14797K(222720K) Eden: 111616K(111616K)->0K(111616K) From: 4640K(111104K)->14797K(111104K)
[558.571s][info][gc,heap        ] GC(1880) ParOldGen: 540174K(636416K)->544782K(636416K)
[558.571s][info][gc,metaspace   ] GC(1880) Metaspace: 19031K(19200K)->19031K(19200K) NonClass: 16366K(16448K)->16366K(16448K) Class: 2665K(2752K)->2665K(2752K)
[558.571s][info][gc             ] GC(1880) Pause Young (Allocation Failure) 641M->546M(839M) 48.900ms
[558.571s][info][gc,cpu         ] GC(1880) User=0.09s Sys=0.00s Real=0.05s
[558.735s][info][gc,start       ] GC(1881) Pause Young (Allocation Failure)
[558.801s][info][gc,heap        ] GC(1881) PSYoungGen: 126413K(222720K)->24672K(222720K) Eden: 111616K(111616K)->0K(111616K) From: 14797K(111104K)->24672K(111104K)
[558.801s][info][gc,heap        ] GC(1881) ParOldGen: 544782K(636416K)->559439K(636416K)
[558.801s][info][gc,metaspace   ] GC(1881) Metaspace: 19031K(19200K)->19031K(19200K) NonClass: 16366K(16448K)->16366K(16448K) Class: 2665K(2752K)->2665K(2752K)
[558.801s][info][gc             ] GC(1881) Pause Young (Allocation Failure) 655M->570M(839M) 65.896ms
[558.801s][info][gc,cpu         ] GC(1881) User=0.13s Sys=0.00s Real=0.07s
[558.958s][info][gc,start       ] GC(1882) Pause Young (Allocation Failure)
[558.994s][info][gc,heap        ] GC(1882) PSYoungGen: 136288K(222720K)->32K(222720K) Eden: 111616K(111616K)->0K(111616K) From: 24672K(111104K)->32K(111104K)
[558.994s][info][gc,heap        ] GC(1882) ParOldGen: 559439K(636416K)->584127K(636416K)
[558.994s][info][gc,metaspace   ] GC(1882) Metaspace: 19031K(19200K)->19031K(19200K) NonClass: 16366K(16448K)->16366K(16448K) Class: 2665K(2752K)->2665K(2752K)
[558.994s][info][gc             ] GC(1882) Pause Young (Allocation Failure) 679M->570M(839M) 35.740ms
[558.994s][info][gc,cpu         ] GC(1882) User=0.07s Sys=0.00s Real=0.04s
[559.150s][info][gc,start       ] GC(1883) Pause Young (Allocation Failure)
[559.151s][info][gc,heap        ] GC(1883) PSYoungGen: 111648K(222720K)->64K(222720K) Eden: 111616K(111616K)->0K(111616K) From: 32K(111104K)->64K(111104K)
[559.151s][info][gc,heap        ] GC(1883) ParOldGen: 584127K(636416K)->584127K(636416K)
[559.151s][info][gc,metaspace   ] GC(1883) Metaspace: 19031K(19200K)->19031K(19200K) NonClass: 16366K(16448K)->16366K(16448K) Class: 2665K(2752K)->2665K(2752K)
[559.151s][info][gc             ] GC(1883) Pause Young (Allocation Failure) 679M->570M(839M) 1.885ms
[559.151s][info][gc,cpu         ] GC(1883) User=0.01s Sys=0.00s Real=0.01s
[559.300s][info][gc,start       ] GC(1884) Pause Young (Allocation Failure)
[559.302s][info][gc,heap        ] GC(1884) PSYoungGen: 111680K(222720K)->64K(222720K) Eden: 111616K(111616K)->0K(111616K) From: 64K(111104K)->64K(111104K)
[559.302s][info][gc,heap        ] GC(1884) ParOldGen: 584127K(636416K)->584127K(636416K)
[559.302s][info][gc,metaspace   ] GC(1884) Metaspace: 19031K(19200K)->19031K(19200K) NonClass: 16366K(16448K)->16366K(16448K) Class: 2665K(2752K)->2665K(2752K)
[559.302s][info][gc             ] GC(1884) Pause Young (Allocation Failure) 679M->570M(839M) 1.946ms
[559.302s][info][gc,cpu         ] GC(1884) User=0.00s Sys=0.00s Real=0.00s
[559.449s][info][gc,start       ] GC(1885) Pause Young (Allocation Failure)
[559.451s][info][gc,heap        ] GC(1885) PSYoungGen: 111680K(222720K)->64K(112128K) Eden: 111616K(111616K)->0K(111616K) From: 64K(111104K)->64K(512K)
[559.451s][info][gc,heap        ] GC(1885) ParOldGen: 584127K(636416K)->584127K(636416K)
[559.451s][info][gc,metaspace   ] GC(1885) Metaspace: 19031K(19200K)->19031K(19200K) NonClass: 16366K(16448K)->16366K(16448K) Class: 2665K(2752K)->2665K(2752K)
[559.451s][info][gc             ] GC(1885) Pause Young (Allocation Failure) 679M->570M(731M) 1.935ms
[559.451s][info][gc,cpu         ] GC(1885) User=0.00s Sys=0.00s Real=0.01s
[559.599s][info][gc,start       ] GC(1886) Pause Young (Allocation Failure)
[559.601s][info][gc,heap        ] GC(1886) PSYoungGen: 111680K(112128K)->64K(224768K) Eden: 111616K(111616K)->0K(116224K) From: 64K(512K)->64K(108544K)
[559.601s][info][gc,heap        ] GC(1886) ParOldGen: 584127K(636416K)->584127K(636416K)
[559.601s][info][gc,metaspace   ] GC(1886) Metaspace: 19031K(19200K)->19031K(19200K) NonClass: 16366K(16448K)->16366K(16448K) Class: 2665K(2752K)->2665K(2752K)
[559.601s][info][gc             ] GC(1886) Pause Young (Allocation Failure) 679M->570M(841M) 2.013ms
[559.601s][info][gc,cpu         ] GC(1886) User=0.01s Sys=0.00s Real=0.01s
[559.755s][info][gc,start       ] GC(1887) Pause Young (Allocation Failure)
[559.757s][info][gc,heap        ] GC(1887) PSYoungGen: 116288K(224768K)->64K(116736K) Eden: 116224K(116224K)->0K(116224K) From: 64K(108544K)->64K(512K)
[559.757s][info][gc,heap        ] GC(1887) ParOldGen: 584127K(636416K)->584127K(636416K)
[559.757s][info][gc,metaspace   ] GC(1887) Metaspace: 19031K(19200K)->19031K(19200K) NonClass: 16366K(16448K)->16366K(16448K) Class: 2665K(2752K)->2665K(2752K)
[559.757s][info][gc             ] GC(1887) Pause Young (Allocation Failure) 683M->570M(735M) 2.618ms
[559.757s][info][gc,cpu         ] GC(1887) User=0.00s Sys=0.00s Real=0.00s
[559.921s][info][gc,start       ] GC(1888) Pause Young (Allocation Failure)
[559.924s][info][gc,heap        ] GC(1888) PSYoungGen: 116288K(116736K)->64K(214528K) Eden: 116224K(116224K)->0K(121856K) From: 64K(512K)->64K(92672K)
[559.924s][info][gc,heap        ] GC(1888) ParOldGen: 584127K(636416K)->584127K(636416K)
[559.924s][info][gc,metaspace   ] GC(1888) Metaspace: 19031K(19200K)->19031K(19200K) NonClass: 16366K(16448K)->16366K(16448K) Class: 2665K(2752K)->2665K(2752K)
[559.924s][info][gc             ] GC(1888) Pause Young (Allocation Failure) 683M->570M(831M) 2.494ms
[559.924s][info][gc,cpu         ] GC(1888) User=0.00s Sys=0.00s Real=0.00s
[560.098s][info][gc,start       ] GC(1889) Pause Young (Allocation Failure)
[560.100s][info][gc,heap        ] GC(1889) PSYoungGen: 121920K(214528K)->64K(217600K) Eden: 121856K(121856K)->0K(121856K) From: 64K(92672K)->64K(95744K)
[560.100s][info][gc,heap        ] GC(1889) ParOldGen: 584127K(636416K)->584127K(636416K)
[560.100s][info][gc,metaspace   ] GC(1889) Metaspace: 19031K(19200K)->19031K(19200K) NonClass: 16366K(16448K)->16366K(16448K) Class: 2665K(2752K)->2665K(2752K)
[560.100s][info][gc             ] GC(1889) Pause Young (Allocation Failure) 689M->570M(834M) 2.266ms
[560.101s][info][gc,cpu         ] GC(1889) User=0.00s Sys=0.00s Real=0.01s
[560.246s][info][gc,start       ] GC(1890) Pause Young (Allocation Failure)
[560.263s][info][gc,heap        ] GC(1890) PSYoungGen: 121920K(217600K)->12736K(205824K) Eden: 121856K(121856K)->0K(128000K) From: 64K(95744K)->12736K(77824K)
[560.263s][info][gc,heap        ] GC(1890) ParOldGen: 584127K(636416K)->584127K(636416K)
[560.263s][info][gc,metaspace   ] GC(1890) Metaspace: 19032K(19200K)->19032K(19200K) NonClass: 16367K(16448K)->16367K(16448K) Class: 2665K(2752K)->2665K(2752K)
[560.263s][info][gc             ] GC(1890) Pause Young (Allocation Failure) 689M->582M(822M) 16.928ms
[560.263s][info][gc,cpu         ] GC(1890) User=0.03s Sys=0.00s Real=0.02s
[560.394s][info][gc,start       ] GC(1891) Pause Young (Allocation Failure)
[560.423s][info][gc,heap        ] GC(1891) PSYoungGen: 140736K(205824K)->27552K(211968K) Eden: 128000K(128000K)->0K(128000K) From: 12736K(77824K)->27552K(83968K)
[560.423s][info][gc,heap        ] GC(1891) ParOldGen: 584127K(636416K)->584127K(636416K)
[560.423s][info][gc,metaspace   ] GC(1891) Metaspace: 19032K(19200K)->19032K(19200K) NonClass: 16367K(16448K)->16367K(16448K) Class: 2665K(2752K)->2665K(2752K)
[560.423s][info][gc             ] GC(1891) Pause Young (Allocation Failure) 707M->597M(828M) 29.022ms
[560.423s][info][gc,cpu         ] GC(1891) User=0.06s Sys=0.00s Real=0.03s
[560.532s][info][gc,start       ] GC(1892) Pause Young (Allocation Failure)
[560.563s][info][gc,heap        ] GC(1892) PSYoungGen: 155552K(211968K)->31040K(218624K) Eden: 128000K(128000K)->0K(137728K) From: 27552K(83968K)->31040K(80896K)
[560.563s][info][gc,heap        ] GC(1892) ParOldGen: 584127K(636416K)->584127K(636416K)
[560.563s][info][gc,metaspace   ] GC(1892) Metaspace: 19032K(19200K)->19032K(19200K) NonClass: 16367K(16448K)->16367K(16448K) Class: 2665K(2752K)->2665K(2752K)
[560.563s][info][gc             ] GC(1892) Pause Young (Allocation Failure) 722M->600M(835M) 31.500ms
[560.563s][info][gc,cpu         ] GC(1892) User=0.07s Sys=0.00s Real=0.03s
[560.692s][info][gc,start       ] GC(1893) Pause Young (Allocation Failure)
[560.725s][info][gc,heap        ] GC(1893) PSYoungGen: 168768K(218624K)->32832K(218112K) Eden: 137728K(137728K)->0K(137728K) From: 31040K(80896K)->32832K(80384K)
[560.725s][info][gc,heap        ] GC(1893) ParOldGen: 584127K(636416K)->584127K(636416K)
[560.725s][info][gc,metaspace   ] GC(1893) Metaspace: 19032K(19200K)->19032K(19200K) NonClass: 16367K(16448K)->16367K(16448K) Class: 2665K(2752K)->2665K(2752K)
[560.725s][info][gc             ] GC(1893) Pause Young (Allocation Failure) 735M->602M(834M) 32.957ms
[560.725s][info][gc,cpu         ] GC(1893) User=0.07s Sys=0.00s Real=0.03s
[560.879s][info][gc,start       ] GC(1894) Pause Young (Allocation Failure)
[560.917s][info][gc,heap        ] GC(1894) PSYoungGen: 170560K(218112K)->38592K(228864K) Eden: 137728K(137728K)->0K(148992K) From: 32832K(80384K)->38592K(79872K)
[560.917s][info][gc,heap        ] GC(1894) ParOldGen: 584127K(636416K)->584127K(636416K)
[560.917s][info][gc,metaspace   ] GC(1894) Metaspace: 19033K(19200K)->19033K(19200K) NonClass: 16367K(16448K)->16367K(16448K) Class: 2665K(2752K)->2665K(2752K)
[560.917s][info][gc             ] GC(1894) Pause Young (Allocation Failure) 736M->608M(845M) 38.089ms
[560.917s][info][gc,cpu         ] GC(1894) User=0.08s Sys=0.00s Real=0.04s
[561.165s][info][gc,start       ] GC(1895) Pause Young (Allocation Failure)
[561.205s][info][gc,heap        ] GC(1895) PSYoungGen: 187584K(228864K)->40928K(229888K) Eden: 148992K(148992K)->0K(148992K) From: 38592K(79872K)->40928K(80896K)
[561.205s][info][gc,heap        ] GC(1895) ParOldGen: 584127K(636416K)->584127K(636416K)
[561.205s][info][gc,metaspace   ] GC(1895) Metaspace: 19035K(19200K)->19035K(19200K) NonClass: 16370K(16448K)->16370K(16448K) Class: 2665K(2752K)->2665K(2752K)
[561.205s][info][gc             ] GC(1895) Pause Young (Allocation Failure) 753M->610M(846M) 40.318ms
[561.205s][info][gc,cpu         ] GC(1895) User=0.08s Sys=0.00s Real=0.04s
[561.473s][info][gc,start       ] GC(1896) Pause Young (Allocation Failure)
[561.512s][info][gc,heap        ] GC(1896) PSYoungGen: 189920K(229888K)->41088K(243712K) Eden: 148992K(148992K)->0K(161792K) From: 40928K(80896K)->41088K(81920K)
[561.512s][info][gc,heap        ] GC(1896) ParOldGen: 584127K(636416K)->584127K(636416K)
[561.512s][info][gc,metaspace   ] GC(1896) Metaspace: 19038K(19200K)->19038K(19200K) NonClass: 16373K(16448K)->16373K(16448K) Class: 2665K(2752K)->2665K(2752K)
[561.512s][info][gc             ] GC(1896) Pause Young (Allocation Failure) 755M->610M(859M) 39.342ms
[561.512s][info][gc,cpu         ] GC(1896) User=0.07s Sys=0.00s Real=0.04s
[561.779s][info][gc,start       ] GC(1897) Pause Young (Allocation Failure)
[561.819s][info][gc,heap        ] GC(1897) PSYoungGen: 202880K(243712K)->41056K(244736K) Eden: 161792K(161792K)->0K(161792K) From: 41088K(81920K)->41056K(82944K)
[561.819s][info][gc,heap        ] GC(1897) ParOldGen: 584127K(636416K)->584127K(636416K)
[561.819s][info][gc,metaspace   ] GC(1897) Metaspace: 19040K(19200K)->19040K(19200K) NonClass: 16375K(16448K)->16375K(16448K) Class: 2665K(2752K)->2665K(2752K)
[561.819s][info][gc             ] GC(1897) Pause Young (Allocation Failure) 768M->610M(860M) 39.831ms
[561.819s][info][gc,cpu         ] GC(1897) User=0.08s Sys=0.00s Real=0.04s
[562.075s][info][gc,start       ] GC(1898) Pause Young (Allocation Failure)
[562.130s][info][gc,heap        ] GC(1898) PSYoungGen: 202848K(244736K)->54144K(241664K) Eden: 161792K(161792K)->0K(158720K) From: 41056K(82944K)->54144K(82944K)
[562.130s][info][gc,heap        ] GC(1898) ParOldGen: 584127K(636416K)->584127K(636416K)
[562.130s][info][gc,metaspace   ] GC(1898) Metaspace: 19048K(19200K)->19048K(19200K) NonClass: 16382K(16448K)->16382K(16448K) Class: 2665K(2752K)->2665K(2752K)
[562.130s][info][gc             ] GC(1898) Pause Young (Allocation Failure) 768M->623M(857M) 54.626ms
[562.130s][info][gc,cpu         ] GC(1898) User=0.10s Sys=0.00s Real=0.05s
[562.314s][info][gc,start       ] GC(1899) Pause Young (Allocation Failure)
[562.367s][info][gc,heap        ] GC(1899) PSYoungGen: 212864K(241664K)->54144K(212992K) Eden: 158720K(158720K)->0K(158720K) From: 54144K(82944K)->54144K(54272K)
[562.367s][info][gc,heap        ] GC(1899) ParOldGen: 584127K(636416K)->584127K(636416K)
[562.367s][info][gc,metaspace   ] GC(1899) Metaspace: 19048K(19200K)->19048K(19200K) NonClass: 16382K(16448K)->16382K(16448K) Class: 2665K(2752K)->2665K(2752K)
[562.367s][info][gc             ] GC(1899) Pause Young (Allocation Failure) 778M->623M(829M) 52.497ms
[562.367s][info][gc,cpu         ] GC(1899) User=0.10s Sys=0.00s Real=0.05s
[562.481s][info][gc,start       ] GC(1900) Pause Young (Allocation Failure)
[562.587s][info][gc,heap        ] GC(1900) PSYoungGen: 212864K(212992K)->90608K(202240K) Eden: 158720K(158720K)->0K(111616K) From: 54144K(54272K)->90608K(90624K)
[562.587s][info][gc,heap        ] GC(1900) ParOldGen: 584127K(636416K)->597127K(636416K)
[562.587s][info][gc,metaspace   ] GC(1900) Metaspace: 19052K(19200K)->19052K(19200K) NonClass: 16387K(16448K)->16387K(16448K) Class: 2665K(2752K)->2665K(2752K)
[562.587s][info][gc             ] GC(1900) Pause Young (Allocation Failure) 778M->671M(819M) 106.273ms
[562.587s][info][gc,cpu         ] GC(1900) User=0.19s Sys=0.03s Real=0.10s
[562.784s][info][gc,start       ] GC(1901) Pause Young (Allocation Failure)
[562.872s][info][gc,heap        ] GC(1901) PSYoungGen: 202224K(202240K)->97104K(222720K) Eden: 111616K(111616K)->0K(111616K) From: 90608K(90624K)->97104K(111104K)
[562.872s][info][gc,heap        ] GC(1901) ParOldGen: 597127K(636416K)->597127K(636416K)
[562.872s][info][gc,metaspace   ] GC(1901) Metaspace: 19052K(19200K)->19052K(19200K) NonClass: 16387K(16448K)->16387K(16448K) Class: 2665K(2752K)->2665K(2752K)
[562.872s][info][gc             ] GC(1901) Pause Young (Allocation Failure) 780M->677M(839M) 88.124ms
[562.872s][info][gc,cpu         ] GC(1901) User=0.17s Sys=0.00s Real=0.09s
[563.030s][info][gc,start       ] GC(1902) Pause Young (Allocation Failure)
[563.135s][info][gc,heap        ] GC(1902) PSYoungGen: 208720K(222720K)->108176K(222720K) Eden: 111616K(111616K)->0K(111616K) From: 97104K(111104K)->108176K(111104K)
[563.135s][info][gc,heap        ] GC(1902) ParOldGen: 597127K(636416K)->597127K(636416K)
[563.135s][info][gc,metaspace   ] GC(1902) Metaspace: 19052K(19200K)->19052K(19200K) NonClass: 16387K(16448K)->16387K(16448K) Class: 2665K(2752K)->2665K(2752K)
[563.135s][info][gc             ] GC(1902) Pause Young (Allocation Failure) 786M->688M(839M) 105.089ms
[563.135s][info][gc,cpu         ] GC(1902) User=0.21s Sys=0.00s Real=0.10s
[563.294s][info][gc,start       ] GC(1903) Pause Young (Allocation Failure)
[563.397s][info][gc,heap        ] GC(1903) PSYoungGen: 219792K(222720K)->80688K(222720K) Eden: 111616K(111616K)->0K(111616K) From: 108176K(111104K)->80688K(111104K)
[563.397s][info][gc,heap        ] GC(1903) ParOldGen: 597127K(636416K)->624711K(636416K)
[563.397s][info][gc,metaspace   ] GC(1903) Metaspace: 19052K(19200K)->19052K(19200K) NonClass: 16387K(16448K)->16387K(16448K) Class: 2665K(2752K)->2665K(2752K)
[563.397s][info][gc             ] GC(1903) Pause Young (Allocation Failure) 797M->688M(839M) 102.888ms
[563.397s][info][gc,cpu         ] GC(1903) User=0.20s Sys=0.00s Real=0.10s
[563.556s][info][gc,start       ] GC(1904) Pause Full (Allocation Failure)
[563.556s][info][gc,phases,start] GC(1904) Marking Phase
[563.849s][info][gc,phases      ] GC(1904) Marking Phase 293.030ms
[563.849s][info][gc,phases,start] GC(1904) Summary Phase
[563.849s][info][gc,phases      ] GC(1904) Summary Phase 0.027ms
[563.849s][info][gc,phases,start] GC(1904) Forward
[563.929s][info][gc,phases      ] GC(1904) Forward 79.768ms
[563.929s][info][gc,phases,start] GC(1904) Adjust Pointers
[564.173s][info][gc,phases      ] GC(1904) Adjust Pointers 244.007ms
[564.173s][info][gc,phases,start] GC(1904) Compaction Phase
[564.303s][info][gc,phases      ] GC(1904) Compaction Phase 129.871ms
[564.314s][info][gc,phases,start] GC(1904) Post Compact
[564.316s][info][gc,phases      ] GC(1904) Post Compact 2.335ms
[564.316s][info][gc,heap        ] GC(1904) PSYoungGen: 192304K(222720K)->0K(222720K) Eden: 111616K(111616K)->0K(111616K) From: 80688K(111104K)->0K(111104K)
[564.316s][info][gc,heap        ] GC(1904) ParOldGen: 624711K(636416K)->452130K(667648K)
[564.316s][info][gc,metaspace   ] GC(1904) Metaspace: 19052K(19200K)->19052K(19200K) NonClass: 16387K(16448K)->16387K(16448K) Class: 2665K(2752K)->2665K(2752K)
[564.316s][info][gc             ] GC(1904) Pause Full (Allocation Failure) 797M->441M(869M) 760.404ms
[564.316s][info][gc,cpu         ] GC(1904) User=1.47s Sys=0.00s Real=0.76s
[564.471s][info][gc,start       ] GC(1905) Pause Young (Allocation Failure)
[564.472s][info][gc,heap        ] GC(1905) PSYoungGen: 111616K(222720K)->64K(222720K) Eden: 111616K(111616K)->0K(111616K) From: 0K(111104K)->64K(111104K)
[564.472s][info][gc,heap        ] GC(1905) ParOldGen: 452130K(667648K)->452130K(667648K)
[564.472s][info][gc,metaspace   ] GC(1905) Metaspace: 19052K(19200K)->19052K(19200K) NonClass: 16387K(16448K)->16387K(16448K) Class: 2665K(2752K)->2665K(2752K)
[564.472s][info][gc             ] GC(1905) Pause Young (Allocation Failure) 550M->441M(869M) 1.564ms
[564.472s][info][gc,cpu         ] GC(1905) User=0.01s Sys=0.00s Real=0.00s
[564.618s][info][gc,start       ] GC(1906) Pause Young (Allocation Failure)
[564.619s][info][gc,heap        ] GC(1906) PSYoungGen: 111680K(222720K)->64K(222720K) Eden: 111616K(111616K)->0K(111616K) From: 64K(111104K)->64K(111104K)
[564.619s][info][gc,heap        ] GC(1906) ParOldGen: 452130K(667648K)->452130K(667648K)
[564.619s][info][gc,metaspace   ] GC(1906) Metaspace: 19052K(19200K)->19052K(19200K) NonClass: 16387K(16448K)->16387K(16448K) Class: 2665K(2752K)->2665K(2752K)
[564.619s][info][gc             ] GC(1906) Pause Young (Allocation Failure) 550M->441M(869M) 1.551ms
[564.619s][info][gc,cpu         ] GC(1906) User=0.00s Sys=0.00s Real=0.00s
[564.773s][info][gc,start       ] GC(1907) Pause Young (Allocation Failure)
[564.774s][info][gc,heap        ] GC(1907) PSYoungGen: 111680K(222720K)->64K(222720K) Eden: 111616K(111616K)->0K(111616K) From: 64K(111104K)->64K(111104K)
[564.774s][info][gc,heap        ] GC(1907) ParOldGen: 452130K(667648K)->452130K(667648K)
[564.774s][info][gc,metaspace   ] GC(1907) Metaspace: 19052K(19200K)->19052K(19200K) NonClass: 16387K(16448K)->16387K(16448K) Class: 2665K(2752K)->2665K(2752K)
[564.774s][info][gc             ] GC(1907) Pause Young (Allocation Failure) 550M->441M(869M) 1.588ms
[564.774s][info][gc,cpu         ] GC(1907) User=0.01s Sys=0.00s Real=0.00s
[564.928s][info][gc,start       ] GC(1908) Pause Young (Allocation Failure)
[564.930s][info][gc,heap        ] GC(1908) PSYoungGen: 111680K(222720K)->64K(222720K) Eden: 111616K(111616K)->0K(111616K) From: 64K(111104K)->64K(111104K)
[564.930s][info][gc,heap        ] GC(1908) ParOldGen: 452130K(667648K)->452130K(667648K)
[564.930s][info][gc,metaspace   ] GC(1908) Metaspace: 19052K(19200K)->19052K(19200K) NonClass: 16387K(16448K)->16387K(16448K) Class: 2665K(2752K)->2665K(2752K)
[564.930s][info][gc             ] GC(1908) Pause Young (Allocation Failure) 550M->441M(869M) 1.591ms
[564.930s][info][gc,cpu         ] GC(1908) User=0.01s Sys=0.00s Real=0.01s
[565.088s][info][gc,start       ] GC(1909) Pause Young (Allocation Failure)
[565.089s][info][gc,heap        ] GC(1909) PSYoungGen: 111680K(222720K)->64K(222720K) Eden: 111616K(111616K)->0K(111616K) From: 64K(111104K)->64K(111104K)
[565.089s][info][gc,heap        ] GC(1909) ParOldGen: 452130K(667648K)->452130K(667648K)
[565.089s][info][gc,metaspace   ] GC(1909) Metaspace: 19052K(19200K)->19052K(19200K) NonClass: 16387K(16448K)->16387K(16448K) Class: 2665K(2752K)->2665K(2752K)
[565.089s][info][gc             ] GC(1909) Pause Young (Allocation Failure) 550M->441M(869M) 1.608ms
[565.089s][info][gc,cpu         ] GC(1909) User=0.00s Sys=0.00s Real=0.00s
[565.232s][info][gc,start       ] GC(1910) Pause Young (Allocation Failure)
[565.244s][info][gc,heap        ] GC(1910) PSYoungGen: 111680K(222720K)->8768K(222720K) Eden: 111616K(111616K)->0K(111616K) From: 64K(111104K)->8768K(111104K)
[565.244s][info][gc,heap        ] GC(1910) ParOldGen: 452130K(667648K)->452130K(667648K)
[565.244s][info][gc,metaspace   ] GC(1910) Metaspace: 19052K(19200K)->19052K(19200K) NonClass: 16387K(16448K)->16387K(16448K) Class: 2665K(2752K)->2665K(2752K)
[565.245s][info][gc             ] GC(1910) Pause Young (Allocation Failure) 550M->450M(869M) 12.146ms
[565.245s][info][gc,cpu         ] GC(1910) User=0.02s Sys=0.00s Real=0.01s
[565.363s][info][gc,start       ] GC(1911) Pause Young (Allocation Failure)
[565.386s][info][gc,heap        ] GC(1911) PSYoungGen: 120384K(222720K)->21600K(222720K) Eden: 111616K(111616K)->0K(111616K) From: 8768K(111104K)->21600K(111104K)
[565.386s][info][gc,heap        ] GC(1911) ParOldGen: 452130K(667648K)->452138K(667648K)
[565.386s][info][gc,metaspace   ] GC(1911) Metaspace: 19052K(19200K)->19052K(19200K) NonClass: 16387K(16448K)->16387K(16448K) Class: 2665K(2752K)->2665K(2752K)
[565.386s][info][gc             ] GC(1911) Pause Young (Allocation Failure) 559M->462M(869M) 23.138ms
[565.386s][info][gc,cpu         ] GC(1911) User=0.04s Sys=0.00s Real=0.02s
[565.465s][info][gc,start       ] GC(1912) Pause Young (Allocation Failure)
[565.506s][info][gc,heap        ] GC(1912) PSYoungGen: 133216K(222720K)->37056K(222720K) Eden: 111616K(111616K)->0K(111616K) From: 21600K(111104K)->37056K(111104K)
[565.506s][info][gc,heap        ] GC(1912) ParOldGen: 452138K(667648K)->452138K(667648K)
[565.506s][info][gc,metaspace   ] GC(1912) Metaspace: 19052K(19200K)->19052K(19200K) NonClass: 16387K(16448K)->16387K(16448K) Class: 2665K(2752K)->2665K(2752K)
[565.506s][info][gc             ] GC(1912) Pause Young (Allocation Failure) 571M->477M(869M) 40.595ms
[565.506s][info][gc,cpu         ] GC(1912) User=0.08s Sys=0.00s Real=0.04s
[565.595s][info][gc,start       ] GC(1913) Pause Young (Allocation Failure)
[565.646s][info][gc,heap        ] GC(1913) PSYoungGen: 148672K(222720K)->41088K(153088K) Eden: 111616K(111616K)->0K(111616K) From: 37056K(111104K)->41088K(41472K)
[565.646s][info][gc,heap        ] GC(1913) ParOldGen: 452138K(667648K)->460866K(667648K)
[565.646s][info][gc,metaspace   ] GC(1913) Metaspace: 19052K(19200K)->19052K(19200K) NonClass: 16387K(16448K)->16387K(16448K) Class: 2665K(2752K)->2665K(2752K)
[565.646s][info][gc             ] GC(1913) Pause Young (Allocation Failure) 586M->490M(801M) 51.331ms
[565.646s][info][gc,cpu         ] GC(1913) User=0.10s Sys=0.00s Real=0.05s
[565.721s][info][gc,start       ] GC(1914) Pause Young (Allocation Failure)
[565.783s][info][gc,heap        ] GC(1914) PSYoungGen: 152704K(153088K)->30400K(226816K) Eden: 111616K(111616K)->0K(118784K) From: 41088K(41472K)->30400K(108032K)
[565.783s][info][gc,heap        ] GC(1914) ParOldGen: 460866K(667648K)->489258K(667648K)
[565.783s][info][gc,metaspace   ] GC(1914) Metaspace: 19052K(19200K)->19052K(19200K) NonClass: 16387K(16448K)->16387K(16448K) Class: 2665K(2752K)->2665K(2752K)
[565.783s][info][gc             ] GC(1914) Pause Young (Allocation Failure) 599M->507M(873M) 62.339ms
[565.783s][info][gc,cpu         ] GC(1914) User=0.12s Sys=0.00s Real=0.06s
[565.867s][info][gc,start       ] GC(1915) Pause Young (Allocation Failure)
[565.908s][info][gc,heap        ] GC(1915) PSYoungGen: 149184K(226816K)->5952K(219648K) Eden: 118784K(118784K)->0K(118784K) From: 30400K(108032K)->5952K(100864K)
[565.908s][info][gc,heap        ] GC(1915) ParOldGen: 489258K(667648K)->519722K(667648K)
[565.908s][info][gc,metaspace   ] GC(1915) Metaspace: 19052K(19200K)->19052K(19200K) NonClass: 16387K(16448K)->16387K(16448K) Class: 2665K(2752K)->2665K(2752K)
[565.908s][info][gc             ] GC(1915) Pause Young (Allocation Failure) 623M->513M(866M) 40.663ms
[565.908s][info][gc,cpu         ] GC(1915) User=0.08s Sys=0.00s Real=0.04s
[566.006s][info][gc,start       ] GC(1916) Pause Young (Allocation Failure)
[566.039s][info][gc,heap        ] GC(1916) PSYoungGen: 124736K(219648K)->20768K(226304K) Eden: 118784K(118784K)->0K(130560K) From: 5952K(100864K)->20768K(95744K)
[566.039s][info][gc,heap        ] GC(1916) ParOldGen: 519722K(667648K)->525642K(667648K)
[566.039s][info][gc,metaspace   ] GC(1916) Metaspace: 19052K(19200K)->19052K(19200K) NonClass: 16387K(16448K)->16387K(16448K) Class: 2665K(2752K)->2665K(2752K)
[566.039s][info][gc             ] GC(1916) Pause Young (Allocation Failure) 629M->533M(873M) 33.048ms
[566.039s][info][gc,cpu         ] GC(1916) User=0.07s Sys=0.00s Real=0.03s
[566.141s][info][gc,start       ] GC(1917) Pause Young (Allocation Failure)
[566.181s][info][gc,heap        ] GC(1917) PSYoungGen: 151328K(226304K)->18336K(222720K) Eden: 130560K(130560K)->0K(130560K) From: 20768K(95744K)->18336K(92160K)
[566.181s][info][gc,heap        ] GC(1917) ParOldGen: 525642K(667648K)->546454K(667648K)
[566.181s][info][gc,metaspace   ] GC(1917) Metaspace: 19052K(19200K)->19052K(19200K) NonClass: 16387K(16448K)->16387K(16448K) Class: 2665K(2752K)->2665K(2752K)
[566.181s][info][gc             ] GC(1917) Pause Young (Allocation Failure) 661M->551M(869M) 40.115ms
[566.181s][info][gc,cpu         ] GC(1917) User=0.08s Sys=0.00s Real=0.04s
[566.284s][info][gc,start       ] GC(1918) Pause Young (Allocation Failure)
[566.309s][info][gc,heap        ] GC(1918) PSYoungGen: 148896K(222720K)->4064K(230400K) Eden: 130560K(130560K)->0K(146944K) From: 18336K(92160K)->4064K(83456K)
[566.309s][info][gc,heap        ] GC(1918) ParOldGen: 546454K(667648K)->564806K(667648K)
[566.309s][info][gc,metaspace   ] GC(1918) Metaspace: 19052K(19200K)->19052K(19200K) NonClass: 16387K(16448K)->16387K(16448K) Class: 2665K(2752K)->2665K(2752K)
[566.309s][info][gc             ] GC(1918) Pause Young (Allocation Failure) 679M->555M(877M) 25.190ms
[566.309s][info][gc,cpu         ] GC(1918) User=0.05s Sys=0.00s Real=0.02s
[566.484s][info][gc,start       ] GC(1919) Pause Young (Allocation Failure)
[566.499s][info][gc,heap        ] GC(1919) PSYoungGen: 151008K(230400K)->1408K(231936K) Eden: 146944K(146944K)->0K(146944K) From: 4064K(83456K)->1408K(84992K)
[566.499s][info][gc,heap        ] GC(1919) ParOldGen: 564806K(667648K)->568838K(667648K)
[566.499s][info][gc,metaspace   ] GC(1919) Metaspace: 19052K(19200K)->19052K(19200K) NonClass: 16387K(16448K)->16387K(16448K) Class: 2665K(2752K)->2665K(2752K)
[566.499s][info][gc             ] GC(1919) Pause Young (Allocation Failure) 699M->556M(878M) 14.295ms
[566.499s][info][gc,cpu         ] GC(1919) User=0.03s Sys=0.00s Real=0.01s
[566.646s][info][gc,start       ] GC(1920) Pause Young (Allocation Failure)
[566.660s][info][gc,heap        ] GC(1920) PSYoungGen: 148352K(231936K)->3520K(238592K) Eden: 146944K(146944K)->0K(162816K) From: 1408K(84992K)->3520K(75776K)
[566.660s][info][gc,heap        ] GC(1920) ParOldGen: 568838K(667648K)->570166K(667648K)
[566.660s][info][gc,metaspace   ] GC(1920) Metaspace: 19052K(19200K)->19052K(19200K) NonClass: 16387K(16448K)->16387K(16448K) Class: 2665K(2752K)->2665K(2752K)
[566.660s][info][gc             ] GC(1920) Pause Young (Allocation Failure) 700M->560M(885M) 14.391ms
[566.660s][info][gc,cpu         ] GC(1920) User=0.03s Sys=0.00s Real=0.02s
[566.818s][info][gc,start       ] GC(1921) Pause Young (Allocation Failure)
[566.824s][info][gc,heap        ] GC(1921) PSYoungGen: 166336K(238592K)->64K(242688K) Eden: 162816K(162816K)->0K(162816K) From: 3520K(75776K)->64K(79872K)
[566.824s][info][gc,heap        ] GC(1921) ParOldGen: 570166K(667648K)->573603K(667648K)
[566.824s][info][gc,metaspace   ] GC(1921) Metaspace: 19052K(19200K)->19052K(19200K) NonClass: 16387K(16448K)->16387K(16448K) Class: 2665K(2752K)->2665K(2752K)
[566.824s][info][gc             ] GC(1921) Pause Young (Allocation Failure) 719M->560M(889M) 6.446ms
[566.824s][info][gc,cpu         ] GC(1921) User=0.02s Sys=0.00s Real=0.01s
[567.049s][info][gc,start       ] GC(1922) Pause Young (Allocation Failure)
[567.066s][info][gc,heap        ] GC(1922) PSYoungGen: 162880K(242688K)->15168K(240640K) Eden: 162816K(162816K)->0K(176128K) From: 64K(79872K)->15168K(64512K)
[567.066s][info][gc,heap        ] GC(1922) ParOldGen: 573603K(667648K)->573603K(667648K)
[567.066s][info][gc,metaspace   ] GC(1922) Metaspace: 19052K(19200K)->19052K(19200K) NonClass: 16387K(16448K)->16387K(16448K) Class: 2665K(2752K)->2665K(2752K)
[567.066s][info][gc             ] GC(1922) Pause Young (Allocation Failure) 719M->574M(887M) 17.629ms
[567.066s][info][gc,cpu         ] GC(1922) User=0.03s Sys=0.00s Real=0.02s
[567.264s][info][gc,start       ] GC(1923) Pause Young (Allocation Failure)
[567.321s][info][gc,heap        ] GC(1923) PSYoungGen: 191296K(240640K)->66528K(248320K) Eden: 176128K(176128K)->0K(176128K) From: 15168K(64512K)->66528K(72192K)
[567.321s][info][gc,heap        ] GC(1923) ParOldGen: 573603K(667648K)->573603K(667648K)
[567.321s][info][gc,metaspace   ] GC(1923) Metaspace: 19052K(19200K)->19052K(19200K) NonClass: 16387K(16448K)->16387K(16448K) Class: 2665K(2752K)->2665K(2752K)
[567.321s][info][gc             ] GC(1923) Pause Young (Allocation Failure) 746M->625M(894M) 57.421ms
[567.321s][info][gc,cpu         ] GC(1923) User=0.11s Sys=0.01s Real=0.06s
[567.504s][info][gc,start       ] GC(1924) Pause Young (Allocation Failure)
[567.589s][info][gc,heap        ] GC(1924) PSYoungGen: 242656K(248320K)->84960K(204800K) Eden: 176128K(176128K)->0K(119808K) From: 66528K(72192K)->84960K(84992K)
[567.589s][info][gc,heap        ] GC(1924) ParOldGen: 573603K(667648K)->588123K(667648K)
[567.589s][info][gc,metaspace   ] GC(1924) Metaspace: 19052K(19200K)->19052K(19200K) NonClass: 16387K(16448K)->16387K(16448K) Class: 2665K(2752K)->2665K(2752K)
[567.589s][info][gc             ] GC(1924) Pause Young (Allocation Failure) 797M->657M(852M) 85.095ms
[567.589s][info][gc,cpu         ] GC(1924) User=0.16s Sys=0.01s Real=0.08s
[567.689s][info][gc,start       ] GC(1925) Pause Young (Allocation Failure)
[567.769s][info][gc,heap        ] GC(1925) PSYoungGen: 204768K(204800K)->25600K(226816K) Eden: 119808K(119808K)->0K(119808K) From: 84960K(84992K)->25600K(107008K)
[567.769s][info][gc,heap        ] GC(1925) ParOldGen: 588123K(667648K)->651191K(667648K)
[567.769s][info][gc,metaspace   ] GC(1925) Metaspace: 19052K(19200K)->19052K(19200K) NonClass: 16387K(16448K)->16387K(16448K) Class: 2665K(2752K)->2665K(2752K)
[567.769s][info][gc             ] GC(1925) Pause Young (Allocation Failure) 774M->660M(873M) 79.975ms
[567.769s][info][gc,cpu         ] GC(1925) User=0.15s Sys=0.01s Real=0.08s
[567.930s][info][gc,start       ] GC(1926) Pause Full (Allocation Failure)
[567.930s][info][gc,phases,start] GC(1926) Marking Phase
[568.400s][info][gc,phases      ] GC(1926) Marking Phase 469.490ms
[568.400s][info][gc,phases,start] GC(1926) Summary Phase
[568.400s][info][gc,phases      ] GC(1926) Summary Phase 0.026ms
[568.400s][info][gc,phases,start] GC(1926) Forward
[568.407s][info][gc,phases      ] GC(1926) Forward 7.422ms
[568.407s][info][gc,phases,start] GC(1926) Adjust Pointers
[568.726s][info][gc,phases      ] GC(1926) Adjust Pointers 318.488ms
[568.726s][info][gc,phases,start] GC(1926) Compaction Phase
[568.874s][info][gc,phases      ] GC(1926) Compaction Phase 147.812ms
[568.874s][info][gc,phases,start] GC(1926) Post Compact
[568.876s][info][gc,phases      ] GC(1926) Post Compact 2.286ms
[568.876s][info][gc,heap        ] GC(1926) PSYoungGen: 145408K(226816K)->9677K(226816K) Eden: 119808K(119808K)->0K(119808K) From: 25600K(107008K)->9677K(107008K)
[568.876s][info][gc,heap        ] GC(1926) ParOldGen: 651191K(667648K)->667254K(667648K)
[568.876s][info][gc,metaspace   ] GC(1926) Metaspace: 19052K(19200K)->19052K(19200K) NonClass: 16387K(16448K)->16387K(16448K) Class: 2665K(2752K)->2665K(2752K)
[568.877s][info][gc             ] GC(1926) Pause Full (Allocation Failure) 777M->661M(873M) 946.438ms
[568.877s][info][gc,cpu         ] GC(1926) User=1.84s Sys=0.01s Real=0.94s
[569.058s][info][gc,start       ] GC(1927) Pause Full (Allocation Failure)
[569.058s][info][gc,phases,start] GC(1927) Marking Phase
[569.525s][info][gc,phases      ] GC(1927) Marking Phase 467.360ms
[569.525s][info][gc,phases,start] GC(1927) Summary Phase
[569.525s][info][gc,phases      ] GC(1927) Summary Phase 0.024ms
[569.525s][info][gc,phases,start] GC(1927) Forward
[569.528s][info][gc,phases      ] GC(1927) Forward 2.579ms
[569.528s][info][gc,phases,start] GC(1927) Adjust Pointers
[569.844s][info][gc,phases      ] GC(1927) Adjust Pointers 316.131ms
[569.844s][info][gc,phases,start] GC(1927) Compaction Phase
[569.988s][info][gc,phases      ] GC(1927) Compaction Phase 143.906ms
[569.988s][info][gc,phases,start] GC(1927) Post Compact
[569.990s][info][gc,phases      ] GC(1927) Post Compact 2.293ms
[569.990s][info][gc,heap        ] GC(1927) PSYoungGen: 129485K(226816K)->9677K(226816K) Eden: 119808K(119808K)->0K(119808K) From: 9677K(107008K)->9677K(107008K)
[569.990s][info][gc,heap        ] GC(1927) ParOldGen: 667254K(667648K)->667636K(667648K)
[569.990s][info][gc,metaspace   ] GC(1927) Metaspace: 19052K(19200K)->19052K(19200K) NonClass: 16387K(16448K)->16387K(16448K) Class: 2665K(2752K)->2665K(2752K)
[569.990s][info][gc             ] GC(1927) Pause Full (Allocation Failure) 778M->661M(873M) 932.714ms
[569.990s][info][gc,cpu         ] GC(1927) User=1.83s Sys=0.00s Real=0.94s
[570.186s][info][gc,start       ] GC(1928) Pause Full (Allocation Failure)
[570.186s][info][gc,phases,start] GC(1928) Marking Phase
[570.658s][info][gc,phases      ] GC(1928) Marking Phase 471.916ms
[570.658s][info][gc,phases,start] GC(1928) Summary Phase
[570.658s][info][gc,phases      ] GC(1928) Summary Phase 0.026ms
[570.658s][info][gc,phases,start] GC(1928) Forward
[570.663s][info][gc,phases      ] GC(1928) Forward 5.011ms
[570.663s][info][gc,phases,start] GC(1928) Adjust Pointers
[570.980s][info][gc,phases      ] GC(1928) Adjust Pointers 316.867ms
[570.980s][info][gc,phases,start] GC(1928) Compaction Phase
[571.127s][info][gc,phases      ] GC(1928) Compaction Phase 147.347ms
[571.127s][info][gc,phases,start] GC(1928) Post Compact
[571.129s][info][gc,phases      ] GC(1928) Post Compact 2.273ms
[571.129s][info][gc,heap        ] GC(1928) PSYoungGen: 129485K(226816K)->10331K(220160K) Eden: 119808K(119808K)->10331K(119808K) From: 9677K(107008K)->0K(100352K)
[571.129s][info][gc,heap        ] GC(1928) ParOldGen: 667636K(667648K)->667647K(667648K)
[571.129s][info][gc,metaspace   ] GC(1928) Metaspace: 19052K(19200K)->19052K(19200K) NonClass: 16387K(16448K)->16387K(16448K) Class: 2665K(2752K)->2665K(2752K)
[571.129s][info][gc             ] GC(1928) Pause Full (Allocation Failure) 778M->662M(867M) 943.900ms
[571.130s][info][gc,cpu         ] GC(1928) User=1.83s Sys=0.00s Real=0.94s
[571.228s][info][gc,start       ] GC(1929) Pause Full (Allocation Failure)
[571.228s][info][gc,phases,start] GC(1929) Marking Phase
[571.716s][info][gc,phases      ] GC(1929) Marking Phase 487.265ms
[571.716s][info][gc,phases,start] GC(1929) Summary Phase
[571.716s][info][gc,phases      ] GC(1929) Summary Phase 0.025ms
[571.716s][info][gc,phases,start] GC(1929) Forward
[571.720s][info][gc,phases      ] GC(1929) Forward 4.727ms
[571.720s][info][gc,phases,start] GC(1929) Adjust Pointers
[572.045s][info][gc,phases      ] GC(1929) Adjust Pointers 324.894ms
[572.045s][info][gc,phases,start] GC(1929) Compaction Phase
[572.191s][info][gc,phases      ] GC(1929) Compaction Phase 145.916ms
[572.191s][info][gc,phases,start] GC(1929) Post Compact
[572.194s][info][gc,phases      ] GC(1929) Post Compact 2.252ms
[572.194s][info][gc,heap        ] GC(1929) PSYoungGen: 119808K(220160K)->11450K(226816K) Eden: 119808K(119808K)->11450K(119808K) From: 0K(100352K)->0K(107008K)
[572.194s][info][gc,heap        ] GC(1929) ParOldGen: 667647K(667648K)->667647K(667648K)
[572.194s][info][gc,metaspace   ] GC(1929) Metaspace: 19052K(19200K)->19052K(19200K) NonClass: 16387K(16448K)->16387K(16448K) Class: 2665K(2752K)->2665K(2752K)
[572.194s][info][gc             ] GC(1929) Pause Full (Allocation Failure) 768M->663M(873M) 965.510ms
[572.194s][info][gc,cpu         ] GC(1929) User=1.88s Sys=0.00s Real=0.97s
[572.288s][info][gc,start       ] GC(1930) Pause Full (Allocation Failure)
[572.288s][info][gc,phases,start] GC(1930) Marking Phase
[572.763s][info][gc,phases      ] GC(1930) Marking Phase 474.748ms
[572.763s][info][gc,phases,start] GC(1930) Summary Phase
[572.763s][info][gc,phases      ] GC(1930) Summary Phase 0.054ms
[572.763s][info][gc,phases,start] GC(1930) Forward
[572.768s][info][gc,phases      ] GC(1930) Forward 4.860ms
[572.768s][info][gc,phases,start] GC(1930) Adjust Pointers
[573.092s][info][gc,phases      ] GC(1930) Adjust Pointers 323.915ms
[573.092s][info][gc,phases,start] GC(1930) Compaction Phase
[573.237s][info][gc,phases      ] GC(1930) Compaction Phase 145.390ms
[573.237s][info][gc,phases,start] GC(1930) Post Compact
[573.239s][info][gc,phases      ] GC(1930) Post Compact 2.218ms
[573.240s][info][gc,heap        ] GC(1930) PSYoungGen: 119808K(226816K)->12508K(220160K) Eden: 119808K(119808K)->12508K(119808K) From: 0K(107008K)->0K(100352K)
[573.240s][info][gc,heap        ] GC(1930) ParOldGen: 667647K(667648K)->667647K(667648K)
[573.240s][info][gc,metaspace   ] GC(1930) Metaspace: 19052K(19200K)->19052K(19200K) NonClass: 16387K(16448K)->16387K(16448K) Class: 2665K(2752K)->2665K(2752K)
[573.240s][info][gc             ] GC(1930) Pause Full (Allocation Failure) 768M->664M(867M) 951.605ms
[573.240s][info][gc,cpu         ] GC(1930) User=1.86s Sys=0.01s Real=0.95s
[573.467s][info][gc,start       ] GC(1931) Pause Full (Allocation Failure)
[573.467s][info][gc,phases,start] GC(1931) Marking Phase
[573.961s][info][gc,phases      ] GC(1931) Marking Phase 493.677ms
[573.961s][info][gc,phases,start] GC(1931) Summary Phase
[573.961s][info][gc,phases      ] GC(1931) Summary Phase 0.027ms
[573.961s][info][gc,phases,start] GC(1931) Forward
[573.968s][info][gc,phases      ] GC(1931) Forward 7.124ms
[573.968s][info][gc,phases,start] GC(1931) Adjust Pointers
[574.305s][info][gc,phases      ] GC(1931) Adjust Pointers 336.367ms
[574.305s][info][gc,phases,start] GC(1931) Compaction Phase
[574.450s][info][gc,phases      ] GC(1931) Compaction Phase 145.211ms
[574.450s][info][gc,phases,start] GC(1931) Post Compact
[574.452s][info][gc,phases      ] GC(1931) Post Compact 2.267ms
[574.452s][info][gc,heap        ] GC(1931) PSYoungGen: 119808K(220160K)->27158K(226816K) Eden: 119808K(119808K)->27158K(119808K) From: 0K(100352K)->0K(107008K)
[574.452s][info][gc,heap        ] GC(1931) ParOldGen: 667647K(667648K)->667647K(667648K)
[574.452s][info][gc,metaspace   ] GC(1931) Metaspace: 19052K(19200K)->19052K(19200K) NonClass: 16387K(16448K)->16387K(16448K) Class: 2665K(2752K)->2665K(2752K)
[574.452s][info][gc             ] GC(1931) Pause Full (Allocation Failure) 768M->678M(873M) 985.126ms
[574.452s][info][gc,cpu         ] GC(1931) User=1.94s Sys=0.00s Real=0.99s
[574.621s][info][gc,start       ] GC(1932) Pause Full (Allocation Failure)
[574.622s][info][gc,phases,start] GC(1932) Marking Phase
[575.134s][info][gc,phases      ] GC(1932) Marking Phase 512.472ms
[575.134s][info][gc,phases,start] GC(1932) Summary Phase
[575.134s][info][gc,phases      ] GC(1932) Summary Phase 0.027ms
[575.134s][info][gc,phases,start] GC(1932) Forward
[575.294s][info][gc,phases      ] GC(1932) Forward 160.321ms
[575.295s][info][gc,phases,start] GC(1932) Adjust Pointers
[575.688s][info][gc,phases      ] GC(1932) Adjust Pointers 393.157ms
[575.688s][info][gc,phases,start] GC(1932) Compaction Phase
[575.915s][info][gc,phases      ] GC(1932) Compaction Phase 227.527ms
[575.932s][info][gc,phases,start] GC(1932) Post Compact
[575.934s][info][gc,phases      ] GC(1932) Post Compact 2.339ms
[575.934s][info][gc,heap        ] GC(1932) PSYoungGen: 119808K(226816K)->6415K(220160K) Eden: 119808K(119808K)->6415K(119808K) From: 0K(107008K)->0K(100352K)
[575.934s][info][gc,heap        ] GC(1932) ParOldGen: 667647K(667648K)->667608K(667648K)
[575.934s][info][gc,metaspace   ] GC(1932) Metaspace: 19052K(19200K)->19052K(19200K) NonClass: 16387K(16448K)->16387K(16448K) Class: 2665K(2752K)->2665K(2752K)
[575.934s][info][gc             ] GC(1932) Pause Full (Allocation Failure) 768M->658M(867M) 1312.936ms
[575.934s][info][gc,cpu         ] GC(1932) User=2.55s Sys=0.00s Real=1.31s
[576.079s][info][gc,start       ] GC(1933) Pause Full (Allocation Failure)
[576.079s][info][gc,phases,start] GC(1933) Marking Phase
[576.609s][info][gc,phases      ] GC(1933) Marking Phase 528.992ms
[576.609s][info][gc,phases,start] GC(1933) Summary Phase
[576.609s][info][gc,phases      ] GC(1933) Summary Phase 0.028ms
[576.609s][info][gc,phases,start] GC(1933) Forward
[576.734s][info][gc,phases      ] GC(1933) Forward 125.237ms
[576.734s][info][gc,phases,start] GC(1933) Adjust Pointers
[577.125s][info][gc,phases      ] GC(1933) Adjust Pointers 390.897ms
[577.125s][info][gc,phases,start] GC(1933) Compaction Phase
[577.301s][info][gc,phases      ] GC(1933) Compaction Phase 176.435ms
[577.317s][info][gc,phases,start] GC(1933) Post Compact
[577.319s][info][gc,phases      ] GC(1933) Post Compact 2.265ms
[577.319s][info][gc,heap        ] GC(1933) PSYoungGen: 119808K(220160K)->25550K(226816K) Eden: 119808K(119808K)->25550K(119808K) From: 0K(100352K)->0K(107008K)
[577.319s][info][gc,heap        ] GC(1933) ParOldGen: 667608K(667648K)->667608K(667648K)
[577.319s][info][gc,metaspace   ] GC(1933) Metaspace: 19052K(19200K)->19052K(19200K) NonClass: 16387K(16448K)->16387K(16448K) Class: 2665K(2752K)->2665K(2752K)
[577.319s][info][gc             ] GC(1933) Pause Full (Allocation Failure) 768M->676M(873M) 1239.713ms
[577.319s][info][gc,cpu         ] GC(1933) User=2.41s Sys=0.01s Real=1.24s
[577.410s][info][gc,start       ] GC(1934) Pause Full (Allocation Failure)
[577.410s][info][gc,phases,start] GC(1934) Marking Phase
[577.940s][info][gc,phases      ] GC(1934) Marking Phase 530.056ms
[577.940s][info][gc,phases,start] GC(1934) Summary Phase
[577.940s][info][gc,phases      ] GC(1934) Summary Phase 0.025ms
[577.940s][info][gc,phases,start] GC(1934) Forward
[577.958s][info][gc,phases      ] GC(1934) Forward 17.150ms
[577.958s][info][gc,phases,start] GC(1934) Adjust Pointers
[578.315s][info][gc,phases      ] GC(1934) Adjust Pointers 356.879ms
[578.315s][info][gc,phases,start] GC(1934) Compaction Phase
[578.466s][info][gc,phases      ] GC(1934) Compaction Phase 151.599ms
[578.466s][info][gc,phases,start] GC(1934) Post Compact
[578.468s][info][gc,phases      ] GC(1934) Post Compact 2.237ms
[578.469s][info][gc,heap        ] GC(1934) PSYoungGen: 119808K(226816K)->29360K(219648K) Eden: 119808K(119808K)->29360K(119808K) From: 0K(107008K)->0K(99840K)
[578.469s][info][gc,heap        ] GC(1934) ParOldGen: 667608K(667648K)->667608K(667648K)
[578.469s][info][gc,metaspace   ] GC(1934) Metaspace: 19052K(19200K)->19052K(19200K) NonClass: 16387K(16448K)->16387K(16448K) Class: 2665K(2752K)->2665K(2752K)
[578.469s][info][gc             ] GC(1934) Pause Full (Allocation Failure) 768M->680M(866M) 1058.348ms
[578.469s][info][gc,cpu         ] GC(1934) User=2.06s Sys=0.00s Real=1.05s
[578.583s][info][gc,start       ] GC(1935) Pause Full (Allocation Failure)
[578.583s][info][gc,phases,start] GC(1935) Marking Phase
[579.109s][info][gc,phases      ] GC(1935) Marking Phase 526.207ms
[579.109s][info][gc,phases,start] GC(1935) Summary Phase
[579.109s][info][gc,phases      ] GC(1935) Summary Phase 0.033ms
[579.109s][info][gc,phases,start] GC(1935) Forward
[579.125s][info][gc,phases      ] GC(1935) Forward 16.271ms
[579.125s][info][gc,phases,start] GC(1935) Adjust Pointers
[579.472s][info][gc,phases      ] GC(1935) Adjust Pointers 347.187ms
[579.473s][info][gc,phases,start] GC(1935) Compaction Phase
[579.621s][info][gc,phases      ] GC(1935) Compaction Phase 148.082ms
[579.621s][info][gc,phases,start] GC(1935) Post Compact
[579.623s][info][gc,phases      ] GC(1935) Post Compact 2.245ms
[579.623s][info][gc,heap        ] GC(1935) PSYoungGen: 119808K(219648K)->32016K(226816K) Eden: 119808K(119808K)->32016K(119808K) From: 0K(99840K)->0K(107008K)
[579.623s][info][gc,heap        ] GC(1935) ParOldGen: 667608K(667648K)->667608K(667648K)
[579.623s][info][gc,metaspace   ] GC(1935) Metaspace: 19052K(19200K)->19052K(19200K) NonClass: 16387K(16448K)->16387K(16448K) Class: 2665K(2752K)->2665K(2752K)
[579.623s][info][gc             ] GC(1935) Pause Full (Allocation Failure) 768M->683M(873M) 1040.432ms
[579.623s][info][gc,cpu         ] GC(1935) User=2.03s Sys=0.00s Real=1.04s
[579.724s][info][gc,start       ] GC(1936) Pause Full (Allocation Failure)
[579.724s][info][gc,phases,start] GC(1936) Marking Phase
[580.257s][info][gc,phases      ] GC(1936) Marking Phase 532.903ms
[580.257s][info][gc,phases,start] GC(1936) Summary Phase
[580.257s][info][gc,phases      ] GC(1936) Summary Phase 0.024ms
[580.257s][info][gc,phases,start] GC(1936) Forward
[580.275s][info][gc,phases      ] GC(1936) Forward 17.161ms
[580.275s][info][gc,phases,start] GC(1936) Adjust Pointers
[580.638s][info][gc,phases      ] GC(1936) Adjust Pointers 363.184ms
[580.638s][info][gc,phases,start] GC(1936) Compaction Phase
[580.791s][info][gc,phases      ] GC(1936) Compaction Phase 153.222ms
[580.791s][info][gc,phases,start] GC(1936) Post Compact
[580.793s][info][gc,phases      ] GC(1936) Post Compact 2.234ms
[580.793s][info][gc,heap        ] GC(1936) PSYoungGen: 119808K(226816K)->34297K(219648K) Eden: 119808K(119808K)->34297K(119808K) From: 0K(107008K)->0K(99840K)
[580.793s][info][gc,heap        ] GC(1936) ParOldGen: 667608K(667648K)->667608K(667648K)
[580.793s][info][gc,metaspace   ] GC(1936) Metaspace: 19052K(19200K)->19052K(19200K) NonClass: 16387K(16448K)->16387K(16448K) Class: 2665K(2752K)->2665K(2752K)
[580.793s][info][gc             ] GC(1936) Pause Full (Allocation Failure) 768M->685M(866M) 1069.192ms
[580.794s][info][gc,cpu         ] GC(1936) User=2.08s Sys=0.00s Real=1.07s
[580.894s][info][gc,start       ] GC(1937) Pause Full (Allocation Failure)
[580.894s][info][gc,phases,start] GC(1937) Marking Phase
[581.426s][info][gc,phases      ] GC(1937) Marking Phase 531.870ms
[581.426s][info][gc,phases,start] GC(1937) Summary Phase
[581.426s][info][gc,phases      ] GC(1937) Summary Phase 0.025ms
[581.426s][info][gc,phases,start] GC(1937) Forward
[581.581s][info][gc,phases      ] GC(1937) Forward 154.220ms
[581.581s][info][gc,phases,start] GC(1937) Adjust Pointers
[581.989s][info][gc,phases      ] GC(1937) Adjust Pointers 408.509ms
[581.989s][info][gc,phases,start] GC(1937) Compaction Phase
[582.174s][info][gc,phases      ] GC(1937) Compaction Phase 184.336ms
[582.191s][info][gc,phases,start] GC(1937) Post Compact
[582.193s][info][gc,phases      ] GC(1937) Post Compact 2.306ms
[582.193s][info][gc,heap        ] GC(1937) PSYoungGen: 119808K(219648K)->34591K(226816K) Eden: 119808K(119808K)->34591K(119808K) From: 0K(99840K)->0K(107008K)
[582.193s][info][gc,heap        ] GC(1937) ParOldGen: 667608K(667648K)->667607K(667648K)
[582.193s][info][gc,metaspace   ] GC(1937) Metaspace: 19052K(19200K)->19052K(19200K) NonClass: 16387K(16448K)->16387K(16448K) Class: 2665K(2752K)->2665K(2752K)
[582.193s][info][gc             ] GC(1937) Pause Full (Allocation Failure) 768M->685M(873M) 1298.974ms
[582.193s][info][gc,cpu         ] GC(1937) User=2.54s Sys=0.00s Real=1.30s
[582.249s][info][gc,start       ] GC(1938) Pause Full (Allocation Failure)
[582.249s][info][gc,phases,start] GC(1938) Marking Phase
[582.790s][info][gc,phases      ] GC(1938) Marking Phase 541.256ms
[582.790s][info][gc,phases,start] GC(1938) Summary Phase
[582.790s][info][gc,phases      ] GC(1938) Summary Phase 0.024ms
[582.790s][info][gc,phases,start] GC(1938) Forward
[582.808s][info][gc,phases      ] GC(1938) Forward 18.247ms
[582.808s][info][gc,phases,start] GC(1938) Adjust Pointers
[583.166s][info][gc,phases      ] GC(1938) Adjust Pointers 358.022ms
[583.166s][info][gc,phases,start] GC(1938) Compaction Phase
[583.319s][info][gc,phases      ] GC(1938) Compaction Phase 152.862ms
[583.319s][info][gc,phases,start] GC(1938) Post Compact
[583.322s][info][gc,phases      ] GC(1938) Post Compact 2.260ms
[583.322s][info][gc,heap        ] GC(1938) PSYoungGen: 119808K(226816K)->34591K(219648K) Eden: 119808K(119808K)->34591K(119808K) From: 0K(107008K)->0K(99840K)
[583.322s][info][gc,heap        ] GC(1938) ParOldGen: 667607K(667648K)->667607K(667648K)
[583.322s][info][gc,metaspace   ] GC(1938) Metaspace: 19052K(19200K)->19052K(19200K) NonClass: 16387K(16448K)->16387K(16448K) Class: 2665K(2752K)->2665K(2752K)
[583.322s][info][gc             ] GC(1938) Pause Full (Allocation Failure) 768M->685M(866M) 1073.103ms
[583.322s][info][gc,cpu         ] GC(1938) User=2.09s Sys=0.00s Real=1.08s
[583.374s][info][gc,start       ] GC(1939) Pause Full (Allocation Failure)
[583.374s][info][gc,phases,start] GC(1939) Marking Phase
[583.902s][info][gc,phases      ] GC(1939) Marking Phase 527.956ms
[583.902s][info][gc,phases,start] GC(1939) Summary Phase
[583.902s][info][gc,phases      ] GC(1939) Summary Phase 0.022ms
[583.902s][info][gc,phases,start] GC(1939) Forward
[583.920s][info][gc,phases      ] GC(1939) Forward 18.036ms
[583.920s][info][gc,phases,start] GC(1939) Adjust Pointers
[584.266s][info][gc,phases      ] GC(1939) Adjust Pointers 345.475ms
[584.266s][info][gc,phases,start] GC(1939) Compaction Phase
[584.415s][info][gc,phases      ] GC(1939) Compaction Phase 148.820ms
[584.415s][info][gc,phases,start] GC(1939) Post Compact
[584.417s][info][gc,phases      ] GC(1939) Post Compact 2.262ms
[584.417s][info][gc,heap        ] GC(1939) PSYoungGen: 119808K(219648K)->34593K(226816K) Eden: 119808K(119808K)->34593K(119808K) From: 0K(99840K)->0K(107008K)
[584.417s][info][gc,heap        ] GC(1939) ParOldGen: 667607K(667648K)->667607K(667648K)
[584.417s][info][gc,metaspace   ] GC(1939) Metaspace: 19052K(19200K)->19052K(19200K) NonClass: 16387K(16448K)->16387K(16448K) Class: 2665K(2752K)->2665K(2752K)
[584.417s][info][gc             ] GC(1939) Pause Full (Allocation Failure) 768M->685M(873M) 1042.944ms
[584.417s][info][gc,cpu         ] GC(1939) User=2.03s Sys=0.00s Real=1.04s
[584.511s][info][gc,start       ] GC(1940) Pause Full (Allocation Failure)
[584.511s][info][gc,phases,start] GC(1940) Marking Phase
[585.043s][info][gc,phases      ] GC(1940) Marking Phase 531.453ms
[585.043s][info][gc,phases,start] GC(1940) Summary Phase
[585.043s][info][gc,phases      ] GC(1940) Summary Phase 0.023ms
[585.043s][info][gc,phases,start] GC(1940) Forward
[585.061s][info][gc,phases      ] GC(1940) Forward 18.662ms
[585.061s][info][gc,phases,start] GC(1940) Adjust Pointers
[585.426s][info][gc,phases      ] GC(1940) Adjust Pointers 364.055ms
[585.426s][info][gc,phases,start] GC(1940) Compaction Phase
[585.580s][info][gc,phases      ] GC(1940) Compaction Phase 154.151ms
[585.580s][info][gc,phases,start] GC(1940) Post Compact
[585.582s][info][gc,phases      ] GC(1940) Post Compact 2.250ms
[585.582s][info][gc,heap        ] GC(1940) PSYoungGen: 119808K(226816K)->39228K(219648K) Eden: 119808K(119808K)->39228K(119808K) From: 0K(107008K)->0K(99840K)
[585.582s][info][gc,heap        ] GC(1940) ParOldGen: 667607K(667648K)->667607K(667648K)
[585.582s][info][gc,metaspace   ] GC(1940) Metaspace: 19052K(19200K)->19052K(19200K) NonClass: 16387K(16448K)->16387K(16448K) Class: 2665K(2752K)->2665K(2752K)
[585.582s][info][gc             ] GC(1940) Pause Full (Allocation Failure) 768M->690M(866M) 1071.033ms
[585.582s][info][gc,cpu         ] GC(1940) User=2.09s Sys=0.00s Real=1.07s
[585.699s][info][gc,start       ] GC(1941) Pause Full (Allocation Failure)
[585.699s][info][gc,phases,start] GC(1941) Marking Phase
[586.244s][info][gc,phases      ] GC(1941) Marking Phase 544.293ms
[586.244s][info][gc,phases,start] GC(1941) Summary Phase
[586.244s][info][gc,phases      ] GC(1941) Summary Phase 0.025ms
[586.244s][info][gc,phases,start] GC(1941) Forward
[586.266s][info][gc,phases      ] GC(1941) Forward 22.700ms
[586.266s][info][gc,phases,start] GC(1941) Adjust Pointers
[586.625s][info][gc,phases      ] GC(1941) Adjust Pointers 358.624ms
[586.625s][info][gc,phases,start] GC(1941) Compaction Phase
[586.785s][info][gc,phases      ] GC(1941) Compaction Phase 160.178ms
[586.785s][info][gc,phases,start] GC(1941) Post Compact
[586.788s][info][gc,phases      ] GC(1941) Post Compact 2.218ms
[586.788s][info][gc,heap        ] GC(1941) PSYoungGen: 119808K(219648K)->42011K(226816K) Eden: 119808K(119808K)->42011K(119808K) From: 0K(99840K)->0K(107008K)
[586.788s][info][gc,heap        ] GC(1941) ParOldGen: 667607K(667648K)->667607K(667648K)
[586.788s][info][gc,metaspace   ] GC(1941) Metaspace: 19052K(19200K)->19052K(19200K) NonClass: 16387K(16448K)->16387K(16448K) Class: 2665K(2752K)->2665K(2752K)
[586.788s][info][gc             ] GC(1941) Pause Full (Allocation Failure) 768M->692M(873M) 1088.472ms
[586.788s][info][gc,cpu         ] GC(1941) User=2.12s Sys=0.00s Real=1.09s
[586.866s][info][gc,start       ] GC(1942) Pause Full (Allocation Failure)
[586.866s][info][gc,phases,start] GC(1942) Marking Phase
[587.399s][info][gc,phases      ] GC(1942) Marking Phase 532.497ms
[587.399s][info][gc,phases,start] GC(1942) Summary Phase
[587.399s][info][gc,phases      ] GC(1942) Summary Phase 0.024ms
[587.399s][info][gc,phases,start] GC(1942) Forward
[587.421s][info][gc,phases      ] GC(1942) Forward 21.978ms
[587.421s][info][gc,phases,start] GC(1942) Adjust Pointers
[587.781s][info][gc,phases      ] GC(1942) Adjust Pointers 360.588ms
[587.781s][info][gc,phases,start] GC(1942) Compaction Phase
[587.936s][info][gc,phases      ] GC(1942) Compaction Phase 154.582ms
[587.936s][info][gc,phases,start] GC(1942) Post Compact
[587.938s][info][gc,phases      ] GC(1942) Post Compact 2.275ms
[587.938s][info][gc,heap        ] GC(1942) PSYoungGen: 119808K(226816K)->42131K(219648K) Eden: 119808K(119808K)->42131K(119808K) From: 0K(107008K)->0K(99840K)
[587.938s][info][gc,heap        ] GC(1942) ParOldGen: 667607K(667648K)->667607K(667648K)
[587.938s][info][gc,metaspace   ] GC(1942) Metaspace: 19052K(19200K)->19052K(19200K) NonClass: 16387K(16448K)->16387K(16448K) Class: 2665K(2752K)->2665K(2752K)
[587.938s][info][gc             ] GC(1942) Pause Full (Allocation Failure) 768M->693M(866M) 1072.351ms
[587.938s][info][gc,cpu         ] GC(1942) User=2.08s Sys=0.00s Real=1.07s
[588.142s][info][gc,start       ] GC(1943) Pause Full (Allocation Failure)
[588.142s][info][gc,phases,start] GC(1943) Marking Phase
[588.560s][info][gc,phases      ] GC(1943) Marking Phase 417.785ms
[588.560s][info][gc,phases,start] GC(1943) Summary Phase
[588.560s][info][gc,phases      ] GC(1943) Summary Phase 0.026ms
[588.560s][info][gc,phases,start] GC(1943) Forward
[588.705s][info][gc,phases      ] GC(1943) Forward 144.887ms
[588.705s][info][gc,phases,start] GC(1943) Adjust Pointers
[589.018s][info][gc,phases      ] GC(1943) Adjust Pointers 312.409ms
[589.018s][info][gc,phases,start] GC(1943) Compaction Phase
[589.224s][info][gc,phases      ] GC(1943) Compaction Phase 206.229ms
[589.235s][info][gc,phases,start] GC(1943) Post Compact
[589.238s][info][gc,phases      ] GC(1943) Post Compact 2.266ms
[589.238s][info][gc,heap        ] GC(1943) PSYoungGen: 119808K(219648K)->0K(120320K) Eden: 119808K(119808K)->0K(119808K) From: 0K(99840K)->0K(512K)
[589.238s][info][gc,heap        ] GC(1943) ParOldGen: 667607K(667648K)->578888K(667648K)
[589.238s][info][gc,metaspace   ] GC(1943) Metaspace: 19055K(19200K)->19055K(19200K) NonClass: 16390K(16448K)->16390K(16448K) Class: 2665K(2752K)->2665K(2752K)
[589.238s][info][gc             ] GC(1943) Pause Full (Allocation Failure) 768M->565M(769M) 1095.420ms
[589.238s][info][gc,cpu         ] GC(1943) User=2.09s Sys=0.00s Real=1.09s
[589.598s][info][gc,start       ] GC(1944) Pause Young (Allocation Failure)
[589.601s][info][gc,heap        ] GC(1944) PSYoungGen: 119808K(120320K)->224K(219136K) Eden: 119808K(119808K)->0K(124416K) From: 0K(512K)->224K(94720K)
[589.601s][info][gc,heap        ] GC(1944) ParOldGen: 578888K(667648K)->578888K(667648K)
[589.601s][info][gc,metaspace   ] GC(1944) Metaspace: 19055K(19200K)->19055K(19200K) NonClass: 16390K(16448K)->16390K(16448K) Class: 2665K(2752K)->2665K(2752K)
[589.601s][info][gc             ] GC(1944) Pause Young (Allocation Failure) 682M->565M(866M) 2.609ms
[589.601s][info][gc,cpu         ] GC(1944) User=0.01s Sys=0.00s Real=0.01s
[589.807s][info][gc,start       ] GC(1945) Pause Young (Allocation Failure)
[589.831s][info][gc,heap        ] GC(1945) PSYoungGen: 124640K(219136K)->21496K(145920K) Eden: 124416K(124416K)->0K(124416K) From: 224K(94720K)->21496K(21504K)
[589.831s][info][gc,heap        ] GC(1945) ParOldGen: 578888K(667648K)->578888K(667648K)
[589.831s][info][gc,metaspace   ] GC(1945) Metaspace: 19055K(19200K)->19055K(19200K) NonClass: 16390K(16448K)->16390K(16448K) Class: 2665K(2752K)->2665K(2752K)
[589.831s][info][gc             ] GC(1945) Pause Young (Allocation Failure) 687M->586M(794M) 23.315ms
[589.831s][info][gc,cpu         ] GC(1945) User=0.04s Sys=0.00s Real=0.03s
[590.068s][info][gc,start       ] GC(1946) Pause Young (Allocation Failure)
[590.096s][info][gc,heap        ] GC(1946) PSYoungGen: 145912K(145920K)->21496K(208896K) Eden: 124416K(124416K)->0K(128512K) From: 21496K(21504K)->21496K(80384K)
[590.096s][info][gc,heap        ] GC(1946) ParOldGen: 578888K(667648K)->578888K(667648K)
[590.096s][info][gc,metaspace   ] GC(1946) Metaspace: 19055K(19200K)->19055K(19200K) NonClass: 16390K(16448K)->16390K(16448K) Class: 2665K(2752K)->2665K(2752K)
[590.096s][info][gc             ] GC(1946) Pause Young (Allocation Failure) 707M->586M(856M) 28.040ms
[590.096s][info][gc,cpu         ] GC(1946) User=0.05s Sys=0.00s Real=0.03s
[590.355s][info][gc,start       ] GC(1947) Pause Young (Allocation Failure)
[590.378s][info][gc,heap        ] GC(1947) PSYoungGen: 150008K(208896K)->21528K(150528K) Eden: 128512K(128512K)->0K(128512K) From: 21496K(80384K)->21528K(22016K)
[590.379s][info][gc,heap        ] GC(1947) ParOldGen: 578888K(667648K)->578888K(667648K)
[590.379s][info][gc,metaspace   ] GC(1947) Metaspace: 19055K(19200K)->19055K(19200K) NonClass: 16390K(16448K)->16390K(16448K) Class: 2665K(2752K)->2665K(2752K)
[590.379s][info][gc             ] GC(1947) Pause Young (Allocation Failure) 711M->586M(799M) 23.463ms
[590.379s][info][gc,cpu         ] GC(1947) User=0.05s Sys=0.00s Real=0.02s
[591.478s][info][gc,start       ] GC(1948) Pause Young (Allocation Failure)
[591.503s][info][gc,heap        ] GC(1948) PSYoungGen: 150040K(150528K)->21924K(202752K) Eden: 128512K(128512K)->0K(131584K) From: 21528K(22016K)->21924K(71168K)
[591.503s][info][gc,heap        ] GC(1948) ParOldGen: 578888K(667648K)->578888K(667648K)
[591.503s][info][gc,metaspace   ] GC(1948) Metaspace: 19055K(19200K)->19055K(19200K) NonClass: 16390K(16448K)->16390K(16448K) Class: 2665K(2752K)->2665K(2752K)
[591.503s][info][gc             ] GC(1948) Pause Young (Allocation Failure) 711M->586M(850M) 24.692ms
[591.503s][info][gc,cpu         ] GC(1948) User=0.05s Sys=0.00s Real=0.03s
[592.098s][info][gc,start       ] GC(1949) Pause Young (Allocation Failure)
[592.127s][info][gc,heap        ] GC(1949) PSYoungGen: 153508K(202752K)->35962K(207872K) Eden: 131584K(131584K)->0K(131584K) From: 21924K(71168K)->35962K(76288K)
[592.127s][info][gc,heap        ] GC(1949) ParOldGen: 578888K(667648K)->578888K(667648K)
[592.127s][info][gc,metaspace   ] GC(1949) Metaspace: 19056K(19200K)->19056K(19200K) NonClass: 16391K(16448K)->16391K(16448K) Class: 2665K(2752K)->2665K(2752K)
[592.127s][info][gc             ] GC(1949) Pause Young (Allocation Failure) 715M->600M(855M) 28.855ms
[592.127s][info][gc,cpu         ] GC(1949) User=0.06s Sys=0.00s Real=0.03s
[592.673s][info][gc,start       ] GC(1950) Pause Young (Allocation Failure)
[592.699s][info][gc,heap        ] GC(1950) PSYoungGen: 167526K(207872K)->23845K(200192K) Eden: 131563K(131584K)->0K(134144K) From: 35962K(76288K)->23845K(66048K)
[592.699s][info][gc,heap        ] GC(1950) ParOldGen: 578888K(667648K)->578888K(667648K)
[592.699s][info][gc,metaspace   ] GC(1950) Metaspace: 19058K(19200K)->19058K(19200K) NonClass: 16393K(16448K)->16393K(16448K) Class: 2665K(2752K)->2665K(2752K)
[592.699s][info][gc             ] GC(1950) Pause Young (Allocation Failure) 728M->588M(847M) 25.691ms
[592.699s][info][gc,cpu         ] GC(1950) User=0.05s Sys=0.00s Real=0.02s
[593.006s][info][gc,start       ] GC(1951) Pause Young (Allocation Failure)
[593.031s][info][gc,heap        ] GC(1951) PSYoungGen: 157989K(200192K)->23976K(158208K) Eden: 134144K(134144K)->0K(134144K) From: 23845K(66048K)->23976K(24064K)
[593.031s][info][gc,heap        ] GC(1951) ParOldGen: 578888K(667648K)->578888K(667648K)
[593.031s][info][gc,metaspace   ] GC(1951) Metaspace: 19060K(19200K)->19060K(19200K) NonClass: 16395K(16448K)->16395K(16448K) Class: 2665K(2752K)->2665K(2752K)
[593.031s][info][gc             ] GC(1951) Pause Young (Allocation Failure) 719M->588M(806M) 25.369ms
[593.031s][info][gc,cpu         ] GC(1951) User=0.05s Sys=0.00s Real=0.03s
[593.329s][info][gc,start       ] GC(1952) Pause Young (Allocation Failure)
[593.358s][info][gc,heap        ] GC(1952) PSYoungGen: 158120K(158208K)->28525K(197120K) Eden: 134144K(134144K)->0K(136704K) From: 23976K(24064K)->28525K(60416K)
[593.358s][info][gc,heap        ] GC(1952) ParOldGen: 578888K(667648K)->578888K(667648K)
[593.358s][info][gc,metaspace   ] GC(1952) Metaspace: 19064K(19200K)->19064K(19200K) NonClass: 16399K(16448K)->16399K(16448K) Class: 2665K(2752K)->2665K(2752K)
[593.358s][info][gc             ] GC(1952) Pause Young (Allocation Failure) 719M->593M(844M) 29.541ms
[593.358s][info][gc,cpu         ] GC(1952) User=0.06s Sys=0.00s Real=0.03s
[593.454s][info][gc,start       ] GC(1953) Pause Young (Allocation Failure)
[593.532s][info][gc,heap        ] GC(1953) PSYoungGen: 165229K(197120K)->63469K(200192K) Eden: 136704K(136704K)->0K(136704K) From: 28525K(60416K)->63469K(63488K)
[593.532s][info][gc,heap        ] GC(1953) ParOldGen: 578888K(667648K)->603448K(667648K)
[593.532s][info][gc,metaspace   ] GC(1953) Metaspace: 19067K(19264K)->19067K(19264K) NonClass: 16402K(16512K)->16402K(16512K) Class: 2665K(2752K)->2665K(2752K)
[593.532s][info][gc             ] GC(1953) Pause Young (Allocation Failure) 726M->651M(847M) 78.071ms
[593.532s][info][gc,cpu         ] GC(1953) User=0.15s Sys=0.00s Real=0.08s
[593.620s][info][gc,start       ] GC(1954) Pause Young (Allocation Failure)
[593.737s][info][gc,heap        ] GC(1954) PSYoungGen: 200173K(200192K)->82932K(200192K) Eden: 136704K(136704K)->0K(117248K) From: 63469K(63488K)->82932K(82944K)
[593.737s][info][gc,heap        ] GC(1954) ParOldGen: 603448K(667648K)->633452K(667648K)
[593.737s][info][gc,metaspace   ] GC(1954) Metaspace: 19067K(19264K)->19067K(19264K) NonClass: 16402K(16512K)->16402K(16512K) Class: 2665K(2752K)->2665K(2752K)
[593.737s][info][gc             ] GC(1954) Pause Young (Allocation Failure) 784M->699M(847M) 116.723ms
[593.737s][info][gc,cpu         ] GC(1954) User=0.20s Sys=0.03s Real=0.11s
[594.032s][info][gc,start       ] GC(1955) Pause Full (Allocation Failure)
[594.032s][info][gc,phases,start] GC(1955) Marking Phase
[594.140s][info][gc,phases      ] GC(1955) Marking Phase 108.063ms
[594.140s][info][gc,phases,start] GC(1955) Summary Phase
[594.140s][info][gc,phases      ] GC(1955) Summary Phase 0.027ms
[594.140s][info][gc,phases,start] GC(1955) Forward
[594.178s][info][gc,phases      ] GC(1955) Forward 38.348ms
[594.178s][info][gc,phases,start] GC(1955) Adjust Pointers
[594.250s][info][gc,phases      ] GC(1955) Adjust Pointers 71.405ms
[594.250s][info][gc,phases,start] GC(1955) Compaction Phase
[594.303s][info][gc,phases      ] GC(1955) Compaction Phase 52.720ms
[594.303s][info][gc,phases,start] GC(1955) Post Compact
[594.306s][info][gc,phases      ] GC(1955) Post Compact 2.356ms
[594.320s][info][gc,heap        ] GC(1955) PSYoungGen: 200180K(200192K)->0K(224768K) Eden: 117248K(117248K)->0K(117248K) From: 82932K(82944K)->0K(107520K)
[594.320s][info][gc,heap        ] GC(1955) ParOldGen: 633452K(667648K)->183829K(500224K)
[594.320s][info][gc,metaspace   ] GC(1955) Metaspace: 19067K(19264K)->19067K(19264K) NonClass: 16402K(16512K)->16402K(16512K) Class: 2665K(2752K)->2665K(2752K)
[594.320s][info][gc             ] GC(1955) Pause Full (Allocation Failure) 814M->179M(708M) 287.968ms
[594.320s][info][gc,cpu         ] GC(1955) User=0.50s Sys=0.02s Real=0.28s
[594.519s][info][gc,start       ] GC(1956) Pause Young (Allocation Failure)
[594.590s][info][gc,heap        ] GC(1956) PSYoungGen: 117248K(224768K)->49097K(219136K) Eden: 117248K(117248K)->0K(118784K) From: 0K(107520K)->49097K(100352K)
[594.590s][info][gc,heap        ] GC(1956) ParOldGen: 183829K(500224K)->183837K(500224K)
[594.590s][info][gc,metaspace   ] GC(1956) Metaspace: 19075K(19264K)->19075K(19264K) NonClass: 16409K(16512K)->16409K(16512K) Class: 2665K(2752K)->2665K(2752K)
[594.590s][info][gc             ] GC(1956) Pause Young (Allocation Failure) 294M->227M(702M) 70.702ms
[594.590s][info][gc,cpu         ] GC(1956) User=0.14s Sys=0.00s Real=0.07s
[594.679s][info][gc,start       ] GC(1957) Pause Young (Allocation Failure)
[594.762s][info][gc,heap        ] GC(1957) PSYoungGen: 167881K(219136K)->65513K(222720K) Eden: 118784K(118784K)->0K(118784K) From: 49097K(100352K)->65513K(103936K)
[594.762s][info][gc,heap        ] GC(1957) ParOldGen: 183837K(500224K)->183837K(500224K)
[594.762s][info][gc,metaspace   ] GC(1957) Metaspace: 19075K(19264K)->19075K(19264K) NonClass: 16409K(16512K)->16409K(16512K) Class: 2665K(2752K)->2665K(2752K)
[594.762s][info][gc             ] GC(1957) Pause Young (Allocation Failure) 343M->243M(706M) 83.186ms
[594.762s][info][gc,cpu         ] GC(1957) User=0.17s Sys=0.00s Real=0.09s
[594.840s][info][gc,start       ] GC(1958) Pause Young (Allocation Failure)
[594.925s][info][gc,heap        ] GC(1958) PSYoungGen: 184297K(222720K)->67401K(221696K) Eden: 118784K(118784K)->0K(114688K) From: 65513K(103936K)->67401K(107008K)
[594.925s][info][gc,heap        ] GC(1958) ParOldGen: 183837K(500224K)->183837K(500224K)
[594.925s][info][gc,metaspace   ] GC(1958) Metaspace: 19075K(19264K)->19075K(19264K) NonClass: 16409K(16512K)->16409K(16512K) Class: 2665K(2752K)->2665K(2752K)
[594.925s][info][gc             ] GC(1958) Pause Young (Allocation Failure) 359M->245M(705M) 85.482ms
[594.925s][info][gc,cpu         ] GC(1958) User=0.17s Sys=0.00s Real=0.09s
[595.015s][info][gc,start       ] GC(1959) Pause Young (Allocation Failure)
[595.108s][info][gc,heap        ] GC(1959) PSYoungGen: 182089K(221696K)->75081K(189952K) Eden: 114688K(114688K)->0K(114688K) From: 67401K(107008K)->75081K(75264K)
[595.108s][info][gc,heap        ] GC(1959) ParOldGen: 183837K(500224K)->183837K(500224K)
[595.108s][info][gc,metaspace   ] GC(1959) Metaspace: 19075K(19264K)->19075K(19264K) NonClass: 16409K(16512K)->16409K(16512K) Class: 2665K(2752K)->2665K(2752K)
[595.108s][info][gc             ] GC(1959) Pause Young (Allocation Failure) 357M->252M(674M) 92.341ms
[595.108s][info][gc,cpu         ] GC(1959) User=0.18s Sys=0.00s Real=0.09s
[595.230s][info][gc,start       ] GC(1960) Pause Young (Allocation Failure)
[595.326s][info][gc,heap        ] GC(1960) PSYoungGen: 189769K(189952K)->79465K(222720K) Eden: 114688K(114688K)->0K(111616K) From: 75081K(75264K)->79465K(111104K)
[595.326s][info][gc,heap        ] GC(1960) ParOldGen: 183837K(500224K)->183837K(500224K)
[595.326s][info][gc,metaspace   ] GC(1960) Metaspace: 19075K(19264K)->19075K(19264K) NonClass: 16409K(16512K)->16409K(16512K) Class: 2665K(2752K)->2665K(2752K)
[595.326s][info][gc             ] GC(1960) Pause Young (Allocation Failure) 364M->257M(706M) 95.817ms
[595.326s][info][gc,cpu         ] GC(1960) User=0.19s Sys=0.00s Real=0.09s
[595.432s][info][gc,start       ] GC(1961) Pause Young (Allocation Failure)
[595.528s][info][gc,heap        ] GC(1961) PSYoungGen: 191081K(222720K)->79667K(222720K) Eden: 111616K(111616K)->0K(111616K) From: 79465K(111104K)->79667K(111104K)
[595.528s][info][gc,heap        ] GC(1961) ParOldGen: 183837K(500224K)->183837K(500224K)
[595.528s][info][gc,metaspace   ] GC(1961) Metaspace: 19075K(19264K)->19075K(19264K) NonClass: 16409K(16512K)->16409K(16512K) Class: 2665K(2752K)->2665K(2752K)
[595.528s][info][gc             ] GC(1961) Pause Young (Allocation Failure) 366M->257M(706M) 95.697ms
[595.528s][info][gc,cpu         ] GC(1961) User=0.19s Sys=0.00s Real=0.09s
[595.639s][info][gc,start       ] GC(1962) Pause Young (Allocation Failure)
[595.738s][info][gc,heap        ] GC(1962) PSYoungGen: 191283K(222720K)->81737K(222720K) Eden: 111616K(111616K)->0K(111616K) From: 79667K(111104K)->81737K(111104K)
[595.738s][info][gc,heap        ] GC(1962) ParOldGen: 183837K(500224K)->183837K(500224K)
[595.738s][info][gc,metaspace   ] GC(1962) Metaspace: 19075K(19264K)->19075K(19264K) NonClass: 16409K(16512K)->16409K(16512K) Class: 2665K(2752K)->2665K(2752K)
[595.738s][info][gc             ] GC(1962) Pause Young (Allocation Failure) 366M->259M(706M) 99.085ms
[595.738s][info][gc,cpu         ] GC(1962) User=0.20s Sys=0.00s Real=0.10s
[595.855s][info][gc,start       ] GC(1963) Pause Young (Allocation Failure)
[595.956s][info][gc,heap        ] GC(1963) PSYoungGen: 193353K(222720K)->35072K(222720K) Eden: 111616K(111616K)->0K(111616K) From: 81737K(111104K)->35072K(111104K)
[595.956s][info][gc,heap        ] GC(1963) ParOldGen: 183837K(500224K)->233086K(500224K)
[595.956s][info][gc,metaspace   ] GC(1963) Metaspace: 19075K(19264K)->19075K(19264K) NonClass: 16409K(16512K)->16409K(16512K) Class: 2665K(2752K)->2665K(2752K)
[595.956s][info][gc             ] GC(1963) Pause Young (Allocation Failure) 368M->261M(706M) 101.907ms
[595.956s][info][gc,cpu         ] GC(1963) User=0.20s Sys=0.00s Real=0.10s
[596.047s][info][gc,start       ] GC(1964) Pause Young (Allocation Failure)
[596.113s][info][gc,heap        ] GC(1964) PSYoungGen: 146688K(222720K)->49664K(222720K) Eden: 111616K(111616K)->0K(111616K) From: 35072K(111104K)->49664K(111104K)
[596.113s][info][gc,heap        ] GC(1964) ParOldGen: 233086K(500224K)->251462K(500224K)
[596.113s][info][gc,metaspace   ] GC(1964) Metaspace: 19075K(19264K)->19075K(19264K) NonClass: 16409K(16512K)->16409K(16512K) Class: 2665K(2752K)->2665K(2752K)
[596.113s][info][gc             ] GC(1964) Pause Young (Allocation Failure) 370M->294M(706M) 65.230ms
[596.113s][info][gc,cpu         ] GC(1964) User=0.13s Sys=0.00s Real=0.07s
[596.198s][info][gc,start       ] GC(1965) Pause Young (Allocation Failure)
[596.260s][info][gc,heap        ] GC(1965) PSYoungGen: 161280K(222720K)->62640K(222720K) Eden: 111616K(111616K)->0K(111616K) From: 49664K(111104K)->62640K(111104K)
[596.260s][info][gc,heap        ] GC(1965) ParOldGen: 251462K(500224K)->263534K(500224K)
[596.260s][info][gc,metaspace   ] GC(1965) Metaspace: 19075K(19264K)->19075K(19264K) NonClass: 16409K(16512K)->16409K(16512K) Class: 2665K(2752K)->2665K(2752K)
[596.260s][info][gc             ] GC(1965) Pause Young (Allocation Failure) 403M->318M(706M) 62.040ms
[596.260s][info][gc,cpu         ] GC(1965) User=0.12s Sys=0.00s Real=0.07s
[596.372s][info][gc,start       ] GC(1966) Pause Young (Allocation Failure)
[596.438s][info][gc,heap        ] GC(1966) PSYoungGen: 174256K(222720K)->74115K(222720K) Eden: 111616K(111616K)->0K(111616K) From: 62640K(111104K)->74115K(111104K)
[596.438s][info][gc,heap        ] GC(1966) ParOldGen: 263534K(500224K)->265816K(500224K)
[596.438s][info][gc,metaspace   ] GC(1966) Metaspace: 19075K(19264K)->19075K(19264K) NonClass: 16409K(16512K)->16409K(16512K) Class: 2665K(2752K)->2665K(2752K)
[596.438s][info][gc             ] GC(1966) Pause Young (Allocation Failure) 427M->331M(706M) 65.675ms
[596.438s][info][gc,cpu         ] GC(1966) User=0.13s Sys=0.00s Real=0.06s
[596.542s][info][gc,start       ] GC(1967) Pause Young (Allocation Failure)
[596.607s][info][gc,heap        ] GC(1967) PSYoungGen: 185731K(222720K)->41731K(222720K) Eden: 111616K(111616K)->0K(111616K) From: 74115K(111104K)->41731K(111104K)
[596.607s][info][gc,heap        ] GC(1967) ParOldGen: 265816K(500224K)->301333K(500224K)
[596.607s][info][gc,metaspace   ] GC(1967) Metaspace: 19075K(19264K)->19075K(19264K) NonClass: 16409K(16512K)->16409K(16512K) Class: 2665K(2752K)->2665K(2752K)
[596.607s][info][gc             ] GC(1967) Pause Young (Allocation Failure) 440M->335M(706M) 65.925ms
[596.607s][info][gc,cpu         ] GC(1967) User=0.13s Sys=0.00s Real=0.06s
[596.745s][info][gc,start       ] GC(1968) Pause Young (Allocation Failure)
[596.788s][info][gc,heap        ] GC(1968) PSYoungGen: 153347K(222720K)->5312K(222720K) Eden: 111616K(111616K)->0K(111616K) From: 41731K(111104K)->5312K(111104K)
[596.788s][info][gc,heap        ] GC(1968) ParOldGen: 301333K(500224K)->340267K(500224K)
[596.788s][info][gc,metaspace   ] GC(1968) Metaspace: 19075K(19264K)->19075K(19264K) NonClass: 16409K(16512K)->16409K(16512K) Class: 2665K(2752K)->2665K(2752K)
[596.788s][info][gc             ] GC(1968) Pause Young (Allocation Failure) 444M->337M(706M) 42.491ms
[596.788s][info][gc,cpu         ] GC(1968) User=0.09s Sys=0.00s Real=0.04s
[597.052s][info][gc,start       ] GC(1969) Pause Young (Allocation Failure)
[597.061s][info][gc,heap        ] GC(1969) PSYoungGen: 116928K(222720K)->480K(222720K) Eden: 111616K(111616K)->0K(111616K) From: 5312K(111104K)->480K(111104K)
[597.061s][info][gc,heap        ] GC(1969) ParOldGen: 340267K(500224K)->345563K(500224K)
[597.061s][info][gc,metaspace   ] GC(1969) Metaspace: 19075K(19264K)->19075K(19264K) NonClass: 16409K(16512K)->16409K(16512K) Class: 2665K(2752K)->2665K(2752K)
[597.061s][info][gc             ] GC(1969) Pause Young (Allocation Failure) 446M->337M(706M) 8.408ms
[597.061s][info][gc,cpu         ] GC(1969) User=0.02s Sys=0.00s Real=0.01s
[597.248s][info][gc,start       ] GC(1970) Pause Young (Allocation Failure)
[597.271s][info][gc,heap        ] GC(1970) PSYoungGen: 112096K(222720K)->22496K(222720K) Eden: 111616K(111616K)->0K(111616K) From: 480K(111104K)->22496K(111104K)
[597.271s][info][gc,heap        ] GC(1970) ParOldGen: 345563K(500224K)->345800K(500224K)
[597.271s][info][gc,metaspace   ] GC(1970) Metaspace: 19075K(19264K)->19075K(19264K) NonClass: 16409K(16512K)->16409K(16512K) Class: 2665K(2752K)->2665K(2752K)
[597.271s][info][gc             ] GC(1970) Pause Young (Allocation Failure) 446M->359M(706M) 23.193ms
[597.271s][info][gc,cpu         ] GC(1970) User=0.04s Sys=0.00s Real=0.03s
[597.382s][info][gc,start       ] GC(1971) Pause Young (Allocation Failure)
[597.435s][info][gc,heap        ] GC(1971) PSYoungGen: 134112K(222720K)->38944K(151040K) Eden: 111616K(111616K)->0K(111616K) From: 22496K(111104K)->38944K(39424K)
[597.435s][info][gc,heap        ] GC(1971) ParOldGen: 345800K(500224K)->368317K(500224K)
[597.435s][info][gc,metaspace   ] GC(1971) Metaspace: 19075K(19264K)->19075K(19264K) NonClass: 16409K(16512K)->16409K(16512K) Class: 2665K(2752K)->2665K(2752K)
[597.435s][info][gc             ] GC(1971) Pause Young (Allocation Failure) 468M->397M(636M) 53.015ms
[597.435s][info][gc,cpu         ] GC(1971) User=0.11s Sys=0.00s Real=0.05s
[597.569s][info][gc,start       ] GC(1972) Pause Young (Allocation Failure)
[597.614s][info][gc,heap        ] GC(1972) PSYoungGen: 150560K(151040K)->54720K(221184K) Eden: 111616K(111616K)->0K(113664K) From: 38944K(39424K)->54720K(107520K)
[597.614s][info][gc,heap        ] GC(1972) ParOldGen: 368317K(500224K)->368317K(500224K)
[597.614s][info][gc,metaspace   ] GC(1972) Metaspace: 19075K(19264K)->19075K(19264K) NonClass: 16409K(16512K)->16409K(16512K) Class: 2665K(2752K)->2665K(2752K)
[597.614s][info][gc             ] GC(1972) Pause Young (Allocation Failure) 506M->413M(704M) 45.430ms
[597.614s][info][gc,cpu         ] GC(1972) User=0.09s Sys=0.00s Real=0.05s
[597.724s][info][gc,start       ] GC(1973) Pause Young (Allocation Failure)
[597.775s][info][gc,heap        ] GC(1973) PSYoungGen: 168384K(221184K)->58624K(219136K) Eden: 113664K(113664K)->0K(113664K) From: 54720K(107520K)->58624K(105472K)
[597.775s][info][gc,heap        ] GC(1973) ParOldGen: 368317K(500224K)->368317K(500224K)
[597.775s][info][gc,metaspace   ] GC(1973) Metaspace: 19075K(19264K)->19075K(19264K) NonClass: 16409K(16512K)->16409K(16512K) Class: 2665K(2752K)->2665K(2752K)
[597.775s][info][gc             ] GC(1973) Pause Young (Allocation Failure) 524M->416M(702M) 50.780ms
[597.775s][info][gc,cpu         ] GC(1973) User=0.10s Sys=0.00s Real=0.05s
[597.892s][info][gc,start       ] GC(1974) Pause Young (Allocation Failure)
[597.942s][info][gc,heap        ] GC(1974) PSYoungGen: 172288K(219136K)->59808K(224768K) Eden: 113664K(113664K)->0K(120832K) From: 58624K(105472K)->59808K(103936K)
[597.942s][info][gc,heap        ] GC(1974) ParOldGen: 368317K(500224K)->368317K(500224K)
[597.942s][info][gc,metaspace   ] GC(1974) Metaspace: 19075K(19264K)->19075K(19264K) NonClass: 16409K(16512K)->16409K(16512K) Class: 2665K(2752K)->2665K(2752K)
[597.942s][info][gc             ] GC(1974) Pause Young (Allocation Failure) 527M->418M(708M) 50.459ms
[597.942s][info][gc,cpu         ] GC(1974) User=0.10s Sys=0.00s Real=0.05s
[598.155s][info][gc,start       ] GC(1975) Pause Young (Allocation Failure)
[598.207s][info][gc,heap        ] GC(1975) PSYoungGen: 180640K(224768K)->60720K(224768K) Eden: 120832K(120832K)->0K(120832K) From: 59808K(103936K)->60720K(103936K)
[598.207s][info][gc,heap        ] GC(1975) ParOldGen: 368317K(500224K)->368317K(500224K)
[598.207s][info][gc,metaspace   ] GC(1975) Metaspace: 19075K(19264K)->19075K(19264K) NonClass: 16409K(16512K)->16409K(16512K) Class: 2665K(2752K)->2665K(2752K)
[598.207s][info][gc             ] GC(1975) Pause Young (Allocation Failure) 536M->418M(708M) 51.494ms
[598.207s][info][gc,cpu         ] GC(1975) User=0.10s Sys=0.00s Real=0.05s
[598.486s][info][gc,start       ] GC(1976) Pause Young (Allocation Failure)
[598.544s][info][gc,heap        ] GC(1976) PSYoungGen: 181552K(224768K)->67360K(227328K) Eden: 120832K(120832K)->0K(123904K) From: 60720K(103936K)->67360K(103424K)
[598.544s][info][gc,heap        ] GC(1976) ParOldGen: 368317K(500224K)->368317K(500224K)
[598.544s][info][gc,metaspace   ] GC(1976) Metaspace: 19075K(19264K)->19075K(19264K) NonClass: 16409K(16512K)->16409K(16512K) Class: 2665K(2752K)->2665K(2752K)
[598.544s][info][gc             ] GC(1976) Pause Young (Allocation Failure) 536M->425M(710M) 58.346ms
[598.544s][info][gc,cpu         ] GC(1976) User=0.11s Sys=0.01s Real=0.06s
[598.643s][info][gc,start       ] GC(1977) Pause Young (Allocation Failure)
[598.777s][info][gc,heap        ] GC(1977) PSYoungGen: 191264K(227328K)->104928K(228864K) Eden: 123904K(123904K)->0K(123904K) From: 67360K(103424K)->104928K(104960K)
[598.777s][info][gc,heap        ] GC(1977) ParOldGen: 368317K(500224K)->408426K(500224K)
[598.777s][info][gc,metaspace   ] GC(1977) Metaspace: 19075K(19264K)->19075K(19264K) NonClass: 16409K(16512K)->16409K(16512K) Class: 2665K(2752K)->2665K(2752K)
[598.777s][info][gc             ] GC(1977) Pause Young (Allocation Failure) 546M->501M(712M) 134.438ms
[598.777s][info][gc,cpu         ] GC(1977) User=0.27s Sys=0.00s Real=0.13s
[598.858s][info][gc,start       ] GC(1978) Pause Young (Allocation Failure)
[599.032s][info][gc,heap        ] GC(1978) PSYoungGen: 228832K(228864K)->104931K(216576K) Eden: 123904K(123904K)->0K(111616K) From: 104928K(104960K)->104931K(104960K)
[599.032s][info][gc,heap        ] GC(1978) ParOldGen: 408426K(500224K)->482952K(500224K)
[599.033s][info][gc,metaspace   ] GC(1978) Metaspace: 19075K(19264K)->19075K(19264K) NonClass: 16409K(16512K)->16409K(16512K) Class: 2665K(2752K)->2665K(2752K)
[599.033s][info][gc             ] GC(1978) Pause Young (Allocation Failure) 622M->574M(700M) 174.456ms
[599.033s][info][gc,cpu         ] GC(1978) User=0.32s Sys=0.02s Real=0.18s
[599.154s][info][gc,start       ] GC(1979) Pause Young (Allocation Failure)
[599.269s][info][gc,heap        ] GC(1979) PSYoungGen: 216547K(216576K)->111080K(222720K) Eden: 111616K(111616K)->0K(111616K) From: 104931K(104960K)->111080K(111104K)
[599.269s][info][gc,heap        ] GC(1979) ParOldGen: 482952K(500224K)->486576K(500224K)
[599.269s][info][gc,metaspace   ] GC(1979) Metaspace: 19075K(19264K)->19075K(19264K) NonClass: 16409K(16512K)->16409K(16512K) Class: 2665K(2752K)->2665K(2752K)
[599.269s][info][gc             ] GC(1979) Pause Young (Allocation Failure) 683M->583M(706M) 115.180ms
[599.269s][info][gc,cpu         ] GC(1979) User=0.23s Sys=0.00s Real=0.11s
[599.340s][info][gc,start       ] GC(1980) Pause Young (Allocation Failure)
[599.452s][info][gc,heap        ] GC(1980) PSYoungGen: 222696K(222720K)->108940K(222720K) Eden: 111616K(111616K)->0K(111616K) From: 111080K(111104K)->108940K(111104K)
[599.452s][info][gc,heap        ] GC(1980) ParOldGen: 486576K(500224K)->493920K(500224K)
[599.452s][info][gc,metaspace   ] GC(1980) Metaspace: 19075K(19264K)->19075K(19264K) NonClass: 16409K(16512K)->16409K(16512K) Class: 2665K(2752K)->2665K(2752K)
[599.452s][info][gc             ] GC(1980) Pause Young (Allocation Failure) 692M->588M(706M) 112.727ms
[599.452s][info][gc,cpu         ] GC(1980) User=0.22s Sys=0.00s Real=0.12s
[599.540s][info][gc,start       ] GC(1981) Pause Young (Allocation Failure)
[599.704s][info][gc,heap        ] GC(1981) PSYoungGen: 220556K(222720K)->21976K(222720K) Eden: 111616K(111616K)->0K(111616K) From: 108940K(111104K)->21976K(111104K)
[599.704s][info][gc,heap        ] GC(1981) ParOldGen: 493920K(500224K)->588444K(588800K)
[599.704s][info][gc,metaspace   ] GC(1981) Metaspace: 19075K(19264K)->19075K(19264K) NonClass: 16409K(16512K)->16409K(16512K) Class: 2665K(2752K)->2665K(2752K)
[599.704s][info][gc             ] GC(1981) Pause Young (Allocation Failure) 697M->596M(792M) 164.205ms
[599.704s][info][gc,cpu         ] GC(1981) User=0.25s Sys=0.08s Real=0.17s
[599.803s][info][gc,start       ] GC(1982) Pause Full (Allocation Failure)
[599.803s][info][gc,phases,start] GC(1982) Marking Phase
[599.863s][info][gc,phases      ] GC(1982) Marking Phase 60.669ms
[599.864s][info][gc,phases,start] GC(1982) Summary Phase
[599.864s][info][gc,phases      ] GC(1982) Summary Phase 0.028ms
[599.864s][info][gc,phases,start] GC(1982) Forward
[599.883s][info][gc,phases      ] GC(1982) Forward 19.715ms
[599.883s][info][gc,phases,start] GC(1982) Adjust Pointers
[599.927s][info][gc,phases      ] GC(1982) Adjust Pointers 44.129ms
[599.927s][info][gc,phases,start] GC(1982) Compaction Phase
[599.951s][info][gc,phases      ] GC(1982) Compaction Phase 23.117ms
[599.953s][info][gc,phases,start] GC(1982) Post Compact
[599.955s][info][gc,phases      ] GC(1982) Post Compact 2.047ms
[599.966s][info][gc,heap        ] GC(1982) PSYoungGen: 133592K(222720K)->0K(222720K) Eden: 111616K(111616K)->0K(111616K) From: 21976K(111104K)->0K(111104K)
[599.966s][info][gc,heap        ] GC(1982) ParOldGen: 588444K(588800K)->101577K(455680K)
[599.966s][info][gc,metaspace   ] GC(1982) Metaspace: 19075K(19264K)->19075K(19264K) NonClass: 16409K(16512K)->16409K(16512K) Class: 2665K(2752K)->2665K(2752K)
[599.966s][info][gc             ] GC(1982) Pause Full (Allocation Failure) 705M->99M(662M) 163.468ms
[599.966s][info][gc,cpu         ] GC(1982) User=0.26s Sys=0.01s Real=0.16s
[600.030s][info][gc,start       ] GC(1983) Pause Young (Allocation Failure)
[600.061s][info][gc,heap        ] GC(1983) PSYoungGen: 111616K(222720K)->44224K(222720K) Eden: 111616K(111616K)->0K(111616K) From: 0K(111104K)->44224K(111104K)
[600.061s][info][gc,heap        ] GC(1983) ParOldGen: 101577K(455680K)->101577K(455680K)
[600.061s][info][gc,metaspace   ] GC(1983) Metaspace: 19075K(19264K)->19075K(19264K) NonClass: 16409K(16512K)->16409K(16512K) Class: 2665K(2752K)->2665K(2752K)
[600.061s][info][gc             ] GC(1983) Pause Young (Allocation Failure) 208M->142M(662M) 30.599ms
[600.061s][info][gc,cpu         ] GC(1983) User=0.06s Sys=0.00s Real=0.03s
[600.202s][info][gc,start       ] GC(1984) Pause Young (Allocation Failure)
[600.243s][info][gc,heap        ] GC(1984) PSYoungGen: 155786K(222720K)->20352K(222720K) Eden: 111562K(111616K)->0K(111616K) From: 44224K(111104K)->20352K(111104K)
[600.243s][info][gc,heap        ] GC(1984) ParOldGen: 101577K(455680K)->146249K(455680K)
[600.243s][info][gc,metaspace   ] GC(1984) Metaspace: 19075K(19264K)->19075K(19264K) NonClass: 16409K(16512K)->16409K(16512K) Class: 2665K(2752K)->2665K(2752K)
[600.243s][info][gc             ] GC(1984) Pause Young (Allocation Failure) 251M->162M(662M) 40.835ms
[600.243s][info][gc,cpu         ] GC(1984) User=0.08s Sys=0.00s Real=0.04s
[600.328s][info][gc,start       ] GC(1985) Pause Young (Allocation Failure)
[600.347s][info][gc,heap        ] GC(1985) PSYoungGen: 131968K(222720K)->1888K(222720K) Eden: 111616K(111616K)->0K(111616K) From: 20352K(111104K)->1888K(111104K)
[600.347s][info][gc,heap        ] GC(1985) ParOldGen: 146249K(455680K)->166777K(455680K)
[600.347s][info][gc,metaspace   ] GC(1985) Metaspace: 19075K(19264K)->19075K(19264K) NonClass: 16409K(16512K)->16409K(16512K) Class: 2665K(2752K)->2665K(2752K)
[600.347s][info][gc             ] GC(1985) Pause Young (Allocation Failure) 271M->164M(662M) 19.173ms
[600.347s][info][gc,cpu         ] GC(1985) User=0.03s Sys=0.00s Real=0.02s
[600.445s][info][gc,start       ] GC(1986) Pause Young (Allocation Failure)
[600.508s][info][gc,heap        ] GC(1986) PSYoungGen: 113504K(222720K)->57281K(222720K) Eden: 111616K(111616K)->0K(111616K) From: 1888K(111104K)->57281K(111104K)
[600.508s][info][gc,heap        ] GC(1986) ParOldGen: 166777K(455680K)->168641K(455680K)
[600.508s][info][gc,metaspace   ] GC(1986) Metaspace: 19075K(19264K)->19075K(19264K) NonClass: 16409K(16512K)->16409K(16512K) Class: 2665K(2752K)->2665K(2752K)
[600.508s][info][gc             ] GC(1986) Pause Young (Allocation Failure) 273M->220M(662M) 63.267ms
[600.508s][info][gc,cpu         ] GC(1986) User=0.12s Sys=0.00s Real=0.06s
[600.576s][info][gc,start       ] GC(1987) Pause Young (Allocation Failure)
[600.672s][info][gc,heap        ] GC(1987) PSYoungGen: 168897K(222720K)->42752K(222720K) Eden: 111616K(111616K)->0K(111616K) From: 57281K(111104K)->42752K(111104K)
[600.672s][info][gc,heap        ] GC(1987) ParOldGen: 168641K(455680K)->225574K(455680K)
[600.672s][info][gc,metaspace   ] GC(1987) Metaspace: 19075K(19264K)->19075K(19264K) NonClass: 16409K(16512K)->16409K(16512K) Class: 2665K(2752K)->2665K(2752K)
[600.672s][info][gc             ] GC(1987) Pause Young (Allocation Failure) 329M->262M(662M) 95.692ms
[600.672s][info][gc,cpu         ] GC(1987) User=0.19s Sys=0.00s Real=0.10s
[600.727s][info][gc,start       ] GC(1988) Pause Young (Allocation Failure)
[600.792s][info][gc,heap        ] GC(1988) PSYoungGen: 154368K(222720K)->42784K(222720K) Eden: 111616K(111616K)->0K(111616K) From: 42752K(111104K)->42784K(111104K)
[600.792s][info][gc,heap        ] GC(1988) ParOldGen: 225574K(455680K)->268710K(455680K)
[600.792s][info][gc,metaspace   ] GC(1988) Metaspace: 19075K(19264K)->19075K(19264K) NonClass: 16409K(16512K)->16409K(16512K) Class: 2665K(2752K)->2665K(2752K)
[600.792s][info][gc             ] GC(1988) Pause Young (Allocation Failure) 371M->304M(662M) 65.283ms
[600.792s][info][gc,cpu         ] GC(1988) User=0.13s Sys=0.00s Real=0.07s
[600.914s][info][gc,start       ] GC(1989) Pause Young (Allocation Failure)
[600.961s][info][gc,heap        ] GC(1989) PSYoungGen: 154400K(222720K)->14944K(222720K) Eden: 111616K(111616K)->0K(111616K) From: 42784K(111104K)->14944K(111104K)
[600.961s][info][gc,heap        ] GC(1989) ParOldGen: 268710K(455680K)->311878K(455680K)
[600.961s][info][gc,metaspace   ] GC(1989) Metaspace: 19075K(19264K)->19075K(19264K) NonClass: 16409K(16512K)->16409K(16512K) Class: 2665K(2752K)->2665K(2752K)
[600.961s][info][gc             ] GC(1989) Pause Young (Allocation Failure) 413M->319M(662M) 47.002ms
[600.961s][info][gc,cpu         ] GC(1989) User=0.09s Sys=0.00s Real=0.05s
[601.030s][info][gc,start       ] GC(1990) Pause Young (Allocation Failure)
[601.059s][info][gc,heap        ] GC(1990) PSYoungGen: 126560K(222720K)->9760K(222720K) Eden: 111616K(111616K)->0K(111616K) From: 14944K(111104K)->9760K(111104K)
[601.059s][info][gc,heap        ] GC(1990) ParOldGen: 311878K(455680K)->326846K(455680K)
[601.059s][info][gc,metaspace   ] GC(1990) Metaspace: 19075K(19264K)->19075K(19264K) NonClass: 16409K(16512K)->16409K(16512K) Class: 2665K(2752K)->2665K(2752K)
[601.059s][info][gc             ] GC(1990) Pause Young (Allocation Failure) 428M->328M(662M) 29.530ms
[601.059s][info][gc,cpu         ] GC(1990) User=0.06s Sys=0.00s Real=0.03s
[601.134s][info][gc,start       ] GC(1991) Pause Young (Allocation Failure)
[601.156s][info][gc,heap        ] GC(1991) PSYoungGen: 121376K(222720K)->3005K(222720K) Eden: 111616K(111616K)->0K(111616K) From: 9760K(111104K)->3005K(111104K)
[601.156s][info][gc,heap        ] GC(1991) ParOldGen: 326846K(455680K)->336598K(455680K)
[601.156s][info][gc,metaspace   ] GC(1991) Metaspace: 19075K(19264K)->19075K(19264K) NonClass: 16409K(16512K)->16409K(16512K) Class: 2665K(2752K)->2665K(2752K)
[601.156s][info][gc             ] GC(1991) Pause Young (Allocation Failure) 437M->331M(662M) 22.420ms
[601.156s][info][gc,cpu         ] GC(1991) User=0.05s Sys=0.00s Real=0.02s
[601.259s][info][gc,start       ] GC(1992) Pause Young (Allocation Failure)
[601.291s][info][gc,heap        ] GC(1992) PSYoungGen: 114621K(222720K)->16557K(222720K) Eden: 111616K(111616K)->0K(111616K) From: 3005K(111104K)->16557K(111104K)
[601.291s][info][gc,heap        ] GC(1992) ParOldGen: 336598K(455680K)->339488K(455680K)
[601.291s][info][gc,metaspace   ] GC(1992) Metaspace: 19075K(19264K)->19075K(19264K) NonClass: 16409K(16512K)->16409K(16512K) Class: 2665K(2752K)->2665K(2752K)
[601.291s][info][gc             ] GC(1992) Pause Young (Allocation Failure) 440M->347M(662M) 32.570ms
[601.291s][info][gc,cpu         ] GC(1992) User=0.07s Sys=0.00s Real=0.04s
[601.379s][info][gc,start       ] GC(1993) Pause Young (Allocation Failure)
[601.425s][info][gc,heap        ] GC(1993) PSYoungGen: 128173K(222720K)->17984K(222720K) Eden: 111616K(111616K)->0K(111616K) From: 16557K(111104K)->17984K(111104K)
[601.425s][info][gc,heap        ] GC(1993) ParOldGen: 339488K(455680K)->356019K(455680K)
[601.425s][info][gc,metaspace   ] GC(1993) Metaspace: 19075K(19264K)->19075K(19264K) NonClass: 16409K(16512K)->16409K(16512K) Class: 2665K(2752K)->2665K(2752K)
[601.425s][info][gc             ] GC(1993) Pause Young (Allocation Failure) 456M->365M(662M) 45.312ms
[601.425s][info][gc,cpu         ] GC(1993) User=0.09s Sys=0.00s Real=0.05s
[601.505s][info][gc,start       ] GC(1994) Pause Young (Allocation Failure)
[601.539s][info][gc,heap        ] GC(1994) PSYoungGen: 129600K(222720K)->14048K(222720K) Eden: 111616K(111616K)->0K(111616K) From: 17984K(111104K)->14048K(111104K)
[601.539s][info][gc,heap        ] GC(1994) ParOldGen: 356019K(455680K)->374019K(455680K)
[601.539s][info][gc,metaspace   ] GC(1994) Metaspace: 19075K(19264K)->19075K(19264K) NonClass: 16409K(16512K)->16409K(16512K) Class: 2665K(2752K)->2665K(2752K)
[601.539s][info][gc             ] GC(1994) Pause Young (Allocation Failure) 474M->378M(662M) 33.345ms
[601.539s][info][gc,cpu         ] GC(1994) User=0.07s Sys=0.00s Real=0.03s
[601.628s][info][gc,start       ] GC(1995) Pause Young (Allocation Failure)
[601.655s][info][gc,heap        ] GC(1995) PSYoungGen: 125664K(222720K)->10336K(222720K) Eden: 111616K(111616K)->0K(111616K) From: 14048K(111104K)->10336K(111104K)
[601.655s][info][gc,heap        ] GC(1995) ParOldGen: 374019K(455680K)->388083K(455680K)
[601.655s][info][gc,metaspace   ] GC(1995) Metaspace: 19075K(19264K)->19075K(19264K) NonClass: 16409K(16512K)->16409K(16512K) Class: 2665K(2752K)->2665K(2752K)
[601.655s][info][gc             ] GC(1995) Pause Young (Allocation Failure) 487M->389M(662M) 26.451ms
[601.655s][info][gc,cpu         ] GC(1995) User=0.06s Sys=0.00s Real=0.03s
[601.731s][info][gc,start       ] GC(1996) Pause Young (Allocation Failure)
[601.755s][info][gc,heap        ] GC(1996) PSYoungGen: 121952K(222720K)->11328K(222720K) Eden: 111616K(111616K)->0K(111616K) From: 10336K(111104K)->11328K(111104K)
[601.755s][info][gc,heap        ] GC(1996) ParOldGen: 388083K(455680K)->398427K(455680K)
[601.755s][info][gc,metaspace   ] GC(1996) Metaspace: 19075K(19264K)->19075K(19264K) NonClass: 16409K(16512K)->16409K(16512K) Class: 2665K(2752K)->2665K(2752K)
[601.756s][info][gc             ] GC(1996) Pause Young (Allocation Failure) 498M->400M(662M) 24.452ms
[601.756s][info][gc,cpu         ] GC(1996) User=0.05s Sys=0.00s Real=0.02s
[601.862s][info][gc,start       ] GC(1997) Pause Young (Allocation Failure)
[601.883s][info][gc,heap        ] GC(1997) PSYoungGen: 122944K(222720K)->4128K(222720K) Eden: 111616K(111616K)->0K(111616K) From: 11328K(111104K)->4128K(111104K)
[601.883s][info][gc,heap        ] GC(1997) ParOldGen: 398427K(455680K)->409753K(455680K)
[601.883s][info][gc,metaspace   ] GC(1997) Metaspace: 19075K(19264K)->19075K(19264K) NonClass: 16409K(16512K)->16409K(16512K) Class: 2665K(2752K)->2665K(2752K)
[601.883s][info][gc             ] GC(1997) Pause Young (Allocation Failure) 509M->404M(662M) 20.731ms
[601.883s][info][gc,cpu         ] GC(1997) User=0.04s Sys=0.00s Real=0.02s
[602.058s][info][gc,start       ] GC(1998) Pause Young (Allocation Failure)
[602.068s][info][gc,heap        ] GC(1998) PSYoungGen: 115744K(222720K)->3168K(215552K) Eden: 111616K(111616K)->0K(111616K) From: 4128K(111104K)->3168K(103936K)
[602.068s][info][gc,heap        ] GC(1998) ParOldGen: 409753K(455680K)->413857K(455680K)
[602.068s][info][gc,metaspace   ] GC(1998) Metaspace: 19075K(19264K)->19075K(19264K) NonClass: 16409K(16512K)->16409K(16512K) Class: 2665K(2752K)->2665K(2752K)
[602.068s][info][gc             ] GC(1998) Pause Young (Allocation Failure) 513M->407M(655M) 10.561ms
[602.068s][info][gc,cpu         ] GC(1998) User=0.01s Sys=0.00s Real=0.01s
[602.198s][info][gc,start       ] GC(1999) Pause Young (Allocation Failure)
[602.224s][info][gc,heap        ] GC(1999) PSYoungGen: 114784K(215552K)->24224K(136192K) Eden: 111616K(111616K)->0K(111616K) From: 3168K(103936K)->24224K(24576K)
[602.224s][info][gc,heap        ] GC(1999) ParOldGen: 413857K(455680K)->413857K(455680K)
[602.224s][info][gc,metaspace   ] GC(1999) Metaspace: 19075K(19264K)->19075K(19264K) NonClass: 16409K(16512K)->16409K(16512K) Class: 2665K(2752K)->2665K(2752K)
[602.224s][info][gc             ] GC(1999) Pause Young (Allocation Failure) 516M->427M(578M) 26.075ms
[602.224s][info][gc,cpu         ] GC(1999) User=0.05s Sys=0.00s Real=0.03s
[602.575s][info][gc,start       ] GC(2000) Pause Young (Allocation Failure)
[602.602s][info][gc,heap        ] GC(2000) PSYoungGen: 135840K(136192K)->24544K(202240K) Eden: 111616K(111616K)->0K(117248K) From: 24224K(24576K)->24544K(84992K)
[602.602s][info][gc,heap        ] GC(2000) ParOldGen: 413857K(455680K)->413857K(455680K)
[602.602s][info][gc,metaspace   ] GC(2000) Metaspace: 19075K(19264K)->19075K(19264K) NonClass: 16409K(16512K)->16409K(16512K) Class: 2665K(2752K)->2665K(2752K)
[602.602s][info][gc             ] GC(2000) Pause Young (Allocation Failure) 536M->428M(642M) 27.638ms
[602.602s][info][gc,cpu         ] GC(2000) User=0.05s Sys=0.00s Real=0.03s
[602.868s][info][gc,start       ] GC(2001) Pause Young (Allocation Failure)
[602.896s][info][gc,heap        ] GC(2001) PSYoungGen: 141792K(202240K)->24640K(142336K) Eden: 117248K(117248K)->0K(117248K) From: 24544K(84992K)->24640K(25088K)
[602.896s][info][gc,heap        ] GC(2001) ParOldGen: 413857K(455680K)->413857K(455680K)
[602.896s][info][gc,metaspace   ] GC(2001) Metaspace: 19075K(19264K)->19075K(19264K) NonClass: 16409K(16512K)->16409K(16512K) Class: 2665K(2752K)->2665K(2752K)
[602.896s][info][gc             ] GC(2001) Pause Young (Allocation Failure) 542M->428M(584M) 27.922ms
[602.896s][info][gc,cpu         ] GC(2001) User=0.05s Sys=0.00s Real=0.03s
[603.172s][info][gc,start       ] GC(2002) Pause Young (Allocation Failure)
[603.198s][info][gc,heap        ] GC(2002) PSYoungGen: 141888K(142336K)->24640K(196096K) Eden: 117248K(117248K)->0K(122368K) From: 24640K(25088K)->24640K(73728K)
[603.198s][info][gc,heap        ] GC(2002) ParOldGen: 413857K(455680K)->413857K(455680K)
[603.198s][info][gc,metaspace   ] GC(2002) Metaspace: 19075K(19264K)->19075K(19264K) NonClass: 16409K(16512K)->16409K(16512K) Class: 2665K(2752K)->2665K(2752K)
[603.198s][info][gc             ] GC(2002) Pause Young (Allocation Failure) 542M->428M(636M) 25.881ms
[603.198s][info][gc,cpu         ] GC(2002) User=0.05s Sys=0.00s Real=0.02s
[603.460s][info][gc,start       ] GC(2003) Pause Young (Allocation Failure)
[603.486s][info][gc,heap        ] GC(2003) PSYoungGen: 147008K(196096K)->24640K(147456K) Eden: 122368K(122368K)->0K(122368K) From: 24640K(73728K)->24640K(25088K)
[603.486s][info][gc,heap        ] GC(2003) ParOldGen: 413857K(455680K)->413857K(455680K)
[603.486s][info][gc,metaspace   ] GC(2003) Metaspace: 19075K(19264K)->19075K(19264K) NonClass: 16409K(16512K)->16409K(16512K) Class: 2665K(2752K)->2665K(2752K)
[603.486s][info][gc             ] GC(2003) Pause Young (Allocation Failure) 547M->428M(589M) 25.640ms
[603.486s][info][gc,cpu         ] GC(2003) User=0.05s Sys=0.00s Real=0.02s
[603.751s][info][gc,start       ] GC(2004) Pause Young (Allocation Failure)
[603.788s][info][gc,heap        ] GC(2004) PSYoungGen: 147008K(147456K)->27936K(193536K) Eden: 122368K(122368K)->0K(126976K) From: 24640K(25088K)->27936K(66560K)
[603.788s][info][gc,heap        ] GC(2004) ParOldGen: 413857K(455680K)->413857K(455680K)
[603.788s][info][gc,metaspace   ] GC(2004) Metaspace: 19075K(19264K)->19075K(19264K) NonClass: 16409K(16512K)->16409K(16512K) Class: 2665K(2752K)->2665K(2752K)
[603.788s][info][gc             ] GC(2004) Pause Young (Allocation Failure) 547M->431M(634M) 36.856ms
[603.788s][info][gc,cpu         ] GC(2004) User=0.07s Sys=0.00s Real=0.03s
[603.936s][info][gc,start       ] GC(2005) Pause Young (Allocation Failure)
[603.983s][info][gc,heap        ] GC(2005) PSYoungGen: 154912K(193536K)->54870K(197632K) Eden: 126976K(126976K)->0K(126976K) From: 27936K(66560K)->54870K(70656K)
[603.983s][info][gc,heap        ] GC(2005) ParOldGen: 413857K(455680K)->413857K(455680K)
[603.983s][info][gc,metaspace   ] GC(2005) Metaspace: 19075K(19264K)->19075K(19264K) NonClass: 16409K(16512K)->16409K(16512K) Class: 2665K(2752K)->2665K(2752K)
[603.983s][info][gc             ] GC(2005) Pause Young (Allocation Failure) 555M->457M(638M) 46.736ms
[603.983s][info][gc,cpu         ] GC(2005) User=0.09s Sys=0.00s Real=0.05s
[604.092s][info][gc,start       ] GC(2006) Pause Young (Allocation Failure)
[604.186s][info][gc,heap        ] GC(2006) PSYoungGen: 181846K(197632K)->77286K(189440K) Eden: 126976K(126976K)->0K(112128K) From: 54870K(70656K)->77286K(77312K)
[604.186s][info][gc,heap        ] GC(2006) ParOldGen: 413857K(455680K)->435241K(455680K)
[604.186s][info][gc,metaspace   ] GC(2006) Metaspace: 19075K(19264K)->19075K(19264K) NonClass: 16409K(16512K)->16409K(16512K) Class: 2665K(2752K)->2665K(2752K)
[604.186s][info][gc             ] GC(2006) Pause Young (Allocation Failure) 581M->500M(630M) 93.871ms
[604.186s][info][gc,cpu         ] GC(2006) User=0.16s Sys=0.02s Real=0.09s
[604.316s][info][gc,start       ] GC(2007) Pause Young (Allocation Failure)
[604.389s][info][gc,heap        ] GC(2007) PSYoungGen: 189414K(189440K)->59974K(210432K) Eden: 112128K(112128K)->0K(112128K) From: 77286K(77312K)->59974K(98304K)
[604.389s][info][gc,heap        ] GC(2007) ParOldGen: 435241K(455680K)->459422K(459776K)
[604.389s][info][gc,metaspace   ] GC(2007) Metaspace: 19075K(19264K)->19075K(19264K) NonClass: 16409K(16512K)->16409K(16512K) Class: 2665K(2752K)->2665K(2752K)
[604.389s][info][gc             ] GC(2007) Pause Young (Allocation Failure) 610M->507M(654M) 73.170ms
[604.389s][info][gc,cpu         ] GC(2007) User=0.15s Sys=0.00s Real=0.07s
[604.513s][info][gc,start       ] GC(2008) Pause Young (Allocation Failure)
[604.573s][info][gc,heap        ] GC(2008) PSYoungGen: 172102K(210432K)->70419K(214528K) Eden: 112128K(112128K)->0K(113664K) From: 59974K(98304K)->70419K(100864K)
[604.573s][info][gc,heap        ] GC(2008) ParOldGen: 459422K(459776K)->459422K(459776K)
[604.573s][info][gc,metaspace   ] GC(2008) Metaspace: 19075K(19264K)->19075K(19264K) NonClass: 16409K(16512K)->16409K(16512K) Class: 2665K(2752K)->2665K(2752K)
[604.573s][info][gc             ] GC(2008) Pause Young (Allocation Failure) 616M->517M(658M) 60.431ms
[604.574s][info][gc,cpu         ] GC(2008) User=0.12s Sys=0.01s Real=0.06s
[604.680s][info][gc,start       ] GC(2009) Pause Young (Allocation Failure)
[604.769s][info][gc,heap        ] GC(2009) PSYoungGen: 184083K(214528K)->93468K(220672K) Eden: 113664K(113664K)->0K(113664K) From: 70419K(100864K)->93468K(107008K)
[604.769s][info][gc,heap        ] GC(2009) ParOldGen: 459422K(459776K)->459422K(459776K)
[604.769s][info][gc,metaspace   ] GC(2009) Metaspace: 19075K(19264K)->19075K(19264K) NonClass: 16409K(16512K)->16409K(16512K) Class: 2665K(2752K)->2665K(2752K)
[604.769s][info][gc             ] GC(2009) Pause Young (Allocation Failure) 628M->539M(664M) 88.376ms
[604.769s][info][gc,cpu         ] GC(2009) User=0.17s Sys=0.00s Real=0.08s
[604.851s][info][gc,start       ] GC(2010) Pause Young (Allocation Failure)
[605.014s][info][gc,heap        ] GC(2010) PSYoungGen: 207132K(220672K)->111101K(222720K) Eden: 113664K(113664K)->0K(111616K) From: 93468K(107008K)->111101K(111104K)
[605.014s][info][gc,heap        ] GC(2010) ParOldGen: 459422K(459776K)->480873K(481280K)
[605.014s][info][gc,metaspace   ] GC(2010) Metaspace: 19075K(19264K)->19075K(19264K) NonClass: 16409K(16512K)->16409K(16512K) Class: 2665K(2752K)->2665K(2752K)
[605.014s][info][gc             ] GC(2010) Pause Young (Allocation Failure) 650M->578M(687M) 162.819ms
[605.014s][info][gc,cpu         ] GC(2010) User=0.27s Sys=0.05s Real=0.16s
[605.084s][info][gc,start       ] GC(2011) Pause Young (Allocation Failure)
[605.218s][info][gc,heap        ] GC(2011) PSYoungGen: 222717K(222720K)->111084K(222720K) Eden: 111616K(111616K)->0K(111616K) From: 111101K(111104K)->111084K(111104K)
[605.219s][info][gc,heap        ] GC(2011) ParOldGen: 480873K(481280K)->490409K(490496K)
[605.219s][info][gc,metaspace   ] GC(2011) Metaspace: 19075K(19264K)->19075K(19264K) NonClass: 16409K(16512K)->16409K(16512K) Class: 2665K(2752K)->2665K(2752K)
[605.219s][info][gc             ] GC(2011) Pause Young (Allocation Failure) 687M->587M(696M) 134.117ms
[605.219s][info][gc,cpu         ] GC(2011) User=0.26s Sys=0.01s Real=0.13s
[605.287s][info][gc,start       ] GC(2012) Pause Young (Allocation Failure)
[605.415s][info][gc,heap        ] GC(2012) PSYoungGen: 222700K(222720K)->104668K(222720K) Eden: 111616K(111616K)->0K(111616K) From: 111084K(111104K)->104668K(111104K)
[605.416s][info][gc,heap        ] GC(2012) ParOldGen: 490409K(490496K)->507961K(508416K)
[605.416s][info][gc,metaspace   ] GC(2012) Metaspace: 19075K(19264K)->19075K(19264K) NonClass: 16409K(16512K)->16409K(16512K) Class: 2665K(2752K)->2665K(2752K)
[605.416s][info][gc             ] GC(2012) Pause Young (Allocation Failure) 696M->598M(714M) 128.536ms
[605.416s][info][gc,cpu         ] GC(2012) User=0.24s Sys=0.01s Real=0.13s
[605.494s][info][gc,start       ] GC(2013) Pause Young (Allocation Failure)
[605.622s][info][gc,heap        ] GC(2013) PSYoungGen: 216284K(222720K)->72828K(222720K) Eden: 111616K(111616K)->0K(111616K) From: 104668K(111104K)->72828K(111104K)
[605.622s][info][gc,heap        ] GC(2013) ParOldGen: 507961K(508416K)->545489K(545792K)
[605.622s][info][gc,metaspace   ] GC(2013) Metaspace: 19075K(19264K)->19075K(19264K) NonClass: 16409K(16512K)->16409K(16512K) Class: 2665K(2752K)->2665K(2752K)
[605.622s][info][gc             ] GC(2013) Pause Young (Allocation Failure) 707M->603M(750M) 127.701ms
[605.622s][info][gc,cpu         ] GC(2013) User=0.22s Sys=0.04s Real=0.13s
[605.695s][info][gc,start       ] GC(2014) Pause Young (Allocation Failure)
[605.801s][info][gc,heap        ] GC(2014) PSYoungGen: 184444K(222720K)->61056K(222720K) Eden: 111616K(111616K)->0K(111616K) From: 72828K(111104K)->61056K(111104K)
[605.801s][info][gc,heap        ] GC(2014) ParOldGen: 545489K(545792K)->571150K(571392K)
[605.801s][info][gc,metaspace   ] GC(2014) Metaspace: 19075K(19264K)->19075K(19264K) NonClass: 16409K(16512K)->16409K(16512K) Class: 2665K(2752K)->2665K(2752K)
[605.801s][info][gc             ] GC(2014) Pause Young (Allocation Failure) 712M->617M(775M) 106.045ms
[605.801s][info][gc,cpu         ] GC(2014) User=0.19s Sys=0.02s Real=0.11s
[605.889s][info][gc,start       ] GC(2015) Pause Young (Allocation Failure)
[605.977s][info][gc,heap        ] GC(2015) PSYoungGen: 172672K(222720K)->39360K(222720K) Eden: 111616K(111616K)->0K(111616K) From: 61056K(111104K)->39360K(111104K)
[605.977s][info][gc,heap        ] GC(2015) ParOldGen: 571150K(571392K)->602326K(602624K)
[605.977s][info][gc,metaspace   ] GC(2015) Metaspace: 19075K(19264K)->19075K(19264K) NonClass: 16409K(16512K)->16409K(16512K) Class: 2665K(2752K)->2665K(2752K)
[605.977s][info][gc             ] GC(2015) Pause Young (Allocation Failure) 726M->626M(806M) 87.990ms
[605.977s][info][gc,cpu         ] GC(2015) User=0.15s Sys=0.03s Real=0.09s
[606.049s][info][gc,start       ] GC(2016) Pause Young (Allocation Failure)
[606.108s][info][gc,heap        ] GC(2016) PSYoungGen: 150976K(222720K)->27072K(222720K) Eden: 111616K(111616K)->0K(111616K) From: 39360K(111104K)->27072K(111104K)
[606.108s][info][gc,heap        ] GC(2016) ParOldGen: 602326K(602624K)->618510K(619008K)
[606.108s][info][gc,metaspace   ] GC(2016) Metaspace: 19075K(19264K)->19075K(19264K) NonClass: 16409K(16512K)->16409K(16512K) Class: 2665K(2752K)->2665K(2752K)
[606.108s][info][gc             ] GC(2016) Pause Young (Allocation Failure) 735M->630M(822M) 59.139ms
[606.108s][info][gc,cpu         ] GC(2016) User=0.10s Sys=0.02s Real=0.06s
[606.188s][info][gc,start       ] GC(2017) Pause Full (Allocation Failure)
[606.188s][info][gc,phases,start] GC(2017) Marking Phase
[606.456s][info][gc,phases      ] GC(2017) Marking Phase 267.939ms
[606.456s][info][gc,phases,start] GC(2017) Summary Phase
[606.456s][info][gc,phases      ] GC(2017) Summary Phase 0.026ms
[606.456s][info][gc,phases,start] GC(2017) Forward
[606.547s][info][gc,phases      ] GC(2017) Forward 90.962ms
[606.547s][info][gc,phases,start] GC(2017) Adjust Pointers
[606.758s][info][gc,phases      ] GC(2017) Adjust Pointers 210.210ms
[606.758s][info][gc,phases,start] GC(2017) Compaction Phase
[606.880s][info][gc,phases      ] GC(2017) Compaction Phase 122.762ms
[606.889s][info][gc,phases,start] GC(2017) Post Compact
[606.891s][info][gc,phases      ] GC(2017) Post Compact 2.217ms
[606.891s][info][gc,heap        ] GC(2017) PSYoungGen: 138688K(222720K)->0K(222720K) Eden: 111616K(111616K)->0K(111616K) From: 27072K(111104K)->0K(111104K)
[606.891s][info][gc,heap        ] GC(2017) ParOldGen: 618510K(619008K)->379646K(667648K)
[606.891s][info][gc,metaspace   ] GC(2017) Metaspace: 19075K(19264K)->19075K(19264K) NonClass: 16409K(16512K)->16409K(16512K) Class: 2665K(2752K)->2665K(2752K)
[606.891s][info][gc             ] GC(2017) Pause Full (Allocation Failure) 739M->370M(869M) 702.963ms
[606.891s][info][gc,cpu         ] GC(2017) User=1.33s Sys=0.00s Real=0.71s
[607.007s][info][gc,start       ] GC(2018) Pause Young (Allocation Failure)
[607.025s][info][gc,heap        ] GC(2018) PSYoungGen: 111616K(222720K)->14944K(222720K) Eden: 111616K(111616K)->0K(111616K) From: 0K(111104K)->14944K(111104K)
[607.025s][info][gc,heap        ] GC(2018) ParOldGen: 379646K(667648K)->379646K(667648K)
[607.025s][info][gc,metaspace   ] GC(2018) Metaspace: 19075K(19264K)->19075K(19264K) NonClass: 16409K(16512K)->16409K(16512K) Class: 2665K(2752K)->2665K(2752K)
[607.025s][info][gc             ] GC(2018) Pause Young (Allocation Failure) 479M->385M(869M) 18.127ms
[607.025s][info][gc,cpu         ] GC(2018) User=0.04s Sys=0.00s Real=0.02s
[607.159s][info][gc,start       ] GC(2019) Pause Young (Allocation Failure)
[607.191s][info][gc,heap        ] GC(2019) PSYoungGen: 126560K(222720K)->15104K(222720K) Eden: 111616K(111616K)->0K(111616K) From: 14944K(111104K)->15104K(111104K)
[607.191s][info][gc,heap        ] GC(2019) ParOldGen: 379646K(667648K)->394566K(667648K)
[607.191s][info][gc,metaspace   ] GC(2019) Metaspace: 19075K(19264K)->19075K(19264K) NonClass: 16409K(16512K)->16409K(16512K) Class: 2665K(2752K)->2665K(2752K)
[607.191s][info][gc             ] GC(2019) Pause Young (Allocation Failure) 494M->400M(869M) 32.000ms
[607.191s][info][gc,cpu         ] GC(2019) User=0.07s Sys=0.00s Real=0.04s
[607.469s][info][gc,start       ] GC(2020) Pause Young (Allocation Failure)
[607.490s][info][gc,heap        ] GC(2020) PSYoungGen: 126720K(222720K)->992K(222720K) Eden: 111616K(111616K)->0K(111616K) From: 15104K(111104K)->992K(111104K)
[607.490s][info][gc,heap        ] GC(2020) ParOldGen: 394566K(667648K)->409654K(667648K)
[607.490s][info][gc,metaspace   ] GC(2020) Metaspace: 19075K(19264K)->19075K(19264K) NonClass: 16409K(16512K)->16409K(16512K) Class: 2665K(2752K)->2665K(2752K)
[607.490s][info][gc             ] GC(2020) Pause Young (Allocation Failure) 509M->401M(869M) 21.011ms
[607.490s][info][gc,cpu         ] GC(2020) User=0.04s Sys=0.00s Real=0.03s
[607.644s][info][gc,start       ] GC(2021) Pause Young (Allocation Failure)
[607.662s][info][gc,heap        ] GC(2021) PSYoungGen: 112608K(222720K)->17456K(222720K) Eden: 111616K(111616K)->0K(111616K) From: 992K(111104K)->17456K(111104K)
[607.662s][info][gc,heap        ] GC(2021) ParOldGen: 409654K(667648K)->410630K(667648K)
[607.662s][info][gc,metaspace   ] GC(2021) Metaspace: 19075K(19264K)->19075K(19264K) NonClass: 16409K(16512K)->16409K(16512K) Class: 2665K(2752K)->2665K(2752K)
[607.662s][info][gc             ] GC(2021) Pause Young (Allocation Failure) 510M->418M(869M) 18.110ms
[607.662s][info][gc,cpu         ] GC(2021) User=0.04s Sys=0.00s Real=0.02s
[607.803s][info][gc,start       ] GC(2022) Pause Young (Allocation Failure)
[607.824s][info][gc,heap        ] GC(2022) PSYoungGen: 129072K(222720K)->4384K(222720K) Eden: 111616K(111616K)->0K(111616K) From: 17456K(111104K)->4384K(111104K)
[607.824s][info][gc,heap        ] GC(2022) ParOldGen: 410630K(667648K)->428094K(667648K)
[607.824s][info][gc,metaspace   ] GC(2022) Metaspace: 19075K(19264K)->19075K(19264K) NonClass: 16409K(16512K)->16409K(16512K) Class: 2665K(2752K)->2665K(2752K)
[607.824s][info][gc             ] GC(2022) Pause Young (Allocation Failure) 527M->422M(869M) 20.965ms
[607.824s][info][gc,cpu         ] GC(2022) User=0.04s Sys=0.01s Real=0.02s
[607.898s][info][gc,start       ] GC(2023) Pause Young (Allocation Failure)
[607.930s][info][gc,heap        ] GC(2023) PSYoungGen: 116000K(222720K)->38512K(222720K) Eden: 111616K(111616K)->0K(111616K) From: 4384K(111104K)->38512K(111104K)
[607.930s][info][gc,heap        ] GC(2023) ParOldGen: 428094K(667648K)->432446K(667648K)
[607.930s][info][gc,metaspace   ] GC(2023) Metaspace: 19075K(19264K)->19075K(19264K) NonClass: 16409K(16512K)->16409K(16512K) Class: 2665K(2752K)->2665K(2752K)
[607.930s][info][gc             ] GC(2023) Pause Young (Allocation Failure) 531M->459M(869M) 31.615ms
[607.930s][info][gc,cpu         ] GC(2023) User=0.07s Sys=0.00s Real=0.03s
[608.053s][info][gc,start       ] GC(2024) Pause Young (Allocation Failure)
[608.099s][info][gc,heap        ] GC(2024) PSYoungGen: 150128K(222720K)->34592K(222720K) Eden: 111616K(111616K)->0K(111616K) From: 38512K(111104K)->34592K(111104K)
[608.099s][info][gc,heap        ] GC(2024) ParOldGen: 432446K(667648K)->471438K(667648K)
[608.099s][info][gc,metaspace   ] GC(2024) Metaspace: 19075K(19264K)->19075K(19264K) NonClass: 16409K(16512K)->16409K(16512K) Class: 2665K(2752K)->2665K(2752K)
[608.100s][info][gc             ] GC(2024) Pause Young (Allocation Failure) 568M->494M(869M) 46.758ms
[608.100s][info][gc,cpu         ] GC(2024) User=0.09s Sys=0.00s Real=0.04s
[608.241s][info][gc,start       ] GC(2025) Pause Young (Allocation Failure)
[608.270s][info][gc,heap        ] GC(2025) PSYoungGen: 146208K(222720K)->2912K(222720K) Eden: 111616K(111616K)->0K(111616K) From: 34592K(111104K)->2912K(111104K)
[608.270s][info][gc,heap        ] GC(2025) ParOldGen: 471438K(667648K)->506419K(667648K)
[608.270s][info][gc,metaspace   ] GC(2025) Metaspace: 19075K(19264K)->19075K(19264K) NonClass: 16409K(16512K)->16409K(16512K) Class: 2665K(2752K)->2665K(2752K)
[608.270s][info][gc             ] GC(2025) Pause Young (Allocation Failure) 603M->497M(869M) 28.511ms
[608.270s][info][gc,cpu         ] GC(2025) User=0.06s Sys=0.00s Real=0.02s
[608.443s][info][gc,start       ] GC(2026) Pause Young (Allocation Failure)
[608.490s][info][gc,heap        ] GC(2026) PSYoungGen: 114528K(222720K)->26783K(217600K) Eden: 111616K(111616K)->0K(111616K) From: 2912K(111104K)->26783K(105984K)
[608.490s][info][gc,heap        ] GC(2026) ParOldGen: 506419K(667648K)->509323K(667648K)
[608.490s][info][gc,metaspace   ] GC(2026) Metaspace: 19075K(19264K)->19075K(19264K) NonClass: 16409K(16512K)->16409K(16512K) Class: 2665K(2752K)->2665K(2752K)
[608.490s][info][gc             ] GC(2026) Pause Young (Allocation Failure) 606M->523M(864M) 46.679ms
[608.490s][info][gc,cpu         ] GC(2026) User=0.09s Sys=0.00s Real=0.04s
[608.621s][info][gc,start       ] GC(2027) Pause Young (Allocation Failure)
[608.676s][info][gc,heap        ] GC(2027) PSYoungGen: 138399K(217600K)->42879K(220160K) Eden: 111616K(111616K)->0K(111616K) From: 26783K(105984K)->42879K(108544K)
[608.676s][info][gc,heap        ] GC(2027) ParOldGen: 509323K(667648K)->509323K(667648K)
[608.676s][info][gc,metaspace   ] GC(2027) Metaspace: 19075K(19264K)->19075K(19264K) NonClass: 16409K(16512K)->16409K(16512K) Class: 2665K(2752K)->2665K(2752K)
[608.676s][info][gc             ] GC(2027) Pause Young (Allocation Failure) 632M->539M(867M) 54.684ms
[608.676s][info][gc,cpu         ] GC(2027) User=0.10s Sys=0.00s Real=0.05s
[608.793s][info][gc,start       ] GC(2028) Pause Young (Allocation Failure)
[608.860s][info][gc,heap        ] GC(2028) PSYoungGen: 154495K(220160K)->56959K(222720K) Eden: 111616K(111616K)->0K(118272K) From: 42879K(108544K)->56959K(104448K)
[608.860s][info][gc,heap        ] GC(2028) ParOldGen: 509323K(667648K)->509323K(667648K)
[608.860s][info][gc,metaspace   ] GC(2028) Metaspace: 19075K(19264K)->19075K(19264K) NonClass: 16409K(16512K)->16409K(16512K) Class: 2665K(2752K)->2665K(2752K)
[608.860s][info][gc             ] GC(2028) Pause Young (Allocation Failure) 648M->553M(869M) 67.356ms
[608.860s][info][gc,cpu         ] GC(2028) User=0.13s Sys=0.00s Real=0.07s
[608.968s][info][gc,start       ] GC(2029) Pause Young (Allocation Failure)
[609.036s][info][gc,heap        ] GC(2029) PSYoungGen: 175231K(222720K)->57599K(223744K) Eden: 118272K(118272K)->0K(118272K) From: 56959K(104448K)->57599K(105472K)
[609.036s][info][gc,heap        ] GC(2029) ParOldGen: 509323K(667648K)->509323K(667648K)
[609.036s][info][gc,metaspace   ] GC(2029) Metaspace: 19075K(19264K)->19075K(19264K) NonClass: 16409K(16512K)->16409K(16512K) Class: 2665K(2752K)->2665K(2752K)
[609.036s][info][gc             ] GC(2029) Pause Young (Allocation Failure) 668M->553M(870M) 68.438ms
[609.036s][info][gc,cpu         ] GC(2029) User=0.14s Sys=0.00s Real=0.07s
[609.155s][info][gc,start       ] GC(2030) Pause Young (Allocation Failure)
[609.228s][info][gc,heap        ] GC(2030) PSYoungGen: 175871K(223744K)->61599K(224768K) Eden: 118272K(118272K)->0K(118784K) From: 57599K(105472K)->61599K(105984K)
[609.228s][info][gc,heap        ] GC(2030) ParOldGen: 509323K(667648K)->509323K(667648K)
[609.228s][info][gc,metaspace   ] GC(2030) Metaspace: 19075K(19264K)->19075K(19264K) NonClass: 16409K(16512K)->16409K(16512K) Class: 2665K(2752K)->2665K(2752K)
[609.228s][info][gc             ] GC(2030) Pause Young (Allocation Failure) 669M->557M(871M) 72.520ms
[609.228s][info][gc,cpu         ] GC(2030) User=0.15s Sys=0.00s Real=0.07s
[609.394s][info][gc,start       ] GC(2031) Pause Young (Allocation Failure)
[609.473s][info][gc,heap        ] GC(2031) PSYoungGen: 180383K(224768K)->61608K(180736K) Eden: 118784K(118784K)->0K(118784K) From: 61599K(105984K)->61608K(61952K)
[609.473s][info][gc,heap        ] GC(2031) ParOldGen: 509323K(667648K)->509323K(667648K)
[609.473s][info][gc,metaspace   ] GC(2031) Metaspace: 19075K(19264K)->19075K(19264K) NonClass: 16409K(16512K)->16409K(16512K) Class: 2665K(2752K)->2665K(2752K)
[609.473s][info][gc             ] GC(2031) Pause Young (Allocation Failure) 673M->557M(828M) 78.462ms
[609.473s][info][gc,cpu         ] GC(2031) User=0.15s Sys=0.00s Real=0.08s
[609.662s][info][gc,start       ] GC(2032) Pause Young (Allocation Failure)
[609.754s][info][gc,heap        ] GC(2032) PSYoungGen: 180392K(180736K)->81039K(220160K) Eden: 118784K(118784K)->0K(111616K) From: 61608K(61952K)->81039K(108544K)
[609.754s][info][gc,heap        ] GC(2032) ParOldGen: 509323K(667648K)->509323K(667648K)
[609.754s][info][gc,metaspace   ] GC(2032) Metaspace: 19075K(19264K)->19075K(19264K) NonClass: 16409K(16512K)->16409K(16512K) Class: 2665K(2752K)->2665K(2752K)
[609.754s][info][gc             ] GC(2032) Pause Young (Allocation Failure) 673M->576M(867M) 92.806ms
[609.754s][info][gc,cpu         ] GC(2032) User=0.18s Sys=0.00s Real=0.09s
[609.899s][info][gc,start       ] GC(2033) Pause Young (Allocation Failure)
[610.010s][info][gc,heap        ] GC(2033) PSYoungGen: 192655K(220160K)->60114K(222720K) Eden: 111616K(111616K)->0K(111616K) From: 81039K(108544K)->60114K(111104K)
[610.010s][info][gc,heap        ] GC(2033) ParOldGen: 509323K(667648K)->552273K(667648K)
[610.010s][info][gc,metaspace   ] GC(2033) Metaspace: 19075K(19264K)->19075K(19264K) NonClass: 16409K(16512K)->16409K(16512K) Class: 2665K(2752K)->2665K(2752K)
[610.010s][info][gc             ] GC(2033) Pause Young (Allocation Failure) 685M->598M(869M) 110.270ms
[610.010s][info][gc,cpu         ] GC(2033) User=0.22s Sys=0.00s Real=0.11s
[610.072s][info][gc,start       ] GC(2034) Pause Young (Allocation Failure)
[610.154s][info][gc,heap        ] GC(2034) PSYoungGen: 171730K(222720K)->86882K(222720K) Eden: 111616K(111616K)->0K(111616K) From: 60114K(111104K)->86882K(111104K)
[610.155s][info][gc,heap        ] GC(2034) ParOldGen: 552273K(667648K)->567017K(667648K)
[610.155s][info][gc,metaspace   ] GC(2034) Metaspace: 19075K(19264K)->19075K(19264K) NonClass: 16409K(16512K)->16409K(16512K) Class: 2665K(2752K)->2665K(2752K)
[610.155s][info][gc             ] GC(2034) Pause Young (Allocation Failure) 707M->638M(869M) 82.639ms
[610.155s][info][gc,cpu         ] GC(2034) User=0.17s Sys=0.00s Real=0.08s
[610.366s][info][gc,start       ] GC(2035) Pause Young (Allocation Failure)
[610.447s][info][gc,heap        ] GC(2035) PSYoungGen: 198498K(222720K)->106066K(222720K) Eden: 111616K(111616K)->0K(111616K) From: 86882K(111104K)->106066K(111104K)
[610.447s][info][gc,heap        ] GC(2035) ParOldGen: 567017K(667648K)->571065K(667648K)
[610.447s][info][gc,metaspace   ] GC(2035) Metaspace: 19075K(19264K)->19075K(19264K) NonClass: 16409K(16512K)->16409K(16512K) Class: 2665K(2752K)->2665K(2752K)
[610.448s][info][gc             ] GC(2035) Pause Young (Allocation Failure) 747M->661M(869M) 81.833ms
[610.448s][info][gc,cpu         ] GC(2035) User=0.17s Sys=0.00s Real=0.08s
[610.602s][info][gc,start       ] GC(2036) Pause Young (Allocation Failure)
[610.703s][info][gc,heap        ] GC(2036) PSYoungGen: 217682K(222720K)->77264K(222720K) Eden: 111616K(111616K)->0K(111616K) From: 106066K(111104K)->77264K(111104K)
[610.703s][info][gc,heap        ] GC(2036) ParOldGen: 571065K(667648K)->612591K(667648K)
[610.703s][info][gc,metaspace   ] GC(2036) Metaspace: 19075K(19264K)->19075K(19264K) NonClass: 16409K(16512K)->16409K(16512K) Class: 2665K(2752K)->2665K(2752K)
[610.703s][info][gc             ] GC(2036) Pause Young (Allocation Failure) 770M->673M(869M) 100.761ms
[610.703s][info][gc,cpu         ] GC(2036) User=0.20s Sys=0.00s Real=0.10s
[610.838s][info][gc,start       ] GC(2037) Pause Young (Allocation Failure)
[610.958s][info][gc,promotion   ] GC(2037) Promotion failed
[610.958s][info][gc,heap        ] GC(2037) PSYoungGen: 188880K(222720K)->188880K(222720K) Eden: 111616K(111616K)->111616K(111616K) From: 77264K(111104K)->77264K(111104K)
[610.958s][info][gc,heap        ] GC(2037) ParOldGen: 612591K(667648K)->667647K(667648K)
[610.958s][info][gc,metaspace   ] GC(2037) Metaspace: 19075K(19264K)->19075K(19264K) NonClass: 16409K(16512K)->16409K(16512K) Class: 2665K(2752K)->2665K(2752K)
[610.958s][info][gc             ] GC(2037) Pause Young (Allocation Failure) 782M->836M(869M) 120.406ms
[610.958s][info][gc,cpu         ] GC(2037) User=0.21s Sys=0.03s Real=0.12s
[610.958s][info][gc,start       ] GC(2038) Pause Full (Allocation Failure)
[610.958s][info][gc,phases,start] GC(2038) Marking Phase
[611.310s][info][gc,phases      ] GC(2038) Marking Phase 351.931ms
[611.310s][info][gc,phases,start] GC(2038) Summary Phase
[611.310s][info][gc,phases      ] GC(2038) Summary Phase 0.027ms
[611.310s][info][gc,phases,start] GC(2038) Forward
[611.444s][info][gc,phases      ] GC(2038) Forward 133.348ms
[611.444s][info][gc,phases,start] GC(2038) Adjust Pointers
[611.722s][info][gc,phases      ] GC(2038) Adjust Pointers 277.946ms
[611.722s][info][gc,phases,start] GC(2038) Compaction Phase
[611.891s][info][gc,phases      ] GC(2038) Compaction Phase 169.216ms
[611.904s][info][gc,phases,start] GC(2038) Post Compact
[611.907s][info][gc,phases      ] GC(2038) Post Compact 2.535ms
[611.907s][info][gc,heap        ] GC(2038) PSYoungGen: 188880K(222720K)->0K(222720K) Eden: 111616K(111616K)->0K(111616K) From: 77264K(111104K)->0K(111104K)
[611.907s][info][gc,heap        ] GC(2038) ParOldGen: 667647K(667648K)->500365K(667648K)
[611.907s][info][gc,metaspace   ] GC(2038) Metaspace: 19075K(19264K)->19075K(19264K) NonClass: 16409K(16512K)->16409K(16512K) Class: 2665K(2752K)->2665K(2752K)
[611.907s][info][gc             ] GC(2038) Pause Full (Allocation Failure) 836M->488M(869M) 948.224ms
[611.907s][info][gc,cpu         ] GC(2038) User=1.78s Sys=0.01s Real=0.95s
[612.055s][info][gc,start       ] GC(2039) Pause Young (Allocation Failure)
[612.078s][info][gc,heap        ] GC(2039) PSYoungGen: 111616K(222720K)->18176K(222720K) Eden: 111616K(111616K)->0K(111616K) From: 0K(111104K)->18176K(111104K)
[612.078s][info][gc,heap        ] GC(2039) ParOldGen: 500365K(667648K)->500365K(667648K)
[612.078s][info][gc,metaspace   ] GC(2039) Metaspace: 19075K(19264K)->19075K(19264K) NonClass: 16409K(16512K)->16409K(16512K) Class: 2665K(2752K)->2665K(2752K)
[612.078s][info][gc             ] GC(2039) Pause Young (Allocation Failure) 597M->506M(869M) 22.482ms
[612.078s][info][gc,cpu         ] GC(2039) User=0.04s Sys=0.00s Real=0.02s
[612.167s][info][gc,start       ] GC(2040) Pause Young (Allocation Failure)
[612.189s][info][gc,heap        ] GC(2040) PSYoungGen: 129792K(222720K)->1472K(222720K) Eden: 111616K(111616K)->0K(111616K) From: 18176K(111104K)->1472K(111104K)
[612.189s][info][gc,heap        ] GC(2040) ParOldGen: 500365K(667648K)->518565K(667648K)
[612.189s][info][gc,metaspace   ] GC(2040) Metaspace: 19075K(19264K)->19075K(19264K) NonClass: 16409K(16512K)->16409K(16512K) Class: 2665K(2752K)->2665K(2752K)
[612.189s][info][gc             ] GC(2040) Pause Young (Allocation Failure) 615M->507M(869M) 21.353ms
[612.189s][info][gc,cpu         ] GC(2040) User=0.04s Sys=0.00s Real=0.02s
[612.311s][info][gc,start       ] GC(2041) Pause Young (Allocation Failure)
[612.320s][info][gc,heap        ] GC(2041) PSYoungGen: 113088K(222720K)->640K(222720K) Eden: 111616K(111616K)->0K(111616K) From: 1472K(111104K)->640K(111104K)
[612.320s][info][gc,heap        ] GC(2041) ParOldGen: 518565K(667648K)->519997K(667648K)
[612.320s][info][gc,metaspace   ] GC(2041) Metaspace: 19075K(19264K)->19075K(19264K) NonClass: 16409K(16512K)->16409K(16512K) Class: 2665K(2752K)->2665K(2752K)
[612.320s][info][gc             ] GC(2041) Pause Young (Allocation Failure) 616M->508M(869M) 8.713ms
[612.320s][info][gc,cpu         ] GC(2041) User=0.02s Sys=0.00s Real=0.00s
[612.441s][info][gc,start       ] GC(2042) Pause Young (Allocation Failure)
[612.450s][info][gc,heap        ] GC(2042) PSYoungGen: 112256K(222720K)->3872K(222720K) Eden: 111616K(111616K)->0K(111616K) From: 640K(111104K)->3872K(111104K)
[612.450s][info][gc,heap        ] GC(2042) ParOldGen: 519997K(667648K)->520629K(667648K)
[612.450s][info][gc,metaspace   ] GC(2042) Metaspace: 19075K(19264K)->19075K(19264K) NonClass: 16409K(16512K)->16409K(16512K) Class: 2665K(2752K)->2665K(2752K)
[612.450s][info][gc             ] GC(2042) Pause Young (Allocation Failure) 617M->512M(869M) 9.691ms
[612.451s][info][gc,cpu         ] GC(2042) User=0.02s Sys=0.00s Real=0.01s
[612.605s][info][gc,start       ] GC(2043) Pause Young (Allocation Failure)
[612.620s][info][gc,heap        ] GC(2043) PSYoungGen: 115488K(222720K)->9152K(222720K) Eden: 111616K(111616K)->0K(111616K) From: 3872K(111104K)->9152K(111104K)
[612.620s][info][gc,heap        ] GC(2043) ParOldGen: 520629K(667648K)->524509K(667648K)
[612.620s][info][gc,metaspace   ] GC(2043) Metaspace: 19075K(19264K)->19075K(19264K) NonClass: 16409K(16512K)->16409K(16512K) Class: 2665K(2752K)->2665K(2752K)
[612.620s][info][gc             ] GC(2043) Pause Young (Allocation Failure) 621M->521M(869M) 14.999ms
[612.620s][info][gc,cpu         ] GC(2043) User=0.03s Sys=0.00s Real=0.02s
[612.787s][info][gc,start       ] GC(2044) Pause Young (Allocation Failure)
[612.815s][info][gc,heap        ] GC(2044) PSYoungGen: 120768K(222720K)->17552K(222720K) Eden: 111616K(111616K)->0K(111616K) From: 9152K(111104K)->17552K(111104K)
[612.815s][info][gc,heap        ] GC(2044) ParOldGen: 524509K(667648K)->533661K(667648K)
[612.815s][info][gc,metaspace   ] GC(2044) Metaspace: 19075K(19264K)->19075K(19264K) NonClass: 16409K(16512K)->16409K(16512K) Class: 2665K(2752K)->2665K(2752K)
[612.815s][info][gc             ] GC(2044) Pause Young (Allocation Failure) 630M->538M(869M) 28.024ms
[612.815s][info][gc,cpu         ] GC(2044) User=0.05s Sys=0.00s Real=0.03s
[613.159s][info][gc,start       ] GC(2045) Pause Young (Allocation Failure)
[613.179s][info][gc,heap        ] GC(2045) PSYoungGen: 129168K(222720K)->64K(222720K) Eden: 111616K(111616K)->0K(111616K) From: 17552K(111104K)->64K(111104K)
[613.179s][info][gc,heap        ] GC(2045) ParOldGen: 533661K(667648K)->551229K(667648K)
[613.179s][info][gc,metaspace   ] GC(2045) Metaspace: 19075K(19264K)->19075K(19264K) NonClass: 16409K(16512K)->16409K(16512K) Class: 2665K(2752K)->2665K(2752K)
[613.179s][info][gc             ] GC(2045) Pause Young (Allocation Failure) 647M->538M(869M) 20.038ms
[613.179s][info][gc,cpu         ] GC(2045) User=0.04s Sys=0.00s Real=0.02s
[613.426s][info][gc,start       ] GC(2046) Pause Young (Allocation Failure)
[613.428s][info][gc,heap        ] GC(2046) PSYoungGen: 111680K(222720K)->64K(222720K) Eden: 111616K(111616K)->0K(111616K) From: 64K(111104K)->64K(111104K)
[613.428s][info][gc,heap        ] GC(2046) ParOldGen: 551229K(667648K)->551261K(667648K)
[613.428s][info][gc,metaspace   ] GC(2046) Metaspace: 19075K(19264K)->19075K(19264K) NonClass: 16409K(16512K)->16409K(16512K) Class: 2665K(2752K)->2665K(2752K)
[613.428s][info][gc             ] GC(2046) Pause Young (Allocation Failure) 647M->538M(869M) 1.896ms
[613.428s][info][gc,cpu         ] GC(2046) User=0.01s Sys=0.00s Real=0.00s
[613.683s][info][gc,start       ] GC(2047) Pause Young (Allocation Failure)
[613.685s][info][gc,heap        ] GC(2047) PSYoungGen: 111680K(222720K)->64K(222720K) Eden: 111616K(111616K)->0K(111616K) From: 64K(111104K)->64K(111104K)
[613.685s][info][gc,heap        ] GC(2047) ParOldGen: 551261K(667648K)->551269K(667648K)
[613.685s][info][gc,metaspace   ] GC(2047) Metaspace: 19075K(19264K)->19075K(19264K) NonClass: 16409K(16512K)->16409K(16512K) Class: 2665K(2752K)->2665K(2752K)
[613.685s][info][gc             ] GC(2047) Pause Young (Allocation Failure) 647M->538M(869M) 2.072ms
[613.685s][info][gc,cpu         ] GC(2047) User=0.01s Sys=0.00s Real=0.00s
[613.941s][info][gc,start       ] GC(2048) Pause Young (Allocation Failure)
[613.951s][info][gc,heap        ] GC(2048) PSYoungGen: 111680K(222720K)->64K(112128K) Eden: 111616K(111616K)->0K(111616K) From: 64K(111104K)->64K(512K)
[613.951s][info][gc,heap        ] GC(2048) ParOldGen: 551269K(667648K)->551293K(667648K)
[613.951s][info][gc,metaspace   ] GC(2048) Metaspace: 19075K(19264K)->19075K(19264K) NonClass: 16409K(16512K)->16409K(16512K) Class: 2665K(2752K)->2665K(2752K)
[613.951s][info][gc             ] GC(2048) Pause Young (Allocation Failure) 647M->538M(761M) 10.510ms
[613.951s][info][gc,cpu         ] GC(2048) User=0.02s Sys=0.00s Real=0.01s
[614.189s][info][gc,start       ] GC(2049) Pause Young (Allocation Failure)
[614.191s][info][gc,heap        ] GC(2049) PSYoungGen: 111680K(112128K)->512K(218112K) Eden: 111616K(111616K)->0K(114688K) From: 64K(512K)->512K(103424K)
[614.191s][info][gc,heap        ] GC(2049) ParOldGen: 551293K(667648K)->551293K(667648K)
[614.191s][info][gc,metaspace   ] GC(2049) Metaspace: 19075K(19264K)->19075K(19264K) NonClass: 16409K(16512K)->16409K(16512K) Class: 2665K(2752K)->2665K(2752K)
[614.192s][info][gc             ] GC(2049) Pause Young (Allocation Failure) 647M->538M(865M) 2.564ms
[614.192s][info][gc,cpu         ] GC(2049) User=0.00s Sys=0.00s Real=0.01s
[614.267s][info][gc,start       ] GC(2050) Pause Young (Allocation Failure)
[614.296s][info][gc,heap        ] GC(2050) PSYoungGen: 115200K(218112K)->41040K(219648K) Eden: 114688K(114688K)->0K(114688K) From: 512K(103424K)->41040K(104960K)
[614.296s][info][gc,heap        ] GC(2050) ParOldGen: 551293K(667648K)->551293K(667648K)
[614.296s][info][gc,metaspace   ] GC(2050) Metaspace: 19075K(19264K)->19075K(19264K) NonClass: 16409K(16512K)->16409K(16512K) Class: 2665K(2752K)->2665K(2752K)
[614.296s][info][gc             ] GC(2050) Pause Young (Allocation Failure) 650M->578M(866M) 29.541ms
[614.296s][info][gc,cpu         ] GC(2050) User=0.06s Sys=0.00s Real=0.03s
[614.433s][info][gc,start       ] GC(2051) Pause Young (Allocation Failure)
[614.479s][info][gc,heap        ] GC(2051) PSYoungGen: 155728K(219648K)->73408K(215552K) Eden: 114688K(114688K)->0K(111616K) From: 41040K(104960K)->73408K(103936K)
[614.479s][info][gc,heap        ] GC(2051) ParOldGen: 551293K(667648K)->551293K(667648K)
[614.479s][info][gc,metaspace   ] GC(2051) Metaspace: 19075K(19264K)->19075K(19264K) NonClass: 16409K(16512K)->16409K(16512K) Class: 2665K(2752K)->2665K(2752K)
[614.479s][info][gc             ] GC(2051) Pause Young (Allocation Failure) 690M->610M(862M) 46.415ms
[614.479s][info][gc,cpu         ] GC(2051) User=0.09s Sys=0.00s Real=0.04s
[614.600s][info][gc,start       ] GC(2052) Pause Young (Allocation Failure)
[614.646s][info][gc,heap        ] GC(2052) PSYoungGen: 185024K(215552K)->75888K(222720K) Eden: 111616K(111616K)->0K(111616K) From: 73408K(103936K)->75888K(111104K)
[614.646s][info][gc,heap        ] GC(2052) ParOldGen: 551293K(667648K)->551782K(667648K)
[614.646s][info][gc,metaspace   ] GC(2052) Metaspace: 19075K(19264K)->19075K(19264K) NonClass: 16409K(16512K)->16409K(16512K) Class: 2665K(2752K)->2665K(2752K)
[614.646s][info][gc             ] GC(2052) Pause Young (Allocation Failure) 719M->612M(869M) 46.117ms
[614.646s][info][gc,cpu         ] GC(2052) User=0.09s Sys=0.01s Real=0.05s
[614.819s][info][gc,start       ] GC(2053) Pause Young (Allocation Failure)
[614.912s][info][gc,heap        ] GC(2053) PSYoungGen: 187504K(222720K)->33088K(222720K) Eden: 111616K(111616K)->0K(111616K) From: 75888K(111104K)->33088K(111104K)
[614.912s][info][gc,heap        ] GC(2053) ParOldGen: 551782K(667648K)->625562K(667648K)
[614.912s][info][gc,metaspace   ] GC(2053) Metaspace: 19075K(19264K)->19075K(19264K) NonClass: 16409K(16512K)->16409K(16512K) Class: 2665K(2752K)->2665K(2752K)
[614.912s][info][gc             ] GC(2053) Pause Young (Allocation Failure) 721M->643M(869M) 92.514ms
[614.912s][info][gc,cpu         ] GC(2053) User=0.18s Sys=0.00s Real=0.10s
[615.046s][info][gc,start       ] GC(2054) Pause Full (Allocation Failure)
[615.046s][info][gc,phases,start] GC(2054) Marking Phase
[615.513s][info][gc,phases      ] GC(2054) Marking Phase 467.035ms
[615.513s][info][gc,phases,start] GC(2054) Summary Phase
[615.513s][info][gc,phases      ] GC(2054) Summary Phase 0.027ms
[615.513s][info][gc,phases,start] GC(2054) Forward
[615.617s][info][gc,phases      ] GC(2054) Forward 104.102ms
[615.617s][info][gc,phases,start] GC(2054) Adjust Pointers
[615.970s][info][gc,phases      ] GC(2054) Adjust Pointers 352.284ms
[615.970s][info][gc,phases,start] GC(2054) Compaction Phase
[616.171s][info][gc,phases      ] GC(2054) Compaction Phase 201.245ms
[616.181s][info][gc,phases,start] GC(2054) Post Compact
[616.183s][info][gc,phases      ] GC(2054) Post Compact 2.275ms
[616.183s][info][gc,heap        ] GC(2054) PSYoungGen: 144704K(222720K)->0K(222720K) Eden: 111616K(111616K)->0K(111616K) From: 33088K(111104K)->0K(111104K)
[616.183s][info][gc,heap        ] GC(2054) ParOldGen: 625562K(667648K)->655191K(667648K)
[616.184s][info][gc,metaspace   ] GC(2054) Metaspace: 19075K(19264K)->19075K(19264K) NonClass: 16409K(16512K)->16409K(16512K) Class: 2665K(2752K)->2665K(2752K)
[616.184s][info][gc             ] GC(2054) Pause Full (Allocation Failure) 752M->639M(869M) 1137.476ms
[616.184s][info][gc,cpu         ] GC(2054) User=2.23s Sys=0.00s Real=1.14s
[616.300s][info][gc,start       ] GC(2055) Pause Full (Allocation Failure)
[616.300s][info][gc,phases,start] GC(2055) Marking Phase
[616.781s][info][gc,phases      ] GC(2055) Marking Phase 481.004ms
[616.781s][info][gc,phases,start] GC(2055) Summary Phase
[616.781s][info][gc,phases      ] GC(2055) Summary Phase 0.023ms
[616.781s][info][gc,phases,start] GC(2055) Forward
[616.786s][info][gc,phases      ] GC(2055) Forward 4.465ms
[616.786s][info][gc,phases,start] GC(2055) Adjust Pointers
[617.105s][info][gc,phases      ] GC(2055) Adjust Pointers 318.867ms
[617.105s][info][gc,phases,start] GC(2055) Compaction Phase
[617.243s][info][gc,phases      ] GC(2055) Compaction Phase 137.844ms
[617.243s][info][gc,phases,start] GC(2055) Post Compact
[617.245s][info][gc,phases      ] GC(2055) Post Compact 2.161ms
[617.245s][info][gc,heap        ] GC(2055) PSYoungGen: 111616K(222720K)->0K(222720K) Eden: 111616K(111616K)->0K(111616K) From: 0K(111104K)->0K(111104K)
[617.245s][info][gc,heap        ] GC(2055) ParOldGen: 655191K(667648K)->664151K(667648K)
[617.245s][info][gc,metaspace   ] GC(2055) Metaspace: 19075K(19264K)->19075K(19264K) NonClass: 16409K(16512K)->16409K(16512K) Class: 2665K(2752K)->2665K(2752K)
[617.245s][info][gc             ] GC(2055) Pause Full (Allocation Failure) 748M->648M(869M) 944.753ms
[617.245s][info][gc,cpu         ] GC(2055) User=1.85s Sys=0.00s Real=0.94s
[617.354s][info][gc,start       ] GC(2056) Pause Full (Allocation Failure)
[617.354s][info][gc,phases,start] GC(2056) Marking Phase
[617.830s][info][gc,phases      ] GC(2056) Marking Phase 475.408ms
[617.830s][info][gc,phases,start] GC(2056) Summary Phase
[617.830s][info][gc,phases      ] GC(2056) Summary Phase 0.025ms
[617.830s][info][gc,phases,start] GC(2056) Forward
[617.830s][info][gc,phases      ] GC(2056) Forward 0.631ms
[617.830s][info][gc,phases,start] GC(2056) Adjust Pointers
[618.146s][info][gc,phases      ] GC(2056) Adjust Pointers 316.017ms
[618.146s][info][gc,phases,start] GC(2056) Compaction Phase
[618.297s][info][gc,phases      ] GC(2056) Compaction Phase 150.132ms
[618.297s][info][gc,phases,start] GC(2056) Post Compact
[618.299s][info][gc,phases      ] GC(2056) Post Compact 2.218ms
[618.299s][info][gc,heap        ] GC(2056) PSYoungGen: 111616K(222720K)->0K(222720K) Eden: 111616K(111616K)->0K(111616K) From: 0K(111104K)->0K(111104K)
[618.299s][info][gc,heap        ] GC(2056) ParOldGen: 664151K(667648K)->664774K(667648K)
[618.299s][info][gc,metaspace   ] GC(2056) Metaspace: 19075K(19264K)->19075K(19264K) NonClass: 16409K(16512K)->16409K(16512K) Class: 2665K(2752K)->2665K(2752K)
[618.299s][info][gc             ] GC(2056) Pause Full (Allocation Failure) 757M->649M(869M) 944.815ms
[618.299s][info][gc,cpu         ] GC(2056) User=1.84s Sys=0.00s Real=0.94s
[618.430s][info][gc,start       ] GC(2057) Pause Full (Allocation Failure)
[618.430s][info][gc,phases,start] GC(2057) Marking Phase
[618.907s][info][gc,phases      ] GC(2057) Marking Phase 476.374ms
[618.907s][info][gc,phases,start] GC(2057) Summary Phase
[618.907s][info][gc,phases      ] GC(2057) Summary Phase 0.023ms
[618.907s][info][gc,phases,start] GC(2057) Forward
[618.910s][info][gc,phases      ] GC(2057) Forward 3.119ms
[618.910s][info][gc,phases,start] GC(2057) Adjust Pointers
[619.229s][info][gc,phases      ] GC(2057) Adjust Pointers 318.436ms
[619.229s][info][gc,phases,start] GC(2057) Compaction Phase
[619.369s][info][gc,phases      ] GC(2057) Compaction Phase 140.059ms
[619.369s][info][gc,phases,start] GC(2057) Post Compact
[619.371s][info][gc,phases      ] GC(2057) Post Compact 2.183ms
[619.371s][info][gc,heap        ] GC(2057) PSYoungGen: 111616K(222720K)->1154K(222720K) Eden: 111616K(111616K)->1154K(111616K) From: 0K(111104K)->0K(111104K)
[619.371s][info][gc,heap        ] GC(2057) ParOldGen: 664774K(667648K)->667637K(667648K)
[619.371s][info][gc,metaspace   ] GC(2057) Metaspace: 19075K(19264K)->19075K(19264K) NonClass: 16409K(16512K)->16409K(16512K) Class: 2665K(2752K)->2665K(2752K)
[619.371s][info][gc             ] GC(2057) Pause Full (Allocation Failure) 758M->653M(869M) 940.601ms
[619.371s][info][gc,cpu         ] GC(2057) User=1.84s Sys=0.00s Real=0.94s
[619.501s][info][gc,start       ] GC(2058) Pause Full (Allocation Failure)
[619.501s][info][gc,phases,start] GC(2058) Marking Phase
[619.980s][info][gc,phases      ] GC(2058) Marking Phase 478.464ms
[619.980s][info][gc,phases,start] GC(2058) Summary Phase
[619.980s][info][gc,phases      ] GC(2058) Summary Phase 0.024ms
[619.980s][info][gc,phases,start] GC(2058) Forward
[619.981s][info][gc,phases      ] GC(2058) Forward 1.144ms
[619.981s][info][gc,phases,start] GC(2058) Adjust Pointers
[620.301s][info][gc,phases      ] GC(2058) Adjust Pointers 320.027ms
[620.301s][info][gc,phases,start] GC(2058) Compaction Phase
[620.441s][info][gc,phases      ] GC(2058) Compaction Phase 140.337ms
[620.441s][info][gc,phases,start] GC(2058) Post Compact
[620.444s][info][gc,phases      ] GC(2058) Post Compact 2.189ms
[620.444s][info][gc,heap        ] GC(2058) PSYoungGen: 111616K(222720K)->1169K(222720K) Eden: 111616K(111616K)->1169K(111616K) From: 0K(111104K)->0K(111104K)
[620.444s][info][gc,heap        ] GC(2058) ParOldGen: 667637K(667648K)->667637K(667648K)
[620.444s][info][gc,metaspace   ] GC(2058) Metaspace: 19075K(19264K)->19075K(19264K) NonClass: 16409K(16512K)->16409K(16512K) Class: 2665K(2752K)->2665K(2752K)
[620.444s][info][gc             ] GC(2058) Pause Full (Allocation Failure) 760M->653M(869M) 942.561ms
[620.444s][info][gc,cpu         ] GC(2058) User=1.85s Sys=0.00s Real=0.94s
[620.639s][info][gc,start       ] GC(2059) Pause Full (Allocation Failure)
[620.639s][info][gc,phases,start] GC(2059) Marking Phase
[621.023s][info][gc,phases      ] GC(2059) Marking Phase 383.431ms
[621.023s][info][gc,phases,start] GC(2059) Summary Phase
[621.023s][info][gc,phases      ] GC(2059) Summary Phase 0.034ms
[621.023s][info][gc,phases,start] GC(2059) Forward
[621.164s][info][gc,phases      ] GC(2059) Forward 141.312ms
[621.164s][info][gc,phases,start] GC(2059) Adjust Pointers
[621.459s][info][gc,phases      ] GC(2059) Adjust Pointers 294.226ms
[621.459s][info][gc,phases,start] GC(2059) Compaction Phase
[621.640s][info][gc,phases      ] GC(2059) Compaction Phase 181.816ms
[621.651s][info][gc,phases,start] GC(2059) Post Compact
[621.654s][info][gc,phases      ] GC(2059) Post Compact 2.269ms
[621.654s][info][gc,heap        ] GC(2059) PSYoungGen: 111616K(222720K)->0K(222720K) Eden: 111616K(111616K)->0K(111616K) From: 0K(111104K)->0K(111104K)
[621.654s][info][gc,heap        ] GC(2059) ParOldGen: 667637K(667648K)->531366K(667648K)
[621.654s][info][gc,metaspace   ] GC(2059) Metaspace: 19075K(19264K)->19075K(19264K) NonClass: 16409K(16512K)->16409K(16512K) Class: 2665K(2752K)->2665K(2752K)
[621.654s][info][gc             ] GC(2059) Pause Full (Allocation Failure) 760M->518M(869M) 1014.504ms
[621.654s][info][gc,cpu         ] GC(2059) User=1.92s Sys=0.00s Real=1.02s
[621.827s][info][gc,start       ] GC(2060) Pause Young (Allocation Failure)
[621.841s][info][gc,heap        ] GC(2060) PSYoungGen: 111616K(222720K)->10496K(122368K) Eden: 111616K(111616K)->0K(111616K) From: 0K(111104K)->10496K(10752K)
[621.841s][info][gc,heap        ] GC(2060) ParOldGen: 531366K(667648K)->531366K(667648K)
[621.841s][info][gc,metaspace   ] GC(2060) Metaspace: 19075K(19264K)->19075K(19264K) NonClass: 16409K(16512K)->16409K(16512K) Class: 2665K(2752K)->2665K(2752K)
[621.841s][info][gc             ] GC(2060) Pause Young (Allocation Failure) 627M->529M(771M) 13.542ms
[621.841s][info][gc,cpu         ] GC(2060) User=0.03s Sys=0.01s Real=0.02s
[622.090s][info][gc,start       ] GC(2061) Pause Young (Allocation Failure)
[622.113s][info][gc,heap        ] GC(2061) PSYoungGen: 122112K(122368K)->22635K(216576K) Eden: 111616K(111616K)->0K(115712K) From: 10496K(10752K)->22635K(100864K)
[622.113s][info][gc,heap        ] GC(2061) ParOldGen: 531366K(667648K)->531366K(667648K)
[622.113s][info][gc,metaspace   ] GC(2061) Metaspace: 19075K(19264K)->19075K(19264K) NonClass: 16409K(16512K)->16409K(16512K) Class: 2665K(2752K)->2665K(2752K)
[622.113s][info][gc             ] GC(2061) Pause Young (Allocation Failure) 638M->541M(863M) 22.708ms
[622.113s][info][gc,cpu         ] GC(2061) User=0.04s Sys=0.00s Real=0.03s
[622.252s][info][gc,start       ] GC(2062) Pause Young (Allocation Failure)
[622.269s][info][gc,heap        ] GC(2062) PSYoungGen: 138347K(216576K)->15211K(131072K) Eden: 115712K(115712K)->0K(115712K) From: 22635K(100864K)->15211K(15360K)
[622.269s][info][gc,heap        ] GC(2062) ParOldGen: 531366K(667648K)->531366K(667648K)
[622.269s][info][gc,metaspace   ] GC(2062) Metaspace: 19075K(19264K)->19075K(19264K) NonClass: 16409K(16512K)->16409K(16512K) Class: 2665K(2752K)->2665K(2752K)
[622.269s][info][gc             ] GC(2062) Pause Young (Allocation Failure) 654M->533M(780M) 16.530ms
[622.269s][info][gc,cpu         ] GC(2062) User=0.03s Sys=0.00s Real=0.01s
[622.388s][info][gc,start       ] GC(2063) Pause Young (Allocation Failure)
[622.422s][info][gc,heap        ] GC(2063) PSYoungGen: 130923K(131072K)->38795K(212480K) Eden: 115712K(115712K)->0K(119808K) From: 15211K(15360K)->38795K(92672K)
[622.422s][info][gc,heap        ] GC(2063) ParOldGen: 531366K(667648K)->531366K(667648K)
[622.422s][info][gc,metaspace   ] GC(2063) Metaspace: 19075K(19264K)->19075K(19264K) NonClass: 16409K(16512K)->16409K(16512K) Class: 2665K(2752K)->2665K(2752K)
[622.422s][info][gc             ] GC(2063) Pause Young (Allocation Failure) 646M->556M(859M) 33.762ms
[622.422s][info][gc,cpu         ] GC(2063) User=0.07s Sys=0.00s Real=0.04s
[622.557s][info][gc,start       ] GC(2064) Pause Young (Allocation Failure)
[622.600s][info][gc,heap        ] GC(2064) PSYoungGen: 158603K(212480K)->46939K(215552K) Eden: 119808K(119808K)->0K(119808K) From: 38795K(92672K)->46939K(95744K)
[622.600s][info][gc,heap        ] GC(2064) ParOldGen: 531366K(667648K)->531366K(667648K)
[622.600s][info][gc,metaspace   ] GC(2064) Metaspace: 19075K(19264K)->19075K(19264K) NonClass: 16409K(16512K)->16409K(16512K) Class: 2665K(2752K)->2665K(2752K)
[622.600s][info][gc             ] GC(2064) Pause Young (Allocation Failure) 673M->564M(862M) 43.098ms
[622.600s][info][gc,cpu         ] GC(2064) User=0.08s Sys=0.00s Real=0.05s
[622.722s][info][gc,start       ] GC(2065) Pause Young (Allocation Failure)
[622.769s][info][gc,heap        ] GC(2065) PSYoungGen: 166747K(215552K)->50859K(219136K) Eden: 119808K(119808K)->0K(123904K) From: 46939K(95744K)->50859K(95232K)
[622.769s][info][gc,heap        ] GC(2065) ParOldGen: 531366K(667648K)->531366K(667648K)
[622.769s][info][gc,metaspace   ] GC(2065) Metaspace: 19075K(19264K)->19075K(19264K) NonClass: 16409K(16512K)->16409K(16512K) Class: 2665K(2752K)->2665K(2752K)
[622.769s][info][gc             ] GC(2065) Pause Young (Allocation Failure) 681M->568M(866M) 47.012ms
[622.769s][info][gc,cpu         ] GC(2065) User=0.10s Sys=0.00s Real=0.04s
[623.029s][info][gc,start       ] GC(2066) Pause Young (Allocation Failure)
[623.077s][info][gc,heap        ] GC(2066) PSYoungGen: 174763K(219136K)->51771K(220160K) Eden: 123904K(123904K)->0K(123904K) From: 50859K(95232K)->51771K(96256K)
[623.077s][info][gc,heap        ] GC(2066) ParOldGen: 531366K(667648K)->531366K(667648K)
[623.077s][info][gc,metaspace   ] GC(2066) Metaspace: 19075K(19264K)->19075K(19264K) NonClass: 16409K(16512K)->16409K(16512K) Class: 2665K(2752K)->2665K(2752K)
[623.077s][info][gc             ] GC(2066) Pause Young (Allocation Failure) 689M->569M(867M) 47.468ms
[623.077s][info][gc,cpu         ] GC(2066) User=0.10s Sys=0.00s Real=0.05s
[623.258s][info][gc,start       ] GC(2067) Pause Young (Allocation Failure)
[623.318s][info][gc,heap        ] GC(2067) PSYoungGen: 175675K(220160K)->64619K(220672K) Eden: 123904K(123904K)->0K(123904K) From: 51771K(96256K)->64619K(96768K)
[623.318s][info][gc,heap        ] GC(2067) ParOldGen: 531366K(667648K)->531366K(667648K)
[623.318s][info][gc,metaspace   ] GC(2067) Metaspace: 19075K(19264K)->19075K(19264K) NonClass: 16409K(16512K)->16409K(16512K) Class: 2665K(2752K)->2665K(2752K)
[623.318s][info][gc             ] GC(2067) Pause Young (Allocation Failure) 690M->582M(867M) 60.166ms
[623.318s][info][gc,cpu         ] GC(2067) User=0.11s Sys=0.00s Real=0.06s
[623.484s][info][gc,start       ] GC(2068) Pause Young (Allocation Failure)
[623.512s][info][gc,heap        ] GC(2068) PSYoungGen: 188523K(220672K)->30155K(225792K) Eden: 123904K(123904K)->0K(123904K) From: 64619K(96768K)->30155K(101888K)
[623.512s][info][gc,heap        ] GC(2068) ParOldGen: 531366K(667648K)->531366K(667648K)
[623.512s][info][gc,metaspace   ] GC(2068) Metaspace: 19075K(19264K)->19075K(19264K) NonClass: 16409K(16512K)->16409K(16512K) Class: 2665K(2752K)->2665K(2752K)
[623.512s][info][gc             ] GC(2068) Pause Young (Allocation Failure) 703M->548M(872M) 28.048ms
[623.512s][info][gc,cpu         ] GC(2068) User=0.06s Sys=0.00s Real=0.03s
[623.581s][info][gc,start       ] GC(2069) Pause Young (Allocation Failure)
[623.640s][info][gc,heap        ] GC(2069) PSYoungGen: 154059K(225792K)->75419K(217600K) Eden: 123904K(123904K)->0K(120832K) From: 30155K(101888K)->75419K(96768K)
[623.640s][info][gc,heap        ] GC(2069) ParOldGen: 531366K(667648K)->531366K(667648K)
[623.640s][info][gc,metaspace   ] GC(2069) Metaspace: 19075K(19264K)->19075K(19264K) NonClass: 16409K(16512K)->16409K(16512K) Class: 2665K(2752K)->2665K(2752K)
[623.640s][info][gc             ] GC(2069) Pause Young (Allocation Failure) 669M->592M(864M) 59.070ms
[623.640s][info][gc,cpu         ] GC(2069) User=0.12s Sys=0.00s Real=0.06s
[623.817s][info][gc,start       ] GC(2070) Pause Young (Allocation Failure)
[623.889s][info][gc,heap        ] GC(2070) PSYoungGen: 196251K(217600K)->103180K(224256K) Eden: 120832K(120832K)->0K(120832K) From: 75419K(96768K)->103180K(103424K)
[623.889s][info][gc,heap        ] GC(2070) ParOldGen: 531366K(667648K)->531366K(667648K)
[623.889s][info][gc,metaspace   ] GC(2070) Metaspace: 19075K(19264K)->19075K(19264K) NonClass: 16409K(16512K)->16409K(16512K) Class: 2665K(2752K)->2665K(2752K)
[623.889s][info][gc             ] GC(2070) Pause Young (Allocation Failure) 710M->619M(871M) 72.683ms
[623.889s][info][gc,cpu         ] GC(2070) User=0.15s Sys=0.00s Real=0.07s
[624.027s][info][gc,start       ] GC(2071) Pause Young (Allocation Failure)
[624.088s][info][gc,heap        ] GC(2071) PSYoungGen: 224012K(224256K)->76224K(221184K) Eden: 120832K(120832K)->0K(111616K) From: 103180K(103424K)->76224K(109568K)
[624.088s][info][gc,heap        ] GC(2071) ParOldGen: 531366K(667648K)->546194K(667648K)
[624.088s][info][gc,metaspace   ] GC(2071) Metaspace: 19075K(19264K)->19075K(19264K) NonClass: 16409K(16512K)->16409K(16512K) Class: 2665K(2752K)->2665K(2752K)
[624.088s][info][gc             ] GC(2071) Pause Young (Allocation Failure) 737M->607M(868M) 61.280ms
[624.088s][info][gc,cpu         ] GC(2071) User=0.12s Sys=0.00s Real=0.06s
[624.240s][info][gc,start       ] GC(2072) Pause Young (Allocation Failure)
[624.332s][info][gc,heap        ] GC(2072) PSYoungGen: 187840K(221184K)->107664K(222720K) Eden: 111616K(111616K)->0K(111616K) From: 76224K(109568K)->107664K(111104K)
[624.332s][info][gc,heap        ] GC(2072) ParOldGen: 546194K(667648K)->546330K(667648K)
[624.332s][info][gc,metaspace   ] GC(2072) Metaspace: 19075K(19264K)->19075K(19264K) NonClass: 16409K(16512K)->16409K(16512K) Class: 2665K(2752K)->2665K(2752K)
[624.333s][info][gc             ] GC(2072) Pause Young (Allocation Failure) 716M->638M(869M) 92.153ms
[624.333s][info][gc,cpu         ] GC(2072) User=0.19s Sys=0.00s Real=0.09s
[624.467s][info][gc,start       ] GC(2073) Pause Young (Allocation Failure)
[624.601s][info][gc,heap        ] GC(2073) PSYoungGen: 219280K(222720K)->111088K(222720K) Eden: 111616K(111616K)->0K(111616K) From: 107664K(111104K)->111088K(111104K)
[624.601s][info][gc,heap        ] GC(2073) ParOldGen: 546330K(667648K)->563106K(667648K)
[624.601s][info][gc,metaspace   ] GC(2073) Metaspace: 19075K(19264K)->19075K(19264K) NonClass: 16409K(16512K)->16409K(16512K) Class: 2665K(2752K)->2665K(2752K)
[624.601s][info][gc             ] GC(2073) Pause Young (Allocation Failure) 747M->658M(869M) 134.186ms
[624.601s][info][gc,cpu         ] GC(2073) User=0.25s Sys=0.02s Real=0.14s
[624.698s][info][gc,start       ] GC(2074) Pause Young (Allocation Failure)
[624.817s][info][gc,heap        ] GC(2074) PSYoungGen: 222704K(222720K)->111088K(222720K) Eden: 111616K(111616K)->0K(111616K) From: 111088K(111104K)->111088K(111104K)
[624.817s][info][gc,heap        ] GC(2074) ParOldGen: 563106K(667648K)->567098K(667648K)
[624.817s][info][gc,metaspace   ] GC(2074) Metaspace: 19075K(19264K)->19075K(19264K) NonClass: 16409K(16512K)->16409K(16512K) Class: 2665K(2752K)->2665K(2752K)
[624.817s][info][gc             ] GC(2074) Pause Young (Allocation Failure) 767M->662M(869M) 119.522ms
[624.817s][info][gc,cpu         ] GC(2074) User=0.24s Sys=0.00s Real=0.12s
[624.941s][info][gc,start       ] GC(2075) Pause Young (Allocation Failure)
[625.052s][info][gc,heap        ] GC(2075) PSYoungGen: 222704K(222720K)->66608K(222720K) Eden: 111616K(111616K)->0K(111616K) From: 111088K(111104K)->66608K(111104K)
[625.052s][info][gc,heap        ] GC(2075) ParOldGen: 567098K(667648K)->612994K(667648K)
[625.052s][info][gc,metaspace   ] GC(2075) Metaspace: 19075K(19264K)->19075K(19264K) NonClass: 16409K(16512K)->16409K(16512K) Class: 2665K(2752K)->2665K(2752K)
[625.052s][info][gc             ] GC(2075) Pause Young (Allocation Failure) 771M->663M(869M) 110.597ms
[625.052s][info][gc,cpu         ] GC(2075) User=0.22s Sys=0.00s Real=0.11s
[625.169s][info][gc,start       ] GC(2076) Pause Young (Allocation Failure)
[625.247s][info][gc,heap        ] GC(2076) PSYoungGen: 178224K(222720K)->40064K(222720K) Eden: 111616K(111616K)->0K(111616K) From: 66608K(111104K)->40064K(111104K)
[625.247s][info][gc,heap        ] GC(2076) ParOldGen: 612994K(667648K)->643702K(667648K)
[625.247s][info][gc,metaspace   ] GC(2076) Metaspace: 19075K(19264K)->19075K(19264K) NonClass: 16409K(16512K)->16409K(16512K) Class: 2665K(2752K)->2665K(2752K)
[625.247s][info][gc             ] GC(2076) Pause Young (Allocation Failure) 772M->667M(869M) 78.493ms
[625.247s][info][gc,cpu         ] GC(2076) User=0.15s Sys=0.00s Real=0.08s
[625.400s][info][gc,start       ] GC(2077) Pause Full (Allocation Failure)
[625.400s][info][gc,phases,start] GC(2077) Marking Phase
[625.654s][info][gc,phases      ] GC(2077) Marking Phase 253.809ms
[625.654s][info][gc,phases,start] GC(2077) Summary Phase
[625.654s][info][gc,phases      ] GC(2077) Summary Phase 0.028ms
[625.654s][info][gc,phases,start] GC(2077) Forward
[625.778s][info][gc,phases      ] GC(2077) Forward 124.529ms
[625.779s][info][gc,phases,start] GC(2077) Adjust Pointers
[625.974s][info][gc,phases      ] GC(2077) Adjust Pointers 194.997ms
[625.974s][info][gc,phases,start] GC(2077) Compaction Phase
[626.083s][info][gc,phases      ] GC(2077) Compaction Phase 109.219ms
[626.094s][info][gc,phases,start] GC(2077) Post Compact
[626.097s][info][gc,phases      ] GC(2077) Post Compact 2.251ms
[626.097s][info][gc,heap        ] GC(2077) PSYoungGen: 151680K(222720K)->0K(222720K) Eden: 111616K(111616K)->0K(111616K) From: 40064K(111104K)->0K(111104K)
[626.097s][info][gc,heap        ] GC(2077) ParOldGen: 643702K(667648K)->362030K(667648K)
[626.097s][info][gc,metaspace   ] GC(2077) Metaspace: 19075K(19264K)->19075K(19264K) NonClass: 16409K(16512K)->16409K(16512K) Class: 2665K(2752K)->2665K(2752K)
[626.097s][info][gc             ] GC(2077) Pause Full (Allocation Failure) 776M->353M(869M) 696.772ms
[626.097s][info][gc,cpu         ] GC(2077) User=1.24s Sys=0.00s Real=0.69s
[626.281s][info][gc,start       ] GC(2078) Pause Young (Allocation Failure)
[626.303s][info][gc,heap        ] GC(2078) PSYoungGen: 111616K(222720K)->16928K(222720K) Eden: 111616K(111616K)->0K(111616K) From: 0K(111104K)->16928K(111104K)
[626.303s][info][gc,heap        ] GC(2078) ParOldGen: 362030K(667648K)->362030K(667648K)
[626.303s][info][gc,metaspace   ] GC(2078) Metaspace: 19075K(19264K)->19075K(19264K) NonClass: 16409K(16512K)->16409K(16512K) Class: 2665K(2752K)->2665K(2752K)
[626.303s][info][gc             ] GC(2078) Pause Young (Allocation Failure) 462M->370M(869M) 22.241ms
[626.303s][info][gc,cpu         ] GC(2078) User=0.04s Sys=0.00s Real=0.02s
[626.508s][info][gc,start       ] GC(2079) Pause Young (Allocation Failure)
[626.535s][info][gc,heap        ] GC(2079) PSYoungGen: 128544K(222720K)->28176K(222720K) Eden: 111616K(111616K)->0K(111616K) From: 16928K(111104K)->28176K(111104K)
[626.535s][info][gc,heap        ] GC(2079) ParOldGen: 362030K(667648K)->362030K(667648K)
[626.535s][info][gc,metaspace   ] GC(2079) Metaspace: 19075K(19264K)->19075K(19264K) NonClass: 16409K(16512K)->16409K(16512K) Class: 2665K(2752K)->2665K(2752K)
[626.535s][info][gc             ] GC(2079) Pause Young (Allocation Failure) 479M->381M(869M) 26.556ms
[626.535s][info][gc,cpu         ] GC(2079) User=0.05s Sys=0.00s Real=0.03s
[626.667s][info][gc,start       ] GC(2080) Pause Young (Allocation Failure)
[626.713s][info][gc,heap        ] GC(2080) PSYoungGen: 139792K(222720K)->41728K(222720K) Eden: 111616K(111616K)->0K(111616K) From: 28176K(111104K)->41728K(111104K)
[626.713s][info][gc,heap        ] GC(2080) ParOldGen: 362030K(667648K)->378958K(667648K)
[626.713s][info][gc,metaspace   ] GC(2080) Metaspace: 19075K(19264K)->19075K(19264K) NonClass: 16409K(16512K)->16409K(16512K) Class: 2665K(2752K)->2665K(2752K)
[626.713s][info][gc             ] GC(2080) Pause Young (Allocation Failure) 490M->410M(869M) 46.245ms
[626.714s][info][gc,cpu         ] GC(2080) User=0.10s Sys=0.00s Real=0.05s
[626.861s][info][gc,start       ] GC(2081) Pause Young (Allocation Failure)
[626.905s][info][gc,heap        ] GC(2081) PSYoungGen: 153344K(222720K)->10560K(222720K) Eden: 111616K(111616K)->0K(111616K) From: 41728K(111104K)->10560K(111104K)
[626.905s][info][gc,heap        ] GC(2081) ParOldGen: 378958K(667648K)->421078K(667648K)
[626.905s][info][gc,metaspace   ] GC(2081) Metaspace: 19075K(19264K)->19075K(19264K) NonClass: 16409K(16512K)->16409K(16512K) Class: 2665K(2752K)->2665K(2752K)
[626.905s][info][gc             ] GC(2081) Pause Young (Allocation Failure) 519M->421M(869M) 43.935ms
[626.905s][info][gc,cpu         ] GC(2081) User=0.09s Sys=0.00s Real=0.04s
[627.087s][info][gc,start       ] GC(2082) Pause Young (Allocation Failure)
[627.103s][info][gc,heap        ] GC(2082) PSYoungGen: 122176K(222720K)->64K(222720K) Eden: 111616K(111616K)->0K(111616K) From: 10560K(111104K)->64K(111104K)
[627.103s][info][gc,heap        ] GC(2082) ParOldGen: 421078K(667648K)->431431K(667648K)
[627.103s][info][gc,metaspace   ] GC(2082) Metaspace: 19075K(19264K)->19075K(19264K) NonClass: 16409K(16512K)->16409K(16512K) Class: 2665K(2752K)->2665K(2752K)
[627.103s][info][gc             ] GC(2082) Pause Young (Allocation Failure) 530M->421M(869M) 15.833ms
[627.103s][info][gc,cpu         ] GC(2082) User=0.03s Sys=0.00s Real=0.02s
[627.248s][info][gc,start       ] GC(2083) Pause Young (Allocation Failure)
[627.268s][info][gc,heap        ] GC(2083) PSYoungGen: 111680K(222720K)->18560K(222720K) Eden: 111616K(111616K)->0K(111616K) From: 64K(111104K)->18560K(111104K)
[627.268s][info][gc,heap        ] GC(2083) ParOldGen: 431431K(667648K)->431447K(667648K)
[627.268s][info][gc,metaspace   ] GC(2083) Metaspace: 19075K(19264K)->19075K(19264K) NonClass: 16409K(16512K)->16409K(16512K) Class: 2665K(2752K)->2665K(2752K)
[627.268s][info][gc             ] GC(2083) Pause Young (Allocation Failure) 530M->439M(869M) 20.009ms
[627.268s][info][gc,cpu         ] GC(2083) User=0.04s Sys=0.00s Real=0.02s
[627.371s][info][gc,start       ] GC(2084) Pause Young (Allocation Failure)
[627.394s][info][gc,heap        ] GC(2084) PSYoungGen: 130176K(222720K)->3168K(222720K) Eden: 111616K(111616K)->0K(111616K) From: 18560K(111104K)->3168K(111104K)
[627.394s][info][gc,heap        ] GC(2084) ParOldGen: 431447K(667648K)->450015K(667648K)
[627.394s][info][gc,metaspace   ] GC(2084) Metaspace: 19075K(19264K)->19075K(19264K) NonClass: 16409K(16512K)->16409K(16512K) Class: 2665K(2752K)->2665K(2752K)
[627.394s][info][gc             ] GC(2084) Pause Young (Allocation Failure) 548M->442M(869M) 22.862ms
[627.394s][info][gc,cpu         ] GC(2084) User=0.05s Sys=0.00s Real=0.02s
[627.519s][info][gc,start       ] GC(2085) Pause Young (Allocation Failure)
[627.529s][info][gc,heap        ] GC(2085) PSYoungGen: 114784K(222720K)->2048K(222720K) Eden: 111616K(111616K)->0K(111616K) From: 3168K(111104K)->2048K(111104K)
[627.529s][info][gc,heap        ] GC(2085) ParOldGen: 450015K(667648K)->453167K(667648K)
[627.529s][info][gc,metaspace   ] GC(2085) Metaspace: 19075K(19264K)->19075K(19264K) NonClass: 16409K(16512K)->16409K(16512K) Class: 2665K(2752K)->2665K(2752K)
[627.529s][info][gc             ] GC(2085) Pause Young (Allocation Failure) 551M->444M(869M) 10.373ms
[627.529s][info][gc,cpu         ] GC(2085) User=0.02s Sys=0.00s Real=0.01s
[627.683s][info][gc,start       ] GC(2086) Pause Young (Allocation Failure)
[627.701s][info][gc,heap        ] GC(2086) PSYoungGen: 113664K(222720K)->14528K(222720K) Eden: 111616K(111616K)->0K(111616K) From: 2048K(111104K)->14528K(111104K)
[627.701s][info][gc,heap        ] GC(2086) ParOldGen: 453167K(667648K)->455167K(667648K)
[627.701s][info][gc,metaspace   ] GC(2086) Metaspace: 19075K(19264K)->19075K(19264K) NonClass: 16409K(16512K)->16409K(16512K) Class: 2665K(2752K)->2665K(2752K)
[627.701s][info][gc             ] GC(2086) Pause Young (Allocation Failure) 553M->458M(869M) 18.204ms
[627.701s][info][gc,cpu         ] GC(2086) User=0.04s Sys=0.00s Real=0.02s
[627.972s][info][gc,start       ] GC(2087) Pause Young (Allocation Failure)
[627.987s][info][gc,heap        ] GC(2087) PSYoungGen: 126144K(222720K)->64K(222720K) Eden: 111616K(111616K)->0K(111616K) From: 14528K(111104K)->64K(111104K)
[627.987s][info][gc,heap        ] GC(2087) ParOldGen: 455167K(667648K)->469679K(667648K)
[627.987s][info][gc,metaspace   ] GC(2087) Metaspace: 19075K(19264K)->19075K(19264K) NonClass: 16409K(16512K)->16409K(16512K) Class: 2665K(2752K)->2665K(2752K)
[627.987s][info][gc             ] GC(2087) Pause Young (Allocation Failure) 567M->458M(869M) 15.278ms
[627.987s][info][gc,cpu         ] GC(2087) User=0.03s Sys=0.00s Real=0.01s
[628.210s][info][gc,start       ] GC(2088) Pause Young (Allocation Failure)
[628.212s][info][gc,heap        ] GC(2088) PSYoungGen: 111680K(222720K)->64K(222720K) Eden: 111616K(111616K)->0K(111616K) From: 64K(111104K)->64K(111104K)
[628.212s][info][gc,heap        ] GC(2088) ParOldGen: 469679K(667648K)->469740K(667648K)
[628.212s][info][gc,metaspace   ] GC(2088) Metaspace: 19075K(19264K)->19075K(19264K) NonClass: 16409K(16512K)->16409K(16512K) Class: 2665K(2752K)->2665K(2752K)
[628.212s][info][gc             ] GC(2088) Pause Young (Allocation Failure) 567M->458M(869M) 1.943ms
[628.212s][info][gc,cpu         ] GC(2088) User=0.00s Sys=0.00s Real=0.00s
[628.433s][info][gc,start       ] GC(2089) Pause Young (Allocation Failure)
[628.435s][info][gc,heap        ] GC(2089) PSYoungGen: 111680K(222720K)->64K(222720K) Eden: 111616K(111616K)->0K(111616K) From: 64K(111104K)->64K(111104K)
[628.435s][info][gc,heap        ] GC(2089) ParOldGen: 469740K(667648K)->469756K(667648K)
[628.435s][info][gc,metaspace   ] GC(2089) Metaspace: 19075K(19264K)->19075K(19264K) NonClass: 16409K(16512K)->16409K(16512K) Class: 2665K(2752K)->2665K(2752K)
[628.435s][info][gc             ] GC(2089) Pause Young (Allocation Failure) 567M->458M(869M) 1.671ms
[628.435s][info][gc,cpu         ] GC(2089) User=0.01s Sys=0.00s Real=0.00s
[628.633s][info][gc,start       ] GC(2090) Pause Young (Allocation Failure)
[628.644s][info][gc,heap        ] GC(2090) PSYoungGen: 111680K(222720K)->6976K(118784K) Eden: 111616K(111616K)->0K(111616K) From: 64K(111104K)->6976K(7168K)
[628.644s][info][gc,heap        ] GC(2090) ParOldGen: 469756K(667648K)->469772K(667648K)
[628.644s][info][gc,metaspace   ] GC(2090) Metaspace: 19075K(19264K)->19075K(19264K) NonClass: 16409K(16512K)->16409K(16512K) Class: 2665K(2752K)->2665K(2752K)
[628.644s][info][gc             ] GC(2090) Pause Young (Allocation Failure) 567M->465M(768M) 11.807ms
[628.644s][info][gc,cpu         ] GC(2090) User=0.02s Sys=0.00s Real=0.01s
[628.702s][info][gc,start       ] GC(2091) Pause Young (Allocation Failure)
[628.735s][info][gc,heap        ] GC(2091) PSYoungGen: 118592K(118784K)->47280K(217600K) Eden: 111616K(111616K)->0K(110592K) From: 6976K(7168K)->47280K(107008K)
[628.735s][info][gc,heap        ] GC(2091) ParOldGen: 469772K(667648K)->469772K(667648K)
[628.735s][info][gc,metaspace   ] GC(2091) Metaspace: 19075K(19264K)->19075K(19264K) NonClass: 16409K(16512K)->16409K(16512K) Class: 2665K(2752K)->2665K(2752K)
[628.735s][info][gc             ] GC(2091) Pause Young (Allocation Failure) 574M->504M(864M) 32.313ms
[628.735s][info][gc,cpu         ] GC(2091) User=0.06s Sys=0.00s Real=0.03s
[628.894s][info][gc,start       ] GC(2092) Pause Young (Allocation Failure)
[628.937s][info][gc,heap        ] GC(2092) PSYoungGen: 157872K(217600K)->69568K(218624K) Eden: 110592K(110592K)->0K(110592K) From: 47280K(107008K)->69568K(108032K)
[628.937s][info][gc,heap        ] GC(2092) ParOldGen: 469772K(667648K)->469772K(667648K)
[628.937s][info][gc,metaspace   ] GC(2092) Metaspace: 19075K(19264K)->19075K(19264K) NonClass: 16409K(16512K)->16409K(16512K) Class: 2665K(2752K)->2665K(2752K)
[628.937s][info][gc             ] GC(2092) Pause Young (Allocation Failure) 612M->526M(865M) 43.196ms
[628.937s][info][gc,cpu         ] GC(2092) User=0.08s Sys=0.00s Real=0.04s
[629.022s][info][gc,start       ] GC(2093) Pause Young (Allocation Failure)
[629.067s][info][gc,heap        ] GC(2093) PSYoungGen: 180160K(218624K)->24448K(223232K) Eden: 110592K(110592K)->0K(114176K) From: 69568K(108032K)->24448K(109056K)
[629.067s][info][gc,heap        ] GC(2093) ParOldGen: 469772K(667648K)->517559K(667648K)
[629.067s][info][gc,metaspace   ] GC(2093) Metaspace: 19075K(19264K)->19075K(19264K) NonClass: 16409K(16512K)->16409K(16512K) Class: 2665K(2752K)->2665K(2752K)
[629.067s][info][gc             ] GC(2093) Pause Young (Allocation Failure) 634M->529M(870M) 44.647ms
[629.067s][info][gc,cpu         ] GC(2093) User=0.09s Sys=0.00s Real=0.04s
[629.270s][info][gc,start       ] GC(2094) Pause Young (Allocation Failure)
[629.327s][info][gc,heap        ] GC(2094) PSYoungGen: 138624K(223232K)->41248K(155648K) Eden: 114176K(114176K)->0K(114176K) From: 24448K(109056K)->41248K(41472K)
[629.327s][info][gc,heap        ] GC(2094) ParOldGen: 517559K(667648K)->517559K(667648K)
[629.327s][info][gc,metaspace   ] GC(2094) Metaspace: 19075K(19264K)->19075K(19264K) NonClass: 16409K(16512K)->16409K(16512K) Class: 2665K(2752K)->2665K(2752K)
[629.327s][info][gc             ] GC(2094) Pause Young (Allocation Failure) 640M->545M(804M) 56.783ms
[629.327s][info][gc,cpu         ] GC(2094) User=0.12s Sys=0.00s Real=0.05s
[629.507s][info][gc,start       ] GC(2095) Pause Young (Allocation Failure)
[629.553s][info][gc,heap        ] GC(2095) PSYoungGen: 155424K(155648K)->41568K(222208K) Eden: 114176K(114176K)->0K(119296K) From: 41248K(41472K)->41568K(102912K)
[629.553s][info][gc,heap        ] GC(2095) ParOldGen: 517559K(667648K)->517559K(667648K)
[629.553s][info][gc,metaspace   ] GC(2095) Metaspace: 19075K(19264K)->19075K(19264K) NonClass: 16409K(16512K)->16409K(16512K) Class: 2665K(2752K)->2665K(2752K)
[629.553s][info][gc             ] GC(2095) Pause Young (Allocation Failure) 657M->546M(869M) 46.133ms
[629.553s][info][gc,cpu         ] GC(2095) User=0.09s Sys=0.00s Real=0.05s
[629.715s][info][gc,start       ] GC(2096) Pause Young (Allocation Failure)
[629.769s][info][gc,heap        ] GC(2096) PSYoungGen: 160864K(222208K)->53881K(221184K) Eden: 119296K(119296K)->0K(119296K) From: 41568K(102912K)->53881K(101888K)
[629.769s][info][gc,heap        ] GC(2096) ParOldGen: 517559K(667648K)->517559K(667648K)
[629.769s][info][gc,metaspace   ] GC(2096) Metaspace: 19075K(19264K)->19075K(19264K) NonClass: 16410K(16512K)->16410K(16512K) Class: 2665K(2752K)->2665K(2752K)
[629.769s][info][gc             ] GC(2096) Pause Young (Allocation Failure) 662M->558M(868M) 54.160ms
[629.770s][info][gc,cpu         ] GC(2096) User=0.11s Sys=0.00s Real=0.05s
[629.828s][info][gc,start       ] GC(2097) Pause Young (Allocation Failure)
[629.908s][info][gc,heap        ] GC(2097) PSYoungGen: 173177K(221184K)->93817K(214528K) Eden: 119296K(119296K)->0K(111616K) From: 53881K(101888K)->93817K(102912K)
[629.908s][info][gc,heap        ] GC(2097) ParOldGen: 517559K(667648K)->517559K(667648K)
[629.908s][info][gc,metaspace   ] GC(2097) Metaspace: 19075K(19264K)->19075K(19264K) NonClass: 16410K(16512K)->16410K(16512K) Class: 2665K(2752K)->2665K(2752K)
[629.908s][info][gc             ] GC(2097) Pause Young (Allocation Failure) 674M->597M(861M) 80.003ms
[629.908s][info][gc,cpu         ] GC(2097) User=0.16s Sys=0.00s Real=0.08s
[630.057s][info][gc,start       ] GC(2098) Pause Young (Allocation Failure)
[630.145s][info][gc,heap        ] GC(2098) PSYoungGen: 205433K(214528K)->86681K(222720K) Eden: 111616K(111616K)->0K(111616K) From: 93817K(102912K)->86681K(111104K)
[630.145s][info][gc,heap        ] GC(2098) ParOldGen: 517559K(667648K)->542190K(667648K)
[630.145s][info][gc,metaspace   ] GC(2098) Metaspace: 19075K(19264K)->19075K(19264K) NonClass: 16410K(16512K)->16410K(16512K) Class: 2665K(2752K)->2665K(2752K)
[630.145s][info][gc             ] GC(2098) Pause Young (Allocation Failure) 706M->614M(869M) 88.090ms
[630.145s][info][gc,cpu         ] GC(2098) User=0.17s Sys=0.00s Real=0.09s
[630.226s][info][gc,start       ] GC(2099) Pause Young (Allocation Failure)
[630.294s][info][gc,heap        ] GC(2099) PSYoungGen: 198297K(222720K)->71577K(222720K) Eden: 111616K(111616K)->0K(111616K) From: 86681K(111104K)->71577K(111104K)
[630.294s][info][gc,heap        ] GC(2099) ParOldGen: 542190K(667648K)->559318K(667648K)
[630.294s][info][gc,metaspace   ] GC(2099) Metaspace: 19075K(19264K)->19075K(19264K) NonClass: 16410K(16512K)->16410K(16512K) Class: 2665K(2752K)->2665K(2752K)
[630.294s][info][gc             ] GC(2099) Pause Young (Allocation Failure) 723M->616M(869M) 68.489ms
[630.294s][info][gc,cpu         ] GC(2099) User=0.13s Sys=0.00s Real=0.07s
[630.446s][info][gc,start       ] GC(2100) Pause Young (Allocation Failure)
[630.522s][info][gc,heap        ] GC(2100) PSYoungGen: 183193K(222720K)->36512K(222720K) Eden: 111616K(111616K)->0K(111616K) From: 71577K(111104K)->36512K(111104K)
[630.522s][info][gc,heap        ] GC(2100) ParOldGen: 559318K(667648K)->612192K(667648K)
[630.522s][info][gc,metaspace   ] GC(2100) Metaspace: 19075K(19264K)->19075K(19264K) NonClass: 16410K(16512K)->16410K(16512K) Class: 2665K(2752K)->2665K(2752K)
[630.522s][info][gc             ] GC(2100) Pause Young (Allocation Failure) 725M->633M(869M) 75.898ms
[630.522s][info][gc,cpu         ] GC(2100) User=0.15s Sys=0.00s Real=0.08s
[630.674s][info][gc,start       ] GC(2101) Pause Full (Allocation Failure)
[630.674s][info][gc,phases,start] GC(2101) Marking Phase
[630.993s][info][gc,phases      ] GC(2101) Marking Phase 318.820ms
[630.993s][info][gc,phases,start] GC(2101) Summary Phase
[630.993s][info][gc,phases      ] GC(2101) Summary Phase 0.024ms
[630.993s][info][gc,phases,start] GC(2101) Forward
[631.116s][info][gc,phases      ] GC(2101) Forward 122.902ms
[631.116s][info][gc,phases,start] GC(2101) Adjust Pointers
[631.376s][info][gc,phases      ] GC(2101) Adjust Pointers 260.101ms
[631.376s][info][gc,phases,start] GC(2101) Compaction Phase
[631.532s][info][gc,phases      ] GC(2101) Compaction Phase 156.546ms
[631.546s][info][gc,phases,start] GC(2101) Post Compact
[631.548s][info][gc,phases      ] GC(2101) Post Compact 2.193ms
[631.548s][info][gc,heap        ] GC(2101) PSYoungGen: 148128K(222720K)->0K(222720K) Eden: 111616K(111616K)->0K(111616K) From: 36512K(111104K)->0K(111104K)
[631.548s][info][gc,heap        ] GC(2101) ParOldGen: 612192K(667648K)->482249K(667648K)
[631.548s][info][gc,metaspace   ] GC(2101) Metaspace: 19075K(19264K)->19075K(19264K) NonClass: 16410K(16512K)->16410K(16512K) Class: 2665K(2752K)->2665K(2752K)
[631.548s][info][gc             ] GC(2101) Pause Full (Allocation Failure) 742M->470M(869M) 874.709ms
[631.549s][info][gc,cpu         ] GC(2101) User=1.64s Sys=0.00s Real=0.87s
[631.702s][info][gc,start       ] GC(2102) Pause Young (Allocation Failure)
[631.704s][info][gc,heap        ] GC(2102) PSYoungGen: 111616K(222720K)->64K(222720K) Eden: 111616K(111616K)->0K(111616K) From: 0K(111104K)->64K(111104K)
[631.704s][info][gc,heap        ] GC(2102) ParOldGen: 482249K(667648K)->482249K(667648K)
[631.704s][info][gc,metaspace   ] GC(2102) Metaspace: 19075K(19264K)->19075K(19264K) NonClass: 16410K(16512K)->16410K(16512K) Class: 2665K(2752K)->2665K(2752K)
[631.704s][info][gc             ] GC(2102) Pause Young (Allocation Failure) 579M->471M(869M) 1.572ms
[631.704s][info][gc,cpu         ] GC(2102) User=0.00s Sys=0.00s Real=0.00s
[631.851s][info][gc,start       ] GC(2103) Pause Young (Allocation Failure)
[631.852s][info][gc,heap        ] GC(2103) PSYoungGen: 111680K(222720K)->64K(222720K) Eden: 111616K(111616K)->0K(111616K) From: 64K(111104K)->64K(111104K)
[631.852s][info][gc,heap        ] GC(2103) ParOldGen: 482249K(667648K)->482257K(667648K)
[631.852s][info][gc,metaspace   ] GC(2103) Metaspace: 19075K(19264K)->19075K(19264K) NonClass: 16410K(16512K)->16410K(16512K) Class: 2665K(2752K)->2665K(2752K)
[631.852s][info][gc             ] GC(2103) Pause Young (Allocation Failure) 580M->471M(869M) 1.538ms
[631.852s][info][gc,cpu         ] GC(2103) User=0.01s Sys=0.00s Real=0.00s
[631.997s][info][gc,start       ] GC(2104) Pause Young (Allocation Failure)
[631.998s][info][gc,heap        ] GC(2104) PSYoungGen: 111680K(222720K)->64K(222720K) Eden: 111616K(111616K)->0K(111616K) From: 64K(111104K)->64K(111104K)
[631.998s][info][gc,heap        ] GC(2104) ParOldGen: 482257K(667648K)->482257K(667648K)
[631.998s][info][gc,metaspace   ] GC(2104) Metaspace: 19075K(19264K)->19075K(19264K) NonClass: 16410K(16512K)->16410K(16512K) Class: 2665K(2752K)->2665K(2752K)
[631.998s][info][gc             ] GC(2104) Pause Young (Allocation Failure) 580M->471M(869M) 1.585ms
[631.998s][info][gc,cpu         ] GC(2104) User=0.01s Sys=0.00s Real=0.00s
[632.143s][info][gc,start       ] GC(2105) Pause Young (Allocation Failure)
[632.144s][info][gc,heap        ] GC(2105) PSYoungGen: 111680K(222720K)->64K(222720K) Eden: 111616K(111616K)->0K(111616K) From: 64K(111104K)->64K(111104K)
[632.144s][info][gc,heap        ] GC(2105) ParOldGen: 482257K(667648K)->482257K(667648K)
[632.144s][info][gc,metaspace   ] GC(2105) Metaspace: 19075K(19264K)->19075K(19264K) NonClass: 16410K(16512K)->16410K(16512K) Class: 2665K(2752K)->2665K(2752K)
[632.144s][info][gc             ] GC(2105) Pause Young (Allocation Failure) 580M->471M(869M) 1.619ms
[632.144s][info][gc,cpu         ] GC(2105) User=0.01s Sys=0.00s Real=0.00s
[632.287s][info][gc,start       ] GC(2106) Pause Young (Allocation Failure)
[632.289s][info][gc,heap        ] GC(2106) PSYoungGen: 111680K(222720K)->64K(222720K) Eden: 111616K(111616K)->0K(111616K) From: 64K(111104K)->64K(111104K)
[632.289s][info][gc,heap        ] GC(2106) ParOldGen: 482257K(667648K)->482257K(667648K)
[632.289s][info][gc,metaspace   ] GC(2106) Metaspace: 19075K(19264K)->19075K(19264K) NonClass: 16410K(16512K)->16410K(16512K) Class: 2665K(2752K)->2665K(2752K)
[632.289s][info][gc             ] GC(2106) Pause Young (Allocation Failure) 580M->471M(869M) 1.586ms
[632.289s][info][gc,cpu         ] GC(2106) User=0.00s Sys=0.00s Real=0.00s
[632.411s][info][gc,start       ] GC(2107) Pause Young (Allocation Failure)
[632.425s][info][gc,heap        ] GC(2107) PSYoungGen: 111680K(222720K)->12032K(215552K) Eden: 111616K(111616K)->0K(111616K) From: 64K(111104K)->12032K(103936K)
[632.425s][info][gc,heap        ] GC(2107) ParOldGen: 482257K(667648K)->482257K(667648K)
[632.425s][info][gc,metaspace   ] GC(2107) Metaspace: 19075K(19264K)->19075K(19264K) NonClass: 16410K(16512K)->16410K(16512K) Class: 2665K(2752K)->2665K(2752K)
[632.425s][info][gc             ] GC(2107) Pause Young (Allocation Failure) 580M->482M(862M) 14.322ms
[632.425s][info][gc,cpu         ] GC(2107) User=0.02s Sys=0.00s Real=0.01s
[632.526s][info][gc,start       ] GC(2108) Pause Young (Allocation Failure)
[632.558s][info][gc,heap        ] GC(2108) PSYoungGen: 123648K(215552K)->31360K(143360K) Eden: 111616K(111616K)->0K(111616K) From: 12032K(103936K)->31360K(31744K)
[632.558s][info][gc,heap        ] GC(2108) ParOldGen: 482257K(667648K)->482257K(667648K)
[632.558s][info][gc,metaspace   ] GC(2108) Metaspace: 19075K(19264K)->19075K(19264K) NonClass: 16410K(16512K)->16410K(16512K) Class: 2665K(2752K)->2665K(2752K)
[632.558s][info][gc             ] GC(2108) Pause Young (Allocation Failure) 591M->501M(792M) 32.002ms
[632.558s][info][gc,cpu         ] GC(2108) User=0.07s Sys=0.00s Real=0.03s
[632.654s][info][gc,start       ] GC(2109) Pause Young (Allocation Failure)
[632.689s][info][gc,heap        ] GC(2109) PSYoungGen: 142976K(143360K)->35040K(210944K) Eden: 111616K(111616K)->0K(117248K) From: 31360K(31744K)->35040K(93696K)
[632.689s][info][gc,heap        ] GC(2109) ParOldGen: 482257K(667648K)->482257K(667648K)
[632.689s][info][gc,metaspace   ] GC(2109) Metaspace: 19075K(19264K)->19075K(19264K) NonClass: 16410K(16512K)->16410K(16512K) Class: 2665K(2752K)->2665K(2752K)
[632.689s][info][gc             ] GC(2109) Pause Young (Allocation Failure) 610M->505M(858M) 34.815ms
[632.689s][info][gc,cpu         ] GC(2109) User=0.07s Sys=0.00s Real=0.03s
[632.785s][info][gc,start       ] GC(2110) Pause Young (Allocation Failure)
[632.821s][info][gc,heap        ] GC(2110) PSYoungGen: 152288K(210944K)->36416K(214528K) Eden: 117248K(117248K)->0K(117248K) From: 35040K(93696K)->36416K(97280K)
[632.821s][info][gc,heap        ] GC(2110) ParOldGen: 482257K(667648K)->482257K(667648K)
[632.821s][info][gc,metaspace   ] GC(2110) Metaspace: 19075K(19264K)->19075K(19264K) NonClass: 16410K(16512K)->16410K(16512K) Class: 2665K(2752K)->2665K(2752K)
[632.821s][info][gc             ] GC(2110) Pause Young (Allocation Failure) 619M->506M(861M) 35.873ms
[632.821s][info][gc,cpu         ] GC(2110) User=0.07s Sys=0.00s Real=0.04s
[632.928s][info][gc,start       ] GC(2111) Pause Young (Allocation Failure)
[632.967s][info][gc,heap        ] GC(2111) PSYoungGen: 153664K(214528K)->39840K(214528K) Eden: 117248K(117248K)->0K(124416K) From: 36416K(97280K)->39840K(90112K)
[632.967s][info][gc,heap        ] GC(2111) ParOldGen: 482257K(667648K)->482257K(667648K)
[632.967s][info][gc,metaspace   ] GC(2111) Metaspace: 19075K(19264K)->19075K(19264K) NonClass: 16410K(16512K)->16410K(16512K) Class: 2665K(2752K)->2665K(2752K)
[632.967s][info][gc             ] GC(2111) Pause Young (Allocation Failure) 621M->509M(861M) 39.012ms
[632.967s][info][gc,cpu         ] GC(2111) User=0.08s Sys=0.00s Real=0.04s
[633.077s][info][gc,start       ] GC(2112) Pause Young (Allocation Failure)
[633.116s][info][gc,heap        ] GC(2112) PSYoungGen: 164256K(214528K)->39904K(216064K) Eden: 124416K(124416K)->0K(124416K) From: 39840K(90112K)->39904K(91648K)
[633.116s][info][gc,heap        ] GC(2112) ParOldGen: 482257K(667648K)->482257K(667648K)
[633.116s][info][gc,metaspace   ] GC(2112) Metaspace: 19075K(19264K)->19075K(19264K) NonClass: 16410K(16512K)->16410K(16512K) Class: 2665K(2752K)->2665K(2752K)
[633.116s][info][gc             ] GC(2112) Pause Young (Allocation Failure) 631M->509M(863M) 38.696ms
[633.116s][info][gc,cpu         ] GC(2112) User=0.07s Sys=0.00s Real=0.04s
[633.229s][info][gc,start       ] GC(2113) Pause Young (Allocation Failure)
[633.275s][info][gc,heap        ] GC(2113) PSYoungGen: 164320K(216064K)->48160K(220672K) Eden: 124416K(124416K)->0K(131584K) From: 39904K(91648K)->48160K(89088K)
[633.275s][info][gc,heap        ] GC(2113) ParOldGen: 482257K(667648K)->482257K(667648K)
[633.275s][info][gc,metaspace   ] GC(2113) Metaspace: 19075K(19264K)->19075K(19264K) NonClass: 16410K(16512K)->16410K(16512K) Class: 2665K(2752K)->2665K(2752K)
[633.275s][info][gc             ] GC(2113) Pause Young (Allocation Failure) 631M->517M(867M) 45.958ms
[633.275s][info][gc,cpu         ] GC(2113) User=0.09s Sys=0.00s Real=0.05s
[633.411s][info][gc,start       ] GC(2114) Pause Young (Allocation Failure)
[633.471s][info][gc,heap        ] GC(2114) PSYoungGen: 179744K(220672K)->63296K(221696K) Eden: 131584K(131584K)->0K(131584K) From: 48160K(89088K)->63296K(90112K)
[633.471s][info][gc,heap        ] GC(2114) ParOldGen: 482257K(667648K)->482257K(667648K)
[633.471s][info][gc,metaspace   ] GC(2114) Metaspace: 19075K(19264K)->19075K(19264K) NonClass: 16410K(16512K)->16410K(16512K) Class: 2665K(2752K)->2665K(2752K)
[633.471s][info][gc             ] GC(2114) Pause Young (Allocation Failure) 646M->532M(868M) 59.365ms
[633.471s][info][gc,cpu         ] GC(2114) User=0.12s Sys=0.00s Real=0.06s
[633.620s][info][gc,start       ] GC(2115) Pause Young (Allocation Failure)
[633.707s][info][gc,heap        ] GC(2115) PSYoungGen: 194880K(221696K)->83744K(214528K) Eden: 131584K(131584K)->0K(118784K) From: 63296K(90112K)->83744K(95744K)
[633.707s][info][gc,heap        ] GC(2115) ParOldGen: 482257K(667648K)->482257K(667648K)
[633.707s][info][gc,metaspace   ] GC(2115) Metaspace: 19075K(19264K)->19075K(19264K) NonClass: 16410K(16512K)->16410K(16512K) Class: 2665K(2752K)->2665K(2752K)
[633.707s][info][gc             ] GC(2115) Pause Young (Allocation Failure) 661M->552M(861M) 86.825ms
[633.707s][info][gc,cpu         ] GC(2115) User=0.16s Sys=0.01s Real=0.08s
[633.867s][info][gc,start       ] GC(2116) Pause Young (Allocation Failure)
[633.960s][info][gc,heap        ] GC(2116) PSYoungGen: 202528K(214528K)->98416K(217600K) Eden: 118784K(118784K)->0K(118784K) From: 83744K(95744K)->98416K(98816K)
[633.960s][info][gc,heap        ] GC(2116) ParOldGen: 482257K(667648K)->482257K(667648K)
[633.960s][info][gc,metaspace   ] GC(2116) Metaspace: 19075K(19264K)->19075K(19264K) NonClass: 16410K(16512K)->16410K(16512K) Class: 2665K(2752K)->2665K(2752K)
[633.960s][info][gc             ] GC(2116) Pause Young (Allocation Failure) 668M->567M(864M) 93.133ms
[633.960s][info][gc,cpu         ] GC(2116) User=0.18s Sys=0.00s Real=0.10s
[634.082s][info][gc,start       ] GC(2117) Pause Young (Allocation Failure)
[634.177s][info][gc,heap        ] GC(2117) PSYoungGen: 217200K(217600K)->68544K(222720K) Eden: 118784K(118784K)->0K(111616K) From: 98416K(98816K)->68544K(111104K)
[634.177s][info][gc,heap        ] GC(2117) ParOldGen: 482257K(667648K)->513665K(667648K)
[634.177s][info][gc,metaspace   ] GC(2117) Metaspace: 19075K(19264K)->19075K(19264K) NonClass: 16410K(16512K)->16410K(16512K) Class: 2665K(2752K)->2665K(2752K)
[634.177s][info][gc             ] GC(2117) Pause Young (Allocation Failure) 683M->568M(869M) 95.403ms
[634.177s][info][gc,cpu         ] GC(2117) User=0.19s Sys=0.00s Real=0.09s
[634.302s][info][gc,start       ] GC(2118) Pause Young (Allocation Failure)
[634.372s][info][gc,heap        ] GC(2118) PSYoungGen: 180160K(222720K)->66928K(222720K) Eden: 111616K(111616K)->0K(111616K) From: 68544K(111104K)->66928K(111104K)
[634.372s][info][gc,heap        ] GC(2118) ParOldGen: 513665K(667648K)->518737K(667648K)
[634.372s][info][gc,metaspace   ] GC(2118) Metaspace: 19075K(19264K)->19075K(19264K) NonClass: 16410K(16512K)->16410K(16512K) Class: 2665K(2752K)->2665K(2752K)
[634.372s][info][gc             ] GC(2118) Pause Young (Allocation Failure) 677M->571M(869M) 69.989ms
[634.372s][info][gc,cpu         ] GC(2118) User=0.14s Sys=0.00s Real=0.07s
[634.474s][info][gc,start       ] GC(2119) Pause Young (Allocation Failure)
[634.538s][info][gc,heap        ] GC(2119) PSYoungGen: 178544K(222720K)->63488K(222720K) Eden: 111616K(111616K)->0K(111616K) From: 66928K(111104K)->63488K(111104K)
[634.538s][info][gc,heap        ] GC(2119) ParOldGen: 518737K(667648K)->522241K(667648K)
[634.538s][info][gc,metaspace   ] GC(2119) Metaspace: 19075K(19264K)->19075K(19264K) NonClass: 16410K(16512K)->16410K(16512K) Class: 2665K(2752K)->2665K(2752K)
[634.538s][info][gc             ] GC(2119) Pause Young (Allocation Failure) 680M->572M(869M) 64.222ms
[634.538s][info][gc,cpu         ] GC(2119) User=0.13s Sys=0.00s Real=0.06s
[634.715s][info][gc,start       ] GC(2120) Pause Young (Allocation Failure)
[634.789s][info][gc,heap        ] GC(2120) PSYoungGen: 175104K(222720K)->53328K(222720K) Eden: 111616K(111616K)->0K(111616K) From: 63488K(111104K)->53328K(111104K)
[634.789s][info][gc,heap        ] GC(2120) ParOldGen: 522241K(667648K)->545682K(667648K)
[634.789s][info][gc,metaspace   ] GC(2120) Metaspace: 19075K(19264K)->19075K(19264K) NonClass: 16410K(16512K)->16410K(16512K) Class: 2665K(2752K)->2665K(2752K)
[634.789s][info][gc             ] GC(2120) Pause Young (Allocation Failure) 681M->584M(869M) 74.140ms
[634.789s][info][gc,cpu         ] GC(2120) User=0.15s Sys=0.00s Real=0.07s
[634.942s][info][gc,start       ] GC(2121) Pause Young (Allocation Failure)
[635.004s][info][gc,heap        ] GC(2121) PSYoungGen: 164944K(222720K)->28384K(222720K) Eden: 111616K(111616K)->0K(111616K) From: 53328K(111104K)->28384K(111104K)
[635.005s][info][gc,heap        ] GC(2121) ParOldGen: 545682K(667648K)->580890K(667648K)
[635.005s][info][gc,metaspace   ] GC(2121) Metaspace: 19075K(19264K)->19075K(19264K) NonClass: 16410K(16512K)->16410K(16512K) Class: 2665K(2752K)->2665K(2752K)
[635.005s][info][gc             ] GC(2121) Pause Young (Allocation Failure) 693M->594M(869M) 62.446ms
[635.005s][info][gc,cpu         ] GC(2121) User=0.13s Sys=0.00s Real=0.06s
[635.332s][info][gc,start       ] GC(2122) Pause Young (Allocation Failure)
[635.361s][info][gc,heap        ] GC(2122) PSYoungGen: 140000K(222720K)->23616K(135680K) Eden: 111616K(111616K)->0K(111616K) From: 28384K(111104K)->23616K(24064K)
[635.361s][info][gc,heap        ] GC(2122) ParOldGen: 580890K(667648K)->585770K(667648K)
[635.361s][info][gc,metaspace   ] GC(2122) Metaspace: 19075K(19264K)->19075K(19264K) NonClass: 16410K(16512K)->16410K(16512K) Class: 2665K(2752K)->2665K(2752K)
[635.361s][info][gc             ] GC(2122) Pause Young (Allocation Failure) 703M->595M(784M) 28.860ms
[635.361s][info][gc,cpu         ] GC(2122) User=0.05s Sys=0.00s Real=0.03s
[635.621s][info][gc,start       ] GC(2123) Pause Young (Allocation Failure)
[635.645s][info][gc,heap        ] GC(2123) PSYoungGen: 135232K(135680K)->23584K(224256K) Eden: 111616K(111616K)->0K(114176K) From: 23616K(24064K)->23584K(110080K)
[635.645s][info][gc,heap        ] GC(2123) ParOldGen: 585770K(667648K)->585770K(667648K)
[635.645s][info][gc,metaspace   ] GC(2123) Metaspace: 19075K(19264K)->19075K(19264K) NonClass: 16410K(16512K)->16410K(16512K) Class: 2665K(2752K)->2665K(2752K)
[635.645s][info][gc             ] GC(2123) Pause Young (Allocation Failure) 704M->595M(871M) 23.797ms
[635.645s][info][gc,cpu         ] GC(2123) User=0.05s Sys=0.00s Real=0.02s
[635.907s][info][gc,start       ] GC(2124) Pause Young (Allocation Failure)
[635.931s][info][gc,heap        ] GC(2124) PSYoungGen: 137760K(224256K)->23584K(138240K) Eden: 114176K(114176K)->0K(114176K) From: 23584K(110080K)->23584K(24064K)
[635.931s][info][gc,heap        ] GC(2124) ParOldGen: 585770K(667648K)->585770K(667648K)
[635.931s][info][gc,metaspace   ] GC(2124) Metaspace: 19075K(19264K)->19075K(19264K) NonClass: 16410K(16512K)->16410K(16512K) Class: 2665K(2752K)->2665K(2752K)
[635.931s][info][gc             ] GC(2124) Pause Young (Allocation Failure) 706M->595M(787M) 24.442ms
[635.931s][info][gc,cpu         ] GC(2124) User=0.04s Sys=0.00s Real=0.03s
[636.186s][info][gc,start       ] GC(2125) Pause Young (Allocation Failure)
[636.212s][info][gc,heap        ] GC(2125) PSYoungGen: 137760K(138240K)->23584K(222208K) Eden: 114176K(114176K)->0K(119296K) From: 23584K(24064K)->23584K(102912K)
[636.212s][info][gc,heap        ] GC(2125) ParOldGen: 585770K(667648K)->585770K(667648K)
[636.212s][info][gc,metaspace   ] GC(2125) Metaspace: 19075K(19264K)->19075K(19264K) NonClass: 16410K(16512K)->16410K(16512K) Class: 2665K(2752K)->2665K(2752K)
[636.212s][info][gc             ] GC(2125) Pause Young (Allocation Failure) 706M->595M(869M) 25.916ms
[636.212s][info][gc,cpu         ] GC(2125) User=0.05s Sys=0.00s Real=0.03s
[636.470s][info][gc,start       ] GC(2126) Pause Young (Allocation Failure)
[636.497s][info][gc,heap        ] GC(2126) PSYoungGen: 142880K(222208K)->23600K(221184K) Eden: 119296K(119296K)->0K(119296K) From: 23584K(102912K)->23600K(101888K)
[636.497s][info][gc,heap        ] GC(2126) ParOldGen: 585770K(667648K)->585770K(667648K)
[636.497s][info][gc,metaspace   ] GC(2126) Metaspace: 19075K(19264K)->19075K(19264K) NonClass: 16410K(16512K)->16410K(16512K) Class: 2665K(2752K)->2665K(2752K)
[636.497s][info][gc             ] GC(2126) Pause Young (Allocation Failure) 711M->595M(868M) 26.365ms
[636.497s][info][gc,cpu         ] GC(2126) User=0.06s Sys=0.00s Real=0.02s
[636.769s][info][gc,start       ] GC(2127) Pause Young (Allocation Failure)
[636.796s][info][gc,heap        ] GC(2127) PSYoungGen: 142896K(221184K)->25664K(214528K) Eden: 119296K(119296K)->0K(124416K) From: 23600K(101888K)->25664K(90112K)
[636.796s][info][gc,heap        ] GC(2127) ParOldGen: 585770K(667648K)->585770K(667648K)
[636.796s][info][gc,metaspace   ] GC(2127) Metaspace: 19075K(19264K)->19075K(19264K) NonClass: 16410K(16512K)->16410K(16512K) Class: 2665K(2752K)->2665K(2752K)
[636.796s][info][gc             ] GC(2127) Pause Young (Allocation Failure) 711M->597M(861M) 26.568ms
[636.796s][info][gc,cpu         ] GC(2127) User=0.05s Sys=0.00s Real=0.03s
[636.956s][info][gc,start       ] GC(2128) Pause Young (Allocation Failure)
[637.001s][info][gc,heap        ] GC(2128) PSYoungGen: 150080K(214528K)->50608K(219136K) Eden: 124416K(124416K)->0K(124416K) From: 25664K(90112K)->50608K(94720K)
[637.001s][info][gc,heap        ] GC(2128) ParOldGen: 585770K(667648K)->585770K(667648K)
[637.001s][info][gc,metaspace   ] GC(2128) Metaspace: 19075K(19264K)->19075K(19264K) NonClass: 16410K(16512K)->16410K(16512K) Class: 2665K(2752K)->2665K(2752K)
[637.001s][info][gc             ] GC(2128) Pause Young (Allocation Failure) 718M->621M(866M) 44.567ms
[637.001s][info][gc,cpu         ] GC(2128) User=0.08s Sys=0.00s Real=0.05s
[637.089s][info][gc,start       ] GC(2129) Pause Young (Allocation Failure)
[637.166s][info][gc,heap        ] GC(2129) PSYoungGen: 175024K(219136K)->94144K(209920K) Eden: 124416K(124416K)->0K(115712K) From: 50608K(94720K)->94144K(94208K)
[637.166s][info][gc,heap        ] GC(2129) ParOldGen: 585770K(667648K)->585770K(667648K)
[637.166s][info][gc,metaspace   ] GC(2129) Metaspace: 19075K(19264K)->19075K(19264K) NonClass: 16410K(16512K)->16410K(16512K) Class: 2665K(2752K)->2665K(2752K)
[637.166s][info][gc             ] GC(2129) Pause Young (Allocation Failure) 742M->663M(857M) 76.781ms
[637.166s][info][gc,cpu         ] GC(2129) User=0.15s Sys=0.00s Real=0.08s
[637.332s][info][gc,start       ] GC(2130) Pause Young (Allocation Failure)
[637.403s][info][gc,heap        ] GC(2130) PSYoungGen: 209856K(209920K)->97056K(212992K) Eden: 115712K(115712K)->0K(115712K) From: 94144K(94208K)->97056K(97280K)
[637.403s][info][gc,heap        ] GC(2130) ParOldGen: 585770K(667648K)->585770K(667648K)
[637.403s][info][gc,metaspace   ] GC(2130) Metaspace: 19075K(19264K)->19075K(19264K) NonClass: 16410K(16512K)->16410K(16512K) Class: 2665K(2752K)->2665K(2752K)
[637.403s][info][gc             ] GC(2130) Pause Young (Allocation Failure) 776M->666M(860M) 70.612ms
[637.403s][info][gc,cpu         ] GC(2130) User=0.14s Sys=0.00s Real=0.07s
[637.575s][info][gc,start       ] GC(2131) Pause Young (Allocation Failure)
[637.676s][info][gc,heap        ] GC(2131) PSYoungGen: 212768K(212992K)->100742K(222720K) Eden: 115712K(115712K)->0K(111616K) From: 97056K(97280K)->100742K(111104K)
[637.676s][info][gc,heap        ] GC(2131) ParOldGen: 585770K(667648K)->599114K(667648K)
[637.676s][info][gc,metaspace   ] GC(2131) Metaspace: 19086K(19328K)->19086K(19328K) NonClass: 16421K(16576K)->16421K(16576K) Class: 2665K(2752K)->2665K(2752K)
[637.676s][info][gc             ] GC(2131) Pause Young (Allocation Failure) 779M->683M(869M) 100.352ms
[637.676s][info][gc,cpu         ] GC(2131) User=0.20s Sys=0.01s Real=0.10s
[637.886s][info][gc,start       ] GC(2132) Pause Young (Allocation Failure)
[637.975s][info][gc,heap        ] GC(2132) PSYoungGen: 212358K(222720K)->91494K(222720K) Eden: 111616K(111616K)->0K(111616K) From: 100742K(111104K)->91494K(111104K)
[637.975s][info][gc,heap        ] GC(2132) ParOldGen: 599114K(667648K)->609330K(667648K)
[637.975s][info][gc,metaspace   ] GC(2132) Metaspace: 19086K(19328K)->19086K(19328K) NonClass: 16421K(16576K)->16421K(16576K) Class: 2665K(2752K)->2665K(2752K)
[637.975s][info][gc             ] GC(2132) Pause Young (Allocation Failure) 792M->684M(869M) 89.146ms
[637.975s][info][gc,cpu         ] GC(2132) User=0.18s Sys=0.00s Real=0.09s
[638.133s][info][gc,start       ] GC(2133) Pause Young (Allocation Failure)
[638.218s][info][gc,heap        ] GC(2133) PSYoungGen: 203110K(222720K)->93478K(222720K) Eden: 111616K(111616K)->0K(111616K) From: 91494K(111104K)->93478K(111104K)
[638.218s][info][gc,heap        ] GC(2133) ParOldGen: 609330K(667648K)->609394K(667648K)
[638.218s][info][gc,metaspace   ] GC(2133) Metaspace: 19086K(19328K)->19086K(19328K) NonClass: 16421K(16576K)->16421K(16576K) Class: 2665K(2752K)->2665K(2752K)
[638.218s][info][gc             ] GC(2133) Pause Young (Allocation Failure) 793M->686M(869M) 84.806ms
[638.218s][info][gc,cpu         ] GC(2133) User=0.17s Sys=0.00s Real=0.08s
[638.334s][info][gc,start       ] GC(2134) Pause Young (Allocation Failure)
[638.440s][info][gc,heap        ] GC(2134) PSYoungGen: 205094K(222720K)->111088K(222720K) Eden: 111616K(111616K)->0K(111616K) From: 93478K(111104K)->111088K(111104K)
[638.440s][info][gc,heap        ] GC(2134) ParOldGen: 609394K(667648K)->616705K(667648K)
[638.440s][info][gc,metaspace   ] GC(2134) Metaspace: 19086K(19328K)->19086K(19328K) NonClass: 16421K(16576K)->16421K(16576K) Class: 2665K(2752K)->2665K(2752K)
[638.440s][info][gc             ] GC(2134) Pause Young (Allocation Failure) 795M->710M(869M) 105.356ms
[638.440s][info][gc,cpu         ] GC(2134) User=0.21s Sys=0.00s Real=0.10s
[638.499s][info][gc,start       ] GC(2135) Pause Young (Allocation Failure)
[638.619s][info][gc,heap        ] GC(2135) PSYoungGen: 222704K(222720K)->111072K(222720K) Eden: 111616K(111616K)->0K(111616K) From: 111088K(111104K)->111072K(111104K)
[638.619s][info][gc,heap        ] GC(2135) ParOldGen: 616705K(667648K)->654337K(667648K)
[638.619s][info][gc,metaspace   ] GC(2135) Metaspace: 19086K(19328K)->19086K(19328K) NonClass: 16421K(16576K)->16421K(16576K) Class: 2665K(2752K)->2665K(2752K)
[638.619s][info][gc             ] GC(2135) Pause Young (Allocation Failure) 819M->747M(869M) 119.856ms
[638.619s][info][gc,cpu         ] GC(2135) User=0.22s Sys=0.01s Real=0.12s
[638.748s][info][gc,start       ] GC(2136) Pause Full (Allocation Failure)
[638.748s][info][gc,phases,start] GC(2136) Marking Phase
[638.995s][info][gc,phases      ] GC(2136) Marking Phase 246.260ms
[638.995s][info][gc,phases,start] GC(2136) Summary Phase
[638.995s][info][gc,phases      ] GC(2136) Summary Phase 0.028ms
[638.995s][info][gc,phases,start] GC(2136) Forward
[639.100s][info][gc,phases      ] GC(2136) Forward 105.833ms
[639.101s][info][gc,phases,start] GC(2136) Adjust Pointers
[639.299s][info][gc,phases      ] GC(2136) Adjust Pointers 198.746ms
[639.299s][info][gc,phases,start] GC(2136) Compaction Phase
[639.409s][info][gc,phases      ] GC(2136) Compaction Phase 109.197ms
[639.416s][info][gc,phases,start] GC(2136) Post Compact
[639.419s][info][gc,phases      ] GC(2136) Post Compact 2.614ms
[639.419s][info][gc,heap        ] GC(2136) PSYoungGen: 222688K(222720K)->0K(222720K) Eden: 111616K(111616K)->0K(111616K) From: 111072K(111104K)->0K(111104K)
[639.419s][info][gc,heap        ] GC(2136) ParOldGen: 654337K(667648K)->375644K(667648K)
[639.419s][info][gc,metaspace   ] GC(2136) Metaspace: 19086K(19328K)->19086K(19328K) NonClass: 16421K(16576K)->16421K(16576K) Class: 2665K(2752K)->2665K(2752K)
[639.419s][info][gc             ] GC(2136) Pause Full (Allocation Failure) 856M->366M(869M) 670.887ms
[639.419s][info][gc,cpu         ] GC(2136) User=1.23s Sys=0.00s Real=0.67s
[639.543s][info][gc,start       ] GC(2137) Pause Young (Allocation Failure)
[639.545s][info][gc,heap        ] GC(2137) PSYoungGen: 111616K(222720K)->96K(222720K) Eden: 111616K(111616K)->0K(111616K) From: 0K(111104K)->96K(111104K)
[639.545s][info][gc,heap        ] GC(2137) ParOldGen: 375644K(667648K)->375644K(667648K)
[639.545s][info][gc,metaspace   ] GC(2137) Metaspace: 19086K(19328K)->19086K(19328K) NonClass: 16421K(16576K)->16421K(16576K) Class: 2665K(2752K)->2665K(2752K)
[639.545s][info][gc             ] GC(2137) Pause Young (Allocation Failure) 475M->366M(869M) 1.646ms
[639.545s][info][gc,cpu         ] GC(2137) User=0.00s Sys=0.00s Real=0.00s
[639.664s][info][gc,start       ] GC(2138) Pause Young (Allocation Failure)
[639.666s][info][gc,heap        ] GC(2138) PSYoungGen: 111712K(222720K)->192K(222720K) Eden: 111616K(111616K)->0K(111616K) From: 96K(111104K)->192K(111104K)
[639.666s][info][gc,heap        ] GC(2138) ParOldGen: 375644K(667648K)->375644K(667648K)
[639.666s][info][gc,metaspace   ] GC(2138) Metaspace: 19086K(19328K)->19086K(19328K) NonClass: 16421K(16576K)->16421K(16576K) Class: 2665K(2752K)->2665K(2752K)
[639.666s][info][gc             ] GC(2138) Pause Young (Allocation Failure) 475M->367M(869M) 1.781ms
[639.666s][info][gc,cpu         ] GC(2138) User=0.00s Sys=0.00s Real=0.00s
[639.784s][info][gc,start       ] GC(2139) Pause Young (Allocation Failure)
[639.786s][info][gc,heap        ] GC(2139) PSYoungGen: 111808K(222720K)->320K(222720K) Eden: 111616K(111616K)->0K(111616K) From: 192K(111104K)->320K(111104K)
[639.786s][info][gc,heap        ] GC(2139) ParOldGen: 375644K(667648K)->375644K(667648K)
[639.786s][info][gc,metaspace   ] GC(2139) Metaspace: 19086K(19328K)->19086K(19328K) NonClass: 16421K(16576K)->16421K(16576K) Class: 2665K(2752K)->2665K(2752K)
[639.786s][info][gc             ] GC(2139) Pause Young (Allocation Failure) 476M->367M(869M) 1.984ms
[639.786s][info][gc,cpu         ] GC(2139) User=0.00s Sys=0.00s Real=0.00s
[639.905s][info][gc,start       ] GC(2140) Pause Young (Allocation Failure)
[639.907s][info][gc,heap        ] GC(2140) PSYoungGen: 111936K(222720K)->352K(222720K) Eden: 111616K(111616K)->0K(111616K) From: 320K(111104K)->352K(111104K)
[639.907s][info][gc,heap        ] GC(2140) ParOldGen: 375644K(667648K)->375716K(667648K)
[639.907s][info][gc,metaspace   ] GC(2140) Metaspace: 19086K(19328K)->19086K(19328K) NonClass: 16421K(16576K)->16421K(16576K) Class: 2665K(2752K)->2665K(2752K)
[639.907s][info][gc             ] GC(2140) Pause Young (Allocation Failure) 476M->367M(869M) 1.957ms
[639.907s][info][gc,cpu         ] GC(2140) User=0.00s Sys=0.00s Real=0.00s
[640.029s][info][gc,start       ] GC(2141) Pause Young (Allocation Failure)
[640.031s][info][gc,heap        ] GC(2141) PSYoungGen: 111968K(222720K)->192K(222720K) Eden: 111616K(111616K)->0K(111616K) From: 352K(111104K)->192K(111104K)
[640.031s][info][gc,heap        ] GC(2141) ParOldGen: 375716K(667648K)->375940K(667648K)
[640.031s][info][gc,metaspace   ] GC(2141) Metaspace: 19086K(19328K)->19086K(19328K) NonClass: 16421K(16576K)->16421K(16576K) Class: 2665K(2752K)->2665K(2752K)
[640.031s][info][gc             ] GC(2141) Pause Young (Allocation Failure) 476M->367M(869M) 1.943ms
[640.031s][info][gc,cpu         ] GC(2141) User=0.00s Sys=0.00s Real=0.01s
[640.150s][info][gc,start       ] GC(2142) Pause Young (Allocation Failure)
[640.152s][info][gc,heap        ] GC(2142) PSYoungGen: 111808K(222720K)->128K(222720K) Eden: 111616K(111616K)->0K(111616K) From: 192K(111104K)->128K(111104K)
[640.152s][info][gc,heap        ] GC(2142) ParOldGen: 375940K(667648K)->376100K(667648K)
[640.152s][info][gc,metaspace   ] GC(2142) Metaspace: 19086K(19328K)->19086K(19328K) NonClass: 16421K(16576K)->16421K(16576K) Class: 2665K(2752K)->2665K(2752K)
[640.152s][info][gc             ] GC(2142) Pause Young (Allocation Failure) 476M->367M(869M) 1.896ms
[640.152s][info][gc,cpu         ] GC(2142) User=0.00s Sys=0.00s Real=0.01s
[640.269s][info][gc,start       ] GC(2143) Pause Young (Allocation Failure)
[640.271s][info][gc,heap        ] GC(2143) PSYoungGen: 111744K(222720K)->128K(222720K) Eden: 111616K(111616K)->0K(111616K) From: 128K(111104K)->128K(111104K)
[640.271s][info][gc,heap        ] GC(2143) ParOldGen: 376100K(667648K)->376204K(667648K)
[640.271s][info][gc,metaspace   ] GC(2143) Metaspace: 19086K(19328K)->19086K(19328K) NonClass: 16421K(16576K)->16421K(16576K) Class: 2665K(2752K)->2665K(2752K)
[640.271s][info][gc             ] GC(2143) Pause Young (Allocation Failure) 476M->367M(869M) 1.824ms
[640.271s][info][gc,cpu         ] GC(2143) User=0.00s Sys=0.00s Real=0.01s
[640.388s][info][gc,start       ] GC(2144) Pause Young (Allocation Failure)
[640.389s][info][gc,heap        ] GC(2144) PSYoungGen: 111744K(222720K)->96K(222720K) Eden: 111616K(111616K)->0K(111616K) From: 128K(111104K)->96K(111104K)
[640.389s][info][gc,heap        ] GC(2144) ParOldGen: 376204K(667648K)->376308K(667648K)
[640.389s][info][gc,metaspace   ] GC(2144) Metaspace: 19086K(19328K)->19086K(19328K) NonClass: 16421K(16576K)->16421K(16576K) Class: 2665K(2752K)->2665K(2752K)
[640.389s][info][gc             ] GC(2144) Pause Young (Allocation Failure) 476M->367M(869M) 1.721ms
[640.389s][info][gc,cpu         ] GC(2144) User=0.00s Sys=0.00s Real=0.00s
[640.527s][info][gc,start       ] GC(2145) Pause Young (Allocation Failure)
[640.531s][info][gc,heap        ] GC(2145) PSYoungGen: 111712K(222720K)->1440K(222720K) Eden: 111616K(111616K)->0K(111616K) From: 96K(111104K)->1440K(111104K)
[640.531s][info][gc,heap        ] GC(2145) ParOldGen: 376308K(667648K)->376380K(667648K)
[640.531s][info][gc,metaspace   ] GC(2145) Metaspace: 19086K(19328K)->19086K(19328K) NonClass: 16421K(16576K)->16421K(16576K) Class: 2665K(2752K)->2665K(2752K)
[640.531s][info][gc             ] GC(2145) Pause Young (Allocation Failure) 476M->368M(869M) 4.393ms
[640.531s][info][gc,cpu         ] GC(2145) User=0.01s Sys=0.00s Real=0.01s
[640.652s][info][gc,start       ] GC(2146) Pause Young (Allocation Failure)
[640.668s][info][gc,heap        ] GC(2146) PSYoungGen: 113056K(222720K)->2272K(222720K) Eden: 111616K(111616K)->0K(111616K) From: 1440K(111104K)->2272K(111104K)
[640.668s][info][gc,heap        ] GC(2146) ParOldGen: 376380K(667648K)->377780K(667648K)
[640.668s][info][gc,metaspace   ] GC(2146) Metaspace: 19088K(19328K)->19088K(19328K) NonClass: 16423K(16576K)->16423K(16576K) Class: 2665K(2752K)->2665K(2752K)
[640.668s][info][gc             ] GC(2146) Pause Young (Allocation Failure) 477M->371M(869M) 15.784ms
[640.668s][info][gc,cpu         ] GC(2146) User=0.03s Sys=0.00s Real=0.01s
[640.812s][info][gc,start       ] GC(2147) Pause Young (Allocation Failure)
[640.846s][info][gc,heap        ] GC(2147) PSYoungGen: 113888K(222720K)->18635K(222720K) Eden: 111616K(111616K)->0K(111616K) From: 2272K(111104K)->18635K(111104K)
[640.846s][info][gc,heap        ] GC(2147) ParOldGen: 377780K(667648K)->380020K(667648K)
[640.846s][info][gc,metaspace   ] GC(2147) Metaspace: 19088K(19328K)->19088K(19328K) NonClass: 16423K(16576K)->16423K(16576K) Class: 2665K(2752K)->2665K(2752K)
[640.846s][info][gc             ] GC(2147) Pause Young (Allocation Failure) 480M->389M(869M) 34.074ms
[640.846s][info][gc,cpu         ] GC(2147) User=0.07s Sys=0.00s Real=0.03s
[640.948s][info][gc,start       ] GC(2148) Pause Young (Allocation Failure)
[640.993s][info][gc,heap        ] GC(2148) PSYoungGen: 130251K(222720K)->18080K(222720K) Eden: 111616K(111616K)->0K(111616K) From: 18635K(111104K)->18080K(111104K)
[640.993s][info][gc,heap        ] GC(2148) ParOldGen: 380020K(667648K)->398648K(667648K)
[640.993s][info][gc,metaspace   ] GC(2148) Metaspace: 19088K(19328K)->19088K(19328K) NonClass: 16423K(16576K)->16423K(16576K) Class: 2665K(2752K)->2665K(2752K)
[640.993s][info][gc             ] GC(2148) Pause Young (Allocation Failure) 498M->406M(869M) 45.804ms
[640.993s][info][gc,cpu         ] GC(2148) User=0.09s Sys=0.00s Real=0.05s
[641.113s][info][gc,start       ] GC(2149) Pause Young (Allocation Failure)
[641.145s][info][gc,heap        ] GC(2149) PSYoungGen: 129696K(222720K)->12032K(222720K) Eden: 111616K(111616K)->0K(111616K) From: 18080K(111104K)->12032K(111104K)
[641.145s][info][gc,heap        ] GC(2149) ParOldGen: 398648K(667648K)->416712K(667648K)
[641.145s][info][gc,metaspace   ] GC(2149) Metaspace: 19088K(19328K)->19088K(19328K) NonClass: 16423K(16576K)->16423K(16576K) Class: 2665K(2752K)->2665K(2752K)
[641.145s][info][gc             ] GC(2149) Pause Young (Allocation Failure) 515M->418M(869M) 31.666ms
[641.145s][info][gc,cpu         ] GC(2149) User=0.06s Sys=0.00s Real=0.03s
[641.219s][info][gc,start       ] GC(2150) Pause Young (Allocation Failure)
[641.235s][info][gc,heap        ] GC(2150) PSYoungGen: 123648K(222720K)->2368K(114176K) Eden: 111616K(111616K)->0K(111616K) From: 12032K(111104K)->2368K(2560K)
[641.235s][info][gc,heap        ] GC(2150) ParOldGen: 416712K(667648K)->428776K(667648K)
[641.235s][info][gc,metaspace   ] GC(2150) Metaspace: 19088K(19328K)->19088K(19328K) NonClass: 16423K(16576K)->16423K(16576K) Class: 2665K(2752K)->2665K(2752K)
[641.235s][info][gc             ] GC(2150) Pause Young (Allocation Failure) 527M->421M(763M) 15.704ms
[641.235s][info][gc,cpu         ] GC(2150) User=0.03s Sys=0.00s Real=0.02s
[641.342s][info][gc,start       ] GC(2151) Pause Young (Allocation Failure)
[641.351s][info][gc,heap        ] GC(2151) PSYoungGen: 113984K(114176K)->3552K(221184K) Eden: 111616K(111616K)->0K(117248K) From: 2368K(2560K)->3552K(103936K)
[641.351s][info][gc,heap        ] GC(2151) ParOldGen: 428776K(667648K)->428776K(667648K)
[641.351s][info][gc,metaspace   ] GC(2151) Metaspace: 19088K(19328K)->19088K(19328K) NonClass: 16423K(16576K)->16423K(16576K) Class: 2665K(2752K)->2665K(2752K)
[641.351s][info][gc             ] GC(2151) Pause Young (Allocation Failure) 530M->422M(868M) 9.263ms
[641.351s][info][gc,cpu         ] GC(2151) User=0.01s Sys=0.00s Real=0.01s
[641.462s][info][gc,start       ] GC(2152) Pause Young (Allocation Failure)
[641.475s][info][gc,heap        ] GC(2152) PSYoungGen: 120800K(221184K)->6880K(220672K) Eden: 117248K(117248K)->0K(117248K) From: 3552K(103936K)->6880K(103424K)
[641.475s][info][gc,heap        ] GC(2152) ParOldGen: 428776K(667648K)->428776K(667648K)
[641.475s][info][gc,metaspace   ] GC(2152) Metaspace: 19088K(19328K)->19088K(19328K) NonClass: 16423K(16576K)->16423K(16576K) Class: 2665K(2752K)->2665K(2752K)
[641.475s][info][gc             ] GC(2152) Pause Young (Allocation Failure) 536M->425M(867M) 12.942ms
[641.475s][info][gc,cpu         ] GC(2152) User=0.03s Sys=0.00s Real=0.01s
[641.569s][info][gc,start       ] GC(2153) Pause Young (Allocation Failure)
[641.580s][info][gc,heap        ] GC(2153) PSYoungGen: 124128K(220672K)->6944K(209408K) Eden: 117248K(117248K)->0K(123392K) From: 6880K(103424K)->6944K(86016K)
[641.580s][info][gc,heap        ] GC(2153) ParOldGen: 428776K(667648K)->428776K(667648K)
[641.580s][info][gc,metaspace   ] GC(2153) Metaspace: 19088K(19328K)->19088K(19328K) NonClass: 16423K(16576K)->16423K(16576K) Class: 2665K(2752K)->2665K(2752K)
[641.580s][info][gc             ] GC(2153) Pause Young (Allocation Failure) 539M->425M(856M) 10.701ms
[641.580s][info][gc,cpu         ] GC(2153) User=0.02s Sys=0.00s Real=0.01s
[641.702s][info][gc,start       ] GC(2154) Pause Young (Allocation Failure)
[641.720s][info][gc,heap        ] GC(2154) PSYoungGen: 130336K(209408K)->15488K(139264K) Eden: 123392K(123392K)->0K(123392K) From: 6944K(86016K)->15488K(15872K)
[641.720s][info][gc,heap        ] GC(2154) ParOldGen: 428776K(667648K)->428776K(667648K)
[641.720s][info][gc,metaspace   ] GC(2154) Metaspace: 19088K(19328K)->19088K(19328K) NonClass: 16423K(16576K)->16423K(16576K) Class: 2665K(2752K)->2665K(2752K)
[641.720s][info][gc             ] GC(2154) Pause Young (Allocation Failure) 546M->433M(788M) 17.834ms
[641.720s][info][gc,cpu         ] GC(2154) User=0.03s Sys=0.00s Real=0.02s
[641.840s][info][gc,start       ] GC(2155) Pause Young (Allocation Failure)
[641.872s][info][gc,heap        ] GC(2155) PSYoungGen: 138880K(139264K)->30496K(211968K) Eden: 123392K(123392K)->0K(130560K) From: 15488K(15872K)->30496K(81408K)
[641.872s][info][gc,heap        ] GC(2155) ParOldGen: 428776K(667648K)->428776K(667648K)
[641.872s][info][gc,metaspace   ] GC(2155) Metaspace: 19088K(19328K)->19088K(19328K) NonClass: 16423K(16576K)->16423K(16576K) Class: 2665K(2752K)->2665K(2752K)
[641.872s][info][gc             ] GC(2155) Pause Young (Allocation Failure) 554M->448M(859M) 32.575ms
[641.872s][info][gc,cpu         ] GC(2155) User=0.06s Sys=0.00s Real=0.04s
[642.121s][info][gc,start       ] GC(2156) Pause Young (Allocation Failure)
[642.153s][info][gc,heap        ] GC(2156) PSYoungGen: 161056K(211968K)->30496K(212992K) Eden: 130560K(130560K)->0K(130560K) From: 30496K(81408K)->30496K(82432K)
[642.153s][info][gc,heap        ] GC(2156) ParOldGen: 428776K(667648K)->428776K(667648K)
[642.153s][info][gc,metaspace   ] GC(2156) Metaspace: 19088K(19328K)->19088K(19328K) NonClass: 16423K(16576K)->16423K(16576K) Class: 2665K(2752K)->2665K(2752K)
[642.153s][info][gc             ] GC(2156) Pause Young (Allocation Failure) 576M->448M(860M) 31.945ms
[642.153s][info][gc,cpu         ] GC(2156) User=0.06s Sys=0.00s Real=0.03s
[642.377s][info][gc,start       ] GC(2157) Pause Young (Allocation Failure)
[642.419s][info][gc,heap        ] GC(2157) PSYoungGen: 161056K(212992K)->38176K(218112K) Eden: 130560K(130560K)->0K(137216K) From: 30496K(82432K)->38176K(80896K)
[642.419s][info][gc,heap        ] GC(2157) ParOldGen: 428776K(667648K)->428776K(667648K)
[642.419s][info][gc,metaspace   ] GC(2157) Metaspace: 19088K(19328K)->19088K(19328K) NonClass: 16423K(16576K)->16423K(16576K) Class: 2665K(2752K)->2665K(2752K)
[642.419s][info][gc             ] GC(2157) Pause Young (Allocation Failure) 576M->456M(865M) 42.029ms
[642.419s][info][gc,cpu         ] GC(2157) User=0.09s Sys=0.00s Real=0.04s
[642.585s][info][gc,start       ] GC(2158) Pause Young (Allocation Failure)
[642.649s][info][gc,heap        ] GC(2158) PSYoungGen: 175392K(218112K)->57648K(218624K) Eden: 137216K(137216K)->0K(137216K) From: 38176K(80896K)->57648K(81408K)
[642.649s][info][gc,heap        ] GC(2158) ParOldGen: 428776K(667648K)->428776K(667648K)
[642.649s][info][gc,metaspace   ] GC(2158) Metaspace: 19088K(19328K)->19088K(19328K) NonClass: 16423K(16576K)->16423K(16576K) Class: 2665K(2752K)->2665K(2752K)
[642.649s][info][gc             ] GC(2158) Pause Young (Allocation Failure) 590M->475M(865M) 64.921ms
[642.649s][info][gc,cpu         ] GC(2158) User=0.12s Sys=0.00s Real=0.06s
[642.793s][info][gc,start       ] GC(2159) Pause Young (Allocation Failure)
[642.868s][info][gc,heap        ] GC(2159) PSYoungGen: 194864K(218624K)->71616K(222720K) Eden: 137216K(137216K)->0K(134144K) From: 57648K(81408K)->71616K(88576K)
[642.868s][info][gc,heap        ] GC(2159) ParOldGen: 428776K(667648K)->428776K(667648K)
[642.868s][info][gc,metaspace   ] GC(2159) Metaspace: 19088K(19328K)->19088K(19328K) NonClass: 16423K(16576K)->16423K(16576K) Class: 2665K(2752K)->2665K(2752K)
[642.868s][info][gc             ] GC(2159) Pause Young (Allocation Failure) 609M->488M(869M) 75.518ms
[642.868s][info][gc,cpu         ] GC(2159) User=0.14s Sys=0.01s Real=0.07s
[643.015s][info][gc,start       ] GC(2160) Pause Young (Allocation Failure)
[643.094s][info][gc,heap        ] GC(2160) PSYoungGen: 205760K(222720K)->74016K(208384K) Eden: 134144K(134144K)->0K(134144K) From: 71616K(88576K)->74016K(74240K)
[643.094s][info][gc,heap        ] GC(2160) ParOldGen: 428776K(667648K)->428776K(667648K)
[643.094s][info][gc,metaspace   ] GC(2160) Metaspace: 19088K(19328K)->19088K(19328K) NonClass: 16423K(16576K)->16423K(16576K) Class: 2665K(2752K)->2665K(2752K)
[643.094s][info][gc             ] GC(2160) Pause Young (Allocation Failure) 619M->491M(855M) 79.902ms
[643.094s][info][gc,cpu         ] GC(2160) User=0.16s Sys=0.00s Real=0.08s
[643.241s][info][gc,start       ] GC(2161) Pause Young (Allocation Failure)
[643.323s][info][gc,heap        ] GC(2161) PSYoungGen: 208160K(208384K)->78256K(220672K) Eden: 134144K(134144K)->0K(111616K) From: 74016K(74240K)->78256K(109056K)
[643.323s][info][gc,heap        ] GC(2161) ParOldGen: 428776K(667648K)->428776K(667648K)
[643.323s][info][gc,metaspace   ] GC(2161) Metaspace: 19088K(19328K)->19088K(19328K) NonClass: 16423K(16576K)->16423K(16576K) Class: 2665K(2752K)->2665K(2752K)
[643.323s][info][gc             ] GC(2161) Pause Young (Allocation Failure) 622M->495M(867M) 82.063ms
[643.323s][info][gc,cpu         ] GC(2161) User=0.16s Sys=0.00s Real=0.08s
[643.436s][info][gc,start       ] GC(2162) Pause Young (Allocation Failure)
[643.519s][info][gc,heap        ] GC(2162) PSYoungGen: 189872K(220672K)->74752K(222720K) Eden: 111616K(111616K)->0K(111616K) From: 78256K(109056K)->74752K(111104K)
[643.519s][info][gc,heap        ] GC(2162) ParOldGen: 428776K(667648K)->432304K(667648K)
[643.519s][info][gc,metaspace   ] GC(2162) Metaspace: 19088K(19328K)->19088K(19328K) NonClass: 16423K(16576K)->16423K(16576K) Class: 2665K(2752K)->2665K(2752K)
[643.519s][info][gc             ] GC(2162) Pause Young (Allocation Failure) 604M->495M(869M) 83.364ms
[643.519s][info][gc,cpu         ] GC(2162) User=0.16s Sys=0.00s Real=0.08s
[643.632s][info][gc,start       ] GC(2163) Pause Young (Allocation Failure)
[643.709s][info][gc,heap        ] GC(2163) PSYoungGen: 186368K(222720K)->71376K(222720K) Eden: 111616K(111616K)->0K(111616K) From: 74752K(111104K)->71376K(111104K)
[643.709s][info][gc,heap        ] GC(2163) ParOldGen: 432304K(667648K)->435736K(667648K)
[643.709s][info][gc,metaspace   ] GC(2163) Metaspace: 19088K(19328K)->19088K(19328K) NonClass: 16423K(16576K)->16423K(16576K) Class: 2665K(2752K)->2665K(2752K)
[643.709s][info][gc             ] GC(2163) Pause Young (Allocation Failure) 604M->495M(869M) 76.712ms
[643.709s][info][gc,cpu         ] GC(2163) User=0.15s Sys=0.00s Real=0.07s
[643.858s][info][gc,start       ] GC(2164) Pause Young (Allocation Failure)
[643.940s][info][gc,heap        ] GC(2164) PSYoungGen: 182992K(222720K)->60576K(222720K) Eden: 111616K(111616K)->0K(111616K) From: 71376K(111104K)->60576K(111104K)
[643.940s][info][gc,heap        ] GC(2164) ParOldGen: 435736K(667648K)->459312K(667648K)
[643.940s][info][gc,metaspace   ] GC(2164) Metaspace: 19088K(19328K)->19088K(19328K) NonClass: 16423K(16576K)->16423K(16576K) Class: 2665K(2752K)->2665K(2752K)
[643.940s][info][gc             ] GC(2164) Pause Young (Allocation Failure) 604M->507M(869M) 81.817ms
[643.940s][info][gc,cpu         ] GC(2164) User=0.17s Sys=0.00s Real=0.09s
[644.169s][info][gc,start       ] GC(2165) Pause Young (Allocation Failure)
[644.232s][info][gc,heap        ] GC(2165) PSYoungGen: 172192K(222720K)->55584K(222720K) Eden: 111616K(111616K)->0K(111616K) From: 60576K(111104K)->55584K(111104K)
[644.232s][info][gc,heap        ] GC(2165) ParOldGen: 459312K(667648K)->466952K(667648K)
[644.232s][info][gc,metaspace   ] GC(2165) Metaspace: 19088K(19328K)->19088K(19328K) NonClass: 16423K(16576K)->16423K(16576K) Class: 2665K(2752K)->2665K(2752K)
[644.232s][info][gc             ] GC(2165) Pause Young (Allocation Failure) 616M->510M(869M) 63.236ms
[644.232s][info][gc,cpu         ] GC(2165) User=0.13s Sys=0.00s Real=0.07s
[644.567s][info][gc,start       ] GC(2166) Pause Young (Allocation Failure)
[644.622s][info][gc,heap        ] GC(2166) PSYoungGen: 167200K(222720K)->22208K(222720K) Eden: 111616K(111616K)->0K(111616K) From: 55584K(111104K)->22208K(111104K)
[644.622s][info][gc,heap        ] GC(2166) ParOldGen: 466952K(667648K)->500536K(667648K)
[644.622s][info][gc,metaspace   ] GC(2166) Metaspace: 19088K(19328K)->19088K(19328K) NonClass: 16423K(16576K)->16423K(16576K) Class: 2665K(2752K)->2665K(2752K)
[644.622s][info][gc             ] GC(2166) Pause Young (Allocation Failure) 619M->510M(869M) 54.366ms
[644.622s][info][gc,cpu         ] GC(2166) User=0.11s Sys=0.00s Real=0.06s
[644.905s][info][gc,start       ] GC(2167) Pause Young (Allocation Failure)
[644.930s][info][gc,heap        ] GC(2167) PSYoungGen: 133824K(222720K)->15712K(222720K) Eden: 111616K(111616K)->0K(111616K) From: 22208K(111104K)->15712K(111104K)
[644.930s][info][gc,heap        ] GC(2167) ParOldGen: 500536K(667648K)->507200K(667648K)
[644.930s][info][gc,metaspace   ] GC(2167) Metaspace: 19088K(19328K)->19088K(19328K) NonClass: 16423K(16576K)->16423K(16576K) Class: 2665K(2752K)->2665K(2752K)
[644.930s][info][gc             ] GC(2167) Pause Young (Allocation Failure) 619M->510M(869M) 24.494ms
[644.930s][info][gc,cpu         ] GC(2167) User=0.05s Sys=0.00s Real=0.02s
[645.155s][info][gc,start       ] GC(2168) Pause Young (Allocation Failure)
[645.177s][info][gc,heap        ] GC(2168) PSYoungGen: 127328K(222720K)->15600K(222720K) Eden: 111616K(111616K)->0K(111616K) From: 15712K(111104K)->15600K(111104K)
[645.177s][info][gc,heap        ] GC(2168) ParOldGen: 507200K(667648K)->507240K(667648K)
[645.177s][info][gc,metaspace   ] GC(2168) Metaspace: 19088K(19328K)->19088K(19328K) NonClass: 16423K(16576K)->16423K(16576K) Class: 2665K(2752K)->2665K(2752K)
[645.177s][info][gc             ] GC(2168) Pause Young (Allocation Failure) 619M->510M(869M) 22.131ms
[645.177s][info][gc,cpu         ] GC(2168) User=0.03s Sys=0.01s Real=0.02s
[645.446s][info][gc,start       ] GC(2169) Pause Young (Allocation Failure)
[645.465s][info][gc,heap        ] GC(2169) PSYoungGen: 127216K(222720K)->416K(222720K) Eden: 111616K(111616K)->0K(111616K) From: 15600K(111104K)->416K(111104K)
[645.465s][info][gc,heap        ] GC(2169) ParOldGen: 507240K(667648K)->522608K(667648K)
[645.465s][info][gc,metaspace   ] GC(2169) Metaspace: 19088K(19328K)->19088K(19328K) NonClass: 16423K(16576K)->16423K(16576K) Class: 2665K(2752K)->2665K(2752K)
[645.465s][info][gc             ] GC(2169) Pause Young (Allocation Failure) 619M->510M(869M) 18.489ms
[645.465s][info][gc,cpu         ] GC(2169) User=0.04s Sys=0.00s Real=0.02s
[645.656s][info][gc,start       ] GC(2170) Pause Young (Allocation Failure)
[645.670s][info][gc,heap        ] GC(2170) PSYoungGen: 112032K(222720K)->14528K(126464K) Eden: 111616K(111616K)->0K(111616K) From: 416K(111104K)->14528K(14848K)
[645.670s][info][gc,heap        ] GC(2170) ParOldGen: 522608K(667648K)->522608K(667648K)
[645.670s][info][gc,metaspace   ] GC(2170) Metaspace: 19088K(19328K)->19088K(19328K) NonClass: 16423K(16576K)->16423K(16576K) Class: 2665K(2752K)->2665K(2752K)
[645.670s][info][gc             ] GC(2170) Pause Young (Allocation Failure) 619M->524M(775M) 13.641ms
[645.670s][info][gc,cpu         ] GC(2170) User=0.03s Sys=0.00s Real=0.02s
[645.728s][info][gc,start       ] GC(2171) Pause Young (Allocation Failure)
[645.772s][info][gc,heap        ] GC(2171) PSYoungGen: 126144K(126464K)->57360K(217088K) Eden: 111616K(111616K)->0K(110080K) From: 14528K(14848K)->57360K(107008K)
[645.772s][info][gc,heap        ] GC(2171) ParOldGen: 522608K(667648K)->522608K(667648K)
[645.772s][info][gc,metaspace   ] GC(2171) Metaspace: 19088K(19328K)->19088K(19328K) NonClass: 16423K(16576K)->16423K(16576K) Class: 2665K(2752K)->2665K(2752K)
[645.772s][info][gc             ] GC(2171) Pause Young (Allocation Failure) 633M->566M(864M) 44.515ms
[645.772s][info][gc,cpu         ] GC(2171) User=0.09s Sys=0.00s Real=0.05s
[645.828s][info][gc,start       ] GC(2172) Pause Young (Allocation Failure)
[645.893s][info][gc,heap        ] GC(2172) PSYoungGen: 167440K(217088K)->93888K(218624K) Eden: 110080K(110080K)->0K(110080K) From: 57360K(107008K)->93888K(108544K)
[645.893s][info][gc,heap        ] GC(2172) ParOldGen: 522608K(667648K)->522608K(667648K)
[645.893s][info][gc,metaspace   ] GC(2172) Metaspace: 19088K(19328K)->19088K(19328K) NonClass: 16423K(16576K)->16423K(16576K) Class: 2665K(2752K)->2665K(2752K)
[645.893s][info][gc             ] GC(2172) Pause Young (Allocation Failure) 673M->602M(865M) 65.128ms
[645.893s][info][gc,cpu         ] GC(2172) User=0.13s Sys=0.00s Real=0.07s
[645.962s][info][gc,start       ] GC(2173) Pause Young (Allocation Failure)
[646.068s][info][gc,heap        ] GC(2173) PSYoungGen: 203968K(218624K)->111088K(222720K) Eden: 110080K(110080K)->0K(111616K) From: 93888K(108544K)->111088K(111104K)
[646.069s][info][gc,heap        ] GC(2173) ParOldGen: 522608K(667648K)->549697K(667648K)
[646.069s][info][gc,metaspace   ] GC(2173) Metaspace: 19088K(19328K)->19088K(19328K) NonClass: 16423K(16576K)->16423K(16576K) Class: 2665K(2752K)->2665K(2752K)
[646.069s][info][gc             ] GC(2173) Pause Young (Allocation Failure) 709M->645M(869M) 106.230ms
[646.069s][info][gc,cpu         ] GC(2173) User=0.18s Sys=0.02s Real=0.10s
[646.155s][info][gc,start       ] GC(2174) Pause Young (Allocation Failure)
[646.268s][info][gc,heap        ] GC(2174) PSYoungGen: 222704K(222720K)->111104K(222720K) Eden: 111616K(111616K)->0K(111616K) From: 111088K(111104K)->111104K(111104K)
[646.269s][info][gc,heap        ] GC(2174) ParOldGen: 549697K(667648K)->597528K(667648K)
[646.269s][info][gc,metaspace   ] GC(2174) Metaspace: 19088K(19328K)->19088K(19328K) NonClass: 16423K(16576K)->16423K(16576K) Class: 2665K(2752K)->2665K(2752K)
[646.269s][info][gc             ] GC(2174) Pause Young (Allocation Failure) 754M->692M(869M) 113.574ms
[646.269s][info][gc,cpu         ] GC(2174) User=0.23s Sys=0.00s Real=0.11s
[646.486s][info][gc,start       ] GC(2175) Pause Young (Allocation Failure)
[646.591s][info][gc,heap        ] GC(2175) PSYoungGen: 222679K(222720K)->76992K(222720K) Eden: 111575K(111616K)->0K(111616K) From: 111104K(111104K)->76992K(111104K)
[646.591s][info][gc,heap        ] GC(2175) ParOldGen: 597528K(667648K)->654160K(667648K)
[646.591s][info][gc,metaspace   ] GC(2175) Metaspace: 19088K(19328K)->19088K(19328K) NonClass: 16423K(16576K)->16423K(16576K) Class: 2665K(2752K)->2665K(2752K)
[646.591s][info][gc             ] GC(2175) Pause Young (Allocation Failure) 800M->714M(869M) 104.914ms
[646.591s][info][gc,cpu         ] GC(2175) User=0.21s Sys=0.00s Real=0.11s
[646.757s][info][gc,start       ] GC(2176) Pause Full (Allocation Failure)
[646.757s][info][gc,phases,start] GC(2176) Marking Phase
[647.144s][info][gc,phases      ] GC(2176) Marking Phase 386.594ms
[647.144s][info][gc,phases,start] GC(2176) Summary Phase
[647.144s][info][gc,phases      ] GC(2176) Summary Phase 0.028ms
[647.144s][info][gc,phases,start] GC(2176) Forward
[647.292s][info][gc,phases      ] GC(2176) Forward 148.299ms
[647.293s][info][gc,phases,start] GC(2176) Adjust Pointers
[647.602s][info][gc,phases      ] GC(2176) Adjust Pointers 309.765ms
[647.602s][info][gc,phases,start] GC(2176) Compaction Phase
[647.779s][info][gc,phases      ] GC(2176) Compaction Phase 176.178ms
[647.789s][info][gc,phases,start] GC(2176) Post Compact
[647.792s][info][gc,phases      ] GC(2176) Post Compact 2.497ms
[647.792s][info][gc,heap        ] GC(2176) PSYoungGen: 188608K(222720K)->0K(222720K) Eden: 111616K(111616K)->0K(111616K) From: 76992K(111104K)->0K(111104K)
[647.792s][info][gc,heap        ] GC(2176) ParOldGen: 654160K(667648K)->584341K(667648K)
[647.792s][info][gc,metaspace   ] GC(2176) Metaspace: 19088K(19328K)->19088K(19328K) NonClass: 16423K(16576K)->16423K(16576K) Class: 2665K(2752K)->2665K(2752K)
[647.792s][info][gc             ] GC(2176) Pause Full (Allocation Failure) 823M->570M(869M) 1034.667ms
[647.792s][info][gc,cpu         ] GC(2176) User=1.96s Sys=0.00s Real=1.04s
[647.899s][info][gc,start       ] GC(2177) Pause Young (Allocation Failure)
[647.914s][info][gc,heap        ] GC(2177) PSYoungGen: 111616K(222720K)->2048K(222720K) Eden: 111616K(111616K)->0K(111616K) From: 0K(111104K)->2048K(111104K)
[647.914s][info][gc,heap        ] GC(2177) ParOldGen: 584341K(667648K)->584341K(667648K)
[647.914s][info][gc,metaspace   ] GC(2177) Metaspace: 19088K(19328K)->19088K(19328K) NonClass: 16423K(16576K)->16423K(16576K) Class: 2665K(2752K)->2665K(2752K)
[647.914s][info][gc             ] GC(2177) Pause Young (Allocation Failure) 679M->572M(869M) 15.637ms
[647.914s][info][gc,cpu         ] GC(2177) User=0.03s Sys=0.00s Real=0.02s
[648.055s][info][gc,start       ] GC(2178) Pause Young (Allocation Failure)
[648.096s][info][gc,heap        ] GC(2178) PSYoungGen: 113664K(222720K)->18339K(222720K) Eden: 111616K(111616K)->0K(111616K) From: 2048K(111104K)->18339K(111104K)
[648.096s][info][gc,heap        ] GC(2178) ParOldGen: 584341K(667648K)->584341K(667648K)
[648.096s][info][gc,metaspace   ] GC(2178) Metaspace: 19088K(19328K)->19088K(19328K) NonClass: 16423K(16576K)->16423K(16576K) Class: 2665K(2752K)->2665K(2752K)
[648.096s][info][gc             ] GC(2178) Pause Young (Allocation Failure) 681M->588M(869M) 41.204ms
[648.096s][info][gc,cpu         ] GC(2178) User=0.08s Sys=0.00s Real=0.04s
[648.252s][info][gc,start       ] GC(2179) Pause Young (Allocation Failure)
[648.310s][info][gc,heap        ] GC(2179) PSYoungGen: 129955K(222720K)->12320K(222720K) Eden: 111616K(111616K)->0K(111616K) From: 18339K(111104K)->12320K(111104K)
[648.310s][info][gc,heap        ] GC(2179) ParOldGen: 584341K(667648K)->601660K(667648K)
[648.310s][info][gc,metaspace   ] GC(2179) Metaspace: 19088K(19328K)->19088K(19328K) NonClass: 16423K(16576K)->16423K(16576K) Class: 2665K(2752K)->2665K(2752K)
[648.310s][info][gc             ] GC(2179) Pause Young (Allocation Failure) 697M->599M(869M) 57.992ms
[648.310s][info][gc,cpu         ] GC(2179) User=0.11s Sys=0.00s Real=0.06s
[648.466s][info][gc,start       ] GC(2180) Pause Young (Allocation Failure)
[648.485s][info][gc,heap        ] GC(2180) PSYoungGen: 123936K(222720K)->64K(222720K) Eden: 111616K(111616K)->0K(111616K) From: 12320K(111104K)->64K(111104K)
[648.485s][info][gc,heap        ] GC(2180) ParOldGen: 601660K(667648K)->613972K(667648K)
[648.485s][info][gc,metaspace   ] GC(2180) Metaspace: 19088K(19328K)->19088K(19328K) NonClass: 16423K(16576K)->16423K(16576K) Class: 2665K(2752K)->2665K(2752K)
[648.486s][info][gc             ] GC(2180) Pause Young (Allocation Failure) 708M->599M(869M) 19.732ms
[648.486s][info][gc,cpu         ] GC(2180) User=0.04s Sys=0.00s Real=0.02s
[648.637s][info][gc,start       ] GC(2181) Pause Young (Allocation Failure)
[648.639s][info][gc,heap        ] GC(2181) PSYoungGen: 111680K(222720K)->64K(222720K) Eden: 111616K(111616K)->0K(111616K) From: 64K(111104K)->64K(111104K)
[648.639s][info][gc,heap        ] GC(2181) ParOldGen: 613972K(667648K)->613972K(667648K)
[648.639s][info][gc,metaspace   ] GC(2181) Metaspace: 19088K(19328K)->19088K(19328K) NonClass: 16423K(16576K)->16423K(16576K) Class: 2665K(2752K)->2665K(2752K)
[648.639s][info][gc             ] GC(2181) Pause Young (Allocation Failure) 708M->599M(869M) 1.910ms
[648.639s][info][gc,cpu         ] GC(2181) User=0.00s Sys=0.00s Real=0.00s
[648.797s][info][gc,start       ] GC(2182) Pause Young (Allocation Failure)
[648.799s][info][gc,heap        ] GC(2182) PSYoungGen: 111680K(222720K)->64K(222720K) Eden: 111616K(111616K)->0K(111616K) From: 64K(111104K)->64K(111104K)
[648.799s][info][gc,heap        ] GC(2182) ParOldGen: 613972K(667648K)->613972K(667648K)
[648.799s][info][gc,metaspace   ] GC(2182) Metaspace: 19088K(19328K)->19088K(19328K) NonClass: 16423K(16576K)->16423K(16576K) Class: 2665K(2752K)->2665K(2752K)
[648.799s][info][gc             ] GC(2182) Pause Young (Allocation Failure) 708M->599M(869M) 1.945ms
[648.799s][info][gc,cpu         ] GC(2182) User=0.00s Sys=0.00s Real=0.00s
[648.952s][info][gc,start       ] GC(2183) Pause Young (Allocation Failure)
[648.954s][info][gc,heap        ] GC(2183) PSYoungGen: 111680K(222720K)->64K(222720K) Eden: 111616K(111616K)->0K(111616K) From: 64K(111104K)->64K(111104K)
[648.954s][info][gc,heap        ] GC(2183) ParOldGen: 613972K(667648K)->613972K(667648K)
[648.954s][info][gc,metaspace   ] GC(2183) Metaspace: 19088K(19328K)->19088K(19328K) NonClass: 16423K(16576K)->16423K(16576K) Class: 2665K(2752K)->2665K(2752K)
[648.954s][info][gc             ] GC(2183) Pause Young (Allocation Failure) 708M->599M(869M) 1.933ms
[648.954s][info][gc,cpu         ] GC(2183) User=0.00s Sys=0.01s Real=0.00s
[649.111s][info][gc,start       ] GC(2184) Pause Young (Allocation Failure)
[649.113s][info][gc,heap        ] GC(2184) PSYoungGen: 111680K(222720K)->64K(222720K) Eden: 111616K(111616K)->0K(111616K) From: 64K(111104K)->64K(111104K)
[649.113s][info][gc,heap        ] GC(2184) ParOldGen: 613972K(667648K)->613972K(667648K)
[649.113s][info][gc,metaspace   ] GC(2184) Metaspace: 19088K(19328K)->19088K(19328K) NonClass: 16423K(16576K)->16423K(16576K) Class: 2665K(2752K)->2665K(2752K)
[649.113s][info][gc             ] GC(2184) Pause Young (Allocation Failure) 708M->599M(869M) 1.943ms
[649.113s][info][gc,cpu         ] GC(2184) User=0.00s Sys=0.00s Real=0.00s
[649.266s][info][gc,start       ] GC(2185) Pause Young (Allocation Failure)
[649.268s][info][gc,heap        ] GC(2185) PSYoungGen: 111680K(222720K)->64K(222720K) Eden: 111616K(111616K)->0K(111616K) From: 64K(111104K)->64K(111104K)
[649.268s][info][gc,heap        ] GC(2185) ParOldGen: 613972K(667648K)->613972K(667648K)
[649.268s][info][gc,metaspace   ] GC(2185) Metaspace: 19088K(19328K)->19088K(19328K) NonClass: 16423K(16576K)->16423K(16576K) Class: 2665K(2752K)->2665K(2752K)
[649.268s][info][gc             ] GC(2185) Pause Young (Allocation Failure) 708M->599M(869M) 1.948ms
[649.268s][info][gc,cpu         ] GC(2185) User=0.00s Sys=0.00s Real=0.00s
[649.400s][info][gc,start       ] GC(2186) Pause Young (Allocation Failure)
[649.413s][info][gc,heap        ] GC(2186) PSYoungGen: 111680K(222720K)->10240K(222720K) Eden: 111616K(111616K)->0K(111616K) From: 64K(111104K)->10240K(111104K)
[649.413s][info][gc,heap        ] GC(2186) ParOldGen: 613972K(667648K)->613972K(667648K)
[649.413s][info][gc,metaspace   ] GC(2186) Metaspace: 19088K(19328K)->19088K(19328K) NonClass: 16423K(16576K)->16423K(16576K) Class: 2665K(2752K)->2665K(2752K)
[649.413s][info][gc             ] GC(2186) Pause Young (Allocation Failure) 708M->609M(869M) 13.087ms
[649.413s][info][gc,cpu         ] GC(2186) User=0.03s Sys=0.00s Real=0.01s
[649.524s][info][gc,start       ] GC(2187) Pause Young (Allocation Failure)
[649.550s][info][gc,heap        ] GC(2187) PSYoungGen: 121856K(222720K)->13632K(222720K) Eden: 111616K(111616K)->0K(111616K) From: 10240K(111104K)->13632K(111104K)
[649.550s][info][gc,heap        ] GC(2187) ParOldGen: 613972K(667648K)->624204K(667648K)
[649.550s][info][gc,metaspace   ] GC(2187) Metaspace: 19088K(19328K)->19088K(19328K) NonClass: 16423K(16576K)->16423K(16576K) Class: 2665K(2752K)->2665K(2752K)
[649.550s][info][gc             ] GC(2187) Pause Young (Allocation Failure) 718M->622M(869M) 25.665ms
[649.550s][info][gc,cpu         ] GC(2187) User=0.05s Sys=0.00s Real=0.02s
[649.637s][info][gc,start       ] GC(2188) Pause Young (Allocation Failure)
[649.661s][info][gc,heap        ] GC(2188) PSYoungGen: 125248K(222720K)->7264K(222720K) Eden: 111616K(111616K)->0K(111616K) From: 13632K(111104K)->7264K(111104K)
[649.661s][info][gc,heap        ] GC(2188) ParOldGen: 624204K(667648K)->637836K(667648K)
[649.661s][info][gc,metaspace   ] GC(2188) Metaspace: 19088K(19328K)->19088K(19328K) NonClass: 16423K(16576K)->16423K(16576K) Class: 2665K(2752K)->2665K(2752K)
[649.661s][info][gc             ] GC(2188) Pause Young (Allocation Failure) 731M->629M(869M) 24.603ms
[649.661s][info][gc,cpu         ] GC(2188) User=0.05s Sys=0.00s Real=0.03s
[649.765s][info][gc,start       ] GC(2189) Pause Full (Allocation Failure)
[649.765s][info][gc,phases,start] GC(2189) Marking Phase
[650.093s][info][gc,phases      ] GC(2189) Marking Phase 328.129ms
[650.093s][info][gc,phases,start] GC(2189) Summary Phase
[650.093s][info][gc,phases      ] GC(2189) Summary Phase 0.027ms
[650.093s][info][gc,phases,start] GC(2189) Forward
[650.215s][info][gc,phases      ] GC(2189) Forward 121.507ms
[650.215s][info][gc,phases,start] GC(2189) Adjust Pointers
[650.491s][info][gc,phases      ] GC(2189) Adjust Pointers 276.345ms
[650.491s][info][gc,phases,start] GC(2189) Compaction Phase
[650.641s][info][gc,phases      ] GC(2189) Compaction Phase 149.669ms
[650.656s][info][gc,phases,start] GC(2189) Post Compact
[650.659s][info][gc,phases      ] GC(2189) Post Compact 2.207ms
[650.659s][info][gc,heap        ] GC(2189) PSYoungGen: 118880K(222720K)->0K(222720K) Eden: 111616K(111616K)->0K(111616K) From: 7264K(111104K)->0K(111104K)
[650.659s][info][gc,heap        ] GC(2189) ParOldGen: 637836K(667648K)->490487K(667648K)
[650.659s][info][gc,metaspace   ] GC(2189) Metaspace: 19088K(19328K)->19088K(19328K) NonClass: 16423K(16576K)->16423K(16576K) Class: 2665K(2752K)->2665K(2752K)
[650.659s][info][gc             ] GC(2189) Pause Full (Allocation Failure) 738M->478M(869M) 893.852ms
[650.659s][info][gc,cpu         ] GC(2189) User=1.68s Sys=0.00s Real=0.89s
[650.761s][info][gc,start       ] GC(2190) Pause Young (Allocation Failure)
[650.766s][info][gc,heap        ] GC(2190) PSYoungGen: 111616K(222720K)->1440K(113152K) Eden: 111616K(111616K)->0K(111616K) From: 0K(111104K)->1440K(1536K)
[650.766s][info][gc,heap        ] GC(2190) ParOldGen: 490487K(667648K)->490487K(667648K)
[650.766s][info][gc,metaspace   ] GC(2190) Metaspace: 19088K(19328K)->19088K(19328K) NonClass: 16423K(16576K)->16423K(16576K) Class: 2665K(2752K)->2665K(2752K)
[650.766s][info][gc             ] GC(2190) Pause Young (Allocation Failure) 587M->480M(762M) 5.282ms
[650.766s][info][gc,cpu         ] GC(2190) User=0.01s Sys=0.01s Real=0.00s
[650.904s][info][gc,start       ] GC(2191) Pause Young (Allocation Failure)
[650.916s][info][gc,heap        ] GC(2191) PSYoungGen: 113056K(113152K)->8000K(214528K) Eden: 111616K(111616K)->0K(116736K) From: 1440K(1536K)->8000K(97792K)
[650.916s][info][gc,heap        ] GC(2191) ParOldGen: 490487K(667648K)->490487K(667648K)
[650.916s][info][gc,metaspace   ] GC(2191) Metaspace: 19088K(19328K)->19088K(19328K) NonClass: 16423K(16576K)->16423K(16576K) Class: 2665K(2752K)->2665K(2752K)
[650.916s][info][gc             ] GC(2191) Pause Young (Allocation Failure) 589M->486M(861M) 11.909ms
[650.916s][info][gc,cpu         ] GC(2191) User=0.02s Sys=0.00s Real=0.01s
[651.108s][info][gc,start       ] GC(2192) Pause Young (Allocation Failure)
[651.121s][info][gc,heap        ] GC(2192) PSYoungGen: 124736K(214528K)->9568K(126464K) Eden: 116736K(116736K)->0K(116736K) From: 8000K(97792K)->9568K(9728K)
[651.121s][info][gc,heap        ] GC(2192) ParOldGen: 490487K(667648K)->490487K(667648K)
[651.121s][info][gc,metaspace   ] GC(2192) Metaspace: 19088K(19328K)->19088K(19328K) NonClass: 16423K(16576K)->16423K(16576K) Class: 2665K(2752K)->2665K(2752K)
[651.121s][info][gc             ] GC(2192) Pause Young (Allocation Failure) 600M->488M(775M) 12.449ms
[651.121s][info][gc,cpu         ] GC(2192) User=0.03s Sys=0.00s Real=0.02s
[651.369s][info][gc,start       ] GC(2193) Pause Young (Allocation Failure)
[651.381s][info][gc,heap        ] GC(2193) PSYoungGen: 126304K(126464K)->9600K(201728K) Eden: 116736K(116736K)->0K(121344K) From: 9568K(9728K)->9600K(80384K)
[651.382s][info][gc,heap        ] GC(2193) ParOldGen: 490487K(667648K)->490487K(667648K)
[651.382s][info][gc,metaspace   ] GC(2193) Metaspace: 19088K(19328K)->19088K(19328K) NonClass: 16423K(16576K)->16423K(16576K) Class: 2665K(2752K)->2665K(2752K)
[651.382s][info][gc             ] GC(2193) Pause Young (Allocation Failure) 602M->488M(849M) 12.485ms
[651.382s][info][gc,cpu         ] GC(2193) User=0.02s Sys=0.00s Real=0.02s
[651.614s][info][gc,start       ] GC(2194) Pause Young (Allocation Failure)
[651.626s][info][gc,heap        ] GC(2194) PSYoungGen: 130944K(201728K)->9696K(131072K) Eden: 121344K(121344K)->0K(121344K) From: 9600K(80384K)->9696K(9728K)
[651.626s][info][gc,heap        ] GC(2194) ParOldGen: 490487K(667648K)->490487K(667648K)
[651.626s][info][gc,metaspace   ] GC(2194) Metaspace: 19088K(19328K)->19088K(19328K) NonClass: 16423K(16576K)->16423K(16576K) Class: 2665K(2752K)->2665K(2752K)
[651.626s][info][gc             ] GC(2194) Pause Young (Allocation Failure) 606M->488M(780M) 12.110ms
[651.626s][info][gc,cpu         ] GC(2194) User=0.02s Sys=0.00s Real=0.01s
[651.835s][info][gc,start       ] GC(2195) Pause Young (Allocation Failure)
[651.850s][info][gc,heap        ] GC(2195) PSYoungGen: 131040K(131072K)->9696K(196096K) Eden: 121344K(121344K)->0K(125952K) From: 9696K(9728K)->9696K(70144K)
[651.850s][info][gc,heap        ] GC(2195) ParOldGen: 490487K(667648K)->490487K(667648K)
[651.850s][info][gc,metaspace   ] GC(2195) Metaspace: 19088K(19328K)->19088K(19328K) NonClass: 16423K(16576K)->16423K(16576K) Class: 2665K(2752K)->2665K(2752K)
[651.850s][info][gc             ] GC(2195) Pause Young (Allocation Failure) 606M->488M(843M) 15.326ms
[651.850s][info][gc,cpu         ] GC(2195) User=0.03s Sys=0.00s Real=0.02s
[652.094s][info][gc,start       ] GC(2196) Pause Young (Allocation Failure)
[652.107s][info][gc,heap        ] GC(2196) PSYoungGen: 135648K(196096K)->9696K(135680K) Eden: 125952K(125952K)->0K(125952K) From: 9696K(70144K)->9696K(9728K)
[652.107s][info][gc,heap        ] GC(2196) ParOldGen: 490487K(667648K)->490487K(667648K)
[652.107s][info][gc,metaspace   ] GC(2196) Metaspace: 19088K(19328K)->19088K(19328K) NonClass: 16423K(16576K)->16423K(16576K) Class: 2665K(2752K)->2665K(2752K)
[652.107s][info][gc             ] GC(2196) Pause Young (Allocation Failure) 611M->488M(784M) 13.785ms
[652.107s][info][gc,cpu         ] GC(2196) User=0.03s Sys=0.00s Real=0.01s
[652.247s][info][gc,start       ] GC(2197) Pause Young (Allocation Failure)
[652.271s][info][gc,heap        ] GC(2197) PSYoungGen: 135648K(135680K)->22752K(198144K) Eden: 125952K(125952K)->0K(131584K) From: 9696K(9728K)->22752K(66560K)
[652.271s][info][gc,heap        ] GC(2197) ParOldGen: 490487K(667648K)->490487K(667648K)
[652.271s][info][gc,metaspace   ] GC(2197) Metaspace: 19088K(19328K)->19088K(19328K) NonClass: 16423K(16576K)->16423K(16576K) Class: 2665K(2752K)->2665K(2752K)
[652.271s][info][gc             ] GC(2197) Pause Young (Allocation Failure) 611M->501M(845M) 24.746ms
[652.271s][info][gc,cpu         ] GC(2197) User=0.05s Sys=0.00s Real=0.03s
[652.417s][info][gc,start       ] GC(2198) Pause Young (Allocation Failure)
[652.451s][info][gc,heap        ] GC(2198) PSYoungGen: 154282K(198144K)->37584K(199680K) Eden: 131530K(131584K)->0K(131584K) From: 22752K(66560K)->37584K(68096K)
[652.451s][info][gc,heap        ] GC(2198) ParOldGen: 490487K(667648K)->490487K(667648K)
[652.451s][info][gc,metaspace   ] GC(2198) Metaspace: 19088K(19328K)->19088K(19328K) NonClass: 16423K(16576K)->16423K(16576K) Class: 2665K(2752K)->2665K(2752K)
[652.451s][info][gc             ] GC(2198) Pause Young (Allocation Failure) 629M->515M(847M) 34.404ms
[652.451s][info][gc,cpu         ] GC(2198) User=0.07s Sys=0.00s Real=0.04s
[652.561s][info][gc,start       ] GC(2199) Pause Young (Allocation Failure)
[652.629s][info][gc,heap        ] GC(2199) PSYoungGen: 169168K(199680K)->71152K(193536K) Eden: 131584K(131584K)->0K(122368K) From: 37584K(68096K)->71152K(71168K)
[652.629s][info][gc,heap        ] GC(2199) ParOldGen: 490487K(667648K)->495743K(667648K)
[652.629s][info][gc,metaspace   ] GC(2199) Metaspace: 19088K(19328K)->19088K(19328K) NonClass: 16423K(16576K)->16423K(16576K) Class: 2665K(2752K)->2665K(2752K)
[652.629s][info][gc             ] GC(2199) Pause Young (Allocation Failure) 644M->553M(841M) 68.655ms
[652.630s][info][gc,cpu         ] GC(2199) User=0.12s Sys=0.02s Real=0.06s
[652.839s][info][gc,start       ] GC(2200) Pause Young (Allocation Failure)
[652.915s][info][gc,heap        ] GC(2200) PSYoungGen: 192793K(193536K)->74960K(209920K) Eden: 121641K(122368K)->0K(122368K) From: 71152K(71168K)->74960K(87552K)
[652.915s][info][gc,heap        ] GC(2200) ParOldGen: 495743K(667648K)->503751K(667648K)
[652.915s][info][gc,metaspace   ] GC(2200) Metaspace: 19088K(19328K)->19088K(19328K) NonClass: 16423K(16576K)->16423K(16576K) Class: 2665K(2752K)->2665K(2752K)
[652.915s][info][gc             ] GC(2200) Pause Young (Allocation Failure) 672M->565M(857M) 75.925ms
[652.915s][info][gc,cpu         ] GC(2200) User=0.15s Sys=0.00s Real=0.08s
[653.089s][info][gc,start       ] GC(2201) Pause Young (Allocation Failure)
[653.172s][info][gc,heap        ] GC(2201) PSYoungGen: 197328K(209920K)->76400K(212480K) Eden: 122368K(122368K)->0K(112640K) From: 74960K(87552K)->76400K(99840K)
[653.172s][info][gc,heap        ] GC(2201) ParOldGen: 503751K(667648K)->503751K(667648K)
[653.172s][info][gc,metaspace   ] GC(2201) Metaspace: 19088K(19328K)->19088K(19328K) NonClass: 16423K(16576K)->16423K(16576K) Class: 2665K(2752K)->2665K(2752K)
[653.172s][info][gc             ] GC(2201) Pause Young (Allocation Failure) 684M->566M(859M) 83.640ms
[653.172s][info][gc,cpu         ] GC(2201) User=0.15s Sys=0.01s Real=0.09s
[653.338s][info][gc,start       ] GC(2202) Pause Young (Allocation Failure)
[653.412s][info][gc,heap        ] GC(2202) PSYoungGen: 189040K(212480K)->76400K(189440K) Eden: 112640K(112640K)->0K(112640K) From: 76400K(99840K)->76400K(76800K)
[653.413s][info][gc,heap        ] GC(2202) ParOldGen: 503751K(667648K)->503751K(667648K)
[653.413s][info][gc,metaspace   ] GC(2202) Metaspace: 19088K(19328K)->19088K(19328K) NonClass: 16423K(16576K)->16423K(16576K) Class: 2665K(2752K)->2665K(2752K)
[653.413s][info][gc             ] GC(2202) Pause Young (Allocation Failure) 676M->566M(837M) 74.898ms
[653.413s][info][gc,cpu         ] GC(2202) User=0.14s Sys=0.00s Real=0.08s
[653.576s][info][gc,start       ] GC(2203) Pause Young (Allocation Failure)
[653.651s][info][gc,heap        ] GC(2203) PSYoungGen: 189040K(189440K)->74864K(222720K) Eden: 112640K(112640K)->0K(111616K) From: 76400K(76800K)->74864K(111104K)
[653.651s][info][gc,heap        ] GC(2203) ParOldGen: 503751K(667648K)->505311K(667648K)
[653.651s][info][gc,metaspace   ] GC(2203) Metaspace: 19088K(19328K)->19088K(19328K) NonClass: 16423K(16576K)->16423K(16576K) Class: 2665K(2752K)->2665K(2752K)
[653.651s][info][gc             ] GC(2203) Pause Young (Allocation Failure) 676M->566M(869M) 74.638ms
[653.651s][info][gc,cpu         ] GC(2203) User=0.15s Sys=0.00s Real=0.08s
[653.812s][info][gc,start       ] GC(2204) Pause Young (Allocation Failure)
[653.886s][info][gc,heap        ] GC(2204) PSYoungGen: 186480K(222720K)->74736K(222720K) Eden: 111616K(111616K)->0K(111616K) From: 74864K(111104K)->74736K(111104K)
[653.886s][info][gc,heap        ] GC(2204) ParOldGen: 505311K(667648K)->505445K(667648K)
[653.886s][info][gc,metaspace   ] GC(2204) Metaspace: 19088K(19328K)->19088K(19328K) NonClass: 16423K(16576K)->16423K(16576K) Class: 2665K(2752K)->2665K(2752K)
[653.886s][info][gc             ] GC(2204) Pause Young (Allocation Failure) 675M->566M(869M) 73.930ms
[653.886s][info][gc,cpu         ] GC(2204) User=0.15s Sys=0.00s Real=0.07s
[654.048s][info][gc,start       ] GC(2205) Pause Young (Allocation Failure)
[654.121s][info][gc,heap        ] GC(2205) PSYoungGen: 186352K(222720K)->61680K(222720K) Eden: 111616K(111616K)->0K(111616K) From: 74736K(111104K)->61680K(111104K)
[654.121s][info][gc,heap        ] GC(2205) ParOldGen: 505445K(667648K)->518549K(667648K)
[654.121s][info][gc,metaspace   ] GC(2205) Metaspace: 19088K(19328K)->19088K(19328K) NonClass: 16423K(16576K)->16423K(16576K) Class: 2665K(2752K)->2665K(2752K)
[654.121s][info][gc             ] GC(2205) Pause Young (Allocation Failure) 675M->566M(869M) 73.290ms
[654.121s][info][gc,cpu         ] GC(2205) User=0.15s Sys=0.00s Real=0.08s
[654.282s][info][gc,start       ] GC(2206) Pause Young (Allocation Failure)
[654.338s][info][gc,heap        ] GC(2206) PSYoungGen: 173296K(222720K)->13248K(222720K) Eden: 111616K(111616K)->0K(111616K) From: 61680K(111104K)->13248K(111104K)
[654.338s][info][gc,heap        ] GC(2206) ParOldGen: 518549K(667648K)->567544K(667648K)
[654.338s][info][gc,metaspace   ] GC(2206) Metaspace: 19088K(19328K)->19088K(19328K) NonClass: 16423K(16576K)->16423K(16576K) Class: 2665K(2752K)->2665K(2752K)
[654.338s][info][gc             ] GC(2206) Pause Young (Allocation Failure) 675M->567M(869M) 56.619ms
[654.339s][info][gc,cpu         ] GC(2206) User=0.11s Sys=0.01s Real=0.05s
[654.497s][info][gc,start       ] GC(2207) Pause Young (Allocation Failure)
[654.520s][info][gc,heap        ] GC(2207) PSYoungGen: 124864K(222720K)->32K(222720K) Eden: 111616K(111616K)->0K(111616K) From: 13248K(111104K)->32K(111104K)
[654.520s][info][gc,heap        ] GC(2207) ParOldGen: 567544K(667648K)->580776K(667648K)
[654.520s][info][gc,metaspace   ] GC(2207) Metaspace: 19088K(19328K)->19088K(19328K) NonClass: 16423K(16576K)->16423K(16576K) Class: 2665K(2752K)->2665K(2752K)
[654.520s][info][gc             ] GC(2207) Pause Young (Allocation Failure) 676M->567M(869M) 23.425ms
[654.520s][info][gc,cpu         ] GC(2207) User=0.05s Sys=0.00s Real=0.03s
[654.680s][info][gc,start       ] GC(2208) Pause Young (Allocation Failure)
[654.682s][info][gc,heap        ] GC(2208) PSYoungGen: 111648K(222720K)->64K(222720K) Eden: 111616K(111616K)->0K(111616K) From: 32K(111104K)->64K(111104K)
[654.682s][info][gc,heap        ] GC(2208) ParOldGen: 580776K(667648K)->580776K(667648K)
[654.682s][info][gc,metaspace   ] GC(2208) Metaspace: 19088K(19328K)->19088K(19328K) NonClass: 16423K(16576K)->16423K(16576K) Class: 2665K(2752K)->2665K(2752K)
[654.682s][info][gc             ] GC(2208) Pause Young (Allocation Failure) 676M->567M(869M) 1.854ms
[654.682s][info][gc,cpu         ] GC(2208) User=0.00s Sys=0.00s Real=0.00s
[654.809s][info][gc,start       ] GC(2209) Pause Young (Allocation Failure)
[654.825s][info][gc,heap        ] GC(2209) PSYoungGen: 111680K(222720K)->12864K(222720K) Eden: 111616K(111616K)->0K(111616K) From: 64K(111104K)->12864K(111104K)
[654.825s][info][gc,heap        ] GC(2209) ParOldGen: 580776K(667648K)->580776K(667648K)
[654.825s][info][gc,metaspace   ] GC(2209) Metaspace: 19088K(19328K)->19088K(19328K) NonClass: 16423K(16576K)->16423K(16576K) Class: 2665K(2752K)->2665K(2752K)
[654.825s][info][gc             ] GC(2209) Pause Young (Allocation Failure) 676M->579M(869M) 16.138ms
[654.825s][info][gc,cpu         ] GC(2209) User=0.03s Sys=0.00s Real=0.02s
[654.938s][info][gc,start       ] GC(2210) Pause Young (Allocation Failure)
[654.964s][info][gc,heap        ] GC(2210) PSYoungGen: 124480K(222720K)->24640K(136704K) Eden: 111616K(111616K)->0K(111616K) From: 12864K(111104K)->24640K(25088K)
[654.964s][info][gc,heap        ] GC(2210) ParOldGen: 580776K(667648K)->580784K(667648K)
[654.964s][info][gc,metaspace   ] GC(2210) Metaspace: 19088K(19328K)->19088K(19328K) NonClass: 16423K(16576K)->16423K(16576K) Class: 2665K(2752K)->2665K(2752K)
[654.964s][info][gc             ] GC(2210) Pause Young (Allocation Failure) 688M->591M(785M) 26.270ms
[654.964s][info][gc,cpu         ] GC(2210) User=0.05s Sys=0.00s Real=0.03s
[655.057s][info][gc,start       ] GC(2211) Pause Young (Allocation Failure)
[655.084s][info][gc,heap        ] GC(2211) PSYoungGen: 136256K(136704K)->26336K(223232K) Eden: 111616K(111616K)->0K(118272K) From: 24640K(25088K)->26336K(104960K)
[655.084s][info][gc,heap        ] GC(2211) ParOldGen: 580784K(667648K)->580784K(667648K)
[655.084s][info][gc,metaspace   ] GC(2211) Metaspace: 19088K(19328K)->19088K(19328K) NonClass: 16423K(16576K)->16423K(16576K) Class: 2665K(2752K)->2665K(2752K)
[655.084s][info][gc             ] GC(2211) Pause Young (Allocation Failure) 700M->592M(870M) 27.355ms
[655.084s][info][gc,cpu         ] GC(2211) User=0.06s Sys=0.00s Real=0.03s
[655.199s][info][gc,start       ] GC(2212) Pause Young (Allocation Failure)
[655.231s][info][gc,heap        ] GC(2212) PSYoungGen: 144608K(223232K)->29536K(221184K) Eden: 118272K(118272K)->0K(118272K) From: 26336K(104960K)->29536K(102912K)
[655.231s][info][gc,heap        ] GC(2212) ParOldGen: 580784K(667648K)->580784K(667648K)
[655.231s][info][gc,metaspace   ] GC(2212) Metaspace: 19088K(19328K)->19088K(19328K) NonClass: 16423K(16576K)->16423K(16576K) Class: 2665K(2752K)->2665K(2752K)
[655.231s][info][gc             ] GC(2212) Pause Young (Allocation Failure) 708M->596M(868M) 31.515ms
[655.231s][info][gc,cpu         ] GC(2212) User=0.07s Sys=0.00s Real=0.04s
[655.310s][info][gc,start       ] GC(2213) Pause Young (Allocation Failure)
[655.363s][info][gc,heap        ] GC(2213) PSYoungGen: 147808K(221184K)->51552K(221184K) Eden: 118272K(118272K)->0K(124928K) From: 29536K(102912K)->51552K(96256K)
[655.363s][info][gc,heap        ] GC(2213) ParOldGen: 580784K(667648K)->580784K(667648K)
[655.363s][info][gc,metaspace   ] GC(2213) Metaspace: 19088K(19328K)->19088K(19328K) NonClass: 16423K(16576K)->16423K(16576K) Class: 2665K(2752K)->2665K(2752K)
[655.363s][info][gc             ] GC(2213) Pause Young (Allocation Failure) 711M->617M(868M) 53.697ms
[655.363s][info][gc,cpu         ] GC(2213) User=0.11s Sys=0.00s Real=0.06s
[655.461s][info][gc,start       ] GC(2214) Pause Young (Allocation Failure)
[655.528s][info][gc,heap        ] GC(2214) PSYoungGen: 176480K(221184K)->67808K(222208K) Eden: 124928K(124928K)->0K(124928K) From: 51552K(96256K)->67808K(97280K)
[655.528s][info][gc,heap        ] GC(2214) ParOldGen: 580784K(667648K)->580784K(667648K)
[655.528s][info][gc,metaspace   ] GC(2214) Metaspace: 19088K(19328K)->19088K(19328K) NonClass: 16423K(16576K)->16423K(16576K) Class: 2665K(2752K)->2665K(2752K)
[655.528s][info][gc             ] GC(2214) Pause Young (Allocation Failure) 739M->633M(869M) 67.702ms
[655.528s][info][gc,cpu         ] GC(2214) User=0.14s Sys=0.00s Real=0.06s
[655.631s][info][gc,start       ] GC(2215) Pause Young (Allocation Failure)
[655.716s][info][gc,heap        ] GC(2215) PSYoungGen: 192736K(222208K)->83200K(215040K) Eden: 124928K(124928K)->0K(111616K) From: 67808K(97280K)->83200K(103424K)
[655.716s][info][gc,heap        ] GC(2215) ParOldGen: 580784K(667648K)->580784K(667648K)
[655.716s][info][gc,metaspace   ] GC(2215) Metaspace: 19088K(19328K)->19088K(19328K) NonClass: 16423K(16576K)->16423K(16576K) Class: 2665K(2752K)->2665K(2752K)
[655.716s][info][gc             ] GC(2215) Pause Young (Allocation Failure) 755M->648M(862M) 85.126ms
[655.716s][info][gc,cpu         ] GC(2215) User=0.17s Sys=0.00s Real=0.08s
[655.876s][info][gc,start       ] GC(2216) Pause Young (Allocation Failure)
[655.981s][info][gc,heap        ] GC(2216) PSYoungGen: 194816K(215040K)->93920K(222720K) Eden: 111616K(111616K)->0K(111616K) From: 83200K(103424K)->93920K(111104K)
[655.981s][info][gc,heap        ] GC(2216) ParOldGen: 580784K(667648K)->593656K(667648K)
[655.981s][info][gc,metaspace   ] GC(2216) Metaspace: 19088K(19328K)->19088K(19328K) NonClass: 16423K(16576K)->16423K(16576K) Class: 2665K(2752K)->2665K(2752K)
[655.981s][info][gc             ] GC(2216) Pause Young (Allocation Failure) 757M->671M(869M) 104.547ms
[655.981s][info][gc,cpu         ] GC(2216) User=0.21s Sys=0.00s Real=0.11s
[656.077s][info][gc,start       ] GC(2217) Pause Young (Allocation Failure)
[656.177s][info][gc,heap        ] GC(2217) PSYoungGen: 205536K(222720K)->88384K(222720K) Eden: 111616K(111616K)->0K(111616K) From: 93920K(111104K)->88384K(111104K)
[656.178s][info][gc,heap        ] GC(2217) ParOldGen: 593656K(667648K)->607184K(667648K)
[656.178s][info][gc,metaspace   ] GC(2217) Metaspace: 19088K(19328K)->19088K(19328K) NonClass: 16423K(16576K)->16423K(16576K) Class: 2665K(2752K)->2665K(2752K)
[656.178s][info][gc             ] GC(2217) Pause Young (Allocation Failure) 780M->679M(869M) 100.125ms
[656.178s][info][gc,cpu         ] GC(2217) User=0.20s Sys=0.00s Real=0.10s
[656.296s][info][gc,start       ] GC(2218) Pause Young (Allocation Failure)
[656.384s][info][gc,heap        ] GC(2218) PSYoungGen: 200000K(222720K)->64992K(222720K) Eden: 111616K(111616K)->0K(111616K) From: 88384K(111104K)->64992K(111104K)
[656.384s][info][gc,heap        ] GC(2218) ParOldGen: 607184K(667648K)->632440K(667648K)
[656.384s][info][gc,metaspace   ] GC(2218) Metaspace: 19088K(19328K)->19088K(19328K) NonClass: 16423K(16576K)->16423K(16576K) Class: 2665K(2752K)->2665K(2752K)
[656.384s][info][gc             ] GC(2218) Pause Young (Allocation Failure) 788M->681M(869M) 88.282ms
[656.384s][info][gc,cpu         ] GC(2218) User=0.17s Sys=0.00s Real=0.09s
[656.522s][info][gc,start       ] GC(2219) Pause Full (Allocation Failure)
[656.522s][info][gc,phases,start] GC(2219) Marking Phase
[656.806s][info][gc,phases      ] GC(2219) Marking Phase 283.584ms
[656.806s][info][gc,phases,start] GC(2219) Summary Phase
[656.806s][info][gc,phases      ] GC(2219) Summary Phase 0.028ms
[656.806s][info][gc,phases,start] GC(2219) Forward
[656.917s][info][gc,phases      ] GC(2219) Forward 111.436ms
[656.917s][info][gc,phases,start] GC(2219) Adjust Pointers
[657.147s][info][gc,phases      ] GC(2219) Adjust Pointers 229.844ms
[657.147s][info][gc,phases,start] GC(2219) Compaction Phase
[657.275s][info][gc,phases      ] GC(2219) Compaction Phase 127.708ms
[657.283s][info][gc,phases,start] GC(2219) Post Compact
[657.286s][info][gc,phases      ] GC(2219) Post Compact 2.356ms
[657.286s][info][gc,heap        ] GC(2219) PSYoungGen: 176608K(222720K)->0K(222720K) Eden: 111616K(111616K)->0K(111616K) From: 64992K(111104K)->0K(111104K)
[657.286s][info][gc,heap        ] GC(2219) ParOldGen: 632440K(667648K)->407148K(667648K)
[657.286s][info][gc,metaspace   ] GC(2219) Metaspace: 19088K(19328K)->19088K(19328K) NonClass: 16423K(16576K)->16423K(16576K) Class: 2665K(2752K)->2665K(2752K)
[657.286s][info][gc             ] GC(2219) Pause Full (Allocation Failure) 790M->397M(869M) 763.899ms
[657.286s][info][gc,cpu         ] GC(2219) User=1.42s Sys=0.01s Real=0.76s
[657.402s][info][gc,start       ] GC(2220) Pause Young (Allocation Failure)
[657.410s][info][gc,heap        ] GC(2220) PSYoungGen: 111616K(222720K)->64K(222720K) Eden: 111616K(111616K)->0K(111616K) From: 0K(111104K)->64K(111104K)
[657.410s][info][gc,heap        ] GC(2220) ParOldGen: 407148K(667648K)->407148K(667648K)
[657.410s][info][gc,metaspace   ] GC(2220) Metaspace: 19088K(19328K)->19088K(19328K) NonClass: 16423K(16576K)->16423K(16576K) Class: 2665K(2752K)->2665K(2752K)
[657.410s][info][gc             ] GC(2220) Pause Young (Allocation Failure) 506M->397M(869M) 7.741ms
[657.410s][info][gc,cpu         ] GC(2220) User=0.02s Sys=0.00s Real=0.00s
[657.531s][info][gc,start       ] GC(2221) Pause Young (Allocation Failure)
[657.538s][info][gc,heap        ] GC(2221) PSYoungGen: 111680K(222720K)->3296K(222720K) Eden: 111616K(111616K)->0K(111616K) From: 64K(111104K)->3296K(111104K)
[657.538s][info][gc,heap        ] GC(2221) ParOldGen: 407148K(667648K)->407148K(667648K)
[657.538s][info][gc,metaspace   ] GC(2221) Metaspace: 19088K(19328K)->19088K(19328K) NonClass: 16423K(16576K)->16423K(16576K) Class: 2665K(2752K)->2665K(2752K)
[657.538s][info][gc             ] GC(2221) Pause Young (Allocation Failure) 506M->400M(869M) 7.013ms
[657.538s][info][gc,cpu         ] GC(2221) User=0.01s Sys=0.00s Real=0.00s
[657.679s][info][gc,start       ] GC(2222) Pause Young (Allocation Failure)
[657.685s][info][gc,heap        ] GC(2222) PSYoungGen: 114912K(222720K)->3296K(222720K) Eden: 111616K(111616K)->0K(111616K) From: 3296K(111104K)->3296K(111104K)
[657.685s][info][gc,heap        ] GC(2222) ParOldGen: 407148K(667648K)->407164K(667648K)
[657.686s][info][gc,metaspace   ] GC(2222) Metaspace: 19088K(19328K)->19088K(19328K) NonClass: 16423K(16576K)->16423K(16576K) Class: 2665K(2752K)->2665K(2752K)
[657.686s][info][gc             ] GC(2222) Pause Young (Allocation Failure) 509M->400M(869M) 6.205ms
[657.686s][info][gc,cpu         ] GC(2222) User=0.01s Sys=0.00s Real=0.01s
[657.837s][info][gc,start       ] GC(2223) Pause Young (Allocation Failure)
[657.861s][info][gc,heap        ] GC(2223) PSYoungGen: 114912K(222720K)->18688K(222720K) Eden: 111616K(111616K)->0K(111616K) From: 3296K(111104K)->18688K(111104K)
[657.861s][info][gc,heap        ] GC(2223) ParOldGen: 407164K(667648K)->410444K(667648K)
[657.861s][info][gc,metaspace   ] GC(2223) Metaspace: 19088K(19328K)->19088K(19328K) NonClass: 16423K(16576K)->16423K(16576K) Class: 2665K(2752K)->2665K(2752K)
[657.861s][info][gc             ] GC(2223) Pause Young (Allocation Failure) 509M->419M(869M) 24.668ms
[657.861s][info][gc,cpu         ] GC(2223) User=0.05s Sys=0.00s Real=0.03s
[658.029s][info][gc,start       ] GC(2224) Pause Young (Allocation Failure)
[658.073s][info][gc,heap        ] GC(2224) PSYoungGen: 130304K(222720K)->26176K(222720K) Eden: 111616K(111616K)->0K(111616K) From: 18688K(111104K)->26176K(111104K)
[658.073s][info][gc,heap        ] GC(2224) ParOldGen: 410444K(667648K)->429180K(667648K)
[658.073s][info][gc,metaspace   ] GC(2224) Metaspace: 19088K(19328K)->19088K(19328K) NonClass: 16423K(16576K)->16423K(16576K) Class: 2665K(2752K)->2665K(2752K)
[658.073s][info][gc             ] GC(2224) Pause Young (Allocation Failure) 528M->444M(869M) 43.961ms
[658.073s][info][gc,cpu         ] GC(2224) User=0.09s Sys=0.00s Real=0.05s
[658.161s][info][gc,start       ] GC(2225) Pause Young (Allocation Failure)
[658.215s][info][gc,heap        ] GC(2225) PSYoungGen: 137792K(222720K)->47032K(222720K) Eden: 111616K(111616K)->0K(111616K) From: 26176K(111104K)->47032K(111104K)
[658.215s][info][gc,heap        ] GC(2225) ParOldGen: 429180K(667648K)->455527K(667648K)
[658.215s][info][gc,metaspace   ] GC(2225) Metaspace: 19088K(19328K)->19088K(19328K) NonClass: 16423K(16576K)->16423K(16576K) Class: 2665K(2752K)->2665K(2752K)
[658.215s][info][gc             ] GC(2225) Pause Young (Allocation Failure) 553M->490M(869M) 53.860ms
[658.215s][info][gc,cpu         ] GC(2225) User=0.11s Sys=0.00s Real=0.05s
[658.337s][info][gc,start       ] GC(2226) Pause Young (Allocation Failure)
[658.380s][info][gc,heap        ] GC(2226) PSYoungGen: 158648K(222720K)->8640K(120320K) Eden: 111616K(111616K)->0K(111616K) From: 47032K(111104K)->8640K(8704K)
[658.380s][info][gc,heap        ] GC(2226) ParOldGen: 455527K(667648K)->503056K(667648K)
[658.380s][info][gc,metaspace   ] GC(2226) Metaspace: 19088K(19328K)->19088K(19328K) NonClass: 16423K(16576K)->16423K(16576K) Class: 2665K(2752K)->2665K(2752K)
[658.380s][info][gc             ] GC(2226) Pause Young (Allocation Failure) 599M->499M(769M) 42.584ms
[658.380s][info][gc,cpu         ] GC(2226) User=0.09s Sys=0.00s Real=0.04s
[658.483s][info][gc,start       ] GC(2227) Pause Young (Allocation Failure)
[658.498s][info][gc,heap        ] GC(2227) PSYoungGen: 120256K(120320K)->10784K(224768K) Eden: 111616K(111616K)->0K(115200K) From: 8640K(8704K)->10784K(109568K)
[658.498s][info][gc,heap        ] GC(2227) ParOldGen: 503056K(667648K)->503056K(667648K)
[658.498s][info][gc,metaspace   ] GC(2227) Metaspace: 19088K(19328K)->19088K(19328K) NonClass: 16423K(16576K)->16423K(16576K) Class: 2665K(2752K)->2665K(2752K)
[658.498s][info][gc             ] GC(2227) Pause Young (Allocation Failure) 608M->501M(871M) 15.246ms
[658.498s][info][gc,cpu         ] GC(2227) User=0.03s Sys=0.00s Real=0.01s
[658.651s][info][gc,start       ] GC(2228) Pause Young (Allocation Failure)
[658.667s][info][gc,heap        ] GC(2228) PSYoungGen: 125984K(224768K)->10944K(126464K) Eden: 115200K(115200K)->0K(115200K) From: 10784K(109568K)->10944K(11264K)
[658.667s][info][gc,heap        ] GC(2228) ParOldGen: 503056K(667648K)->503056K(667648K)
[658.667s][info][gc,metaspace   ] GC(2228) Metaspace: 19088K(19328K)->19088K(19328K) NonClass: 16423K(16576K)->16423K(16576K) Class: 2665K(2752K)->2665K(2752K)
[658.667s][info][gc             ] GC(2228) Pause Young (Allocation Failure) 614M->501M(775M) 16.064ms
[658.667s][info][gc,cpu         ] GC(2228) User=0.03s Sys=0.00s Real=0.01s
[658.833s][info][gc,start       ] GC(2229) Pause Young (Allocation Failure)
[658.848s][info][gc,heap        ] GC(2229) PSYoungGen: 126144K(126464K)->11232K(222208K) Eden: 115200K(115200K)->0K(122368K) From: 10944K(11264K)->11232K(99840K)
[658.848s][info][gc,heap        ] GC(2229) ParOldGen: 503056K(667648K)->503056K(667648K)
[658.848s][info][gc,metaspace   ] GC(2229) Metaspace: 19088K(19328K)->19088K(19328K) NonClass: 16423K(16576K)->16423K(16576K) Class: 2665K(2752K)->2665K(2752K)
[658.848s][info][gc             ] GC(2229) Pause Young (Allocation Failure) 614M->502M(869M) 15.410ms
[658.848s][info][gc,cpu         ] GC(2229) User=0.03s Sys=0.01s Real=0.01s
[659.071s][info][gc,start       ] GC(2230) Pause Young (Allocation Failure)
[659.089s][info][gc,heap        ] GC(2230) PSYoungGen: 133600K(222208K)->11872K(220672K) Eden: 122368K(122368K)->0K(122368K) From: 11232K(99840K)->11872K(98304K)
[659.089s][info][gc,heap        ] GC(2230) ParOldGen: 503056K(667648K)->503056K(667648K)
[659.089s][info][gc,metaspace   ] GC(2230) Metaspace: 19088K(19328K)->19088K(19328K) NonClass: 16423K(16576K)->16423K(16576K) Class: 2665K(2752K)->2665K(2752K)
[659.089s][info][gc             ] GC(2230) Pause Young (Allocation Failure) 621M->502M(867M) 17.536ms
[659.089s][info][gc,cpu         ] GC(2230) User=0.04s Sys=0.00s Real=0.01s
[659.199s][info][gc,start       ] GC(2231) Pause Young (Allocation Failure)
[659.218s][info][gc,heap        ] GC(2231) PSYoungGen: 134240K(220672K)->13024K(215552K) Eden: 122368K(122368K)->0K(131072K) From: 11872K(98304K)->13024K(84480K)
[659.218s][info][gc,heap        ] GC(2231) ParOldGen: 503056K(667648K)->503056K(667648K)
[659.218s][info][gc,metaspace   ] GC(2231) Metaspace: 19088K(19328K)->19088K(19328K) NonClass: 16423K(16576K)->16423K(16576K) Class: 2665K(2752K)->2665K(2752K)
[659.218s][info][gc             ] GC(2231) Pause Young (Allocation Failure) 622M->503M(862M) 19.635ms
[659.218s][info][gc,cpu         ] GC(2231) User=0.03s Sys=0.00s Real=0.02s
[659.352s][info][gc,start       ] GC(2232) Pause Young (Allocation Failure)
[659.377s][info][gc,heap        ] GC(2232) PSYoungGen: 144096K(215552K)->14304K(220160K) Eden: 131072K(131072K)->0K(131072K) From: 13024K(84480K)->14304K(89088K)
[659.377s][info][gc,heap        ] GC(2232) ParOldGen: 503056K(667648K)->503056K(667648K)
[659.377s][info][gc,metaspace   ] GC(2232) Metaspace: 19088K(19328K)->19088K(19328K) NonClass: 16423K(16576K)->16423K(16576K) Class: 2665K(2752K)->2665K(2752K)
[659.377s][info][gc             ] GC(2232) Pause Young (Allocation Failure) 631M->505M(867M) 24.448ms
[659.377s][info][gc,cpu         ] GC(2232) User=0.05s Sys=0.00s Real=0.02s
[659.679s][info][gc,start       ] GC(2233) Pause Young (Allocation Failure)
[659.724s][info][gc,heap        ] GC(2233) PSYoungGen: 145376K(220160K)->29002K(216064K) Eden: 131072K(131072K)->0K(140288K) From: 14304K(89088K)->29002K(75776K)
[659.724s][info][gc,heap        ] GC(2233) ParOldGen: 503056K(667648K)->503056K(667648K)
[659.724s][info][gc,metaspace   ] GC(2233) Metaspace: 19091K(19328K)->19091K(19328K) NonClass: 16426K(16576K)->16426K(16576K) Class: 2665K(2752K)->2665K(2752K)
[659.724s][info][gc             ] GC(2233) Pause Young (Allocation Failure) 633M->519M(863M) 45.440ms
[659.724s][info][gc,cpu         ] GC(2233) User=0.08s Sys=0.00s Real=0.05s
[659.904s][info][gc,start       ] GC(2234) Pause Young (Allocation Failure)
[659.973s][info][gc,heap        ] GC(2234) PSYoungGen: 169290K(216064K)->54794K(220672K) Eden: 140288K(140288K)->0K(140288K) From: 29002K(75776K)->54794K(80384K)
[659.973s][info][gc,heap        ] GC(2234) ParOldGen: 503056K(667648K)->503056K(667648K)
[659.973s][info][gc,metaspace   ] GC(2234) Metaspace: 19091K(19328K)->19091K(19328K) NonClass: 16426K(16576K)->16426K(16576K) Class: 2665K(2752K)->2665K(2752K)
[659.973s][info][gc             ] GC(2234) Pause Young (Allocation Failure) 656M->544M(867M) 69.273ms
[659.973s][info][gc,cpu         ] GC(2234) User=0.14s Sys=0.00s Real=0.07s
[660.126s][info][gc,start       ] GC(2235) Pause Young (Allocation Failure)
[660.205s][info][gc,heap        ] GC(2235) PSYoungGen: 195082K(220672K)->64714K(229376K) Eden: 140288K(140288K)->0K(143360K) From: 54794K(80384K)->64714K(86016K)
[660.205s][info][gc,heap        ] GC(2235) ParOldGen: 503056K(667648K)->503056K(667648K)
[660.205s][info][gc,metaspace   ] GC(2235) Metaspace: 19091K(19328K)->19091K(19328K) NonClass: 16426K(16576K)->16426K(16576K) Class: 2665K(2752K)->2665K(2752K)
[660.205s][info][gc             ] GC(2235) Pause Young (Allocation Failure) 681M->554M(876M) 79.014ms
[660.205s][info][gc,cpu         ] GC(2235) User=0.15s Sys=0.00s Real=0.08s
[660.371s][info][gc,start       ] GC(2236) Pause Young (Allocation Failure)
[660.451s][info][gc,heap        ] GC(2236) PSYoungGen: 208074K(229376K)->67594K(211456K) Eden: 143360K(143360K)->0K(143360K) From: 64714K(86016K)->67594K(68096K)
[660.451s][info][gc,heap        ] GC(2236) ParOldGen: 503056K(667648K)->503056K(667648K)
[660.451s][info][gc,metaspace   ] GC(2236) Metaspace: 19091K(19328K)->19091K(19328K) NonClass: 16426K(16576K)->16426K(16576K) Class: 2665K(2752K)->2665K(2752K)
[660.452s][info][gc             ] GC(2236) Pause Young (Allocation Failure) 694M->557M(858M) 80.451ms
[660.452s][info][gc,cpu         ] GC(2236) User=0.16s Sys=0.00s Real=0.08s
[660.638s][info][gc,start       ] GC(2237) Pause Young (Allocation Failure)
[660.721s][info][gc,heap        ] GC(2237) PSYoungGen: 210954K(211456K)->69482K(220160K) Eden: 143360K(143360K)->0K(118784K) From: 67594K(68096K)->69482K(101376K)
[660.721s][info][gc,heap        ] GC(2237) ParOldGen: 503056K(667648K)->503056K(667648K)
[660.721s][info][gc,metaspace   ] GC(2237) Metaspace: 19092K(19328K)->19092K(19328K) NonClass: 16427K(16576K)->16427K(16576K) Class: 2665K(2752K)->2665K(2752K)
[660.721s][info][gc             ] GC(2237) Pause Young (Allocation Failure) 697M->559M(867M) 82.665ms
[660.721s][info][gc,cpu         ] GC(2237) User=0.16s Sys=0.00s Real=0.09s
[660.791s][info][gc,start       ] GC(2238) Pause Young (Allocation Failure)
[660.874s][info][gc,heap        ] GC(2238) PSYoungGen: 188266K(220160K)->60874K(179712K) Eden: 118784K(118784K)->0K(118784K) From: 69482K(101376K)->60874K(60928K)
[660.874s][info][gc,heap        ] GC(2238) ParOldGen: 503056K(667648K)->511716K(667648K)
[660.874s][info][gc,metaspace   ] GC(2238) Metaspace: 19092K(19328K)->19092K(19328K) NonClass: 16427K(16576K)->16427K(16576K) Class: 2665K(2752K)->2665K(2752K)
[660.874s][info][gc             ] GC(2238) Pause Young (Allocation Failure) 675M->559M(827M) 82.804ms
[660.874s][info][gc,cpu         ] GC(2238) User=0.16s Sys=0.00s Real=0.08s
[661.013s][info][gc,start       ] GC(2239) Pause Young (Allocation Failure)
[661.092s][info][gc,heap        ] GC(2239) PSYoungGen: 179658K(179712K)->63466K(221696K) Eden: 118784K(118784K)->0K(112640K) From: 60874K(60928K)->63466K(109056K)
[661.092s][info][gc,heap        ] GC(2239) ParOldGen: 511716K(667648K)->514012K(667648K)
[661.092s][info][gc,metaspace   ] GC(2239) Metaspace: 19092K(19328K)->19092K(19328K) NonClass: 16427K(16576K)->16427K(16576K) Class: 2665K(2752K)->2665K(2752K)
[661.092s][info][gc             ] GC(2239) Pause Young (Allocation Failure) 675M->563M(868M) 79.008ms
[661.092s][info][gc,cpu         ] GC(2239) User=0.16s Sys=0.00s Real=0.08s
[661.228s][info][gc,start       ] GC(2240) Pause Young (Allocation Failure)
[661.306s][info][gc,heap        ] GC(2240) PSYoungGen: 176106K(221696K)->65211K(178176K) Eden: 112640K(112640K)->0K(112640K) From: 63466K(109056K)->65211K(65536K)
[661.306s][info][gc,heap        ] GC(2240) ParOldGen: 514012K(667648K)->514900K(667648K)
[661.306s][info][gc,metaspace   ] GC(2240) Metaspace: 19092K(19328K)->19092K(19328K) NonClass: 16427K(16576K)->16427K(16576K) Class: 2665K(2752K)->2665K(2752K)
[661.306s][info][gc             ] GC(2240) Pause Young (Allocation Failure) 673M->566M(826M) 78.054ms
[661.306s][info][gc,cpu         ] GC(2240) User=0.15s Sys=0.00s Real=0.08s
[661.607s][info][gc,start       ] GC(2241) Pause Young (Allocation Failure)
[661.685s][info][gc,heap        ] GC(2241) PSYoungGen: 177851K(178176K)->62826K(222720K) Eden: 112640K(112640K)->0K(111616K) From: 65211K(65536K)->62826K(111104K)
[661.685s][info][gc,heap        ] GC(2241) ParOldGen: 514900K(667648K)->517364K(667648K)
[661.685s][info][gc,metaspace   ] GC(2241) Metaspace: 19092K(19328K)->19092K(19328K) NonClass: 16427K(16576K)->16427K(16576K) Class: 2665K(2752K)->2665K(2752K)
[661.685s][info][gc             ] GC(2241) Pause Young (Allocation Failure) 676M->566M(869M) 78.853ms
[661.686s][info][gc,cpu         ] GC(2241) User=0.16s Sys=0.00s Real=0.08s
[661.996s][info][gc,start       ] GC(2242) Pause Young (Allocation Failure)
[662.069s][info][gc,heap        ] GC(2242) PSYoungGen: 174442K(222720K)->22480K(134144K) Eden: 111616K(111616K)->0K(111616K) From: 62826K(111104K)->22480K(22528K)
[662.069s][info][gc,heap        ] GC(2242) ParOldGen: 517364K(667648K)->557978K(667648K)
[662.069s][info][gc,metaspace   ] GC(2242) Metaspace: 19092K(19328K)->19092K(19328K) NonClass: 16427K(16576K)->16427K(16576K) Class: 2665K(2752K)->2665K(2752K)
[662.069s][info][gc             ] GC(2242) Pause Young (Allocation Failure) 675M->566M(783M) 73.763ms
[662.070s][info][gc,cpu         ] GC(2242) User=0.15s Sys=0.00s Real=0.07s
[662.240s][info][gc,start       ] GC(2243) Pause Young (Allocation Failure)
[662.287s][info][gc,heap        ] GC(2243) PSYoungGen: 134096K(134144K)->33832K(225792K) Eden: 111616K(111616K)->0K(116224K) From: 22480K(22528K)->33832K(109568K)
[662.287s][info][gc,heap        ] GC(2243) ParOldGen: 557978K(667648K)->567922K(667648K)
[662.287s][info][gc,metaspace   ] GC(2243) Metaspace: 19092K(19328K)->19092K(19328K) NonClass: 16427K(16576K)->16427K(16576K) Class: 2665K(2752K)->2665K(2752K)
[662.287s][info][gc             ] GC(2243) Pause Young (Allocation Failure) 675M->587M(872M) 47.081ms
[662.287s][info][gc,cpu         ] GC(2243) User=0.09s Sys=0.00s Real=0.04s
[662.500s][info][gc,start       ] GC(2244) Pause Young (Allocation Failure)
[662.535s][info][gc,heap        ] GC(2244) PSYoungGen: 150056K(225792K)->30952K(147456K) Eden: 116224K(116224K)->0K(116224K) From: 33832K(109568K)->30952K(31232K)
[662.535s][info][gc,heap        ] GC(2244) ParOldGen: 567922K(667648K)->570842K(667648K)
[662.535s][info][gc,metaspace   ] GC(2244) Metaspace: 19092K(19328K)->19092K(19328K) NonClass: 16427K(16576K)->16427K(16576K) Class: 2665K(2752K)->2665K(2752K)
[662.535s][info][gc             ] GC(2244) Pause Young (Allocation Failure) 701M->587M(796M) 35.344ms
[662.535s][info][gc,cpu         ] GC(2244) User=0.07s Sys=0.00s Real=0.03s
[662.750s][info][gc,start       ] GC(2245) Pause Young (Allocation Failure)
[662.781s][info][gc,heap        ] GC(2245) PSYoungGen: 147176K(147456K)->30936K(223744K) Eden: 116224K(116224K)->0K(122880K) From: 30952K(31232K)->30936K(100864K)
[662.781s][info][gc,heap        ] GC(2245) ParOldGen: 570842K(667648K)->570842K(667648K)
[662.781s][info][gc,metaspace   ] GC(2245) Metaspace: 19092K(19328K)->19092K(19328K) NonClass: 16427K(16576K)->16427K(16576K) Class: 2665K(2752K)->2665K(2752K)
[662.781s][info][gc             ] GC(2245) Pause Young (Allocation Failure) 701M->587M(870M) 31.395ms
[662.781s][info][gc,cpu         ] GC(2245) User=0.06s Sys=0.00s Real=0.03s
[663.789s][info][gc,start       ] GC(2246) Pause Young (Allocation Failure)
[663.822s][info][gc,heap        ] GC(2246) PSYoungGen: 153816K(223744K)->31364K(220160K) Eden: 122880K(122880K)->0K(122880K) From: 30936K(100864K)->31364K(97280K)
[663.822s][info][gc,heap        ] GC(2246) ParOldGen: 570842K(667648K)->570842K(667648K)
[663.822s][info][gc,metaspace   ] GC(2246) Metaspace: 19092K(19328K)->19092K(19328K) NonClass: 16427K(16576K)->16427K(16576K) Class: 2665K(2752K)->2665K(2752K)
[663.822s][info][gc             ] GC(2246) Pause Young (Allocation Failure) 707M->588M(867M) 33.048ms
[663.822s][info][gc,cpu         ] GC(2246) User=0.06s Sys=0.00s Real=0.04s
[664.424s][info][gc,start       ] GC(2247) Pause Young (Allocation Failure)
[664.460s][info][gc,heap        ] GC(2247) PSYoungGen: 154244K(220160K)->31901K(215552K) Eden: 122880K(122880K)->0K(131584K) From: 31364K(97280K)->31901K(83968K)
[664.460s][info][gc,heap        ] GC(2247) ParOldGen: 570842K(667648K)->570842K(667648K)
[664.460s][info][gc,metaspace   ] GC(2247) Metaspace: 19092K(19328K)->19092K(19328K) NonClass: 16427K(16576K)->16427K(16576K) Class: 2665K(2752K)->2665K(2752K)
[664.460s][info][gc             ] GC(2247) Pause Young (Allocation Failure) 708M->588M(862M) 36.075ms
[664.460s][info][gc,cpu         ] GC(2247) User=0.07s Sys=0.00s Real=0.03s
[665.093s][info][gc,start       ] GC(2248) Pause Young (Allocation Failure)
[665.129s][info][gc,heap        ] GC(2248) PSYoungGen: 163406K(215552K)->33241K(220672K) Eden: 131505K(131584K)->0K(131584K) From: 31901K(83968K)->33241K(89088K)
[665.129s][info][gc,heap        ] GC(2248) ParOldGen: 570842K(667648K)->570850K(667648K)
[665.129s][info][gc,metaspace   ] GC(2248) Metaspace: 19106K(19328K)->19106K(19328K) NonClass: 16441K(16576K)->16441K(16576K) Class: 2665K(2752K)->2665K(2752K)
[665.129s][info][gc             ] GC(2248) Pause Young (Allocation Failure) 717M->589M(867M) 35.274ms
[665.129s][info][gc,cpu         ] GC(2248) User=0.07s Sys=0.00s Real=0.03s
[665.422s][info][gc,start       ] GC(2249) Pause Young (Allocation Failure)
[665.457s][info][gc,heap        ] GC(2249) PSYoungGen: 164710K(220672K)->33551K(217600K) Eden: 131469K(131584K)->0K(139776K) From: 33241K(89088K)->33551K(77824K)
[665.457s][info][gc,heap        ] GC(2249) ParOldGen: 570850K(667648K)->570850K(667648K)
[665.457s][info][gc,metaspace   ] GC(2249) Metaspace: 19106K(19328K)->19106K(19328K) NonClass: 16441K(16576K)->16441K(16576K) Class: 2665K(2752K)->2665K(2752K)
[665.457s][info][gc             ] GC(2249) Pause Young (Allocation Failure) 718M->590M(864M) 35.642ms
[665.457s][info][gc,cpu         ] GC(2249) User=0.07s Sys=0.00s Real=0.03s
[665.769s][info][gc,start       ] GC(2250) Pause Young (Allocation Failure)
[665.804s][info][gc,heap        ] GC(2250) PSYoungGen: 173327K(217600K)->33341K(221184K) Eden: 139776K(139776K)->0K(139776K) From: 33551K(77824K)->33341K(81408K)
[665.804s][info][gc,heap        ] GC(2250) ParOldGen: 570850K(667648K)->570850K(667648K)
[665.804s][info][gc,metaspace   ] GC(2250) Metaspace: 19106K(19328K)->19106K(19328K) NonClass: 16441K(16576K)->16441K(16576K) Class: 2665K(2752K)->2665K(2752K)
[665.804s][info][gc             ] GC(2250) Pause Young (Allocation Failure) 726M->590M(868M) 35.356ms
[665.804s][info][gc,cpu         ] GC(2250) User=0.07s Sys=0.00s Real=0.04s
[665.955s][info][gc,start       ] GC(2251) Pause Young (Allocation Failure)
[666.029s][info][gc,heap        ] GC(2251) PSYoungGen: 173117K(221184K)->77821K(214528K) Eden: 139776K(139776K)->0K(136704K) From: 33341K(81408K)->77821K(77824K)
[666.029s][info][gc,heap        ] GC(2251) ParOldGen: 570850K(667648K)->573506K(667648K)
[666.029s][info][gc,metaspace   ] GC(2251) Metaspace: 19107K(19328K)->19107K(19328K) NonClass: 16442K(16576K)->16442K(16576K) Class: 2665K(2752K)->2665K(2752K)
[666.029s][info][gc             ] GC(2251) Pause Young (Allocation Failure) 726M->636M(861M) 74.607ms
[666.029s][info][gc,cpu         ] GC(2251) User=0.14s Sys=0.00s Real=0.07s
[666.124s][info][gc,start       ] GC(2252) Pause Young (Allocation Failure)
[666.235s][info][gc,heap        ] GC(2252) PSYoungGen: 214525K(214528K)->89597K(226304K) Eden: 136704K(136704K)->0K(136704K) From: 77821K(77824K)->89597K(89600K)
[666.235s][info][gc,heap        ] GC(2252) ParOldGen: 573506K(667648K)->613841K(667648K)
[666.235s][info][gc,metaspace   ] GC(2252) Metaspace: 19107K(19328K)->19107K(19328K) NonClass: 16442K(16576K)->16442K(16576K) Class: 2665K(2752K)->2665K(2752K)
[666.235s][info][gc             ] GC(2252) Pause Young (Allocation Failure) 769M->686M(873M) 111.026ms
[666.235s][info][gc,cpu         ] GC(2252) User=0.22s Sys=0.00s Real=0.11s
[666.458s][info][gc,start       ] GC(2253) Pause Young (Allocation Failure)
[666.591s][info][gc,heap        ] GC(2253) PSYoungGen: 226301K(226304K)->107501K(219136K) Eden: 136704K(136704K)->0K(111616K) From: 89597K(89600K)->107501K(107520K)
[666.591s][info][gc,heap        ] GC(2253) ParOldGen: 613841K(667648K)->633984K(667648K)
[666.591s][info][gc,metaspace   ] GC(2253) Metaspace: 19110K(19328K)->19110K(19328K) NonClass: 16445K(16576K)->16445K(16576K) Class: 2665K(2752K)->2665K(2752K)
[666.591s][info][gc             ] GC(2253) Pause Young (Allocation Failure) 820M->724M(866M) 132.765ms
[666.591s][info][gc,cpu         ] GC(2253) User=0.24s Sys=0.02s Real=0.14s
[666.795s][info][gc,start       ] GC(2254) Pause Full (Allocation Failure)
[666.795s][info][gc,phases,start] GC(2254) Marking Phase
[666.933s][info][gc,phases      ] GC(2254) Marking Phase 138.018ms
[666.933s][info][gc,phases,start] GC(2254) Summary Phase
[666.933s][info][gc,phases      ] GC(2254) Summary Phase 0.026ms
[666.933s][info][gc,phases,start] GC(2254) Forward
[666.983s][info][gc,phases      ] GC(2254) Forward 49.794ms
[666.983s][info][gc,phases,start] GC(2254) Adjust Pointers
[667.080s][info][gc,phases      ] GC(2254) Adjust Pointers 96.244ms
[667.080s][info][gc,phases,start] GC(2254) Compaction Phase
[667.139s][info][gc,phases      ] GC(2254) Compaction Phase 59.531ms
[667.142s][info][gc,phases,start] GC(2254) Post Compact
[667.144s][info][gc,phases      ] GC(2254) Post Compact 2.513ms
[667.156s][info][gc,heap        ] GC(2254) PSYoungGen: 219117K(219136K)->0K(222720K) Eden: 111616K(111616K)->0K(111616K) From: 107501K(107520K)->0K(111104K)
[667.156s][info][gc,heap        ] GC(2254) ParOldGen: 633984K(667648K)->217733K(520704K)
[667.156s][info][gc,metaspace   ] GC(2254) Metaspace: 19111K(19328K)->19111K(19328K) NonClass: 16446K(16576K)->16446K(16576K) Class: 2665K(2752K)->2665K(2752K)
[667.156s][info][gc             ] GC(2254) Pause Full (Allocation Failure) 833M->212M(726M) 360.739ms
[667.156s][info][gc,cpu         ] GC(2254) User=0.64s Sys=0.01s Real=0.36s
[667.256s][info][gc,start       ] GC(2255) Pause Young (Allocation Failure)
[667.294s][info][gc,heap        ] GC(2255) PSYoungGen: 111616K(222720K)->26144K(222720K) Eden: 111616K(111616K)->0K(111616K) From: 0K(111104K)->26144K(111104K)
[667.294s][info][gc,heap        ] GC(2255) ParOldGen: 217733K(520704K)->217733K(520704K)
[667.294s][info][gc,metaspace   ] GC(2255) Metaspace: 19111K(19328K)->19111K(19328K) NonClass: 16446K(16576K)->16446K(16576K) Class: 2665K(2752K)->2665K(2752K)
[667.294s][info][gc             ] GC(2255) Pause Young (Allocation Failure) 321M->238M(726M) 38.006ms
[667.294s][info][gc,cpu         ] GC(2255) User=0.07s Sys=0.00s Real=0.04s
[667.373s][info][gc,start       ] GC(2256) Pause Young (Allocation Failure)
[667.413s][info][gc,heap        ] GC(2256) PSYoungGen: 137760K(222720K)->32736K(222720K) Eden: 111616K(111616K)->0K(111616K) From: 26144K(111104K)->32736K(111104K)
[667.413s][info][gc,heap        ] GC(2256) ParOldGen: 217733K(520704K)->217733K(520704K)
[667.413s][info][gc,metaspace   ] GC(2256) Metaspace: 19111K(19328K)->19111K(19328K) NonClass: 16446K(16576K)->16446K(16576K) Class: 2665K(2752K)->2665K(2752K)
[667.413s][info][gc             ] GC(2256) Pause Young (Allocation Failure) 347M->244M(726M) 40.468ms
[667.413s][info][gc,cpu         ] GC(2256) User=0.08s Sys=0.00s Real=0.04s
[667.497s][info][gc,start       ] GC(2257) Pause Young (Allocation Failure)
[667.542s][info][gc,heap        ] GC(2257) PSYoungGen: 144352K(222720K)->37696K(222720K) Eden: 111616K(111616K)->0K(111616K) From: 32736K(111104K)->37696K(111104K)
[667.542s][info][gc,heap        ] GC(2257) ParOldGen: 217733K(520704K)->217733K(520704K)
[667.542s][info][gc,metaspace   ] GC(2257) Metaspace: 19111K(19328K)->19111K(19328K) NonClass: 16446K(16576K)->16446K(16576K) Class: 2665K(2752K)->2665K(2752K)
[667.542s][info][gc             ] GC(2257) Pause Young (Allocation Failure) 353M->249M(726M) 44.502ms
[667.542s][info][gc,cpu         ] GC(2257) User=0.09s Sys=0.00s Real=0.05s
[667.662s][info][gc,start       ] GC(2258) Pause Young (Allocation Failure)
[667.715s][info][gc,heap        ] GC(2258) PSYoungGen: 149312K(222720K)->45664K(222720K) Eden: 111616K(111616K)->0K(111616K) From: 37696K(111104K)->45664K(111104K)
[667.715s][info][gc,heap        ] GC(2258) ParOldGen: 217733K(520704K)->217733K(520704K)
[667.715s][info][gc,metaspace   ] GC(2258) Metaspace: 19111K(19328K)->19111K(19328K) NonClass: 16446K(16576K)->16446K(16576K) Class: 2665K(2752K)->2665K(2752K)
[667.715s][info][gc             ] GC(2258) Pause Young (Allocation Failure) 358M->257M(726M) 53.145ms
[667.715s][info][gc,cpu         ] GC(2258) User=0.10s Sys=0.00s Real=0.05s
[667.831s][info][gc,start       ] GC(2259) Pause Young (Allocation Failure)
[667.885s][info][gc,heap        ] GC(2259) PSYoungGen: 157280K(222720K)->45888K(222720K) Eden: 111616K(111616K)->0K(111616K) From: 45664K(111104K)->45888K(111104K)
[667.885s][info][gc,heap        ] GC(2259) ParOldGen: 217733K(520704K)->217733K(520704K)
[667.885s][info][gc,metaspace   ] GC(2259) Metaspace: 19111K(19328K)->19111K(19328K) NonClass: 16446K(16576K)->16446K(16576K) Class: 2665K(2752K)->2665K(2752K)
[667.885s][info][gc             ] GC(2259) Pause Young (Allocation Failure) 366M->257M(726M) 54.236ms
[667.885s][info][gc,cpu         ] GC(2259) User=0.10s Sys=0.00s Real=0.05s
[668.006s][info][gc,start       ] GC(2260) Pause Young (Allocation Failure)
[668.062s][info][gc,heap        ] GC(2260) PSYoungGen: 157504K(222720K)->47936K(159744K) Eden: 111616K(111616K)->0K(111616K) From: 45888K(111104K)->47936K(48128K)
[668.062s][info][gc,heap        ] GC(2260) ParOldGen: 217733K(520704K)->217733K(520704K)
[668.062s][info][gc,metaspace   ] GC(2260) Metaspace: 19111K(19328K)->19111K(19328K) NonClass: 16446K(16576K)->16446K(16576K) Class: 2665K(2752K)->2665K(2752K)
[668.062s][info][gc             ] GC(2260) Pause Young (Allocation Failure) 366M->259M(664M) 55.421ms
[668.062s][info][gc,cpu         ] GC(2260) User=0.11s Sys=0.00s Real=0.06s
[668.157s][info][gc,start       ] GC(2261) Pause Young (Allocation Failure)
[668.213s][info][gc,heap        ] GC(2261) PSYoungGen: 159552K(159744K)->21856K(221184K) Eden: 111616K(111616K)->0K(112640K) From: 47936K(48128K)->21856K(108544K)
[668.213s][info][gc,heap        ] GC(2261) ParOldGen: 217733K(520704K)->243885K(520704K)
[668.213s][info][gc,metaspace   ] GC(2261) Metaspace: 19111K(19328K)->19111K(19328K) NonClass: 16446K(16576K)->16446K(16576K) Class: 2665K(2752K)->2665K(2752K)
[668.213s][info][gc             ] GC(2261) Pause Young (Allocation Failure) 368M->259M(724M) 55.812ms
[668.213s][info][gc,cpu         ] GC(2261) User=0.11s Sys=0.00s Real=0.06s
[668.343s][info][gc,start       ] GC(2262) Pause Young (Allocation Failure)
[668.385s][info][gc,heap        ] GC(2262) PSYoungGen: 134496K(221184K)->30528K(220160K) Eden: 112640K(112640K)->0K(112640K) From: 21856K(108544K)->30528K(107520K)
[668.385s][info][gc,heap        ] GC(2262) ParOldGen: 243885K(520704K)->255485K(520704K)
[668.385s][info][gc,metaspace   ] GC(2262) Metaspace: 19111K(19328K)->19111K(19328K) NonClass: 16446K(16576K)->16446K(16576K) Class: 2665K(2752K)->2665K(2752K)
[668.385s][info][gc             ] GC(2262) Pause Young (Allocation Failure) 369M->279M(723M) 42.092ms
[668.385s][info][gc,cpu         ] GC(2262) User=0.09s Sys=0.00s Real=0.04s
[668.465s][info][gc,start       ] GC(2263) Pause Young (Allocation Failure)
[668.527s][info][gc,heap        ] GC(2263) PSYoungGen: 143168K(220160K)->60336K(222720K) Eden: 112640K(112640K)->0K(118272K) From: 30528K(107520K)->60336K(104448K)
[668.527s][info][gc,heap        ] GC(2263) ParOldGen: 255485K(520704K)->263706K(520704K)
[668.527s][info][gc,metaspace   ] GC(2263) Metaspace: 19111K(19328K)->19111K(19328K) NonClass: 16446K(16576K)->16446K(16576K) Class: 2665K(2752K)->2665K(2752K)
[668.527s][info][gc             ] GC(2263) Pause Young (Allocation Failure) 389M->316M(726M) 61.653ms
[668.527s][info][gc,cpu         ] GC(2263) User=0.13s Sys=0.00s Real=0.06s
[668.651s][info][gc,start       ] GC(2264) Pause Young (Allocation Failure)
[668.719s][info][gc,heap        ] GC(2264) PSYoungGen: 178608K(222720K)->71043K(222208K) Eden: 118272K(118272K)->0K(118272K) From: 60336K(104448K)->71043K(103936K)
[668.719s][info][gc,heap        ] GC(2264) ParOldGen: 263706K(520704K)->265770K(520704K)
[668.719s][info][gc,metaspace   ] GC(2264) Metaspace: 19111K(19328K)->19111K(19328K) NonClass: 16446K(16576K)->16446K(16576K) Class: 2665K(2752K)->2665K(2752K)
[668.719s][info][gc             ] GC(2264) Pause Young (Allocation Failure) 431M->328M(725M) 68.001ms
[668.719s][info][gc,cpu         ] GC(2264) User=0.14s Sys=0.00s Real=0.06s
[668.846s][info][gc,start       ] GC(2265) Pause Young (Allocation Failure)
[668.917s][info][gc,heap        ] GC(2265) PSYoungGen: 189315K(222208K)->18819K(227328K) Eden: 118272K(118272K)->0K(120320K) From: 71043K(103936K)->18819K(107008K)
[668.917s][info][gc,heap        ] GC(2265) ParOldGen: 265770K(520704K)->324397K(520704K)
[668.917s][info][gc,metaspace   ] GC(2265) Metaspace: 19111K(19328K)->19111K(19328K) NonClass: 16446K(16576K)->16446K(16576K) Class: 2665K(2752K)->2665K(2752K)
[668.917s][info][gc             ] GC(2265) Pause Young (Allocation Failure) 444M->335M(730M) 70.998ms
[668.917s][info][gc,cpu         ] GC(2265) User=0.14s Sys=0.00s Real=0.07s
[669.075s][info][gc,start       ] GC(2266) Pause Young (Allocation Failure)
[669.104s][info][gc,heap        ] GC(2266) PSYoungGen: 139139K(227328K)->1760K(122368K) Eden: 120320K(120320K)->0K(120320K) From: 18819K(107008K)->1760K(2048K)
[669.104s][info][gc,heap        ] GC(2266) ParOldGen: 324397K(520704K)->343232K(520704K)
[669.104s][info][gc,metaspace   ] GC(2266) Metaspace: 19111K(19328K)->19111K(19328K) NonClass: 16446K(16576K)->16446K(16576K) Class: 2665K(2752K)->2665K(2752K)
[669.104s][info][gc             ] GC(2266) Pause Young (Allocation Failure) 452M->336M(628M) 28.991ms
[669.104s][info][gc,cpu         ] GC(2266) User=0.06s Sys=0.00s Real=0.03s
[669.413s][info][gc,start       ] GC(2267) Pause Young (Allocation Failure)
[669.418s][info][gc,heap        ] GC(2267) PSYoungGen: 122080K(122368K)->1024K(224768K) Eden: 120320K(120320K)->0K(116736K) From: 1760K(2048K)->1024K(108032K)
[669.418s][info][gc,heap        ] GC(2267) ParOldGen: 343232K(520704K)->344976K(520704K)
[669.418s][info][gc,metaspace   ] GC(2267) Metaspace: 19111K(19328K)->19111K(19328K) NonClass: 16446K(16576K)->16446K(16576K) Class: 2665K(2752K)->2665K(2752K)
[669.418s][info][gc             ] GC(2267) Pause Young (Allocation Failure) 454M->337M(728M) 5.506ms
[669.418s][info][gc,cpu         ] GC(2267) User=0.01s Sys=0.00s Real=0.00s
[669.699s][info][gc,start       ] GC(2268) Pause Young (Allocation Failure)
[669.703s][info][gc,heap        ] GC(2268) PSYoungGen: 117760K(224768K)->480K(225280K) Eden: 116736K(116736K)->0K(116736K) From: 1024K(108032K)->480K(108544K)
[669.703s][info][gc,heap        ] GC(2268) ParOldGen: 344976K(520704K)->345797K(520704K)
[669.703s][info][gc,metaspace   ] GC(2268) Metaspace: 19111K(19328K)->19111K(19328K) NonClass: 16446K(16576K)->16446K(16576K) Class: 2665K(2752K)->2665K(2752K)
[669.703s][info][gc             ] GC(2268) Pause Young (Allocation Failure) 451M->338M(728M) 3.868ms
[669.703s][info][gc,cpu         ] GC(2268) User=0.01s Sys=0.00s Real=0.01s
[669.809s][info][gc,start       ] GC(2269) Pause Young (Allocation Failure)
[669.845s][info][gc,heap        ] GC(2269) PSYoungGen: 117216K(225280K)->38672K(214016K) Eden: 116736K(116736K)->0K(117248K) From: 480K(108544K)->38672K(96768K)
[669.845s][info][gc,heap        ] GC(2269) ParOldGen: 345797K(520704K)->345797K(520704K)
[669.845s][info][gc,metaspace   ] GC(2269) Metaspace: 19111K(19328K)->19111K(19328K) NonClass: 16446K(16576K)->16446K(16576K) Class: 2665K(2752K)->2665K(2752K)
[669.845s][info][gc             ] GC(2269) Pause Young (Allocation Failure) 452M->375M(717M) 36.547ms
[669.845s][info][gc,cpu         ] GC(2269) User=0.07s Sys=0.00s Real=0.04s
[670.024s][info][gc,start       ] GC(2270) Pause Young (Allocation Failure)
[670.095s][info][gc,heap        ] GC(2270) PSYoungGen: 155920K(214016K)->74624K(219648K) Eden: 117248K(117248K)->0K(117248K) From: 38672K(96768K)->74624K(102400K)
[670.095s][info][gc,heap        ] GC(2270) ParOldGen: 345797K(520704K)->346258K(520704K)
[670.095s][info][gc,metaspace   ] GC(2270) Metaspace: 19111K(19328K)->19111K(19328K) NonClass: 16446K(16576K)->16446K(16576K) Class: 2665K(2752K)->2665K(2752K)
[670.095s][info][gc             ] GC(2270) Pause Young (Allocation Failure) 489M->411M(723M) 71.705ms
[670.095s][info][gc,cpu         ] GC(2270) User=0.14s Sys=0.00s Real=0.07s
[670.210s][info][gc,start       ] GC(2271) Pause Young (Allocation Failure)
[670.282s][info][gc,heap        ] GC(2271) PSYoungGen: 191872K(219648K)->42912K(226304K) Eden: 117248K(117248K)->0K(118784K) From: 74624K(102400K)->42912K(107520K)
[670.282s][info][gc,heap        ] GC(2271) ParOldGen: 346258K(520704K)->384559K(520704K)
[670.282s][info][gc,metaspace   ] GC(2271) Metaspace: 19111K(19328K)->19111K(19328K) NonClass: 16446K(16576K)->16446K(16576K) Class: 2665K(2752K)->2665K(2752K)
[670.282s][info][gc             ] GC(2271) Pause Young (Allocation Failure) 525M->417M(729M) 72.539ms
[670.283s][info][gc,cpu         ] GC(2271) User=0.14s Sys=0.00s Real=0.07s
[670.403s][info][gc,start       ] GC(2272) Pause Young (Allocation Failure)
[670.446s][info][gc,heap        ] GC(2272) PSYoungGen: 161696K(226304K)->832K(223744K) Eden: 118784K(118784K)->0K(118784K) From: 42912K(107520K)->832K(104960K)
[670.446s][info][gc,heap        ] GC(2272) ParOldGen: 384559K(520704K)->427127K(520704K)
[670.446s][info][gc,metaspace   ] GC(2272) Metaspace: 19111K(19328K)->19111K(19328K) NonClass: 16446K(16576K)->16446K(16576K) Class: 2665K(2752K)->2665K(2752K)
[670.446s][info][gc             ] GC(2272) Pause Young (Allocation Failure) 533M->417M(727M) 43.153ms
[670.446s][info][gc,cpu         ] GC(2272) User=0.09s Sys=0.00s Real=0.04s
[670.714s][info][gc,start       ] GC(2273) Pause Young (Allocation Failure)
[670.719s][info][gc,heap        ] GC(2273) PSYoungGen: 119616K(223744K)->1376K(226816K) Eden: 118784K(118784K)->0K(122368K) From: 832K(104960K)->1376K(104448K)
[670.719s][info][gc,heap        ] GC(2273) ParOldGen: 427127K(520704K)->427943K(520704K)
[670.719s][info][gc,metaspace   ] GC(2273) Metaspace: 19111K(19328K)->19111K(19328K) NonClass: 16446K(16576K)->16446K(16576K) Class: 2665K(2752K)->2665K(2752K)
[670.719s][info][gc             ] GC(2273) Pause Young (Allocation Failure) 533M->419M(730M) 4.923ms
[670.719s][info][gc,cpu         ] GC(2273) User=0.01s Sys=0.00s Real=0.00s
[670.910s][info][gc,start       ] GC(2274) Pause Young (Allocation Failure)
[670.950s][info][gc,heap        ] GC(2274) PSYoungGen: 123744K(226816K)->40800K(225792K) Eden: 122368K(122368K)->0K(122368K) From: 1376K(104448K)->40800K(103424K)
[670.950s][info][gc,heap        ] GC(2274) ParOldGen: 427943K(520704K)->429239K(520704K)
[670.950s][info][gc,metaspace   ] GC(2274) Metaspace: 19111K(19328K)->19111K(19328K) NonClass: 16446K(16576K)->16446K(16576K) Class: 2665K(2752K)->2665K(2752K)
[670.950s][info][gc             ] GC(2274) Pause Young (Allocation Failure) 538M->459M(729M) 40.665ms
[670.950s][info][gc,cpu         ] GC(2274) User=0.08s Sys=0.00s Real=0.05s
[671.088s][info][gc,start       ] GC(2275) Pause Young (Allocation Failure)
[671.173s][info][gc,heap        ] GC(2275) PSYoungGen: 163168K(225792K)->49472K(226304K) Eden: 122368K(122368K)->0K(126464K) From: 40800K(103424K)->49472K(99840K)
[671.173s][info][gc,heap        ] GC(2275) ParOldGen: 429239K(520704K)->470111K(520704K)
[671.173s][info][gc,metaspace   ] GC(2275) Metaspace: 19111K(19328K)->19111K(19328K) NonClass: 16446K(16576K)->16446K(16576K) Class: 2665K(2752K)->2665K(2752K)
[671.173s][info][gc             ] GC(2275) Pause Young (Allocation Failure) 578M->507M(729M) 84.696ms
[671.173s][info][gc,cpu         ] GC(2275) User=0.17s Sys=0.00s Real=0.09s
[671.290s][info][gc,start       ] GC(2276) Pause Young (Allocation Failure)
[671.391s][info][gc,heap        ] GC(2276) PSYoungGen: 175936K(226304K)->62252K(225792K) Eden: 126464K(126464K)->0K(126464K) From: 49472K(99840K)->62252K(99328K)
[671.391s][info][gc,heap        ] GC(2276) ParOldGen: 470111K(520704K)->519719K(520704K)
[671.391s][info][gc,metaspace   ] GC(2276) Metaspace: 19111K(19328K)->19111K(19328K) NonClass: 16446K(16576K)->16446K(16576K) Class: 2665K(2752K)->2665K(2752K)
[671.391s][info][gc             ] GC(2276) Pause Young (Allocation Failure) 630M->568M(729M) 101.613ms
[671.391s][info][gc,cpu         ] GC(2276) User=0.20s Sys=0.00s Real=0.11s
[671.526s][info][gc,start       ] GC(2277) Pause Young (Allocation Failure)
[671.633s][info][gc,heap        ] GC(2277) PSYoungGen: 188716K(225792K)->23076K(229888K) Eden: 126464K(126464K)->0K(131584K) From: 62252K(99328K)->23076K(98304K)
[671.633s][info][gc,heap        ] GC(2277) ParOldGen: 519719K(520704K)->580217K(580608K)
[671.633s][info][gc,metaspace   ] GC(2277) Metaspace: 19113K(19328K)->19113K(19328K) NonClass: 16447K(16576K)->16447K(16576K) Class: 2665K(2752K)->2665K(2752K)
[671.633s][info][gc             ] GC(2277) Pause Young (Allocation Failure) 691M->589M(791M) 106.940ms
[671.633s][info][gc,cpu         ] GC(2277) User=0.16s Sys=0.05s Real=0.11s
[671.719s][info][gc,start       ] GC(2278) Pause Young (Allocation Failure)
[671.769s][info][gc,heap        ] GC(2278) PSYoungGen: 154660K(229888K)->10176K(230400K) Eden: 131584K(131584K)->0K(131584K) From: 23076K(98304K)->10176K(98816K)
[671.769s][info][gc,heap        ] GC(2278) ParOldGen: 580217K(580608K)->603375K(603648K)
[671.769s][info][gc,metaspace   ] GC(2278) Metaspace: 19113K(19328K)->19113K(19328K) NonClass: 16447K(16576K)->16447K(16576K) Class: 2665K(2752K)->2665K(2752K)
[671.769s][info][gc             ] GC(2278) Pause Young (Allocation Failure) 717M->599M(814M) 49.998ms
[671.769s][info][gc,cpu         ] GC(2278) User=0.08s Sys=0.02s Real=0.05s
[671.845s][info][gc,start       ] GC(2279) Pause Full (Allocation Failure)
[671.845s][info][gc,phases,start] GC(2279) Marking Phase
[671.919s][info][gc,phases      ] GC(2279) Marking Phase 73.203ms
[671.919s][info][gc,phases,start] GC(2279) Summary Phase
[671.919s][info][gc,phases      ] GC(2279) Summary Phase 0.027ms
[671.919s][info][gc,phases,start] GC(2279) Forward
[671.946s][info][gc,phases      ] GC(2279) Forward 27.358ms
[671.946s][info][gc,phases,start] GC(2279) Adjust Pointers
[671.998s][info][gc,phases      ] GC(2279) Adjust Pointers 52.288ms
[671.999s][info][gc,phases,start] GC(2279) Compaction Phase
[672.025s][info][gc,phases      ] GC(2279) Compaction Phase 26.700ms
[672.028s][info][gc,phases,start] GC(2279) Post Compact
[672.030s][info][gc,phases      ] GC(2279) Post Compact 2.155ms
[672.043s][info][gc,heap        ] GC(2279) PSYoungGen: 141760K(230400K)->0K(233472K) Eden: 131584K(131584K)->0K(136704K) From: 10176K(98816K)->0K(96768K)
[672.043s][info][gc,heap        ] GC(2279) ParOldGen: 603375K(603648K)->118078K(453120K)
[672.043s][info][gc,metaspace   ] GC(2279) Metaspace: 19113K(19328K)->19113K(19328K) NonClass: 16447K(16576K)->16447K(16576K) Class: 2665K(2752K)->2665K(2752K)
[672.043s][info][gc             ] GC(2279) Pause Full (Allocation Failure) 727M->115M(670M) 197.914ms
[672.043s][info][gc,cpu         ] GC(2279) User=0.32s Sys=0.02s Real=0.20s
[672.110s][info][gc,start       ] GC(2280) Pause Young (Allocation Failure)
[672.140s][info][gc,heap        ] GC(2280) PSYoungGen: 136704K(233472K)->44288K(233472K) Eden: 136704K(136704K)->0K(136704K) From: 0K(96768K)->44288K(96768K)
[672.140s][info][gc,heap        ] GC(2280) ParOldGen: 118078K(453120K)->118078K(453120K)
[672.140s][info][gc,metaspace   ] GC(2280) Metaspace: 19113K(19328K)->19113K(19328K) NonClass: 16447K(16576K)->16447K(16576K) Class: 2665K(2752K)->2665K(2752K)
[672.140s][info][gc             ] GC(2280) Pause Young (Allocation Failure) 248M->158M(670M) 30.880ms
[672.140s][info][gc,cpu         ] GC(2280) User=0.06s Sys=0.00s Real=0.04s
[672.323s][info][gc,start       ] GC(2281) Pause Young (Allocation Failure)
[672.358s][info][gc,heap        ] GC(2281) PSYoungGen: 180992K(233472K)->5568K(236032K) Eden: 136704K(136704K)->0K(141312K) From: 44288K(96768K)->5568K(94720K)
[672.358s][info][gc,heap        ] GC(2281) ParOldGen: 118078K(453120K)->162838K(453120K)
[672.358s][info][gc,metaspace   ] GC(2281) Metaspace: 19113K(19328K)->19113K(19328K) NonClass: 16447K(16576K)->16447K(16576K) Class: 2665K(2752K)->2665K(2752K)
[672.358s][info][gc             ] GC(2281) Pause Young (Allocation Failure) 292M->164M(673M) 34.593ms
[672.358s][info][gc,cpu         ] GC(2281) User=0.07s Sys=0.00s Real=0.03s
[672.563s][info][gc,start       ] GC(2282) Pause Young (Allocation Failure)
[672.602s][info][gc,heap        ] GC(2282) PSYoungGen: 146880K(236032K)->17636K(235008K) Eden: 141312K(141312K)->0K(141312K) From: 5568K(94720K)->17636K(93696K)
[672.602s][info][gc,heap        ] GC(2282) ParOldGen: 162838K(453120K)->168422K(453120K)
[672.602s][info][gc,metaspace   ] GC(2282) Metaspace: 19115K(19328K)->19115K(19328K) NonClass: 16450K(16576K)->16450K(16576K) Class: 2665K(2752K)->2665K(2752K)
[672.602s][info][gc             ] GC(2282) Pause Young (Allocation Failure) 302M->181M(672M) 39.272ms
[672.602s][info][gc,cpu         ] GC(2282) User=0.08s Sys=0.00s Real=0.04s
[672.782s][info][gc,start       ] GC(2283) Pause Young (Allocation Failure)
[672.837s][info][gc,heap        ] GC(2283) PSYoungGen: 158948K(235008K)->25440K(235008K) Eden: 141312K(141312K)->0K(150528K) From: 17636K(93696K)->25440K(84480K)
[672.837s][info][gc,heap        ] GC(2283) ParOldGen: 168422K(453120K)->186048K(453120K)
[672.837s][info][gc,metaspace   ] GC(2283) Metaspace: 19115K(19328K)->19115K(19328K) NonClass: 16450K(16576K)->16450K(16576K) Class: 2665K(2752K)->2665K(2752K)
[672.837s][info][gc             ] GC(2283) Pause Young (Allocation Failure) 319M->206M(672M) 55.251ms
[672.837s][info][gc,cpu         ] GC(2283) User=0.11s Sys=0.00s Real=0.05s
[672.949s][info][gc,start       ] GC(2284) Pause Young (Allocation Failure)
[673.027s][info][gc,heap        ] GC(2284) PSYoungGen: 175968K(235008K)->57920K(235008K) Eden: 150528K(150528K)->0K(150528K) From: 25440K(84480K)->57920K(84480K)
[673.027s][info][gc,heap        ] GC(2284) ParOldGen: 186048K(453120K)->211528K(453120K)
[673.027s][info][gc,metaspace   ] GC(2284) Metaspace: 19115K(19328K)->19115K(19328K) NonClass: 16450K(16576K)->16450K(16576K) Class: 2665K(2752K)->2665K(2752K)
[673.027s][info][gc             ] GC(2284) Pause Young (Allocation Failure) 353M->263M(672M) 78.115ms
[673.027s][info][gc,cpu         ] GC(2284) User=0.15s Sys=0.00s Real=0.08s
[673.105s][info][gc,start       ] GC(2285) Pause Young (Allocation Failure)
[673.187s][info][gc,heap        ] GC(2285) PSYoungGen: 208448K(235008K)->34480K(244224K) Eden: 150528K(150528K)->0K(159744K) From: 57920K(84480K)->34480K(84480K)
[673.187s][info][gc,heap        ] GC(2285) ParOldGen: 211528K(453120K)->269616K(453120K)
[673.187s][info][gc,metaspace   ] GC(2285) Metaspace: 19115K(19328K)->19115K(19328K) NonClass: 16450K(16576K)->16450K(16576K) Class: 2665K(2752K)->2665K(2752K)
[673.187s][info][gc             ] GC(2285) Pause Young (Allocation Failure) 410M->296M(681M) 81.773ms
[673.187s][info][gc,cpu         ] GC(2285) User=0.17s Sys=0.00s Real=0.08s
[673.301s][info][gc,start       ] GC(2286) Pause Young (Allocation Failure)
[673.352s][info][gc,heap        ] GC(2286) PSYoungGen: 194224K(244224K)->33312K(244224K) Eden: 159744K(159744K)->0K(159744K) From: 34480K(84480K)->33312K(84480K)
[673.352s][info][gc,heap        ] GC(2286) ParOldGen: 269616K(453120K)->304456K(453120K)
[673.352s][info][gc,metaspace   ] GC(2286) Metaspace: 19115K(19328K)->19115K(19328K) NonClass: 16450K(16576K)->16450K(16576K) Class: 2665K(2752K)->2665K(2752K)
[673.352s][info][gc             ] GC(2286) Pause Young (Allocation Failure) 452M->329M(681M) 50.810ms
[673.352s][info][gc,cpu         ] GC(2286) User=0.10s Sys=0.00s Real=0.05s
[673.472s][info][gc,start       ] GC(2287) Pause Young (Allocation Failure)
[673.502s][info][gc,heap        ] GC(2287) PSYoungGen: 193056K(244224K)->4480K(244736K) Eden: 159744K(159744K)->0K(164864K) From: 33312K(84480K)->4480K(79872K)
[673.502s][info][gc,heap        ] GC(2287) ParOldGen: 304456K(453120K)->338096K(453120K)
[673.502s][info][gc,metaspace   ] GC(2287) Metaspace: 19115K(19328K)->19115K(19328K) NonClass: 16450K(16576K)->16450K(16576K) Class: 2665K(2752K)->2665K(2752K)
[673.502s][info][gc             ] GC(2287) Pause Young (Allocation Failure) 485M->334M(681M) 29.979ms
[673.502s][info][gc,cpu         ] GC(2287) User=0.06s Sys=0.00s Real=0.03s
[673.680s][info][gc,start       ] GC(2288) Pause Young (Allocation Failure)
[673.735s][info][gc,heap        ] GC(2288) PSYoungGen: 169344K(244736K)->33441K(244736K) Eden: 164864K(164864K)->0K(164864K) From: 4480K(79872K)->33441K(79872K)
[673.735s][info][gc,heap        ] GC(2288) ParOldGen: 338096K(453120K)->342560K(453120K)
[673.735s][info][gc,metaspace   ] GC(2288) Metaspace: 19115K(19328K)->19115K(19328K) NonClass: 16450K(16576K)->16450K(16576K) Class: 2665K(2752K)->2665K(2752K)
[673.735s][info][gc             ] GC(2288) Pause Young (Allocation Failure) 495M->367M(681M) 54.524ms
[673.735s][info][gc,cpu         ] GC(2288) User=0.11s Sys=0.00s Real=0.05s
[673.925s][info][gc,start       ] GC(2289) Pause Young (Allocation Failure)
[674.001s][info][gc,heap        ] GC(2289) PSYoungGen: 198305K(244736K)->29696K(248320K) Eden: 164864K(164864K)->0K(177664K) From: 33441K(79872K)->29696K(70656K)
[674.001s][info][gc,heap        ] GC(2289) ParOldGen: 342560K(453120K)->376020K(453120K)
[674.001s][info][gc,metaspace   ] GC(2289) Metaspace: 19115K(19328K)->19115K(19328K) NonClass: 16450K(16576K)->16450K(16576K) Class: 2665K(2752K)->2665K(2752K)
[674.001s][info][gc             ] GC(2289) Pause Young (Allocation Failure) 528M->396M(685M) 76.093ms
[674.001s][info][gc,cpu         ] GC(2289) User=0.15s Sys=0.00s Real=0.08s
[674.219s][info][gc,start       ] GC(2290) Pause Young (Allocation Failure)
[674.258s][info][gc,heap        ] GC(2290) PSYoungGen: 207360K(248320K)->8384K(249344K) Eden: 177664K(177664K)->0K(177664K) From: 29696K(70656K)->8384K(71680K)
[674.258s][info][gc,heap        ] GC(2290) ParOldGen: 376020K(453120K)->405772K(453120K)
[674.258s][info][gc,metaspace   ] GC(2290) Metaspace: 19115K(19328K)->19115K(19328K) NonClass: 16450K(16576K)->16450K(16576K) Class: 2665K(2752K)->2665K(2752K)
[674.258s][info][gc             ] GC(2290) Pause Young (Allocation Failure) 569M->404M(686M) 39.328ms
[674.258s][info][gc,cpu         ] GC(2290) User=0.07s Sys=0.00s Real=0.04s
[674.465s][info][gc,start       ] GC(2291) Pause Young (Allocation Failure)
[674.482s][info][gc,heap        ] GC(2291) PSYoungGen: 186048K(249344K)->3296K(261632K) Eden: 177664K(177664K)->0K(190976K) From: 8384K(71680K)->3296K(70656K)
[674.482s][info][gc,heap        ] GC(2291) ParOldGen: 405772K(453120K)->414164K(453120K)
[674.482s][info][gc,metaspace   ] GC(2291) Metaspace: 19115K(19328K)->19115K(19328K) NonClass: 16450K(16576K)->16450K(16576K) Class: 2665K(2752K)->2665K(2752K)
[674.482s][info][gc             ] GC(2291) Pause Young (Allocation Failure) 577M->407M(698M) 17.619ms
[674.482s][info][gc,cpu         ] GC(2291) User=0.04s Sys=0.00s Real=0.02s
[674.822s][info][gc,start       ] GC(2292) Pause Young (Allocation Failure)
[674.851s][info][gc,heap        ] GC(2292) PSYoungGen: 194272K(261632K)->21312K(212480K) Eden: 190976K(190976K)->0K(190976K) From: 3296K(70656K)->21312K(21504K)
[674.851s][info][gc,heap        ] GC(2292) ParOldGen: 414164K(453120K)->417452K(453120K)
[674.851s][info][gc,metaspace   ] GC(2292) Metaspace: 19115K(19328K)->19115K(19328K) NonClass: 16450K(16576K)->16450K(16576K) Class: 2665K(2752K)->2665K(2752K)
[674.851s][info][gc             ] GC(2292) Pause Young (Allocation Failure) 594M->428M(650M) 28.314ms
[674.851s][info][gc,cpu         ] GC(2292) User=0.06s Sys=0.00s Real=0.03s
[675.415s][info][gc,start       ] GC(2293) Pause Young (Allocation Failure)
[675.439s][info][gc,heap        ] GC(2293) PSYoungGen: 212288K(212480K)->128K(259584K) Eden: 190976K(190976K)->0K(192000K) From: 21312K(21504K)->128K(67584K)
[675.439s][info][gc,heap        ] GC(2293) ParOldGen: 417452K(453120K)->438786K(453120K)
[675.439s][info][gc,metaspace   ] GC(2293) Metaspace: 19115K(19328K)->19115K(19328K) NonClass: 16450K(16576K)->16450K(16576K) Class: 2665K(2752K)->2665K(2752K)
[675.439s][info][gc             ] GC(2293) Pause Young (Allocation Failure) 614M->428M(696M) 23.553ms
[675.439s][info][gc,cpu         ] GC(2293) User=0.05s Sys=0.00s Real=0.02s
[675.922s][info][gc,start       ] GC(2294) Pause Young (Allocation Failure)
[675.932s][info][gc,heap        ] GC(2294) PSYoungGen: 192128K(259584K)->192K(259584K) Eden: 192000K(192000K)->0K(192000K) From: 128K(67584K)->192K(67584K)
[675.932s][info][gc,heap        ] GC(2294) ParOldGen: 438786K(453120K)->438786K(453120K)
[675.932s][info][gc,metaspace   ] GC(2294) Metaspace: 19115K(19328K)->19115K(19328K) NonClass: 16450K(16576K)->16450K(16576K) Class: 2665K(2752K)->2665K(2752K)
[675.932s][info][gc             ] GC(2294) Pause Young (Allocation Failure) 616M->428M(696M) 10.335ms
[675.932s][info][gc,cpu         ] GC(2294) User=0.02s Sys=0.00s Real=0.01s
[676.155s][info][gc,start       ] GC(2295) Pause Young (Allocation Failure)
[676.190s][info][gc,heap        ] GC(2295) PSYoungGen: 192192K(259584K)->45062K(258048K) Eden: 192000K(192000K)->0K(191488K) From: 192K(67584K)->45062K(66560K)
[676.190s][info][gc,heap        ] GC(2295) ParOldGen: 438786K(453120K)->438786K(453120K)
[676.190s][info][gc,metaspace   ] GC(2295) Metaspace: 19117K(19328K)->19117K(19328K) NonClass: 16452K(16576K)->16452K(16576K) Class: 2665K(2752K)->2665K(2752K)
[676.190s][info][gc             ] GC(2295) Pause Young (Allocation Failure) 616M->472M(694M) 35.106ms
[676.190s][info][gc,cpu         ] GC(2295) User=0.07s Sys=0.00s Real=0.04s
[676.414s][info][gc,start       ] GC(2296) Pause Young (Allocation Failure)
[676.472s][info][gc,heap        ] GC(2296) PSYoungGen: 236550K(258048K)->71142K(262656K) Eden: 191488K(191488K)->0K(191488K) From: 45062K(66560K)->71142K(71168K)
[676.472s][info][gc,heap        ] GC(2296) ParOldGen: 438786K(453120K)->443670K(453120K)
[676.472s][info][gc,metaspace   ] GC(2296) Metaspace: 19117K(19328K)->19117K(19328K) NonClass: 16452K(16576K)->16452K(16576K) Class: 2665K(2752K)->2665K(2752K)
[676.472s][info][gc             ] GC(2296) Pause Young (Allocation Failure) 659M->502M(699M) 57.484ms
[676.472s][info][gc,cpu         ] GC(2296) User=0.12s Sys=0.00s Real=0.06s
[676.751s][info][gc,start       ] GC(2297) Pause Young (Allocation Failure)
[676.855s][info][gc,heap        ] GC(2297) PSYoungGen: 262630K(262656K)->71136K(197120K) Eden: 191488K(191488K)->0K(125952K) From: 71142K(71168K)->71136K(71168K)
[676.855s][info][gc,heap        ] GC(2297) ParOldGen: 443670K(453120K)->463763K(463872K)
[676.855s][info][gc,metaspace   ] GC(2297) Metaspace: 19117K(19328K)->19117K(19328K) NonClass: 16452K(16576K)->16452K(16576K) Class: 2665K(2752K)->2665K(2752K)
[676.855s][info][gc             ] GC(2297) Pause Young (Allocation Failure) 689M->522M(645M) 104.854ms
[676.855s][info][gc,cpu         ] GC(2297) User=0.19s Sys=0.02s Real=0.10s
[676.991s][info][gc,start       ] GC(2298) Pause Young (Allocation Failure)
[677.119s][info][gc,heap        ] GC(2298) PSYoungGen: 197088K(197120K)->34256K(229888K) Eden: 125952K(125952K)->0K(125952K) From: 71136K(71168K)->34256K(103936K)
[677.119s][info][gc,heap        ] GC(2298) ParOldGen: 463763K(463872K)->526779K(526848K)
[677.119s][info][gc,metaspace   ] GC(2298) Metaspace: 19117K(19328K)->19117K(19328K) NonClass: 16452K(16576K)->16452K(16576K) Class: 2665K(2752K)->2665K(2752K)
[677.119s][info][gc             ] GC(2298) Pause Young (Allocation Failure) 645M->547M(739M) 128.841ms
[677.120s][info][gc,cpu         ] GC(2298) User=0.20s Sys=0.06s Real=0.12s
[677.236s][info][gc,start       ] GC(2299) Pause Young (Allocation Failure)
[677.325s][info][gc,heap        ] GC(2299) PSYoungGen: 160208K(229888K)->22640K(214528K) Eden: 125952K(125952K)->0K(133120K) From: 34256K(103936K)->22640K(81408K)
[677.325s][info][gc,heap        ] GC(2299) ParOldGen: 526779K(526848K)->560462K(560640K)
[677.325s][info][gc,metaspace   ] GC(2299) Metaspace: 19117K(19328K)->19117K(19328K) NonClass: 16452K(16576K)->16452K(16576K) Class: 2665K(2752K)->2665K(2752K)
[677.325s][info][gc             ] GC(2299) Pause Young (Allocation Failure) 670M->569M(757M) 89.020ms
[677.325s][info][gc,cpu         ] GC(2299) User=0.15s Sys=0.02s Real=0.09s
[677.386s][info][gc,start       ] GC(2300) Pause Young (Allocation Failure)
[677.440s][info][gc,heap        ] GC(2300) PSYoungGen: 155760K(214528K)->25280K(225792K) Eden: 133120K(133120K)->0K(133120K) From: 22640K(81408K)->25280K(92672K)
[677.440s][info][gc,heap        ] GC(2300) ParOldGen: 560462K(560640K)->583134K(583168K)
[677.440s][info][gc,metaspace   ] GC(2300) Metaspace: 19117K(19328K)->19117K(19328K) NonClass: 16452K(16576K)->16452K(16576K) Class: 2665K(2752K)->2665K(2752K)
[677.440s][info][gc             ] GC(2300) Pause Young (Allocation Failure) 699M->594M(790M) 53.420ms
[677.440s][info][gc,cpu         ] GC(2300) User=0.09s Sys=0.03s Real=0.05s
[677.540s][info][gc,start       ] GC(2301) Pause Young (Allocation Failure)
[677.583s][info][gc,heap        ] GC(2301) PSYoungGen: 158400K(225792K)->9088K(236032K) Eden: 133120K(133120K)->0K(151040K) From: 25280K(92672K)->9088K(84992K)
[677.583s][info][gc,heap        ] GC(2301) ParOldGen: 583134K(583168K)->608654K(608768K)
[677.583s][info][gc,metaspace   ] GC(2301) Metaspace: 19117K(19328K)->19117K(19328K) NonClass: 16452K(16576K)->16452K(16576K) Class: 2665K(2752K)->2665K(2752K)
[677.583s][info][gc             ] GC(2301) Pause Young (Allocation Failure) 724M->603M(825M) 42.737ms
[677.583s][info][gc,cpu         ] GC(2301) User=0.07s Sys=0.01s Real=0.04s
[677.673s][info][gc,start       ] GC(2302) Pause Young (Allocation Failure)
[677.695s][info][gc,heap        ] GC(2302) PSYoungGen: 160128K(236032K)->3424K(237568K) Eden: 151040K(151040K)->0K(151040K) From: 9088K(84992K)->3424K(86528K)
[677.695s][info][gc,heap        ] GC(2302) ParOldGen: 608654K(608768K)->617790K(617984K)
[677.695s][info][gc,metaspace   ] GC(2302) Metaspace: 19117K(19328K)->19117K(19328K) NonClass: 16452K(16576K)->16452K(16576K) Class: 2665K(2752K)->2665K(2752K)
[677.695s][info][gc             ] GC(2302) Pause Young (Allocation Failure) 750M->606M(835M) 22.364ms
[677.695s][info][gc,cpu         ] GC(2302) User=0.03s Sys=0.01s Real=0.02s
[677.814s][info][gc,start       ] GC(2303) Pause Full (Allocation Failure)
[677.814s][info][gc,phases,start] GC(2303) Marking Phase
[678.076s][info][gc,phases      ] GC(2303) Marking Phase 261.441ms
[678.076s][info][gc,phases,start] GC(2303) Summary Phase
[678.076s][info][gc,phases      ] GC(2303) Summary Phase 0.028ms
[678.076s][info][gc,phases,start] GC(2303) Forward
[678.163s][info][gc,phases      ] GC(2303) Forward 86.900ms
[678.163s][info][gc,phases,start] GC(2303) Adjust Pointers
[678.367s][info][gc,phases      ] GC(2303) Adjust Pointers 203.633ms
[678.367s][info][gc,phases,start] GC(2303) Compaction Phase
[678.487s][info][gc,phases      ] GC(2303) Compaction Phase 120.719ms
[678.496s][info][gc,phases,start] GC(2303) Post Compact
[678.498s][info][gc,phases      ] GC(2303) Post Compact 2.282ms
[678.498s][info][gc,heap        ] GC(2303) PSYoungGen: 154464K(237568K)->0K(246784K) Eden: 151040K(151040K)->0K(161792K) From: 3424K(86528K)->0K(84992K)
[678.498s][info][gc,heap        ] GC(2303) ParOldGen: 617790K(617984K)->362801K(667648K)
[678.498s][info][gc,metaspace   ] GC(2303) Metaspace: 19117K(19328K)->19117K(19328K) NonClass: 16452K(16576K)->16452K(16576K) Class: 2665K(2752K)->2665K(2752K)
[678.498s][info][gc             ] GC(2303) Pause Full (Allocation Failure) 754M->354M(893M) 683.735ms
[678.498s][info][gc,cpu         ] GC(2303) User=1.30s Sys=0.00s Real=0.68s
[678.654s][info][gc,start       ] GC(2304) Pause Young (Allocation Failure)
[678.679s][info][gc,heap        ] GC(2304) PSYoungGen: 161792K(246784K)->22912K(184832K) Eden: 161792K(161792K)->0K(161792K) From: 0K(84992K)->22912K(23040K)
[678.679s][info][gc,heap        ] GC(2304) ParOldGen: 362801K(667648K)->362801K(667648K)
[678.679s][info][gc,metaspace   ] GC(2304) Metaspace: 19117K(19328K)->19117K(19328K) NonClass: 16452K(16576K)->16452K(16576K) Class: 2665K(2752K)->2665K(2752K)
[678.679s][info][gc             ] GC(2304) Pause Young (Allocation Failure) 512M->376M(832M) 25.375ms
[678.679s][info][gc,cpu         ] GC(2304) User=0.05s Sys=0.00s Real=0.02s
[678.808s][info][gc,start       ] GC(2305) Pause Young (Allocation Failure)
[678.851s][info][gc,heap        ] GC(2305) PSYoungGen: 184704K(184832K)->16320K(247296K) Eden: 161792K(161792K)->0K(166912K) From: 22912K(23040K)->16320K(80384K)
[678.851s][info][gc,heap        ] GC(2305) ParOldGen: 362801K(667648K)->385735K(667648K)
[678.851s][info][gc,metaspace   ] GC(2305) Metaspace: 19117K(19328K)->19117K(19328K) NonClass: 16452K(16576K)->16452K(16576K) Class: 2665K(2752K)->2665K(2752K)
[678.851s][info][gc             ] GC(2305) Pause Young (Allocation Failure) 534M->392M(893M) 42.719ms
[678.851s][info][gc,cpu         ] GC(2305) User=0.08s Sys=0.00s Real=0.05s
[679.289s][info][gc,start       ] GC(2306) Pause Young (Allocation Failure)
[679.316s][info][gc,heap        ] GC(2306) PSYoungGen: 183232K(247296K)->7648K(243712K) Eden: 166912K(166912K)->0K(166912K) From: 16320K(80384K)->7648K(76800K)
[679.316s][info][gc,heap        ] GC(2306) ParOldGen: 385735K(667648K)->402071K(667648K)
[679.316s][info][gc,metaspace   ] GC(2306) Metaspace: 19117K(19328K)->19117K(19328K) NonClass: 16452K(16576K)->16452K(16576K) Class: 2665K(2752K)->2665K(2752K)
[679.316s][info][gc             ] GC(2306) Pause Young (Allocation Failure) 555M->400M(890M) 27.298ms
[679.316s][info][gc,cpu         ] GC(2306) User=0.06s Sys=0.00s Real=0.03s
[679.640s][info][gc,start       ] GC(2307) Pause Young (Allocation Failure)
[679.666s][info][gc,heap        ] GC(2307) PSYoungGen: 174560K(243712K)->14864K(253952K) Eden: 166912K(166912K)->0K(179712K) From: 7648K(76800K)->14864K(74240K)
[679.666s][info][gc,heap        ] GC(2307) ParOldGen: 402071K(667648K)->409649K(667648K)
[679.666s][info][gc,metaspace   ] GC(2307) Metaspace: 19117K(19328K)->19117K(19328K) NonClass: 16452K(16576K)->16452K(16576K) Class: 2665K(2752K)->2665K(2752K)
[679.666s][info][gc             ] GC(2307) Pause Young (Allocation Failure) 563M->414M(900M) 26.304ms
[679.666s][info][gc,cpu         ] GC(2307) User=0.05s Sys=0.00s Real=0.03s
[679.909s][info][gc,start       ] GC(2308) Pause Young (Allocation Failure)
[679.936s][info][gc,heap        ] GC(2308) PSYoungGen: 194576K(253952K)->13952K(251392K) Eden: 179712K(179712K)->0K(179712K) From: 14864K(74240K)->13952K(71680K)
[679.936s][info][gc,heap        ] GC(2308) ParOldGen: 409649K(667648K)->424577K(667648K)
[679.936s][info][gc,metaspace   ] GC(2308) Metaspace: 19117K(19328K)->19117K(19328K) NonClass: 16452K(16576K)->16452K(16576K) Class: 2665K(2752K)->2665K(2752K)
[679.937s][info][gc             ] GC(2308) Pause Young (Allocation Failure) 590M->428M(897M) 27.650ms
[679.937s][info][gc,cpu         ] GC(2308) User=0.05s Sys=0.00s Real=0.03s
[680.032s][info][gc,start       ] GC(2309) Pause Young (Allocation Failure)
[680.092s][info][gc,heap        ] GC(2309) PSYoungGen: 193664K(251392K)->65856K(242176K) Eden: 179712K(179712K)->0K(174080K) From: 13952K(71680K)->65856K(68096K)
[680.092s][info][gc,heap        ] GC(2309) ParOldGen: 424577K(667648K)->438601K(667648K)
[680.092s][info][gc,metaspace   ] GC(2309) Metaspace: 19117K(19328K)->19117K(19328K) NonClass: 16452K(16576K)->16452K(16576K) Class: 2665K(2752K)->2665K(2752K)
[680.092s][info][gc             ] GC(2309) Pause Young (Allocation Failure) 603M->492M(888M) 59.780ms
[680.092s][info][gc,cpu         ] GC(2309) User=0.12s Sys=0.00s Real=0.06s
[680.392s][info][gc,start       ] GC(2310) Pause Young (Allocation Failure)
[680.443s][info][gc,heap        ] GC(2310) PSYoungGen: 239936K(242176K)->4640K(253952K) Eden: 174080K(174080K)->0K(174080K) From: 65856K(68096K)->4640K(79872K)
[680.443s][info][gc,heap        ] GC(2310) ParOldGen: 438601K(667648K)->505226K(667648K)
[680.443s][info][gc,metaspace   ] GC(2310) Metaspace: 19117K(19328K)->19117K(19328K) NonClass: 16452K(16576K)->16452K(16576K) Class: 2665K(2752K)->2665K(2752K)
[680.443s][info][gc             ] GC(2310) Pause Young (Allocation Failure) 662M->497M(900M) 51.758ms
[680.443s][info][gc,cpu         ] GC(2310) User=0.10s Sys=0.00s Real=0.05s
[680.670s][info][gc,start       ] GC(2311) Pause Young (Allocation Failure)
[680.732s][info][gc,heap        ] GC(2311) PSYoungGen: 178720K(253952K)->42152K(253440K) Eden: 174080K(174080K)->0K(175104K) From: 4640K(79872K)->42152K(78336K)
[680.732s][info][gc,heap        ] GC(2311) ParOldGen: 505226K(667648K)->509854K(667648K)
[680.732s][info][gc,metaspace   ] GC(2311) Metaspace: 19117K(19328K)->19117K(19328K) NonClass: 16452K(16576K)->16452K(16576K) Class: 2665K(2752K)->2665K(2752K)
[680.732s][info][gc             ] GC(2311) Pause Young (Allocation Failure) 667M->539M(899M) 62.006ms
[680.732s][info][gc,cpu         ] GC(2311) User=0.13s Sys=0.00s Real=0.06s
[680.916s][info][gc,start       ] GC(2312) Pause Young (Allocation Failure)
[680.982s][info][gc,heap        ] GC(2312) PSYoungGen: 217256K(253440K)->14400K(189952K) Eden: 175104K(175104K)->0K(175104K) From: 42152K(78336K)->14400K(14848K)
[680.983s][info][gc,heap        ] GC(2312) ParOldGen: 509854K(667648K)->552076K(667648K)
[680.983s][info][gc,metaspace   ] GC(2312) Metaspace: 19117K(19328K)->19117K(19328K) NonClass: 16452K(16576K)->16452K(16576K) Class: 2665K(2752K)->2665K(2752K)
[680.983s][info][gc             ] GC(2312) Pause Young (Allocation Failure) 710M->553M(837M) 66.575ms
[680.983s][info][gc,cpu         ] GC(2312) User=0.13s Sys=0.00s Real=0.07s
[681.196s][info][gc,start       ] GC(2313) Pause Young (Allocation Failure)
[681.230s][info][gc,heap        ] GC(2313) PSYoungGen: 189504K(189952K)->4576K(253952K) Eden: 175104K(175104K)->0K(177664K) From: 14400K(14848K)->4576K(76288K)
[681.230s][info][gc,heap        ] GC(2313) ParOldGen: 552076K(667648K)->566468K(667648K)
[681.230s][info][gc,metaspace   ] GC(2313) Metaspace: 19117K(19328K)->19117K(19328K) NonClass: 16452K(16576K)->16452K(16576K) Class: 2665K(2752K)->2665K(2752K)
[681.230s][info][gc             ] GC(2313) Pause Young (Allocation Failure) 724M->557M(900M) 34.588ms
[681.230s][info][gc,cpu         ] GC(2313) User=0.06s Sys=0.00s Real=0.04s
[681.415s][info][gc,start       ] GC(2314) Pause Young (Allocation Failure)
[681.444s][info][gc,heap        ] GC(2314) PSYoungGen: 182240K(253952K)->25698K(252416K) Eden: 177664K(177664K)->0K(177664K) From: 4576K(76288K)->25698K(74752K)
[681.444s][info][gc,heap        ] GC(2314) ParOldGen: 566468K(667648K)->571044K(667648K)
[681.444s][info][gc,metaspace   ] GC(2314) Metaspace: 19117K(19328K)->19117K(19328K) NonClass: 16452K(16576K)->16452K(16576K) Class: 2665K(2752K)->2665K(2752K)
[681.444s][info][gc             ] GC(2314) Pause Young (Allocation Failure) 731M->582M(898M) 29.416ms
[681.444s][info][gc,cpu         ] GC(2314) User=0.06s Sys=0.00s Real=0.03s
[681.581s][info][gc,start       ] GC(2315) Pause Young (Allocation Failure)
[681.647s][info][gc,heap        ] GC(2315) PSYoungGen: 203362K(252416K)->61680K(244224K) Eden: 177664K(177664K)->0K(173568K) From: 25698K(74752K)->61680K(70656K)
[681.647s][info][gc,heap        ] GC(2315) ParOldGen: 571044K(667648K)->596905K(667648K)
[681.647s][info][gc,metaspace   ] GC(2315) Metaspace: 19117K(19328K)->19117K(19328K) NonClass: 16452K(16576K)->16452K(16576K) Class: 2665K(2752K)->2665K(2752K)
[681.647s][info][gc             ] GC(2315) Pause Young (Allocation Failure) 756M->643M(890M) 66.311ms
[681.647s][info][gc,cpu         ] GC(2315) User=0.13s Sys=0.00s Real=0.06s
[681.825s][info][gc,start       ] GC(2316) Pause Young (Allocation Failure)
[681.911s][info][gc,heap        ] GC(2316) PSYoungGen: 235248K(244224K)->20160K(253440K) Eden: 173568K(173568K)->0K(173568K) From: 61680K(70656K)->20160K(79872K)
[681.911s][info][gc,heap        ] GC(2316) ParOldGen: 596905K(667648K)->659290K(667648K)
[681.911s][info][gc,metaspace   ] GC(2316) Metaspace: 19117K(19328K)->19117K(19328K) NonClass: 16452K(16576K)->16452K(16576K) Class: 2665K(2752K)->2665K(2752K)
[681.911s][info][gc             ] GC(2316) Pause Young (Allocation Failure) 812M->663M(899M) 85.918ms
[681.911s][info][gc,cpu         ] GC(2316) User=0.14s Sys=0.03s Real=0.09s
[682.215s][info][gc,start       ] GC(2317) Pause Full (Allocation Failure)
[682.215s][info][gc,phases,start] GC(2317) Marking Phase
[682.590s][info][gc,phases      ] GC(2317) Marking Phase 374.337ms
[682.590s][info][gc,phases,start] GC(2317) Summary Phase
[682.590s][info][gc,phases      ] GC(2317) Summary Phase 0.032ms
[682.590s][info][gc,phases,start] GC(2317) Forward
[682.724s][info][gc,phases      ] GC(2317) Forward 133.897ms
[682.724s][info][gc,phases,start] GC(2317) Adjust Pointers
[683.012s][info][gc,phases      ] GC(2317) Adjust Pointers 288.178ms
[683.012s][info][gc,phases,start] GC(2317) Compaction Phase
[683.186s][info][gc,phases      ] GC(2317) Compaction Phase 173.821ms
[683.199s][info][gc,phases,start] GC(2317) Post Compact
[683.201s][info][gc,phases      ] GC(2317) Post Compact 2.475ms
[683.201s][info][gc,heap        ] GC(2317) PSYoungGen: 193728K(253440K)->0K(249856K) Eden: 173568K(173568K)->0K(178176K) From: 20160K(79872K)->0K(71680K)
[683.201s][info][gc,heap        ] GC(2317) ParOldGen: 659290K(667648K)->475695K(667648K)
[683.201s][info][gc,metaspace   ] GC(2317) Metaspace: 19117K(19328K)->19117K(19328K) NonClass: 16452K(16576K)->16452K(16576K) Class: 2665K(2752K)->2665K(2752K)
[683.201s][info][gc             ] GC(2317) Pause Full (Allocation Failure) 833M->464M(896M) 986.222ms
[683.201s][info][gc,cpu         ] GC(2317) User=1.88s Sys=0.01s Real=0.99s
[683.369s][info][gc,start       ] GC(2318) Pause Young (Allocation Failure)
[683.385s][info][gc,heap        ] GC(2318) PSYoungGen: 178176K(249856K)->11168K(253952K) Eden: 178176K(178176K)->0K(178176K) From: 0K(71680K)->11168K(75776K)
[683.385s][info][gc,heap        ] GC(2318) ParOldGen: 475695K(667648K)->475695K(667648K)
[683.385s][info][gc,metaspace   ] GC(2318) Metaspace: 19117K(19328K)->19117K(19328K) NonClass: 16452K(16576K)->16452K(16576K) Class: 2665K(2752K)->2665K(2752K)
[683.385s][info][gc             ] GC(2318) Pause Young (Allocation Failure) 638M->475M(900M) 15.889ms
[683.385s][info][gc,cpu         ] GC(2318) User=0.03s Sys=0.00s Real=0.02s
[683.595s][info][gc,start       ] GC(2319) Pause Young (Allocation Failure)
[683.618s][info][gc,heap        ] GC(2319) PSYoungGen: 189344K(253952K)->4512K(252928K) Eden: 178176K(178176K)->0K(184320K) From: 11168K(75776K)->4512K(68608K)
[683.618s][info][gc,heap        ] GC(2319) ParOldGen: 475695K(667648K)->486687K(667648K)
[683.618s][info][gc,metaspace   ] GC(2319) Metaspace: 19117K(19328K)->19117K(19328K) NonClass: 16452K(16576K)->16452K(16576K) Class: 2665K(2752K)->2665K(2752K)
[683.618s][info][gc             ] GC(2319) Pause Young (Allocation Failure) 649M->479M(899M) 23.254ms
[683.618s][info][gc,cpu         ] GC(2319) User=0.05s Sys=0.00s Real=0.02s
[683.924s][info][gc,start       ] GC(2320) Pause Young (Allocation Failure)
[683.947s][info][gc,heap        ] GC(2320) PSYoungGen: 188832K(252928K)->14752K(256512K) Eden: 184320K(184320K)->0K(184320K) From: 4512K(68608K)->14752K(72192K)
[683.947s][info][gc,heap        ] GC(2320) ParOldGen: 486687K(667648K)->491175K(667648K)
[683.947s][info][gc,metaspace   ] GC(2320) Metaspace: 19117K(19328K)->19117K(19328K) NonClass: 16452K(16576K)->16452K(16576K) Class: 2665K(2752K)->2665K(2752K)
[683.947s][info][gc             ] GC(2320) Pause Young (Allocation Failure) 659M->494M(902M) 22.745ms
[683.947s][info][gc,cpu         ] GC(2320) User=0.04s Sys=0.00s Real=0.02s
[684.422s][info][gc,start       ] GC(2321) Pause Young (Allocation Failure)
[684.452s][info][gc,heap        ] GC(2321) PSYoungGen: 199072K(256512K)->26704K(255488K) Eden: 184320K(184320K)->0K(193024K) From: 14752K(72192K)->26704K(62464K)
[684.452s][info][gc,heap        ] GC(2321) ParOldGen: 491175K(667648K)->491175K(667648K)
[684.452s][info][gc,metaspace   ] GC(2321) Metaspace: 19117K(19328K)->19117K(19328K) NonClass: 16452K(16576K)->16452K(16576K) Class: 2665K(2752K)->2665K(2752K)
[684.452s][info][gc             ] GC(2321) Pause Young (Allocation Failure) 674M->505M(901M) 29.177ms
[684.452s][info][gc,cpu         ] GC(2321) User=0.05s Sys=0.00s Real=0.03s
[684.935s][info][gc,start       ] GC(2322) Pause Young (Allocation Failure)
[684.962s][info][gc,heap        ] GC(2322) PSYoungGen: 219728K(255488K)->26704K(258560K) Eden: 193024K(193024K)->0K(193024K) From: 26704K(62464K)->26704K(65536K)
[684.962s][info][gc,heap        ] GC(2322) ParOldGen: 491175K(667648K)->491175K(667648K)
[684.962s][info][gc,metaspace   ] GC(2322) Metaspace: 19117K(19328K)->19117K(19328K) NonClass: 16452K(16576K)->16452K(16576K) Class: 2665K(2752K)->2665K(2752K)
[684.962s][info][gc             ] GC(2322) Pause Young (Allocation Failure) 694M->505M(904M) 27.097ms
[684.962s][info][gc,cpu         ] GC(2322) User=0.06s Sys=0.00s Real=0.03s
[685.424s][info][gc,start       ] GC(2323) Pause Young (Allocation Failure)
[685.452s][info][gc,heap        ] GC(2323) PSYoungGen: 219728K(258560K)->27056K(262656K) Eden: 193024K(193024K)->0K(205312K) From: 26704K(65536K)->27056K(57344K)
[685.452s][info][gc,heap        ] GC(2323) ParOldGen: 491175K(667648K)->491175K(667648K)
[685.452s][info][gc,metaspace   ] GC(2323) Metaspace: 19117K(19328K)->19117K(19328K) NonClass: 16452K(16576K)->16452K(16576K) Class: 2665K(2752K)->2665K(2752K)
[685.452s][info][gc             ] GC(2323) Pause Young (Allocation Failure) 694M->506M(908M) 27.635ms
[685.452s][info][gc,cpu         ] GC(2323) User=0.05s Sys=0.00s Real=0.03s
[685.926s][info][gc,start       ] GC(2324) Pause Young (Allocation Failure)
[685.963s][info][gc,heap        ] GC(2324) PSYoungGen: 232368K(262656K)->27040K(265728K) Eden: 205312K(205312K)->0K(205312K) From: 27056K(57344K)->27040K(60416K)
[685.963s][info][gc,heap        ] GC(2324) ParOldGen: 491175K(667648K)->491175K(667648K)
[685.963s][info][gc,metaspace   ] GC(2324) Metaspace: 19117K(19328K)->19117K(19328K) NonClass: 16452K(16576K)->16452K(16576K) Class: 2665K(2752K)->2665K(2752K)
[685.963s][info][gc             ] GC(2324) Pause Young (Allocation Failure) 706M->506M(911M) 37.106ms
[685.963s][info][gc,cpu         ] GC(2324) User=0.08s Sys=0.00s Real=0.04s
[686.196s][info][gc,start       ] GC(2325) Pause Young (Allocation Failure)
[686.270s][info][gc,heap        ] GC(2325) PSYoungGen: 232352K(265728K)->58336K(239616K) Eden: 205312K(205312K)->0K(181248K) From: 27040K(60416K)->58336K(58368K)
[686.270s][info][gc,heap        ] GC(2325) ParOldGen: 491175K(667648K)->514103K(667648K)
[686.270s][info][gc,metaspace   ] GC(2325) Metaspace: 19117K(19328K)->19117K(19328K) NonClass: 16452K(16576K)->16452K(16576K) Class: 2665K(2752K)->2665K(2752K)
[686.270s][info][gc             ] GC(2325) Pause Young (Allocation Failure) 706M->559M(886M) 74.073ms
[686.270s][info][gc,cpu         ] GC(2325) User=0.14s Sys=0.00s Real=0.07s
[686.529s][info][gc,start       ] GC(2326) Pause Young (Allocation Failure)
[686.601s][info][gc,heap        ] GC(2326) PSYoungGen: 239584K(239616K)->53520K(235008K) Eden: 181248K(181248K)->0K(181248K) From: 58336K(58368K)->53520K(53760K)
[686.601s][info][gc,heap        ] GC(2326) ParOldGen: 514103K(667648K)->540831K(667648K)
[686.602s][info][gc,metaspace   ] GC(2326) Metaspace: 19117K(19328K)->19117K(19328K) NonClass: 16452K(16576K)->16452K(16576K) Class: 2665K(2752K)->2665K(2752K)
[686.602s][info][gc             ] GC(2326) Pause Young (Allocation Failure) 736M->580M(881M) 72.362ms
[686.602s][info][gc,cpu         ] GC(2326) User=0.15s Sys=0.00s Real=0.08s
[686.909s][info][gc,start       ] GC(2327) Pause Young (Allocation Failure)
[687.004s][info][gc,heap        ] GC(2327) PSYoungGen: 234768K(235008K)->80352K(221696K) Eden: 181248K(181248K)->0K(141312K) From: 53520K(53760K)->80352K(80384K)
[687.004s][info][gc,heap        ] GC(2327) ParOldGen: 540831K(667648K)->548711K(667648K)
[687.004s][info][gc,metaspace   ] GC(2327) Metaspace: 19117K(19328K)->19117K(19328K) NonClass: 16452K(16576K)->16452K(16576K) Class: 2665K(2752K)->2665K(2752K)
[687.004s][info][gc             ] GC(2327) Pause Young (Allocation Failure) 757M->614M(868M) 95.031ms
[687.004s][info][gc,cpu         ] GC(2327) User=0.18s Sys=0.00s Real=0.10s
[687.196s][info][gc,start       ] GC(2328) Pause Young (Allocation Failure)
[687.324s][info][gc,heap        ] GC(2328) PSYoungGen: 221664K(221696K)->96240K(237568K) Eden: 141312K(141312K)->0K(141312K) From: 80352K(80384K)->96240K(96256K)
[687.325s][info][gc,heap        ] GC(2328) ParOldGen: 548711K(667648K)->555168K(667648K)
[687.325s][info][gc,metaspace   ] GC(2328) Metaspace: 19117K(19328K)->19117K(19328K) NonClass: 16452K(16576K)->16452K(16576K) Class: 2665K(2752K)->2665K(2752K)
[687.325s][info][gc             ] GC(2328) Pause Young (Allocation Failure) 752M->636M(884M) 128.115ms
[687.325s][info][gc,cpu         ] GC(2328) User=0.25s Sys=0.00s Real=0.13s
[687.437s][info][gc,start       ] GC(2329) Pause Young (Allocation Failure)
[687.545s][info][gc,heap        ] GC(2329) PSYoungGen: 237552K(237568K)->65760K(207872K) Eden: 141312K(141312K)->0K(111616K) From: 96240K(96256K)->65760K(96256K)
[687.545s][info][gc,heap        ] GC(2329) ParOldGen: 555168K(667648K)->587056K(667648K)
[687.545s][info][gc,metaspace   ] GC(2329) Metaspace: 19117K(19328K)->19117K(19328K) NonClass: 16452K(16576K)->16452K(16576K) Class: 2665K(2752K)->2665K(2752K)
[687.545s][info][gc             ] GC(2329) Pause Young (Allocation Failure) 774M->637M(855M) 107.894ms
[687.545s][info][gc,cpu         ] GC(2329) User=0.22s Sys=0.00s Real=0.11s
[687.672s][info][gc,start       ] GC(2330) Pause Young (Allocation Failure)
[687.746s][info][gc,heap        ] GC(2330) PSYoungGen: 177376K(207872K)->21979K(222720K) Eden: 111616K(111616K)->0K(111616K) From: 65760K(96256K)->21979K(111104K)
[687.746s][info][gc,heap        ] GC(2330) ParOldGen: 587056K(667648K)->633428K(667648K)
[687.746s][info][gc,metaspace   ] GC(2330) Metaspace: 19117K(19328K)->19117K(19328K) NonClass: 16452K(16576K)->16452K(16576K) Class: 2665K(2752K)->2665K(2752K)
[687.746s][info][gc             ] GC(2330) Pause Young (Allocation Failure) 746M->640M(869M) 74.316ms
[687.746s][info][gc,cpu         ] GC(2330) User=0.15s Sys=0.00s Real=0.07s
[687.839s][info][gc,start       ] GC(2331) Pause Full (Allocation Failure)
[687.839s][info][gc,phases,start] GC(2331) Marking Phase
[688.097s][info][gc,phases      ] GC(2331) Marking Phase 257.580ms
[688.097s][info][gc,phases,start] GC(2331) Summary Phase
[688.097s][info][gc,phases      ] GC(2331) Summary Phase 0.026ms
[688.097s][info][gc,phases,start] GC(2331) Forward
[688.174s][info][gc,phases      ] GC(2331) Forward 77.216ms
[688.174s][info][gc,phases,start] GC(2331) Adjust Pointers
[688.378s][info][gc,phases      ] GC(2331) Adjust Pointers 203.943ms
[688.378s][info][gc,phases,start] GC(2331) Compaction Phase
[688.491s][info][gc,phases      ] GC(2331) Compaction Phase 112.704ms
[688.497s][info][gc,phases,start] GC(2331) Post Compact
[688.499s][info][gc,phases      ] GC(2331) Post Compact 2.214ms
[688.499s][info][gc,heap        ] GC(2331) PSYoungGen: 133595K(222720K)->0K(222720K) Eden: 111616K(111616K)->0K(111616K) From: 21979K(111104K)->0K(111104K)
[688.499s][info][gc,heap        ] GC(2331) ParOldGen: 633428K(667648K)->361978K(667648K)
[688.499s][info][gc,metaspace   ] GC(2331) Metaspace: 19117K(19328K)->19117K(19328K) NonClass: 16452K(16576K)->16452K(16576K) Class: 2665K(2752K)->2665K(2752K)
[688.499s][info][gc             ] GC(2331) Pause Full (Allocation Failure) 749M->353M(869M) 660.221ms
[688.499s][info][gc,cpu         ] GC(2331) User=1.27s Sys=0.00s Real=0.66s
[688.612s][info][gc,start       ] GC(2332) Pause Young (Allocation Failure)
[688.622s][info][gc,heap        ] GC(2332) PSYoungGen: 111616K(222720K)->9872K(222720K) Eden: 111616K(111616K)->0K(111616K) From: 0K(111104K)->9872K(111104K)
[688.623s][info][gc,heap        ] GC(2332) ParOldGen: 361978K(667648K)->361978K(667648K)
[688.623s][info][gc,metaspace   ] GC(2332) Metaspace: 19117K(19328K)->19117K(19328K) NonClass: 16452K(16576K)->16452K(16576K) Class: 2665K(2752K)->2665K(2752K)
[688.623s][info][gc             ] GC(2332) Pause Young (Allocation Failure) 462M->363M(869M) 10.679ms
[688.623s][info][gc,cpu         ] GC(2332) User=0.02s Sys=0.00s Real=0.01s
[688.728s][info][gc,start       ] GC(2333) Pause Young (Allocation Failure)
[688.751s][info][gc,heap        ] GC(2333) PSYoungGen: 121488K(222720K)->17408K(217600K) Eden: 111616K(111616K)->0K(111616K) From: 9872K(111104K)->17408K(105984K)
[688.751s][info][gc,heap        ] GC(2333) ParOldGen: 361978K(667648K)->367418K(667648K)
[688.751s][info][gc,metaspace   ] GC(2333) Metaspace: 19117K(19328K)->19117K(19328K) NonClass: 16452K(16576K)->16452K(16576K) Class: 2665K(2752K)->2665K(2752K)
[688.751s][info][gc             ] GC(2333) Pause Young (Allocation Failure) 472M->375M(864M) 22.973ms
[688.751s][info][gc,cpu         ] GC(2333) User=0.05s Sys=0.00s Real=0.03s
[688.833s][info][gc,start       ] GC(2334) Pause Young (Allocation Failure)
[688.876s][info][gc,heap        ] GC(2334) PSYoungGen: 129024K(217600K)->29760K(220160K) Eden: 111616K(111616K)->0K(111616K) From: 17408K(105984K)->29760K(108544K)
[688.876s][info][gc,heap        ] GC(2334) ParOldGen: 367418K(667648K)->384834K(667648K)
[688.876s][info][gc,metaspace   ] GC(2334) Metaspace: 19117K(19328K)->19117K(19328K) NonClass: 16452K(16576K)->16452K(16576K) Class: 2665K(2752K)->2665K(2752K)
[688.876s][info][gc             ] GC(2334) Pause Young (Allocation Failure) 484M->404M(867M) 42.687ms
[688.876s][info][gc,cpu         ] GC(2334) User=0.09s Sys=0.00s Real=0.04s
[688.993s][info][gc,start       ] GC(2335) Pause Young (Allocation Failure)
[689.039s][info][gc,heap        ] GC(2335) PSYoungGen: 141376K(220160K)->15936K(222208K) Eden: 111616K(111616K)->0K(122368K) From: 29760K(108544K)->15936K(99840K)
[689.039s][info][gc,heap        ] GC(2335) ParOldGen: 384834K(667648K)->414771K(667648K)
[689.039s][info][gc,metaspace   ] GC(2335) Metaspace: 19117K(19328K)->19117K(19328K) NonClass: 16452K(16576K)->16452K(16576K) Class: 2665K(2752K)->2665K(2752K)
[689.039s][info][gc             ] GC(2335) Pause Young (Allocation Failure) 513M->420M(869M) 46.570ms
[689.039s][info][gc,cpu         ] GC(2335) User=0.09s Sys=0.00s Real=0.04s
[689.186s][info][gc,start       ] GC(2336) Pause Young (Allocation Failure)
[689.212s][info][gc,heap        ] GC(2336) PSYoungGen: 138304K(222208K)->5600K(222208K) Eden: 122368K(122368K)->0K(122368K) From: 15936K(99840K)->5600K(99840K)
[689.212s][info][gc,heap        ] GC(2336) ParOldGen: 414771K(667648K)->430707K(667648K)
[689.212s][info][gc,metaspace   ] GC(2336) Metaspace: 19117K(19328K)->19117K(19328K) NonClass: 16452K(16576K)->16452K(16576K) Class: 2665K(2752K)->2665K(2752K)
[689.212s][info][gc             ] GC(2336) Pause Young (Allocation Failure) 540M->426M(869M) 26.497ms
[689.212s][info][gc,cpu         ] GC(2336) User=0.05s Sys=0.00s Real=0.03s
[689.551s][info][gc,start       ] GC(2337) Pause Young (Allocation Failure)
[689.559s][info][gc,heap        ] GC(2337) PSYoungGen: 127968K(222208K)->128K(232960K) Eden: 122368K(122368K)->0K(135168K) From: 5600K(99840K)->128K(97792K)
[689.559s][info][gc,heap        ] GC(2337) ParOldGen: 430707K(667648K)->436283K(667648K)
[689.559s][info][gc,metaspace   ] GC(2337) Metaspace: 19118K(19328K)->19118K(19328K) NonClass: 16452K(16576K)->16452K(16576K) Class: 2665K(2752K)->2665K(2752K)
[689.559s][info][gc             ] GC(2337) Pause Young (Allocation Failure) 545M->426M(879M) 8.205ms
[689.559s][info][gc,cpu         ] GC(2337) User=0.02s Sys=0.00s Real=0.00s
[689.762s][info][gc,start       ] GC(2338) Pause Young (Allocation Failure)
[689.777s][info][gc,heap        ] GC(2338) PSYoungGen: 135296K(232960K)->13936K(149504K) Eden: 135168K(135168K)->0K(135168K) From: 128K(97792K)->13936K(14336K)
[689.777s][info][gc,heap        ] GC(2338) ParOldGen: 436283K(667648K)->436395K(667648K)
[689.777s][info][gc,metaspace   ] GC(2338) Metaspace: 19118K(19328K)->19118K(19328K) NonClass: 16452K(16576K)->16452K(16576K) Class: 2665K(2752K)->2665K(2752K)
[689.777s][info][gc             ] GC(2338) Pause Young (Allocation Failure) 558M->439M(798M) 15.623ms
[689.777s][info][gc,cpu         ] GC(2338) User=0.03s Sys=0.00s Real=0.01s
[689.967s][info][gc,start       ] GC(2339) Pause Young (Allocation Failure)
[689.994s][info][gc,heap        ] GC(2339) PSYoungGen: 149104K(149504K)->18160K(236544K) Eden: 135168K(135168K)->0K(143872K) From: 13936K(14336K)->18160K(92672K)
[689.995s][info][gc,heap        ] GC(2339) ParOldGen: 436395K(667648K)->450315K(667648K)
[689.995s][info][gc,metaspace   ] GC(2339) Metaspace: 19118K(19328K)->19118K(19328K) NonClass: 16453K(16576K)->16453K(16576K) Class: 2665K(2752K)->2665K(2752K)
[689.995s][info][gc             ] GC(2339) Pause Young (Allocation Failure) 571M->457M(883M) 27.599ms
[689.995s][info][gc,cpu         ] GC(2339) User=0.05s Sys=0.00s Real=0.03s
[690.071s][info][gc,start       ] GC(2340) Pause Young (Allocation Failure)
[690.119s][info][gc,heap        ] GC(2340) PSYoungGen: 162032K(236544K)->52320K(231936K) Eden: 143872K(143872K)->0K(143872K) From: 18160K(92672K)->52320K(88064K)
[690.119s][info][gc,heap        ] GC(2340) ParOldGen: 450315K(667648K)->468651K(667648K)
[690.119s][info][gc,metaspace   ] GC(2340) Metaspace: 19118K(19328K)->19118K(19328K) NonClass: 16453K(16576K)->16453K(16576K) Class: 2665K(2752K)->2665K(2752K)
[690.119s][info][gc             ] GC(2340) Pause Young (Allocation Failure) 597M->508M(878M) 48.908ms
[690.119s][info][gc,cpu         ] GC(2340) User=0.10s Sys=0.00s Real=0.04s
[690.351s][info][gc,start       ] GC(2341) Pause Young (Allocation Failure)
[690.395s][info][gc,heap        ] GC(2341) PSYoungGen: 196192K(231936K)->7360K(243200K) Eden: 143872K(143872K)->0K(153088K) From: 52320K(88064K)->7360K(90112K)
[690.395s][info][gc,heap        ] GC(2341) ParOldGen: 468651K(667648K)->521555K(667648K)
[690.395s][info][gc,metaspace   ] GC(2341) Metaspace: 19118K(19328K)->19118K(19328K) NonClass: 16453K(16576K)->16453K(16576K) Class: 2665K(2752K)->2665K(2752K)
[690.395s][info][gc             ] GC(2341) Pause Young (Allocation Failure) 649M->516M(889M) 44.121ms
[690.395s][info][gc,cpu         ] GC(2341) User=0.08s Sys=0.00s Real=0.04s
[690.631s][info][gc,start       ] GC(2342) Pause Young (Allocation Failure)
[690.689s][info][gc,heap        ] GC(2342) PSYoungGen: 160448K(243200K)->33408K(186880K) Eden: 153088K(153088K)->0K(153088K) From: 7360K(90112K)->33408K(33792K)
[690.689s][info][gc,heap        ] GC(2342) ParOldGen: 521555K(667648K)->528975K(667648K)
[690.689s][info][gc,metaspace   ] GC(2342) Metaspace: 19118K(19328K)->19118K(19328K) NonClass: 16453K(16576K)->16453K(16576K) Class: 2665K(2752K)->2665K(2752K)
[690.689s][info][gc             ] GC(2342) Pause Young (Allocation Failure) 666M->549M(834M) 57.984ms
[690.689s][info][gc,cpu         ] GC(2342) User=0.12s Sys=0.00s Real=0.05s
[690.878s][info][gc,start       ] GC(2343) Pause Young (Allocation Failure)
[690.948s][info][gc,heap        ] GC(2343) PSYoungGen: 186496K(186880K)->22912K(245248K) Eden: 153088K(153088K)->0K(159744K) From: 33408K(33792K)->22912K(85504K)
[690.948s][info][gc,heap        ] GC(2343) ParOldGen: 528975K(667648K)->562415K(667648K)
[690.948s][info][gc,metaspace   ] GC(2343) Metaspace: 19118K(19328K)->19118K(19328K) NonClass: 16453K(16576K)->16453K(16576K) Class: 2665K(2752K)->2665K(2752K)
[690.948s][info][gc             ] GC(2343) Pause Young (Allocation Failure) 698M->571M(891M) 70.043ms
[690.948s][info][gc,cpu         ] GC(2343) User=0.14s Sys=0.00s Real=0.07s
[691.104s][info][gc,start       ] GC(2344) Pause Young (Allocation Failure)
[691.137s][info][gc,heap        ] GC(2344) PSYoungGen: 182656K(245248K)->672K(240128K) Eden: 159744K(159744K)->0K(159744K) From: 22912K(85504K)->672K(80384K)
[691.137s][info][gc,heap        ] GC(2344) ParOldGen: 562415K(667648K)->585343K(667648K)
[691.137s][info][gc,metaspace   ] GC(2344) Metaspace: 19118K(19328K)->19118K(19328K) NonClass: 16453K(16576K)->16453K(16576K) Class: 2665K(2752K)->2665K(2752K)
[691.137s][info][gc             ] GC(2344) Pause Young (Allocation Failure) 727M->572M(886M) 32.580ms
[691.137s][info][gc,cpu         ] GC(2344) User=0.06s Sys=0.00s Real=0.03s
[691.323s][info][gc,start       ] GC(2345) Pause Young (Allocation Failure)
[691.335s][info][gc,heap        ] GC(2345) PSYoungGen: 160416K(240128K)->4160K(249344K) Eden: 159744K(159744K)->0K(169984K) From: 672K(80384K)->4160K(79360K)
[691.335s][info][gc,heap        ] GC(2345) ParOldGen: 585343K(667648K)->585999K(667648K)
[691.335s][info][gc,metaspace   ] GC(2345) Metaspace: 19118K(19328K)->19118K(19328K) NonClass: 16453K(16576K)->16453K(16576K) Class: 2665K(2752K)->2665K(2752K)
[691.335s][info][gc             ] GC(2345) Pause Young (Allocation Failure) 728M->576M(895M) 11.987ms
[691.335s][info][gc,cpu         ] GC(2345) User=0.03s Sys=0.00s Real=0.01s
[691.624s][info][gc,start       ] GC(2346) Pause Young (Allocation Failure)
[691.653s][info][gc,heap        ] GC(2346) PSYoungGen: 174144K(249344K)->21728K(247296K) Eden: 169984K(169984K)->0K(169984K) From: 4160K(79360K)->21728K(77312K)
[691.653s][info][gc,heap        ] GC(2346) ParOldGen: 585999K(667648K)->590135K(667648K)
[691.653s][info][gc,metaspace   ] GC(2346) Metaspace: 19118K(19328K)->19118K(19328K) NonClass: 16453K(16576K)->16453K(16576K) Class: 2665K(2752K)->2665K(2752K)
[691.653s][info][gc             ] GC(2346) Pause Young (Allocation Failure) 742M->597M(893M) 28.892ms
[691.653s][info][gc,cpu         ] GC(2346) User=0.06s Sys=0.00s Real=0.03s
[692.120s][info][gc,start       ] GC(2347) Pause Young (Allocation Failure)
[692.157s][info][gc,heap        ] GC(2347) PSYoungGen: 191712K(247296K)->5184K(251392K) Eden: 169984K(169984K)->0K(179200K) From: 21728K(77312K)->5184K(72192K)
[692.157s][info][gc,heap        ] GC(2347) ParOldGen: 590135K(667648K)->611864K(667648K)
[692.157s][info][gc,metaspace   ] GC(2347) Metaspace: 19118K(19328K)->19118K(19328K) NonClass: 16453K(16576K)->16453K(16576K) Class: 2665K(2752K)->2665K(2752K)
[692.157s][info][gc             ] GC(2347) Pause Young (Allocation Failure) 763M->602M(897M) 36.858ms
[692.157s][info][gc,cpu         ] GC(2347) User=0.07s Sys=0.00s Real=0.03s
[692.554s][info][gc,start       ] GC(2348) Pause Young (Allocation Failure)
[692.570s][info][gc,heap        ] GC(2348) PSYoungGen: 184384K(251392K)->13632K(249344K) Eden: 179200K(179200K)->0K(179200K) From: 5184K(72192K)->13632K(70144K)
[692.570s][info][gc,heap        ] GC(2348) ParOldGen: 611864K(667648K)->611864K(667648K)
[692.570s][info][gc,metaspace   ] GC(2348) Metaspace: 19118K(19328K)->19118K(19328K) NonClass: 16453K(16576K)->16453K(16576K) Class: 2665K(2752K)->2665K(2752K)
[692.570s][info][gc             ] GC(2348) Pause Young (Allocation Failure) 777M->610M(895M) 15.767ms
[692.570s][info][gc,cpu         ] GC(2348) User=0.03s Sys=0.00s Real=0.02s
[692.741s][info][gc,start       ] GC(2349) Pause Young (Allocation Failure)
[692.778s][info][gc,heap        ] GC(2349) PSYoungGen: 192832K(249344K)->46720K(252928K) Eden: 179200K(179200K)->0K(186368K) From: 13632K(70144K)->46720K(66560K)
[692.778s][info][gc,heap        ] GC(2349) ParOldGen: 611864K(667648K)->611864K(667648K)
[692.778s][info][gc,metaspace   ] GC(2349) Metaspace: 19118K(19328K)->19118K(19328K) NonClass: 16453K(16576K)->16453K(16576K) Class: 2665K(2752K)->2665K(2752K)
[692.778s][info][gc             ] GC(2349) Pause Young (Allocation Failure) 785M->643M(899M) 37.559ms
[692.778s][info][gc,cpu         ] GC(2349) User=0.07s Sys=0.00s Real=0.03s
[693.057s][info][gc,start       ] GC(2350) Pause Young (Allocation Failure)
[693.103s][info][gc,heap        ] GC(2350) PSYoungGen: 233088K(252928K)->56432K(243200K) Eden: 186368K(186368K)->0K(186368K) From: 46720K(66560K)->56432K(56832K)
[693.104s][info][gc,heap        ] GC(2350) ParOldGen: 611864K(667648K)->611864K(667648K)
[693.104s][info][gc,metaspace   ] GC(2350) Metaspace: 19118K(19328K)->19118K(19328K) NonClass: 16453K(16576K)->16453K(16576K) Class: 2665K(2752K)->2665K(2752K)
[693.104s][info][gc             ] GC(2350) Pause Young (Allocation Failure) 825M->652M(889M) 46.546ms
[693.104s][info][gc,cpu         ] GC(2350) User=0.10s Sys=0.00s Real=0.05s
[693.298s][info][gc,start       ] GC(2351) Pause Young (Allocation Failure)
[693.374s][info][gc,heap        ] GC(2351) PSYoungGen: 242800K(243200K)->77296K(226816K) Eden: 186368K(186368K)->0K(147456K) From: 56432K(56832K)->77296K(79360K)
[693.374s][info][gc,heap        ] GC(2351) ParOldGen: 611864K(667648K)->611864K(667648K)
[693.374s][info][gc,metaspace   ] GC(2351) Metaspace: 19118K(19328K)->19118K(19328K) NonClass: 16453K(16576K)->16453K(16576K) Class: 2665K(2752K)->2665K(2752K)
[693.374s][info][gc             ] GC(2351) Pause Young (Allocation Failure) 834M->673M(873M) 75.728ms
[693.374s][info][gc,cpu         ] GC(2351) User=0.14s Sys=0.01s Real=0.08s
[693.546s][info][gc,start       ] GC(2352) Pause Young (Allocation Failure)
[693.621s][info][gc,heap        ] GC(2352) PSYoungGen: 224752K(226816K)->74928K(222720K) Eden: 147456K(147456K)->0K(147456K) From: 77296K(79360K)->74928K(75264K)
[693.621s][info][gc,heap        ] GC(2352) ParOldGen: 611864K(667648K)->617040K(667648K)
[693.621s][info][gc,metaspace   ] GC(2352) Metaspace: 19118K(19328K)->19118K(19328K) NonClass: 16453K(16576K)->16453K(16576K) Class: 2665K(2752K)->2665K(2752K)
[693.621s][info][gc             ] GC(2352) Pause Young (Allocation Failure) 817M->675M(869M) 74.964ms
[693.621s][info][gc,cpu         ] GC(2352) User=0.15s Sys=0.00s Real=0.08s
[693.908s][info][gc,start       ] GC(2353) Pause Young (Allocation Failure)
[693.991s][info][gc,heap        ] GC(2353) PSYoungGen: 222384K(222720K)->47904K(232960K) Eden: 147456K(147456K)->0K(130048K) From: 74928K(75264K)->47904K(102912K)
[693.991s][info][gc,heap        ] GC(2353) ParOldGen: 617040K(667648K)->658936K(667648K)
[693.991s][info][gc,metaspace   ] GC(2353) Metaspace: 19118K(19328K)->19118K(19328K) NonClass: 16453K(16576K)->16453K(16576K) Class: 2665K(2752K)->2665K(2752K)
[693.991s][info][gc             ] GC(2353) Pause Young (Allocation Failure) 819M->690M(879M) 83.208ms
[693.991s][info][gc,cpu         ] GC(2353) User=0.17s Sys=0.00s Real=0.09s
[694.295s][info][gc,start       ] GC(2354) Pause Full (Allocation Failure)
[694.295s][info][gc,phases,start] GC(2354) Marking Phase
[694.634s][info][gc,phases      ] GC(2354) Marking Phase 338.829ms
[694.634s][info][gc,phases,start] GC(2354) Summary Phase
[694.634s][info][gc,phases      ] GC(2354) Summary Phase 0.025ms
[694.634s][info][gc,phases,start] GC(2354) Forward
[694.751s][info][gc,phases      ] GC(2354) Forward 117.363ms
[694.751s][info][gc,phases,start] GC(2354) Adjust Pointers
[695.002s][info][gc,phases      ] GC(2354) Adjust Pointers 250.211ms
[695.002s][info][gc,phases,start] GC(2354) Compaction Phase
[695.154s][info][gc,phases      ] GC(2354) Compaction Phase 152.248ms
[695.163s][info][gc,phases,start] GC(2354) Post Compact
[695.166s][info][gc,phases      ] GC(2354) Post Compact 2.444ms
[695.166s][info][gc,heap        ] GC(2354) PSYoungGen: 177952K(232960K)->0K(230912K) Eden: 130048K(130048K)->0K(130048K) From: 47904K(102912K)->0K(100864K)
[695.166s][info][gc,heap        ] GC(2354) ParOldGen: 658936K(667648K)->468378K(667648K)
[695.166s][info][gc,metaspace   ] GC(2354) Metaspace: 19118K(19328K)->19118K(19328K) NonClass: 16453K(16576K)->16453K(16576K) Class: 2665K(2752K)->2665K(2752K)
[695.166s][info][gc             ] GC(2354) Pause Full (Allocation Failure) 817M->457M(877M) 870.968ms
[695.166s][info][gc,cpu         ] GC(2354) User=1.66s Sys=0.00s Real=0.87s
[695.439s][info][gc,start       ] GC(2355) Pause Young (Allocation Failure)
[695.441s][info][gc,heap        ] GC(2355) PSYoungGen: 130048K(230912K)->64K(230912K) Eden: 130048K(130048K)->0K(130048K) From: 0K(100864K)->64K(100864K)
[695.441s][info][gc,heap        ] GC(2355) ParOldGen: 468378K(667648K)->468378K(667648K)
[695.441s][info][gc,metaspace   ] GC(2355) Metaspace: 19118K(19328K)->19118K(19328K) NonClass: 16453K(16576K)->16453K(16576K) Class: 2665K(2752K)->2665K(2752K)
[695.441s][info][gc             ] GC(2355) Pause Young (Allocation Failure) 584M->457M(877M) 1.864ms
[695.441s][info][gc,cpu         ] GC(2355) User=0.00s Sys=0.00s Real=0.01s
[695.738s][info][gc,start       ] GC(2356) Pause Young (Allocation Failure)
[695.753s][info][gc,heap        ] GC(2356) PSYoungGen: 130112K(230912K)->128K(230912K) Eden: 130048K(130048K)->0K(130048K) From: 64K(100864K)->128K(100864K)
[695.753s][info][gc,heap        ] GC(2356) ParOldGen: 468378K(667648K)->468378K(667648K)
[695.753s][info][gc,metaspace   ] GC(2356) Metaspace: 19118K(19328K)->19118K(19328K) NonClass: 16453K(16576K)->16453K(16576K) Class: 2665K(2752K)->2665K(2752K)
[695.753s][info][gc             ] GC(2356) Pause Young (Allocation Failure) 584M->457M(877M) 15.435ms
[695.753s][info][gc,cpu         ] GC(2356) User=0.03s Sys=0.00s Real=0.02s
[695.872s][info][gc,start       ] GC(2357) Pause Young (Allocation Failure)
[695.896s][info][gc,heap        ] GC(2357) PSYoungGen: 130176K(230912K)->31808K(220672K) Eden: 130048K(130048K)->0K(133120K) From: 128K(100864K)->31808K(87552K)
[695.896s][info][gc,heap        ] GC(2357) ParOldGen: 468378K(667648K)->468378K(667648K)
[695.896s][info][gc,metaspace   ] GC(2357) Metaspace: 19118K(19328K)->19118K(19328K) NonClass: 16453K(16576K)->16453K(16576K) Class: 2665K(2752K)->2665K(2752K)
[695.896s][info][gc             ] GC(2357) Pause Young (Allocation Failure) 584M->488M(867M) 24.645ms
[695.896s][info][gc,cpu         ] GC(2357) User=0.05s Sys=0.00s Real=0.02s
[696.035s][info][gc,start       ] GC(2358) Pause Young (Allocation Failure)
[696.085s][info][gc,heap        ] GC(2358) PSYoungGen: 164928K(220672K)->74169K(226304K) Eden: 133120K(133120K)->0K(133120K) From: 31808K(87552K)->74169K(93184K)
[696.085s][info][gc,heap        ] GC(2358) ParOldGen: 468378K(667648K)->468378K(667648K)
[696.085s][info][gc,metaspace   ] GC(2358) Metaspace: 19118K(19328K)->19118K(19328K) NonClass: 16453K(16576K)->16453K(16576K) Class: 2665K(2752K)->2665K(2752K)
[696.085s][info][gc             ] GC(2358) Pause Young (Allocation Failure) 618M->529M(873M) 49.502ms
[696.085s][info][gc,cpu         ] GC(2358) User=0.10s Sys=0.00s Real=0.05s
[696.146s][info][gc,start       ] GC(2359) Pause Young (Allocation Failure)
[696.227s][info][gc,heap        ] GC(2359) PSYoungGen: 207289K(226304K)->103401K(215040K) Eden: 133120K(133120K)->0K(111616K) From: 74169K(93184K)->103401K(103424K)
[696.227s][info][gc,heap        ] GC(2359) ParOldGen: 468378K(667648K)->481834K(667648K)
[696.227s][info][gc,metaspace   ] GC(2359) Metaspace: 19118K(19328K)->19118K(19328K) NonClass: 16453K(16576K)->16453K(16576K) Class: 2665K(2752K)->2665K(2752K)
[696.227s][info][gc             ] GC(2359) Pause Young (Allocation Failure) 659M->571M(862M) 81.584ms
[696.227s][info][gc,cpu         ] GC(2359) User=0.15s Sys=0.01s Real=0.08s
[696.284s][info][gc,start       ] GC(2360) Pause Young (Allocation Failure)
[696.367s][info][gc,heap        ] GC(2360) PSYoungGen: 215017K(215040K)->65184K(222720K) Eden: 111616K(111616K)->0K(111616K) From: 103401K(103424K)->65184K(111104K)
[696.367s][info][gc,heap        ] GC(2360) ParOldGen: 481834K(667648K)->543861K(667648K)
[696.367s][info][gc,metaspace   ] GC(2360) Metaspace: 19118K(19328K)->19118K(19328K) NonClass: 16453K(16576K)->16453K(16576K) Class: 2665K(2752K)->2665K(2752K)
[696.367s][info][gc             ] GC(2360) Pause Young (Allocation Failure) 680M->594M(869M) 82.609ms
[696.367s][info][gc,cpu         ] GC(2360) User=0.16s Sys=0.00s Real=0.08s
[696.506s][info][gc,start       ] GC(2361) Pause Young (Allocation Failure)
[696.579s][info][gc,heap        ] GC(2361) PSYoungGen: 176800K(222720K)->16800K(222720K) Eden: 111616K(111616K)->0K(111616K) From: 65184K(111104K)->16800K(111104K)
[696.579s][info][gc,heap        ] GC(2361) ParOldGen: 543861K(667648K)->609741K(667648K)
[696.579s][info][gc,metaspace   ] GC(2361) Metaspace: 19118K(19328K)->19118K(19328K) NonClass: 16453K(16576K)->16453K(16576K) Class: 2665K(2752K)->2665K(2752K)
[696.579s][info][gc             ] GC(2361) Pause Young (Allocation Failure) 703M->611M(869M) 73.306ms
[696.580s][info][gc,cpu         ] GC(2361) User=0.14s Sys=0.00s Real=0.07s
[696.701s][info][gc,start       ] GC(2362) Pause Full (Allocation Failure)
[696.701s][info][gc,phases,start] GC(2362) Marking Phase
[697.016s][info][gc,phases      ] GC(2362) Marking Phase 314.558ms
[697.016s][info][gc,phases,start] GC(2362) Summary Phase
[697.016s][info][gc,phases      ] GC(2362) Summary Phase 0.027ms
[697.016s][info][gc,phases,start] GC(2362) Forward
[697.136s][info][gc,phases      ] GC(2362) Forward 120.170ms
[697.136s][info][gc,phases,start] GC(2362) Adjust Pointers
[697.381s][info][gc,phases      ] GC(2362) Adjust Pointers 244.646ms
[697.381s][info][gc,phases,start] GC(2362) Compaction Phase
[697.519s][info][gc,phases      ] GC(2362) Compaction Phase 138.005ms
[697.528s][info][gc,phases,start] GC(2362) Post Compact
[697.530s][info][gc,phases      ] GC(2362) Post Compact 2.123ms
[697.530s][info][gc,heap        ] GC(2362) PSYoungGen: 128416K(222720K)->0K(222720K) Eden: 111616K(111616K)->0K(111616K) From: 16800K(111104K)->0K(111104K)
[697.530s][info][gc,heap        ] GC(2362) ParOldGen: 609741K(667648K)->465307K(667648K)
[697.530s][info][gc,metaspace   ] GC(2362) Metaspace: 19118K(19328K)->19118K(19328K) NonClass: 16453K(16576K)->16453K(16576K) Class: 2665K(2752K)->2665K(2752K)
[697.530s][info][gc             ] GC(2362) Pause Full (Allocation Failure) 720M->454M(869M) 829.022ms
[697.530s][info][gc,cpu         ] GC(2362) User=1.55s Sys=0.00s Real=0.83s
[697.672s][info][gc,start       ] GC(2363) Pause Young (Allocation Failure)
[697.696s][info][gc,heap        ] GC(2363) PSYoungGen: 111616K(222720K)->16576K(222720K) Eden: 111616K(111616K)->0K(111616K) From: 0K(111104K)->16576K(111104K)
[697.696s][info][gc,heap        ] GC(2363) ParOldGen: 465307K(667648K)->465307K(667648K)
[697.696s][info][gc,metaspace   ] GC(2363) Metaspace: 19118K(19328K)->19118K(19328K) NonClass: 16453K(16576K)->16453K(16576K) Class: 2665K(2752K)->2665K(2752K)
[697.696s][info][gc             ] GC(2363) Pause Young (Allocation Failure) 563M->470M(869M) 24.125ms
[697.696s][info][gc,cpu         ] GC(2363) User=0.05s Sys=0.00s Real=0.02s
[697.849s][info][gc,start       ] GC(2364) Pause Young (Allocation Failure)
[697.873s][info][gc,heap        ] GC(2364) PSYoungGen: 128192K(222720K)->64K(222720K) Eden: 111616K(111616K)->0K(111616K) From: 16576K(111104K)->64K(111104K)
[697.873s][info][gc,heap        ] GC(2364) ParOldGen: 465307K(667648K)->481915K(667648K)
[697.873s][info][gc,metaspace   ] GC(2364) Metaspace: 19118K(19328K)->19118K(19328K) NonClass: 16453K(16576K)->16453K(16576K) Class: 2665K(2752K)->2665K(2752K)
[697.873s][info][gc             ] GC(2364) Pause Young (Allocation Failure) 579M->470M(869M) 23.845ms
[697.873s][info][gc,cpu         ] GC(2364) User=0.05s Sys=0.00s Real=0.03s
[698.025s][info][gc,start       ] GC(2365) Pause Young (Allocation Failure)
[698.026s][info][gc,heap        ] GC(2365) PSYoungGen: 111680K(222720K)->64K(222720K) Eden: 111616K(111616K)->0K(111616K) From: 64K(111104K)->64K(111104K)
[698.026s][info][gc,heap        ] GC(2365) ParOldGen: 481915K(667648K)->481915K(667648K)
[698.026s][info][gc,metaspace   ] GC(2365) Metaspace: 19118K(19328K)->19118K(19328K) NonClass: 16453K(16576K)->16453K(16576K) Class: 2665K(2752K)->2665K(2752K)
[698.027s][info][gc             ] GC(2365) Pause Young (Allocation Failure) 579M->470M(869M) 1.632ms
[698.027s][info][gc,cpu         ] GC(2365) User=0.00s Sys=0.00s Real=0.00s
[698.173s][info][gc,start       ] GC(2366) Pause Young (Allocation Failure)
[698.174s][info][gc,heap        ] GC(2366) PSYoungGen: 111680K(222720K)->64K(222720K) Eden: 111616K(111616K)->0K(111616K) From: 64K(111104K)->64K(111104K)
[698.175s][info][gc,heap        ] GC(2366) ParOldGen: 481915K(667648K)->481915K(667648K)
[698.175s][info][gc,metaspace   ] GC(2366) Metaspace: 19118K(19328K)->19118K(19328K) NonClass: 16453K(16576K)->16453K(16576K) Class: 2665K(2752K)->2665K(2752K)
[698.175s][info][gc             ] GC(2366) Pause Young (Allocation Failure) 579M->470M(869M) 1.614ms
[698.175s][info][gc,cpu         ] GC(2366) User=0.00s Sys=0.00s Real=0.00s
[698.323s][info][gc,start       ] GC(2367) Pause Young (Allocation Failure)
[698.324s][info][gc,heap        ] GC(2367) PSYoungGen: 111680K(222720K)->64K(219648K) Eden: 111616K(111616K)->0K(111616K) From: 64K(111104K)->64K(108032K)
[698.324s][info][gc,heap        ] GC(2367) ParOldGen: 481915K(667648K)->481915K(667648K)
[698.324s][info][gc,metaspace   ] GC(2367) Metaspace: 19118K(19328K)->19118K(19328K) NonClass: 16453K(16576K)->16453K(16576K) Class: 2665K(2752K)->2665K(2752K)
[698.325s][info][gc             ] GC(2367) Pause Young (Allocation Failure) 579M->470M(866M) 1.878ms
[698.325s][info][gc,cpu         ] GC(2367) User=0.01s Sys=0.00s Real=0.00s
[698.472s][info][gc,start       ] GC(2368) Pause Young (Allocation Failure)
[698.474s][info][gc,heap        ] GC(2368) PSYoungGen: 111680K(219648K)->64K(221184K) Eden: 111616K(111616K)->0K(111616K) From: 64K(108032K)->64K(109568K)
[698.474s][info][gc,heap        ] GC(2368) ParOldGen: 481915K(667648K)->481915K(667648K)
[698.474s][info][gc,metaspace   ] GC(2368) Metaspace: 19118K(19328K)->19118K(19328K) NonClass: 16453K(16576K)->16453K(16576K) Class: 2665K(2752K)->2665K(2752K)
[698.474s][info][gc             ] GC(2368) Pause Young (Allocation Failure) 579M->470M(868M) 1.904ms
[698.474s][info][gc,cpu         ] GC(2368) User=0.00s Sys=0.00s Real=0.00s
[698.625s][info][gc,start       ] GC(2369) Pause Young (Allocation Failure)
[698.627s][info][gc,heap        ] GC(2369) PSYoungGen: 111680K(221184K)->64K(215040K) Eden: 111616K(111616K)->0K(117248K) From: 64K(109568K)->64K(97792K)
[698.627s][info][gc,heap        ] GC(2369) ParOldGen: 481915K(667648K)->481915K(667648K)
[698.627s][info][gc,metaspace   ] GC(2369) Metaspace: 19118K(19328K)->19118K(19328K) NonClass: 16453K(16576K)->16453K(16576K) Class: 2665K(2752K)->2665K(2752K)
[698.627s][info][gc             ] GC(2369) Pause Young (Allocation Failure) 579M->470M(862M) 2.245ms
[698.627s][info][gc,cpu         ] GC(2369) User=0.00s Sys=0.00s Real=0.00s
[698.783s][info][gc,start       ] GC(2370) Pause Young (Allocation Failure)
[698.785s][info][gc,heap        ] GC(2370) PSYoungGen: 117312K(215040K)->64K(218624K) Eden: 117248K(117248K)->0K(117248K) From: 64K(97792K)->64K(101376K)
[698.785s][info][gc,heap        ] GC(2370) ParOldGen: 481915K(667648K)->481915K(667648K)
[698.785s][info][gc,metaspace   ] GC(2370) Metaspace: 19118K(19328K)->19118K(19328K) NonClass: 16453K(16576K)->16453K(16576K) Class: 2665K(2752K)->2665K(2752K)
[698.785s][info][gc             ] GC(2370) Pause Young (Allocation Failure) 585M->470M(865M) 1.942ms
[698.785s][info][gc,cpu         ] GC(2370) User=0.00s Sys=0.00s Real=0.00s
[698.942s][info][gc,start       ] GC(2371) Pause Young (Allocation Failure)
[698.944s][info][gc,heap        ] GC(2371) PSYoungGen: 117312K(218624K)->64K(208384K) Eden: 117248K(117248K)->0K(121344K) From: 64K(101376K)->64K(87040K)
[698.944s][info][gc,heap        ] GC(2371) ParOldGen: 481915K(667648K)->481915K(667648K)
[698.944s][info][gc,metaspace   ] GC(2371) Metaspace: 19118K(19328K)->19118K(19328K) NonClass: 16453K(16576K)->16453K(16576K) Class: 2665K(2752K)->2665K(2752K)
[698.944s][info][gc             ] GC(2371) Pause Young (Allocation Failure) 585M->470M(855M) 2.400ms
[698.944s][info][gc,cpu         ] GC(2371) User=0.01s Sys=0.01s Real=0.00s
[699.104s][info][gc,start       ] GC(2372) Pause Young (Allocation Failure)
[699.106s][info][gc,heap        ] GC(2372) PSYoungGen: 121408K(208384K)->64K(121856K) Eden: 121344K(121344K)->0K(121344K) From: 64K(87040K)->64K(512K)
[699.106s][info][gc,heap        ] GC(2372) ParOldGen: 481915K(667648K)->481915K(667648K)
[699.106s][info][gc,metaspace   ] GC(2372) Metaspace: 19118K(19328K)->19118K(19328K) NonClass: 16453K(16576K)->16453K(16576K) Class: 2665K(2752K)->2665K(2752K)
[699.106s][info][gc             ] GC(2372) Pause Young (Allocation Failure) 589M->470M(771M) 2.119ms
[699.106s][info][gc,cpu         ] GC(2372) User=0.01s Sys=0.00s Real=0.00s
[699.271s][info][gc,start       ] GC(2373) Pause Young (Allocation Failure)
[699.273s][info][gc,heap        ] GC(2373) PSYoungGen: 121408K(121856K)->64K(202752K) Eden: 121344K(121344K)->0K(124416K) From: 64K(512K)->64K(78336K)
[699.273s][info][gc,heap        ] GC(2373) ParOldGen: 481915K(667648K)->481915K(667648K)
[699.273s][info][gc,metaspace   ] GC(2373) Metaspace: 19118K(19328K)->19118K(19328K) NonClass: 16453K(16576K)->16453K(16576K) Class: 2665K(2752K)->2665K(2752K)
[699.273s][info][gc             ] GC(2373) Pause Young (Allocation Failure) 589M->470M(850M) 2.340ms
[699.273s][info][gc,cpu         ] GC(2373) User=0.00s Sys=0.00s Real=0.00s
[699.401s][info][gc,start       ] GC(2374) Pause Young (Allocation Failure)
[699.421s][info][gc,heap        ] GC(2374) PSYoungGen: 124480K(202752K)->17696K(207872K) Eden: 124416K(124416K)->0K(124416K) From: 64K(78336K)->17696K(83456K)
[699.422s][info][gc,heap        ] GC(2374) ParOldGen: 481915K(667648K)->481915K(667648K)
[699.422s][info][gc,metaspace   ] GC(2374) Metaspace: 19118K(19328K)->19118K(19328K) NonClass: 16453K(16576K)->16453K(16576K) Class: 2665K(2752K)->2665K(2752K)
[699.422s][info][gc             ] GC(2374) Pause Young (Allocation Failure) 592M->487M(855M) 20.740ms
[699.422s][info][gc,cpu         ] GC(2374) User=0.04s Sys=0.00s Real=0.02s
[699.550s][info][gc,start       ] GC(2375) Pause Young (Allocation Failure)
[699.588s][info][gc,heap        ] GC(2375) PSYoungGen: 142112K(207872K)->36256K(206336K) Eden: 124416K(124416K)->0K(128512K) From: 17696K(83456K)->36256K(77824K)
[699.588s][info][gc,heap        ] GC(2375) ParOldGen: 481915K(667648K)->481915K(667648K)
[699.588s][info][gc,metaspace   ] GC(2375) Metaspace: 19118K(19328K)->19118K(19328K) NonClass: 16453K(16576K)->16453K(16576K) Class: 2665K(2752K)->2665K(2752K)
[699.588s][info][gc             ] GC(2375) Pause Young (Allocation Failure) 609M->506M(853M) 37.696ms
[699.588s][info][gc,cpu         ] GC(2375) User=0.08s Sys=0.00s Real=0.03s
[699.663s][info][gc,start       ] GC(2376) Pause Young (Allocation Failure)
[699.715s][info][gc,heap        ] GC(2376) PSYoungGen: 164768K(206336K)->50944K(207872K) Eden: 128512K(128512K)->0K(128512K) From: 36256K(77824K)->50944K(79360K)
[699.715s][info][gc,heap        ] GC(2376) ParOldGen: 481915K(667648K)->481915K(667648K)
[699.715s][info][gc,metaspace   ] GC(2376) Metaspace: 19118K(19328K)->19118K(19328K) NonClass: 16453K(16576K)->16453K(16576K) Class: 2665K(2752K)->2665K(2752K)
[699.715s][info][gc             ] GC(2376) Pause Young (Allocation Failure) 631M->520M(855M) 52.075ms
[699.715s][info][gc,cpu         ] GC(2376) User=0.10s Sys=0.00s Real=0.05s
[699.816s][info][gc,start       ] GC(2377) Pause Young (Allocation Failure)
[699.886s][info][gc,heap        ] GC(2377) PSYoungGen: 179456K(207872K)->67840K(215552K) Eden: 128512K(128512K)->0K(129536K) From: 50944K(79360K)->67840K(86016K)
[699.887s][info][gc,heap        ] GC(2377) ParOldGen: 481915K(667648K)->481915K(667648K)
[699.887s][info][gc,metaspace   ] GC(2377) Metaspace: 19118K(19328K)->19118K(19328K) NonClass: 16453K(16576K)->16453K(16576K) Class: 2665K(2752K)->2665K(2752K)
[699.887s][info][gc             ] GC(2377) Pause Young (Allocation Failure) 645M->536M(862M) 71.003ms
[699.887s][info][gc,cpu         ] GC(2377) User=0.13s Sys=0.01s Real=0.07s
[699.976s][info][gc,start       ] GC(2378) Pause Young (Allocation Failure)
[700.048s][info][gc,heap        ] GC(2378) PSYoungGen: 197376K(215552K)->74944K(204800K) Eden: 129536K(129536K)->0K(129536K) From: 67840K(86016K)->74944K(75264K)
[700.048s][info][gc,heap        ] GC(2378) ParOldGen: 481915K(667648K)->481915K(667648K)
[700.048s][info][gc,metaspace   ] GC(2378) Metaspace: 19118K(19328K)->19118K(19328K) NonClass: 16453K(16576K)->16453K(16576K) Class: 2665K(2752K)->2665K(2752K)
[700.048s][info][gc             ] GC(2378) Pause Young (Allocation Failure) 663M->543M(852M) 72.371ms
[700.048s][info][gc,cpu         ] GC(2378) User=0.15s Sys=0.00s Real=0.07s
[700.135s][info][gc,start       ] GC(2379) Pause Young (Allocation Failure)
[700.211s][info][gc,heap        ] GC(2379) PSYoungGen: 204480K(204800K)->76384K(220160K) Eden: 129536K(129536K)->0K(111616K) From: 74944K(75264K)->76384K(108544K)
[700.211s][info][gc,heap        ] GC(2379) ParOldGen: 481915K(667648K)->481915K(667648K)
[700.211s][info][gc,metaspace   ] GC(2379) Metaspace: 19118K(19328K)->19118K(19328K) NonClass: 16453K(16576K)->16453K(16576K) Class: 2665K(2752K)->2665K(2752K)
[700.211s][info][gc             ] GC(2379) Pause Young (Allocation Failure) 670M->545M(867M) 75.976ms
[700.211s][info][gc,cpu         ] GC(2379) User=0.15s Sys=0.01s Real=0.08s
[700.280s][info][gc,start       ] GC(2380) Pause Young (Allocation Failure)
[700.357s][info][gc,heap        ] GC(2380) PSYoungGen: 188000K(220160K)->76480K(222720K) Eden: 111616K(111616K)->0K(111616K) From: 76384K(108544K)->76480K(111104K)
[700.357s][info][gc,heap        ] GC(2380) ParOldGen: 481915K(667648K)->481915K(667648K)
[700.357s][info][gc,metaspace   ] GC(2380) Metaspace: 19118K(19328K)->19118K(19328K) NonClass: 16453K(16576K)->16453K(16576K) Class: 2665K(2752K)->2665K(2752K)
[700.357s][info][gc             ] GC(2380) Pause Young (Allocation Failure) 654M->545M(869M) 77.216ms
[700.357s][info][gc,cpu         ] GC(2380) User=0.16s Sys=0.00s Real=0.07s
[700.469s][info][gc,start       ] GC(2381) Pause Young (Allocation Failure)
[700.555s][info][gc,heap        ] GC(2381) PSYoungGen: 188096K(222720K)->70752K(222720K) Eden: 111616K(111616K)->0K(111616K) From: 76480K(111104K)->70752K(111104K)
[700.555s][info][gc,heap        ] GC(2381) ParOldGen: 481915K(667648K)->499627K(667648K)
[700.555s][info][gc,metaspace   ] GC(2381) Metaspace: 19118K(19328K)->19118K(19328K) NonClass: 16453K(16576K)->16453K(16576K) Class: 2665K(2752K)->2665K(2752K)
[700.555s][info][gc             ] GC(2381) Pause Young (Allocation Failure) 654M->557M(869M) 85.563ms
[700.555s][info][gc,cpu         ] GC(2381) User=0.17s Sys=0.00s Real=0.09s
[700.635s][info][gc,start       ] GC(2382) Pause Young (Allocation Failure)
[700.717s][info][gc,heap        ] GC(2382) PSYoungGen: 182368K(222720K)->51072K(222720K) Eden: 111616K(111616K)->0K(111616K) From: 70752K(111104K)->51072K(111104K)
[700.717s][info][gc,heap        ] GC(2382) ParOldGen: 499627K(667648K)->532939K(667648K)
[700.717s][info][gc,metaspace   ] GC(2382) Metaspace: 19118K(19328K)->19118K(19328K) NonClass: 16453K(16576K)->16453K(16576K) Class: 2665K(2752K)->2665K(2752K)
[700.717s][info][gc             ] GC(2382) Pause Young (Allocation Failure) 666M->570M(869M) 82.196ms
[700.717s][info][gc,cpu         ] GC(2382) User=0.16s Sys=0.00s Real=0.08s
[700.824s][info][gc,start       ] GC(2383) Pause Young (Allocation Failure)
[700.886s][info][gc,heap        ] GC(2383) PSYoungGen: 162688K(222720K)->36624K(222720K) Eden: 111616K(111616K)->0K(111616K) From: 51072K(111104K)->36624K(111104K)
[700.886s][info][gc,heap        ] GC(2383) ParOldGen: 532939K(667648K)->557019K(667648K)
[700.886s][info][gc,metaspace   ] GC(2383) Metaspace: 19118K(19328K)->19118K(19328K) NonClass: 16453K(16576K)->16453K(16576K) Class: 2665K(2752K)->2665K(2752K)
[700.886s][info][gc             ] GC(2383) Pause Young (Allocation Failure) 679M->579M(869M) 61.752ms
[700.886s][info][gc,cpu         ] GC(2383) User=0.12s Sys=0.00s Real=0.06s
[701.053s][info][gc,start       ] GC(2384) Pause Young (Allocation Failure)
[701.105s][info][gc,heap        ] GC(2384) PSYoungGen: 148240K(222720K)->50224K(222720K) Eden: 111616K(111616K)->0K(111616K) From: 36624K(111104K)->50224K(111104K)
[701.105s][info][gc,heap        ] GC(2384) ParOldGen: 557019K(667648K)->558571K(667648K)
[701.105s][info][gc,metaspace   ] GC(2384) Metaspace: 19118K(19328K)->19118K(19328K) NonClass: 16453K(16576K)->16453K(16576K) Class: 2665K(2752K)->2665K(2752K)
[701.105s][info][gc             ] GC(2384) Pause Young (Allocation Failure) 688M->594M(869M) 52.526ms
[701.105s][info][gc,cpu         ] GC(2384) User=0.10s Sys=0.00s Real=0.05s
[701.502s][info][gc,start       ] GC(2385) Pause Young (Allocation Failure)
[701.553s][info][gc,heap        ] GC(2385) PSYoungGen: 161840K(222720K)->24848K(216576K) Eden: 111616K(111616K)->0K(111616K) From: 50224K(111104K)->24848K(104960K)
[701.553s][info][gc,heap        ] GC(2385) ParOldGen: 558571K(667648K)->584108K(667648K)
[701.553s][info][gc,metaspace   ] GC(2385) Metaspace: 19118K(19328K)->19118K(19328K) NonClass: 16453K(16576K)->16453K(16576K) Class: 2665K(2752K)->2665K(2752K)
[701.553s][info][gc             ] GC(2385) Pause Young (Allocation Failure) 703M->594M(863M) 50.692ms
[701.553s][info][gc,cpu         ] GC(2385) User=0.10s Sys=0.00s Real=0.05s
[701.845s][info][gc,start       ] GC(2386) Pause Young (Allocation Failure)
[701.872s][info][gc,heap        ] GC(2386) PSYoungGen: 136464K(216576K)->192K(219648K) Eden: 111616K(111616K)->0K(111616K) From: 24848K(104960K)->192K(108032K)
[701.872s][info][gc,heap        ] GC(2386) ParOldGen: 584108K(667648K)->608884K(667648K)
[701.872s][info][gc,metaspace   ] GC(2386) Metaspace: 19118K(19328K)->19118K(19328K) NonClass: 16453K(16576K)->16453K(16576K) Class: 2665K(2752K)->2665K(2752K)
[701.872s][info][gc             ] GC(2386) Pause Young (Allocation Failure) 703M->594M(866M) 27.100ms
[701.872s][info][gc,cpu         ] GC(2386) User=0.05s Sys=0.00s Real=0.03s
[702.146s][info][gc,start       ] GC(2387) Pause Young (Allocation Failure)
[702.149s][info][gc,heap        ] GC(2387) PSYoungGen: 111808K(219648K)->64K(224256K) Eden: 111616K(111616K)->0K(117248K) From: 192K(108032K)->64K(107008K)
[702.149s][info][gc,heap        ] GC(2387) ParOldGen: 608884K(667648K)->609036K(667648K)
[702.149s][info][gc,metaspace   ] GC(2387) Metaspace: 19118K(19328K)->19118K(19328K) NonClass: 16453K(16576K)->16453K(16576K) Class: 2665K(2752K)->2665K(2752K)
[702.149s][info][gc             ] GC(2387) Pause Young (Allocation Failure) 703M->594M(871M) 2.660ms
[702.149s][info][gc,cpu         ] GC(2387) User=0.01s Sys=0.00s Real=0.00s
[702.421s][info][gc,start       ] GC(2388) Pause Young (Allocation Failure)
[702.423s][info][gc,heap        ] GC(2388) PSYoungGen: 117312K(224256K)->64K(224768K) Eden: 117248K(117248K)->0K(117248K) From: 64K(107008K)->64K(107520K)
[702.423s][info][gc,heap        ] GC(2388) ParOldGen: 609036K(667648K)->609052K(667648K)
[702.423s][info][gc,metaspace   ] GC(2388) Metaspace: 19118K(19328K)->19118K(19328K) NonClass: 16453K(16576K)->16453K(16576K) Class: 2665K(2752K)->2665K(2752K)
[702.423s][info][gc             ] GC(2388) Pause Young (Allocation Failure) 709M->594M(871M) 2.099ms
[702.423s][info][gc,cpu         ] GC(2388) User=0.00s Sys=0.00s Real=0.00s
[702.701s][info][gc,start       ] GC(2389) Pause Young (Allocation Failure)
[702.703s][info][gc,heap        ] GC(2389) PSYoungGen: 117312K(224768K)->64K(222208K) Eden: 117248K(117248K)->0K(120320K) From: 64K(107520K)->64K(101888K)
[702.703s][info][gc,heap        ] GC(2389) ParOldGen: 609052K(667648K)->609052K(667648K)
[702.703s][info][gc,metaspace   ] GC(2389) Metaspace: 19118K(19328K)->19118K(19328K) NonClass: 16453K(16576K)->16453K(16576K) Class: 2665K(2752K)->2665K(2752K)
[702.703s][info][gc             ] GC(2389) Pause Young (Allocation Failure) 709M->594M(869M) 1.968ms
[702.703s][info][gc,cpu         ] GC(2389) User=0.00s Sys=0.00s Real=0.00s
[702.982s][info][gc,start       ] GC(2390) Pause Young (Allocation Failure)
[702.984s][info][gc,heap        ] GC(2390) PSYoungGen: 120384K(222208K)->64K(223744K) Eden: 120320K(120320K)->0K(120320K) From: 64K(101888K)->64K(103424K)
[702.984s][info][gc,heap        ] GC(2390) ParOldGen: 609052K(667648K)->609052K(667648K)
[702.984s][info][gc,metaspace   ] GC(2390) Metaspace: 19118K(19328K)->19118K(19328K) NonClass: 16453K(16576K)->16453K(16576K) Class: 2665K(2752K)->2665K(2752K)
[702.984s][info][gc             ] GC(2390) Pause Young (Allocation Failure) 712M->594M(870M) 1.972ms
[702.984s][info][gc,cpu         ] GC(2390) User=0.01s Sys=0.00s Real=0.00s
[703.253s][info][gc,start       ] GC(2391) Pause Young (Allocation Failure)
[703.255s][info][gc,heap        ] GC(2391) PSYoungGen: 120384K(223744K)->64K(218624K) Eden: 120320K(120320K)->0K(126464K) From: 64K(103424K)->64K(92160K)
[703.255s][info][gc,heap        ] GC(2391) ParOldGen: 609052K(667648K)->609052K(667648K)
[703.256s][info][gc,metaspace   ] GC(2391) Metaspace: 19118K(19328K)->19118K(19328K) NonClass: 16453K(16576K)->16453K(16576K) Class: 2665K(2752K)->2665K(2752K)
[703.256s][info][gc             ] GC(2391) Pause Young (Allocation Failure) 712M->594M(865M) 2.043ms
[703.256s][info][gc,cpu         ] GC(2391) User=0.01s Sys=0.00s Real=0.00s
[703.555s][info][gc,start       ] GC(2392) Pause Young (Allocation Failure)
[703.557s][info][gc,heap        ] GC(2392) PSYoungGen: 126528K(218624K)->224K(223232K) Eden: 126464K(126464K)->0K(126464K) From: 64K(92160K)->224K(96768K)
[703.558s][info][gc,heap        ] GC(2392) ParOldGen: 609052K(667648K)->609052K(667648K)
[703.558s][info][gc,metaspace   ] GC(2392) Metaspace: 19118K(19328K)->19118K(19328K) NonClass: 16453K(16576K)->16453K(16576K) Class: 2665K(2752K)->2665K(2752K)
[703.558s][info][gc             ] GC(2392) Pause Young (Allocation Failure) 718M->594M(870M) 2.489ms
[703.558s][info][gc,cpu         ] GC(2392) User=0.00s Sys=0.00s Real=0.00s
[703.813s][info][gc,start       ] GC(2393) Pause Young (Allocation Failure)
[703.823s][info][gc,heap        ] GC(2393) PSYoungGen: 126688K(223232K)->10224K(213504K) Eden: 126464K(126464K)->0K(131584K) From: 224K(96768K)->10224K(81920K)
[703.823s][info][gc,heap        ] GC(2393) ParOldGen: 609052K(667648K)->609052K(667648K)
[703.823s][info][gc,metaspace   ] GC(2393) Metaspace: 19118K(19328K)->19118K(19328K) NonClass: 16453K(16576K)->16453K(16576K) Class: 2665K(2752K)->2665K(2752K)
[703.823s][info][gc             ] GC(2393) Pause Young (Allocation Failure) 718M->604M(860M) 9.805ms
[703.823s][info][gc,cpu         ] GC(2393) User=0.02s Sys=0.00s Real=0.01s
[703.894s][info][gc,start       ] GC(2394) Pause Young (Allocation Failure)
[703.936s][info][gc,heap        ] GC(2394) PSYoungGen: 141808K(213504K)->58160K(219136K) Eden: 131584K(131584K)->0K(131584K) From: 10224K(81920K)->58160K(87552K)
[703.936s][info][gc,heap        ] GC(2394) ParOldGen: 609052K(667648K)->609052K(667648K)
[703.936s][info][gc,metaspace   ] GC(2394) Metaspace: 19118K(19328K)->19118K(19328K) NonClass: 16453K(16576K)->16453K(16576K) Class: 2665K(2752K)->2665K(2752K)
[703.936s][info][gc             ] GC(2394) Pause Young (Allocation Failure) 733M->651M(866M) 42.704ms
[703.936s][info][gc,cpu         ] GC(2394) User=0.08s Sys=0.00s Real=0.04s
[704.160s][info][gc,start       ] GC(2395) Pause Young (Allocation Failure)
[704.215s][info][gc,heap        ] GC(2395) PSYoungGen: 189744K(219136K)->75136K(214016K) Eden: 131584K(131584K)->0K(118784K) From: 58160K(87552K)->75136K(95232K)
[704.215s][info][gc,heap        ] GC(2395) ParOldGen: 609052K(667648K)->609052K(667648K)
[704.215s][info][gc,metaspace   ] GC(2395) Metaspace: 19118K(19328K)->19118K(19328K) NonClass: 16453K(16576K)->16453K(16576K) Class: 2665K(2752K)->2665K(2752K)
[704.215s][info][gc             ] GC(2395) Pause Young (Allocation Failure) 780M->668M(861M) 54.411ms
[704.215s][info][gc,cpu         ] GC(2395) User=0.10s Sys=0.01s Real=0.05s
[704.303s][info][gc,start       ] GC(2396) Pause Young (Allocation Failure)
[704.367s][info][gc,heap        ] GC(2396) PSYoungGen: 193920K(214016K)->98352K(217600K) Eden: 118784K(118784K)->0K(118784K) From: 75136K(95232K)->98352K(98816K)
[704.367s][info][gc,heap        ] GC(2396) ParOldGen: 609052K(667648K)->609052K(667648K)
[704.367s][info][gc,metaspace   ] GC(2396) Metaspace: 19118K(19328K)->19118K(19328K) NonClass: 16453K(16576K)->16453K(16576K) Class: 2665K(2752K)->2665K(2752K)
[704.367s][info][gc             ] GC(2396) Pause Young (Allocation Failure) 784M->690M(864M) 64.120ms
[704.367s][info][gc,cpu         ] GC(2396) User=0.13s Sys=0.00s Real=0.06s
[704.433s][info][gc,start       ] GC(2397) Pause Young (Allocation Failure)
[704.546s][info][gc,heap        ] GC(2397) PSYoungGen: 217136K(217600K)->111079K(222720K) Eden: 118784K(118784K)->0K(111616K) From: 98352K(98816K)->111079K(111104K)
[704.546s][info][gc,heap        ] GC(2397) ParOldGen: 609052K(667648K)->643196K(667648K)
[704.546s][info][gc,metaspace   ] GC(2397) Metaspace: 19118K(19328K)->19118K(19328K) NonClass: 16453K(16576K)->16453K(16576K) Class: 2665K(2752K)->2665K(2752K)
[704.546s][info][gc             ] GC(2397) Pause Young (Allocation Failure) 806M->736M(869M) 112.922ms
[704.546s][info][gc,cpu         ] GC(2397) User=0.20s Sys=0.02s Real=0.11s
[704.669s][info][gc,start       ] GC(2398) Pause Full (Allocation Failure)
[704.669s][info][gc,phases,start] GC(2398) Marking Phase
[704.915s][info][gc,phases      ] GC(2398) Marking Phase 245.247ms
[704.915s][info][gc,phases,start] GC(2398) Summary Phase
[704.915s][info][gc,phases      ] GC(2398) Summary Phase 0.030ms
[704.915s][info][gc,phases,start] GC(2398) Forward
[705.014s][info][gc,phases      ] GC(2398) Forward 99.692ms
[705.014s][info][gc,phases,start] GC(2398) Adjust Pointers
[705.202s][info][gc,phases      ] GC(2398) Adjust Pointers 187.269ms
[705.202s][info][gc,phases,start] GC(2398) Compaction Phase
[705.313s][info][gc,phases      ] GC(2398) Compaction Phase 111.041ms
[705.320s][info][gc,phases,start] GC(2398) Post Compact
[705.322s][info][gc,phases      ] GC(2398) Post Compact 2.503ms
[705.323s][info][gc,heap        ] GC(2398) PSYoungGen: 222695K(222720K)->0K(222720K) Eden: 111616K(111616K)->0K(111616K) From: 111079K(111104K)->0K(111104K)
[705.323s][info][gc,heap        ] GC(2398) ParOldGen: 643196K(667648K)->375681K(667648K)
[705.323s][info][gc,metaspace   ] GC(2398) Metaspace: 19118K(19328K)->19118K(19328K) NonClass: 16453K(16576K)->16453K(16576K) Class: 2665K(2752K)->2665K(2752K)
[705.323s][info][gc             ] GC(2398) Pause Full (Allocation Failure) 845M->366M(869M) 653.348ms
[705.323s][info][gc,cpu         ] GC(2398) User=1.20s Sys=0.00s Real=0.66s
[705.437s][info][gc,start       ] GC(2399) Pause Young (Allocation Failure)
[705.439s][info][gc,heap        ] GC(2399) PSYoungGen: 111616K(222720K)->96K(222720K) Eden: 111616K(111616K)->0K(111616K) From: 0K(111104K)->96K(111104K)
[705.439s][info][gc,heap        ] GC(2399) ParOldGen: 375681K(667648K)->375681K(667648K)
[705.439s][info][gc,metaspace   ] GC(2399) Metaspace: 19118K(19328K)->19118K(19328K) NonClass: 16453K(16576K)->16453K(16576K) Class: 2665K(2752K)->2665K(2752K)
[705.439s][info][gc             ] GC(2399) Pause Young (Allocation Failure) 475M->366M(869M) 1.629ms
[705.439s][info][gc,cpu         ] GC(2399) User=0.00s Sys=0.00s Real=0.00s
[705.550s][info][gc,start       ] GC(2400) Pause Young (Allocation Failure)
[705.552s][info][gc,heap        ] GC(2400) PSYoungGen: 111712K(222720K)->160K(222720K) Eden: 111616K(111616K)->0K(111616K) From: 96K(111104K)->160K(111104K)
[705.552s][info][gc,heap        ] GC(2400) ParOldGen: 375681K(667648K)->375681K(667648K)
[705.552s][info][gc,metaspace   ] GC(2400) Metaspace: 19118K(19328K)->19118K(19328K) NonClass: 16453K(16576K)->16453K(16576K) Class: 2665K(2752K)->2665K(2752K)
[705.552s][info][gc             ] GC(2400) Pause Young (Allocation Failure) 475M->367M(869M) 1.684ms
[705.552s][info][gc,cpu         ] GC(2400) User=0.01s Sys=0.00s Real=0.00s
[705.662s][info][gc,start       ] GC(2401) Pause Young (Allocation Failure)
[705.664s][info][gc,heap        ] GC(2401) PSYoungGen: 111776K(222720K)->288K(222720K) Eden: 111616K(111616K)->0K(111616K) From: 160K(111104K)->288K(111104K)
[705.664s][info][gc,heap        ] GC(2401) ParOldGen: 375681K(667648K)->375681K(667648K)
[705.664s][info][gc,metaspace   ] GC(2401) Metaspace: 19118K(19328K)->19118K(19328K) NonClass: 16453K(16576K)->16453K(16576K) Class: 2665K(2752K)->2665K(2752K)
[705.664s][info][gc             ] GC(2401) Pause Young (Allocation Failure) 476M->367M(869M) 1.987ms
[705.664s][info][gc,cpu         ] GC(2401) User=0.00s Sys=0.00s Real=0.00s
[705.776s][info][gc,start       ] GC(2402) Pause Young (Allocation Failure)
[705.778s][info][gc,heap        ] GC(2402) PSYoungGen: 111904K(222720K)->384K(222720K) Eden: 111616K(111616K)->0K(111616K) From: 288K(111104K)->384K(111104K)
[705.778s][info][gc,heap        ] GC(2402) ParOldGen: 375681K(667648K)->375681K(667648K)
[705.778s][info][gc,metaspace   ] GC(2402) Metaspace: 19118K(19328K)->19118K(19328K) NonClass: 16453K(16576K)->16453K(16576K) Class: 2665K(2752K)->2665K(2752K)
[705.778s][info][gc             ] GC(2402) Pause Young (Allocation Failure) 476M->367M(869M) 2.022ms
[705.778s][info][gc,cpu         ] GC(2402) User=0.01s Sys=0.00s Real=0.00s
[705.892s][info][gc,start       ] GC(2403) Pause Young (Allocation Failure)
[705.894s][info][gc,heap        ] GC(2403) PSYoungGen: 112000K(222720K)->320K(222720K) Eden: 111616K(111616K)->0K(111616K) From: 384K(111104K)->320K(111104K)
[705.894s][info][gc,heap        ] GC(2403) ParOldGen: 375681K(667648K)->375841K(667648K)
[705.894s][info][gc,metaspace   ] GC(2403) Metaspace: 19118K(19328K)->19118K(19328K) NonClass: 16453K(16576K)->16453K(16576K) Class: 2665K(2752K)->2665K(2752K)
[705.894s][info][gc             ] GC(2403) Pause Young (Allocation Failure) 476M->367M(869M) 1.991ms
[705.895s][info][gc,cpu         ] GC(2403) User=0.01s Sys=0.00s Real=0.00s
[706.009s][info][gc,start       ] GC(2404) Pause Young (Allocation Failure)
[706.011s][info][gc,heap        ] GC(2404) PSYoungGen: 111936K(222720K)->192K(222720K) Eden: 111616K(111616K)->0K(111616K) From: 320K(111104K)->192K(111104K)
[706.011s][info][gc,heap        ] GC(2404) ParOldGen: 375841K(667648K)->376057K(667648K)
[706.011s][info][gc,metaspace   ] GC(2404) Metaspace: 19118K(19328K)->19118K(19328K) NonClass: 16453K(16576K)->16453K(16576K) Class: 2665K(2752K)->2665K(2752K)
[706.011s][info][gc             ] GC(2404) Pause Young (Allocation Failure) 476M->367M(869M) 1.958ms
[706.011s][info][gc,cpu         ] GC(2404) User=0.01s Sys=0.00s Real=0.01s
[706.120s][info][gc,start       ] GC(2405) Pause Young (Allocation Failure)
[706.122s][info][gc,heap        ] GC(2405) PSYoungGen: 111808K(222720K)->128K(222720K) Eden: 111616K(111616K)->0K(111616K) From: 192K(111104K)->128K(111104K)
[706.122s][info][gc,heap        ] GC(2405) ParOldGen: 376057K(667648K)->376209K(667648K)
[706.122s][info][gc,metaspace   ] GC(2405) Metaspace: 19118K(19328K)->19118K(19328K) NonClass: 16453K(16576K)->16453K(16576K) Class: 2665K(2752K)->2665K(2752K)
[706.122s][info][gc             ] GC(2405) Pause Young (Allocation Failure) 476M->367M(869M) 1.869ms
[706.122s][info][gc,cpu         ] GC(2405) User=0.01s Sys=0.00s Real=0.00s
[706.236s][info][gc,start       ] GC(2406) Pause Young (Allocation Failure)
[706.238s][info][gc,heap        ] GC(2406) PSYoungGen: 111744K(222720K)->96K(222720K) Eden: 111616K(111616K)->0K(111616K) From: 128K(111104K)->96K(111104K)
[706.238s][info][gc,heap        ] GC(2406) ParOldGen: 376209K(667648K)->376313K(667648K)
[706.238s][info][gc,metaspace   ] GC(2406) Metaspace: 19118K(19328K)->19118K(19328K) NonClass: 16453K(16576K)->16453K(16576K) Class: 2665K(2752K)->2665K(2752K)
[706.238s][info][gc             ] GC(2406) Pause Young (Allocation Failure) 476M->367M(869M) 1.892ms
[706.238s][info][gc,cpu         ] GC(2406) User=0.01s Sys=0.00s Real=0.00s
[706.353s][info][gc,start       ] GC(2407) Pause Young (Allocation Failure)
[706.355s][info][gc,heap        ] GC(2407) PSYoungGen: 111712K(222720K)->128K(218624K) Eden: 111616K(111616K)->0K(111616K) From: 96K(111104K)->128K(107008K)
[706.355s][info][gc,heap        ] GC(2407) ParOldGen: 376313K(667648K)->376401K(667648K)
[706.355s][info][gc,metaspace   ] GC(2407) Metaspace: 19118K(19328K)->19118K(19328K) NonClass: 16453K(16576K)->16453K(16576K) Class: 2665K(2752K)->2665K(2752K)
[706.355s][info][gc             ] GC(2407) Pause Young (Allocation Failure) 476M->367M(865M) 2.135ms
[706.355s][info][gc,cpu         ] GC(2407) User=0.00s Sys=0.00s Real=0.00s
[706.472s][info][gc,start       ] GC(2408) Pause Young (Allocation Failure)
[706.484s][info][gc,heap        ] GC(2408) PSYoungGen: 111744K(218624K)->3456K(115200K) Eden: 111616K(111616K)->0K(111616K) From: 128K(107008K)->3456K(3584K)
[706.484s][info][gc,heap        ] GC(2408) ParOldGen: 376401K(667648K)->376401K(667648K)
[706.484s][info][gc,metaspace   ] GC(2408) Metaspace: 19118K(19328K)->19118K(19328K) NonClass: 16453K(16576K)->16453K(16576K) Class: 2665K(2752K)->2665K(2752K)
[706.484s][info][gc             ] GC(2408) Pause Young (Allocation Failure) 476M->370M(764M) 11.502ms
[706.484s][info][gc,cpu         ] GC(2408) User=0.02s Sys=0.00s Real=0.01s
[706.619s][info][gc,start       ] GC(2409) Pause Young (Allocation Failure)
[706.656s][info][gc,heap        ] GC(2409) PSYoungGen: 115072K(115200K)->18987K(209920K) Eden: 111616K(111616K)->0K(119808K) From: 3456K(3584K)->18987K(90112K)
[706.656s][info][gc,heap        ] GC(2409) ParOldGen: 376401K(667648K)->376401K(667648K)
[706.656s][info][gc,metaspace   ] GC(2409) Metaspace: 19118K(19328K)->19118K(19328K) NonClass: 16453K(16576K)->16453K(16576K) Class: 2665K(2752K)->2665K(2752K)
[706.656s][info][gc             ] GC(2409) Pause Young (Allocation Failure) 479M->386M(857M) 37.226ms
[706.656s][info][gc,cpu         ] GC(2409) User=0.07s Sys=0.00s Real=0.04s
[706.810s][info][gc,start       ] GC(2410) Pause Young (Allocation Failure)
[706.842s][info][gc,heap        ] GC(2410) PSYoungGen: 138795K(209920K)->18987K(214528K) Eden: 119808K(119808K)->0K(119808K) From: 18987K(90112K)->18987K(94720K)
[706.842s][info][gc,heap        ] GC(2410) ParOldGen: 376401K(667648K)->376401K(667648K)
[706.842s][info][gc,metaspace   ] GC(2410) Metaspace: 19118K(19328K)->19118K(19328K) NonClass: 16453K(16576K)->16453K(16576K) Class: 2665K(2752K)->2665K(2752K)
[706.843s][info][gc             ] GC(2410) Pause Young (Allocation Failure) 503M->386M(861M) 32.667ms
[706.843s][info][gc,cpu         ] GC(2410) User=0.06s Sys=0.01s Real=0.04s
[706.995s][info][gc,start       ] GC(2411) Pause Young (Allocation Failure)
[707.028s][info][gc,heap        ] GC(2411) PSYoungGen: 138795K(214528K)->19019K(205312K) Eden: 119808K(119808K)->0K(130048K) From: 18987K(94720K)->19019K(75264K)
[707.028s][info][gc,heap        ] GC(2411) ParOldGen: 376401K(667648K)->376401K(667648K)
[707.028s][info][gc,metaspace   ] GC(2411) Metaspace: 19118K(19328K)->19118K(19328K) NonClass: 16453K(16576K)->16453K(16576K) Class: 2665K(2752K)->2665K(2752K)
[707.029s][info][gc             ] GC(2411) Pause Young (Allocation Failure) 503M->386M(852M) 33.841ms
[707.029s][info][gc,cpu         ] GC(2411) User=0.07s Sys=0.00s Real=0.03s
[707.180s][info][gc,start       ] GC(2412) Pause Young (Allocation Failure)
[707.220s][info][gc,heap        ] GC(2412) PSYoungGen: 149067K(205312K)->25195K(211456K) Eden: 130048K(130048K)->0K(130048K) From: 19019K(75264K)->25195K(81408K)
[707.220s][info][gc,heap        ] GC(2412) ParOldGen: 376401K(667648K)->376401K(667648K)
[707.220s][info][gc,metaspace   ] GC(2412) Metaspace: 19118K(19328K)->19118K(19328K) NonClass: 16453K(16576K)->16453K(16576K) Class: 2665K(2752K)->2665K(2752K)
[707.220s][info][gc             ] GC(2412) Pause Young (Allocation Failure) 513M->392M(858M) 39.164ms
[707.220s][info][gc,cpu         ] GC(2412) User=0.08s Sys=0.00s Real=0.03s
[707.343s][info][gc,start       ] GC(2413) Pause Young (Allocation Failure)
[707.397s][info][gc,heap        ] GC(2413) PSYoungGen: 155243K(211456K)->41195K(218112K) Eden: 130048K(130048K)->0K(139776K) From: 25195K(81408K)->41195K(78336K)
[707.397s][info][gc,heap        ] GC(2413) ParOldGen: 376401K(667648K)->376401K(667648K)
[707.397s][info][gc,metaspace   ] GC(2413) Metaspace: 19118K(19328K)->19118K(19328K) NonClass: 16453K(16576K)->16453K(16576K) Class: 2665K(2752K)->2665K(2752K)
[707.397s][info][gc             ] GC(2413) Pause Young (Allocation Failure) 519M->407M(865M) 54.529ms
[707.397s][info][gc,cpu         ] GC(2413) User=0.11s Sys=0.00s Real=0.05s
[707.520s][info][gc,start       ] GC(2414) Pause Young (Allocation Failure)
[707.588s][info][gc,heap        ] GC(2414) PSYoungGen: 180971K(218112K)->54219K(220672K) Eden: 139776K(139776K)->0K(139776K) From: 41195K(78336K)->54219K(80896K)
[707.588s][info][gc,heap        ] GC(2414) ParOldGen: 376401K(667648K)->376497K(667648K)
[707.588s][info][gc,metaspace   ] GC(2414) Metaspace: 19118K(19328K)->19118K(19328K) NonClass: 16453K(16576K)->16453K(16576K) Class: 2665K(2752K)->2665K(2752K)
[707.588s][info][gc             ] GC(2414) Pause Young (Allocation Failure) 544M->420M(867M) 68.361ms
[707.588s][info][gc,cpu         ] GC(2414) User=0.14s Sys=0.00s Real=0.07s
[707.703s][info][gc,start       ] GC(2415) Pause Young (Allocation Failure)
[707.772s][info][gc,heap        ] GC(2415) PSYoungGen: 193995K(220672K)->36768K(243200K) Eden: 139776K(139776K)->0K(157184K) From: 54219K(80896K)->36768K(86016K)
[707.772s][info][gc,heap        ] GC(2415) ParOldGen: 376497K(667648K)->395424K(667648K)
[707.772s][info][gc,metaspace   ] GC(2415) Metaspace: 19118K(19328K)->19118K(19328K) NonClass: 16453K(16576K)->16453K(16576K) Class: 2665K(2752K)->2665K(2752K)
[707.772s][info][gc             ] GC(2415) Pause Young (Allocation Failure) 557M->422M(889M) 68.902ms
[707.772s][info][gc,cpu         ] GC(2415) User=0.13s Sys=0.00s Real=0.07s
[707.915s][info][gc,start       ] GC(2416) Pause Young (Allocation Failure)
[707.955s][info][gc,heap        ] GC(2416) PSYoungGen: 193952K(243200K)->40192K(243200K) Eden: 157184K(157184K)->0K(157184K) From: 36768K(86016K)->40192K(86016K)
[707.955s][info][gc,heap        ] GC(2416) ParOldGen: 395424K(667648K)->395424K(667648K)
[707.955s][info][gc,metaspace   ] GC(2416) Metaspace: 19118K(19328K)->19118K(19328K) NonClass: 16453K(16576K)->16453K(16576K) Class: 2665K(2752K)->2665K(2752K)
[707.955s][info][gc             ] GC(2416) Pause Young (Allocation Failure) 575M->425M(889M) 39.563ms
[707.955s][info][gc,cpu         ] GC(2416) User=0.08s Sys=0.00s Real=0.04s
[708.089s][info][gc,start       ] GC(2417) Pause Young (Allocation Failure)
[708.129s][info][gc,heap        ] GC(2417) PSYoungGen: 197376K(243200K)->18080K(239104K) Eden: 157184K(157184K)->0K(162304K) From: 40192K(86016K)->18080K(76800K)
[708.129s][info][gc,heap        ] GC(2417) ParOldGen: 395424K(667648K)->417672K(667648K)
[708.129s][info][gc,metaspace   ] GC(2417) Metaspace: 19118K(19328K)->19118K(19328K) NonClass: 16453K(16576K)->16453K(16576K) Class: 2665K(2752K)->2665K(2752K)
[708.129s][info][gc             ] GC(2417) Pause Young (Allocation Failure) 578M->425M(885M) 39.885ms
[708.129s][info][gc,cpu         ] GC(2417) User=0.08s Sys=0.00s Real=0.04s
[708.289s][info][gc,start       ] GC(2418) Pause Young (Allocation Failure)
[708.329s][info][gc,heap        ] GC(2418) PSYoungGen: 180384K(239104K)->26512K(243200K) Eden: 162304K(162304K)->0K(162304K) From: 18080K(76800K)->26512K(80896K)
[708.329s][info][gc,heap        ] GC(2418) ParOldGen: 417672K(667648K)->432232K(667648K)
[708.329s][info][gc,metaspace   ] GC(2418) Metaspace: 19118K(19328K)->19118K(19328K) NonClass: 16453K(16576K)->16453K(16576K) Class: 2665K(2752K)->2665K(2752K)
[708.329s][info][gc             ] GC(2418) Pause Young (Allocation Failure) 584M->447M(889M) 40.540ms
[708.329s][info][gc,cpu         ] GC(2418) User=0.08s Sys=0.00s Real=0.04s
[708.528s][info][gc,start       ] GC(2419) Pause Young (Allocation Failure)
[708.577s][info][gc,heap        ] GC(2419) PSYoungGen: 188816K(243200K)->41008K(251392K) Eden: 162304K(162304K)->0K(175616K) From: 26512K(80896K)->41008K(75776K)
[708.577s][info][gc,heap        ] GC(2419) ParOldGen: 432232K(667648K)->435776K(667648K)
[708.577s][info][gc,metaspace   ] GC(2419) Metaspace: 19118K(19328K)->19118K(19328K) NonClass: 16453K(16576K)->16453K(16576K) Class: 2665K(2752K)->2665K(2752K)
[708.577s][info][gc             ] GC(2419) Pause Young (Allocation Failure) 606M->465M(897M) 49.306ms
[708.577s][info][gc,cpu         ] GC(2419) User=0.10s Sys=0.00s Real=0.05s
[708.790s][info][gc,start       ] GC(2420) Pause Young (Allocation Failure)
[708.855s][info][gc,heap        ] GC(2420) PSYoungGen: 216624K(251392K)->23712K(251904K) Eden: 175616K(175616K)->0K(175616K) From: 41008K(75776K)->23712K(76288K)
[708.856s][info][gc,heap        ] GC(2420) ParOldGen: 435776K(667648K)->476824K(667648K)
[708.856s][info][gc,metaspace   ] GC(2420) Metaspace: 19118K(19328K)->19118K(19328K) NonClass: 16453K(16576K)->16453K(16576K) Class: 2665K(2752K)->2665K(2752K)
[708.856s][info][gc             ] GC(2420) Pause Young (Allocation Failure) 637M->488M(898M) 65.714ms
[708.856s][info][gc,cpu         ] GC(2420) User=0.13s Sys=0.00s Real=0.07s
[709.036s][info][gc,start       ] GC(2421) Pause Young (Allocation Failure)
[709.067s][info][gc,heap        ] GC(2421) PSYoungGen: 199328K(251904K)->2496K(254464K) Eden: 175616K(175616K)->0K(182272K) From: 23712K(76288K)->2496K(72192K)
[709.067s][info][gc,heap        ] GC(2421) ParOldGen: 476824K(667648K)->500504K(667648K)
[709.067s][info][gc,metaspace   ] GC(2421) Metaspace: 19118K(19328K)->19118K(19328K) NonClass: 16453K(16576K)->16453K(16576K) Class: 2665K(2752K)->2665K(2752K)
[709.067s][info][gc             ] GC(2421) Pause Young (Allocation Failure) 660M->491M(900M) 30.758ms
[709.067s][info][gc,cpu         ] GC(2421) User=0.06s Sys=0.00s Real=0.03s
[709.273s][info][gc,start       ] GC(2422) Pause Young (Allocation Failure)
[709.286s][info][gc,heap        ] GC(2422) PSYoungGen: 184768K(254464K)->4320K(253952K) Eden: 182272K(182272K)->0K(182272K) From: 2496K(72192K)->4320K(71680K)
[709.286s][info][gc,heap        ] GC(2422) ParOldGen: 500504K(667648K)->502976K(667648K)
[709.286s][info][gc,metaspace   ] GC(2422) Metaspace: 19118K(19328K)->19118K(19328K) NonClass: 16453K(16576K)->16453K(16576K) Class: 2665K(2752K)->2665K(2752K)
[709.286s][info][gc             ] GC(2422) Pause Young (Allocation Failure) 669M->495M(900M) 12.571ms
[709.286s][info][gc,cpu         ] GC(2422) User=0.02s Sys=0.00s Real=0.01s
[709.453s][info][gc,start       ] GC(2423) Pause Young (Allocation Failure)
[709.467s][info][gc,heap        ] GC(2423) PSYoungGen: 186592K(253952K)->6560K(259584K) Eden: 182272K(182272K)->0K(191488K) From: 4320K(71680K)->6560K(68096K)
[709.467s][info][gc,heap        ] GC(2423) ParOldGen: 502976K(667648K)->507264K(667648K)
[709.467s][info][gc,metaspace   ] GC(2423) Metaspace: 19118K(19328K)->19118K(19328K) NonClass: 16453K(16576K)->16453K(16576K) Class: 2665K(2752K)->2665K(2752K)
[709.467s][info][gc             ] GC(2423) Pause Young (Allocation Failure) 673M->501M(905M) 13.793ms
[709.467s][info][gc,cpu         ] GC(2423) User=0.03s Sys=0.00s Real=0.01s
[709.800s][info][gc,start       ] GC(2424) Pause Young (Allocation Failure)
[709.817s][info][gc,heap        ] GC(2424) PSYoungGen: 198048K(259584K)->15392K(260096K) Eden: 191488K(191488K)->0K(191488K) From: 6560K(68096K)->15392K(68608K)
[709.817s][info][gc,heap        ] GC(2424) ParOldGen: 507264K(667648K)->507264K(667648K)
[709.817s][info][gc,metaspace   ] GC(2424) Metaspace: 19118K(19328K)->19118K(19328K) NonClass: 16453K(16576K)->16453K(16576K) Class: 2665K(2752K)->2665K(2752K)
[709.817s][info][gc             ] GC(2424) Pause Young (Allocation Failure) 688M->510M(906M) 17.346ms
[709.817s][info][gc,cpu         ] GC(2424) User=0.03s Sys=0.00s Real=0.02s
[710.323s][info][gc,start       ] GC(2425) Pause Young (Allocation Failure)
[710.340s][info][gc,heap        ] GC(2425) PSYoungGen: 206880K(260096K)->15584K(261632K) Eden: 191488K(191488K)->0K(200704K) From: 15392K(68608K)->15584K(60928K)
[710.340s][info][gc,heap        ] GC(2425) ParOldGen: 507264K(667648K)->507264K(667648K)
[710.340s][info][gc,metaspace   ] GC(2425) Metaspace: 19118K(19328K)->19118K(19328K) NonClass: 16453K(16576K)->16453K(16576K) Class: 2665K(2752K)->2665K(2752K)
[710.340s][info][gc             ] GC(2425) Pause Young (Allocation Failure) 697M->510M(907M) 16.602ms
[710.340s][info][gc,cpu         ] GC(2425) User=0.03s Sys=0.00s Real=0.02s
[710.761s][info][gc,start       ] GC(2426) Pause Young (Allocation Failure)
[710.778s][info][gc,heap        ] GC(2426) PSYoungGen: 216288K(261632K)->15632K(261632K) Eden: 200704K(200704K)->0K(200704K) From: 15584K(60928K)->15632K(60928K)
[710.778s][info][gc,heap        ] GC(2426) ParOldGen: 507264K(667648K)->507264K(667648K)
[710.778s][info][gc,metaspace   ] GC(2426) Metaspace: 19118K(19328K)->19118K(19328K) NonClass: 16453K(16576K)->16453K(16576K) Class: 2665K(2752K)->2665K(2752K)
[710.778s][info][gc             ] GC(2426) Pause Young (Allocation Failure) 706M->510M(907M) 17.570ms
[710.778s][info][gc,cpu         ] GC(2426) User=0.04s Sys=0.00s Real=0.01s
[711.237s][info][gc,start       ] GC(2427) Pause Young (Allocation Failure)
[711.259s][info][gc,heap        ] GC(2427) PSYoungGen: 216336K(261632K)->21040K(265728K) Eden: 200704K(200704K)->0K(213504K) From: 15632K(60928K)->21040K(52224K)
[711.259s][info][gc,heap        ] GC(2427) ParOldGen: 507264K(667648K)->507264K(667648K)
[711.259s][info][gc,metaspace   ] GC(2427) Metaspace: 19118K(19328K)->19118K(19328K) NonClass: 16453K(16576K)->16453K(16576K) Class: 2665K(2752K)->2665K(2752K)
[711.259s][info][gc             ] GC(2427) Pause Young (Allocation Failure) 706M->515M(911M) 22.030ms
[711.259s][info][gc,cpu         ] GC(2427) User=0.04s Sys=0.00s Real=0.02s
[711.442s][info][gc,start       ] GC(2428) Pause Young (Allocation Failure)
[711.517s][info][gc,heap        ] GC(2428) PSYoungGen: 234544K(265728K)->54262K(267776K) Eden: 213504K(213504K)->0K(213504K) From: 21040K(52224K)->54262K(54272K)
[711.517s][info][gc,heap        ] GC(2428) ParOldGen: 507264K(667648K)->543264K(667648K)
[711.517s][info][gc,metaspace   ] GC(2428) Metaspace: 19118K(19328K)->19118K(19328K) NonClass: 16453K(16576K)->16453K(16576K) Class: 2665K(2752K)->2665K(2752K)
[711.517s][info][gc             ] GC(2428) Pause Young (Allocation Failure) 724M->583M(913M) 74.442ms
[711.517s][info][gc,cpu         ] GC(2428) User=0.15s Sys=0.00s Real=0.07s
[711.587s][info][gc,start       ] GC(2429) Pause Young (Allocation Failure)
[711.727s][info][gc,heap        ] GC(2429) PSYoungGen: 267766K(267776K)->66016K(177664K) Eden: 213504K(213504K)->0K(111616K) From: 54262K(54272K)->66016K(66048K)
[711.727s][info][gc,heap        ] GC(2429) ParOldGen: 543264K(667648K)->624215K(667648K)
[711.727s][info][gc,metaspace   ] GC(2429) Metaspace: 19118K(19328K)->19118K(19328K) NonClass: 16453K(16576K)->16453K(16576K) Class: 2665K(2752K)->2665K(2752K)
[711.727s][info][gc             ] GC(2429) Pause Young (Allocation Failure) 792M->674M(825M) 140.383ms
[711.727s][info][gc,cpu         ] GC(2429) User=0.25s Sys=0.03s Real=0.14s
[711.860s][info][gc,start       ] GC(2430) Pause Full (Allocation Failure)
[711.860s][info][gc,phases,start] GC(2430) Marking Phase
[712.235s][info][gc,phases      ] GC(2430) Marking Phase 374.849ms
[712.235s][info][gc,phases,start] GC(2430) Summary Phase
[712.235s][info][gc,phases      ] GC(2430) Summary Phase 0.025ms
[712.235s][info][gc,phases,start] GC(2430) Forward
[712.380s][info][gc,phases      ] GC(2430) Forward 145.001ms
[712.380s][info][gc,phases,start] GC(2430) Adjust Pointers
[712.662s][info][gc,phases      ] GC(2430) Adjust Pointers 281.286ms
[712.662s][info][gc,phases,start] GC(2430) Compaction Phase
[712.837s][info][gc,phases      ] GC(2430) Compaction Phase 175.792ms
[712.847s][info][gc,phases,start] GC(2430) Post Compact
[712.850s][info][gc,phases      ] GC(2430) Post Compact 2.323ms
[712.850s][info][gc,heap        ] GC(2430) PSYoungGen: 177632K(177664K)->0K(222720K) Eden: 111616K(111616K)->0K(111616K) From: 66016K(66048K)->0K(111104K)
[712.850s][info][gc,heap        ] GC(2430) ParOldGen: 624215K(667648K)->568537K(667648K)
[712.850s][info][gc,metaspace   ] GC(2430) Metaspace: 19118K(19328K)->19118K(19328K) NonClass: 16453K(16576K)->16453K(16576K) Class: 2665K(2752K)->2665K(2752K)
[712.850s][info][gc             ] GC(2430) Pause Full (Allocation Failure) 783M->555M(869M) 989.719ms
[712.850s][info][gc,cpu         ] GC(2430) User=1.86s Sys=0.00s Real=0.99s
[713.084s][info][gc,start       ] GC(2431) Pause Young (Allocation Failure)
[713.112s][info][gc,heap        ] GC(2431) PSYoungGen: 111616K(222720K)->13056K(222720K) Eden: 111616K(111616K)->0K(111616K) From: 0K(111104K)->13056K(111104K)
[713.112s][info][gc,heap        ] GC(2431) ParOldGen: 568537K(667648K)->568537K(667648K)
[713.112s][info][gc,metaspace   ] GC(2431) Metaspace: 19118K(19328K)->19118K(19328K) NonClass: 16453K(16576K)->16453K(16576K) Class: 2665K(2752K)->2665K(2752K)
[713.112s][info][gc             ] GC(2431) Pause Young (Allocation Failure) 664M->567M(869M) 28.075ms
[713.112s][info][gc,cpu         ] GC(2431) User=0.06s Sys=0.00s Real=0.03s
[713.254s][info][gc,start       ] GC(2432) Pause Young (Allocation Failure)
[713.282s][info][gc,heap        ] GC(2432) PSYoungGen: 124672K(222720K)->16064K(128000K) Eden: 111616K(111616K)->0K(111616K) From: 13056K(111104K)->16064K(16384K)
[713.282s][info][gc,heap        ] GC(2432) ParOldGen: 568537K(667648K)->568537K(667648K)
[713.282s][info][gc,metaspace   ] GC(2432) Metaspace: 19118K(19328K)->19118K(19328K) NonClass: 16453K(16576K)->16453K(16576K) Class: 2665K(2752K)->2665K(2752K)
[713.282s][info][gc             ] GC(2432) Pause Young (Allocation Failure) 676M->570M(777M) 28.503ms
[713.282s][info][gc,cpu         ] GC(2432) User=0.05s Sys=0.00s Real=0.03s
[713.388s][info][gc,start       ] GC(2433) Pause Young (Allocation Failure)
[713.430s][info][gc,heap        ] GC(2433) PSYoungGen: 127680K(128000K)->4736K(223232K) Eden: 111616K(111616K)->0K(114176K) From: 16064K(16384K)->4736K(109056K)
[713.430s][info][gc,heap        ] GC(2433) ParOldGen: 568537K(667648K)->581593K(667648K)
[713.430s][info][gc,metaspace   ] GC(2433) Metaspace: 19118K(19328K)->19118K(19328K) NonClass: 16453K(16576K)->16453K(16576K) Class: 2665K(2752K)->2665K(2752K)
[713.430s][info][gc             ] GC(2433) Pause Young (Allocation Failure) 679M->572M(870M) 41.963ms
[713.430s][info][gc,cpu         ] GC(2433) User=0.08s Sys=0.00s Real=0.05s
[713.584s][info][gc,start       ] GC(2434) Pause Young (Allocation Failure)
[713.640s][info][gc,heap        ] GC(2434) PSYoungGen: 118912K(223232K)->24493K(138752K) Eden: 114176K(114176K)->0K(114176K) From: 4736K(109056K)->24493K(24576K)
[713.640s][info][gc,heap        ] GC(2434) ParOldGen: 581593K(667648K)->586289K(667648K)
[713.640s][info][gc,metaspace   ] GC(2434) Metaspace: 19118K(19328K)->19118K(19328K) NonClass: 16453K(16576K)->16453K(16576K) Class: 2665K(2752K)->2665K(2752K)
[713.640s][info][gc             ] GC(2434) Pause Young (Allocation Failure) 684M->596M(787M) 55.586ms
[713.640s][info][gc,cpu         ] GC(2434) User=0.11s Sys=0.00s Real=0.05s
[713.795s][info][gc,start       ] GC(2435) Pause Young (Allocation Failure)
[713.842s][info][gc,heap        ] GC(2435) PSYoungGen: 138669K(138752K)->2976K(221184K) Eden: 114176K(114176K)->0K(120832K) From: 24493K(24576K)->2976K(100352K)
[713.842s][info][gc,heap        ] GC(2435) ParOldGen: 586289K(667648K)->610802K(667648K)
[713.842s][info][gc,metaspace   ] GC(2435) Metaspace: 19118K(19328K)->19118K(19328K) NonClass: 16453K(16576K)->16453K(16576K) Class: 2665K(2752K)->2665K(2752K)
[713.842s][info][gc             ] GC(2435) Pause Young (Allocation Failure) 707M->599M(868M) 47.269ms
[713.842s][info][gc,cpu         ] GC(2435) User=0.09s Sys=0.00s Real=0.05s
[714.010s][info][gc,start       ] GC(2436) Pause Full (Allocation Failure)
[714.010s][info][gc,phases,start] GC(2436) Marking Phase
[714.308s][info][gc,phases      ] GC(2436) Marking Phase 298.326ms
[714.308s][info][gc,phases,start] GC(2436) Summary Phase
[714.308s][info][gc,phases      ] GC(2436) Summary Phase 0.027ms
[714.308s][info][gc,phases,start] GC(2436) Forward
[714.421s][info][gc,phases      ] GC(2436) Forward 112.489ms
[714.421s][info][gc,phases,start] GC(2436) Adjust Pointers
[714.680s][info][gc,phases      ] GC(2436) Adjust Pointers 259.063ms
[714.680s][info][gc,phases,start] GC(2436) Compaction Phase
[714.814s][info][gc,phases      ] GC(2436) Compaction Phase 134.257ms
[714.830s][info][gc,phases,start] GC(2436) Post Compact
[714.832s][info][gc,phases      ] GC(2436) Post Compact 2.150ms
[714.832s][info][gc,heap        ] GC(2436) PSYoungGen: 123808K(221184K)->0K(218624K) Eden: 120832K(120832K)->0K(120832K) From: 2976K(100352K)->0K(97792K)
[714.832s][info][gc,heap        ] GC(2436) ParOldGen: 610802K(667648K)->459078K(667648K)
[714.832s][info][gc,metaspace   ] GC(2436) Metaspace: 19118K(19328K)->19118K(19328K) NonClass: 16453K(16576K)->16453K(16576K) Class: 2665K(2752K)->2665K(2752K)
[714.832s][info][gc             ] GC(2436) Pause Full (Allocation Failure) 717M->448M(865M) 822.267ms
[714.832s][info][gc,cpu         ] GC(2436) User=1.54s Sys=0.00s Real=0.82s
[715.005s][info][gc,start       ] GC(2437) Pause Young (Allocation Failure)
[715.006s][info][gc,heap        ] GC(2437) PSYoungGen: 120832K(218624K)->64K(223232K) Eden: 120832K(120832K)->0K(131584K) From: 0K(97792K)->64K(91648K)
[715.006s][info][gc,heap        ] GC(2437) ParOldGen: 459078K(667648K)->459078K(667648K)
[715.006s][info][gc,metaspace   ] GC(2437) Metaspace: 19118K(19328K)->19118K(19328K) NonClass: 16453K(16576K)->16453K(16576K) Class: 2665K(2752K)->2665K(2752K)
[715.006s][info][gc             ] GC(2437) Pause Young (Allocation Failure) 566M->448M(870M) 1.632ms
[715.006s][info][gc,cpu         ] GC(2437) User=0.00s Sys=0.00s Real=0.00s
[715.193s][info][gc,start       ] GC(2438) Pause Young (Allocation Failure)
[715.194s][info][gc,heap        ] GC(2438) PSYoungGen: 131648K(223232K)->64K(227328K) Eden: 131584K(131584K)->0K(131584K) From: 64K(91648K)->64K(95744K)
[715.194s][info][gc,heap        ] GC(2438) ParOldGen: 459078K(667648K)->459078K(667648K)
[715.194s][info][gc,metaspace   ] GC(2438) Metaspace: 19118K(19328K)->19118K(19328K) NonClass: 16453K(16576K)->16453K(16576K) Class: 2665K(2752K)->2665K(2752K)
[715.194s][info][gc             ] GC(2438) Pause Young (Allocation Failure) 576M->448M(874M) 1.618ms
[715.194s][info][gc,cpu         ] GC(2438) User=0.00s Sys=0.00s Real=0.00s
[715.376s][info][gc,start       ] GC(2439) Pause Young (Allocation Failure)
[715.378s][info][gc,heap        ] GC(2439) PSYoungGen: 131648K(227328K)->64K(224256K) Eden: 131584K(131584K)->0K(139776K) From: 64K(95744K)->64K(84480K)
[715.378s][info][gc,heap        ] GC(2439) ParOldGen: 459078K(667648K)->459078K(667648K)
[715.378s][info][gc,metaspace   ] GC(2439) Metaspace: 19118K(19328K)->19118K(19328K) NonClass: 16453K(16576K)->16453K(16576K) Class: 2665K(2752K)->2665K(2752K)
[715.378s][info][gc             ] GC(2439) Pause Young (Allocation Failure) 576M->448M(871M) 1.659ms
[715.378s][info][gc,cpu         ] GC(2439) User=0.01s Sys=0.00s Real=0.00s
[715.562s][info][gc,start       ] GC(2440) Pause Young (Allocation Failure)
[715.568s][info][gc,heap        ] GC(2440) PSYoungGen: 139840K(224256K)->4064K(229376K) Eden: 139776K(139776K)->0K(139776K) From: 64K(84480K)->4064K(89600K)
[715.568s][info][gc,heap        ] GC(2440) ParOldGen: 459078K(667648K)->459078K(667648K)
[715.568s][info][gc,metaspace   ] GC(2440) Metaspace: 19118K(19328K)->19118K(19328K) NonClass: 16453K(16576K)->16453K(16576K) Class: 2665K(2752K)->2665K(2752K)
[715.568s][info][gc             ] GC(2440) Pause Young (Allocation Failure) 584M->452M(876M) 6.415ms
[715.568s][info][gc,cpu         ] GC(2440) User=0.01s Sys=0.00s Real=0.00s
[715.703s][info][gc,start       ] GC(2441) Pause Young (Allocation Failure)
[715.728s][info][gc,heap        ] GC(2441) PSYoungGen: 143840K(229376K)->23840K(226816K) Eden: 139776K(139776K)->0K(148992K) From: 4064K(89600K)->23840K(77824K)
[715.728s][info][gc,heap        ] GC(2441) ParOldGen: 459078K(667648K)->459078K(667648K)
[715.728s][info][gc,metaspace   ] GC(2441) Metaspace: 19118K(19328K)->19118K(19328K) NonClass: 16453K(16576K)->16453K(16576K) Class: 2665K(2752K)->2665K(2752K)
[715.728s][info][gc             ] GC(2441) Pause Young (Allocation Failure) 588M->471M(873M) 25.352ms
[715.728s][info][gc,cpu         ] GC(2441) User=0.05s Sys=0.01s Real=0.02s
[715.856s][info][gc,start       ] GC(2442) Pause Young (Allocation Failure)
[715.887s][info][gc,heap        ] GC(2442) PSYoungGen: 172832K(226816K)->31072K(229888K) Eden: 148992K(148992K)->0K(148992K) From: 23840K(77824K)->31072K(80896K)
[715.887s][info][gc,heap        ] GC(2442) ParOldGen: 459078K(667648K)->459078K(667648K)
[715.887s][info][gc,metaspace   ] GC(2442) Metaspace: 19118K(19328K)->19118K(19328K) NonClass: 16453K(16576K)->16453K(16576K) Class: 2665K(2752K)->2665K(2752K)
[715.887s][info][gc             ] GC(2442) Pause Young (Allocation Failure) 617M->478M(876M) 31.189ms
[715.887s][info][gc,cpu         ] GC(2442) User=0.06s Sys=0.00s Real=0.03s
[716.030s][info][gc,start       ] GC(2443) Pause Young (Allocation Failure)
[716.062s][info][gc,heap        ] GC(2443) PSYoungGen: 180064K(229888K)->32832K(238080K) Eden: 148992K(148992K)->0K(160768K) From: 31072K(80896K)->32832K(77312K)
[716.062s][info][gc,heap        ] GC(2443) ParOldGen: 459078K(667648K)->459078K(667648K)
[716.062s][info][gc,metaspace   ] GC(2443) Metaspace: 19118K(19328K)->19118K(19328K) NonClass: 16453K(16576K)->16453K(16576K) Class: 2665K(2752K)->2665K(2752K)
[716.062s][info][gc             ] GC(2443) Pause Young (Allocation Failure) 624M->480M(884M) 32.297ms
[716.062s][info][gc,cpu         ] GC(2443) User=0.07s Sys=0.00s Real=0.04s
[716.238s][info][gc,start       ] GC(2444) Pause Young (Allocation Failure)
[716.276s][info][gc,heap        ] GC(2444) PSYoungGen: 193600K(238080K)->38976K(238592K) Eden: 160768K(160768K)->0K(160768K) From: 32832K(77312K)->38976K(77824K)
[716.276s][info][gc,heap        ] GC(2444) ParOldGen: 459078K(667648K)->459078K(667648K)
[716.276s][info][gc,metaspace   ] GC(2444) Metaspace: 19118K(19328K)->19118K(19328K) NonClass: 16453K(16576K)->16453K(16576K) Class: 2665K(2752K)->2665K(2752K)
[716.276s][info][gc             ] GC(2444) Pause Young (Allocation Failure) 637M->486M(885M) 38.083ms
[716.276s][info][gc,cpu         ] GC(2444) User=0.07s Sys=0.00s Real=0.04s
[716.572s][info][gc,start       ] GC(2445) Pause Young (Allocation Failure)
[716.613s][info][gc,heap        ] GC(2445) PSYoungGen: 199744K(238592K)->40960K(251904K) Eden: 160768K(160768K)->0K(173056K) From: 38976K(77824K)->40960K(78848K)
[716.613s][info][gc,heap        ] GC(2445) ParOldGen: 459078K(667648K)->459078K(667648K)
[716.613s][info][gc,metaspace   ] GC(2445) Metaspace: 19118K(19328K)->19118K(19328K) NonClass: 16453K(16576K)->16453K(16576K) Class: 2665K(2752K)->2665K(2752K)
[716.613s][info][gc             ] GC(2445) Pause Young (Allocation Failure) 643M->488M(898M) 40.250ms
[716.613s][info][gc,cpu         ] GC(2445) User=0.08s Sys=0.00s Real=0.04s
[716.960s][info][gc,start       ] GC(2446) Pause Young (Allocation Failure)
[717.007s][info][gc,heap        ] GC(2446) PSYoungGen: 214016K(251904K)->41120K(252928K) Eden: 173056K(173056K)->0K(173056K) From: 40960K(78848K)->41120K(79872K)
[717.007s][info][gc,heap        ] GC(2446) ParOldGen: 459078K(667648K)->459078K(667648K)
[717.007s][info][gc,metaspace   ] GC(2446) Metaspace: 19118K(19328K)->19118K(19328K) NonClass: 16453K(16576K)->16453K(16576K) Class: 2665K(2752K)->2665K(2752K)
[717.007s][info][gc             ] GC(2446) Pause Young (Allocation Failure) 657M->488M(899M) 47.141ms
[717.007s][info][gc,cpu         ] GC(2446) User=0.10s Sys=0.00s Real=0.05s
[717.321s][info][gc,start       ] GC(2447) Pause Young (Allocation Failure)
[717.367s][info][gc,heap        ] GC(2447) PSYoungGen: 214176K(252928K)->41088K(253440K) Eden: 173056K(173056K)->0K(173056K) From: 41120K(79872K)->41088K(80384K)
[717.367s][info][gc,heap        ] GC(2447) ParOldGen: 459078K(667648K)->459078K(667648K)
[717.367s][info][gc,metaspace   ] GC(2447) Metaspace: 19118K(19328K)->19118K(19328K) NonClass: 16453K(16576K)->16453K(16576K) Class: 2665K(2752K)->2665K(2752K)
[717.367s][info][gc             ] GC(2447) Pause Young (Allocation Failure) 657M->488M(899M) 45.470ms
[717.367s][info][gc,cpu         ] GC(2447) User=0.09s Sys=0.00s Real=0.04s
[717.650s][info][gc,start       ] GC(2448) Pause Young (Allocation Failure)
[717.702s][info][gc,heap        ] GC(2448) PSYoungGen: 214144K(253440K)->54144K(227328K) Eden: 173056K(173056K)->0K(173056K) From: 41088K(80384K)->54144K(54272K)
[717.702s][info][gc,heap        ] GC(2448) ParOldGen: 459078K(667648K)->459078K(667648K)
[717.702s][info][gc,metaspace   ] GC(2448) Metaspace: 19118K(19328K)->19118K(19328K) NonClass: 16453K(16576K)->16453K(16576K) Class: 2665K(2752K)->2665K(2752K)
[717.702s][info][gc             ] GC(2448) Pause Young (Allocation Failure) 657M->501M(874M) 51.419ms
[717.702s][info][gc,cpu         ] GC(2448) User=0.11s Sys=0.00s Real=0.05s
[717.916s][info][gc,start       ] GC(2449) Pause Young (Allocation Failure)
[717.973s][info][gc,heap        ] GC(2449) PSYoungGen: 227200K(227328K)->61472K(237056K) Eden: 173056K(173056K)->0K(152576K) From: 54144K(54272K)->61472K(84480K)
[717.973s][info][gc,heap        ] GC(2449) ParOldGen: 459078K(667648K)->459078K(667648K)
[717.973s][info][gc,metaspace   ] GC(2449) Metaspace: 19118K(19328K)->19118K(19328K) NonClass: 16453K(16576K)->16453K(16576K) Class: 2665K(2752K)->2665K(2752K)
[717.973s][info][gc             ] GC(2449) Pause Young (Allocation Failure) 670M->508M(883M) 57.666ms
[717.973s][info][gc,cpu         ] GC(2449) User=0.11s Sys=0.00s Real=0.06s
[718.094s][info][gc,start       ] GC(2450) Pause Young (Allocation Failure)
[718.185s][info][gc,heap        ] GC(2450) PSYoungGen: 214048K(237056K)->90592K(243200K) Eden: 152576K(152576K)->0K(152576K) From: 61472K(84480K)->90592K(90624K)
[718.185s][info][gc,heap        ] GC(2450) ParOldGen: 459078K(667648K)->476446K(667648K)
[718.185s][info][gc,metaspace   ] GC(2450) Metaspace: 19118K(19328K)->19118K(19328K) NonClass: 16453K(16576K)->16453K(16576K) Class: 2665K(2752K)->2665K(2752K)
[718.185s][info][gc             ] GC(2450) Pause Young (Allocation Failure) 657M->553M(889M) 90.436ms
[718.185s][info][gc,cpu         ] GC(2450) User=0.18s Sys=0.00s Real=0.09s
[718.435s][info][gc,start       ] GC(2451) Pause Young (Allocation Failure)
[718.549s][info][gc,heap        ] GC(2451) PSYoungGen: 243168K(243200K)->90608K(202240K) Eden: 152576K(152576K)->0K(111616K) From: 90592K(90624K)->90608K(90624K)
[718.549s][info][gc,heap        ] GC(2451) ParOldGen: 476446K(667648K)->489678K(667648K)
[718.549s][info][gc,metaspace   ] GC(2451) Metaspace: 19118K(19328K)->19118K(19328K) NonClass: 16453K(16576K)->16453K(16576K) Class: 2665K(2752K)->2665K(2752K)
[718.549s][info][gc             ] GC(2451) Pause Young (Allocation Failure) 702M->566M(849M) 113.457ms
[718.549s][info][gc,cpu         ] GC(2451) User=0.21s Sys=0.02s Real=0.11s
[718.707s][info][gc,start       ] GC(2452) Pause Young (Allocation Failure)
[718.793s][info][gc,heap        ] GC(2452) PSYoungGen: 202224K(202240K)->87248K(222720K) Eden: 111616K(111616K)->0K(111616K) From: 90608K(90624K)->87248K(111104K)
[718.793s][info][gc,heap        ] GC(2452) ParOldGen: 489678K(667648K)->493094K(667648K)
[718.793s][info][gc,metaspace   ] GC(2452) Metaspace: 19118K(19328K)->19118K(19328K) NonClass: 16453K(16576K)->16453K(16576K) Class: 2665K(2752K)->2665K(2752K)
[718.793s][info][gc             ] GC(2452) Pause Young (Allocation Failure) 675M->566M(869M) 86.119ms
[718.793s][info][gc,cpu         ] GC(2452) User=0.17s Sys=0.00s Real=0.09s
[718.951s][info][gc,start       ] GC(2453) Pause Young (Allocation Failure)
[719.038s][info][gc,heap        ] GC(2453) PSYoungGen: 198864K(222720K)->67248K(222720K) Eden: 111616K(111616K)->0K(111616K) From: 87248K(111104K)->67248K(111104K)
[719.038s][info][gc,heap        ] GC(2453) ParOldGen: 493094K(667648K)->513166K(667648K)
[719.038s][info][gc,metaspace   ] GC(2453) Metaspace: 19118K(19328K)->19118K(19328K) NonClass: 16453K(16576K)->16453K(16576K) Class: 2665K(2752K)->2665K(2752K)
[719.038s][info][gc             ] GC(2453) Pause Young (Allocation Failure) 675M->566M(869M) 87.286ms
[719.038s][info][gc,cpu         ] GC(2453) User=0.17s Sys=0.00s Real=0.08s
[719.197s][info][gc,start       ] GC(2454) Pause Young (Allocation Failure)
[719.270s][info][gc,heap        ] GC(2454) PSYoungGen: 178864K(222720K)->60816K(222720K) Eden: 111616K(111616K)->0K(111616K) From: 67248K(111104K)->60816K(111104K)
[719.270s][info][gc,heap        ] GC(2454) ParOldGen: 513166K(667648K)->519598K(667648K)
[719.270s][info][gc,metaspace   ] GC(2454) Metaspace: 19118K(19328K)->19118K(19328K) NonClass: 16453K(16576K)->16453K(16576K) Class: 2665K(2752K)->2665K(2752K)
[719.270s][info][gc             ] GC(2454) Pause Young (Allocation Failure) 675M->566M(869M) 73.276ms
[719.270s][info][gc,cpu         ] GC(2454) User=0.15s Sys=0.00s Real=0.08s
[719.424s][info][gc,start       ] GC(2455) Pause Young (Allocation Failure)
[719.486s][info][gc,heap        ] GC(2455) PSYoungGen: 172432K(222720K)->59376K(222720K) Eden: 111616K(111616K)->0K(111616K) From: 60816K(111104K)->59376K(111104K)
[719.486s][info][gc,heap        ] GC(2455) ParOldGen: 519598K(667648K)->521036K(667648K)
[719.486s][info][gc,metaspace   ] GC(2455) Metaspace: 19118K(19328K)->19118K(19328K) NonClass: 16453K(16576K)->16453K(16576K) Class: 2665K(2752K)->2665K(2752K)
[719.486s][info][gc             ] GC(2455) Pause Young (Allocation Failure) 675M->566M(869M) 62.317ms
[719.486s][info][gc,cpu         ] GC(2455) User=0.13s Sys=0.00s Real=0.06s
[719.641s][info][gc,start       ] GC(2456) Pause Young (Allocation Failure)
[719.700s][info][gc,heap        ] GC(2456) PSYoungGen: 170992K(222720K)->49616K(222720K) Eden: 111616K(111616K)->0K(111616K) From: 59376K(111104K)->49616K(111104K)
[719.700s][info][gc,heap        ] GC(2456) ParOldGen: 521036K(667648K)->530860K(667648K)
[719.700s][info][gc,metaspace   ] GC(2456) Metaspace: 19118K(19328K)->19118K(19328K) NonClass: 16453K(16576K)->16453K(16576K) Class: 2665K(2752K)->2665K(2752K)
[719.700s][info][gc             ] GC(2456) Pause Young (Allocation Failure) 675M->566M(869M) 59.145ms
[719.700s][info][gc,cpu         ] GC(2456) User=0.11s Sys=0.00s Real=0.06s
[719.855s][info][gc,start       ] GC(2457) Pause Young (Allocation Failure)
[719.904s][info][gc,heap        ] GC(2457) PSYoungGen: 161232K(222720K)->13088K(222720K) Eden: 111616K(111616K)->0K(111616K) From: 49616K(111104K)->13088K(111104K)
[719.904s][info][gc,heap        ] GC(2457) ParOldGen: 530860K(667648K)->567719K(667648K)
[719.904s][info][gc,metaspace   ] GC(2457) Metaspace: 19118K(19328K)->19118K(19328K) NonClass: 16453K(16576K)->16453K(16576K) Class: 2665K(2752K)->2665K(2752K)
[719.904s][info][gc             ] GC(2457) Pause Young (Allocation Failure) 675M->567M(869M) 49.207ms
[719.904s][info][gc,cpu         ] GC(2457) User=0.10s Sys=0.00s Real=0.05s
[720.063s][info][gc,start       ] GC(2458) Pause Young (Allocation Failure)
[720.086s][info][gc,heap        ] GC(2458) PSYoungGen: 124704K(222720K)->32K(222720K) Eden: 111616K(111616K)->0K(111616K) From: 13088K(111104K)->32K(111104K)
[720.086s][info][gc,heap        ] GC(2458) ParOldGen: 567719K(667648K)->580831K(667648K)
[720.086s][info][gc,metaspace   ] GC(2458) Metaspace: 19118K(19328K)->19118K(19328K) NonClass: 16453K(16576K)->16453K(16576K) Class: 2665K(2752K)->2665K(2752K)
[720.086s][info][gc             ] GC(2458) Pause Young (Allocation Failure) 676M->567M(869M) 22.911ms
[720.086s][info][gc,cpu         ] GC(2458) User=0.05s Sys=0.00s Real=0.02s
[720.245s][info][gc,start       ] GC(2459) Pause Young (Allocation Failure)
[720.246s][info][gc,heap        ] GC(2459) PSYoungGen: 111648K(222720K)->64K(222720K) Eden: 111616K(111616K)->0K(111616K) From: 32K(111104K)->64K(111104K)
[720.247s][info][gc,heap        ] GC(2459) ParOldGen: 580831K(667648K)->580831K(667648K)
[720.247s][info][gc,metaspace   ] GC(2459) Metaspace: 19118K(19328K)->19118K(19328K) NonClass: 16453K(16576K)->16453K(16576K) Class: 2665K(2752K)->2665K(2752K)
[720.247s][info][gc             ] GC(2459) Pause Young (Allocation Failure) 676M->567M(869M) 1.861ms
[720.247s][info][gc,cpu         ] GC(2459) User=0.01s Sys=0.00s Real=0.00s
[720.358s][info][gc,start       ] GC(2460) Pause Young (Allocation Failure)
[720.377s][info][gc,heap        ] GC(2460) PSYoungGen: 111680K(222720K)->16032K(222720K) Eden: 111616K(111616K)->0K(111616K) From: 64K(111104K)->16032K(111104K)
[720.377s][info][gc,heap        ] GC(2460) ParOldGen: 580831K(667648K)->580831K(667648K)
[720.378s][info][gc,metaspace   ] GC(2460) Metaspace: 19118K(19328K)->19118K(19328K) NonClass: 16453K(16576K)->16453K(16576K) Class: 2665K(2752K)->2665K(2752K)
[720.378s][info][gc             ] GC(2460) Pause Young (Allocation Failure) 676M->582M(869M) 19.418ms
[720.378s][info][gc,cpu         ] GC(2460) User=0.04s Sys=0.00s Real=0.02s
[720.480s][info][gc,start       ] GC(2461) Pause Young (Allocation Failure)
[720.507s][info][gc,heap        ] GC(2461) PSYoungGen: 127648K(222720K)->25536K(219648K) Eden: 111616K(111616K)->0K(111616K) From: 16032K(111104K)->25536K(108032K)
[720.507s][info][gc,heap        ] GC(2461) ParOldGen: 580831K(667648K)->580831K(667648K)
[720.507s][info][gc,metaspace   ] GC(2461) Metaspace: 19118K(19328K)->19118K(19328K) NonClass: 16453K(16576K)->16453K(16576K) Class: 2665K(2752K)->2665K(2752K)
[720.507s][info][gc             ] GC(2461) Pause Young (Allocation Failure) 691M->592M(866M) 27.155ms
[720.507s][info][gc,cpu         ] GC(2461) User=0.05s Sys=0.00s Real=0.02s
[720.607s][info][gc,start       ] GC(2462) Pause Young (Allocation Failure)
[720.635s][info][gc,heap        ] GC(2462) PSYoungGen: 137152K(219648K)->26720K(138752K) Eden: 111616K(111616K)->0K(111616K) From: 25536K(108032K)->26720K(27136K)
[720.635s][info][gc,heap        ] GC(2462) ParOldGen: 580831K(667648K)->580831K(667648K)
[720.635s][info][gc,metaspace   ] GC(2462) Metaspace: 19118K(19328K)->19118K(19328K) NonClass: 16453K(16576K)->16453K(16576K) Class: 2665K(2752K)->2665K(2752K)
[720.635s][info][gc             ] GC(2462) Pause Young (Allocation Failure) 701M->593M(787M) 27.796ms
[720.635s][info][gc,cpu         ] GC(2462) User=0.05s Sys=0.00s Real=0.03s
[720.737s][info][gc,start       ] GC(2463) Pause Young (Allocation Failure)
[720.767s][info][gc,heap        ] GC(2463) PSYoungGen: 138336K(138752K)->29568K(220672K) Eden: 111616K(111616K)->0K(121856K) From: 26720K(27136K)->29568K(98816K)
[720.767s][info][gc,heap        ] GC(2463) ParOldGen: 580831K(667648K)->580831K(667648K)
[720.767s][info][gc,metaspace   ] GC(2463) Metaspace: 19118K(19328K)->19118K(19328K) NonClass: 16453K(16576K)->16453K(16576K) Class: 2665K(2752K)->2665K(2752K)
[720.767s][info][gc             ] GC(2463) Pause Young (Allocation Failure) 702M->596M(867M) 30.347ms
[720.767s][info][gc,cpu         ] GC(2463) User=0.06s Sys=0.00s Real=0.03s
[720.849s][info][gc,start       ] GC(2464) Pause Young (Allocation Failure)
[720.899s][info][gc,heap        ] GC(2464) PSYoungGen: 151424K(220672K)->47808K(220160K) Eden: 121856K(121856K)->0K(121856K) From: 29568K(98816K)->47808K(98304K)
[720.899s][info][gc,heap        ] GC(2464) ParOldGen: 580831K(667648K)->580831K(667648K)
[720.899s][info][gc,metaspace   ] GC(2464) Metaspace: 19118K(19328K)->19118K(19328K) NonClass: 16453K(16576K)->16453K(16576K) Class: 2665K(2752K)->2665K(2752K)
[720.899s][info][gc             ] GC(2464) Pause Young (Allocation Failure) 715M->613M(867M) 50.283ms
[720.899s][info][gc,cpu         ] GC(2464) User=0.10s Sys=0.00s Real=0.05s
[721.002s][info][gc,start       ] GC(2465) Pause Young (Allocation Failure)
[721.067s][info][gc,heap        ] GC(2465) PSYoungGen: 169664K(220160K)->66464K(226304K) Eden: 121856K(121856K)->0K(129536K) From: 47808K(98304K)->66464K(96768K)
[721.067s][info][gc,heap        ] GC(2465) ParOldGen: 580831K(667648K)->580831K(667648K)
[721.067s][info][gc,metaspace   ] GC(2465) Metaspace: 19118K(19328K)->19118K(19328K) NonClass: 16453K(16576K)->16453K(16576K) Class: 2665K(2752K)->2665K(2752K)
[721.067s][info][gc             ] GC(2465) Pause Young (Allocation Failure) 732M->632M(873M) 64.785ms
[721.067s][info][gc,cpu         ] GC(2465) User=0.13s Sys=0.00s Real=0.06s
[721.181s][info][gc,start       ] GC(2466) Pause Young (Allocation Failure)
[721.263s][info][gc,heap        ] GC(2466) PSYoungGen: 196000K(226304K)->57632K(231424K) Eden: 129536K(129536K)->0K(129536K) From: 66464K(96768K)->57632K(101888K)
[721.263s][info][gc,heap        ] GC(2466) ParOldGen: 580831K(667648K)->606375K(667648K)
[721.263s][info][gc,metaspace   ] GC(2466) Metaspace: 19118K(19328K)->19118K(19328K) NonClass: 16453K(16576K)->16453K(16576K) Class: 2665K(2752K)->2665K(2752K)
[721.264s][info][gc             ] GC(2466) Pause Young (Allocation Failure) 758M->648M(878M) 82.532ms
[721.264s][info][gc,cpu         ] GC(2466) User=0.16s Sys=0.00s Real=0.08s
[721.454s][info][gc,start       ] GC(2467) Pause Young (Allocation Failure)
[721.543s][info][gc,heap        ] GC(2467) PSYoungGen: 187168K(231424K)->81600K(214016K) Eden: 129536K(129536K)->0K(111616K) From: 57632K(101888K)->81600K(102400K)
[721.543s][info][gc,heap        ] GC(2467) ParOldGen: 606375K(667648K)->610447K(667648K)
[721.543s][info][gc,metaspace   ] GC(2467) Metaspace: 19118K(19328K)->19118K(19328K) NonClass: 16453K(16576K)->16453K(16576K) Class: 2665K(2752K)->2665K(2752K)
[721.543s][info][gc             ] GC(2467) Pause Young (Allocation Failure) 774M->675M(861M) 89.026ms
[721.543s][info][gc,cpu         ] GC(2467) User=0.18s Sys=0.00s Real=0.09s
[721.622s][info][gc,start       ] GC(2468) Pause Young (Allocation Failure)
[721.708s][info][gc,heap        ] GC(2468) PSYoungGen: 193216K(214016K)->48704K(222720K) Eden: 111616K(111616K)->0K(111616K) From: 81600K(102400K)->48704K(111104K)
[721.708s][info][gc,heap        ] GC(2468) ParOldGen: 610447K(667648K)->647427K(667648K)
[721.708s][info][gc,metaspace   ] GC(2468) Metaspace: 19118K(19328K)->19118K(19328K) NonClass: 16453K(16576K)->16453K(16576K) Class: 2665K(2752K)->2665K(2752K)
[721.708s][info][gc             ] GC(2468) Pause Young (Allocation Failure) 784M->679M(869M) 85.737ms
[721.708s][info][gc,cpu         ] GC(2468) User=0.17s Sys=0.00s Real=0.08s
[721.827s][info][gc,start       ] GC(2469) Pause Full (Allocation Failure)
[721.827s][info][gc,phases,start] GC(2469) Marking Phase
[722.232s][info][gc,phases      ] GC(2469) Marking Phase 404.559ms
[722.232s][info][gc,phases,start] GC(2469) Summary Phase
[722.232s][info][gc,phases      ] GC(2469) Summary Phase 0.028ms
[722.232s][info][gc,phases,start] GC(2469) Forward
[722.316s][info][gc,phases      ] GC(2469) Forward 84.212ms
[722.316s][info][gc,phases,start] GC(2469) Adjust Pointers
[722.622s][info][gc,phases      ] GC(2469) Adjust Pointers 305.773ms
[722.622s][info][gc,phases,start] GC(2469) Compaction Phase
[722.788s][info][gc,phases      ] GC(2469) Compaction Phase 166.227ms
[722.795s][info][gc,phases,start] GC(2469) Post Compact
[722.798s][info][gc,phases      ] GC(2469) Post Compact 2.290ms
[722.798s][info][gc,heap        ] GC(2469) PSYoungGen: 160320K(222720K)->0K(219136K) Eden: 111616K(111616K)->0K(116736K) From: 48704K(111104K)->0K(102400K)
[722.798s][info][gc,heap        ] GC(2469) ParOldGen: 647427K(667648K)->570161K(667648K)
[722.798s][info][gc,metaspace   ] GC(2469) Metaspace: 19118K(19328K)->19118K(19328K) NonClass: 16453K(16576K)->16453K(16576K) Class: 2665K(2752K)->2665K(2752K)
[722.798s][info][gc             ] GC(2469) Pause Full (Allocation Failure) 788M->556M(866M) 970.784ms
[722.798s][info][gc,cpu         ] GC(2469) User=1.87s Sys=0.00s Real=0.97s
[722.926s][info][gc,start       ] GC(2470) Pause Young (Allocation Failure)
[722.935s][info][gc,heap        ] GC(2470) PSYoungGen: 116736K(219136K)->1248K(222720K) Eden: 116736K(116736K)->0K(116736K) From: 0K(102400K)->1248K(105984K)
[722.935s][info][gc,heap        ] GC(2470) ParOldGen: 570161K(667648K)->570161K(667648K)
[722.935s][info][gc,metaspace   ] GC(2470) Metaspace: 19118K(19328K)->19118K(19328K) NonClass: 16453K(16576K)->16453K(16576K) Class: 2665K(2752K)->2665K(2752K)
[722.935s][info][gc             ] GC(2470) Pause Young (Allocation Failure) 670M->558M(869M) 9.088ms
[722.935s][info][gc,cpu         ] GC(2470) User=0.01s Sys=0.00s Real=0.01s
[723.051s][info][gc,start       ] GC(2471) Pause Young (Allocation Failure)
[723.062s][info][gc,heap        ] GC(2471) PSYoungGen: 117984K(222720K)->1536K(226304K) Eden: 116736K(116736K)->0K(118784K) From: 1248K(105984K)->1536K(107520K)
[723.062s][info][gc,heap        ] GC(2471) ParOldGen: 570161K(667648K)->571385K(667648K)
[723.062s][info][gc,metaspace   ] GC(2471) Metaspace: 19118K(19328K)->19118K(19328K) NonClass: 16453K(16576K)->16453K(16576K) Class: 2665K(2752K)->2665K(2752K)
[723.062s][info][gc             ] GC(2471) Pause Young (Allocation Failure) 672M->559M(873M) 11.516ms
[723.062s][info][gc,cpu         ] GC(2471) User=0.03s Sys=0.00s Real=0.01s
[723.192s][info][gc,start       ] GC(2472) Pause Young (Allocation Failure)
[723.198s][info][gc,heap        ] GC(2472) PSYoungGen: 120320K(226304K)->1792K(120832K) Eden: 118784K(118784K)->0K(118784K) From: 1536K(107520K)->1792K(2048K)
[723.198s][info][gc,heap        ] GC(2472) ParOldGen: 571385K(667648K)->572897K(667648K)
[723.198s][info][gc,metaspace   ] GC(2472) Metaspace: 19118K(19328K)->19118K(19328K) NonClass: 16453K(16576K)->16453K(16576K) Class: 2665K(2752K)->2665K(2752K)
[723.198s][info][gc             ] GC(2472) Pause Young (Allocation Failure) 675M->561M(770M) 6.571ms
[723.198s][info][gc,cpu         ] GC(2472) User=0.02s Sys=0.00s Real=0.00s
[723.359s][info][gc,start       ] GC(2473) Pause Young (Allocation Failure)
[723.364s][info][gc,heap        ] GC(2473) PSYoungGen: 120576K(120832K)->256K(226816K) Eden: 118784K(118784K)->0K(120320K) From: 1792K(2048K)->256K(106496K)
[723.364s][info][gc,heap        ] GC(2473) ParOldGen: 572897K(667648K)->574657K(667648K)
[723.364s][info][gc,metaspace   ] GC(2473) Metaspace: 19118K(19328K)->19118K(19328K) NonClass: 16453K(16576K)->16453K(16576K) Class: 2665K(2752K)->2665K(2752K)
[723.364s][info][gc             ] GC(2473) Pause Young (Allocation Failure) 677M->561M(873M) 4.768ms
[723.364s][info][gc,cpu         ] GC(2473) User=0.01s Sys=0.00s Real=0.01s
[723.507s][info][gc,start       ] GC(2474) Pause Young (Allocation Failure)
[723.535s][info][gc,heap        ] GC(2474) PSYoungGen: 120576K(226816K)->26864K(147456K) Eden: 120320K(120320K)->0K(120320K) From: 256K(106496K)->26864K(27136K)
[723.535s][info][gc,heap        ] GC(2474) ParOldGen: 574657K(667648K)->574657K(667648K)
[723.535s][info][gc,metaspace   ] GC(2474) Metaspace: 19118K(19328K)->19118K(19328K) NonClass: 16453K(16576K)->16453K(16576K) Class: 2665K(2752K)->2665K(2752K)
[723.535s][info][gc             ] GC(2474) Pause Young (Allocation Failure) 678M->587M(796M) 27.680ms
[723.535s][info][gc,cpu         ] GC(2474) User=0.05s Sys=0.00s Real=0.03s
[723.607s][info][gc,start       ] GC(2475) Pause Young (Allocation Failure)
[723.667s][info][gc,heap        ] GC(2475) PSYoungGen: 147184K(147456K)->72832K(211968K) Eden: 120320K(120320K)->0K(113664K) From: 26864K(27136K)->72832K(98304K)
[723.667s][info][gc,heap        ] GC(2475) ParOldGen: 574657K(667648K)->574657K(667648K)
[723.667s][info][gc,metaspace   ] GC(2475) Metaspace: 19123K(19328K)->19123K(19328K) NonClass: 16458K(16576K)->16458K(16576K) Class: 2665K(2752K)->2665K(2752K)
[723.667s][info][gc             ] GC(2475) Pause Young (Allocation Failure) 704M->632M(859M) 59.731ms
[723.667s][info][gc,cpu         ] GC(2475) User=0.12s Sys=0.00s Real=0.06s
[723.834s][info][gc,start       ] GC(2476) Pause Young (Allocation Failure)
[723.904s][info][gc,heap        ] GC(2476) PSYoungGen: 186496K(211968K)->67000K(220672K) Eden: 113664K(113664K)->0K(113664K) From: 72832K(98304K)->67000K(107008K)
[723.904s][info][gc,heap        ] GC(2476) ParOldGen: 574657K(667648K)->601564K(667648K)
[723.904s][info][gc,metaspace   ] GC(2476) Metaspace: 19123K(19328K)->19123K(19328K) NonClass: 16458K(16576K)->16458K(16576K) Class: 2665K(2752K)->2665K(2752K)
[723.904s][info][gc             ] GC(2476) Pause Young (Allocation Failure) 743M->652M(867M) 70.657ms
[723.904s][info][gc,cpu         ] GC(2476) User=0.14s Sys=0.00s Real=0.07s
[723.994s][info][gc,start       ] GC(2477) Pause Young (Allocation Failure)
[724.048s][info][gc,promotion   ] GC(2477) Promotion failed
[724.049s][info][gc,heap        ] GC(2477) PSYoungGen: 180664K(220672K)->180664K(220672K) Eden: 113664K(113664K)->113664K(113664K) From: 67000K(107008K)->67000K(107008K)
[724.049s][info][gc,heap        ] GC(2477) ParOldGen: 601564K(667648K)->667644K(667648K)
[724.049s][info][gc,metaspace   ] GC(2477) Metaspace: 19123K(19328K)->19123K(19328K) NonClass: 16458K(16576K)->16458K(16576K) Class: 2665K(2752K)->2665K(2752K)
[724.049s][info][gc             ] GC(2477) Pause Young (Allocation Failure) 763M->828M(867M) 54.902ms
[724.049s][info][gc,cpu         ] GC(2477) User=0.10s Sys=0.01s Real=0.05s
[724.049s][info][gc,start       ] GC(2478) Pause Full (Allocation Failure)
[724.049s][info][gc,phases,start] GC(2478) Marking Phase
[724.523s][info][gc,phases      ] GC(2478) Marking Phase 473.926ms
[724.523s][info][gc,phases,start] GC(2478) Summary Phase
[724.523s][info][gc,phases      ] GC(2478) Summary Phase 0.026ms
[724.523s][info][gc,phases,start] GC(2478) Forward
[724.565s][info][gc,phases      ] GC(2478) Forward 42.463ms
[724.565s][info][gc,phases,start] GC(2478) Adjust Pointers
[724.890s][info][gc,phases      ] GC(2478) Adjust Pointers 324.826ms
[724.890s][info][gc,phases,start] GC(2478) Compaction Phase
[725.045s][info][gc,phases      ] GC(2478) Compaction Phase 154.786ms
[725.045s][info][gc,phases,start] GC(2478) Post Compact
[725.047s][info][gc,phases      ] GC(2478) Post Compact 2.380ms
[725.047s][info][gc,heap        ] GC(2478) PSYoungGen: 180664K(220672K)->7790K(220672K) Eden: 113664K(113664K)->0K(113664K) From: 67000K(107008K)->7790K(107008K)
[725.047s][info][gc,heap        ] GC(2478) ParOldGen: 667644K(667648K)->667346K(667648K)
[725.047s][info][gc,metaspace   ] GC(2478) Metaspace: 19123K(19328K)->19123K(19328K) NonClass: 16458K(16576K)->16458K(16576K) Class: 2665K(2752K)->2665K(2752K)
[725.047s][info][gc             ] GC(2478) Pause Full (Allocation Failure) 828M->659M(867M) 998.805ms
[725.047s][info][gc,cpu         ] GC(2478) User=1.94s Sys=0.00s Real=1.00s
[725.153s][info][gc,start       ] GC(2479) Pause Full (Allocation Failure)
[725.153s][info][gc,phases,start] GC(2479) Marking Phase
[725.620s][info][gc,phases      ] GC(2479) Marking Phase 467.452ms
[725.620s][info][gc,phases,start] GC(2479) Summary Phase
[725.620s][info][gc,phases      ] GC(2479) Summary Phase 0.025ms
[725.620s][info][gc,phases,start] GC(2479) Forward
[725.624s][info][gc,phases      ] GC(2479) Forward 3.542ms
[725.624s][info][gc,phases,start] GC(2479) Adjust Pointers
[725.940s][info][gc,phases      ] GC(2479) Adjust Pointers 316.760ms
[725.941s][info][gc,phases,start] GC(2479) Compaction Phase
[726.081s][info][gc,phases      ] GC(2479) Compaction Phase 140.169ms
[726.081s][info][gc,phases,start] GC(2479) Post Compact
[726.083s][info][gc,phases      ] GC(2479) Post Compact 2.262ms
[726.083s][info][gc,heap        ] GC(2479) PSYoungGen: 121454K(220672K)->9300K(224768K) Eden: 113664K(113664K)->9300K(113664K) From: 7790K(107008K)->0K(111104K)
[726.083s][info][gc,heap        ] GC(2479) ParOldGen: 667346K(667648K)->667638K(667648K)
[726.083s][info][gc,metaspace   ] GC(2479) Metaspace: 19123K(19328K)->19123K(19328K) NonClass: 16458K(16576K)->16458K(16576K) Class: 2665K(2752K)->2665K(2752K)
[726.083s][info][gc             ] GC(2479) Pause Full (Allocation Failure) 770M->661M(871M) 930.589ms
[726.083s][info][gc,cpu         ] GC(2479) User=1.82s Sys=0.00s Real=0.93s
[726.226s][info][gc,start       ] GC(2480) Pause Full (Allocation Failure)
[726.226s][info][gc,phases,start] GC(2480) Marking Phase
[726.699s][info][gc,phases      ] GC(2480) Marking Phase 472.612ms
[726.699s][info][gc,phases,start] GC(2480) Summary Phase
[726.699s][info][gc,phases      ] GC(2480) Summary Phase 0.027ms
[726.699s][info][gc,phases,start] GC(2480) Forward
[726.704s][info][gc,phases      ] GC(2480) Forward 5.743ms
[726.704s][info][gc,phases,start] GC(2480) Adjust Pointers
[727.022s][info][gc,phases      ] GC(2480) Adjust Pointers 317.426ms
[727.022s][info][gc,phases,start] GC(2480) Compaction Phase
[727.166s][info][gc,phases      ] GC(2480) Compaction Phase 144.068ms
[727.166s][info][gc,phases,start] GC(2480) Post Compact
[727.168s][info][gc,phases      ] GC(2480) Post Compact 2.211ms
[727.168s][info][gc,heap        ] GC(2480) PSYoungGen: 113664K(224768K)->9590K(220672K) Eden: 113664K(113664K)->9590K(113664K) From: 0K(111104K)->0K(107008K)
[727.168s][info][gc,heap        ] GC(2480) ParOldGen: 667638K(667648K)->667638K(667648K)
[727.168s][info][gc,metaspace   ] GC(2480) Metaspace: 19126K(19328K)->19126K(19328K) NonClass: 16461K(16576K)->16461K(16576K) Class: 2665K(2752K)->2665K(2752K)
[727.168s][info][gc             ] GC(2480) Pause Full (Allocation Failure) 762M->661M(867M) 942.525ms
[727.168s][info][gc,cpu         ] GC(2480) User=1.84s Sys=0.00s Real=0.94s
[727.324s][info][gc,start       ] GC(2481) Pause Full (Allocation Failure)
[727.324s][info][gc,phases,start] GC(2481) Marking Phase
[727.796s][info][gc,phases      ] GC(2481) Marking Phase 471.839ms
[727.796s][info][gc,phases,start] GC(2481) Summary Phase
[727.796s][info][gc,phases      ] GC(2481) Summary Phase 0.024ms
[727.796s][info][gc,phases,start] GC(2481) Forward
[727.801s][info][gc,phases      ] GC(2481) Forward 5.412ms
[727.801s][info][gc,phases,start] GC(2481) Adjust Pointers
[728.122s][info][gc,phases      ] GC(2481) Adjust Pointers 320.334ms
[728.122s][info][gc,phases,start] GC(2481) Compaction Phase
[728.262s][info][gc,phases      ] GC(2481) Compaction Phase 140.282ms
[728.262s][info][gc,phases,start] GC(2481) Post Compact
[728.265s][info][gc,phases      ] GC(2481) Post Compact 2.249ms
[728.265s][info][gc,heap        ] GC(2481) PSYoungGen: 113664K(220672K)->9864K(224768K) Eden: 113664K(113664K)->9864K(113664K) From: 0K(107008K)->0K(111104K)
[728.265s][info][gc,heap        ] GC(2481) ParOldGen: 667638K(667648K)->667638K(667648K)
[728.265s][info][gc,metaspace   ] GC(2481) Metaspace: 19126K(19328K)->19126K(19328K) NonClass: 16461K(16576K)->16461K(16576K) Class: 2665K(2752K)->2665K(2752K)
[728.265s][info][gc             ] GC(2481) Pause Full (Allocation Failure) 762M->661M(871M) 940.512ms
[728.265s][info][gc,cpu         ] GC(2481) User=1.84s Sys=0.00s Real=0.94s
[728.425s][info][gc,start       ] GC(2482) Pause Full (Allocation Failure)
[728.425s][info][gc,phases,start] GC(2482) Marking Phase
[728.885s][info][gc,phases      ] GC(2482) Marking Phase 460.660ms
[728.885s][info][gc,phases,start] GC(2482) Summary Phase
[728.885s][info][gc,phases      ] GC(2482) Summary Phase 0.025ms
[728.885s][info][gc,phases,start] GC(2482) Forward
[728.891s][info][gc,phases      ] GC(2482) Forward 5.934ms
[728.891s][info][gc,phases,start] GC(2482) Adjust Pointers
[729.204s][info][gc,phases      ] GC(2482) Adjust Pointers 312.950ms
[729.204s][info][gc,phases,start] GC(2482) Compaction Phase
[729.343s][info][gc,phases      ] GC(2482) Compaction Phase 138.471ms
[729.343s][info][gc,phases,start] GC(2482) Post Compact
[729.345s][info][gc,phases      ] GC(2482) Post Compact 2.176ms
[729.345s][info][gc,heap        ] GC(2482) PSYoungGen: 113664K(224768K)->10661K(220672K) Eden: 113664K(113664K)->10661K(113664K) From: 0K(111104K)->0K(107008K)
[729.345s][info][gc,heap        ] GC(2482) ParOldGen: 667638K(667648K)->667638K(667648K)
[729.345s][info][gc,metaspace   ] GC(2482) Metaspace: 19126K(19328K)->19126K(19328K) NonClass: 16461K(16576K)->16461K(16576K) Class: 2665K(2752K)->2665K(2752K)
[729.345s][info][gc             ] GC(2482) Pause Full (Allocation Failure) 762M->662M(867M) 920.592ms
[729.345s][info][gc,cpu         ] GC(2482) User=1.80s Sys=0.00s Real=0.92s
[729.440s][info][gc,start       ] GC(2483) Pause Full (Allocation Failure)
[729.440s][info][gc,phases,start] GC(2483) Marking Phase
[729.911s][info][gc,phases      ] GC(2483) Marking Phase 470.973ms
[729.911s][info][gc,phases,start] GC(2483) Summary Phase
[729.911s][info][gc,phases      ] GC(2483) Summary Phase 0.025ms
[729.911s][info][gc,phases,start] GC(2483) Forward
[729.917s][info][gc,phases      ] GC(2483) Forward 5.998ms
[729.917s][info][gc,phases,start] GC(2483) Adjust Pointers
[730.231s][info][gc,phases      ] GC(2483) Adjust Pointers 314.000ms
[730.231s][info][gc,phases,start] GC(2483) Compaction Phase
[730.374s][info][gc,phases      ] GC(2483) Compaction Phase 143.108ms
[730.374s][info][gc,phases,start] GC(2483) Post Compact
[730.376s][info][gc,phases      ] GC(2483) Post Compact 2.230ms
[730.376s][info][gc,heap        ] GC(2483) PSYoungGen: 113664K(220672K)->11768K(224768K) Eden: 113664K(113664K)->11768K(113664K) From: 0K(107008K)->0K(111104K)
[730.376s][info][gc,heap        ] GC(2483) ParOldGen: 667638K(667648K)->667638K(667648K)
[730.376s][info][gc,metaspace   ] GC(2483) Metaspace: 19126K(19328K)->19126K(19328K) NonClass: 16461K(16576K)->16461K(16576K) Class: 2665K(2752K)->2665K(2752K)
[730.376s][info][gc             ] GC(2483) Pause Full (Allocation Failure) 762M->663M(871M) 936.736ms
[730.376s][info][gc,cpu         ] GC(2483) User=1.82s Sys=0.00s Real=0.94s
[730.491s][info][gc,start       ] GC(2484) Pause Full (Allocation Failure)
[730.491s][info][gc,phases,start] GC(2484) Marking Phase
[730.954s][info][gc,phases      ] GC(2484) Marking Phase 463.701ms
[730.954s][info][gc,phases,start] GC(2484) Summary Phase
[730.954s][info][gc,phases      ] GC(2484) Summary Phase 0.024ms
[730.954s][info][gc,phases,start] GC(2484) Forward
[730.961s][info][gc,phases      ] GC(2484) Forward 6.222ms
[730.961s][info][gc,phases,start] GC(2484) Adjust Pointers
[731.273s][info][gc,phases      ] GC(2484) Adjust Pointers 312.693ms
[731.273s][info][gc,phases,start] GC(2484) Compaction Phase
[731.416s][info][gc,phases      ] GC(2484) Compaction Phase 142.630ms
[731.416s][info][gc,phases,start] GC(2484) Post Compact
[731.418s][info][gc,phases      ] GC(2484) Post Compact 2.203ms
[731.418s][info][gc,heap        ] GC(2484) PSYoungGen: 113664K(224768K)->12742K(220672K) Eden: 113664K(113664K)->12742K(113664K) From: 0K(111104K)->0K(107008K)
[731.418s][info][gc,heap        ] GC(2484) ParOldGen: 667638K(667648K)->667638K(667648K)
[731.418s][info][gc,metaspace   ] GC(2484) Metaspace: 19126K(19328K)->19126K(19328K) NonClass: 16461K(16576K)->16461K(16576K) Class: 2665K(2752K)->2665K(2752K)
[731.418s][info][gc             ] GC(2484) Pause Full (Allocation Failure) 762M->664M(867M) 927.874ms
[731.418s][info][gc,cpu         ] GC(2484) User=1.82s Sys=0.00s Real=0.92s
[731.613s][info][gc,start       ] GC(2485) Pause Full (Allocation Failure)
[731.613s][info][gc,phases,start] GC(2485) Marking Phase
[732.102s][info][gc,phases      ] GC(2485) Marking Phase 488.878ms
[732.102s][info][gc,phases,start] GC(2485) Summary Phase
[732.102s][info][gc,phases      ] GC(2485) Summary Phase 0.027ms
[732.102s][info][gc,phases,start] GC(2485) Forward
[732.152s][info][gc,phases      ] GC(2485) Forward 49.888ms
[732.152s][info][gc,phases,start] GC(2485) Adjust Pointers
[732.500s][info][gc,phases      ] GC(2485) Adjust Pointers 348.139ms
[732.500s][info][gc,phases,start] GC(2485) Compaction Phase
[732.652s][info][gc,phases      ] GC(2485) Compaction Phase 151.623ms
[732.657s][info][gc,phases,start] GC(2485) Post Compact
[732.659s][info][gc,phases      ] GC(2485) Post Compact 2.282ms
[732.659s][info][gc,heap        ] GC(2485) PSYoungGen: 113664K(220672K)->27394K(224768K) Eden: 113664K(113664K)->27394K(113664K) From: 0K(107008K)->0K(111104K)
[732.659s][info][gc,heap        ] GC(2485) ParOldGen: 667638K(667648K)->667579K(667648K)
[732.659s][info][gc,metaspace   ] GC(2485) Metaspace: 19126K(19328K)->19126K(19328K) NonClass: 16461K(16576K)->16461K(16576K) Class: 2665K(2752K)->2665K(2752K)
[732.659s][info][gc             ] GC(2485) Pause Full (Allocation Failure) 762M->678M(871M) 1045.793ms
[732.659s][info][gc,cpu         ] GC(2485) User=2.03s Sys=0.00s Real=1.04s
[732.797s][info][gc,start       ] GC(2486) Pause Full (Allocation Failure)
[732.797s][info][gc,phases,start] GC(2486) Marking Phase
[733.291s][info][gc,phases      ] GC(2486) Marking Phase 494.251ms
[733.291s][info][gc,phases,start] GC(2486) Summary Phase
[733.291s][info][gc,phases      ] GC(2486) Summary Phase 0.028ms
[733.291s][info][gc,phases,start] GC(2486) Forward
[733.451s][info][gc,phases      ] GC(2486) Forward 160.114ms
[733.451s][info][gc,phases,start] GC(2486) Adjust Pointers
[733.847s][info][gc,phases      ] GC(2486) Adjust Pointers 395.471ms
[733.847s][info][gc,phases,start] GC(2486) Compaction Phase
[734.060s][info][gc,phases      ] GC(2486) Compaction Phase 212.943ms
[734.076s][info][gc,phases,start] GC(2486) Post Compact
[734.078s][info][gc,phases      ] GC(2486) Post Compact 2.230ms
[734.078s][info][gc,heap        ] GC(2486) PSYoungGen: 113664K(224768K)->5402K(220672K) Eden: 113664K(113664K)->5402K(113664K) From: 0K(111104K)->0K(107008K)
[734.078s][info][gc,heap        ] GC(2486) ParOldGen: 667579K(667648K)->667404K(667648K)
[734.078s][info][gc,metaspace   ] GC(2486) Metaspace: 19126K(19328K)->19126K(19328K) NonClass: 16461K(16576K)->16461K(16576K) Class: 2665K(2752K)->2665K(2752K)
[734.078s][info][gc             ] GC(2486) Pause Full (Allocation Failure) 762M->657M(867M) 1281.119ms
[734.078s][info][gc,cpu         ] GC(2486) User=2.49s Sys=0.01s Real=1.28s
[734.219s][info][gc,start       ] GC(2487) Pause Full (Allocation Failure)
[734.219s][info][gc,phases,start] GC(2487) Marking Phase
[734.737s][info][gc,phases      ] GC(2487) Marking Phase 517.652ms
[734.737s][info][gc,phases,start] GC(2487) Summary Phase
[734.737s][info][gc,phases      ] GC(2487) Summary Phase 0.024ms
[734.737s][info][gc,phases,start] GC(2487) Forward
[734.778s][info][gc,phases      ] GC(2487) Forward 41.268ms
[734.778s][info][gc,phases,start] GC(2487) Adjust Pointers
[735.132s][info][gc,phases      ] GC(2487) Adjust Pointers 353.611ms
[735.132s][info][gc,phases,start] GC(2487) Compaction Phase
[735.288s][info][gc,phases      ] GC(2487) Compaction Phase 155.752ms
[735.291s][info][gc,phases,start] GC(2487) Post Compact
[735.293s][info][gc,phases      ] GC(2487) Post Compact 2.267ms
[735.293s][info][gc,heap        ] GC(2487) PSYoungGen: 113664K(220672K)->25699K(224768K) Eden: 113664K(113664K)->25699K(113664K) From: 0K(107008K)->0K(111104K)
[735.293s][info][gc,heap        ] GC(2487) ParOldGen: 667404K(667648K)->667404K(667648K)
[735.293s][info][gc,metaspace   ] GC(2487) Metaspace: 19126K(19328K)->19126K(19328K) NonClass: 16461K(16576K)->16461K(16576K) Class: 2665K(2752K)->2665K(2752K)
[735.293s][info][gc             ] GC(2487) Pause Full (Allocation Failure) 762M->676M(871M) 1074.040ms
[735.293s][info][gc,cpu         ] GC(2487) User=2.10s Sys=0.00s Real=1.08s
[735.391s][info][gc,start       ] GC(2488) Pause Full (Allocation Failure)
[735.391s][info][gc,phases,start] GC(2488) Marking Phase
[735.915s][info][gc,phases      ] GC(2488) Marking Phase 523.856ms
[735.915s][info][gc,phases,start] GC(2488) Summary Phase
[735.915s][info][gc,phases      ] GC(2488) Summary Phase 0.024ms
[735.915s][info][gc,phases,start] GC(2488) Forward
[736.016s][info][gc,phases      ] GC(2488) Forward 101.169ms
[736.016s][info][gc,phases,start] GC(2488) Adjust Pointers
[736.402s][info][gc,phases      ] GC(2488) Adjust Pointers 385.407ms
[736.402s][info][gc,phases,start] GC(2488) Compaction Phase
[736.578s][info][gc,phases      ] GC(2488) Compaction Phase 175.987ms
[736.587s][info][gc,phases,start] GC(2488) Post Compact
[736.590s][info][gc,phases      ] GC(2488) Post Compact 2.252ms
[736.590s][info][gc,heap        ] GC(2488) PSYoungGen: 113664K(224768K)->29452K(220672K) Eden: 113664K(113664K)->29452K(113664K) From: 0K(111104K)->0K(107008K)
[736.590s][info][gc,heap        ] GC(2488) ParOldGen: 667404K(667648K)->667404K(667648K)
[736.590s][info][gc,metaspace   ] GC(2488) Metaspace: 19126K(19328K)->19126K(19328K) NonClass: 16461K(16576K)->16461K(16576K) Class: 2665K(2752K)->2665K(2752K)
[736.590s][info][gc             ] GC(2488) Pause Full (Allocation Failure) 762M->680M(867M) 1198.522ms
[736.590s][info][gc,cpu         ] GC(2488) User=2.35s Sys=0.00s Real=1.19s
[736.687s][info][gc,start       ] GC(2489) Pause Full (Allocation Failure)
[736.687s][info][gc,phases,start] GC(2489) Marking Phase
[737.202s][info][gc,phases      ] GC(2489) Marking Phase 515.626ms
[737.202s][info][gc,phases,start] GC(2489) Summary Phase
[737.203s][info][gc,phases      ] GC(2489) Summary Phase 0.021ms
[737.203s][info][gc,phases,start] GC(2489) Forward
[737.217s][info][gc,phases      ] GC(2489) Forward 14.467ms
[737.217s][info][gc,phases,start] GC(2489) Adjust Pointers
[737.564s][info][gc,phases      ] GC(2489) Adjust Pointers 347.069ms
[737.564s][info][gc,phases,start] GC(2489) Compaction Phase
[737.713s][info][gc,phases      ] GC(2489) Compaction Phase 148.388ms
[737.713s][info][gc,phases,start] GC(2489) Post Compact
[737.715s][info][gc,phases      ] GC(2489) Post Compact 2.211ms
[737.715s][info][gc,heap        ] GC(2489) PSYoungGen: 113664K(220672K)->31749K(224768K) Eden: 113664K(113664K)->31749K(113664K) From: 0K(107008K)->0K(111104K)
[737.715s][info][gc,heap        ] GC(2489) ParOldGen: 667404K(667648K)->667404K(667648K)
[737.715s][info][gc,metaspace   ] GC(2489) Metaspace: 19126K(19328K)->19126K(19328K) NonClass: 16461K(16576K)->16461K(16576K) Class: 2665K(2752K)->2665K(2752K)
[737.715s][info][gc             ] GC(2489) Pause Full (Allocation Failure) 762M->682M(871M) 1028.216ms
[737.715s][info][gc,cpu         ] GC(2489) User=2.01s Sys=0.00s Real=1.03s
[737.816s][info][gc,start       ] GC(2490) Pause Full (Allocation Failure)
[737.816s][info][gc,phases,start] GC(2490) Marking Phase
[738.335s][info][gc,phases      ] GC(2490) Marking Phase 518.387ms
[738.335s][info][gc,phases,start] GC(2490) Summary Phase
[738.335s][info][gc,phases      ] GC(2490) Summary Phase 0.021ms
[738.335s][info][gc,phases,start] GC(2490) Forward
[738.351s][info][gc,phases      ] GC(2490) Forward 15.955ms
[738.351s][info][gc,phases,start] GC(2490) Adjust Pointers
[738.709s][info][gc,phases      ] GC(2490) Adjust Pointers 357.682ms
[738.709s][info][gc,phases,start] GC(2490) Compaction Phase
[738.856s][info][gc,phases      ] GC(2490) Compaction Phase 147.070ms
[738.856s][info][gc,phases,start] GC(2490) Post Compact
[738.858s][info][gc,phases      ] GC(2490) Post Compact 2.181ms
[738.858s][info][gc,heap        ] GC(2490) PSYoungGen: 113664K(224768K)->34477K(220672K) Eden: 113664K(113664K)->34477K(113664K) From: 0K(111104K)->0K(107008K)
[738.858s][info][gc,heap        ] GC(2490) ParOldGen: 667404K(667648K)->667404K(667648K)
[738.858s][info][gc,metaspace   ] GC(2490) Metaspace: 19126K(19328K)->19126K(19328K) NonClass: 16461K(16576K)->16461K(16576K) Class: 2665K(2752K)->2665K(2752K)
[738.858s][info][gc             ] GC(2490) Pause Full (Allocation Failure) 762M->685M(867M) 1041.681ms
[738.858s][info][gc,cpu         ] GC(2490) User=2.03s Sys=0.00s Real=1.04s
[738.952s][info][gc,start       ] GC(2491) Pause Full (Allocation Failure)
[738.952s][info][gc,phases,start] GC(2491) Marking Phase
[739.463s][info][gc,phases      ] GC(2491) Marking Phase 510.796ms
[739.463s][info][gc,phases,start] GC(2491) Summary Phase
[739.463s][info][gc,phases      ] GC(2491) Summary Phase 0.024ms
[739.463s][info][gc,phases,start] GC(2491) Forward
[739.481s][info][gc,phases      ] GC(2491) Forward 17.808ms
[739.481s][info][gc,phases,start] GC(2491) Adjust Pointers
[739.834s][info][gc,phases      ] GC(2491) Adjust Pointers 352.940ms
[739.834s][info][gc,phases,start] GC(2491) Compaction Phase
[739.981s][info][gc,phases      ] GC(2491) Compaction Phase 147.577ms
[739.982s][info][gc,phases,start] GC(2491) Post Compact
[739.984s][info][gc,phases      ] GC(2491) Post Compact 2.212ms
[739.984s][info][gc,heap        ] GC(2491) PSYoungGen: 113664K(220672K)->34751K(224768K) Eden: 113664K(113664K)->34751K(113664K) From: 0K(107008K)->0K(111104K)
[739.984s][info][gc,heap        ] GC(2491) ParOldGen: 667404K(667648K)->667404K(667648K)
[739.984s][info][gc,metaspace   ] GC(2491) Metaspace: 19127K(19328K)->19127K(19328K) NonClass: 16462K(16576K)->16462K(16576K) Class: 2665K(2752K)->2665K(2752K)
[739.984s][info][gc             ] GC(2491) Pause Full (Allocation Failure) 762M->685M(871M) 1031.755ms
[739.984s][info][gc,cpu         ] GC(2491) User=2.00s Sys=0.01s Real=1.03s
[740.055s][info][gc,start       ] GC(2492) Pause Full (Allocation Failure)
[740.055s][info][gc,phases,start] GC(2492) Marking Phase
[740.571s][info][gc,phases      ] GC(2492) Marking Phase 515.803ms
[740.571s][info][gc,phases,start] GC(2492) Summary Phase
[740.571s][info][gc,phases      ] GC(2492) Summary Phase 0.027ms
[740.571s][info][gc,phases,start] GC(2492) Forward
[740.717s][info][gc,phases      ] GC(2492) Forward 145.568ms
[740.717s][info][gc,phases,start] GC(2492) Adjust Pointers
[741.111s][info][gc,phases      ] GC(2492) Adjust Pointers 394.766ms
[741.112s][info][gc,phases,start] GC(2492) Compaction Phase
[741.287s][info][gc,phases      ] GC(2492) Compaction Phase 175.061ms
[741.303s][info][gc,phases,start] GC(2492) Post Compact
[741.306s][info][gc,phases      ] GC(2492) Post Compact 2.267ms
[741.306s][info][gc,heap        ] GC(2492) PSYoungGen: 113664K(224768K)->34753K(220672K) Eden: 113664K(113664K)->34753K(113664K) From: 0K(111104K)->0K(107008K)
[741.306s][info][gc,heap        ] GC(2492) ParOldGen: 667404K(667648K)->667403K(667648K)
[741.306s][info][gc,metaspace   ] GC(2492) Metaspace: 19127K(19328K)->19127K(19328K) NonClass: 16462K(16576K)->16462K(16576K) Class: 2665K(2752K)->2665K(2752K)
[741.306s][info][gc             ] GC(2492) Pause Full (Allocation Failure) 762M->685M(867M) 1250.543ms
[741.306s][info][gc,cpu         ] GC(2492) User=2.45s Sys=0.00s Real=1.25s
[741.354s][info][gc,start       ] GC(2493) Pause Full (Allocation Failure)
[741.354s][info][gc,phases,start] GC(2493) Marking Phase
[741.873s][info][gc,phases      ] GC(2493) Marking Phase 518.605ms
[741.873s][info][gc,phases,start] GC(2493) Summary Phase
[741.873s][info][gc,phases      ] GC(2493) Summary Phase 0.022ms
[741.873s][info][gc,phases,start] GC(2493) Forward
[741.891s][info][gc,phases      ] GC(2493) Forward 18.041ms
[741.891s][info][gc,phases,start] GC(2493) Adjust Pointers
[742.239s][info][gc,phases      ] GC(2493) Adjust Pointers 348.040ms
[742.239s][info][gc,phases,start] GC(2493) Compaction Phase
[742.384s][info][gc,phases      ] GC(2493) Compaction Phase 144.805ms
[742.384s][info][gc,phases,start] GC(2493) Post Compact
[742.386s][info][gc,phases      ] GC(2493) Post Compact 2.235ms
[742.386s][info][gc,heap        ] GC(2493) PSYoungGen: 113664K(220672K)->34753K(224768K) Eden: 113664K(113664K)->34753K(113664K) From: 0K(107008K)->0K(111104K)
[742.386s][info][gc,heap        ] GC(2493) ParOldGen: 667403K(667648K)->667403K(667648K)
[742.386s][info][gc,metaspace   ] GC(2493) Metaspace: 19127K(19328K)->19127K(19328K) NonClass: 16462K(16576K)->16462K(16576K) Class: 2665K(2752K)->2665K(2752K)
[742.386s][info][gc             ] GC(2493) Pause Full (Allocation Failure) 762M->685M(871M) 1032.112ms
[742.386s][info][gc,cpu         ] GC(2493) User=2.01s Sys=0.00s Real=1.03s
[742.466s][info][gc,start       ] GC(2494) Pause Full (Allocation Failure)
[742.466s][info][gc,phases,start] GC(2494) Marking Phase
[742.988s][info][gc,phases      ] GC(2494) Marking Phase 521.830ms
[742.988s][info][gc,phases,start] GC(2494) Summary Phase
[742.988s][info][gc,phases      ] GC(2494) Summary Phase 0.022ms
[742.988s][info][gc,phases,start] GC(2494) Forward
[743.005s][info][gc,phases      ] GC(2494) Forward 17.438ms
[743.005s][info][gc,phases,start] GC(2494) Adjust Pointers
[743.355s][info][gc,phases      ] GC(2494) Adjust Pointers 350.015ms
[743.355s][info][gc,phases,start] GC(2494) Compaction Phase
[743.500s][info][gc,phases      ] GC(2494) Compaction Phase 144.973ms
[743.500s][info][gc,phases,start] GC(2494) Post Compact
[743.503s][info][gc,phases      ] GC(2494) Post Compact 2.226ms
[743.503s][info][gc,heap        ] GC(2494) PSYoungGen: 113664K(224768K)->34817K(220672K) Eden: 113664K(113664K)->34817K(113664K) From: 0K(111104K)->0K(107008K)
[743.503s][info][gc,heap        ] GC(2494) ParOldGen: 667403K(667648K)->667403K(667648K)
[743.503s][info][gc,metaspace   ] GC(2494) Metaspace: 19127K(19328K)->19127K(19328K) NonClass: 16462K(16576K)->16462K(16576K) Class: 2665K(2752K)->2665K(2752K)
[743.503s][info][gc             ] GC(2494) Pause Full (Allocation Failure) 762M->685M(867M) 1036.890ms
[743.503s][info][gc,cpu         ] GC(2494) User=2.02s Sys=0.00s Real=1.04s
[743.625s][info][gc,start       ] GC(2495) Pause Full (Allocation Failure)
[743.626s][info][gc,phases,start] GC(2495) Marking Phase
[744.152s][info][gc,phases      ] GC(2495) Marking Phase 526.172ms
[744.152s][info][gc,phases,start] GC(2495) Summary Phase
[744.152s][info][gc,phases      ] GC(2495) Summary Phase 0.023ms
[744.152s][info][gc,phases,start] GC(2495) Forward
[744.173s][info][gc,phases      ] GC(2495) Forward 20.899ms
[744.173s][info][gc,phases,start] GC(2495) Adjust Pointers
[744.527s][info][gc,phases      ] GC(2495) Adjust Pointers 354.277ms
[744.527s][info][gc,phases,start] GC(2495) Compaction Phase
[744.681s][info][gc,phases      ] GC(2495) Compaction Phase 153.567ms
[744.681s][info][gc,phases,start] GC(2495) Post Compact
[744.683s][info][gc,phases      ] GC(2495) Post Compact 2.247ms
[744.683s][info][gc,heap        ] GC(2495) PSYoungGen: 113664K(220672K)->40362K(224768K) Eden: 113664K(113664K)->40362K(113664K) From: 0K(107008K)->0K(111104K)
[744.683s][info][gc,heap        ] GC(2495) ParOldGen: 667403K(667648K)->667403K(667648K)
[744.683s][info][gc,metaspace   ] GC(2495) Metaspace: 19127K(19328K)->19127K(19328K) NonClass: 16462K(16576K)->16462K(16576K) Class: 2665K(2752K)->2665K(2752K)
[744.683s][info][gc             ] GC(2495) Pause Full (Allocation Failure) 762M->691M(871M) 1057.572ms
[744.683s][info][gc,cpu         ] GC(2495) User=2.05s Sys=0.00s Real=1.06s
[744.752s][info][gc,start       ] GC(2496) Pause Full (Allocation Failure)
[744.752s][info][gc,phases,start] GC(2496) Marking Phase
[745.276s][info][gc,phases      ] GC(2496) Marking Phase 524.280ms
[745.276s][info][gc,phases,start] GC(2496) Summary Phase
[745.276s][info][gc,phases      ] GC(2496) Summary Phase 0.023ms
[745.276s][info][gc,phases,start] GC(2496) Forward
[745.297s][info][gc,phases      ] GC(2496) Forward 21.452ms
[745.297s][info][gc,phases,start] GC(2496) Adjust Pointers
[745.645s][info][gc,phases      ] GC(2496) Adjust Pointers 347.526ms
[745.645s][info][gc,phases,start] GC(2496) Compaction Phase
[745.790s][info][gc,phases      ] GC(2496) Compaction Phase 144.736ms
[745.790s][info][gc,phases,start] GC(2496) Post Compact
[745.792s][info][gc,phases      ] GC(2496) Post Compact 2.205ms
[745.792s][info][gc,heap        ] GC(2496) PSYoungGen: 113664K(224768K)->42199K(220672K) Eden: 113664K(113664K)->42199K(113664K) From: 0K(111104K)->0K(107008K)
[745.792s][info][gc,heap        ] GC(2496) ParOldGen: 667403K(667648K)->667403K(667648K)
[745.792s][info][gc,metaspace   ] GC(2496) Metaspace: 19127K(19328K)->19127K(19328K) NonClass: 16462K(16576K)->16462K(16576K) Class: 2665K(2752K)->2665K(2752K)
[745.792s][info][gc             ] GC(2496) Pause Full (Allocation Failure) 762M->692M(867M) 1040.633ms
[745.792s][info][gc,cpu         ] GC(2496) User=2.02s Sys=0.01s Real=1.04s
[745.858s][info][gc,start       ] GC(2497) Pause Full (Allocation Failure)
[745.858s][info][gc,phases,start] GC(2497) Marking Phase
[746.378s][info][gc,phases      ] GC(2497) Marking Phase 520.406ms
[746.378s][info][gc,phases,start] GC(2497) Summary Phase
[746.378s][info][gc,phases      ] GC(2497) Summary Phase 0.022ms
[746.378s][info][gc,phases,start] GC(2497) Forward
[746.399s][info][gc,phases      ] GC(2497) Forward 20.445ms
[746.399s][info][gc,phases,start] GC(2497) Adjust Pointers
[746.750s][info][gc,phases      ] GC(2497) Adjust Pointers 350.774ms
[746.750s][info][gc,phases,start] GC(2497) Compaction Phase
[746.899s][info][gc,phases      ] GC(2497) Compaction Phase 148.785ms
[746.899s][info][gc,phases,start] GC(2497) Post Compact
[746.901s][info][gc,phases      ] GC(2497) Post Compact 2.243ms
[746.901s][info][gc,heap        ] GC(2497) PSYoungGen: 113664K(220672K)->42290K(224768K) Eden: 113664K(113664K)->42290K(113664K) From: 0K(107008K)->0K(111104K)
[746.901s][info][gc,heap        ] GC(2497) ParOldGen: 667403K(667648K)->667403K(667648K)
[746.901s][info][gc,metaspace   ] GC(2497) Metaspace: 19127K(19328K)->19127K(19328K) NonClass: 16462K(16576K)->16462K(16576K) Class: 2665K(2752K)->2665K(2752K)
[746.901s][info][gc             ] GC(2497) Pause Full (Allocation Failure) 762M->693M(871M) 1043.119ms
[746.901s][info][gc,cpu         ] GC(2497) User=2.03s Sys=0.00s Real=1.05s
[747.116s][info][gc,start       ] GC(2498) Pause Full (Allocation Failure)
[747.116s][info][gc,phases,start] GC(2498) Marking Phase
[747.527s][info][gc,phases      ] GC(2498) Marking Phase 410.555ms
[747.527s][info][gc,phases,start] GC(2498) Summary Phase
[747.527s][info][gc,phases      ] GC(2498) Summary Phase 0.030ms
[747.527s][info][gc,phases,start] GC(2498) Forward
[747.671s][info][gc,phases      ] GC(2498) Forward 144.038ms
[747.671s][info][gc,phases,start] GC(2498) Adjust Pointers
[747.988s][info][gc,phases      ] GC(2498) Adjust Pointers 316.904ms
[747.988s][info][gc,phases,start] GC(2498) Compaction Phase
[748.200s][info][gc,phases      ] GC(2498) Compaction Phase 211.729ms
[748.211s][info][gc,phases,start] GC(2498) Post Compact
[748.213s][info][gc,phases      ] GC(2498) Post Compact 2.207ms
[748.213s][info][gc,heap        ] GC(2498) PSYoungGen: 113664K(224768K)->0K(220672K) Eden: 113664K(113664K)->0K(113664K) From: 0K(111104K)->0K(107008K)
[748.213s][info][gc,heap        ] GC(2498) ParOldGen: 667403K(667648K)->578757K(667648K)
[748.213s][info][gc,metaspace   ] GC(2498) Metaspace: 19127K(19328K)->19127K(19328K) NonClass: 16462K(16576K)->16462K(16576K) Class: 2665K(2752K)->2665K(2752K)
[748.214s][info][gc             ] GC(2498) Pause Full (Allocation Failure) 762M->565M(867M) 1097.343ms
[748.214s][info][gc,cpu         ] GC(2498) User=2.09s Sys=0.00s Real=1.10s
[748.557s][info][gc,start       ] GC(2499) Pause Young (Allocation Failure)
[748.559s][info][gc,heap        ] GC(2499) PSYoungGen: 113664K(220672K)->192K(222720K) Eden: 113664K(113664K)->0K(111616K) From: 0K(107008K)->192K(111104K)
[748.559s][info][gc,heap        ] GC(2499) ParOldGen: 578757K(667648K)->578757K(667648K)
[748.560s][info][gc,metaspace   ] GC(2499) Metaspace: 19127K(19328K)->19127K(19328K) NonClass: 16462K(16576K)->16462K(16576K) Class: 2665K(2752K)->2665K(2752K)
[748.560s][info][gc             ] GC(2499) Pause Young (Allocation Failure) 676M->565M(869M) 2.374ms
[748.560s][info][gc,cpu         ] GC(2499) User=0.01s Sys=0.00s Real=0.00s
[748.774s][info][gc,start       ] GC(2500) Pause Young (Allocation Failure)
[748.797s][info][gc,heap        ] GC(2500) PSYoungGen: 111808K(222720K)->21496K(133120K) Eden: 111616K(111616K)->0K(111616K) From: 192K(111104K)->21496K(21504K)
[748.797s][info][gc,heap        ] GC(2500) ParOldGen: 578757K(667648K)->578757K(667648K)
[748.797s][info][gc,metaspace   ] GC(2500) Metaspace: 19127K(19328K)->19127K(19328K) NonClass: 16462K(16576K)->16462K(16576K) Class: 2665K(2752K)->2665K(2752K)
[748.797s][info][gc             ] GC(2500) Pause Young (Allocation Failure) 674M->586M(782M) 23.150ms
[748.797s][info][gc,cpu         ] GC(2500) User=0.05s Sys=0.00s Real=0.02s
[749.019s][info][gc,start       ] GC(2501) Pause Young (Allocation Failure)
[749.046s][info][gc,heap        ] GC(2501) PSYoungGen: 133112K(133120K)->21496K(214016K) Eden: 111616K(111616K)->0K(115712K) From: 21496K(21504K)->21496K(98304K)
[749.046s][info][gc,heap        ] GC(2501) ParOldGen: 578757K(667648K)->578757K(667648K)
[749.046s][info][gc,metaspace   ] GC(2501) Metaspace: 19127K(19328K)->19127K(19328K) NonClass: 16462K(16576K)->16462K(16576K) Class: 2665K(2752K)->2665K(2752K)
[749.046s][info][gc             ] GC(2501) Pause Young (Allocation Failure) 695M->586M(861M) 27.275ms
[749.046s][info][gc,cpu         ] GC(2501) User=0.05s Sys=0.01s Real=0.03s
[749.263s][info][gc,start       ] GC(2502) Pause Young (Allocation Failure)
[749.290s][info][gc,heap        ] GC(2502) PSYoungGen: 137208K(214016K)->21496K(137216K) Eden: 115712K(115712K)->0K(115712K) From: 21496K(98304K)->21496K(21504K)
[749.290s][info][gc,heap        ] GC(2502) ParOldGen: 578757K(667648K)->578757K(667648K)
[749.290s][info][gc,metaspace   ] GC(2502) Metaspace: 19127K(19328K)->19127K(19328K) NonClass: 16462K(16576K)->16462K(16576K) Class: 2665K(2752K)->2665K(2752K)
[749.290s][info][gc             ] GC(2502) Pause Young (Allocation Failure) 699M->586M(786M) 27.254ms
[749.290s][info][gc,cpu         ] GC(2502) User=0.05s Sys=0.00s Real=0.02s
[750.093s][info][gc,start       ] GC(2503) Pause Young (Allocation Failure)
[750.117s][info][gc,heap        ] GC(2503) PSYoungGen: 137208K(137216K)->21917K(203776K) Eden: 115712K(115712K)->0K(118784K) From: 21496K(21504K)->21917K(84992K)
[750.117s][info][gc,heap        ] GC(2503) ParOldGen: 578757K(667648K)->578757K(667648K)
[750.117s][info][gc,metaspace   ] GC(2503) Metaspace: 19127K(19328K)->19127K(19328K) NonClass: 16462K(16576K)->16462K(16576K) Class: 2665K(2752K)->2665K(2752K)
[750.117s][info][gc             ] GC(2503) Pause Young (Allocation Failure) 699M->586M(851M) 23.354ms
[750.117s][info][gc,cpu         ] GC(2503) User=0.04s Sys=0.00s Real=0.02s
[750.717s][info][gc,start       ] GC(2504) Pause Young (Allocation Failure)
[750.744s][info][gc,heap        ] GC(2504) PSYoungGen: 140701K(203776K)->22276K(141312K) Eden: 118784K(118784K)->0K(118784K) From: 21917K(84992K)->22276K(22528K)
[750.744s][info][gc,heap        ] GC(2504) ParOldGen: 578757K(667648K)->578757K(667648K)
[750.744s][info][gc,metaspace   ] GC(2504) Metaspace: 19127K(19328K)->19127K(19328K) NonClass: 16462K(16576K)->16462K(16576K) Class: 2665K(2752K)->2665K(2752K)
[750.744s][info][gc             ] GC(2504) Pause Young (Allocation Failure) 702M->586M(790M) 27.419ms
[750.744s][info][gc,cpu         ] GC(2504) User=0.05s Sys=0.00s Real=0.03s
[751.331s][info][gc,start       ] GC(2505) Pause Young (Allocation Failure)
[751.356s][info][gc,heap        ] GC(2505) PSYoungGen: 140856K(141312K)->23911K(197120K) Eden: 118580K(118784K)->0K(121344K) From: 22276K(22528K)->23911K(75776K)
[751.356s][info][gc,heap        ] GC(2505) ParOldGen: 578757K(667648K)->578757K(667648K)
[751.356s][info][gc,metaspace   ] GC(2505) Metaspace: 19133K(19328K)->19133K(19328K) NonClass: 16468K(16576K)->16468K(16576K) Class: 2665K(2752K)->2665K(2752K)
[751.356s][info][gc             ] GC(2505) Pause Young (Allocation Failure) 702M->588M(844M) 25.142ms
[751.356s][info][gc,cpu         ] GC(2505) User=0.04s Sys=0.00s Real=0.02s
[751.628s][info][gc,start       ] GC(2506) Pause Young (Allocation Failure)
[751.653s][info][gc,heap        ] GC(2506) PSYoungGen: 145255K(197120K)->24125K(145920K) Eden: 121344K(121344K)->0K(121344K) From: 23911K(75776K)->24125K(24576K)
[751.653s][info][gc,heap        ] GC(2506) ParOldGen: 578757K(667648K)->578757K(667648K)
[751.653s][info][gc,metaspace   ] GC(2506) Metaspace: 19134K(19328K)->19134K(19328K) NonClass: 16469K(16576K)->16469K(16576K) Class: 2665K(2752K)->2665K(2752K)
[751.653s][info][gc             ] GC(2506) Pause Young (Allocation Failure) 707M->588M(794M) 25.199ms
[751.653s][info][gc,cpu         ] GC(2506) User=0.05s Sys=0.00s Real=0.03s
[751.926s][info][gc,start       ] GC(2507) Pause Young (Allocation Failure)
[751.951s][info][gc,heap        ] GC(2507) PSYoungGen: 145405K(145920K)->23977K(191488K) Eden: 121279K(121344K)->0K(123904K) From: 24125K(24576K)->23977K(67584K)
[751.951s][info][gc,heap        ] GC(2507) ParOldGen: 578757K(667648K)->578757K(667648K)
[751.951s][info][gc,metaspace   ] GC(2507) Metaspace: 19134K(19328K)->19134K(19328K) NonClass: 16469K(16576K)->16469K(16576K) Class: 2665K(2752K)->2665K(2752K)
[751.951s][info][gc             ] GC(2507) Pause Young (Allocation Failure) 707M->588M(839M) 25.085ms
[751.951s][info][gc,cpu         ] GC(2507) User=0.05s Sys=0.00s Real=0.03s
[752.190s][info][gc,start       ] GC(2508) Pause Young (Allocation Failure)
[752.221s][info][gc,heap        ] GC(2508) PSYoungGen: 147881K(191488K)->32269K(195584K) Eden: 123904K(123904K)->0K(123904K) From: 23977K(67584K)->32269K(71680K)
[752.221s][info][gc,heap        ] GC(2508) ParOldGen: 578757K(667648K)->578757K(667648K)
[752.221s][info][gc,metaspace   ] GC(2508) Metaspace: 19136K(19328K)->19136K(19328K) NonClass: 16471K(16576K)->16471K(16576K) Class: 2665K(2752K)->2665K(2752K)
[752.221s][info][gc             ] GC(2508) Pause Young (Allocation Failure) 709M->596M(843M) 31.116ms
[752.221s][info][gc,cpu         ] GC(2508) User=0.06s Sys=0.00s Real=0.04s
[752.320s][info][gc,start       ] GC(2509) Pause Young (Allocation Failure)
[752.381s][info][gc,heap        ] GC(2509) PSYoungGen: 156173K(195584K)->69117K(184320K) Eden: 123904K(123904K)->0K(115200K) From: 32269K(71680K)->69117K(69120K)
[752.381s][info][gc,heap        ] GC(2509) ParOldGen: 578757K(667648K)->579077K(667648K)
[752.381s][info][gc,metaspace   ] GC(2509) Metaspace: 19142K(19328K)->19142K(19328K) NonClass: 16477K(16576K)->16477K(16576K) Class: 2665K(2752K)->2665K(2752K)
[752.381s][info][gc             ] GC(2509) Pause Young (Allocation Failure) 717M->633M(832M) 60.722ms
[752.381s][info][gc,cpu         ] GC(2509) User=0.12s Sys=0.00s Real=0.06s
[752.454s][info][gc,start       ] GC(2510) Pause Young (Allocation Failure)
[752.541s][info][gc,heap        ] GC(2510) PSYoungGen: 184317K(184320K)->80356K(195584K) Eden: 115200K(115200K)->0K(115200K) From: 69117K(69120K)->80356K(80384K)
[752.541s][info][gc,heap        ] GC(2510) ParOldGen: 579077K(667648K)->611039K(667648K)
[752.541s][info][gc,metaspace   ] GC(2510) Metaspace: 19142K(19328K)->19142K(19328K) NonClass: 16477K(16576K)->16477K(16576K) Class: 2665K(2752K)->2665K(2752K)
[752.541s][info][gc             ] GC(2510) Pause Young (Allocation Failure) 745M->675M(843M) 86.723ms
[752.541s][info][gc,cpu         ] GC(2510) User=0.18s Sys=0.00s Real=0.09s
[752.614s][info][gc,start       ] GC(2511) Pause Young (Allocation Failure)
[752.733s][info][gc,heap        ] GC(2511) PSYoungGen: 195556K(195584K)->105444K(217088K) Eden: 115200K(115200K)->0K(111616K) From: 80356K(80384K)->105444K(105472K)
[752.733s][info][gc,heap        ] GC(2511) ParOldGen: 611039K(667648K)->630895K(667648K)
[752.733s][info][gc,metaspace   ] GC(2511) Metaspace: 19142K(19328K)->19142K(19328K) NonClass: 16477K(16576K)->16477K(16576K) Class: 2665K(2752K)->2665K(2752K)
[752.733s][info][gc             ] GC(2511) Pause Young (Allocation Failure) 787M->719M(864M) 119.621ms
[752.733s][info][gc,cpu         ] GC(2511) User=0.19s Sys=0.04s Real=0.12s
[752.889s][info][gc,start       ] GC(2512) Pause Full (Allocation Failure)
[752.889s][info][gc,phases,start] GC(2512) Marking Phase
[753.010s][info][gc,phases      ] GC(2512) Marking Phase 120.761ms
[753.010s][info][gc,phases,start] GC(2512) Summary Phase
[753.010s][info][gc,phases      ] GC(2512) Summary Phase 0.025ms
[753.010s][info][gc,phases,start] GC(2512) Forward
[753.047s][info][gc,phases      ] GC(2512) Forward 36.981ms
[753.047s][info][gc,phases,start] GC(2512) Adjust Pointers
[753.130s][info][gc,phases      ] GC(2512) Adjust Pointers 82.773ms
[753.130s][info][gc,phases,start] GC(2512) Compaction Phase
[753.182s][info][gc,phases      ] GC(2512) Compaction Phase 51.732ms
[753.184s][info][gc,phases,start] GC(2512) Post Compact
[753.187s][info][gc,phases      ] GC(2512) Post Compact 2.344ms
[753.199s][info][gc,heap        ] GC(2512) PSYoungGen: 217060K(217088K)->0K(222720K) Eden: 111616K(111616K)->0K(111616K) From: 105444K(105472K)->0K(111104K)
[753.199s][info][gc,heap        ] GC(2512) ParOldGen: 630895K(667648K)->211793K(516096K)
[753.199s][info][gc,metaspace   ] GC(2512) Metaspace: 19142K(19328K)->19142K(19328K) NonClass: 16477K(16576K)->16477K(16576K) Class: 2665K(2752K)->2665K(2752K)
[753.199s][info][gc             ] GC(2512) Pause Full (Allocation Failure) 828M->206M(721M) 309.596ms
[753.199s][info][gc,cpu         ] GC(2512) User=0.56s Sys=0.01s Real=0.31s
[753.305s][info][gc,start       ] GC(2513) Pause Young (Allocation Failure)
[753.325s][info][gc,heap        ] GC(2513) PSYoungGen: 111616K(222720K)->7520K(222720K) Eden: 111616K(111616K)->0K(111616K) From: 0K(111104K)->7520K(111104K)
[753.325s][info][gc,heap        ] GC(2513) ParOldGen: 211793K(516096K)->211793K(516096K)
[753.325s][info][gc,metaspace   ] GC(2513) Metaspace: 19142K(19328K)->19142K(19328K) NonClass: 16477K(16576K)->16477K(16576K) Class: 2665K(2752K)->2665K(2752K)
[753.326s][info][gc             ] GC(2513) Pause Young (Allocation Failure) 315M->214M(721M) 20.035ms
[753.326s][info][gc,cpu         ] GC(2513) User=0.04s Sys=0.00s Real=0.02s
[753.465s][info][gc,start       ] GC(2514) Pause Young (Allocation Failure)
[753.510s][info][gc,heap        ] GC(2514) PSYoungGen: 119136K(222720K)->27611K(222720K) Eden: 111616K(111616K)->0K(111616K) From: 7520K(111104K)->27611K(111104K)
[753.510s][info][gc,heap        ] GC(2514) ParOldGen: 211793K(516096K)->211793K(516096K)
[753.510s][info][gc,metaspace   ] GC(2514) Metaspace: 19143K(19328K)->19143K(19328K) NonClass: 16478K(16576K)->16478K(16576K) Class: 2665K(2752K)->2665K(2752K)
[753.510s][info][gc             ] GC(2514) Pause Young (Allocation Failure) 323M->233M(721M) 44.621ms
[753.510s][info][gc,cpu         ] GC(2514) User=0.09s Sys=0.00s Real=0.04s
[753.648s][info][gc,start       ] GC(2515) Pause Young (Allocation Failure)
[753.707s][info][gc,heap        ] GC(2515) PSYoungGen: 139227K(222720K)->40914K(222720K) Eden: 111616K(111616K)->0K(111616K) From: 27611K(111104K)->40914K(111104K)
[753.707s][info][gc,heap        ] GC(2515) ParOldGen: 211793K(516096K)->211793K(516096K)
[753.707s][info][gc,metaspace   ] GC(2515) Metaspace: 19143K(19328K)->19143K(19328K) NonClass: 16478K(16576K)->16478K(16576K) Class: 2665K(2752K)->2665K(2752K)
[753.707s][info][gc             ] GC(2515) Pause Young (Allocation Failure) 342M->246M(721M) 59.093ms
[753.707s][info][gc,cpu         ] GC(2515) User=0.11s Sys=0.00s Real=0.06s
[753.818s][info][gc,start       ] GC(2516) Pause Young (Allocation Failure)
[753.883s][info][gc,heap        ] GC(2516) PSYoungGen: 152530K(222720K)->47314K(159232K) Eden: 111616K(111616K)->0K(111616K) From: 40914K(111104K)->47314K(47616K)
[753.883s][info][gc,heap        ] GC(2516) ParOldGen: 211793K(516096K)->211793K(516096K)
[753.883s][info][gc,metaspace   ] GC(2516) Metaspace: 19143K(19328K)->19143K(19328K) NonClass: 16478K(16576K)->16478K(16576K) Class: 2665K(2752K)->2665K(2752K)
[753.883s][info][gc             ] GC(2516) Pause Young (Allocation Failure) 355M->253M(659M) 64.723ms
[753.883s][info][gc,cpu         ] GC(2516) User=0.13s Sys=0.00s Real=0.07s
[753.978s][info][gc,start       ] GC(2517) Pause Young (Allocation Failure)
[754.046s][info][gc,heap        ] GC(2517) PSYoungGen: 158930K(159232K)->51538K(225280K) Eden: 111616K(111616K)->0K(115200K) From: 47314K(47616K)->51538K(110080K)
[754.047s][info][gc,heap        ] GC(2517) ParOldGen: 211793K(516096K)->211793K(516096K)
[754.047s][info][gc,metaspace   ] GC(2517) Metaspace: 19143K(19328K)->19143K(19328K) NonClass: 16478K(16576K)->16478K(16576K) Class: 2665K(2752K)->2665K(2752K)
[754.047s][info][gc             ] GC(2517) Pause Young (Allocation Failure) 362M->257M(724M) 68.687ms
[754.047s][info][gc,cpu         ] GC(2517) User=0.14s Sys=0.00s Real=0.07s
[754.131s][info][gc,start       ] GC(2518) Pause Young (Allocation Failure)
[754.216s][info][gc,heap        ] GC(2518) PSYoungGen: 166738K(225280K)->71826K(221696K) Eden: 115200K(115200K)->0K(115200K) From: 51538K(110080K)->71826K(106496K)
[754.216s][info][gc,heap        ] GC(2518) ParOldGen: 211793K(516096K)->211793K(516096K)
[754.216s][info][gc,metaspace   ] GC(2518) Metaspace: 19143K(19328K)->19143K(19328K) NonClass: 16478K(16576K)->16478K(16576K) Class: 2665K(2752K)->2665K(2752K)
[754.216s][info][gc             ] GC(2518) Pause Young (Allocation Failure) 369M->276M(720M) 84.813ms
[754.216s][info][gc,cpu         ] GC(2518) User=0.17s Sys=0.00s Real=0.08s
[754.275s][info][gc,start       ] GC(2519) Pause Young (Allocation Failure)
[754.386s][info][gc,heap        ] GC(2519) PSYoungGen: 187026K(221696K)->99426K(222208K) Eden: 115200K(115200K)->0K(111616K) From: 71826K(106496K)->99426K(110592K)
[754.386s][info][gc,heap        ] GC(2519) ParOldGen: 211793K(516096K)->211793K(516096K)
[754.386s][info][gc,metaspace   ] GC(2519) Metaspace: 19143K(19328K)->19143K(19328K) NonClass: 16478K(16576K)->16478K(16576K) Class: 2665K(2752K)->2665K(2752K)
[754.386s][info][gc             ] GC(2519) Pause Young (Allocation Failure) 389M->303M(721M) 110.531ms
[754.386s][info][gc,cpu         ] GC(2519) User=0.22s Sys=0.00s Real=0.11s
[754.481s][info][gc,start       ] GC(2520) Pause Young (Allocation Failure)
[754.595s][info][gc,heap        ] GC(2520) PSYoungGen: 211042K(222208K)->106021K(222720K) Eden: 111616K(111616K)->0K(111616K) From: 99426K(110592K)->106021K(111104K)
[754.595s][info][gc,heap        ] GC(2520) ParOldGen: 211793K(516096K)->219305K(516096K)
[754.595s][info][gc,metaspace   ] GC(2520) Metaspace: 19143K(19328K)->19143K(19328K) NonClass: 16478K(16576K)->16478K(16576K) Class: 2665K(2752K)->2665K(2752K)
[754.595s][info][gc             ] GC(2520) Pause Young (Allocation Failure) 412M->317M(721M) 113.588ms
[754.595s][info][gc,cpu         ] GC(2520) User=0.22s Sys=0.00s Real=0.11s
[754.677s][info][gc,start       ] GC(2521) Pause Young (Allocation Failure)
[754.787s][info][gc,heap        ] GC(2521) PSYoungGen: 217637K(222720K)->82547K(222720K) Eden: 111616K(111616K)->0K(111616K) From: 106021K(111104K)->82547K(111104K)
[754.787s][info][gc,heap        ] GC(2521) ParOldGen: 219305K(516096K)->252782K(516096K)
[754.787s][info][gc,metaspace   ] GC(2521) Metaspace: 19143K(19328K)->19143K(19328K) NonClass: 16478K(16576K)->16478K(16576K) Class: 2665K(2752K)->2665K(2752K)
[754.787s][info][gc             ] GC(2521) Pause Young (Allocation Failure) 426M->327M(721M) 110.170ms
[754.787s][info][gc,cpu         ] GC(2521) User=0.21s Sys=0.00s Real=0.11s
[754.866s][info][gc,start       ] GC(2522) Pause Young (Allocation Failure)
[754.939s][info][gc,heap        ] GC(2522) PSYoungGen: 194163K(222720K)->74483K(222720K) Eden: 111616K(111616K)->0K(111616K) From: 82547K(111104K)->74483K(111104K)
[754.939s][info][gc,heap        ] GC(2522) ParOldGen: 252782K(516096K)->263414K(516096K)
[754.939s][info][gc,metaspace   ] GC(2522) Metaspace: 19143K(19328K)->19143K(19328K) NonClass: 16478K(16576K)->16478K(16576K) Class: 2665K(2752K)->2665K(2752K)
[754.939s][info][gc             ] GC(2522) Pause Young (Allocation Failure) 436M->329M(721M) 72.958ms
[754.939s][info][gc,cpu         ] GC(2522) User=0.14s Sys=0.00s Real=0.07s
[755.017s][info][gc,start       ] GC(2523) Pause Young (Allocation Failure)
[755.083s][info][gc,heap        ] GC(2523) PSYoungGen: 186099K(222720K)->29635K(222720K) Eden: 111616K(111616K)->0K(111616K) From: 74483K(111104K)->29635K(111104K)
[755.083s][info][gc,heap        ] GC(2523) ParOldGen: 263414K(516096K)->311601K(516096K)
[755.083s][info][gc,metaspace   ] GC(2523) Metaspace: 19143K(19328K)->19143K(19328K) NonClass: 16478K(16576K)->16478K(16576K) Class: 2665K(2752K)->2665K(2752K)
[755.083s][info][gc             ] GC(2523) Pause Young (Allocation Failure) 438M->333M(721M) 65.579ms
[755.083s][info][gc,cpu         ] GC(2523) User=0.13s Sys=0.00s Real=0.07s
[755.148s][info][gc,start       ] GC(2524) Pause Young (Allocation Failure)
[755.184s][info][gc,heap        ] GC(2524) PSYoungGen: 141251K(222720K)->9408K(222720K) Eden: 111616K(111616K)->0K(111616K) From: 29635K(111104K)->9408K(111104K)
[755.184s][info][gc,heap        ] GC(2524) ParOldGen: 311601K(516096K)->335760K(516096K)
[755.184s][info][gc,metaspace   ] GC(2524) Metaspace: 19143K(19328K)->19143K(19328K) NonClass: 16478K(16576K)->16478K(16576K) Class: 2665K(2752K)->2665K(2752K)
[755.184s][info][gc             ] GC(2524) Pause Young (Allocation Failure) 442M->337M(721M) 36.083ms
[755.184s][info][gc,cpu         ] GC(2524) User=0.07s Sys=0.00s Real=0.04s
[755.445s][info][gc,start       ] GC(2525) Pause Young (Allocation Failure)
[755.457s][info][gc,heap        ] GC(2525) PSYoungGen: 121024K(222720K)->4224K(222720K) Eden: 111616K(111616K)->0K(111616K) From: 9408K(111104K)->4224K(111104K)
[755.457s][info][gc,heap        ] GC(2525) ParOldGen: 335760K(516096K)->341320K(516096K)
[755.457s][info][gc,metaspace   ] GC(2525) Metaspace: 19143K(19328K)->19143K(19328K) NonClass: 16478K(16576K)->16478K(16576K) Class: 2665K(2752K)->2665K(2752K)
[755.457s][info][gc             ] GC(2525) Pause Young (Allocation Failure) 446M->337M(721M) 11.942ms
[755.457s][info][gc,cpu         ] GC(2525) User=0.02s Sys=0.00s Real=0.01s
[755.675s][info][gc,start       ] GC(2526) Pause Young (Allocation Failure)
[755.707s][info][gc,heap        ] GC(2526) PSYoungGen: 115840K(222720K)->29280K(222720K) Eden: 111616K(111616K)->0K(111616K) From: 4224K(111104K)->29280K(111104K)
[755.707s][info][gc,heap        ] GC(2526) ParOldGen: 341320K(516096K)->345477K(516096K)
[755.707s][info][gc,metaspace   ] GC(2526) Metaspace: 19143K(19328K)->19143K(19328K) NonClass: 16478K(16576K)->16478K(16576K) Class: 2665K(2752K)->2665K(2752K)
[755.707s][info][gc             ] GC(2526) Pause Young (Allocation Failure) 446M->365M(721M) 31.462ms
[755.707s][info][gc,cpu         ] GC(2526) User=0.06s Sys=0.00s Real=0.03s
[755.799s][info][gc,start       ] GC(2527) Pause Young (Allocation Failure)
[755.855s][info][gc,heap        ] GC(2527) PSYoungGen: 140896K(222720K)->36880K(222720K) Eden: 111616K(111616K)->0K(111616K) From: 29280K(111104K)->36880K(111104K)
[755.855s][info][gc,heap        ] GC(2527) ParOldGen: 345477K(516096K)->374837K(516096K)
[755.855s][info][gc,metaspace   ] GC(2527) Metaspace: 19143K(19328K)->19143K(19328K) NonClass: 16478K(16576K)->16478K(16576K) Class: 2665K(2752K)->2665K(2752K)
[755.855s][info][gc             ] GC(2527) Pause Young (Allocation Failure) 474M->402M(721M) 55.818ms
[755.855s][info][gc,cpu         ] GC(2527) User=0.11s Sys=0.00s Real=0.06s
[756.011s][info][gc,start       ] GC(2528) Pause Young (Allocation Failure)
[756.054s][info][gc,heap        ] GC(2528) PSYoungGen: 148496K(222720K)->14112K(222720K) Eden: 111616K(111616K)->0K(111616K) From: 36880K(111104K)->14112K(111104K)
[756.054s][info][gc,heap        ] GC(2528) ParOldGen: 374837K(516096K)->412013K(516096K)
[756.054s][info][gc,metaspace   ] GC(2528) Metaspace: 19143K(19328K)->19143K(19328K) NonClass: 16478K(16576K)->16478K(16576K) Class: 2665K(2752K)->2665K(2752K)
[756.054s][info][gc             ] GC(2528) Pause Young (Allocation Failure) 511M->416M(721M) 42.278ms
[756.054s][info][gc,cpu         ] GC(2528) User=0.08s Sys=0.00s Real=0.04s
[756.153s][info][gc,start       ] GC(2529) Pause Young (Allocation Failure)
[756.176s][info][gc,heap        ] GC(2529) PSYoungGen: 125728K(222720K)->1856K(222720K) Eden: 111616K(111616K)->0K(111616K) From: 14112K(111104K)->1856K(111104K)
[756.176s][info][gc,heap        ] GC(2529) ParOldGen: 412013K(516096K)->426111K(516096K)
[756.176s][info][gc,metaspace   ] GC(2529) Metaspace: 19143K(19328K)->19143K(19328K) NonClass: 16478K(16576K)->16478K(16576K) Class: 2665K(2752K)->2665K(2752K)
[756.176s][info][gc             ] GC(2529) Pause Young (Allocation Failure) 525M->417M(721M) 22.634ms
[756.176s][info][gc,cpu         ] GC(2529) User=0.05s Sys=0.00s Real=0.02s
[756.282s][info][gc,start       ] GC(2530) Pause Young (Allocation Failure)
[756.287s][info][gc,heap        ] GC(2530) PSYoungGen: 113472K(222720K)->1440K(222720K) Eden: 111616K(111616K)->0K(111616K) From: 1856K(111104K)->1440K(111104K)
[756.287s][info][gc,heap        ] GC(2530) ParOldGen: 426111K(516096K)->427951K(516096K)
[756.287s][info][gc,metaspace   ] GC(2530) Metaspace: 19143K(19328K)->19143K(19328K) NonClass: 16478K(16576K)->16478K(16576K) Class: 2665K(2752K)->2665K(2752K)
[756.287s][info][gc             ] GC(2530) Pause Young (Allocation Failure) 526M->419M(721M) 5.015ms
[756.287s][info][gc,cpu         ] GC(2530) User=0.01s Sys=0.00s Real=0.00s
[756.492s][info][gc,start       ] GC(2531) Pause Young (Allocation Failure)
[756.496s][info][gc,heap        ] GC(2531) PSYoungGen: 113056K(222720K)->256K(222720K) Eden: 111616K(111616K)->0K(111616K) From: 1440K(111104K)->256K(111104K)
[756.496s][info][gc,heap        ] GC(2531) ParOldGen: 427951K(516096K)->429191K(516096K)
[756.496s][info][gc,metaspace   ] GC(2531) Metaspace: 19143K(19328K)->19143K(19328K) NonClass: 16478K(16576K)->16478K(16576K) Class: 2665K(2752K)->2665K(2752K)
[756.496s][info][gc             ] GC(2531) Pause Young (Allocation Failure) 528M->419M(721M) 3.694ms
[756.496s][info][gc,cpu         ] GC(2531) User=0.00s Sys=0.00s Real=0.00s
[756.676s][info][gc,start       ] GC(2532) Pause Young (Allocation Failure)
[756.681s][info][gc,heap        ] GC(2532) PSYoungGen: 111872K(222720K)->2048K(222720K) Eden: 111616K(111616K)->0K(111616K) From: 256K(111104K)->2048K(111104K)
[756.682s][info][gc,heap        ] GC(2532) ParOldGen: 429191K(516096K)->429351K(516096K)
[756.682s][info][gc,metaspace   ] GC(2532) Metaspace: 19143K(19328K)->19143K(19328K) NonClass: 16478K(16576K)->16478K(16576K) Class: 2665K(2752K)->2665K(2752K)
[756.682s][info][gc             ] GC(2532) Pause Young (Allocation Failure) 528M->421M(721M) 5.085ms
[756.682s][info][gc,cpu         ] GC(2532) User=0.01s Sys=0.00s Real=0.01s
[756.805s][info][gc,start       ] GC(2533) Pause Young (Allocation Failure)
[756.851s][info][gc,heap        ] GC(2533) PSYoungGen: 113664K(222720K)->51475K(222720K) Eden: 111616K(111616K)->0K(111616K) From: 2048K(111104K)->51475K(111104K)
[756.851s][info][gc,heap        ] GC(2533) ParOldGen: 429351K(516096K)->431383K(516096K)
[756.851s][info][gc,metaspace   ] GC(2533) Metaspace: 19144K(19328K)->19144K(19328K) NonClass: 16479K(16576K)->16479K(16576K) Class: 2665K(2752K)->2665K(2752K)
[756.851s][info][gc             ] GC(2533) Pause Young (Allocation Failure) 530M->471M(721M) 46.118ms
[756.851s][info][gc,cpu         ] GC(2533) User=0.09s Sys=0.00s Real=0.05s
[757.010s][info][gc,start       ] GC(2534) Pause Young (Allocation Failure)
[757.075s][info][gc,heap        ] GC(2534) PSYoungGen: 163091K(222720K)->22676K(134656K) Eden: 111616K(111616K)->0K(111616K) From: 51475K(111104K)->22676K(23040K)
[757.075s][info][gc,heap        ] GC(2534) ParOldGen: 431383K(516096K)->483060K(516096K)
[757.075s][info][gc,metaspace   ] GC(2534) Metaspace: 19144K(19328K)->19144K(19328K) NonClass: 16479K(16576K)->16479K(16576K) Class: 2665K(2752K)->2665K(2752K)
[757.075s][info][gc             ] GC(2534) Pause Young (Allocation Failure) 580M->493M(635M) 64.742ms
[757.075s][info][gc,cpu         ] GC(2534) User=0.13s Sys=0.00s Real=0.06s
[757.173s][info][gc,start       ] GC(2535) Pause Young (Allocation Failure)
[757.197s][info][gc,heap        ] GC(2535) PSYoungGen: 134292K(134656K)->23092K(214016K) Eden: 111616K(111616K)->0K(116736K) From: 22676K(23040K)->23092K(97280K)
[757.197s][info][gc,heap        ] GC(2535) ParOldGen: 483060K(516096K)->483060K(516096K)
[757.197s][info][gc,metaspace   ] GC(2535) Metaspace: 19144K(19328K)->19144K(19328K) NonClass: 16479K(16576K)->16479K(16576K) Class: 2665K(2752K)->2665K(2752K)
[757.197s][info][gc             ] GC(2535) Pause Young (Allocation Failure) 602M->494M(713M) 24.040ms
[757.197s][info][gc,cpu         ] GC(2535) User=0.04s Sys=0.00s Real=0.02s
[757.283s][info][gc,start       ] GC(2536) Pause Young (Allocation Failure)
[757.342s][info][gc,heap        ] GC(2536) PSYoungGen: 139828K(214016K)->63956K(215552K) Eden: 116736K(116736K)->0K(116736K) From: 23092K(97280K)->63956K(98816K)
[757.342s][info][gc,heap        ] GC(2536) ParOldGen: 483060K(516096K)->483060K(516096K)
[757.342s][info][gc,metaspace   ] GC(2536) Metaspace: 19144K(19328K)->19144K(19328K) NonClass: 16479K(16576K)->16479K(16576K) Class: 2665K(2752K)->2665K(2752K)
[757.342s][info][gc             ] GC(2536) Pause Young (Allocation Failure) 608M->534M(714M) 59.638ms
[757.342s][info][gc,cpu         ] GC(2536) User=0.12s Sys=0.00s Real=0.06s
[757.445s][info][gc,start       ] GC(2537) Pause Young (Allocation Failure)
[757.554s][info][gc,heap        ] GC(2537) PSYoungGen: 180692K(215552K)->104960K(216576K) Eden: 116736K(116736K)->0K(111616K) From: 63956K(98816K)->104960K(104960K)
[757.554s][info][gc,heap        ] GC(2537) ParOldGen: 483060K(516096K)->491655K(516096K)
[757.554s][info][gc,metaspace   ] GC(2537) Metaspace: 19144K(19328K)->19144K(19328K) NonClass: 16479K(16576K)->16479K(16576K) Class: 2665K(2752K)->2665K(2752K)
[757.554s][info][gc             ] GC(2537) Pause Young (Allocation Failure) 648M->582M(715M) 109.231ms
[757.554s][info][gc,cpu         ] GC(2537) User=0.20s Sys=0.02s Real=0.11s
[757.720s][info][gc,start       ] GC(2538) Pause Young (Allocation Failure)
[757.817s][info][gc,heap        ] GC(2538) PSYoungGen: 216576K(216576K)->94980K(222720K) Eden: 111616K(111616K)->0K(111616K) From: 104960K(104960K)->94980K(111104K)
[757.817s][info][gc,heap        ] GC(2538) ParOldGen: 491655K(516096K)->506719K(516096K)
[757.817s][info][gc,metaspace   ] GC(2538) Metaspace: 19144K(19328K)->19144K(19328K) NonClass: 16479K(16576K)->16479K(16576K) Class: 2665K(2752K)->2665K(2752K)
[757.817s][info][gc             ] GC(2538) Pause Young (Allocation Failure) 691M->587M(721M) 97.744ms
[757.817s][info][gc,cpu         ] GC(2538) User=0.19s Sys=0.00s Real=0.10s
[757.940s][info][gc,start       ] GC(2539) Pause Young (Allocation Failure)
[758.073s][info][gc,heap        ] GC(2539) PSYoungGen: 206596K(222720K)->15988K(222720K) Eden: 111616K(111616K)->0K(111616K) From: 94980K(111104K)->15988K(111104K)
[758.073s][info][gc,heap        ] GC(2539) ParOldGen: 506719K(516096K)->597055K(597504K)
[758.073s][info][gc,metaspace   ] GC(2539) Metaspace: 19145K(19328K)->19145K(19328K) NonClass: 16479K(16576K)->16479K(16576K) Class: 2665K(2752K)->2665K(2752K)
[758.073s][info][gc             ] GC(2539) Pause Young (Allocation Failure) 696M->598M(801M) 133.804ms
[758.073s][info][gc,cpu         ] GC(2539) User=0.20s Sys=0.07s Real=0.14s
[758.156s][info][gc,start       ] GC(2540) Pause Full (Allocation Failure)
[758.156s][info][gc,phases,start] GC(2540) Marking Phase
[758.257s][info][gc,phases      ] GC(2540) Marking Phase 101.147ms
[758.257s][info][gc,phases,start] GC(2540) Summary Phase
[758.257s][info][gc,phases      ] GC(2540) Summary Phase 0.028ms
[758.257s][info][gc,phases,start] GC(2540) Forward
[758.293s][info][gc,phases      ] GC(2540) Forward 36.137ms
[758.293s][info][gc,phases,start] GC(2540) Adjust Pointers
[758.361s][info][gc,phases      ] GC(2540) Adjust Pointers 67.451ms
[758.361s][info][gc,phases,start] GC(2540) Compaction Phase
[758.402s][info][gc,phases      ] GC(2540) Compaction Phase 41.687ms
[758.405s][info][gc,phases,start] GC(2540) Post Compact
[758.407s][info][gc,phases      ] GC(2540) Post Compact 2.032ms
[758.416s][info][gc,heap        ] GC(2540) PSYoungGen: 127604K(222720K)->0K(222720K) Eden: 111616K(111616K)->0K(111616K) From: 15988K(111104K)->0K(111104K)
[758.416s][info][gc,heap        ] GC(2540) ParOldGen: 597055K(597504K)->148537K(483328K)
[758.416s][info][gc,metaspace   ] GC(2540) Metaspace: 19145K(19328K)->19145K(19328K) NonClass: 16479K(16576K)->16479K(16576K) Class: 2665K(2752K)->2665K(2752K)
[758.416s][info][gc             ] GC(2540) Pause Full (Allocation Failure) 707M->145M(689M) 260.344ms
[758.416s][info][gc,cpu         ] GC(2540) User=0.45s Sys=0.01s Real=0.26s
[758.465s][info][gc,start       ] GC(2541) Pause Young (Allocation Failure)
[758.494s][info][gc,heap        ] GC(2541) PSYoungGen: 111616K(222720K)->43696K(222720K) Eden: 111616K(111616K)->0K(111616K) From: 0K(111104K)->43696K(111104K)
[758.494s][info][gc,heap        ] GC(2541) ParOldGen: 148537K(483328K)->148537K(483328K)
[758.494s][info][gc,metaspace   ] GC(2541) Metaspace: 19145K(19328K)->19145K(19328K) NonClass: 16479K(16576K)->16479K(16576K) Class: 2665K(2752K)->2665K(2752K)
[758.494s][info][gc             ] GC(2541) Pause Young (Allocation Failure) 254M->187M(689M) 29.480ms
[758.494s][info][gc,cpu         ] GC(2541) User=0.05s Sys=0.00s Real=0.03s
[758.525s][info][gc,start       ] GC(2542) Pause Young (Allocation Failure)
[758.579s][info][gc,heap        ] GC(2542) PSYoungGen: 155312K(222720K)->46048K(222720K) Eden: 111616K(111616K)->0K(111616K) From: 43696K(111104K)->46048K(111104K)
[758.579s][info][gc,heap        ] GC(2542) ParOldGen: 148537K(483328K)->192705K(483328K)
[758.579s][info][gc,metaspace   ] GC(2542) Metaspace: 19145K(19328K)->19145K(19328K) NonClass: 16479K(16576K)->16479K(16576K) Class: 2665K(2752K)->2665K(2752K)
[758.579s][info][gc             ] GC(2542) Pause Young (Allocation Failure) 296M->233M(689M) 54.034ms
[758.580s][info][gc,cpu         ] GC(2542) User=0.11s Sys=0.00s Real=0.05s
[758.659s][info][gc,start       ] GC(2543) Pause Young (Allocation Failure)
[758.714s][info][gc,heap        ] GC(2543) PSYoungGen: 157664K(222720K)->44096K(222720K) Eden: 111616K(111616K)->0K(111616K) From: 46048K(111104K)->44096K(111104K)
[758.714s][info][gc,heap        ] GC(2543) ParOldGen: 192705K(483328K)->239289K(483328K)
[758.714s][info][gc,metaspace   ] GC(2543) Metaspace: 19145K(19328K)->19145K(19328K) NonClass: 16479K(16576K)->16479K(16576K) Class: 2665K(2752K)->2665K(2752K)
[758.714s][info][gc             ] GC(2543) Pause Young (Allocation Failure) 342M->276M(689M) 55.838ms
[758.714s][info][gc,cpu         ] GC(2543) User=0.11s Sys=0.00s Real=0.06s
[758.808s][info][gc,start       ] GC(2544) Pause Young (Allocation Failure)
[758.842s][info][gc,heap        ] GC(2544) PSYoungGen: 155712K(222720K)->3296K(222720K) Eden: 111616K(111616K)->0K(111616K) From: 44096K(111104K)->3296K(111104K)
[758.842s][info][gc,heap        ] GC(2544) ParOldGen: 239289K(483328K)->283825K(483328K)
[758.842s][info][gc,metaspace   ] GC(2544) Metaspace: 19145K(19328K)->19145K(19328K) NonClass: 16479K(16576K)->16479K(16576K) Class: 2665K(2752K)->2665K(2752K)
[758.842s][info][gc             ] GC(2544) Pause Young (Allocation Failure) 385M->280M(689M) 34.388ms
[758.842s][info][gc,cpu         ] GC(2544) User=0.07s Sys=0.00s Real=0.04s
[758.905s][info][gc,start       ] GC(2545) Pause Young (Allocation Failure)
[758.921s][info][gc,heap        ] GC(2545) PSYoungGen: 114912K(222720K)->2560K(221696K) Eden: 111616K(111616K)->0K(111616K) From: 3296K(111104K)->2560K(110080K)
[758.921s][info][gc,heap        ] GC(2545) ParOldGen: 283825K(483328K)->287097K(483328K)
[758.921s][info][gc,metaspace   ] GC(2545) Metaspace: 19145K(19328K)->19145K(19328K) NonClass: 16479K(16576K)->16479K(16576K) Class: 2665K(2752K)->2665K(2752K)
[758.921s][info][gc             ] GC(2545) Pause Young (Allocation Failure) 389M->282M(688M) 16.291ms
[758.921s][info][gc,cpu         ] GC(2545) User=0.03s Sys=0.00s Real=0.02s
[759.059s][info][gc,start       ] GC(2546) Pause Young (Allocation Failure)
[759.118s][info][gc,heap        ] GC(2546) PSYoungGen: 114176K(221696K)->35811K(147456K) Eden: 111616K(111616K)->0K(111616K) From: 2560K(110080K)->35811K(35840K)
[759.118s][info][gc,heap        ] GC(2546) ParOldGen: 287097K(483328K)->287097K(483328K)
[759.118s][info][gc,metaspace   ] GC(2546) Metaspace: 19145K(19328K)->19145K(19328K) NonClass: 16479K(16576K)->16479K(16576K) Class: 2665K(2752K)->2665K(2752K)
[759.118s][info][gc             ] GC(2546) Pause Young (Allocation Failure) 391M->315M(616M) 59.344ms
[759.118s][info][gc,cpu         ] GC(2546) User=0.11s Sys=0.00s Real=0.06s
[759.207s][info][gc,start       ] GC(2547) Pause Young (Allocation Failure)
[759.284s][info][gc,heap        ] GC(2547) PSYoungGen: 147427K(147456K)->63203K(213504K) Eden: 111616K(111616K)->0K(110080K) From: 35811K(35840K)->63203K(103424K)
[759.284s][info][gc,heap        ] GC(2547) ParOldGen: 287097K(483328K)->287097K(483328K)
[759.284s][info][gc,metaspace   ] GC(2547) Metaspace: 19145K(19328K)->19145K(19328K) NonClass: 16479K(16576K)->16479K(16576K) Class: 2665K(2752K)->2665K(2752K)
[759.284s][info][gc             ] GC(2547) Pause Young (Allocation Failure) 424M->342M(680M) 77.306ms
[759.284s][info][gc,cpu         ] GC(2547) User=0.15s Sys=0.00s Real=0.08s
[759.370s][info][gc,start       ] GC(2548) Pause Young (Allocation Failure)
[759.470s][info][gc,heap        ] GC(2548) PSYoungGen: 173283K(213504K)->85571K(216576K) Eden: 110080K(110080K)->0K(110080K) From: 63203K(103424K)->85571K(106496K)
[759.470s][info][gc,heap        ] GC(2548) ParOldGen: 287097K(483328K)->287097K(483328K)
[759.470s][info][gc,metaspace   ] GC(2548) Metaspace: 19145K(19328K)->19145K(19328K) NonClass: 16479K(16576K)->16479K(16576K) Class: 2665K(2752K)->2665K(2752K)
[759.471s][info][gc             ] GC(2548) Pause Young (Allocation Failure) 449M->363M(683M) 100.280ms
[759.471s][info][gc,cpu         ] GC(2548) User=0.20s Sys=0.00s Real=0.10s
[759.545s][info][gc,start       ] GC(2549) Pause Young (Allocation Failure)
[759.658s][info][gc,heap        ] GC(2549) PSYoungGen: 195651K(216576K)->61408K(222720K) Eden: 110080K(110080K)->0K(111616K) From: 85571K(106496K)->61408K(111104K)
[759.658s][info][gc,heap        ] GC(2549) ParOldGen: 287097K(483328K)->322899K(483328K)
[759.658s][info][gc,metaspace   ] GC(2549) Metaspace: 19145K(19328K)->19145K(19328K) NonClass: 16479K(16576K)->16479K(16576K) Class: 2665K(2752K)->2665K(2752K)
[759.658s][info][gc             ] GC(2549) Pause Young (Allocation Failure) 471M->375M(689M) 112.652ms
[759.658s][info][gc,cpu         ] GC(2549) User=0.23s Sys=0.00s Real=0.11s
[759.711s][info][gc,start       ] GC(2550) Pause Young (Allocation Failure)
[759.771s][info][gc,heap        ] GC(2550) PSYoungGen: 173024K(222720K)->15904K(222720K) Eden: 111616K(111616K)->0K(111616K) From: 61408K(111104K)->15904K(111104K)
[759.771s][info][gc,heap        ] GC(2550) ParOldGen: 322899K(483328K)->372779K(483328K)
[759.771s][info][gc,metaspace   ] GC(2550) Metaspace: 19145K(19328K)->19145K(19328K) NonClass: 16479K(16576K)->16479K(16576K) Class: 2665K(2752K)->2665K(2752K)
[759.771s][info][gc             ] GC(2550) Pause Young (Allocation Failure) 484M->379M(689M) 60.592ms
[759.771s][info][gc,cpu         ] GC(2550) User=0.12s Sys=0.00s Real=0.06s
[759.845s][info][gc,start       ] GC(2551) Pause Young (Allocation Failure)
[759.868s][info][gc,heap        ] GC(2551) PSYoungGen: 127520K(222720K)->832K(222720K) Eden: 111616K(111616K)->0K(111616K) From: 15904K(111104K)->832K(111104K)
[759.868s][info][gc,heap        ] GC(2551) ParOldGen: 372779K(483328K)->388723K(483328K)
[759.868s][info][gc,metaspace   ] GC(2551) Metaspace: 19145K(19328K)->19145K(19328K) NonClass: 16479K(16576K)->16479K(16576K) Class: 2665K(2752K)->2665K(2752K)
[759.868s][info][gc             ] GC(2551) Pause Young (Allocation Failure) 488M->380M(689M) 23.325ms
[759.868s][info][gc,cpu         ] GC(2551) User=0.04s Sys=0.00s Real=0.02s
[759.947s][info][gc,start       ] GC(2552) Pause Young (Allocation Failure)
[759.959s][info][gc,heap        ] GC(2552) PSYoungGen: 112448K(222720K)->3232K(222720K) Eden: 111616K(111616K)->0K(111616K) From: 832K(111104K)->3232K(111104K)
[759.959s][info][gc,heap        ] GC(2552) ParOldGen: 388723K(483328K)->389531K(483328K)
[759.959s][info][gc,metaspace   ] GC(2552) Metaspace: 19145K(19328K)->19145K(19328K) NonClass: 16479K(16576K)->16479K(16576K) Class: 2665K(2752K)->2665K(2752K)
[759.959s][info][gc             ] GC(2552) Pause Young (Allocation Failure) 489M->383M(689M) 11.595ms
[759.959s][info][gc,cpu         ] GC(2552) User=0.02s Sys=0.00s Real=0.01s
[760.032s][info][gc,start       ] GC(2553) Pause Young (Allocation Failure)
[760.042s][info][gc,heap        ] GC(2553) PSYoungGen: 114848K(222720K)->3168K(220672K) Eden: 111616K(111616K)->0K(111616K) From: 3232K(111104K)->3168K(109056K)
[760.042s][info][gc,heap        ] GC(2553) ParOldGen: 389531K(483328K)->392747K(483328K)
[760.042s][info][gc,metaspace   ] GC(2553) Metaspace: 19145K(19328K)->19145K(19328K) NonClass: 16479K(16576K)->16479K(16576K) Class: 2665K(2752K)->2665K(2752K)
[760.042s][info][gc             ] GC(2553) Pause Young (Allocation Failure) 492M->386M(687M) 9.542ms
[760.042s][info][gc,cpu         ] GC(2553) User=0.02s Sys=0.00s Real=0.01s
[760.147s][info][gc,start       ] GC(2554) Pause Young (Allocation Failure)
[760.163s][info][gc,heap        ] GC(2554) PSYoungGen: 114784K(220672K)->15296K(126976K) Eden: 111616K(111616K)->0K(111616K) From: 3168K(109056K)->15296K(15360K)
[760.163s][info][gc,heap        ] GC(2554) ParOldGen: 392747K(483328K)->392747K(483328K)
[760.163s][info][gc,metaspace   ] GC(2554) Metaspace: 19145K(19328K)->19145K(19328K) NonClass: 16479K(16576K)->16479K(16576K) Class: 2665K(2752K)->2665K(2752K)
[760.163s][info][gc             ] GC(2554) Pause Young (Allocation Failure) 495M->398M(596M) 15.972ms
[760.163s][info][gc,cpu         ] GC(2554) User=0.03s Sys=0.00s Real=0.02s
[760.245s][info][gc,start       ] GC(2555) Pause Young (Allocation Failure)
[760.282s][info][gc,heap        ] GC(2555) PSYoungGen: 126912K(126976K)->38016K(219648K) Eden: 111616K(111616K)->0K(119296K) From: 15296K(15360K)->38016K(100352K)
[760.282s][info][gc,heap        ] GC(2555) ParOldGen: 392747K(483328K)->392747K(483328K)
[760.282s][info][gc,metaspace   ] GC(2555) Metaspace: 19145K(19328K)->19145K(19328K) NonClass: 16479K(16576K)->16479K(16576K) Class: 2665K(2752K)->2665K(2752K)
[760.282s][info][gc             ] GC(2555) Pause Young (Allocation Failure) 507M->420M(686M) 37.108ms
[760.282s][info][gc,cpu         ] GC(2555) User=0.07s Sys=0.00s Real=0.04s
[760.639s][info][gc,start       ] GC(2556) Pause Young (Allocation Failure)
[760.683s][info][gc,heap        ] GC(2556) PSYoungGen: 157312K(219648K)->45856K(219648K) Eden: 119296K(119296K)->0K(119296K) From: 38016K(100352K)->45856K(100352K)
[760.683s][info][gc,heap        ] GC(2556) ParOldGen: 392747K(483328K)->392747K(483328K)
[760.683s][info][gc,metaspace   ] GC(2556) Metaspace: 19145K(19328K)->19145K(19328K) NonClass: 16479K(16576K)->16479K(16576K) Class: 2665K(2752K)->2665K(2752K)
[760.683s][info][gc             ] GC(2556) Pause Young (Allocation Failure) 537M->428M(686M) 44.001ms
[760.683s][info][gc,cpu         ] GC(2556) User=0.09s Sys=0.00s Real=0.05s
[760.961s][info][gc,start       ] GC(2557) Pause Young (Allocation Failure)
[761.004s][info][gc,heap        ] GC(2557) PSYoungGen: 165152K(219648K)->45984K(221696K) Eden: 119296K(119296K)->0K(125952K) From: 45856K(100352K)->45984K(95744K)
[761.004s][info][gc,heap        ] GC(2557) ParOldGen: 392747K(483328K)->392747K(483328K)
[761.004s][info][gc,metaspace   ] GC(2557) Metaspace: 19145K(19328K)->19145K(19328K) NonClass: 16479K(16576K)->16479K(16576K) Class: 2665K(2752K)->2665K(2752K)
[761.004s][info][gc             ] GC(2557) Pause Young (Allocation Failure) 544M->428M(688M) 43.196ms
[761.004s][info][gc,cpu         ] GC(2557) User=0.08s Sys=0.00s Real=0.04s
[761.288s][info][gc,start       ] GC(2558) Pause Young (Allocation Failure)
[761.331s][info][gc,heap        ] GC(2558) PSYoungGen: 171936K(221696K)->45984K(223744K) Eden: 125952K(125952K)->0K(125952K) From: 45984K(95744K)->45984K(97792K)
[761.331s][info][gc,heap        ] GC(2558) ParOldGen: 392747K(483328K)->392747K(483328K)
[761.331s][info][gc,metaspace   ] GC(2558) Metaspace: 19145K(19328K)->19145K(19328K) NonClass: 16479K(16576K)->16479K(16576K) Class: 2665K(2752K)->2665K(2752K)
[761.331s][info][gc             ] GC(2558) Pause Young (Allocation Failure) 551M->428M(690M) 42.547ms
[761.331s][info][gc,cpu         ] GC(2558) User=0.08s Sys=0.00s Real=0.05s
[761.597s][info][gc,start       ] GC(2559) Pause Young (Allocation Failure)
[761.649s][info][gc,heap        ] GC(2559) PSYoungGen: 171936K(223744K)->45984K(224256K) Eden: 125952K(125952K)->0K(132608K) From: 45984K(97792K)->45984K(91648K)
[761.649s][info][gc,heap        ] GC(2559) ParOldGen: 392747K(483328K)->392747K(483328K)
[761.649s][info][gc,metaspace   ] GC(2559) Metaspace: 19145K(19328K)->19145K(19328K) NonClass: 16479K(16576K)->16479K(16576K) Class: 2665K(2752K)->2665K(2752K)
[761.649s][info][gc             ] GC(2559) Pause Young (Allocation Failure) 551M->428M(691M) 52.254ms
[761.649s][info][gc,cpu         ] GC(2559) User=0.11s Sys=0.00s Real=0.05s
[761.896s][info][gc,start       ] GC(2560) Pause Young (Allocation Failure)
[761.948s][info][gc,heap        ] GC(2560) PSYoungGen: 178592K(224256K)->46016K(226304K) Eden: 132608K(132608K)->0K(132608K) From: 45984K(91648K)->46016K(93696K)
[761.948s][info][gc,heap        ] GC(2560) ParOldGen: 392747K(483328K)->392747K(483328K)
[761.948s][info][gc,metaspace   ] GC(2560) Metaspace: 19145K(19328K)->19145K(19328K) NonClass: 16479K(16576K)->16479K(16576K) Class: 2665K(2752K)->2665K(2752K)
[761.949s][info][gc             ] GC(2560) Pause Young (Allocation Failure) 557M->428M(693M) 52.961ms
[761.949s][info][gc,cpu         ] GC(2560) User=0.10s Sys=0.00s Real=0.05s
[762.250s][info][gc,start       ] GC(2561) Pause Young (Allocation Failure)
[762.312s][info][gc,heap        ] GC(2561) PSYoungGen: 178624K(226304K)->49824K(228864K) Eden: 132608K(132608K)->0K(139264K) From: 46016K(93696K)->49824K(89600K)
[762.312s][info][gc,heap        ] GC(2561) ParOldGen: 392747K(483328K)->392747K(483328K)
[762.312s][info][gc,metaspace   ] GC(2561) Metaspace: 19145K(19328K)->19145K(19328K) NonClass: 16479K(16576K)->16479K(16576K) Class: 2665K(2752K)->2665K(2752K)
[762.312s][info][gc             ] GC(2561) Pause Young (Allocation Failure) 557M->432M(695M) 61.516ms
[762.312s][info][gc,cpu         ] GC(2561) User=0.12s Sys=0.00s Real=0.06s
[762.461s][info][gc,start       ] GC(2562) Pause Young (Allocation Failure)
[762.531s][info][gc,heap        ] GC(2562) PSYoungGen: 189088K(228864K)->84758K(230400K) Eden: 139264K(139264K)->0K(139264K) From: 49824K(89600K)->84758K(91136K)
[762.531s][info][gc,heap        ] GC(2562) ParOldGen: 392747K(483328K)->392747K(483328K)
[762.531s][info][gc,metaspace   ] GC(2562) Metaspace: 19145K(19328K)->19145K(19328K) NonClass: 16479K(16576K)->16479K(16576K) Class: 2665K(2752K)->2665K(2752K)
[762.531s][info][gc             ] GC(2562) Pause Young (Allocation Failure) 568M->466M(697M) 69.742ms
[762.531s][info][gc,cpu         ] GC(2562) User=0.13s Sys=0.00s Real=0.07s
[762.583s][info][gc,start       ] GC(2563) Pause Young (Allocation Failure)
[762.691s][info][gc,heap        ] GC(2563) PSYoungGen: 224022K(230400K)->103398K(215040K) Eden: 139264K(139264K)->0K(111616K) From: 84758K(91136K)->103398K(103424K)
[762.691s][info][gc,heap        ] GC(2563) ParOldGen: 392747K(483328K)->418979K(483328K)
[762.691s][info][gc,metaspace   ] GC(2563) Metaspace: 19145K(19328K)->19145K(19328K) NonClass: 16479K(16576K)->16479K(16576K) Class: 2665K(2752K)->2665K(2752K)
[762.691s][info][gc             ] GC(2563) Pause Young (Allocation Failure) 602M->510M(682M) 108.636ms
[762.691s][info][gc,cpu         ] GC(2563) User=0.20s Sys=0.01s Real=0.11s
[762.790s][info][gc,start       ] GC(2564) Pause Young (Allocation Failure)
[762.901s][info][gc,heap        ] GC(2564) PSYoungGen: 215014K(215040K)->111078K(222720K) Eden: 111616K(111616K)->0K(111616K) From: 103398K(103424K)->111078K(111104K)
[762.901s][info][gc,heap        ] GC(2564) ParOldGen: 418979K(483328K)->448251K(483328K)
[762.902s][info][gc,metaspace   ] GC(2564) Metaspace: 19145K(19328K)->19145K(19328K) NonClass: 16479K(16576K)->16479K(16576K) Class: 2665K(2752K)->2665K(2752K)
[762.902s][info][gc             ] GC(2564) Pause Young (Allocation Failure) 619M->546M(689M) 111.561ms
[762.902s][info][gc,cpu         ] GC(2564) User=0.22s Sys=0.00s Real=0.11s
[762.979s][info][gc,start       ] GC(2565) Pause Young (Allocation Failure)
[763.075s][info][gc,heap        ] GC(2565) PSYoungGen: 222694K(222720K)->84934K(222720K) Eden: 111616K(111616K)->0K(111616K) From: 111078K(111104K)->84934K(111104K)
[763.075s][info][gc,heap        ] GC(2565) ParOldGen: 448251K(483328K)->478870K(483328K)
[763.075s][info][gc,metaspace   ] GC(2565) Metaspace: 19145K(19328K)->19145K(19328K) NonClass: 16479K(16576K)->16479K(16576K) Class: 2665K(2752K)->2665K(2752K)
[763.075s][info][gc             ] GC(2565) Pause Young (Allocation Failure) 655M->550M(689M) 95.920ms
[763.075s][info][gc,cpu         ] GC(2565) User=0.19s Sys=0.00s Real=0.10s
[763.133s][info][gc,start       ] GC(2566) Pause Young (Allocation Failure)
[763.203s][info][gc,heap        ] GC(2566) PSYoungGen: 196550K(222720K)->85862K(222720K) Eden: 111616K(111616K)->0K(111616K) From: 84934K(111104K)->85862K(111104K)
[763.203s][info][gc,heap        ] GC(2566) ParOldGen: 478870K(483328K)->479046K(483328K)
[763.203s][info][gc,metaspace   ] GC(2566) Metaspace: 19145K(19328K)->19145K(19328K) NonClass: 16479K(16576K)->16479K(16576K) Class: 2665K(2752K)->2665K(2752K)
[763.204s][info][gc             ] GC(2566) Pause Young (Allocation Failure) 659M->551M(689M) 70.767ms
[763.204s][info][gc,cpu         ] GC(2566) User=0.14s Sys=0.00s Real=0.07s
[763.283s][info][gc,start       ] GC(2567) Pause Young (Allocation Failure)
[763.367s][info][gc,heap        ] GC(2567) PSYoungGen: 197478K(222720K)->95270K(222720K) Eden: 111616K(111616K)->0K(111616K) From: 85862K(111104K)->95270K(111104K)
[763.367s][info][gc,heap        ] GC(2567) ParOldGen: 479046K(483328K)->479070K(483328K)
[763.367s][info][gc,metaspace   ] GC(2567) Metaspace: 19145K(19328K)->19145K(19328K) NonClass: 16479K(16576K)->16479K(16576K) Class: 2665K(2752K)->2665K(2752K)
[763.367s][info][gc             ] GC(2567) Pause Young (Allocation Failure) 660M->560M(689M) 84.590ms
[763.367s][info][gc,cpu         ] GC(2567) User=0.16s Sys=0.00s Real=0.08s
[763.484s][info][gc,start       ] GC(2568) Pause Young (Allocation Failure)
[763.605s][info][gc,heap        ] GC(2568) PSYoungGen: 206886K(222720K)->74719K(222720K) Eden: 111616K(111616K)->0K(111616K) From: 95270K(111104K)->74719K(111104K)
[763.605s][info][gc,heap        ] GC(2568) ParOldGen: 479070K(483328K)->513179K(513536K)
[763.605s][info][gc,metaspace   ] GC(2568) Metaspace: 19145K(19328K)->19145K(19328K) NonClass: 16479K(16576K)->16479K(16576K) Class: 2665K(2752K)->2665K(2752K)
[763.605s][info][gc             ] GC(2568) Pause Young (Allocation Failure) 669M->574M(719M) 121.200ms
[763.605s][info][gc,cpu         ] GC(2568) User=0.22s Sys=0.02s Real=0.12s
[763.687s][info][gc,start       ] GC(2569) Pause Young (Allocation Failure)
[763.807s][info][gc,heap        ] GC(2569) PSYoungGen: 186335K(222720K)->60236K(222720K) Eden: 111616K(111616K)->0K(111616K) From: 74719K(111104K)->60236K(111104K)
[763.807s][info][gc,heap        ] GC(2569) ParOldGen: 513179K(513536K)->548703K(548864K)
[763.807s][info][gc,metaspace   ] GC(2569) Metaspace: 19145K(19328K)->19145K(19328K) NonClass: 16479K(16576K)->16479K(16576K) Class: 2665K(2752K)->2665K(2752K)
[763.807s][info][gc             ] GC(2569) Pause Young (Allocation Failure) 683M->594M(753M) 120.513ms
[763.807s][info][gc,cpu         ] GC(2569) User=0.21s Sys=0.03s Real=0.12s
[763.882s][info][gc,start       ] GC(2570) Pause Young (Allocation Failure)
[763.968s][info][gc,heap        ] GC(2570) PSYoungGen: 171852K(222720K)->64044K(222720K) Eden: 111616K(111616K)->0K(111616K) From: 60236K(111104K)->64044K(111104K)
[763.968s][info][gc,heap        ] GC(2570) ParOldGen: 548703K(548864K)->554223K(554496K)
[763.968s][info][gc,metaspace   ] GC(2570) Metaspace: 19145K(19328K)->19145K(19328K) NonClass: 16479K(16576K)->16479K(16576K) Class: 2665K(2752K)->2665K(2752K)
[763.968s][info][gc             ] GC(2570) Pause Young (Allocation Failure) 703M->603M(759M) 85.606ms
[763.968s][info][gc,cpu         ] GC(2570) User=0.17s Sys=0.01s Real=0.08s
[764.056s][info][gc,start       ] GC(2571) Pause Young (Allocation Failure)
[764.163s][info][gc,heap        ] GC(2571) PSYoungGen: 175660K(222720K)->45664K(222720K) Eden: 111616K(111616K)->0K(111616K) From: 64044K(111104K)->45664K(111104K)
[764.163s][info][gc,heap        ] GC(2571) ParOldGen: 554223K(554496K)->588346K(588800K)
[764.163s][info][gc,metaspace   ] GC(2571) Metaspace: 19145K(19328K)->19145K(19328K) NonClass: 16479K(16576K)->16479K(16576K) Class: 2665K(2752K)->2665K(2752K)
[764.163s][info][gc             ] GC(2571) Pause Young (Allocation Failure) 712M->619M(792M) 106.816ms
[764.163s][info][gc,cpu         ] GC(2571) User=0.19s Sys=0.02s Real=0.11s
[764.226s][info][gc,start       ] GC(2572) Pause Young (Allocation Failure)
[764.289s][info][gc,heap        ] GC(2572) PSYoungGen: 157280K(222720K)->21472K(222720K) Eden: 111616K(111616K)->0K(111616K) From: 45664K(111104K)->21472K(111104K)
[764.290s][info][gc,heap        ] GC(2572) ParOldGen: 588346K(588800K)->618362K(618496K)
[764.290s][info][gc,metaspace   ] GC(2572) Metaspace: 19145K(19328K)->19145K(19328K) NonClass: 16479K(16576K)->16479K(16576K) Class: 2665K(2752K)->2665K(2752K)
[764.290s][info][gc             ] GC(2572) Pause Young (Allocation Failure) 728M->624M(821M) 64.024ms
[764.290s][info][gc,cpu         ] GC(2572) User=0.11s Sys=0.02s Real=0.06s
[764.418s][info][gc,start       ] GC(2573) Pause Full (Allocation Failure)
[764.418s][info][gc,phases,start] GC(2573) Marking Phase
[764.677s][info][gc,phases      ] GC(2573) Marking Phase 258.448ms
[764.677s][info][gc,phases,start] GC(2573) Summary Phase
[764.677s][info][gc,phases      ] GC(2573) Summary Phase 0.025ms
[764.677s][info][gc,phases,start] GC(2573) Forward
[764.780s][info][gc,phases      ] GC(2573) Forward 103.437ms
[764.780s][info][gc,phases,start] GC(2573) Adjust Pointers
[764.986s][info][gc,phases      ] GC(2573) Adjust Pointers 205.292ms
[764.986s][info][gc,phases,start] GC(2573) Compaction Phase
[765.103s][info][gc,phases      ] GC(2573) Compaction Phase 117.142ms
[765.111s][info][gc,phases,start] GC(2573) Post Compact
[765.113s][info][gc,phases      ] GC(2573) Post Compact 2.194ms
[765.113s][info][gc,heap        ] GC(2573) PSYoungGen: 133088K(222720K)->0K(222720K) Eden: 111616K(111616K)->0K(111616K) From: 21472K(111104K)->0K(111104K)
[765.113s][info][gc,heap        ] GC(2573) ParOldGen: 618362K(618496K)->383893K(667648K)
[765.113s][info][gc,metaspace   ] GC(2573) Metaspace: 19145K(19328K)->19145K(19328K) NonClass: 16479K(16576K)->16479K(16576K) Class: 2665K(2752K)->2665K(2752K)
[765.114s][info][gc             ] GC(2573) Pause Full (Allocation Failure) 733M->374M(869M) 695.335ms
[765.114s][info][gc,cpu         ] GC(2573) User=1.29s Sys=0.00s Real=0.70s
[765.233s][info][gc,start       ] GC(2574) Pause Young (Allocation Failure)
[765.239s][info][gc,heap        ] GC(2574) PSYoungGen: 111616K(222720K)->3328K(222720K) Eden: 111616K(111616K)->0K(111616K) From: 0K(111104K)->3328K(111104K)
[765.239s][info][gc,heap        ] GC(2574) ParOldGen: 383893K(667648K)->383893K(667648K)
[765.239s][info][gc,metaspace   ] GC(2574) Metaspace: 19145K(19328K)->19145K(19328K) NonClass: 16479K(16576K)->16479K(16576K) Class: 2665K(2752K)->2665K(2752K)
[765.239s][info][gc             ] GC(2574) Pause Young (Allocation Failure) 483M->378M(869M) 6.615ms
[765.239s][info][gc,cpu         ] GC(2574) User=0.01s Sys=0.00s Real=0.00s
[765.376s][info][gc,start       ] GC(2575) Pause Young (Allocation Failure)
[765.388s][info][gc,heap        ] GC(2575) PSYoungGen: 114944K(222720K)->7776K(222720K) Eden: 111616K(111616K)->0K(111616K) From: 3328K(111104K)->7776K(111104K)
[765.388s][info][gc,heap        ] GC(2575) ParOldGen: 383893K(667648K)->387210K(667648K)
[765.388s][info][gc,metaspace   ] GC(2575) Metaspace: 19145K(19328K)->19145K(19328K) NonClass: 16479K(16576K)->16479K(16576K) Class: 2665K(2752K)->2665K(2752K)
[765.388s][info][gc             ] GC(2575) Pause Young (Allocation Failure) 487M->385M(869M) 12.248ms
[765.388s][info][gc,cpu         ] GC(2575) User=0.02s Sys=0.00s Real=0.01s
[765.496s][info][gc,start       ] GC(2576) Pause Young (Allocation Failure)
[765.528s][info][gc,heap        ] GC(2576) PSYoungGen: 119392K(222720K)->20736K(222720K) Eden: 111616K(111616K)->0K(111616K) From: 7776K(111104K)->20736K(111104K)
[765.528s][info][gc,heap        ] GC(2576) ParOldGen: 387210K(667648K)->394946K(667648K)
[765.528s][info][gc,metaspace   ] GC(2576) Metaspace: 19145K(19328K)->19145K(19328K) NonClass: 16479K(16576K)->16479K(16576K) Class: 2665K(2752K)->2665K(2752K)
[765.528s][info][gc             ] GC(2576) Pause Young (Allocation Failure) 494M->405M(869M) 31.383ms
[765.528s][info][gc,cpu         ] GC(2576) User=0.06s Sys=0.00s Real=0.03s
[765.654s][info][gc,start       ] GC(2577) Pause Young (Allocation Failure)
[765.685s][info][gc,heap        ] GC(2577) PSYoungGen: 132352K(222720K)->13248K(222720K) Eden: 111616K(111616K)->0K(111616K) From: 20736K(111104K)->13248K(111104K)
[765.685s][info][gc,heap        ] GC(2577) ParOldGen: 394946K(667648K)->415693K(667648K)
[765.685s][info][gc,metaspace   ] GC(2577) Metaspace: 19145K(19328K)->19145K(19328K) NonClass: 16479K(16576K)->16479K(16576K) Class: 2665K(2752K)->2665K(2752K)
[765.685s][info][gc             ] GC(2577) Pause Young (Allocation Failure) 514M->418M(869M) 31.192ms
[765.685s][info][gc,cpu         ] GC(2577) User=0.06s Sys=0.00s Real=0.03s
[765.842s][info][gc,start       ] GC(2578) Pause Young (Allocation Failure)
[765.869s][info][gc,heap        ] GC(2578) PSYoungGen: 124864K(222720K)->20480K(222720K) Eden: 111616K(111616K)->0K(111616K) From: 13248K(111104K)->20480K(111104K)
[765.869s][info][gc,heap        ] GC(2578) ParOldGen: 415693K(667648K)->428997K(667648K)
[765.869s][info][gc,metaspace   ] GC(2578) Metaspace: 19145K(19328K)->19145K(19328K) NonClass: 16479K(16576K)->16479K(16576K) Class: 2665K(2752K)->2665K(2752K)
[765.869s][info][gc             ] GC(2578) Pause Young (Allocation Failure) 527M->438M(869M) 27.278ms
[765.869s][info][gc,cpu         ] GC(2578) User=0.06s Sys=0.00s Real=0.02s
[765.927s][info][gc,start       ] GC(2579) Pause Young (Allocation Failure)
[765.969s][info][gc,heap        ] GC(2579) PSYoungGen: 132096K(222720K)->42592K(222720K) Eden: 111616K(111616K)->0K(111616K) From: 20480K(111104K)->42592K(111104K)
[765.969s][info][gc,heap        ] GC(2579) ParOldGen: 428997K(667648K)->449685K(667648K)
[765.969s][info][gc,metaspace   ] GC(2579) Metaspace: 19145K(19328K)->19145K(19328K) NonClass: 16479K(16576K)->16479K(16576K) Class: 2665K(2752K)->2665K(2752K)
[765.969s][info][gc             ] GC(2579) Pause Young (Allocation Failure) 547M->480M(869M) 42.127ms
[765.969s][info][gc,cpu         ] GC(2579) User=0.09s Sys=0.00s Real=0.04s
[766.148s][info][gc,start       ] GC(2580) Pause Young (Allocation Failure)
[766.184s][info][gc,heap        ] GC(2580) PSYoungGen: 154208K(222720K)->15024K(222720K) Eden: 111616K(111616K)->0K(111616K) From: 42592K(111104K)->15024K(111104K)
[766.184s][info][gc,heap        ] GC(2580) ParOldGen: 449685K(667648K)->492757K(667648K)
[766.184s][info][gc,metaspace   ] GC(2580) Metaspace: 19145K(19328K)->19145K(19328K) NonClass: 16479K(16576K)->16479K(16576K) Class: 2665K(2752K)->2665K(2752K)
[766.184s][info][gc             ] GC(2580) Pause Young (Allocation Failure) 589M->495M(869M) 36.520ms
[766.184s][info][gc,cpu         ] GC(2580) User=0.07s Sys=0.00s Real=0.04s
[766.329s][info][gc,start       ] GC(2581) Pause Young (Allocation Failure)
[766.360s][info][gc,heap        ] GC(2581) PSYoungGen: 126640K(222720K)->8287K(222720K) Eden: 111616K(111616K)->0K(111616K) From: 15024K(111104K)->8287K(111104K)
[766.360s][info][gc,heap        ] GC(2581) ParOldGen: 492757K(667648K)->507914K(667648K)
[766.360s][info][gc,metaspace   ] GC(2581) Metaspace: 19145K(19328K)->19145K(19328K) NonClass: 16479K(16576K)->16479K(16576K) Class: 2665K(2752K)->2665K(2752K)
[766.360s][info][gc             ] GC(2581) Pause Young (Allocation Failure) 604M->504M(869M) 31.013ms
[766.360s][info][gc,cpu         ] GC(2581) User=0.06s Sys=0.00s Real=0.04s
[766.501s][info][gc,start       ] GC(2582) Pause Young (Allocation Failure)
[766.552s][info][gc,heap        ] GC(2582) PSYoungGen: 119903K(222720K)->30208K(142336K) Eden: 111616K(111616K)->0K(111616K) From: 8287K(111104K)->30208K(30720K)
[766.552s][info][gc,heap        ] GC(2582) ParOldGen: 507914K(667648K)->515656K(667648K)
[766.552s][info][gc,metaspace   ] GC(2582) Metaspace: 19145K(19328K)->19145K(19328K) NonClass: 16479K(16576K)->16479K(16576K) Class: 2665K(2752K)->2665K(2752K)
[766.552s][info][gc             ] GC(2582) Pause Young (Allocation Failure) 613M->533M(791M) 50.335ms
[766.552s][info][gc,cpu         ] GC(2582) User=0.10s Sys=0.00s Real=0.05s
[766.683s][info][gc,start       ] GC(2583) Pause Young (Allocation Failure)
[766.733s][info][gc,heap        ] GC(2583) PSYoungGen: 141824K(142336K)->46784K(219648K) Eden: 111616K(111616K)->0K(114176K) From: 30208K(30720K)->46784K(105472K)
[766.733s][info][gc,heap        ] GC(2583) ParOldGen: 515656K(667648K)->515656K(667648K)
[766.733s][info][gc,metaspace   ] GC(2583) Metaspace: 19145K(19328K)->19145K(19328K) NonClass: 16479K(16576K)->16479K(16576K) Class: 2665K(2752K)->2665K(2752K)
[766.733s][info][gc             ] GC(2583) Pause Young (Allocation Failure) 642M->549M(866M) 50.347ms
[766.733s][info][gc,cpu         ] GC(2583) User=0.10s Sys=0.00s Real=0.05s
[766.816s][info][gc,start       ] GC(2584) Pause Young (Allocation Failure)
[766.868s][info][gc,heap        ] GC(2584) PSYoungGen: 160960K(219648K)->50816K(217088K) Eden: 114176K(114176K)->0K(114176K) From: 46784K(105472K)->50816K(102912K)
[766.868s][info][gc,heap        ] GC(2584) ParOldGen: 515656K(667648K)->515656K(667648K)
[766.868s][info][gc,metaspace   ] GC(2584) Metaspace: 19145K(19328K)->19145K(19328K) NonClass: 16479K(16576K)->16479K(16576K) Class: 2665K(2752K)->2665K(2752K)
[766.868s][info][gc             ] GC(2584) Pause Young (Allocation Failure) 660M->553M(864M) 52.606ms
[766.868s][info][gc,cpu         ] GC(2584) User=0.10s Sys=0.00s Real=0.05s
[766.990s][info][gc,start       ] GC(2585) Pause Young (Allocation Failure)
[767.043s][info][gc,heap        ] GC(2585) PSYoungGen: 164992K(217088K)->51456K(223232K) Eden: 114176K(114176K)->0K(123904K) From: 50816K(102912K)->51456K(99328K)
[767.043s][info][gc,heap        ] GC(2585) ParOldGen: 515656K(667648K)->515656K(667648K)
[767.043s][info][gc,metaspace   ] GC(2585) Metaspace: 19145K(19328K)->19145K(19328K) NonClass: 16479K(16576K)->16479K(16576K) Class: 2665K(2752K)->2665K(2752K)
[767.043s][info][gc             ] GC(2585) Pause Young (Allocation Failure) 664M->553M(870M) 52.404ms
[767.043s][info][gc,cpu         ] GC(2585) User=0.10s Sys=0.00s Real=0.05s
[767.170s][info][gc,start       ] GC(2586) Pause Young (Allocation Failure)
[767.226s][info][gc,heap        ] GC(2586) PSYoungGen: 175360K(223232K)->55328K(224256K) Eden: 123904K(123904K)->0K(123904K) From: 51456K(99328K)->55328K(100352K)
[767.226s][info][gc,heap        ] GC(2586) ParOldGen: 515656K(667648K)->515656K(667648K)
[767.226s][info][gc,metaspace   ] GC(2586) Metaspace: 19145K(19328K)->19145K(19328K) NonClass: 16479K(16576K)->16479K(16576K) Class: 2665K(2752K)->2665K(2752K)
[767.226s][info][gc             ] GC(2586) Pause Young (Allocation Failure) 674M->557M(871M) 56.124ms
[767.226s][info][gc,cpu         ] GC(2586) User=0.11s Sys=0.00s Real=0.05s
[767.401s][info][gc,start       ] GC(2587) Pause Young (Allocation Failure)
[767.466s][info][gc,heap        ] GC(2587) PSYoungGen: 179232K(224256K)->65536K(226816K) Eden: 123904K(123904K)->0K(126976K) From: 55328K(100352K)->65536K(99840K)
[767.466s][info][gc,heap        ] GC(2587) ParOldGen: 515656K(667648K)->515656K(667648K)
[767.466s][info][gc,metaspace   ] GC(2587) Metaspace: 19145K(19328K)->19145K(19328K) NonClass: 16479K(16576K)->16479K(16576K) Class: 2665K(2752K)->2665K(2752K)
[767.466s][info][gc             ] GC(2587) Pause Young (Allocation Failure) 678M->567M(873M) 64.616ms
[767.466s][info][gc,cpu         ] GC(2587) User=0.13s Sys=0.00s Real=0.06s
[767.664s][info][gc,start       ] GC(2588) Pause Young (Allocation Failure)
[767.752s][info][gc,heap        ] GC(2588) PSYoungGen: 192512K(226816K)->81952K(209408K) Eden: 126976K(126976K)->0K(126976K) From: 65536K(99840K)->81952K(82432K)
[767.752s][info][gc,heap        ] GC(2588) ParOldGen: 515656K(667648K)->515656K(667648K)
[767.752s][info][gc,metaspace   ] GC(2588) Metaspace: 19145K(19328K)->19145K(19328K) NonClass: 16479K(16576K)->16479K(16576K) Class: 2665K(2752K)->2665K(2752K)
[767.752s][info][gc             ] GC(2588) Pause Young (Allocation Failure) 691M->583M(856M) 88.301ms
[767.752s][info][gc,cpu         ] GC(2588) User=0.18s Sys=0.00s Real=0.09s
[768.059s][info][gc,start       ] GC(2589) Pause Young (Allocation Failure)
[768.149s][info][gc,heap        ] GC(2589) PSYoungGen: 208928K(209408K)->48290K(228352K) Eden: 126976K(126976K)->0K(117248K) From: 81952K(82432K)->48290K(111104K)
[768.149s][info][gc,heap        ] GC(2589) ParOldGen: 515656K(667648K)->562528K(667648K)
[768.149s][info][gc,metaspace   ] GC(2589) Metaspace: 19145K(19328K)->19145K(19328K) NonClass: 16479K(16576K)->16479K(16576K) Class: 2665K(2752K)->2665K(2752K)
[768.149s][info][gc             ] GC(2589) Pause Young (Allocation Failure) 707M->596M(875M) 90.003ms
[768.149s][info][gc,cpu         ] GC(2589) User=0.18s Sys=0.00s Real=0.09s
[768.206s][info][gc,start       ] GC(2590) Pause Young (Allocation Failure)
[768.276s][info][gc,heap        ] GC(2590) PSYoungGen: 165538K(228352K)->90290K(222720K) Eden: 117248K(117248K)->0K(117248K) From: 48290K(111104K)->90290K(105472K)
[768.276s][info][gc,heap        ] GC(2590) ParOldGen: 562528K(667648K)->562528K(667648K)
[768.276s][info][gc,metaspace   ] GC(2590) Metaspace: 19145K(19328K)->19145K(19328K) NonClass: 16479K(16576K)->16479K(16576K) Class: 2665K(2752K)->2665K(2752K)
[768.276s][info][gc             ] GC(2590) Pause Young (Allocation Failure) 711M->637M(869M) 70.576ms
[768.276s][info][gc,cpu         ] GC(2590) User=0.14s Sys=0.00s Real=0.07s
[768.459s][info][gc,start       ] GC(2591) Pause Young (Allocation Failure)
[768.545s][info][gc,heap        ] GC(2591) PSYoungGen: 207538K(222720K)->109186K(222720K) Eden: 117248K(117248K)->0K(111616K) From: 90290K(105472K)->109186K(111104K)
[768.545s][info][gc,heap        ] GC(2591) ParOldGen: 562528K(667648K)->567208K(667648K)
[768.545s][info][gc,metaspace   ] GC(2591) Metaspace: 19145K(19328K)->19145K(19328K) NonClass: 16479K(16576K)->16479K(16576K) Class: 2665K(2752K)->2665K(2752K)
[768.545s][info][gc             ] GC(2591) Pause Young (Allocation Failure) 752M->660M(869M) 85.736ms
[768.545s][info][gc,cpu         ] GC(2591) User=0.16s Sys=0.01s Real=0.09s
[768.678s][info][gc,start       ] GC(2592) Pause Young (Allocation Failure)
[768.757s][info][gc,heap        ] GC(2592) PSYoungGen: 220802K(222720K)->98146K(222720K) Eden: 111616K(111616K)->0K(111616K) From: 109186K(111104K)->98146K(111104K)
[768.757s][info][gc,heap        ] GC(2592) ParOldGen: 567208K(667648K)->580688K(667648K)
[768.757s][info][gc,metaspace   ] GC(2592) Metaspace: 19145K(19328K)->19145K(19328K) NonClass: 16479K(16576K)->16479K(16576K) Class: 2665K(2752K)->2665K(2752K)
[768.757s][info][gc             ] GC(2592) Pause Young (Allocation Failure) 769M->662M(869M) 79.144ms
[768.757s][info][gc,cpu         ] GC(2592) User=0.15s Sys=0.00s Real=0.08s
[768.902s][info][gc,start       ] GC(2593) Pause Young (Allocation Failure)
[769.013s][info][gc,heap        ] GC(2593) PSYoungGen: 209762K(222720K)->100720K(222720K) Eden: 111616K(111616K)->0K(111616K) From: 98146K(111104K)->100720K(111104K)
[769.013s][info][gc,heap        ] GC(2593) ParOldGen: 580688K(667648K)->611006K(667648K)
[769.013s][info][gc,metaspace   ] GC(2593) Metaspace: 19145K(19328K)->19145K(19328K) NonClass: 16479K(16576K)->16479K(16576K) Class: 2665K(2752K)->2665K(2752K)
[769.013s][info][gc             ] GC(2593) Pause Young (Allocation Failure) 771M->695M(869M) 110.288ms
[769.013s][info][gc,cpu         ] GC(2593) User=0.22s Sys=0.00s Real=0.11s
[769.141s][info][gc,start       ] GC(2594) Pause Young (Allocation Failure)
[769.273s][info][gc,promotion   ] GC(2594) Promotion failed
[769.273s][info][gc,heap        ] GC(2594) PSYoungGen: 212336K(222720K)->212336K(222720K) Eden: 111616K(111616K)->111616K(111616K) From: 100720K(111104K)->100720K(111104K)
[769.273s][info][gc,heap        ] GC(2594) ParOldGen: 611006K(667648K)->667646K(667648K)
[769.273s][info][gc,metaspace   ] GC(2594) Metaspace: 19145K(19328K)->19145K(19328K) NonClass: 16479K(16576K)->16479K(16576K) Class: 2665K(2752K)->2665K(2752K)
[769.273s][info][gc             ] GC(2594) Pause Young (Allocation Failure) 804M->859M(869M) 131.463ms
[769.273s][info][gc,cpu         ] GC(2594) User=0.22s Sys=0.04s Real=0.13s
[769.273s][info][gc,start       ] GC(2595) Pause Full (Allocation Failure)
[769.273s][info][gc,phases,start] GC(2595) Marking Phase
[769.624s][info][gc,phases      ] GC(2595) Marking Phase 350.763ms
[769.624s][info][gc,phases,start] GC(2595) Summary Phase
[769.624s][info][gc,phases      ] GC(2595) Summary Phase 0.029ms
[769.624s][info][gc,phases,start] GC(2595) Forward
[769.765s][info][gc,phases      ] GC(2595) Forward 140.728ms
[769.765s][info][gc,phases,start] GC(2595) Adjust Pointers
[770.043s][info][gc,phases      ] GC(2595) Adjust Pointers 278.365ms
[770.043s][info][gc,phases,start] GC(2595) Compaction Phase
[770.203s][info][gc,phases      ] GC(2595) Compaction Phase 159.949ms
[770.216s][info][gc,phases,start] GC(2595) Post Compact
[770.218s][info][gc,phases      ] GC(2595) Post Compact 2.620ms
[770.218s][info][gc,heap        ] GC(2595) PSYoungGen: 212336K(222720K)->0K(222720K) Eden: 111616K(111616K)->0K(111616K) From: 100720K(111104K)->0K(111104K)
[770.218s][info][gc,heap        ] GC(2595) ParOldGen: 667646K(667648K)->515868K(667648K)
[770.218s][info][gc,metaspace   ] GC(2595) Metaspace: 19145K(19328K)->19145K(19328K) NonClass: 16479K(16576K)->16479K(16576K) Class: 2665K(2752K)->2665K(2752K)
[770.218s][info][gc             ] GC(2595) Pause Full (Allocation Failure) 859M->503M(869M) 945.533ms
[770.218s][info][gc,cpu         ] GC(2595) User=1.77s Sys=0.00s Real=0.94s
[770.313s][info][gc,start       ] GC(2596) Pause Young (Allocation Failure)
[770.320s][info][gc,heap        ] GC(2596) PSYoungGen: 111616K(222720K)->3968K(222720K) Eden: 111616K(111616K)->0K(111616K) From: 0K(111104K)->3968K(111104K)
[770.320s][info][gc,heap        ] GC(2596) ParOldGen: 515868K(667648K)->515868K(667648K)
[770.320s][info][gc,metaspace   ] GC(2596) Metaspace: 19145K(19328K)->19145K(19328K) NonClass: 16479K(16576K)->16479K(16576K) Class: 2665K(2752K)->2665K(2752K)
[770.320s][info][gc             ] GC(2596) Pause Young (Allocation Failure) 612M->507M(869M) 6.722ms
[770.320s][info][gc,cpu         ] GC(2596) User=0.02s Sys=0.00s Real=0.00s
[770.436s][info][gc,start       ] GC(2597) Pause Young (Allocation Failure)
[770.447s][info][gc,heap        ] GC(2597) PSYoungGen: 115584K(222720K)->4704K(222720K) Eden: 111616K(111616K)->0K(111616K) From: 3968K(111104K)->4704K(111104K)
[770.447s][info][gc,heap        ] GC(2597) ParOldGen: 515868K(667648K)->515868K(667648K)
[770.447s][info][gc,metaspace   ] GC(2597) Metaspace: 19145K(19328K)->19145K(19328K) NonClass: 16479K(16576K)->16479K(16576K) Class: 2665K(2752K)->2665K(2752K)
[770.447s][info][gc             ] GC(2597) Pause Young (Allocation Failure) 616M->508M(869M) 10.864ms
[770.447s][info][gc,cpu         ] GC(2597) User=0.02s Sys=0.00s Real=0.01s
[770.565s][info][gc,start       ] GC(2598) Pause Young (Allocation Failure)
[770.579s][info][gc,heap        ] GC(2598) PSYoungGen: 116320K(222720K)->3872K(222720K) Eden: 111616K(111616K)->0K(111616K) From: 4704K(111104K)->3872K(111104K)
[770.579s][info][gc,heap        ] GC(2598) ParOldGen: 515868K(667648K)->520556K(667648K)
[770.579s][info][gc,metaspace   ] GC(2598) Metaspace: 19145K(19328K)->19145K(19328K) NonClass: 16479K(16576K)->16479K(16576K) Class: 2665K(2752K)->2665K(2752K)
[770.579s][info][gc             ] GC(2598) Pause Young (Allocation Failure) 617M->512M(869M) 14.858ms
[770.579s][info][gc,cpu         ] GC(2598) User=0.03s Sys=0.00s Real=0.01s
[770.722s][info][gc,start       ] GC(2599) Pause Young (Allocation Failure)
[770.737s][info][gc,heap        ] GC(2599) PSYoungGen: 115488K(222720K)->9152K(222720K) Eden: 111616K(111616K)->0K(111616K) From: 3872K(111104K)->9152K(111104K)
[770.737s][info][gc,heap        ] GC(2599) ParOldGen: 520556K(667648K)->524428K(667648K)
[770.737s][info][gc,metaspace   ] GC(2599) Metaspace: 19145K(19328K)->19145K(19328K) NonClass: 16479K(16576K)->16479K(16576K) Class: 2665K(2752K)->2665K(2752K)
[770.737s][info][gc             ] GC(2599) Pause Young (Allocation Failure) 621M->521M(869M) 14.435ms
[770.737s][info][gc,cpu         ] GC(2599) User=0.02s Sys=0.00s Real=0.01s
[770.901s][info][gc,start       ] GC(2600) Pause Young (Allocation Failure)
[770.925s][info][gc,heap        ] GC(2600) PSYoungGen: 120768K(222720K)->14592K(222720K) Eden: 111616K(111616K)->0K(111616K) From: 9152K(111104K)->14592K(111104K)
[770.925s][info][gc,heap        ] GC(2600) ParOldGen: 524428K(667648K)->533580K(667648K)
[770.925s][info][gc,metaspace   ] GC(2600) Metaspace: 19145K(19328K)->19145K(19328K) NonClass: 16479K(16576K)->16479K(16576K) Class: 2665K(2752K)->2665K(2752K)
[770.925s][info][gc             ] GC(2600) Pause Young (Allocation Failure) 630M->535M(869M) 23.897ms
[770.925s][info][gc,cpu         ] GC(2600) User=0.05s Sys=0.00s Real=0.02s
[771.200s][info][gc,start       ] GC(2601) Pause Young (Allocation Failure)
[771.219s][info][gc,heap        ] GC(2601) PSYoungGen: 126208K(222720K)->3008K(222720K) Eden: 111616K(111616K)->0K(111616K) From: 14592K(111104K)->3008K(111104K)
[771.219s][info][gc,heap        ] GC(2601) ParOldGen: 533580K(667648K)->548180K(667648K)
[771.219s][info][gc,metaspace   ] GC(2601) Metaspace: 19145K(19328K)->19145K(19328K) NonClass: 16479K(16576K)->16479K(16576K) Class: 2665K(2752K)->2665K(2752K)
[771.219s][info][gc             ] GC(2601) Pause Young (Allocation Failure) 644M->538M(869M) 19.560ms
[771.219s][info][gc,cpu         ] GC(2601) User=0.04s Sys=0.00s Real=0.02s
[771.482s][info][gc,start       ] GC(2602) Pause Young (Allocation Failure)
[771.487s][info][gc,heap        ] GC(2602) PSYoungGen: 114624K(222720K)->384K(222720K) Eden: 111616K(111616K)->0K(111616K) From: 3008K(111104K)->384K(111104K)
[771.487s][info][gc,heap        ] GC(2602) ParOldGen: 548180K(667648K)->551164K(667648K)
[771.487s][info][gc,metaspace   ] GC(2602) Metaspace: 19145K(19328K)->19145K(19328K) NonClass: 16479K(16576K)->16479K(16576K) Class: 2665K(2752K)->2665K(2752K)
[771.487s][info][gc             ] GC(2602) Pause Young (Allocation Failure) 647M->538M(869M) 4.970ms
[771.487s][info][gc,cpu         ] GC(2602) User=0.01s Sys=0.00s Real=0.00s
[771.748s][info][gc,start       ] GC(2603) Pause Young (Allocation Failure)
[771.758s][info][gc,heap        ] GC(2603) PSYoungGen: 112000K(222720K)->64K(222720K) Eden: 111616K(111616K)->0K(111616K) From: 384K(111104K)->64K(111104K)
[771.758s][info][gc,heap        ] GC(2603) ParOldGen: 551164K(667648K)->551188K(667648K)
[771.758s][info][gc,metaspace   ] GC(2603) Metaspace: 19146K(19328K)->19146K(19328K) NonClass: 16481K(16576K)->16481K(16576K) Class: 2665K(2752K)->2665K(2752K)
[771.759s][info][gc             ] GC(2603) Pause Young (Allocation Failure) 647M->538M(869M) 10.257ms
[771.759s][info][gc,cpu         ] GC(2603) User=0.02s Sys=0.00s Real=0.01s
[771.970s][info][gc,start       ] GC(2604) Pause Young (Allocation Failure)
[771.973s][info][gc,heap        ] GC(2604) PSYoungGen: 111680K(222720K)->320K(222720K) Eden: 111616K(111616K)->0K(111616K) From: 64K(111104K)->320K(111104K)
[771.973s][info][gc,heap        ] GC(2604) ParOldGen: 551188K(667648K)->551212K(667648K)
[771.973s][info][gc,metaspace   ] GC(2604) Metaspace: 19146K(19328K)->19146K(19328K) NonClass: 16481K(16576K)->16481K(16576K) Class: 2665K(2752K)->2665K(2752K)
[771.973s][info][gc             ] GC(2604) Pause Young (Allocation Failure) 647M->538M(869M) 2.480ms
[771.973s][info][gc,cpu         ] GC(2604) User=0.01s Sys=0.00s Real=0.00s
[772.104s][info][gc,start       ] GC(2605) Pause Young (Allocation Failure)
[772.125s][info][gc,heap        ] GC(2605) PSYoungGen: 111936K(222720K)->29888K(222720K) Eden: 111616K(111616K)->0K(111616K) From: 320K(111104K)->29888K(111104K)
[772.125s][info][gc,heap        ] GC(2605) ParOldGen: 551212K(667648K)->551524K(667648K)
[772.125s][info][gc,metaspace   ] GC(2605) Metaspace: 19146K(19328K)->19146K(19328K) NonClass: 16481K(16576K)->16481K(16576K) Class: 2665K(2752K)->2665K(2752K)
[772.125s][info][gc             ] GC(2605) Pause Young (Allocation Failure) 647M->567M(869M) 21.089ms
[772.125s][info][gc,cpu         ] GC(2605) User=0.04s Sys=0.00s Real=0.02s
[772.180s][info][gc,start       ] GC(2606) Pause Young (Allocation Failure)
[772.224s][info][gc,heap        ] GC(2606) PSYoungGen: 141504K(222720K)->40800K(222720K) Eden: 111616K(111616K)->0K(111616K) From: 29888K(111104K)->40800K(111104K)
[772.224s][info][gc,heap        ] GC(2606) ParOldGen: 551524K(667648K)->581765K(667648K)
[772.224s][info][gc,metaspace   ] GC(2606) Metaspace: 19146K(19328K)->19146K(19328K) NonClass: 16481K(16576K)->16481K(16576K) Class: 2665K(2752K)->2665K(2752K)
[772.224s][info][gc             ] GC(2606) Pause Young (Allocation Failure) 676M->607M(869M) 43.829ms
[772.224s][info][gc,cpu         ] GC(2606) User=0.08s Sys=0.00s Real=0.04s
[772.419s][info][gc,start       ] GC(2607) Pause Young (Allocation Failure)
[772.451s][info][gc,heap        ] GC(2607) PSYoungGen: 152416K(222720K)->4576K(116224K) Eden: 111616K(111616K)->0K(111616K) From: 40800K(111104K)->4576K(4608K)
[772.451s][info][gc,heap        ] GC(2607) ParOldGen: 581765K(667648K)->623005K(667648K)
[772.451s][info][gc,metaspace   ] GC(2607) Metaspace: 19146K(19328K)->19146K(19328K) NonClass: 16481K(16576K)->16481K(16576K) Class: 2665K(2752K)->2665K(2752K)
[772.451s][info][gc             ] GC(2607) Pause Young (Allocation Failure) 716M->612M(765M) 31.599ms
[772.451s][info][gc,cpu         ] GC(2607) User=0.06s Sys=0.00s Real=0.04s
[772.613s][info][gc,start       ] GC(2608) Pause Full (Allocation Failure)
[772.613s][info][gc,phases,start] GC(2608) Marking Phase
[773.028s][info][gc,phases      ] GC(2608) Marking Phase 415.152ms
[773.028s][info][gc,phases,start] GC(2608) Summary Phase
[773.028s][info][gc,phases      ] GC(2608) Summary Phase 0.034ms
[773.028s][info][gc,phases,start] GC(2608) Forward
[773.124s][info][gc,phases      ] GC(2608) Forward 95.644ms
[773.124s][info][gc,phases,start] GC(2608) Adjust Pointers
[773.445s][info][gc,phases      ] GC(2608) Adjust Pointers 321.010ms
[773.445s][info][gc,phases,start] GC(2608) Compaction Phase
[773.626s][info][gc,phases      ] GC(2608) Compaction Phase 180.511ms
[773.636s][info][gc,phases,start] GC(2608) Post Compact
[773.639s][info][gc,phases      ] GC(2608) Post Compact 2.215ms
[773.639s][info][gc,heap        ] GC(2608) PSYoungGen: 116192K(116224K)->0K(219136K) Eden: 111616K(111616K)->0K(111616K) From: 4576K(4608K)->0K(107520K)
[773.639s][info][gc,heap        ] GC(2608) ParOldGen: 623005K(667648K)->624721K(667648K)
[773.639s][info][gc,metaspace   ] GC(2608) Metaspace: 19146K(19328K)->19146K(19328K) NonClass: 16481K(16576K)->16481K(16576K) Class: 2665K(2752K)->2665K(2752K)
[773.639s][info][gc             ] GC(2608) Pause Full (Allocation Failure) 721M->610M(866M) 1025.618ms
[773.639s][info][gc,cpu         ] GC(2608) User=2.00s Sys=0.00s Real=1.02s
[773.753s][info][gc,start       ] GC(2609) Pause Full (Allocation Failure)
[773.753s][info][gc,phases,start] GC(2609) Marking Phase
[774.194s][info][gc,phases      ] GC(2609) Marking Phase 441.054ms
[774.194s][info][gc,phases,start] GC(2609) Summary Phase
[774.194s][info][gc,phases      ] GC(2609) Summary Phase 0.024ms
[774.194s][info][gc,phases,start] GC(2609) Forward
[774.204s][info][gc,phases      ] GC(2609) Forward 9.465ms
[774.204s][info][gc,phases,start] GC(2609) Adjust Pointers
[774.502s][info][gc,phases      ] GC(2609) Adjust Pointers 298.298ms
[774.502s][info][gc,phases,start] GC(2609) Compaction Phase
[774.632s][info][gc,phases      ] GC(2609) Compaction Phase 129.614ms
[774.632s][info][gc,phases,start] GC(2609) Post Compact
[774.634s][info][gc,phases      ] GC(2609) Post Compact 2.051ms
[774.634s][info][gc,heap        ] GC(2609) PSYoungGen: 111616K(219136K)->0K(219136K) Eden: 111616K(111616K)->0K(111616K) From: 0K(107520K)->0K(107520K)
[774.634s][info][gc,heap        ] GC(2609) ParOldGen: 624721K(667648K)->648777K(667648K)
[774.634s][info][gc,metaspace   ] GC(2609) Metaspace: 19146K(19328K)->19146K(19328K) NonClass: 16481K(16576K)->16481K(16576K) Class: 2665K(2752K)->2665K(2752K)
[774.634s][info][gc             ] GC(2609) Pause Full (Allocation Failure) 719M->633M(866M) 880.950ms
[774.634s][info][gc,cpu         ] GC(2609) User=1.72s Sys=0.00s Real=0.88s
[774.760s][info][gc,start       ] GC(2610) Pause Full (Allocation Failure)
[774.760s][info][gc,phases,start] GC(2610) Marking Phase
[775.213s][info][gc,phases      ] GC(2610) Marking Phase 453.141ms
[775.213s][info][gc,phases,start] GC(2610) Summary Phase
[775.213s][info][gc,phases      ] GC(2610) Summary Phase 0.024ms
[775.213s][info][gc,phases,start] GC(2610) Forward
[775.220s][info][gc,phases      ] GC(2610) Forward 6.769ms
[775.220s][info][gc,phases,start] GC(2610) Adjust Pointers
[775.523s][info][gc,phases      ] GC(2610) Adjust Pointers 303.651ms
[775.523s][info][gc,phases,start] GC(2610) Compaction Phase
[775.656s][info][gc,phases      ] GC(2610) Compaction Phase 132.959ms
[775.656s][info][gc,phases,start] GC(2610) Post Compact
[775.659s][info][gc,phases      ] GC(2610) Post Compact 2.104ms
[775.659s][info][gc,heap        ] GC(2610) PSYoungGen: 111616K(219136K)->0K(223232K) Eden: 111616K(111616K)->0K(116736K) From: 0K(107520K)->0K(106496K)
[775.659s][info][gc,heap        ] GC(2610) ParOldGen: 648777K(667648K)->664108K(667648K)
[775.659s][info][gc,metaspace   ] GC(2610) Metaspace: 19146K(19328K)->19146K(19328K) NonClass: 16481K(16576K)->16481K(16576K) Class: 2665K(2752K)->2665K(2752K)
[775.659s][info][gc             ] GC(2610) Pause Full (Allocation Failure) 742M->648M(870M) 899.081ms
[775.659s][info][gc,cpu         ] GC(2610) User=1.76s Sys=0.00s Real=0.90s
[775.752s][info][gc,start       ] GC(2611) Pause Full (Allocation Failure)
[775.752s][info][gc,phases,start] GC(2611) Marking Phase
[776.205s][info][gc,phases      ] GC(2611) Marking Phase 453.103ms
[776.205s][info][gc,phases,start] GC(2611) Summary Phase
[776.205s][info][gc,phases      ] GC(2611) Summary Phase 0.024ms
[776.205s][info][gc,phases,start] GC(2611) Forward
[776.206s][info][gc,phases      ] GC(2611) Forward 0.641ms
[776.206s][info][gc,phases,start] GC(2611) Adjust Pointers
[776.508s][info][gc,phases      ] GC(2611) Adjust Pointers 302.583ms
[776.508s][info][gc,phases,start] GC(2611) Compaction Phase
[776.645s][info][gc,phases      ] GC(2611) Compaction Phase 136.078ms
[776.645s][info][gc,phases,start] GC(2611) Post Compact
[776.647s][info][gc,phases      ] GC(2611) Post Compact 2.187ms
[776.647s][info][gc,heap        ] GC(2611) PSYoungGen: 116736K(223232K)->0K(224256K) Eden: 116736K(116736K)->0K(116736K) From: 0K(106496K)->0K(107520K)
[776.647s][info][gc,heap        ] GC(2611) ParOldGen: 664108K(667648K)->664768K(667648K)
[776.647s][info][gc,metaspace   ] GC(2611) Metaspace: 19146K(19328K)->19146K(19328K) NonClass: 16481K(16576K)->16481K(16576K) Class: 2665K(2752K)->2665K(2752K)
[776.647s][info][gc             ] GC(2611) Pause Full (Allocation Failure) 762M->649M(871M) 895.043ms
[776.647s][info][gc,cpu         ] GC(2611) User=1.76s Sys=0.00s Real=0.89s
[776.769s][info][gc,start       ] GC(2612) Pause Full (Allocation Failure)
[776.769s][info][gc,phases,start] GC(2612) Marking Phase
[777.224s][info][gc,phases      ] GC(2612) Marking Phase 454.632ms
[777.224s][info][gc,phases,start] GC(2612) Summary Phase
[777.224s][info][gc,phases      ] GC(2612) Summary Phase 0.023ms
[777.224s][info][gc,phases,start] GC(2612) Forward
[777.225s][info][gc,phases      ] GC(2612) Forward 1.177ms
[777.225s][info][gc,phases,start] GC(2612) Adjust Pointers
[777.531s][info][gc,phases      ] GC(2612) Adjust Pointers 306.280ms
[777.531s][info][gc,phases,start] GC(2612) Compaction Phase
[777.668s][info][gc,phases      ] GC(2612) Compaction Phase 136.995ms
[777.668s][info][gc,phases,start] GC(2612) Post Compact
[777.671s][info][gc,phases      ] GC(2612) Post Compact 2.202ms
[777.671s][info][gc,heap        ] GC(2612) PSYoungGen: 116736K(224256K)->0K(226304K) Eden: 116736K(116736K)->0K(118784K) From: 0K(107520K)->0K(107520K)
[777.671s][info][gc,heap        ] GC(2612) ParOldGen: 664768K(667648K)->666194K(667648K)
[777.671s][info][gc,metaspace   ] GC(2612) Metaspace: 19146K(19328K)->19146K(19328K) NonClass: 16481K(16576K)->16481K(16576K) Class: 2665K(2752K)->2665K(2752K)
[777.671s][info][gc             ] GC(2612) Pause Full (Allocation Failure) 763M->650M(873M) 901.705ms
[777.671s][info][gc,cpu         ] GC(2612) User=1.76s Sys=0.01s Real=0.91s
[777.820s][info][gc,start       ] GC(2613) Pause Full (Allocation Failure)
[777.820s][info][gc,phases,start] GC(2613) Marking Phase
[778.284s][info][gc,phases      ] GC(2613) Marking Phase 464.513ms
[778.284s][info][gc,phases,start] GC(2613) Summary Phase
[778.284s][info][gc,phases      ] GC(2613) Summary Phase 0.024ms
[778.284s][info][gc,phases,start] GC(2613) Forward
[778.286s][info][gc,phases      ] GC(2613) Forward 2.089ms
[778.287s][info][gc,phases,start] GC(2613) Adjust Pointers
[778.595s][info][gc,phases      ] GC(2613) Adjust Pointers 308.040ms
[778.595s][info][gc,phases,start] GC(2613) Compaction Phase
[778.732s][info][gc,phases      ] GC(2613) Compaction Phase 136.978ms
[778.732s][info][gc,phases,start] GC(2613) Post Compact
[778.734s][info][gc,phases      ] GC(2613) Post Compact 2.190ms
[778.734s][info][gc,heap        ] GC(2613) PSYoungGen: 118784K(226304K)->1151K(226304K) Eden: 118784K(118784K)->1151K(118784K) From: 0K(107520K)->0K(107520K)
[778.734s][info][gc,heap        ] GC(2613) ParOldGen: 666194K(667648K)->667643K(667648K)
[778.734s][info][gc,metaspace   ] GC(2613) Metaspace: 19146K(19328K)->19146K(19328K) NonClass: 16481K(16576K)->16481K(16576K) Class: 2665K(2752K)->2665K(2752K)
[778.734s][info][gc             ] GC(2613) Pause Full (Allocation Failure) 766M->653M(873M) 914.211ms
[778.734s][info][gc,cpu         ] GC(2613) User=1.79s Sys=0.00s Real=0.92s
[778.921s][info][gc,start       ] GC(2614) Pause Full (Allocation Failure)
[778.921s][info][gc,phases,start] GC(2614) Marking Phase
[779.392s][info][gc,phases      ] GC(2614) Marking Phase 471.164ms
[779.392s][info][gc,phases,start] GC(2614) Summary Phase
[779.392s][info][gc,phases      ] GC(2614) Summary Phase 0.024ms
[779.392s][info][gc,phases,start] GC(2614) Forward
[779.399s][info][gc,phases      ] GC(2614) Forward 7.020ms
[779.399s][info][gc,phases,start] GC(2614) Adjust Pointers
[779.716s][info][gc,phases      ] GC(2614) Adjust Pointers 316.584ms
[779.716s][info][gc,phases,start] GC(2614) Compaction Phase
[779.853s][info][gc,phases      ] GC(2614) Compaction Phase 137.406ms
[779.853s][info][gc,phases,start] GC(2614) Post Compact
[779.856s][info][gc,phases      ] GC(2614) Post Compact 2.213ms
[779.856s][info][gc,heap        ] GC(2614) PSYoungGen: 118784K(226304K)->17835K(226304K) Eden: 118784K(118784K)->17835K(118784K) From: 0K(107520K)->0K(107520K)
[779.856s][info][gc,heap        ] GC(2614) ParOldGen: 667643K(667648K)->667643K(667648K)
[779.856s][info][gc,metaspace   ] GC(2614) Metaspace: 19146K(19328K)->19146K(19328K) NonClass: 16481K(16576K)->16481K(16576K) Class: 2665K(2752K)->2665K(2752K)
[779.856s][info][gc             ] GC(2614) Pause Full (Allocation Failure) 767M->669M(873M) 934.832ms
[779.856s][info][gc,cpu         ] GC(2614) User=1.83s Sys=0.00s Real=0.93s
[780.024s][info][gc,start       ] GC(2615) Pause Full (Allocation Failure)
[780.024s][info][gc,phases,start] GC(2615) Marking Phase
[780.506s][info][gc,phases      ] GC(2615) Marking Phase 481.341ms
[780.506s][info][gc,phases,start] GC(2615) Summary Phase
[780.506s][info][gc,phases      ] GC(2615) Summary Phase 0.025ms
[780.506s][info][gc,phases,start] GC(2615) Forward
[780.520s][info][gc,phases      ] GC(2615) Forward 14.083ms
[780.520s][info][gc,phases,start] GC(2615) Adjust Pointers
[780.838s][info][gc,phases      ] GC(2615) Adjust Pointers 318.120ms
[780.838s][info][gc,phases,start] GC(2615) Compaction Phase
[780.975s][info][gc,phases      ] GC(2615) Compaction Phase 136.817ms
[780.975s][info][gc,phases,start] GC(2615) Post Compact
[780.977s][info][gc,phases      ] GC(2615) Post Compact 2.239ms
[780.977s][info][gc,heap        ] GC(2615) PSYoungGen: 118784K(226304K)->27800K(226304K) Eden: 118784K(118784K)->27800K(118784K) From: 0K(107520K)->0K(107520K)
[780.977s][info][gc,heap        ] GC(2615) ParOldGen: 667643K(667648K)->667643K(667648K)
[780.977s][info][gc,metaspace   ] GC(2615) Metaspace: 19146K(19328K)->19146K(19328K) NonClass: 16481K(16576K)->16481K(16576K) Class: 2665K(2752K)->2665K(2752K)
[780.977s][info][gc             ] GC(2615) Pause Full (Allocation Failure) 767M->679M(873M) 953.073ms
[780.977s][info][gc,cpu         ] GC(2615) User=1.85s Sys=0.00s Real=0.95s
[781.251s][info][gc,start       ] GC(2616) Pause Full (Allocation Failure)
[781.251s][info][gc,phases,start] GC(2616) Marking Phase
[781.633s][info][gc,phases      ] GC(2616) Marking Phase 381.640ms
[781.633s][info][gc,phases,start] GC(2616) Summary Phase
[781.633s][info][gc,phases      ] GC(2616) Summary Phase 0.024ms
[781.633s][info][gc,phases,start] GC(2616) Forward
[781.767s][info][gc,phases      ] GC(2616) Forward 133.516ms
[781.767s][info][gc,phases,start] GC(2616) Adjust Pointers
[782.052s][info][gc,phases      ] GC(2616) Adjust Pointers 285.295ms
[782.052s][info][gc,phases,start] GC(2616) Compaction Phase
[782.249s][info][gc,phases      ] GC(2616) Compaction Phase 196.977ms
[782.260s][info][gc,phases,start] GC(2616) Post Compact
[782.262s][info][gc,phases      ] GC(2616) Post Compact 2.241ms
[782.263s][info][gc,heap        ] GC(2616) PSYoungGen: 118784K(226304K)->0K(226304K) Eden: 118784K(118784K)->0K(118784K) From: 0K(107520K)->0K(107520K)
[782.263s][info][gc,heap        ] GC(2616) ParOldGen: 667643K(667648K)->541741K(667648K)
[782.263s][info][gc,metaspace   ] GC(2616) Metaspace: 19146K(19328K)->19146K(19328K) NonClass: 16481K(16576K)->16481K(16576K) Class: 2665K(2752K)->2665K(2752K)
[782.263s][info][gc             ] GC(2616) Pause Full (Allocation Failure) 767M->529M(873M) 1011.137ms
[782.263s][info][gc,cpu         ] GC(2616) User=1.92s Sys=0.00s Real=1.01s
[782.467s][info][gc,start       ] GC(2617) Pause Young (Allocation Failure)
[782.476s][info][gc,heap        ] GC(2617) PSYoungGen: 118784K(226304K)->9243K(128512K) Eden: 118784K(118784K)->0K(118784K) From: 0K(107520K)->9243K(9728K)
[782.476s][info][gc,heap        ] GC(2617) ParOldGen: 541741K(667648K)->541741K(667648K)
[782.476s][info][gc,metaspace   ] GC(2617) Metaspace: 19146K(19328K)->19146K(19328K) NonClass: 16481K(16576K)->16481K(16576K) Class: 2665K(2752K)->2665K(2752K)
[782.476s][info][gc             ] GC(2617) Pause Young (Allocation Failure) 645M->538M(777M) 8.879ms
[782.476s][info][gc,cpu         ] GC(2617) User=0.02s Sys=0.00s Real=0.01s
[782.608s][info][gc,start       ] GC(2618) Pause Young (Allocation Failure)
[782.627s][info][gc,heap        ] GC(2618) PSYoungGen: 128027K(128512K)->20363K(214016K) Eden: 118784K(118784K)->0K(122368K) From: 9243K(9728K)->20363K(91648K)
[782.627s][info][gc,heap        ] GC(2618) ParOldGen: 541741K(667648K)->541741K(667648K)
[782.627s][info][gc,metaspace   ] GC(2618) Metaspace: 19146K(19328K)->19146K(19328K) NonClass: 16481K(16576K)->16481K(16576K) Class: 2665K(2752K)->2665K(2752K)
[782.627s][info][gc             ] GC(2618) Pause Young (Allocation Failure) 654M->548M(861M) 19.291ms
[782.627s][info][gc,cpu         ] GC(2618) User=0.03s Sys=0.00s Real=0.02s
[782.757s][info][gc,start       ] GC(2619) Pause Young (Allocation Failure)
[782.781s][info][gc,heap        ] GC(2619) PSYoungGen: 142731K(214016K)->28523K(151040K) Eden: 122368K(122368K)->0K(122368K) From: 20363K(91648K)->28523K(28672K)
[782.781s][info][gc,heap        ] GC(2619) ParOldGen: 541741K(667648K)->541741K(667648K)
[782.781s][info][gc,metaspace   ] GC(2619) Metaspace: 19147K(19328K)->19147K(19328K) NonClass: 16482K(16576K)->16482K(16576K) Class: 2665K(2752K)->2665K(2752K)
[782.781s][info][gc             ] GC(2619) Pause Young (Allocation Failure) 668M->556M(799M) 23.694ms
[782.781s][info][gc,cpu         ] GC(2619) User=0.05s Sys=0.00s Real=0.03s
[782.901s][info][gc,start       ] GC(2620) Pause Young (Allocation Failure)
[782.932s][info][gc,heap        ] GC(2620) PSYoungGen: 150891K(151040K)->35483K(211456K) Eden: 122368K(122368K)->0K(126464K) From: 28523K(28672K)->35483K(84992K)
[782.932s][info][gc,heap        ] GC(2620) ParOldGen: 541741K(667648K)->541741K(667648K)
[782.932s][info][gc,metaspace   ] GC(2620) Metaspace: 19147K(19328K)->19147K(19328K) NonClass: 16482K(16576K)->16482K(16576K) Class: 2665K(2752K)->2665K(2752K)
[782.932s][info][gc             ] GC(2620) Pause Young (Allocation Failure) 676M->563M(858M) 30.788ms
[782.932s][info][gc,cpu         ] GC(2620) User=0.06s Sys=0.00s Real=0.03s
[783.054s][info][gc,start       ] GC(2621) Pause Young (Allocation Failure)
[783.089s][info][gc,heap        ] GC(2621) PSYoungGen: 161947K(211456K)->39883K(213504K) Eden: 126464K(126464K)->0K(126464K) From: 35483K(84992K)->39883K(87040K)
[783.089s][info][gc,heap        ] GC(2621) ParOldGen: 541741K(667648K)->541741K(667648K)
[783.089s][info][gc,metaspace   ] GC(2621) Metaspace: 19147K(19328K)->19147K(19328K) NonClass: 16482K(16576K)->16482K(16576K) Class: 2665K(2752K)->2665K(2752K)
[783.089s][info][gc             ] GC(2621) Pause Young (Allocation Failure) 687M->567M(860M) 35.269ms
[783.089s][info][gc,cpu         ] GC(2621) User=0.07s Sys=0.00s Real=0.03s
[783.339s][info][gc,start       ] GC(2622) Pause Young (Allocation Failure)
[783.376s][info][gc,heap        ] GC(2622) PSYoungGen: 166347K(213504K)->41547K(215552K) Eden: 126464K(126464K)->0K(131072K) From: 39883K(87040K)->41547K(84480K)
[783.376s][info][gc,heap        ] GC(2622) ParOldGen: 541741K(667648K)->541741K(667648K)
[783.376s][info][gc,metaspace   ] GC(2622) Metaspace: 19147K(19328K)->19147K(19328K) NonClass: 16482K(16576K)->16482K(16576K) Class: 2665K(2752K)->2665K(2752K)
[783.376s][info][gc             ] GC(2622) Pause Young (Allocation Failure) 691M->569M(862M) 37.097ms
[783.376s][info][gc,cpu         ] GC(2622) User=0.08s Sys=0.00s Real=0.04s
[783.565s][info][gc,start       ] GC(2623) Pause Young (Allocation Failure)
[783.613s][info][gc,heap        ] GC(2623) PSYoungGen: 172619K(215552K)->54363K(216576K) Eden: 131072K(131072K)->0K(131072K) From: 41547K(84480K)->54363K(85504K)
[783.613s][info][gc,heap        ] GC(2623) ParOldGen: 541741K(667648K)->541741K(667648K)
[783.613s][info][gc,metaspace   ] GC(2623) Metaspace: 19148K(19328K)->19148K(19328K) NonClass: 16483K(16576K)->16483K(16576K) Class: 2665K(2752K)->2665K(2752K)
[783.613s][info][gc             ] GC(2623) Pause Young (Allocation Failure) 697M->582M(863M) 47.485ms
[783.613s][info][gc,cpu         ] GC(2623) User=0.09s Sys=0.00s Real=0.05s
[783.773s][info][gc,start       ] GC(2624) Pause Young (Allocation Failure)
[783.793s][info][gc,heap        ] GC(2624) PSYoungGen: 185435K(216576K)->23051K(215552K) Eden: 131072K(131072K)->0K(135680K) From: 54363K(85504K)->23051K(79872K)
[783.793s][info][gc,heap        ] GC(2624) ParOldGen: 541741K(667648K)->541741K(667648K)
[783.793s][info][gc,metaspace   ] GC(2624) Metaspace: 19148K(19328K)->19148K(19328K) NonClass: 16483K(16576K)->16483K(16576K) Class: 2665K(2752K)->2665K(2752K)
[783.793s][info][gc             ] GC(2624) Pause Young (Allocation Failure) 710M->551M(862M) 19.750ms
[783.793s][info][gc,cpu         ] GC(2624) User=0.04s Sys=0.00s Real=0.02s
[783.861s][info][gc,start       ] GC(2625) Pause Young (Allocation Failure)
[783.914s][info][gc,heap        ] GC(2625) PSYoungGen: 158731K(215552K)->73132K(220672K) Eden: 135680K(135680K)->0K(135680K) From: 23051K(79872K)->73132K(84992K)
[783.914s][info][gc,heap        ] GC(2625) ParOldGen: 541741K(667648K)->541741K(667648K)
[783.914s][info][gc,metaspace   ] GC(2625) Metaspace: 19148K(19328K)->19148K(19328K) NonClass: 16483K(16576K)->16483K(16576K) Class: 2665K(2752K)->2665K(2752K)
[783.914s][info][gc             ] GC(2625) Pause Young (Allocation Failure) 684M->600M(867M) 52.569ms
[783.914s][info][gc,cpu         ] GC(2625) User=0.11s Sys=0.00s Real=0.05s
[784.108s][info][gc,start       ] GC(2626) Pause Young (Allocation Failure)
[784.182s][info][gc,heap        ] GC(2626) PSYoungGen: 208812K(220672K)->93916K(206848K) Eden: 135680K(135680K)->0K(111616K) From: 73132K(84992K)->93916K(95232K)
[784.182s][info][gc,heap        ] GC(2626) ParOldGen: 541741K(667648K)->541741K(667648K)
[784.182s][info][gc,metaspace   ] GC(2626) Metaspace: 19148K(19328K)->19148K(19328K) NonClass: 16483K(16576K)->16483K(16576K) Class: 2665K(2752K)->2665K(2752K)
[784.182s][info][gc             ] GC(2626) Pause Young (Allocation Failure) 732M->620M(854M) 74.041ms
[784.182s][info][gc,cpu         ] GC(2626) User=0.12s Sys=0.03s Real=0.08s
[784.331s][info][gc,start       ] GC(2627) Pause Young (Allocation Failure)
[784.403s][info][gc,heap        ] GC(2627) PSYoungGen: 205532K(206848K)->93548K(222720K) Eden: 111616K(111616K)->0K(111616K) From: 93916K(95232K)->93548K(111104K)
[784.403s][info][gc,heap        ] GC(2627) ParOldGen: 541741K(667648K)->541741K(667648K)
[784.403s][info][gc,metaspace   ] GC(2627) Metaspace: 19148K(19328K)->19148K(19328K) NonClass: 16483K(16576K)->16483K(16576K) Class: 2665K(2752K)->2665K(2752K)
[784.403s][info][gc             ] GC(2627) Pause Young (Allocation Failure) 729M->620M(869M) 72.230ms
[784.403s][info][gc,cpu         ] GC(2627) User=0.14s Sys=0.00s Real=0.07s
[784.528s][info][gc,start       ] GC(2628) Pause Young (Allocation Failure)
[784.628s][info][gc,heap        ] GC(2628) PSYoungGen: 205164K(222720K)->111088K(222720K) Eden: 111616K(111616K)->0K(111616K) From: 93548K(111104K)->111088K(111104K)
[784.628s][info][gc,heap        ] GC(2628) ParOldGen: 541741K(667648K)->548104K(667648K)
[784.628s][info][gc,metaspace   ] GC(2628) Metaspace: 19148K(19328K)->19148K(19328K) NonClass: 16483K(16576K)->16483K(16576K) Class: 2665K(2752K)->2665K(2752K)
[784.628s][info][gc             ] GC(2628) Pause Young (Allocation Failure) 729M->643M(869M) 99.842ms
[784.628s][info][gc,cpu         ] GC(2628) User=0.20s Sys=0.00s Real=0.10s
[784.757s][info][gc,start       ] GC(2629) Pause Young (Allocation Failure)
[784.870s][info][gc,heap        ] GC(2629) PSYoungGen: 222704K(222720K)->111088K(222720K) Eden: 111616K(111616K)->0K(111616K) From: 111088K(111104K)->111088K(111104K)
[784.870s][info][gc,heap        ] GC(2629) ParOldGen: 548104K(667648K)->564413K(667648K)
[784.870s][info][gc,metaspace   ] GC(2629) Metaspace: 19148K(19328K)->19148K(19328K) NonClass: 16483K(16576K)->16483K(16576K) Class: 2665K(2752K)->2665K(2752K)
[784.870s][info][gc             ] GC(2629) Pause Young (Allocation Failure) 752M->659M(869M) 112.703ms
[784.870s][info][gc,cpu         ] GC(2629) User=0.22s Sys=0.00s Real=0.12s
[784.949s][info][gc,start       ] GC(2630) Pause Young (Allocation Failure)
[785.052s][info][gc,heap        ] GC(2630) PSYoungGen: 222704K(222720K)->111088K(222720K) Eden: 111616K(111616K)->0K(111616K) From: 111088K(111104K)->111088K(111104K)
[785.053s][info][gc,heap        ] GC(2630) ParOldGen: 564413K(667648K)->567301K(667648K)
[785.053s][info][gc,metaspace   ] GC(2630) Metaspace: 19148K(19328K)->19148K(19328K) NonClass: 16483K(16576K)->16483K(16576K) Class: 2665K(2752K)->2665K(2752K)
[785.053s][info][gc             ] GC(2630) Pause Young (Allocation Failure) 768M->662M(869M) 103.477ms
[785.053s][info][gc,cpu         ] GC(2630) User=0.20s Sys=0.00s Real=0.11s
[785.177s][info][gc,start       ] GC(2631) Pause Young (Allocation Failure)
[785.296s][info][gc,heap        ] GC(2631) PSYoungGen: 222704K(222720K)->111088K(222720K) Eden: 111616K(111616K)->0K(111616K) From: 111088K(111104K)->111088K(111104K)
[785.296s][info][gc,heap        ] GC(2631) ParOldGen: 567301K(667648K)->567949K(667648K)
[785.296s][info][gc,metaspace   ] GC(2631) Metaspace: 19148K(19328K)->19148K(19328K) NonClass: 16483K(16576K)->16483K(16576K) Class: 2665K(2752K)->2665K(2752K)
[785.296s][info][gc             ] GC(2631) Pause Young (Allocation Failure) 771M->663M(869M) 119.287ms
[785.296s][info][gc,cpu         ] GC(2631) User=0.24s Sys=0.00s Real=0.12s
[785.423s][info][gc,start       ] GC(2632) Pause Young (Allocation Failure)
[785.529s][info][gc,heap        ] GC(2632) PSYoungGen: 222704K(222720K)->61888K(222720K) Eden: 111616K(111616K)->0K(111616K) From: 111088K(111104K)->61888K(111104K)
[785.529s][info][gc,heap        ] GC(2632) ParOldGen: 567949K(667648K)->621862K(667648K)
[785.529s][info][gc,metaspace   ] GC(2632) Metaspace: 19148K(19328K)->19148K(19328K) NonClass: 16483K(16576K)->16483K(16576K) Class: 2665K(2752K)->2665K(2752K)
[785.529s][info][gc             ] GC(2632) Pause Young (Allocation Failure) 772M->667M(869M) 105.308ms
[785.529s][info][gc,cpu         ] GC(2632) User=0.21s Sys=0.00s Real=0.10s
[785.658s][info][gc,start       ] GC(2633) Pause Full (Allocation Failure)
[785.658s][info][gc,phases,start] GC(2633) Marking Phase
[785.911s][info][gc,phases      ] GC(2633) Marking Phase 252.811ms
[785.911s][info][gc,phases,start] GC(2633) Summary Phase
[785.911s][info][gc,phases      ] GC(2633) Summary Phase 0.026ms
[785.911s][info][gc,phases,start] GC(2633) Forward
[786.031s][info][gc,phases      ] GC(2633) Forward 120.074ms
[786.031s][info][gc,phases,start] GC(2633) Adjust Pointers
[786.215s][info][gc,phases      ] GC(2633) Adjust Pointers 184.201ms
[786.215s][info][gc,phases,start] GC(2633) Compaction Phase
[786.319s][info][gc,phases      ] GC(2633) Compaction Phase 104.081ms
[786.330s][info][gc,phases,start] GC(2633) Post Compact
[786.332s][info][gc,phases      ] GC(2633) Post Compact 2.323ms
[786.332s][info][gc,heap        ] GC(2633) PSYoungGen: 173504K(222720K)->0K(222720K) Eden: 111616K(111616K)->0K(111616K) From: 61888K(111104K)->0K(111104K)
[786.332s][info][gc,heap        ] GC(2633) ParOldGen: 621862K(667648K)->362257K(667648K)
[786.332s][info][gc,metaspace   ] GC(2633) Metaspace: 19148K(19328K)->19148K(19328K) NonClass: 16483K(16576K)->16483K(16576K) Class: 2665K(2752K)->2665K(2752K)
[786.332s][info][gc             ] GC(2633) Pause Full (Allocation Failure) 776M->353M(869M) 674.416ms
[786.332s][info][gc,cpu         ] GC(2633) User=1.21s Sys=0.00s Real=0.68s
[786.464s][info][gc,start       ] GC(2634) Pause Young (Allocation Failure)
[786.490s][info][gc,heap        ] GC(2634) PSYoungGen: 111616K(222720K)->35328K(222720K) Eden: 111616K(111616K)->0K(111616K) From: 0K(111104K)->35328K(111104K)
[786.490s][info][gc,heap        ] GC(2634) ParOldGen: 362257K(667648K)->362257K(667648K)
[786.490s][info][gc,metaspace   ] GC(2634) Metaspace: 19148K(19328K)->19148K(19328K) NonClass: 16483K(16576K)->16483K(16576K) Class: 2665K(2752K)->2665K(2752K)
[786.490s][info][gc             ] GC(2634) Pause Young (Allocation Failure) 462M->388M(869M) 26.157ms
[786.490s][info][gc,cpu         ] GC(2634) User=0.05s Sys=0.00s Real=0.03s
[786.582s][info][gc,start       ] GC(2635) Pause Young (Allocation Failure)
[786.625s][info][gc,heap        ] GC(2635) PSYoungGen: 146944K(222720K)->58144K(222720K) Eden: 111616K(111616K)->0K(111616K) From: 35328K(111104K)->58144K(111104K)
[786.625s][info][gc,heap        ] GC(2635) ParOldGen: 362257K(667648K)->362257K(667648K)
[786.625s][info][gc,metaspace   ] GC(2635) Metaspace: 19148K(19328K)->19148K(19328K) NonClass: 16483K(16576K)->16483K(16576K) Class: 2665K(2752K)->2665K(2752K)
[786.625s][info][gc             ] GC(2635) Pause Young (Allocation Failure) 497M->410M(869M) 43.042ms
[786.625s][info][gc,cpu         ] GC(2635) User=0.09s Sys=0.00s Real=0.04s
[786.801s][info][gc,start       ] GC(2636) Pause Young (Allocation Failure)
[786.859s][info][gc,heap        ] GC(2636) PSYoungGen: 169760K(222720K)->68608K(222720K) Eden: 111616K(111616K)->0K(111616K) From: 58144K(111104K)->68608K(111104K)
[786.859s][info][gc,heap        ] GC(2636) ParOldGen: 362257K(667648K)->362257K(667648K)
[786.859s][info][gc,metaspace   ] GC(2636) Metaspace: 19148K(19328K)->19148K(19328K) NonClass: 16483K(16576K)->16483K(16576K) Class: 2665K(2752K)->2665K(2752K)
[786.859s][info][gc             ] GC(2636) Pause Young (Allocation Failure) 519M->420M(869M) 57.772ms
[786.859s][info][gc,cpu         ] GC(2636) User=0.11s Sys=0.00s Real=0.05s
[787.060s][info][gc,start       ] GC(2637) Pause Young (Allocation Failure)
[787.122s][info][gc,heap        ] GC(2637) PSYoungGen: 180224K(222720K)->38016K(222720K) Eden: 111616K(111616K)->0K(111616K) From: 68608K(111104K)->38016K(111104K)
[787.122s][info][gc,heap        ] GC(2637) ParOldGen: 362257K(667648K)->397922K(667648K)
[787.122s][info][gc,metaspace   ] GC(2637) Metaspace: 19148K(19328K)->19148K(19328K) NonClass: 16483K(16576K)->16483K(16576K) Class: 2665K(2752K)->2665K(2752K)
[787.122s][info][gc             ] GC(2637) Pause Young (Allocation Failure) 529M->425M(869M) 62.172ms
[787.122s][info][gc,cpu         ] GC(2637) User=0.12s Sys=0.00s Real=0.07s
[787.242s][info][gc,start       ] GC(2638) Pause Young (Allocation Failure)
[787.299s][info][gc,heap        ] GC(2638) PSYoungGen: 149632K(222720K)->20768K(222720K) Eden: 111616K(111616K)->0K(111616K) From: 38016K(111104K)->20768K(111104K)
[787.299s][info][gc,heap        ] GC(2638) ParOldGen: 397922K(667648K)->431354K(667648K)
[787.299s][info][gc,metaspace   ] GC(2638) Metaspace: 19148K(19328K)->19148K(19328K) NonClass: 16483K(16576K)->16483K(16576K) Class: 2665K(2752K)->2665K(2752K)
[787.299s][info][gc             ] GC(2638) Pause Young (Allocation Failure) 534M->441M(869M) 57.085ms
[787.299s][info][gc,cpu         ] GC(2638) User=0.11s Sys=0.00s Real=0.05s
[787.405s][info][gc,start       ] GC(2639) Pause Young (Allocation Failure)
[787.426s][info][gc,heap        ] GC(2639) PSYoungGen: 132384K(222720K)->992K(222720K) Eden: 111616K(111616K)->0K(111616K) From: 20768K(111104K)->992K(111104K)
[787.426s][info][gc,heap        ] GC(2639) ParOldGen: 431354K(667648K)->452154K(667648K)
[787.426s][info][gc,metaspace   ] GC(2639) Metaspace: 19148K(19328K)->19148K(19328K) NonClass: 16483K(16576K)->16483K(16576K) Class: 2665K(2752K)->2665K(2752K)
[787.427s][info][gc             ] GC(2639) Pause Young (Allocation Failure) 550M->442M(869M) 21.957ms
[787.427s][info][gc,cpu         ] GC(2639) User=0.05s Sys=0.00s Real=0.02s
[787.562s][info][gc,start       ] GC(2640) Pause Young (Allocation Failure)
[787.572s][info][gc,heap        ] GC(2640) PSYoungGen: 112608K(222720K)->7104K(222720K) Eden: 111616K(111616K)->0K(111616K) From: 992K(111104K)->7104K(111104K)
[787.572s][info][gc,heap        ] GC(2640) ParOldGen: 452154K(667648K)->453146K(667648K)
[787.572s][info][gc,metaspace   ] GC(2640) Metaspace: 19148K(19328K)->19148K(19328K) NonClass: 16483K(16576K)->16483K(16576K) Class: 2665K(2752K)->2665K(2752K)
[787.572s][info][gc             ] GC(2640) Pause Young (Allocation Failure) 551M->449M(869M) 10.225ms
[787.572s][info][gc,cpu         ] GC(2640) User=0.01s Sys=0.00s Real=0.01s
[787.807s][info][gc,start       ] GC(2641) Pause Young (Allocation Failure)
[787.828s][info][gc,heap        ] GC(2641) PSYoungGen: 118720K(222720K)->9408K(222720K) Eden: 111616K(111616K)->0K(111616K) From: 7104K(111104K)->9408K(111104K)
[787.828s][info][gc,heap        ] GC(2641) ParOldGen: 453146K(667648K)->460250K(667648K)
[787.828s][info][gc,metaspace   ] GC(2641) Metaspace: 19148K(19328K)->19148K(19328K) NonClass: 16483K(16576K)->16483K(16576K) Class: 2665K(2752K)->2665K(2752K)
[787.828s][info][gc             ] GC(2641) Pause Young (Allocation Failure) 558M->458M(869M) 20.914ms
[787.828s][info][gc,cpu         ] GC(2641) User=0.04s Sys=0.00s Real=0.02s
[788.075s][info][gc,start       ] GC(2642) Pause Young (Allocation Failure)
[788.086s][info][gc,heap        ] GC(2642) PSYoungGen: 121024K(222720K)->64K(222720K) Eden: 111616K(111616K)->0K(111616K) From: 9408K(111104K)->64K(111104K)
[788.086s][info][gc,heap        ] GC(2642) ParOldGen: 460250K(667648K)->469645K(667648K)
[788.086s][info][gc,metaspace   ] GC(2642) Metaspace: 19148K(19328K)->19148K(19328K) NonClass: 16483K(16576K)->16483K(16576K) Class: 2665K(2752K)->2665K(2752K)
[788.086s][info][gc             ] GC(2642) Pause Young (Allocation Failure) 567M->458M(869M) 10.873ms
[788.086s][info][gc,cpu         ] GC(2642) User=0.02s Sys=0.00s Real=0.01s
[788.313s][info][gc,start       ] GC(2643) Pause Young (Allocation Failure)
[788.315s][info][gc,heap        ] GC(2643) PSYoungGen: 111680K(222720K)->64K(222720K) Eden: 111616K(111616K)->0K(111616K) From: 64K(111104K)->64K(111104K)
[788.315s][info][gc,heap        ] GC(2643) ParOldGen: 469645K(667648K)->469680K(667648K)
[788.315s][info][gc,metaspace   ] GC(2643) Metaspace: 19148K(19328K)->19148K(19328K) NonClass: 16483K(16576K)->16483K(16576K) Class: 2665K(2752K)->2665K(2752K)
[788.315s][info][gc             ] GC(2643) Pause Young (Allocation Failure) 567M->458M(869M) 1.644ms
[788.315s][info][gc,cpu         ] GC(2643) User=0.00s Sys=0.00s Real=0.00s
[788.553s][info][gc,start       ] GC(2644) Pause Young (Allocation Failure)
[788.556s][info][gc,heap        ] GC(2644) PSYoungGen: 111680K(222720K)->64K(222720K) Eden: 111616K(111616K)->0K(111616K) From: 64K(111104K)->64K(111104K)
[788.556s][info][gc,heap        ] GC(2644) ParOldGen: 469680K(667648K)->469696K(667648K)
[788.556s][info][gc,metaspace   ] GC(2644) Metaspace: 19148K(19328K)->19148K(19328K) NonClass: 16483K(16576K)->16483K(16576K) Class: 2665K(2752K)->2665K(2752K)
[788.556s][info][gc             ] GC(2644) Pause Young (Allocation Failure) 567M->458M(869M) 3.679ms
[788.556s][info][gc,cpu         ] GC(2644) User=0.00s Sys=0.00s Real=0.00s
[788.740s][info][gc,start       ] GC(2645) Pause Young (Allocation Failure)
[788.752s][info][gc,heap        ] GC(2645) PSYoungGen: 111680K(222720K)->11264K(222720K) Eden: 111616K(111616K)->0K(111616K) From: 64K(111104K)->11264K(111104K)
[788.752s][info][gc,heap        ] GC(2645) ParOldGen: 469696K(667648K)->469712K(667648K)
[788.752s][info][gc,metaspace   ] GC(2645) Metaspace: 19148K(19328K)->19148K(19328K) NonClass: 16483K(16576K)->16483K(16576K) Class: 2665K(2752K)->2665K(2752K)
[788.752s][info][gc             ] GC(2645) Pause Young (Allocation Failure) 567M->469M(869M) 11.698ms
[788.752s][info][gc,cpu         ] GC(2645) User=0.02s Sys=0.00s Real=0.01s
[788.809s][info][gc,start       ] GC(2646) Pause Young (Allocation Failure)
[788.844s][info][gc,heap        ] GC(2646) PSYoungGen: 122880K(222720K)->40352K(222720K) Eden: 111616K(111616K)->0K(111616K) From: 11264K(111104K)->40352K(111104K)
[788.844s][info][gc,heap        ] GC(2646) ParOldGen: 469712K(667648K)->481075K(667648K)
[788.844s][info][gc,metaspace   ] GC(2646) Metaspace: 19148K(19328K)->19148K(19328K) NonClass: 16483K(16576K)->16483K(16576K) Class: 2665K(2752K)->2665K(2752K)
[788.844s][info][gc             ] GC(2646) Pause Young (Allocation Failure) 578M->509M(869M) 34.897ms
[788.844s][info][gc,cpu         ] GC(2646) User=0.07s Sys=0.00s Real=0.04s
[789.008s][info][gc,start       ] GC(2647) Pause Young (Allocation Failure)
[789.047s][info][gc,heap        ] GC(2647) PSYoungGen: 151968K(222720K)->18368K(222720K) Eden: 111616K(111616K)->0K(111616K) From: 40352K(111104K)->18368K(111104K)
[789.047s][info][gc,heap        ] GC(2647) ParOldGen: 481075K(667648K)->521867K(667648K)
[789.047s][info][gc,metaspace   ] GC(2647) Metaspace: 19148K(19328K)->19148K(19328K) NonClass: 16483K(16576K)->16483K(16576K) Class: 2665K(2752K)->2665K(2752K)
[789.047s][info][gc             ] GC(2647) Pause Young (Allocation Failure) 618M->527M(869M) 39.297ms
[789.047s][info][gc,cpu         ] GC(2647) User=0.07s Sys=0.00s Real=0.04s
[789.170s][info][gc,start       ] GC(2648) Pause Young (Allocation Failure)
[789.197s][info][gc,heap        ] GC(2648) PSYoungGen: 129984K(222720K)->2048K(219648K) Eden: 111616K(111616K)->0K(111616K) From: 18368K(111104K)->2048K(108032K)
[789.197s][info][gc,heap        ] GC(2648) ParOldGen: 521867K(667648K)->540394K(667648K)
[789.197s][info][gc,metaspace   ] GC(2648) Metaspace: 19148K(19328K)->19148K(19328K) NonClass: 16483K(16576K)->16483K(16576K) Class: 2665K(2752K)->2665K(2752K)
[789.197s][info][gc             ] GC(2648) Pause Young (Allocation Failure) 636M->529M(866M) 27.408ms
[789.197s][info][gc,cpu         ] GC(2648) User=0.05s Sys=0.00s Real=0.03s
[789.361s][info][gc,start       ] GC(2649) Pause Young (Allocation Failure)
[789.392s][info][gc,heap        ] GC(2649) PSYoungGen: 113664K(219648K)->18624K(130560K) Eden: 111616K(111616K)->0K(111616K) From: 2048K(108032K)->18624K(18944K)
[789.392s][info][gc,heap        ] GC(2649) ParOldGen: 540394K(667648K)->540394K(667648K)
[789.392s][info][gc,metaspace   ] GC(2649) Metaspace: 19148K(19328K)->19148K(19328K) NonClass: 16483K(16576K)->16483K(16576K) Class: 2665K(2752K)->2665K(2752K)
[789.392s][info][gc             ] GC(2649) Pause Young (Allocation Failure) 638M->545M(779M) 31.042ms
[789.392s][info][gc,cpu         ] GC(2649) User=0.06s Sys=0.01s Real=0.03s
[789.592s][info][gc,start       ] GC(2650) Pause Young (Allocation Failure)
[789.631s][info][gc,heap        ] GC(2650) PSYoungGen: 130240K(130560K)->18624K(206848K) Eden: 111616K(111616K)->0K(116736K) From: 18624K(18944K)->18624K(90112K)
[789.631s][info][gc,heap        ] GC(2650) ParOldGen: 540394K(667648K)->540394K(667648K)
[789.631s][info][gc,metaspace   ] GC(2650) Metaspace: 19148K(19328K)->19148K(19328K) NonClass: 16483K(16576K)->16483K(16576K) Class: 2665K(2752K)->2665K(2752K)
[789.631s][info][gc             ] GC(2650) Pause Young (Allocation Failure) 654M->545M(854M) 39.108ms
[789.631s][info][gc,cpu         ] GC(2650) User=0.07s Sys=0.00s Real=0.04s
[789.808s][info][gc,start       ] GC(2651) Pause Young (Allocation Failure)
[789.837s][info][gc,heap        ] GC(2651) PSYoungGen: 135360K(206848K)->18944K(136192K) Eden: 116736K(116736K)->0K(116736K) From: 18624K(90112K)->18944K(19456K)
[789.837s][info][gc,heap        ] GC(2651) ParOldGen: 540394K(667648K)->540394K(667648K)
[789.837s][info][gc,metaspace   ] GC(2651) Metaspace: 19148K(19328K)->19148K(19328K) NonClass: 16483K(16576K)->16483K(16576K) Class: 2665K(2752K)->2665K(2752K)
[789.837s][info][gc             ] GC(2651) Pause Young (Allocation Failure) 659M->546M(785M) 29.472ms
[789.837s][info][gc,cpu         ] GC(2651) User=0.05s Sys=0.00s Real=0.03s
[789.977s][info][gc,start       ] GC(2652) Pause Young (Allocation Failure)
[790.019s][info][gc,heap        ] GC(2652) PSYoungGen: 135680K(136192K)->37145K(208384K) Eden: 116736K(116736K)->0K(121856K) From: 18944K(19456K)->37145K(86528K)
[790.019s][info][gc,heap        ] GC(2652) ParOldGen: 540394K(667648K)->540394K(667648K)
[790.019s][info][gc,metaspace   ] GC(2652) Metaspace: 19148K(19328K)->19148K(19328K) NonClass: 16483K(16576K)->16483K(16576K) Class: 2665K(2752K)->2665K(2752K)
[790.019s][info][gc             ] GC(2652) Pause Young (Allocation Failure) 660M->564M(855M) 41.636ms
[790.019s][info][gc,cpu         ] GC(2652) User=0.08s Sys=0.00s Real=0.04s
[790.078s][info][gc,start       ] GC(2653) Pause Young (Allocation Failure)
[790.147s][info][gc,heap        ] GC(2653) PSYoungGen: 159001K(208384K)->78121K(210432K) Eden: 121856K(121856K)->0K(121856K) From: 37145K(86528K)->78121K(88576K)
[790.147s][info][gc,heap        ] GC(2653) ParOldGen: 540394K(667648K)->540394K(667648K)
[790.147s][info][gc,metaspace   ] GC(2653) Metaspace: 19148K(19328K)->19148K(19328K) NonClass: 16483K(16576K)->16483K(16576K) Class: 2665K(2752K)->2665K(2752K)
[790.147s][info][gc             ] GC(2653) Pause Young (Allocation Failure) 683M->604M(857M) 69.204ms
[790.147s][info][gc,cpu         ] GC(2653) User=0.14s Sys=0.00s Real=0.07s
[790.306s][info][gc,start       ] GC(2654) Pause Young (Allocation Failure)
[790.387s][info][gc,heap        ] GC(2654) PSYoungGen: 199977K(210432K)->89161K(212992K) Eden: 121856K(121856K)->0K(111616K) From: 78121K(88576K)->89161K(101376K)
[790.387s][info][gc,heap        ] GC(2654) ParOldGen: 540394K(667648K)->540394K(667648K)
[790.387s][info][gc,metaspace   ] GC(2654) Metaspace: 19148K(19328K)->19148K(19328K) NonClass: 16483K(16576K)->16483K(16576K) Class: 2665K(2752K)->2665K(2752K)
[790.387s][info][gc             ] GC(2654) Pause Young (Allocation Failure) 723M->614M(860M) 81.350ms
[790.387s][info][gc,cpu         ] GC(2654) User=0.15s Sys=0.02s Real=0.08s
[790.486s][info][gc,start       ] GC(2655) Pause Young (Allocation Failure)
[790.559s][info][gc,heap        ] GC(2655) PSYoungGen: 200777K(212992K)->72329K(222720K) Eden: 111616K(111616K)->0K(111616K) From: 89161K(101376K)->72329K(111104K)
[790.559s][info][gc,heap        ] GC(2655) ParOldGen: 540394K(667648K)->559034K(667648K)
[790.559s][info][gc,metaspace   ] GC(2655) Metaspace: 19148K(19328K)->19148K(19328K) NonClass: 16483K(16576K)->16483K(16576K) Class: 2665K(2752K)->2665K(2752K)
[790.559s][info][gc             ] GC(2655) Pause Young (Allocation Failure) 723M->616M(869M) 72.411ms
[790.559s][info][gc,cpu         ] GC(2655) User=0.15s Sys=0.00s Real=0.07s
[790.706s][info][gc,start       ] GC(2656) Pause Young (Allocation Failure)
[790.778s][info][gc,heap        ] GC(2656) PSYoungGen: 183945K(222720K)->88729K(222720K) Eden: 111616K(111616K)->0K(111616K) From: 72329K(111104K)->88729K(111104K)
[790.778s][info][gc,heap        ] GC(2656) ParOldGen: 559034K(667648K)->559346K(667648K)
[790.778s][info][gc,metaspace   ] GC(2656) Metaspace: 19148K(19328K)->19148K(19328K) NonClass: 16483K(16576K)->16483K(16576K) Class: 2665K(2752K)->2665K(2752K)
[790.778s][info][gc             ] GC(2656) Pause Young (Allocation Failure) 725M->632M(869M) 72.293ms
[790.778s][info][gc,cpu         ] GC(2656) User=0.14s Sys=0.00s Real=0.07s
[790.927s][info][gc,start       ] GC(2657) Pause Young (Allocation Failure)
[791.002s][info][gc,heap        ] GC(2657) PSYoungGen: 200345K(222720K)->29568K(222720K) Eden: 111616K(111616K)->0K(111616K) From: 88729K(111104K)->29568K(111104K)
[791.002s][info][gc,heap        ] GC(2657) ParOldGen: 559346K(667648K)->619243K(667648K)
[791.002s][info][gc,metaspace   ] GC(2657) Metaspace: 19148K(19328K)->19148K(19328K) NonClass: 16483K(16576K)->16483K(16576K) Class: 2665K(2752K)->2665K(2752K)
[791.002s][info][gc             ] GC(2657) Pause Young (Allocation Failure) 741M->633M(869M) 74.433ms
[791.002s][info][gc,cpu         ] GC(2657) User=0.15s Sys=0.00s Real=0.08s
[791.153s][info][gc,start       ] GC(2658) Pause Full (Allocation Failure)
[791.153s][info][gc,phases,start] GC(2658) Marking Phase
[791.469s][info][gc,phases      ] GC(2658) Marking Phase 316.328ms
[791.469s][info][gc,phases,start] GC(2658) Summary Phase
[791.469s][info][gc,phases      ] GC(2658) Summary Phase 0.024ms
[791.469s][info][gc,phases,start] GC(2658) Forward
[791.591s][info][gc,phases      ] GC(2658) Forward 121.226ms
[791.591s][info][gc,phases,start] GC(2658) Adjust Pointers
[791.843s][info][gc,phases      ] GC(2658) Adjust Pointers 252.292ms
[791.843s][info][gc,phases,start] GC(2658) Compaction Phase
[791.994s][info][gc,phases      ] GC(2658) Compaction Phase 151.355ms
[792.008s][info][gc,phases,start] GC(2658) Post Compact
[792.010s][info][gc,phases      ] GC(2658) Post Compact 2.204ms
[792.010s][info][gc,heap        ] GC(2658) PSYoungGen: 141184K(222720K)->0K(222720K) Eden: 111616K(111616K)->0K(111616K) From: 29568K(111104K)->0K(111104K)
[792.010s][info][gc,heap        ] GC(2658) ParOldGen: 619243K(667648K)->482171K(667648K)
[792.010s][info][gc,metaspace   ] GC(2658) Metaspace: 19148K(19328K)->19148K(19328K) NonClass: 16483K(16576K)->16483K(16576K) Class: 2665K(2752K)->2665K(2752K)
[792.010s][info][gc             ] GC(2658) Pause Full (Allocation Failure) 742M->470M(869M) 857.386ms
[792.010s][info][gc,cpu         ] GC(2658) User=1.61s Sys=0.00s Real=0.86s
[792.163s][info][gc,start       ] GC(2659) Pause Young (Allocation Failure)
[792.164s][info][gc,heap        ] GC(2659) PSYoungGen: 111616K(222720K)->64K(222720K) Eden: 111616K(111616K)->0K(111616K) From: 0K(111104K)->64K(111104K)
[792.164s][info][gc,heap        ] GC(2659) ParOldGen: 482171K(667648K)->482171K(667648K)
[792.164s][info][gc,metaspace   ] GC(2659) Metaspace: 19148K(19328K)->19148K(19328K) NonClass: 16483K(16576K)->16483K(16576K) Class: 2665K(2752K)->2665K(2752K)
[792.164s][info][gc             ] GC(2659) Pause Young (Allocation Failure) 579M->470M(869M) 1.566ms
[792.164s][info][gc,cpu         ] GC(2659) User=0.00s Sys=0.00s Real=0.00s
[792.307s][info][gc,start       ] GC(2660) Pause Young (Allocation Failure)
[792.308s][info][gc,heap        ] GC(2660) PSYoungGen: 111680K(222720K)->64K(222720K) Eden: 111616K(111616K)->0K(111616K) From: 64K(111104K)->64K(111104K)
[792.309s][info][gc,heap        ] GC(2660) ParOldGen: 482171K(667648K)->482171K(667648K)
[792.309s][info][gc,metaspace   ] GC(2660) Metaspace: 19148K(19328K)->19148K(19328K) NonClass: 16483K(16576K)->16483K(16576K) Class: 2665K(2752K)->2665K(2752K)
[792.309s][info][gc             ] GC(2660) Pause Young (Allocation Failure) 579M->470M(869M) 1.636ms
[792.309s][info][gc,cpu         ] GC(2660) User=0.01s Sys=0.00s Real=0.00s
[792.451s][info][gc,start       ] GC(2661) Pause Young (Allocation Failure)
[792.453s][info][gc,heap        ] GC(2661) PSYoungGen: 111680K(222720K)->64K(222720K) Eden: 111616K(111616K)->0K(111616K) From: 64K(111104K)->64K(111104K)
[792.453s][info][gc,heap        ] GC(2661) ParOldGen: 482171K(667648K)->482179K(667648K)
[792.453s][info][gc,metaspace   ] GC(2661) Metaspace: 19148K(19328K)->19148K(19328K) NonClass: 16483K(16576K)->16483K(16576K) Class: 2665K(2752K)->2665K(2752K)
[792.453s][info][gc             ] GC(2661) Pause Young (Allocation Failure) 579M->470M(869M) 1.603ms
[792.453s][info][gc,cpu         ] GC(2661) User=0.00s Sys=0.00s Real=0.00s
[792.553s][info][gc,start       ] GC(2662) Pause Young (Allocation Failure)
[792.576s][info][gc,heap        ] GC(2662) PSYoungGen: 111680K(222720K)->20160K(222720K) Eden: 111616K(111616K)->0K(111616K) From: 64K(111104K)->20160K(111104K)
[792.576s][info][gc,heap        ] GC(2662) ParOldGen: 482179K(667648K)->482179K(667648K)
[792.576s][info][gc,metaspace   ] GC(2662) Metaspace: 19148K(19328K)->19148K(19328K) NonClass: 16483K(16576K)->16483K(16576K) Class: 2665K(2752K)->2665K(2752K)
[792.576s][info][gc             ] GC(2662) Pause Young (Allocation Failure) 579M->490M(869M) 22.717ms
[792.576s][info][gc,cpu         ] GC(2662) User=0.05s Sys=0.00s Real=0.02s
[792.692s][info][gc,start       ] GC(2663) Pause Young (Allocation Failure)
[792.726s][info][gc,heap        ] GC(2663) PSYoungGen: 131776K(222720K)->12640K(124416K) Eden: 111616K(111616K)->0K(111616K) From: 20160K(111104K)->12640K(12800K)
[792.726s][info][gc,heap        ] GC(2663) ParOldGen: 482179K(667648K)->502331K(667648K)
[792.726s][info][gc,metaspace   ] GC(2663) Metaspace: 19148K(19328K)->19148K(19328K) NonClass: 16483K(16576K)->16483K(16576K) Class: 2665K(2752K)->2665K(2752K)
[792.726s][info][gc             ] GC(2663) Pause Young (Allocation Failure) 599M->502M(773M) 33.931ms
[792.726s][info][gc,cpu         ] GC(2663) User=0.07s Sys=0.00s Real=0.03s
[792.800s][info][gc,start       ] GC(2664) Pause Young (Allocation Failure)
[792.816s][info][gc,heap        ] GC(2664) PSYoungGen: 124256K(124416K)->15296K(220160K) Eden: 111616K(111616K)->0K(117248K) From: 12640K(12800K)->15296K(102912K)
[792.816s][info][gc,heap        ] GC(2664) ParOldGen: 502331K(667648K)->502331K(667648K)
[792.816s][info][gc,metaspace   ] GC(2664) Metaspace: 19148K(19328K)->19148K(19328K) NonClass: 16483K(16576K)->16483K(16576K) Class: 2665K(2752K)->2665K(2752K)
[792.816s][info][gc             ] GC(2664) Pause Young (Allocation Failure) 611M->505M(867M) 15.944ms
[792.816s][info][gc,cpu         ] GC(2664) User=0.03s Sys=0.00s Real=0.01s
[792.924s][info][gc,start       ] GC(2665) Pause Young (Allocation Failure)
[792.945s][info][gc,heap        ] GC(2665) PSYoungGen: 132544K(220160K)->16416K(219648K) Eden: 117248K(117248K)->0K(117248K) From: 15296K(102912K)->16416K(102400K)
[792.945s][info][gc,heap        ] GC(2665) ParOldGen: 502331K(667648K)->502331K(667648K)
[792.945s][info][gc,metaspace   ] GC(2665) Metaspace: 19148K(19328K)->19148K(19328K) NonClass: 16483K(16576K)->16483K(16576K) Class: 2665K(2752K)->2665K(2752K)
[792.945s][info][gc             ] GC(2665) Pause Young (Allocation Failure) 619M->506M(866M) 20.393ms
[792.945s][info][gc,cpu         ] GC(2665) User=0.04s Sys=0.00s Real=0.02s
[793.051s][info][gc,start       ] GC(2666) Pause Young (Allocation Failure)
[793.075s][info][gc,heap        ] GC(2666) PSYoungGen: 133664K(219648K)->19744K(208896K) Eden: 117248K(117248K)->0K(123392K) From: 16416K(102400K)->19744K(85504K)
[793.075s][info][gc,heap        ] GC(2666) ParOldGen: 502331K(667648K)->502331K(667648K)
[793.075s][info][gc,metaspace   ] GC(2666) Metaspace: 19148K(19328K)->19148K(19328K) NonClass: 16483K(16576K)->16483K(16576K) Class: 2665K(2752K)->2665K(2752K)
[793.075s][info][gc             ] GC(2666) Pause Young (Allocation Failure) 621M->509M(856M) 23.777ms
[793.075s][info][gc,cpu         ] GC(2666) User=0.04s Sys=0.00s Real=0.02s
[793.169s][info][gc,start       ] GC(2667) Pause Young (Allocation Failure)
[793.189s][info][gc,heap        ] GC(2667) PSYoungGen: 143136K(208896K)->19808K(214528K) Eden: 123392K(123392K)->0K(123392K) From: 19744K(85504K)->19808K(91136K)
[793.189s][info][gc,heap        ] GC(2667) ParOldGen: 502331K(667648K)->502331K(667648K)
[793.189s][info][gc,metaspace   ] GC(2667) Metaspace: 19148K(19328K)->19148K(19328K) NonClass: 16483K(16576K)->16483K(16576K) Class: 2665K(2752K)->2665K(2752K)
[793.189s][info][gc             ] GC(2667) Pause Young (Allocation Failure) 630M->509M(861M) 20.551ms
[793.189s][info][gc,cpu         ] GC(2667) User=0.04s Sys=0.00s Real=0.02s
[793.346s][info][gc,start       ] GC(2668) Pause Young (Allocation Failure)
[793.376s][info][gc,heap        ] GC(2668) PSYoungGen: 143200K(214528K)->30096K(207360K) Eden: 123392K(123392K)->0K(130048K) From: 19808K(91136K)->30096K(77312K)
[793.376s][info][gc,heap        ] GC(2668) ParOldGen: 502331K(667648K)->502331K(667648K)
[793.376s][info][gc,metaspace   ] GC(2668) Metaspace: 19148K(19328K)->19148K(19328K) NonClass: 16483K(16576K)->16483K(16576K) Class: 2665K(2752K)->2665K(2752K)
[793.376s][info][gc             ] GC(2668) Pause Young (Allocation Failure) 630M->519M(854M) 30.082ms
[793.376s][info][gc,cpu         ] GC(2668) User=0.06s Sys=0.00s Real=0.03s
[793.503s][info][gc,start       ] GC(2669) Pause Young (Allocation Failure)
[793.544s][info][gc,heap        ] GC(2669) PSYoungGen: 160144K(207360K)->43184K(211456K) Eden: 130048K(130048K)->0K(130048K) From: 30096K(77312K)->43184K(81408K)
[793.545s][info][gc,heap        ] GC(2669) ParOldGen: 502331K(667648K)->502331K(667648K)
[793.545s][info][gc,metaspace   ] GC(2669) Metaspace: 19148K(19328K)->19148K(19328K) NonClass: 16483K(16576K)->16483K(16576K) Class: 2665K(2752K)->2665K(2752K)
[793.545s][info][gc             ] GC(2669) Pause Young (Allocation Failure) 646M->532M(858M) 41.702ms
[793.545s][info][gc,cpu         ] GC(2669) User=0.08s Sys=0.00s Real=0.04s
[793.776s][info][gc,start       ] GC(2670) Pause Young (Allocation Failure)
[793.832s][info][gc,heap        ] GC(2670) PSYoungGen: 173232K(211456K)->57888K(214016K) Eden: 130048K(130048K)->0K(131584K) From: 43184K(81408K)->57888K(82432K)
[793.832s][info][gc,heap        ] GC(2670) ParOldGen: 502331K(667648K)->502331K(667648K)
[793.832s][info][gc,metaspace   ] GC(2670) Metaspace: 19148K(19328K)->19148K(19328K) NonClass: 16483K(16576K)->16483K(16576K) Class: 2665K(2752K)->2665K(2752K)
[793.832s][info][gc             ] GC(2670) Pause Young (Allocation Failure) 659M->547M(861M) 56.560ms
[793.832s][info][gc,cpu         ] GC(2670) User=0.11s Sys=0.00s Real=0.06s
[793.991s][info][gc,start       ] GC(2671) Pause Young (Allocation Failure)
[794.067s][info][gc,heap        ] GC(2671) PSYoungGen: 189472K(214016K)->78272K(219648K) Eden: 131584K(131584K)->0K(131584K) From: 57888K(82432K)->78272K(88064K)
[794.067s][info][gc,heap        ] GC(2671) ParOldGen: 502331K(667648K)->502331K(667648K)
[794.067s][info][gc,metaspace   ] GC(2671) Metaspace: 19148K(19328K)->19148K(19328K) NonClass: 16483K(16576K)->16483K(16576K) Class: 2665K(2752K)->2665K(2752K)
[794.067s][info][gc             ] GC(2671) Pause Young (Allocation Failure) 675M->566M(866M) 75.688ms
[794.067s][info][gc,cpu         ] GC(2671) User=0.15s Sys=0.00s Real=0.07s
[794.183s][info][gc,start       ] GC(2672) Pause Young (Allocation Failure)
[794.275s][info][gc,heap        ] GC(2672) PSYoungGen: 209856K(219648K)->79760K(213504K) Eden: 131584K(131584K)->0K(113664K) From: 78272K(88064K)->79760K(99840K)
[794.275s][info][gc,heap        ] GC(2672) ParOldGen: 502331K(667648K)->502331K(667648K)
[794.275s][info][gc,metaspace   ] GC(2672) Metaspace: 19148K(19328K)->19148K(19328K) NonClass: 16483K(16576K)->16483K(16576K) Class: 2665K(2752K)->2665K(2752K)
[794.275s][info][gc             ] GC(2672) Pause Young (Allocation Failure) 695M->568M(860M) 92.092ms
[794.275s][info][gc,cpu         ] GC(2672) User=0.16s Sys=0.02s Real=0.09s
[794.416s][info][gc,start       ] GC(2673) Pause Young (Allocation Failure)
[794.494s][info][gc,heap        ] GC(2673) PSYoungGen: 193424K(213504K)->83184K(197120K) Eden: 113664K(113664K)->0K(113664K) From: 79760K(99840K)->83184K(83456K)
[794.494s][info][gc,heap        ] GC(2673) ParOldGen: 502331K(667648K)->502331K(667648K)
[794.494s][info][gc,metaspace   ] GC(2673) Metaspace: 19148K(19328K)->19148K(19328K) NonClass: 16483K(16576K)->16483K(16576K) Class: 2665K(2752K)->2665K(2752K)
[794.494s][info][gc             ] GC(2673) Pause Young (Allocation Failure) 679M->571M(844M) 78.212ms
[794.494s][info][gc,cpu         ] GC(2673) User=0.16s Sys=0.00s Real=0.08s
[794.602s][info][gc,start       ] GC(2674) Pause Young (Allocation Failure)
[794.681s][info][gc,heap        ] GC(2674) PSYoungGen: 196848K(197120K)->68016K(222720K) Eden: 113664K(113664K)->0K(111616K) From: 83184K(83456K)->68016K(111104K)
[794.681s][info][gc,heap        ] GC(2674) ParOldGen: 502331K(667648K)->517619K(667648K)
[794.681s][info][gc,metaspace   ] GC(2674) Metaspace: 19148K(19328K)->19148K(19328K) NonClass: 16483K(16576K)->16483K(16576K) Class: 2665K(2752K)->2665K(2752K)
[794.681s][info][gc             ] GC(2674) Pause Young (Allocation Failure) 682M->571M(869M) 79.763ms
[794.681s][info][gc,cpu         ] GC(2674) User=0.16s Sys=0.00s Real=0.08s
[794.826s][info][gc,start       ] GC(2675) Pause Young (Allocation Failure)
[794.898s][info][gc,heap        ] GC(2675) PSYoungGen: 179632K(222720K)->72256K(222720K) Eden: 111616K(111616K)->0K(111616K) From: 68016K(111104K)->72256K(111104K)
[794.898s][info][gc,heap        ] GC(2675) ParOldGen: 517619K(667648K)->522099K(667648K)
[794.898s][info][gc,metaspace   ] GC(2675) Metaspace: 19148K(19328K)->19148K(19328K) NonClass: 16483K(16576K)->16483K(16576K) Class: 2665K(2752K)->2665K(2752K)
[794.898s][info][gc             ] GC(2675) Pause Young (Allocation Failure) 680M->580M(869M) 71.423ms
[794.898s][info][gc,cpu         ] GC(2675) User=0.14s Sys=0.00s Real=0.07s
[795.024s][info][gc,start       ] GC(2676) Pause Young (Allocation Failure)
[795.107s][info][gc,heap        ] GC(2676) PSYoungGen: 183872K(222720K)->76608K(222720K) Eden: 111616K(111616K)->0K(111616K) From: 72256K(111104K)->76608K(111104K)
[795.107s][info][gc,heap        ] GC(2676) ParOldGen: 522099K(667648K)->532476K(667648K)
[795.107s][info][gc,metaspace   ] GC(2676) Metaspace: 19148K(19328K)->19148K(19328K) NonClass: 16483K(16576K)->16483K(16576K) Class: 2665K(2752K)->2665K(2752K)
[795.107s][info][gc             ] GC(2676) Pause Young (Allocation Failure) 689M->594M(869M) 83.119ms
[795.107s][info][gc,cpu         ] GC(2676) User=0.16s Sys=0.00s Real=0.08s
[795.449s][info][gc,start       ] GC(2677) Pause Young (Allocation Failure)
[795.521s][info][gc,heap        ] GC(2677) PSYoungGen: 188224K(222720K)->48816K(222720K) Eden: 111616K(111616K)->0K(111616K) From: 76608K(111104K)->48816K(111104K)
[795.521s][info][gc,heap        ] GC(2677) ParOldGen: 532476K(667648K)->560364K(667648K)
[795.521s][info][gc,metaspace   ] GC(2677) Metaspace: 19148K(19328K)->19148K(19328K) NonClass: 16483K(16576K)->16483K(16576K) Class: 2665K(2752K)->2665K(2752K)
[795.521s][info][gc             ] GC(2677) Pause Young (Allocation Failure) 703M->594M(869M) 72.428ms
[795.521s][info][gc,cpu         ] GC(2677) User=0.15s Sys=0.00s Real=0.08s
[795.778s][info][gc,start       ] GC(2678) Pause Young (Allocation Failure)
[795.825s][info][gc,heap        ] GC(2678) PSYoungGen: 160432K(222720K)->27024K(222720K) Eden: 111616K(111616K)->0K(111616K) From: 48816K(111104K)->27024K(111104K)
[795.825s][info][gc,heap        ] GC(2678) ParOldGen: 560364K(667648K)->582244K(667648K)
[795.825s][info][gc,metaspace   ] GC(2678) Metaspace: 19148K(19328K)->19148K(19328K) NonClass: 16483K(16576K)->16483K(16576K) Class: 2665K(2752K)->2665K(2752K)
[795.825s][info][gc             ] GC(2678) Pause Young (Allocation Failure) 703M->594M(869M) 47.089ms
[795.825s][info][gc,cpu         ] GC(2678) User=0.09s Sys=0.00s Real=0.05s
[796.095s][info][gc,start       ] GC(2679) Pause Young (Allocation Failure)
[796.122s][info][gc,heap        ] GC(2679) PSYoungGen: 138640K(222720K)->23536K(222720K) Eden: 111616K(111616K)->0K(111616K) From: 27024K(111104K)->23536K(111104K)
[796.122s][info][gc,heap        ] GC(2679) ParOldGen: 582244K(667648K)->585764K(667648K)
[796.122s][info][gc,metaspace   ] GC(2679) Metaspace: 19148K(19328K)->19148K(19328K) NonClass: 16483K(16576K)->16483K(16576K) Class: 2665K(2752K)->2665K(2752K)
[796.122s][info][gc             ] GC(2679) Pause Young (Allocation Failure) 703M->595M(869M) 27.598ms
[796.122s][info][gc,cpu         ] GC(2679) User=0.05s Sys=0.00s Real=0.03s
[796.364s][info][gc,start       ] GC(2680) Pause Young (Allocation Failure)
[796.389s][info][gc,heap        ] GC(2680) PSYoungGen: 135152K(222720K)->672K(222720K) Eden: 111616K(111616K)->0K(111616K) From: 23536K(111104K)->672K(111104K)
[796.389s][info][gc,heap        ] GC(2680) ParOldGen: 585764K(667648K)->609228K(667648K)
[796.389s][info][gc,metaspace   ] GC(2680) Metaspace: 19148K(19328K)->19148K(19328K) NonClass: 16483K(16576K)->16483K(16576K) Class: 2665K(2752K)->2665K(2752K)
[796.389s][info][gc             ] GC(2680) Pause Young (Allocation Failure) 704M->595M(869M) 25.185ms
[796.389s][info][gc,cpu         ] GC(2680) User=0.05s Sys=0.00s Real=0.02s
[796.672s][info][gc,start       ] GC(2681) Pause Young (Allocation Failure)
[796.674s][info][gc,heap        ] GC(2681) PSYoungGen: 112288K(222720K)->192K(222720K) Eden: 111616K(111616K)->0K(111616K) From: 672K(111104K)->192K(111104K)
[796.674s][info][gc,heap        ] GC(2681) ParOldGen: 609228K(667648K)->609308K(667648K)
[796.674s][info][gc,metaspace   ] GC(2681) Metaspace: 19148K(19328K)->19148K(19328K) NonClass: 16483K(16576K)->16483K(16576K) Class: 2665K(2752K)->2665K(2752K)
[796.674s][info][gc             ] GC(2681) Pause Young (Allocation Failure) 704M->595M(869M) 2.387ms
[796.674s][info][gc,cpu         ] GC(2681) User=0.01s Sys=0.00s Real=0.00s
[796.879s][info][gc,start       ] GC(2682) Pause Young (Allocation Failure)
[796.883s][info][gc,heap        ] GC(2682) PSYoungGen: 111808K(222720K)->2208K(222720K) Eden: 111616K(111616K)->0K(111616K) From: 192K(111104K)->2208K(111104K)
[796.883s][info][gc,heap        ] GC(2682) ParOldGen: 609308K(667648K)->609324K(667648K)
[796.883s][info][gc,metaspace   ] GC(2682) Metaspace: 19148K(19328K)->19148K(19328K) NonClass: 16483K(16576K)->16483K(16576K) Class: 2665K(2752K)->2665K(2752K)
[796.883s][info][gc             ] GC(2682) Pause Young (Allocation Failure) 704M->597M(869M) 4.218ms
[796.883s][info][gc,cpu         ] GC(2682) User=0.01s Sys=0.00s Real=0.01s
[797.003s][info][gc,start       ] GC(2683) Pause Young (Allocation Failure)
[797.029s][info][gc,heap        ] GC(2683) PSYoungGen: 113824K(222720K)->32144K(143872K) Eden: 111616K(111616K)->0K(111616K) From: 2208K(111104K)->32144K(32256K)
[797.029s][info][gc,heap        ] GC(2683) ParOldGen: 609324K(667648K)->611508K(667648K)
[797.029s][info][gc,metaspace   ] GC(2683) Metaspace: 19148K(19328K)->19148K(19328K) NonClass: 16483K(16576K)->16483K(16576K) Class: 2665K(2752K)->2665K(2752K)
[797.029s][info][gc             ] GC(2683) Pause Young (Allocation Failure) 706M->628M(792M) 25.803ms
[797.029s][info][gc,cpu         ] GC(2683) User=0.05s Sys=0.00s Real=0.02s
[797.127s][info][gc,start       ] GC(2684) Pause Young (Allocation Failure)
[797.171s][info][gc,heap        ] GC(2684) PSYoungGen: 143760K(143872K)->68864K(211456K) Eden: 111616K(111616K)->0K(105984K) From: 32144K(32256K)->68864K(105472K)
[797.171s][info][gc,heap        ] GC(2684) ParOldGen: 611508K(667648K)->611508K(667648K)
[797.171s][info][gc,metaspace   ] GC(2684) Metaspace: 19148K(19328K)->19148K(19328K) NonClass: 16483K(16576K)->16483K(16576K) Class: 2665K(2752K)->2665K(2752K)
[797.171s][info][gc             ] GC(2684) Pause Young (Allocation Failure) 737M->664M(858M) 44.471ms
[797.171s][info][gc,cpu         ] GC(2684) User=0.09s Sys=0.01s Real=0.05s
[797.301s][info][gc,start       ] GC(2685) Pause Young (Allocation Failure)
[797.344s][info][gc,heap        ] GC(2685) PSYoungGen: 174848K(211456K)->71328K(217088K) Eden: 105984K(105984K)->0K(105984K) From: 68864K(105472K)->71328K(111104K)
[797.344s][info][gc,heap        ] GC(2685) ParOldGen: 611508K(667648K)->611508K(667648K)
[797.344s][info][gc,metaspace   ] GC(2685) Metaspace: 19148K(19328K)->19148K(19328K) NonClass: 16483K(16576K)->16483K(16576K) Class: 2665K(2752K)->2665K(2752K)
[797.344s][info][gc             ] GC(2685) Pause Young (Allocation Failure) 767M->666M(864M) 43.445ms
[797.344s][info][gc,cpu         ] GC(2685) User=0.08s Sys=0.00s Real=0.04s
[797.503s][info][gc,start       ] GC(2686) Pause Young (Allocation Failure)
[797.581s][info][gc,promotion   ] GC(2686) Promotion failed
[797.581s][info][gc,heap        ] GC(2686) PSYoungGen: 177312K(217088K)->177312K(217088K) Eden: 105984K(105984K)->105984K(105984K) From: 71328K(111104K)->71328K(111104K)
[797.581s][info][gc,heap        ] GC(2686) ParOldGen: 611508K(667648K)->667643K(667648K)
[797.581s][info][gc,metaspace   ] GC(2686) Metaspace: 19148K(19328K)->19148K(19328K) NonClass: 16483K(16576K)->16483K(16576K) Class: 2665K(2752K)->2665K(2752K)
[797.581s][info][gc             ] GC(2686) Pause Young (Allocation Failure) 770M->825M(864M) 78.048ms
[797.581s][info][gc,cpu         ] GC(2686) User=0.15s Sys=0.00s Real=0.08s
[797.582s][info][gc,start       ] GC(2687) Pause Full (Allocation Failure)
[797.582s][info][gc,phases,start] GC(2687) Marking Phase
[797.890s][info][gc,phases      ] GC(2687) Marking Phase 308.329ms
[797.890s][info][gc,phases,start] GC(2687) Summary Phase
[797.890s][info][gc,phases      ] GC(2687) Summary Phase 0.025ms
[797.890s][info][gc,phases,start] GC(2687) Forward
[797.972s][info][gc,phases      ] GC(2687) Forward 82.156ms
[797.972s][info][gc,phases,start] GC(2687) Adjust Pointers
[798.203s][info][gc,phases      ] GC(2687) Adjust Pointers 230.923ms
[798.203s][info][gc,phases,start] GC(2687) Compaction Phase
[798.325s][info][gc,phases      ] GC(2687) Compaction Phase 121.395ms
[798.333s][info][gc,phases,start] GC(2687) Post Compact
[798.335s][info][gc,phases      ] GC(2687) Post Compact 2.433ms
[798.335s][info][gc,heap        ] GC(2687) PSYoungGen: 177312K(217088K)->0K(222720K) Eden: 105984K(105984K)->0K(111616K) From: 71328K(111104K)->0K(111104K)
[798.335s][info][gc,heap        ] GC(2687) ParOldGen: 667643K(667648K)->458411K(667648K)
[798.335s][info][gc,metaspace   ] GC(2687) Metaspace: 19148K(19328K)->19148K(19328K) NonClass: 16483K(16576K)->16483K(16576K) Class: 2665K(2752K)->2665K(2752K)
[798.335s][info][gc             ] GC(2687) Pause Full (Allocation Failure) 825M->447M(869M) 753.715ms
[798.335s][info][gc,cpu         ] GC(2687) User=1.42s Sys=0.00s Real=0.75s
[798.510s][info][gc,start       ] GC(2688) Pause Young (Allocation Failure)
[798.512s][info][gc,heap        ] GC(2688) PSYoungGen: 111616K(222720K)->320K(222720K) Eden: 111616K(111616K)->0K(111616K) From: 0K(111104K)->320K(111104K)
[798.512s][info][gc,heap        ] GC(2688) ParOldGen: 458411K(667648K)->458411K(667648K)
[798.512s][info][gc,metaspace   ] GC(2688) Metaspace: 19148K(19328K)->19148K(19328K) NonClass: 16483K(16576K)->16483K(16576K) Class: 2665K(2752K)->2665K(2752K)
[798.512s][info][gc             ] GC(2688) Pause Young (Allocation Failure) 556M->447M(869M) 2.010ms
[798.512s][info][gc,cpu         ] GC(2688) User=0.01s Sys=0.00s Real=0.01s
[798.717s][info][gc,start       ] GC(2689) Pause Young (Allocation Failure)
[798.719s][info][gc,heap        ] GC(2689) PSYoungGen: 111936K(222720K)->160K(222720K) Eden: 111616K(111616K)->0K(111616K) From: 320K(111104K)->160K(111104K)
[798.719s][info][gc,heap        ] GC(2689) ParOldGen: 458411K(667648K)->458715K(667648K)
[798.719s][info][gc,metaspace   ] GC(2689) Metaspace: 19148K(19328K)->19148K(19328K) NonClass: 16483K(16576K)->16483K(16576K) Class: 2665K(2752K)->2665K(2752K)
[798.719s][info][gc             ] GC(2689) Pause Young (Allocation Failure) 556M->448M(869M) 1.999ms
[798.719s][info][gc,cpu         ] GC(2689) User=0.01s Sys=0.00s Real=0.00s
[798.879s][info][gc,start       ] GC(2690) Pause Young (Allocation Failure)
[798.882s][info][gc,heap        ] GC(2690) PSYoungGen: 111776K(222720K)->2080K(222720K) Eden: 111616K(111616K)->0K(111616K) From: 160K(111104K)->2080K(111104K)
[798.882s][info][gc,heap        ] GC(2690) ParOldGen: 458715K(667648K)->458867K(667648K)
[798.882s][info][gc,metaspace   ] GC(2690) Metaspace: 19148K(19328K)->19148K(19328K) NonClass: 16483K(16576K)->16483K(16576K) Class: 2665K(2752K)->2665K(2752K)
[798.882s][info][gc             ] GC(2690) Pause Young (Allocation Failure) 557M->450M(869M) 3.549ms
[798.882s][info][gc,cpu         ] GC(2690) User=0.00s Sys=0.00s Real=0.01s
[799.008s][info][gc,start       ] GC(2691) Pause Young (Allocation Failure)
[799.024s][info][gc,heap        ] GC(2691) PSYoungGen: 113696K(222720K)->18432K(211456K) Eden: 111616K(111616K)->0K(111616K) From: 2080K(111104K)->18432K(99840K)
[799.024s][info][gc,heap        ] GC(2691) ParOldGen: 458867K(667648K)->460923K(667648K)
[799.024s][info][gc,metaspace   ] GC(2691) Metaspace: 19148K(19328K)->19148K(19328K) NonClass: 16483K(16576K)->16483K(16576K) Class: 2665K(2752K)->2665K(2752K)
[799.024s][info][gc             ] GC(2691) Pause Young (Allocation Failure) 559M->468M(858M) 15.755ms
[799.024s][info][gc,cpu         ] GC(2691) User=0.03s Sys=0.00s Real=0.02s
[799.077s][info][gc,start       ] GC(2692) Pause Young (Allocation Failure)
[799.112s][info][gc,heap        ] GC(2692) PSYoungGen: 130048K(211456K)->54800K(217088K) Eden: 111616K(111616K)->0K(111616K) From: 18432K(99840K)->54800K(105472K)
[799.112s][info][gc,heap        ] GC(2692) ParOldGen: 460923K(667648K)->460923K(667648K)
[799.112s][info][gc,metaspace   ] GC(2692) Metaspace: 19148K(19328K)->19148K(19328K) NonClass: 16483K(16576K)->16483K(16576K) Class: 2665K(2752K)->2665K(2752K)
[799.112s][info][gc             ] GC(2692) Pause Young (Allocation Failure) 577M->503M(864M) 34.789ms
[799.112s][info][gc,cpu         ] GC(2692) User=0.07s Sys=0.00s Real=0.04s
[799.224s][info][gc,start       ] GC(2693) Pause Young (Allocation Failure)
[799.269s][info][gc,heap        ] GC(2693) PSYoungGen: 166416K(217088K)->77328K(218624K) Eden: 111616K(111616K)->0K(111616K) From: 54800K(105472K)->77328K(107008K)
[799.269s][info][gc,heap        ] GC(2693) ParOldGen: 460923K(667648K)->460923K(667648K)
[799.269s][info][gc,metaspace   ] GC(2693) Metaspace: 19148K(19328K)->19148K(19328K) NonClass: 16483K(16576K)->16483K(16576K) Class: 2665K(2752K)->2665K(2752K)
[799.269s][info][gc             ] GC(2693) Pause Young (Allocation Failure) 612M->525M(865M) 45.890ms
[799.269s][info][gc,cpu         ] GC(2693) User=0.09s Sys=0.00s Real=0.04s
[799.386s][info][gc,start       ] GC(2694) Pause Young (Allocation Failure)
[799.429s][info][gc,heap        ] GC(2694) PSYoungGen: 188944K(218624K)->22592K(222720K) Eden: 111616K(111616K)->0K(111616K) From: 77328K(107008K)->22592K(111104K)
[799.429s][info][gc,heap        ] GC(2694) ParOldGen: 460923K(667648K)->516132K(667648K)
[799.429s][info][gc,metaspace   ] GC(2694) Metaspace: 19148K(19328K)->19148K(19328K) NonClass: 16483K(16576K)->16483K(16576K) Class: 2665K(2752K)->2665K(2752K)
[799.429s][info][gc             ] GC(2694) Pause Young (Allocation Failure) 634M->526M(869M) 43.414ms
[799.429s][info][gc,cpu         ] GC(2694) User=0.09s Sys=0.00s Real=0.04s
[799.541s][info][gc,start       ] GC(2695) Pause Young (Allocation Failure)
[799.556s][info][gc,heap        ] GC(2695) PSYoungGen: 134208K(222720K)->22688K(211456K) Eden: 111616K(111616K)->0K(111616K) From: 22592K(111104K)->22688K(99840K)
[799.556s][info][gc,heap        ] GC(2695) ParOldGen: 516132K(667648K)->516132K(667648K)
[799.556s][info][gc,metaspace   ] GC(2695) Metaspace: 19148K(19328K)->19148K(19328K) NonClass: 16483K(16576K)->16483K(16576K) Class: 2665K(2752K)->2665K(2752K)
[799.556s][info][gc             ] GC(2695) Pause Young (Allocation Failure) 635M->526M(858M) 14.915ms
[799.556s][info][gc,cpu         ] GC(2695) User=0.03s Sys=0.00s Real=0.01s
[799.669s][info][gc,start       ] GC(2696) Pause Young (Allocation Failure)
[799.686s][info][gc,heap        ] GC(2696) PSYoungGen: 134304K(211456K)->22816K(217088K) Eden: 111616K(111616K)->0K(111616K) From: 22688K(99840K)->22816K(105472K)
[799.686s][info][gc,heap        ] GC(2696) ParOldGen: 516132K(667648K)->516132K(667648K)
[799.686s][info][gc,metaspace   ] GC(2696) Metaspace: 19148K(19328K)->19148K(19328K) NonClass: 16483K(16576K)->16483K(16576K) Class: 2665K(2752K)->2665K(2752K)
[799.686s][info][gc             ] GC(2696) Pause Young (Allocation Failure) 635M->526M(864M) 16.936ms
[799.686s][info][gc,cpu         ] GC(2696) User=0.03s Sys=0.00s Real=0.02s
[799.799s][info][gc,start       ] GC(2697) Pause Young (Allocation Failure)
[799.816s][info][gc,heap        ] GC(2697) PSYoungGen: 134432K(217088K)->22912K(207360K) Eden: 111616K(111616K)->0K(118272K) From: 22816K(105472K)->22912K(89088K)
[799.816s][info][gc,heap        ] GC(2697) ParOldGen: 516132K(667648K)->516132K(667648K)
[799.816s][info][gc,metaspace   ] GC(2697) Metaspace: 19148K(19328K)->19148K(19328K) NonClass: 16483K(16576K)->16483K(16576K) Class: 2665K(2752K)->2665K(2752K)
[799.816s][info][gc             ] GC(2697) Pause Young (Allocation Failure) 635M->526M(854M) 17.152ms
[799.816s][info][gc,cpu         ] GC(2697) User=0.03s Sys=0.00s Real=0.02s
[799.935s][info][gc,start       ] GC(2698) Pause Young (Allocation Failure)
[799.953s][info][gc,heap        ] GC(2698) PSYoungGen: 141184K(207360K)->22976K(212992K) Eden: 118272K(118272K)->0K(118272K) From: 22912K(89088K)->22976K(94720K)
[799.953s][info][gc,heap        ] GC(2698) ParOldGen: 516132K(667648K)->516132K(667648K)
[799.953s][info][gc,metaspace   ] GC(2698) Metaspace: 19148K(19328K)->19148K(19328K) NonClass: 16483K(16576K)->16483K(16576K) Class: 2665K(2752K)->2665K(2752K)
[799.953s][info][gc             ] GC(2698) Pause Young (Allocation Failure) 641M->526M(860M) 18.002ms
[799.953s][info][gc,cpu         ] GC(2698) User=0.03s Sys=0.00s Real=0.02s
[800.074s][info][gc,start       ] GC(2699) Pause Young (Allocation Failure)
[800.092s][info][gc,heap        ] GC(2699) PSYoungGen: 141248K(212992K)->23040K(205824K) Eden: 118272K(118272K)->0K(124928K) From: 22976K(94720K)->23040K(80896K)
[800.092s][info][gc,heap        ] GC(2699) ParOldGen: 516132K(667648K)->516132K(667648K)
[800.092s][info][gc,metaspace   ] GC(2699) Metaspace: 19148K(19328K)->19148K(19328K) NonClass: 16483K(16576K)->16483K(16576K) Class: 2665K(2752K)->2665K(2752K)
[800.092s][info][gc             ] GC(2699) Pause Young (Allocation Failure) 641M->526M(853M) 18.280ms
[800.092s][info][gc,cpu         ] GC(2699) User=0.04s Sys=0.01s Real=0.02s
[800.215s][info][gc,start       ] GC(2700) Pause Young (Allocation Failure)
[800.233s][info][gc,heap        ] GC(2700) PSYoungGen: 147968K(205824K)->23168K(210432K) Eden: 124928K(124928K)->0K(124928K) From: 23040K(80896K)->23168K(85504K)
[800.233s][info][gc,heap        ] GC(2700) ParOldGen: 516132K(667648K)->516132K(667648K)
[800.233s][info][gc,metaspace   ] GC(2700) Metaspace: 19148K(19328K)->19148K(19328K) NonClass: 16483K(16576K)->16483K(16576K) Class: 2665K(2752K)->2665K(2752K)
[800.233s][info][gc             ] GC(2700) Pause Young (Allocation Failure) 648M->526M(857M) 18.503ms
[800.233s][info][gc,cpu         ] GC(2700) User=0.03s Sys=0.00s Real=0.02s
[800.359s][info][gc,start       ] GC(2701) Pause Young (Allocation Failure)
[800.376s][info][gc,heap        ] GC(2701) PSYoungGen: 148096K(210432K)->23232K(204288K) Eden: 124928K(124928K)->0K(131584K) From: 23168K(85504K)->23232K(72704K)
[800.376s][info][gc,heap        ] GC(2701) ParOldGen: 516132K(667648K)->516132K(667648K)
[800.376s][info][gc,metaspace   ] GC(2701) Metaspace: 19148K(19328K)->19148K(19328K) NonClass: 16483K(16576K)->16483K(16576K) Class: 2665K(2752K)->2665K(2752K)
[800.376s][info][gc             ] GC(2701) Pause Young (Allocation Failure) 648M->526M(851M) 17.217ms
[800.376s][info][gc,cpu         ] GC(2701) User=0.04s Sys=0.00s Real=0.02s
[800.509s][info][gc,start       ] GC(2702) Pause Young (Allocation Failure)
[800.539s][info][gc,heap        ] GC(2702) PSYoungGen: 154816K(204288K)->35296K(208384K) Eden: 131584K(131584K)->0K(131584K) From: 23232K(72704K)->35296K(76800K)
[800.539s][info][gc,heap        ] GC(2702) ParOldGen: 516132K(667648K)->516132K(667648K)
[800.539s][info][gc,metaspace   ] GC(2702) Metaspace: 19148K(19328K)->19148K(19328K) NonClass: 16483K(16576K)->16483K(16576K) Class: 2665K(2752K)->2665K(2752K)
[800.539s][info][gc             ] GC(2702) Pause Young (Allocation Failure) 655M->538M(855M) 30.139ms
[800.539s][info][gc,cpu         ] GC(2702) User=0.06s Sys=0.00s Real=0.03s
[800.643s][info][gc,start       ] GC(2703) Pause Young (Allocation Failure)
[800.691s][info][gc,heap        ] GC(2703) PSYoungGen: 166880K(208384K)->49024K(210944K) Eden: 131584K(131584K)->0K(136192K) From: 35296K(76800K)->49024K(74752K)
[800.691s][info][gc,heap        ] GC(2703) ParOldGen: 516132K(667648K)->516132K(667648K)
[800.691s][info][gc,metaspace   ] GC(2703) Metaspace: 19148K(19328K)->19148K(19328K) NonClass: 16483K(16576K)->16483K(16576K) Class: 2665K(2752K)->2665K(2752K)
[800.691s][info][gc             ] GC(2703) Pause Young (Allocation Failure) 667M->551M(858M) 48.344ms
[800.691s][info][gc,cpu         ] GC(2703) User=0.10s Sys=0.00s Real=0.05s
[800.819s][info][gc,start       ] GC(2704) Pause Young (Allocation Failure)
[800.899s][info][gc,heap        ] GC(2704) PSYoungGen: 185216K(210944K)->77291K(213504K) Eden: 136192K(136192K)->0K(136192K) From: 49024K(74752K)->77291K(77312K)
[800.899s][info][gc,heap        ] GC(2704) ParOldGen: 516132K(667648K)->516300K(667648K)
[800.899s][info][gc,metaspace   ] GC(2704) Metaspace: 19148K(19328K)->19148K(19328K) NonClass: 16483K(16576K)->16483K(16576K) Class: 2665K(2752K)->2665K(2752K)
[800.899s][info][gc             ] GC(2704) Pause Young (Allocation Failure) 684M->579M(860M) 79.890ms
[800.899s][info][gc,cpu         ] GC(2704) User=0.16s Sys=0.00s Real=0.08s
[801.006s][info][gc,start       ] GC(2705) Pause Young (Allocation Failure)
[801.092s][info][gc,heap        ] GC(2705) PSYoungGen: 213483K(213504K)->56139K(234496K) Eden: 136192K(136192K)->0K(144384K) From: 77291K(77312K)->56139K(90112K)
[801.092s][info][gc,heap        ] GC(2705) ParOldGen: 516300K(667648K)->539132K(667648K)
[801.092s][info][gc,metaspace   ] GC(2705) Metaspace: 19148K(19328K)->19148K(19328K) NonClass: 16483K(16576K)->16483K(16576K) Class: 2665K(2752K)->2665K(2752K)
[801.092s][info][gc             ] GC(2705) Pause Young (Allocation Failure) 712M->581M(881M) 86.335ms
[801.092s][info][gc,cpu         ] GC(2705) User=0.17s Sys=0.00s Real=0.09s
[801.227s][info][gc,start       ] GC(2706) Pause Young (Allocation Failure)
[801.295s][info][gc,heap        ] GC(2706) PSYoungGen: 200523K(234496K)->59627K(236544K) Eden: 144384K(144384K)->0K(144384K) From: 56139K(90112K)->59627K(92160K)
[801.295s][info][gc,heap        ] GC(2706) ParOldGen: 539132K(667648K)->539132K(667648K)
[801.295s][info][gc,metaspace   ] GC(2706) Metaspace: 19148K(19328K)->19148K(19328K) NonClass: 16483K(16576K)->16483K(16576K) Class: 2665K(2752K)->2665K(2752K)
[801.295s][info][gc             ] GC(2706) Pause Young (Allocation Failure) 722M->584M(883M) 68.334ms
[801.295s][info][gc,cpu         ] GC(2706) User=0.13s Sys=0.00s Real=0.07s
[801.405s][info][gc,start       ] GC(2707) Pause Young (Allocation Failure)
[801.482s][info][gc,heap        ] GC(2707) PSYoungGen: 204011K(236544K)->59659K(236032K) Eden: 144384K(144384K)->0K(141312K) From: 59627K(92160K)->59659K(94720K)
[801.482s][info][gc,heap        ] GC(2707) ParOldGen: 539132K(667648K)->539132K(667648K)
[801.482s][info][gc,metaspace   ] GC(2707) Metaspace: 19148K(19328K)->19148K(19328K) NonClass: 16483K(16576K)->16483K(16576K) Class: 2665K(2752K)->2665K(2752K)
[801.482s][info][gc             ] GC(2707) Pause Young (Allocation Failure) 725M->584M(882M) 76.993ms
[801.482s][info][gc,cpu         ] GC(2707) User=0.15s Sys=0.01s Real=0.08s
[801.648s][info][gc,start       ] GC(2708) Pause Young (Allocation Failure)
[801.726s][info][gc,heap        ] GC(2708) PSYoungGen: 200971K(236032K)->68908K(210432K) Eden: 141312K(141312K)->0K(141312K) From: 59659K(94720K)->68908K(69120K)
[801.726s][info][gc,heap        ] GC(2708) ParOldGen: 539132K(667648K)->539132K(667648K)
[801.726s][info][gc,metaspace   ] GC(2708) Metaspace: 19148K(19328K)->19148K(19328K) NonClass: 16483K(16576K)->16483K(16576K) Class: 2665K(2752K)->2665K(2752K)
[801.726s][info][gc             ] GC(2708) Pause Young (Allocation Failure) 722M->593M(857M) 77.623ms
[801.726s][info][gc,cpu         ] GC(2708) User=0.15s Sys=0.00s Real=0.08s
[801.864s][info][gc,start       ] GC(2709) Pause Young (Allocation Failure)
[801.961s][info][gc,heap        ] GC(2709) PSYoungGen: 210220K(210432K)->83196K(215552K) Eden: 141312K(141312K)->0K(114688K) From: 68908K(69120K)->83196K(100864K)
[801.961s][info][gc,heap        ] GC(2709) ParOldGen: 539132K(667648K)->539132K(667648K)
[801.961s][info][gc,metaspace   ] GC(2709) Metaspace: 19148K(19328K)->19148K(19328K) NonClass: 16483K(16576K)->16483K(16576K) Class: 2665K(2752K)->2665K(2752K)
[801.961s][info][gc             ] GC(2709) Pause Young (Allocation Failure) 731M->607M(862M) 96.560ms
[801.961s][info][gc,cpu         ] GC(2709) User=0.17s Sys=0.02s Real=0.10s
[802.187s][info][gc,start       ] GC(2710) Pause Young (Allocation Failure)
[802.278s][info][gc,heap        ] GC(2710) PSYoungGen: 197884K(215552K)->83132K(198144K) Eden: 114688K(114688K)->0K(114688K) From: 83196K(100864K)->83132K(83456K)
[802.278s][info][gc,heap        ] GC(2710) ParOldGen: 539132K(667648K)->539212K(667648K)
[802.278s][info][gc,metaspace   ] GC(2710) Metaspace: 19148K(19328K)->19148K(19328K) NonClass: 16483K(16576K)->16483K(16576K) Class: 2665K(2752K)->2665K(2752K)
[802.278s][info][gc             ] GC(2710) Pause Young (Allocation Failure) 719M->607M(845M) 91.020ms
[802.278s][info][gc,cpu         ] GC(2710) User=0.18s Sys=0.00s Real=0.09s
[802.472s][info][gc,start       ] GC(2711) Pause Young (Allocation Failure)
[802.562s][info][gc,heap        ] GC(2711) PSYoungGen: 197820K(198144K)->83019K(222720K) Eden: 114688K(114688K)->0K(111616K) From: 83132K(83456K)->83019K(111104K)
[802.562s][info][gc,heap        ] GC(2711) ParOldGen: 539212K(667648K)->539428K(667648K)
[802.562s][info][gc,metaspace   ] GC(2711) Metaspace: 19148K(19328K)->19148K(19328K) NonClass: 16483K(16576K)->16483K(16576K) Class: 2665K(2752K)->2665K(2752K)
[802.562s][info][gc             ] GC(2711) Pause Young (Allocation Failure) 719M->607M(869M) 90.335ms
[802.562s][info][gc,cpu         ] GC(2711) User=0.18s Sys=0.00s Real=0.09s
[802.745s][info][gc,start       ] GC(2712) Pause Young (Allocation Failure)
[802.841s][info][gc,heap        ] GC(2712) PSYoungGen: 194635K(222720K)->82827K(222720K) Eden: 111616K(111616K)->0K(111616K) From: 83019K(111104K)->82827K(111104K)
[802.841s][info][gc,heap        ] GC(2712) ParOldGen: 539428K(667648K)->539596K(667648K)
[802.841s][info][gc,metaspace   ] GC(2712) Metaspace: 19148K(19328K)->19148K(19328K) NonClass: 16483K(16576K)->16483K(16576K) Class: 2665K(2752K)->2665K(2752K)
[802.841s][info][gc             ] GC(2712) Pause Young (Allocation Failure) 716M->607M(869M) 95.745ms
[802.841s][info][gc,cpu         ] GC(2712) User=0.19s Sys=0.00s Real=0.10s
[802.965s][info][gc,start       ] GC(2713) Pause Young (Allocation Failure)
[803.085s][info][gc,heap        ] GC(2713) PSYoungGen: 194443K(222720K)->107019K(222720K) Eden: 111616K(111616K)->0K(111616K) From: 82827K(111104K)->107019K(111104K)
[803.085s][info][gc,heap        ] GC(2713) ParOldGen: 539596K(667648K)->539780K(667648K)
[803.085s][info][gc,metaspace   ] GC(2713) Metaspace: 19148K(19328K)->19148K(19328K) NonClass: 16483K(16576K)->16483K(16576K) Class: 2665K(2752K)->2665K(2752K)
[803.085s][info][gc             ] GC(2713) Pause Young (Allocation Failure) 716M->631M(869M) 119.312ms
[803.085s][info][gc,cpu         ] GC(2713) User=0.23s Sys=0.01s Real=0.12s
[803.220s][info][gc,start       ] GC(2714) Pause Young (Allocation Failure)
[803.347s][info][gc,heap        ] GC(2714) PSYoungGen: 218635K(222720K)->97803K(222720K) Eden: 111616K(111616K)->0K(111616K) From: 107019K(111104K)->97803K(111104K)
[803.347s][info][gc,heap        ] GC(2714) ParOldGen: 539780K(667648K)->565628K(667648K)
[803.347s][info][gc,metaspace   ] GC(2714) Metaspace: 19148K(19328K)->19148K(19328K) NonClass: 16483K(16576K)->16483K(16576K) Class: 2665K(2752K)->2665K(2752K)
[803.347s][info][gc             ] GC(2714) Pause Young (Allocation Failure) 740M->647M(869M) 126.814ms
[803.347s][info][gc,cpu         ] GC(2714) User=0.26s Sys=0.00s Real=0.13s
[803.434s][info][gc,start       ] GC(2715) Pause Young (Allocation Failure)
[803.533s][info][gc,heap        ] GC(2715) PSYoungGen: 209419K(222720K)->68768K(222720K) Eden: 111616K(111616K)->0K(111616K) From: 97803K(111104K)->68768K(111104K)
[803.534s][info][gc,heap        ] GC(2715) ParOldGen: 565628K(667648K)->595407K(667648K)
[803.534s][info][gc,metaspace   ] GC(2715) Metaspace: 19148K(19328K)->19148K(19328K) NonClass: 16483K(16576K)->16483K(16576K) Class: 2665K(2752K)->2665K(2752K)
[803.534s][info][gc             ] GC(2715) Pause Young (Allocation Failure) 756M->648M(869M) 99.382ms
[803.534s][info][gc,cpu         ] GC(2715) User=0.19s Sys=0.00s Real=0.10s
[803.656s][info][gc,start       ] GC(2716) Pause Young (Allocation Failure)
[803.723s][info][gc,heap        ] GC(2716) PSYoungGen: 180384K(222720K)->67088K(222720K) Eden: 111616K(111616K)->0K(111616K) From: 68768K(111104K)->67088K(111104K)
[803.723s][info][gc,heap        ] GC(2716) ParOldGen: 595407K(667648K)->598943K(667648K)
[803.723s][info][gc,metaspace   ] GC(2716) Metaspace: 19148K(19328K)->19148K(19328K) NonClass: 16483K(16576K)->16483K(16576K) Class: 2665K(2752K)->2665K(2752K)
[803.723s][info][gc             ] GC(2716) Pause Young (Allocation Failure) 757M->650M(869M) 66.928ms
[803.723s][info][gc,cpu         ] GC(2716) User=0.13s Sys=0.00s Real=0.07s
[803.842s][info][gc,start       ] GC(2717) Pause Young (Allocation Failure)
[803.909s][info][gc,heap        ] GC(2717) PSYoungGen: 178704K(222720K)->47776K(222720K) Eden: 111616K(111616K)->0K(111616K) From: 67088K(111104K)->47776K(111104K)
[803.909s][info][gc,heap        ] GC(2717) ParOldGen: 598943K(667648K)->622512K(667648K)
[803.909s][info][gc,metaspace   ] GC(2717) Metaspace: 19148K(19328K)->19148K(19328K) NonClass: 16483K(16576K)->16483K(16576K) Class: 2665K(2752K)->2665K(2752K)
[803.910s][info][gc             ] GC(2717) Pause Young (Allocation Failure) 759M->654M(869M) 67.037ms
[803.910s][info][gc,cpu         ] GC(2717) User=0.13s Sys=0.00s Real=0.06s
[804.014s][info][gc,start       ] GC(2718) Pause Young (Allocation Failure)
[804.059s][info][gc,heap        ] GC(2718) PSYoungGen: 159392K(222720K)->47808K(222720K) Eden: 111616K(111616K)->0K(111616K) From: 47776K(111104K)->47808K(111104K)
[804.059s][info][gc,heap        ] GC(2718) ParOldGen: 622512K(667648K)->622544K(667648K)
[804.059s][info][gc,metaspace   ] GC(2718) Metaspace: 19148K(19328K)->19148K(19328K) NonClass: 16483K(16576K)->16483K(16576K) Class: 2665K(2752K)->2665K(2752K)
[804.059s][info][gc             ] GC(2718) Pause Young (Allocation Failure) 763M->654M(869M) 45.345ms
[804.059s][info][gc,cpu         ] GC(2718) User=0.09s Sys=0.00s Real=0.04s
[804.157s][info][gc,start       ] GC(2719) Pause Young (Allocation Failure)
[804.202s][info][gc,heap        ] GC(2719) PSYoungGen: 159424K(222720K)->23360K(222720K) Eden: 111616K(111616K)->0K(111616K) From: 47808K(111104K)->23360K(111104K)
[804.202s][info][gc,heap        ] GC(2719) ParOldGen: 622544K(667648K)->647040K(667648K)
[804.202s][info][gc,metaspace   ] GC(2719) Metaspace: 19148K(19328K)->19148K(19328K) NonClass: 16483K(16576K)->16483K(16576K) Class: 2665K(2752K)->2665K(2752K)
[804.202s][info][gc             ] GC(2719) Pause Young (Allocation Failure) 763M->654M(869M) 44.700ms
[804.202s][info][gc,cpu         ] GC(2719) User=0.09s Sys=0.00s Real=0.05s
[804.352s][info][gc,start       ] GC(2720) Pause Full (Allocation Failure)
[804.352s][info][gc,phases,start] GC(2720) Marking Phase
[804.603s][info][gc,phases      ] GC(2720) Marking Phase 251.485ms
[804.603s][info][gc,phases,start] GC(2720) Summary Phase
[804.603s][info][gc,phases      ] GC(2720) Summary Phase 0.025ms
[804.603s][info][gc,phases,start] GC(2720) Forward
[804.724s][info][gc,phases      ] GC(2720) Forward 120.499ms
[804.724s][info][gc,phases,start] GC(2720) Adjust Pointers
[804.918s][info][gc,phases      ] GC(2720) Adjust Pointers 194.337ms
[804.918s][info][gc,phases,start] GC(2720) Compaction Phase
[805.033s][info][gc,phases      ] GC(2720) Compaction Phase 114.515ms
[805.045s][info][gc,phases,start] GC(2720) Post Compact
[805.047s][info][gc,phases      ] GC(2720) Post Compact 2.278ms
[805.047s][info][gc,heap        ] GC(2720) PSYoungGen: 134976K(222720K)->0K(222720K) Eden: 111616K(111616K)->0K(111616K) From: 23360K(111104K)->0K(111104K)
[805.047s][info][gc,heap        ] GC(2720) ParOldGen: 647040K(667648K)->366218K(667648K)
[805.047s][info][gc,metaspace   ] GC(2720) Metaspace: 19148K(19328K)->19148K(19328K) NonClass: 16483K(16576K)->16483K(16576K) Class: 2665K(2752K)->2665K(2752K)
[805.047s][info][gc             ] GC(2720) Pause Full (Allocation Failure) 763M->357M(869M) 695.398ms
[805.047s][info][gc,cpu         ] GC(2720) User=1.24s Sys=0.00s Real=0.69s
[805.241s][info][gc,start       ] GC(2721) Pause Young (Allocation Failure)
[805.245s][info][gc,heap        ] GC(2721) PSYoungGen: 111616K(222720K)->2976K(222720K) Eden: 111616K(111616K)->0K(111616K) From: 0K(111104K)->2976K(111104K)
[805.245s][info][gc,heap        ] GC(2721) ParOldGen: 366218K(667648K)->366218K(667648K)
[805.245s][info][gc,metaspace   ] GC(2721) Metaspace: 19148K(19328K)->19148K(19328K) NonClass: 16483K(16576K)->16483K(16576K) Class: 2665K(2752K)->2665K(2752K)
[805.245s][info][gc             ] GC(2721) Pause Young (Allocation Failure) 466M->360M(869M) 4.425ms
[805.245s][info][gc,cpu         ] GC(2721) User=0.01s Sys=0.00s Real=0.00s
[805.571s][info][gc,start       ] GC(2722) Pause Young (Allocation Failure)
[805.575s][info][gc,heap        ] GC(2722) PSYoungGen: 114592K(222720K)->3168K(222720K) Eden: 111616K(111616K)->0K(111616K) From: 2976K(111104K)->3168K(111104K)
[805.576s][info][gc,heap        ] GC(2722) ParOldGen: 366218K(667648K)->366218K(667648K)
[805.576s][info][gc,metaspace   ] GC(2722) Metaspace: 19148K(19328K)->19148K(19328K) NonClass: 16483K(16576K)->16483K(16576K) Class: 2665K(2752K)->2665K(2752K)
[805.576s][info][gc             ] GC(2722) Pause Young (Allocation Failure) 469M->360M(869M) 4.632ms
[805.576s][info][gc,cpu         ] GC(2722) User=0.01s Sys=0.00s Real=0.00s
[805.818s][info][gc,start       ] GC(2723) Pause Young (Allocation Failure)
[805.823s][info][gc,heap        ] GC(2723) PSYoungGen: 114784K(222720K)->3216K(222720K) Eden: 111616K(111616K)->0K(111616K) From: 3168K(111104K)->3216K(111104K)
[805.823s][info][gc,heap        ] GC(2723) ParOldGen: 366218K(667648K)->366218K(667648K)
[805.823s][info][gc,metaspace   ] GC(2723) Metaspace: 19148K(19328K)->19148K(19328K) NonClass: 16483K(16576K)->16483K(16576K) Class: 2665K(2752K)->2665K(2752K)
[805.823s][info][gc             ] GC(2723) Pause Young (Allocation Failure) 469M->360M(869M) 4.944ms
[805.823s][info][gc,cpu         ] GC(2723) User=0.01s Sys=0.00s Real=0.01s
[806.081s][info][gc,start       ] GC(2724) Pause Young (Allocation Failure)
[806.087s][info][gc,heap        ] GC(2724) PSYoungGen: 114832K(222720K)->656K(222720K) Eden: 111616K(111616K)->0K(111616K) From: 3216K(111104K)->656K(111104K)
[806.087s][info][gc,heap        ] GC(2724) ParOldGen: 366218K(667648K)->369226K(667648K)
[806.087s][info][gc,metaspace   ] GC(2724) Metaspace: 19148K(19328K)->19148K(19328K) NonClass: 16483K(16576K)->16483K(16576K) Class: 2665K(2752K)->2665K(2752K)
[806.087s][info][gc             ] GC(2724) Pause Young (Allocation Failure) 469M->361M(869M) 5.645ms
[806.087s][info][gc,cpu         ] GC(2724) User=0.01s Sys=0.00s Real=0.00s
[806.279s][info][gc,start       ] GC(2725) Pause Young (Allocation Failure)
[806.284s][info][gc,heap        ] GC(2725) PSYoungGen: 112272K(222720K)->2272K(222720K) Eden: 111616K(111616K)->0K(111616K) From: 656K(111104K)->2272K(111104K)
[806.284s][info][gc,heap        ] GC(2725) ParOldGen: 369226K(667648K)->369578K(667648K)
[806.284s][info][gc,metaspace   ] GC(2725) Metaspace: 19148K(19328K)->19148K(19328K) NonClass: 16483K(16576K)->16483K(16576K) Class: 2665K(2752K)->2665K(2752K)
[806.284s][info][gc             ] GC(2725) Pause Young (Allocation Failure) 470M->363M(869M) 4.598ms
[806.284s][info][gc,cpu         ] GC(2725) User=0.00s Sys=0.00s Real=0.01s
[806.378s][info][gc,start       ] GC(2726) Pause Young (Allocation Failure)
[806.410s][info][gc,heap        ] GC(2726) PSYoungGen: 113888K(222720K)->40496K(222720K) Eden: 111616K(111616K)->0K(111616K) From: 2272K(111104K)->40496K(111104K)
[806.410s][info][gc,heap        ] GC(2726) ParOldGen: 369578K(667648K)->371810K(667648K)
[806.411s][info][gc,metaspace   ] GC(2726) Metaspace: 19148K(19328K)->19148K(19328K) NonClass: 16483K(16576K)->16483K(16576K) Class: 2665K(2752K)->2665K(2752K)
[806.411s][info][gc             ] GC(2726) Pause Young (Allocation Failure) 472M->402M(869M) 32.807ms
[806.411s][info][gc,cpu         ] GC(2726) User=0.07s Sys=0.00s Real=0.04s
[806.471s][info][gc,start       ] GC(2727) Pause Young (Allocation Failure)
[806.524s][info][gc,heap        ] GC(2727) PSYoungGen: 152112K(222720K)->42592K(222720K) Eden: 111616K(111616K)->0K(111616K) From: 40496K(111104K)->42592K(111104K)
[806.524s][info][gc,heap        ] GC(2727) ParOldGen: 371810K(667648K)->412739K(667648K)
[806.524s][info][gc,metaspace   ] GC(2727) Metaspace: 19148K(19328K)->19148K(19328K) NonClass: 16483K(16576K)->16483K(16576K) Class: 2665K(2752K)->2665K(2752K)
[806.524s][info][gc             ] GC(2727) Pause Young (Allocation Failure) 511M->444M(869M) 53.501ms
[806.524s][info][gc,cpu         ] GC(2727) User=0.11s Sys=0.00s Real=0.05s
[806.586s][info][gc,start       ] GC(2728) Pause Young (Allocation Failure)
[806.640s][info][gc,heap        ] GC(2728) PSYoungGen: 154208K(222720K)->41056K(153088K) Eden: 111616K(111616K)->0K(111616K) From: 42592K(111104K)->41056K(41472K)
[806.640s][info][gc,heap        ] GC(2728) ParOldGen: 412739K(667648K)->455767K(667648K)
[806.640s][info][gc,metaspace   ] GC(2728) Metaspace: 19148K(19328K)->19148K(19328K) NonClass: 16483K(16576K)->16483K(16576K) Class: 2665K(2752K)->2665K(2752K)
[806.640s][info][gc             ] GC(2728) Pause Young (Allocation Failure) 553M->485M(801M) 54.045ms
[806.640s][info][gc,cpu         ] GC(2728) User=0.11s Sys=0.00s Real=0.06s
[806.850s][info][gc,start       ] GC(2729) Pause Young (Allocation Failure)
[806.898s][info][gc,heap        ] GC(2729) PSYoungGen: 152672K(153088K)->68278K(212480K) Eden: 111616K(111616K)->0K(107008K) From: 41056K(41472K)->68278K(105472K)
[806.898s][info][gc,heap        ] GC(2729) ParOldGen: 455767K(667648K)->455767K(667648K)
[806.898s][info][gc,metaspace   ] GC(2729) Metaspace: 19148K(19328K)->19148K(19328K) NonClass: 16483K(16576K)->16483K(16576K) Class: 2665K(2752K)->2665K(2752K)
[806.898s][info][gc             ] GC(2729) Pause Young (Allocation Failure) 594M->511M(859M) 47.154ms
[806.898s][info][gc,cpu         ] GC(2729) User=0.09s Sys=0.00s Real=0.04s
[806.962s][info][gc,start       ] GC(2730) Pause Young (Allocation Failure)
[807.039s][info][gc,heap        ] GC(2730) PSYoungGen: 175286K(212480K)->110070K(217088K) Eden: 107008K(107008K)->0K(107008K) From: 68278K(105472K)->110070K(110080K)
[807.039s][info][gc,heap        ] GC(2730) ParOldGen: 455767K(667648K)->457855K(667648K)
[807.039s][info][gc,metaspace   ] GC(2730) Metaspace: 19148K(19328K)->19148K(19328K) NonClass: 16483K(16576K)->16483K(16576K) Class: 2665K(2752K)->2665K(2752K)
[807.039s][info][gc             ] GC(2730) Pause Young (Allocation Failure) 616M->554M(864M) 76.612ms
[807.039s][info][gc,cpu         ] GC(2730) User=0.15s Sys=0.00s Real=0.07s
[807.215s][info][gc,start       ] GC(2731) Pause Young (Allocation Failure)
[807.298s][info][gc,heap        ] GC(2731) PSYoungGen: 217078K(217088K)->49184K(222720K) Eden: 107008K(107008K)->0K(111616K) From: 110070K(110080K)->49184K(111104K)
[807.298s][info][gc,heap        ] GC(2731) ParOldGen: 457855K(667648K)->526794K(667648K)
[807.298s][info][gc,metaspace   ] GC(2731) Metaspace: 19148K(19328K)->19148K(19328K) NonClass: 16483K(16576K)->16483K(16576K) Class: 2665K(2752K)->2665K(2752K)
[807.298s][info][gc             ] GC(2731) Pause Young (Allocation Failure) 659M->562M(869M) 83.059ms
[807.298s][info][gc,cpu         ] GC(2731) User=0.16s Sys=0.00s Real=0.08s
[807.397s][info][gc,start       ] GC(2732) Pause Young (Allocation Failure)
[807.465s][info][gc,heap        ] GC(2732) PSYoungGen: 160800K(222720K)->13408K(222720K) Eden: 111616K(111616K)->0K(111616K) From: 49184K(111104K)->13408K(111104K)
[807.465s][info][gc,heap        ] GC(2732) ParOldGen: 526794K(667648K)->576130K(667648K)
[807.465s][info][gc,metaspace   ] GC(2732) Metaspace: 19148K(19328K)->19148K(19328K) NonClass: 16483K(16576K)->16483K(16576K) Class: 2665K(2752K)->2665K(2752K)
[807.465s][info][gc             ] GC(2732) Pause Young (Allocation Failure) 671M->575M(869M) 68.215ms
[807.465s][info][gc,cpu         ] GC(2732) User=0.13s Sys=0.00s Real=0.07s
[807.598s][info][gc,start       ] GC(2733) Pause Young (Allocation Failure)
[807.644s][info][gc,heap        ] GC(2733) PSYoungGen: 125024K(222720K)->11011K(222720K) Eden: 111616K(111616K)->0K(111616K) From: 13408K(111104K)->11011K(111104K)
[807.644s][info][gc,heap        ] GC(2733) ParOldGen: 576130K(667648K)->589538K(667648K)
[807.644s][info][gc,metaspace   ] GC(2733) Metaspace: 19148K(19328K)->19148K(19328K) NonClass: 16483K(16576K)->16483K(16576K) Class: 2665K(2752K)->2665K(2752K)
[807.644s][info][gc             ] GC(2733) Pause Young (Allocation Failure) 684M->586M(869M) 46.572ms
[807.644s][info][gc,cpu         ] GC(2733) User=0.09s Sys=0.00s Real=0.05s
[807.794s][info][gc,start       ] GC(2734) Pause Young (Allocation Failure)
[807.842s][info][gc,heap        ] GC(2734) PSYoungGen: 122627K(222720K)->17216K(222720K) Eden: 111616K(111616K)->0K(111616K) From: 11011K(111104K)->17216K(111104K)
[807.842s][info][gc,heap        ] GC(2734) ParOldGen: 589538K(667648K)->600014K(667648K)
[807.842s][info][gc,metaspace   ] GC(2734) Metaspace: 19148K(19328K)->19148K(19328K) NonClass: 16483K(16576K)->16483K(16576K) Class: 2665K(2752K)->2665K(2752K)
[807.842s][info][gc             ] GC(2734) Pause Young (Allocation Failure) 695M->602M(869M) 48.430ms
[807.843s][info][gc,cpu         ] GC(2734) User=0.09s Sys=0.00s Real=0.05s
[807.993s][info][gc,start       ] GC(2735) Pause Young (Allocation Failure)
[808.018s][info][gc,heap        ] GC(2735) PSYoungGen: 128832K(222720K)->32K(222720K) Eden: 111616K(111616K)->0K(111616K) From: 17216K(111104K)->32K(111104K)
[808.018s][info][gc,heap        ] GC(2735) ParOldGen: 600014K(667648K)->617230K(667648K)
[808.018s][info][gc,metaspace   ] GC(2735) Metaspace: 19148K(19328K)->19148K(19328K) NonClass: 16483K(16576K)->16483K(16576K) Class: 2665K(2752K)->2665K(2752K)
[808.018s][info][gc             ] GC(2735) Pause Young (Allocation Failure) 711M->602M(869M) 25.130ms
[808.018s][info][gc,cpu         ] GC(2735) User=0.05s Sys=0.00s Real=0.02s
[808.173s][info][gc,start       ] GC(2736) Pause Full (Allocation Failure)
[808.173s][info][gc,phases,start] GC(2736) Marking Phase
[808.463s][info][gc,phases      ] GC(2736) Marking Phase 289.606ms
[808.463s][info][gc,phases,start] GC(2736) Summary Phase
[808.463s][info][gc,phases      ] GC(2736) Summary Phase 0.025ms
[808.463s][info][gc,phases,start] GC(2736) Forward
[808.572s][info][gc,phases      ] GC(2736) Forward 109.489ms
[808.573s][info][gc,phases,start] GC(2736) Adjust Pointers
[808.819s][info][gc,phases      ] GC(2736) Adjust Pointers 246.622ms
[808.819s][info][gc,phases,start] GC(2736) Compaction Phase
[808.960s][info][gc,phases      ] GC(2736) Compaction Phase 140.603ms
[808.975s][info][gc,phases,start] GC(2736) Post Compact
[808.977s][info][gc,phases      ] GC(2736) Post Compact 2.152ms
[808.977s][info][gc,heap        ] GC(2736) PSYoungGen: 111648K(222720K)->0K(222720K) Eden: 111616K(111616K)->0K(111616K) From: 32K(111104K)->0K(111104K)
[808.977s][info][gc,heap        ] GC(2736) ParOldGen: 617230K(667648K)->459114K(667648K)
[808.977s][info][gc,metaspace   ] GC(2736) Metaspace: 19148K(19328K)->19148K(19328K) NonClass: 16483K(16576K)->16483K(16576K) Class: 2665K(2752K)->2665K(2752K)
[808.977s][info][gc             ] GC(2736) Pause Full (Allocation Failure) 711M->448M(869M) 803.867ms
[808.977s][info][gc,cpu         ] GC(2736) User=1.51s Sys=0.00s Real=0.80s
[809.132s][info][gc,start       ] GC(2737) Pause Young (Allocation Failure)
[809.133s][info][gc,heap        ] GC(2737) PSYoungGen: 111616K(222720K)->64K(222720K) Eden: 111616K(111616K)->0K(111616K) From: 0K(111104K)->64K(111104K)
[809.133s][info][gc,heap        ] GC(2737) ParOldGen: 459114K(667648K)->459114K(667648K)
[809.133s][info][gc,metaspace   ] GC(2737) Metaspace: 19148K(19328K)->19148K(19328K) NonClass: 16483K(16576K)->16483K(16576K) Class: 2665K(2752K)->2665K(2752K)
[809.133s][info][gc             ] GC(2737) Pause Young (Allocation Failure) 557M->448M(869M) 1.521ms
[809.133s][info][gc,cpu         ] GC(2737) User=0.01s Sys=0.00s Real=0.00s
[809.282s][info][gc,start       ] GC(2738) Pause Young (Allocation Failure)
[809.284s][info][gc,heap        ] GC(2738) PSYoungGen: 111680K(222720K)->64K(112128K) Eden: 111616K(111616K)->0K(111616K) From: 64K(111104K)->64K(512K)
[809.284s][info][gc,heap        ] GC(2738) ParOldGen: 459114K(667648K)->459122K(667648K)
[809.284s][info][gc,metaspace   ] GC(2738) Metaspace: 19148K(19328K)->19148K(19328K) NonClass: 16483K(16576K)->16483K(16576K) Class: 2665K(2752K)->2665K(2752K)
[809.284s][info][gc             ] GC(2738) Pause Young (Allocation Failure) 557M->448M(761M) 1.509ms
[809.284s][info][gc,cpu         ] GC(2738) User=0.00s Sys=0.00s Real=0.00s
[809.432s][info][gc,start       ] GC(2739) Pause Young (Allocation Failure)
[809.434s][info][gc,heap        ] GC(2739) PSYoungGen: 111680K(112128K)->64K(223744K) Eden: 111616K(111616K)->0K(114688K) From: 64K(512K)->64K(109056K)
[809.434s][info][gc,heap        ] GC(2739) ParOldGen: 459122K(667648K)->459122K(667648K)
[809.434s][info][gc,metaspace   ] GC(2739) Metaspace: 19148K(19328K)->19148K(19328K) NonClass: 16483K(16576K)->16483K(16576K) Class: 2665K(2752K)->2665K(2752K)
[809.434s][info][gc             ] GC(2739) Pause Young (Allocation Failure) 557M->448M(870M) 1.602ms
[809.434s][info][gc,cpu         ] GC(2739) User=0.00s Sys=0.00s Real=0.00s
[809.584s][info][gc,start       ] GC(2740) Pause Young (Allocation Failure)
[809.585s][info][gc,heap        ] GC(2740) PSYoungGen: 114752K(223744K)->64K(220672K) Eden: 114688K(114688K)->0K(114688K) From: 64K(109056K)->64K(105984K)
[809.585s][info][gc,heap        ] GC(2740) ParOldGen: 459122K(667648K)->459122K(667648K)
[809.585s][info][gc,metaspace   ] GC(2740) Metaspace: 19148K(19328K)->19148K(19328K) NonClass: 16483K(16576K)->16483K(16576K) Class: 2665K(2752K)->2665K(2752K)
[809.585s][info][gc             ] GC(2740) Pause Young (Allocation Failure) 560M->448M(867M) 1.617ms
[809.585s][info][gc,cpu         ] GC(2740) User=0.00s Sys=0.00s Real=0.00s
[809.738s][info][gc,start       ] GC(2741) Pause Young (Allocation Failure)
[809.740s][info][gc,heap        ] GC(2741) PSYoungGen: 114752K(220672K)->64K(214016K) Eden: 114688K(114688K)->0K(119296K) From: 64K(105984K)->64K(94720K)
[809.740s][info][gc,heap        ] GC(2741) ParOldGen: 459122K(667648K)->459122K(667648K)
[809.740s][info][gc,metaspace   ] GC(2741) Metaspace: 19148K(19328K)->19148K(19328K) NonClass: 16483K(16576K)->16483K(16576K) Class: 2665K(2752K)->2665K(2752K)
[809.740s][info][gc             ] GC(2741) Pause Young (Allocation Failure) 560M->448M(861M) 2.080ms
[809.740s][info][gc,cpu         ] GC(2741) User=0.01s Sys=0.00s Real=0.01s
[809.883s][info][gc,start       ] GC(2742) Pause Young (Allocation Failure)
[809.894s][info][gc,heap        ] GC(2742) PSYoungGen: 119360K(214016K)->8544K(128000K) Eden: 119296K(119296K)->0K(119296K) From: 64K(94720K)->8544K(8704K)
[809.894s][info][gc,heap        ] GC(2742) ParOldGen: 459122K(667648K)->459122K(667648K)
[809.894s][info][gc,metaspace   ] GC(2742) Metaspace: 19148K(19328K)->19148K(19328K) NonClass: 16483K(16576K)->16483K(16576K) Class: 2665K(2752K)->2665K(2752K)
[809.894s][info][gc             ] GC(2742) Pause Young (Allocation Failure) 564M->456M(777M) 11.637ms
[809.894s][info][gc,cpu         ] GC(2742) User=0.02s Sys=0.00s Real=0.01s
[810.011s][info][gc,start       ] GC(2743) Pause Young (Allocation Failure)
[810.036s][info][gc,heap        ] GC(2743) PSYoungGen: 127840K(128000K)->23808K(208384K) Eden: 119296K(119296K)->0K(125440K) From: 8544K(8704K)->23808K(82944K)
[810.037s][info][gc,heap        ] GC(2743) ParOldGen: 459122K(667648K)->459122K(667648K)
[810.037s][info][gc,metaspace   ] GC(2743) Metaspace: 19148K(19328K)->19148K(19328K) NonClass: 16483K(16576K)->16483K(16576K) Class: 2665K(2752K)->2665K(2752K)
[810.037s][info][gc             ] GC(2743) Pause Young (Allocation Failure) 573M->471M(855M) 25.524ms
[810.037s][info][gc,cpu         ] GC(2743) User=0.05s Sys=0.00s Real=0.02s
[810.136s][info][gc,start       ] GC(2744) Pause Young (Allocation Failure)
[810.167s][info][gc,heap        ] GC(2744) PSYoungGen: 149248K(208384K)->31040K(212480K) Eden: 125440K(125440K)->0K(125440K) From: 23808K(82944K)->31040K(87040K)
[810.167s][info][gc,heap        ] GC(2744) ParOldGen: 459122K(667648K)->459122K(667648K)
[810.167s][info][gc,metaspace   ] GC(2744) Metaspace: 19148K(19328K)->19148K(19328K) NonClass: 16483K(16576K)->16483K(16576K) Class: 2665K(2752K)->2665K(2752K)
[810.167s][info][gc             ] GC(2744) Pause Young (Allocation Failure) 594M->478M(859M) 30.636ms
[810.167s][info][gc,cpu         ] GC(2744) User=0.06s Sys=0.00s Real=0.03s
[810.280s][info][gc,start       ] GC(2745) Pause Young (Allocation Failure)
[810.311s][info][gc,heap        ] GC(2745) PSYoungGen: 156480K(212480K)->31424K(214528K) Eden: 125440K(125440K)->0K(134144K) From: 31040K(87040K)->31424K(80384K)
[810.311s][info][gc,heap        ] GC(2745) ParOldGen: 459122K(667648K)->459122K(667648K)
[810.311s][info][gc,metaspace   ] GC(2745) Metaspace: 19148K(19328K)->19148K(19328K) NonClass: 16483K(16576K)->16483K(16576K) Class: 2665K(2752K)->2665K(2752K)
[810.311s][info][gc             ] GC(2745) Pause Young (Allocation Failure) 601M->479M(861M) 30.996ms
[810.311s][info][gc,cpu         ] GC(2745) User=0.06s Sys=0.00s Real=0.03s
[810.444s][info][gc,start       ] GC(2746) Pause Young (Allocation Failure)
[810.475s][info][gc,heap        ] GC(2746) PSYoungGen: 165568K(214528K)->32832K(216064K) Eden: 134144K(134144K)->0K(134144K) From: 31424K(80384K)->32832K(81920K)
[810.475s][info][gc,heap        ] GC(2746) ParOldGen: 459122K(667648K)->459122K(667648K)
[810.475s][info][gc,metaspace   ] GC(2746) Metaspace: 19148K(19328K)->19148K(19328K) NonClass: 16483K(16576K)->16483K(16576K) Class: 2665K(2752K)->2665K(2752K)
[810.475s][info][gc             ] GC(2746) Pause Young (Allocation Failure) 610M->480M(863M) 31.651ms
[810.475s][info][gc,cpu         ] GC(2746) User=0.06s Sys=0.00s Real=0.03s
[810.620s][info][gc,start       ] GC(2747) Pause Young (Allocation Failure)
[810.658s][info][gc,heap        ] GC(2747) PSYoungGen: 166976K(216064K)->40928K(222720K) Eden: 134144K(134144K)->0K(142848K) From: 32832K(81920K)->40928K(79872K)
[810.659s][info][gc,heap        ] GC(2747) ParOldGen: 459122K(667648K)->459122K(667648K)
[810.659s][info][gc,metaspace   ] GC(2747) Metaspace: 19148K(19328K)->19148K(19328K) NonClass: 16483K(16576K)->16483K(16576K) Class: 2665K(2752K)->2665K(2752K)
[810.659s][info][gc             ] GC(2747) Pause Young (Allocation Failure) 611M->488M(869M) 38.844ms
[810.659s][info][gc,cpu         ] GC(2747) User=0.07s Sys=0.00s Real=0.04s
[810.939s][info][gc,start       ] GC(2748) Pause Young (Allocation Failure)
[810.977s][info][gc,heap        ] GC(2748) PSYoungGen: 183776K(222720K)->40992K(223744K) Eden: 142848K(142848K)->0K(142848K) From: 40928K(79872K)->40992K(80896K)
[810.977s][info][gc,heap        ] GC(2748) ParOldGen: 459122K(667648K)->459122K(667648K)
[810.977s][info][gc,metaspace   ] GC(2748) Metaspace: 19148K(19328K)->19148K(19328K) NonClass: 16483K(16576K)->16483K(16576K) Class: 2665K(2752K)->2665K(2752K)
[810.977s][info][gc             ] GC(2748) Pause Young (Allocation Failure) 627M->488M(870M) 38.583ms
[810.977s][info][gc,cpu         ] GC(2748) User=0.08s Sys=0.00s Real=0.04s
[811.230s][info][gc,start       ] GC(2749) Pause Young (Allocation Failure)
[811.268s][info][gc,heap        ] GC(2749) PSYoungGen: 183840K(223744K)->41088K(233472K) Eden: 142848K(142848K)->0K(152576K) From: 40992K(80896K)->41088K(80896K)
[811.268s][info][gc,heap        ] GC(2749) ParOldGen: 459122K(667648K)->459122K(667648K)
[811.268s][info][gc,metaspace   ] GC(2749) Metaspace: 19148K(19328K)->19148K(19328K) NonClass: 16483K(16576K)->16483K(16576K) Class: 2665K(2752K)->2665K(2752K)
[811.268s][info][gc             ] GC(2749) Pause Young (Allocation Failure) 627M->488M(880M) 38.194ms
[811.268s][info][gc,cpu         ] GC(2749) User=0.07s Sys=0.00s Real=0.03s
[811.530s][info][gc,start       ] GC(2750) Pause Young (Allocation Failure)
[811.569s][info][gc,heap        ] GC(2750) PSYoungGen: 193664K(233472K)->41088K(233984K) Eden: 152576K(152576K)->0K(152576K) From: 41088K(80896K)->41088K(81408K)
[811.569s][info][gc,heap        ] GC(2750) ParOldGen: 459122K(667648K)->459122K(667648K)
[811.569s][info][gc,metaspace   ] GC(2750) Metaspace: 19148K(19328K)->19148K(19328K) NonClass: 16483K(16576K)->16483K(16576K) Class: 2665K(2752K)->2665K(2752K)
[811.569s][info][gc             ] GC(2750) Pause Young (Allocation Failure) 637M->488M(880M) 39.788ms
[811.569s][info][gc,cpu         ] GC(2750) User=0.08s Sys=0.00s Real=0.04s
[811.782s][info][gc,start       ] GC(2751) Pause Young (Allocation Failure)
[811.832s][info][gc,heap        ] GC(2751) PSYoungGen: 193664K(233984K)->54144K(239616K) Eden: 152576K(152576K)->0K(158720K) From: 41088K(81408K)->54144K(80896K)
[811.832s][info][gc,heap        ] GC(2751) ParOldGen: 459122K(667648K)->459122K(667648K)
[811.832s][info][gc,metaspace   ] GC(2751) Metaspace: 19148K(19328K)->19148K(19328K) NonClass: 16483K(16576K)->16483K(16576K) Class: 2665K(2752K)->2665K(2752K)
[811.832s][info][gc             ] GC(2751) Pause Young (Allocation Failure) 637M->501M(886M) 50.339ms
[811.832s][info][gc,cpu         ] GC(2751) User=0.10s Sys=0.00s Real=0.05s
[812.015s][info][gc,start       ] GC(2752) Pause Young (Allocation Failure)
[812.070s][info][gc,heap        ] GC(2752) PSYoungGen: 212864K(239616K)->62128K(221184K) Eden: 158720K(158720K)->0K(158720K) From: 54144K(80896K)->62128K(62464K)
[812.070s][info][gc,heap        ] GC(2752) ParOldGen: 459122K(667648K)->459122K(667648K)
[812.070s][info][gc,metaspace   ] GC(2752) Metaspace: 19148K(19328K)->19148K(19328K) NonClass: 16483K(16576K)->16483K(16576K) Class: 2665K(2752K)->2665K(2752K)
[812.070s][info][gc             ] GC(2752) Pause Young (Allocation Failure) 656M->509M(868M) 55.251ms
[812.070s][info][gc,cpu         ] GC(2752) User=0.10s Sys=0.00s Real=0.05s
[812.197s][info][gc,start       ] GC(2753) Pause Young (Allocation Failure)
[812.312s][info][gc,heap        ] GC(2753) PSYoungGen: 220848K(221184K)->90592K(202240K) Eden: 158720K(158720K)->0K(111616K) From: 62128K(62464K)->90592K(90624K)
[812.312s][info][gc,heap        ] GC(2753) ParOldGen: 459122K(667648K)->476514K(667648K)
[812.312s][info][gc,metaspace   ] GC(2753) Metaspace: 19148K(19328K)->19148K(19328K) NonClass: 16483K(16576K)->16483K(16576K) Class: 2665K(2752K)->2665K(2752K)
[812.312s][info][gc             ] GC(2753) Pause Young (Allocation Failure) 664M->553M(849M) 114.938ms
[812.312s][info][gc,cpu         ] GC(2753) User=0.20s Sys=0.03s Real=0.12s
[812.490s][info][gc,start       ] GC(2754) Pause Young (Allocation Failure)
[812.582s][info][gc,heap        ] GC(2754) PSYoungGen: 202208K(202240K)->102368K(222720K) Eden: 111616K(111616K)->0K(111616K) From: 90592K(90624K)->102368K(111104K)
[812.582s][info][gc,heap        ] GC(2754) ParOldGen: 476514K(667648K)->476514K(667648K)
[812.582s][info][gc,metaspace   ] GC(2754) Metaspace: 19148K(19328K)->19148K(19328K) NonClass: 16483K(16576K)->16483K(16576K) Class: 2665K(2752K)->2665K(2752K)
[812.582s][info][gc             ] GC(2754) Pause Young (Allocation Failure) 662M->565M(869M) 91.938ms
[812.582s][info][gc,cpu         ] GC(2754) User=0.19s Sys=0.00s Real=0.10s
[812.727s][info][gc,start       ] GC(2755) Pause Young (Allocation Failure)
[812.825s][info][gc,heap        ] GC(2755) PSYoungGen: 213984K(222720K)->95280K(222720K) Eden: 111616K(111616K)->0K(111616K) From: 102368K(111104K)->95280K(111104K)
[812.825s][info][gc,heap        ] GC(2755) ParOldGen: 476514K(667648K)->485066K(667648K)
[812.825s][info][gc,metaspace   ] GC(2755) Metaspace: 19148K(19328K)->19148K(19328K) NonClass: 16483K(16576K)->16483K(16576K) Class: 2665K(2752K)->2665K(2752K)
[812.825s][info][gc             ] GC(2755) Pause Young (Allocation Failure) 674M->566M(869M) 97.838ms
[812.825s][info][gc,cpu         ] GC(2755) User=0.20s Sys=0.00s Real=0.10s
[812.976s][info][gc,start       ] GC(2756) Pause Young (Allocation Failure)
[813.069s][info][gc,heap        ] GC(2756) PSYoungGen: 206896K(222720K)->72800K(222720K) Eden: 111616K(111616K)->0K(111616K) From: 95280K(111104K)->72800K(111104K)
[813.069s][info][gc,heap        ] GC(2756) ParOldGen: 485066K(667648K)->507610K(667648K)
[813.069s][info][gc,metaspace   ] GC(2756) Metaspace: 19148K(19328K)->19148K(19328K) NonClass: 16483K(16576K)->16483K(16576K) Class: 2665K(2752K)->2665K(2752K)
[813.069s][info][gc             ] GC(2756) Pause Young (Allocation Failure) 675M->566M(869M) 92.816ms
[813.069s][info][gc,cpu         ] GC(2756) User=0.18s Sys=0.00s Real=0.09s
[813.219s][info][gc,start       ] GC(2757) Pause Young (Allocation Failure)
